[    0.000000] random 0000 0000 0000 00000000 00000000: rand_read_num 1 get_random_bytes(8): sig 00000000 00000000 00000000
[    0.000000] random 0000 0000 0000 00000000 00000000: extract_entropy(.. 8 ..)
[    0.000000] random 0000 0000 0000 00000000 00000000: going to reseed nonblocking with 64 bits (64 of 0 requested)
[    0.000000] random 0000 0000 0000 00000000 00000000: extract_entropy(.. 8 ..)
[    0.000000] random 0000 0000 0000 00000000 00000000: trying to extract 64 bits from input
[    0.000000] random 0000 0000 0000 00000000 00000000: debiting 0 entropy credits from input
[    0.000000] random 0000 0000 0000 00000000 00000000: extract_entropy account returned: 0 
[    0.000000] random 0000 0000 0000 00000000 00000000: urand_change_num 1 xfer_secondary_pool(8): pool_sig 00000000, data_sig 00000000, bytes_mixed 0 00000000 00000000
[    0.000000] random 0000 0000 0000 00000000 00000000: trying to extract 64 bits from nonblocking
[    0.000000] random 0000 0000 0000 00000000 00000000: debiting 64 entropy credits from nonblocking (unlimited)
[    0.000000] random 0000 0000 0000 00000000 00000000: extract_entropy account returned: 8 
[    0.000000] random 0000 0000 0000 00000000 00000000: urand_change_num 2 extract_buf: pool_sig 00000000, data_sig fffffff9, bytes_mixed 20 00000000 00000000
[    0.000000] Initializing cgroup subsys cpuset
[    0.000000] Initializing cgroup subsys cpu
[    0.000000] Linux version 2.6.32.57 (dcashman@ubuntu) (gcc version 4.6.3 (Ubuntu/Linaro 4.6.3-1ubuntu5) ) #4 SMP Fri May 24 11:09:26 PDT 2013
[    0.000000] KERNEL supported cpus:
[    0.000000]   Intel GenuineIntel
[    0.000000]   AMD AuthenticAMD
[    0.000000]   NSC Geode by NSC
[    0.000000]   Cyrix CyrixInstead
[    0.000000]   Centaur CentaurHauls
[    0.000000]   Transmeta GenuineTMx86
[    0.000000]   Transmeta TransmetaCPU
[    0.000000]   UMC UMC UMC UMC
[    0.000000] BIOS-provided physical RAM map:
[    0.000000]  BIOS-e820: 0000000000000000 - 000000000009f000 (usable)
[    0.000000]  BIOS-e820: 000000000009f000 - 00000000000a0000 (reserved)
[    0.000000]  BIOS-e820: 00000000000ca000 - 00000000000cc000 (reserved)
[    0.000000]  BIOS-e820: 00000000000dc000 - 0000000000100000 (reserved)
[    0.000000]  BIOS-e820: 0000000000100000 - 000000003fee0000 (usable)
[    0.000000]  BIOS-e820: 000000003fee0000 - 000000003feff000 (ACPI data)
[    0.000000]  BIOS-e820: 000000003feff000 - 000000003ff00000 (ACPI NVS)
[    0.000000]  BIOS-e820: 000000003ff00000 - 0000000040000000 (usable)
[    0.000000]  BIOS-e820: 00000000e0000000 - 00000000f0000000 (reserved)
[    0.000000]  BIOS-e820: 00000000fec00000 - 00000000fec10000 (reserved)
[    0.000000]  BIOS-e820: 00000000fee00000 - 00000000fee01000 (reserved)
[    0.000000]  BIOS-e820: 00000000fffe0000 - 0000000100000000 (reserved)
[    0.000000] DMI present.
[    0.000000] Phoenix BIOS detected: BIOS may corrupt low RAM, working around it.
[    0.000000] e820 update range: 0000000000000000 - 0000000000010000 (usable) ==> (reserved)
[    0.000000] last_pfn = 0x40000 max_arch_pfn = 0x1000000
[    0.000000] MTRR default type: uncachable
[    0.000000] MTRR fixed ranges enabled:
[    0.000000]   00000-9FFFF write-back
[    0.000000]   A0000-BFFFF uncachable
[    0.000000]   C0000-CBFFF write-protect
[    0.000000]   CC000-EFFFF uncachable
[    0.000000]   F0000-FFFFF write-protect
[    0.000000] MTRR variable ranges enabled:
[    0.000000]   0 base 0000000000 mask FFC0000000 write-back
[    0.000000]   1 disabled
[    0.000000]   2 disabled
[    0.000000]   3 disabled
[    0.000000]   4 disabled
[    0.000000]   5 disabled
[    0.000000]   6 disabled
[    0.000000]   7 disabled
[    0.000000] x86 PAT enabled: cpu 0, old 0x0, new 0x7010600070106
[    0.000000] Scanning 0 areas for low memory corruption
[    0.000000] modified physical RAM map:
[    0.000000]  modified: 0000000000000000 - 0000000000010000 (reserved)
[    0.000000]  modified: 0000000000010000 - 000000000009f000 (usable)
[    0.000000]  modified: 000000000009f000 - 00000000000a0000 (reserved)
[    0.000000]  modified: 00000000000ca000 - 00000000000cc000 (reserved)
[    0.000000]  modified: 00000000000dc000 - 0000000000100000 (reserved)
[    0.000000]  modified: 0000000000100000 - 000000003fee0000 (usable)
[    0.000000]  modified: 000000003fee0000 - 000000003feff000 (ACPI data)
[    0.000000]  modified: 000000003feff000 - 000000003ff00000 (ACPI NVS)
[    0.000000]  modified: 000000003ff00000 - 0000000040000000 (usable)
[    0.000000]  modified: 00000000e0000000 - 00000000f0000000 (reserved)
[    0.000000]  modified: 00000000fec00000 - 00000000fec10000 (reserved)
[    0.000000]  modified: 00000000fee00000 - 00000000fee01000 (reserved)
[    0.000000]  modified: 00000000fffe0000 - 0000000100000000 (reserved)
[    0.000000] initial memory mapped : 0 - 01e00000
[    0.000000] init_memory_mapping: 0000000000000000-00000000379fe000
[    0.000000] NX (Execute Disable) protection: active
[    0.000000]  0000000000 - 0000200000 page 4k
[    0.000000]  0000200000 - 0037800000 page 2M
[    0.000000]  0037800000 - 00379fe000 page 4k
[    0.000000] kernel direct mapping tables up to 379fe000 @ 10000-16000
[    0.000000] RAMDISK: 2dcfc000 - 32e758c3
[    0.000000] ACPI: RSDP 000f6b80 00024 (v02 PTLTD )
[    0.000000] ACPI: XSDT 3feed636 0005C (v01 INTEL  440BX    06040000 VMW  01324272)
[    0.000000] ACPI: FACP 3fefee98 000F4 (v04 INTEL  440BX    06040000 PTL  000F4240)
[    0.000000] ACPI: DSDT 3feee366 10B32 (v01 PTLTD  Custom   06040000 MSFT 03000001)
[    0.000000] ACPI: FACS 3fefffc0 00040
[    0.000000] ACPI: BOOT 3feee33e 00028 (v01 PTLTD  $SBFTBL$ 06040000  LTP 00000001)
[    0.000000] ACPI: APIC 3feedc3e 003C2 (v01 PTLTD  ? APIC   06040000  LTP 00000000)
[    0.000000] ACPI: MCFG 3feedc02 0003C (v01 PTLTD  $PCITBL$ 06040000  LTP 00000001)
[    0.000000] ACPI: SRAT 3feed732 004D0 (v02 VMWARE MEMPLUG  06040000 VMW  00000001)
[    0.000000] ACPI: HPET 3feed6fa 00038 (v01 VMWARE VMW HPET 06040000 VMW  00000001)
[    0.000000] ACPI: WAET 3feed6d2 00028 (v01 VMWARE VMW WAET 06040000 VMW  00000001)
[    0.000000] ACPI: Local APIC address 0xfee00000
[    0.000000] 134MB HIGHMEM available.
[    0.000000] 889MB LOWMEM available.
[    0.000000]   mapped low ram: 0 - 379fe000
[    0.000000]   low ram: 0 - 379fe000
[    0.000000]   node 0 low ram: 00000000 - 379fe000
[    0.000000]   node 0 bootmap 00012000 - 00018f40
[    0.000000] (9 early reservations) ==> bootmem [0000000000 - 00379fe000]
[    0.000000]   #0 [0000000000 - 0000001000]   BIOS data page ==> [0000000000 - 0000001000]
[    0.000000]   #1 [0000001000 - 0000002000]    EX TRAMPOLINE ==> [0000001000 - 0000002000]
[    0.000000]   #2 [0000006000 - 0000007000]       TRAMPOLINE ==> [0000006000 - 0000007000]
[    0.000000]   #3 [0001000000 - 0001a75ff8]    TEXT DATA BSS ==> [0001000000 - 0001a75ff8]
[    0.000000]   #4 [002dcfc000 - 0032e758c3]          RAMDISK ==> [002dcfc000 - 0032e758c3]
[    0.000000]   #5 [000009f000 - 0000100000]    BIOS reserved ==> [000009f000 - 0000100000]
[    0.000000]   #6 [0001a76000 - 0001a851c0]              BRK ==> [0001a76000 - 0001a851c0]
[    0.000000]   #7 [0000010000 - 0000012000]          PGTABLE ==> [0000010000 - 0000012000]
[    0.000000]   #8 [0000012000 - 0000019000]          BOOTMAP ==> [0000012000 - 0000019000]
[    0.000000] found SMP MP-table at [c00f6bf0] f6bf0
[    0.000000] Zone PFN ranges:
[    0.000000]   DMA      0x00000010 -> 0x00001000
[    0.000000]   Normal   0x00001000 -> 0x000379fe
[    0.000000]   HighMem  0x000379fe -> 0x00040000
[    0.000000] Movable zone start PFN for each node
[    0.000000] early_node_map[3] active PFN ranges
[    0.000000]     0: 0x00000010 -> 0x0000009f
[    0.000000]     0: 0x00000100 -> 0x0003fee0
[    0.000000]     0: 0x0003ff00 -> 0x00040000
[    0.000000] On node 0 totalpages: 261999
[    0.000000] free_area_init_node: node 0, pgdat c1715200, node_mem_map c1a87200
[    0.000000]   DMA zone: 32 pages used for memmap
[    0.000000]   DMA zone: 0 pages reserved
[    0.000000]   DMA zone: 3951 pages, LIFO batch:0
[    0.000000]   Normal zone: 1748 pages used for memmap
[    0.000000]   Normal zone: 221994 pages, LIFO batch:31
[    0.000000]   HighMem zone: 269 pages used for memmap
[    0.000000]   HighMem zone: 34005 pages, LIFO batch:7
[    0.000000] Using APIC driver default
[    0.000000] ACPI: PM-Timer IO Port: 0x1008
[    0.000000] ACPI: Local APIC address 0xfee00000
[    0.000000] ACPI: LAPIC (acpi_id[0x00] lapic_id[0x00] enabled)
[    0.000000] ACPI: LAPIC (acpi_id[0x01] lapic_id[0x02] disabled)
[    0.000000] ACPI: LAPIC (acpi_id[0x02] lapic_id[0x04] disabled)
[    0.000000] ACPI: LAPIC (acpi_id[0x03] lapic_id[0x06] disabled)
[    0.000000] ACPI: LAPIC (acpi_id[0x04] lapic_id[0x08] disabled)
[    0.000000] ACPI: LAPIC (acpi_id[0x05] lapic_id[0x0a] disabled)
[    0.000000] ACPI: LAPIC (acpi_id[0x06] lapic_id[0x0c] disabled)
[    0.000000] ACPI: LAPIC (acpi_id[0x07] lapic_id[0x0e] disabled)
[    0.000000] ACPI: LAPIC (acpi_id[0x08] lapic_id[0x10] disabled)
[    0.000000] ACPI: LAPIC (acpi_id[0x09] lapic_id[0x12] disabled)
[    0.000000] ACPI: LAPIC (acpi_id[0x0a] lapic_id[0x14] disabled)
[    0.000000] ACPI: LAPIC (acpi_id[0x0b] lapic_id[0x16] disabled)
[    0.000000] ACPI: LAPIC (acpi_id[0x0c] lapic_id[0x18] disabled)
[    0.000000] ACPI: LAPIC (acpi_id[0x0d] lapic_id[0x1a] disabled)
[    0.000000] ACPI: LAPIC (acpi_id[0x0e] lapic_id[0x1c] disabled)
[    0.000000] ACPI: LAPIC (acpi_id[0x0f] lapic_id[0x1e] disabled)
[    0.000000] ACPI: LAPIC (acpi_id[0x10] lapic_id[0x20] disabled)
[    0.000000] ACPI: LAPIC (acpi_id[0x11] lapic_id[0x22] disabled)
[    0.000000] ACPI: LAPIC (acpi_id[0x12] lapic_id[0x24] disabled)
[    0.000000] ACPI: LAPIC (acpi_id[0x13] lapic_id[0x26] disabled)
[    0.000000] ACPI: LAPIC (acpi_id[0x14] lapic_id[0x28] disabled)
[    0.000000] ACPI: LAPIC (acpi_id[0x15] lapic_id[0x2a] disabled)
[    0.000000] ACPI: LAPIC (acpi_id[0x16] lapic_id[0x2c] disabled)
[    0.000000] ACPI: LAPIC (acpi_id[0x17] lapic_id[0x2e] disabled)
[    0.000000] ACPI: LAPIC (acpi_id[0x18] lapic_id[0x30] disabled)
[    0.000000] ACPI: LAPIC (acpi_id[0x19] lapic_id[0x32] disabled)
[    0.000000] ACPI: LAPIC (acpi_id[0x1a] lapic_id[0x34] disabled)
[    0.000000] ACPI: LAPIC (acpi_id[0x1b] lapic_id[0x36] disabled)
[    0.000000] ACPI: LAPIC (acpi_id[0x1c] lapic_id[0x38] disabled)
[    0.000000] ACPI: LAPIC (acpi_id[0x1d] lapic_id[0x3a] disabled)
[    0.000000] ACPI: LAPIC (acpi_id[0x1e] lapic_id[0x3c] disabled)
[    0.000000] ACPI: LAPIC (acpi_id[0x1f] lapic_id[0x3e] disabled)
[    0.000000] ACPI: LAPIC (acpi_id[0x20] lapic_id[0x40] disabled)
[    0.000000] ACPI: LAPIC (acpi_id[0x21] lapic_id[0x42] disabled)
[    0.000000] ACPI: LAPIC (acpi_id[0x22] lapic_id[0x44] disabled)
[    0.000000] ACPI: LAPIC (acpi_id[0x23] lapic_id[0x46] disabled)
[    0.000000] ACPI: LAPIC (acpi_id[0x24] lapic_id[0x48] disabled)
[    0.000000] ACPI: LAPIC (acpi_id[0x25] lapic_id[0x4a] disabled)
[    0.000000] ACPI: LAPIC (acpi_id[0x26] lapic_id[0x4c] disabled)
[    0.000000] ACPI: LAPIC (acpi_id[0x27] lapic_id[0x4e] disabled)
[    0.000000] ACPI: LAPIC (acpi_id[0x28] lapic_id[0x50] disabled)
[    0.000000] ACPI: LAPIC (acpi_id[0x29] lapic_id[0x52] disabled)
[    0.000000] ACPI: LAPIC (acpi_id[0x2a] lapic_id[0x54] disabled)
[    0.000000] ACPI: LAPIC (acpi_id[0x2b] lapic_id[0x56] disabled)
[    0.000000] ACPI: LAPIC (acpi_id[0x2c] lapic_id[0x58] disabled)
[    0.000000] ACPI: LAPIC (acpi_id[0x2d] lapic_id[0x5a] disabled)
[    0.000000] ACPI: LAPIC (acpi_id[0x2e] lapic_id[0x5c] disabled)
[    0.000000] ACPI: LAPIC (acpi_id[0x2f] lapic_id[0x5e] disabled)
[    0.000000] ACPI: LAPIC (acpi_id[0x30] lapic_id[0x60] disabled)
[    0.000000] ACPI: LAPIC (acpi_id[0x31] lapic_id[0x62] disabled)
[    0.000000] ACPI: LAPIC (acpi_id[0x32] lapic_id[0x64] disabled)
[    0.000000] ACPI: LAPIC (acpi_id[0x33] lapic_id[0x66] disabled)
[    0.000000] ACPI: LAPIC (acpi_id[0x34] lapic_id[0x68] disabled)
[    0.000000] ACPI: LAPIC (acpi_id[0x35] lapic_id[0x6a] disabled)
[    0.000000] ACPI: LAPIC (acpi_id[0x36] lapic_id[0x6c] disabled)
[    0.000000] ACPI: LAPIC (acpi_id[0x37] lapic_id[0x6e] disabled)
[    0.000000] ACPI: LAPIC (acpi_id[0x38] lapic_id[0x70] disabled)
[    0.000000] ACPI: LAPIC (acpi_id[0x39] lapic_id[0x72] disabled)
[    0.000000] ACPI: LAPIC (acpi_id[0x3a] lapic_id[0x74] disabled)
[    0.000000] ACPI: LAPIC (acpi_id[0x3b] lapic_id[0x76] disabled)
[    0.000000] ACPI: LAPIC (acpi_id[0x3c] lapic_id[0x78] disabled)
[    0.000000] ACPI: LAPIC (acpi_id[0x3d] lapic_id[0x7a] disabled)
[    0.000000] ACPI: LAPIC (acpi_id[0x3e] lapic_id[0x7c] disabled)
[    0.000000] ACPI: LAPIC (acpi_id[0x3f] lapic_id[0x7e] disabled)
[    0.000000] ACPI: LAPIC_NMI (acpi_id[0x00] high edge lint[0x1])
[    0.000000] ACPI: LAPIC_NMI (acpi_id[0x01] high edge lint[0x1])
[    0.000000] ACPI: LAPIC_NMI (acpi_id[0x02] high edge lint[0x1])
[    0.000000] ACPI: LAPIC_NMI (acpi_id[0x03] high edge lint[0x1])
[    0.000000] ACPI: LAPIC_NMI (acpi_id[0x04] high edge lint[0x1])
[    0.000000] ACPI: LAPIC_NMI (acpi_id[0x05] high edge lint[0x1])
[    0.000000] ACPI: LAPIC_NMI (acpi_id[0x06] high edge lint[0x1])
[    0.000000] ACPI: LAPIC_NMI (acpi_id[0x07] high edge lint[0x1])
[    0.000000] ACPI: LAPIC_NMI (acpi_id[0x08] high edge lint[0x1])
[    0.000000] ACPI: LAPIC_NMI (acpi_id[0x09] high edge lint[0x1])
[    0.000000] ACPI: LAPIC_NMI (acpi_id[0x0a] high edge lint[0x1])
[    0.000000] ACPI: LAPIC_NMI (acpi_id[0x0b] high edge lint[0x1])
[    0.000000] ACPI: LAPIC_NMI (acpi_id[0x0c] high edge lint[0x1])
[    0.000000] ACPI: LAPIC_NMI (acpi_id[0x0d] high edge lint[0x1])
[    0.000000] ACPI: LAPIC_NMI (acpi_id[0x0e] high edge lint[0x1])
[    0.000000] ACPI: LAPIC_NMI (acpi_id[0x0f] high edge lint[0x1])
[    0.000000] ACPI: LAPIC_NMI (acpi_id[0x10] high edge lint[0x1])
[    0.000000] ACPI: LAPIC_NMI (acpi_id[0x11] high edge lint[0x1])
[    0.000000] ACPI: LAPIC_NMI (acpi_id[0x12] high edge lint[0x1])
[    0.000000] ACPI: LAPIC_NMI (acpi_id[0x13] high edge lint[0x1])
[    0.000000] ACPI: LAPIC_NMI (acpi_id[0x14] high edge lint[0x1])
[    0.000000] ACPI: LAPIC_NMI (acpi_id[0x15] high edge lint[0x1])
[    0.000000] ACPI: LAPIC_NMI (acpi_id[0x16] high edge lint[0x1])
[    0.000000] ACPI: LAPIC_NMI (acpi_id[0x17] high edge lint[0x1])
[    0.000000] ACPI: LAPIC_NMI (acpi_id[0x18] high edge lint[0x1])
[    0.000000] ACPI: LAPIC_NMI (acpi_id[0x19] high edge lint[0x1])
[    0.000000] ACPI: LAPIC_NMI (acpi_id[0x1a] high edge lint[0x1])
[    0.000000] ACPI: LAPIC_NMI (acpi_id[0x1b] high edge lint[0x1])
[    0.000000] ACPI: LAPIC_NMI (acpi_id[0x1c] high edge lint[0x1])
[    0.000000] ACPI: LAPIC_NMI (acpi_id[0x1d] high edge lint[0x1])
[    0.000000] ACPI: LAPIC_NMI (acpi_id[0x1e] high edge lint[0x1])
[    0.000000] ACPI: LAPIC_NMI (acpi_id[0x1f] high edge lint[0x1])
[    0.000000] ACPI: LAPIC_NMI (acpi_id[0x20] high edge lint[0x1])
[    0.000000] ACPI: LAPIC_NMI (acpi_id[0x21] high edge lint[0x1])
[    0.000000] ACPI: LAPIC_NMI (acpi_id[0x22] high edge lint[0x1])
[    0.000000] ACPI: LAPIC_NMI (acpi_id[0x23] high edge lint[0x1])
[    0.000000] ACPI: LAPIC_NMI (acpi_id[0x24] high edge lint[0x1])
[    0.000000] ACPI: LAPIC_NMI (acpi_id[0x25] high edge lint[0x1])
[    0.000000] ACPI: LAPIC_NMI (acpi_id[0x26] high edge lint[0x1])
[    0.000000] ACPI: LAPIC_NMI (acpi_id[0x27] high edge lint[0x1])
[    0.000000] ACPI: LAPIC_NMI (acpi_id[0x28] high edge lint[0x1])
[    0.000000] ACPI: LAPIC_NMI (acpi_id[0x29] high edge lint[0x1])
[    0.000000] ACPI: LAPIC_NMI (acpi_id[0x2a] high edge lint[0x1])
[    0.000000] ACPI: LAPIC_NMI (acpi_id[0x2b] high edge lint[0x1])
[    0.000000] ACPI: LAPIC_NMI (acpi_id[0x2c] high edge lint[0x1])
[    0.000000] ACPI: LAPIC_NMI (acpi_id[0x2d] high edge lint[0x1])
[    0.000000] ACPI: LAPIC_NMI (acpi_id[0x2e] high edge lint[0x1])
[    0.000000] ACPI: LAPIC_NMI (acpi_id[0x2f] high edge lint[0x1])
[    0.000000] ACPI: LAPIC_NMI (acpi_id[0x30] high edge lint[0x1])
[    0.000000] ACPI: LAPIC_NMI (acpi_id[0x31] high edge lint[0x1])
[    0.000000] ACPI: LAPIC_NMI (acpi_id[0x32] high edge lint[0x1])
[    0.000000] ACPI: LAPIC_NMI (acpi_id[0x33] high edge lint[0x1])
[    0.000000] ACPI: LAPIC_NMI (acpi_id[0x34] high edge lint[0x1])
[    0.000000] ACPI: LAPIC_NMI (acpi_id[0x35] high edge lint[0x1])
[    0.000000] ACPI: LAPIC_NMI (acpi_id[0x36] high edge lint[0x1])
[    0.000000] ACPI: LAPIC_NMI (acpi_id[0x37] high edge lint[0x1])
[    0.000000] ACPI: LAPIC_NMI (acpi_id[0x38] high edge lint[0x1])
[    0.000000] ACPI: LAPIC_NMI (acpi_id[0x39] high edge lint[0x1])
[    0.000000] ACPI: LAPIC_NMI (acpi_id[0x3a] high edge lint[0x1])
[    0.000000] ACPI: LAPIC_NMI (acpi_id[0x3b] high edge lint[0x1])
[    0.000000] ACPI: LAPIC_NMI (acpi_id[0x3c] high edge lint[0x1])
[    0.000000] ACPI: LAPIC_NMI (acpi_id[0x3d] high edge lint[0x1])
[    0.000000] ACPI: LAPIC_NMI (acpi_id[0x3e] high edge lint[0x1])
[    0.000000] ACPI: LAPIC_NMI (acpi_id[0x3f] high edge lint[0x1])
[    0.000000] ACPI: Skipping IOAPIC probe due to 'noapic' option.
[    0.000000] Using ACPI for processor (LAPIC) configuration information
[    0.000000] ACPI: HPET id: 0x8086af01 base: 0xfed00000
[    0.000000] Intel MultiProcessor Specification v1.4
[    0.000000]     Virtual Wire compatibility mode.
[    0.000000] MPTABLE: OEM ID: INTEL   
[    0.000000] MPTABLE: Product ID: 440BX       
[    0.000000] MPTABLE: APIC at: 0xFEE00000
[    0.000000] I/O APIC #1 Version 17 at 0xFEC00000.
[    0.000000] Processors: 1
[    0.000000] 64 Processors exceeds NR_CPUS limit of 8
[    0.000000] SMP: Allowing 8 CPUs, 7 hotplug CPUs
[    0.000000] nr_irqs_gsi: 24
[    0.000000] PM: Registered nosave memory: 000000000009f000 - 00000000000a0000
[    0.000000] PM: Registered nosave memory: 00000000000a0000 - 00000000000ca000
[    0.000000] PM: Registered nosave memory: 00000000000ca000 - 00000000000cc000
[    0.000000] PM: Registered nosave memory: 00000000000cc000 - 00000000000dc000
[    0.000000] PM: Registered nosave memory: 00000000000dc000 - 0000000000100000
[    0.000000] Allocating PCI resources starting at 40000000 (gap: 40000000:a0000000)
[    0.000000] Booting paravirtualized kernel on bare hardware
[    0.000000] NR_CPUS:8 nr_cpumask_bits:8 nr_cpu_ids:8 nr_node_ids:1
[    0.000000] PERCPU: Embedded 15 pages/cpu @c2400000 s39320 r0 d22120 u262144
[    0.000000] pcpu-alloc: s39320 r0 d22120 u262144 alloc=1*2097152
[    0.000000] pcpu-alloc: [0] 0 1 2 3 4 5 6 7 
[    0.000000] Built 1 zonelists in Zone order, mobility grouping on.  Total pages: 259950
[    0.000000] Kernel command line: BOOT_IMAGE=/boot/vmlinuz-2.6.32.57 root=UUID=007b598c-390d-4c65-84a1-4ff752d48633 ro quiet splash maxcpus=0
[    0.000000] PID hash table entries: 4096 (order: 2, 16384 bytes)
[    0.000000] Dentry cache hash table entries: 131072 (order: 7, 524288 bytes)
[    0.000000] Inode-cache hash table entries: 65536 (order: 6, 262144 bytes)
[    0.000000] Enabling fast FPU save and restore... done.
[    0.000000] Enabling unmasked SIMD FPU exception support... done.
[    0.000000] Initializing CPU#0
[    0.000000] xsave/xrstor: enabled xstate_bv 0x7, cntxt size 0x340
[    0.000000] allocated 5242560 bytes of page_cgroup
[    0.000000] please try 'cgroup_disable=memory' option if you don't want memory cgroups
[    0.000000] Initializing HighMem for node 0 (000379fe:00040000)
[    0.000000] Memory: 938260k/1048576k available (4839k kernel code, 108848k reserved, 2518k data, 652k init, 137096k highmem)
[    0.000000] virtual kernel memory layout:
[    0.000000]     fixmap  : 0xfff1e000 - 0xfffff000   ( 900 kB)
[    0.000000]     pkmap   : 0xffa00000 - 0xffc00000   (2048 kB)
[    0.000000]     vmalloc : 0xf81fe000 - 0xff9fe000   ( 120 MB)
[    0.000000]     lowmem  : 0xc0000000 - 0xf79fe000   ( 889 MB)
[    0.000000]       .init : 0xc1730000 - 0xc17d3000   ( 652 kB)
[    0.000000]       .data : 0xc14b9cce - 0xc172f764   (2518 kB)
[    0.000000]       .text : 0xc1000000 - 0xc14b9cce   (4839 kB)
[    0.000000] Checking if this processor honours the WP bit even in supervisor mode...Ok.
[    0.000000] SLUB: Genslabs=13, HWalign=64, Order=0-3, MinObjects=0, CPUs=8, Nodes=1
[    0.000000] Hierarchical RCU implementation.
[    0.000000] NR_IRQS:2304 nr_irqs:472
[    0.000000] Extended CMOS year: 2000
[    0.000000] Console: colour VGA+ 80x25
[    0.000000] console [tty0] enabled
[    0.000000] hpet clockevent registered
[    0.000000] TSC freq read from hypervisor : 2394.620 MHz
[    0.000000] Detected 2394.620 MHz processor.
[    0.000003] Calibrating delay loop (skipped) preset value.. 4789.24 BogoMIPS (lpj=9578480)
[    0.000011] Security Framework initialized
[    0.000014] SELinux:  Disabled at boot.
[    0.000018] Mount-cache hash table entries: 512
[    0.000114] Initializing cgroup subsys cpuacct
[    0.000117] Initializing cgroup subsys memory
[    0.000121] Initializing cgroup subsys devices
[    0.000122] Initializing cgroup subsys freezer
[    0.000148] CPU: Physical Processor ID: 0
[    0.000155] CPU: L1 I cache: 32K, L1 D cache: 32K
[    0.000157] CPU: L2 cache: 256K
[    0.000157] CPU: L3 cache: 4096K
[    0.000162] mce: CPU supports 0 MCE banks
[    0.000174] Performance Events: no PMU driver, software events only.
[    0.000184] Checking 'hlt' instruction... OK.
[    0.017569] SMP alternatives: switching to UP code
[    0.031432] ACPI: Core revision 20090903
[    0.037533] ACPI: setting ELCR to 0200 (from 0e20)
[    0.038534] ftrace: converting mcount calls to 0f 1f 44 00 00
[    0.038539] ftrace: allocating 22631 entries in 45 pages
[    0.055809] CANARY value: bef4a5be for PID: 1
[    0.055842] Not enabling x2apic, Intr-remapping init failed.
[    0.055843] Enabling APIC mode:  Flat.  Using 1 I/O APICs
[    0.055852] SMP mode deactivated.
[    0.055878] SMP disabled
[    0.055936] Brought up 1 CPUs
[    0.055938] Total of 1 processors activated (4789.24 BogoMIPS).
[    0.055942] CPU0 attaching NULL sched-domain.
[    0.056013] devtmpfs: initialized
[    0.056125] sysctl table check failed: /kernel/random/now_input .1.40.7 Unknown sysctl binary path
[    0.056403] Pid: 1, comm: swapper Not tainted 2.6.32.57 #4
[    0.056405] Call Trace:
[    0.056409]  [<c14a8a0e>] ? printk+0x1d/0x1f
[    0.056412]  [<c107b56f>] set_fail+0x4f/0x60
[    0.056414]  [<c107b8b3>] sysctl_check_table+0x333/0x620
[    0.056416]  [<c107b8cc>] sysctl_check_table+0x34c/0x620
[    0.056417]  [<c107b8cc>] sysctl_check_table+0x34c/0x620
[    0.056421]  [<c1746d48>] sysctl_init+0x25/0x29
[    0.056423]  [<c1003042>] do_one_initcall+0x32/0x1a0
[    0.056426]  [<c1746d23>] ? sysctl_init+0x0/0x29
[    0.056428]  [<c17308e7>] kernel_init+0x12d/0x17a
[    0.056430]  [<c17307ba>] ? kernel_init+0x0/0x17a
[    0.056432]  [<c1009b07>] kernel_thread_helper+0x7/0x10
[    0.056434] sysctl table check failed: /kernel/random/now_blocking .1.40.8 Unknown sysctl binary path
[    0.056663] Pid: 1, comm: swapper Not tainted 2.6.32.57 #4
[    0.056664] Call Trace:
[    0.056666]  [<c14a8a0e>] ? printk+0x1d/0x1f
[    0.056667]  [<c107b56f>] set_fail+0x4f/0x60
[    0.056669]  [<c107b8b3>] sysctl_check_table+0x333/0x620
[    0.056670]  [<c107b8cc>] sysctl_check_table+0x34c/0x620
[    0.056672]  [<c107b8cc>] sysctl_check_table+0x34c/0x620
[    0.056674]  [<c1746d48>] sysctl_init+0x25/0x29
[    0.056676]  [<c1003042>] do_one_initcall+0x32/0x1a0
[    0.056678]  [<c1746d23>] ? sysctl_init+0x0/0x29
[    0.056680]  [<c17308e7>] kernel_init+0x12d/0x17a
[    0.056681]  [<c17307ba>] ? kernel_init+0x0/0x17a
[    0.056683]  [<c1009b07>] kernel_thread_helper+0x7/0x10
[    0.056684] sysctl table check failed: /kernel/random/now_nonblocking .1.40.9 Unknown sysctl binary path
[    0.056914] Pid: 1, comm: swapper Not tainted 2.6.32.57 #4
[    0.056915] Call Trace:
[    0.056917]  [<c14a8a0e>] ? printk+0x1d/0x1f
[    0.056918]  [<c107b56f>] set_fail+0x4f/0x60
[    0.056919]  [<c107b8b3>] sysctl_check_table+0x333/0x620
[    0.056921]  [<c107b8cc>] sysctl_check_table+0x34c/0x620
[    0.056923]  [<c107b8cc>] sysctl_check_table+0x34c/0x620
[    0.056925]  [<c1746d48>] sysctl_init+0x25/0x29
[    0.056926]  [<c1003042>] do_one_initcall+0x32/0x1a0
[    0.056928]  [<c1746d23>] ? sysctl_init+0x0/0x29
[    0.056930]  [<c17308e7>] kernel_init+0x12d/0x17a
[    0.056931]  [<c17307ba>] ? kernel_init+0x0/0x17a
[    0.056933]  [<c1009b07>] kernel_thread_helper+0x7/0x10
[    0.056934] sysctl table check failed: /kernel/random/nb_input_bytes .1.40.10 Unknown sysctl binary path
[    0.057196] Pid: 1, comm: swapper Not tainted 2.6.32.57 #4
[    0.057197] Call Trace:
[    0.057199]  [<c14a8a0e>] ? printk+0x1d/0x1f
[    0.057200]  [<c107b56f>] set_fail+0x4f/0x60
[    0.057202]  [<c107b8b3>] sysctl_check_table+0x333/0x620
[    0.057204]  [<c107b8cc>] sysctl_check_table+0x34c/0x620
[    0.057205]  [<c107b8cc>] sysctl_check_table+0x34c/0x620
[    0.057217]  [<c1746d48>] sysctl_init+0x25/0x29
[    0.057218]  [<c1003042>] do_one_initcall+0x32/0x1a0
[    0.057220]  [<c1746d23>] ? sysctl_init+0x0/0x29
[    0.057222]  [<c17308e7>] kernel_init+0x12d/0x17a
[    0.057223]  [<c17307ba>] ? kernel_init+0x0/0x17a
[    0.057225]  [<c1009b07>] kernel_thread_helper+0x7/0x10
[    0.057226] sysctl table check failed: /kernel/random/nb_stir_count .1.40.11 Unknown sysctl binary path
[    0.057456] Pid: 1, comm: swapper Not tainted 2.6.32.57 #4
[    0.057457] Call Trace:
[    0.057458]  [<c14a8a0e>] ? printk+0x1d/0x1f
[    0.057460]  [<c107b56f>] set_fail+0x4f/0x60
[    0.057461]  [<c107b8b3>] sysctl_check_table+0x333/0x620
[    0.057463]  [<c107b8cc>] sysctl_check_table+0x34c/0x620
[    0.057464]  [<c107b8cc>] sysctl_check_table+0x34c/0x620
[    0.057466]  [<c1746d48>] sysctl_init+0x25/0x29
[    0.057468]  [<c1003042>] do_one_initcall+0x32/0x1a0
[    0.057470]  [<c1746d23>] ? sysctl_init+0x0/0x29
[    0.057471]  [<c17308e7>] kernel_init+0x12d/0x17a
[    0.057473]  [<c17307ba>] ? kernel_init+0x0/0x17a
[    0.057474]  [<c1009b07>] kernel_thread_helper+0x7/0x10
[    0.057476] sysctl table check failed: /kernel/random/nb_reentry_count .1.40.12 Unknown sysctl binary path
[    0.057707] Pid: 1, comm: swapper Not tainted 2.6.32.57 #4
[    0.057707] Call Trace:
[    0.057709]  [<c14a8a0e>] ? printk+0x1d/0x1f
[    0.057710]  [<c107b56f>] set_fail+0x4f/0x60
[    0.057712]  [<c107b8b3>] sysctl_check_table+0x333/0x620
[    0.057713]  [<c107b8cc>] sysctl_check_table+0x34c/0x620
[    0.057715]  [<c107b8cc>] sysctl_check_table+0x34c/0x620
[    0.057717]  [<c1746d48>] sysctl_init+0x25/0x29
[    0.057718]  [<c1003042>] do_one_initcall+0x32/0x1a0
[    0.057721]  [<c1746d23>] ? sysctl_init+0x0/0x29
[    0.057722]  [<c17308e7>] kernel_init+0x12d/0x17a
[    0.057723]  [<c17307ba>] ? kernel_init+0x0/0x17a
[    0.057725]  [<c1009b07>] kernel_thread_helper+0x7/0x10
[    0.057842] RANDOM - __seed init called.
[    0.057843] RANDOM - __seed init called.
[    0.057843] RANDOM - __seed init called.
[    0.057845] RANDOM - __random32 called. Change num 1.  Value: 865378fd	b53d80db	1f8ba37e
[    0.057846] RANDOM - __random32 called. Change num 2.  Value: 378fdd29	53d80db0	46fc7ad7
[    0.057847] RANDOM - __random32 called. Change num 3.  Value: fdd29985	3d80db0e	f5ae23f5
[    0.057849] RANDOM - __random32 called. Change num 4.  Value: 299855dc	d80db0e5	47eb1be7
[    0.057850] RANDOM - __random32 called. Change num 5.  Value: 855dc464	80db0e5c	37cf1678
[    0.057851] RANDOM - __random32 called. Change num 6.  Value: dc4647ba	db0e5c1	2cf136f4
[    0.057852] RANDOM - random32 init called.  Value: dc4647ba	db0e5c1	2cf136f4
[    0.057858] regulator: core version 0.5
[    0.057916] Time: 22:33:45  Date: 05/24/13
[    0.057951] NET: Registered protocol family 16
[    0.058014] EISA bus registered
[    0.058817] ACPI: bus type pci registered
[    0.058915] PCI: MCFG configuration 0: base e0000000 segment 0 buses 0 - 255
[    0.058916] PCI: MCFG area at e0000000 reserved in E820
[    0.058917] PCI: Using MMCONFIG for extended config space
[    0.058918] PCI: Using configuration type 1 for base access
[    0.059619] bio: create slab <bio-0> at 0
[    0.060956] ACPI: EC: Look up EC in DSDT
[    0.096783] ACPI: BIOS _OSI(Linux) query ignored
[    0.102524] ACPI: Interpreter enabled
[    0.102528] ACPI: (supports S0 S1 S4 S5)
[    0.102540] ACPI: Using PIC for interrupt routing
[    0.184049] ACPI: No dock devices found.
[    0.184883] ACPI: PCI Root Bridge [PCI0] (0000:00)
[    0.186612] pci 0000:00:07.1: reg 20 io port: [0x10c0-0x10cf]
[    0.187184] pci 0000:00:07.3: quirk: region 1000-103f claimed by PIIX4 ACPI
[    0.187196] pci 0000:00:07.3: quirk: region 1040-104f claimed by PIIX4 SMB
[    0.187777] pci 0000:00:07.7: reg 10 io port: [0x1080-0x10bf]
[    0.188180] pci 0000:00:07.7: reg 14 64bit mmio: [0xc8000000-0xc8001fff]
[    0.189387] pci 0000:00:0f.0: reg 10 io port: [0x10d0-0x10df]
[    0.189428] pci 0000:00:0f.0: reg 14 32bit mmio pref: [0xd0000000-0xd7ffffff]
[    0.189468] pci 0000:00:0f.0: reg 18 32bit mmio: [0xc8800000-0xc8ffffff]
[    0.189621] pci 0000:00:0f.0: reg 30 32bit mmio pref: [0x000000-0x007fff]
[    0.190179] pci 0000:00:10.0: reg 10 io port: [0x1400-0x14ff]
[    0.190541] pci 0000:00:10.0: reg 14 64bit mmio: [0xc8040000-0xc805ffff]
[    0.190898] pci 0000:00:10.0: reg 1c 64bit mmio: [0xc8020000-0xc803ffff]
[    0.191003] pci 0000:00:10.0: reg 30 32bit mmio pref: [0x000000-0x003fff]
[    0.192519] pci 0000:00:15.0: PME# supported from D0 D3hot D3cold
[    0.192543] pci 0000:00:15.0: PME# disabled
[    0.193518] pci 0000:00:15.1: PME# supported from D0 D3hot D3cold
[    0.193541] pci 0000:00:15.1: PME# disabled
[    0.194519] pci 0000:00:15.2: PME# supported from D0 D3hot D3cold
[    0.194542] pci 0000:00:15.2: PME# disabled
[    0.195521] pci 0000:00:15.3: PME# supported from D0 D3hot D3cold
[    0.195544] pci 0000:00:15.3: PME# disabled
[    0.196522] pci 0000:00:15.4: PME# supported from D0 D3hot D3cold
[    0.196544] pci 0000:00:15.4: PME# disabled
[    0.197531] pci 0000:00:15.5: PME# supported from D0 D3hot D3cold
[    0.197554] pci 0000:00:15.5: PME# disabled
[    0.198522] pci 0000:00:15.6: PME# supported from D0 D3hot D3cold
[    0.198544] pci 0000:00:15.6: PME# disabled
[    0.199512] pci 0000:00:15.7: PME# supported from D0 D3hot D3cold
[    0.199534] pci 0000:00:15.7: PME# disabled
[    0.200511] pci 0000:00:16.0: PME# supported from D0 D3hot D3cold
[    0.200534] pci 0000:00:16.0: PME# disabled
[    0.201549] pci 0000:00:16.1: PME# supported from D0 D3hot D3cold
[    0.201572] pci 0000:00:16.1: PME# disabled
[    0.202553] pci 0000:00:16.2: PME# supported from D0 D3hot D3cold
[    0.202575] pci 0000:00:16.2: PME# disabled
[    0.203551] pci 0000:00:16.3: PME# supported from D0 D3hot D3cold
[    0.203573] pci 0000:00:16.3: PME# disabled
[    0.204560] pci 0000:00:16.4: PME# supported from D0 D3hot D3cold
[    0.204582] pci 0000:00:16.4: PME# disabled
[    0.205558] pci 0000:00:16.5: PME# supported from D0 D3hot D3cold
[    0.205580] pci 0000:00:16.5: PME# disabled
[    0.206548] pci 0000:00:16.6: PME# supported from D0 D3hot D3cold
[    0.206571] pci 0000:00:16.6: PME# disabled
[    0.207556] pci 0000:00:16.7: PME# supported from D0 D3hot D3cold
[    0.207579] pci 0000:00:16.7: PME# disabled
[    0.208564] pci 0000:00:17.0: PME# supported from D0 D3hot D3cold
[    0.208587] pci 0000:00:17.0: PME# disabled
[    0.209560] pci 0000:00:17.1: PME# supported from D0 D3hot D3cold
[    0.209582] pci 0000:00:17.1: PME# disabled
[    0.210558] pci 0000:00:17.2: PME# supported from D0 D3hot D3cold
[    0.210581] pci 0000:00:17.2: PME# disabled
[    0.211566] pci 0000:00:17.3: PME# supported from D0 D3hot D3cold
[    0.211589] pci 0000:00:17.3: PME# disabled
[    0.212674] pci 0000:00:17.4: PME# supported from D0 D3hot D3cold
[    0.212701] pci 0000:00:17.4: PME# disabled
[    0.213639] pci 0000:00:17.5: PME# supported from D0 D3hot D3cold
[    0.213660] pci 0000:00:17.5: PME# disabled
[    0.214671] pci 0000:00:17.6: PME# supported from D0 D3hot D3cold
[    0.214692] pci 0000:00:17.6: PME# disabled
[    0.215750] pci 0000:00:17.7: PME# supported from D0 D3hot D3cold
[    0.215772] pci 0000:00:17.7: PME# disabled
[    0.216745] pci 0000:00:18.0: PME# supported from D0 D3hot D3cold
[    0.216767] pci 0000:00:18.0: PME# disabled
[    0.217944] pci 0000:00:18.1: PME# supported from D0 D3hot D3cold
[    0.217971] pci 0000:00:18.1: PME# disabled
[    0.219118] pci 0000:00:18.2: PME# supported from D0 D3hot D3cold
[    0.219143] pci 0000:00:18.2: PME# disabled
[    0.220165] pci 0000:00:18.3: PME# supported from D0 D3hot D3cold
[    0.220189] pci 0000:00:18.3: PME# disabled
[    0.221195] pci 0000:00:18.4: PME# supported from D0 D3hot D3cold
[    0.221222] pci 0000:00:18.4: PME# disabled
[    0.222266] pci 0000:00:18.5: PME# supported from D0 D3hot D3cold
[    0.222291] pci 0000:00:18.5: PME# disabled
[    0.223363] pci 0000:00:18.6: PME# supported from D0 D3hot D3cold
[    0.223385] pci 0000:00:18.6: PME# disabled
[    0.224471] pci 0000:00:18.7: PME# supported from D0 D3hot D3cold
[    0.224498] pci 0000:00:18.7: PME# disabled
[    0.225984] pci 0000:02:00.0: reg 20 io port: [0x20c0-0x20df]
[    0.226687] pci 0000:02:01.0: reg 10 io port: [0x2000-0x207f]
[    0.226984] pci 0000:02:01.0: reg 30 32bit mmio pref: [0x000000-0x00ffff]
[    0.227731] pci 0000:02:02.0: reg 10 io port: [0x2080-0x20bf]
[    0.228422] pci 0000:02:03.0: reg 10 32bit mmio: [0xc9000000-0xc9000fff]
[    0.229078] pci 0000:00:11.0: transparent bridge
[    0.229104] pci 0000:00:11.0: bridge io port: [0x2000-0x3fff]
[    0.229127] pci 0000:00:11.0: bridge 32bit mmio: [0xc9000000-0xca3fffff]
[    0.229175] pci 0000:00:11.0: bridge 64bit mmio pref: [0xd8400000-0xd89fffff]
[    0.229651] pci 0000:00:15.0: bridge io port: [0x4000-0x4fff]
[    0.229680] pci 0000:00:15.0: bridge 32bit mmio: [0xca400000-0xca4fffff]
[    0.229733] pci 0000:00:15.0: bridge 64bit mmio pref: [0xd8a00000-0xd8afffff]
[    0.230244] pci 0000:00:15.1: bridge io port: [0x8000-0x8fff]
[    0.230271] pci 0000:00:15.1: bridge 32bit mmio: [0xca800000-0xca8fffff]
[    0.230322] pci 0000:00:15.1: bridge 64bit mmio pref: [0xd8e00000-0xd8efffff]
[    0.230821] pci 0000:00:15.2: bridge io port: [0xc000-0xcfff]
[    0.230850] pci 0000:00:15.2: bridge 32bit mmio: [0xcac00000-0xcacfffff]
[    0.230913] pci 0000:00:15.2: bridge 64bit mmio pref: [0xd9200000-0xd92fffff]
[    0.231438] pci 0000:00:15.3: bridge 32bit mmio: [0xcb000000-0xcb0fffff]
[    0.231490] pci 0000:00:15.3: bridge 64bit mmio pref: [0xd9600000-0xd96fffff]
[    0.232007] pci 0000:00:15.4: bridge 32bit mmio: [0xcb400000-0xcb4fffff]
[    0.232056] pci 0000:00:15.4: bridge 64bit mmio pref: [0xd9a00000-0xd9afffff]
[    0.232533] pci 0000:00:15.5: bridge 32bit mmio: [0xcb800000-0xcb8fffff]
[    0.232583] pci 0000:00:15.5: bridge 64bit mmio pref: [0xd9e00000-0xd9efffff]
[    0.233070] pci 0000:00:15.6: bridge 32bit mmio: [0xcbc00000-0xcbcfffff]
[    0.233117] pci 0000:00:15.6: bridge 64bit mmio pref: [0xda200000-0xda2fffff]
[    0.233588] pci 0000:00:15.7: bridge 32bit mmio: [0xcc000000-0xcc0fffff]
[    0.233636] pci 0000:00:15.7: bridge 64bit mmio pref: [0xda600000-0xda6fffff]
[    0.234093] pci 0000:00:16.0: bridge io port: [0x5000-0x5fff]
[    0.234120] pci 0000:00:16.0: bridge 32bit mmio: [0xca500000-0xca5fffff]
[    0.234168] pci 0000:00:16.0: bridge 64bit mmio pref: [0xd8b00000-0xd8bfffff]
[    0.234658] pci 0000:00:16.1: bridge io port: [0x9000-0x9fff]
[    0.234685] pci 0000:00:16.1: bridge 32bit mmio: [0xca900000-0xca9fffff]
[    0.234736] pci 0000:00:16.1: bridge 64bit mmio pref: [0xd8f00000-0xd8ffffff]
[    0.235232] pci 0000:00:16.2: bridge io port: [0xd000-0xdfff]
[    0.235259] pci 0000:00:16.2: bridge 32bit mmio: [0xcad00000-0xcadfffff]
[    0.235309] pci 0000:00:16.2: bridge 64bit mmio pref: [0xd9300000-0xd93fffff]
[    0.235841] pci 0000:00:16.3: bridge 32bit mmio: [0xcb100000-0xcb1fffff]
[    0.235892] pci 0000:00:16.3: bridge 64bit mmio pref: [0xd9700000-0xd97fffff]
[    0.236375] pci 0000:00:16.4: bridge 32bit mmio: [0xcb500000-0xcb5fffff]
[    0.236422] pci 0000:00:16.4: bridge 64bit mmio pref: [0xd9b00000-0xd9bfffff]
[    0.236886] pci 0000:00:16.5: bridge 32bit mmio: [0xcb900000-0xcb9fffff]
[    0.236966] pci 0000:00:16.5: bridge 64bit mmio pref: [0xd9f00000-0xd9ffffff]
[    0.237448] pci 0000:00:16.6: bridge 32bit mmio: [0xcbd00000-0xcbdfffff]
[    0.237498] pci 0000:00:16.6: bridge 64bit mmio pref: [0xda300000-0xda3fffff]
[    0.238020] pci 0000:00:16.7: bridge 32bit mmio: [0xcc100000-0xcc1fffff]
[    0.238068] pci 0000:00:16.7: bridge 64bit mmio pref: [0xda700000-0xda7fffff]
[    0.238535] pci 0000:00:17.0: bridge io port: [0x6000-0x6fff]
[    0.238561] pci 0000:00:17.0: bridge 32bit mmio: [0xca600000-0xca6fffff]
[    0.238610] pci 0000:00:17.0: bridge 64bit mmio pref: [0xd8c00000-0xd8cfffff]
[    0.239091] pci 0000:00:17.1: bridge io port: [0xa000-0xafff]
[    0.239116] pci 0000:00:17.1: bridge 32bit mmio: [0xcaa00000-0xcaafffff]
[    0.239165] pci 0000:00:17.1: bridge 64bit mmio pref: [0xd9000000-0xd90fffff]
[    0.239651] pci 0000:00:17.2: bridge io port: [0xe000-0xefff]
[    0.239677] pci 0000:00:17.2: bridge 32bit mmio: [0xcae00000-0xcaefffff]
[    0.239726] pci 0000:00:17.2: bridge 64bit mmio pref: [0xd9400000-0xd94fffff]
[    0.240221] pci 0000:00:17.3: bridge 32bit mmio: [0xcb200000-0xcb2fffff]
[    0.240270] pci 0000:00:17.3: bridge 64bit mmio pref: [0xd9800000-0xd98fffff]
[    0.240750] pci 0000:00:17.4: bridge 32bit mmio: [0xcb600000-0xcb6fffff]
[    0.240799] pci 0000:00:17.4: bridge 64bit mmio pref: [0xd9c00000-0xd9cfffff]
[    0.241283] pci 0000:00:17.5: bridge 32bit mmio: [0xcba00000-0xcbafffff]
[    0.241321] pci 0000:00:17.5: bridge 64bit mmio pref: [0xda000000-0xda0fffff]
[    0.241699] pci 0000:00:17.6: bridge 32bit mmio: [0xcbe00000-0xcbefffff]
[    0.241737] pci 0000:00:17.6: bridge 64bit mmio pref: [0xda400000-0xda4fffff]
[    0.242121] pci 0000:00:17.7: bridge 32bit mmio: [0xcc200000-0xcc2fffff]
[    0.242160] pci 0000:00:17.7: bridge 64bit mmio pref: [0xda800000-0xda8fffff]
[    0.242520] pci 0000:00:18.0: bridge io port: [0x7000-0x7fff]
[    0.242540] pci 0000:00:18.0: bridge 32bit mmio: [0xca700000-0xca7fffff]
[    0.242578] pci 0000:00:18.0: bridge 64bit mmio pref: [0xd8d00000-0xd8dfffff]
[    0.242945] pci 0000:00:18.1: bridge io port: [0xb000-0xbfff]
[    0.242966] pci 0000:00:18.1: bridge 32bit mmio: [0xcab00000-0xcabfffff]
[    0.243004] pci 0000:00:18.1: bridge 64bit mmio pref: [0xd9100000-0xd91fffff]
[    0.243362] pci 0000:00:18.2: bridge io port: [0xf000-0xffff]
[    0.243383] pci 0000:00:18.2: bridge 32bit mmio: [0xcaf00000-0xcaffffff]
[    0.243421] pci 0000:00:18.2: bridge 64bit mmio pref: [0xd9500000-0xd95fffff]
[    0.243807] pci 0000:00:18.3: bridge 32bit mmio: [0xcb300000-0xcb3fffff]
[    0.243845] pci 0000:00:18.3: bridge 64bit mmio pref: [0xd9900000-0xd99fffff]
[    0.244225] pci 0000:00:18.4: bridge 32bit mmio: [0xcb700000-0xcb7fffff]
[    0.244263] pci 0000:00:18.4: bridge 64bit mmio pref: [0xd9d00000-0xd9dfffff]
[    0.244641] pci 0000:00:18.5: bridge 32bit mmio: [0xcbb00000-0xcbbfffff]
[    0.244680] pci 0000:00:18.5: bridge 64bit mmio pref: [0xda100000-0xda1fffff]
[    0.245064] pci 0000:00:18.6: bridge 32bit mmio: [0xcbf00000-0xcbffffff]
[    0.245102] pci 0000:00:18.6: bridge 64bit mmio pref: [0xda500000-0xda5fffff]
[    0.245480] pci 0000:00:18.7: bridge 32bit mmio: [0xcc300000-0xcc3fffff]
[    0.245518] pci 0000:00:18.7: bridge 64bit mmio pref: [0xda900000-0xda9fffff]
[    0.247016] pci_bus 0000:00: on NUMA node 0
[    0.247024] ACPI: PCI Interrupt Routing Table [\_SB_.PCI0._PRT]
[    0.462643] ACPI: PCI Interrupt Link [LNKA] (IRQs 3 4 5 6 7 *9 10 11 14 15)
[    0.462788] ACPI: PCI Interrupt Link [LNKB] (IRQs 3 4 5 6 7 9 10 *11 14 15)
[    0.462929] ACPI: PCI Interrupt Link [LNKC] (IRQs 3 4 5 6 7 9 *10 11 14 15)
[    0.463069] ACPI: PCI Interrupt Link [LNKD] (IRQs 3 4 *5 6 7 9 10 11 14 15)
[    0.463196] vgaarb: device added: PCI:0000:00:0f.0,decodes=io+mem,owns=io+mem,locks=none
[    0.463205] vgaarb: loaded
[    0.463289] SCSI subsystem initialized
[    0.463332] libata version 3.00 loaded.
[    0.463370] usbcore: registered new interface driver usbfs
[    0.463380] usbcore: registered new interface driver hub
[    0.463395] usbcore: registered new device driver usb
[    0.463459] PCI: Using ACPI for IRQ routing
[    0.464390] NetLabel: Initializing
[    0.464391] NetLabel:  domain hash size = 128
[    0.464392] NetLabel:  protocols = UNLABELED CIPSOv4
[    0.464399] NetLabel:  unlabeled traffic allowed by default
[    0.464430] hpet0: at MMIO 0xfed00000, IRQs 2, 8, 0, 0, 0, 0, 0, 0, 0, 0, 0, 0, 0, 0, 0, 0
[    0.464435] hpet0: 16 comparators, 64-bit 14.318180 MHz counter
[    0.466452] Switching to clocksource tsc
[    0.473395] pnp: PnP ACPI init
[    0.473406] ACPI: bus type pnp registered
[    0.519230] pnp: PnP ACPI: found 14 devices
[    0.519232] ACPI: ACPI bus type pnp unregistered
[    0.519235] PnPBIOS: Disabled by ACPI PNP
[    0.519245] system 00:01: ioport range 0x1000-0x103f has been reserved
[    0.519247] system 00:01: ioport range 0x1040-0x104f has been reserved
[    0.519249] system 00:01: ioport range 0xcf0-0xcf1 has been reserved
[    0.519255] system 00:08: iomem range 0xfed00000-0xfed003ff has been reserved
[    0.519258] system 00:0d: ioport range 0x1060-0x107f has been reserved
[    0.519260] system 00:0d: iomem range 0xe0000000-0xefffffff has been reserved
[    0.519262] system 00:0d: iomem range 0xc8200000-0xc83fffff has been reserved
[    0.554481] pci 0000:00:15.3: BAR 13: can't allocate I/O resource [0x10000-0xffff]
[    0.554485] pci 0000:00:15.4: BAR 13: can't allocate I/O resource [0x10000-0xffff]
[    0.554488] pci 0000:00:15.5: BAR 13: can't allocate I/O resource [0x10000-0xffff]
[    0.554491] pci 0000:00:15.6: BAR 13: can't allocate I/O resource [0x10000-0xffff]
[    0.554493] pci 0000:00:15.7: BAR 13: can't allocate I/O resource [0x10000-0xffff]
[    0.554496] pci 0000:00:16.3: BAR 13: can't allocate I/O resource [0x10000-0xffff]
[    0.554498] pci 0000:00:16.4: BAR 13: can't allocate I/O resource [0x10000-0xffff]
[    0.554501] pci 0000:00:16.5: BAR 13: can't allocate I/O resource [0x10000-0xffff]
[    0.554504] pci 0000:00:16.6: BAR 13: can't allocate I/O resource [0x10000-0xffff]
[    0.554506] pci 0000:00:16.7: BAR 13: can't allocate I/O resource [0x10000-0xffff]
[    0.554509] pci 0000:00:17.3: BAR 13: can't allocate I/O resource [0x10000-0xffff]
[    0.554512] pci 0000:00:17.4: BAR 13: can't allocate I/O resource [0x10000-0xffff]
[    0.554514] pci 0000:00:17.5: BAR 13: can't allocate I/O resource [0x10000-0xffff]
[    0.554517] pci 0000:00:17.6: BAR 13: can't allocate I/O resource [0x10000-0xffff]
[    0.554520] pci 0000:00:17.7: BAR 13: can't allocate I/O resource [0x10000-0xffff]
[    0.554522] pci 0000:00:18.3: BAR 13: can't allocate I/O resource [0x10000-0xffff]
[    0.554525] pci 0000:00:18.4: BAR 13: can't allocate I/O resource [0x10000-0xffff]
[    0.554527] pci 0000:00:18.5: BAR 13: can't allocate I/O resource [0x10000-0xffff]
[    0.554530] pci 0000:00:18.6: BAR 13: can't allocate I/O resource [0x10000-0xffff]
[    0.554533] pci 0000:00:18.7: BAR 13: can't allocate I/O resource [0x10000-0xffff]
[    0.554535] pci 0000:00:01.0: PCI bridge, secondary bus 0000:01
[    0.554537] pci 0000:00:01.0:   IO window: disabled
[    0.554565] pci 0000:00:01.0:   MEM window: disabled
[    0.554584] pci 0000:00:01.0:   PREFETCH window: disabled
[    0.554631] pci 0000:00:11.0: PCI bridge, secondary bus 0000:02
[    0.554642] pci 0000:00:11.0:   IO window: 0x2000-0x3fff
[    0.554670] pci 0000:00:11.0:   MEM window: 0xc9000000-0xca3fffff
[    0.554689] pci 0000:00:11.0:   PREFETCH window: 0x000000d8400000-0x000000d89fffff
[    0.554726] pci 0000:00:15.0: PCI bridge, secondary bus 0000:03
[    0.554737] pci 0000:00:15.0:   IO window: 0x4000-0x4fff
[    0.554764] pci 0000:00:15.0:   MEM window: 0xca400000-0xca4fffff
[    0.554784] pci 0000:00:15.0:   PREFETCH window: 0x000000d8a00000-0x000000d8afffff
[    0.554832] pci 0000:00:15.1: PCI bridge, secondary bus 0000:04
[    0.554843] pci 0000:00:15.1:   IO window: 0x8000-0x8fff
[    0.554871] pci 0000:00:15.1:   MEM window: 0xca800000-0xca8fffff
[    0.554890] pci 0000:00:15.1:   PREFETCH window: 0x000000d8e00000-0x000000d8efffff
[    0.554930] pci 0000:00:15.2: PCI bridge, secondary bus 0000:05
[    0.554941] pci 0000:00:15.2:   IO window: 0xc000-0xcfff
[    0.554969] pci 0000:00:15.2:   MEM window: 0xcac00000-0xcacfffff
[    0.554988] pci 0000:00:15.2:   PREFETCH window: 0x000000d9200000-0x000000d92fffff
[    0.555028] pci 0000:00:15.3: PCI bridge, secondary bus 0000:06
[    0.555029] pci 0000:00:15.3:   IO window: disabled
[    0.555057] pci 0000:00:15.3:   MEM window: 0xcb000000-0xcb0fffff
[    0.555077] pci 0000:00:15.3:   PREFETCH window: 0x000000d9600000-0x000000d96fffff
[    0.555124] pci 0000:00:15.4: PCI bridge, secondary bus 0000:07
[    0.555125] pci 0000:00:15.4:   IO window: disabled
[    0.555171] pci 0000:00:15.4:   MEM window: 0xcb400000-0xcb4fffff
[    0.555191] pci 0000:00:15.4:   PREFETCH window: 0x000000d9a00000-0x000000d9afffff
[    0.555231] pci 0000:00:15.5: PCI bridge, secondary bus 0000:08
[    0.555232] pci 0000:00:15.5:   IO window: disabled
[    0.555260] pci 0000:00:15.5:   MEM window: 0xcb800000-0xcb8fffff
[    0.555279] pci 0000:00:15.5:   PREFETCH window: 0x000000d9e00000-0x000000d9efffff
[    0.555319] pci 0000:00:15.6: PCI bridge, secondary bus 0000:09
[    0.555321] pci 0000:00:15.6:   IO window: disabled
[    0.555348] pci 0000:00:15.6:   MEM window: 0xcbc00000-0xcbcfffff
[    0.555367] pci 0000:00:15.6:   PREFETCH window: 0x000000da200000-0x000000da2fffff
[    0.555407] pci 0000:00:15.7: PCI bridge, secondary bus 0000:0a
[    0.555408] pci 0000:00:15.7:   IO window: disabled
[    0.555436] pci 0000:00:15.7:   MEM window: 0xcc000000-0xcc0fffff
[    0.555455] pci 0000:00:15.7:   PREFETCH window: 0x000000da600000-0x000000da6fffff
[    0.555495] pci 0000:00:16.0: PCI bridge, secondary bus 0000:0b
[    0.555506] pci 0000:00:16.0:   IO window: 0x5000-0x5fff
[    0.555533] pci 0000:00:16.0:   MEM window: 0xca500000-0xca5fffff
[    0.555553] pci 0000:00:16.0:   PREFETCH window: 0x000000d8b00000-0x000000d8bfffff
[    0.555592] pci 0000:00:16.1: PCI bridge, secondary bus 0000:0c
[    0.555603] pci 0000:00:16.1:   IO window: 0x9000-0x9fff
[    0.555631] pci 0000:00:16.1:   MEM window: 0xca900000-0xca9fffff
[    0.555650] pci 0000:00:16.1:   PREFETCH window: 0x000000d8f00000-0x000000d8ffffff
[    0.555689] pci 0000:00:16.2: PCI bridge, secondary bus 0000:0d
[    0.555700] pci 0000:00:16.2:   IO window: 0xd000-0xdfff
[    0.555728] pci 0000:00:16.2:   MEM window: 0xcad00000-0xcadfffff
[    0.555747] pci 0000:00:16.2:   PREFETCH window: 0x000000d9300000-0x000000d93fffff
[    0.555787] pci 0000:00:16.3: PCI bridge, secondary bus 0000:0e
[    0.555788] pci 0000:00:16.3:   IO window: disabled
[    0.555816] pci 0000:00:16.3:   MEM window: 0xcb100000-0xcb1fffff
[    0.555835] pci 0000:00:16.3:   PREFETCH window: 0x000000d9700000-0x000000d97fffff
[    0.555874] pci 0000:00:16.4: PCI bridge, secondary bus 0000:0f
[    0.555876] pci 0000:00:16.4:   IO window: disabled
[    0.555904] pci 0000:00:16.4:   MEM window: 0xcb500000-0xcb5fffff
[    0.555923] pci 0000:00:16.4:   PREFETCH window: 0x000000d9b00000-0x000000d9bfffff
[    0.555962] pci 0000:00:16.5: PCI bridge, secondary bus 0000:10
[    0.555964] pci 0000:00:16.5:   IO window: disabled
[    0.555991] pci 0000:00:16.5:   MEM window: 0xcb900000-0xcb9fffff
[    0.556011] pci 0000:00:16.5:   PREFETCH window: 0x000000d9f00000-0x000000d9ffffff
[    0.556050] pci 0000:00:16.6: PCI bridge, secondary bus 0000:11
[    0.556052] pci 0000:00:16.6:   IO window: disabled
[    0.556079] pci 0000:00:16.6:   MEM window: 0xcbd00000-0xcbdfffff
[    0.556098] pci 0000:00:16.6:   PREFETCH window: 0x000000da300000-0x000000da3fffff
[    0.556149] pci 0000:00:16.7: PCI bridge, secondary bus 0000:12
[    0.556151] pci 0000:00:16.7:   IO window: disabled
[    0.556187] pci 0000:00:16.7:   MEM window: 0xcc100000-0xcc1fffff
[    0.556207] pci 0000:00:16.7:   PREFETCH window: 0x000000da700000-0x000000da7fffff
[    0.556246] pci 0000:00:17.0: PCI bridge, secondary bus 0000:13
[    0.556257] pci 0000:00:17.0:   IO window: 0x6000-0x6fff
[    0.556285] pci 0000:00:17.0:   MEM window: 0xca600000-0xca6fffff
[    0.556304] pci 0000:00:17.0:   PREFETCH window: 0x000000d8c00000-0x000000d8cfffff
[    0.556343] pci 0000:00:17.1: PCI bridge, secondary bus 0000:14
[    0.556354] pci 0000:00:17.1:   IO window: 0xa000-0xafff
[    0.556382] pci 0000:00:17.1:   MEM window: 0xcaa00000-0xcaafffff
[    0.556401] pci 0000:00:17.1:   PREFETCH window: 0x000000d9000000-0x000000d90fffff
[    0.556440] pci 0000:00:17.2: PCI bridge, secondary bus 0000:15
[    0.556451] pci 0000:00:17.2:   IO window: 0xe000-0xefff
[    0.556479] pci 0000:00:17.2:   MEM window: 0xcae00000-0xcaefffff
[    0.556498] pci 0000:00:17.2:   PREFETCH window: 0x000000d9400000-0x000000d94fffff
[    0.556537] pci 0000:00:17.3: PCI bridge, secondary bus 0000:16
[    0.556539] pci 0000:00:17.3:   IO window: disabled
[    0.556567] pci 0000:00:17.3:   MEM window: 0xcb200000-0xcb2fffff
[    0.556586] pci 0000:00:17.3:   PREFETCH window: 0x000000d9800000-0x000000d98fffff
[    0.556625] pci 0000:00:17.4: PCI bridge, secondary bus 0000:17
[    0.556627] pci 0000:00:17.4:   IO window: disabled
[    0.556654] pci 0000:00:17.4:   MEM window: 0xcb600000-0xcb6fffff
[    0.556673] pci 0000:00:17.4:   PREFETCH window: 0x000000d9c00000-0x000000d9cfffff
[    0.556713] pci 0000:00:17.5: PCI bridge, secondary bus 0000:18
[    0.556715] pci 0000:00:17.5:   IO window: disabled
[    0.556742] pci 0000:00:17.5:   MEM window: 0xcba00000-0xcbafffff
[    0.556761] pci 0000:00:17.5:   PREFETCH window: 0x000000da000000-0x000000da0fffff
[    0.556801] pci 0000:00:17.6: PCI bridge, secondary bus 0000:19
[    0.556802] pci 0000:00:17.6:   IO window: disabled
[    0.556830] pci 0000:00:17.6:   MEM window: 0xcbe00000-0xcbefffff
[    0.556849] pci 0000:00:17.6:   PREFETCH window: 0x000000da400000-0x000000da4fffff
[    0.556888] pci 0000:00:17.7: PCI bridge, secondary bus 0000:1a
[    0.556890] pci 0000:00:17.7:   IO window: disabled
[    0.556918] pci 0000:00:17.7:   MEM window: 0xcc200000-0xcc2fffff
[    0.556937] pci 0000:00:17.7:   PREFETCH window: 0x000000da800000-0x000000da8fffff
[    0.556976] pci 0000:00:18.0: PCI bridge, secondary bus 0000:1b
[    0.556987] pci 0000:00:18.0:   IO window: 0x7000-0x7fff
[    0.557015] pci 0000:00:18.0:   MEM window: 0xca700000-0xca7fffff
[    0.557034] pci 0000:00:18.0:   PREFETCH window: 0x000000d8d00000-0x000000d8dfffff
[    0.557073] pci 0000:00:18.1: PCI bridge, secondary bus 0000:1c
[    0.557084] pci 0000:00:18.1:   IO window: 0xb000-0xbfff
[    0.557137] pci 0000:00:18.1:   MEM window: 0xcab00000-0xcabfffff
[    0.557159] pci 0000:00:18.1:   PREFETCH window: 0x000000d9100000-0x000000d91fffff
[    0.557208] pci 0000:00:18.2: PCI bridge, secondary bus 0000:1d
[    0.557219] pci 0000:00:18.2:   IO window: 0xf000-0xffff
[    0.557247] pci 0000:00:18.2:   MEM window: 0xcaf00000-0xcaffffff
[    0.557266] pci 0000:00:18.2:   PREFETCH window: 0x000000d9500000-0x000000d95fffff
[    0.557306] pci 0000:00:18.3: PCI bridge, secondary bus 0000:1e
[    0.557307] pci 0000:00:18.3:   IO window: disabled
[    0.557335] pci 0000:00:18.3:   MEM window: 0xcb300000-0xcb3fffff
[    0.557354] pci 0000:00:18.3:   PREFETCH window: 0x000000d9900000-0x000000d99fffff
[    0.557394] pci 0000:00:18.4: PCI bridge, secondary bus 0000:1f
[    0.557395] pci 0000:00:18.4:   IO window: disabled
[    0.557423] pci 0000:00:18.4:   MEM window: 0xcb700000-0xcb7fffff
[    0.557442] pci 0000:00:18.4:   PREFETCH window: 0x000000d9d00000-0x000000d9dfffff
[    0.557481] pci 0000:00:18.5: PCI bridge, secondary bus 0000:20
[    0.557483] pci 0000:00:18.5:   IO window: disabled
[    0.557511] pci 0000:00:18.5:   MEM window: 0xcbb00000-0xcbbfffff
[    0.557530] pci 0000:00:18.5:   PREFETCH window: 0x000000da100000-0x000000da1fffff
[    0.557569] pci 0000:00:18.6: PCI bridge, secondary bus 0000:21
[    0.557571] pci 0000:00:18.6:   IO window: disabled
[    0.557598] pci 0000:00:18.6:   MEM window: 0xcbf00000-0xcbffffff
[    0.557618] pci 0000:00:18.6:   PREFETCH window: 0x000000da500000-0x000000da5fffff
[    0.557657] pci 0000:00:18.7: PCI bridge, secondary bus 0000:22
[    0.557659] pci 0000:00:18.7:   IO window: disabled
[    0.557686] pci 0000:00:18.7:   MEM window: 0xcc300000-0xcc3fffff
[    0.557705] pci 0000:00:18.7:   PREFETCH window: 0x000000da900000-0x000000da9fffff
[    0.557773] pci 0000:00:01.0: setting latency timer to 64
[    0.557863] pci 0000:00:15.0: setting latency timer to 64
[    0.557925] pci 0000:00:15.1: setting latency timer to 64
[    0.557986] pci 0000:00:15.2: setting latency timer to 64
[    0.558048] pci 0000:00:15.3: setting latency timer to 64
[    0.558122] pci 0000:00:15.4: setting latency timer to 64
[    0.558205] pci 0000:00:15.5: setting latency timer to 64
[    0.558266] pci 0000:00:15.6: setting latency timer to 64
[    0.558328] pci 0000:00:15.7: setting latency timer to 64
[    0.558402] pci 0000:00:16.0: setting latency timer to 64
[    0.558464] pci 0000:00:16.1: setting latency timer to 64
[    0.558526] pci 0000:00:16.2: setting latency timer to 64
[    0.558588] pci 0000:00:16.3: setting latency timer to 64
[    0.558650] pci 0000:00:16.4: setting latency timer to 64
[    0.558711] pci 0000:00:16.5: setting latency timer to 64
[    0.558773] pci 0000:00:16.6: setting latency timer to 64
[    0.558835] pci 0000:00:16.7: setting latency timer to 64
[    0.558896] pci 0000:00:17.0: setting latency timer to 64
[    0.558958] pci 0000:00:17.1: setting latency timer to 64
[    0.559019] pci 0000:00:17.2: setting latency timer to 64
[    0.559081] pci 0000:00:17.3: setting latency timer to 64
[    0.559156] pci 0000:00:17.4: setting latency timer to 64
[    0.559226] pci 0000:00:17.5: setting latency timer to 64
[    0.559293] pci 0000:00:17.6: setting latency timer to 64
[    0.559359] pci 0000:00:17.7: setting latency timer to 64
[    0.559425] pci 0000:00:18.0: setting latency timer to 64
[    0.559491] pci 0000:00:18.1: setting latency timer to 64
[    0.559558] pci 0000:00:18.2: setting latency timer to 64
[    0.559624] pci 0000:00:18.3: setting latency timer to 64
[    0.559690] pci 0000:00:18.4: setting latency timer to 64
[    0.559756] pci 0000:00:18.5: setting latency timer to 64
[    0.559822] pci 0000:00:18.6: setting latency timer to 64
[    0.559888] pci 0000:00:18.7: setting latency timer to 64
[    0.559900] pci_bus 0000:00: resource 0 io:  [0x00-0xffff]
[    0.559903] pci_bus 0000:00: resource 1 mem: [0x000000-0xffffffffffffffff]
[    0.559905] pci_bus 0000:02: resource 0 io:  [0x2000-0x3fff]
[    0.559907] pci_bus 0000:02: resource 1 mem: [0xc9000000-0xca3fffff]
[    0.559909] pci_bus 0000:02: resource 2 pref mem [0xd8400000-0xd89fffff]
[    0.559911] pci_bus 0000:02: resource 3 io:  [0x00-0xffff]
[    0.559913] pci_bus 0000:02: resource 4 mem: [0x000000-0xffffffffffffffff]
[    0.559915] pci_bus 0000:03: resource 0 io:  [0x4000-0x4fff]
[    0.559917] pci_bus 0000:03: resource 1 mem: [0xca400000-0xca4fffff]
[    0.559919] pci_bus 0000:03: resource 2 pref mem [0xd8a00000-0xd8afffff]
[    0.559921] pci_bus 0000:04: resource 0 io:  [0x8000-0x8fff]
[    0.559923] pci_bus 0000:04: resource 1 mem: [0xca800000-0xca8fffff]
[    0.559925] pci_bus 0000:04: resource 2 pref mem [0xd8e00000-0xd8efffff]
[    0.559927] pci_bus 0000:05: resource 0 io:  [0xc000-0xcfff]
[    0.559928] pci_bus 0000:05: resource 1 mem: [0xcac00000-0xcacfffff]
[    0.559930] pci_bus 0000:05: resource 2 pref mem [0xd9200000-0xd92fffff]
[    0.559932] pci_bus 0000:06: resource 1 mem: [0xcb000000-0xcb0fffff]
[    0.559934] pci_bus 0000:06: resource 2 pref mem [0xd9600000-0xd96fffff]
[    0.559936] pci_bus 0000:07: resource 1 mem: [0xcb400000-0xcb4fffff]
[    0.559938] pci_bus 0000:07: resource 2 pref mem [0xd9a00000-0xd9afffff]
[    0.559940] pci_bus 0000:08: resource 1 mem: [0xcb800000-0xcb8fffff]
[    0.559942] pci_bus 0000:08: resource 2 pref mem [0xd9e00000-0xd9efffff]
[    0.559944] pci_bus 0000:09: resource 1 mem: [0xcbc00000-0xcbcfffff]
[    0.559946] pci_bus 0000:09: resource 2 pref mem [0xda200000-0xda2fffff]
[    0.559948] pci_bus 0000:0a: resource 1 mem: [0xcc000000-0xcc0fffff]
[    0.559950] pci_bus 0000:0a: resource 2 pref mem [0xda600000-0xda6fffff]
[    0.559952] pci_bus 0000:0b: resource 0 io:  [0x5000-0x5fff]
[    0.559954] pci_bus 0000:0b: resource 1 mem: [0xca500000-0xca5fffff]
[    0.559956] pci_bus 0000:0b: resource 2 pref mem [0xd8b00000-0xd8bfffff]
[    0.559958] pci_bus 0000:0c: resource 0 io:  [0x9000-0x9fff]
[    0.559959] pci_bus 0000:0c: resource 1 mem: [0xca900000-0xca9fffff]
[    0.559961] pci_bus 0000:0c: resource 2 pref mem [0xd8f00000-0xd8ffffff]
[    0.559963] pci_bus 0000:0d: resource 0 io:  [0xd000-0xdfff]
[    0.559965] pci_bus 0000:0d: resource 1 mem: [0xcad00000-0xcadfffff]
[    0.559967] pci_bus 0000:0d: resource 2 pref mem [0xd9300000-0xd93fffff]
[    0.559969] pci_bus 0000:0e: resource 1 mem: [0xcb100000-0xcb1fffff]
[    0.559971] pci_bus 0000:0e: resource 2 pref mem [0xd9700000-0xd97fffff]
[    0.559973] pci_bus 0000:0f: resource 1 mem: [0xcb500000-0xcb5fffff]
[    0.559975] pci_bus 0000:0f: resource 2 pref mem [0xd9b00000-0xd9bfffff]
[    0.559977] pci_bus 0000:10: resource 1 mem: [0xcb900000-0xcb9fffff]
[    0.559979] pci_bus 0000:10: resource 2 pref mem [0xd9f00000-0xd9ffffff]
[    0.559981] pci_bus 0000:11: resource 1 mem: [0xcbd00000-0xcbdfffff]
[    0.559983] pci_bus 0000:11: resource 2 pref mem [0xda300000-0xda3fffff]
[    0.559985] pci_bus 0000:12: resource 1 mem: [0xcc100000-0xcc1fffff]
[    0.559986] pci_bus 0000:12: resource 2 pref mem [0xda700000-0xda7fffff]
[    0.559988] pci_bus 0000:13: resource 0 io:  [0x6000-0x6fff]
[    0.559990] pci_bus 0000:13: resource 1 mem: [0xca600000-0xca6fffff]
[    0.559992] pci_bus 0000:13: resource 2 pref mem [0xd8c00000-0xd8cfffff]
[    0.559994] pci_bus 0000:14: resource 0 io:  [0xa000-0xafff]
[    0.559996] pci_bus 0000:14: resource 1 mem: [0xcaa00000-0xcaafffff]
[    0.559998] pci_bus 0000:14: resource 2 pref mem [0xd9000000-0xd90fffff]
[    0.560000] pci_bus 0000:15: resource 0 io:  [0xe000-0xefff]
[    0.560002] pci_bus 0000:15: resource 1 mem: [0xcae00000-0xcaefffff]
[    0.560003] pci_bus 0000:15: resource 2 pref mem [0xd9400000-0xd94fffff]
[    0.560005] pci_bus 0000:16: resource 1 mem: [0xcb200000-0xcb2fffff]
[    0.560007] pci_bus 0000:16: resource 2 pref mem [0xd9800000-0xd98fffff]
[    0.560009] pci_bus 0000:17: resource 1 mem: [0xcb600000-0xcb6fffff]
[    0.560011] pci_bus 0000:17: resource 2 pref mem [0xd9c00000-0xd9cfffff]
[    0.560013] pci_bus 0000:18: resource 1 mem: [0xcba00000-0xcbafffff]
[    0.560015] pci_bus 0000:18: resource 2 pref mem [0xda000000-0xda0fffff]
[    0.560017] pci_bus 0000:19: resource 1 mem: [0xcbe00000-0xcbefffff]
[    0.560019] pci_bus 0000:19: resource 2 pref mem [0xda400000-0xda4fffff]
[    0.560021] pci_bus 0000:1a: resource 1 mem: [0xcc200000-0xcc2fffff]
[    0.560023] pci_bus 0000:1a: resource 2 pref mem [0xda800000-0xda8fffff]
[    0.560025] pci_bus 0000:1b: resource 0 io:  [0x7000-0x7fff]
[    0.560027] pci_bus 0000:1b: resource 1 mem: [0xca700000-0xca7fffff]
[    0.560029] pci_bus 0000:1b: resource 2 pref mem [0xd8d00000-0xd8dfffff]
[    0.560031] pci_bus 0000:1c: resource 0 io:  [0xb000-0xbfff]
[    0.560032] pci_bus 0000:1c: resource 1 mem: [0xcab00000-0xcabfffff]
[    0.560034] pci_bus 0000:1c: resource 2 pref mem [0xd9100000-0xd91fffff]
[    0.560036] pci_bus 0000:1d: resource 0 io:  [0xf000-0xffff]
[    0.560038] pci_bus 0000:1d: resource 1 mem: [0xcaf00000-0xcaffffff]
[    0.560040] pci_bus 0000:1d: resource 2 pref mem [0xd9500000-0xd95fffff]
[    0.560042] pci_bus 0000:1e: resource 1 mem: [0xcb300000-0xcb3fffff]
[    0.560044] pci_bus 0000:1e: resource 2 pref mem [0xd9900000-0xd99fffff]
[    0.560046] pci_bus 0000:1f: resource 1 mem: [0xcb700000-0xcb7fffff]
[    0.560048] pci_bus 0000:1f: resource 2 pref mem [0xd9d00000-0xd9dfffff]
[    0.560050] pci_bus 0000:20: resource 1 mem: [0xcbb00000-0xcbbfffff]
[    0.560052] pci_bus 0000:20: resource 2 pref mem [0xda100000-0xda1fffff]
[    0.560054] pci_bus 0000:21: resource 1 mem: [0xcbf00000-0xcbffffff]
[    0.560056] pci_bus 0000:21: resource 2 pref mem [0xda500000-0xda5fffff]
[    0.560058] pci_bus 0000:22: resource 1 mem: [0xcc300000-0xcc3fffff]
[    0.560059] pci_bus 0000:22: resource 2 pref mem [0xda900000-0xda9fffff]
[    0.560082] NET: Registered protocol family 2
[    0.560100] RANDOM - __random32 called. Change num 7.  Value: 647ba296	db0e5c1d	6de96f10
[    0.560145] RANDOM - random32 called.  Value: 647ba296	db0e5c1d	6de96f10
[    0.560174] random 0000 0000 0000 00000000 00000000: rand_read_num 2 get_random_bytes(4): sig fffffe1a 00000000 00000000
[    0.560177] random 0000 0000 0000 00000000 00000000: extract_entropy(.. 4 ..)
[    0.560180] random 0000 0000 0000 00000000 00000000: going to reseed nonblocking with 64 bits (32 of 0 requested)
[    0.560182] random 0000 0000 0000 00000000 00000000: extract_entropy(.. 8 ..)
[    0.560185] random 0000 0000 0000 00000000 00000000: trying to extract 64 bits from input
[    0.560187] random 0000 0000 0000 00000000 00000000: debiting 0 entropy credits from input
[    0.560189] random 0000 0000 0000 00000000 00000000: extract_entropy account returned: 0 
[    0.560192] random 0000 0000 0000 00000000 00000000: urand_change_num 3 xfer_secondary_pool(4): pool_sig fffffe1a, data_sig 00000000, bytes_mixed 0 00000000 00000000
[    0.560204] random 0000 0000 0000 00000000 00000000: trying to extract 32 bits from nonblocking
[    0.560206] random 0000 0000 0000 00000000 00000000: debiting 32 entropy credits from nonblocking (unlimited)
[    0.560209] random 0000 0000 0000 00000000 00000000: extract_entropy account returned: 4 
[    0.560212] random 0000 0000 0000 00000000 00000000: urand_change_num 4 extract_buf: pool_sig fffffe1a, data_sig fffffed7, bytes_mixed 20 00000000 00000000
[    0.560244] IP route cache hash table entries: 32768 (order: 5, 131072 bytes)
[    0.560328] RANDOM - __random32 called. Change num 8.  Value: ba296205	b0e5c1db	de205442
[    0.560330] RANDOM - random32 called.  Value: ba296205	b0e5c1db	de205442
[    0.560385] RANDOM - __random32 called. Change num 9.  Value: 962052cd	e5c1db9	a885e45e
[    0.560387] RANDOM - random32 called.  Value: 962052cd	e5c1db9	a885e45e
[    0.560390] RANDOM - __random32 called. Change num 10.  Value: 52cd38f	e5c1db9b	c8bd9558
[    0.560391] RANDOM - random32 called.  Value: 52cd38f	e5c1db9b	c8bd9558
[    0.560413] RANDOM - __random32 called. Change num 11.  Value: cd38f3eb	5c1db9b9	2ab1aa27
[    0.560415] RANDOM - random32 called.  Value: cd38f3eb	5c1db9b9	2ab1aa27
[    0.560425] TCP established hash table entries: 131072 (order: 8, 1048576 bytes)
[    0.560528] TCP bind hash table entries: 65536 (order: 7, 524288 bytes)
[    0.560631] TCP: Hash tables configured (established 131072 bind 65536)
[    0.560633] TCP reno registered
[    0.560668] NET: Registered protocol family 1
[    0.560677] pci 0000:00:00.0: Limiting direct PCI/PCI transfers
[    0.560697] pci 0000:00:0f.0: Boot video device
[    0.560908] Trying to unpack rootfs image as initramfs...
[    1.632838] Freeing initrd memory: 83430k freed
[    1.636897] Simple Boot Flag at 0x36 set to 0x1
[    1.636943] cpufreq-nforce2: No nForce2 chipset.
[    1.636956] Scanning for low memory corruption every 60 seconds
[    1.637068] audit: initializing netlink socket (disabled)
[    1.637077] type=2000 audit(1369434826.624:1): initialized
[    1.640951] highmem bounce pool size: 64 pages
[    1.640955] HugeTLB registered 2 MB page size, pre-allocated 0 pages
[    1.641049] VFS: Disk quotas dquot_6.5.2
[    1.641094] Dquot-cache hash table entries: 1024 (order 0, 4096 bytes)
[    1.641173] fuse init (API version 7.13)
[    1.641217] msgmni has been set to 1729
[    1.641481] alg: No test for stdrng (krng)
[    1.641514] Block layer SCSI generic (bsg) driver version 0.4 loaded (major 253)
[    1.641516] io scheduler noop registered
[    1.641518] io scheduler anticipatory registered
[    1.641519] io scheduler deadline registered
[    1.641538] io scheduler cfq registered (default)
[    1.641584]   alloc irq_desc for 24 on node -1
[    1.641586]   alloc kstat_irqs on node -1
[    1.641632] pcieport 0000:00:15.0: irq 24 for MSI/MSI-X
[    1.641677] pcieport 0000:00:15.0: setting latency timer to 64
[    1.641723]   alloc irq_desc for 25 on node -1
[    1.641725]   alloc kstat_irqs on node -1
[    1.641770] pcieport 0000:00:15.1: irq 25 for MSI/MSI-X
[    1.641815] pcieport 0000:00:15.1: setting latency timer to 64
[    1.641861]   alloc irq_desc for 26 on node -1
[    1.641863]   alloc kstat_irqs on node -1
[    1.641908] pcieport 0000:00:15.2: irq 26 for MSI/MSI-X
[    1.641954] pcieport 0000:00:15.2: setting latency timer to 64
[    1.641999]   alloc irq_desc for 27 on node -1
[    1.642001]   alloc kstat_irqs on node -1
[    1.642046] pcieport 0000:00:15.3: irq 27 for MSI/MSI-X
[    1.642092] pcieport 0000:00:15.3: setting latency timer to 64
[    1.642137]   alloc irq_desc for 28 on node -1
[    1.642139]   alloc kstat_irqs on node -1
[    1.642185] pcieport 0000:00:15.4: irq 28 for MSI/MSI-X
[    1.642230] pcieport 0000:00:15.4: setting latency timer to 64
[    1.642275]   alloc irq_desc for 29 on node -1
[    1.642277]   alloc kstat_irqs on node -1
[    1.642323] pcieport 0000:00:15.5: irq 29 for MSI/MSI-X
[    1.642368] pcieport 0000:00:15.5: setting latency timer to 64
[    1.642414]   alloc irq_desc for 30 on node -1
[    1.642417]   alloc kstat_irqs on node -1
[    1.642462] pcieport 0000:00:15.6: irq 30 for MSI/MSI-X
[    1.642507] pcieport 0000:00:15.6: setting latency timer to 64
[    1.642553]   alloc irq_desc for 31 on node -1
[    1.642555]   alloc kstat_irqs on node -1
[    1.642600] pcieport 0000:00:15.7: irq 31 for MSI/MSI-X
[    1.642646] pcieport 0000:00:15.7: setting latency timer to 64
[    1.642691]   alloc irq_desc for 32 on node -1
[    1.642693]   alloc kstat_irqs on node -1
[    1.642738] pcieport 0000:00:16.0: irq 32 for MSI/MSI-X
[    1.642784] pcieport 0000:00:16.0: setting latency timer to 64
[    1.642829]   alloc irq_desc for 33 on node -1
[    1.642831]   alloc kstat_irqs on node -1
[    1.642876] pcieport 0000:00:16.1: irq 33 for MSI/MSI-X
[    1.642922] pcieport 0000:00:16.1: setting latency timer to 64
[    1.642967]   alloc irq_desc for 34 on node -1
[    1.642969]   alloc kstat_irqs on node -1
[    1.643014] pcieport 0000:00:16.2: irq 34 for MSI/MSI-X
[    1.643060] pcieport 0000:00:16.2: setting latency timer to 64
[    1.643105]   alloc irq_desc for 35 on node -1
[    1.643107]   alloc kstat_irqs on node -1
[    1.643153] pcieport 0000:00:16.3: irq 35 for MSI/MSI-X
[    1.643198] pcieport 0000:00:16.3: setting latency timer to 64
[    1.643243]   alloc irq_desc for 36 on node -1
[    1.643245]   alloc kstat_irqs on node -1
[    1.643291] pcieport 0000:00:16.4: irq 36 for MSI/MSI-X
[    1.643336] pcieport 0000:00:16.4: setting latency timer to 64
[    1.643382]   alloc irq_desc for 37 on node -1
[    1.643383]   alloc kstat_irqs on node -1
[    1.643429] pcieport 0000:00:16.5: irq 37 for MSI/MSI-X
[    1.643474] pcieport 0000:00:16.5: setting latency timer to 64
[    1.643520]   alloc irq_desc for 38 on node -1
[    1.643522]   alloc kstat_irqs on node -1
[    1.643567] pcieport 0000:00:16.6: irq 38 for MSI/MSI-X
[    1.643612] pcieport 0000:00:16.6: setting latency timer to 64
[    1.643658]   alloc irq_desc for 39 on node -1
[    1.643660]   alloc kstat_irqs on node -1
[    1.643705] pcieport 0000:00:16.7: irq 39 for MSI/MSI-X
[    1.643751] pcieport 0000:00:16.7: setting latency timer to 64
[    1.644878]   alloc irq_desc for 40 on node -1
[    1.644879]   alloc kstat_irqs on node -1
[    1.644925] pcieport 0000:00:17.0: irq 40 for MSI/MSI-X
[    1.644970] pcieport 0000:00:17.0: setting latency timer to 64
[    1.645016]   alloc irq_desc for 41 on node -1
[    1.645017]   alloc kstat_irqs on node -1
[    1.645063] pcieport 0000:00:17.1: irq 41 for MSI/MSI-X
[    1.645108] pcieport 0000:00:17.1: setting latency timer to 64
[    1.645154]   alloc irq_desc for 42 on node -1
[    1.645156]   alloc kstat_irqs on node -1
[    1.645201] pcieport 0000:00:17.2: irq 42 for MSI/MSI-X
[    1.645246] pcieport 0000:00:17.2: setting latency timer to 64
[    1.645292]   alloc irq_desc for 43 on node -1
[    1.645295]   alloc kstat_irqs on node -1
[    1.645341] pcieport 0000:00:17.3: irq 43 for MSI/MSI-X
[    1.645386] pcieport 0000:00:17.3: setting latency timer to 64
[    1.645432]   alloc irq_desc for 44 on node -1
[    1.645434]   alloc kstat_irqs on node -1
[    1.645479] pcieport 0000:00:17.4: irq 44 for MSI/MSI-X
[    1.645525] pcieport 0000:00:17.4: setting latency timer to 64
[    1.645570]   alloc irq_desc for 45 on node -1
[    1.645572]   alloc kstat_irqs on node -1
[    1.645617] pcieport 0000:00:17.5: irq 45 for MSI/MSI-X
[    1.645663] pcieport 0000:00:17.5: setting latency timer to 64
[    1.645708]   alloc irq_desc for 46 on node -1
[    1.645710]   alloc kstat_irqs on node -1
[    1.645756] pcieport 0000:00:17.6: irq 46 for MSI/MSI-X
[    1.645801] pcieport 0000:00:17.6: setting latency timer to 64
[    1.645847]   alloc irq_desc for 47 on node -1
[    1.645848]   alloc kstat_irqs on node -1
[    1.645894] pcieport 0000:00:17.7: irq 47 for MSI/MSI-X
[    1.645939] pcieport 0000:00:17.7: setting latency timer to 64
[    1.645985]   alloc irq_desc for 48 on node -1
[    1.645987]   alloc kstat_irqs on node -1
[    1.646032] pcieport 0000:00:18.0: irq 48 for MSI/MSI-X
[    1.646077] pcieport 0000:00:18.0: setting latency timer to 64
[    1.646123]   alloc irq_desc for 49 on node -1
[    1.646125]   alloc kstat_irqs on node -1
[    1.646170] pcieport 0000:00:18.1: irq 49 for MSI/MSI-X
[    1.646215] pcieport 0000:00:18.1: setting latency timer to 64
[    1.646261]   alloc irq_desc for 50 on node -1
[    1.646263]   alloc kstat_irqs on node -1
[    1.646308] pcieport 0000:00:18.2: irq 50 for MSI/MSI-X
[    1.646354] pcieport 0000:00:18.2: setting latency timer to 64
[    1.646399]   alloc irq_desc for 51 on node -1
[    1.646401]   alloc kstat_irqs on node -1
[    1.646446] pcieport 0000:00:18.3: irq 51 for MSI/MSI-X
[    1.646492] pcieport 0000:00:18.3: setting latency timer to 64
[    1.646537]   alloc irq_desc for 52 on node -1
[    1.646539]   alloc kstat_irqs on node -1
[    1.646584] pcieport 0000:00:18.4: irq 52 for MSI/MSI-X
[    1.646630] pcieport 0000:00:18.4: setting latency timer to 64
[    1.646675]   alloc irq_desc for 53 on node -1
[    1.646677]   alloc kstat_irqs on node -1
[    1.646723] pcieport 0000:00:18.5: irq 53 for MSI/MSI-X
[    1.646768] pcieport 0000:00:18.5: setting latency timer to 64
[    1.646813]   alloc irq_desc for 54 on node -1
[    1.646815]   alloc kstat_irqs on node -1
[    1.646861] pcieport 0000:00:18.6: irq 54 for MSI/MSI-X
[    1.646906] pcieport 0000:00:18.6: setting latency timer to 64
[    1.646951]   alloc irq_desc for 55 on node -1
[    1.646953]   alloc kstat_irqs on node -1
[    1.646999] pcieport 0000:00:18.7: irq 55 for MSI/MSI-X
[    1.647044] pcieport 0000:00:18.7: setting latency timer to 64
[    1.647090] pci_hotplug: PCI Hot Plug PCI Core version: 0.5
[    1.648885] pciehp 0000:00:15.0:pcie04: HPC vendor_id 15ad device_id 7a0 ss_vid 0 ss_did 0
[    1.648930] pciehp 0000:00:15.0:pcie04: service driver pciehp loaded
[    1.648976] pciehp 0000:00:15.1:pcie04: HPC vendor_id 15ad device_id 7a0 ss_vid 0 ss_did 0
[    1.649021] pciehp 0000:00:15.1:pcie04: service driver pciehp loaded
[    1.649067] pciehp 0000:00:15.2:pcie04: HPC vendor_id 15ad device_id 7a0 ss_vid 0 ss_did 0
[    1.649112] pciehp 0000:00:15.2:pcie04: service driver pciehp loaded
[    1.649157] pciehp 0000:00:15.3:pcie04: HPC vendor_id 15ad device_id 7a0 ss_vid 0 ss_did 0
[    1.649203] pciehp 0000:00:15.3:pcie04: service driver pciehp loaded
[    1.649248] pciehp 0000:00:15.4:pcie04: HPC vendor_id 15ad device_id 7a0 ss_vid 0 ss_did 0
[    1.649294] pciehp 0000:00:15.4:pcie04: service driver pciehp loaded
[    1.649339] pciehp 0000:00:15.5:pcie04: HPC vendor_id 15ad device_id 7a0 ss_vid 0 ss_did 0
[    1.649385] pciehp 0000:00:15.5:pcie04: service driver pciehp loaded
[    1.649430] pciehp 0000:00:15.6:pcie04: HPC vendor_id 15ad device_id 7a0 ss_vid 0 ss_did 0
[    1.649475] pciehp 0000:00:15.6:pcie04: service driver pciehp loaded
[    1.649521] pciehp 0000:00:15.7:pcie04: HPC vendor_id 15ad device_id 7a0 ss_vid 0 ss_did 0
[    1.649566] pciehp 0000:00:15.7:pcie04: service driver pciehp loaded
[    1.649612] pciehp 0000:00:16.0:pcie04: HPC vendor_id 15ad device_id 7a0 ss_vid 0 ss_did 0
[    1.649657] pciehp 0000:00:16.0:pcie04: service driver pciehp loaded
[    1.649703] pciehp 0000:00:16.1:pcie04: HPC vendor_id 15ad device_id 7a0 ss_vid 0 ss_did 0
[    1.649748] pciehp 0000:00:16.1:pcie04: service driver pciehp loaded
[    1.649793] pciehp 0000:00:16.2:pcie04: HPC vendor_id 15ad device_id 7a0 ss_vid 0 ss_did 0
[    1.649839] pciehp 0000:00:16.2:pcie04: service driver pciehp loaded
[    1.649884] pciehp 0000:00:16.3:pcie04: HPC vendor_id 15ad device_id 7a0 ss_vid 0 ss_did 0
[    1.649930] pciehp 0000:00:16.3:pcie04: service driver pciehp loaded
[    1.649975] pciehp 0000:00:16.4:pcie04: HPC vendor_id 15ad device_id 7a0 ss_vid 0 ss_did 0
[    1.650021] pciehp 0000:00:16.4:pcie04: service driver pciehp loaded
[    1.650066] pciehp 0000:00:16.5:pcie04: HPC vendor_id 15ad device_id 7a0 ss_vid 0 ss_did 0
[    1.650111] pciehp 0000:00:16.5:pcie04: service driver pciehp loaded
[    1.650157] pciehp 0000:00:16.6:pcie04: HPC vendor_id 15ad device_id 7a0 ss_vid 0 ss_did 0
[    1.650202] pciehp 0000:00:16.6:pcie04: service driver pciehp loaded
[    1.650248] pciehp 0000:00:16.7:pcie04: HPC vendor_id 15ad device_id 7a0 ss_vid 0 ss_did 0
[    1.650293] pciehp 0000:00:16.7:pcie04: service driver pciehp loaded
[    1.650338] pciehp 0000:00:17.0:pcie04: HPC vendor_id 15ad device_id 7a0 ss_vid 0 ss_did 0
[    1.650384] pciehp 0000:00:17.0:pcie04: service driver pciehp loaded
[    1.650429] pciehp 0000:00:17.1:pcie04: HPC vendor_id 15ad device_id 7a0 ss_vid 0 ss_did 0
[    1.650475] pciehp 0000:00:17.1:pcie04: service driver pciehp loaded
[    1.650520] pciehp 0000:00:17.2:pcie04: HPC vendor_id 15ad device_id 7a0 ss_vid 0 ss_did 0
[    1.650566] pciehp 0000:00:17.2:pcie04: service driver pciehp loaded
[    1.650611] pciehp 0000:00:17.3:pcie04: HPC vendor_id 15ad device_id 7a0 ss_vid 0 ss_did 0
[    1.650656] pciehp 0000:00:17.3:pcie04: service driver pciehp loaded
[    1.650702] pciehp 0000:00:17.4:pcie04: HPC vendor_id 15ad device_id 7a0 ss_vid 0 ss_did 0
[    1.650747] pciehp 0000:00:17.4:pcie04: service driver pciehp loaded
[    1.650793] pciehp 0000:00:17.5:pcie04: HPC vendor_id 15ad device_id 7a0 ss_vid 0 ss_did 0
[    1.650838] pciehp 0000:00:17.5:pcie04: service driver pciehp loaded
[    1.650884] pciehp 0000:00:17.6:pcie04: HPC vendor_id 15ad device_id 7a0 ss_vid 0 ss_did 0
[    1.650929] pciehp 0000:00:17.6:pcie04: service driver pciehp loaded
[    1.650974] pciehp 0000:00:17.7:pcie04: HPC vendor_id 15ad device_id 7a0 ss_vid 0 ss_did 0
[    1.651020] pciehp 0000:00:17.7:pcie04: service driver pciehp loaded
[    1.651065] pciehp 0000:00:18.0:pcie04: HPC vendor_id 15ad device_id 7a0 ss_vid 0 ss_did 0
[    1.651111] pciehp 0000:00:18.0:pcie04: service driver pciehp loaded
[    1.651156] pciehp 0000:00:18.1:pcie04: HPC vendor_id 15ad device_id 7a0 ss_vid 0 ss_did 0
[    1.651201] pciehp 0000:00:18.1:pcie04: service driver pciehp loaded
[    1.651247] pciehp 0000:00:18.2:pcie04: HPC vendor_id 15ad device_id 7a0 ss_vid 0 ss_did 0
[    1.651292] pciehp 0000:00:18.2:pcie04: service driver pciehp loaded
[    1.651338] pciehp 0000:00:18.3:pcie04: HPC vendor_id 15ad device_id 7a0 ss_vid 0 ss_did 0
[    1.651383] pciehp 0000:00:18.3:pcie04: service driver pciehp loaded
[    1.651429] pciehp 0000:00:18.4:pcie04: HPC vendor_id 15ad device_id 7a0 ss_vid 0 ss_did 0
[    1.651474] pciehp 0000:00:18.4:pcie04: service driver pciehp loaded
[    1.651519] pciehp 0000:00:18.5:pcie04: HPC vendor_id 15ad device_id 7a0 ss_vid 0 ss_did 0
[    1.651565] pciehp 0000:00:18.5:pcie04: service driver pciehp loaded
[    1.651610] pciehp 0000:00:18.6:pcie04: HPC vendor_id 15ad device_id 7a0 ss_vid 0 ss_did 0
[    1.651656] pciehp 0000:00:18.6:pcie04: service driver pciehp loaded
[    1.651701] pciehp 0000:00:18.7:pcie04: HPC vendor_id 15ad device_id 7a0 ss_vid 0 ss_did 0
[    1.651747] pciehp 0000:00:18.7:pcie04: service driver pciehp loaded
[    1.651754] pciehp: PCI Express Hot Plug Controller Driver version: 0.4
[    1.651804] ACPI: AC Adapter [ACAD] (on-line)
[    1.651859] input: Power Button as /devices/LNXSYSTM:00/LNXPWRBN:00/input/input0
[    1.651862] ACPI: Power Button [PWRF]
[    1.651907] processor LNXCPU:00: registered as cooling_device0
[    1.692773] isapnp: Scanning for PnP cards...
[    2.046487] isapnp: No Plug & Play device found
[    2.046519] random 0000 0000 0000 5f8db4e5 4cfdf2a8: initializing
[    2.046659] Linux agpgart interface v0.103
[    2.046701] agpgart-intel 0000:00:00.0: Intel 440BX Chipset
[    2.046754] agpgart-intel 0000:00:00.0: AGP aperture is 256M @ 0x0
[    2.046786] Serial: 8250/16550 driver, 32 ports, IRQ sharing enabled
[    2.046839] serial8250: ttyS0 at I/O 0x3f8 (irq = 4) is a 16550A
[    2.046892] serial8250: ttyS1 at I/O 0x2f8 (irq = 3) is a 16550A
[    2.046944] 00:0a: ttyS0 at I/O 0x3f8 (irq = 4) is a 16550A
[    2.046997] 00:0b: ttyS1 at I/O 0x2f8 (irq = 3) is a 16550A
[    2.047049] brd: module loaded
[    2.047102] loop: module loaded
[    2.047154] ata_piix 0000:00:07.1: version 2.13
[    2.047237] scsi0 : ata_piix
[    2.047287] scsi1 : ata_piix
[    2.047307] ata1: PATA max UDMA/33 cmd 0x1f0 ctl 0x3f6 bmdma 0x10c0 irq 14
[    2.047309] ata2: PATA max UDMA/33 cmd 0x170 ctl 0x376 bmdma 0x10c8 irq 15
[    2.047359] PPP generic driver version 2.4.2
[    2.047396] tun: Universal TUN/TAP device driver, 1.6
[    2.047399] tun: (C) 1999-2004 Max Krasnyansky <maxk@qualcomm.com>
[    2.047451] ehci_hcd: USB 2.0 'Enhanced' Host Controller (EHCI) Driver
[    2.047504] ACPI: PCI Interrupt Link [LNKB] enabled at IRQ 11
[    2.047507] PCI: setting IRQ 11 as level-triggered
[    2.047531] ehci_hcd 0000:02:03.0: PCI INT A -> Link[LNKB] -> GSI 11 (level, low) -> IRQ 11
[    2.047571] ehci_hcd 0000:02:03.0: EHCI Host Controller
[    2.047595] ehci_hcd 0000:02:03.0: new USB bus registered, assigned bus number 1
[    2.047647] ehci_hcd 0000:02:03.0: cache line size of 32 is not supported
[    2.047654] ehci_hcd 0000:02:03.0: irq 11, io mem 0xc9000000
[    2.047980] random 0000 0000 0000 00000000 00000000: rand_read_num 3 get_random_bytes(8): sig 00000000 00000000 00000000
[    2.047983] random 0000 0000 0000 00000000 00000000: extract_entropy(.. 8 ..)
[    2.047985] random 0000 0000 0000 00000000 00000000: going to reseed nonblocking with 64 bits (64 of 0 requested)
[    2.047988] random 0000 0000 0000 00000000 00000000: extract_entropy(.. 8 ..)
[    2.047990] random 0000 0000 0000 00000000 00000000: trying to extract 64 bits from input
[    2.047992] random 0000 0000 0000 00000000 00000000: debiting 0 entropy credits from input
[    2.047995] random 0000 0000 0000 00000000 00000000: extract_entropy account returned: 0 
[    2.047997] random 0000 0000 0000 00000000 00000000: urand_change_num 5 xfer_secondary_pool(8): pool_sig 00000000, data_sig 00000000, bytes_mixed 0 00000000 00000000
[    2.048000] random 0000 0000 0000 00000000 00000000: trying to extract 64 bits from nonblocking
[    2.048003] random 0000 0000 0000 00000000 00000000: debiting 64 entropy credits from nonblocking (unlimited)
[    2.048005] random 0000 0000 0000 00000000 00000000: extract_entropy account returned: 8 
[    2.048009] random 0000 0000 0000 00000000 00000000: urand_change_num 6 extract_buf: pool_sig 00000000, data_sig fffffff9, bytes_mixed 20 00000000 00000000
[    2.056271] ehci_hcd 0000:02:03.0: USB 2.0 started, EHCI 1.00
[    2.056323] usb usb1: configuration #1 chosen from 1 choice
[    2.056342] hub 1-0:1.0: USB hub found
[    2.056346] hub 1-0:1.0: 6 ports detected
[    2.056399] ohci_hcd: USB 1.1 'Open' Host Controller (OHCI) Driver
[    2.056410] uhci_hcd: USB Universal Host Controller Interface driver
[    2.056462] ACPI: PCI Interrupt Link [LNKC] enabled at IRQ 10
[    2.056465] PCI: setting IRQ 10 as level-triggered
[    2.056469] uhci_hcd 0000:02:00.0: PCI INT A -> Link[LNKC] -> GSI 10 (level, low) -> IRQ 10
[    2.056501] uhci_hcd 0000:02:00.0: UHCI Host Controller
[    2.056527] uhci_hcd 0000:02:00.0: new USB bus registered, assigned bus number 2
[    2.056638] uhci_hcd 0000:02:00.0: irq 10, io base 0x000020c0
[    2.056690] usb usb2: configuration #1 chosen from 1 choice
[    2.056715] hub 2-0:1.0: USB hub found
[    2.056729] hub 2-0:1.0: 2 ports detected
[    2.056782] usbcore: registered new interface driver libusual
[    2.056808] PNP: PS/2 Controller [PNP0303:KBC,PNP0f13:MOUS] at 0x60,0x64 irq 1,12
[    2.057139] serio: i8042 KBD port at 0x60,0x64 irq 1
[    2.057146] serio: i8042 AUX port at 0x60,0x64 irq 12
[    2.057180] mice: PS/2 mouse device common for all mice
[    2.057232] rtc_cmos 00:04: rtc core: registered rtc_cmos as rtc0
[    2.057326] rtc0: alarms up to one month, y3k, 114 bytes nvram, hpet irqs
[    2.057379] device-mapper: uevent: version 1.0.3
[    2.057504] device-mapper: ioctl: 4.15.0-ioctl (2009-04-01) initialised: dm-devel@redhat.com
[    2.057522] EISA: Probing bus 0 at eisa.0
[    2.057550] Cannot allocate resource for EISA slot 1
[    2.057552] Cannot allocate resource for EISA slot 2
[    2.057553] Cannot allocate resource for EISA slot 3
[    2.057555] Cannot allocate resource for EISA slot 4
[    2.057557] Cannot allocate resource for EISA slot 5
[    2.057559] Cannot allocate resource for EISA slot 6
[    2.057561] Cannot allocate resource for EISA slot 7
[    2.057563] Cannot allocate resource for EISA slot 8
[    2.057565] EISA: Detected 0 cards.
[    2.057611] cpuidle: using governor ladder
[    2.057613] cpuidle: using governor menu
[    2.057719] random 0000 0000 0000 00000000 00000000: rand_read_num 4 get_random_bytes(136): sig 0000021d 00000000 00000000
[    2.057722] random 0000 0000 0000 00000000 00000000: extract_entropy(.. 136 ..)
[    2.057725] random 0000 0000 0000 00000000 00000000: going to reseed nonblocking with 1024 bits (1088 of 0 requested)
[    2.057727] random 0000 0000 0000 00000000 00000000: extract_entropy(.. 128 ..)
[    2.057729] random 0000 0000 0000 00000000 00000000: trying to extract 1024 bits from input
[    2.057731] random 0000 0000 0000 00000000 00000000: debiting 0 entropy credits from input
[    2.057734] random 0000 0000 0000 00000000 00000000: extract_entropy account returned: 0 
[    2.057737] random 0000 0000 0000 00000000 00000000: urand_change_num 7 xfer_secondary_pool(136): pool_sig 0000021d, data_sig 00000000, bytes_mixed 0 00000000 00000000
[    2.057739] random 0000 0000 0000 00000000 00000000: trying to extract 1088 bits from nonblocking
[    2.057742] random 0000 0000 0000 00000000 00000000: debiting 1088 entropy credits from nonblocking (unlimited)
[    2.057744] random 0000 0000 0000 00000000 00000000: extract_entropy account returned: 136 
[    2.057748] random 0000 0000 0000 00000000 00000000: urand_change_num 8 extract_buf: pool_sig 0000021d, data_sig fffffff7, bytes_mixed 20 00000000 00000000
[    2.057753] random 0000 0000 0000 f961ee50 ba9cb1aa: urand_change_num 9 extract_buf: pool_sig 00000230, data_sig fffffeb4, bytes_mixed 20 f961ee50 ba9cb1aa
[    2.057757] random 0000 0000 0000 9748bdd6 56fb8af6: urand_change_num 10 extract_buf: pool_sig 00000373, data_sig 000000cf, bytes_mixed 20 9748bdd6 56fb8af6
[    2.057762] random 0000 0000 0000 9748bdd6 56fb8af6: urand_change_num 11 extract_buf: pool_sig fffffe49, data_sig 0000023f, bytes_mixed 20 9748bdd6 56fb8af6
[    2.057766] random 0000 0000 0000 a135be86 4777650e: urand_change_num 12 extract_buf: pool_sig fffffcce, data_sig 000000c6, bytes_mixed 20 a135be86 4777650e
[    2.057771] random 0000 0000 0000 4a6ea85d 170e00dd: urand_change_num 13 extract_buf: pool_sig ffffff97, data_sig ffffff7d, bytes_mixed 20 4a6ea85d 170e00dd
[    2.057775] random 0000 0000 0000 4a6ea85d 170e00dd: urand_change_num 14 extract_buf: pool_sig 00000160, data_sig fffffeea, bytes_mixed 20 4a6ea85d 170e00dd
[    2.057780] random 0000 0000 0000 6e87c3cb da668c73: urand_change_num 15 extract_buf: pool_sig 0000034f, data_sig ffffff54, bytes_mixed 20 6e87c3cb da668c73
[    2.057784] random 0000 0000 0000 6e87c3cb da668c73: urand_change_num 16 extract_buf: pool_sig fffffdc5, data_sig 00000205, bytes_mixed 20 6e87c3cb da668c73
[    2.057788] random 0000 0000 0000 39f531e6 461eb249: urand_change_num 17 extract_buf: pool_sig fffffc1d, data_sig ffffff5e, bytes_mixed 20 39f531e6 461eb249
[    2.057793] random 0000 0000 0000 7e1538a2 3e661182: urand_change_num 18 extract_buf: pool_sig 000006ef, data_sig ffffff2e, bytes_mixed 20 7e1538a2 3e661182
[    2.057797] random 0000 0000 0000 7e1538a2 3e661182: urand_change_num 19 extract_buf: pool_sig 00000317, data_sig fffffccb, bytes_mixed 20 7e1538a2 3e661182
[    2.057802] random 0000 0000 0000 76af506b 9b57305e: urand_change_num 20 extract_buf: pool_sig 00000227, data_sig ffffffd2, bytes_mixed 20 76af506b 9b57305e
[    2.057806] random 0000 0000 0000 37d49d89 e20417cc: urand_change_num 21 extract_buf: pool_sig 0000080b, data_sig 000001e9, bytes_mixed 20 37d49d89 e20417cc
[    2.057810] TCP cubic registered
[    2.057863] NET: Registered protocol family 10
[    2.057899] RANDOM - __random32 called. Change num 12.  Value: 8f3eba68	c1db9b96	544fe79f
[    2.057901] RANDOM - random32 called.  Value: 8f3eba68	c1db9b96	544fe79f
[    2.057910] random 0000 0000 0000 37d49d89 e20417cc: rand_read_num 5 get_random_bytes(4): sig 00000298 37d49d89 e20417cc
[    2.057912] random 0000 0000 0000 37d49d89 e20417cc: extract_entropy(.. 4 ..)
[    2.057915] random 0000 0000 0000 37d49d89 e20417cc: going to reseed nonblocking with 64 bits (32 of 0 requested)
[    2.057917] random 0000 0000 0000 37d49d89 e20417cc: extract_entropy(.. 8 ..)
[    2.057919] random 0000 0000 0000 37d49d89 e20417cc: trying to extract 64 bits from input
[    2.057921] random 0000 0000 0000 37d49d89 e20417cc: debiting 0 entropy credits from input
[    2.057923] random 0000 0000 0000 37d49d89 e20417cc: extract_entropy account returned: 0 
[    2.057926] random 0000 0000 0000 37d49d89 e20417cc: urand_change_num 22 xfer_secondary_pool(4): pool_sig 00000298, data_sig 00000000, bytes_mixed 0 37d49d89 e20417cc
[    2.057929] random 0000 0000 0000 37d49d89 e20417cc: trying to extract 32 bits from nonblocking
[    2.057931] random 0000 0000 0000 37d49d89 e20417cc: debiting 32 entropy credits from nonblocking (unlimited)
[    2.057952] random 0000 0000 0000 37d49d89 e20417cc: extract_entropy account returned: 4 
[    2.057956] random 0000 0000 0000 37d49d89 e20417cc: urand_change_num 23 extract_buf: pool_sig 00000298, data_sig 00000092, bytes_mixed 20 37d49d89 e20417cc
[    2.058008] RANDOM - __random32 called. Change num 13.  Value: eba68b0e	1db9b963	cf3ec61b
[    2.058010] RANDOM - random32 called.  Value: eba68b0e	1db9b963	cf3ec61b
[    2.058063] NET: Registered protocol family 17
[    2.058085] Using IPI No-Shortcut mode
[    2.058091] random 0000 0000 0000 2ee4c4fc 167bdb15: rand_read_num 6 get_random_bytes(8): sig fffffcbf 2ee4c4fc 167bdb15
[    2.058093] random 0000 0000 0000 2ee4c4fc 167bdb15: extract_entropy(.. 8 ..)
[    2.058095] random 0000 0000 0000 2ee4c4fc 167bdb15: going to reseed nonblocking with 64 bits (64 of 0 requested)
[    2.058097] random 0000 0000 0000 2ee4c4fc 167bdb15: extract_entropy(.. 8 ..)
[    2.058099] random 0000 0000 0000 2ee4c4fc 167bdb15: trying to extract 64 bits from input
[    2.058101] random 0000 0000 0000 2ee4c4fc 167bdb15: debiting 0 entropy credits from input
[    2.058103] random 0000 0000 0000 2ee4c4fc 167bdb15: extract_entropy account returned: 0 
[    2.058106] random 0000 0000 0000 2ee4c4fc 167bdb15: urand_change_num 24 xfer_secondary_pool(8): pool_sig fffffcbf, data_sig 00000000, bytes_mixed 0 2ee4c4fc 167bdb15
[    2.058108] random 0000 0000 0000 2ee4c4fc 167bdb15: trying to extract 64 bits from nonblocking
[    2.058111] random 0000 0000 0000 2ee4c4fc 167bdb15: debiting 64 entropy credits from nonblocking (unlimited)
[    2.058113] random 0000 0000 0000 2ee4c4fc 167bdb15: extract_entropy account returned: 8 
[    2.058116] random 0000 0000 0000 2ee4c4fc 167bdb15: urand_change_num 25 extract_buf: pool_sig fffffcbf, data_sig ffffff83, bytes_mixed 20 2ee4c4fc 167bdb15
[    2.058155] PM: Resume from disk failed.
[    2.058163] registered taskstats version 1
[    2.058169] random 0000 0000 0000 2ee4c4fc 167bdb15: rand_read_num 7 get_random_bytes(12): sig fffffc69 2ee4c4fc 167bdb15
[    2.058171] random 0000 0000 0000 2ee4c4fc 167bdb15: extract_entropy(.. 12 ..)
[    2.058173] random 0000 0000 0000 2ee4c4fc 167bdb15: going to reseed nonblocking with 96 bits (96 of 0 requested)
[    2.058175] random 0000 0000 0000 2ee4c4fc 167bdb15: extract_entropy(.. 12 ..)
[    2.058177] random 0000 0000 0000 2ee4c4fc 167bdb15: trying to extract 96 bits from input
[    2.058179] random 0000 0000 0000 2ee4c4fc 167bdb15: debiting 0 entropy credits from input
[    2.058181] random 0000 0000 0000 2ee4c4fc 167bdb15: extract_entropy account returned: 0 
[    2.058184] random 0000 0000 0000 2ee4c4fc 167bdb15: urand_change_num 26 xfer_secondary_pool(12): pool_sig fffffc69, data_sig 00000000, bytes_mixed 0 2ee4c4fc 167bdb15
[    2.058186] random 0000 0000 0000 2ee4c4fc 167bdb15: trying to extract 96 bits from nonblocking
[    2.058188] random 0000 0000 0000 2ee4c4fc 167bdb15: debiting 96 entropy credits from nonblocking (unlimited)
[    2.058190] random 0000 0000 0000 2ee4c4fc 167bdb15: extract_entropy account returned: 12 
[    2.058194] random 0000 0000 0000 2ee4c4fc 167bdb15: urand_change_num 27 extract_buf: pool_sig fffffc69, data_sig ffffff7d, bytes_mixed 20 2ee4c4fc 167bdb15
[    2.058198] random 0000 0000 0000 83b7c1ab 94697f48: urand_change_num 28 extract_buf: pool_sig fffffe30, data_sig fffffdd6, bytes_mixed 20 83b7c1ab 94697f48
[    2.058201] RANDOM - __seed init called.
[    2.058202] RANDOM - __seed init called.
[    2.058203] RANDOM - __seed init called.
[    2.058205] RANDOM - __random32 called. Change num 14.  Value: fc007995	feca4f80	21b38ad2
[    2.058206] RANDOM - random32_reseed called.  Value: fc007995	feca4f80	21b38ad2
[    2.058209] Pid: 1, comm: swapper Not tainted 2.6.32.57 #4
[    2.058210] Call Trace:
[    2.058216]  [<c14a8a0e>] ? printk+0x1d/0x1f
[    2.058220]  [<c17537e5>] random32_reseed+0x89/0xbd
[    2.058224]  [<c1003042>] do_one_initcall+0x32/0x1a0
[    2.058226]  [<c175375c>] ? random32_reseed+0x0/0xbd
[    2.058229]  [<c17308e7>] kernel_init+0x12d/0x17a
[    2.058232]  [<c17307ba>] ? kernel_init+0x0/0x17a
[    2.058235]  [<c1009b07>] kernel_thread_helper+0x7/0x10
[    2.060716] input: AT Translated Set 2 keyboard as /devices/platform/i8042/serio0/input/input1
[    2.060993] random 0000 0000 0000 6db70b00 b30ce96b: rand_read_num 8 get_random_bytes(64): sig fffffb38 6db70b00 b30ce96b
[    2.060996] random 0000 0000 0000 6db70b00 b30ce96b: extract_entropy(.. 64 ..)
[    2.060998] random 0000 0000 0000 6db70b00 b30ce96b: going to reseed nonblocking with 512 bits (512 of 0 requested)
[    2.061000] random 0000 0000 0000 6db70b00 b30ce96b: extract_entropy(.. 64 ..)
[    2.061003] random 0000 0000 0000 6db70b00 b30ce96b: trying to extract 512 bits from input
[    2.061005] random 0000 0000 0000 6db70b00 b30ce96b: debiting 0 entropy credits from input
[    2.061007] random 0000 0000 0000 6db70b00 b30ce96b: extract_entropy account returned: 0 
[    2.061010] random 0000 0000 0000 6db70b00 b30ce96b: urand_change_num 29 xfer_secondary_pool(64): pool_sig fffffb38, data_sig 00000000, bytes_mixed 0 6db70b00 b30ce96b
[    2.061013] random 0000 0000 0000 6db70b00 b30ce96b: trying to extract 512 bits from nonblocking
[    2.061015] random 0000 0000 0000 6db70b00 b30ce96b: debiting 512 entropy credits from nonblocking (unlimited)
[    2.061017] random 0000 0000 0000 6db70b00 b30ce96b: extract_entropy account returned: 64 
[    2.061021] random 0000 0000 0000 6db70b00 b30ce96b: urand_change_num 30 extract_buf: pool_sig fffffb38, data_sig 00000151, bytes_mixed 20 6db70b00 b30ce96b
[    2.061025] random 0000 0000 0000 6db70b00 b30ce96b: urand_change_num 31 extract_buf: pool_sig fffffdb8, data_sig 00000379, bytes_mixed 20 6db70b00 b30ce96b
[    2.061030] random 0000 0000 0000 6b83001e d4b6c0d3: urand_change_num 32 extract_buf: pool_sig ffffffc9, data_sig 00000198, bytes_mixed 20 6b83001e d4b6c0d3
[    2.061034] random 0000 0000 0000 79d3e3c7 be564518: urand_change_num 33 extract_buf: pool_sig 000002b9, data_sig ffffff84, bytes_mixed 20 79d3e3c7 be564518
[    2.061039] random 0000 0000 0000 79d3e3c7 be564518: urand_change_num 34 extract_buf: pool_sig ffffff55, data_sig ffffff5a, bytes_mixed 20 79d3e3c7 be564518
[    2.061043] random 0000 0000 0000 89c03cb2 0d353228: urand_change_num 35 extract_buf: pool_sig 00000007, data_sig ffffff17, bytes_mixed 20 89c03cb2 0d353228
[    2.061048] random 0000 0000 0000 89c03cb2 0d353228: urand_change_num 36 extract_buf: pool_sig fffffdae, data_sig 000000db, bytes_mixed 20 89c03cb2 0d353228  Magic number: 13:162:604
[    2.061148] rtc_cmos 00:04: setting system clock to 2013-05-24 22:33:47 UTC (1369434827)
[    2.061150] BIOS EDD facility v0.16 2004-Jun-25, 0 devices found
[    2.061152] EDD information not available.
[    2.061176] random 0000 0000 0000 8ca62387 b120332c: rand_read_num 9 get_random_bytes(64): sig fffffed6 8ca62387 b120332c
[    2.061178] random 0000 0000 0000 8ca62387 b120332c: extract_entropy(.. 64 ..)
[    2.061180] random 0000 0000 0000 8ca62387 b120332c: going to reseed nonblocking with 512 bits (512 of 0 requested)
[    2.061183] random 0000 0000 0000 8ca62387 b120332c: extract_entropy(.. 64 ..)
[    2.061185] random 0000 0000 0000 8ca62387 b120332c: trying to extract 512 bits from input
[    2.061187] random 0000 0000 0000 8ca62387 b120332c: debiting 0 entropy credits from input
[    2.061189] random 0000 0000 0000 8ca62387 b120332c: extract_entropy account returned: 0 
[    2.061192] random 0000 0000 0000 8ca62387 b120332c: urand_change_num 37 xfer_secondary_pool(64): pool_sig fffffed6, data_sig 00000000, bytes_mixed 0 8ca62387 b120332c
[    2.061195] random 0000 0000 0000 8ca62387 b120332c: trying to extract 512 bits from nonblocking
[    2.061197] random 0000 0000 0000 8ca62387 b120332c: debiting 512 entropy credits from nonblocking (unlimited)
[    2.061199] random 0000 0000 0000 8ca62387 b120332c: extract_entropy account returned: 64 
[    2.061203] random 0000 0000 0000 8ca62387 b120332c: urand_change_num 38 extract_buf: pool_sig fffffed6, data_sig fffffeb6, bytes_mixed 20 8ca62387 b120332c
[    2.061207] random 0000 0000 0000 90702413 e2a66c2e: urand_change_num 39 extract_buf: pool_sig fffffbb0, data_sig 0000012e, bytes_mixed 20 90702413 e2a66c2e
[    2.061212] random 0000 0000 0000 90702413 e2a66c2e: urand_change_num 40 extract_buf: pool_sig fffffaf1, data_sig ffffff3c, bytes_mixed 20 90702413 e2a66c2e
[    2.061216] random 0000 0000 0000 3f58038b c77aecb6: urand_change_num 41 extract_buf: pool_sig 00000234, data_sig fffffdec, bytes_mixed 20 3f58038b c77aecb6
[    2.061220] random 0000 0000 0000 47187b9d 03f21510: urand_change_num 42 extract_buf: pool_sig 00000192, data_sig 00000075, bytes_mixed 20 47187b9d 03f21510
[    2.061225] random 0000 0000 0000 47187b9d 03f21510: urand_change_num 43 extract_buf: pool_sig 0000018e, data_sig ffffffbf, bytes_mixed 20 47187b9d 03f21510
[    2.061229] random 0000 0000 0000 3180b1fc 0fa9c973: urand_change_num 44 extract_buf: pool_sig fffffecf, data_sig ffffff2a, bytes_mixed 20 3180b1fc 0fa9c973
[    2.061232] BEGIN NET_SECRET:
[    2.061233] \xffffff87
[    2.061234] \xffffff8d
[    2.061236] \xfffffff4
[    2.061237] \xffffffae
[    2.061238] \xffffffc3
[    2.061239] \xffffffb7
[    2.061240] \x31
[    2.061241] \x65
[    2.061243] \xffffffda
[    2.061244] \xffffffa2
[    2.061245] \x31
[    2.061246] \xffffffc8
[    2.061247] \xffffffa9
[    2.061248] \x76
[    2.061249] \x76
[    2.061251] \xffffff90
[    2.061252] \x55
[    2.061253] \xfffffff3
[    2.061254] \xffffffb1
[    2.061255] \x3
[    2.061256] \xffffffb3
[    2.061258] \xffffffa7
[    2.061259] \x5a
[    2.061260] \x71
[    2.061261] \x70
[    2.061262] \xffffff8c
[    2.061263] \x56
[    2.061264] \x25
[    2.061265] \xffffffe1
[    2.061267] \x4c
[    2.061268] \xffffffe6
[    2.061269] \xffffff95
[    2.061270] \x67
[    2.061271] \x4c
[    2.061272] \xffffffb9
[    2.061273] \x1d
[    2.061275] \xe
[    2.061276] \x34
[    2.061277] \xffffffbe
[    2.061278] \x12
[    2.061279] \x5
[    2.061280] \xffffff98
[    2.061281] \xffffffa0
[    2.061282] \xf
[    2.061284] \xffffffb2
[    2.061285] \xffffffde
[    2.061286] \xffffff99
[    2.061287] \xf
[    2.061288] \xffffffe8
[    2.061289] \xffffffc8
[    2.061290] \x1f
[    2.061292] \x54
[    2.061293] \x2c
[    2.061294] \xffffffee
[    2.061295] \x2e
[    2.061296] \x0
[    2.061297] \xffffff95
[    2.061298] \x0
[    2.061299] \xffffffe3
[    2.061301] \xffffffa7
[    2.061302] \xfffffffd
[    2.061303] \x66
[    2.061304] \xffffff92
[    2.061305] \xfffffff0
[    2.061306] 
[    2.061307] END NET_SECRET
[    2.061310] random 0000 0000 0000 3180b1fc 0fa9c973: rand_read_num 10 get_random_bytes(4): sig ffffff46 3180b1fc 0fa9c973
[    2.061312] random 0000 0000 0000 3180b1fc 0fa9c973: extract_entropy(.. 4 ..)
[    2.061315] random 0000 0000 0000 3180b1fc 0fa9c973: going to reseed nonblocking with 64 bits (32 of 0 requested)
[    2.061317] random 0000 0000 0000 3180b1fc 0fa9c973: extract_entropy(.. 8 ..)
[    2.061319] random 0000 0000 0000 3180b1fc 0fa9c973: trying to extract 64 bits from input
[    2.061321] random 0000 0000 0000 3180b1fc 0fa9c973: debiting 0 entropy credits from input
[    2.061323] random 0000 0000 0000 3180b1fc 0fa9c973: extract_entropy account returned: 0 
[    2.061326] random 0000 0000 0000 3180b1fc 0fa9c973: urand_change_num 45 xfer_secondary_pool(4): pool_sig ffffff46, data_sig 00000000, bytes_mixed 0 3180b1fc 0fa9c973
[    2.061329] random 0000 0000 0000 3180b1fc 0fa9c973: trying to extract 32 bits from nonblocking
[    2.061331] random 0000 0000 0000 3180b1fc 0fa9c973: debiting 32 entropy credits from nonblocking (unlimited)
[    2.061333] random 0000 0000 0000 3180b1fc 0fa9c973: extract_entropy account returned: 4 
[    2.061337] random 0000 0000 0000 3180b1fc 0fa9c973: urand_change_num 46 extract_buf: pool_sig ffffff46, data_sig 0000001b, bytes_mixed 20 3180b1fc 0fa9c973
[    2.234099] ata2.00: ATAPI: VMware Virtual IDE CDROM Drive, 00000001, max UDMA/33
[    2.234380] ata2.00: configured for UDMA/33
[    2.234776] scsi 1:0:0:0: CD-ROM            NECVMWar VMware IDE CDR10 1.00 PQ: 0 ANSI: 5
[    2.236047] sr0: scsi3-mmc drive: 306x/306x cd/rw xa/form2 cdda tray
[    2.236051] Uniform CD-ROM driver Revision: 3.20
[    2.236104] sr 1:0:0:0: Attached scsi CD-ROM sr0
[    2.236141] sr 1:0:0:0: Attached scsi generic sg0 type 5
[    2.236177] Freeing unused kernel memory: 652k freed
[    2.236229] Write protecting the kernel text: 4840k
[    2.236260] Write protecting the kernel read-only data: 1968k
[    2.236345] random 0000 0000 0000 38974d2b 1d8d6de0: rand_read_num 11 get_random_bytes(16): sig 000001c6 38974d2b 1d8d6de0
