[    0.000000] random 0000 0000 0000 00000000 00000000: rand_read_num 1 get_random_bytes(8): sig 00000000 00000000 00000000
[    0.000000] random 0000 0000 0000 00000000 00000000: extract_entropy(.. 8 ..)
[    0.000000] random 0000 0000 0000 00000000 00000000: going to reseed nonblocking with 64 bits (64 of 0 requested)
[    0.000000] random 0000 0000 0000 00000000 00000000: extract_entropy(.. 8 ..)
[    0.000000] random 0000 0000 0000 00000000 00000000: trying to extract 64 bits from input
[    0.000000] random 0000 0000 0000 00000000 00000000: debiting 0 entropy credits from input
[    0.000000] random 0000 0000 0000 00000000 00000000: extract_entropy account returned: 0 
[    0.000000] random 0000 0000 0000 00000000 00000000: urand_change_num 1 xfer_secondary_pool(8): pool_sig 00000000, data_sig 00000000, bytes_mixed 0 00000000 00000000
[    0.000000] random 0000 0000 0000 00000000 00000000: trying to extract 64 bits from nonblocking
[    0.000000] random 0000 0000 0000 00000000 00000000: debiting 64 entropy credits from nonblocking (unlimited)
[    0.000000] random 0000 0000 0000 00000000 00000000: extract_entropy account returned: 8 
[    0.000000] random 0000 0000 0000 00000000 00000000: urand_change_num 2 extract_buf: pool_sig 00000000, data_sig fffffff9, bytes_mixed 20 00000000 00000000
[    0.000000] Initializing cgroup subsys cpuset
[    0.000000] Initializing cgroup subsys cpu
[    0.000000] Linux version 2.6.32.57 (dcashman@ubuntu) (gcc version 4.6.3 (Ubuntu/Linaro 4.6.3-1ubuntu5) ) #4 SMP Fri May 24 11:09:26 PDT 2013
[    0.000000] KERNEL supported cpus:
[    0.000000]   Intel GenuineIntel
[    0.000000]   AMD AuthenticAMD
[    0.000000]   NSC Geode by NSC
[    0.000000]   Cyrix CyrixInstead
[    0.000000]   Centaur CentaurHauls
[    0.000000]   Transmeta GenuineTMx86
[    0.000000]   Transmeta TransmetaCPU
[    0.000000]   UMC UMC UMC UMC
[    0.000000] BIOS-provided physical RAM map:
[    0.000000]  BIOS-e820: 0000000000000000 - 000000000009f000 (usable)
[    0.000000]  BIOS-e820: 000000000009f000 - 00000000000a0000 (reserved)
[    0.000000]  BIOS-e820: 00000000000ca000 - 00000000000cc000 (reserved)
[    0.000000]  BIOS-e820: 00000000000dc000 - 0000000000100000 (reserved)
[    0.000000]  BIOS-e820: 0000000000100000 - 000000003fee0000 (usable)
[    0.000000]  BIOS-e820: 000000003fee0000 - 000000003feff000 (ACPI data)
[    0.000000]  BIOS-e820: 000000003feff000 - 000000003ff00000 (ACPI NVS)
[    0.000000]  BIOS-e820: 000000003ff00000 - 0000000040000000 (usable)
[    0.000000]  BIOS-e820: 00000000e0000000 - 00000000f0000000 (reserved)
[    0.000000]  BIOS-e820: 00000000fec00000 - 00000000fec10000 (reserved)
[    0.000000]  BIOS-e820: 00000000fee00000 - 00000000fee01000 (reserved)
[    0.000000]  BIOS-e820: 00000000fffe0000 - 0000000100000000 (reserved)
[    0.000000] DMI present.
[    0.000000] Phoenix BIOS detected: BIOS may corrupt low RAM, working around it.
[    0.000000] e820 update range: 0000000000000000 - 0000000000010000 (usable) ==> (reserved)
[    0.000000] last_pfn = 0x40000 max_arch_pfn = 0x1000000
[    0.000000] MTRR default type: uncachable
[    0.000000] MTRR fixed ranges enabled:
[    0.000000]   00000-9FFFF write-back
[    0.000000]   A0000-BFFFF uncachable
[    0.000000]   C0000-CBFFF write-protect
[    0.000000]   CC000-EFFFF uncachable
[    0.000000]   F0000-FFFFF write-protect
[    0.000000] MTRR variable ranges enabled:
[    0.000000]   0 base 0000000000 mask FFC0000000 write-back
[    0.000000]   1 disabled
[    0.000000]   2 disabled
[    0.000000]   3 disabled
[    0.000000]   4 disabled
[    0.000000]   5 disabled
[    0.000000]   6 disabled
[    0.000000]   7 disabled
[    0.000000] x86 PAT enabled: cpu 0, old 0x0, new 0x7010600070106
[    0.000000] Scanning 0 areas for low memory corruption
[    0.000000] modified physical RAM map:
[    0.000000]  modified: 0000000000000000 - 0000000000010000 (reserved)
[    0.000000]  modified: 0000000000010000 - 000000000009f000 (usable)
[    0.000000]  modified: 000000000009f000 - 00000000000a0000 (reserved)
[    0.000000]  modified: 00000000000ca000 - 00000000000cc000 (reserved)
[    0.000000]  modified: 00000000000dc000 - 0000000000100000 (reserved)
[    0.000000]  modified: 0000000000100000 - 000000003fee0000 (usable)
[    0.000000]  modified: 000000003fee0000 - 000000003feff000 (ACPI data)
[    0.000000]  modified: 000000003feff000 - 000000003ff00000 (ACPI NVS)
[    0.000000]  modified: 000000003ff00000 - 0000000040000000 (usable)
[    0.000000]  modified: 00000000e0000000 - 00000000f0000000 (reserved)
[    0.000000]  modified: 00000000fec00000 - 00000000fec10000 (reserved)
[    0.000000]  modified: 00000000fee00000 - 00000000fee01000 (reserved)
[    0.000000]  modified: 00000000fffe0000 - 0000000100000000 (reserved)
[    0.000000] initial memory mapped : 0 - 01e00000
[    0.000000] init_memory_mapping: 0000000000000000-00000000379fe000
[    0.000000] NX (Execute Disable) protection: active
[    0.000000]  0000000000 - 0000200000 page 4k
[    0.000000]  0000200000 - 0037800000 page 2M
[    0.000000]  0037800000 - 00379fe000 page 4k
[    0.000000] kernel direct mapping tables up to 379fe000 @ 10000-16000
[    0.000000] RAMDISK: 2dcfc000 - 32e758c3
[    0.000000] ACPI: RSDP 000f6b80 00024 (v02 PTLTD )
[    0.000000] ACPI: XSDT 3feed636 0005C (v01 INTEL  440BX    06040000 VMW  01324272)
[    0.000000] ACPI: FACP 3fefee98 000F4 (v04 INTEL  440BX    06040000 PTL  000F4240)
[    0.000000] ACPI: DSDT 3feee366 10B32 (v01 PTLTD  Custom   06040000 MSFT 03000001)
[    0.000000] ACPI: FACS 3fefffc0 00040
[    0.000000] ACPI: BOOT 3feee33e 00028 (v01 PTLTD  $SBFTBL$ 06040000  LTP 00000001)
[    0.000000] ACPI: APIC 3feedc3e 003C2 (v01 PTLTD  ? APIC   06040000  LTP 00000000)
[    0.000000] ACPI: MCFG 3feedc02 0003C (v01 PTLTD  $PCITBL$ 06040000  LTP 00000001)
[    0.000000] ACPI: SRAT 3feed732 004D0 (v02 VMWARE MEMPLUG  06040000 VMW  00000001)
[    0.000000] ACPI: HPET 3feed6fa 00038 (v01 VMWARE VMW HPET 06040000 VMW  00000001)
[    0.000000] ACPI: WAET 3feed6d2 00028 (v01 VMWARE VMW WAET 06040000 VMW  00000001)
[    0.000000] ACPI: Local APIC address 0xfee00000
[    0.000000] 134MB HIGHMEM available.
[    0.000000] 889MB LOWMEM available.
[    0.000000]   mapped low ram: 0 - 379fe000
[    0.000000]   low ram: 0 - 379fe000
[    0.000000]   node 0 low ram: 00000000 - 379fe000
[    0.000000]   node 0 bootmap 00012000 - 00018f40
[    0.000000] (9 early reservations) ==> bootmem [0000000000 - 00379fe000]
[    0.000000]   #0 [0000000000 - 0000001000]   BIOS data page ==> [0000000000 - 0000001000]
[    0.000000]   #1 [0000001000 - 0000002000]    EX TRAMPOLINE ==> [0000001000 - 0000002000]
[    0.000000]   #2 [0000006000 - 0000007000]       TRAMPOLINE ==> [0000006000 - 0000007000]
[    0.000000]   #3 [0001000000 - 0001a75ff8]    TEXT DATA BSS ==> [0001000000 - 0001a75ff8]
[    0.000000]   #4 [002dcfc000 - 0032e758c3]          RAMDISK ==> [002dcfc000 - 0032e758c3]
[    0.000000]   #5 [000009f000 - 0000100000]    BIOS reserved ==> [000009f000 - 0000100000]
[    0.000000]   #6 [0001a76000 - 0001a851c0]              BRK ==> [0001a76000 - 0001a851c0]
[    0.000000]   #7 [0000010000 - 0000012000]          PGTABLE ==> [0000010000 - 0000012000]
[    0.000000]   #8 [0000012000 - 0000019000]          BOOTMAP ==> [0000012000 - 0000019000]
[    0.000000] found SMP MP-table at [c00f6bf0] f6bf0
[    0.000000] Zone PFN ranges:
[    0.000000]   DMA      0x00000010 -> 0x00001000
[    0.000000]   Normal   0x00001000 -> 0x000379fe
[    0.000000]   HighMem  0x000379fe -> 0x00040000
[    0.000000] Movable zone start PFN for each node
[    0.000000] early_node_map[3] active PFN ranges
[    0.000000]     0: 0x00000010 -> 0x0000009f
[    0.000000]     0: 0x00000100 -> 0x0003fee0
[    0.000000]     0: 0x0003ff00 -> 0x00040000
[    0.000000] On node 0 totalpages: 261999
[    0.000000] free_area_init_node: node 0, pgdat c1715200, node_mem_map c1a87200
[    0.000000]   DMA zone: 32 pages used for memmap
[    0.000000]   DMA zone: 0 pages reserved
[    0.000000]   DMA zone: 3951 pages, LIFO batch:0
[    0.000000]   Normal zone: 1748 pages used for memmap
[    0.000000]   Normal zone: 221994 pages, LIFO batch:31
[    0.000000]   HighMem zone: 269 pages used for memmap
[    0.000000]   HighMem zone: 34005 pages, LIFO batch:7
[    0.000000] Using APIC driver default
[    0.000000] ACPI: PM-Timer IO Port: 0x1008
[    0.000000] ACPI: Local APIC address 0xfee00000
[    0.000000] ACPI: LAPIC (acpi_id[0x00] lapic_id[0x00] enabled)
[    0.000000] ACPI: LAPIC (acpi_id[0x01] lapic_id[0x02] disabled)
[    0.000000] ACPI: LAPIC (acpi_id[0x02] lapic_id[0x04] disabled)
[    0.000000] ACPI: LAPIC (acpi_id[0x03] lapic_id[0x06] disabled)
[    0.000000] ACPI: LAPIC (acpi_id[0x04] lapic_id[0x08] disabled)
[    0.000000] ACPI: LAPIC (acpi_id[0x05] lapic_id[0x0a] disabled)
[    0.000000] ACPI: LAPIC (acpi_id[0x06] lapic_id[0x0c] disabled)
[    0.000000] ACPI: LAPIC (acpi_id[0x07] lapic_id[0x0e] disabled)
[    0.000000] ACPI: LAPIC (acpi_id[0x08] lapic_id[0x10] disabled)
[    0.000000] ACPI: LAPIC (acpi_id[0x09] lapic_id[0x12] disabled)
[    0.000000] ACPI: LAPIC (acpi_id[0x0a] lapic_id[0x14] disabled)
[    0.000000] ACPI: LAPIC (acpi_id[0x0b] lapic_id[0x16] disabled)
[    0.000000] ACPI: LAPIC (acpi_id[0x0c] lapic_id[0x18] disabled)
[    0.000000] ACPI: LAPIC (acpi_id[0x0d] lapic_id[0x1a] disabled)
[    0.000000] ACPI: LAPIC (acpi_id[0x0e] lapic_id[0x1c] disabled)
[    0.000000] ACPI: LAPIC (acpi_id[0x0f] lapic_id[0x1e] disabled)
[    0.000000] ACPI: LAPIC (acpi_id[0x10] lapic_id[0x20] disabled)
[    0.000000] ACPI: LAPIC (acpi_id[0x11] lapic_id[0x22] disabled)
[    0.000000] ACPI: LAPIC (acpi_id[0x12] lapic_id[0x24] disabled)
[    0.000000] ACPI: LAPIC (acpi_id[0x13] lapic_id[0x26] disabled)
[    0.000000] ACPI: LAPIC (acpi_id[0x14] lapic_id[0x28] disabled)
[    0.000000] ACPI: LAPIC (acpi_id[0x15] lapic_id[0x2a] disabled)
[    0.000000] ACPI: LAPIC (acpi_id[0x16] lapic_id[0x2c] disabled)
[    0.000000] ACPI: LAPIC (acpi_id[0x17] lapic_id[0x2e] disabled)
[    0.000000] ACPI: LAPIC (acpi_id[0x18] lapic_id[0x30] disabled)
[    0.000000] ACPI: LAPIC (acpi_id[0x19] lapic_id[0x32] disabled)
[    0.000000] ACPI: LAPIC (acpi_id[0x1a] lapic_id[0x34] disabled)
[    0.000000] ACPI: LAPIC (acpi_id[0x1b] lapic_id[0x36] disabled)
[    0.000000] ACPI: LAPIC (acpi_id[0x1c] lapic_id[0x38] disabled)
[    0.000000] ACPI: LAPIC (acpi_id[0x1d] lapic_id[0x3a] disabled)
[    0.000000] ACPI: LAPIC (acpi_id[0x1e] lapic_id[0x3c] disabled)
[    0.000000] ACPI: LAPIC (acpi_id[0x1f] lapic_id[0x3e] disabled)
[    0.000000] ACPI: LAPIC (acpi_id[0x20] lapic_id[0x40] disabled)
[    0.000000] ACPI: LAPIC (acpi_id[0x21] lapic_id[0x42] disabled)
[    0.000000] ACPI: LAPIC (acpi_id[0x22] lapic_id[0x44] disabled)
[    0.000000] ACPI: LAPIC (acpi_id[0x23] lapic_id[0x46] disabled)
[    0.000000] ACPI: LAPIC (acpi_id[0x24] lapic_id[0x48] disabled)
[    0.000000] ACPI: LAPIC (acpi_id[0x25] lapic_id[0x4a] disabled)
[    0.000000] ACPI: LAPIC (acpi_id[0x26] lapic_id[0x4c] disabled)
[    0.000000] ACPI: LAPIC (acpi_id[0x27] lapic_id[0x4e] disabled)
[    0.000000] ACPI: LAPIC (acpi_id[0x28] lapic_id[0x50] disabled)
[    0.000000] ACPI: LAPIC (acpi_id[0x29] lapic_id[0x52] disabled)
[    0.000000] ACPI: LAPIC (acpi_id[0x2a] lapic_id[0x54] disabled)
[    0.000000] ACPI: LAPIC (acpi_id[0x2b] lapic_id[0x56] disabled)
[    0.000000] ACPI: LAPIC (acpi_id[0x2c] lapic_id[0x58] disabled)
[    0.000000] ACPI: LAPIC (acpi_id[0x2d] lapic_id[0x5a] disabled)
[    0.000000] ACPI: LAPIC (acpi_id[0x2e] lapic_id[0x5c] disabled)
[    0.000000] ACPI: LAPIC (acpi_id[0x2f] lapic_id[0x5e] disabled)
[    0.000000] ACPI: LAPIC (acpi_id[0x30] lapic_id[0x60] disabled)
[    0.000000] ACPI: LAPIC (acpi_id[0x31] lapic_id[0x62] disabled)
[    0.000000] ACPI: LAPIC (acpi_id[0x32] lapic_id[0x64] disabled)
[    0.000000] ACPI: LAPIC (acpi_id[0x33] lapic_id[0x66] disabled)
[    0.000000] ACPI: LAPIC (acpi_id[0x34] lapic_id[0x68] disabled)
[    0.000000] ACPI: LAPIC (acpi_id[0x35] lapic_id[0x6a] disabled)
[    0.000000] ACPI: LAPIC (acpi_id[0x36] lapic_id[0x6c] disabled)
[    0.000000] ACPI: LAPIC (acpi_id[0x37] lapic_id[0x6e] disabled)
[    0.000000] ACPI: LAPIC (acpi_id[0x38] lapic_id[0x70] disabled)
[    0.000000] ACPI: LAPIC (acpi_id[0x39] lapic_id[0x72] disabled)
[    0.000000] ACPI: LAPIC (acpi_id[0x3a] lapic_id[0x74] disabled)
[    0.000000] ACPI: LAPIC (acpi_id[0x3b] lapic_id[0x76] disabled)
[    0.000000] ACPI: LAPIC (acpi_id[0x3c] lapic_id[0x78] disabled)
[    0.000000] ACPI: LAPIC (acpi_id[0x3d] lapic_id[0x7a] disabled)
[    0.000000] ACPI: LAPIC (acpi_id[0x3e] lapic_id[0x7c] disabled)
[    0.000000] ACPI: LAPIC (acpi_id[0x3f] lapic_id[0x7e] disabled)
[    0.000000] ACPI: LAPIC_NMI (acpi_id[0x00] high edge lint[0x1])
[    0.000000] ACPI: LAPIC_NMI (acpi_id[0x01] high edge lint[0x1])
[    0.000000] ACPI: LAPIC_NMI (acpi_id[0x02] high edge lint[0x1])
[    0.000000] ACPI: LAPIC_NMI (acpi_id[0x03] high edge lint[0x1])
[    0.000000] ACPI: LAPIC_NMI (acpi_id[0x04] high edge lint[0x1])
[    0.000000] ACPI: LAPIC_NMI (acpi_id[0x05] high edge lint[0x1])
[    0.000000] ACPI: LAPIC_NMI (acpi_id[0x06] high edge lint[0x1])
[    0.000000] ACPI: LAPIC_NMI (acpi_id[0x07] high edge lint[0x1])
[    0.000000] ACPI: LAPIC_NMI (acpi_id[0x08] high edge lint[0x1])
[    0.000000] ACPI: LAPIC_NMI (acpi_id[0x09] high edge lint[0x1])
[    0.000000] ACPI: LAPIC_NMI (acpi_id[0x0a] high edge lint[0x1])
[    0.000000] ACPI: LAPIC_NMI (acpi_id[0x0b] high edge lint[0x1])
[    0.000000] ACPI: LAPIC_NMI (acpi_id[0x0c] high edge lint[0x1])
[    0.000000] ACPI: LAPIC_NMI (acpi_id[0x0d] high edge lint[0x1])
[    0.000000] ACPI: LAPIC_NMI (acpi_id[0x0e] high edge lint[0x1])
[    0.000000] ACPI: LAPIC_NMI (acpi_id[0x0f] high edge lint[0x1])
[    0.000000] ACPI: LAPIC_NMI (acpi_id[0x10] high edge lint[0x1])
[    0.000000] ACPI: LAPIC_NMI (acpi_id[0x11] high edge lint[0x1])
[    0.000000] ACPI: LAPIC_NMI (acpi_id[0x12] high edge lint[0x1])
[    0.000000] ACPI: LAPIC_NMI (acpi_id[0x13] high edge lint[0x1])
[    0.000000] ACPI: LAPIC_NMI (acpi_id[0x14] high edge lint[0x1])
[    0.000000] ACPI: LAPIC_NMI (acpi_id[0x15] high edge lint[0x1])
[    0.000000] ACPI: LAPIC_NMI (acpi_id[0x16] high edge lint[0x1])
[    0.000000] ACPI: LAPIC_NMI (acpi_id[0x17] high edge lint[0x1])
[    0.000000] ACPI: LAPIC_NMI (acpi_id[0x18] high edge lint[0x1])
[    0.000000] ACPI: LAPIC_NMI (acpi_id[0x19] high edge lint[0x1])
[    0.000000] ACPI: LAPIC_NMI (acpi_id[0x1a] high edge lint[0x1])
[    0.000000] ACPI: LAPIC_NMI (acpi_id[0x1b] high edge lint[0x1])
[    0.000000] ACPI: LAPIC_NMI (acpi_id[0x1c] high edge lint[0x1])
[    0.000000] ACPI: LAPIC_NMI (acpi_id[0x1d] high edge lint[0x1])
[    0.000000] ACPI: LAPIC_NMI (acpi_id[0x1e] high edge lint[0x1])
[    0.000000] ACPI: LAPIC_NMI (acpi_id[0x1f] high edge lint[0x1])
[    0.000000] ACPI: LAPIC_NMI (acpi_id[0x20] high edge lint[0x1])
[    0.000000] ACPI: LAPIC_NMI (acpi_id[0x21] high edge lint[0x1])
[    0.000000] ACPI: LAPIC_NMI (acpi_id[0x22] high edge lint[0x1])
[    0.000000] ACPI: LAPIC_NMI (acpi_id[0x23] high edge lint[0x1])
[    0.000000] ACPI: LAPIC_NMI (acpi_id[0x24] high edge lint[0x1])
[    0.000000] ACPI: LAPIC_NMI (acpi_id[0x25] high edge lint[0x1])
[    0.000000] ACPI: LAPIC_NMI (acpi_id[0x26] high edge lint[0x1])
[    0.000000] ACPI: LAPIC_NMI (acpi_id[0x27] high edge lint[0x1])
[    0.000000] ACPI: LAPIC_NMI (acpi_id[0x28] high edge lint[0x1])
[    0.000000] ACPI: LAPIC_NMI (acpi_id[0x29] high edge lint[0x1])
[    0.000000] ACPI: LAPIC_NMI (acpi_id[0x2a] high edge lint[0x1])
[    0.000000] ACPI: LAPIC_NMI (acpi_id[0x2b] high edge lint[0x1])
[    0.000000] ACPI: LAPIC_NMI (acpi_id[0x2c] high edge lint[0x1])
[    0.000000] ACPI: LAPIC_NMI (acpi_id[0x2d] high edge lint[0x1])
[    0.000000] ACPI: LAPIC_NMI (acpi_id[0x2e] high edge lint[0x1])
[    0.000000] ACPI: LAPIC_NMI (acpi_id[0x2f] high edge lint[0x1])
[    0.000000] ACPI: LAPIC_NMI (acpi_id[0x30] high edge lint[0x1])
[    0.000000] ACPI: LAPIC_NMI (acpi_id[0x31] high edge lint[0x1])
[    0.000000] ACPI: LAPIC_NMI (acpi_id[0x32] high edge lint[0x1])
[    0.000000] ACPI: LAPIC_NMI (acpi_id[0x33] high edge lint[0x1])
[    0.000000] ACPI: LAPIC_NMI (acpi_id[0x34] high edge lint[0x1])
[    0.000000] ACPI: LAPIC_NMI (acpi_id[0x35] high edge lint[0x1])
[    0.000000] ACPI: LAPIC_NMI (acpi_id[0x36] high edge lint[0x1])
[    0.000000] ACPI: LAPIC_NMI (acpi_id[0x37] high edge lint[0x1])
[    0.000000] ACPI: LAPIC_NMI (acpi_id[0x38] high edge lint[0x1])
[    0.000000] ACPI: LAPIC_NMI (acpi_id[0x39] high edge lint[0x1])
[    0.000000] ACPI: LAPIC_NMI (acpi_id[0x3a] high edge lint[0x1])
[    0.000000] ACPI: LAPIC_NMI (acpi_id[0x3b] high edge lint[0x1])
[    0.000000] ACPI: LAPIC_NMI (acpi_id[0x3c] high edge lint[0x1])
[    0.000000] ACPI: LAPIC_NMI (acpi_id[0x3d] high edge lint[0x1])
[    0.000000] ACPI: LAPIC_NMI (acpi_id[0x3e] high edge lint[0x1])
[    0.000000] ACPI: LAPIC_NMI (acpi_id[0x3f] high edge lint[0x1])
[    0.000000] ACPI: Skipping IOAPIC probe due to 'noapic' option.
[    0.000000] Using ACPI for processor (LAPIC) configuration information
[    0.000000] ACPI: HPET id: 0x8086af01 base: 0xfed00000
[    0.000000] Intel MultiProcessor Specification v1.4
[    0.000000]     Virtual Wire compatibility mode.
[    0.000000] MPTABLE: OEM ID: INTEL   
[    0.000000] MPTABLE: Product ID: 440BX       
[    0.000000] MPTABLE: APIC at: 0xFEE00000
[    0.000000] I/O APIC #1 Version 17 at 0xFEC00000.
[    0.000000] Processors: 1
[    0.000000] 64 Processors exceeds NR_CPUS limit of 8
[    0.000000] SMP: Allowing 8 CPUs, 7 hotplug CPUs
[    0.000000] nr_irqs_gsi: 24
[    0.000000] PM: Registered nosave memory: 000000000009f000 - 00000000000a0000
[    0.000000] PM: Registered nosave memory: 00000000000a0000 - 00000000000ca000
[    0.000000] PM: Registered nosave memory: 00000000000ca000 - 00000000000cc000
[    0.000000] PM: Registered nosave memory: 00000000000cc000 - 00000000000dc000
[    0.000000] PM: Registered nosave memory: 00000000000dc000 - 0000000000100000
[    0.000000] Allocating PCI resources starting at 40000000 (gap: 40000000:a0000000)
[    0.000000] Booting paravirtualized kernel on bare hardware
[    0.000000] NR_CPUS:8 nr_cpumask_bits:8 nr_cpu_ids:8 nr_node_ids:1
[    0.000000] PERCPU: Embedded 15 pages/cpu @c2400000 s39320 r0 d22120 u262144
[    0.000000] pcpu-alloc: s39320 r0 d22120 u262144 alloc=1*2097152
[    0.000000] pcpu-alloc: [0] 0 1 2 3 4 5 6 7 
[    0.000000] Built 1 zonelists in Zone order, mobility grouping on.  Total pages: 259950
[    0.000000] Kernel command line: BOOT_IMAGE=/boot/vmlinuz-2.6.32.57 root=UUID=007b598c-390d-4c65-84a1-4ff752d48633 ro quiet splash maxcpus=0
[    0.000000] PID hash table entries: 4096 (order: 2, 16384 bytes)
[    0.000000] Dentry cache hash table entries: 131072 (order: 7, 524288 bytes)
[    0.000000] Inode-cache hash table entries: 65536 (order: 6, 262144 bytes)
[    0.000000] Enabling fast FPU save and restore... done.
[    0.000000] Enabling unmasked SIMD FPU exception support... done.
[    0.000000] Initializing CPU#0
[    0.000000] xsave/xrstor: enabled xstate_bv 0x7, cntxt size 0x340
[    0.000000] allocated 5242560 bytes of page_cgroup
[    0.000000] please try 'cgroup_disable=memory' option if you don't want memory cgroups
[    0.000000] Initializing HighMem for node 0 (000379fe:00040000)
[    0.000000] Memory: 938260k/1048576k available (4839k kernel code, 108848k reserved, 2518k data, 652k init, 137096k highmem)
[    0.000000] virtual kernel memory layout:
[    0.000000]     fixmap  : 0xfff1e000 - 0xfffff000   ( 900 kB)
[    0.000000]     pkmap   : 0xffa00000 - 0xffc00000   (2048 kB)
[    0.000000]     vmalloc : 0xf81fe000 - 0xff9fe000   ( 120 MB)
[    0.000000]     lowmem  : 0xc0000000 - 0xf79fe000   ( 889 MB)
[    0.000000]       .init : 0xc1730000 - 0xc17d3000   ( 652 kB)
[    0.000000]       .data : 0xc14b9cce - 0xc172f764   (2518 kB)
[    0.000000]       .text : 0xc1000000 - 0xc14b9cce   (4839 kB)
[    0.000000] Checking if this processor honours the WP bit even in supervisor mode...Ok.
[    0.000000] SLUB: Genslabs=13, HWalign=64, Order=0-3, MinObjects=0, CPUs=8, Nodes=1
[    0.000000] Hierarchical RCU implementation.
[    0.000000] NR_IRQS:2304 nr_irqs:472
[    0.000000] Extended CMOS year: 2000
[    0.000000] Console: colour VGA+ 80x25
[    0.000000] console [tty0] enabled
[    0.000000] hpet clockevent registered
[    0.000000] TSC freq read from hypervisor : 2394.620 MHz
[    0.000000] Detected 2394.620 MHz processor.
[    0.000003] Calibrating delay loop (skipped) preset value.. 4789.24 BogoMIPS (lpj=9578480)
[    0.000011] Security Framework initialized
[    0.000014] SELinux:  Disabled at boot.
[    0.000019] Mount-cache hash table entries: 512
[    0.000118] Initializing cgroup subsys cpuacct
[    0.000121] Initializing cgroup subsys memory
[    0.000124] Initializing cgroup subsys devices
[    0.000126] Initializing cgroup subsys freezer
[    0.000152] CPU: Physical Processor ID: 0
[    0.000159] CPU: L1 I cache: 32K, L1 D cache: 32K
[    0.000161] CPU: L2 cache: 256K
[    0.000161] CPU: L3 cache: 4096K
[    0.000167] mce: CPU supports 0 MCE banks
[    0.000178] Performance Events: no PMU driver, software events only.
[    0.000188] Checking 'hlt' instruction... OK.
[    0.017929] SMP alternatives: switching to UP code
[    0.033522] ACPI: Core revision 20090903
[    0.039591] ACPI: setting ELCR to 0200 (from 0e20)
[    0.040725] ftrace: converting mcount calls to 0f 1f 44 00 00
[    0.040731] ftrace: allocating 22631 entries in 45 pages
[    0.058242] CANARY value: 1bc2d71a for PID: 1
[    0.058271] Not enabling x2apic, Intr-remapping init failed.
[    0.058272] Enabling APIC mode:  Flat.  Using 1 I/O APICs
[    0.058280] SMP mode deactivated.
[    0.058305] SMP disabled
[    0.058372] Brought up 1 CPUs
[    0.058382] Total of 1 processors activated (4789.24 BogoMIPS).
[    0.058386] CPU0 attaching NULL sched-domain.
[    0.058471] devtmpfs: initialized
[    0.058576] sysctl table check failed: /kernel/random/now_input .1.40.7 Unknown sysctl binary path
[    0.058817] Pid: 1, comm: swapper Not tainted 2.6.32.57 #4
[    0.058818] Call Trace:
[    0.058822]  [<c14a8a0e>] ? printk+0x1d/0x1f
[    0.058826]  [<c107b56f>] set_fail+0x4f/0x60
[    0.058828]  [<c107b8b3>] sysctl_check_table+0x333/0x620
[    0.058829]  [<c107b8cc>] sysctl_check_table+0x34c/0x620
[    0.058831]  [<c107b8cc>] sysctl_check_table+0x34c/0x620
[    0.058835]  [<c1746d48>] sysctl_init+0x25/0x29
[    0.058837]  [<c1003042>] do_one_initcall+0x32/0x1a0
[    0.058839]  [<c1746d23>] ? sysctl_init+0x0/0x29
[    0.058841]  [<c17308e7>] kernel_init+0x12d/0x17a
[    0.058843]  [<c17307ba>] ? kernel_init+0x0/0x17a
[    0.058845]  [<c1009b07>] kernel_thread_helper+0x7/0x10
[    0.058847] sysctl table check failed: /kernel/random/now_blocking .1.40.8 Unknown sysctl binary path
[    0.059076] Pid: 1, comm: swapper Not tainted 2.6.32.57 #4
[    0.059077] Call Trace:
[    0.059078]  [<c14a8a0e>] ? printk+0x1d/0x1f
[    0.059080]  [<c107b56f>] set_fail+0x4f/0x60
[    0.059081]  [<c107b8b3>] sysctl_check_table+0x333/0x620
[    0.059083]  [<c107b8cc>] sysctl_check_table+0x34c/0x620
[    0.059084]  [<c107b8cc>] sysctl_check_table+0x34c/0x620
[    0.059087]  [<c1746d48>] sysctl_init+0x25/0x29
[    0.059088]  [<c1003042>] do_one_initcall+0x32/0x1a0
[    0.059090]  [<c1746d23>] ? sysctl_init+0x0/0x29
[    0.059092]  [<c17308e7>] kernel_init+0x12d/0x17a
[    0.059093]  [<c17307ba>] ? kernel_init+0x0/0x17a
[    0.059095]  [<c1009b07>] kernel_thread_helper+0x7/0x10
[    0.059096] sysctl table check failed: /kernel/random/now_nonblocking .1.40.9 Unknown sysctl binary path
[    0.059326] Pid: 1, comm: swapper Not tainted 2.6.32.57 #4
[    0.059327] Call Trace:
[    0.059329]  [<c14a8a0e>] ? printk+0x1d/0x1f
[    0.059330]  [<c107b56f>] set_fail+0x4f/0x60
[    0.059332]  [<c107b8b3>] sysctl_check_table+0x333/0x620
[    0.059333]  [<c107b8cc>] sysctl_check_table+0x34c/0x620
[    0.059335]  [<c107b8cc>] sysctl_check_table+0x34c/0x620
[    0.059337]  [<c1746d48>] sysctl_init+0x25/0x29
[    0.059338]  [<c1003042>] do_one_initcall+0x32/0x1a0
[    0.059340]  [<c1746d23>] ? sysctl_init+0x0/0x29
[    0.059342]  [<c17308e7>] kernel_init+0x12d/0x17a
[    0.059343]  [<c17307ba>] ? kernel_init+0x0/0x17a
[    0.059345]  [<c1009b07>] kernel_thread_helper+0x7/0x10
[    0.059346] sysctl table check failed: /kernel/random/nb_input_bytes .1.40.10 Unknown sysctl binary path
[    0.059769] Pid: 1, comm: swapper Not tainted 2.6.32.57 #4
[    0.059770] Call Trace:
[    0.059772]  [<c14a8a0e>] ? printk+0x1d/0x1f
[    0.059774]  [<c107b56f>] set_fail+0x4f/0x60
[    0.059775]  [<c107b8b3>] sysctl_check_table+0x333/0x620
[    0.059777]  [<c107b8cc>] sysctl_check_table+0x34c/0x620
[    0.059778]  [<c107b8cc>] sysctl_check_table+0x34c/0x620
[    0.059780]  [<c1746d48>] sysctl_init+0x25/0x29
[    0.059782]  [<c1003042>] do_one_initcall+0x32/0x1a0
[    0.059784]  [<c1746d23>] ? sysctl_init+0x0/0x29
[    0.059785]  [<c17308e7>] kernel_init+0x12d/0x17a
[    0.059787]  [<c17307ba>] ? kernel_init+0x0/0x17a
[    0.059789]  [<c1009b07>] kernel_thread_helper+0x7/0x10
[    0.059790] sysctl table check failed: /kernel/random/nb_stir_count .1.40.11 Unknown sysctl binary path
[    0.060020] Pid: 1, comm: swapper Not tainted 2.6.32.57 #4
[    0.060021] Call Trace:
[    0.060022]  [<c14a8a0e>] ? printk+0x1d/0x1f
[    0.060024]  [<c107b56f>] set_fail+0x4f/0x60
[    0.060025]  [<c107b8b3>] sysctl_check_table+0x333/0x620
[    0.060027]  [<c107b8cc>] sysctl_check_table+0x34c/0x620
[    0.060028]  [<c107b8cc>] sysctl_check_table+0x34c/0x620
[    0.060031]  [<c1746d48>] sysctl_init+0x25/0x29
[    0.060032]  [<c1003042>] do_one_initcall+0x32/0x1a0
[    0.060034]  [<c1746d23>] ? sysctl_init+0x0/0x29
[    0.060035]  [<c17308e7>] kernel_init+0x12d/0x17a
[    0.060037]  [<c17307ba>] ? kernel_init+0x0/0x17a
[    0.060038]  [<c1009b07>] kernel_thread_helper+0x7/0x10
[    0.060040] sysctl table check failed: /kernel/random/nb_reentry_count .1.40.12 Unknown sysctl binary path
[    0.060272] Pid: 1, comm: swapper Not tainted 2.6.32.57 #4
[    0.060272] Call Trace:
[    0.060274]  [<c14a8a0e>] ? printk+0x1d/0x1f
[    0.060275]  [<c107b56f>] set_fail+0x4f/0x60
[    0.060277]  [<c107b8b3>] sysctl_check_table+0x333/0x620
[    0.060278]  [<c107b8cc>] sysctl_check_table+0x34c/0x620
[    0.060280]  [<c107b8cc>] sysctl_check_table+0x34c/0x620
[    0.060282]  [<c1746d48>] sysctl_init+0x25/0x29
[    0.060283]  [<c1003042>] do_one_initcall+0x32/0x1a0
[    0.060285]  [<c1746d23>] ? sysctl_init+0x0/0x29
[    0.060287]  [<c17308e7>] kernel_init+0x12d/0x17a
[    0.060288]  [<c17307ba>] ? kernel_init+0x0/0x17a
[    0.060290]  [<c1009b07>] kernel_thread_helper+0x7/0x10
[    0.060433] RANDOM - __seed init called.
[    0.060434] RANDOM - __seed init called.
[    0.060435] RANDOM - __seed init called.
[    0.060436] RANDOM - __random32 called. Change num 1.  Value: 97305ca5	7ac4e314	874f43ab
[    0.060438] RANDOM - __random32 called. Change num 2.  Value: 5ca5394	ac4e3148	8757a6ab
[    0.060439] RANDOM - __random32 called. Change num 3.  Value: a53949f7	c4e3148e	4d57bd52
[    0.060441] RANDOM - __random32 called. Change num 4.  Value: 949f7180	4e3148eb	7aa4fd4a
[    0.060442] RANDOM - __random32 called. Change num 5.  Value: f7180f55	e3148ebb	fa95f062
[    0.060443] RANDOM - __random32 called. Change num 6.  Value: 80f55ede	3148ebb7	e0c5c74e
[    0.060445] RANDOM - random32 init called.  Value: 80f55ede	3148ebb7	e0c5c74e
[    0.060451] regulator: core version 0.5
[    0.060526] Time:  0:10:31  Date: 05/25/13
[    0.060561] NET: Registered protocol family 16
[    0.060624] EISA bus registered
[    0.061348] ACPI: bus type pci registered
[    0.061474] PCI: MCFG configuration 0: base e0000000 segment 0 buses 0 - 255
[    0.061476] PCI: MCFG area at e0000000 reserved in E820
[    0.061477] PCI: Using MMCONFIG for extended config space
[    0.061478] PCI: Using configuration type 1 for base access
[    0.061923] bio: create slab <bio-0> at 0
[    0.063121] ACPI: EC: Look up EC in DSDT
[    0.100509] ACPI: BIOS _OSI(Linux) query ignored
[    0.106731] ACPI: Interpreter enabled
[    0.106735] ACPI: (supports S0 S1 S4 S5)
[    0.106747] ACPI: Using PIC for interrupt routing
[    0.188303] ACPI: No dock devices found.
[    0.189102] ACPI: PCI Root Bridge [PCI0] (0000:00)
[    0.190760] pci 0000:00:07.1: reg 20 io port: [0x10c0-0x10cf]
[    0.191316] pci 0000:00:07.3: quirk: region 1000-103f claimed by PIIX4 ACPI
[    0.191328] pci 0000:00:07.3: quirk: region 1040-104f claimed by PIIX4 SMB
[    0.191905] pci 0000:00:07.7: reg 10 io port: [0x1080-0x10bf]
[    0.192299] pci 0000:00:07.7: reg 14 64bit mmio: [0xc8000000-0xc8001fff]
[    0.193483] pci 0000:00:0f.0: reg 10 io port: [0x10d0-0x10df]
[    0.193524] pci 0000:00:0f.0: reg 14 32bit mmio pref: [0xd0000000-0xd7ffffff]
[    0.193563] pci 0000:00:0f.0: reg 18 32bit mmio: [0xc8800000-0xc8ffffff]
[    0.193716] pci 0000:00:0f.0: reg 30 32bit mmio pref: [0x000000-0x007fff]
[    0.194271] pci 0000:00:10.0: reg 10 io port: [0x1400-0x14ff]
[    0.194631] pci 0000:00:10.0: reg 14 64bit mmio: [0xc8040000-0xc805ffff]
[    0.194987] pci 0000:00:10.0: reg 1c 64bit mmio: [0xc8020000-0xc803ffff]
[    0.195065] pci 0000:00:10.0: reg 30 32bit mmio pref: [0x000000-0x003fff]
[    0.196597] pci 0000:00:15.0: PME# supported from D0 D3hot D3cold
[    0.196618] pci 0000:00:15.0: PME# disabled
[    0.197537] pci 0000:00:15.1: PME# supported from D0 D3hot D3cold
[    0.197558] pci 0000:00:15.1: PME# disabled
[    0.198481] pci 0000:00:15.2: PME# supported from D0 D3hot D3cold
[    0.198502] pci 0000:00:15.2: PME# disabled
[    0.199434] pci 0000:00:15.3: PME# supported from D0 D3hot D3cold
[    0.199455] pci 0000:00:15.3: PME# disabled
[    0.200399] pci 0000:00:15.4: PME# supported from D0 D3hot D3cold
[    0.200420] pci 0000:00:15.4: PME# disabled
[    0.201347] pci 0000:00:15.5: PME# supported from D0 D3hot D3cold
[    0.201368] pci 0000:00:15.5: PME# disabled
[    0.202333] pci 0000:00:15.6: PME# supported from D0 D3hot D3cold
[    0.202355] pci 0000:00:15.6: PME# disabled
[    0.203270] pci 0000:00:15.7: PME# supported from D0 D3hot D3cold
[    0.203290] pci 0000:00:15.7: PME# disabled
[    0.204164] pci 0000:00:16.0: PME# supported from D0 D3hot D3cold
[    0.204184] pci 0000:00:16.0: PME# disabled
[    0.205038] pci 0000:00:16.1: PME# supported from D0 D3hot D3cold
[    0.205058] pci 0000:00:16.1: PME# disabled
[    0.205937] pci 0000:00:16.2: PME# supported from D0 D3hot D3cold
[    0.205957] pci 0000:00:16.2: PME# disabled
[    0.206820] pci 0000:00:16.3: PME# supported from D0 D3hot D3cold
[    0.206840] pci 0000:00:16.3: PME# disabled
[    0.207712] pci 0000:00:16.4: PME# supported from D0 D3hot D3cold
[    0.207733] pci 0000:00:16.4: PME# disabled
[    0.208591] pci 0000:00:16.5: PME# supported from D0 D3hot D3cold
[    0.208612] pci 0000:00:16.5: PME# disabled
[    0.209491] pci 0000:00:16.6: PME# supported from D0 D3hot D3cold
[    0.209511] pci 0000:00:16.6: PME# disabled
[    0.210367] pci 0000:00:16.7: PME# supported from D0 D3hot D3cold
[    0.210387] pci 0000:00:16.7: PME# disabled
[    0.211240] pci 0000:00:17.0: PME# supported from D0 D3hot D3cold
[    0.211260] pci 0000:00:17.0: PME# disabled
[    0.212124] pci 0000:00:17.1: PME# supported from D0 D3hot D3cold
[    0.212145] pci 0000:00:17.1: PME# disabled
[    0.212997] pci 0000:00:17.2: PME# supported from D0 D3hot D3cold
[    0.213016] pci 0000:00:17.2: PME# disabled
[    0.214028] pci 0000:00:17.3: PME# supported from D0 D3hot D3cold
[    0.214048] pci 0000:00:17.3: PME# disabled
[    0.214912] pci 0000:00:17.4: PME# supported from D0 D3hot D3cold
[    0.214931] pci 0000:00:17.4: PME# disabled
[    0.215816] pci 0000:00:17.5: PME# supported from D0 D3hot D3cold
[    0.215837] pci 0000:00:17.5: PME# disabled
[    0.216699] pci 0000:00:17.6: PME# supported from D0 D3hot D3cold
[    0.216720] pci 0000:00:17.6: PME# disabled
[    0.217614] pci 0000:00:17.7: PME# supported from D0 D3hot D3cold
[    0.217634] pci 0000:00:17.7: PME# disabled
[    0.218502] pci 0000:00:18.0: PME# supported from D0 D3hot D3cold
[    0.218522] pci 0000:00:18.0: PME# disabled
[    0.219377] pci 0000:00:18.1: PME# supported from D0 D3hot D3cold
[    0.219397] pci 0000:00:18.1: PME# disabled
[    0.220303] pci 0000:00:18.2: PME# supported from D0 D3hot D3cold
[    0.220325] pci 0000:00:18.2: PME# disabled
[    0.221247] pci 0000:00:18.3: PME# supported from D0 D3hot D3cold
[    0.221268] pci 0000:00:18.3: PME# disabled
[    0.222179] pci 0000:00:18.4: PME# supported from D0 D3hot D3cold
[    0.222209] pci 0000:00:18.4: PME# disabled
[    0.223105] pci 0000:00:18.5: PME# supported from D0 D3hot D3cold
[    0.223127] pci 0000:00:18.5: PME# disabled
[    0.224055] pci 0000:00:18.6: PME# supported from D0 D3hot D3cold
[    0.224076] pci 0000:00:18.6: PME# disabled
[    0.224993] pci 0000:00:18.7: PME# supported from D0 D3hot D3cold
[    0.225014] pci 0000:00:18.7: PME# disabled
[    0.226167] pci 0000:02:00.0: reg 20 io port: [0x20c0-0x20df]
[    0.226667] pci 0000:02:01.0: reg 10 io port: [0x2000-0x207f]
[    0.226894] pci 0000:02:01.0: reg 30 32bit mmio pref: [0x000000-0x00ffff]
[    0.227454] pci 0000:02:02.0: reg 10 io port: [0x2080-0x20bf]
[    0.228061] pci 0000:02:03.0: reg 10 32bit mmio: [0xc9000000-0xc9000fff]
[    0.228668] pci 0000:00:11.0: transparent bridge
[    0.228689] pci 0000:00:11.0: bridge io port: [0x2000-0x3fff]
[    0.228711] pci 0000:00:11.0: bridge 32bit mmio: [0xc9000000-0xca3fffff]
[    0.228751] pci 0000:00:11.0: bridge 64bit mmio pref: [0xd8400000-0xd89fffff]
[    0.229139] pci 0000:00:15.0: bridge io port: [0x4000-0x4fff]
[    0.229161] pci 0000:00:15.0: bridge 32bit mmio: [0xca400000-0xca4fffff]
[    0.229204] pci 0000:00:15.0: bridge 64bit mmio pref: [0xd8a00000-0xd8afffff]
[    0.229587] pci 0000:00:15.1: bridge io port: [0x8000-0x8fff]
[    0.229608] pci 0000:00:15.1: bridge 32bit mmio: [0xca800000-0xca8fffff]
[    0.229648] pci 0000:00:15.1: bridge 64bit mmio pref: [0xd8e00000-0xd8efffff]
[    0.230020] pci 0000:00:15.2: bridge io port: [0xc000-0xcfff]
[    0.230041] pci 0000:00:15.2: bridge 32bit mmio: [0xcac00000-0xcacfffff]
[    0.230081] pci 0000:00:15.2: bridge 64bit mmio pref: [0xd9200000-0xd92fffff]
[    0.230501] pci 0000:00:15.3: bridge 32bit mmio: [0xcb000000-0xcb0fffff]
[    0.230541] pci 0000:00:15.3: bridge 64bit mmio pref: [0xd9600000-0xd96fffff]
[    0.230933] pci 0000:00:15.4: bridge 32bit mmio: [0xcb400000-0xcb4fffff]
[    0.230973] pci 0000:00:15.4: bridge 64bit mmio pref: [0xd9a00000-0xd9afffff]
[    0.231393] pci 0000:00:15.5: bridge 32bit mmio: [0xcb800000-0xcb8fffff]
[    0.231433] pci 0000:00:15.5: bridge 64bit mmio pref: [0xd9e00000-0xd9efffff]
[    0.231836] pci 0000:00:15.6: bridge 32bit mmio: [0xcbc00000-0xcbcfffff]
[    0.231876] pci 0000:00:15.6: bridge 64bit mmio pref: [0xda200000-0xda2fffff]
[    0.232298] pci 0000:00:15.7: bridge 32bit mmio: [0xcc000000-0xcc0fffff]
[    0.232338] pci 0000:00:15.7: bridge 64bit mmio pref: [0xda600000-0xda6fffff]
[    0.232712] pci 0000:00:16.0: bridge io port: [0x5000-0x5fff]
[    0.232733] pci 0000:00:16.0: bridge 32bit mmio: [0xca500000-0xca5fffff]
[    0.232773] pci 0000:00:16.0: bridge 64bit mmio pref: [0xd8b00000-0xd8bfffff]
[    0.233165] pci 0000:00:16.1: bridge io port: [0x9000-0x9fff]
[    0.233187] pci 0000:00:16.1: bridge 32bit mmio: [0xca900000-0xca9fffff]
[    0.233236] pci 0000:00:16.1: bridge 64bit mmio pref: [0xd8f00000-0xd8ffffff]
[    0.233609] pci 0000:00:16.2: bridge io port: [0xd000-0xdfff]
[    0.233630] pci 0000:00:16.2: bridge 32bit mmio: [0xcad00000-0xcadfffff]
[    0.233670] pci 0000:00:16.2: bridge 64bit mmio pref: [0xd9300000-0xd93fffff]
[    0.234064] pci 0000:00:16.3: bridge 32bit mmio: [0xcb100000-0xcb1fffff]
[    0.234103] pci 0000:00:16.3: bridge 64bit mmio pref: [0xd9700000-0xd97fffff]
[    0.234524] pci 0000:00:16.4: bridge 32bit mmio: [0xcb500000-0xcb5fffff]
[    0.234564] pci 0000:00:16.4: bridge 64bit mmio pref: [0xd9b00000-0xd9bfffff]
[    0.234982] pci 0000:00:16.5: bridge 32bit mmio: [0xcb900000-0xcb9fffff]
[    0.235022] pci 0000:00:16.5: bridge 64bit mmio pref: [0xd9f00000-0xd9ffffff]
[    0.235442] pci 0000:00:16.6: bridge 32bit mmio: [0xcbd00000-0xcbdfffff]
[    0.235481] pci 0000:00:16.6: bridge 64bit mmio pref: [0xda300000-0xda3fffff]
[    0.235883] pci 0000:00:16.7: bridge 32bit mmio: [0xcc100000-0xcc1fffff]
[    0.235923] pci 0000:00:16.7: bridge 64bit mmio pref: [0xda700000-0xda7fffff]
[    0.236324] pci 0000:00:17.0: bridge io port: [0x6000-0x6fff]
[    0.236345] pci 0000:00:17.0: bridge 32bit mmio: [0xca600000-0xca6fffff]
[    0.236384] pci 0000:00:17.0: bridge 64bit mmio pref: [0xd8c00000-0xd8cfffff]
[    0.236758] pci 0000:00:17.1: bridge io port: [0xa000-0xafff]
[    0.236778] pci 0000:00:17.1: bridge 32bit mmio: [0xcaa00000-0xcaafffff]
[    0.236818] pci 0000:00:17.1: bridge 64bit mmio pref: [0xd9000000-0xd90fffff]
[    0.237214] pci 0000:00:17.2: bridge io port: [0xe000-0xefff]
[    0.237235] pci 0000:00:17.2: bridge 32bit mmio: [0xcae00000-0xcaefffff]
[    0.237274] pci 0000:00:17.2: bridge 64bit mmio pref: [0xd9400000-0xd94fffff]
[    0.237667] pci 0000:00:17.3: bridge 32bit mmio: [0xcb200000-0xcb2fffff]
[    0.237707] pci 0000:00:17.3: bridge 64bit mmio pref: [0xd9800000-0xd98fffff]
[    0.238107] pci 0000:00:17.4: bridge 32bit mmio: [0xcb600000-0xcb6fffff]
[    0.238159] pci 0000:00:17.4: bridge 64bit mmio pref: [0xd9c00000-0xd9cfffff]
[    0.238560] pci 0000:00:17.5: bridge 32bit mmio: [0xcba00000-0xcbafffff]
[    0.238600] pci 0000:00:17.5: bridge 64bit mmio pref: [0xda000000-0xda0fffff]
[    0.238992] pci 0000:00:17.6: bridge 32bit mmio: [0xcbe00000-0xcbefffff]
[    0.239032] pci 0000:00:17.6: bridge 64bit mmio pref: [0xda400000-0xda4fffff]
[    0.239450] pci 0000:00:17.7: bridge 32bit mmio: [0xcc200000-0xcc2fffff]
[    0.239490] pci 0000:00:17.7: bridge 64bit mmio pref: [0xda800000-0xda8fffff]
[    0.239872] pci 0000:00:18.0: bridge io port: [0x7000-0x7fff]
[    0.239893] pci 0000:00:18.0: bridge 32bit mmio: [0xca700000-0xca7fffff]
[    0.239932] pci 0000:00:18.0: bridge 64bit mmio pref: [0xd8d00000-0xd8dfffff]
[    0.240336] pci 0000:00:18.1: bridge io port: [0xb000-0xbfff]
[    0.240357] pci 0000:00:18.1: bridge 32bit mmio: [0xcab00000-0xcabfffff]
[    0.240397] pci 0000:00:18.1: bridge 64bit mmio pref: [0xd9100000-0xd91fffff]
[    0.240771] pci 0000:00:18.2: bridge io port: [0xf000-0xffff]
[    0.240792] pci 0000:00:18.2: bridge 32bit mmio: [0xcaf00000-0xcaffffff]
[    0.240832] pci 0000:00:18.2: bridge 64bit mmio pref: [0xd9500000-0xd95fffff]
[    0.241246] pci 0000:00:18.3: bridge 32bit mmio: [0xcb300000-0xcb3fffff]
[    0.241286] pci 0000:00:18.3: bridge 64bit mmio pref: [0xd9900000-0xd99fffff]
[    0.241678] pci 0000:00:18.4: bridge 32bit mmio: [0xcb700000-0xcb7fffff]
[    0.241718] pci 0000:00:18.4: bridge 64bit mmio pref: [0xd9d00000-0xd9dfffff]
[    0.242128] pci 0000:00:18.5: bridge 32bit mmio: [0xcbb00000-0xcbbfffff]
[    0.242178] pci 0000:00:18.5: bridge 64bit mmio pref: [0xda100000-0xda1fffff]
[    0.242571] pci 0000:00:18.6: bridge 32bit mmio: [0xcbf00000-0xcbffffff]
[    0.242611] pci 0000:00:18.6: bridge 64bit mmio pref: [0xda500000-0xda5fffff]
[    0.243004] pci 0000:00:18.7: bridge 32bit mmio: [0xcc300000-0xcc3fffff]
[    0.243044] pci 0000:00:18.7: bridge 64bit mmio pref: [0xda900000-0xda9fffff]
[    0.244608] pci_bus 0000:00: on NUMA node 0
[    0.244615] ACPI: PCI Interrupt Routing Table [\_SB_.PCI0._PRT]
[    0.467550] ACPI: PCI Interrupt Link [LNKA] (IRQs 3 4 5 6 7 *9 10 11 14 15)
[    0.467700] ACPI: PCI Interrupt Link [LNKB] (IRQs 3 4 5 6 7 9 10 *11 14 15)
[    0.467877] ACPI: PCI Interrupt Link [LNKC] (IRQs 3 4 5 6 7 9 *10 11 14 15)
[    0.468021] ACPI: PCI Interrupt Link [LNKD] (IRQs 3 4 *5 6 7 9 10 11 14 15)
[    0.468152] vgaarb: device added: PCI:0000:00:0f.0,decodes=io+mem,owns=io+mem,locks=none
[    0.468162] vgaarb: loaded
[    0.468251] SCSI subsystem initialized
[    0.468294] libata version 3.00 loaded.
[    0.468333] usbcore: registered new interface driver usbfs
[    0.468344] usbcore: registered new interface driver hub
[    0.468359] usbcore: registered new device driver usb
[    0.468424] PCI: Using ACPI for IRQ routing
[    0.469446] NetLabel: Initializing
[    0.469447] NetLabel:  domain hash size = 128
[    0.469448] NetLabel:  protocols = UNLABELED CIPSOv4
[    0.469455] NetLabel:  unlabeled traffic allowed by default
[    0.469487] hpet0: at MMIO 0xfed00000, IRQs 2, 8, 0, 0, 0, 0, 0, 0, 0, 0, 0, 0, 0, 0, 0, 0
[    0.469492] hpet0: 16 comparators, 64-bit 14.318180 MHz counter
[    0.471521] Switching to clocksource tsc
[    0.478497] pnp: PnP ACPI init
[    0.478506] ACPI: bus type pnp registered
[    0.521655] pnp: PnP ACPI: found 14 devices
[    0.521658] ACPI: ACPI bus type pnp unregistered
[    0.521661] PnPBIOS: Disabled by ACPI PNP
[    0.521671] system 00:01: ioport range 0x1000-0x103f has been reserved
[    0.521673] system 00:01: ioport range 0x1040-0x104f has been reserved
[    0.521675] system 00:01: ioport range 0xcf0-0xcf1 has been reserved
[    0.521680] system 00:08: iomem range 0xfed00000-0xfed003ff has been reserved
[    0.521684] system 00:0d: ioport range 0x1060-0x107f has been reserved
[    0.521686] system 00:0d: iomem range 0xe0000000-0xefffffff has been reserved
[    0.521687] system 00:0d: iomem range 0xc8200000-0xc83fffff has been reserved
[    0.556494] pci 0000:00:15.3: BAR 13: can't allocate I/O resource [0x10000-0xffff]
[    0.556498] pci 0000:00:15.4: BAR 13: can't allocate I/O resource [0x10000-0xffff]
[    0.556501] pci 0000:00:15.5: BAR 13: can't allocate I/O resource [0x10000-0xffff]
[    0.556503] pci 0000:00:15.6: BAR 13: can't allocate I/O resource [0x10000-0xffff]
[    0.556506] pci 0000:00:15.7: BAR 13: can't allocate I/O resource [0x10000-0xffff]
[    0.556509] pci 0000:00:16.3: BAR 13: can't allocate I/O resource [0x10000-0xffff]
[    0.556511] pci 0000:00:16.4: BAR 13: can't allocate I/O resource [0x10000-0xffff]
[    0.556514] pci 0000:00:16.5: BAR 13: can't allocate I/O resource [0x10000-0xffff]
[    0.556517] pci 0000:00:16.6: BAR 13: can't allocate I/O resource [0x10000-0xffff]
[    0.556519] pci 0000:00:16.7: BAR 13: can't allocate I/O resource [0x10000-0xffff]
[    0.556522] pci 0000:00:17.3: BAR 13: can't allocate I/O resource [0x10000-0xffff]
[    0.556524] pci 0000:00:17.4: BAR 13: can't allocate I/O resource [0x10000-0xffff]
[    0.556527] pci 0000:00:17.5: BAR 13: can't allocate I/O resource [0x10000-0xffff]
[    0.556530] pci 0000:00:17.6: BAR 13: can't allocate I/O resource [0x10000-0xffff]
[    0.556532] pci 0000:00:17.7: BAR 13: can't allocate I/O resource [0x10000-0xffff]
[    0.556535] pci 0000:00:18.3: BAR 13: can't allocate I/O resource [0x10000-0xffff]
[    0.556538] pci 0000:00:18.4: BAR 13: can't allocate I/O resource [0x10000-0xffff]
[    0.556540] pci 0000:00:18.5: BAR 13: can't allocate I/O resource [0x10000-0xffff]
[    0.556543] pci 0000:00:18.6: BAR 13: can't allocate I/O resource [0x10000-0xffff]
[    0.556545] pci 0000:00:18.7: BAR 13: can't allocate I/O resource [0x10000-0xffff]
[    0.556548] pci 0000:00:01.0: PCI bridge, secondary bus 0000:01
[    0.556549] pci 0000:00:01.0:   IO window: disabled
[    0.556581] pci 0000:00:01.0:   MEM window: disabled
[    0.556602] pci 0000:00:01.0:   PREFETCH window: disabled
[    0.556644] pci 0000:00:11.0: PCI bridge, secondary bus 0000:02
[    0.556656] pci 0000:00:11.0:   IO window: 0x2000-0x3fff
[    0.556698] pci 0000:00:11.0:   MEM window: 0xc9000000-0xca3fffff
[    0.556732] pci 0000:00:11.0:   PREFETCH window: 0x000000d8400000-0x000000d89fffff
[    0.556775] pci 0000:00:15.0: PCI bridge, secondary bus 0000:03
[    0.556796] pci 0000:00:15.0:   IO window: 0x4000-0x4fff
[    0.556828] pci 0000:00:15.0:   MEM window: 0xca400000-0xca4fffff
[    0.556849] pci 0000:00:15.0:   PREFETCH window: 0x000000d8a00000-0x000000d8afffff
[    0.556900] pci 0000:00:15.1: PCI bridge, secondary bus 0000:04
[    0.556912] pci 0000:00:15.1:   IO window: 0x8000-0x8fff
[    0.556943] pci 0000:00:15.1:   MEM window: 0xca800000-0xca8fffff
[    0.556964] pci 0000:00:15.1:   PREFETCH window: 0x000000d8e00000-0x000000d8efffff
[    0.557009] pci 0000:00:15.2: PCI bridge, secondary bus 0000:05
[    0.557021] pci 0000:00:15.2:   IO window: 0xc000-0xcfff
[    0.557052] pci 0000:00:15.2:   MEM window: 0xcac00000-0xcacfffff
[    0.557073] pci 0000:00:15.2:   PREFETCH window: 0x000000d9200000-0x000000d92fffff
[    0.557117] pci 0000:00:15.3: PCI bridge, secondary bus 0000:06
[    0.557119] pci 0000:00:15.3:   IO window: disabled
[    0.557150] pci 0000:00:15.3:   MEM window: 0xcb000000-0xcb0fffff
[    0.557172] pci 0000:00:15.3:   PREFETCH window: 0x000000d9600000-0x000000d96fffff
[    0.557215] pci 0000:00:15.4: PCI bridge, secondary bus 0000:07
[    0.557217] pci 0000:00:15.4:   IO window: disabled
[    0.557248] pci 0000:00:15.4:   MEM window: 0xcb400000-0xcb4fffff
[    0.557269] pci 0000:00:15.4:   PREFETCH window: 0x000000d9a00000-0x000000d9afffff
[    0.557313] pci 0000:00:15.5: PCI bridge, secondary bus 0000:08
[    0.557315] pci 0000:00:15.5:   IO window: disabled
[    0.557346] pci 0000:00:15.5:   MEM window: 0xcb800000-0xcb8fffff
[    0.557367] pci 0000:00:15.5:   PREFETCH window: 0x000000d9e00000-0x000000d9efffff
[    0.557411] pci 0000:00:15.6: PCI bridge, secondary bus 0000:09
[    0.557413] pci 0000:00:15.6:   IO window: disabled
[    0.557443] pci 0000:00:15.6:   MEM window: 0xcbc00000-0xcbcfffff
[    0.557465] pci 0000:00:15.6:   PREFETCH window: 0x000000da200000-0x000000da2fffff
[    0.557509] pci 0000:00:15.7: PCI bridge, secondary bus 0000:0a
[    0.557510] pci 0000:00:15.7:   IO window: disabled
[    0.557541] pci 0000:00:15.7:   MEM window: 0xcc000000-0xcc0fffff
[    0.557562] pci 0000:00:15.7:   PREFETCH window: 0x000000da600000-0x000000da6fffff
[    0.557606] pci 0000:00:16.0: PCI bridge, secondary bus 0000:0b
[    0.557618] pci 0000:00:16.0:   IO window: 0x5000-0x5fff
[    0.557649] pci 0000:00:16.0:   MEM window: 0xca500000-0xca5fffff
[    0.557671] pci 0000:00:16.0:   PREFETCH window: 0x000000d8b00000-0x000000d8bfffff
[    0.557732] pci 0000:00:16.1: PCI bridge, secondary bus 0000:0c
[    0.557753] pci 0000:00:16.1:   IO window: 0x9000-0x9fff
[    0.557784] pci 0000:00:16.1:   MEM window: 0xca900000-0xca9fffff
[    0.557805] pci 0000:00:16.1:   PREFETCH window: 0x000000d8f00000-0x000000d8ffffff
[    0.557849] pci 0000:00:16.2: PCI bridge, secondary bus 0000:0d
[    0.557861] pci 0000:00:16.2:   IO window: 0xd000-0xdfff
[    0.557892] pci 0000:00:16.2:   MEM window: 0xcad00000-0xcadfffff
[    0.557913] pci 0000:00:16.2:   PREFETCH window: 0x000000d9300000-0x000000d93fffff
[    0.557957] pci 0000:00:16.3: PCI bridge, secondary bus 0000:0e
[    0.557959] pci 0000:00:16.3:   IO window: disabled
[    0.557990] pci 0000:00:16.3:   MEM window: 0xcb100000-0xcb1fffff
[    0.558011] pci 0000:00:16.3:   PREFETCH window: 0x000000d9700000-0x000000d97fffff
[    0.558055] pci 0000:00:16.4: PCI bridge, secondary bus 0000:0f
[    0.558056] pci 0000:00:16.4:   IO window: disabled
[    0.558087] pci 0000:00:16.4:   MEM window: 0xcb500000-0xcb5fffff
[    0.558109] pci 0000:00:16.4:   PREFETCH window: 0x000000d9b00000-0x000000d9bfffff
[    0.558153] pci 0000:00:16.5: PCI bridge, secondary bus 0000:10
[    0.558154] pci 0000:00:16.5:   IO window: disabled
[    0.558185] pci 0000:00:16.5:   MEM window: 0xcb900000-0xcb9fffff
[    0.558206] pci 0000:00:16.5:   PREFETCH window: 0x000000d9f00000-0x000000d9ffffff
[    0.558250] pci 0000:00:16.6: PCI bridge, secondary bus 0000:11
[    0.558252] pci 0000:00:16.6:   IO window: disabled
[    0.558282] pci 0000:00:16.6:   MEM window: 0xcbd00000-0xcbdfffff
[    0.558304] pci 0000:00:16.6:   PREFETCH window: 0x000000da300000-0x000000da3fffff
[    0.558348] pci 0000:00:16.7: PCI bridge, secondary bus 0000:12
[    0.558349] pci 0000:00:16.7:   IO window: disabled
[    0.558380] pci 0000:00:16.7:   MEM window: 0xcc100000-0xcc1fffff
[    0.558401] pci 0000:00:16.7:   PREFETCH window: 0x000000da700000-0x000000da7fffff
[    0.558445] pci 0000:00:17.0: PCI bridge, secondary bus 0000:13
[    0.558457] pci 0000:00:17.0:   IO window: 0x6000-0x6fff
[    0.558488] pci 0000:00:17.0:   MEM window: 0xca600000-0xca6fffff
[    0.558509] pci 0000:00:17.0:   PREFETCH window: 0x000000d8c00000-0x000000d8cfffff
[    0.558553] pci 0000:00:17.1: PCI bridge, secondary bus 0000:14
[    0.558565] pci 0000:00:17.1:   IO window: 0xa000-0xafff
[    0.558596] pci 0000:00:17.1:   MEM window: 0xcaa00000-0xcaafffff
[    0.558617] pci 0000:00:17.1:   PREFETCH window: 0x000000d9000000-0x000000d90fffff
[    0.558661] pci 0000:00:17.2: PCI bridge, secondary bus 0000:15
[    0.558673] pci 0000:00:17.2:   IO window: 0xe000-0xefff
[    0.558714] pci 0000:00:17.2:   MEM window: 0xcae00000-0xcaefffff
[    0.558745] pci 0000:00:17.2:   PREFETCH window: 0x000000d9400000-0x000000d94fffff
[    0.558789] pci 0000:00:17.3: PCI bridge, secondary bus 0000:16
[    0.558791] pci 0000:00:17.3:   IO window: disabled
[    0.558822] pci 0000:00:17.3:   MEM window: 0xcb200000-0xcb2fffff
[    0.558846] pci 0000:00:17.3:   PREFETCH window: 0x000000d9800000-0x000000d98fffff
[    0.558903] pci 0000:00:17.4: PCI bridge, secondary bus 0000:17
[    0.558905] pci 0000:00:17.4:   IO window: disabled
[    0.558945] pci 0000:00:17.4:   MEM window: 0xcb600000-0xcb6fffff
[    0.558967] pci 0000:00:17.4:   PREFETCH window: 0x000000d9c00000-0x000000d9cfffff
[    0.559010] pci 0000:00:17.5: PCI bridge, secondary bus 0000:18
[    0.559012] pci 0000:00:17.5:   IO window: disabled
[    0.559043] pci 0000:00:17.5:   MEM window: 0xcba00000-0xcbafffff
[    0.559064] pci 0000:00:17.5:   PREFETCH window: 0x000000da000000-0x000000da0fffff
[    0.559108] pci 0000:00:17.6: PCI bridge, secondary bus 0000:19
[    0.559109] pci 0000:00:17.6:   IO window: disabled
[    0.559140] pci 0000:00:17.6:   MEM window: 0xcbe00000-0xcbefffff
[    0.559162] pci 0000:00:17.6:   PREFETCH window: 0x000000da400000-0x000000da4fffff
[    0.559206] pci 0000:00:17.7: PCI bridge, secondary bus 0000:1a
[    0.559207] pci 0000:00:17.7:   IO window: disabled
[    0.559238] pci 0000:00:17.7:   MEM window: 0xcc200000-0xcc2fffff
[    0.559260] pci 0000:00:17.7:   PREFETCH window: 0x000000da800000-0x000000da8fffff
[    0.559303] pci 0000:00:18.0: PCI bridge, secondary bus 0000:1b
[    0.559315] pci 0000:00:18.0:   IO window: 0x7000-0x7fff
[    0.559346] pci 0000:00:18.0:   MEM window: 0xca700000-0xca7fffff
[    0.559368] pci 0000:00:18.0:   PREFETCH window: 0x000000d8d00000-0x000000d8dfffff
[    0.559411] pci 0000:00:18.1: PCI bridge, secondary bus 0000:1c
[    0.559430] pci 0000:00:18.1:   IO window: 0xb000-0xbfff
[    0.559461] pci 0000:00:18.1:   MEM window: 0xcab00000-0xcabfffff
[    0.559483] pci 0000:00:18.1:   PREFETCH window: 0x000000d9100000-0x000000d91fffff
[    0.559527] pci 0000:00:18.2: PCI bridge, secondary bus 0000:1d
[    0.559540] pci 0000:00:18.2:   IO window: 0xf000-0xffff
[    0.559571] pci 0000:00:18.2:   MEM window: 0xcaf00000-0xcaffffff
[    0.559592] pci 0000:00:18.2:   PREFETCH window: 0x000000d9500000-0x000000d95fffff
[    0.559636] pci 0000:00:18.3: PCI bridge, secondary bus 0000:1e
[    0.559637] pci 0000:00:18.3:   IO window: disabled
[    0.559676] pci 0000:00:18.3:   MEM window: 0xcb300000-0xcb3fffff
[    0.559708] pci 0000:00:18.3:   PREFETCH window: 0x000000d9900000-0x000000d99fffff
[    0.559761] pci 0000:00:18.4: PCI bridge, secondary bus 0000:1f
[    0.559763] pci 0000:00:18.4:   IO window: disabled
[    0.559794] pci 0000:00:18.4:   MEM window: 0xcb700000-0xcb7fffff
[    0.559815] pci 0000:00:18.4:   PREFETCH window: 0x000000d9d00000-0x000000d9dfffff
[    0.559859] pci 0000:00:18.5: PCI bridge, secondary bus 0000:20
[    0.559861] pci 0000:00:18.5:   IO window: disabled
[    0.559892] pci 0000:00:18.5:   MEM window: 0xcbb00000-0xcbbfffff
[    0.559913] pci 0000:00:18.5:   PREFETCH window: 0x000000da100000-0x000000da1fffff
[    0.559957] pci 0000:00:18.6: PCI bridge, secondary bus 0000:21
[    0.559958] pci 0000:00:18.6:   IO window: disabled
[    0.559989] pci 0000:00:18.6:   MEM window: 0xcbf00000-0xcbffffff
[    0.560011] pci 0000:00:18.6:   PREFETCH window: 0x000000da500000-0x000000da5fffff
[    0.560055] pci 0000:00:18.7: PCI bridge, secondary bus 0000:22
[    0.560056] pci 0000:00:18.7:   IO window: disabled
[    0.560087] pci 0000:00:18.7:   MEM window: 0xcc300000-0xcc3fffff
[    0.560109] pci 0000:00:18.7:   PREFETCH window: 0x000000da900000-0x000000da9fffff
[    0.560184] pci 0000:00:01.0: setting latency timer to 64
[    0.560285] pci 0000:00:15.0: setting latency timer to 64
[    0.560355] pci 0000:00:15.1: setting latency timer to 64
[    0.560425] pci 0000:00:15.2: setting latency timer to 64
[    0.560494] pci 0000:00:15.3: setting latency timer to 64
[    0.560563] pci 0000:00:15.4: setting latency timer to 64
[    0.560633] pci 0000:00:15.5: setting latency timer to 64
[    0.560713] pci 0000:00:15.6: setting latency timer to 64
[    0.560793] pci 0000:00:15.7: setting latency timer to 64
[    0.560863] pci 0000:00:16.0: setting latency timer to 64
[    0.560933] pci 0000:00:16.1: setting latency timer to 64
[    0.561002] pci 0000:00:16.2: setting latency timer to 64
[    0.561071] pci 0000:00:16.3: setting latency timer to 64
[    0.561141] pci 0000:00:16.4: setting latency timer to 64
[    0.561210] pci 0000:00:16.5: setting latency timer to 64
[    0.561279] pci 0000:00:16.6: setting latency timer to 64
[    0.561349] pci 0000:00:16.7: setting latency timer to 64
[    0.561418] pci 0000:00:17.0: setting latency timer to 64
[    0.561487] pci 0000:00:17.1: setting latency timer to 64
[    0.561557] pci 0000:00:17.2: setting latency timer to 64
[    0.561626] pci 0000:00:17.3: setting latency timer to 64
[    0.561713] pci 0000:00:17.4: setting latency timer to 64
[    0.561793] pci 0000:00:17.5: setting latency timer to 64
[    0.561863] pci 0000:00:17.6: setting latency timer to 64
[    0.561932] pci 0000:00:17.7: setting latency timer to 64
[    0.562001] pci 0000:00:18.0: setting latency timer to 64
[    0.562071] pci 0000:00:18.1: setting latency timer to 64
[    0.562140] pci 0000:00:18.2: setting latency timer to 64
[    0.562209] pci 0000:00:18.3: setting latency timer to 64
[    0.562279] pci 0000:00:18.4: setting latency timer to 64
[    0.562348] pci 0000:00:18.5: setting latency timer to 64
[    0.562418] pci 0000:00:18.6: setting latency timer to 64
[    0.562487] pci 0000:00:18.7: setting latency timer to 64
[    0.562500] pci_bus 0000:00: resource 0 io:  [0x00-0xffff]
[    0.562502] pci_bus 0000:00: resource 1 mem: [0x000000-0xffffffffffffffff]
[    0.562504] pci_bus 0000:02: resource 0 io:  [0x2000-0x3fff]
[    0.562506] pci_bus 0000:02: resource 1 mem: [0xc9000000-0xca3fffff]
[    0.562508] pci_bus 0000:02: resource 2 pref mem [0xd8400000-0xd89fffff]
[    0.562510] pci_bus 0000:02: resource 3 io:  [0x00-0xffff]
[    0.562512] pci_bus 0000:02: resource 4 mem: [0x000000-0xffffffffffffffff]
[    0.562514] pci_bus 0000:03: resource 0 io:  [0x4000-0x4fff]
[    0.562515] pci_bus 0000:03: resource 1 mem: [0xca400000-0xca4fffff]
[    0.562517] pci_bus 0000:03: resource 2 pref mem [0xd8a00000-0xd8afffff]
[    0.562519] pci_bus 0000:04: resource 0 io:  [0x8000-0x8fff]
[    0.562521] pci_bus 0000:04: resource 1 mem: [0xca800000-0xca8fffff]
[    0.562523] pci_bus 0000:04: resource 2 pref mem [0xd8e00000-0xd8efffff]
[    0.562524] pci_bus 0000:05: resource 0 io:  [0xc000-0xcfff]
[    0.562526] pci_bus 0000:05: resource 1 mem: [0xcac00000-0xcacfffff]
[    0.562528] pci_bus 0000:05: resource 2 pref mem [0xd9200000-0xd92fffff]
[    0.562530] pci_bus 0000:06: resource 1 mem: [0xcb000000-0xcb0fffff]
[    0.562532] pci_bus 0000:06: resource 2 pref mem [0xd9600000-0xd96fffff]
[    0.562534] pci_bus 0000:07: resource 1 mem: [0xcb400000-0xcb4fffff]
[    0.562535] pci_bus 0000:07: resource 2 pref mem [0xd9a00000-0xd9afffff]
[    0.562537] pci_bus 0000:08: resource 1 mem: [0xcb800000-0xcb8fffff]
[    0.562539] pci_bus 0000:08: resource 2 pref mem [0xd9e00000-0xd9efffff]
[    0.562541] pci_bus 0000:09: resource 1 mem: [0xcbc00000-0xcbcfffff]
[    0.562543] pci_bus 0000:09: resource 2 pref mem [0xda200000-0xda2fffff]
[    0.562544] pci_bus 0000:0a: resource 1 mem: [0xcc000000-0xcc0fffff]
[    0.562546] pci_bus 0000:0a: resource 2 pref mem [0xda600000-0xda6fffff]
[    0.562548] pci_bus 0000:0b: resource 0 io:  [0x5000-0x5fff]
[    0.562550] pci_bus 0000:0b: resource 1 mem: [0xca500000-0xca5fffff]
[    0.562552] pci_bus 0000:0b: resource 2 pref mem [0xd8b00000-0xd8bfffff]
[    0.562553] pci_bus 0000:0c: resource 0 io:  [0x9000-0x9fff]
[    0.562555] pci_bus 0000:0c: resource 1 mem: [0xca900000-0xca9fffff]
[    0.562557] pci_bus 0000:0c: resource 2 pref mem [0xd8f00000-0xd8ffffff]
[    0.562559] pci_bus 0000:0d: resource 0 io:  [0xd000-0xdfff]
[    0.562560] pci_bus 0000:0d: resource 1 mem: [0xcad00000-0xcadfffff]
[    0.562562] pci_bus 0000:0d: resource 2 pref mem [0xd9300000-0xd93fffff]
[    0.562564] pci_bus 0000:0e: resource 1 mem: [0xcb100000-0xcb1fffff]
[    0.562566] pci_bus 0000:0e: resource 2 pref mem [0xd9700000-0xd97fffff]
[    0.562568] pci_bus 0000:0f: resource 1 mem: [0xcb500000-0xcb5fffff]
[    0.562569] pci_bus 0000:0f: resource 2 pref mem [0xd9b00000-0xd9bfffff]
[    0.562571] pci_bus 0000:10: resource 1 mem: [0xcb900000-0xcb9fffff]
[    0.562573] pci_bus 0000:10: resource 2 pref mem [0xd9f00000-0xd9ffffff]
[    0.562575] pci_bus 0000:11: resource 1 mem: [0xcbd00000-0xcbdfffff]
[    0.562577] pci_bus 0000:11: resource 2 pref mem [0xda300000-0xda3fffff]
[    0.562579] pci_bus 0000:12: resource 1 mem: [0xcc100000-0xcc1fffff]
[    0.562580] pci_bus 0000:12: resource 2 pref mem [0xda700000-0xda7fffff]
[    0.562582] pci_bus 0000:13: resource 0 io:  [0x6000-0x6fff]
[    0.562584] pci_bus 0000:13: resource 1 mem: [0xca600000-0xca6fffff]
[    0.562586] pci_bus 0000:13: resource 2 pref mem [0xd8c00000-0xd8cfffff]
[    0.562588] pci_bus 0000:14: resource 0 io:  [0xa000-0xafff]
[    0.562589] pci_bus 0000:14: resource 1 mem: [0xcaa00000-0xcaafffff]
[    0.562591] pci_bus 0000:14: resource 2 pref mem [0xd9000000-0xd90fffff]
[    0.562593] pci_bus 0000:15: resource 0 io:  [0xe000-0xefff]
[    0.562595] pci_bus 0000:15: resource 1 mem: [0xcae00000-0xcaefffff]
[    0.562596] pci_bus 0000:15: resource 2 pref mem [0xd9400000-0xd94fffff]
[    0.562598] pci_bus 0000:16: resource 1 mem: [0xcb200000-0xcb2fffff]
[    0.562600] pci_bus 0000:16: resource 2 pref mem [0xd9800000-0xd98fffff]
[    0.562602] pci_bus 0000:17: resource 1 mem: [0xcb600000-0xcb6fffff]
[    0.562604] pci_bus 0000:17: resource 2 pref mem [0xd9c00000-0xd9cfffff]
[    0.562605] pci_bus 0000:18: resource 1 mem: [0xcba00000-0xcbafffff]
[    0.562607] pci_bus 0000:18: resource 2 pref mem [0xda000000-0xda0fffff]
[    0.562609] pci_bus 0000:19: resource 1 mem: [0xcbe00000-0xcbefffff]
[    0.562611] pci_bus 0000:19: resource 2 pref mem [0xda400000-0xda4fffff]
[    0.562613] pci_bus 0000:1a: resource 1 mem: [0xcc200000-0xcc2fffff]
[    0.562614] pci_bus 0000:1a: resource 2 pref mem [0xda800000-0xda8fffff]
[    0.562616] pci_bus 0000:1b: resource 0 io:  [0x7000-0x7fff]
[    0.562618] pci_bus 0000:1b: resource 1 mem: [0xca700000-0xca7fffff]
[    0.562620] pci_bus 0000:1b: resource 2 pref mem [0xd8d00000-0xd8dfffff]
[    0.562622] pci_bus 0000:1c: resource 0 io:  [0xb000-0xbfff]
[    0.562623] pci_bus 0000:1c: resource 1 mem: [0xcab00000-0xcabfffff]
[    0.562625] pci_bus 0000:1c: resource 2 pref mem [0xd9100000-0xd91fffff]
[    0.562627] pci_bus 0000:1d: resource 0 io:  [0xf000-0xffff]
[    0.562629] pci_bus 0000:1d: resource 1 mem: [0xcaf00000-0xcaffffff]
[    0.562630] pci_bus 0000:1d: resource 2 pref mem [0xd9500000-0xd95fffff]
[    0.562632] pci_bus 0000:1e: resource 1 mem: [0xcb300000-0xcb3fffff]
[    0.562634] pci_bus 0000:1e: resource 2 pref mem [0xd9900000-0xd99fffff]
[    0.562636] pci_bus 0000:1f: resource 1 mem: [0xcb700000-0xcb7fffff]
[    0.562638] pci_bus 0000:1f: resource 2 pref mem [0xd9d00000-0xd9dfffff]
[    0.562639] pci_bus 0000:20: resource 1 mem: [0xcbb00000-0xcbbfffff]
[    0.562641] pci_bus 0000:20: resource 2 pref mem [0xda100000-0xda1fffff]
[    0.562643] pci_bus 0000:21: resource 1 mem: [0xcbf00000-0xcbffffff]
[    0.562645] pci_bus 0000:21: resource 2 pref mem [0xda500000-0xda5fffff]
[    0.562647] pci_bus 0000:22: resource 1 mem: [0xcc300000-0xcc3fffff]
[    0.562648] pci_bus 0000:22: resource 2 pref mem [0xda900000-0xda9fffff]
[    0.562688] NET: Registered protocol family 2
[    0.562706] RANDOM - __random32 called. Change num 7.  Value: 55ede565	148ebb7a	8e9cdd7f
[    0.562708] RANDOM - random32 called.  Value: 55ede565	148ebb7a	8e9cdd7f
[    0.562716] random 0000 0000 0000 00000000 00000000: rand_read_num 2 get_random_bytes(4): sig fffffe1a 00000000 00000000
[    0.562718] random 0000 0000 0000 00000000 00000000: extract_entropy(.. 4 ..)
[    0.562730] random 0000 0000 0000 00000000 00000000: going to reseed nonblocking with 64 bits (32 of 0 requested)
[    0.562732] random 0000 0000 0000 00000000 00000000: extract_entropy(.. 8 ..)
[    0.562734] random 0000 0000 0000 00000000 00000000: trying to extract 64 bits from input
[    0.562736] random 0000 0000 0000 00000000 00000000: debiting 0 entropy credits from input
[    0.562738] random 0000 0000 0000 00000000 00000000: extract_entropy account returned: 0 
[    0.562741] random 0000 0000 0000 00000000 00000000: urand_change_num 3 xfer_secondary_pool(4): pool_sig fffffe1a, data_sig 00000000, bytes_mixed 0 00000000 00000000
[    0.562744] random 0000 0000 0000 00000000 00000000: trying to extract 32 bits from nonblocking
[    0.562746] random 0000 0000 0000 00000000 00000000: debiting 32 entropy credits from nonblocking (unlimited)
[    0.562748] random 0000 0000 0000 00000000 00000000: extract_entropy account returned: 4 
[    0.562752] random 0000 0000 0000 00000000 00000000: urand_change_num 4 extract_buf: pool_sig fffffe1a, data_sig fffffed7, bytes_mixed 20 00000000 00000000
[    0.562781] IP route cache hash table entries: 32768 (order: 5, 131072 bytes)
[    0.562865] RANDOM - __random32 called. Change num 8.  Value: de565d28	48ebb7a3	baff4f46
[    0.562867] RANDOM - random32 called.  Value: de565d28	48ebb7a3	baff4f46
[    0.562922] RANDOM - __random32 called. Change num 9.  Value: 65d282be	8ebb7a35	9e8da0a6
[    0.562924] RANDOM - random32 called.  Value: 65d282be	8ebb7a35	9e8da0a6
[    0.562927] RANDOM - __random32 called. Change num 10.  Value: 282be6b0	ebb7a35a	414d5c14
[    0.562929] RANDOM - random32 called.  Value: 282be6b0	ebb7a35a	414d5c14
[    0.562950] RANDOM - __random32 called. Change num 11.  Value: be6b0a9f	bb7a35a2	b82964f7
[    0.562952] RANDOM - random32 called.  Value: be6b0a9f	bb7a35a2	b82964f7
[    0.562962] TCP established hash table entries: 131072 (order: 8, 1048576 bytes)
[    0.563209] TCP bind hash table entries: 65536 (order: 7, 524288 bytes)
[    0.563384] TCP: Hash tables configured (established 131072 bind 65536)
[    0.563387] TCP reno registered
[    0.563389] NET: Registered protocol family 1
[    0.563392] pci 0000:00:00.0: Limiting direct PCI/PCI transfers
[    0.563427] pci 0000:00:0f.0: Boot video device
[    0.563636] Trying to unpack rootfs image as initramfs...
[    1.741747] Freeing initrd memory: 83430k freed
[    1.749778] Simple Boot Flag at 0x36 set to 0x1
[    1.749823] cpufreq-nforce2: No nForce2 chipset.
[    1.749838] Scanning for low memory corruption every 60 seconds
[    1.749957] audit: initializing netlink socket (disabled)
[    1.749981] type=2000 audit(1369440632.740:1): initialized
[    1.753874] highmem bounce pool size: 64 pages
[    1.753879] HugeTLB registered 2 MB page size, pre-allocated 0 pages
[    1.753976] VFS: Disk quotas dquot_6.5.2
[    1.754011] Dquot-cache hash table entries: 1024 (order 0, 4096 bytes)
[    1.754101] fuse init (API version 7.13)
[    1.754146] msgmni has been set to 1729
[    1.754430] alg: No test for stdrng (krng)
[    1.754465] Block layer SCSI generic (bsg) driver version 0.4 loaded (major 253)
[    1.754467] io scheduler noop registered
[    1.754469] io scheduler anticipatory registered
[    1.754471] io scheduler deadline registered
[    1.754491] io scheduler cfq registered (default)
[    1.754537]   alloc irq_desc for 24 on node -1
[    1.754539]   alloc kstat_irqs on node -1
[    1.754584] pcieport 0000:00:15.0: irq 24 for MSI/MSI-X
[    1.754630] pcieport 0000:00:15.0: setting latency timer to 64
[    1.754675]   alloc irq_desc for 25 on node -1
[    1.754677]   alloc kstat_irqs on node -1
[    1.754723] pcieport 0000:00:15.1: irq 25 for MSI/MSI-X
[    1.754768] pcieport 0000:00:15.1: setting latency timer to 64
[    1.754813]   alloc irq_desc for 26 on node -1
[    1.754816]   alloc kstat_irqs on node -1
[    1.754861] pcieport 0000:00:15.2: irq 26 for MSI/MSI-X
[    1.754906] pcieport 0000:00:15.2: setting latency timer to 64
[    1.754951]   alloc irq_desc for 27 on node -1
[    1.754953]   alloc kstat_irqs on node -1
[    1.754999] pcieport 0000:00:15.3: irq 27 for MSI/MSI-X
[    1.755044] pcieport 0000:00:15.3: setting latency timer to 64
[    1.755089]   alloc irq_desc for 28 on node -1
[    1.755091]   alloc kstat_irqs on node -1
[    1.755136] pcieport 0000:00:15.4: irq 28 for MSI/MSI-X
[    1.755182] pcieport 0000:00:15.4: setting latency timer to 64
[    1.755227]   alloc irq_desc for 29 on node -1
[    1.755229]   alloc kstat_irqs on node -1
[    1.755274] pcieport 0000:00:15.5: irq 29 for MSI/MSI-X
[    1.755319] pcieport 0000:00:15.5: setting latency timer to 64
[    1.755365]   alloc irq_desc for 30 on node -1
[    1.755367]   alloc kstat_irqs on node -1
[    1.755412] pcieport 0000:00:15.6: irq 30 for MSI/MSI-X
[    1.755457] pcieport 0000:00:15.6: setting latency timer to 64
[    1.755502]   alloc irq_desc for 31 on node -1
[    1.755504]   alloc kstat_irqs on node -1
[    1.755550] pcieport 0000:00:15.7: irq 31 for MSI/MSI-X
[    1.755595] pcieport 0000:00:15.7: setting latency timer to 64
[    1.755640]   alloc irq_desc for 32 on node -1
[    1.755642]   alloc kstat_irqs on node -1
[    1.755687] pcieport 0000:00:16.0: irq 32 for MSI/MSI-X
[    1.755733] pcieport 0000:00:16.0: setting latency timer to 64
[    1.755778]   alloc irq_desc for 33 on node -1
[    1.755780]   alloc kstat_irqs on node -1
[    1.755825] pcieport 0000:00:16.1: irq 33 for MSI/MSI-X
[    1.755870] pcieport 0000:00:16.1: setting latency timer to 64
[    1.755916]   alloc irq_desc for 34 on node -1
[    1.755918]   alloc kstat_irqs on node -1
[    1.755963] pcieport 0000:00:16.2: irq 34 for MSI/MSI-X
[    1.756008] pcieport 0000:00:16.2: setting latency timer to 64
[    1.756053]   alloc irq_desc for 35 on node -1
[    1.756055]   alloc kstat_irqs on node -1
[    1.756101] pcieport 0000:00:16.3: irq 35 for MSI/MSI-X
[    1.756146] pcieport 0000:00:16.3: setting latency timer to 64
[    1.756191]   alloc irq_desc for 36 on node -1
[    1.756194]   alloc kstat_irqs on node -1
[    1.756239] pcieport 0000:00:16.4: irq 36 for MSI/MSI-X
[    1.756284] pcieport 0000:00:16.4: setting latency timer to 64
[    1.756329]   alloc irq_desc for 37 on node -1
[    1.756331]   alloc kstat_irqs on node -1
[    1.756377] pcieport 0000:00:16.5: irq 37 for MSI/MSI-X
[    1.756422] pcieport 0000:00:16.5: setting latency timer to 64
[    1.756467]   alloc irq_desc for 38 on node -1
[    1.756469]   alloc kstat_irqs on node -1
[    1.756514] pcieport 0000:00:16.6: irq 38 for MSI/MSI-X
[    1.756560] pcieport 0000:00:16.6: setting latency timer to 64
[    1.757786]   alloc irq_desc for 39 on node -1
[    1.757787]   alloc kstat_irqs on node -1
[    1.757833] pcieport 0000:00:16.7: irq 39 for MSI/MSI-X
[    1.757878] pcieport 0000:00:16.7: setting latency timer to 64
[    1.757923]   alloc irq_desc for 40 on node -1
[    1.757925]   alloc kstat_irqs on node -1
[    1.757970] pcieport 0000:00:17.0: irq 40 for MSI/MSI-X
[    1.758016] pcieport 0000:00:17.0: setting latency timer to 64
[    1.758061]   alloc irq_desc for 41 on node -1
[    1.758063]   alloc kstat_irqs on node -1
[    1.758108] pcieport 0000:00:17.1: irq 41 for MSI/MSI-X
[    1.758153] pcieport 0000:00:17.1: setting latency timer to 64
[    1.758199]   alloc irq_desc for 42 on node -1
[    1.758201]   alloc kstat_irqs on node -1
[    1.758246] pcieport 0000:00:17.2: irq 42 for MSI/MSI-X
[    1.758291] pcieport 0000:00:17.2: setting latency timer to 64
[    1.758336]   alloc irq_desc for 43 on node -1
[    1.758338]   alloc kstat_irqs on node -1
[    1.758383] pcieport 0000:00:17.3: irq 43 for MSI/MSI-X
[    1.758429] pcieport 0000:00:17.3: setting latency timer to 64
[    1.758474]   alloc irq_desc for 44 on node -1
[    1.758476]   alloc kstat_irqs on node -1
[    1.758521] pcieport 0000:00:17.4: irq 44 for MSI/MSI-X
[    1.758566] pcieport 0000:00:17.4: setting latency timer to 64
[    1.758612]   alloc irq_desc for 45 on node -1
[    1.758614]   alloc kstat_irqs on node -1
[    1.758659] pcieport 0000:00:17.5: irq 45 for MSI/MSI-X
[    1.758704] pcieport 0000:00:17.5: setting latency timer to 64
[    1.758749]   alloc irq_desc for 46 on node -1
[    1.758751]   alloc kstat_irqs on node -1
[    1.758797] pcieport 0000:00:17.6: irq 46 for MSI/MSI-X
[    1.758842] pcieport 0000:00:17.6: setting latency timer to 64
[    1.758887]   alloc irq_desc for 47 on node -1
[    1.758889]   alloc kstat_irqs on node -1
[    1.758934] pcieport 0000:00:17.7: irq 47 for MSI/MSI-X
[    1.758980] pcieport 0000:00:17.7: setting latency timer to 64
[    1.759025]   alloc irq_desc for 48 on node -1
[    1.759027]   alloc kstat_irqs on node -1
[    1.759072] pcieport 0000:00:18.0: irq 48 for MSI/MSI-X
[    1.759117] pcieport 0000:00:18.0: setting latency timer to 64
[    1.759163]   alloc irq_desc for 49 on node -1
[    1.759165]   alloc kstat_irqs on node -1
[    1.759210] pcieport 0000:00:18.1: irq 49 for MSI/MSI-X
[    1.759255] pcieport 0000:00:18.1: setting latency timer to 64
[    1.759300]   alloc irq_desc for 50 on node -1
[    1.759302]   alloc kstat_irqs on node -1
[    1.759347] pcieport 0000:00:18.2: irq 50 for MSI/MSI-X
[    1.759393] pcieport 0000:00:18.2: setting latency timer to 64
[    1.759438]   alloc irq_desc for 51 on node -1
[    1.759441]   alloc kstat_irqs on node -1
[    1.759487] pcieport 0000:00:18.3: irq 51 for MSI/MSI-X
[    1.759532] pcieport 0000:00:18.3: setting latency timer to 64
[    1.759577]   alloc irq_desc for 52 on node -1
[    1.759579]   alloc kstat_irqs on node -1
[    1.759625] pcieport 0000:00:18.4: irq 52 for MSI/MSI-X
[    1.759670] pcieport 0000:00:18.4: setting latency timer to 64
[    1.759715]   alloc irq_desc for 53 on node -1
[    1.759717]   alloc kstat_irqs on node -1
[    1.759762] pcieport 0000:00:18.5: irq 53 for MSI/MSI-X
[    1.759808] pcieport 0000:00:18.5: setting latency timer to 64
[    1.759853]   alloc irq_desc for 54 on node -1
[    1.759855]   alloc kstat_irqs on node -1
[    1.759900] pcieport 0000:00:18.6: irq 54 for MSI/MSI-X
[    1.759945] pcieport 0000:00:18.6: setting latency timer to 64
[    1.759990]   alloc irq_desc for 55 on node -1
[    1.759993]   alloc kstat_irqs on node -1
[    1.760038] pcieport 0000:00:18.7: irq 55 for MSI/MSI-X
[    1.760083] pcieport 0000:00:18.7: setting latency timer to 64
[    1.760128] pci_hotplug: PCI Hot Plug PCI Core version: 0.5
[    1.761812] pciehp 0000:00:15.0:pcie04: HPC vendor_id 15ad device_id 7a0 ss_vid 0 ss_did 0
[    1.761862] pciehp 0000:00:15.0:pcie04: service driver pciehp loaded
[    1.761911] pciehp 0000:00:15.1:pcie04: HPC vendor_id 15ad device_id 7a0 ss_vid 0 ss_did 0
[    1.761961] pciehp 0000:00:15.1:pcie04: service driver pciehp loaded
[    1.762010] pciehp 0000:00:15.2:pcie04: HPC vendor_id 15ad device_id 7a0 ss_vid 0 ss_did 0
[    1.762060] pciehp 0000:00:15.2:pcie04: service driver pciehp loaded
[    1.762109] pciehp 0000:00:15.3:pcie04: HPC vendor_id 15ad device_id 7a0 ss_vid 0 ss_did 0
[    1.762159] pciehp 0000:00:15.3:pcie04: service driver pciehp loaded
[    1.762208] pciehp 0000:00:15.4:pcie04: HPC vendor_id 15ad device_id 7a0 ss_vid 0 ss_did 0
[    1.762258] pciehp 0000:00:15.4:pcie04: service driver pciehp loaded
[    1.762307] pciehp 0000:00:15.5:pcie04: HPC vendor_id 15ad device_id 7a0 ss_vid 0 ss_did 0
[    1.762357] pciehp 0000:00:15.5:pcie04: service driver pciehp loaded
[    1.762406] pciehp 0000:00:15.6:pcie04: HPC vendor_id 15ad device_id 7a0 ss_vid 0 ss_did 0
[    1.762456] pciehp 0000:00:15.6:pcie04: service driver pciehp loaded
[    1.762506] pciehp 0000:00:15.7:pcie04: HPC vendor_id 15ad device_id 7a0 ss_vid 0 ss_did 0
[    1.762555] pciehp 0000:00:15.7:pcie04: service driver pciehp loaded
[    1.762605] pciehp 0000:00:16.0:pcie04: HPC vendor_id 15ad device_id 7a0 ss_vid 0 ss_did 0
[    1.762654] pciehp 0000:00:16.0:pcie04: service driver pciehp loaded
[    1.762704] pciehp 0000:00:16.1:pcie04: HPC vendor_id 15ad device_id 7a0 ss_vid 0 ss_did 0
[    1.762753] pciehp 0000:00:16.1:pcie04: service driver pciehp loaded
[    1.762803] pciehp 0000:00:16.2:pcie04: HPC vendor_id 15ad device_id 7a0 ss_vid 0 ss_did 0
[    1.762852] pciehp 0000:00:16.2:pcie04: service driver pciehp loaded
[    1.762902] pciehp 0000:00:16.3:pcie04: HPC vendor_id 15ad device_id 7a0 ss_vid 0 ss_did 0
[    1.762951] pciehp 0000:00:16.3:pcie04: service driver pciehp loaded
[    1.763001] pciehp 0000:00:16.4:pcie04: HPC vendor_id 15ad device_id 7a0 ss_vid 0 ss_did 0
[    1.763050] pciehp 0000:00:16.4:pcie04: service driver pciehp loaded
[    1.763100] pciehp 0000:00:16.5:pcie04: HPC vendor_id 15ad device_id 7a0 ss_vid 0 ss_did 0
[    1.763149] pciehp 0000:00:16.5:pcie04: service driver pciehp loaded
[    1.763199] pciehp 0000:00:16.6:pcie04: HPC vendor_id 15ad device_id 7a0 ss_vid 0 ss_did 0
[    1.763248] pciehp 0000:00:16.6:pcie04: service driver pciehp loaded
[    1.763298] pciehp 0000:00:16.7:pcie04: HPC vendor_id 15ad device_id 7a0 ss_vid 0 ss_did 0
[    1.763348] pciehp 0000:00:16.7:pcie04: service driver pciehp loaded
[    1.763397] pciehp 0000:00:17.0:pcie04: HPC vendor_id 15ad device_id 7a0 ss_vid 0 ss_did 0
[    1.763447] pciehp 0000:00:17.0:pcie04: service driver pciehp loaded
[    1.763496] pciehp 0000:00:17.1:pcie04: HPC vendor_id 15ad device_id 7a0 ss_vid 0 ss_did 0
[    1.763546] pciehp 0000:00:17.1:pcie04: service driver pciehp loaded
[    1.763595] pciehp 0000:00:17.2:pcie04: HPC vendor_id 15ad device_id 7a0 ss_vid 0 ss_did 0
[    1.763645] pciehp 0000:00:17.2:pcie04: service driver pciehp loaded
[    1.763694] pciehp 0000:00:17.3:pcie04: HPC vendor_id 15ad device_id 7a0 ss_vid 0 ss_did 0
[    1.763744] pciehp 0000:00:17.3:pcie04: service driver pciehp loaded
[    1.763793] pciehp 0000:00:17.4:pcie04: HPC vendor_id 15ad device_id 7a0 ss_vid 0 ss_did 0
[    1.763843] pciehp 0000:00:17.4:pcie04: service driver pciehp loaded
[    1.763892] pciehp 0000:00:17.5:pcie04: HPC vendor_id 15ad device_id 7a0 ss_vid 0 ss_did 0
[    1.763942] pciehp 0000:00:17.5:pcie04: service driver pciehp loaded
[    1.763991] pciehp 0000:00:17.6:pcie04: HPC vendor_id 15ad device_id 7a0 ss_vid 0 ss_did 0
[    1.764041] pciehp 0000:00:17.6:pcie04: service driver pciehp loaded
[    1.764091] pciehp 0000:00:17.7:pcie04: HPC vendor_id 15ad device_id 7a0 ss_vid 0 ss_did 0
[    1.764140] pciehp 0000:00:17.7:pcie04: service driver pciehp loaded
[    1.764190] pciehp 0000:00:18.0:pcie04: HPC vendor_id 15ad device_id 7a0 ss_vid 0 ss_did 0
[    1.764239] pciehp 0000:00:18.0:pcie04: service driver pciehp loaded
[    1.764289] pciehp 0000:00:18.1:pcie04: HPC vendor_id 15ad device_id 7a0 ss_vid 0 ss_did 0
[    1.764338] pciehp 0000:00:18.1:pcie04: service driver pciehp loaded
[    1.764388] pciehp 0000:00:18.2:pcie04: HPC vendor_id 15ad device_id 7a0 ss_vid 0 ss_did 0
[    1.764437] pciehp 0000:00:18.2:pcie04: service driver pciehp loaded
[    1.764487] pciehp 0000:00:18.3:pcie04: HPC vendor_id 15ad device_id 7a0 ss_vid 0 ss_did 0
[    1.764536] pciehp 0000:00:18.3:pcie04: service driver pciehp loaded
[    1.764586] pciehp 0000:00:18.4:pcie04: HPC vendor_id 15ad device_id 7a0 ss_vid 0 ss_did 0
[    1.764635] pciehp 0000:00:18.4:pcie04: service driver pciehp loaded
[    1.764685] pciehp 0000:00:18.5:pcie04: HPC vendor_id 15ad device_id 7a0 ss_vid 0 ss_did 0
[    1.764734] pciehp 0000:00:18.5:pcie04: service driver pciehp loaded
[    1.764784] pciehp 0000:00:18.6:pcie04: HPC vendor_id 15ad device_id 7a0 ss_vid 0 ss_did 0
[    1.764833] pciehp 0000:00:18.6:pcie04: service driver pciehp loaded
[    1.764883] pciehp 0000:00:18.7:pcie04: HPC vendor_id 15ad device_id 7a0 ss_vid 0 ss_did 0
[    1.764933] pciehp 0000:00:18.7:pcie04: service driver pciehp loaded
[    1.764941] pciehp: PCI Express Hot Plug Controller Driver version: 0.4
[    1.764995] ACPI: AC Adapter [ACAD] (on-line)
[    1.765056] input: Power Button as /devices/LNXSYSTM:00/LNXPWRBN:00/input/input0
[    1.765058] ACPI: Power Button [PWRF]
[    1.765108] processor LNXCPU:00: registered as cooling_device0
[    1.813686] isapnp: Scanning for PnP cards...
[    2.167471] isapnp: No Plug & Play device found
[    2.167502] random 0000 0000 0000 5f8db4e5 4cfdf2a8: initializing
[    2.167622] Linux agpgart interface v0.103
[    2.167663] agpgart-intel 0000:00:00.0: Intel 440BX Chipset
[    2.167712] agpgart-intel 0000:00:00.0: AGP aperture is 256M @ 0x0
[    2.167745] Serial: 8250/16550 driver, 32 ports, IRQ sharing enabled
[    2.167794] serial8250: ttyS0 at I/O 0x3f8 (irq = 4) is a 16550A
[    2.167844] serial8250: ttyS1 at I/O 0x2f8 (irq = 3) is a 16550A
[    2.167893] 00:0a: ttyS0 at I/O 0x3f8 (irq = 4) is a 16550A
[    2.167943] 00:0b: ttyS1 at I/O 0x2f8 (irq = 3) is a 16550A
[    2.167992] brd: module loaded
[    2.168042] loop: module loaded
[    2.168091] ata_piix 0000:00:07.1: version 2.13
[    2.168170] scsi0 : ata_piix
[    2.168220] scsi1 : ata_piix
[    2.168240] ata1: PATA max UDMA/33 cmd 0x1f0 ctl 0x3f6 bmdma 0x10c0 irq 14
[    2.168242] ata2: PATA max UDMA/33 cmd 0x170 ctl 0x376 bmdma 0x10c8 irq 15
[    2.168292] PPP generic driver version 2.4.2
[    2.168312] tun: Universal TUN/TAP device driver, 1.6
[    2.168313] tun: (C) 1999-2004 Max Krasnyansky <maxk@qualcomm.com>
[    2.168363] ehci_hcd: USB 2.0 'Enhanced' Host Controller (EHCI) Driver
[    2.168412] ACPI: PCI Interrupt Link [LNKB] enabled at IRQ 11
[    2.168415] PCI: setting IRQ 11 as level-triggered
[    2.168423] ehci_hcd 0000:02:03.0: PCI INT A -> Link[LNKB] -> GSI 11 (level, low) -> IRQ 11
[    2.168461] ehci_hcd 0000:02:03.0: EHCI Host Controller
[    2.168484] ehci_hcd 0000:02:03.0: new USB bus registered, assigned bus number 1
[    2.168533] ehci_hcd 0000:02:03.0: cache line size of 32 is not supported
[    2.168540] ehci_hcd 0000:02:03.0: irq 11, io mem 0xc9000000
[    2.168843] random 0000 0000 0000 00000000 00000000: rand_read_num 3 get_random_bytes(8): sig 00000000 00000000 00000000
[    2.168845] random 0000 0000 0000 00000000 00000000: extract_entropy(.. 8 ..)
[    2.168848] random 0000 0000 0000 00000000 00000000: going to reseed nonblocking with 64 bits (64 of 0 requested)
[    2.168851] random 0000 0000 0000 00000000 00000000: extract_entropy(.. 8 ..)
[    2.168853] random 0000 0000 0000 00000000 00000000: trying to extract 64 bits from input
[    2.168855] random 0000 0000 0000 00000000 00000000: debiting 0 entropy credits from input
[    2.168857] random 0000 0000 0000 00000000 00000000: extract_entropy account returned: 0 
[    2.168861] random 0000 0000 0000 00000000 00000000: urand_change_num 5 xfer_secondary_pool(8): pool_sig 00000000, data_sig 00000000, bytes_mixed 0 00000000 00000000
[    2.168863] random 0000 0000 0000 00000000 00000000: trying to extract 64 bits from nonblocking
[    2.168866] random 0000 0000 0000 00000000 00000000: debiting 64 entropy credits from nonblocking (unlimited)
[    2.168868] random 0000 0000 0000 00000000 00000000: extract_entropy account returned: 8 
[    2.168872] random 0000 0000 0000 00000000 00000000: urand_change_num 6 extract_buf: pool_sig 00000000, data_sig fffffff9, bytes_mixed 20 00000000 00000000
[    2.177129] ehci_hcd 0000:02:03.0: USB 2.0 started, EHCI 1.00
[    2.177178] usb usb1: configuration #1 chosen from 1 choice
[    2.177198] hub 1-0:1.0: USB hub found
[    2.177203] hub 1-0:1.0: 6 ports detected
[    2.177240] ohci_hcd: USB 1.1 'Open' Host Controller (OHCI) Driver
[    2.177252] uhci_hcd: USB Universal Host Controller Interface driver
[    2.177302] ACPI: PCI Interrupt Link [LNKC] enabled at IRQ 10
[    2.177304] PCI: setting IRQ 10 as level-triggered
[    2.177309] uhci_hcd 0000:02:00.0: PCI INT A -> Link[LNKC] -> GSI 10 (level, low) -> IRQ 10
[    2.177347] uhci_hcd 0000:02:00.0: UHCI Host Controller
[    2.177379] uhci_hcd 0000:02:00.0: new USB bus registered, assigned bus number 2
[    2.177483] uhci_hcd 0000:02:00.0: irq 10, io base 0x000020c0
[    2.177532] usb usb2: configuration #1 chosen from 1 choice
[    2.177548] hub 2-0:1.0: USB hub found
[    2.177553] hub 2-0:1.0: 2 ports detected
[    2.177603] usbcore: registered new interface driver libusual
[    2.177636] PNP: PS/2 Controller [PNP0303:KBC,PNP0f13:MOUS] at 0x60,0x64 irq 1,12
[    2.177963] serio: i8042 KBD port at 0x60,0x64 irq 1
[    2.177971] serio: i8042 AUX port at 0x60,0x64 irq 12
[    2.178007] mice: PS/2 mouse device common for all mice
[    2.178056] rtc_cmos 00:04: rtc core: registered rtc_cmos as rtc0
[    2.178073] rtc0: alarms up to one month, y3k, 114 bytes nvram, hpet irqs
[    2.178122] device-mapper: uevent: version 1.0.3
[    2.178252] device-mapper: ioctl: 4.15.0-ioctl (2009-04-01) initialised: dm-devel@redhat.com
[    2.178270] EISA: Probing bus 0 at eisa.0
[    2.178278] Cannot allocate resource for EISA slot 1
[    2.178280] Cannot allocate resource for EISA slot 2
[    2.178282] Cannot allocate resource for EISA slot 3
[    2.178283] Cannot allocate resource for EISA slot 4
[    2.178285] Cannot allocate resource for EISA slot 5
[    2.178287] Cannot allocate resource for EISA slot 6
[    2.178289] Cannot allocate resource for EISA slot 7
[    2.178291] Cannot allocate resource for EISA slot 8
[    2.178293] EISA: Detected 0 cards.
[    2.178340] cpuidle: using governor ladder
[    2.178342] cpuidle: using governor menu
[    2.178392] random 0000 0000 0000 00000000 00000000: rand_read_num 4 get_random_bytes(136): sig 0000021d 00000000 00000000
[    2.178395] random 0000 0000 0000 00000000 00000000: extract_entropy(.. 136 ..)
[    2.178397] random 0000 0000 0000 00000000 00000000: going to reseed nonblocking with 1024 bits (1088 of 0 requested)
[    2.178399] random 0000 0000 0000 00000000 00000000: extract_entropy(.. 128 ..)
[    2.178402] random 0000 0000 0000 00000000 00000000: trying to extract 1024 bits from input
[    2.178404] random 0000 0000 0000 00000000 00000000: debiting 0 entropy credits from input
[    2.178406] random 0000 0000 0000 00000000 00000000: extract_entropy account returned: 0 
[    2.178409] random 0000 0000 0000 00000000 00000000: urand_change_num 7 xfer_secondary_pool(136): pool_sig 0000021d, data_sig 00000000, bytes_mixed 0 00000000 00000000
[    2.178412] random 0000 0000 0000 00000000 00000000: trying to extract 1088 bits from nonblocking
[    2.178414] random 0000 0000 0000 00000000 00000000: debiting 1088 entropy credits from nonblocking (unlimited)
[    2.178417] random 0000 0000 0000 00000000 00000000: extract_entropy account returned: 136 
[    2.178420] random 0000 0000 0000 00000000 00000000: urand_change_num 8 extract_buf: pool_sig 0000021d, data_sig fffffff7, bytes_mixed 20 00000000 00000000
[    2.178425] random 0000 0000 0000 f961ee50 ba9cb1aa: urand_change_num 9 extract_buf: pool_sig 00000230, data_sig fffffeb4, bytes_mixed 20 f961ee50 ba9cb1aa
[    2.178430] random 0000 0000 0000 9748bdd6 56fb8af6: urand_change_num 10 extract_buf: pool_sig 00000373, data_sig 000000cf, bytes_mixed 20 9748bdd6 56fb8af6
[    2.178434] random 0000 0000 0000 9748bdd6 56fb8af6: urand_change_num 11 extract_buf: pool_sig fffffe49, data_sig 0000023f, bytes_mixed 20 9748bdd6 56fb8af6
[    2.178439] random 0000 0000 0000 a135be86 4777650e: urand_change_num 12 extract_buf: pool_sig fffffcce, data_sig 000000c6, bytes_mixed 20 a135be86 4777650e
[    2.178443] random 0000 0000 0000 4a6ea85d 170e00dd: urand_change_num 13 extract_buf: pool_sig ffffff97, data_sig ffffff7d, bytes_mixed 20 4a6ea85d 170e00dd
[    2.178447] random 0000 0000 0000 4a6ea85d 170e00dd: urand_change_num 14 extract_buf: pool_sig 00000160, data_sig fffffeea, bytes_mixed 20 4a6ea85d 170e00dd
[    2.178452] random 0000 0000 0000 6e87c3cb da668c73: urand_change_num 15 extract_buf: pool_sig 0000034f, data_sig ffffff54, bytes_mixed 20 6e87c3cb da668c73
[    2.178456] random 0000 0000 0000 6e87c3cb da668c73: urand_change_num 16 extract_buf: pool_sig fffffdc5, data_sig 00000205, bytes_mixed 20 6e87c3cb da668c73
[    2.178461] random 0000 0000 0000 39f531e6 461eb249: urand_change_num 17 extract_buf: pool_sig fffffc1d, data_sig ffffff5e, bytes_mixed 20 39f531e6 461eb249
[    2.178465] random 0000 0000 0000 7e1538a2 3e661182: urand_change_num 18 extract_buf: pool_sig 000006ef, data_sig ffffff2e, bytes_mixed 20 7e1538a2 3e661182
[    2.178470] random 0000 0000 0000 7e1538a2 3e661182: urand_change_num 19 extract_buf: pool_sig 00000317, data_sig fffffccb, bytes_mixed 20 7e1538a2 3e661182
[    2.178474] random 0000 0000 0000 76af506b 9b57305e: urand_change_num 20 extract_buf: pool_sig 00000227, data_sig ffffffd2, bytes_mixed 20 76af506b 9b57305e
[    2.178478] random 0000 0000 0000 37d49d89 e20417cc: urand_change_num 21 extract_buf: pool_sig 0000080b, data_sig 000001e9, bytes_mixed 20 37d49d89 e20417cc
[    2.178483] TCP cubic registered
[    2.178532] NET: Registered protocol family 10
[    2.178567] RANDOM - __random32 called. Change num 12.  Value: b0a9fbe7	b7a35a2b	c9ef2c48
[    2.178569] RANDOM - random32 called.  Value: b0a9fbe7	b7a35a2b	c9ef2c48
[    2.178578] random 0000 0000 0000 37d49d89 e20417cc: rand_read_num 5 get_random_bytes(4): sig 00000298 37d49d89 e20417cc
[    2.178580] random 0000 0000 0000 37d49d89 e20417cc: extract_entropy(.. 4 ..)
[    2.178583] random 0000 0000 0000 37d49d89 e20417cc: going to reseed nonblocking with 64 bits (32 of 0 requested)
[    2.178585] random 0000 0000 0000 37d49d89 e20417cc: extract_entropy(.. 8 ..)
[    2.178587] random 0000 0000 0000 37d49d89 e20417cc: trying to extract 64 bits from input
[    2.178589] random 0000 0000 0000 37d49d89 e20417cc: debiting 0 entropy credits from input
[    2.178592] random 0000 0000 0000 37d49d89 e20417cc: extract_entropy account returned: 0 
[    2.178595] random 0000 0000 0000 37d49d89 e20417cc: urand_change_num 22 xfer_secondary_pool(4): pool_sig 00000298, data_sig 00000000, bytes_mixed 0 37d49d89 e20417cc
[    2.178597] random 0000 0000 0000 37d49d89 e20417cc: trying to extract 32 bits from nonblocking
[    2.178600] random 0000 0000 0000 37d49d89 e20417cc: debiting 32 entropy credits from nonblocking (unlimited)
[    2.178602] random 0000 0000 0000 37d49d89 e20417cc: extract_entropy account returned: 4 
[    2.178605] random 0000 0000 0000 37d49d89 e20417cc: urand_change_num 23 extract_buf: pool_sig 00000298, data_sig 00000092, bytes_mixed 20 37d49d89 e20417cc
[    2.178655] RANDOM - __random32 called. Change num 13.  Value: 9fbe71fa	7a35a2b4	5890d2c9
[    2.178657] RANDOM - random32 called.  Value: 9fbe71fa	7a35a2b4	5890d2c9
[    2.178707] NET: Registered protocol family 17
[    2.178728] Using IPI No-Shortcut mode
[    2.178734] random 0000 0000 0000 2ee4c4fc 167bdb15: rand_read_num 6 get_random_bytes(8): sig fffffcbf 2ee4c4fc 167bdb15
[    2.178736] random 0000 0000 0000 2ee4c4fc 167bdb15: extract_entropy(.. 8 ..)
[    2.178739] random 0000 0000 0000 2ee4c4fc 167bdb15: going to reseed nonblocking with 64 bits (64 of 0 requested)
[    2.178741] random 0000 0000 0000 2ee4c4fc 167bdb15: extract_entropy(.. 8 ..)
[    2.178743] random 0000 0000 0000 2ee4c4fc 167bdb15: trying to extract 64 bits from input
[    2.178745] random 0000 0000 0000 2ee4c4fc 167bdb15: debiting 0 entropy credits from input
[    2.178747] random 0000 0000 0000 2ee4c4fc 167bdb15: extract_entropy account returned: 0 
[    2.178750] random 0000 0000 0000 2ee4c4fc 167bdb15: urand_change_num 24 xfer_secondary_pool(8): pool_sig fffffcbf, data_sig 00000000, bytes_mixed 0 2ee4c4fc 167bdb15
[    2.178753] random 0000 0000 0000 2ee4c4fc 167bdb15: trying to extract 64 bits from nonblocking
[    2.178756] random 0000 0000 0000 2ee4c4fc 167bdb15: debiting 64 entropy credits from nonblocking (unlimited)
[    2.178758] random 0000 0000 0000 2ee4c4fc 167bdb15: extract_entropy account returned: 8 
[    2.178761] random 0000 0000 0000 2ee4c4fc 167bdb15: urand_change_num 25 extract_buf: pool_sig fffffcbf, data_sig ffffff83, bytes_mixed 20 2ee4c4fc 167bdb15
[    2.178802] PM: Resume from disk failed.
[    2.178810] registered taskstats version 1
[    2.178813] random 0000 0000 0000 2ee4c4fc 167bdb15: rand_read_num 7 get_random_bytes(12): sig fffffc69 2ee4c4fc 167bdb15
[    2.178845] random 0000 0000 0000 2ee4c4fc 167bdb15: extract_entropy(.. 12 ..)
[    2.178874] random 0000 0000 0000 2ee4c4fc 167bdb15: going to reseed nonblocking with 96 bits (96 of 0 requested)
[    2.178877] random 0000 0000 0000 2ee4c4fc 167bdb15: extract_entropy(.. 12 ..)
[    2.178879] random 0000 0000 0000 2ee4c4fc 167bdb15: trying to extract 96 bits from input
[    2.178881] random 0000 0000 0000 2ee4c4fc 167bdb15: debiting 0 entropy credits from input
[    2.178883] random 0000 0000 0000 2ee4c4fc 167bdb15: extract_entropy account returned: 0 
[    2.178886] random 0000 0000 0000 2ee4c4fc 167bdb15: urand_change_num 26 xfer_secondary_pool(12): pool_sig fffffc69, data_sig 00000000, bytes_mixed 0 2ee4c4fc 167bdb15
[    2.178889] random 0000 0000 0000 2ee4c4fc 167bdb15: trying to extract 96 bits from nonblocking
[    2.178891] random 0000 0000 0000 2ee4c4fc 167bdb15: debiting 96 entropy credits from nonblocking (unlimited)
[    2.178893] random 0000 0000 0000 2ee4c4fc 167bdb15: extract_entropy account returned: 12 
[    2.178897] random 0000 0000 0000 2ee4c4fc 167bdb15: urand_change_num 27 extract_buf: pool_sig fffffc69, data_sig ffffff7d, bytes_mixed 20 2ee4c4fc 167bdb15
[    2.178902] random 0000 0000 0000 83b7c1ab 94697f48: urand_change_num 28 extract_buf: pool_sig fffffe30, data_sig fffffdd6, bytes_mixed 20 83b7c1ab 94697f48
[    2.178904] RANDOM - __seed init called.
[    2.178906] RANDOM - __seed init called.
[    2.178907] RANDOM - __seed init called.
[    2.178909] RANDOM - __random32 called. Change num 14.  Value: fc007995	feca4f80	21b38ad2
[    2.178911] RANDOM - random32_reseed called.  Value: fc007995	feca4f80	21b38ad2
[    2.178913] Pid: 1, comm: swapper Not tainted 2.6.32.57 #4
[    2.178915] Call Trace:
[    2.178921]  [<c14a8a0e>] ? printk+0x1d/0x1f
[    2.178925]  [<c17537e5>] random32_reseed+0x89/0xbd
[    2.178929]  [<c1003042>] do_one_initcall+0x32/0x1a0
[    2.178931]  [<c175375c>] ? random32_reseed+0x0/0xbd
[    2.178935]  [<c17308e7>] kernel_init+0x12d/0x17a
[    2.178937]  [<c17307ba>] ? kernel_init+0x0/0x17a
[    2.178940]  [<c1009b07>] kernel_thread_helper+0x7/0x10
[    2.181631] input: AT Translated Set 2 keyboard as /devices/platform/i8042/serio0/input/input1
[    2.181903] random 0000 0000 0000 6db70b00 b30ce96b: rand_read_num 8 get_random_bytes(64): sig fffffb38 6db70b00 b30ce96b
[    2.181908] random 0000 0000 0000 6db70b00 b30ce96b: extract_entropy(.. 64 ..)
[    2.181911] random 0000 0000 0000 6db70b00 b30ce96b: going to reseed nonblocking with 512 bits (512 of 0 requested)
[    2.181913] random 0000 0000 0000 6db70b00 b30ce96b: extract_entropy(.. 64 ..)
[    2.181916] random 0000 0000 0000 6db70b00 b30ce96b: trying to extract 512 bits from input
[    2.181918] random 0000 0000 0000 6db70b00 b30ce96b: debiting 0 entropy credits from input
[    2.181920] random 0000 0000 0000 6db70b00 b30ce96b: extract_entropy account returned: 0 
[    2.181923] random 0000 0000 0000 6db70b00 b30ce96b: urand_change_num 29 xfer_secondary_pool(64): pool_sig fffffb38, data_sig 00000000, bytes_mixed 0 6db70b00 b30ce96b
[    2.181926] random 0000 0000 0000 6db70b00 b30ce96b: trying to extract 512 bits from nonblocking
[    2.181929] random 0000 0000 0000 6db70b00 b30ce96b: debiting 512 entropy credits from nonblocking (unlimited)
[    2.181931] random 0000 0000 0000 6db70b00 b30ce96b: extract_entropy account returned: 64 
[    2.181935] random 0000 0000 0000 6db70b00 b30ce96b: urand_change_num 30 extract_buf: pool_sig fffffb38, data_sig 00000151, bytes_mixed 20 6db70b00 b30ce96b
[    2.181940] random 0000 0000 0000 6db70b00 b30ce96b: urand_change_num 31 extract_buf: pool_sig fffffdb8, data_sig 00000379, bytes_mixed 20 6db70b00 b30ce96b
[    2.181944] random 0000 0000 0000 6b83001e d4b6c0d3: urand_change_num 32 extract_buf: pool_sig ffffffc9, data_sig 00000198, bytes_mixed 20 6b83001e d4b6c0d3
[    2.181949] random 0000 0000 0000 79d3e3c7 be564518: urand_change_num 33 extract_buf: pool_sig 000002b9, data_sig ffffff84, bytes_mixed 20 79d3e3c7 be564518
[    2.181953] random 0000 0000 0000 79d3e3c7 be564518: urand_change_num 34 extract_buf: pool_sig ffffff55, data_sig ffffff5a, bytes_mixed 20 79d3e3c7 be564518
[    2.181958] random 0000 0000 0000 89c03cb2 0d353228: urand_change_num 35 extract_buf: pool_sig 00000007, data_sig ffffff17, bytes_mixed 20 89c03cb2 0d353228
[    2.181962] random 0000 0000 0000 89c03cb2 0d353228: urand_change_num 36 extract_buf: pool_sig fffffdae, data_sig 000000db, bytes_mixed 20 89c03cb2 0d353228  Magic number: 13:484:153
[    2.181975] bdi 1:5: hash matches
[    2.181988] pciehp 0000:00:15.6:pcie04: hash matches
[    2.182003] acpi device:20: hash matches
[    2.182076] rtc_cmos 00:04: setting system clock to 2013-05-25 00:10:34 UTC (1369440634)
[    2.182079] BIOS EDD facility v0.16 2004-Jun-25, 0 devices found
[    2.182081] EDD information not available.
[    2.182130] random 0000 0000 0000 8ca62387 b120332c: rand_read_num 9 get_random_bytes(64): sig fffffed6 8ca62387 b120332c
[    2.182133] random 0000 0000 0000 8ca62387 b120332c: extract_entropy(.. 64 ..)
[    2.182136] random 0000 0000 0000 8ca62387 b120332c: going to reseed nonblocking with 512 bits (512 of 0 requested)
[    2.182138] random 0000 0000 0000 8ca62387 b120332c: extract_entropy(.. 64 ..)
[    2.182140] random 0000 0000 0000 8ca62387 b120332c: trying to extract 512 bits from input
[    2.182142] random 0000 0000 0000 8ca62387 b120332c: debiting 0 entropy credits from input
[    2.182144] random 0000 0000 0000 8ca62387 b120332c: extract_entropy account returned: 0 
[    2.182147] random 0000 0000 0000 8ca62387 b120332c: urand_change_num 37 xfer_secondary_pool(64): pool_sig fffffed6, data_sig 00000000, bytes_mixed 0 8ca62387 b120332c
[    2.182150] random 0000 0000 0000 8ca62387 b120332c: trying to extract 512 bits from nonblocking
[    2.182153] random 0000 0000 0000 8ca62387 b120332c: debiting 512 entropy credits from nonblocking (unlimited)
[    2.182155] random 0000 0000 0000 8ca62387 b120332c: extract_entropy account returned: 64 
[    2.182158] random 0000 0000 0000 8ca62387 b120332c: urand_change_num 38 extract_buf: pool_sig fffffed6, data_sig fffffeb6, bytes_mixed 20 8ca62387 b120332c
[    2.182163] random 0000 0000 0000 90702413 e2a66c2e: urand_change_num 39 extract_buf: pool_sig fffffbb0, data_sig 0000012e, bytes_mixed 20 90702413 e2a66c2e
[    2.182167] random 0000 0000 0000 90702413 e2a66c2e: urand_change_num 40 extract_buf: pool_sig fffffaf1, data_sig ffffff3c, bytes_mixed 20 90702413 e2a66c2e
[    2.182172] random 0000 0000 0000 3f58038b c77aecb6: urand_change_num 41 extract_buf: pool_sig 00000234, data_sig fffffdec, bytes_mixed 20 3f58038b c77aecb6
[    2.182176] random 0000 0000 0000 47187b9d 03f21510: urand_change_num 42 extract_buf: pool_sig 00000192, data_sig 00000075, bytes_mixed 20 47187b9d 03f21510
[    2.182181] random 0000 0000 0000 47187b9d 03f21510: urand_change_num 43 extract_buf: pool_sig 0000018e, data_sig ffffffbf, bytes_mixed 20 47187b9d 03f21510
[    2.182185] random 0000 0000 0000 3180b1fc 0fa9c973: urand_change_num 44 extract_buf: pool_sig fffffecf, data_sig ffffff2a, bytes_mixed 20 3180b1fc 0fa9c973
[    2.182188] BEGIN NET_SECRET:
[    2.182189] \xffffff87
[    2.182190] \xffffff8d
[    2.182191] \xfffffff4
[    2.182193] \xffffffae
[    2.182194] \xffffffc3
[    2.182195] \xffffffb7
[    2.182196] \x31
[    2.182197] \x65
[    2.182198] \xffffffda
[    2.182200] \xffffffa2
[    2.182201] \x31
[    2.182202] \xffffffc8
[    2.182203] \xffffffa9
[    2.182204] \x76
[    2.182205] \x76
[    2.182206] \xffffff90
[    2.182208] \x55
[    2.182209] \xfffffff3
[    2.182210] \xffffffb1
[    2.182211] \x3
[    2.182212] \xffffffb3
[    2.182213] \xffffffa7
[    2.182215] \x5a
[    2.182216] \x71
[    2.182217] \x70
[    2.182218] \xffffff8c
[    2.182219] \x56
[    2.182220] \x25
[    2.182221] \xffffffe1
[    2.182223] \x4c
[    2.182224] \xffffffe6
[    2.182225] \xffffff95
[    2.182226] \x67
[    2.182227] \x4c
[    2.182228] \xffffffb9
[    2.182229] \x1d
[    2.182231] \xe
[    2.182232] \x34
[    2.182233] \xffffffbe
[    2.182234] \x12
[    2.182235] \x5
[    2.182236] \xffffff98
[    2.182237] \xffffffa0
[    2.182239] \xf
[    2.182240] \xffffffb2
[    2.182241] \xffffffde
[    2.182242] \xffffff99
[    2.182243] \xf
[    2.182244] \xffffffe8
[    2.182245] \xffffffc8
[    2.182247] \x1f
[    2.182248] \x54
[    2.182249] \x2c
[    2.182250] \xffffffee
[    2.182251] \x2e
[    2.182252] \x0
[    2.182253] \xffffff95
[    2.182255] \x0
[    2.182256] \xffffffe3
[    2.182257] \xffffffa7
[    2.182258] \xfffffffd
[    2.182259] \x66
[    2.182260] \xffffff92
[    2.182261] \xfffffff0
[    2.182263] 
[    2.182263] END NET_SECRET
[    2.182267] random 0000 0000 0000 3180b1fc 0fa9c973: rand_read_num 10 get_random_bytes(4): sig ffffff46 3180b1fc 0fa9c973
[    2.182269] random 0000 0000 0000 3180b1fc 0fa9c973: extract_entropy(.. 4 ..)
[    2.182271] random 0000 0000 0000 3180b1fc 0fa9c973: going to reseed nonblocking with 64 bits (32 of 0 requested)
[    2.182273] random 0000 0000 0000 3180b1fc 0fa9c973: extract_entropy(.. 8 ..)
[    2.182276] random 0000 0000 0000 3180b1fc 0fa9c973: trying to extract 64 bits from input
[    2.182278] random 0000 0000 0000 3180b1fc 0fa9c973: debiting 0 entropy credits from input
[    2.182280] random 0000 0000 0000 3180b1fc 0fa9c973: extract_entropy account returned: 0 
[    2.182283] random 0000 0000 0000 3180b1fc 0fa9c973: urand_change_num 45 xfer_secondary_pool(4): pool_sig ffffff46, data_sig 00000000, bytes_mixed 0 3180b1fc 0fa9c973
[    2.182285] random 0000 0000 0000 3180b1fc 0fa9c973: trying to extract 32 bits from nonblocking
[    2.182288] random 0000 0000 0000 3180b1fc 0fa9c973: debiting 32 entropy credits from nonblocking (unlimited)
[    2.182290] random 0000 0000 0000 3180b1fc 0fa9c973: extract_entropy account returned: 4 
[    2.182302] random 0000 0000 0000 3180b1fc 0fa9c973: urand_change_num 46 extract_buf: pool_sig ffffff46, data_sig 0000001b, bytes_mixed 20 3180b1fc 0fa9c973
[    2.354968] ata2.00: ATAPI: VMware Virtual IDE CDROM Drive, 00000001, max UDMA/33
[    2.355253] ata2.00: configured for UDMA/33
[    2.355544] scsi 1:0:0:0: CD-ROM            NECVMWar VMware IDE CDR10 1.00 PQ: 0 ANSI: 5
[    2.356561] sr0: scsi3-mmc drive: 306x/306x cd/rw xa/form2 cdda tray
[    2.356564] Uniform CD-ROM driver Revision: 3.20
[    2.356614] sr 1:0:0:0: Attached scsi CD-ROM sr0
[    2.356648] sr 1:0:0:0: Attached scsi generic sg0 type 5
[    2.356683] Freeing unused kernel memory: 652k freed
[    2.356732] Write protecting the kernel text: 4840k
[    2.356763] Write protecting the kernel read-only data: 1968k
