[    0.000000] random 0000 0000 0000 00000000 00000000: rand_read_num 1 get_random_bytes(8): sig 00000000 00000000 00000000
[    0.000000] random 0000 0000 0000 00000000 00000000: extract_entropy(.. 8 ..)
[    0.000000] random 0000 0000 0000 00000000 00000000: going to reseed nonblocking with 64 bits (64 of 0 requested)
[    0.000000] random 0000 0000 0000 00000000 00000000: extract_entropy(.. 8 ..)
[    0.000000] random 0000 0000 0000 00000000 00000000: trying to extract 64 bits from input
[    0.000000] random 0000 0000 0000 00000000 00000000: debiting 0 entropy credits from input
[    0.000000] random 0000 0000 0000 00000000 00000000: extract_entropy account returned: 0 
[    0.000000] random 0000 0000 0000 00000000 00000000: urand_change_num 1 xfer_secondary_pool(8): pool_sig 00000000, data_sig 00000000, bytes_mixed 0 00000000 00000000
[    0.000000] random 0000 0000 0000 00000000 00000000: trying to extract 64 bits from nonblocking
[    0.000000] random 0000 0000 0000 00000000 00000000: debiting 64 entropy credits from nonblocking (unlimited)
[    0.000000] random 0000 0000 0000 00000000 00000000: extract_entropy account returned: 8 
[    0.000000] random 0000 0000 0000 00000000 00000000: urand_change_num 2 extract_buf: pool_sig 00000000, data_sig fffffff9, bytes_mixed 20 00000000 00000000
[    0.000000] Initializing cgroup subsys cpuset
[    0.000000] Initializing cgroup subsys cpu
[    0.000000] Linux version 2.6.32.57 (dcashman@ubuntu) (gcc version 4.6.3 (Ubuntu/Linaro 4.6.3-1ubuntu5) ) #4 SMP Fri May 24 11:09:26 PDT 2013
[    0.000000] KERNEL supported cpus:
[    0.000000]   Intel GenuineIntel
[    0.000000]   AMD AuthenticAMD
[    0.000000]   NSC Geode by NSC
[    0.000000]   Cyrix CyrixInstead
[    0.000000]   Centaur CentaurHauls
[    0.000000]   Transmeta GenuineTMx86
[    0.000000]   Transmeta TransmetaCPU
[    0.000000]   UMC UMC UMC UMC
[    0.000000] BIOS-provided physical RAM map:
[    0.000000]  BIOS-e820: 0000000000000000 - 000000000009f000 (usable)
[    0.000000]  BIOS-e820: 000000000009f000 - 00000000000a0000 (reserved)
[    0.000000]  BIOS-e820: 00000000000ca000 - 00000000000cc000 (reserved)
[    0.000000]  BIOS-e820: 00000000000dc000 - 0000000000100000 (reserved)
[    0.000000]  BIOS-e820: 0000000000100000 - 000000003fee0000 (usable)
[    0.000000]  BIOS-e820: 000000003fee0000 - 000000003feff000 (ACPI data)
[    0.000000]  BIOS-e820: 000000003feff000 - 000000003ff00000 (ACPI NVS)
[    0.000000]  BIOS-e820: 000000003ff00000 - 0000000040000000 (usable)
[    0.000000]  BIOS-e820: 00000000e0000000 - 00000000f0000000 (reserved)
[    0.000000]  BIOS-e820: 00000000fec00000 - 00000000fec10000 (reserved)
[    0.000000]  BIOS-e820: 00000000fee00000 - 00000000fee01000 (reserved)
[    0.000000]  BIOS-e820: 00000000fffe0000 - 0000000100000000 (reserved)
[    0.000000] DMI present.
[    0.000000] Phoenix BIOS detected: BIOS may corrupt low RAM, working around it.
[    0.000000] e820 update range: 0000000000000000 - 0000000000010000 (usable) ==> (reserved)
[    0.000000] last_pfn = 0x40000 max_arch_pfn = 0x1000000
[    0.000000] MTRR default type: uncachable
[    0.000000] MTRR fixed ranges enabled:
[    0.000000]   00000-9FFFF write-back
[    0.000000]   A0000-BFFFF uncachable
[    0.000000]   C0000-CBFFF write-protect
[    0.000000]   CC000-EFFFF uncachable
[    0.000000]   F0000-FFFFF write-protect
[    0.000000] MTRR variable ranges enabled:
[    0.000000]   0 base 0000000000 mask FFC0000000 write-back
[    0.000000]   1 disabled
[    0.000000]   2 disabled
[    0.000000]   3 disabled
[    0.000000]   4 disabled
[    0.000000]   5 disabled
[    0.000000]   6 disabled
[    0.000000]   7 disabled
[    0.000000] x86 PAT enabled: cpu 0, old 0x0, new 0x7010600070106
[    0.000000] Scanning 0 areas for low memory corruption
[    0.000000] modified physical RAM map:
[    0.000000]  modified: 0000000000000000 - 0000000000010000 (reserved)
[    0.000000]  modified: 0000000000010000 - 000000000009f000 (usable)
[    0.000000]  modified: 000000000009f000 - 00000000000a0000 (reserved)
[    0.000000]  modified: 00000000000ca000 - 00000000000cc000 (reserved)
[    0.000000]  modified: 00000000000dc000 - 0000000000100000 (reserved)
[    0.000000]  modified: 0000000000100000 - 000000003fee0000 (usable)
[    0.000000]  modified: 000000003fee0000 - 000000003feff000 (ACPI data)
[    0.000000]  modified: 000000003feff000 - 000000003ff00000 (ACPI NVS)
[    0.000000]  modified: 000000003ff00000 - 0000000040000000 (usable)
[    0.000000]  modified: 00000000e0000000 - 00000000f0000000 (reserved)
[    0.000000]  modified: 00000000fec00000 - 00000000fec10000 (reserved)
[    0.000000]  modified: 00000000fee00000 - 00000000fee01000 (reserved)
[    0.000000]  modified: 00000000fffe0000 - 0000000100000000 (reserved)
[    0.000000] initial memory mapped : 0 - 01e00000
[    0.000000] init_memory_mapping: 0000000000000000-00000000379fe000
[    0.000000] NX (Execute Disable) protection: active
[    0.000000]  0000000000 - 0000200000 page 4k
[    0.000000]  0000200000 - 0037800000 page 2M
[    0.000000]  0037800000 - 00379fe000 page 4k
[    0.000000] kernel direct mapping tables up to 379fe000 @ 10000-16000
[    0.000000] RAMDISK: 2dcfc000 - 32e758c3
[    0.000000] ACPI: RSDP 000f6b80 00024 (v02 PTLTD )
[    0.000000] ACPI: XSDT 3feed636 0005C (v01 INTEL  440BX    06040000 VMW  01324272)
[    0.000000] ACPI: FACP 3fefee98 000F4 (v04 INTEL  440BX    06040000 PTL  000F4240)
[    0.000000] ACPI: DSDT 3feee366 10B32 (v01 PTLTD  Custom   06040000 MSFT 03000001)
[    0.000000] ACPI: FACS 3fefffc0 00040
[    0.000000] ACPI: BOOT 3feee33e 00028 (v01 PTLTD  $SBFTBL$ 06040000  LTP 00000001)
[    0.000000] ACPI: APIC 3feedc3e 003C2 (v01 PTLTD  ? APIC   06040000  LTP 00000000)
[    0.000000] ACPI: MCFG 3feedc02 0003C (v01 PTLTD  $PCITBL$ 06040000  LTP 00000001)
[    0.000000] ACPI: SRAT 3feed732 004D0 (v02 VMWARE MEMPLUG  06040000 VMW  00000001)
[    0.000000] ACPI: HPET 3feed6fa 00038 (v01 VMWARE VMW HPET 06040000 VMW  00000001)
[    0.000000] ACPI: WAET 3feed6d2 00028 (v01 VMWARE VMW WAET 06040000 VMW  00000001)
[    0.000000] ACPI: Local APIC address 0xfee00000
[    0.000000] 134MB HIGHMEM available.
[    0.000000] 889MB LOWMEM available.
[    0.000000]   mapped low ram: 0 - 379fe000
[    0.000000]   low ram: 0 - 379fe000
[    0.000000]   node 0 low ram: 00000000 - 379fe000
[    0.000000]   node 0 bootmap 00012000 - 00018f40
[    0.000000] (9 early reservations) ==> bootmem [0000000000 - 00379fe000]
[    0.000000]   #0 [0000000000 - 0000001000]   BIOS data page ==> [0000000000 - 0000001000]
[    0.000000]   #1 [0000001000 - 0000002000]    EX TRAMPOLINE ==> [0000001000 - 0000002000]
[    0.000000]   #2 [0000006000 - 0000007000]       TRAMPOLINE ==> [0000006000 - 0000007000]
[    0.000000]   #3 [0001000000 - 0001a75ff8]    TEXT DATA BSS ==> [0001000000 - 0001a75ff8]
[    0.000000]   #4 [002dcfc000 - 0032e758c3]          RAMDISK ==> [002dcfc000 - 0032e758c3]
[    0.000000]   #5 [000009f000 - 0000100000]    BIOS reserved ==> [000009f000 - 0000100000]
[    0.000000]   #6 [0001a76000 - 0001a851c0]              BRK ==> [0001a76000 - 0001a851c0]
[    0.000000]   #7 [0000010000 - 0000012000]          PGTABLE ==> [0000010000 - 0000012000]
[    0.000000]   #8 [0000012000 - 0000019000]          BOOTMAP ==> [0000012000 - 0000019000]
[    0.000000] found SMP MP-table at [c00f6bf0] f6bf0
[    0.000000] Zone PFN ranges:
[    0.000000]   DMA      0x00000010 -> 0x00001000
[    0.000000]   Normal   0x00001000 -> 0x000379fe
[    0.000000]   HighMem  0x000379fe -> 0x00040000
[    0.000000] Movable zone start PFN for each node
[    0.000000] early_node_map[3] active PFN ranges
[    0.000000]     0: 0x00000010 -> 0x0000009f
[    0.000000]     0: 0x00000100 -> 0x0003fee0
[    0.000000]     0: 0x0003ff00 -> 0x00040000
[    0.000000] On node 0 totalpages: 261999
[    0.000000] free_area_init_node: node 0, pgdat c1715200, node_mem_map c1a87200
[    0.000000]   DMA zone: 32 pages used for memmap
[    0.000000]   DMA zone: 0 pages reserved
[    0.000000]   DMA zone: 3951 pages, LIFO batch:0
[    0.000000]   Normal zone: 1748 pages used for memmap
[    0.000000]   Normal zone: 221994 pages, LIFO batch:31
[    0.000000]   HighMem zone: 269 pages used for memmap
[    0.000000]   HighMem zone: 34005 pages, LIFO batch:7
[    0.000000] Using APIC driver default
[    0.000000] ACPI: PM-Timer IO Port: 0x1008
[    0.000000] ACPI: Local APIC address 0xfee00000
[    0.000000] ACPI: LAPIC (acpi_id[0x00] lapic_id[0x00] enabled)
[    0.000000] ACPI: LAPIC (acpi_id[0x01] lapic_id[0x02] disabled)
[    0.000000] ACPI: LAPIC (acpi_id[0x02] lapic_id[0x04] disabled)
[    0.000000] ACPI: LAPIC (acpi_id[0x03] lapic_id[0x06] disabled)
[    0.000000] ACPI: LAPIC (acpi_id[0x04] lapic_id[0x08] disabled)
[    0.000000] ACPI: LAPIC (acpi_id[0x05] lapic_id[0x0a] disabled)
[    0.000000] ACPI: LAPIC (acpi_id[0x06] lapic_id[0x0c] disabled)
[    0.000000] ACPI: LAPIC (acpi_id[0x07] lapic_id[0x0e] disabled)
[    0.000000] ACPI: LAPIC (acpi_id[0x08] lapic_id[0x10] disabled)
[    0.000000] ACPI: LAPIC (acpi_id[0x09] lapic_id[0x12] disabled)
[    0.000000] ACPI: LAPIC (acpi_id[0x0a] lapic_id[0x14] disabled)
[    0.000000] ACPI: LAPIC (acpi_id[0x0b] lapic_id[0x16] disabled)
[    0.000000] ACPI: LAPIC (acpi_id[0x0c] lapic_id[0x18] disabled)
[    0.000000] ACPI: LAPIC (acpi_id[0x0d] lapic_id[0x1a] disabled)
[    0.000000] ACPI: LAPIC (acpi_id[0x0e] lapic_id[0x1c] disabled)
[    0.000000] ACPI: LAPIC (acpi_id[0x0f] lapic_id[0x1e] disabled)
[    0.000000] ACPI: LAPIC (acpi_id[0x10] lapic_id[0x20] disabled)
[    0.000000] ACPI: LAPIC (acpi_id[0x11] lapic_id[0x22] disabled)
[    0.000000] ACPI: LAPIC (acpi_id[0x12] lapic_id[0x24] disabled)
[    0.000000] ACPI: LAPIC (acpi_id[0x13] lapic_id[0x26] disabled)
[    0.000000] ACPI: LAPIC (acpi_id[0x14] lapic_id[0x28] disabled)
[    0.000000] ACPI: LAPIC (acpi_id[0x15] lapic_id[0x2a] disabled)
[    0.000000] ACPI: LAPIC (acpi_id[0x16] lapic_id[0x2c] disabled)
[    0.000000] ACPI: LAPIC (acpi_id[0x17] lapic_id[0x2e] disabled)
[    0.000000] ACPI: LAPIC (acpi_id[0x18] lapic_id[0x30] disabled)
[    0.000000] ACPI: LAPIC (acpi_id[0x19] lapic_id[0x32] disabled)
[    0.000000] ACPI: LAPIC (acpi_id[0x1a] lapic_id[0x34] disabled)
[    0.000000] ACPI: LAPIC (acpi_id[0x1b] lapic_id[0x36] disabled)
[    0.000000] ACPI: LAPIC (acpi_id[0x1c] lapic_id[0x38] disabled)
[    0.000000] ACPI: LAPIC (acpi_id[0x1d] lapic_id[0x3a] disabled)
[    0.000000] ACPI: LAPIC (acpi_id[0x1e] lapic_id[0x3c] disabled)
[    0.000000] ACPI: LAPIC (acpi_id[0x1f] lapic_id[0x3e] disabled)
[    0.000000] ACPI: LAPIC (acpi_id[0x20] lapic_id[0x40] disabled)
[    0.000000] ACPI: LAPIC (acpi_id[0x21] lapic_id[0x42] disabled)
[    0.000000] ACPI: LAPIC (acpi_id[0x22] lapic_id[0x44] disabled)
[    0.000000] ACPI: LAPIC (acpi_id[0x23] lapic_id[0x46] disabled)
[    0.000000] ACPI: LAPIC (acpi_id[0x24] lapic_id[0x48] disabled)
[    0.000000] ACPI: LAPIC (acpi_id[0x25] lapic_id[0x4a] disabled)
[    0.000000] ACPI: LAPIC (acpi_id[0x26] lapic_id[0x4c] disabled)
[    0.000000] ACPI: LAPIC (acpi_id[0x27] lapic_id[0x4e] disabled)
[    0.000000] ACPI: LAPIC (acpi_id[0x28] lapic_id[0x50] disabled)
[    0.000000] ACPI: LAPIC (acpi_id[0x29] lapic_id[0x52] disabled)
[    0.000000] ACPI: LAPIC (acpi_id[0x2a] lapic_id[0x54] disabled)
[    0.000000] ACPI: LAPIC (acpi_id[0x2b] lapic_id[0x56] disabled)
[    0.000000] ACPI: LAPIC (acpi_id[0x2c] lapic_id[0x58] disabled)
[    0.000000] ACPI: LAPIC (acpi_id[0x2d] lapic_id[0x5a] disabled)
[    0.000000] ACPI: LAPIC (acpi_id[0x2e] lapic_id[0x5c] disabled)
[    0.000000] ACPI: LAPIC (acpi_id[0x2f] lapic_id[0x5e] disabled)
[    0.000000] ACPI: LAPIC (acpi_id[0x30] lapic_id[0x60] disabled)
[    0.000000] ACPI: LAPIC (acpi_id[0x31] lapic_id[0x62] disabled)
[    0.000000] ACPI: LAPIC (acpi_id[0x32] lapic_id[0x64] disabled)
[    0.000000] ACPI: LAPIC (acpi_id[0x33] lapic_id[0x66] disabled)
[    0.000000] ACPI: LAPIC (acpi_id[0x34] lapic_id[0x68] disabled)
[    0.000000] ACPI: LAPIC (acpi_id[0x35] lapic_id[0x6a] disabled)
[    0.000000] ACPI: LAPIC (acpi_id[0x36] lapic_id[0x6c] disabled)
[    0.000000] ACPI: LAPIC (acpi_id[0x37] lapic_id[0x6e] disabled)
[    0.000000] ACPI: LAPIC (acpi_id[0x38] lapic_id[0x70] disabled)
[    0.000000] ACPI: LAPIC (acpi_id[0x39] lapic_id[0x72] disabled)
[    0.000000] ACPI: LAPIC (acpi_id[0x3a] lapic_id[0x74] disabled)
[    0.000000] ACPI: LAPIC (acpi_id[0x3b] lapic_id[0x76] disabled)
[    0.000000] ACPI: LAPIC (acpi_id[0x3c] lapic_id[0x78] disabled)
[    0.000000] ACPI: LAPIC (acpi_id[0x3d] lapic_id[0x7a] disabled)
[    0.000000] ACPI: LAPIC (acpi_id[0x3e] lapic_id[0x7c] disabled)
[    0.000000] ACPI: LAPIC (acpi_id[0x3f] lapic_id[0x7e] disabled)
[    0.000000] ACPI: LAPIC_NMI (acpi_id[0x00] high edge lint[0x1])
[    0.000000] ACPI: LAPIC_NMI (acpi_id[0x01] high edge lint[0x1])
[    0.000000] ACPI: LAPIC_NMI (acpi_id[0x02] high edge lint[0x1])
[    0.000000] ACPI: LAPIC_NMI (acpi_id[0x03] high edge lint[0x1])
[    0.000000] ACPI: LAPIC_NMI (acpi_id[0x04] high edge lint[0x1])
[    0.000000] ACPI: LAPIC_NMI (acpi_id[0x05] high edge lint[0x1])
[    0.000000] ACPI: LAPIC_NMI (acpi_id[0x06] high edge lint[0x1])
[    0.000000] ACPI: LAPIC_NMI (acpi_id[0x07] high edge lint[0x1])
[    0.000000] ACPI: LAPIC_NMI (acpi_id[0x08] high edge lint[0x1])
[    0.000000] ACPI: LAPIC_NMI (acpi_id[0x09] high edge lint[0x1])
[    0.000000] ACPI: LAPIC_NMI (acpi_id[0x0a] high edge lint[0x1])
[    0.000000] ACPI: LAPIC_NMI (acpi_id[0x0b] high edge lint[0x1])
[    0.000000] ACPI: LAPIC_NMI (acpi_id[0x0c] high edge lint[0x1])
[    0.000000] ACPI: LAPIC_NMI (acpi_id[0x0d] high edge lint[0x1])
[    0.000000] ACPI: LAPIC_NMI (acpi_id[0x0e] high edge lint[0x1])
[    0.000000] ACPI: LAPIC_NMI (acpi_id[0x0f] high edge lint[0x1])
[    0.000000] ACPI: LAPIC_NMI (acpi_id[0x10] high edge lint[0x1])
[    0.000000] ACPI: LAPIC_NMI (acpi_id[0x11] high edge lint[0x1])
[    0.000000] ACPI: LAPIC_NMI (acpi_id[0x12] high edge lint[0x1])
[    0.000000] ACPI: LAPIC_NMI (acpi_id[0x13] high edge lint[0x1])
[    0.000000] ACPI: LAPIC_NMI (acpi_id[0x14] high edge lint[0x1])
[    0.000000] ACPI: LAPIC_NMI (acpi_id[0x15] high edge lint[0x1])
[    0.000000] ACPI: LAPIC_NMI (acpi_id[0x16] high edge lint[0x1])
[    0.000000] ACPI: LAPIC_NMI (acpi_id[0x17] high edge lint[0x1])
[    0.000000] ACPI: LAPIC_NMI (acpi_id[0x18] high edge lint[0x1])
[    0.000000] ACPI: LAPIC_NMI (acpi_id[0x19] high edge lint[0x1])
[    0.000000] ACPI: LAPIC_NMI (acpi_id[0x1a] high edge lint[0x1])
[    0.000000] ACPI: LAPIC_NMI (acpi_id[0x1b] high edge lint[0x1])
[    0.000000] ACPI: LAPIC_NMI (acpi_id[0x1c] high edge lint[0x1])
[    0.000000] ACPI: LAPIC_NMI (acpi_id[0x1d] high edge lint[0x1])
[    0.000000] ACPI: LAPIC_NMI (acpi_id[0x1e] high edge lint[0x1])
[    0.000000] ACPI: LAPIC_NMI (acpi_id[0x1f] high edge lint[0x1])
[    0.000000] ACPI: LAPIC_NMI (acpi_id[0x20] high edge lint[0x1])
[    0.000000] ACPI: LAPIC_NMI (acpi_id[0x21] high edge lint[0x1])
[    0.000000] ACPI: LAPIC_NMI (acpi_id[0x22] high edge lint[0x1])
[    0.000000] ACPI: LAPIC_NMI (acpi_id[0x23] high edge lint[0x1])
[    0.000000] ACPI: LAPIC_NMI (acpi_id[0x24] high edge lint[0x1])
[    0.000000] ACPI: LAPIC_NMI (acpi_id[0x25] high edge lint[0x1])
[    0.000000] ACPI: LAPIC_NMI (acpi_id[0x26] high edge lint[0x1])
[    0.000000] ACPI: LAPIC_NMI (acpi_id[0x27] high edge lint[0x1])
[    0.000000] ACPI: LAPIC_NMI (acpi_id[0x28] high edge lint[0x1])
[    0.000000] ACPI: LAPIC_NMI (acpi_id[0x29] high edge lint[0x1])
[    0.000000] ACPI: LAPIC_NMI (acpi_id[0x2a] high edge lint[0x1])
[    0.000000] ACPI: LAPIC_NMI (acpi_id[0x2b] high edge lint[0x1])
[    0.000000] ACPI: LAPIC_NMI (acpi_id[0x2c] high edge lint[0x1])
[    0.000000] ACPI: LAPIC_NMI (acpi_id[0x2d] high edge lint[0x1])
[    0.000000] ACPI: LAPIC_NMI (acpi_id[0x2e] high edge lint[0x1])
[    0.000000] ACPI: LAPIC_NMI (acpi_id[0x2f] high edge lint[0x1])
[    0.000000] ACPI: LAPIC_NMI (acpi_id[0x30] high edge lint[0x1])
[    0.000000] ACPI: LAPIC_NMI (acpi_id[0x31] high edge lint[0x1])
[    0.000000] ACPI: LAPIC_NMI (acpi_id[0x32] high edge lint[0x1])
[    0.000000] ACPI: LAPIC_NMI (acpi_id[0x33] high edge lint[0x1])
[    0.000000] ACPI: LAPIC_NMI (acpi_id[0x34] high edge lint[0x1])
[    0.000000] ACPI: LAPIC_NMI (acpi_id[0x35] high edge lint[0x1])
[    0.000000] ACPI: LAPIC_NMI (acpi_id[0x36] high edge lint[0x1])
[    0.000000] ACPI: LAPIC_NMI (acpi_id[0x37] high edge lint[0x1])
[    0.000000] ACPI: LAPIC_NMI (acpi_id[0x38] high edge lint[0x1])
[    0.000000] ACPI: LAPIC_NMI (acpi_id[0x39] high edge lint[0x1])
[    0.000000] ACPI: LAPIC_NMI (acpi_id[0x3a] high edge lint[0x1])
[    0.000000] ACPI: LAPIC_NMI (acpi_id[0x3b] high edge lint[0x1])
[    0.000000] ACPI: LAPIC_NMI (acpi_id[0x3c] high edge lint[0x1])
[    0.000000] ACPI: LAPIC_NMI (acpi_id[0x3d] high edge lint[0x1])
[    0.000000] ACPI: LAPIC_NMI (acpi_id[0x3e] high edge lint[0x1])
[    0.000000] ACPI: LAPIC_NMI (acpi_id[0x3f] high edge lint[0x1])
[    0.000000] ACPI: Skipping IOAPIC probe due to 'noapic' option.
[    0.000000] Using ACPI for processor (LAPIC) configuration information
[    0.000000] ACPI: HPET id: 0x8086af01 base: 0xfed00000
[    0.000000] Intel MultiProcessor Specification v1.4
[    0.000000]     Virtual Wire compatibility mode.
[    0.000000] MPTABLE: OEM ID: INTEL   
[    0.000000] MPTABLE: Product ID: 440BX       
[    0.000000] MPTABLE: APIC at: 0xFEE00000
[    0.000000] I/O APIC #1 Version 17 at 0xFEC00000.
[    0.000000] Processors: 1
[    0.000000] 64 Processors exceeds NR_CPUS limit of 8
[    0.000000] SMP: Allowing 8 CPUs, 7 hotplug CPUs
[    0.000000] nr_irqs_gsi: 24
[    0.000000] PM: Registered nosave memory: 000000000009f000 - 00000000000a0000
[    0.000000] PM: Registered nosave memory: 00000000000a0000 - 00000000000ca000
[    0.000000] PM: Registered nosave memory: 00000000000ca000 - 00000000000cc000
[    0.000000] PM: Registered nosave memory: 00000000000cc000 - 00000000000dc000
[    0.000000] PM: Registered nosave memory: 00000000000dc000 - 0000000000100000
[    0.000000] Allocating PCI resources starting at 40000000 (gap: 40000000:a0000000)
[    0.000000] Booting paravirtualized kernel on bare hardware
[    0.000000] NR_CPUS:8 nr_cpumask_bits:8 nr_cpu_ids:8 nr_node_ids:1
[    0.000000] PERCPU: Embedded 15 pages/cpu @c2400000 s39320 r0 d22120 u262144
[    0.000000] pcpu-alloc: s39320 r0 d22120 u262144 alloc=1*2097152
[    0.000000] pcpu-alloc: [0] 0 1 2 3 4 5 6 7 
[    0.000000] Built 1 zonelists in Zone order, mobility grouping on.  Total pages: 259950
[    0.000000] Kernel command line: BOOT_IMAGE=/boot/vmlinuz-2.6.32.57 root=UUID=007b598c-390d-4c65-84a1-4ff752d48633 ro quiet splash maxcpus=0
[    0.000000] PID hash table entries: 4096 (order: 2, 16384 bytes)
[    0.000000] Dentry cache hash table entries: 131072 (order: 7, 524288 bytes)
[    0.000000] Inode-cache hash table entries: 65536 (order: 6, 262144 bytes)
[    0.000000] Enabling fast FPU save and restore... done.
[    0.000000] Enabling unmasked SIMD FPU exception support... done.
[    0.000000] Initializing CPU#0
[    0.000000] xsave/xrstor: enabled xstate_bv 0x7, cntxt size 0x340
[    0.000000] allocated 5242560 bytes of page_cgroup
[    0.000000] please try 'cgroup_disable=memory' option if you don't want memory cgroups
[    0.000000] Initializing HighMem for node 0 (000379fe:00040000)
[    0.000000] Memory: 938260k/1048576k available (4839k kernel code, 108848k reserved, 2518k data, 652k init, 137096k highmem)
[    0.000000] virtual kernel memory layout:
[    0.000000]     fixmap  : 0xfff1e000 - 0xfffff000   ( 900 kB)
[    0.000000]     pkmap   : 0xffa00000 - 0xffc00000   (2048 kB)
[    0.000000]     vmalloc : 0xf81fe000 - 0xff9fe000   ( 120 MB)
[    0.000000]     lowmem  : 0xc0000000 - 0xf79fe000   ( 889 MB)
[    0.000000]       .init : 0xc1730000 - 0xc17d3000   ( 652 kB)
[    0.000000]       .data : 0xc14b9cce - 0xc172f764   (2518 kB)
[    0.000000]       .text : 0xc1000000 - 0xc14b9cce   (4839 kB)
[    0.000000] Checking if this processor honours the WP bit even in supervisor mode...Ok.
[    0.000000] SLUB: Genslabs=13, HWalign=64, Order=0-3, MinObjects=0, CPUs=8, Nodes=1
[    0.000000] Hierarchical RCU implementation.
[    0.000000] NR_IRQS:2304 nr_irqs:472
[    0.000000] Extended CMOS year: 2000
[    0.000000] Console: colour VGA+ 80x25
[    0.000000] console [tty0] enabled
[    0.000000] hpet clockevent registered
[    0.000000] TSC freq read from hypervisor : 2394.620 MHz
[    0.000000] Detected 2394.620 MHz processor.
[    0.000003] Calibrating delay loop (skipped) preset value.. 4789.24 BogoMIPS (lpj=9578480)
[    0.000012] Security Framework initialized
[    0.000015] SELinux:  Disabled at boot.
[    0.000019] Mount-cache hash table entries: 512
[    0.000121] Initializing cgroup subsys cpuacct
[    0.000124] Initializing cgroup subsys memory
[    0.000128] Initializing cgroup subsys devices
[    0.000129] Initializing cgroup subsys freezer
[    0.000157] CPU: Physical Processor ID: 0
[    0.000165] CPU: L1 I cache: 32K, L1 D cache: 32K
[    0.000166] CPU: L2 cache: 256K
[    0.000167] CPU: L3 cache: 4096K
[    0.000172] mce: CPU supports 0 MCE banks
[    0.000185] Performance Events: no PMU driver, software events only.
[    0.000195] Checking 'hlt' instruction... OK.
[    0.017888] SMP alternatives: switching to UP code
[    0.032035] ACPI: Core revision 20090903
[    0.039350] ACPI: setting ELCR to 0200 (from 0e20)
[    0.040535] ftrace: converting mcount calls to 0f 1f 44 00 00
[    0.040542] ftrace: allocating 22631 entries in 45 pages
[    0.058296] CANARY value: 4e394ddb for PID: 1
[    0.058342] Not enabling x2apic, Intr-remapping init failed.
[    0.058343] Enabling APIC mode:  Flat.  Using 1 I/O APICs
[    0.058360] SMP mode deactivated.
[    0.058386] SMP disabled
[    0.058443] Brought up 1 CPUs
[    0.058445] Total of 1 processors activated (4789.24 BogoMIPS).
[    0.058449] CPU0 attaching NULL sched-domain.
[    0.058520] devtmpfs: initialized
[    0.058628] sysctl table check failed: /kernel/random/now_input .1.40.7 Unknown sysctl binary path
[    0.058869] Pid: 1, comm: swapper Not tainted 2.6.32.57 #4
[    0.058870] Call Trace:
[    0.058874]  [<c14a8a0e>] ? printk+0x1d/0x1f
[    0.058877]  [<c107b56f>] set_fail+0x4f/0x60
[    0.058879]  [<c107b8b3>] sysctl_check_table+0x333/0x620
[    0.058881]  [<c107b8cc>] sysctl_check_table+0x34c/0x620
[    0.058882]  [<c107b8cc>] sysctl_check_table+0x34c/0x620
[    0.058886]  [<c1746d48>] sysctl_init+0x25/0x29
[    0.058888]  [<c1003042>] do_one_initcall+0x32/0x1a0
[    0.058890]  [<c1746d23>] ? sysctl_init+0x0/0x29
[    0.058892]  [<c17308e7>] kernel_init+0x12d/0x17a
[    0.058894]  [<c17307ba>] ? kernel_init+0x0/0x17a
[    0.058896]  [<c1009b07>] kernel_thread_helper+0x7/0x10
[    0.058898] sysctl table check failed: /kernel/random/now_blocking .1.40.8 Unknown sysctl binary path
[    0.059127] Pid: 1, comm: swapper Not tainted 2.6.32.57 #4
[    0.059128] Call Trace:
[    0.059129]  [<c14a8a0e>] ? printk+0x1d/0x1f
[    0.059131]  [<c107b56f>] set_fail+0x4f/0x60
[    0.059132]  [<c107b8b3>] sysctl_check_table+0x333/0x620
[    0.059134]  [<c107b8cc>] sysctl_check_table+0x34c/0x620
[    0.059135]  [<c107b8cc>] sysctl_check_table+0x34c/0x620
[    0.059138]  [<c1746d48>] sysctl_init+0x25/0x29
[    0.059139]  [<c1003042>] do_one_initcall+0x32/0x1a0
[    0.059141]  [<c1746d23>] ? sysctl_init+0x0/0x29
[    0.059143]  [<c17308e7>] kernel_init+0x12d/0x17a
[    0.059144]  [<c17307ba>] ? kernel_init+0x0/0x17a
[    0.059146]  [<c1009b07>] kernel_thread_helper+0x7/0x10
[    0.059147] sysctl table check failed: /kernel/random/now_nonblocking .1.40.9 Unknown sysctl binary path
[    0.059419] Pid: 1, comm: swapper Not tainted 2.6.32.57 #4
[    0.059419] Call Trace:
[    0.059421]  [<c14a8a0e>] ? printk+0x1d/0x1f
[    0.059423]  [<c107b56f>] set_fail+0x4f/0x60
[    0.059424]  [<c107b8b3>] sysctl_check_table+0x333/0x620
[    0.059426]  [<c107b8cc>] sysctl_check_table+0x34c/0x620
[    0.059428]  [<c107b8cc>] sysctl_check_table+0x34c/0x620
[    0.059430]  [<c1746d48>] sysctl_init+0x25/0x29
[    0.059431]  [<c1003042>] do_one_initcall+0x32/0x1a0
[    0.059433]  [<c1746d23>] ? sysctl_init+0x0/0x29
[    0.059435]  [<c17308e7>] kernel_init+0x12d/0x17a
[    0.059436]  [<c17307ba>] ? kernel_init+0x0/0x17a
[    0.059438]  [<c1009b07>] kernel_thread_helper+0x7/0x10
[    0.059439] sysctl table check failed: /kernel/random/nb_input_bytes .1.40.10 Unknown sysctl binary path
[    0.059669] Pid: 1, comm: swapper Not tainted 2.6.32.57 #4
[    0.059670] Call Trace:
[    0.059671]  [<c14a8a0e>] ? printk+0x1d/0x1f
[    0.059673]  [<c107b56f>] set_fail+0x4f/0x60
[    0.059674]  [<c107b8b3>] sysctl_check_table+0x333/0x620
[    0.059676]  [<c107b8cc>] sysctl_check_table+0x34c/0x620
[    0.059677]  [<c107b8cc>] sysctl_check_table+0x34c/0x620
[    0.059680]  [<c1746d48>] sysctl_init+0x25/0x29
[    0.059681]  [<c1003042>] do_one_initcall+0x32/0x1a0
[    0.059683]  [<c1746d23>] ? sysctl_init+0x0/0x29
[    0.059684]  [<c17308e7>] kernel_init+0x12d/0x17a
[    0.059686]  [<c17307ba>] ? kernel_init+0x0/0x17a
[    0.059687]  [<c1009b07>] kernel_thread_helper+0x7/0x10
[    0.059689] sysctl table check failed: /kernel/random/nb_stir_count .1.40.11 Unknown sysctl binary path
[    0.059918] Pid: 1, comm: swapper Not tainted 2.6.32.57 #4
[    0.059918] Call Trace:
[    0.059920]  [<c14a8a0e>] ? printk+0x1d/0x1f
[    0.059921]  [<c107b56f>] set_fail+0x4f/0x60
[    0.059923]  [<c107b8b3>] sysctl_check_table+0x333/0x620
[    0.059924]  [<c107b8cc>] sysctl_check_table+0x34c/0x620
[    0.059926]  [<c107b8cc>] sysctl_check_table+0x34c/0x620
[    0.059928]  [<c1746d48>] sysctl_init+0x25/0x29
[    0.059929]  [<c1003042>] do_one_initcall+0x32/0x1a0
[    0.059932]  [<c1746d23>] ? sysctl_init+0x0/0x29
[    0.059933]  [<c17308e7>] kernel_init+0x12d/0x17a
[    0.059934]  [<c17307ba>] ? kernel_init+0x0/0x17a
[    0.059936]  [<c1009b07>] kernel_thread_helper+0x7/0x10
[    0.059937] sysctl table check failed: /kernel/random/nb_reentry_count .1.40.12 Unknown sysctl binary path
[    0.060168] Pid: 1, comm: swapper Not tainted 2.6.32.57 #4
[    0.060168] Call Trace:
[    0.060170]  [<c14a8a0e>] ? printk+0x1d/0x1f
[    0.060171]  [<c107b56f>] set_fail+0x4f/0x60
[    0.060173]  [<c107b8b3>] sysctl_check_table+0x333/0x620
[    0.060174]  [<c107b8cc>] sysctl_check_table+0x34c/0x620
[    0.060176]  [<c107b8cc>] sysctl_check_table+0x34c/0x620
[    0.060178]  [<c1746d48>] sysctl_init+0x25/0x29
[    0.060179]  [<c1003042>] do_one_initcall+0x32/0x1a0
[    0.060182]  [<c1746d23>] ? sysctl_init+0x0/0x29
[    0.060183]  [<c17308e7>] kernel_init+0x12d/0x17a
[    0.060184]  [<c17307ba>] ? kernel_init+0x0/0x17a
[    0.060186]  [<c1009b07>] kernel_thread_helper+0x7/0x10
[    0.060395] RANDOM - __seed init called.
[    0.060397] RANDOM - __seed init called.
[    0.060398] RANDOM - __seed init called.
[    0.060400] RANDOM - __random32 called. Change num 1.  Value: 97305ca5	7ac4e314	874f43ab
[    0.060402] RANDOM - __random32 called. Change num 2.  Value: 5ca5394	ac4e3148	8757a6ab
[    0.060404] RANDOM - __random32 called. Change num 3.  Value: a53949f7	c4e3148e	4d57bd52
[    0.060405] RANDOM - __random32 called. Change num 4.  Value: 949f7180	4e3148eb	7aa4fd4a
[    0.060407] RANDOM - __random32 called. Change num 5.  Value: f7180f55	e3148ebb	fa95f062
[    0.060409] RANDOM - __random32 called. Change num 6.  Value: 80f55ede	3148ebb7	e0c5c74e
[    0.060411] RANDOM - random32 init called.  Value: 80f55ede	3148ebb7	e0c5c74e
[    0.060419] regulator: core version 0.5
[    0.060499] Time: 22:28:59  Date: 05/24/13
[    0.060549] NET: Registered protocol family 16
[    0.060621] EISA bus registered
[    0.061412] ACPI: bus type pci registered
[    0.061508] PCI: MCFG configuration 0: base e0000000 segment 0 buses 0 - 255
[    0.061510] PCI: MCFG area at e0000000 reserved in E820
[    0.061511] PCI: Using MMCONFIG for extended config space
[    0.061512] PCI: Using configuration type 1 for base access
[    0.061963] bio: create slab <bio-0> at 0
[    0.063141] ACPI: EC: Look up EC in DSDT
[    0.101033] ACPI: BIOS _OSI(Linux) query ignored
[    0.107499] ACPI: Interpreter enabled
[    0.107504] ACPI: (supports S0 S1 S4 S5)
[    0.107518] ACPI: Using PIC for interrupt routing
[    0.195222] ACPI: No dock devices found.
[    0.196044] ACPI: PCI Root Bridge [PCI0] (0000:00)
[    0.197641] pci 0000:00:07.1: reg 20 io port: [0x10c0-0x10cf]
[    0.198196] pci 0000:00:07.3: quirk: region 1000-103f claimed by PIIX4 ACPI
[    0.198207] pci 0000:00:07.3: quirk: region 1040-104f claimed by PIIX4 SMB
[    0.198732] pci 0000:00:07.7: reg 10 io port: [0x1080-0x10bf]
[    0.199139] pci 0000:00:07.7: reg 14 64bit mmio: [0xc8000000-0xc8001fff]
[    0.201124] pci 0000:00:0f.0: reg 10 io port: [0x10d0-0x10df]
[    0.201167] pci 0000:00:0f.0: reg 14 32bit mmio pref: [0xd0000000-0xd7ffffff]
[    0.201207] pci 0000:00:0f.0: reg 18 32bit mmio: [0xc8800000-0xc8ffffff]
[    0.201354] pci 0000:00:0f.0: reg 30 32bit mmio pref: [0x000000-0x007fff]
[    0.201887] pci 0000:00:10.0: reg 10 io port: [0x1400-0x14ff]
[    0.202280] pci 0000:00:10.0: reg 14 64bit mmio: [0xc8040000-0xc805ffff]
[    0.202648] pci 0000:00:10.0: reg 1c 64bit mmio: [0xc8020000-0xc803ffff]
[    0.202723] pci 0000:00:10.0: reg 30 32bit mmio pref: [0x000000-0x003fff]
[    0.204569] pci 0000:00:15.0: PME# supported from D0 D3hot D3cold
[    0.204597] pci 0000:00:15.0: PME# disabled
[    0.205771] pci 0000:00:15.1: PME# supported from D0 D3hot D3cold
[    0.205792] pci 0000:00:15.1: PME# disabled
[    0.206660] pci 0000:00:15.2: PME# supported from D0 D3hot D3cold
[    0.206680] pci 0000:00:15.2: PME# disabled
[    0.207555] pci 0000:00:15.3: PME# supported from D0 D3hot D3cold
[    0.207575] pci 0000:00:15.3: PME# disabled
[    0.208472] pci 0000:00:15.4: PME# supported from D0 D3hot D3cold
[    0.208501] pci 0000:00:15.4: PME# disabled
[    0.209333] pci 0000:00:15.5: PME# supported from D0 D3hot D3cold
[    0.209353] pci 0000:00:15.5: PME# disabled
[    0.210185] pci 0000:00:15.6: PME# supported from D0 D3hot D3cold
[    0.210204] pci 0000:00:15.6: PME# disabled
[    0.211016] pci 0000:00:15.7: PME# supported from D0 D3hot D3cold
[    0.211044] pci 0000:00:15.7: PME# disabled
[    0.211852] pci 0000:00:16.0: PME# supported from D0 D3hot D3cold
[    0.211871] pci 0000:00:16.0: PME# disabled
[    0.213090] pci 0000:00:16.1: PME# supported from D0 D3hot D3cold
[    0.213120] pci 0000:00:16.1: PME# disabled
[    0.214088] pci 0000:00:16.2: PME# supported from D0 D3hot D3cold
[    0.214108] pci 0000:00:16.2: PME# disabled
[    0.214913] pci 0000:00:16.3: PME# supported from D0 D3hot D3cold
[    0.214932] pci 0000:00:16.3: PME# disabled
[    0.215818] pci 0000:00:16.4: PME# supported from D0 D3hot D3cold
[    0.215837] pci 0000:00:16.4: PME# disabled
[    0.216683] pci 0000:00:16.5: PME# supported from D0 D3hot D3cold
[    0.216702] pci 0000:00:16.5: PME# disabled
[    0.217626] pci 0000:00:16.6: PME# supported from D0 D3hot D3cold
[    0.217648] pci 0000:00:16.6: PME# disabled
[    0.218821] pci 0000:00:16.7: PME# supported from D0 D3hot D3cold
[    0.218841] pci 0000:00:16.7: PME# disabled
[    0.219710] pci 0000:00:17.0: PME# supported from D0 D3hot D3cold
[    0.219729] pci 0000:00:17.0: PME# disabled
[    0.220578] pci 0000:00:17.1: PME# supported from D0 D3hot D3cold
[    0.220597] pci 0000:00:17.1: PME# disabled
[    0.221523] pci 0000:00:17.2: PME# supported from D0 D3hot D3cold
[    0.221543] pci 0000:00:17.2: PME# disabled
[    0.222408] pci 0000:00:17.3: PME# supported from D0 D3hot D3cold
[    0.222427] pci 0000:00:17.3: PME# disabled
[    0.223333] pci 0000:00:17.4: PME# supported from D0 D3hot D3cold
[    0.223353] pci 0000:00:17.4: PME# disabled
[    0.224200] pci 0000:00:17.5: PME# supported from D0 D3hot D3cold
[    0.224219] pci 0000:00:17.5: PME# disabled
[    0.225066] pci 0000:00:17.6: PME# supported from D0 D3hot D3cold
[    0.225092] pci 0000:00:17.6: PME# disabled
[    0.225995] pci 0000:00:17.7: PME# supported from D0 D3hot D3cold
[    0.226015] pci 0000:00:17.7: PME# disabled
[    0.226822] pci 0000:00:18.0: PME# supported from D0 D3hot D3cold
[    0.226840] pci 0000:00:18.0: PME# disabled
[    0.227817] pci 0000:00:18.1: PME# supported from D0 D3hot D3cold
[    0.227836] pci 0000:00:18.1: PME# disabled
[    0.228680] pci 0000:00:18.2: PME# supported from D0 D3hot D3cold
[    0.228699] pci 0000:00:18.2: PME# disabled
[    0.229567] pci 0000:00:18.3: PME# supported from D0 D3hot D3cold
[    0.229586] pci 0000:00:18.3: PME# disabled
[    0.230425] pci 0000:00:18.4: PME# supported from D0 D3hot D3cold
[    0.230444] pci 0000:00:18.4: PME# disabled
[    0.231274] pci 0000:00:18.5: PME# supported from D0 D3hot D3cold
[    0.231293] pci 0000:00:18.5: PME# disabled
[    0.232132] pci 0000:00:18.6: PME# supported from D0 D3hot D3cold
[    0.232151] pci 0000:00:18.6: PME# disabled
[    0.233040] pci 0000:00:18.7: PME# supported from D0 D3hot D3cold
[    0.233060] pci 0000:00:18.7: PME# disabled
[    0.234197] pci 0000:02:00.0: reg 20 io port: [0x20c0-0x20df]
[    0.234876] pci 0000:02:01.0: reg 10 io port: [0x2000-0x207f]
[    0.235153] pci 0000:02:01.0: reg 30 32bit mmio pref: [0x000000-0x00ffff]
[    0.235952] pci 0000:02:02.0: reg 10 io port: [0x2080-0x20bf]
[    0.236696] pci 0000:02:03.0: reg 10 32bit mmio: [0xc9000000-0xc9000fff]
[    0.237277] pci 0000:00:11.0: transparent bridge
[    0.237312] pci 0000:00:11.0: bridge io port: [0x2000-0x3fff]
[    0.237332] pci 0000:00:11.0: bridge 32bit mmio: [0xc9000000-0xca3fffff]
[    0.237371] pci 0000:00:11.0: bridge 64bit mmio pref: [0xd8400000-0xd89fffff]
[    0.237741] pci 0000:00:15.0: bridge io port: [0x4000-0x4fff]
[    0.237762] pci 0000:00:15.0: bridge 32bit mmio: [0xca400000-0xca4fffff]
[    0.237814] pci 0000:00:15.0: bridge 64bit mmio pref: [0xd8a00000-0xd8afffff]
[    0.238279] pci 0000:00:15.1: bridge io port: [0x8000-0x8fff]
[    0.238304] pci 0000:00:15.1: bridge 32bit mmio: [0xca800000-0xca8fffff]
[    0.238349] pci 0000:00:15.1: bridge 64bit mmio pref: [0xd8e00000-0xd8efffff]
[    0.238698] pci 0000:00:15.2: bridge io port: [0xc000-0xcfff]
[    0.238717] pci 0000:00:15.2: bridge 32bit mmio: [0xcac00000-0xcacfffff]
[    0.238753] pci 0000:00:15.2: bridge 64bit mmio pref: [0xd9200000-0xd92fffff]
[    0.239161] pci 0000:00:15.3: bridge 32bit mmio: [0xcb000000-0xcb0fffff]
[    0.239197] pci 0000:00:15.3: bridge 64bit mmio pref: [0xd9600000-0xd96fffff]
[    0.239552] pci 0000:00:15.4: bridge 32bit mmio: [0xcb400000-0xcb4fffff]
[    0.239588] pci 0000:00:15.4: bridge 64bit mmio pref: [0xd9a00000-0xd9afffff]
[    0.239984] pci 0000:00:15.5: bridge 32bit mmio: [0xcb800000-0xcb8fffff]
[    0.240052] pci 0000:00:15.5: bridge 64bit mmio pref: [0xd9e00000-0xd9efffff]
[    0.240428] pci 0000:00:15.6: bridge 32bit mmio: [0xcbc00000-0xcbcfffff]
[    0.240464] pci 0000:00:15.6: bridge 64bit mmio pref: [0xda200000-0xda2fffff]
[    0.240815] pci 0000:00:15.7: bridge 32bit mmio: [0xcc000000-0xcc0fffff]
[    0.240851] pci 0000:00:15.7: bridge 64bit mmio pref: [0xda600000-0xda6fffff]
[    0.241216] pci 0000:00:16.0: bridge io port: [0x5000-0x5fff]
[    0.241235] pci 0000:00:16.0: bridge 32bit mmio: [0xca500000-0xca5fffff]
[    0.241270] pci 0000:00:16.0: bridge 64bit mmio pref: [0xd8b00000-0xd8bfffff]
[    0.241604] pci 0000:00:16.1: bridge io port: [0x9000-0x9fff]
[    0.241623] pci 0000:00:16.1: bridge 32bit mmio: [0xca900000-0xca9fffff]
[    0.241659] pci 0000:00:16.1: bridge 64bit mmio pref: [0xd8f00000-0xd8ffffff]
[    0.242018] pci 0000:00:16.2: bridge io port: [0xd000-0xdfff]
[    0.242037] pci 0000:00:16.2: bridge 32bit mmio: [0xcad00000-0xcadfffff]
[    0.242072] pci 0000:00:16.2: bridge 64bit mmio pref: [0xd9300000-0xd93fffff]
[    0.242423] pci 0000:00:16.3: bridge 32bit mmio: [0xcb100000-0xcb1fffff]
[    0.242458] pci 0000:00:16.3: bridge 64bit mmio pref: [0xd9700000-0xd97fffff]
[    0.242808] pci 0000:00:16.4: bridge 32bit mmio: [0xcb500000-0xcb5fffff]
[    0.242843] pci 0000:00:16.4: bridge 64bit mmio pref: [0xd9b00000-0xd9bfffff]
[    0.243311] pci 0000:00:16.5: bridge 32bit mmio: [0xcb900000-0xcb9fffff]
[    0.243348] pci 0000:00:16.5: bridge 64bit mmio pref: [0xd9f00000-0xd9ffffff]
[    0.243715] pci 0000:00:16.6: bridge 32bit mmio: [0xcbd00000-0xcbdfffff]
[    0.243752] pci 0000:00:16.6: bridge 64bit mmio pref: [0xda300000-0xda3fffff]
[    0.244140] pci 0000:00:16.7: bridge 32bit mmio: [0xcc100000-0xcc1fffff]
[    0.244176] pci 0000:00:16.7: bridge 64bit mmio pref: [0xda700000-0xda7fffff]
[    0.244512] pci 0000:00:17.0: bridge io port: [0x6000-0x6fff]
[    0.244531] pci 0000:00:17.0: bridge 32bit mmio: [0xca600000-0xca6fffff]
[    0.244567] pci 0000:00:17.0: bridge 64bit mmio pref: [0xd8c00000-0xd8cfffff]
[    0.244900] pci 0000:00:17.1: bridge io port: [0xa000-0xafff]
[    0.244919] pci 0000:00:17.1: bridge 32bit mmio: [0xcaa00000-0xcaafffff]
[    0.244976] pci 0000:00:17.1: bridge 64bit mmio pref: [0xd9000000-0xd90fffff]
[    0.245448] pci 0000:00:17.2: bridge io port: [0xe000-0xefff]
[    0.245470] pci 0000:00:17.2: bridge 32bit mmio: [0xcae00000-0xcaefffff]
[    0.245508] pci 0000:00:17.2: bridge 64bit mmio pref: [0xd9400000-0xd94fffff]
[    0.245940] pci 0000:00:17.3: bridge 32bit mmio: [0xcb200000-0xcb2fffff]
[    0.245979] pci 0000:00:17.3: bridge 64bit mmio pref: [0xd9800000-0xd98fffff]
[    0.246343] pci 0000:00:17.4: bridge 32bit mmio: [0xcb600000-0xcb6fffff]
[    0.246379] pci 0000:00:17.4: bridge 64bit mmio pref: [0xd9c00000-0xd9cfffff]
[    0.246756] pci 0000:00:17.5: bridge 32bit mmio: [0xcba00000-0xcbafffff]
[    0.246791] pci 0000:00:17.5: bridge 64bit mmio pref: [0xda000000-0xda0fffff]
[    0.247170] pci 0000:00:17.6: bridge 32bit mmio: [0xcbe00000-0xcbefffff]
[    0.247206] pci 0000:00:17.6: bridge 64bit mmio pref: [0xda400000-0xda4fffff]
[    0.247584] pci 0000:00:17.7: bridge 32bit mmio: [0xcc200000-0xcc2fffff]
[    0.247646] pci 0000:00:17.7: bridge 64bit mmio pref: [0xda800000-0xda8fffff]
[    0.248049] pci 0000:00:18.0: bridge io port: [0x7000-0x7fff]
[    0.248068] pci 0000:00:18.0: bridge 32bit mmio: [0xca700000-0xca7fffff]
[    0.248104] pci 0000:00:18.0: bridge 64bit mmio pref: [0xd8d00000-0xd8dfffff]
[    0.248440] pci 0000:00:18.1: bridge io port: [0xb000-0xbfff]
[    0.248459] pci 0000:00:18.1: bridge 32bit mmio: [0xcab00000-0xcabfffff]
[    0.248494] pci 0000:00:18.1: bridge 64bit mmio pref: [0xd9100000-0xd91fffff]
[    0.248828] pci 0000:00:18.2: bridge io port: [0xf000-0xffff]
[    0.248846] pci 0000:00:18.2: bridge 32bit mmio: [0xcaf00000-0xcaffffff]
[    0.248882] pci 0000:00:18.2: bridge 64bit mmio pref: [0xd9500000-0xd95fffff]
[    0.249380] pci 0000:00:18.3: bridge 32bit mmio: [0xcb300000-0xcb3fffff]
[    0.249417] pci 0000:00:18.3: bridge 64bit mmio pref: [0xd9900000-0xd99fffff]
[    0.249773] pci 0000:00:18.4: bridge 32bit mmio: [0xcb700000-0xcb7fffff]
[    0.249809] pci 0000:00:18.4: bridge 64bit mmio pref: [0xd9d00000-0xd9dfffff]
[    0.250204] pci 0000:00:18.5: bridge 32bit mmio: [0xcbb00000-0xcbbfffff]
[    0.250240] pci 0000:00:18.5: bridge 64bit mmio pref: [0xda100000-0xda1fffff]
[    0.250600] pci 0000:00:18.6: bridge 32bit mmio: [0xcbf00000-0xcbffffff]
[    0.250636] pci 0000:00:18.6: bridge 64bit mmio pref: [0xda500000-0xda5fffff]
[    0.251019] pci 0000:00:18.7: bridge 32bit mmio: [0xcc300000-0xcc3fffff]
[    0.251057] pci 0000:00:18.7: bridge 64bit mmio pref: [0xda900000-0xda9fffff]
[    0.252876] pci_bus 0000:00: on NUMA node 0
[    0.252886] ACPI: PCI Interrupt Routing Table [\_SB_.PCI0._PRT]
[    0.487742] ACPI: PCI Interrupt Link [LNKA] (IRQs 3 4 5 6 7 *9 10 11 14 15)
[    0.487915] ACPI: PCI Interrupt Link [LNKB] (IRQs 3 4 5 6 7 9 10 *11 14 15)
[    0.488071] ACPI: PCI Interrupt Link [LNKC] (IRQs 3 4 5 6 7 9 *10 11 14 15)
[    0.488211] ACPI: PCI Interrupt Link [LNKD] (IRQs 3 4 *5 6 7 9 10 11 14 15)
[    0.488344] vgaarb: device added: PCI:0000:00:0f.0,decodes=io+mem,owns=io+mem,locks=none
[    0.488356] vgaarb: loaded
[    0.488451] SCSI subsystem initialized
[    0.488500] libata version 3.00 loaded.
[    0.488540] usbcore: registered new interface driver usbfs
[    0.488550] usbcore: registered new interface driver hub
[    0.488565] usbcore: registered new device driver usb
[    0.488703] PCI: Using ACPI for IRQ routing
[    0.489668] NetLabel: Initializing
[    0.489670] NetLabel:  domain hash size = 128
[    0.489671] NetLabel:  protocols = UNLABELED CIPSOv4
[    0.489697] NetLabel:  unlabeled traffic allowed by default
[    0.489756] hpet0: at MMIO 0xfed00000, IRQs 2, 8, 0, 0, 0, 0, 0, 0, 0, 0, 0, 0, 0, 0, 0, 0
[    0.489762] hpet0: 16 comparators, 64-bit 14.318180 MHz counter
[    0.491800] Switching to clocksource tsc
[    0.498759] pnp: PnP ACPI init
[    0.498772] ACPI: bus type pnp registered
[    0.542447] pnp: PnP ACPI: found 14 devices
[    0.542450] ACPI: ACPI bus type pnp unregistered
[    0.542453] PnPBIOS: Disabled by ACPI PNP
[    0.542469] system 00:01: ioport range 0x1000-0x103f has been reserved
[    0.542471] system 00:01: ioport range 0x1040-0x104f has been reserved
[    0.542473] system 00:01: ioport range 0xcf0-0xcf1 has been reserved
[    0.542480] system 00:08: iomem range 0xfed00000-0xfed003ff has been reserved
[    0.542484] system 00:0d: ioport range 0x1060-0x107f has been reserved
[    0.542487] system 00:0d: iomem range 0xe0000000-0xefffffff has been reserved
[    0.542488] system 00:0d: iomem range 0xc8200000-0xc83fffff has been reserved
[    0.577157] pci 0000:00:15.3: BAR 13: can't allocate I/O resource [0x10000-0xffff]
[    0.577161] pci 0000:00:15.4: BAR 13: can't allocate I/O resource [0x10000-0xffff]
[    0.577164] pci 0000:00:15.5: BAR 13: can't allocate I/O resource [0x10000-0xffff]
[    0.577167] pci 0000:00:15.6: BAR 13: can't allocate I/O resource [0x10000-0xffff]
[    0.577170] pci 0000:00:15.7: BAR 13: can't allocate I/O resource [0x10000-0xffff]
[    0.577173] pci 0000:00:16.3: BAR 13: can't allocate I/O resource [0x10000-0xffff]
[    0.577176] pci 0000:00:16.4: BAR 13: can't allocate I/O resource [0x10000-0xffff]
[    0.577206] pci 0000:00:16.5: BAR 13: can't allocate I/O resource [0x10000-0xffff]
[    0.577210] pci 0000:00:16.6: BAR 13: can't allocate I/O resource [0x10000-0xffff]
[    0.577212] pci 0000:00:16.7: BAR 13: can't allocate I/O resource [0x10000-0xffff]
[    0.577215] pci 0000:00:17.3: BAR 13: can't allocate I/O resource [0x10000-0xffff]
[    0.577218] pci 0000:00:17.4: BAR 13: can't allocate I/O resource [0x10000-0xffff]
[    0.577221] pci 0000:00:17.5: BAR 13: can't allocate I/O resource [0x10000-0xffff]
[    0.577240] pci 0000:00:17.6: BAR 13: can't allocate I/O resource [0x10000-0xffff]
[    0.577244] pci 0000:00:17.7: BAR 13: can't allocate I/O resource [0x10000-0xffff]
[    0.577247] pci 0000:00:18.3: BAR 13: can't allocate I/O resource [0x10000-0xffff]
[    0.577249] pci 0000:00:18.4: BAR 13: can't allocate I/O resource [0x10000-0xffff]
[    0.577252] pci 0000:00:18.5: BAR 13: can't allocate I/O resource [0x10000-0xffff]
[    0.577255] pci 0000:00:18.6: BAR 13: can't allocate I/O resource [0x10000-0xffff]
[    0.577258] pci 0000:00:18.7: BAR 13: can't allocate I/O resource [0x10000-0xffff]
[    0.577260] pci 0000:00:01.0: PCI bridge, secondary bus 0000:01
[    0.577262] pci 0000:00:01.0:   IO window: disabled
[    0.577294] pci 0000:00:01.0:   MEM window: disabled
[    0.577314] pci 0000:00:01.0:   PREFETCH window: disabled
[    0.577370] pci 0000:00:11.0: PCI bridge, secondary bus 0000:02
[    0.577385] pci 0000:00:11.0:   IO window: 0x2000-0x3fff
[    0.577415] pci 0000:00:11.0:   MEM window: 0xc9000000-0xca3fffff
[    0.577437] pci 0000:00:11.0:   PREFETCH window: 0x000000d8400000-0x000000d89fffff
[    0.577476] pci 0000:00:15.0: PCI bridge, secondary bus 0000:03
[    0.577488] pci 0000:00:15.0:   IO window: 0x4000-0x4fff
[    0.577518] pci 0000:00:15.0:   MEM window: 0xca400000-0xca4fffff
[    0.577539] pci 0000:00:15.0:   PREFETCH window: 0x000000d8a00000-0x000000d8afffff
[    0.577594] pci 0000:00:15.1: PCI bridge, secondary bus 0000:04
[    0.577613] pci 0000:00:15.1:   IO window: 0x8000-0x8fff
[    0.577646] pci 0000:00:15.1:   MEM window: 0xca800000-0xca8fffff
[    0.577668] pci 0000:00:15.1:   PREFETCH window: 0x000000d8e00000-0x000000d8efffff
[    0.577723] pci 0000:00:15.2: PCI bridge, secondary bus 0000:05
[    0.577736] pci 0000:00:15.2:   IO window: 0xc000-0xcfff
[    0.577764] pci 0000:00:15.2:   MEM window: 0xcac00000-0xcacfffff
[    0.577783] pci 0000:00:15.2:   PREFETCH window: 0x000000d9200000-0x000000d92fffff
[    0.577824] pci 0000:00:15.3: PCI bridge, secondary bus 0000:06
[    0.577825] pci 0000:00:15.3:   IO window: disabled
[    0.577853] pci 0000:00:15.3:   MEM window: 0xcb000000-0xcb0fffff
[    0.577873] pci 0000:00:15.3:   PREFETCH window: 0x000000d9600000-0x000000d96fffff
[    0.577913] pci 0000:00:15.4: PCI bridge, secondary bus 0000:07
[    0.577914] pci 0000:00:15.4:   IO window: disabled
[    0.577942] pci 0000:00:15.4:   MEM window: 0xcb400000-0xcb4fffff
[    0.577962] pci 0000:00:15.4:   PREFETCH window: 0x000000d9a00000-0x000000d9afffff
[    0.578002] pci 0000:00:15.5: PCI bridge, secondary bus 0000:08
[    0.578003] pci 0000:00:15.5:   IO window: disabled
[    0.578031] pci 0000:00:15.5:   MEM window: 0xcb800000-0xcb8fffff
[    0.578050] pci 0000:00:15.5:   PREFETCH window: 0x000000d9e00000-0x000000d9efffff
[    0.578091] pci 0000:00:15.6: PCI bridge, secondary bus 0000:09
[    0.578093] pci 0000:00:15.6:   IO window: disabled
[    0.578121] pci 0000:00:15.6:   MEM window: 0xcbc00000-0xcbcfffff
[    0.578140] pci 0000:00:15.6:   PREFETCH window: 0x000000da200000-0x000000da2fffff
[    0.578180] pci 0000:00:15.7: PCI bridge, secondary bus 0000:0a
[    0.578182] pci 0000:00:15.7:   IO window: disabled
[    0.578210] pci 0000:00:15.7:   MEM window: 0xcc000000-0xcc0fffff
[    0.578229] pci 0000:00:15.7:   PREFETCH window: 0x000000da600000-0x000000da6fffff
[    0.578269] pci 0000:00:16.0: PCI bridge, secondary bus 0000:0b
[    0.578280] pci 0000:00:16.0:   IO window: 0x5000-0x5fff
[    0.578308] pci 0000:00:16.0:   MEM window: 0xca500000-0xca5fffff
[    0.578327] pci 0000:00:16.0:   PREFETCH window: 0x000000d8b00000-0x000000d8bfffff
[    0.578367] pci 0000:00:16.1: PCI bridge, secondary bus 0000:0c
[    0.578379] pci 0000:00:16.1:   IO window: 0x9000-0x9fff
[    0.578406] pci 0000:00:16.1:   MEM window: 0xca900000-0xca9fffff
[    0.578426] pci 0000:00:16.1:   PREFETCH window: 0x000000d8f00000-0x000000d8ffffff
[    0.578466] pci 0000:00:16.2: PCI bridge, secondary bus 0000:0d
[    0.578477] pci 0000:00:16.2:   IO window: 0xd000-0xdfff
[    0.578527] pci 0000:00:16.2:   MEM window: 0xcad00000-0xcadfffff
[    0.578548] pci 0000:00:16.2:   PREFETCH window: 0x000000d9300000-0x000000d93fffff
[    0.578592] pci 0000:00:16.3: PCI bridge, secondary bus 0000:0e
[    0.578594] pci 0000:00:16.3:   IO window: disabled
[    0.578650] pci 0000:00:16.3:   MEM window: 0xcb100000-0xcb1fffff
[    0.578674] pci 0000:00:16.3:   PREFETCH window: 0x000000d9700000-0x000000d97fffff
[    0.578730] pci 0000:00:16.4: PCI bridge, secondary bus 0000:0f
[    0.578732] pci 0000:00:16.4:   IO window: disabled
[    0.578760] pci 0000:00:16.4:   MEM window: 0xcb500000-0xcb5fffff
[    0.578779] pci 0000:00:16.4:   PREFETCH window: 0x000000d9b00000-0x000000d9bfffff
[    0.578819] pci 0000:00:16.5: PCI bridge, secondary bus 0000:10
[    0.578821] pci 0000:00:16.5:   IO window: disabled
[    0.578849] pci 0000:00:16.5:   MEM window: 0xcb900000-0xcb9fffff
[    0.578869] pci 0000:00:16.5:   PREFETCH window: 0x000000d9f00000-0x000000d9ffffff
[    0.578909] pci 0000:00:16.6: PCI bridge, secondary bus 0000:11
[    0.578910] pci 0000:00:16.6:   IO window: disabled
[    0.578938] pci 0000:00:16.6:   MEM window: 0xcbd00000-0xcbdfffff
[    0.578958] pci 0000:00:16.6:   PREFETCH window: 0x000000da300000-0x000000da3fffff
[    0.578998] pci 0000:00:16.7: PCI bridge, secondary bus 0000:12
[    0.578999] pci 0000:00:16.7:   IO window: disabled
[    0.579027] pci 0000:00:16.7:   MEM window: 0xcc100000-0xcc1fffff
[    0.579047] pci 0000:00:16.7:   PREFETCH window: 0x000000da700000-0x000000da7fffff
[    0.579087] pci 0000:00:17.0: PCI bridge, secondary bus 0000:13
[    0.579099] pci 0000:00:17.0:   IO window: 0x6000-0x6fff
[    0.579127] pci 0000:00:17.0:   MEM window: 0xca600000-0xca6fffff
[    0.579146] pci 0000:00:17.0:   PREFETCH window: 0x000000d8c00000-0x000000d8cfffff
[    0.579187] pci 0000:00:17.1: PCI bridge, secondary bus 0000:14
[    0.579198] pci 0000:00:17.1:   IO window: 0xa000-0xafff
[    0.579226] pci 0000:00:17.1:   MEM window: 0xcaa00000-0xcaafffff
[    0.579246] pci 0000:00:17.1:   PREFETCH window: 0x000000d9000000-0x000000d90fffff
[    0.579286] pci 0000:00:17.2: PCI bridge, secondary bus 0000:15
[    0.579297] pci 0000:00:17.2:   IO window: 0xe000-0xefff
[    0.579325] pci 0000:00:17.2:   MEM window: 0xcae00000-0xcaefffff
[    0.579345] pci 0000:00:17.2:   PREFETCH window: 0x000000d9400000-0x000000d94fffff
[    0.579401] pci 0000:00:17.3: PCI bridge, secondary bus 0000:16
[    0.579403] pci 0000:00:17.3:   IO window: disabled
[    0.579433] pci 0000:00:17.3:   MEM window: 0xcb200000-0xcb2fffff
[    0.579467] pci 0000:00:17.3:   PREFETCH window: 0x000000d9800000-0x000000d98fffff
[    0.579507] pci 0000:00:17.4: PCI bridge, secondary bus 0000:17
[    0.579509] pci 0000:00:17.4:   IO window: disabled
[    0.579537] pci 0000:00:17.4:   MEM window: 0xcb600000-0xcb6fffff
[    0.579556] pci 0000:00:17.4:   PREFETCH window: 0x000000d9c00000-0x000000d9cfffff
[    0.579596] pci 0000:00:17.5: PCI bridge, secondary bus 0000:18
[    0.579598] pci 0000:00:17.5:   IO window: disabled
[    0.579626] pci 0000:00:17.5:   MEM window: 0xcba00000-0xcbafffff
[    0.579646] pci 0000:00:17.5:   PREFETCH window: 0x000000da000000-0x000000da0fffff
[    0.579686] pci 0000:00:17.6: PCI bridge, secondary bus 0000:19
[    0.579688] pci 0000:00:17.6:   IO window: disabled
[    0.579743] pci 0000:00:17.6:   MEM window: 0xcbe00000-0xcbefffff
[    0.579763] pci 0000:00:17.6:   PREFETCH window: 0x000000da400000-0x000000da4fffff
[    0.579804] pci 0000:00:17.7: PCI bridge, secondary bus 0000:1a
[    0.579806] pci 0000:00:17.7:   IO window: disabled
[    0.579834] pci 0000:00:17.7:   MEM window: 0xcc200000-0xcc2fffff
[    0.579853] pci 0000:00:17.7:   PREFETCH window: 0x000000da800000-0x000000da8fffff
[    0.579893] pci 0000:00:18.0: PCI bridge, secondary bus 0000:1b
[    0.579904] pci 0000:00:18.0:   IO window: 0x7000-0x7fff
[    0.579932] pci 0000:00:18.0:   MEM window: 0xca700000-0xca7fffff
[    0.579953] pci 0000:00:18.0:   PREFETCH window: 0x000000d8d00000-0x000000d8dfffff
[    0.579998] pci 0000:00:18.1: PCI bridge, secondary bus 0000:1c
[    0.580010] pci 0000:00:18.1:   IO window: 0xb000-0xbfff
[    0.580037] pci 0000:00:18.1:   MEM window: 0xcab00000-0xcabfffff
[    0.580057] pci 0000:00:18.1:   PREFETCH window: 0x000000d9100000-0x000000d91fffff
[    0.580097] pci 0000:00:18.2: PCI bridge, secondary bus 0000:1d
[    0.580109] pci 0000:00:18.2:   IO window: 0xf000-0xffff
[    0.580137] pci 0000:00:18.2:   MEM window: 0xcaf00000-0xcaffffff
[    0.580156] pci 0000:00:18.2:   PREFETCH window: 0x000000d9500000-0x000000d95fffff
[    0.580197] pci 0000:00:18.3: PCI bridge, secondary bus 0000:1e
[    0.580198] pci 0000:00:18.3:   IO window: disabled
[    0.580226] pci 0000:00:18.3:   MEM window: 0xcb300000-0xcb3fffff
[    0.580246] pci 0000:00:18.3:   PREFETCH window: 0x000000d9900000-0x000000d99fffff
[    0.580286] pci 0000:00:18.4: PCI bridge, secondary bus 0000:1f
[    0.580288] pci 0000:00:18.4:   IO window: disabled
[    0.580315] pci 0000:00:18.4:   MEM window: 0xcb700000-0xcb7fffff
[    0.580338] pci 0000:00:18.4:   PREFETCH window: 0x000000d9d00000-0x000000d9dfffff
[    0.580394] pci 0000:00:18.5: PCI bridge, secondary bus 0000:20
[    0.580397] pci 0000:00:18.5:   IO window: disabled
[    0.580440] pci 0000:00:18.5:   MEM window: 0xcbb00000-0xcbbfffff
[    0.580469] pci 0000:00:18.5:   PREFETCH window: 0x000000da100000-0x000000da1fffff
[    0.580520] pci 0000:00:18.6: PCI bridge, secondary bus 0000:21
[    0.580521] pci 0000:00:18.6:   IO window: disabled
[    0.580551] pci 0000:00:18.6:   MEM window: 0xcbf00000-0xcbffffff
[    0.580572] pci 0000:00:18.6:   PREFETCH window: 0x000000da500000-0x000000da5fffff
[    0.580615] pci 0000:00:18.7: PCI bridge, secondary bus 0000:22
[    0.580617] pci 0000:00:18.7:   IO window: disabled
[    0.580647] pci 0000:00:18.7:   MEM window: 0xcc300000-0xcc3fffff
[    0.580667] pci 0000:00:18.7:   PREFETCH window: 0x000000da900000-0x000000da9fffff
[    0.580723] pci 0000:00:01.0: setting latency timer to 64
[    0.580778] pci 0000:00:15.0: setting latency timer to 64
[    0.580834] pci 0000:00:15.1: setting latency timer to 64
[    0.580890] pci 0000:00:15.2: setting latency timer to 64
[    0.580945] pci 0000:00:15.3: setting latency timer to 64
[    0.581001] pci 0000:00:15.4: setting latency timer to 64
[    0.581057] pci 0000:00:15.5: setting latency timer to 64
[    0.581112] pci 0000:00:15.6: setting latency timer to 64
[    0.581168] pci 0000:00:15.7: setting latency timer to 64
[    0.581223] pci 0000:00:16.0: setting latency timer to 64
[    0.581279] pci 0000:00:16.1: setting latency timer to 64
[    0.581335] pci 0000:00:16.2: setting latency timer to 64
[    0.581390] pci 0000:00:16.3: setting latency timer to 64
[    0.581446] pci 0000:00:16.4: setting latency timer to 64
[    0.581502] pci 0000:00:16.5: setting latency timer to 64
[    0.581557] pci 0000:00:16.6: setting latency timer to 64
[    0.581613] pci 0000:00:16.7: setting latency timer to 64
[    0.581668] pci 0000:00:17.0: setting latency timer to 64
[    0.581724] pci 0000:00:17.1: setting latency timer to 64
[    0.581780] pci 0000:00:17.2: setting latency timer to 64
[    0.581835] pci 0000:00:17.3: setting latency timer to 64
[    0.581891] pci 0000:00:17.4: setting latency timer to 64
[    0.581947] pci 0000:00:17.5: setting latency timer to 64
[    0.582002] pci 0000:00:17.6: setting latency timer to 64
[    0.582058] pci 0000:00:17.7: setting latency timer to 64
[    0.582113] pci 0000:00:18.0: setting latency timer to 64
[    0.582169] pci 0000:00:18.1: setting latency timer to 64
[    0.582225] pci 0000:00:18.2: setting latency timer to 64
[    0.582280] pci 0000:00:18.3: setting latency timer to 64
[    0.582336] pci 0000:00:18.4: setting latency timer to 64
[    0.582392] pci 0000:00:18.5: setting latency timer to 64
[    0.582447] pci 0000:00:18.6: setting latency timer to 64
[    0.582503] pci 0000:00:18.7: setting latency timer to 64
[    0.582516] pci_bus 0000:00: resource 0 io:  [0x00-0xffff]
[    0.582518] pci_bus 0000:00: resource 1 mem: [0x000000-0xffffffffffffffff]
[    0.582520] pci_bus 0000:02: resource 0 io:  [0x2000-0x3fff]
[    0.582522] pci_bus 0000:02: resource 1 mem: [0xc9000000-0xca3fffff]
[    0.582524] pci_bus 0000:02: resource 2 pref mem [0xd8400000-0xd89fffff]
[    0.582526] pci_bus 0000:02: resource 3 io:  [0x00-0xffff]
[    0.582528] pci_bus 0000:02: resource 4 mem: [0x000000-0xffffffffffffffff]
[    0.582530] pci_bus 0000:03: resource 0 io:  [0x4000-0x4fff]
[    0.582532] pci_bus 0000:03: resource 1 mem: [0xca400000-0xca4fffff]
[    0.582534] pci_bus 0000:03: resource 2 pref mem [0xd8a00000-0xd8afffff]
[    0.582536] pci_bus 0000:04: resource 0 io:  [0x8000-0x8fff]
[    0.582537] pci_bus 0000:04: resource 1 mem: [0xca800000-0xca8fffff]
[    0.582539] pci_bus 0000:04: resource 2 pref mem [0xd8e00000-0xd8efffff]
[    0.582541] pci_bus 0000:05: resource 0 io:  [0xc000-0xcfff]
[    0.582543] pci_bus 0000:05: resource 1 mem: [0xcac00000-0xcacfffff]
[    0.582545] pci_bus 0000:05: resource 2 pref mem [0xd9200000-0xd92fffff]
[    0.582547] pci_bus 0000:06: resource 1 mem: [0xcb000000-0xcb0fffff]
[    0.582549] pci_bus 0000:06: resource 2 pref mem [0xd9600000-0xd96fffff]
[    0.582550] pci_bus 0000:07: resource 1 mem: [0xcb400000-0xcb4fffff]
[    0.582552] pci_bus 0000:07: resource 2 pref mem [0xd9a00000-0xd9afffff]
[    0.582554] pci_bus 0000:08: resource 1 mem: [0xcb800000-0xcb8fffff]
[    0.582556] pci_bus 0000:08: resource 2 pref mem [0xd9e00000-0xd9efffff]
[    0.582558] pci_bus 0000:09: resource 1 mem: [0xcbc00000-0xcbcfffff]
[    0.582560] pci_bus 0000:09: resource 2 pref mem [0xda200000-0xda2fffff]
[    0.582562] pci_bus 0000:0a: resource 1 mem: [0xcc000000-0xcc0fffff]
[    0.582563] pci_bus 0000:0a: resource 2 pref mem [0xda600000-0xda6fffff]
[    0.582565] pci_bus 0000:0b: resource 0 io:  [0x5000-0x5fff]
[    0.582567] pci_bus 0000:0b: resource 1 mem: [0xca500000-0xca5fffff]
[    0.582569] pci_bus 0000:0b: resource 2 pref mem [0xd8b00000-0xd8bfffff]
[    0.582571] pci_bus 0000:0c: resource 0 io:  [0x9000-0x9fff]
[    0.582572] pci_bus 0000:0c: resource 1 mem: [0xca900000-0xca9fffff]
[    0.582574] pci_bus 0000:0c: resource 2 pref mem [0xd8f00000-0xd8ffffff]
[    0.582576] pci_bus 0000:0d: resource 0 io:  [0xd000-0xdfff]
[    0.582578] pci_bus 0000:0d: resource 1 mem: [0xcad00000-0xcadfffff]
[    0.582580] pci_bus 0000:0d: resource 2 pref mem [0xd9300000-0xd93fffff]
[    0.582582] pci_bus 0000:0e: resource 1 mem: [0xcb100000-0xcb1fffff]
[    0.582583] pci_bus 0000:0e: resource 2 pref mem [0xd9700000-0xd97fffff]
[    0.582585] pci_bus 0000:0f: resource 1 mem: [0xcb500000-0xcb5fffff]
[    0.582587] pci_bus 0000:0f: resource 2 pref mem [0xd9b00000-0xd9bfffff]
[    0.582589] pci_bus 0000:10: resource 1 mem: [0xcb900000-0xcb9fffff]
[    0.582591] pci_bus 0000:10: resource 2 pref mem [0xd9f00000-0xd9ffffff]
[    0.582593] pci_bus 0000:11: resource 1 mem: [0xcbd00000-0xcbdfffff]
[    0.582594] pci_bus 0000:11: resource 2 pref mem [0xda300000-0xda3fffff]
[    0.582596] pci_bus 0000:12: resource 1 mem: [0xcc100000-0xcc1fffff]
[    0.582598] pci_bus 0000:12: resource 2 pref mem [0xda700000-0xda7fffff]
[    0.582600] pci_bus 0000:13: resource 0 io:  [0x6000-0x6fff]
[    0.582602] pci_bus 0000:13: resource 1 mem: [0xca600000-0xca6fffff]
[    0.582604] pci_bus 0000:13: resource 2 pref mem [0xd8c00000-0xd8cfffff]
[    0.582605] pci_bus 0000:14: resource 0 io:  [0xa000-0xafff]
[    0.582607] pci_bus 0000:14: resource 1 mem: [0xcaa00000-0xcaafffff]
[    0.582609] pci_bus 0000:14: resource 2 pref mem [0xd9000000-0xd90fffff]
[    0.582611] pci_bus 0000:15: resource 0 io:  [0xe000-0xefff]
[    0.582613] pci_bus 0000:15: resource 1 mem: [0xcae00000-0xcaefffff]
[    0.582614] pci_bus 0000:15: resource 2 pref mem [0xd9400000-0xd94fffff]
[    0.582616] pci_bus 0000:16: resource 1 mem: [0xcb200000-0xcb2fffff]
[    0.582618] pci_bus 0000:16: resource 2 pref mem [0xd9800000-0xd98fffff]
[    0.582620] pci_bus 0000:17: resource 1 mem: [0xcb600000-0xcb6fffff]
[    0.582622] pci_bus 0000:17: resource 2 pref mem [0xd9c00000-0xd9cfffff]
[    0.582624] pci_bus 0000:18: resource 1 mem: [0xcba00000-0xcbafffff]
[    0.582626] pci_bus 0000:18: resource 2 pref mem [0xda000000-0xda0fffff]
[    0.582628] pci_bus 0000:19: resource 1 mem: [0xcbe00000-0xcbefffff]
[    0.582629] pci_bus 0000:19: resource 2 pref mem [0xda400000-0xda4fffff]
[    0.582631] pci_bus 0000:1a: resource 1 mem: [0xcc200000-0xcc2fffff]
[    0.582633] pci_bus 0000:1a: resource 2 pref mem [0xda800000-0xda8fffff]
[    0.582635] pci_bus 0000:1b: resource 0 io:  [0x7000-0x7fff]
[    0.582637] pci_bus 0000:1b: resource 1 mem: [0xca700000-0xca7fffff]
[    0.582638] pci_bus 0000:1b: resource 2 pref mem [0xd8d00000-0xd8dfffff]
[    0.582640] pci_bus 0000:1c: resource 0 io:  [0xb000-0xbfff]
[    0.582642] pci_bus 0000:1c: resource 1 mem: [0xcab00000-0xcabfffff]
[    0.582644] pci_bus 0000:1c: resource 2 pref mem [0xd9100000-0xd91fffff]
[    0.582646] pci_bus 0000:1d: resource 0 io:  [0xf000-0xffff]
[    0.582647] pci_bus 0000:1d: resource 1 mem: [0xcaf00000-0xcaffffff]
[    0.582649] pci_bus 0000:1d: resource 2 pref mem [0xd9500000-0xd95fffff]
[    0.582651] pci_bus 0000:1e: resource 1 mem: [0xcb300000-0xcb3fffff]
[    0.582653] pci_bus 0000:1e: resource 2 pref mem [0xd9900000-0xd99fffff]
[    0.582655] pci_bus 0000:1f: resource 1 mem: [0xcb700000-0xcb7fffff]
[    0.582657] pci_bus 0000:1f: resource 2 pref mem [0xd9d00000-0xd9dfffff]
[    0.582659] pci_bus 0000:20: resource 1 mem: [0xcbb00000-0xcbbfffff]
[    0.582661] pci_bus 0000:20: resource 2 pref mem [0xda100000-0xda1fffff]
[    0.582662] pci_bus 0000:21: resource 1 mem: [0xcbf00000-0xcbffffff]
[    0.582664] pci_bus 0000:21: resource 2 pref mem [0xda500000-0xda5fffff]
[    0.582666] pci_bus 0000:22: resource 1 mem: [0xcc300000-0xcc3fffff]
[    0.582668] pci_bus 0000:22: resource 2 pref mem [0xda900000-0xda9fffff]
[    0.582702] NET: Registered protocol family 2
[    0.582719] RANDOM - __random32 called. Change num 7.  Value: 55ede565	148ebb7a	8e9cdd7f
[    0.582721] RANDOM - random32 called.  Value: 55ede565	148ebb7a	8e9cdd7f
[    0.582730] random 0000 0000 0000 00000000 00000000: rand_read_num 2 get_random_bytes(4): sig fffffe1a 00000000 00000000
[    0.582732] random 0000 0000 0000 00000000 00000000: extract_entropy(.. 4 ..)
[    0.582735] random 0000 0000 0000 00000000 00000000: going to reseed nonblocking with 64 bits (32 of 0 requested)
[    0.582737] random 0000 0000 0000 00000000 00000000: extract_entropy(.. 8 ..)
[    0.582739] random 0000 0000 0000 00000000 00000000: trying to extract 64 bits from input
[    0.582741] random 0000 0000 0000 00000000 00000000: debiting 0 entropy credits from input
[    0.582743] random 0000 0000 0000 00000000 00000000: extract_entropy account returned: 0 
[    0.582746] random 0000 0000 0000 00000000 00000000: urand_change_num 3 xfer_secondary_pool(4): pool_sig fffffe1a, data_sig 00000000, bytes_mixed 0 00000000 00000000
[    0.582749] random 0000 0000 0000 00000000 00000000: trying to extract 32 bits from nonblocking
[    0.582752] random 0000 0000 0000 00000000 00000000: debiting 32 entropy credits from nonblocking (unlimited)
[    0.582754] random 0000 0000 0000 00000000 00000000: extract_entropy account returned: 4 
[    0.582757] random 0000 0000 0000 00000000 00000000: urand_change_num 4 extract_buf: pool_sig fffffe1a, data_sig fffffed7, bytes_mixed 20 00000000 00000000
[    0.582813] IP route cache hash table entries: 32768 (order: 5, 131072 bytes)
[    0.582868] RANDOM - __random32 called. Change num 8.  Value: de565d28	48ebb7a3	baff4f46
[    0.582872] RANDOM - random32 called.  Value: de565d28	48ebb7a3	baff4f46
[    0.582927] RANDOM - __random32 called. Change num 9.  Value: 65d282be	8ebb7a35	9e8da0a6
[    0.582930] RANDOM - random32 called.  Value: 65d282be	8ebb7a35	9e8da0a6
[    0.582932] RANDOM - __random32 called. Change num 10.  Value: 282be6b0	ebb7a35a	414d5c14
[    0.582934] RANDOM - random32 called.  Value: 282be6b0	ebb7a35a	414d5c14
[    0.582957] RANDOM - __random32 called. Change num 11.  Value: be6b0a9f	bb7a35a2	b82964f7
[    0.582959] RANDOM - random32 called.  Value: be6b0a9f	bb7a35a2	b82964f7
[    0.582969] TCP established hash table entries: 131072 (order: 8, 1048576 bytes)
[    0.583025] TCP bind hash table entries: 65536 (order: 7, 524288 bytes)
[    0.583080] TCP: Hash tables configured (established 131072 bind 65536)
[    0.583083] TCP reno registered
[    0.583118] NET: Registered protocol family 1
[    0.583128] pci 0000:00:00.0: Limiting direct PCI/PCI transfers
[    0.583149] pci 0000:00:0f.0: Boot video device
[    0.583272] Trying to unpack rootfs image as initramfs...
[    1.801978] Freeing initrd memory: 83430k freed
[    1.810024] Simple Boot Flag at 0x36 set to 0x1
[    1.810073] cpufreq-nforce2: No nForce2 chipset.
[    1.810086] Scanning for low memory corruption every 60 seconds
[    1.810201] audit: initializing netlink socket (disabled)
[    1.810210] type=2000 audit(1369434540.800:1): initialized
[    1.814150] highmem bounce pool size: 64 pages
[    1.814156] HugeTLB registered 2 MB page size, pre-allocated 0 pages
[    1.814260] VFS: Disk quotas dquot_6.5.2
[    1.814308] Dquot-cache hash table entries: 1024 (order 0, 4096 bytes)
[    1.814401] fuse init (API version 7.13)
[    1.814450] msgmni has been set to 1729
[    1.814737] alg: No test for stdrng (krng)
[    1.814775] Block layer SCSI generic (bsg) driver version 0.4 loaded (major 253)
[    1.814778] io scheduler noop registered
[    1.814779] io scheduler anticipatory registered
[    1.814781] io scheduler deadline registered
[    1.814802] io scheduler cfq registered (default)
[    1.814850]   alloc irq_desc for 24 on node -1
[    1.814854]   alloc kstat_irqs on node -1
[    1.814903] pcieport 0000:00:15.0: irq 24 for MSI/MSI-X
[    1.814951] pcieport 0000:00:15.0: setting latency timer to 64
[    1.815000]   alloc irq_desc for 25 on node -1
[    1.815003]   alloc kstat_irqs on node -1
[    1.815051] pcieport 0000:00:15.1: irq 25 for MSI/MSI-X
[    1.815100] pcieport 0000:00:15.1: setting latency timer to 64
[    1.815149]   alloc irq_desc for 26 on node -1
[    1.815152]   alloc kstat_irqs on node -1
[    1.815201] pcieport 0000:00:15.2: irq 26 for MSI/MSI-X
[    1.815249] pcieport 0000:00:15.2: setting latency timer to 64
[    1.815298]   alloc irq_desc for 27 on node -1
[    1.815300]   alloc kstat_irqs on node -1
[    1.815349] pcieport 0000:00:15.3: irq 27 for MSI/MSI-X
[    1.815397] pcieport 0000:00:15.3: setting latency timer to 64
[    1.815446]   alloc irq_desc for 28 on node -1
[    1.815448]   alloc kstat_irqs on node -1
[    1.815496] pcieport 0000:00:15.4: irq 28 for MSI/MSI-X
[    1.815545] pcieport 0000:00:15.4: setting latency timer to 64
[    1.815594]   alloc irq_desc for 29 on node -1
[    1.815596]   alloc kstat_irqs on node -1
[    1.815644] pcieport 0000:00:15.5: irq 29 for MSI/MSI-X
[    1.815693] pcieport 0000:00:15.5: setting latency timer to 64
[    1.815741]   alloc irq_desc for 30 on node -1
[    1.815743]   alloc kstat_irqs on node -1
[    1.815792] pcieport 0000:00:15.6: irq 30 for MSI/MSI-X
[    1.815841] pcieport 0000:00:15.6: setting latency timer to 64
[    1.815889]   alloc irq_desc for 31 on node -1
[    1.815891]   alloc kstat_irqs on node -1
[    1.815940] pcieport 0000:00:15.7: irq 31 for MSI/MSI-X
[    1.815988] pcieport 0000:00:15.7: setting latency timer to 64
[    1.816037]   alloc irq_desc for 32 on node -1
[    1.816039]   alloc kstat_irqs on node -1
[    1.816088] pcieport 0000:00:16.0: irq 32 for MSI/MSI-X
[    1.816136] pcieport 0000:00:16.0: setting latency timer to 64
[    1.816185]   alloc irq_desc for 33 on node -1
[    1.816187]   alloc kstat_irqs on node -1
[    1.816235] pcieport 0000:00:16.1: irq 33 for MSI/MSI-X
[    1.816284] pcieport 0000:00:16.1: setting latency timer to 64
[    1.816333]   alloc irq_desc for 34 on node -1
[    1.816334]   alloc kstat_irqs on node -1
[    1.816383] pcieport 0000:00:16.2: irq 34 for MSI/MSI-X
[    1.816432] pcieport 0000:00:16.2: setting latency timer to 64
[    1.816480]   alloc irq_desc for 35 on node -1
[    1.816482]   alloc kstat_irqs on node -1
[    1.816531] pcieport 0000:00:16.3: irq 35 for MSI/MSI-X
[    1.816579] pcieport 0000:00:16.3: setting latency timer to 64
[    1.817965]   alloc irq_desc for 36 on node -1
[    1.817968]   alloc kstat_irqs on node -1
[    1.818016] pcieport 0000:00:16.4: irq 36 for MSI/MSI-X
[    1.818065] pcieport 0000:00:16.4: setting latency timer to 64
[    1.818164]   alloc irq_desc for 37 on node -1
[    1.818167]   alloc kstat_irqs on node -1
[    1.818215] pcieport 0000:00:16.5: irq 37 for MSI/MSI-X
[    1.818264] pcieport 0000:00:16.5: setting latency timer to 64
[    1.818313]   alloc irq_desc for 38 on node -1
[    1.818314]   alloc kstat_irqs on node -1
[    1.818363] pcieport 0000:00:16.6: irq 38 for MSI/MSI-X
[    1.818412] pcieport 0000:00:16.6: setting latency timer to 64
[    1.818460]   alloc irq_desc for 39 on node -1
[    1.818462]   alloc kstat_irqs on node -1
[    1.818511] pcieport 0000:00:16.7: irq 39 for MSI/MSI-X
[    1.818559] pcieport 0000:00:16.7: setting latency timer to 64
[    1.818608]   alloc irq_desc for 40 on node -1
[    1.818610]   alloc kstat_irqs on node -1
[    1.818659] pcieport 0000:00:17.0: irq 40 for MSI/MSI-X
[    1.818707] pcieport 0000:00:17.0: setting latency timer to 64
[    1.818756]   alloc irq_desc for 41 on node -1
[    1.818758]   alloc kstat_irqs on node -1
[    1.818806] pcieport 0000:00:17.1: irq 41 for MSI/MSI-X
[    1.818855] pcieport 0000:00:17.1: setting latency timer to 64
[    1.818904]   alloc irq_desc for 42 on node -1
[    1.818906]   alloc kstat_irqs on node -1
[    1.818954] pcieport 0000:00:17.2: irq 42 for MSI/MSI-X
[    1.819003] pcieport 0000:00:17.2: setting latency timer to 64
[    1.819051]   alloc irq_desc for 43 on node -1
[    1.819053]   alloc kstat_irqs on node -1
[    1.819102] pcieport 0000:00:17.3: irq 43 for MSI/MSI-X
[    1.819151] pcieport 0000:00:17.3: setting latency timer to 64
[    1.819199]   alloc irq_desc for 44 on node -1
[    1.819201]   alloc kstat_irqs on node -1
[    1.819250] pcieport 0000:00:17.4: irq 44 for MSI/MSI-X
[    1.819298] pcieport 0000:00:17.4: setting latency timer to 64
[    1.819347]   alloc irq_desc for 45 on node -1
[    1.819352]   alloc kstat_irqs on node -1
[    1.819400] pcieport 0000:00:17.5: irq 45 for MSI/MSI-X
[    1.819449] pcieport 0000:00:17.5: setting latency timer to 64
[    1.819497]   alloc irq_desc for 46 on node -1
[    1.819501]   alloc kstat_irqs on node -1
[    1.819550] pcieport 0000:00:17.6: irq 46 for MSI/MSI-X
[    1.819598] pcieport 0000:00:17.6: setting latency timer to 64
[    1.819647]   alloc irq_desc for 47 on node -1
[    1.819650]   alloc kstat_irqs on node -1
[    1.819698] pcieport 0000:00:17.7: irq 47 for MSI/MSI-X
[    1.819747] pcieport 0000:00:17.7: setting latency timer to 64
[    1.819796]   alloc irq_desc for 48 on node -1
[    1.819798]   alloc kstat_irqs on node -1
[    1.819847] pcieport 0000:00:18.0: irq 48 for MSI/MSI-X
[    1.819895] pcieport 0000:00:18.0: setting latency timer to 64
[    1.819944]   alloc irq_desc for 49 on node -1
[    1.819948]   alloc kstat_irqs on node -1
[    1.819996] pcieport 0000:00:18.1: irq 49 for MSI/MSI-X
[    1.820045] pcieport 0000:00:18.1: setting latency timer to 64
[    1.820094]   alloc irq_desc for 50 on node -1
[    1.820096]   alloc kstat_irqs on node -1
[    1.820145] pcieport 0000:00:18.2: irq 50 for MSI/MSI-X
[    1.820193] pcieport 0000:00:18.2: setting latency timer to 64
[    1.820242]   alloc irq_desc for 51 on node -1
[    1.820244]   alloc kstat_irqs on node -1
[    1.820293] pcieport 0000:00:18.3: irq 51 for MSI/MSI-X
[    1.820342] pcieport 0000:00:18.3: setting latency timer to 64
[    1.820390]   alloc irq_desc for 52 on node -1
[    1.820393]   alloc kstat_irqs on node -1
[    1.820442] pcieport 0000:00:18.4: irq 52 for MSI/MSI-X
[    1.820490] pcieport 0000:00:18.4: setting latency timer to 64
[    1.820539]   alloc irq_desc for 53 on node -1
[    1.820541]   alloc kstat_irqs on node -1
[    1.820590] pcieport 0000:00:18.5: irq 53 for MSI/MSI-X
[    1.820639] pcieport 0000:00:18.5: setting latency timer to 64
[    1.820687]   alloc irq_desc for 54 on node -1
[    1.820689]   alloc kstat_irqs on node -1
[    1.820738] pcieport 0000:00:18.6: irq 54 for MSI/MSI-X
[    1.820786] pcieport 0000:00:18.6: setting latency timer to 64
[    1.820835]   alloc irq_desc for 55 on node -1
[    1.820837]   alloc kstat_irqs on node -1
[    1.820886] pcieport 0000:00:18.7: irq 55 for MSI/MSI-X
[    1.820934] pcieport 0000:00:18.7: setting latency timer to 64
[    1.820983] pci_hotplug: PCI Hot Plug PCI Core version: 0.5
[    1.822056] pciehp 0000:00:15.0:pcie04: HPC vendor_id 15ad device_id 7a0 ss_vid 0 ss_did 0
[    1.822104] pciehp 0000:00:15.0:pcie04: service driver pciehp loaded
[    1.822153] pciehp 0000:00:15.1:pcie04: HPC vendor_id 15ad device_id 7a0 ss_vid 0 ss_did 0
[    1.822202] pciehp 0000:00:15.1:pcie04: service driver pciehp loaded
[    1.822250] pciehp 0000:00:15.2:pcie04: HPC vendor_id 15ad device_id 7a0 ss_vid 0 ss_did 0
[    1.822299] pciehp 0000:00:15.2:pcie04: service driver pciehp loaded
[    1.822347] pciehp 0000:00:15.3:pcie04: HPC vendor_id 15ad device_id 7a0 ss_vid 0 ss_did 0
[    1.822396] pciehp 0000:00:15.3:pcie04: service driver pciehp loaded
[    1.822445] pciehp 0000:00:15.4:pcie04: HPC vendor_id 15ad device_id 7a0 ss_vid 0 ss_did 0
[    1.822493] pciehp 0000:00:15.4:pcie04: service driver pciehp loaded
[    1.822542] pciehp 0000:00:15.5:pcie04: HPC vendor_id 15ad device_id 7a0 ss_vid 0 ss_did 0
[    1.822590] pciehp 0000:00:15.5:pcie04: service driver pciehp loaded
[    1.822639] pciehp 0000:00:15.6:pcie04: HPC vendor_id 15ad device_id 7a0 ss_vid 0 ss_did 0
[    1.822688] pciehp 0000:00:15.6:pcie04: service driver pciehp loaded
[    1.822736] pciehp 0000:00:15.7:pcie04: HPC vendor_id 15ad device_id 7a0 ss_vid 0 ss_did 0
[    1.822785] pciehp 0000:00:15.7:pcie04: service driver pciehp loaded
[    1.822833] pciehp 0000:00:16.0:pcie04: HPC vendor_id 15ad device_id 7a0 ss_vid 0 ss_did 0
[    1.822882] pciehp 0000:00:16.0:pcie04: service driver pciehp loaded
[    1.822931] pciehp 0000:00:16.1:pcie04: HPC vendor_id 15ad device_id 7a0 ss_vid 0 ss_did 0
[    1.822979] pciehp 0000:00:16.1:pcie04: service driver pciehp loaded
[    1.823028] pciehp 0000:00:16.2:pcie04: HPC vendor_id 15ad device_id 7a0 ss_vid 0 ss_did 0
[    1.823076] pciehp 0000:00:16.2:pcie04: service driver pciehp loaded
[    1.823125] pciehp 0000:00:16.3:pcie04: HPC vendor_id 15ad device_id 7a0 ss_vid 0 ss_did 0
[    1.823174] pciehp 0000:00:16.3:pcie04: service driver pciehp loaded
[    1.823222] pciehp 0000:00:16.4:pcie04: HPC vendor_id 15ad device_id 7a0 ss_vid 0 ss_did 0
[    1.823271] pciehp 0000:00:16.4:pcie04: service driver pciehp loaded
[    1.823319] pciehp 0000:00:16.5:pcie04: HPC vendor_id 15ad device_id 7a0 ss_vid 0 ss_did 0
[    1.823368] pciehp 0000:00:16.5:pcie04: service driver pciehp loaded
[    1.823417] pciehp 0000:00:16.6:pcie04: HPC vendor_id 15ad device_id 7a0 ss_vid 0 ss_did 0
[    1.823465] pciehp 0000:00:16.6:pcie04: service driver pciehp loaded
[    1.823514] pciehp 0000:00:16.7:pcie04: HPC vendor_id 15ad device_id 7a0 ss_vid 0 ss_did 0
[    1.823563] pciehp 0000:00:16.7:pcie04: service driver pciehp loaded
[    1.823611] pciehp 0000:00:17.0:pcie04: HPC vendor_id 15ad device_id 7a0 ss_vid 0 ss_did 0
[    1.823660] pciehp 0000:00:17.0:pcie04: service driver pciehp loaded
[    1.823708] pciehp 0000:00:17.1:pcie04: HPC vendor_id 15ad device_id 7a0 ss_vid 0 ss_did 0
[    1.823757] pciehp 0000:00:17.1:pcie04: service driver pciehp loaded
[    1.823806] pciehp 0000:00:17.2:pcie04: HPC vendor_id 15ad device_id 7a0 ss_vid 0 ss_did 0
[    1.823854] pciehp 0000:00:17.2:pcie04: service driver pciehp loaded
[    1.823903] pciehp 0000:00:17.3:pcie04: HPC vendor_id 15ad device_id 7a0 ss_vid 0 ss_did 0
[    1.823951] pciehp 0000:00:17.3:pcie04: service driver pciehp loaded
[    1.824000] pciehp 0000:00:17.4:pcie04: HPC vendor_id 15ad device_id 7a0 ss_vid 0 ss_did 0
[    1.824049] pciehp 0000:00:17.4:pcie04: service driver pciehp loaded
[    1.824097] pciehp 0000:00:17.5:pcie04: HPC vendor_id 15ad device_id 7a0 ss_vid 0 ss_did 0
[    1.824146] pciehp 0000:00:17.5:pcie04: service driver pciehp loaded
[    1.824194] pciehp 0000:00:17.6:pcie04: HPC vendor_id 15ad device_id 7a0 ss_vid 0 ss_did 0
[    1.824243] pciehp 0000:00:17.6:pcie04: service driver pciehp loaded
[    1.824292] pciehp 0000:00:17.7:pcie04: HPC vendor_id 15ad device_id 7a0 ss_vid 0 ss_did 0
[    1.824340] pciehp 0000:00:17.7:pcie04: service driver pciehp loaded
[    1.824389] pciehp 0000:00:18.0:pcie04: HPC vendor_id 15ad device_id 7a0 ss_vid 0 ss_did 0
[    1.824437] pciehp 0000:00:18.0:pcie04: service driver pciehp loaded
[    1.824486] pciehp 0000:00:18.1:pcie04: HPC vendor_id 15ad device_id 7a0 ss_vid 0 ss_did 0
[    1.824535] pciehp 0000:00:18.1:pcie04: service driver pciehp loaded
[    1.824583] pciehp 0000:00:18.2:pcie04: HPC vendor_id 15ad device_id 7a0 ss_vid 0 ss_did 0
[    1.824632] pciehp 0000:00:18.2:pcie04: service driver pciehp loaded
[    1.824680] pciehp 0000:00:18.3:pcie04: HPC vendor_id 15ad device_id 7a0 ss_vid 0 ss_did 0
[    1.824729] pciehp 0000:00:18.3:pcie04: service driver pciehp loaded
[    1.824778] pciehp 0000:00:18.4:pcie04: HPC vendor_id 15ad device_id 7a0 ss_vid 0 ss_did 0
[    1.824826] pciehp 0000:00:18.4:pcie04: service driver pciehp loaded
[    1.824875] pciehp 0000:00:18.5:pcie04: HPC vendor_id 15ad device_id 7a0 ss_vid 0 ss_did 0
[    1.824923] pciehp 0000:00:18.5:pcie04: service driver pciehp loaded
[    1.824972] pciehp 0000:00:18.6:pcie04: HPC vendor_id 15ad device_id 7a0 ss_vid 0 ss_did 0
[    1.825021] pciehp 0000:00:18.6:pcie04: service driver pciehp loaded
[    1.825069] pciehp 0000:00:18.7:pcie04: HPC vendor_id 15ad device_id 7a0 ss_vid 0 ss_did 0
[    1.825118] pciehp 0000:00:18.7:pcie04: service driver pciehp loaded
[    1.825126] pciehp: PCI Express Hot Plug Controller Driver version: 0.4
[    1.825181] ACPI: AC Adapter [ACAD] (on-line)
[    1.825262] input: Power Button as /devices/LNXSYSTM:00/LNXPWRBN:00/input/input0
[    1.825266] ACPI: Power Button [PWRF]
[    1.825315] processor LNXCPU:00: registered as cooling_device0
[    1.865925] isapnp: Scanning for PnP cards...
[    2.220671] isapnp: No Plug & Play device found
[    2.220703] random 0000 0000 0000 5f8db4e5 4cfdf2a8: initializing
[    2.220825] Linux agpgart interface v0.103
[    2.220869] agpgart-intel 0000:00:00.0: Intel 440BX Chipset
[    2.220917] agpgart-intel 0000:00:00.0: AGP aperture is 256M @ 0x0
[    2.220950] Serial: 8250/16550 driver, 32 ports, IRQ sharing enabled
[    2.221366] serial8250: ttyS0 at I/O 0x3f8 (irq = 4) is a 16550A
[    2.221414] serial8250: ttyS1 at I/O 0x2f8 (irq = 3) is a 16550A
[    2.221463] 00:0a: ttyS0 at I/O 0x3f8 (irq = 4) is a 16550A
[    2.221512] 00:0b: ttyS1 at I/O 0x2f8 (irq = 3) is a 16550A
[    2.221560] brd: module loaded
[    2.221609] loop: module loaded
[    2.221657] ata_piix 0000:00:07.1: version 2.13
[    2.221735] scsi0 : ata_piix
[    2.221781] scsi1 : ata_piix
[    2.221800] ata1: PATA max UDMA/33 cmd 0x1f0 ctl 0x3f6 bmdma 0x10c0 irq 14
[    2.221802] ata2: PATA max UDMA/33 cmd 0x170 ctl 0x376 bmdma 0x10c8 irq 15
[    2.221849] PPP generic driver version 2.4.2
[    2.221868] tun: Universal TUN/TAP device driver, 1.6
[    2.221869] tun: (C) 1999-2004 Max Krasnyansky <maxk@qualcomm.com>
[    2.221918] ehci_hcd: USB 2.0 'Enhanced' Host Controller (EHCI) Driver
[    2.221967] ACPI: PCI Interrupt Link [LNKB] enabled at IRQ 11
[    2.221969] PCI: setting IRQ 11 as level-triggered
[    2.221977] ehci_hcd 0000:02:03.0: PCI INT A -> Link[LNKB] -> GSI 11 (level, low) -> IRQ 11
[    2.222016] ehci_hcd 0000:02:03.0: EHCI Host Controller
[    2.222039] ehci_hcd 0000:02:03.0: new USB bus registered, assigned bus number 1
[    2.222088] ehci_hcd 0000:02:03.0: cache line size of 32 is not supported
[    2.222094] ehci_hcd 0000:02:03.0: irq 11, io mem 0xc9000000
[    2.222400] random 0000 0000 0000 00000000 00000000: rand_read_num 3 get_random_bytes(8): sig 00000000 00000000 00000000
[    2.222403] random 0000 0000 0000 00000000 00000000: extract_entropy(.. 8 ..)
[    2.222406] random 0000 0000 0000 00000000 00000000: going to reseed nonblocking with 64 bits (64 of 0 requested)
[    2.222408] random 0000 0000 0000 00000000 00000000: extract_entropy(.. 8 ..)
[    2.222410] random 0000 0000 0000 00000000 00000000: trying to extract 64 bits from input
[    2.222412] random 0000 0000 0000 00000000 00000000: debiting 0 entropy credits from input
[    2.222414] random 0000 0000 0000 00000000 00000000: extract_entropy account returned: 0 
[    2.222417] random 0000 0000 0000 00000000 00000000: urand_change_num 5 xfer_secondary_pool(8): pool_sig 00000000, data_sig 00000000, bytes_mixed 0 00000000 00000000
[    2.222420] random 0000 0000 0000 00000000 00000000: trying to extract 64 bits from nonblocking
[    2.222422] random 0000 0000 0000 00000000 00000000: debiting 64 entropy credits from nonblocking (unlimited)
[    2.222424] random 0000 0000 0000 00000000 00000000: extract_entropy account returned: 8 
[    2.222428] random 0000 0000 0000 00000000 00000000: urand_change_num 6 extract_buf: pool_sig 00000000, data_sig fffffff9, bytes_mixed 20 00000000 00000000
[    2.233384] ehci_hcd 0000:02:03.0: USB 2.0 started, EHCI 1.00
[    2.233433] usb usb1: configuration #1 chosen from 1 choice
[    2.233454] hub 1-0:1.0: USB hub found
[    2.233460] hub 1-0:1.0: 6 ports detected
[    2.233502] ohci_hcd: USB 1.1 'Open' Host Controller (OHCI) Driver
[    2.233516] uhci_hcd: USB Universal Host Controller Interface driver
[    2.233565] ACPI: PCI Interrupt Link [LNKC] enabled at IRQ 10
[    2.233568] PCI: setting IRQ 10 as level-triggered
[    2.233573] uhci_hcd 0000:02:00.0: PCI INT A -> Link[LNKC] -> GSI 10 (level, low) -> IRQ 10
[    2.233613] uhci_hcd 0000:02:00.0: UHCI Host Controller
[    2.233649] uhci_hcd 0000:02:00.0: new USB bus registered, assigned bus number 2
[    2.233752] uhci_hcd 0000:02:00.0: irq 10, io base 0x000020c0
[    2.233800] usb usb2: configuration #1 chosen from 1 choice
[    2.233816] hub 2-0:1.0: USB hub found
[    2.233821] hub 2-0:1.0: 2 ports detected
[    2.233870] usbcore: registered new interface driver libusual
[    2.233900] PNP: PS/2 Controller [PNP0303:KBC,PNP0f13:MOUS] at 0x60,0x64 irq 1,12
[    2.234225] serio: i8042 KBD port at 0x60,0x64 irq 1
[    2.234233] serio: i8042 AUX port at 0x60,0x64 irq 12
[    2.234271] mice: PS/2 mouse device common for all mice
[    2.234319] rtc_cmos 00:04: rtc core: registered rtc_cmos as rtc0
[    2.234336] rtc0: alarms up to one month, y3k, 114 bytes nvram, hpet irqs
[    2.234385] device-mapper: uevent: version 1.0.3
[    2.234513] device-mapper: ioctl: 4.15.0-ioctl (2009-04-01) initialised: dm-devel@redhat.com
[    2.234531] EISA: Probing bus 0 at eisa.0
[    2.234538] Cannot allocate resource for EISA slot 1
[    2.234540] Cannot allocate resource for EISA slot 2
[    2.234542] Cannot allocate resource for EISA slot 3
[    2.234544] Cannot allocate resource for EISA slot 4
[    2.234546] Cannot allocate resource for EISA slot 5
[    2.234548] Cannot allocate resource for EISA slot 6
[    2.234550] Cannot allocate resource for EISA slot 7
[    2.234552] Cannot allocate resource for EISA slot 8
[    2.234554] EISA: Detected 0 cards.
[    2.234601] cpuidle: using governor ladder
[    2.234603] cpuidle: using governor menu
[    2.234652] random 0000 0000 0000 00000000 00000000: rand_read_num 4 get_random_bytes(136): sig 0000021d 00000000 00000000
[    2.234655] random 0000 0000 0000 00000000 00000000: extract_entropy(.. 136 ..)
[    2.234658] random 0000 0000 0000 00000000 00000000: going to reseed nonblocking with 1024 bits (1088 of 0 requested)
[    2.234660] random 0000 0000 0000 00000000 00000000: extract_entropy(.. 128 ..)
[    2.234662] random 0000 0000 0000 00000000 00000000: trying to extract 1024 bits from input
[    2.234664] random 0000 0000 0000 00000000 00000000: debiting 0 entropy credits from input
[    2.234666] random 0000 0000 0000 00000000 00000000: extract_entropy account returned: 0 
[    2.234669] random 0000 0000 0000 00000000 00000000: urand_change_num 7 xfer_secondary_pool(136): pool_sig 0000021d, data_sig 00000000, bytes_mixed 0 00000000 00000000
[    2.234672] random 0000 0000 0000 00000000 00000000: trying to extract 1088 bits from nonblocking
[    2.234675] random 0000 0000 0000 00000000 00000000: debiting 1088 entropy credits from nonblocking (unlimited)
[    2.234677] random 0000 0000 0000 00000000 00000000: extract_entropy account returned: 136 
[    2.234681] random 0000 0000 0000 00000000 00000000: urand_change_num 8 extract_buf: pool_sig 0000021d, data_sig fffffff7, bytes_mixed 20 00000000 00000000
[    2.234686] random 0000 0000 0000 f961ee50 ba9cb1aa: urand_change_num 9 extract_buf: pool_sig 00000230, data_sig fffffeb4, bytes_mixed 20 f961ee50 ba9cb1aa
[    2.234691] random 0000 0000 0000 9748bdd6 56fb8af6: urand_change_num 10 extract_buf: pool_sig 00000373, data_sig 000000cf, bytes_mixed 20 9748bdd6 56fb8af6
[    2.234695] random 0000 0000 0000 9748bdd6 56fb8af6: urand_change_num 11 extract_buf: pool_sig fffffe49, data_sig 0000023f, bytes_mixed 20 9748bdd6 56fb8af6
[    2.234700] random 0000 0000 0000 a135be86 4777650e: urand_change_num 12 extract_buf: pool_sig fffffcce, data_sig 000000c6, bytes_mixed 20 a135be86 4777650e
[    2.234704] random 0000 0000 0000 4a6ea85d 170e00dd: urand_change_num 13 extract_buf: pool_sig ffffff97, data_sig ffffff7d, bytes_mixed 20 4a6ea85d 170e00dd
[    2.234708] random 0000 0000 0000 4a6ea85d 170e00dd: urand_change_num 14 extract_buf: pool_sig 00000160, data_sig fffffeea, bytes_mixed 20 4a6ea85d 170e00dd
[    2.234713] random 0000 0000 0000 6e87c3cb da668c73: urand_change_num 15 extract_buf: pool_sig 0000034f, data_sig ffffff54, bytes_mixed 20 6e87c3cb da668c73
[    2.234717] random 0000 0000 0000 6e87c3cb da668c73: urand_change_num 16 extract_buf: pool_sig fffffdc5, data_sig 00000205, bytes_mixed 20 6e87c3cb da668c73
[    2.234722] random 0000 0000 0000 39f531e6 461eb249: urand_change_num 17 extract_buf: pool_sig fffffc1d, data_sig ffffff5e, bytes_mixed 20 39f531e6 461eb249
[    2.234726] random 0000 0000 0000 7e1538a2 3e661182: urand_change_num 18 extract_buf: pool_sig 000006ef, data_sig ffffff2e, bytes_mixed 20 7e1538a2 3e661182
[    2.234731] random 0000 0000 0000 7e1538a2 3e661182: urand_change_num 19 extract_buf: pool_sig 00000317, data_sig fffffccb, bytes_mixed 20 7e1538a2 3e661182
[    2.234735] random 0000 0000 0000 76af506b 9b57305e: urand_change_num 20 extract_buf: pool_sig 00000227, data_sig ffffffd2, bytes_mixed 20 76af506b 9b57305e
[    2.234740] random 0000 0000 0000 37d49d89 e20417cc: urand_change_num 21 extract_buf: pool_sig 0000080b, data_sig 000001e9, bytes_mixed 20 37d49d89 e20417cc
[    2.234744] TCP cubic registered
[    2.234793] NET: Registered protocol family 10
[    2.234828] RANDOM - __random32 called. Change num 12.  Value: b0a9fbe7	b7a35a2b	c9ef2c48
[    2.234830] RANDOM - random32 called.  Value: b0a9fbe7	b7a35a2b	c9ef2c48
[    2.234839] random 0000 0000 0000 37d49d89 e20417cc: rand_read_num 5 get_random_bytes(4): sig 00000298 37d49d89 e20417cc
[    2.234842] random 0000 0000 0000 37d49d89 e20417cc: extract_entropy(.. 4 ..)
[    2.234844] random 0000 0000 0000 37d49d89 e20417cc: going to reseed nonblocking with 64 bits (32 of 0 requested)
[    2.234846] random 0000 0000 0000 37d49d89 e20417cc: extract_entropy(.. 8 ..)
[    2.234848] random 0000 0000 0000 37d49d89 e20417cc: trying to extract 64 bits from input
[    2.234851] random 0000 0000 0000 37d49d89 e20417cc: debiting 0 entropy credits from input
[    2.234853] random 0000 0000 0000 37d49d89 e20417cc: extract_entropy account returned: 0 
[    2.234856] random 0000 0000 0000 37d49d89 e20417cc: urand_change_num 22 xfer_secondary_pool(4): pool_sig 00000298, data_sig 00000000, bytes_mixed 0 37d49d89 e20417cc
[    2.234858] random 0000 0000 0000 37d49d89 e20417cc: trying to extract 32 bits from nonblocking
[    2.234861] random 0000 0000 0000 37d49d89 e20417cc: debiting 32 entropy credits from nonblocking (unlimited)
[    2.234863] random 0000 0000 0000 37d49d89 e20417cc: extract_entropy account returned: 4 
[    2.234867] random 0000 0000 0000 37d49d89 e20417cc: urand_change_num 23 extract_buf: pool_sig 00000298, data_sig 00000092, bytes_mixed 20 37d49d89 e20417cc
[    2.234915] RANDOM - __random32 called. Change num 13.  Value: 9fbe71fa	7a35a2b4	5890d2c9
[    2.234917] RANDOM - random32 called.  Value: 9fbe71fa	7a35a2b4	5890d2c9
[    2.235016] NET: Registered protocol family 17
[    2.235042] Using IPI No-Shortcut mode
[    2.235047] random 0000 0000 0000 2ee4c4fc 167bdb15: rand_read_num 6 get_random_bytes(8): sig fffffcbf 2ee4c4fc 167bdb15
[    2.235050] random 0000 0000 0000 2ee4c4fc 167bdb15: extract_entropy(.. 8 ..)
[    2.235052] random 0000 0000 0000 2ee4c4fc 167bdb15: going to reseed nonblocking with 64 bits (64 of 0 requested)
[    2.235054] random 0000 0000 0000 2ee4c4fc 167bdb15: extract_entropy(.. 8 ..)
[    2.235056] random 0000 0000 0000 2ee4c4fc 167bdb15: trying to extract 64 bits from input
[    2.235058] random 0000 0000 0000 2ee4c4fc 167bdb15: debiting 0 entropy credits from input
[    2.235060] random 0000 0000 0000 2ee4c4fc 167bdb15: extract_entropy account returned: 0 
[    2.235063] random 0000 0000 0000 2ee4c4fc 167bdb15: urand_change_num 24 xfer_secondary_pool(8): pool_sig fffffcbf, data_sig 00000000, bytes_mixed 0 2ee4c4fc 167bdb15
[    2.235066] random 0000 0000 0000 2ee4c4fc 167bdb15: trying to extract 64 bits from nonblocking
[    2.235068] random 0000 0000 0000 2ee4c4fc 167bdb15: debiting 64 entropy credits from nonblocking (unlimited)
[    2.235070] random 0000 0000 0000 2ee4c4fc 167bdb15: extract_entropy account returned: 8 
[    2.235074] random 0000 0000 0000 2ee4c4fc 167bdb15: urand_change_num 25 extract_buf: pool_sig fffffcbf, data_sig ffffff83, bytes_mixed 20 2ee4c4fc 167bdb15
[    2.235116] PM: Resume from disk failed.
[    2.235123] registered taskstats version 1
[    2.235126] random 0000 0000 0000 2ee4c4fc 167bdb15: rand_read_num 7 get_random_bytes(12): sig fffffc69 2ee4c4fc 167bdb15
[    2.235128] random 0000 0000 0000 2ee4c4fc 167bdb15: extract_entropy(.. 12 ..)
[    2.235130] random 0000 0000 0000 2ee4c4fc 167bdb15: going to reseed nonblocking with 96 bits (96 of 0 requested)
[    2.235132] random 0000 0000 0000 2ee4c4fc 167bdb15: extract_entropy(.. 12 ..)
[    2.235134] random 0000 0000 0000 2ee4c4fc 167bdb15: trying to extract 96 bits from input
[    2.235137] random 0000 0000 0000 2ee4c4fc 167bdb15: debiting 0 entropy credits from input
[    2.235138] random 0000 0000 0000 2ee4c4fc 167bdb15: extract_entropy account returned: 0 
[    2.235141] random 0000 0000 0000 2ee4c4fc 167bdb15: urand_change_num 26 xfer_secondary_pool(12): pool_sig fffffc69, data_sig 00000000, bytes_mixed 0 2ee4c4fc 167bdb15
[    2.235144] random 0000 0000 0000 2ee4c4fc 167bdb15: trying to extract 96 bits from nonblocking
[    2.235146] random 0000 0000 0000 2ee4c4fc 167bdb15: debiting 96 entropy credits from nonblocking (unlimited)
[    2.235148] random 0000 0000 0000 2ee4c4fc 167bdb15: extract_entropy account returned: 12 
[    2.235151] random 0000 0000 0000 2ee4c4fc 167bdb15: urand_change_num 27 extract_buf: pool_sig fffffc69, data_sig ffffff7d, bytes_mixed 20 2ee4c4fc 167bdb15
[    2.235155] random 0000 0000 0000 83b7c1ab 94697f48: urand_change_num 28 extract_buf: pool_sig fffffe30, data_sig fffffdd6, bytes_mixed 20 83b7c1ab 94697f48
[    2.235158] RANDOM - __seed init called.
[    2.235159] RANDOM - __seed init called.
[    2.235161] RANDOM - __seed init called.
[    2.235162] RANDOM - __random32 called. Change num 14.  Value: fc007995	feca4f80	21b38ad2
[    2.235164] RANDOM - random32_reseed called.  Value: fc007995	feca4f80	21b38ad2
[    2.235166] Pid: 1, comm: swapper Not tainted 2.6.32.57 #4
[    2.235168] Call Trace:
[    2.235174]  [<c14a8a0e>] ? printk+0x1d/0x1f
[    2.235179]  [<c17537e5>] random32_reseed+0x89/0xbd
[    2.235182]  [<c1003042>] do_one_initcall+0x32/0x1a0
[    2.235185]  [<c175375c>] ? random32_reseed+0x0/0xbd
[    2.235188]  [<c17308e7>] kernel_init+0x12d/0x17a
[    2.235190]  [<c17307ba>] ? kernel_init+0x0/0x17a
[    2.235193]  [<c1009b07>] kernel_thread_helper+0x7/0x10
[    2.237876] input: AT Translated Set 2 keyboard as /devices/platform/i8042/serio0/input/input1
[    2.238143] random 0000 0000 0000 6db70b00 b30ce96b: rand_read_num 8 get_random_bytes(64): sig fffffb38 6db70b00 b30ce96b
[    2.238148] random 0000 0000 0000 6db70b00 b30ce96b: extract_entropy(.. 64 ..)
[    2.238196] random 0000 0000 0000 6db70b00 b30ce96b: going to reseed nonblocking with 512 bits (512 of 0 requested)
[    2.238202] random 0000 0000 0000 6db70b00 b30ce96b: extract_entropy(.. 64 ..)
[    2.238205] random 0000 0000 0000 6db70b00 b30ce96b: trying to extract 512 bits from input
[    2.238208] random 0000 0000 0000 6db70b00 b30ce96b: debiting 0 entropy credits from input
[    2.238210] random 0000 0000 0000 6db70b00 b30ce96b: extract_entropy account returned: 0 
[    2.238213] random 0000 0000 0000 6db70b00 b30ce96b: urand_change_num 29 xfer_secondary_pool(64): pool_sig fffffb38, data_sig 00000000, bytes_mixed 0 6db70b00 b30ce96b
[    2.238217] random 0000 0000 0000 6db70b00 b30ce96b: trying to extract 512 bits from nonblocking
[    2.238220] random 0000 0000 0000 6db70b00 b30ce96b: debiting 512 entropy credits from nonblocking (unlimited)
[    2.238222] random 0000 0000 0000 6db70b00 b30ce96b: extract_entropy account returned: 64 
[    2.238226] random 0000 0000 0000 6db70b00 b30ce96b: urand_change_num 30 extract_buf: pool_sig fffffb38, data_sig 00000151, bytes_mixed 20 6db70b00 b30ce96b
[    2.238230] random 0000 0000 0000 6db70b00 b30ce96b: urand_change_num 31 extract_buf: pool_sig fffffdb8, data_sig 00000379, bytes_mixed 20 6db70b00 b30ce96b
[    2.238235] random 0000 0000 0000 6b83001e d4b6c0d3: urand_change_num 32 extract_buf: pool_sig ffffffc9, data_sig 00000198, bytes_mixed 20 6b83001e d4b6c0d3
[    2.238239] random 0000 0000 0000 79d3e3c7 be564518: urand_change_num 33 extract_buf: pool_sig 000002b9, data_sig ffffff84, bytes_mixed 20 79d3e3c7 be564518
[    2.238244] random 0000 0000 0000 79d3e3c7 be564518: urand_change_num 34 extract_buf: pool_sig ffffff55, data_sig ffffff5a, bytes_mixed 20 79d3e3c7 be564518
[    2.238248] random 0000 0000 0000 89c03cb2 0d353228: urand_change_num 35 extract_buf: pool_sig 00000007, data_sig ffffff17, bytes_mixed 20 89c03cb2 0d353228
[    2.238253] random 0000 0000 0000 89c03cb2 0d353228: urand_change_num 36 extract_buf: pool_sig fffffdae, data_sig 000000db, bytes_mixed 20 89c03cb2 0d353228  Magic number: 13:59:503
[    2.238361] rtc_cmos 00:04: setting system clock to 2013-05-24 22:29:01 UTC (1369434541)
[    2.238363] BIOS EDD facility v0.16 2004-Jun-25, 0 devices found
[    2.238365] EDD information not available.
[    2.238394] random 0000 0000 0000 8ca62387 b120332c: rand_read_num 9 get_random_bytes(64): sig fffffed6 8ca62387 b120332c
[    2.238396] random 0000 0000 0000 8ca62387 b120332c: extract_entropy(.. 64 ..)
[    2.238399] random 0000 0000 0000 8ca62387 b120332c: going to reseed nonblocking with 512 bits (512 of 0 requested)
[    2.238401] random 0000 0000 0000 8ca62387 b120332c: extract_entropy(.. 64 ..)
[    2.238403] random 0000 0000 0000 8ca62387 b120332c: trying to extract 512 bits from input
[    2.238406] random 0000 0000 0000 8ca62387 b120332c: debiting 0 entropy credits from input
[    2.238408] random 0000 0000 0000 8ca62387 b120332c: extract_entropy account returned: 0 
[    2.238411] random 0000 0000 0000 8ca62387 b120332c: urand_change_num 37 xfer_secondary_pool(64): pool_sig fffffed6, data_sig 00000000, bytes_mixed 0 8ca62387 b120332c
[    2.238414] random 0000 0000 0000 8ca62387 b120332c: trying to extract 512 bits from nonblocking
[    2.238416] random 0000 0000 0000 8ca62387 b120332c: debiting 512 entropy credits from nonblocking (unlimited)
[    2.238418] random 0000 0000 0000 8ca62387 b120332c: extract_entropy account returned: 64 
[    2.238435] random 0000 0000 0000 8ca62387 b120332c: urand_change_num 38 extract_buf: pool_sig fffffed6, data_sig fffffeb6, bytes_mixed 20 8ca62387 b120332c
[    2.238440] random 0000 0000 0000 90702413 e2a66c2e: urand_change_num 39 extract_buf: pool_sig fffffbb0, data_sig 0000012e, bytes_mixed 20 90702413 e2a66c2e
[    2.238444] random 0000 0000 0000 90702413 e2a66c2e: urand_change_num 40 extract_buf: pool_sig fffffaf1, data_sig ffffff3c, bytes_mixed 20 90702413 e2a66c2e
[    2.238448] random 0000 0000 0000 3f58038b c77aecb6: urand_change_num 41 extract_buf: pool_sig 00000234, data_sig fffffdec, bytes_mixed 20 3f58038b c77aecb6
[    2.238452] random 0000 0000 0000 47187b9d 03f21510: urand_change_num 42 extract_buf: pool_sig 00000192, data_sig 00000075, bytes_mixed 20 47187b9d 03f21510
[    2.238456] random 0000 0000 0000 47187b9d 03f21510: urand_change_num 43 extract_buf: pool_sig 0000018e, data_sig ffffffbf, bytes_mixed 20 47187b9d 03f21510
[    2.238461] random 0000 0000 0000 3180b1fc 0fa9c973: urand_change_num 44 extract_buf: pool_sig fffffecf, data_sig ffffff2a, bytes_mixed 20 3180b1fc 0fa9c973
[    2.238463] BEGIN NET_SECRET:
[    2.238464] \xffffff87
[    2.238466] \xffffff8d
[    2.238467] \xfffffff4
[    2.238468] \xffffffae
[    2.238469] \xffffffc3
[    2.238470] \xffffffb7
[    2.238471] \x31
[    2.238472] \x65
[    2.238473] \xffffffda
[    2.238474] \xffffffa2
[    2.238475] \x31
[    2.238476] \xffffffc8
[    2.238478] \xffffffa9
[    2.238479] \x76
[    2.238480] \x76
[    2.238481] \xffffff90
[    2.238482] \x55
[    2.238483] \xfffffff3
[    2.238484] \xffffffb1
[    2.238485] \x3
[    2.238486] \xffffffb3
[    2.238487] \xffffffa7
[    2.238488] \x5a
[    2.238489] \x71
[    2.238490] \x70
[    2.238491] \xffffff8c
[    2.238493] \x56
[    2.238494] \x25
[    2.238495] \xffffffe1
[    2.238496] \x4c
[    2.238497] \xffffffe6
[    2.238498] \xffffff95
[    2.238499] \x67
[    2.238500] \x4c
[    2.238501] \xffffffb9
[    2.238502] \x1d
[    2.238503] \xe
[    2.238504] \x34
[    2.238505] \xffffffbe
[    2.238506] \x12
[    2.238507] \x5
[    2.238508] \xffffff98
[    2.238510] \xffffffa0
[    2.238511] \xf
[    2.238512] \xffffffb2
[    2.238513] \xffffffde
[    2.238514] \xffffff99
[    2.238515] \xf
[    2.238516] \xffffffe8
[    2.238517] \xffffffc8
[    2.238518] \x1f
[    2.238519] \x54
[    2.238520] \x2c
[    2.238521] \xffffffee
[    2.238522] \x2e
[    2.238524] \x0
[    2.238525] \xffffff95
[    2.238526] \x0
[    2.238527] \xffffffe3
[    2.238528] \xffffffa7
[    2.238529] \xfffffffd
[    2.238530] \x66
[    2.238531] \xffffff92
[    2.238533] \xfffffff0
[    2.238534] 
[    2.238534] END NET_SECRET
[    2.238537] random 0000 0000 0000 3180b1fc 0fa9c973: rand_read_num 10 get_random_bytes(4): sig ffffff46 3180b1fc 0fa9c973
[    2.238539] random 0000 0000 0000 3180b1fc 0fa9c973: extract_entropy(.. 4 ..)
[    2.238542] random 0000 0000 0000 3180b1fc 0fa9c973: going to reseed nonblocking with 64 bits (32 of 0 requested)
[    2.238544] random 0000 0000 0000 3180b1fc 0fa9c973: extract_entropy(.. 8 ..)
[    2.238546] random 0000 0000 0000 3180b1fc 0fa9c973: trying to extract 64 bits from input
[    2.238548] random 0000 0000 0000 3180b1fc 0fa9c973: debiting 0 entropy credits from input
[    2.238550] random 0000 0000 0000 3180b1fc 0fa9c973: extract_entropy account returned: 0 
[    2.238553] random 0000 0000 0000 3180b1fc 0fa9c973: urand_change_num 45 xfer_secondary_pool(4): pool_sig ffffff46, data_sig 00000000, bytes_mixed 0 3180b1fc 0fa9c973
[    2.238555] random 0000 0000 0000 3180b1fc 0fa9c973: trying to extract 32 bits from nonblocking
[    2.238557] random 0000 0000 0000 3180b1fc 0fa9c973: debiting 32 entropy credits from nonblocking (unlimited)
[    2.238560] random 0000 0000 0000 3180b1fc 0fa9c973: extract_entropy account returned: 4 
[    2.238563] random 0000 0000 0000 3180b1fc 0fa9c973: urand_change_num 46 extract_buf: pool_sig ffffff46, data_sig 0000001b, bytes_mixed 20 3180b1fc 0fa9c973
[    2.412760] ata2.00: ATAPI: VMware Virtual IDE CDROM Drive, 00000001, max UDMA/33
[    2.413132] ata2.00: configured for UDMA/33
[    2.413573] scsi 1:0:0:0: CD-ROM            NECVMWar VMware IDE CDR10 1.00 PQ: 0 ANSI: 5
[    2.414996] sr0: scsi3-mmc drive: 306x/306x cd/rw xa/form2 cdda tray
[    2.415000] Uniform CD-ROM driver Revision: 3.20
[    2.415049] sr 1:0:0:0: Attached scsi CD-ROM sr0
[    2.415097] sr 1:0:0:0: Attached scsi generic sg0 type 5
[    2.415144] Freeing unused kernel memory: 652k freed
[    2.415192] Write protecting the kernel text: 4840k
[    2.415223] Write protecting the kernel read-only data: 1968k
[    2.415313] random 0000 0000 0000 38974d2b 1d8d6de0: rand_read_num 11 get_random_bytes(16): sig 000001c6 38974d2b 1d8d6de0
