[    0.000000] random 0000 0000 0000 00000000 00000000: rand_read_num 1 get_random_bytes(8): sig 00000000 00000000 00000000
[    0.000000] random 0000 0000 0000 00000000 00000000: extract_entropy(.. 8 ..)
[    0.000000] random 0000 0000 0000 00000000 00000000: going to reseed nonblocking with 64 bits (64 of 0 requested)
[    0.000000] random 0000 0000 0000 00000000 00000000: extract_entropy(.. 8 ..)
[    0.000000] random 0000 0000 0000 00000000 00000000: trying to extract 64 bits from input
[    0.000000] random 0000 0000 0000 00000000 00000000: debiting 0 entropy credits from input
[    0.000000] random 0000 0000 0000 00000000 00000000: extract_entropy account returned: 0 
[    0.000000] random 0000 0000 0000 00000000 00000000: urand_change_num 1 xfer_secondary_pool(8): pool_sig 00000000, data_sig 00000000, bytes_mixed 0 00000000 00000000
[    0.000000] random 0000 0000 0000 00000000 00000000: trying to extract 64 bits from nonblocking
[    0.000000] random 0000 0000 0000 00000000 00000000: debiting 64 entropy credits from nonblocking (unlimited)
[    0.000000] random 0000 0000 0000 00000000 00000000: extract_entropy account returned: 8 
[    0.000000] random 0000 0000 0000 00000000 00000000: urand_change_num 2 extract_buf: pool_sig 00000000, data_sig fffffff9, bytes_mixed 20 00000000 00000000
[    0.000000] Initializing cgroup subsys cpuset
[    0.000000] Initializing cgroup subsys cpu
[    0.000000] Linux version 2.6.32.57 (dcashman@ubuntu) (gcc version 4.6.3 (Ubuntu/Linaro 4.6.3-1ubuntu5) ) #4 SMP Fri May 24 11:09:26 PDT 2013
[    0.000000] KERNEL supported cpus:
[    0.000000]   Intel GenuineIntel
[    0.000000]   AMD AuthenticAMD
[    0.000000]   NSC Geode by NSC
[    0.000000]   Cyrix CyrixInstead
[    0.000000]   Centaur CentaurHauls
[    0.000000]   Transmeta GenuineTMx86
[    0.000000]   Transmeta TransmetaCPU
[    0.000000]   UMC UMC UMC UMC
[    0.000000] BIOS-provided physical RAM map:
[    0.000000]  BIOS-e820: 0000000000000000 - 000000000009f000 (usable)
[    0.000000]  BIOS-e820: 000000000009f000 - 00000000000a0000 (reserved)
[    0.000000]  BIOS-e820: 00000000000ca000 - 00000000000cc000 (reserved)
[    0.000000]  BIOS-e820: 00000000000dc000 - 0000000000100000 (reserved)
[    0.000000]  BIOS-e820: 0000000000100000 - 000000003fee0000 (usable)
[    0.000000]  BIOS-e820: 000000003fee0000 - 000000003feff000 (ACPI data)
[    0.000000]  BIOS-e820: 000000003feff000 - 000000003ff00000 (ACPI NVS)
[    0.000000]  BIOS-e820: 000000003ff00000 - 0000000040000000 (usable)
[    0.000000]  BIOS-e820: 00000000e0000000 - 00000000f0000000 (reserved)
[    0.000000]  BIOS-e820: 00000000fec00000 - 00000000fec10000 (reserved)
[    0.000000]  BIOS-e820: 00000000fee00000 - 00000000fee01000 (reserved)
[    0.000000]  BIOS-e820: 00000000fffe0000 - 0000000100000000 (reserved)
[    0.000000] DMI present.
[    0.000000] Phoenix BIOS detected: BIOS may corrupt low RAM, working around it.
[    0.000000] e820 update range: 0000000000000000 - 0000000000010000 (usable) ==> (reserved)
[    0.000000] last_pfn = 0x40000 max_arch_pfn = 0x1000000
[    0.000000] MTRR default type: uncachable
[    0.000000] MTRR fixed ranges enabled:
[    0.000000]   00000-9FFFF write-back
[    0.000000]   A0000-BFFFF uncachable
[    0.000000]   C0000-CBFFF write-protect
[    0.000000]   CC000-EFFFF uncachable
[    0.000000]   F0000-FFFFF write-protect
[    0.000000] MTRR variable ranges enabled:
[    0.000000]   0 base 0000000000 mask FFC0000000 write-back
[    0.000000]   1 disabled
[    0.000000]   2 disabled
[    0.000000]   3 disabled
[    0.000000]   4 disabled
[    0.000000]   5 disabled
[    0.000000]   6 disabled
[    0.000000]   7 disabled
[    0.000000] x86 PAT enabled: cpu 0, old 0x0, new 0x7010600070106
[    0.000000] Scanning 0 areas for low memory corruption
[    0.000000] modified physical RAM map:
[    0.000000]  modified: 0000000000000000 - 0000000000010000 (reserved)
[    0.000000]  modified: 0000000000010000 - 000000000009f000 (usable)
[    0.000000]  modified: 000000000009f000 - 00000000000a0000 (reserved)
[    0.000000]  modified: 00000000000ca000 - 00000000000cc000 (reserved)
[    0.000000]  modified: 00000000000dc000 - 0000000000100000 (reserved)
[    0.000000]  modified: 0000000000100000 - 000000003fee0000 (usable)
[    0.000000]  modified: 000000003fee0000 - 000000003feff000 (ACPI data)
[    0.000000]  modified: 000000003feff000 - 000000003ff00000 (ACPI NVS)
[    0.000000]  modified: 000000003ff00000 - 0000000040000000 (usable)
[    0.000000]  modified: 00000000e0000000 - 00000000f0000000 (reserved)
[    0.000000]  modified: 00000000fec00000 - 00000000fec10000 (reserved)
[    0.000000]  modified: 00000000fee00000 - 00000000fee01000 (reserved)
[    0.000000]  modified: 00000000fffe0000 - 0000000100000000 (reserved)
[    0.000000] initial memory mapped : 0 - 01e00000
[    0.000000] init_memory_mapping: 0000000000000000-00000000379fe000
[    0.000000] NX (Execute Disable) protection: active
[    0.000000]  0000000000 - 0000200000 page 4k
[    0.000000]  0000200000 - 0037800000 page 2M
[    0.000000]  0037800000 - 00379fe000 page 4k
[    0.000000] kernel direct mapping tables up to 379fe000 @ 10000-16000
[    0.000000] RAMDISK: 2dcfc000 - 32e758c3
[    0.000000] ACPI: RSDP 000f6b80 00024 (v02 PTLTD )
[    0.000000] ACPI: XSDT 3feed636 0005C (v01 INTEL  440BX    06040000 VMW  01324272)
[    0.000000] ACPI: FACP 3fefee98 000F4 (v04 INTEL  440BX    06040000 PTL  000F4240)
[    0.000000] ACPI: DSDT 3feee366 10B32 (v01 PTLTD  Custom   06040000 MSFT 03000001)
[    0.000000] ACPI: FACS 3fefffc0 00040
[    0.000000] ACPI: BOOT 3feee33e 00028 (v01 PTLTD  $SBFTBL$ 06040000  LTP 00000001)
[    0.000000] ACPI: APIC 3feedc3e 003C2 (v01 PTLTD  ? APIC   06040000  LTP 00000000)
[    0.000000] ACPI: MCFG 3feedc02 0003C (v01 PTLTD  $PCITBL$ 06040000  LTP 00000001)
[    0.000000] ACPI: SRAT 3feed732 004D0 (v02 VMWARE MEMPLUG  06040000 VMW  00000001)
[    0.000000] ACPI: HPET 3feed6fa 00038 (v01 VMWARE VMW HPET 06040000 VMW  00000001)
[    0.000000] ACPI: WAET 3feed6d2 00028 (v01 VMWARE VMW WAET 06040000 VMW  00000001)
[    0.000000] ACPI: Local APIC address 0xfee00000
[    0.000000] 134MB HIGHMEM available.
[    0.000000] 889MB LOWMEM available.
[    0.000000]   mapped low ram: 0 - 379fe000
[    0.000000]   low ram: 0 - 379fe000
[    0.000000]   node 0 low ram: 00000000 - 379fe000
[    0.000000]   node 0 bootmap 00012000 - 00018f40
[    0.000000] (9 early reservations) ==> bootmem [0000000000 - 00379fe000]
[    0.000000]   #0 [0000000000 - 0000001000]   BIOS data page ==> [0000000000 - 0000001000]
[    0.000000]   #1 [0000001000 - 0000002000]    EX TRAMPOLINE ==> [0000001000 - 0000002000]
[    0.000000]   #2 [0000006000 - 0000007000]       TRAMPOLINE ==> [0000006000 - 0000007000]
[    0.000000]   #3 [0001000000 - 0001a75ff8]    TEXT DATA BSS ==> [0001000000 - 0001a75ff8]
[    0.000000]   #4 [002dcfc000 - 0032e758c3]          RAMDISK ==> [002dcfc000 - 0032e758c3]
[    0.000000]   #5 [000009f000 - 0000100000]    BIOS reserved ==> [000009f000 - 0000100000]
[    0.000000]   #6 [0001a76000 - 0001a851c0]              BRK ==> [0001a76000 - 0001a851c0]
[    0.000000]   #7 [0000010000 - 0000012000]          PGTABLE ==> [0000010000 - 0000012000]
[    0.000000]   #8 [0000012000 - 0000019000]          BOOTMAP ==> [0000012000 - 0000019000]
[    0.000000] found SMP MP-table at [c00f6bf0] f6bf0
[    0.000000] Zone PFN ranges:
[    0.000000]   DMA      0x00000010 -> 0x00001000
[    0.000000]   Normal   0x00001000 -> 0x000379fe
[    0.000000]   HighMem  0x000379fe -> 0x00040000
[    0.000000] Movable zone start PFN for each node
[    0.000000] early_node_map[3] active PFN ranges
[    0.000000]     0: 0x00000010 -> 0x0000009f
[    0.000000]     0: 0x00000100 -> 0x0003fee0
[    0.000000]     0: 0x0003ff00 -> 0x00040000
[    0.000000] On node 0 totalpages: 261999
[    0.000000] free_area_init_node: node 0, pgdat c1715200, node_mem_map c1a87200
[    0.000000]   DMA zone: 32 pages used for memmap
[    0.000000]   DMA zone: 0 pages reserved
[    0.000000]   DMA zone: 3951 pages, LIFO batch:0
[    0.000000]   Normal zone: 1748 pages used for memmap
[    0.000000]   Normal zone: 221994 pages, LIFO batch:31
[    0.000000]   HighMem zone: 269 pages used for memmap
[    0.000000]   HighMem zone: 34005 pages, LIFO batch:7
[    0.000000] Using APIC driver default
[    0.000000] ACPI: PM-Timer IO Port: 0x1008
[    0.000000] ACPI: Local APIC address 0xfee00000
[    0.000000] ACPI: LAPIC (acpi_id[0x00] lapic_id[0x00] enabled)
[    0.000000] ACPI: LAPIC (acpi_id[0x01] lapic_id[0x02] disabled)
[    0.000000] ACPI: LAPIC (acpi_id[0x02] lapic_id[0x04] disabled)
[    0.000000] ACPI: LAPIC (acpi_id[0x03] lapic_id[0x06] disabled)
[    0.000000] ACPI: LAPIC (acpi_id[0x04] lapic_id[0x08] disabled)
[    0.000000] ACPI: LAPIC (acpi_id[0x05] lapic_id[0x0a] disabled)
[    0.000000] ACPI: LAPIC (acpi_id[0x06] lapic_id[0x0c] disabled)
[    0.000000] ACPI: LAPIC (acpi_id[0x07] lapic_id[0x0e] disabled)
[    0.000000] ACPI: LAPIC (acpi_id[0x08] lapic_id[0x10] disabled)
[    0.000000] ACPI: LAPIC (acpi_id[0x09] lapic_id[0x12] disabled)
[    0.000000] ACPI: LAPIC (acpi_id[0x0a] lapic_id[0x14] disabled)
[    0.000000] ACPI: LAPIC (acpi_id[0x0b] lapic_id[0x16] disabled)
[    0.000000] ACPI: LAPIC (acpi_id[0x0c] lapic_id[0x18] disabled)
[    0.000000] ACPI: LAPIC (acpi_id[0x0d] lapic_id[0x1a] disabled)
[    0.000000] ACPI: LAPIC (acpi_id[0x0e] lapic_id[0x1c] disabled)
[    0.000000] ACPI: LAPIC (acpi_id[0x0f] lapic_id[0x1e] disabled)
[    0.000000] ACPI: LAPIC (acpi_id[0x10] lapic_id[0x20] disabled)
[    0.000000] ACPI: LAPIC (acpi_id[0x11] lapic_id[0x22] disabled)
[    0.000000] ACPI: LAPIC (acpi_id[0x12] lapic_id[0x24] disabled)
[    0.000000] ACPI: LAPIC (acpi_id[0x13] lapic_id[0x26] disabled)
[    0.000000] ACPI: LAPIC (acpi_id[0x14] lapic_id[0x28] disabled)
[    0.000000] ACPI: LAPIC (acpi_id[0x15] lapic_id[0x2a] disabled)
[    0.000000] ACPI: LAPIC (acpi_id[0x16] lapic_id[0x2c] disabled)
[    0.000000] ACPI: LAPIC (acpi_id[0x17] lapic_id[0x2e] disabled)
[    0.000000] ACPI: LAPIC (acpi_id[0x18] lapic_id[0x30] disabled)
[    0.000000] ACPI: LAPIC (acpi_id[0x19] lapic_id[0x32] disabled)
[    0.000000] ACPI: LAPIC (acpi_id[0x1a] lapic_id[0x34] disabled)
[    0.000000] ACPI: LAPIC (acpi_id[0x1b] lapic_id[0x36] disabled)
[    0.000000] ACPI: LAPIC (acpi_id[0x1c] lapic_id[0x38] disabled)
[    0.000000] ACPI: LAPIC (acpi_id[0x1d] lapic_id[0x3a] disabled)
[    0.000000] ACPI: LAPIC (acpi_id[0x1e] lapic_id[0x3c] disabled)
[    0.000000] ACPI: LAPIC (acpi_id[0x1f] lapic_id[0x3e] disabled)
[    0.000000] ACPI: LAPIC (acpi_id[0x20] lapic_id[0x40] disabled)
[    0.000000] ACPI: LAPIC (acpi_id[0x21] lapic_id[0x42] disabled)
[    0.000000] ACPI: LAPIC (acpi_id[0x22] lapic_id[0x44] disabled)
[    0.000000] ACPI: LAPIC (acpi_id[0x23] lapic_id[0x46] disabled)
[    0.000000] ACPI: LAPIC (acpi_id[0x24] lapic_id[0x48] disabled)
[    0.000000] ACPI: LAPIC (acpi_id[0x25] lapic_id[0x4a] disabled)
[    0.000000] ACPI: LAPIC (acpi_id[0x26] lapic_id[0x4c] disabled)
[    0.000000] ACPI: LAPIC (acpi_id[0x27] lapic_id[0x4e] disabled)
[    0.000000] ACPI: LAPIC (acpi_id[0x28] lapic_id[0x50] disabled)
[    0.000000] ACPI: LAPIC (acpi_id[0x29] lapic_id[0x52] disabled)
[    0.000000] ACPI: LAPIC (acpi_id[0x2a] lapic_id[0x54] disabled)
[    0.000000] ACPI: LAPIC (acpi_id[0x2b] lapic_id[0x56] disabled)
[    0.000000] ACPI: LAPIC (acpi_id[0x2c] lapic_id[0x58] disabled)
[    0.000000] ACPI: LAPIC (acpi_id[0x2d] lapic_id[0x5a] disabled)
[    0.000000] ACPI: LAPIC (acpi_id[0x2e] lapic_id[0x5c] disabled)
[    0.000000] ACPI: LAPIC (acpi_id[0x2f] lapic_id[0x5e] disabled)
[    0.000000] ACPI: LAPIC (acpi_id[0x30] lapic_id[0x60] disabled)
[    0.000000] ACPI: LAPIC (acpi_id[0x31] lapic_id[0x62] disabled)
[    0.000000] ACPI: LAPIC (acpi_id[0x32] lapic_id[0x64] disabled)
[    0.000000] ACPI: LAPIC (acpi_id[0x33] lapic_id[0x66] disabled)
[    0.000000] ACPI: LAPIC (acpi_id[0x34] lapic_id[0x68] disabled)
[    0.000000] ACPI: LAPIC (acpi_id[0x35] lapic_id[0x6a] disabled)
[    0.000000] ACPI: LAPIC (acpi_id[0x36] lapic_id[0x6c] disabled)
[    0.000000] ACPI: LAPIC (acpi_id[0x37] lapic_id[0x6e] disabled)
[    0.000000] ACPI: LAPIC (acpi_id[0x38] lapic_id[0x70] disabled)
[    0.000000] ACPI: LAPIC (acpi_id[0x39] lapic_id[0x72] disabled)
[    0.000000] ACPI: LAPIC (acpi_id[0x3a] lapic_id[0x74] disabled)
[    0.000000] ACPI: LAPIC (acpi_id[0x3b] lapic_id[0x76] disabled)
[    0.000000] ACPI: LAPIC (acpi_id[0x3c] lapic_id[0x78] disabled)
[    0.000000] ACPI: LAPIC (acpi_id[0x3d] lapic_id[0x7a] disabled)
[    0.000000] ACPI: LAPIC (acpi_id[0x3e] lapic_id[0x7c] disabled)
[    0.000000] ACPI: LAPIC (acpi_id[0x3f] lapic_id[0x7e] disabled)
[    0.000000] ACPI: LAPIC_NMI (acpi_id[0x00] high edge lint[0x1])
[    0.000000] ACPI: LAPIC_NMI (acpi_id[0x01] high edge lint[0x1])
[    0.000000] ACPI: LAPIC_NMI (acpi_id[0x02] high edge lint[0x1])
[    0.000000] ACPI: LAPIC_NMI (acpi_id[0x03] high edge lint[0x1])
[    0.000000] ACPI: LAPIC_NMI (acpi_id[0x04] high edge lint[0x1])
[    0.000000] ACPI: LAPIC_NMI (acpi_id[0x05] high edge lint[0x1])
[    0.000000] ACPI: LAPIC_NMI (acpi_id[0x06] high edge lint[0x1])
[    0.000000] ACPI: LAPIC_NMI (acpi_id[0x07] high edge lint[0x1])
[    0.000000] ACPI: LAPIC_NMI (acpi_id[0x08] high edge lint[0x1])
[    0.000000] ACPI: LAPIC_NMI (acpi_id[0x09] high edge lint[0x1])
[    0.000000] ACPI: LAPIC_NMI (acpi_id[0x0a] high edge lint[0x1])
[    0.000000] ACPI: LAPIC_NMI (acpi_id[0x0b] high edge lint[0x1])
[    0.000000] ACPI: LAPIC_NMI (acpi_id[0x0c] high edge lint[0x1])
[    0.000000] ACPI: LAPIC_NMI (acpi_id[0x0d] high edge lint[0x1])
[    0.000000] ACPI: LAPIC_NMI (acpi_id[0x0e] high edge lint[0x1])
[    0.000000] ACPI: LAPIC_NMI (acpi_id[0x0f] high edge lint[0x1])
[    0.000000] ACPI: LAPIC_NMI (acpi_id[0x10] high edge lint[0x1])
[    0.000000] ACPI: LAPIC_NMI (acpi_id[0x11] high edge lint[0x1])
[    0.000000] ACPI: LAPIC_NMI (acpi_id[0x12] high edge lint[0x1])
[    0.000000] ACPI: LAPIC_NMI (acpi_id[0x13] high edge lint[0x1])
[    0.000000] ACPI: LAPIC_NMI (acpi_id[0x14] high edge lint[0x1])
[    0.000000] ACPI: LAPIC_NMI (acpi_id[0x15] high edge lint[0x1])
[    0.000000] ACPI: LAPIC_NMI (acpi_id[0x16] high edge lint[0x1])
[    0.000000] ACPI: LAPIC_NMI (acpi_id[0x17] high edge lint[0x1])
[    0.000000] ACPI: LAPIC_NMI (acpi_id[0x18] high edge lint[0x1])
[    0.000000] ACPI: LAPIC_NMI (acpi_id[0x19] high edge lint[0x1])
[    0.000000] ACPI: LAPIC_NMI (acpi_id[0x1a] high edge lint[0x1])
[    0.000000] ACPI: LAPIC_NMI (acpi_id[0x1b] high edge lint[0x1])
[    0.000000] ACPI: LAPIC_NMI (acpi_id[0x1c] high edge lint[0x1])
[    0.000000] ACPI: LAPIC_NMI (acpi_id[0x1d] high edge lint[0x1])
[    0.000000] ACPI: LAPIC_NMI (acpi_id[0x1e] high edge lint[0x1])
[    0.000000] ACPI: LAPIC_NMI (acpi_id[0x1f] high edge lint[0x1])
[    0.000000] ACPI: LAPIC_NMI (acpi_id[0x20] high edge lint[0x1])
[    0.000000] ACPI: LAPIC_NMI (acpi_id[0x21] high edge lint[0x1])
[    0.000000] ACPI: LAPIC_NMI (acpi_id[0x22] high edge lint[0x1])
[    0.000000] ACPI: LAPIC_NMI (acpi_id[0x23] high edge lint[0x1])
[    0.000000] ACPI: LAPIC_NMI (acpi_id[0x24] high edge lint[0x1])
[    0.000000] ACPI: LAPIC_NMI (acpi_id[0x25] high edge lint[0x1])
[    0.000000] ACPI: LAPIC_NMI (acpi_id[0x26] high edge lint[0x1])
[    0.000000] ACPI: LAPIC_NMI (acpi_id[0x27] high edge lint[0x1])
[    0.000000] ACPI: LAPIC_NMI (acpi_id[0x28] high edge lint[0x1])
[    0.000000] ACPI: LAPIC_NMI (acpi_id[0x29] high edge lint[0x1])
[    0.000000] ACPI: LAPIC_NMI (acpi_id[0x2a] high edge lint[0x1])
[    0.000000] ACPI: LAPIC_NMI (acpi_id[0x2b] high edge lint[0x1])
[    0.000000] ACPI: LAPIC_NMI (acpi_id[0x2c] high edge lint[0x1])
[    0.000000] ACPI: LAPIC_NMI (acpi_id[0x2d] high edge lint[0x1])
[    0.000000] ACPI: LAPIC_NMI (acpi_id[0x2e] high edge lint[0x1])
[    0.000000] ACPI: LAPIC_NMI (acpi_id[0x2f] high edge lint[0x1])
[    0.000000] ACPI: LAPIC_NMI (acpi_id[0x30] high edge lint[0x1])
[    0.000000] ACPI: LAPIC_NMI (acpi_id[0x31] high edge lint[0x1])
[    0.000000] ACPI: LAPIC_NMI (acpi_id[0x32] high edge lint[0x1])
[    0.000000] ACPI: LAPIC_NMI (acpi_id[0x33] high edge lint[0x1])
[    0.000000] ACPI: LAPIC_NMI (acpi_id[0x34] high edge lint[0x1])
[    0.000000] ACPI: LAPIC_NMI (acpi_id[0x35] high edge lint[0x1])
[    0.000000] ACPI: LAPIC_NMI (acpi_id[0x36] high edge lint[0x1])
[    0.000000] ACPI: LAPIC_NMI (acpi_id[0x37] high edge lint[0x1])
[    0.000000] ACPI: LAPIC_NMI (acpi_id[0x38] high edge lint[0x1])
[    0.000000] ACPI: LAPIC_NMI (acpi_id[0x39] high edge lint[0x1])
[    0.000000] ACPI: LAPIC_NMI (acpi_id[0x3a] high edge lint[0x1])
[    0.000000] ACPI: LAPIC_NMI (acpi_id[0x3b] high edge lint[0x1])
[    0.000000] ACPI: LAPIC_NMI (acpi_id[0x3c] high edge lint[0x1])
[    0.000000] ACPI: LAPIC_NMI (acpi_id[0x3d] high edge lint[0x1])
[    0.000000] ACPI: LAPIC_NMI (acpi_id[0x3e] high edge lint[0x1])
[    0.000000] ACPI: LAPIC_NMI (acpi_id[0x3f] high edge lint[0x1])
[    0.000000] ACPI: Skipping IOAPIC probe due to 'noapic' option.
[    0.000000] Using ACPI for processor (LAPIC) configuration information
[    0.000000] ACPI: HPET id: 0x8086af01 base: 0xfed00000
[    0.000000] Intel MultiProcessor Specification v1.4
[    0.000000]     Virtual Wire compatibility mode.
[    0.000000] MPTABLE: OEM ID: INTEL   
[    0.000000] MPTABLE: Product ID: 440BX       
[    0.000000] MPTABLE: APIC at: 0xFEE00000
[    0.000000] I/O APIC #1 Version 17 at 0xFEC00000.
[    0.000000] Processors: 1
[    0.000000] 64 Processors exceeds NR_CPUS limit of 8
[    0.000000] SMP: Allowing 8 CPUs, 7 hotplug CPUs
[    0.000000] nr_irqs_gsi: 24
[    0.000000] PM: Registered nosave memory: 000000000009f000 - 00000000000a0000
[    0.000000] PM: Registered nosave memory: 00000000000a0000 - 00000000000ca000
[    0.000000] PM: Registered nosave memory: 00000000000ca000 - 00000000000cc000
[    0.000000] PM: Registered nosave memory: 00000000000cc000 - 00000000000dc000
[    0.000000] PM: Registered nosave memory: 00000000000dc000 - 0000000000100000
[    0.000000] Allocating PCI resources starting at 40000000 (gap: 40000000:a0000000)
[    0.000000] Booting paravirtualized kernel on bare hardware
[    0.000000] NR_CPUS:8 nr_cpumask_bits:8 nr_cpu_ids:8 nr_node_ids:1
[    0.000000] PERCPU: Embedded 15 pages/cpu @c2400000 s39320 r0 d22120 u262144
[    0.000000] pcpu-alloc: s39320 r0 d22120 u262144 alloc=1*2097152
[    0.000000] pcpu-alloc: [0] 0 1 2 3 4 5 6 7 
[    0.000000] Built 1 zonelists in Zone order, mobility grouping on.  Total pages: 259950
[    0.000000] Kernel command line: BOOT_IMAGE=/boot/vmlinuz-2.6.32.57 root=UUID=007b598c-390d-4c65-84a1-4ff752d48633 ro quiet splash maxcpus=0
[    0.000000] PID hash table entries: 4096 (order: 2, 16384 bytes)
[    0.000000] Dentry cache hash table entries: 131072 (order: 7, 524288 bytes)
[    0.000000] Inode-cache hash table entries: 65536 (order: 6, 262144 bytes)
[    0.000000] Enabling fast FPU save and restore... done.
[    0.000000] Enabling unmasked SIMD FPU exception support... done.
[    0.000000] Initializing CPU#0
[    0.000000] xsave/xrstor: enabled xstate_bv 0x7, cntxt size 0x340
[    0.000000] allocated 5242560 bytes of page_cgroup
[    0.000000] please try 'cgroup_disable=memory' option if you don't want memory cgroups
[    0.000000] Initializing HighMem for node 0 (000379fe:00040000)
[    0.000000] Memory: 938260k/1048576k available (4839k kernel code, 108848k reserved, 2518k data, 652k init, 137096k highmem)
[    0.000000] virtual kernel memory layout:
[    0.000000]     fixmap  : 0xfff1e000 - 0xfffff000   ( 900 kB)
[    0.000000]     pkmap   : 0xffa00000 - 0xffc00000   (2048 kB)
[    0.000000]     vmalloc : 0xf81fe000 - 0xff9fe000   ( 120 MB)
[    0.000000]     lowmem  : 0xc0000000 - 0xf79fe000   ( 889 MB)
[    0.000000]       .init : 0xc1730000 - 0xc17d3000   ( 652 kB)
[    0.000000]       .data : 0xc14b9cce - 0xc172f764   (2518 kB)
[    0.000000]       .text : 0xc1000000 - 0xc14b9cce   (4839 kB)
[    0.000000] Checking if this processor honours the WP bit even in supervisor mode...Ok.
[    0.000000] SLUB: Genslabs=13, HWalign=64, Order=0-3, MinObjects=0, CPUs=8, Nodes=1
[    0.000000] Hierarchical RCU implementation.
[    0.000000] NR_IRQS:2304 nr_irqs:472
[    0.000000] Extended CMOS year: 2000
[    0.000000] Console: colour VGA+ 80x25
[    0.000000] console [tty0] enabled
[    0.000000] hpet clockevent registered
[    0.000000] TSC freq read from hypervisor : 2394.620 MHz
[    0.000000] Detected 2394.620 MHz processor.
[    0.000003] Calibrating delay loop (skipped) preset value.. 4789.24 BogoMIPS (lpj=9578480)
[    0.000011] Security Framework initialized
[    0.000014] SELinux:  Disabled at boot.
[    0.000018] Mount-cache hash table entries: 512
[    0.000114] Initializing cgroup subsys cpuacct
[    0.000117] Initializing cgroup subsys memory
[    0.000121] Initializing cgroup subsys devices
[    0.000122] Initializing cgroup subsys freezer
[    0.000148] CPU: Physical Processor ID: 0
[    0.000155] CPU: L1 I cache: 32K, L1 D cache: 32K
[    0.000156] CPU: L2 cache: 256K
[    0.000157] CPU: L3 cache: 4096K
[    0.000162] mce: CPU supports 0 MCE banks
[    0.000174] Performance Events: no PMU driver, software events only.
[    0.000183] Checking 'hlt' instruction... OK.
[    0.018421] SMP alternatives: switching to UP code
[    0.037004] ACPI: Core revision 20090903
[    0.043165] ACPI: setting ELCR to 0200 (from 0e20)
[    0.044184] ftrace: converting mcount calls to 0f 1f 44 00 00
[    0.044189] ftrace: allocating 22631 entries in 45 pages
[    0.061272] CANARY value: 85318f75 for PID: 1
[    0.061313] Not enabling x2apic, Intr-remapping init failed.
[    0.061314] Enabling APIC mode:  Flat.  Using 1 I/O APICs
[    0.061322] SMP mode deactivated.
[    0.061346] SMP disabled
[    0.061400] Brought up 1 CPUs
[    0.061402] Total of 1 processors activated (4789.24 BogoMIPS).
[    0.061406] CPU0 attaching NULL sched-domain.
[    0.061473] devtmpfs: initialized
[    0.061576] sysctl table check failed: /kernel/random/now_input .1.40.7 Unknown sysctl binary path
[    0.061816] Pid: 1, comm: swapper Not tainted 2.6.32.57 #4
[    0.061817] Call Trace:
[    0.061822]  [<c14a8a0e>] ? printk+0x1d/0x1f
[    0.061825]  [<c107b56f>] set_fail+0x4f/0x60
[    0.061827]  [<c107b8b3>] sysctl_check_table+0x333/0x620
[    0.061829]  [<c107b8cc>] sysctl_check_table+0x34c/0x620
[    0.061830]  [<c107b8cc>] sysctl_check_table+0x34c/0x620
[    0.061834]  [<c1746d48>] sysctl_init+0x25/0x29
[    0.061836]  [<c1003042>] do_one_initcall+0x32/0x1a0
[    0.061838]  [<c1746d23>] ? sysctl_init+0x0/0x29
[    0.061841]  [<c17308e7>] kernel_init+0x12d/0x17a
[    0.061842]  [<c17307ba>] ? kernel_init+0x0/0x17a
[    0.061845]  [<c1009b07>] kernel_thread_helper+0x7/0x10
[    0.061846] sysctl table check failed: /kernel/random/now_blocking .1.40.8 Unknown sysctl binary path
[    0.062075] Pid: 1, comm: swapper Not tainted 2.6.32.57 #4
[    0.062076] Call Trace:
[    0.062077]  [<c14a8a0e>] ? printk+0x1d/0x1f
[    0.062079]  [<c107b56f>] set_fail+0x4f/0x60
[    0.062080]  [<c107b8b3>] sysctl_check_table+0x333/0x620
[    0.062082]  [<c107b8cc>] sysctl_check_table+0x34c/0x620
[    0.062083]  [<c107b8cc>] sysctl_check_table+0x34c/0x620
[    0.062086]  [<c1746d48>] sysctl_init+0x25/0x29
[    0.062087]  [<c1003042>] do_one_initcall+0x32/0x1a0
[    0.062089]  [<c1746d23>] ? sysctl_init+0x0/0x29
[    0.062091]  [<c17308e7>] kernel_init+0x12d/0x17a
[    0.062092]  [<c17307ba>] ? kernel_init+0x0/0x17a
[    0.062094]  [<c1009b07>] kernel_thread_helper+0x7/0x10
[    0.062095] sysctl table check failed: /kernel/random/now_nonblocking .1.40.9 Unknown sysctl binary path
[    0.062356] Pid: 1, comm: swapper Not tainted 2.6.32.57 #4
[    0.062356] Call Trace:
[    0.062358]  [<c14a8a0e>] ? printk+0x1d/0x1f
[    0.062359]  [<c107b56f>] set_fail+0x4f/0x60
[    0.062361]  [<c107b8b3>] sysctl_check_table+0x333/0x620
[    0.062362]  [<c107b8cc>] sysctl_check_table+0x34c/0x620
[    0.062364]  [<c107b8cc>] sysctl_check_table+0x34c/0x620
[    0.062366]  [<c1746d48>] sysctl_init+0x25/0x29
[    0.062368]  [<c1003042>] do_one_initcall+0x32/0x1a0
[    0.062370]  [<c1746d23>] ? sysctl_init+0x0/0x29
[    0.062371]  [<c17308e7>] kernel_init+0x12d/0x17a
[    0.062373]  [<c17307ba>] ? kernel_init+0x0/0x17a
[    0.062374]  [<c1009b07>] kernel_thread_helper+0x7/0x10
[    0.062376] sysctl table check failed: /kernel/random/nb_input_bytes .1.40.10 Unknown sysctl binary path
[    0.062606] Pid: 1, comm: swapper Not tainted 2.6.32.57 #4
[    0.062606] Call Trace:
[    0.062608]  [<c14a8a0e>] ? printk+0x1d/0x1f
[    0.062609]  [<c107b56f>] set_fail+0x4f/0x60
[    0.062611]  [<c107b8b3>] sysctl_check_table+0x333/0x620
[    0.062612]  [<c107b8cc>] sysctl_check_table+0x34c/0x620
[    0.062614]  [<c107b8cc>] sysctl_check_table+0x34c/0x620
[    0.062616]  [<c1746d48>] sysctl_init+0x25/0x29
[    0.062617]  [<c1003042>] do_one_initcall+0x32/0x1a0
[    0.062619]  [<c1746d23>] ? sysctl_init+0x0/0x29
[    0.062621]  [<c17308e7>] kernel_init+0x12d/0x17a
[    0.062622]  [<c17307ba>] ? kernel_init+0x0/0x17a
[    0.062624]  [<c1009b07>] kernel_thread_helper+0x7/0x10
[    0.062625] sysctl table check failed: /kernel/random/nb_stir_count .1.40.11 Unknown sysctl binary path
[    0.062854] Pid: 1, comm: swapper Not tainted 2.6.32.57 #4
[    0.062855] Call Trace:
[    0.062856]  [<c14a8a0e>] ? printk+0x1d/0x1f
[    0.062858]  [<c107b56f>] set_fail+0x4f/0x60
[    0.062859]  [<c107b8b3>] sysctl_check_table+0x333/0x620
[    0.062861]  [<c107b8cc>] sysctl_check_table+0x34c/0x620
[    0.062862]  [<c107b8cc>] sysctl_check_table+0x34c/0x620
[    0.062865]  [<c1746d48>] sysctl_init+0x25/0x29
[    0.062866]  [<c1003042>] do_one_initcall+0x32/0x1a0
[    0.062868]  [<c1746d23>] ? sysctl_init+0x0/0x29
[    0.062870]  [<c17308e7>] kernel_init+0x12d/0x17a
[    0.062871]  [<c17307ba>] ? kernel_init+0x0/0x17a
[    0.062873]  [<c1009b07>] kernel_thread_helper+0x7/0x10
[    0.062874] sysctl table check failed: /kernel/random/nb_reentry_count .1.40.12 Unknown sysctl binary path
[    0.063104] Pid: 1, comm: swapper Not tainted 2.6.32.57 #4
[    0.063105] Call Trace:
[    0.063107]  [<c14a8a0e>] ? printk+0x1d/0x1f
[    0.063108]  [<c107b56f>] set_fail+0x4f/0x60
[    0.063109]  [<c107b8b3>] sysctl_check_table+0x333/0x620
[    0.063111]  [<c107b8cc>] sysctl_check_table+0x34c/0x620
[    0.063113]  [<c107b8cc>] sysctl_check_table+0x34c/0x620
[    0.063115]  [<c1746d48>] sysctl_init+0x25/0x29
[    0.063116]  [<c1003042>] do_one_initcall+0x32/0x1a0
[    0.063118]  [<c1746d23>] ? sysctl_init+0x0/0x29
[    0.063120]  [<c17308e7>] kernel_init+0x12d/0x17a
[    0.063121]  [<c17307ba>] ? kernel_init+0x0/0x17a
[    0.063123]  [<c1009b07>] kernel_thread_helper+0x7/0x10
[    0.063232] RANDOM - __seed init called.
[    0.063233] RANDOM - __seed init called.
[    0.063233] RANDOM - __seed init called.
[    0.063235] RANDOM - __random32 called. Change num 1.  Value: 97305ca5	7ac4e314	874f43ab
[    0.063236] RANDOM - __random32 called. Change num 2.  Value: 5ca5394	ac4e3148	8757a6ab
[    0.063246] RANDOM - __random32 called. Change num 3.  Value: a53949f7	c4e3148e	4d57bd52
[    0.063247] RANDOM - __random32 called. Change num 4.  Value: 949f7180	4e3148eb	7aa4fd4a
[    0.063249] RANDOM - __random32 called. Change num 5.  Value: f7180f55	e3148ebb	fa95f062
[    0.063250] RANDOM - __random32 called. Change num 6.  Value: 80f55ede	3148ebb7	e0c5c74e
[    0.063251] RANDOM - random32 init called.  Value: 80f55ede	3148ebb7	e0c5c74e
[    0.063267] regulator: core version 0.5
[    0.063328] Time: 22:49:23  Date: 05/24/13
[    0.063364] NET: Registered protocol family 16
[    0.063428] EISA bus registered
[    0.064160] ACPI: bus type pci registered
[    0.064290] PCI: MCFG configuration 0: base e0000000 segment 0 buses 0 - 255
[    0.064292] PCI: MCFG area at e0000000 reserved in E820
[    0.064293] PCI: Using MMCONFIG for extended config space
[    0.064294] PCI: Using configuration type 1 for base access
[    0.064778] bio: create slab <bio-0> at 0
[    0.065973] ACPI: EC: Look up EC in DSDT
[    0.101770] ACPI: BIOS _OSI(Linux) query ignored
[    0.107396] ACPI: Interpreter enabled
[    0.107400] ACPI: (supports S0 S1 S4 S5)
[    0.107411] ACPI: Using PIC for interrupt routing
[    0.196045] ACPI: No dock devices found.
[    0.196892] ACPI: PCI Root Bridge [PCI0] (0000:00)
[    0.198458] pci 0000:00:07.1: reg 20 io port: [0x10c0-0x10cf]
[    0.198971] pci 0000:00:07.3: quirk: region 1000-103f claimed by PIIX4 ACPI
[    0.198982] pci 0000:00:07.3: quirk: region 1040-104f claimed by PIIX4 SMB
[    0.199552] pci 0000:00:07.7: reg 10 io port: [0x1080-0x10bf]
[    0.199954] pci 0000:00:07.7: reg 14 64bit mmio: [0xc8000000-0xc8001fff]
[    0.201298] pci 0000:00:0f.0: reg 10 io port: [0x10d0-0x10df]
[    0.201344] pci 0000:00:0f.0: reg 14 32bit mmio pref: [0xd0000000-0xd7ffffff]
[    0.201386] pci 0000:00:0f.0: reg 18 32bit mmio: [0xc8800000-0xc8ffffff]
[    0.201551] pci 0000:00:0f.0: reg 30 32bit mmio pref: [0x000000-0x007fff]
[    0.202164] pci 0000:00:10.0: reg 10 io port: [0x1400-0x14ff]
[    0.202713] pci 0000:00:10.0: reg 14 64bit mmio: [0xc8040000-0xc805ffff]
[    0.203235] pci 0000:00:10.0: reg 1c 64bit mmio: [0xc8020000-0xc803ffff]
[    0.203333] pci 0000:00:10.0: reg 30 32bit mmio pref: [0x000000-0x003fff]
[    0.205066] pci 0000:00:15.0: PME# supported from D0 D3hot D3cold
[    0.205092] pci 0000:00:15.0: PME# disabled
[    0.206167] pci 0000:00:15.1: PME# supported from D0 D3hot D3cold
[    0.206194] pci 0000:00:15.1: PME# disabled
[    0.207304] pci 0000:00:15.2: PME# supported from D0 D3hot D3cold
[    0.207330] pci 0000:00:15.2: PME# disabled
[    0.208419] pci 0000:00:15.3: PME# supported from D0 D3hot D3cold
[    0.208442] pci 0000:00:15.3: PME# disabled
[    0.209397] pci 0000:00:15.4: PME# supported from D0 D3hot D3cold
[    0.209422] pci 0000:00:15.4: PME# disabled
[    0.210454] pci 0000:00:15.5: PME# supported from D0 D3hot D3cold
[    0.210479] pci 0000:00:15.5: PME# disabled
[    0.211503] pci 0000:00:15.6: PME# supported from D0 D3hot D3cold
[    0.211527] pci 0000:00:15.6: PME# disabled
[    0.212578] pci 0000:00:15.7: PME# supported from D0 D3hot D3cold
[    0.212603] pci 0000:00:15.7: PME# disabled
[    0.213702] pci 0000:00:16.0: PME# supported from D0 D3hot D3cold
[    0.213730] pci 0000:00:16.0: PME# disabled
[    0.214763] pci 0000:00:16.1: PME# supported from D0 D3hot D3cold
[    0.214788] pci 0000:00:16.1: PME# disabled
[    0.215831] pci 0000:00:16.2: PME# supported from D0 D3hot D3cold
[    0.215851] pci 0000:00:16.2: PME# disabled
[    0.216865] pci 0000:00:16.3: PME# supported from D0 D3hot D3cold
[    0.216890] pci 0000:00:16.3: PME# disabled
[    0.217928] pci 0000:00:16.4: PME# supported from D0 D3hot D3cold
[    0.217953] pci 0000:00:16.4: PME# disabled
[    0.219089] pci 0000:00:16.5: PME# supported from D0 D3hot D3cold
[    0.219117] pci 0000:00:16.5: PME# disabled
[    0.220246] pci 0000:00:16.6: PME# supported from D0 D3hot D3cold
[    0.220274] pci 0000:00:16.6: PME# disabled
[    0.221345] pci 0000:00:16.7: PME# supported from D0 D3hot D3cold
[    0.221369] pci 0000:00:16.7: PME# disabled
[    0.222426] pci 0000:00:17.0: PME# supported from D0 D3hot D3cold
[    0.222451] pci 0000:00:17.0: PME# disabled
[    0.223570] pci 0000:00:17.1: PME# supported from D0 D3hot D3cold
[    0.223596] pci 0000:00:17.1: PME# disabled
[    0.224727] pci 0000:00:17.2: PME# supported from D0 D3hot D3cold
[    0.224755] pci 0000:00:17.2: PME# disabled
[    0.225834] pci 0000:00:17.3: PME# supported from D0 D3hot D3cold
[    0.225856] pci 0000:00:17.3: PME# disabled
[    0.226722] pci 0000:00:17.4: PME# supported from D0 D3hot D3cold
[    0.226742] pci 0000:00:17.4: PME# disabled
[    0.227604] pci 0000:00:17.5: PME# supported from D0 D3hot D3cold
[    0.227624] pci 0000:00:17.5: PME# disabled
[    0.228524] pci 0000:00:17.6: PME# supported from D0 D3hot D3cold
[    0.228543] pci 0000:00:17.6: PME# disabled
[    0.229363] pci 0000:00:17.7: PME# supported from D0 D3hot D3cold
[    0.229382] pci 0000:00:17.7: PME# disabled
[    0.230210] pci 0000:00:18.0: PME# supported from D0 D3hot D3cold
[    0.230229] pci 0000:00:18.0: PME# disabled
[    0.231037] pci 0000:00:18.1: PME# supported from D0 D3hot D3cold
[    0.231065] pci 0000:00:18.1: PME# disabled
[    0.231872] pci 0000:00:18.2: PME# supported from D0 D3hot D3cold
[    0.231891] pci 0000:00:18.2: PME# disabled
[    0.232708] pci 0000:00:18.3: PME# supported from D0 D3hot D3cold
[    0.232727] pci 0000:00:18.3: PME# disabled
[    0.233552] pci 0000:00:18.4: PME# supported from D0 D3hot D3cold
[    0.233571] pci 0000:00:18.4: PME# disabled
[    0.234390] pci 0000:00:18.5: PME# supported from D0 D3hot D3cold
[    0.234409] pci 0000:00:18.5: PME# disabled
[    0.235237] pci 0000:00:18.6: PME# supported from D0 D3hot D3cold
[    0.235256] pci 0000:00:18.6: PME# disabled
[    0.236115] pci 0000:00:18.7: PME# supported from D0 D3hot D3cold
[    0.236134] pci 0000:00:18.7: PME# disabled
[    0.237257] pci 0000:02:00.0: reg 20 io port: [0x20c0-0x20df]
[    0.237721] pci 0000:02:01.0: reg 10 io port: [0x2000-0x207f]
[    0.237924] pci 0000:02:01.0: reg 30 32bit mmio pref: [0x000000-0x00ffff]
[    0.238477] pci 0000:02:02.0: reg 10 io port: [0x2080-0x20bf]
[    0.239045] pci 0000:02:03.0: reg 10 32bit mmio: [0xc9000000-0xc9000fff]
[    0.239590] pci 0000:00:11.0: transparent bridge
[    0.239621] pci 0000:00:11.0: bridge io port: [0x2000-0x3fff]
[    0.239641] pci 0000:00:11.0: bridge 32bit mmio: [0xc9000000-0xca3fffff]
[    0.239678] pci 0000:00:11.0: bridge 64bit mmio pref: [0xd8400000-0xd89fffff]
[    0.240050] pci 0000:00:15.0: bridge io port: [0x4000-0x4fff]
[    0.240070] pci 0000:00:15.0: bridge 32bit mmio: [0xca400000-0xca4fffff]
[    0.240109] pci 0000:00:15.0: bridge 64bit mmio pref: [0xd8a00000-0xd8afffff]
[    0.240459] pci 0000:00:15.1: bridge io port: [0x8000-0x8fff]
[    0.240478] pci 0000:00:15.1: bridge 32bit mmio: [0xca800000-0xca8fffff]
[    0.240513] pci 0000:00:15.1: bridge 64bit mmio pref: [0xd8e00000-0xd8efffff]
[    0.240847] pci 0000:00:15.2: bridge io port: [0xc000-0xcfff]
[    0.240866] pci 0000:00:15.2: bridge 32bit mmio: [0xcac00000-0xcacfffff]
[    0.240901] pci 0000:00:15.2: bridge 64bit mmio pref: [0xd9200000-0xd92fffff]
[    0.241284] pci 0000:00:15.3: bridge 32bit mmio: [0xcb000000-0xcb0fffff]
[    0.241320] pci 0000:00:15.3: bridge 64bit mmio pref: [0xd9600000-0xd96fffff]
[    0.241671] pci 0000:00:15.4: bridge 32bit mmio: [0xcb400000-0xcb4fffff]
[    0.241706] pci 0000:00:15.4: bridge 64bit mmio pref: [0xd9a00000-0xd9afffff]
[    0.242087] pci 0000:00:15.5: bridge 32bit mmio: [0xcb800000-0xcb8fffff]
[    0.242123] pci 0000:00:15.5: bridge 64bit mmio pref: [0xd9e00000-0xd9efffff]
[    0.242474] pci 0000:00:15.6: bridge 32bit mmio: [0xcbc00000-0xcbcfffff]
[    0.242509] pci 0000:00:15.6: bridge 64bit mmio pref: [0xda200000-0xda2fffff]
[    0.242859] pci 0000:00:15.7: bridge 32bit mmio: [0xcc000000-0xcc0fffff]
[    0.242895] pci 0000:00:15.7: bridge 64bit mmio pref: [0xda600000-0xda6fffff]
[    0.243255] pci 0000:00:16.0: bridge io port: [0x5000-0x5fff]
[    0.243274] pci 0000:00:16.0: bridge 32bit mmio: [0xca500000-0xca5fffff]
[    0.243310] pci 0000:00:16.0: bridge 64bit mmio pref: [0xd8b00000-0xd8bfffff]
[    0.243655] pci 0000:00:16.1: bridge io port: [0x9000-0x9fff]
[    0.243675] pci 0000:00:16.1: bridge 32bit mmio: [0xca900000-0xca9fffff]
[    0.243711] pci 0000:00:16.1: bridge 64bit mmio pref: [0xd8f00000-0xd8ffffff]
[    0.244072] pci 0000:00:16.2: bridge io port: [0xd000-0xdfff]
[    0.244091] pci 0000:00:16.2: bridge 32bit mmio: [0xcad00000-0xcadfffff]
[    0.244126] pci 0000:00:16.2: bridge 64bit mmio pref: [0xd9300000-0xd93fffff]
[    0.244477] pci 0000:00:16.3: bridge 32bit mmio: [0xcb100000-0xcb1fffff]
[    0.244512] pci 0000:00:16.3: bridge 64bit mmio pref: [0xd9700000-0xd97fffff]
[    0.244863] pci 0000:00:16.4: bridge 32bit mmio: [0xcb500000-0xcb5fffff]
[    0.244899] pci 0000:00:16.4: bridge 64bit mmio pref: [0xd9b00000-0xd9bfffff]
[    0.245280] pci 0000:00:16.5: bridge 32bit mmio: [0xcb900000-0xcb9fffff]
[    0.245316] pci 0000:00:16.5: bridge 64bit mmio pref: [0xd9f00000-0xd9ffffff]
[    0.245668] pci 0000:00:16.6: bridge 32bit mmio: [0xcbd00000-0xcbdfffff]
[    0.245704] pci 0000:00:16.6: bridge 64bit mmio pref: [0xda300000-0xda3fffff]
[    0.246078] pci 0000:00:16.7: bridge 32bit mmio: [0xcc100000-0xcc1fffff]
[    0.246113] pci 0000:00:16.7: bridge 64bit mmio pref: [0xda700000-0xda7fffff]
[    0.246448] pci 0000:00:17.0: bridge io port: [0x6000-0x6fff]
[    0.246466] pci 0000:00:17.0: bridge 32bit mmio: [0xca600000-0xca6fffff]
[    0.246502] pci 0000:00:17.0: bridge 64bit mmio pref: [0xd8c00000-0xd8cfffff]
[    0.246835] pci 0000:00:17.1: bridge io port: [0xa000-0xafff]
[    0.246854] pci 0000:00:17.1: bridge 32bit mmio: [0xcaa00000-0xcaafffff]
[    0.246890] pci 0000:00:17.1: bridge 64bit mmio pref: [0xd9000000-0xd90fffff]
[    0.247251] pci 0000:00:17.2: bridge io port: [0xe000-0xefff]
[    0.247270] pci 0000:00:17.2: bridge 32bit mmio: [0xcae00000-0xcaefffff]
[    0.247305] pci 0000:00:17.2: bridge 64bit mmio pref: [0xd9400000-0xd94fffff]
[    0.247666] pci 0000:00:17.3: bridge 32bit mmio: [0xcb200000-0xcb2fffff]
[    0.247703] pci 0000:00:17.3: bridge 64bit mmio pref: [0xd9800000-0xd98fffff]
[    0.248088] pci 0000:00:17.4: bridge 32bit mmio: [0xcb600000-0xcb6fffff]
[    0.248124] pci 0000:00:17.4: bridge 64bit mmio pref: [0xd9c00000-0xd9cfffff]
[    0.248476] pci 0000:00:17.5: bridge 32bit mmio: [0xcba00000-0xcbafffff]
[    0.248512] pci 0000:00:17.5: bridge 64bit mmio pref: [0xda000000-0xda0fffff]
[    0.248863] pci 0000:00:17.6: bridge 32bit mmio: [0xcbe00000-0xcbefffff]
[    0.248899] pci 0000:00:17.6: bridge 64bit mmio pref: [0xda400000-0xda4fffff]
[    0.249287] pci 0000:00:17.7: bridge 32bit mmio: [0xcc200000-0xcc2fffff]
[    0.249323] pci 0000:00:17.7: bridge 64bit mmio pref: [0xda800000-0xda8fffff]
[    0.249658] pci 0000:00:18.0: bridge io port: [0x7000-0x7fff]
[    0.249677] pci 0000:00:18.0: bridge 32bit mmio: [0xca700000-0xca7fffff]
[    0.249712] pci 0000:00:18.0: bridge 64bit mmio pref: [0xd8d00000-0xd8dfffff]
[    0.250077] pci 0000:00:18.1: bridge io port: [0xb000-0xbfff]
[    0.250096] pci 0000:00:18.1: bridge 32bit mmio: [0xcab00000-0xcabfffff]
[    0.250131] pci 0000:00:18.1: bridge 64bit mmio pref: [0xd9100000-0xd91fffff]
[    0.250466] pci 0000:00:18.2: bridge io port: [0xf000-0xffff]
[    0.250484] pci 0000:00:18.2: bridge 32bit mmio: [0xcaf00000-0xcaffffff]
[    0.250520] pci 0000:00:18.2: bridge 64bit mmio pref: [0xd9500000-0xd95fffff]
[    0.250871] pci 0000:00:18.3: bridge 32bit mmio: [0xcb300000-0xcb3fffff]
[    0.250906] pci 0000:00:18.3: bridge 64bit mmio pref: [0xd9900000-0xd99fffff]
[    0.251283] pci 0000:00:18.4: bridge 32bit mmio: [0xcb700000-0xcb7fffff]
[    0.251319] pci 0000:00:18.4: bridge 64bit mmio pref: [0xd9d00000-0xd9dfffff]
[    0.251679] pci 0000:00:18.5: bridge 32bit mmio: [0xcbb00000-0xcbbfffff]
[    0.251714] pci 0000:00:18.5: bridge 64bit mmio pref: [0xda100000-0xda1fffff]
[    0.252115] pci 0000:00:18.6: bridge 32bit mmio: [0xcbf00000-0xcbffffff]
[    0.252154] pci 0000:00:18.6: bridge 64bit mmio pref: [0xda500000-0xda5fffff]
[    0.252515] pci 0000:00:18.7: bridge 32bit mmio: [0xcc300000-0xcc3fffff]
[    0.252550] pci 0000:00:18.7: bridge 64bit mmio pref: [0xda900000-0xda9fffff]
[    0.253951] pci_bus 0000:00: on NUMA node 0
[    0.253958] ACPI: PCI Interrupt Routing Table [\_SB_.PCI0._PRT]
[    0.471360] ACPI: PCI Interrupt Link [LNKA] (IRQs 3 4 5 6 7 *9 10 11 14 15)
[    0.471510] ACPI: PCI Interrupt Link [LNKB] (IRQs 3 4 5 6 7 9 10 *11 14 15)
[    0.471677] ACPI: PCI Interrupt Link [LNKC] (IRQs 3 4 5 6 7 9 *10 11 14 15)
[    0.471835] ACPI: PCI Interrupt Link [LNKD] (IRQs 3 4 *5 6 7 9 10 11 14 15)
[    0.471966] vgaarb: device added: PCI:0000:00:0f.0,decodes=io+mem,owns=io+mem,locks=none
[    0.471975] vgaarb: loaded
[    0.472060] SCSI subsystem initialized
[    0.472102] libata version 3.00 loaded.
[    0.472141] usbcore: registered new interface driver usbfs
[    0.472152] usbcore: registered new interface driver hub
[    0.472167] usbcore: registered new device driver usb
[    0.472231] PCI: Using ACPI for IRQ routing
[    0.473247] NetLabel: Initializing
[    0.473248] NetLabel:  domain hash size = 128
[    0.473249] NetLabel:  protocols = UNLABELED CIPSOv4
[    0.473256] NetLabel:  unlabeled traffic allowed by default
[    0.473289] hpet0: at MMIO 0xfed00000, IRQs 2, 8, 0, 0, 0, 0, 0, 0, 0, 0, 0, 0, 0, 0, 0, 0
[    0.473294] hpet0: 16 comparators, 64-bit 14.318180 MHz counter
[    0.475375] Switching to clocksource tsc
[    0.482477] pnp: PnP ACPI init
[    0.482488] ACPI: bus type pnp registered
[    0.524339] pnp: PnP ACPI: found 14 devices
[    0.524342] ACPI: ACPI bus type pnp unregistered
[    0.524345] PnPBIOS: Disabled by ACPI PNP
[    0.524355] system 00:01: ioport range 0x1000-0x103f has been reserved
[    0.524356] system 00:01: ioport range 0x1040-0x104f has been reserved
[    0.524358] system 00:01: ioport range 0xcf0-0xcf1 has been reserved
[    0.524364] system 00:08: iomem range 0xfed00000-0xfed003ff has been reserved
[    0.524367] system 00:0d: ioport range 0x1060-0x107f has been reserved
[    0.524370] system 00:0d: iomem range 0xe0000000-0xefffffff has been reserved
[    0.524371] system 00:0d: iomem range 0xc8200000-0xc83fffff has been reserved
[    0.559343] pci 0000:00:15.3: BAR 13: can't allocate I/O resource [0x10000-0xffff]
[    0.559348] pci 0000:00:15.4: BAR 13: can't allocate I/O resource [0x10000-0xffff]
[    0.559350] pci 0000:00:15.5: BAR 13: can't allocate I/O resource [0x10000-0xffff]
[    0.559353] pci 0000:00:15.6: BAR 13: can't allocate I/O resource [0x10000-0xffff]
[    0.559356] pci 0000:00:15.7: BAR 13: can't allocate I/O resource [0x10000-0xffff]
[    0.559358] pci 0000:00:16.3: BAR 13: can't allocate I/O resource [0x10000-0xffff]
[    0.559361] pci 0000:00:16.4: BAR 13: can't allocate I/O resource [0x10000-0xffff]
[    0.559364] pci 0000:00:16.5: BAR 13: can't allocate I/O resource [0x10000-0xffff]
[    0.559366] pci 0000:00:16.6: BAR 13: can't allocate I/O resource [0x10000-0xffff]
[    0.559369] pci 0000:00:16.7: BAR 13: can't allocate I/O resource [0x10000-0xffff]
[    0.559371] pci 0000:00:17.3: BAR 13: can't allocate I/O resource [0x10000-0xffff]
[    0.559374] pci 0000:00:17.4: BAR 13: can't allocate I/O resource [0x10000-0xffff]
[    0.559377] pci 0000:00:17.5: BAR 13: can't allocate I/O resource [0x10000-0xffff]
[    0.559379] pci 0000:00:17.6: BAR 13: can't allocate I/O resource [0x10000-0xffff]
[    0.559382] pci 0000:00:17.7: BAR 13: can't allocate I/O resource [0x10000-0xffff]
[    0.559385] pci 0000:00:18.3: BAR 13: can't allocate I/O resource [0x10000-0xffff]
[    0.559387] pci 0000:00:18.4: BAR 13: can't allocate I/O resource [0x10000-0xffff]
[    0.559390] pci 0000:00:18.5: BAR 13: can't allocate I/O resource [0x10000-0xffff]
[    0.559393] pci 0000:00:18.6: BAR 13: can't allocate I/O resource [0x10000-0xffff]
[    0.559395] pci 0000:00:18.7: BAR 13: can't allocate I/O resource [0x10000-0xffff]
[    0.559397] pci 0000:00:01.0: PCI bridge, secondary bus 0000:01
[    0.559399] pci 0000:00:01.0:   IO window: disabled
[    0.559427] pci 0000:00:01.0:   MEM window: disabled
[    0.559446] pci 0000:00:01.0:   PREFETCH window: disabled
[    0.559483] pci 0000:00:11.0: PCI bridge, secondary bus 0000:02
[    0.559494] pci 0000:00:11.0:   IO window: 0x2000-0x3fff
[    0.559522] pci 0000:00:11.0:   MEM window: 0xc9000000-0xca3fffff
[    0.559542] pci 0000:00:11.0:   PREFETCH window: 0x000000d8400000-0x000000d89fffff
[    0.559578] pci 0000:00:15.0: PCI bridge, secondary bus 0000:03
[    0.559588] pci 0000:00:15.0:   IO window: 0x4000-0x4fff
[    0.559616] pci 0000:00:15.0:   MEM window: 0xca400000-0xca4fffff
[    0.559635] pci 0000:00:15.0:   PREFETCH window: 0x000000d8a00000-0x000000d8afffff
[    0.559681] pci 0000:00:15.1: PCI bridge, secondary bus 0000:04
[    0.559693] pci 0000:00:15.1:   IO window: 0x8000-0x8fff
[    0.559720] pci 0000:00:15.1:   MEM window: 0xca800000-0xca8fffff
[    0.559739] pci 0000:00:15.1:   PREFETCH window: 0x000000d8e00000-0x000000d8efffff
[    0.559780] pci 0000:00:15.2: PCI bridge, secondary bus 0000:05
[    0.559791] pci 0000:00:15.2:   IO window: 0xc000-0xcfff
[    0.559818] pci 0000:00:15.2:   MEM window: 0xcac00000-0xcacfffff
[    0.559855] pci 0000:00:15.2:   PREFETCH window: 0x000000d9200000-0x000000d92fffff
[    0.559908] pci 0000:00:15.3: PCI bridge, secondary bus 0000:06
[    0.559909] pci 0000:00:15.3:   IO window: disabled
[    0.559937] pci 0000:00:15.3:   MEM window: 0xcb000000-0xcb0fffff
[    0.559956] pci 0000:00:15.3:   PREFETCH window: 0x000000d9600000-0x000000d96fffff
[    0.559996] pci 0000:00:15.4: PCI bridge, secondary bus 0000:07
[    0.559998] pci 0000:00:15.4:   IO window: disabled
[    0.560025] pci 0000:00:15.4:   MEM window: 0xcb400000-0xcb4fffff
[    0.560045] pci 0000:00:15.4:   PREFETCH window: 0x000000d9a00000-0x000000d9afffff
[    0.560084] pci 0000:00:15.5: PCI bridge, secondary bus 0000:08
[    0.560086] pci 0000:00:15.5:   IO window: disabled
[    0.560114] pci 0000:00:15.5:   MEM window: 0xcb800000-0xcb8fffff
[    0.560133] pci 0000:00:15.5:   PREFETCH window: 0x000000d9e00000-0x000000d9efffff
[    0.560173] pci 0000:00:15.6: PCI bridge, secondary bus 0000:09
[    0.560174] pci 0000:00:15.6:   IO window: disabled
[    0.560202] pci 0000:00:15.6:   MEM window: 0xcbc00000-0xcbcfffff
[    0.560221] pci 0000:00:15.6:   PREFETCH window: 0x000000da200000-0x000000da2fffff
[    0.560260] pci 0000:00:15.7: PCI bridge, secondary bus 0000:0a
[    0.560262] pci 0000:00:15.7:   IO window: disabled
[    0.560290] pci 0000:00:15.7:   MEM window: 0xcc000000-0xcc0fffff
[    0.560309] pci 0000:00:15.7:   PREFETCH window: 0x000000da600000-0x000000da6fffff
[    0.560348] pci 0000:00:16.0: PCI bridge, secondary bus 0000:0b
[    0.560360] pci 0000:00:16.0:   IO window: 0x5000-0x5fff
[    0.560387] pci 0000:00:16.0:   MEM window: 0xca500000-0xca5fffff
[    0.560406] pci 0000:00:16.0:   PREFETCH window: 0x000000d8b00000-0x000000d8bfffff
[    0.560446] pci 0000:00:16.1: PCI bridge, secondary bus 0000:0c
[    0.560457] pci 0000:00:16.1:   IO window: 0x9000-0x9fff
[    0.560484] pci 0000:00:16.1:   MEM window: 0xca900000-0xca9fffff
[    0.560504] pci 0000:00:16.1:   PREFETCH window: 0x000000d8f00000-0x000000d8ffffff
[    0.560543] pci 0000:00:16.2: PCI bridge, secondary bus 0000:0d
[    0.560554] pci 0000:00:16.2:   IO window: 0xd000-0xdfff
[    0.560582] pci 0000:00:16.2:   MEM window: 0xcad00000-0xcadfffff
[    0.560601] pci 0000:00:16.2:   PREFETCH window: 0x000000d9300000-0x000000d93fffff
[    0.560640] pci 0000:00:16.3: PCI bridge, secondary bus 0000:0e
[    0.560642] pci 0000:00:16.3:   IO window: disabled
[    0.560670] pci 0000:00:16.3:   MEM window: 0xcb100000-0xcb1fffff
[    0.560689] pci 0000:00:16.3:   PREFETCH window: 0x000000d9700000-0x000000d97fffff
[    0.560728] pci 0000:00:16.4: PCI bridge, secondary bus 0000:0f
[    0.560730] pci 0000:00:16.4:   IO window: disabled
[    0.560758] pci 0000:00:16.4:   MEM window: 0xcb500000-0xcb5fffff
[    0.560777] pci 0000:00:16.4:   PREFETCH window: 0x000000d9b00000-0x000000d9bfffff
[    0.560816] pci 0000:00:16.5: PCI bridge, secondary bus 0000:10
[    0.560818] pci 0000:00:16.5:   IO window: disabled
[    0.560856] pci 0000:00:16.5:   MEM window: 0xcb900000-0xcb9fffff
[    0.560877] pci 0000:00:16.5:   PREFETCH window: 0x000000d9f00000-0x000000d9ffffff
[    0.560926] pci 0000:00:16.6: PCI bridge, secondary bus 0000:11
[    0.560927] pci 0000:00:16.6:   IO window: disabled
[    0.560955] pci 0000:00:16.6:   MEM window: 0xcbd00000-0xcbdfffff
[    0.560974] pci 0000:00:16.6:   PREFETCH window: 0x000000da300000-0x000000da3fffff
[    0.561014] pci 0000:00:16.7: PCI bridge, secondary bus 0000:12
[    0.561015] pci 0000:00:16.7:   IO window: disabled
[    0.561043] pci 0000:00:16.7:   MEM window: 0xcc100000-0xcc1fffff
[    0.561062] pci 0000:00:16.7:   PREFETCH window: 0x000000da700000-0x000000da7fffff
[    0.561101] pci 0000:00:17.0: PCI bridge, secondary bus 0000:13
[    0.561112] pci 0000:00:17.0:   IO window: 0x6000-0x6fff
[    0.561140] pci 0000:00:17.0:   MEM window: 0xca600000-0xca6fffff
[    0.561159] pci 0000:00:17.0:   PREFETCH window: 0x000000d8c00000-0x000000d8cfffff
[    0.561199] pci 0000:00:17.1: PCI bridge, secondary bus 0000:14
[    0.561210] pci 0000:00:17.1:   IO window: 0xa000-0xafff
[    0.561237] pci 0000:00:17.1:   MEM window: 0xcaa00000-0xcaafffff
[    0.561256] pci 0000:00:17.1:   PREFETCH window: 0x000000d9000000-0x000000d90fffff
[    0.561296] pci 0000:00:17.2: PCI bridge, secondary bus 0000:15
[    0.561307] pci 0000:00:17.2:   IO window: 0xe000-0xefff
[    0.561335] pci 0000:00:17.2:   MEM window: 0xcae00000-0xcaefffff
[    0.561354] pci 0000:00:17.2:   PREFETCH window: 0x000000d9400000-0x000000d94fffff
[    0.561393] pci 0000:00:17.3: PCI bridge, secondary bus 0000:16
[    0.561395] pci 0000:00:17.3:   IO window: disabled
[    0.561422] pci 0000:00:17.3:   MEM window: 0xcb200000-0xcb2fffff
[    0.561442] pci 0000:00:17.3:   PREFETCH window: 0x000000d9800000-0x000000d98fffff
[    0.561481] pci 0000:00:17.4: PCI bridge, secondary bus 0000:17
[    0.561483] pci 0000:00:17.4:   IO window: disabled
[    0.561510] pci 0000:00:17.4:   MEM window: 0xcb600000-0xcb6fffff
[    0.561530] pci 0000:00:17.4:   PREFETCH window: 0x000000d9c00000-0x000000d9cfffff
[    0.561569] pci 0000:00:17.5: PCI bridge, secondary bus 0000:18
[    0.561571] pci 0000:00:17.5:   IO window: disabled
[    0.561598] pci 0000:00:17.5:   MEM window: 0xcba00000-0xcbafffff
[    0.561618] pci 0000:00:17.5:   PREFETCH window: 0x000000da000000-0x000000da0fffff
[    0.561657] pci 0000:00:17.6: PCI bridge, secondary bus 0000:19
[    0.561659] pci 0000:00:17.6:   IO window: disabled
[    0.561686] pci 0000:00:17.6:   MEM window: 0xcbe00000-0xcbefffff
[    0.561705] pci 0000:00:17.6:   PREFETCH window: 0x000000da400000-0x000000da4fffff
[    0.561745] pci 0000:00:17.7: PCI bridge, secondary bus 0000:1a
[    0.561746] pci 0000:00:17.7:   IO window: disabled
[    0.561774] pci 0000:00:17.7:   MEM window: 0xcc200000-0xcc2fffff
[    0.561793] pci 0000:00:17.7:   PREFETCH window: 0x000000da800000-0x000000da8fffff
[    0.561840] pci 0000:00:18.0: PCI bridge, secondary bus 0000:1b
[    0.561860] pci 0000:00:18.0:   IO window: 0x7000-0x7fff
[    0.561890] pci 0000:00:18.0:   MEM window: 0xca700000-0xca7fffff
[    0.561910] pci 0000:00:18.0:   PREFETCH window: 0x000000d8d00000-0x000000d8dfffff
[    0.561953] pci 0000:00:18.1: PCI bridge, secondary bus 0000:1c
[    0.561964] pci 0000:00:18.1:   IO window: 0xb000-0xbfff
[    0.562002] pci 0000:00:18.1:   MEM window: 0xcab00000-0xcabfffff
[    0.562022] pci 0000:00:18.1:   PREFETCH window: 0x000000d9100000-0x000000d91fffff
[    0.562061] pci 0000:00:18.2: PCI bridge, secondary bus 0000:1d
[    0.562072] pci 0000:00:18.2:   IO window: 0xf000-0xffff
[    0.562100] pci 0000:00:18.2:   MEM window: 0xcaf00000-0xcaffffff
[    0.562119] pci 0000:00:18.2:   PREFETCH window: 0x000000d9500000-0x000000d95fffff
[    0.562159] pci 0000:00:18.3: PCI bridge, secondary bus 0000:1e
[    0.562160] pci 0000:00:18.3:   IO window: disabled
[    0.562188] pci 0000:00:18.3:   MEM window: 0xcb300000-0xcb3fffff
[    0.562207] pci 0000:00:18.3:   PREFETCH window: 0x000000d9900000-0x000000d99fffff
[    0.562247] pci 0000:00:18.4: PCI bridge, secondary bus 0000:1f
[    0.562248] pci 0000:00:18.4:   IO window: disabled
[    0.562276] pci 0000:00:18.4:   MEM window: 0xcb700000-0xcb7fffff
[    0.562295] pci 0000:00:18.4:   PREFETCH window: 0x000000d9d00000-0x000000d9dfffff
[    0.562334] pci 0000:00:18.5: PCI bridge, secondary bus 0000:20
[    0.562336] pci 0000:00:18.5:   IO window: disabled
[    0.562363] pci 0000:00:18.5:   MEM window: 0xcbb00000-0xcbbfffff
[    0.562383] pci 0000:00:18.5:   PREFETCH window: 0x000000da100000-0x000000da1fffff
[    0.562422] pci 0000:00:18.6: PCI bridge, secondary bus 0000:21
[    0.562424] pci 0000:00:18.6:   IO window: disabled
[    0.562451] pci 0000:00:18.6:   MEM window: 0xcbf00000-0xcbffffff
[    0.562470] pci 0000:00:18.6:   PREFETCH window: 0x000000da500000-0x000000da5fffff
[    0.562510] pci 0000:00:18.7: PCI bridge, secondary bus 0000:22
[    0.562511] pci 0000:00:18.7:   IO window: disabled
[    0.562539] pci 0000:00:18.7:   MEM window: 0xcc300000-0xcc3fffff
[    0.562558] pci 0000:00:18.7:   PREFETCH window: 0x000000da900000-0x000000da9fffff
[    0.562614] pci 0000:00:01.0: setting latency timer to 64
[    0.562671] pci 0000:00:15.0: setting latency timer to 64
[    0.562727] pci 0000:00:15.1: setting latency timer to 64
[    0.562783] pci 0000:00:15.2: setting latency timer to 64
[    0.562839] pci 0000:00:15.3: setting latency timer to 64
[    0.562895] pci 0000:00:15.4: setting latency timer to 64
[    0.562952] pci 0000:00:15.5: setting latency timer to 64
[    0.563008] pci 0000:00:15.6: setting latency timer to 64
[    0.563064] pci 0000:00:15.7: setting latency timer to 64
[    0.563120] pci 0000:00:16.0: setting latency timer to 64
[    0.563177] pci 0000:00:16.1: setting latency timer to 64
[    0.563233] pci 0000:00:16.2: setting latency timer to 64
[    0.563301] pci 0000:00:16.3: setting latency timer to 64
[    0.563358] pci 0000:00:16.4: setting latency timer to 64
[    0.563414] pci 0000:00:16.5: setting latency timer to 64
[    0.563470] pci 0000:00:16.6: setting latency timer to 64
[    0.563526] pci 0000:00:16.7: setting latency timer to 64
[    0.563583] pci 0000:00:17.0: setting latency timer to 64
[    0.563639] pci 0000:00:17.1: setting latency timer to 64
[    0.563695] pci 0000:00:17.2: setting latency timer to 64
[    0.563751] pci 0000:00:17.3: setting latency timer to 64
[    0.563807] pci 0000:00:17.4: setting latency timer to 64
[    0.563864] pci 0000:00:17.5: setting latency timer to 64
[    0.563920] pci 0000:00:17.6: setting latency timer to 64
[    0.563976] pci 0000:00:17.7: setting latency timer to 64
[    0.564032] pci 0000:00:18.0: setting latency timer to 64
[    0.564089] pci 0000:00:18.1: setting latency timer to 64
[    0.564145] pci 0000:00:18.2: setting latency timer to 64
[    0.564201] pci 0000:00:18.3: setting latency timer to 64
[    0.564257] pci 0000:00:18.4: setting latency timer to 64
[    0.564314] pci 0000:00:18.5: setting latency timer to 64
[    0.564370] pci 0000:00:18.6: setting latency timer to 64
[    0.564426] pci 0000:00:18.7: setting latency timer to 64
[    0.564437] pci_bus 0000:00: resource 0 io:  [0x00-0xffff]
[    0.564440] pci_bus 0000:00: resource 1 mem: [0x000000-0xffffffffffffffff]
[    0.564442] pci_bus 0000:02: resource 0 io:  [0x2000-0x3fff]
[    0.564444] pci_bus 0000:02: resource 1 mem: [0xc9000000-0xca3fffff]
[    0.564446] pci_bus 0000:02: resource 2 pref mem [0xd8400000-0xd89fffff]
[    0.564447] pci_bus 0000:02: resource 3 io:  [0x00-0xffff]
[    0.564449] pci_bus 0000:02: resource 4 mem: [0x000000-0xffffffffffffffff]
[    0.564451] pci_bus 0000:03: resource 0 io:  [0x4000-0x4fff]
[    0.564453] pci_bus 0000:03: resource 1 mem: [0xca400000-0xca4fffff]
[    0.564455] pci_bus 0000:03: resource 2 pref mem [0xd8a00000-0xd8afffff]
[    0.564457] pci_bus 0000:04: resource 0 io:  [0x8000-0x8fff]
[    0.564458] pci_bus 0000:04: resource 1 mem: [0xca800000-0xca8fffff]
[    0.564460] pci_bus 0000:04: resource 2 pref mem [0xd8e00000-0xd8efffff]
[    0.564462] pci_bus 0000:05: resource 0 io:  [0xc000-0xcfff]
[    0.564464] pci_bus 0000:05: resource 1 mem: [0xcac00000-0xcacfffff]
[    0.564465] pci_bus 0000:05: resource 2 pref mem [0xd9200000-0xd92fffff]
[    0.564467] pci_bus 0000:06: resource 1 mem: [0xcb000000-0xcb0fffff]
[    0.564469] pci_bus 0000:06: resource 2 pref mem [0xd9600000-0xd96fffff]
[    0.564471] pci_bus 0000:07: resource 1 mem: [0xcb400000-0xcb4fffff]
[    0.564473] pci_bus 0000:07: resource 2 pref mem [0xd9a00000-0xd9afffff]
[    0.564475] pci_bus 0000:08: resource 1 mem: [0xcb800000-0xcb8fffff]
[    0.564476] pci_bus 0000:08: resource 2 pref mem [0xd9e00000-0xd9efffff]
[    0.564478] pci_bus 0000:09: resource 1 mem: [0xcbc00000-0xcbcfffff]
[    0.564480] pci_bus 0000:09: resource 2 pref mem [0xda200000-0xda2fffff]
[    0.564482] pci_bus 0000:0a: resource 1 mem: [0xcc000000-0xcc0fffff]
[    0.564484] pci_bus 0000:0a: resource 2 pref mem [0xda600000-0xda6fffff]
[    0.564486] pci_bus 0000:0b: resource 0 io:  [0x5000-0x5fff]
[    0.564487] pci_bus 0000:0b: resource 1 mem: [0xca500000-0xca5fffff]
[    0.564489] pci_bus 0000:0b: resource 2 pref mem [0xd8b00000-0xd8bfffff]
[    0.564491] pci_bus 0000:0c: resource 0 io:  [0x9000-0x9fff]
[    0.564493] pci_bus 0000:0c: resource 1 mem: [0xca900000-0xca9fffff]
[    0.564494] pci_bus 0000:0c: resource 2 pref mem [0xd8f00000-0xd8ffffff]
[    0.564496] pci_bus 0000:0d: resource 0 io:  [0xd000-0xdfff]
[    0.564498] pci_bus 0000:0d: resource 1 mem: [0xcad00000-0xcadfffff]
[    0.564500] pci_bus 0000:0d: resource 2 pref mem [0xd9300000-0xd93fffff]
[    0.564502] pci_bus 0000:0e: resource 1 mem: [0xcb100000-0xcb1fffff]
[    0.564503] pci_bus 0000:0e: resource 2 pref mem [0xd9700000-0xd97fffff]
[    0.564505] pci_bus 0000:0f: resource 1 mem: [0xcb500000-0xcb5fffff]
[    0.564507] pci_bus 0000:0f: resource 2 pref mem [0xd9b00000-0xd9bfffff]
[    0.564509] pci_bus 0000:10: resource 1 mem: [0xcb900000-0xcb9fffff]
[    0.564511] pci_bus 0000:10: resource 2 pref mem [0xd9f00000-0xd9ffffff]
[    0.564512] pci_bus 0000:11: resource 1 mem: [0xcbd00000-0xcbdfffff]
[    0.564514] pci_bus 0000:11: resource 2 pref mem [0xda300000-0xda3fffff]
[    0.564516] pci_bus 0000:12: resource 1 mem: [0xcc100000-0xcc1fffff]
[    0.564518] pci_bus 0000:12: resource 2 pref mem [0xda700000-0xda7fffff]
[    0.564541] pci_bus 0000:13: resource 0 io:  [0x6000-0x6fff]
[    0.564543] pci_bus 0000:13: resource 1 mem: [0xca600000-0xca6fffff]
[    0.564545] pci_bus 0000:13: resource 2 pref mem [0xd8c00000-0xd8cfffff]
[    0.564547] pci_bus 0000:14: resource 0 io:  [0xa000-0xafff]
[    0.564549] pci_bus 0000:14: resource 1 mem: [0xcaa00000-0xcaafffff]
[    0.564569] pci_bus 0000:14: resource 2 pref mem [0xd9000000-0xd90fffff]
[    0.564572] pci_bus 0000:15: resource 0 io:  [0xe000-0xefff]
[    0.564573] pci_bus 0000:15: resource 1 mem: [0xcae00000-0xcaefffff]
[    0.564584] pci_bus 0000:15: resource 2 pref mem [0xd9400000-0xd94fffff]
[    0.564586] pci_bus 0000:16: resource 1 mem: [0xcb200000-0xcb2fffff]
[    0.564588] pci_bus 0000:16: resource 2 pref mem [0xd9800000-0xd98fffff]
[    0.564590] pci_bus 0000:17: resource 1 mem: [0xcb600000-0xcb6fffff]
[    0.564591] pci_bus 0000:17: resource 2 pref mem [0xd9c00000-0xd9cfffff]
[    0.564593] pci_bus 0000:18: resource 1 mem: [0xcba00000-0xcbafffff]
[    0.564595] pci_bus 0000:18: resource 2 pref mem [0xda000000-0xda0fffff]
[    0.564597] pci_bus 0000:19: resource 1 mem: [0xcbe00000-0xcbefffff]
[    0.564599] pci_bus 0000:19: resource 2 pref mem [0xda400000-0xda4fffff]
[    0.564600] pci_bus 0000:1a: resource 1 mem: [0xcc200000-0xcc2fffff]
[    0.564602] pci_bus 0000:1a: resource 2 pref mem [0xda800000-0xda8fffff]
[    0.564604] pci_bus 0000:1b: resource 0 io:  [0x7000-0x7fff]
[    0.564606] pci_bus 0000:1b: resource 1 mem: [0xca700000-0xca7fffff]
[    0.564608] pci_bus 0000:1b: resource 2 pref mem [0xd8d00000-0xd8dfffff]
[    0.564609] pci_bus 0000:1c: resource 0 io:  [0xb000-0xbfff]
[    0.564611] pci_bus 0000:1c: resource 1 mem: [0xcab00000-0xcabfffff]
[    0.564613] pci_bus 0000:1c: resource 2 pref mem [0xd9100000-0xd91fffff]
[    0.564615] pci_bus 0000:1d: resource 0 io:  [0xf000-0xffff]
[    0.564616] pci_bus 0000:1d: resource 1 mem: [0xcaf00000-0xcaffffff]
[    0.564618] pci_bus 0000:1d: resource 2 pref mem [0xd9500000-0xd95fffff]
[    0.564620] pci_bus 0000:1e: resource 1 mem: [0xcb300000-0xcb3fffff]
[    0.564622] pci_bus 0000:1e: resource 2 pref mem [0xd9900000-0xd99fffff]
[    0.564624] pci_bus 0000:1f: resource 1 mem: [0xcb700000-0xcb7fffff]
[    0.564625] pci_bus 0000:1f: resource 2 pref mem [0xd9d00000-0xd9dfffff]
[    0.564627] pci_bus 0000:20: resource 1 mem: [0xcbb00000-0xcbbfffff]
[    0.564629] pci_bus 0000:20: resource 2 pref mem [0xda100000-0xda1fffff]
[    0.564631] pci_bus 0000:21: resource 1 mem: [0xcbf00000-0xcbffffff]
[    0.564633] pci_bus 0000:21: resource 2 pref mem [0xda500000-0xda5fffff]
[    0.564635] pci_bus 0000:22: resource 1 mem: [0xcc300000-0xcc3fffff]
[    0.564636] pci_bus 0000:22: resource 2 pref mem [0xda900000-0xda9fffff]
[    0.564657] NET: Registered protocol family 2
[    0.564673] RANDOM - __random32 called. Change num 7.  Value: 55ede565	148ebb7a	8e9cdd7f
[    0.564675] RANDOM - random32 called.  Value: 55ede565	148ebb7a	8e9cdd7f
[    0.564682] random 0000 0000 0000 00000000 00000000: rand_read_num 2 get_random_bytes(4): sig fffffe1a 00000000 00000000
[    0.564685] random 0000 0000 0000 00000000 00000000: extract_entropy(.. 4 ..)
[    0.564687] random 0000 0000 0000 00000000 00000000: going to reseed nonblocking with 64 bits (32 of 0 requested)
[    0.564689] random 0000 0000 0000 00000000 00000000: extract_entropy(.. 8 ..)
[    0.564692] random 0000 0000 0000 00000000 00000000: trying to extract 64 bits from input
[    0.564694] random 0000 0000 0000 00000000 00000000: debiting 0 entropy credits from input
[    0.564696] random 0000 0000 0000 00000000 00000000: extract_entropy account returned: 0 
[    0.564698] random 0000 0000 0000 00000000 00000000: urand_change_num 3 xfer_secondary_pool(4): pool_sig fffffe1a, data_sig 00000000, bytes_mixed 0 00000000 00000000
[    0.564701] random 0000 0000 0000 00000000 00000000: trying to extract 32 bits from nonblocking
[    0.564704] random 0000 0000 0000 00000000 00000000: debiting 32 entropy credits from nonblocking (unlimited)
[    0.564706] random 0000 0000 0000 00000000 00000000: extract_entropy account returned: 4 
[    0.564709] random 0000 0000 0000 00000000 00000000: urand_change_num 4 extract_buf: pool_sig fffffe1a, data_sig fffffed7, bytes_mixed 20 00000000 00000000
[    0.564738] IP route cache hash table entries: 32768 (order: 5, 131072 bytes)
[    0.564794] RANDOM - __random32 called. Change num 8.  Value: de565d28	48ebb7a3	baff4f46
[    0.564797] RANDOM - random32 called.  Value: de565d28	48ebb7a3	baff4f46
[    0.564852] RANDOM - __random32 called. Change num 9.  Value: 65d282be	8ebb7a35	9e8da0a6
[    0.564853] RANDOM - random32 called.  Value: 65d282be	8ebb7a35	9e8da0a6
[    0.564856] RANDOM - __random32 called. Change num 10.  Value: 282be6b0	ebb7a35a	414d5c14
[    0.564858] RANDOM - random32 called.  Value: 282be6b0	ebb7a35a	414d5c14
[    0.564879] RANDOM - __random32 called. Change num 11.  Value: be6b0a9f	bb7a35a2	b82964f7
[    0.564881] RANDOM - random32 called.  Value: be6b0a9f	bb7a35a2	b82964f7
[    0.564891] TCP established hash table entries: 131072 (order: 8, 1048576 bytes)
[    0.564947] TCP bind hash table entries: 65536 (order: 7, 524288 bytes)
[    0.565003] TCP: Hash tables configured (established 131072 bind 65536)
[    0.565005] TCP reno registered
[    0.565040] NET: Registered protocol family 1
[    0.565049] pci 0000:00:00.0: Limiting direct PCI/PCI transfers
[    0.565073] pci 0000:00:0f.0: Boot video device
[    0.565191] Trying to unpack rootfs image as initramfs...
[    1.637756] Freeing initrd memory: 83430k freed
[    1.641770] Simple Boot Flag at 0x36 set to 0x1
[    1.641815] cpufreq-nforce2: No nForce2 chipset.
[    1.641829] Scanning for low memory corruption every 60 seconds
[    1.641949] audit: initializing netlink socket (disabled)
[    1.641958] type=2000 audit(1369435764.632:1): initialized
[    1.645920] highmem bounce pool size: 64 pages
[    1.645924] HugeTLB registered 2 MB page size, pre-allocated 0 pages
[    1.646016] VFS: Disk quotas dquot_6.5.2
[    1.646046] Dquot-cache hash table entries: 1024 (order 0, 4096 bytes)
[    1.646123] fuse init (API version 7.13)
[    1.646167] msgmni has been set to 1729
[    1.646464] alg: No test for stdrng (krng)
[    1.646497] Block layer SCSI generic (bsg) driver version 0.4 loaded (major 253)
[    1.646499] io scheduler noop registered
[    1.646501] io scheduler anticipatory registered
[    1.646502] io scheduler deadline registered
[    1.646522] io scheduler cfq registered (default)
[    1.646567]   alloc irq_desc for 24 on node -1
[    1.646579]   alloc kstat_irqs on node -1
[    1.646624] pcieport 0000:00:15.0: irq 24 for MSI/MSI-X
[    1.646669] pcieport 0000:00:15.0: setting latency timer to 64
[    1.646714]   alloc irq_desc for 25 on node -1
[    1.646716]   alloc kstat_irqs on node -1
[    1.646761] pcieport 0000:00:15.1: irq 25 for MSI/MSI-X
[    1.646807] pcieport 0000:00:15.1: setting latency timer to 64
[    1.646852]   alloc irq_desc for 26 on node -1
[    1.646854]   alloc kstat_irqs on node -1
[    1.646899] pcieport 0000:00:15.2: irq 26 for MSI/MSI-X
[    1.646944] pcieport 0000:00:15.2: setting latency timer to 64
[    1.646989]   alloc irq_desc for 27 on node -1
[    1.646991]   alloc kstat_irqs on node -1
[    1.647037] pcieport 0000:00:15.3: irq 27 for MSI/MSI-X
[    1.647082] pcieport 0000:00:15.3: setting latency timer to 64
[    1.647127]   alloc irq_desc for 28 on node -1
[    1.647129]   alloc kstat_irqs on node -1
[    1.647174] pcieport 0000:00:15.4: irq 28 for MSI/MSI-X
[    1.647219] pcieport 0000:00:15.4: setting latency timer to 64
[    1.647265]   alloc irq_desc for 29 on node -1
[    1.647266]   alloc kstat_irqs on node -1
[    1.647312] pcieport 0000:00:15.5: irq 29 for MSI/MSI-X
[    1.647357] pcieport 0000:00:15.5: setting latency timer to 64
[    1.647402]   alloc irq_desc for 30 on node -1
[    1.647404]   alloc kstat_irqs on node -1
[    1.647449] pcieport 0000:00:15.6: irq 30 for MSI/MSI-X
[    1.647494] pcieport 0000:00:15.6: setting latency timer to 64
[    1.647540]   alloc irq_desc for 31 on node -1
[    1.647542]   alloc kstat_irqs on node -1
[    1.647588] pcieport 0000:00:15.7: irq 31 for MSI/MSI-X
[    1.647633] pcieport 0000:00:15.7: setting latency timer to 64
[    1.647678]   alloc irq_desc for 32 on node -1
[    1.647680]   alloc kstat_irqs on node -1
[    1.647725] pcieport 0000:00:16.0: irq 32 for MSI/MSI-X
[    1.647770] pcieport 0000:00:16.0: setting latency timer to 64
[    1.647816]   alloc irq_desc for 33 on node -1
[    1.647818]   alloc kstat_irqs on node -1
[    1.647863] pcieport 0000:00:16.1: irq 33 for MSI/MSI-X
[    1.647908] pcieport 0000:00:16.1: setting latency timer to 64
[    1.647953]   alloc irq_desc for 34 on node -1
[    1.647955]   alloc kstat_irqs on node -1
[    1.648000] pcieport 0000:00:16.2: irq 34 for MSI/MSI-X
[    1.648045] pcieport 0000:00:16.2: setting latency timer to 64
[    1.648091]   alloc irq_desc for 35 on node -1
[    1.648092]   alloc kstat_irqs on node -1
[    1.648138] pcieport 0000:00:16.3: irq 35 for MSI/MSI-X
[    1.648183] pcieport 0000:00:16.3: setting latency timer to 64
[    1.648228]   alloc irq_desc for 36 on node -1
[    1.648230]   alloc kstat_irqs on node -1
[    1.648275] pcieport 0000:00:16.4: irq 36 for MSI/MSI-X
[    1.648320] pcieport 0000:00:16.4: setting latency timer to 64
[    1.648366]   alloc irq_desc for 37 on node -1
[    1.648367]   alloc kstat_irqs on node -1
[    1.648413] pcieport 0000:00:16.5: irq 37 for MSI/MSI-X
[    1.648458] pcieport 0000:00:16.5: setting latency timer to 64
[    1.648503]   alloc irq_desc for 38 on node -1
[    1.648505]   alloc kstat_irqs on node -1
[    1.648550] pcieport 0000:00:16.6: irq 38 for MSI/MSI-X
[    1.648595] pcieport 0000:00:16.6: setting latency timer to 64
[    1.648640]   alloc irq_desc for 39 on node -1
[    1.648642]   alloc kstat_irqs on node -1
[    1.648687] pcieport 0000:00:16.7: irq 39 for MSI/MSI-X
[    1.648733] pcieport 0000:00:16.7: setting latency timer to 64
[    1.649767]   alloc irq_desc for 40 on node -1
[    1.649769]   alloc kstat_irqs on node -1
[    1.649814] pcieport 0000:00:17.0: irq 40 for MSI/MSI-X
[    1.649859] pcieport 0000:00:17.0: setting latency timer to 64
[    1.649904]   alloc irq_desc for 41 on node -1
[    1.649906]   alloc kstat_irqs on node -1
[    1.649951] pcieport 0000:00:17.1: irq 41 for MSI/MSI-X
[    1.649997] pcieport 0000:00:17.1: setting latency timer to 64
[    1.650042]   alloc irq_desc for 42 on node -1
[    1.650044]   alloc kstat_irqs on node -1
[    1.650089] pcieport 0000:00:17.2: irq 42 for MSI/MSI-X
[    1.650134] pcieport 0000:00:17.2: setting latency timer to 64
[    1.650179]   alloc irq_desc for 43 on node -1
[    1.650181]   alloc kstat_irqs on node -1
[    1.650226] pcieport 0000:00:17.3: irq 43 for MSI/MSI-X
[    1.650271] pcieport 0000:00:17.3: setting latency timer to 64
[    1.650317]   alloc irq_desc for 44 on node -1
[    1.650318]   alloc kstat_irqs on node -1
[    1.650364] pcieport 0000:00:17.4: irq 44 for MSI/MSI-X
[    1.650409] pcieport 0000:00:17.4: setting latency timer to 64
[    1.650454]   alloc irq_desc for 45 on node -1
[    1.650456]   alloc kstat_irqs on node -1
[    1.650502] pcieport 0000:00:17.5: irq 45 for MSI/MSI-X
[    1.650547] pcieport 0000:00:17.5: setting latency timer to 64
[    1.650592]   alloc irq_desc for 46 on node -1
[    1.650594]   alloc kstat_irqs on node -1
[    1.650639] pcieport 0000:00:17.6: irq 46 for MSI/MSI-X
[    1.650684] pcieport 0000:00:17.6: setting latency timer to 64
[    1.650729]   alloc irq_desc for 47 on node -1
[    1.650732]   alloc kstat_irqs on node -1
[    1.650777] pcieport 0000:00:17.7: irq 47 for MSI/MSI-X
[    1.650822] pcieport 0000:00:17.7: setting latency timer to 64
[    1.650867]   alloc irq_desc for 48 on node -1
[    1.650870]   alloc kstat_irqs on node -1
[    1.650915] pcieport 0000:00:18.0: irq 48 for MSI/MSI-X
[    1.650960] pcieport 0000:00:18.0: setting latency timer to 64
[    1.651006]   alloc irq_desc for 49 on node -1
[    1.651007]   alloc kstat_irqs on node -1
[    1.651053] pcieport 0000:00:18.1: irq 49 for MSI/MSI-X
[    1.651098] pcieport 0000:00:18.1: setting latency timer to 64
[    1.651143]   alloc irq_desc for 50 on node -1
[    1.651145]   alloc kstat_irqs on node -1
[    1.651190] pcieport 0000:00:18.2: irq 50 for MSI/MSI-X
[    1.651235] pcieport 0000:00:18.2: setting latency timer to 64
[    1.651281]   alloc irq_desc for 51 on node -1
[    1.651283]   alloc kstat_irqs on node -1
[    1.651328] pcieport 0000:00:18.3: irq 51 for MSI/MSI-X
[    1.651373] pcieport 0000:00:18.3: setting latency timer to 64
[    1.651418]   alloc irq_desc for 52 on node -1
[    1.651420]   alloc kstat_irqs on node -1
[    1.651465] pcieport 0000:00:18.4: irq 52 for MSI/MSI-X
[    1.651511] pcieport 0000:00:18.4: setting latency timer to 64
[    1.651556]   alloc irq_desc for 53 on node -1
[    1.651558]   alloc kstat_irqs on node -1
[    1.651603] pcieport 0000:00:18.5: irq 53 for MSI/MSI-X
[    1.651648] pcieport 0000:00:18.5: setting latency timer to 64
[    1.651693]   alloc irq_desc for 54 on node -1
[    1.651695]   alloc kstat_irqs on node -1
[    1.651741] pcieport 0000:00:18.6: irq 54 for MSI/MSI-X
[    1.651786] pcieport 0000:00:18.6: setting latency timer to 64
[    1.651831]   alloc irq_desc for 55 on node -1
[    1.651833]   alloc kstat_irqs on node -1
[    1.651878] pcieport 0000:00:18.7: irq 55 for MSI/MSI-X
[    1.651924] pcieport 0000:00:18.7: setting latency timer to 64
[    1.651969] pci_hotplug: PCI Hot Plug PCI Core version: 0.5
[    1.653820] pciehp 0000:00:15.0:pcie04: HPC vendor_id 15ad device_id 7a0 ss_vid 0 ss_did 0
[    1.653865] pciehp 0000:00:15.0:pcie04: service driver pciehp loaded
[    1.653910] pciehp 0000:00:15.1:pcie04: HPC vendor_id 15ad device_id 7a0 ss_vid 0 ss_did 0
[    1.653955] pciehp 0000:00:15.1:pcie04: service driver pciehp loaded
[    1.654000] pciehp 0000:00:15.2:pcie04: HPC vendor_id 15ad device_id 7a0 ss_vid 0 ss_did 0
[    1.654046] pciehp 0000:00:15.2:pcie04: service driver pciehp loaded
[    1.654091] pciehp 0000:00:15.3:pcie04: HPC vendor_id 15ad device_id 7a0 ss_vid 0 ss_did 0
[    1.654136] pciehp 0000:00:15.3:pcie04: service driver pciehp loaded
[    1.654181] pciehp 0000:00:15.4:pcie04: HPC vendor_id 15ad device_id 7a0 ss_vid 0 ss_did 0
[    1.654227] pciehp 0000:00:15.4:pcie04: service driver pciehp loaded
[    1.654272] pciehp 0000:00:15.5:pcie04: HPC vendor_id 15ad device_id 7a0 ss_vid 0 ss_did 0
[    1.654317] pciehp 0000:00:15.5:pcie04: service driver pciehp loaded
[    1.654362] pciehp 0000:00:15.6:pcie04: HPC vendor_id 15ad device_id 7a0 ss_vid 0 ss_did 0
[    1.654407] pciehp 0000:00:15.6:pcie04: service driver pciehp loaded
[    1.654453] pciehp 0000:00:15.7:pcie04: HPC vendor_id 15ad device_id 7a0 ss_vid 0 ss_did 0
[    1.654498] pciehp 0000:00:15.7:pcie04: service driver pciehp loaded
[    1.654543] pciehp 0000:00:16.0:pcie04: HPC vendor_id 15ad device_id 7a0 ss_vid 0 ss_did 0
[    1.654588] pciehp 0000:00:16.0:pcie04: service driver pciehp loaded
[    1.654634] pciehp 0000:00:16.1:pcie04: HPC vendor_id 15ad device_id 7a0 ss_vid 0 ss_did 0
[    1.654679] pciehp 0000:00:16.1:pcie04: service driver pciehp loaded
[    1.654724] pciehp 0000:00:16.2:pcie04: HPC vendor_id 15ad device_id 7a0 ss_vid 0 ss_did 0
[    1.654769] pciehp 0000:00:16.2:pcie04: service driver pciehp loaded
[    1.654814] pciehp 0000:00:16.3:pcie04: HPC vendor_id 15ad device_id 7a0 ss_vid 0 ss_did 0
[    1.654860] pciehp 0000:00:16.3:pcie04: service driver pciehp loaded
[    1.654905] pciehp 0000:00:16.4:pcie04: HPC vendor_id 15ad device_id 7a0 ss_vid 0 ss_did 0
[    1.654950] pciehp 0000:00:16.4:pcie04: service driver pciehp loaded
[    1.654995] pciehp 0000:00:16.5:pcie04: HPC vendor_id 15ad device_id 7a0 ss_vid 0 ss_did 0
[    1.655041] pciehp 0000:00:16.5:pcie04: service driver pciehp loaded
[    1.655086] pciehp 0000:00:16.6:pcie04: HPC vendor_id 15ad device_id 7a0 ss_vid 0 ss_did 0
[    1.655131] pciehp 0000:00:16.6:pcie04: service driver pciehp loaded
[    1.655176] pciehp 0000:00:16.7:pcie04: HPC vendor_id 15ad device_id 7a0 ss_vid 0 ss_did 0
[    1.655221] pciehp 0000:00:16.7:pcie04: service driver pciehp loaded
[    1.655267] pciehp 0000:00:17.0:pcie04: HPC vendor_id 15ad device_id 7a0 ss_vid 0 ss_did 0
[    1.655312] pciehp 0000:00:17.0:pcie04: service driver pciehp loaded
[    1.655357] pciehp 0000:00:17.1:pcie04: HPC vendor_id 15ad device_id 7a0 ss_vid 0 ss_did 0
[    1.655402] pciehp 0000:00:17.1:pcie04: service driver pciehp loaded
[    1.655448] pciehp 0000:00:17.2:pcie04: HPC vendor_id 15ad device_id 7a0 ss_vid 0 ss_did 0
[    1.655493] pciehp 0000:00:17.2:pcie04: service driver pciehp loaded
[    1.655538] pciehp 0000:00:17.3:pcie04: HPC vendor_id 15ad device_id 7a0 ss_vid 0 ss_did 0
[    1.655583] pciehp 0000:00:17.3:pcie04: service driver pciehp loaded
[    1.655628] pciehp 0000:00:17.4:pcie04: HPC vendor_id 15ad device_id 7a0 ss_vid 0 ss_did 0
[    1.655674] pciehp 0000:00:17.4:pcie04: service driver pciehp loaded
[    1.655719] pciehp 0000:00:17.5:pcie04: HPC vendor_id 15ad device_id 7a0 ss_vid 0 ss_did 0
[    1.655764] pciehp 0000:00:17.5:pcie04: service driver pciehp loaded
[    1.655809] pciehp 0000:00:17.6:pcie04: HPC vendor_id 15ad device_id 7a0 ss_vid 0 ss_did 0
[    1.655855] pciehp 0000:00:17.6:pcie04: service driver pciehp loaded
[    1.655900] pciehp 0000:00:17.7:pcie04: HPC vendor_id 15ad device_id 7a0 ss_vid 0 ss_did 0
[    1.655945] pciehp 0000:00:17.7:pcie04: service driver pciehp loaded
[    1.655990] pciehp 0000:00:18.0:pcie04: HPC vendor_id 15ad device_id 7a0 ss_vid 0 ss_did 0
[    1.656035] pciehp 0000:00:18.0:pcie04: service driver pciehp loaded
[    1.656081] pciehp 0000:00:18.1:pcie04: HPC vendor_id 15ad device_id 7a0 ss_vid 0 ss_did 0
[    1.656126] pciehp 0000:00:18.1:pcie04: service driver pciehp loaded
[    1.656171] pciehp 0000:00:18.2:pcie04: HPC vendor_id 15ad device_id 7a0 ss_vid 0 ss_did 0
[    1.656216] pciehp 0000:00:18.2:pcie04: service driver pciehp loaded
[    1.656262] pciehp 0000:00:18.3:pcie04: HPC vendor_id 15ad device_id 7a0 ss_vid 0 ss_did 0
[    1.656307] pciehp 0000:00:18.3:pcie04: service driver pciehp loaded
[    1.656352] pciehp 0000:00:18.4:pcie04: HPC vendor_id 15ad device_id 7a0 ss_vid 0 ss_did 0
[    1.656397] pciehp 0000:00:18.4:pcie04: service driver pciehp loaded
[    1.656443] pciehp 0000:00:18.5:pcie04: HPC vendor_id 15ad device_id 7a0 ss_vid 0 ss_did 0
[    1.656488] pciehp 0000:00:18.5:pcie04: service driver pciehp loaded
[    1.656533] pciehp 0000:00:18.6:pcie04: HPC vendor_id 15ad device_id 7a0 ss_vid 0 ss_did 0
[    1.656578] pciehp 0000:00:18.6:pcie04: service driver pciehp loaded
[    1.656623] pciehp 0000:00:18.7:pcie04: HPC vendor_id 15ad device_id 7a0 ss_vid 0 ss_did 0
[    1.656669] pciehp 0000:00:18.7:pcie04: service driver pciehp loaded
[    1.656676] pciehp: PCI Express Hot Plug Controller Driver version: 0.4
[    1.656725] ACPI: AC Adapter [ACAD] (on-line)
[    1.656777] input: Power Button as /devices/LNXSYSTM:00/LNXPWRBN:00/input/input0
[    1.656780] ACPI: Power Button [PWRF]
[    1.656825] processor LNXCPU:00: registered as cooling_device0
[    1.697698] isapnp: Scanning for PnP cards...
[    2.051171] isapnp: No Plug & Play device found
[    2.051207] random 0000 0000 0000 5f8db4e5 4cfdf2a8: initializing
[    2.051333] Linux agpgart interface v0.103
[    2.051372] agpgart-intel 0000:00:00.0: Intel 440BX Chipset
[    2.051424] agpgart-intel 0000:00:00.0: AGP aperture is 256M @ 0x0
[    2.051455] Serial: 8250/16550 driver, 32 ports, IRQ sharing enabled
[    2.051508] serial8250: ttyS0 at I/O 0x3f8 (irq = 4) is a 16550A
[    2.051560] serial8250: ttyS1 at I/O 0x2f8 (irq = 3) is a 16550A
[    2.051613] 00:0a: ttyS0 at I/O 0x3f8 (irq = 4) is a 16550A
[    2.051666] 00:0b: ttyS1 at I/O 0x2f8 (irq = 3) is a 16550A
[    2.051719] brd: module loaded
[    2.051772] loop: module loaded
[    2.051824] ata_piix 0000:00:07.1: version 2.13
[    2.051907] scsi0 : ata_piix
[    2.051954] scsi1 : ata_piix
[    2.051974] ata1: PATA max UDMA/33 cmd 0x1f0 ctl 0x3f6 bmdma 0x10c0 irq 14
[    2.051976] ata2: PATA max UDMA/33 cmd 0x170 ctl 0x376 bmdma 0x10c8 irq 15
[    2.052023] PPP generic driver version 2.4.2
[    2.052042] tun: Universal TUN/TAP device driver, 1.6
[    2.052043] tun: (C) 1999-2004 Max Krasnyansky <maxk@qualcomm.com>
[    2.052096] ehci_hcd: USB 2.0 'Enhanced' Host Controller (EHCI) Driver
[    2.052149] ACPI: PCI Interrupt Link [LNKB] enabled at IRQ 11
[    2.052151] PCI: setting IRQ 11 as level-triggered
[    2.052159] ehci_hcd 0000:02:03.0: PCI INT A -> Link[LNKB] -> GSI 11 (level, low) -> IRQ 11
[    2.052198] ehci_hcd 0000:02:03.0: EHCI Host Controller
[    2.052220] ehci_hcd 0000:02:03.0: new USB bus registered, assigned bus number 1
[    2.052273] ehci_hcd 0000:02:03.0: cache line size of 32 is not supported
[    2.052279] ehci_hcd 0000:02:03.0: irq 11, io mem 0xc9000000
[    2.052590] random 0000 0000 0000 00000000 00000000: rand_read_num 3 get_random_bytes(8): sig 00000000 00000000 00000000
[    2.052592] random 0000 0000 0000 00000000 00000000: extract_entropy(.. 8 ..)
[    2.052595] random 0000 0000 0000 00000000 00000000: going to reseed nonblocking with 64 bits (64 of 0 requested)
[    2.052598] random 0000 0000 0000 00000000 00000000: extract_entropy(.. 8 ..)
[    2.052600] random 0000 0000 0000 00000000 00000000: trying to extract 64 bits from input
[    2.052602] random 0000 0000 0000 00000000 00000000: debiting 0 entropy credits from input
[    2.052604] random 0000 0000 0000 00000000 00000000: extract_entropy account returned: 0 
[    2.052607] random 0000 0000 0000 00000000 00000000: urand_change_num 5 xfer_secondary_pool(8): pool_sig 00000000, data_sig 00000000, bytes_mixed 0 00000000 00000000
[    2.052609] random 0000 0000 0000 00000000 00000000: trying to extract 64 bits from nonblocking
[    2.052612] random 0000 0000 0000 00000000 00000000: debiting 64 entropy credits from nonblocking (unlimited)
[    2.052614] random 0000 0000 0000 00000000 00000000: extract_entropy account returned: 8 
[    2.052617] random 0000 0000 0000 00000000 00000000: urand_change_num 6 extract_buf: pool_sig 00000000, data_sig fffffff9, bytes_mixed 20 00000000 00000000
[    2.061147] ehci_hcd 0000:02:03.0: USB 2.0 started, EHCI 1.00
[    2.061200] usb usb1: configuration #1 chosen from 1 choice
[    2.061219] hub 1-0:1.0: USB hub found
[    2.061224] hub 1-0:1.0: 6 ports detected
[    2.061260] ohci_hcd: USB 1.1 'Open' Host Controller (OHCI) Driver
[    2.061270] uhci_hcd: USB Universal Host Controller Interface driver
[    2.061323] ACPI: PCI Interrupt Link [LNKC] enabled at IRQ 10
[    2.061326] PCI: setting IRQ 10 as level-triggered
[    2.061330] uhci_hcd 0000:02:00.0: PCI INT A -> Link[LNKC] -> GSI 10 (level, low) -> IRQ 10
[    2.061364] uhci_hcd 0000:02:00.0: UHCI Host Controller
[    2.061393] uhci_hcd 0000:02:00.0: new USB bus registered, assigned bus number 2
[    2.061496] uhci_hcd 0000:02:00.0: irq 10, io base 0x000020c0
[    2.061549] usb usb2: configuration #1 chosen from 1 choice
[    2.061565] hub 2-0:1.0: USB hub found
[    2.061569] hub 2-0:1.0: 2 ports detected
[    2.061622] usbcore: registered new interface driver libusual
[    2.061660] PNP: PS/2 Controller [PNP0303:KBC,PNP0f13:MOUS] at 0x60,0x64 irq 1,12
[    2.061994] serio: i8042 KBD port at 0x60,0x64 irq 1
[    2.062001] serio: i8042 AUX port at 0x60,0x64 irq 12
[    2.062036] mice: PS/2 mouse device common for all mice
[    2.062089] rtc_cmos 00:04: rtc core: registered rtc_cmos as rtc0
[    2.062119] rtc0: alarms up to one month, y3k, 114 bytes nvram, hpet irqs
[    2.062172] device-mapper: uevent: version 1.0.3
[    2.062288] device-mapper: ioctl: 4.15.0-ioctl (2009-04-01) initialised: dm-devel@redhat.com
[    2.062305] EISA: Probing bus 0 at eisa.0
[    2.062312] Cannot allocate resource for EISA slot 1
[    2.062314] Cannot allocate resource for EISA slot 2
[    2.062316] Cannot allocate resource for EISA slot 3
[    2.062317] Cannot allocate resource for EISA slot 4
[    2.062319] Cannot allocate resource for EISA slot 5
[    2.062321] Cannot allocate resource for EISA slot 6
[    2.062333] Cannot allocate resource for EISA slot 7
[    2.062335] Cannot allocate resource for EISA slot 8
[    2.062337] EISA: Detected 0 cards.
[    2.062383] cpuidle: using governor ladder
[    2.062385] cpuidle: using governor menu
[    2.062438] random 0000 0000 0000 00000000 00000000: rand_read_num 4 get_random_bytes(136): sig 0000021d 00000000 00000000
[    2.062441] random 0000 0000 0000 00000000 00000000: extract_entropy(.. 136 ..)
[    2.062443] random 0000 0000 0000 00000000 00000000: going to reseed nonblocking with 1024 bits (1088 of 0 requested)
[    2.062446] random 0000 0000 0000 00000000 00000000: extract_entropy(.. 128 ..)
[    2.062448] random 0000 0000 0000 00000000 00000000: trying to extract 1024 bits from input
[    2.062450] random 0000 0000 0000 00000000 00000000: debiting 0 entropy credits from input
[    2.062452] random 0000 0000 0000 00000000 00000000: extract_entropy account returned: 0 
[    2.062455] random 0000 0000 0000 00000000 00000000: urand_change_num 7 xfer_secondary_pool(136): pool_sig 0000021d, data_sig 00000000, bytes_mixed 0 00000000 00000000
[    2.062458] random 0000 0000 0000 00000000 00000000: trying to extract 1088 bits from nonblocking
[    2.062460] random 0000 0000 0000 00000000 00000000: debiting 1088 entropy credits from nonblocking (unlimited)
[    2.062463] random 0000 0000 0000 00000000 00000000: extract_entropy account returned: 136 
[    2.062466] random 0000 0000 0000 00000000 00000000: urand_change_num 8 extract_buf: pool_sig 0000021d, data_sig fffffff7, bytes_mixed 20 00000000 00000000
[    2.062471] random 0000 0000 0000 f961ee50 ba9cb1aa: urand_change_num 9 extract_buf: pool_sig 00000230, data_sig fffffeb4, bytes_mixed 20 f961ee50 ba9cb1aa
[    2.062476] random 0000 0000 0000 9748bdd6 56fb8af6: urand_change_num 10 extract_buf: pool_sig 00000373, data_sig 000000cf, bytes_mixed 20 9748bdd6 56fb8af6
[    2.062480] random 0000 0000 0000 9748bdd6 56fb8af6: urand_change_num 11 extract_buf: pool_sig fffffe49, data_sig 0000023f, bytes_mixed 20 9748bdd6 56fb8af6
[    2.062485] random 0000 0000 0000 a135be86 4777650e: urand_change_num 12 extract_buf: pool_sig fffffcce, data_sig 000000c6, bytes_mixed 20 a135be86 4777650e
[    2.062489] random 0000 0000 0000 4a6ea85d 170e00dd: urand_change_num 13 extract_buf: pool_sig ffffff97, data_sig ffffff7d, bytes_mixed 20 4a6ea85d 170e00dd
[    2.062493] random 0000 0000 0000 4a6ea85d 170e00dd: urand_change_num 14 extract_buf: pool_sig 00000160, data_sig fffffeea, bytes_mixed 20 4a6ea85d 170e00dd
[    2.062498] random 0000 0000 0000 6e87c3cb da668c73: urand_change_num 15 extract_buf: pool_sig 0000034f, data_sig ffffff54, bytes_mixed 20 6e87c3cb da668c73
[    2.062502] random 0000 0000 0000 6e87c3cb da668c73: urand_change_num 16 extract_buf: pool_sig fffffdc5, data_sig 00000205, bytes_mixed 20 6e87c3cb da668c73
[    2.062507] random 0000 0000 0000 39f531e6 461eb249: urand_change_num 17 extract_buf: pool_sig fffffc1d, data_sig ffffff5e, bytes_mixed 20 39f531e6 461eb249
[    2.062511] random 0000 0000 0000 7e1538a2 3e661182: urand_change_num 18 extract_buf: pool_sig 000006ef, data_sig ffffff2e, bytes_mixed 20 7e1538a2 3e661182
[    2.062516] random 0000 0000 0000 7e1538a2 3e661182: urand_change_num 19 extract_buf: pool_sig 00000317, data_sig fffffccb, bytes_mixed 20 7e1538a2 3e661182
[    2.062520] random 0000 0000 0000 76af506b 9b57305e: urand_change_num 20 extract_buf: pool_sig 00000227, data_sig ffffffd2, bytes_mixed 20 76af506b 9b57305e
[    2.062524] random 0000 0000 0000 37d49d89 e20417cc: urand_change_num 21 extract_buf: pool_sig 0000080b, data_sig 000001e9, bytes_mixed 20 37d49d89 e20417cc
[    2.062532] TCP cubic registered
[    2.062585] NET: Registered protocol family 10
[    2.062620] RANDOM - __random32 called. Change num 12.  Value: b0a9fbe7	b7a35a2b	c9ef2c48
[    2.062622] RANDOM - random32 called.  Value: b0a9fbe7	b7a35a2b	c9ef2c48
[    2.062631] random 0000 0000 0000 37d49d89 e20417cc: rand_read_num 5 get_random_bytes(4): sig 00000298 37d49d89 e20417cc
[    2.062634] random 0000 0000 0000 37d49d89 e20417cc: extract_entropy(.. 4 ..)
[    2.062636] random 0000 0000 0000 37d49d89 e20417cc: going to reseed nonblocking with 64 bits (32 of 0 requested)
[    2.062638] random 0000 0000 0000 37d49d89 e20417cc: extract_entropy(.. 8 ..)
[    2.062641] random 0000 0000 0000 37d49d89 e20417cc: trying to extract 64 bits from input
[    2.062643] random 0000 0000 0000 37d49d89 e20417cc: debiting 0 entropy credits from input
[    2.062645] random 0000 0000 0000 37d49d89 e20417cc: extract_entropy account returned: 0 
[    2.062648] random 0000 0000 0000 37d49d89 e20417cc: urand_change_num 22 xfer_secondary_pool(4): pool_sig 00000298, data_sig 00000000, bytes_mixed 0 37d49d89 e20417cc
[    2.062651] random 0000 0000 0000 37d49d89 e20417cc: trying to extract 32 bits from nonblocking
[    2.062653] random 0000 0000 0000 37d49d89 e20417cc: debiting 32 entropy credits from nonblocking (unlimited)
[    2.062655] random 0000 0000 0000 37d49d89 e20417cc: extract_entropy account returned: 4 
[    2.062659] random 0000 0000 0000 37d49d89 e20417cc: urand_change_num 23 extract_buf: pool_sig 00000298, data_sig 00000092, bytes_mixed 20 37d49d89 e20417cc
[    2.062712] RANDOM - __random32 called. Change num 13.  Value: 9fbe71fa	7a35a2b4	5890d2c9
[    2.062714] RANDOM - random32 called.  Value: 9fbe71fa	7a35a2b4	5890d2c9
[    2.062767] NET: Registered protocol family 17
[    2.062788] Using IPI No-Shortcut mode
[    2.062794] random 0000 0000 0000 2ee4c4fc 167bdb15: rand_read_num 6 get_random_bytes(8): sig fffffcbf 2ee4c4fc 167bdb15
[    2.062796] random 0000 0000 0000 2ee4c4fc 167bdb15: extract_entropy(.. 8 ..)
[    2.062798] random 0000 0000 0000 2ee4c4fc 167bdb15: going to reseed nonblocking with 64 bits (64 of 0 requested)
[    2.062800] random 0000 0000 0000 2ee4c4fc 167bdb15: extract_entropy(.. 8 ..)
[    2.062803] random 0000 0000 0000 2ee4c4fc 167bdb15: trying to extract 64 bits from input
[    2.062805] random 0000 0000 0000 2ee4c4fc 167bdb15: debiting 0 entropy credits from input
[    2.062807] random 0000 0000 0000 2ee4c4fc 167bdb15: extract_entropy account returned: 0 
[    2.062810] random 0000 0000 0000 2ee4c4fc 167bdb15: urand_change_num 24 xfer_secondary_pool(8): pool_sig fffffcbf, data_sig 00000000, bytes_mixed 0 2ee4c4fc 167bdb15
[    2.062813] random 0000 0000 0000 2ee4c4fc 167bdb15: trying to extract 64 bits from nonblocking
[    2.062815] random 0000 0000 0000 2ee4c4fc 167bdb15: debiting 64 entropy credits from nonblocking (unlimited)
[    2.062817] random 0000 0000 0000 2ee4c4fc 167bdb15: extract_entropy account returned: 8 
[    2.062821] random 0000 0000 0000 2ee4c4fc 167bdb15: urand_change_num 25 extract_buf: pool_sig fffffcbf, data_sig ffffff83, bytes_mixed 20 2ee4c4fc 167bdb15
[    2.062862] PM: Resume from disk failed.
[    2.062870] registered taskstats version 1
[    2.062873] random 0000 0000 0000 2ee4c4fc 167bdb15: rand_read_num 7 get_random_bytes(12): sig fffffc69 2ee4c4fc 167bdb15
[    2.062875] random 0000 0000 0000 2ee4c4fc 167bdb15: extract_entropy(.. 12 ..)
[    2.062878] random 0000 0000 0000 2ee4c4fc 167bdb15: going to reseed nonblocking with 96 bits (96 of 0 requested)
[    2.062880] random 0000 0000 0000 2ee4c4fc 167bdb15: extract_entropy(.. 12 ..)
[    2.062882] random 0000 0000 0000 2ee4c4fc 167bdb15: trying to extract 96 bits from input
[    2.062884] random 0000 0000 0000 2ee4c4fc 167bdb15: debiting 0 entropy credits from input
[    2.062886] random 0000 0000 0000 2ee4c4fc 167bdb15: extract_entropy account returned: 0 
[    2.062889] random 0000 0000 0000 2ee4c4fc 167bdb15: urand_change_num 26 xfer_secondary_pool(12): pool_sig fffffc69, data_sig 00000000, bytes_mixed 0 2ee4c4fc 167bdb15
[    2.062892] random 0000 0000 0000 2ee4c4fc 167bdb15: trying to extract 96 bits from nonblocking
[    2.062894] random 0000 0000 0000 2ee4c4fc 167bdb15: debiting 96 entropy credits from nonblocking (unlimited)
[    2.062896] random 0000 0000 0000 2ee4c4fc 167bdb15: extract_entropy account returned: 12 
[    2.062900] random 0000 0000 0000 2ee4c4fc 167bdb15: urand_change_num 27 extract_buf: pool_sig fffffc69, data_sig ffffff7d, bytes_mixed 20 2ee4c4fc 167bdb15
[    2.062904] random 0000 0000 0000 83b7c1ab 94697f48: urand_change_num 28 extract_buf: pool_sig fffffe30, data_sig fffffdd6, bytes_mixed 20 83b7c1ab 94697f48
[    2.062907] RANDOM - __seed init called.
[    2.062908] RANDOM - __seed init called.
[    2.062910] RANDOM - __seed init called.
[    2.062911] RANDOM - __random32 called. Change num 14.  Value: fc007995	feca4f80	21b38ad2
[    2.062913] RANDOM - random32_reseed called.  Value: fc007995	feca4f80	21b38ad2
[    2.062916] Pid: 1, comm: swapper Not tainted 2.6.32.57 #4
[    2.062917] Call Trace:
[    2.062924]  [<c14a8a0e>] ? printk+0x1d/0x1f
[    2.062928]  [<c17537e5>] random32_reseed+0x89/0xbd
[    2.062932]  [<c1003042>] do_one_initcall+0x32/0x1a0
[    2.062935]  [<c175375c>] ? random32_reseed+0x0/0xbd
[    2.062938]  [<c17308e7>] kernel_init+0x12d/0x17a
[    2.062963]  [<c17307ba>] ? kernel_init+0x0/0x17a
[    2.062991]  [<c1009b07>] kernel_thread_helper+0x7/0x10
[    2.065735] input: AT Translated Set 2 keyboard as /devices/platform/i8042/serio0/input/input1
[    2.066016] random 0000 0000 0000 6db70b00 b30ce96b: rand_read_num 8 get_random_bytes(64): sig fffffb38 6db70b00 b30ce96b
[    2.066019] random 0000 0000 0000 6db70b00 b30ce96b: extract_entropy(.. 64 ..)
[    2.066022] random 0000 0000 0000 6db70b00 b30ce96b: going to reseed nonblocking with 512 bits (512 of 0 requested)
[    2.066024] random 0000 0000 0000 6db70b00 b30ce96b: extract_entropy(.. 64 ..)
[    2.066026] random 0000 0000 0000 6db70b00 b30ce96b: trying to extract 512 bits from input
[    2.066029] random 0000 0000 0000 6db70b00 b30ce96b: debiting 0 entropy credits from input
[    2.066031] random 0000 0000 0000 6db70b00 b30ce96b: extract_entropy account returned: 0 
[    2.066034] random 0000 0000 0000 6db70b00 b30ce96b: urand_change_num 29 xfer_secondary_pool(64): pool_sig fffffb38, data_sig 00000000, bytes_mixed 0 6db70b00 b30ce96b
[    2.066037] random 0000 0000 0000 6db70b00 b30ce96b: trying to extract 512 bits from nonblocking
[    2.066039] random 0000 0000 0000 6db70b00 b30ce96b: debiting 512 entropy credits from nonblocking (unlimited)
[    2.066041] random 0000 0000 0000 6db70b00 b30ce96b: extract_entropy account returned: 64 
[    2.066045] random 0000 0000 0000 6db70b00 b30ce96b: urand_change_num 30 extract_buf: pool_sig fffffb38, data_sig 00000151, bytes_mixed 20 6db70b00 b30ce96b
[    2.066050] random 0000 0000 0000 6db70b00 b30ce96b: urand_change_num 31 extract_buf: pool_sig fffffdb8, data_sig 00000379, bytes_mixed 20 6db70b00 b30ce96b
[    2.066054] random 0000 0000 0000 6b83001e d4b6c0d3: urand_change_num 32 extract_buf: pool_sig ffffffc9, data_sig 00000198, bytes_mixed 20 6b83001e d4b6c0d3
[    2.066058] random 0000 0000 0000 79d3e3c7 be564518: urand_change_num 33 extract_buf: pool_sig 000002b9, data_sig ffffff84, bytes_mixed 20 79d3e3c7 be564518
[    2.066063] random 0000 0000 0000 79d3e3c7 be564518: urand_change_num 34 extract_buf: pool_sig ffffff55, data_sig ffffff5a, bytes_mixed 20 79d3e3c7 be564518
[    2.066067] random 0000 0000 0000 89c03cb2 0d353228: urand_change_num 35 extract_buf: pool_sig 00000007, data_sig ffffff17, bytes_mixed 20 89c03cb2 0d353228
[    2.066072] random 0000 0000 0000 89c03cb2 0d353228: urand_change_num 36 extract_buf: pool_sig fffffdae, data_sig 000000db, bytes_mixed 20 89c03cb2 0d353228  Magic number: 13:918:856
[    2.066164] rtc_cmos 00:04: setting system clock to 2013-05-24 22:49:26 UTC (1369435766)
[    2.066166] BIOS EDD facility v0.16 2004-Jun-25, 0 devices found
[    2.066168] EDD information not available.
[    2.066192] random 0000 0000 0000 8ca62387 b120332c: rand_read_num 9 get_random_bytes(64): sig fffffed6 8ca62387 b120332c
[    2.066194] random 0000 0000 0000 8ca62387 b120332c: extract_entropy(.. 64 ..)
[    2.066196] random 0000 0000 0000 8ca62387 b120332c: going to reseed nonblocking with 512 bits (512 of 0 requested)
[    2.066199] random 0000 0000 0000 8ca62387 b120332c: extract_entropy(.. 64 ..)
[    2.066201] random 0000 0000 0000 8ca62387 b120332c: trying to extract 512 bits from input
[    2.066203] random 0000 0000 0000 8ca62387 b120332c: debiting 0 entropy credits from input
[    2.066205] random 0000 0000 0000 8ca62387 b120332c: extract_entropy account returned: 0 
[    2.066208] random 0000 0000 0000 8ca62387 b120332c: urand_change_num 37 xfer_secondary_pool(64): pool_sig fffffed6, data_sig 00000000, bytes_mixed 0 8ca62387 b120332c
[    2.066211] random 0000 0000 0000 8ca62387 b120332c: trying to extract 512 bits from nonblocking
[    2.066213] random 0000 0000 0000 8ca62387 b120332c: debiting 512 entropy credits from nonblocking (unlimited)
[    2.066215] random 0000 0000 0000 8ca62387 b120332c: extract_entropy account returned: 64 
[    2.066219] random 0000 0000 0000 8ca62387 b120332c: urand_change_num 38 extract_buf: pool_sig fffffed6, data_sig fffffeb6, bytes_mixed 20 8ca62387 b120332c
[    2.066223] random 0000 0000 0000 90702413 e2a66c2e: urand_change_num 39 extract_buf: pool_sig fffffbb0, data_sig 0000012e, bytes_mixed 20 90702413 e2a66c2e
[    2.066228] random 0000 0000 0000 90702413 e2a66c2e: urand_change_num 40 extract_buf: pool_sig fffffaf1, data_sig ffffff3c, bytes_mixed 20 90702413 e2a66c2e
[    2.066232] random 0000 0000 0000 3f58038b c77aecb6: urand_change_num 41 extract_buf: pool_sig 00000234, data_sig fffffdec, bytes_mixed 20 3f58038b c77aecb6
[    2.066237] random 0000 0000 0000 47187b9d 03f21510: urand_change_num 42 extract_buf: pool_sig 00000192, data_sig 00000075, bytes_mixed 20 47187b9d 03f21510
[    2.066241] random 0000 0000 0000 47187b9d 03f21510: urand_change_num 43 extract_buf: pool_sig 0000018e, data_sig ffffffbf, bytes_mixed 20 47187b9d 03f21510
[    2.066245] random 0000 0000 0000 3180b1fc 0fa9c973: urand_change_num 44 extract_buf: pool_sig fffffecf, data_sig ffffff2a, bytes_mixed 20 3180b1fc 0fa9c973
[    2.066248] BEGIN NET_SECRET:
[    2.066250] \xffffff87
[    2.066251] \xffffff8d
[    2.066252] \xfffffff4
[    2.066253] \xffffffae
[    2.066254] \xffffffc3
[    2.066255] \xffffffb7
[    2.066257] \x31
[    2.066258] \x65
[    2.066259] \xffffffda
[    2.066260] \xffffffa2
[    2.066261] \x31
[    2.066262] \xffffffc8
[    2.066263] \xffffffa9
[    2.066265] \x76
[    2.066266] \x76
[    2.066267] \xffffff90
[    2.066268] \x55
[    2.066269] \xfffffff3
[    2.066270] \xffffffb1
[    2.066271] \x3
[    2.066273] \xffffffb3
[    2.066274] \xffffffa7
[    2.066275] \x5a
[    2.066276] \x71
[    2.066277] \x70
[    2.066278] \xffffff8c
[    2.066279] \x56
[    2.066281] \x25
[    2.066282] \xffffffe1
[    2.066283] \x4c
[    2.066284] \xffffffe6
[    2.066285] \xffffff95
[    2.066286] \x67
[    2.066287] \x4c
[    2.066289] \xffffffb9
[    2.066290] \x1d
[    2.066291] \xe
[    2.066292] \x34
[    2.066293] \xffffffbe
[    2.066294] \x12
[    2.066295] \x5
[    2.066297] \xffffff98
[    2.066298] \xffffffa0
[    2.066299] \xf
[    2.066300] \xffffffb2
[    2.066301] \xffffffde
[    2.066302] \xffffff99
[    2.066303] \xf
[    2.066305] \xffffffe8
[    2.066306] \xffffffc8
[    2.066307] \x1f
[    2.066308] \x54
[    2.066309] \x2c
[    2.066310] \xffffffee
[    2.066311] \x2e
[    2.066312] \x0
[    2.066314] \xffffff95
[    2.066315] \x0
[    2.066316] \xffffffe3
[    2.066317] \xffffffa7
[    2.066318] \xfffffffd
[    2.066319] \x66
[    2.066320] \xffffff92
[    2.066322] \xfffffff0
[    2.066323] 
[    2.066324] END NET_SECRET
[    2.066326] random 0000 0000 0000 3180b1fc 0fa9c973: rand_read_num 10 get_random_bytes(4): sig ffffff46 3180b1fc 0fa9c973
[    2.066329] random 0000 0000 0000 3180b1fc 0fa9c973: extract_entropy(.. 4 ..)
[    2.066331] random 0000 0000 0000 3180b1fc 0fa9c973: going to reseed nonblocking with 64 bits (32 of 0 requested)
[    2.066333] random 0000 0000 0000 3180b1fc 0fa9c973: extract_entropy(.. 8 ..)
[    2.066335] random 0000 0000 0000 3180b1fc 0fa9c973: trying to extract 64 bits from input
[    2.066338] random 0000 0000 0000 3180b1fc 0fa9c973: debiting 0 entropy credits from input
[    2.066340] random 0000 0000 0000 3180b1fc 0fa9c973: extract_entropy account returned: 0 
[    2.066343] random 0000 0000 0000 3180b1fc 0fa9c973: urand_change_num 45 xfer_secondary_pool(4): pool_sig ffffff46, data_sig 00000000, bytes_mixed 0 3180b1fc 0fa9c973
[    2.066345] random 0000 0000 0000 3180b1fc 0fa9c973: trying to extract 32 bits from nonblocking
[    2.066347] random 0000 0000 0000 3180b1fc 0fa9c973: debiting 32 entropy credits from nonblocking (unlimited)
[    2.066350] random 0000 0000 0000 3180b1fc 0fa9c973: extract_entropy account returned: 4 
[    2.066353] random 0000 0000 0000 3180b1fc 0fa9c973: urand_change_num 46 extract_buf: pool_sig ffffff46, data_sig 0000001b, bytes_mixed 20 3180b1fc 0fa9c973
[    2.241438] ata2.00: ATAPI: VMware Virtual IDE CDROM Drive, 00000001, max UDMA/33
[    2.241727] ata2.00: configured for UDMA/33
[    2.242111] scsi 1:0:0:0: CD-ROM            NECVMWar VMware IDE CDR10 1.00 PQ: 0 ANSI: 5
[    2.243398] sr0: scsi3-mmc drive: 306x/306x cd/rw xa/form2 cdda tray
[    2.243402] Uniform CD-ROM driver Revision: 3.20
[    2.243454] sr 1:0:0:0: Attached scsi CD-ROM sr0
[    2.243490] sr 1:0:0:0: Attached scsi generic sg0 type 5
[    2.243527] Freeing unused kernel memory: 652k freed
[    2.243580] Write protecting the kernel text: 4840k
[    2.243611] Write protecting the kernel read-only data: 1968k
[    2.243702] random 0000 0000 0000 38974d2b 1d8d6de0: rand_read_num 11 get_random_bytes(16): sig 000001c6 38974d2b 1d8d6de0
