[    0.000000] random 0000 0000 0000 00000000 00000000: rand_read_num 1 get_random_bytes(8): sig 00000000 00000000 00000000
[    0.000000] random 0000 0000 0000 00000000 00000000: extract_entropy(.. 8 ..)
[    0.000000] random 0000 0000 0000 00000000 00000000: going to reseed nonblocking with 64 bits (64 of 0 requested)
[    0.000000] random 0000 0000 0000 00000000 00000000: extract_entropy(.. 8 ..)
[    0.000000] random 0000 0000 0000 00000000 00000000: trying to extract 64 bits from input
[    0.000000] random 0000 0000 0000 00000000 00000000: debiting 0 entropy credits from input
[    0.000000] random 0000 0000 0000 00000000 00000000: extract_entropy account returned: 0 
[    0.000000] random 0000 0000 0000 00000000 00000000: urand_change_num 1 xfer_secondary_pool(8): pool_sig 00000000, data_sig 00000000, bytes_mixed 0 00000000 00000000
[    0.000000] random 0000 0000 0000 00000000 00000000: trying to extract 64 bits from nonblocking
[    0.000000] random 0000 0000 0000 00000000 00000000: debiting 64 entropy credits from nonblocking (unlimited)
[    0.000000] random 0000 0000 0000 00000000 00000000: extract_entropy account returned: 8 
[    0.000000] random 0000 0000 0000 00000000 00000000: urand_change_num 2 extract_buf: pool_sig 00000000, data_sig fffffff9, bytes_mixed 20 00000000 00000000
[    0.000000] Initializing cgroup subsys cpuset
[    0.000000] Initializing cgroup subsys cpu
[    0.000000] Linux version 2.6.32.57 (dcashman@ubuntu) (gcc version 4.6.3 (Ubuntu/Linaro 4.6.3-1ubuntu5) ) #4 SMP Fri May 24 11:09:26 PDT 2013
[    0.000000] KERNEL supported cpus:
[    0.000000]   Intel GenuineIntel
[    0.000000]   AMD AuthenticAMD
[    0.000000]   NSC Geode by NSC
[    0.000000]   Cyrix CyrixInstead
[    0.000000]   Centaur CentaurHauls
[    0.000000]   Transmeta GenuineTMx86
[    0.000000]   Transmeta TransmetaCPU
[    0.000000]   UMC UMC UMC UMC
[    0.000000] BIOS-provided physical RAM map:
[    0.000000]  BIOS-e820: 0000000000000000 - 000000000009f000 (usable)
[    0.000000]  BIOS-e820: 000000000009f000 - 00000000000a0000 (reserved)
[    0.000000]  BIOS-e820: 00000000000ca000 - 00000000000cc000 (reserved)
[    0.000000]  BIOS-e820: 00000000000dc000 - 0000000000100000 (reserved)
[    0.000000]  BIOS-e820: 0000000000100000 - 000000003fee0000 (usable)
[    0.000000]  BIOS-e820: 000000003fee0000 - 000000003feff000 (ACPI data)
[    0.000000]  BIOS-e820: 000000003feff000 - 000000003ff00000 (ACPI NVS)
[    0.000000]  BIOS-e820: 000000003ff00000 - 0000000040000000 (usable)
[    0.000000]  BIOS-e820: 00000000e0000000 - 00000000f0000000 (reserved)
[    0.000000]  BIOS-e820: 00000000fec00000 - 00000000fec10000 (reserved)
[    0.000000]  BIOS-e820: 00000000fee00000 - 00000000fee01000 (reserved)
[    0.000000]  BIOS-e820: 00000000fffe0000 - 0000000100000000 (reserved)
[    0.000000] DMI present.
[    0.000000] Phoenix BIOS detected: BIOS may corrupt low RAM, working around it.
[    0.000000] e820 update range: 0000000000000000 - 0000000000010000 (usable) ==> (reserved)
[    0.000000] last_pfn = 0x40000 max_arch_pfn = 0x1000000
[    0.000000] MTRR default type: uncachable
[    0.000000] MTRR fixed ranges enabled:
[    0.000000]   00000-9FFFF write-back
[    0.000000]   A0000-BFFFF uncachable
[    0.000000]   C0000-CBFFF write-protect
[    0.000000]   CC000-EFFFF uncachable
[    0.000000]   F0000-FFFFF write-protect
[    0.000000] MTRR variable ranges enabled:
[    0.000000]   0 base 0000000000 mask FFC0000000 write-back
[    0.000000]   1 disabled
[    0.000000]   2 disabled
[    0.000000]   3 disabled
[    0.000000]   4 disabled
[    0.000000]   5 disabled
[    0.000000]   6 disabled
[    0.000000]   7 disabled
[    0.000000] x86 PAT enabled: cpu 0, old 0x0, new 0x7010600070106
[    0.000000] Scanning 0 areas for low memory corruption
[    0.000000] modified physical RAM map:
[    0.000000]  modified: 0000000000000000 - 0000000000010000 (reserved)
[    0.000000]  modified: 0000000000010000 - 000000000009f000 (usable)
[    0.000000]  modified: 000000000009f000 - 00000000000a0000 (reserved)
[    0.000000]  modified: 00000000000ca000 - 00000000000cc000 (reserved)
[    0.000000]  modified: 00000000000dc000 - 0000000000100000 (reserved)
[    0.000000]  modified: 0000000000100000 - 000000003fee0000 (usable)
[    0.000000]  modified: 000000003fee0000 - 000000003feff000 (ACPI data)
[    0.000000]  modified: 000000003feff000 - 000000003ff00000 (ACPI NVS)
[    0.000000]  modified: 000000003ff00000 - 0000000040000000 (usable)
[    0.000000]  modified: 00000000e0000000 - 00000000f0000000 (reserved)
[    0.000000]  modified: 00000000fec00000 - 00000000fec10000 (reserved)
[    0.000000]  modified: 00000000fee00000 - 00000000fee01000 (reserved)
[    0.000000]  modified: 00000000fffe0000 - 0000000100000000 (reserved)
[    0.000000] initial memory mapped : 0 - 01e00000
[    0.000000] init_memory_mapping: 0000000000000000-00000000379fe000
[    0.000000] NX (Execute Disable) protection: active
[    0.000000]  0000000000 - 0000200000 page 4k
[    0.000000]  0000200000 - 0037800000 page 2M
[    0.000000]  0037800000 - 00379fe000 page 4k
[    0.000000] kernel direct mapping tables up to 379fe000 @ 10000-16000
[    0.000000] RAMDISK: 2dcfc000 - 32e758c3
[    0.000000] ACPI: RSDP 000f6b80 00024 (v02 PTLTD )
[    0.000000] ACPI: XSDT 3feed636 0005C (v01 INTEL  440BX    06040000 VMW  01324272)
[    0.000000] ACPI: FACP 3fefee98 000F4 (v04 INTEL  440BX    06040000 PTL  000F4240)
[    0.000000] ACPI: DSDT 3feee366 10B32 (v01 PTLTD  Custom   06040000 MSFT 03000001)
[    0.000000] ACPI: FACS 3fefffc0 00040
[    0.000000] ACPI: BOOT 3feee33e 00028 (v01 PTLTD  $SBFTBL$ 06040000  LTP 00000001)
[    0.000000] ACPI: APIC 3feedc3e 003C2 (v01 PTLTD  ? APIC   06040000  LTP 00000000)
[    0.000000] ACPI: MCFG 3feedc02 0003C (v01 PTLTD  $PCITBL$ 06040000  LTP 00000001)
[    0.000000] ACPI: SRAT 3feed732 004D0 (v02 VMWARE MEMPLUG  06040000 VMW  00000001)
[    0.000000] ACPI: HPET 3feed6fa 00038 (v01 VMWARE VMW HPET 06040000 VMW  00000001)
[    0.000000] ACPI: WAET 3feed6d2 00028 (v01 VMWARE VMW WAET 06040000 VMW  00000001)
[    0.000000] ACPI: Local APIC address 0xfee00000
[    0.000000] 134MB HIGHMEM available.
[    0.000000] 889MB LOWMEM available.
[    0.000000]   mapped low ram: 0 - 379fe000
[    0.000000]   low ram: 0 - 379fe000
[    0.000000]   node 0 low ram: 00000000 - 379fe000
[    0.000000]   node 0 bootmap 00012000 - 00018f40
[    0.000000] (9 early reservations) ==> bootmem [0000000000 - 00379fe000]
[    0.000000]   #0 [0000000000 - 0000001000]   BIOS data page ==> [0000000000 - 0000001000]
[    0.000000]   #1 [0000001000 - 0000002000]    EX TRAMPOLINE ==> [0000001000 - 0000002000]
[    0.000000]   #2 [0000006000 - 0000007000]       TRAMPOLINE ==> [0000006000 - 0000007000]
[    0.000000]   #3 [0001000000 - 0001a75ff8]    TEXT DATA BSS ==> [0001000000 - 0001a75ff8]
[    0.000000]   #4 [002dcfc000 - 0032e758c3]          RAMDISK ==> [002dcfc000 - 0032e758c3]
[    0.000000]   #5 [000009f000 - 0000100000]    BIOS reserved ==> [000009f000 - 0000100000]
[    0.000000]   #6 [0001a76000 - 0001a851c0]              BRK ==> [0001a76000 - 0001a851c0]
[    0.000000]   #7 [0000010000 - 0000012000]          PGTABLE ==> [0000010000 - 0000012000]
[    0.000000]   #8 [0000012000 - 0000019000]          BOOTMAP ==> [0000012000 - 0000019000]
[    0.000000] found SMP MP-table at [c00f6bf0] f6bf0
[    0.000000] Zone PFN ranges:
[    0.000000]   DMA      0x00000010 -> 0x00001000
[    0.000000]   Normal   0x00001000 -> 0x000379fe
[    0.000000]   HighMem  0x000379fe -> 0x00040000
[    0.000000] Movable zone start PFN for each node
[    0.000000] early_node_map[3] active PFN ranges
[    0.000000]     0: 0x00000010 -> 0x0000009f
[    0.000000]     0: 0x00000100 -> 0x0003fee0
[    0.000000]     0: 0x0003ff00 -> 0x00040000
[    0.000000] On node 0 totalpages: 261999
[    0.000000] free_area_init_node: node 0, pgdat c1715200, node_mem_map c1a87200
[    0.000000]   DMA zone: 32 pages used for memmap
[    0.000000]   DMA zone: 0 pages reserved
[    0.000000]   DMA zone: 3951 pages, LIFO batch:0
[    0.000000]   Normal zone: 1748 pages used for memmap
[    0.000000]   Normal zone: 221994 pages, LIFO batch:31
[    0.000000]   HighMem zone: 269 pages used for memmap
[    0.000000]   HighMem zone: 34005 pages, LIFO batch:7
[    0.000000] Using APIC driver default
[    0.000000] ACPI: PM-Timer IO Port: 0x1008
[    0.000000] ACPI: Local APIC address 0xfee00000
[    0.000000] ACPI: LAPIC (acpi_id[0x00] lapic_id[0x00] enabled)
[    0.000000] ACPI: LAPIC (acpi_id[0x01] lapic_id[0x02] disabled)
[    0.000000] ACPI: LAPIC (acpi_id[0x02] lapic_id[0x04] disabled)
[    0.000000] ACPI: LAPIC (acpi_id[0x03] lapic_id[0x06] disabled)
[    0.000000] ACPI: LAPIC (acpi_id[0x04] lapic_id[0x08] disabled)
[    0.000000] ACPI: LAPIC (acpi_id[0x05] lapic_id[0x0a] disabled)
[    0.000000] ACPI: LAPIC (acpi_id[0x06] lapic_id[0x0c] disabled)
[    0.000000] ACPI: LAPIC (acpi_id[0x07] lapic_id[0x0e] disabled)
[    0.000000] ACPI: LAPIC (acpi_id[0x08] lapic_id[0x10] disabled)
[    0.000000] ACPI: LAPIC (acpi_id[0x09] lapic_id[0x12] disabled)
[    0.000000] ACPI: LAPIC (acpi_id[0x0a] lapic_id[0x14] disabled)
[    0.000000] ACPI: LAPIC (acpi_id[0x0b] lapic_id[0x16] disabled)
[    0.000000] ACPI: LAPIC (acpi_id[0x0c] lapic_id[0x18] disabled)
[    0.000000] ACPI: LAPIC (acpi_id[0x0d] lapic_id[0x1a] disabled)
[    0.000000] ACPI: LAPIC (acpi_id[0x0e] lapic_id[0x1c] disabled)
[    0.000000] ACPI: LAPIC (acpi_id[0x0f] lapic_id[0x1e] disabled)
[    0.000000] ACPI: LAPIC (acpi_id[0x10] lapic_id[0x20] disabled)
[    0.000000] ACPI: LAPIC (acpi_id[0x11] lapic_id[0x22] disabled)
[    0.000000] ACPI: LAPIC (acpi_id[0x12] lapic_id[0x24] disabled)
[    0.000000] ACPI: LAPIC (acpi_id[0x13] lapic_id[0x26] disabled)
[    0.000000] ACPI: LAPIC (acpi_id[0x14] lapic_id[0x28] disabled)
[    0.000000] ACPI: LAPIC (acpi_id[0x15] lapic_id[0x2a] disabled)
[    0.000000] ACPI: LAPIC (acpi_id[0x16] lapic_id[0x2c] disabled)
[    0.000000] ACPI: LAPIC (acpi_id[0x17] lapic_id[0x2e] disabled)
[    0.000000] ACPI: LAPIC (acpi_id[0x18] lapic_id[0x30] disabled)
[    0.000000] ACPI: LAPIC (acpi_id[0x19] lapic_id[0x32] disabled)
[    0.000000] ACPI: LAPIC (acpi_id[0x1a] lapic_id[0x34] disabled)
[    0.000000] ACPI: LAPIC (acpi_id[0x1b] lapic_id[0x36] disabled)
[    0.000000] ACPI: LAPIC (acpi_id[0x1c] lapic_id[0x38] disabled)
[    0.000000] ACPI: LAPIC (acpi_id[0x1d] lapic_id[0x3a] disabled)
[    0.000000] ACPI: LAPIC (acpi_id[0x1e] lapic_id[0x3c] disabled)
[    0.000000] ACPI: LAPIC (acpi_id[0x1f] lapic_id[0x3e] disabled)
[    0.000000] ACPI: LAPIC (acpi_id[0x20] lapic_id[0x40] disabled)
[    0.000000] ACPI: LAPIC (acpi_id[0x21] lapic_id[0x42] disabled)
[    0.000000] ACPI: LAPIC (acpi_id[0x22] lapic_id[0x44] disabled)
[    0.000000] ACPI: LAPIC (acpi_id[0x23] lapic_id[0x46] disabled)
[    0.000000] ACPI: LAPIC (acpi_id[0x24] lapic_id[0x48] disabled)
[    0.000000] ACPI: LAPIC (acpi_id[0x25] lapic_id[0x4a] disabled)
[    0.000000] ACPI: LAPIC (acpi_id[0x26] lapic_id[0x4c] disabled)
[    0.000000] ACPI: LAPIC (acpi_id[0x27] lapic_id[0x4e] disabled)
[    0.000000] ACPI: LAPIC (acpi_id[0x28] lapic_id[0x50] disabled)
[    0.000000] ACPI: LAPIC (acpi_id[0x29] lapic_id[0x52] disabled)
[    0.000000] ACPI: LAPIC (acpi_id[0x2a] lapic_id[0x54] disabled)
[    0.000000] ACPI: LAPIC (acpi_id[0x2b] lapic_id[0x56] disabled)
[    0.000000] ACPI: LAPIC (acpi_id[0x2c] lapic_id[0x58] disabled)
[    0.000000] ACPI: LAPIC (acpi_id[0x2d] lapic_id[0x5a] disabled)
[    0.000000] ACPI: LAPIC (acpi_id[0x2e] lapic_id[0x5c] disabled)
[    0.000000] ACPI: LAPIC (acpi_id[0x2f] lapic_id[0x5e] disabled)
[    0.000000] ACPI: LAPIC (acpi_id[0x30] lapic_id[0x60] disabled)
[    0.000000] ACPI: LAPIC (acpi_id[0x31] lapic_id[0x62] disabled)
[    0.000000] ACPI: LAPIC (acpi_id[0x32] lapic_id[0x64] disabled)
[    0.000000] ACPI: LAPIC (acpi_id[0x33] lapic_id[0x66] disabled)
[    0.000000] ACPI: LAPIC (acpi_id[0x34] lapic_id[0x68] disabled)
[    0.000000] ACPI: LAPIC (acpi_id[0x35] lapic_id[0x6a] disabled)
[    0.000000] ACPI: LAPIC (acpi_id[0x36] lapic_id[0x6c] disabled)
[    0.000000] ACPI: LAPIC (acpi_id[0x37] lapic_id[0x6e] disabled)
[    0.000000] ACPI: LAPIC (acpi_id[0x38] lapic_id[0x70] disabled)
[    0.000000] ACPI: LAPIC (acpi_id[0x39] lapic_id[0x72] disabled)
[    0.000000] ACPI: LAPIC (acpi_id[0x3a] lapic_id[0x74] disabled)
[    0.000000] ACPI: LAPIC (acpi_id[0x3b] lapic_id[0x76] disabled)
[    0.000000] ACPI: LAPIC (acpi_id[0x3c] lapic_id[0x78] disabled)
[    0.000000] ACPI: LAPIC (acpi_id[0x3d] lapic_id[0x7a] disabled)
[    0.000000] ACPI: LAPIC (acpi_id[0x3e] lapic_id[0x7c] disabled)
[    0.000000] ACPI: LAPIC (acpi_id[0x3f] lapic_id[0x7e] disabled)
[    0.000000] ACPI: LAPIC_NMI (acpi_id[0x00] high edge lint[0x1])
[    0.000000] ACPI: LAPIC_NMI (acpi_id[0x01] high edge lint[0x1])
[    0.000000] ACPI: LAPIC_NMI (acpi_id[0x02] high edge lint[0x1])
[    0.000000] ACPI: LAPIC_NMI (acpi_id[0x03] high edge lint[0x1])
[    0.000000] ACPI: LAPIC_NMI (acpi_id[0x04] high edge lint[0x1])
[    0.000000] ACPI: LAPIC_NMI (acpi_id[0x05] high edge lint[0x1])
[    0.000000] ACPI: LAPIC_NMI (acpi_id[0x06] high edge lint[0x1])
[    0.000000] ACPI: LAPIC_NMI (acpi_id[0x07] high edge lint[0x1])
[    0.000000] ACPI: LAPIC_NMI (acpi_id[0x08] high edge lint[0x1])
[    0.000000] ACPI: LAPIC_NMI (acpi_id[0x09] high edge lint[0x1])
[    0.000000] ACPI: LAPIC_NMI (acpi_id[0x0a] high edge lint[0x1])
[    0.000000] ACPI: LAPIC_NMI (acpi_id[0x0b] high edge lint[0x1])
[    0.000000] ACPI: LAPIC_NMI (acpi_id[0x0c] high edge lint[0x1])
[    0.000000] ACPI: LAPIC_NMI (acpi_id[0x0d] high edge lint[0x1])
[    0.000000] ACPI: LAPIC_NMI (acpi_id[0x0e] high edge lint[0x1])
[    0.000000] ACPI: LAPIC_NMI (acpi_id[0x0f] high edge lint[0x1])
[    0.000000] ACPI: LAPIC_NMI (acpi_id[0x10] high edge lint[0x1])
[    0.000000] ACPI: LAPIC_NMI (acpi_id[0x11] high edge lint[0x1])
[    0.000000] ACPI: LAPIC_NMI (acpi_id[0x12] high edge lint[0x1])
[    0.000000] ACPI: LAPIC_NMI (acpi_id[0x13] high edge lint[0x1])
[    0.000000] ACPI: LAPIC_NMI (acpi_id[0x14] high edge lint[0x1])
[    0.000000] ACPI: LAPIC_NMI (acpi_id[0x15] high edge lint[0x1])
[    0.000000] ACPI: LAPIC_NMI (acpi_id[0x16] high edge lint[0x1])
[    0.000000] ACPI: LAPIC_NMI (acpi_id[0x17] high edge lint[0x1])
[    0.000000] ACPI: LAPIC_NMI (acpi_id[0x18] high edge lint[0x1])
[    0.000000] ACPI: LAPIC_NMI (acpi_id[0x19] high edge lint[0x1])
[    0.000000] ACPI: LAPIC_NMI (acpi_id[0x1a] high edge lint[0x1])
[    0.000000] ACPI: LAPIC_NMI (acpi_id[0x1b] high edge lint[0x1])
[    0.000000] ACPI: LAPIC_NMI (acpi_id[0x1c] high edge lint[0x1])
[    0.000000] ACPI: LAPIC_NMI (acpi_id[0x1d] high edge lint[0x1])
[    0.000000] ACPI: LAPIC_NMI (acpi_id[0x1e] high edge lint[0x1])
[    0.000000] ACPI: LAPIC_NMI (acpi_id[0x1f] high edge lint[0x1])
[    0.000000] ACPI: LAPIC_NMI (acpi_id[0x20] high edge lint[0x1])
[    0.000000] ACPI: LAPIC_NMI (acpi_id[0x21] high edge lint[0x1])
[    0.000000] ACPI: LAPIC_NMI (acpi_id[0x22] high edge lint[0x1])
[    0.000000] ACPI: LAPIC_NMI (acpi_id[0x23] high edge lint[0x1])
[    0.000000] ACPI: LAPIC_NMI (acpi_id[0x24] high edge lint[0x1])
[    0.000000] ACPI: LAPIC_NMI (acpi_id[0x25] high edge lint[0x1])
[    0.000000] ACPI: LAPIC_NMI (acpi_id[0x26] high edge lint[0x1])
[    0.000000] ACPI: LAPIC_NMI (acpi_id[0x27] high edge lint[0x1])
[    0.000000] ACPI: LAPIC_NMI (acpi_id[0x28] high edge lint[0x1])
[    0.000000] ACPI: LAPIC_NMI (acpi_id[0x29] high edge lint[0x1])
[    0.000000] ACPI: LAPIC_NMI (acpi_id[0x2a] high edge lint[0x1])
[    0.000000] ACPI: LAPIC_NMI (acpi_id[0x2b] high edge lint[0x1])
[    0.000000] ACPI: LAPIC_NMI (acpi_id[0x2c] high edge lint[0x1])
[    0.000000] ACPI: LAPIC_NMI (acpi_id[0x2d] high edge lint[0x1])
[    0.000000] ACPI: LAPIC_NMI (acpi_id[0x2e] high edge lint[0x1])
[    0.000000] ACPI: LAPIC_NMI (acpi_id[0x2f] high edge lint[0x1])
[    0.000000] ACPI: LAPIC_NMI (acpi_id[0x30] high edge lint[0x1])
[    0.000000] ACPI: LAPIC_NMI (acpi_id[0x31] high edge lint[0x1])
[    0.000000] ACPI: LAPIC_NMI (acpi_id[0x32] high edge lint[0x1])
[    0.000000] ACPI: LAPIC_NMI (acpi_id[0x33] high edge lint[0x1])
[    0.000000] ACPI: LAPIC_NMI (acpi_id[0x34] high edge lint[0x1])
[    0.000000] ACPI: LAPIC_NMI (acpi_id[0x35] high edge lint[0x1])
[    0.000000] ACPI: LAPIC_NMI (acpi_id[0x36] high edge lint[0x1])
[    0.000000] ACPI: LAPIC_NMI (acpi_id[0x37] high edge lint[0x1])
[    0.000000] ACPI: LAPIC_NMI (acpi_id[0x38] high edge lint[0x1])
[    0.000000] ACPI: LAPIC_NMI (acpi_id[0x39] high edge lint[0x1])
[    0.000000] ACPI: LAPIC_NMI (acpi_id[0x3a] high edge lint[0x1])
[    0.000000] ACPI: LAPIC_NMI (acpi_id[0x3b] high edge lint[0x1])
[    0.000000] ACPI: LAPIC_NMI (acpi_id[0x3c] high edge lint[0x1])
[    0.000000] ACPI: LAPIC_NMI (acpi_id[0x3d] high edge lint[0x1])
[    0.000000] ACPI: LAPIC_NMI (acpi_id[0x3e] high edge lint[0x1])
[    0.000000] ACPI: LAPIC_NMI (acpi_id[0x3f] high edge lint[0x1])
[    0.000000] ACPI: Skipping IOAPIC probe due to 'noapic' option.
[    0.000000] Using ACPI for processor (LAPIC) configuration information
[    0.000000] ACPI: HPET id: 0x8086af01 base: 0xfed00000
[    0.000000] Intel MultiProcessor Specification v1.4
[    0.000000]     Virtual Wire compatibility mode.
[    0.000000] MPTABLE: OEM ID: INTEL   
[    0.000000] MPTABLE: Product ID: 440BX       
[    0.000000] MPTABLE: APIC at: 0xFEE00000
[    0.000000] I/O APIC #1 Version 17 at 0xFEC00000.
[    0.000000] Processors: 1
[    0.000000] 64 Processors exceeds NR_CPUS limit of 8
[    0.000000] SMP: Allowing 8 CPUs, 7 hotplug CPUs
[    0.000000] nr_irqs_gsi: 24
[    0.000000] PM: Registered nosave memory: 000000000009f000 - 00000000000a0000
[    0.000000] PM: Registered nosave memory: 00000000000a0000 - 00000000000ca000
[    0.000000] PM: Registered nosave memory: 00000000000ca000 - 00000000000cc000
[    0.000000] PM: Registered nosave memory: 00000000000cc000 - 00000000000dc000
[    0.000000] PM: Registered nosave memory: 00000000000dc000 - 0000000000100000
[    0.000000] Allocating PCI resources starting at 40000000 (gap: 40000000:a0000000)
[    0.000000] Booting paravirtualized kernel on bare hardware
[    0.000000] NR_CPUS:8 nr_cpumask_bits:8 nr_cpu_ids:8 nr_node_ids:1
[    0.000000] PERCPU: Embedded 15 pages/cpu @c2400000 s39320 r0 d22120 u262144
[    0.000000] pcpu-alloc: s39320 r0 d22120 u262144 alloc=1*2097152
[    0.000000] pcpu-alloc: [0] 0 1 2 3 4 5 6 7 
[    0.000000] Built 1 zonelists in Zone order, mobility grouping on.  Total pages: 259950
[    0.000000] Kernel command line: BOOT_IMAGE=/boot/vmlinuz-2.6.32.57 root=UUID=007b598c-390d-4c65-84a1-4ff752d48633 ro quiet splash maxcpus=0
[    0.000000] PID hash table entries: 4096 (order: 2, 16384 bytes)
[    0.000000] Dentry cache hash table entries: 131072 (order: 7, 524288 bytes)
[    0.000000] Inode-cache hash table entries: 65536 (order: 6, 262144 bytes)
[    0.000000] Enabling fast FPU save and restore... done.
[    0.000000] Enabling unmasked SIMD FPU exception support... done.
[    0.000000] Initializing CPU#0
[    0.000000] xsave/xrstor: enabled xstate_bv 0x7, cntxt size 0x340
[    0.000000] allocated 5242560 bytes of page_cgroup
[    0.000000] please try 'cgroup_disable=memory' option if you don't want memory cgroups
[    0.000000] Initializing HighMem for node 0 (000379fe:00040000)
[    0.000000] Memory: 938260k/1048576k available (4839k kernel code, 108848k reserved, 2518k data, 652k init, 137096k highmem)
[    0.000000] virtual kernel memory layout:
[    0.000000]     fixmap  : 0xfff1e000 - 0xfffff000   ( 900 kB)
[    0.000000]     pkmap   : 0xffa00000 - 0xffc00000   (2048 kB)
[    0.000000]     vmalloc : 0xf81fe000 - 0xff9fe000   ( 120 MB)
[    0.000000]     lowmem  : 0xc0000000 - 0xf79fe000   ( 889 MB)
[    0.000000]       .init : 0xc1730000 - 0xc17d3000   ( 652 kB)
[    0.000000]       .data : 0xc14b9cce - 0xc172f764   (2518 kB)
[    0.000000]       .text : 0xc1000000 - 0xc14b9cce   (4839 kB)
[    0.000000] Checking if this processor honours the WP bit even in supervisor mode...Ok.
[    0.000000] SLUB: Genslabs=13, HWalign=64, Order=0-3, MinObjects=0, CPUs=8, Nodes=1
[    0.000000] Hierarchical RCU implementation.
[    0.000000] NR_IRQS:2304 nr_irqs:472
[    0.000000] Extended CMOS year: 2000
[    0.000000] Console: colour VGA+ 80x25
[    0.000000] console [tty0] enabled
[    0.000000] hpet clockevent registered
[    0.000000] TSC freq read from hypervisor : 2394.620 MHz
[    0.000000] Detected 2394.620 MHz processor.
[    0.000002] Calibrating delay loop (skipped) preset value.. 4789.24 BogoMIPS (lpj=9578480)
[    0.000011] Security Framework initialized
[    0.000014] SELinux:  Disabled at boot.
[    0.000019] Mount-cache hash table entries: 512
[    0.000117] Initializing cgroup subsys cpuacct
[    0.000120] Initializing cgroup subsys memory
[    0.000124] Initializing cgroup subsys devices
[    0.000125] Initializing cgroup subsys freezer
[    0.000152] CPU: Physical Processor ID: 0
[    0.000159] CPU: L1 I cache: 32K, L1 D cache: 32K
[    0.000160] CPU: L2 cache: 256K
[    0.000161] CPU: L3 cache: 4096K
[    0.000166] mce: CPU supports 0 MCE banks
[    0.000178] Performance Events: no PMU driver, software events only.
[    0.000188] Checking 'hlt' instruction... OK.
[    0.018146] SMP alternatives: switching to UP code
[    0.033229] ACPI: Core revision 20090903
[    0.039313] ACPI: setting ELCR to 0200 (from 0e20)
[    0.040451] ftrace: converting mcount calls to 0f 1f 44 00 00
[    0.040456] ftrace: allocating 22631 entries in 45 pages
[    0.057864] CANARY value: 87806ed3 for PID: 1
[    0.057895] Not enabling x2apic, Intr-remapping init failed.
[    0.057896] Enabling APIC mode:  Flat.  Using 1 I/O APICs
[    0.057904] SMP mode deactivated.
[    0.057929] SMP disabled
[    0.057984] Brought up 1 CPUs
[    0.057986] Total of 1 processors activated (4789.24 BogoMIPS).
[    0.057990] CPU0 attaching NULL sched-domain.
[    0.058059] devtmpfs: initialized
[    0.058164] sysctl table check failed: /kernel/random/now_input .1.40.7 Unknown sysctl binary path
[    0.058405] Pid: 1, comm: swapper Not tainted 2.6.32.57 #4
[    0.058406] Call Trace:
[    0.058410]  [<c14a8a0e>] ? printk+0x1d/0x1f
[    0.058414]  [<c107b56f>] set_fail+0x4f/0x60
[    0.058415]  [<c107b8b3>] sysctl_check_table+0x333/0x620
[    0.058417]  [<c107b8cc>] sysctl_check_table+0x34c/0x620
[    0.058419]  [<c107b8cc>] sysctl_check_table+0x34c/0x620
[    0.058422]  [<c1746d48>] sysctl_init+0x25/0x29
[    0.058424]  [<c1003042>] do_one_initcall+0x32/0x1a0
[    0.058427]  [<c1746d23>] ? sysctl_init+0x0/0x29
[    0.058429]  [<c17308e7>] kernel_init+0x12d/0x17a
[    0.058431]  [<c17307ba>] ? kernel_init+0x0/0x17a
[    0.058433]  [<c1009b07>] kernel_thread_helper+0x7/0x10
[    0.058434] sysctl table check failed: /kernel/random/now_blocking .1.40.8 Unknown sysctl binary path
[    0.058709] Pid: 1, comm: swapper Not tainted 2.6.32.57 #4
[    0.058710] Call Trace:
[    0.058712]  [<c14a8a0e>] ? printk+0x1d/0x1f
[    0.058714]  [<c107b56f>] set_fail+0x4f/0x60
[    0.058715]  [<c107b8b3>] sysctl_check_table+0x333/0x620
[    0.058717]  [<c107b8cc>] sysctl_check_table+0x34c/0x620
[    0.058719]  [<c107b8cc>] sysctl_check_table+0x34c/0x620
[    0.058721]  [<c1746d48>] sysctl_init+0x25/0x29
[    0.058723]  [<c1003042>] do_one_initcall+0x32/0x1a0
[    0.058725]  [<c1746d23>] ? sysctl_init+0x0/0x29
[    0.058727]  [<c17308e7>] kernel_init+0x12d/0x17a
[    0.058728]  [<c17307ba>] ? kernel_init+0x0/0x17a
[    0.058730]  [<c1009b07>] kernel_thread_helper+0x7/0x10
[    0.058732] sysctl table check failed: /kernel/random/now_nonblocking .1.40.9 Unknown sysctl binary path
[    0.058976] Pid: 1, comm: swapper Not tainted 2.6.32.57 #4
[    0.058976] Call Trace:
[    0.058978]  [<c14a8a0e>] ? printk+0x1d/0x1f
[    0.058979]  [<c107b56f>] set_fail+0x4f/0x60
[    0.058981]  [<c107b8b3>] sysctl_check_table+0x333/0x620
[    0.058983]  [<c107b8cc>] sysctl_check_table+0x34c/0x620
[    0.058984]  [<c107b8cc>] sysctl_check_table+0x34c/0x620
[    0.058986]  [<c1746d48>] sysctl_init+0x25/0x29
[    0.058988]  [<c1003042>] do_one_initcall+0x32/0x1a0
[    0.058990]  [<c1746d23>] ? sysctl_init+0x0/0x29
[    0.058991]  [<c17308e7>] kernel_init+0x12d/0x17a
[    0.058993]  [<c17307ba>] ? kernel_init+0x0/0x17a
[    0.058994]  [<c1009b07>] kernel_thread_helper+0x7/0x10
[    0.058996] sysctl table check failed: /kernel/random/nb_input_bytes .1.40.10 Unknown sysctl binary path
[    0.059226] Pid: 1, comm: swapper Not tainted 2.6.32.57 #4
[    0.059227] Call Trace:
[    0.059228]  [<c14a8a0e>] ? printk+0x1d/0x1f
[    0.059230]  [<c107b56f>] set_fail+0x4f/0x60
[    0.059231]  [<c107b8b3>] sysctl_check_table+0x333/0x620
[    0.059233]  [<c107b8cc>] sysctl_check_table+0x34c/0x620
[    0.059234]  [<c107b8cc>] sysctl_check_table+0x34c/0x620
[    0.059236]  [<c1746d48>] sysctl_init+0x25/0x29
[    0.059238]  [<c1003042>] do_one_initcall+0x32/0x1a0
[    0.059240]  [<c1746d23>] ? sysctl_init+0x0/0x29
[    0.059241]  [<c17308e7>] kernel_init+0x12d/0x17a
[    0.059243]  [<c17307ba>] ? kernel_init+0x0/0x17a
[    0.059244]  [<c1009b07>] kernel_thread_helper+0x7/0x10
[    0.059246] sysctl table check failed: /kernel/random/nb_stir_count .1.40.11 Unknown sysctl binary path
[    0.059475] Pid: 1, comm: swapper Not tainted 2.6.32.57 #4
[    0.059476] Call Trace:
[    0.059477]  [<c14a8a0e>] ? printk+0x1d/0x1f
[    0.059479]  [<c107b56f>] set_fail+0x4f/0x60
[    0.059480]  [<c107b8b3>] sysctl_check_table+0x333/0x620
[    0.059482]  [<c107b8cc>] sysctl_check_table+0x34c/0x620
[    0.059483]  [<c107b8cc>] sysctl_check_table+0x34c/0x620
[    0.059486]  [<c1746d48>] sysctl_init+0x25/0x29
[    0.059487]  [<c1003042>] do_one_initcall+0x32/0x1a0
[    0.059489]  [<c1746d23>] ? sysctl_init+0x0/0x29
[    0.059491]  [<c17308e7>] kernel_init+0x12d/0x17a
[    0.059492]  [<c17307ba>] ? kernel_init+0x0/0x17a
[    0.059494]  [<c1009b07>] kernel_thread_helper+0x7/0x10
[    0.059495] sysctl table check failed: /kernel/random/nb_reentry_count .1.40.12 Unknown sysctl binary path
[    0.059759] Pid: 1, comm: swapper Not tainted 2.6.32.57 #4
[    0.059759] Call Trace:
[    0.059761]  [<c14a8a0e>] ? printk+0x1d/0x1f
[    0.059763]  [<c107b56f>] set_fail+0x4f/0x60
[    0.059764]  [<c107b8b3>] sysctl_check_table+0x333/0x620
[    0.059766]  [<c107b8cc>] sysctl_check_table+0x34c/0x620
[    0.059767]  [<c107b8cc>] sysctl_check_table+0x34c/0x620
[    0.059770]  [<c1746d48>] sysctl_init+0x25/0x29
[    0.059771]  [<c1003042>] do_one_initcall+0x32/0x1a0
[    0.059773]  [<c1746d23>] ? sysctl_init+0x0/0x29
[    0.059774]  [<c17308e7>] kernel_init+0x12d/0x17a
[    0.059776]  [<c17307ba>] ? kernel_init+0x0/0x17a
[    0.059777]  [<c1009b07>] kernel_thread_helper+0x7/0x10
[    0.059889] RANDOM - __seed init called.
[    0.059890] RANDOM - __seed init called.
[    0.059891] RANDOM - __seed init called.
[    0.059892] RANDOM - __random32 called. Change num 1.  Value: 865378fd	b53d80db	1f8ba37e
[    0.059893] RANDOM - __random32 called. Change num 2.  Value: 378fdd29	53d80db0	46fc7ad7
[    0.059894] RANDOM - __random32 called. Change num 3.  Value: fdd29985	3d80db0e	f5ae23f5
[    0.059896] RANDOM - __random32 called. Change num 4.  Value: 299855dc	d80db0e5	47eb1be7
[    0.059897] RANDOM - __random32 called. Change num 5.  Value: 855dc464	80db0e5c	37cf1678
[    0.059898] RANDOM - __random32 called. Change num 6.  Value: dc4647ba	db0e5c1	2cf136f4
[    0.059899] RANDOM - random32 init called.  Value: dc4647ba	db0e5c1	2cf136f4
[    0.059905] regulator: core version 0.5
[    0.059981] Time:  0:20:10  Date: 05/25/13
[    0.060017] NET: Registered protocol family 16
[    0.060079] EISA bus registered
[    0.060841] ACPI: bus type pci registered
[    0.060935] PCI: MCFG configuration 0: base e0000000 segment 0 buses 0 - 255
[    0.060937] PCI: MCFG area at e0000000 reserved in E820
[    0.060938] PCI: Using MMCONFIG for extended config space
[    0.060939] PCI: Using configuration type 1 for base access
[    0.061384] bio: create slab <bio-0> at 0
[    0.062575] ACPI: EC: Look up EC in DSDT
[    0.100359] ACPI: BIOS _OSI(Linux) query ignored
[    0.106633] ACPI: Interpreter enabled
[    0.106638] ACPI: (supports S0 S1 S4 S5)
[    0.106651] ACPI: Using PIC for interrupt routing
[    0.188509] ACPI: No dock devices found.
[    0.189317] ACPI: PCI Root Bridge [PCI0] (0000:00)
[    0.191220] pci 0000:00:07.1: reg 20 io port: [0x10c0-0x10cf]
[    0.191801] pci 0000:00:07.3: quirk: region 1000-103f claimed by PIIX4 ACPI
[    0.191813] pci 0000:00:07.3: quirk: region 1040-104f claimed by PIIX4 SMB
[    0.192381] pci 0000:00:07.7: reg 10 io port: [0x1080-0x10bf]
[    0.192798] pci 0000:00:07.7: reg 14 64bit mmio: [0xc8000000-0xc8001fff]
[    0.194032] pci 0000:00:0f.0: reg 10 io port: [0x10d0-0x10df]
[    0.194073] pci 0000:00:0f.0: reg 14 32bit mmio pref: [0xd0000000-0xd7ffffff]
[    0.194113] pci 0000:00:0f.0: reg 18 32bit mmio: [0xc8800000-0xc8ffffff]
[    0.194266] pci 0000:00:0f.0: reg 30 32bit mmio pref: [0x000000-0x007fff]
[    0.194822] pci 0000:00:10.0: reg 10 io port: [0x1400-0x14ff]
[    0.195184] pci 0000:00:10.0: reg 14 64bit mmio: [0xc8040000-0xc805ffff]
[    0.195594] pci 0000:00:10.0: reg 1c 64bit mmio: [0xc8020000-0xc803ffff]
[    0.195673] pci 0000:00:10.0: reg 30 32bit mmio pref: [0x000000-0x003fff]
[    0.197127] pci 0000:00:15.0: PME# supported from D0 D3hot D3cold
[    0.197150] pci 0000:00:15.0: PME# disabled
[    0.198012] pci 0000:00:15.1: PME# supported from D0 D3hot D3cold
[    0.198033] pci 0000:00:15.1: PME# disabled
[    0.198935] pci 0000:00:15.2: PME# supported from D0 D3hot D3cold
[    0.198957] pci 0000:00:15.2: PME# disabled
[    0.199913] pci 0000:00:15.3: PME# supported from D0 D3hot D3cold
[    0.199934] pci 0000:00:15.3: PME# disabled
[    0.200870] pci 0000:00:15.4: PME# supported from D0 D3hot D3cold
[    0.200892] pci 0000:00:15.4: PME# disabled
[    0.201821] pci 0000:00:15.5: PME# supported from D0 D3hot D3cold
[    0.201842] pci 0000:00:15.5: PME# disabled
[    0.202793] pci 0000:00:15.6: PME# supported from D0 D3hot D3cold
[    0.202814] pci 0000:00:15.6: PME# disabled
[    0.203766] pci 0000:00:15.7: PME# supported from D0 D3hot D3cold
[    0.203788] pci 0000:00:15.7: PME# disabled
[    0.204692] pci 0000:00:16.0: PME# supported from D0 D3hot D3cold
[    0.204713] pci 0000:00:16.0: PME# disabled
[    0.205637] pci 0000:00:16.1: PME# supported from D0 D3hot D3cold
[    0.205658] pci 0000:00:16.1: PME# disabled
[    0.206584] pci 0000:00:16.2: PME# supported from D0 D3hot D3cold
[    0.206605] pci 0000:00:16.2: PME# disabled
[    0.207531] pci 0000:00:16.3: PME# supported from D0 D3hot D3cold
[    0.207551] pci 0000:00:16.3: PME# disabled
[    0.208536] pci 0000:00:16.4: PME# supported from D0 D3hot D3cold
[    0.208558] pci 0000:00:16.4: PME# disabled
[    0.209470] pci 0000:00:16.5: PME# supported from D0 D3hot D3cold
[    0.209501] pci 0000:00:16.5: PME# disabled
[    0.210399] pci 0000:00:16.6: PME# supported from D0 D3hot D3cold
[    0.210420] pci 0000:00:16.6: PME# disabled
[    0.211347] pci 0000:00:16.7: PME# supported from D0 D3hot D3cold
[    0.211368] pci 0000:00:16.7: PME# disabled
[    0.212316] pci 0000:00:17.0: PME# supported from D0 D3hot D3cold
[    0.212337] pci 0000:00:17.0: PME# disabled
[    0.213261] pci 0000:00:17.1: PME# supported from D0 D3hot D3cold
[    0.213281] pci 0000:00:17.1: PME# disabled
[    0.214206] pci 0000:00:17.2: PME# supported from D0 D3hot D3cold
[    0.214227] pci 0000:00:17.2: PME# disabled
[    0.215150] pci 0000:00:17.3: PME# supported from D0 D3hot D3cold
[    0.215171] pci 0000:00:17.3: PME# disabled
[    0.216104] pci 0000:00:17.4: PME# supported from D0 D3hot D3cold
[    0.216125] pci 0000:00:17.4: PME# disabled
[    0.217049] pci 0000:00:17.5: PME# supported from D0 D3hot D3cold
[    0.217070] pci 0000:00:17.5: PME# disabled
[    0.217992] pci 0000:00:17.6: PME# supported from D0 D3hot D3cold
[    0.218013] pci 0000:00:17.6: PME# disabled
[    0.218955] pci 0000:00:17.7: PME# supported from D0 D3hot D3cold
[    0.218976] pci 0000:00:17.7: PME# disabled
[    0.219903] pci 0000:00:18.0: PME# supported from D0 D3hot D3cold
[    0.219924] pci 0000:00:18.0: PME# disabled
[    0.220864] pci 0000:00:18.1: PME# supported from D0 D3hot D3cold
[    0.220885] pci 0000:00:18.1: PME# disabled
[    0.221810] pci 0000:00:18.2: PME# supported from D0 D3hot D3cold
[    0.221831] pci 0000:00:18.2: PME# disabled
[    0.222751] pci 0000:00:18.3: PME# supported from D0 D3hot D3cold
[    0.222772] pci 0000:00:18.3: PME# disabled
[    0.223723] pci 0000:00:18.4: PME# supported from D0 D3hot D3cold
[    0.223744] pci 0000:00:18.4: PME# disabled
[    0.224672] pci 0000:00:18.5: PME# supported from D0 D3hot D3cold
[    0.224693] pci 0000:00:18.5: PME# disabled
[    0.225623] pci 0000:00:18.6: PME# supported from D0 D3hot D3cold
[    0.225644] pci 0000:00:18.6: PME# disabled
[    0.226580] pci 0000:00:18.7: PME# supported from D0 D3hot D3cold
[    0.226601] pci 0000:00:18.7: PME# disabled
[    0.227755] pci 0000:02:00.0: reg 20 io port: [0x20c0-0x20df]
[    0.228246] pci 0000:02:01.0: reg 10 io port: [0x2000-0x207f]
[    0.228502] pci 0000:02:01.0: reg 30 32bit mmio pref: [0x000000-0x00ffff]
[    0.229041] pci 0000:02:02.0: reg 10 io port: [0x2080-0x20bf]
[    0.229659] pci 0000:02:03.0: reg 10 32bit mmio: [0xc9000000-0xc9000fff]
[    0.230245] pci 0000:00:11.0: transparent bridge
[    0.230266] pci 0000:00:11.0: bridge io port: [0x2000-0x3fff]
[    0.230287] pci 0000:00:11.0: bridge 32bit mmio: [0xc9000000-0xca3fffff]
[    0.230327] pci 0000:00:11.0: bridge 64bit mmio pref: [0xd8400000-0xd89fffff]
[    0.230757] pci 0000:00:15.0: bridge io port: [0x4000-0x4fff]
[    0.230778] pci 0000:00:15.0: bridge 32bit mmio: [0xca400000-0xca4fffff]
[    0.230818] pci 0000:00:15.0: bridge 64bit mmio pref: [0xd8a00000-0xd8afffff]
[    0.231213] pci 0000:00:15.1: bridge io port: [0x8000-0x8fff]
[    0.231234] pci 0000:00:15.1: bridge 32bit mmio: [0xca800000-0xca8fffff]
[    0.231273] pci 0000:00:15.1: bridge 64bit mmio pref: [0xd8e00000-0xd8efffff]
[    0.231720] pci 0000:00:15.2: bridge io port: [0xc000-0xcfff]
[    0.231741] pci 0000:00:15.2: bridge 32bit mmio: [0xcac00000-0xcacfffff]
[    0.231781] pci 0000:00:15.2: bridge 64bit mmio pref: [0xd9200000-0xd92fffff]
[    0.232201] pci 0000:00:15.3: bridge 32bit mmio: [0xcb000000-0xcb0fffff]
[    0.232241] pci 0000:00:15.3: bridge 64bit mmio pref: [0xd9600000-0xd96fffff]
[    0.232679] pci 0000:00:15.4: bridge 32bit mmio: [0xcb400000-0xcb4fffff]
[    0.232719] pci 0000:00:15.4: bridge 64bit mmio pref: [0xd9a00000-0xd9afffff]
[    0.233131] pci 0000:00:15.5: bridge 32bit mmio: [0xcb800000-0xcb8fffff]
[    0.233170] pci 0000:00:15.5: bridge 64bit mmio pref: [0xd9e00000-0xd9efffff]
[    0.233611] pci 0000:00:15.6: bridge 32bit mmio: [0xcbc00000-0xcbcfffff]
[    0.233651] pci 0000:00:15.6: bridge 64bit mmio pref: [0xda200000-0xda2fffff]
[    0.234062] pci 0000:00:15.7: bridge 32bit mmio: [0xcc000000-0xcc0fffff]
[    0.234102] pci 0000:00:15.7: bridge 64bit mmio pref: [0xda600000-0xda6fffff]
[    0.234521] pci 0000:00:16.0: bridge io port: [0x5000-0x5fff]
[    0.234542] pci 0000:00:16.0: bridge 32bit mmio: [0xca500000-0xca5fffff]
[    0.234582] pci 0000:00:16.0: bridge 64bit mmio pref: [0xd8b00000-0xd8bfffff]
[    0.234974] pci 0000:00:16.1: bridge io port: [0x9000-0x9fff]
[    0.234995] pci 0000:00:16.1: bridge 32bit mmio: [0xca900000-0xca9fffff]
[    0.235034] pci 0000:00:16.1: bridge 64bit mmio pref: [0xd8f00000-0xd8ffffff]
[    0.235467] pci 0000:00:16.2: bridge io port: [0xd000-0xdfff]
[    0.235497] pci 0000:00:16.2: bridge 32bit mmio: [0xcad00000-0xcadfffff]
[    0.235537] pci 0000:00:16.2: bridge 64bit mmio pref: [0xd9300000-0xd93fffff]
[    0.235961] pci 0000:00:16.3: bridge 32bit mmio: [0xcb100000-0xcb1fffff]
[    0.236002] pci 0000:00:16.3: bridge 64bit mmio pref: [0xd9700000-0xd97fffff]
[    0.236424] pci 0000:00:16.4: bridge 32bit mmio: [0xcb500000-0xcb5fffff]
[    0.236476] pci 0000:00:16.4: bridge 64bit mmio pref: [0xd9b00000-0xd9bfffff]
[    0.236888] pci 0000:00:16.5: bridge 32bit mmio: [0xcb900000-0xcb9fffff]
[    0.236927] pci 0000:00:16.5: bridge 64bit mmio pref: [0xd9f00000-0xd9ffffff]
[    0.237339] pci 0000:00:16.6: bridge 32bit mmio: [0xcbd00000-0xcbdfffff]
[    0.237379] pci 0000:00:16.6: bridge 64bit mmio pref: [0xda300000-0xda3fffff]
[    0.237813] pci 0000:00:16.7: bridge 32bit mmio: [0xcc100000-0xcc1fffff]
[    0.237853] pci 0000:00:16.7: bridge 64bit mmio pref: [0xda700000-0xda7fffff]
[    0.238245] pci 0000:00:17.0: bridge io port: [0x6000-0x6fff]
[    0.238266] pci 0000:00:17.0: bridge 32bit mmio: [0xca600000-0xca6fffff]
[    0.238305] pci 0000:00:17.0: bridge 64bit mmio pref: [0xd8c00000-0xd8cfffff]
[    0.238731] pci 0000:00:17.1: bridge io port: [0xa000-0xafff]
[    0.238752] pci 0000:00:17.1: bridge 32bit mmio: [0xcaa00000-0xcaafffff]
[    0.238791] pci 0000:00:17.1: bridge 64bit mmio pref: [0xd9000000-0xd90fffff]
[    0.239185] pci 0000:00:17.2: bridge io port: [0xe000-0xefff]
[    0.239206] pci 0000:00:17.2: bridge 32bit mmio: [0xcae00000-0xcaefffff]
[    0.239246] pci 0000:00:17.2: bridge 64bit mmio pref: [0xd9400000-0xd94fffff]
[    0.239689] pci 0000:00:17.3: bridge 32bit mmio: [0xcb200000-0xcb2fffff]
[    0.239729] pci 0000:00:17.3: bridge 64bit mmio pref: [0xd9800000-0xd98fffff]
[    0.240142] pci 0000:00:17.4: bridge 32bit mmio: [0xcb600000-0xcb6fffff]
[    0.240181] pci 0000:00:17.4: bridge 64bit mmio pref: [0xd9c00000-0xd9cfffff]
[    0.240628] pci 0000:00:17.5: bridge 32bit mmio: [0xcba00000-0xcbafffff]
[    0.240668] pci 0000:00:17.5: bridge 64bit mmio pref: [0xda000000-0xda0fffff]
[    0.241081] pci 0000:00:17.6: bridge 32bit mmio: [0xcbe00000-0xcbefffff]
[    0.241121] pci 0000:00:17.6: bridge 64bit mmio pref: [0xda400000-0xda4fffff]
[    0.241562] pci 0000:00:17.7: bridge 32bit mmio: [0xcc200000-0xcc2fffff]
[    0.241602] pci 0000:00:17.7: bridge 64bit mmio pref: [0xda800000-0xda8fffff]
[    0.241994] pci 0000:00:18.0: bridge io port: [0x7000-0x7fff]
[    0.242015] pci 0000:00:18.0: bridge 32bit mmio: [0xca700000-0xca7fffff]
[    0.242055] pci 0000:00:18.0: bridge 64bit mmio pref: [0xd8d00000-0xd8dfffff]
[    0.242474] pci 0000:00:18.1: bridge io port: [0xb000-0xbfff]
[    0.242495] pci 0000:00:18.1: bridge 32bit mmio: [0xcab00000-0xcabfffff]
[    0.242535] pci 0000:00:18.1: bridge 64bit mmio pref: [0xd9100000-0xd91fffff]
[    0.242926] pci 0000:00:18.2: bridge io port: [0xf000-0xffff]
[    0.242947] pci 0000:00:18.2: bridge 32bit mmio: [0xcaf00000-0xcaffffff]
[    0.242987] pci 0000:00:18.2: bridge 64bit mmio pref: [0xd9500000-0xd95fffff]
[    0.243416] pci 0000:00:18.3: bridge 32bit mmio: [0xcb300000-0xcb3fffff]
[    0.243469] pci 0000:00:18.3: bridge 64bit mmio pref: [0xd9900000-0xd99fffff]
[    0.243902] pci 0000:00:18.4: bridge 32bit mmio: [0xcb700000-0xcb7fffff]
[    0.243942] pci 0000:00:18.4: bridge 64bit mmio pref: [0xd9d00000-0xd9dfffff]
[    0.244354] pci 0000:00:18.5: bridge 32bit mmio: [0xcbb00000-0xcbbfffff]
[    0.244412] pci 0000:00:18.5: bridge 64bit mmio pref: [0xda100000-0xda1fffff]
[    0.244833] pci 0000:00:18.6: bridge 32bit mmio: [0xcbf00000-0xcbffffff]
[    0.244873] pci 0000:00:18.6: bridge 64bit mmio pref: [0xda500000-0xda5fffff]
[    0.245284] pci 0000:00:18.7: bridge 32bit mmio: [0xcc300000-0xcc3fffff]
[    0.245323] pci 0000:00:18.7: bridge 64bit mmio pref: [0xda900000-0xda9fffff]
[    0.247513] pci_bus 0000:00: on NUMA node 0
[    0.247520] ACPI: PCI Interrupt Routing Table [\_SB_.PCI0._PRT]
[    0.468218] ACPI: PCI Interrupt Link [LNKA] (IRQs 3 4 5 6 7 *9 10 11 14 15)
[    0.468367] ACPI: PCI Interrupt Link [LNKB] (IRQs 3 4 5 6 7 9 10 *11 14 15)
[    0.468512] ACPI: PCI Interrupt Link [LNKC] (IRQs 3 4 5 6 7 9 *10 11 14 15)
[    0.468655] ACPI: PCI Interrupt Link [LNKD] (IRQs 3 4 *5 6 7 9 10 11 14 15)
[    0.468785] vgaarb: device added: PCI:0000:00:0f.0,decodes=io+mem,owns=io+mem,locks=none
[    0.468795] vgaarb: loaded
[    0.468880] SCSI subsystem initialized
[    0.468922] libata version 3.00 loaded.
[    0.468961] usbcore: registered new interface driver usbfs
[    0.468972] usbcore: registered new interface driver hub
[    0.468987] usbcore: registered new device driver usb
[    0.469052] PCI: Using ACPI for IRQ routing
[    0.470274] NetLabel: Initializing
[    0.470276] NetLabel:  domain hash size = 128
[    0.470277] NetLabel:  protocols = UNLABELED CIPSOv4
[    0.470284] NetLabel:  unlabeled traffic allowed by default
[    0.470326] hpet0: at MMIO 0xfed00000, IRQs 2, 8, 0, 0, 0, 0, 0, 0, 0, 0, 0, 0, 0, 0, 0, 0
[    0.470332] hpet0: 16 comparators, 64-bit 14.318180 MHz counter
[    0.473365] Switching to clocksource tsc
[    0.480756] pnp: PnP ACPI init
[    0.480765] ACPI: bus type pnp registered
[    0.524496] pnp: PnP ACPI: found 14 devices
[    0.524498] ACPI: ACPI bus type pnp unregistered
[    0.524501] PnPBIOS: Disabled by ACPI PNP
[    0.524512] system 00:01: ioport range 0x1000-0x103f has been reserved
[    0.524514] system 00:01: ioport range 0x1040-0x104f has been reserved
[    0.524515] system 00:01: ioport range 0xcf0-0xcf1 has been reserved
[    0.524522] system 00:08: iomem range 0xfed00000-0xfed003ff has been reserved
[    0.524525] system 00:0d: ioport range 0x1060-0x107f has been reserved
[    0.524528] system 00:0d: iomem range 0xe0000000-0xefffffff has been reserved
[    0.524529] system 00:0d: iomem range 0xc8200000-0xc83fffff has been reserved
[    0.559142] pci 0000:00:15.3: BAR 13: can't allocate I/O resource [0x10000-0xffff]
[    0.559146] pci 0000:00:15.4: BAR 13: can't allocate I/O resource [0x10000-0xffff]
[    0.559149] pci 0000:00:15.5: BAR 13: can't allocate I/O resource [0x10000-0xffff]
[    0.559152] pci 0000:00:15.6: BAR 13: can't allocate I/O resource [0x10000-0xffff]
[    0.559154] pci 0000:00:15.7: BAR 13: can't allocate I/O resource [0x10000-0xffff]
[    0.559157] pci 0000:00:16.3: BAR 13: can't allocate I/O resource [0x10000-0xffff]
[    0.559160] pci 0000:00:16.4: BAR 13: can't allocate I/O resource [0x10000-0xffff]
[    0.559162] pci 0000:00:16.5: BAR 13: can't allocate I/O resource [0x10000-0xffff]
[    0.559165] pci 0000:00:16.6: BAR 13: can't allocate I/O resource [0x10000-0xffff]
[    0.559168] pci 0000:00:16.7: BAR 13: can't allocate I/O resource [0x10000-0xffff]
[    0.559170] pci 0000:00:17.3: BAR 13: can't allocate I/O resource [0x10000-0xffff]
[    0.559173] pci 0000:00:17.4: BAR 13: can't allocate I/O resource [0x10000-0xffff]
[    0.559176] pci 0000:00:17.5: BAR 13: can't allocate I/O resource [0x10000-0xffff]
[    0.559178] pci 0000:00:17.6: BAR 13: can't allocate I/O resource [0x10000-0xffff]
[    0.559181] pci 0000:00:17.7: BAR 13: can't allocate I/O resource [0x10000-0xffff]
[    0.559183] pci 0000:00:18.3: BAR 13: can't allocate I/O resource [0x10000-0xffff]
[    0.559186] pci 0000:00:18.4: BAR 13: can't allocate I/O resource [0x10000-0xffff]
[    0.559189] pci 0000:00:18.5: BAR 13: can't allocate I/O resource [0x10000-0xffff]
[    0.559191] pci 0000:00:18.6: BAR 13: can't allocate I/O resource [0x10000-0xffff]
[    0.559194] pci 0000:00:18.7: BAR 13: can't allocate I/O resource [0x10000-0xffff]
[    0.559196] pci 0000:00:01.0: PCI bridge, secondary bus 0000:01
[    0.559198] pci 0000:00:01.0:   IO window: disabled
[    0.559229] pci 0000:00:01.0:   MEM window: disabled
[    0.559250] pci 0000:00:01.0:   PREFETCH window: disabled
[    0.559292] pci 0000:00:11.0: PCI bridge, secondary bus 0000:02
[    0.559304] pci 0000:00:11.0:   IO window: 0x2000-0x3fff
[    0.559336] pci 0000:00:11.0:   MEM window: 0xc9000000-0xca3fffff
[    0.559359] pci 0000:00:11.0:   PREFETCH window: 0x000000d8400000-0x000000d89fffff
[    0.559411] pci 0000:00:15.0: PCI bridge, secondary bus 0000:03
[    0.559424] pci 0000:00:15.0:   IO window: 0x4000-0x4fff
[    0.559463] pci 0000:00:15.0:   MEM window: 0xca400000-0xca4fffff
[    0.559485] pci 0000:00:15.0:   PREFETCH window: 0x000000d8a00000-0x000000d8afffff
[    0.559552] pci 0000:00:15.1: PCI bridge, secondary bus 0000:04
[    0.559565] pci 0000:00:15.1:   IO window: 0x8000-0x8fff
[    0.559596] pci 0000:00:15.1:   MEM window: 0xca800000-0xca8fffff
[    0.559618] pci 0000:00:15.1:   PREFETCH window: 0x000000d8e00000-0x000000d8efffff
[    0.559672] pci 0000:00:15.2: PCI bridge, secondary bus 0000:05
[    0.559685] pci 0000:00:15.2:   IO window: 0xc000-0xcfff
[    0.559716] pci 0000:00:15.2:   MEM window: 0xcac00000-0xcacfffff
[    0.559737] pci 0000:00:15.2:   PREFETCH window: 0x000000d9200000-0x000000d92fffff
[    0.559805] pci 0000:00:15.3: PCI bridge, secondary bus 0000:06
[    0.559807] pci 0000:00:15.3:   IO window: disabled
[    0.559841] pci 0000:00:15.3:   MEM window: 0xcb000000-0xcb0fffff
[    0.559871] pci 0000:00:15.3:   PREFETCH window: 0x000000d9600000-0x000000d96fffff
[    0.559924] pci 0000:00:15.4: PCI bridge, secondary bus 0000:07
[    0.559925] pci 0000:00:15.4:   IO window: disabled
[    0.559957] pci 0000:00:15.4:   MEM window: 0xcb400000-0xcb4fffff
[    0.559978] pci 0000:00:15.4:   PREFETCH window: 0x000000d9a00000-0x000000d9afffff
[    0.560031] pci 0000:00:15.5: PCI bridge, secondary bus 0000:08
[    0.560033] pci 0000:00:15.5:   IO window: disabled
[    0.560064] pci 0000:00:15.5:   MEM window: 0xcb800000-0xcb8fffff
[    0.560085] pci 0000:00:15.5:   PREFETCH window: 0x000000d9e00000-0x000000d9efffff
[    0.560138] pci 0000:00:15.6: PCI bridge, secondary bus 0000:09
[    0.560139] pci 0000:00:15.6:   IO window: disabled
[    0.560171] pci 0000:00:15.6:   MEM window: 0xcbc00000-0xcbcfffff
[    0.560192] pci 0000:00:15.6:   PREFETCH window: 0x000000da200000-0x000000da2fffff
[    0.560244] pci 0000:00:15.7: PCI bridge, secondary bus 0000:0a
[    0.560246] pci 0000:00:15.7:   IO window: disabled
[    0.560277] pci 0000:00:15.7:   MEM window: 0xcc000000-0xcc0fffff
[    0.560299] pci 0000:00:15.7:   PREFETCH window: 0x000000da600000-0x000000da6fffff
[    0.560362] pci 0000:00:16.0: PCI bridge, secondary bus 0000:0b
[    0.560424] pci 0000:00:16.0:   IO window: 0x5000-0x5fff
[    0.560466] pci 0000:00:16.0:   MEM window: 0xca500000-0xca5fffff
[    0.560488] pci 0000:00:16.0:   PREFETCH window: 0x000000d8b00000-0x000000d8bfffff
[    0.560541] pci 0000:00:16.1: PCI bridge, secondary bus 0000:0c
[    0.560553] pci 0000:00:16.1:   IO window: 0x9000-0x9fff
[    0.560585] pci 0000:00:16.1:   MEM window: 0xca900000-0xca9fffff
[    0.560606] pci 0000:00:16.1:   PREFETCH window: 0x000000d8f00000-0x000000d8ffffff
[    0.560658] pci 0000:00:16.2: PCI bridge, secondary bus 0000:0d
[    0.560671] pci 0000:00:16.2:   IO window: 0xd000-0xdfff
[    0.560702] pci 0000:00:16.2:   MEM window: 0xcad00000-0xcadfffff
[    0.560723] pci 0000:00:16.2:   PREFETCH window: 0x000000d9300000-0x000000d93fffff
[    0.560776] pci 0000:00:16.3: PCI bridge, secondary bus 0000:0e
[    0.560777] pci 0000:00:16.3:   IO window: disabled
[    0.560809] pci 0000:00:16.3:   MEM window: 0xcb100000-0xcb1fffff
[    0.560830] pci 0000:00:16.3:   PREFETCH window: 0x000000d9700000-0x000000d97fffff
[    0.560883] pci 0000:00:16.4: PCI bridge, secondary bus 0000:0f
[    0.560884] pci 0000:00:16.4:   IO window: disabled
[    0.560916] pci 0000:00:16.4:   MEM window: 0xcb500000-0xcb5fffff
[    0.560937] pci 0000:00:16.4:   PREFETCH window: 0x000000d9b00000-0x000000d9bfffff
[    0.560989] pci 0000:00:16.5: PCI bridge, secondary bus 0000:10
[    0.560991] pci 0000:00:16.5:   IO window: disabled
[    0.561022] pci 0000:00:16.5:   MEM window: 0xcb900000-0xcb9fffff
[    0.561044] pci 0000:00:16.5:   PREFETCH window: 0x000000d9f00000-0x000000d9ffffff
[    0.561096] pci 0000:00:16.6: PCI bridge, secondary bus 0000:11
[    0.561098] pci 0000:00:16.6:   IO window: disabled
[    0.561129] pci 0000:00:16.6:   MEM window: 0xcbd00000-0xcbdfffff
[    0.561150] pci 0000:00:16.6:   PREFETCH window: 0x000000da300000-0x000000da3fffff
[    0.561203] pci 0000:00:16.7: PCI bridge, secondary bus 0000:12
[    0.561204] pci 0000:00:16.7:   IO window: disabled
[    0.561236] pci 0000:00:16.7:   MEM window: 0xcc100000-0xcc1fffff
[    0.561257] pci 0000:00:16.7:   PREFETCH window: 0x000000da700000-0x000000da7fffff
[    0.561326] pci 0000:00:17.0: PCI bridge, secondary bus 0000:13
[    0.561348] pci 0000:00:17.0:   IO window: 0x6000-0x6fff
[    0.561389] pci 0000:00:17.0:   MEM window: 0xca600000-0xca6fffff
[    0.561410] pci 0000:00:17.0:   PREFETCH window: 0x000000d8c00000-0x000000d8cfffff
[    0.561463] pci 0000:00:17.1: PCI bridge, secondary bus 0000:14
[    0.561476] pci 0000:00:17.1:   IO window: 0xa000-0xafff
[    0.561507] pci 0000:00:17.1:   MEM window: 0xcaa00000-0xcaafffff
[    0.561529] pci 0000:00:17.1:   PREFETCH window: 0x000000d9000000-0x000000d90fffff
[    0.561581] pci 0000:00:17.2: PCI bridge, secondary bus 0000:15
[    0.561593] pci 0000:00:17.2:   IO window: 0xe000-0xefff
[    0.561625] pci 0000:00:17.2:   MEM window: 0xcae00000-0xcaefffff
[    0.561646] pci 0000:00:17.2:   PREFETCH window: 0x000000d9400000-0x000000d94fffff
[    0.561699] pci 0000:00:17.3: PCI bridge, secondary bus 0000:16
[    0.561700] pci 0000:00:17.3:   IO window: disabled
[    0.561732] pci 0000:00:17.3:   MEM window: 0xcb200000-0xcb2fffff
[    0.561753] pci 0000:00:17.3:   PREFETCH window: 0x000000d9800000-0x000000d98fffff
[    0.561805] pci 0000:00:17.4: PCI bridge, secondary bus 0000:17
[    0.561807] pci 0000:00:17.4:   IO window: disabled
[    0.561839] pci 0000:00:17.4:   MEM window: 0xcb600000-0xcb6fffff
[    0.561860] pci 0000:00:17.4:   PREFETCH window: 0x000000d9c00000-0x000000d9cfffff
[    0.561912] pci 0000:00:17.5: PCI bridge, secondary bus 0000:18
[    0.561914] pci 0000:00:17.5:   IO window: disabled
[    0.561945] pci 0000:00:17.5:   MEM window: 0xcba00000-0xcbafffff
[    0.561967] pci 0000:00:17.5:   PREFETCH window: 0x000000da000000-0x000000da0fffff
[    0.562019] pci 0000:00:17.6: PCI bridge, secondary bus 0000:19
[    0.562021] pci 0000:00:17.6:   IO window: disabled
[    0.562052] pci 0000:00:17.6:   MEM window: 0xcbe00000-0xcbefffff
[    0.562073] pci 0000:00:17.6:   PREFETCH window: 0x000000da400000-0x000000da4fffff
[    0.562126] pci 0000:00:17.7: PCI bridge, secondary bus 0000:1a
[    0.562127] pci 0000:00:17.7:   IO window: disabled
[    0.562159] pci 0000:00:17.7:   MEM window: 0xcc200000-0xcc2fffff
[    0.562180] pci 0000:00:17.7:   PREFETCH window: 0x000000da800000-0x000000da8fffff
[    0.562232] pci 0000:00:18.0: PCI bridge, secondary bus 0000:1b
[    0.562245] pci 0000:00:18.0:   IO window: 0x7000-0x7fff
[    0.562276] pci 0000:00:18.0:   MEM window: 0xca700000-0xca7fffff
[    0.562298] pci 0000:00:18.0:   PREFETCH window: 0x000000d8d00000-0x000000d8dfffff
[    0.562365] pci 0000:00:18.1: PCI bridge, secondary bus 0000:1c
[    0.562379] pci 0000:00:18.1:   IO window: 0xb000-0xbfff
[    0.562420] pci 0000:00:18.1:   MEM window: 0xcab00000-0xcabfffff
[    0.562442] pci 0000:00:18.1:   PREFETCH window: 0x000000d9100000-0x000000d91fffff
[    0.562494] pci 0000:00:18.2: PCI bridge, secondary bus 0000:1d
[    0.562507] pci 0000:00:18.2:   IO window: 0xf000-0xffff
[    0.562538] pci 0000:00:18.2:   MEM window: 0xcaf00000-0xcaffffff
[    0.562559] pci 0000:00:18.2:   PREFETCH window: 0x000000d9500000-0x000000d95fffff
[    0.562612] pci 0000:00:18.3: PCI bridge, secondary bus 0000:1e
[    0.562613] pci 0000:00:18.3:   IO window: disabled
[    0.562645] pci 0000:00:18.3:   MEM window: 0xcb300000-0xcb3fffff
[    0.562666] pci 0000:00:18.3:   PREFETCH window: 0x000000d9900000-0x000000d99fffff
[    0.562718] pci 0000:00:18.4: PCI bridge, secondary bus 0000:1f
[    0.562720] pci 0000:00:18.4:   IO window: disabled
[    0.562751] pci 0000:00:18.4:   MEM window: 0xcb700000-0xcb7fffff
[    0.562773] pci 0000:00:18.4:   PREFETCH window: 0x000000d9d00000-0x000000d9dfffff
[    0.562825] pci 0000:00:18.5: PCI bridge, secondary bus 0000:20
[    0.562827] pci 0000:00:18.5:   IO window: disabled
[    0.562858] pci 0000:00:18.5:   MEM window: 0xcbb00000-0xcbbfffff
[    0.562880] pci 0000:00:18.5:   PREFETCH window: 0x000000da100000-0x000000da1fffff
[    0.562932] pci 0000:00:18.6: PCI bridge, secondary bus 0000:21
[    0.562933] pci 0000:00:18.6:   IO window: disabled
[    0.562965] pci 0000:00:18.6:   MEM window: 0xcbf00000-0xcbffffff
[    0.562986] pci 0000:00:18.6:   PREFETCH window: 0x000000da500000-0x000000da5fffff
[    0.563039] pci 0000:00:18.7: PCI bridge, secondary bus 0000:22
[    0.563040] pci 0000:00:18.7:   IO window: disabled
[    0.563072] pci 0000:00:18.7:   MEM window: 0xcc300000-0xcc3fffff
[    0.563093] pci 0000:00:18.7:   PREFETCH window: 0x000000da900000-0x000000da9fffff
[    0.563161] pci 0000:00:01.0: setting latency timer to 64
[    0.563228] pci 0000:00:15.0: setting latency timer to 64
[    0.563296] pci 0000:00:15.1: setting latency timer to 64
[    0.563363] pci 0000:00:15.2: setting latency timer to 64
[    0.563431] pci 0000:00:15.3: setting latency timer to 64
[    0.563498] pci 0000:00:15.4: setting latency timer to 64
[    0.563566] pci 0000:00:15.5: setting latency timer to 64
[    0.563633] pci 0000:00:15.6: setting latency timer to 64
[    0.563701] pci 0000:00:15.7: setting latency timer to 64
[    0.563769] pci 0000:00:16.0: setting latency timer to 64
[    0.563836] pci 0000:00:16.1: setting latency timer to 64
[    0.563904] pci 0000:00:16.2: setting latency timer to 64
[    0.563971] pci 0000:00:16.3: setting latency timer to 64
[    0.564039] pci 0000:00:16.4: setting latency timer to 64
[    0.564106] pci 0000:00:16.5: setting latency timer to 64
[    0.564174] pci 0000:00:16.6: setting latency timer to 64
[    0.564241] pci 0000:00:16.7: setting latency timer to 64
[    0.564309] pci 0000:00:17.0: setting latency timer to 64
[    0.564376] pci 0000:00:17.1: setting latency timer to 64
[    0.564444] pci 0000:00:17.2: setting latency timer to 64
[    0.564512] pci 0000:00:17.3: setting latency timer to 64
[    0.564579] pci 0000:00:17.4: setting latency timer to 64
[    0.564647] pci 0000:00:17.5: setting latency timer to 64
[    0.564714] pci 0000:00:17.6: setting latency timer to 64
[    0.564782] pci 0000:00:17.7: setting latency timer to 64
[    0.564849] pci 0000:00:18.0: setting latency timer to 64
[    0.564917] pci 0000:00:18.1: setting latency timer to 64
[    0.564984] pci 0000:00:18.2: setting latency timer to 64
[    0.565052] pci 0000:00:18.3: setting latency timer to 64
[    0.565119] pci 0000:00:18.4: setting latency timer to 64
[    0.565187] pci 0000:00:18.5: setting latency timer to 64
[    0.565254] pci 0000:00:18.6: setting latency timer to 64
[    0.565336] pci 0000:00:18.7: setting latency timer to 64
[    0.565349] pci_bus 0000:00: resource 0 io:  [0x00-0xffff]
[    0.565351] pci_bus 0000:00: resource 1 mem: [0x000000-0xffffffffffffffff]
[    0.565353] pci_bus 0000:02: resource 0 io:  [0x2000-0x3fff]
[    0.565355] pci_bus 0000:02: resource 1 mem: [0xc9000000-0xca3fffff]
[    0.565357] pci_bus 0000:02: resource 2 pref mem [0xd8400000-0xd89fffff]
[    0.565359] pci_bus 0000:02: resource 3 io:  [0x00-0xffff]
[    0.565361] pci_bus 0000:02: resource 4 mem: [0x000000-0xffffffffffffffff]
[    0.565363] pci_bus 0000:03: resource 0 io:  [0x4000-0x4fff]
[    0.565364] pci_bus 0000:03: resource 1 mem: [0xca400000-0xca4fffff]
[    0.565366] pci_bus 0000:03: resource 2 pref mem [0xd8a00000-0xd8afffff]
[    0.565368] pci_bus 0000:04: resource 0 io:  [0x8000-0x8fff]
[    0.565370] pci_bus 0000:04: resource 1 mem: [0xca800000-0xca8fffff]
[    0.565371] pci_bus 0000:04: resource 2 pref mem [0xd8e00000-0xd8efffff]
[    0.565373] pci_bus 0000:05: resource 0 io:  [0xc000-0xcfff]
[    0.565375] pci_bus 0000:05: resource 1 mem: [0xcac00000-0xcacfffff]
[    0.565377] pci_bus 0000:05: resource 2 pref mem [0xd9200000-0xd92fffff]
[    0.565379] pci_bus 0000:06: resource 1 mem: [0xcb000000-0xcb0fffff]
[    0.565381] pci_bus 0000:06: resource 2 pref mem [0xd9600000-0xd96fffff]
[    0.565382] pci_bus 0000:07: resource 1 mem: [0xcb400000-0xcb4fffff]
[    0.565384] pci_bus 0000:07: resource 2 pref mem [0xd9a00000-0xd9afffff]
[    0.565386] pci_bus 0000:08: resource 1 mem: [0xcb800000-0xcb8fffff]
[    0.565388] pci_bus 0000:08: resource 2 pref mem [0xd9e00000-0xd9efffff]
[    0.565390] pci_bus 0000:09: resource 1 mem: [0xcbc00000-0xcbcfffff]
[    0.565391] pci_bus 0000:09: resource 2 pref mem [0xda200000-0xda2fffff]
[    0.565393] pci_bus 0000:0a: resource 1 mem: [0xcc000000-0xcc0fffff]
[    0.565395] pci_bus 0000:0a: resource 2 pref mem [0xda600000-0xda6fffff]
[    0.565397] pci_bus 0000:0b: resource 0 io:  [0x5000-0x5fff]
[    0.565399] pci_bus 0000:0b: resource 1 mem: [0xca500000-0xca5fffff]
[    0.565400] pci_bus 0000:0b: resource 2 pref mem [0xd8b00000-0xd8bfffff]
[    0.565402] pci_bus 0000:0c: resource 0 io:  [0x9000-0x9fff]
[    0.565404] pci_bus 0000:0c: resource 1 mem: [0xca900000-0xca9fffff]
[    0.565406] pci_bus 0000:0c: resource 2 pref mem [0xd8f00000-0xd8ffffff]
[    0.565408] pci_bus 0000:0d: resource 0 io:  [0xd000-0xdfff]
[    0.565409] pci_bus 0000:0d: resource 1 mem: [0xcad00000-0xcadfffff]
[    0.565411] pci_bus 0000:0d: resource 2 pref mem [0xd9300000-0xd93fffff]
[    0.565413] pci_bus 0000:0e: resource 1 mem: [0xcb100000-0xcb1fffff]
[    0.565415] pci_bus 0000:0e: resource 2 pref mem [0xd9700000-0xd97fffff]
[    0.565417] pci_bus 0000:0f: resource 1 mem: [0xcb500000-0xcb5fffff]
[    0.565418] pci_bus 0000:0f: resource 2 pref mem [0xd9b00000-0xd9bfffff]
[    0.565420] pci_bus 0000:10: resource 1 mem: [0xcb900000-0xcb9fffff]
[    0.565422] pci_bus 0000:10: resource 2 pref mem [0xd9f00000-0xd9ffffff]
[    0.565424] pci_bus 0000:11: resource 1 mem: [0xcbd00000-0xcbdfffff]
[    0.565426] pci_bus 0000:11: resource 2 pref mem [0xda300000-0xda3fffff]
[    0.565428] pci_bus 0000:12: resource 1 mem: [0xcc100000-0xcc1fffff]
[    0.565429] pci_bus 0000:12: resource 2 pref mem [0xda700000-0xda7fffff]
[    0.565431] pci_bus 0000:13: resource 0 io:  [0x6000-0x6fff]
[    0.565433] pci_bus 0000:13: resource 1 mem: [0xca600000-0xca6fffff]
[    0.565435] pci_bus 0000:13: resource 2 pref mem [0xd8c00000-0xd8cfffff]
[    0.565437] pci_bus 0000:14: resource 0 io:  [0xa000-0xafff]
[    0.565438] pci_bus 0000:14: resource 1 mem: [0xcaa00000-0xcaafffff]
[    0.565440] pci_bus 0000:14: resource 2 pref mem [0xd9000000-0xd90fffff]
[    0.565442] pci_bus 0000:15: resource 0 io:  [0xe000-0xefff]
[    0.565444] pci_bus 0000:15: resource 1 mem: [0xcae00000-0xcaefffff]
[    0.565445] pci_bus 0000:15: resource 2 pref mem [0xd9400000-0xd94fffff]
[    0.565447] pci_bus 0000:16: resource 1 mem: [0xcb200000-0xcb2fffff]
[    0.565449] pci_bus 0000:16: resource 2 pref mem [0xd9800000-0xd98fffff]
[    0.565451] pci_bus 0000:17: resource 1 mem: [0xcb600000-0xcb6fffff]
[    0.565453] pci_bus 0000:17: resource 2 pref mem [0xd9c00000-0xd9cfffff]
[    0.565455] pci_bus 0000:18: resource 1 mem: [0xcba00000-0xcbafffff]
[    0.565456] pci_bus 0000:18: resource 2 pref mem [0xda000000-0xda0fffff]
[    0.565458] pci_bus 0000:19: resource 1 mem: [0xcbe00000-0xcbefffff]
[    0.565460] pci_bus 0000:19: resource 2 pref mem [0xda400000-0xda4fffff]
[    0.565462] pci_bus 0000:1a: resource 1 mem: [0xcc200000-0xcc2fffff]
[    0.565464] pci_bus 0000:1a: resource 2 pref mem [0xda800000-0xda8fffff]
[    0.565465] pci_bus 0000:1b: resource 0 io:  [0x7000-0x7fff]
[    0.565467] pci_bus 0000:1b: resource 1 mem: [0xca700000-0xca7fffff]
[    0.565469] pci_bus 0000:1b: resource 2 pref mem [0xd8d00000-0xd8dfffff]
[    0.565471] pci_bus 0000:1c: resource 0 io:  [0xb000-0xbfff]
[    0.565472] pci_bus 0000:1c: resource 1 mem: [0xcab00000-0xcabfffff]
[    0.565474] pci_bus 0000:1c: resource 2 pref mem [0xd9100000-0xd91fffff]
[    0.565476] pci_bus 0000:1d: resource 0 io:  [0xf000-0xffff]
[    0.565478] pci_bus 0000:1d: resource 1 mem: [0xcaf00000-0xcaffffff]
[    0.565480] pci_bus 0000:1d: resource 2 pref mem [0xd9500000-0xd95fffff]
[    0.565481] pci_bus 0000:1e: resource 1 mem: [0xcb300000-0xcb3fffff]
[    0.565483] pci_bus 0000:1e: resource 2 pref mem [0xd9900000-0xd99fffff]
[    0.565485] pci_bus 0000:1f: resource 1 mem: [0xcb700000-0xcb7fffff]
[    0.565487] pci_bus 0000:1f: resource 2 pref mem [0xd9d00000-0xd9dfffff]
[    0.565489] pci_bus 0000:20: resource 1 mem: [0xcbb00000-0xcbbfffff]
[    0.565491] pci_bus 0000:20: resource 2 pref mem [0xda100000-0xda1fffff]
[    0.565492] pci_bus 0000:21: resource 1 mem: [0xcbf00000-0xcbffffff]
[    0.565494] pci_bus 0000:21: resource 2 pref mem [0xda500000-0xda5fffff]
[    0.565496] pci_bus 0000:22: resource 1 mem: [0xcc300000-0xcc3fffff]
[    0.565498] pci_bus 0000:22: resource 2 pref mem [0xda900000-0xda9fffff]
[    0.565520] NET: Registered protocol family 2
[    0.565537] RANDOM - __random32 called. Change num 7.  Value: 647ba296	db0e5c1d	6de96f10
[    0.565539] RANDOM - random32 called.  Value: 647ba296	db0e5c1d	6de96f10
[    0.565546] random 0000 0000 0000 00000000 00000000: rand_read_num 2 get_random_bytes(4): sig fffffe1a 00000000 00000000
[    0.565549] random 0000 0000 0000 00000000 00000000: extract_entropy(.. 4 ..)
[    0.565551] random 0000 0000 0000 00000000 00000000: going to reseed nonblocking with 64 bits (32 of 0 requested)
[    0.565553] random 0000 0000 0000 00000000 00000000: extract_entropy(.. 8 ..)
[    0.565556] random 0000 0000 0000 00000000 00000000: trying to extract 64 bits from input
[    0.565558] random 0000 0000 0000 00000000 00000000: debiting 0 entropy credits from input
[    0.565560] random 0000 0000 0000 00000000 00000000: extract_entropy account returned: 0 
[    0.565563] random 0000 0000 0000 00000000 00000000: urand_change_num 3 xfer_secondary_pool(4): pool_sig fffffe1a, data_sig 00000000, bytes_mixed 0 00000000 00000000
[    0.565565] random 0000 0000 0000 00000000 00000000: trying to extract 32 bits from nonblocking
[    0.565568] random 0000 0000 0000 00000000 00000000: debiting 32 entropy credits from nonblocking (unlimited)
[    0.565570] random 0000 0000 0000 00000000 00000000: extract_entropy account returned: 4 
[    0.565574] random 0000 0000 0000 00000000 00000000: urand_change_num 4 extract_buf: pool_sig fffffe1a, data_sig fffffed7, bytes_mixed 20 00000000 00000000
[    0.565603] IP route cache hash table entries: 32768 (order: 5, 131072 bytes)
[    0.565670] RANDOM - __random32 called. Change num 8.  Value: ba296205	b0e5c1db	de205442
[    0.565672] RANDOM - random32 called.  Value: ba296205	b0e5c1db	de205442
[    0.565729] RANDOM - __random32 called. Change num 9.  Value: 962052cd	e5c1db9	a885e45e
[    0.565731] RANDOM - random32 called.  Value: 962052cd	e5c1db9	a885e45e
[    0.565733] RANDOM - __random32 called. Change num 10.  Value: 52cd38f	e5c1db9b	c8bd9558
[    0.565735] RANDOM - random32 called.  Value: 52cd38f	e5c1db9b	c8bd9558
[    0.565756] RANDOM - __random32 called. Change num 11.  Value: cd38f3eb	5c1db9b9	2ab1aa27
[    0.565758] RANDOM - random32 called.  Value: cd38f3eb	5c1db9b9	2ab1aa27
[    0.565768] TCP established hash table entries: 131072 (order: 8, 1048576 bytes)
[    0.565836] TCP bind hash table entries: 65536 (order: 7, 524288 bytes)
[    0.565903] TCP: Hash tables configured (established 131072 bind 65536)
[    0.565906] TCP reno registered
[    0.565942] NET: Registered protocol family 1
[    0.565951] pci 0000:00:00.0: Limiting direct PCI/PCI transfers
[    0.565971] pci 0000:00:0f.0: Boot video device
[    0.566111] Trying to unpack rootfs image as initramfs...
[    1.671700] Freeing initrd memory: 83430k freed
[    1.675761] Simple Boot Flag at 0x36 set to 0x1
[    1.675807] cpufreq-nforce2: No nForce2 chipset.
[    1.675820] Scanning for low memory corruption every 60 seconds
[    1.675989] audit: initializing netlink socket (disabled)
[    1.675999] type=2000 audit(1369441211.664:1): initialized
[    1.679847] highmem bounce pool size: 64 pages
[    1.679860] HugeTLB registered 2 MB page size, pre-allocated 0 pages
[    1.679954] VFS: Disk quotas dquot_6.5.2
[    1.679984] Dquot-cache hash table entries: 1024 (order 0, 4096 bytes)
[    1.680074] fuse init (API version 7.13)
[    1.680119] msgmni has been set to 1729
[    1.680383] alg: No test for stdrng (krng)
[    1.680416] Block layer SCSI generic (bsg) driver version 0.4 loaded (major 253)
[    1.680418] io scheduler noop registered
[    1.680420] io scheduler anticipatory registered
[    1.680421] io scheduler deadline registered
[    1.680440] io scheduler cfq registered (default)
[    1.680485]   alloc irq_desc for 24 on node -1
[    1.680488]   alloc kstat_irqs on node -1
[    1.680533] pcieport 0000:00:15.0: irq 24 for MSI/MSI-X
[    1.680578] pcieport 0000:00:15.0: setting latency timer to 64
[    1.680623]   alloc irq_desc for 25 on node -1
[    1.680625]   alloc kstat_irqs on node -1
[    1.680671] pcieport 0000:00:15.1: irq 25 for MSI/MSI-X
[    1.680716] pcieport 0000:00:15.1: setting latency timer to 64
[    1.680761]   alloc irq_desc for 26 on node -1
[    1.680763]   alloc kstat_irqs on node -1
[    1.680808] pcieport 0000:00:15.2: irq 26 for MSI/MSI-X
[    1.680853] pcieport 0000:00:15.2: setting latency timer to 64
[    1.680899]   alloc irq_desc for 27 on node -1
[    1.680900]   alloc kstat_irqs on node -1
[    1.680946] pcieport 0000:00:15.3: irq 27 for MSI/MSI-X
[    1.680991] pcieport 0000:00:15.3: setting latency timer to 64
[    1.681036]   alloc irq_desc for 28 on node -1
[    1.681038]   alloc kstat_irqs on node -1
[    1.681083] pcieport 0000:00:15.4: irq 28 for MSI/MSI-X
[    1.681128] pcieport 0000:00:15.4: setting latency timer to 64
[    1.681174]   alloc irq_desc for 29 on node -1
[    1.681176]   alloc kstat_irqs on node -1
[    1.681221] pcieport 0000:00:15.5: irq 29 for MSI/MSI-X
[    1.681266] pcieport 0000:00:15.5: setting latency timer to 64
[    1.681311]   alloc irq_desc for 30 on node -1
[    1.681313]   alloc kstat_irqs on node -1
[    1.681358] pcieport 0000:00:15.6: irq 30 for MSI/MSI-X
[    1.681403] pcieport 0000:00:15.6: setting latency timer to 64
[    1.681449]   alloc irq_desc for 31 on node -1
[    1.681451]   alloc kstat_irqs on node -1
[    1.681496] pcieport 0000:00:15.7: irq 31 for MSI/MSI-X
[    1.681541] pcieport 0000:00:15.7: setting latency timer to 64
[    1.681586]   alloc irq_desc for 32 on node -1
[    1.681588]   alloc kstat_irqs on node -1
[    1.681633] pcieport 0000:00:16.0: irq 32 for MSI/MSI-X
[    1.681678] pcieport 0000:00:16.0: setting latency timer to 64
[    1.681724]   alloc irq_desc for 33 on node -1
[    1.681726]   alloc kstat_irqs on node -1
[    1.681771] pcieport 0000:00:16.1: irq 33 for MSI/MSI-X
[    1.681816] pcieport 0000:00:16.1: setting latency timer to 64
[    1.681861]   alloc irq_desc for 34 on node -1
[    1.681863]   alloc kstat_irqs on node -1
[    1.681909] pcieport 0000:00:16.2: irq 34 for MSI/MSI-X
[    1.681954] pcieport 0000:00:16.2: setting latency timer to 64
[    1.681999]   alloc irq_desc for 35 on node -1
[    1.682001]   alloc kstat_irqs on node -1
[    1.682046] pcieport 0000:00:16.3: irq 35 for MSI/MSI-X
[    1.682091] pcieport 0000:00:16.3: setting latency timer to 64
[    1.682136]   alloc irq_desc for 36 on node -1
[    1.682138]   alloc kstat_irqs on node -1
[    1.682183] pcieport 0000:00:16.4: irq 36 for MSI/MSI-X
[    1.682229] pcieport 0000:00:16.4: setting latency timer to 64
[    1.682274]   alloc irq_desc for 37 on node -1
[    1.682276]   alloc kstat_irqs on node -1
[    1.682321] pcieport 0000:00:16.5: irq 37 for MSI/MSI-X
[    1.682366] pcieport 0000:00:16.5: setting latency timer to 64
[    1.682412]   alloc irq_desc for 38 on node -1
[    1.682415]   alloc kstat_irqs on node -1
[    1.682460] pcieport 0000:00:16.6: irq 38 for MSI/MSI-X
[    1.682505] pcieport 0000:00:16.6: setting latency timer to 64
[    1.682551]   alloc irq_desc for 39 on node -1
[    1.682553]   alloc kstat_irqs on node -1
[    1.682598] pcieport 0000:00:16.7: irq 39 for MSI/MSI-X
[    1.682643] pcieport 0000:00:16.7: setting latency timer to 64
[    1.683752]   alloc irq_desc for 40 on node -1
[    1.683753]   alloc kstat_irqs on node -1
[    1.683799] pcieport 0000:00:17.0: irq 40 for MSI/MSI-X
[    1.683844] pcieport 0000:00:17.0: setting latency timer to 64
[    1.683889]   alloc irq_desc for 41 on node -1
[    1.683891]   alloc kstat_irqs on node -1
[    1.683936] pcieport 0000:00:17.1: irq 41 for MSI/MSI-X
[    1.683982] pcieport 0000:00:17.1: setting latency timer to 64
[    1.684027]   alloc irq_desc for 42 on node -1
[    1.684029]   alloc kstat_irqs on node -1
[    1.684074] pcieport 0000:00:17.2: irq 42 for MSI/MSI-X
[    1.684119] pcieport 0000:00:17.2: setting latency timer to 64
[    1.684164]   alloc irq_desc for 43 on node -1
[    1.684166]   alloc kstat_irqs on node -1
[    1.684211] pcieport 0000:00:17.3: irq 43 for MSI/MSI-X
[    1.684257] pcieport 0000:00:17.3: setting latency timer to 64
[    1.684302]   alloc irq_desc for 44 on node -1
[    1.684304]   alloc kstat_irqs on node -1
[    1.684349] pcieport 0000:00:17.4: irq 44 for MSI/MSI-X
[    1.684394] pcieport 0000:00:17.4: setting latency timer to 64
[    1.684439]   alloc irq_desc for 45 on node -1
[    1.684441]   alloc kstat_irqs on node -1
[    1.684486] pcieport 0000:00:17.5: irq 45 for MSI/MSI-X
[    1.684532] pcieport 0000:00:17.5: setting latency timer to 64
[    1.684577]   alloc irq_desc for 46 on node -1
[    1.684579]   alloc kstat_irqs on node -1
[    1.684624] pcieport 0000:00:17.6: irq 46 for MSI/MSI-X
[    1.684669] pcieport 0000:00:17.6: setting latency timer to 64
[    1.684714]   alloc irq_desc for 47 on node -1
[    1.684718]   alloc kstat_irqs on node -1
[    1.684763] pcieport 0000:00:17.7: irq 47 for MSI/MSI-X
[    1.684808] pcieport 0000:00:17.7: setting latency timer to 64
[    1.684854]   alloc irq_desc for 48 on node -1
[    1.684856]   alloc kstat_irqs on node -1
[    1.684901] pcieport 0000:00:18.0: irq 48 for MSI/MSI-X
[    1.684946] pcieport 0000:00:18.0: setting latency timer to 64
[    1.684991]   alloc irq_desc for 49 on node -1
[    1.684993]   alloc kstat_irqs on node -1
[    1.685039] pcieport 0000:00:18.1: irq 49 for MSI/MSI-X
[    1.685084] pcieport 0000:00:18.1: setting latency timer to 64
[    1.685129]   alloc irq_desc for 50 on node -1
[    1.685131]   alloc kstat_irqs on node -1
[    1.685176] pcieport 0000:00:18.2: irq 50 for MSI/MSI-X
[    1.685221] pcieport 0000:00:18.2: setting latency timer to 64
[    1.685267]   alloc irq_desc for 51 on node -1
[    1.685269]   alloc kstat_irqs on node -1
[    1.685314] pcieport 0000:00:18.3: irq 51 for MSI/MSI-X
[    1.685359] pcieport 0000:00:18.3: setting latency timer to 64
[    1.685405]   alloc irq_desc for 52 on node -1
[    1.685406]   alloc kstat_irqs on node -1
[    1.685452] pcieport 0000:00:18.4: irq 52 for MSI/MSI-X
[    1.685497] pcieport 0000:00:18.4: setting latency timer to 64
[    1.685542]   alloc irq_desc for 53 on node -1
[    1.685544]   alloc kstat_irqs on node -1
[    1.685589] pcieport 0000:00:18.5: irq 53 for MSI/MSI-X
[    1.685634] pcieport 0000:00:18.5: setting latency timer to 64
[    1.685680]   alloc irq_desc for 54 on node -1
[    1.685681]   alloc kstat_irqs on node -1
[    1.685727] pcieport 0000:00:18.6: irq 54 for MSI/MSI-X
[    1.685772] pcieport 0000:00:18.6: setting latency timer to 64
[    1.685817]   alloc irq_desc for 55 on node -1
[    1.685819]   alloc kstat_irqs on node -1
[    1.685864] pcieport 0000:00:18.7: irq 55 for MSI/MSI-X
[    1.685909] pcieport 0000:00:18.7: setting latency timer to 64
[    1.685955] pci_hotplug: PCI Hot Plug PCI Core version: 0.5
[    1.687753] pciehp 0000:00:15.0:pcie04: HPC vendor_id 15ad device_id 7a0 ss_vid 0 ss_did 0
[    1.687798] pciehp 0000:00:15.0:pcie04: service driver pciehp loaded
[    1.687843] pciehp 0000:00:15.1:pcie04: HPC vendor_id 15ad device_id 7a0 ss_vid 0 ss_did 0
[    1.687888] pciehp 0000:00:15.1:pcie04: service driver pciehp loaded
[    1.687934] pciehp 0000:00:15.2:pcie04: HPC vendor_id 15ad device_id 7a0 ss_vid 0 ss_did 0
[    1.687979] pciehp 0000:00:15.2:pcie04: service driver pciehp loaded
[    1.688024] pciehp 0000:00:15.3:pcie04: HPC vendor_id 15ad device_id 7a0 ss_vid 0 ss_did 0
[    1.688069] pciehp 0000:00:15.3:pcie04: service driver pciehp loaded
[    1.688114] pciehp 0000:00:15.4:pcie04: HPC vendor_id 15ad device_id 7a0 ss_vid 0 ss_did 0
[    1.688160] pciehp 0000:00:15.4:pcie04: service driver pciehp loaded
[    1.688205] pciehp 0000:00:15.5:pcie04: HPC vendor_id 15ad device_id 7a0 ss_vid 0 ss_did 0
[    1.688250] pciehp 0000:00:15.5:pcie04: service driver pciehp loaded
[    1.688295] pciehp 0000:00:15.6:pcie04: HPC vendor_id 15ad device_id 7a0 ss_vid 0 ss_did 0
[    1.688341] pciehp 0000:00:15.6:pcie04: service driver pciehp loaded
[    1.688386] pciehp 0000:00:15.7:pcie04: HPC vendor_id 15ad device_id 7a0 ss_vid 0 ss_did 0
[    1.688431] pciehp 0000:00:15.7:pcie04: service driver pciehp loaded
[    1.688476] pciehp 0000:00:16.0:pcie04: HPC vendor_id 15ad device_id 7a0 ss_vid 0 ss_did 0
[    1.688522] pciehp 0000:00:16.0:pcie04: service driver pciehp loaded
[    1.688567] pciehp 0000:00:16.1:pcie04: HPC vendor_id 15ad device_id 7a0 ss_vid 0 ss_did 0
[    1.688612] pciehp 0000:00:16.1:pcie04: service driver pciehp loaded
[    1.688657] pciehp 0000:00:16.2:pcie04: HPC vendor_id 15ad device_id 7a0 ss_vid 0 ss_did 0
[    1.688702] pciehp 0000:00:16.2:pcie04: service driver pciehp loaded
[    1.688748] pciehp 0000:00:16.3:pcie04: HPC vendor_id 15ad device_id 7a0 ss_vid 0 ss_did 0
[    1.688793] pciehp 0000:00:16.3:pcie04: service driver pciehp loaded
[    1.688838] pciehp 0000:00:16.4:pcie04: HPC vendor_id 15ad device_id 7a0 ss_vid 0 ss_did 0
[    1.688883] pciehp 0000:00:16.4:pcie04: service driver pciehp loaded
[    1.688929] pciehp 0000:00:16.5:pcie04: HPC vendor_id 15ad device_id 7a0 ss_vid 0 ss_did 0
[    1.688974] pciehp 0000:00:16.5:pcie04: service driver pciehp loaded
[    1.689019] pciehp 0000:00:16.6:pcie04: HPC vendor_id 15ad device_id 7a0 ss_vid 0 ss_did 0
[    1.689064] pciehp 0000:00:16.6:pcie04: service driver pciehp loaded
[    1.689109] pciehp 0000:00:16.7:pcie04: HPC vendor_id 15ad device_id 7a0 ss_vid 0 ss_did 0
[    1.689155] pciehp 0000:00:16.7:pcie04: service driver pciehp loaded
[    1.689200] pciehp 0000:00:17.0:pcie04: HPC vendor_id 15ad device_id 7a0 ss_vid 0 ss_did 0
[    1.689245] pciehp 0000:00:17.0:pcie04: service driver pciehp loaded
[    1.689290] pciehp 0000:00:17.1:pcie04: HPC vendor_id 15ad device_id 7a0 ss_vid 0 ss_did 0
[    1.689336] pciehp 0000:00:17.1:pcie04: service driver pciehp loaded
[    1.689381] pciehp 0000:00:17.2:pcie04: HPC vendor_id 15ad device_id 7a0 ss_vid 0 ss_did 0
[    1.689426] pciehp 0000:00:17.2:pcie04: service driver pciehp loaded
[    1.689471] pciehp 0000:00:17.3:pcie04: HPC vendor_id 15ad device_id 7a0 ss_vid 0 ss_did 0
[    1.689516] pciehp 0000:00:17.3:pcie04: service driver pciehp loaded
[    1.689562] pciehp 0000:00:17.4:pcie04: HPC vendor_id 15ad device_id 7a0 ss_vid 0 ss_did 0
[    1.689607] pciehp 0000:00:17.4:pcie04: service driver pciehp loaded
[    1.689652] pciehp 0000:00:17.5:pcie04: HPC vendor_id 15ad device_id 7a0 ss_vid 0 ss_did 0
[    1.689697] pciehp 0000:00:17.5:pcie04: service driver pciehp loaded
[    1.689743] pciehp 0000:00:17.6:pcie04: HPC vendor_id 15ad device_id 7a0 ss_vid 0 ss_did 0
[    1.689788] pciehp 0000:00:17.6:pcie04: service driver pciehp loaded
[    1.689833] pciehp 0000:00:17.7:pcie04: HPC vendor_id 15ad device_id 7a0 ss_vid 0 ss_did 0
[    1.689878] pciehp 0000:00:17.7:pcie04: service driver pciehp loaded
[    1.689923] pciehp 0000:00:18.0:pcie04: HPC vendor_id 15ad device_id 7a0 ss_vid 0 ss_did 0
[    1.689969] pciehp 0000:00:18.0:pcie04: service driver pciehp loaded
[    1.690014] pciehp 0000:00:18.1:pcie04: HPC vendor_id 15ad device_id 7a0 ss_vid 0 ss_did 0
[    1.690059] pciehp 0000:00:18.1:pcie04: service driver pciehp loaded
[    1.690104] pciehp 0000:00:18.2:pcie04: HPC vendor_id 15ad device_id 7a0 ss_vid 0 ss_did 0
[    1.690150] pciehp 0000:00:18.2:pcie04: service driver pciehp loaded
[    1.690195] pciehp 0000:00:18.3:pcie04: HPC vendor_id 15ad device_id 7a0 ss_vid 0 ss_did 0
[    1.690240] pciehp 0000:00:18.3:pcie04: service driver pciehp loaded
[    1.690285] pciehp 0000:00:18.4:pcie04: HPC vendor_id 15ad device_id 7a0 ss_vid 0 ss_did 0
[    1.690330] pciehp 0000:00:18.4:pcie04: service driver pciehp loaded
[    1.690376] pciehp 0000:00:18.5:pcie04: HPC vendor_id 15ad device_id 7a0 ss_vid 0 ss_did 0
[    1.690421] pciehp 0000:00:18.5:pcie04: service driver pciehp loaded
[    1.690466] pciehp 0000:00:18.6:pcie04: HPC vendor_id 15ad device_id 7a0 ss_vid 0 ss_did 0
[    1.690511] pciehp 0000:00:18.6:pcie04: service driver pciehp loaded
[    1.690557] pciehp 0000:00:18.7:pcie04: HPC vendor_id 15ad device_id 7a0 ss_vid 0 ss_did 0
[    1.690602] pciehp 0000:00:18.7:pcie04: service driver pciehp loaded
[    1.690609] pciehp: PCI Express Hot Plug Controller Driver version: 0.4
[    1.690658] ACPI: AC Adapter [ACAD] (on-line)
[    1.690711] input: Power Button as /devices/LNXSYSTM:00/LNXPWRBN:00/input/input0
[    1.690713] ACPI: Power Button [PWRF]
[    1.690759] processor LNXCPU:00: registered as cooling_device0
[    1.731659] isapnp: Scanning for PnP cards...
[    2.085163] isapnp: No Plug & Play device found
[    2.085193] random 0000 0000 0000 5f8db4e5 4cfdf2a8: initializing
[    2.085318] Linux agpgart interface v0.103
[    2.085367] agpgart-intel 0000:00:00.0: Intel 440BX Chipset
[    2.085419] agpgart-intel 0000:00:00.0: AGP aperture is 256M @ 0x0
[    2.085450] Serial: 8250/16550 driver, 32 ports, IRQ sharing enabled
[    2.085502] serial8250: ttyS0 at I/O 0x3f8 (irq = 4) is a 16550A
[    2.085554] serial8250: ttyS1 at I/O 0x2f8 (irq = 3) is a 16550A
[    2.085606] 00:0a: ttyS0 at I/O 0x3f8 (irq = 4) is a 16550A
[    2.085658] 00:0b: ttyS1 at I/O 0x2f8 (irq = 3) is a 16550A
[    2.085710] brd: module loaded
[    2.085762] loop: module loaded
[    2.085814] ata_piix 0000:00:07.1: version 2.13
[    2.085895] scsi0 : ata_piix
[    2.085944] scsi1 : ata_piix
[    2.085965] ata1: PATA max UDMA/33 cmd 0x1f0 ctl 0x3f6 bmdma 0x10c0 irq 14
[    2.085967] ata2: PATA max UDMA/33 cmd 0x170 ctl 0x376 bmdma 0x10c8 irq 15
[    2.086017] PPP generic driver version 2.4.2
[    2.086037] tun: Universal TUN/TAP device driver, 1.6
[    2.086039] tun: (C) 1999-2004 Max Krasnyansky <maxk@qualcomm.com>
[    2.086091] ehci_hcd: USB 2.0 'Enhanced' Host Controller (EHCI) Driver
[    2.086143] ACPI: PCI Interrupt Link [LNKB] enabled at IRQ 11
[    2.086146] PCI: setting IRQ 11 as level-triggered
[    2.086153] ehci_hcd 0000:02:03.0: PCI INT A -> Link[LNKB] -> GSI 11 (level, low) -> IRQ 11
[    2.086192] ehci_hcd 0000:02:03.0: EHCI Host Controller
[    2.086215] ehci_hcd 0000:02:03.0: new USB bus registered, assigned bus number 1
[    2.086267] ehci_hcd 0000:02:03.0: cache line size of 32 is not supported
[    2.086274] ehci_hcd 0000:02:03.0: irq 11, io mem 0xc9000000
[    2.086584] random 0000 0000 0000 00000000 00000000: rand_read_num 3 get_random_bytes(8): sig 00000000 00000000 00000000
[    2.086587] random 0000 0000 0000 00000000 00000000: extract_entropy(.. 8 ..)
[    2.086590] random 0000 0000 0000 00000000 00000000: going to reseed nonblocking with 64 bits (64 of 0 requested)
[    2.086592] random 0000 0000 0000 00000000 00000000: extract_entropy(.. 8 ..)
[    2.086594] random 0000 0000 0000 00000000 00000000: trying to extract 64 bits from input
[    2.086597] random 0000 0000 0000 00000000 00000000: debiting 0 entropy credits from input
[    2.086599] random 0000 0000 0000 00000000 00000000: extract_entropy account returned: 0 
[    2.086602] random 0000 0000 0000 00000000 00000000: urand_change_num 5 xfer_secondary_pool(8): pool_sig 00000000, data_sig 00000000, bytes_mixed 0 00000000 00000000
[    2.086604] random 0000 0000 0000 00000000 00000000: trying to extract 64 bits from nonblocking
[    2.086607] random 0000 0000 0000 00000000 00000000: debiting 64 entropy credits from nonblocking (unlimited)
[    2.086609] random 0000 0000 0000 00000000 00000000: extract_entropy account returned: 8 
[    2.086613] random 0000 0000 0000 00000000 00000000: urand_change_num 6 extract_buf: pool_sig 00000000, data_sig fffffff9, bytes_mixed 20 00000000 00000000
[    2.095119] ehci_hcd 0000:02:03.0: USB 2.0 started, EHCI 1.00
[    2.095171] usb usb1: configuration #1 chosen from 1 choice
[    2.095190] hub 1-0:1.0: USB hub found
[    2.095195] hub 1-0:1.0: 6 ports detected
[    2.095230] ohci_hcd: USB 1.1 'Open' Host Controller (OHCI) Driver
[    2.095242] uhci_hcd: USB Universal Host Controller Interface driver
[    2.095294] ACPI: PCI Interrupt Link [LNKC] enabled at IRQ 10
[    2.095296] PCI: setting IRQ 10 as level-triggered
[    2.095300] uhci_hcd 0000:02:00.0: PCI INT A -> Link[LNKC] -> GSI 10 (level, low) -> IRQ 10
[    2.095336] uhci_hcd 0000:02:00.0: UHCI Host Controller
[    2.095366] uhci_hcd 0000:02:00.0: new USB bus registered, assigned bus number 2
[    2.095471] uhci_hcd 0000:02:00.0: irq 10, io base 0x000020c0
[    2.095523] usb usb2: configuration #1 chosen from 1 choice
[    2.095539] hub 2-0:1.0: USB hub found
[    2.095543] hub 2-0:1.0: 2 ports detected
[    2.095595] usbcore: registered new interface driver libusual
[    2.095623] PNP: PS/2 Controller [PNP0303:KBC,PNP0f13:MOUS] at 0x60,0x64 irq 1,12
[    2.095958] serio: i8042 KBD port at 0x60,0x64 irq 1
[    2.095965] serio: i8042 AUX port at 0x60,0x64 irq 12
[    2.096002] mice: PS/2 mouse device common for all mice
[    2.096054] rtc_cmos 00:04: rtc core: registered rtc_cmos as rtc0
[    2.096070] rtc0: alarms up to one month, y3k, 114 bytes nvram, hpet irqs
[    2.096122] device-mapper: uevent: version 1.0.3
[    2.096257] device-mapper: ioctl: 4.15.0-ioctl (2009-04-01) initialised: dm-devel@redhat.com
[    2.096275] EISA: Probing bus 0 at eisa.0
[    2.096283] Cannot allocate resource for EISA slot 1
[    2.096285] Cannot allocate resource for EISA slot 2
[    2.096287] Cannot allocate resource for EISA slot 3
[    2.096288] Cannot allocate resource for EISA slot 4
[    2.096290] Cannot allocate resource for EISA slot 5
[    2.096292] Cannot allocate resource for EISA slot 6
[    2.096294] Cannot allocate resource for EISA slot 7
[    2.096296] Cannot allocate resource for EISA slot 8
[    2.096298] EISA: Detected 0 cards.
[    2.096346] cpuidle: using governor ladder
[    2.096347] cpuidle: using governor menu
[    2.096399] random 0000 0000 0000 00000000 00000000: rand_read_num 4 get_random_bytes(136): sig 0000021d 00000000 00000000
[    2.096402] random 0000 0000 0000 00000000 00000000: extract_entropy(.. 136 ..)
[    2.096405] random 0000 0000 0000 00000000 00000000: going to reseed nonblocking with 1024 bits (1088 of 0 requested)
[    2.096407] random 0000 0000 0000 00000000 00000000: extract_entropy(.. 128 ..)
[    2.096409] random 0000 0000 0000 00000000 00000000: trying to extract 1024 bits from input
[    2.096412] random 0000 0000 0000 00000000 00000000: debiting 0 entropy credits from input
[    2.096414] random 0000 0000 0000 00000000 00000000: extract_entropy account returned: 0 
[    2.096417] random 0000 0000 0000 00000000 00000000: urand_change_num 7 xfer_secondary_pool(136): pool_sig 0000021d, data_sig 00000000, bytes_mixed 0 00000000 00000000
[    2.096420] random 0000 0000 0000 00000000 00000000: trying to extract 1088 bits from nonblocking
[    2.096422] random 0000 0000 0000 00000000 00000000: debiting 1088 entropy credits from nonblocking (unlimited)
[    2.096424] random 0000 0000 0000 00000000 00000000: extract_entropy account returned: 136 
[    2.096428] random 0000 0000 0000 00000000 00000000: urand_change_num 8 extract_buf: pool_sig 0000021d, data_sig fffffff7, bytes_mixed 20 00000000 00000000
[    2.096433] random 0000 0000 0000 f961ee50 ba9cb1aa: urand_change_num 9 extract_buf: pool_sig 00000230, data_sig fffffeb4, bytes_mixed 20 f961ee50 ba9cb1aa
[    2.096438] random 0000 0000 0000 9748bdd6 56fb8af6: urand_change_num 10 extract_buf: pool_sig 00000373, data_sig 000000cf, bytes_mixed 20 9748bdd6 56fb8af6
[    2.096442] random 0000 0000 0000 9748bdd6 56fb8af6: urand_change_num 11 extract_buf: pool_sig fffffe49, data_sig 0000023f, bytes_mixed 20 9748bdd6 56fb8af6
[    2.096447] random 0000 0000 0000 a135be86 4777650e: urand_change_num 12 extract_buf: pool_sig fffffcce, data_sig 000000c6, bytes_mixed 20 a135be86 4777650e
[    2.096451] random 0000 0000 0000 4a6ea85d 170e00dd: urand_change_num 13 extract_buf: pool_sig ffffff97, data_sig ffffff7d, bytes_mixed 20 4a6ea85d 170e00dd
[    2.096456] random 0000 0000 0000 4a6ea85d 170e00dd: urand_change_num 14 extract_buf: pool_sig 00000160, data_sig fffffeea, bytes_mixed 20 4a6ea85d 170e00dd
[    2.096460] random 0000 0000 0000 6e87c3cb da668c73: urand_change_num 15 extract_buf: pool_sig 0000034f, data_sig ffffff54, bytes_mixed 20 6e87c3cb da668c73
[    2.096464] random 0000 0000 0000 6e87c3cb da668c73: urand_change_num 16 extract_buf: pool_sig fffffdc5, data_sig 00000205, bytes_mixed 20 6e87c3cb da668c73
[    2.096469] random 0000 0000 0000 39f531e6 461eb249: urand_change_num 17 extract_buf: pool_sig fffffc1d, data_sig ffffff5e, bytes_mixed 20 39f531e6 461eb249
[    2.096473] random 0000 0000 0000 7e1538a2 3e661182: urand_change_num 18 extract_buf: pool_sig 000006ef, data_sig ffffff2e, bytes_mixed 20 7e1538a2 3e661182
[    2.096478] random 0000 0000 0000 7e1538a2 3e661182: urand_change_num 19 extract_buf: pool_sig 00000317, data_sig fffffccb, bytes_mixed 20 7e1538a2 3e661182
[    2.096482] random 0000 0000 0000 76af506b 9b57305e: urand_change_num 20 extract_buf: pool_sig 00000227, data_sig ffffffd2, bytes_mixed 20 76af506b 9b57305e
[    2.096487] random 0000 0000 0000 37d49d89 e20417cc: urand_change_num 21 extract_buf: pool_sig 0000080b, data_sig 000001e9, bytes_mixed 20 37d49d89 e20417cc
[    2.096491] TCP cubic registered
[    2.096543] NET: Registered protocol family 10
[    2.096578] RANDOM - __random32 called. Change num 12.  Value: 8f3eba68	c1db9b96	544fe79f
[    2.096580] RANDOM - random32 called.  Value: 8f3eba68	c1db9b96	544fe79f
[    2.096589] random 0000 0000 0000 37d49d89 e20417cc: rand_read_num 5 get_random_bytes(4): sig 00000298 37d49d89 e20417cc
[    2.096591] random 0000 0000 0000 37d49d89 e20417cc: extract_entropy(.. 4 ..)
[    2.096594] random 0000 0000 0000 37d49d89 e20417cc: going to reseed nonblocking with 64 bits (32 of 0 requested)
[    2.096596] random 0000 0000 0000 37d49d89 e20417cc: extract_entropy(.. 8 ..)
[    2.096598] random 0000 0000 0000 37d49d89 e20417cc: trying to extract 64 bits from input
[    2.096600] random 0000 0000 0000 37d49d89 e20417cc: debiting 0 entropy credits from input
[    2.096602] random 0000 0000 0000 37d49d89 e20417cc: extract_entropy account returned: 0 
[    2.096605] random 0000 0000 0000 37d49d89 e20417cc: urand_change_num 22 xfer_secondary_pool(4): pool_sig 00000298, data_sig 00000000, bytes_mixed 0 37d49d89 e20417cc
[    2.096608] random 0000 0000 0000 37d49d89 e20417cc: trying to extract 32 bits from nonblocking
[    2.096610] random 0000 0000 0000 37d49d89 e20417cc: debiting 32 entropy credits from nonblocking (unlimited)
[    2.096613] random 0000 0000 0000 37d49d89 e20417cc: extract_entropy account returned: 4 
[    2.096616] random 0000 0000 0000 37d49d89 e20417cc: urand_change_num 23 extract_buf: pool_sig 00000298, data_sig 00000092, bytes_mixed 20 37d49d89 e20417cc
[    2.096668] RANDOM - __random32 called. Change num 13.  Value: eba68b0e	1db9b963	cf3ec61b
[    2.096670] RANDOM - random32 called.  Value: eba68b0e	1db9b963	cf3ec61b
[    2.096722] NET: Registered protocol family 17
[    2.096744] Using IPI No-Shortcut mode
[    2.096750] random 0000 0000 0000 2ee4c4fc 167bdb15: rand_read_num 6 get_random_bytes(8): sig fffffcbf 2ee4c4fc 167bdb15
[    2.096753] random 0000 0000 0000 2ee4c4fc 167bdb15: extract_entropy(.. 8 ..)
[    2.096755] random 0000 0000 0000 2ee4c4fc 167bdb15: going to reseed nonblocking with 64 bits (64 of 0 requested)
[    2.096757] random 0000 0000 0000 2ee4c4fc 167bdb15: extract_entropy(.. 8 ..)
[    2.096759] random 0000 0000 0000 2ee4c4fc 167bdb15: trying to extract 64 bits from input
[    2.096761] random 0000 0000 0000 2ee4c4fc 167bdb15: debiting 0 entropy credits from input
[    2.096764] random 0000 0000 0000 2ee4c4fc 167bdb15: extract_entropy account returned: 0 
[    2.096767] random 0000 0000 0000 2ee4c4fc 167bdb15: urand_change_num 24 xfer_secondary_pool(8): pool_sig fffffcbf, data_sig 00000000, bytes_mixed 0 2ee4c4fc 167bdb15
[    2.096769] random 0000 0000 0000 2ee4c4fc 167bdb15: trying to extract 64 bits from nonblocking
[    2.096772] random 0000 0000 0000 2ee4c4fc 167bdb15: debiting 64 entropy credits from nonblocking (unlimited)
[    2.096774] random 0000 0000 0000 2ee4c4fc 167bdb15: extract_entropy account returned: 8 
[    2.096777] random 0000 0000 0000 2ee4c4fc 167bdb15: urand_change_num 25 extract_buf: pool_sig fffffcbf, data_sig ffffff83, bytes_mixed 20 2ee4c4fc 167bdb15
[    2.096822] PM: Resume from disk failed.
[    2.096855] registered taskstats version 1
[    2.096861] random 0000 0000 0000 2ee4c4fc 167bdb15: rand_read_num 7 get_random_bytes(12): sig fffffc69 2ee4c4fc 167bdb15
[    2.096897] random 0000 0000 0000 2ee4c4fc 167bdb15: extract_entropy(.. 12 ..)
[    2.096900] random 0000 0000 0000 2ee4c4fc 167bdb15: going to reseed nonblocking with 96 bits (96 of 0 requested)
[    2.096903] random 0000 0000 0000 2ee4c4fc 167bdb15: extract_entropy(.. 12 ..)
[    2.096907] random 0000 0000 0000 2ee4c4fc 167bdb15: trying to extract 96 bits from input
[    2.096910] random 0000 0000 0000 2ee4c4fc 167bdb15: debiting 0 entropy credits from input
[    2.096913] random 0000 0000 0000 2ee4c4fc 167bdb15: extract_entropy account returned: 0 
[    2.096917] random 0000 0000 0000 2ee4c4fc 167bdb15: urand_change_num 26 xfer_secondary_pool(12): pool_sig fffffc69, data_sig 00000000, bytes_mixed 0 2ee4c4fc 167bdb15
[    2.096920] random 0000 0000 0000 2ee4c4fc 167bdb15: trying to extract 96 bits from nonblocking
[    2.096922] random 0000 0000 0000 2ee4c4fc 167bdb15: debiting 96 entropy credits from nonblocking (unlimited)
[    2.096925] random 0000 0000 0000 2ee4c4fc 167bdb15: extract_entropy account returned: 12 
[    2.096928] random 0000 0000 0000 2ee4c4fc 167bdb15: urand_change_num 27 extract_buf: pool_sig fffffc69, data_sig ffffff7d, bytes_mixed 20 2ee4c4fc 167bdb15
[    2.096933] random 0000 0000 0000 83b7c1ab 94697f48: urand_change_num 28 extract_buf: pool_sig fffffe30, data_sig fffffdd6, bytes_mixed 20 83b7c1ab 94697f48
[    2.096936] RANDOM - __seed init called.
[    2.096937] RANDOM - __seed init called.
[    2.096938] RANDOM - __seed init called.
[    2.096940] RANDOM - __random32 called. Change num 14.  Value: fc007995	feca4f80	21b38ad2
[    2.096942] RANDOM - random32_reseed called.  Value: fc007995	feca4f80	21b38ad2
[    2.096944] Pid: 1, comm: swapper Not tainted 2.6.32.57 #4
[    2.096946] Call Trace:
[    2.096952]  [<c14a8a0e>] ? printk+0x1d/0x1f
[    2.096957]  [<c17537e5>] random32_reseed+0x89/0xbd
[    2.096961]  [<c1003042>] do_one_initcall+0x32/0x1a0
[    2.096964]  [<c175375c>] ? random32_reseed+0x0/0xbd
[    2.096967]  [<c17308e7>] kernel_init+0x12d/0x17a
[    2.096969]  [<c17307ba>] ? kernel_init+0x0/0x17a
[    2.096973]  [<c1009b07>] kernel_thread_helper+0x7/0x10
[    2.099620] input: AT Translated Set 2 keyboard as /devices/platform/i8042/serio0/input/input1
[    2.099899] random 0000 0000 0000 6db70b00 b30ce96b: rand_read_num 8 get_random_bytes(64): sig fffffb38 6db70b00 b30ce96b
[    2.099902] random 0000 0000 0000 6db70b00 b30ce96b: extract_entropy(.. 64 ..)
[    2.099905] random 0000 0000 0000 6db70b00 b30ce96b: going to reseed nonblocking with 512 bits (512 of 0 requested)
[    2.099907] random 0000 0000 0000 6db70b00 b30ce96b: extract_entropy(.. 64 ..)
[    2.099909] random 0000 0000 0000 6db70b00 b30ce96b: trying to extract 512 bits from input
[    2.099911] random 0000 0000 0000 6db70b00 b30ce96b: debiting 0 entropy credits from input
[    2.099913] random 0000 0000 0000 6db70b00 b30ce96b: extract_entropy account returned: 0 
[    2.099916] random 0000 0000 0000 6db70b00 b30ce96b: urand_change_num 29 xfer_secondary_pool(64): pool_sig fffffb38, data_sig 00000000, bytes_mixed 0 6db70b00 b30ce96b
[    2.099918] random 0000 0000 0000 6db70b00 b30ce96b: trying to extract 512 bits from nonblocking
[    2.099920] random 0000 0000 0000 6db70b00 b30ce96b: debiting 512 entropy credits from nonblocking (unlimited)
[    2.099923] random 0000 0000 0000 6db70b00 b30ce96b: extract_entropy account returned: 64 
[    2.099926] random 0000 0000 0000 6db70b00 b30ce96b: urand_change_num 30 extract_buf: pool_sig fffffb38, data_sig 00000151, bytes_mixed 20 6db70b00 b30ce96b
[    2.099930] random 0000 0000 0000 6db70b00 b30ce96b: urand_change_num 31 extract_buf: pool_sig fffffdb8, data_sig 00000379, bytes_mixed 20 6db70b00 b30ce96b
[    2.099934] random 0000 0000 0000 6b83001e d4b6c0d3: urand_change_num 32 extract_buf: pool_sig ffffffc9, data_sig 00000198, bytes_mixed 20 6b83001e d4b6c0d3
[    2.099938] random 0000 0000 0000 79d3e3c7 be564518: urand_change_num 33 extract_buf: pool_sig 000002b9, data_sig ffffff84, bytes_mixed 20 79d3e3c7 be564518
[    2.099943] random 0000 0000 0000 79d3e3c7 be564518: urand_change_num 34 extract_buf: pool_sig ffffff55, data_sig ffffff5a, bytes_mixed 20 79d3e3c7 be564518
[    2.099947] random 0000 0000 0000 89c03cb2 0d353228: urand_change_num 35 extract_buf: pool_sig 00000007, data_sig ffffff17, bytes_mixed 20 89c03cb2 0d353228
[    2.099951] random 0000 0000 0000 89c03cb2 0d353228: urand_change_num 36 extract_buf: pool_sig fffffdae, data_sig 000000db, bytes_mixed 20 89c03cb2 0d353228  Magic number: 13:140:305
[    2.099963] tty tty34: hash matches
[    2.100046] rtc_cmos 00:04: setting system clock to 2013-05-25 00:20:12 UTC (1369441212)
[    2.100048] BIOS EDD facility v0.16 2004-Jun-25, 0 devices found
[    2.100050] EDD information not available.
[    2.100072] random 0000 0000 0000 8ca62387 b120332c: rand_read_num 9 get_random_bytes(64): sig fffffed6 8ca62387 b120332c
[    2.100075] random 0000 0000 0000 8ca62387 b120332c: extract_entropy(.. 64 ..)
[    2.100077] random 0000 0000 0000 8ca62387 b120332c: going to reseed nonblocking with 512 bits (512 of 0 requested)
[    2.100079] random 0000 0000 0000 8ca62387 b120332c: extract_entropy(.. 64 ..)
[    2.100081] random 0000 0000 0000 8ca62387 b120332c: trying to extract 512 bits from input
[    2.100083] random 0000 0000 0000 8ca62387 b120332c: debiting 0 entropy credits from input
[    2.100085] random 0000 0000 0000 8ca62387 b120332c: extract_entropy account returned: 0 
[    2.100088] random 0000 0000 0000 8ca62387 b120332c: urand_change_num 37 xfer_secondary_pool(64): pool_sig fffffed6, data_sig 00000000, bytes_mixed 0 8ca62387 b120332c
[    2.100090] random 0000 0000 0000 8ca62387 b120332c: trying to extract 512 bits from nonblocking
[    2.100092] random 0000 0000 0000 8ca62387 b120332c: debiting 512 entropy credits from nonblocking (unlimited)
[    2.100095] random 0000 0000 0000 8ca62387 b120332c: extract_entropy account returned: 64 
[    2.100098] random 0000 0000 0000 8ca62387 b120332c: urand_change_num 38 extract_buf: pool_sig fffffed6, data_sig fffffeb6, bytes_mixed 20 8ca62387 b120332c
[    2.100102] random 0000 0000 0000 90702413 e2a66c2e: urand_change_num 39 extract_buf: pool_sig fffffbb0, data_sig 0000012e, bytes_mixed 20 90702413 e2a66c2e
[    2.100106] random 0000 0000 0000 90702413 e2a66c2e: urand_change_num 40 extract_buf: pool_sig fffffaf1, data_sig ffffff3c, bytes_mixed 20 90702413 e2a66c2e
[    2.100110] random 0000 0000 0000 3f58038b c77aecb6: urand_change_num 41 extract_buf: pool_sig 00000234, data_sig fffffdec, bytes_mixed 20 3f58038b c77aecb6
[    2.100114] random 0000 0000 0000 47187b9d 03f21510: urand_change_num 42 extract_buf: pool_sig 00000192, data_sig 00000075, bytes_mixed 20 47187b9d 03f21510
[    2.100118] random 0000 0000 0000 47187b9d 03f21510: urand_change_num 43 extract_buf: pool_sig 0000018e, data_sig ffffffbf, bytes_mixed 20 47187b9d 03f21510
[    2.100123] random 0000 0000 0000 3180b1fc 0fa9c973: urand_change_num 44 extract_buf: pool_sig fffffecf, data_sig ffffff2a, bytes_mixed 20 3180b1fc 0fa9c973
[    2.100125] BEGIN NET_SECRET:
[    2.100126] \xffffff87
[    2.100127] \xffffff8d
[    2.100129] \xfffffff4
[    2.100130] \xffffffae
[    2.100131] \xffffffc3
[    2.100132] \xffffffb7
[    2.100133] \x31
[    2.100134] \x65
[    2.100135] \xffffffda
[    2.100136] \xffffffa2
[    2.100137] \x31
[    2.100138] \xffffffc8
[    2.100140] \xffffffa9
[    2.100141] \x76
[    2.100142] \x76
[    2.100143] \xffffff90
[    2.100144] \x55
[    2.100145] \xfffffff3
[    2.100146] \xffffffb1
[    2.100147] \x3
[    2.100148] \xffffffb3
[    2.100149] \xffffffa7
[    2.100150] \x5a
[    2.100151] \x71
[    2.100152] \x70
[    2.100153] \xffffff8c
[    2.100155] \x56
[    2.100156] \x25
[    2.100157] \xffffffe1
[    2.100158] \x4c
[    2.100159] \xffffffe6
[    2.100160] \xffffff95
[    2.100161] \x67
[    2.100162] \x4c
[    2.100163] \xffffffb9
[    2.100164] \x1d
[    2.100165] \xe
[    2.100166] \x34
[    2.100167] \xffffffbe
[    2.100168] \x12
[    2.100170] \x5
[    2.100171] \xffffff98
[    2.100172] \xffffffa0
[    2.100173] \xf
[    2.100174] \xffffffb2
[    2.100175] \xffffffde
[    2.100176] \xffffff99
[    2.100177] \xf
[    2.100178] \xffffffe8
[    2.100179] \xffffffc8
[    2.100180] \x1f
[    2.100181] \x54
[    2.100182] \x2c
[    2.100183] \xffffffee
[    2.100185] \x2e
[    2.100186] \x0
[    2.100187] \xffffff95
[    2.100188] \x0
[    2.100189] \xffffffe3
[    2.100190] \xffffffa7
[    2.100191] \xfffffffd
[    2.100192] \x66
[    2.100193] \xffffff92
[    2.100194] \xfffffff0
[    2.100195] 
[    2.100196] END NET_SECRET
[    2.100199] random 0000 0000 0000 3180b1fc 0fa9c973: rand_read_num 10 get_random_bytes(4): sig ffffff46 3180b1fc 0fa9c973
[    2.100201] random 0000 0000 0000 3180b1fc 0fa9c973: extract_entropy(.. 4 ..)
[    2.100203] random 0000 0000 0000 3180b1fc 0fa9c973: going to reseed nonblocking with 64 bits (32 of 0 requested)
[    2.100205] random 0000 0000 0000 3180b1fc 0fa9c973: extract_entropy(.. 8 ..)
[    2.100207] random 0000 0000 0000 3180b1fc 0fa9c973: trying to extract 64 bits from input
[    2.100209] random 0000 0000 0000 3180b1fc 0fa9c973: debiting 0 entropy credits from input
[    2.100211] random 0000 0000 0000 3180b1fc 0fa9c973: extract_entropy account returned: 0 
[    2.100214] random 0000 0000 0000 3180b1fc 0fa9c973: urand_change_num 45 xfer_secondary_pool(4): pool_sig ffffff46, data_sig 00000000, bytes_mixed 0 3180b1fc 0fa9c973
[    2.100217] random 0000 0000 0000 3180b1fc 0fa9c973: trying to extract 32 bits from nonblocking
[    2.100219] random 0000 0000 0000 3180b1fc 0fa9c973: debiting 32 entropy credits from nonblocking (unlimited)
[    2.100221] random 0000 0000 0000 3180b1fc 0fa9c973: extract_entropy account returned: 4 
[    2.100224] random 0000 0000 0000 3180b1fc 0fa9c973: urand_change_num 46 extract_buf: pool_sig ffffff46, data_sig 0000001b, bytes_mixed 20 3180b1fc 0fa9c973
[    2.275449] ata2.00: ATAPI: VMware Virtual IDE CDROM Drive, 00000001, max UDMA/33
[    2.275748] ata2.00: configured for UDMA/33
[    2.276138] scsi 1:0:0:0: CD-ROM            NECVMWar VMware IDE CDR10 1.00 PQ: 0 ANSI: 5
[    2.277320] sr0: scsi3-mmc drive: 306x/306x cd/rw xa/form2 cdda tray
[    2.277323] Uniform CD-ROM driver Revision: 3.20
[    2.277375] sr 1:0:0:0: Attached scsi CD-ROM sr0
[    2.277411] sr 1:0:0:0: Attached scsi generic sg0 type 5
[    2.277446] Freeing unused kernel memory: 652k freed
[    2.277498] Write protecting the kernel text: 4840k
[    2.277528] Write protecting the kernel read-only data: 1968k
