[    0.000000] random 0000 0000 0000 00000000 00000000: rand_read_num 1 get_random_bytes(8): sig 00000000 00000000 00000000
[    0.000000] random 0000 0000 0000 00000000 00000000: extract_entropy(.. 8 ..)
[    0.000000] random 0000 0000 0000 00000000 00000000: going to reseed nonblocking with 64 bits (64 of 0 requested)
[    0.000000] random 0000 0000 0000 00000000 00000000: extract_entropy(.. 8 ..)
[    0.000000] random 0000 0000 0000 00000000 00000000: trying to extract 64 bits from input
[    0.000000] random 0000 0000 0000 00000000 00000000: debiting 0 entropy credits from input
[    0.000000] random 0000 0000 0000 00000000 00000000: extract_entropy account returned: 0 
[    0.000000] random 0000 0000 0000 00000000 00000000: urand_change_num 1 xfer_secondary_pool(8): pool_sig 00000000, data_sig 00000000, bytes_mixed 0 00000000 00000000
[    0.000000] random 0000 0000 0000 00000000 00000000: trying to extract 64 bits from nonblocking
[    0.000000] random 0000 0000 0000 00000000 00000000: debiting 64 entropy credits from nonblocking (unlimited)
[    0.000000] random 0000 0000 0000 00000000 00000000: extract_entropy account returned: 8 
[    0.000000] random 0000 0000 0000 00000000 00000000: urand_change_num 2 extract_buf: pool_sig 00000000, data_sig fffffff9, bytes_mixed 20 00000000 00000000
[    0.000000] Initializing cgroup subsys cpuset
[    0.000000] Initializing cgroup subsys cpu
[    0.000000] Linux version 2.6.32.57 (dcashman@ubuntu) (gcc version 4.6.3 (Ubuntu/Linaro 4.6.3-1ubuntu5) ) #4 SMP Fri May 24 11:09:26 PDT 2013
[    0.000000] KERNEL supported cpus:
[    0.000000]   Intel GenuineIntel
[    0.000000]   AMD AuthenticAMD
[    0.000000]   NSC Geode by NSC
[    0.000000]   Cyrix CyrixInstead
[    0.000000]   Centaur CentaurHauls
[    0.000000]   Transmeta GenuineTMx86
[    0.000000]   Transmeta TransmetaCPU
[    0.000000]   UMC UMC UMC UMC
[    0.000000] BIOS-provided physical RAM map:
[    0.000000]  BIOS-e820: 0000000000000000 - 000000000009f000 (usable)
[    0.000000]  BIOS-e820: 000000000009f000 - 00000000000a0000 (reserved)
[    0.000000]  BIOS-e820: 00000000000ca000 - 00000000000cc000 (reserved)
[    0.000000]  BIOS-e820: 00000000000dc000 - 0000000000100000 (reserved)
[    0.000000]  BIOS-e820: 0000000000100000 - 000000003fee0000 (usable)
[    0.000000]  BIOS-e820: 000000003fee0000 - 000000003feff000 (ACPI data)
[    0.000000]  BIOS-e820: 000000003feff000 - 000000003ff00000 (ACPI NVS)
[    0.000000]  BIOS-e820: 000000003ff00000 - 0000000040000000 (usable)
[    0.000000]  BIOS-e820: 00000000e0000000 - 00000000f0000000 (reserved)
[    0.000000]  BIOS-e820: 00000000fec00000 - 00000000fec10000 (reserved)
[    0.000000]  BIOS-e820: 00000000fee00000 - 00000000fee01000 (reserved)
[    0.000000]  BIOS-e820: 00000000fffe0000 - 0000000100000000 (reserved)
[    0.000000] DMI present.
[    0.000000] Phoenix BIOS detected: BIOS may corrupt low RAM, working around it.
[    0.000000] e820 update range: 0000000000000000 - 0000000000010000 (usable) ==> (reserved)
[    0.000000] last_pfn = 0x40000 max_arch_pfn = 0x1000000
[    0.000000] MTRR default type: uncachable
[    0.000000] MTRR fixed ranges enabled:
[    0.000000]   00000-9FFFF write-back
[    0.000000]   A0000-BFFFF uncachable
[    0.000000]   C0000-CBFFF write-protect
[    0.000000]   CC000-EFFFF uncachable
[    0.000000]   F0000-FFFFF write-protect
[    0.000000] MTRR variable ranges enabled:
[    0.000000]   0 base 0000000000 mask FFC0000000 write-back
[    0.000000]   1 disabled
[    0.000000]   2 disabled
[    0.000000]   3 disabled
[    0.000000]   4 disabled
[    0.000000]   5 disabled
[    0.000000]   6 disabled
[    0.000000]   7 disabled
[    0.000000] x86 PAT enabled: cpu 0, old 0x0, new 0x7010600070106
[    0.000000] Scanning 0 areas for low memory corruption
[    0.000000] modified physical RAM map:
[    0.000000]  modified: 0000000000000000 - 0000000000010000 (reserved)
[    0.000000]  modified: 0000000000010000 - 000000000009f000 (usable)
[    0.000000]  modified: 000000000009f000 - 00000000000a0000 (reserved)
[    0.000000]  modified: 00000000000ca000 - 00000000000cc000 (reserved)
[    0.000000]  modified: 00000000000dc000 - 0000000000100000 (reserved)
[    0.000000]  modified: 0000000000100000 - 000000003fee0000 (usable)
[    0.000000]  modified: 000000003fee0000 - 000000003feff000 (ACPI data)
[    0.000000]  modified: 000000003feff000 - 000000003ff00000 (ACPI NVS)
[    0.000000]  modified: 000000003ff00000 - 0000000040000000 (usable)
[    0.000000]  modified: 00000000e0000000 - 00000000f0000000 (reserved)
[    0.000000]  modified: 00000000fec00000 - 00000000fec10000 (reserved)
[    0.000000]  modified: 00000000fee00000 - 00000000fee01000 (reserved)
[    0.000000]  modified: 00000000fffe0000 - 0000000100000000 (reserved)
[    0.000000] initial memory mapped : 0 - 01e00000
[    0.000000] init_memory_mapping: 0000000000000000-00000000379fe000
[    0.000000] NX (Execute Disable) protection: active
[    0.000000]  0000000000 - 0000200000 page 4k
[    0.000000]  0000200000 - 0037800000 page 2M
[    0.000000]  0037800000 - 00379fe000 page 4k
[    0.000000] kernel direct mapping tables up to 379fe000 @ 10000-16000
[    0.000000] RAMDISK: 2dcfc000 - 32e758c3
[    0.000000] ACPI: RSDP 000f6b80 00024 (v02 PTLTD )
[    0.000000] ACPI: XSDT 3feed636 0005C (v01 INTEL  440BX    06040000 VMW  01324272)
[    0.000000] ACPI: FACP 3fefee98 000F4 (v04 INTEL  440BX    06040000 PTL  000F4240)
[    0.000000] ACPI: DSDT 3feee366 10B32 (v01 PTLTD  Custom   06040000 MSFT 03000001)
[    0.000000] ACPI: FACS 3fefffc0 00040
[    0.000000] ACPI: BOOT 3feee33e 00028 (v01 PTLTD  $SBFTBL$ 06040000  LTP 00000001)
[    0.000000] ACPI: APIC 3feedc3e 003C2 (v01 PTLTD  ? APIC   06040000  LTP 00000000)
[    0.000000] ACPI: MCFG 3feedc02 0003C (v01 PTLTD  $PCITBL$ 06040000  LTP 00000001)
[    0.000000] ACPI: SRAT 3feed732 004D0 (v02 VMWARE MEMPLUG  06040000 VMW  00000001)
[    0.000000] ACPI: HPET 3feed6fa 00038 (v01 VMWARE VMW HPET 06040000 VMW  00000001)
[    0.000000] ACPI: WAET 3feed6d2 00028 (v01 VMWARE VMW WAET 06040000 VMW  00000001)
[    0.000000] ACPI: Local APIC address 0xfee00000
[    0.000000] 134MB HIGHMEM available.
[    0.000000] 889MB LOWMEM available.
[    0.000000]   mapped low ram: 0 - 379fe000
[    0.000000]   low ram: 0 - 379fe000
[    0.000000]   node 0 low ram: 00000000 - 379fe000
[    0.000000]   node 0 bootmap 00012000 - 00018f40
[    0.000000] (9 early reservations) ==> bootmem [0000000000 - 00379fe000]
[    0.000000]   #0 [0000000000 - 0000001000]   BIOS data page ==> [0000000000 - 0000001000]
[    0.000000]   #1 [0000001000 - 0000002000]    EX TRAMPOLINE ==> [0000001000 - 0000002000]
[    0.000000]   #2 [0000006000 - 0000007000]       TRAMPOLINE ==> [0000006000 - 0000007000]
[    0.000000]   #3 [0001000000 - 0001a75ff8]    TEXT DATA BSS ==> [0001000000 - 0001a75ff8]
[    0.000000]   #4 [002dcfc000 - 0032e758c3]          RAMDISK ==> [002dcfc000 - 0032e758c3]
[    0.000000]   #5 [000009f000 - 0000100000]    BIOS reserved ==> [000009f000 - 0000100000]
[    0.000000]   #6 [0001a76000 - 0001a851c0]              BRK ==> [0001a76000 - 0001a851c0]
[    0.000000]   #7 [0000010000 - 0000012000]          PGTABLE ==> [0000010000 - 0000012000]
[    0.000000]   #8 [0000012000 - 0000019000]          BOOTMAP ==> [0000012000 - 0000019000]
[    0.000000] found SMP MP-table at [c00f6bf0] f6bf0
[    0.000000] Zone PFN ranges:
[    0.000000]   DMA      0x00000010 -> 0x00001000
[    0.000000]   Normal   0x00001000 -> 0x000379fe
[    0.000000]   HighMem  0x000379fe -> 0x00040000
[    0.000000] Movable zone start PFN for each node
[    0.000000] early_node_map[3] active PFN ranges
[    0.000000]     0: 0x00000010 -> 0x0000009f
[    0.000000]     0: 0x00000100 -> 0x0003fee0
[    0.000000]     0: 0x0003ff00 -> 0x00040000
[    0.000000] On node 0 totalpages: 261999
[    0.000000] free_area_init_node: node 0, pgdat c1715200, node_mem_map c1a87200
[    0.000000]   DMA zone: 32 pages used for memmap
[    0.000000]   DMA zone: 0 pages reserved
[    0.000000]   DMA zone: 3951 pages, LIFO batch:0
[    0.000000]   Normal zone: 1748 pages used for memmap
[    0.000000]   Normal zone: 221994 pages, LIFO batch:31
[    0.000000]   HighMem zone: 269 pages used for memmap
[    0.000000]   HighMem zone: 34005 pages, LIFO batch:7
[    0.000000] Using APIC driver default
[    0.000000] ACPI: PM-Timer IO Port: 0x1008
[    0.000000] ACPI: Local APIC address 0xfee00000
[    0.000000] ACPI: LAPIC (acpi_id[0x00] lapic_id[0x00] enabled)
[    0.000000] ACPI: LAPIC (acpi_id[0x01] lapic_id[0x02] disabled)
[    0.000000] ACPI: LAPIC (acpi_id[0x02] lapic_id[0x04] disabled)
[    0.000000] ACPI: LAPIC (acpi_id[0x03] lapic_id[0x06] disabled)
[    0.000000] ACPI: LAPIC (acpi_id[0x04] lapic_id[0x08] disabled)
[    0.000000] ACPI: LAPIC (acpi_id[0x05] lapic_id[0x0a] disabled)
[    0.000000] ACPI: LAPIC (acpi_id[0x06] lapic_id[0x0c] disabled)
[    0.000000] ACPI: LAPIC (acpi_id[0x07] lapic_id[0x0e] disabled)
[    0.000000] ACPI: LAPIC (acpi_id[0x08] lapic_id[0x10] disabled)
[    0.000000] ACPI: LAPIC (acpi_id[0x09] lapic_id[0x12] disabled)
[    0.000000] ACPI: LAPIC (acpi_id[0x0a] lapic_id[0x14] disabled)
[    0.000000] ACPI: LAPIC (acpi_id[0x0b] lapic_id[0x16] disabled)
[    0.000000] ACPI: LAPIC (acpi_id[0x0c] lapic_id[0x18] disabled)
[    0.000000] ACPI: LAPIC (acpi_id[0x0d] lapic_id[0x1a] disabled)
[    0.000000] ACPI: LAPIC (acpi_id[0x0e] lapic_id[0x1c] disabled)
[    0.000000] ACPI: LAPIC (acpi_id[0x0f] lapic_id[0x1e] disabled)
[    0.000000] ACPI: LAPIC (acpi_id[0x10] lapic_id[0x20] disabled)
[    0.000000] ACPI: LAPIC (acpi_id[0x11] lapic_id[0x22] disabled)
[    0.000000] ACPI: LAPIC (acpi_id[0x12] lapic_id[0x24] disabled)
[    0.000000] ACPI: LAPIC (acpi_id[0x13] lapic_id[0x26] disabled)
[    0.000000] ACPI: LAPIC (acpi_id[0x14] lapic_id[0x28] disabled)
[    0.000000] ACPI: LAPIC (acpi_id[0x15] lapic_id[0x2a] disabled)
[    0.000000] ACPI: LAPIC (acpi_id[0x16] lapic_id[0x2c] disabled)
[    0.000000] ACPI: LAPIC (acpi_id[0x17] lapic_id[0x2e] disabled)
[    0.000000] ACPI: LAPIC (acpi_id[0x18] lapic_id[0x30] disabled)
[    0.000000] ACPI: LAPIC (acpi_id[0x19] lapic_id[0x32] disabled)
[    0.000000] ACPI: LAPIC (acpi_id[0x1a] lapic_id[0x34] disabled)
[    0.000000] ACPI: LAPIC (acpi_id[0x1b] lapic_id[0x36] disabled)
[    0.000000] ACPI: LAPIC (acpi_id[0x1c] lapic_id[0x38] disabled)
[    0.000000] ACPI: LAPIC (acpi_id[0x1d] lapic_id[0x3a] disabled)
[    0.000000] ACPI: LAPIC (acpi_id[0x1e] lapic_id[0x3c] disabled)
[    0.000000] ACPI: LAPIC (acpi_id[0x1f] lapic_id[0x3e] disabled)
[    0.000000] ACPI: LAPIC (acpi_id[0x20] lapic_id[0x40] disabled)
[    0.000000] ACPI: LAPIC (acpi_id[0x21] lapic_id[0x42] disabled)
[    0.000000] ACPI: LAPIC (acpi_id[0x22] lapic_id[0x44] disabled)
[    0.000000] ACPI: LAPIC (acpi_id[0x23] lapic_id[0x46] disabled)
[    0.000000] ACPI: LAPIC (acpi_id[0x24] lapic_id[0x48] disabled)
[    0.000000] ACPI: LAPIC (acpi_id[0x25] lapic_id[0x4a] disabled)
[    0.000000] ACPI: LAPIC (acpi_id[0x26] lapic_id[0x4c] disabled)
[    0.000000] ACPI: LAPIC (acpi_id[0x27] lapic_id[0x4e] disabled)
[    0.000000] ACPI: LAPIC (acpi_id[0x28] lapic_id[0x50] disabled)
[    0.000000] ACPI: LAPIC (acpi_id[0x29] lapic_id[0x52] disabled)
[    0.000000] ACPI: LAPIC (acpi_id[0x2a] lapic_id[0x54] disabled)
[    0.000000] ACPI: LAPIC (acpi_id[0x2b] lapic_id[0x56] disabled)
[    0.000000] ACPI: LAPIC (acpi_id[0x2c] lapic_id[0x58] disabled)
[    0.000000] ACPI: LAPIC (acpi_id[0x2d] lapic_id[0x5a] disabled)
[    0.000000] ACPI: LAPIC (acpi_id[0x2e] lapic_id[0x5c] disabled)
[    0.000000] ACPI: LAPIC (acpi_id[0x2f] lapic_id[0x5e] disabled)
[    0.000000] ACPI: LAPIC (acpi_id[0x30] lapic_id[0x60] disabled)
[    0.000000] ACPI: LAPIC (acpi_id[0x31] lapic_id[0x62] disabled)
[    0.000000] ACPI: LAPIC (acpi_id[0x32] lapic_id[0x64] disabled)
[    0.000000] ACPI: LAPIC (acpi_id[0x33] lapic_id[0x66] disabled)
[    0.000000] ACPI: LAPIC (acpi_id[0x34] lapic_id[0x68] disabled)
[    0.000000] ACPI: LAPIC (acpi_id[0x35] lapic_id[0x6a] disabled)
[    0.000000] ACPI: LAPIC (acpi_id[0x36] lapic_id[0x6c] disabled)
[    0.000000] ACPI: LAPIC (acpi_id[0x37] lapic_id[0x6e] disabled)
[    0.000000] ACPI: LAPIC (acpi_id[0x38] lapic_id[0x70] disabled)
[    0.000000] ACPI: LAPIC (acpi_id[0x39] lapic_id[0x72] disabled)
[    0.000000] ACPI: LAPIC (acpi_id[0x3a] lapic_id[0x74] disabled)
[    0.000000] ACPI: LAPIC (acpi_id[0x3b] lapic_id[0x76] disabled)
[    0.000000] ACPI: LAPIC (acpi_id[0x3c] lapic_id[0x78] disabled)
[    0.000000] ACPI: LAPIC (acpi_id[0x3d] lapic_id[0x7a] disabled)
[    0.000000] ACPI: LAPIC (acpi_id[0x3e] lapic_id[0x7c] disabled)
[    0.000000] ACPI: LAPIC (acpi_id[0x3f] lapic_id[0x7e] disabled)
[    0.000000] ACPI: LAPIC_NMI (acpi_id[0x00] high edge lint[0x1])
[    0.000000] ACPI: LAPIC_NMI (acpi_id[0x01] high edge lint[0x1])
[    0.000000] ACPI: LAPIC_NMI (acpi_id[0x02] high edge lint[0x1])
[    0.000000] ACPI: LAPIC_NMI (acpi_id[0x03] high edge lint[0x1])
[    0.000000] ACPI: LAPIC_NMI (acpi_id[0x04] high edge lint[0x1])
[    0.000000] ACPI: LAPIC_NMI (acpi_id[0x05] high edge lint[0x1])
[    0.000000] ACPI: LAPIC_NMI (acpi_id[0x06] high edge lint[0x1])
[    0.000000] ACPI: LAPIC_NMI (acpi_id[0x07] high edge lint[0x1])
[    0.000000] ACPI: LAPIC_NMI (acpi_id[0x08] high edge lint[0x1])
[    0.000000] ACPI: LAPIC_NMI (acpi_id[0x09] high edge lint[0x1])
[    0.000000] ACPI: LAPIC_NMI (acpi_id[0x0a] high edge lint[0x1])
[    0.000000] ACPI: LAPIC_NMI (acpi_id[0x0b] high edge lint[0x1])
[    0.000000] ACPI: LAPIC_NMI (acpi_id[0x0c] high edge lint[0x1])
[    0.000000] ACPI: LAPIC_NMI (acpi_id[0x0d] high edge lint[0x1])
[    0.000000] ACPI: LAPIC_NMI (acpi_id[0x0e] high edge lint[0x1])
[    0.000000] ACPI: LAPIC_NMI (acpi_id[0x0f] high edge lint[0x1])
[    0.000000] ACPI: LAPIC_NMI (acpi_id[0x10] high edge lint[0x1])
[    0.000000] ACPI: LAPIC_NMI (acpi_id[0x11] high edge lint[0x1])
[    0.000000] ACPI: LAPIC_NMI (acpi_id[0x12] high edge lint[0x1])
[    0.000000] ACPI: LAPIC_NMI (acpi_id[0x13] high edge lint[0x1])
[    0.000000] ACPI: LAPIC_NMI (acpi_id[0x14] high edge lint[0x1])
[    0.000000] ACPI: LAPIC_NMI (acpi_id[0x15] high edge lint[0x1])
[    0.000000] ACPI: LAPIC_NMI (acpi_id[0x16] high edge lint[0x1])
[    0.000000] ACPI: LAPIC_NMI (acpi_id[0x17] high edge lint[0x1])
[    0.000000] ACPI: LAPIC_NMI (acpi_id[0x18] high edge lint[0x1])
[    0.000000] ACPI: LAPIC_NMI (acpi_id[0x19] high edge lint[0x1])
[    0.000000] ACPI: LAPIC_NMI (acpi_id[0x1a] high edge lint[0x1])
[    0.000000] ACPI: LAPIC_NMI (acpi_id[0x1b] high edge lint[0x1])
[    0.000000] ACPI: LAPIC_NMI (acpi_id[0x1c] high edge lint[0x1])
[    0.000000] ACPI: LAPIC_NMI (acpi_id[0x1d] high edge lint[0x1])
[    0.000000] ACPI: LAPIC_NMI (acpi_id[0x1e] high edge lint[0x1])
[    0.000000] ACPI: LAPIC_NMI (acpi_id[0x1f] high edge lint[0x1])
[    0.000000] ACPI: LAPIC_NMI (acpi_id[0x20] high edge lint[0x1])
[    0.000000] ACPI: LAPIC_NMI (acpi_id[0x21] high edge lint[0x1])
[    0.000000] ACPI: LAPIC_NMI (acpi_id[0x22] high edge lint[0x1])
[    0.000000] ACPI: LAPIC_NMI (acpi_id[0x23] high edge lint[0x1])
[    0.000000] ACPI: LAPIC_NMI (acpi_id[0x24] high edge lint[0x1])
[    0.000000] ACPI: LAPIC_NMI (acpi_id[0x25] high edge lint[0x1])
[    0.000000] ACPI: LAPIC_NMI (acpi_id[0x26] high edge lint[0x1])
[    0.000000] ACPI: LAPIC_NMI (acpi_id[0x27] high edge lint[0x1])
[    0.000000] ACPI: LAPIC_NMI (acpi_id[0x28] high edge lint[0x1])
[    0.000000] ACPI: LAPIC_NMI (acpi_id[0x29] high edge lint[0x1])
[    0.000000] ACPI: LAPIC_NMI (acpi_id[0x2a] high edge lint[0x1])
[    0.000000] ACPI: LAPIC_NMI (acpi_id[0x2b] high edge lint[0x1])
[    0.000000] ACPI: LAPIC_NMI (acpi_id[0x2c] high edge lint[0x1])
[    0.000000] ACPI: LAPIC_NMI (acpi_id[0x2d] high edge lint[0x1])
[    0.000000] ACPI: LAPIC_NMI (acpi_id[0x2e] high edge lint[0x1])
[    0.000000] ACPI: LAPIC_NMI (acpi_id[0x2f] high edge lint[0x1])
[    0.000000] ACPI: LAPIC_NMI (acpi_id[0x30] high edge lint[0x1])
[    0.000000] ACPI: LAPIC_NMI (acpi_id[0x31] high edge lint[0x1])
[    0.000000] ACPI: LAPIC_NMI (acpi_id[0x32] high edge lint[0x1])
[    0.000000] ACPI: LAPIC_NMI (acpi_id[0x33] high edge lint[0x1])
[    0.000000] ACPI: LAPIC_NMI (acpi_id[0x34] high edge lint[0x1])
[    0.000000] ACPI: LAPIC_NMI (acpi_id[0x35] high edge lint[0x1])
[    0.000000] ACPI: LAPIC_NMI (acpi_id[0x36] high edge lint[0x1])
[    0.000000] ACPI: LAPIC_NMI (acpi_id[0x37] high edge lint[0x1])
[    0.000000] ACPI: LAPIC_NMI (acpi_id[0x38] high edge lint[0x1])
[    0.000000] ACPI: LAPIC_NMI (acpi_id[0x39] high edge lint[0x1])
[    0.000000] ACPI: LAPIC_NMI (acpi_id[0x3a] high edge lint[0x1])
[    0.000000] ACPI: LAPIC_NMI (acpi_id[0x3b] high edge lint[0x1])
[    0.000000] ACPI: LAPIC_NMI (acpi_id[0x3c] high edge lint[0x1])
[    0.000000] ACPI: LAPIC_NMI (acpi_id[0x3d] high edge lint[0x1])
[    0.000000] ACPI: LAPIC_NMI (acpi_id[0x3e] high edge lint[0x1])
[    0.000000] ACPI: LAPIC_NMI (acpi_id[0x3f] high edge lint[0x1])
[    0.000000] ACPI: Skipping IOAPIC probe due to 'noapic' option.
[    0.000000] Using ACPI for processor (LAPIC) configuration information
[    0.000000] ACPI: HPET id: 0x8086af01 base: 0xfed00000
[    0.000000] Intel MultiProcessor Specification v1.4
[    0.000000]     Virtual Wire compatibility mode.
[    0.000000] MPTABLE: OEM ID: INTEL   
[    0.000000] MPTABLE: Product ID: 440BX       
[    0.000000] MPTABLE: APIC at: 0xFEE00000
[    0.000000] I/O APIC #1 Version 17 at 0xFEC00000.
[    0.000000] Processors: 1
[    0.000000] 64 Processors exceeds NR_CPUS limit of 8
[    0.000000] SMP: Allowing 8 CPUs, 7 hotplug CPUs
[    0.000000] nr_irqs_gsi: 24
[    0.000000] PM: Registered nosave memory: 000000000009f000 - 00000000000a0000
[    0.000000] PM: Registered nosave memory: 00000000000a0000 - 00000000000ca000
[    0.000000] PM: Registered nosave memory: 00000000000ca000 - 00000000000cc000
[    0.000000] PM: Registered nosave memory: 00000000000cc000 - 00000000000dc000
[    0.000000] PM: Registered nosave memory: 00000000000dc000 - 0000000000100000
[    0.000000] Allocating PCI resources starting at 40000000 (gap: 40000000:a0000000)
[    0.000000] Booting paravirtualized kernel on bare hardware
[    0.000000] NR_CPUS:8 nr_cpumask_bits:8 nr_cpu_ids:8 nr_node_ids:1
[    0.000000] PERCPU: Embedded 15 pages/cpu @c2400000 s39320 r0 d22120 u262144
[    0.000000] pcpu-alloc: s39320 r0 d22120 u262144 alloc=1*2097152
[    0.000000] pcpu-alloc: [0] 0 1 2 3 4 5 6 7 
[    0.000000] Built 1 zonelists in Zone order, mobility grouping on.  Total pages: 259950
[    0.000000] Kernel command line: BOOT_IMAGE=/boot/vmlinuz-2.6.32.57 root=UUID=007b598c-390d-4c65-84a1-4ff752d48633 ro quiet splash maxcpus=0
[    0.000000] PID hash table entries: 4096 (order: 2, 16384 bytes)
[    0.000000] Dentry cache hash table entries: 131072 (order: 7, 524288 bytes)
[    0.000000] Inode-cache hash table entries: 65536 (order: 6, 262144 bytes)
[    0.000000] Enabling fast FPU save and restore... done.
[    0.000000] Enabling unmasked SIMD FPU exception support... done.
[    0.000000] Initializing CPU#0
[    0.000000] xsave/xrstor: enabled xstate_bv 0x7, cntxt size 0x340
[    0.000000] allocated 5242560 bytes of page_cgroup
[    0.000000] please try 'cgroup_disable=memory' option if you don't want memory cgroups
[    0.000000] Initializing HighMem for node 0 (000379fe:00040000)
[    0.000000] Memory: 938260k/1048576k available (4839k kernel code, 108848k reserved, 2518k data, 652k init, 137096k highmem)
[    0.000000] virtual kernel memory layout:
[    0.000000]     fixmap  : 0xfff1e000 - 0xfffff000   ( 900 kB)
[    0.000000]     pkmap   : 0xffa00000 - 0xffc00000   (2048 kB)
[    0.000000]     vmalloc : 0xf81fe000 - 0xff9fe000   ( 120 MB)
[    0.000000]     lowmem  : 0xc0000000 - 0xf79fe000   ( 889 MB)
[    0.000000]       .init : 0xc1730000 - 0xc17d3000   ( 652 kB)
[    0.000000]       .data : 0xc14b9cce - 0xc172f764   (2518 kB)
[    0.000000]       .text : 0xc1000000 - 0xc14b9cce   (4839 kB)
[    0.000000] Checking if this processor honours the WP bit even in supervisor mode...Ok.
[    0.000000] SLUB: Genslabs=13, HWalign=64, Order=0-3, MinObjects=0, CPUs=8, Nodes=1
[    0.000000] Hierarchical RCU implementation.
[    0.000000] NR_IRQS:2304 nr_irqs:472
[    0.000000] Extended CMOS year: 2000
[    0.000000] Console: colour VGA+ 80x25
[    0.000000] console [tty0] enabled
[    0.000000] hpet clockevent registered
[    0.000000] TSC freq read from hypervisor : 2394.620 MHz
[    0.000000] Detected 2394.620 MHz processor.
[    0.000002] Calibrating delay loop (skipped) preset value.. 4789.24 BogoMIPS (lpj=9578480)
[    0.000011] Security Framework initialized
[    0.000014] SELinux:  Disabled at boot.
[    0.000018] Mount-cache hash table entries: 512
[    0.000115] Initializing cgroup subsys cpuacct
[    0.000118] Initializing cgroup subsys memory
[    0.000121] Initializing cgroup subsys devices
[    0.000123] Initializing cgroup subsys freezer
[    0.000149] CPU: Physical Processor ID: 0
[    0.000155] CPU: L1 I cache: 32K, L1 D cache: 32K
[    0.000157] CPU: L2 cache: 256K
[    0.000158] CPU: L3 cache: 4096K
[    0.000163] mce: CPU supports 0 MCE banks
[    0.000175] Performance Events: no PMU driver, software events only.
[    0.000185] Checking 'hlt' instruction... OK.
[    0.018328] SMP alternatives: switching to UP code
[    0.032577] ACPI: Core revision 20090903
[    0.039305] ACPI: setting ELCR to 0200 (from 0e20)
[    0.040371] ftrace: converting mcount calls to 0f 1f 44 00 00
[    0.040376] ftrace: allocating 22631 entries in 45 pages
[    0.057688] CANARY value: 2b1c78ee for PID: 1
[    0.057720] Not enabling x2apic, Intr-remapping init failed.
[    0.057721] Enabling APIC mode:  Flat.  Using 1 I/O APICs
[    0.057729] SMP mode deactivated.
[    0.057754] SMP disabled
[    0.057808] Brought up 1 CPUs
[    0.057809] Total of 1 processors activated (4789.24 BogoMIPS).
[    0.057813] CPU0 attaching NULL sched-domain.
[    0.057912] devtmpfs: initialized
[    0.058019] sysctl table check failed: /kernel/random/now_input .1.40.7 Unknown sysctl binary path
[    0.058260] Pid: 1, comm: swapper Not tainted 2.6.32.57 #4
[    0.058261] Call Trace:
[    0.058265]  [<c14a8a0e>] ? printk+0x1d/0x1f
[    0.058268]  [<c107b56f>] set_fail+0x4f/0x60
[    0.058270]  [<c107b8b3>] sysctl_check_table+0x333/0x620
[    0.058272]  [<c107b8cc>] sysctl_check_table+0x34c/0x620
[    0.058273]  [<c107b8cc>] sysctl_check_table+0x34c/0x620
[    0.058277]  [<c1746d48>] sysctl_init+0x25/0x29
[    0.058279]  [<c1003042>] do_one_initcall+0x32/0x1a0
[    0.058281]  [<c1746d23>] ? sysctl_init+0x0/0x29
[    0.058284]  [<c17308e7>] kernel_init+0x12d/0x17a
[    0.058285]  [<c17307ba>] ? kernel_init+0x0/0x17a
[    0.058288]  [<c1009b07>] kernel_thread_helper+0x7/0x10
[    0.058289] sysctl table check failed: /kernel/random/now_blocking .1.40.8 Unknown sysctl binary path
[    0.058517] Pid: 1, comm: swapper Not tainted 2.6.32.57 #4
[    0.058518] Call Trace:
[    0.058520]  [<c14a8a0e>] ? printk+0x1d/0x1f
[    0.058521]  [<c107b56f>] set_fail+0x4f/0x60
[    0.058523]  [<c107b8b3>] sysctl_check_table+0x333/0x620
[    0.058524]  [<c107b8cc>] sysctl_check_table+0x34c/0x620
[    0.058526]  [<c107b8cc>] sysctl_check_table+0x34c/0x620
[    0.058528]  [<c1746d48>] sysctl_init+0x25/0x29
[    0.058530]  [<c1003042>] do_one_initcall+0x32/0x1a0
[    0.058532]  [<c1746d23>] ? sysctl_init+0x0/0x29
[    0.058533]  [<c17308e7>] kernel_init+0x12d/0x17a
[    0.058535]  [<c17307ba>] ? kernel_init+0x0/0x17a
[    0.058536]  [<c1009b07>] kernel_thread_helper+0x7/0x10
[    0.058538] sysctl table check failed: /kernel/random/now_nonblocking .1.40.9 Unknown sysctl binary path
[    0.058767] Pid: 1, comm: swapper Not tainted 2.6.32.57 #4
[    0.058768] Call Trace:
[    0.058769]  [<c14a8a0e>] ? printk+0x1d/0x1f
[    0.058771]  [<c107b56f>] set_fail+0x4f/0x60
[    0.058772]  [<c107b8b3>] sysctl_check_table+0x333/0x620
[    0.058774]  [<c107b8cc>] sysctl_check_table+0x34c/0x620
[    0.058775]  [<c107b8cc>] sysctl_check_table+0x34c/0x620
[    0.058778]  [<c1746d48>] sysctl_init+0x25/0x29
[    0.058779]  [<c1003042>] do_one_initcall+0x32/0x1a0
[    0.058781]  [<c1746d23>] ? sysctl_init+0x0/0x29
[    0.058783]  [<c17308e7>] kernel_init+0x12d/0x17a
[    0.058784]  [<c17307ba>] ? kernel_init+0x0/0x17a
[    0.058786]  [<c1009b07>] kernel_thread_helper+0x7/0x10
[    0.058787] sysctl table check failed: /kernel/random/nb_input_bytes .1.40.10 Unknown sysctl binary path
[    0.059049] Pid: 1, comm: swapper Not tainted 2.6.32.57 #4
[    0.059050] Call Trace:
[    0.059051]  [<c14a8a0e>] ? printk+0x1d/0x1f
[    0.059053]  [<c107b56f>] set_fail+0x4f/0x60
[    0.059054]  [<c107b8b3>] sysctl_check_table+0x333/0x620
[    0.059056]  [<c107b8cc>] sysctl_check_table+0x34c/0x620
[    0.059057]  [<c107b8cc>] sysctl_check_table+0x34c/0x620
[    0.059059]  [<c1746d48>] sysctl_init+0x25/0x29
[    0.059061]  [<c1003042>] do_one_initcall+0x32/0x1a0
[    0.059063]  [<c1746d23>] ? sysctl_init+0x0/0x29
[    0.059064]  [<c17308e7>] kernel_init+0x12d/0x17a
[    0.059066]  [<c17307ba>] ? kernel_init+0x0/0x17a
[    0.059067]  [<c1009b07>] kernel_thread_helper+0x7/0x10
[    0.059069] sysctl table check failed: /kernel/random/nb_stir_count .1.40.11 Unknown sysctl binary path
[    0.059298] Pid: 1, comm: swapper Not tainted 2.6.32.57 #4
[    0.059299] Call Trace:
[    0.059300]  [<c14a8a0e>] ? printk+0x1d/0x1f
[    0.059301]  [<c107b56f>] set_fail+0x4f/0x60
[    0.059303]  [<c107b8b3>] sysctl_check_table+0x333/0x620
[    0.059304]  [<c107b8cc>] sysctl_check_table+0x34c/0x620
[    0.059306]  [<c107b8cc>] sysctl_check_table+0x34c/0x620
[    0.059308]  [<c1746d48>] sysctl_init+0x25/0x29
[    0.059310]  [<c1003042>] do_one_initcall+0x32/0x1a0
[    0.059312]  [<c1746d23>] ? sysctl_init+0x0/0x29
[    0.059313]  [<c17308e7>] kernel_init+0x12d/0x17a
[    0.059315]  [<c17307ba>] ? kernel_init+0x0/0x17a
[    0.059316]  [<c1009b07>] kernel_thread_helper+0x7/0x10
[    0.059317] sysctl table check failed: /kernel/random/nb_reentry_count .1.40.12 Unknown sysctl binary path
[    0.059548] Pid: 1, comm: swapper Not tainted 2.6.32.57 #4
[    0.059549] Call Trace:
[    0.059550]  [<c14a8a0e>] ? printk+0x1d/0x1f
[    0.059552]  [<c107b56f>] set_fail+0x4f/0x60
[    0.059553]  [<c107b8b3>] sysctl_check_table+0x333/0x620
[    0.059555]  [<c107b8cc>] sysctl_check_table+0x34c/0x620
[    0.059556]  [<c107b8cc>] sysctl_check_table+0x34c/0x620
[    0.059558]  [<c1746d48>] sysctl_init+0x25/0x29
[    0.059560]  [<c1003042>] do_one_initcall+0x32/0x1a0
[    0.059562]  [<c1746d23>] ? sysctl_init+0x0/0x29
[    0.059563]  [<c17308e7>] kernel_init+0x12d/0x17a
[    0.059565]  [<c17307ba>] ? kernel_init+0x0/0x17a
[    0.059566]  [<c1009b07>] kernel_thread_helper+0x7/0x10
[    0.059676] RANDOM - __seed init called.
[    0.059676] RANDOM - __seed init called.
[    0.059677] RANDOM - __seed init called.
[    0.059678] RANDOM - __random32 called. Change num 1.  Value: 865378fd	b53d80db	1f8ba37e
[    0.059680] RANDOM - __random32 called. Change num 2.  Value: 378fdd29	53d80db0	46fc7ad7
[    0.059681] RANDOM - __random32 called. Change num 3.  Value: fdd29985	3d80db0e	f5ae23f5
[    0.059682] RANDOM - __random32 called. Change num 4.  Value: 299855dc	d80db0e5	47eb1be7
[    0.059684] RANDOM - __random32 called. Change num 5.  Value: 855dc464	80db0e5c	37cf1678
[    0.059685] RANDOM - __random32 called. Change num 6.  Value: dc4647ba	db0e5c1	2cf136f4
[    0.059686] RANDOM - random32 init called.  Value: dc4647ba	db0e5c1	2cf136f4
[    0.059691] regulator: core version 0.5
[    0.059750] Time: 21:50:47  Date: 05/24/13
[    0.059784] NET: Registered protocol family 16
[    0.059854] EISA bus registered
[    0.060611] ACPI: bus type pci registered
[    0.060718] PCI: MCFG configuration 0: base e0000000 segment 0 buses 0 - 255
[    0.060720] PCI: MCFG area at e0000000 reserved in E820
[    0.060721] PCI: Using MMCONFIG for extended config space
[    0.060722] PCI: Using configuration type 1 for base access
[    0.061202] bio: create slab <bio-0> at 0
[    0.062379] ACPI: EC: Look up EC in DSDT
[    0.098251] ACPI: BIOS _OSI(Linux) query ignored
[    0.104131] ACPI: Interpreter enabled
[    0.104136] ACPI: (supports S0 S1 S4 S5)
[    0.104149] ACPI: Using PIC for interrupt routing
[    0.184350] ACPI: No dock devices found.
[    0.185168] ACPI: PCI Root Bridge [PCI0] (0000:00)
[    0.186763] pci 0000:00:07.1: reg 20 io port: [0x10c0-0x10cf]
[    0.187275] pci 0000:00:07.3: quirk: region 1000-103f claimed by PIIX4 ACPI
[    0.187286] pci 0000:00:07.3: quirk: region 1040-104f claimed by PIIX4 SMB
[    0.187860] pci 0000:00:07.7: reg 10 io port: [0x1080-0x10bf]
[    0.188247] pci 0000:00:07.7: reg 14 64bit mmio: [0xc8000000-0xc8001fff]
[    0.189389] pci 0000:00:0f.0: reg 10 io port: [0x10d0-0x10df]
[    0.189428] pci 0000:00:0f.0: reg 14 32bit mmio pref: [0xd0000000-0xd7ffffff]
[    0.189466] pci 0000:00:0f.0: reg 18 32bit mmio: [0xc8800000-0xc8ffffff]
[    0.189612] pci 0000:00:0f.0: reg 30 32bit mmio pref: [0x000000-0x007fff]
[    0.190140] pci 0000:00:10.0: reg 10 io port: [0x1400-0x14ff]
[    0.190511] pci 0000:00:10.0: reg 14 64bit mmio: [0xc8040000-0xc805ffff]
[    0.190880] pci 0000:00:10.0: reg 1c 64bit mmio: [0xc8020000-0xc803ffff]
[    0.190956] pci 0000:00:10.0: reg 30 32bit mmio pref: [0x000000-0x003fff]
[    0.192334] pci 0000:00:15.0: PME# supported from D0 D3hot D3cold
[    0.192355] pci 0000:00:15.0: PME# disabled
[    0.193207] pci 0000:00:15.1: PME# supported from D0 D3hot D3cold
[    0.193227] pci 0000:00:15.1: PME# disabled
[    0.194086] pci 0000:00:15.2: PME# supported from D0 D3hot D3cold
[    0.194106] pci 0000:00:15.2: PME# disabled
[    0.194973] pci 0000:00:15.3: PME# supported from D0 D3hot D3cold
[    0.194993] pci 0000:00:15.3: PME# disabled
[    0.195862] pci 0000:00:15.4: PME# supported from D0 D3hot D3cold
[    0.195883] pci 0000:00:15.4: PME# disabled
[    0.196742] pci 0000:00:15.5: PME# supported from D0 D3hot D3cold
[    0.196763] pci 0000:00:15.5: PME# disabled
[    0.197613] pci 0000:00:15.6: PME# supported from D0 D3hot D3cold
[    0.197633] pci 0000:00:15.6: PME# disabled
[    0.198486] pci 0000:00:15.7: PME# supported from D0 D3hot D3cold
[    0.198505] pci 0000:00:15.7: PME# disabled
[    0.199324] pci 0000:00:16.0: PME# supported from D0 D3hot D3cold
[    0.199342] pci 0000:00:16.0: PME# disabled
[    0.200174] pci 0000:00:16.1: PME# supported from D0 D3hot D3cold
[    0.200193] pci 0000:00:16.1: PME# disabled
[    0.201016] pci 0000:00:16.2: PME# supported from D0 D3hot D3cold
[    0.201035] pci 0000:00:16.2: PME# disabled
[    0.201877] pci 0000:00:16.3: PME# supported from D0 D3hot D3cold
[    0.201896] pci 0000:00:16.3: PME# disabled
[    0.202708] pci 0000:00:16.4: PME# supported from D0 D3hot D3cold
[    0.202728] pci 0000:00:16.4: PME# disabled
[    0.203534] pci 0000:00:16.5: PME# supported from D0 D3hot D3cold
[    0.203553] pci 0000:00:16.5: PME# disabled
[    0.204381] pci 0000:00:16.6: PME# supported from D0 D3hot D3cold
[    0.204400] pci 0000:00:16.6: PME# disabled
[    0.205213] pci 0000:00:16.7: PME# supported from D0 D3hot D3cold
[    0.205231] pci 0000:00:16.7: PME# disabled
[    0.206100] pci 0000:00:17.0: PME# supported from D0 D3hot D3cold
[    0.206122] pci 0000:00:17.0: PME# disabled
[    0.206987] pci 0000:00:17.1: PME# supported from D0 D3hot D3cold
[    0.207007] pci 0000:00:17.1: PME# disabled
[    0.207875] pci 0000:00:17.2: PME# supported from D0 D3hot D3cold
[    0.207896] pci 0000:00:17.2: PME# disabled
[    0.208759] pci 0000:00:17.3: PME# supported from D0 D3hot D3cold
[    0.208779] pci 0000:00:17.3: PME# disabled
[    0.209637] pci 0000:00:17.4: PME# supported from D0 D3hot D3cold
[    0.209657] pci 0000:00:17.4: PME# disabled
[    0.210508] pci 0000:00:17.5: PME# supported from D0 D3hot D3cold
[    0.210528] pci 0000:00:17.5: PME# disabled
[    0.211359] pci 0000:00:17.6: PME# supported from D0 D3hot D3cold
[    0.211378] pci 0000:00:17.6: PME# disabled
[    0.212208] pci 0000:00:17.7: PME# supported from D0 D3hot D3cold
[    0.212227] pci 0000:00:17.7: PME# disabled
[    0.213045] pci 0000:00:18.0: PME# supported from D0 D3hot D3cold
[    0.213064] pci 0000:00:18.0: PME# disabled
[    0.213923] pci 0000:00:18.1: PME# supported from D0 D3hot D3cold
[    0.213942] pci 0000:00:18.1: PME# disabled
[    0.214806] pci 0000:00:18.2: PME# supported from D0 D3hot D3cold
[    0.214828] pci 0000:00:18.2: PME# disabled
[    0.215707] pci 0000:00:18.3: PME# supported from D0 D3hot D3cold
[    0.215728] pci 0000:00:18.3: PME# disabled
[    0.216579] pci 0000:00:18.4: PME# supported from D0 D3hot D3cold
[    0.216599] pci 0000:00:18.4: PME# disabled
[    0.217458] pci 0000:00:18.5: PME# supported from D0 D3hot D3cold
[    0.217478] pci 0000:00:18.5: PME# disabled
[    0.218329] pci 0000:00:18.6: PME# supported from D0 D3hot D3cold
[    0.218349] pci 0000:00:18.6: PME# disabled
[    0.219210] pci 0000:00:18.7: PME# supported from D0 D3hot D3cold
[    0.219230] pci 0000:00:18.7: PME# disabled
[    0.220326] pci 0000:02:00.0: reg 20 io port: [0x20c0-0x20df]
[    0.220820] pci 0000:02:01.0: reg 10 io port: [0x2000-0x207f]
[    0.221036] pci 0000:02:01.0: reg 30 32bit mmio pref: [0x000000-0x00ffff]
[    0.221587] pci 0000:02:02.0: reg 10 io port: [0x2080-0x20bf]
[    0.222172] pci 0000:02:03.0: reg 10 32bit mmio: [0xc9000000-0xc9000fff]
[    0.222738] pci 0000:00:11.0: transparent bridge
[    0.222758] pci 0000:00:11.0: bridge io port: [0x2000-0x3fff]
[    0.222778] pci 0000:00:11.0: bridge 32bit mmio: [0xc9000000-0xca3fffff]
[    0.222816] pci 0000:00:11.0: bridge 64bit mmio pref: [0xd8400000-0xd89fffff]
[    0.223174] pci 0000:00:15.0: bridge io port: [0x4000-0x4fff]
[    0.223194] pci 0000:00:15.0: bridge 32bit mmio: [0xca400000-0xca4fffff]
[    0.223232] pci 0000:00:15.0: bridge 64bit mmio pref: [0xd8a00000-0xd8afffff]
[    0.223587] pci 0000:00:15.1: bridge io port: [0x8000-0x8fff]
[    0.223608] pci 0000:00:15.1: bridge 32bit mmio: [0xca800000-0xca8fffff]
[    0.223656] pci 0000:00:15.1: bridge 64bit mmio pref: [0xd8e00000-0xd8efffff]
[    0.224012] pci 0000:00:15.2: bridge io port: [0xc000-0xcfff]
[    0.224032] pci 0000:00:15.2: bridge 32bit mmio: [0xcac00000-0xcacfffff]
[    0.224069] pci 0000:00:15.2: bridge 64bit mmio pref: [0xd9200000-0xd92fffff]
[    0.224449] pci 0000:00:15.3: bridge 32bit mmio: [0xcb000000-0xcb0fffff]
[    0.224487] pci 0000:00:15.3: bridge 64bit mmio pref: [0xd9600000-0xd96fffff]
[    0.224867] pci 0000:00:15.4: bridge 32bit mmio: [0xcb400000-0xcb4fffff]
[    0.224905] pci 0000:00:15.4: bridge 64bit mmio pref: [0xd9a00000-0xd9afffff]
[    0.225279] pci 0000:00:15.5: bridge 32bit mmio: [0xcb800000-0xcb8fffff]
[    0.225317] pci 0000:00:15.5: bridge 64bit mmio pref: [0xd9e00000-0xd9efffff]
[    0.225696] pci 0000:00:15.6: bridge 32bit mmio: [0xcbc00000-0xcbcfffff]
[    0.225734] pci 0000:00:15.6: bridge 64bit mmio pref: [0xda200000-0xda2fffff]
[    0.226110] pci 0000:00:15.7: bridge 32bit mmio: [0xcc000000-0xcc0fffff]
[    0.226148] pci 0000:00:15.7: bridge 64bit mmio pref: [0xda600000-0xda6fffff]
[    0.226503] pci 0000:00:16.0: bridge io port: [0x5000-0x5fff]
[    0.226523] pci 0000:00:16.0: bridge 32bit mmio: [0xca500000-0xca5fffff]
[    0.226561] pci 0000:00:16.0: bridge 64bit mmio pref: [0xd8b00000-0xd8bfffff]
[    0.226924] pci 0000:00:16.1: bridge io port: [0x9000-0x9fff]
[    0.226944] pci 0000:00:16.1: bridge 32bit mmio: [0xca900000-0xca9fffff]
[    0.226982] pci 0000:00:16.1: bridge 64bit mmio pref: [0xd8f00000-0xd8ffffff]
[    0.227338] pci 0000:00:16.2: bridge io port: [0xd000-0xdfff]
[    0.227358] pci 0000:00:16.2: bridge 32bit mmio: [0xcad00000-0xcadfffff]
[    0.227396] pci 0000:00:16.2: bridge 64bit mmio pref: [0xd9300000-0xd93fffff]
[    0.227795] pci 0000:00:16.3: bridge 32bit mmio: [0xcb100000-0xcb1fffff]
[    0.227833] pci 0000:00:16.3: bridge 64bit mmio pref: [0xd9700000-0xd97fffff]
[    0.228208] pci 0000:00:16.4: bridge 32bit mmio: [0xcb500000-0xcb5fffff]
[    0.228246] pci 0000:00:16.4: bridge 64bit mmio pref: [0xd9b00000-0xd9bfffff]
[    0.228627] pci 0000:00:16.5: bridge 32bit mmio: [0xcb900000-0xcb9fffff]
[    0.228665] pci 0000:00:16.5: bridge 64bit mmio pref: [0xd9f00000-0xd9ffffff]
[    0.229039] pci 0000:00:16.6: bridge 32bit mmio: [0xcbd00000-0xcbdfffff]
[    0.229077] pci 0000:00:16.6: bridge 64bit mmio pref: [0xda300000-0xda3fffff]
[    0.229451] pci 0000:00:16.7: bridge 32bit mmio: [0xcc100000-0xcc1fffff]
[    0.229489] pci 0000:00:16.7: bridge 64bit mmio pref: [0xda700000-0xda7fffff]
[    0.229851] pci 0000:00:17.0: bridge io port: [0x6000-0x6fff]
[    0.229871] pci 0000:00:17.0: bridge 32bit mmio: [0xca600000-0xca6fffff]
[    0.229909] pci 0000:00:17.0: bridge 64bit mmio pref: [0xd8c00000-0xd8cfffff]
[    0.230265] pci 0000:00:17.1: bridge io port: [0xa000-0xafff]
[    0.230285] pci 0000:00:17.1: bridge 32bit mmio: [0xcaa00000-0xcaafffff]
[    0.230323] pci 0000:00:17.1: bridge 64bit mmio pref: [0xd9000000-0xd90fffff]
[    0.230679] pci 0000:00:17.2: bridge io port: [0xe000-0xefff]
[    0.230699] pci 0000:00:17.2: bridge 32bit mmio: [0xcae00000-0xcaefffff]
[    0.230737] pci 0000:00:17.2: bridge 64bit mmio pref: [0xd9400000-0xd94fffff]
[    0.231111] pci 0000:00:17.3: bridge 32bit mmio: [0xcb200000-0xcb2fffff]
[    0.231149] pci 0000:00:17.3: bridge 64bit mmio pref: [0xd9800000-0xd98fffff]
[    0.231522] pci 0000:00:17.4: bridge 32bit mmio: [0xcb600000-0xcb6fffff]
[    0.231560] pci 0000:00:17.4: bridge 64bit mmio pref: [0xd9c00000-0xd9cfffff]
[    0.231946] pci 0000:00:17.5: bridge 32bit mmio: [0xcba00000-0xcbafffff]
[    0.231984] pci 0000:00:17.5: bridge 64bit mmio pref: [0xda000000-0xda0fffff]
[    0.232359] pci 0000:00:17.6: bridge 32bit mmio: [0xcbe00000-0xcbefffff]
[    0.232397] pci 0000:00:17.6: bridge 64bit mmio pref: [0xda400000-0xda4fffff]
[    0.232778] pci 0000:00:17.7: bridge 32bit mmio: [0xcc200000-0xcc2fffff]
[    0.232816] pci 0000:00:17.7: bridge 64bit mmio pref: [0xda800000-0xda8fffff]
[    0.233172] pci 0000:00:18.0: bridge io port: [0x7000-0x7fff]
[    0.233192] pci 0000:00:18.0: bridge 32bit mmio: [0xca700000-0xca7fffff]
[    0.233230] pci 0000:00:18.0: bridge 64bit mmio pref: [0xd8d00000-0xd8dfffff]
[    0.233592] pci 0000:00:18.1: bridge io port: [0xb000-0xbfff]
[    0.233613] pci 0000:00:18.1: bridge 32bit mmio: [0xcab00000-0xcabfffff]
[    0.233651] pci 0000:00:18.1: bridge 64bit mmio pref: [0xd9100000-0xd91fffff]
[    0.234006] pci 0000:00:18.2: bridge io port: [0xf000-0xffff]
[    0.234026] pci 0000:00:18.2: bridge 32bit mmio: [0xcaf00000-0xcaffffff]
[    0.234064] pci 0000:00:18.2: bridge 64bit mmio pref: [0xd9500000-0xd95fffff]
[    0.234438] pci 0000:00:18.3: bridge 32bit mmio: [0xcb300000-0xcb3fffff]
[    0.234476] pci 0000:00:18.3: bridge 64bit mmio pref: [0xd9900000-0xd99fffff]
[    0.234856] pci 0000:00:18.4: bridge 32bit mmio: [0xcb700000-0xcb7fffff]
[    0.234895] pci 0000:00:18.4: bridge 64bit mmio pref: [0xd9d00000-0xd9dfffff]
[    0.235269] pci 0000:00:18.5: bridge 32bit mmio: [0xcbb00000-0xcbbfffff]
[    0.235307] pci 0000:00:18.5: bridge 64bit mmio pref: [0xda100000-0xda1fffff]
[    0.235698] pci 0000:00:18.6: bridge 32bit mmio: [0xcbf00000-0xcbffffff]
[    0.235737] pci 0000:00:18.6: bridge 64bit mmio pref: [0xda500000-0xda5fffff]
[    0.236111] pci 0000:00:18.7: bridge 32bit mmio: [0xcc300000-0xcc3fffff]
[    0.236149] pci 0000:00:18.7: bridge 64bit mmio pref: [0xda900000-0xda9fffff]
[    0.237555] pci_bus 0000:00: on NUMA node 0
[    0.237561] ACPI: PCI Interrupt Routing Table [\_SB_.PCI0._PRT]
[    0.453201] ACPI: PCI Interrupt Link [LNKA] (IRQs 3 4 5 6 7 *9 10 11 14 15)
[    0.453379] ACPI: PCI Interrupt Link [LNKB] (IRQs 3 4 5 6 7 9 10 *11 14 15)
[    0.453520] ACPI: PCI Interrupt Link [LNKC] (IRQs 3 4 5 6 7 9 *10 11 14 15)
[    0.453659] ACPI: PCI Interrupt Link [LNKD] (IRQs 3 4 *5 6 7 9 10 11 14 15)
[    0.453786] vgaarb: device added: PCI:0000:00:0f.0,decodes=io+mem,owns=io+mem,locks=none
[    0.453795] vgaarb: loaded
[    0.453879] SCSI subsystem initialized
[    0.453922] libata version 3.00 loaded.
[    0.453960] usbcore: registered new interface driver usbfs
[    0.453971] usbcore: registered new interface driver hub
[    0.453986] usbcore: registered new device driver usb
[    0.454048] PCI: Using ACPI for IRQ routing
[    0.454951] NetLabel: Initializing
[    0.454952] NetLabel:  domain hash size = 128
[    0.454953] NetLabel:  protocols = UNLABELED CIPSOv4
[    0.454960] NetLabel:  unlabeled traffic allowed by default
[    0.454991] hpet0: at MMIO 0xfed00000, IRQs 2, 8, 0, 0, 0, 0, 0, 0, 0, 0, 0, 0, 0, 0, 0, 0
[    0.454997] hpet0: 16 comparators, 64-bit 14.318180 MHz counter
[    0.458021] Switching to clocksource tsc
[    0.464827] pnp: PnP ACPI init
[    0.464836] ACPI: bus type pnp registered
[    0.506373] pnp: PnP ACPI: found 14 devices
[    0.506376] ACPI: ACPI bus type pnp unregistered
[    0.506379] PnPBIOS: Disabled by ACPI PNP
[    0.506391] system 00:01: ioport range 0x1000-0x103f has been reserved
[    0.506393] system 00:01: ioport range 0x1040-0x104f has been reserved
[    0.506395] system 00:01: ioport range 0xcf0-0xcf1 has been reserved
[    0.506401] system 00:08: iomem range 0xfed00000-0xfed003ff has been reserved
[    0.506405] system 00:0d: ioport range 0x1060-0x107f has been reserved
[    0.506407] system 00:0d: iomem range 0xe0000000-0xefffffff has been reserved
[    0.506409] system 00:0d: iomem range 0xc8200000-0xc83fffff has been reserved
[    0.542810] pci 0000:00:15.3: BAR 13: can't allocate I/O resource [0x10000-0xffff]
[    0.542814] pci 0000:00:15.4: BAR 13: can't allocate I/O resource [0x10000-0xffff]
[    0.542817] pci 0000:00:15.5: BAR 13: can't allocate I/O resource [0x10000-0xffff]
[    0.542820] pci 0000:00:15.6: BAR 13: can't allocate I/O resource [0x10000-0xffff]
[    0.542823] pci 0000:00:15.7: BAR 13: can't allocate I/O resource [0x10000-0xffff]
[    0.542826] pci 0000:00:16.3: BAR 13: can't allocate I/O resource [0x10000-0xffff]
[    0.542829] pci 0000:00:16.4: BAR 13: can't allocate I/O resource [0x10000-0xffff]
[    0.542832] pci 0000:00:16.5: BAR 13: can't allocate I/O resource [0x10000-0xffff]
[    0.542834] pci 0000:00:16.6: BAR 13: can't allocate I/O resource [0x10000-0xffff]
[    0.542860] pci 0000:00:16.7: BAR 13: can't allocate I/O resource [0x10000-0xffff]
[    0.542865] pci 0000:00:17.3: BAR 13: can't allocate I/O resource [0x10000-0xffff]
[    0.542868] pci 0000:00:17.4: BAR 13: can't allocate I/O resource [0x10000-0xffff]
[    0.542871] pci 0000:00:17.5: BAR 13: can't allocate I/O resource [0x10000-0xffff]
[    0.542874] pci 0000:00:17.6: BAR 13: can't allocate I/O resource [0x10000-0xffff]
[    0.542877] pci 0000:00:17.7: BAR 13: can't allocate I/O resource [0x10000-0xffff]
[    0.542879] pci 0000:00:18.3: BAR 13: can't allocate I/O resource [0x10000-0xffff]
[    0.542882] pci 0000:00:18.4: BAR 13: can't allocate I/O resource [0x10000-0xffff]
[    0.542894] pci 0000:00:18.5: BAR 13: can't allocate I/O resource [0x10000-0xffff]
[    0.542897] pci 0000:00:18.6: BAR 13: can't allocate I/O resource [0x10000-0xffff]
[    0.542900] pci 0000:00:18.7: BAR 13: can't allocate I/O resource [0x10000-0xffff]
[    0.542902] pci 0000:00:01.0: PCI bridge, secondary bus 0000:01
[    0.542903] pci 0000:00:01.0:   IO window: disabled
[    0.542934] pci 0000:00:01.0:   MEM window: disabled
[    0.542953] pci 0000:00:01.0:   PREFETCH window: disabled
[    0.542990] pci 0000:00:11.0: PCI bridge, secondary bus 0000:02
[    0.543002] pci 0000:00:11.0:   IO window: 0x2000-0x3fff
[    0.543030] pci 0000:00:11.0:   MEM window: 0xc9000000-0xca3fffff
[    0.543049] pci 0000:00:11.0:   PREFETCH window: 0x000000d8400000-0x000000d89fffff
[    0.543085] pci 0000:00:15.0: PCI bridge, secondary bus 0000:03
[    0.543096] pci 0000:00:15.0:   IO window: 0x4000-0x4fff
[    0.543124] pci 0000:00:15.0:   MEM window: 0xca400000-0xca4fffff
[    0.543143] pci 0000:00:15.0:   PREFETCH window: 0x000000d8a00000-0x000000d8afffff
[    0.543190] pci 0000:00:15.1: PCI bridge, secondary bus 0000:04
[    0.543201] pci 0000:00:15.1:   IO window: 0x8000-0x8fff
[    0.543228] pci 0000:00:15.1:   MEM window: 0xca800000-0xca8fffff
[    0.543247] pci 0000:00:15.1:   PREFETCH window: 0x000000d8e00000-0x000000d8efffff
[    0.543288] pci 0000:00:15.2: PCI bridge, secondary bus 0000:05
[    0.543299] pci 0000:00:15.2:   IO window: 0xc000-0xcfff
[    0.543326] pci 0000:00:15.2:   MEM window: 0xcac00000-0xcacfffff
[    0.543345] pci 0000:00:15.2:   PREFETCH window: 0x000000d9200000-0x000000d92fffff
[    0.543385] pci 0000:00:15.3: PCI bridge, secondary bus 0000:06
[    0.543387] pci 0000:00:15.3:   IO window: disabled
[    0.543414] pci 0000:00:15.3:   MEM window: 0xcb000000-0xcb0fffff
[    0.543433] pci 0000:00:15.3:   PREFETCH window: 0x000000d9600000-0x000000d96fffff
[    0.543473] pci 0000:00:15.4: PCI bridge, secondary bus 0000:07
[    0.543474] pci 0000:00:15.4:   IO window: disabled
[    0.543502] pci 0000:00:15.4:   MEM window: 0xcb400000-0xcb4fffff
[    0.543521] pci 0000:00:15.4:   PREFETCH window: 0x000000d9a00000-0x000000d9afffff
[    0.543561] pci 0000:00:15.5: PCI bridge, secondary bus 0000:08
[    0.543562] pci 0000:00:15.5:   IO window: disabled
[    0.543590] pci 0000:00:15.5:   MEM window: 0xcb800000-0xcb8fffff
[    0.543609] pci 0000:00:15.5:   PREFETCH window: 0x000000d9e00000-0x000000d9efffff
[    0.543648] pci 0000:00:15.6: PCI bridge, secondary bus 0000:09
[    0.543650] pci 0000:00:15.6:   IO window: disabled
[    0.543677] pci 0000:00:15.6:   MEM window: 0xcbc00000-0xcbcfffff
[    0.543697] pci 0000:00:15.6:   PREFETCH window: 0x000000da200000-0x000000da2fffff
[    0.543736] pci 0000:00:15.7: PCI bridge, secondary bus 0000:0a
[    0.543738] pci 0000:00:15.7:   IO window: disabled
[    0.543765] pci 0000:00:15.7:   MEM window: 0xcc000000-0xcc0fffff
[    0.543785] pci 0000:00:15.7:   PREFETCH window: 0x000000da600000-0x000000da6fffff
[    0.543824] pci 0000:00:16.0: PCI bridge, secondary bus 0000:0b
[    0.543835] pci 0000:00:16.0:   IO window: 0x5000-0x5fff
[    0.543873] pci 0000:00:16.0:   MEM window: 0xca500000-0xca5fffff
[    0.543901] pci 0000:00:16.0:   PREFETCH window: 0x000000d8b00000-0x000000d8bfffff
[    0.543941] pci 0000:00:16.1: PCI bridge, secondary bus 0000:0c
[    0.543952] pci 0000:00:16.1:   IO window: 0x9000-0x9fff
[    0.543979] pci 0000:00:16.1:   MEM window: 0xca900000-0xca9fffff
[    0.543998] pci 0000:00:16.1:   PREFETCH window: 0x000000d8f00000-0x000000d8ffffff
[    0.544037] pci 0000:00:16.2: PCI bridge, secondary bus 0000:0d
[    0.544048] pci 0000:00:16.2:   IO window: 0xd000-0xdfff
[    0.544076] pci 0000:00:16.2:   MEM window: 0xcad00000-0xcadfffff
[    0.544095] pci 0000:00:16.2:   PREFETCH window: 0x000000d9300000-0x000000d93fffff
[    0.544134] pci 0000:00:16.3: PCI bridge, secondary bus 0000:0e
[    0.544136] pci 0000:00:16.3:   IO window: disabled
[    0.544163] pci 0000:00:16.3:   MEM window: 0xcb100000-0xcb1fffff
[    0.544182] pci 0000:00:16.3:   PREFETCH window: 0x000000d9700000-0x000000d97fffff
[    0.544222] pci 0000:00:16.4: PCI bridge, secondary bus 0000:0f
[    0.544223] pci 0000:00:16.4:   IO window: disabled
[    0.544251] pci 0000:00:16.4:   MEM window: 0xcb500000-0xcb5fffff
[    0.544270] pci 0000:00:16.4:   PREFETCH window: 0x000000d9b00000-0x000000d9bfffff
[    0.544309] pci 0000:00:16.5: PCI bridge, secondary bus 0000:10
[    0.544311] pci 0000:00:16.5:   IO window: disabled
[    0.544338] pci 0000:00:16.5:   MEM window: 0xcb900000-0xcb9fffff
[    0.544357] pci 0000:00:16.5:   PREFETCH window: 0x000000d9f00000-0x000000d9ffffff
[    0.544397] pci 0000:00:16.6: PCI bridge, secondary bus 0000:11
[    0.544398] pci 0000:00:16.6:   IO window: disabled
[    0.544426] pci 0000:00:16.6:   MEM window: 0xcbd00000-0xcbdfffff
[    0.544445] pci 0000:00:16.6:   PREFETCH window: 0x000000da300000-0x000000da3fffff
[    0.544484] pci 0000:00:16.7: PCI bridge, secondary bus 0000:12
[    0.544486] pci 0000:00:16.7:   IO window: disabled
[    0.544513] pci 0000:00:16.7:   MEM window: 0xcc100000-0xcc1fffff
[    0.544532] pci 0000:00:16.7:   PREFETCH window: 0x000000da700000-0x000000da7fffff
[    0.544572] pci 0000:00:17.0: PCI bridge, secondary bus 0000:13
[    0.544583] pci 0000:00:17.0:   IO window: 0x6000-0x6fff
[    0.544610] pci 0000:00:17.0:   MEM window: 0xca600000-0xca6fffff
[    0.544629] pci 0000:00:17.0:   PREFETCH window: 0x000000d8c00000-0x000000d8cfffff
[    0.544669] pci 0000:00:17.1: PCI bridge, secondary bus 0000:14
[    0.544680] pci 0000:00:17.1:   IO window: 0xa000-0xafff
[    0.544707] pci 0000:00:17.1:   MEM window: 0xcaa00000-0xcaafffff
[    0.544726] pci 0000:00:17.1:   PREFETCH window: 0x000000d9000000-0x000000d90fffff
[    0.544777] pci 0000:00:17.2: PCI bridge, secondary bus 0000:15
[    0.544789] pci 0000:00:17.2:   IO window: 0xe000-0xefff
[    0.544826] pci 0000:00:17.2:   MEM window: 0xcae00000-0xcaefffff
[    0.544853] pci 0000:00:17.2:   PREFETCH window: 0x000000d9400000-0x000000d94fffff
[    0.544913] pci 0000:00:17.3: PCI bridge, secondary bus 0000:16
[    0.544915] pci 0000:00:17.3:   IO window: disabled
[    0.544943] pci 0000:00:17.3:   MEM window: 0xcb200000-0xcb2fffff
[    0.544962] pci 0000:00:17.3:   PREFETCH window: 0x000000d9800000-0x000000d98fffff
[    0.545001] pci 0000:00:17.4: PCI bridge, secondary bus 0000:17
[    0.545003] pci 0000:00:17.4:   IO window: disabled
[    0.545030] pci 0000:00:17.4:   MEM window: 0xcb600000-0xcb6fffff
[    0.545049] pci 0000:00:17.4:   PREFETCH window: 0x000000d9c00000-0x000000d9cfffff
[    0.545089] pci 0000:00:17.5: PCI bridge, secondary bus 0000:18
[    0.545090] pci 0000:00:17.5:   IO window: disabled
[    0.545118] pci 0000:00:17.5:   MEM window: 0xcba00000-0xcbafffff
[    0.545137] pci 0000:00:17.5:   PREFETCH window: 0x000000da000000-0x000000da0fffff
[    0.545176] pci 0000:00:17.6: PCI bridge, secondary bus 0000:19
[    0.545178] pci 0000:00:17.6:   IO window: disabled
[    0.545205] pci 0000:00:17.6:   MEM window: 0xcbe00000-0xcbefffff
[    0.545224] pci 0000:00:17.6:   PREFETCH window: 0x000000da400000-0x000000da4fffff
[    0.545264] pci 0000:00:17.7: PCI bridge, secondary bus 0000:1a
[    0.545265] pci 0000:00:17.7:   IO window: disabled
[    0.545293] pci 0000:00:17.7:   MEM window: 0xcc200000-0xcc2fffff
[    0.545312] pci 0000:00:17.7:   PREFETCH window: 0x000000da800000-0x000000da8fffff
[    0.545351] pci 0000:00:18.0: PCI bridge, secondary bus 0000:1b
[    0.545362] pci 0000:00:18.0:   IO window: 0x7000-0x7fff
[    0.545390] pci 0000:00:18.0:   MEM window: 0xca700000-0xca7fffff
[    0.545409] pci 0000:00:18.0:   PREFETCH window: 0x000000d8d00000-0x000000d8dfffff
[    0.545448] pci 0000:00:18.1: PCI bridge, secondary bus 0000:1c
[    0.545459] pci 0000:00:18.1:   IO window: 0xb000-0xbfff
[    0.545487] pci 0000:00:18.1:   MEM window: 0xcab00000-0xcabfffff
[    0.545506] pci 0000:00:18.1:   PREFETCH window: 0x000000d9100000-0x000000d91fffff
[    0.545545] pci 0000:00:18.2: PCI bridge, secondary bus 0000:1d
[    0.545556] pci 0000:00:18.2:   IO window: 0xf000-0xffff
[    0.545583] pci 0000:00:18.2:   MEM window: 0xcaf00000-0xcaffffff
[    0.545602] pci 0000:00:18.2:   PREFETCH window: 0x000000d9500000-0x000000d95fffff
[    0.545642] pci 0000:00:18.3: PCI bridge, secondary bus 0000:1e
[    0.545643] pci 0000:00:18.3:   IO window: disabled
[    0.545671] pci 0000:00:18.3:   MEM window: 0xcb300000-0xcb3fffff
[    0.545690] pci 0000:00:18.3:   PREFETCH window: 0x000000d9900000-0x000000d99fffff
[    0.545729] pci 0000:00:18.4: PCI bridge, secondary bus 0000:1f
[    0.545731] pci 0000:00:18.4:   IO window: disabled
[    0.545759] pci 0000:00:18.4:   MEM window: 0xcb700000-0xcb7fffff
[    0.545778] pci 0000:00:18.4:   PREFETCH window: 0x000000d9d00000-0x000000d9dfffff
[    0.545817] pci 0000:00:18.5: PCI bridge, secondary bus 0000:20
[    0.545818] pci 0000:00:18.5:   IO window: disabled
[    0.545865] pci 0000:00:18.5:   MEM window: 0xcbb00000-0xcbbfffff
[    0.545886] pci 0000:00:18.5:   PREFETCH window: 0x000000da100000-0x000000da1fffff
[    0.545947] pci 0000:00:18.6: PCI bridge, secondary bus 0000:21
[    0.545948] pci 0000:00:18.6:   IO window: disabled
[    0.545976] pci 0000:00:18.6:   MEM window: 0xcbf00000-0xcbffffff
[    0.545996] pci 0000:00:18.6:   PREFETCH window: 0x000000da500000-0x000000da5fffff
[    0.546035] pci 0000:00:18.7: PCI bridge, secondary bus 0000:22
[    0.546037] pci 0000:00:18.7:   IO window: disabled
[    0.546064] pci 0000:00:18.7:   MEM window: 0xcc300000-0xcc3fffff
[    0.546083] pci 0000:00:18.7:   PREFETCH window: 0x000000da900000-0x000000da9fffff
[    0.546151] pci 0000:00:01.0: setting latency timer to 64
[    0.546242] pci 0000:00:15.0: setting latency timer to 64
[    0.546304] pci 0000:00:15.1: setting latency timer to 64
[    0.546365] pci 0000:00:15.2: setting latency timer to 64
[    0.546427] pci 0000:00:15.3: setting latency timer to 64
[    0.546489] pci 0000:00:15.4: setting latency timer to 64
[    0.546551] pci 0000:00:15.5: setting latency timer to 64
[    0.546613] pci 0000:00:15.6: setting latency timer to 64
[    0.546675] pci 0000:00:15.7: setting latency timer to 64
[    0.546737] pci 0000:00:16.0: setting latency timer to 64
[    0.546798] pci 0000:00:16.1: setting latency timer to 64
[    0.546872] pci 0000:00:16.2: setting latency timer to 64
[    0.546938] pci 0000:00:16.3: setting latency timer to 64
[    0.547004] pci 0000:00:16.4: setting latency timer to 64
[    0.547077] pci 0000:00:16.5: setting latency timer to 64
[    0.547139] pci 0000:00:16.6: setting latency timer to 64
[    0.547200] pci 0000:00:16.7: setting latency timer to 64
[    0.547262] pci 0000:00:17.0: setting latency timer to 64
[    0.547324] pci 0000:00:17.1: setting latency timer to 64
[    0.547386] pci 0000:00:17.2: setting latency timer to 64
[    0.547448] pci 0000:00:17.3: setting latency timer to 64
[    0.547509] pci 0000:00:17.4: setting latency timer to 64
[    0.547571] pci 0000:00:17.5: setting latency timer to 64
[    0.547633] pci 0000:00:17.6: setting latency timer to 64
[    0.547694] pci 0000:00:17.7: setting latency timer to 64
[    0.547756] pci 0000:00:18.0: setting latency timer to 64
[    0.547818] pci 0000:00:18.1: setting latency timer to 64
[    0.547908] pci 0000:00:18.2: setting latency timer to 64
[    0.547970] pci 0000:00:18.3: setting latency timer to 64
[    0.548031] pci 0000:00:18.4: setting latency timer to 64
[    0.548093] pci 0000:00:18.5: setting latency timer to 64
[    0.548155] pci 0000:00:18.6: setting latency timer to 64
[    0.548216] pci 0000:00:18.7: setting latency timer to 64
[    0.548228] pci_bus 0000:00: resource 0 io:  [0x00-0xffff]
[    0.548230] pci_bus 0000:00: resource 1 mem: [0x000000-0xffffffffffffffff]
[    0.548232] pci_bus 0000:02: resource 0 io:  [0x2000-0x3fff]
[    0.548234] pci_bus 0000:02: resource 1 mem: [0xc9000000-0xca3fffff]
[    0.548236] pci_bus 0000:02: resource 2 pref mem [0xd8400000-0xd89fffff]
[    0.548238] pci_bus 0000:02: resource 3 io:  [0x00-0xffff]
[    0.548240] pci_bus 0000:02: resource 4 mem: [0x000000-0xffffffffffffffff]
[    0.548242] pci_bus 0000:03: resource 0 io:  [0x4000-0x4fff]
[    0.548244] pci_bus 0000:03: resource 1 mem: [0xca400000-0xca4fffff]
[    0.548245] pci_bus 0000:03: resource 2 pref mem [0xd8a00000-0xd8afffff]
[    0.548247] pci_bus 0000:04: resource 0 io:  [0x8000-0x8fff]
[    0.548249] pci_bus 0000:04: resource 1 mem: [0xca800000-0xca8fffff]
[    0.548251] pci_bus 0000:04: resource 2 pref mem [0xd8e00000-0xd8efffff]
[    0.548253] pci_bus 0000:05: resource 0 io:  [0xc000-0xcfff]
[    0.548254] pci_bus 0000:05: resource 1 mem: [0xcac00000-0xcacfffff]
[    0.548256] pci_bus 0000:05: resource 2 pref mem [0xd9200000-0xd92fffff]
[    0.548258] pci_bus 0000:06: resource 1 mem: [0xcb000000-0xcb0fffff]
[    0.548260] pci_bus 0000:06: resource 2 pref mem [0xd9600000-0xd96fffff]
[    0.548262] pci_bus 0000:07: resource 1 mem: [0xcb400000-0xcb4fffff]
[    0.548264] pci_bus 0000:07: resource 2 pref mem [0xd9a00000-0xd9afffff]
[    0.548265] pci_bus 0000:08: resource 1 mem: [0xcb800000-0xcb8fffff]
[    0.548267] pci_bus 0000:08: resource 2 pref mem [0xd9e00000-0xd9efffff]
[    0.548269] pci_bus 0000:09: resource 1 mem: [0xcbc00000-0xcbcfffff]
[    0.548271] pci_bus 0000:09: resource 2 pref mem [0xda200000-0xda2fffff]
[    0.548273] pci_bus 0000:0a: resource 1 mem: [0xcc000000-0xcc0fffff]
[    0.548274] pci_bus 0000:0a: resource 2 pref mem [0xda600000-0xda6fffff]
[    0.548276] pci_bus 0000:0b: resource 0 io:  [0x5000-0x5fff]
[    0.548278] pci_bus 0000:0b: resource 1 mem: [0xca500000-0xca5fffff]
[    0.548280] pci_bus 0000:0b: resource 2 pref mem [0xd8b00000-0xd8bfffff]
[    0.548281] pci_bus 0000:0c: resource 0 io:  [0x9000-0x9fff]
[    0.548283] pci_bus 0000:0c: resource 1 mem: [0xca900000-0xca9fffff]
[    0.548285] pci_bus 0000:0c: resource 2 pref mem [0xd8f00000-0xd8ffffff]
[    0.548287] pci_bus 0000:0d: resource 0 io:  [0xd000-0xdfff]
[    0.548288] pci_bus 0000:0d: resource 1 mem: [0xcad00000-0xcadfffff]
[    0.548290] pci_bus 0000:0d: resource 2 pref mem [0xd9300000-0xd93fffff]
[    0.548292] pci_bus 0000:0e: resource 1 mem: [0xcb100000-0xcb1fffff]
[    0.548294] pci_bus 0000:0e: resource 2 pref mem [0xd9700000-0xd97fffff]
[    0.548296] pci_bus 0000:0f: resource 1 mem: [0xcb500000-0xcb5fffff]
[    0.548298] pci_bus 0000:0f: resource 2 pref mem [0xd9b00000-0xd9bfffff]
[    0.548299] pci_bus 0000:10: resource 1 mem: [0xcb900000-0xcb9fffff]
[    0.548301] pci_bus 0000:10: resource 2 pref mem [0xd9f00000-0xd9ffffff]
[    0.548303] pci_bus 0000:11: resource 1 mem: [0xcbd00000-0xcbdfffff]
[    0.548305] pci_bus 0000:11: resource 2 pref mem [0xda300000-0xda3fffff]
[    0.548307] pci_bus 0000:12: resource 1 mem: [0xcc100000-0xcc1fffff]
[    0.548308] pci_bus 0000:12: resource 2 pref mem [0xda700000-0xda7fffff]
[    0.548310] pci_bus 0000:13: resource 0 io:  [0x6000-0x6fff]
[    0.548312] pci_bus 0000:13: resource 1 mem: [0xca600000-0xca6fffff]
[    0.548314] pci_bus 0000:13: resource 2 pref mem [0xd8c00000-0xd8cfffff]
[    0.548315] pci_bus 0000:14: resource 0 io:  [0xa000-0xafff]
[    0.548317] pci_bus 0000:14: resource 1 mem: [0xcaa00000-0xcaafffff]
[    0.548319] pci_bus 0000:14: resource 2 pref mem [0xd9000000-0xd90fffff]
[    0.548321] pci_bus 0000:15: resource 0 io:  [0xe000-0xefff]
[    0.548322] pci_bus 0000:15: resource 1 mem: [0xcae00000-0xcaefffff]
[    0.548324] pci_bus 0000:15: resource 2 pref mem [0xd9400000-0xd94fffff]
[    0.548326] pci_bus 0000:16: resource 1 mem: [0xcb200000-0xcb2fffff]
[    0.548328] pci_bus 0000:16: resource 2 pref mem [0xd9800000-0xd98fffff]
[    0.548330] pci_bus 0000:17: resource 1 mem: [0xcb600000-0xcb6fffff]
[    0.548332] pci_bus 0000:17: resource 2 pref mem [0xd9c00000-0xd9cfffff]
[    0.548333] pci_bus 0000:18: resource 1 mem: [0xcba00000-0xcbafffff]
[    0.548335] pci_bus 0000:18: resource 2 pref mem [0xda000000-0xda0fffff]
[    0.548337] pci_bus 0000:19: resource 1 mem: [0xcbe00000-0xcbefffff]
[    0.548339] pci_bus 0000:19: resource 2 pref mem [0xda400000-0xda4fffff]
[    0.548341] pci_bus 0000:1a: resource 1 mem: [0xcc200000-0xcc2fffff]
[    0.548342] pci_bus 0000:1a: resource 2 pref mem [0xda800000-0xda8fffff]
[    0.548344] pci_bus 0000:1b: resource 0 io:  [0x7000-0x7fff]
[    0.548346] pci_bus 0000:1b: resource 1 mem: [0xca700000-0xca7fffff]
[    0.548348] pci_bus 0000:1b: resource 2 pref mem [0xd8d00000-0xd8dfffff]
[    0.548350] pci_bus 0000:1c: resource 0 io:  [0xb000-0xbfff]
[    0.548351] pci_bus 0000:1c: resource 1 mem: [0xcab00000-0xcabfffff]
[    0.548353] pci_bus 0000:1c: resource 2 pref mem [0xd9100000-0xd91fffff]
[    0.548355] pci_bus 0000:1d: resource 0 io:  [0xf000-0xffff]
[    0.548357] pci_bus 0000:1d: resource 1 mem: [0xcaf00000-0xcaffffff]
[    0.548358] pci_bus 0000:1d: resource 2 pref mem [0xd9500000-0xd95fffff]
[    0.548360] pci_bus 0000:1e: resource 1 mem: [0xcb300000-0xcb3fffff]
[    0.548362] pci_bus 0000:1e: resource 2 pref mem [0xd9900000-0xd99fffff]
[    0.548364] pci_bus 0000:1f: resource 1 mem: [0xcb700000-0xcb7fffff]
[    0.548366] pci_bus 0000:1f: resource 2 pref mem [0xd9d00000-0xd9dfffff]
[    0.548368] pci_bus 0000:20: resource 1 mem: [0xcbb00000-0xcbbfffff]
[    0.548369] pci_bus 0000:20: resource 2 pref mem [0xda100000-0xda1fffff]
[    0.548371] pci_bus 0000:21: resource 1 mem: [0xcbf00000-0xcbffffff]
[    0.548373] pci_bus 0000:21: resource 2 pref mem [0xda500000-0xda5fffff]
[    0.548375] pci_bus 0000:22: resource 1 mem: [0xcc300000-0xcc3fffff]
[    0.548377] pci_bus 0000:22: resource 2 pref mem [0xda900000-0xda9fffff]
[    0.548396] NET: Registered protocol family 2
[    0.548413] RANDOM - __random32 called. Change num 7.  Value: 647ba296	db0e5c1d	6de96f10
[    0.548415] RANDOM - random32 called.  Value: 647ba296	db0e5c1d	6de96f10
[    0.548422] random 0000 0000 0000 00000000 00000000: rand_read_num 2 get_random_bytes(4): sig fffffe1a 00000000 00000000
[    0.548424] random 0000 0000 0000 00000000 00000000: extract_entropy(.. 4 ..)
[    0.548427] random 0000 0000 0000 00000000 00000000: going to reseed nonblocking with 64 bits (32 of 0 requested)
[    0.548429] random 0000 0000 0000 00000000 00000000: extract_entropy(.. 8 ..)
[    0.548431] random 0000 0000 0000 00000000 00000000: trying to extract 64 bits from input
[    0.548433] random 0000 0000 0000 00000000 00000000: debiting 0 entropy credits from input
[    0.548435] random 0000 0000 0000 00000000 00000000: extract_entropy account returned: 0 
[    0.548438] random 0000 0000 0000 00000000 00000000: urand_change_num 3 xfer_secondary_pool(4): pool_sig fffffe1a, data_sig 00000000, bytes_mixed 0 00000000 00000000
[    0.548441] random 0000 0000 0000 00000000 00000000: trying to extract 32 bits from nonblocking
[    0.548443] random 0000 0000 0000 00000000 00000000: debiting 32 entropy credits from nonblocking (unlimited)
[    0.548445] random 0000 0000 0000 00000000 00000000: extract_entropy account returned: 4 
[    0.548449] random 0000 0000 0000 00000000 00000000: urand_change_num 4 extract_buf: pool_sig fffffe1a, data_sig fffffed7, bytes_mixed 20 00000000 00000000
[    0.548477] IP route cache hash table entries: 32768 (order: 5, 131072 bytes)
[    0.548561] RANDOM - __random32 called. Change num 8.  Value: ba296205	b0e5c1db	de205442
[    0.548563] RANDOM - random32 called.  Value: ba296205	b0e5c1db	de205442
[    0.548618] RANDOM - __random32 called. Change num 9.  Value: 962052cd	e5c1db9	a885e45e
[    0.548620] RANDOM - random32 called.  Value: 962052cd	e5c1db9	a885e45e
[    0.548623] RANDOM - __random32 called. Change num 10.  Value: 52cd38f	e5c1db9b	c8bd9558
[    0.548625] RANDOM - random32 called.  Value: 52cd38f	e5c1db9b	c8bd9558
[    0.548645] RANDOM - __random32 called. Change num 11.  Value: cd38f3eb	5c1db9b9	2ab1aa27
[    0.548647] RANDOM - random32 called.  Value: cd38f3eb	5c1db9b9	2ab1aa27
[    0.548657] TCP established hash table entries: 131072 (order: 8, 1048576 bytes)
[    0.548984] TCP bind hash table entries: 65536 (order: 7, 524288 bytes)
[    0.549169] TCP: Hash tables configured (established 131072 bind 65536)
[    0.549171] TCP reno registered
[    0.549207] NET: Registered protocol family 1
[    0.549215] pci 0000:00:00.0: Limiting direct PCI/PCI transfers
[    0.549235] pci 0000:00:0f.0: Boot video device
[    0.549419] Trying to unpack rootfs image as initramfs...
[    1.624404] Freeing initrd memory: 83430k freed
[    1.628420] Simple Boot Flag at 0x36 set to 0x1
[    1.628465] cpufreq-nforce2: No nForce2 chipset.
[    1.628479] Scanning for low memory corruption every 60 seconds
[    1.628592] audit: initializing netlink socket (disabled)
[    1.628600] type=2000 audit(1369432248.616:1): initialized
[    1.632516] highmem bounce pool size: 64 pages
[    1.632520] HugeTLB registered 2 MB page size, pre-allocated 0 pages
[    1.632613] VFS: Disk quotas dquot_6.5.2
[    1.632642] Dquot-cache hash table entries: 1024 (order 0, 4096 bytes)
[    1.632720] fuse init (API version 7.13)
[    1.632763] msgmni has been set to 1729
[    1.633041] alg: No test for stdrng (krng)
[    1.633074] Block layer SCSI generic (bsg) driver version 0.4 loaded (major 253)
[    1.633076] io scheduler noop registered
[    1.633078] io scheduler anticipatory registered
[    1.633080] io scheduler deadline registered
[    1.633099] io scheduler cfq registered (default)
[    1.633144]   alloc irq_desc for 24 on node -1
[    1.633146]   alloc kstat_irqs on node -1
[    1.633192] pcieport 0000:00:15.0: irq 24 for MSI/MSI-X
[    1.633237] pcieport 0000:00:15.0: setting latency timer to 64
[    1.633282]   alloc irq_desc for 25 on node -1
[    1.633284]   alloc kstat_irqs on node -1
[    1.633329] pcieport 0000:00:15.1: irq 25 for MSI/MSI-X
[    1.633375] pcieport 0000:00:15.1: setting latency timer to 64
[    1.633420]   alloc irq_desc for 26 on node -1
[    1.633422]   alloc kstat_irqs on node -1
[    1.633467] pcieport 0000:00:15.2: irq 26 for MSI/MSI-X
[    1.633512] pcieport 0000:00:15.2: setting latency timer to 64
[    1.633557]   alloc irq_desc for 27 on node -1
[    1.633559]   alloc kstat_irqs on node -1
[    1.633604] pcieport 0000:00:15.3: irq 27 for MSI/MSI-X
[    1.633650] pcieport 0000:00:15.3: setting latency timer to 64
[    1.633695]   alloc irq_desc for 28 on node -1
[    1.633697]   alloc kstat_irqs on node -1
[    1.633742] pcieport 0000:00:15.4: irq 28 for MSI/MSI-X
[    1.633787] pcieport 0000:00:15.4: setting latency timer to 64
[    1.633832]   alloc irq_desc for 29 on node -1
[    1.633834]   alloc kstat_irqs on node -1
[    1.633879] pcieport 0000:00:15.5: irq 29 for MSI/MSI-X
[    1.633925] pcieport 0000:00:15.5: setting latency timer to 64
[    1.633970]   alloc irq_desc for 30 on node -1
[    1.633972]   alloc kstat_irqs on node -1
[    1.634017] pcieport 0000:00:15.6: irq 30 for MSI/MSI-X
[    1.634062] pcieport 0000:00:15.6: setting latency timer to 64
[    1.634107]   alloc irq_desc for 31 on node -1
[    1.634109]   alloc kstat_irqs on node -1
[    1.634155] pcieport 0000:00:15.7: irq 31 for MSI/MSI-X
[    1.634200] pcieport 0000:00:15.7: setting latency timer to 64
[    1.634245]   alloc irq_desc for 32 on node -1
[    1.634247]   alloc kstat_irqs on node -1
[    1.634292] pcieport 0000:00:16.0: irq 32 for MSI/MSI-X
[    1.634337] pcieport 0000:00:16.0: setting latency timer to 64
[    1.634382]   alloc irq_desc for 33 on node -1
[    1.634384]   alloc kstat_irqs on node -1
[    1.634430] pcieport 0000:00:16.1: irq 33 for MSI/MSI-X
[    1.634475] pcieport 0000:00:16.1: setting latency timer to 64
[    1.634520]   alloc irq_desc for 34 on node -1
[    1.634522]   alloc kstat_irqs on node -1
[    1.634567] pcieport 0000:00:16.2: irq 34 for MSI/MSI-X
[    1.634612] pcieport 0000:00:16.2: setting latency timer to 64
[    1.634658]   alloc irq_desc for 35 on node -1
[    1.634659]   alloc kstat_irqs on node -1
[    1.634705] pcieport 0000:00:16.3: irq 35 for MSI/MSI-X
[    1.634750] pcieport 0000:00:16.3: setting latency timer to 64
[    1.634795]   alloc irq_desc for 36 on node -1
[    1.634797]   alloc kstat_irqs on node -1
[    1.634842] pcieport 0000:00:16.4: irq 36 for MSI/MSI-X
[    1.634887] pcieport 0000:00:16.4: setting latency timer to 64
[    1.634932]   alloc irq_desc for 37 on node -1
[    1.634934]   alloc kstat_irqs on node -1
[    1.634980] pcieport 0000:00:16.5: irq 37 for MSI/MSI-X
[    1.635025] pcieport 0000:00:16.5: setting latency timer to 64
[    1.636446]   alloc irq_desc for 38 on node -1
[    1.636448]   alloc kstat_irqs on node -1
[    1.636493] pcieport 0000:00:16.6: irq 38 for MSI/MSI-X
[    1.636538] pcieport 0000:00:16.6: setting latency timer to 64
[    1.636583]   alloc irq_desc for 39 on node -1
[    1.636585]   alloc kstat_irqs on node -1
[    1.636631] pcieport 0000:00:16.7: irq 39 for MSI/MSI-X
[    1.636676] pcieport 0000:00:16.7: setting latency timer to 64
[    1.636721]   alloc irq_desc for 40 on node -1
[    1.636723]   alloc kstat_irqs on node -1
[    1.636768] pcieport 0000:00:17.0: irq 40 for MSI/MSI-X
[    1.636813] pcieport 0000:00:17.0: setting latency timer to 64
[    1.636858]   alloc irq_desc for 41 on node -1
[    1.636860]   alloc kstat_irqs on node -1
[    1.636906] pcieport 0000:00:17.1: irq 41 for MSI/MSI-X
[    1.636951] pcieport 0000:00:17.1: setting latency timer to 64
[    1.636996]   alloc irq_desc for 42 on node -1
[    1.636999]   alloc kstat_irqs on node -1
[    1.637045] pcieport 0000:00:17.2: irq 42 for MSI/MSI-X
[    1.637090] pcieport 0000:00:17.2: setting latency timer to 64
[    1.637135]   alloc irq_desc for 43 on node -1
[    1.637137]   alloc kstat_irqs on node -1
[    1.637182] pcieport 0000:00:17.3: irq 43 for MSI/MSI-X
[    1.637228] pcieport 0000:00:17.3: setting latency timer to 64
[    1.637273]   alloc irq_desc for 44 on node -1
[    1.637275]   alloc kstat_irqs on node -1
[    1.637320] pcieport 0000:00:17.4: irq 44 for MSI/MSI-X
[    1.637365] pcieport 0000:00:17.4: setting latency timer to 64
[    1.637410]   alloc irq_desc for 45 on node -1
[    1.637413]   alloc kstat_irqs on node -1
[    1.637458] pcieport 0000:00:17.5: irq 45 for MSI/MSI-X
[    1.637503] pcieport 0000:00:17.5: setting latency timer to 64
[    1.637548]   alloc irq_desc for 46 on node -1
[    1.637550]   alloc kstat_irqs on node -1
[    1.637596] pcieport 0000:00:17.6: irq 46 for MSI/MSI-X
[    1.637641] pcieport 0000:00:17.6: setting latency timer to 64
[    1.637686]   alloc irq_desc for 47 on node -1
[    1.637688]   alloc kstat_irqs on node -1
[    1.637733] pcieport 0000:00:17.7: irq 47 for MSI/MSI-X
[    1.637778] pcieport 0000:00:17.7: setting latency timer to 64
[    1.637824]   alloc irq_desc for 48 on node -1
[    1.637825]   alloc kstat_irqs on node -1
[    1.637871] pcieport 0000:00:18.0: irq 48 for MSI/MSI-X
[    1.637916] pcieport 0000:00:18.0: setting latency timer to 64
[    1.637961]   alloc irq_desc for 49 on node -1
[    1.637963]   alloc kstat_irqs on node -1
[    1.638008] pcieport 0000:00:18.1: irq 49 for MSI/MSI-X
[    1.638053] pcieport 0000:00:18.1: setting latency timer to 64
[    1.638098]   alloc irq_desc for 50 on node -1
[    1.638100]   alloc kstat_irqs on node -1
[    1.638146] pcieport 0000:00:18.2: irq 50 for MSI/MSI-X
[    1.638191] pcieport 0000:00:18.2: setting latency timer to 64
[    1.638236]   alloc irq_desc for 51 on node -1
[    1.638238]   alloc kstat_irqs on node -1
[    1.638283] pcieport 0000:00:18.3: irq 51 for MSI/MSI-X
[    1.638328] pcieport 0000:00:18.3: setting latency timer to 64
[    1.638374]   alloc irq_desc for 52 on node -1
[    1.638375]   alloc kstat_irqs on node -1
[    1.638421] pcieport 0000:00:18.4: irq 52 for MSI/MSI-X
[    1.638466] pcieport 0000:00:18.4: setting latency timer to 64
[    1.638511]   alloc irq_desc for 53 on node -1
[    1.638513]   alloc kstat_irqs on node -1
[    1.638558] pcieport 0000:00:18.5: irq 53 for MSI/MSI-X
[    1.638603] pcieport 0000:00:18.5: setting latency timer to 64
[    1.638649]   alloc irq_desc for 54 on node -1
[    1.638650]   alloc kstat_irqs on node -1
[    1.638696] pcieport 0000:00:18.6: irq 54 for MSI/MSI-X
[    1.638741] pcieport 0000:00:18.6: setting latency timer to 64
[    1.638786]   alloc irq_desc for 55 on node -1
[    1.638788]   alloc kstat_irqs on node -1
[    1.638833] pcieport 0000:00:18.7: irq 55 for MSI/MSI-X
[    1.638878] pcieport 0000:00:18.7: setting latency timer to 64
[    1.638924] pci_hotplug: PCI Hot Plug PCI Core version: 0.5
[    1.640456] pciehp 0000:00:15.0:pcie04: HPC vendor_id 15ad device_id 7a0 ss_vid 0 ss_did 0
[    1.640501] pciehp 0000:00:15.0:pcie04: service driver pciehp loaded
[    1.640546] pciehp 0000:00:15.1:pcie04: HPC vendor_id 15ad device_id 7a0 ss_vid 0 ss_did 0
[    1.640592] pciehp 0000:00:15.1:pcie04: service driver pciehp loaded
[    1.640637] pciehp 0000:00:15.2:pcie04: HPC vendor_id 15ad device_id 7a0 ss_vid 0 ss_did 0
[    1.640682] pciehp 0000:00:15.2:pcie04: service driver pciehp loaded
[    1.640727] pciehp 0000:00:15.3:pcie04: HPC vendor_id 15ad device_id 7a0 ss_vid 0 ss_did 0
[    1.640773] pciehp 0000:00:15.3:pcie04: service driver pciehp loaded
[    1.640818] pciehp 0000:00:15.4:pcie04: HPC vendor_id 15ad device_id 7a0 ss_vid 0 ss_did 0
[    1.640863] pciehp 0000:00:15.4:pcie04: service driver pciehp loaded
[    1.640908] pciehp 0000:00:15.5:pcie04: HPC vendor_id 15ad device_id 7a0 ss_vid 0 ss_did 0
[    1.640953] pciehp 0000:00:15.5:pcie04: service driver pciehp loaded
[    1.640999] pciehp 0000:00:15.6:pcie04: HPC vendor_id 15ad device_id 7a0 ss_vid 0 ss_did 0
[    1.641044] pciehp 0000:00:15.6:pcie04: service driver pciehp loaded
[    1.641089] pciehp 0000:00:15.7:pcie04: HPC vendor_id 15ad device_id 7a0 ss_vid 0 ss_did 0
[    1.641134] pciehp 0000:00:15.7:pcie04: service driver pciehp loaded
[    1.641180] pciehp 0000:00:16.0:pcie04: HPC vendor_id 15ad device_id 7a0 ss_vid 0 ss_did 0
[    1.641225] pciehp 0000:00:16.0:pcie04: service driver pciehp loaded
[    1.641270] pciehp 0000:00:16.1:pcie04: HPC vendor_id 15ad device_id 7a0 ss_vid 0 ss_did 0
[    1.641315] pciehp 0000:00:16.1:pcie04: service driver pciehp loaded
[    1.641360] pciehp 0000:00:16.2:pcie04: HPC vendor_id 15ad device_id 7a0 ss_vid 0 ss_did 0
[    1.641406] pciehp 0000:00:16.2:pcie04: service driver pciehp loaded
[    1.641451] pciehp 0000:00:16.3:pcie04: HPC vendor_id 15ad device_id 7a0 ss_vid 0 ss_did 0
[    1.641496] pciehp 0000:00:16.3:pcie04: service driver pciehp loaded
[    1.641541] pciehp 0000:00:16.4:pcie04: HPC vendor_id 15ad device_id 7a0 ss_vid 0 ss_did 0
[    1.641587] pciehp 0000:00:16.4:pcie04: service driver pciehp loaded
[    1.641632] pciehp 0000:00:16.5:pcie04: HPC vendor_id 15ad device_id 7a0 ss_vid 0 ss_did 0
[    1.641677] pciehp 0000:00:16.5:pcie04: service driver pciehp loaded
[    1.641722] pciehp 0000:00:16.6:pcie04: HPC vendor_id 15ad device_id 7a0 ss_vid 0 ss_did 0
[    1.641767] pciehp 0000:00:16.6:pcie04: service driver pciehp loaded
[    1.641813] pciehp 0000:00:16.7:pcie04: HPC vendor_id 15ad device_id 7a0 ss_vid 0 ss_did 0
[    1.641858] pciehp 0000:00:16.7:pcie04: service driver pciehp loaded
[    1.641903] pciehp 0000:00:17.0:pcie04: HPC vendor_id 15ad device_id 7a0 ss_vid 0 ss_did 0
[    1.641948] pciehp 0000:00:17.0:pcie04: service driver pciehp loaded
[    1.641994] pciehp 0000:00:17.1:pcie04: HPC vendor_id 15ad device_id 7a0 ss_vid 0 ss_did 0
[    1.642039] pciehp 0000:00:17.1:pcie04: service driver pciehp loaded
[    1.642084] pciehp 0000:00:17.2:pcie04: HPC vendor_id 15ad device_id 7a0 ss_vid 0 ss_did 0
[    1.642129] pciehp 0000:00:17.2:pcie04: service driver pciehp loaded
[    1.642175] pciehp 0000:00:17.3:pcie04: HPC vendor_id 15ad device_id 7a0 ss_vid 0 ss_did 0
[    1.642220] pciehp 0000:00:17.3:pcie04: service driver pciehp loaded
[    1.642265] pciehp 0000:00:17.4:pcie04: HPC vendor_id 15ad device_id 7a0 ss_vid 0 ss_did 0
[    1.642310] pciehp 0000:00:17.4:pcie04: service driver pciehp loaded
[    1.642355] pciehp 0000:00:17.5:pcie04: HPC vendor_id 15ad device_id 7a0 ss_vid 0 ss_did 0
[    1.642401] pciehp 0000:00:17.5:pcie04: service driver pciehp loaded
[    1.642446] pciehp 0000:00:17.6:pcie04: HPC vendor_id 15ad device_id 7a0 ss_vid 0 ss_did 0
[    1.642491] pciehp 0000:00:17.6:pcie04: service driver pciehp loaded
[    1.642536] pciehp 0000:00:17.7:pcie04: HPC vendor_id 15ad device_id 7a0 ss_vid 0 ss_did 0
[    1.642582] pciehp 0000:00:17.7:pcie04: service driver pciehp loaded
[    1.642627] pciehp 0000:00:18.0:pcie04: HPC vendor_id 15ad device_id 7a0 ss_vid 0 ss_did 0
[    1.642672] pciehp 0000:00:18.0:pcie04: service driver pciehp loaded
[    1.642717] pciehp 0000:00:18.1:pcie04: HPC vendor_id 15ad device_id 7a0 ss_vid 0 ss_did 0
[    1.642762] pciehp 0000:00:18.1:pcie04: service driver pciehp loaded
[    1.642808] pciehp 0000:00:18.2:pcie04: HPC vendor_id 15ad device_id 7a0 ss_vid 0 ss_did 0
[    1.642853] pciehp 0000:00:18.2:pcie04: service driver pciehp loaded
[    1.642898] pciehp 0000:00:18.3:pcie04: HPC vendor_id 15ad device_id 7a0 ss_vid 0 ss_did 0
[    1.642943] pciehp 0000:00:18.3:pcie04: service driver pciehp loaded
[    1.642989] pciehp 0000:00:18.4:pcie04: HPC vendor_id 15ad device_id 7a0 ss_vid 0 ss_did 0
[    1.643034] pciehp 0000:00:18.4:pcie04: service driver pciehp loaded
[    1.643079] pciehp 0000:00:18.5:pcie04: HPC vendor_id 15ad device_id 7a0 ss_vid 0 ss_did 0
[    1.643124] pciehp 0000:00:18.5:pcie04: service driver pciehp loaded
[    1.643169] pciehp 0000:00:18.6:pcie04: HPC vendor_id 15ad device_id 7a0 ss_vid 0 ss_did 0
[    1.643215] pciehp 0000:00:18.6:pcie04: service driver pciehp loaded
[    1.643260] pciehp 0000:00:18.7:pcie04: HPC vendor_id 15ad device_id 7a0 ss_vid 0 ss_did 0
[    1.643305] pciehp 0000:00:18.7:pcie04: service driver pciehp loaded
[    1.643312] pciehp: PCI Express Hot Plug Controller Driver version: 0.4
[    1.643361] ACPI: AC Adapter [ACAD] (on-line)
[    1.643413] input: Power Button as /devices/LNXSYSTM:00/LNXPWRBN:00/input/input0
[    1.643416] ACPI: Power Button [PWRF]
[    1.643461] processor LNXCPU:00: registered as cooling_device0
[    1.684382] isapnp: Scanning for PnP cards...
[    2.038637] isapnp: No Plug & Play device found
[    2.038667] random 0000 0000 0000 5f8db4e5 4cfdf2a8: initializing
[    2.038794] Linux agpgart interface v0.103
[    2.038832] agpgart-intel 0000:00:00.0: Intel 440BX Chipset
[    2.038885] agpgart-intel 0000:00:00.0: AGP aperture is 256M @ 0x0
[    2.038929] Serial: 8250/16550 driver, 32 ports, IRQ sharing enabled
[    2.038982] serial8250: ttyS0 at I/O 0x3f8 (irq = 4) is a 16550A
[    2.039035] serial8250: ttyS1 at I/O 0x2f8 (irq = 3) is a 16550A
[    2.039793] 00:0a: ttyS0 at I/O 0x3f8 (irq = 4) is a 16550A
[    2.039846] 00:0b: ttyS1 at I/O 0x2f8 (irq = 3) is a 16550A
[    2.039899] brd: module loaded
[    2.039952] loop: module loaded
[    2.040005] ata_piix 0000:00:07.1: version 2.13
[    2.040088] scsi0 : ata_piix
[    2.040138] scsi1 : ata_piix
[    2.040158] ata1: PATA max UDMA/33 cmd 0x1f0 ctl 0x3f6 bmdma 0x10c0 irq 14
[    2.040160] ata2: PATA max UDMA/33 cmd 0x170 ctl 0x376 bmdma 0x10c8 irq 15
[    2.040210] PPP generic driver version 2.4.2
[    2.040231] tun: Universal TUN/TAP device driver, 1.6
[    2.040232] tun: (C) 1999-2004 Max Krasnyansky <maxk@qualcomm.com>
[    2.040285] ehci_hcd: USB 2.0 'Enhanced' Host Controller (EHCI) Driver
[    2.040339] ACPI: PCI Interrupt Link [LNKB] enabled at IRQ 11
[    2.040341] PCI: setting IRQ 11 as level-triggered
[    2.040348] ehci_hcd 0000:02:03.0: PCI INT A -> Link[LNKB] -> GSI 11 (level, low) -> IRQ 11
[    2.040385] ehci_hcd 0000:02:03.0: EHCI Host Controller
[    2.040406] ehci_hcd 0000:02:03.0: new USB bus registered, assigned bus number 1
[    2.040459] ehci_hcd 0000:02:03.0: cache line size of 32 is not supported
[    2.040466] ehci_hcd 0000:02:03.0: irq 11, io mem 0xc9000000
[    2.040783] random 0000 0000 0000 00000000 00000000: rand_read_num 3 get_random_bytes(8): sig 00000000 00000000 00000000
[    2.040786] random 0000 0000 0000 00000000 00000000: extract_entropy(.. 8 ..)
[    2.040789] random 0000 0000 0000 00000000 00000000: going to reseed nonblocking with 64 bits (64 of 0 requested)
[    2.040791] random 0000 0000 0000 00000000 00000000: extract_entropy(.. 8 ..)
[    2.040793] random 0000 0000 0000 00000000 00000000: trying to extract 64 bits from input
[    2.040795] random 0000 0000 0000 00000000 00000000: debiting 0 entropy credits from input
[    2.040797] random 0000 0000 0000 00000000 00000000: extract_entropy account returned: 0 
[    2.040800] random 0000 0000 0000 00000000 00000000: urand_change_num 5 xfer_secondary_pool(8): pool_sig 00000000, data_sig 00000000, bytes_mixed 0 00000000 00000000
[    2.040803] random 0000 0000 0000 00000000 00000000: trying to extract 64 bits from nonblocking
[    2.040805] random 0000 0000 0000 00000000 00000000: debiting 64 entropy credits from nonblocking (unlimited)
[    2.040807] random 0000 0000 0000 00000000 00000000: extract_entropy account returned: 8 
[    2.040811] random 0000 0000 0000 00000000 00000000: urand_change_num 6 extract_buf: pool_sig 00000000, data_sig fffffff9, bytes_mixed 20 00000000 00000000
[    2.051734] ehci_hcd 0000:02:03.0: USB 2.0 started, EHCI 1.00
[    2.051787] usb usb1: configuration #1 chosen from 1 choice
[    2.051806] hub 1-0:1.0: USB hub found
[    2.051810] hub 1-0:1.0: 6 ports detected
[    2.051843] ohci_hcd: USB 1.1 'Open' Host Controller (OHCI) Driver
[    2.051853] uhci_hcd: USB Universal Host Controller Interface driver
[    2.051906] ACPI: PCI Interrupt Link [LNKC] enabled at IRQ 10
[    2.051908] PCI: setting IRQ 10 as level-triggered
[    2.051912] uhci_hcd 0000:02:00.0: PCI INT A -> Link[LNKC] -> GSI 10 (level, low) -> IRQ 10
[    2.051944] uhci_hcd 0000:02:00.0: UHCI Host Controller
[    2.051969] uhci_hcd 0000:02:00.0: new USB bus registered, assigned bus number 2
[    2.052069] uhci_hcd 0000:02:00.0: irq 10, io base 0x000020c0
[    2.052122] usb usb2: configuration #1 chosen from 1 choice
[    2.052137] hub 2-0:1.0: USB hub found
[    2.052141] hub 2-0:1.0: 2 ports detected
[    2.052194] usbcore: registered new interface driver libusual
[    2.052241] PNP: PS/2 Controller [PNP0303:KBC,PNP0f13:MOUS] at 0x60,0x64 irq 1,12
[    2.052573] serio: i8042 KBD port at 0x60,0x64 irq 1
[    2.052580] serio: i8042 AUX port at 0x60,0x64 irq 12
[    2.052612] mice: PS/2 mouse device common for all mice
[    2.052665] rtc_cmos 00:04: rtc core: registered rtc_cmos as rtc0
[    2.052679] rtc0: alarms up to one month, y3k, 114 bytes nvram, hpet irqs
[    2.052732] device-mapper: uevent: version 1.0.3
[    2.052839] device-mapper: ioctl: 4.15.0-ioctl (2009-04-01) initialised: dm-devel@redhat.com
[    2.052856] EISA: Probing bus 0 at eisa.0
[    2.052862] Cannot allocate resource for EISA slot 1
[    2.052864] Cannot allocate resource for EISA slot 2
[    2.052866] Cannot allocate resource for EISA slot 3
[    2.052867] Cannot allocate resource for EISA slot 4
[    2.052869] Cannot allocate resource for EISA slot 5
[    2.052871] Cannot allocate resource for EISA slot 6
[    2.052873] Cannot allocate resource for EISA slot 7
[    2.052874] Cannot allocate resource for EISA slot 8
[    2.052876] EISA: Detected 0 cards.
[    2.052918] cpuidle: using governor ladder
[    2.052920] cpuidle: using governor menu
[    2.052973] random 0000 0000 0000 00000000 00000000: rand_read_num 4 get_random_bytes(136): sig 0000021d 00000000 00000000
[    2.052995] random 0000 0000 0000 00000000 00000000: extract_entropy(.. 136 ..)
[    2.052998] random 0000 0000 0000 00000000 00000000: going to reseed nonblocking with 1024 bits (1088 of 0 requested)
[    2.053000] random 0000 0000 0000 00000000 00000000: extract_entropy(.. 128 ..)
[    2.053002] random 0000 0000 0000 00000000 00000000: trying to extract 1024 bits from input
[    2.053004] random 0000 0000 0000 00000000 00000000: debiting 0 entropy credits from input
[    2.053006] random 0000 0000 0000 00000000 00000000: extract_entropy account returned: 0 
[    2.053009] random 0000 0000 0000 00000000 00000000: urand_change_num 7 xfer_secondary_pool(136): pool_sig 0000021d, data_sig 00000000, bytes_mixed 0 00000000 00000000
[    2.053012] random 0000 0000 0000 00000000 00000000: trying to extract 1088 bits from nonblocking
[    2.053014] random 0000 0000 0000 00000000 00000000: debiting 1088 entropy credits from nonblocking (unlimited)
[    2.053016] random 0000 0000 0000 00000000 00000000: extract_entropy account returned: 136 
[    2.053019] random 0000 0000 0000 00000000 00000000: urand_change_num 8 extract_buf: pool_sig 0000021d, data_sig fffffff7, bytes_mixed 20 00000000 00000000
[    2.053024] random 0000 0000 0000 f961ee50 ba9cb1aa: urand_change_num 9 extract_buf: pool_sig 00000230, data_sig fffffeb4, bytes_mixed 20 f961ee50 ba9cb1aa
[    2.053028] random 0000 0000 0000 9748bdd6 56fb8af6: urand_change_num 10 extract_buf: pool_sig 00000373, data_sig 000000cf, bytes_mixed 20 9748bdd6 56fb8af6
[    2.053032] random 0000 0000 0000 9748bdd6 56fb8af6: urand_change_num 11 extract_buf: pool_sig fffffe49, data_sig 0000023f, bytes_mixed 20 9748bdd6 56fb8af6
[    2.053036] random 0000 0000 0000 a135be86 4777650e: urand_change_num 12 extract_buf: pool_sig fffffcce, data_sig 000000c6, bytes_mixed 20 a135be86 4777650e
[    2.053041] random 0000 0000 0000 4a6ea85d 170e00dd: urand_change_num 13 extract_buf: pool_sig ffffff97, data_sig ffffff7d, bytes_mixed 20 4a6ea85d 170e00dd
[    2.053045] random 0000 0000 0000 4a6ea85d 170e00dd: urand_change_num 14 extract_buf: pool_sig 00000160, data_sig fffffeea, bytes_mixed 20 4a6ea85d 170e00dd
[    2.053049] random 0000 0000 0000 6e87c3cb da668c73: urand_change_num 15 extract_buf: pool_sig 0000034f, data_sig ffffff54, bytes_mixed 20 6e87c3cb da668c73
[    2.053053] random 0000 0000 0000 6e87c3cb da668c73: urand_change_num 16 extract_buf: pool_sig fffffdc5, data_sig 00000205, bytes_mixed 20 6e87c3cb da668c73
[    2.053057] random 0000 0000 0000 39f531e6 461eb249: urand_change_num 17 extract_buf: pool_sig fffffc1d, data_sig ffffff5e, bytes_mixed 20 39f531e6 461eb249
[    2.053061] random 0000 0000 0000 7e1538a2 3e661182: urand_change_num 18 extract_buf: pool_sig 000006ef, data_sig ffffff2e, bytes_mixed 20 7e1538a2 3e661182
[    2.053065] random 0000 0000 0000 7e1538a2 3e661182: urand_change_num 19 extract_buf: pool_sig 00000317, data_sig fffffccb, bytes_mixed 20 7e1538a2 3e661182
[    2.053070] random 0000 0000 0000 76af506b 9b57305e: urand_change_num 20 extract_buf: pool_sig 00000227, data_sig ffffffd2, bytes_mixed 20 76af506b 9b57305e
[    2.053074] random 0000 0000 0000 37d49d89 e20417cc: urand_change_num 21 extract_buf: pool_sig 0000080b, data_sig 000001e9, bytes_mixed 20 37d49d89 e20417cc
[    2.053078] TCP cubic registered
[    2.053131] NET: Registered protocol family 10
[    2.053164] RANDOM - __random32 called. Change num 12.  Value: 8f3eba68	c1db9b96	544fe79f
[    2.053166] RANDOM - random32 called.  Value: 8f3eba68	c1db9b96	544fe79f
[    2.053174] random 0000 0000 0000 37d49d89 e20417cc: rand_read_num 5 get_random_bytes(4): sig 00000298 37d49d89 e20417cc
[    2.053176] random 0000 0000 0000 37d49d89 e20417cc: extract_entropy(.. 4 ..)
[    2.053178] random 0000 0000 0000 37d49d89 e20417cc: going to reseed nonblocking with 64 bits (32 of 0 requested)
[    2.053181] random 0000 0000 0000 37d49d89 e20417cc: extract_entropy(.. 8 ..)
[    2.053183] random 0000 0000 0000 37d49d89 e20417cc: trying to extract 64 bits from input
[    2.053185] random 0000 0000 0000 37d49d89 e20417cc: debiting 0 entropy credits from input
[    2.053187] random 0000 0000 0000 37d49d89 e20417cc: extract_entropy account returned: 0 
[    2.053189] random 0000 0000 0000 37d49d89 e20417cc: urand_change_num 22 xfer_secondary_pool(4): pool_sig 00000298, data_sig 00000000, bytes_mixed 0 37d49d89 e20417cc
[    2.053192] random 0000 0000 0000 37d49d89 e20417cc: trying to extract 32 bits from nonblocking
[    2.053194] random 0000 0000 0000 37d49d89 e20417cc: debiting 32 entropy credits from nonblocking (unlimited)
[    2.053196] random 0000 0000 0000 37d49d89 e20417cc: extract_entropy account returned: 4 
[    2.053200] random 0000 0000 0000 37d49d89 e20417cc: urand_change_num 23 extract_buf: pool_sig 00000298, data_sig 00000092, bytes_mixed 20 37d49d89 e20417cc
[    2.053253] RANDOM - __random32 called. Change num 13.  Value: eba68b0e	1db9b963	cf3ec61b
[    2.053255] RANDOM - random32 called.  Value: eba68b0e	1db9b963	cf3ec61b
[    2.053308] NET: Registered protocol family 17
[    2.053327] Using IPI No-Shortcut mode
[    2.053332] random 0000 0000 0000 2ee4c4fc 167bdb15: rand_read_num 6 get_random_bytes(8): sig fffffcbf 2ee4c4fc 167bdb15
[    2.053334] random 0000 0000 0000 2ee4c4fc 167bdb15: extract_entropy(.. 8 ..)
[    2.053337] random 0000 0000 0000 2ee4c4fc 167bdb15: going to reseed nonblocking with 64 bits (64 of 0 requested)
[    2.053339] random 0000 0000 0000 2ee4c4fc 167bdb15: extract_entropy(.. 8 ..)
[    2.053341] random 0000 0000 0000 2ee4c4fc 167bdb15: trying to extract 64 bits from input
[    2.053343] random 0000 0000 0000 2ee4c4fc 167bdb15: debiting 0 entropy credits from input
[    2.053345] random 0000 0000 0000 2ee4c4fc 167bdb15: extract_entropy account returned: 0 
[    2.053348] random 0000 0000 0000 2ee4c4fc 167bdb15: urand_change_num 24 xfer_secondary_pool(8): pool_sig fffffcbf, data_sig 00000000, bytes_mixed 0 2ee4c4fc 167bdb15
[    2.053350] random 0000 0000 0000 2ee4c4fc 167bdb15: trying to extract 64 bits from nonblocking
[    2.053352] random 0000 0000 0000 2ee4c4fc 167bdb15: debiting 64 entropy credits from nonblocking (unlimited)
[    2.053354] random 0000 0000 0000 2ee4c4fc 167bdb15: extract_entropy account returned: 8 
[    2.053358] random 0000 0000 0000 2ee4c4fc 167bdb15: urand_change_num 25 extract_buf: pool_sig fffffcbf, data_sig ffffff83, bytes_mixed 20 2ee4c4fc 167bdb15
[    2.053396] PM: Resume from disk failed.
[    2.053403] registered taskstats version 1
[    2.053405] random 0000 0000 0000 2ee4c4fc 167bdb15: rand_read_num 7 get_random_bytes(12): sig fffffc69 2ee4c4fc 167bdb15
[    2.053408] random 0000 0000 0000 2ee4c4fc 167bdb15: extract_entropy(.. 12 ..)
[    2.053410] random 0000 0000 0000 2ee4c4fc 167bdb15: going to reseed nonblocking with 96 bits (96 of 0 requested)
[    2.053412] random 0000 0000 0000 2ee4c4fc 167bdb15: extract_entropy(.. 12 ..)
[    2.053414] random 0000 0000 0000 2ee4c4fc 167bdb15: trying to extract 96 bits from input
[    2.053416] random 0000 0000 0000 2ee4c4fc 167bdb15: debiting 0 entropy credits from input
[    2.053418] random 0000 0000 0000 2ee4c4fc 167bdb15: extract_entropy account returned: 0 
[    2.053420] random 0000 0000 0000 2ee4c4fc 167bdb15: urand_change_num 26 xfer_secondary_pool(12): pool_sig fffffc69, data_sig 00000000, bytes_mixed 0 2ee4c4fc 167bdb15
[    2.053423] random 0000 0000 0000 2ee4c4fc 167bdb15: trying to extract 96 bits from nonblocking
[    2.053425] random 0000 0000 0000 2ee4c4fc 167bdb15: debiting 96 entropy credits from nonblocking (unlimited)
[    2.053427] random 0000 0000 0000 2ee4c4fc 167bdb15: extract_entropy account returned: 12 
[    2.053430] random 0000 0000 0000 2ee4c4fc 167bdb15: urand_change_num 27 extract_buf: pool_sig fffffc69, data_sig ffffff7d, bytes_mixed 20 2ee4c4fc 167bdb15
[    2.053435] random 0000 0000 0000 83b7c1ab 94697f48: urand_change_num 28 extract_buf: pool_sig fffffe30, data_sig fffffdd6, bytes_mixed 20 83b7c1ab 94697f48
[    2.053437] RANDOM - __seed init called.
[    2.053438] RANDOM - __seed init called.
[    2.053440] RANDOM - __seed init called.
[    2.053441] RANDOM - __random32 called. Change num 14.  Value: fc007995	feca4f80	21b38ad2
[    2.053443] RANDOM - random32_reseed called.  Value: fc007995	feca4f80	21b38ad2
[    2.053445] Pid: 1, comm: swapper Not tainted 2.6.32.57 #4
[    2.053447] Call Trace:
[    2.053453]  [<c14a8a0e>] ? printk+0x1d/0x1f
[    2.053457]  [<c17537e5>] random32_reseed+0x89/0xbd
[    2.053460]  [<c1003042>] do_one_initcall+0x32/0x1a0
[    2.053463]  [<c175375c>] ? random32_reseed+0x0/0xbd
[    2.053466]  [<c17308e7>] kernel_init+0x12d/0x17a
[    2.053468]  [<c17307ba>] ? kernel_init+0x0/0x17a
[    2.053471]  [<c1009b07>] kernel_thread_helper+0x7/0x10
[    2.056317] input: AT Translated Set 2 keyboard as /devices/platform/i8042/serio0/input/input1
[    2.056595] random 0000 0000 0000 6db70b00 b30ce96b: rand_read_num 8 get_random_bytes(64): sig fffffb38 6db70b00 b30ce96b
[    2.056598] random 0000 0000 0000 6db70b00 b30ce96b: extract_entropy(.. 64 ..)
[    2.056600] random 0000 0000 0000 6db70b00 b30ce96b: going to reseed nonblocking with 512 bits (512 of 0 requested)
[    2.056602] random 0000 0000 0000 6db70b00 b30ce96b: extract_entropy(.. 64 ..)
[    2.056604] random 0000 0000 0000 6db70b00 b30ce96b: trying to extract 512 bits from input
[    2.056606] random 0000 0000 0000 6db70b00 b30ce96b: debiting 0 entropy credits from input
[    2.056608] random 0000 0000 0000 6db70b00 b30ce96b: extract_entropy account returned: 0 
[    2.056611] random 0000 0000 0000 6db70b00 b30ce96b: urand_change_num 29 xfer_secondary_pool(64): pool_sig fffffb38, data_sig 00000000, bytes_mixed 0 6db70b00 b30ce96b
[    2.056613] random 0000 0000 0000 6db70b00 b30ce96b: trying to extract 512 bits from nonblocking
[    2.056616] random 0000 0000 0000 6db70b00 b30ce96b: debiting 512 entropy credits from nonblocking (unlimited)
[    2.056618] random 0000 0000 0000 6db70b00 b30ce96b: extract_entropy account returned: 64 
[    2.056621] random 0000 0000 0000 6db70b00 b30ce96b: urand_change_num 30 extract_buf: pool_sig fffffb38, data_sig 00000151, bytes_mixed 20 6db70b00 b30ce96b
[    2.056625] random 0000 0000 0000 6db70b00 b30ce96b: urand_change_num 31 extract_buf: pool_sig fffffdb8, data_sig 00000379, bytes_mixed 20 6db70b00 b30ce96b
[    2.056629] random 0000 0000 0000 6b83001e d4b6c0d3: urand_change_num 32 extract_buf: pool_sig ffffffc9, data_sig 00000198, bytes_mixed 20 6b83001e d4b6c0d3
[    2.056634] random 0000 0000 0000 79d3e3c7 be564518: urand_change_num 33 extract_buf: pool_sig 000002b9, data_sig ffffff84, bytes_mixed 20 79d3e3c7 be564518
[    2.056638] random 0000 0000 0000 79d3e3c7 be564518: urand_change_num 34 extract_buf: pool_sig ffffff55, data_sig ffffff5a, bytes_mixed 20 79d3e3c7 be564518
[    2.056642] random 0000 0000 0000 89c03cb2 0d353228: urand_change_num 35 extract_buf: pool_sig 00000007, data_sig ffffff17, bytes_mixed 20 89c03cb2 0d353228
[    2.056646] random 0000 0000 0000 89c03cb2 0d353228: urand_change_num 36 extract_buf: pool_sig fffffdae, data_sig 000000db, bytes_mixed 20 89c03cb2 0d353228  Magic number: 13:812:854
[    2.056737] rtc_cmos 00:04: setting system clock to 2013-05-24 21:50:49 UTC (1369432249)
[    2.056739] BIOS EDD facility v0.16 2004-Jun-25, 0 devices found
[    2.056741] EDD information not available.
[    2.056763] random 0000 0000 0000 8ca62387 b120332c: rand_read_num 9 get_random_bytes(64): sig fffffed6 8ca62387 b120332c
[    2.056765] random 0000 0000 0000 8ca62387 b120332c: extract_entropy(.. 64 ..)
[    2.056767] random 0000 0000 0000 8ca62387 b120332c: going to reseed nonblocking with 512 bits (512 of 0 requested)
[    2.056769] random 0000 0000 0000 8ca62387 b120332c: extract_entropy(.. 64 ..)
[    2.056771] random 0000 0000 0000 8ca62387 b120332c: trying to extract 512 bits from input
[    2.056773] random 0000 0000 0000 8ca62387 b120332c: debiting 0 entropy credits from input
[    2.056775] random 0000 0000 0000 8ca62387 b120332c: extract_entropy account returned: 0 
[    2.056778] random 0000 0000 0000 8ca62387 b120332c: urand_change_num 37 xfer_secondary_pool(64): pool_sig fffffed6, data_sig 00000000, bytes_mixed 0 8ca62387 b120332c
[    2.056780] random 0000 0000 0000 8ca62387 b120332c: trying to extract 512 bits from nonblocking
[    2.056783] random 0000 0000 0000 8ca62387 b120332c: debiting 512 entropy credits from nonblocking (unlimited)
[    2.056785] random 0000 0000 0000 8ca62387 b120332c: extract_entropy account returned: 64 
[    2.056788] random 0000 0000 0000 8ca62387 b120332c: urand_change_num 38 extract_buf: pool_sig fffffed6, data_sig fffffeb6, bytes_mixed 20 8ca62387 b120332c
[    2.056792] random 0000 0000 0000 90702413 e2a66c2e: urand_change_num 39 extract_buf: pool_sig fffffbb0, data_sig 0000012e, bytes_mixed 20 90702413 e2a66c2e
[    2.056796] random 0000 0000 0000 90702413 e2a66c2e: urand_change_num 40 extract_buf: pool_sig fffffaf1, data_sig ffffff3c, bytes_mixed 20 90702413 e2a66c2e
[    2.056800] random 0000 0000 0000 3f58038b c77aecb6: urand_change_num 41 extract_buf: pool_sig 00000234, data_sig fffffdec, bytes_mixed 20 3f58038b c77aecb6
[    2.056805] random 0000 0000 0000 47187b9d 03f21510: urand_change_num 42 extract_buf: pool_sig 00000192, data_sig 00000075, bytes_mixed 20 47187b9d 03f21510
[    2.056809] random 0000 0000 0000 47187b9d 03f21510: urand_change_num 43 extract_buf: pool_sig 0000018e, data_sig ffffffbf, bytes_mixed 20 47187b9d 03f21510
[    2.056813] random 0000 0000 0000 3180b1fc 0fa9c973: urand_change_num 44 extract_buf: pool_sig fffffecf, data_sig ffffff2a, bytes_mixed 20 3180b1fc 0fa9c973
[    2.056815] BEGIN NET_SECRET:
[    2.056817] \xffffff87
[    2.056818] \xffffff8d
[    2.056819] \xfffffff4
[    2.056820] \xffffffae
[    2.056821] \xffffffc3
[    2.056822] \xffffffb7
[    2.056823] \x31
[    2.056824] \x65
[    2.056825] \xffffffda
[    2.056826] \xffffffa2
[    2.056827] \x31
[    2.056829] \xffffffc8
[    2.056830] \xffffffa9
[    2.056831] \x76
[    2.056832] \x76
[    2.056833] \xffffff90
[    2.056834] \x55
[    2.056835] \xfffffff3
[    2.056836] \xffffffb1
[    2.056837] \x3
[    2.056838] \xffffffb3
[    2.056839] \xffffffa7
[    2.056840] \x5a
[    2.056841] \x71
[    2.056842] \x70
[    2.056843] \xffffff8c
[    2.056845] \x56
[    2.056846] \x25
[    2.056847] \xffffffe1
[    2.056848] \x4c
[    2.056849] \xffffffe6
[    2.056850] \xffffff95
[    2.056851] \x67
[    2.056852] \x4c
[    2.056853] \xffffffb9
[    2.056854] \x1d
[    2.056855] \xe
[    2.056856] \x34
[    2.056857] \xffffffbe
[    2.056858] \x12
[    2.056859] \x5
[    2.056860] \xffffff98
[    2.056861] \xffffffa0
[    2.056862] \xf
[    2.056864] \xffffffb2
[    2.056865] \xffffffde
[    2.056866] \xffffff99
[    2.056867] \xf
[    2.056868] \xffffffe8
[    2.056869] \xffffffc8
[    2.056870] \x1f
[    2.056871] \x54
[    2.056872] \x2c
[    2.056873] \xffffffee
[    2.056874] \x2e
[    2.056875] \x0
[    2.056876] \xffffff95
[    2.056877] \x0
[    2.056878] \xffffffe3
[    2.056879] \xffffffa7
[    2.056880] \xfffffffd
[    2.056882] \x66
[    2.056883] \xffffff92
[    2.056884] \xfffffff0
[    2.056885] 
[    2.056886] END NET_SECRET
[    2.056888] random 0000 0000 0000 3180b1fc 0fa9c973: rand_read_num 10 get_random_bytes(4): sig ffffff46 3180b1fc 0fa9c973
[    2.056890] random 0000 0000 0000 3180b1fc 0fa9c973: extract_entropy(.. 4 ..)
[    2.056892] random 0000 0000 0000 3180b1fc 0fa9c973: going to reseed nonblocking with 64 bits (32 of 0 requested)
[    2.056894] random 0000 0000 0000 3180b1fc 0fa9c973: extract_entropy(.. 8 ..)
[    2.056896] random 0000 0000 0000 3180b1fc 0fa9c973: trying to extract 64 bits from input
[    2.056898] random 0000 0000 0000 3180b1fc 0fa9c973: debiting 0 entropy credits from input
[    2.056900] random 0000 0000 0000 3180b1fc 0fa9c973: extract_entropy account returned: 0 
[    2.056903] random 0000 0000 0000 3180b1fc 0fa9c973: urand_change_num 45 xfer_secondary_pool(4): pool_sig ffffff46, data_sig 00000000, bytes_mixed 0 3180b1fc 0fa9c973
[    2.056906] random 0000 0000 0000 3180b1fc 0fa9c973: trying to extract 32 bits from nonblocking
[    2.056908] random 0000 0000 0000 3180b1fc 0fa9c973: debiting 32 entropy credits from nonblocking (unlimited)
[    2.056910] random 0000 0000 0000 3180b1fc 0fa9c973: extract_entropy account returned: 4 
[    2.056913] random 0000 0000 0000 3180b1fc 0fa9c973: urand_change_num 46 extract_buf: pool_sig ffffff46, data_sig 0000001b, bytes_mixed 20 3180b1fc 0fa9c973
[    2.229605] ata2.00: ATAPI: VMware Virtual IDE CDROM Drive, 00000001, max UDMA/33
[    2.229887] ata2.00: configured for UDMA/33
[    2.230276] scsi 1:0:0:0: CD-ROM            NECVMWar VMware IDE CDR10 1.00 PQ: 0 ANSI: 5
[    2.231540] sr0: scsi3-mmc drive: 306x/306x cd/rw xa/form2 cdda tray
[    2.231545] Uniform CD-ROM driver Revision: 3.20
[    2.231598] sr 1:0:0:0: Attached scsi CD-ROM sr0
[    2.231637] sr 1:0:0:0: Attached scsi generic sg0 type 5
[    2.231676] Freeing unused kernel memory: 652k freed
[    2.231729] Write protecting the kernel text: 4840k
[    2.231759] Write protecting the kernel read-only data: 1968k
[    2.231845] random 0000 0000 0000 38974d2b 1d8d6de0: rand_read_num 11 get_random_bytes(16): sig 000001c6 38974d2b 1d8d6de0
