[    0.000000] random 0000 0000 0000 00000000 00000000: rand_read_num 1 get_random_bytes(8): sig 00000000 00000000 00000000
[    0.000000] random 0000 0000 0000 00000000 00000000: extract_entropy(.. 8 ..)
[    0.000000] random 0000 0000 0000 00000000 00000000: going to reseed nonblocking with 64 bits (64 of 0 requested)
[    0.000000] random 0000 0000 0000 00000000 00000000: extract_entropy(.. 8 ..)
[    0.000000] random 0000 0000 0000 00000000 00000000: trying to extract 64 bits from input
[    0.000000] random 0000 0000 0000 00000000 00000000: debiting 0 entropy credits from input
[    0.000000] random 0000 0000 0000 00000000 00000000: extract_entropy account returned: 0 
[    0.000000] random 0000 0000 0000 00000000 00000000: urand_change_num 1 xfer_secondary_pool(8): pool_sig 00000000, data_sig 00000000, bytes_mixed 0 00000000 00000000
[    0.000000] random 0000 0000 0000 00000000 00000000: trying to extract 64 bits from nonblocking
[    0.000000] random 0000 0000 0000 00000000 00000000: debiting 64 entropy credits from nonblocking (unlimited)
[    0.000000] random 0000 0000 0000 00000000 00000000: extract_entropy account returned: 8 
[    0.000000] random 0000 0000 0000 00000000 00000000: urand_change_num 2 extract_buf: pool_sig 00000000, data_sig fffffff9, bytes_mixed 20 00000000 00000000
[    0.000000] Initializing cgroup subsys cpuset
[    0.000000] Initializing cgroup subsys cpu
[    0.000000] Linux version 2.6.32.57 (dcashman@ubuntu) (gcc version 4.6.3 (Ubuntu/Linaro 4.6.3-1ubuntu5) ) #4 SMP Fri May 24 11:09:26 PDT 2013
[    0.000000] KERNEL supported cpus:
[    0.000000]   Intel GenuineIntel
[    0.000000]   AMD AuthenticAMD
[    0.000000]   NSC Geode by NSC
[    0.000000]   Cyrix CyrixInstead
[    0.000000]   Centaur CentaurHauls
[    0.000000]   Transmeta GenuineTMx86
[    0.000000]   Transmeta TransmetaCPU
[    0.000000]   UMC UMC UMC UMC
[    0.000000] BIOS-provided physical RAM map:
[    0.000000]  BIOS-e820: 0000000000000000 - 000000000009f000 (usable)
[    0.000000]  BIOS-e820: 000000000009f000 - 00000000000a0000 (reserved)
[    0.000000]  BIOS-e820: 00000000000ca000 - 00000000000cc000 (reserved)
[    0.000000]  BIOS-e820: 00000000000dc000 - 0000000000100000 (reserved)
[    0.000000]  BIOS-e820: 0000000000100000 - 000000003fee0000 (usable)
[    0.000000]  BIOS-e820: 000000003fee0000 - 000000003feff000 (ACPI data)
[    0.000000]  BIOS-e820: 000000003feff000 - 000000003ff00000 (ACPI NVS)
[    0.000000]  BIOS-e820: 000000003ff00000 - 0000000040000000 (usable)
[    0.000000]  BIOS-e820: 00000000e0000000 - 00000000f0000000 (reserved)
[    0.000000]  BIOS-e820: 00000000fec00000 - 00000000fec10000 (reserved)
[    0.000000]  BIOS-e820: 00000000fee00000 - 00000000fee01000 (reserved)
[    0.000000]  BIOS-e820: 00000000fffe0000 - 0000000100000000 (reserved)
[    0.000000] DMI present.
[    0.000000] Phoenix BIOS detected: BIOS may corrupt low RAM, working around it.
[    0.000000] e820 update range: 0000000000000000 - 0000000000010000 (usable) ==> (reserved)
[    0.000000] last_pfn = 0x40000 max_arch_pfn = 0x1000000
[    0.000000] MTRR default type: uncachable
[    0.000000] MTRR fixed ranges enabled:
[    0.000000]   00000-9FFFF write-back
[    0.000000]   A0000-BFFFF uncachable
[    0.000000]   C0000-CBFFF write-protect
[    0.000000]   CC000-EFFFF uncachable
[    0.000000]   F0000-FFFFF write-protect
[    0.000000] MTRR variable ranges enabled:
[    0.000000]   0 base 0000000000 mask FFC0000000 write-back
[    0.000000]   1 disabled
[    0.000000]   2 disabled
[    0.000000]   3 disabled
[    0.000000]   4 disabled
[    0.000000]   5 disabled
[    0.000000]   6 disabled
[    0.000000]   7 disabled
[    0.000000] x86 PAT enabled: cpu 0, old 0x0, new 0x7010600070106
[    0.000000] Scanning 0 areas for low memory corruption
[    0.000000] modified physical RAM map:
[    0.000000]  modified: 0000000000000000 - 0000000000010000 (reserved)
[    0.000000]  modified: 0000000000010000 - 000000000009f000 (usable)
[    0.000000]  modified: 000000000009f000 - 00000000000a0000 (reserved)
[    0.000000]  modified: 00000000000ca000 - 00000000000cc000 (reserved)
[    0.000000]  modified: 00000000000dc000 - 0000000000100000 (reserved)
[    0.000000]  modified: 0000000000100000 - 000000003fee0000 (usable)
[    0.000000]  modified: 000000003fee0000 - 000000003feff000 (ACPI data)
[    0.000000]  modified: 000000003feff000 - 000000003ff00000 (ACPI NVS)
[    0.000000]  modified: 000000003ff00000 - 0000000040000000 (usable)
[    0.000000]  modified: 00000000e0000000 - 00000000f0000000 (reserved)
[    0.000000]  modified: 00000000fec00000 - 00000000fec10000 (reserved)
[    0.000000]  modified: 00000000fee00000 - 00000000fee01000 (reserved)
[    0.000000]  modified: 00000000fffe0000 - 0000000100000000 (reserved)
[    0.000000] initial memory mapped : 0 - 01e00000
[    0.000000] init_memory_mapping: 0000000000000000-00000000379fe000
[    0.000000] NX (Execute Disable) protection: active
[    0.000000]  0000000000 - 0000200000 page 4k
[    0.000000]  0000200000 - 0037800000 page 2M
[    0.000000]  0037800000 - 00379fe000 page 4k
[    0.000000] kernel direct mapping tables up to 379fe000 @ 10000-16000
[    0.000000] RAMDISK: 2dcfc000 - 32e758c3
[    0.000000] ACPI: RSDP 000f6b80 00024 (v02 PTLTD )
[    0.000000] ACPI: XSDT 3feed636 0005C (v01 INTEL  440BX    06040000 VMW  01324272)
[    0.000000] ACPI: FACP 3fefee98 000F4 (v04 INTEL  440BX    06040000 PTL  000F4240)
[    0.000000] ACPI: DSDT 3feee366 10B32 (v01 PTLTD  Custom   06040000 MSFT 03000001)
[    0.000000] ACPI: FACS 3fefffc0 00040
[    0.000000] ACPI: BOOT 3feee33e 00028 (v01 PTLTD  $SBFTBL$ 06040000  LTP 00000001)
[    0.000000] ACPI: APIC 3feedc3e 003C2 (v01 PTLTD  ? APIC   06040000  LTP 00000000)
[    0.000000] ACPI: MCFG 3feedc02 0003C (v01 PTLTD  $PCITBL$ 06040000  LTP 00000001)
[    0.000000] ACPI: SRAT 3feed732 004D0 (v02 VMWARE MEMPLUG  06040000 VMW  00000001)
[    0.000000] ACPI: HPET 3feed6fa 00038 (v01 VMWARE VMW HPET 06040000 VMW  00000001)
[    0.000000] ACPI: WAET 3feed6d2 00028 (v01 VMWARE VMW WAET 06040000 VMW  00000001)
[    0.000000] ACPI: Local APIC address 0xfee00000
[    0.000000] 134MB HIGHMEM available.
[    0.000000] 889MB LOWMEM available.
[    0.000000]   mapped low ram: 0 - 379fe000
[    0.000000]   low ram: 0 - 379fe000
[    0.000000]   node 0 low ram: 00000000 - 379fe000
[    0.000000]   node 0 bootmap 00012000 - 00018f40
[    0.000000] (9 early reservations) ==> bootmem [0000000000 - 00379fe000]
[    0.000000]   #0 [0000000000 - 0000001000]   BIOS data page ==> [0000000000 - 0000001000]
[    0.000000]   #1 [0000001000 - 0000002000]    EX TRAMPOLINE ==> [0000001000 - 0000002000]
[    0.000000]   #2 [0000006000 - 0000007000]       TRAMPOLINE ==> [0000006000 - 0000007000]
[    0.000000]   #3 [0001000000 - 0001a75ff8]    TEXT DATA BSS ==> [0001000000 - 0001a75ff8]
[    0.000000]   #4 [002dcfc000 - 0032e758c3]          RAMDISK ==> [002dcfc000 - 0032e758c3]
[    0.000000]   #5 [000009f000 - 0000100000]    BIOS reserved ==> [000009f000 - 0000100000]
[    0.000000]   #6 [0001a76000 - 0001a851c0]              BRK ==> [0001a76000 - 0001a851c0]
[    0.000000]   #7 [0000010000 - 0000012000]          PGTABLE ==> [0000010000 - 0000012000]
[    0.000000]   #8 [0000012000 - 0000019000]          BOOTMAP ==> [0000012000 - 0000019000]
[    0.000000] found SMP MP-table at [c00f6bf0] f6bf0
[    0.000000] Zone PFN ranges:
[    0.000000]   DMA      0x00000010 -> 0x00001000
[    0.000000]   Normal   0x00001000 -> 0x000379fe
[    0.000000]   HighMem  0x000379fe -> 0x00040000
[    0.000000] Movable zone start PFN for each node
[    0.000000] early_node_map[3] active PFN ranges
[    0.000000]     0: 0x00000010 -> 0x0000009f
[    0.000000]     0: 0x00000100 -> 0x0003fee0
[    0.000000]     0: 0x0003ff00 -> 0x00040000
[    0.000000] On node 0 totalpages: 261999
[    0.000000] free_area_init_node: node 0, pgdat c1715200, node_mem_map c1a87200
[    0.000000]   DMA zone: 32 pages used for memmap
[    0.000000]   DMA zone: 0 pages reserved
[    0.000000]   DMA zone: 3951 pages, LIFO batch:0
[    0.000000]   Normal zone: 1748 pages used for memmap
[    0.000000]   Normal zone: 221994 pages, LIFO batch:31
[    0.000000]   HighMem zone: 269 pages used for memmap
[    0.000000]   HighMem zone: 34005 pages, LIFO batch:7
[    0.000000] Using APIC driver default
[    0.000000] ACPI: PM-Timer IO Port: 0x1008
[    0.000000] ACPI: Local APIC address 0xfee00000
[    0.000000] ACPI: LAPIC (acpi_id[0x00] lapic_id[0x00] enabled)
[    0.000000] ACPI: LAPIC (acpi_id[0x01] lapic_id[0x02] disabled)
[    0.000000] ACPI: LAPIC (acpi_id[0x02] lapic_id[0x04] disabled)
[    0.000000] ACPI: LAPIC (acpi_id[0x03] lapic_id[0x06] disabled)
[    0.000000] ACPI: LAPIC (acpi_id[0x04] lapic_id[0x08] disabled)
[    0.000000] ACPI: LAPIC (acpi_id[0x05] lapic_id[0x0a] disabled)
[    0.000000] ACPI: LAPIC (acpi_id[0x06] lapic_id[0x0c] disabled)
[    0.000000] ACPI: LAPIC (acpi_id[0x07] lapic_id[0x0e] disabled)
[    0.000000] ACPI: LAPIC (acpi_id[0x08] lapic_id[0x10] disabled)
[    0.000000] ACPI: LAPIC (acpi_id[0x09] lapic_id[0x12] disabled)
[    0.000000] ACPI: LAPIC (acpi_id[0x0a] lapic_id[0x14] disabled)
[    0.000000] ACPI: LAPIC (acpi_id[0x0b] lapic_id[0x16] disabled)
[    0.000000] ACPI: LAPIC (acpi_id[0x0c] lapic_id[0x18] disabled)
[    0.000000] ACPI: LAPIC (acpi_id[0x0d] lapic_id[0x1a] disabled)
[    0.000000] ACPI: LAPIC (acpi_id[0x0e] lapic_id[0x1c] disabled)
[    0.000000] ACPI: LAPIC (acpi_id[0x0f] lapic_id[0x1e] disabled)
[    0.000000] ACPI: LAPIC (acpi_id[0x10] lapic_id[0x20] disabled)
[    0.000000] ACPI: LAPIC (acpi_id[0x11] lapic_id[0x22] disabled)
[    0.000000] ACPI: LAPIC (acpi_id[0x12] lapic_id[0x24] disabled)
[    0.000000] ACPI: LAPIC (acpi_id[0x13] lapic_id[0x26] disabled)
[    0.000000] ACPI: LAPIC (acpi_id[0x14] lapic_id[0x28] disabled)
[    0.000000] ACPI: LAPIC (acpi_id[0x15] lapic_id[0x2a] disabled)
[    0.000000] ACPI: LAPIC (acpi_id[0x16] lapic_id[0x2c] disabled)
[    0.000000] ACPI: LAPIC (acpi_id[0x17] lapic_id[0x2e] disabled)
[    0.000000] ACPI: LAPIC (acpi_id[0x18] lapic_id[0x30] disabled)
[    0.000000] ACPI: LAPIC (acpi_id[0x19] lapic_id[0x32] disabled)
[    0.000000] ACPI: LAPIC (acpi_id[0x1a] lapic_id[0x34] disabled)
[    0.000000] ACPI: LAPIC (acpi_id[0x1b] lapic_id[0x36] disabled)
[    0.000000] ACPI: LAPIC (acpi_id[0x1c] lapic_id[0x38] disabled)
[    0.000000] ACPI: LAPIC (acpi_id[0x1d] lapic_id[0x3a] disabled)
[    0.000000] ACPI: LAPIC (acpi_id[0x1e] lapic_id[0x3c] disabled)
[    0.000000] ACPI: LAPIC (acpi_id[0x1f] lapic_id[0x3e] disabled)
[    0.000000] ACPI: LAPIC (acpi_id[0x20] lapic_id[0x40] disabled)
[    0.000000] ACPI: LAPIC (acpi_id[0x21] lapic_id[0x42] disabled)
[    0.000000] ACPI: LAPIC (acpi_id[0x22] lapic_id[0x44] disabled)
[    0.000000] ACPI: LAPIC (acpi_id[0x23] lapic_id[0x46] disabled)
[    0.000000] ACPI: LAPIC (acpi_id[0x24] lapic_id[0x48] disabled)
[    0.000000] ACPI: LAPIC (acpi_id[0x25] lapic_id[0x4a] disabled)
[    0.000000] ACPI: LAPIC (acpi_id[0x26] lapic_id[0x4c] disabled)
[    0.000000] ACPI: LAPIC (acpi_id[0x27] lapic_id[0x4e] disabled)
[    0.000000] ACPI: LAPIC (acpi_id[0x28] lapic_id[0x50] disabled)
[    0.000000] ACPI: LAPIC (acpi_id[0x29] lapic_id[0x52] disabled)
[    0.000000] ACPI: LAPIC (acpi_id[0x2a] lapic_id[0x54] disabled)
[    0.000000] ACPI: LAPIC (acpi_id[0x2b] lapic_id[0x56] disabled)
[    0.000000] ACPI: LAPIC (acpi_id[0x2c] lapic_id[0x58] disabled)
[    0.000000] ACPI: LAPIC (acpi_id[0x2d] lapic_id[0x5a] disabled)
[    0.000000] ACPI: LAPIC (acpi_id[0x2e] lapic_id[0x5c] disabled)
[    0.000000] ACPI: LAPIC (acpi_id[0x2f] lapic_id[0x5e] disabled)
[    0.000000] ACPI: LAPIC (acpi_id[0x30] lapic_id[0x60] disabled)
[    0.000000] ACPI: LAPIC (acpi_id[0x31] lapic_id[0x62] disabled)
[    0.000000] ACPI: LAPIC (acpi_id[0x32] lapic_id[0x64] disabled)
[    0.000000] ACPI: LAPIC (acpi_id[0x33] lapic_id[0x66] disabled)
[    0.000000] ACPI: LAPIC (acpi_id[0x34] lapic_id[0x68] disabled)
[    0.000000] ACPI: LAPIC (acpi_id[0x35] lapic_id[0x6a] disabled)
[    0.000000] ACPI: LAPIC (acpi_id[0x36] lapic_id[0x6c] disabled)
[    0.000000] ACPI: LAPIC (acpi_id[0x37] lapic_id[0x6e] disabled)
[    0.000000] ACPI: LAPIC (acpi_id[0x38] lapic_id[0x70] disabled)
[    0.000000] ACPI: LAPIC (acpi_id[0x39] lapic_id[0x72] disabled)
[    0.000000] ACPI: LAPIC (acpi_id[0x3a] lapic_id[0x74] disabled)
[    0.000000] ACPI: LAPIC (acpi_id[0x3b] lapic_id[0x76] disabled)
[    0.000000] ACPI: LAPIC (acpi_id[0x3c] lapic_id[0x78] disabled)
[    0.000000] ACPI: LAPIC (acpi_id[0x3d] lapic_id[0x7a] disabled)
[    0.000000] ACPI: LAPIC (acpi_id[0x3e] lapic_id[0x7c] disabled)
[    0.000000] ACPI: LAPIC (acpi_id[0x3f] lapic_id[0x7e] disabled)
[    0.000000] ACPI: LAPIC_NMI (acpi_id[0x00] high edge lint[0x1])
[    0.000000] ACPI: LAPIC_NMI (acpi_id[0x01] high edge lint[0x1])
[    0.000000] ACPI: LAPIC_NMI (acpi_id[0x02] high edge lint[0x1])
[    0.000000] ACPI: LAPIC_NMI (acpi_id[0x03] high edge lint[0x1])
[    0.000000] ACPI: LAPIC_NMI (acpi_id[0x04] high edge lint[0x1])
[    0.000000] ACPI: LAPIC_NMI (acpi_id[0x05] high edge lint[0x1])
[    0.000000] ACPI: LAPIC_NMI (acpi_id[0x06] high edge lint[0x1])
[    0.000000] ACPI: LAPIC_NMI (acpi_id[0x07] high edge lint[0x1])
[    0.000000] ACPI: LAPIC_NMI (acpi_id[0x08] high edge lint[0x1])
[    0.000000] ACPI: LAPIC_NMI (acpi_id[0x09] high edge lint[0x1])
[    0.000000] ACPI: LAPIC_NMI (acpi_id[0x0a] high edge lint[0x1])
[    0.000000] ACPI: LAPIC_NMI (acpi_id[0x0b] high edge lint[0x1])
[    0.000000] ACPI: LAPIC_NMI (acpi_id[0x0c] high edge lint[0x1])
[    0.000000] ACPI: LAPIC_NMI (acpi_id[0x0d] high edge lint[0x1])
[    0.000000] ACPI: LAPIC_NMI (acpi_id[0x0e] high edge lint[0x1])
[    0.000000] ACPI: LAPIC_NMI (acpi_id[0x0f] high edge lint[0x1])
[    0.000000] ACPI: LAPIC_NMI (acpi_id[0x10] high edge lint[0x1])
[    0.000000] ACPI: LAPIC_NMI (acpi_id[0x11] high edge lint[0x1])
[    0.000000] ACPI: LAPIC_NMI (acpi_id[0x12] high edge lint[0x1])
[    0.000000] ACPI: LAPIC_NMI (acpi_id[0x13] high edge lint[0x1])
[    0.000000] ACPI: LAPIC_NMI (acpi_id[0x14] high edge lint[0x1])
[    0.000000] ACPI: LAPIC_NMI (acpi_id[0x15] high edge lint[0x1])
[    0.000000] ACPI: LAPIC_NMI (acpi_id[0x16] high edge lint[0x1])
[    0.000000] ACPI: LAPIC_NMI (acpi_id[0x17] high edge lint[0x1])
[    0.000000] ACPI: LAPIC_NMI (acpi_id[0x18] high edge lint[0x1])
[    0.000000] ACPI: LAPIC_NMI (acpi_id[0x19] high edge lint[0x1])
[    0.000000] ACPI: LAPIC_NMI (acpi_id[0x1a] high edge lint[0x1])
[    0.000000] ACPI: LAPIC_NMI (acpi_id[0x1b] high edge lint[0x1])
[    0.000000] ACPI: LAPIC_NMI (acpi_id[0x1c] high edge lint[0x1])
[    0.000000] ACPI: LAPIC_NMI (acpi_id[0x1d] high edge lint[0x1])
[    0.000000] ACPI: LAPIC_NMI (acpi_id[0x1e] high edge lint[0x1])
[    0.000000] ACPI: LAPIC_NMI (acpi_id[0x1f] high edge lint[0x1])
[    0.000000] ACPI: LAPIC_NMI (acpi_id[0x20] high edge lint[0x1])
[    0.000000] ACPI: LAPIC_NMI (acpi_id[0x21] high edge lint[0x1])
[    0.000000] ACPI: LAPIC_NMI (acpi_id[0x22] high edge lint[0x1])
[    0.000000] ACPI: LAPIC_NMI (acpi_id[0x23] high edge lint[0x1])
[    0.000000] ACPI: LAPIC_NMI (acpi_id[0x24] high edge lint[0x1])
[    0.000000] ACPI: LAPIC_NMI (acpi_id[0x25] high edge lint[0x1])
[    0.000000] ACPI: LAPIC_NMI (acpi_id[0x26] high edge lint[0x1])
[    0.000000] ACPI: LAPIC_NMI (acpi_id[0x27] high edge lint[0x1])
[    0.000000] ACPI: LAPIC_NMI (acpi_id[0x28] high edge lint[0x1])
[    0.000000] ACPI: LAPIC_NMI (acpi_id[0x29] high edge lint[0x1])
[    0.000000] ACPI: LAPIC_NMI (acpi_id[0x2a] high edge lint[0x1])
[    0.000000] ACPI: LAPIC_NMI (acpi_id[0x2b] high edge lint[0x1])
[    0.000000] ACPI: LAPIC_NMI (acpi_id[0x2c] high edge lint[0x1])
[    0.000000] ACPI: LAPIC_NMI (acpi_id[0x2d] high edge lint[0x1])
[    0.000000] ACPI: LAPIC_NMI (acpi_id[0x2e] high edge lint[0x1])
[    0.000000] ACPI: LAPIC_NMI (acpi_id[0x2f] high edge lint[0x1])
[    0.000000] ACPI: LAPIC_NMI (acpi_id[0x30] high edge lint[0x1])
[    0.000000] ACPI: LAPIC_NMI (acpi_id[0x31] high edge lint[0x1])
[    0.000000] ACPI: LAPIC_NMI (acpi_id[0x32] high edge lint[0x1])
[    0.000000] ACPI: LAPIC_NMI (acpi_id[0x33] high edge lint[0x1])
[    0.000000] ACPI: LAPIC_NMI (acpi_id[0x34] high edge lint[0x1])
[    0.000000] ACPI: LAPIC_NMI (acpi_id[0x35] high edge lint[0x1])
[    0.000000] ACPI: LAPIC_NMI (acpi_id[0x36] high edge lint[0x1])
[    0.000000] ACPI: LAPIC_NMI (acpi_id[0x37] high edge lint[0x1])
[    0.000000] ACPI: LAPIC_NMI (acpi_id[0x38] high edge lint[0x1])
[    0.000000] ACPI: LAPIC_NMI (acpi_id[0x39] high edge lint[0x1])
[    0.000000] ACPI: LAPIC_NMI (acpi_id[0x3a] high edge lint[0x1])
[    0.000000] ACPI: LAPIC_NMI (acpi_id[0x3b] high edge lint[0x1])
[    0.000000] ACPI: LAPIC_NMI (acpi_id[0x3c] high edge lint[0x1])
[    0.000000] ACPI: LAPIC_NMI (acpi_id[0x3d] high edge lint[0x1])
[    0.000000] ACPI: LAPIC_NMI (acpi_id[0x3e] high edge lint[0x1])
[    0.000000] ACPI: LAPIC_NMI (acpi_id[0x3f] high edge lint[0x1])
[    0.000000] ACPI: Skipping IOAPIC probe due to 'noapic' option.
[    0.000000] Using ACPI for processor (LAPIC) configuration information
[    0.000000] ACPI: HPET id: 0x8086af01 base: 0xfed00000
[    0.000000] Intel MultiProcessor Specification v1.4
[    0.000000]     Virtual Wire compatibility mode.
[    0.000000] MPTABLE: OEM ID: INTEL   
[    0.000000] MPTABLE: Product ID: 440BX       
[    0.000000] MPTABLE: APIC at: 0xFEE00000
[    0.000000] I/O APIC #1 Version 17 at 0xFEC00000.
[    0.000000] Processors: 1
[    0.000000] 64 Processors exceeds NR_CPUS limit of 8
[    0.000000] SMP: Allowing 8 CPUs, 7 hotplug CPUs
[    0.000000] nr_irqs_gsi: 24
[    0.000000] PM: Registered nosave memory: 000000000009f000 - 00000000000a0000
[    0.000000] PM: Registered nosave memory: 00000000000a0000 - 00000000000ca000
[    0.000000] PM: Registered nosave memory: 00000000000ca000 - 00000000000cc000
[    0.000000] PM: Registered nosave memory: 00000000000cc000 - 00000000000dc000
[    0.000000] PM: Registered nosave memory: 00000000000dc000 - 0000000000100000
[    0.000000] Allocating PCI resources starting at 40000000 (gap: 40000000:a0000000)
[    0.000000] Booting paravirtualized kernel on bare hardware
[    0.000000] NR_CPUS:8 nr_cpumask_bits:8 nr_cpu_ids:8 nr_node_ids:1
[    0.000000] PERCPU: Embedded 15 pages/cpu @c2400000 s39320 r0 d22120 u262144
[    0.000000] pcpu-alloc: s39320 r0 d22120 u262144 alloc=1*2097152
[    0.000000] pcpu-alloc: [0] 0 1 2 3 4 5 6 7 
[    0.000000] Built 1 zonelists in Zone order, mobility grouping on.  Total pages: 259950
[    0.000000] Kernel command line: BOOT_IMAGE=/boot/vmlinuz-2.6.32.57 root=UUID=007b598c-390d-4c65-84a1-4ff752d48633 ro quiet splash maxcpus=0
[    0.000000] PID hash table entries: 4096 (order: 2, 16384 bytes)
[    0.000000] Dentry cache hash table entries: 131072 (order: 7, 524288 bytes)
[    0.000000] Inode-cache hash table entries: 65536 (order: 6, 262144 bytes)
[    0.000000] Enabling fast FPU save and restore... done.
[    0.000000] Enabling unmasked SIMD FPU exception support... done.
[    0.000000] Initializing CPU#0
[    0.000000] xsave/xrstor: enabled xstate_bv 0x7, cntxt size 0x340
[    0.000000] allocated 5242560 bytes of page_cgroup
[    0.000000] please try 'cgroup_disable=memory' option if you don't want memory cgroups
[    0.000000] Initializing HighMem for node 0 (000379fe:00040000)
[    0.000000] Memory: 938260k/1048576k available (4839k kernel code, 108848k reserved, 2518k data, 652k init, 137096k highmem)
[    0.000000] virtual kernel memory layout:
[    0.000000]     fixmap  : 0xfff1e000 - 0xfffff000   ( 900 kB)
[    0.000000]     pkmap   : 0xffa00000 - 0xffc00000   (2048 kB)
[    0.000000]     vmalloc : 0xf81fe000 - 0xff9fe000   ( 120 MB)
[    0.000000]     lowmem  : 0xc0000000 - 0xf79fe000   ( 889 MB)
[    0.000000]       .init : 0xc1730000 - 0xc17d3000   ( 652 kB)
[    0.000000]       .data : 0xc14b9cce - 0xc172f764   (2518 kB)
[    0.000000]       .text : 0xc1000000 - 0xc14b9cce   (4839 kB)
[    0.000000] Checking if this processor honours the WP bit even in supervisor mode...Ok.
[    0.000000] SLUB: Genslabs=13, HWalign=64, Order=0-3, MinObjects=0, CPUs=8, Nodes=1
[    0.000000] Hierarchical RCU implementation.
[    0.000000] NR_IRQS:2304 nr_irqs:472
[    0.000000] Extended CMOS year: 2000
[    0.000000] Console: colour VGA+ 80x25
[    0.000000] console [tty0] enabled
[    0.000000] hpet clockevent registered
[    0.000000] TSC freq read from hypervisor : 2394.620 MHz
[    0.000000] Detected 2394.620 MHz processor.
[    0.000002] Calibrating delay loop (skipped) preset value.. 4789.24 BogoMIPS (lpj=9578480)
[    0.000011] Security Framework initialized
[    0.000014] SELinux:  Disabled at boot.
[    0.000019] Mount-cache hash table entries: 512
[    0.000115] Initializing cgroup subsys cpuacct
[    0.000118] Initializing cgroup subsys memory
[    0.000121] Initializing cgroup subsys devices
[    0.000123] Initializing cgroup subsys freezer
[    0.000149] CPU: Physical Processor ID: 0
[    0.000155] CPU: L1 I cache: 32K, L1 D cache: 32K
[    0.000157] CPU: L2 cache: 256K
[    0.000158] CPU: L3 cache: 4096K
[    0.000163] mce: CPU supports 0 MCE banks
[    0.000174] Performance Events: no PMU driver, software events only.
[    0.000184] Checking 'hlt' instruction... OK.
[    0.018258] SMP alternatives: switching to UP code
[    0.032900] ACPI: Core revision 20090903
[    0.039261] ACPI: setting ELCR to 0200 (from 0e20)
[    0.040931] ftrace: converting mcount calls to 0f 1f 44 00 00
[    0.040936] ftrace: allocating 22631 entries in 45 pages
[    0.058502] CANARY value: 27e01153 for PID: 1
[    0.058572] Not enabling x2apic, Intr-remapping init failed.
[    0.058574] Enabling APIC mode:  Flat.  Using 1 I/O APICs
[    0.058610] SMP mode deactivated.
[    0.058635] SMP disabled
[    0.058694] Brought up 1 CPUs
[    0.058696] Total of 1 processors activated (4789.24 BogoMIPS).
[    0.058700] CPU0 attaching NULL sched-domain.
[    0.058798] devtmpfs: initialized
[    0.058919] sysctl table check failed: /kernel/random/now_input .1.40.7 Unknown sysctl binary path
[    0.059277] Pid: 1, comm: swapper Not tainted 2.6.32.57 #4
[    0.059278] Call Trace:
[    0.059283]  [<c14a8a0e>] ? printk+0x1d/0x1f
[    0.059286]  [<c107b56f>] set_fail+0x4f/0x60
[    0.059288]  [<c107b8b3>] sysctl_check_table+0x333/0x620
[    0.059289]  [<c107b8cc>] sysctl_check_table+0x34c/0x620
[    0.059291]  [<c107b8cc>] sysctl_check_table+0x34c/0x620
[    0.059295]  [<c1746d48>] sysctl_init+0x25/0x29
[    0.059297]  [<c1003042>] do_one_initcall+0x32/0x1a0
[    0.059299]  [<c1746d23>] ? sysctl_init+0x0/0x29
[    0.059301]  [<c17308e7>] kernel_init+0x12d/0x17a
[    0.059303]  [<c17307ba>] ? kernel_init+0x0/0x17a
[    0.059305]  [<c1009b07>] kernel_thread_helper+0x7/0x10
[    0.059307] sysctl table check failed: /kernel/random/now_blocking .1.40.8 Unknown sysctl binary path
[    0.059536] Pid: 1, comm: swapper Not tainted 2.6.32.57 #4
[    0.059537] Call Trace:
[    0.059539]  [<c14a8a0e>] ? printk+0x1d/0x1f
[    0.059540]  [<c107b56f>] set_fail+0x4f/0x60
[    0.059542]  [<c107b8b3>] sysctl_check_table+0x333/0x620
[    0.059544]  [<c107b8cc>] sysctl_check_table+0x34c/0x620
[    0.059545]  [<c107b8cc>] sysctl_check_table+0x34c/0x620
[    0.059547]  [<c1746d48>] sysctl_init+0x25/0x29
[    0.059549]  [<c1003042>] do_one_initcall+0x32/0x1a0
[    0.059551]  [<c1746d23>] ? sysctl_init+0x0/0x29
[    0.059553]  [<c17308e7>] kernel_init+0x12d/0x17a
[    0.059554]  [<c17307ba>] ? kernel_init+0x0/0x17a
[    0.059556]  [<c1009b07>] kernel_thread_helper+0x7/0x10
[    0.059557] sysctl table check failed: /kernel/random/now_nonblocking .1.40.9 Unknown sysctl binary path
[    0.059821] Pid: 1, comm: swapper Not tainted 2.6.32.57 #4
[    0.059822] Call Trace:
[    0.059824]  [<c14a8a0e>] ? printk+0x1d/0x1f
[    0.059825]  [<c107b56f>] set_fail+0x4f/0x60
[    0.059827]  [<c107b8b3>] sysctl_check_table+0x333/0x620
[    0.059829]  [<c107b8cc>] sysctl_check_table+0x34c/0x620
[    0.059830]  [<c107b8cc>] sysctl_check_table+0x34c/0x620
[    0.059832]  [<c1746d48>] sysctl_init+0x25/0x29
[    0.059834]  [<c1003042>] do_one_initcall+0x32/0x1a0
[    0.059836]  [<c1746d23>] ? sysctl_init+0x0/0x29
[    0.059837]  [<c17308e7>] kernel_init+0x12d/0x17a
[    0.059839]  [<c17307ba>] ? kernel_init+0x0/0x17a
[    0.059840]  [<c1009b07>] kernel_thread_helper+0x7/0x10
[    0.059842] sysctl table check failed: /kernel/random/nb_input_bytes .1.40.10 Unknown sysctl binary path
[    0.060073] Pid: 1, comm: swapper Not tainted 2.6.32.57 #4
[    0.060074] Call Trace:
[    0.060075]  [<c14a8a0e>] ? printk+0x1d/0x1f
[    0.060077]  [<c107b56f>] set_fail+0x4f/0x60
[    0.060078]  [<c107b8b3>] sysctl_check_table+0x333/0x620
[    0.060080]  [<c107b8cc>] sysctl_check_table+0x34c/0x620
[    0.060081]  [<c107b8cc>] sysctl_check_table+0x34c/0x620
[    0.060083]  [<c1746d48>] sysctl_init+0x25/0x29
[    0.060085]  [<c1003042>] do_one_initcall+0x32/0x1a0
[    0.060087]  [<c1746d23>] ? sysctl_init+0x0/0x29
[    0.060088]  [<c17308e7>] kernel_init+0x12d/0x17a
[    0.060090]  [<c17307ba>] ? kernel_init+0x0/0x17a
[    0.060092]  [<c1009b07>] kernel_thread_helper+0x7/0x10
[    0.060093] sysctl table check failed: /kernel/random/nb_stir_count .1.40.11 Unknown sysctl binary path
[    0.060323] Pid: 1, comm: swapper Not tainted 2.6.32.57 #4
[    0.060324] Call Trace:
[    0.060325]  [<c14a8a0e>] ? printk+0x1d/0x1f
[    0.060327]  [<c107b56f>] set_fail+0x4f/0x60
[    0.060328]  [<c107b8b3>] sysctl_check_table+0x333/0x620
[    0.060330]  [<c107b8cc>] sysctl_check_table+0x34c/0x620
[    0.060331]  [<c107b8cc>] sysctl_check_table+0x34c/0x620
[    0.060334]  [<c1746d48>] sysctl_init+0x25/0x29
[    0.060335]  [<c1003042>] do_one_initcall+0x32/0x1a0
[    0.060337]  [<c1746d23>] ? sysctl_init+0x0/0x29
[    0.060339]  [<c17308e7>] kernel_init+0x12d/0x17a
[    0.060340]  [<c17307ba>] ? kernel_init+0x0/0x17a
[    0.060342]  [<c1009b07>] kernel_thread_helper+0x7/0x10
[    0.060343] sysctl table check failed: /kernel/random/nb_reentry_count .1.40.12 Unknown sysctl binary path
[    0.060575] Pid: 1, comm: swapper Not tainted 2.6.32.57 #4
[    0.060576] Call Trace:
[    0.060577]  [<c14a8a0e>] ? printk+0x1d/0x1f
[    0.060579]  [<c107b56f>] set_fail+0x4f/0x60
[    0.060580]  [<c107b8b3>] sysctl_check_table+0x333/0x620
[    0.060582]  [<c107b8cc>] sysctl_check_table+0x34c/0x620
[    0.060583]  [<c107b8cc>] sysctl_check_table+0x34c/0x620
[    0.060586]  [<c1746d48>] sysctl_init+0x25/0x29
[    0.060587]  [<c1003042>] do_one_initcall+0x32/0x1a0
[    0.060589]  [<c1746d23>] ? sysctl_init+0x0/0x29
[    0.060591]  [<c17308e7>] kernel_init+0x12d/0x17a
[    0.060592]  [<c17307ba>] ? kernel_init+0x0/0x17a
[    0.060594]  [<c1009b07>] kernel_thread_helper+0x7/0x10
[    0.060707] RANDOM - __seed init called.
[    0.060708] RANDOM - __seed init called.
[    0.060709] RANDOM - __seed init called.
[    0.060710] RANDOM - __random32 called. Change num 1.  Value: 865378fd	b53d80db	1f8ba37e
[    0.060711] RANDOM - __random32 called. Change num 2.  Value: 378fdd29	53d80db0	46fc7ad7
[    0.060712] RANDOM - __random32 called. Change num 3.  Value: fdd29985	3d80db0e	f5ae23f5
[    0.060714] RANDOM - __random32 called. Change num 4.  Value: 299855dc	d80db0e5	47eb1be7
[    0.060715] RANDOM - __random32 called. Change num 5.  Value: 855dc464	80db0e5c	37cf1678
[    0.060716] RANDOM - __random32 called. Change num 6.  Value: dc4647ba	db0e5c1	2cf136f4
[    0.060717] RANDOM - random32 init called.  Value: dc4647ba	db0e5c1	2cf136f4
[    0.060753] regulator: core version 0.5
[    0.060829] Time: 23:00:44  Date: 05/24/13
[    0.060865] NET: Registered protocol family 16
[    0.060929] EISA bus registered
[    0.061656] ACPI: bus type pci registered
[    0.061838] PCI: MCFG configuration 0: base e0000000 segment 0 buses 0 - 255
[    0.061840] PCI: MCFG area at e0000000 reserved in E820
[    0.061841] PCI: Using MMCONFIG for extended config space
[    0.061842] PCI: Using configuration type 1 for base access
[    0.062291] bio: create slab <bio-0> at 0
[    0.063513] ACPI: EC: Look up EC in DSDT
[    0.101493] ACPI: BIOS _OSI(Linux) query ignored
[    0.107746] ACPI: Interpreter enabled
[    0.107750] ACPI: (supports S0 S1 S4 S5)
[    0.107761] ACPI: Using PIC for interrupt routing
[    0.191068] ACPI: No dock devices found.
[    0.191974] ACPI: PCI Root Bridge [PCI0] (0000:00)
[    0.193677] pci 0000:00:07.1: reg 20 io port: [0x10c0-0x10cf]
[    0.194228] pci 0000:00:07.3: quirk: region 1000-103f claimed by PIIX4 ACPI
[    0.194240] pci 0000:00:07.3: quirk: region 1040-104f claimed by PIIX4 SMB
[    0.194831] pci 0000:00:07.7: reg 10 io port: [0x1080-0x10bf]
[    0.195209] pci 0000:00:07.7: reg 14 64bit mmio: [0xc8000000-0xc8001fff]
[    0.196433] pci 0000:00:0f.0: reg 10 io port: [0x10d0-0x10df]
[    0.196474] pci 0000:00:0f.0: reg 14 32bit mmio pref: [0xd0000000-0xd7ffffff]
[    0.196514] pci 0000:00:0f.0: reg 18 32bit mmio: [0xc8800000-0xc8ffffff]
[    0.196688] pci 0000:00:0f.0: reg 30 32bit mmio pref: [0x000000-0x007fff]
[    0.197224] pci 0000:00:10.0: reg 10 io port: [0x1400-0x14ff]
[    0.197607] pci 0000:00:10.0: reg 14 64bit mmio: [0xc8040000-0xc805ffff]
[    0.197963] pci 0000:00:10.0: reg 1c 64bit mmio: [0xc8020000-0xc803ffff]
[    0.198042] pci 0000:00:10.0: reg 30 32bit mmio pref: [0x000000-0x003fff]
[    0.199516] pci 0000:00:15.0: PME# supported from D0 D3hot D3cold
[    0.199557] pci 0000:00:15.0: PME# disabled
[    0.200478] pci 0000:00:15.1: PME# supported from D0 D3hot D3cold
[    0.200499] pci 0000:00:15.1: PME# disabled
[    0.201418] pci 0000:00:15.2: PME# supported from D0 D3hot D3cold
[    0.201439] pci 0000:00:15.2: PME# disabled
[    0.202365] pci 0000:00:15.3: PME# supported from D0 D3hot D3cold
[    0.202386] pci 0000:00:15.3: PME# disabled
[    0.203245] pci 0000:00:15.4: PME# supported from D0 D3hot D3cold
[    0.203266] pci 0000:00:15.4: PME# disabled
[    0.204145] pci 0000:00:15.5: PME# supported from D0 D3hot D3cold
[    0.204165] pci 0000:00:15.5: PME# disabled
[    0.205026] pci 0000:00:15.6: PME# supported from D0 D3hot D3cold
[    0.205047] pci 0000:00:15.6: PME# disabled
[    0.205909] pci 0000:00:15.7: PME# supported from D0 D3hot D3cold
[    0.205929] pci 0000:00:15.7: PME# disabled
[    0.206793] pci 0000:00:16.0: PME# supported from D0 D3hot D3cold
[    0.206813] pci 0000:00:16.0: PME# disabled
[    0.208032] pci 0000:00:16.1: PME# supported from D0 D3hot D3cold
[    0.208054] pci 0000:00:16.1: PME# disabled
[    0.208985] pci 0000:00:16.2: PME# supported from D0 D3hot D3cold
[    0.209006] pci 0000:00:16.2: PME# disabled
[    0.209933] pci 0000:00:16.3: PME# supported from D0 D3hot D3cold
[    0.209954] pci 0000:00:16.3: PME# disabled
[    0.210875] pci 0000:00:16.4: PME# supported from D0 D3hot D3cold
[    0.210896] pci 0000:00:16.4: PME# disabled
[    0.211834] pci 0000:00:16.5: PME# supported from D0 D3hot D3cold
[    0.211855] pci 0000:00:16.5: PME# disabled
[    0.212783] pci 0000:00:16.6: PME# supported from D0 D3hot D3cold
[    0.212804] pci 0000:00:16.6: PME# disabled
[    0.213730] pci 0000:00:16.7: PME# supported from D0 D3hot D3cold
[    0.213751] pci 0000:00:16.7: PME# disabled
[    0.214674] pci 0000:00:17.0: PME# supported from D0 D3hot D3cold
[    0.214695] pci 0000:00:17.0: PME# disabled
[    0.215621] pci 0000:00:17.1: PME# supported from D0 D3hot D3cold
[    0.215642] pci 0000:00:17.1: PME# disabled
[    0.216569] pci 0000:00:17.2: PME# supported from D0 D3hot D3cold
[    0.216599] pci 0000:00:17.2: PME# disabled
[    0.217507] pci 0000:00:17.3: PME# supported from D0 D3hot D3cold
[    0.217538] pci 0000:00:17.3: PME# disabled
[    0.218446] pci 0000:00:17.4: PME# supported from D0 D3hot D3cold
[    0.218467] pci 0000:00:17.4: PME# disabled
[    0.219385] pci 0000:00:17.5: PME# supported from D0 D3hot D3cold
[    0.219406] pci 0000:00:17.5: PME# disabled
[    0.220340] pci 0000:00:17.6: PME# supported from D0 D3hot D3cold
[    0.220362] pci 0000:00:17.6: PME# disabled
[    0.221279] pci 0000:00:17.7: PME# supported from D0 D3hot D3cold
[    0.221301] pci 0000:00:17.7: PME# disabled
[    0.222227] pci 0000:00:18.0: PME# supported from D0 D3hot D3cold
[    0.222248] pci 0000:00:18.0: PME# disabled
[    0.223210] pci 0000:00:18.1: PME# supported from D0 D3hot D3cold
[    0.223231] pci 0000:00:18.1: PME# disabled
[    0.224161] pci 0000:00:18.2: PME# supported from D0 D3hot D3cold
[    0.224182] pci 0000:00:18.2: PME# disabled
[    0.225108] pci 0000:00:18.3: PME# supported from D0 D3hot D3cold
[    0.225129] pci 0000:00:18.3: PME# disabled
[    0.226061] pci 0000:00:18.4: PME# supported from D0 D3hot D3cold
[    0.226082] pci 0000:00:18.4: PME# disabled
[    0.227015] pci 0000:00:18.5: PME# supported from D0 D3hot D3cold
[    0.227036] pci 0000:00:18.5: PME# disabled
[    0.228011] pci 0000:00:18.6: PME# supported from D0 D3hot D3cold
[    0.228032] pci 0000:00:18.6: PME# disabled
[    0.228960] pci 0000:00:18.7: PME# supported from D0 D3hot D3cold
[    0.228981] pci 0000:00:18.7: PME# disabled
[    0.230128] pci 0000:02:00.0: reg 20 io port: [0x20c0-0x20df]
[    0.230640] pci 0000:02:01.0: reg 10 io port: [0x2000-0x207f]
[    0.230868] pci 0000:02:01.0: reg 30 32bit mmio pref: [0x000000-0x00ffff]
[    0.231407] pci 0000:02:02.0: reg 10 io port: [0x2080-0x20bf]
[    0.232069] pci 0000:02:03.0: reg 10 32bit mmio: [0xc9000000-0xc9000fff]
[    0.232664] pci 0000:00:11.0: transparent bridge
[    0.232686] pci 0000:00:11.0: bridge io port: [0x2000-0x3fff]
[    0.232707] pci 0000:00:11.0: bridge 32bit mmio: [0xc9000000-0xca3fffff]
[    0.232747] pci 0000:00:11.0: bridge 64bit mmio pref: [0xd8400000-0xd89fffff]
[    0.233126] pci 0000:00:15.0: bridge io port: [0x4000-0x4fff]
[    0.233147] pci 0000:00:15.0: bridge 32bit mmio: [0xca400000-0xca4fffff]
[    0.233187] pci 0000:00:15.0: bridge 64bit mmio pref: [0xd8a00000-0xd8afffff]
[    0.233590] pci 0000:00:15.1: bridge io port: [0x8000-0x8fff]
[    0.233611] pci 0000:00:15.1: bridge 32bit mmio: [0xca800000-0xca8fffff]
[    0.233651] pci 0000:00:15.1: bridge 64bit mmio pref: [0xd8e00000-0xd8efffff]
[    0.234026] pci 0000:00:15.2: bridge io port: [0xc000-0xcfff]
[    0.234047] pci 0000:00:15.2: bridge 32bit mmio: [0xcac00000-0xcacfffff]
[    0.234087] pci 0000:00:15.2: bridge 64bit mmio pref: [0xd9200000-0xd92fffff]
[    0.234503] pci 0000:00:15.3: bridge 32bit mmio: [0xcb000000-0xcb0fffff]
[    0.234554] pci 0000:00:15.3: bridge 64bit mmio pref: [0xd9600000-0xd96fffff]
[    0.234948] pci 0000:00:15.4: bridge 32bit mmio: [0xcb400000-0xcb4fffff]
[    0.234988] pci 0000:00:15.4: bridge 64bit mmio pref: [0xd9a00000-0xd9afffff]
[    0.235382] pci 0000:00:15.5: bridge 32bit mmio: [0xcb800000-0xcb8fffff]
[    0.235422] pci 0000:00:15.5: bridge 64bit mmio pref: [0xd9e00000-0xd9efffff]
[    0.235854] pci 0000:00:15.6: bridge 32bit mmio: [0xcbc00000-0xcbcfffff]
[    0.235894] pci 0000:00:15.6: bridge 64bit mmio pref: [0xda200000-0xda2fffff]
[    0.236290] pci 0000:00:15.7: bridge 32bit mmio: [0xcc000000-0xcc0fffff]
[    0.236330] pci 0000:00:15.7: bridge 64bit mmio pref: [0xda600000-0xda6fffff]
[    0.236733] pci 0000:00:16.0: bridge io port: [0x5000-0x5fff]
[    0.236754] pci 0000:00:16.0: bridge 32bit mmio: [0xca500000-0xca5fffff]
[    0.236794] pci 0000:00:16.0: bridge 64bit mmio pref: [0xd8b00000-0xd8bfffff]
[    0.237169] pci 0000:00:16.1: bridge io port: [0x9000-0x9fff]
[    0.237190] pci 0000:00:16.1: bridge 32bit mmio: [0xca900000-0xca9fffff]
[    0.237230] pci 0000:00:16.1: bridge 64bit mmio pref: [0xd8f00000-0xd8ffffff]
[    0.237649] pci 0000:00:16.2: bridge io port: [0xd000-0xdfff]
[    0.237671] pci 0000:00:16.2: bridge 32bit mmio: [0xcad00000-0xcadfffff]
[    0.237709] pci 0000:00:16.2: bridge 64bit mmio pref: [0xd9300000-0xd93fffff]
[    0.238094] pci 0000:00:16.3: bridge 32bit mmio: [0xcb100000-0xcb1fffff]
[    0.238132] pci 0000:00:16.3: bridge 64bit mmio pref: [0xd9700000-0xd97fffff]
[    0.238517] pci 0000:00:16.4: bridge 32bit mmio: [0xcb500000-0xcb5fffff]
[    0.238556] pci 0000:00:16.4: bridge 64bit mmio pref: [0xd9b00000-0xd9bfffff]
[    0.238932] pci 0000:00:16.5: bridge 32bit mmio: [0xcb900000-0xcb9fffff]
[    0.238970] pci 0000:00:16.5: bridge 64bit mmio pref: [0xd9f00000-0xd9ffffff]
[    0.239346] pci 0000:00:16.6: bridge 32bit mmio: [0xcbd00000-0xcbdfffff]
[    0.239385] pci 0000:00:16.6: bridge 64bit mmio pref: [0xda300000-0xda3fffff]
[    0.239782] pci 0000:00:16.7: bridge 32bit mmio: [0xcc100000-0xcc1fffff]
[    0.239820] pci 0000:00:16.7: bridge 64bit mmio pref: [0xda700000-0xda7fffff]
[    0.240179] pci 0000:00:17.0: bridge io port: [0x6000-0x6fff]
[    0.240200] pci 0000:00:17.0: bridge 32bit mmio: [0xca600000-0xca6fffff]
[    0.240238] pci 0000:00:17.0: bridge 64bit mmio pref: [0xd8c00000-0xd8cfffff]
[    0.240605] pci 0000:00:17.1: bridge io port: [0xa000-0xafff]
[    0.240625] pci 0000:00:17.1: bridge 32bit mmio: [0xcaa00000-0xcaafffff]
[    0.240663] pci 0000:00:17.1: bridge 64bit mmio pref: [0xd9000000-0xd90fffff]
[    0.241022] pci 0000:00:17.2: bridge io port: [0xe000-0xefff]
[    0.241042] pci 0000:00:17.2: bridge 32bit mmio: [0xcae00000-0xcaefffff]
[    0.241080] pci 0000:00:17.2: bridge 64bit mmio pref: [0xd9400000-0xd94fffff]
[    0.241458] pci 0000:00:17.3: bridge 32bit mmio: [0xcb200000-0xcb2fffff]
[    0.241517] pci 0000:00:17.3: bridge 64bit mmio pref: [0xd9800000-0xd98fffff]
[    0.241895] pci 0000:00:17.4: bridge 32bit mmio: [0xcb600000-0xcb6fffff]
[    0.241933] pci 0000:00:17.4: bridge 64bit mmio pref: [0xd9c00000-0xd9cfffff]
[    0.242310] pci 0000:00:17.5: bridge 32bit mmio: [0xcba00000-0xcbafffff]
[    0.242348] pci 0000:00:17.5: bridge 64bit mmio pref: [0xda000000-0xda0fffff]
[    0.242757] pci 0000:00:17.6: bridge 32bit mmio: [0xcbe00000-0xcbefffff]
[    0.242798] pci 0000:00:17.6: bridge 64bit mmio pref: [0xda400000-0xda4fffff]
[    0.243196] pci 0000:00:17.7: bridge 32bit mmio: [0xcc200000-0xcc2fffff]
[    0.243236] pci 0000:00:17.7: bridge 64bit mmio pref: [0xda800000-0xda8fffff]
[    0.243646] pci 0000:00:18.0: bridge io port: [0x7000-0x7fff]
[    0.243668] pci 0000:00:18.0: bridge 32bit mmio: [0xca700000-0xca7fffff]
[    0.243708] pci 0000:00:18.0: bridge 64bit mmio pref: [0xd8d00000-0xd8dfffff]
[    0.244085] pci 0000:00:18.1: bridge io port: [0xb000-0xbfff]
[    0.244106] pci 0000:00:18.1: bridge 32bit mmio: [0xcab00000-0xcabfffff]
[    0.244146] pci 0000:00:18.1: bridge 64bit mmio pref: [0xd9100000-0xd91fffff]
[    0.244554] pci 0000:00:18.2: bridge io port: [0xf000-0xffff]
[    0.244575] pci 0000:00:18.2: bridge 32bit mmio: [0xcaf00000-0xcaffffff]
[    0.244615] pci 0000:00:18.2: bridge 64bit mmio pref: [0xd9500000-0xd95fffff]
[    0.245010] pci 0000:00:18.3: bridge 32bit mmio: [0xcb300000-0xcb3fffff]
[    0.245050] pci 0000:00:18.3: bridge 64bit mmio pref: [0xd9900000-0xd99fffff]
[    0.245445] pci 0000:00:18.4: bridge 32bit mmio: [0xcb700000-0xcb7fffff]
[    0.245496] pci 0000:00:18.4: bridge 64bit mmio pref: [0xd9d00000-0xd9dfffff]
[    0.245900] pci 0000:00:18.5: bridge 32bit mmio: [0xcbb00000-0xcbbfffff]
[    0.245940] pci 0000:00:18.5: bridge 64bit mmio pref: [0xda100000-0xda1fffff]
[    0.246334] pci 0000:00:18.6: bridge 32bit mmio: [0xcbf00000-0xcbffffff]
[    0.246373] pci 0000:00:18.6: bridge 64bit mmio pref: [0xda500000-0xda5fffff]
[    0.246795] pci 0000:00:18.7: bridge 32bit mmio: [0xcc300000-0xcc3fffff]
[    0.246834] pci 0000:00:18.7: bridge 64bit mmio pref: [0xda900000-0xda9fffff]
[    0.248434] pci_bus 0000:00: on NUMA node 0
[    0.248441] ACPI: PCI Interrupt Routing Table [\_SB_.PCI0._PRT]
[    0.469935] ACPI: PCI Interrupt Link [LNKA] (IRQs 3 4 5 6 7 *9 10 11 14 15)
[    0.470085] ACPI: PCI Interrupt Link [LNKB] (IRQs 3 4 5 6 7 9 10 *11 14 15)
[    0.470260] ACPI: PCI Interrupt Link [LNKC] (IRQs 3 4 5 6 7 9 *10 11 14 15)
[    0.470404] ACPI: PCI Interrupt Link [LNKD] (IRQs 3 4 *5 6 7 9 10 11 14 15)
[    0.470535] vgaarb: device added: PCI:0000:00:0f.0,decodes=io+mem,owns=io+mem,locks=none
[    0.470544] vgaarb: loaded
[    0.470628] SCSI subsystem initialized
[    0.470671] libata version 3.00 loaded.
[    0.470709] usbcore: registered new interface driver usbfs
[    0.470720] usbcore: registered new interface driver hub
[    0.470736] usbcore: registered new device driver usb
[    0.470800] PCI: Using ACPI for IRQ routing
[    0.471836] NetLabel: Initializing
[    0.471837] NetLabel:  domain hash size = 128
[    0.471837] NetLabel:  protocols = UNLABELED CIPSOv4
[    0.471845] NetLabel:  unlabeled traffic allowed by default
[    0.471966] hpet0: at MMIO 0xfed00000, IRQs 2, 8, 0, 0, 0, 0, 0, 0, 0, 0, 0, 0, 0, 0, 0, 0
[    0.471971] hpet0: 16 comparators, 64-bit 14.318180 MHz counter
[    0.474039] Switching to clocksource tsc
[    0.481162] pnp: PnP ACPI init
[    0.481174] ACPI: bus type pnp registered
[    0.524138] pnp: PnP ACPI: found 14 devices
[    0.524140] ACPI: ACPI bus type pnp unregistered
[    0.524143] PnPBIOS: Disabled by ACPI PNP
[    0.524152] system 00:01: ioport range 0x1000-0x103f has been reserved
[    0.524154] system 00:01: ioport range 0x1040-0x104f has been reserved
[    0.524156] system 00:01: ioport range 0xcf0-0xcf1 has been reserved
[    0.524161] system 00:08: iomem range 0xfed00000-0xfed003ff has been reserved
[    0.524164] system 00:0d: ioport range 0x1060-0x107f has been reserved
[    0.524167] system 00:0d: iomem range 0xe0000000-0xefffffff has been reserved
[    0.524168] system 00:0d: iomem range 0xc8200000-0xc83fffff has been reserved
[    0.558935] pci 0000:00:15.3: BAR 13: can't allocate I/O resource [0x10000-0xffff]
[    0.558939] pci 0000:00:15.4: BAR 13: can't allocate I/O resource [0x10000-0xffff]
[    0.558942] pci 0000:00:15.5: BAR 13: can't allocate I/O resource [0x10000-0xffff]
[    0.558945] pci 0000:00:15.6: BAR 13: can't allocate I/O resource [0x10000-0xffff]
[    0.558947] pci 0000:00:15.7: BAR 13: can't allocate I/O resource [0x10000-0xffff]
[    0.558950] pci 0000:00:16.3: BAR 13: can't allocate I/O resource [0x10000-0xffff]
[    0.558953] pci 0000:00:16.4: BAR 13: can't allocate I/O resource [0x10000-0xffff]
[    0.558955] pci 0000:00:16.5: BAR 13: can't allocate I/O resource [0x10000-0xffff]
[    0.558958] pci 0000:00:16.6: BAR 13: can't allocate I/O resource [0x10000-0xffff]
[    0.558961] pci 0000:00:16.7: BAR 13: can't allocate I/O resource [0x10000-0xffff]
[    0.558963] pci 0000:00:17.3: BAR 13: can't allocate I/O resource [0x10000-0xffff]
[    0.558966] pci 0000:00:17.4: BAR 13: can't allocate I/O resource [0x10000-0xffff]
[    0.558968] pci 0000:00:17.5: BAR 13: can't allocate I/O resource [0x10000-0xffff]
[    0.558971] pci 0000:00:17.6: BAR 13: can't allocate I/O resource [0x10000-0xffff]
[    0.558974] pci 0000:00:17.7: BAR 13: can't allocate I/O resource [0x10000-0xffff]
[    0.558976] pci 0000:00:18.3: BAR 13: can't allocate I/O resource [0x10000-0xffff]
[    0.558979] pci 0000:00:18.4: BAR 13: can't allocate I/O resource [0x10000-0xffff]
[    0.558982] pci 0000:00:18.5: BAR 13: can't allocate I/O resource [0x10000-0xffff]
[    0.558984] pci 0000:00:18.6: BAR 13: can't allocate I/O resource [0x10000-0xffff]
[    0.558987] pci 0000:00:18.7: BAR 13: can't allocate I/O resource [0x10000-0xffff]
[    0.558989] pci 0000:00:01.0: PCI bridge, secondary bus 0000:01
[    0.558991] pci 0000:00:01.0:   IO window: disabled
[    0.559022] pci 0000:00:01.0:   MEM window: disabled
[    0.559051] pci 0000:00:01.0:   PREFETCH window: disabled
[    0.559104] pci 0000:00:11.0: PCI bridge, secondary bus 0000:02
[    0.559117] pci 0000:00:11.0:   IO window: 0x2000-0x3fff
[    0.559157] pci 0000:00:11.0:   MEM window: 0xc9000000-0xca3fffff
[    0.559179] pci 0000:00:11.0:   PREFETCH window: 0x000000d8400000-0x000000d89fffff
[    0.559219] pci 0000:00:15.0: PCI bridge, secondary bus 0000:03
[    0.559231] pci 0000:00:15.0:   IO window: 0x4000-0x4fff
[    0.559262] pci 0000:00:15.0:   MEM window: 0xca400000-0xca4fffff
[    0.559284] pci 0000:00:15.0:   PREFETCH window: 0x000000d8a00000-0x000000d8afffff
[    0.559335] pci 0000:00:15.1: PCI bridge, secondary bus 0000:04
[    0.559347] pci 0000:00:15.1:   IO window: 0x8000-0x8fff
[    0.559385] pci 0000:00:15.1:   MEM window: 0xca800000-0xca8fffff
[    0.559413] pci 0000:00:15.1:   PREFETCH window: 0x000000d8e00000-0x000000d8efffff
[    0.559471] pci 0000:00:15.2: PCI bridge, secondary bus 0000:05
[    0.559483] pci 0000:00:15.2:   IO window: 0xc000-0xcfff
[    0.559514] pci 0000:00:15.2:   MEM window: 0xcac00000-0xcacfffff
[    0.559536] pci 0000:00:15.2:   PREFETCH window: 0x000000d9200000-0x000000d92fffff
[    0.559581] pci 0000:00:15.3: PCI bridge, secondary bus 0000:06
[    0.559582] pci 0000:00:15.3:   IO window: disabled
[    0.559613] pci 0000:00:15.3:   MEM window: 0xcb000000-0xcb0fffff
[    0.559635] pci 0000:00:15.3:   PREFETCH window: 0x000000d9600000-0x000000d96fffff
[    0.559679] pci 0000:00:15.4: PCI bridge, secondary bus 0000:07
[    0.559681] pci 0000:00:15.4:   IO window: disabled
[    0.559712] pci 0000:00:15.4:   MEM window: 0xcb400000-0xcb4fffff
[    0.559734] pci 0000:00:15.4:   PREFETCH window: 0x000000d9a00000-0x000000d9afffff
[    0.559778] pci 0000:00:15.5: PCI bridge, secondary bus 0000:08
[    0.559780] pci 0000:00:15.5:   IO window: disabled
[    0.559811] pci 0000:00:15.5:   MEM window: 0xcb800000-0xcb8fffff
[    0.559833] pci 0000:00:15.5:   PREFETCH window: 0x000000d9e00000-0x000000d9efffff
[    0.559878] pci 0000:00:15.6: PCI bridge, secondary bus 0000:09
[    0.559879] pci 0000:00:15.6:   IO window: disabled
[    0.559910] pci 0000:00:15.6:   MEM window: 0xcbc00000-0xcbcfffff
[    0.559932] pci 0000:00:15.6:   PREFETCH window: 0x000000da200000-0x000000da2fffff
[    0.559976] pci 0000:00:15.7: PCI bridge, secondary bus 0000:0a
[    0.559978] pci 0000:00:15.7:   IO window: disabled
[    0.560009] pci 0000:00:15.7:   MEM window: 0xcc000000-0xcc0fffff
[    0.560031] pci 0000:00:15.7:   PREFETCH window: 0x000000da600000-0x000000da6fffff
[    0.560093] pci 0000:00:16.0: PCI bridge, secondary bus 0000:0b
[    0.560114] pci 0000:00:16.0:   IO window: 0x5000-0x5fff
[    0.560145] pci 0000:00:16.0:   MEM window: 0xca500000-0xca5fffff
[    0.560167] pci 0000:00:16.0:   PREFETCH window: 0x000000d8b00000-0x000000d8bfffff
[    0.560211] pci 0000:00:16.1: PCI bridge, secondary bus 0000:0c
[    0.560223] pci 0000:00:16.1:   IO window: 0x9000-0x9fff
[    0.560254] pci 0000:00:16.1:   MEM window: 0xca900000-0xca9fffff
[    0.560276] pci 0000:00:16.1:   PREFETCH window: 0x000000d8f00000-0x000000d8ffffff
[    0.560320] pci 0000:00:16.2: PCI bridge, secondary bus 0000:0d
[    0.560333] pci 0000:00:16.2:   IO window: 0xd000-0xdfff
[    0.560364] pci 0000:00:16.2:   MEM window: 0xcad00000-0xcadfffff
[    0.560385] pci 0000:00:16.2:   PREFETCH window: 0x000000d9300000-0x000000d93fffff
[    0.560429] pci 0000:00:16.3: PCI bridge, secondary bus 0000:0e
[    0.560431] pci 0000:00:16.3:   IO window: disabled
[    0.560462] pci 0000:00:16.3:   MEM window: 0xcb100000-0xcb1fffff
[    0.560483] pci 0000:00:16.3:   PREFETCH window: 0x000000d9700000-0x000000d97fffff
[    0.560528] pci 0000:00:16.4: PCI bridge, secondary bus 0000:0f
[    0.560529] pci 0000:00:16.4:   IO window: disabled
[    0.560560] pci 0000:00:16.4:   MEM window: 0xcb500000-0xcb5fffff
[    0.560582] pci 0000:00:16.4:   PREFETCH window: 0x000000d9b00000-0x000000d9bfffff
[    0.560626] pci 0000:00:16.5: PCI bridge, secondary bus 0000:10
[    0.560628] pci 0000:00:16.5:   IO window: disabled
[    0.560659] pci 0000:00:16.5:   MEM window: 0xcb900000-0xcb9fffff
[    0.560681] pci 0000:00:16.5:   PREFETCH window: 0x000000d9f00000-0x000000d9ffffff
[    0.560725] pci 0000:00:16.6: PCI bridge, secondary bus 0000:11
[    0.560727] pci 0000:00:16.6:   IO window: disabled
[    0.560758] pci 0000:00:16.6:   MEM window: 0xcbd00000-0xcbdfffff
[    0.560779] pci 0000:00:16.6:   PREFETCH window: 0x000000da300000-0x000000da3fffff
[    0.560823] pci 0000:00:16.7: PCI bridge, secondary bus 0000:12
[    0.560825] pci 0000:00:16.7:   IO window: disabled
[    0.560856] pci 0000:00:16.7:   MEM window: 0xcc100000-0xcc1fffff
[    0.560877] pci 0000:00:16.7:   PREFETCH window: 0x000000da700000-0x000000da7fffff
[    0.560922] pci 0000:00:17.0: PCI bridge, secondary bus 0000:13
[    0.560934] pci 0000:00:17.0:   IO window: 0x6000-0x6fff
[    0.560965] pci 0000:00:17.0:   MEM window: 0xca600000-0xca6fffff
[    0.560986] pci 0000:00:17.0:   PREFETCH window: 0x000000d8c00000-0x000000d8cfffff
[    0.561031] pci 0000:00:17.1: PCI bridge, secondary bus 0000:14
[    0.561050] pci 0000:00:17.1:   IO window: 0xa000-0xafff
[    0.561092] pci 0000:00:17.1:   MEM window: 0xcaa00000-0xcaafffff
[    0.561122] pci 0000:00:17.1:   PREFETCH window: 0x000000d9000000-0x000000d90fffff
[    0.561166] pci 0000:00:17.2: PCI bridge, secondary bus 0000:15
[    0.561178] pci 0000:00:17.2:   IO window: 0xe000-0xefff
[    0.561209] pci 0000:00:17.2:   MEM window: 0xcae00000-0xcaefffff
[    0.561231] pci 0000:00:17.2:   PREFETCH window: 0x000000d9400000-0x000000d94fffff
[    0.561275] pci 0000:00:17.3: PCI bridge, secondary bus 0000:16
[    0.561277] pci 0000:00:17.3:   IO window: disabled
[    0.561308] pci 0000:00:17.3:   MEM window: 0xcb200000-0xcb2fffff
[    0.561329] pci 0000:00:17.3:   PREFETCH window: 0x000000d9800000-0x000000d98fffff
[    0.561374] pci 0000:00:17.4: PCI bridge, secondary bus 0000:17
[    0.561375] pci 0000:00:17.4:   IO window: disabled
[    0.561406] pci 0000:00:17.4:   MEM window: 0xcb600000-0xcb6fffff
[    0.561428] pci 0000:00:17.4:   PREFETCH window: 0x000000d9c00000-0x000000d9cfffff
[    0.561472] pci 0000:00:17.5: PCI bridge, secondary bus 0000:18
[    0.561474] pci 0000:00:17.5:   IO window: disabled
[    0.561505] pci 0000:00:17.5:   MEM window: 0xcba00000-0xcbafffff
[    0.561526] pci 0000:00:17.5:   PREFETCH window: 0x000000da000000-0x000000da0fffff
[    0.561571] pci 0000:00:17.6: PCI bridge, secondary bus 0000:19
[    0.561572] pci 0000:00:17.6:   IO window: disabled
[    0.561603] pci 0000:00:17.6:   MEM window: 0xcbe00000-0xcbefffff
[    0.561625] pci 0000:00:17.6:   PREFETCH window: 0x000000da400000-0x000000da4fffff
[    0.561669] pci 0000:00:17.7: PCI bridge, secondary bus 0000:1a
[    0.561671] pci 0000:00:17.7:   IO window: disabled
[    0.561702] pci 0000:00:17.7:   MEM window: 0xcc200000-0xcc2fffff
[    0.561724] pci 0000:00:17.7:   PREFETCH window: 0x000000da800000-0x000000da8fffff
[    0.561768] pci 0000:00:18.0: PCI bridge, secondary bus 0000:1b
[    0.561780] pci 0000:00:18.0:   IO window: 0x7000-0x7fff
[    0.561811] pci 0000:00:18.0:   MEM window: 0xca700000-0xca7fffff
[    0.561833] pci 0000:00:18.0:   PREFETCH window: 0x000000d8d00000-0x000000d8dfffff
[    0.561877] pci 0000:00:18.1: PCI bridge, secondary bus 0000:1c
[    0.561889] pci 0000:00:18.1:   IO window: 0xb000-0xbfff
[    0.561920] pci 0000:00:18.1:   MEM window: 0xcab00000-0xcabfffff
[    0.561954] pci 0000:00:18.1:   PREFETCH window: 0x000000d9100000-0x000000d91fffff
[    0.562000] pci 0000:00:18.2: PCI bridge, secondary bus 0000:1d
[    0.562012] pci 0000:00:18.2:   IO window: 0xf000-0xffff
[    0.562060] pci 0000:00:18.2:   MEM window: 0xcaf00000-0xcaffffff
[    0.562083] pci 0000:00:18.2:   PREFETCH window: 0x000000d9500000-0x000000d95fffff
[    0.562136] pci 0000:00:18.3: PCI bridge, secondary bus 0000:1e
[    0.562138] pci 0000:00:18.3:   IO window: disabled
[    0.562169] pci 0000:00:18.3:   MEM window: 0xcb300000-0xcb3fffff
[    0.562190] pci 0000:00:18.3:   PREFETCH window: 0x000000d9900000-0x000000d99fffff
[    0.562235] pci 0000:00:18.4: PCI bridge, secondary bus 0000:1f
[    0.562236] pci 0000:00:18.4:   IO window: disabled
[    0.562267] pci 0000:00:18.4:   MEM window: 0xcb700000-0xcb7fffff
[    0.562289] pci 0000:00:18.4:   PREFETCH window: 0x000000d9d00000-0x000000d9dfffff
[    0.562333] pci 0000:00:18.5: PCI bridge, secondary bus 0000:20
[    0.562335] pci 0000:00:18.5:   IO window: disabled
[    0.562366] pci 0000:00:18.5:   MEM window: 0xcbb00000-0xcbbfffff
[    0.562387] pci 0000:00:18.5:   PREFETCH window: 0x000000da100000-0x000000da1fffff
[    0.562432] pci 0000:00:18.6: PCI bridge, secondary bus 0000:21
[    0.562433] pci 0000:00:18.6:   IO window: disabled
[    0.562464] pci 0000:00:18.6:   MEM window: 0xcbf00000-0xcbffffff
[    0.562486] pci 0000:00:18.6:   PREFETCH window: 0x000000da500000-0x000000da5fffff
[    0.562530] pci 0000:00:18.7: PCI bridge, secondary bus 0000:22
[    0.562532] pci 0000:00:18.7:   IO window: disabled
[    0.562563] pci 0000:00:18.7:   MEM window: 0xcc300000-0xcc3fffff
[    0.562584] pci 0000:00:18.7:   PREFETCH window: 0x000000da900000-0x000000da9fffff
[    0.562661] pci 0000:00:01.0: setting latency timer to 64
[    0.562760] pci 0000:00:15.0: setting latency timer to 64
[    0.562831] pci 0000:00:15.1: setting latency timer to 64
[    0.562901] pci 0000:00:15.2: setting latency timer to 64
[    0.562971] pci 0000:00:15.3: setting latency timer to 64
[    0.563057] pci 0000:00:15.4: setting latency timer to 64
[    0.563138] pci 0000:00:15.5: setting latency timer to 64
[    0.563208] pci 0000:00:15.6: setting latency timer to 64
[    0.563278] pci 0000:00:15.7: setting latency timer to 64
[    0.563348] pci 0000:00:16.0: setting latency timer to 64
[    0.563418] pci 0000:00:16.1: setting latency timer to 64
[    0.563488] pci 0000:00:16.2: setting latency timer to 64
[    0.563558] pci 0000:00:16.3: setting latency timer to 64
[    0.563628] pci 0000:00:16.4: setting latency timer to 64
[    0.563698] pci 0000:00:16.5: setting latency timer to 64
[    0.563773] pci 0000:00:16.6: setting latency timer to 64
[    0.563865] pci 0000:00:16.7: setting latency timer to 64
[    0.563935] pci 0000:00:17.0: setting latency timer to 64
[    0.564005] pci 0000:00:17.1: setting latency timer to 64
[    0.564095] pci 0000:00:17.2: setting latency timer to 64
[    0.564174] pci 0000:00:17.3: setting latency timer to 64
[    0.564244] pci 0000:00:17.4: setting latency timer to 64
[    0.564315] pci 0000:00:17.5: setting latency timer to 64
[    0.564385] pci 0000:00:17.6: setting latency timer to 64
[    0.564455] pci 0000:00:17.7: setting latency timer to 64
[    0.564525] pci 0000:00:18.0: setting latency timer to 64
[    0.564595] pci 0000:00:18.1: setting latency timer to 64
[    0.564665] pci 0000:00:18.2: setting latency timer to 64
[    0.564735] pci 0000:00:18.3: setting latency timer to 64
[    0.564805] pci 0000:00:18.4: setting latency timer to 64
[    0.564875] pci 0000:00:18.5: setting latency timer to 64
[    0.564945] pci 0000:00:18.6: setting latency timer to 64
[    0.565015] pci 0000:00:18.7: setting latency timer to 64
[    0.565035] pci_bus 0000:00: resource 0 io:  [0x00-0xffff]
[    0.565037] pci_bus 0000:00: resource 1 mem: [0x000000-0xffffffffffffffff]
[    0.565049] pci_bus 0000:02: resource 0 io:  [0x2000-0x3fff]
[    0.565051] pci_bus 0000:02: resource 1 mem: [0xc9000000-0xca3fffff]
[    0.565053] pci_bus 0000:02: resource 2 pref mem [0xd8400000-0xd89fffff]
[    0.565055] pci_bus 0000:02: resource 3 io:  [0x00-0xffff]
[    0.565057] pci_bus 0000:02: resource 4 mem: [0x000000-0xffffffffffffffff]
[    0.565059] pci_bus 0000:03: resource 0 io:  [0x4000-0x4fff]
[    0.565061] pci_bus 0000:03: resource 1 mem: [0xca400000-0xca4fffff]
[    0.565063] pci_bus 0000:03: resource 2 pref mem [0xd8a00000-0xd8afffff]
[    0.565065] pci_bus 0000:04: resource 0 io:  [0x8000-0x8fff]
[    0.565067] pci_bus 0000:04: resource 1 mem: [0xca800000-0xca8fffff]
[    0.565069] pci_bus 0000:04: resource 2 pref mem [0xd8e00000-0xd8efffff]
[    0.565070] pci_bus 0000:05: resource 0 io:  [0xc000-0xcfff]
[    0.565072] pci_bus 0000:05: resource 1 mem: [0xcac00000-0xcacfffff]
[    0.565074] pci_bus 0000:05: resource 2 pref mem [0xd9200000-0xd92fffff]
[    0.565076] pci_bus 0000:06: resource 1 mem: [0xcb000000-0xcb0fffff]
[    0.565078] pci_bus 0000:06: resource 2 pref mem [0xd9600000-0xd96fffff]
[    0.565089] pci_bus 0000:07: resource 1 mem: [0xcb400000-0xcb4fffff]
[    0.565091] pci_bus 0000:07: resource 2 pref mem [0xd9a00000-0xd9afffff]
[    0.565093] pci_bus 0000:08: resource 1 mem: [0xcb800000-0xcb8fffff]
[    0.565095] pci_bus 0000:08: resource 2 pref mem [0xd9e00000-0xd9efffff]
[    0.565097] pci_bus 0000:09: resource 1 mem: [0xcbc00000-0xcbcfffff]
[    0.565099] pci_bus 0000:09: resource 2 pref mem [0xda200000-0xda2fffff]
[    0.565100] pci_bus 0000:0a: resource 1 mem: [0xcc000000-0xcc0fffff]
[    0.565102] pci_bus 0000:0a: resource 2 pref mem [0xda600000-0xda6fffff]
[    0.565104] pci_bus 0000:0b: resource 0 io:  [0x5000-0x5fff]
[    0.565106] pci_bus 0000:0b: resource 1 mem: [0xca500000-0xca5fffff]
[    0.565108] pci_bus 0000:0b: resource 2 pref mem [0xd8b00000-0xd8bfffff]
[    0.565109] pci_bus 0000:0c: resource 0 io:  [0x9000-0x9fff]
[    0.565111] pci_bus 0000:0c: resource 1 mem: [0xca900000-0xca9fffff]
[    0.565113] pci_bus 0000:0c: resource 2 pref mem [0xd8f00000-0xd8ffffff]
[    0.565115] pci_bus 0000:0d: resource 0 io:  [0xd000-0xdfff]
[    0.565116] pci_bus 0000:0d: resource 1 mem: [0xcad00000-0xcadfffff]
[    0.565118] pci_bus 0000:0d: resource 2 pref mem [0xd9300000-0xd93fffff]
[    0.565120] pci_bus 0000:0e: resource 1 mem: [0xcb100000-0xcb1fffff]
[    0.565122] pci_bus 0000:0e: resource 2 pref mem [0xd9700000-0xd97fffff]
[    0.565124] pci_bus 0000:0f: resource 1 mem: [0xcb500000-0xcb5fffff]
[    0.565126] pci_bus 0000:0f: resource 2 pref mem [0xd9b00000-0xd9bfffff]
[    0.565127] pci_bus 0000:10: resource 1 mem: [0xcb900000-0xcb9fffff]
[    0.565129] pci_bus 0000:10: resource 2 pref mem [0xd9f00000-0xd9ffffff]
[    0.565131] pci_bus 0000:11: resource 1 mem: [0xcbd00000-0xcbdfffff]
[    0.565133] pci_bus 0000:11: resource 2 pref mem [0xda300000-0xda3fffff]
[    0.565135] pci_bus 0000:12: resource 1 mem: [0xcc100000-0xcc1fffff]
[    0.565136] pci_bus 0000:12: resource 2 pref mem [0xda700000-0xda7fffff]
[    0.565138] pci_bus 0000:13: resource 0 io:  [0x6000-0x6fff]
[    0.565140] pci_bus 0000:13: resource 1 mem: [0xca600000-0xca6fffff]
[    0.565142] pci_bus 0000:13: resource 2 pref mem [0xd8c00000-0xd8cfffff]
[    0.565144] pci_bus 0000:14: resource 0 io:  [0xa000-0xafff]
[    0.565145] pci_bus 0000:14: resource 1 mem: [0xcaa00000-0xcaafffff]
[    0.565147] pci_bus 0000:14: resource 2 pref mem [0xd9000000-0xd90fffff]
[    0.565149] pci_bus 0000:15: resource 0 io:  [0xe000-0xefff]
[    0.565151] pci_bus 0000:15: resource 1 mem: [0xcae00000-0xcaefffff]
[    0.565152] pci_bus 0000:15: resource 2 pref mem [0xd9400000-0xd94fffff]
[    0.565154] pci_bus 0000:16: resource 1 mem: [0xcb200000-0xcb2fffff]
[    0.565156] pci_bus 0000:16: resource 2 pref mem [0xd9800000-0xd98fffff]
[    0.565158] pci_bus 0000:17: resource 1 mem: [0xcb600000-0xcb6fffff]
[    0.565160] pci_bus 0000:17: resource 2 pref mem [0xd9c00000-0xd9cfffff]
[    0.565162] pci_bus 0000:18: resource 1 mem: [0xcba00000-0xcbafffff]
[    0.565163] pci_bus 0000:18: resource 2 pref mem [0xda000000-0xda0fffff]
[    0.565165] pci_bus 0000:19: resource 1 mem: [0xcbe00000-0xcbefffff]
[    0.565167] pci_bus 0000:19: resource 2 pref mem [0xda400000-0xda4fffff]
[    0.565169] pci_bus 0000:1a: resource 1 mem: [0xcc200000-0xcc2fffff]
[    0.565171] pci_bus 0000:1a: resource 2 pref mem [0xda800000-0xda8fffff]
[    0.565172] pci_bus 0000:1b: resource 0 io:  [0x7000-0x7fff]
[    0.565174] pci_bus 0000:1b: resource 1 mem: [0xca700000-0xca7fffff]
[    0.565176] pci_bus 0000:1b: resource 2 pref mem [0xd8d00000-0xd8dfffff]
[    0.565178] pci_bus 0000:1c: resource 0 io:  [0xb000-0xbfff]
[    0.565179] pci_bus 0000:1c: resource 1 mem: [0xcab00000-0xcabfffff]
[    0.565181] pci_bus 0000:1c: resource 2 pref mem [0xd9100000-0xd91fffff]
[    0.565183] pci_bus 0000:1d: resource 0 io:  [0xf000-0xffff]
[    0.565185] pci_bus 0000:1d: resource 1 mem: [0xcaf00000-0xcaffffff]
[    0.565187] pci_bus 0000:1d: resource 2 pref mem [0xd9500000-0xd95fffff]
[    0.565188] pci_bus 0000:1e: resource 1 mem: [0xcb300000-0xcb3fffff]
[    0.565190] pci_bus 0000:1e: resource 2 pref mem [0xd9900000-0xd99fffff]
[    0.565192] pci_bus 0000:1f: resource 1 mem: [0xcb700000-0xcb7fffff]
[    0.565194] pci_bus 0000:1f: resource 2 pref mem [0xd9d00000-0xd9dfffff]
[    0.565196] pci_bus 0000:20: resource 1 mem: [0xcbb00000-0xcbbfffff]
[    0.565198] pci_bus 0000:20: resource 2 pref mem [0xda100000-0xda1fffff]
[    0.565199] pci_bus 0000:21: resource 1 mem: [0xcbf00000-0xcbffffff]
[    0.565201] pci_bus 0000:21: resource 2 pref mem [0xda500000-0xda5fffff]
[    0.565203] pci_bus 0000:22: resource 1 mem: [0xcc300000-0xcc3fffff]
[    0.565205] pci_bus 0000:22: resource 2 pref mem [0xda900000-0xda9fffff]
[    0.565228] NET: Registered protocol family 2
[    0.565244] RANDOM - __random32 called. Change num 7.  Value: 647ba296	db0e5c1d	6de96f10
[    0.565246] RANDOM - random32 called.  Value: 647ba296	db0e5c1d	6de96f10
[    0.565254] random 0000 0000 0000 00000000 00000000: rand_read_num 2 get_random_bytes(4): sig fffffe1a 00000000 00000000
[    0.565256] random 0000 0000 0000 00000000 00000000: extract_entropy(.. 4 ..)
[    0.565259] random 0000 0000 0000 00000000 00000000: going to reseed nonblocking with 64 bits (32 of 0 requested)
[    0.565261] random 0000 0000 0000 00000000 00000000: extract_entropy(.. 8 ..)
[    0.565263] random 0000 0000 0000 00000000 00000000: trying to extract 64 bits from input
[    0.565265] random 0000 0000 0000 00000000 00000000: debiting 0 entropy credits from input
[    0.565267] random 0000 0000 0000 00000000 00000000: extract_entropy account returned: 0 
[    0.565270] random 0000 0000 0000 00000000 00000000: urand_change_num 3 xfer_secondary_pool(4): pool_sig fffffe1a, data_sig 00000000, bytes_mixed 0 00000000 00000000
[    0.565273] random 0000 0000 0000 00000000 00000000: trying to extract 32 bits from nonblocking
[    0.565275] random 0000 0000 0000 00000000 00000000: debiting 32 entropy credits from nonblocking (unlimited)
[    0.565277] random 0000 0000 0000 00000000 00000000: extract_entropy account returned: 4 
[    0.565281] random 0000 0000 0000 00000000 00000000: urand_change_num 4 extract_buf: pool_sig fffffe1a, data_sig fffffed7, bytes_mixed 20 00000000 00000000
[    0.565311] IP route cache hash table entries: 32768 (order: 5, 131072 bytes)
[    0.565397] RANDOM - __random32 called. Change num 8.  Value: ba296205	b0e5c1db	de205442
[    0.565399] RANDOM - random32 called.  Value: ba296205	b0e5c1db	de205442
[    0.565455] RANDOM - __random32 called. Change num 9.  Value: 962052cd	e5c1db9	a885e45e
[    0.565456] RANDOM - random32 called.  Value: 962052cd	e5c1db9	a885e45e
[    0.565459] RANDOM - __random32 called. Change num 10.  Value: 52cd38f	e5c1db9b	c8bd9558
[    0.565461] RANDOM - random32 called.  Value: 52cd38f	e5c1db9b	c8bd9558
[    0.565482] RANDOM - __random32 called. Change num 11.  Value: cd38f3eb	5c1db9b9	2ab1aa27
[    0.565484] RANDOM - random32 called.  Value: cd38f3eb	5c1db9b9	2ab1aa27
[    0.565494] TCP established hash table entries: 131072 (order: 8, 1048576 bytes)
[    0.565593] TCP bind hash table entries: 65536 (order: 7, 524288 bytes)
[    0.565692] TCP: Hash tables configured (established 131072 bind 65536)
[    0.565694] TCP reno registered
[    0.565729] NET: Registered protocol family 1
[    0.565738] pci 0000:00:00.0: Limiting direct PCI/PCI transfers
[    0.565761] pci 0000:00:0f.0: Boot video device
[    0.566037] Trying to unpack rootfs image as initramfs...
[    1.656402] Freeing initrd memory: 83430k freed
[    1.660416] Simple Boot Flag at 0x36 set to 0x1
[    1.660461] cpufreq-nforce2: No nForce2 chipset.
[    1.660475] Scanning for low memory corruption every 60 seconds
[    1.660589] audit: initializing netlink socket (disabled)
[    1.660598] type=2000 audit(1369436445.648:1): initialized
[    1.664511] highmem bounce pool size: 64 pages
[    1.664516] HugeTLB registered 2 MB page size, pre-allocated 0 pages
[    1.664608] VFS: Disk quotas dquot_6.5.2
[    1.664637] Dquot-cache hash table entries: 1024 (order 0, 4096 bytes)
[    1.664714] fuse init (API version 7.13)
[    1.664757] msgmni has been set to 1729
[    1.665022] alg: No test for stdrng (krng)
[    1.665056] Block layer SCSI generic (bsg) driver version 0.4 loaded (major 253)
[    1.665058] io scheduler noop registered
[    1.665060] io scheduler anticipatory registered
[    1.665061] io scheduler deadline registered
[    1.665080] io scheduler cfq registered (default)
[    1.665126]   alloc irq_desc for 24 on node -1
[    1.665128]   alloc kstat_irqs on node -1
[    1.665174] pcieport 0000:00:15.0: irq 24 for MSI/MSI-X
[    1.665219] pcieport 0000:00:15.0: setting latency timer to 64
[    1.665265]   alloc irq_desc for 25 on node -1
[    1.665266]   alloc kstat_irqs on node -1
[    1.665312] pcieport 0000:00:15.1: irq 25 for MSI/MSI-X
[    1.665357] pcieport 0000:00:15.1: setting latency timer to 64
[    1.665403]   alloc irq_desc for 26 on node -1
[    1.665405]   alloc kstat_irqs on node -1
[    1.665451] pcieport 0000:00:15.2: irq 26 for MSI/MSI-X
[    1.665496] pcieport 0000:00:15.2: setting latency timer to 64
[    1.665542]   alloc irq_desc for 27 on node -1
[    1.665544]   alloc kstat_irqs on node -1
[    1.665589] pcieport 0000:00:15.3: irq 27 for MSI/MSI-X
[    1.665634] pcieport 0000:00:15.3: setting latency timer to 64
[    1.665680]   alloc irq_desc for 28 on node -1
[    1.665682]   alloc kstat_irqs on node -1
[    1.665727] pcieport 0000:00:15.4: irq 28 for MSI/MSI-X
[    1.665773] pcieport 0000:00:15.4: setting latency timer to 64
[    1.665818]   alloc irq_desc for 29 on node -1
[    1.665820]   alloc kstat_irqs on node -1
[    1.665865] pcieport 0000:00:15.5: irq 29 for MSI/MSI-X
[    1.665911] pcieport 0000:00:15.5: setting latency timer to 64
[    1.665956]   alloc irq_desc for 30 on node -1
[    1.665958]   alloc kstat_irqs on node -1
[    1.666004] pcieport 0000:00:15.6: irq 30 for MSI/MSI-X
[    1.666049] pcieport 0000:00:15.6: setting latency timer to 64
[    1.666094]   alloc irq_desc for 31 on node -1
[    1.666096]   alloc kstat_irqs on node -1
[    1.666142] pcieport 0000:00:15.7: irq 31 for MSI/MSI-X
[    1.666187] pcieport 0000:00:15.7: setting latency timer to 64
[    1.666232]   alloc irq_desc for 32 on node -1
[    1.666234]   alloc kstat_irqs on node -1
[    1.666280] pcieport 0000:00:16.0: irq 32 for MSI/MSI-X
[    1.666325] pcieport 0000:00:16.0: setting latency timer to 64
[    1.666371]   alloc irq_desc for 33 on node -1
[    1.666373]   alloc kstat_irqs on node -1
[    1.666418] pcieport 0000:00:16.1: irq 33 for MSI/MSI-X
[    1.666463] pcieport 0000:00:16.1: setting latency timer to 64
[    1.666509]   alloc irq_desc for 34 on node -1
[    1.666511]   alloc kstat_irqs on node -1
[    1.666556] pcieport 0000:00:16.2: irq 34 for MSI/MSI-X
[    1.666602] pcieport 0000:00:16.2: setting latency timer to 64
[    1.666647]   alloc irq_desc for 35 on node -1
[    1.666649]   alloc kstat_irqs on node -1
[    1.666694] pcieport 0000:00:16.3: irq 35 for MSI/MSI-X
[    1.666740] pcieport 0000:00:16.3: setting latency timer to 64
[    1.666785]   alloc irq_desc for 36 on node -1
[    1.666787]   alloc kstat_irqs on node -1
[    1.666833] pcieport 0000:00:16.4: irq 36 for MSI/MSI-X
[    1.666878] pcieport 0000:00:16.4: setting latency timer to 64
[    1.666924]   alloc irq_desc for 37 on node -1
[    1.666925]   alloc kstat_irqs on node -1
[    1.666971] pcieport 0000:00:16.5: irq 37 for MSI/MSI-X
[    1.667016] pcieport 0000:00:16.5: setting latency timer to 64
[    1.667062]   alloc irq_desc for 38 on node -1
[    1.667064]   alloc kstat_irqs on node -1
[    1.667109] pcieport 0000:00:16.6: irq 38 for MSI/MSI-X
[    1.667154] pcieport 0000:00:16.6: setting latency timer to 64
[    1.667200]   alloc irq_desc for 39 on node -1
[    1.667202]   alloc kstat_irqs on node -1
[    1.667247] pcieport 0000:00:16.7: irq 39 for MSI/MSI-X
[    1.667292] pcieport 0000:00:16.7: setting latency timer to 64
[    1.668446]   alloc irq_desc for 40 on node -1
[    1.668448]   alloc kstat_irqs on node -1
[    1.668494] pcieport 0000:00:17.0: irq 40 for MSI/MSI-X
[    1.668539] pcieport 0000:00:17.0: setting latency timer to 64
[    1.668584]   alloc irq_desc for 41 on node -1
[    1.668586]   alloc kstat_irqs on node -1
[    1.668632] pcieport 0000:00:17.1: irq 41 for MSI/MSI-X
[    1.668677] pcieport 0000:00:17.1: setting latency timer to 64
[    1.668723]   alloc irq_desc for 42 on node -1
[    1.668724]   alloc kstat_irqs on node -1
[    1.668770] pcieport 0000:00:17.2: irq 42 for MSI/MSI-X
[    1.668815] pcieport 0000:00:17.2: setting latency timer to 64
[    1.668861]   alloc irq_desc for 43 on node -1
[    1.668862]   alloc kstat_irqs on node -1
[    1.668908] pcieport 0000:00:17.3: irq 43 for MSI/MSI-X
[    1.668953] pcieport 0000:00:17.3: setting latency timer to 64
[    1.668999]   alloc irq_desc for 44 on node -1
[    1.669000]   alloc kstat_irqs on node -1
[    1.669046] pcieport 0000:00:17.4: irq 44 for MSI/MSI-X
[    1.669091] pcieport 0000:00:17.4: setting latency timer to 64
[    1.669137]   alloc irq_desc for 45 on node -1
[    1.669139]   alloc kstat_irqs on node -1
[    1.669184] pcieport 0000:00:17.5: irq 45 for MSI/MSI-X
[    1.669229] pcieport 0000:00:17.5: setting latency timer to 64
[    1.669275]   alloc irq_desc for 46 on node -1
[    1.669277]   alloc kstat_irqs on node -1
[    1.669322] pcieport 0000:00:17.6: irq 46 for MSI/MSI-X
[    1.669367] pcieport 0000:00:17.6: setting latency timer to 64
[    1.669413]   alloc irq_desc for 47 on node -1
[    1.669415]   alloc kstat_irqs on node -1
[    1.669461] pcieport 0000:00:17.7: irq 47 for MSI/MSI-X
[    1.669506] pcieport 0000:00:17.7: setting latency timer to 64
[    1.669551]   alloc irq_desc for 48 on node -1
[    1.669553]   alloc kstat_irqs on node -1
[    1.669599] pcieport 0000:00:18.0: irq 48 for MSI/MSI-X
[    1.669644] pcieport 0000:00:18.0: setting latency timer to 64
[    1.669689]   alloc irq_desc for 49 on node -1
[    1.669692]   alloc kstat_irqs on node -1
[    1.669737] pcieport 0000:00:18.1: irq 49 for MSI/MSI-X
[    1.669782] pcieport 0000:00:18.1: setting latency timer to 64
[    1.669828]   alloc irq_desc for 50 on node -1
[    1.669830]   alloc kstat_irqs on node -1
[    1.669876] pcieport 0000:00:18.2: irq 50 for MSI/MSI-X
[    1.669921] pcieport 0000:00:18.2: setting latency timer to 64
[    1.669967]   alloc irq_desc for 51 on node -1
[    1.669969]   alloc kstat_irqs on node -1
[    1.670014] pcieport 0000:00:18.3: irq 51 for MSI/MSI-X
[    1.670059] pcieport 0000:00:18.3: setting latency timer to 64
[    1.670105]   alloc irq_desc for 52 on node -1
[    1.670107]   alloc kstat_irqs on node -1
[    1.670152] pcieport 0000:00:18.4: irq 52 for MSI/MSI-X
[    1.670198] pcieport 0000:00:18.4: setting latency timer to 64
[    1.670243]   alloc irq_desc for 53 on node -1
[    1.670245]   alloc kstat_irqs on node -1
[    1.670290] pcieport 0000:00:18.5: irq 53 for MSI/MSI-X
[    1.670336] pcieport 0000:00:18.5: setting latency timer to 64
[    1.670381]   alloc irq_desc for 54 on node -1
[    1.670383]   alloc kstat_irqs on node -1
[    1.670429] pcieport 0000:00:18.6: irq 54 for MSI/MSI-X
[    1.670474] pcieport 0000:00:18.6: setting latency timer to 64
[    1.670519]   alloc irq_desc for 55 on node -1
[    1.670521]   alloc kstat_irqs on node -1
[    1.670567] pcieport 0000:00:18.7: irq 55 for MSI/MSI-X
[    1.670612] pcieport 0000:00:18.7: setting latency timer to 64
[    1.670658] pci_hotplug: PCI Hot Plug PCI Core version: 0.5
[    1.672455] pciehp 0000:00:15.0:pcie04: HPC vendor_id 15ad device_id 7a0 ss_vid 0 ss_did 0
[    1.672501] pciehp 0000:00:15.0:pcie04: service driver pciehp loaded
[    1.672546] pciehp 0000:00:15.1:pcie04: HPC vendor_id 15ad device_id 7a0 ss_vid 0 ss_did 0
[    1.672592] pciehp 0000:00:15.1:pcie04: service driver pciehp loaded
[    1.672637] pciehp 0000:00:15.2:pcie04: HPC vendor_id 15ad device_id 7a0 ss_vid 0 ss_did 0
[    1.672682] pciehp 0000:00:15.2:pcie04: service driver pciehp loaded
[    1.672728] pciehp 0000:00:15.3:pcie04: HPC vendor_id 15ad device_id 7a0 ss_vid 0 ss_did 0
[    1.672773] pciehp 0000:00:15.3:pcie04: service driver pciehp loaded
[    1.672819] pciehp 0000:00:15.4:pcie04: HPC vendor_id 15ad device_id 7a0 ss_vid 0 ss_did 0
[    1.672864] pciehp 0000:00:15.4:pcie04: service driver pciehp loaded
[    1.672910] pciehp 0000:00:15.5:pcie04: HPC vendor_id 15ad device_id 7a0 ss_vid 0 ss_did 0
[    1.672955] pciehp 0000:00:15.5:pcie04: service driver pciehp loaded
[    1.673000] pciehp 0000:00:15.6:pcie04: HPC vendor_id 15ad device_id 7a0 ss_vid 0 ss_did 0
[    1.673046] pciehp 0000:00:15.6:pcie04: service driver pciehp loaded
[    1.673091] pciehp 0000:00:15.7:pcie04: HPC vendor_id 15ad device_id 7a0 ss_vid 0 ss_did 0
[    1.673137] pciehp 0000:00:15.7:pcie04: service driver pciehp loaded
[    1.673182] pciehp 0000:00:16.0:pcie04: HPC vendor_id 15ad device_id 7a0 ss_vid 0 ss_did 0
[    1.673228] pciehp 0000:00:16.0:pcie04: service driver pciehp loaded
[    1.673273] pciehp 0000:00:16.1:pcie04: HPC vendor_id 15ad device_id 7a0 ss_vid 0 ss_did 0
[    1.673318] pciehp 0000:00:16.1:pcie04: service driver pciehp loaded
[    1.673364] pciehp 0000:00:16.2:pcie04: HPC vendor_id 15ad device_id 7a0 ss_vid 0 ss_did 0
[    1.673409] pciehp 0000:00:16.2:pcie04: service driver pciehp loaded
[    1.673455] pciehp 0000:00:16.3:pcie04: HPC vendor_id 15ad device_id 7a0 ss_vid 0 ss_did 0
[    1.673500] pciehp 0000:00:16.3:pcie04: service driver pciehp loaded
[    1.673545] pciehp 0000:00:16.4:pcie04: HPC vendor_id 15ad device_id 7a0 ss_vid 0 ss_did 0
[    1.673591] pciehp 0000:00:16.4:pcie04: service driver pciehp loaded
[    1.673636] pciehp 0000:00:16.5:pcie04: HPC vendor_id 15ad device_id 7a0 ss_vid 0 ss_did 0
[    1.673682] pciehp 0000:00:16.5:pcie04: service driver pciehp loaded
[    1.673727] pciehp 0000:00:16.6:pcie04: HPC vendor_id 15ad device_id 7a0 ss_vid 0 ss_did 0
[    1.673773] pciehp 0000:00:16.6:pcie04: service driver pciehp loaded
[    1.673818] pciehp 0000:00:16.7:pcie04: HPC vendor_id 15ad device_id 7a0 ss_vid 0 ss_did 0
[    1.673863] pciehp 0000:00:16.7:pcie04: service driver pciehp loaded
[    1.673909] pciehp 0000:00:17.0:pcie04: HPC vendor_id 15ad device_id 7a0 ss_vid 0 ss_did 0
[    1.673954] pciehp 0000:00:17.0:pcie04: service driver pciehp loaded
[    1.674000] pciehp 0000:00:17.1:pcie04: HPC vendor_id 15ad device_id 7a0 ss_vid 0 ss_did 0
[    1.674045] pciehp 0000:00:17.1:pcie04: service driver pciehp loaded
[    1.674091] pciehp 0000:00:17.2:pcie04: HPC vendor_id 15ad device_id 7a0 ss_vid 0 ss_did 0
[    1.674136] pciehp 0000:00:17.2:pcie04: service driver pciehp loaded
[    1.674181] pciehp 0000:00:17.3:pcie04: HPC vendor_id 15ad device_id 7a0 ss_vid 0 ss_did 0
[    1.674227] pciehp 0000:00:17.3:pcie04: service driver pciehp loaded
[    1.674272] pciehp 0000:00:17.4:pcie04: HPC vendor_id 15ad device_id 7a0 ss_vid 0 ss_did 0
[    1.674318] pciehp 0000:00:17.4:pcie04: service driver pciehp loaded
[    1.674363] pciehp 0000:00:17.5:pcie04: HPC vendor_id 15ad device_id 7a0 ss_vid 0 ss_did 0
[    1.674408] pciehp 0000:00:17.5:pcie04: service driver pciehp loaded
[    1.674454] pciehp 0000:00:17.6:pcie04: HPC vendor_id 15ad device_id 7a0 ss_vid 0 ss_did 0
[    1.674499] pciehp 0000:00:17.6:pcie04: service driver pciehp loaded
[    1.674545] pciehp 0000:00:17.7:pcie04: HPC vendor_id 15ad device_id 7a0 ss_vid 0 ss_did 0
[    1.674590] pciehp 0000:00:17.7:pcie04: service driver pciehp loaded
[    1.674636] pciehp 0000:00:18.0:pcie04: HPC vendor_id 15ad device_id 7a0 ss_vid 0 ss_did 0
[    1.674681] pciehp 0000:00:18.0:pcie04: service driver pciehp loaded
[    1.674726] pciehp 0000:00:18.1:pcie04: HPC vendor_id 15ad device_id 7a0 ss_vid 0 ss_did 0
[    1.674772] pciehp 0000:00:18.1:pcie04: service driver pciehp loaded
[    1.674817] pciehp 0000:00:18.2:pcie04: HPC vendor_id 15ad device_id 7a0 ss_vid 0 ss_did 0
[    1.674863] pciehp 0000:00:18.2:pcie04: service driver pciehp loaded
[    1.674908] pciehp 0000:00:18.3:pcie04: HPC vendor_id 15ad device_id 7a0 ss_vid 0 ss_did 0
[    1.674954] pciehp 0000:00:18.3:pcie04: service driver pciehp loaded
[    1.674999] pciehp 0000:00:18.4:pcie04: HPC vendor_id 15ad device_id 7a0 ss_vid 0 ss_did 0
[    1.675044] pciehp 0000:00:18.4:pcie04: service driver pciehp loaded
[    1.675090] pciehp 0000:00:18.5:pcie04: HPC vendor_id 15ad device_id 7a0 ss_vid 0 ss_did 0
[    1.675135] pciehp 0000:00:18.5:pcie04: service driver pciehp loaded
[    1.675181] pciehp 0000:00:18.6:pcie04: HPC vendor_id 15ad device_id 7a0 ss_vid 0 ss_did 0
[    1.675226] pciehp 0000:00:18.6:pcie04: service driver pciehp loaded
[    1.675271] pciehp 0000:00:18.7:pcie04: HPC vendor_id 15ad device_id 7a0 ss_vid 0 ss_did 0
[    1.675317] pciehp 0000:00:18.7:pcie04: service driver pciehp loaded
[    1.675324] pciehp: PCI Express Hot Plug Controller Driver version: 0.4
[    1.675374] ACPI: AC Adapter [ACAD] (on-line)
[    1.675426] input: Power Button as /devices/LNXSYSTM:00/LNXPWRBN:00/input/input0
[    1.675429] ACPI: Power Button [PWRF]
[    1.675474] processor LNXCPU:00: registered as cooling_device0
[    1.716345] isapnp: Scanning for PnP cards...
[    2.070146] isapnp: No Plug & Play device found
[    2.070176] random 0000 0000 0000 5f8db4e5 4cfdf2a8: initializing
[    2.070312] Linux agpgart interface v0.103
[    2.070351] agpgart-intel 0000:00:00.0: Intel 440BX Chipset
[    2.070404] agpgart-intel 0000:00:00.0: AGP aperture is 256M @ 0x0
[    2.070440] Serial: 8250/16550 driver, 32 ports, IRQ sharing enabled
[    2.070492] serial8250: ttyS0 at I/O 0x3f8 (irq = 4) is a 16550A
[    2.070545] serial8250: ttyS1 at I/O 0x2f8 (irq = 3) is a 16550A
[    2.070597] 00:0a: ttyS0 at I/O 0x3f8 (irq = 4) is a 16550A
[    2.070650] 00:0b: ttyS1 at I/O 0x2f8 (irq = 3) is a 16550A
[    2.070702] brd: module loaded
[    2.070755] loop: module loaded
[    2.070807] ata_piix 0000:00:07.1: version 2.13
[    2.070910] scsi0 : ata_piix
[    2.070971] scsi1 : ata_piix
[    2.070990] ata1: PATA max UDMA/33 cmd 0x1f0 ctl 0x3f6 bmdma 0x10c0 irq 14
[    2.070992] ata2: PATA max UDMA/33 cmd 0x170 ctl 0x376 bmdma 0x10c8 irq 15
[    2.071039] PPP generic driver version 2.4.2
[    2.071059] tun: Universal TUN/TAP device driver, 1.6
[    2.071060] tun: (C) 1999-2004 Max Krasnyansky <maxk@qualcomm.com>
[    2.071113] ehci_hcd: USB 2.0 'Enhanced' Host Controller (EHCI) Driver
[    2.071165] ACPI: PCI Interrupt Link [LNKB] enabled at IRQ 11
[    2.071168] PCI: setting IRQ 11 as level-triggered
[    2.071190] ehci_hcd 0000:02:03.0: PCI INT A -> Link[LNKB] -> GSI 11 (level, low) -> IRQ 11
[    2.071231] ehci_hcd 0000:02:03.0: EHCI Host Controller
[    2.071253] ehci_hcd 0000:02:03.0: new USB bus registered, assigned bus number 1
[    2.071306] ehci_hcd 0000:02:03.0: cache line size of 32 is not supported
[    2.071313] ehci_hcd 0000:02:03.0: irq 11, io mem 0xc9000000
[    2.071623] random 0000 0000 0000 00000000 00000000: rand_read_num 3 get_random_bytes(8): sig 00000000 00000000 00000000
[    2.071626] random 0000 0000 0000 00000000 00000000: extract_entropy(.. 8 ..)
[    2.071628] random 0000 0000 0000 00000000 00000000: going to reseed nonblocking with 64 bits (64 of 0 requested)
[    2.071630] random 0000 0000 0000 00000000 00000000: extract_entropy(.. 8 ..)
[    2.071633] random 0000 0000 0000 00000000 00000000: trying to extract 64 bits from input
[    2.071635] random 0000 0000 0000 00000000 00000000: debiting 0 entropy credits from input
[    2.071637] random 0000 0000 0000 00000000 00000000: extract_entropy account returned: 0 
[    2.071640] random 0000 0000 0000 00000000 00000000: urand_change_num 5 xfer_secondary_pool(8): pool_sig 00000000, data_sig 00000000, bytes_mixed 0 00000000 00000000
[    2.071642] random 0000 0000 0000 00000000 00000000: trying to extract 64 bits from nonblocking
[    2.071645] random 0000 0000 0000 00000000 00000000: debiting 64 entropy credits from nonblocking (unlimited)
[    2.071647] random 0000 0000 0000 00000000 00000000: extract_entropy account returned: 8 
[    2.071650] random 0000 0000 0000 00000000 00000000: urand_change_num 6 extract_buf: pool_sig 00000000, data_sig fffffff9, bytes_mixed 20 00000000 00000000
[    2.079818] ehci_hcd 0000:02:03.0: USB 2.0 started, EHCI 1.00
[    2.079871] usb usb1: configuration #1 chosen from 1 choice
[    2.079889] hub 1-0:1.0: USB hub found
[    2.079894] hub 1-0:1.0: 6 ports detected
[    2.079946] ohci_hcd: USB 1.1 'Open' Host Controller (OHCI) Driver
[    2.079957] uhci_hcd: USB Universal Host Controller Interface driver
[    2.080009] ACPI: PCI Interrupt Link [LNKC] enabled at IRQ 10
[    2.080012] PCI: setting IRQ 10 as level-triggered
[    2.080016] uhci_hcd 0000:02:00.0: PCI INT A -> Link[LNKC] -> GSI 10 (level, low) -> IRQ 10
[    2.080051] uhci_hcd 0000:02:00.0: UHCI Host Controller
[    2.080079] uhci_hcd 0000:02:00.0: new USB bus registered, assigned bus number 2
[    2.080189] uhci_hcd 0000:02:00.0: irq 10, io base 0x000020c0
[    2.080241] usb usb2: configuration #1 chosen from 1 choice
[    2.080267] hub 2-0:1.0: USB hub found
[    2.080271] hub 2-0:1.0: 2 ports detected
[    2.080324] usbcore: registered new interface driver libusual
[    2.080356] PNP: PS/2 Controller [PNP0303:KBC,PNP0f13:MOUS] at 0x60,0x64 irq 1,12
[    2.080690] serio: i8042 KBD port at 0x60,0x64 irq 1
[    2.080697] serio: i8042 AUX port at 0x60,0x64 irq 12
[    2.080750] mice: PS/2 mouse device common for all mice
[    2.080802] rtc_cmos 00:04: rtc core: registered rtc_cmos as rtc0
[    2.080855] rtc0: alarms up to one month, y3k, 114 bytes nvram, hpet irqs
[    2.080907] device-mapper: uevent: version 1.0.3
[    2.081027] device-mapper: ioctl: 4.15.0-ioctl (2009-04-01) initialised: dm-devel@redhat.com
[    2.081044] EISA: Probing bus 0 at eisa.0
[    2.081066] Cannot allocate resource for EISA slot 1
[    2.081068] Cannot allocate resource for EISA slot 2
[    2.081070] Cannot allocate resource for EISA slot 3
[    2.081072] Cannot allocate resource for EISA slot 4
[    2.081073] Cannot allocate resource for EISA slot 5
[    2.081075] Cannot allocate resource for EISA slot 6
[    2.081077] Cannot allocate resource for EISA slot 7
[    2.081079] Cannot allocate resource for EISA slot 8
[    2.081080] EISA: Detected 0 cards.
[    2.081125] cpuidle: using governor ladder
[    2.081127] cpuidle: using governor menu
[    2.081180] random 0000 0000 0000 00000000 00000000: rand_read_num 4 get_random_bytes(136): sig 0000021d 00000000 00000000
[    2.081182] random 0000 0000 0000 00000000 00000000: extract_entropy(.. 136 ..)
[    2.081185] random 0000 0000 0000 00000000 00000000: going to reseed nonblocking with 1024 bits (1088 of 0 requested)
[    2.081187] random 0000 0000 0000 00000000 00000000: extract_entropy(.. 128 ..)
[    2.081189] random 0000 0000 0000 00000000 00000000: trying to extract 1024 bits from input
[    2.081191] random 0000 0000 0000 00000000 00000000: debiting 0 entropy credits from input
[    2.081193] random 0000 0000 0000 00000000 00000000: extract_entropy account returned: 0 
[    2.081196] random 0000 0000 0000 00000000 00000000: urand_change_num 7 xfer_secondary_pool(136): pool_sig 0000021d, data_sig 00000000, bytes_mixed 0 00000000 00000000
[    2.081198] random 0000 0000 0000 00000000 00000000: trying to extract 1088 bits from nonblocking
[    2.081201] random 0000 0000 0000 00000000 00000000: debiting 1088 entropy credits from nonblocking (unlimited)
[    2.081203] random 0000 0000 0000 00000000 00000000: extract_entropy account returned: 136 
[    2.081206] random 0000 0000 0000 00000000 00000000: urand_change_num 8 extract_buf: pool_sig 0000021d, data_sig fffffff7, bytes_mixed 20 00000000 00000000
[    2.081211] random 0000 0000 0000 f961ee50 ba9cb1aa: urand_change_num 9 extract_buf: pool_sig 00000230, data_sig fffffeb4, bytes_mixed 20 f961ee50 ba9cb1aa
[    2.081215] random 0000 0000 0000 9748bdd6 56fb8af6: urand_change_num 10 extract_buf: pool_sig 00000373, data_sig 000000cf, bytes_mixed 20 9748bdd6 56fb8af6
[    2.081219] random 0000 0000 0000 9748bdd6 56fb8af6: urand_change_num 11 extract_buf: pool_sig fffffe49, data_sig 0000023f, bytes_mixed 20 9748bdd6 56fb8af6
[    2.081223] random 0000 0000 0000 a135be86 4777650e: urand_change_num 12 extract_buf: pool_sig fffffcce, data_sig 000000c6, bytes_mixed 20 a135be86 4777650e
[    2.081227] random 0000 0000 0000 4a6ea85d 170e00dd: urand_change_num 13 extract_buf: pool_sig ffffff97, data_sig ffffff7d, bytes_mixed 20 4a6ea85d 170e00dd
[    2.081231] random 0000 0000 0000 4a6ea85d 170e00dd: urand_change_num 14 extract_buf: pool_sig 00000160, data_sig fffffeea, bytes_mixed 20 4a6ea85d 170e00dd
[    2.081236] random 0000 0000 0000 6e87c3cb da668c73: urand_change_num 15 extract_buf: pool_sig 0000034f, data_sig ffffff54, bytes_mixed 20 6e87c3cb da668c73
[    2.081240] random 0000 0000 0000 6e87c3cb da668c73: urand_change_num 16 extract_buf: pool_sig fffffdc5, data_sig 00000205, bytes_mixed 20 6e87c3cb da668c73
[    2.081244] random 0000 0000 0000 39f531e6 461eb249: urand_change_num 17 extract_buf: pool_sig fffffc1d, data_sig ffffff5e, bytes_mixed 20 39f531e6 461eb249
[    2.081248] random 0000 0000 0000 7e1538a2 3e661182: urand_change_num 18 extract_buf: pool_sig 000006ef, data_sig ffffff2e, bytes_mixed 20 7e1538a2 3e661182
[    2.081252] random 0000 0000 0000 7e1538a2 3e661182: urand_change_num 19 extract_buf: pool_sig 00000317, data_sig fffffccb, bytes_mixed 20 7e1538a2 3e661182
[    2.081256] random 0000 0000 0000 76af506b 9b57305e: urand_change_num 20 extract_buf: pool_sig 00000227, data_sig ffffffd2, bytes_mixed 20 76af506b 9b57305e
[    2.081260] random 0000 0000 0000 37d49d89 e20417cc: urand_change_num 21 extract_buf: pool_sig 0000080b, data_sig 000001e9, bytes_mixed 20 37d49d89 e20417cc
[    2.081264] TCP cubic registered
[    2.081317] NET: Registered protocol family 10
[    2.081349] RANDOM - __random32 called. Change num 12.  Value: 8f3eba68	c1db9b96	544fe79f
[    2.081351] RANDOM - random32 called.  Value: 8f3eba68	c1db9b96	544fe79f
[    2.081360] random 0000 0000 0000 37d49d89 e20417cc: rand_read_num 5 get_random_bytes(4): sig 00000298 37d49d89 e20417cc
[    2.081362] random 0000 0000 0000 37d49d89 e20417cc: extract_entropy(.. 4 ..)
[    2.081365] random 0000 0000 0000 37d49d89 e20417cc: going to reseed nonblocking with 64 bits (32 of 0 requested)
[    2.081367] random 0000 0000 0000 37d49d89 e20417cc: extract_entropy(.. 8 ..)
[    2.081369] random 0000 0000 0000 37d49d89 e20417cc: trying to extract 64 bits from input
[    2.081371] random 0000 0000 0000 37d49d89 e20417cc: debiting 0 entropy credits from input
[    2.081373] random 0000 0000 0000 37d49d89 e20417cc: extract_entropy account returned: 0 
[    2.081376] random 0000 0000 0000 37d49d89 e20417cc: urand_change_num 22 xfer_secondary_pool(4): pool_sig 00000298, data_sig 00000000, bytes_mixed 0 37d49d89 e20417cc
[    2.081378] random 0000 0000 0000 37d49d89 e20417cc: trying to extract 32 bits from nonblocking
[    2.081380] random 0000 0000 0000 37d49d89 e20417cc: debiting 32 entropy credits from nonblocking (unlimited)
[    2.081382] random 0000 0000 0000 37d49d89 e20417cc: extract_entropy account returned: 4 
[    2.081386] random 0000 0000 0000 37d49d89 e20417cc: urand_change_num 23 extract_buf: pool_sig 00000298, data_sig 00000092, bytes_mixed 20 37d49d89 e20417cc
[    2.081438] RANDOM - __random32 called. Change num 13.  Value: eba68b0e	1db9b963	cf3ec61b
[    2.081464] RANDOM - random32 called.  Value: eba68b0e	1db9b963	cf3ec61b
[    2.081516] NET: Registered protocol family 17
[    2.081537] Using IPI No-Shortcut mode
[    2.081542] random 0000 0000 0000 2ee4c4fc 167bdb15: rand_read_num 6 get_random_bytes(8): sig fffffcbf 2ee4c4fc 167bdb15
[    2.081544] random 0000 0000 0000 2ee4c4fc 167bdb15: extract_entropy(.. 8 ..)
[    2.081546] random 0000 0000 0000 2ee4c4fc 167bdb15: going to reseed nonblocking with 64 bits (64 of 0 requested)
[    2.081548] random 0000 0000 0000 2ee4c4fc 167bdb15: extract_entropy(.. 8 ..)
[    2.081550] random 0000 0000 0000 2ee4c4fc 167bdb15: trying to extract 64 bits from input
[    2.081552] random 0000 0000 0000 2ee4c4fc 167bdb15: debiting 0 entropy credits from input
[    2.081554] random 0000 0000 0000 2ee4c4fc 167bdb15: extract_entropy account returned: 0 
[    2.081557] random 0000 0000 0000 2ee4c4fc 167bdb15: urand_change_num 24 xfer_secondary_pool(8): pool_sig fffffcbf, data_sig 00000000, bytes_mixed 0 2ee4c4fc 167bdb15
[    2.081560] random 0000 0000 0000 2ee4c4fc 167bdb15: trying to extract 64 bits from nonblocking
[    2.081562] random 0000 0000 0000 2ee4c4fc 167bdb15: debiting 64 entropy credits from nonblocking (unlimited)
[    2.081564] random 0000 0000 0000 2ee4c4fc 167bdb15: extract_entropy account returned: 8 
[    2.081567] random 0000 0000 0000 2ee4c4fc 167bdb15: urand_change_num 25 extract_buf: pool_sig fffffcbf, data_sig ffffff83, bytes_mixed 20 2ee4c4fc 167bdb15
[    2.081606] PM: Resume from disk failed.
[    2.081613] registered taskstats version 1
[    2.081616] random 0000 0000 0000 2ee4c4fc 167bdb15: rand_read_num 7 get_random_bytes(12): sig fffffc69 2ee4c4fc 167bdb15
[    2.081618] random 0000 0000 0000 2ee4c4fc 167bdb15: extract_entropy(.. 12 ..)
[    2.081621] random 0000 0000 0000 2ee4c4fc 167bdb15: going to reseed nonblocking with 96 bits (96 of 0 requested)
[    2.081623] random 0000 0000 0000 2ee4c4fc 167bdb15: extract_entropy(.. 12 ..)
[    2.081625] random 0000 0000 0000 2ee4c4fc 167bdb15: trying to extract 96 bits from input
[    2.081627] random 0000 0000 0000 2ee4c4fc 167bdb15: debiting 0 entropy credits from input
[    2.081629] random 0000 0000 0000 2ee4c4fc 167bdb15: extract_entropy account returned: 0 
[    2.081631] random 0000 0000 0000 2ee4c4fc 167bdb15: urand_change_num 26 xfer_secondary_pool(12): pool_sig fffffc69, data_sig 00000000, bytes_mixed 0 2ee4c4fc 167bdb15
[    2.081634] random 0000 0000 0000 2ee4c4fc 167bdb15: trying to extract 96 bits from nonblocking
[    2.081636] random 0000 0000 0000 2ee4c4fc 167bdb15: debiting 96 entropy credits from nonblocking (unlimited)
[    2.081638] random 0000 0000 0000 2ee4c4fc 167bdb15: extract_entropy account returned: 12 
[    2.081641] random 0000 0000 0000 2ee4c4fc 167bdb15: urand_change_num 27 extract_buf: pool_sig fffffc69, data_sig ffffff7d, bytes_mixed 20 2ee4c4fc 167bdb15
[    2.081645] random 0000 0000 0000 83b7c1ab 94697f48: urand_change_num 28 extract_buf: pool_sig fffffe30, data_sig fffffdd6, bytes_mixed 20 83b7c1ab 94697f48
[    2.081648] RANDOM - __seed init called.
[    2.081649] RANDOM - __seed init called.
[    2.081651] RANDOM - __seed init called.
[    2.081652] RANDOM - __random32 called. Change num 14.  Value: fc007995	feca4f80	21b38ad2
[    2.081654] RANDOM - random32_reseed called.  Value: fc007995	feca4f80	21b38ad2
[    2.081656] Pid: 1, comm: swapper Not tainted 2.6.32.57 #4
[    2.081658] Call Trace:
[    2.081663]  [<c14a8a0e>] ? printk+0x1d/0x1f
[    2.081668]  [<c17537e5>] random32_reseed+0x89/0xbd
[    2.081671]  [<c1003042>] do_one_initcall+0x32/0x1a0
[    2.081674]  [<c175375c>] ? random32_reseed+0x0/0xbd
[    2.081677]  [<c17308e7>] kernel_init+0x12d/0x17a
[    2.081679]  [<c17307ba>] ? kernel_init+0x0/0x17a
[    2.081682]  [<c1009b07>] kernel_thread_helper+0x7/0x10
[    2.084326] input: AT Translated Set 2 keyboard as /devices/platform/i8042/serio0/input/input1
[    2.084607] random 0000 0000 0000 6db70b00 b30ce96b: rand_read_num 8 get_random_bytes(64): sig fffffb38 6db70b00 b30ce96b
[    2.084610] random 0000 0000 0000 6db70b00 b30ce96b: extract_entropy(.. 64 ..)
[    2.084612] random 0000 0000 0000 6db70b00 b30ce96b: going to reseed nonblocking with 512 bits (512 of 0 requested)
[    2.084615] random 0000 0000 0000 6db70b00 b30ce96b: extract_entropy(.. 64 ..)
[    2.084617] random 0000 0000 0000 6db70b00 b30ce96b: trying to extract 512 bits from input
[    2.084619] random 0000 0000 0000 6db70b00 b30ce96b: debiting 0 entropy credits from input
[    2.084621] random 0000 0000 0000 6db70b00 b30ce96b: extract_entropy account returned: 0 
[    2.084624] random 0000 0000 0000 6db70b00 b30ce96b: urand_change_num 29 xfer_secondary_pool(64): pool_sig fffffb38, data_sig 00000000, bytes_mixed 0 6db70b00 b30ce96b
[    2.084627] random 0000 0000 0000 6db70b00 b30ce96b: trying to extract 512 bits from nonblocking
[    2.084629] random 0000 0000 0000 6db70b00 b30ce96b: debiting 512 entropy credits from nonblocking (unlimited)
[    2.084632] random 0000 0000 0000 6db70b00 b30ce96b: extract_entropy account returned: 64 
[    2.084635] random 0000 0000 0000 6db70b00 b30ce96b: urand_change_num 30 extract_buf: pool_sig fffffb38, data_sig 00000151, bytes_mixed 20 6db70b00 b30ce96b
[    2.084640] random 0000 0000 0000 6db70b00 b30ce96b: urand_change_num 31 extract_buf: pool_sig fffffdb8, data_sig 00000379, bytes_mixed 20 6db70b00 b30ce96b
[    2.084653] random 0000 0000 0000 6b83001e d4b6c0d3: urand_change_num 32 extract_buf: pool_sig ffffffc9, data_sig 00000198, bytes_mixed 20 6b83001e d4b6c0d3
[    2.084658] random 0000 0000 0000 79d3e3c7 be564518: urand_change_num 33 extract_buf: pool_sig 000002b9, data_sig ffffff84, bytes_mixed 20 79d3e3c7 be564518
[    2.084662] random 0000 0000 0000 79d3e3c7 be564518: urand_change_num 34 extract_buf: pool_sig ffffff55, data_sig ffffff5a, bytes_mixed 20 79d3e3c7 be564518
[    2.084667] random 0000 0000 0000 89c03cb2 0d353228: urand_change_num 35 extract_buf: pool_sig 00000007, data_sig ffffff17, bytes_mixed 20 89c03cb2 0d353228
[    2.084671] random 0000 0000 0000 89c03cb2 0d353228: urand_change_num 36 extract_buf: pool_sig fffffdae, data_sig 000000db, bytes_mixed 20 89c03cb2 0d353228  Magic number: 13:200:50
[    2.084766] rtc_cmos 00:04: setting system clock to 2013-05-24 23:00:46 UTC (1369436446)
[    2.084769] BIOS EDD facility v0.16 2004-Jun-25, 0 devices found
[    2.084770] EDD information not available.
[    2.084795] random 0000 0000 0000 8ca62387 b120332c: rand_read_num 9 get_random_bytes(64): sig fffffed6 8ca62387 b120332c
[    2.084797] random 0000 0000 0000 8ca62387 b120332c: extract_entropy(.. 64 ..)
[    2.084799] random 0000 0000 0000 8ca62387 b120332c: going to reseed nonblocking with 512 bits (512 of 0 requested)
[    2.084802] random 0000 0000 0000 8ca62387 b120332c: extract_entropy(.. 64 ..)
[    2.084804] random 0000 0000 0000 8ca62387 b120332c: trying to extract 512 bits from input
[    2.084806] random 0000 0000 0000 8ca62387 b120332c: debiting 0 entropy credits from input
[    2.084808] random 0000 0000 0000 8ca62387 b120332c: extract_entropy account returned: 0 
[    2.084811] random 0000 0000 0000 8ca62387 b120332c: urand_change_num 37 xfer_secondary_pool(64): pool_sig fffffed6, data_sig 00000000, bytes_mixed 0 8ca62387 b120332c
[    2.084814] random 0000 0000 0000 8ca62387 b120332c: trying to extract 512 bits from nonblocking
[    2.084816] random 0000 0000 0000 8ca62387 b120332c: debiting 512 entropy credits from nonblocking (unlimited)
[    2.084818] random 0000 0000 0000 8ca62387 b120332c: extract_entropy account returned: 64 
[    2.084830] random 0000 0000 0000 8ca62387 b120332c: urand_change_num 38 extract_buf: pool_sig fffffed6, data_sig fffffeb6, bytes_mixed 20 8ca62387 b120332c
[    2.084835] random 0000 0000 0000 90702413 e2a66c2e: urand_change_num 39 extract_buf: pool_sig fffffbb0, data_sig 0000012e, bytes_mixed 20 90702413 e2a66c2e
[    2.084839] random 0000 0000 0000 90702413 e2a66c2e: urand_change_num 40 extract_buf: pool_sig fffffaf1, data_sig ffffff3c, bytes_mixed 20 90702413 e2a66c2e
[    2.084843] random 0000 0000 0000 3f58038b c77aecb6: urand_change_num 41 extract_buf: pool_sig 00000234, data_sig fffffdec, bytes_mixed 20 3f58038b c77aecb6
[    2.084847] random 0000 0000 0000 47187b9d 03f21510: urand_change_num 42 extract_buf: pool_sig 00000192, data_sig 00000075, bytes_mixed 20 47187b9d 03f21510
[    2.084852] random 0000 0000 0000 47187b9d 03f21510: urand_change_num 43 extract_buf: pool_sig 0000018e, data_sig ffffffbf, bytes_mixed 20 47187b9d 03f21510
[    2.084856] random 0000 0000 0000 3180b1fc 0fa9c973: urand_change_num 44 extract_buf: pool_sig fffffecf, data_sig ffffff2a, bytes_mixed 20 3180b1fc 0fa9c973
[    2.084858] BEGIN NET_SECRET:
[    2.084860] \xffffff87
[    2.084861] \xffffff8d
[    2.084862] \xfffffff4
[    2.084863] \xffffffae
[    2.084864] \xffffffc3
[    2.084865] \xffffffb7
[    2.084866] \x31
[    2.084867] \x65
[    2.084868] \xffffffda
[    2.084869] \xffffffa2
[    2.084870] \x31
[    2.084872] \xffffffc8
[    2.084873] \xffffffa9
[    2.084874] \x76
[    2.084875] \x76
[    2.084876] \xffffff90
[    2.084877] \x55
[    2.084878] \xfffffff3
[    2.084879] \xffffffb1
[    2.084880] \x3
[    2.084881] \xffffffb3
[    2.084882] \xffffffa7
[    2.084883] \x5a
[    2.084884] \x71
[    2.084885] \x70
[    2.084886] \xffffff8c
[    2.084888] \x56
[    2.084889] \x25
[    2.084890] \xffffffe1
[    2.084891] \x4c
[    2.084892] \xffffffe6
[    2.084893] \xffffff95
[    2.084894] \x67
[    2.084895] \x4c
[    2.084896] \xffffffb9
[    2.084897] \x1d
[    2.084898] \xe
[    2.084899] \x34
[    2.084900] \xffffffbe
[    2.084901] \x12
[    2.084902] \x5
[    2.084903] \xffffff98
[    2.084905] \xffffffa0
[    2.084906] \xf
[    2.084907] \xffffffb2
[    2.084908] \xffffffde
[    2.084909] \xffffff99
[    2.084910] \xf
[    2.084911] \xffffffe8
[    2.084912] \xffffffc8
[    2.084913] \x1f
[    2.084914] \x54
[    2.084915] \x2c
[    2.084916] \xffffffee
[    2.084917] \x2e
[    2.084918] \x0
[    2.084919] \xffffff95
[    2.084920] \x0
[    2.084922] \xffffffe3
[    2.084923] \xffffffa7
[    2.084924] \xfffffffd
[    2.084925] \x66
[    2.084926] \xffffff92
[    2.084927] \xfffffff0
[    2.084928] 
[    2.084929] END NET_SECRET
[    2.084931] random 0000 0000 0000 3180b1fc 0fa9c973: rand_read_num 10 get_random_bytes(4): sig ffffff46 3180b1fc 0fa9c973
[    2.084934] random 0000 0000 0000 3180b1fc 0fa9c973: extract_entropy(.. 4 ..)
[    2.084936] random 0000 0000 0000 3180b1fc 0fa9c973: going to reseed nonblocking with 64 bits (32 of 0 requested)
[    2.084938] random 0000 0000 0000 3180b1fc 0fa9c973: extract_entropy(.. 8 ..)
[    2.084940] random 0000 0000 0000 3180b1fc 0fa9c973: trying to extract 64 bits from input
[    2.084942] random 0000 0000 0000 3180b1fc 0fa9c973: debiting 0 entropy credits from input
[    2.084944] random 0000 0000 0000 3180b1fc 0fa9c973: extract_entropy account returned: 0 
[    2.084947] random 0000 0000 0000 3180b1fc 0fa9c973: urand_change_num 45 xfer_secondary_pool(4): pool_sig ffffff46, data_sig 00000000, bytes_mixed 0 3180b1fc 0fa9c973
[    2.084949] random 0000 0000 0000 3180b1fc 0fa9c973: trying to extract 32 bits from nonblocking
[    2.084951] random 0000 0000 0000 3180b1fc 0fa9c973: debiting 32 entropy credits from nonblocking (unlimited)
[    2.084953] random 0000 0000 0000 3180b1fc 0fa9c973: extract_entropy account returned: 4 
[    2.084956] random 0000 0000 0000 3180b1fc 0fa9c973: urand_change_num 46 extract_buf: pool_sig ffffff46, data_sig 0000001b, bytes_mixed 20 3180b1fc 0fa9c973
[    2.259551] ata2.00: ATAPI: VMware Virtual IDE CDROM Drive, 00000001, max UDMA/33
[    2.259833] ata2.00: configured for UDMA/33
[    2.260214] scsi 1:0:0:0: CD-ROM            NECVMWar VMware IDE CDR10 1.00 PQ: 0 ANSI: 5
[    2.261505] sr0: scsi3-mmc drive: 306x/306x cd/rw xa/form2 cdda tray
[    2.261509] Uniform CD-ROM driver Revision: 3.20
[    2.261561] sr 1:0:0:0: Attached scsi CD-ROM sr0
[    2.261596] sr 1:0:0:0: Attached scsi generic sg0 type 5
[    2.261632] Freeing unused kernel memory: 652k freed
[    2.261684] Write protecting the kernel text: 4840k
[    2.261715] Write protecting the kernel read-only data: 1968k
[    2.261803] random 0000 0000 0000 38974d2b 1d8d6de0: rand_read_num 11 get_random_bytes(16): sig 000001c6 38974d2b 1d8d6de0
