[    0.000000] random 0000 0000 0000 00000000 00000000: rand_read_num 1 get_random_bytes(8): sig 00000000 00000000 00000000
[    0.000000] random 0000 0000 0000 00000000 00000000: extract_entropy(.. 8 ..)
[    0.000000] random 0000 0000 0000 00000000 00000000: going to reseed nonblocking with 64 bits (64 of 0 requested)
[    0.000000] random 0000 0000 0000 00000000 00000000: extract_entropy(.. 8 ..)
[    0.000000] random 0000 0000 0000 00000000 00000000: trying to extract 64 bits from input
[    0.000000] random 0000 0000 0000 00000000 00000000: debiting 0 entropy credits from input
[    0.000000] random 0000 0000 0000 00000000 00000000: extract_entropy account returned: 0 
[    0.000000] random 0000 0000 0000 00000000 00000000: urand_change_num 1 xfer_secondary_pool(8): pool_sig 00000000, data_sig 00000000, bytes_mixed 0 00000000 00000000
[    0.000000] random 0000 0000 0000 00000000 00000000: trying to extract 64 bits from nonblocking
[    0.000000] random 0000 0000 0000 00000000 00000000: debiting 64 entropy credits from nonblocking (unlimited)
[    0.000000] random 0000 0000 0000 00000000 00000000: extract_entropy account returned: 8 
[    0.000000] random 0000 0000 0000 00000000 00000000: urand_change_num 2 extract_buf: pool_sig 00000000, data_sig fffffff9, bytes_mixed 20 00000000 00000000
[    0.000000] Initializing cgroup subsys cpuset
[    0.000000] Initializing cgroup subsys cpu
[    0.000000] Linux version 2.6.32.57 (dcashman@ubuntu) (gcc version 4.6.3 (Ubuntu/Linaro 4.6.3-1ubuntu5) ) #4 SMP Fri May 24 11:09:26 PDT 2013
[    0.000000] KERNEL supported cpus:
[    0.000000]   Intel GenuineIntel
[    0.000000]   AMD AuthenticAMD
[    0.000000]   NSC Geode by NSC
[    0.000000]   Cyrix CyrixInstead
[    0.000000]   Centaur CentaurHauls
[    0.000000]   Transmeta GenuineTMx86
[    0.000000]   Transmeta TransmetaCPU
[    0.000000]   UMC UMC UMC UMC
[    0.000000] BIOS-provided physical RAM map:
[    0.000000]  BIOS-e820: 0000000000000000 - 000000000009f000 (usable)
[    0.000000]  BIOS-e820: 000000000009f000 - 00000000000a0000 (reserved)
[    0.000000]  BIOS-e820: 00000000000ca000 - 00000000000cc000 (reserved)
[    0.000000]  BIOS-e820: 00000000000dc000 - 0000000000100000 (reserved)
[    0.000000]  BIOS-e820: 0000000000100000 - 000000003fee0000 (usable)
[    0.000000]  BIOS-e820: 000000003fee0000 - 000000003feff000 (ACPI data)
[    0.000000]  BIOS-e820: 000000003feff000 - 000000003ff00000 (ACPI NVS)
[    0.000000]  BIOS-e820: 000000003ff00000 - 0000000040000000 (usable)
[    0.000000]  BIOS-e820: 00000000e0000000 - 00000000f0000000 (reserved)
[    0.000000]  BIOS-e820: 00000000fec00000 - 00000000fec10000 (reserved)
[    0.000000]  BIOS-e820: 00000000fee00000 - 00000000fee01000 (reserved)
[    0.000000]  BIOS-e820: 00000000fffe0000 - 0000000100000000 (reserved)
[    0.000000] DMI present.
[    0.000000] Phoenix BIOS detected: BIOS may corrupt low RAM, working around it.
[    0.000000] e820 update range: 0000000000000000 - 0000000000010000 (usable) ==> (reserved)
[    0.000000] last_pfn = 0x40000 max_arch_pfn = 0x1000000
[    0.000000] MTRR default type: uncachable
[    0.000000] MTRR fixed ranges enabled:
[    0.000000]   00000-9FFFF write-back
[    0.000000]   A0000-BFFFF uncachable
[    0.000000]   C0000-CBFFF write-protect
[    0.000000]   CC000-EFFFF uncachable
[    0.000000]   F0000-FFFFF write-protect
[    0.000000] MTRR variable ranges enabled:
[    0.000000]   0 base 0000000000 mask FFC0000000 write-back
[    0.000000]   1 disabled
[    0.000000]   2 disabled
[    0.000000]   3 disabled
[    0.000000]   4 disabled
[    0.000000]   5 disabled
[    0.000000]   6 disabled
[    0.000000]   7 disabled
[    0.000000] x86 PAT enabled: cpu 0, old 0x0, new 0x7010600070106
[    0.000000] Scanning 0 areas for low memory corruption
[    0.000000] modified physical RAM map:
[    0.000000]  modified: 0000000000000000 - 0000000000010000 (reserved)
[    0.000000]  modified: 0000000000010000 - 000000000009f000 (usable)
[    0.000000]  modified: 000000000009f000 - 00000000000a0000 (reserved)
[    0.000000]  modified: 00000000000ca000 - 00000000000cc000 (reserved)
[    0.000000]  modified: 00000000000dc000 - 0000000000100000 (reserved)
[    0.000000]  modified: 0000000000100000 - 000000003fee0000 (usable)
[    0.000000]  modified: 000000003fee0000 - 000000003feff000 (ACPI data)
[    0.000000]  modified: 000000003feff000 - 000000003ff00000 (ACPI NVS)
[    0.000000]  modified: 000000003ff00000 - 0000000040000000 (usable)
[    0.000000]  modified: 00000000e0000000 - 00000000f0000000 (reserved)
[    0.000000]  modified: 00000000fec00000 - 00000000fec10000 (reserved)
[    0.000000]  modified: 00000000fee00000 - 00000000fee01000 (reserved)
[    0.000000]  modified: 00000000fffe0000 - 0000000100000000 (reserved)
[    0.000000] initial memory mapped : 0 - 01e00000
[    0.000000] init_memory_mapping: 0000000000000000-00000000379fe000
[    0.000000] NX (Execute Disable) protection: active
[    0.000000]  0000000000 - 0000200000 page 4k
[    0.000000]  0000200000 - 0037800000 page 2M
[    0.000000]  0037800000 - 00379fe000 page 4k
[    0.000000] kernel direct mapping tables up to 379fe000 @ 10000-16000
[    0.000000] RAMDISK: 2dcfc000 - 32e758c3
[    0.000000] ACPI: RSDP 000f6b80 00024 (v02 PTLTD )
[    0.000000] ACPI: XSDT 3feed636 0005C (v01 INTEL  440BX    06040000 VMW  01324272)
[    0.000000] ACPI: FACP 3fefee98 000F4 (v04 INTEL  440BX    06040000 PTL  000F4240)
[    0.000000] ACPI: DSDT 3feee366 10B32 (v01 PTLTD  Custom   06040000 MSFT 03000001)
[    0.000000] ACPI: FACS 3fefffc0 00040
[    0.000000] ACPI: BOOT 3feee33e 00028 (v01 PTLTD  $SBFTBL$ 06040000  LTP 00000001)
[    0.000000] ACPI: APIC 3feedc3e 003C2 (v01 PTLTD  ? APIC   06040000  LTP 00000000)
[    0.000000] ACPI: MCFG 3feedc02 0003C (v01 PTLTD  $PCITBL$ 06040000  LTP 00000001)
[    0.000000] ACPI: SRAT 3feed732 004D0 (v02 VMWARE MEMPLUG  06040000 VMW  00000001)
[    0.000000] ACPI: HPET 3feed6fa 00038 (v01 VMWARE VMW HPET 06040000 VMW  00000001)
[    0.000000] ACPI: WAET 3feed6d2 00028 (v01 VMWARE VMW WAET 06040000 VMW  00000001)
[    0.000000] ACPI: Local APIC address 0xfee00000
[    0.000000] 134MB HIGHMEM available.
[    0.000000] 889MB LOWMEM available.
[    0.000000]   mapped low ram: 0 - 379fe000
[    0.000000]   low ram: 0 - 379fe000
[    0.000000]   node 0 low ram: 00000000 - 379fe000
[    0.000000]   node 0 bootmap 00012000 - 00018f40
[    0.000000] (9 early reservations) ==> bootmem [0000000000 - 00379fe000]
[    0.000000]   #0 [0000000000 - 0000001000]   BIOS data page ==> [0000000000 - 0000001000]
[    0.000000]   #1 [0000001000 - 0000002000]    EX TRAMPOLINE ==> [0000001000 - 0000002000]
[    0.000000]   #2 [0000006000 - 0000007000]       TRAMPOLINE ==> [0000006000 - 0000007000]
[    0.000000]   #3 [0001000000 - 0001a75ff8]    TEXT DATA BSS ==> [0001000000 - 0001a75ff8]
[    0.000000]   #4 [002dcfc000 - 0032e758c3]          RAMDISK ==> [002dcfc000 - 0032e758c3]
[    0.000000]   #5 [000009f000 - 0000100000]    BIOS reserved ==> [000009f000 - 0000100000]
[    0.000000]   #6 [0001a76000 - 0001a851c0]              BRK ==> [0001a76000 - 0001a851c0]
[    0.000000]   #7 [0000010000 - 0000012000]          PGTABLE ==> [0000010000 - 0000012000]
[    0.000000]   #8 [0000012000 - 0000019000]          BOOTMAP ==> [0000012000 - 0000019000]
[    0.000000] found SMP MP-table at [c00f6bf0] f6bf0
[    0.000000] Zone PFN ranges:
[    0.000000]   DMA      0x00000010 -> 0x00001000
[    0.000000]   Normal   0x00001000 -> 0x000379fe
[    0.000000]   HighMem  0x000379fe -> 0x00040000
[    0.000000] Movable zone start PFN for each node
[    0.000000] early_node_map[3] active PFN ranges
[    0.000000]     0: 0x00000010 -> 0x0000009f
[    0.000000]     0: 0x00000100 -> 0x0003fee0
[    0.000000]     0: 0x0003ff00 -> 0x00040000
[    0.000000] On node 0 totalpages: 261999
[    0.000000] free_area_init_node: node 0, pgdat c1715200, node_mem_map c1a87200
[    0.000000]   DMA zone: 32 pages used for memmap
[    0.000000]   DMA zone: 0 pages reserved
[    0.000000]   DMA zone: 3951 pages, LIFO batch:0
[    0.000000]   Normal zone: 1748 pages used for memmap
[    0.000000]   Normal zone: 221994 pages, LIFO batch:31
[    0.000000]   HighMem zone: 269 pages used for memmap
[    0.000000]   HighMem zone: 34005 pages, LIFO batch:7
[    0.000000] Using APIC driver default
[    0.000000] ACPI: PM-Timer IO Port: 0x1008
[    0.000000] ACPI: Local APIC address 0xfee00000
[    0.000000] ACPI: LAPIC (acpi_id[0x00] lapic_id[0x00] enabled)
[    0.000000] ACPI: LAPIC (acpi_id[0x01] lapic_id[0x02] disabled)
[    0.000000] ACPI: LAPIC (acpi_id[0x02] lapic_id[0x04] disabled)
[    0.000000] ACPI: LAPIC (acpi_id[0x03] lapic_id[0x06] disabled)
[    0.000000] ACPI: LAPIC (acpi_id[0x04] lapic_id[0x08] disabled)
[    0.000000] ACPI: LAPIC (acpi_id[0x05] lapic_id[0x0a] disabled)
[    0.000000] ACPI: LAPIC (acpi_id[0x06] lapic_id[0x0c] disabled)
[    0.000000] ACPI: LAPIC (acpi_id[0x07] lapic_id[0x0e] disabled)
[    0.000000] ACPI: LAPIC (acpi_id[0x08] lapic_id[0x10] disabled)
[    0.000000] ACPI: LAPIC (acpi_id[0x09] lapic_id[0x12] disabled)
[    0.000000] ACPI: LAPIC (acpi_id[0x0a] lapic_id[0x14] disabled)
[    0.000000] ACPI: LAPIC (acpi_id[0x0b] lapic_id[0x16] disabled)
[    0.000000] ACPI: LAPIC (acpi_id[0x0c] lapic_id[0x18] disabled)
[    0.000000] ACPI: LAPIC (acpi_id[0x0d] lapic_id[0x1a] disabled)
[    0.000000] ACPI: LAPIC (acpi_id[0x0e] lapic_id[0x1c] disabled)
[    0.000000] ACPI: LAPIC (acpi_id[0x0f] lapic_id[0x1e] disabled)
[    0.000000] ACPI: LAPIC (acpi_id[0x10] lapic_id[0x20] disabled)
[    0.000000] ACPI: LAPIC (acpi_id[0x11] lapic_id[0x22] disabled)
[    0.000000] ACPI: LAPIC (acpi_id[0x12] lapic_id[0x24] disabled)
[    0.000000] ACPI: LAPIC (acpi_id[0x13] lapic_id[0x26] disabled)
[    0.000000] ACPI: LAPIC (acpi_id[0x14] lapic_id[0x28] disabled)
[    0.000000] ACPI: LAPIC (acpi_id[0x15] lapic_id[0x2a] disabled)
[    0.000000] ACPI: LAPIC (acpi_id[0x16] lapic_id[0x2c] disabled)
[    0.000000] ACPI: LAPIC (acpi_id[0x17] lapic_id[0x2e] disabled)
[    0.000000] ACPI: LAPIC (acpi_id[0x18] lapic_id[0x30] disabled)
[    0.000000] ACPI: LAPIC (acpi_id[0x19] lapic_id[0x32] disabled)
[    0.000000] ACPI: LAPIC (acpi_id[0x1a] lapic_id[0x34] disabled)
[    0.000000] ACPI: LAPIC (acpi_id[0x1b] lapic_id[0x36] disabled)
[    0.000000] ACPI: LAPIC (acpi_id[0x1c] lapic_id[0x38] disabled)
[    0.000000] ACPI: LAPIC (acpi_id[0x1d] lapic_id[0x3a] disabled)
[    0.000000] ACPI: LAPIC (acpi_id[0x1e] lapic_id[0x3c] disabled)
[    0.000000] ACPI: LAPIC (acpi_id[0x1f] lapic_id[0x3e] disabled)
[    0.000000] ACPI: LAPIC (acpi_id[0x20] lapic_id[0x40] disabled)
[    0.000000] ACPI: LAPIC (acpi_id[0x21] lapic_id[0x42] disabled)
[    0.000000] ACPI: LAPIC (acpi_id[0x22] lapic_id[0x44] disabled)
[    0.000000] ACPI: LAPIC (acpi_id[0x23] lapic_id[0x46] disabled)
[    0.000000] ACPI: LAPIC (acpi_id[0x24] lapic_id[0x48] disabled)
[    0.000000] ACPI: LAPIC (acpi_id[0x25] lapic_id[0x4a] disabled)
[    0.000000] ACPI: LAPIC (acpi_id[0x26] lapic_id[0x4c] disabled)
[    0.000000] ACPI: LAPIC (acpi_id[0x27] lapic_id[0x4e] disabled)
[    0.000000] ACPI: LAPIC (acpi_id[0x28] lapic_id[0x50] disabled)
[    0.000000] ACPI: LAPIC (acpi_id[0x29] lapic_id[0x52] disabled)
[    0.000000] ACPI: LAPIC (acpi_id[0x2a] lapic_id[0x54] disabled)
[    0.000000] ACPI: LAPIC (acpi_id[0x2b] lapic_id[0x56] disabled)
[    0.000000] ACPI: LAPIC (acpi_id[0x2c] lapic_id[0x58] disabled)
[    0.000000] ACPI: LAPIC (acpi_id[0x2d] lapic_id[0x5a] disabled)
[    0.000000] ACPI: LAPIC (acpi_id[0x2e] lapic_id[0x5c] disabled)
[    0.000000] ACPI: LAPIC (acpi_id[0x2f] lapic_id[0x5e] disabled)
[    0.000000] ACPI: LAPIC (acpi_id[0x30] lapic_id[0x60] disabled)
[    0.000000] ACPI: LAPIC (acpi_id[0x31] lapic_id[0x62] disabled)
[    0.000000] ACPI: LAPIC (acpi_id[0x32] lapic_id[0x64] disabled)
[    0.000000] ACPI: LAPIC (acpi_id[0x33] lapic_id[0x66] disabled)
[    0.000000] ACPI: LAPIC (acpi_id[0x34] lapic_id[0x68] disabled)
[    0.000000] ACPI: LAPIC (acpi_id[0x35] lapic_id[0x6a] disabled)
[    0.000000] ACPI: LAPIC (acpi_id[0x36] lapic_id[0x6c] disabled)
[    0.000000] ACPI: LAPIC (acpi_id[0x37] lapic_id[0x6e] disabled)
[    0.000000] ACPI: LAPIC (acpi_id[0x38] lapic_id[0x70] disabled)
[    0.000000] ACPI: LAPIC (acpi_id[0x39] lapic_id[0x72] disabled)
[    0.000000] ACPI: LAPIC (acpi_id[0x3a] lapic_id[0x74] disabled)
[    0.000000] ACPI: LAPIC (acpi_id[0x3b] lapic_id[0x76] disabled)
[    0.000000] ACPI: LAPIC (acpi_id[0x3c] lapic_id[0x78] disabled)
[    0.000000] ACPI: LAPIC (acpi_id[0x3d] lapic_id[0x7a] disabled)
[    0.000000] ACPI: LAPIC (acpi_id[0x3e] lapic_id[0x7c] disabled)
[    0.000000] ACPI: LAPIC (acpi_id[0x3f] lapic_id[0x7e] disabled)
[    0.000000] ACPI: LAPIC_NMI (acpi_id[0x00] high edge lint[0x1])
[    0.000000] ACPI: LAPIC_NMI (acpi_id[0x01] high edge lint[0x1])
[    0.000000] ACPI: LAPIC_NMI (acpi_id[0x02] high edge lint[0x1])
[    0.000000] ACPI: LAPIC_NMI (acpi_id[0x03] high edge lint[0x1])
[    0.000000] ACPI: LAPIC_NMI (acpi_id[0x04] high edge lint[0x1])
[    0.000000] ACPI: LAPIC_NMI (acpi_id[0x05] high edge lint[0x1])
[    0.000000] ACPI: LAPIC_NMI (acpi_id[0x06] high edge lint[0x1])
[    0.000000] ACPI: LAPIC_NMI (acpi_id[0x07] high edge lint[0x1])
[    0.000000] ACPI: LAPIC_NMI (acpi_id[0x08] high edge lint[0x1])
[    0.000000] ACPI: LAPIC_NMI (acpi_id[0x09] high edge lint[0x1])
[    0.000000] ACPI: LAPIC_NMI (acpi_id[0x0a] high edge lint[0x1])
[    0.000000] ACPI: LAPIC_NMI (acpi_id[0x0b] high edge lint[0x1])
[    0.000000] ACPI: LAPIC_NMI (acpi_id[0x0c] high edge lint[0x1])
[    0.000000] ACPI: LAPIC_NMI (acpi_id[0x0d] high edge lint[0x1])
[    0.000000] ACPI: LAPIC_NMI (acpi_id[0x0e] high edge lint[0x1])
[    0.000000] ACPI: LAPIC_NMI (acpi_id[0x0f] high edge lint[0x1])
[    0.000000] ACPI: LAPIC_NMI (acpi_id[0x10] high edge lint[0x1])
[    0.000000] ACPI: LAPIC_NMI (acpi_id[0x11] high edge lint[0x1])
[    0.000000] ACPI: LAPIC_NMI (acpi_id[0x12] high edge lint[0x1])
[    0.000000] ACPI: LAPIC_NMI (acpi_id[0x13] high edge lint[0x1])
[    0.000000] ACPI: LAPIC_NMI (acpi_id[0x14] high edge lint[0x1])
[    0.000000] ACPI: LAPIC_NMI (acpi_id[0x15] high edge lint[0x1])
[    0.000000] ACPI: LAPIC_NMI (acpi_id[0x16] high edge lint[0x1])
[    0.000000] ACPI: LAPIC_NMI (acpi_id[0x17] high edge lint[0x1])
[    0.000000] ACPI: LAPIC_NMI (acpi_id[0x18] high edge lint[0x1])
[    0.000000] ACPI: LAPIC_NMI (acpi_id[0x19] high edge lint[0x1])
[    0.000000] ACPI: LAPIC_NMI (acpi_id[0x1a] high edge lint[0x1])
[    0.000000] ACPI: LAPIC_NMI (acpi_id[0x1b] high edge lint[0x1])
[    0.000000] ACPI: LAPIC_NMI (acpi_id[0x1c] high edge lint[0x1])
[    0.000000] ACPI: LAPIC_NMI (acpi_id[0x1d] high edge lint[0x1])
[    0.000000] ACPI: LAPIC_NMI (acpi_id[0x1e] high edge lint[0x1])
[    0.000000] ACPI: LAPIC_NMI (acpi_id[0x1f] high edge lint[0x1])
[    0.000000] ACPI: LAPIC_NMI (acpi_id[0x20] high edge lint[0x1])
[    0.000000] ACPI: LAPIC_NMI (acpi_id[0x21] high edge lint[0x1])
[    0.000000] ACPI: LAPIC_NMI (acpi_id[0x22] high edge lint[0x1])
[    0.000000] ACPI: LAPIC_NMI (acpi_id[0x23] high edge lint[0x1])
[    0.000000] ACPI: LAPIC_NMI (acpi_id[0x24] high edge lint[0x1])
[    0.000000] ACPI: LAPIC_NMI (acpi_id[0x25] high edge lint[0x1])
[    0.000000] ACPI: LAPIC_NMI (acpi_id[0x26] high edge lint[0x1])
[    0.000000] ACPI: LAPIC_NMI (acpi_id[0x27] high edge lint[0x1])
[    0.000000] ACPI: LAPIC_NMI (acpi_id[0x28] high edge lint[0x1])
[    0.000000] ACPI: LAPIC_NMI (acpi_id[0x29] high edge lint[0x1])
[    0.000000] ACPI: LAPIC_NMI (acpi_id[0x2a] high edge lint[0x1])
[    0.000000] ACPI: LAPIC_NMI (acpi_id[0x2b] high edge lint[0x1])
[    0.000000] ACPI: LAPIC_NMI (acpi_id[0x2c] high edge lint[0x1])
[    0.000000] ACPI: LAPIC_NMI (acpi_id[0x2d] high edge lint[0x1])
[    0.000000] ACPI: LAPIC_NMI (acpi_id[0x2e] high edge lint[0x1])
[    0.000000] ACPI: LAPIC_NMI (acpi_id[0x2f] high edge lint[0x1])
[    0.000000] ACPI: LAPIC_NMI (acpi_id[0x30] high edge lint[0x1])
[    0.000000] ACPI: LAPIC_NMI (acpi_id[0x31] high edge lint[0x1])
[    0.000000] ACPI: LAPIC_NMI (acpi_id[0x32] high edge lint[0x1])
[    0.000000] ACPI: LAPIC_NMI (acpi_id[0x33] high edge lint[0x1])
[    0.000000] ACPI: LAPIC_NMI (acpi_id[0x34] high edge lint[0x1])
[    0.000000] ACPI: LAPIC_NMI (acpi_id[0x35] high edge lint[0x1])
[    0.000000] ACPI: LAPIC_NMI (acpi_id[0x36] high edge lint[0x1])
[    0.000000] ACPI: LAPIC_NMI (acpi_id[0x37] high edge lint[0x1])
[    0.000000] ACPI: LAPIC_NMI (acpi_id[0x38] high edge lint[0x1])
[    0.000000] ACPI: LAPIC_NMI (acpi_id[0x39] high edge lint[0x1])
[    0.000000] ACPI: LAPIC_NMI (acpi_id[0x3a] high edge lint[0x1])
[    0.000000] ACPI: LAPIC_NMI (acpi_id[0x3b] high edge lint[0x1])
[    0.000000] ACPI: LAPIC_NMI (acpi_id[0x3c] high edge lint[0x1])
[    0.000000] ACPI: LAPIC_NMI (acpi_id[0x3d] high edge lint[0x1])
[    0.000000] ACPI: LAPIC_NMI (acpi_id[0x3e] high edge lint[0x1])
[    0.000000] ACPI: LAPIC_NMI (acpi_id[0x3f] high edge lint[0x1])
[    0.000000] ACPI: Skipping IOAPIC probe due to 'noapic' option.
[    0.000000] Using ACPI for processor (LAPIC) configuration information
[    0.000000] ACPI: HPET id: 0x8086af01 base: 0xfed00000
[    0.000000] Intel MultiProcessor Specification v1.4
[    0.000000]     Virtual Wire compatibility mode.
[    0.000000] MPTABLE: OEM ID: INTEL   
[    0.000000] MPTABLE: Product ID: 440BX       
[    0.000000] MPTABLE: APIC at: 0xFEE00000
[    0.000000] I/O APIC #1 Version 17 at 0xFEC00000.
[    0.000000] Processors: 1
[    0.000000] 64 Processors exceeds NR_CPUS limit of 8
[    0.000000] SMP: Allowing 8 CPUs, 7 hotplug CPUs
[    0.000000] nr_irqs_gsi: 24
[    0.000000] PM: Registered nosave memory: 000000000009f000 - 00000000000a0000
[    0.000000] PM: Registered nosave memory: 00000000000a0000 - 00000000000ca000
[    0.000000] PM: Registered nosave memory: 00000000000ca000 - 00000000000cc000
[    0.000000] PM: Registered nosave memory: 00000000000cc000 - 00000000000dc000
[    0.000000] PM: Registered nosave memory: 00000000000dc000 - 0000000000100000
[    0.000000] Allocating PCI resources starting at 40000000 (gap: 40000000:a0000000)
[    0.000000] Booting paravirtualized kernel on bare hardware
[    0.000000] NR_CPUS:8 nr_cpumask_bits:8 nr_cpu_ids:8 nr_node_ids:1
[    0.000000] PERCPU: Embedded 15 pages/cpu @c2400000 s39320 r0 d22120 u262144
[    0.000000] pcpu-alloc: s39320 r0 d22120 u262144 alloc=1*2097152
[    0.000000] pcpu-alloc: [0] 0 1 2 3 4 5 6 7 
[    0.000000] Built 1 zonelists in Zone order, mobility grouping on.  Total pages: 259950
[    0.000000] Kernel command line: BOOT_IMAGE=/boot/vmlinuz-2.6.32.57 root=UUID=007b598c-390d-4c65-84a1-4ff752d48633 ro quiet splash maxcpus=0
[    0.000000] PID hash table entries: 4096 (order: 2, 16384 bytes)
[    0.000000] Dentry cache hash table entries: 131072 (order: 7, 524288 bytes)
[    0.000000] Inode-cache hash table entries: 65536 (order: 6, 262144 bytes)
[    0.000000] Enabling fast FPU save and restore... done.
[    0.000000] Enabling unmasked SIMD FPU exception support... done.
[    0.000000] Initializing CPU#0
[    0.000000] xsave/xrstor: enabled xstate_bv 0x7, cntxt size 0x340
[    0.000000] allocated 5242560 bytes of page_cgroup
[    0.000000] please try 'cgroup_disable=memory' option if you don't want memory cgroups
[    0.000000] Initializing HighMem for node 0 (000379fe:00040000)
[    0.000000] Memory: 938260k/1048576k available (4839k kernel code, 108848k reserved, 2518k data, 652k init, 137096k highmem)
[    0.000000] virtual kernel memory layout:
[    0.000000]     fixmap  : 0xfff1e000 - 0xfffff000   ( 900 kB)
[    0.000000]     pkmap   : 0xffa00000 - 0xffc00000   (2048 kB)
[    0.000000]     vmalloc : 0xf81fe000 - 0xff9fe000   ( 120 MB)
[    0.000000]     lowmem  : 0xc0000000 - 0xf79fe000   ( 889 MB)
[    0.000000]       .init : 0xc1730000 - 0xc17d3000   ( 652 kB)
[    0.000000]       .data : 0xc14b9cce - 0xc172f764   (2518 kB)
[    0.000000]       .text : 0xc1000000 - 0xc14b9cce   (4839 kB)
[    0.000000] Checking if this processor honours the WP bit even in supervisor mode...Ok.
[    0.000000] SLUB: Genslabs=13, HWalign=64, Order=0-3, MinObjects=0, CPUs=8, Nodes=1
[    0.000000] Hierarchical RCU implementation.
[    0.000000] NR_IRQS:2304 nr_irqs:472
[    0.000000] Extended CMOS year: 2000
[    0.000000] Console: colour VGA+ 80x25
[    0.000000] console [tty0] enabled
[    0.000000] hpet clockevent registered
[    0.000000] TSC freq read from hypervisor : 2394.620 MHz
[    0.000000] Detected 2394.620 MHz processor.
[    0.000003] Calibrating delay loop (skipped) preset value.. 4789.24 BogoMIPS (lpj=9578480)
[    0.000011] Security Framework initialized
[    0.000015] SELinux:  Disabled at boot.
[    0.000019] Mount-cache hash table entries: 512
[    0.000115] Initializing cgroup subsys cpuacct
[    0.000118] Initializing cgroup subsys memory
[    0.000121] Initializing cgroup subsys devices
[    0.000123] Initializing cgroup subsys freezer
[    0.000149] CPU: Physical Processor ID: 0
[    0.000156] CPU: L1 I cache: 32K, L1 D cache: 32K
[    0.000157] CPU: L2 cache: 256K
[    0.000158] CPU: L3 cache: 4096K
[    0.000163] mce: CPU supports 0 MCE banks
[    0.000175] Performance Events: no PMU driver, software events only.
[    0.000184] Checking 'hlt' instruction... OK.
[    0.017662] SMP alternatives: switching to UP code
[    0.036228] ACPI: Core revision 20090903
[    0.042814] ACPI: setting ELCR to 0200 (from 0e20)
[    0.043798] ftrace: converting mcount calls to 0f 1f 44 00 00
[    0.043803] ftrace: allocating 22631 entries in 45 pages
[    0.061579] CANARY value: 42543134 for PID: 1
[    0.061612] Not enabling x2apic, Intr-remapping init failed.
[    0.061613] Enabling APIC mode:  Flat.  Using 1 I/O APICs
[    0.061621] SMP mode deactivated.
[    0.061648] SMP disabled
[    0.061707] Brought up 1 CPUs
[    0.061708] Total of 1 processors activated (4789.24 BogoMIPS).
[    0.061712] CPU0 attaching NULL sched-domain.
[    0.061785] devtmpfs: initialized
[    0.061897] sysctl table check failed: /kernel/random/now_input .1.40.7 Unknown sysctl binary path
[    0.062166] Pid: 1, comm: swapper Not tainted 2.6.32.57 #4
[    0.062167] Call Trace:
[    0.062171]  [<c14a8a0e>] ? printk+0x1d/0x1f
[    0.062175]  [<c107b56f>] set_fail+0x4f/0x60
[    0.062177]  [<c107b8b3>] sysctl_check_table+0x333/0x620
[    0.062179]  [<c107b8cc>] sysctl_check_table+0x34c/0x620
[    0.062180]  [<c107b8cc>] sysctl_check_table+0x34c/0x620
[    0.062184]  [<c1746d48>] sysctl_init+0x25/0x29
[    0.062187]  [<c1003042>] do_one_initcall+0x32/0x1a0
[    0.062189]  [<c1746d23>] ? sysctl_init+0x0/0x29
[    0.062191]  [<c17308e7>] kernel_init+0x12d/0x17a
[    0.062193]  [<c17307ba>] ? kernel_init+0x0/0x17a
[    0.062195]  [<c1009b07>] kernel_thread_helper+0x7/0x10
[    0.062197] sysctl table check failed: /kernel/random/now_blocking .1.40.8 Unknown sysctl binary path
[    0.062442] Pid: 1, comm: swapper Not tainted 2.6.32.57 #4
[    0.062443] Call Trace:
[    0.062445]  [<c14a8a0e>] ? printk+0x1d/0x1f
[    0.062446]  [<c107b56f>] set_fail+0x4f/0x60
[    0.062448]  [<c107b8b3>] sysctl_check_table+0x333/0x620
[    0.062450]  [<c107b8cc>] sysctl_check_table+0x34c/0x620
[    0.062451]  [<c107b8cc>] sysctl_check_table+0x34c/0x620
[    0.062454]  [<c1746d48>] sysctl_init+0x25/0x29
[    0.062455]  [<c1003042>] do_one_initcall+0x32/0x1a0
[    0.062458]  [<c1746d23>] ? sysctl_init+0x0/0x29
[    0.062459]  [<c17308e7>] kernel_init+0x12d/0x17a
[    0.062461]  [<c17307ba>] ? kernel_init+0x0/0x17a
[    0.062463]  [<c1009b07>] kernel_thread_helper+0x7/0x10
[    0.062464] sysctl table check failed: /kernel/random/now_nonblocking .1.40.9 Unknown sysctl binary path
[    0.062710] Pid: 1, comm: swapper Not tainted 2.6.32.57 #4
[    0.062711] Call Trace:
[    0.062713]  [<c14a8a0e>] ? printk+0x1d/0x1f
[    0.062714]  [<c107b56f>] set_fail+0x4f/0x60
[    0.062716]  [<c107b8b3>] sysctl_check_table+0x333/0x620
[    0.062718]  [<c107b8cc>] sysctl_check_table+0x34c/0x620
[    0.062719]  [<c107b8cc>] sysctl_check_table+0x34c/0x620
[    0.062722]  [<c1746d48>] sysctl_init+0x25/0x29
[    0.062723]  [<c1003042>] do_one_initcall+0x32/0x1a0
[    0.062725]  [<c1746d23>] ? sysctl_init+0x0/0x29
[    0.062727]  [<c17308e7>] kernel_init+0x12d/0x17a
[    0.062729]  [<c17307ba>] ? kernel_init+0x0/0x17a
[    0.062730]  [<c1009b07>] kernel_thread_helper+0x7/0x10
[    0.062732] sysctl table check failed: /kernel/random/nb_input_bytes .1.40.10 Unknown sysctl binary path
[    0.062978] Pid: 1, comm: swapper Not tainted 2.6.32.57 #4
[    0.062978] Call Trace:
[    0.062980]  [<c14a8a0e>] ? printk+0x1d/0x1f
[    0.062981]  [<c107b56f>] set_fail+0x4f/0x60
[    0.062983]  [<c107b8b3>] sysctl_check_table+0x333/0x620
[    0.062985]  [<c107b8cc>] sysctl_check_table+0x34c/0x620
[    0.062986]  [<c107b8cc>] sysctl_check_table+0x34c/0x620
[    0.062989]  [<c1746d48>] sysctl_init+0x25/0x29
[    0.062990]  [<c1003042>] do_one_initcall+0x32/0x1a0
[    0.062993]  [<c1746d23>] ? sysctl_init+0x0/0x29
[    0.062994]  [<c17308e7>] kernel_init+0x12d/0x17a
[    0.062996]  [<c17307ba>] ? kernel_init+0x0/0x17a
[    0.062997]  [<c1009b07>] kernel_thread_helper+0x7/0x10
[    0.062999] sysctl table check failed: /kernel/random/nb_stir_count .1.40.11 Unknown sysctl binary path
[    0.063253] Pid: 1, comm: swapper Not tainted 2.6.32.57 #4
[    0.063253] Call Trace:
[    0.063255]  [<c14a8a0e>] ? printk+0x1d/0x1f
[    0.063257]  [<c107b56f>] set_fail+0x4f/0x60
[    0.063258]  [<c107b8b3>] sysctl_check_table+0x333/0x620
[    0.063260]  [<c107b8cc>] sysctl_check_table+0x34c/0x620
[    0.063262]  [<c107b8cc>] sysctl_check_table+0x34c/0x620
[    0.063264]  [<c1746d48>] sysctl_init+0x25/0x29
[    0.063266]  [<c1003042>] do_one_initcall+0x32/0x1a0
[    0.063268]  [<c1746d23>] ? sysctl_init+0x0/0x29
[    0.063269]  [<c17308e7>] kernel_init+0x12d/0x17a
[    0.063271]  [<c17307ba>] ? kernel_init+0x0/0x17a
[    0.063273]  [<c1009b07>] kernel_thread_helper+0x7/0x10
[    0.063274] sysctl table check failed: /kernel/random/nb_reentry_count .1.40.12 Unknown sysctl binary path
[    0.063521] Pid: 1, comm: swapper Not tainted 2.6.32.57 #4
[    0.063522] Call Trace:
[    0.063523]  [<c14a8a0e>] ? printk+0x1d/0x1f
[    0.063525]  [<c107b56f>] set_fail+0x4f/0x60
[    0.063527]  [<c107b8b3>] sysctl_check_table+0x333/0x620
[    0.063528]  [<c107b8cc>] sysctl_check_table+0x34c/0x620
[    0.063530]  [<c107b8cc>] sysctl_check_table+0x34c/0x620
[    0.063532]  [<c1746d48>] sysctl_init+0x25/0x29
[    0.063534]  [<c1003042>] do_one_initcall+0x32/0x1a0
[    0.063536]  [<c1746d23>] ? sysctl_init+0x0/0x29
[    0.063538]  [<c17308e7>] kernel_init+0x12d/0x17a
[    0.063539]  [<c17307ba>] ? kernel_init+0x0/0x17a
[    0.063541]  [<c1009b07>] kernel_thread_helper+0x7/0x10
[    0.063657] RANDOM - __seed init called.
[    0.063658] RANDOM - __seed init called.
[    0.063659] RANDOM - __seed init called.
[    0.063660] RANDOM - __random32 called. Change num 1.  Value: 865378fd	b53d80db	1f8ba37e
[    0.063662] RANDOM - __random32 called. Change num 2.  Value: 378fdd29	53d80db0	46fc7ad7
[    0.063663] RANDOM - __random32 called. Change num 3.  Value: fdd29985	3d80db0e	f5ae23f5
[    0.063665] RANDOM - __random32 called. Change num 4.  Value: 299855dc	d80db0e5	47eb1be7
[    0.063666] RANDOM - __random32 called. Change num 5.  Value: 855dc464	80db0e5c	37cf1678
[    0.063667] RANDOM - __random32 called. Change num 6.  Value: dc4647ba	db0e5c1	2cf136f4
[    0.063669] RANDOM - random32 init called.  Value: dc4647ba	db0e5c1	2cf136f4
[    0.063674] regulator: core version 0.5
[    0.063737] Time: 20:30:25  Date: 05/24/13
[    0.063773] NET: Registered protocol family 16
[    0.063837] EISA bus registered
[    0.064632] ACPI: bus type pci registered
[    0.064729] PCI: MCFG configuration 0: base e0000000 segment 0 buses 0 - 255
[    0.064731] PCI: MCFG area at e0000000 reserved in E820
[    0.064732] PCI: Using MMCONFIG for extended config space
[    0.064733] PCI: Using configuration type 1 for base access
[    0.065216] bio: create slab <bio-0> at 0
[    0.066449] ACPI: EC: Look up EC in DSDT
[    0.103941] ACPI: BIOS _OSI(Linux) query ignored
[    0.109668] ACPI: Interpreter enabled
[    0.109672] ACPI: (supports S0 S1 S4 S5)
[    0.109683] ACPI: Using PIC for interrupt routing
[    0.191213] ACPI: No dock devices found.
[    0.192016] ACPI: PCI Root Bridge [PCI0] (0000:00)
[    0.193497] pci 0000:00:07.1: reg 20 io port: [0x10c0-0x10cf]
[    0.194005] pci 0000:00:07.3: quirk: region 1000-103f claimed by PIIX4 ACPI
[    0.194016] pci 0000:00:07.3: quirk: region 1040-104f claimed by PIIX4 SMB
[    0.194539] pci 0000:00:07.7: reg 10 io port: [0x1080-0x10bf]
[    0.194903] pci 0000:00:07.7: reg 14 64bit mmio: [0xc8000000-0xc8001fff]
[    0.196018] pci 0000:00:0f.0: reg 10 io port: [0x10d0-0x10df]
[    0.196055] pci 0000:00:0f.0: reg 14 32bit mmio pref: [0xd0000000-0xd7ffffff]
[    0.196090] pci 0000:00:0f.0: reg 18 32bit mmio: [0xc8800000-0xc8ffffff]
[    0.196226] pci 0000:00:0f.0: reg 30 32bit mmio pref: [0x000000-0x007fff]
[    0.196720] pci 0000:00:10.0: reg 10 io port: [0x1400-0x14ff]
[    0.197088] pci 0000:00:10.0: reg 14 64bit mmio: [0xc8040000-0xc805ffff]
[    0.197433] pci 0000:00:10.0: reg 1c 64bit mmio: [0xc8020000-0xc803ffff]
[    0.197503] pci 0000:00:10.0: reg 30 32bit mmio pref: [0x000000-0x003fff]
[    0.198794] pci 0000:00:15.0: PME# supported from D0 D3hot D3cold
[    0.198813] pci 0000:00:15.0: PME# disabled
[    0.199638] pci 0000:00:15.1: PME# supported from D0 D3hot D3cold
[    0.199656] pci 0000:00:15.1: PME# disabled
[    0.200488] pci 0000:00:15.2: PME# supported from D0 D3hot D3cold
[    0.200506] pci 0000:00:15.2: PME# disabled
[    0.201331] pci 0000:00:15.3: PME# supported from D0 D3hot D3cold
[    0.201349] pci 0000:00:15.3: PME# disabled
[    0.202198] pci 0000:00:15.4: PME# supported from D0 D3hot D3cold
[    0.202218] pci 0000:00:15.4: PME# disabled
[    0.203049] pci 0000:00:15.5: PME# supported from D0 D3hot D3cold
[    0.203068] pci 0000:00:15.5: PME# disabled
[    0.203876] pci 0000:00:15.6: PME# supported from D0 D3hot D3cold
[    0.203894] pci 0000:00:15.6: PME# disabled
[    0.204737] pci 0000:00:15.7: PME# supported from D0 D3hot D3cold
[    0.204756] pci 0000:00:15.7: PME# disabled
[    0.205582] pci 0000:00:16.0: PME# supported from D0 D3hot D3cold
[    0.205600] pci 0000:00:16.0: PME# disabled
[    0.206417] pci 0000:00:16.1: PME# supported from D0 D3hot D3cold
[    0.206436] pci 0000:00:16.1: PME# disabled
[    0.207261] pci 0000:00:16.2: PME# supported from D0 D3hot D3cold
[    0.207280] pci 0000:00:16.2: PME# disabled
[    0.208105] pci 0000:00:16.3: PME# supported from D0 D3hot D3cold
[    0.208124] pci 0000:00:16.3: PME# disabled
[    0.208982] pci 0000:00:16.4: PME# supported from D0 D3hot D3cold
[    0.209003] pci 0000:00:16.4: PME# disabled
[    0.209812] pci 0000:00:16.5: PME# supported from D0 D3hot D3cold
[    0.209830] pci 0000:00:16.5: PME# disabled
[    0.210646] pci 0000:00:16.6: PME# supported from D0 D3hot D3cold
[    0.210665] pci 0000:00:16.6: PME# disabled
[    0.211486] pci 0000:00:16.7: PME# supported from D0 D3hot D3cold
[    0.211505] pci 0000:00:16.7: PME# disabled
[    0.212332] pci 0000:00:17.0: PME# supported from D0 D3hot D3cold
[    0.212351] pci 0000:00:17.0: PME# disabled
[    0.213177] pci 0000:00:17.1: PME# supported from D0 D3hot D3cold
[    0.213196] pci 0000:00:17.1: PME# disabled
[    0.214001] pci 0000:00:17.2: PME# supported from D0 D3hot D3cold
[    0.214020] pci 0000:00:17.2: PME# disabled
[    0.214825] pci 0000:00:17.3: PME# supported from D0 D3hot D3cold
[    0.214844] pci 0000:00:17.3: PME# disabled
[    0.215675] pci 0000:00:17.4: PME# supported from D0 D3hot D3cold
[    0.215694] pci 0000:00:17.4: PME# disabled
[    0.216512] pci 0000:00:17.5: PME# supported from D0 D3hot D3cold
[    0.216531] pci 0000:00:17.5: PME# disabled
[    0.217353] pci 0000:00:17.6: PME# supported from D0 D3hot D3cold
[    0.217372] pci 0000:00:17.6: PME# disabled
[    0.218195] pci 0000:00:17.7: PME# supported from D0 D3hot D3cold
[    0.218214] pci 0000:00:17.7: PME# disabled
[    0.219036] pci 0000:00:18.0: PME# supported from D0 D3hot D3cold
[    0.219055] pci 0000:00:18.0: PME# disabled
[    0.219858] pci 0000:00:18.1: PME# supported from D0 D3hot D3cold
[    0.219877] pci 0000:00:18.1: PME# disabled
[    0.220694] pci 0000:00:18.2: PME# supported from D0 D3hot D3cold
[    0.220712] pci 0000:00:18.2: PME# disabled
[    0.221572] pci 0000:00:18.3: PME# supported from D0 D3hot D3cold
[    0.221590] pci 0000:00:18.3: PME# disabled
[    0.222417] pci 0000:00:18.4: PME# supported from D0 D3hot D3cold
[    0.222436] pci 0000:00:18.4: PME# disabled
[    0.223264] pci 0000:00:18.5: PME# supported from D0 D3hot D3cold
[    0.223282] pci 0000:00:18.5: PME# disabled
[    0.224115] pci 0000:00:18.6: PME# supported from D0 D3hot D3cold
[    0.224134] pci 0000:00:18.6: PME# disabled
[    0.224952] pci 0000:00:18.7: PME# supported from D0 D3hot D3cold
[    0.224971] pci 0000:00:18.7: PME# disabled
[    0.226005] pci 0000:02:00.0: reg 20 io port: [0x20c0-0x20df]
[    0.226466] pci 0000:02:01.0: reg 10 io port: [0x2000-0x207f]
[    0.226669] pci 0000:02:01.0: reg 30 32bit mmio pref: [0x000000-0x00ffff]
[    0.227205] pci 0000:02:02.0: reg 10 io port: [0x2080-0x20bf]
[    0.227759] pci 0000:02:03.0: reg 10 32bit mmio: [0xc9000000-0xc9000fff]
[    0.228306] pci 0000:00:11.0: transparent bridge
[    0.228325] pci 0000:00:11.0: bridge io port: [0x2000-0x3fff]
[    0.228344] pci 0000:00:11.0: bridge 32bit mmio: [0xc9000000-0xca3fffff]
[    0.228380] pci 0000:00:11.0: bridge 64bit mmio pref: [0xd8400000-0xd89fffff]
[    0.228717] pci 0000:00:15.0: bridge io port: [0x4000-0x4fff]
[    0.228736] pci 0000:00:15.0: bridge 32bit mmio: [0xca400000-0xca4fffff]
[    0.228771] pci 0000:00:15.0: bridge 64bit mmio pref: [0xd8a00000-0xd8afffff]
[    0.229126] pci 0000:00:15.1: bridge io port: [0x8000-0x8fff]
[    0.229145] pci 0000:00:15.1: bridge 32bit mmio: [0xca800000-0xca8fffff]
[    0.229181] pci 0000:00:15.1: bridge 64bit mmio pref: [0xd8e00000-0xd8efffff]
[    0.229514] pci 0000:00:15.2: bridge io port: [0xc000-0xcfff]
[    0.229533] pci 0000:00:15.2: bridge 32bit mmio: [0xcac00000-0xcacfffff]
[    0.229568] pci 0000:00:15.2: bridge 64bit mmio pref: [0xd9200000-0xd92fffff]
[    0.229951] pci 0000:00:15.3: bridge 32bit mmio: [0xcb000000-0xcb0fffff]
[    0.229986] pci 0000:00:15.3: bridge 64bit mmio pref: [0xd9600000-0xd96fffff]
[    0.230336] pci 0000:00:15.4: bridge 32bit mmio: [0xcb400000-0xcb4fffff]
[    0.230372] pci 0000:00:15.4: bridge 64bit mmio pref: [0xd9a00000-0xd9afffff]
[    0.230722] pci 0000:00:15.5: bridge 32bit mmio: [0xcb800000-0xcb8fffff]
[    0.230758] pci 0000:00:15.5: bridge 64bit mmio pref: [0xd9e00000-0xd9efffff]
[    0.231133] pci 0000:00:15.6: bridge 32bit mmio: [0xcbc00000-0xcbcfffff]
[    0.231169] pci 0000:00:15.6: bridge 64bit mmio pref: [0xda200000-0xda2fffff]
[    0.231519] pci 0000:00:15.7: bridge 32bit mmio: [0xcc000000-0xcc0fffff]
[    0.231555] pci 0000:00:15.7: bridge 64bit mmio pref: [0xda600000-0xda6fffff]
[    0.231908] pci 0000:00:16.0: bridge io port: [0x5000-0x5fff]
[    0.231936] pci 0000:00:16.0: bridge 32bit mmio: [0xca500000-0xca5fffff]
[    0.231971] pci 0000:00:16.0: bridge 64bit mmio pref: [0xd8b00000-0xd8bfffff]
[    0.232305] pci 0000:00:16.1: bridge io port: [0x9000-0x9fff]
[    0.232324] pci 0000:00:16.1: bridge 32bit mmio: [0xca900000-0xca9fffff]
[    0.232360] pci 0000:00:16.1: bridge 64bit mmio pref: [0xd8f00000-0xd8ffffff]
[    0.232693] pci 0000:00:16.2: bridge io port: [0xd000-0xdfff]
[    0.232712] pci 0000:00:16.2: bridge 32bit mmio: [0xcad00000-0xcadfffff]
[    0.232747] pci 0000:00:16.2: bridge 64bit mmio pref: [0xd9300000-0xd93fffff]
[    0.233123] pci 0000:00:16.3: bridge 32bit mmio: [0xcb100000-0xcb1fffff]
[    0.233159] pci 0000:00:16.3: bridge 64bit mmio pref: [0xd9700000-0xd97fffff]
[    0.233509] pci 0000:00:16.4: bridge 32bit mmio: [0xcb500000-0xcb5fffff]
[    0.233544] pci 0000:00:16.4: bridge 64bit mmio pref: [0xd9b00000-0xd9bfffff]
[    0.233905] pci 0000:00:16.5: bridge 32bit mmio: [0xcb900000-0xcb9fffff]
[    0.233950] pci 0000:00:16.5: bridge 64bit mmio pref: [0xd9f00000-0xd9ffffff]
[    0.234300] pci 0000:00:16.6: bridge 32bit mmio: [0xcbd00000-0xcbdfffff]
[    0.234336] pci 0000:00:16.6: bridge 64bit mmio pref: [0xda300000-0xda3fffff]
[    0.234685] pci 0000:00:16.7: bridge 32bit mmio: [0xcc100000-0xcc1fffff]
[    0.234721] pci 0000:00:16.7: bridge 64bit mmio pref: [0xda700000-0xda7fffff]
[    0.235074] pci 0000:00:17.0: bridge io port: [0x6000-0x6fff]
[    0.235093] pci 0000:00:17.0: bridge 32bit mmio: [0xca600000-0xca6fffff]
[    0.235129] pci 0000:00:17.0: bridge 64bit mmio pref: [0xd8c00000-0xd8cfffff]
[    0.235463] pci 0000:00:17.1: bridge io port: [0xa000-0xafff]
[    0.235481] pci 0000:00:17.1: bridge 32bit mmio: [0xcaa00000-0xcaafffff]
[    0.235517] pci 0000:00:17.1: bridge 64bit mmio pref: [0xd9000000-0xd90fffff]
[    0.235858] pci 0000:00:17.2: bridge io port: [0xe000-0xefff]
[    0.235879] pci 0000:00:17.2: bridge 32bit mmio: [0xcae00000-0xcaefffff]
[    0.235944] pci 0000:00:17.2: bridge 64bit mmio pref: [0xd9400000-0xd94fffff]
[    0.236600] pci 0000:00:17.3: bridge 32bit mmio: [0xcb200000-0xcb2fffff]
[    0.236639] pci 0000:00:17.3: bridge 64bit mmio pref: [0xd9800000-0xd98fffff]
[    0.237023] pci 0000:00:17.4: bridge 32bit mmio: [0xcb600000-0xcb6fffff]
[    0.237061] pci 0000:00:17.4: bridge 64bit mmio pref: [0xd9c00000-0xd9cfffff]
[    0.237437] pci 0000:00:17.5: bridge 32bit mmio: [0xcba00000-0xcbafffff]
[    0.237475] pci 0000:00:17.5: bridge 64bit mmio pref: [0xda000000-0xda0fffff]
[    0.237937] pci 0000:00:17.6: bridge 32bit mmio: [0xcbe00000-0xcbefffff]
[    0.237975] pci 0000:00:17.6: bridge 64bit mmio pref: [0xda400000-0xda4fffff]
[    0.238434] pci 0000:00:17.7: bridge 32bit mmio: [0xcc200000-0xcc2fffff]
[    0.238472] pci 0000:00:17.7: bridge 64bit mmio pref: [0xda800000-0xda8fffff]
[    0.238830] pci 0000:00:18.0: bridge io port: [0x7000-0x7fff]
[    0.238920] pci 0000:00:18.0: bridge 32bit mmio: [0xca700000-0xca7fffff]
[    0.238982] pci 0000:00:18.0: bridge 64bit mmio pref: [0xd8d00000-0xd8dfffff]
[    0.239469] pci 0000:00:18.1: bridge io port: [0xb000-0xbfff]
[    0.239490] pci 0000:00:18.1: bridge 32bit mmio: [0xcab00000-0xcabfffff]
[    0.239528] pci 0000:00:18.1: bridge 64bit mmio pref: [0xd9100000-0xd91fffff]
[    0.239955] pci 0000:00:18.2: bridge io port: [0xf000-0xffff]
[    0.239976] pci 0000:00:18.2: bridge 32bit mmio: [0xcaf00000-0xcaffffff]
[    0.240015] pci 0000:00:18.2: bridge 64bit mmio pref: [0xd9500000-0xd95fffff]
[    0.240393] pci 0000:00:18.3: bridge 32bit mmio: [0xcb300000-0xcb3fffff]
[    0.240431] pci 0000:00:18.3: bridge 64bit mmio pref: [0xd9900000-0xd99fffff]
[    0.240806] pci 0000:00:18.4: bridge 32bit mmio: [0xcb700000-0xcb7fffff]
[    0.240845] pci 0000:00:18.4: bridge 64bit mmio pref: [0xd9d00000-0xd9dfffff]
[    0.241221] pci 0000:00:18.5: bridge 32bit mmio: [0xcbb00000-0xcbbfffff]
[    0.241259] pci 0000:00:18.5: bridge 64bit mmio pref: [0xda100000-0xda1fffff]
[    0.241634] pci 0000:00:18.6: bridge 32bit mmio: [0xcbf00000-0xcbffffff]
[    0.241672] pci 0000:00:18.6: bridge 64bit mmio pref: [0xda500000-0xda5fffff]
[    0.242054] pci 0000:00:18.7: bridge 32bit mmio: [0xcc300000-0xcc3fffff]
[    0.242092] pci 0000:00:18.7: bridge 64bit mmio pref: [0xda900000-0xda9fffff]
[    0.243552] pci_bus 0000:00: on NUMA node 0
[    0.243559] ACPI: PCI Interrupt Routing Table [\_SB_.PCI0._PRT]
[    0.461425] ACPI: PCI Interrupt Link [LNKA] (IRQs 3 4 5 6 7 *9 10 11 14 15)
[    0.461590] ACPI: PCI Interrupt Link [LNKB] (IRQs 3 4 5 6 7 9 10 *11 14 15)
[    0.461742] ACPI: PCI Interrupt Link [LNKC] (IRQs 3 4 5 6 7 9 *10 11 14 15)
[    0.461891] ACPI: PCI Interrupt Link [LNKD] (IRQs 3 4 *5 6 7 9 10 11 14 15)
[    0.462025] vgaarb: device added: PCI:0000:00:0f.0,decodes=io+mem,owns=io+mem,locks=none
[    0.462035] vgaarb: loaded
[    0.462124] SCSI subsystem initialized
[    0.462168] libata version 3.00 loaded.
[    0.462208] usbcore: registered new interface driver usbfs
[    0.462220] usbcore: registered new interface driver hub
[    0.462235] usbcore: registered new device driver usb
[    0.462303] PCI: Using ACPI for IRQ routing
[    0.463266] NetLabel: Initializing
[    0.463267] NetLabel:  domain hash size = 128
[    0.463268] NetLabel:  protocols = UNLABELED CIPSOv4
[    0.463275] NetLabel:  unlabeled traffic allowed by default
[    0.463308] hpet0: at MMIO 0xfed00000, IRQs 2, 8, 0, 0, 0, 0, 0, 0, 0, 0, 0, 0, 0, 0, 0, 0
[    0.463314] hpet0: 16 comparators, 64-bit 14.318180 MHz counter
[    0.465343] Switching to clocksource tsc
[    0.472453] pnp: PnP ACPI init
[    0.472464] ACPI: bus type pnp registered
[    0.514180] pnp: PnP ACPI: found 14 devices
[    0.514183] ACPI: ACPI bus type pnp unregistered
[    0.514186] PnPBIOS: Disabled by ACPI PNP
[    0.514199] system 00:01: ioport range 0x1000-0x103f has been reserved
[    0.514201] system 00:01: ioport range 0x1040-0x104f has been reserved
[    0.514202] system 00:01: ioport range 0xcf0-0xcf1 has been reserved
[    0.514209] system 00:08: iomem range 0xfed00000-0xfed003ff has been reserved
[    0.514213] system 00:0d: ioport range 0x1060-0x107f has been reserved
[    0.514215] system 00:0d: iomem range 0xe0000000-0xefffffff has been reserved
[    0.514216] system 00:0d: iomem range 0xc8200000-0xc83fffff has been reserved
[    0.550489] pci 0000:00:15.3: BAR 13: can't allocate I/O resource [0x10000-0xffff]
[    0.550493] pci 0000:00:15.4: BAR 13: can't allocate I/O resource [0x10000-0xffff]
[    0.550496] pci 0000:00:15.5: BAR 13: can't allocate I/O resource [0x10000-0xffff]
[    0.550499] pci 0000:00:15.6: BAR 13: can't allocate I/O resource [0x10000-0xffff]
[    0.550501] pci 0000:00:15.7: BAR 13: can't allocate I/O resource [0x10000-0xffff]
[    0.550504] pci 0000:00:16.3: BAR 13: can't allocate I/O resource [0x10000-0xffff]
[    0.550506] pci 0000:00:16.4: BAR 13: can't allocate I/O resource [0x10000-0xffff]
[    0.550509] pci 0000:00:16.5: BAR 13: can't allocate I/O resource [0x10000-0xffff]
[    0.550512] pci 0000:00:16.6: BAR 13: can't allocate I/O resource [0x10000-0xffff]
[    0.550514] pci 0000:00:16.7: BAR 13: can't allocate I/O resource [0x10000-0xffff]
[    0.550517] pci 0000:00:17.3: BAR 13: can't allocate I/O resource [0x10000-0xffff]
[    0.550520] pci 0000:00:17.4: BAR 13: can't allocate I/O resource [0x10000-0xffff]
[    0.550522] pci 0000:00:17.5: BAR 13: can't allocate I/O resource [0x10000-0xffff]
[    0.550525] pci 0000:00:17.6: BAR 13: can't allocate I/O resource [0x10000-0xffff]
[    0.550528] pci 0000:00:17.7: BAR 13: can't allocate I/O resource [0x10000-0xffff]
[    0.550530] pci 0000:00:18.3: BAR 13: can't allocate I/O resource [0x10000-0xffff]
[    0.550533] pci 0000:00:18.4: BAR 13: can't allocate I/O resource [0x10000-0xffff]
[    0.550535] pci 0000:00:18.5: BAR 13: can't allocate I/O resource [0x10000-0xffff]
[    0.550538] pci 0000:00:18.6: BAR 13: can't allocate I/O resource [0x10000-0xffff]
[    0.550541] pci 0000:00:18.7: BAR 13: can't allocate I/O resource [0x10000-0xffff]
[    0.550543] pci 0000:00:01.0: PCI bridge, secondary bus 0000:01
[    0.550545] pci 0000:00:01.0:   IO window: disabled
[    0.550573] pci 0000:00:01.0:   MEM window: disabled
[    0.550592] pci 0000:00:01.0:   PREFETCH window: disabled
[    0.550629] pci 0000:00:11.0: PCI bridge, secondary bus 0000:02
[    0.550641] pci 0000:00:11.0:   IO window: 0x2000-0x3fff
[    0.550669] pci 0000:00:11.0:   MEM window: 0xc9000000-0xca3fffff
[    0.550688] pci 0000:00:11.0:   PREFETCH window: 0x000000d8400000-0x000000d89fffff
[    0.550724] pci 0000:00:15.0: PCI bridge, secondary bus 0000:03
[    0.550735] pci 0000:00:15.0:   IO window: 0x4000-0x4fff
[    0.550763] pci 0000:00:15.0:   MEM window: 0xca400000-0xca4fffff
[    0.550782] pci 0000:00:15.0:   PREFETCH window: 0x000000d8a00000-0x000000d8afffff
[    0.550831] pci 0000:00:15.1: PCI bridge, secondary bus 0000:04
[    0.550842] pci 0000:00:15.1:   IO window: 0x8000-0x8fff
[    0.550870] pci 0000:00:15.1:   MEM window: 0xca800000-0xca8fffff
[    0.550889] pci 0000:00:15.1:   PREFETCH window: 0x000000d8e00000-0x000000d8efffff
[    0.550929] pci 0000:00:15.2: PCI bridge, secondary bus 0000:05
[    0.550940] pci 0000:00:15.2:   IO window: 0xc000-0xcfff
[    0.550968] pci 0000:00:15.2:   MEM window: 0xcac00000-0xcacfffff
[    0.550987] pci 0000:00:15.2:   PREFETCH window: 0x000000d9200000-0x000000d92fffff
[    0.551027] pci 0000:00:15.3: PCI bridge, secondary bus 0000:06
[    0.551028] pci 0000:00:15.3:   IO window: disabled
[    0.551056] pci 0000:00:15.3:   MEM window: 0xcb000000-0xcb0fffff
[    0.551076] pci 0000:00:15.3:   PREFETCH window: 0x000000d9600000-0x000000d96fffff
[    0.551115] pci 0000:00:15.4: PCI bridge, secondary bus 0000:07
[    0.551117] pci 0000:00:15.4:   IO window: disabled
[    0.551145] pci 0000:00:15.4:   MEM window: 0xcb400000-0xcb4fffff
[    0.551164] pci 0000:00:15.4:   PREFETCH window: 0x000000d9a00000-0x000000d9afffff
[    0.551203] pci 0000:00:15.5: PCI bridge, secondary bus 0000:08
[    0.551205] pci 0000:00:15.5:   IO window: disabled
[    0.551239] pci 0000:00:15.5:   MEM window: 0xcb800000-0xcb8fffff
[    0.551269] pci 0000:00:15.5:   PREFETCH window: 0x000000d9e00000-0x000000d9efffff
[    0.551318] pci 0000:00:15.6: PCI bridge, secondary bus 0000:09
[    0.551320] pci 0000:00:15.6:   IO window: disabled
[    0.551347] pci 0000:00:15.6:   MEM window: 0xcbc00000-0xcbcfffff
[    0.551367] pci 0000:00:15.6:   PREFETCH window: 0x000000da200000-0x000000da2fffff
[    0.551406] pci 0000:00:15.7: PCI bridge, secondary bus 0000:0a
[    0.551408] pci 0000:00:15.7:   IO window: disabled
[    0.551435] pci 0000:00:15.7:   MEM window: 0xcc000000-0xcc0fffff
[    0.551455] pci 0000:00:15.7:   PREFETCH window: 0x000000da600000-0x000000da6fffff
[    0.551494] pci 0000:00:16.0: PCI bridge, secondary bus 0000:0b
[    0.551505] pci 0000:00:16.0:   IO window: 0x5000-0x5fff
[    0.551533] pci 0000:00:16.0:   MEM window: 0xca500000-0xca5fffff
[    0.551552] pci 0000:00:16.0:   PREFETCH window: 0x000000d8b00000-0x000000d8bfffff
[    0.551591] pci 0000:00:16.1: PCI bridge, secondary bus 0000:0c
[    0.551602] pci 0000:00:16.1:   IO window: 0x9000-0x9fff
[    0.551630] pci 0000:00:16.1:   MEM window: 0xca900000-0xca9fffff
[    0.551649] pci 0000:00:16.1:   PREFETCH window: 0x000000d8f00000-0x000000d8ffffff
[    0.551689] pci 0000:00:16.2: PCI bridge, secondary bus 0000:0d
[    0.551700] pci 0000:00:16.2:   IO window: 0xd000-0xdfff
[    0.551727] pci 0000:00:16.2:   MEM window: 0xcad00000-0xcadfffff
[    0.551747] pci 0000:00:16.2:   PREFETCH window: 0x000000d9300000-0x000000d93fffff
[    0.551786] pci 0000:00:16.3: PCI bridge, secondary bus 0000:0e
[    0.551787] pci 0000:00:16.3:   IO window: disabled
[    0.551815] pci 0000:00:16.3:   MEM window: 0xcb100000-0xcb1fffff
[    0.551834] pci 0000:00:16.3:   PREFETCH window: 0x000000d9700000-0x000000d97fffff
[    0.551874] pci 0000:00:16.4: PCI bridge, secondary bus 0000:0f
[    0.551875] pci 0000:00:16.4:   IO window: disabled
[    0.551903] pci 0000:00:16.4:   MEM window: 0xcb500000-0xcb5fffff
[    0.551922] pci 0000:00:16.4:   PREFETCH window: 0x000000d9b00000-0x000000d9bfffff
[    0.551962] pci 0000:00:16.5: PCI bridge, secondary bus 0000:10
[    0.551963] pci 0000:00:16.5:   IO window: disabled
[    0.551991] pci 0000:00:16.5:   MEM window: 0xcb900000-0xcb9fffff
[    0.552010] pci 0000:00:16.5:   PREFETCH window: 0x000000d9f00000-0x000000d9ffffff
[    0.552049] pci 0000:00:16.6: PCI bridge, secondary bus 0000:11
[    0.552051] pci 0000:00:16.6:   IO window: disabled
[    0.552079] pci 0000:00:16.6:   MEM window: 0xcbd00000-0xcbdfffff
[    0.552098] pci 0000:00:16.6:   PREFETCH window: 0x000000da300000-0x000000da3fffff
[    0.552138] pci 0000:00:16.7: PCI bridge, secondary bus 0000:12
[    0.552139] pci 0000:00:16.7:   IO window: disabled
[    0.552167] pci 0000:00:16.7:   MEM window: 0xcc100000-0xcc1fffff
[    0.552186] pci 0000:00:16.7:   PREFETCH window: 0x000000da700000-0x000000da7fffff
[    0.552225] pci 0000:00:17.0: PCI bridge, secondary bus 0000:13
[    0.552252] pci 0000:00:17.0:   IO window: 0x6000-0x6fff
[    0.552282] pci 0000:00:17.0:   MEM window: 0xca600000-0xca6fffff
[    0.552310] pci 0000:00:17.0:   PREFETCH window: 0x000000d8c00000-0x000000d8cfffff
[    0.552349] pci 0000:00:17.1: PCI bridge, secondary bus 0000:14
[    0.552360] pci 0000:00:17.1:   IO window: 0xa000-0xafff
[    0.552388] pci 0000:00:17.1:   MEM window: 0xcaa00000-0xcaafffff
[    0.552407] pci 0000:00:17.1:   PREFETCH window: 0x000000d9000000-0x000000d90fffff
[    0.552447] pci 0000:00:17.2: PCI bridge, secondary bus 0000:15
[    0.552458] pci 0000:00:17.2:   IO window: 0xe000-0xefff
[    0.552485] pci 0000:00:17.2:   MEM window: 0xcae00000-0xcaefffff
[    0.552504] pci 0000:00:17.2:   PREFETCH window: 0x000000d9400000-0x000000d94fffff
[    0.552544] pci 0000:00:17.3: PCI bridge, secondary bus 0000:16
[    0.552545] pci 0000:00:17.3:   IO window: disabled
[    0.552573] pci 0000:00:17.3:   MEM window: 0xcb200000-0xcb2fffff
[    0.552592] pci 0000:00:17.3:   PREFETCH window: 0x000000d9800000-0x000000d98fffff
[    0.552632] pci 0000:00:17.4: PCI bridge, secondary bus 0000:17
[    0.552633] pci 0000:00:17.4:   IO window: disabled
[    0.552661] pci 0000:00:17.4:   MEM window: 0xcb600000-0xcb6fffff
[    0.552680] pci 0000:00:17.4:   PREFETCH window: 0x000000d9c00000-0x000000d9cfffff
[    0.552719] pci 0000:00:17.5: PCI bridge, secondary bus 0000:18
[    0.552721] pci 0000:00:17.5:   IO window: disabled
[    0.552749] pci 0000:00:17.5:   MEM window: 0xcba00000-0xcbafffff
[    0.552768] pci 0000:00:17.5:   PREFETCH window: 0x000000da000000-0x000000da0fffff
[    0.552807] pci 0000:00:17.6: PCI bridge, secondary bus 0000:19
[    0.552809] pci 0000:00:17.6:   IO window: disabled
[    0.552836] pci 0000:00:17.6:   MEM window: 0xcbe00000-0xcbefffff
[    0.552856] pci 0000:00:17.6:   PREFETCH window: 0x000000da400000-0x000000da4fffff
[    0.552895] pci 0000:00:17.7: PCI bridge, secondary bus 0000:1a
[    0.552896] pci 0000:00:17.7:   IO window: disabled
[    0.552924] pci 0000:00:17.7:   MEM window: 0xcc200000-0xcc2fffff
[    0.552943] pci 0000:00:17.7:   PREFETCH window: 0x000000da800000-0x000000da8fffff
[    0.552982] pci 0000:00:18.0: PCI bridge, secondary bus 0000:1b
[    0.552993] pci 0000:00:18.0:   IO window: 0x7000-0x7fff
[    0.553021] pci 0000:00:18.0:   MEM window: 0xca700000-0xca7fffff
[    0.553040] pci 0000:00:18.0:   PREFETCH window: 0x000000d8d00000-0x000000d8dfffff
[    0.553079] pci 0000:00:18.1: PCI bridge, secondary bus 0000:1c
[    0.553090] pci 0000:00:18.1:   IO window: 0xb000-0xbfff
[    0.553118] pci 0000:00:18.1:   MEM window: 0xcab00000-0xcabfffff
[    0.553137] pci 0000:00:18.1:   PREFETCH window: 0x000000d9100000-0x000000d91fffff
[    0.553176] pci 0000:00:18.2: PCI bridge, secondary bus 0000:1d
[    0.553187] pci 0000:00:18.2:   IO window: 0xf000-0xffff
[    0.553215] pci 0000:00:18.2:   MEM window: 0xcaf00000-0xcaffffff
[    0.553235] pci 0000:00:18.2:   PREFETCH window: 0x000000d9500000-0x000000d95fffff
[    0.553294] pci 0000:00:18.3: PCI bridge, secondary bus 0000:1e
[    0.553295] pci 0000:00:18.3:   IO window: disabled
[    0.553323] pci 0000:00:18.3:   MEM window: 0xcb300000-0xcb3fffff
[    0.553342] pci 0000:00:18.3:   PREFETCH window: 0x000000d9900000-0x000000d99fffff
[    0.553382] pci 0000:00:18.4: PCI bridge, secondary bus 0000:1f
[    0.553383] pci 0000:00:18.4:   IO window: disabled
[    0.553411] pci 0000:00:18.4:   MEM window: 0xcb700000-0xcb7fffff
[    0.553431] pci 0000:00:18.4:   PREFETCH window: 0x000000d9d00000-0x000000d9dfffff
[    0.553470] pci 0000:00:18.5: PCI bridge, secondary bus 0000:20
[    0.553471] pci 0000:00:18.5:   IO window: disabled
[    0.553499] pci 0000:00:18.5:   MEM window: 0xcbb00000-0xcbbfffff
[    0.553518] pci 0000:00:18.5:   PREFETCH window: 0x000000da100000-0x000000da1fffff
[    0.553558] pci 0000:00:18.6: PCI bridge, secondary bus 0000:21
[    0.553559] pci 0000:00:18.6:   IO window: disabled
[    0.553587] pci 0000:00:18.6:   MEM window: 0xcbf00000-0xcbffffff
[    0.553606] pci 0000:00:18.6:   PREFETCH window: 0x000000da500000-0x000000da5fffff
[    0.553646] pci 0000:00:18.7: PCI bridge, secondary bus 0000:22
[    0.553647] pci 0000:00:18.7:   IO window: disabled
[    0.553675] pci 0000:00:18.7:   MEM window: 0xcc300000-0xcc3fffff
[    0.553694] pci 0000:00:18.7:   PREFETCH window: 0x000000da900000-0x000000da9fffff
[    0.553763] pci 0000:00:01.0: setting latency timer to 64
[    0.553853] pci 0000:00:15.0: setting latency timer to 64
[    0.553915] pci 0000:00:15.1: setting latency timer to 64
[    0.553977] pci 0000:00:15.2: setting latency timer to 64
[    0.554039] pci 0000:00:15.3: setting latency timer to 64
[    0.554101] pci 0000:00:15.4: setting latency timer to 64
[    0.554163] pci 0000:00:15.5: setting latency timer to 64
[    0.554234] pci 0000:00:15.6: setting latency timer to 64
[    0.554306] pci 0000:00:15.7: setting latency timer to 64
[    0.554369] pci 0000:00:16.0: setting latency timer to 64
[    0.554431] pci 0000:00:16.1: setting latency timer to 64
[    0.554493] pci 0000:00:16.2: setting latency timer to 64
[    0.554555] pci 0000:00:16.3: setting latency timer to 64
[    0.554617] pci 0000:00:16.4: setting latency timer to 64
[    0.554679] pci 0000:00:16.5: setting latency timer to 64
[    0.554741] pci 0000:00:16.6: setting latency timer to 64
[    0.554803] pci 0000:00:16.7: setting latency timer to 64
[    0.554865] pci 0000:00:17.0: setting latency timer to 64
[    0.554927] pci 0000:00:17.1: setting latency timer to 64
[    0.554989] pci 0000:00:17.2: setting latency timer to 64
[    0.555051] pci 0000:00:17.3: setting latency timer to 64
[    0.555113] pci 0000:00:17.4: setting latency timer to 64
[    0.555175] pci 0000:00:17.5: setting latency timer to 64
[    0.555253] pci 0000:00:17.6: setting latency timer to 64
[    0.555327] pci 0000:00:17.7: setting latency timer to 64
[    0.555389] pci 0000:00:18.0: setting latency timer to 64
[    0.555451] pci 0000:00:18.1: setting latency timer to 64
[    0.555513] pci 0000:00:18.2: setting latency timer to 64
[    0.555575] pci 0000:00:18.3: setting latency timer to 64
[    0.555638] pci 0000:00:18.4: setting latency timer to 64
[    0.555700] pci 0000:00:18.5: setting latency timer to 64
[    0.555762] pci 0000:00:18.6: setting latency timer to 64
[    0.555824] pci 0000:00:18.7: setting latency timer to 64
[    0.555835] pci_bus 0000:00: resource 0 io:  [0x00-0xffff]
[    0.555837] pci_bus 0000:00: resource 1 mem: [0x000000-0xffffffffffffffff]
[    0.555840] pci_bus 0000:02: resource 0 io:  [0x2000-0x3fff]
[    0.555842] pci_bus 0000:02: resource 1 mem: [0xc9000000-0xca3fffff]
[    0.555843] pci_bus 0000:02: resource 2 pref mem [0xd8400000-0xd89fffff]
[    0.555845] pci_bus 0000:02: resource 3 io:  [0x00-0xffff]
[    0.555847] pci_bus 0000:02: resource 4 mem: [0x000000-0xffffffffffffffff]
[    0.555849] pci_bus 0000:03: resource 0 io:  [0x4000-0x4fff]
[    0.555851] pci_bus 0000:03: resource 1 mem: [0xca400000-0xca4fffff]
[    0.555853] pci_bus 0000:03: resource 2 pref mem [0xd8a00000-0xd8afffff]
[    0.555855] pci_bus 0000:04: resource 0 io:  [0x8000-0x8fff]
[    0.555856] pci_bus 0000:04: resource 1 mem: [0xca800000-0xca8fffff]
[    0.555858] pci_bus 0000:04: resource 2 pref mem [0xd8e00000-0xd8efffff]
[    0.555860] pci_bus 0000:05: resource 0 io:  [0xc000-0xcfff]
[    0.555862] pci_bus 0000:05: resource 1 mem: [0xcac00000-0xcacfffff]
[    0.555863] pci_bus 0000:05: resource 2 pref mem [0xd9200000-0xd92fffff]
[    0.555865] pci_bus 0000:06: resource 1 mem: [0xcb000000-0xcb0fffff]
[    0.555867] pci_bus 0000:06: resource 2 pref mem [0xd9600000-0xd96fffff]
[    0.555869] pci_bus 0000:07: resource 1 mem: [0xcb400000-0xcb4fffff]
[    0.555871] pci_bus 0000:07: resource 2 pref mem [0xd9a00000-0xd9afffff]
[    0.555873] pci_bus 0000:08: resource 1 mem: [0xcb800000-0xcb8fffff]
[    0.555874] pci_bus 0000:08: resource 2 pref mem [0xd9e00000-0xd9efffff]
[    0.555876] pci_bus 0000:09: resource 1 mem: [0xcbc00000-0xcbcfffff]
[    0.555878] pci_bus 0000:09: resource 2 pref mem [0xda200000-0xda2fffff]
[    0.555880] pci_bus 0000:0a: resource 1 mem: [0xcc000000-0xcc0fffff]
[    0.555882] pci_bus 0000:0a: resource 2 pref mem [0xda600000-0xda6fffff]
[    0.555883] pci_bus 0000:0b: resource 0 io:  [0x5000-0x5fff]
[    0.555885] pci_bus 0000:0b: resource 1 mem: [0xca500000-0xca5fffff]
[    0.555887] pci_bus 0000:0b: resource 2 pref mem [0xd8b00000-0xd8bfffff]
[    0.555889] pci_bus 0000:0c: resource 0 io:  [0x9000-0x9fff]
[    0.555890] pci_bus 0000:0c: resource 1 mem: [0xca900000-0xca9fffff]
[    0.555892] pci_bus 0000:0c: resource 2 pref mem [0xd8f00000-0xd8ffffff]
[    0.555894] pci_bus 0000:0d: resource 0 io:  [0xd000-0xdfff]
[    0.555896] pci_bus 0000:0d: resource 1 mem: [0xcad00000-0xcadfffff]
[    0.555898] pci_bus 0000:0d: resource 2 pref mem [0xd9300000-0xd93fffff]
[    0.555899] pci_bus 0000:0e: resource 1 mem: [0xcb100000-0xcb1fffff]
[    0.555901] pci_bus 0000:0e: resource 2 pref mem [0xd9700000-0xd97fffff]
[    0.555903] pci_bus 0000:0f: resource 1 mem: [0xcb500000-0xcb5fffff]
[    0.555905] pci_bus 0000:0f: resource 2 pref mem [0xd9b00000-0xd9bfffff]
[    0.555907] pci_bus 0000:10: resource 1 mem: [0xcb900000-0xcb9fffff]
[    0.555909] pci_bus 0000:10: resource 2 pref mem [0xd9f00000-0xd9ffffff]
[    0.555910] pci_bus 0000:11: resource 1 mem: [0xcbd00000-0xcbdfffff]
[    0.555912] pci_bus 0000:11: resource 2 pref mem [0xda300000-0xda3fffff]
[    0.555914] pci_bus 0000:12: resource 1 mem: [0xcc100000-0xcc1fffff]
[    0.555916] pci_bus 0000:12: resource 2 pref mem [0xda700000-0xda7fffff]
[    0.555918] pci_bus 0000:13: resource 0 io:  [0x6000-0x6fff]
[    0.555919] pci_bus 0000:13: resource 1 mem: [0xca600000-0xca6fffff]
[    0.555921] pci_bus 0000:13: resource 2 pref mem [0xd8c00000-0xd8cfffff]
[    0.555923] pci_bus 0000:14: resource 0 io:  [0xa000-0xafff]
[    0.555925] pci_bus 0000:14: resource 1 mem: [0xcaa00000-0xcaafffff]
[    0.555926] pci_bus 0000:14: resource 2 pref mem [0xd9000000-0xd90fffff]
[    0.555928] pci_bus 0000:15: resource 0 io:  [0xe000-0xefff]
[    0.555930] pci_bus 0000:15: resource 1 mem: [0xcae00000-0xcaefffff]
[    0.555932] pci_bus 0000:15: resource 2 pref mem [0xd9400000-0xd94fffff]
[    0.555934] pci_bus 0000:16: resource 1 mem: [0xcb200000-0xcb2fffff]
[    0.555935] pci_bus 0000:16: resource 2 pref mem [0xd9800000-0xd98fffff]
[    0.555937] pci_bus 0000:17: resource 1 mem: [0xcb600000-0xcb6fffff]
[    0.555939] pci_bus 0000:17: resource 2 pref mem [0xd9c00000-0xd9cfffff]
[    0.555941] pci_bus 0000:18: resource 1 mem: [0xcba00000-0xcbafffff]
[    0.555943] pci_bus 0000:18: resource 2 pref mem [0xda000000-0xda0fffff]
[    0.555944] pci_bus 0000:19: resource 1 mem: [0xcbe00000-0xcbefffff]
[    0.555946] pci_bus 0000:19: resource 2 pref mem [0xda400000-0xda4fffff]
[    0.555948] pci_bus 0000:1a: resource 1 mem: [0xcc200000-0xcc2fffff]
[    0.555950] pci_bus 0000:1a: resource 2 pref mem [0xda800000-0xda8fffff]
[    0.555952] pci_bus 0000:1b: resource 0 io:  [0x7000-0x7fff]
[    0.555953] pci_bus 0000:1b: resource 1 mem: [0xca700000-0xca7fffff]
[    0.555955] pci_bus 0000:1b: resource 2 pref mem [0xd8d00000-0xd8dfffff]
[    0.555957] pci_bus 0000:1c: resource 0 io:  [0xb000-0xbfff]
[    0.555959] pci_bus 0000:1c: resource 1 mem: [0xcab00000-0xcabfffff]
[    0.555961] pci_bus 0000:1c: resource 2 pref mem [0xd9100000-0xd91fffff]
[    0.555962] pci_bus 0000:1d: resource 0 io:  [0xf000-0xffff]
[    0.555964] pci_bus 0000:1d: resource 1 mem: [0xcaf00000-0xcaffffff]
[    0.555966] pci_bus 0000:1d: resource 2 pref mem [0xd9500000-0xd95fffff]
[    0.555968] pci_bus 0000:1e: resource 1 mem: [0xcb300000-0xcb3fffff]
[    0.555969] pci_bus 0000:1e: resource 2 pref mem [0xd9900000-0xd99fffff]
[    0.555971] pci_bus 0000:1f: resource 1 mem: [0xcb700000-0xcb7fffff]
[    0.555973] pci_bus 0000:1f: resource 2 pref mem [0xd9d00000-0xd9dfffff]
[    0.555975] pci_bus 0000:20: resource 1 mem: [0xcbb00000-0xcbbfffff]
[    0.555977] pci_bus 0000:20: resource 2 pref mem [0xda100000-0xda1fffff]
[    0.555979] pci_bus 0000:21: resource 1 mem: [0xcbf00000-0xcbffffff]
[    0.555980] pci_bus 0000:21: resource 2 pref mem [0xda500000-0xda5fffff]
[    0.555982] pci_bus 0000:22: resource 1 mem: [0xcc300000-0xcc3fffff]
[    0.555984] pci_bus 0000:22: resource 2 pref mem [0xda900000-0xda9fffff]
[    0.556006] NET: Registered protocol family 2
[    0.556023] RANDOM - __random32 called. Change num 7.  Value: 647ba296	db0e5c1d	6de96f10
[    0.556025] RANDOM - random32 called.  Value: 647ba296	db0e5c1d	6de96f10
[    0.556032] random 0000 0000 0000 00000000 00000000: rand_read_num 2 get_random_bytes(4): sig fffffe1a 00000000 00000000
[    0.556034] random 0000 0000 0000 00000000 00000000: extract_entropy(.. 4 ..)
[    0.556037] random 0000 0000 0000 00000000 00000000: going to reseed nonblocking with 64 bits (32 of 0 requested)
[    0.556039] random 0000 0000 0000 00000000 00000000: extract_entropy(.. 8 ..)
[    0.556041] random 0000 0000 0000 00000000 00000000: trying to extract 64 bits from input
[    0.556044] random 0000 0000 0000 00000000 00000000: debiting 0 entropy credits from input
[    0.556045] random 0000 0000 0000 00000000 00000000: extract_entropy account returned: 0 
[    0.556048] random 0000 0000 0000 00000000 00000000: urand_change_num 3 xfer_secondary_pool(4): pool_sig fffffe1a, data_sig 00000000, bytes_mixed 0 00000000 00000000
[    0.556051] random 0000 0000 0000 00000000 00000000: trying to extract 32 bits from nonblocking
[    0.556053] random 0000 0000 0000 00000000 00000000: debiting 32 entropy credits from nonblocking (unlimited)
[    0.556055] random 0000 0000 0000 00000000 00000000: extract_entropy account returned: 4 
[    0.556059] random 0000 0000 0000 00000000 00000000: urand_change_num 4 extract_buf: pool_sig fffffe1a, data_sig fffffed7, bytes_mixed 20 00000000 00000000
[    0.556087] IP route cache hash table entries: 32768 (order: 5, 131072 bytes)
[    0.556172] RANDOM - __random32 called. Change num 8.  Value: ba296205	b0e5c1db	de205442
[    0.556174] RANDOM - random32 called.  Value: ba296205	b0e5c1db	de205442
[    0.556249] RANDOM - __random32 called. Change num 9.  Value: 962052cd	e5c1db9	a885e45e
[    0.556251] RANDOM - random32 called.  Value: 962052cd	e5c1db9	a885e45e
[    0.556254] RANDOM - __random32 called. Change num 10.  Value: 52cd38f	e5c1db9b	c8bd9558
[    0.556256] RANDOM - random32 called.  Value: 52cd38f	e5c1db9b	c8bd9558
[    0.556287] RANDOM - __random32 called. Change num 11.  Value: cd38f3eb	5c1db9b9	2ab1aa27
[    0.556289] RANDOM - random32 called.  Value: cd38f3eb	5c1db9b9	2ab1aa27
[    0.556299] TCP established hash table entries: 131072 (order: 8, 1048576 bytes)
[    0.556597] TCP bind hash table entries: 65536 (order: 7, 524288 bytes)
[    0.556769] TCP: Hash tables configured (established 131072 bind 65536)
[    0.556771] TCP reno registered
[    0.556807] NET: Registered protocol family 1
[    0.556816] pci 0000:00:00.0: Limiting direct PCI/PCI transfers
[    0.556835] pci 0000:00:0f.0: Boot video device
[    0.557018] Trying to unpack rootfs image as initramfs...
[    1.639707] Freeing initrd memory: 83430k freed
[    1.643724] Simple Boot Flag at 0x36 set to 0x1
[    1.643769] cpufreq-nforce2: No nForce2 chipset.
[    1.643783] Scanning for low memory corruption every 60 seconds
[    1.643902] audit: initializing netlink socket (disabled)
[    1.643910] type=2000 audit(1369427426.628:1): initialized
[    1.647822] highmem bounce pool size: 64 pages
[    1.647827] HugeTLB registered 2 MB page size, pre-allocated 0 pages
[    1.647922] VFS: Disk quotas dquot_6.5.2
[    1.647953] Dquot-cache hash table entries: 1024 (order 0, 4096 bytes)
[    1.648031] fuse init (API version 7.13)
[    1.648076] msgmni has been set to 1729
[    1.648349] alg: No test for stdrng (krng)
[    1.648383] Block layer SCSI generic (bsg) driver version 0.4 loaded (major 253)
[    1.648386] io scheduler noop registered
[    1.648387] io scheduler anticipatory registered
[    1.648389] io scheduler deadline registered
[    1.648409] io scheduler cfq registered (default)
[    1.648454]   alloc irq_desc for 24 on node -1
[    1.648457]   alloc kstat_irqs on node -1
[    1.648502] pcieport 0000:00:15.0: irq 24 for MSI/MSI-X
[    1.648547] pcieport 0000:00:15.0: setting latency timer to 64
[    1.648592]   alloc irq_desc for 25 on node -1
[    1.648594]   alloc kstat_irqs on node -1
[    1.648639] pcieport 0000:00:15.1: irq 25 for MSI/MSI-X
[    1.648684] pcieport 0000:00:15.1: setting latency timer to 64
[    1.648729]   alloc irq_desc for 26 on node -1
[    1.648731]   alloc kstat_irqs on node -1
[    1.648776] pcieport 0000:00:15.2: irq 26 for MSI/MSI-X
[    1.648821] pcieport 0000:00:15.2: setting latency timer to 64
[    1.648866]   alloc irq_desc for 27 on node -1
[    1.648868]   alloc kstat_irqs on node -1
[    1.648913] pcieport 0000:00:15.3: irq 27 for MSI/MSI-X
[    1.648958] pcieport 0000:00:15.3: setting latency timer to 64
[    1.649003]   alloc irq_desc for 28 on node -1
[    1.649005]   alloc kstat_irqs on node -1
[    1.649050] pcieport 0000:00:15.4: irq 28 for MSI/MSI-X
[    1.649095] pcieport 0000:00:15.4: setting latency timer to 64
[    1.649140]   alloc irq_desc for 29 on node -1
[    1.649142]   alloc kstat_irqs on node -1
[    1.649187] pcieport 0000:00:15.5: irq 29 for MSI/MSI-X
[    1.649232] pcieport 0000:00:15.5: setting latency timer to 64
[    1.649277]   alloc irq_desc for 30 on node -1
[    1.649279]   alloc kstat_irqs on node -1
[    1.649324] pcieport 0000:00:15.6: irq 30 for MSI/MSI-X
[    1.649369] pcieport 0000:00:15.6: setting latency timer to 64
[    1.649414]   alloc irq_desc for 31 on node -1
[    1.649416]   alloc kstat_irqs on node -1
[    1.649461] pcieport 0000:00:15.7: irq 31 for MSI/MSI-X
[    1.649506] pcieport 0000:00:15.7: setting latency timer to 64
[    1.649551]   alloc irq_desc for 32 on node -1
[    1.649553]   alloc kstat_irqs on node -1
[    1.649598] pcieport 0000:00:16.0: irq 32 for MSI/MSI-X
[    1.649643] pcieport 0000:00:16.0: setting latency timer to 64
[    1.649688]   alloc irq_desc for 33 on node -1
[    1.649690]   alloc kstat_irqs on node -1
[    1.649735] pcieport 0000:00:16.1: irq 33 for MSI/MSI-X
[    1.649780] pcieport 0000:00:16.1: setting latency timer to 64
[    1.649825]   alloc irq_desc for 34 on node -1
[    1.649827]   alloc kstat_irqs on node -1
[    1.649872] pcieport 0000:00:16.2: irq 34 for MSI/MSI-X
[    1.649917] pcieport 0000:00:16.2: setting latency timer to 64
[    1.649962]   alloc irq_desc for 35 on node -1
[    1.649964]   alloc kstat_irqs on node -1
[    1.650009] pcieport 0000:00:16.3: irq 35 for MSI/MSI-X
[    1.650054] pcieport 0000:00:16.3: setting latency timer to 64
[    1.650099]   alloc irq_desc for 36 on node -1
[    1.650101]   alloc kstat_irqs on node -1
[    1.650146] pcieport 0000:00:16.4: irq 36 for MSI/MSI-X
[    1.650191] pcieport 0000:00:16.4: setting latency timer to 64
[    1.650236]   alloc irq_desc for 37 on node -1
[    1.650238]   alloc kstat_irqs on node -1
[    1.650283] pcieport 0000:00:16.5: irq 37 for MSI/MSI-X
[    1.650328] pcieport 0000:00:16.5: setting latency timer to 64
[    1.650373]   alloc irq_desc for 38 on node -1
[    1.650375]   alloc kstat_irqs on node -1
[    1.650420] pcieport 0000:00:16.6: irq 38 for MSI/MSI-X
[    1.650465] pcieport 0000:00:16.6: setting latency timer to 64
[    1.650510]   alloc irq_desc for 39 on node -1
[    1.650512]   alloc kstat_irqs on node -1
[    1.650557] pcieport 0000:00:16.7: irq 39 for MSI/MSI-X
[    1.650602] pcieport 0000:00:16.7: setting latency timer to 64
[    1.651753]   alloc irq_desc for 40 on node -1
[    1.651756]   alloc kstat_irqs on node -1
[    1.651801] pcieport 0000:00:17.0: irq 40 for MSI/MSI-X
[    1.651846] pcieport 0000:00:17.0: setting latency timer to 64
[    1.651891]   alloc irq_desc for 41 on node -1
[    1.651893]   alloc kstat_irqs on node -1
[    1.651938] pcieport 0000:00:17.1: irq 41 for MSI/MSI-X
[    1.651983] pcieport 0000:00:17.1: setting latency timer to 64
[    1.652028]   alloc irq_desc for 42 on node -1
[    1.652030]   alloc kstat_irqs on node -1
[    1.652075] pcieport 0000:00:17.2: irq 42 for MSI/MSI-X
[    1.652120] pcieport 0000:00:17.2: setting latency timer to 64
[    1.652165]   alloc irq_desc for 43 on node -1
[    1.652167]   alloc kstat_irqs on node -1
[    1.652212] pcieport 0000:00:17.3: irq 43 for MSI/MSI-X
[    1.652257] pcieport 0000:00:17.3: setting latency timer to 64
[    1.652302]   alloc irq_desc for 44 on node -1
[    1.652304]   alloc kstat_irqs on node -1
[    1.652349] pcieport 0000:00:17.4: irq 44 for MSI/MSI-X
[    1.652394] pcieport 0000:00:17.4: setting latency timer to 64
[    1.652439]   alloc irq_desc for 45 on node -1
[    1.652441]   alloc kstat_irqs on node -1
[    1.652486] pcieport 0000:00:17.5: irq 45 for MSI/MSI-X
[    1.652531] pcieport 0000:00:17.5: setting latency timer to 64
[    1.652576]   alloc irq_desc for 46 on node -1
[    1.652578]   alloc kstat_irqs on node -1
[    1.652623] pcieport 0000:00:17.6: irq 46 for MSI/MSI-X
[    1.652668] pcieport 0000:00:17.6: setting latency timer to 64
[    1.652713]   alloc irq_desc for 47 on node -1
[    1.652715]   alloc kstat_irqs on node -1
[    1.652760] pcieport 0000:00:17.7: irq 47 for MSI/MSI-X
[    1.652805] pcieport 0000:00:17.7: setting latency timer to 64
[    1.652850]   alloc irq_desc for 48 on node -1
[    1.652852]   alloc kstat_irqs on node -1
[    1.652897] pcieport 0000:00:18.0: irq 48 for MSI/MSI-X
[    1.652942] pcieport 0000:00:18.0: setting latency timer to 64
[    1.652987]   alloc irq_desc for 49 on node -1
[    1.652989]   alloc kstat_irqs on node -1
[    1.653034] pcieport 0000:00:18.1: irq 49 for MSI/MSI-X
[    1.653079] pcieport 0000:00:18.1: setting latency timer to 64
[    1.653124]   alloc irq_desc for 50 on node -1
[    1.653126]   alloc kstat_irqs on node -1
[    1.653171] pcieport 0000:00:18.2: irq 50 for MSI/MSI-X
[    1.653216] pcieport 0000:00:18.2: setting latency timer to 64
[    1.653261]   alloc irq_desc for 51 on node -1
[    1.653263]   alloc kstat_irqs on node -1
[    1.653308] pcieport 0000:00:18.3: irq 51 for MSI/MSI-X
[    1.653353] pcieport 0000:00:18.3: setting latency timer to 64
[    1.653398]   alloc irq_desc for 52 on node -1
[    1.653400]   alloc kstat_irqs on node -1
[    1.653445] pcieport 0000:00:18.4: irq 52 for MSI/MSI-X
[    1.653490] pcieport 0000:00:18.4: setting latency timer to 64
[    1.653535]   alloc irq_desc for 53 on node -1
[    1.653537]   alloc kstat_irqs on node -1
[    1.653582] pcieport 0000:00:18.5: irq 53 for MSI/MSI-X
[    1.653627] pcieport 0000:00:18.5: setting latency timer to 64
[    1.653672]   alloc irq_desc for 54 on node -1
[    1.653674]   alloc kstat_irqs on node -1
[    1.653719] pcieport 0000:00:18.6: irq 54 for MSI/MSI-X
[    1.653764] pcieport 0000:00:18.6: setting latency timer to 64
[    1.653809]   alloc irq_desc for 55 on node -1
[    1.653811]   alloc kstat_irqs on node -1
[    1.653856] pcieport 0000:00:18.7: irq 55 for MSI/MSI-X
[    1.653901] pcieport 0000:00:18.7: setting latency timer to 64
[    1.653946] pci_hotplug: PCI Hot Plug PCI Core version: 0.5
[    1.655760] pciehp 0000:00:15.0:pcie04: HPC vendor_id 15ad device_id 7a0 ss_vid 0 ss_did 0
[    1.655805] pciehp 0000:00:15.0:pcie04: service driver pciehp loaded
[    1.655850] pciehp 0000:00:15.1:pcie04: HPC vendor_id 15ad device_id 7a0 ss_vid 0 ss_did 0
[    1.655895] pciehp 0000:00:15.1:pcie04: service driver pciehp loaded
[    1.655940] pciehp 0000:00:15.2:pcie04: HPC vendor_id 15ad device_id 7a0 ss_vid 0 ss_did 0
[    1.655985] pciehp 0000:00:15.2:pcie04: service driver pciehp loaded
[    1.656030] pciehp 0000:00:15.3:pcie04: HPC vendor_id 15ad device_id 7a0 ss_vid 0 ss_did 0
[    1.656075] pciehp 0000:00:15.3:pcie04: service driver pciehp loaded
[    1.656120] pciehp 0000:00:15.4:pcie04: HPC vendor_id 15ad device_id 7a0 ss_vid 0 ss_did 0
[    1.656165] pciehp 0000:00:15.4:pcie04: service driver pciehp loaded
[    1.656210] pciehp 0000:00:15.5:pcie04: HPC vendor_id 15ad device_id 7a0 ss_vid 0 ss_did 0
[    1.656255] pciehp 0000:00:15.5:pcie04: service driver pciehp loaded
[    1.656300] pciehp 0000:00:15.6:pcie04: HPC vendor_id 15ad device_id 7a0 ss_vid 0 ss_did 0
[    1.656345] pciehp 0000:00:15.6:pcie04: service driver pciehp loaded
[    1.656390] pciehp 0000:00:15.7:pcie04: HPC vendor_id 15ad device_id 7a0 ss_vid 0 ss_did 0
[    1.656435] pciehp 0000:00:15.7:pcie04: service driver pciehp loaded
[    1.656480] pciehp 0000:00:16.0:pcie04: HPC vendor_id 15ad device_id 7a0 ss_vid 0 ss_did 0
[    1.656525] pciehp 0000:00:16.0:pcie04: service driver pciehp loaded
[    1.656570] pciehp 0000:00:16.1:pcie04: HPC vendor_id 15ad device_id 7a0 ss_vid 0 ss_did 0
[    1.656615] pciehp 0000:00:16.1:pcie04: service driver pciehp loaded
[    1.656660] pciehp 0000:00:16.2:pcie04: HPC vendor_id 15ad device_id 7a0 ss_vid 0 ss_did 0
[    1.656705] pciehp 0000:00:16.2:pcie04: service driver pciehp loaded
[    1.656751] pciehp 0000:00:16.3:pcie04: HPC vendor_id 15ad device_id 7a0 ss_vid 0 ss_did 0
[    1.656796] pciehp 0000:00:16.3:pcie04: service driver pciehp loaded
[    1.656841] pciehp 0000:00:16.4:pcie04: HPC vendor_id 15ad device_id 7a0 ss_vid 0 ss_did 0
[    1.656886] pciehp 0000:00:16.4:pcie04: service driver pciehp loaded
[    1.656931] pciehp 0000:00:16.5:pcie04: HPC vendor_id 15ad device_id 7a0 ss_vid 0 ss_did 0
[    1.656976] pciehp 0000:00:16.5:pcie04: service driver pciehp loaded
[    1.657021] pciehp 0000:00:16.6:pcie04: HPC vendor_id 15ad device_id 7a0 ss_vid 0 ss_did 0
[    1.657066] pciehp 0000:00:16.6:pcie04: service driver pciehp loaded
[    1.657111] pciehp 0000:00:16.7:pcie04: HPC vendor_id 15ad device_id 7a0 ss_vid 0 ss_did 0
[    1.657156] pciehp 0000:00:16.7:pcie04: service driver pciehp loaded
[    1.657201] pciehp 0000:00:17.0:pcie04: HPC vendor_id 15ad device_id 7a0 ss_vid 0 ss_did 0
[    1.657246] pciehp 0000:00:17.0:pcie04: service driver pciehp loaded
[    1.657291] pciehp 0000:00:17.1:pcie04: HPC vendor_id 15ad device_id 7a0 ss_vid 0 ss_did 0
[    1.657336] pciehp 0000:00:17.1:pcie04: service driver pciehp loaded
[    1.657381] pciehp 0000:00:17.2:pcie04: HPC vendor_id 15ad device_id 7a0 ss_vid 0 ss_did 0
[    1.657426] pciehp 0000:00:17.2:pcie04: service driver pciehp loaded
[    1.657471] pciehp 0000:00:17.3:pcie04: HPC vendor_id 15ad device_id 7a0 ss_vid 0 ss_did 0
[    1.657516] pciehp 0000:00:17.3:pcie04: service driver pciehp loaded
[    1.657561] pciehp 0000:00:17.4:pcie04: HPC vendor_id 15ad device_id 7a0 ss_vid 0 ss_did 0
[    1.657606] pciehp 0000:00:17.4:pcie04: service driver pciehp loaded
[    1.657651] pciehp 0000:00:17.5:pcie04: HPC vendor_id 15ad device_id 7a0 ss_vid 0 ss_did 0
[    1.657696] pciehp 0000:00:17.5:pcie04: service driver pciehp loaded
[    1.657741] pciehp 0000:00:17.6:pcie04: HPC vendor_id 15ad device_id 7a0 ss_vid 0 ss_did 0
[    1.657786] pciehp 0000:00:17.6:pcie04: service driver pciehp loaded
[    1.657831] pciehp 0000:00:17.7:pcie04: HPC vendor_id 15ad device_id 7a0 ss_vid 0 ss_did 0
[    1.657876] pciehp 0000:00:17.7:pcie04: service driver pciehp loaded
[    1.657921] pciehp 0000:00:18.0:pcie04: HPC vendor_id 15ad device_id 7a0 ss_vid 0 ss_did 0
[    1.657966] pciehp 0000:00:18.0:pcie04: service driver pciehp loaded
[    1.658011] pciehp 0000:00:18.1:pcie04: HPC vendor_id 15ad device_id 7a0 ss_vid 0 ss_did 0
[    1.658056] pciehp 0000:00:18.1:pcie04: service driver pciehp loaded
[    1.658101] pciehp 0000:00:18.2:pcie04: HPC vendor_id 15ad device_id 7a0 ss_vid 0 ss_did 0
[    1.658146] pciehp 0000:00:18.2:pcie04: service driver pciehp loaded
[    1.658191] pciehp 0000:00:18.3:pcie04: HPC vendor_id 15ad device_id 7a0 ss_vid 0 ss_did 0
[    1.658236] pciehp 0000:00:18.3:pcie04: service driver pciehp loaded
[    1.658281] pciehp 0000:00:18.4:pcie04: HPC vendor_id 15ad device_id 7a0 ss_vid 0 ss_did 0
[    1.658326] pciehp 0000:00:18.4:pcie04: service driver pciehp loaded
[    1.658372] pciehp 0000:00:18.5:pcie04: HPC vendor_id 15ad device_id 7a0 ss_vid 0 ss_did 0
[    1.658417] pciehp 0000:00:18.5:pcie04: service driver pciehp loaded
[    1.658462] pciehp 0000:00:18.6:pcie04: HPC vendor_id 15ad device_id 7a0 ss_vid 0 ss_did 0
[    1.658507] pciehp 0000:00:18.6:pcie04: service driver pciehp loaded
[    1.658552] pciehp 0000:00:18.7:pcie04: HPC vendor_id 15ad device_id 7a0 ss_vid 0 ss_did 0
[    1.658597] pciehp 0000:00:18.7:pcie04: service driver pciehp loaded
[    1.658604] pciehp: PCI Express Hot Plug Controller Driver version: 0.4
[    1.658653] ACPI: AC Adapter [ACAD] (on-line)
[    1.658705] input: Power Button as /devices/LNXSYSTM:00/LNXPWRBN:00/input/input0
[    1.658707] ACPI: Power Button [PWRF]
[    1.658752] processor LNXCPU:00: registered as cooling_device0
[    1.699654] isapnp: Scanning for PnP cards...
[    2.053032] isapnp: No Plug & Play device found
[    2.053072] random 0000 0000 0000 5f8db4e5 4cfdf2a8: initializing
[    2.053197] Linux agpgart interface v0.103
[    2.053235] agpgart-intel 0000:00:00.0: Intel 440BX Chipset
[    2.053287] agpgart-intel 0000:00:00.0: AGP aperture is 256M @ 0x0
[    2.053318] Serial: 8250/16550 driver, 32 ports, IRQ sharing enabled
[    2.053370] serial8250: ttyS0 at I/O 0x3f8 (irq = 4) is a 16550A
[    2.053422] serial8250: ttyS1 at I/O 0x2f8 (irq = 3) is a 16550A
[    2.053475] 00:0a: ttyS0 at I/O 0x3f8 (irq = 4) is a 16550A
[    2.053527] 00:0b: ttyS1 at I/O 0x2f8 (irq = 3) is a 16550A
[    2.053579] brd: module loaded
[    2.053631] loop: module loaded
[    2.053684] ata_piix 0000:00:07.1: version 2.13
[    2.053764] scsi0 : ata_piix
[    2.053810] scsi1 : ata_piix
[    2.053830] ata1: PATA max UDMA/33 cmd 0x1f0 ctl 0x3f6 bmdma 0x10c0 irq 14
[    2.053831] ata2: PATA max UDMA/33 cmd 0x170 ctl 0x376 bmdma 0x10c8 irq 15
[    2.053878] PPP generic driver version 2.4.2
[    2.053897] tun: Universal TUN/TAP device driver, 1.6
[    2.053898] tun: (C) 1999-2004 Max Krasnyansky <maxk@qualcomm.com>
[    2.053951] ehci_hcd: USB 2.0 'Enhanced' Host Controller (EHCI) Driver
[    2.054003] ACPI: PCI Interrupt Link [LNKB] enabled at IRQ 11
[    2.054005] PCI: setting IRQ 11 as level-triggered
[    2.054013] ehci_hcd 0000:02:03.0: PCI INT A -> Link[LNKB] -> GSI 11 (level, low) -> IRQ 11
[    2.054049] ehci_hcd 0000:02:03.0: EHCI Host Controller
[    2.054070] ehci_hcd 0000:02:03.0: new USB bus registered, assigned bus number 1
[    2.054122] ehci_hcd 0000:02:03.0: cache line size of 32 is not supported
[    2.054128] ehci_hcd 0000:02:03.0: irq 11, io mem 0xc9000000
[    2.054454] random 0000 0000 0000 00000000 00000000: rand_read_num 3 get_random_bytes(8): sig 00000000 00000000 00000000
[    2.054456] random 0000 0000 0000 00000000 00000000: extract_entropy(.. 8 ..)
[    2.054459] random 0000 0000 0000 00000000 00000000: going to reseed nonblocking with 64 bits (64 of 0 requested)
[    2.054461] random 0000 0000 0000 00000000 00000000: extract_entropy(.. 8 ..)
[    2.054463] random 0000 0000 0000 00000000 00000000: trying to extract 64 bits from input
[    2.054465] random 0000 0000 0000 00000000 00000000: debiting 0 entropy credits from input
[    2.054467] random 0000 0000 0000 00000000 00000000: extract_entropy account returned: 0 
[    2.054470] random 0000 0000 0000 00000000 00000000: urand_change_num 5 xfer_secondary_pool(8): pool_sig 00000000, data_sig 00000000, bytes_mixed 0 00000000 00000000
[    2.054473] random 0000 0000 0000 00000000 00000000: trying to extract 64 bits from nonblocking
[    2.054475] random 0000 0000 0000 00000000 00000000: debiting 64 entropy credits from nonblocking (unlimited)
[    2.054477] random 0000 0000 0000 00000000 00000000: extract_entropy account returned: 8 
[    2.054481] random 0000 0000 0000 00000000 00000000: urand_change_num 6 extract_buf: pool_sig 00000000, data_sig fffffff9, bytes_mixed 20 00000000 00000000
[    2.063106] ehci_hcd 0000:02:03.0: USB 2.0 started, EHCI 1.00
[    2.063159] usb usb1: configuration #1 chosen from 1 choice
[    2.063179] hub 1-0:1.0: USB hub found
[    2.063184] hub 1-0:1.0: 6 ports detected
[    2.063220] ohci_hcd: USB 1.1 'Open' Host Controller (OHCI) Driver
[    2.063231] uhci_hcd: USB Universal Host Controller Interface driver
[    2.063283] ACPI: PCI Interrupt Link [LNKC] enabled at IRQ 10
[    2.063286] PCI: setting IRQ 10 as level-triggered
[    2.063290] uhci_hcd 0000:02:00.0: PCI INT A -> Link[LNKC] -> GSI 10 (level, low) -> IRQ 10
[    2.063324] uhci_hcd 0000:02:00.0: UHCI Host Controller
[    2.063352] uhci_hcd 0000:02:00.0: new USB bus registered, assigned bus number 2
[    2.063456] uhci_hcd 0000:02:00.0: irq 10, io base 0x000020c0
[    2.063508] usb usb2: configuration #1 chosen from 1 choice
[    2.063524] hub 2-0:1.0: USB hub found
[    2.063528] hub 2-0:1.0: 2 ports detected
[    2.063581] usbcore: registered new interface driver libusual
[    2.063611] PNP: PS/2 Controller [PNP0303:KBC,PNP0f13:MOUS] at 0x60,0x64 irq 1,12
[    2.063941] serio: i8042 KBD port at 0x60,0x64 irq 1
[    2.063947] serio: i8042 AUX port at 0x60,0x64 irq 12
[    2.063979] mice: PS/2 mouse device common for all mice
[    2.064031] rtc_cmos 00:04: rtc core: registered rtc_cmos as rtc0
[    2.064046] rtc0: alarms up to one month, y3k, 114 bytes nvram, hpet irqs
[    2.064098] device-mapper: uevent: version 1.0.3
[    2.064204] device-mapper: ioctl: 4.15.0-ioctl (2009-04-01) initialised: dm-devel@redhat.com
[    2.064220] EISA: Probing bus 0 at eisa.0
[    2.064227] Cannot allocate resource for EISA slot 1
[    2.064229] Cannot allocate resource for EISA slot 2
[    2.064230] Cannot allocate resource for EISA slot 3
[    2.064232] Cannot allocate resource for EISA slot 4
[    2.064234] Cannot allocate resource for EISA slot 5
[    2.064235] Cannot allocate resource for EISA slot 6
[    2.064237] Cannot allocate resource for EISA slot 7
[    2.064239] Cannot allocate resource for EISA slot 8
[    2.064241] EISA: Detected 0 cards.
[    2.064282] cpuidle: using governor ladder
[    2.064284] cpuidle: using governor menu
[    2.064390] random 0000 0000 0000 00000000 00000000: rand_read_num 4 get_random_bytes(136): sig 0000021d 00000000 00000000
[    2.064393] random 0000 0000 0000 00000000 00000000: extract_entropy(.. 136 ..)
[    2.064396] random 0000 0000 0000 00000000 00000000: going to reseed nonblocking with 1024 bits (1088 of 0 requested)
[    2.064399] random 0000 0000 0000 00000000 00000000: extract_entropy(.. 128 ..)
[    2.064401] random 0000 0000 0000 00000000 00000000: trying to extract 1024 bits from input
[    2.064403] random 0000 0000 0000 00000000 00000000: debiting 0 entropy credits from input
[    2.064405] random 0000 0000 0000 00000000 00000000: extract_entropy account returned: 0 
[    2.064408] random 0000 0000 0000 00000000 00000000: urand_change_num 7 xfer_secondary_pool(136): pool_sig 0000021d, data_sig 00000000, bytes_mixed 0 00000000 00000000
[    2.064411] random 0000 0000 0000 00000000 00000000: trying to extract 1088 bits from nonblocking
[    2.064414] random 0000 0000 0000 00000000 00000000: debiting 1088 entropy credits from nonblocking (unlimited)
[    2.064416] random 0000 0000 0000 00000000 00000000: extract_entropy account returned: 136 
[    2.064420] random 0000 0000 0000 00000000 00000000: urand_change_num 8 extract_buf: pool_sig 0000021d, data_sig fffffff7, bytes_mixed 20 00000000 00000000
[    2.064424] random 0000 0000 0000 f961ee50 ba9cb1aa: urand_change_num 9 extract_buf: pool_sig 00000230, data_sig fffffeb4, bytes_mixed 20 f961ee50 ba9cb1aa
[    2.064429] random 0000 0000 0000 9748bdd6 56fb8af6: urand_change_num 10 extract_buf: pool_sig 00000373, data_sig 000000cf, bytes_mixed 20 9748bdd6 56fb8af6
[    2.064433] random 0000 0000 0000 9748bdd6 56fb8af6: urand_change_num 11 extract_buf: pool_sig fffffe49, data_sig 0000023f, bytes_mixed 20 9748bdd6 56fb8af6
[    2.064438] random 0000 0000 0000 a135be86 4777650e: urand_change_num 12 extract_buf: pool_sig fffffcce, data_sig 000000c6, bytes_mixed 20 a135be86 4777650e
[    2.064442] random 0000 0000 0000 4a6ea85d 170e00dd: urand_change_num 13 extract_buf: pool_sig ffffff97, data_sig ffffff7d, bytes_mixed 20 4a6ea85d 170e00dd
[    2.064447] random 0000 0000 0000 4a6ea85d 170e00dd: urand_change_num 14 extract_buf: pool_sig 00000160, data_sig fffffeea, bytes_mixed 20 4a6ea85d 170e00dd
[    2.064451] random 0000 0000 0000 6e87c3cb da668c73: urand_change_num 15 extract_buf: pool_sig 0000034f, data_sig ffffff54, bytes_mixed 20 6e87c3cb da668c73
[    2.064456] random 0000 0000 0000 6e87c3cb da668c73: urand_change_num 16 extract_buf: pool_sig fffffdc5, data_sig 00000205, bytes_mixed 20 6e87c3cb da668c73
[    2.064460] random 0000 0000 0000 39f531e6 461eb249: urand_change_num 17 extract_buf: pool_sig fffffc1d, data_sig ffffff5e, bytes_mixed 20 39f531e6 461eb249
[    2.064465] random 0000 0000 0000 7e1538a2 3e661182: urand_change_num 18 extract_buf: pool_sig 000006ef, data_sig ffffff2e, bytes_mixed 20 7e1538a2 3e661182
[    2.064469] random 0000 0000 0000 7e1538a2 3e661182: urand_change_num 19 extract_buf: pool_sig 00000317, data_sig fffffccb, bytes_mixed 20 7e1538a2 3e661182
[    2.064473] random 0000 0000 0000 76af506b 9b57305e: urand_change_num 20 extract_buf: pool_sig 00000227, data_sig ffffffd2, bytes_mixed 20 76af506b 9b57305e
[    2.064478] random 0000 0000 0000 37d49d89 e20417cc: urand_change_num 21 extract_buf: pool_sig 0000080b, data_sig 000001e9, bytes_mixed 20 37d49d89 e20417cc
[    2.064482] TCP cubic registered
[    2.064534] NET: Registered protocol family 10
[    2.064570] RANDOM - __random32 called. Change num 12.  Value: 8f3eba68	c1db9b96	544fe79f
[    2.064572] RANDOM - random32 called.  Value: 8f3eba68	c1db9b96	544fe79f
[    2.064582] random 0000 0000 0000 37d49d89 e20417cc: rand_read_num 5 get_random_bytes(4): sig 00000298 37d49d89 e20417cc
[    2.064584] random 0000 0000 0000 37d49d89 e20417cc: extract_entropy(.. 4 ..)
[    2.064586] random 0000 0000 0000 37d49d89 e20417cc: going to reseed nonblocking with 64 bits (32 of 0 requested)
[    2.064589] random 0000 0000 0000 37d49d89 e20417cc: extract_entropy(.. 8 ..)
[    2.064591] random 0000 0000 0000 37d49d89 e20417cc: trying to extract 64 bits from input
[    2.064593] random 0000 0000 0000 37d49d89 e20417cc: debiting 0 entropy credits from input
[    2.064595] random 0000 0000 0000 37d49d89 e20417cc: extract_entropy account returned: 0 
[    2.064598] random 0000 0000 0000 37d49d89 e20417cc: urand_change_num 22 xfer_secondary_pool(4): pool_sig 00000298, data_sig 00000000, bytes_mixed 0 37d49d89 e20417cc
[    2.064601] random 0000 0000 0000 37d49d89 e20417cc: trying to extract 32 bits from nonblocking
[    2.064603] random 0000 0000 0000 37d49d89 e20417cc: debiting 32 entropy credits from nonblocking (unlimited)
[    2.064605] random 0000 0000 0000 37d49d89 e20417cc: extract_entropy account returned: 4 
[    2.064609] random 0000 0000 0000 37d49d89 e20417cc: urand_change_num 23 extract_buf: pool_sig 00000298, data_sig 00000092, bytes_mixed 20 37d49d89 e20417cc
[    2.064661] RANDOM - __random32 called. Change num 13.  Value: eba68b0e	1db9b963	cf3ec61b
[    2.064663] RANDOM - random32 called.  Value: eba68b0e	1db9b963	cf3ec61b
[    2.064716] NET: Registered protocol family 17
[    2.064738] Using IPI No-Shortcut mode
[    2.064744] random 0000 0000 0000 2ee4c4fc 167bdb15: rand_read_num 6 get_random_bytes(8): sig fffffcbf 2ee4c4fc 167bdb15
[    2.064746] random 0000 0000 0000 2ee4c4fc 167bdb15: extract_entropy(.. 8 ..)
[    2.064748] random 0000 0000 0000 2ee4c4fc 167bdb15: going to reseed nonblocking with 64 bits (64 of 0 requested)
[    2.064750] random 0000 0000 0000 2ee4c4fc 167bdb15: extract_entropy(.. 8 ..)
[    2.064753] random 0000 0000 0000 2ee4c4fc 167bdb15: trying to extract 64 bits from input
[    2.064755] random 0000 0000 0000 2ee4c4fc 167bdb15: debiting 0 entropy credits from input
[    2.064757] random 0000 0000 0000 2ee4c4fc 167bdb15: extract_entropy account returned: 0 
[    2.064760] random 0000 0000 0000 2ee4c4fc 167bdb15: urand_change_num 24 xfer_secondary_pool(8): pool_sig fffffcbf, data_sig 00000000, bytes_mixed 0 2ee4c4fc 167bdb15
[    2.064763] random 0000 0000 0000 2ee4c4fc 167bdb15: trying to extract 64 bits from nonblocking
[    2.064765] random 0000 0000 0000 2ee4c4fc 167bdb15: debiting 64 entropy credits from nonblocking (unlimited)
[    2.064767] random 0000 0000 0000 2ee4c4fc 167bdb15: extract_entropy account returned: 8 
[    2.064771] random 0000 0000 0000 2ee4c4fc 167bdb15: urand_change_num 25 extract_buf: pool_sig fffffcbf, data_sig ffffff83, bytes_mixed 20 2ee4c4fc 167bdb15
[    2.064814] PM: Resume from disk failed.
[    2.064822] registered taskstats version 1
[    2.064825] random 0000 0000 0000 2ee4c4fc 167bdb15: rand_read_num 7 get_random_bytes(12): sig fffffc69 2ee4c4fc 167bdb15
[    2.064827] random 0000 0000 0000 2ee4c4fc 167bdb15: extract_entropy(.. 12 ..)
[    2.064830] random 0000 0000 0000 2ee4c4fc 167bdb15: going to reseed nonblocking with 96 bits (96 of 0 requested)
[    2.064832] random 0000 0000 0000 2ee4c4fc 167bdb15: extract_entropy(.. 12 ..)
[    2.064834] random 0000 0000 0000 2ee4c4fc 167bdb15: trying to extract 96 bits from input
[    2.064836] random 0000 0000 0000 2ee4c4fc 167bdb15: debiting 0 entropy credits from input
[    2.064838] random 0000 0000 0000 2ee4c4fc 167bdb15: extract_entropy account returned: 0 
[    2.064841] random 0000 0000 0000 2ee4c4fc 167bdb15: urand_change_num 26 xfer_secondary_pool(12): pool_sig fffffc69, data_sig 00000000, bytes_mixed 0 2ee4c4fc 167bdb15
[    2.064844] random 0000 0000 0000 2ee4c4fc 167bdb15: trying to extract 96 bits from nonblocking
[    2.064846] random 0000 0000 0000 2ee4c4fc 167bdb15: debiting 96 entropy credits from nonblocking (unlimited)
[    2.064848] random 0000 0000 0000 2ee4c4fc 167bdb15: extract_entropy account returned: 12 
[    2.064852] random 0000 0000 0000 2ee4c4fc 167bdb15: urand_change_num 27 extract_buf: pool_sig fffffc69, data_sig ffffff7d, bytes_mixed 20 2ee4c4fc 167bdb15
[    2.064856] random 0000 0000 0000 83b7c1ab 94697f48: urand_change_num 28 extract_buf: pool_sig fffffe30, data_sig fffffdd6, bytes_mixed 20 83b7c1ab 94697f48
[    2.064859] RANDOM - __seed init called.
[    2.064860] RANDOM - __seed init called.
[    2.064862] RANDOM - __seed init called.
[    2.064863] RANDOM - __random32 called. Change num 14.  Value: fc007995	feca4f80	21b38ad2
[    2.064865] RANDOM - random32_reseed called.  Value: fc007995	feca4f80	21b38ad2
[    2.064868] Pid: 1, comm: swapper Not tainted 2.6.32.57 #4
[    2.064870] Call Trace:
[    2.064876]  [<c14a8a0e>] ? printk+0x1d/0x1f
[    2.064880]  [<c17537e5>] random32_reseed+0x89/0xbd
[    2.064884]  [<c1003042>] do_one_initcall+0x32/0x1a0
[    2.064886]  [<c175375c>] ? random32_reseed+0x0/0xbd
[    2.064890]  [<c17308e7>] kernel_init+0x12d/0x17a
[    2.064938]  [<c17307ba>] ? kernel_init+0x0/0x17a
[    2.064941]  [<c1009b07>] kernel_thread_helper+0x7/0x10
[    2.067673] input: AT Translated Set 2 keyboard as /devices/platform/i8042/serio0/input/input1
[    2.067949] random 0000 0000 0000 6db70b00 b30ce96b: rand_read_num 8 get_random_bytes(64): sig fffffb38 6db70b00 b30ce96b
[    2.067952] random 0000 0000 0000 6db70b00 b30ce96b: extract_entropy(.. 64 ..)
[    2.067954] random 0000 0000 0000 6db70b00 b30ce96b: going to reseed nonblocking with 512 bits (512 of 0 requested)
[    2.067956] random 0000 0000 0000 6db70b00 b30ce96b: extract_entropy(.. 64 ..)
[    2.067958] random 0000 0000 0000 6db70b00 b30ce96b: trying to extract 512 bits from input
[    2.067961] random 0000 0000 0000 6db70b00 b30ce96b: debiting 0 entropy credits from input
[    2.067963] random 0000 0000 0000 6db70b00 b30ce96b: extract_entropy account returned: 0 
[    2.067965] random 0000 0000 0000 6db70b00 b30ce96b: urand_change_num 29 xfer_secondary_pool(64): pool_sig fffffb38, data_sig 00000000, bytes_mixed 0 6db70b00 b30ce96b
[    2.067968] random 0000 0000 0000 6db70b00 b30ce96b: trying to extract 512 bits from nonblocking
[    2.067970] random 0000 0000 0000 6db70b00 b30ce96b: debiting 512 entropy credits from nonblocking (unlimited)
[    2.067973] random 0000 0000 0000 6db70b00 b30ce96b: extract_entropy account returned: 64 
[    2.067976] random 0000 0000 0000 6db70b00 b30ce96b: urand_change_num 30 extract_buf: pool_sig fffffb38, data_sig 00000151, bytes_mixed 20 6db70b00 b30ce96b
[    2.067980] random 0000 0000 0000 6db70b00 b30ce96b: urand_change_num 31 extract_buf: pool_sig fffffdb8, data_sig 00000379, bytes_mixed 20 6db70b00 b30ce96b
[    2.067984] random 0000 0000 0000 6b83001e d4b6c0d3: urand_change_num 32 extract_buf: pool_sig ffffffc9, data_sig 00000198, bytes_mixed 20 6b83001e d4b6c0d3
[    2.067989] random 0000 0000 0000 79d3e3c7 be564518: urand_change_num 33 extract_buf: pool_sig 000002b9, data_sig ffffff84, bytes_mixed 20 79d3e3c7 be564518
[    2.067993] random 0000 0000 0000 79d3e3c7 be564518: urand_change_num 34 extract_buf: pool_sig ffffff55, data_sig ffffff5a, bytes_mixed 20 79d3e3c7 be564518
[    2.067997] random 0000 0000 0000 89c03cb2 0d353228: urand_change_num 35 extract_buf: pool_sig 00000007, data_sig ffffff17, bytes_mixed 20 89c03cb2 0d353228
[    2.068001] random 0000 0000 0000 89c03cb2 0d353228: urand_change_num 36 extract_buf: pool_sig fffffdae, data_sig 000000db, bytes_mixed 20 89c03cb2 0d353228  Magic number: 13:397:549
[    2.068010] tty ttyS25: hash matches
[    2.068033] pci_link PNP0C0F:00: hash matches
[    2.068096] rtc_cmos 00:04: setting system clock to 2013-05-24 20:30:27 UTC (1369427427)
[    2.068099] BIOS EDD facility v0.16 2004-Jun-25, 0 devices found
[    2.068100] EDD information not available.
[    2.068123] random 0000 0000 0000 8ca62387 b120332c: rand_read_num 9 get_random_bytes(64): sig fffffed6 8ca62387 b120332c
[    2.068125] random 0000 0000 0000 8ca62387 b120332c: extract_entropy(.. 64 ..)
[    2.068127] random 0000 0000 0000 8ca62387 b120332c: going to reseed nonblocking with 512 bits (512 of 0 requested)
[    2.068129] random 0000 0000 0000 8ca62387 b120332c: extract_entropy(.. 64 ..)
[    2.068131] random 0000 0000 0000 8ca62387 b120332c: trying to extract 512 bits from input
[    2.068133] random 0000 0000 0000 8ca62387 b120332c: debiting 0 entropy credits from input
[    2.068135] random 0000 0000 0000 8ca62387 b120332c: extract_entropy account returned: 0 
[    2.068138] random 0000 0000 0000 8ca62387 b120332c: urand_change_num 37 xfer_secondary_pool(64): pool_sig fffffed6, data_sig 00000000, bytes_mixed 0 8ca62387 b120332c
[    2.068141] random 0000 0000 0000 8ca62387 b120332c: trying to extract 512 bits from nonblocking
[    2.068143] random 0000 0000 0000 8ca62387 b120332c: debiting 512 entropy credits from nonblocking (unlimited)
[    2.068145] random 0000 0000 0000 8ca62387 b120332c: extract_entropy account returned: 64 
[    2.068148] random 0000 0000 0000 8ca62387 b120332c: urand_change_num 38 extract_buf: pool_sig fffffed6, data_sig fffffeb6, bytes_mixed 20 8ca62387 b120332c
[    2.068152] random 0000 0000 0000 90702413 e2a66c2e: urand_change_num 39 extract_buf: pool_sig fffffbb0, data_sig 0000012e, bytes_mixed 20 90702413 e2a66c2e
[    2.068156] random 0000 0000 0000 90702413 e2a66c2e: urand_change_num 40 extract_buf: pool_sig fffffaf1, data_sig ffffff3c, bytes_mixed 20 90702413 e2a66c2e
[    2.068160] random 0000 0000 0000 3f58038b c77aecb6: urand_change_num 41 extract_buf: pool_sig 00000234, data_sig fffffdec, bytes_mixed 20 3f58038b c77aecb6
[    2.068165] random 0000 0000 0000 47187b9d 03f21510: urand_change_num 42 extract_buf: pool_sig 00000192, data_sig 00000075, bytes_mixed 20 47187b9d 03f21510
[    2.068169] random 0000 0000 0000 47187b9d 03f21510: urand_change_num 43 extract_buf: pool_sig 0000018e, data_sig ffffffbf, bytes_mixed 20 47187b9d 03f21510
[    2.068173] random 0000 0000 0000 3180b1fc 0fa9c973: urand_change_num 44 extract_buf: pool_sig fffffecf, data_sig ffffff2a, bytes_mixed 20 3180b1fc 0fa9c973
[    2.068175] BEGIN NET_SECRET:
[    2.068177] \xffffff87
[    2.068178] \xffffff8d
[    2.068179] \xfffffff4
[    2.068180] \xffffffae
[    2.068181] \xffffffc3
[    2.068182] \xffffffb7
[    2.068183] \x31
[    2.068184] \x65
[    2.068185] \xffffffda
[    2.068186] \xffffffa2
[    2.068187] \x31
[    2.068189] \xffffffc8
[    2.068190] \xffffffa9
[    2.068191] \x76
[    2.068192] \x76
[    2.068193] \xffffff90
[    2.068194] \x55
[    2.068195] \xfffffff3
[    2.068196] \xffffffb1
[    2.068197] \x3
[    2.068198] \xffffffb3
[    2.068199] \xffffffa7
[    2.068200] \x5a
[    2.068201] \x71
[    2.068202] \x70
[    2.068203] \xffffff8c
[    2.068205] \x56
[    2.068206] \x25
[    2.068207] \xffffffe1
[    2.068208] \x4c
[    2.068209] \xffffffe6
[    2.068210] \xffffff95
[    2.068211] \x67
[    2.068212] \x4c
[    2.068213] \xffffffb9
[    2.068214] \x1d
[    2.068215] \xe
[    2.068216] \x34
[    2.068217] \xffffffbe
[    2.068218] \x12
[    2.068219] \x5
[    2.068220] \xffffff98
[    2.068221] \xffffffa0
[    2.068223] \xf
[    2.068224] \xffffffb2
[    2.068225] \xffffffde
[    2.068226] \xffffff99
[    2.068227] \xf
[    2.068228] \xffffffe8
[    2.068229] \xffffffc8
[    2.068230] \x1f
[    2.068231] \x54
[    2.068232] \x2c
[    2.068233] \xffffffee
[    2.068234] \x2e
[    2.068235] \x0
[    2.068236] \xffffff95
[    2.068237] \x0
[    2.068238] \xffffffe3
[    2.068240] \xffffffa7
[    2.068241] \xfffffffd
[    2.068242] \x66
[    2.068243] \xffffff92
[    2.068244] \xfffffff0
[    2.068245] 
[    2.068246] END NET_SECRET
[    2.068248] random 0000 0000 0000 3180b1fc 0fa9c973: rand_read_num 10 get_random_bytes(4): sig ffffff46 3180b1fc 0fa9c973
[    2.068250] random 0000 0000 0000 3180b1fc 0fa9c973: extract_entropy(.. 4 ..)
[    2.068253] random 0000 0000 0000 3180b1fc 0fa9c973: going to reseed nonblocking with 64 bits (32 of 0 requested)
[    2.068255] random 0000 0000 0000 3180b1fc 0fa9c973: extract_entropy(.. 8 ..)
[    2.068257] random 0000 0000 0000 3180b1fc 0fa9c973: trying to extract 64 bits from input
[    2.068259] random 0000 0000 0000 3180b1fc 0fa9c973: debiting 0 entropy credits from input
[    2.068261] random 0000 0000 0000 3180b1fc 0fa9c973: extract_entropy account returned: 0 
[    2.068263] random 0000 0000 0000 3180b1fc 0fa9c973: urand_change_num 45 xfer_secondary_pool(4): pool_sig ffffff46, data_sig 00000000, bytes_mixed 0 3180b1fc 0fa9c973
[    2.068266] random 0000 0000 0000 3180b1fc 0fa9c973: trying to extract 32 bits from nonblocking
[    2.068268] random 0000 0000 0000 3180b1fc 0fa9c973: debiting 32 entropy credits from nonblocking (unlimited)
[    2.068270] random 0000 0000 0000 3180b1fc 0fa9c973: extract_entropy account returned: 4 
[    2.068273] random 0000 0000 0000 3180b1fc 0fa9c973: urand_change_num 46 extract_buf: pool_sig ffffff46, data_sig 0000001b, bytes_mixed 20 3180b1fc 0fa9c973
[    2.240908] ata2.00: ATAPI: VMware Virtual IDE CDROM Drive, 00000001, max UDMA/33
[    2.241189] ata2.00: configured for UDMA/33
[    2.241579] scsi 1:0:0:0: CD-ROM            NECVMWar VMware IDE CDR10 1.00 PQ: 0 ANSI: 5
[    2.242877] sr0: scsi3-mmc drive: 306x/306x cd/rw xa/form2 cdda tray
[    2.242880] Uniform CD-ROM driver Revision: 3.20
[    2.242932] sr 1:0:0:0: Attached scsi CD-ROM sr0
[    2.242967] sr 1:0:0:0: Attached scsi generic sg0 type 5
[    2.243003] Freeing unused kernel memory: 652k freed
[    2.243055] Write protecting the kernel text: 4840k
[    2.243086] Write protecting the kernel read-only data: 1968k
