[    0.000000] random 0000 0000 0000 00000000 00000000: rand_read_num 1 get_random_bytes(8): sig 00000000 00000000 00000000
[    0.000000] random 0000 0000 0000 00000000 00000000: extract_entropy(.. 8 ..)
[    0.000000] random 0000 0000 0000 00000000 00000000: going to reseed nonblocking with 64 bits (64 of 0 requested)
[    0.000000] random 0000 0000 0000 00000000 00000000: extract_entropy(.. 8 ..)
[    0.000000] random 0000 0000 0000 00000000 00000000: trying to extract 64 bits from input
[    0.000000] random 0000 0000 0000 00000000 00000000: debiting 0 entropy credits from input
[    0.000000] random 0000 0000 0000 00000000 00000000: extract_entropy account returned: 0 
[    0.000000] random 0000 0000 0000 00000000 00000000: urand_change_num 1 xfer_secondary_pool(8): pool_sig 00000000, data_sig 00000000, bytes_mixed 0 00000000 00000000
[    0.000000] random 0000 0000 0000 00000000 00000000: trying to extract 64 bits from nonblocking
[    0.000000] random 0000 0000 0000 00000000 00000000: debiting 64 entropy credits from nonblocking (unlimited)
[    0.000000] random 0000 0000 0000 00000000 00000000: extract_entropy account returned: 8 
[    0.000000] random 0000 0000 0000 00000000 00000000: urand_change_num 2 extract_buf: pool_sig 00000000, data_sig fffffff9, bytes_mixed 20 00000000 00000000
[    0.000000] Initializing cgroup subsys cpuset
[    0.000000] Initializing cgroup subsys cpu
[    0.000000] Linux version 2.6.32.57 (dcashman@ubuntu) (gcc version 4.6.3 (Ubuntu/Linaro 4.6.3-1ubuntu5) ) #4 SMP Fri May 24 11:09:26 PDT 2013
[    0.000000] KERNEL supported cpus:
[    0.000000]   Intel GenuineIntel
[    0.000000]   AMD AuthenticAMD
[    0.000000]   NSC Geode by NSC
[    0.000000]   Cyrix CyrixInstead
[    0.000000]   Centaur CentaurHauls
[    0.000000]   Transmeta GenuineTMx86
[    0.000000]   Transmeta TransmetaCPU
[    0.000000]   UMC UMC UMC UMC
[    0.000000] BIOS-provided physical RAM map:
[    0.000000]  BIOS-e820: 0000000000000000 - 000000000009f000 (usable)
[    0.000000]  BIOS-e820: 000000000009f000 - 00000000000a0000 (reserved)
[    0.000000]  BIOS-e820: 00000000000ca000 - 00000000000cc000 (reserved)
[    0.000000]  BIOS-e820: 00000000000dc000 - 0000000000100000 (reserved)
[    0.000000]  BIOS-e820: 0000000000100000 - 000000003fee0000 (usable)
[    0.000000]  BIOS-e820: 000000003fee0000 - 000000003feff000 (ACPI data)
[    0.000000]  BIOS-e820: 000000003feff000 - 000000003ff00000 (ACPI NVS)
[    0.000000]  BIOS-e820: 000000003ff00000 - 0000000040000000 (usable)
[    0.000000]  BIOS-e820: 00000000e0000000 - 00000000f0000000 (reserved)
[    0.000000]  BIOS-e820: 00000000fec00000 - 00000000fec10000 (reserved)
[    0.000000]  BIOS-e820: 00000000fee00000 - 00000000fee01000 (reserved)
[    0.000000]  BIOS-e820: 00000000fffe0000 - 0000000100000000 (reserved)
[    0.000000] DMI present.
[    0.000000] Phoenix BIOS detected: BIOS may corrupt low RAM, working around it.
[    0.000000] e820 update range: 0000000000000000 - 0000000000010000 (usable) ==> (reserved)
[    0.000000] last_pfn = 0x40000 max_arch_pfn = 0x1000000
[    0.000000] MTRR default type: uncachable
[    0.000000] MTRR fixed ranges enabled:
[    0.000000]   00000-9FFFF write-back
[    0.000000]   A0000-BFFFF uncachable
[    0.000000]   C0000-CBFFF write-protect
[    0.000000]   CC000-EFFFF uncachable
[    0.000000]   F0000-FFFFF write-protect
[    0.000000] MTRR variable ranges enabled:
[    0.000000]   0 base 0000000000 mask FFC0000000 write-back
[    0.000000]   1 disabled
[    0.000000]   2 disabled
[    0.000000]   3 disabled
[    0.000000]   4 disabled
[    0.000000]   5 disabled
[    0.000000]   6 disabled
[    0.000000]   7 disabled
[    0.000000] x86 PAT enabled: cpu 0, old 0x0, new 0x7010600070106
[    0.000000] Scanning 0 areas for low memory corruption
[    0.000000] modified physical RAM map:
[    0.000000]  modified: 0000000000000000 - 0000000000010000 (reserved)
[    0.000000]  modified: 0000000000010000 - 000000000009f000 (usable)
[    0.000000]  modified: 000000000009f000 - 00000000000a0000 (reserved)
[    0.000000]  modified: 00000000000ca000 - 00000000000cc000 (reserved)
[    0.000000]  modified: 00000000000dc000 - 0000000000100000 (reserved)
[    0.000000]  modified: 0000000000100000 - 000000003fee0000 (usable)
[    0.000000]  modified: 000000003fee0000 - 000000003feff000 (ACPI data)
[    0.000000]  modified: 000000003feff000 - 000000003ff00000 (ACPI NVS)
[    0.000000]  modified: 000000003ff00000 - 0000000040000000 (usable)
[    0.000000]  modified: 00000000e0000000 - 00000000f0000000 (reserved)
[    0.000000]  modified: 00000000fec00000 - 00000000fec10000 (reserved)
[    0.000000]  modified: 00000000fee00000 - 00000000fee01000 (reserved)
[    0.000000]  modified: 00000000fffe0000 - 0000000100000000 (reserved)
[    0.000000] initial memory mapped : 0 - 01e00000
[    0.000000] init_memory_mapping: 0000000000000000-00000000379fe000
[    0.000000] NX (Execute Disable) protection: active
[    0.000000]  0000000000 - 0000200000 page 4k
[    0.000000]  0000200000 - 0037800000 page 2M
[    0.000000]  0037800000 - 00379fe000 page 4k
[    0.000000] kernel direct mapping tables up to 379fe000 @ 10000-16000
[    0.000000] RAMDISK: 2dcfc000 - 32e758c3
[    0.000000] ACPI: RSDP 000f6b80 00024 (v02 PTLTD )
[    0.000000] ACPI: XSDT 3feed636 0005C (v01 INTEL  440BX    06040000 VMW  01324272)
[    0.000000] ACPI: FACP 3fefee98 000F4 (v04 INTEL  440BX    06040000 PTL  000F4240)
[    0.000000] ACPI: DSDT 3feee366 10B32 (v01 PTLTD  Custom   06040000 MSFT 03000001)
[    0.000000] ACPI: FACS 3fefffc0 00040
[    0.000000] ACPI: BOOT 3feee33e 00028 (v01 PTLTD  $SBFTBL$ 06040000  LTP 00000001)
[    0.000000] ACPI: APIC 3feedc3e 003C2 (v01 PTLTD  ? APIC   06040000  LTP 00000000)
[    0.000000] ACPI: MCFG 3feedc02 0003C (v01 PTLTD  $PCITBL$ 06040000  LTP 00000001)
[    0.000000] ACPI: SRAT 3feed732 004D0 (v02 VMWARE MEMPLUG  06040000 VMW  00000001)
[    0.000000] ACPI: HPET 3feed6fa 00038 (v01 VMWARE VMW HPET 06040000 VMW  00000001)
[    0.000000] ACPI: WAET 3feed6d2 00028 (v01 VMWARE VMW WAET 06040000 VMW  00000001)
[    0.000000] ACPI: Local APIC address 0xfee00000
[    0.000000] 134MB HIGHMEM available.
[    0.000000] 889MB LOWMEM available.
[    0.000000]   mapped low ram: 0 - 379fe000
[    0.000000]   low ram: 0 - 379fe000
[    0.000000]   node 0 low ram: 00000000 - 379fe000
[    0.000000]   node 0 bootmap 00012000 - 00018f40
[    0.000000] (9 early reservations) ==> bootmem [0000000000 - 00379fe000]
[    0.000000]   #0 [0000000000 - 0000001000]   BIOS data page ==> [0000000000 - 0000001000]
[    0.000000]   #1 [0000001000 - 0000002000]    EX TRAMPOLINE ==> [0000001000 - 0000002000]
[    0.000000]   #2 [0000006000 - 0000007000]       TRAMPOLINE ==> [0000006000 - 0000007000]
[    0.000000]   #3 [0001000000 - 0001a75ff8]    TEXT DATA BSS ==> [0001000000 - 0001a75ff8]
[    0.000000]   #4 [002dcfc000 - 0032e758c3]          RAMDISK ==> [002dcfc000 - 0032e758c3]
[    0.000000]   #5 [000009f000 - 0000100000]    BIOS reserved ==> [000009f000 - 0000100000]
[    0.000000]   #6 [0001a76000 - 0001a851c0]              BRK ==> [0001a76000 - 0001a851c0]
[    0.000000]   #7 [0000010000 - 0000012000]          PGTABLE ==> [0000010000 - 0000012000]
[    0.000000]   #8 [0000012000 - 0000019000]          BOOTMAP ==> [0000012000 - 0000019000]
[    0.000000] found SMP MP-table at [c00f6bf0] f6bf0
[    0.000000] Zone PFN ranges:
[    0.000000]   DMA      0x00000010 -> 0x00001000
[    0.000000]   Normal   0x00001000 -> 0x000379fe
[    0.000000]   HighMem  0x000379fe -> 0x00040000
[    0.000000] Movable zone start PFN for each node
[    0.000000] early_node_map[3] active PFN ranges
[    0.000000]     0: 0x00000010 -> 0x0000009f
[    0.000000]     0: 0x00000100 -> 0x0003fee0
[    0.000000]     0: 0x0003ff00 -> 0x00040000
[    0.000000] On node 0 totalpages: 261999
[    0.000000] free_area_init_node: node 0, pgdat c1715200, node_mem_map c1a87200
[    0.000000]   DMA zone: 32 pages used for memmap
[    0.000000]   DMA zone: 0 pages reserved
[    0.000000]   DMA zone: 3951 pages, LIFO batch:0
[    0.000000]   Normal zone: 1748 pages used for memmap
[    0.000000]   Normal zone: 221994 pages, LIFO batch:31
[    0.000000]   HighMem zone: 269 pages used for memmap
[    0.000000]   HighMem zone: 34005 pages, LIFO batch:7
[    0.000000] Using APIC driver default
[    0.000000] ACPI: PM-Timer IO Port: 0x1008
[    0.000000] ACPI: Local APIC address 0xfee00000
[    0.000000] ACPI: LAPIC (acpi_id[0x00] lapic_id[0x00] enabled)
[    0.000000] ACPI: LAPIC (acpi_id[0x01] lapic_id[0x02] disabled)
[    0.000000] ACPI: LAPIC (acpi_id[0x02] lapic_id[0x04] disabled)
[    0.000000] ACPI: LAPIC (acpi_id[0x03] lapic_id[0x06] disabled)
[    0.000000] ACPI: LAPIC (acpi_id[0x04] lapic_id[0x08] disabled)
[    0.000000] ACPI: LAPIC (acpi_id[0x05] lapic_id[0x0a] disabled)
[    0.000000] ACPI: LAPIC (acpi_id[0x06] lapic_id[0x0c] disabled)
[    0.000000] ACPI: LAPIC (acpi_id[0x07] lapic_id[0x0e] disabled)
[    0.000000] ACPI: LAPIC (acpi_id[0x08] lapic_id[0x10] disabled)
[    0.000000] ACPI: LAPIC (acpi_id[0x09] lapic_id[0x12] disabled)
[    0.000000] ACPI: LAPIC (acpi_id[0x0a] lapic_id[0x14] disabled)
[    0.000000] ACPI: LAPIC (acpi_id[0x0b] lapic_id[0x16] disabled)
[    0.000000] ACPI: LAPIC (acpi_id[0x0c] lapic_id[0x18] disabled)
[    0.000000] ACPI: LAPIC (acpi_id[0x0d] lapic_id[0x1a] disabled)
[    0.000000] ACPI: LAPIC (acpi_id[0x0e] lapic_id[0x1c] disabled)
[    0.000000] ACPI: LAPIC (acpi_id[0x0f] lapic_id[0x1e] disabled)
[    0.000000] ACPI: LAPIC (acpi_id[0x10] lapic_id[0x20] disabled)
[    0.000000] ACPI: LAPIC (acpi_id[0x11] lapic_id[0x22] disabled)
[    0.000000] ACPI: LAPIC (acpi_id[0x12] lapic_id[0x24] disabled)
[    0.000000] ACPI: LAPIC (acpi_id[0x13] lapic_id[0x26] disabled)
[    0.000000] ACPI: LAPIC (acpi_id[0x14] lapic_id[0x28] disabled)
[    0.000000] ACPI: LAPIC (acpi_id[0x15] lapic_id[0x2a] disabled)
[    0.000000] ACPI: LAPIC (acpi_id[0x16] lapic_id[0x2c] disabled)
[    0.000000] ACPI: LAPIC (acpi_id[0x17] lapic_id[0x2e] disabled)
[    0.000000] ACPI: LAPIC (acpi_id[0x18] lapic_id[0x30] disabled)
[    0.000000] ACPI: LAPIC (acpi_id[0x19] lapic_id[0x32] disabled)
[    0.000000] ACPI: LAPIC (acpi_id[0x1a] lapic_id[0x34] disabled)
[    0.000000] ACPI: LAPIC (acpi_id[0x1b] lapic_id[0x36] disabled)
[    0.000000] ACPI: LAPIC (acpi_id[0x1c] lapic_id[0x38] disabled)
[    0.000000] ACPI: LAPIC (acpi_id[0x1d] lapic_id[0x3a] disabled)
[    0.000000] ACPI: LAPIC (acpi_id[0x1e] lapic_id[0x3c] disabled)
[    0.000000] ACPI: LAPIC (acpi_id[0x1f] lapic_id[0x3e] disabled)
[    0.000000] ACPI: LAPIC (acpi_id[0x20] lapic_id[0x40] disabled)
[    0.000000] ACPI: LAPIC (acpi_id[0x21] lapic_id[0x42] disabled)
[    0.000000] ACPI: LAPIC (acpi_id[0x22] lapic_id[0x44] disabled)
[    0.000000] ACPI: LAPIC (acpi_id[0x23] lapic_id[0x46] disabled)
[    0.000000] ACPI: LAPIC (acpi_id[0x24] lapic_id[0x48] disabled)
[    0.000000] ACPI: LAPIC (acpi_id[0x25] lapic_id[0x4a] disabled)
[    0.000000] ACPI: LAPIC (acpi_id[0x26] lapic_id[0x4c] disabled)
[    0.000000] ACPI: LAPIC (acpi_id[0x27] lapic_id[0x4e] disabled)
[    0.000000] ACPI: LAPIC (acpi_id[0x28] lapic_id[0x50] disabled)
[    0.000000] ACPI: LAPIC (acpi_id[0x29] lapic_id[0x52] disabled)
[    0.000000] ACPI: LAPIC (acpi_id[0x2a] lapic_id[0x54] disabled)
[    0.000000] ACPI: LAPIC (acpi_id[0x2b] lapic_id[0x56] disabled)
[    0.000000] ACPI: LAPIC (acpi_id[0x2c] lapic_id[0x58] disabled)
[    0.000000] ACPI: LAPIC (acpi_id[0x2d] lapic_id[0x5a] disabled)
[    0.000000] ACPI: LAPIC (acpi_id[0x2e] lapic_id[0x5c] disabled)
[    0.000000] ACPI: LAPIC (acpi_id[0x2f] lapic_id[0x5e] disabled)
[    0.000000] ACPI: LAPIC (acpi_id[0x30] lapic_id[0x60] disabled)
[    0.000000] ACPI: LAPIC (acpi_id[0x31] lapic_id[0x62] disabled)
[    0.000000] ACPI: LAPIC (acpi_id[0x32] lapic_id[0x64] disabled)
[    0.000000] ACPI: LAPIC (acpi_id[0x33] lapic_id[0x66] disabled)
[    0.000000] ACPI: LAPIC (acpi_id[0x34] lapic_id[0x68] disabled)
[    0.000000] ACPI: LAPIC (acpi_id[0x35] lapic_id[0x6a] disabled)
[    0.000000] ACPI: LAPIC (acpi_id[0x36] lapic_id[0x6c] disabled)
[    0.000000] ACPI: LAPIC (acpi_id[0x37] lapic_id[0x6e] disabled)
[    0.000000] ACPI: LAPIC (acpi_id[0x38] lapic_id[0x70] disabled)
[    0.000000] ACPI: LAPIC (acpi_id[0x39] lapic_id[0x72] disabled)
[    0.000000] ACPI: LAPIC (acpi_id[0x3a] lapic_id[0x74] disabled)
[    0.000000] ACPI: LAPIC (acpi_id[0x3b] lapic_id[0x76] disabled)
[    0.000000] ACPI: LAPIC (acpi_id[0x3c] lapic_id[0x78] disabled)
[    0.000000] ACPI: LAPIC (acpi_id[0x3d] lapic_id[0x7a] disabled)
[    0.000000] ACPI: LAPIC (acpi_id[0x3e] lapic_id[0x7c] disabled)
[    0.000000] ACPI: LAPIC (acpi_id[0x3f] lapic_id[0x7e] disabled)
[    0.000000] ACPI: LAPIC_NMI (acpi_id[0x00] high edge lint[0x1])
[    0.000000] ACPI: LAPIC_NMI (acpi_id[0x01] high edge lint[0x1])
[    0.000000] ACPI: LAPIC_NMI (acpi_id[0x02] high edge lint[0x1])
[    0.000000] ACPI: LAPIC_NMI (acpi_id[0x03] high edge lint[0x1])
[    0.000000] ACPI: LAPIC_NMI (acpi_id[0x04] high edge lint[0x1])
[    0.000000] ACPI: LAPIC_NMI (acpi_id[0x05] high edge lint[0x1])
[    0.000000] ACPI: LAPIC_NMI (acpi_id[0x06] high edge lint[0x1])
[    0.000000] ACPI: LAPIC_NMI (acpi_id[0x07] high edge lint[0x1])
[    0.000000] ACPI: LAPIC_NMI (acpi_id[0x08] high edge lint[0x1])
[    0.000000] ACPI: LAPIC_NMI (acpi_id[0x09] high edge lint[0x1])
[    0.000000] ACPI: LAPIC_NMI (acpi_id[0x0a] high edge lint[0x1])
[    0.000000] ACPI: LAPIC_NMI (acpi_id[0x0b] high edge lint[0x1])
[    0.000000] ACPI: LAPIC_NMI (acpi_id[0x0c] high edge lint[0x1])
[    0.000000] ACPI: LAPIC_NMI (acpi_id[0x0d] high edge lint[0x1])
[    0.000000] ACPI: LAPIC_NMI (acpi_id[0x0e] high edge lint[0x1])
[    0.000000] ACPI: LAPIC_NMI (acpi_id[0x0f] high edge lint[0x1])
[    0.000000] ACPI: LAPIC_NMI (acpi_id[0x10] high edge lint[0x1])
[    0.000000] ACPI: LAPIC_NMI (acpi_id[0x11] high edge lint[0x1])
[    0.000000] ACPI: LAPIC_NMI (acpi_id[0x12] high edge lint[0x1])
[    0.000000] ACPI: LAPIC_NMI (acpi_id[0x13] high edge lint[0x1])
[    0.000000] ACPI: LAPIC_NMI (acpi_id[0x14] high edge lint[0x1])
[    0.000000] ACPI: LAPIC_NMI (acpi_id[0x15] high edge lint[0x1])
[    0.000000] ACPI: LAPIC_NMI (acpi_id[0x16] high edge lint[0x1])
[    0.000000] ACPI: LAPIC_NMI (acpi_id[0x17] high edge lint[0x1])
[    0.000000] ACPI: LAPIC_NMI (acpi_id[0x18] high edge lint[0x1])
[    0.000000] ACPI: LAPIC_NMI (acpi_id[0x19] high edge lint[0x1])
[    0.000000] ACPI: LAPIC_NMI (acpi_id[0x1a] high edge lint[0x1])
[    0.000000] ACPI: LAPIC_NMI (acpi_id[0x1b] high edge lint[0x1])
[    0.000000] ACPI: LAPIC_NMI (acpi_id[0x1c] high edge lint[0x1])
[    0.000000] ACPI: LAPIC_NMI (acpi_id[0x1d] high edge lint[0x1])
[    0.000000] ACPI: LAPIC_NMI (acpi_id[0x1e] high edge lint[0x1])
[    0.000000] ACPI: LAPIC_NMI (acpi_id[0x1f] high edge lint[0x1])
[    0.000000] ACPI: LAPIC_NMI (acpi_id[0x20] high edge lint[0x1])
[    0.000000] ACPI: LAPIC_NMI (acpi_id[0x21] high edge lint[0x1])
[    0.000000] ACPI: LAPIC_NMI (acpi_id[0x22] high edge lint[0x1])
[    0.000000] ACPI: LAPIC_NMI (acpi_id[0x23] high edge lint[0x1])
[    0.000000] ACPI: LAPIC_NMI (acpi_id[0x24] high edge lint[0x1])
[    0.000000] ACPI: LAPIC_NMI (acpi_id[0x25] high edge lint[0x1])
[    0.000000] ACPI: LAPIC_NMI (acpi_id[0x26] high edge lint[0x1])
[    0.000000] ACPI: LAPIC_NMI (acpi_id[0x27] high edge lint[0x1])
[    0.000000] ACPI: LAPIC_NMI (acpi_id[0x28] high edge lint[0x1])
[    0.000000] ACPI: LAPIC_NMI (acpi_id[0x29] high edge lint[0x1])
[    0.000000] ACPI: LAPIC_NMI (acpi_id[0x2a] high edge lint[0x1])
[    0.000000] ACPI: LAPIC_NMI (acpi_id[0x2b] high edge lint[0x1])
[    0.000000] ACPI: LAPIC_NMI (acpi_id[0x2c] high edge lint[0x1])
[    0.000000] ACPI: LAPIC_NMI (acpi_id[0x2d] high edge lint[0x1])
[    0.000000] ACPI: LAPIC_NMI (acpi_id[0x2e] high edge lint[0x1])
[    0.000000] ACPI: LAPIC_NMI (acpi_id[0x2f] high edge lint[0x1])
[    0.000000] ACPI: LAPIC_NMI (acpi_id[0x30] high edge lint[0x1])
[    0.000000] ACPI: LAPIC_NMI (acpi_id[0x31] high edge lint[0x1])
[    0.000000] ACPI: LAPIC_NMI (acpi_id[0x32] high edge lint[0x1])
[    0.000000] ACPI: LAPIC_NMI (acpi_id[0x33] high edge lint[0x1])
[    0.000000] ACPI: LAPIC_NMI (acpi_id[0x34] high edge lint[0x1])
[    0.000000] ACPI: LAPIC_NMI (acpi_id[0x35] high edge lint[0x1])
[    0.000000] ACPI: LAPIC_NMI (acpi_id[0x36] high edge lint[0x1])
[    0.000000] ACPI: LAPIC_NMI (acpi_id[0x37] high edge lint[0x1])
[    0.000000] ACPI: LAPIC_NMI (acpi_id[0x38] high edge lint[0x1])
[    0.000000] ACPI: LAPIC_NMI (acpi_id[0x39] high edge lint[0x1])
[    0.000000] ACPI: LAPIC_NMI (acpi_id[0x3a] high edge lint[0x1])
[    0.000000] ACPI: LAPIC_NMI (acpi_id[0x3b] high edge lint[0x1])
[    0.000000] ACPI: LAPIC_NMI (acpi_id[0x3c] high edge lint[0x1])
[    0.000000] ACPI: LAPIC_NMI (acpi_id[0x3d] high edge lint[0x1])
[    0.000000] ACPI: LAPIC_NMI (acpi_id[0x3e] high edge lint[0x1])
[    0.000000] ACPI: LAPIC_NMI (acpi_id[0x3f] high edge lint[0x1])
[    0.000000] ACPI: Skipping IOAPIC probe due to 'noapic' option.
[    0.000000] Using ACPI for processor (LAPIC) configuration information
[    0.000000] ACPI: HPET id: 0x8086af01 base: 0xfed00000
[    0.000000] Intel MultiProcessor Specification v1.4
[    0.000000]     Virtual Wire compatibility mode.
[    0.000000] MPTABLE: OEM ID: INTEL   
[    0.000000] MPTABLE: Product ID: 440BX       
[    0.000000] MPTABLE: APIC at: 0xFEE00000
[    0.000000] I/O APIC #1 Version 17 at 0xFEC00000.
[    0.000000] Processors: 1
[    0.000000] 64 Processors exceeds NR_CPUS limit of 8
[    0.000000] SMP: Allowing 8 CPUs, 7 hotplug CPUs
[    0.000000] nr_irqs_gsi: 24
[    0.000000] PM: Registered nosave memory: 000000000009f000 - 00000000000a0000
[    0.000000] PM: Registered nosave memory: 00000000000a0000 - 00000000000ca000
[    0.000000] PM: Registered nosave memory: 00000000000ca000 - 00000000000cc000
[    0.000000] PM: Registered nosave memory: 00000000000cc000 - 00000000000dc000
[    0.000000] PM: Registered nosave memory: 00000000000dc000 - 0000000000100000
[    0.000000] Allocating PCI resources starting at 40000000 (gap: 40000000:a0000000)
[    0.000000] Booting paravirtualized kernel on bare hardware
[    0.000000] NR_CPUS:8 nr_cpumask_bits:8 nr_cpu_ids:8 nr_node_ids:1
[    0.000000] PERCPU: Embedded 15 pages/cpu @c2400000 s39320 r0 d22120 u262144
[    0.000000] pcpu-alloc: s39320 r0 d22120 u262144 alloc=1*2097152
[    0.000000] pcpu-alloc: [0] 0 1 2 3 4 5 6 7 
[    0.000000] Built 1 zonelists in Zone order, mobility grouping on.  Total pages: 259950
[    0.000000] Kernel command line: BOOT_IMAGE=/boot/vmlinuz-2.6.32.57 root=UUID=007b598c-390d-4c65-84a1-4ff752d48633 ro quiet splash maxcpus=0
[    0.000000] PID hash table entries: 4096 (order: 2, 16384 bytes)
[    0.000000] Dentry cache hash table entries: 131072 (order: 7, 524288 bytes)
[    0.000000] Inode-cache hash table entries: 65536 (order: 6, 262144 bytes)
[    0.000000] Enabling fast FPU save and restore... done.
[    0.000000] Enabling unmasked SIMD FPU exception support... done.
[    0.000000] Initializing CPU#0
[    0.000000] xsave/xrstor: enabled xstate_bv 0x7, cntxt size 0x340
[    0.000000] allocated 5242560 bytes of page_cgroup
[    0.000000] please try 'cgroup_disable=memory' option if you don't want memory cgroups
[    0.000000] Initializing HighMem for node 0 (000379fe:00040000)
[    0.000000] Memory: 938260k/1048576k available (4839k kernel code, 108848k reserved, 2518k data, 652k init, 137096k highmem)
[    0.000000] virtual kernel memory layout:
[    0.000000]     fixmap  : 0xfff1e000 - 0xfffff000   ( 900 kB)
[    0.000000]     pkmap   : 0xffa00000 - 0xffc00000   (2048 kB)
[    0.000000]     vmalloc : 0xf81fe000 - 0xff9fe000   ( 120 MB)
[    0.000000]     lowmem  : 0xc0000000 - 0xf79fe000   ( 889 MB)
[    0.000000]       .init : 0xc1730000 - 0xc17d3000   ( 652 kB)
[    0.000000]       .data : 0xc14b9cce - 0xc172f764   (2518 kB)
[    0.000000]       .text : 0xc1000000 - 0xc14b9cce   (4839 kB)
[    0.000000] Checking if this processor honours the WP bit even in supervisor mode...Ok.
[    0.000000] SLUB: Genslabs=13, HWalign=64, Order=0-3, MinObjects=0, CPUs=8, Nodes=1
[    0.000000] Hierarchical RCU implementation.
[    0.000000] NR_IRQS:2304 nr_irqs:472
[    0.000000] Extended CMOS year: 2000
[    0.000000] Console: colour VGA+ 80x25
[    0.000000] console [tty0] enabled
[    0.000000] hpet clockevent registered
[    0.000000] TSC freq read from hypervisor : 2394.620 MHz
[    0.000000] Detected 2394.620 MHz processor.
[    0.000002] Calibrating delay loop (skipped) preset value.. 4789.24 BogoMIPS (lpj=9578480)
[    0.000011] Security Framework initialized
[    0.000014] SELinux:  Disabled at boot.
[    0.000018] Mount-cache hash table entries: 512
[    0.000114] Initializing cgroup subsys cpuacct
[    0.000117] Initializing cgroup subsys memory
[    0.000120] Initializing cgroup subsys devices
[    0.000122] Initializing cgroup subsys freezer
[    0.000148] CPU: Physical Processor ID: 0
[    0.000155] CPU: L1 I cache: 32K, L1 D cache: 32K
[    0.000156] CPU: L2 cache: 256K
[    0.000157] CPU: L3 cache: 4096K
[    0.000162] mce: CPU supports 0 MCE banks
[    0.000174] Performance Events: no PMU driver, software events only.
[    0.000193] Checking 'hlt' instruction... OK.
[    0.017650] SMP alternatives: switching to UP code
[    0.031972] ACPI: Core revision 20090903
[    0.037998] ACPI: setting ELCR to 0200 (from 0e20)
[    0.039010] ftrace: converting mcount calls to 0f 1f 44 00 00
[    0.039015] ftrace: allocating 22631 entries in 45 pages
[    0.056409] CANARY value: 2c96b945 for PID: 1
[    0.056442] Not enabling x2apic, Intr-remapping init failed.
[    0.056443] Enabling APIC mode:  Flat.  Using 1 I/O APICs
[    0.056452] SMP mode deactivated.
[    0.056478] SMP disabled
[    0.056544] Brought up 1 CPUs
[    0.056546] Total of 1 processors activated (4789.24 BogoMIPS).
[    0.056550] CPU0 attaching NULL sched-domain.
[    0.056619] devtmpfs: initialized
[    0.056724] sysctl table check failed: /kernel/random/now_input .1.40.7 Unknown sysctl binary path
[    0.056966] Pid: 1, comm: swapper Not tainted 2.6.32.57 #4
[    0.056967] Call Trace:
[    0.056972]  [<c14a8a0e>] ? printk+0x1d/0x1f
[    0.056975]  [<c107b56f>] set_fail+0x4f/0x60
[    0.056977]  [<c107b8b3>] sysctl_check_table+0x333/0x620
[    0.056979]  [<c107b8cc>] sysctl_check_table+0x34c/0x620
[    0.056980]  [<c107b8cc>] sysctl_check_table+0x34c/0x620
[    0.056984]  [<c1746d48>] sysctl_init+0x25/0x29
[    0.056987]  [<c1003042>] do_one_initcall+0x32/0x1a0
[    0.056989]  [<c1746d23>] ? sysctl_init+0x0/0x29
[    0.056991]  [<c17308e7>] kernel_init+0x12d/0x17a
[    0.056993]  [<c17307ba>] ? kernel_init+0x0/0x17a
[    0.056995]  [<c1009b07>] kernel_thread_helper+0x7/0x10
[    0.056997] sysctl table check failed: /kernel/random/now_blocking .1.40.8 Unknown sysctl binary path
[    0.057269] Pid: 1, comm: swapper Not tainted 2.6.32.57 #4
[    0.057270] Call Trace:
[    0.057271]  [<c14a8a0e>] ? printk+0x1d/0x1f
[    0.057273]  [<c107b56f>] set_fail+0x4f/0x60
[    0.057275]  [<c107b8b3>] sysctl_check_table+0x333/0x620
[    0.057276]  [<c107b8cc>] sysctl_check_table+0x34c/0x620
[    0.057278]  [<c107b8cc>] sysctl_check_table+0x34c/0x620
[    0.057280]  [<c1746d48>] sysctl_init+0x25/0x29
[    0.057282]  [<c1003042>] do_one_initcall+0x32/0x1a0
[    0.057284]  [<c1746d23>] ? sysctl_init+0x0/0x29
[    0.057286]  [<c17308e7>] kernel_init+0x12d/0x17a
[    0.057287]  [<c17307ba>] ? kernel_init+0x0/0x17a
[    0.057289]  [<c1009b07>] kernel_thread_helper+0x7/0x10
[    0.057290] sysctl table check failed: /kernel/random/now_nonblocking .1.40.9 Unknown sysctl binary path
[    0.057520] Pid: 1, comm: swapper Not tainted 2.6.32.57 #4
[    0.057521] Call Trace:
[    0.057522]  [<c14a8a0e>] ? printk+0x1d/0x1f
[    0.057524]  [<c107b56f>] set_fail+0x4f/0x60
[    0.057525]  [<c107b8b3>] sysctl_check_table+0x333/0x620
[    0.057527]  [<c107b8cc>] sysctl_check_table+0x34c/0x620
[    0.057528]  [<c107b8cc>] sysctl_check_table+0x34c/0x620
[    0.057531]  [<c1746d48>] sysctl_init+0x25/0x29
[    0.057532]  [<c1003042>] do_one_initcall+0x32/0x1a0
[    0.057534]  [<c1746d23>] ? sysctl_init+0x0/0x29
[    0.057536]  [<c17308e7>] kernel_init+0x12d/0x17a
[    0.057537]  [<c17307ba>] ? kernel_init+0x0/0x17a
[    0.057539]  [<c1009b07>] kernel_thread_helper+0x7/0x10
[    0.057540] sysctl table check failed: /kernel/random/nb_input_bytes .1.40.10 Unknown sysctl binary path
[    0.057777] Pid: 1, comm: swapper Not tainted 2.6.32.57 #4
[    0.057778] Call Trace:
[    0.057779]  [<c14a8a0e>] ? printk+0x1d/0x1f
[    0.057781]  [<c107b56f>] set_fail+0x4f/0x60
[    0.057782]  [<c107b8b3>] sysctl_check_table+0x333/0x620
[    0.057784]  [<c107b8cc>] sysctl_check_table+0x34c/0x620
[    0.057786]  [<c107b8cc>] sysctl_check_table+0x34c/0x620
[    0.057788]  [<c1746d48>] sysctl_init+0x25/0x29
[    0.057789]  [<c1003042>] do_one_initcall+0x32/0x1a0
[    0.057792]  [<c1746d23>] ? sysctl_init+0x0/0x29
[    0.057793]  [<c17308e7>] kernel_init+0x12d/0x17a
[    0.057794]  [<c17307ba>] ? kernel_init+0x0/0x17a
[    0.057796]  [<c1009b07>] kernel_thread_helper+0x7/0x10
[    0.057797] sysctl table check failed: /kernel/random/nb_stir_count .1.40.11 Unknown sysctl binary path
[    0.058027] Pid: 1, comm: swapper Not tainted 2.6.32.57 #4
[    0.058027] Call Trace:
[    0.058029]  [<c14a8a0e>] ? printk+0x1d/0x1f
[    0.058030]  [<c107b56f>] set_fail+0x4f/0x60
[    0.058032]  [<c107b8b3>] sysctl_check_table+0x333/0x620
[    0.058033]  [<c107b8cc>] sysctl_check_table+0x34c/0x620
[    0.058035]  [<c107b8cc>] sysctl_check_table+0x34c/0x620
[    0.058037]  [<c1746d48>] sysctl_init+0x25/0x29
[    0.058039]  [<c1003042>] do_one_initcall+0x32/0x1a0
[    0.058041]  [<c1746d23>] ? sysctl_init+0x0/0x29
[    0.058042]  [<c17308e7>] kernel_init+0x12d/0x17a
[    0.058043]  [<c17307ba>] ? kernel_init+0x0/0x17a
[    0.058045]  [<c1009b07>] kernel_thread_helper+0x7/0x10
[    0.058046] sysctl table check failed: /kernel/random/nb_reentry_count .1.40.12 Unknown sysctl binary path
[    0.058308] Pid: 1, comm: swapper Not tainted 2.6.32.57 #4
[    0.058308] Call Trace:
[    0.058310]  [<c14a8a0e>] ? printk+0x1d/0x1f
[    0.058311]  [<c107b56f>] set_fail+0x4f/0x60
[    0.058313]  [<c107b8b3>] sysctl_check_table+0x333/0x620
[    0.058314]  [<c107b8cc>] sysctl_check_table+0x34c/0x620
[    0.058316]  [<c107b8cc>] sysctl_check_table+0x34c/0x620
[    0.058318]  [<c1746d48>] sysctl_init+0x25/0x29
[    0.058320]  [<c1003042>] do_one_initcall+0x32/0x1a0
[    0.058322]  [<c1746d23>] ? sysctl_init+0x0/0x29
[    0.058323]  [<c17308e7>] kernel_init+0x12d/0x17a
[    0.058325]  [<c17307ba>] ? kernel_init+0x0/0x17a
[    0.058326]  [<c1009b07>] kernel_thread_helper+0x7/0x10
[    0.058439] RANDOM - __seed init called.
[    0.058440] RANDOM - __seed init called.
[    0.058440] RANDOM - __seed init called.
[    0.058442] RANDOM - __random32 called. Change num 1.  Value: 7576a435	efb61e22	b7f78320
[    0.058443] RANDOM - __random32 called. Change num 2.  Value: 6a43543e	fb61e228	6410973
[    0.058444] RANDOM - __random32 called. Change num 3.  Value: 3543e018	b61e228b	12e68928
[    0.058446] RANDOM - __random32 called. Change num 4.  Value: 3e018928	61e228b7	1250ba58
[    0.058447] RANDOM - __random32 called. Change num 5.  Value: 189281e4	1e228b73	74b01aad
[    0.058448] RANDOM - __random32 called. Change num 6.  Value: 281e4915	e228b733	355a2619
[    0.058449] RANDOM - random32 init called.  Value: 281e4915	e228b733	355a2619
[    0.058455] regulator: core version 0.5
[    0.058514] Time: 23:32:43  Date: 05/24/13
[    0.058547] NET: Registered protocol family 16
[    0.058610] EISA bus registered
[    0.059367] ACPI: bus type pci registered
[    0.059457] PCI: MCFG configuration 0: base e0000000 segment 0 buses 0 - 255
[    0.059459] PCI: MCFG area at e0000000 reserved in E820
[    0.059460] PCI: Using MMCONFIG for extended config space
[    0.059461] PCI: Using configuration type 1 for base access
[    0.059904] bio: create slab <bio-0> at 0
[    0.061094] ACPI: EC: Look up EC in DSDT
[    0.097564] ACPI: BIOS _OSI(Linux) query ignored
[    0.103238] ACPI: Interpreter enabled
[    0.103242] ACPI: (supports S0 S1 S4 S5)
[    0.103253] ACPI: Using PIC for interrupt routing
[    0.182609] ACPI: No dock devices found.
[    0.183403] ACPI: PCI Root Bridge [PCI0] (0000:00)
[    0.184868] pci 0000:00:07.1: reg 20 io port: [0x10c0-0x10cf]
[    0.185377] pci 0000:00:07.3: quirk: region 1000-103f claimed by PIIX4 ACPI
[    0.185388] pci 0000:00:07.3: quirk: region 1040-104f claimed by PIIX4 SMB
[    0.185912] pci 0000:00:07.7: reg 10 io port: [0x1080-0x10bf]
[    0.186293] pci 0000:00:07.7: reg 14 64bit mmio: [0xc8000000-0xc8001fff]
[    0.188244] pci 0000:00:0f.0: reg 10 io port: [0x10d0-0x10df]
[    0.188285] pci 0000:00:0f.0: reg 14 32bit mmio pref: [0xd0000000-0xd7ffffff]
[    0.188323] pci 0000:00:0f.0: reg 18 32bit mmio: [0xc8800000-0xc8ffffff]
[    0.188469] pci 0000:00:0f.0: reg 30 32bit mmio pref: [0x000000-0x007fff]
[    0.189010] pci 0000:00:10.0: reg 10 io port: [0x1400-0x14ff]
[    0.189393] pci 0000:00:10.0: reg 14 64bit mmio: [0xc8040000-0xc805ffff]
[    0.189761] pci 0000:00:10.0: reg 1c 64bit mmio: [0xc8020000-0xc803ffff]
[    0.189836] pci 0000:00:10.0: reg 30 32bit mmio pref: [0x000000-0x003fff]
[    0.191213] pci 0000:00:15.0: PME# supported from D0 D3hot D3cold
[    0.191234] pci 0000:00:15.0: PME# disabled
[    0.192108] pci 0000:00:15.1: PME# supported from D0 D3hot D3cold
[    0.192127] pci 0000:00:15.1: PME# disabled
[    0.192938] pci 0000:00:15.2: PME# supported from D0 D3hot D3cold
[    0.192967] pci 0000:00:15.2: PME# disabled
[    0.193772] pci 0000:00:15.3: PME# supported from D0 D3hot D3cold
[    0.193790] pci 0000:00:15.3: PME# disabled
[    0.194612] pci 0000:00:15.4: PME# supported from D0 D3hot D3cold
[    0.194630] pci 0000:00:15.4: PME# disabled
[    0.195602] pci 0000:00:15.5: PME# supported from D0 D3hot D3cold
[    0.195622] pci 0000:00:15.5: PME# disabled
[    0.196457] pci 0000:00:15.6: PME# supported from D0 D3hot D3cold
[    0.196476] pci 0000:00:15.6: PME# disabled
[    0.197299] pci 0000:00:15.7: PME# supported from D0 D3hot D3cold
[    0.197317] pci 0000:00:15.7: PME# disabled
[    0.198121] pci 0000:00:16.0: PME# supported from D0 D3hot D3cold
[    0.198140] pci 0000:00:16.0: PME# disabled
[    0.198944] pci 0000:00:16.1: PME# supported from D0 D3hot D3cold
[    0.198963] pci 0000:00:16.1: PME# disabled
[    0.199771] pci 0000:00:16.2: PME# supported from D0 D3hot D3cold
[    0.199790] pci 0000:00:16.2: PME# disabled
[    0.200592] pci 0000:00:16.3: PME# supported from D0 D3hot D3cold
[    0.200612] pci 0000:00:16.3: PME# disabled
[    0.201428] pci 0000:00:16.4: PME# supported from D0 D3hot D3cold
[    0.201447] pci 0000:00:16.4: PME# disabled
[    0.202270] pci 0000:00:16.5: PME# supported from D0 D3hot D3cold
[    0.202289] pci 0000:00:16.5: PME# disabled
[    0.203109] pci 0000:00:16.6: PME# supported from D0 D3hot D3cold
[    0.203127] pci 0000:00:16.6: PME# disabled
[    0.203957] pci 0000:00:16.7: PME# supported from D0 D3hot D3cold
[    0.203976] pci 0000:00:16.7: PME# disabled
[    0.204772] pci 0000:00:17.0: PME# supported from D0 D3hot D3cold
[    0.204790] pci 0000:00:17.0: PME# disabled
[    0.205633] pci 0000:00:17.1: PME# supported from D0 D3hot D3cold
[    0.205651] pci 0000:00:17.1: PME# disabled
[    0.206474] pci 0000:00:17.2: PME# supported from D0 D3hot D3cold
[    0.206493] pci 0000:00:17.2: PME# disabled
[    0.207322] pci 0000:00:17.3: PME# supported from D0 D3hot D3cold
[    0.207341] pci 0000:00:17.3: PME# disabled
[    0.208187] pci 0000:00:17.4: PME# supported from D0 D3hot D3cold
[    0.208206] pci 0000:00:17.4: PME# disabled
[    0.209055] pci 0000:00:17.5: PME# supported from D0 D3hot D3cold
[    0.209081] pci 0000:00:17.5: PME# disabled
[    0.209981] pci 0000:00:17.6: PME# supported from D0 D3hot D3cold
[    0.210000] pci 0000:00:17.6: PME# disabled
[    0.210797] pci 0000:00:17.7: PME# supported from D0 D3hot D3cold
[    0.210815] pci 0000:00:17.7: PME# disabled
[    0.211635] pci 0000:00:18.0: PME# supported from D0 D3hot D3cold
[    0.211653] pci 0000:00:18.0: PME# disabled
[    0.212489] pci 0000:00:18.1: PME# supported from D0 D3hot D3cold
[    0.212508] pci 0000:00:18.1: PME# disabled
[    0.213324] pci 0000:00:18.2: PME# supported from D0 D3hot D3cold
[    0.213343] pci 0000:00:18.2: PME# disabled
[    0.214164] pci 0000:00:18.3: PME# supported from D0 D3hot D3cold
[    0.214183] pci 0000:00:18.3: PME# disabled
[    0.215004] pci 0000:00:18.4: PME# supported from D0 D3hot D3cold
[    0.215023] pci 0000:00:18.4: PME# disabled
[    0.215827] pci 0000:00:18.5: PME# supported from D0 D3hot D3cold
[    0.215846] pci 0000:00:18.5: PME# disabled
[    0.216665] pci 0000:00:18.6: PME# supported from D0 D3hot D3cold
[    0.216684] pci 0000:00:18.6: PME# disabled
[    0.217510] pci 0000:00:18.7: PME# supported from D0 D3hot D3cold
[    0.217528] pci 0000:00:18.7: PME# disabled
[    0.218579] pci 0000:02:00.0: reg 20 io port: [0x20c0-0x20df]
[    0.219061] pci 0000:02:01.0: reg 10 io port: [0x2000-0x207f]
[    0.219263] pci 0000:02:01.0: reg 30 32bit mmio pref: [0x000000-0x00ffff]
[    0.219785] pci 0000:02:02.0: reg 10 io port: [0x2080-0x20bf]
[    0.220364] pci 0000:02:03.0: reg 10 32bit mmio: [0xc9000000-0xc9000fff]
[    0.220903] pci 0000:00:11.0: transparent bridge
[    0.220923] pci 0000:00:11.0: bridge io port: [0x2000-0x3fff]
[    0.220943] pci 0000:00:11.0: bridge 32bit mmio: [0xc9000000-0xca3fffff]
[    0.220981] pci 0000:00:11.0: bridge 64bit mmio pref: [0xd8400000-0xd89fffff]
[    0.221334] pci 0000:00:15.0: bridge io port: [0x4000-0x4fff]
[    0.221353] pci 0000:00:15.0: bridge 32bit mmio: [0xca400000-0xca4fffff]
[    0.221389] pci 0000:00:15.0: bridge 64bit mmio pref: [0xd8a00000-0xd8afffff]
[    0.221738] pci 0000:00:15.1: bridge io port: [0x8000-0x8fff]
[    0.221758] pci 0000:00:15.1: bridge 32bit mmio: [0xca800000-0xca8fffff]
[    0.221803] pci 0000:00:15.1: bridge 64bit mmio pref: [0xd8e00000-0xd8efffff]
[    0.222160] pci 0000:00:15.2: bridge io port: [0xc000-0xcfff]
[    0.222179] pci 0000:00:15.2: bridge 32bit mmio: [0xcac00000-0xcacfffff]
[    0.222214] pci 0000:00:15.2: bridge 64bit mmio pref: [0xd9200000-0xd92fffff]
[    0.222572] pci 0000:00:15.3: bridge 32bit mmio: [0xcb000000-0xcb0fffff]
[    0.222607] pci 0000:00:15.3: bridge 64bit mmio pref: [0xd9600000-0xd96fffff]
[    0.222979] pci 0000:00:15.4: bridge 32bit mmio: [0xcb400000-0xcb4fffff]
[    0.223015] pci 0000:00:15.4: bridge 64bit mmio pref: [0xd9a00000-0xd9afffff]
[    0.223367] pci 0000:00:15.5: bridge 32bit mmio: [0xcb800000-0xcb8fffff]
[    0.223403] pci 0000:00:15.5: bridge 64bit mmio pref: [0xd9e00000-0xd9efffff]
[    0.223764] pci 0000:00:15.6: bridge 32bit mmio: [0xcbc00000-0xcbcfffff]
[    0.223801] pci 0000:00:15.6: bridge 64bit mmio pref: [0xda200000-0xda2fffff]
[    0.224171] pci 0000:00:15.7: bridge 32bit mmio: [0xcc000000-0xcc0fffff]
[    0.224207] pci 0000:00:15.7: bridge 64bit mmio pref: [0xda600000-0xda6fffff]
[    0.224540] pci 0000:00:16.0: bridge io port: [0x5000-0x5fff]
[    0.224559] pci 0000:00:16.0: bridge 32bit mmio: [0xca500000-0xca5fffff]
[    0.224595] pci 0000:00:16.0: bridge 64bit mmio pref: [0xd8b00000-0xd8bfffff]
[    0.224948] pci 0000:00:16.1: bridge io port: [0x9000-0x9fff]
[    0.224967] pci 0000:00:16.1: bridge 32bit mmio: [0xca900000-0xca9fffff]
[    0.225002] pci 0000:00:16.1: bridge 64bit mmio pref: [0xd8f00000-0xd8ffffff]
[    0.225335] pci 0000:00:16.2: bridge io port: [0xd000-0xdfff]
[    0.225353] pci 0000:00:16.2: bridge 32bit mmio: [0xcad00000-0xcadfffff]
[    0.225389] pci 0000:00:16.2: bridge 64bit mmio pref: [0xd9300000-0xd93fffff]
[    0.225740] pci 0000:00:16.3: bridge 32bit mmio: [0xcb100000-0xcb1fffff]
[    0.225776] pci 0000:00:16.3: bridge 64bit mmio pref: [0xd9700000-0xd97fffff]
[    0.226153] pci 0000:00:16.4: bridge 32bit mmio: [0xcb500000-0xcb5fffff]
[    0.226188] pci 0000:00:16.4: bridge 64bit mmio pref: [0xd9b00000-0xd9bfffff]
[    0.226539] pci 0000:00:16.5: bridge 32bit mmio: [0xcb900000-0xcb9fffff]
[    0.226575] pci 0000:00:16.5: bridge 64bit mmio pref: [0xd9f00000-0xd9ffffff]
[    0.226951] pci 0000:00:16.6: bridge 32bit mmio: [0xcbd00000-0xcbdfffff]
[    0.226987] pci 0000:00:16.6: bridge 64bit mmio pref: [0xda300000-0xda3fffff]
[    0.227338] pci 0000:00:16.7: bridge 32bit mmio: [0xcc100000-0xcc1fffff]
[    0.227374] pci 0000:00:16.7: bridge 64bit mmio pref: [0xda700000-0xda7fffff]
[    0.227716] pci 0000:00:17.0: bridge io port: [0x6000-0x6fff]
[    0.227735] pci 0000:00:17.0: bridge 32bit mmio: [0xca600000-0xca6fffff]
[    0.227770] pci 0000:00:17.0: bridge 64bit mmio pref: [0xd8c00000-0xd8cfffff]
[    0.228124] pci 0000:00:17.1: bridge io port: [0xa000-0xafff]
[    0.228143] pci 0000:00:17.1: bridge 32bit mmio: [0xcaa00000-0xcaafffff]
[    0.228178] pci 0000:00:17.1: bridge 64bit mmio pref: [0xd9000000-0xd90fffff]
[    0.228510] pci 0000:00:17.2: bridge io port: [0xe000-0xefff]
[    0.228529] pci 0000:00:17.2: bridge 32bit mmio: [0xcae00000-0xcaefffff]
[    0.228565] pci 0000:00:17.2: bridge 64bit mmio pref: [0xd9400000-0xd94fffff]
[    0.228942] pci 0000:00:17.3: bridge 32bit mmio: [0xcb200000-0xcb2fffff]
[    0.228977] pci 0000:00:17.3: bridge 64bit mmio pref: [0xd9800000-0xd98fffff]
[    0.229327] pci 0000:00:17.4: bridge 32bit mmio: [0xcb600000-0xcb6fffff]
[    0.229363] pci 0000:00:17.4: bridge 64bit mmio pref: [0xd9c00000-0xd9cfffff]
[    0.229713] pci 0000:00:17.5: bridge 32bit mmio: [0xcba00000-0xcbafffff]
[    0.229748] pci 0000:00:17.5: bridge 64bit mmio pref: [0xda000000-0xda0fffff]
[    0.230124] pci 0000:00:17.6: bridge 32bit mmio: [0xcbe00000-0xcbefffff]
[    0.230159] pci 0000:00:17.6: bridge 64bit mmio pref: [0xda400000-0xda4fffff]
[    0.230511] pci 0000:00:17.7: bridge 32bit mmio: [0xcc200000-0xcc2fffff]
[    0.230546] pci 0000:00:17.7: bridge 64bit mmio pref: [0xda800000-0xda8fffff]
[    0.230913] pci 0000:00:18.0: bridge io port: [0x7000-0x7fff]
[    0.230933] pci 0000:00:18.0: bridge 32bit mmio: [0xca700000-0xca7fffff]
[    0.230968] pci 0000:00:18.0: bridge 64bit mmio pref: [0xd8d00000-0xd8dfffff]
[    0.231302] pci 0000:00:18.1: bridge io port: [0xb000-0xbfff]
[    0.231320] pci 0000:00:18.1: bridge 32bit mmio: [0xcab00000-0xcabfffff]
[    0.231356] pci 0000:00:18.1: bridge 64bit mmio pref: [0xd9100000-0xd91fffff]
[    0.231699] pci 0000:00:18.2: bridge io port: [0xf000-0xffff]
[    0.231719] pci 0000:00:18.2: bridge 32bit mmio: [0xcaf00000-0xcaffffff]
[    0.231755] pci 0000:00:18.2: bridge 64bit mmio pref: [0xd9500000-0xd95fffff]
[    0.232144] pci 0000:00:18.3: bridge 32bit mmio: [0xcb300000-0xcb3fffff]
[    0.232180] pci 0000:00:18.3: bridge 64bit mmio pref: [0xd9900000-0xd99fffff]
[    0.232531] pci 0000:00:18.4: bridge 32bit mmio: [0xcb700000-0xcb7fffff]
[    0.232566] pci 0000:00:18.4: bridge 64bit mmio pref: [0xd9d00000-0xd9dfffff]
[    0.232943] pci 0000:00:18.5: bridge 32bit mmio: [0xcbb00000-0xcbbfffff]
[    0.232979] pci 0000:00:18.5: bridge 64bit mmio pref: [0xda100000-0xda1fffff]
[    0.233330] pci 0000:00:18.6: bridge 32bit mmio: [0xcbf00000-0xcbffffff]
[    0.233366] pci 0000:00:18.6: bridge 64bit mmio pref: [0xda500000-0xda5fffff]
[    0.233715] pci 0000:00:18.7: bridge 32bit mmio: [0xcc300000-0xcc3fffff]
[    0.233750] pci 0000:00:18.7: bridge 64bit mmio pref: [0xda900000-0xda9fffff]
[    0.235166] pci_bus 0000:00: on NUMA node 0
[    0.235175] ACPI: PCI Interrupt Routing Table [\_SB_.PCI0._PRT]
[    0.451339] ACPI: PCI Interrupt Link [LNKA] (IRQs 3 4 5 6 7 *9 10 11 14 15)
[    0.451494] ACPI: PCI Interrupt Link [LNKB] (IRQs 3 4 5 6 7 9 10 *11 14 15)
[    0.451707] ACPI: PCI Interrupt Link [LNKC] (IRQs 3 4 5 6 7 9 *10 11 14 15)
[    0.451848] ACPI: PCI Interrupt Link [LNKD] (IRQs 3 4 *5 6 7 9 10 11 14 15)
[    0.451974] vgaarb: device added: PCI:0000:00:0f.0,decodes=io+mem,owns=io+mem,locks=none
[    0.451983] vgaarb: loaded
[    0.452089] SCSI subsystem initialized
[    0.452132] libata version 3.00 loaded.
[    0.452170] usbcore: registered new interface driver usbfs
[    0.452181] usbcore: registered new interface driver hub
[    0.452196] usbcore: registered new device driver usb
[    0.452259] PCI: Using ACPI for IRQ routing
[    0.453379] NetLabel: Initializing
[    0.453380] NetLabel:  domain hash size = 128
[    0.453381] NetLabel:  protocols = UNLABELED CIPSOv4
[    0.453388] NetLabel:  unlabeled traffic allowed by default
[    0.453423] hpet0: at MMIO 0xfed00000, IRQs 2, 8, 0, 0, 0, 0, 0, 0, 0, 0, 0, 0, 0, 0, 0, 0
[    0.453428] hpet0: 16 comparators, 64-bit 14.318180 MHz counter
[    0.455461] Switching to clocksource tsc
[    0.462275] pnp: PnP ACPI init
[    0.462285] ACPI: bus type pnp registered
[    0.503572] pnp: PnP ACPI: found 14 devices
[    0.503574] ACPI: ACPI bus type pnp unregistered
[    0.503577] PnPBIOS: Disabled by ACPI PNP
[    0.503587] system 00:01: ioport range 0x1000-0x103f has been reserved
[    0.503589] system 00:01: ioport range 0x1040-0x104f has been reserved
[    0.503591] system 00:01: ioport range 0xcf0-0xcf1 has been reserved
[    0.503597] system 00:08: iomem range 0xfed00000-0xfed003ff has been reserved
[    0.503601] system 00:0d: ioport range 0x1060-0x107f has been reserved
[    0.503603] system 00:0d: iomem range 0xe0000000-0xefffffff has been reserved
[    0.503604] system 00:0d: iomem range 0xc8200000-0xc83fffff has been reserved
[    0.539438] pci 0000:00:15.3: BAR 13: can't allocate I/O resource [0x10000-0xffff]
[    0.539445] pci 0000:00:15.4: BAR 13: can't allocate I/O resource [0x10000-0xffff]
[    0.539450] pci 0000:00:15.5: BAR 13: can't allocate I/O resource [0x10000-0xffff]
[    0.539454] pci 0000:00:15.6: BAR 13: can't allocate I/O resource [0x10000-0xffff]
[    0.539458] pci 0000:00:15.7: BAR 13: can't allocate I/O resource [0x10000-0xffff]
[    0.539461] pci 0000:00:16.3: BAR 13: can't allocate I/O resource [0x10000-0xffff]
[    0.539464] pci 0000:00:16.4: BAR 13: can't allocate I/O resource [0x10000-0xffff]
[    0.539468] pci 0000:00:16.5: BAR 13: can't allocate I/O resource [0x10000-0xffff]
[    0.539472] pci 0000:00:16.6: BAR 13: can't allocate I/O resource [0x10000-0xffff]
[    0.539477] pci 0000:00:16.7: BAR 13: can't allocate I/O resource [0x10000-0xffff]
[    0.539481] pci 0000:00:17.3: BAR 13: can't allocate I/O resource [0x10000-0xffff]
[    0.539485] pci 0000:00:17.4: BAR 13: can't allocate I/O resource [0x10000-0xffff]
[    0.539488] pci 0000:00:17.5: BAR 13: can't allocate I/O resource [0x10000-0xffff]
[    0.539491] pci 0000:00:17.6: BAR 13: can't allocate I/O resource [0x10000-0xffff]
[    0.539495] pci 0000:00:17.7: BAR 13: can't allocate I/O resource [0x10000-0xffff]
[    0.539499] pci 0000:00:18.3: BAR 13: can't allocate I/O resource [0x10000-0xffff]
[    0.539503] pci 0000:00:18.4: BAR 13: can't allocate I/O resource [0x10000-0xffff]
[    0.539507] pci 0000:00:18.5: BAR 13: can't allocate I/O resource [0x10000-0xffff]
[    0.539512] pci 0000:00:18.6: BAR 13: can't allocate I/O resource [0x10000-0xffff]
[    0.539516] pci 0000:00:18.7: BAR 13: can't allocate I/O resource [0x10000-0xffff]
[    0.539518] pci 0000:00:01.0: PCI bridge, secondary bus 0000:01
[    0.539520] pci 0000:00:01.0:   IO window: disabled
[    0.539557] pci 0000:00:01.0:   MEM window: disabled
[    0.539581] pci 0000:00:01.0:   PREFETCH window: disabled
[    0.539631] pci 0000:00:11.0: PCI bridge, secondary bus 0000:02
[    0.539645] pci 0000:00:11.0:   IO window: 0x2000-0x3fff
[    0.539682] pci 0000:00:11.0:   MEM window: 0xc9000000-0xca3fffff
[    0.539707] pci 0000:00:11.0:   PREFETCH window: 0x000000d8400000-0x000000d89fffff
[    0.539753] pci 0000:00:15.0: PCI bridge, secondary bus 0000:03
[    0.539769] pci 0000:00:15.0:   IO window: 0x4000-0x4fff
[    0.539804] pci 0000:00:15.0:   MEM window: 0xca400000-0xca4fffff
[    0.539829] pci 0000:00:15.0:   PREFETCH window: 0x000000d8a00000-0x000000d8afffff
[    0.539885] pci 0000:00:15.1: PCI bridge, secondary bus 0000:04
[    0.539898] pci 0000:00:15.1:   IO window: 0x8000-0x8fff
[    0.539933] pci 0000:00:15.1:   MEM window: 0xca800000-0xca8fffff
[    0.539959] pci 0000:00:15.1:   PREFETCH window: 0x000000d8e00000-0x000000d8efffff
[    0.540012] pci 0000:00:15.2: PCI bridge, secondary bus 0000:05
[    0.540026] pci 0000:00:15.2:   IO window: 0xc000-0xcfff
[    0.540062] pci 0000:00:15.2:   MEM window: 0xcac00000-0xcacfffff
[    0.540087] pci 0000:00:15.2:   PREFETCH window: 0x000000d9200000-0x000000d92fffff
[    0.540138] pci 0000:00:15.3: PCI bridge, secondary bus 0000:06
[    0.540141] pci 0000:00:15.3:   IO window: disabled
[    0.540177] pci 0000:00:15.3:   MEM window: 0xcb000000-0xcb0fffff
[    0.540202] pci 0000:00:15.3:   PREFETCH window: 0x000000d9600000-0x000000d96fffff
[    0.540254] pci 0000:00:15.4: PCI bridge, secondary bus 0000:07
[    0.540256] pci 0000:00:15.4:   IO window: disabled
[    0.540292] pci 0000:00:15.4:   MEM window: 0xcb400000-0xcb4fffff
[    0.540317] pci 0000:00:15.4:   PREFETCH window: 0x000000d9a00000-0x000000d9afffff
[    0.540369] pci 0000:00:15.5: PCI bridge, secondary bus 0000:08
[    0.540371] pci 0000:00:15.5:   IO window: disabled
[    0.540407] pci 0000:00:15.5:   MEM window: 0xcb800000-0xcb8fffff
[    0.540450] pci 0000:00:15.5:   PREFETCH window: 0x000000d9e00000-0x000000d9efffff
[    0.540504] pci 0000:00:15.6: PCI bridge, secondary bus 0000:09
[    0.540506] pci 0000:00:15.6:   IO window: disabled
[    0.540541] pci 0000:00:15.6:   MEM window: 0xcbc00000-0xcbcfffff
[    0.540566] pci 0000:00:15.6:   PREFETCH window: 0x000000da200000-0x000000da2fffff
[    0.540618] pci 0000:00:15.7: PCI bridge, secondary bus 0000:0a
[    0.540621] pci 0000:00:15.7:   IO window: disabled
[    0.540656] pci 0000:00:15.7:   MEM window: 0xcc000000-0xcc0fffff
[    0.540681] pci 0000:00:15.7:   PREFETCH window: 0x000000da600000-0x000000da6fffff
[    0.540733] pci 0000:00:16.0: PCI bridge, secondary bus 0000:0b
[    0.540746] pci 0000:00:16.0:   IO window: 0x5000-0x5fff
[    0.540782] pci 0000:00:16.0:   MEM window: 0xca500000-0xca5fffff
[    0.540807] pci 0000:00:16.0:   PREFETCH window: 0x000000d8b00000-0x000000d8bfffff
[    0.540860] pci 0000:00:16.1: PCI bridge, secondary bus 0000:0c
[    0.540874] pci 0000:00:16.1:   IO window: 0x9000-0x9fff
[    0.540911] pci 0000:00:16.1:   MEM window: 0xca900000-0xca9fffff
[    0.540935] pci 0000:00:16.1:   PREFETCH window: 0x000000d8f00000-0x000000d8ffffff
[    0.540987] pci 0000:00:16.2: PCI bridge, secondary bus 0000:0d
[    0.541002] pci 0000:00:16.2:   IO window: 0xd000-0xdfff
[    0.541036] pci 0000:00:16.2:   MEM window: 0xcad00000-0xcadfffff
[    0.541061] pci 0000:00:16.2:   PREFETCH window: 0x000000d9300000-0x000000d93fffff
[    0.541114] pci 0000:00:16.3: PCI bridge, secondary bus 0000:0e
[    0.541116] pci 0000:00:16.3:   IO window: disabled
[    0.541151] pci 0000:00:16.3:   MEM window: 0xcb100000-0xcb1fffff
[    0.541176] pci 0000:00:16.3:   PREFETCH window: 0x000000d9700000-0x000000d97fffff
[    0.541227] pci 0000:00:16.4: PCI bridge, secondary bus 0000:0f
[    0.541229] pci 0000:00:16.4:   IO window: disabled
[    0.541265] pci 0000:00:16.4:   MEM window: 0xcb500000-0xcb5fffff
[    0.541290] pci 0000:00:16.4:   PREFETCH window: 0x000000d9b00000-0x000000d9bfffff
[    0.541342] pci 0000:00:16.5: PCI bridge, secondary bus 0000:10
[    0.541345] pci 0000:00:16.5:   IO window: disabled
[    0.541381] pci 0000:00:16.5:   MEM window: 0xcb900000-0xcb9fffff
[    0.541406] pci 0000:00:16.5:   PREFETCH window: 0x000000d9f00000-0x000000d9ffffff
[    0.541462] pci 0000:00:16.6: PCI bridge, secondary bus 0000:11
[    0.541465] pci 0000:00:16.6:   IO window: disabled
[    0.541504] pci 0000:00:16.6:   MEM window: 0xcbd00000-0xcbdfffff
[    0.541531] pci 0000:00:16.6:   PREFETCH window: 0x000000da300000-0x000000da3fffff
[    0.541588] pci 0000:00:16.7: PCI bridge, secondary bus 0000:12
[    0.541590] pci 0000:00:16.7:   IO window: disabled
[    0.541629] pci 0000:00:16.7:   MEM window: 0xcc100000-0xcc1fffff
[    0.541656] pci 0000:00:16.7:   PREFETCH window: 0x000000da700000-0x000000da7fffff
[    0.541712] pci 0000:00:17.0: PCI bridge, secondary bus 0000:13
[    0.541728] pci 0000:00:17.0:   IO window: 0x6000-0x6fff
[    0.541766] pci 0000:00:17.0:   MEM window: 0xca600000-0xca6fffff
[    0.541793] pci 0000:00:17.0:   PREFETCH window: 0x000000d8c00000-0x000000d8cfffff
[    0.541849] pci 0000:00:17.1: PCI bridge, secondary bus 0000:14
[    0.541864] pci 0000:00:17.1:   IO window: 0xa000-0xafff
[    0.541903] pci 0000:00:17.1:   MEM window: 0xcaa00000-0xcaafffff
[    0.541930] pci 0000:00:17.1:   PREFETCH window: 0x000000d9000000-0x000000d90fffff
[    0.541986] pci 0000:00:17.2: PCI bridge, secondary bus 0000:15
[    0.542002] pci 0000:00:17.2:   IO window: 0xe000-0xefff
[    0.542040] pci 0000:00:17.2:   MEM window: 0xcae00000-0xcaefffff
[    0.542067] pci 0000:00:17.2:   PREFETCH window: 0x000000d9400000-0x000000d94fffff
[    0.542124] pci 0000:00:17.3: PCI bridge, secondary bus 0000:16
[    0.542126] pci 0000:00:17.3:   IO window: disabled
[    0.542165] pci 0000:00:17.3:   MEM window: 0xcb200000-0xcb2fffff
[    0.542192] pci 0000:00:17.3:   PREFETCH window: 0x000000d9800000-0x000000d98fffff
[    0.542248] pci 0000:00:17.4: PCI bridge, secondary bus 0000:17
[    0.542251] pci 0000:00:17.4:   IO window: disabled
[    0.542289] pci 0000:00:17.4:   MEM window: 0xcb600000-0xcb6fffff
[    0.542316] pci 0000:00:17.4:   PREFETCH window: 0x000000d9c00000-0x000000d9cfffff
[    0.542372] pci 0000:00:17.5: PCI bridge, secondary bus 0000:18
[    0.542374] pci 0000:00:17.5:   IO window: disabled
[    0.542426] pci 0000:00:17.5:   MEM window: 0xcba00000-0xcbafffff
[    0.542454] pci 0000:00:17.5:   PREFETCH window: 0x000000da000000-0x000000da0fffff
[    0.542510] pci 0000:00:17.6: PCI bridge, secondary bus 0000:19
[    0.542513] pci 0000:00:17.6:   IO window: disabled
[    0.542552] pci 0000:00:17.6:   MEM window: 0xcbe00000-0xcbefffff
[    0.542579] pci 0000:00:17.6:   PREFETCH window: 0x000000da400000-0x000000da4fffff
[    0.542635] pci 0000:00:17.7: PCI bridge, secondary bus 0000:1a
[    0.542637] pci 0000:00:17.7:   IO window: disabled
[    0.542675] pci 0000:00:17.7:   MEM window: 0xcc200000-0xcc2fffff
[    0.542703] pci 0000:00:17.7:   PREFETCH window: 0x000000da800000-0x000000da8fffff
[    0.542759] pci 0000:00:18.0: PCI bridge, secondary bus 0000:1b
[    0.542775] pci 0000:00:18.0:   IO window: 0x7000-0x7fff
[    0.542813] pci 0000:00:18.0:   MEM window: 0xca700000-0xca7fffff
[    0.542840] pci 0000:00:18.0:   PREFETCH window: 0x000000d8d00000-0x000000d8dfffff
[    0.542896] pci 0000:00:18.1: PCI bridge, secondary bus 0000:1c
[    0.542912] pci 0000:00:18.1:   IO window: 0xb000-0xbfff
[    0.542950] pci 0000:00:18.1:   MEM window: 0xcab00000-0xcabfffff
[    0.542977] pci 0000:00:18.1:   PREFETCH window: 0x000000d9100000-0x000000d91fffff
[    0.543032] pci 0000:00:18.2: PCI bridge, secondary bus 0000:1d
[    0.543047] pci 0000:00:18.2:   IO window: 0xf000-0xffff
[    0.543086] pci 0000:00:18.2:   MEM window: 0xcaf00000-0xcaffffff
[    0.543114] pci 0000:00:18.2:   PREFETCH window: 0x000000d9500000-0x000000d95fffff
[    0.543169] pci 0000:00:18.3: PCI bridge, secondary bus 0000:1e
[    0.543171] pci 0000:00:18.3:   IO window: disabled
[    0.543210] pci 0000:00:18.3:   MEM window: 0xcb300000-0xcb3fffff
[    0.543237] pci 0000:00:18.3:   PREFETCH window: 0x000000d9900000-0x000000d99fffff
[    0.543293] pci 0000:00:18.4: PCI bridge, secondary bus 0000:1f
[    0.543296] pci 0000:00:18.4:   IO window: disabled
[    0.543335] pci 0000:00:18.4:   MEM window: 0xcb700000-0xcb7fffff
[    0.543338] pci 0000:00:18.4:   PREFETCH window: 0x000000d9d00000-0x000000d9dfffff
[    0.543433] pci 0000:00:18.5: PCI bridge, secondary bus 0000:20
[    0.543436] pci 0000:00:18.5:   IO window: disabled
[    0.543475] pci 0000:00:18.5:   MEM window: 0xcbb00000-0xcbbfffff
[    0.543501] pci 0000:00:18.5:   PREFETCH window: 0x000000da100000-0x000000da1fffff
[    0.543557] pci 0000:00:18.6: PCI bridge, secondary bus 0000:21
[    0.543560] pci 0000:00:18.6:   IO window: disabled
[    0.543598] pci 0000:00:18.6:   MEM window: 0xcbf00000-0xcbffffff
[    0.543625] pci 0000:00:18.6:   PREFETCH window: 0x000000da500000-0x000000da5fffff
[    0.543681] pci 0000:00:18.7: PCI bridge, secondary bus 0000:22
[    0.543683] pci 0000:00:18.7:   IO window: disabled
[    0.543721] pci 0000:00:18.7:   MEM window: 0xcc300000-0xcc3fffff
[    0.543748] pci 0000:00:18.7:   PREFETCH window: 0x000000da900000-0x000000da9fffff
[    0.543805] pci 0000:00:01.0: setting latency timer to 64
[    0.543861] pci 0000:00:15.0: setting latency timer to 64
[    0.543917] pci 0000:00:15.1: setting latency timer to 64
[    0.543973] pci 0000:00:15.2: setting latency timer to 64
[    0.544030] pci 0000:00:15.3: setting latency timer to 64
[    0.544086] pci 0000:00:15.4: setting latency timer to 64
[    0.544142] pci 0000:00:15.5: setting latency timer to 64
[    0.544198] pci 0000:00:15.6: setting latency timer to 64
[    0.544255] pci 0000:00:15.7: setting latency timer to 64
[    0.544311] pci 0000:00:16.0: setting latency timer to 64
[    0.544367] pci 0000:00:16.1: setting latency timer to 64
[    0.544423] pci 0000:00:16.2: setting latency timer to 64
[    0.544479] pci 0000:00:16.3: setting latency timer to 64
[    0.544536] pci 0000:00:16.4: setting latency timer to 64
[    0.544592] pci 0000:00:16.5: setting latency timer to 64
[    0.544648] pci 0000:00:16.6: setting latency timer to 64
[    0.544704] pci 0000:00:16.7: setting latency timer to 64
[    0.544761] pci 0000:00:17.0: setting latency timer to 64
[    0.544817] pci 0000:00:17.1: setting latency timer to 64
[    0.544873] pci 0000:00:17.2: setting latency timer to 64
[    0.544929] pci 0000:00:17.3: setting latency timer to 64
[    0.544985] pci 0000:00:17.4: setting latency timer to 64
[    0.545042] pci 0000:00:17.5: setting latency timer to 64
[    0.545098] pci 0000:00:17.6: setting latency timer to 64
[    0.545154] pci 0000:00:17.7: setting latency timer to 64
[    0.545210] pci 0000:00:18.0: setting latency timer to 64
[    0.545267] pci 0000:00:18.1: setting latency timer to 64
[    0.545323] pci 0000:00:18.2: setting latency timer to 64
[    0.545379] pci 0000:00:18.3: setting latency timer to 64
[    0.545435] pci 0000:00:18.4: setting latency timer to 64
[    0.545491] pci 0000:00:18.5: setting latency timer to 64
[    0.545548] pci 0000:00:18.6: setting latency timer to 64
[    0.545604] pci 0000:00:18.7: setting latency timer to 64
[    0.545619] pci_bus 0000:00: resource 0 io:  [0x00-0xffff]
[    0.545622] pci_bus 0000:00: resource 1 mem: [0x000000-0xffffffffffffffff]
[    0.545624] pci_bus 0000:02: resource 0 io:  [0x2000-0x3fff]
[    0.545627] pci_bus 0000:02: resource 1 mem: [0xc9000000-0xca3fffff]
[    0.545630] pci_bus 0000:02: resource 2 pref mem [0xd8400000-0xd89fffff]
[    0.545633] pci_bus 0000:02: resource 3 io:  [0x00-0xffff]
[    0.545635] pci_bus 0000:02: resource 4 mem: [0x000000-0xffffffffffffffff]
[    0.545638] pci_bus 0000:03: resource 0 io:  [0x4000-0x4fff]
[    0.545639] pci_bus 0000:03: resource 1 mem: [0xca400000-0xca4fffff]
[    0.545641] pci_bus 0000:03: resource 2 pref mem [0xd8a00000-0xd8afffff]
[    0.545643] pci_bus 0000:04: resource 0 io:  [0x8000-0x8fff]
[    0.545645] pci_bus 0000:04: resource 1 mem: [0xca800000-0xca8fffff]
[    0.545647] pci_bus 0000:04: resource 2 pref mem [0xd8e00000-0xd8efffff]
[    0.545649] pci_bus 0000:05: resource 0 io:  [0xc000-0xcfff]
[    0.545652] pci_bus 0000:05: resource 1 mem: [0xcac00000-0xcacfffff]
[    0.545655] pci_bus 0000:05: resource 2 pref mem [0xd9200000-0xd92fffff]
[    0.545658] pci_bus 0000:06: resource 1 mem: [0xcb000000-0xcb0fffff]
[    0.545660] pci_bus 0000:06: resource 2 pref mem [0xd9600000-0xd96fffff]
[    0.545662] pci_bus 0000:07: resource 1 mem: [0xcb400000-0xcb4fffff]
[    0.545664] pci_bus 0000:07: resource 2 pref mem [0xd9a00000-0xd9afffff]
[    0.545666] pci_bus 0000:08: resource 1 mem: [0xcb800000-0xcb8fffff]
[    0.545668] pci_bus 0000:08: resource 2 pref mem [0xd9e00000-0xd9efffff]
[    0.545670] pci_bus 0000:09: resource 1 mem: [0xcbc00000-0xcbcfffff]
[    0.545673] pci_bus 0000:09: resource 2 pref mem [0xda200000-0xda2fffff]
[    0.545676] pci_bus 0000:0a: resource 1 mem: [0xcc000000-0xcc0fffff]
[    0.545679] pci_bus 0000:0a: resource 2 pref mem [0xda600000-0xda6fffff]
[    0.545682] pci_bus 0000:0b: resource 0 io:  [0x5000-0x5fff]
[    0.545685] pci_bus 0000:0b: resource 1 mem: [0xca500000-0xca5fffff]
[    0.545687] pci_bus 0000:0b: resource 2 pref mem [0xd8b00000-0xd8bfffff]
[    0.545689] pci_bus 0000:0c: resource 0 io:  [0x9000-0x9fff]
[    0.545691] pci_bus 0000:0c: resource 1 mem: [0xca900000-0xca9fffff]
[    0.545693] pci_bus 0000:0c: resource 2 pref mem [0xd8f00000-0xd8ffffff]
[    0.545695] pci_bus 0000:0d: resource 0 io:  [0xd000-0xdfff]
[    0.545697] pci_bus 0000:0d: resource 1 mem: [0xcad00000-0xcadfffff]
[    0.545699] pci_bus 0000:0d: resource 2 pref mem [0xd9300000-0xd93fffff]
[    0.545701] pci_bus 0000:0e: resource 1 mem: [0xcb100000-0xcb1fffff]
[    0.545703] pci_bus 0000:0e: resource 2 pref mem [0xd9700000-0xd97fffff]
[    0.545706] pci_bus 0000:0f: resource 1 mem: [0xcb500000-0xcb5fffff]
[    0.545709] pci_bus 0000:0f: resource 2 pref mem [0xd9b00000-0xd9bfffff]
[    0.545712] pci_bus 0000:10: resource 1 mem: [0xcb900000-0xcb9fffff]
[    0.545714] pci_bus 0000:10: resource 2 pref mem [0xd9f00000-0xd9ffffff]
[    0.545716] pci_bus 0000:11: resource 1 mem: [0xcbd00000-0xcbdfffff]
[    0.545718] pci_bus 0000:11: resource 2 pref mem [0xda300000-0xda3fffff]
[    0.545720] pci_bus 0000:12: resource 1 mem: [0xcc100000-0xcc1fffff]
[    0.545722] pci_bus 0000:12: resource 2 pref mem [0xda700000-0xda7fffff]
[    0.545724] pci_bus 0000:13: resource 0 io:  [0x6000-0x6fff]
[    0.545725] pci_bus 0000:13: resource 1 mem: [0xca600000-0xca6fffff]
[    0.545727] pci_bus 0000:13: resource 2 pref mem [0xd8c00000-0xd8cfffff]
[    0.545730] pci_bus 0000:14: resource 0 io:  [0xa000-0xafff]
[    0.545733] pci_bus 0000:14: resource 1 mem: [0xcaa00000-0xcaafffff]
[    0.545736] pci_bus 0000:14: resource 2 pref mem [0xd9000000-0xd90fffff]
[    0.545738] pci_bus 0000:15: resource 0 io:  [0xe000-0xefff]
[    0.545740] pci_bus 0000:15: resource 1 mem: [0xcae00000-0xcaefffff]
[    0.545742] pci_bus 0000:15: resource 2 pref mem [0xd9400000-0xd94fffff]
[    0.545744] pci_bus 0000:16: resource 1 mem: [0xcb200000-0xcb2fffff]
[    0.545746] pci_bus 0000:16: resource 2 pref mem [0xd9800000-0xd98fffff]
[    0.545748] pci_bus 0000:17: resource 1 mem: [0xcb600000-0xcb6fffff]
[    0.545749] pci_bus 0000:17: resource 2 pref mem [0xd9c00000-0xd9cfffff]
[    0.545752] pci_bus 0000:18: resource 1 mem: [0xcba00000-0xcbafffff]
[    0.545755] pci_bus 0000:18: resource 2 pref mem [0xda000000-0xda0fffff]
[    0.545758] pci_bus 0000:19: resource 1 mem: [0xcbe00000-0xcbefffff]
[    0.545761] pci_bus 0000:19: resource 2 pref mem [0xda400000-0xda4fffff]
[    0.545764] pci_bus 0000:1a: resource 1 mem: [0xcc200000-0xcc2fffff]
[    0.545767] pci_bus 0000:1a: resource 2 pref mem [0xda800000-0xda8fffff]
[    0.545770] pci_bus 0000:1b: resource 0 io:  [0x7000-0x7fff]
[    0.545771] pci_bus 0000:1b: resource 1 mem: [0xca700000-0xca7fffff]
[    0.545773] pci_bus 0000:1b: resource 2 pref mem [0xd8d00000-0xd8dfffff]
[    0.545775] pci_bus 0000:1c: resource 0 io:  [0xb000-0xbfff]
[    0.545777] pci_bus 0000:1c: resource 1 mem: [0xcab00000-0xcabfffff]
[    0.545779] pci_bus 0000:1c: resource 2 pref mem [0xd9100000-0xd91fffff]
[    0.545781] pci_bus 0000:1d: resource 0 io:  [0xf000-0xffff]
[    0.545783] pci_bus 0000:1d: resource 1 mem: [0xcaf00000-0xcaffffff]
[    0.545785] pci_bus 0000:1d: resource 2 pref mem [0xd9500000-0xd95fffff]
[    0.545788] pci_bus 0000:1e: resource 1 mem: [0xcb300000-0xcb3fffff]
[    0.545791] pci_bus 0000:1e: resource 2 pref mem [0xd9900000-0xd99fffff]
[    0.545794] pci_bus 0000:1f: resource 1 mem: [0xcb700000-0xcb7fffff]
[    0.545795] pci_bus 0000:1f: resource 2 pref mem [0xd9d00000-0xd9dfffff]
[    0.545797] pci_bus 0000:20: resource 1 mem: [0xcbb00000-0xcbbfffff]
[    0.545799] pci_bus 0000:20: resource 2 pref mem [0xda100000-0xda1fffff]
[    0.545801] pci_bus 0000:21: resource 1 mem: [0xcbf00000-0xcbffffff]
[    0.545803] pci_bus 0000:21: resource 2 pref mem [0xda500000-0xda5fffff]
[    0.545805] pci_bus 0000:22: resource 1 mem: [0xcc300000-0xcc3fffff]
[    0.545807] pci_bus 0000:22: resource 2 pref mem [0xda900000-0xda9fffff]
[    0.545833] NET: Registered protocol family 2
[    0.545856] RANDOM - __random32 called. Change num 7.  Value: e4915c27	228b7335	4c33f162
[    0.545858] RANDOM - random32 called.  Value: e4915c27	228b7335	4c33f162
[    0.545868] random 0000 0000 0000 00000000 00000000: rand_read_num 2 get_random_bytes(4): sig fffffe1a 00000000 00000000
[    0.545872] random 0000 0000 0000 00000000 00000000: extract_entropy(.. 4 ..)
[    0.545875] random 0000 0000 0000 00000000 00000000: going to reseed nonblocking with 64 bits (32 of 0 requested)
[    0.545878] random 0000 0000 0000 00000000 00000000: extract_entropy(.. 8 ..)
[    0.545880] random 0000 0000 0000 00000000 00000000: trying to extract 64 bits from input
[    0.545882] random 0000 0000 0000 00000000 00000000: debiting 0 entropy credits from input
[    0.545885] random 0000 0000 0000 00000000 00000000: extract_entropy account returned: 0 
[    0.545888] random 0000 0000 0000 00000000 00000000: urand_change_num 3 xfer_secondary_pool(4): pool_sig fffffe1a, data_sig 00000000, bytes_mixed 0 00000000 00000000
[    0.545890] random 0000 0000 0000 00000000 00000000: trying to extract 32 bits from nonblocking
[    0.545895] random 0000 0000 0000 00000000 00000000: debiting 32 entropy credits from nonblocking (unlimited)
[    0.545898] random 0000 0000 0000 00000000 00000000: extract_entropy account returned: 4 
[    0.545902] random 0000 0000 0000 00000000 00000000: urand_change_num 4 extract_buf: pool_sig fffffe1a, data_sig fffffed7, bytes_mixed 20 00000000 00000000
[    0.545941] IP route cache hash table entries: 32768 (order: 5, 131072 bytes)
[    0.545997] RANDOM - __random32 called. Change num 8.  Value: 15c279e2	28b73354	e2c5b58f
[    0.545999] RANDOM - random32 called.  Value: 15c279e2	28b73354	e2c5b58f
[    0.546055] RANDOM - __random32 called. Change num 9.  Value: 279e2b5f	8b733545	6b1e9d03
[    0.546058] RANDOM - random32 called.  Value: 279e2b5f	8b733545	6b1e9d03
[    0.546060] RANDOM - __random32 called. Change num 10.  Value: e2b5fc5e	b7335453	3a067d4e
[    0.546063] RANDOM - random32 called.  Value: e2b5fc5e	b7335453	3a067d4e
[    0.546092] RANDOM - __random32 called. Change num 11.  Value: 5fc5eba7	73354535	fa9d46b2
[    0.546095] RANDOM - random32 called.  Value: 5fc5eba7	73354535	fa9d46b2
[    0.546108] TCP established hash table entries: 131072 (order: 8, 1048576 bytes)
[    0.546164] TCP bind hash table entries: 65536 (order: 7, 524288 bytes)
[    0.546221] TCP: Hash tables configured (established 131072 bind 65536)
[    0.546224] TCP reno registered
[    0.546276] NET: Registered protocol family 1
[    0.546289] pci 0000:00:00.0: Limiting direct PCI/PCI transfers
[    0.546315] pci 0000:00:0f.0: Boot video device
[    0.546433] Trying to unpack rootfs image as initramfs...
[    1.621846] Freeing initrd memory: 83430k freed
[    1.625863] Simple Boot Flag at 0x36 set to 0x1
[    1.625908] cpufreq-nforce2: No nForce2 chipset.
[    1.625921] Scanning for low memory corruption every 60 seconds
[    1.626034] audit: initializing netlink socket (disabled)
[    1.626042] type=2000 audit(1369438364.612:1): initialized
[    1.629957] highmem bounce pool size: 64 pages
[    1.629961] HugeTLB registered 2 MB page size, pre-allocated 0 pages
[    1.630054] VFS: Disk quotas dquot_6.5.2
[    1.630083] Dquot-cache hash table entries: 1024 (order 0, 4096 bytes)
[    1.630160] fuse init (API version 7.13)
[    1.630203] msgmni has been set to 1729
[    1.630506] alg: No test for stdrng (krng)
[    1.630543] Block layer SCSI generic (bsg) driver version 0.4 loaded (major 253)
[    1.630545] io scheduler noop registered
[    1.630547] io scheduler anticipatory registered
[    1.630548] io scheduler deadline registered
[    1.630568] io scheduler cfq registered (default)
[    1.630613]   alloc irq_desc for 24 on node -1
[    1.630615]   alloc kstat_irqs on node -1
[    1.630661] pcieport 0000:00:15.0: irq 24 for MSI/MSI-X
[    1.630706] pcieport 0000:00:15.0: setting latency timer to 64
[    1.630751]   alloc irq_desc for 25 on node -1
[    1.630753]   alloc kstat_irqs on node -1
[    1.630798] pcieport 0000:00:15.1: irq 25 for MSI/MSI-X
[    1.630843] pcieport 0000:00:15.1: setting latency timer to 64
[    1.630889]   alloc irq_desc for 26 on node -1
[    1.630890]   alloc kstat_irqs on node -1
[    1.630936] pcieport 0000:00:15.2: irq 26 for MSI/MSI-X
[    1.630981] pcieport 0000:00:15.2: setting latency timer to 64
[    1.631026]   alloc irq_desc for 27 on node -1
[    1.631028]   alloc kstat_irqs on node -1
[    1.631073] pcieport 0000:00:15.3: irq 27 for MSI/MSI-X
[    1.631118] pcieport 0000:00:15.3: setting latency timer to 64
[    1.631164]   alloc irq_desc for 28 on node -1
[    1.631165]   alloc kstat_irqs on node -1
[    1.631211] pcieport 0000:00:15.4: irq 28 for MSI/MSI-X
[    1.631256] pcieport 0000:00:15.4: setting latency timer to 64
[    1.631301]   alloc irq_desc for 29 on node -1
[    1.631303]   alloc kstat_irqs on node -1
[    1.631348] pcieport 0000:00:15.5: irq 29 for MSI/MSI-X
[    1.631393] pcieport 0000:00:15.5: setting latency timer to 64
[    1.631439]   alloc irq_desc for 30 on node -1
[    1.631441]   alloc kstat_irqs on node -1
[    1.631486] pcieport 0000:00:15.6: irq 30 for MSI/MSI-X
[    1.631531] pcieport 0000:00:15.6: setting latency timer to 64
[    1.631576]   alloc irq_desc for 31 on node -1
[    1.631579]   alloc kstat_irqs on node -1
[    1.631624] pcieport 0000:00:15.7: irq 31 for MSI/MSI-X
[    1.631669] pcieport 0000:00:15.7: setting latency timer to 64
[    1.631715]   alloc irq_desc for 32 on node -1
[    1.631716]   alloc kstat_irqs on node -1
[    1.631762] pcieport 0000:00:16.0: irq 32 for MSI/MSI-X
[    1.631807] pcieport 0000:00:16.0: setting latency timer to 64
[    1.631852]   alloc irq_desc for 33 on node -1
[    1.631854]   alloc kstat_irqs on node -1
[    1.631899] pcieport 0000:00:16.1: irq 33 for MSI/MSI-X
[    1.631944] pcieport 0000:00:16.1: setting latency timer to 64
[    1.631990]   alloc irq_desc for 34 on node -1
[    1.631991]   alloc kstat_irqs on node -1
[    1.632037] pcieport 0000:00:16.2: irq 34 for MSI/MSI-X
[    1.632082] pcieport 0000:00:16.2: setting latency timer to 64
[    1.632127]   alloc irq_desc for 35 on node -1
[    1.632129]   alloc kstat_irqs on node -1
[    1.632174] pcieport 0000:00:16.3: irq 35 for MSI/MSI-X
[    1.632219] pcieport 0000:00:16.3: setting latency timer to 64
[    1.632265]   alloc irq_desc for 36 on node -1
[    1.632266]   alloc kstat_irqs on node -1
[    1.632312] pcieport 0000:00:16.4: irq 36 for MSI/MSI-X
[    1.632357] pcieport 0000:00:16.4: setting latency timer to 64
[    1.632402]   alloc irq_desc for 37 on node -1
[    1.632404]   alloc kstat_irqs on node -1
[    1.632449] pcieport 0000:00:16.5: irq 37 for MSI/MSI-X
[    1.632495] pcieport 0000:00:16.5: setting latency timer to 64
[    1.632540]   alloc irq_desc for 38 on node -1
[    1.632542]   alloc kstat_irqs on node -1
[    1.632587] pcieport 0000:00:16.6: irq 38 for MSI/MSI-X
[    1.632632] pcieport 0000:00:16.6: setting latency timer to 64
[    1.632677]   alloc irq_desc for 39 on node -1
[    1.632679]   alloc kstat_irqs on node -1
[    1.632724] pcieport 0000:00:16.7: irq 39 for MSI/MSI-X
[    1.632770] pcieport 0000:00:16.7: setting latency timer to 64
[    1.633885]   alloc irq_desc for 40 on node -1
[    1.633887]   alloc kstat_irqs on node -1
[    1.633932] pcieport 0000:00:17.0: irq 40 for MSI/MSI-X
[    1.633977] pcieport 0000:00:17.0: setting latency timer to 64
[    1.634023]   alloc irq_desc for 41 on node -1
[    1.634024]   alloc kstat_irqs on node -1
[    1.634070] pcieport 0000:00:17.1: irq 41 for MSI/MSI-X
[    1.634115] pcieport 0000:00:17.1: setting latency timer to 64
[    1.634160]   alloc irq_desc for 42 on node -1
[    1.634162]   alloc kstat_irqs on node -1
[    1.634207] pcieport 0000:00:17.2: irq 42 for MSI/MSI-X
[    1.634252] pcieport 0000:00:17.2: setting latency timer to 64
[    1.634298]   alloc irq_desc for 43 on node -1
[    1.634299]   alloc kstat_irqs on node -1
[    1.634345] pcieport 0000:00:17.3: irq 43 for MSI/MSI-X
[    1.634390] pcieport 0000:00:17.3: setting latency timer to 64
[    1.634435]   alloc irq_desc for 44 on node -1
[    1.634437]   alloc kstat_irqs on node -1
[    1.634482] pcieport 0000:00:17.4: irq 44 for MSI/MSI-X
[    1.634527] pcieport 0000:00:17.4: setting latency timer to 64
[    1.634573]   alloc irq_desc for 45 on node -1
[    1.634575]   alloc kstat_irqs on node -1
[    1.634620] pcieport 0000:00:17.5: irq 45 for MSI/MSI-X
[    1.634665] pcieport 0000:00:17.5: setting latency timer to 64
[    1.634710]   alloc irq_desc for 46 on node -1
[    1.634712]   alloc kstat_irqs on node -1
[    1.634757] pcieport 0000:00:17.6: irq 46 for MSI/MSI-X
[    1.634803] pcieport 0000:00:17.6: setting latency timer to 64
[    1.634848]   alloc irq_desc for 47 on node -1
[    1.634850]   alloc kstat_irqs on node -1
[    1.634895] pcieport 0000:00:17.7: irq 47 for MSI/MSI-X
[    1.634940] pcieport 0000:00:17.7: setting latency timer to 64
[    1.634985]   alloc irq_desc for 48 on node -1
[    1.634987]   alloc kstat_irqs on node -1
[    1.635032] pcieport 0000:00:18.0: irq 48 for MSI/MSI-X
[    1.635078] pcieport 0000:00:18.0: setting latency timer to 64
[    1.635123]   alloc irq_desc for 49 on node -1
[    1.635125]   alloc kstat_irqs on node -1
[    1.635170] pcieport 0000:00:18.1: irq 49 for MSI/MSI-X
[    1.635215] pcieport 0000:00:18.1: setting latency timer to 64
[    1.635260]   alloc irq_desc for 50 on node -1
[    1.635262]   alloc kstat_irqs on node -1
[    1.635307] pcieport 0000:00:18.2: irq 50 for MSI/MSI-X
[    1.635352] pcieport 0000:00:18.2: setting latency timer to 64
[    1.635398]   alloc irq_desc for 51 on node -1
[    1.635400]   alloc kstat_irqs on node -1
[    1.635445] pcieport 0000:00:18.3: irq 51 for MSI/MSI-X
[    1.635490] pcieport 0000:00:18.3: setting latency timer to 64
[    1.635535]   alloc irq_desc for 52 on node -1
[    1.635537]   alloc kstat_irqs on node -1
[    1.635582] pcieport 0000:00:18.4: irq 52 for MSI/MSI-X
[    1.635627] pcieport 0000:00:18.4: setting latency timer to 64
[    1.635673]   alloc irq_desc for 53 on node -1
[    1.635675]   alloc kstat_irqs on node -1
[    1.635720] pcieport 0000:00:18.5: irq 53 for MSI/MSI-X
[    1.635765] pcieport 0000:00:18.5: setting latency timer to 64
[    1.635810]   alloc irq_desc for 54 on node -1
[    1.635812]   alloc kstat_irqs on node -1
[    1.635857] pcieport 0000:00:18.6: irq 54 for MSI/MSI-X
[    1.635902] pcieport 0000:00:18.6: setting latency timer to 64
[    1.635948]   alloc irq_desc for 55 on node -1
[    1.635949]   alloc kstat_irqs on node -1
[    1.635995] pcieport 0000:00:18.7: irq 55 for MSI/MSI-X
[    1.636040] pcieport 0000:00:18.7: setting latency timer to 64
[    1.636085] pci_hotplug: PCI Hot Plug PCI Core version: 0.5
[    1.637887] pciehp 0000:00:15.0:pcie04: HPC vendor_id 15ad device_id 7a0 ss_vid 0 ss_did 0
[    1.637932] pciehp 0000:00:15.0:pcie04: service driver pciehp loaded
[    1.637978] pciehp 0000:00:15.1:pcie04: HPC vendor_id 15ad device_id 7a0 ss_vid 0 ss_did 0
[    1.638023] pciehp 0000:00:15.1:pcie04: service driver pciehp loaded
[    1.638068] pciehp 0000:00:15.2:pcie04: HPC vendor_id 15ad device_id 7a0 ss_vid 0 ss_did 0
[    1.638113] pciehp 0000:00:15.2:pcie04: service driver pciehp loaded
[    1.638158] pciehp 0000:00:15.3:pcie04: HPC vendor_id 15ad device_id 7a0 ss_vid 0 ss_did 0
[    1.638204] pciehp 0000:00:15.3:pcie04: service driver pciehp loaded
[    1.638249] pciehp 0000:00:15.4:pcie04: HPC vendor_id 15ad device_id 7a0 ss_vid 0 ss_did 0
[    1.638294] pciehp 0000:00:15.4:pcie04: service driver pciehp loaded
[    1.638339] pciehp 0000:00:15.5:pcie04: HPC vendor_id 15ad device_id 7a0 ss_vid 0 ss_did 0
[    1.638385] pciehp 0000:00:15.5:pcie04: service driver pciehp loaded
[    1.638430] pciehp 0000:00:15.6:pcie04: HPC vendor_id 15ad device_id 7a0 ss_vid 0 ss_did 0
[    1.638475] pciehp 0000:00:15.6:pcie04: service driver pciehp loaded
[    1.638520] pciehp 0000:00:15.7:pcie04: HPC vendor_id 15ad device_id 7a0 ss_vid 0 ss_did 0
[    1.638566] pciehp 0000:00:15.7:pcie04: service driver pciehp loaded
[    1.638611] pciehp 0000:00:16.0:pcie04: HPC vendor_id 15ad device_id 7a0 ss_vid 0 ss_did 0
[    1.638656] pciehp 0000:00:16.0:pcie04: service driver pciehp loaded
[    1.638701] pciehp 0000:00:16.1:pcie04: HPC vendor_id 15ad device_id 7a0 ss_vid 0 ss_did 0
[    1.638746] pciehp 0000:00:16.1:pcie04: service driver pciehp loaded
[    1.638792] pciehp 0000:00:16.2:pcie04: HPC vendor_id 15ad device_id 7a0 ss_vid 0 ss_did 0
[    1.638837] pciehp 0000:00:16.2:pcie04: service driver pciehp loaded
[    1.638882] pciehp 0000:00:16.3:pcie04: HPC vendor_id 15ad device_id 7a0 ss_vid 0 ss_did 0
[    1.638927] pciehp 0000:00:16.3:pcie04: service driver pciehp loaded
[    1.638973] pciehp 0000:00:16.4:pcie04: HPC vendor_id 15ad device_id 7a0 ss_vid 0 ss_did 0
[    1.639018] pciehp 0000:00:16.4:pcie04: service driver pciehp loaded
[    1.639063] pciehp 0000:00:16.5:pcie04: HPC vendor_id 15ad device_id 7a0 ss_vid 0 ss_did 0
[    1.639108] pciehp 0000:00:16.5:pcie04: service driver pciehp loaded
[    1.639153] pciehp 0000:00:16.6:pcie04: HPC vendor_id 15ad device_id 7a0 ss_vid 0 ss_did 0
[    1.639199] pciehp 0000:00:16.6:pcie04: service driver pciehp loaded
[    1.639244] pciehp 0000:00:16.7:pcie04: HPC vendor_id 15ad device_id 7a0 ss_vid 0 ss_did 0
[    1.639289] pciehp 0000:00:16.7:pcie04: service driver pciehp loaded
[    1.639334] pciehp 0000:00:17.0:pcie04: HPC vendor_id 15ad device_id 7a0 ss_vid 0 ss_did 0
[    1.639380] pciehp 0000:00:17.0:pcie04: service driver pciehp loaded
[    1.639425] pciehp 0000:00:17.1:pcie04: HPC vendor_id 15ad device_id 7a0 ss_vid 0 ss_did 0
[    1.639470] pciehp 0000:00:17.1:pcie04: service driver pciehp loaded
[    1.639515] pciehp 0000:00:17.2:pcie04: HPC vendor_id 15ad device_id 7a0 ss_vid 0 ss_did 0
[    1.639560] pciehp 0000:00:17.2:pcie04: service driver pciehp loaded
[    1.639606] pciehp 0000:00:17.3:pcie04: HPC vendor_id 15ad device_id 7a0 ss_vid 0 ss_did 0
[    1.639651] pciehp 0000:00:17.3:pcie04: service driver pciehp loaded
[    1.639696] pciehp 0000:00:17.4:pcie04: HPC vendor_id 15ad device_id 7a0 ss_vid 0 ss_did 0
[    1.639741] pciehp 0000:00:17.4:pcie04: service driver pciehp loaded
[    1.639787] pciehp 0000:00:17.5:pcie04: HPC vendor_id 15ad device_id 7a0 ss_vid 0 ss_did 0
[    1.639832] pciehp 0000:00:17.5:pcie04: service driver pciehp loaded
[    1.639877] pciehp 0000:00:17.6:pcie04: HPC vendor_id 15ad device_id 7a0 ss_vid 0 ss_did 0
[    1.639922] pciehp 0000:00:17.6:pcie04: service driver pciehp loaded
[    1.639967] pciehp 0000:00:17.7:pcie04: HPC vendor_id 15ad device_id 7a0 ss_vid 0 ss_did 0
[    1.640013] pciehp 0000:00:17.7:pcie04: service driver pciehp loaded
[    1.640058] pciehp 0000:00:18.0:pcie04: HPC vendor_id 15ad device_id 7a0 ss_vid 0 ss_did 0
[    1.640103] pciehp 0000:00:18.0:pcie04: service driver pciehp loaded
[    1.640148] pciehp 0000:00:18.1:pcie04: HPC vendor_id 15ad device_id 7a0 ss_vid 0 ss_did 0
[    1.640194] pciehp 0000:00:18.1:pcie04: service driver pciehp loaded
[    1.640239] pciehp 0000:00:18.2:pcie04: HPC vendor_id 15ad device_id 7a0 ss_vid 0 ss_did 0
[    1.640284] pciehp 0000:00:18.2:pcie04: service driver pciehp loaded
[    1.640329] pciehp 0000:00:18.3:pcie04: HPC vendor_id 15ad device_id 7a0 ss_vid 0 ss_did 0
[    1.640374] pciehp 0000:00:18.3:pcie04: service driver pciehp loaded
[    1.640420] pciehp 0000:00:18.4:pcie04: HPC vendor_id 15ad device_id 7a0 ss_vid 0 ss_did 0
[    1.640465] pciehp 0000:00:18.4:pcie04: service driver pciehp loaded
[    1.640510] pciehp 0000:00:18.5:pcie04: HPC vendor_id 15ad device_id 7a0 ss_vid 0 ss_did 0
[    1.640555] pciehp 0000:00:18.5:pcie04: service driver pciehp loaded
[    1.640601] pciehp 0000:00:18.6:pcie04: HPC vendor_id 15ad device_id 7a0 ss_vid 0 ss_did 0
[    1.640646] pciehp 0000:00:18.6:pcie04: service driver pciehp loaded
[    1.640691] pciehp 0000:00:18.7:pcie04: HPC vendor_id 15ad device_id 7a0 ss_vid 0 ss_did 0
[    1.640736] pciehp 0000:00:18.7:pcie04: service driver pciehp loaded
[    1.640743] pciehp: PCI Express Hot Plug Controller Driver version: 0.4
[    1.640793] ACPI: AC Adapter [ACAD] (on-line)
[    1.640844] input: Power Button as /devices/LNXSYSTM:00/LNXPWRBN:00/input/input0
[    1.640846] ACPI: Power Button [PWRF]
[    1.640892] processor LNXCPU:00: registered as cooling_device0
[    1.681787] isapnp: Scanning for PnP cards...
[    2.035249] isapnp: No Plug & Play device found
[    2.035279] random 0000 0000 0000 5f8db4e5 4cfdf2a8: initializing
[    2.035406] Linux agpgart interface v0.103
[    2.035445] agpgart-intel 0000:00:00.0: Intel 440BX Chipset
[    2.035499] agpgart-intel 0000:00:00.0: AGP aperture is 256M @ 0x0
[    2.035529] Serial: 8250/16550 driver, 32 ports, IRQ sharing enabled
[    2.035582] serial8250: ttyS0 at I/O 0x3f8 (irq = 4) is a 16550A
[    2.035635] serial8250: ttyS1 at I/O 0x2f8 (irq = 3) is a 16550A
[    2.035688] 00:0a: ttyS0 at I/O 0x3f8 (irq = 4) is a 16550A
[    2.035742] 00:0b: ttyS1 at I/O 0x2f8 (irq = 3) is a 16550A
[    2.035795] brd: module loaded
[    2.035848] loop: module loaded
[    2.035901] ata_piix 0000:00:07.1: version 2.13
[    2.035983] scsi0 : ata_piix
[    2.036030] scsi1 : ata_piix
[    2.036049] ata1: PATA max UDMA/33 cmd 0x1f0 ctl 0x3f6 bmdma 0x10c0 irq 14
[    2.036051] ata2: PATA max UDMA/33 cmd 0x170 ctl 0x376 bmdma 0x10c8 irq 15
[    2.036099] PPP generic driver version 2.4.2
[    2.036118] tun: Universal TUN/TAP device driver, 1.6
[    2.036119] tun: (C) 1999-2004 Max Krasnyansky <maxk@qualcomm.com>
[    2.036172] ehci_hcd: USB 2.0 'Enhanced' Host Controller (EHCI) Driver
[    2.036225] ACPI: PCI Interrupt Link [LNKB] enabled at IRQ 11
[    2.036228] PCI: setting IRQ 11 as level-triggered
[    2.036235] ehci_hcd 0000:02:03.0: PCI INT A -> Link[LNKB] -> GSI 11 (level, low) -> IRQ 11
[    2.036275] ehci_hcd 0000:02:03.0: EHCI Host Controller
[    2.036296] ehci_hcd 0000:02:03.0: new USB bus registered, assigned bus number 1
[    2.036349] ehci_hcd 0000:02:03.0: cache line size of 32 is not supported
[    2.036356] ehci_hcd 0000:02:03.0: irq 11, io mem 0xc9000000
[    2.036667] random 0000 0000 0000 00000000 00000000: rand_read_num 3 get_random_bytes(8): sig 00000000 00000000 00000000
[    2.036669] random 0000 0000 0000 00000000 00000000: extract_entropy(.. 8 ..)
[    2.036672] random 0000 0000 0000 00000000 00000000: going to reseed nonblocking with 64 bits (64 of 0 requested)
[    2.036674] random 0000 0000 0000 00000000 00000000: extract_entropy(.. 8 ..)
[    2.036676] random 0000 0000 0000 00000000 00000000: trying to extract 64 bits from input
[    2.036678] random 0000 0000 0000 00000000 00000000: debiting 0 entropy credits from input
[    2.036680] random 0000 0000 0000 00000000 00000000: extract_entropy account returned: 0 
[    2.036683] random 0000 0000 0000 00000000 00000000: urand_change_num 5 xfer_secondary_pool(8): pool_sig 00000000, data_sig 00000000, bytes_mixed 0 00000000 00000000
[    2.036686] random 0000 0000 0000 00000000 00000000: trying to extract 64 bits from nonblocking
[    2.036688] random 0000 0000 0000 00000000 00000000: debiting 64 entropy credits from nonblocking (unlimited)
[    2.036690] random 0000 0000 0000 00000000 00000000: extract_entropy account returned: 8 
[    2.036694] random 0000 0000 0000 00000000 00000000: urand_change_num 6 extract_buf: pool_sig 00000000, data_sig fffffff9, bytes_mixed 20 00000000 00000000
[    2.045246] ehci_hcd 0000:02:03.0: USB 2.0 started, EHCI 1.00
[    2.045299] usb usb1: configuration #1 chosen from 1 choice
[    2.045317] hub 1-0:1.0: USB hub found
[    2.045321] hub 1-0:1.0: 6 ports detected
[    2.045355] ohci_hcd: USB 1.1 'Open' Host Controller (OHCI) Driver
[    2.045364] uhci_hcd: USB Universal Host Controller Interface driver
[    2.045417] ACPI: PCI Interrupt Link [LNKC] enabled at IRQ 10
[    2.045419] PCI: setting IRQ 10 as level-triggered
[    2.045423] uhci_hcd 0000:02:00.0: PCI INT A -> Link[LNKC] -> GSI 10 (level, low) -> IRQ 10
[    2.045460] uhci_hcd 0000:02:00.0: UHCI Host Controller
[    2.045488] uhci_hcd 0000:02:00.0: new USB bus registered, assigned bus number 2
[    2.045597] uhci_hcd 0000:02:00.0: irq 10, io base 0x000020c0
[    2.045650] usb usb2: configuration #1 chosen from 1 choice
[    2.045666] hub 2-0:1.0: USB hub found
[    2.045671] hub 2-0:1.0: 2 ports detected
[    2.045724] usbcore: registered new interface driver libusual
[    2.045763] PNP: PS/2 Controller [PNP0303:KBC,PNP0f13:MOUS] at 0x60,0x64 irq 1,12
[    2.046101] serio: i8042 KBD port at 0x60,0x64 irq 1
[    2.046108] serio: i8042 AUX port at 0x60,0x64 irq 12
[    2.046143] mice: PS/2 mouse device common for all mice
[    2.046196] rtc_cmos 00:04: rtc core: registered rtc_cmos as rtc0
[    2.046212] rtc0: alarms up to one month, y3k, 114 bytes nvram, hpet irqs
[    2.046265] device-mapper: uevent: version 1.0.3
[    2.046383] device-mapper: ioctl: 4.15.0-ioctl (2009-04-01) initialised: dm-devel@redhat.com
[    2.046400] EISA: Probing bus 0 at eisa.0
[    2.046408] Cannot allocate resource for EISA slot 1
[    2.046410] Cannot allocate resource for EISA slot 2
[    2.046411] Cannot allocate resource for EISA slot 3
[    2.046424] Cannot allocate resource for EISA slot 4
[    2.046426] Cannot allocate resource for EISA slot 5
[    2.046428] Cannot allocate resource for EISA slot 6
[    2.046430] Cannot allocate resource for EISA slot 7
[    2.046431] Cannot allocate resource for EISA slot 8
[    2.046433] EISA: Detected 0 cards.
[    2.046480] cpuidle: using governor ladder
[    2.046482] cpuidle: using governor menu
[    2.046535] random 0000 0000 0000 00000000 00000000: rand_read_num 4 get_random_bytes(136): sig 0000021d 00000000 00000000
[    2.046538] random 0000 0000 0000 00000000 00000000: extract_entropy(.. 136 ..)
[    2.046541] random 0000 0000 0000 00000000 00000000: going to reseed nonblocking with 1024 bits (1088 of 0 requested)
[    2.046543] random 0000 0000 0000 00000000 00000000: extract_entropy(.. 128 ..)
[    2.046545] random 0000 0000 0000 00000000 00000000: trying to extract 1024 bits from input
[    2.046547] random 0000 0000 0000 00000000 00000000: debiting 0 entropy credits from input
[    2.046549] random 0000 0000 0000 00000000 00000000: extract_entropy account returned: 0 
[    2.046552] random 0000 0000 0000 00000000 00000000: urand_change_num 7 xfer_secondary_pool(136): pool_sig 0000021d, data_sig 00000000, bytes_mixed 0 00000000 00000000
[    2.046555] random 0000 0000 0000 00000000 00000000: trying to extract 1088 bits from nonblocking
[    2.046557] random 0000 0000 0000 00000000 00000000: debiting 1088 entropy credits from nonblocking (unlimited)
[    2.046560] random 0000 0000 0000 00000000 00000000: extract_entropy account returned: 136 
[    2.046563] random 0000 0000 0000 00000000 00000000: urand_change_num 8 extract_buf: pool_sig 0000021d, data_sig fffffff7, bytes_mixed 20 00000000 00000000
[    2.046568] random 0000 0000 0000 f961ee50 ba9cb1aa: urand_change_num 9 extract_buf: pool_sig 00000230, data_sig fffffeb4, bytes_mixed 20 f961ee50 ba9cb1aa
[    2.046573] random 0000 0000 0000 9748bdd6 56fb8af6: urand_change_num 10 extract_buf: pool_sig 00000373, data_sig 000000cf, bytes_mixed 20 9748bdd6 56fb8af6
[    2.046577] random 0000 0000 0000 9748bdd6 56fb8af6: urand_change_num 11 extract_buf: pool_sig fffffe49, data_sig 0000023f, bytes_mixed 20 9748bdd6 56fb8af6
[    2.046581] random 0000 0000 0000 a135be86 4777650e: urand_change_num 12 extract_buf: pool_sig fffffcce, data_sig 000000c6, bytes_mixed 20 a135be86 4777650e
[    2.046586] random 0000 0000 0000 4a6ea85d 170e00dd: urand_change_num 13 extract_buf: pool_sig ffffff97, data_sig ffffff7d, bytes_mixed 20 4a6ea85d 170e00dd
[    2.046590] random 0000 0000 0000 4a6ea85d 170e00dd: urand_change_num 14 extract_buf: pool_sig 00000160, data_sig fffffeea, bytes_mixed 20 4a6ea85d 170e00dd
[    2.046595] random 0000 0000 0000 6e87c3cb da668c73: urand_change_num 15 extract_buf: pool_sig 0000034f, data_sig ffffff54, bytes_mixed 20 6e87c3cb da668c73
[    2.046599] random 0000 0000 0000 6e87c3cb da668c73: urand_change_num 16 extract_buf: pool_sig fffffdc5, data_sig 00000205, bytes_mixed 20 6e87c3cb da668c73
[    2.046604] random 0000 0000 0000 39f531e6 461eb249: urand_change_num 17 extract_buf: pool_sig fffffc1d, data_sig ffffff5e, bytes_mixed 20 39f531e6 461eb249
[    2.046608] random 0000 0000 0000 7e1538a2 3e661182: urand_change_num 18 extract_buf: pool_sig 000006ef, data_sig ffffff2e, bytes_mixed 20 7e1538a2 3e661182
[    2.046612] random 0000 0000 0000 7e1538a2 3e661182: urand_change_num 19 extract_buf: pool_sig 00000317, data_sig fffffccb, bytes_mixed 20 7e1538a2 3e661182
[    2.046617] random 0000 0000 0000 76af506b 9b57305e: urand_change_num 20 extract_buf: pool_sig 00000227, data_sig ffffffd2, bytes_mixed 20 76af506b 9b57305e
[    2.046621] random 0000 0000 0000 37d49d89 e20417cc: urand_change_num 21 extract_buf: pool_sig 0000080b, data_sig 000001e9, bytes_mixed 20 37d49d89 e20417cc
[    2.046625] TCP cubic registered
[    2.046678] NET: Registered protocol family 10
[    2.046714] RANDOM - __random32 called. Change num 12.  Value: 5eba7c56	3354535f	8d65ceee
[    2.046716] RANDOM - random32 called.  Value: 5eba7c56	3354535f	8d65ceee
[    2.046725] random 0000 0000 0000 37d49d89 e20417cc: rand_read_num 5 get_random_bytes(4): sig 00000298 37d49d89 e20417cc
[    2.046727] random 0000 0000 0000 37d49d89 e20417cc: extract_entropy(.. 4 ..)
[    2.046729] random 0000 0000 0000 37d49d89 e20417cc: going to reseed nonblocking with 64 bits (32 of 0 requested)
[    2.046731] random 0000 0000 0000 37d49d89 e20417cc: extract_entropy(.. 8 ..)
[    2.046734] random 0000 0000 0000 37d49d89 e20417cc: trying to extract 64 bits from input
[    2.046736] random 0000 0000 0000 37d49d89 e20417cc: debiting 0 entropy credits from input
[    2.046738] random 0000 0000 0000 37d49d89 e20417cc: extract_entropy account returned: 0 
[    2.046741] random 0000 0000 0000 37d49d89 e20417cc: urand_change_num 22 xfer_secondary_pool(4): pool_sig 00000298, data_sig 00000000, bytes_mixed 0 37d49d89 e20417cc
[    2.046744] random 0000 0000 0000 37d49d89 e20417cc: trying to extract 32 bits from nonblocking
[    2.046746] random 0000 0000 0000 37d49d89 e20417cc: debiting 32 entropy credits from nonblocking (unlimited)
[    2.046748] random 0000 0000 0000 37d49d89 e20417cc: extract_entropy account returned: 4 
[    2.046752] random 0000 0000 0000 37d49d89 e20417cc: urand_change_num 23 extract_buf: pool_sig 00000298, data_sig 00000092, bytes_mixed 20 37d49d89 e20417cc
[    2.046805] RANDOM - __random32 called. Change num 13.  Value: a7c56226	354535ff	9ddcc977
[    2.046807] RANDOM - random32 called.  Value: a7c56226	354535ff	9ddcc977
[    2.046860] NET: Registered protocol family 17
[    2.046881] Using IPI No-Shortcut mode
[    2.046887] random 0000 0000 0000 2ee4c4fc 167bdb15: rand_read_num 6 get_random_bytes(8): sig fffffcbf 2ee4c4fc 167bdb15
[    2.046889] random 0000 0000 0000 2ee4c4fc 167bdb15: extract_entropy(.. 8 ..)
[    2.046891] random 0000 0000 0000 2ee4c4fc 167bdb15: going to reseed nonblocking with 64 bits (64 of 0 requested)
[    2.046894] random 0000 0000 0000 2ee4c4fc 167bdb15: extract_entropy(.. 8 ..)
[    2.046896] random 0000 0000 0000 2ee4c4fc 167bdb15: trying to extract 64 bits from input
[    2.046898] random 0000 0000 0000 2ee4c4fc 167bdb15: debiting 0 entropy credits from input
[    2.046900] random 0000 0000 0000 2ee4c4fc 167bdb15: extract_entropy account returned: 0 
[    2.046903] random 0000 0000 0000 2ee4c4fc 167bdb15: urand_change_num 24 xfer_secondary_pool(8): pool_sig fffffcbf, data_sig 00000000, bytes_mixed 0 2ee4c4fc 167bdb15
[    2.046906] random 0000 0000 0000 2ee4c4fc 167bdb15: trying to extract 64 bits from nonblocking
[    2.046908] random 0000 0000 0000 2ee4c4fc 167bdb15: debiting 64 entropy credits from nonblocking (unlimited)
[    2.046910] random 0000 0000 0000 2ee4c4fc 167bdb15: extract_entropy account returned: 8 
[    2.046914] random 0000 0000 0000 2ee4c4fc 167bdb15: urand_change_num 25 extract_buf: pool_sig fffffcbf, data_sig ffffff83, bytes_mixed 20 2ee4c4fc 167bdb15
[    2.046955] PM: Resume from disk failed.
[    2.046963] registered taskstats version 1
[    2.046966] random 0000 0000 0000 2ee4c4fc 167bdb15: rand_read_num 7 get_random_bytes(12): sig fffffc69 2ee4c4fc 167bdb15
[    2.046968] random 0000 0000 0000 2ee4c4fc 167bdb15: extract_entropy(.. 12 ..)
[    2.046971] random 0000 0000 0000 2ee4c4fc 167bdb15: going to reseed nonblocking with 96 bits (96 of 0 requested)
[    2.046973] random 0000 0000 0000 2ee4c4fc 167bdb15: extract_entropy(.. 12 ..)
[    2.046975] random 0000 0000 0000 2ee4c4fc 167bdb15: trying to extract 96 bits from input
[    2.046977] random 0000 0000 0000 2ee4c4fc 167bdb15: debiting 0 entropy credits from input
[    2.046979] random 0000 0000 0000 2ee4c4fc 167bdb15: extract_entropy account returned: 0 
[    2.046982] random 0000 0000 0000 2ee4c4fc 167bdb15: urand_change_num 26 xfer_secondary_pool(12): pool_sig fffffc69, data_sig 00000000, bytes_mixed 0 2ee4c4fc 167bdb15
[    2.046985] random 0000 0000 0000 2ee4c4fc 167bdb15: trying to extract 96 bits from nonblocking
[    2.046987] random 0000 0000 0000 2ee4c4fc 167bdb15: debiting 96 entropy credits from nonblocking (unlimited)
[    2.046989] random 0000 0000 0000 2ee4c4fc 167bdb15: extract_entropy account returned: 12 
[    2.046993] random 0000 0000 0000 2ee4c4fc 167bdb15: urand_change_num 27 extract_buf: pool_sig fffffc69, data_sig ffffff7d, bytes_mixed 20 2ee4c4fc 167bdb15
[    2.046997] random 0000 0000 0000 83b7c1ab 94697f48: urand_change_num 28 extract_buf: pool_sig fffffe30, data_sig fffffdd6, bytes_mixed 20 83b7c1ab 94697f48
[    2.047000] RANDOM - __seed init called.
[    2.047002] RANDOM - __seed init called.
[    2.047003] RANDOM - __seed init called.
[    2.047004] RANDOM - __random32 called. Change num 14.  Value: fc007995	feca4f80	21b38ad2
[    2.047006] RANDOM - random32_reseed called.  Value: fc007995	feca4f80	21b38ad2
[    2.047009] Pid: 1, comm: swapper Not tainted 2.6.32.57 #4
[    2.047011] Call Trace:
[    2.047017]  [<c14a8a0e>] ? printk+0x1d/0x1f
[    2.047022]  [<c17537e5>] random32_reseed+0x89/0xbd
[    2.047025]  [<c1003042>] do_one_initcall+0x32/0x1a0
[    2.047028]  [<c175375c>] ? random32_reseed+0x0/0xbd
[    2.047031]  [<c17308e7>] kernel_init+0x12d/0x17a
[    2.047064]  [<c17307ba>] ? kernel_init+0x0/0x17a
[    2.047068]  [<c1009b07>] kernel_thread_helper+0x7/0x10
[    2.049765] input: AT Translated Set 2 keyboard as /devices/platform/i8042/serio0/input/input1
[    2.050047] random 0000 0000 0000 6db70b00 b30ce96b: rand_read_num 8 get_random_bytes(64): sig fffffb38 6db70b00 b30ce96b
[    2.050050] random 0000 0000 0000 6db70b00 b30ce96b: extract_entropy(.. 64 ..)
[    2.050052] random 0000 0000 0000 6db70b00 b30ce96b: going to reseed nonblocking with 512 bits (512 of 0 requested)
[    2.050055] random 0000 0000 0000 6db70b00 b30ce96b: extract_entropy(.. 64 ..)
[    2.050057] random 0000 0000 0000 6db70b00 b30ce96b: trying to extract 512 bits from input
[    2.050059] random 0000 0000 0000 6db70b00 b30ce96b: debiting 0 entropy credits from input
[    2.050061] random 0000 0000 0000 6db70b00 b30ce96b: extract_entropy account returned: 0 
[    2.050064] random 0000 0000 0000 6db70b00 b30ce96b: urand_change_num 29 xfer_secondary_pool(64): pool_sig fffffb38, data_sig 00000000, bytes_mixed 0 6db70b00 b30ce96b
[    2.050067] random 0000 0000 0000 6db70b00 b30ce96b: trying to extract 512 bits from nonblocking
[    2.050069] random 0000 0000 0000 6db70b00 b30ce96b: debiting 512 entropy credits from nonblocking (unlimited)
[    2.050072] random 0000 0000 0000 6db70b00 b30ce96b: extract_entropy account returned: 64 
[    2.050075] random 0000 0000 0000 6db70b00 b30ce96b: urand_change_num 30 extract_buf: pool_sig fffffb38, data_sig 00000151, bytes_mixed 20 6db70b00 b30ce96b
[    2.050080] random 0000 0000 0000 6db70b00 b30ce96b: urand_change_num 31 extract_buf: pool_sig fffffdb8, data_sig 00000379, bytes_mixed 20 6db70b00 b30ce96b
[    2.050084] random 0000 0000 0000 6b83001e d4b6c0d3: urand_change_num 32 extract_buf: pool_sig ffffffc9, data_sig 00000198, bytes_mixed 20 6b83001e d4b6c0d3
[    2.050089] random 0000 0000 0000 79d3e3c7 be564518: urand_change_num 33 extract_buf: pool_sig 000002b9, data_sig ffffff84, bytes_mixed 20 79d3e3c7 be564518
[    2.050093] random 0000 0000 0000 79d3e3c7 be564518: urand_change_num 34 extract_buf: pool_sig ffffff55, data_sig ffffff5a, bytes_mixed 20 79d3e3c7 be564518
[    2.050098] random 0000 0000 0000 89c03cb2 0d353228: urand_change_num 35 extract_buf: pool_sig 00000007, data_sig ffffff17, bytes_mixed 20 89c03cb2 0d353228
[    2.050102] random 0000 0000 0000 89c03cb2 0d353228: urand_change_num 36 extract_buf: pool_sig fffffdae, data_sig 000000db, bytes_mixed 20 89c03cb2 0d353228  Magic number: 13:715:555
[    2.050195] rtc_cmos 00:04: setting system clock to 2013-05-24 23:32:46 UTC (1369438366)
[    2.050198] BIOS EDD facility v0.16 2004-Jun-25, 0 devices found
[    2.050199] EDD information not available.
[    2.050224] random 0000 0000 0000 8ca62387 b120332c: rand_read_num 9 get_random_bytes(64): sig fffffed6 8ca62387 b120332c
[    2.050226] random 0000 0000 0000 8ca62387 b120332c: extract_entropy(.. 64 ..)
[    2.050228] random 0000 0000 0000 8ca62387 b120332c: going to reseed nonblocking with 512 bits (512 of 0 requested)
[    2.050231] random 0000 0000 0000 8ca62387 b120332c: extract_entropy(.. 64 ..)
[    2.050233] random 0000 0000 0000 8ca62387 b120332c: trying to extract 512 bits from input
[    2.050235] random 0000 0000 0000 8ca62387 b120332c: debiting 0 entropy credits from input
[    2.050237] random 0000 0000 0000 8ca62387 b120332c: extract_entropy account returned: 0 
[    2.050240] random 0000 0000 0000 8ca62387 b120332c: urand_change_num 37 xfer_secondary_pool(64): pool_sig fffffed6, data_sig 00000000, bytes_mixed 0 8ca62387 b120332c
[    2.050243] random 0000 0000 0000 8ca62387 b120332c: trying to extract 512 bits from nonblocking
[    2.050245] random 0000 0000 0000 8ca62387 b120332c: debiting 512 entropy credits from nonblocking (unlimited)
[    2.050247] random 0000 0000 0000 8ca62387 b120332c: extract_entropy account returned: 64 
[    2.050251] random 0000 0000 0000 8ca62387 b120332c: urand_change_num 38 extract_buf: pool_sig fffffed6, data_sig fffffeb6, bytes_mixed 20 8ca62387 b120332c
[    2.050255] random 0000 0000 0000 90702413 e2a66c2e: urand_change_num 39 extract_buf: pool_sig fffffbb0, data_sig 0000012e, bytes_mixed 20 90702413 e2a66c2e
[    2.050260] random 0000 0000 0000 90702413 e2a66c2e: urand_change_num 40 extract_buf: pool_sig fffffaf1, data_sig ffffff3c, bytes_mixed 20 90702413 e2a66c2e
[    2.050264] random 0000 0000 0000 3f58038b c77aecb6: urand_change_num 41 extract_buf: pool_sig 00000234, data_sig fffffdec, bytes_mixed 20 3f58038b c77aecb6
[    2.050268] random 0000 0000 0000 47187b9d 03f21510: urand_change_num 42 extract_buf: pool_sig 00000192, data_sig 00000075, bytes_mixed 20 47187b9d 03f21510
[    2.050273] random 0000 0000 0000 47187b9d 03f21510: urand_change_num 43 extract_buf: pool_sig 0000018e, data_sig ffffffbf, bytes_mixed 20 47187b9d 03f21510
[    2.050277] random 0000 0000 0000 3180b1fc 0fa9c973: urand_change_num 44 extract_buf: pool_sig fffffecf, data_sig ffffff2a, bytes_mixed 20 3180b1fc 0fa9c973
[    2.050280] BEGIN NET_SECRET:
[    2.050281] \xffffff87
[    2.050283] \xffffff8d
[    2.050284] \xfffffff4
[    2.050285] \xffffffae
[    2.050286] \xffffffc3
[    2.050287] \xffffffb7
[    2.050288] \x31
[    2.050290] \x65
[    2.050291] \xffffffda
[    2.050292] \xffffffa2
[    2.050293] \x31
[    2.050294] \xffffffc8
[    2.050295] \xffffffa9
[    2.050296] \x76
[    2.050298] \x76
[    2.050299] \xffffff90
[    2.050300] \x55
[    2.050301] \xfffffff3
[    2.050302] \xffffffb1
[    2.050303] \x3
[    2.050304] \xffffffb3
[    2.050306] \xffffffa7
[    2.050307] \x5a
[    2.050308] \x71
[    2.050309] \x70
[    2.050310] \xffffff8c
[    2.050311] \x56
[    2.050312] \x25
[    2.050314] \xffffffe1
[    2.050315] \x4c
[    2.050316] \xffffffe6
[    2.050317] \xffffff95
[    2.050318] \x67
[    2.050319] \x4c
[    2.050320] \xffffffb9
[    2.050322] \x1d
[    2.050323] \xe
[    2.050324] \x34
[    2.050325] \xffffffbe
[    2.050326] \x12
[    2.050327] \x5
[    2.050328] \xffffff98
[    2.050329] \xffffffa0
[    2.050331] \xf
[    2.050332] \xffffffb2
[    2.050333] \xffffffde
[    2.050334] \xffffff99
[    2.050335] \xf
[    2.050336] \xffffffe8
[    2.050338] \xffffffc8
[    2.050339] \x1f
[    2.050340] \x54
[    2.050341] \x2c
[    2.050342] \xffffffee
[    2.050343] \x2e
[    2.050344] \x0
[    2.050345] \xffffff95
[    2.050347] \x0
[    2.050348] \xffffffe3
[    2.050349] \xffffffa7
[    2.050350] \xfffffffd
[    2.050351] \x66
[    2.050352] \xffffff92
[    2.050353] \xfffffff0
[    2.050355] 
[    2.050356] END NET_SECRET
[    2.050358] random 0000 0000 0000 3180b1fc 0fa9c973: rand_read_num 10 get_random_bytes(4): sig ffffff46 3180b1fc 0fa9c973
[    2.050361] random 0000 0000 0000 3180b1fc 0fa9c973: extract_entropy(.. 4 ..)
[    2.050363] random 0000 0000 0000 3180b1fc 0fa9c973: going to reseed nonblocking with 64 bits (32 of 0 requested)
[    2.050365] random 0000 0000 0000 3180b1fc 0fa9c973: extract_entropy(.. 8 ..)
[    2.050367] random 0000 0000 0000 3180b1fc 0fa9c973: trying to extract 64 bits from input
[    2.050369] random 0000 0000 0000 3180b1fc 0fa9c973: debiting 0 entropy credits from input
[    2.050372] random 0000 0000 0000 3180b1fc 0fa9c973: extract_entropy account returned: 0 
[    2.050374] random 0000 0000 0000 3180b1fc 0fa9c973: urand_change_num 45 xfer_secondary_pool(4): pool_sig ffffff46, data_sig 00000000, bytes_mixed 0 3180b1fc 0fa9c973
[    2.050377] random 0000 0000 0000 3180b1fc 0fa9c973: trying to extract 32 bits from nonblocking
[    2.050379] random 0000 0000 0000 3180b1fc 0fa9c973: debiting 32 entropy credits from nonblocking (unlimited)
[    2.050382] random 0000 0000 0000 3180b1fc 0fa9c973: extract_entropy account returned: 4 
[    2.050385] random 0000 0000 0000 3180b1fc 0fa9c973: urand_change_num 46 extract_buf: pool_sig ffffff46, data_sig 0000001b, bytes_mixed 20 3180b1fc 0fa9c973
[    2.226532] ata2.00: ATAPI: VMware Virtual IDE CDROM Drive, 00000001, max UDMA/33
[    2.226847] ata2.00: configured for UDMA/33
[    2.227258] scsi 1:0:0:0: CD-ROM            NECVMWar VMware IDE CDR10 1.00 PQ: 0 ANSI: 5
[    2.228535] sr0: scsi3-mmc drive: 306x/306x cd/rw xa/form2 cdda tray
[    2.228538] Uniform CD-ROM driver Revision: 3.20
[    2.228591] sr 1:0:0:0: Attached scsi CD-ROM sr0
[    2.228627] sr 1:0:0:0: Attached scsi generic sg0 type 5
[    2.228662] Freeing unused kernel memory: 652k freed
[    2.228715] Write protecting the kernel text: 4840k
[    2.228746] Write protecting the kernel read-only data: 1968k
[    2.228835] random 0000 0000 0000 38974d2b 1d8d6de0: rand_read_num 11 get_random_bytes(16): sig 000001c6 38974d2b 1d8d6de0
