[    0.000000] random 0000 0000 0000 00000000 00000000: rand_read_num 1 get_random_bytes(8): sig 00000000 00000000 00000000
[    0.000000] random 0000 0000 0000 00000000 00000000: extract_entropy(.. 8 ..)
[    0.000000] random 0000 0000 0000 00000000 00000000: going to reseed nonblocking with 64 bits (64 of 0 requested)
[    0.000000] random 0000 0000 0000 00000000 00000000: extract_entropy(.. 8 ..)
[    0.000000] random 0000 0000 0000 00000000 00000000: trying to extract 64 bits from input
[    0.000000] random 0000 0000 0000 00000000 00000000: debiting 0 entropy credits from input
[    0.000000] random 0000 0000 0000 00000000 00000000: extract_entropy account returned: 0 
[    0.000000] random 0000 0000 0000 00000000 00000000: urand_change_num 1 xfer_secondary_pool(8): pool_sig 00000000, data_sig 00000000, bytes_mixed 0 00000000 00000000
[    0.000000] random 0000 0000 0000 00000000 00000000: trying to extract 64 bits from nonblocking
[    0.000000] random 0000 0000 0000 00000000 00000000: debiting 64 entropy credits from nonblocking (unlimited)
[    0.000000] random 0000 0000 0000 00000000 00000000: extract_entropy account returned: 8 
[    0.000000] random 0000 0000 0000 00000000 00000000: urand_change_num 2 extract_buf: pool_sig 00000000, data_sig fffffff9, bytes_mixed 20 00000000 00000000
[    0.000000] Initializing cgroup subsys cpuset
[    0.000000] Initializing cgroup subsys cpu
[    0.000000] Linux version 2.6.32.57 (dcashman@ubuntu) (gcc version 4.6.3 (Ubuntu/Linaro 4.6.3-1ubuntu5) ) #4 SMP Fri May 24 11:09:26 PDT 2013
[    0.000000] KERNEL supported cpus:
[    0.000000]   Intel GenuineIntel
[    0.000000]   AMD AuthenticAMD
[    0.000000]   NSC Geode by NSC
[    0.000000]   Cyrix CyrixInstead
[    0.000000]   Centaur CentaurHauls
[    0.000000]   Transmeta GenuineTMx86
[    0.000000]   Transmeta TransmetaCPU
[    0.000000]   UMC UMC UMC UMC
[    0.000000] BIOS-provided physical RAM map:
[    0.000000]  BIOS-e820: 0000000000000000 - 000000000009f000 (usable)
[    0.000000]  BIOS-e820: 000000000009f000 - 00000000000a0000 (reserved)
[    0.000000]  BIOS-e820: 00000000000ca000 - 00000000000cc000 (reserved)
[    0.000000]  BIOS-e820: 00000000000dc000 - 0000000000100000 (reserved)
[    0.000000]  BIOS-e820: 0000000000100000 - 000000003fee0000 (usable)
[    0.000000]  BIOS-e820: 000000003fee0000 - 000000003feff000 (ACPI data)
[    0.000000]  BIOS-e820: 000000003feff000 - 000000003ff00000 (ACPI NVS)
[    0.000000]  BIOS-e820: 000000003ff00000 - 0000000040000000 (usable)
[    0.000000]  BIOS-e820: 00000000e0000000 - 00000000f0000000 (reserved)
[    0.000000]  BIOS-e820: 00000000fec00000 - 00000000fec10000 (reserved)
[    0.000000]  BIOS-e820: 00000000fee00000 - 00000000fee01000 (reserved)
[    0.000000]  BIOS-e820: 00000000fffe0000 - 0000000100000000 (reserved)
[    0.000000] DMI present.
[    0.000000] Phoenix BIOS detected: BIOS may corrupt low RAM, working around it.
[    0.000000] e820 update range: 0000000000000000 - 0000000000010000 (usable) ==> (reserved)
[    0.000000] last_pfn = 0x40000 max_arch_pfn = 0x1000000
[    0.000000] MTRR default type: uncachable
[    0.000000] MTRR fixed ranges enabled:
[    0.000000]   00000-9FFFF write-back
[    0.000000]   A0000-BFFFF uncachable
[    0.000000]   C0000-CBFFF write-protect
[    0.000000]   CC000-EFFFF uncachable
[    0.000000]   F0000-FFFFF write-protect
[    0.000000] MTRR variable ranges enabled:
[    0.000000]   0 base 0000000000 mask FFC0000000 write-back
[    0.000000]   1 disabled
[    0.000000]   2 disabled
[    0.000000]   3 disabled
[    0.000000]   4 disabled
[    0.000000]   5 disabled
[    0.000000]   6 disabled
[    0.000000]   7 disabled
[    0.000000] x86 PAT enabled: cpu 0, old 0x0, new 0x7010600070106
[    0.000000] Scanning 0 areas for low memory corruption
[    0.000000] modified physical RAM map:
[    0.000000]  modified: 0000000000000000 - 0000000000010000 (reserved)
[    0.000000]  modified: 0000000000010000 - 000000000009f000 (usable)
[    0.000000]  modified: 000000000009f000 - 00000000000a0000 (reserved)
[    0.000000]  modified: 00000000000ca000 - 00000000000cc000 (reserved)
[    0.000000]  modified: 00000000000dc000 - 0000000000100000 (reserved)
[    0.000000]  modified: 0000000000100000 - 000000003fee0000 (usable)
[    0.000000]  modified: 000000003fee0000 - 000000003feff000 (ACPI data)
[    0.000000]  modified: 000000003feff000 - 000000003ff00000 (ACPI NVS)
[    0.000000]  modified: 000000003ff00000 - 0000000040000000 (usable)
[    0.000000]  modified: 00000000e0000000 - 00000000f0000000 (reserved)
[    0.000000]  modified: 00000000fec00000 - 00000000fec10000 (reserved)
[    0.000000]  modified: 00000000fee00000 - 00000000fee01000 (reserved)
[    0.000000]  modified: 00000000fffe0000 - 0000000100000000 (reserved)
[    0.000000] initial memory mapped : 0 - 01e00000
[    0.000000] init_memory_mapping: 0000000000000000-00000000379fe000
[    0.000000] NX (Execute Disable) protection: active
[    0.000000]  0000000000 - 0000200000 page 4k
[    0.000000]  0000200000 - 0037800000 page 2M
[    0.000000]  0037800000 - 00379fe000 page 4k
[    0.000000] kernel direct mapping tables up to 379fe000 @ 10000-16000
[    0.000000] RAMDISK: 2dcfc000 - 32e758c3
[    0.000000] ACPI: RSDP 000f6b80 00024 (v02 PTLTD )
[    0.000000] ACPI: XSDT 3feed636 0005C (v01 INTEL  440BX    06040000 VMW  01324272)
[    0.000000] ACPI: FACP 3fefee98 000F4 (v04 INTEL  440BX    06040000 PTL  000F4240)
[    0.000000] ACPI: DSDT 3feee366 10B32 (v01 PTLTD  Custom   06040000 MSFT 03000001)
[    0.000000] ACPI: FACS 3fefffc0 00040
[    0.000000] ACPI: BOOT 3feee33e 00028 (v01 PTLTD  $SBFTBL$ 06040000  LTP 00000001)
[    0.000000] ACPI: APIC 3feedc3e 003C2 (v01 PTLTD  ? APIC   06040000  LTP 00000000)
[    0.000000] ACPI: MCFG 3feedc02 0003C (v01 PTLTD  $PCITBL$ 06040000  LTP 00000001)
[    0.000000] ACPI: SRAT 3feed732 004D0 (v02 VMWARE MEMPLUG  06040000 VMW  00000001)
[    0.000000] ACPI: HPET 3feed6fa 00038 (v01 VMWARE VMW HPET 06040000 VMW  00000001)
[    0.000000] ACPI: WAET 3feed6d2 00028 (v01 VMWARE VMW WAET 06040000 VMW  00000001)
[    0.000000] ACPI: Local APIC address 0xfee00000
[    0.000000] 134MB HIGHMEM available.
[    0.000000] 889MB LOWMEM available.
[    0.000000]   mapped low ram: 0 - 379fe000
[    0.000000]   low ram: 0 - 379fe000
[    0.000000]   node 0 low ram: 00000000 - 379fe000
[    0.000000]   node 0 bootmap 00012000 - 00018f40
[    0.000000] (9 early reservations) ==> bootmem [0000000000 - 00379fe000]
[    0.000000]   #0 [0000000000 - 0000001000]   BIOS data page ==> [0000000000 - 0000001000]
[    0.000000]   #1 [0000001000 - 0000002000]    EX TRAMPOLINE ==> [0000001000 - 0000002000]
[    0.000000]   #2 [0000006000 - 0000007000]       TRAMPOLINE ==> [0000006000 - 0000007000]
[    0.000000]   #3 [0001000000 - 0001a75ff8]    TEXT DATA BSS ==> [0001000000 - 0001a75ff8]
[    0.000000]   #4 [002dcfc000 - 0032e758c3]          RAMDISK ==> [002dcfc000 - 0032e758c3]
[    0.000000]   #5 [000009f000 - 0000100000]    BIOS reserved ==> [000009f000 - 0000100000]
[    0.000000]   #6 [0001a76000 - 0001a851c0]              BRK ==> [0001a76000 - 0001a851c0]
[    0.000000]   #7 [0000010000 - 0000012000]          PGTABLE ==> [0000010000 - 0000012000]
[    0.000000]   #8 [0000012000 - 0000019000]          BOOTMAP ==> [0000012000 - 0000019000]
[    0.000000] found SMP MP-table at [c00f6bf0] f6bf0
[    0.000000] Zone PFN ranges:
[    0.000000]   DMA      0x00000010 -> 0x00001000
[    0.000000]   Normal   0x00001000 -> 0x000379fe
[    0.000000]   HighMem  0x000379fe -> 0x00040000
[    0.000000] Movable zone start PFN for each node
[    0.000000] early_node_map[3] active PFN ranges
[    0.000000]     0: 0x00000010 -> 0x0000009f
[    0.000000]     0: 0x00000100 -> 0x0003fee0
[    0.000000]     0: 0x0003ff00 -> 0x00040000
[    0.000000] On node 0 totalpages: 261999
[    0.000000] free_area_init_node: node 0, pgdat c1715200, node_mem_map c1a87200
[    0.000000]   DMA zone: 32 pages used for memmap
[    0.000000]   DMA zone: 0 pages reserved
[    0.000000]   DMA zone: 3951 pages, LIFO batch:0
[    0.000000]   Normal zone: 1748 pages used for memmap
[    0.000000]   Normal zone: 221994 pages, LIFO batch:31
[    0.000000]   HighMem zone: 269 pages used for memmap
[    0.000000]   HighMem zone: 34005 pages, LIFO batch:7
[    0.000000] Using APIC driver default
[    0.000000] ACPI: PM-Timer IO Port: 0x1008
[    0.000000] ACPI: Local APIC address 0xfee00000
[    0.000000] ACPI: LAPIC (acpi_id[0x00] lapic_id[0x00] enabled)
[    0.000000] ACPI: LAPIC (acpi_id[0x01] lapic_id[0x02] disabled)
[    0.000000] ACPI: LAPIC (acpi_id[0x02] lapic_id[0x04] disabled)
[    0.000000] ACPI: LAPIC (acpi_id[0x03] lapic_id[0x06] disabled)
[    0.000000] ACPI: LAPIC (acpi_id[0x04] lapic_id[0x08] disabled)
[    0.000000] ACPI: LAPIC (acpi_id[0x05] lapic_id[0x0a] disabled)
[    0.000000] ACPI: LAPIC (acpi_id[0x06] lapic_id[0x0c] disabled)
[    0.000000] ACPI: LAPIC (acpi_id[0x07] lapic_id[0x0e] disabled)
[    0.000000] ACPI: LAPIC (acpi_id[0x08] lapic_id[0x10] disabled)
[    0.000000] ACPI: LAPIC (acpi_id[0x09] lapic_id[0x12] disabled)
[    0.000000] ACPI: LAPIC (acpi_id[0x0a] lapic_id[0x14] disabled)
[    0.000000] ACPI: LAPIC (acpi_id[0x0b] lapic_id[0x16] disabled)
[    0.000000] ACPI: LAPIC (acpi_id[0x0c] lapic_id[0x18] disabled)
[    0.000000] ACPI: LAPIC (acpi_id[0x0d] lapic_id[0x1a] disabled)
[    0.000000] ACPI: LAPIC (acpi_id[0x0e] lapic_id[0x1c] disabled)
[    0.000000] ACPI: LAPIC (acpi_id[0x0f] lapic_id[0x1e] disabled)
[    0.000000] ACPI: LAPIC (acpi_id[0x10] lapic_id[0x20] disabled)
[    0.000000] ACPI: LAPIC (acpi_id[0x11] lapic_id[0x22] disabled)
[    0.000000] ACPI: LAPIC (acpi_id[0x12] lapic_id[0x24] disabled)
[    0.000000] ACPI: LAPIC (acpi_id[0x13] lapic_id[0x26] disabled)
[    0.000000] ACPI: LAPIC (acpi_id[0x14] lapic_id[0x28] disabled)
[    0.000000] ACPI: LAPIC (acpi_id[0x15] lapic_id[0x2a] disabled)
[    0.000000] ACPI: LAPIC (acpi_id[0x16] lapic_id[0x2c] disabled)
[    0.000000] ACPI: LAPIC (acpi_id[0x17] lapic_id[0x2e] disabled)
[    0.000000] ACPI: LAPIC (acpi_id[0x18] lapic_id[0x30] disabled)
[    0.000000] ACPI: LAPIC (acpi_id[0x19] lapic_id[0x32] disabled)
[    0.000000] ACPI: LAPIC (acpi_id[0x1a] lapic_id[0x34] disabled)
[    0.000000] ACPI: LAPIC (acpi_id[0x1b] lapic_id[0x36] disabled)
[    0.000000] ACPI: LAPIC (acpi_id[0x1c] lapic_id[0x38] disabled)
[    0.000000] ACPI: LAPIC (acpi_id[0x1d] lapic_id[0x3a] disabled)
[    0.000000] ACPI: LAPIC (acpi_id[0x1e] lapic_id[0x3c] disabled)
[    0.000000] ACPI: LAPIC (acpi_id[0x1f] lapic_id[0x3e] disabled)
[    0.000000] ACPI: LAPIC (acpi_id[0x20] lapic_id[0x40] disabled)
[    0.000000] ACPI: LAPIC (acpi_id[0x21] lapic_id[0x42] disabled)
[    0.000000] ACPI: LAPIC (acpi_id[0x22] lapic_id[0x44] disabled)
[    0.000000] ACPI: LAPIC (acpi_id[0x23] lapic_id[0x46] disabled)
[    0.000000] ACPI: LAPIC (acpi_id[0x24] lapic_id[0x48] disabled)
[    0.000000] ACPI: LAPIC (acpi_id[0x25] lapic_id[0x4a] disabled)
[    0.000000] ACPI: LAPIC (acpi_id[0x26] lapic_id[0x4c] disabled)
[    0.000000] ACPI: LAPIC (acpi_id[0x27] lapic_id[0x4e] disabled)
[    0.000000] ACPI: LAPIC (acpi_id[0x28] lapic_id[0x50] disabled)
[    0.000000] ACPI: LAPIC (acpi_id[0x29] lapic_id[0x52] disabled)
[    0.000000] ACPI: LAPIC (acpi_id[0x2a] lapic_id[0x54] disabled)
[    0.000000] ACPI: LAPIC (acpi_id[0x2b] lapic_id[0x56] disabled)
[    0.000000] ACPI: LAPIC (acpi_id[0x2c] lapic_id[0x58] disabled)
[    0.000000] ACPI: LAPIC (acpi_id[0x2d] lapic_id[0x5a] disabled)
[    0.000000] ACPI: LAPIC (acpi_id[0x2e] lapic_id[0x5c] disabled)
[    0.000000] ACPI: LAPIC (acpi_id[0x2f] lapic_id[0x5e] disabled)
[    0.000000] ACPI: LAPIC (acpi_id[0x30] lapic_id[0x60] disabled)
[    0.000000] ACPI: LAPIC (acpi_id[0x31] lapic_id[0x62] disabled)
[    0.000000] ACPI: LAPIC (acpi_id[0x32] lapic_id[0x64] disabled)
[    0.000000] ACPI: LAPIC (acpi_id[0x33] lapic_id[0x66] disabled)
[    0.000000] ACPI: LAPIC (acpi_id[0x34] lapic_id[0x68] disabled)
[    0.000000] ACPI: LAPIC (acpi_id[0x35] lapic_id[0x6a] disabled)
[    0.000000] ACPI: LAPIC (acpi_id[0x36] lapic_id[0x6c] disabled)
[    0.000000] ACPI: LAPIC (acpi_id[0x37] lapic_id[0x6e] disabled)
[    0.000000] ACPI: LAPIC (acpi_id[0x38] lapic_id[0x70] disabled)
[    0.000000] ACPI: LAPIC (acpi_id[0x39] lapic_id[0x72] disabled)
[    0.000000] ACPI: LAPIC (acpi_id[0x3a] lapic_id[0x74] disabled)
[    0.000000] ACPI: LAPIC (acpi_id[0x3b] lapic_id[0x76] disabled)
[    0.000000] ACPI: LAPIC (acpi_id[0x3c] lapic_id[0x78] disabled)
[    0.000000] ACPI: LAPIC (acpi_id[0x3d] lapic_id[0x7a] disabled)
[    0.000000] ACPI: LAPIC (acpi_id[0x3e] lapic_id[0x7c] disabled)
[    0.000000] ACPI: LAPIC (acpi_id[0x3f] lapic_id[0x7e] disabled)
[    0.000000] ACPI: LAPIC_NMI (acpi_id[0x00] high edge lint[0x1])
[    0.000000] ACPI: LAPIC_NMI (acpi_id[0x01] high edge lint[0x1])
[    0.000000] ACPI: LAPIC_NMI (acpi_id[0x02] high edge lint[0x1])
[    0.000000] ACPI: LAPIC_NMI (acpi_id[0x03] high edge lint[0x1])
[    0.000000] ACPI: LAPIC_NMI (acpi_id[0x04] high edge lint[0x1])
[    0.000000] ACPI: LAPIC_NMI (acpi_id[0x05] high edge lint[0x1])
[    0.000000] ACPI: LAPIC_NMI (acpi_id[0x06] high edge lint[0x1])
[    0.000000] ACPI: LAPIC_NMI (acpi_id[0x07] high edge lint[0x1])
[    0.000000] ACPI: LAPIC_NMI (acpi_id[0x08] high edge lint[0x1])
[    0.000000] ACPI: LAPIC_NMI (acpi_id[0x09] high edge lint[0x1])
[    0.000000] ACPI: LAPIC_NMI (acpi_id[0x0a] high edge lint[0x1])
[    0.000000] ACPI: LAPIC_NMI (acpi_id[0x0b] high edge lint[0x1])
[    0.000000] ACPI: LAPIC_NMI (acpi_id[0x0c] high edge lint[0x1])
[    0.000000] ACPI: LAPIC_NMI (acpi_id[0x0d] high edge lint[0x1])
[    0.000000] ACPI: LAPIC_NMI (acpi_id[0x0e] high edge lint[0x1])
[    0.000000] ACPI: LAPIC_NMI (acpi_id[0x0f] high edge lint[0x1])
[    0.000000] ACPI: LAPIC_NMI (acpi_id[0x10] high edge lint[0x1])
[    0.000000] ACPI: LAPIC_NMI (acpi_id[0x11] high edge lint[0x1])
[    0.000000] ACPI: LAPIC_NMI (acpi_id[0x12] high edge lint[0x1])
[    0.000000] ACPI: LAPIC_NMI (acpi_id[0x13] high edge lint[0x1])
[    0.000000] ACPI: LAPIC_NMI (acpi_id[0x14] high edge lint[0x1])
[    0.000000] ACPI: LAPIC_NMI (acpi_id[0x15] high edge lint[0x1])
[    0.000000] ACPI: LAPIC_NMI (acpi_id[0x16] high edge lint[0x1])
[    0.000000] ACPI: LAPIC_NMI (acpi_id[0x17] high edge lint[0x1])
[    0.000000] ACPI: LAPIC_NMI (acpi_id[0x18] high edge lint[0x1])
[    0.000000] ACPI: LAPIC_NMI (acpi_id[0x19] high edge lint[0x1])
[    0.000000] ACPI: LAPIC_NMI (acpi_id[0x1a] high edge lint[0x1])
[    0.000000] ACPI: LAPIC_NMI (acpi_id[0x1b] high edge lint[0x1])
[    0.000000] ACPI: LAPIC_NMI (acpi_id[0x1c] high edge lint[0x1])
[    0.000000] ACPI: LAPIC_NMI (acpi_id[0x1d] high edge lint[0x1])
[    0.000000] ACPI: LAPIC_NMI (acpi_id[0x1e] high edge lint[0x1])
[    0.000000] ACPI: LAPIC_NMI (acpi_id[0x1f] high edge lint[0x1])
[    0.000000] ACPI: LAPIC_NMI (acpi_id[0x20] high edge lint[0x1])
[    0.000000] ACPI: LAPIC_NMI (acpi_id[0x21] high edge lint[0x1])
[    0.000000] ACPI: LAPIC_NMI (acpi_id[0x22] high edge lint[0x1])
[    0.000000] ACPI: LAPIC_NMI (acpi_id[0x23] high edge lint[0x1])
[    0.000000] ACPI: LAPIC_NMI (acpi_id[0x24] high edge lint[0x1])
[    0.000000] ACPI: LAPIC_NMI (acpi_id[0x25] high edge lint[0x1])
[    0.000000] ACPI: LAPIC_NMI (acpi_id[0x26] high edge lint[0x1])
[    0.000000] ACPI: LAPIC_NMI (acpi_id[0x27] high edge lint[0x1])
[    0.000000] ACPI: LAPIC_NMI (acpi_id[0x28] high edge lint[0x1])
[    0.000000] ACPI: LAPIC_NMI (acpi_id[0x29] high edge lint[0x1])
[    0.000000] ACPI: LAPIC_NMI (acpi_id[0x2a] high edge lint[0x1])
[    0.000000] ACPI: LAPIC_NMI (acpi_id[0x2b] high edge lint[0x1])
[    0.000000] ACPI: LAPIC_NMI (acpi_id[0x2c] high edge lint[0x1])
[    0.000000] ACPI: LAPIC_NMI (acpi_id[0x2d] high edge lint[0x1])
[    0.000000] ACPI: LAPIC_NMI (acpi_id[0x2e] high edge lint[0x1])
[    0.000000] ACPI: LAPIC_NMI (acpi_id[0x2f] high edge lint[0x1])
[    0.000000] ACPI: LAPIC_NMI (acpi_id[0x30] high edge lint[0x1])
[    0.000000] ACPI: LAPIC_NMI (acpi_id[0x31] high edge lint[0x1])
[    0.000000] ACPI: LAPIC_NMI (acpi_id[0x32] high edge lint[0x1])
[    0.000000] ACPI: LAPIC_NMI (acpi_id[0x33] high edge lint[0x1])
[    0.000000] ACPI: LAPIC_NMI (acpi_id[0x34] high edge lint[0x1])
[    0.000000] ACPI: LAPIC_NMI (acpi_id[0x35] high edge lint[0x1])
[    0.000000] ACPI: LAPIC_NMI (acpi_id[0x36] high edge lint[0x1])
[    0.000000] ACPI: LAPIC_NMI (acpi_id[0x37] high edge lint[0x1])
[    0.000000] ACPI: LAPIC_NMI (acpi_id[0x38] high edge lint[0x1])
[    0.000000] ACPI: LAPIC_NMI (acpi_id[0x39] high edge lint[0x1])
[    0.000000] ACPI: LAPIC_NMI (acpi_id[0x3a] high edge lint[0x1])
[    0.000000] ACPI: LAPIC_NMI (acpi_id[0x3b] high edge lint[0x1])
[    0.000000] ACPI: LAPIC_NMI (acpi_id[0x3c] high edge lint[0x1])
[    0.000000] ACPI: LAPIC_NMI (acpi_id[0x3d] high edge lint[0x1])
[    0.000000] ACPI: LAPIC_NMI (acpi_id[0x3e] high edge lint[0x1])
[    0.000000] ACPI: LAPIC_NMI (acpi_id[0x3f] high edge lint[0x1])
[    0.000000] ACPI: Skipping IOAPIC probe due to 'noapic' option.
[    0.000000] Using ACPI for processor (LAPIC) configuration information
[    0.000000] ACPI: HPET id: 0x8086af01 base: 0xfed00000
[    0.000000] Intel MultiProcessor Specification v1.4
[    0.000000]     Virtual Wire compatibility mode.
[    0.000000] MPTABLE: OEM ID: INTEL   
[    0.000000] MPTABLE: Product ID: 440BX       
[    0.000000] MPTABLE: APIC at: 0xFEE00000
[    0.000000] I/O APIC #1 Version 17 at 0xFEC00000.
[    0.000000] Processors: 1
[    0.000000] 64 Processors exceeds NR_CPUS limit of 8
[    0.000000] SMP: Allowing 8 CPUs, 7 hotplug CPUs
[    0.000000] nr_irqs_gsi: 24
[    0.000000] PM: Registered nosave memory: 000000000009f000 - 00000000000a0000
[    0.000000] PM: Registered nosave memory: 00000000000a0000 - 00000000000ca000
[    0.000000] PM: Registered nosave memory: 00000000000ca000 - 00000000000cc000
[    0.000000] PM: Registered nosave memory: 00000000000cc000 - 00000000000dc000
[    0.000000] PM: Registered nosave memory: 00000000000dc000 - 0000000000100000
[    0.000000] Allocating PCI resources starting at 40000000 (gap: 40000000:a0000000)
[    0.000000] Booting paravirtualized kernel on bare hardware
[    0.000000] NR_CPUS:8 nr_cpumask_bits:8 nr_cpu_ids:8 nr_node_ids:1
[    0.000000] PERCPU: Embedded 15 pages/cpu @c2400000 s39320 r0 d22120 u262144
[    0.000000] pcpu-alloc: s39320 r0 d22120 u262144 alloc=1*2097152
[    0.000000] pcpu-alloc: [0] 0 1 2 3 4 5 6 7 
[    0.000000] Built 1 zonelists in Zone order, mobility grouping on.  Total pages: 259950
[    0.000000] Kernel command line: BOOT_IMAGE=/boot/vmlinuz-2.6.32.57 root=UUID=007b598c-390d-4c65-84a1-4ff752d48633 ro quiet splash maxcpus=0
[    0.000000] PID hash table entries: 4096 (order: 2, 16384 bytes)
[    0.000000] Dentry cache hash table entries: 131072 (order: 7, 524288 bytes)
[    0.000000] Inode-cache hash table entries: 65536 (order: 6, 262144 bytes)
[    0.000000] Enabling fast FPU save and restore... done.
[    0.000000] Enabling unmasked SIMD FPU exception support... done.
[    0.000000] Initializing CPU#0
[    0.000000] xsave/xrstor: enabled xstate_bv 0x7, cntxt size 0x340
[    0.000000] allocated 5242560 bytes of page_cgroup
[    0.000000] please try 'cgroup_disable=memory' option if you don't want memory cgroups
[    0.000000] Initializing HighMem for node 0 (000379fe:00040000)
[    0.000000] Memory: 938260k/1048576k available (4839k kernel code, 108848k reserved, 2518k data, 652k init, 137096k highmem)
[    0.000000] virtual kernel memory layout:
[    0.000000]     fixmap  : 0xfff1e000 - 0xfffff000   ( 900 kB)
[    0.000000]     pkmap   : 0xffa00000 - 0xffc00000   (2048 kB)
[    0.000000]     vmalloc : 0xf81fe000 - 0xff9fe000   ( 120 MB)
[    0.000000]     lowmem  : 0xc0000000 - 0xf79fe000   ( 889 MB)
[    0.000000]       .init : 0xc1730000 - 0xc17d3000   ( 652 kB)
[    0.000000]       .data : 0xc14b9cce - 0xc172f764   (2518 kB)
[    0.000000]       .text : 0xc1000000 - 0xc14b9cce   (4839 kB)
[    0.000000] Checking if this processor honours the WP bit even in supervisor mode...Ok.
[    0.000000] SLUB: Genslabs=13, HWalign=64, Order=0-3, MinObjects=0, CPUs=8, Nodes=1
[    0.000000] Hierarchical RCU implementation.
[    0.000000] NR_IRQS:2304 nr_irqs:472
[    0.000000] Extended CMOS year: 2000
[    0.000000] Console: colour VGA+ 80x25
[    0.000000] console [tty0] enabled
[    0.000000] hpet clockevent registered
[    0.000000] TSC freq read from hypervisor : 2394.620 MHz
[    0.000000] Detected 2394.620 MHz processor.
[    0.000002] Calibrating delay loop (skipped) preset value.. 4789.24 BogoMIPS (lpj=9578480)
[    0.000011] Security Framework initialized
[    0.000014] SELinux:  Disabled at boot.
[    0.000018] Mount-cache hash table entries: 512
[    0.000114] Initializing cgroup subsys cpuacct
[    0.000117] Initializing cgroup subsys memory
[    0.000120] Initializing cgroup subsys devices
[    0.000122] Initializing cgroup subsys freezer
[    0.000148] CPU: Physical Processor ID: 0
[    0.000154] CPU: L1 I cache: 32K, L1 D cache: 32K
[    0.000156] CPU: L2 cache: 256K
[    0.000157] CPU: L3 cache: 4096K
[    0.000162] mce: CPU supports 0 MCE banks
[    0.000173] Performance Events: no PMU driver, software events only.
[    0.000183] Checking 'hlt' instruction... OK.
[    0.018044] SMP alternatives: switching to UP code
[    0.032214] ACPI: Core revision 20090903
[    0.038355] ACPI: setting ELCR to 0200 (from 0e20)
[    0.039363] ftrace: converting mcount calls to 0f 1f 44 00 00
[    0.039369] ftrace: allocating 22631 entries in 45 pages
[    0.057615] CANARY value: fcca12bf for PID: 1
[    0.057646] Not enabling x2apic, Intr-remapping init failed.
[    0.057647] Enabling APIC mode:  Flat.  Using 1 I/O APICs
[    0.057655] SMP mode deactivated.
[    0.057679] SMP disabled
[    0.057733] Brought up 1 CPUs
[    0.057734] Total of 1 processors activated (4789.24 BogoMIPS).
[    0.057738] CPU0 attaching NULL sched-domain.
[    0.057806] devtmpfs: initialized
[    0.057911] sysctl table check failed: /kernel/random/now_input .1.40.7 Unknown sysctl binary path
[    0.058152] Pid: 1, comm: swapper Not tainted 2.6.32.57 #4
[    0.058153] Call Trace:
[    0.058158]  [<c14a8a0e>] ? printk+0x1d/0x1f
[    0.058161]  [<c107b56f>] set_fail+0x4f/0x60
[    0.058163]  [<c107b8b3>] sysctl_check_table+0x333/0x620
[    0.058165]  [<c107b8cc>] sysctl_check_table+0x34c/0x620
[    0.058167]  [<c107b8cc>] sysctl_check_table+0x34c/0x620
[    0.058170]  [<c1746d48>] sysctl_init+0x25/0x29
[    0.058173]  [<c1003042>] do_one_initcall+0x32/0x1a0
[    0.058175]  [<c1746d23>] ? sysctl_init+0x0/0x29
[    0.058177]  [<c17308e7>] kernel_init+0x12d/0x17a
[    0.058179]  [<c17307ba>] ? kernel_init+0x0/0x17a
[    0.058181]  [<c1009b07>] kernel_thread_helper+0x7/0x10
[    0.058182] sysctl table check failed: /kernel/random/now_blocking .1.40.8 Unknown sysctl binary path
[    0.058414] Pid: 1, comm: swapper Not tainted 2.6.32.57 #4
[    0.058415] Call Trace:
[    0.058417]  [<c14a8a0e>] ? printk+0x1d/0x1f
[    0.058418]  [<c107b56f>] set_fail+0x4f/0x60
[    0.058420]  [<c107b8b3>] sysctl_check_table+0x333/0x620
[    0.058422]  [<c107b8cc>] sysctl_check_table+0x34c/0x620
[    0.058423]  [<c107b8cc>] sysctl_check_table+0x34c/0x620
[    0.058425]  [<c1746d48>] sysctl_init+0x25/0x29
[    0.058427]  [<c1003042>] do_one_initcall+0x32/0x1a0
[    0.058429]  [<c1746d23>] ? sysctl_init+0x0/0x29
[    0.058430]  [<c17308e7>] kernel_init+0x12d/0x17a
[    0.058432]  [<c17307ba>] ? kernel_init+0x0/0x17a
[    0.058434]  [<c1009b07>] kernel_thread_helper+0x7/0x10
[    0.058435] sysctl table check failed: /kernel/random/now_nonblocking .1.40.9 Unknown sysctl binary path
[    0.058713] Pid: 1, comm: swapper Not tainted 2.6.32.57 #4
[    0.058713] Call Trace:
[    0.058715]  [<c14a8a0e>] ? printk+0x1d/0x1f
[    0.058717]  [<c107b56f>] set_fail+0x4f/0x60
[    0.058718]  [<c107b8b3>] sysctl_check_table+0x333/0x620
[    0.058720]  [<c107b8cc>] sysctl_check_table+0x34c/0x620
[    0.058721]  [<c107b8cc>] sysctl_check_table+0x34c/0x620
[    0.058724]  [<c1746d48>] sysctl_init+0x25/0x29
[    0.058725]  [<c1003042>] do_one_initcall+0x32/0x1a0
[    0.058727]  [<c1746d23>] ? sysctl_init+0x0/0x29
[    0.058729]  [<c17308e7>] kernel_init+0x12d/0x17a
[    0.058730]  [<c17307ba>] ? kernel_init+0x0/0x17a
[    0.058732]  [<c1009b07>] kernel_thread_helper+0x7/0x10
[    0.058733] sysctl table check failed: /kernel/random/nb_input_bytes .1.40.10 Unknown sysctl binary path
[    0.058964] Pid: 1, comm: swapper Not tainted 2.6.32.57 #4
[    0.058964] Call Trace:
[    0.058966]  [<c14a8a0e>] ? printk+0x1d/0x1f
[    0.058967]  [<c107b56f>] set_fail+0x4f/0x60
[    0.058969]  [<c107b8b3>] sysctl_check_table+0x333/0x620
[    0.058970]  [<c107b8cc>] sysctl_check_table+0x34c/0x620
[    0.058972]  [<c107b8cc>] sysctl_check_table+0x34c/0x620
[    0.058974]  [<c1746d48>] sysctl_init+0x25/0x29
[    0.058975]  [<c1003042>] do_one_initcall+0x32/0x1a0
[    0.058977]  [<c1746d23>] ? sysctl_init+0x0/0x29
[    0.058979]  [<c17308e7>] kernel_init+0x12d/0x17a
[    0.058980]  [<c17307ba>] ? kernel_init+0x0/0x17a
[    0.058982]  [<c1009b07>] kernel_thread_helper+0x7/0x10
[    0.058983] sysctl table check failed: /kernel/random/nb_stir_count .1.40.11 Unknown sysctl binary path
[    0.059213] Pid: 1, comm: swapper Not tainted 2.6.32.57 #4
[    0.059213] Call Trace:
[    0.059215]  [<c14a8a0e>] ? printk+0x1d/0x1f
[    0.059216]  [<c107b56f>] set_fail+0x4f/0x60
[    0.059218]  [<c107b8b3>] sysctl_check_table+0x333/0x620
[    0.059219]  [<c107b8cc>] sysctl_check_table+0x34c/0x620
[    0.059221]  [<c107b8cc>] sysctl_check_table+0x34c/0x620
[    0.059223]  [<c1746d48>] sysctl_init+0x25/0x29
[    0.059224]  [<c1003042>] do_one_initcall+0x32/0x1a0
[    0.059227]  [<c1746d23>] ? sysctl_init+0x0/0x29
[    0.059228]  [<c17308e7>] kernel_init+0x12d/0x17a
[    0.059229]  [<c17307ba>] ? kernel_init+0x0/0x17a
[    0.059231]  [<c1009b07>] kernel_thread_helper+0x7/0x10
[    0.059232] sysctl table check failed: /kernel/random/nb_reentry_count .1.40.12 Unknown sysctl binary path
[    0.059502] Pid: 1, comm: swapper Not tainted 2.6.32.57 #4
[    0.059503] Call Trace:
[    0.059505]  [<c14a8a0e>] ? printk+0x1d/0x1f
[    0.059507]  [<c107b56f>] set_fail+0x4f/0x60
[    0.059508]  [<c107b8b3>] sysctl_check_table+0x333/0x620
[    0.059510]  [<c107b8cc>] sysctl_check_table+0x34c/0x620
[    0.059511]  [<c107b8cc>] sysctl_check_table+0x34c/0x620
[    0.059514]  [<c1746d48>] sysctl_init+0x25/0x29
[    0.059525]  [<c1003042>] do_one_initcall+0x32/0x1a0
[    0.059536]  [<c1746d23>] ? sysctl_init+0x0/0x29
[    0.059538]  [<c17308e7>] kernel_init+0x12d/0x17a
[    0.059540]  [<c17307ba>] ? kernel_init+0x0/0x17a
[    0.059541]  [<c1009b07>] kernel_thread_helper+0x7/0x10
[    0.059667] RANDOM - __seed init called.
[    0.059667] RANDOM - __seed init called.
[    0.059668] RANDOM - __seed init called.
[    0.059669] RANDOM - __random32 called. Change num 1.  Value: 7576a435	efb61e22	b7f78320
[    0.059671] RANDOM - __random32 called. Change num 2.  Value: 6a43543e	fb61e228	6410973
[    0.059672] RANDOM - __random32 called. Change num 3.  Value: 3543e018	b61e228b	12e68928
[    0.059673] RANDOM - __random32 called. Change num 4.  Value: 3e018928	61e228b7	1250ba58
[    0.059675] RANDOM - __random32 called. Change num 5.  Value: 189281e4	1e228b73	74b01aad
[    0.059676] RANDOM - __random32 called. Change num 6.  Value: 281e4915	e228b733	355a2619
[    0.059677] RANDOM - random32 init called.  Value: 281e4915	e228b733	355a2619
[    0.059683] regulator: core version 0.5
[    0.059742] Time: 22:58:55  Date: 05/24/13
[    0.059777] NET: Registered protocol family 16
[    0.059838] EISA bus registered
[    0.060610] ACPI: bus type pci registered
[    0.060702] PCI: MCFG configuration 0: base e0000000 segment 0 buses 0 - 255
[    0.060704] PCI: MCFG area at e0000000 reserved in E820
[    0.060705] PCI: Using MMCONFIG for extended config space
[    0.060706] PCI: Using configuration type 1 for base access
[    0.061148] bio: create slab <bio-0> at 0
[    0.062332] ACPI: EC: Look up EC in DSDT
[    0.098671] ACPI: BIOS _OSI(Linux) query ignored
[    0.104364] ACPI: Interpreter enabled
[    0.104368] ACPI: (supports S0 S1 S4 S5)
[    0.104380] ACPI: Using PIC for interrupt routing
[    0.186634] ACPI: No dock devices found.
[    0.187434] ACPI: PCI Root Bridge [PCI0] (0000:00)
[    0.188937] pci 0000:00:07.1: reg 20 io port: [0x10c0-0x10cf]
[    0.189468] pci 0000:00:07.3: quirk: region 1000-103f claimed by PIIX4 ACPI
[    0.189479] pci 0000:00:07.3: quirk: region 1040-104f claimed by PIIX4 SMB
[    0.190005] pci 0000:00:07.7: reg 10 io port: [0x1080-0x10bf]
[    0.190464] pci 0000:00:07.7: reg 14 64bit mmio: [0xc8000000-0xc8001fff]
[    0.191613] pci 0000:00:0f.0: reg 10 io port: [0x10d0-0x10df]
[    0.191650] pci 0000:00:0f.0: reg 14 32bit mmio pref: [0xd0000000-0xd7ffffff]
[    0.191686] pci 0000:00:0f.0: reg 18 32bit mmio: [0xc8800000-0xc8ffffff]
[    0.191832] pci 0000:00:0f.0: reg 30 32bit mmio pref: [0x000000-0x007fff]
[    0.192335] pci 0000:00:10.0: reg 10 io port: [0x1400-0x14ff]
[    0.192704] pci 0000:00:10.0: reg 14 64bit mmio: [0xc8040000-0xc805ffff]
[    0.193047] pci 0000:00:10.0: reg 1c 64bit mmio: [0xc8020000-0xc803ffff]
[    0.193118] pci 0000:00:10.0: reg 30 32bit mmio pref: [0x000000-0x003fff]
[    0.194445] pci 0000:00:15.0: PME# supported from D0 D3hot D3cold
[    0.194465] pci 0000:00:15.0: PME# disabled
[    0.195259] pci 0000:00:15.1: PME# supported from D0 D3hot D3cold
[    0.195278] pci 0000:00:15.1: PME# disabled
[    0.196155] pci 0000:00:15.2: PME# supported from D0 D3hot D3cold
[    0.196175] pci 0000:00:15.2: PME# disabled
[    0.197031] pci 0000:00:15.3: PME# supported from D0 D3hot D3cold
[    0.197051] pci 0000:00:15.3: PME# disabled
[    0.197877] pci 0000:00:15.4: PME# supported from D0 D3hot D3cold
[    0.197896] pci 0000:00:15.4: PME# disabled
[    0.198712] pci 0000:00:15.5: PME# supported from D0 D3hot D3cold
[    0.198730] pci 0000:00:15.5: PME# disabled
[    0.199550] pci 0000:00:15.6: PME# supported from D0 D3hot D3cold
[    0.199569] pci 0000:00:15.6: PME# disabled
[    0.200414] pci 0000:00:15.7: PME# supported from D0 D3hot D3cold
[    0.200433] pci 0000:00:15.7: PME# disabled
[    0.201228] pci 0000:00:16.0: PME# supported from D0 D3hot D3cold
[    0.201247] pci 0000:00:16.0: PME# disabled
[    0.202072] pci 0000:00:16.1: PME# supported from D0 D3hot D3cold
[    0.202091] pci 0000:00:16.1: PME# disabled
[    0.202911] pci 0000:00:16.2: PME# supported from D0 D3hot D3cold
[    0.202930] pci 0000:00:16.2: PME# disabled
[    0.203758] pci 0000:00:16.3: PME# supported from D0 D3hot D3cold
[    0.203777] pci 0000:00:16.3: PME# disabled
[    0.204620] pci 0000:00:16.4: PME# supported from D0 D3hot D3cold
[    0.204638] pci 0000:00:16.4: PME# disabled
[    0.205471] pci 0000:00:16.5: PME# supported from D0 D3hot D3cold
[    0.205490] pci 0000:00:16.5: PME# disabled
[    0.206338] pci 0000:00:16.6: PME# supported from D0 D3hot D3cold
[    0.206366] pci 0000:00:16.6: PME# disabled
[    0.207182] pci 0000:00:16.7: PME# supported from D0 D3hot D3cold
[    0.207201] pci 0000:00:16.7: PME# disabled
[    0.208023] pci 0000:00:17.0: PME# supported from D0 D3hot D3cold
[    0.208051] pci 0000:00:17.0: PME# disabled
[    0.208884] pci 0000:00:17.1: PME# supported from D0 D3hot D3cold
[    0.208902] pci 0000:00:17.1: PME# disabled
[    0.209722] pci 0000:00:17.2: PME# supported from D0 D3hot D3cold
[    0.209740] pci 0000:00:17.2: PME# disabled
[    0.210582] pci 0000:00:17.3: PME# supported from D0 D3hot D3cold
[    0.210601] pci 0000:00:17.3: PME# disabled
[    0.211451] pci 0000:00:17.4: PME# supported from D0 D3hot D3cold
[    0.211470] pci 0000:00:17.4: PME# disabled
[    0.212297] pci 0000:00:17.5: PME# supported from D0 D3hot D3cold
[    0.212332] pci 0000:00:17.5: PME# disabled
[    0.213147] pci 0000:00:17.6: PME# supported from D0 D3hot D3cold
[    0.213174] pci 0000:00:17.6: PME# disabled
[    0.213995] pci 0000:00:17.7: PME# supported from D0 D3hot D3cold
[    0.214013] pci 0000:00:17.7: PME# disabled
[    0.214834] pci 0000:00:18.0: PME# supported from D0 D3hot D3cold
[    0.214852] pci 0000:00:18.0: PME# disabled
[    0.215713] pci 0000:00:18.1: PME# supported from D0 D3hot D3cold
[    0.215732] pci 0000:00:18.1: PME# disabled
[    0.216547] pci 0000:00:18.2: PME# supported from D0 D3hot D3cold
[    0.216566] pci 0000:00:18.2: PME# disabled
[    0.217400] pci 0000:00:18.3: PME# supported from D0 D3hot D3cold
[    0.217418] pci 0000:00:18.3: PME# disabled
[    0.218232] pci 0000:00:18.4: PME# supported from D0 D3hot D3cold
[    0.218250] pci 0000:00:18.4: PME# disabled
[    0.219090] pci 0000:00:18.5: PME# supported from D0 D3hot D3cold
[    0.219108] pci 0000:00:18.5: PME# disabled
[    0.219929] pci 0000:00:18.6: PME# supported from D0 D3hot D3cold
[    0.219948] pci 0000:00:18.6: PME# disabled
[    0.220779] pci 0000:00:18.7: PME# supported from D0 D3hot D3cold
[    0.220797] pci 0000:00:18.7: PME# disabled
[    0.221863] pci 0000:02:00.0: reg 20 io port: [0x20c0-0x20df]
[    0.222400] pci 0000:02:01.0: reg 10 io port: [0x2000-0x207f]
[    0.222648] pci 0000:02:01.0: reg 30 32bit mmio pref: [0x000000-0x00ffff]
[    0.223171] pci 0000:02:02.0: reg 10 io port: [0x2080-0x20bf]
[    0.223758] pci 0000:02:03.0: reg 10 32bit mmio: [0xc9000000-0xc9000fff]
[    0.224288] pci 0000:00:11.0: transparent bridge
[    0.224318] pci 0000:00:11.0: bridge io port: [0x2000-0x3fff]
[    0.224347] pci 0000:00:11.0: bridge 32bit mmio: [0xc9000000-0xca3fffff]
[    0.224383] pci 0000:00:11.0: bridge 64bit mmio pref: [0xd8400000-0xd89fffff]
[    0.224742] pci 0000:00:15.0: bridge io port: [0x4000-0x4fff]
[    0.224761] pci 0000:00:15.0: bridge 32bit mmio: [0xca400000-0xca4fffff]
[    0.224796] pci 0000:00:15.0: bridge 64bit mmio pref: [0xd8a00000-0xd8afffff]
[    0.225151] pci 0000:00:15.1: bridge io port: [0x8000-0x8fff]
[    0.225170] pci 0000:00:15.1: bridge 32bit mmio: [0xca800000-0xca8fffff]
[    0.225205] pci 0000:00:15.1: bridge 64bit mmio pref: [0xd8e00000-0xd8efffff]
[    0.225589] pci 0000:00:15.2: bridge io port: [0xc000-0xcfff]
[    0.225608] pci 0000:00:15.2: bridge 32bit mmio: [0xcac00000-0xcacfffff]
[    0.225643] pci 0000:00:15.2: bridge 64bit mmio pref: [0xd9200000-0xd92fffff]
[    0.226019] pci 0000:00:15.3: bridge 32bit mmio: [0xcb000000-0xcb0fffff]
[    0.226054] pci 0000:00:15.3: bridge 64bit mmio pref: [0xd9600000-0xd96fffff]
[    0.226463] pci 0000:00:15.4: bridge 32bit mmio: [0xcb400000-0xcb4fffff]
[    0.226499] pci 0000:00:15.4: bridge 64bit mmio pref: [0xd9a00000-0xd9afffff]
[    0.226871] pci 0000:00:15.5: bridge 32bit mmio: [0xcb800000-0xcb8fffff]
[    0.226907] pci 0000:00:15.5: bridge 64bit mmio pref: [0xd9e00000-0xd9efffff]
[    0.227283] pci 0000:00:15.6: bridge 32bit mmio: [0xcbc00000-0xcbcfffff]
[    0.227338] pci 0000:00:15.6: bridge 64bit mmio pref: [0xda200000-0xda2fffff]
[    0.227720] pci 0000:00:15.7: bridge 32bit mmio: [0xcc000000-0xcc0fffff]
[    0.227756] pci 0000:00:15.7: bridge 64bit mmio pref: [0xda600000-0xda6fffff]
[    0.228110] pci 0000:00:16.0: bridge io port: [0x5000-0x5fff]
[    0.228128] pci 0000:00:16.0: bridge 32bit mmio: [0xca500000-0xca5fffff]
[    0.228164] pci 0000:00:16.0: bridge 64bit mmio pref: [0xd8b00000-0xd8bfffff]
[    0.228543] pci 0000:00:16.1: bridge io port: [0x9000-0x9fff]
[    0.228561] pci 0000:00:16.1: bridge 32bit mmio: [0xca900000-0xca9fffff]
[    0.228597] pci 0000:00:16.1: bridge 64bit mmio pref: [0xd8f00000-0xd8ffffff]
[    0.228954] pci 0000:00:16.2: bridge io port: [0xd000-0xdfff]
[    0.228973] pci 0000:00:16.2: bridge 32bit mmio: [0xcad00000-0xcadfffff]
[    0.229008] pci 0000:00:16.2: bridge 64bit mmio pref: [0xd9300000-0xd93fffff]
[    0.229409] pci 0000:00:16.3: bridge 32bit mmio: [0xcb100000-0xcb1fffff]
[    0.229445] pci 0000:00:16.3: bridge 64bit mmio pref: [0xd9700000-0xd97fffff]
[    0.229919] pci 0000:00:16.4: bridge 32bit mmio: [0xcb500000-0xcb5fffff]
[    0.229955] pci 0000:00:16.4: bridge 64bit mmio pref: [0xd9b00000-0xd9bfffff]
[    0.230355] pci 0000:00:16.5: bridge 32bit mmio: [0xcb900000-0xcb9fffff]
[    0.230391] pci 0000:00:16.5: bridge 64bit mmio pref: [0xd9f00000-0xd9ffffff]
[    0.230760] pci 0000:00:16.6: bridge 32bit mmio: [0xcbd00000-0xcbdfffff]
[    0.230796] pci 0000:00:16.6: bridge 64bit mmio pref: [0xda300000-0xda3fffff]
[    0.231164] pci 0000:00:16.7: bridge 32bit mmio: [0xcc100000-0xcc1fffff]
[    0.231200] pci 0000:00:16.7: bridge 64bit mmio pref: [0xda700000-0xda7fffff]
[    0.231577] pci 0000:00:17.0: bridge io port: [0x6000-0x6fff]
[    0.231596] pci 0000:00:17.0: bridge 32bit mmio: [0xca600000-0xca6fffff]
[    0.231631] pci 0000:00:17.0: bridge 64bit mmio pref: [0xd8c00000-0xd8cfffff]
[    0.231995] pci 0000:00:17.1: bridge io port: [0xa000-0xafff]
[    0.232014] pci 0000:00:17.1: bridge 32bit mmio: [0xcaa00000-0xcaafffff]
[    0.232049] pci 0000:00:17.1: bridge 64bit mmio pref: [0xd9000000-0xd90fffff]
[    0.232421] pci 0000:00:17.2: bridge io port: [0xe000-0xefff]
[    0.232440] pci 0000:00:17.2: bridge 32bit mmio: [0xcae00000-0xcaefffff]
[    0.232475] pci 0000:00:17.2: bridge 64bit mmio pref: [0xd9400000-0xd94fffff]
[    0.232849] pci 0000:00:17.3: bridge 32bit mmio: [0xcb200000-0xcb2fffff]
[    0.232885] pci 0000:00:17.3: bridge 64bit mmio pref: [0xd9800000-0xd98fffff]
[    0.233254] pci 0000:00:17.4: bridge 32bit mmio: [0xcb600000-0xcb6fffff]
[    0.233301] pci 0000:00:17.4: bridge 64bit mmio pref: [0xd9c00000-0xd9cfffff]
[    0.233678] pci 0000:00:17.5: bridge 32bit mmio: [0xcba00000-0xcbafffff]
[    0.233730] pci 0000:00:17.5: bridge 64bit mmio pref: [0xda000000-0xda0fffff]
[    0.234141] pci 0000:00:17.6: bridge 32bit mmio: [0xcbe00000-0xcbefffff]
[    0.234177] pci 0000:00:17.6: bridge 64bit mmio pref: [0xda400000-0xda4fffff]
[    0.234596] pci 0000:00:17.7: bridge 32bit mmio: [0xcc200000-0xcc2fffff]
[    0.234633] pci 0000:00:17.7: bridge 64bit mmio pref: [0xda800000-0xda8fffff]
[    0.235001] pci 0000:00:18.0: bridge io port: [0x7000-0x7fff]
[    0.235020] pci 0000:00:18.0: bridge 32bit mmio: [0xca700000-0xca7fffff]
[    0.235055] pci 0000:00:18.0: bridge 64bit mmio pref: [0xd8d00000-0xd8dfffff]
[    0.235465] pci 0000:00:18.1: bridge io port: [0xb000-0xbfff]
[    0.235484] pci 0000:00:18.1: bridge 32bit mmio: [0xcab00000-0xcabfffff]
[    0.235520] pci 0000:00:18.1: bridge 64bit mmio pref: [0xd9100000-0xd91fffff]
[    0.235887] pci 0000:00:18.2: bridge io port: [0xf000-0xffff]
[    0.235906] pci 0000:00:18.2: bridge 32bit mmio: [0xcaf00000-0xcaffffff]
[    0.235941] pci 0000:00:18.2: bridge 64bit mmio pref: [0xd9500000-0xd95fffff]
[    0.236339] pci 0000:00:18.3: bridge 32bit mmio: [0xcb300000-0xcb3fffff]
[    0.236375] pci 0000:00:18.3: bridge 64bit mmio pref: [0xd9900000-0xd99fffff]
[    0.236744] pci 0000:00:18.4: bridge 32bit mmio: [0xcb700000-0xcb7fffff]
[    0.236780] pci 0000:00:18.4: bridge 64bit mmio pref: [0xd9d00000-0xd9dfffff]
[    0.237149] pci 0000:00:18.5: bridge 32bit mmio: [0xcbb00000-0xcbbfffff]
[    0.237185] pci 0000:00:18.5: bridge 64bit mmio pref: [0xda100000-0xda1fffff]
[    0.237578] pci 0000:00:18.6: bridge 32bit mmio: [0xcbf00000-0xcbffffff]
[    0.237614] pci 0000:00:18.6: bridge 64bit mmio pref: [0xda500000-0xda5fffff]
[    0.237983] pci 0000:00:18.7: bridge 32bit mmio: [0xcc300000-0xcc3fffff]
[    0.238018] pci 0000:00:18.7: bridge 64bit mmio pref: [0xda900000-0xda9fffff]
[    0.240028] pci_bus 0000:00: on NUMA node 0
[    0.240034] ACPI: PCI Interrupt Routing Table [\_SB_.PCI0._PRT]
[    0.458582] ACPI: PCI Interrupt Link [LNKA] (IRQs 3 4 5 6 7 *9 10 11 14 15)
[    0.458737] ACPI: PCI Interrupt Link [LNKB] (IRQs 3 4 5 6 7 9 10 *11 14 15)
[    0.458888] ACPI: PCI Interrupt Link [LNKC] (IRQs 3 4 5 6 7 9 *10 11 14 15)
[    0.459048] ACPI: PCI Interrupt Link [LNKD] (IRQs 3 4 *5 6 7 9 10 11 14 15)
[    0.459183] vgaarb: device added: PCI:0000:00:0f.0,decodes=io+mem,owns=io+mem,locks=none
[    0.459193] vgaarb: loaded
[    0.459283] SCSI subsystem initialized
[    0.459329] libata version 3.00 loaded.
[    0.459368] usbcore: registered new interface driver usbfs
[    0.459380] usbcore: registered new interface driver hub
[    0.459396] usbcore: registered new device driver usb
[    0.459464] PCI: Using ACPI for IRQ routing
[    0.460433] NetLabel: Initializing
[    0.460434] NetLabel:  domain hash size = 128
[    0.460435] NetLabel:  protocols = UNLABELED CIPSOv4
[    0.460442] NetLabel:  unlabeled traffic allowed by default
[    0.460475] hpet0: at MMIO 0xfed00000, IRQs 2, 8, 0, 0, 0, 0, 0, 0, 0, 0, 0, 0, 0, 0, 0, 0
[    0.460481] hpet0: 16 comparators, 64-bit 14.318180 MHz counter
[    0.462499] Switching to clocksource tsc
[    0.469442] pnp: PnP ACPI init
[    0.469451] ACPI: bus type pnp registered
[    0.510325] pnp: PnP ACPI: found 14 devices
[    0.510328] ACPI: ACPI bus type pnp unregistered
[    0.510330] PnPBIOS: Disabled by ACPI PNP
[    0.510340] system 00:01: ioport range 0x1000-0x103f has been reserved
[    0.510341] system 00:01: ioport range 0x1040-0x104f has been reserved
[    0.510343] system 00:01: ioport range 0xcf0-0xcf1 has been reserved
[    0.510349] system 00:08: iomem range 0xfed00000-0xfed003ff has been reserved
[    0.510352] system 00:0d: ioport range 0x1060-0x107f has been reserved
[    0.510355] system 00:0d: iomem range 0xe0000000-0xefffffff has been reserved
[    0.510356] system 00:0d: iomem range 0xc8200000-0xc83fffff has been reserved
[    0.546518] pci 0000:00:15.3: BAR 13: can't allocate I/O resource [0x10000-0xffff]
[    0.546522] pci 0000:00:15.4: BAR 13: can't allocate I/O resource [0x10000-0xffff]
[    0.546525] pci 0000:00:15.5: BAR 13: can't allocate I/O resource [0x10000-0xffff]
[    0.546528] pci 0000:00:15.6: BAR 13: can't allocate I/O resource [0x10000-0xffff]
[    0.546530] pci 0000:00:15.7: BAR 13: can't allocate I/O resource [0x10000-0xffff]
[    0.546533] pci 0000:00:16.3: BAR 13: can't allocate I/O resource [0x10000-0xffff]
[    0.546536] pci 0000:00:16.4: BAR 13: can't allocate I/O resource [0x10000-0xffff]
[    0.546538] pci 0000:00:16.5: BAR 13: can't allocate I/O resource [0x10000-0xffff]
[    0.546541] pci 0000:00:16.6: BAR 13: can't allocate I/O resource [0x10000-0xffff]
[    0.546544] pci 0000:00:16.7: BAR 13: can't allocate I/O resource [0x10000-0xffff]
[    0.546546] pci 0000:00:17.3: BAR 13: can't allocate I/O resource [0x10000-0xffff]
[    0.546549] pci 0000:00:17.4: BAR 13: can't allocate I/O resource [0x10000-0xffff]
[    0.546551] pci 0000:00:17.5: BAR 13: can't allocate I/O resource [0x10000-0xffff]
[    0.546554] pci 0000:00:17.6: BAR 13: can't allocate I/O resource [0x10000-0xffff]
[    0.546557] pci 0000:00:17.7: BAR 13: can't allocate I/O resource [0x10000-0xffff]
[    0.546559] pci 0000:00:18.3: BAR 13: can't allocate I/O resource [0x10000-0xffff]
[    0.546562] pci 0000:00:18.4: BAR 13: can't allocate I/O resource [0x10000-0xffff]
[    0.546565] pci 0000:00:18.5: BAR 13: can't allocate I/O resource [0x10000-0xffff]
[    0.546567] pci 0000:00:18.6: BAR 13: can't allocate I/O resource [0x10000-0xffff]
[    0.546570] pci 0000:00:18.7: BAR 13: can't allocate I/O resource [0x10000-0xffff]
[    0.546572] pci 0000:00:01.0: PCI bridge, secondary bus 0000:01
[    0.546574] pci 0000:00:01.0:   IO window: disabled
[    0.546602] pci 0000:00:01.0:   MEM window: disabled
[    0.546621] pci 0000:00:01.0:   PREFETCH window: disabled
[    0.546658] pci 0000:00:11.0: PCI bridge, secondary bus 0000:02
[    0.546669] pci 0000:00:11.0:   IO window: 0x2000-0x3fff
[    0.546697] pci 0000:00:11.0:   MEM window: 0xc9000000-0xca3fffff
[    0.546717] pci 0000:00:11.0:   PREFETCH window: 0x000000d8400000-0x000000d89fffff
[    0.546753] pci 0000:00:15.0: PCI bridge, secondary bus 0000:03
[    0.546764] pci 0000:00:15.0:   IO window: 0x4000-0x4fff
[    0.546791] pci 0000:00:15.0:   MEM window: 0xca400000-0xca4fffff
[    0.546811] pci 0000:00:15.0:   PREFETCH window: 0x000000d8a00000-0x000000d8afffff
[    0.546892] pci 0000:00:15.1: PCI bridge, secondary bus 0000:04
[    0.546904] pci 0000:00:15.1:   IO window: 0x8000-0x8fff
[    0.546932] pci 0000:00:15.1:   MEM window: 0xca800000-0xca8fffff
[    0.546951] pci 0000:00:15.1:   PREFETCH window: 0x000000d8e00000-0x000000d8efffff
[    0.547000] pci 0000:00:15.2: PCI bridge, secondary bus 0000:05
[    0.547012] pci 0000:00:15.2:   IO window: 0xc000-0xcfff
[    0.547039] pci 0000:00:15.2:   MEM window: 0xcac00000-0xcacfffff
[    0.547059] pci 0000:00:15.2:   PREFETCH window: 0x000000d9200000-0x000000d92fffff
[    0.547107] pci 0000:00:15.3: PCI bridge, secondary bus 0000:06
[    0.547108] pci 0000:00:15.3:   IO window: disabled
[    0.547137] pci 0000:00:15.3:   MEM window: 0xcb000000-0xcb0fffff
[    0.547156] pci 0000:00:15.3:   PREFETCH window: 0x000000d9600000-0x000000d96fffff
[    0.547212] pci 0000:00:15.4: PCI bridge, secondary bus 0000:07
[    0.547214] pci 0000:00:15.4:   IO window: disabled
[    0.547247] pci 0000:00:15.4:   MEM window: 0xcb400000-0xcb4fffff
[    0.547276] pci 0000:00:15.4:   PREFETCH window: 0x000000d9a00000-0x000000d9afffff
[    0.547323] pci 0000:00:15.5: PCI bridge, secondary bus 0000:08
[    0.547325] pci 0000:00:15.5:   IO window: disabled
[    0.547353] pci 0000:00:15.5:   MEM window: 0xcb800000-0xcb8fffff
[    0.547372] pci 0000:00:15.5:   PREFETCH window: 0x000000d9e00000-0x000000d9efffff
[    0.547420] pci 0000:00:15.6: PCI bridge, secondary bus 0000:09
[    0.547421] pci 0000:00:15.6:   IO window: disabled
[    0.547449] pci 0000:00:15.6:   MEM window: 0xcbc00000-0xcbcfffff
[    0.547469] pci 0000:00:15.6:   PREFETCH window: 0x000000da200000-0x000000da2fffff
[    0.547516] pci 0000:00:15.7: PCI bridge, secondary bus 0000:0a
[    0.547518] pci 0000:00:15.7:   IO window: disabled
[    0.547546] pci 0000:00:15.7:   MEM window: 0xcc000000-0xcc0fffff
[    0.547565] pci 0000:00:15.7:   PREFETCH window: 0x000000da600000-0x000000da6fffff
[    0.547612] pci 0000:00:16.0: PCI bridge, secondary bus 0000:0b
[    0.547623] pci 0000:00:16.0:   IO window: 0x5000-0x5fff
[    0.547651] pci 0000:00:16.0:   MEM window: 0xca500000-0xca5fffff
[    0.547670] pci 0000:00:16.0:   PREFETCH window: 0x000000d8b00000-0x000000d8bfffff
[    0.547718] pci 0000:00:16.1: PCI bridge, secondary bus 0000:0c
[    0.547729] pci 0000:00:16.1:   IO window: 0x9000-0x9fff
[    0.547757] pci 0000:00:16.1:   MEM window: 0xca900000-0xca9fffff
[    0.547776] pci 0000:00:16.1:   PREFETCH window: 0x000000d8f00000-0x000000d8ffffff
[    0.547823] pci 0000:00:16.2: PCI bridge, secondary bus 0000:0d
[    0.547835] pci 0000:00:16.2:   IO window: 0xd000-0xdfff
[    0.547862] pci 0000:00:16.2:   MEM window: 0xcad00000-0xcadfffff
[    0.547881] pci 0000:00:16.2:   PREFETCH window: 0x000000d9300000-0x000000d93fffff
[    0.547940] pci 0000:00:16.3: PCI bridge, secondary bus 0000:0e
[    0.547942] pci 0000:00:16.3:   IO window: disabled
[    0.547980] pci 0000:00:16.3:   MEM window: 0xcb100000-0xcb1fffff
[    0.548000] pci 0000:00:16.3:   PREFETCH window: 0x000000d9700000-0x000000d97fffff
[    0.548047] pci 0000:00:16.4: PCI bridge, secondary bus 0000:0f
[    0.548048] pci 0000:00:16.4:   IO window: disabled
[    0.548076] pci 0000:00:16.4:   MEM window: 0xcb500000-0xcb5fffff
[    0.548096] pci 0000:00:16.4:   PREFETCH window: 0x000000d9b00000-0x000000d9bfffff
[    0.548143] pci 0000:00:16.5: PCI bridge, secondary bus 0000:10
[    0.548144] pci 0000:00:16.5:   IO window: disabled
[    0.548172] pci 0000:00:16.5:   MEM window: 0xcb900000-0xcb9fffff
[    0.548191] pci 0000:00:16.5:   PREFETCH window: 0x000000d9f00000-0x000000d9ffffff
[    0.548273] pci 0000:00:16.6: PCI bridge, secondary bus 0000:11
[    0.548275] pci 0000:00:16.6:   IO window: disabled
[    0.548303] pci 0000:00:16.6:   MEM window: 0xcbd00000-0xcbdfffff
[    0.548322] pci 0000:00:16.6:   PREFETCH window: 0x000000da300000-0x000000da3fffff
[    0.548369] pci 0000:00:16.7: PCI bridge, secondary bus 0000:12
[    0.548371] pci 0000:00:16.7:   IO window: disabled
[    0.548399] pci 0000:00:16.7:   MEM window: 0xcc100000-0xcc1fffff
[    0.548418] pci 0000:00:16.7:   PREFETCH window: 0x000000da700000-0x000000da7fffff
[    0.548465] pci 0000:00:17.0: PCI bridge, secondary bus 0000:13
[    0.548477] pci 0000:00:17.0:   IO window: 0x6000-0x6fff
[    0.548505] pci 0000:00:17.0:   MEM window: 0xca600000-0xca6fffff
[    0.548524] pci 0000:00:17.0:   PREFETCH window: 0x000000d8c00000-0x000000d8cfffff
[    0.548571] pci 0000:00:17.1: PCI bridge, secondary bus 0000:14
[    0.548582] pci 0000:00:17.1:   IO window: 0xa000-0xafff
[    0.548610] pci 0000:00:17.1:   MEM window: 0xcaa00000-0xcaafffff
[    0.548629] pci 0000:00:17.1:   PREFETCH window: 0x000000d9000000-0x000000d90fffff
[    0.548676] pci 0000:00:17.2: PCI bridge, secondary bus 0000:15
[    0.548688] pci 0000:00:17.2:   IO window: 0xe000-0xefff
[    0.548715] pci 0000:00:17.2:   MEM window: 0xcae00000-0xcaefffff
[    0.548735] pci 0000:00:17.2:   PREFETCH window: 0x000000d9400000-0x000000d94fffff
[    0.548782] pci 0000:00:17.3: PCI bridge, secondary bus 0000:16
[    0.548783] pci 0000:00:17.3:   IO window: disabled
[    0.548811] pci 0000:00:17.3:   MEM window: 0xcb200000-0xcb2fffff
[    0.548831] pci 0000:00:17.3:   PREFETCH window: 0x000000d9800000-0x000000d98fffff
[    0.548878] pci 0000:00:17.4: PCI bridge, secondary bus 0000:17
[    0.548879] pci 0000:00:17.4:   IO window: disabled
[    0.548907] pci 0000:00:17.4:   MEM window: 0xcb600000-0xcb6fffff
[    0.548926] pci 0000:00:17.4:   PREFETCH window: 0x000000d9c00000-0x000000d9cfffff
[    0.548973] pci 0000:00:17.5: PCI bridge, secondary bus 0000:18
[    0.548975] pci 0000:00:17.5:   IO window: disabled
[    0.549003] pci 0000:00:17.5:   MEM window: 0xcba00000-0xcbafffff
[    0.549022] pci 0000:00:17.5:   PREFETCH window: 0x000000da000000-0x000000da0fffff
[    0.549069] pci 0000:00:17.6: PCI bridge, secondary bus 0000:19
[    0.549071] pci 0000:00:17.6:   IO window: disabled
[    0.549099] pci 0000:00:17.6:   MEM window: 0xcbe00000-0xcbefffff
[    0.549118] pci 0000:00:17.6:   PREFETCH window: 0x000000da400000-0x000000da4fffff
[    0.549169] pci 0000:00:17.7: PCI bridge, secondary bus 0000:1a
[    0.549171] pci 0000:00:17.7:   IO window: disabled
[    0.549199] pci 0000:00:17.7:   MEM window: 0xcc200000-0xcc2fffff
[    0.549254] pci 0000:00:17.7:   PREFETCH window: 0x000000da800000-0x000000da8fffff
[    0.549305] pci 0000:00:18.0: PCI bridge, secondary bus 0000:1b
[    0.549317] pci 0000:00:18.0:   IO window: 0x7000-0x7fff
[    0.549345] pci 0000:00:18.0:   MEM window: 0xca700000-0xca7fffff
[    0.549364] pci 0000:00:18.0:   PREFETCH window: 0x000000d8d00000-0x000000d8dfffff
[    0.549411] pci 0000:00:18.1: PCI bridge, secondary bus 0000:1c
[    0.549423] pci 0000:00:18.1:   IO window: 0xb000-0xbfff
[    0.549451] pci 0000:00:18.1:   MEM window: 0xcab00000-0xcabfffff
[    0.549470] pci 0000:00:18.1:   PREFETCH window: 0x000000d9100000-0x000000d91fffff
[    0.549517] pci 0000:00:18.2: PCI bridge, secondary bus 0000:1d
[    0.549528] pci 0000:00:18.2:   IO window: 0xf000-0xffff
[    0.549556] pci 0000:00:18.2:   MEM window: 0xcaf00000-0xcaffffff
[    0.549575] pci 0000:00:18.2:   PREFETCH window: 0x000000d9500000-0x000000d95fffff
[    0.549623] pci 0000:00:18.3: PCI bridge, secondary bus 0000:1e
[    0.549624] pci 0000:00:18.3:   IO window: disabled
[    0.549652] pci 0000:00:18.3:   MEM window: 0xcb300000-0xcb3fffff
[    0.549672] pci 0000:00:18.3:   PREFETCH window: 0x000000d9900000-0x000000d99fffff
[    0.549719] pci 0000:00:18.4: PCI bridge, secondary bus 0000:1f
[    0.549720] pci 0000:00:18.4:   IO window: disabled
[    0.549749] pci 0000:00:18.4:   MEM window: 0xcb700000-0xcb7fffff
[    0.549768] pci 0000:00:18.4:   PREFETCH window: 0x000000d9d00000-0x000000d9dfffff
[    0.549815] pci 0000:00:18.5: PCI bridge, secondary bus 0000:20
[    0.549816] pci 0000:00:18.5:   IO window: disabled
[    0.549844] pci 0000:00:18.5:   MEM window: 0xcbb00000-0xcbbfffff
[    0.549864] pci 0000:00:18.5:   PREFETCH window: 0x000000da100000-0x000000da1fffff
[    0.549911] pci 0000:00:18.6: PCI bridge, secondary bus 0000:21
[    0.549912] pci 0000:00:18.6:   IO window: disabled
[    0.549940] pci 0000:00:18.6:   MEM window: 0xcbf00000-0xcbffffff
[    0.549960] pci 0000:00:18.6:   PREFETCH window: 0x000000da500000-0x000000da5fffff
[    0.550007] pci 0000:00:18.7: PCI bridge, secondary bus 0000:22
[    0.550008] pci 0000:00:18.7:   IO window: disabled
[    0.550036] pci 0000:00:18.7:   MEM window: 0xcc300000-0xcc3fffff
[    0.550056] pci 0000:00:18.7:   PREFETCH window: 0x000000da900000-0x000000da9fffff
[    0.550133] pci 0000:00:01.0: setting latency timer to 64
[    0.550231] pci 0000:00:15.0: setting latency timer to 64
[    0.550301] pci 0000:00:15.1: setting latency timer to 64
[    0.550373] pci 0000:00:15.2: setting latency timer to 64
[    0.550444] pci 0000:00:15.3: setting latency timer to 64
[    0.550506] pci 0000:00:15.4: setting latency timer to 64
[    0.550568] pci 0000:00:15.5: setting latency timer to 64
[    0.550630] pci 0000:00:15.6: setting latency timer to 64
[    0.550692] pci 0000:00:15.7: setting latency timer to 64
[    0.550754] pci 0000:00:16.0: setting latency timer to 64
[    0.550815] pci 0000:00:16.1: setting latency timer to 64
[    0.550877] pci 0000:00:16.2: setting latency timer to 64
[    0.550939] pci 0000:00:16.3: setting latency timer to 64
[    0.551001] pci 0000:00:16.4: setting latency timer to 64
[    0.551063] pci 0000:00:16.5: setting latency timer to 64
[    0.551125] pci 0000:00:16.6: setting latency timer to 64
[    0.551200] pci 0000:00:16.7: setting latency timer to 64
[    0.551289] pci 0000:00:17.0: setting latency timer to 64
[    0.551364] pci 0000:00:17.1: setting latency timer to 64
[    0.551426] pci 0000:00:17.2: setting latency timer to 64
[    0.551488] pci 0000:00:17.3: setting latency timer to 64
[    0.551550] pci 0000:00:17.4: setting latency timer to 64
[    0.551612] pci 0000:00:17.5: setting latency timer to 64
[    0.551674] pci 0000:00:17.6: setting latency timer to 64
[    0.551736] pci 0000:00:17.7: setting latency timer to 64
[    0.551798] pci 0000:00:18.0: setting latency timer to 64
[    0.551859] pci 0000:00:18.1: setting latency timer to 64
[    0.551921] pci 0000:00:18.2: setting latency timer to 64
[    0.551983] pci 0000:00:18.3: setting latency timer to 64
[    0.552045] pci 0000:00:18.4: setting latency timer to 64
[    0.552107] pci 0000:00:18.5: setting latency timer to 64
[    0.552178] pci 0000:00:18.6: setting latency timer to 64
[    0.552253] pci 0000:00:18.7: setting latency timer to 64
[    0.552265] pci_bus 0000:00: resource 0 io:  [0x00-0xffff]
[    0.552267] pci_bus 0000:00: resource 1 mem: [0x000000-0xffffffffffffffff]
[    0.552270] pci_bus 0000:02: resource 0 io:  [0x2000-0x3fff]
[    0.552272] pci_bus 0000:02: resource 1 mem: [0xc9000000-0xca3fffff]
[    0.552274] pci_bus 0000:02: resource 2 pref mem [0xd8400000-0xd89fffff]
[    0.552276] pci_bus 0000:02: resource 3 io:  [0x00-0xffff]
[    0.552278] pci_bus 0000:02: resource 4 mem: [0x000000-0xffffffffffffffff]
[    0.552280] pci_bus 0000:03: resource 0 io:  [0x4000-0x4fff]
[    0.552282] pci_bus 0000:03: resource 1 mem: [0xca400000-0xca4fffff]
[    0.552284] pci_bus 0000:03: resource 2 pref mem [0xd8a00000-0xd8afffff]
[    0.552286] pci_bus 0000:04: resource 0 io:  [0x8000-0x8fff]
[    0.552288] pci_bus 0000:04: resource 1 mem: [0xca800000-0xca8fffff]
[    0.552290] pci_bus 0000:04: resource 2 pref mem [0xd8e00000-0xd8efffff]
[    0.552292] pci_bus 0000:05: resource 0 io:  [0xc000-0xcfff]
[    0.552293] pci_bus 0000:05: resource 1 mem: [0xcac00000-0xcacfffff]
[    0.552295] pci_bus 0000:05: resource 2 pref mem [0xd9200000-0xd92fffff]
[    0.552297] pci_bus 0000:06: resource 1 mem: [0xcb000000-0xcb0fffff]
[    0.552299] pci_bus 0000:06: resource 2 pref mem [0xd9600000-0xd96fffff]
[    0.552301] pci_bus 0000:07: resource 1 mem: [0xcb400000-0xcb4fffff]
[    0.552303] pci_bus 0000:07: resource 2 pref mem [0xd9a00000-0xd9afffff]
[    0.552305] pci_bus 0000:08: resource 1 mem: [0xcb800000-0xcb8fffff]
[    0.552307] pci_bus 0000:08: resource 2 pref mem [0xd9e00000-0xd9efffff]
[    0.552309] pci_bus 0000:09: resource 1 mem: [0xcbc00000-0xcbcfffff]
[    0.552311] pci_bus 0000:09: resource 2 pref mem [0xda200000-0xda2fffff]
[    0.552313] pci_bus 0000:0a: resource 1 mem: [0xcc000000-0xcc0fffff]
[    0.552315] pci_bus 0000:0a: resource 2 pref mem [0xda600000-0xda6fffff]
[    0.552317] pci_bus 0000:0b: resource 0 io:  [0x5000-0x5fff]
[    0.552319] pci_bus 0000:0b: resource 1 mem: [0xca500000-0xca5fffff]
[    0.552321] pci_bus 0000:0b: resource 2 pref mem [0xd8b00000-0xd8bfffff]
[    0.552323] pci_bus 0000:0c: resource 0 io:  [0x9000-0x9fff]
[    0.552324] pci_bus 0000:0c: resource 1 mem: [0xca900000-0xca9fffff]
[    0.552326] pci_bus 0000:0c: resource 2 pref mem [0xd8f00000-0xd8ffffff]
[    0.552328] pci_bus 0000:0d: resource 0 io:  [0xd000-0xdfff]
[    0.552330] pci_bus 0000:0d: resource 1 mem: [0xcad00000-0xcadfffff]
[    0.552332] pci_bus 0000:0d: resource 2 pref mem [0xd9300000-0xd93fffff]
[    0.552334] pci_bus 0000:0e: resource 1 mem: [0xcb100000-0xcb1fffff]
[    0.552336] pci_bus 0000:0e: resource 2 pref mem [0xd9700000-0xd97fffff]
[    0.552338] pci_bus 0000:0f: resource 1 mem: [0xcb500000-0xcb5fffff]
[    0.552340] pci_bus 0000:0f: resource 2 pref mem [0xd9b00000-0xd9bfffff]
[    0.552342] pci_bus 0000:10: resource 1 mem: [0xcb900000-0xcb9fffff]
[    0.552344] pci_bus 0000:10: resource 2 pref mem [0xd9f00000-0xd9ffffff]
[    0.552346] pci_bus 0000:11: resource 1 mem: [0xcbd00000-0xcbdfffff]
[    0.552348] pci_bus 0000:11: resource 2 pref mem [0xda300000-0xda3fffff]
[    0.552350] pci_bus 0000:12: resource 1 mem: [0xcc100000-0xcc1fffff]
[    0.552352] pci_bus 0000:12: resource 2 pref mem [0xda700000-0xda7fffff]
[    0.552353] pci_bus 0000:13: resource 0 io:  [0x6000-0x6fff]
[    0.552355] pci_bus 0000:13: resource 1 mem: [0xca600000-0xca6fffff]
[    0.552357] pci_bus 0000:13: resource 2 pref mem [0xd8c00000-0xd8cfffff]
[    0.552359] pci_bus 0000:14: resource 0 io:  [0xa000-0xafff]
[    0.552361] pci_bus 0000:14: resource 1 mem: [0xcaa00000-0xcaafffff]
[    0.552363] pci_bus 0000:14: resource 2 pref mem [0xd9000000-0xd90fffff]
[    0.552365] pci_bus 0000:15: resource 0 io:  [0xe000-0xefff]
[    0.552367] pci_bus 0000:15: resource 1 mem: [0xcae00000-0xcaefffff]
[    0.552369] pci_bus 0000:15: resource 2 pref mem [0xd9400000-0xd94fffff]
[    0.552371] pci_bus 0000:16: resource 1 mem: [0xcb200000-0xcb2fffff]
[    0.552373] pci_bus 0000:16: resource 2 pref mem [0xd9800000-0xd98fffff]
[    0.552374] pci_bus 0000:17: resource 1 mem: [0xcb600000-0xcb6fffff]
[    0.552376] pci_bus 0000:17: resource 2 pref mem [0xd9c00000-0xd9cfffff]
[    0.552378] pci_bus 0000:18: resource 1 mem: [0xcba00000-0xcbafffff]
[    0.552380] pci_bus 0000:18: resource 2 pref mem [0xda000000-0xda0fffff]
[    0.552382] pci_bus 0000:19: resource 1 mem: [0xcbe00000-0xcbefffff]
[    0.552384] pci_bus 0000:19: resource 2 pref mem [0xda400000-0xda4fffff]
[    0.552386] pci_bus 0000:1a: resource 1 mem: [0xcc200000-0xcc2fffff]
[    0.552388] pci_bus 0000:1a: resource 2 pref mem [0xda800000-0xda8fffff]
[    0.552390] pci_bus 0000:1b: resource 0 io:  [0x7000-0x7fff]
[    0.552392] pci_bus 0000:1b: resource 1 mem: [0xca700000-0xca7fffff]
[    0.552394] pci_bus 0000:1b: resource 2 pref mem [0xd8d00000-0xd8dfffff]
[    0.552396] pci_bus 0000:1c: resource 0 io:  [0xb000-0xbfff]
[    0.552398] pci_bus 0000:1c: resource 1 mem: [0xcab00000-0xcabfffff]
[    0.552399] pci_bus 0000:1c: resource 2 pref mem [0xd9100000-0xd91fffff]
[    0.552401] pci_bus 0000:1d: resource 0 io:  [0xf000-0xffff]
[    0.552403] pci_bus 0000:1d: resource 1 mem: [0xcaf00000-0xcaffffff]
[    0.552405] pci_bus 0000:1d: resource 2 pref mem [0xd9500000-0xd95fffff]
[    0.552407] pci_bus 0000:1e: resource 1 mem: [0xcb300000-0xcb3fffff]
[    0.552409] pci_bus 0000:1e: resource 2 pref mem [0xd9900000-0xd99fffff]
[    0.552411] pci_bus 0000:1f: resource 1 mem: [0xcb700000-0xcb7fffff]
[    0.552413] pci_bus 0000:1f: resource 2 pref mem [0xd9d00000-0xd9dfffff]
[    0.552415] pci_bus 0000:20: resource 1 mem: [0xcbb00000-0xcbbfffff]
[    0.552417] pci_bus 0000:20: resource 2 pref mem [0xda100000-0xda1fffff]
[    0.552419] pci_bus 0000:21: resource 1 mem: [0xcbf00000-0xcbffffff]
[    0.552421] pci_bus 0000:21: resource 2 pref mem [0xda500000-0xda5fffff]
[    0.552423] pci_bus 0000:22: resource 1 mem: [0xcc300000-0xcc3fffff]
[    0.552425] pci_bus 0000:22: resource 2 pref mem [0xda900000-0xda9fffff]
[    0.552447] NET: Registered protocol family 2
[    0.552473] RANDOM - __random32 called. Change num 7.  Value: e4915c27	228b7335	4c33f162
[    0.552475] RANDOM - random32 called.  Value: e4915c27	228b7335	4c33f162
[    0.552484] random 0000 0000 0000 00000000 00000000: rand_read_num 2 get_random_bytes(4): sig fffffe1a 00000000 00000000
[    0.552486] random 0000 0000 0000 00000000 00000000: extract_entropy(.. 4 ..)
[    0.552488] random 0000 0000 0000 00000000 00000000: going to reseed nonblocking with 64 bits (32 of 0 requested)
[    0.552490] random 0000 0000 0000 00000000 00000000: extract_entropy(.. 8 ..)
[    0.552493] random 0000 0000 0000 00000000 00000000: trying to extract 64 bits from input
[    0.552495] random 0000 0000 0000 00000000 00000000: debiting 0 entropy credits from input
[    0.552497] random 0000 0000 0000 00000000 00000000: extract_entropy account returned: 0 
[    0.552499] random 0000 0000 0000 00000000 00000000: urand_change_num 3 xfer_secondary_pool(4): pool_sig fffffe1a, data_sig 00000000, bytes_mixed 0 00000000 00000000
[    0.552502] random 0000 0000 0000 00000000 00000000: trying to extract 32 bits from nonblocking
[    0.552505] random 0000 0000 0000 00000000 00000000: debiting 32 entropy credits from nonblocking (unlimited)
[    0.552507] random 0000 0000 0000 00000000 00000000: extract_entropy account returned: 4 
[    0.552510] random 0000 0000 0000 00000000 00000000: urand_change_num 4 extract_buf: pool_sig fffffe1a, data_sig fffffed7, bytes_mixed 20 00000000 00000000
[    0.552540] IP route cache hash table entries: 32768 (order: 5, 131072 bytes)
[    0.552627] RANDOM - __random32 called. Change num 8.  Value: 15c279e2	28b73354	e2c5b58f
[    0.552629] RANDOM - random32 called.  Value: 15c279e2	28b73354	e2c5b58f
[    0.552685] RANDOM - __random32 called. Change num 9.  Value: 279e2b5f	8b733545	6b1e9d03
[    0.552686] RANDOM - random32 called.  Value: 279e2b5f	8b733545	6b1e9d03
[    0.552689] RANDOM - __random32 called. Change num 10.  Value: e2b5fc5e	b7335453	3a067d4e
[    0.552691] RANDOM - random32 called.  Value: e2b5fc5e	b7335453	3a067d4e
[    0.552712] RANDOM - __random32 called. Change num 11.  Value: 5fc5eba7	73354535	fa9d46b2
[    0.552714] RANDOM - random32 called.  Value: 5fc5eba7	73354535	fa9d46b2
[    0.552724] TCP established hash table entries: 131072 (order: 8, 1048576 bytes)
[    0.552822] TCP bind hash table entries: 65536 (order: 7, 524288 bytes)
[    0.552920] TCP: Hash tables configured (established 131072 bind 65536)
[    0.552937] TCP reno registered
[    0.552988] NET: Registered protocol family 1
[    0.552998] pci 0000:00:00.0: Limiting direct PCI/PCI transfers
[    0.553018] pci 0000:00:0f.0: Boot video device
[    0.553217] Trying to unpack rootfs image as initramfs...
[    1.624879] Freeing initrd memory: 83430k freed
[    1.628897] Simple Boot Flag at 0x36 set to 0x1
[    1.628942] cpufreq-nforce2: No nForce2 chipset.
[    1.628956] Scanning for low memory corruption every 60 seconds
[    1.629077] audit: initializing netlink socket (disabled)
[    1.629085] type=2000 audit(1369436336.612:1): initialized
[    1.632991] highmem bounce pool size: 64 pages
[    1.632996] HugeTLB registered 2 MB page size, pre-allocated 0 pages
[    1.633089] VFS: Disk quotas dquot_6.5.2
[    1.633119] Dquot-cache hash table entries: 1024 (order 0, 4096 bytes)
[    1.633196] fuse init (API version 7.13)
[    1.633240] msgmni has been set to 1729
[    1.633502] alg: No test for stdrng (krng)
[    1.633535] Block layer SCSI generic (bsg) driver version 0.4 loaded (major 253)
[    1.633538] io scheduler noop registered
[    1.633539] io scheduler anticipatory registered
[    1.633541] io scheduler deadline registered
[    1.633560] io scheduler cfq registered (default)
[    1.633605]   alloc irq_desc for 24 on node -1
[    1.633608]   alloc kstat_irqs on node -1
[    1.633653] pcieport 0000:00:15.0: irq 24 for MSI/MSI-X
[    1.633698] pcieport 0000:00:15.0: setting latency timer to 64
[    1.633743]   alloc irq_desc for 25 on node -1
[    1.633745]   alloc kstat_irqs on node -1
[    1.633790] pcieport 0000:00:15.1: irq 25 for MSI/MSI-X
[    1.633835] pcieport 0000:00:15.1: setting latency timer to 64
[    1.633880]   alloc irq_desc for 26 on node -1
[    1.633882]   alloc kstat_irqs on node -1
[    1.633927] pcieport 0000:00:15.2: irq 26 for MSI/MSI-X
[    1.633972] pcieport 0000:00:15.2: setting latency timer to 64
[    1.634017]   alloc irq_desc for 27 on node -1
[    1.634018]   alloc kstat_irqs on node -1
[    1.634064] pcieport 0000:00:15.3: irq 27 for MSI/MSI-X
[    1.634109] pcieport 0000:00:15.3: setting latency timer to 64
[    1.634154]   alloc irq_desc for 28 on node -1
[    1.634155]   alloc kstat_irqs on node -1
[    1.634200] pcieport 0000:00:15.4: irq 28 for MSI/MSI-X
[    1.634245] pcieport 0000:00:15.4: setting latency timer to 64
[    1.634290]   alloc irq_desc for 29 on node -1
[    1.634293]   alloc kstat_irqs on node -1
[    1.634338] pcieport 0000:00:15.5: irq 29 for MSI/MSI-X
[    1.634383] pcieport 0000:00:15.5: setting latency timer to 64
[    1.634428]   alloc irq_desc for 30 on node -1
[    1.634429]   alloc kstat_irqs on node -1
[    1.634474] pcieport 0000:00:15.6: irq 30 for MSI/MSI-X
[    1.634519] pcieport 0000:00:15.6: setting latency timer to 64
[    1.634565]   alloc irq_desc for 31 on node -1
[    1.634566]   alloc kstat_irqs on node -1
[    1.634611] pcieport 0000:00:15.7: irq 31 for MSI/MSI-X
[    1.634656] pcieport 0000:00:15.7: setting latency timer to 64
[    1.634702]   alloc irq_desc for 32 on node -1
[    1.634703]   alloc kstat_irqs on node -1
[    1.634748] pcieport 0000:00:16.0: irq 32 for MSI/MSI-X
[    1.634793] pcieport 0000:00:16.0: setting latency timer to 64
[    1.634838]   alloc irq_desc for 33 on node -1
[    1.634840]   alloc kstat_irqs on node -1
[    1.634885] pcieport 0000:00:16.1: irq 33 for MSI/MSI-X
[    1.634930] pcieport 0000:00:16.1: setting latency timer to 64
[    1.634975]   alloc irq_desc for 34 on node -1
[    1.634977]   alloc kstat_irqs on node -1
[    1.635022] pcieport 0000:00:16.2: irq 34 for MSI/MSI-X
[    1.635067] pcieport 0000:00:16.2: setting latency timer to 64
[    1.635112]   alloc irq_desc for 35 on node -1
[    1.635114]   alloc kstat_irqs on node -1
[    1.635159] pcieport 0000:00:16.3: irq 35 for MSI/MSI-X
[    1.635204] pcieport 0000:00:16.3: setting latency timer to 64
[    1.635249]   alloc irq_desc for 36 on node -1
[    1.635251]   alloc kstat_irqs on node -1
[    1.635296] pcieport 0000:00:16.4: irq 36 for MSI/MSI-X
[    1.635341] pcieport 0000:00:16.4: setting latency timer to 64
[    1.635386]   alloc irq_desc for 37 on node -1
[    1.635388]   alloc kstat_irqs on node -1
[    1.635433] pcieport 0000:00:16.5: irq 37 for MSI/MSI-X
[    1.635478] pcieport 0000:00:16.5: setting latency timer to 64
[    1.635523]   alloc irq_desc for 38 on node -1
[    1.635526]   alloc kstat_irqs on node -1
[    1.635571] pcieport 0000:00:16.6: irq 38 for MSI/MSI-X
[    1.635616] pcieport 0000:00:16.6: setting latency timer to 64
[    1.635661]   alloc irq_desc for 39 on node -1
[    1.635663]   alloc kstat_irqs on node -1
[    1.635709] pcieport 0000:00:16.7: irq 39 for MSI/MSI-X
[    1.635754] pcieport 0000:00:16.7: setting latency timer to 64
[    1.636885]   alloc irq_desc for 40 on node -1
[    1.636887]   alloc kstat_irqs on node -1
[    1.636932] pcieport 0000:00:17.0: irq 40 for MSI/MSI-X
[    1.636977] pcieport 0000:00:17.0: setting latency timer to 64
[    1.637022]   alloc irq_desc for 41 on node -1
[    1.637024]   alloc kstat_irqs on node -1
[    1.637069] pcieport 0000:00:17.1: irq 41 for MSI/MSI-X
[    1.637114] pcieport 0000:00:17.1: setting latency timer to 64
[    1.637159]   alloc irq_desc for 42 on node -1
[    1.637161]   alloc kstat_irqs on node -1
[    1.637206] pcieport 0000:00:17.2: irq 42 for MSI/MSI-X
[    1.637251] pcieport 0000:00:17.2: setting latency timer to 64
[    1.637296]   alloc irq_desc for 43 on node -1
[    1.637298]   alloc kstat_irqs on node -1
[    1.637343] pcieport 0000:00:17.3: irq 43 for MSI/MSI-X
[    1.637388] pcieport 0000:00:17.3: setting latency timer to 64
[    1.637433]   alloc irq_desc for 44 on node -1
[    1.637435]   alloc kstat_irqs on node -1
[    1.637480] pcieport 0000:00:17.4: irq 44 for MSI/MSI-X
[    1.637525] pcieport 0000:00:17.4: setting latency timer to 64
[    1.637570]   alloc irq_desc for 45 on node -1
[    1.637572]   alloc kstat_irqs on node -1
[    1.637617] pcieport 0000:00:17.5: irq 45 for MSI/MSI-X
[    1.637662] pcieport 0000:00:17.5: setting latency timer to 64
[    1.637707]   alloc irq_desc for 46 on node -1
[    1.637709]   alloc kstat_irqs on node -1
[    1.637754] pcieport 0000:00:17.6: irq 46 for MSI/MSI-X
[    1.637799] pcieport 0000:00:17.6: setting latency timer to 64
[    1.637844]   alloc irq_desc for 47 on node -1
[    1.637846]   alloc kstat_irqs on node -1
[    1.637891] pcieport 0000:00:17.7: irq 47 for MSI/MSI-X
[    1.637936] pcieport 0000:00:17.7: setting latency timer to 64
[    1.637981]   alloc irq_desc for 48 on node -1
[    1.637982]   alloc kstat_irqs on node -1
[    1.638028] pcieport 0000:00:18.0: irq 48 for MSI/MSI-X
[    1.638073] pcieport 0000:00:18.0: setting latency timer to 64
[    1.638118]   alloc irq_desc for 49 on node -1
[    1.638119]   alloc kstat_irqs on node -1
[    1.638164] pcieport 0000:00:18.1: irq 49 for MSI/MSI-X
[    1.638209] pcieport 0000:00:18.1: setting latency timer to 64
[    1.638254]   alloc irq_desc for 50 on node -1
[    1.638256]   alloc kstat_irqs on node -1
[    1.638301] pcieport 0000:00:18.2: irq 50 for MSI/MSI-X
[    1.638346] pcieport 0000:00:18.2: setting latency timer to 64
[    1.638391]   alloc irq_desc for 51 on node -1
[    1.638393]   alloc kstat_irqs on node -1
[    1.638438] pcieport 0000:00:18.3: irq 51 for MSI/MSI-X
[    1.638483] pcieport 0000:00:18.3: setting latency timer to 64
[    1.638528]   alloc irq_desc for 52 on node -1
[    1.638530]   alloc kstat_irqs on node -1
[    1.638575] pcieport 0000:00:18.4: irq 52 for MSI/MSI-X
[    1.638620] pcieport 0000:00:18.4: setting latency timer to 64
[    1.638665]   alloc irq_desc for 53 on node -1
[    1.638667]   alloc kstat_irqs on node -1
[    1.638712] pcieport 0000:00:18.5: irq 53 for MSI/MSI-X
[    1.638757] pcieport 0000:00:18.5: setting latency timer to 64
[    1.638802]   alloc irq_desc for 54 on node -1
[    1.638804]   alloc kstat_irqs on node -1
[    1.638849] pcieport 0000:00:18.6: irq 54 for MSI/MSI-X
[    1.638894] pcieport 0000:00:18.6: setting latency timer to 64
[    1.638939]   alloc irq_desc for 55 on node -1
[    1.638941]   alloc kstat_irqs on node -1
[    1.638986] pcieport 0000:00:18.7: irq 55 for MSI/MSI-X
[    1.639031] pcieport 0000:00:18.7: setting latency timer to 64
[    1.639076] pci_hotplug: PCI Hot Plug PCI Core version: 0.5
[    1.640937] pciehp 0000:00:15.0:pcie04: HPC vendor_id 15ad device_id 7a0 ss_vid 0 ss_did 0
[    1.640982] pciehp 0000:00:15.0:pcie04: service driver pciehp loaded
[    1.641027] pciehp 0000:00:15.1:pcie04: HPC vendor_id 15ad device_id 7a0 ss_vid 0 ss_did 0
[    1.641073] pciehp 0000:00:15.1:pcie04: service driver pciehp loaded
[    1.641118] pciehp 0000:00:15.2:pcie04: HPC vendor_id 15ad device_id 7a0 ss_vid 0 ss_did 0
[    1.641163] pciehp 0000:00:15.2:pcie04: service driver pciehp loaded
[    1.641208] pciehp 0000:00:15.3:pcie04: HPC vendor_id 15ad device_id 7a0 ss_vid 0 ss_did 0
[    1.641253] pciehp 0000:00:15.3:pcie04: service driver pciehp loaded
[    1.641298] pciehp 0000:00:15.4:pcie04: HPC vendor_id 15ad device_id 7a0 ss_vid 0 ss_did 0
[    1.641343] pciehp 0000:00:15.4:pcie04: service driver pciehp loaded
[    1.641388] pciehp 0000:00:15.5:pcie04: HPC vendor_id 15ad device_id 7a0 ss_vid 0 ss_did 0
[    1.641433] pciehp 0000:00:15.5:pcie04: service driver pciehp loaded
[    1.641478] pciehp 0000:00:15.6:pcie04: HPC vendor_id 15ad device_id 7a0 ss_vid 0 ss_did 0
[    1.641523] pciehp 0000:00:15.6:pcie04: service driver pciehp loaded
[    1.641568] pciehp 0000:00:15.7:pcie04: HPC vendor_id 15ad device_id 7a0 ss_vid 0 ss_did 0
[    1.641613] pciehp 0000:00:15.7:pcie04: service driver pciehp loaded
[    1.641658] pciehp 0000:00:16.0:pcie04: HPC vendor_id 15ad device_id 7a0 ss_vid 0 ss_did 0
[    1.641703] pciehp 0000:00:16.0:pcie04: service driver pciehp loaded
[    1.641748] pciehp 0000:00:16.1:pcie04: HPC vendor_id 15ad device_id 7a0 ss_vid 0 ss_did 0
[    1.641793] pciehp 0000:00:16.1:pcie04: service driver pciehp loaded
[    1.641838] pciehp 0000:00:16.2:pcie04: HPC vendor_id 15ad device_id 7a0 ss_vid 0 ss_did 0
[    1.641883] pciehp 0000:00:16.2:pcie04: service driver pciehp loaded
[    1.641928] pciehp 0000:00:16.3:pcie04: HPC vendor_id 15ad device_id 7a0 ss_vid 0 ss_did 0
[    1.641973] pciehp 0000:00:16.3:pcie04: service driver pciehp loaded
[    1.642018] pciehp 0000:00:16.4:pcie04: HPC vendor_id 15ad device_id 7a0 ss_vid 0 ss_did 0
[    1.642063] pciehp 0000:00:16.4:pcie04: service driver pciehp loaded
[    1.642108] pciehp 0000:00:16.5:pcie04: HPC vendor_id 15ad device_id 7a0 ss_vid 0 ss_did 0
[    1.642153] pciehp 0000:00:16.5:pcie04: service driver pciehp loaded
[    1.642198] pciehp 0000:00:16.6:pcie04: HPC vendor_id 15ad device_id 7a0 ss_vid 0 ss_did 0
[    1.642243] pciehp 0000:00:16.6:pcie04: service driver pciehp loaded
[    1.642288] pciehp 0000:00:16.7:pcie04: HPC vendor_id 15ad device_id 7a0 ss_vid 0 ss_did 0
[    1.642333] pciehp 0000:00:16.7:pcie04: service driver pciehp loaded
[    1.642378] pciehp 0000:00:17.0:pcie04: HPC vendor_id 15ad device_id 7a0 ss_vid 0 ss_did 0
[    1.642423] pciehp 0000:00:17.0:pcie04: service driver pciehp loaded
[    1.642468] pciehp 0000:00:17.1:pcie04: HPC vendor_id 15ad device_id 7a0 ss_vid 0 ss_did 0
[    1.642513] pciehp 0000:00:17.1:pcie04: service driver pciehp loaded
[    1.642558] pciehp 0000:00:17.2:pcie04: HPC vendor_id 15ad device_id 7a0 ss_vid 0 ss_did 0
[    1.642603] pciehp 0000:00:17.2:pcie04: service driver pciehp loaded
[    1.642648] pciehp 0000:00:17.3:pcie04: HPC vendor_id 15ad device_id 7a0 ss_vid 0 ss_did 0
[    1.642694] pciehp 0000:00:17.3:pcie04: service driver pciehp loaded
[    1.642739] pciehp 0000:00:17.4:pcie04: HPC vendor_id 15ad device_id 7a0 ss_vid 0 ss_did 0
[    1.642784] pciehp 0000:00:17.4:pcie04: service driver pciehp loaded
[    1.642829] pciehp 0000:00:17.5:pcie04: HPC vendor_id 15ad device_id 7a0 ss_vid 0 ss_did 0
[    1.642874] pciehp 0000:00:17.5:pcie04: service driver pciehp loaded
[    1.642919] pciehp 0000:00:17.6:pcie04: HPC vendor_id 15ad device_id 7a0 ss_vid 0 ss_did 0
[    1.642964] pciehp 0000:00:17.6:pcie04: service driver pciehp loaded
[    1.643009] pciehp 0000:00:17.7:pcie04: HPC vendor_id 15ad device_id 7a0 ss_vid 0 ss_did 0
[    1.643054] pciehp 0000:00:17.7:pcie04: service driver pciehp loaded
[    1.643099] pciehp 0000:00:18.0:pcie04: HPC vendor_id 15ad device_id 7a0 ss_vid 0 ss_did 0
[    1.643144] pciehp 0000:00:18.0:pcie04: service driver pciehp loaded
[    1.643189] pciehp 0000:00:18.1:pcie04: HPC vendor_id 15ad device_id 7a0 ss_vid 0 ss_did 0
[    1.643234] pciehp 0000:00:18.1:pcie04: service driver pciehp loaded
[    1.643279] pciehp 0000:00:18.2:pcie04: HPC vendor_id 15ad device_id 7a0 ss_vid 0 ss_did 0
[    1.643324] pciehp 0000:00:18.2:pcie04: service driver pciehp loaded
[    1.643369] pciehp 0000:00:18.3:pcie04: HPC vendor_id 15ad device_id 7a0 ss_vid 0 ss_did 0
[    1.643414] pciehp 0000:00:18.3:pcie04: service driver pciehp loaded
[    1.643459] pciehp 0000:00:18.4:pcie04: HPC vendor_id 15ad device_id 7a0 ss_vid 0 ss_did 0
[    1.643504] pciehp 0000:00:18.4:pcie04: service driver pciehp loaded
[    1.643549] pciehp 0000:00:18.5:pcie04: HPC vendor_id 15ad device_id 7a0 ss_vid 0 ss_did 0
[    1.643594] pciehp 0000:00:18.5:pcie04: service driver pciehp loaded
[    1.643639] pciehp 0000:00:18.6:pcie04: HPC vendor_id 15ad device_id 7a0 ss_vid 0 ss_did 0
[    1.643684] pciehp 0000:00:18.6:pcie04: service driver pciehp loaded
[    1.643729] pciehp 0000:00:18.7:pcie04: HPC vendor_id 15ad device_id 7a0 ss_vid 0 ss_did 0
[    1.643774] pciehp 0000:00:18.7:pcie04: service driver pciehp loaded
[    1.643781] pciehp: PCI Express Hot Plug Controller Driver version: 0.4
[    1.643830] ACPI: AC Adapter [ACAD] (on-line)
[    1.643882] input: Power Button as /devices/LNXSYSTM:00/LNXPWRBN:00/input/input0
[    1.643884] ACPI: Power Button [PWRF]
[    1.643929] processor LNXCPU:00: registered as cooling_device0
[    1.688827] isapnp: Scanning for PnP cards...
[    2.042314] isapnp: No Plug & Play device found
[    2.042344] random 0000 0000 0000 5f8db4e5 4cfdf2a8: initializing
[    2.042470] Linux agpgart interface v0.103
[    2.042509] agpgart-intel 0000:00:00.0: Intel 440BX Chipset
[    2.042562] agpgart-intel 0000:00:00.0: AGP aperture is 256M @ 0x0
[    2.042595] Serial: 8250/16550 driver, 32 ports, IRQ sharing enabled
[    2.042648] serial8250: ttyS0 at I/O 0x3f8 (irq = 4) is a 16550A
[    2.042700] serial8250: ttyS1 at I/O 0x2f8 (irq = 3) is a 16550A
[    2.042753] 00:0a: ttyS0 at I/O 0x3f8 (irq = 4) is a 16550A
[    2.042805] 00:0b: ttyS1 at I/O 0x2f8 (irq = 3) is a 16550A
[    2.042858] brd: module loaded
[    2.042910] loop: module loaded
[    2.042963] ata_piix 0000:00:07.1: version 2.13
[    2.043048] scsi0 : ata_piix
[    2.043095] scsi1 : ata_piix
[    2.043116] ata1: PATA max UDMA/33 cmd 0x1f0 ctl 0x3f6 bmdma 0x10c0 irq 14
[    2.043118] ata2: PATA max UDMA/33 cmd 0x170 ctl 0x376 bmdma 0x10c8 irq 15
[    2.043166] PPP generic driver version 2.4.2
[    2.043186] tun: Universal TUN/TAP device driver, 1.6
[    2.043188] tun: (C) 1999-2004 Max Krasnyansky <maxk@qualcomm.com>
[    2.043240] ehci_hcd: USB 2.0 'Enhanced' Host Controller (EHCI) Driver
[    2.043293] ACPI: PCI Interrupt Link [LNKB] enabled at IRQ 11
[    2.043295] PCI: setting IRQ 11 as level-triggered
[    2.043302] ehci_hcd 0000:02:03.0: PCI INT A -> Link[LNKB] -> GSI 11 (level, low) -> IRQ 11
[    2.043342] ehci_hcd 0000:02:03.0: EHCI Host Controller
[    2.043364] ehci_hcd 0000:02:03.0: new USB bus registered, assigned bus number 1
[    2.043416] ehci_hcd 0000:02:03.0: cache line size of 32 is not supported
[    2.043424] ehci_hcd 0000:02:03.0: irq 11, io mem 0xc9000000
[    2.043734] random 0000 0000 0000 00000000 00000000: rand_read_num 3 get_random_bytes(8): sig 00000000 00000000 00000000
[    2.043737] random 0000 0000 0000 00000000 00000000: extract_entropy(.. 8 ..)
[    2.043740] random 0000 0000 0000 00000000 00000000: going to reseed nonblocking with 64 bits (64 of 0 requested)
[    2.043742] random 0000 0000 0000 00000000 00000000: extract_entropy(.. 8 ..)
[    2.043744] random 0000 0000 0000 00000000 00000000: trying to extract 64 bits from input
[    2.043746] random 0000 0000 0000 00000000 00000000: debiting 0 entropy credits from input
[    2.043748] random 0000 0000 0000 00000000 00000000: extract_entropy account returned: 0 
[    2.043751] random 0000 0000 0000 00000000 00000000: urand_change_num 5 xfer_secondary_pool(8): pool_sig 00000000, data_sig 00000000, bytes_mixed 0 00000000 00000000
[    2.043754] random 0000 0000 0000 00000000 00000000: trying to extract 64 bits from nonblocking
[    2.043756] random 0000 0000 0000 00000000 00000000: debiting 64 entropy credits from nonblocking (unlimited)
[    2.043758] random 0000 0000 0000 00000000 00000000: extract_entropy account returned: 8 
[    2.043762] random 0000 0000 0000 00000000 00000000: urand_change_num 6 extract_buf: pool_sig 00000000, data_sig fffffff9, bytes_mixed 20 00000000 00000000
[    2.052272] ehci_hcd 0000:02:03.0: USB 2.0 started, EHCI 1.00
[    2.052324] usb usb1: configuration #1 chosen from 1 choice
[    2.052343] hub 1-0:1.0: USB hub found
[    2.052347] hub 1-0:1.0: 6 ports detected
[    2.052381] ohci_hcd: USB 1.1 'Open' Host Controller (OHCI) Driver
[    2.052391] uhci_hcd: USB Universal Host Controller Interface driver
[    2.052444] ACPI: PCI Interrupt Link [LNKC] enabled at IRQ 10
[    2.052446] PCI: setting IRQ 10 as level-triggered
[    2.052450] uhci_hcd 0000:02:00.0: PCI INT A -> Link[LNKC] -> GSI 10 (level, low) -> IRQ 10
[    2.052482] uhci_hcd 0000:02:00.0: UHCI Host Controller
[    2.052509] uhci_hcd 0000:02:00.0: new USB bus registered, assigned bus number 2
[    2.052610] uhci_hcd 0000:02:00.0: irq 10, io base 0x000020c0
[    2.052663] usb usb2: configuration #1 chosen from 1 choice
[    2.052677] hub 2-0:1.0: USB hub found
[    2.052681] hub 2-0:1.0: 2 ports detected
[    2.052734] usbcore: registered new interface driver libusual
[    2.052777] PNP: PS/2 Controller [PNP0303:KBC,PNP0f13:MOUS] at 0x60,0x64 irq 1,12
[    2.053108] serio: i8042 KBD port at 0x60,0x64 irq 1
[    2.053115] serio: i8042 AUX port at 0x60,0x64 irq 12
[    2.053149] mice: PS/2 mouse device common for all mice
[    2.053202] rtc_cmos 00:04: rtc core: registered rtc_cmos as rtc0
[    2.053216] rtc0: alarms up to one month, y3k, 114 bytes nvram, hpet irqs
[    2.053269] device-mapper: uevent: version 1.0.3
[    2.053377] device-mapper: ioctl: 4.15.0-ioctl (2009-04-01) initialised: dm-devel@redhat.com
[    2.053393] EISA: Probing bus 0 at eisa.0
[    2.053400] Cannot allocate resource for EISA slot 1
[    2.053402] Cannot allocate resource for EISA slot 2
[    2.053404] Cannot allocate resource for EISA slot 3
[    2.053405] Cannot allocate resource for EISA slot 4
[    2.053407] Cannot allocate resource for EISA slot 5
[    2.053409] Cannot allocate resource for EISA slot 6
[    2.053411] Cannot allocate resource for EISA slot 7
[    2.053412] Cannot allocate resource for EISA slot 8
[    2.053414] EISA: Detected 0 cards.
[    2.053512] cpuidle: using governor ladder
[    2.053523] cpuidle: using governor menu
[    2.053575] random 0000 0000 0000 00000000 00000000: rand_read_num 4 get_random_bytes(136): sig 0000021d 00000000 00000000
[    2.053578] random 0000 0000 0000 00000000 00000000: extract_entropy(.. 136 ..)
[    2.053580] random 0000 0000 0000 00000000 00000000: going to reseed nonblocking with 1024 bits (1088 of 0 requested)
[    2.053582] random 0000 0000 0000 00000000 00000000: extract_entropy(.. 128 ..)
[    2.053584] random 0000 0000 0000 00000000 00000000: trying to extract 1024 bits from input
[    2.053586] random 0000 0000 0000 00000000 00000000: debiting 0 entropy credits from input
[    2.053588] random 0000 0000 0000 00000000 00000000: extract_entropy account returned: 0 
[    2.053591] random 0000 0000 0000 00000000 00000000: urand_change_num 7 xfer_secondary_pool(136): pool_sig 0000021d, data_sig 00000000, bytes_mixed 0 00000000 00000000
[    2.053594] random 0000 0000 0000 00000000 00000000: trying to extract 1088 bits from nonblocking
[    2.053596] random 0000 0000 0000 00000000 00000000: debiting 1088 entropy credits from nonblocking (unlimited)
[    2.053598] random 0000 0000 0000 00000000 00000000: extract_entropy account returned: 136 
[    2.053602] random 0000 0000 0000 00000000 00000000: urand_change_num 8 extract_buf: pool_sig 0000021d, data_sig fffffff7, bytes_mixed 20 00000000 00000000
[    2.053606] random 0000 0000 0000 f961ee50 ba9cb1aa: urand_change_num 9 extract_buf: pool_sig 00000230, data_sig fffffeb4, bytes_mixed 20 f961ee50 ba9cb1aa
[    2.053610] random 0000 0000 0000 9748bdd6 56fb8af6: urand_change_num 10 extract_buf: pool_sig 00000373, data_sig 000000cf, bytes_mixed 20 9748bdd6 56fb8af6
[    2.053615] random 0000 0000 0000 9748bdd6 56fb8af6: urand_change_num 11 extract_buf: pool_sig fffffe49, data_sig 0000023f, bytes_mixed 20 9748bdd6 56fb8af6
[    2.053619] random 0000 0000 0000 a135be86 4777650e: urand_change_num 12 extract_buf: pool_sig fffffcce, data_sig 000000c6, bytes_mixed 20 a135be86 4777650e
[    2.053623] random 0000 0000 0000 4a6ea85d 170e00dd: urand_change_num 13 extract_buf: pool_sig ffffff97, data_sig ffffff7d, bytes_mixed 20 4a6ea85d 170e00dd
[    2.053627] random 0000 0000 0000 4a6ea85d 170e00dd: urand_change_num 14 extract_buf: pool_sig 00000160, data_sig fffffeea, bytes_mixed 20 4a6ea85d 170e00dd
[    2.053631] random 0000 0000 0000 6e87c3cb da668c73: urand_change_num 15 extract_buf: pool_sig 0000034f, data_sig ffffff54, bytes_mixed 20 6e87c3cb da668c73
[    2.053635] random 0000 0000 0000 6e87c3cb da668c73: urand_change_num 16 extract_buf: pool_sig fffffdc5, data_sig 00000205, bytes_mixed 20 6e87c3cb da668c73
[    2.053640] random 0000 0000 0000 39f531e6 461eb249: urand_change_num 17 extract_buf: pool_sig fffffc1d, data_sig ffffff5e, bytes_mixed 20 39f531e6 461eb249
[    2.053644] random 0000 0000 0000 7e1538a2 3e661182: urand_change_num 18 extract_buf: pool_sig 000006ef, data_sig ffffff2e, bytes_mixed 20 7e1538a2 3e661182
[    2.053648] random 0000 0000 0000 7e1538a2 3e661182: urand_change_num 19 extract_buf: pool_sig 00000317, data_sig fffffccb, bytes_mixed 20 7e1538a2 3e661182
[    2.053652] random 0000 0000 0000 76af506b 9b57305e: urand_change_num 20 extract_buf: pool_sig 00000227, data_sig ffffffd2, bytes_mixed 20 76af506b 9b57305e
[    2.053656] random 0000 0000 0000 37d49d89 e20417cc: urand_change_num 21 extract_buf: pool_sig 0000080b, data_sig 000001e9, bytes_mixed 20 37d49d89 e20417cc
[    2.053660] TCP cubic registered
[    2.053712] NET: Registered protocol family 10
[    2.053745] RANDOM - __random32 called. Change num 12.  Value: 5eba7c56	3354535f	8d65ceee
[    2.053747] RANDOM - random32 called.  Value: 5eba7c56	3354535f	8d65ceee
[    2.053755] random 0000 0000 0000 37d49d89 e20417cc: rand_read_num 5 get_random_bytes(4): sig 00000298 37d49d89 e20417cc
[    2.053758] random 0000 0000 0000 37d49d89 e20417cc: extract_entropy(.. 4 ..)
[    2.053760] random 0000 0000 0000 37d49d89 e20417cc: going to reseed nonblocking with 64 bits (32 of 0 requested)
[    2.053762] random 0000 0000 0000 37d49d89 e20417cc: extract_entropy(.. 8 ..)
[    2.053764] random 0000 0000 0000 37d49d89 e20417cc: trying to extract 64 bits from input
[    2.053766] random 0000 0000 0000 37d49d89 e20417cc: debiting 0 entropy credits from input
[    2.053768] random 0000 0000 0000 37d49d89 e20417cc: extract_entropy account returned: 0 
[    2.053771] random 0000 0000 0000 37d49d89 e20417cc: urand_change_num 22 xfer_secondary_pool(4): pool_sig 00000298, data_sig 00000000, bytes_mixed 0 37d49d89 e20417cc
[    2.053773] random 0000 0000 0000 37d49d89 e20417cc: trying to extract 32 bits from nonblocking
[    2.053776] random 0000 0000 0000 37d49d89 e20417cc: debiting 32 entropy credits from nonblocking (unlimited)
[    2.053778] random 0000 0000 0000 37d49d89 e20417cc: extract_entropy account returned: 4 
[    2.053781] random 0000 0000 0000 37d49d89 e20417cc: urand_change_num 23 extract_buf: pool_sig 00000298, data_sig 00000092, bytes_mixed 20 37d49d89 e20417cc
[    2.053833] RANDOM - __random32 called. Change num 13.  Value: a7c56226	354535ff	9ddcc977
[    2.053835] RANDOM - random32 called.  Value: a7c56226	354535ff	9ddcc977
[    2.053888] NET: Registered protocol family 17
[    2.053907] Using IPI No-Shortcut mode
[    2.053913] random 0000 0000 0000 2ee4c4fc 167bdb15: rand_read_num 6 get_random_bytes(8): sig fffffcbf 2ee4c4fc 167bdb15
[    2.053915] random 0000 0000 0000 2ee4c4fc 167bdb15: extract_entropy(.. 8 ..)
[    2.053917] random 0000 0000 0000 2ee4c4fc 167bdb15: going to reseed nonblocking with 64 bits (64 of 0 requested)
[    2.053919] random 0000 0000 0000 2ee4c4fc 167bdb15: extract_entropy(.. 8 ..)
[    2.053921] random 0000 0000 0000 2ee4c4fc 167bdb15: trying to extract 64 bits from input
[    2.053923] random 0000 0000 0000 2ee4c4fc 167bdb15: debiting 0 entropy credits from input
[    2.053925] random 0000 0000 0000 2ee4c4fc 167bdb15: extract_entropy account returned: 0 
[    2.053928] random 0000 0000 0000 2ee4c4fc 167bdb15: urand_change_num 24 xfer_secondary_pool(8): pool_sig fffffcbf, data_sig 00000000, bytes_mixed 0 2ee4c4fc 167bdb15
[    2.053930] random 0000 0000 0000 2ee4c4fc 167bdb15: trying to extract 64 bits from nonblocking
[    2.053933] random 0000 0000 0000 2ee4c4fc 167bdb15: debiting 64 entropy credits from nonblocking (unlimited)
[    2.053935] random 0000 0000 0000 2ee4c4fc 167bdb15: extract_entropy account returned: 8 
[    2.053938] random 0000 0000 0000 2ee4c4fc 167bdb15: urand_change_num 25 extract_buf: pool_sig fffffcbf, data_sig ffffff83, bytes_mixed 20 2ee4c4fc 167bdb15
[    2.053975] PM: Resume from disk failed.
[    2.053982] registered taskstats version 1
[    2.053985] random 0000 0000 0000 2ee4c4fc 167bdb15: rand_read_num 7 get_random_bytes(12): sig fffffc69 2ee4c4fc 167bdb15
[    2.053987] random 0000 0000 0000 2ee4c4fc 167bdb15: extract_entropy(.. 12 ..)
[    2.053989] random 0000 0000 0000 2ee4c4fc 167bdb15: going to reseed nonblocking with 96 bits (96 of 0 requested)
[    2.053992] random 0000 0000 0000 2ee4c4fc 167bdb15: extract_entropy(.. 12 ..)
[    2.053993] random 0000 0000 0000 2ee4c4fc 167bdb15: trying to extract 96 bits from input
[    2.053995] random 0000 0000 0000 2ee4c4fc 167bdb15: debiting 0 entropy credits from input
[    2.053997] random 0000 0000 0000 2ee4c4fc 167bdb15: extract_entropy account returned: 0 
[    2.054000] random 0000 0000 0000 2ee4c4fc 167bdb15: urand_change_num 26 xfer_secondary_pool(12): pool_sig fffffc69, data_sig 00000000, bytes_mixed 0 2ee4c4fc 167bdb15
[    2.054003] random 0000 0000 0000 2ee4c4fc 167bdb15: trying to extract 96 bits from nonblocking
[    2.054005] random 0000 0000 0000 2ee4c4fc 167bdb15: debiting 96 entropy credits from nonblocking (unlimited)
[    2.054007] random 0000 0000 0000 2ee4c4fc 167bdb15: extract_entropy account returned: 12 
[    2.054010] random 0000 0000 0000 2ee4c4fc 167bdb15: urand_change_num 27 extract_buf: pool_sig fffffc69, data_sig ffffff7d, bytes_mixed 20 2ee4c4fc 167bdb15
[    2.054014] random 0000 0000 0000 83b7c1ab 94697f48: urand_change_num 28 extract_buf: pool_sig fffffe30, data_sig fffffdd6, bytes_mixed 20 83b7c1ab 94697f48
[    2.054017] RANDOM - __seed init called.
[    2.054018] RANDOM - __seed init called.
[    2.054019] RANDOM - __seed init called.
[    2.054021] RANDOM - __random32 called. Change num 14.  Value: fc007995	feca4f80	21b38ad2
[    2.054023] RANDOM - random32_reseed called.  Value: fc007995	feca4f80	21b38ad2
[    2.054025] Pid: 1, comm: swapper Not tainted 2.6.32.57 #4
[    2.054027] Call Trace:
[    2.054032]  [<c14a8a0e>] ? printk+0x1d/0x1f
[    2.054037]  [<c17537e5>] random32_reseed+0x89/0xbd
[    2.054040]  [<c1003042>] do_one_initcall+0x32/0x1a0
[    2.054043]  [<c175375c>] ? random32_reseed+0x0/0xbd
[    2.054046]  [<c17308e7>] kernel_init+0x12d/0x17a
[    2.054048]  [<c17307ba>] ? kernel_init+0x0/0x17a
[    2.054051]  [<c1009b07>] kernel_thread_helper+0x7/0x10
[    2.056845] input: AT Translated Set 2 keyboard as /devices/platform/i8042/serio0/input/input1
[    2.057123] random 0000 0000 0000 6db70b00 b30ce96b: rand_read_num 8 get_random_bytes(64): sig fffffb38 6db70b00 b30ce96b
[    2.057126] random 0000 0000 0000 6db70b00 b30ce96b: extract_entropy(.. 64 ..)
[    2.057129] random 0000 0000 0000 6db70b00 b30ce96b: going to reseed nonblocking with 512 bits (512 of 0 requested)
[    2.057131] random 0000 0000 0000 6db70b00 b30ce96b: extract_entropy(.. 64 ..)
[    2.057133] random 0000 0000 0000 6db70b00 b30ce96b: trying to extract 512 bits from input
[    2.057135] random 0000 0000 0000 6db70b00 b30ce96b: debiting 0 entropy credits from input
[    2.057137] random 0000 0000 0000 6db70b00 b30ce96b: extract_entropy account returned: 0 
[    2.057140] random 0000 0000 0000 6db70b00 b30ce96b: urand_change_num 29 xfer_secondary_pool(64): pool_sig fffffb38, data_sig 00000000, bytes_mixed 0 6db70b00 b30ce96b
[    2.057143] random 0000 0000 0000 6db70b00 b30ce96b: trying to extract 512 bits from nonblocking
[    2.057145] random 0000 0000 0000 6db70b00 b30ce96b: debiting 512 entropy credits from nonblocking (unlimited)
[    2.057148] random 0000 0000 0000 6db70b00 b30ce96b: extract_entropy account returned: 64 
[    2.057151] random 0000 0000 0000 6db70b00 b30ce96b: urand_change_num 30 extract_buf: pool_sig fffffb38, data_sig 00000151, bytes_mixed 20 6db70b00 b30ce96b
[    2.057155] random 0000 0000 0000 6db70b00 b30ce96b: urand_change_num 31 extract_buf: pool_sig fffffdb8, data_sig 00000379, bytes_mixed 20 6db70b00 b30ce96b
[    2.057159] random 0000 0000 0000 6b83001e d4b6c0d3: urand_change_num 32 extract_buf: pool_sig ffffffc9, data_sig 00000198, bytes_mixed 20 6b83001e d4b6c0d3
[    2.057164] random 0000 0000 0000 79d3e3c7 be564518: urand_change_num 33 extract_buf: pool_sig 000002b9, data_sig ffffff84, bytes_mixed 20 79d3e3c7 be564518
[    2.057168] random 0000 0000 0000 79d3e3c7 be564518: urand_change_num 34 extract_buf: pool_sig ffffff55, data_sig ffffff5a, bytes_mixed 20 79d3e3c7 be564518
[    2.057172] random 0000 0000 0000 89c03cb2 0d353228: urand_change_num 35 extract_buf: pool_sig 00000007, data_sig ffffff17, bytes_mixed 20 89c03cb2 0d353228
[    2.057176] random 0000 0000 0000 89c03cb2 0d353228: urand_change_num 36 extract_buf: pool_sig fffffdae, data_sig 000000db, bytes_mixed 20 89c03cb2 0d353228  Magic number: 13:574:1008
[    2.057277] rtc_cmos 00:04: setting system clock to 2013-05-24 22:58:57 UTC (1369436337)
[    2.057279] BIOS EDD facility v0.16 2004-Jun-25, 0 devices found
[    2.057281] EDD information not available.
[    2.057305] random 0000 0000 0000 8ca62387 b120332c: rand_read_num 9 get_random_bytes(64): sig fffffed6 8ca62387 b120332c
[    2.057308] random 0000 0000 0000 8ca62387 b120332c: extract_entropy(.. 64 ..)
[    2.057310] random 0000 0000 0000 8ca62387 b120332c: going to reseed nonblocking with 512 bits (512 of 0 requested)
[    2.057312] random 0000 0000 0000 8ca62387 b120332c: extract_entropy(.. 64 ..)
[    2.057314] random 0000 0000 0000 8ca62387 b120332c: trying to extract 512 bits from input
[    2.057316] random 0000 0000 0000 8ca62387 b120332c: debiting 0 entropy credits from input
[    2.057318] random 0000 0000 0000 8ca62387 b120332c: extract_entropy account returned: 0 
[    2.057321] random 0000 0000 0000 8ca62387 b120332c: urand_change_num 37 xfer_secondary_pool(64): pool_sig fffffed6, data_sig 00000000, bytes_mixed 0 8ca62387 b120332c
[    2.057332] random 0000 0000 0000 8ca62387 b120332c: trying to extract 512 bits from nonblocking
[    2.057345] random 0000 0000 0000 8ca62387 b120332c: debiting 512 entropy credits from nonblocking (unlimited)
[    2.057347] random 0000 0000 0000 8ca62387 b120332c: extract_entropy account returned: 64 
[    2.057351] random 0000 0000 0000 8ca62387 b120332c: urand_change_num 38 extract_buf: pool_sig fffffed6, data_sig fffffeb6, bytes_mixed 20 8ca62387 b120332c
[    2.057355] random 0000 0000 0000 90702413 e2a66c2e: urand_change_num 39 extract_buf: pool_sig fffffbb0, data_sig 0000012e, bytes_mixed 20 90702413 e2a66c2e
[    2.057360] random 0000 0000 0000 90702413 e2a66c2e: urand_change_num 40 extract_buf: pool_sig fffffaf1, data_sig ffffff3c, bytes_mixed 20 90702413 e2a66c2e
[    2.057364] random 0000 0000 0000 3f58038b c77aecb6: urand_change_num 41 extract_buf: pool_sig 00000234, data_sig fffffdec, bytes_mixed 20 3f58038b c77aecb6
[    2.057369] random 0000 0000 0000 47187b9d 03f21510: urand_change_num 42 extract_buf: pool_sig 00000192, data_sig 00000075, bytes_mixed 20 47187b9d 03f21510
[    2.057373] random 0000 0000 0000 47187b9d 03f21510: urand_change_num 43 extract_buf: pool_sig 0000018e, data_sig ffffffbf, bytes_mixed 20 47187b9d 03f21510
[    2.057377] random 0000 0000 0000 3180b1fc 0fa9c973: urand_change_num 44 extract_buf: pool_sig fffffecf, data_sig ffffff2a, bytes_mixed 20 3180b1fc 0fa9c973
[    2.057380] BEGIN NET_SECRET:
[    2.057381] \xffffff87
[    2.057383] \xffffff8d
[    2.057393] \xfffffff4
[    2.057394] \xffffffae
[    2.057395] \xffffffc3
[    2.057396] \xffffffb7
[    2.057397] \x31
[    2.057398] \x65
[    2.057399] \xffffffda
[    2.057400] \xffffffa2
[    2.057402] \x31
[    2.057403] \xffffffc8
[    2.057404] \xffffffa9
[    2.057405] \x76
[    2.057406] \x76
[    2.057407] \xffffff90
[    2.057408] \x55
[    2.057409] \xfffffff3
[    2.057410] \xffffffb1
[    2.057411] \x3
[    2.057412] \xffffffb3
[    2.057413] \xffffffa7
[    2.057414] \x5a
[    2.057415] \x71
[    2.057416] \x70
[    2.057417] \xffffff8c
[    2.057419] \x56
[    2.057420] \x25
[    2.057421] \xffffffe1
[    2.057422] \x4c
[    2.057423] \xffffffe6
[    2.057424] \xffffff95
[    2.057425] \x67
[    2.057426] \x4c
[    2.057427] \xffffffb9
[    2.057428] \x1d
[    2.057429] \xe
[    2.057430] \x34
[    2.057431] \xffffffbe
[    2.057432] \x12
[    2.057433] \x5
[    2.057434] \xffffff98
[    2.057435] \xffffffa0
[    2.057437] \xf
[    2.057438] \xffffffb2
[    2.057439] \xffffffde
[    2.057440] \xffffff99
[    2.057441] \xf
[    2.057442] \xffffffe8
[    2.057443] \xffffffc8
[    2.057444] \x1f
[    2.057445] \x54
[    2.057446] \x2c
[    2.057447] \xffffffee
[    2.057448] \x2e
[    2.057449] \x0
[    2.057450] \xffffff95
[    2.057451] \x0
[    2.057452] \xffffffe3
[    2.057454] \xffffffa7
[    2.057455] \xfffffffd
[    2.057456] \x66
[    2.057457] \xffffff92
[    2.057458] \xfffffff0
[    2.057459] 
[    2.057460] END NET_SECRET
[    2.057463] random 0000 0000 0000 3180b1fc 0fa9c973: rand_read_num 10 get_random_bytes(4): sig ffffff46 3180b1fc 0fa9c973
[    2.057465] random 0000 0000 0000 3180b1fc 0fa9c973: extract_entropy(.. 4 ..)
[    2.057467] random 0000 0000 0000 3180b1fc 0fa9c973: going to reseed nonblocking with 64 bits (32 of 0 requested)
[    2.057469] random 0000 0000 0000 3180b1fc 0fa9c973: extract_entropy(.. 8 ..)
[    2.057471] random 0000 0000 0000 3180b1fc 0fa9c973: trying to extract 64 bits from input
[    2.057473] random 0000 0000 0000 3180b1fc 0fa9c973: debiting 0 entropy credits from input
[    2.057475] random 0000 0000 0000 3180b1fc 0fa9c973: extract_entropy account returned: 0 
[    2.057478] random 0000 0000 0000 3180b1fc 0fa9c973: urand_change_num 45 xfer_secondary_pool(4): pool_sig ffffff46, data_sig 00000000, bytes_mixed 0 3180b1fc 0fa9c973
[    2.057480] random 0000 0000 0000 3180b1fc 0fa9c973: trying to extract 32 bits from nonblocking
[    2.057483] random 0000 0000 0000 3180b1fc 0fa9c973: debiting 32 entropy credits from nonblocking (unlimited)
[    2.057485] random 0000 0000 0000 3180b1fc 0fa9c973: extract_entropy account returned: 4 
[    2.057488] random 0000 0000 0000 3180b1fc 0fa9c973: urand_change_num 46 extract_buf: pool_sig ffffff46, data_sig 0000001b, bytes_mixed 20 3180b1fc 0fa9c973
[    2.231748] ata2.00: ATAPI: VMware Virtual IDE CDROM Drive, 00000001, max UDMA/33
[    2.232078] ata2.00: configured for UDMA/33
[    2.232457] scsi 1:0:0:0: CD-ROM            NECVMWar VMware IDE CDR10 1.00 PQ: 0 ANSI: 5
[    2.233678] sr0: scsi3-mmc drive: 306x/306x cd/rw xa/form2 cdda tray
[    2.233681] Uniform CD-ROM driver Revision: 3.20
[    2.233734] sr 1:0:0:0: Attached scsi CD-ROM sr0
[    2.233769] sr 1:0:0:0: Attached scsi generic sg0 type 5
[    2.233803] Freeing unused kernel memory: 652k freed
[    2.233856] Write protecting the kernel text: 4840k
[    2.233887] Write protecting the kernel read-only data: 1968k
[    2.233975] random 0000 0000 0000 38974d2b 1d8d6de0: rand_read_num 11 get_random_bytes(16): sig 000001c6 38974d2b 1d8d6de0
