[    0.000000] random 0000 0000 0000 00000000 00000000: rand_read_num 1 get_random_bytes(8): sig 00000000 00000000 00000000
[    0.000000] random 0000 0000 0000 00000000 00000000: extract_entropy(.. 8 ..)
[    0.000000] random 0000 0000 0000 00000000 00000000: going to reseed nonblocking with 64 bits (64 of 0 requested)
[    0.000000] random 0000 0000 0000 00000000 00000000: extract_entropy(.. 8 ..)
[    0.000000] random 0000 0000 0000 00000000 00000000: trying to extract 64 bits from input
[    0.000000] random 0000 0000 0000 00000000 00000000: debiting 0 entropy credits from input
[    0.000000] random 0000 0000 0000 00000000 00000000: extract_entropy account returned: 0 
[    0.000000] random 0000 0000 0000 00000000 00000000: urand_change_num 1 xfer_secondary_pool(8): pool_sig 00000000, data_sig 00000000, bytes_mixed 0 00000000 00000000
[    0.000000] random 0000 0000 0000 00000000 00000000: trying to extract 64 bits from nonblocking
[    0.000000] random 0000 0000 0000 00000000 00000000: debiting 64 entropy credits from nonblocking (unlimited)
[    0.000000] random 0000 0000 0000 00000000 00000000: extract_entropy account returned: 8 
[    0.000000] random 0000 0000 0000 00000000 00000000: urand_change_num 2 extract_buf: pool_sig 00000000, data_sig fffffff9, bytes_mixed 20 00000000 00000000
[    0.000000] Initializing cgroup subsys cpuset
[    0.000000] Initializing cgroup subsys cpu
[    0.000000] Linux version 2.6.32.57 (dcashman@ubuntu) (gcc version 4.6.3 (Ubuntu/Linaro 4.6.3-1ubuntu5) ) #4 SMP Fri May 24 11:09:26 PDT 2013
[    0.000000] KERNEL supported cpus:
[    0.000000]   Intel GenuineIntel
[    0.000000]   AMD AuthenticAMD
[    0.000000]   NSC Geode by NSC
[    0.000000]   Cyrix CyrixInstead
[    0.000000]   Centaur CentaurHauls
[    0.000000]   Transmeta GenuineTMx86
[    0.000000]   Transmeta TransmetaCPU
[    0.000000]   UMC UMC UMC UMC
[    0.000000] BIOS-provided physical RAM map:
[    0.000000]  BIOS-e820: 0000000000000000 - 000000000009f000 (usable)
[    0.000000]  BIOS-e820: 000000000009f000 - 00000000000a0000 (reserved)
[    0.000000]  BIOS-e820: 00000000000ca000 - 00000000000cc000 (reserved)
[    0.000000]  BIOS-e820: 00000000000dc000 - 0000000000100000 (reserved)
[    0.000000]  BIOS-e820: 0000000000100000 - 000000003fee0000 (usable)
[    0.000000]  BIOS-e820: 000000003fee0000 - 000000003feff000 (ACPI data)
[    0.000000]  BIOS-e820: 000000003feff000 - 000000003ff00000 (ACPI NVS)
[    0.000000]  BIOS-e820: 000000003ff00000 - 0000000040000000 (usable)
[    0.000000]  BIOS-e820: 00000000e0000000 - 00000000f0000000 (reserved)
[    0.000000]  BIOS-e820: 00000000fec00000 - 00000000fec10000 (reserved)
[    0.000000]  BIOS-e820: 00000000fee00000 - 00000000fee01000 (reserved)
[    0.000000]  BIOS-e820: 00000000fffe0000 - 0000000100000000 (reserved)
[    0.000000] DMI present.
[    0.000000] Phoenix BIOS detected: BIOS may corrupt low RAM, working around it.
[    0.000000] e820 update range: 0000000000000000 - 0000000000010000 (usable) ==> (reserved)
[    0.000000] last_pfn = 0x40000 max_arch_pfn = 0x1000000
[    0.000000] MTRR default type: uncachable
[    0.000000] MTRR fixed ranges enabled:
[    0.000000]   00000-9FFFF write-back
[    0.000000]   A0000-BFFFF uncachable
[    0.000000]   C0000-CBFFF write-protect
[    0.000000]   CC000-EFFFF uncachable
[    0.000000]   F0000-FFFFF write-protect
[    0.000000] MTRR variable ranges enabled:
[    0.000000]   0 base 0000000000 mask FFC0000000 write-back
[    0.000000]   1 disabled
[    0.000000]   2 disabled
[    0.000000]   3 disabled
[    0.000000]   4 disabled
[    0.000000]   5 disabled
[    0.000000]   6 disabled
[    0.000000]   7 disabled
[    0.000000] x86 PAT enabled: cpu 0, old 0x0, new 0x7010600070106
[    0.000000] Scanning 0 areas for low memory corruption
[    0.000000] modified physical RAM map:
[    0.000000]  modified: 0000000000000000 - 0000000000010000 (reserved)
[    0.000000]  modified: 0000000000010000 - 000000000009f000 (usable)
[    0.000000]  modified: 000000000009f000 - 00000000000a0000 (reserved)
[    0.000000]  modified: 00000000000ca000 - 00000000000cc000 (reserved)
[    0.000000]  modified: 00000000000dc000 - 0000000000100000 (reserved)
[    0.000000]  modified: 0000000000100000 - 000000003fee0000 (usable)
[    0.000000]  modified: 000000003fee0000 - 000000003feff000 (ACPI data)
[    0.000000]  modified: 000000003feff000 - 000000003ff00000 (ACPI NVS)
[    0.000000]  modified: 000000003ff00000 - 0000000040000000 (usable)
[    0.000000]  modified: 00000000e0000000 - 00000000f0000000 (reserved)
[    0.000000]  modified: 00000000fec00000 - 00000000fec10000 (reserved)
[    0.000000]  modified: 00000000fee00000 - 00000000fee01000 (reserved)
[    0.000000]  modified: 00000000fffe0000 - 0000000100000000 (reserved)
[    0.000000] initial memory mapped : 0 - 01e00000
[    0.000000] init_memory_mapping: 0000000000000000-00000000379fe000
[    0.000000] NX (Execute Disable) protection: active
[    0.000000]  0000000000 - 0000200000 page 4k
[    0.000000]  0000200000 - 0037800000 page 2M
[    0.000000]  0037800000 - 00379fe000 page 4k
[    0.000000] kernel direct mapping tables up to 379fe000 @ 10000-16000
[    0.000000] RAMDISK: 2dcfc000 - 32e758c3
[    0.000000] ACPI: RSDP 000f6b80 00024 (v02 PTLTD )
[    0.000000] ACPI: XSDT 3feed636 0005C (v01 INTEL  440BX    06040000 VMW  01324272)
[    0.000000] ACPI: FACP 3fefee98 000F4 (v04 INTEL  440BX    06040000 PTL  000F4240)
[    0.000000] ACPI: DSDT 3feee366 10B32 (v01 PTLTD  Custom   06040000 MSFT 03000001)
[    0.000000] ACPI: FACS 3fefffc0 00040
[    0.000000] ACPI: BOOT 3feee33e 00028 (v01 PTLTD  $SBFTBL$ 06040000  LTP 00000001)
[    0.000000] ACPI: APIC 3feedc3e 003C2 (v01 PTLTD  ? APIC   06040000  LTP 00000000)
[    0.000000] ACPI: MCFG 3feedc02 0003C (v01 PTLTD  $PCITBL$ 06040000  LTP 00000001)
[    0.000000] ACPI: SRAT 3feed732 004D0 (v02 VMWARE MEMPLUG  06040000 VMW  00000001)
[    0.000000] ACPI: HPET 3feed6fa 00038 (v01 VMWARE VMW HPET 06040000 VMW  00000001)
[    0.000000] ACPI: WAET 3feed6d2 00028 (v01 VMWARE VMW WAET 06040000 VMW  00000001)
[    0.000000] ACPI: Local APIC address 0xfee00000
[    0.000000] 134MB HIGHMEM available.
[    0.000000] 889MB LOWMEM available.
[    0.000000]   mapped low ram: 0 - 379fe000
[    0.000000]   low ram: 0 - 379fe000
[    0.000000]   node 0 low ram: 00000000 - 379fe000
[    0.000000]   node 0 bootmap 00012000 - 00018f40
[    0.000000] (9 early reservations) ==> bootmem [0000000000 - 00379fe000]
[    0.000000]   #0 [0000000000 - 0000001000]   BIOS data page ==> [0000000000 - 0000001000]
[    0.000000]   #1 [0000001000 - 0000002000]    EX TRAMPOLINE ==> [0000001000 - 0000002000]
[    0.000000]   #2 [0000006000 - 0000007000]       TRAMPOLINE ==> [0000006000 - 0000007000]
[    0.000000]   #3 [0001000000 - 0001a75ff8]    TEXT DATA BSS ==> [0001000000 - 0001a75ff8]
[    0.000000]   #4 [002dcfc000 - 0032e758c3]          RAMDISK ==> [002dcfc000 - 0032e758c3]
[    0.000000]   #5 [000009f000 - 0000100000]    BIOS reserved ==> [000009f000 - 0000100000]
[    0.000000]   #6 [0001a76000 - 0001a851c0]              BRK ==> [0001a76000 - 0001a851c0]
[    0.000000]   #7 [0000010000 - 0000012000]          PGTABLE ==> [0000010000 - 0000012000]
[    0.000000]   #8 [0000012000 - 0000019000]          BOOTMAP ==> [0000012000 - 0000019000]
[    0.000000] found SMP MP-table at [c00f6bf0] f6bf0
[    0.000000] Zone PFN ranges:
[    0.000000]   DMA      0x00000010 -> 0x00001000
[    0.000000]   Normal   0x00001000 -> 0x000379fe
[    0.000000]   HighMem  0x000379fe -> 0x00040000
[    0.000000] Movable zone start PFN for each node
[    0.000000] early_node_map[3] active PFN ranges
[    0.000000]     0: 0x00000010 -> 0x0000009f
[    0.000000]     0: 0x00000100 -> 0x0003fee0
[    0.000000]     0: 0x0003ff00 -> 0x00040000
[    0.000000] On node 0 totalpages: 261999
[    0.000000] free_area_init_node: node 0, pgdat c1715200, node_mem_map c1a87200
[    0.000000]   DMA zone: 32 pages used for memmap
[    0.000000]   DMA zone: 0 pages reserved
[    0.000000]   DMA zone: 3951 pages, LIFO batch:0
[    0.000000]   Normal zone: 1748 pages used for memmap
[    0.000000]   Normal zone: 221994 pages, LIFO batch:31
[    0.000000]   HighMem zone: 269 pages used for memmap
[    0.000000]   HighMem zone: 34005 pages, LIFO batch:7
[    0.000000] Using APIC driver default
[    0.000000] ACPI: PM-Timer IO Port: 0x1008
[    0.000000] ACPI: Local APIC address 0xfee00000
[    0.000000] ACPI: LAPIC (acpi_id[0x00] lapic_id[0x00] enabled)
[    0.000000] ACPI: LAPIC (acpi_id[0x01] lapic_id[0x02] disabled)
[    0.000000] ACPI: LAPIC (acpi_id[0x02] lapic_id[0x04] disabled)
[    0.000000] ACPI: LAPIC (acpi_id[0x03] lapic_id[0x06] disabled)
[    0.000000] ACPI: LAPIC (acpi_id[0x04] lapic_id[0x08] disabled)
[    0.000000] ACPI: LAPIC (acpi_id[0x05] lapic_id[0x0a] disabled)
[    0.000000] ACPI: LAPIC (acpi_id[0x06] lapic_id[0x0c] disabled)
[    0.000000] ACPI: LAPIC (acpi_id[0x07] lapic_id[0x0e] disabled)
[    0.000000] ACPI: LAPIC (acpi_id[0x08] lapic_id[0x10] disabled)
[    0.000000] ACPI: LAPIC (acpi_id[0x09] lapic_id[0x12] disabled)
[    0.000000] ACPI: LAPIC (acpi_id[0x0a] lapic_id[0x14] disabled)
[    0.000000] ACPI: LAPIC (acpi_id[0x0b] lapic_id[0x16] disabled)
[    0.000000] ACPI: LAPIC (acpi_id[0x0c] lapic_id[0x18] disabled)
[    0.000000] ACPI: LAPIC (acpi_id[0x0d] lapic_id[0x1a] disabled)
[    0.000000] ACPI: LAPIC (acpi_id[0x0e] lapic_id[0x1c] disabled)
[    0.000000] ACPI: LAPIC (acpi_id[0x0f] lapic_id[0x1e] disabled)
[    0.000000] ACPI: LAPIC (acpi_id[0x10] lapic_id[0x20] disabled)
[    0.000000] ACPI: LAPIC (acpi_id[0x11] lapic_id[0x22] disabled)
[    0.000000] ACPI: LAPIC (acpi_id[0x12] lapic_id[0x24] disabled)
[    0.000000] ACPI: LAPIC (acpi_id[0x13] lapic_id[0x26] disabled)
[    0.000000] ACPI: LAPIC (acpi_id[0x14] lapic_id[0x28] disabled)
[    0.000000] ACPI: LAPIC (acpi_id[0x15] lapic_id[0x2a] disabled)
[    0.000000] ACPI: LAPIC (acpi_id[0x16] lapic_id[0x2c] disabled)
[    0.000000] ACPI: LAPIC (acpi_id[0x17] lapic_id[0x2e] disabled)
[    0.000000] ACPI: LAPIC (acpi_id[0x18] lapic_id[0x30] disabled)
[    0.000000] ACPI: LAPIC (acpi_id[0x19] lapic_id[0x32] disabled)
[    0.000000] ACPI: LAPIC (acpi_id[0x1a] lapic_id[0x34] disabled)
[    0.000000] ACPI: LAPIC (acpi_id[0x1b] lapic_id[0x36] disabled)
[    0.000000] ACPI: LAPIC (acpi_id[0x1c] lapic_id[0x38] disabled)
[    0.000000] ACPI: LAPIC (acpi_id[0x1d] lapic_id[0x3a] disabled)
[    0.000000] ACPI: LAPIC (acpi_id[0x1e] lapic_id[0x3c] disabled)
[    0.000000] ACPI: LAPIC (acpi_id[0x1f] lapic_id[0x3e] disabled)
[    0.000000] ACPI: LAPIC (acpi_id[0x20] lapic_id[0x40] disabled)
[    0.000000] ACPI: LAPIC (acpi_id[0x21] lapic_id[0x42] disabled)
[    0.000000] ACPI: LAPIC (acpi_id[0x22] lapic_id[0x44] disabled)
[    0.000000] ACPI: LAPIC (acpi_id[0x23] lapic_id[0x46] disabled)
[    0.000000] ACPI: LAPIC (acpi_id[0x24] lapic_id[0x48] disabled)
[    0.000000] ACPI: LAPIC (acpi_id[0x25] lapic_id[0x4a] disabled)
[    0.000000] ACPI: LAPIC (acpi_id[0x26] lapic_id[0x4c] disabled)
[    0.000000] ACPI: LAPIC (acpi_id[0x27] lapic_id[0x4e] disabled)
[    0.000000] ACPI: LAPIC (acpi_id[0x28] lapic_id[0x50] disabled)
[    0.000000] ACPI: LAPIC (acpi_id[0x29] lapic_id[0x52] disabled)
[    0.000000] ACPI: LAPIC (acpi_id[0x2a] lapic_id[0x54] disabled)
[    0.000000] ACPI: LAPIC (acpi_id[0x2b] lapic_id[0x56] disabled)
[    0.000000] ACPI: LAPIC (acpi_id[0x2c] lapic_id[0x58] disabled)
[    0.000000] ACPI: LAPIC (acpi_id[0x2d] lapic_id[0x5a] disabled)
[    0.000000] ACPI: LAPIC (acpi_id[0x2e] lapic_id[0x5c] disabled)
[    0.000000] ACPI: LAPIC (acpi_id[0x2f] lapic_id[0x5e] disabled)
[    0.000000] ACPI: LAPIC (acpi_id[0x30] lapic_id[0x60] disabled)
[    0.000000] ACPI: LAPIC (acpi_id[0x31] lapic_id[0x62] disabled)
[    0.000000] ACPI: LAPIC (acpi_id[0x32] lapic_id[0x64] disabled)
[    0.000000] ACPI: LAPIC (acpi_id[0x33] lapic_id[0x66] disabled)
[    0.000000] ACPI: LAPIC (acpi_id[0x34] lapic_id[0x68] disabled)
[    0.000000] ACPI: LAPIC (acpi_id[0x35] lapic_id[0x6a] disabled)
[    0.000000] ACPI: LAPIC (acpi_id[0x36] lapic_id[0x6c] disabled)
[    0.000000] ACPI: LAPIC (acpi_id[0x37] lapic_id[0x6e] disabled)
[    0.000000] ACPI: LAPIC (acpi_id[0x38] lapic_id[0x70] disabled)
[    0.000000] ACPI: LAPIC (acpi_id[0x39] lapic_id[0x72] disabled)
[    0.000000] ACPI: LAPIC (acpi_id[0x3a] lapic_id[0x74] disabled)
[    0.000000] ACPI: LAPIC (acpi_id[0x3b] lapic_id[0x76] disabled)
[    0.000000] ACPI: LAPIC (acpi_id[0x3c] lapic_id[0x78] disabled)
[    0.000000] ACPI: LAPIC (acpi_id[0x3d] lapic_id[0x7a] disabled)
[    0.000000] ACPI: LAPIC (acpi_id[0x3e] lapic_id[0x7c] disabled)
[    0.000000] ACPI: LAPIC (acpi_id[0x3f] lapic_id[0x7e] disabled)
[    0.000000] ACPI: LAPIC_NMI (acpi_id[0x00] high edge lint[0x1])
[    0.000000] ACPI: LAPIC_NMI (acpi_id[0x01] high edge lint[0x1])
[    0.000000] ACPI: LAPIC_NMI (acpi_id[0x02] high edge lint[0x1])
[    0.000000] ACPI: LAPIC_NMI (acpi_id[0x03] high edge lint[0x1])
[    0.000000] ACPI: LAPIC_NMI (acpi_id[0x04] high edge lint[0x1])
[    0.000000] ACPI: LAPIC_NMI (acpi_id[0x05] high edge lint[0x1])
[    0.000000] ACPI: LAPIC_NMI (acpi_id[0x06] high edge lint[0x1])
[    0.000000] ACPI: LAPIC_NMI (acpi_id[0x07] high edge lint[0x1])
[    0.000000] ACPI: LAPIC_NMI (acpi_id[0x08] high edge lint[0x1])
[    0.000000] ACPI: LAPIC_NMI (acpi_id[0x09] high edge lint[0x1])
[    0.000000] ACPI: LAPIC_NMI (acpi_id[0x0a] high edge lint[0x1])
[    0.000000] ACPI: LAPIC_NMI (acpi_id[0x0b] high edge lint[0x1])
[    0.000000] ACPI: LAPIC_NMI (acpi_id[0x0c] high edge lint[0x1])
[    0.000000] ACPI: LAPIC_NMI (acpi_id[0x0d] high edge lint[0x1])
[    0.000000] ACPI: LAPIC_NMI (acpi_id[0x0e] high edge lint[0x1])
[    0.000000] ACPI: LAPIC_NMI (acpi_id[0x0f] high edge lint[0x1])
[    0.000000] ACPI: LAPIC_NMI (acpi_id[0x10] high edge lint[0x1])
[    0.000000] ACPI: LAPIC_NMI (acpi_id[0x11] high edge lint[0x1])
[    0.000000] ACPI: LAPIC_NMI (acpi_id[0x12] high edge lint[0x1])
[    0.000000] ACPI: LAPIC_NMI (acpi_id[0x13] high edge lint[0x1])
[    0.000000] ACPI: LAPIC_NMI (acpi_id[0x14] high edge lint[0x1])
[    0.000000] ACPI: LAPIC_NMI (acpi_id[0x15] high edge lint[0x1])
[    0.000000] ACPI: LAPIC_NMI (acpi_id[0x16] high edge lint[0x1])
[    0.000000] ACPI: LAPIC_NMI (acpi_id[0x17] high edge lint[0x1])
[    0.000000] ACPI: LAPIC_NMI (acpi_id[0x18] high edge lint[0x1])
[    0.000000] ACPI: LAPIC_NMI (acpi_id[0x19] high edge lint[0x1])
[    0.000000] ACPI: LAPIC_NMI (acpi_id[0x1a] high edge lint[0x1])
[    0.000000] ACPI: LAPIC_NMI (acpi_id[0x1b] high edge lint[0x1])
[    0.000000] ACPI: LAPIC_NMI (acpi_id[0x1c] high edge lint[0x1])
[    0.000000] ACPI: LAPIC_NMI (acpi_id[0x1d] high edge lint[0x1])
[    0.000000] ACPI: LAPIC_NMI (acpi_id[0x1e] high edge lint[0x1])
[    0.000000] ACPI: LAPIC_NMI (acpi_id[0x1f] high edge lint[0x1])
[    0.000000] ACPI: LAPIC_NMI (acpi_id[0x20] high edge lint[0x1])
[    0.000000] ACPI: LAPIC_NMI (acpi_id[0x21] high edge lint[0x1])
[    0.000000] ACPI: LAPIC_NMI (acpi_id[0x22] high edge lint[0x1])
[    0.000000] ACPI: LAPIC_NMI (acpi_id[0x23] high edge lint[0x1])
[    0.000000] ACPI: LAPIC_NMI (acpi_id[0x24] high edge lint[0x1])
[    0.000000] ACPI: LAPIC_NMI (acpi_id[0x25] high edge lint[0x1])
[    0.000000] ACPI: LAPIC_NMI (acpi_id[0x26] high edge lint[0x1])
[    0.000000] ACPI: LAPIC_NMI (acpi_id[0x27] high edge lint[0x1])
[    0.000000] ACPI: LAPIC_NMI (acpi_id[0x28] high edge lint[0x1])
[    0.000000] ACPI: LAPIC_NMI (acpi_id[0x29] high edge lint[0x1])
[    0.000000] ACPI: LAPIC_NMI (acpi_id[0x2a] high edge lint[0x1])
[    0.000000] ACPI: LAPIC_NMI (acpi_id[0x2b] high edge lint[0x1])
[    0.000000] ACPI: LAPIC_NMI (acpi_id[0x2c] high edge lint[0x1])
[    0.000000] ACPI: LAPIC_NMI (acpi_id[0x2d] high edge lint[0x1])
[    0.000000] ACPI: LAPIC_NMI (acpi_id[0x2e] high edge lint[0x1])
[    0.000000] ACPI: LAPIC_NMI (acpi_id[0x2f] high edge lint[0x1])
[    0.000000] ACPI: LAPIC_NMI (acpi_id[0x30] high edge lint[0x1])
[    0.000000] ACPI: LAPIC_NMI (acpi_id[0x31] high edge lint[0x1])
[    0.000000] ACPI: LAPIC_NMI (acpi_id[0x32] high edge lint[0x1])
[    0.000000] ACPI: LAPIC_NMI (acpi_id[0x33] high edge lint[0x1])
[    0.000000] ACPI: LAPIC_NMI (acpi_id[0x34] high edge lint[0x1])
[    0.000000] ACPI: LAPIC_NMI (acpi_id[0x35] high edge lint[0x1])
[    0.000000] ACPI: LAPIC_NMI (acpi_id[0x36] high edge lint[0x1])
[    0.000000] ACPI: LAPIC_NMI (acpi_id[0x37] high edge lint[0x1])
[    0.000000] ACPI: LAPIC_NMI (acpi_id[0x38] high edge lint[0x1])
[    0.000000] ACPI: LAPIC_NMI (acpi_id[0x39] high edge lint[0x1])
[    0.000000] ACPI: LAPIC_NMI (acpi_id[0x3a] high edge lint[0x1])
[    0.000000] ACPI: LAPIC_NMI (acpi_id[0x3b] high edge lint[0x1])
[    0.000000] ACPI: LAPIC_NMI (acpi_id[0x3c] high edge lint[0x1])
[    0.000000] ACPI: LAPIC_NMI (acpi_id[0x3d] high edge lint[0x1])
[    0.000000] ACPI: LAPIC_NMI (acpi_id[0x3e] high edge lint[0x1])
[    0.000000] ACPI: LAPIC_NMI (acpi_id[0x3f] high edge lint[0x1])
[    0.000000] ACPI: Skipping IOAPIC probe due to 'noapic' option.
[    0.000000] Using ACPI for processor (LAPIC) configuration information
[    0.000000] ACPI: HPET id: 0x8086af01 base: 0xfed00000
[    0.000000] Intel MultiProcessor Specification v1.4
[    0.000000]     Virtual Wire compatibility mode.
[    0.000000] MPTABLE: OEM ID: INTEL   
[    0.000000] MPTABLE: Product ID: 440BX       
[    0.000000] MPTABLE: APIC at: 0xFEE00000
[    0.000000] I/O APIC #1 Version 17 at 0xFEC00000.
[    0.000000] Processors: 1
[    0.000000] 64 Processors exceeds NR_CPUS limit of 8
[    0.000000] SMP: Allowing 8 CPUs, 7 hotplug CPUs
[    0.000000] nr_irqs_gsi: 24
[    0.000000] PM: Registered nosave memory: 000000000009f000 - 00000000000a0000
[    0.000000] PM: Registered nosave memory: 00000000000a0000 - 00000000000ca000
[    0.000000] PM: Registered nosave memory: 00000000000ca000 - 00000000000cc000
[    0.000000] PM: Registered nosave memory: 00000000000cc000 - 00000000000dc000
[    0.000000] PM: Registered nosave memory: 00000000000dc000 - 0000000000100000
[    0.000000] Allocating PCI resources starting at 40000000 (gap: 40000000:a0000000)
[    0.000000] Booting paravirtualized kernel on bare hardware
[    0.000000] NR_CPUS:8 nr_cpumask_bits:8 nr_cpu_ids:8 nr_node_ids:1
[    0.000000] PERCPU: Embedded 15 pages/cpu @c2400000 s39320 r0 d22120 u262144
[    0.000000] pcpu-alloc: s39320 r0 d22120 u262144 alloc=1*2097152
[    0.000000] pcpu-alloc: [0] 0 1 2 3 4 5 6 7 
[    0.000000] Built 1 zonelists in Zone order, mobility grouping on.  Total pages: 259950
[    0.000000] Kernel command line: BOOT_IMAGE=/boot/vmlinuz-2.6.32.57 root=UUID=007b598c-390d-4c65-84a1-4ff752d48633 ro quiet splash maxcpus=0
[    0.000000] PID hash table entries: 4096 (order: 2, 16384 bytes)
[    0.000000] Dentry cache hash table entries: 131072 (order: 7, 524288 bytes)
[    0.000000] Inode-cache hash table entries: 65536 (order: 6, 262144 bytes)
[    0.000000] Enabling fast FPU save and restore... done.
[    0.000000] Enabling unmasked SIMD FPU exception support... done.
[    0.000000] Initializing CPU#0
[    0.000000] xsave/xrstor: enabled xstate_bv 0x7, cntxt size 0x340
[    0.000000] allocated 5242560 bytes of page_cgroup
[    0.000000] please try 'cgroup_disable=memory' option if you don't want memory cgroups
[    0.000000] Initializing HighMem for node 0 (000379fe:00040000)
[    0.000000] Memory: 938260k/1048576k available (4839k kernel code, 108848k reserved, 2518k data, 652k init, 137096k highmem)
[    0.000000] virtual kernel memory layout:
[    0.000000]     fixmap  : 0xfff1e000 - 0xfffff000   ( 900 kB)
[    0.000000]     pkmap   : 0xffa00000 - 0xffc00000   (2048 kB)
[    0.000000]     vmalloc : 0xf81fe000 - 0xff9fe000   ( 120 MB)
[    0.000000]     lowmem  : 0xc0000000 - 0xf79fe000   ( 889 MB)
[    0.000000]       .init : 0xc1730000 - 0xc17d3000   ( 652 kB)
[    0.000000]       .data : 0xc14b9cce - 0xc172f764   (2518 kB)
[    0.000000]       .text : 0xc1000000 - 0xc14b9cce   (4839 kB)
[    0.000000] Checking if this processor honours the WP bit even in supervisor mode...Ok.
[    0.000000] SLUB: Genslabs=13, HWalign=64, Order=0-3, MinObjects=0, CPUs=8, Nodes=1
[    0.000000] Hierarchical RCU implementation.
[    0.000000] NR_IRQS:2304 nr_irqs:472
[    0.000000] Extended CMOS year: 2000
[    0.000000] Console: colour VGA+ 80x25
[    0.000000] console [tty0] enabled
[    0.000000] hpet clockevent registered
[    0.000000] TSC freq read from hypervisor : 2394.620 MHz
[    0.000000] Detected 2394.620 MHz processor.
[    0.000003] Calibrating delay loop (skipped) preset value.. 4789.24 BogoMIPS (lpj=9578480)
[    0.000011] Security Framework initialized
[    0.000015] SELinux:  Disabled at boot.
[    0.000019] Mount-cache hash table entries: 512
[    0.000114] Initializing cgroup subsys cpuacct
[    0.000117] Initializing cgroup subsys memory
[    0.000121] Initializing cgroup subsys devices
[    0.000122] Initializing cgroup subsys freezer
[    0.000148] CPU: Physical Processor ID: 0
[    0.000155] CPU: L1 I cache: 32K, L1 D cache: 32K
[    0.000156] CPU: L2 cache: 256K
[    0.000157] CPU: L3 cache: 4096K
[    0.000162] mce: CPU supports 0 MCE banks
[    0.000174] Performance Events: no PMU driver, software events only.
[    0.000184] Checking 'hlt' instruction... OK.
[    0.018265] SMP alternatives: switching to UP code
[    0.032569] ACPI: Core revision 20090903
[    0.038818] ACPI: setting ELCR to 0200 (from 0e20)
[    0.039848] ftrace: converting mcount calls to 0f 1f 44 00 00
[    0.039853] ftrace: allocating 22631 entries in 45 pages
[    0.057162] CANARY value: 41f141f0 for PID: 1
[    0.057191] Not enabling x2apic, Intr-remapping init failed.
[    0.057192] Enabling APIC mode:  Flat.  Using 1 I/O APICs
[    0.057200] SMP mode deactivated.
[    0.057224] SMP disabled
[    0.057278] Brought up 1 CPUs
[    0.057280] Total of 1 processors activated (4789.24 BogoMIPS).
[    0.057284] CPU0 attaching NULL sched-domain.
[    0.057351] devtmpfs: initialized
[    0.057456] sysctl table check failed: /kernel/random/now_input .1.40.7 Unknown sysctl binary path
[    0.057695] Pid: 1, comm: swapper Not tainted 2.6.32.57 #4
[    0.057696] Call Trace:
[    0.057701]  [<c14a8a0e>] ? printk+0x1d/0x1f
[    0.057704]  [<c107b56f>] set_fail+0x4f/0x60
[    0.057705]  [<c107b8b3>] sysctl_check_table+0x333/0x620
[    0.057707]  [<c107b8cc>] sysctl_check_table+0x34c/0x620
[    0.057709]  [<c107b8cc>] sysctl_check_table+0x34c/0x620
[    0.057712]  [<c1746d48>] sysctl_init+0x25/0x29
[    0.057714]  [<c1003042>] do_one_initcall+0x32/0x1a0
[    0.057716]  [<c1746d23>] ? sysctl_init+0x0/0x29
[    0.057719]  [<c17308e7>] kernel_init+0x12d/0x17a
[    0.057720]  [<c17307ba>] ? kernel_init+0x0/0x17a
[    0.057723]  [<c1009b07>] kernel_thread_helper+0x7/0x10
[    0.057724] sysctl table check failed: /kernel/random/now_blocking .1.40.8 Unknown sysctl binary path
[    0.057985] Pid: 1, comm: swapper Not tainted 2.6.32.57 #4
[    0.057986] Call Trace:
[    0.057988]  [<c14a8a0e>] ? printk+0x1d/0x1f
[    0.057990]  [<c107b56f>] set_fail+0x4f/0x60
[    0.057991]  [<c107b8b3>] sysctl_check_table+0x333/0x620
[    0.057993]  [<c107b8cc>] sysctl_check_table+0x34c/0x620
[    0.057994]  [<c107b8cc>] sysctl_check_table+0x34c/0x620
[    0.057997]  [<c1746d48>] sysctl_init+0x25/0x29
[    0.057998]  [<c1003042>] do_one_initcall+0x32/0x1a0
[    0.058000]  [<c1746d23>] ? sysctl_init+0x0/0x29
[    0.058002]  [<c17308e7>] kernel_init+0x12d/0x17a
[    0.058003]  [<c17307ba>] ? kernel_init+0x0/0x17a
[    0.058005]  [<c1009b07>] kernel_thread_helper+0x7/0x10
[    0.058006] sysctl table check failed: /kernel/random/now_nonblocking .1.40.9 Unknown sysctl binary path
[    0.058236] Pid: 1, comm: swapper Not tainted 2.6.32.57 #4
[    0.058237] Call Trace:
[    0.058238]  [<c14a8a0e>] ? printk+0x1d/0x1f
[    0.058240]  [<c107b56f>] set_fail+0x4f/0x60
[    0.058241]  [<c107b8b3>] sysctl_check_table+0x333/0x620
[    0.058243]  [<c107b8cc>] sysctl_check_table+0x34c/0x620
[    0.058245]  [<c107b8cc>] sysctl_check_table+0x34c/0x620
[    0.058247]  [<c1746d48>] sysctl_init+0x25/0x29
[    0.058248]  [<c1003042>] do_one_initcall+0x32/0x1a0
[    0.058250]  [<c1746d23>] ? sysctl_init+0x0/0x29
[    0.058252]  [<c17308e7>] kernel_init+0x12d/0x17a
[    0.058253]  [<c17307ba>] ? kernel_init+0x0/0x17a
[    0.058255]  [<c1009b07>] kernel_thread_helper+0x7/0x10
[    0.058256] sysctl table check failed: /kernel/random/nb_input_bytes .1.40.10 Unknown sysctl binary path
[    0.058486] Pid: 1, comm: swapper Not tainted 2.6.32.57 #4
[    0.058487] Call Trace:
[    0.058488]  [<c14a8a0e>] ? printk+0x1d/0x1f
[    0.058489]  [<c107b56f>] set_fail+0x4f/0x60
[    0.058491]  [<c107b8b3>] sysctl_check_table+0x333/0x620
[    0.058492]  [<c107b8cc>] sysctl_check_table+0x34c/0x620
[    0.058494]  [<c107b8cc>] sysctl_check_table+0x34c/0x620
[    0.058496]  [<c1746d48>] sysctl_init+0x25/0x29
[    0.058498]  [<c1003042>] do_one_initcall+0x32/0x1a0
[    0.058500]  [<c1746d23>] ? sysctl_init+0x0/0x29
[    0.058501]  [<c17308e7>] kernel_init+0x12d/0x17a
[    0.058503]  [<c17307ba>] ? kernel_init+0x0/0x17a
[    0.058504]  [<c1009b07>] kernel_thread_helper+0x7/0x10
[    0.058505] sysctl table check failed: /kernel/random/nb_stir_count .1.40.11 Unknown sysctl binary path
[    0.058735] Pid: 1, comm: swapper Not tainted 2.6.32.57 #4
[    0.058735] Call Trace:
[    0.058737]  [<c14a8a0e>] ? printk+0x1d/0x1f
[    0.058738]  [<c107b56f>] set_fail+0x4f/0x60
[    0.058740]  [<c107b8b3>] sysctl_check_table+0x333/0x620
[    0.058741]  [<c107b8cc>] sysctl_check_table+0x34c/0x620
[    0.058743]  [<c107b8cc>] sysctl_check_table+0x34c/0x620
[    0.058745]  [<c1746d48>] sysctl_init+0x25/0x29
[    0.058755]  [<c1003042>] do_one_initcall+0x32/0x1a0
[    0.058758]  [<c1746d23>] ? sysctl_init+0x0/0x29
[    0.058759]  [<c17308e7>] kernel_init+0x12d/0x17a
[    0.058761]  [<c17307ba>] ? kernel_init+0x0/0x17a
[    0.058762]  [<c1009b07>] kernel_thread_helper+0x7/0x10
[    0.058773] sysctl table check failed: /kernel/random/nb_reentry_count .1.40.12 Unknown sysctl binary path
[    0.059021] Pid: 1, comm: swapper Not tainted 2.6.32.57 #4
[    0.059022] Call Trace:
[    0.059024]  [<c14a8a0e>] ? printk+0x1d/0x1f
[    0.059026]  [<c107b56f>] set_fail+0x4f/0x60
[    0.059027]  [<c107b8b3>] sysctl_check_table+0x333/0x620
[    0.059029]  [<c107b8cc>] sysctl_check_table+0x34c/0x620
[    0.059030]  [<c107b8cc>] sysctl_check_table+0x34c/0x620
[    0.059033]  [<c1746d48>] sysctl_init+0x25/0x29
[    0.059034]  [<c1003042>] do_one_initcall+0x32/0x1a0
[    0.059037]  [<c1746d23>] ? sysctl_init+0x0/0x29
[    0.059038]  [<c17308e7>] kernel_init+0x12d/0x17a
[    0.059040]  [<c17307ba>] ? kernel_init+0x0/0x17a
[    0.059041]  [<c1009b07>] kernel_thread_helper+0x7/0x10
[    0.059162] RANDOM - __seed init called.
[    0.059162] RANDOM - __seed init called.
[    0.059163] RANDOM - __seed init called.
[    0.059164] RANDOM - __random32 called. Change num 1.  Value: 7576a435	efb61e22	b7f78320
[    0.059166] RANDOM - __random32 called. Change num 2.  Value: 6a43543e	fb61e228	6410973
[    0.059167] RANDOM - __random32 called. Change num 3.  Value: 3543e018	b61e228b	12e68928
[    0.059168] RANDOM - __random32 called. Change num 4.  Value: 3e018928	61e228b7	1250ba58
[    0.059170] RANDOM - __random32 called. Change num 5.  Value: 189281e4	1e228b73	74b01aad
[    0.059171] RANDOM - __random32 called. Change num 6.  Value: 281e4915	e228b733	355a2619
[    0.059172] RANDOM - random32 init called.  Value: 281e4915	e228b733	355a2619
[    0.059177] regulator: core version 0.5
[    0.059236] Time: 23:16:36  Date: 05/24/13
[    0.059270] NET: Registered protocol family 16
[    0.059330] EISA bus registered
[    0.060071] ACPI: bus type pci registered
[    0.060194] PCI: MCFG configuration 0: base e0000000 segment 0 buses 0 - 255
[    0.060196] PCI: MCFG area at e0000000 reserved in E820
[    0.060197] PCI: Using MMCONFIG for extended config space
[    0.060198] PCI: Using configuration type 1 for base access
[    0.060642] bio: create slab <bio-0> at 0
[    0.061870] ACPI: EC: Look up EC in DSDT
[    0.105040] ACPI: BIOS _OSI(Linux) query ignored
[    0.110993] ACPI: Interpreter enabled
[    0.110997] ACPI: (supports S0 S1 S4 S5)
[    0.111009] ACPI: Using PIC for interrupt routing
[    0.193030] ACPI: No dock devices found.
[    0.193843] ACPI: PCI Root Bridge [PCI0] (0000:00)
[    0.195356] pci 0000:00:07.1: reg 20 io port: [0x10c0-0x10cf]
[    0.195865] pci 0000:00:07.3: quirk: region 1000-103f claimed by PIIX4 ACPI
[    0.195877] pci 0000:00:07.3: quirk: region 1040-104f claimed by PIIX4 SMB
[    0.196435] pci 0000:00:07.7: reg 10 io port: [0x1080-0x10bf]
[    0.196844] pci 0000:00:07.7: reg 14 64bit mmio: [0xc8000000-0xc8001fff]
[    0.197987] pci 0000:00:0f.0: reg 10 io port: [0x10d0-0x10df]
[    0.198024] pci 0000:00:0f.0: reg 14 32bit mmio pref: [0xd0000000-0xd7ffffff]
[    0.198059] pci 0000:00:0f.0: reg 18 32bit mmio: [0xc8800000-0xc8ffffff]
[    0.198195] pci 0000:00:0f.0: reg 30 32bit mmio pref: [0x000000-0x007fff]
[    0.198739] pci 0000:00:10.0: reg 10 io port: [0x1400-0x14ff]
[    0.199088] pci 0000:00:10.0: reg 14 64bit mmio: [0xc8040000-0xc805ffff]
[    0.199432] pci 0000:00:10.0: reg 1c 64bit mmio: [0xc8020000-0xc803ffff]
[    0.199502] pci 0000:00:10.0: reg 30 32bit mmio pref: [0x000000-0x003fff]
[    0.200921] pci 0000:00:15.0: PME# supported from D0 D3hot D3cold
[    0.200942] pci 0000:00:15.0: PME# disabled
[    0.201831] pci 0000:00:15.1: PME# supported from D0 D3hot D3cold
[    0.201851] pci 0000:00:15.1: PME# disabled
[    0.202988] pci 0000:00:15.2: PME# supported from D0 D3hot D3cold
[    0.203014] pci 0000:00:15.2: PME# disabled
[    0.203970] pci 0000:00:15.3: PME# supported from D0 D3hot D3cold
[    0.203994] pci 0000:00:15.3: PME# disabled
[    0.205213] pci 0000:00:15.4: PME# supported from D0 D3hot D3cold
[    0.205233] pci 0000:00:15.4: PME# disabled
[    0.206106] pci 0000:00:15.5: PME# supported from D0 D3hot D3cold
[    0.206126] pci 0000:00:15.5: PME# disabled
[    0.206980] pci 0000:00:15.6: PME# supported from D0 D3hot D3cold
[    0.207000] pci 0000:00:15.6: PME# disabled
[    0.208085] pci 0000:00:15.7: PME# supported from D0 D3hot D3cold
[    0.208106] pci 0000:00:15.7: PME# disabled
[    0.208974] pci 0000:00:16.0: PME# supported from D0 D3hot D3cold
[    0.208994] pci 0000:00:16.0: PME# disabled
[    0.209871] pci 0000:00:16.1: PME# supported from D0 D3hot D3cold
[    0.209891] pci 0000:00:16.1: PME# disabled
[    0.210748] pci 0000:00:16.2: PME# supported from D0 D3hot D3cold
[    0.210768] pci 0000:00:16.2: PME# disabled
[    0.211682] pci 0000:00:16.3: PME# supported from D0 D3hot D3cold
[    0.211702] pci 0000:00:16.3: PME# disabled
[    0.212592] pci 0000:00:16.4: PME# supported from D0 D3hot D3cold
[    0.212611] pci 0000:00:16.4: PME# disabled
[    0.213525] pci 0000:00:16.5: PME# supported from D0 D3hot D3cold
[    0.213554] pci 0000:00:16.5: PME# disabled
[    0.214367] pci 0000:00:16.6: PME# supported from D0 D3hot D3cold
[    0.214386] pci 0000:00:16.6: PME# disabled
[    0.215254] pci 0000:00:16.7: PME# supported from D0 D3hot D3cold
[    0.215274] pci 0000:00:16.7: PME# disabled
[    0.216145] pci 0000:00:17.0: PME# supported from D0 D3hot D3cold
[    0.216166] pci 0000:00:17.0: PME# disabled
[    0.217033] pci 0000:00:17.1: PME# supported from D0 D3hot D3cold
[    0.217054] pci 0000:00:17.1: PME# disabled
[    0.217917] pci 0000:00:17.2: PME# supported from D0 D3hot D3cold
[    0.217937] pci 0000:00:17.2: PME# disabled
[    0.218796] pci 0000:00:17.3: PME# supported from D0 D3hot D3cold
[    0.218815] pci 0000:00:17.3: PME# disabled
[    0.219684] pci 0000:00:17.4: PME# supported from D0 D3hot D3cold
[    0.219703] pci 0000:00:17.4: PME# disabled
[    0.220511] pci 0000:00:17.5: PME# supported from D0 D3hot D3cold
[    0.220540] pci 0000:00:17.5: PME# disabled
[    0.221345] pci 0000:00:17.6: PME# supported from D0 D3hot D3cold
[    0.221364] pci 0000:00:17.6: PME# disabled
[    0.222183] pci 0000:00:17.7: PME# supported from D0 D3hot D3cold
[    0.222202] pci 0000:00:17.7: PME# disabled
[    0.223027] pci 0000:00:18.0: PME# supported from D0 D3hot D3cold
[    0.223046] pci 0000:00:18.0: PME# disabled
[    0.223876] pci 0000:00:18.1: PME# supported from D0 D3hot D3cold
[    0.223896] pci 0000:00:18.1: PME# disabled
[    0.224714] pci 0000:00:18.2: PME# supported from D0 D3hot D3cold
[    0.224733] pci 0000:00:18.2: PME# disabled
[    0.225536] pci 0000:00:18.3: PME# supported from D0 D3hot D3cold
[    0.225554] pci 0000:00:18.3: PME# disabled
[    0.226357] pci 0000:00:18.4: PME# supported from D0 D3hot D3cold
[    0.226376] pci 0000:00:18.4: PME# disabled
[    0.227220] pci 0000:00:18.5: PME# supported from D0 D3hot D3cold
[    0.227248] pci 0000:00:18.5: PME# disabled
[    0.228111] pci 0000:00:18.6: PME# supported from D0 D3hot D3cold
[    0.228130] pci 0000:00:18.6: PME# disabled
[    0.228949] pci 0000:00:18.7: PME# supported from D0 D3hot D3cold
[    0.228967] pci 0000:00:18.7: PME# disabled
[    0.230010] pci 0000:02:00.0: reg 20 io port: [0x20c0-0x20df]
[    0.230469] pci 0000:02:01.0: reg 10 io port: [0x2000-0x207f]
[    0.230691] pci 0000:02:01.0: reg 30 32bit mmio pref: [0x000000-0x00ffff]
[    0.231206] pci 0000:02:02.0: reg 10 io port: [0x2080-0x20bf]
[    0.231788] pci 0000:02:03.0: reg 10 32bit mmio: [0xc9000000-0xc9000fff]
[    0.232309] pci 0000:00:11.0: transparent bridge
[    0.232327] pci 0000:00:11.0: bridge io port: [0x2000-0x3fff]
[    0.232346] pci 0000:00:11.0: bridge 32bit mmio: [0xc9000000-0xca3fffff]
[    0.232382] pci 0000:00:11.0: bridge 64bit mmio pref: [0xd8400000-0xd89fffff]
[    0.232769] pci 0000:00:15.0: bridge io port: [0x4000-0x4fff]
[    0.232788] pci 0000:00:15.0: bridge 32bit mmio: [0xca400000-0xca4fffff]
[    0.232824] pci 0000:00:15.0: bridge 64bit mmio pref: [0xd8a00000-0xd8afffff]
[    0.233181] pci 0000:00:15.1: bridge io port: [0x8000-0x8fff]
[    0.233200] pci 0000:00:15.1: bridge 32bit mmio: [0xca800000-0xca8fffff]
[    0.233235] pci 0000:00:15.1: bridge 64bit mmio pref: [0xd8e00000-0xd8efffff]
[    0.233607] pci 0000:00:15.2: bridge io port: [0xc000-0xcfff]
[    0.233626] pci 0000:00:15.2: bridge 32bit mmio: [0xcac00000-0xcacfffff]
[    0.233661] pci 0000:00:15.2: bridge 64bit mmio pref: [0xd9200000-0xd92fffff]
[    0.234036] pci 0000:00:15.3: bridge 32bit mmio: [0xcb000000-0xcb0fffff]
[    0.234072] pci 0000:00:15.3: bridge 64bit mmio pref: [0xd9600000-0xd96fffff]
[    0.234439] pci 0000:00:15.4: bridge 32bit mmio: [0xcb400000-0xcb4fffff]
[    0.234475] pci 0000:00:15.4: bridge 64bit mmio pref: [0xd9a00000-0xd9afffff]
[    0.234866] pci 0000:00:15.5: bridge 32bit mmio: [0xcb800000-0xcb8fffff]
[    0.234902] pci 0000:00:15.5: bridge 64bit mmio pref: [0xd9e00000-0xd9efffff]
[    0.235278] pci 0000:00:15.6: bridge 32bit mmio: [0xcbc00000-0xcbcfffff]
[    0.235314] pci 0000:00:15.6: bridge 64bit mmio pref: [0xda200000-0xda2fffff]
[    0.235720] pci 0000:00:15.7: bridge 32bit mmio: [0xcc000000-0xcc0fffff]
[    0.235756] pci 0000:00:15.7: bridge 64bit mmio pref: [0xda600000-0xda6fffff]
[    0.236110] pci 0000:00:16.0: bridge io port: [0x5000-0x5fff]
[    0.236129] pci 0000:00:16.0: bridge 32bit mmio: [0xca500000-0xca5fffff]
[    0.236165] pci 0000:00:16.0: bridge 64bit mmio pref: [0xd8b00000-0xd8bfffff]
[    0.236536] pci 0000:00:16.1: bridge io port: [0x9000-0x9fff]
[    0.236564] pci 0000:00:16.1: bridge 32bit mmio: [0xca900000-0xca9fffff]
[    0.236599] pci 0000:00:16.1: bridge 64bit mmio pref: [0xd8f00000-0xd8ffffff]
[    0.236952] pci 0000:00:16.2: bridge io port: [0xd000-0xdfff]
[    0.236971] pci 0000:00:16.2: bridge 32bit mmio: [0xcad00000-0xcadfffff]
[    0.237006] pci 0000:00:16.2: bridge 64bit mmio pref: [0xd9300000-0xd93fffff]
[    0.237379] pci 0000:00:16.3: bridge 32bit mmio: [0xcb100000-0xcb1fffff]
[    0.237414] pci 0000:00:16.3: bridge 64bit mmio pref: [0xd9700000-0xd97fffff]
[    0.237802] pci 0000:00:16.4: bridge 32bit mmio: [0xcb500000-0xcb5fffff]
[    0.237838] pci 0000:00:16.4: bridge 64bit mmio pref: [0xd9b00000-0xd9bfffff]
[    0.238207] pci 0000:00:16.5: bridge 32bit mmio: [0xcb900000-0xcb9fffff]
[    0.238242] pci 0000:00:16.5: bridge 64bit mmio pref: [0xd9f00000-0xd9ffffff]
[    0.238642] pci 0000:00:16.6: bridge 32bit mmio: [0xcbd00000-0xcbdfffff]
[    0.238678] pci 0000:00:16.6: bridge 64bit mmio pref: [0xda300000-0xda3fffff]
[    0.239046] pci 0000:00:16.7: bridge 32bit mmio: [0xcc100000-0xcc1fffff]
[    0.239081] pci 0000:00:16.7: bridge 64bit mmio pref: [0xda700000-0xda7fffff]
[    0.239432] pci 0000:00:17.0: bridge io port: [0x6000-0x6fff]
[    0.239451] pci 0000:00:17.0: bridge 32bit mmio: [0xca600000-0xca6fffff]
[    0.239503] pci 0000:00:17.0: bridge 64bit mmio pref: [0xd8c00000-0xd8cfffff]
[    0.239875] pci 0000:00:17.1: bridge io port: [0xa000-0xafff]
[    0.239894] pci 0000:00:17.1: bridge 32bit mmio: [0xcaa00000-0xcaafffff]
[    0.239931] pci 0000:00:17.1: bridge 64bit mmio pref: [0xd9000000-0xd90fffff]
[    0.240283] pci 0000:00:17.2: bridge io port: [0xe000-0xefff]
[    0.240302] pci 0000:00:17.2: bridge 32bit mmio: [0xcae00000-0xcaefffff]
[    0.240337] pci 0000:00:17.2: bridge 64bit mmio pref: [0xd9400000-0xd94fffff]
[    0.240713] pci 0000:00:17.3: bridge 32bit mmio: [0xcb200000-0xcb2fffff]
[    0.240749] pci 0000:00:17.3: bridge 64bit mmio pref: [0xd9800000-0xd98fffff]
[    0.241147] pci 0000:00:17.4: bridge 32bit mmio: [0xcb600000-0xcb6fffff]
[    0.241183] pci 0000:00:17.4: bridge 64bit mmio pref: [0xd9c00000-0xd9cfffff]
[    0.241585] pci 0000:00:17.5: bridge 32bit mmio: [0xcba00000-0xcbafffff]
[    0.241621] pci 0000:00:17.5: bridge 64bit mmio pref: [0xda000000-0xda0fffff]
[    0.241990] pci 0000:00:17.6: bridge 32bit mmio: [0xcbe00000-0xcbefffff]
[    0.242026] pci 0000:00:17.6: bridge 64bit mmio pref: [0xda400000-0xda4fffff]
[    0.242394] pci 0000:00:17.7: bridge 32bit mmio: [0xcc200000-0xcc2fffff]
[    0.242430] pci 0000:00:17.7: bridge 64bit mmio pref: [0xda800000-0xda8fffff]
[    0.242825] pci 0000:00:18.0: bridge io port: [0x7000-0x7fff]
[    0.242844] pci 0000:00:18.0: bridge 32bit mmio: [0xca700000-0xca7fffff]
[    0.242880] pci 0000:00:18.0: bridge 64bit mmio pref: [0xd8d00000-0xd8dfffff]
[    0.243231] pci 0000:00:18.1: bridge io port: [0xb000-0xbfff]
[    0.243250] pci 0000:00:18.1: bridge 32bit mmio: [0xcab00000-0xcabfffff]
[    0.243285] pci 0000:00:18.1: bridge 64bit mmio pref: [0xd9100000-0xd91fffff]
[    0.243666] pci 0000:00:18.2: bridge io port: [0xf000-0xffff]
[    0.243686] pci 0000:00:18.2: bridge 32bit mmio: [0xcaf00000-0xcaffffff]
[    0.243722] pci 0000:00:18.2: bridge 64bit mmio pref: [0xd9500000-0xd95fffff]
[    0.244120] pci 0000:00:18.3: bridge 32bit mmio: [0xcb300000-0xcb3fffff]
[    0.244155] pci 0000:00:18.3: bridge 64bit mmio pref: [0xd9900000-0xd99fffff]
[    0.244560] pci 0000:00:18.4: bridge 32bit mmio: [0xcb700000-0xcb7fffff]
[    0.244595] pci 0000:00:18.4: bridge 64bit mmio pref: [0xd9d00000-0xd9dfffff]
[    0.244964] pci 0000:00:18.5: bridge 32bit mmio: [0xcbb00000-0xcbbfffff]
[    0.244999] pci 0000:00:18.5: bridge 64bit mmio pref: [0xda100000-0xda1fffff]
[    0.245367] pci 0000:00:18.6: bridge 32bit mmio: [0xcbf00000-0xcbffffff]
[    0.245402] pci 0000:00:18.6: bridge 64bit mmio pref: [0xda500000-0xda5fffff]
[    0.245797] pci 0000:00:18.7: bridge 32bit mmio: [0xcc300000-0xcc3fffff]
[    0.245833] pci 0000:00:18.7: bridge 64bit mmio pref: [0xda900000-0xda9fffff]
[    0.247774] pci_bus 0000:00: on NUMA node 0
[    0.247782] ACPI: PCI Interrupt Routing Table [\_SB_.PCI0._PRT]
[    0.472536] ACPI: PCI Interrupt Link [LNKA] (IRQs 3 4 5 6 7 *9 10 11 14 15)
[    0.472693] ACPI: PCI Interrupt Link [LNKB] (IRQs 3 4 5 6 7 9 10 *11 14 15)
[    0.472844] ACPI: PCI Interrupt Link [LNKC] (IRQs 3 4 5 6 7 9 *10 11 14 15)
[    0.472993] ACPI: PCI Interrupt Link [LNKD] (IRQs 3 4 *5 6 7 9 10 11 14 15)
[    0.473129] vgaarb: device added: PCI:0000:00:0f.0,decodes=io+mem,owns=io+mem,locks=none
[    0.473139] vgaarb: loaded
[    0.473238] SCSI subsystem initialized
[    0.473282] libata version 3.00 loaded.
[    0.473322] usbcore: registered new interface driver usbfs
[    0.473334] usbcore: registered new interface driver hub
[    0.473350] usbcore: registered new device driver usb
[    0.473417] PCI: Using ACPI for IRQ routing
[    0.474383] NetLabel: Initializing
[    0.474384] NetLabel:  domain hash size = 128
[    0.474385] NetLabel:  protocols = UNLABELED CIPSOv4
[    0.474392] NetLabel:  unlabeled traffic allowed by default
[    0.474426] hpet0: at MMIO 0xfed00000, IRQs 2, 8, 0, 0, 0, 0, 0, 0, 0, 0, 0, 0, 0, 0, 0, 0
[    0.474431] hpet0: 16 comparators, 64-bit 14.318180 MHz counter
[    0.476458] Switching to clocksource tsc
[    0.483515] pnp: PnP ACPI init
[    0.483526] ACPI: bus type pnp registered
[    0.527630] pnp: PnP ACPI: found 14 devices
[    0.527633] ACPI: ACPI bus type pnp unregistered
[    0.527636] PnPBIOS: Disabled by ACPI PNP
[    0.527649] system 00:01: ioport range 0x1000-0x103f has been reserved
[    0.527651] system 00:01: ioport range 0x1040-0x104f has been reserved
[    0.527653] system 00:01: ioport range 0xcf0-0xcf1 has been reserved
[    0.527660] system 00:08: iomem range 0xfed00000-0xfed003ff has been reserved
[    0.527664] system 00:0d: ioport range 0x1060-0x107f has been reserved
[    0.527666] system 00:0d: iomem range 0xe0000000-0xefffffff has been reserved
[    0.527668] system 00:0d: iomem range 0xc8200000-0xc83fffff has been reserved
[    0.562307] pci 0000:00:15.3: BAR 13: can't allocate I/O resource [0x10000-0xffff]
[    0.562311] pci 0000:00:15.4: BAR 13: can't allocate I/O resource [0x10000-0xffff]
[    0.562314] pci 0000:00:15.5: BAR 13: can't allocate I/O resource [0x10000-0xffff]
[    0.562316] pci 0000:00:15.6: BAR 13: can't allocate I/O resource [0x10000-0xffff]
[    0.562319] pci 0000:00:15.7: BAR 13: can't allocate I/O resource [0x10000-0xffff]
[    0.562322] pci 0000:00:16.3: BAR 13: can't allocate I/O resource [0x10000-0xffff]
[    0.562324] pci 0000:00:16.4: BAR 13: can't allocate I/O resource [0x10000-0xffff]
[    0.562327] pci 0000:00:16.5: BAR 13: can't allocate I/O resource [0x10000-0xffff]
[    0.562329] pci 0000:00:16.6: BAR 13: can't allocate I/O resource [0x10000-0xffff]
[    0.562332] pci 0000:00:16.7: BAR 13: can't allocate I/O resource [0x10000-0xffff]
[    0.562335] pci 0000:00:17.3: BAR 13: can't allocate I/O resource [0x10000-0xffff]
[    0.562337] pci 0000:00:17.4: BAR 13: can't allocate I/O resource [0x10000-0xffff]
[    0.562340] pci 0000:00:17.5: BAR 13: can't allocate I/O resource [0x10000-0xffff]
[    0.562343] pci 0000:00:17.6: BAR 13: can't allocate I/O resource [0x10000-0xffff]
[    0.562345] pci 0000:00:17.7: BAR 13: can't allocate I/O resource [0x10000-0xffff]
[    0.562348] pci 0000:00:18.3: BAR 13: can't allocate I/O resource [0x10000-0xffff]
[    0.562351] pci 0000:00:18.4: BAR 13: can't allocate I/O resource [0x10000-0xffff]
[    0.562353] pci 0000:00:18.5: BAR 13: can't allocate I/O resource [0x10000-0xffff]
[    0.562356] pci 0000:00:18.6: BAR 13: can't allocate I/O resource [0x10000-0xffff]
[    0.562358] pci 0000:00:18.7: BAR 13: can't allocate I/O resource [0x10000-0xffff]
[    0.562361] pci 0000:00:01.0: PCI bridge, secondary bus 0000:01
[    0.562362] pci 0000:00:01.0:   IO window: disabled
[    0.562390] pci 0000:00:01.0:   MEM window: disabled
[    0.562410] pci 0000:00:01.0:   PREFETCH window: disabled
[    0.562447] pci 0000:00:11.0: PCI bridge, secondary bus 0000:02
[    0.562458] pci 0000:00:11.0:   IO window: 0x2000-0x3fff
[    0.562486] pci 0000:00:11.0:   MEM window: 0xc9000000-0xca3fffff
[    0.562505] pci 0000:00:11.0:   PREFETCH window: 0x000000d8400000-0x000000d89fffff
[    0.562541] pci 0000:00:15.0: PCI bridge, secondary bus 0000:03
[    0.562552] pci 0000:00:15.0:   IO window: 0x4000-0x4fff
[    0.562580] pci 0000:00:15.0:   MEM window: 0xca400000-0xca4fffff
[    0.562599] pci 0000:00:15.0:   PREFETCH window: 0x000000d8a00000-0x000000d8afffff
[    0.562656] pci 0000:00:15.1: PCI bridge, secondary bus 0000:04
[    0.562669] pci 0000:00:15.1:   IO window: 0x8000-0x8fff
[    0.562697] pci 0000:00:15.1:   MEM window: 0xca800000-0xca8fffff
[    0.562716] pci 0000:00:15.1:   PREFETCH window: 0x000000d8e00000-0x000000d8efffff
[    0.562766] pci 0000:00:15.2: PCI bridge, secondary bus 0000:05
[    0.562778] pci 0000:00:15.2:   IO window: 0xc000-0xcfff
[    0.562806] pci 0000:00:15.2:   MEM window: 0xcac00000-0xcacfffff
[    0.562825] pci 0000:00:15.2:   PREFETCH window: 0x000000d9200000-0x000000d92fffff
[    0.562873] pci 0000:00:15.3: PCI bridge, secondary bus 0000:06
[    0.562875] pci 0000:00:15.3:   IO window: disabled
[    0.562903] pci 0000:00:15.3:   MEM window: 0xcb000000-0xcb0fffff
[    0.562922] pci 0000:00:15.3:   PREFETCH window: 0x000000d9600000-0x000000d96fffff
[    0.562980] pci 0000:00:15.4: PCI bridge, secondary bus 0000:07
[    0.562982] pci 0000:00:15.4:   IO window: disabled
[    0.563019] pci 0000:00:15.4:   MEM window: 0xcb400000-0xcb4fffff
[    0.563038] pci 0000:00:15.4:   PREFETCH window: 0x000000d9a00000-0x000000d9afffff
[    0.563086] pci 0000:00:15.5: PCI bridge, secondary bus 0000:08
[    0.563088] pci 0000:00:15.5:   IO window: disabled
[    0.563116] pci 0000:00:15.5:   MEM window: 0xcb800000-0xcb8fffff
[    0.563135] pci 0000:00:15.5:   PREFETCH window: 0x000000d9e00000-0x000000d9efffff
[    0.563183] pci 0000:00:15.6: PCI bridge, secondary bus 0000:09
[    0.563185] pci 0000:00:15.6:   IO window: disabled
[    0.563213] pci 0000:00:15.6:   MEM window: 0xcbc00000-0xcbcfffff
[    0.563232] pci 0000:00:15.6:   PREFETCH window: 0x000000da200000-0x000000da2fffff
[    0.563280] pci 0000:00:15.7: PCI bridge, secondary bus 0000:0a
[    0.563281] pci 0000:00:15.7:   IO window: disabled
[    0.563310] pci 0000:00:15.7:   MEM window: 0xcc000000-0xcc0fffff
[    0.563329] pci 0000:00:15.7:   PREFETCH window: 0x000000da600000-0x000000da6fffff
[    0.563376] pci 0000:00:16.0: PCI bridge, secondary bus 0000:0b
[    0.563388] pci 0000:00:16.0:   IO window: 0x5000-0x5fff
[    0.563416] pci 0000:00:16.0:   MEM window: 0xca500000-0xca5fffff
[    0.563435] pci 0000:00:16.0:   PREFETCH window: 0x000000d8b00000-0x000000d8bfffff
[    0.563483] pci 0000:00:16.1: PCI bridge, secondary bus 0000:0c
[    0.563494] pci 0000:00:16.1:   IO window: 0x9000-0x9fff
[    0.563522] pci 0000:00:16.1:   MEM window: 0xca900000-0xca9fffff
[    0.563541] pci 0000:00:16.1:   PREFETCH window: 0x000000d8f00000-0x000000d8ffffff
[    0.563599] pci 0000:00:16.2: PCI bridge, secondary bus 0000:0d
[    0.563610] pci 0000:00:16.2:   IO window: 0xd000-0xdfff
[    0.563638] pci 0000:00:16.2:   MEM window: 0xcad00000-0xcadfffff
[    0.563657] pci 0000:00:16.2:   PREFETCH window: 0x000000d9300000-0x000000d93fffff
[    0.563709] pci 0000:00:16.3: PCI bridge, secondary bus 0000:0e
[    0.563710] pci 0000:00:16.3:   IO window: disabled
[    0.563739] pci 0000:00:16.3:   MEM window: 0xcb100000-0xcb1fffff
[    0.563758] pci 0000:00:16.3:   PREFETCH window: 0x000000d9700000-0x000000d97fffff
[    0.563807] pci 0000:00:16.4: PCI bridge, secondary bus 0000:0f
[    0.563809] pci 0000:00:16.4:   IO window: disabled
[    0.563837] pci 0000:00:16.4:   MEM window: 0xcb500000-0xcb5fffff
[    0.563857] pci 0000:00:16.4:   PREFETCH window: 0x000000d9b00000-0x000000d9bfffff
[    0.563904] pci 0000:00:16.5: PCI bridge, secondary bus 0000:10
[    0.563906] pci 0000:00:16.5:   IO window: disabled
[    0.563934] pci 0000:00:16.5:   MEM window: 0xcb900000-0xcb9fffff
[    0.563953] pci 0000:00:16.5:   PREFETCH window: 0x000000d9f00000-0x000000d9ffffff
[    0.564001] pci 0000:00:16.6: PCI bridge, secondary bus 0000:11
[    0.564002] pci 0000:00:16.6:   IO window: disabled
[    0.564030] pci 0000:00:16.6:   MEM window: 0xcbd00000-0xcbdfffff
[    0.564050] pci 0000:00:16.6:   PREFETCH window: 0x000000da300000-0x000000da3fffff
[    0.564097] pci 0000:00:16.7: PCI bridge, secondary bus 0000:12
[    0.564098] pci 0000:00:16.7:   IO window: disabled
[    0.564127] pci 0000:00:16.7:   MEM window: 0xcc100000-0xcc1fffff
[    0.564146] pci 0000:00:16.7:   PREFETCH window: 0x000000da700000-0x000000da7fffff
[    0.564193] pci 0000:00:17.0: PCI bridge, secondary bus 0000:13
[    0.564205] pci 0000:00:17.0:   IO window: 0x6000-0x6fff
[    0.564233] pci 0000:00:17.0:   MEM window: 0xca600000-0xca6fffff
[    0.564252] pci 0000:00:17.0:   PREFETCH window: 0x000000d8c00000-0x000000d8cfffff
[    0.564299] pci 0000:00:17.1: PCI bridge, secondary bus 0000:14
[    0.564311] pci 0000:00:17.1:   IO window: 0xa000-0xafff
[    0.564339] pci 0000:00:17.1:   MEM window: 0xcaa00000-0xcaafffff
[    0.564341] pci 0000:00:17.1:   PREFETCH window: 0x000000d9000000-0x000000d90fffff
[    0.564413] pci 0000:00:17.2: PCI bridge, secondary bus 0000:15
[    0.564425] pci 0000:00:17.2:   IO window: 0xe000-0xefff
[    0.564453] pci 0000:00:17.2:   MEM window: 0xcae00000-0xcaefffff
[    0.564472] pci 0000:00:17.2:   PREFETCH window: 0x000000d9400000-0x000000d94fffff
[    0.564519] pci 0000:00:17.3: PCI bridge, secondary bus 0000:16
[    0.564521] pci 0000:00:17.3:   IO window: disabled
[    0.564567] pci 0000:00:17.3:   MEM window: 0xcb200000-0xcb2fffff
[    0.564587] pci 0000:00:17.3:   PREFETCH window: 0x000000d9800000-0x000000d98fffff
[    0.564638] pci 0000:00:17.4: PCI bridge, secondary bus 0000:17
[    0.564640] pci 0000:00:17.4:   IO window: disabled
[    0.564670] pci 0000:00:17.4:   MEM window: 0xcb600000-0xcb6fffff
[    0.564691] pci 0000:00:17.4:   PREFETCH window: 0x000000d9c00000-0x000000d9cfffff
[    0.564747] pci 0000:00:17.5: PCI bridge, secondary bus 0000:18
[    0.564749] pci 0000:00:17.5:   IO window: disabled
[    0.564777] pci 0000:00:17.5:   MEM window: 0xcba00000-0xcbafffff
[    0.564797] pci 0000:00:17.5:   PREFETCH window: 0x000000da000000-0x000000da0fffff
[    0.564844] pci 0000:00:17.6: PCI bridge, secondary bus 0000:19
[    0.564846] pci 0000:00:17.6:   IO window: disabled
[    0.564874] pci 0000:00:17.6:   MEM window: 0xcbe00000-0xcbefffff
[    0.564893] pci 0000:00:17.6:   PREFETCH window: 0x000000da400000-0x000000da4fffff
[    0.564941] pci 0000:00:17.7: PCI bridge, secondary bus 0000:1a
[    0.564942] pci 0000:00:17.7:   IO window: disabled
[    0.564970] pci 0000:00:17.7:   MEM window: 0xcc200000-0xcc2fffff
[    0.564990] pci 0000:00:17.7:   PREFETCH window: 0x000000da800000-0x000000da8fffff
[    0.565047] pci 0000:00:18.0: PCI bridge, secondary bus 0000:1b
[    0.565059] pci 0000:00:18.0:   IO window: 0x7000-0x7fff
[    0.565096] pci 0000:00:18.0:   MEM window: 0xca700000-0xca7fffff
[    0.565115] pci 0000:00:18.0:   PREFETCH window: 0x000000d8d00000-0x000000d8dfffff
[    0.565162] pci 0000:00:18.1: PCI bridge, secondary bus 0000:1c
[    0.565174] pci 0000:00:18.1:   IO window: 0xb000-0xbfff
[    0.565202] pci 0000:00:18.1:   MEM window: 0xcab00000-0xcabfffff
[    0.565221] pci 0000:00:18.1:   PREFETCH window: 0x000000d9100000-0x000000d91fffff
[    0.565268] pci 0000:00:18.2: PCI bridge, secondary bus 0000:1d
[    0.565280] pci 0000:00:18.2:   IO window: 0xf000-0xffff
[    0.565308] pci 0000:00:18.2:   MEM window: 0xcaf00000-0xcaffffff
[    0.565327] pci 0000:00:18.2:   PREFETCH window: 0x000000d9500000-0x000000d95fffff
[    0.565374] pci 0000:00:18.3: PCI bridge, secondary bus 0000:1e
[    0.565376] pci 0000:00:18.3:   IO window: disabled
[    0.565404] pci 0000:00:18.3:   MEM window: 0xcb300000-0xcb3fffff
[    0.565423] pci 0000:00:18.3:   PREFETCH window: 0x000000d9900000-0x000000d99fffff
[    0.565471] pci 0000:00:18.4: PCI bridge, secondary bus 0000:1f
[    0.565472] pci 0000:00:18.4:   IO window: disabled
[    0.565501] pci 0000:00:18.4:   MEM window: 0xcb700000-0xcb7fffff
[    0.565520] pci 0000:00:18.4:   PREFETCH window: 0x000000d9d00000-0x000000d9dfffff
[    0.565577] pci 0000:00:18.5: PCI bridge, secondary bus 0000:20
[    0.565579] pci 0000:00:18.5:   IO window: disabled
[    0.565608] pci 0000:00:18.5:   MEM window: 0xcbb00000-0xcbbfffff
[    0.565627] pci 0000:00:18.5:   PREFETCH window: 0x000000da100000-0x000000da1fffff
[    0.565675] pci 0000:00:18.6: PCI bridge, secondary bus 0000:21
[    0.565676] pci 0000:00:18.6:   IO window: disabled
[    0.565704] pci 0000:00:18.6:   MEM window: 0xcbf00000-0xcbffffff
[    0.565724] pci 0000:00:18.6:   PREFETCH window: 0x000000da500000-0x000000da5fffff
[    0.565771] pci 0000:00:18.7: PCI bridge, secondary bus 0000:22
[    0.565772] pci 0000:00:18.7:   IO window: disabled
[    0.565801] pci 0000:00:18.7:   MEM window: 0xcc300000-0xcc3fffff
[    0.565820] pci 0000:00:18.7:   PREFETCH window: 0x000000da900000-0x000000da9fffff
[    0.565877] pci 0000:00:01.0: setting latency timer to 64
[    0.565935] pci 0000:00:15.0: setting latency timer to 64
[    0.565992] pci 0000:00:15.1: setting latency timer to 64
[    0.566050] pci 0000:00:15.2: setting latency timer to 64
[    0.566107] pci 0000:00:15.3: setting latency timer to 64
[    0.566165] pci 0000:00:15.4: setting latency timer to 64
[    0.566222] pci 0000:00:15.5: setting latency timer to 64
[    0.566280] pci 0000:00:15.6: setting latency timer to 64
[    0.566337] pci 0000:00:15.7: setting latency timer to 64
[    0.566395] pci 0000:00:16.0: setting latency timer to 64
[    0.566452] pci 0000:00:16.1: setting latency timer to 64
[    0.566510] pci 0000:00:16.2: setting latency timer to 64
[    0.566567] pci 0000:00:16.3: setting latency timer to 64
[    0.566625] pci 0000:00:16.4: setting latency timer to 64
[    0.566682] pci 0000:00:16.5: setting latency timer to 64
[    0.566739] pci 0000:00:16.6: setting latency timer to 64
[    0.566797] pci 0000:00:16.7: setting latency timer to 64
[    0.566854] pci 0000:00:17.0: setting latency timer to 64
[    0.566912] pci 0000:00:17.1: setting latency timer to 64
[    0.566969] pci 0000:00:17.2: setting latency timer to 64
[    0.567027] pci 0000:00:17.3: setting latency timer to 64
[    0.567084] pci 0000:00:17.4: setting latency timer to 64
[    0.567142] pci 0000:00:17.5: setting latency timer to 64
[    0.567199] pci 0000:00:17.6: setting latency timer to 64
[    0.567257] pci 0000:00:17.7: setting latency timer to 64
[    0.567314] pci 0000:00:18.0: setting latency timer to 64
[    0.567372] pci 0000:00:18.1: setting latency timer to 64
[    0.567429] pci 0000:00:18.2: setting latency timer to 64
[    0.567487] pci 0000:00:18.3: setting latency timer to 64
[    0.567544] pci 0000:00:18.4: setting latency timer to 64
[    0.567601] pci 0000:00:18.5: setting latency timer to 64
[    0.567659] pci 0000:00:18.6: setting latency timer to 64
[    0.567716] pci 0000:00:18.7: setting latency timer to 64
[    0.567728] pci_bus 0000:00: resource 0 io:  [0x00-0xffff]
[    0.567730] pci_bus 0000:00: resource 1 mem: [0x000000-0xffffffffffffffff]
[    0.567733] pci_bus 0000:02: resource 0 io:  [0x2000-0x3fff]
[    0.567734] pci_bus 0000:02: resource 1 mem: [0xc9000000-0xca3fffff]
[    0.567736] pci_bus 0000:02: resource 2 pref mem [0xd8400000-0xd89fffff]
[    0.567738] pci_bus 0000:02: resource 3 io:  [0x00-0xffff]
[    0.567740] pci_bus 0000:02: resource 4 mem: [0x000000-0xffffffffffffffff]
[    0.567742] pci_bus 0000:03: resource 0 io:  [0x4000-0x4fff]
[    0.567744] pci_bus 0000:03: resource 1 mem: [0xca400000-0xca4fffff]
[    0.567745] pci_bus 0000:03: resource 2 pref mem [0xd8a00000-0xd8afffff]
[    0.567747] pci_bus 0000:04: resource 0 io:  [0x8000-0x8fff]
[    0.567749] pci_bus 0000:04: resource 1 mem: [0xca800000-0xca8fffff]
[    0.567751] pci_bus 0000:04: resource 2 pref mem [0xd8e00000-0xd8efffff]
[    0.567753] pci_bus 0000:05: resource 0 io:  [0xc000-0xcfff]
[    0.567754] pci_bus 0000:05: resource 1 mem: [0xcac00000-0xcacfffff]
[    0.567756] pci_bus 0000:05: resource 2 pref mem [0xd9200000-0xd92fffff]
[    0.567758] pci_bus 0000:06: resource 1 mem: [0xcb000000-0xcb0fffff]
[    0.567760] pci_bus 0000:06: resource 2 pref mem [0xd9600000-0xd96fffff]
[    0.567762] pci_bus 0000:07: resource 1 mem: [0xcb400000-0xcb4fffff]
[    0.567763] pci_bus 0000:07: resource 2 pref mem [0xd9a00000-0xd9afffff]
[    0.567765] pci_bus 0000:08: resource 1 mem: [0xcb800000-0xcb8fffff]
[    0.567767] pci_bus 0000:08: resource 2 pref mem [0xd9e00000-0xd9efffff]
[    0.567769] pci_bus 0000:09: resource 1 mem: [0xcbc00000-0xcbcfffff]
[    0.567771] pci_bus 0000:09: resource 2 pref mem [0xda200000-0xda2fffff]
[    0.567773] pci_bus 0000:0a: resource 1 mem: [0xcc000000-0xcc0fffff]
[    0.567774] pci_bus 0000:0a: resource 2 pref mem [0xda600000-0xda6fffff]
[    0.567776] pci_bus 0000:0b: resource 0 io:  [0x5000-0x5fff]
[    0.567778] pci_bus 0000:0b: resource 1 mem: [0xca500000-0xca5fffff]
[    0.567780] pci_bus 0000:0b: resource 2 pref mem [0xd8b00000-0xd8bfffff]
[    0.567781] pci_bus 0000:0c: resource 0 io:  [0x9000-0x9fff]
[    0.567783] pci_bus 0000:0c: resource 1 mem: [0xca900000-0xca9fffff]
[    0.567785] pci_bus 0000:0c: resource 2 pref mem [0xd8f00000-0xd8ffffff]
[    0.567787] pci_bus 0000:0d: resource 0 io:  [0xd000-0xdfff]
[    0.567788] pci_bus 0000:0d: resource 1 mem: [0xcad00000-0xcadfffff]
[    0.567790] pci_bus 0000:0d: resource 2 pref mem [0xd9300000-0xd93fffff]
[    0.567792] pci_bus 0000:0e: resource 1 mem: [0xcb100000-0xcb1fffff]
[    0.567794] pci_bus 0000:0e: resource 2 pref mem [0xd9700000-0xd97fffff]
[    0.567796] pci_bus 0000:0f: resource 1 mem: [0xcb500000-0xcb5fffff]
[    0.567798] pci_bus 0000:0f: resource 2 pref mem [0xd9b00000-0xd9bfffff]
[    0.567799] pci_bus 0000:10: resource 1 mem: [0xcb900000-0xcb9fffff]
[    0.567801] pci_bus 0000:10: resource 2 pref mem [0xd9f00000-0xd9ffffff]
[    0.567803] pci_bus 0000:11: resource 1 mem: [0xcbd00000-0xcbdfffff]
[    0.567805] pci_bus 0000:11: resource 2 pref mem [0xda300000-0xda3fffff]
[    0.567807] pci_bus 0000:12: resource 1 mem: [0xcc100000-0xcc1fffff]
[    0.567808] pci_bus 0000:12: resource 2 pref mem [0xda700000-0xda7fffff]
[    0.567810] pci_bus 0000:13: resource 0 io:  [0x6000-0x6fff]
[    0.567812] pci_bus 0000:13: resource 1 mem: [0xca600000-0xca6fffff]
[    0.567814] pci_bus 0000:13: resource 2 pref mem [0xd8c00000-0xd8cfffff]
[    0.567815] pci_bus 0000:14: resource 0 io:  [0xa000-0xafff]
[    0.567817] pci_bus 0000:14: resource 1 mem: [0xcaa00000-0xcaafffff]
[    0.567819] pci_bus 0000:14: resource 2 pref mem [0xd9000000-0xd90fffff]
[    0.567821] pci_bus 0000:15: resource 0 io:  [0xe000-0xefff]
[    0.567822] pci_bus 0000:15: resource 1 mem: [0xcae00000-0xcaefffff]
[    0.567824] pci_bus 0000:15: resource 2 pref mem [0xd9400000-0xd94fffff]
[    0.567826] pci_bus 0000:16: resource 1 mem: [0xcb200000-0xcb2fffff]
[    0.567828] pci_bus 0000:16: resource 2 pref mem [0xd9800000-0xd98fffff]
[    0.567830] pci_bus 0000:17: resource 1 mem: [0xcb600000-0xcb6fffff]
[    0.567832] pci_bus 0000:17: resource 2 pref mem [0xd9c00000-0xd9cfffff]
[    0.567833] pci_bus 0000:18: resource 1 mem: [0xcba00000-0xcbafffff]
[    0.567835] pci_bus 0000:18: resource 2 pref mem [0xda000000-0xda0fffff]
[    0.567837] pci_bus 0000:19: resource 1 mem: [0xcbe00000-0xcbefffff]
[    0.567839] pci_bus 0000:19: resource 2 pref mem [0xda400000-0xda4fffff]
[    0.567841] pci_bus 0000:1a: resource 1 mem: [0xcc200000-0xcc2fffff]
[    0.567842] pci_bus 0000:1a: resource 2 pref mem [0xda800000-0xda8fffff]
[    0.567844] pci_bus 0000:1b: resource 0 io:  [0x7000-0x7fff]
[    0.567846] pci_bus 0000:1b: resource 1 mem: [0xca700000-0xca7fffff]
[    0.567848] pci_bus 0000:1b: resource 2 pref mem [0xd8d00000-0xd8dfffff]
[    0.567850] pci_bus 0000:1c: resource 0 io:  [0xb000-0xbfff]
[    0.567851] pci_bus 0000:1c: resource 1 mem: [0xcab00000-0xcabfffff]
[    0.567853] pci_bus 0000:1c: resource 2 pref mem [0xd9100000-0xd91fffff]
[    0.567855] pci_bus 0000:1d: resource 0 io:  [0xf000-0xffff]
[    0.567857] pci_bus 0000:1d: resource 1 mem: [0xcaf00000-0xcaffffff]
[    0.567858] pci_bus 0000:1d: resource 2 pref mem [0xd9500000-0xd95fffff]
[    0.567860] pci_bus 0000:1e: resource 1 mem: [0xcb300000-0xcb3fffff]
[    0.567862] pci_bus 0000:1e: resource 2 pref mem [0xd9900000-0xd99fffff]
[    0.567864] pci_bus 0000:1f: resource 1 mem: [0xcb700000-0xcb7fffff]
[    0.567866] pci_bus 0000:1f: resource 2 pref mem [0xd9d00000-0xd9dfffff]
[    0.567867] pci_bus 0000:20: resource 1 mem: [0xcbb00000-0xcbbfffff]
[    0.567869] pci_bus 0000:20: resource 2 pref mem [0xda100000-0xda1fffff]
[    0.567871] pci_bus 0000:21: resource 1 mem: [0xcbf00000-0xcbffffff]
[    0.567873] pci_bus 0000:21: resource 2 pref mem [0xda500000-0xda5fffff]
[    0.567875] pci_bus 0000:22: resource 1 mem: [0xcc300000-0xcc3fffff]
[    0.567876] pci_bus 0000:22: resource 2 pref mem [0xda900000-0xda9fffff]
[    0.567900] NET: Registered protocol family 2
[    0.567916] RANDOM - __random32 called. Change num 7.  Value: e4915c27	228b7335	4c33f162
[    0.567918] RANDOM - random32 called.  Value: e4915c27	228b7335	4c33f162
[    0.567926] random 0000 0000 0000 00000000 00000000: rand_read_num 2 get_random_bytes(4): sig fffffe1a 00000000 00000000
[    0.567928] random 0000 0000 0000 00000000 00000000: extract_entropy(.. 4 ..)
[    0.567931] random 0000 0000 0000 00000000 00000000: going to reseed nonblocking with 64 bits (32 of 0 requested)
[    0.567933] random 0000 0000 0000 00000000 00000000: extract_entropy(.. 8 ..)
[    0.567935] random 0000 0000 0000 00000000 00000000: trying to extract 64 bits from input
[    0.567937] random 0000 0000 0000 00000000 00000000: debiting 0 entropy credits from input
[    0.567939] random 0000 0000 0000 00000000 00000000: extract_entropy account returned: 0 
[    0.567942] random 0000 0000 0000 00000000 00000000: urand_change_num 3 xfer_secondary_pool(4): pool_sig fffffe1a, data_sig 00000000, bytes_mixed 0 00000000 00000000
[    0.567944] random 0000 0000 0000 00000000 00000000: trying to extract 32 bits from nonblocking
[    0.567947] random 0000 0000 0000 00000000 00000000: debiting 32 entropy credits from nonblocking (unlimited)
[    0.567949] random 0000 0000 0000 00000000 00000000: extract_entropy account returned: 4 
[    0.567952] random 0000 0000 0000 00000000 00000000: urand_change_num 4 extract_buf: pool_sig fffffe1a, data_sig fffffed7, bytes_mixed 20 00000000 00000000
[    0.567981] IP route cache hash table entries: 32768 (order: 5, 131072 bytes)
[    0.568039] RANDOM - __random32 called. Change num 8.  Value: 15c279e2	28b73354	e2c5b58f
[    0.568041] RANDOM - random32 called.  Value: 15c279e2	28b73354	e2c5b58f
[    0.568096] RANDOM - __random32 called. Change num 9.  Value: 279e2b5f	8b733545	6b1e9d03
[    0.568098] RANDOM - random32 called.  Value: 279e2b5f	8b733545	6b1e9d03
[    0.568101] RANDOM - __random32 called. Change num 10.  Value: e2b5fc5e	b7335453	3a067d4e
[    0.568102] RANDOM - random32 called.  Value: e2b5fc5e	b7335453	3a067d4e
[    0.568124] RANDOM - __random32 called. Change num 11.  Value: 5fc5eba7	73354535	fa9d46b2
[    0.568125] RANDOM - random32 called.  Value: 5fc5eba7	73354535	fa9d46b2
[    0.568135] TCP established hash table entries: 131072 (order: 8, 1048576 bytes)
[    0.568162] TCP bind hash table entries: 65536 (order: 7, 524288 bytes)
[    0.568381] TCP: Hash tables configured (established 131072 bind 65536)
[    0.568383] TCP reno registered
[    0.568419] NET: Registered protocol family 1
[    0.568428] pci 0000:00:00.0: Limiting direct PCI/PCI transfers
[    0.568447] pci 0000:00:0f.0: Boot video device
[    0.568567] Trying to unpack rootfs image as initramfs...
[    1.758680] Freeing initrd memory: 83430k freed
[    1.762698] Simple Boot Flag at 0x36 set to 0x1
[    1.762743] cpufreq-nforce2: No nForce2 chipset.
[    1.762757] Scanning for low memory corruption every 60 seconds
[    1.762874] audit: initializing netlink socket (disabled)
[    1.762883] type=2000 audit(1369437397.748:1): initialized
[    1.766800] highmem bounce pool size: 64 pages
[    1.766804] HugeTLB registered 2 MB page size, pre-allocated 0 pages
[    1.766899] VFS: Disk quotas dquot_6.5.2
[    1.766930] Dquot-cache hash table entries: 1024 (order 0, 4096 bytes)
[    1.767008] fuse init (API version 7.13)
[    1.767053] msgmni has been set to 1729
[    1.767316] alg: No test for stdrng (krng)
[    1.767349] Block layer SCSI generic (bsg) driver version 0.4 loaded (major 253)
[    1.767351] io scheduler noop registered
[    1.767353] io scheduler anticipatory registered
[    1.767355] io scheduler deadline registered
[    1.767374] io scheduler cfq registered (default)
[    1.767419]   alloc irq_desc for 24 on node -1
[    1.767421]   alloc kstat_irqs on node -1
[    1.767465] pcieport 0000:00:15.0: irq 24 for MSI/MSI-X
[    1.767510] pcieport 0000:00:15.0: setting latency timer to 64
[    1.767555]   alloc irq_desc for 25 on node -1
[    1.767557]   alloc kstat_irqs on node -1
[    1.767601] pcieport 0000:00:15.1: irq 25 for MSI/MSI-X
[    1.767646] pcieport 0000:00:15.1: setting latency timer to 64
[    1.767690]   alloc irq_desc for 26 on node -1
[    1.767692]   alloc kstat_irqs on node -1
[    1.767737] pcieport 0000:00:15.2: irq 26 for MSI/MSI-X
[    1.767782] pcieport 0000:00:15.2: setting latency timer to 64
[    1.767826]   alloc irq_desc for 27 on node -1
[    1.767828]   alloc kstat_irqs on node -1
[    1.767873] pcieport 0000:00:15.3: irq 27 for MSI/MSI-X
[    1.767917] pcieport 0000:00:15.3: setting latency timer to 64
[    1.767962]   alloc irq_desc for 28 on node -1
[    1.767964]   alloc kstat_irqs on node -1
[    1.768008] pcieport 0000:00:15.4: irq 28 for MSI/MSI-X
[    1.768053] pcieport 0000:00:15.4: setting latency timer to 64
[    1.768098]   alloc irq_desc for 29 on node -1
[    1.768099]   alloc kstat_irqs on node -1
[    1.768144] pcieport 0000:00:15.5: irq 29 for MSI/MSI-X
[    1.768189] pcieport 0000:00:15.5: setting latency timer to 64
[    1.768233]   alloc irq_desc for 30 on node -1
[    1.768235]   alloc kstat_irqs on node -1
[    1.768280] pcieport 0000:00:15.6: irq 30 for MSI/MSI-X
[    1.768324] pcieport 0000:00:15.6: setting latency timer to 64
[    1.768369]   alloc irq_desc for 31 on node -1
[    1.768372]   alloc kstat_irqs on node -1
[    1.768416] pcieport 0000:00:15.7: irq 31 for MSI/MSI-X
[    1.768461] pcieport 0000:00:15.7: setting latency timer to 64
[    1.768506]   alloc irq_desc for 32 on node -1
[    1.768508]   alloc kstat_irqs on node -1
[    1.768552] pcieport 0000:00:16.0: irq 32 for MSI/MSI-X
[    1.768597] pcieport 0000:00:16.0: setting latency timer to 64
[    1.768642]   alloc irq_desc for 33 on node -1
[    1.768644]   alloc kstat_irqs on node -1
[    1.768688] pcieport 0000:00:16.1: irq 33 for MSI/MSI-X
[    1.768733] pcieport 0000:00:16.1: setting latency timer to 64
[    1.768777]   alloc irq_desc for 34 on node -1
[    1.768780]   alloc kstat_irqs on node -1
[    1.768824] pcieport 0000:00:16.2: irq 34 for MSI/MSI-X
[    1.768869] pcieport 0000:00:16.2: setting latency timer to 64
[    1.768914]   alloc irq_desc for 35 on node -1
[    1.768915]   alloc kstat_irqs on node -1
[    1.768960] pcieport 0000:00:16.3: irq 35 for MSI/MSI-X
[    1.769005] pcieport 0000:00:16.3: setting latency timer to 64
[    1.769049]   alloc irq_desc for 36 on node -1
[    1.769051]   alloc kstat_irqs on node -1
[    1.769096] pcieport 0000:00:16.4: irq 36 for MSI/MSI-X
[    1.769140] pcieport 0000:00:16.4: setting latency timer to 64
[    1.769185]   alloc irq_desc for 37 on node -1
[    1.769187]   alloc kstat_irqs on node -1
[    1.769232] pcieport 0000:00:16.5: irq 37 for MSI/MSI-X
[    1.769276] pcieport 0000:00:16.5: setting latency timer to 64
[    1.769321]   alloc irq_desc for 38 on node -1
[    1.769332]   alloc kstat_irqs on node -1
[    1.769376] pcieport 0000:00:16.6: irq 38 for MSI/MSI-X
[    1.769421] pcieport 0000:00:16.6: setting latency timer to 64
[    1.769466]   alloc irq_desc for 39 on node -1
[    1.769468]   alloc kstat_irqs on node -1
[    1.769512] pcieport 0000:00:16.7: irq 39 for MSI/MSI-X
[    1.769557] pcieport 0000:00:16.7: setting latency timer to 64
[    1.770724]   alloc irq_desc for 40 on node -1
[    1.770726]   alloc kstat_irqs on node -1
[    1.770775] pcieport 0000:00:17.0: irq 40 for MSI/MSI-X
[    1.770825] pcieport 0000:00:17.0: setting latency timer to 64
[    1.770874]   alloc irq_desc for 41 on node -1
[    1.770876]   alloc kstat_irqs on node -1
[    1.770926] pcieport 0000:00:17.1: irq 41 for MSI/MSI-X
[    1.770975] pcieport 0000:00:17.1: setting latency timer to 64
[    1.771025]   alloc irq_desc for 42 on node -1
[    1.771027]   alloc kstat_irqs on node -1
[    1.771076] pcieport 0000:00:17.2: irq 42 for MSI/MSI-X
[    1.771126] pcieport 0000:00:17.2: setting latency timer to 64
[    1.771175]   alloc irq_desc for 43 on node -1
[    1.771177]   alloc kstat_irqs on node -1
[    1.771224] pcieport 0000:00:17.3: irq 43 for MSI/MSI-X
[    1.771274] pcieport 0000:00:17.3: setting latency timer to 64
[    1.771323]   alloc irq_desc for 44 on node -1
[    1.771325]   alloc kstat_irqs on node -1
[    1.771372] pcieport 0000:00:17.4: irq 44 for MSI/MSI-X
[    1.771421] pcieport 0000:00:17.4: setting latency timer to 64
[    1.771471]   alloc irq_desc for 45 on node -1
[    1.771472]   alloc kstat_irqs on node -1
[    1.771518] pcieport 0000:00:17.5: irq 45 for MSI/MSI-X
[    1.771568] pcieport 0000:00:17.5: setting latency timer to 64
[    1.771617]   alloc irq_desc for 46 on node -1
[    1.771634]   alloc kstat_irqs on node -1
[    1.771683] pcieport 0000:00:17.6: irq 46 for MSI/MSI-X
[    1.771733] pcieport 0000:00:17.6: setting latency timer to 64
[    1.771782]   alloc irq_desc for 47 on node -1
[    1.771784]   alloc kstat_irqs on node -1
[    1.771830] pcieport 0000:00:17.7: irq 47 for MSI/MSI-X
[    1.771880] pcieport 0000:00:17.7: setting latency timer to 64
[    1.771929]   alloc irq_desc for 48 on node -1
[    1.771932]   alloc kstat_irqs on node -1
[    1.771980] pcieport 0000:00:18.0: irq 48 for MSI/MSI-X
[    1.772029] pcieport 0000:00:18.0: setting latency timer to 64
[    1.772079]   alloc irq_desc for 49 on node -1
[    1.772081]   alloc kstat_irqs on node -1
[    1.772127] pcieport 0000:00:18.1: irq 49 for MSI/MSI-X
[    1.772177] pcieport 0000:00:18.1: setting latency timer to 64
[    1.772226]   alloc irq_desc for 50 on node -1
[    1.772228]   alloc kstat_irqs on node -1
[    1.772275] pcieport 0000:00:18.2: irq 50 for MSI/MSI-X
[    1.772325] pcieport 0000:00:18.2: setting latency timer to 64
[    1.772374]   alloc irq_desc for 51 on node -1
[    1.772376]   alloc kstat_irqs on node -1
[    1.772422] pcieport 0000:00:18.3: irq 51 for MSI/MSI-X
[    1.772471] pcieport 0000:00:18.3: setting latency timer to 64
[    1.772521]   alloc irq_desc for 52 on node -1
[    1.772523]   alloc kstat_irqs on node -1
[    1.772572] pcieport 0000:00:18.4: irq 52 for MSI/MSI-X
[    1.772622] pcieport 0000:00:18.4: setting latency timer to 64
[    1.772671]   alloc irq_desc for 53 on node -1
[    1.772673]   alloc kstat_irqs on node -1
[    1.772721] pcieport 0000:00:18.5: irq 53 for MSI/MSI-X
[    1.772771] pcieport 0000:00:18.5: setting latency timer to 64
[    1.772820]   alloc irq_desc for 54 on node -1
[    1.772822]   alloc kstat_irqs on node -1
[    1.772869] pcieport 0000:00:18.6: irq 54 for MSI/MSI-X
[    1.772919] pcieport 0000:00:18.6: setting latency timer to 64
[    1.772968]   alloc irq_desc for 55 on node -1
[    1.772970]   alloc kstat_irqs on node -1
[    1.773016] pcieport 0000:00:18.7: irq 55 for MSI/MSI-X
[    1.773066] pcieport 0000:00:18.7: setting latency timer to 64
[    1.773115] pci_hotplug: PCI Hot Plug PCI Core version: 0.5
[    1.774735] pciehp 0000:00:15.0:pcie04: HPC vendor_id 15ad device_id 7a0 ss_vid 0 ss_did 0
[    1.774784] pciehp 0000:00:15.0:pcie04: service driver pciehp loaded
[    1.774834] pciehp 0000:00:15.1:pcie04: HPC vendor_id 15ad device_id 7a0 ss_vid 0 ss_did 0
[    1.774884] pciehp 0000:00:15.1:pcie04: service driver pciehp loaded
[    1.774933] pciehp 0000:00:15.2:pcie04: HPC vendor_id 15ad device_id 7a0 ss_vid 0 ss_did 0
[    1.774983] pciehp 0000:00:15.2:pcie04: service driver pciehp loaded
[    1.775032] pciehp 0000:00:15.3:pcie04: HPC vendor_id 15ad device_id 7a0 ss_vid 0 ss_did 0
[    1.775082] pciehp 0000:00:15.3:pcie04: service driver pciehp loaded
[    1.775131] pciehp 0000:00:15.4:pcie04: HPC vendor_id 15ad device_id 7a0 ss_vid 0 ss_did 0
[    1.775181] pciehp 0000:00:15.4:pcie04: service driver pciehp loaded
[    1.775230] pciehp 0000:00:15.5:pcie04: HPC vendor_id 15ad device_id 7a0 ss_vid 0 ss_did 0
[    1.775280] pciehp 0000:00:15.5:pcie04: service driver pciehp loaded
[    1.775329] pciehp 0000:00:15.6:pcie04: HPC vendor_id 15ad device_id 7a0 ss_vid 0 ss_did 0
[    1.775379] pciehp 0000:00:15.6:pcie04: service driver pciehp loaded
[    1.775428] pciehp 0000:00:15.7:pcie04: HPC vendor_id 15ad device_id 7a0 ss_vid 0 ss_did 0
[    1.775478] pciehp 0000:00:15.7:pcie04: service driver pciehp loaded
[    1.775527] pciehp 0000:00:16.0:pcie04: HPC vendor_id 15ad device_id 7a0 ss_vid 0 ss_did 0
[    1.775577] pciehp 0000:00:16.0:pcie04: service driver pciehp loaded
[    1.775626] pciehp 0000:00:16.1:pcie04: HPC vendor_id 15ad device_id 7a0 ss_vid 0 ss_did 0
[    1.775676] pciehp 0000:00:16.1:pcie04: service driver pciehp loaded
[    1.775726] pciehp 0000:00:16.2:pcie04: HPC vendor_id 15ad device_id 7a0 ss_vid 0 ss_did 0
[    1.775775] pciehp 0000:00:16.2:pcie04: service driver pciehp loaded
[    1.775825] pciehp 0000:00:16.3:pcie04: HPC vendor_id 15ad device_id 7a0 ss_vid 0 ss_did 0
[    1.775874] pciehp 0000:00:16.3:pcie04: service driver pciehp loaded
[    1.775924] pciehp 0000:00:16.4:pcie04: HPC vendor_id 15ad device_id 7a0 ss_vid 0 ss_did 0
[    1.775973] pciehp 0000:00:16.4:pcie04: service driver pciehp loaded
[    1.776023] pciehp 0000:00:16.5:pcie04: HPC vendor_id 15ad device_id 7a0 ss_vid 0 ss_did 0
[    1.776072] pciehp 0000:00:16.5:pcie04: service driver pciehp loaded
[    1.776122] pciehp 0000:00:16.6:pcie04: HPC vendor_id 15ad device_id 7a0 ss_vid 0 ss_did 0
[    1.776171] pciehp 0000:00:16.6:pcie04: service driver pciehp loaded
[    1.776221] pciehp 0000:00:16.7:pcie04: HPC vendor_id 15ad device_id 7a0 ss_vid 0 ss_did 0
[    1.776270] pciehp 0000:00:16.7:pcie04: service driver pciehp loaded
[    1.776320] pciehp 0000:00:17.0:pcie04: HPC vendor_id 15ad device_id 7a0 ss_vid 0 ss_did 0
[    1.776369] pciehp 0000:00:17.0:pcie04: service driver pciehp loaded
[    1.776419] pciehp 0000:00:17.1:pcie04: HPC vendor_id 15ad device_id 7a0 ss_vid 0 ss_did 0
[    1.776469] pciehp 0000:00:17.1:pcie04: service driver pciehp loaded
[    1.776518] pciehp 0000:00:17.2:pcie04: HPC vendor_id 15ad device_id 7a0 ss_vid 0 ss_did 0
[    1.776568] pciehp 0000:00:17.2:pcie04: service driver pciehp loaded
[    1.776617] pciehp 0000:00:17.3:pcie04: HPC vendor_id 15ad device_id 7a0 ss_vid 0 ss_did 0
[    1.776667] pciehp 0000:00:17.3:pcie04: service driver pciehp loaded
[    1.776716] pciehp 0000:00:17.4:pcie04: HPC vendor_id 15ad device_id 7a0 ss_vid 0 ss_did 0
[    1.776766] pciehp 0000:00:17.4:pcie04: service driver pciehp loaded
[    1.776815] pciehp 0000:00:17.5:pcie04: HPC vendor_id 15ad device_id 7a0 ss_vid 0 ss_did 0
[    1.776865] pciehp 0000:00:17.5:pcie04: service driver pciehp loaded
[    1.776914] pciehp 0000:00:17.6:pcie04: HPC vendor_id 15ad device_id 7a0 ss_vid 0 ss_did 0
[    1.776964] pciehp 0000:00:17.6:pcie04: service driver pciehp loaded
[    1.777013] pciehp 0000:00:17.7:pcie04: HPC vendor_id 15ad device_id 7a0 ss_vid 0 ss_did 0
[    1.777063] pciehp 0000:00:17.7:pcie04: service driver pciehp loaded
[    1.777112] pciehp 0000:00:18.0:pcie04: HPC vendor_id 15ad device_id 7a0 ss_vid 0 ss_did 0
[    1.777162] pciehp 0000:00:18.0:pcie04: service driver pciehp loaded
[    1.777211] pciehp 0000:00:18.1:pcie04: HPC vendor_id 15ad device_id 7a0 ss_vid 0 ss_did 0
[    1.777261] pciehp 0000:00:18.1:pcie04: service driver pciehp loaded
[    1.777311] pciehp 0000:00:18.2:pcie04: HPC vendor_id 15ad device_id 7a0 ss_vid 0 ss_did 0
[    1.777360] pciehp 0000:00:18.2:pcie04: service driver pciehp loaded
[    1.777410] pciehp 0000:00:18.3:pcie04: HPC vendor_id 15ad device_id 7a0 ss_vid 0 ss_did 0
[    1.777459] pciehp 0000:00:18.3:pcie04: service driver pciehp loaded
[    1.777509] pciehp 0000:00:18.4:pcie04: HPC vendor_id 15ad device_id 7a0 ss_vid 0 ss_did 0
[    1.777558] pciehp 0000:00:18.4:pcie04: service driver pciehp loaded
[    1.777608] pciehp 0000:00:18.5:pcie04: HPC vendor_id 15ad device_id 7a0 ss_vid 0 ss_did 0
[    1.777657] pciehp 0000:00:18.5:pcie04: service driver pciehp loaded
[    1.777707] pciehp 0000:00:18.6:pcie04: HPC vendor_id 15ad device_id 7a0 ss_vid 0 ss_did 0
[    1.777756] pciehp 0000:00:18.6:pcie04: service driver pciehp loaded
[    1.777806] pciehp 0000:00:18.7:pcie04: HPC vendor_id 15ad device_id 7a0 ss_vid 0 ss_did 0
[    1.777855] pciehp 0000:00:18.7:pcie04: service driver pciehp loaded
[    1.777863] pciehp: PCI Express Hot Plug Controller Driver version: 0.4
[    1.777917] ACPI: AC Adapter [ACAD] (on-line)
[    1.777973] input: Power Button as /devices/LNXSYSTM:00/LNXPWRBN:00/input/input0
[    1.777975] ACPI: Power Button [PWRF]
[    1.778025] processor LNXCPU:00: registered as cooling_device0
[    1.818623] isapnp: Scanning for PnP cards...
[    2.172801] isapnp: No Plug & Play device found
[    2.172831] random 0000 0000 0000 5f8db4e5 4cfdf2a8: initializing
[    2.172951] Linux agpgart interface v0.103
[    2.172990] agpgart-intel 0000:00:00.0: Intel 440BX Chipset
[    2.173040] agpgart-intel 0000:00:00.0: AGP aperture is 256M @ 0x0
[    2.173070] Serial: 8250/16550 driver, 32 ports, IRQ sharing enabled
[    2.173120] serial8250: ttyS0 at I/O 0x3f8 (irq = 4) is a 16550A
[    2.173169] serial8250: ttyS1 at I/O 0x2f8 (irq = 3) is a 16550A
[    2.173219] 00:0a: ttyS0 at I/O 0x3f8 (irq = 4) is a 16550A
[    2.173268] 00:0b: ttyS1 at I/O 0x2f8 (irq = 3) is a 16550A
[    2.173318] brd: module loaded
[    2.173367] loop: module loaded
[    2.173417] ata_piix 0000:00:07.1: version 2.13
[    2.173505] scsi0 : ata_piix
[    2.173552] scsi1 : ata_piix
[    2.173571] ata1: PATA max UDMA/33 cmd 0x1f0 ctl 0x3f6 bmdma 0x10c0 irq 14
[    2.173573] ata2: PATA max UDMA/33 cmd 0x170 ctl 0x376 bmdma 0x10c8 irq 15
[    2.173620] PPP generic driver version 2.4.2
[    2.173638] tun: Universal TUN/TAP device driver, 1.6
[    2.173640] tun: (C) 1999-2004 Max Krasnyansky <maxk@qualcomm.com>
[    2.173689] ehci_hcd: USB 2.0 'Enhanced' Host Controller (EHCI) Driver
[    2.173739] ACPI: PCI Interrupt Link [LNKB] enabled at IRQ 11
[    2.173741] PCI: setting IRQ 11 as level-triggered
[    2.173749] ehci_hcd 0000:02:03.0: PCI INT A -> Link[LNKB] -> GSI 11 (level, low) -> IRQ 11
[    2.173784] ehci_hcd 0000:02:03.0: EHCI Host Controller
[    2.173806] ehci_hcd 0000:02:03.0: new USB bus registered, assigned bus number 1
[    2.173855] ehci_hcd 0000:02:03.0: cache line size of 32 is not supported
[    2.173861] ehci_hcd 0000:02:03.0: irq 11, io mem 0xc9000000
[    2.174240] random 0000 0000 0000 00000000 00000000: rand_read_num 3 get_random_bytes(8): sig 00000000 00000000 00000000
[    2.174243] random 0000 0000 0000 00000000 00000000: extract_entropy(.. 8 ..)
[    2.174245] random 0000 0000 0000 00000000 00000000: going to reseed nonblocking with 64 bits (64 of 0 requested)
[    2.174248] random 0000 0000 0000 00000000 00000000: extract_entropy(.. 8 ..)
[    2.174250] random 0000 0000 0000 00000000 00000000: trying to extract 64 bits from input
[    2.174252] random 0000 0000 0000 00000000 00000000: debiting 0 entropy credits from input
[    2.174254] random 0000 0000 0000 00000000 00000000: extract_entropy account returned: 0 
[    2.174266] random 0000 0000 0000 00000000 00000000: urand_change_num 5 xfer_secondary_pool(8): pool_sig 00000000, data_sig 00000000, bytes_mixed 0 00000000 00000000
[    2.174269] random 0000 0000 0000 00000000 00000000: trying to extract 64 bits from nonblocking
[    2.174272] random 0000 0000 0000 00000000 00000000: debiting 64 entropy credits from nonblocking (unlimited)
[    2.174274] random 0000 0000 0000 00000000 00000000: extract_entropy account returned: 8 
[    2.174277] random 0000 0000 0000 00000000 00000000: urand_change_num 6 extract_buf: pool_sig 00000000, data_sig fffffff9, bytes_mixed 20 00000000 00000000
[    2.182028] ehci_hcd 0000:02:03.0: USB 2.0 started, EHCI 1.00
[    2.182077] usb usb1: configuration #1 chosen from 1 choice
[    2.182096] hub 1-0:1.0: USB hub found
[    2.182101] hub 1-0:1.0: 6 ports detected
[    2.182136] ohci_hcd: USB 1.1 'Open' Host Controller (OHCI) Driver
[    2.182147] uhci_hcd: USB Universal Host Controller Interface driver
[    2.182196] ACPI: PCI Interrupt Link [LNKC] enabled at IRQ 10
[    2.182199] PCI: setting IRQ 10 as level-triggered
[    2.182203] uhci_hcd 0000:02:00.0: PCI INT A -> Link[LNKC] -> GSI 10 (level, low) -> IRQ 10
[    2.182236] uhci_hcd 0000:02:00.0: UHCI Host Controller
[    2.182263] uhci_hcd 0000:02:00.0: new USB bus registered, assigned bus number 2
[    2.182364] uhci_hcd 0000:02:00.0: irq 10, io base 0x000020c0
[    2.182414] usb usb2: configuration #1 chosen from 1 choice
[    2.182430] hub 2-0:1.0: USB hub found
[    2.182434] hub 2-0:1.0: 2 ports detected
[    2.182484] usbcore: registered new interface driver libusual
[    2.182511] PNP: PS/2 Controller [PNP0303:KBC,PNP0f13:MOUS] at 0x60,0x64 irq 1,12
[    2.182835] serio: i8042 KBD port at 0x60,0x64 irq 1
[    2.182842] serio: i8042 AUX port at 0x60,0x64 irq 12
[    2.182875] mice: PS/2 mouse device common for all mice
[    2.182925] rtc_cmos 00:04: rtc core: registered rtc_cmos as rtc0
[    2.182968] rtc0: alarms up to one month, y3k, 114 bytes nvram, hpet irqs
[    2.183018] device-mapper: uevent: version 1.0.3
[    2.183133] device-mapper: ioctl: 4.15.0-ioctl (2009-04-01) initialised: dm-devel@redhat.com
[    2.183150] EISA: Probing bus 0 at eisa.0
[    2.183157] Cannot allocate resource for EISA slot 1
[    2.183159] Cannot allocate resource for EISA slot 2
[    2.183161] Cannot allocate resource for EISA slot 3
[    2.183163] Cannot allocate resource for EISA slot 4
[    2.183165] Cannot allocate resource for EISA slot 5
[    2.183167] Cannot allocate resource for EISA slot 6
[    2.183169] Cannot allocate resource for EISA slot 7
[    2.183171] Cannot allocate resource for EISA slot 8
[    2.183172] EISA: Detected 0 cards.
[    2.183217] cpuidle: using governor ladder
[    2.183219] cpuidle: using governor menu
[    2.183269] random 0000 0000 0000 00000000 00000000: rand_read_num 4 get_random_bytes(136): sig 0000021d 00000000 00000000
[    2.183293] random 0000 0000 0000 00000000 00000000: extract_entropy(.. 136 ..)
[    2.183295] random 0000 0000 0000 00000000 00000000: going to reseed nonblocking with 1024 bits (1088 of 0 requested)
[    2.183298] random 0000 0000 0000 00000000 00000000: extract_entropy(.. 128 ..)
[    2.183300] random 0000 0000 0000 00000000 00000000: trying to extract 1024 bits from input
[    2.183302] random 0000 0000 0000 00000000 00000000: debiting 0 entropy credits from input
[    2.183304] random 0000 0000 0000 00000000 00000000: extract_entropy account returned: 0 
[    2.183307] random 0000 0000 0000 00000000 00000000: urand_change_num 7 xfer_secondary_pool(136): pool_sig 0000021d, data_sig 00000000, bytes_mixed 0 00000000 00000000
[    2.183310] random 0000 0000 0000 00000000 00000000: trying to extract 1088 bits from nonblocking
[    2.183312] random 0000 0000 0000 00000000 00000000: debiting 1088 entropy credits from nonblocking (unlimited)
[    2.183315] random 0000 0000 0000 00000000 00000000: extract_entropy account returned: 136 
[    2.183318] random 0000 0000 0000 00000000 00000000: urand_change_num 8 extract_buf: pool_sig 0000021d, data_sig fffffff7, bytes_mixed 20 00000000 00000000
[    2.183323] random 0000 0000 0000 f961ee50 ba9cb1aa: urand_change_num 9 extract_buf: pool_sig 00000230, data_sig fffffeb4, bytes_mixed 20 f961ee50 ba9cb1aa
[    2.183328] random 0000 0000 0000 9748bdd6 56fb8af6: urand_change_num 10 extract_buf: pool_sig 00000373, data_sig 000000cf, bytes_mixed 20 9748bdd6 56fb8af6
[    2.183332] random 0000 0000 0000 9748bdd6 56fb8af6: urand_change_num 11 extract_buf: pool_sig fffffe49, data_sig 0000023f, bytes_mixed 20 9748bdd6 56fb8af6
[    2.183337] random 0000 0000 0000 a135be86 4777650e: urand_change_num 12 extract_buf: pool_sig fffffcce, data_sig 000000c6, bytes_mixed 20 a135be86 4777650e
[    2.183341] random 0000 0000 0000 4a6ea85d 170e00dd: urand_change_num 13 extract_buf: pool_sig ffffff97, data_sig ffffff7d, bytes_mixed 20 4a6ea85d 170e00dd
[    2.183345] random 0000 0000 0000 4a6ea85d 170e00dd: urand_change_num 14 extract_buf: pool_sig 00000160, data_sig fffffeea, bytes_mixed 20 4a6ea85d 170e00dd
[    2.183350] random 0000 0000 0000 6e87c3cb da668c73: urand_change_num 15 extract_buf: pool_sig 0000034f, data_sig ffffff54, bytes_mixed 20 6e87c3cb da668c73
[    2.183354] random 0000 0000 0000 6e87c3cb da668c73: urand_change_num 16 extract_buf: pool_sig fffffdc5, data_sig 00000205, bytes_mixed 20 6e87c3cb da668c73
[    2.183359] random 0000 0000 0000 39f531e6 461eb249: urand_change_num 17 extract_buf: pool_sig fffffc1d, data_sig ffffff5e, bytes_mixed 20 39f531e6 461eb249
[    2.183363] random 0000 0000 0000 7e1538a2 3e661182: urand_change_num 18 extract_buf: pool_sig 000006ef, data_sig ffffff2e, bytes_mixed 20 7e1538a2 3e661182
[    2.183367] random 0000 0000 0000 7e1538a2 3e661182: urand_change_num 19 extract_buf: pool_sig 00000317, data_sig fffffccb, bytes_mixed 20 7e1538a2 3e661182
[    2.183372] random 0000 0000 0000 76af506b 9b57305e: urand_change_num 20 extract_buf: pool_sig 00000227, data_sig ffffffd2, bytes_mixed 20 76af506b 9b57305e
[    2.183376] random 0000 0000 0000 37d49d89 e20417cc: urand_change_num 21 extract_buf: pool_sig 0000080b, data_sig 000001e9, bytes_mixed 20 37d49d89 e20417cc
[    2.183381] TCP cubic registered
[    2.183430] NET: Registered protocol family 10
[    2.183465] RANDOM - __random32 called. Change num 12.  Value: 5eba7c56	3354535f	8d65ceee
[    2.183467] RANDOM - random32 called.  Value: 5eba7c56	3354535f	8d65ceee
[    2.183476] random 0000 0000 0000 37d49d89 e20417cc: rand_read_num 5 get_random_bytes(4): sig 00000298 37d49d89 e20417cc
[    2.183478] random 0000 0000 0000 37d49d89 e20417cc: extract_entropy(.. 4 ..)
[    2.183481] random 0000 0000 0000 37d49d89 e20417cc: going to reseed nonblocking with 64 bits (32 of 0 requested)
[    2.183483] random 0000 0000 0000 37d49d89 e20417cc: extract_entropy(.. 8 ..)
[    2.183485] random 0000 0000 0000 37d49d89 e20417cc: trying to extract 64 bits from input
[    2.183488] random 0000 0000 0000 37d49d89 e20417cc: debiting 0 entropy credits from input
[    2.183490] random 0000 0000 0000 37d49d89 e20417cc: extract_entropy account returned: 0 
[    2.183493] random 0000 0000 0000 37d49d89 e20417cc: urand_change_num 22 xfer_secondary_pool(4): pool_sig 00000298, data_sig 00000000, bytes_mixed 0 37d49d89 e20417cc
[    2.183495] random 0000 0000 0000 37d49d89 e20417cc: trying to extract 32 bits from nonblocking
[    2.183498] random 0000 0000 0000 37d49d89 e20417cc: debiting 32 entropy credits from nonblocking (unlimited)
[    2.183500] random 0000 0000 0000 37d49d89 e20417cc: extract_entropy account returned: 4 
[    2.183503] random 0000 0000 0000 37d49d89 e20417cc: urand_change_num 23 extract_buf: pool_sig 00000298, data_sig 00000092, bytes_mixed 20 37d49d89 e20417cc
[    2.183553] RANDOM - __random32 called. Change num 13.  Value: a7c56226	354535ff	9ddcc977
[    2.183555] RANDOM - random32 called.  Value: a7c56226	354535ff	9ddcc977
[    2.183605] NET: Registered protocol family 17
[    2.183625] Using IPI No-Shortcut mode
[    2.183630] random 0000 0000 0000 2ee4c4fc 167bdb15: rand_read_num 6 get_random_bytes(8): sig fffffcbf 2ee4c4fc 167bdb15
[    2.183633] random 0000 0000 0000 2ee4c4fc 167bdb15: extract_entropy(.. 8 ..)
[    2.183635] random 0000 0000 0000 2ee4c4fc 167bdb15: going to reseed nonblocking with 64 bits (64 of 0 requested)
[    2.183637] random 0000 0000 0000 2ee4c4fc 167bdb15: extract_entropy(.. 8 ..)
[    2.183639] random 0000 0000 0000 2ee4c4fc 167bdb15: trying to extract 64 bits from input
[    2.183641] random 0000 0000 0000 2ee4c4fc 167bdb15: debiting 0 entropy credits from input
[    2.183644] random 0000 0000 0000 2ee4c4fc 167bdb15: extract_entropy account returned: 0 
[    2.183647] random 0000 0000 0000 2ee4c4fc 167bdb15: urand_change_num 24 xfer_secondary_pool(8): pool_sig fffffcbf, data_sig 00000000, bytes_mixed 0 2ee4c4fc 167bdb15
[    2.183649] random 0000 0000 0000 2ee4c4fc 167bdb15: trying to extract 64 bits from nonblocking
[    2.183652] random 0000 0000 0000 2ee4c4fc 167bdb15: debiting 64 entropy credits from nonblocking (unlimited)
[    2.183654] random 0000 0000 0000 2ee4c4fc 167bdb15: extract_entropy account returned: 8 
[    2.183657] random 0000 0000 0000 2ee4c4fc 167bdb15: urand_change_num 25 extract_buf: pool_sig fffffcbf, data_sig ffffff83, bytes_mixed 20 2ee4c4fc 167bdb15
[    2.183698] PM: Resume from disk failed.
[    2.183705] registered taskstats version 1
[    2.183708] random 0000 0000 0000 2ee4c4fc 167bdb15: rand_read_num 7 get_random_bytes(12): sig fffffc69 2ee4c4fc 167bdb15
[    2.183710] random 0000 0000 0000 2ee4c4fc 167bdb15: extract_entropy(.. 12 ..)
[    2.183713] random 0000 0000 0000 2ee4c4fc 167bdb15: going to reseed nonblocking with 96 bits (96 of 0 requested)
[    2.183715] random 0000 0000 0000 2ee4c4fc 167bdb15: extract_entropy(.. 12 ..)
[    2.183717] random 0000 0000 0000 2ee4c4fc 167bdb15: trying to extract 96 bits from input
[    2.183719] random 0000 0000 0000 2ee4c4fc 167bdb15: debiting 0 entropy credits from input
[    2.183721] random 0000 0000 0000 2ee4c4fc 167bdb15: extract_entropy account returned: 0 
[    2.183724] random 0000 0000 0000 2ee4c4fc 167bdb15: urand_change_num 26 xfer_secondary_pool(12): pool_sig fffffc69, data_sig 00000000, bytes_mixed 0 2ee4c4fc 167bdb15
[    2.183727] random 0000 0000 0000 2ee4c4fc 167bdb15: trying to extract 96 bits from nonblocking
[    2.183729] random 0000 0000 0000 2ee4c4fc 167bdb15: debiting 96 entropy credits from nonblocking (unlimited)
[    2.183731] random 0000 0000 0000 2ee4c4fc 167bdb15: extract_entropy account returned: 12 
[    2.183735] random 0000 0000 0000 2ee4c4fc 167bdb15: urand_change_num 27 extract_buf: pool_sig fffffc69, data_sig ffffff7d, bytes_mixed 20 2ee4c4fc 167bdb15
[    2.183739] random 0000 0000 0000 83b7c1ab 94697f48: urand_change_num 28 extract_buf: pool_sig fffffe30, data_sig fffffdd6, bytes_mixed 20 83b7c1ab 94697f48
[    2.183742] RANDOM - __seed init called.
[    2.183743] RANDOM - __seed init called.
[    2.183745] RANDOM - __seed init called.
[    2.183746] RANDOM - __random32 called. Change num 14.  Value: fc007995	feca4f80	21b38ad2
[    2.183748] RANDOM - random32_reseed called.  Value: fc007995	feca4f80	21b38ad2
[    2.183751] Pid: 1, comm: swapper Not tainted 2.6.32.57 #4
[    2.183753] Call Trace:
[    2.183758]  [<c14a8a0e>] ? printk+0x1d/0x1f
[    2.183763]  [<c17537e5>] random32_reseed+0x89/0xbd
[    2.183767]  [<c1003042>] do_one_initcall+0x32/0x1a0
[    2.183769]  [<c175375c>] ? random32_reseed+0x0/0xbd
[    2.183773]  [<c17308e7>] kernel_init+0x12d/0x17a
[    2.183775]  [<c17307ba>] ? kernel_init+0x0/0x17a
[    2.183778]  [<c1009b07>] kernel_thread_helper+0x7/0x10
[    2.186567] input: AT Translated Set 2 keyboard as /devices/platform/i8042/serio0/input/input1
[    2.186837] random 0000 0000 0000 6db70b00 b30ce96b: rand_read_num 8 get_random_bytes(64): sig fffffb38 6db70b00 b30ce96b
[    2.186840] random 0000 0000 0000 6db70b00 b30ce96b: extract_entropy(.. 64 ..)
[    2.186842] random 0000 0000 0000 6db70b00 b30ce96b: going to reseed nonblocking with 512 bits (512 of 0 requested)
[    2.186844] random 0000 0000 0000 6db70b00 b30ce96b: extract_entropy(.. 64 ..)
[    2.186847] random 0000 0000 0000 6db70b00 b30ce96b: trying to extract 512 bits from input
[    2.186849] random 0000 0000 0000 6db70b00 b30ce96b: debiting 0 entropy credits from input
[    2.186851] random 0000 0000 0000 6db70b00 b30ce96b: extract_entropy account returned: 0 
[    2.186854] random 0000 0000 0000 6db70b00 b30ce96b: urand_change_num 29 xfer_secondary_pool(64): pool_sig fffffb38, data_sig 00000000, bytes_mixed 0 6db70b00 b30ce96b
[    2.186857] random 0000 0000 0000 6db70b00 b30ce96b: trying to extract 512 bits from nonblocking
[    2.186859] random 0000 0000 0000 6db70b00 b30ce96b: debiting 512 entropy credits from nonblocking (unlimited)
[    2.186861] random 0000 0000 0000 6db70b00 b30ce96b: extract_entropy account returned: 64 
[    2.186865] random 0000 0000 0000 6db70b00 b30ce96b: urand_change_num 30 extract_buf: pool_sig fffffb38, data_sig 00000151, bytes_mixed 20 6db70b00 b30ce96b
[    2.186870] random 0000 0000 0000 6db70b00 b30ce96b: urand_change_num 31 extract_buf: pool_sig fffffdb8, data_sig 00000379, bytes_mixed 20 6db70b00 b30ce96b
[    2.186874] random 0000 0000 0000 6b83001e d4b6c0d3: urand_change_num 32 extract_buf: pool_sig ffffffc9, data_sig 00000198, bytes_mixed 20 6b83001e d4b6c0d3
[    2.186879] random 0000 0000 0000 79d3e3c7 be564518: urand_change_num 33 extract_buf: pool_sig 000002b9, data_sig ffffff84, bytes_mixed 20 79d3e3c7 be564518
[    2.186883] random 0000 0000 0000 79d3e3c7 be564518: urand_change_num 34 extract_buf: pool_sig ffffff55, data_sig ffffff5a, bytes_mixed 20 79d3e3c7 be564518
[    2.186887] random 0000 0000 0000 89c03cb2 0d353228: urand_change_num 35 extract_buf: pool_sig 00000007, data_sig ffffff17, bytes_mixed 20 89c03cb2 0d353228
[    2.186892] random 0000 0000 0000 89c03cb2 0d353228: urand_change_num 36 extract_buf: pool_sig fffffdae, data_sig 000000db, bytes_mixed 20 89c03cb2 0d353228  Magic number: 13:956:302
[    2.186904] tty tty31: hash matches
[    2.186985] rtc_cmos 00:04: setting system clock to 2013-05-24 23:16:39 UTC (1369437399)
[    2.186987] BIOS EDD facility v0.16 2004-Jun-25, 0 devices found
[    2.186988] EDD information not available.
[    2.187011] random 0000 0000 0000 8ca62387 b120332c: rand_read_num 9 get_random_bytes(64): sig fffffed6 8ca62387 b120332c
[    2.187013] random 0000 0000 0000 8ca62387 b120332c: extract_entropy(.. 64 ..)
[    2.187015] random 0000 0000 0000 8ca62387 b120332c: going to reseed nonblocking with 512 bits (512 of 0 requested)
[    2.187018] random 0000 0000 0000 8ca62387 b120332c: extract_entropy(.. 64 ..)
[    2.187020] random 0000 0000 0000 8ca62387 b120332c: trying to extract 512 bits from input
[    2.187022] random 0000 0000 0000 8ca62387 b120332c: debiting 0 entropy credits from input
[    2.187024] random 0000 0000 0000 8ca62387 b120332c: extract_entropy account returned: 0 
[    2.187026] random 0000 0000 0000 8ca62387 b120332c: urand_change_num 37 xfer_secondary_pool(64): pool_sig fffffed6, data_sig 00000000, bytes_mixed 0 8ca62387 b120332c
[    2.187029] random 0000 0000 0000 8ca62387 b120332c: trying to extract 512 bits from nonblocking
[    2.187031] random 0000 0000 0000 8ca62387 b120332c: debiting 512 entropy credits from nonblocking (unlimited)
[    2.187033] random 0000 0000 0000 8ca62387 b120332c: extract_entropy account returned: 64 
[    2.187036] random 0000 0000 0000 8ca62387 b120332c: urand_change_num 38 extract_buf: pool_sig fffffed6, data_sig fffffeb6, bytes_mixed 20 8ca62387 b120332c
[    2.187041] random 0000 0000 0000 90702413 e2a66c2e: urand_change_num 39 extract_buf: pool_sig fffffbb0, data_sig 0000012e, bytes_mixed 20 90702413 e2a66c2e
[    2.187045] random 0000 0000 0000 90702413 e2a66c2e: urand_change_num 40 extract_buf: pool_sig fffffaf1, data_sig ffffff3c, bytes_mixed 20 90702413 e2a66c2e
[    2.187049] random 0000 0000 0000 3f58038b c77aecb6: urand_change_num 41 extract_buf: pool_sig 00000234, data_sig fffffdec, bytes_mixed 20 3f58038b c77aecb6
[    2.187053] random 0000 0000 0000 47187b9d 03f21510: urand_change_num 42 extract_buf: pool_sig 00000192, data_sig 00000075, bytes_mixed 20 47187b9d 03f21510
[    2.187057] random 0000 0000 0000 47187b9d 03f21510: urand_change_num 43 extract_buf: pool_sig 0000018e, data_sig ffffffbf, bytes_mixed 20 47187b9d 03f21510
[    2.187061] random 0000 0000 0000 3180b1fc 0fa9c973: urand_change_num 44 extract_buf: pool_sig fffffecf, data_sig ffffff2a, bytes_mixed 20 3180b1fc 0fa9c973
[    2.187064] BEGIN NET_SECRET:
[    2.187065] \xffffff87
[    2.187066] \xffffff8d
[    2.187067] \xfffffff4
[    2.187068] \xffffffae
[    2.187069] \xffffffc3
[    2.187071] \xffffffb7
[    2.187072] \x31
[    2.187073] \x65
[    2.187074] \xffffffda
[    2.187075] \xffffffa2
[    2.187076] \x31
[    2.187077] \xffffffc8
[    2.187087] \xffffffa9
[    2.187109] \x76
[    2.187111] \x76
[    2.187112] \xffffff90
[    2.187113] \x55
[    2.187114] \xfffffff3
[    2.187115] \xffffffb1
[    2.187116] \x3
[    2.187117] \xffffffb3
[    2.187119] \xffffffa7
[    2.187120] \x5a
[    2.187121] \x71
[    2.187122] \x70
[    2.187132] \xffffff8c
[    2.187133] \x56
[    2.187134] \x25
[    2.187135] \xffffffe1
[    2.187136] \x4c
[    2.187137] \xffffffe6
[    2.187138] \xffffff95
[    2.187140] \x67
[    2.187141] \x4c
[    2.187142] \xffffffb9
[    2.187143] \x1d
[    2.187144] \xe
[    2.187145] \x34
[    2.187146] \xffffffbe
[    2.187147] \x12
[    2.187148] \x5
[    2.187149] \xffffff98
[    2.187150] \xffffffa0
[    2.187151] \xf
[    2.187161] \xffffffb2
[    2.187163] \xffffffde
[    2.187164] \xffffff99
[    2.187165] \xf
[    2.187166] \xffffffe8
[    2.187167] \xffffffc8
[    2.187168] \x1f
[    2.187169] \x54
[    2.187171] \x2c
[    2.187172] \xffffffee
[    2.187173] \x2e
[    2.187174] \x0
[    2.187175] \xffffff95
[    2.187176] \x0
[    2.187177] \xffffffe3
[    2.187179] \xffffffa7
[    2.187180] \xfffffffd
[    2.187181] \x66
[    2.187182] \xffffff92
[    2.187183] \xfffffff0
[    2.187184] 
[    2.187185] END NET_SECRET
[    2.187188] random 0000 0000 0000 3180b1fc 0fa9c973: rand_read_num 10 get_random_bytes(4): sig ffffff46 3180b1fc 0fa9c973
[    2.187191] random 0000 0000 0000 3180b1fc 0fa9c973: extract_entropy(.. 4 ..)
[    2.187193] random 0000 0000 0000 3180b1fc 0fa9c973: going to reseed nonblocking with 64 bits (32 of 0 requested)
[    2.187204] random 0000 0000 0000 3180b1fc 0fa9c973: extract_entropy(.. 8 ..)
[    2.187206] random 0000 0000 0000 3180b1fc 0fa9c973: trying to extract 64 bits from input
[    2.187208] random 0000 0000 0000 3180b1fc 0fa9c973: debiting 0 entropy credits from input
[    2.187210] random 0000 0000 0000 3180b1fc 0fa9c973: extract_entropy account returned: 0 
[    2.187213] random 0000 0000 0000 3180b1fc 0fa9c973: urand_change_num 45 xfer_secondary_pool(4): pool_sig ffffff46, data_sig 00000000, bytes_mixed 0 3180b1fc 0fa9c973
[    2.187215] random 0000 0000 0000 3180b1fc 0fa9c973: trying to extract 32 bits from nonblocking
[    2.187218] random 0000 0000 0000 3180b1fc 0fa9c973: debiting 32 entropy credits from nonblocking (unlimited)
[    2.187220] random 0000 0000 0000 3180b1fc 0fa9c973: extract_entropy account returned: 4 
[    2.187223] random 0000 0000 0000 3180b1fc 0fa9c973: urand_change_num 46 extract_buf: pool_sig ffffff46, data_sig 0000001b, bytes_mixed 20 3180b1fc 0fa9c973
[    2.365474] ata2.00: ATAPI: VMware Virtual IDE CDROM Drive, 00000001, max UDMA/33
[    2.365795] ata2.00: configured for UDMA/33
[    2.366171] scsi 1:0:0:0: CD-ROM            NECVMWar VMware IDE CDR10 1.00 PQ: 0 ANSI: 5
[    2.367367] sr0: scsi3-mmc drive: 306x/306x cd/rw xa/form2 cdda tray
[    2.367370] Uniform CD-ROM driver Revision: 3.20
[    2.367420] sr 1:0:0:0: Attached scsi CD-ROM sr0
[    2.367456] sr 1:0:0:0: Attached scsi generic sg0 type 5
[    2.367492] Freeing unused kernel memory: 652k freed
[    2.367541] Write protecting the kernel text: 4840k
[    2.367572] Write protecting the kernel read-only data: 1968k
