[    0.000000] random 0000 0000 0000 00000000 00000000: rand_read_num 1 get_random_bytes(8): sig 00000000 00000000 00000000
[    0.000000] random 0000 0000 0000 00000000 00000000: extract_entropy(.. 8 ..)
[    0.000000] random 0000 0000 0000 00000000 00000000: going to reseed nonblocking with 64 bits (64 of 0 requested)
[    0.000000] random 0000 0000 0000 00000000 00000000: extract_entropy(.. 8 ..)
[    0.000000] random 0000 0000 0000 00000000 00000000: trying to extract 64 bits from input
[    0.000000] random 0000 0000 0000 00000000 00000000: debiting 0 entropy credits from input
[    0.000000] random 0000 0000 0000 00000000 00000000: extract_entropy account returned: 0 
[    0.000000] random 0000 0000 0000 00000000 00000000: urand_change_num 1 xfer_secondary_pool(8): pool_sig 00000000, data_sig 00000000, bytes_mixed 0 00000000 00000000
[    0.000000] random 0000 0000 0000 00000000 00000000: trying to extract 64 bits from nonblocking
[    0.000000] random 0000 0000 0000 00000000 00000000: debiting 64 entropy credits from nonblocking (unlimited)
[    0.000000] random 0000 0000 0000 00000000 00000000: extract_entropy account returned: 8 
[    0.000000] random 0000 0000 0000 00000000 00000000: urand_change_num 2 extract_buf: pool_sig 00000000, data_sig fffffff9, bytes_mixed 20 00000000 00000000
[    0.000000] Initializing cgroup subsys cpuset
[    0.000000] Initializing cgroup subsys cpu
[    0.000000] Linux version 2.6.32.57 (dcashman@ubuntu) (gcc version 4.6.3 (Ubuntu/Linaro 4.6.3-1ubuntu5) ) #4 SMP Fri May 24 11:09:26 PDT 2013
[    0.000000] KERNEL supported cpus:
[    0.000000]   Intel GenuineIntel
[    0.000000]   AMD AuthenticAMD
[    0.000000]   NSC Geode by NSC
[    0.000000]   Cyrix CyrixInstead
[    0.000000]   Centaur CentaurHauls
[    0.000000]   Transmeta GenuineTMx86
[    0.000000]   Transmeta TransmetaCPU
[    0.000000]   UMC UMC UMC UMC
[    0.000000] BIOS-provided physical RAM map:
[    0.000000]  BIOS-e820: 0000000000000000 - 000000000009f000 (usable)
[    0.000000]  BIOS-e820: 000000000009f000 - 00000000000a0000 (reserved)
[    0.000000]  BIOS-e820: 00000000000ca000 - 00000000000cc000 (reserved)
[    0.000000]  BIOS-e820: 00000000000dc000 - 0000000000100000 (reserved)
[    0.000000]  BIOS-e820: 0000000000100000 - 000000003fee0000 (usable)
[    0.000000]  BIOS-e820: 000000003fee0000 - 000000003feff000 (ACPI data)
[    0.000000]  BIOS-e820: 000000003feff000 - 000000003ff00000 (ACPI NVS)
[    0.000000]  BIOS-e820: 000000003ff00000 - 0000000040000000 (usable)
[    0.000000]  BIOS-e820: 00000000e0000000 - 00000000f0000000 (reserved)
[    0.000000]  BIOS-e820: 00000000fec00000 - 00000000fec10000 (reserved)
[    0.000000]  BIOS-e820: 00000000fee00000 - 00000000fee01000 (reserved)
[    0.000000]  BIOS-e820: 00000000fffe0000 - 0000000100000000 (reserved)
[    0.000000] DMI present.
[    0.000000] Phoenix BIOS detected: BIOS may corrupt low RAM, working around it.
[    0.000000] e820 update range: 0000000000000000 - 0000000000010000 (usable) ==> (reserved)
[    0.000000] last_pfn = 0x40000 max_arch_pfn = 0x1000000
[    0.000000] MTRR default type: uncachable
[    0.000000] MTRR fixed ranges enabled:
[    0.000000]   00000-9FFFF write-back
[    0.000000]   A0000-BFFFF uncachable
[    0.000000]   C0000-CBFFF write-protect
[    0.000000]   CC000-EFFFF uncachable
[    0.000000]   F0000-FFFFF write-protect
[    0.000000] MTRR variable ranges enabled:
[    0.000000]   0 base 0000000000 mask FFC0000000 write-back
[    0.000000]   1 disabled
[    0.000000]   2 disabled
[    0.000000]   3 disabled
[    0.000000]   4 disabled
[    0.000000]   5 disabled
[    0.000000]   6 disabled
[    0.000000]   7 disabled
[    0.000000] x86 PAT enabled: cpu 0, old 0x0, new 0x7010600070106
[    0.000000] Scanning 0 areas for low memory corruption
[    0.000000] modified physical RAM map:
[    0.000000]  modified: 0000000000000000 - 0000000000010000 (reserved)
[    0.000000]  modified: 0000000000010000 - 000000000009f000 (usable)
[    0.000000]  modified: 000000000009f000 - 00000000000a0000 (reserved)
[    0.000000]  modified: 00000000000ca000 - 00000000000cc000 (reserved)
[    0.000000]  modified: 00000000000dc000 - 0000000000100000 (reserved)
[    0.000000]  modified: 0000000000100000 - 000000003fee0000 (usable)
[    0.000000]  modified: 000000003fee0000 - 000000003feff000 (ACPI data)
[    0.000000]  modified: 000000003feff000 - 000000003ff00000 (ACPI NVS)
[    0.000000]  modified: 000000003ff00000 - 0000000040000000 (usable)
[    0.000000]  modified: 00000000e0000000 - 00000000f0000000 (reserved)
[    0.000000]  modified: 00000000fec00000 - 00000000fec10000 (reserved)
[    0.000000]  modified: 00000000fee00000 - 00000000fee01000 (reserved)
[    0.000000]  modified: 00000000fffe0000 - 0000000100000000 (reserved)
[    0.000000] initial memory mapped : 0 - 01e00000
[    0.000000] init_memory_mapping: 0000000000000000-00000000379fe000
[    0.000000] NX (Execute Disable) protection: active
[    0.000000]  0000000000 - 0000200000 page 4k
[    0.000000]  0000200000 - 0037800000 page 2M
[    0.000000]  0037800000 - 00379fe000 page 4k
[    0.000000] kernel direct mapping tables up to 379fe000 @ 10000-16000
[    0.000000] RAMDISK: 2dcfc000 - 32e758c3
[    0.000000] ACPI: RSDP 000f6b80 00024 (v02 PTLTD )
[    0.000000] ACPI: XSDT 3feed636 0005C (v01 INTEL  440BX    06040000 VMW  01324272)
[    0.000000] ACPI: FACP 3fefee98 000F4 (v04 INTEL  440BX    06040000 PTL  000F4240)
[    0.000000] ACPI: DSDT 3feee366 10B32 (v01 PTLTD  Custom   06040000 MSFT 03000001)
[    0.000000] ACPI: FACS 3fefffc0 00040
[    0.000000] ACPI: BOOT 3feee33e 00028 (v01 PTLTD  $SBFTBL$ 06040000  LTP 00000001)
[    0.000000] ACPI: APIC 3feedc3e 003C2 (v01 PTLTD  ? APIC   06040000  LTP 00000000)
[    0.000000] ACPI: MCFG 3feedc02 0003C (v01 PTLTD  $PCITBL$ 06040000  LTP 00000001)
[    0.000000] ACPI: SRAT 3feed732 004D0 (v02 VMWARE MEMPLUG  06040000 VMW  00000001)
[    0.000000] ACPI: HPET 3feed6fa 00038 (v01 VMWARE VMW HPET 06040000 VMW  00000001)
[    0.000000] ACPI: WAET 3feed6d2 00028 (v01 VMWARE VMW WAET 06040000 VMW  00000001)
[    0.000000] ACPI: Local APIC address 0xfee00000
[    0.000000] 134MB HIGHMEM available.
[    0.000000] 889MB LOWMEM available.
[    0.000000]   mapped low ram: 0 - 379fe000
[    0.000000]   low ram: 0 - 379fe000
[    0.000000]   node 0 low ram: 00000000 - 379fe000
[    0.000000]   node 0 bootmap 00012000 - 00018f40
[    0.000000] (9 early reservations) ==> bootmem [0000000000 - 00379fe000]
[    0.000000]   #0 [0000000000 - 0000001000]   BIOS data page ==> [0000000000 - 0000001000]
[    0.000000]   #1 [0000001000 - 0000002000]    EX TRAMPOLINE ==> [0000001000 - 0000002000]
[    0.000000]   #2 [0000006000 - 0000007000]       TRAMPOLINE ==> [0000006000 - 0000007000]
[    0.000000]   #3 [0001000000 - 0001a75ff8]    TEXT DATA BSS ==> [0001000000 - 0001a75ff8]
[    0.000000]   #4 [002dcfc000 - 0032e758c3]          RAMDISK ==> [002dcfc000 - 0032e758c3]
[    0.000000]   #5 [000009f000 - 0000100000]    BIOS reserved ==> [000009f000 - 0000100000]
[    0.000000]   #6 [0001a76000 - 0001a851c0]              BRK ==> [0001a76000 - 0001a851c0]
[    0.000000]   #7 [0000010000 - 0000012000]          PGTABLE ==> [0000010000 - 0000012000]
[    0.000000]   #8 [0000012000 - 0000019000]          BOOTMAP ==> [0000012000 - 0000019000]
[    0.000000] found SMP MP-table at [c00f6bf0] f6bf0
[    0.000000] Zone PFN ranges:
[    0.000000]   DMA      0x00000010 -> 0x00001000
[    0.000000]   Normal   0x00001000 -> 0x000379fe
[    0.000000]   HighMem  0x000379fe -> 0x00040000
[    0.000000] Movable zone start PFN for each node
[    0.000000] early_node_map[3] active PFN ranges
[    0.000000]     0: 0x00000010 -> 0x0000009f
[    0.000000]     0: 0x00000100 -> 0x0003fee0
[    0.000000]     0: 0x0003ff00 -> 0x00040000
[    0.000000] On node 0 totalpages: 261999
[    0.000000] free_area_init_node: node 0, pgdat c1715200, node_mem_map c1a87200
[    0.000000]   DMA zone: 32 pages used for memmap
[    0.000000]   DMA zone: 0 pages reserved
[    0.000000]   DMA zone: 3951 pages, LIFO batch:0
[    0.000000]   Normal zone: 1748 pages used for memmap
[    0.000000]   Normal zone: 221994 pages, LIFO batch:31
[    0.000000]   HighMem zone: 269 pages used for memmap
[    0.000000]   HighMem zone: 34005 pages, LIFO batch:7
[    0.000000] Using APIC driver default
[    0.000000] ACPI: PM-Timer IO Port: 0x1008
[    0.000000] ACPI: Local APIC address 0xfee00000
[    0.000000] ACPI: LAPIC (acpi_id[0x00] lapic_id[0x00] enabled)
[    0.000000] ACPI: LAPIC (acpi_id[0x01] lapic_id[0x02] disabled)
[    0.000000] ACPI: LAPIC (acpi_id[0x02] lapic_id[0x04] disabled)
[    0.000000] ACPI: LAPIC (acpi_id[0x03] lapic_id[0x06] disabled)
[    0.000000] ACPI: LAPIC (acpi_id[0x04] lapic_id[0x08] disabled)
[    0.000000] ACPI: LAPIC (acpi_id[0x05] lapic_id[0x0a] disabled)
[    0.000000] ACPI: LAPIC (acpi_id[0x06] lapic_id[0x0c] disabled)
[    0.000000] ACPI: LAPIC (acpi_id[0x07] lapic_id[0x0e] disabled)
[    0.000000] ACPI: LAPIC (acpi_id[0x08] lapic_id[0x10] disabled)
[    0.000000] ACPI: LAPIC (acpi_id[0x09] lapic_id[0x12] disabled)
[    0.000000] ACPI: LAPIC (acpi_id[0x0a] lapic_id[0x14] disabled)
[    0.000000] ACPI: LAPIC (acpi_id[0x0b] lapic_id[0x16] disabled)
[    0.000000] ACPI: LAPIC (acpi_id[0x0c] lapic_id[0x18] disabled)
[    0.000000] ACPI: LAPIC (acpi_id[0x0d] lapic_id[0x1a] disabled)
[    0.000000] ACPI: LAPIC (acpi_id[0x0e] lapic_id[0x1c] disabled)
[    0.000000] ACPI: LAPIC (acpi_id[0x0f] lapic_id[0x1e] disabled)
[    0.000000] ACPI: LAPIC (acpi_id[0x10] lapic_id[0x20] disabled)
[    0.000000] ACPI: LAPIC (acpi_id[0x11] lapic_id[0x22] disabled)
[    0.000000] ACPI: LAPIC (acpi_id[0x12] lapic_id[0x24] disabled)
[    0.000000] ACPI: LAPIC (acpi_id[0x13] lapic_id[0x26] disabled)
[    0.000000] ACPI: LAPIC (acpi_id[0x14] lapic_id[0x28] disabled)
[    0.000000] ACPI: LAPIC (acpi_id[0x15] lapic_id[0x2a] disabled)
[    0.000000] ACPI: LAPIC (acpi_id[0x16] lapic_id[0x2c] disabled)
[    0.000000] ACPI: LAPIC (acpi_id[0x17] lapic_id[0x2e] disabled)
[    0.000000] ACPI: LAPIC (acpi_id[0x18] lapic_id[0x30] disabled)
[    0.000000] ACPI: LAPIC (acpi_id[0x19] lapic_id[0x32] disabled)
[    0.000000] ACPI: LAPIC (acpi_id[0x1a] lapic_id[0x34] disabled)
[    0.000000] ACPI: LAPIC (acpi_id[0x1b] lapic_id[0x36] disabled)
[    0.000000] ACPI: LAPIC (acpi_id[0x1c] lapic_id[0x38] disabled)
[    0.000000] ACPI: LAPIC (acpi_id[0x1d] lapic_id[0x3a] disabled)
[    0.000000] ACPI: LAPIC (acpi_id[0x1e] lapic_id[0x3c] disabled)
[    0.000000] ACPI: LAPIC (acpi_id[0x1f] lapic_id[0x3e] disabled)
[    0.000000] ACPI: LAPIC (acpi_id[0x20] lapic_id[0x40] disabled)
[    0.000000] ACPI: LAPIC (acpi_id[0x21] lapic_id[0x42] disabled)
[    0.000000] ACPI: LAPIC (acpi_id[0x22] lapic_id[0x44] disabled)
[    0.000000] ACPI: LAPIC (acpi_id[0x23] lapic_id[0x46] disabled)
[    0.000000] ACPI: LAPIC (acpi_id[0x24] lapic_id[0x48] disabled)
[    0.000000] ACPI: LAPIC (acpi_id[0x25] lapic_id[0x4a] disabled)
[    0.000000] ACPI: LAPIC (acpi_id[0x26] lapic_id[0x4c] disabled)
[    0.000000] ACPI: LAPIC (acpi_id[0x27] lapic_id[0x4e] disabled)
[    0.000000] ACPI: LAPIC (acpi_id[0x28] lapic_id[0x50] disabled)
[    0.000000] ACPI: LAPIC (acpi_id[0x29] lapic_id[0x52] disabled)
[    0.000000] ACPI: LAPIC (acpi_id[0x2a] lapic_id[0x54] disabled)
[    0.000000] ACPI: LAPIC (acpi_id[0x2b] lapic_id[0x56] disabled)
[    0.000000] ACPI: LAPIC (acpi_id[0x2c] lapic_id[0x58] disabled)
[    0.000000] ACPI: LAPIC (acpi_id[0x2d] lapic_id[0x5a] disabled)
[    0.000000] ACPI: LAPIC (acpi_id[0x2e] lapic_id[0x5c] disabled)
[    0.000000] ACPI: LAPIC (acpi_id[0x2f] lapic_id[0x5e] disabled)
[    0.000000] ACPI: LAPIC (acpi_id[0x30] lapic_id[0x60] disabled)
[    0.000000] ACPI: LAPIC (acpi_id[0x31] lapic_id[0x62] disabled)
[    0.000000] ACPI: LAPIC (acpi_id[0x32] lapic_id[0x64] disabled)
[    0.000000] ACPI: LAPIC (acpi_id[0x33] lapic_id[0x66] disabled)
[    0.000000] ACPI: LAPIC (acpi_id[0x34] lapic_id[0x68] disabled)
[    0.000000] ACPI: LAPIC (acpi_id[0x35] lapic_id[0x6a] disabled)
[    0.000000] ACPI: LAPIC (acpi_id[0x36] lapic_id[0x6c] disabled)
[    0.000000] ACPI: LAPIC (acpi_id[0x37] lapic_id[0x6e] disabled)
[    0.000000] ACPI: LAPIC (acpi_id[0x38] lapic_id[0x70] disabled)
[    0.000000] ACPI: LAPIC (acpi_id[0x39] lapic_id[0x72] disabled)
[    0.000000] ACPI: LAPIC (acpi_id[0x3a] lapic_id[0x74] disabled)
[    0.000000] ACPI: LAPIC (acpi_id[0x3b] lapic_id[0x76] disabled)
[    0.000000] ACPI: LAPIC (acpi_id[0x3c] lapic_id[0x78] disabled)
[    0.000000] ACPI: LAPIC (acpi_id[0x3d] lapic_id[0x7a] disabled)
[    0.000000] ACPI: LAPIC (acpi_id[0x3e] lapic_id[0x7c] disabled)
[    0.000000] ACPI: LAPIC (acpi_id[0x3f] lapic_id[0x7e] disabled)
[    0.000000] ACPI: LAPIC_NMI (acpi_id[0x00] high edge lint[0x1])
[    0.000000] ACPI: LAPIC_NMI (acpi_id[0x01] high edge lint[0x1])
[    0.000000] ACPI: LAPIC_NMI (acpi_id[0x02] high edge lint[0x1])
[    0.000000] ACPI: LAPIC_NMI (acpi_id[0x03] high edge lint[0x1])
[    0.000000] ACPI: LAPIC_NMI (acpi_id[0x04] high edge lint[0x1])
[    0.000000] ACPI: LAPIC_NMI (acpi_id[0x05] high edge lint[0x1])
[    0.000000] ACPI: LAPIC_NMI (acpi_id[0x06] high edge lint[0x1])
[    0.000000] ACPI: LAPIC_NMI (acpi_id[0x07] high edge lint[0x1])
[    0.000000] ACPI: LAPIC_NMI (acpi_id[0x08] high edge lint[0x1])
[    0.000000] ACPI: LAPIC_NMI (acpi_id[0x09] high edge lint[0x1])
[    0.000000] ACPI: LAPIC_NMI (acpi_id[0x0a] high edge lint[0x1])
[    0.000000] ACPI: LAPIC_NMI (acpi_id[0x0b] high edge lint[0x1])
[    0.000000] ACPI: LAPIC_NMI (acpi_id[0x0c] high edge lint[0x1])
[    0.000000] ACPI: LAPIC_NMI (acpi_id[0x0d] high edge lint[0x1])
[    0.000000] ACPI: LAPIC_NMI (acpi_id[0x0e] high edge lint[0x1])
[    0.000000] ACPI: LAPIC_NMI (acpi_id[0x0f] high edge lint[0x1])
[    0.000000] ACPI: LAPIC_NMI (acpi_id[0x10] high edge lint[0x1])
[    0.000000] ACPI: LAPIC_NMI (acpi_id[0x11] high edge lint[0x1])
[    0.000000] ACPI: LAPIC_NMI (acpi_id[0x12] high edge lint[0x1])
[    0.000000] ACPI: LAPIC_NMI (acpi_id[0x13] high edge lint[0x1])
[    0.000000] ACPI: LAPIC_NMI (acpi_id[0x14] high edge lint[0x1])
[    0.000000] ACPI: LAPIC_NMI (acpi_id[0x15] high edge lint[0x1])
[    0.000000] ACPI: LAPIC_NMI (acpi_id[0x16] high edge lint[0x1])
[    0.000000] ACPI: LAPIC_NMI (acpi_id[0x17] high edge lint[0x1])
[    0.000000] ACPI: LAPIC_NMI (acpi_id[0x18] high edge lint[0x1])
[    0.000000] ACPI: LAPIC_NMI (acpi_id[0x19] high edge lint[0x1])
[    0.000000] ACPI: LAPIC_NMI (acpi_id[0x1a] high edge lint[0x1])
[    0.000000] ACPI: LAPIC_NMI (acpi_id[0x1b] high edge lint[0x1])
[    0.000000] ACPI: LAPIC_NMI (acpi_id[0x1c] high edge lint[0x1])
[    0.000000] ACPI: LAPIC_NMI (acpi_id[0x1d] high edge lint[0x1])
[    0.000000] ACPI: LAPIC_NMI (acpi_id[0x1e] high edge lint[0x1])
[    0.000000] ACPI: LAPIC_NMI (acpi_id[0x1f] high edge lint[0x1])
[    0.000000] ACPI: LAPIC_NMI (acpi_id[0x20] high edge lint[0x1])
[    0.000000] ACPI: LAPIC_NMI (acpi_id[0x21] high edge lint[0x1])
[    0.000000] ACPI: LAPIC_NMI (acpi_id[0x22] high edge lint[0x1])
[    0.000000] ACPI: LAPIC_NMI (acpi_id[0x23] high edge lint[0x1])
[    0.000000] ACPI: LAPIC_NMI (acpi_id[0x24] high edge lint[0x1])
[    0.000000] ACPI: LAPIC_NMI (acpi_id[0x25] high edge lint[0x1])
[    0.000000] ACPI: LAPIC_NMI (acpi_id[0x26] high edge lint[0x1])
[    0.000000] ACPI: LAPIC_NMI (acpi_id[0x27] high edge lint[0x1])
[    0.000000] ACPI: LAPIC_NMI (acpi_id[0x28] high edge lint[0x1])
[    0.000000] ACPI: LAPIC_NMI (acpi_id[0x29] high edge lint[0x1])
[    0.000000] ACPI: LAPIC_NMI (acpi_id[0x2a] high edge lint[0x1])
[    0.000000] ACPI: LAPIC_NMI (acpi_id[0x2b] high edge lint[0x1])
[    0.000000] ACPI: LAPIC_NMI (acpi_id[0x2c] high edge lint[0x1])
[    0.000000] ACPI: LAPIC_NMI (acpi_id[0x2d] high edge lint[0x1])
[    0.000000] ACPI: LAPIC_NMI (acpi_id[0x2e] high edge lint[0x1])
[    0.000000] ACPI: LAPIC_NMI (acpi_id[0x2f] high edge lint[0x1])
[    0.000000] ACPI: LAPIC_NMI (acpi_id[0x30] high edge lint[0x1])
[    0.000000] ACPI: LAPIC_NMI (acpi_id[0x31] high edge lint[0x1])
[    0.000000] ACPI: LAPIC_NMI (acpi_id[0x32] high edge lint[0x1])
[    0.000000] ACPI: LAPIC_NMI (acpi_id[0x33] high edge lint[0x1])
[    0.000000] ACPI: LAPIC_NMI (acpi_id[0x34] high edge lint[0x1])
[    0.000000] ACPI: LAPIC_NMI (acpi_id[0x35] high edge lint[0x1])
[    0.000000] ACPI: LAPIC_NMI (acpi_id[0x36] high edge lint[0x1])
[    0.000000] ACPI: LAPIC_NMI (acpi_id[0x37] high edge lint[0x1])
[    0.000000] ACPI: LAPIC_NMI (acpi_id[0x38] high edge lint[0x1])
[    0.000000] ACPI: LAPIC_NMI (acpi_id[0x39] high edge lint[0x1])
[    0.000000] ACPI: LAPIC_NMI (acpi_id[0x3a] high edge lint[0x1])
[    0.000000] ACPI: LAPIC_NMI (acpi_id[0x3b] high edge lint[0x1])
[    0.000000] ACPI: LAPIC_NMI (acpi_id[0x3c] high edge lint[0x1])
[    0.000000] ACPI: LAPIC_NMI (acpi_id[0x3d] high edge lint[0x1])
[    0.000000] ACPI: LAPIC_NMI (acpi_id[0x3e] high edge lint[0x1])
[    0.000000] ACPI: LAPIC_NMI (acpi_id[0x3f] high edge lint[0x1])
[    0.000000] ACPI: Skipping IOAPIC probe due to 'noapic' option.
[    0.000000] Using ACPI for processor (LAPIC) configuration information
[    0.000000] ACPI: HPET id: 0x8086af01 base: 0xfed00000
[    0.000000] Intel MultiProcessor Specification v1.4
[    0.000000]     Virtual Wire compatibility mode.
[    0.000000] MPTABLE: OEM ID: INTEL   
[    0.000000] MPTABLE: Product ID: 440BX       
[    0.000000] MPTABLE: APIC at: 0xFEE00000
[    0.000000] I/O APIC #1 Version 17 at 0xFEC00000.
[    0.000000] Processors: 1
[    0.000000] 64 Processors exceeds NR_CPUS limit of 8
[    0.000000] SMP: Allowing 8 CPUs, 7 hotplug CPUs
[    0.000000] nr_irqs_gsi: 24
[    0.000000] PM: Registered nosave memory: 000000000009f000 - 00000000000a0000
[    0.000000] PM: Registered nosave memory: 00000000000a0000 - 00000000000ca000
[    0.000000] PM: Registered nosave memory: 00000000000ca000 - 00000000000cc000
[    0.000000] PM: Registered nosave memory: 00000000000cc000 - 00000000000dc000
[    0.000000] PM: Registered nosave memory: 00000000000dc000 - 0000000000100000
[    0.000000] Allocating PCI resources starting at 40000000 (gap: 40000000:a0000000)
[    0.000000] Booting paravirtualized kernel on bare hardware
[    0.000000] NR_CPUS:8 nr_cpumask_bits:8 nr_cpu_ids:8 nr_node_ids:1
[    0.000000] PERCPU: Embedded 15 pages/cpu @c2400000 s39320 r0 d22120 u262144
[    0.000000] pcpu-alloc: s39320 r0 d22120 u262144 alloc=1*2097152
[    0.000000] pcpu-alloc: [0] 0 1 2 3 4 5 6 7 
[    0.000000] Built 1 zonelists in Zone order, mobility grouping on.  Total pages: 259950
[    0.000000] Kernel command line: BOOT_IMAGE=/boot/vmlinuz-2.6.32.57 root=UUID=007b598c-390d-4c65-84a1-4ff752d48633 ro quiet splash maxcpus=0
[    0.000000] PID hash table entries: 4096 (order: 2, 16384 bytes)
[    0.000000] Dentry cache hash table entries: 131072 (order: 7, 524288 bytes)
[    0.000000] Inode-cache hash table entries: 65536 (order: 6, 262144 bytes)
[    0.000000] Enabling fast FPU save and restore... done.
[    0.000000] Enabling unmasked SIMD FPU exception support... done.
[    0.000000] Initializing CPU#0
[    0.000000] xsave/xrstor: enabled xstate_bv 0x7, cntxt size 0x340
[    0.000000] allocated 5242560 bytes of page_cgroup
[    0.000000] please try 'cgroup_disable=memory' option if you don't want memory cgroups
[    0.000000] Initializing HighMem for node 0 (000379fe:00040000)
[    0.000000] Memory: 938260k/1048576k available (4839k kernel code, 108848k reserved, 2518k data, 652k init, 137096k highmem)
[    0.000000] virtual kernel memory layout:
[    0.000000]     fixmap  : 0xfff1e000 - 0xfffff000   ( 900 kB)
[    0.000000]     pkmap   : 0xffa00000 - 0xffc00000   (2048 kB)
[    0.000000]     vmalloc : 0xf81fe000 - 0xff9fe000   ( 120 MB)
[    0.000000]     lowmem  : 0xc0000000 - 0xf79fe000   ( 889 MB)
[    0.000000]       .init : 0xc1730000 - 0xc17d3000   ( 652 kB)
[    0.000000]       .data : 0xc14b9cce - 0xc172f764   (2518 kB)
[    0.000000]       .text : 0xc1000000 - 0xc14b9cce   (4839 kB)
[    0.000000] Checking if this processor honours the WP bit even in supervisor mode...Ok.
[    0.000000] SLUB: Genslabs=13, HWalign=64, Order=0-3, MinObjects=0, CPUs=8, Nodes=1
[    0.000000] Hierarchical RCU implementation.
[    0.000000] NR_IRQS:2304 nr_irqs:472
[    0.000000] Extended CMOS year: 2000
[    0.000000] Console: colour VGA+ 80x25
[    0.000000] console [tty0] enabled
[    0.000000] hpet clockevent registered
[    0.000000] TSC freq read from hypervisor : 2394.620 MHz
[    0.000000] Detected 2394.620 MHz processor.
[    0.000003] Calibrating delay loop (skipped) preset value.. 4789.24 BogoMIPS (lpj=9578480)
[    0.000012] Security Framework initialized
[    0.000015] SELinux:  Disabled at boot.
[    0.000019] Mount-cache hash table entries: 512
[    0.000121] Initializing cgroup subsys cpuacct
[    0.000124] Initializing cgroup subsys memory
[    0.000128] Initializing cgroup subsys devices
[    0.000129] Initializing cgroup subsys freezer
[    0.000157] CPU: Physical Processor ID: 0
[    0.000164] CPU: L1 I cache: 32K, L1 D cache: 32K
[    0.000166] CPU: L2 cache: 256K
[    0.000167] CPU: L3 cache: 4096K
[    0.000172] mce: CPU supports 0 MCE banks
[    0.000185] Performance Events: no PMU driver, software events only.
[    0.000195] Checking 'hlt' instruction... OK.
[    0.017738] SMP alternatives: switching to UP code
[    0.032006] ACPI: Core revision 20090903
[    0.038060] ACPI: setting ELCR to 0200 (from 0e20)
[    0.039022] ftrace: converting mcount calls to 0f 1f 44 00 00
[    0.039027] ftrace: allocating 22631 entries in 45 pages
[    0.056055] CANARY value: b226776e for PID: 1
[    0.056084] Not enabling x2apic, Intr-remapping init failed.
[    0.056086] Enabling APIC mode:  Flat.  Using 1 I/O APICs
[    0.056093] SMP mode deactivated.
[    0.056125] SMP disabled
[    0.056182] Brought up 1 CPUs
[    0.056184] Total of 1 processors activated (4789.24 BogoMIPS).
[    0.056188] CPU0 attaching NULL sched-domain.
[    0.056255] devtmpfs: initialized
[    0.056393] sysctl table check failed: /kernel/random/now_input .1.40.7 Unknown sysctl binary path
[    0.056633] Pid: 1, comm: swapper Not tainted 2.6.32.57 #4
[    0.056634] Call Trace:
[    0.056638]  [<c14a8a0e>] ? printk+0x1d/0x1f
[    0.056641]  [<c107b56f>] set_fail+0x4f/0x60
[    0.056643]  [<c107b8b3>] sysctl_check_table+0x333/0x620
[    0.056645]  [<c107b8cc>] sysctl_check_table+0x34c/0x620
[    0.056646]  [<c107b8cc>] sysctl_check_table+0x34c/0x620
[    0.056650]  [<c1746d48>] sysctl_init+0x25/0x29
[    0.056652]  [<c1003042>] do_one_initcall+0x32/0x1a0
[    0.056654]  [<c1746d23>] ? sysctl_init+0x0/0x29
[    0.056656]  [<c17308e7>] kernel_init+0x12d/0x17a
[    0.056658]  [<c17307ba>] ? kernel_init+0x0/0x17a
[    0.056660]  [<c1009b07>] kernel_thread_helper+0x7/0x10
[    0.056662] sysctl table check failed: /kernel/random/now_blocking .1.40.8 Unknown sysctl binary path
[    0.056890] Pid: 1, comm: swapper Not tainted 2.6.32.57 #4
[    0.056891] Call Trace:
[    0.056893]  [<c14a8a0e>] ? printk+0x1d/0x1f
[    0.056894]  [<c107b56f>] set_fail+0x4f/0x60
[    0.056896]  [<c107b8b3>] sysctl_check_table+0x333/0x620
[    0.056897]  [<c107b8cc>] sysctl_check_table+0x34c/0x620
[    0.056899]  [<c107b8cc>] sysctl_check_table+0x34c/0x620
[    0.056901]  [<c1746d48>] sysctl_init+0x25/0x29
[    0.056902]  [<c1003042>] do_one_initcall+0x32/0x1a0
[    0.056905]  [<c1746d23>] ? sysctl_init+0x0/0x29
[    0.056906]  [<c17308e7>] kernel_init+0x12d/0x17a
[    0.056907]  [<c17307ba>] ? kernel_init+0x0/0x17a
[    0.056909]  [<c1009b07>] kernel_thread_helper+0x7/0x10
[    0.056910] sysctl table check failed: /kernel/random/now_nonblocking .1.40.9 Unknown sysctl binary path
[    0.057140] Pid: 1, comm: swapper Not tainted 2.6.32.57 #4
[    0.057141] Call Trace:
[    0.057142]  [<c14a8a0e>] ? printk+0x1d/0x1f
[    0.057144]  [<c107b56f>] set_fail+0x4f/0x60
[    0.057145]  [<c107b8b3>] sysctl_check_table+0x333/0x620
[    0.057147]  [<c107b8cc>] sysctl_check_table+0x34c/0x620
[    0.057149]  [<c107b8cc>] sysctl_check_table+0x34c/0x620
[    0.057151]  [<c1746d48>] sysctl_init+0x25/0x29
[    0.057152]  [<c1003042>] do_one_initcall+0x32/0x1a0
[    0.057154]  [<c1746d23>] ? sysctl_init+0x0/0x29
[    0.057156]  [<c17308e7>] kernel_init+0x12d/0x17a
[    0.057157]  [<c17307ba>] ? kernel_init+0x0/0x17a
[    0.057159]  [<c1009b07>] kernel_thread_helper+0x7/0x10
[    0.057160] sysctl table check failed: /kernel/random/nb_input_bytes .1.40.10 Unknown sysctl binary path
[    0.057420] Pid: 1, comm: swapper Not tainted 2.6.32.57 #4
[    0.057420] Call Trace:
[    0.057422]  [<c14a8a0e>] ? printk+0x1d/0x1f
[    0.057423]  [<c107b56f>] set_fail+0x4f/0x60
[    0.057425]  [<c107b8b3>] sysctl_check_table+0x333/0x620
[    0.057427]  [<c107b8cc>] sysctl_check_table+0x34c/0x620
[    0.057428]  [<c107b8cc>] sysctl_check_table+0x34c/0x620
[    0.057430]  [<c1746d48>] sysctl_init+0x25/0x29
[    0.057432]  [<c1003042>] do_one_initcall+0x32/0x1a0
[    0.057434]  [<c1746d23>] ? sysctl_init+0x0/0x29
[    0.057435]  [<c17308e7>] kernel_init+0x12d/0x17a
[    0.057437]  [<c17307ba>] ? kernel_init+0x0/0x17a
[    0.057438]  [<c1009b07>] kernel_thread_helper+0x7/0x10
[    0.057440] sysctl table check failed: /kernel/random/nb_stir_count .1.40.11 Unknown sysctl binary path
[    0.057669] Pid: 1, comm: swapper Not tainted 2.6.32.57 #4
[    0.057670] Call Trace:
[    0.057671]  [<c14a8a0e>] ? printk+0x1d/0x1f
[    0.057672]  [<c107b56f>] set_fail+0x4f/0x60
[    0.057674]  [<c107b8b3>] sysctl_check_table+0x333/0x620
[    0.057675]  [<c107b8cc>] sysctl_check_table+0x34c/0x620
[    0.057677]  [<c107b8cc>] sysctl_check_table+0x34c/0x620
[    0.057679]  [<c1746d48>] sysctl_init+0x25/0x29
[    0.057681]  [<c1003042>] do_one_initcall+0x32/0x1a0
[    0.057683]  [<c1746d23>] ? sysctl_init+0x0/0x29
[    0.057684]  [<c17308e7>] kernel_init+0x12d/0x17a
[    0.057686]  [<c17307ba>] ? kernel_init+0x0/0x17a
[    0.057687]  [<c1009b07>] kernel_thread_helper+0x7/0x10
[    0.057689] sysctl table check failed: /kernel/random/nb_reentry_count .1.40.12 Unknown sysctl binary path
[    0.057919] Pid: 1, comm: swapper Not tainted 2.6.32.57 #4
[    0.057920] Call Trace:
[    0.057921]  [<c14a8a0e>] ? printk+0x1d/0x1f
[    0.057923]  [<c107b56f>] set_fail+0x4f/0x60
[    0.057924]  [<c107b8b3>] sysctl_check_table+0x333/0x620
[    0.057926]  [<c107b8cc>] sysctl_check_table+0x34c/0x620
[    0.057928]  [<c107b8cc>] sysctl_check_table+0x34c/0x620
[    0.057930]  [<c1746d48>] sysctl_init+0x25/0x29
[    0.057931]  [<c1003042>] do_one_initcall+0x32/0x1a0
[    0.057933]  [<c1746d23>] ? sysctl_init+0x0/0x29
[    0.057935]  [<c17308e7>] kernel_init+0x12d/0x17a
[    0.057936]  [<c17307ba>] ? kernel_init+0x0/0x17a
[    0.057938]  [<c1009b07>] kernel_thread_helper+0x7/0x10
[    0.058047] RANDOM - __seed init called.
[    0.058048] RANDOM - __seed init called.
[    0.058049] RANDOM - __seed init called.
[    0.058050] RANDOM - __random32 called. Change num 1.  Value: 865378fd	b53d80db	1f8ba37e
[    0.058052] RANDOM - __random32 called. Change num 2.  Value: 378fdd29	53d80db0	46fc7ad7
[    0.058053] RANDOM - __random32 called. Change num 3.  Value: fdd29985	3d80db0e	f5ae23f5
[    0.058054] RANDOM - __random32 called. Change num 4.  Value: 299855dc	d80db0e5	47eb1be7
[    0.058055] RANDOM - __random32 called. Change num 5.  Value: 855dc464	80db0e5c	37cf1678
[    0.058057] RANDOM - __random32 called. Change num 6.  Value: dc4647ba	db0e5c1	2cf136f4
[    0.058058] RANDOM - random32 init called.  Value: dc4647ba	db0e5c1	2cf136f4
[    0.058063] regulator: core version 0.5
[    0.058122] Time: 21:51:02  Date: 05/24/13
[    0.058155] NET: Registered protocol family 16
[    0.058216] EISA bus registered
[    0.058972] ACPI: bus type pci registered
[    0.059061] PCI: MCFG configuration 0: base e0000000 segment 0 buses 0 - 255
[    0.059063] PCI: MCFG area at e0000000 reserved in E820
[    0.059064] PCI: Using MMCONFIG for extended config space
[    0.059065] PCI: Using configuration type 1 for base access
[    0.059538] bio: create slab <bio-0> at 0
[    0.060721] ACPI: EC: Look up EC in DSDT
[    0.097099] ACPI: BIOS _OSI(Linux) query ignored
[    0.103041] ACPI: Interpreter enabled
[    0.103046] ACPI: (supports S0 S1 S4 S5)
[    0.103059] ACPI: Using PIC for interrupt routing
[    0.183079] ACPI: No dock devices found.
[    0.183877] ACPI: PCI Root Bridge [PCI0] (0000:00)
[    0.185679] pci 0000:00:07.1: reg 20 io port: [0x10c0-0x10cf]
[    0.186179] pci 0000:00:07.3: quirk: region 1000-103f claimed by PIIX4 ACPI
[    0.186191] pci 0000:00:07.3: quirk: region 1040-104f claimed by PIIX4 SMB
[    0.186723] pci 0000:00:07.7: reg 10 io port: [0x1080-0x10bf]
[    0.187088] pci 0000:00:07.7: reg 14 64bit mmio: [0xc8000000-0xc8001fff]
[    0.188219] pci 0000:00:0f.0: reg 10 io port: [0x10d0-0x10df]
[    0.188256] pci 0000:00:0f.0: reg 14 32bit mmio pref: [0xd0000000-0xd7ffffff]
[    0.188291] pci 0000:00:0f.0: reg 18 32bit mmio: [0xc8800000-0xc8ffffff]
[    0.188428] pci 0000:00:0f.0: reg 30 32bit mmio pref: [0x000000-0x007fff]
[    0.188921] pci 0000:00:10.0: reg 10 io port: [0x1400-0x14ff]
[    0.189298] pci 0000:00:10.0: reg 14 64bit mmio: [0xc8040000-0xc805ffff]
[    0.189641] pci 0000:00:10.0: reg 1c 64bit mmio: [0xc8020000-0xc803ffff]
[    0.189711] pci 0000:00:10.0: reg 30 32bit mmio pref: [0x000000-0x003fff]
[    0.190999] pci 0000:00:15.0: PME# supported from D0 D3hot D3cold
[    0.191018] pci 0000:00:15.0: PME# disabled
[    0.191872] pci 0000:00:15.1: PME# supported from D0 D3hot D3cold
[    0.191891] pci 0000:00:15.1: PME# disabled
[    0.192717] pci 0000:00:15.2: PME# supported from D0 D3hot D3cold
[    0.192735] pci 0000:00:15.2: PME# disabled
[    0.193560] pci 0000:00:15.3: PME# supported from D0 D3hot D3cold
[    0.193579] pci 0000:00:15.3: PME# disabled
[    0.194401] pci 0000:00:15.4: PME# supported from D0 D3hot D3cold
[    0.194419] pci 0000:00:15.4: PME# disabled
[    0.195246] pci 0000:00:15.5: PME# supported from D0 D3hot D3cold
[    0.195264] pci 0000:00:15.5: PME# disabled
[    0.196067] pci 0000:00:15.6: PME# supported from D0 D3hot D3cold
[    0.196094] pci 0000:00:15.6: PME# disabled
[    0.196911] pci 0000:00:15.7: PME# supported from D0 D3hot D3cold
[    0.196929] pci 0000:00:15.7: PME# disabled
[    0.197856] pci 0000:00:16.0: PME# supported from D0 D3hot D3cold
[    0.197875] pci 0000:00:16.0: PME# disabled
[    0.198698] pci 0000:00:16.1: PME# supported from D0 D3hot D3cold
[    0.198717] pci 0000:00:16.1: PME# disabled
[    0.199595] pci 0000:00:16.2: PME# supported from D0 D3hot D3cold
[    0.199617] pci 0000:00:16.2: PME# disabled
[    0.200497] pci 0000:00:16.3: PME# supported from D0 D3hot D3cold
[    0.200517] pci 0000:00:16.3: PME# disabled
[    0.201372] pci 0000:00:16.4: PME# supported from D0 D3hot D3cold
[    0.201392] pci 0000:00:16.4: PME# disabled
[    0.202245] pci 0000:00:16.5: PME# supported from D0 D3hot D3cold
[    0.202265] pci 0000:00:16.5: PME# disabled
[    0.203123] pci 0000:00:16.6: PME# supported from D0 D3hot D3cold
[    0.203143] pci 0000:00:16.6: PME# disabled
[    0.204002] pci 0000:00:16.7: PME# supported from D0 D3hot D3cold
[    0.204022] pci 0000:00:16.7: PME# disabled
[    0.204882] pci 0000:00:17.0: PME# supported from D0 D3hot D3cold
[    0.204902] pci 0000:00:17.0: PME# disabled
[    0.205757] pci 0000:00:17.1: PME# supported from D0 D3hot D3cold
[    0.205777] pci 0000:00:17.1: PME# disabled
[    0.206629] pci 0000:00:17.2: PME# supported from D0 D3hot D3cold
[    0.206648] pci 0000:00:17.2: PME# disabled
[    0.207518] pci 0000:00:17.3: PME# supported from D0 D3hot D3cold
[    0.207538] pci 0000:00:17.3: PME# disabled
[    0.208401] pci 0000:00:17.4: PME# supported from D0 D3hot D3cold
[    0.208422] pci 0000:00:17.4: PME# disabled
[    0.209293] pci 0000:00:17.5: PME# supported from D0 D3hot D3cold
[    0.209314] pci 0000:00:17.5: PME# disabled
[    0.210179] pci 0000:00:17.6: PME# supported from D0 D3hot D3cold
[    0.210200] pci 0000:00:17.6: PME# disabled
[    0.211051] pci 0000:00:17.7: PME# supported from D0 D3hot D3cold
[    0.211072] pci 0000:00:17.7: PME# disabled
[    0.211932] pci 0000:00:18.0: PME# supported from D0 D3hot D3cold
[    0.211953] pci 0000:00:18.0: PME# disabled
[    0.212804] pci 0000:00:18.1: PME# supported from D0 D3hot D3cold
[    0.212825] pci 0000:00:18.1: PME# disabled
[    0.213683] pci 0000:00:18.2: PME# supported from D0 D3hot D3cold
[    0.213702] pci 0000:00:18.2: PME# disabled
[    0.214556] pci 0000:00:18.3: PME# supported from D0 D3hot D3cold
[    0.214576] pci 0000:00:18.3: PME# disabled
[    0.215438] pci 0000:00:18.4: PME# supported from D0 D3hot D3cold
[    0.215458] pci 0000:00:18.4: PME# disabled
[    0.216324] pci 0000:00:18.5: PME# supported from D0 D3hot D3cold
[    0.216344] pci 0000:00:18.5: PME# disabled
[    0.217197] pci 0000:00:18.6: PME# supported from D0 D3hot D3cold
[    0.217216] pci 0000:00:18.6: PME# disabled
[    0.218074] pci 0000:00:18.7: PME# supported from D0 D3hot D3cold
[    0.218094] pci 0000:00:18.7: PME# disabled
[    0.219179] pci 0000:02:00.0: reg 20 io port: [0x20c0-0x20df]
[    0.219678] pci 0000:02:01.0: reg 10 io port: [0x2000-0x207f]
[    0.219894] pci 0000:02:01.0: reg 30 32bit mmio pref: [0x000000-0x00ffff]
[    0.220462] pci 0000:02:02.0: reg 10 io port: [0x2080-0x20bf]
[    0.221012] pci 0000:02:03.0: reg 10 32bit mmio: [0xc9000000-0xc9000fff]
[    0.221555] pci 0000:00:11.0: transparent bridge
[    0.221574] pci 0000:00:11.0: bridge io port: [0x2000-0x3fff]
[    0.221593] pci 0000:00:11.0: bridge 32bit mmio: [0xc9000000-0xca3fffff]
[    0.221628] pci 0000:00:11.0: bridge 64bit mmio pref: [0xd8400000-0xd89fffff]
[    0.221965] pci 0000:00:15.0: bridge io port: [0x4000-0x4fff]
[    0.221984] pci 0000:00:15.0: bridge 32bit mmio: [0xca400000-0xca4fffff]
[    0.222020] pci 0000:00:15.0: bridge 64bit mmio pref: [0xd8a00000-0xd8afffff]
[    0.222380] pci 0000:00:15.1: bridge io port: [0x8000-0x8fff]
[    0.222399] pci 0000:00:15.1: bridge 32bit mmio: [0xca800000-0xca8fffff]
[    0.222434] pci 0000:00:15.1: bridge 64bit mmio pref: [0xd8e00000-0xd8efffff]
[    0.222768] pci 0000:00:15.2: bridge io port: [0xc000-0xcfff]
[    0.222786] pci 0000:00:15.2: bridge 32bit mmio: [0xcac00000-0xcacfffff]
[    0.222822] pci 0000:00:15.2: bridge 64bit mmio pref: [0xd9200000-0xd92fffff]
[    0.223195] pci 0000:00:15.3: bridge 32bit mmio: [0xcb000000-0xcb0fffff]
[    0.223234] pci 0000:00:15.3: bridge 64bit mmio pref: [0xd9600000-0xd96fffff]
[    0.223595] pci 0000:00:15.4: bridge 32bit mmio: [0xcb400000-0xcb4fffff]
[    0.223630] pci 0000:00:15.4: bridge 64bit mmio pref: [0xd9a00000-0xd9afffff]
[    0.223992] pci 0000:00:15.5: bridge 32bit mmio: [0xcb800000-0xcb8fffff]
[    0.224028] pci 0000:00:15.5: bridge 64bit mmio pref: [0xd9e00000-0xd9efffff]
[    0.224911] pci 0000:00:15.6: bridge 32bit mmio: [0xcbc00000-0xcbcfffff]
[    0.224947] pci 0000:00:15.6: bridge 64bit mmio pref: [0xda200000-0xda2fffff]
[    0.225330] pci 0000:00:15.7: bridge 32bit mmio: [0xcc000000-0xcc0fffff]
[    0.225375] pci 0000:00:15.7: bridge 64bit mmio pref: [0xda600000-0xda6fffff]
[    0.225733] pci 0000:00:16.0: bridge io port: [0x5000-0x5fff]
[    0.225753] pci 0000:00:16.0: bridge 32bit mmio: [0xca500000-0xca5fffff]
[    0.225791] pci 0000:00:16.0: bridge 64bit mmio pref: [0xd8b00000-0xd8bfffff]
[    0.226151] pci 0000:00:16.1: bridge io port: [0x9000-0x9fff]
[    0.226171] pci 0000:00:16.1: bridge 32bit mmio: [0xca900000-0xca9fffff]
[    0.226209] pci 0000:00:16.1: bridge 64bit mmio pref: [0xd8f00000-0xd8ffffff]
[    0.226566] pci 0000:00:16.2: bridge io port: [0xd000-0xdfff]
[    0.226586] pci 0000:00:16.2: bridge 32bit mmio: [0xcad00000-0xcadfffff]
[    0.226624] pci 0000:00:16.2: bridge 64bit mmio pref: [0xd9300000-0xd93fffff]
[    0.227000] pci 0000:00:16.3: bridge 32bit mmio: [0xcb100000-0xcb1fffff]
[    0.227038] pci 0000:00:16.3: bridge 64bit mmio pref: [0xd9700000-0xd97fffff]
[    0.227418] pci 0000:00:16.4: bridge 32bit mmio: [0xcb500000-0xcb5fffff]
[    0.227456] pci 0000:00:16.4: bridge 64bit mmio pref: [0xd9b00000-0xd9bfffff]
[    0.227842] pci 0000:00:16.5: bridge 32bit mmio: [0xcb900000-0xcb9fffff]
[    0.227880] pci 0000:00:16.5: bridge 64bit mmio pref: [0xd9f00000-0xd9ffffff]
[    0.228256] pci 0000:00:16.6: bridge 32bit mmio: [0xcbd00000-0xcbdfffff]
[    0.228294] pci 0000:00:16.6: bridge 64bit mmio pref: [0xda300000-0xda3fffff]
[    0.228669] pci 0000:00:16.7: bridge 32bit mmio: [0xcc100000-0xcc1fffff]
[    0.228707] pci 0000:00:16.7: bridge 64bit mmio pref: [0xda700000-0xda7fffff]
[    0.229077] pci 0000:00:17.0: bridge io port: [0x6000-0x6fff]
[    0.229097] pci 0000:00:17.0: bridge 32bit mmio: [0xca600000-0xca6fffff]
[    0.229144] pci 0000:00:17.0: bridge 64bit mmio pref: [0xd8c00000-0xd8cfffff]
[    0.229477] pci 0000:00:17.1: bridge io port: [0xa000-0xafff]
[    0.229496] pci 0000:00:17.1: bridge 32bit mmio: [0xcaa00000-0xcaafffff]
[    0.229531] pci 0000:00:17.1: bridge 64bit mmio pref: [0xd9000000-0xd90fffff]
[    0.229863] pci 0000:00:17.2: bridge io port: [0xe000-0xefff]
[    0.229882] pci 0000:00:17.2: bridge 32bit mmio: [0xcae00000-0xcaefffff]
[    0.229917] pci 0000:00:17.2: bridge 64bit mmio pref: [0xd9400000-0xd94fffff]
[    0.230293] pci 0000:00:17.3: bridge 32bit mmio: [0xcb200000-0xcb2fffff]
[    0.230328] pci 0000:00:17.3: bridge 64bit mmio pref: [0xd9800000-0xd98fffff]
[    0.230678] pci 0000:00:17.4: bridge 32bit mmio: [0xcb600000-0xcb6fffff]
[    0.230714] pci 0000:00:17.4: bridge 64bit mmio pref: [0xd9c00000-0xd9cfffff]
[    0.231080] pci 0000:00:17.5: bridge 32bit mmio: [0xcba00000-0xcbafffff]
[    0.231125] pci 0000:00:17.5: bridge 64bit mmio pref: [0xda000000-0xda0fffff]
[    0.231474] pci 0000:00:17.6: bridge 32bit mmio: [0xcbe00000-0xcbefffff]
[    0.231510] pci 0000:00:17.6: bridge 64bit mmio pref: [0xda400000-0xda4fffff]
[    0.231869] pci 0000:00:17.7: bridge 32bit mmio: [0xcc200000-0xcc2fffff]
[    0.231906] pci 0000:00:17.7: bridge 64bit mmio pref: [0xda800000-0xda8fffff]
[    0.232278] pci 0000:00:18.0: bridge io port: [0x7000-0x7fff]
[    0.232297] pci 0000:00:18.0: bridge 32bit mmio: [0xca700000-0xca7fffff]
[    0.232333] pci 0000:00:18.0: bridge 64bit mmio pref: [0xd8d00000-0xd8dfffff]
[    0.232666] pci 0000:00:18.1: bridge io port: [0xb000-0xbfff]
[    0.232685] pci 0000:00:18.1: bridge 32bit mmio: [0xcab00000-0xcabfffff]
[    0.232720] pci 0000:00:18.1: bridge 64bit mmio pref: [0xd9100000-0xd91fffff]
[    0.233069] pci 0000:00:18.2: bridge io port: [0xf000-0xffff]
[    0.233097] pci 0000:00:18.2: bridge 32bit mmio: [0xcaf00000-0xcaffffff]
[    0.233133] pci 0000:00:18.2: bridge 64bit mmio pref: [0xd9500000-0xd95fffff]
[    0.233483] pci 0000:00:18.3: bridge 32bit mmio: [0xcb300000-0xcb3fffff]
[    0.233519] pci 0000:00:18.3: bridge 64bit mmio pref: [0xd9900000-0xd99fffff]
[    0.233868] pci 0000:00:18.4: bridge 32bit mmio: [0xcb700000-0xcb7fffff]
[    0.233904] pci 0000:00:18.4: bridge 64bit mmio pref: [0xd9d00000-0xd9dfffff]
[    0.234285] pci 0000:00:18.5: bridge 32bit mmio: [0xcbb00000-0xcbbfffff]
[    0.234323] pci 0000:00:18.5: bridge 64bit mmio pref: [0xda100000-0xda1fffff]
[    0.234709] pci 0000:00:18.6: bridge 32bit mmio: [0xcbf00000-0xcbffffff]
[    0.234744] pci 0000:00:18.6: bridge 64bit mmio pref: [0xda500000-0xda5fffff]
[    0.235115] pci 0000:00:18.7: bridge 32bit mmio: [0xcc300000-0xcc3fffff]
[    0.235151] pci 0000:00:18.7: bridge 64bit mmio pref: [0xda900000-0xda9fffff]
[    0.236533] pci_bus 0000:00: on NUMA node 0
[    0.236540] ACPI: PCI Interrupt Routing Table [\_SB_.PCI0._PRT]
[    0.453117] ACPI: PCI Interrupt Link [LNKA] (IRQs 3 4 5 6 7 *9 10 11 14 15)
[    0.453262] ACPI: PCI Interrupt Link [LNKB] (IRQs 3 4 5 6 7 9 10 *11 14 15)
[    0.453403] ACPI: PCI Interrupt Link [LNKC] (IRQs 3 4 5 6 7 9 *10 11 14 15)
[    0.453542] ACPI: PCI Interrupt Link [LNKD] (IRQs 3 4 *5 6 7 9 10 11 14 15)
[    0.453668] vgaarb: device added: PCI:0000:00:0f.0,decodes=io+mem,owns=io+mem,locks=none
[    0.453677] vgaarb: loaded
[    0.453783] SCSI subsystem initialized
[    0.453834] libata version 3.00 loaded.
[    0.453872] usbcore: registered new interface driver usbfs
[    0.453883] usbcore: registered new interface driver hub
[    0.453898] usbcore: registered new device driver usb
[    0.453961] PCI: Using ACPI for IRQ routing
[    0.454870] NetLabel: Initializing
[    0.454871] NetLabel:  domain hash size = 128
[    0.454872] NetLabel:  protocols = UNLABELED CIPSOv4
[    0.454879] NetLabel:  unlabeled traffic allowed by default
[    0.454909] hpet0: at MMIO 0xfed00000, IRQs 2, 8, 0, 0, 0, 0, 0, 0, 0, 0, 0, 0, 0, 0, 0, 0
[    0.454915] hpet0: 16 comparators, 64-bit 14.318180 MHz counter
[    0.457940] Switching to clocksource tsc
[    0.464780] pnp: PnP ACPI init
[    0.464789] ACPI: bus type pnp registered
[    0.506768] pnp: PnP ACPI: found 14 devices
[    0.506771] ACPI: ACPI bus type pnp unregistered
[    0.506773] PnPBIOS: Disabled by ACPI PNP
[    0.506783] system 00:01: ioport range 0x1000-0x103f has been reserved
[    0.506785] system 00:01: ioport range 0x1040-0x104f has been reserved
[    0.506786] system 00:01: ioport range 0xcf0-0xcf1 has been reserved
[    0.506792] system 00:08: iomem range 0xfed00000-0xfed003ff has been reserved
[    0.506796] system 00:0d: ioport range 0x1060-0x107f has been reserved
[    0.506798] system 00:0d: iomem range 0xe0000000-0xefffffff has been reserved
[    0.506800] system 00:0d: iomem range 0xc8200000-0xc83fffff has been reserved
[    0.543135] pci 0000:00:15.3: BAR 13: can't allocate I/O resource [0x10000-0xffff]
[    0.543139] pci 0000:00:15.4: BAR 13: can't allocate I/O resource [0x10000-0xffff]
[    0.543142] pci 0000:00:15.5: BAR 13: can't allocate I/O resource [0x10000-0xffff]
[    0.543144] pci 0000:00:15.6: BAR 13: can't allocate I/O resource [0x10000-0xffff]
[    0.543147] pci 0000:00:15.7: BAR 13: can't allocate I/O resource [0x10000-0xffff]
[    0.543149] pci 0000:00:16.3: BAR 13: can't allocate I/O resource [0x10000-0xffff]
[    0.543152] pci 0000:00:16.4: BAR 13: can't allocate I/O resource [0x10000-0xffff]
[    0.543155] pci 0000:00:16.5: BAR 13: can't allocate I/O resource [0x10000-0xffff]
[    0.543157] pci 0000:00:16.6: BAR 13: can't allocate I/O resource [0x10000-0xffff]
[    0.543160] pci 0000:00:16.7: BAR 13: can't allocate I/O resource [0x10000-0xffff]
[    0.543163] pci 0000:00:17.3: BAR 13: can't allocate I/O resource [0x10000-0xffff]
[    0.543165] pci 0000:00:17.4: BAR 13: can't allocate I/O resource [0x10000-0xffff]
[    0.543168] pci 0000:00:17.5: BAR 13: can't allocate I/O resource [0x10000-0xffff]
[    0.543171] pci 0000:00:17.6: BAR 13: can't allocate I/O resource [0x10000-0xffff]
[    0.543173] pci 0000:00:17.7: BAR 13: can't allocate I/O resource [0x10000-0xffff]
[    0.543176] pci 0000:00:18.3: BAR 13: can't allocate I/O resource [0x10000-0xffff]
[    0.543179] pci 0000:00:18.4: BAR 13: can't allocate I/O resource [0x10000-0xffff]
[    0.543181] pci 0000:00:18.5: BAR 13: can't allocate I/O resource [0x10000-0xffff]
[    0.543184] pci 0000:00:18.6: BAR 13: can't allocate I/O resource [0x10000-0xffff]
[    0.543186] pci 0000:00:18.7: BAR 13: can't allocate I/O resource [0x10000-0xffff]
[    0.543189] pci 0000:00:01.0: PCI bridge, secondary bus 0000:01
[    0.543190] pci 0000:00:01.0:   IO window: disabled
[    0.543218] pci 0000:00:01.0:   MEM window: disabled
[    0.543237] pci 0000:00:01.0:   PREFETCH window: disabled
[    0.543274] pci 0000:00:11.0: PCI bridge, secondary bus 0000:02
[    0.543285] pci 0000:00:11.0:   IO window: 0x2000-0x3fff
[    0.543313] pci 0000:00:11.0:   MEM window: 0xc9000000-0xca3fffff
[    0.543333] pci 0000:00:11.0:   PREFETCH window: 0x000000d8400000-0x000000d89fffff
[    0.543368] pci 0000:00:15.0: PCI bridge, secondary bus 0000:03
[    0.543379] pci 0000:00:15.0:   IO window: 0x4000-0x4fff
[    0.543407] pci 0000:00:15.0:   MEM window: 0xca400000-0xca4fffff
[    0.543426] pci 0000:00:15.0:   PREFETCH window: 0x000000d8a00000-0x000000d8afffff
[    0.543473] pci 0000:00:15.1: PCI bridge, secondary bus 0000:04
[    0.543484] pci 0000:00:15.1:   IO window: 0x8000-0x8fff
[    0.543511] pci 0000:00:15.1:   MEM window: 0xca800000-0xca8fffff
[    0.543531] pci 0000:00:15.1:   PREFETCH window: 0x000000d8e00000-0x000000d8efffff
[    0.543571] pci 0000:00:15.2: PCI bridge, secondary bus 0000:05
[    0.543581] pci 0000:00:15.2:   IO window: 0xc000-0xcfff
[    0.543609] pci 0000:00:15.2:   MEM window: 0xcac00000-0xcacfffff
[    0.543628] pci 0000:00:15.2:   PREFETCH window: 0x000000d9200000-0x000000d92fffff
[    0.543668] pci 0000:00:15.3: PCI bridge, secondary bus 0000:06
[    0.543670] pci 0000:00:15.3:   IO window: disabled
[    0.543697] pci 0000:00:15.3:   MEM window: 0xcb000000-0xcb0fffff
[    0.543716] pci 0000:00:15.3:   PREFETCH window: 0x000000d9600000-0x000000d96fffff
[    0.543756] pci 0000:00:15.4: PCI bridge, secondary bus 0000:07
[    0.543758] pci 0000:00:15.4:   IO window: disabled
[    0.543785] pci 0000:00:15.4:   MEM window: 0xcb400000-0xcb4fffff
[    0.543811] pci 0000:00:15.4:   PREFETCH window: 0x000000d9a00000-0x000000d9afffff
[    0.543905] pci 0000:00:15.5: PCI bridge, secondary bus 0000:08
[    0.543907] pci 0000:00:15.5:   IO window: disabled
[    0.543939] pci 0000:00:15.5:   MEM window: 0xcb800000-0xcb8fffff
[    0.543959] pci 0000:00:15.5:   PREFETCH window: 0x000000d9e00000-0x000000d9efffff
[    0.544003] pci 0000:00:15.6: PCI bridge, secondary bus 0000:09
[    0.544005] pci 0000:00:15.6:   IO window: disabled
[    0.544035] pci 0000:00:15.6:   MEM window: 0xcbc00000-0xcbcfffff
[    0.544055] pci 0000:00:15.6:   PREFETCH window: 0x000000da200000-0x000000da2fffff
[    0.544098] pci 0000:00:15.7: PCI bridge, secondary bus 0000:0a
[    0.544099] pci 0000:00:15.7:   IO window: disabled
[    0.544129] pci 0000:00:15.7:   MEM window: 0xcc000000-0xcc0fffff
[    0.544149] pci 0000:00:15.7:   PREFETCH window: 0x000000da600000-0x000000da6fffff
[    0.544192] pci 0000:00:16.0: PCI bridge, secondary bus 0000:0b
[    0.544204] pci 0000:00:16.0:   IO window: 0x5000-0x5fff
[    0.544233] pci 0000:00:16.0:   MEM window: 0xca500000-0xca5fffff
[    0.544254] pci 0000:00:16.0:   PREFETCH window: 0x000000d8b00000-0x000000d8bfffff
[    0.544296] pci 0000:00:16.1: PCI bridge, secondary bus 0000:0c
[    0.544308] pci 0000:00:16.1:   IO window: 0x9000-0x9fff
[    0.544341] pci 0000:00:16.1:   MEM window: 0xca900000-0xca9fffff
[    0.544361] pci 0000:00:16.1:   PREFETCH window: 0x000000d8f00000-0x000000d8ffffff
[    0.544403] pci 0000:00:16.2: PCI bridge, secondary bus 0000:0d
[    0.544415] pci 0000:00:16.2:   IO window: 0xd000-0xdfff
[    0.544444] pci 0000:00:16.2:   MEM window: 0xcad00000-0xcadfffff
[    0.544465] pci 0000:00:16.2:   PREFETCH window: 0x000000d9300000-0x000000d93fffff
[    0.544507] pci 0000:00:16.3: PCI bridge, secondary bus 0000:0e
[    0.544508] pci 0000:00:16.3:   IO window: disabled
[    0.544538] pci 0000:00:16.3:   MEM window: 0xcb100000-0xcb1fffff
[    0.544558] pci 0000:00:16.3:   PREFETCH window: 0x000000d9700000-0x000000d97fffff
[    0.544600] pci 0000:00:16.4: PCI bridge, secondary bus 0000:0f
[    0.544602] pci 0000:00:16.4:   IO window: disabled
[    0.544632] pci 0000:00:16.4:   MEM window: 0xcb500000-0xcb5fffff
[    0.544652] pci 0000:00:16.4:   PREFETCH window: 0x000000d9b00000-0x000000d9bfffff
[    0.544694] pci 0000:00:16.5: PCI bridge, secondary bus 0000:10
[    0.544696] pci 0000:00:16.5:   IO window: disabled
[    0.544726] pci 0000:00:16.5:   MEM window: 0xcb900000-0xcb9fffff
[    0.544746] pci 0000:00:16.5:   PREFETCH window: 0x000000d9f00000-0x000000d9ffffff
[    0.544788] pci 0000:00:16.6: PCI bridge, secondary bus 0000:11
[    0.544790] pci 0000:00:16.6:   IO window: disabled
[    0.544821] pci 0000:00:16.6:   MEM window: 0xcbd00000-0xcbdfffff
[    0.544842] pci 0000:00:16.6:   PREFETCH window: 0x000000da300000-0x000000da3fffff
[    0.544884] pci 0000:00:16.7: PCI bridge, secondary bus 0000:12
[    0.544886] pci 0000:00:16.7:   IO window: disabled
[    0.544915] pci 0000:00:16.7:   MEM window: 0xcc100000-0xcc1fffff
[    0.544936] pci 0000:00:16.7:   PREFETCH window: 0x000000da700000-0x000000da7fffff
[    0.544978] pci 0000:00:17.0: PCI bridge, secondary bus 0000:13
[    0.544990] pci 0000:00:17.0:   IO window: 0x6000-0x6fff
[    0.545019] pci 0000:00:17.0:   MEM window: 0xca600000-0xca6fffff
[    0.545040] pci 0000:00:17.0:   PREFETCH window: 0x000000d8c00000-0x000000d8cfffff
[    0.545082] pci 0000:00:17.1: PCI bridge, secondary bus 0000:14
[    0.545094] pci 0000:00:17.1:   IO window: 0xa000-0xafff
[    0.545123] pci 0000:00:17.1:   MEM window: 0xcaa00000-0xcaafffff
[    0.545144] pci 0000:00:17.1:   PREFETCH window: 0x000000d9000000-0x000000d90fffff
[    0.545186] pci 0000:00:17.2: PCI bridge, secondary bus 0000:15
[    0.545198] pci 0000:00:17.2:   IO window: 0xe000-0xefff
[    0.545227] pci 0000:00:17.2:   MEM window: 0xcae00000-0xcaefffff
[    0.545248] pci 0000:00:17.2:   PREFETCH window: 0x000000d9400000-0x000000d94fffff
[    0.545290] pci 0000:00:17.3: PCI bridge, secondary bus 0000:16
[    0.545292] pci 0000:00:17.3:   IO window: disabled
[    0.545321] pci 0000:00:17.3:   MEM window: 0xcb200000-0xcb2fffff
[    0.545342] pci 0000:00:17.3:   PREFETCH window: 0x000000d9800000-0x000000d98fffff
[    0.545384] pci 0000:00:17.4: PCI bridge, secondary bus 0000:17
[    0.545385] pci 0000:00:17.4:   IO window: disabled
[    0.545415] pci 0000:00:17.4:   MEM window: 0xcb600000-0xcb6fffff
[    0.545435] pci 0000:00:17.4:   PREFETCH window: 0x000000d9c00000-0x000000d9cfffff
[    0.545478] pci 0000:00:17.5: PCI bridge, secondary bus 0000:18
[    0.545479] pci 0000:00:17.5:   IO window: disabled
[    0.545509] pci 0000:00:17.5:   MEM window: 0xcba00000-0xcbafffff
[    0.545529] pci 0000:00:17.5:   PREFETCH window: 0x000000da000000-0x000000da0fffff
[    0.545572] pci 0000:00:17.6: PCI bridge, secondary bus 0000:19
[    0.545573] pci 0000:00:17.6:   IO window: disabled
[    0.545603] pci 0000:00:17.6:   MEM window: 0xcbe00000-0xcbefffff
[    0.545623] pci 0000:00:17.6:   PREFETCH window: 0x000000da400000-0x000000da4fffff
[    0.545666] pci 0000:00:17.7: PCI bridge, secondary bus 0000:1a
[    0.545667] pci 0000:00:17.7:   IO window: disabled
[    0.545697] pci 0000:00:17.7:   MEM window: 0xcc200000-0xcc2fffff
[    0.545717] pci 0000:00:17.7:   PREFETCH window: 0x000000da800000-0x000000da8fffff
[    0.545760] pci 0000:00:18.0: PCI bridge, secondary bus 0000:1b
[    0.545771] pci 0000:00:18.0:   IO window: 0x7000-0x7fff
[    0.545809] pci 0000:00:18.0:   MEM window: 0xca700000-0xca7fffff
[    0.545830] pci 0000:00:18.0:   PREFETCH window: 0x000000d8d00000-0x000000d8dfffff
[    0.545890] pci 0000:00:18.1: PCI bridge, secondary bus 0000:1c
[    0.545902] pci 0000:00:18.1:   IO window: 0xb000-0xbfff
[    0.545931] pci 0000:00:18.1:   MEM window: 0xcab00000-0xcabfffff
[    0.545952] pci 0000:00:18.1:   PREFETCH window: 0x000000d9100000-0x000000d91fffff
[    0.545994] pci 0000:00:18.2: PCI bridge, secondary bus 0000:1d
[    0.546006] pci 0000:00:18.2:   IO window: 0xf000-0xffff
[    0.546035] pci 0000:00:18.2:   MEM window: 0xcaf00000-0xcaffffff
[    0.546056] pci 0000:00:18.2:   PREFETCH window: 0x000000d9500000-0x000000d95fffff
[    0.546098] pci 0000:00:18.3: PCI bridge, secondary bus 0000:1e
[    0.546100] pci 0000:00:18.3:   IO window: disabled
[    0.546130] pci 0000:00:18.3:   MEM window: 0xcb300000-0xcb3fffff
[    0.546150] pci 0000:00:18.3:   PREFETCH window: 0x000000d9900000-0x000000d99fffff
[    0.546192] pci 0000:00:18.4: PCI bridge, secondary bus 0000:1f
[    0.546194] pci 0000:00:18.4:   IO window: disabled
[    0.546224] pci 0000:00:18.4:   MEM window: 0xcb700000-0xcb7fffff
[    0.546244] pci 0000:00:18.4:   PREFETCH window: 0x000000d9d00000-0x000000d9dfffff
[    0.546286] pci 0000:00:18.5: PCI bridge, secondary bus 0000:20
[    0.546288] pci 0000:00:18.5:   IO window: disabled
[    0.546317] pci 0000:00:18.5:   MEM window: 0xcbb00000-0xcbbfffff
[    0.546338] pci 0000:00:18.5:   PREFETCH window: 0x000000da100000-0x000000da1fffff
[    0.546380] pci 0000:00:18.6: PCI bridge, secondary bus 0000:21
[    0.546382] pci 0000:00:18.6:   IO window: disabled
[    0.546411] pci 0000:00:18.6:   MEM window: 0xcbf00000-0xcbffffff
[    0.546432] pci 0000:00:18.6:   PREFETCH window: 0x000000da500000-0x000000da5fffff
[    0.546474] pci 0000:00:18.7: PCI bridge, secondary bus 0000:22
[    0.546476] pci 0000:00:18.7:   IO window: disabled
[    0.546505] pci 0000:00:18.7:   MEM window: 0xcc300000-0xcc3fffff
[    0.546526] pci 0000:00:18.7:   PREFETCH window: 0x000000da900000-0x000000da9fffff
[    0.546599] pci 0000:00:01.0: setting latency timer to 64
[    0.546696] pci 0000:00:15.0: setting latency timer to 64
[    0.546762] pci 0000:00:15.1: setting latency timer to 64
[    0.546830] pci 0000:00:15.2: setting latency timer to 64
[    0.546897] pci 0000:00:15.3: setting latency timer to 64
[    0.546963] pci 0000:00:15.4: setting latency timer to 64
[    0.547029] pci 0000:00:15.5: setting latency timer to 64
[    0.547095] pci 0000:00:15.6: setting latency timer to 64
[    0.547161] pci 0000:00:15.7: setting latency timer to 64
[    0.547227] pci 0000:00:16.0: setting latency timer to 64
[    0.547294] pci 0000:00:16.1: setting latency timer to 64
[    0.547360] pci 0000:00:16.2: setting latency timer to 64
[    0.547426] pci 0000:00:16.3: setting latency timer to 64
[    0.547492] pci 0000:00:16.4: setting latency timer to 64
[    0.547558] pci 0000:00:16.5: setting latency timer to 64
[    0.547624] pci 0000:00:16.6: setting latency timer to 64
[    0.547690] pci 0000:00:16.7: setting latency timer to 64
[    0.547756] pci 0000:00:17.0: setting latency timer to 64
[    0.547824] pci 0000:00:17.1: setting latency timer to 64
[    0.547890] pci 0000:00:17.2: setting latency timer to 64
[    0.547956] pci 0000:00:17.3: setting latency timer to 64
[    0.548022] pci 0000:00:17.4: setting latency timer to 64
[    0.548089] pci 0000:00:17.5: setting latency timer to 64
[    0.548155] pci 0000:00:17.6: setting latency timer to 64
[    0.548221] pci 0000:00:17.7: setting latency timer to 64
[    0.548287] pci 0000:00:18.0: setting latency timer to 64
[    0.548353] pci 0000:00:18.1: setting latency timer to 64
[    0.548419] pci 0000:00:18.2: setting latency timer to 64
[    0.548486] pci 0000:00:18.3: setting latency timer to 64
[    0.548552] pci 0000:00:18.4: setting latency timer to 64
[    0.548618] pci 0000:00:18.5: setting latency timer to 64
[    0.548684] pci 0000:00:18.6: setting latency timer to 64
[    0.548750] pci 0000:00:18.7: setting latency timer to 64
[    0.548762] pci_bus 0000:00: resource 0 io:  [0x00-0xffff]
[    0.548765] pci_bus 0000:00: resource 1 mem: [0x000000-0xffffffffffffffff]
[    0.548767] pci_bus 0000:02: resource 0 io:  [0x2000-0x3fff]
[    0.548769] pci_bus 0000:02: resource 1 mem: [0xc9000000-0xca3fffff]
[    0.548771] pci_bus 0000:02: resource 2 pref mem [0xd8400000-0xd89fffff]
[    0.548773] pci_bus 0000:02: resource 3 io:  [0x00-0xffff]
[    0.548775] pci_bus 0000:02: resource 4 mem: [0x000000-0xffffffffffffffff]
[    0.548777] pci_bus 0000:03: resource 0 io:  [0x4000-0x4fff]
[    0.548779] pci_bus 0000:03: resource 1 mem: [0xca400000-0xca4fffff]
[    0.548781] pci_bus 0000:03: resource 2 pref mem [0xd8a00000-0xd8afffff]
[    0.548783] pci_bus 0000:04: resource 0 io:  [0x8000-0x8fff]
[    0.548785] pci_bus 0000:04: resource 1 mem: [0xca800000-0xca8fffff]
[    0.548787] pci_bus 0000:04: resource 2 pref mem [0xd8e00000-0xd8efffff]
[    0.548789] pci_bus 0000:05: resource 0 io:  [0xc000-0xcfff]
[    0.548806] pci_bus 0000:05: resource 1 mem: [0xcac00000-0xcacfffff]
[    0.548808] pci_bus 0000:05: resource 2 pref mem [0xd9200000-0xd92fffff]
[    0.548810] pci_bus 0000:06: resource 1 mem: [0xcb000000-0xcb0fffff]
[    0.548812] pci_bus 0000:06: resource 2 pref mem [0xd9600000-0xd96fffff]
[    0.548814] pci_bus 0000:07: resource 1 mem: [0xcb400000-0xcb4fffff]
[    0.548816] pci_bus 0000:07: resource 2 pref mem [0xd9a00000-0xd9afffff]
[    0.548818] pci_bus 0000:08: resource 1 mem: [0xcb800000-0xcb8fffff]
[    0.548820] pci_bus 0000:08: resource 2 pref mem [0xd9e00000-0xd9efffff]
[    0.548822] pci_bus 0000:09: resource 1 mem: [0xcbc00000-0xcbcfffff]
[    0.548824] pci_bus 0000:09: resource 2 pref mem [0xda200000-0xda2fffff]
[    0.548826] pci_bus 0000:0a: resource 1 mem: [0xcc000000-0xcc0fffff]
[    0.548828] pci_bus 0000:0a: resource 2 pref mem [0xda600000-0xda6fffff]
[    0.548830] pci_bus 0000:0b: resource 0 io:  [0x5000-0x5fff]
[    0.548832] pci_bus 0000:0b: resource 1 mem: [0xca500000-0xca5fffff]
[    0.548834] pci_bus 0000:0b: resource 2 pref mem [0xd8b00000-0xd8bfffff]
[    0.548836] pci_bus 0000:0c: resource 0 io:  [0x9000-0x9fff]
[    0.548838] pci_bus 0000:0c: resource 1 mem: [0xca900000-0xca9fffff]
[    0.548840] pci_bus 0000:0c: resource 2 pref mem [0xd8f00000-0xd8ffffff]
[    0.548842] pci_bus 0000:0d: resource 0 io:  [0xd000-0xdfff]
[    0.548843] pci_bus 0000:0d: resource 1 mem: [0xcad00000-0xcadfffff]
[    0.548845] pci_bus 0000:0d: resource 2 pref mem [0xd9300000-0xd93fffff]
[    0.548847] pci_bus 0000:0e: resource 1 mem: [0xcb100000-0xcb1fffff]
[    0.548849] pci_bus 0000:0e: resource 2 pref mem [0xd9700000-0xd97fffff]
[    0.548851] pci_bus 0000:0f: resource 1 mem: [0xcb500000-0xcb5fffff]
[    0.548853] pci_bus 0000:0f: resource 2 pref mem [0xd9b00000-0xd9bfffff]
[    0.548855] pci_bus 0000:10: resource 1 mem: [0xcb900000-0xcb9fffff]
[    0.548857] pci_bus 0000:10: resource 2 pref mem [0xd9f00000-0xd9ffffff]
[    0.548859] pci_bus 0000:11: resource 1 mem: [0xcbd00000-0xcbdfffff]
[    0.548861] pci_bus 0000:11: resource 2 pref mem [0xda300000-0xda3fffff]
[    0.548863] pci_bus 0000:12: resource 1 mem: [0xcc100000-0xcc1fffff]
[    0.548865] pci_bus 0000:12: resource 2 pref mem [0xda700000-0xda7fffff]
[    0.548867] pci_bus 0000:13: resource 0 io:  [0x6000-0x6fff]
[    0.548869] pci_bus 0000:13: resource 1 mem: [0xca600000-0xca6fffff]
[    0.548871] pci_bus 0000:13: resource 2 pref mem [0xd8c00000-0xd8cfffff]
[    0.548872] pci_bus 0000:14: resource 0 io:  [0xa000-0xafff]
[    0.548874] pci_bus 0000:14: resource 1 mem: [0xcaa00000-0xcaafffff]
[    0.548876] pci_bus 0000:14: resource 2 pref mem [0xd9000000-0xd90fffff]
[    0.548878] pci_bus 0000:15: resource 0 io:  [0xe000-0xefff]
[    0.548880] pci_bus 0000:15: resource 1 mem: [0xcae00000-0xcaefffff]
[    0.548882] pci_bus 0000:15: resource 2 pref mem [0xd9400000-0xd94fffff]
[    0.548884] pci_bus 0000:16: resource 1 mem: [0xcb200000-0xcb2fffff]
[    0.548886] pci_bus 0000:16: resource 2 pref mem [0xd9800000-0xd98fffff]
[    0.548888] pci_bus 0000:17: resource 1 mem: [0xcb600000-0xcb6fffff]
[    0.548890] pci_bus 0000:17: resource 2 pref mem [0xd9c00000-0xd9cfffff]
[    0.548892] pci_bus 0000:18: resource 1 mem: [0xcba00000-0xcbafffff]
[    0.548894] pci_bus 0000:18: resource 2 pref mem [0xda000000-0xda0fffff]
[    0.548896] pci_bus 0000:19: resource 1 mem: [0xcbe00000-0xcbefffff]
[    0.548898] pci_bus 0000:19: resource 2 pref mem [0xda400000-0xda4fffff]
[    0.548900] pci_bus 0000:1a: resource 1 mem: [0xcc200000-0xcc2fffff]
[    0.548901] pci_bus 0000:1a: resource 2 pref mem [0xda800000-0xda8fffff]
[    0.548903] pci_bus 0000:1b: resource 0 io:  [0x7000-0x7fff]
[    0.548905] pci_bus 0000:1b: resource 1 mem: [0xca700000-0xca7fffff]
[    0.548907] pci_bus 0000:1b: resource 2 pref mem [0xd8d00000-0xd8dfffff]
[    0.548909] pci_bus 0000:1c: resource 0 io:  [0xb000-0xbfff]
[    0.548911] pci_bus 0000:1c: resource 1 mem: [0xcab00000-0xcabfffff]
[    0.548913] pci_bus 0000:1c: resource 2 pref mem [0xd9100000-0xd91fffff]
[    0.548915] pci_bus 0000:1d: resource 0 io:  [0xf000-0xffff]
[    0.548917] pci_bus 0000:1d: resource 1 mem: [0xcaf00000-0xcaffffff]
[    0.548919] pci_bus 0000:1d: resource 2 pref mem [0xd9500000-0xd95fffff]
[    0.548921] pci_bus 0000:1e: resource 1 mem: [0xcb300000-0xcb3fffff]
[    0.548922] pci_bus 0000:1e: resource 2 pref mem [0xd9900000-0xd99fffff]
[    0.548924] pci_bus 0000:1f: resource 1 mem: [0xcb700000-0xcb7fffff]
[    0.548926] pci_bus 0000:1f: resource 2 pref mem [0xd9d00000-0xd9dfffff]
[    0.548928] pci_bus 0000:20: resource 1 mem: [0xcbb00000-0xcbbfffff]
[    0.548930] pci_bus 0000:20: resource 2 pref mem [0xda100000-0xda1fffff]
[    0.548932] pci_bus 0000:21: resource 1 mem: [0xcbf00000-0xcbffffff]
[    0.548934] pci_bus 0000:21: resource 2 pref mem [0xda500000-0xda5fffff]
[    0.548936] pci_bus 0000:22: resource 1 mem: [0xcc300000-0xcc3fffff]
[    0.548938] pci_bus 0000:22: resource 2 pref mem [0xda900000-0xda9fffff]
[    0.548961] NET: Registered protocol family 2
[    0.548979] RANDOM - __random32 called. Change num 7.  Value: 647ba296	db0e5c1d	6de96f10
[    0.548980] RANDOM - random32 called.  Value: 647ba296	db0e5c1d	6de96f10
[    0.548988] random 0000 0000 0000 00000000 00000000: rand_read_num 2 get_random_bytes(4): sig fffffe1a 00000000 00000000
[    0.548991] random 0000 0000 0000 00000000 00000000: extract_entropy(.. 4 ..)
[    0.548993] random 0000 0000 0000 00000000 00000000: going to reseed nonblocking with 64 bits (32 of 0 requested)
[    0.548995] random 0000 0000 0000 00000000 00000000: extract_entropy(.. 8 ..)
[    0.548998] random 0000 0000 0000 00000000 00000000: trying to extract 64 bits from input
[    0.549000] random 0000 0000 0000 00000000 00000000: debiting 0 entropy credits from input
[    0.549002] random 0000 0000 0000 00000000 00000000: extract_entropy account returned: 0 
[    0.549005] random 0000 0000 0000 00000000 00000000: urand_change_num 3 xfer_secondary_pool(4): pool_sig fffffe1a, data_sig 00000000, bytes_mixed 0 00000000 00000000
[    0.549008] random 0000 0000 0000 00000000 00000000: trying to extract 32 bits from nonblocking
[    0.549011] random 0000 0000 0000 00000000 00000000: debiting 32 entropy credits from nonblocking (unlimited)
[    0.549013] random 0000 0000 0000 00000000 00000000: extract_entropy account returned: 4 
[    0.549017] random 0000 0000 0000 00000000 00000000: urand_change_num 4 extract_buf: pool_sig fffffe1a, data_sig fffffed7, bytes_mixed 20 00000000 00000000
[    0.549047] IP route cache hash table entries: 32768 (order: 5, 131072 bytes)
[    0.549138] RANDOM - __random32 called. Change num 8.  Value: ba296205	b0e5c1db	de205442
[    0.549140] RANDOM - random32 called.  Value: ba296205	b0e5c1db	de205442
[    0.549200] RANDOM - __random32 called. Change num 9.  Value: 962052cd	e5c1db9	a885e45e
[    0.549202] RANDOM - random32 called.  Value: 962052cd	e5c1db9	a885e45e
[    0.549204] RANDOM - __random32 called. Change num 10.  Value: 52cd38f	e5c1db9b	c8bd9558
[    0.549206] RANDOM - random32 called.  Value: 52cd38f	e5c1db9b	c8bd9558
[    0.549229] RANDOM - __random32 called. Change num 11.  Value: cd38f3eb	5c1db9b9	2ab1aa27
[    0.549231] RANDOM - random32 called.  Value: cd38f3eb	5c1db9b9	2ab1aa27
[    0.549242] TCP established hash table entries: 131072 (order: 8, 1048576 bytes)
[    0.549558] TCP bind hash table entries: 65536 (order: 7, 524288 bytes)
[    0.549718] TCP: Hash tables configured (established 131072 bind 65536)
[    0.549720] TCP reno registered
[    0.549757] NET: Registered protocol family 1
[    0.549766] pci 0000:00:00.0: Limiting direct PCI/PCI transfers
[    0.549799] pci 0000:00:0f.0: Boot video device
[    0.550010] Trying to unpack rootfs image as initramfs...
[    1.636315] Freeing initrd memory: 83430k freed
[    1.644316] Simple Boot Flag at 0x36 set to 0x1
[    1.644361] cpufreq-nforce2: No nForce2 chipset.
[    1.644379] Scanning for low memory corruption every 60 seconds
[    1.644520] audit: initializing netlink socket (disabled)
[    1.644530] type=2000 audit(1369432263.632:1): initialized
[    1.648416] highmem bounce pool size: 64 pages
[    1.648420] HugeTLB registered 2 MB page size, pre-allocated 0 pages
[    1.648513] VFS: Disk quotas dquot_6.5.2
[    1.648543] Dquot-cache hash table entries: 1024 (order 0, 4096 bytes)
[    1.648620] fuse init (API version 7.13)
[    1.648664] msgmni has been set to 1729
[    1.648927] alg: No test for stdrng (krng)
[    1.648960] Block layer SCSI generic (bsg) driver version 0.4 loaded (major 253)
[    1.648962] io scheduler noop registered
[    1.648964] io scheduler anticipatory registered
[    1.648965] io scheduler deadline registered
[    1.648985] io scheduler cfq registered (default)
[    1.649030]   alloc irq_desc for 24 on node -1
[    1.649032]   alloc kstat_irqs on node -1
[    1.649077] pcieport 0000:00:15.0: irq 24 for MSI/MSI-X
[    1.649123] pcieport 0000:00:15.0: setting latency timer to 64
[    1.649168]   alloc irq_desc for 25 on node -1
[    1.649170]   alloc kstat_irqs on node -1
[    1.649215] pcieport 0000:00:15.1: irq 25 for MSI/MSI-X
[    1.649261] pcieport 0000:00:15.1: setting latency timer to 64
[    1.649306]   alloc irq_desc for 26 on node -1
[    1.649308]   alloc kstat_irqs on node -1
[    1.649353] pcieport 0000:00:15.2: irq 26 for MSI/MSI-X
[    1.649398] pcieport 0000:00:15.2: setting latency timer to 64
[    1.649443]   alloc irq_desc for 27 on node -1
[    1.649446]   alloc kstat_irqs on node -1
[    1.649492] pcieport 0000:00:15.3: irq 27 for MSI/MSI-X
[    1.649537] pcieport 0000:00:15.3: setting latency timer to 64
[    1.649582]   alloc irq_desc for 28 on node -1
[    1.649586]   alloc kstat_irqs on node -1
[    1.649631] pcieport 0000:00:15.4: irq 28 for MSI/MSI-X
[    1.649676] pcieport 0000:00:15.4: setting latency timer to 64
[    1.649721]   alloc irq_desc for 29 on node -1
[    1.649723]   alloc kstat_irqs on node -1
[    1.649769] pcieport 0000:00:15.5: irq 29 for MSI/MSI-X
[    1.649814] pcieport 0000:00:15.5: setting latency timer to 64
[    1.649859]   alloc irq_desc for 30 on node -1
[    1.649861]   alloc kstat_irqs on node -1
[    1.649906] pcieport 0000:00:15.6: irq 30 for MSI/MSI-X
[    1.649952] pcieport 0000:00:15.6: setting latency timer to 64
[    1.649997]   alloc irq_desc for 31 on node -1
[    1.649999]   alloc kstat_irqs on node -1
[    1.650044] pcieport 0000:00:15.7: irq 31 for MSI/MSI-X
[    1.650089] pcieport 0000:00:15.7: setting latency timer to 64
[    1.650134]   alloc irq_desc for 32 on node -1
[    1.650136]   alloc kstat_irqs on node -1
[    1.650181] pcieport 0000:00:16.0: irq 32 for MSI/MSI-X
[    1.650227] pcieport 0000:00:16.0: setting latency timer to 64
[    1.650272]   alloc irq_desc for 33 on node -1
[    1.650274]   alloc kstat_irqs on node -1
[    1.650319] pcieport 0000:00:16.1: irq 33 for MSI/MSI-X
[    1.650364] pcieport 0000:00:16.1: setting latency timer to 64
[    1.650409]   alloc irq_desc for 34 on node -1
[    1.650411]   alloc kstat_irqs on node -1
[    1.650457] pcieport 0000:00:16.2: irq 34 for MSI/MSI-X
[    1.650502] pcieport 0000:00:16.2: setting latency timer to 64
[    1.650547]   alloc irq_desc for 35 on node -1
[    1.650549]   alloc kstat_irqs on node -1
[    1.650594] pcieport 0000:00:16.3: irq 35 for MSI/MSI-X
[    1.650640] pcieport 0000:00:16.3: setting latency timer to 64
[    1.650685]   alloc irq_desc for 36 on node -1
[    1.650687]   alloc kstat_irqs on node -1
[    1.650732] pcieport 0000:00:16.4: irq 36 for MSI/MSI-X
[    1.650777] pcieport 0000:00:16.4: setting latency timer to 64
[    1.650822]   alloc irq_desc for 37 on node -1
[    1.650824]   alloc kstat_irqs on node -1
[    1.650869] pcieport 0000:00:16.5: irq 37 for MSI/MSI-X
[    1.650915] pcieport 0000:00:16.5: setting latency timer to 64
[    1.650960]   alloc irq_desc for 38 on node -1
[    1.650962]   alloc kstat_irqs on node -1
[    1.651007] pcieport 0000:00:16.6: irq 38 for MSI/MSI-X
[    1.651052] pcieport 0000:00:16.6: setting latency timer to 64
[    1.651098]   alloc irq_desc for 39 on node -1
[    1.651099]   alloc kstat_irqs on node -1
[    1.651145] pcieport 0000:00:16.7: irq 39 for MSI/MSI-X
[    1.651190] pcieport 0000:00:16.7: setting latency timer to 64
[    1.651235]   alloc irq_desc for 40 on node -1
[    1.651237]   alloc kstat_irqs on node -1
[    1.651282] pcieport 0000:00:17.0: irq 40 for MSI/MSI-X
[    1.651327] pcieport 0000:00:17.0: setting latency timer to 64
[    1.652359]   alloc irq_desc for 41 on node -1
[    1.652361]   alloc kstat_irqs on node -1
[    1.652406] pcieport 0000:00:17.1: irq 41 for MSI/MSI-X
[    1.652452] pcieport 0000:00:17.1: setting latency timer to 64
[    1.652497]   alloc irq_desc for 42 on node -1
[    1.652499]   alloc kstat_irqs on node -1
[    1.652544] pcieport 0000:00:17.2: irq 42 for MSI/MSI-X
[    1.652589] pcieport 0000:00:17.2: setting latency timer to 64
[    1.652635]   alloc irq_desc for 43 on node -1
[    1.652636]   alloc kstat_irqs on node -1
[    1.652682] pcieport 0000:00:17.3: irq 43 for MSI/MSI-X
[    1.652727] pcieport 0000:00:17.3: setting latency timer to 64
[    1.652772]   alloc irq_desc for 44 on node -1
[    1.652774]   alloc kstat_irqs on node -1
[    1.652819] pcieport 0000:00:17.4: irq 44 for MSI/MSI-X
[    1.652864] pcieport 0000:00:17.4: setting latency timer to 64
[    1.652910]   alloc irq_desc for 45 on node -1
[    1.652912]   alloc kstat_irqs on node -1
[    1.652957] pcieport 0000:00:17.5: irq 45 for MSI/MSI-X
[    1.653002] pcieport 0000:00:17.5: setting latency timer to 64
[    1.653047]   alloc irq_desc for 46 on node -1
[    1.653049]   alloc kstat_irqs on node -1
[    1.653094] pcieport 0000:00:17.6: irq 46 for MSI/MSI-X
[    1.653140] pcieport 0000:00:17.6: setting latency timer to 64
[    1.653185]   alloc irq_desc for 47 on node -1
[    1.653187]   alloc kstat_irqs on node -1
[    1.653232] pcieport 0000:00:17.7: irq 47 for MSI/MSI-X
[    1.653277] pcieport 0000:00:17.7: setting latency timer to 64
[    1.653322]   alloc irq_desc for 48 on node -1
[    1.653324]   alloc kstat_irqs on node -1
[    1.653370] pcieport 0000:00:18.0: irq 48 for MSI/MSI-X
[    1.653415] pcieport 0000:00:18.0: setting latency timer to 64
[    1.653460]   alloc irq_desc for 49 on node -1
[    1.653462]   alloc kstat_irqs on node -1
[    1.653507] pcieport 0000:00:18.1: irq 49 for MSI/MSI-X
[    1.653552] pcieport 0000:00:18.1: setting latency timer to 64
[    1.653598]   alloc irq_desc for 50 on node -1
[    1.653600]   alloc kstat_irqs on node -1
[    1.653645] pcieport 0000:00:18.2: irq 50 for MSI/MSI-X
[    1.653690] pcieport 0000:00:18.2: setting latency timer to 64
[    1.653735]   alloc irq_desc for 51 on node -1
[    1.653737]   alloc kstat_irqs on node -1
[    1.653782] pcieport 0000:00:18.3: irq 51 for MSI/MSI-X
[    1.653828] pcieport 0000:00:18.3: setting latency timer to 64
[    1.653873]   alloc irq_desc for 52 on node -1
[    1.653875]   alloc kstat_irqs on node -1
[    1.653920] pcieport 0000:00:18.4: irq 52 for MSI/MSI-X
[    1.653965] pcieport 0000:00:18.4: setting latency timer to 64
[    1.654010]   alloc irq_desc for 53 on node -1
[    1.654012]   alloc kstat_irqs on node -1
[    1.654058] pcieport 0000:00:18.5: irq 53 for MSI/MSI-X
[    1.654103] pcieport 0000:00:18.5: setting latency timer to 64
[    1.654148]   alloc irq_desc for 54 on node -1
[    1.654150]   alloc kstat_irqs on node -1
[    1.654195] pcieport 0000:00:18.6: irq 54 for MSI/MSI-X
[    1.654240] pcieport 0000:00:18.6: setting latency timer to 64
[    1.654286]   alloc irq_desc for 55 on node -1
[    1.654288]   alloc kstat_irqs on node -1
[    1.654333] pcieport 0000:00:18.7: irq 55 for MSI/MSI-X
[    1.654378] pcieport 0000:00:18.7: setting latency timer to 64
[    1.654423] pci_hotplug: PCI Hot Plug PCI Core version: 0.5
[    1.656350] pciehp 0000:00:15.0:pcie04: HPC vendor_id 15ad device_id 7a0 ss_vid 0 ss_did 0
[    1.656396] pciehp 0000:00:15.0:pcie04: service driver pciehp loaded
[    1.656441] pciehp 0000:00:15.1:pcie04: HPC vendor_id 15ad device_id 7a0 ss_vid 0 ss_did 0
[    1.656486] pciehp 0000:00:15.1:pcie04: service driver pciehp loaded
[    1.656531] pciehp 0000:00:15.2:pcie04: HPC vendor_id 15ad device_id 7a0 ss_vid 0 ss_did 0
[    1.656577] pciehp 0000:00:15.2:pcie04: service driver pciehp loaded
[    1.656622] pciehp 0000:00:15.3:pcie04: HPC vendor_id 15ad device_id 7a0 ss_vid 0 ss_did 0
[    1.656667] pciehp 0000:00:15.3:pcie04: service driver pciehp loaded
[    1.656712] pciehp 0000:00:15.4:pcie04: HPC vendor_id 15ad device_id 7a0 ss_vid 0 ss_did 0
[    1.656757] pciehp 0000:00:15.4:pcie04: service driver pciehp loaded
[    1.656803] pciehp 0000:00:15.5:pcie04: HPC vendor_id 15ad device_id 7a0 ss_vid 0 ss_did 0
[    1.656848] pciehp 0000:00:15.5:pcie04: service driver pciehp loaded
[    1.656893] pciehp 0000:00:15.6:pcie04: HPC vendor_id 15ad device_id 7a0 ss_vid 0 ss_did 0
[    1.656938] pciehp 0000:00:15.6:pcie04: service driver pciehp loaded
[    1.656984] pciehp 0000:00:15.7:pcie04: HPC vendor_id 15ad device_id 7a0 ss_vid 0 ss_did 0
[    1.657029] pciehp 0000:00:15.7:pcie04: service driver pciehp loaded
[    1.657074] pciehp 0000:00:16.0:pcie04: HPC vendor_id 15ad device_id 7a0 ss_vid 0 ss_did 0
[    1.657119] pciehp 0000:00:16.0:pcie04: service driver pciehp loaded
[    1.657164] pciehp 0000:00:16.1:pcie04: HPC vendor_id 15ad device_id 7a0 ss_vid 0 ss_did 0
[    1.657210] pciehp 0000:00:16.1:pcie04: service driver pciehp loaded
[    1.657255] pciehp 0000:00:16.2:pcie04: HPC vendor_id 15ad device_id 7a0 ss_vid 0 ss_did 0
[    1.657300] pciehp 0000:00:16.2:pcie04: service driver pciehp loaded
[    1.657345] pciehp 0000:00:16.3:pcie04: HPC vendor_id 15ad device_id 7a0 ss_vid 0 ss_did 0
[    1.657391] pciehp 0000:00:16.3:pcie04: service driver pciehp loaded
[    1.657436] pciehp 0000:00:16.4:pcie04: HPC vendor_id 15ad device_id 7a0 ss_vid 0 ss_did 0
[    1.657481] pciehp 0000:00:16.4:pcie04: service driver pciehp loaded
[    1.657526] pciehp 0000:00:16.5:pcie04: HPC vendor_id 15ad device_id 7a0 ss_vid 0 ss_did 0
[    1.657571] pciehp 0000:00:16.5:pcie04: service driver pciehp loaded
[    1.657617] pciehp 0000:00:16.6:pcie04: HPC vendor_id 15ad device_id 7a0 ss_vid 0 ss_did 0
[    1.657662] pciehp 0000:00:16.6:pcie04: service driver pciehp loaded
[    1.657707] pciehp 0000:00:16.7:pcie04: HPC vendor_id 15ad device_id 7a0 ss_vid 0 ss_did 0
[    1.657752] pciehp 0000:00:16.7:pcie04: service driver pciehp loaded
[    1.657798] pciehp 0000:00:17.0:pcie04: HPC vendor_id 15ad device_id 7a0 ss_vid 0 ss_did 0
[    1.657843] pciehp 0000:00:17.0:pcie04: service driver pciehp loaded
[    1.657888] pciehp 0000:00:17.1:pcie04: HPC vendor_id 15ad device_id 7a0 ss_vid 0 ss_did 0
[    1.657933] pciehp 0000:00:17.1:pcie04: service driver pciehp loaded
[    1.657978] pciehp 0000:00:17.2:pcie04: HPC vendor_id 15ad device_id 7a0 ss_vid 0 ss_did 0
[    1.658024] pciehp 0000:00:17.2:pcie04: service driver pciehp loaded
[    1.658069] pciehp 0000:00:17.3:pcie04: HPC vendor_id 15ad device_id 7a0 ss_vid 0 ss_did 0
[    1.658114] pciehp 0000:00:17.3:pcie04: service driver pciehp loaded
[    1.658159] pciehp 0000:00:17.4:pcie04: HPC vendor_id 15ad device_id 7a0 ss_vid 0 ss_did 0
[    1.658205] pciehp 0000:00:17.4:pcie04: service driver pciehp loaded
[    1.658250] pciehp 0000:00:17.5:pcie04: HPC vendor_id 15ad device_id 7a0 ss_vid 0 ss_did 0
[    1.658295] pciehp 0000:00:17.5:pcie04: service driver pciehp loaded
[    1.658340] pciehp 0000:00:17.6:pcie04: HPC vendor_id 15ad device_id 7a0 ss_vid 0 ss_did 0
[    1.658385] pciehp 0000:00:17.6:pcie04: service driver pciehp loaded
[    1.658431] pciehp 0000:00:17.7:pcie04: HPC vendor_id 15ad device_id 7a0 ss_vid 0 ss_did 0
[    1.658476] pciehp 0000:00:17.7:pcie04: service driver pciehp loaded
[    1.658521] pciehp 0000:00:18.0:pcie04: HPC vendor_id 15ad device_id 7a0 ss_vid 0 ss_did 0
[    1.658566] pciehp 0000:00:18.0:pcie04: service driver pciehp loaded
[    1.658612] pciehp 0000:00:18.1:pcie04: HPC vendor_id 15ad device_id 7a0 ss_vid 0 ss_did 0
[    1.658657] pciehp 0000:00:18.1:pcie04: service driver pciehp loaded
[    1.658702] pciehp 0000:00:18.2:pcie04: HPC vendor_id 15ad device_id 7a0 ss_vid 0 ss_did 0
[    1.658747] pciehp 0000:00:18.2:pcie04: service driver pciehp loaded
[    1.658792] pciehp 0000:00:18.3:pcie04: HPC vendor_id 15ad device_id 7a0 ss_vid 0 ss_did 0
[    1.658838] pciehp 0000:00:18.3:pcie04: service driver pciehp loaded
[    1.658883] pciehp 0000:00:18.4:pcie04: HPC vendor_id 15ad device_id 7a0 ss_vid 0 ss_did 0
[    1.658928] pciehp 0000:00:18.4:pcie04: service driver pciehp loaded
[    1.658973] pciehp 0000:00:18.5:pcie04: HPC vendor_id 15ad device_id 7a0 ss_vid 0 ss_did 0
[    1.659019] pciehp 0000:00:18.5:pcie04: service driver pciehp loaded
[    1.659064] pciehp 0000:00:18.6:pcie04: HPC vendor_id 15ad device_id 7a0 ss_vid 0 ss_did 0
[    1.659109] pciehp 0000:00:18.6:pcie04: service driver pciehp loaded
[    1.659154] pciehp 0000:00:18.7:pcie04: HPC vendor_id 15ad device_id 7a0 ss_vid 0 ss_did 0
[    1.659199] pciehp 0000:00:18.7:pcie04: service driver pciehp loaded
[    1.659208] pciehp: PCI Express Hot Plug Controller Driver version: 0.4
[    1.659259] ACPI: AC Adapter [ACAD] (on-line)
[    1.659318] input: Power Button as /devices/LNXSYSTM:00/LNXPWRBN:00/input/input0
[    1.659321] ACPI: Power Button [PWRF]
[    1.659366] processor LNXCPU:00: registered as cooling_device0
[    1.700241] isapnp: Scanning for PnP cards...
[    2.054953] isapnp: No Plug & Play device found
[    2.054984] random 0000 0000 0000 5f8db4e5 4cfdf2a8: initializing
[    2.055111] Linux agpgart interface v0.103
[    2.055154] agpgart-intel 0000:00:00.0: Intel 440BX Chipset
[    2.055206] agpgart-intel 0000:00:00.0: AGP aperture is 256M @ 0x0
[    2.055240] Serial: 8250/16550 driver, 32 ports, IRQ sharing enabled
[    2.055718] serial8250: ttyS0 at I/O 0x3f8 (irq = 4) is a 16550A
[    2.055770] serial8250: ttyS1 at I/O 0x2f8 (irq = 3) is a 16550A
[    2.055822] 00:0a: ttyS0 at I/O 0x3f8 (irq = 4) is a 16550A
[    2.055874] 00:0b: ttyS1 at I/O 0x2f8 (irq = 3) is a 16550A
[    2.055926] brd: module loaded
[    2.055978] loop: module loaded
[    2.056030] ata_piix 0000:00:07.1: version 2.13
[    2.056114] scsi0 : ata_piix
[    2.056164] scsi1 : ata_piix
[    2.056186] ata1: PATA max UDMA/33 cmd 0x1f0 ctl 0x3f6 bmdma 0x10c0 irq 14
[    2.056188] ata2: PATA max UDMA/33 cmd 0x170 ctl 0x376 bmdma 0x10c8 irq 15
[    2.056238] PPP generic driver version 2.4.2
[    2.056258] tun: Universal TUN/TAP device driver, 1.6
[    2.056260] tun: (C) 1999-2004 Max Krasnyansky <maxk@qualcomm.com>
[    2.056312] ehci_hcd: USB 2.0 'Enhanced' Host Controller (EHCI) Driver
[    2.056364] ACPI: PCI Interrupt Link [LNKB] enabled at IRQ 11
[    2.056367] PCI: setting IRQ 11 as level-triggered
[    2.056374] ehci_hcd 0000:02:03.0: PCI INT A -> Link[LNKB] -> GSI 11 (level, low) -> IRQ 11
[    2.056415] ehci_hcd 0000:02:03.0: EHCI Host Controller
[    2.056438] ehci_hcd 0000:02:03.0: new USB bus registered, assigned bus number 1
[    2.056490] ehci_hcd 0000:02:03.0: cache line size of 32 is not supported
[    2.056496] ehci_hcd 0000:02:03.0: irq 11, io mem 0xc9000000
[    2.056816] random 0000 0000 0000 00000000 00000000: rand_read_num 3 get_random_bytes(8): sig 00000000 00000000 00000000
[    2.056819] random 0000 0000 0000 00000000 00000000: extract_entropy(.. 8 ..)
[    2.056822] random 0000 0000 0000 00000000 00000000: going to reseed nonblocking with 64 bits (64 of 0 requested)
[    2.056824] random 0000 0000 0000 00000000 00000000: extract_entropy(.. 8 ..)
[    2.056827] random 0000 0000 0000 00000000 00000000: trying to extract 64 bits from input
[    2.056829] random 0000 0000 0000 00000000 00000000: debiting 0 entropy credits from input
[    2.056831] random 0000 0000 0000 00000000 00000000: extract_entropy account returned: 0 
[    2.056834] random 0000 0000 0000 00000000 00000000: urand_change_num 5 xfer_secondary_pool(8): pool_sig 00000000, data_sig 00000000, bytes_mixed 0 00000000 00000000
[    2.056837] random 0000 0000 0000 00000000 00000000: trying to extract 64 bits from nonblocking
[    2.056839] random 0000 0000 0000 00000000 00000000: debiting 64 entropy credits from nonblocking (unlimited)
[    2.056842] random 0000 0000 0000 00000000 00000000: extract_entropy account returned: 8 
[    2.056845] random 0000 0000 0000 00000000 00000000: urand_change_num 6 extract_buf: pool_sig 00000000, data_sig fffffff9, bytes_mixed 20 00000000 00000000
[    2.067699] ehci_hcd 0000:02:03.0: USB 2.0 started, EHCI 1.00
[    2.067751] usb usb1: configuration #1 chosen from 1 choice
[    2.067771] hub 1-0:1.0: USB hub found
[    2.067775] hub 1-0:1.0: 6 ports detected
[    2.067811] ohci_hcd: USB 1.1 'Open' Host Controller (OHCI) Driver
[    2.067823] uhci_hcd: USB Universal Host Controller Interface driver
[    2.067875] ACPI: PCI Interrupt Link [LNKC] enabled at IRQ 10
[    2.067877] PCI: setting IRQ 10 as level-triggered
[    2.067881] uhci_hcd 0000:02:00.0: PCI INT A -> Link[LNKC] -> GSI 10 (level, low) -> IRQ 10
[    2.067915] uhci_hcd 0000:02:00.0: UHCI Host Controller
[    2.067943] uhci_hcd 0000:02:00.0: new USB bus registered, assigned bus number 2
[    2.068046] uhci_hcd 0000:02:00.0: irq 10, io base 0x000020c0
[    2.068098] usb usb2: configuration #1 chosen from 1 choice
[    2.068114] hub 2-0:1.0: USB hub found
[    2.068119] hub 2-0:1.0: 2 ports detected
[    2.068171] usbcore: registered new interface driver libusual
[    2.068199] PNP: PS/2 Controller [PNP0303:KBC,PNP0f13:MOUS] at 0x60,0x64 irq 1,12
[    2.068530] serio: i8042 KBD port at 0x60,0x64 irq 1
[    2.068537] serio: i8042 AUX port at 0x60,0x64 irq 12
[    2.068572] mice: PS/2 mouse device common for all mice
[    2.068624] rtc_cmos 00:04: rtc core: registered rtc_cmos as rtc0
[    2.068639] rtc0: alarms up to one month, y3k, 114 bytes nvram, hpet irqs
[    2.068691] device-mapper: uevent: version 1.0.3
[    2.068807] device-mapper: ioctl: 4.15.0-ioctl (2009-04-01) initialised: dm-devel@redhat.com
[    2.068825] EISA: Probing bus 0 at eisa.0
[    2.068832] Cannot allocate resource for EISA slot 1
[    2.068834] Cannot allocate resource for EISA slot 2
[    2.068836] Cannot allocate resource for EISA slot 3
[    2.068837] Cannot allocate resource for EISA slot 4
[    2.068839] Cannot allocate resource for EISA slot 5
[    2.068841] Cannot allocate resource for EISA slot 6
[    2.068843] Cannot allocate resource for EISA slot 7
[    2.068845] Cannot allocate resource for EISA slot 8
[    2.068847] EISA: Detected 0 cards.
[    2.068892] cpuidle: using governor ladder
[    2.068894] cpuidle: using governor menu
[    2.068946] random 0000 0000 0000 00000000 00000000: rand_read_num 4 get_random_bytes(136): sig 0000021d 00000000 00000000
[    2.068970] random 0000 0000 0000 00000000 00000000: extract_entropy(.. 136 ..)
[    2.068972] random 0000 0000 0000 00000000 00000000: going to reseed nonblocking with 1024 bits (1088 of 0 requested)
[    2.068975] random 0000 0000 0000 00000000 00000000: extract_entropy(.. 128 ..)
[    2.068977] random 0000 0000 0000 00000000 00000000: trying to extract 1024 bits from input
[    2.068979] random 0000 0000 0000 00000000 00000000: debiting 0 entropy credits from input
[    2.068981] random 0000 0000 0000 00000000 00000000: extract_entropy account returned: 0 
[    2.068984] random 0000 0000 0000 00000000 00000000: urand_change_num 7 xfer_secondary_pool(136): pool_sig 0000021d, data_sig 00000000, bytes_mixed 0 00000000 00000000
[    2.068987] random 0000 0000 0000 00000000 00000000: trying to extract 1088 bits from nonblocking
[    2.068989] random 0000 0000 0000 00000000 00000000: debiting 1088 entropy credits from nonblocking (unlimited)
[    2.068991] random 0000 0000 0000 00000000 00000000: extract_entropy account returned: 136 
[    2.068995] random 0000 0000 0000 00000000 00000000: urand_change_num 8 extract_buf: pool_sig 0000021d, data_sig fffffff7, bytes_mixed 20 00000000 00000000
[    2.069000] random 0000 0000 0000 f961ee50 ba9cb1aa: urand_change_num 9 extract_buf: pool_sig 00000230, data_sig fffffeb4, bytes_mixed 20 f961ee50 ba9cb1aa
[    2.069005] random 0000 0000 0000 9748bdd6 56fb8af6: urand_change_num 10 extract_buf: pool_sig 00000373, data_sig 000000cf, bytes_mixed 20 9748bdd6 56fb8af6
[    2.069009] random 0000 0000 0000 9748bdd6 56fb8af6: urand_change_num 11 extract_buf: pool_sig fffffe49, data_sig 0000023f, bytes_mixed 20 9748bdd6 56fb8af6
[    2.069014] random 0000 0000 0000 a135be86 4777650e: urand_change_num 12 extract_buf: pool_sig fffffcce, data_sig 000000c6, bytes_mixed 20 a135be86 4777650e
[    2.069018] random 0000 0000 0000 4a6ea85d 170e00dd: urand_change_num 13 extract_buf: pool_sig ffffff97, data_sig ffffff7d, bytes_mixed 20 4a6ea85d 170e00dd
[    2.069023] random 0000 0000 0000 4a6ea85d 170e00dd: urand_change_num 14 extract_buf: pool_sig 00000160, data_sig fffffeea, bytes_mixed 20 4a6ea85d 170e00dd
[    2.069027] random 0000 0000 0000 6e87c3cb da668c73: urand_change_num 15 extract_buf: pool_sig 0000034f, data_sig ffffff54, bytes_mixed 20 6e87c3cb da668c73
[    2.069031] random 0000 0000 0000 6e87c3cb da668c73: urand_change_num 16 extract_buf: pool_sig fffffdc5, data_sig 00000205, bytes_mixed 20 6e87c3cb da668c73
[    2.069036] random 0000 0000 0000 39f531e6 461eb249: urand_change_num 17 extract_buf: pool_sig fffffc1d, data_sig ffffff5e, bytes_mixed 20 39f531e6 461eb249
[    2.069040] random 0000 0000 0000 7e1538a2 3e661182: urand_change_num 18 extract_buf: pool_sig 000006ef, data_sig ffffff2e, bytes_mixed 20 7e1538a2 3e661182
[    2.069045] random 0000 0000 0000 7e1538a2 3e661182: urand_change_num 19 extract_buf: pool_sig 00000317, data_sig fffffccb, bytes_mixed 20 7e1538a2 3e661182
[    2.069049] random 0000 0000 0000 76af506b 9b57305e: urand_change_num 20 extract_buf: pool_sig 00000227, data_sig ffffffd2, bytes_mixed 20 76af506b 9b57305e
[    2.069054] random 0000 0000 0000 37d49d89 e20417cc: urand_change_num 21 extract_buf: pool_sig 0000080b, data_sig 000001e9, bytes_mixed 20 37d49d89 e20417cc
[    2.069058] TCP cubic registered
[    2.069110] NET: Registered protocol family 10
[    2.069145] RANDOM - __random32 called. Change num 12.  Value: 8f3eba68	c1db9b96	544fe79f
[    2.069147] RANDOM - random32 called.  Value: 8f3eba68	c1db9b96	544fe79f
[    2.069156] random 0000 0000 0000 37d49d89 e20417cc: rand_read_num 5 get_random_bytes(4): sig 00000298 37d49d89 e20417cc
[    2.069158] random 0000 0000 0000 37d49d89 e20417cc: extract_entropy(.. 4 ..)
[    2.069161] random 0000 0000 0000 37d49d89 e20417cc: going to reseed nonblocking with 64 bits (32 of 0 requested)
[    2.069163] random 0000 0000 0000 37d49d89 e20417cc: extract_entropy(.. 8 ..)
[    2.069165] random 0000 0000 0000 37d49d89 e20417cc: trying to extract 64 bits from input
[    2.069167] random 0000 0000 0000 37d49d89 e20417cc: debiting 0 entropy credits from input
[    2.069169] random 0000 0000 0000 37d49d89 e20417cc: extract_entropy account returned: 0 
[    2.069172] random 0000 0000 0000 37d49d89 e20417cc: urand_change_num 22 xfer_secondary_pool(4): pool_sig 00000298, data_sig 00000000, bytes_mixed 0 37d49d89 e20417cc
[    2.069175] random 0000 0000 0000 37d49d89 e20417cc: trying to extract 32 bits from nonblocking
[    2.069178] random 0000 0000 0000 37d49d89 e20417cc: debiting 32 entropy credits from nonblocking (unlimited)
[    2.069180] random 0000 0000 0000 37d49d89 e20417cc: extract_entropy account returned: 4 
[    2.069183] random 0000 0000 0000 37d49d89 e20417cc: urand_change_num 23 extract_buf: pool_sig 00000298, data_sig 00000092, bytes_mixed 20 37d49d89 e20417cc
[    2.069235] RANDOM - __random32 called. Change num 13.  Value: eba68b0e	1db9b963	cf3ec61b
[    2.069237] RANDOM - random32 called.  Value: eba68b0e	1db9b963	cf3ec61b
[    2.069289] NET: Registered protocol family 17
[    2.069311] Using IPI No-Shortcut mode
[    2.069316] random 0000 0000 0000 2ee4c4fc 167bdb15: rand_read_num 6 get_random_bytes(8): sig fffffcbf 2ee4c4fc 167bdb15
[    2.069319] random 0000 0000 0000 2ee4c4fc 167bdb15: extract_entropy(.. 8 ..)
[    2.069321] random 0000 0000 0000 2ee4c4fc 167bdb15: going to reseed nonblocking with 64 bits (64 of 0 requested)
[    2.069323] random 0000 0000 0000 2ee4c4fc 167bdb15: extract_entropy(.. 8 ..)
[    2.069325] random 0000 0000 0000 2ee4c4fc 167bdb15: trying to extract 64 bits from input
[    2.069328] random 0000 0000 0000 2ee4c4fc 167bdb15: debiting 0 entropy credits from input
[    2.069330] random 0000 0000 0000 2ee4c4fc 167bdb15: extract_entropy account returned: 0 
[    2.069333] random 0000 0000 0000 2ee4c4fc 167bdb15: urand_change_num 24 xfer_secondary_pool(8): pool_sig fffffcbf, data_sig 00000000, bytes_mixed 0 2ee4c4fc 167bdb15
[    2.069335] random 0000 0000 0000 2ee4c4fc 167bdb15: trying to extract 64 bits from nonblocking
[    2.069338] random 0000 0000 0000 2ee4c4fc 167bdb15: debiting 64 entropy credits from nonblocking (unlimited)
[    2.069340] random 0000 0000 0000 2ee4c4fc 167bdb15: extract_entropy account returned: 8 
[    2.069343] random 0000 0000 0000 2ee4c4fc 167bdb15: urand_change_num 25 extract_buf: pool_sig fffffcbf, data_sig ffffff83, bytes_mixed 20 2ee4c4fc 167bdb15
[    2.069384] PM: Resume from disk failed.
[    2.069392] registered taskstats version 1
[    2.069395] random 0000 0000 0000 2ee4c4fc 167bdb15: rand_read_num 7 get_random_bytes(12): sig fffffc69 2ee4c4fc 167bdb15
[    2.069397] random 0000 0000 0000 2ee4c4fc 167bdb15: extract_entropy(.. 12 ..)
[    2.069399] random 0000 0000 0000 2ee4c4fc 167bdb15: going to reseed nonblocking with 96 bits (96 of 0 requested)
[    2.069401] random 0000 0000 0000 2ee4c4fc 167bdb15: extract_entropy(.. 12 ..)
[    2.069404] random 0000 0000 0000 2ee4c4fc 167bdb15: trying to extract 96 bits from input
[    2.069406] random 0000 0000 0000 2ee4c4fc 167bdb15: debiting 0 entropy credits from input
[    2.069408] random 0000 0000 0000 2ee4c4fc 167bdb15: extract_entropy account returned: 0 
[    2.069411] random 0000 0000 0000 2ee4c4fc 167bdb15: urand_change_num 26 xfer_secondary_pool(12): pool_sig fffffc69, data_sig 00000000, bytes_mixed 0 2ee4c4fc 167bdb15
[    2.069414] random 0000 0000 0000 2ee4c4fc 167bdb15: trying to extract 96 bits from nonblocking
[    2.069416] random 0000 0000 0000 2ee4c4fc 167bdb15: debiting 96 entropy credits from nonblocking (unlimited)
[    2.069418] random 0000 0000 0000 2ee4c4fc 167bdb15: extract_entropy account returned: 12 
[    2.069421] random 0000 0000 0000 2ee4c4fc 167bdb15: urand_change_num 27 extract_buf: pool_sig fffffc69, data_sig ffffff7d, bytes_mixed 20 2ee4c4fc 167bdb15
[    2.069426] random 0000 0000 0000 83b7c1ab 94697f48: urand_change_num 28 extract_buf: pool_sig fffffe30, data_sig fffffdd6, bytes_mixed 20 83b7c1ab 94697f48
[    2.069429] RANDOM - __seed init called.
[    2.069430] RANDOM - __seed init called.
[    2.069431] RANDOM - __seed init called.
[    2.069433] RANDOM - __random32 called. Change num 14.  Value: fc007995	feca4f80	21b38ad2
[    2.069435] RANDOM - random32_reseed called.  Value: fc007995	feca4f80	21b38ad2
[    2.069438] Pid: 1, comm: swapper Not tainted 2.6.32.57 #4
[    2.069439] Call Trace:
[    2.069445]  [<c14a8a0e>] ? printk+0x1d/0x1f
[    2.069450]  [<c17537e5>] random32_reseed+0x89/0xbd
[    2.069454]  [<c1003042>] do_one_initcall+0x32/0x1a0
[    2.069457]  [<c175375c>] ? random32_reseed+0x0/0xbd
[    2.069460]  [<c17308e7>] kernel_init+0x12d/0x17a
[    2.069462]  [<c17307ba>] ? kernel_init+0x0/0x17a
[    2.069466]  [<c1009b07>] kernel_thread_helper+0x7/0x10
[    2.072178] input: AT Translated Set 2 keyboard as /devices/platform/i8042/serio0/input/input1
[    2.072455] random 0000 0000 0000 6db70b00 b30ce96b: rand_read_num 8 get_random_bytes(64): sig fffffb38 6db70b00 b30ce96b
[    2.072458] random 0000 0000 0000 6db70b00 b30ce96b: extract_entropy(.. 64 ..)
[    2.072460] random 0000 0000 0000 6db70b00 b30ce96b: going to reseed nonblocking with 512 bits (512 of 0 requested)
[    2.072463] random 0000 0000 0000 6db70b00 b30ce96b: extract_entropy(.. 64 ..)
[    2.072465] random 0000 0000 0000 6db70b00 b30ce96b: trying to extract 512 bits from input
[    2.072467] random 0000 0000 0000 6db70b00 b30ce96b: debiting 0 entropy credits from input
[    2.072469] random 0000 0000 0000 6db70b00 b30ce96b: extract_entropy account returned: 0 
[    2.072472] random 0000 0000 0000 6db70b00 b30ce96b: urand_change_num 29 xfer_secondary_pool(64): pool_sig fffffb38, data_sig 00000000, bytes_mixed 0 6db70b00 b30ce96b
[    2.072475] random 0000 0000 0000 6db70b00 b30ce96b: trying to extract 512 bits from nonblocking
[    2.072477] random 0000 0000 0000 6db70b00 b30ce96b: debiting 512 entropy credits from nonblocking (unlimited)
[    2.072479] random 0000 0000 0000 6db70b00 b30ce96b: extract_entropy account returned: 64 
[    2.072483] random 0000 0000 0000 6db70b00 b30ce96b: urand_change_num 30 extract_buf: pool_sig fffffb38, data_sig 00000151, bytes_mixed 20 6db70b00 b30ce96b
[    2.072487] random 0000 0000 0000 6db70b00 b30ce96b: urand_change_num 31 extract_buf: pool_sig fffffdb8, data_sig 00000379, bytes_mixed 20 6db70b00 b30ce96b
[    2.072492] random 0000 0000 0000 6b83001e d4b6c0d3: urand_change_num 32 extract_buf: pool_sig ffffffc9, data_sig 00000198, bytes_mixed 20 6b83001e d4b6c0d3
[    2.072496] random 0000 0000 0000 79d3e3c7 be564518: urand_change_num 33 extract_buf: pool_sig 000002b9, data_sig ffffff84, bytes_mixed 20 79d3e3c7 be564518
[    2.072501] random 0000 0000 0000 79d3e3c7 be564518: urand_change_num 34 extract_buf: pool_sig ffffff55, data_sig ffffff5a, bytes_mixed 20 79d3e3c7 be564518
[    2.072505] random 0000 0000 0000 89c03cb2 0d353228: urand_change_num 35 extract_buf: pool_sig 00000007, data_sig ffffff17, bytes_mixed 20 89c03cb2 0d353228
[    2.072510] random 0000 0000 0000 89c03cb2 0d353228: urand_change_num 36 extract_buf: pool_sig fffffdae, data_sig 000000db, bytes_mixed 20 89c03cb2 0d353228  Magic number: 13:365:905
[    2.072602] rtc_cmos 00:04: setting system clock to 2013-05-24 21:51:05 UTC (1369432265)
[    2.072605] BIOS EDD facility v0.16 2004-Jun-25, 0 devices found
[    2.072607] EDD information not available.
[    2.072630] random 0000 0000 0000 8ca62387 b120332c: rand_read_num 9 get_random_bytes(64): sig fffffed6 8ca62387 b120332c
[    2.072633] random 0000 0000 0000 8ca62387 b120332c: extract_entropy(.. 64 ..)
[    2.072635] random 0000 0000 0000 8ca62387 b120332c: going to reseed nonblocking with 512 bits (512 of 0 requested)
[    2.072637] random 0000 0000 0000 8ca62387 b120332c: extract_entropy(.. 64 ..)
[    2.072639] random 0000 0000 0000 8ca62387 b120332c: trying to extract 512 bits from input
[    2.072642] random 0000 0000 0000 8ca62387 b120332c: debiting 0 entropy credits from input
[    2.072644] random 0000 0000 0000 8ca62387 b120332c: extract_entropy account returned: 0 
[    2.072647] random 0000 0000 0000 8ca62387 b120332c: urand_change_num 37 xfer_secondary_pool(64): pool_sig fffffed6, data_sig 00000000, bytes_mixed 0 8ca62387 b120332c
[    2.072649] random 0000 0000 0000 8ca62387 b120332c: trying to extract 512 bits from nonblocking
[    2.072652] random 0000 0000 0000 8ca62387 b120332c: debiting 512 entropy credits from nonblocking (unlimited)
[    2.072654] random 0000 0000 0000 8ca62387 b120332c: extract_entropy account returned: 64 
[    2.072657] random 0000 0000 0000 8ca62387 b120332c: urand_change_num 38 extract_buf: pool_sig fffffed6, data_sig fffffeb6, bytes_mixed 20 8ca62387 b120332c
[    2.072662] random 0000 0000 0000 90702413 e2a66c2e: urand_change_num 39 extract_buf: pool_sig fffffbb0, data_sig 0000012e, bytes_mixed 20 90702413 e2a66c2e
[    2.072666] random 0000 0000 0000 90702413 e2a66c2e: urand_change_num 40 extract_buf: pool_sig fffffaf1, data_sig ffffff3c, bytes_mixed 20 90702413 e2a66c2e
[    2.072670] random 0000 0000 0000 3f58038b c77aecb6: urand_change_num 41 extract_buf: pool_sig 00000234, data_sig fffffdec, bytes_mixed 20 3f58038b c77aecb6
[    2.072675] random 0000 0000 0000 47187b9d 03f21510: urand_change_num 42 extract_buf: pool_sig 00000192, data_sig 00000075, bytes_mixed 20 47187b9d 03f21510
[    2.072679] random 0000 0000 0000 47187b9d 03f21510: urand_change_num 43 extract_buf: pool_sig 0000018e, data_sig ffffffbf, bytes_mixed 20 47187b9d 03f21510
[    2.072684] random 0000 0000 0000 3180b1fc 0fa9c973: urand_change_num 44 extract_buf: pool_sig fffffecf, data_sig ffffff2a, bytes_mixed 20 3180b1fc 0fa9c973
[    2.072687] BEGIN NET_SECRET:
[    2.072688] \xffffff87
[    2.072689] \xffffff8d
[    2.072690] \xfffffff4
[    2.072691] \xffffffae
[    2.072693] \xffffffc3
[    2.072694] \xffffffb7
[    2.072695] \x31
[    2.072696] \x65
[    2.072697] \xffffffda
[    2.072698] \xffffffa2
[    2.072699] \x31
[    2.072701] \xffffffc8
[    2.072702] \xffffffa9
[    2.072703] \x76
[    2.072704] \x76
[    2.072705] \xffffff90
[    2.072706] \x55
[    2.072707] \xfffffff3
[    2.072709] \xffffffb1
[    2.072710] \x3
[    2.072711] \xffffffb3
[    2.072712] \xffffffa7
[    2.072713] \x5a
[    2.072714] \x71
[    2.072715] \x70
[    2.072717] \xffffff8c
[    2.072718] \x56
[    2.072719] \x25
[    2.072720] \xffffffe1
[    2.072721] \x4c
[    2.072722] \xffffffe6
[    2.072723] \xffffff95
[    2.072725] \x67
[    2.072726] \x4c
[    2.072727] \xffffffb9
[    2.072728] \x1d
[    2.072729] \xe
[    2.072730] \x34
[    2.072731] \xffffffbe
[    2.072732] \x12
[    2.072734] \x5
[    2.072735] \xffffff98
[    2.072736] \xffffffa0
[    2.072737] \xf
[    2.072738] \xffffffb2
[    2.072739] \xffffffde
[    2.072740] \xffffff99
[    2.072742] \xf
[    2.072743] \xffffffe8
[    2.072744] \xffffffc8
[    2.072745] \x1f
[    2.072746] \x54
[    2.072747] \x2c
[    2.072748] \xffffffee
[    2.072750] \x2e
[    2.072751] \x0
[    2.072752] \xffffff95
[    2.072753] \x0
[    2.072754] \xffffffe3
[    2.072755] \xffffffa7
[    2.072756] \xfffffffd
[    2.072758] \x66
[    2.072759] \xffffff92
[    2.072760] \xfffffff0
[    2.072761] 
[    2.072762] END NET_SECRET
[    2.072764] random 0000 0000 0000 3180b1fc 0fa9c973: rand_read_num 10 get_random_bytes(4): sig ffffff46 3180b1fc 0fa9c973
[    2.072767] random 0000 0000 0000 3180b1fc 0fa9c973: extract_entropy(.. 4 ..)
[    2.072769] random 0000 0000 0000 3180b1fc 0fa9c973: going to reseed nonblocking with 64 bits (32 of 0 requested)
[    2.072771] random 0000 0000 0000 3180b1fc 0fa9c973: extract_entropy(.. 8 ..)
[    2.072773] random 0000 0000 0000 3180b1fc 0fa9c973: trying to extract 64 bits from input
[    2.072776] random 0000 0000 0000 3180b1fc 0fa9c973: debiting 0 entropy credits from input
[    2.072778] random 0000 0000 0000 3180b1fc 0fa9c973: extract_entropy account returned: 0 
[    2.072781] random 0000 0000 0000 3180b1fc 0fa9c973: urand_change_num 45 xfer_secondary_pool(4): pool_sig ffffff46, data_sig 00000000, bytes_mixed 0 3180b1fc 0fa9c973
[    2.072783] random 0000 0000 0000 3180b1fc 0fa9c973: trying to extract 32 bits from nonblocking
[    2.072786] random 0000 0000 0000 3180b1fc 0fa9c973: debiting 32 entropy credits from nonblocking (unlimited)
[    2.072788] random 0000 0000 0000 3180b1fc 0fa9c973: extract_entropy account returned: 4 
[    2.072791] random 0000 0000 0000 3180b1fc 0fa9c973: urand_change_num 46 extract_buf: pool_sig ffffff46, data_sig 0000001b, bytes_mixed 20 3180b1fc 0fa9c973
[    2.245494] ata2.00: ATAPI: VMware Virtual IDE CDROM Drive, 00000001, max UDMA/33
[    2.245774] ata2.00: configured for UDMA/33
[    2.246156] scsi 1:0:0:0: CD-ROM            NECVMWar VMware IDE CDR10 1.00 PQ: 0 ANSI: 5
[    2.247429] sr0: scsi3-mmc drive: 306x/306x cd/rw xa/form2 cdda tray
[    2.247433] Uniform CD-ROM driver Revision: 3.20
[    2.247485] sr 1:0:0:0: Attached scsi CD-ROM sr0
[    2.247523] sr 1:0:0:0: Attached scsi generic sg0 type 5
[    2.247561] Freeing unused kernel memory: 652k freed
[    2.247613] Write protecting the kernel text: 4840k
[    2.247643] Write protecting the kernel read-only data: 1968k
[    2.247729] random 0000 0000 0000 38974d2b 1d8d6de0: rand_read_num 11 get_random_bytes(16): sig 000001c6 38974d2b 1d8d6de0
