[    0.000000] random 0000 0000 0000 00000000 00000000: rand_read_num 1 get_random_bytes(8): sig 00000000 00000000 00000000
[    0.000000] random 0000 0000 0000 00000000 00000000: extract_entropy(.. 8 ..)
[    0.000000] random 0000 0000 0000 00000000 00000000: going to reseed nonblocking with 64 bits (64 of 0 requested)
[    0.000000] random 0000 0000 0000 00000000 00000000: extract_entropy(.. 8 ..)
[    0.000000] random 0000 0000 0000 00000000 00000000: trying to extract 64 bits from input
[    0.000000] random 0000 0000 0000 00000000 00000000: debiting 0 entropy credits from input
[    0.000000] random 0000 0000 0000 00000000 00000000: extract_entropy account returned: 0 
[    0.000000] random 0000 0000 0000 00000000 00000000: urand_change_num 1 xfer_secondary_pool(8): pool_sig 00000000, data_sig 00000000, bytes_mixed 0 00000000 00000000
[    0.000000] random 0000 0000 0000 00000000 00000000: trying to extract 64 bits from nonblocking
[    0.000000] random 0000 0000 0000 00000000 00000000: debiting 64 entropy credits from nonblocking (unlimited)
[    0.000000] random 0000 0000 0000 00000000 00000000: extract_entropy account returned: 8 
[    0.000000] random 0000 0000 0000 00000000 00000000: urand_change_num 2 extract_buf: pool_sig 00000000, data_sig fffffff9, bytes_mixed 20 00000000 00000000
[    0.000000] Initializing cgroup subsys cpuset
[    0.000000] Initializing cgroup subsys cpu
[    0.000000] Linux version 2.6.32.57 (dcashman@ubuntu) (gcc version 4.6.3 (Ubuntu/Linaro 4.6.3-1ubuntu5) ) #4 SMP Fri May 24 11:09:26 PDT 2013
[    0.000000] KERNEL supported cpus:
[    0.000000]   Intel GenuineIntel
[    0.000000]   AMD AuthenticAMD
[    0.000000]   NSC Geode by NSC
[    0.000000]   Cyrix CyrixInstead
[    0.000000]   Centaur CentaurHauls
[    0.000000]   Transmeta GenuineTMx86
[    0.000000]   Transmeta TransmetaCPU
[    0.000000]   UMC UMC UMC UMC
[    0.000000] BIOS-provided physical RAM map:
[    0.000000]  BIOS-e820: 0000000000000000 - 000000000009f000 (usable)
[    0.000000]  BIOS-e820: 000000000009f000 - 00000000000a0000 (reserved)
[    0.000000]  BIOS-e820: 00000000000ca000 - 00000000000cc000 (reserved)
[    0.000000]  BIOS-e820: 00000000000dc000 - 0000000000100000 (reserved)
[    0.000000]  BIOS-e820: 0000000000100000 - 000000003fee0000 (usable)
[    0.000000]  BIOS-e820: 000000003fee0000 - 000000003feff000 (ACPI data)
[    0.000000]  BIOS-e820: 000000003feff000 - 000000003ff00000 (ACPI NVS)
[    0.000000]  BIOS-e820: 000000003ff00000 - 0000000040000000 (usable)
[    0.000000]  BIOS-e820: 00000000e0000000 - 00000000f0000000 (reserved)
[    0.000000]  BIOS-e820: 00000000fec00000 - 00000000fec10000 (reserved)
[    0.000000]  BIOS-e820: 00000000fee00000 - 00000000fee01000 (reserved)
[    0.000000]  BIOS-e820: 00000000fffe0000 - 0000000100000000 (reserved)
[    0.000000] DMI present.
[    0.000000] Phoenix BIOS detected: BIOS may corrupt low RAM, working around it.
[    0.000000] e820 update range: 0000000000000000 - 0000000000010000 (usable) ==> (reserved)
[    0.000000] last_pfn = 0x40000 max_arch_pfn = 0x1000000
[    0.000000] MTRR default type: uncachable
[    0.000000] MTRR fixed ranges enabled:
[    0.000000]   00000-9FFFF write-back
[    0.000000]   A0000-BFFFF uncachable
[    0.000000]   C0000-CBFFF write-protect
[    0.000000]   CC000-EFFFF uncachable
[    0.000000]   F0000-FFFFF write-protect
[    0.000000] MTRR variable ranges enabled:
[    0.000000]   0 base 0000000000 mask FFC0000000 write-back
[    0.000000]   1 disabled
[    0.000000]   2 disabled
[    0.000000]   3 disabled
[    0.000000]   4 disabled
[    0.000000]   5 disabled
[    0.000000]   6 disabled
[    0.000000]   7 disabled
[    0.000000] x86 PAT enabled: cpu 0, old 0x0, new 0x7010600070106
[    0.000000] Scanning 0 areas for low memory corruption
[    0.000000] modified physical RAM map:
[    0.000000]  modified: 0000000000000000 - 0000000000010000 (reserved)
[    0.000000]  modified: 0000000000010000 - 000000000009f000 (usable)
[    0.000000]  modified: 000000000009f000 - 00000000000a0000 (reserved)
[    0.000000]  modified: 00000000000ca000 - 00000000000cc000 (reserved)
[    0.000000]  modified: 00000000000dc000 - 0000000000100000 (reserved)
[    0.000000]  modified: 0000000000100000 - 000000003fee0000 (usable)
[    0.000000]  modified: 000000003fee0000 - 000000003feff000 (ACPI data)
[    0.000000]  modified: 000000003feff000 - 000000003ff00000 (ACPI NVS)
[    0.000000]  modified: 000000003ff00000 - 0000000040000000 (usable)
[    0.000000]  modified: 00000000e0000000 - 00000000f0000000 (reserved)
[    0.000000]  modified: 00000000fec00000 - 00000000fec10000 (reserved)
[    0.000000]  modified: 00000000fee00000 - 00000000fee01000 (reserved)
[    0.000000]  modified: 00000000fffe0000 - 0000000100000000 (reserved)
[    0.000000] initial memory mapped : 0 - 01e00000
[    0.000000] init_memory_mapping: 0000000000000000-00000000379fe000
[    0.000000] NX (Execute Disable) protection: active
[    0.000000]  0000000000 - 0000200000 page 4k
[    0.000000]  0000200000 - 0037800000 page 2M
[    0.000000]  0037800000 - 00379fe000 page 4k
[    0.000000] kernel direct mapping tables up to 379fe000 @ 10000-16000
[    0.000000] RAMDISK: 2dcfc000 - 32e758c3
[    0.000000] ACPI: RSDP 000f6b80 00024 (v02 PTLTD )
[    0.000000] ACPI: XSDT 3feed636 0005C (v01 INTEL  440BX    06040000 VMW  01324272)
[    0.000000] ACPI: FACP 3fefee98 000F4 (v04 INTEL  440BX    06040000 PTL  000F4240)
[    0.000000] ACPI: DSDT 3feee366 10B32 (v01 PTLTD  Custom   06040000 MSFT 03000001)
[    0.000000] ACPI: FACS 3fefffc0 00040
[    0.000000] ACPI: BOOT 3feee33e 00028 (v01 PTLTD  $SBFTBL$ 06040000  LTP 00000001)
[    0.000000] ACPI: APIC 3feedc3e 003C2 (v01 PTLTD  ? APIC   06040000  LTP 00000000)
[    0.000000] ACPI: MCFG 3feedc02 0003C (v01 PTLTD  $PCITBL$ 06040000  LTP 00000001)
[    0.000000] ACPI: SRAT 3feed732 004D0 (v02 VMWARE MEMPLUG  06040000 VMW  00000001)
[    0.000000] ACPI: HPET 3feed6fa 00038 (v01 VMWARE VMW HPET 06040000 VMW  00000001)
[    0.000000] ACPI: WAET 3feed6d2 00028 (v01 VMWARE VMW WAET 06040000 VMW  00000001)
[    0.000000] ACPI: Local APIC address 0xfee00000
[    0.000000] 134MB HIGHMEM available.
[    0.000000] 889MB LOWMEM available.
[    0.000000]   mapped low ram: 0 - 379fe000
[    0.000000]   low ram: 0 - 379fe000
[    0.000000]   node 0 low ram: 00000000 - 379fe000
[    0.000000]   node 0 bootmap 00012000 - 00018f40
[    0.000000] (9 early reservations) ==> bootmem [0000000000 - 00379fe000]
[    0.000000]   #0 [0000000000 - 0000001000]   BIOS data page ==> [0000000000 - 0000001000]
[    0.000000]   #1 [0000001000 - 0000002000]    EX TRAMPOLINE ==> [0000001000 - 0000002000]
[    0.000000]   #2 [0000006000 - 0000007000]       TRAMPOLINE ==> [0000006000 - 0000007000]
[    0.000000]   #3 [0001000000 - 0001a75ff8]    TEXT DATA BSS ==> [0001000000 - 0001a75ff8]
[    0.000000]   #4 [002dcfc000 - 0032e758c3]          RAMDISK ==> [002dcfc000 - 0032e758c3]
[    0.000000]   #5 [000009f000 - 0000100000]    BIOS reserved ==> [000009f000 - 0000100000]
[    0.000000]   #6 [0001a76000 - 0001a851c0]              BRK ==> [0001a76000 - 0001a851c0]
[    0.000000]   #7 [0000010000 - 0000012000]          PGTABLE ==> [0000010000 - 0000012000]
[    0.000000]   #8 [0000012000 - 0000019000]          BOOTMAP ==> [0000012000 - 0000019000]
[    0.000000] found SMP MP-table at [c00f6bf0] f6bf0
[    0.000000] Zone PFN ranges:
[    0.000000]   DMA      0x00000010 -> 0x00001000
[    0.000000]   Normal   0x00001000 -> 0x000379fe
[    0.000000]   HighMem  0x000379fe -> 0x00040000
[    0.000000] Movable zone start PFN for each node
[    0.000000] early_node_map[3] active PFN ranges
[    0.000000]     0: 0x00000010 -> 0x0000009f
[    0.000000]     0: 0x00000100 -> 0x0003fee0
[    0.000000]     0: 0x0003ff00 -> 0x00040000
[    0.000000] On node 0 totalpages: 261999
[    0.000000] free_area_init_node: node 0, pgdat c1715200, node_mem_map c1a87200
[    0.000000]   DMA zone: 32 pages used for memmap
[    0.000000]   DMA zone: 0 pages reserved
[    0.000000]   DMA zone: 3951 pages, LIFO batch:0
[    0.000000]   Normal zone: 1748 pages used for memmap
[    0.000000]   Normal zone: 221994 pages, LIFO batch:31
[    0.000000]   HighMem zone: 269 pages used for memmap
[    0.000000]   HighMem zone: 34005 pages, LIFO batch:7
[    0.000000] Using APIC driver default
[    0.000000] ACPI: PM-Timer IO Port: 0x1008
[    0.000000] ACPI: Local APIC address 0xfee00000
[    0.000000] ACPI: LAPIC (acpi_id[0x00] lapic_id[0x00] enabled)
[    0.000000] ACPI: LAPIC (acpi_id[0x01] lapic_id[0x02] disabled)
[    0.000000] ACPI: LAPIC (acpi_id[0x02] lapic_id[0x04] disabled)
[    0.000000] ACPI: LAPIC (acpi_id[0x03] lapic_id[0x06] disabled)
[    0.000000] ACPI: LAPIC (acpi_id[0x04] lapic_id[0x08] disabled)
[    0.000000] ACPI: LAPIC (acpi_id[0x05] lapic_id[0x0a] disabled)
[    0.000000] ACPI: LAPIC (acpi_id[0x06] lapic_id[0x0c] disabled)
[    0.000000] ACPI: LAPIC (acpi_id[0x07] lapic_id[0x0e] disabled)
[    0.000000] ACPI: LAPIC (acpi_id[0x08] lapic_id[0x10] disabled)
[    0.000000] ACPI: LAPIC (acpi_id[0x09] lapic_id[0x12] disabled)
[    0.000000] ACPI: LAPIC (acpi_id[0x0a] lapic_id[0x14] disabled)
[    0.000000] ACPI: LAPIC (acpi_id[0x0b] lapic_id[0x16] disabled)
[    0.000000] ACPI: LAPIC (acpi_id[0x0c] lapic_id[0x18] disabled)
[    0.000000] ACPI: LAPIC (acpi_id[0x0d] lapic_id[0x1a] disabled)
[    0.000000] ACPI: LAPIC (acpi_id[0x0e] lapic_id[0x1c] disabled)
[    0.000000] ACPI: LAPIC (acpi_id[0x0f] lapic_id[0x1e] disabled)
[    0.000000] ACPI: LAPIC (acpi_id[0x10] lapic_id[0x20] disabled)
[    0.000000] ACPI: LAPIC (acpi_id[0x11] lapic_id[0x22] disabled)
[    0.000000] ACPI: LAPIC (acpi_id[0x12] lapic_id[0x24] disabled)
[    0.000000] ACPI: LAPIC (acpi_id[0x13] lapic_id[0x26] disabled)
[    0.000000] ACPI: LAPIC (acpi_id[0x14] lapic_id[0x28] disabled)
[    0.000000] ACPI: LAPIC (acpi_id[0x15] lapic_id[0x2a] disabled)
[    0.000000] ACPI: LAPIC (acpi_id[0x16] lapic_id[0x2c] disabled)
[    0.000000] ACPI: LAPIC (acpi_id[0x17] lapic_id[0x2e] disabled)
[    0.000000] ACPI: LAPIC (acpi_id[0x18] lapic_id[0x30] disabled)
[    0.000000] ACPI: LAPIC (acpi_id[0x19] lapic_id[0x32] disabled)
[    0.000000] ACPI: LAPIC (acpi_id[0x1a] lapic_id[0x34] disabled)
[    0.000000] ACPI: LAPIC (acpi_id[0x1b] lapic_id[0x36] disabled)
[    0.000000] ACPI: LAPIC (acpi_id[0x1c] lapic_id[0x38] disabled)
[    0.000000] ACPI: LAPIC (acpi_id[0x1d] lapic_id[0x3a] disabled)
[    0.000000] ACPI: LAPIC (acpi_id[0x1e] lapic_id[0x3c] disabled)
[    0.000000] ACPI: LAPIC (acpi_id[0x1f] lapic_id[0x3e] disabled)
[    0.000000] ACPI: LAPIC (acpi_id[0x20] lapic_id[0x40] disabled)
[    0.000000] ACPI: LAPIC (acpi_id[0x21] lapic_id[0x42] disabled)
[    0.000000] ACPI: LAPIC (acpi_id[0x22] lapic_id[0x44] disabled)
[    0.000000] ACPI: LAPIC (acpi_id[0x23] lapic_id[0x46] disabled)
[    0.000000] ACPI: LAPIC (acpi_id[0x24] lapic_id[0x48] disabled)
[    0.000000] ACPI: LAPIC (acpi_id[0x25] lapic_id[0x4a] disabled)
[    0.000000] ACPI: LAPIC (acpi_id[0x26] lapic_id[0x4c] disabled)
[    0.000000] ACPI: LAPIC (acpi_id[0x27] lapic_id[0x4e] disabled)
[    0.000000] ACPI: LAPIC (acpi_id[0x28] lapic_id[0x50] disabled)
[    0.000000] ACPI: LAPIC (acpi_id[0x29] lapic_id[0x52] disabled)
[    0.000000] ACPI: LAPIC (acpi_id[0x2a] lapic_id[0x54] disabled)
[    0.000000] ACPI: LAPIC (acpi_id[0x2b] lapic_id[0x56] disabled)
[    0.000000] ACPI: LAPIC (acpi_id[0x2c] lapic_id[0x58] disabled)
[    0.000000] ACPI: LAPIC (acpi_id[0x2d] lapic_id[0x5a] disabled)
[    0.000000] ACPI: LAPIC (acpi_id[0x2e] lapic_id[0x5c] disabled)
[    0.000000] ACPI: LAPIC (acpi_id[0x2f] lapic_id[0x5e] disabled)
[    0.000000] ACPI: LAPIC (acpi_id[0x30] lapic_id[0x60] disabled)
[    0.000000] ACPI: LAPIC (acpi_id[0x31] lapic_id[0x62] disabled)
[    0.000000] ACPI: LAPIC (acpi_id[0x32] lapic_id[0x64] disabled)
[    0.000000] ACPI: LAPIC (acpi_id[0x33] lapic_id[0x66] disabled)
[    0.000000] ACPI: LAPIC (acpi_id[0x34] lapic_id[0x68] disabled)
[    0.000000] ACPI: LAPIC (acpi_id[0x35] lapic_id[0x6a] disabled)
[    0.000000] ACPI: LAPIC (acpi_id[0x36] lapic_id[0x6c] disabled)
[    0.000000] ACPI: LAPIC (acpi_id[0x37] lapic_id[0x6e] disabled)
[    0.000000] ACPI: LAPIC (acpi_id[0x38] lapic_id[0x70] disabled)
[    0.000000] ACPI: LAPIC (acpi_id[0x39] lapic_id[0x72] disabled)
[    0.000000] ACPI: LAPIC (acpi_id[0x3a] lapic_id[0x74] disabled)
[    0.000000] ACPI: LAPIC (acpi_id[0x3b] lapic_id[0x76] disabled)
[    0.000000] ACPI: LAPIC (acpi_id[0x3c] lapic_id[0x78] disabled)
[    0.000000] ACPI: LAPIC (acpi_id[0x3d] lapic_id[0x7a] disabled)
[    0.000000] ACPI: LAPIC (acpi_id[0x3e] lapic_id[0x7c] disabled)
[    0.000000] ACPI: LAPIC (acpi_id[0x3f] lapic_id[0x7e] disabled)
[    0.000000] ACPI: LAPIC_NMI (acpi_id[0x00] high edge lint[0x1])
[    0.000000] ACPI: LAPIC_NMI (acpi_id[0x01] high edge lint[0x1])
[    0.000000] ACPI: LAPIC_NMI (acpi_id[0x02] high edge lint[0x1])
[    0.000000] ACPI: LAPIC_NMI (acpi_id[0x03] high edge lint[0x1])
[    0.000000] ACPI: LAPIC_NMI (acpi_id[0x04] high edge lint[0x1])
[    0.000000] ACPI: LAPIC_NMI (acpi_id[0x05] high edge lint[0x1])
[    0.000000] ACPI: LAPIC_NMI (acpi_id[0x06] high edge lint[0x1])
[    0.000000] ACPI: LAPIC_NMI (acpi_id[0x07] high edge lint[0x1])
[    0.000000] ACPI: LAPIC_NMI (acpi_id[0x08] high edge lint[0x1])
[    0.000000] ACPI: LAPIC_NMI (acpi_id[0x09] high edge lint[0x1])
[    0.000000] ACPI: LAPIC_NMI (acpi_id[0x0a] high edge lint[0x1])
[    0.000000] ACPI: LAPIC_NMI (acpi_id[0x0b] high edge lint[0x1])
[    0.000000] ACPI: LAPIC_NMI (acpi_id[0x0c] high edge lint[0x1])
[    0.000000] ACPI: LAPIC_NMI (acpi_id[0x0d] high edge lint[0x1])
[    0.000000] ACPI: LAPIC_NMI (acpi_id[0x0e] high edge lint[0x1])
[    0.000000] ACPI: LAPIC_NMI (acpi_id[0x0f] high edge lint[0x1])
[    0.000000] ACPI: LAPIC_NMI (acpi_id[0x10] high edge lint[0x1])
[    0.000000] ACPI: LAPIC_NMI (acpi_id[0x11] high edge lint[0x1])
[    0.000000] ACPI: LAPIC_NMI (acpi_id[0x12] high edge lint[0x1])
[    0.000000] ACPI: LAPIC_NMI (acpi_id[0x13] high edge lint[0x1])
[    0.000000] ACPI: LAPIC_NMI (acpi_id[0x14] high edge lint[0x1])
[    0.000000] ACPI: LAPIC_NMI (acpi_id[0x15] high edge lint[0x1])
[    0.000000] ACPI: LAPIC_NMI (acpi_id[0x16] high edge lint[0x1])
[    0.000000] ACPI: LAPIC_NMI (acpi_id[0x17] high edge lint[0x1])
[    0.000000] ACPI: LAPIC_NMI (acpi_id[0x18] high edge lint[0x1])
[    0.000000] ACPI: LAPIC_NMI (acpi_id[0x19] high edge lint[0x1])
[    0.000000] ACPI: LAPIC_NMI (acpi_id[0x1a] high edge lint[0x1])
[    0.000000] ACPI: LAPIC_NMI (acpi_id[0x1b] high edge lint[0x1])
[    0.000000] ACPI: LAPIC_NMI (acpi_id[0x1c] high edge lint[0x1])
[    0.000000] ACPI: LAPIC_NMI (acpi_id[0x1d] high edge lint[0x1])
[    0.000000] ACPI: LAPIC_NMI (acpi_id[0x1e] high edge lint[0x1])
[    0.000000] ACPI: LAPIC_NMI (acpi_id[0x1f] high edge lint[0x1])
[    0.000000] ACPI: LAPIC_NMI (acpi_id[0x20] high edge lint[0x1])
[    0.000000] ACPI: LAPIC_NMI (acpi_id[0x21] high edge lint[0x1])
[    0.000000] ACPI: LAPIC_NMI (acpi_id[0x22] high edge lint[0x1])
[    0.000000] ACPI: LAPIC_NMI (acpi_id[0x23] high edge lint[0x1])
[    0.000000] ACPI: LAPIC_NMI (acpi_id[0x24] high edge lint[0x1])
[    0.000000] ACPI: LAPIC_NMI (acpi_id[0x25] high edge lint[0x1])
[    0.000000] ACPI: LAPIC_NMI (acpi_id[0x26] high edge lint[0x1])
[    0.000000] ACPI: LAPIC_NMI (acpi_id[0x27] high edge lint[0x1])
[    0.000000] ACPI: LAPIC_NMI (acpi_id[0x28] high edge lint[0x1])
[    0.000000] ACPI: LAPIC_NMI (acpi_id[0x29] high edge lint[0x1])
[    0.000000] ACPI: LAPIC_NMI (acpi_id[0x2a] high edge lint[0x1])
[    0.000000] ACPI: LAPIC_NMI (acpi_id[0x2b] high edge lint[0x1])
[    0.000000] ACPI: LAPIC_NMI (acpi_id[0x2c] high edge lint[0x1])
[    0.000000] ACPI: LAPIC_NMI (acpi_id[0x2d] high edge lint[0x1])
[    0.000000] ACPI: LAPIC_NMI (acpi_id[0x2e] high edge lint[0x1])
[    0.000000] ACPI: LAPIC_NMI (acpi_id[0x2f] high edge lint[0x1])
[    0.000000] ACPI: LAPIC_NMI (acpi_id[0x30] high edge lint[0x1])
[    0.000000] ACPI: LAPIC_NMI (acpi_id[0x31] high edge lint[0x1])
[    0.000000] ACPI: LAPIC_NMI (acpi_id[0x32] high edge lint[0x1])
[    0.000000] ACPI: LAPIC_NMI (acpi_id[0x33] high edge lint[0x1])
[    0.000000] ACPI: LAPIC_NMI (acpi_id[0x34] high edge lint[0x1])
[    0.000000] ACPI: LAPIC_NMI (acpi_id[0x35] high edge lint[0x1])
[    0.000000] ACPI: LAPIC_NMI (acpi_id[0x36] high edge lint[0x1])
[    0.000000] ACPI: LAPIC_NMI (acpi_id[0x37] high edge lint[0x1])
[    0.000000] ACPI: LAPIC_NMI (acpi_id[0x38] high edge lint[0x1])
[    0.000000] ACPI: LAPIC_NMI (acpi_id[0x39] high edge lint[0x1])
[    0.000000] ACPI: LAPIC_NMI (acpi_id[0x3a] high edge lint[0x1])
[    0.000000] ACPI: LAPIC_NMI (acpi_id[0x3b] high edge lint[0x1])
[    0.000000] ACPI: LAPIC_NMI (acpi_id[0x3c] high edge lint[0x1])
[    0.000000] ACPI: LAPIC_NMI (acpi_id[0x3d] high edge lint[0x1])
[    0.000000] ACPI: LAPIC_NMI (acpi_id[0x3e] high edge lint[0x1])
[    0.000000] ACPI: LAPIC_NMI (acpi_id[0x3f] high edge lint[0x1])
[    0.000000] ACPI: Skipping IOAPIC probe due to 'noapic' option.
[    0.000000] Using ACPI for processor (LAPIC) configuration information
[    0.000000] ACPI: HPET id: 0x8086af01 base: 0xfed00000
[    0.000000] Intel MultiProcessor Specification v1.4
[    0.000000]     Virtual Wire compatibility mode.
[    0.000000] MPTABLE: OEM ID: INTEL   
[    0.000000] MPTABLE: Product ID: 440BX       
[    0.000000] MPTABLE: APIC at: 0xFEE00000
[    0.000000] I/O APIC #1 Version 17 at 0xFEC00000.
[    0.000000] Processors: 1
[    0.000000] 64 Processors exceeds NR_CPUS limit of 8
[    0.000000] SMP: Allowing 8 CPUs, 7 hotplug CPUs
[    0.000000] nr_irqs_gsi: 24
[    0.000000] PM: Registered nosave memory: 000000000009f000 - 00000000000a0000
[    0.000000] PM: Registered nosave memory: 00000000000a0000 - 00000000000ca000
[    0.000000] PM: Registered nosave memory: 00000000000ca000 - 00000000000cc000
[    0.000000] PM: Registered nosave memory: 00000000000cc000 - 00000000000dc000
[    0.000000] PM: Registered nosave memory: 00000000000dc000 - 0000000000100000
[    0.000000] Allocating PCI resources starting at 40000000 (gap: 40000000:a0000000)
[    0.000000] Booting paravirtualized kernel on bare hardware
[    0.000000] NR_CPUS:8 nr_cpumask_bits:8 nr_cpu_ids:8 nr_node_ids:1
[    0.000000] PERCPU: Embedded 15 pages/cpu @c2400000 s39320 r0 d22120 u262144
[    0.000000] pcpu-alloc: s39320 r0 d22120 u262144 alloc=1*2097152
[    0.000000] pcpu-alloc: [0] 0 1 2 3 4 5 6 7 
[    0.000000] Built 1 zonelists in Zone order, mobility grouping on.  Total pages: 259950
[    0.000000] Kernel command line: BOOT_IMAGE=/boot/vmlinuz-2.6.32.57 root=UUID=007b598c-390d-4c65-84a1-4ff752d48633 ro quiet splash maxcpus=0
[    0.000000] PID hash table entries: 4096 (order: 2, 16384 bytes)
[    0.000000] Dentry cache hash table entries: 131072 (order: 7, 524288 bytes)
[    0.000000] Inode-cache hash table entries: 65536 (order: 6, 262144 bytes)
[    0.000000] Enabling fast FPU save and restore... done.
[    0.000000] Enabling unmasked SIMD FPU exception support... done.
[    0.000000] Initializing CPU#0
[    0.000000] xsave/xrstor: enabled xstate_bv 0x7, cntxt size 0x340
[    0.000000] allocated 5242560 bytes of page_cgroup
[    0.000000] please try 'cgroup_disable=memory' option if you don't want memory cgroups
[    0.000000] Initializing HighMem for node 0 (000379fe:00040000)
[    0.000000] Memory: 938260k/1048576k available (4839k kernel code, 108848k reserved, 2518k data, 652k init, 137096k highmem)
[    0.000000] virtual kernel memory layout:
[    0.000000]     fixmap  : 0xfff1e000 - 0xfffff000   ( 900 kB)
[    0.000000]     pkmap   : 0xffa00000 - 0xffc00000   (2048 kB)
[    0.000000]     vmalloc : 0xf81fe000 - 0xff9fe000   ( 120 MB)
[    0.000000]     lowmem  : 0xc0000000 - 0xf79fe000   ( 889 MB)
[    0.000000]       .init : 0xc1730000 - 0xc17d3000   ( 652 kB)
[    0.000000]       .data : 0xc14b9cce - 0xc172f764   (2518 kB)
[    0.000000]       .text : 0xc1000000 - 0xc14b9cce   (4839 kB)
[    0.000000] Checking if this processor honours the WP bit even in supervisor mode...Ok.
[    0.000000] SLUB: Genslabs=13, HWalign=64, Order=0-3, MinObjects=0, CPUs=8, Nodes=1
[    0.000000] Hierarchical RCU implementation.
[    0.000000] NR_IRQS:2304 nr_irqs:472
[    0.000000] Extended CMOS year: 2000
[    0.000000] Console: colour VGA+ 80x25
[    0.000000] console [tty0] enabled
[    0.000000] hpet clockevent registered
[    0.000000] TSC freq read from hypervisor : 2394.620 MHz
[    0.000000] Detected 2394.620 MHz processor.
[    0.000003] Calibrating delay loop (skipped) preset value.. 4789.24 BogoMIPS (lpj=9578480)
[    0.000012] Security Framework initialized
[    0.000015] SELinux:  Disabled at boot.
[    0.000020] Mount-cache hash table entries: 512
[    0.000122] Initializing cgroup subsys cpuacct
[    0.000125] Initializing cgroup subsys memory
[    0.000129] Initializing cgroup subsys devices
[    0.000130] Initializing cgroup subsys freezer
[    0.000158] CPU: Physical Processor ID: 0
[    0.000165] CPU: L1 I cache: 32K, L1 D cache: 32K
[    0.000176] CPU: L2 cache: 256K
[    0.000177] CPU: L3 cache: 4096K
[    0.000183] mce: CPU supports 0 MCE banks
[    0.000196] Performance Events: no PMU driver, software events only.
[    0.000207] Checking 'hlt' instruction... OK.
[    0.017540] SMP alternatives: switching to UP code
[    0.031817] ACPI: Core revision 20090903
[    0.037894] ACPI: setting ELCR to 0200 (from 0e20)
[    0.038904] ftrace: converting mcount calls to 0f 1f 44 00 00
[    0.038909] ftrace: allocating 22631 entries in 45 pages
[    0.056045] CANARY value: 9b758d for PID: 1
[    0.056075] Not enabling x2apic, Intr-remapping init failed.
[    0.056077] Enabling APIC mode:  Flat.  Using 1 I/O APICs
[    0.056106] SMP mode deactivated.
[    0.056149] SMP disabled
[    0.056206] Brought up 1 CPUs
[    0.056207] Total of 1 processors activated (4789.24 BogoMIPS).
[    0.056212] CPU0 attaching NULL sched-domain.
[    0.056280] devtmpfs: initialized
[    0.056383] sysctl table check failed: /kernel/random/now_input .1.40.7 Unknown sysctl binary path
[    0.056624] Pid: 1, comm: swapper Not tainted 2.6.32.57 #4
[    0.056625] Call Trace:
[    0.056629]  [<c14a8a0e>] ? printk+0x1d/0x1f
[    0.056632]  [<c107b56f>] set_fail+0x4f/0x60
[    0.056634]  [<c107b8b3>] sysctl_check_table+0x333/0x620
[    0.056636]  [<c107b8cc>] sysctl_check_table+0x34c/0x620
[    0.056638]  [<c107b8cc>] sysctl_check_table+0x34c/0x620
[    0.056641]  [<c1746d48>] sysctl_init+0x25/0x29
[    0.056643]  [<c1003042>] do_one_initcall+0x32/0x1a0
[    0.056645]  [<c1746d23>] ? sysctl_init+0x0/0x29
[    0.056648]  [<c17308e7>] kernel_init+0x12d/0x17a
[    0.056649]  [<c17307ba>] ? kernel_init+0x0/0x17a
[    0.056652]  [<c1009b07>] kernel_thread_helper+0x7/0x10
[    0.056653] sysctl table check failed: /kernel/random/now_blocking .1.40.8 Unknown sysctl binary path
[    0.056882] Pid: 1, comm: swapper Not tainted 2.6.32.57 #4
[    0.056883] Call Trace:
[    0.056884]  [<c14a8a0e>] ? printk+0x1d/0x1f
[    0.056886]  [<c107b56f>] set_fail+0x4f/0x60
[    0.056887]  [<c107b8b3>] sysctl_check_table+0x333/0x620
[    0.056889]  [<c107b8cc>] sysctl_check_table+0x34c/0x620
[    0.056891]  [<c107b8cc>] sysctl_check_table+0x34c/0x620
[    0.056893]  [<c1746d48>] sysctl_init+0x25/0x29
[    0.056894]  [<c1003042>] do_one_initcall+0x32/0x1a0
[    0.056896]  [<c1746d23>] ? sysctl_init+0x0/0x29
[    0.056898]  [<c17308e7>] kernel_init+0x12d/0x17a
[    0.056899]  [<c17307ba>] ? kernel_init+0x0/0x17a
[    0.056901]  [<c1009b07>] kernel_thread_helper+0x7/0x10
[    0.056902] sysctl table check failed: /kernel/random/now_nonblocking .1.40.9 Unknown sysctl binary path
[    0.057165] Pid: 1, comm: swapper Not tainted 2.6.32.57 #4
[    0.057165] Call Trace:
[    0.057167]  [<c14a8a0e>] ? printk+0x1d/0x1f
[    0.057169]  [<c107b56f>] set_fail+0x4f/0x60
[    0.057170]  [<c107b8b3>] sysctl_check_table+0x333/0x620
[    0.057172]  [<c107b8cc>] sysctl_check_table+0x34c/0x620
[    0.057173]  [<c107b8cc>] sysctl_check_table+0x34c/0x620
[    0.057176]  [<c1746d48>] sysctl_init+0x25/0x29
[    0.057177]  [<c1003042>] do_one_initcall+0x32/0x1a0
[    0.057179]  [<c1746d23>] ? sysctl_init+0x0/0x29
[    0.057181]  [<c17308e7>] kernel_init+0x12d/0x17a
[    0.057182]  [<c17307ba>] ? kernel_init+0x0/0x17a
[    0.057184]  [<c1009b07>] kernel_thread_helper+0x7/0x10
[    0.057185] sysctl table check failed: /kernel/random/nb_input_bytes .1.40.10 Unknown sysctl binary path
[    0.057416] Pid: 1, comm: swapper Not tainted 2.6.32.57 #4
[    0.057416] Call Trace:
[    0.057418]  [<c14a8a0e>] ? printk+0x1d/0x1f
[    0.057419]  [<c107b56f>] set_fail+0x4f/0x60
[    0.057421]  [<c107b8b3>] sysctl_check_table+0x333/0x620
[    0.057422]  [<c107b8cc>] sysctl_check_table+0x34c/0x620
[    0.057424]  [<c107b8cc>] sysctl_check_table+0x34c/0x620
[    0.057426]  [<c1746d48>] sysctl_init+0x25/0x29
[    0.057428]  [<c1003042>] do_one_initcall+0x32/0x1a0
[    0.057430]  [<c1746d23>] ? sysctl_init+0x0/0x29
[    0.057431]  [<c17308e7>] kernel_init+0x12d/0x17a
[    0.057433]  [<c17307ba>] ? kernel_init+0x0/0x17a
[    0.057434]  [<c1009b07>] kernel_thread_helper+0x7/0x10
[    0.057435] sysctl table check failed: /kernel/random/nb_stir_count .1.40.11 Unknown sysctl binary path
[    0.057665] Pid: 1, comm: swapper Not tainted 2.6.32.57 #4
[    0.057666] Call Trace:
[    0.057667]  [<c14a8a0e>] ? printk+0x1d/0x1f
[    0.057669]  [<c107b56f>] set_fail+0x4f/0x60
[    0.057670]  [<c107b8b3>] sysctl_check_table+0x333/0x620
[    0.057672]  [<c107b8cc>] sysctl_check_table+0x34c/0x620
[    0.057673]  [<c107b8cc>] sysctl_check_table+0x34c/0x620
[    0.057675]  [<c1746d48>] sysctl_init+0x25/0x29
[    0.057677]  [<c1003042>] do_one_initcall+0x32/0x1a0
[    0.057679]  [<c1746d23>] ? sysctl_init+0x0/0x29
[    0.057680]  [<c17308e7>] kernel_init+0x12d/0x17a
[    0.057682]  [<c17307ba>] ? kernel_init+0x0/0x17a
[    0.057683]  [<c1009b07>] kernel_thread_helper+0x7/0x10
[    0.057685] sysctl table check failed: /kernel/random/nb_reentry_count .1.40.12 Unknown sysctl binary path
[    0.057916] Pid: 1, comm: swapper Not tainted 2.6.32.57 #4
[    0.057916] Call Trace:
[    0.057918]  [<c14a8a0e>] ? printk+0x1d/0x1f
[    0.057919]  [<c107b56f>] set_fail+0x4f/0x60
[    0.057920]  [<c107b8b3>] sysctl_check_table+0x333/0x620
[    0.057922]  [<c107b8cc>] sysctl_check_table+0x34c/0x620
[    0.057924]  [<c107b8cc>] sysctl_check_table+0x34c/0x620
[    0.057926]  [<c1746d48>] sysctl_init+0x25/0x29
[    0.057927]  [<c1003042>] do_one_initcall+0x32/0x1a0
[    0.057929]  [<c1746d23>] ? sysctl_init+0x0/0x29
[    0.057931]  [<c17308e7>] kernel_init+0x12d/0x17a
[    0.057932]  [<c17307ba>] ? kernel_init+0x0/0x17a
[    0.057934]  [<c1009b07>] kernel_thread_helper+0x7/0x10
[    0.058044] RANDOM - __seed init called.
[    0.058045] RANDOM - __seed init called.
[    0.058045] RANDOM - __seed init called.
[    0.058047] RANDOM - __random32 called. Change num 1.  Value: 865378fd	b53d80db	1f8ba37e
[    0.058048] RANDOM - __random32 called. Change num 2.  Value: 378fdd29	53d80db0	46fc7ad7
[    0.058049] RANDOM - __random32 called. Change num 3.  Value: fdd29985	3d80db0e	f5ae23f5
[    0.058050] RANDOM - __random32 called. Change num 4.  Value: 299855dc	d80db0e5	47eb1be7
[    0.058052] RANDOM - __random32 called. Change num 5.  Value: 855dc464	80db0e5c	37cf1678
[    0.058053] RANDOM - __random32 called. Change num 6.  Value: dc4647ba	db0e5c1	2cf136f4
[    0.058054] RANDOM - random32 init called.  Value: dc4647ba	db0e5c1	2cf136f4
[    0.058060] regulator: core version 0.5
[    0.058137] Time: 23:03:13  Date: 05/24/13
[    0.058181] NET: Registered protocol family 16
[    0.058242] EISA bus registered
[    0.058964] ACPI: bus type pci registered
[    0.059051] PCI: MCFG configuration 0: base e0000000 segment 0 buses 0 - 255
[    0.059053] PCI: MCFG area at e0000000 reserved in E820
[    0.059054] PCI: Using MMCONFIG for extended config space
[    0.059055] PCI: Using configuration type 1 for base access
[    0.059534] bio: create slab <bio-0> at 0
[    0.060716] ACPI: EC: Look up EC in DSDT
[    0.096468] ACPI: BIOS _OSI(Linux) query ignored
[    0.102059] ACPI: Interpreter enabled
[    0.102064] ACPI: (supports S0 S1 S4 S5)
[    0.102085] ACPI: Using PIC for interrupt routing
[    0.182603] ACPI: No dock devices found.
[    0.183416] ACPI: PCI Root Bridge [PCI0] (0000:00)
[    0.184928] pci 0000:00:07.1: reg 20 io port: [0x10c0-0x10cf]
[    0.185417] pci 0000:00:07.3: quirk: region 1000-103f claimed by PIIX4 ACPI
[    0.185427] pci 0000:00:07.3: quirk: region 1040-104f claimed by PIIX4 SMB
[    0.185972] pci 0000:00:07.7: reg 10 io port: [0x1080-0x10bf]
[    0.186335] pci 0000:00:07.7: reg 14 64bit mmio: [0xc8000000-0xc8001fff]
[    0.187479] pci 0000:00:0f.0: reg 10 io port: [0x10d0-0x10df]
[    0.187516] pci 0000:00:0f.0: reg 14 32bit mmio pref: [0xd0000000-0xd7ffffff]
[    0.187551] pci 0000:00:0f.0: reg 18 32bit mmio: [0xc8800000-0xc8ffffff]
[    0.187688] pci 0000:00:0f.0: reg 30 32bit mmio pref: [0x000000-0x007fff]
[    0.188224] pci 0000:00:10.0: reg 10 io port: [0x1400-0x14ff]
[    0.188573] pci 0000:00:10.0: reg 14 64bit mmio: [0xc8040000-0xc805ffff]
[    0.188936] pci 0000:00:10.0: reg 1c 64bit mmio: [0xc8020000-0xc803ffff]
[    0.189018] pci 0000:00:10.0: reg 30 32bit mmio pref: [0x000000-0x003fff]
[    0.190317] pci 0000:00:15.0: PME# supported from D0 D3hot D3cold
[    0.190337] pci 0000:00:15.0: PME# disabled
[    0.191155] pci 0000:00:15.1: PME# supported from D0 D3hot D3cold
[    0.191174] pci 0000:00:15.1: PME# disabled
[    0.192003] pci 0000:00:15.2: PME# supported from D0 D3hot D3cold
[    0.192021] pci 0000:00:15.2: PME# disabled
[    0.192829] pci 0000:00:15.3: PME# supported from D0 D3hot D3cold
[    0.192847] pci 0000:00:15.3: PME# disabled
[    0.193671] pci 0000:00:15.4: PME# supported from D0 D3hot D3cold
[    0.193689] pci 0000:00:15.4: PME# disabled
[    0.194507] pci 0000:00:15.5: PME# supported from D0 D3hot D3cold
[    0.194525] pci 0000:00:15.5: PME# disabled
[    0.195348] pci 0000:00:15.6: PME# supported from D0 D3hot D3cold
[    0.195367] pci 0000:00:15.6: PME# disabled
[    0.196198] pci 0000:00:15.7: PME# supported from D0 D3hot D3cold
[    0.196217] pci 0000:00:15.7: PME# disabled
[    0.197042] pci 0000:00:16.0: PME# supported from D0 D3hot D3cold
[    0.197061] pci 0000:00:16.0: PME# disabled
[    0.197887] pci 0000:00:16.1: PME# supported from D0 D3hot D3cold
[    0.197915] pci 0000:00:16.1: PME# disabled
[    0.198721] pci 0000:00:16.2: PME# supported from D0 D3hot D3cold
[    0.198740] pci 0000:00:16.2: PME# disabled
[    0.199631] pci 0000:00:16.3: PME# supported from D0 D3hot D3cold
[    0.199650] pci 0000:00:16.3: PME# disabled
[    0.200484] pci 0000:00:16.4: PME# supported from D0 D3hot D3cold
[    0.200504] pci 0000:00:16.4: PME# disabled
[    0.201326] pci 0000:00:16.5: PME# supported from D0 D3hot D3cold
[    0.201345] pci 0000:00:16.5: PME# disabled
[    0.202170] pci 0000:00:16.6: PME# supported from D0 D3hot D3cold
[    0.202188] pci 0000:00:16.6: PME# disabled
[    0.203002] pci 0000:00:16.7: PME# supported from D0 D3hot D3cold
[    0.203030] pci 0000:00:16.7: PME# disabled
[    0.203837] pci 0000:00:17.0: PME# supported from D0 D3hot D3cold
[    0.203856] pci 0000:00:17.0: PME# disabled
[    0.204683] pci 0000:00:17.1: PME# supported from D0 D3hot D3cold
[    0.204702] pci 0000:00:17.1: PME# disabled
[    0.205526] pci 0000:00:17.2: PME# supported from D0 D3hot D3cold
[    0.205545] pci 0000:00:17.2: PME# disabled
[    0.206375] pci 0000:00:17.3: PME# supported from D0 D3hot D3cold
[    0.206394] pci 0000:00:17.3: PME# disabled
[    0.207218] pci 0000:00:17.4: PME# supported from D0 D3hot D3cold
[    0.207237] pci 0000:00:17.4: PME# disabled
[    0.208079] pci 0000:00:17.5: PME# supported from D0 D3hot D3cold
[    0.208098] pci 0000:00:17.5: PME# disabled
[    0.208907] pci 0000:00:17.6: PME# supported from D0 D3hot D3cold
[    0.208927] pci 0000:00:17.6: PME# disabled
[    0.209733] pci 0000:00:17.7: PME# supported from D0 D3hot D3cold
[    0.209752] pci 0000:00:17.7: PME# disabled
[    0.210549] pci 0000:00:18.0: PME# supported from D0 D3hot D3cold
[    0.210568] pci 0000:00:18.0: PME# disabled
[    0.211386] pci 0000:00:18.1: PME# supported from D0 D3hot D3cold
[    0.211404] pci 0000:00:18.1: PME# disabled
[    0.212238] pci 0000:00:18.2: PME# supported from D0 D3hot D3cold
[    0.212256] pci 0000:00:18.2: PME# disabled
[    0.213077] pci 0000:00:18.3: PME# supported from D0 D3hot D3cold
[    0.213095] pci 0000:00:18.3: PME# disabled
[    0.213922] pci 0000:00:18.4: PME# supported from D0 D3hot D3cold
[    0.213949] pci 0000:00:18.4: PME# disabled
[    0.214771] pci 0000:00:18.5: PME# supported from D0 D3hot D3cold
[    0.214790] pci 0000:00:18.5: PME# disabled
[    0.215614] pci 0000:00:18.6: PME# supported from D0 D3hot D3cold
[    0.215633] pci 0000:00:18.6: PME# disabled
[    0.216466] pci 0000:00:18.7: PME# supported from D0 D3hot D3cold
[    0.216484] pci 0000:00:18.7: PME# disabled
[    0.217520] pci 0000:02:00.0: reg 20 io port: [0x20c0-0x20df]
[    0.218006] pci 0000:02:01.0: reg 10 io port: [0x2000-0x207f]
[    0.218209] pci 0000:02:01.0: reg 30 32bit mmio pref: [0x000000-0x00ffff]
[    0.218724] pci 0000:02:02.0: reg 10 io port: [0x2080-0x20bf]
[    0.219296] pci 0000:02:03.0: reg 10 32bit mmio: [0xc9000000-0xc9000fff]
[    0.219828] pci 0000:00:11.0: transparent bridge
[    0.219847] pci 0000:00:11.0: bridge io port: [0x2000-0x3fff]
[    0.219884] pci 0000:00:11.0: bridge 32bit mmio: [0xc9000000-0xca3fffff]
[    0.219930] pci 0000:00:11.0: bridge 64bit mmio pref: [0xd8400000-0xd89fffff]
[    0.220280] pci 0000:00:15.0: bridge io port: [0x4000-0x4fff]
[    0.220299] pci 0000:00:15.0: bridge 32bit mmio: [0xca400000-0xca4fffff]
[    0.220334] pci 0000:00:15.0: bridge 64bit mmio pref: [0xd8a00000-0xd8afffff]
[    0.220688] pci 0000:00:15.1: bridge io port: [0x8000-0x8fff]
[    0.220707] pci 0000:00:15.1: bridge 32bit mmio: [0xca800000-0xca8fffff]
[    0.220743] pci 0000:00:15.1: bridge 64bit mmio pref: [0xd8e00000-0xd8efffff]
[    0.221114] pci 0000:00:15.2: bridge io port: [0xc000-0xcfff]
[    0.221133] pci 0000:00:15.2: bridge 32bit mmio: [0xcac00000-0xcacfffff]
[    0.221168] pci 0000:00:15.2: bridge 64bit mmio pref: [0xd9200000-0xd92fffff]
[    0.221543] pci 0000:00:15.3: bridge 32bit mmio: [0xcb000000-0xcb0fffff]
[    0.221578] pci 0000:00:15.3: bridge 64bit mmio pref: [0xd9600000-0xd96fffff]
[    0.221969] pci 0000:00:15.4: bridge 32bit mmio: [0xcb400000-0xcb4fffff]
[    0.222005] pci 0000:00:15.4: bridge 64bit mmio pref: [0xd9a00000-0xd9afffff]
[    0.222374] pci 0000:00:15.5: bridge 32bit mmio: [0xcb800000-0xcb8fffff]
[    0.222410] pci 0000:00:15.5: bridge 64bit mmio pref: [0xd9e00000-0xd9efffff]
[    0.222778] pci 0000:00:15.6: bridge 32bit mmio: [0xcbc00000-0xcbcfffff]
[    0.222814] pci 0000:00:15.6: bridge 64bit mmio pref: [0xda200000-0xda2fffff]
[    0.223211] pci 0000:00:15.7: bridge 32bit mmio: [0xcc000000-0xcc0fffff]
[    0.223247] pci 0000:00:15.7: bridge 64bit mmio pref: [0xda600000-0xda6fffff]
[    0.223599] pci 0000:00:16.0: bridge io port: [0x5000-0x5fff]
[    0.223618] pci 0000:00:16.0: bridge 32bit mmio: [0xca500000-0xca5fffff]
[    0.223661] pci 0000:00:16.0: bridge 64bit mmio pref: [0xd8b00000-0xd8bfffff]
[    0.224043] pci 0000:00:16.1: bridge io port: [0x9000-0x9fff]
[    0.224062] pci 0000:00:16.1: bridge 32bit mmio: [0xca900000-0xca9fffff]
[    0.224098] pci 0000:00:16.1: bridge 64bit mmio pref: [0xd8f00000-0xd8ffffff]
[    0.224455] pci 0000:00:16.2: bridge io port: [0xd000-0xdfff]
[    0.224474] pci 0000:00:16.2: bridge 32bit mmio: [0xcad00000-0xcadfffff]
[    0.224509] pci 0000:00:16.2: bridge 64bit mmio pref: [0xd9300000-0xd93fffff]
[    0.224891] pci 0000:00:16.3: bridge 32bit mmio: [0xcb100000-0xcb1fffff]
[    0.224936] pci 0000:00:16.3: bridge 64bit mmio pref: [0xd9700000-0xd97fffff]
[    0.225303] pci 0000:00:16.4: bridge 32bit mmio: [0xcb500000-0xcb5fffff]
[    0.225339] pci 0000:00:16.4: bridge 64bit mmio pref: [0xd9b00000-0xd9bfffff]
[    0.225708] pci 0000:00:16.5: bridge 32bit mmio: [0xcb900000-0xcb9fffff]
[    0.225744] pci 0000:00:16.5: bridge 64bit mmio pref: [0xd9f00000-0xd9ffffff]
[    0.226140] pci 0000:00:16.6: bridge 32bit mmio: [0xcbd00000-0xcbdfffff]
[    0.226176] pci 0000:00:16.6: bridge 64bit mmio pref: [0xda300000-0xda3fffff]
[    0.226545] pci 0000:00:16.7: bridge 32bit mmio: [0xcc100000-0xcc1fffff]
[    0.226581] pci 0000:00:16.7: bridge 64bit mmio pref: [0xda700000-0xda7fffff]
[    0.226951] pci 0000:00:17.0: bridge io port: [0x6000-0x6fff]
[    0.226971] pci 0000:00:17.0: bridge 32bit mmio: [0xca600000-0xca6fffff]
[    0.227009] pci 0000:00:17.0: bridge 64bit mmio pref: [0xd8c00000-0xd8cfffff]
[    0.227371] pci 0000:00:17.1: bridge io port: [0xa000-0xafff]
[    0.227390] pci 0000:00:17.1: bridge 32bit mmio: [0xcaa00000-0xcaafffff]
[    0.227426] pci 0000:00:17.1: bridge 64bit mmio pref: [0xd9000000-0xd90fffff]
[    0.227785] pci 0000:00:17.2: bridge io port: [0xe000-0xefff]
[    0.227804] pci 0000:00:17.2: bridge 32bit mmio: [0xcae00000-0xcaefffff]
[    0.227846] pci 0000:00:17.2: bridge 64bit mmio pref: [0xd9400000-0xd94fffff]
[    0.228238] pci 0000:00:17.3: bridge 32bit mmio: [0xcb200000-0xcb2fffff]
[    0.228273] pci 0000:00:17.3: bridge 64bit mmio pref: [0xd9800000-0xd98fffff]
[    0.228642] pci 0000:00:17.4: bridge 32bit mmio: [0xcb600000-0xcb6fffff]
[    0.228678] pci 0000:00:17.4: bridge 64bit mmio pref: [0xd9c00000-0xd9cfffff]
[    0.229068] pci 0000:00:17.5: bridge 32bit mmio: [0xcba00000-0xcbafffff]
[    0.229104] pci 0000:00:17.5: bridge 64bit mmio pref: [0xda000000-0xda0fffff]
[    0.229473] pci 0000:00:17.6: bridge 32bit mmio: [0xcbe00000-0xcbefffff]
[    0.229508] pci 0000:00:17.6: bridge 64bit mmio pref: [0xda400000-0xda4fffff]
[    0.229888] pci 0000:00:17.7: bridge 32bit mmio: [0xcc200000-0xcc2fffff]
[    0.229932] pci 0000:00:17.7: bridge 64bit mmio pref: [0xda800000-0xda8fffff]
[    0.230284] pci 0000:00:18.0: bridge io port: [0x7000-0x7fff]
[    0.230303] pci 0000:00:18.0: bridge 32bit mmio: [0xca700000-0xca7fffff]
[    0.230338] pci 0000:00:18.0: bridge 64bit mmio pref: [0xd8d00000-0xd8dfffff]
[    0.230690] pci 0000:00:18.1: bridge io port: [0xb000-0xbfff]
[    0.230709] pci 0000:00:18.1: bridge 32bit mmio: [0xcab00000-0xcabfffff]
[    0.230745] pci 0000:00:18.1: bridge 64bit mmio pref: [0xd9100000-0xd91fffff]
[    0.231124] pci 0000:00:18.2: bridge io port: [0xf000-0xffff]
[    0.231143] pci 0000:00:18.2: bridge 32bit mmio: [0xcaf00000-0xcaffffff]
[    0.231179] pci 0000:00:18.2: bridge 64bit mmio pref: [0xd9500000-0xd95fffff]
[    0.231545] pci 0000:00:18.3: bridge 32bit mmio: [0xcb300000-0xcb3fffff]
[    0.231581] pci 0000:00:18.3: bridge 64bit mmio pref: [0xd9900000-0xd99fffff]
[    0.231979] pci 0000:00:18.4: bridge 32bit mmio: [0xcb700000-0xcb7fffff]
[    0.232014] pci 0000:00:18.4: bridge 64bit mmio pref: [0xd9d00000-0xd9dfffff]
[    0.232385] pci 0000:00:18.5: bridge 32bit mmio: [0xcbb00000-0xcbbfffff]
[    0.232421] pci 0000:00:18.5: bridge 64bit mmio pref: [0xda100000-0xda1fffff]
[    0.232790] pci 0000:00:18.6: bridge 32bit mmio: [0xcbf00000-0xcbffffff]
[    0.232825] pci 0000:00:18.6: bridge 64bit mmio pref: [0xda500000-0xda5fffff]
[    0.233219] pci 0000:00:18.7: bridge 32bit mmio: [0xcc300000-0xcc3fffff]
[    0.233255] pci 0000:00:18.7: bridge 64bit mmio pref: [0xda900000-0xda9fffff]
[    0.235173] pci_bus 0000:00: on NUMA node 0
[    0.235178] ACPI: PCI Interrupt Routing Table [\_SB_.PCI0._PRT]
[    0.452719] ACPI: PCI Interrupt Link [LNKA] (IRQs 3 4 5 6 7 *9 10 11 14 15)
[    0.452864] ACPI: PCI Interrupt Link [LNKB] (IRQs 3 4 5 6 7 9 10 *11 14 15)
[    0.453005] ACPI: PCI Interrupt Link [LNKC] (IRQs 3 4 5 6 7 9 *10 11 14 15)
[    0.453144] ACPI: PCI Interrupt Link [LNKD] (IRQs 3 4 *5 6 7 9 10 11 14 15)
[    0.453270] vgaarb: device added: PCI:0000:00:0f.0,decodes=io+mem,owns=io+mem,locks=none
[    0.453279] vgaarb: loaded
[    0.453362] SCSI subsystem initialized
[    0.453404] libata version 3.00 loaded.
[    0.453441] usbcore: registered new interface driver usbfs
[    0.453452] usbcore: registered new interface driver hub
[    0.453467] usbcore: registered new device driver usb
[    0.453551] PCI: Using ACPI for IRQ routing
[    0.454445] NetLabel: Initializing
[    0.454447] NetLabel:  domain hash size = 128
[    0.454447] NetLabel:  protocols = UNLABELED CIPSOv4
[    0.454454] NetLabel:  unlabeled traffic allowed by default
[    0.454485] hpet0: at MMIO 0xfed00000, IRQs 2, 8, 0, 0, 0, 0, 0, 0, 0, 0, 0, 0, 0, 0, 0, 0
[    0.454491] hpet0: 16 comparators, 64-bit 14.318180 MHz counter
[    0.456523] Switching to clocksource tsc
[    0.463350] pnp: PnP ACPI init
[    0.463360] ACPI: bus type pnp registered
[    0.504907] pnp: PnP ACPI: found 14 devices
[    0.504909] ACPI: ACPI bus type pnp unregistered
[    0.504913] PnPBIOS: Disabled by ACPI PNP
[    0.504923] system 00:01: ioport range 0x1000-0x103f has been reserved
[    0.504924] system 00:01: ioport range 0x1040-0x104f has been reserved
[    0.504926] system 00:01: ioport range 0xcf0-0xcf1 has been reserved
[    0.504932] system 00:08: iomem range 0xfed00000-0xfed003ff has been reserved
[    0.504935] system 00:0d: ioport range 0x1060-0x107f has been reserved
[    0.504938] system 00:0d: iomem range 0xe0000000-0xefffffff has been reserved
[    0.504939] system 00:0d: iomem range 0xc8200000-0xc83fffff has been reserved
[    0.541311] pci 0000:00:15.3: BAR 13: can't allocate I/O resource [0x10000-0xffff]
[    0.541315] pci 0000:00:15.4: BAR 13: can't allocate I/O resource [0x10000-0xffff]
[    0.541318] pci 0000:00:15.5: BAR 13: can't allocate I/O resource [0x10000-0xffff]
[    0.541320] pci 0000:00:15.6: BAR 13: can't allocate I/O resource [0x10000-0xffff]
[    0.541323] pci 0000:00:15.7: BAR 13: can't allocate I/O resource [0x10000-0xffff]
[    0.541326] pci 0000:00:16.3: BAR 13: can't allocate I/O resource [0x10000-0xffff]
[    0.541328] pci 0000:00:16.4: BAR 13: can't allocate I/O resource [0x10000-0xffff]
[    0.541331] pci 0000:00:16.5: BAR 13: can't allocate I/O resource [0x10000-0xffff]
[    0.541333] pci 0000:00:16.6: BAR 13: can't allocate I/O resource [0x10000-0xffff]
[    0.541336] pci 0000:00:16.7: BAR 13: can't allocate I/O resource [0x10000-0xffff]
[    0.541339] pci 0000:00:17.3: BAR 13: can't allocate I/O resource [0x10000-0xffff]
[    0.541341] pci 0000:00:17.4: BAR 13: can't allocate I/O resource [0x10000-0xffff]
[    0.541344] pci 0000:00:17.5: BAR 13: can't allocate I/O resource [0x10000-0xffff]
[    0.541347] pci 0000:00:17.6: BAR 13: can't allocate I/O resource [0x10000-0xffff]
[    0.541349] pci 0000:00:17.7: BAR 13: can't allocate I/O resource [0x10000-0xffff]
[    0.541352] pci 0000:00:18.3: BAR 13: can't allocate I/O resource [0x10000-0xffff]
[    0.541355] pci 0000:00:18.4: BAR 13: can't allocate I/O resource [0x10000-0xffff]
[    0.541357] pci 0000:00:18.5: BAR 13: can't allocate I/O resource [0x10000-0xffff]
[    0.541360] pci 0000:00:18.6: BAR 13: can't allocate I/O resource [0x10000-0xffff]
[    0.541362] pci 0000:00:18.7: BAR 13: can't allocate I/O resource [0x10000-0xffff]
[    0.541365] pci 0000:00:01.0: PCI bridge, secondary bus 0000:01
[    0.541366] pci 0000:00:01.0:   IO window: disabled
[    0.541394] pci 0000:00:01.0:   MEM window: disabled
[    0.541420] pci 0000:00:01.0:   PREFETCH window: disabled
[    0.541468] pci 0000:00:11.0: PCI bridge, secondary bus 0000:02
[    0.541488] pci 0000:00:11.0:   IO window: 0x2000-0x3fff
[    0.541516] pci 0000:00:11.0:   MEM window: 0xc9000000-0xca3fffff
[    0.541536] pci 0000:00:11.0:   PREFETCH window: 0x000000d8400000-0x000000d89fffff
[    0.541572] pci 0000:00:15.0: PCI bridge, secondary bus 0000:03
[    0.541583] pci 0000:00:15.0:   IO window: 0x4000-0x4fff
[    0.541611] pci 0000:00:15.0:   MEM window: 0xca400000-0xca4fffff
[    0.541630] pci 0000:00:15.0:   PREFETCH window: 0x000000d8a00000-0x000000d8afffff
[    0.541707] pci 0000:00:15.1: PCI bridge, secondary bus 0000:04
[    0.541719] pci 0000:00:15.1:   IO window: 0x8000-0x8fff
[    0.541747] pci 0000:00:15.1:   MEM window: 0xca800000-0xca8fffff
[    0.541766] pci 0000:00:15.1:   PREFETCH window: 0x000000d8e00000-0x000000d8efffff
[    0.541816] pci 0000:00:15.2: PCI bridge, secondary bus 0000:05
[    0.541827] pci 0000:00:15.2:   IO window: 0xc000-0xcfff
[    0.541855] pci 0000:00:15.2:   MEM window: 0xcac00000-0xcacfffff
[    0.541875] pci 0000:00:15.2:   PREFETCH window: 0x000000d9200000-0x000000d92fffff
[    0.541922] pci 0000:00:15.3: PCI bridge, secondary bus 0000:06
[    0.541924] pci 0000:00:15.3:   IO window: disabled
[    0.541952] pci 0000:00:15.3:   MEM window: 0xcb000000-0xcb0fffff
[    0.541972] pci 0000:00:15.3:   PREFETCH window: 0x000000d9600000-0x000000d96fffff
[    0.542019] pci 0000:00:15.4: PCI bridge, secondary bus 0000:07
[    0.542021] pci 0000:00:15.4:   IO window: disabled
[    0.542049] pci 0000:00:15.4:   MEM window: 0xcb400000-0xcb4fffff
[    0.542069] pci 0000:00:15.4:   PREFETCH window: 0x000000d9a00000-0x000000d9afffff
[    0.542116] pci 0000:00:15.5: PCI bridge, secondary bus 0000:08
[    0.542118] pci 0000:00:15.5:   IO window: disabled
[    0.542146] pci 0000:00:15.5:   MEM window: 0xcb800000-0xcb8fffff
[    0.542165] pci 0000:00:15.5:   PREFETCH window: 0x000000d9e00000-0x000000d9efffff
[    0.542213] pci 0000:00:15.6: PCI bridge, secondary bus 0000:09
[    0.542214] pci 0000:00:15.6:   IO window: disabled
[    0.542243] pci 0000:00:15.6:   MEM window: 0xcbc00000-0xcbcfffff
[    0.542262] pci 0000:00:15.6:   PREFETCH window: 0x000000da200000-0x000000da2fffff
[    0.542309] pci 0000:00:15.7: PCI bridge, secondary bus 0000:0a
[    0.542311] pci 0000:00:15.7:   IO window: disabled
[    0.542339] pci 0000:00:15.7:   MEM window: 0xcc000000-0xcc0fffff
[    0.542359] pci 0000:00:15.7:   PREFETCH window: 0x000000da600000-0x000000da6fffff
[    0.542406] pci 0000:00:16.0: PCI bridge, secondary bus 0000:0b
[    0.542423] pci 0000:00:16.0:   IO window: 0x5000-0x5fff
[    0.542462] pci 0000:00:16.0:   MEM window: 0xca500000-0xca5fffff
[    0.542491] pci 0000:00:16.0:   PREFETCH window: 0x000000d8b00000-0x000000d8bfffff
[    0.542540] pci 0000:00:16.1: PCI bridge, secondary bus 0000:0c
[    0.542551] pci 0000:00:16.1:   IO window: 0x9000-0x9fff
[    0.542580] pci 0000:00:16.1:   MEM window: 0xca900000-0xca9fffff
[    0.542599] pci 0000:00:16.1:   PREFETCH window: 0x000000d8f00000-0x000000d8ffffff
[    0.542647] pci 0000:00:16.2: PCI bridge, secondary bus 0000:0d
[    0.542658] pci 0000:00:16.2:   IO window: 0xd000-0xdfff
[    0.542686] pci 0000:00:16.2:   MEM window: 0xcad00000-0xcadfffff
[    0.542705] pci 0000:00:16.2:   PREFETCH window: 0x000000d9300000-0x000000d93fffff
[    0.542753] pci 0000:00:16.3: PCI bridge, secondary bus 0000:0e
[    0.542755] pci 0000:00:16.3:   IO window: disabled
[    0.542783] pci 0000:00:16.3:   MEM window: 0xcb100000-0xcb1fffff
[    0.542802] pci 0000:00:16.3:   PREFETCH window: 0x000000d9700000-0x000000d97fffff
[    0.542850] pci 0000:00:16.4: PCI bridge, secondary bus 0000:0f
[    0.542852] pci 0000:00:16.4:   IO window: disabled
[    0.542880] pci 0000:00:16.4:   MEM window: 0xcb500000-0xcb5fffff
[    0.542899] pci 0000:00:16.4:   PREFETCH window: 0x000000d9b00000-0x000000d9bfffff
[    0.542947] pci 0000:00:16.5: PCI bridge, secondary bus 0000:10
[    0.542948] pci 0000:00:16.5:   IO window: disabled
[    0.542977] pci 0000:00:16.5:   MEM window: 0xcb900000-0xcb9fffff
[    0.542996] pci 0000:00:16.5:   PREFETCH window: 0x000000d9f00000-0x000000d9ffffff
[    0.543043] pci 0000:00:16.6: PCI bridge, secondary bus 0000:11
[    0.543045] pci 0000:00:16.6:   IO window: disabled
[    0.543073] pci 0000:00:16.6:   MEM window: 0xcbd00000-0xcbdfffff
[    0.543093] pci 0000:00:16.6:   PREFETCH window: 0x000000da300000-0x000000da3fffff
[    0.543140] pci 0000:00:16.7: PCI bridge, secondary bus 0000:12
[    0.543142] pci 0000:00:16.7:   IO window: disabled
[    0.543170] pci 0000:00:16.7:   MEM window: 0xcc100000-0xcc1fffff
[    0.543189] pci 0000:00:16.7:   PREFETCH window: 0x000000da700000-0x000000da7fffff
[    0.543236] pci 0000:00:17.0: PCI bridge, secondary bus 0000:13
[    0.543248] pci 0000:00:17.0:   IO window: 0x6000-0x6fff
[    0.543276] pci 0000:00:17.0:   MEM window: 0xca600000-0xca6fffff
[    0.543295] pci 0000:00:17.0:   PREFETCH window: 0x000000d8c00000-0x000000d8cfffff
[    0.543342] pci 0000:00:17.1: PCI bridge, secondary bus 0000:14
[    0.543354] pci 0000:00:17.1:   IO window: 0xa000-0xafff
[    0.543382] pci 0000:00:17.1:   MEM window: 0xcaa00000-0xcaafffff
[    0.543401] pci 0000:00:17.1:   PREFETCH window: 0x000000d9000000-0x000000d90fffff
[    0.543466] pci 0000:00:17.2: PCI bridge, secondary bus 0000:15
[    0.543487] pci 0000:00:17.2:   IO window: 0xe000-0xefff
[    0.543515] pci 0000:00:17.2:   MEM window: 0xcae00000-0xcaefffff
[    0.543534] pci 0000:00:17.2:   PREFETCH window: 0x000000d9400000-0x000000d94fffff
[    0.543585] pci 0000:00:17.3: PCI bridge, secondary bus 0000:16
[    0.543587] pci 0000:00:17.3:   IO window: disabled
[    0.543615] pci 0000:00:17.3:   MEM window: 0xcb200000-0xcb2fffff
[    0.543634] pci 0000:00:17.3:   PREFETCH window: 0x000000d9800000-0x000000d98fffff
[    0.543684] pci 0000:00:17.4: PCI bridge, secondary bus 0000:17
[    0.543686] pci 0000:00:17.4:   IO window: disabled
[    0.543714] pci 0000:00:17.4:   MEM window: 0xcb600000-0xcb6fffff
[    0.543734] pci 0000:00:17.4:   PREFETCH window: 0x000000d9c00000-0x000000d9cfffff
[    0.543781] pci 0000:00:17.5: PCI bridge, secondary bus 0000:18
[    0.543783] pci 0000:00:17.5:   IO window: disabled
[    0.543811] pci 0000:00:17.5:   MEM window: 0xcba00000-0xcbafffff
[    0.543831] pci 0000:00:17.5:   PREFETCH window: 0x000000da000000-0x000000da0fffff
[    0.543878] pci 0000:00:17.6: PCI bridge, secondary bus 0000:19
[    0.543879] pci 0000:00:17.6:   IO window: disabled
[    0.543908] pci 0000:00:17.6:   MEM window: 0xcbe00000-0xcbefffff
[    0.543927] pci 0000:00:17.6:   PREFETCH window: 0x000000da400000-0x000000da4fffff
[    0.543974] pci 0000:00:17.7: PCI bridge, secondary bus 0000:1a
[    0.543976] pci 0000:00:17.7:   IO window: disabled
[    0.544004] pci 0000:00:17.7:   MEM window: 0xcc200000-0xcc2fffff
[    0.544023] pci 0000:00:17.7:   PREFETCH window: 0x000000da800000-0x000000da8fffff
[    0.544071] pci 0000:00:18.0: PCI bridge, secondary bus 0000:1b
[    0.544082] pci 0000:00:18.0:   IO window: 0x7000-0x7fff
[    0.544110] pci 0000:00:18.0:   MEM window: 0xca700000-0xca7fffff
[    0.544129] pci 0000:00:18.0:   PREFETCH window: 0x000000d8d00000-0x000000d8dfffff
[    0.544177] pci 0000:00:18.1: PCI bridge, secondary bus 0000:1c
[    0.544188] pci 0000:00:18.1:   IO window: 0xb000-0xbfff
[    0.544216] pci 0000:00:18.1:   MEM window: 0xcab00000-0xcabfffff
[    0.544235] pci 0000:00:18.1:   PREFETCH window: 0x000000d9100000-0x000000d91fffff
[    0.544283] pci 0000:00:18.2: PCI bridge, secondary bus 0000:1d
[    0.544294] pci 0000:00:18.2:   IO window: 0xf000-0xffff
[    0.544322] pci 0000:00:18.2:   MEM window: 0xcaf00000-0xcaffffff
[    0.544341] pci 0000:00:18.2:   PREFETCH window: 0x000000d9500000-0x000000d95fffff
[    0.544389] pci 0000:00:18.3: PCI bridge, secondary bus 0000:1e
[    0.544390] pci 0000:00:18.3:   IO window: disabled
[    0.544395] pci 0000:00:18.3:   MEM window: 0xcb300000-0xcb3fffff
[    0.544464] pci 0000:00:18.3:   PREFETCH window: 0x000000d9900000-0x000000d99fffff
[    0.544513] pci 0000:00:18.4: PCI bridge, secondary bus 0000:1f
[    0.544515] pci 0000:00:18.4:   IO window: disabled
[    0.544543] pci 0000:00:18.4:   MEM window: 0xcb700000-0xcb7fffff
[    0.544563] pci 0000:00:18.4:   PREFETCH window: 0x000000d9d00000-0x000000d9dfffff
[    0.544610] pci 0000:00:18.5: PCI bridge, secondary bus 0000:20
[    0.544612] pci 0000:00:18.5:   IO window: disabled
[    0.544640] pci 0000:00:18.5:   MEM window: 0xcbb00000-0xcbbfffff
[    0.544659] pci 0000:00:18.5:   PREFETCH window: 0x000000da100000-0x000000da1fffff
[    0.544706] pci 0000:00:18.6: PCI bridge, secondary bus 0000:21
[    0.544708] pci 0000:00:18.6:   IO window: disabled
[    0.544736] pci 0000:00:18.6:   MEM window: 0xcbf00000-0xcbffffff
[    0.544756] pci 0000:00:18.6:   PREFETCH window: 0x000000da500000-0x000000da5fffff
[    0.544803] pci 0000:00:18.7: PCI bridge, secondary bus 0000:22
[    0.544804] pci 0000:00:18.7:   IO window: disabled
[    0.544833] pci 0000:00:18.7:   MEM window: 0xcc300000-0xcc3fffff
[    0.544852] pci 0000:00:18.7:   PREFETCH window: 0x000000da900000-0x000000da9fffff
[    0.544929] pci 0000:00:01.0: setting latency timer to 64
[    0.545020] pci 0000:00:15.0: setting latency timer to 64
[    0.545082] pci 0000:00:15.1: setting latency timer to 64
[    0.545144] pci 0000:00:15.2: setting latency timer to 64
[    0.545206] pci 0000:00:15.3: setting latency timer to 64
[    0.545268] pci 0000:00:15.4: setting latency timer to 64
[    0.545330] pci 0000:00:15.5: setting latency timer to 64
[    0.545398] pci 0000:00:15.6: setting latency timer to 64
[    0.545482] pci 0000:00:15.7: setting latency timer to 64
[    0.545545] pci 0000:00:16.0: setting latency timer to 64
[    0.545607] pci 0000:00:16.1: setting latency timer to 64
[    0.545669] pci 0000:00:16.2: setting latency timer to 64
[    0.545731] pci 0000:00:16.3: setting latency timer to 64
[    0.545793] pci 0000:00:16.4: setting latency timer to 64
[    0.545855] pci 0000:00:16.5: setting latency timer to 64
[    0.545917] pci 0000:00:16.6: setting latency timer to 64
[    0.545979] pci 0000:00:16.7: setting latency timer to 64
[    0.546041] pci 0000:00:17.0: setting latency timer to 64
[    0.546103] pci 0000:00:17.1: setting latency timer to 64
[    0.546165] pci 0000:00:17.2: setting latency timer to 64
[    0.546227] pci 0000:00:17.3: setting latency timer to 64
[    0.546289] pci 0000:00:17.4: setting latency timer to 64
[    0.546351] pci 0000:00:17.5: setting latency timer to 64
[    0.546434] pci 0000:00:17.6: setting latency timer to 64
[    0.546507] pci 0000:00:17.7: setting latency timer to 64
[    0.546569] pci 0000:00:18.0: setting latency timer to 64
[    0.546631] pci 0000:00:18.1: setting latency timer to 64
[    0.546693] pci 0000:00:18.2: setting latency timer to 64
[    0.546755] pci 0000:00:18.3: setting latency timer to 64
[    0.546818] pci 0000:00:18.4: setting latency timer to 64
[    0.546880] pci 0000:00:18.5: setting latency timer to 64
[    0.546942] pci 0000:00:18.6: setting latency timer to 64
[    0.547004] pci 0000:00:18.7: setting latency timer to 64
[    0.547015] pci_bus 0000:00: resource 0 io:  [0x00-0xffff]
[    0.547017] pci_bus 0000:00: resource 1 mem: [0x000000-0xffffffffffffffff]
[    0.547020] pci_bus 0000:02: resource 0 io:  [0x2000-0x3fff]
[    0.547021] pci_bus 0000:02: resource 1 mem: [0xc9000000-0xca3fffff]
[    0.547023] pci_bus 0000:02: resource 2 pref mem [0xd8400000-0xd89fffff]
[    0.547025] pci_bus 0000:02: resource 3 io:  [0x00-0xffff]
[    0.547027] pci_bus 0000:02: resource 4 mem: [0x000000-0xffffffffffffffff]
[    0.547029] pci_bus 0000:03: resource 0 io:  [0x4000-0x4fff]
[    0.547031] pci_bus 0000:03: resource 1 mem: [0xca400000-0xca4fffff]
[    0.547032] pci_bus 0000:03: resource 2 pref mem [0xd8a00000-0xd8afffff]
[    0.547034] pci_bus 0000:04: resource 0 io:  [0x8000-0x8fff]
[    0.547036] pci_bus 0000:04: resource 1 mem: [0xca800000-0xca8fffff]
[    0.547038] pci_bus 0000:04: resource 2 pref mem [0xd8e00000-0xd8efffff]
[    0.547040] pci_bus 0000:05: resource 0 io:  [0xc000-0xcfff]
[    0.547041] pci_bus 0000:05: resource 1 mem: [0xcac00000-0xcacfffff]
[    0.547043] pci_bus 0000:05: resource 2 pref mem [0xd9200000-0xd92fffff]
[    0.547045] pci_bus 0000:06: resource 1 mem: [0xcb000000-0xcb0fffff]
[    0.547047] pci_bus 0000:06: resource 2 pref mem [0xd9600000-0xd96fffff]
[    0.547049] pci_bus 0000:07: resource 1 mem: [0xcb400000-0xcb4fffff]
[    0.547050] pci_bus 0000:07: resource 2 pref mem [0xd9a00000-0xd9afffff]
[    0.547052] pci_bus 0000:08: resource 1 mem: [0xcb800000-0xcb8fffff]
[    0.547054] pci_bus 0000:08: resource 2 pref mem [0xd9e00000-0xd9efffff]
[    0.547056] pci_bus 0000:09: resource 1 mem: [0xcbc00000-0xcbcfffff]
[    0.547058] pci_bus 0000:09: resource 2 pref mem [0xda200000-0xda2fffff]
[    0.547059] pci_bus 0000:0a: resource 1 mem: [0xcc000000-0xcc0fffff]
[    0.547061] pci_bus 0000:0a: resource 2 pref mem [0xda600000-0xda6fffff]
[    0.547063] pci_bus 0000:0b: resource 0 io:  [0x5000-0x5fff]
[    0.547065] pci_bus 0000:0b: resource 1 mem: [0xca500000-0xca5fffff]
[    0.547067] pci_bus 0000:0b: resource 2 pref mem [0xd8b00000-0xd8bfffff]
[    0.547068] pci_bus 0000:0c: resource 0 io:  [0x9000-0x9fff]
[    0.547070] pci_bus 0000:0c: resource 1 mem: [0xca900000-0xca9fffff]
[    0.547072] pci_bus 0000:0c: resource 2 pref mem [0xd8f00000-0xd8ffffff]
[    0.547074] pci_bus 0000:0d: resource 0 io:  [0xd000-0xdfff]
[    0.547075] pci_bus 0000:0d: resource 1 mem: [0xcad00000-0xcadfffff]
[    0.547077] pci_bus 0000:0d: resource 2 pref mem [0xd9300000-0xd93fffff]
[    0.547079] pci_bus 0000:0e: resource 1 mem: [0xcb100000-0xcb1fffff]
[    0.547081] pci_bus 0000:0e: resource 2 pref mem [0xd9700000-0xd97fffff]
[    0.547083] pci_bus 0000:0f: resource 1 mem: [0xcb500000-0xcb5fffff]
[    0.547084] pci_bus 0000:0f: resource 2 pref mem [0xd9b00000-0xd9bfffff]
[    0.547086] pci_bus 0000:10: resource 1 mem: [0xcb900000-0xcb9fffff]
[    0.547088] pci_bus 0000:10: resource 2 pref mem [0xd9f00000-0xd9ffffff]
[    0.547090] pci_bus 0000:11: resource 1 mem: [0xcbd00000-0xcbdfffff]
[    0.547092] pci_bus 0000:11: resource 2 pref mem [0xda300000-0xda3fffff]
[    0.547094] pci_bus 0000:12: resource 1 mem: [0xcc100000-0xcc1fffff]
[    0.547095] pci_bus 0000:12: resource 2 pref mem [0xda700000-0xda7fffff]
[    0.547097] pci_bus 0000:13: resource 0 io:  [0x6000-0x6fff]
[    0.547099] pci_bus 0000:13: resource 1 mem: [0xca600000-0xca6fffff]
[    0.547101] pci_bus 0000:13: resource 2 pref mem [0xd8c00000-0xd8cfffff]
[    0.547102] pci_bus 0000:14: resource 0 io:  [0xa000-0xafff]
[    0.547104] pci_bus 0000:14: resource 1 mem: [0xcaa00000-0xcaafffff]
[    0.547106] pci_bus 0000:14: resource 2 pref mem [0xd9000000-0xd90fffff]
[    0.547108] pci_bus 0000:15: resource 0 io:  [0xe000-0xefff]
[    0.547109] pci_bus 0000:15: resource 1 mem: [0xcae00000-0xcaefffff]
[    0.547111] pci_bus 0000:15: resource 2 pref mem [0xd9400000-0xd94fffff]
[    0.547113] pci_bus 0000:16: resource 1 mem: [0xcb200000-0xcb2fffff]
[    0.547115] pci_bus 0000:16: resource 2 pref mem [0xd9800000-0xd98fffff]
[    0.547117] pci_bus 0000:17: resource 1 mem: [0xcb600000-0xcb6fffff]
[    0.547118] pci_bus 0000:17: resource 2 pref mem [0xd9c00000-0xd9cfffff]
[    0.547120] pci_bus 0000:18: resource 1 mem: [0xcba00000-0xcbafffff]
[    0.547122] pci_bus 0000:18: resource 2 pref mem [0xda000000-0xda0fffff]
[    0.547124] pci_bus 0000:19: resource 1 mem: [0xcbe00000-0xcbefffff]
[    0.547126] pci_bus 0000:19: resource 2 pref mem [0xda400000-0xda4fffff]
[    0.547128] pci_bus 0000:1a: resource 1 mem: [0xcc200000-0xcc2fffff]
[    0.547129] pci_bus 0000:1a: resource 2 pref mem [0xda800000-0xda8fffff]
[    0.547131] pci_bus 0000:1b: resource 0 io:  [0x7000-0x7fff]
[    0.547133] pci_bus 0000:1b: resource 1 mem: [0xca700000-0xca7fffff]
[    0.547135] pci_bus 0000:1b: resource 2 pref mem [0xd8d00000-0xd8dfffff]
[    0.547136] pci_bus 0000:1c: resource 0 io:  [0xb000-0xbfff]
[    0.547138] pci_bus 0000:1c: resource 1 mem: [0xcab00000-0xcabfffff]
[    0.547140] pci_bus 0000:1c: resource 2 pref mem [0xd9100000-0xd91fffff]
[    0.547142] pci_bus 0000:1d: resource 0 io:  [0xf000-0xffff]
[    0.547144] pci_bus 0000:1d: resource 1 mem: [0xcaf00000-0xcaffffff]
[    0.547145] pci_bus 0000:1d: resource 2 pref mem [0xd9500000-0xd95fffff]
[    0.547147] pci_bus 0000:1e: resource 1 mem: [0xcb300000-0xcb3fffff]
[    0.547149] pci_bus 0000:1e: resource 2 pref mem [0xd9900000-0xd99fffff]
[    0.547151] pci_bus 0000:1f: resource 1 mem: [0xcb700000-0xcb7fffff]
[    0.547153] pci_bus 0000:1f: resource 2 pref mem [0xd9d00000-0xd9dfffff]
[    0.547155] pci_bus 0000:20: resource 1 mem: [0xcbb00000-0xcbbfffff]
[    0.547156] pci_bus 0000:20: resource 2 pref mem [0xda100000-0xda1fffff]
[    0.547158] pci_bus 0000:21: resource 1 mem: [0xcbf00000-0xcbffffff]
[    0.547160] pci_bus 0000:21: resource 2 pref mem [0xda500000-0xda5fffff]
[    0.547162] pci_bus 0000:22: resource 1 mem: [0xcc300000-0xcc3fffff]
[    0.547164] pci_bus 0000:22: resource 2 pref mem [0xda900000-0xda9fffff]
[    0.547184] NET: Registered protocol family 2
[    0.547200] RANDOM - __random32 called. Change num 7.  Value: 647ba296	db0e5c1d	6de96f10
[    0.547202] RANDOM - random32 called.  Value: 647ba296	db0e5c1d	6de96f10
[    0.547210] random 0000 0000 0000 00000000 00000000: rand_read_num 2 get_random_bytes(4): sig fffffe1a 00000000 00000000
[    0.547212] random 0000 0000 0000 00000000 00000000: extract_entropy(.. 4 ..)
[    0.547214] random 0000 0000 0000 00000000 00000000: going to reseed nonblocking with 64 bits (32 of 0 requested)
[    0.547217] random 0000 0000 0000 00000000 00000000: extract_entropy(.. 8 ..)
[    0.547219] random 0000 0000 0000 00000000 00000000: trying to extract 64 bits from input
[    0.547221] random 0000 0000 0000 00000000 00000000: debiting 0 entropy credits from input
[    0.547223] random 0000 0000 0000 00000000 00000000: extract_entropy account returned: 0 
[    0.547226] random 0000 0000 0000 00000000 00000000: urand_change_num 3 xfer_secondary_pool(4): pool_sig fffffe1a, data_sig 00000000, bytes_mixed 0 00000000 00000000
[    0.547229] random 0000 0000 0000 00000000 00000000: trying to extract 32 bits from nonblocking
[    0.547231] random 0000 0000 0000 00000000 00000000: debiting 32 entropy credits from nonblocking (unlimited)
[    0.547233] random 0000 0000 0000 00000000 00000000: extract_entropy account returned: 4 
[    0.547237] random 0000 0000 0000 00000000 00000000: urand_change_num 4 extract_buf: pool_sig fffffe1a, data_sig fffffed7, bytes_mixed 20 00000000 00000000
[    0.547265] IP route cache hash table entries: 32768 (order: 5, 131072 bytes)
[    0.547370] RANDOM - __random32 called. Change num 8.  Value: ba296205	b0e5c1db	de205442
[    0.547372] RANDOM - random32 called.  Value: ba296205	b0e5c1db	de205442
[    0.547517] RANDOM - __random32 called. Change num 9.  Value: 962052cd	e5c1db9	a885e45e
[    0.547520] RANDOM - random32 called.  Value: 962052cd	e5c1db9	a885e45e
[    0.547523] RANDOM - __random32 called. Change num 10.  Value: 52cd38f	e5c1db9b	c8bd9558
[    0.547525] RANDOM - random32 called.  Value: 52cd38f	e5c1db9b	c8bd9558
[    0.547551] RANDOM - __random32 called. Change num 11.  Value: cd38f3eb	5c1db9b9	2ab1aa27
[    0.547553] RANDOM - random32 called.  Value: cd38f3eb	5c1db9b9	2ab1aa27
[    0.547565] TCP established hash table entries: 131072 (order: 8, 1048576 bytes)
[    0.547887] TCP bind hash table entries: 65536 (order: 7, 524288 bytes)
[    0.548085] TCP: Hash tables configured (established 131072 bind 65536)
[    0.548088] TCP reno registered
[    0.548127] NET: Registered protocol family 1
[    0.548138] pci 0000:00:00.0: Limiting direct PCI/PCI transfers
[    0.548161] pci 0000:00:0f.0: Boot video device
[    0.548406] Trying to unpack rootfs image as initramfs...
[    1.626910] Freeing initrd memory: 83430k freed
[    1.630935] Simple Boot Flag at 0x36 set to 0x1
[    1.630981] cpufreq-nforce2: No nForce2 chipset.
[    1.630994] Scanning for low memory corruption every 60 seconds
[    1.631109] audit: initializing netlink socket (disabled)
[    1.631117] type=2000 audit(1369436594.620:1): initialized
[    1.635021] highmem bounce pool size: 64 pages
[    1.635025] HugeTLB registered 2 MB page size, pre-allocated 0 pages
[    1.635118] VFS: Disk quotas dquot_6.5.2
[    1.635148] Dquot-cache hash table entries: 1024 (order 0, 4096 bytes)
[    1.635224] fuse init (API version 7.13)
[    1.635268] msgmni has been set to 1729
[    1.635585] alg: No test for stdrng (krng)
[    1.635619] Block layer SCSI generic (bsg) driver version 0.4 loaded (major 253)
[    1.635621] io scheduler noop registered
[    1.635623] io scheduler anticipatory registered
[    1.635624] io scheduler deadline registered
[    1.635644] io scheduler cfq registered (default)
[    1.635689]   alloc irq_desc for 24 on node -1
[    1.635691]   alloc kstat_irqs on node -1
[    1.635737] pcieport 0000:00:15.0: irq 24 for MSI/MSI-X
[    1.635782] pcieport 0000:00:15.0: setting latency timer to 64
[    1.635827]   alloc irq_desc for 25 on node -1
[    1.635829]   alloc kstat_irqs on node -1
[    1.635874] pcieport 0000:00:15.1: irq 25 for MSI/MSI-X
[    1.635919] pcieport 0000:00:15.1: setting latency timer to 64
[    1.635965]   alloc irq_desc for 26 on node -1
[    1.635966]   alloc kstat_irqs on node -1
[    1.636012] pcieport 0000:00:15.2: irq 26 for MSI/MSI-X
[    1.636057] pcieport 0000:00:15.2: setting latency timer to 64
[    1.636102]   alloc irq_desc for 27 on node -1
[    1.636104]   alloc kstat_irqs on node -1
[    1.636149] pcieport 0000:00:15.3: irq 27 for MSI/MSI-X
[    1.636194] pcieport 0000:00:15.3: setting latency timer to 64
[    1.636240]   alloc irq_desc for 28 on node -1
[    1.636241]   alloc kstat_irqs on node -1
[    1.636287] pcieport 0000:00:15.4: irq 28 for MSI/MSI-X
[    1.636332] pcieport 0000:00:15.4: setting latency timer to 64
[    1.636377]   alloc irq_desc for 29 on node -1
[    1.636379]   alloc kstat_irqs on node -1
[    1.636424] pcieport 0000:00:15.5: irq 29 for MSI/MSI-X
[    1.636469] pcieport 0000:00:15.5: setting latency timer to 64
[    1.636515]   alloc irq_desc for 30 on node -1
[    1.636518]   alloc kstat_irqs on node -1
[    1.636563] pcieport 0000:00:15.6: irq 30 for MSI/MSI-X
[    1.636609] pcieport 0000:00:15.6: setting latency timer to 64
[    1.636654]   alloc irq_desc for 31 on node -1
[    1.636656]   alloc kstat_irqs on node -1
[    1.636701] pcieport 0000:00:15.7: irq 31 for MSI/MSI-X
[    1.636746] pcieport 0000:00:15.7: setting latency timer to 64
[    1.636791]   alloc irq_desc for 32 on node -1
[    1.636793]   alloc kstat_irqs on node -1
[    1.636839] pcieport 0000:00:16.0: irq 32 for MSI/MSI-X
[    1.636884] pcieport 0000:00:16.0: setting latency timer to 64
[    1.636929]   alloc irq_desc for 33 on node -1
[    1.636931]   alloc kstat_irqs on node -1
[    1.636976] pcieport 0000:00:16.1: irq 33 for MSI/MSI-X
[    1.637022] pcieport 0000:00:16.1: setting latency timer to 64
[    1.637067]   alloc irq_desc for 34 on node -1
[    1.637069]   alloc kstat_irqs on node -1
[    1.637114] pcieport 0000:00:16.2: irq 34 for MSI/MSI-X
[    1.637159] pcieport 0000:00:16.2: setting latency timer to 64
[    1.637204]   alloc irq_desc for 35 on node -1
[    1.637206]   alloc kstat_irqs on node -1
[    1.637251] pcieport 0000:00:16.3: irq 35 for MSI/MSI-X
[    1.637297] pcieport 0000:00:16.3: setting latency timer to 64
[    1.637342]   alloc irq_desc for 36 on node -1
[    1.637344]   alloc kstat_irqs on node -1
[    1.637389] pcieport 0000:00:16.4: irq 36 for MSI/MSI-X
[    1.637434] pcieport 0000:00:16.4: setting latency timer to 64
[    1.637479]   alloc irq_desc for 37 on node -1
[    1.637481]   alloc kstat_irqs on node -1
[    1.637527] pcieport 0000:00:16.5: irq 37 for MSI/MSI-X
[    1.637572] pcieport 0000:00:16.5: setting latency timer to 64
[    1.637617]   alloc irq_desc for 38 on node -1
[    1.637619]   alloc kstat_irqs on node -1
[    1.637664] pcieport 0000:00:16.6: irq 38 for MSI/MSI-X
[    1.637709] pcieport 0000:00:16.6: setting latency timer to 64
[    1.637755]   alloc irq_desc for 39 on node -1
[    1.637756]   alloc kstat_irqs on node -1
[    1.637802] pcieport 0000:00:16.7: irq 39 for MSI/MSI-X
[    1.637847] pcieport 0000:00:16.7: setting latency timer to 64
[    1.638921]   alloc irq_desc for 40 on node -1
[    1.638923]   alloc kstat_irqs on node -1
[    1.638968] pcieport 0000:00:17.0: irq 40 for MSI/MSI-X
[    1.639013] pcieport 0000:00:17.0: setting latency timer to 64
[    1.639058]   alloc irq_desc for 41 on node -1
[    1.639061]   alloc kstat_irqs on node -1
[    1.639106] pcieport 0000:00:17.1: irq 41 for MSI/MSI-X
[    1.639151] pcieport 0000:00:17.1: setting latency timer to 64
[    1.639196]   alloc irq_desc for 42 on node -1
[    1.639198]   alloc kstat_irqs on node -1
[    1.639243] pcieport 0000:00:17.2: irq 42 for MSI/MSI-X
[    1.639289] pcieport 0000:00:17.2: setting latency timer to 64
[    1.639334]   alloc irq_desc for 43 on node -1
[    1.639336]   alloc kstat_irqs on node -1
[    1.639381] pcieport 0000:00:17.3: irq 43 for MSI/MSI-X
[    1.639426] pcieport 0000:00:17.3: setting latency timer to 64
[    1.639471]   alloc irq_desc for 44 on node -1
[    1.639473]   alloc kstat_irqs on node -1
[    1.639518] pcieport 0000:00:17.4: irq 44 for MSI/MSI-X
[    1.639564] pcieport 0000:00:17.4: setting latency timer to 64
[    1.639609]   alloc irq_desc for 45 on node -1
[    1.639611]   alloc kstat_irqs on node -1
[    1.639656] pcieport 0000:00:17.5: irq 45 for MSI/MSI-X
[    1.639702] pcieport 0000:00:17.5: setting latency timer to 64
[    1.639747]   alloc irq_desc for 46 on node -1
[    1.639749]   alloc kstat_irqs on node -1
[    1.639794] pcieport 0000:00:17.6: irq 46 for MSI/MSI-X
[    1.639839] pcieport 0000:00:17.6: setting latency timer to 64
[    1.639884]   alloc irq_desc for 47 on node -1
[    1.639886]   alloc kstat_irqs on node -1
[    1.639932] pcieport 0000:00:17.7: irq 47 for MSI/MSI-X
[    1.639977] pcieport 0000:00:17.7: setting latency timer to 64
[    1.640022]   alloc irq_desc for 48 on node -1
[    1.640024]   alloc kstat_irqs on node -1
[    1.640069] pcieport 0000:00:18.0: irq 48 for MSI/MSI-X
[    1.640114] pcieport 0000:00:18.0: setting latency timer to 64
[    1.640160]   alloc irq_desc for 49 on node -1
[    1.640162]   alloc kstat_irqs on node -1
[    1.640207] pcieport 0000:00:18.1: irq 49 for MSI/MSI-X
[    1.640252] pcieport 0000:00:18.1: setting latency timer to 64
[    1.640297]   alloc irq_desc for 50 on node -1
[    1.640299]   alloc kstat_irqs on node -1
[    1.640344] pcieport 0000:00:18.2: irq 50 for MSI/MSI-X
[    1.640389] pcieport 0000:00:18.2: setting latency timer to 64
[    1.640435]   alloc irq_desc for 51 on node -1
[    1.640437]   alloc kstat_irqs on node -1
[    1.640482] pcieport 0000:00:18.3: irq 51 for MSI/MSI-X
[    1.640527] pcieport 0000:00:18.3: setting latency timer to 64
[    1.640572]   alloc irq_desc for 52 on node -1
[    1.640574]   alloc kstat_irqs on node -1
[    1.640620] pcieport 0000:00:18.4: irq 52 for MSI/MSI-X
[    1.640665] pcieport 0000:00:18.4: setting latency timer to 64
[    1.640710]   alloc irq_desc for 53 on node -1
[    1.640712]   alloc kstat_irqs on node -1
[    1.640757] pcieport 0000:00:18.5: irq 53 for MSI/MSI-X
[    1.640802] pcieport 0000:00:18.5: setting latency timer to 64
[    1.640848]   alloc irq_desc for 54 on node -1
[    1.640849]   alloc kstat_irqs on node -1
[    1.640895] pcieport 0000:00:18.6: irq 54 for MSI/MSI-X
[    1.640940] pcieport 0000:00:18.6: setting latency timer to 64
[    1.640985]   alloc irq_desc for 55 on node -1
[    1.640987]   alloc kstat_irqs on node -1
[    1.641032] pcieport 0000:00:18.7: irq 55 for MSI/MSI-X
[    1.641077] pcieport 0000:00:18.7: setting latency timer to 64
[    1.641123] pci_hotplug: PCI Hot Plug PCI Core version: 0.5
[    1.642954] pciehp 0000:00:15.0:pcie04: HPC vendor_id 15ad device_id 7a0 ss_vid 0 ss_did 0
[    1.643000] pciehp 0000:00:15.0:pcie04: service driver pciehp loaded
[    1.643045] pciehp 0000:00:15.1:pcie04: HPC vendor_id 15ad device_id 7a0 ss_vid 0 ss_did 0
[    1.643090] pciehp 0000:00:15.1:pcie04: service driver pciehp loaded
[    1.643135] pciehp 0000:00:15.2:pcie04: HPC vendor_id 15ad device_id 7a0 ss_vid 0 ss_did 0
[    1.643181] pciehp 0000:00:15.2:pcie04: service driver pciehp loaded
[    1.643226] pciehp 0000:00:15.3:pcie04: HPC vendor_id 15ad device_id 7a0 ss_vid 0 ss_did 0
[    1.643271] pciehp 0000:00:15.3:pcie04: service driver pciehp loaded
[    1.643316] pciehp 0000:00:15.4:pcie04: HPC vendor_id 15ad device_id 7a0 ss_vid 0 ss_did 0
[    1.643361] pciehp 0000:00:15.4:pcie04: service driver pciehp loaded
[    1.643407] pciehp 0000:00:15.5:pcie04: HPC vendor_id 15ad device_id 7a0 ss_vid 0 ss_did 0
[    1.643452] pciehp 0000:00:15.5:pcie04: service driver pciehp loaded
[    1.643497] pciehp 0000:00:15.6:pcie04: HPC vendor_id 15ad device_id 7a0 ss_vid 0 ss_did 0
[    1.643542] pciehp 0000:00:15.6:pcie04: service driver pciehp loaded
[    1.643588] pciehp 0000:00:15.7:pcie04: HPC vendor_id 15ad device_id 7a0 ss_vid 0 ss_did 0
[    1.643633] pciehp 0000:00:15.7:pcie04: service driver pciehp loaded
[    1.643678] pciehp 0000:00:16.0:pcie04: HPC vendor_id 15ad device_id 7a0 ss_vid 0 ss_did 0
[    1.643723] pciehp 0000:00:16.0:pcie04: service driver pciehp loaded
[    1.643768] pciehp 0000:00:16.1:pcie04: HPC vendor_id 15ad device_id 7a0 ss_vid 0 ss_did 0
[    1.643814] pciehp 0000:00:16.1:pcie04: service driver pciehp loaded
[    1.643859] pciehp 0000:00:16.2:pcie04: HPC vendor_id 15ad device_id 7a0 ss_vid 0 ss_did 0
[    1.643904] pciehp 0000:00:16.2:pcie04: service driver pciehp loaded
[    1.643949] pciehp 0000:00:16.3:pcie04: HPC vendor_id 15ad device_id 7a0 ss_vid 0 ss_did 0
[    1.643995] pciehp 0000:00:16.3:pcie04: service driver pciehp loaded
[    1.644040] pciehp 0000:00:16.4:pcie04: HPC vendor_id 15ad device_id 7a0 ss_vid 0 ss_did 0
[    1.644085] pciehp 0000:00:16.4:pcie04: service driver pciehp loaded
[    1.644130] pciehp 0000:00:16.5:pcie04: HPC vendor_id 15ad device_id 7a0 ss_vid 0 ss_did 0
[    1.644175] pciehp 0000:00:16.5:pcie04: service driver pciehp loaded
[    1.644221] pciehp 0000:00:16.6:pcie04: HPC vendor_id 15ad device_id 7a0 ss_vid 0 ss_did 0
[    1.644266] pciehp 0000:00:16.6:pcie04: service driver pciehp loaded
[    1.644311] pciehp 0000:00:16.7:pcie04: HPC vendor_id 15ad device_id 7a0 ss_vid 0 ss_did 0
[    1.644356] pciehp 0000:00:16.7:pcie04: service driver pciehp loaded
[    1.644402] pciehp 0000:00:17.0:pcie04: HPC vendor_id 15ad device_id 7a0 ss_vid 0 ss_did 0
[    1.644447] pciehp 0000:00:17.0:pcie04: service driver pciehp loaded
[    1.644492] pciehp 0000:00:17.1:pcie04: HPC vendor_id 15ad device_id 7a0 ss_vid 0 ss_did 0
[    1.644537] pciehp 0000:00:17.1:pcie04: service driver pciehp loaded
[    1.644582] pciehp 0000:00:17.2:pcie04: HPC vendor_id 15ad device_id 7a0 ss_vid 0 ss_did 0
[    1.644628] pciehp 0000:00:17.2:pcie04: service driver pciehp loaded
[    1.644673] pciehp 0000:00:17.3:pcie04: HPC vendor_id 15ad device_id 7a0 ss_vid 0 ss_did 0
[    1.644718] pciehp 0000:00:17.3:pcie04: service driver pciehp loaded
[    1.644763] pciehp 0000:00:17.4:pcie04: HPC vendor_id 15ad device_id 7a0 ss_vid 0 ss_did 0
[    1.644809] pciehp 0000:00:17.4:pcie04: service driver pciehp loaded
[    1.644854] pciehp 0000:00:17.5:pcie04: HPC vendor_id 15ad device_id 7a0 ss_vid 0 ss_did 0
[    1.644899] pciehp 0000:00:17.5:pcie04: service driver pciehp loaded
[    1.644944] pciehp 0000:00:17.6:pcie04: HPC vendor_id 15ad device_id 7a0 ss_vid 0 ss_did 0
[    1.644989] pciehp 0000:00:17.6:pcie04: service driver pciehp loaded
[    1.645035] pciehp 0000:00:17.7:pcie04: HPC vendor_id 15ad device_id 7a0 ss_vid 0 ss_did 0
[    1.645080] pciehp 0000:00:17.7:pcie04: service driver pciehp loaded
[    1.645125] pciehp 0000:00:18.0:pcie04: HPC vendor_id 15ad device_id 7a0 ss_vid 0 ss_did 0
[    1.645170] pciehp 0000:00:18.0:pcie04: service driver pciehp loaded
[    1.645216] pciehp 0000:00:18.1:pcie04: HPC vendor_id 15ad device_id 7a0 ss_vid 0 ss_did 0
[    1.645261] pciehp 0000:00:18.1:pcie04: service driver pciehp loaded
[    1.645306] pciehp 0000:00:18.2:pcie04: HPC vendor_id 15ad device_id 7a0 ss_vid 0 ss_did 0
[    1.645351] pciehp 0000:00:18.2:pcie04: service driver pciehp loaded
[    1.645396] pciehp 0000:00:18.3:pcie04: HPC vendor_id 15ad device_id 7a0 ss_vid 0 ss_did 0
[    1.645442] pciehp 0000:00:18.3:pcie04: service driver pciehp loaded
[    1.645487] pciehp 0000:00:18.4:pcie04: HPC vendor_id 15ad device_id 7a0 ss_vid 0 ss_did 0
[    1.645532] pciehp 0000:00:18.4:pcie04: service driver pciehp loaded
[    1.645577] pciehp 0000:00:18.5:pcie04: HPC vendor_id 15ad device_id 7a0 ss_vid 0 ss_did 0
[    1.645623] pciehp 0000:00:18.5:pcie04: service driver pciehp loaded
[    1.645668] pciehp 0000:00:18.6:pcie04: HPC vendor_id 15ad device_id 7a0 ss_vid 0 ss_did 0
[    1.645713] pciehp 0000:00:18.6:pcie04: service driver pciehp loaded
[    1.645758] pciehp 0000:00:18.7:pcie04: HPC vendor_id 15ad device_id 7a0 ss_vid 0 ss_did 0
[    1.645804] pciehp 0000:00:18.7:pcie04: service driver pciehp loaded
[    1.645811] pciehp: PCI Express Hot Plug Controller Driver version: 0.4
[    1.645860] ACPI: AC Adapter [ACAD] (on-line)
[    1.645913] input: Power Button as /devices/LNXSYSTM:00/LNXPWRBN:00/input/input0
[    1.645916] ACPI: Power Button [PWRF]
[    1.645961] processor LNXCPU:00: registered as cooling_device0
[    1.686844] isapnp: Scanning for PnP cards...
[    2.040326] isapnp: No Plug & Play device found
[    2.040356] random 0000 0000 0000 5f8db4e5 4cfdf2a8: initializing
[    2.040482] Linux agpgart interface v0.103
[    2.040520] agpgart-intel 0000:00:00.0: Intel 440BX Chipset
[    2.040573] agpgart-intel 0000:00:00.0: AGP aperture is 256M @ 0x0
[    2.040603] Serial: 8250/16550 driver, 32 ports, IRQ sharing enabled
[    2.040656] serial8250: ttyS0 at I/O 0x3f8 (irq = 4) is a 16550A
[    2.040708] serial8250: ttyS1 at I/O 0x2f8 (irq = 3) is a 16550A
[    2.040761] 00:0a: ttyS0 at I/O 0x3f8 (irq = 4) is a 16550A
[    2.040813] 00:0b: ttyS1 at I/O 0x2f8 (irq = 3) is a 16550A
[    2.040866] brd: module loaded
[    2.040918] loop: module loaded
[    2.040971] ata_piix 0000:00:07.1: version 2.13
[    2.041052] scsi0 : ata_piix
[    2.041098] scsi1 : ata_piix
[    2.041117] ata1: PATA max UDMA/33 cmd 0x1f0 ctl 0x3f6 bmdma 0x10c0 irq 14
[    2.041119] ata2: PATA max UDMA/33 cmd 0x170 ctl 0x376 bmdma 0x10c8 irq 15
[    2.041166] PPP generic driver version 2.4.2
[    2.041185] tun: Universal TUN/TAP device driver, 1.6
[    2.041187] tun: (C) 1999-2004 Max Krasnyansky <maxk@qualcomm.com>
[    2.041239] ehci_hcd: USB 2.0 'Enhanced' Host Controller (EHCI) Driver
[    2.041292] ACPI: PCI Interrupt Link [LNKB] enabled at IRQ 11
[    2.041294] PCI: setting IRQ 11 as level-triggered
[    2.041302] ehci_hcd 0000:02:03.0: PCI INT A -> Link[LNKB] -> GSI 11 (level, low) -> IRQ 11
[    2.041338] ehci_hcd 0000:02:03.0: EHCI Host Controller
[    2.041359] ehci_hcd 0000:02:03.0: new USB bus registered, assigned bus number 1
[    2.041411] ehci_hcd 0000:02:03.0: cache line size of 32 is not supported
[    2.041417] ehci_hcd 0000:02:03.0: irq 11, io mem 0xc9000000
[    2.041743] random 0000 0000 0000 00000000 00000000: rand_read_num 3 get_random_bytes(8): sig 00000000 00000000 00000000
[    2.041746] random 0000 0000 0000 00000000 00000000: extract_entropy(.. 8 ..)
[    2.041749] random 0000 0000 0000 00000000 00000000: going to reseed nonblocking with 64 bits (64 of 0 requested)
[    2.041751] random 0000 0000 0000 00000000 00000000: extract_entropy(.. 8 ..)
[    2.041753] random 0000 0000 0000 00000000 00000000: trying to extract 64 bits from input
[    2.041755] random 0000 0000 0000 00000000 00000000: debiting 0 entropy credits from input
[    2.041757] random 0000 0000 0000 00000000 00000000: extract_entropy account returned: 0 
[    2.041760] random 0000 0000 0000 00000000 00000000: urand_change_num 5 xfer_secondary_pool(8): pool_sig 00000000, data_sig 00000000, bytes_mixed 0 00000000 00000000
[    2.041763] random 0000 0000 0000 00000000 00000000: trying to extract 64 bits from nonblocking
[    2.041765] random 0000 0000 0000 00000000 00000000: debiting 64 entropy credits from nonblocking (unlimited)
[    2.041767] random 0000 0000 0000 00000000 00000000: extract_entropy account returned: 8 
[    2.041771] random 0000 0000 0000 00000000 00000000: urand_change_num 6 extract_buf: pool_sig 00000000, data_sig fffffff9, bytes_mixed 20 00000000 00000000
[    2.050322] ehci_hcd 0000:02:03.0: USB 2.0 started, EHCI 1.00
[    2.050375] usb usb1: configuration #1 chosen from 1 choice
[    2.050394] hub 1-0:1.0: USB hub found
[    2.050399] hub 1-0:1.0: 6 ports detected
[    2.050442] ohci_hcd: USB 1.1 'Open' Host Controller (OHCI) Driver
[    2.050452] uhci_hcd: USB Universal Host Controller Interface driver
[    2.050505] ACPI: PCI Interrupt Link [LNKC] enabled at IRQ 10
[    2.050507] PCI: setting IRQ 10 as level-triggered
[    2.050511] uhci_hcd 0000:02:00.0: PCI INT A -> Link[LNKC] -> GSI 10 (level, low) -> IRQ 10
[    2.050543] uhci_hcd 0000:02:00.0: UHCI Host Controller
[    2.050569] uhci_hcd 0000:02:00.0: new USB bus registered, assigned bus number 2
[    2.050670] uhci_hcd 0000:02:00.0: irq 10, io base 0x000020c0
[    2.050723] usb usb2: configuration #1 chosen from 1 choice
[    2.050738] hub 2-0:1.0: USB hub found
[    2.050742] hub 2-0:1.0: 2 ports detected
[    2.050794] usbcore: registered new interface driver libusual
[    2.050820] PNP: PS/2 Controller [PNP0303:KBC,PNP0f13:MOUS] at 0x60,0x64 irq 1,12
[    2.051151] serio: i8042 KBD port at 0x60,0x64 irq 1
[    2.051158] serio: i8042 AUX port at 0x60,0x64 irq 12
[    2.051190] mice: PS/2 mouse device common for all mice
[    2.051242] rtc_cmos 00:04: rtc core: registered rtc_cmos as rtc0
[    2.051258] rtc0: alarms up to one month, y3k, 114 bytes nvram, hpet irqs
[    2.051310] device-mapper: uevent: version 1.0.3
[    2.051419] device-mapper: ioctl: 4.15.0-ioctl (2009-04-01) initialised: dm-devel@redhat.com
[    2.051435] EISA: Probing bus 0 at eisa.0
[    2.051441] Cannot allocate resource for EISA slot 1
[    2.051443] Cannot allocate resource for EISA slot 2
[    2.051445] Cannot allocate resource for EISA slot 3
[    2.051447] Cannot allocate resource for EISA slot 4
[    2.051448] Cannot allocate resource for EISA slot 5
[    2.051450] Cannot allocate resource for EISA slot 6
[    2.051452] Cannot allocate resource for EISA slot 7
[    2.051454] Cannot allocate resource for EISA slot 8
[    2.051455] EISA: Detected 0 cards.
[    2.051550] cpuidle: using governor ladder
[    2.051552] cpuidle: using governor menu
[    2.051604] random 0000 0000 0000 00000000 00000000: rand_read_num 4 get_random_bytes(136): sig 0000021d 00000000 00000000
[    2.051607] random 0000 0000 0000 00000000 00000000: extract_entropy(.. 136 ..)
[    2.051609] random 0000 0000 0000 00000000 00000000: going to reseed nonblocking with 1024 bits (1088 of 0 requested)
[    2.051611] random 0000 0000 0000 00000000 00000000: extract_entropy(.. 128 ..)
[    2.051613] random 0000 0000 0000 00000000 00000000: trying to extract 1024 bits from input
[    2.051615] random 0000 0000 0000 00000000 00000000: debiting 0 entropy credits from input
[    2.051617] random 0000 0000 0000 00000000 00000000: extract_entropy account returned: 0 
[    2.051620] random 0000 0000 0000 00000000 00000000: urand_change_num 7 xfer_secondary_pool(136): pool_sig 0000021d, data_sig 00000000, bytes_mixed 0 00000000 00000000
[    2.051623] random 0000 0000 0000 00000000 00000000: trying to extract 1088 bits from nonblocking
[    2.051625] random 0000 0000 0000 00000000 00000000: debiting 1088 entropy credits from nonblocking (unlimited)
[    2.051627] random 0000 0000 0000 00000000 00000000: extract_entropy account returned: 136 
[    2.051631] random 0000 0000 0000 00000000 00000000: urand_change_num 8 extract_buf: pool_sig 0000021d, data_sig fffffff7, bytes_mixed 20 00000000 00000000
[    2.051635] random 0000 0000 0000 f961ee50 ba9cb1aa: urand_change_num 9 extract_buf: pool_sig 00000230, data_sig fffffeb4, bytes_mixed 20 f961ee50 ba9cb1aa
[    2.051640] random 0000 0000 0000 9748bdd6 56fb8af6: urand_change_num 10 extract_buf: pool_sig 00000373, data_sig 000000cf, bytes_mixed 20 9748bdd6 56fb8af6
[    2.051644] random 0000 0000 0000 9748bdd6 56fb8af6: urand_change_num 11 extract_buf: pool_sig fffffe49, data_sig 0000023f, bytes_mixed 20 9748bdd6 56fb8af6
[    2.051648] random 0000 0000 0000 a135be86 4777650e: urand_change_num 12 extract_buf: pool_sig fffffcce, data_sig 000000c6, bytes_mixed 20 a135be86 4777650e
[    2.051652] random 0000 0000 0000 4a6ea85d 170e00dd: urand_change_num 13 extract_buf: pool_sig ffffff97, data_sig ffffff7d, bytes_mixed 20 4a6ea85d 170e00dd
[    2.051656] random 0000 0000 0000 4a6ea85d 170e00dd: urand_change_num 14 extract_buf: pool_sig 00000160, data_sig fffffeea, bytes_mixed 20 4a6ea85d 170e00dd
[    2.051660] random 0000 0000 0000 6e87c3cb da668c73: urand_change_num 15 extract_buf: pool_sig 0000034f, data_sig ffffff54, bytes_mixed 20 6e87c3cb da668c73
[    2.051664] random 0000 0000 0000 6e87c3cb da668c73: urand_change_num 16 extract_buf: pool_sig fffffdc5, data_sig 00000205, bytes_mixed 20 6e87c3cb da668c73
[    2.051669] random 0000 0000 0000 39f531e6 461eb249: urand_change_num 17 extract_buf: pool_sig fffffc1d, data_sig ffffff5e, bytes_mixed 20 39f531e6 461eb249
[    2.051673] random 0000 0000 0000 7e1538a2 3e661182: urand_change_num 18 extract_buf: pool_sig 000006ef, data_sig ffffff2e, bytes_mixed 20 7e1538a2 3e661182
[    2.051677] random 0000 0000 0000 7e1538a2 3e661182: urand_change_num 19 extract_buf: pool_sig 00000317, data_sig fffffccb, bytes_mixed 20 7e1538a2 3e661182
[    2.051681] random 0000 0000 0000 76af506b 9b57305e: urand_change_num 20 extract_buf: pool_sig 00000227, data_sig ffffffd2, bytes_mixed 20 76af506b 9b57305e
[    2.051685] random 0000 0000 0000 37d49d89 e20417cc: urand_change_num 21 extract_buf: pool_sig 0000080b, data_sig 000001e9, bytes_mixed 20 37d49d89 e20417cc
[    2.051689] TCP cubic registered
[    2.051742] NET: Registered protocol family 10
[    2.051774] RANDOM - __random32 called. Change num 12.  Value: 8f3eba68	c1db9b96	544fe79f
[    2.051776] RANDOM - random32 called.  Value: 8f3eba68	c1db9b96	544fe79f
[    2.051785] random 0000 0000 0000 37d49d89 e20417cc: rand_read_num 5 get_random_bytes(4): sig 00000298 37d49d89 e20417cc
[    2.051787] random 0000 0000 0000 37d49d89 e20417cc: extract_entropy(.. 4 ..)
[    2.051789] random 0000 0000 0000 37d49d89 e20417cc: going to reseed nonblocking with 64 bits (32 of 0 requested)
[    2.051791] random 0000 0000 0000 37d49d89 e20417cc: extract_entropy(.. 8 ..)
[    2.051793] random 0000 0000 0000 37d49d89 e20417cc: trying to extract 64 bits from input
[    2.051795] random 0000 0000 0000 37d49d89 e20417cc: debiting 0 entropy credits from input
[    2.051797] random 0000 0000 0000 37d49d89 e20417cc: extract_entropy account returned: 0 
[    2.051800] random 0000 0000 0000 37d49d89 e20417cc: urand_change_num 22 xfer_secondary_pool(4): pool_sig 00000298, data_sig 00000000, bytes_mixed 0 37d49d89 e20417cc
[    2.051802] random 0000 0000 0000 37d49d89 e20417cc: trying to extract 32 bits from nonblocking
[    2.051805] random 0000 0000 0000 37d49d89 e20417cc: debiting 32 entropy credits from nonblocking (unlimited)
[    2.051807] random 0000 0000 0000 37d49d89 e20417cc: extract_entropy account returned: 4 
[    2.051810] random 0000 0000 0000 37d49d89 e20417cc: urand_change_num 23 extract_buf: pool_sig 00000298, data_sig 00000092, bytes_mixed 20 37d49d89 e20417cc
[    2.051862] RANDOM - __random32 called. Change num 13.  Value: eba68b0e	1db9b963	cf3ec61b
[    2.051865] RANDOM - random32 called.  Value: eba68b0e	1db9b963	cf3ec61b
[    2.051917] NET: Registered protocol family 17
[    2.051937] Using IPI No-Shortcut mode
[    2.051942] random 0000 0000 0000 2ee4c4fc 167bdb15: rand_read_num 6 get_random_bytes(8): sig fffffcbf 2ee4c4fc 167bdb15
[    2.051944] random 0000 0000 0000 2ee4c4fc 167bdb15: extract_entropy(.. 8 ..)
[    2.051946] random 0000 0000 0000 2ee4c4fc 167bdb15: going to reseed nonblocking with 64 bits (64 of 0 requested)
[    2.051948] random 0000 0000 0000 2ee4c4fc 167bdb15: extract_entropy(.. 8 ..)
[    2.051950] random 0000 0000 0000 2ee4c4fc 167bdb15: trying to extract 64 bits from input
[    2.051952] random 0000 0000 0000 2ee4c4fc 167bdb15: debiting 0 entropy credits from input
[    2.051954] random 0000 0000 0000 2ee4c4fc 167bdb15: extract_entropy account returned: 0 
[    2.051957] random 0000 0000 0000 2ee4c4fc 167bdb15: urand_change_num 24 xfer_secondary_pool(8): pool_sig fffffcbf, data_sig 00000000, bytes_mixed 0 2ee4c4fc 167bdb15
[    2.051960] random 0000 0000 0000 2ee4c4fc 167bdb15: trying to extract 64 bits from nonblocking
[    2.051962] random 0000 0000 0000 2ee4c4fc 167bdb15: debiting 64 entropy credits from nonblocking (unlimited)
[    2.051964] random 0000 0000 0000 2ee4c4fc 167bdb15: extract_entropy account returned: 8 
[    2.051967] random 0000 0000 0000 2ee4c4fc 167bdb15: urand_change_num 25 extract_buf: pool_sig fffffcbf, data_sig ffffff83, bytes_mixed 20 2ee4c4fc 167bdb15
[    2.052005] PM: Resume from disk failed.
[    2.052012] registered taskstats version 1
[    2.052015] random 0000 0000 0000 2ee4c4fc 167bdb15: rand_read_num 7 get_random_bytes(12): sig fffffc69 2ee4c4fc 167bdb15
[    2.052017] random 0000 0000 0000 2ee4c4fc 167bdb15: extract_entropy(.. 12 ..)
[    2.052020] random 0000 0000 0000 2ee4c4fc 167bdb15: going to reseed nonblocking with 96 bits (96 of 0 requested)
[    2.052022] random 0000 0000 0000 2ee4c4fc 167bdb15: extract_entropy(.. 12 ..)
[    2.052024] random 0000 0000 0000 2ee4c4fc 167bdb15: trying to extract 96 bits from input
[    2.052026] random 0000 0000 0000 2ee4c4fc 167bdb15: debiting 0 entropy credits from input
[    2.052028] random 0000 0000 0000 2ee4c4fc 167bdb15: extract_entropy account returned: 0 
[    2.052030] random 0000 0000 0000 2ee4c4fc 167bdb15: urand_change_num 26 xfer_secondary_pool(12): pool_sig fffffc69, data_sig 00000000, bytes_mixed 0 2ee4c4fc 167bdb15
[    2.052033] random 0000 0000 0000 2ee4c4fc 167bdb15: trying to extract 96 bits from nonblocking
[    2.052035] random 0000 0000 0000 2ee4c4fc 167bdb15: debiting 96 entropy credits from nonblocking (unlimited)
[    2.052037] random 0000 0000 0000 2ee4c4fc 167bdb15: extract_entropy account returned: 12 
[    2.052040] random 0000 0000 0000 2ee4c4fc 167bdb15: urand_change_num 27 extract_buf: pool_sig fffffc69, data_sig ffffff7d, bytes_mixed 20 2ee4c4fc 167bdb15
[    2.052045] random 0000 0000 0000 83b7c1ab 94697f48: urand_change_num 28 extract_buf: pool_sig fffffe30, data_sig fffffdd6, bytes_mixed 20 83b7c1ab 94697f48
[    2.052047] RANDOM - __seed init called.
[    2.052048] RANDOM - __seed init called.
[    2.052050] RANDOM - __seed init called.
[    2.052051] RANDOM - __random32 called. Change num 14.  Value: fc007995	feca4f80	21b38ad2
[    2.052053] RANDOM - random32_reseed called.  Value: fc007995	feca4f80	21b38ad2
[    2.052055] Pid: 1, comm: swapper Not tainted 2.6.32.57 #4
[    2.052057] Call Trace:
[    2.052062]  [<c14a8a0e>] ? printk+0x1d/0x1f
[    2.052067]  [<c17537e5>] random32_reseed+0x89/0xbd
[    2.052070]  [<c1003042>] do_one_initcall+0x32/0x1a0
[    2.052072]  [<c175375c>] ? random32_reseed+0x0/0xbd
[    2.052075]  [<c17308e7>] kernel_init+0x12d/0x17a
[    2.052077]  [<c17307ba>] ? kernel_init+0x0/0x17a
[    2.052080]  [<c1009b07>] kernel_thread_helper+0x7/0x10
[    2.054808] input: AT Translated Set 2 keyboard as /devices/platform/i8042/serio0/input/input1
[    2.055085] random 0000 0000 0000 6db70b00 b30ce96b: rand_read_num 8 get_random_bytes(64): sig fffffb38 6db70b00 b30ce96b
[    2.055088] random 0000 0000 0000 6db70b00 b30ce96b: extract_entropy(.. 64 ..)
[    2.055090] random 0000 0000 0000 6db70b00 b30ce96b: going to reseed nonblocking with 512 bits (512 of 0 requested)
[    2.055093] random 0000 0000 0000 6db70b00 b30ce96b: extract_entropy(.. 64 ..)
[    2.055095] random 0000 0000 0000 6db70b00 b30ce96b: trying to extract 512 bits from input
[    2.055097] random 0000 0000 0000 6db70b00 b30ce96b: debiting 0 entropy credits from input
[    2.055099] random 0000 0000 0000 6db70b00 b30ce96b: extract_entropy account returned: 0 
[    2.055102] random 0000 0000 0000 6db70b00 b30ce96b: urand_change_num 29 xfer_secondary_pool(64): pool_sig fffffb38, data_sig 00000000, bytes_mixed 0 6db70b00 b30ce96b
[    2.055104] random 0000 0000 0000 6db70b00 b30ce96b: trying to extract 512 bits from nonblocking
[    2.055106] random 0000 0000 0000 6db70b00 b30ce96b: debiting 512 entropy credits from nonblocking (unlimited)
[    2.055109] random 0000 0000 0000 6db70b00 b30ce96b: extract_entropy account returned: 64 
[    2.055112] random 0000 0000 0000 6db70b00 b30ce96b: urand_change_num 30 extract_buf: pool_sig fffffb38, data_sig 00000151, bytes_mixed 20 6db70b00 b30ce96b
[    2.055116] random 0000 0000 0000 6db70b00 b30ce96b: urand_change_num 31 extract_buf: pool_sig fffffdb8, data_sig 00000379, bytes_mixed 20 6db70b00 b30ce96b
[    2.055120] random 0000 0000 0000 6b83001e d4b6c0d3: urand_change_num 32 extract_buf: pool_sig ffffffc9, data_sig 00000198, bytes_mixed 20 6b83001e d4b6c0d3
[    2.055124] random 0000 0000 0000 79d3e3c7 be564518: urand_change_num 33 extract_buf: pool_sig 000002b9, data_sig ffffff84, bytes_mixed 20 79d3e3c7 be564518
[    2.055129] random 0000 0000 0000 79d3e3c7 be564518: urand_change_num 34 extract_buf: pool_sig ffffff55, data_sig ffffff5a, bytes_mixed 20 79d3e3c7 be564518
[    2.055133] random 0000 0000 0000 89c03cb2 0d353228: urand_change_num 35 extract_buf: pool_sig 00000007, data_sig ffffff17, bytes_mixed 20 89c03cb2 0d353228
[    2.055137] random 0000 0000 0000 89c03cb2 0d353228: urand_change_num 36 extract_buf: pool_sig fffffdae, data_sig 000000db, bytes_mixed 20 89c03cb2 0d353228  Magic number: 13:750:100
[    2.055227] rtc_cmos 00:04: setting system clock to 2013-05-24 23:03:15 UTC (1369436595)
[    2.055229] BIOS EDD facility v0.16 2004-Jun-25, 0 devices found
[    2.055231] EDD information not available.
[    2.055253] random 0000 0000 0000 8ca62387 b120332c: rand_read_num 9 get_random_bytes(64): sig fffffed6 8ca62387 b120332c
[    2.055255] random 0000 0000 0000 8ca62387 b120332c: extract_entropy(.. 64 ..)
[    2.055258] random 0000 0000 0000 8ca62387 b120332c: going to reseed nonblocking with 512 bits (512 of 0 requested)
[    2.055260] random 0000 0000 0000 8ca62387 b120332c: extract_entropy(.. 64 ..)
[    2.055262] random 0000 0000 0000 8ca62387 b120332c: trying to extract 512 bits from input
[    2.055264] random 0000 0000 0000 8ca62387 b120332c: debiting 0 entropy credits from input
[    2.055266] random 0000 0000 0000 8ca62387 b120332c: extract_entropy account returned: 0 
[    2.055269] random 0000 0000 0000 8ca62387 b120332c: urand_change_num 37 xfer_secondary_pool(64): pool_sig fffffed6, data_sig 00000000, bytes_mixed 0 8ca62387 b120332c
[    2.055271] random 0000 0000 0000 8ca62387 b120332c: trying to extract 512 bits from nonblocking
[    2.055273] random 0000 0000 0000 8ca62387 b120332c: debiting 512 entropy credits from nonblocking (unlimited)
[    2.055275] random 0000 0000 0000 8ca62387 b120332c: extract_entropy account returned: 64 
[    2.055279] random 0000 0000 0000 8ca62387 b120332c: urand_change_num 38 extract_buf: pool_sig fffffed6, data_sig fffffeb6, bytes_mixed 20 8ca62387 b120332c
[    2.055283] random 0000 0000 0000 90702413 e2a66c2e: urand_change_num 39 extract_buf: pool_sig fffffbb0, data_sig 0000012e, bytes_mixed 20 90702413 e2a66c2e
[    2.055287] random 0000 0000 0000 90702413 e2a66c2e: urand_change_num 40 extract_buf: pool_sig fffffaf1, data_sig ffffff3c, bytes_mixed 20 90702413 e2a66c2e
[    2.055291] random 0000 0000 0000 3f58038b c77aecb6: urand_change_num 41 extract_buf: pool_sig 00000234, data_sig fffffdec, bytes_mixed 20 3f58038b c77aecb6
[    2.055295] random 0000 0000 0000 47187b9d 03f21510: urand_change_num 42 extract_buf: pool_sig 00000192, data_sig 00000075, bytes_mixed 20 47187b9d 03f21510
[    2.055299] random 0000 0000 0000 47187b9d 03f21510: urand_change_num 43 extract_buf: pool_sig 0000018e, data_sig ffffffbf, bytes_mixed 20 47187b9d 03f21510
[    2.055303] random 0000 0000 0000 3180b1fc 0fa9c973: urand_change_num 44 extract_buf: pool_sig fffffecf, data_sig ffffff2a, bytes_mixed 20 3180b1fc 0fa9c973
[    2.055306] BEGIN NET_SECRET:
[    2.055307] \xffffff87
[    2.055308] \xffffff8d
[    2.055309] \xfffffff4
[    2.055310] \xffffffae
[    2.055311] \xffffffc3
[    2.055313] \xffffffb7
[    2.055314] \x31
[    2.055315] \x65
[    2.055316] \xffffffda
[    2.055317] \xffffffa2
[    2.055318] \x31
[    2.055319] \xffffffc8
[    2.055320] \xffffffa9
[    2.055321] \x76
[    2.055322] \x76
[    2.055323] \xffffff90
[    2.055324] \x55
[    2.055325] \xfffffff3
[    2.055327] \xffffffb1
[    2.055328] \x3
[    2.055329] \xffffffb3
[    2.055330] \xffffffa7
[    2.055331] \x5a
[    2.055332] \x71
[    2.055333] \x70
[    2.055334] \xffffff8c
[    2.055335] \x56
[    2.055336] \x25
[    2.055337] \xffffffe1
[    2.055338] \x4c
[    2.055339] \xffffffe6
[    2.055340] \xffffff95
[    2.055341] \x67
[    2.055342] \x4c
[    2.055344] \xffffffb9
[    2.055345] \x1d
[    2.055346] \xe
[    2.055347] \x34
[    2.055348] \xffffffbe
[    2.055349] \x12
[    2.055350] \x5
[    2.055351] \xffffff98
[    2.055352] \xffffffa0
[    2.055353] \xf
[    2.055354] \xffffffb2
[    2.055355] \xffffffde
[    2.055356] \xffffff99
[    2.055357] \xf
[    2.055358] \xffffffe8
[    2.055359] \xffffffc8
[    2.055361] \x1f
[    2.055362] \x54
[    2.055363] \x2c
[    2.055364] \xffffffee
[    2.055365] \x2e
[    2.055366] \x0
[    2.055367] \xffffff95
[    2.055368] \x0
[    2.055369] \xffffffe3
[    2.055370] \xffffffa7
[    2.055371] \xfffffffd
[    2.055372] \x66
[    2.055373] \xffffff92
[    2.055374] \xfffffff0
[    2.055375] 
[    2.055376] END NET_SECRET
[    2.055379] random 0000 0000 0000 3180b1fc 0fa9c973: rand_read_num 10 get_random_bytes(4): sig ffffff46 3180b1fc 0fa9c973
[    2.055381] random 0000 0000 0000 3180b1fc 0fa9c973: extract_entropy(.. 4 ..)
[    2.055383] random 0000 0000 0000 3180b1fc 0fa9c973: going to reseed nonblocking with 64 bits (32 of 0 requested)
[    2.055385] random 0000 0000 0000 3180b1fc 0fa9c973: extract_entropy(.. 8 ..)
[    2.055387] random 0000 0000 0000 3180b1fc 0fa9c973: trying to extract 64 bits from input
[    2.055389] random 0000 0000 0000 3180b1fc 0fa9c973: debiting 0 entropy credits from input
[    2.055391] random 0000 0000 0000 3180b1fc 0fa9c973: extract_entropy account returned: 0 
[    2.055394] random 0000 0000 0000 3180b1fc 0fa9c973: urand_change_num 45 xfer_secondary_pool(4): pool_sig ffffff46, data_sig 00000000, bytes_mixed 0 3180b1fc 0fa9c973
[    2.055396] random 0000 0000 0000 3180b1fc 0fa9c973: trying to extract 32 bits from nonblocking
[    2.055398] random 0000 0000 0000 3180b1fc 0fa9c973: debiting 32 entropy credits from nonblocking (unlimited)
[    2.055400] random 0000 0000 0000 3180b1fc 0fa9c973: extract_entropy account returned: 4 
[    2.055404] random 0000 0000 0000 3180b1fc 0fa9c973: urand_change_num 46 extract_buf: pool_sig ffffff46, data_sig 0000001b, bytes_mixed 20 3180b1fc 0fa9c973
[    2.230688] ata2.00: ATAPI: VMware Virtual IDE CDROM Drive, 00000001, max UDMA/33
[    2.230996] ata2.00: configured for UDMA/33
[    2.231375] scsi 1:0:0:0: CD-ROM            NECVMWar VMware IDE CDR10 1.00 PQ: 0 ANSI: 5
[    2.232597] sr0: scsi3-mmc drive: 306x/306x cd/rw xa/form2 cdda tray
[    2.232600] Uniform CD-ROM driver Revision: 3.20
[    2.232653] sr 1:0:0:0: Attached scsi CD-ROM sr0
[    2.232688] sr 1:0:0:0: Attached scsi generic sg0 type 5
[    2.232723] Freeing unused kernel memory: 652k freed
[    2.232775] Write protecting the kernel text: 4840k
[    2.232806] Write protecting the kernel read-only data: 1968k
[    2.232896] random 0000 0000 0000 38974d2b 1d8d6de0: rand_read_num 11 get_random_bytes(16): sig 000001c6 38974d2b 1d8d6de0
