[    0.000000] random 0000 0000 0000 00000000 00000000: rand_read_num 1 get_random_bytes(8): sig 00000000 00000000 00000000
[    0.000000] random 0000 0000 0000 00000000 00000000: extract_entropy(.. 8 ..)
[    0.000000] random 0000 0000 0000 00000000 00000000: going to reseed nonblocking with 64 bits (64 of 0 requested)
[    0.000000] random 0000 0000 0000 00000000 00000000: extract_entropy(.. 8 ..)
[    0.000000] random 0000 0000 0000 00000000 00000000: trying to extract 64 bits from input
[    0.000000] random 0000 0000 0000 00000000 00000000: debiting 0 entropy credits from input
[    0.000000] random 0000 0000 0000 00000000 00000000: extract_entropy account returned: 0 
[    0.000000] random 0000 0000 0000 00000000 00000000: urand_change_num 1 xfer_secondary_pool(8): pool_sig 00000000, data_sig 00000000, bytes_mixed 0 00000000 00000000
[    0.000000] random 0000 0000 0000 00000000 00000000: trying to extract 64 bits from nonblocking
[    0.000000] random 0000 0000 0000 00000000 00000000: debiting 64 entropy credits from nonblocking (unlimited)
[    0.000000] random 0000 0000 0000 00000000 00000000: extract_entropy account returned: 8 
[    0.000000] random 0000 0000 0000 00000000 00000000: urand_change_num 2 extract_buf: pool_sig 00000000, data_sig fffffff9, bytes_mixed 20 00000000 00000000
[    0.000000] Initializing cgroup subsys cpuset
[    0.000000] Initializing cgroup subsys cpu
[    0.000000] Linux version 2.6.32.57 (dcashman@ubuntu) (gcc version 4.6.3 (Ubuntu/Linaro 4.6.3-1ubuntu5) ) #4 SMP Fri May 24 11:09:26 PDT 2013
[    0.000000] KERNEL supported cpus:
[    0.000000]   Intel GenuineIntel
[    0.000000]   AMD AuthenticAMD
[    0.000000]   NSC Geode by NSC
[    0.000000]   Cyrix CyrixInstead
[    0.000000]   Centaur CentaurHauls
[    0.000000]   Transmeta GenuineTMx86
[    0.000000]   Transmeta TransmetaCPU
[    0.000000]   UMC UMC UMC UMC
[    0.000000] BIOS-provided physical RAM map:
[    0.000000]  BIOS-e820: 0000000000000000 - 000000000009f000 (usable)
[    0.000000]  BIOS-e820: 000000000009f000 - 00000000000a0000 (reserved)
[    0.000000]  BIOS-e820: 00000000000ca000 - 00000000000cc000 (reserved)
[    0.000000]  BIOS-e820: 00000000000dc000 - 0000000000100000 (reserved)
[    0.000000]  BIOS-e820: 0000000000100000 - 000000003fee0000 (usable)
[    0.000000]  BIOS-e820: 000000003fee0000 - 000000003feff000 (ACPI data)
[    0.000000]  BIOS-e820: 000000003feff000 - 000000003ff00000 (ACPI NVS)
[    0.000000]  BIOS-e820: 000000003ff00000 - 0000000040000000 (usable)
[    0.000000]  BIOS-e820: 00000000e0000000 - 00000000f0000000 (reserved)
[    0.000000]  BIOS-e820: 00000000fec00000 - 00000000fec10000 (reserved)
[    0.000000]  BIOS-e820: 00000000fee00000 - 00000000fee01000 (reserved)
[    0.000000]  BIOS-e820: 00000000fffe0000 - 0000000100000000 (reserved)
[    0.000000] DMI present.
[    0.000000] Phoenix BIOS detected: BIOS may corrupt low RAM, working around it.
[    0.000000] e820 update range: 0000000000000000 - 0000000000010000 (usable) ==> (reserved)
[    0.000000] last_pfn = 0x40000 max_arch_pfn = 0x1000000
[    0.000000] MTRR default type: uncachable
[    0.000000] MTRR fixed ranges enabled:
[    0.000000]   00000-9FFFF write-back
[    0.000000]   A0000-BFFFF uncachable
[    0.000000]   C0000-CBFFF write-protect
[    0.000000]   CC000-EFFFF uncachable
[    0.000000]   F0000-FFFFF write-protect
[    0.000000] MTRR variable ranges enabled:
[    0.000000]   0 base 0000000000 mask FFC0000000 write-back
[    0.000000]   1 disabled
[    0.000000]   2 disabled
[    0.000000]   3 disabled
[    0.000000]   4 disabled
[    0.000000]   5 disabled
[    0.000000]   6 disabled
[    0.000000]   7 disabled
[    0.000000] x86 PAT enabled: cpu 0, old 0x0, new 0x7010600070106
[    0.000000] Scanning 0 areas for low memory corruption
[    0.000000] modified physical RAM map:
[    0.000000]  modified: 0000000000000000 - 0000000000010000 (reserved)
[    0.000000]  modified: 0000000000010000 - 000000000009f000 (usable)
[    0.000000]  modified: 000000000009f000 - 00000000000a0000 (reserved)
[    0.000000]  modified: 00000000000ca000 - 00000000000cc000 (reserved)
[    0.000000]  modified: 00000000000dc000 - 0000000000100000 (reserved)
[    0.000000]  modified: 0000000000100000 - 000000003fee0000 (usable)
[    0.000000]  modified: 000000003fee0000 - 000000003feff000 (ACPI data)
[    0.000000]  modified: 000000003feff000 - 000000003ff00000 (ACPI NVS)
[    0.000000]  modified: 000000003ff00000 - 0000000040000000 (usable)
[    0.000000]  modified: 00000000e0000000 - 00000000f0000000 (reserved)
[    0.000000]  modified: 00000000fec00000 - 00000000fec10000 (reserved)
[    0.000000]  modified: 00000000fee00000 - 00000000fee01000 (reserved)
[    0.000000]  modified: 00000000fffe0000 - 0000000100000000 (reserved)
[    0.000000] initial memory mapped : 0 - 01e00000
[    0.000000] init_memory_mapping: 0000000000000000-00000000379fe000
[    0.000000] NX (Execute Disable) protection: active
[    0.000000]  0000000000 - 0000200000 page 4k
[    0.000000]  0000200000 - 0037800000 page 2M
[    0.000000]  0037800000 - 00379fe000 page 4k
[    0.000000] kernel direct mapping tables up to 379fe000 @ 10000-16000
[    0.000000] RAMDISK: 2dcfc000 - 32e758c3
[    0.000000] ACPI: RSDP 000f6b80 00024 (v02 PTLTD )
[    0.000000] ACPI: XSDT 3feed636 0005C (v01 INTEL  440BX    06040000 VMW  01324272)
[    0.000000] ACPI: FACP 3fefee98 000F4 (v04 INTEL  440BX    06040000 PTL  000F4240)
[    0.000000] ACPI: DSDT 3feee366 10B32 (v01 PTLTD  Custom   06040000 MSFT 03000001)
[    0.000000] ACPI: FACS 3fefffc0 00040
[    0.000000] ACPI: BOOT 3feee33e 00028 (v01 PTLTD  $SBFTBL$ 06040000  LTP 00000001)
[    0.000000] ACPI: APIC 3feedc3e 003C2 (v01 PTLTD  ? APIC   06040000  LTP 00000000)
[    0.000000] ACPI: MCFG 3feedc02 0003C (v01 PTLTD  $PCITBL$ 06040000  LTP 00000001)
[    0.000000] ACPI: SRAT 3feed732 004D0 (v02 VMWARE MEMPLUG  06040000 VMW  00000001)
[    0.000000] ACPI: HPET 3feed6fa 00038 (v01 VMWARE VMW HPET 06040000 VMW  00000001)
[    0.000000] ACPI: WAET 3feed6d2 00028 (v01 VMWARE VMW WAET 06040000 VMW  00000001)
[    0.000000] ACPI: Local APIC address 0xfee00000
[    0.000000] 134MB HIGHMEM available.
[    0.000000] 889MB LOWMEM available.
[    0.000000]   mapped low ram: 0 - 379fe000
[    0.000000]   low ram: 0 - 379fe000
[    0.000000]   node 0 low ram: 00000000 - 379fe000
[    0.000000]   node 0 bootmap 00012000 - 00018f40
[    0.000000] (9 early reservations) ==> bootmem [0000000000 - 00379fe000]
[    0.000000]   #0 [0000000000 - 0000001000]   BIOS data page ==> [0000000000 - 0000001000]
[    0.000000]   #1 [0000001000 - 0000002000]    EX TRAMPOLINE ==> [0000001000 - 0000002000]
[    0.000000]   #2 [0000006000 - 0000007000]       TRAMPOLINE ==> [0000006000 - 0000007000]
[    0.000000]   #3 [0001000000 - 0001a75ff8]    TEXT DATA BSS ==> [0001000000 - 0001a75ff8]
[    0.000000]   #4 [002dcfc000 - 0032e758c3]          RAMDISK ==> [002dcfc000 - 0032e758c3]
[    0.000000]   #5 [000009f000 - 0000100000]    BIOS reserved ==> [000009f000 - 0000100000]
[    0.000000]   #6 [0001a76000 - 0001a851c0]              BRK ==> [0001a76000 - 0001a851c0]
[    0.000000]   #7 [0000010000 - 0000012000]          PGTABLE ==> [0000010000 - 0000012000]
[    0.000000]   #8 [0000012000 - 0000019000]          BOOTMAP ==> [0000012000 - 0000019000]
[    0.000000] found SMP MP-table at [c00f6bf0] f6bf0
[    0.000000] Zone PFN ranges:
[    0.000000]   DMA      0x00000010 -> 0x00001000
[    0.000000]   Normal   0x00001000 -> 0x000379fe
[    0.000000]   HighMem  0x000379fe -> 0x00040000
[    0.000000] Movable zone start PFN for each node
[    0.000000] early_node_map[3] active PFN ranges
[    0.000000]     0: 0x00000010 -> 0x0000009f
[    0.000000]     0: 0x00000100 -> 0x0003fee0
[    0.000000]     0: 0x0003ff00 -> 0x00040000
[    0.000000] On node 0 totalpages: 261999
[    0.000000] free_area_init_node: node 0, pgdat c1715200, node_mem_map c1a87200
[    0.000000]   DMA zone: 32 pages used for memmap
[    0.000000]   DMA zone: 0 pages reserved
[    0.000000]   DMA zone: 3951 pages, LIFO batch:0
[    0.000000]   Normal zone: 1748 pages used for memmap
[    0.000000]   Normal zone: 221994 pages, LIFO batch:31
[    0.000000]   HighMem zone: 269 pages used for memmap
[    0.000000]   HighMem zone: 34005 pages, LIFO batch:7
[    0.000000] Using APIC driver default
[    0.000000] ACPI: PM-Timer IO Port: 0x1008
[    0.000000] ACPI: Local APIC address 0xfee00000
[    0.000000] ACPI: LAPIC (acpi_id[0x00] lapic_id[0x00] enabled)
[    0.000000] ACPI: LAPIC (acpi_id[0x01] lapic_id[0x02] disabled)
[    0.000000] ACPI: LAPIC (acpi_id[0x02] lapic_id[0x04] disabled)
[    0.000000] ACPI: LAPIC (acpi_id[0x03] lapic_id[0x06] disabled)
[    0.000000] ACPI: LAPIC (acpi_id[0x04] lapic_id[0x08] disabled)
[    0.000000] ACPI: LAPIC (acpi_id[0x05] lapic_id[0x0a] disabled)
[    0.000000] ACPI: LAPIC (acpi_id[0x06] lapic_id[0x0c] disabled)
[    0.000000] ACPI: LAPIC (acpi_id[0x07] lapic_id[0x0e] disabled)
[    0.000000] ACPI: LAPIC (acpi_id[0x08] lapic_id[0x10] disabled)
[    0.000000] ACPI: LAPIC (acpi_id[0x09] lapic_id[0x12] disabled)
[    0.000000] ACPI: LAPIC (acpi_id[0x0a] lapic_id[0x14] disabled)
[    0.000000] ACPI: LAPIC (acpi_id[0x0b] lapic_id[0x16] disabled)
[    0.000000] ACPI: LAPIC (acpi_id[0x0c] lapic_id[0x18] disabled)
[    0.000000] ACPI: LAPIC (acpi_id[0x0d] lapic_id[0x1a] disabled)
[    0.000000] ACPI: LAPIC (acpi_id[0x0e] lapic_id[0x1c] disabled)
[    0.000000] ACPI: LAPIC (acpi_id[0x0f] lapic_id[0x1e] disabled)
[    0.000000] ACPI: LAPIC (acpi_id[0x10] lapic_id[0x20] disabled)
[    0.000000] ACPI: LAPIC (acpi_id[0x11] lapic_id[0x22] disabled)
[    0.000000] ACPI: LAPIC (acpi_id[0x12] lapic_id[0x24] disabled)
[    0.000000] ACPI: LAPIC (acpi_id[0x13] lapic_id[0x26] disabled)
[    0.000000] ACPI: LAPIC (acpi_id[0x14] lapic_id[0x28] disabled)
[    0.000000] ACPI: LAPIC (acpi_id[0x15] lapic_id[0x2a] disabled)
[    0.000000] ACPI: LAPIC (acpi_id[0x16] lapic_id[0x2c] disabled)
[    0.000000] ACPI: LAPIC (acpi_id[0x17] lapic_id[0x2e] disabled)
[    0.000000] ACPI: LAPIC (acpi_id[0x18] lapic_id[0x30] disabled)
[    0.000000] ACPI: LAPIC (acpi_id[0x19] lapic_id[0x32] disabled)
[    0.000000] ACPI: LAPIC (acpi_id[0x1a] lapic_id[0x34] disabled)
[    0.000000] ACPI: LAPIC (acpi_id[0x1b] lapic_id[0x36] disabled)
[    0.000000] ACPI: LAPIC (acpi_id[0x1c] lapic_id[0x38] disabled)
[    0.000000] ACPI: LAPIC (acpi_id[0x1d] lapic_id[0x3a] disabled)
[    0.000000] ACPI: LAPIC (acpi_id[0x1e] lapic_id[0x3c] disabled)
[    0.000000] ACPI: LAPIC (acpi_id[0x1f] lapic_id[0x3e] disabled)
[    0.000000] ACPI: LAPIC (acpi_id[0x20] lapic_id[0x40] disabled)
[    0.000000] ACPI: LAPIC (acpi_id[0x21] lapic_id[0x42] disabled)
[    0.000000] ACPI: LAPIC (acpi_id[0x22] lapic_id[0x44] disabled)
[    0.000000] ACPI: LAPIC (acpi_id[0x23] lapic_id[0x46] disabled)
[    0.000000] ACPI: LAPIC (acpi_id[0x24] lapic_id[0x48] disabled)
[    0.000000] ACPI: LAPIC (acpi_id[0x25] lapic_id[0x4a] disabled)
[    0.000000] ACPI: LAPIC (acpi_id[0x26] lapic_id[0x4c] disabled)
[    0.000000] ACPI: LAPIC (acpi_id[0x27] lapic_id[0x4e] disabled)
[    0.000000] ACPI: LAPIC (acpi_id[0x28] lapic_id[0x50] disabled)
[    0.000000] ACPI: LAPIC (acpi_id[0x29] lapic_id[0x52] disabled)
[    0.000000] ACPI: LAPIC (acpi_id[0x2a] lapic_id[0x54] disabled)
[    0.000000] ACPI: LAPIC (acpi_id[0x2b] lapic_id[0x56] disabled)
[    0.000000] ACPI: LAPIC (acpi_id[0x2c] lapic_id[0x58] disabled)
[    0.000000] ACPI: LAPIC (acpi_id[0x2d] lapic_id[0x5a] disabled)
[    0.000000] ACPI: LAPIC (acpi_id[0x2e] lapic_id[0x5c] disabled)
[    0.000000] ACPI: LAPIC (acpi_id[0x2f] lapic_id[0x5e] disabled)
[    0.000000] ACPI: LAPIC (acpi_id[0x30] lapic_id[0x60] disabled)
[    0.000000] ACPI: LAPIC (acpi_id[0x31] lapic_id[0x62] disabled)
[    0.000000] ACPI: LAPIC (acpi_id[0x32] lapic_id[0x64] disabled)
[    0.000000] ACPI: LAPIC (acpi_id[0x33] lapic_id[0x66] disabled)
[    0.000000] ACPI: LAPIC (acpi_id[0x34] lapic_id[0x68] disabled)
[    0.000000] ACPI: LAPIC (acpi_id[0x35] lapic_id[0x6a] disabled)
[    0.000000] ACPI: LAPIC (acpi_id[0x36] lapic_id[0x6c] disabled)
[    0.000000] ACPI: LAPIC (acpi_id[0x37] lapic_id[0x6e] disabled)
[    0.000000] ACPI: LAPIC (acpi_id[0x38] lapic_id[0x70] disabled)
[    0.000000] ACPI: LAPIC (acpi_id[0x39] lapic_id[0x72] disabled)
[    0.000000] ACPI: LAPIC (acpi_id[0x3a] lapic_id[0x74] disabled)
[    0.000000] ACPI: LAPIC (acpi_id[0x3b] lapic_id[0x76] disabled)
[    0.000000] ACPI: LAPIC (acpi_id[0x3c] lapic_id[0x78] disabled)
[    0.000000] ACPI: LAPIC (acpi_id[0x3d] lapic_id[0x7a] disabled)
[    0.000000] ACPI: LAPIC (acpi_id[0x3e] lapic_id[0x7c] disabled)
[    0.000000] ACPI: LAPIC (acpi_id[0x3f] lapic_id[0x7e] disabled)
[    0.000000] ACPI: LAPIC_NMI (acpi_id[0x00] high edge lint[0x1])
[    0.000000] ACPI: LAPIC_NMI (acpi_id[0x01] high edge lint[0x1])
[    0.000000] ACPI: LAPIC_NMI (acpi_id[0x02] high edge lint[0x1])
[    0.000000] ACPI: LAPIC_NMI (acpi_id[0x03] high edge lint[0x1])
[    0.000000] ACPI: LAPIC_NMI (acpi_id[0x04] high edge lint[0x1])
[    0.000000] ACPI: LAPIC_NMI (acpi_id[0x05] high edge lint[0x1])
[    0.000000] ACPI: LAPIC_NMI (acpi_id[0x06] high edge lint[0x1])
[    0.000000] ACPI: LAPIC_NMI (acpi_id[0x07] high edge lint[0x1])
[    0.000000] ACPI: LAPIC_NMI (acpi_id[0x08] high edge lint[0x1])
[    0.000000] ACPI: LAPIC_NMI (acpi_id[0x09] high edge lint[0x1])
[    0.000000] ACPI: LAPIC_NMI (acpi_id[0x0a] high edge lint[0x1])
[    0.000000] ACPI: LAPIC_NMI (acpi_id[0x0b] high edge lint[0x1])
[    0.000000] ACPI: LAPIC_NMI (acpi_id[0x0c] high edge lint[0x1])
[    0.000000] ACPI: LAPIC_NMI (acpi_id[0x0d] high edge lint[0x1])
[    0.000000] ACPI: LAPIC_NMI (acpi_id[0x0e] high edge lint[0x1])
[    0.000000] ACPI: LAPIC_NMI (acpi_id[0x0f] high edge lint[0x1])
[    0.000000] ACPI: LAPIC_NMI (acpi_id[0x10] high edge lint[0x1])
[    0.000000] ACPI: LAPIC_NMI (acpi_id[0x11] high edge lint[0x1])
[    0.000000] ACPI: LAPIC_NMI (acpi_id[0x12] high edge lint[0x1])
[    0.000000] ACPI: LAPIC_NMI (acpi_id[0x13] high edge lint[0x1])
[    0.000000] ACPI: LAPIC_NMI (acpi_id[0x14] high edge lint[0x1])
[    0.000000] ACPI: LAPIC_NMI (acpi_id[0x15] high edge lint[0x1])
[    0.000000] ACPI: LAPIC_NMI (acpi_id[0x16] high edge lint[0x1])
[    0.000000] ACPI: LAPIC_NMI (acpi_id[0x17] high edge lint[0x1])
[    0.000000] ACPI: LAPIC_NMI (acpi_id[0x18] high edge lint[0x1])
[    0.000000] ACPI: LAPIC_NMI (acpi_id[0x19] high edge lint[0x1])
[    0.000000] ACPI: LAPIC_NMI (acpi_id[0x1a] high edge lint[0x1])
[    0.000000] ACPI: LAPIC_NMI (acpi_id[0x1b] high edge lint[0x1])
[    0.000000] ACPI: LAPIC_NMI (acpi_id[0x1c] high edge lint[0x1])
[    0.000000] ACPI: LAPIC_NMI (acpi_id[0x1d] high edge lint[0x1])
[    0.000000] ACPI: LAPIC_NMI (acpi_id[0x1e] high edge lint[0x1])
[    0.000000] ACPI: LAPIC_NMI (acpi_id[0x1f] high edge lint[0x1])
[    0.000000] ACPI: LAPIC_NMI (acpi_id[0x20] high edge lint[0x1])
[    0.000000] ACPI: LAPIC_NMI (acpi_id[0x21] high edge lint[0x1])
[    0.000000] ACPI: LAPIC_NMI (acpi_id[0x22] high edge lint[0x1])
[    0.000000] ACPI: LAPIC_NMI (acpi_id[0x23] high edge lint[0x1])
[    0.000000] ACPI: LAPIC_NMI (acpi_id[0x24] high edge lint[0x1])
[    0.000000] ACPI: LAPIC_NMI (acpi_id[0x25] high edge lint[0x1])
[    0.000000] ACPI: LAPIC_NMI (acpi_id[0x26] high edge lint[0x1])
[    0.000000] ACPI: LAPIC_NMI (acpi_id[0x27] high edge lint[0x1])
[    0.000000] ACPI: LAPIC_NMI (acpi_id[0x28] high edge lint[0x1])
[    0.000000] ACPI: LAPIC_NMI (acpi_id[0x29] high edge lint[0x1])
[    0.000000] ACPI: LAPIC_NMI (acpi_id[0x2a] high edge lint[0x1])
[    0.000000] ACPI: LAPIC_NMI (acpi_id[0x2b] high edge lint[0x1])
[    0.000000] ACPI: LAPIC_NMI (acpi_id[0x2c] high edge lint[0x1])
[    0.000000] ACPI: LAPIC_NMI (acpi_id[0x2d] high edge lint[0x1])
[    0.000000] ACPI: LAPIC_NMI (acpi_id[0x2e] high edge lint[0x1])
[    0.000000] ACPI: LAPIC_NMI (acpi_id[0x2f] high edge lint[0x1])
[    0.000000] ACPI: LAPIC_NMI (acpi_id[0x30] high edge lint[0x1])
[    0.000000] ACPI: LAPIC_NMI (acpi_id[0x31] high edge lint[0x1])
[    0.000000] ACPI: LAPIC_NMI (acpi_id[0x32] high edge lint[0x1])
[    0.000000] ACPI: LAPIC_NMI (acpi_id[0x33] high edge lint[0x1])
[    0.000000] ACPI: LAPIC_NMI (acpi_id[0x34] high edge lint[0x1])
[    0.000000] ACPI: LAPIC_NMI (acpi_id[0x35] high edge lint[0x1])
[    0.000000] ACPI: LAPIC_NMI (acpi_id[0x36] high edge lint[0x1])
[    0.000000] ACPI: LAPIC_NMI (acpi_id[0x37] high edge lint[0x1])
[    0.000000] ACPI: LAPIC_NMI (acpi_id[0x38] high edge lint[0x1])
[    0.000000] ACPI: LAPIC_NMI (acpi_id[0x39] high edge lint[0x1])
[    0.000000] ACPI: LAPIC_NMI (acpi_id[0x3a] high edge lint[0x1])
[    0.000000] ACPI: LAPIC_NMI (acpi_id[0x3b] high edge lint[0x1])
[    0.000000] ACPI: LAPIC_NMI (acpi_id[0x3c] high edge lint[0x1])
[    0.000000] ACPI: LAPIC_NMI (acpi_id[0x3d] high edge lint[0x1])
[    0.000000] ACPI: LAPIC_NMI (acpi_id[0x3e] high edge lint[0x1])
[    0.000000] ACPI: LAPIC_NMI (acpi_id[0x3f] high edge lint[0x1])
[    0.000000] ACPI: Skipping IOAPIC probe due to 'noapic' option.
[    0.000000] Using ACPI for processor (LAPIC) configuration information
[    0.000000] ACPI: HPET id: 0x8086af01 base: 0xfed00000
[    0.000000] Intel MultiProcessor Specification v1.4
[    0.000000]     Virtual Wire compatibility mode.
[    0.000000] MPTABLE: OEM ID: INTEL   
[    0.000000] MPTABLE: Product ID: 440BX       
[    0.000000] MPTABLE: APIC at: 0xFEE00000
[    0.000000] I/O APIC #1 Version 17 at 0xFEC00000.
[    0.000000] Processors: 1
[    0.000000] 64 Processors exceeds NR_CPUS limit of 8
[    0.000000] SMP: Allowing 8 CPUs, 7 hotplug CPUs
[    0.000000] nr_irqs_gsi: 24
[    0.000000] PM: Registered nosave memory: 000000000009f000 - 00000000000a0000
[    0.000000] PM: Registered nosave memory: 00000000000a0000 - 00000000000ca000
[    0.000000] PM: Registered nosave memory: 00000000000ca000 - 00000000000cc000
[    0.000000] PM: Registered nosave memory: 00000000000cc000 - 00000000000dc000
[    0.000000] PM: Registered nosave memory: 00000000000dc000 - 0000000000100000
[    0.000000] Allocating PCI resources starting at 40000000 (gap: 40000000:a0000000)
[    0.000000] Booting paravirtualized kernel on bare hardware
[    0.000000] NR_CPUS:8 nr_cpumask_bits:8 nr_cpu_ids:8 nr_node_ids:1
[    0.000000] PERCPU: Embedded 15 pages/cpu @c2400000 s39320 r0 d22120 u262144
[    0.000000] pcpu-alloc: s39320 r0 d22120 u262144 alloc=1*2097152
[    0.000000] pcpu-alloc: [0] 0 1 2 3 4 5 6 7 
[    0.000000] Built 1 zonelists in Zone order, mobility grouping on.  Total pages: 259950
[    0.000000] Kernel command line: BOOT_IMAGE=/boot/vmlinuz-2.6.32.57 root=UUID=007b598c-390d-4c65-84a1-4ff752d48633 ro quiet splash maxcpus=0
[    0.000000] PID hash table entries: 4096 (order: 2, 16384 bytes)
[    0.000000] Dentry cache hash table entries: 131072 (order: 7, 524288 bytes)
[    0.000000] Inode-cache hash table entries: 65536 (order: 6, 262144 bytes)
[    0.000000] Enabling fast FPU save and restore... done.
[    0.000000] Enabling unmasked SIMD FPU exception support... done.
[    0.000000] Initializing CPU#0
[    0.000000] xsave/xrstor: enabled xstate_bv 0x7, cntxt size 0x340
[    0.000000] allocated 5242560 bytes of page_cgroup
[    0.000000] please try 'cgroup_disable=memory' option if you don't want memory cgroups
[    0.000000] Initializing HighMem for node 0 (000379fe:00040000)
[    0.000000] Memory: 938260k/1048576k available (4839k kernel code, 108848k reserved, 2518k data, 652k init, 137096k highmem)
[    0.000000] virtual kernel memory layout:
[    0.000000]     fixmap  : 0xfff1e000 - 0xfffff000   ( 900 kB)
[    0.000000]     pkmap   : 0xffa00000 - 0xffc00000   (2048 kB)
[    0.000000]     vmalloc : 0xf81fe000 - 0xff9fe000   ( 120 MB)
[    0.000000]     lowmem  : 0xc0000000 - 0xf79fe000   ( 889 MB)
[    0.000000]       .init : 0xc1730000 - 0xc17d3000   ( 652 kB)
[    0.000000]       .data : 0xc14b9cce - 0xc172f764   (2518 kB)
[    0.000000]       .text : 0xc1000000 - 0xc14b9cce   (4839 kB)
[    0.000000] Checking if this processor honours the WP bit even in supervisor mode...Ok.
[    0.000000] SLUB: Genslabs=13, HWalign=64, Order=0-3, MinObjects=0, CPUs=8, Nodes=1
[    0.000000] Hierarchical RCU implementation.
[    0.000000] NR_IRQS:2304 nr_irqs:472
[    0.000000] Extended CMOS year: 2000
[    0.000000] Console: colour VGA+ 80x25
[    0.000000] console [tty0] enabled
[    0.000000] hpet clockevent registered
[    0.000000] TSC freq read from hypervisor : 2394.620 MHz
[    0.000000] Detected 2394.620 MHz processor.
[    0.000002] Calibrating delay loop (skipped) preset value.. 4789.24 BogoMIPS (lpj=9578480)
[    0.000011] Security Framework initialized
[    0.000014] SELinux:  Disabled at boot.
[    0.000018] Mount-cache hash table entries: 512
[    0.000117] Initializing cgroup subsys cpuacct
[    0.000120] Initializing cgroup subsys memory
[    0.000123] Initializing cgroup subsys devices
[    0.000125] Initializing cgroup subsys freezer
[    0.000151] CPU: Physical Processor ID: 0
[    0.000158] CPU: L1 I cache: 32K, L1 D cache: 32K
[    0.000159] CPU: L2 cache: 256K
[    0.000160] CPU: L3 cache: 4096K
[    0.000165] mce: CPU supports 0 MCE banks
[    0.000177] Performance Events: no PMU driver, software events only.
[    0.000187] Checking 'hlt' instruction... OK.
[    0.018306] SMP alternatives: switching to UP code
[    0.037901] ACPI: Core revision 20090903
[    0.044171] ACPI: setting ELCR to 0200 (from 0e20)
[    0.045252] ftrace: converting mcount calls to 0f 1f 44 00 00
[    0.045259] ftrace: allocating 22631 entries in 45 pages
[    0.063099] CANARY value: 7270ff2d for PID: 1
[    0.063133] Not enabling x2apic, Intr-remapping init failed.
[    0.063135] Enabling APIC mode:  Flat.  Using 1 I/O APICs
[    0.063143] SMP mode deactivated.
[    0.063170] SMP disabled
[    0.063238] Brought up 1 CPUs
[    0.063240] Total of 1 processors activated (4789.24 BogoMIPS).
[    0.063244] CPU0 attaching NULL sched-domain.
[    0.063315] devtmpfs: initialized
[    0.063423] sysctl table check failed: /kernel/random/now_input .1.40.7 Unknown sysctl binary path
[    0.063664] Pid: 1, comm: swapper Not tainted 2.6.32.57 #4
[    0.063665] Call Trace:
[    0.063670]  [<c14a8a0e>] ? printk+0x1d/0x1f
[    0.063674]  [<c107b56f>] set_fail+0x4f/0x60
[    0.063675]  [<c107b8b3>] sysctl_check_table+0x333/0x620
[    0.063677]  [<c107b8cc>] sysctl_check_table+0x34c/0x620
[    0.063679]  [<c107b8cc>] sysctl_check_table+0x34c/0x620
[    0.063682]  [<c1746d48>] sysctl_init+0x25/0x29
[    0.063685]  [<c1003042>] do_one_initcall+0x32/0x1a0
[    0.063687]  [<c1746d23>] ? sysctl_init+0x0/0x29
[    0.063689]  [<c17308e7>] kernel_init+0x12d/0x17a
[    0.063691]  [<c17307ba>] ? kernel_init+0x0/0x17a
[    0.063693]  [<c1009b07>] kernel_thread_helper+0x7/0x10
[    0.063694] sysctl table check failed: /kernel/random/now_blocking .1.40.8 Unknown sysctl binary path
[    0.063959] Pid: 1, comm: swapper Not tainted 2.6.32.57 #4
[    0.063960] Call Trace:
[    0.063962]  [<c14a8a0e>] ? printk+0x1d/0x1f
[    0.063963]  [<c107b56f>] set_fail+0x4f/0x60
[    0.063965]  [<c107b8b3>] sysctl_check_table+0x333/0x620
[    0.063967]  [<c107b8cc>] sysctl_check_table+0x34c/0x620
[    0.063968]  [<c107b8cc>] sysctl_check_table+0x34c/0x620
[    0.063970]  [<c1746d48>] sysctl_init+0x25/0x29
[    0.063972]  [<c1003042>] do_one_initcall+0x32/0x1a0
[    0.063974]  [<c1746d23>] ? sysctl_init+0x0/0x29
[    0.063976]  [<c17308e7>] kernel_init+0x12d/0x17a
[    0.063977]  [<c17307ba>] ? kernel_init+0x0/0x17a
[    0.063979]  [<c1009b07>] kernel_thread_helper+0x7/0x10
[    0.063980] sysctl table check failed: /kernel/random/now_nonblocking .1.40.9 Unknown sysctl binary path
[    0.064211] Pid: 1, comm: swapper Not tainted 2.6.32.57 #4
[    0.064212] Call Trace:
[    0.064213]  [<c14a8a0e>] ? printk+0x1d/0x1f
[    0.064214]  [<c107b56f>] set_fail+0x4f/0x60
[    0.064216]  [<c107b8b3>] sysctl_check_table+0x333/0x620
[    0.064217]  [<c107b8cc>] sysctl_check_table+0x34c/0x620
[    0.064219]  [<c107b8cc>] sysctl_check_table+0x34c/0x620
[    0.064221]  [<c1746d48>] sysctl_init+0x25/0x29
[    0.064223]  [<c1003042>] do_one_initcall+0x32/0x1a0
[    0.064225]  [<c1746d23>] ? sysctl_init+0x0/0x29
[    0.064226]  [<c17308e7>] kernel_init+0x12d/0x17a
[    0.064228]  [<c17307ba>] ? kernel_init+0x0/0x17a
[    0.064229]  [<c1009b07>] kernel_thread_helper+0x7/0x10
[    0.064230] sysctl table check failed: /kernel/random/nb_input_bytes .1.40.10 Unknown sysctl binary path
[    0.064461] Pid: 1, comm: swapper Not tainted 2.6.32.57 #4
[    0.064462] Call Trace:
[    0.064463]  [<c14a8a0e>] ? printk+0x1d/0x1f
[    0.064465]  [<c107b56f>] set_fail+0x4f/0x60
[    0.064466]  [<c107b8b3>] sysctl_check_table+0x333/0x620
[    0.064468]  [<c107b8cc>] sysctl_check_table+0x34c/0x620
[    0.064469]  [<c107b8cc>] sysctl_check_table+0x34c/0x620
[    0.064472]  [<c1746d48>] sysctl_init+0x25/0x29
[    0.064473]  [<c1003042>] do_one_initcall+0x32/0x1a0
[    0.064475]  [<c1746d23>] ? sysctl_init+0x0/0x29
[    0.064476]  [<c17308e7>] kernel_init+0x12d/0x17a
[    0.064478]  [<c17307ba>] ? kernel_init+0x0/0x17a
[    0.064479]  [<c1009b07>] kernel_thread_helper+0x7/0x10
[    0.064481] sysctl table check failed: /kernel/random/nb_stir_count .1.40.11 Unknown sysctl binary path
[    0.064710] Pid: 1, comm: swapper Not tainted 2.6.32.57 #4
[    0.064711] Call Trace:
[    0.064712]  [<c14a8a0e>] ? printk+0x1d/0x1f
[    0.064714]  [<c107b56f>] set_fail+0x4f/0x60
[    0.064715]  [<c107b8b3>] sysctl_check_table+0x333/0x620
[    0.064717]  [<c107b8cc>] sysctl_check_table+0x34c/0x620
[    0.064718]  [<c107b8cc>] sysctl_check_table+0x34c/0x620
[    0.064721]  [<c1746d48>] sysctl_init+0x25/0x29
[    0.064722]  [<c1003042>] do_one_initcall+0x32/0x1a0
[    0.064724]  [<c1746d23>] ? sysctl_init+0x0/0x29
[    0.064726]  [<c17308e7>] kernel_init+0x12d/0x17a
[    0.064727]  [<c17307ba>] ? kernel_init+0x0/0x17a
[    0.064729]  [<c1009b07>] kernel_thread_helper+0x7/0x10
[    0.064730] sysctl table check failed: /kernel/random/nb_reentry_count .1.40.12 Unknown sysctl binary path
[    0.065002] Pid: 1, comm: swapper Not tainted 2.6.32.57 #4
[    0.065003] Call Trace:
[    0.065004]  [<c14a8a0e>] ? printk+0x1d/0x1f
[    0.065006]  [<c107b56f>] set_fail+0x4f/0x60
[    0.065007]  [<c107b8b3>] sysctl_check_table+0x333/0x620
[    0.065009]  [<c107b8cc>] sysctl_check_table+0x34c/0x620
[    0.065010]  [<c107b8cc>] sysctl_check_table+0x34c/0x620
[    0.065013]  [<c1746d48>] sysctl_init+0x25/0x29
[    0.065014]  [<c1003042>] do_one_initcall+0x32/0x1a0
[    0.065016]  [<c1746d23>] ? sysctl_init+0x0/0x29
[    0.065018]  [<c17308e7>] kernel_init+0x12d/0x17a
[    0.065019]  [<c17307ba>] ? kernel_init+0x0/0x17a
[    0.065021]  [<c1009b07>] kernel_thread_helper+0x7/0x10
[    0.065134] RANDOM - __seed init called.
[    0.065135] RANDOM - __seed init called.
[    0.065136] RANDOM - __seed init called.
[    0.065137] RANDOM - __random32 called. Change num 1.  Value: a80d136a	404c45a2	eeeb6229
[    0.065138] RANDOM - __random32 called. Change num 2.  Value: d136a14c	4c45a20	c453360e
[    0.065140] RANDOM - __random32 called. Change num 3.  Value: 6a14c0a3	4c45a20b	6c1cd950
[    0.065141] RANDOM - __random32 called. Change num 4.  Value: 4c0a3e40	c45a20be	b2a19f42
[    0.065142] RANDOM - __random32 called. Change num 5.  Value: a3e40178	45a20bea	3e84f5ac
[    0.065143] RANDOM - __random32 called. Change num 6.  Value: 40178479	5a20bea9	eb59546b
[    0.065145] RANDOM - random32 init called.  Value: 40178479	5a20bea9	eb59546b
[    0.065150] regulator: core version 0.5
[    0.065216] Time: 20:19:17  Date: 05/24/13
[    0.065251] NET: Registered protocol family 16
[    0.065313] EISA bus registered
[    0.066070] ACPI: bus type pci registered
[    0.066165] PCI: MCFG configuration 0: base e0000000 segment 0 buses 0 - 255
[    0.066167] PCI: MCFG area at e0000000 reserved in E820
[    0.066168] PCI: Using MMCONFIG for extended config space
[    0.066169] PCI: Using configuration type 1 for base access
[    0.066614] bio: create slab <bio-0> at 0
[    0.067827] ACPI: EC: Look up EC in DSDT
[    0.105115] ACPI: BIOS _OSI(Linux) query ignored
[    0.111299] ACPI: Interpreter enabled
[    0.111303] ACPI: (supports S0 S1 S4 S5)
[    0.111314] ACPI: Using PIC for interrupt routing
[    0.194093] ACPI: No dock devices found.
[    0.194944] ACPI: PCI Root Bridge [PCI0] (0000:00)
[    0.196631] pci 0000:00:07.1: reg 20 io port: [0x10c0-0x10cf]
[    0.197168] pci 0000:00:07.3: quirk: region 1000-103f claimed by PIIX4 ACPI
[    0.197180] pci 0000:00:07.3: quirk: region 1040-104f claimed by PIIX4 SMB
[    0.197770] pci 0000:00:07.7: reg 10 io port: [0x1080-0x10bf]
[    0.198145] pci 0000:00:07.7: reg 14 64bit mmio: [0xc8000000-0xc8001fff]
[    0.199386] pci 0000:00:0f.0: reg 10 io port: [0x10d0-0x10df]
[    0.199427] pci 0000:00:0f.0: reg 14 32bit mmio pref: [0xd0000000-0xd7ffffff]
[    0.199467] pci 0000:00:0f.0: reg 18 32bit mmio: [0xc8800000-0xc8ffffff]
[    0.199641] pci 0000:00:0f.0: reg 30 32bit mmio pref: [0x000000-0x007fff]
[    0.200188] pci 0000:00:10.0: reg 10 io port: [0x1400-0x14ff]
[    0.200567] pci 0000:00:10.0: reg 14 64bit mmio: [0xc8040000-0xc805ffff]
[    0.200936] pci 0000:00:10.0: reg 1c 64bit mmio: [0xc8020000-0xc803ffff]
[    0.201014] pci 0000:00:10.0: reg 30 32bit mmio pref: [0x000000-0x003fff]
[    0.202472] pci 0000:00:15.0: PME# supported from D0 D3hot D3cold
[    0.202494] pci 0000:00:15.0: PME# disabled
[    0.203420] pci 0000:00:15.1: PME# supported from D0 D3hot D3cold
[    0.203441] pci 0000:00:15.1: PME# disabled
[    0.204375] pci 0000:00:15.2: PME# supported from D0 D3hot D3cold
[    0.204396] pci 0000:00:15.2: PME# disabled
[    0.205330] pci 0000:00:15.3: PME# supported from D0 D3hot D3cold
[    0.205351] pci 0000:00:15.3: PME# disabled
[    0.206259] pci 0000:00:15.4: PME# supported from D0 D3hot D3cold
[    0.206281] pci 0000:00:15.4: PME# disabled
[    0.207138] pci 0000:00:15.5: PME# supported from D0 D3hot D3cold
[    0.207158] pci 0000:00:15.5: PME# disabled
[    0.208034] pci 0000:00:15.6: PME# supported from D0 D3hot D3cold
[    0.208054] pci 0000:00:15.6: PME# disabled
[    0.208977] pci 0000:00:15.7: PME# supported from D0 D3hot D3cold
[    0.208999] pci 0000:00:15.7: PME# disabled
[    0.209951] pci 0000:00:16.0: PME# supported from D0 D3hot D3cold
[    0.209972] pci 0000:00:16.0: PME# disabled
[    0.210894] pci 0000:00:16.1: PME# supported from D0 D3hot D3cold
[    0.210915] pci 0000:00:16.1: PME# disabled
[    0.211843] pci 0000:00:16.2: PME# supported from D0 D3hot D3cold
[    0.211864] pci 0000:00:16.2: PME# disabled
[    0.212949] pci 0000:00:16.3: PME# supported from D0 D3hot D3cold
[    0.212973] pci 0000:00:16.3: PME# disabled
[    0.214205] pci 0000:00:16.4: PME# supported from D0 D3hot D3cold
[    0.214228] pci 0000:00:16.4: PME# disabled
[    0.215469] pci 0000:00:16.5: PME# supported from D0 D3hot D3cold
[    0.215492] pci 0000:00:16.5: PME# disabled
[    0.216626] pci 0000:00:16.6: PME# supported from D0 D3hot D3cold
[    0.216650] pci 0000:00:16.6: PME# disabled
[    0.217650] pci 0000:00:16.7: PME# supported from D0 D3hot D3cold
[    0.217673] pci 0000:00:16.7: PME# disabled
[    0.219010] pci 0000:00:17.0: PME# supported from D0 D3hot D3cold
[    0.219033] pci 0000:00:17.0: PME# disabled
[    0.220153] pci 0000:00:17.1: PME# supported from D0 D3hot D3cold
[    0.220176] pci 0000:00:17.1: PME# disabled
[    0.221290] pci 0000:00:17.2: PME# supported from D0 D3hot D3cold
[    0.221313] pci 0000:00:17.2: PME# disabled
[    0.222324] pci 0000:00:17.3: PME# supported from D0 D3hot D3cold
[    0.222345] pci 0000:00:17.3: PME# disabled
[    0.223270] pci 0000:00:17.4: PME# supported from D0 D3hot D3cold
[    0.223291] pci 0000:00:17.4: PME# disabled
[    0.224231] pci 0000:00:17.5: PME# supported from D0 D3hot D3cold
[    0.224253] pci 0000:00:17.5: PME# disabled
[    0.225169] pci 0000:00:17.6: PME# supported from D0 D3hot D3cold
[    0.225190] pci 0000:00:17.6: PME# disabled
[    0.226193] pci 0000:00:17.7: PME# supported from D0 D3hot D3cold
[    0.226214] pci 0000:00:17.7: PME# disabled
[    0.227173] pci 0000:00:18.0: PME# supported from D0 D3hot D3cold
[    0.227196] pci 0000:00:18.0: PME# disabled
[    0.228177] pci 0000:00:18.1: PME# supported from D0 D3hot D3cold
[    0.228199] pci 0000:00:18.1: PME# disabled
[    0.229216] pci 0000:00:18.2: PME# supported from D0 D3hot D3cold
[    0.229239] pci 0000:00:18.2: PME# disabled
[    0.230200] pci 0000:00:18.3: PME# supported from D0 D3hot D3cold
[    0.230221] pci 0000:00:18.3: PME# disabled
[    0.231154] pci 0000:00:18.4: PME# supported from D0 D3hot D3cold
[    0.231174] pci 0000:00:18.4: PME# disabled
[    0.232106] pci 0000:00:18.5: PME# supported from D0 D3hot D3cold
[    0.232127] pci 0000:00:18.5: PME# disabled
[    0.233058] pci 0000:00:18.6: PME# supported from D0 D3hot D3cold
[    0.233079] pci 0000:00:18.6: PME# disabled
[    0.234009] pci 0000:00:18.7: PME# supported from D0 D3hot D3cold
[    0.234030] pci 0000:00:18.7: PME# disabled
[    0.235172] pci 0000:02:00.0: reg 20 io port: [0x20c0-0x20df]
[    0.235695] pci 0000:02:01.0: reg 10 io port: [0x2000-0x207f]
[    0.235922] pci 0000:02:01.0: reg 30 32bit mmio pref: [0x000000-0x00ffff]
[    0.236461] pci 0000:02:02.0: reg 10 io port: [0x2080-0x20bf]
[    0.237082] pci 0000:02:03.0: reg 10 32bit mmio: [0xc9000000-0xc9000fff]
[    0.237700] pci 0000:00:11.0: transparent bridge
[    0.237721] pci 0000:00:11.0: bridge io port: [0x2000-0x3fff]
[    0.237742] pci 0000:00:11.0: bridge 32bit mmio: [0xc9000000-0xca3fffff]
[    0.237782] pci 0000:00:11.0: bridge 64bit mmio pref: [0xd8400000-0xd89fffff]
[    0.238190] pci 0000:00:15.0: bridge io port: [0x4000-0x4fff]
[    0.238211] pci 0000:00:15.0: bridge 32bit mmio: [0xca400000-0xca4fffff]
[    0.238251] pci 0000:00:15.0: bridge 64bit mmio pref: [0xd8a00000-0xd8afffff]
[    0.238722] pci 0000:00:15.1: bridge io port: [0x8000-0x8fff]
[    0.238744] pci 0000:00:15.1: bridge 32bit mmio: [0xca800000-0xca8fffff]
[    0.238783] pci 0000:00:15.1: bridge 64bit mmio pref: [0xd8e00000-0xd8efffff]
[    0.239179] pci 0000:00:15.2: bridge io port: [0xc000-0xcfff]
[    0.239200] pci 0000:00:15.2: bridge 32bit mmio: [0xcac00000-0xcacfffff]
[    0.239240] pci 0000:00:15.2: bridge 64bit mmio pref: [0xd9200000-0xd92fffff]
[    0.239688] pci 0000:00:15.3: bridge 32bit mmio: [0xcb000000-0xcb0fffff]
[    0.239728] pci 0000:00:15.3: bridge 64bit mmio pref: [0xd9600000-0xd96fffff]
[    0.240141] pci 0000:00:15.4: bridge 32bit mmio: [0xcb400000-0xcb4fffff]
[    0.240181] pci 0000:00:15.4: bridge 64bit mmio pref: [0xd9a00000-0xd9afffff]
[    0.240623] pci 0000:00:15.5: bridge 32bit mmio: [0xcb800000-0xcb8fffff]
[    0.240663] pci 0000:00:15.5: bridge 64bit mmio pref: [0xd9e00000-0xd9efffff]
[    0.241075] pci 0000:00:15.6: bridge 32bit mmio: [0xcbc00000-0xcbcfffff]
[    0.241115] pci 0000:00:15.6: bridge 64bit mmio pref: [0xda200000-0xda2fffff]
[    0.241554] pci 0000:00:15.7: bridge 32bit mmio: [0xcc000000-0xcc0fffff]
[    0.241594] pci 0000:00:15.7: bridge 64bit mmio pref: [0xda600000-0xda6fffff]
[    0.241987] pci 0000:00:16.0: bridge io port: [0x5000-0x5fff]
[    0.242008] pci 0000:00:16.0: bridge 32bit mmio: [0xca500000-0xca5fffff]
[    0.242048] pci 0000:00:16.0: bridge 64bit mmio pref: [0xd8b00000-0xd8bfffff]
[    0.242441] pci 0000:00:16.1: bridge io port: [0x9000-0x9fff]
[    0.242462] pci 0000:00:16.1: bridge 32bit mmio: [0xca900000-0xca9fffff]
[    0.242513] pci 0000:00:16.1: bridge 64bit mmio pref: [0xd8f00000-0xd8ffffff]
[    0.242942] pci 0000:00:16.2: bridge io port: [0xd000-0xdfff]
[    0.242963] pci 0000:00:16.2: bridge 32bit mmio: [0xcad00000-0xcadfffff]
[    0.243002] pci 0000:00:16.2: bridge 64bit mmio pref: [0xd9300000-0xd93fffff]
[    0.243415] pci 0000:00:16.3: bridge 32bit mmio: [0xcb100000-0xcb1fffff]
[    0.243455] pci 0000:00:16.3: bridge 64bit mmio pref: [0xd9700000-0xd97fffff]
[    0.243910] pci 0000:00:16.4: bridge 32bit mmio: [0xcb500000-0xcb5fffff]
[    0.243951] pci 0000:00:16.4: bridge 64bit mmio pref: [0xd9b00000-0xd9bfffff]
[    0.244363] pci 0000:00:16.5: bridge 32bit mmio: [0xcb900000-0xcb9fffff]
[    0.244404] pci 0000:00:16.5: bridge 64bit mmio pref: [0xd9f00000-0xd9ffffff]
[    0.244853] pci 0000:00:16.6: bridge 32bit mmio: [0xcbd00000-0xcbdfffff]
[    0.244893] pci 0000:00:16.6: bridge 64bit mmio pref: [0xda300000-0xda3fffff]
[    0.245306] pci 0000:00:16.7: bridge 32bit mmio: [0xcc100000-0xcc1fffff]
[    0.245346] pci 0000:00:16.7: bridge 64bit mmio pref: [0xda700000-0xda7fffff]
[    0.245766] pci 0000:00:17.0: bridge io port: [0x6000-0x6fff]
[    0.245787] pci 0000:00:17.0: bridge 32bit mmio: [0xca600000-0xca6fffff]
[    0.245826] pci 0000:00:17.0: bridge 64bit mmio pref: [0xd8c00000-0xd8cfffff]
[    0.246218] pci 0000:00:17.1: bridge io port: [0xa000-0xafff]
[    0.246239] pci 0000:00:17.1: bridge 32bit mmio: [0xcaa00000-0xcaafffff]
[    0.246279] pci 0000:00:17.1: bridge 64bit mmio pref: [0xd9000000-0xd90fffff]
[    0.246698] pci 0000:00:17.2: bridge io port: [0xe000-0xefff]
[    0.246719] pci 0000:00:17.2: bridge 32bit mmio: [0xcae00000-0xcaefffff]
[    0.246759] pci 0000:00:17.2: bridge 64bit mmio pref: [0xd9400000-0xd94fffff]
[    0.247171] pci 0000:00:17.3: bridge 32bit mmio: [0xcb200000-0xcb2fffff]
[    0.247211] pci 0000:00:17.3: bridge 64bit mmio pref: [0xd9800000-0xd98fffff]
[    0.247685] pci 0000:00:17.4: bridge 32bit mmio: [0xcb600000-0xcb6fffff]
[    0.247725] pci 0000:00:17.4: bridge 64bit mmio pref: [0xd9c00000-0xd9cfffff]
[    0.248139] pci 0000:00:17.5: bridge 32bit mmio: [0xcba00000-0xcbafffff]
[    0.248179] pci 0000:00:17.5: bridge 64bit mmio pref: [0xda000000-0xda0fffff]
[    0.248627] pci 0000:00:17.6: bridge 32bit mmio: [0xcbe00000-0xcbefffff]
[    0.248667] pci 0000:00:17.6: bridge 64bit mmio pref: [0xda400000-0xda4fffff]
[    0.249081] pci 0000:00:17.7: bridge 32bit mmio: [0xcc200000-0xcc2fffff]
[    0.249121] pci 0000:00:17.7: bridge 64bit mmio pref: [0xda800000-0xda8fffff]
[    0.249541] pci 0000:00:18.0: bridge io port: [0x7000-0x7fff]
[    0.249562] pci 0000:00:18.0: bridge 32bit mmio: [0xca700000-0xca7fffff]
[    0.249602] pci 0000:00:18.0: bridge 64bit mmio pref: [0xd8d00000-0xd8dfffff]
[    0.249995] pci 0000:00:18.1: bridge io port: [0xb000-0xbfff]
[    0.250016] pci 0000:00:18.1: bridge 32bit mmio: [0xcab00000-0xcabfffff]
[    0.250055] pci 0000:00:18.1: bridge 64bit mmio pref: [0xd9100000-0xd91fffff]
[    0.250449] pci 0000:00:18.2: bridge io port: [0xf000-0xffff]
[    0.250470] pci 0000:00:18.2: bridge 32bit mmio: [0xcaf00000-0xcaffffff]
[    0.250554] pci 0000:00:18.2: bridge 64bit mmio pref: [0xd9500000-0xd95fffff]
[    0.250966] pci 0000:00:18.3: bridge 32bit mmio: [0xcb300000-0xcb3fffff]
[    0.251006] pci 0000:00:18.3: bridge 64bit mmio pref: [0xd9900000-0xd99fffff]
[    0.251417] pci 0000:00:18.4: bridge 32bit mmio: [0xcb700000-0xcb7fffff]
[    0.251457] pci 0000:00:18.4: bridge 64bit mmio pref: [0xd9d00000-0xd9dfffff]
[    0.251900] pci 0000:00:18.5: bridge 32bit mmio: [0xcbb00000-0xcbbfffff]
[    0.251940] pci 0000:00:18.5: bridge 64bit mmio pref: [0xda100000-0xda1fffff]
[    0.252352] pci 0000:00:18.6: bridge 32bit mmio: [0xcbf00000-0xcbffffff]
[    0.252392] pci 0000:00:18.6: bridge 64bit mmio pref: [0xda500000-0xda5fffff]
[    0.252826] pci 0000:00:18.7: bridge 32bit mmio: [0xcc300000-0xcc3fffff]
[    0.252865] pci 0000:00:18.7: bridge 64bit mmio pref: [0xda900000-0xda9fffff]
[    0.254979] pci_bus 0000:00: on NUMA node 0
[    0.254988] ACPI: PCI Interrupt Routing Table [\_SB_.PCI0._PRT]
[    0.474979] ACPI: PCI Interrupt Link [LNKA] (IRQs 3 4 5 6 7 *9 10 11 14 15)
[    0.475150] ACPI: PCI Interrupt Link [LNKB] (IRQs 3 4 5 6 7 9 10 *11 14 15)
[    0.475322] ACPI: PCI Interrupt Link [LNKC] (IRQs 3 4 5 6 7 9 *10 11 14 15)
[    0.475472] ACPI: PCI Interrupt Link [LNKD] (IRQs 3 4 *5 6 7 9 10 11 14 15)
[    0.475600] vgaarb: device added: PCI:0000:00:0f.0,decodes=io+mem,owns=io+mem,locks=none
[    0.475609] vgaarb: loaded
[    0.475693] SCSI subsystem initialized
[    0.475734] libata version 3.00 loaded.
[    0.475772] usbcore: registered new interface driver usbfs
[    0.475783] usbcore: registered new interface driver hub
[    0.475798] usbcore: registered new device driver usb
[    0.475867] PCI: Using ACPI for IRQ routing
[    0.476782] NetLabel: Initializing
[    0.476783] NetLabel:  domain hash size = 128
[    0.476783] NetLabel:  protocols = UNLABELED CIPSOv4
[    0.476790] NetLabel:  unlabeled traffic allowed by default
[    0.476821] hpet0: at MMIO 0xfed00000, IRQs 2, 8, 0, 0, 0, 0, 0, 0, 0, 0, 0, 0, 0, 0, 0, 0
[    0.476826] hpet0: 16 comparators, 64-bit 14.318180 MHz counter
[    0.478842] Switching to clocksource tsc
[    0.485644] pnp: PnP ACPI init
[    0.485653] ACPI: bus type pnp registered
[    0.526513] pnp: PnP ACPI: found 14 devices
[    0.526515] ACPI: ACPI bus type pnp unregistered
[    0.526518] PnPBIOS: Disabled by ACPI PNP
[    0.526528] system 00:01: ioport range 0x1000-0x103f has been reserved
[    0.526529] system 00:01: ioport range 0x1040-0x104f has been reserved
[    0.526531] system 00:01: ioport range 0xcf0-0xcf1 has been reserved
[    0.526536] system 00:08: iomem range 0xfed00000-0xfed003ff has been reserved
[    0.526540] system 00:0d: ioport range 0x1060-0x107f has been reserved
[    0.526542] system 00:0d: iomem range 0xe0000000-0xefffffff has been reserved
[    0.526543] system 00:0d: iomem range 0xc8200000-0xc83fffff has been reserved
[    0.562869] pci 0000:00:15.3: BAR 13: can't allocate I/O resource [0x10000-0xffff]
[    0.562873] pci 0000:00:15.4: BAR 13: can't allocate I/O resource [0x10000-0xffff]
[    0.562876] pci 0000:00:15.5: BAR 13: can't allocate I/O resource [0x10000-0xffff]
[    0.562878] pci 0000:00:15.6: BAR 13: can't allocate I/O resource [0x10000-0xffff]
[    0.562881] pci 0000:00:15.7: BAR 13: can't allocate I/O resource [0x10000-0xffff]
[    0.562884] pci 0000:00:16.3: BAR 13: can't allocate I/O resource [0x10000-0xffff]
[    0.562886] pci 0000:00:16.4: BAR 13: can't allocate I/O resource [0x10000-0xffff]
[    0.562889] pci 0000:00:16.5: BAR 13: can't allocate I/O resource [0x10000-0xffff]
[    0.562892] pci 0000:00:16.6: BAR 13: can't allocate I/O resource [0x10000-0xffff]
[    0.562894] pci 0000:00:16.7: BAR 13: can't allocate I/O resource [0x10000-0xffff]
[    0.562897] pci 0000:00:17.3: BAR 13: can't allocate I/O resource [0x10000-0xffff]
[    0.562899] pci 0000:00:17.4: BAR 13: can't allocate I/O resource [0x10000-0xffff]
[    0.562902] pci 0000:00:17.5: BAR 13: can't allocate I/O resource [0x10000-0xffff]
[    0.562905] pci 0000:00:17.6: BAR 13: can't allocate I/O resource [0x10000-0xffff]
[    0.562907] pci 0000:00:17.7: BAR 13: can't allocate I/O resource [0x10000-0xffff]
[    0.562910] pci 0000:00:18.3: BAR 13: can't allocate I/O resource [0x10000-0xffff]
[    0.562913] pci 0000:00:18.4: BAR 13: can't allocate I/O resource [0x10000-0xffff]
[    0.562915] pci 0000:00:18.5: BAR 13: can't allocate I/O resource [0x10000-0xffff]
[    0.562918] pci 0000:00:18.6: BAR 13: can't allocate I/O resource [0x10000-0xffff]
[    0.562920] pci 0000:00:18.7: BAR 13: can't allocate I/O resource [0x10000-0xffff]
[    0.562923] pci 0000:00:01.0: PCI bridge, secondary bus 0000:01
[    0.562924] pci 0000:00:01.0:   IO window: disabled
[    0.562952] pci 0000:00:01.0:   MEM window: disabled
[    0.562971] pci 0000:00:01.0:   PREFETCH window: disabled
[    0.563009] pci 0000:00:11.0: PCI bridge, secondary bus 0000:02
[    0.563020] pci 0000:00:11.0:   IO window: 0x2000-0x3fff
[    0.563048] pci 0000:00:11.0:   MEM window: 0xc9000000-0xca3fffff
[    0.563067] pci 0000:00:11.0:   PREFETCH window: 0x000000d8400000-0x000000d89fffff
[    0.563103] pci 0000:00:15.0: PCI bridge, secondary bus 0000:03
[    0.563114] pci 0000:00:15.0:   IO window: 0x4000-0x4fff
[    0.563142] pci 0000:00:15.0:   MEM window: 0xca400000-0xca4fffff
[    0.563161] pci 0000:00:15.0:   PREFETCH window: 0x000000d8a00000-0x000000d8afffff
[    0.563240] pci 0000:00:15.1: PCI bridge, secondary bus 0000:04
[    0.563252] pci 0000:00:15.1:   IO window: 0x8000-0x8fff
[    0.563280] pci 0000:00:15.1:   MEM window: 0xca800000-0xca8fffff
[    0.563299] pci 0000:00:15.1:   PREFETCH window: 0x000000d8e00000-0x000000d8efffff
[    0.563349] pci 0000:00:15.2: PCI bridge, secondary bus 0000:05
[    0.563360] pci 0000:00:15.2:   IO window: 0xc000-0xcfff
[    0.563388] pci 0000:00:15.2:   MEM window: 0xcac00000-0xcacfffff
[    0.563407] pci 0000:00:15.2:   PREFETCH window: 0x000000d9200000-0x000000d92fffff
[    0.563455] pci 0000:00:15.3: PCI bridge, secondary bus 0000:06
[    0.563457] pci 0000:00:15.3:   IO window: disabled
[    0.563485] pci 0000:00:15.3:   MEM window: 0xcb000000-0xcb0fffff
[    0.563504] pci 0000:00:15.3:   PREFETCH window: 0x000000d9600000-0x000000d96fffff
[    0.563552] pci 0000:00:15.4: PCI bridge, secondary bus 0000:07
[    0.563553] pci 0000:00:15.4:   IO window: disabled
[    0.563581] pci 0000:00:15.4:   MEM window: 0xcb400000-0xcb4fffff
[    0.563601] pci 0000:00:15.4:   PREFETCH window: 0x000000d9a00000-0x000000d9afffff
[    0.563666] pci 0000:00:15.5: PCI bridge, secondary bus 0000:08
[    0.563668] pci 0000:00:15.5:   IO window: disabled
[    0.563705] pci 0000:00:15.5:   MEM window: 0xcb800000-0xcb8fffff
[    0.563724] pci 0000:00:15.5:   PREFETCH window: 0x000000d9e00000-0x000000d9efffff
[    0.563772] pci 0000:00:15.6: PCI bridge, secondary bus 0000:09
[    0.563773] pci 0000:00:15.6:   IO window: disabled
[    0.563801] pci 0000:00:15.6:   MEM window: 0xcbc00000-0xcbcfffff
[    0.563821] pci 0000:00:15.6:   PREFETCH window: 0x000000da200000-0x000000da2fffff
[    0.563868] pci 0000:00:15.7: PCI bridge, secondary bus 0000:0a
[    0.563869] pci 0000:00:15.7:   IO window: disabled
[    0.563898] pci 0000:00:15.7:   MEM window: 0xcc000000-0xcc0fffff
[    0.563917] pci 0000:00:15.7:   PREFETCH window: 0x000000da600000-0x000000da6fffff
[    0.563964] pci 0000:00:16.0: PCI bridge, secondary bus 0000:0b
[    0.563976] pci 0000:00:16.0:   IO window: 0x5000-0x5fff
[    0.564004] pci 0000:00:16.0:   MEM window: 0xca500000-0xca5fffff
[    0.564023] pci 0000:00:16.0:   PREFETCH window: 0x000000d8b00000-0x000000d8bfffff
[    0.564070] pci 0000:00:16.1: PCI bridge, secondary bus 0000:0c
[    0.564081] pci 0000:00:16.1:   IO window: 0x9000-0x9fff
[    0.564109] pci 0000:00:16.1:   MEM window: 0xca900000-0xca9fffff
[    0.564128] pci 0000:00:16.1:   PREFETCH window: 0x000000d8f00000-0x000000d8ffffff
[    0.564179] pci 0000:00:16.2: PCI bridge, secondary bus 0000:0d
[    0.564191] pci 0000:00:16.2:   IO window: 0xd000-0xdfff
[    0.564218] pci 0000:00:16.2:   MEM window: 0xcad00000-0xcadfffff
[    0.564238] pci 0000:00:16.2:   PREFETCH window: 0x000000d9300000-0x000000d93fffff
[    0.564285] pci 0000:00:16.3: PCI bridge, secondary bus 0000:0e
[    0.564287] pci 0000:00:16.3:   IO window: disabled
[    0.564315] pci 0000:00:16.3:   MEM window: 0xcb100000-0xcb1fffff
[    0.564334] pci 0000:00:16.3:   PREFETCH window: 0x000000d9700000-0x000000d97fffff
[    0.564382] pci 0000:00:16.4: PCI bridge, secondary bus 0000:0f
[    0.564383] pci 0000:00:16.4:   IO window: disabled
[    0.564412] pci 0000:00:16.4:   MEM window: 0xcb500000-0xcb5fffff
[    0.564431] pci 0000:00:16.4:   PREFETCH window: 0x000000d9b00000-0x000000d9bfffff
[    0.564478] pci 0000:00:16.5: PCI bridge, secondary bus 0000:10
[    0.564480] pci 0000:00:16.5:   IO window: disabled
[    0.564508] pci 0000:00:16.5:   MEM window: 0xcb900000-0xcb9fffff
[    0.564527] pci 0000:00:16.5:   PREFETCH window: 0x000000d9f00000-0x000000d9ffffff
[    0.564574] pci 0000:00:16.6: PCI bridge, secondary bus 0000:11
[    0.564576] pci 0000:00:16.6:   IO window: disabled
[    0.564604] pci 0000:00:16.6:   MEM window: 0xcbd00000-0xcbdfffff
[    0.564632] pci 0000:00:16.6:   PREFETCH window: 0x000000da300000-0x000000da3fffff
[    0.564700] pci 0000:00:16.7: PCI bridge, secondary bus 0000:12
[    0.564702] pci 0000:00:16.7:   IO window: disabled
[    0.564730] pci 0000:00:16.7:   MEM window: 0xcc100000-0xcc1fffff
[    0.564749] pci 0000:00:16.7:   PREFETCH window: 0x000000da700000-0x000000da7fffff
[    0.564796] pci 0000:00:17.0: PCI bridge, secondary bus 0000:13
[    0.564808] pci 0000:00:17.0:   IO window: 0x6000-0x6fff
[    0.564835] pci 0000:00:17.0:   MEM window: 0xca600000-0xca6fffff
[    0.564855] pci 0000:00:17.0:   PREFETCH window: 0x000000d8c00000-0x000000d8cfffff
[    0.564902] pci 0000:00:17.1: PCI bridge, secondary bus 0000:14
[    0.564913] pci 0000:00:17.1:   IO window: 0xa000-0xafff
[    0.564941] pci 0000:00:17.1:   MEM window: 0xcaa00000-0xcaafffff
[    0.564960] pci 0000:00:17.1:   PREFETCH window: 0x000000d9000000-0x000000d90fffff
[    0.565007] pci 0000:00:17.2: PCI bridge, secondary bus 0000:15
[    0.565019] pci 0000:00:17.2:   IO window: 0xe000-0xefff
[    0.565046] pci 0000:00:17.2:   MEM window: 0xcae00000-0xcaefffff
[    0.565066] pci 0000:00:17.2:   PREFETCH window: 0x000000d9400000-0x000000d94fffff
[    0.565113] pci 0000:00:17.3: PCI bridge, secondary bus 0000:16
[    0.565114] pci 0000:00:17.3:   IO window: disabled
[    0.565143] pci 0000:00:17.3:   MEM window: 0xcb200000-0xcb2fffff
[    0.565162] pci 0000:00:17.3:   PREFETCH window: 0x000000d9800000-0x000000d98fffff
[    0.565209] pci 0000:00:17.4: PCI bridge, secondary bus 0000:17
[    0.565210] pci 0000:00:17.4:   IO window: disabled
[    0.565238] pci 0000:00:17.4:   MEM window: 0xcb600000-0xcb6fffff
[    0.565258] pci 0000:00:17.4:   PREFETCH window: 0x000000d9c00000-0x000000d9cfffff
[    0.565305] pci 0000:00:17.5: PCI bridge, secondary bus 0000:18
[    0.565306] pci 0000:00:17.5:   IO window: disabled
[    0.565335] pci 0000:00:17.5:   MEM window: 0xcba00000-0xcbafffff
[    0.565354] pci 0000:00:17.5:   PREFETCH window: 0x000000da000000-0x000000da0fffff
[    0.565401] pci 0000:00:17.6: PCI bridge, secondary bus 0000:19
[    0.565402] pci 0000:00:17.6:   IO window: disabled
[    0.565431] pci 0000:00:17.6:   MEM window: 0xcbe00000-0xcbefffff
[    0.565450] pci 0000:00:17.6:   PREFETCH window: 0x000000da400000-0x000000da4fffff
[    0.565497] pci 0000:00:17.7: PCI bridge, secondary bus 0000:1a
[    0.565499] pci 0000:00:17.7:   IO window: disabled
[    0.565527] pci 0000:00:17.7:   MEM window: 0xcc200000-0xcc2fffff
[    0.565546] pci 0000:00:17.7:   PREFETCH window: 0x000000da800000-0x000000da8fffff
[    0.565593] pci 0000:00:18.0: PCI bridge, secondary bus 0000:1b
[    0.565604] pci 0000:00:18.0:   IO window: 0x7000-0x7fff
[    0.565649] pci 0000:00:18.0:   MEM window: 0xca700000-0xca7fffff
[    0.565687] pci 0000:00:18.0:   PREFETCH window: 0x000000d8d00000-0x000000d8dfffff
[    0.565735] pci 0000:00:18.1: PCI bridge, secondary bus 0000:1c
[    0.565747] pci 0000:00:18.1:   IO window: 0xb000-0xbfff
[    0.565775] pci 0000:00:18.1:   MEM window: 0xcab00000-0xcabfffff
[    0.565794] pci 0000:00:18.1:   PREFETCH window: 0x000000d9100000-0x000000d91fffff
[    0.565841] pci 0000:00:18.2: PCI bridge, secondary bus 0000:1d
[    0.565853] pci 0000:00:18.2:   IO window: 0xf000-0xffff
[    0.565880] pci 0000:00:18.2:   MEM window: 0xcaf00000-0xcaffffff
[    0.565900] pci 0000:00:18.2:   PREFETCH window: 0x000000d9500000-0x000000d95fffff
[    0.565947] pci 0000:00:18.3: PCI bridge, secondary bus 0000:1e
[    0.565948] pci 0000:00:18.3:   IO window: disabled
[    0.565976] pci 0000:00:18.3:   MEM window: 0xcb300000-0xcb3fffff
[    0.565996] pci 0000:00:18.3:   PREFETCH window: 0x000000d9900000-0x000000d99fffff
[    0.566043] pci 0000:00:18.4: PCI bridge, secondary bus 0000:1f
[    0.566044] pci 0000:00:18.4:   IO window: disabled
[    0.566072] pci 0000:00:18.4:   MEM window: 0xcb700000-0xcb7fffff
[    0.566092] pci 0000:00:18.4:   PREFETCH window: 0x000000d9d00000-0x000000d9dfffff
[    0.566139] pci 0000:00:18.5: PCI bridge, secondary bus 0000:20
[    0.566140] pci 0000:00:18.5:   IO window: disabled
[    0.566168] pci 0000:00:18.5:   MEM window: 0xcbb00000-0xcbbfffff
[    0.566188] pci 0000:00:18.5:   PREFETCH window: 0x000000da100000-0x000000da1fffff
[    0.566235] pci 0000:00:18.6: PCI bridge, secondary bus 0000:21
[    0.566236] pci 0000:00:18.6:   IO window: disabled
[    0.566264] pci 0000:00:18.6:   MEM window: 0xcbf00000-0xcbffffff
[    0.566284] pci 0000:00:18.6:   PREFETCH window: 0x000000da500000-0x000000da5fffff
[    0.566331] pci 0000:00:18.7: PCI bridge, secondary bus 0000:22
[    0.566332] pci 0000:00:18.7:   IO window: disabled
[    0.566361] pci 0000:00:18.7:   MEM window: 0xcc300000-0xcc3fffff
[    0.566380] pci 0000:00:18.7:   PREFETCH window: 0x000000da900000-0x000000da9fffff
[    0.566457] pci 0000:00:01.0: setting latency timer to 64
[    0.566547] pci 0000:00:15.0: setting latency timer to 64
[    0.566610] pci 0000:00:15.1: setting latency timer to 64
[    0.566705] pci 0000:00:15.2: setting latency timer to 64
[    0.566787] pci 0000:00:15.3: setting latency timer to 64
[    0.566849] pci 0000:00:15.4: setting latency timer to 64
[    0.566911] pci 0000:00:15.5: setting latency timer to 64
[    0.566973] pci 0000:00:15.6: setting latency timer to 64
[    0.567035] pci 0000:00:15.7: setting latency timer to 64
[    0.567097] pci 0000:00:16.0: setting latency timer to 64
[    0.567159] pci 0000:00:16.1: setting latency timer to 64
[    0.567221] pci 0000:00:16.2: setting latency timer to 64
[    0.567283] pci 0000:00:16.3: setting latency timer to 64
[    0.567345] pci 0000:00:16.4: setting latency timer to 64
[    0.567407] pci 0000:00:16.5: setting latency timer to 64
[    0.567469] pci 0000:00:16.6: setting latency timer to 64
[    0.567531] pci 0000:00:16.7: setting latency timer to 64
[    0.567593] pci 0000:00:17.0: setting latency timer to 64
[    0.567663] pci 0000:00:17.1: setting latency timer to 64
[    0.567725] pci 0000:00:17.2: setting latency timer to 64
[    0.567787] pci 0000:00:17.3: setting latency timer to 64
[    0.567849] pci 0000:00:17.4: setting latency timer to 64
[    0.567911] pci 0000:00:17.5: setting latency timer to 64
[    0.567973] pci 0000:00:17.6: setting latency timer to 64
[    0.568035] pci 0000:00:17.7: setting latency timer to 64
[    0.568097] pci 0000:00:18.0: setting latency timer to 64
[    0.568159] pci 0000:00:18.1: setting latency timer to 64
[    0.568221] pci 0000:00:18.2: setting latency timer to 64
[    0.568297] pci 0000:00:18.3: setting latency timer to 64
[    0.568371] pci 0000:00:18.4: setting latency timer to 64
[    0.568433] pci 0000:00:18.5: setting latency timer to 64
[    0.568496] pci 0000:00:18.6: setting latency timer to 64
[    0.568558] pci 0000:00:18.7: setting latency timer to 64
[    0.568569] pci_bus 0000:00: resource 0 io:  [0x00-0xffff]
[    0.568571] pci_bus 0000:00: resource 1 mem: [0x000000-0xffffffffffffffff]
[    0.568573] pci_bus 0000:02: resource 0 io:  [0x2000-0x3fff]
[    0.568575] pci_bus 0000:02: resource 1 mem: [0xc9000000-0xca3fffff]
[    0.568577] pci_bus 0000:02: resource 2 pref mem [0xd8400000-0xd89fffff]
[    0.568579] pci_bus 0000:02: resource 3 io:  [0x00-0xffff]
[    0.568581] pci_bus 0000:02: resource 4 mem: [0x000000-0xffffffffffffffff]
[    0.568583] pci_bus 0000:03: resource 0 io:  [0x4000-0x4fff]
[    0.568585] pci_bus 0000:03: resource 1 mem: [0xca400000-0xca4fffff]
[    0.568586] pci_bus 0000:03: resource 2 pref mem [0xd8a00000-0xd8afffff]
[    0.568588] pci_bus 0000:04: resource 0 io:  [0x8000-0x8fff]
[    0.568590] pci_bus 0000:04: resource 1 mem: [0xca800000-0xca8fffff]
[    0.568592] pci_bus 0000:04: resource 2 pref mem [0xd8e00000-0xd8efffff]
[    0.568594] pci_bus 0000:05: resource 0 io:  [0xc000-0xcfff]
[    0.568595] pci_bus 0000:05: resource 1 mem: [0xcac00000-0xcacfffff]
[    0.568597] pci_bus 0000:05: resource 2 pref mem [0xd9200000-0xd92fffff]
[    0.568599] pci_bus 0000:06: resource 1 mem: [0xcb000000-0xcb0fffff]
[    0.568601] pci_bus 0000:06: resource 2 pref mem [0xd9600000-0xd96fffff]
[    0.568603] pci_bus 0000:07: resource 1 mem: [0xcb400000-0xcb4fffff]
[    0.568604] pci_bus 0000:07: resource 2 pref mem [0xd9a00000-0xd9afffff]
[    0.568606] pci_bus 0000:08: resource 1 mem: [0xcb800000-0xcb8fffff]
[    0.568608] pci_bus 0000:08: resource 2 pref mem [0xd9e00000-0xd9efffff]
[    0.568610] pci_bus 0000:09: resource 1 mem: [0xcbc00000-0xcbcfffff]
[    0.568620] pci_bus 0000:09: resource 2 pref mem [0xda200000-0xda2fffff]
[    0.568622] pci_bus 0000:0a: resource 1 mem: [0xcc000000-0xcc0fffff]
[    0.568624] pci_bus 0000:0a: resource 2 pref mem [0xda600000-0xda6fffff]
[    0.568626] pci_bus 0000:0b: resource 0 io:  [0x5000-0x5fff]
[    0.568628] pci_bus 0000:0b: resource 1 mem: [0xca500000-0xca5fffff]
[    0.568629] pci_bus 0000:0b: resource 2 pref mem [0xd8b00000-0xd8bfffff]
[    0.568631] pci_bus 0000:0c: resource 0 io:  [0x9000-0x9fff]
[    0.568633] pci_bus 0000:0c: resource 1 mem: [0xca900000-0xca9fffff]
[    0.568635] pci_bus 0000:0c: resource 2 pref mem [0xd8f00000-0xd8ffffff]
[    0.568637] pci_bus 0000:0d: resource 0 io:  [0xd000-0xdfff]
[    0.568638] pci_bus 0000:0d: resource 1 mem: [0xcad00000-0xcadfffff]
[    0.568640] pci_bus 0000:0d: resource 2 pref mem [0xd9300000-0xd93fffff]
[    0.568642] pci_bus 0000:0e: resource 1 mem: [0xcb100000-0xcb1fffff]
[    0.568644] pci_bus 0000:0e: resource 2 pref mem [0xd9700000-0xd97fffff]
[    0.568646] pci_bus 0000:0f: resource 1 mem: [0xcb500000-0xcb5fffff]
[    0.568648] pci_bus 0000:0f: resource 2 pref mem [0xd9b00000-0xd9bfffff]
[    0.568649] pci_bus 0000:10: resource 1 mem: [0xcb900000-0xcb9fffff]
[    0.568651] pci_bus 0000:10: resource 2 pref mem [0xd9f00000-0xd9ffffff]
[    0.568653] pci_bus 0000:11: resource 1 mem: [0xcbd00000-0xcbdfffff]
[    0.568655] pci_bus 0000:11: resource 2 pref mem [0xda300000-0xda3fffff]
[    0.568657] pci_bus 0000:12: resource 1 mem: [0xcc100000-0xcc1fffff]
[    0.568658] pci_bus 0000:12: resource 2 pref mem [0xda700000-0xda7fffff]
[    0.568660] pci_bus 0000:13: resource 0 io:  [0x6000-0x6fff]
[    0.568662] pci_bus 0000:13: resource 1 mem: [0xca600000-0xca6fffff]
[    0.568664] pci_bus 0000:13: resource 2 pref mem [0xd8c00000-0xd8cfffff]
[    0.568666] pci_bus 0000:14: resource 0 io:  [0xa000-0xafff]
[    0.568667] pci_bus 0000:14: resource 1 mem: [0xcaa00000-0xcaafffff]
[    0.568669] pci_bus 0000:14: resource 2 pref mem [0xd9000000-0xd90fffff]
[    0.568671] pci_bus 0000:15: resource 0 io:  [0xe000-0xefff]
[    0.568673] pci_bus 0000:15: resource 1 mem: [0xcae00000-0xcaefffff]
[    0.568674] pci_bus 0000:15: resource 2 pref mem [0xd9400000-0xd94fffff]
[    0.568676] pci_bus 0000:16: resource 1 mem: [0xcb200000-0xcb2fffff]
[    0.568678] pci_bus 0000:16: resource 2 pref mem [0xd9800000-0xd98fffff]
[    0.568680] pci_bus 0000:17: resource 1 mem: [0xcb600000-0xcb6fffff]
[    0.568682] pci_bus 0000:17: resource 2 pref mem [0xd9c00000-0xd9cfffff]
[    0.568684] pci_bus 0000:18: resource 1 mem: [0xcba00000-0xcbafffff]
[    0.568685] pci_bus 0000:18: resource 2 pref mem [0xda000000-0xda0fffff]
[    0.568687] pci_bus 0000:19: resource 1 mem: [0xcbe00000-0xcbefffff]
[    0.568689] pci_bus 0000:19: resource 2 pref mem [0xda400000-0xda4fffff]
[    0.568691] pci_bus 0000:1a: resource 1 mem: [0xcc200000-0xcc2fffff]
[    0.568693] pci_bus 0000:1a: resource 2 pref mem [0xda800000-0xda8fffff]
[    0.568694] pci_bus 0000:1b: resource 0 io:  [0x7000-0x7fff]
[    0.568696] pci_bus 0000:1b: resource 1 mem: [0xca700000-0xca7fffff]
[    0.568698] pci_bus 0000:1b: resource 2 pref mem [0xd8d00000-0xd8dfffff]
[    0.568700] pci_bus 0000:1c: resource 0 io:  [0xb000-0xbfff]
[    0.568701] pci_bus 0000:1c: resource 1 mem: [0xcab00000-0xcabfffff]
[    0.568703] pci_bus 0000:1c: resource 2 pref mem [0xd9100000-0xd91fffff]
[    0.568705] pci_bus 0000:1d: resource 0 io:  [0xf000-0xffff]
[    0.568707] pci_bus 0000:1d: resource 1 mem: [0xcaf00000-0xcaffffff]
[    0.568709] pci_bus 0000:1d: resource 2 pref mem [0xd9500000-0xd95fffff]
[    0.568710] pci_bus 0000:1e: resource 1 mem: [0xcb300000-0xcb3fffff]
[    0.568712] pci_bus 0000:1e: resource 2 pref mem [0xd9900000-0xd99fffff]
[    0.568714] pci_bus 0000:1f: resource 1 mem: [0xcb700000-0xcb7fffff]
[    0.568716] pci_bus 0000:1f: resource 2 pref mem [0xd9d00000-0xd9dfffff]
[    0.568718] pci_bus 0000:20: resource 1 mem: [0xcbb00000-0xcbbfffff]
[    0.568719] pci_bus 0000:20: resource 2 pref mem [0xda100000-0xda1fffff]
[    0.568721] pci_bus 0000:21: resource 1 mem: [0xcbf00000-0xcbffffff]
[    0.568723] pci_bus 0000:21: resource 2 pref mem [0xda500000-0xda5fffff]
[    0.568725] pci_bus 0000:22: resource 1 mem: [0xcc300000-0xcc3fffff]
[    0.568727] pci_bus 0000:22: resource 2 pref mem [0xda900000-0xda9fffff]
[    0.568747] NET: Registered protocol family 2
[    0.568763] RANDOM - __random32 called. Change num 7.  Value: 78479613	a20bea99	a8d6327e
[    0.568765] RANDOM - random32 called.  Value: 78479613	a20bea99	a8d6327e
[    0.568773] random 0000 0000 0000 00000000 00000000: rand_read_num 2 get_random_bytes(4): sig fffffe1a 00000000 00000000
[    0.568775] random 0000 0000 0000 00000000 00000000: extract_entropy(.. 4 ..)
[    0.568778] random 0000 0000 0000 00000000 00000000: going to reseed nonblocking with 64 bits (32 of 0 requested)
[    0.568780] random 0000 0000 0000 00000000 00000000: extract_entropy(.. 8 ..)
[    0.568782] random 0000 0000 0000 00000000 00000000: trying to extract 64 bits from input
[    0.568784] random 0000 0000 0000 00000000 00000000: debiting 0 entropy credits from input
[    0.568786] random 0000 0000 0000 00000000 00000000: extract_entropy account returned: 0 
[    0.568789] random 0000 0000 0000 00000000 00000000: urand_change_num 3 xfer_secondary_pool(4): pool_sig fffffe1a, data_sig 00000000, bytes_mixed 0 00000000 00000000
[    0.568792] random 0000 0000 0000 00000000 00000000: trying to extract 32 bits from nonblocking
[    0.568795] random 0000 0000 0000 00000000 00000000: debiting 32 entropy credits from nonblocking (unlimited)
[    0.568797] random 0000 0000 0000 00000000 00000000: extract_entropy account returned: 4 
[    0.568800] random 0000 0000 0000 00000000 00000000: urand_change_num 4 extract_buf: pool_sig fffffe1a, data_sig fffffed7, bytes_mixed 20 00000000 00000000
[    0.568828] IP route cache hash table entries: 32768 (order: 5, 131072 bytes)
[    0.568912] RANDOM - __random32 called. Change num 8.  Value: 79613150	20bea995	64fdccf4
[    0.568914] RANDOM - random32 called.  Value: 79613150	20bea995	64fdccf4
[    0.568969] RANDOM - __random32 called. Change num 9.  Value: 13150be9	bea9951	99e86275
[    0.568971] RANDOM - random32 called.  Value: 13150be9	bea9951	99e86275
[    0.568974] RANDOM - __random32 called. Change num 10.  Value: 50be964d	bea99512	c4ead56e
[    0.568976] RANDOM - random32 called.  Value: 50be964d	bea99512	c4ead56e
[    0.568996] RANDOM - __random32 called. Change num 11.  Value: e964d04e	ea995122	aadc778f
[    0.568998] RANDOM - random32 called.  Value: e964d04e	ea995122	aadc778f
[    0.569008] TCP established hash table entries: 131072 (order: 8, 1048576 bytes)
[    0.569121] TCP bind hash table entries: 65536 (order: 7, 524288 bytes)
[    0.569234] TCP: Hash tables configured (established 131072 bind 65536)
[    0.569237] TCP reno registered
[    0.569272] NET: Registered protocol family 1
[    0.569281] pci 0000:00:00.0: Limiting direct PCI/PCI transfers
[    0.569301] pci 0000:00:0f.0: Boot video device
[    0.569508] Trying to unpack rootfs image as initramfs...
[    1.641230] Freeing initrd memory: 83430k freed
[    1.645264] Simple Boot Flag at 0x36 set to 0x1
[    1.645309] cpufreq-nforce2: No nForce2 chipset.
[    1.645322] Scanning for low memory corruption every 60 seconds
[    1.645438] audit: initializing netlink socket (disabled)
[    1.645446] type=2000 audit(1369426758.632:1): initialized
[    1.649368] highmem bounce pool size: 64 pages
[    1.649372] HugeTLB registered 2 MB page size, pre-allocated 0 pages
[    1.649465] VFS: Disk quotas dquot_6.5.2
[    1.649494] Dquot-cache hash table entries: 1024 (order 0, 4096 bytes)
[    1.649572] fuse init (API version 7.13)
[    1.649615] msgmni has been set to 1729
[    1.649905] alg: No test for stdrng (krng)
[    1.649941] Block layer SCSI generic (bsg) driver version 0.4 loaded (major 253)
[    1.649944] io scheduler noop registered
[    1.649945] io scheduler anticipatory registered
[    1.649947] io scheduler deadline registered
[    1.649968] io scheduler cfq registered (default)
[    1.650013]   alloc irq_desc for 24 on node -1
[    1.650015]   alloc kstat_irqs on node -1
[    1.650060] pcieport 0000:00:15.0: irq 24 for MSI/MSI-X
[    1.650106] pcieport 0000:00:15.0: setting latency timer to 64
[    1.650151]   alloc irq_desc for 25 on node -1
[    1.650153]   alloc kstat_irqs on node -1
[    1.650198] pcieport 0000:00:15.1: irq 25 for MSI/MSI-X
[    1.650243] pcieport 0000:00:15.1: setting latency timer to 64
[    1.650289]   alloc irq_desc for 26 on node -1
[    1.650290]   alloc kstat_irqs on node -1
[    1.650336] pcieport 0000:00:15.2: irq 26 for MSI/MSI-X
[    1.650381] pcieport 0000:00:15.2: setting latency timer to 64
[    1.650426]   alloc irq_desc for 27 on node -1
[    1.650428]   alloc kstat_irqs on node -1
[    1.650473] pcieport 0000:00:15.3: irq 27 for MSI/MSI-X
[    1.650518] pcieport 0000:00:15.3: setting latency timer to 64
[    1.650564]   alloc irq_desc for 28 on node -1
[    1.650566]   alloc kstat_irqs on node -1
[    1.650611] pcieport 0000:00:15.4: irq 28 for MSI/MSI-X
[    1.650656] pcieport 0000:00:15.4: setting latency timer to 64
[    1.650701]   alloc irq_desc for 29 on node -1
[    1.650703]   alloc kstat_irqs on node -1
[    1.650748] pcieport 0000:00:15.5: irq 29 for MSI/MSI-X
[    1.650794] pcieport 0000:00:15.5: setting latency timer to 64
[    1.650839]   alloc irq_desc for 30 on node -1
[    1.650841]   alloc kstat_irqs on node -1
[    1.650886] pcieport 0000:00:15.6: irq 30 for MSI/MSI-X
[    1.650931] pcieport 0000:00:15.6: setting latency timer to 64
[    1.650976]   alloc irq_desc for 31 on node -1
[    1.650978]   alloc kstat_irqs on node -1
[    1.651024] pcieport 0000:00:15.7: irq 31 for MSI/MSI-X
[    1.651069] pcieport 0000:00:15.7: setting latency timer to 64
[    1.651114]   alloc irq_desc for 32 on node -1
[    1.651116]   alloc kstat_irqs on node -1
[    1.651161] pcieport 0000:00:16.0: irq 32 for MSI/MSI-X
[    1.651206] pcieport 0000:00:16.0: setting latency timer to 64
[    1.651251]   alloc irq_desc for 33 on node -1
[    1.651253]   alloc kstat_irqs on node -1
[    1.651299] pcieport 0000:00:16.1: irq 33 for MSI/MSI-X
[    1.651344] pcieport 0000:00:16.1: setting latency timer to 64
[    1.651389]   alloc irq_desc for 34 on node -1
[    1.651391]   alloc kstat_irqs on node -1
[    1.651436] pcieport 0000:00:16.2: irq 34 for MSI/MSI-X
[    1.651481] pcieport 0000:00:16.2: setting latency timer to 64
[    1.651527]   alloc irq_desc for 35 on node -1
[    1.651528]   alloc kstat_irqs on node -1
[    1.651574] pcieport 0000:00:16.3: irq 35 for MSI/MSI-X
[    1.651619] pcieport 0000:00:16.3: setting latency timer to 64
[    1.651664]   alloc irq_desc for 36 on node -1
[    1.651666]   alloc kstat_irqs on node -1
[    1.651711] pcieport 0000:00:16.4: irq 36 for MSI/MSI-X
[    1.651756] pcieport 0000:00:16.4: setting latency timer to 64
[    1.651802]   alloc irq_desc for 37 on node -1
[    1.651804]   alloc kstat_irqs on node -1
[    1.651849] pcieport 0000:00:16.5: irq 37 for MSI/MSI-X
[    1.651894] pcieport 0000:00:16.5: setting latency timer to 64
[    1.651939]   alloc irq_desc for 38 on node -1
[    1.651941]   alloc kstat_irqs on node -1
[    1.651986] pcieport 0000:00:16.6: irq 38 for MSI/MSI-X
[    1.652032] pcieport 0000:00:16.6: setting latency timer to 64
[    1.652077]   alloc irq_desc for 39 on node -1
[    1.652079]   alloc kstat_irqs on node -1
[    1.652124] pcieport 0000:00:16.7: irq 39 for MSI/MSI-X
[    1.652169] pcieport 0000:00:16.7: setting latency timer to 64
[    1.653262]   alloc irq_desc for 40 on node -1
[    1.653264]   alloc kstat_irqs on node -1
[    1.653309] pcieport 0000:00:17.0: irq 40 for MSI/MSI-X
[    1.653355] pcieport 0000:00:17.0: setting latency timer to 64
[    1.653400]   alloc irq_desc for 41 on node -1
[    1.653402]   alloc kstat_irqs on node -1
[    1.653447] pcieport 0000:00:17.1: irq 41 for MSI/MSI-X
[    1.653492] pcieport 0000:00:17.1: setting latency timer to 64
[    1.653537]   alloc irq_desc for 42 on node -1
[    1.653539]   alloc kstat_irqs on node -1
[    1.653585] pcieport 0000:00:17.2: irq 42 for MSI/MSI-X
[    1.653630] pcieport 0000:00:17.2: setting latency timer to 64
[    1.653675]   alloc irq_desc for 43 on node -1
[    1.653677]   alloc kstat_irqs on node -1
[    1.653722] pcieport 0000:00:17.3: irq 43 for MSI/MSI-X
[    1.653767] pcieport 0000:00:17.3: setting latency timer to 64
[    1.653813]   alloc irq_desc for 44 on node -1
[    1.653814]   alloc kstat_irqs on node -1
[    1.653860] pcieport 0000:00:17.4: irq 44 for MSI/MSI-X
[    1.653905] pcieport 0000:00:17.4: setting latency timer to 64
[    1.653950]   alloc irq_desc for 45 on node -1
[    1.653952]   alloc kstat_irqs on node -1
[    1.653997] pcieport 0000:00:17.5: irq 45 for MSI/MSI-X
[    1.654042] pcieport 0000:00:17.5: setting latency timer to 64
[    1.654088]   alloc irq_desc for 46 on node -1
[    1.654089]   alloc kstat_irqs on node -1
[    1.654135] pcieport 0000:00:17.6: irq 46 for MSI/MSI-X
[    1.654180] pcieport 0000:00:17.6: setting latency timer to 64
[    1.654225]   alloc irq_desc for 47 on node -1
[    1.654227]   alloc kstat_irqs on node -1
[    1.654272] pcieport 0000:00:17.7: irq 47 for MSI/MSI-X
[    1.654317] pcieport 0000:00:17.7: setting latency timer to 64
[    1.654363]   alloc irq_desc for 48 on node -1
[    1.654365]   alloc kstat_irqs on node -1
[    1.654410] pcieport 0000:00:18.0: irq 48 for MSI/MSI-X
[    1.654455] pcieport 0000:00:18.0: setting latency timer to 64
[    1.654500]   alloc irq_desc for 49 on node -1
[    1.654502]   alloc kstat_irqs on node -1
[    1.654547] pcieport 0000:00:18.1: irq 49 for MSI/MSI-X
[    1.654593] pcieport 0000:00:18.1: setting latency timer to 64
[    1.654638]   alloc irq_desc for 50 on node -1
[    1.654640]   alloc kstat_irqs on node -1
[    1.654685] pcieport 0000:00:18.2: irq 50 for MSI/MSI-X
[    1.654730] pcieport 0000:00:18.2: setting latency timer to 64
[    1.654775]   alloc irq_desc for 51 on node -1
[    1.654777]   alloc kstat_irqs on node -1
[    1.654823] pcieport 0000:00:18.3: irq 51 for MSI/MSI-X
[    1.654868] pcieport 0000:00:18.3: setting latency timer to 64
[    1.654913]   alloc irq_desc for 52 on node -1
[    1.654915]   alloc kstat_irqs on node -1
[    1.654960] pcieport 0000:00:18.4: irq 52 for MSI/MSI-X
[    1.655005] pcieport 0000:00:18.4: setting latency timer to 64
[    1.655050]   alloc irq_desc for 53 on node -1
[    1.655052]   alloc kstat_irqs on node -1
[    1.655098] pcieport 0000:00:18.5: irq 53 for MSI/MSI-X
[    1.655143] pcieport 0000:00:18.5: setting latency timer to 64
[    1.655188]   alloc irq_desc for 54 on node -1
[    1.655190]   alloc kstat_irqs on node -1
[    1.655235] pcieport 0000:00:18.6: irq 54 for MSI/MSI-X
[    1.655280] pcieport 0000:00:18.6: setting latency timer to 64
[    1.655326]   alloc irq_desc for 55 on node -1
[    1.655328]   alloc kstat_irqs on node -1
[    1.655373] pcieport 0000:00:18.7: irq 55 for MSI/MSI-X
[    1.655418] pcieport 0000:00:18.7: setting latency timer to 64
[    1.655463] pci_hotplug: PCI Hot Plug PCI Core version: 0.5
[    1.657278] pciehp 0000:00:15.0:pcie04: HPC vendor_id 15ad device_id 7a0 ss_vid 0 ss_did 0
[    1.657323] pciehp 0000:00:15.0:pcie04: service driver pciehp loaded
[    1.657368] pciehp 0000:00:15.1:pcie04: HPC vendor_id 15ad device_id 7a0 ss_vid 0 ss_did 0
[    1.657413] pciehp 0000:00:15.1:pcie04: service driver pciehp loaded
[    1.657459] pciehp 0000:00:15.2:pcie04: HPC vendor_id 15ad device_id 7a0 ss_vid 0 ss_did 0
[    1.657504] pciehp 0000:00:15.2:pcie04: service driver pciehp loaded
[    1.657549] pciehp 0000:00:15.3:pcie04: HPC vendor_id 15ad device_id 7a0 ss_vid 0 ss_did 0
[    1.657594] pciehp 0000:00:15.3:pcie04: service driver pciehp loaded
[    1.657640] pciehp 0000:00:15.4:pcie04: HPC vendor_id 15ad device_id 7a0 ss_vid 0 ss_did 0
[    1.657685] pciehp 0000:00:15.4:pcie04: service driver pciehp loaded
[    1.657730] pciehp 0000:00:15.5:pcie04: HPC vendor_id 15ad device_id 7a0 ss_vid 0 ss_did 0
[    1.657775] pciehp 0000:00:15.5:pcie04: service driver pciehp loaded
[    1.657820] pciehp 0000:00:15.6:pcie04: HPC vendor_id 15ad device_id 7a0 ss_vid 0 ss_did 0
[    1.657866] pciehp 0000:00:15.6:pcie04: service driver pciehp loaded
[    1.657911] pciehp 0000:00:15.7:pcie04: HPC vendor_id 15ad device_id 7a0 ss_vid 0 ss_did 0
[    1.657956] pciehp 0000:00:15.7:pcie04: service driver pciehp loaded
[    1.658001] pciehp 0000:00:16.0:pcie04: HPC vendor_id 15ad device_id 7a0 ss_vid 0 ss_did 0
[    1.658047] pciehp 0000:00:16.0:pcie04: service driver pciehp loaded
[    1.658092] pciehp 0000:00:16.1:pcie04: HPC vendor_id 15ad device_id 7a0 ss_vid 0 ss_did 0
[    1.658137] pciehp 0000:00:16.1:pcie04: service driver pciehp loaded
[    1.658182] pciehp 0000:00:16.2:pcie04: HPC vendor_id 15ad device_id 7a0 ss_vid 0 ss_did 0
[    1.658227] pciehp 0000:00:16.2:pcie04: service driver pciehp loaded
[    1.658273] pciehp 0000:00:16.3:pcie04: HPC vendor_id 15ad device_id 7a0 ss_vid 0 ss_did 0
[    1.658318] pciehp 0000:00:16.3:pcie04: service driver pciehp loaded
[    1.658363] pciehp 0000:00:16.4:pcie04: HPC vendor_id 15ad device_id 7a0 ss_vid 0 ss_did 0
[    1.658408] pciehp 0000:00:16.4:pcie04: service driver pciehp loaded
[    1.658454] pciehp 0000:00:16.5:pcie04: HPC vendor_id 15ad device_id 7a0 ss_vid 0 ss_did 0
[    1.658499] pciehp 0000:00:16.5:pcie04: service driver pciehp loaded
[    1.658544] pciehp 0000:00:16.6:pcie04: HPC vendor_id 15ad device_id 7a0 ss_vid 0 ss_did 0
[    1.658589] pciehp 0000:00:16.6:pcie04: service driver pciehp loaded
[    1.658635] pciehp 0000:00:16.7:pcie04: HPC vendor_id 15ad device_id 7a0 ss_vid 0 ss_did 0
[    1.658680] pciehp 0000:00:16.7:pcie04: service driver pciehp loaded
[    1.658725] pciehp 0000:00:17.0:pcie04: HPC vendor_id 15ad device_id 7a0 ss_vid 0 ss_did 0
[    1.658770] pciehp 0000:00:17.0:pcie04: service driver pciehp loaded
[    1.658815] pciehp 0000:00:17.1:pcie04: HPC vendor_id 15ad device_id 7a0 ss_vid 0 ss_did 0
[    1.658861] pciehp 0000:00:17.1:pcie04: service driver pciehp loaded
[    1.658906] pciehp 0000:00:17.2:pcie04: HPC vendor_id 15ad device_id 7a0 ss_vid 0 ss_did 0
[    1.658951] pciehp 0000:00:17.2:pcie04: service driver pciehp loaded
[    1.658996] pciehp 0000:00:17.3:pcie04: HPC vendor_id 15ad device_id 7a0 ss_vid 0 ss_did 0
[    1.659042] pciehp 0000:00:17.3:pcie04: service driver pciehp loaded
[    1.659087] pciehp 0000:00:17.4:pcie04: HPC vendor_id 15ad device_id 7a0 ss_vid 0 ss_did 0
[    1.659132] pciehp 0000:00:17.4:pcie04: service driver pciehp loaded
[    1.659177] pciehp 0000:00:17.5:pcie04: HPC vendor_id 15ad device_id 7a0 ss_vid 0 ss_did 0
[    1.659222] pciehp 0000:00:17.5:pcie04: service driver pciehp loaded
[    1.659268] pciehp 0000:00:17.6:pcie04: HPC vendor_id 15ad device_id 7a0 ss_vid 0 ss_did 0
[    1.659313] pciehp 0000:00:17.6:pcie04: service driver pciehp loaded
[    1.659358] pciehp 0000:00:17.7:pcie04: HPC vendor_id 15ad device_id 7a0 ss_vid 0 ss_did 0
[    1.659403] pciehp 0000:00:17.7:pcie04: service driver pciehp loaded
[    1.659449] pciehp 0000:00:18.0:pcie04: HPC vendor_id 15ad device_id 7a0 ss_vid 0 ss_did 0
[    1.659494] pciehp 0000:00:18.0:pcie04: service driver pciehp loaded
[    1.659539] pciehp 0000:00:18.1:pcie04: HPC vendor_id 15ad device_id 7a0 ss_vid 0 ss_did 0
[    1.659584] pciehp 0000:00:18.1:pcie04: service driver pciehp loaded
[    1.659629] pciehp 0000:00:18.2:pcie04: HPC vendor_id 15ad device_id 7a0 ss_vid 0 ss_did 0
[    1.659675] pciehp 0000:00:18.2:pcie04: service driver pciehp loaded
[    1.659720] pciehp 0000:00:18.3:pcie04: HPC vendor_id 15ad device_id 7a0 ss_vid 0 ss_did 0
[    1.659765] pciehp 0000:00:18.3:pcie04: service driver pciehp loaded
[    1.659810] pciehp 0000:00:18.4:pcie04: HPC vendor_id 15ad device_id 7a0 ss_vid 0 ss_did 0
[    1.659856] pciehp 0000:00:18.4:pcie04: service driver pciehp loaded
[    1.659901] pciehp 0000:00:18.5:pcie04: HPC vendor_id 15ad device_id 7a0 ss_vid 0 ss_did 0
[    1.659946] pciehp 0000:00:18.5:pcie04: service driver pciehp loaded
[    1.659991] pciehp 0000:00:18.6:pcie04: HPC vendor_id 15ad device_id 7a0 ss_vid 0 ss_did 0
[    1.660036] pciehp 0000:00:18.6:pcie04: service driver pciehp loaded
[    1.660082] pciehp 0000:00:18.7:pcie04: HPC vendor_id 15ad device_id 7a0 ss_vid 0 ss_did 0
[    1.660127] pciehp 0000:00:18.7:pcie04: service driver pciehp loaded
[    1.660134] pciehp: PCI Express Hot Plug Controller Driver version: 0.4
[    1.660184] ACPI: AC Adapter [ACAD] (on-line)
[    1.660237] input: Power Button as /devices/LNXSYSTM:00/LNXPWRBN:00/input/input0
[    1.660239] ACPI: Power Button [PWRF]
[    1.660285] processor LNXCPU:00: registered as cooling_device0
[    1.701182] isapnp: Scanning for PnP cards...
[    2.054690] isapnp: No Plug & Play device found
[    2.054720] random 0000 0000 0000 5f8db4e5 4cfdf2a8: initializing
[    2.054848] Linux agpgart interface v0.103
[    2.054901] agpgart-intel 0000:00:00.0: Intel 440BX Chipset
[    2.054954] agpgart-intel 0000:00:00.0: AGP aperture is 256M @ 0x0
[    2.054985] Serial: 8250/16550 driver, 32 ports, IRQ sharing enabled
[    2.055038] serial8250: ttyS0 at I/O 0x3f8 (irq = 4) is a 16550A
[    2.055092] serial8250: ttyS1 at I/O 0x2f8 (irq = 3) is a 16550A
[    2.055145] 00:0a: ttyS0 at I/O 0x3f8 (irq = 4) is a 16550A
[    2.055198] 00:0b: ttyS1 at I/O 0x2f8 (irq = 3) is a 16550A
[    2.055252] brd: module loaded
[    2.055305] loop: module loaded
[    2.055358] ata_piix 0000:00:07.1: version 2.13
[    2.055440] scsi0 : ata_piix
[    2.055488] scsi1 : ata_piix
[    2.055508] ata1: PATA max UDMA/33 cmd 0x1f0 ctl 0x3f6 bmdma 0x10c0 irq 14
[    2.055509] ata2: PATA max UDMA/33 cmd 0x170 ctl 0x376 bmdma 0x10c8 irq 15
[    2.055557] PPP generic driver version 2.4.2
[    2.055576] tun: Universal TUN/TAP device driver, 1.6
[    2.055578] tun: (C) 1999-2004 Max Krasnyansky <maxk@qualcomm.com>
[    2.055631] ehci_hcd: USB 2.0 'Enhanced' Host Controller (EHCI) Driver
[    2.055684] ACPI: PCI Interrupt Link [LNKB] enabled at IRQ 11
[    2.055687] PCI: setting IRQ 11 as level-triggered
[    2.055704] ehci_hcd 0000:02:03.0: PCI INT A -> Link[LNKB] -> GSI 11 (level, low) -> IRQ 11
[    2.055758] ehci_hcd 0000:02:03.0: EHCI Host Controller
[    2.055780] ehci_hcd 0000:02:03.0: new USB bus registered, assigned bus number 1
[    2.055833] ehci_hcd 0000:02:03.0: cache line size of 32 is not supported
[    2.055840] ehci_hcd 0000:02:03.0: irq 11, io mem 0xc9000000
[    2.056151] random 0000 0000 0000 00000000 00000000: rand_read_num 3 get_random_bytes(8): sig 00000000 00000000 00000000
[    2.056154] random 0000 0000 0000 00000000 00000000: extract_entropy(.. 8 ..)
[    2.056157] random 0000 0000 0000 00000000 00000000: going to reseed nonblocking with 64 bits (64 of 0 requested)
[    2.056159] random 0000 0000 0000 00000000 00000000: extract_entropy(.. 8 ..)
[    2.056161] random 0000 0000 0000 00000000 00000000: trying to extract 64 bits from input
[    2.056163] random 0000 0000 0000 00000000 00000000: debiting 0 entropy credits from input
[    2.056165] random 0000 0000 0000 00000000 00000000: extract_entropy account returned: 0 
[    2.056168] random 0000 0000 0000 00000000 00000000: urand_change_num 5 xfer_secondary_pool(8): pool_sig 00000000, data_sig 00000000, bytes_mixed 0 00000000 00000000
[    2.056170] random 0000 0000 0000 00000000 00000000: trying to extract 64 bits from nonblocking
[    2.056173] random 0000 0000 0000 00000000 00000000: debiting 64 entropy credits from nonblocking (unlimited)
[    2.056175] random 0000 0000 0000 00000000 00000000: extract_entropy account returned: 8 
[    2.056178] random 0000 0000 0000 00000000 00000000: urand_change_num 6 extract_buf: pool_sig 00000000, data_sig fffffff9, bytes_mixed 20 00000000 00000000
[    2.064623] ehci_hcd 0000:02:03.0: USB 2.0 started, EHCI 1.00
[    2.064676] usb usb1: configuration #1 chosen from 1 choice
[    2.064695] hub 1-0:1.0: USB hub found
[    2.064700] hub 1-0:1.0: 6 ports detected
[    2.064744] ohci_hcd: USB 1.1 'Open' Host Controller (OHCI) Driver
[    2.064754] uhci_hcd: USB Universal Host Controller Interface driver
[    2.064807] ACPI: PCI Interrupt Link [LNKC] enabled at IRQ 10
[    2.064809] PCI: setting IRQ 10 as level-triggered
[    2.064813] uhci_hcd 0000:02:00.0: PCI INT A -> Link[LNKC] -> GSI 10 (level, low) -> IRQ 10
[    2.064848] uhci_hcd 0000:02:00.0: UHCI Host Controller
[    2.064875] uhci_hcd 0000:02:00.0: new USB bus registered, assigned bus number 2
[    2.064981] uhci_hcd 0000:02:00.0: irq 10, io base 0x000020c0
[    2.065034] usb usb2: configuration #1 chosen from 1 choice
[    2.065049] hub 2-0:1.0: USB hub found
[    2.065053] hub 2-0:1.0: 2 ports detected
[    2.065107] usbcore: registered new interface driver libusual
[    2.065144] PNP: PS/2 Controller [PNP0303:KBC,PNP0f13:MOUS] at 0x60,0x64 irq 1,12
[    2.065481] serio: i8042 KBD port at 0x60,0x64 irq 1
[    2.065488] serio: i8042 AUX port at 0x60,0x64 irq 12
[    2.065520] mice: PS/2 mouse device common for all mice
[    2.065574] rtc_cmos 00:04: rtc core: registered rtc_cmos as rtc0
[    2.065589] rtc0: alarms up to one month, y3k, 114 bytes nvram, hpet irqs
[    2.065642] device-mapper: uevent: version 1.0.3
[    2.065752] device-mapper: ioctl: 4.15.0-ioctl (2009-04-01) initialised: dm-devel@redhat.com
[    2.065769] EISA: Probing bus 0 at eisa.0
[    2.065776] Cannot allocate resource for EISA slot 1
[    2.065778] Cannot allocate resource for EISA slot 2
[    2.065779] Cannot allocate resource for EISA slot 3
[    2.065781] Cannot allocate resource for EISA slot 4
[    2.065783] Cannot allocate resource for EISA slot 5
[    2.065784] Cannot allocate resource for EISA slot 6
[    2.065786] Cannot allocate resource for EISA slot 7
[    2.065788] Cannot allocate resource for EISA slot 8
[    2.065789] EISA: Detected 0 cards.
[    2.065902] cpuidle: using governor ladder
[    2.065904] cpuidle: using governor menu
[    2.065958] random 0000 0000 0000 00000000 00000000: rand_read_num 4 get_random_bytes(136): sig 0000021d 00000000 00000000
[    2.065960] random 0000 0000 0000 00000000 00000000: extract_entropy(.. 136 ..)
[    2.065963] random 0000 0000 0000 00000000 00000000: going to reseed nonblocking with 1024 bits (1088 of 0 requested)
[    2.065965] random 0000 0000 0000 00000000 00000000: extract_entropy(.. 128 ..)
[    2.065967] random 0000 0000 0000 00000000 00000000: trying to extract 1024 bits from input
[    2.065969] random 0000 0000 0000 00000000 00000000: debiting 0 entropy credits from input
[    2.065970] random 0000 0000 0000 00000000 00000000: extract_entropy account returned: 0 
[    2.065973] random 0000 0000 0000 00000000 00000000: urand_change_num 7 xfer_secondary_pool(136): pool_sig 0000021d, data_sig 00000000, bytes_mixed 0 00000000 00000000
[    2.065976] random 0000 0000 0000 00000000 00000000: trying to extract 1088 bits from nonblocking
[    2.065978] random 0000 0000 0000 00000000 00000000: debiting 1088 entropy credits from nonblocking (unlimited)
[    2.065980] random 0000 0000 0000 00000000 00000000: extract_entropy account returned: 136 
[    2.065984] random 0000 0000 0000 00000000 00000000: urand_change_num 8 extract_buf: pool_sig 0000021d, data_sig fffffff7, bytes_mixed 20 00000000 00000000
[    2.065988] random 0000 0000 0000 f961ee50 ba9cb1aa: urand_change_num 9 extract_buf: pool_sig 00000230, data_sig fffffeb4, bytes_mixed 20 f961ee50 ba9cb1aa
[    2.065992] random 0000 0000 0000 9748bdd6 56fb8af6: urand_change_num 10 extract_buf: pool_sig 00000373, data_sig 000000cf, bytes_mixed 20 9748bdd6 56fb8af6
[    2.065996] random 0000 0000 0000 9748bdd6 56fb8af6: urand_change_num 11 extract_buf: pool_sig fffffe49, data_sig 0000023f, bytes_mixed 20 9748bdd6 56fb8af6
[    2.066001] random 0000 0000 0000 a135be86 4777650e: urand_change_num 12 extract_buf: pool_sig fffffcce, data_sig 000000c6, bytes_mixed 20 a135be86 4777650e
[    2.066005] random 0000 0000 0000 4a6ea85d 170e00dd: urand_change_num 13 extract_buf: pool_sig ffffff97, data_sig ffffff7d, bytes_mixed 20 4a6ea85d 170e00dd
[    2.066009] random 0000 0000 0000 4a6ea85d 170e00dd: urand_change_num 14 extract_buf: pool_sig 00000160, data_sig fffffeea, bytes_mixed 20 4a6ea85d 170e00dd
[    2.066013] random 0000 0000 0000 6e87c3cb da668c73: urand_change_num 15 extract_buf: pool_sig 0000034f, data_sig ffffff54, bytes_mixed 20 6e87c3cb da668c73
[    2.066017] random 0000 0000 0000 6e87c3cb da668c73: urand_change_num 16 extract_buf: pool_sig fffffdc5, data_sig 00000205, bytes_mixed 20 6e87c3cb da668c73
[    2.066021] random 0000 0000 0000 39f531e6 461eb249: urand_change_num 17 extract_buf: pool_sig fffffc1d, data_sig ffffff5e, bytes_mixed 20 39f531e6 461eb249
[    2.066025] random 0000 0000 0000 7e1538a2 3e661182: urand_change_num 18 extract_buf: pool_sig 000006ef, data_sig ffffff2e, bytes_mixed 20 7e1538a2 3e661182
[    2.066030] random 0000 0000 0000 7e1538a2 3e661182: urand_change_num 19 extract_buf: pool_sig 00000317, data_sig fffffccb, bytes_mixed 20 7e1538a2 3e661182
[    2.066034] random 0000 0000 0000 76af506b 9b57305e: urand_change_num 20 extract_buf: pool_sig 00000227, data_sig ffffffd2, bytes_mixed 20 76af506b 9b57305e
[    2.066038] random 0000 0000 0000 37d49d89 e20417cc: urand_change_num 21 extract_buf: pool_sig 0000080b, data_sig 000001e9, bytes_mixed 20 37d49d89 e20417cc
[    2.066042] TCP cubic registered
[    2.066095] NET: Registered protocol family 10
[    2.066128] RANDOM - __random32 called. Change num 12.  Value: 4d04ee6d	a9951220	ef1f87f9
[    2.066130] RANDOM - random32 called.  Value: 4d04ee6d	a9951220	ef1f87f9
[    2.066138] random 0000 0000 0000 37d49d89 e20417cc: rand_read_num 5 get_random_bytes(4): sig 00000298 37d49d89 e20417cc
[    2.066140] random 0000 0000 0000 37d49d89 e20417cc: extract_entropy(.. 4 ..)
[    2.066142] random 0000 0000 0000 37d49d89 e20417cc: going to reseed nonblocking with 64 bits (32 of 0 requested)
[    2.066144] random 0000 0000 0000 37d49d89 e20417cc: extract_entropy(.. 8 ..)
[    2.066146] random 0000 0000 0000 37d49d89 e20417cc: trying to extract 64 bits from input
[    2.066148] random 0000 0000 0000 37d49d89 e20417cc: debiting 0 entropy credits from input
[    2.066150] random 0000 0000 0000 37d49d89 e20417cc: extract_entropy account returned: 0 
[    2.066153] random 0000 0000 0000 37d49d89 e20417cc: urand_change_num 22 xfer_secondary_pool(4): pool_sig 00000298, data_sig 00000000, bytes_mixed 0 37d49d89 e20417cc
[    2.066156] random 0000 0000 0000 37d49d89 e20417cc: trying to extract 32 bits from nonblocking
[    2.066158] random 0000 0000 0000 37d49d89 e20417cc: debiting 32 entropy credits from nonblocking (unlimited)
[    2.066160] random 0000 0000 0000 37d49d89 e20417cc: extract_entropy account returned: 4 
[    2.066163] random 0000 0000 0000 37d49d89 e20417cc: urand_change_num 23 extract_buf: pool_sig 00000298, data_sig 00000092, bytes_mixed 20 37d49d89 e20417cc
[    2.066217] RANDOM - __random32 called. Change num 13.  Value: 4ee6da19	99512207	ff2fc77
[    2.066219] RANDOM - random32 called.  Value: 4ee6da19	99512207	ff2fc77
[    2.066272] NET: Registered protocol family 17
[    2.066292] Using IPI No-Shortcut mode
[    2.066297] random 0000 0000 0000 2ee4c4fc 167bdb15: rand_read_num 6 get_random_bytes(8): sig fffffcbf 2ee4c4fc 167bdb15
[    2.066299] random 0000 0000 0000 2ee4c4fc 167bdb15: extract_entropy(.. 8 ..)
[    2.066302] random 0000 0000 0000 2ee4c4fc 167bdb15: going to reseed nonblocking with 64 bits (64 of 0 requested)
[    2.066304] random 0000 0000 0000 2ee4c4fc 167bdb15: extract_entropy(.. 8 ..)
[    2.066306] random 0000 0000 0000 2ee4c4fc 167bdb15: trying to extract 64 bits from input
[    2.066308] random 0000 0000 0000 2ee4c4fc 167bdb15: debiting 0 entropy credits from input
[    2.066310] random 0000 0000 0000 2ee4c4fc 167bdb15: extract_entropy account returned: 0 
[    2.066313] random 0000 0000 0000 2ee4c4fc 167bdb15: urand_change_num 24 xfer_secondary_pool(8): pool_sig fffffcbf, data_sig 00000000, bytes_mixed 0 2ee4c4fc 167bdb15
[    2.066315] random 0000 0000 0000 2ee4c4fc 167bdb15: trying to extract 64 bits from nonblocking
[    2.066317] random 0000 0000 0000 2ee4c4fc 167bdb15: debiting 64 entropy credits from nonblocking (unlimited)
[    2.066319] random 0000 0000 0000 2ee4c4fc 167bdb15: extract_entropy account returned: 8 
[    2.066323] random 0000 0000 0000 2ee4c4fc 167bdb15: urand_change_num 25 extract_buf: pool_sig fffffcbf, data_sig ffffff83, bytes_mixed 20 2ee4c4fc 167bdb15
[    2.066362] PM: Resume from disk failed.
[    2.066369] registered taskstats version 1
[    2.066371] random 0000 0000 0000 2ee4c4fc 167bdb15: rand_read_num 7 get_random_bytes(12): sig fffffc69 2ee4c4fc 167bdb15
[    2.066374] random 0000 0000 0000 2ee4c4fc 167bdb15: extract_entropy(.. 12 ..)
[    2.066376] random 0000 0000 0000 2ee4c4fc 167bdb15: going to reseed nonblocking with 96 bits (96 of 0 requested)
[    2.066378] random 0000 0000 0000 2ee4c4fc 167bdb15: extract_entropy(.. 12 ..)
[    2.066380] random 0000 0000 0000 2ee4c4fc 167bdb15: trying to extract 96 bits from input
[    2.066382] random 0000 0000 0000 2ee4c4fc 167bdb15: debiting 0 entropy credits from input
[    2.066384] random 0000 0000 0000 2ee4c4fc 167bdb15: extract_entropy account returned: 0 
[    2.066386] random 0000 0000 0000 2ee4c4fc 167bdb15: urand_change_num 26 xfer_secondary_pool(12): pool_sig fffffc69, data_sig 00000000, bytes_mixed 0 2ee4c4fc 167bdb15
[    2.066389] random 0000 0000 0000 2ee4c4fc 167bdb15: trying to extract 96 bits from nonblocking
[    2.066391] random 0000 0000 0000 2ee4c4fc 167bdb15: debiting 96 entropy credits from nonblocking (unlimited)
[    2.066393] random 0000 0000 0000 2ee4c4fc 167bdb15: extract_entropy account returned: 12 
[    2.066396] random 0000 0000 0000 2ee4c4fc 167bdb15: urand_change_num 27 extract_buf: pool_sig fffffc69, data_sig ffffff7d, bytes_mixed 20 2ee4c4fc 167bdb15
[    2.066401] random 0000 0000 0000 83b7c1ab 94697f48: urand_change_num 28 extract_buf: pool_sig fffffe30, data_sig fffffdd6, bytes_mixed 20 83b7c1ab 94697f48
[    2.066403] RANDOM - __seed init called.
[    2.066404] RANDOM - __seed init called.
[    2.066406] RANDOM - __seed init called.
[    2.066407] RANDOM - __random32 called. Change num 14.  Value: fc007995	feca4f80	21b38ad2
[    2.066409] RANDOM - random32_reseed called.  Value: fc007995	feca4f80	21b38ad2
[    2.066411] Pid: 1, comm: swapper Not tainted 2.6.32.57 #4
[    2.066413] Call Trace:
[    2.066418]  [<c14a8a0e>] ? printk+0x1d/0x1f
[    2.066423]  [<c17537e5>] random32_reseed+0x89/0xbd
[    2.066426]  [<c1003042>] do_one_initcall+0x32/0x1a0
[    2.066429]  [<c175375c>] ? random32_reseed+0x0/0xbd
[    2.066463]  [<c17308e7>] kernel_init+0x12d/0x17a
[    2.066465]  [<c17307ba>] ? kernel_init+0x0/0x17a
[    2.066468]  [<c1009b07>] kernel_thread_helper+0x7/0x10
[    2.069148] input: AT Translated Set 2 keyboard as /devices/platform/i8042/serio0/input/input1
[    2.069430] random 0000 0000 0000 6db70b00 b30ce96b: rand_read_num 8 get_random_bytes(64): sig fffffb38 6db70b00 b30ce96b
[    2.069432] random 0000 0000 0000 6db70b00 b30ce96b: extract_entropy(.. 64 ..)
[    2.069435] random 0000 0000 0000 6db70b00 b30ce96b: going to reseed nonblocking with 512 bits (512 of 0 requested)
[    2.069437] random 0000 0000 0000 6db70b00 b30ce96b: extract_entropy(.. 64 ..)
[    2.069440] random 0000 0000 0000 6db70b00 b30ce96b: trying to extract 512 bits from input
[    2.069442] random 0000 0000 0000 6db70b00 b30ce96b: debiting 0 entropy credits from input
[    2.069444] random 0000 0000 0000 6db70b00 b30ce96b: extract_entropy account returned: 0 
[    2.069447] random 0000 0000 0000 6db70b00 b30ce96b: urand_change_num 29 xfer_secondary_pool(64): pool_sig fffffb38, data_sig 00000000, bytes_mixed 0 6db70b00 b30ce96b
[    2.069450] random 0000 0000 0000 6db70b00 b30ce96b: trying to extract 512 bits from nonblocking
[    2.069452] random 0000 0000 0000 6db70b00 b30ce96b: debiting 512 entropy credits from nonblocking (unlimited)
[    2.069454] random 0000 0000 0000 6db70b00 b30ce96b: extract_entropy account returned: 64 
[    2.069458] random 0000 0000 0000 6db70b00 b30ce96b: urand_change_num 30 extract_buf: pool_sig fffffb38, data_sig 00000151, bytes_mixed 20 6db70b00 b30ce96b
[    2.069463] random 0000 0000 0000 6db70b00 b30ce96b: urand_change_num 31 extract_buf: pool_sig fffffdb8, data_sig 00000379, bytes_mixed 20 6db70b00 b30ce96b
[    2.069467] random 0000 0000 0000 6b83001e d4b6c0d3: urand_change_num 32 extract_buf: pool_sig ffffffc9, data_sig 00000198, bytes_mixed 20 6b83001e d4b6c0d3
[    2.069472] random 0000 0000 0000 79d3e3c7 be564518: urand_change_num 33 extract_buf: pool_sig 000002b9, data_sig ffffff84, bytes_mixed 20 79d3e3c7 be564518
[    2.069476] random 0000 0000 0000 79d3e3c7 be564518: urand_change_num 34 extract_buf: pool_sig ffffff55, data_sig ffffff5a, bytes_mixed 20 79d3e3c7 be564518
[    2.069481] random 0000 0000 0000 89c03cb2 0d353228: urand_change_num 35 extract_buf: pool_sig 00000007, data_sig ffffff17, bytes_mixed 20 89c03cb2 0d353228
[    2.069485] random 0000 0000 0000 89c03cb2 0d353228: urand_change_num 36 extract_buf: pool_sig fffffdae, data_sig 000000db, bytes_mixed 20 89c03cb2 0d353228  Magic number: 13:191:347
[    2.069504] pci_express 0000:00:16.1:pcie01: hash matches
[    2.069513]  pci0000:00: hash matches
[    2.069585] rtc_cmos 00:04: setting system clock to 2013-05-24 20:19:20 UTC (1369426760)
[    2.069588] BIOS EDD facility v0.16 2004-Jun-25, 0 devices found
[    2.069589] EDD information not available.
[    2.069613] random 0000 0000 0000 8ca62387 b120332c: rand_read_num 9 get_random_bytes(64): sig fffffed6 8ca62387 b120332c
[    2.069616] random 0000 0000 0000 8ca62387 b120332c: extract_entropy(.. 64 ..)
[    2.069618] random 0000 0000 0000 8ca62387 b120332c: going to reseed nonblocking with 512 bits (512 of 0 requested)
[    2.069620] random 0000 0000 0000 8ca62387 b120332c: extract_entropy(.. 64 ..)
[    2.069623] random 0000 0000 0000 8ca62387 b120332c: trying to extract 512 bits from input
[    2.069625] random 0000 0000 0000 8ca62387 b120332c: debiting 0 entropy credits from input
[    2.069627] random 0000 0000 0000 8ca62387 b120332c: extract_entropy account returned: 0 
[    2.069630] random 0000 0000 0000 8ca62387 b120332c: urand_change_num 37 xfer_secondary_pool(64): pool_sig fffffed6, data_sig 00000000, bytes_mixed 0 8ca62387 b120332c
[    2.069632] random 0000 0000 0000 8ca62387 b120332c: trying to extract 512 bits from nonblocking
[    2.069635] random 0000 0000 0000 8ca62387 b120332c: debiting 512 entropy credits from nonblocking (unlimited)
[    2.069637] random 0000 0000 0000 8ca62387 b120332c: extract_entropy account returned: 64 
[    2.069640] random 0000 0000 0000 8ca62387 b120332c: urand_change_num 38 extract_buf: pool_sig fffffed6, data_sig fffffeb6, bytes_mixed 20 8ca62387 b120332c
[    2.069645] random 0000 0000 0000 90702413 e2a66c2e: urand_change_num 39 extract_buf: pool_sig fffffbb0, data_sig 0000012e, bytes_mixed 20 90702413 e2a66c2e
[    2.069649] random 0000 0000 0000 90702413 e2a66c2e: urand_change_num 40 extract_buf: pool_sig fffffaf1, data_sig ffffff3c, bytes_mixed 20 90702413 e2a66c2e
[    2.069654] random 0000 0000 0000 3f58038b c77aecb6: urand_change_num 41 extract_buf: pool_sig 00000234, data_sig fffffdec, bytes_mixed 20 3f58038b c77aecb6
[    2.069658] random 0000 0000 0000 47187b9d 03f21510: urand_change_num 42 extract_buf: pool_sig 00000192, data_sig 00000075, bytes_mixed 20 47187b9d 03f21510
[    2.069663] random 0000 0000 0000 47187b9d 03f21510: urand_change_num 43 extract_buf: pool_sig 0000018e, data_sig ffffffbf, bytes_mixed 20 47187b9d 03f21510
[    2.069667] random 0000 0000 0000 3180b1fc 0fa9c973: urand_change_num 44 extract_buf: pool_sig fffffecf, data_sig ffffff2a, bytes_mixed 20 3180b1fc 0fa9c973
[    2.069670] BEGIN NET_SECRET:
[    2.069671] \xffffff87
[    2.069673] \xffffff8d
[    2.069674] \xfffffff4
[    2.069675] \xffffffae
[    2.069676] \xffffffc3
[    2.069677] \xffffffb7
[    2.069678] \x31
[    2.069680] \x65
[    2.069681] \xffffffda
[    2.069682] \xffffffa2
[    2.069683] \x31
[    2.069684] \xffffffc8
[    2.069685] \xffffffa9
[    2.069686] \x76
[    2.069688] \x76
[    2.069689] \xffffff90
[    2.069690] \x55
[    2.069691] \xfffffff3
[    2.069692] \xffffffb1
[    2.069693] \x3
[    2.069694] \xffffffb3
[    2.069696] \xffffffa7
[    2.069697] \x5a
[    2.069698] \x71
[    2.069699] \x70
[    2.069700] \xffffff8c
[    2.069701] \x56
[    2.069702] \x25
[    2.069704] \xffffffe1
[    2.069705] \x4c
[    2.069706] \xffffffe6
[    2.069707] \xffffff95
[    2.069708] \x67
[    2.069709] \x4c
[    2.069710] \xffffffb9
[    2.069712] \x1d
[    2.069713] \xe
[    2.069714] \x34
[    2.069715] \xffffffbe
[    2.069716] \x12
[    2.069717] \x5
[    2.069718] \xffffff98
[    2.069719] \xffffffa0
[    2.069721] \xf
[    2.069722] \xffffffb2
[    2.069723] \xffffffde
[    2.069724] \xffffff99
[    2.069725] \xf
[    2.069726] \xffffffe8
[    2.069727] \xffffffc8
[    2.069729] \x1f
[    2.069730] \x54
[    2.069731] \x2c
[    2.069732] \xffffffee
[    2.069733] \x2e
[    2.069734] \x0
[    2.069735] \xffffff95
[    2.069737] \x0
[    2.069738] \xffffffe3
[    2.069739] \xffffffa7
[    2.069740] \xfffffffd
[    2.069741] \x66
[    2.069742] \xffffff92
[    2.069743] \xfffffff0
[    2.069745] 
[    2.069745] END NET_SECRET
[    2.069748] random 0000 0000 0000 3180b1fc 0fa9c973: rand_read_num 10 get_random_bytes(4): sig ffffff46 3180b1fc 0fa9c973
[    2.069751] random 0000 0000 0000 3180b1fc 0fa9c973: extract_entropy(.. 4 ..)
[    2.069753] random 0000 0000 0000 3180b1fc 0fa9c973: going to reseed nonblocking with 64 bits (32 of 0 requested)
[    2.069755] random 0000 0000 0000 3180b1fc 0fa9c973: extract_entropy(.. 8 ..)
[    2.069757] random 0000 0000 0000 3180b1fc 0fa9c973: trying to extract 64 bits from input
[    2.069759] random 0000 0000 0000 3180b1fc 0fa9c973: debiting 0 entropy credits from input
[    2.069761] random 0000 0000 0000 3180b1fc 0fa9c973: extract_entropy account returned: 0 
[    2.069764] random 0000 0000 0000 3180b1fc 0fa9c973: urand_change_num 45 xfer_secondary_pool(4): pool_sig ffffff46, data_sig 00000000, bytes_mixed 0 3180b1fc 0fa9c973
[    2.069767] random 0000 0000 0000 3180b1fc 0fa9c973: trying to extract 32 bits from nonblocking
[    2.069769] random 0000 0000 0000 3180b1fc 0fa9c973: debiting 32 entropy credits from nonblocking (unlimited)
[    2.069771] random 0000 0000 0000 3180b1fc 0fa9c973: extract_entropy account returned: 4 
[    2.069775] random 0000 0000 0000 3180b1fc 0fa9c973: urand_change_num 46 extract_buf: pool_sig ffffff46, data_sig 0000001b, bytes_mixed 20 3180b1fc 0fa9c973
[    2.242590] ata2.00: ATAPI: VMware Virtual IDE CDROM Drive, 00000001, max UDMA/33
[    2.242871] ata2.00: configured for UDMA/33
[    2.243262] scsi 1:0:0:0: CD-ROM            NECVMWar VMware IDE CDR10 1.00 PQ: 0 ANSI: 5
[    2.244495] sr0: scsi3-mmc drive: 306x/306x cd/rw xa/form2 cdda tray
[    2.244498] Uniform CD-ROM driver Revision: 3.20
[    2.244552] sr 1:0:0:0: Attached scsi CD-ROM sr0
[    2.244586] sr 1:0:0:0: Attached scsi generic sg0 type 5
[    2.244621] Freeing unused kernel memory: 652k freed
[    2.244675] Write protecting the kernel text: 4840k
[    2.244706] Write protecting the kernel read-only data: 1968k
