[    0.000000] random 0000 0000 0000 00000000 00000000: rand_read_num 1 get_random_bytes(8): sig 00000000 00000000 00000000
[    0.000000] random 0000 0000 0000 00000000 00000000: extract_entropy(.. 8 ..)
[    0.000000] random 0000 0000 0000 00000000 00000000: going to reseed nonblocking with 64 bits (64 of 0 requested)
[    0.000000] random 0000 0000 0000 00000000 00000000: extract_entropy(.. 8 ..)
[    0.000000] random 0000 0000 0000 00000000 00000000: trying to extract 64 bits from input
[    0.000000] random 0000 0000 0000 00000000 00000000: debiting 0 entropy credits from input
[    0.000000] random 0000 0000 0000 00000000 00000000: extract_entropy account returned: 0 
[    0.000000] random 0000 0000 0000 00000000 00000000: urand_change_num 1 xfer_secondary_pool(8): pool_sig 00000000, data_sig 00000000, bytes_mixed 0 00000000 00000000
[    0.000000] random 0000 0000 0000 00000000 00000000: trying to extract 64 bits from nonblocking
[    0.000000] random 0000 0000 0000 00000000 00000000: debiting 64 entropy credits from nonblocking (unlimited)
[    0.000000] random 0000 0000 0000 00000000 00000000: extract_entropy account returned: 8 
[    0.000000] random 0000 0000 0000 00000000 00000000: urand_change_num 2 extract_buf: pool_sig 00000000, data_sig fffffff9, bytes_mixed 20 00000000 00000000
[    0.000000] Initializing cgroup subsys cpuset
[    0.000000] Initializing cgroup subsys cpu
[    0.000000] Linux version 2.6.32.57 (dcashman@ubuntu) (gcc version 4.6.3 (Ubuntu/Linaro 4.6.3-1ubuntu5) ) #4 SMP Fri May 24 11:09:26 PDT 2013
[    0.000000] KERNEL supported cpus:
[    0.000000]   Intel GenuineIntel
[    0.000000]   AMD AuthenticAMD
[    0.000000]   NSC Geode by NSC
[    0.000000]   Cyrix CyrixInstead
[    0.000000]   Centaur CentaurHauls
[    0.000000]   Transmeta GenuineTMx86
[    0.000000]   Transmeta TransmetaCPU
[    0.000000]   UMC UMC UMC UMC
[    0.000000] BIOS-provided physical RAM map:
[    0.000000]  BIOS-e820: 0000000000000000 - 000000000009f000 (usable)
[    0.000000]  BIOS-e820: 000000000009f000 - 00000000000a0000 (reserved)
[    0.000000]  BIOS-e820: 00000000000ca000 - 00000000000cc000 (reserved)
[    0.000000]  BIOS-e820: 00000000000dc000 - 0000000000100000 (reserved)
[    0.000000]  BIOS-e820: 0000000000100000 - 000000003fee0000 (usable)
[    0.000000]  BIOS-e820: 000000003fee0000 - 000000003feff000 (ACPI data)
[    0.000000]  BIOS-e820: 000000003feff000 - 000000003ff00000 (ACPI NVS)
[    0.000000]  BIOS-e820: 000000003ff00000 - 0000000040000000 (usable)
[    0.000000]  BIOS-e820: 00000000e0000000 - 00000000f0000000 (reserved)
[    0.000000]  BIOS-e820: 00000000fec00000 - 00000000fec10000 (reserved)
[    0.000000]  BIOS-e820: 00000000fee00000 - 00000000fee01000 (reserved)
[    0.000000]  BIOS-e820: 00000000fffe0000 - 0000000100000000 (reserved)
[    0.000000] DMI present.
[    0.000000] Phoenix BIOS detected: BIOS may corrupt low RAM, working around it.
[    0.000000] e820 update range: 0000000000000000 - 0000000000010000 (usable) ==> (reserved)
[    0.000000] last_pfn = 0x40000 max_arch_pfn = 0x1000000
[    0.000000] MTRR default type: uncachable
[    0.000000] MTRR fixed ranges enabled:
[    0.000000]   00000-9FFFF write-back
[    0.000000]   A0000-BFFFF uncachable
[    0.000000]   C0000-CBFFF write-protect
[    0.000000]   CC000-EFFFF uncachable
[    0.000000]   F0000-FFFFF write-protect
[    0.000000] MTRR variable ranges enabled:
[    0.000000]   0 base 0000000000 mask FFC0000000 write-back
[    0.000000]   1 disabled
[    0.000000]   2 disabled
[    0.000000]   3 disabled
[    0.000000]   4 disabled
[    0.000000]   5 disabled
[    0.000000]   6 disabled
[    0.000000]   7 disabled
[    0.000000] x86 PAT enabled: cpu 0, old 0x0, new 0x7010600070106
[    0.000000] Scanning 0 areas for low memory corruption
[    0.000000] modified physical RAM map:
[    0.000000]  modified: 0000000000000000 - 0000000000010000 (reserved)
[    0.000000]  modified: 0000000000010000 - 000000000009f000 (usable)
[    0.000000]  modified: 000000000009f000 - 00000000000a0000 (reserved)
[    0.000000]  modified: 00000000000ca000 - 00000000000cc000 (reserved)
[    0.000000]  modified: 00000000000dc000 - 0000000000100000 (reserved)
[    0.000000]  modified: 0000000000100000 - 000000003fee0000 (usable)
[    0.000000]  modified: 000000003fee0000 - 000000003feff000 (ACPI data)
[    0.000000]  modified: 000000003feff000 - 000000003ff00000 (ACPI NVS)
[    0.000000]  modified: 000000003ff00000 - 0000000040000000 (usable)
[    0.000000]  modified: 00000000e0000000 - 00000000f0000000 (reserved)
[    0.000000]  modified: 00000000fec00000 - 00000000fec10000 (reserved)
[    0.000000]  modified: 00000000fee00000 - 00000000fee01000 (reserved)
[    0.000000]  modified: 00000000fffe0000 - 0000000100000000 (reserved)
[    0.000000] initial memory mapped : 0 - 01e00000
[    0.000000] init_memory_mapping: 0000000000000000-00000000379fe000
[    0.000000] NX (Execute Disable) protection: active
[    0.000000]  0000000000 - 0000200000 page 4k
[    0.000000]  0000200000 - 0037800000 page 2M
[    0.000000]  0037800000 - 00379fe000 page 4k
[    0.000000] kernel direct mapping tables up to 379fe000 @ 10000-16000
[    0.000000] RAMDISK: 2dcfc000 - 32e758c3
[    0.000000] ACPI: RSDP 000f6b80 00024 (v02 PTLTD )
[    0.000000] ACPI: XSDT 3feed636 0005C (v01 INTEL  440BX    06040000 VMW  01324272)
[    0.000000] ACPI: FACP 3fefee98 000F4 (v04 INTEL  440BX    06040000 PTL  000F4240)
[    0.000000] ACPI: DSDT 3feee366 10B32 (v01 PTLTD  Custom   06040000 MSFT 03000001)
[    0.000000] ACPI: FACS 3fefffc0 00040
[    0.000000] ACPI: BOOT 3feee33e 00028 (v01 PTLTD  $SBFTBL$ 06040000  LTP 00000001)
[    0.000000] ACPI: APIC 3feedc3e 003C2 (v01 PTLTD  ? APIC   06040000  LTP 00000000)
[    0.000000] ACPI: MCFG 3feedc02 0003C (v01 PTLTD  $PCITBL$ 06040000  LTP 00000001)
[    0.000000] ACPI: SRAT 3feed732 004D0 (v02 VMWARE MEMPLUG  06040000 VMW  00000001)
[    0.000000] ACPI: HPET 3feed6fa 00038 (v01 VMWARE VMW HPET 06040000 VMW  00000001)
[    0.000000] ACPI: WAET 3feed6d2 00028 (v01 VMWARE VMW WAET 06040000 VMW  00000001)
[    0.000000] ACPI: Local APIC address 0xfee00000
[    0.000000] 134MB HIGHMEM available.
[    0.000000] 889MB LOWMEM available.
[    0.000000]   mapped low ram: 0 - 379fe000
[    0.000000]   low ram: 0 - 379fe000
[    0.000000]   node 0 low ram: 00000000 - 379fe000
[    0.000000]   node 0 bootmap 00012000 - 00018f40
[    0.000000] (9 early reservations) ==> bootmem [0000000000 - 00379fe000]
[    0.000000]   #0 [0000000000 - 0000001000]   BIOS data page ==> [0000000000 - 0000001000]
[    0.000000]   #1 [0000001000 - 0000002000]    EX TRAMPOLINE ==> [0000001000 - 0000002000]
[    0.000000]   #2 [0000006000 - 0000007000]       TRAMPOLINE ==> [0000006000 - 0000007000]
[    0.000000]   #3 [0001000000 - 0001a75ff8]    TEXT DATA BSS ==> [0001000000 - 0001a75ff8]
[    0.000000]   #4 [002dcfc000 - 0032e758c3]          RAMDISK ==> [002dcfc000 - 0032e758c3]
[    0.000000]   #5 [000009f000 - 0000100000]    BIOS reserved ==> [000009f000 - 0000100000]
[    0.000000]   #6 [0001a76000 - 0001a851c0]              BRK ==> [0001a76000 - 0001a851c0]
[    0.000000]   #7 [0000010000 - 0000012000]          PGTABLE ==> [0000010000 - 0000012000]
[    0.000000]   #8 [0000012000 - 0000019000]          BOOTMAP ==> [0000012000 - 0000019000]
[    0.000000] found SMP MP-table at [c00f6bf0] f6bf0
[    0.000000] Zone PFN ranges:
[    0.000000]   DMA      0x00000010 -> 0x00001000
[    0.000000]   Normal   0x00001000 -> 0x000379fe
[    0.000000]   HighMem  0x000379fe -> 0x00040000
[    0.000000] Movable zone start PFN for each node
[    0.000000] early_node_map[3] active PFN ranges
[    0.000000]     0: 0x00000010 -> 0x0000009f
[    0.000000]     0: 0x00000100 -> 0x0003fee0
[    0.000000]     0: 0x0003ff00 -> 0x00040000
[    0.000000] On node 0 totalpages: 261999
[    0.000000] free_area_init_node: node 0, pgdat c1715200, node_mem_map c1a87200
[    0.000000]   DMA zone: 32 pages used for memmap
[    0.000000]   DMA zone: 0 pages reserved
[    0.000000]   DMA zone: 3951 pages, LIFO batch:0
[    0.000000]   Normal zone: 1748 pages used for memmap
[    0.000000]   Normal zone: 221994 pages, LIFO batch:31
[    0.000000]   HighMem zone: 269 pages used for memmap
[    0.000000]   HighMem zone: 34005 pages, LIFO batch:7
[    0.000000] Using APIC driver default
[    0.000000] ACPI: PM-Timer IO Port: 0x1008
[    0.000000] ACPI: Local APIC address 0xfee00000
[    0.000000] ACPI: LAPIC (acpi_id[0x00] lapic_id[0x00] enabled)
[    0.000000] ACPI: LAPIC (acpi_id[0x01] lapic_id[0x02] disabled)
[    0.000000] ACPI: LAPIC (acpi_id[0x02] lapic_id[0x04] disabled)
[    0.000000] ACPI: LAPIC (acpi_id[0x03] lapic_id[0x06] disabled)
[    0.000000] ACPI: LAPIC (acpi_id[0x04] lapic_id[0x08] disabled)
[    0.000000] ACPI: LAPIC (acpi_id[0x05] lapic_id[0x0a] disabled)
[    0.000000] ACPI: LAPIC (acpi_id[0x06] lapic_id[0x0c] disabled)
[    0.000000] ACPI: LAPIC (acpi_id[0x07] lapic_id[0x0e] disabled)
[    0.000000] ACPI: LAPIC (acpi_id[0x08] lapic_id[0x10] disabled)
[    0.000000] ACPI: LAPIC (acpi_id[0x09] lapic_id[0x12] disabled)
[    0.000000] ACPI: LAPIC (acpi_id[0x0a] lapic_id[0x14] disabled)
[    0.000000] ACPI: LAPIC (acpi_id[0x0b] lapic_id[0x16] disabled)
[    0.000000] ACPI: LAPIC (acpi_id[0x0c] lapic_id[0x18] disabled)
[    0.000000] ACPI: LAPIC (acpi_id[0x0d] lapic_id[0x1a] disabled)
[    0.000000] ACPI: LAPIC (acpi_id[0x0e] lapic_id[0x1c] disabled)
[    0.000000] ACPI: LAPIC (acpi_id[0x0f] lapic_id[0x1e] disabled)
[    0.000000] ACPI: LAPIC (acpi_id[0x10] lapic_id[0x20] disabled)
[    0.000000] ACPI: LAPIC (acpi_id[0x11] lapic_id[0x22] disabled)
[    0.000000] ACPI: LAPIC (acpi_id[0x12] lapic_id[0x24] disabled)
[    0.000000] ACPI: LAPIC (acpi_id[0x13] lapic_id[0x26] disabled)
[    0.000000] ACPI: LAPIC (acpi_id[0x14] lapic_id[0x28] disabled)
[    0.000000] ACPI: LAPIC (acpi_id[0x15] lapic_id[0x2a] disabled)
[    0.000000] ACPI: LAPIC (acpi_id[0x16] lapic_id[0x2c] disabled)
[    0.000000] ACPI: LAPIC (acpi_id[0x17] lapic_id[0x2e] disabled)
[    0.000000] ACPI: LAPIC (acpi_id[0x18] lapic_id[0x30] disabled)
[    0.000000] ACPI: LAPIC (acpi_id[0x19] lapic_id[0x32] disabled)
[    0.000000] ACPI: LAPIC (acpi_id[0x1a] lapic_id[0x34] disabled)
[    0.000000] ACPI: LAPIC (acpi_id[0x1b] lapic_id[0x36] disabled)
[    0.000000] ACPI: LAPIC (acpi_id[0x1c] lapic_id[0x38] disabled)
[    0.000000] ACPI: LAPIC (acpi_id[0x1d] lapic_id[0x3a] disabled)
[    0.000000] ACPI: LAPIC (acpi_id[0x1e] lapic_id[0x3c] disabled)
[    0.000000] ACPI: LAPIC (acpi_id[0x1f] lapic_id[0x3e] disabled)
[    0.000000] ACPI: LAPIC (acpi_id[0x20] lapic_id[0x40] disabled)
[    0.000000] ACPI: LAPIC (acpi_id[0x21] lapic_id[0x42] disabled)
[    0.000000] ACPI: LAPIC (acpi_id[0x22] lapic_id[0x44] disabled)
[    0.000000] ACPI: LAPIC (acpi_id[0x23] lapic_id[0x46] disabled)
[    0.000000] ACPI: LAPIC (acpi_id[0x24] lapic_id[0x48] disabled)
[    0.000000] ACPI: LAPIC (acpi_id[0x25] lapic_id[0x4a] disabled)
[    0.000000] ACPI: LAPIC (acpi_id[0x26] lapic_id[0x4c] disabled)
[    0.000000] ACPI: LAPIC (acpi_id[0x27] lapic_id[0x4e] disabled)
[    0.000000] ACPI: LAPIC (acpi_id[0x28] lapic_id[0x50] disabled)
[    0.000000] ACPI: LAPIC (acpi_id[0x29] lapic_id[0x52] disabled)
[    0.000000] ACPI: LAPIC (acpi_id[0x2a] lapic_id[0x54] disabled)
[    0.000000] ACPI: LAPIC (acpi_id[0x2b] lapic_id[0x56] disabled)
[    0.000000] ACPI: LAPIC (acpi_id[0x2c] lapic_id[0x58] disabled)
[    0.000000] ACPI: LAPIC (acpi_id[0x2d] lapic_id[0x5a] disabled)
[    0.000000] ACPI: LAPIC (acpi_id[0x2e] lapic_id[0x5c] disabled)
[    0.000000] ACPI: LAPIC (acpi_id[0x2f] lapic_id[0x5e] disabled)
[    0.000000] ACPI: LAPIC (acpi_id[0x30] lapic_id[0x60] disabled)
[    0.000000] ACPI: LAPIC (acpi_id[0x31] lapic_id[0x62] disabled)
[    0.000000] ACPI: LAPIC (acpi_id[0x32] lapic_id[0x64] disabled)
[    0.000000] ACPI: LAPIC (acpi_id[0x33] lapic_id[0x66] disabled)
[    0.000000] ACPI: LAPIC (acpi_id[0x34] lapic_id[0x68] disabled)
[    0.000000] ACPI: LAPIC (acpi_id[0x35] lapic_id[0x6a] disabled)
[    0.000000] ACPI: LAPIC (acpi_id[0x36] lapic_id[0x6c] disabled)
[    0.000000] ACPI: LAPIC (acpi_id[0x37] lapic_id[0x6e] disabled)
[    0.000000] ACPI: LAPIC (acpi_id[0x38] lapic_id[0x70] disabled)
[    0.000000] ACPI: LAPIC (acpi_id[0x39] lapic_id[0x72] disabled)
[    0.000000] ACPI: LAPIC (acpi_id[0x3a] lapic_id[0x74] disabled)
[    0.000000] ACPI: LAPIC (acpi_id[0x3b] lapic_id[0x76] disabled)
[    0.000000] ACPI: LAPIC (acpi_id[0x3c] lapic_id[0x78] disabled)
[    0.000000] ACPI: LAPIC (acpi_id[0x3d] lapic_id[0x7a] disabled)
[    0.000000] ACPI: LAPIC (acpi_id[0x3e] lapic_id[0x7c] disabled)
[    0.000000] ACPI: LAPIC (acpi_id[0x3f] lapic_id[0x7e] disabled)
[    0.000000] ACPI: LAPIC_NMI (acpi_id[0x00] high edge lint[0x1])
[    0.000000] ACPI: LAPIC_NMI (acpi_id[0x01] high edge lint[0x1])
[    0.000000] ACPI: LAPIC_NMI (acpi_id[0x02] high edge lint[0x1])
[    0.000000] ACPI: LAPIC_NMI (acpi_id[0x03] high edge lint[0x1])
[    0.000000] ACPI: LAPIC_NMI (acpi_id[0x04] high edge lint[0x1])
[    0.000000] ACPI: LAPIC_NMI (acpi_id[0x05] high edge lint[0x1])
[    0.000000] ACPI: LAPIC_NMI (acpi_id[0x06] high edge lint[0x1])
[    0.000000] ACPI: LAPIC_NMI (acpi_id[0x07] high edge lint[0x1])
[    0.000000] ACPI: LAPIC_NMI (acpi_id[0x08] high edge lint[0x1])
[    0.000000] ACPI: LAPIC_NMI (acpi_id[0x09] high edge lint[0x1])
[    0.000000] ACPI: LAPIC_NMI (acpi_id[0x0a] high edge lint[0x1])
[    0.000000] ACPI: LAPIC_NMI (acpi_id[0x0b] high edge lint[0x1])
[    0.000000] ACPI: LAPIC_NMI (acpi_id[0x0c] high edge lint[0x1])
[    0.000000] ACPI: LAPIC_NMI (acpi_id[0x0d] high edge lint[0x1])
[    0.000000] ACPI: LAPIC_NMI (acpi_id[0x0e] high edge lint[0x1])
[    0.000000] ACPI: LAPIC_NMI (acpi_id[0x0f] high edge lint[0x1])
[    0.000000] ACPI: LAPIC_NMI (acpi_id[0x10] high edge lint[0x1])
[    0.000000] ACPI: LAPIC_NMI (acpi_id[0x11] high edge lint[0x1])
[    0.000000] ACPI: LAPIC_NMI (acpi_id[0x12] high edge lint[0x1])
[    0.000000] ACPI: LAPIC_NMI (acpi_id[0x13] high edge lint[0x1])
[    0.000000] ACPI: LAPIC_NMI (acpi_id[0x14] high edge lint[0x1])
[    0.000000] ACPI: LAPIC_NMI (acpi_id[0x15] high edge lint[0x1])
[    0.000000] ACPI: LAPIC_NMI (acpi_id[0x16] high edge lint[0x1])
[    0.000000] ACPI: LAPIC_NMI (acpi_id[0x17] high edge lint[0x1])
[    0.000000] ACPI: LAPIC_NMI (acpi_id[0x18] high edge lint[0x1])
[    0.000000] ACPI: LAPIC_NMI (acpi_id[0x19] high edge lint[0x1])
[    0.000000] ACPI: LAPIC_NMI (acpi_id[0x1a] high edge lint[0x1])
[    0.000000] ACPI: LAPIC_NMI (acpi_id[0x1b] high edge lint[0x1])
[    0.000000] ACPI: LAPIC_NMI (acpi_id[0x1c] high edge lint[0x1])
[    0.000000] ACPI: LAPIC_NMI (acpi_id[0x1d] high edge lint[0x1])
[    0.000000] ACPI: LAPIC_NMI (acpi_id[0x1e] high edge lint[0x1])
[    0.000000] ACPI: LAPIC_NMI (acpi_id[0x1f] high edge lint[0x1])
[    0.000000] ACPI: LAPIC_NMI (acpi_id[0x20] high edge lint[0x1])
[    0.000000] ACPI: LAPIC_NMI (acpi_id[0x21] high edge lint[0x1])
[    0.000000] ACPI: LAPIC_NMI (acpi_id[0x22] high edge lint[0x1])
[    0.000000] ACPI: LAPIC_NMI (acpi_id[0x23] high edge lint[0x1])
[    0.000000] ACPI: LAPIC_NMI (acpi_id[0x24] high edge lint[0x1])
[    0.000000] ACPI: LAPIC_NMI (acpi_id[0x25] high edge lint[0x1])
[    0.000000] ACPI: LAPIC_NMI (acpi_id[0x26] high edge lint[0x1])
[    0.000000] ACPI: LAPIC_NMI (acpi_id[0x27] high edge lint[0x1])
[    0.000000] ACPI: LAPIC_NMI (acpi_id[0x28] high edge lint[0x1])
[    0.000000] ACPI: LAPIC_NMI (acpi_id[0x29] high edge lint[0x1])
[    0.000000] ACPI: LAPIC_NMI (acpi_id[0x2a] high edge lint[0x1])
[    0.000000] ACPI: LAPIC_NMI (acpi_id[0x2b] high edge lint[0x1])
[    0.000000] ACPI: LAPIC_NMI (acpi_id[0x2c] high edge lint[0x1])
[    0.000000] ACPI: LAPIC_NMI (acpi_id[0x2d] high edge lint[0x1])
[    0.000000] ACPI: LAPIC_NMI (acpi_id[0x2e] high edge lint[0x1])
[    0.000000] ACPI: LAPIC_NMI (acpi_id[0x2f] high edge lint[0x1])
[    0.000000] ACPI: LAPIC_NMI (acpi_id[0x30] high edge lint[0x1])
[    0.000000] ACPI: LAPIC_NMI (acpi_id[0x31] high edge lint[0x1])
[    0.000000] ACPI: LAPIC_NMI (acpi_id[0x32] high edge lint[0x1])
[    0.000000] ACPI: LAPIC_NMI (acpi_id[0x33] high edge lint[0x1])
[    0.000000] ACPI: LAPIC_NMI (acpi_id[0x34] high edge lint[0x1])
[    0.000000] ACPI: LAPIC_NMI (acpi_id[0x35] high edge lint[0x1])
[    0.000000] ACPI: LAPIC_NMI (acpi_id[0x36] high edge lint[0x1])
[    0.000000] ACPI: LAPIC_NMI (acpi_id[0x37] high edge lint[0x1])
[    0.000000] ACPI: LAPIC_NMI (acpi_id[0x38] high edge lint[0x1])
[    0.000000] ACPI: LAPIC_NMI (acpi_id[0x39] high edge lint[0x1])
[    0.000000] ACPI: LAPIC_NMI (acpi_id[0x3a] high edge lint[0x1])
[    0.000000] ACPI: LAPIC_NMI (acpi_id[0x3b] high edge lint[0x1])
[    0.000000] ACPI: LAPIC_NMI (acpi_id[0x3c] high edge lint[0x1])
[    0.000000] ACPI: LAPIC_NMI (acpi_id[0x3d] high edge lint[0x1])
[    0.000000] ACPI: LAPIC_NMI (acpi_id[0x3e] high edge lint[0x1])
[    0.000000] ACPI: LAPIC_NMI (acpi_id[0x3f] high edge lint[0x1])
[    0.000000] ACPI: Skipping IOAPIC probe due to 'noapic' option.
[    0.000000] Using ACPI for processor (LAPIC) configuration information
[    0.000000] ACPI: HPET id: 0x8086af01 base: 0xfed00000
[    0.000000] Intel MultiProcessor Specification v1.4
[    0.000000]     Virtual Wire compatibility mode.
[    0.000000] MPTABLE: OEM ID: INTEL   
[    0.000000] MPTABLE: Product ID: 440BX       
[    0.000000] MPTABLE: APIC at: 0xFEE00000
[    0.000000] I/O APIC #1 Version 17 at 0xFEC00000.
[    0.000000] Processors: 1
[    0.000000] 64 Processors exceeds NR_CPUS limit of 8
[    0.000000] SMP: Allowing 8 CPUs, 7 hotplug CPUs
[    0.000000] nr_irqs_gsi: 24
[    0.000000] PM: Registered nosave memory: 000000000009f000 - 00000000000a0000
[    0.000000] PM: Registered nosave memory: 00000000000a0000 - 00000000000ca000
[    0.000000] PM: Registered nosave memory: 00000000000ca000 - 00000000000cc000
[    0.000000] PM: Registered nosave memory: 00000000000cc000 - 00000000000dc000
[    0.000000] PM: Registered nosave memory: 00000000000dc000 - 0000000000100000
[    0.000000] Allocating PCI resources starting at 40000000 (gap: 40000000:a0000000)
[    0.000000] Booting paravirtualized kernel on bare hardware
[    0.000000] NR_CPUS:8 nr_cpumask_bits:8 nr_cpu_ids:8 nr_node_ids:1
[    0.000000] PERCPU: Embedded 15 pages/cpu @c2400000 s39320 r0 d22120 u262144
[    0.000000] pcpu-alloc: s39320 r0 d22120 u262144 alloc=1*2097152
[    0.000000] pcpu-alloc: [0] 0 1 2 3 4 5 6 7 
[    0.000000] Built 1 zonelists in Zone order, mobility grouping on.  Total pages: 259950
[    0.000000] Kernel command line: BOOT_IMAGE=/boot/vmlinuz-2.6.32.57 root=UUID=007b598c-390d-4c65-84a1-4ff752d48633 ro quiet splash maxcpus=0
[    0.000000] PID hash table entries: 4096 (order: 2, 16384 bytes)
[    0.000000] Dentry cache hash table entries: 131072 (order: 7, 524288 bytes)
[    0.000000] Inode-cache hash table entries: 65536 (order: 6, 262144 bytes)
[    0.000000] Enabling fast FPU save and restore... done.
[    0.000000] Enabling unmasked SIMD FPU exception support... done.
[    0.000000] Initializing CPU#0
[    0.000000] xsave/xrstor: enabled xstate_bv 0x7, cntxt size 0x340
[    0.000000] allocated 5242560 bytes of page_cgroup
[    0.000000] please try 'cgroup_disable=memory' option if you don't want memory cgroups
[    0.000000] Initializing HighMem for node 0 (000379fe:00040000)
[    0.000000] Memory: 938260k/1048576k available (4839k kernel code, 108848k reserved, 2518k data, 652k init, 137096k highmem)
[    0.000000] virtual kernel memory layout:
[    0.000000]     fixmap  : 0xfff1e000 - 0xfffff000   ( 900 kB)
[    0.000000]     pkmap   : 0xffa00000 - 0xffc00000   (2048 kB)
[    0.000000]     vmalloc : 0xf81fe000 - 0xff9fe000   ( 120 MB)
[    0.000000]     lowmem  : 0xc0000000 - 0xf79fe000   ( 889 MB)
[    0.000000]       .init : 0xc1730000 - 0xc17d3000   ( 652 kB)
[    0.000000]       .data : 0xc14b9cce - 0xc172f764   (2518 kB)
[    0.000000]       .text : 0xc1000000 - 0xc14b9cce   (4839 kB)
[    0.000000] Checking if this processor honours the WP bit even in supervisor mode...Ok.
[    0.000000] SLUB: Genslabs=13, HWalign=64, Order=0-3, MinObjects=0, CPUs=8, Nodes=1
[    0.000000] Hierarchical RCU implementation.
[    0.000000] NR_IRQS:2304 nr_irqs:472
[    0.000000] Extended CMOS year: 2000
[    0.000000] Console: colour VGA+ 80x25
[    0.000000] console [tty0] enabled
[    0.000000] hpet clockevent registered
[    0.000000] TSC freq read from hypervisor : 2394.620 MHz
[    0.000000] Detected 2394.620 MHz processor.
[    0.000002] Calibrating delay loop (skipped) preset value.. 4789.24 BogoMIPS (lpj=9578480)
[    0.000011] Security Framework initialized
[    0.000014] SELinux:  Disabled at boot.
[    0.000018] Mount-cache hash table entries: 512
[    0.000113] Initializing cgroup subsys cpuacct
[    0.000116] Initializing cgroup subsys memory
[    0.000120] Initializing cgroup subsys devices
[    0.000121] Initializing cgroup subsys freezer
[    0.000147] CPU: Physical Processor ID: 0
[    0.000154] CPU: L1 I cache: 32K, L1 D cache: 32K
[    0.000155] CPU: L2 cache: 256K
[    0.000156] CPU: L3 cache: 4096K
[    0.000161] mce: CPU supports 0 MCE banks
[    0.000173] Performance Events: no PMU driver, software events only.
[    0.000182] Checking 'hlt' instruction... OK.
[    0.018005] SMP alternatives: switching to UP code
[    0.036920] ACPI: Core revision 20090903
[    0.042964] ACPI: setting ELCR to 0200 (from 0e20)
[    0.043988] ftrace: converting mcount calls to 0f 1f 44 00 00
[    0.043993] ftrace: allocating 22631 entries in 45 pages
[    0.061064] CANARY value: f745648 for PID: 1
[    0.061094] Not enabling x2apic, Intr-remapping init failed.
[    0.061095] Enabling APIC mode:  Flat.  Using 1 I/O APICs
[    0.061103] SMP mode deactivated.
[    0.061128] SMP disabled
[    0.061182] Brought up 1 CPUs
[    0.061183] Total of 1 processors activated (4789.24 BogoMIPS).
[    0.061187] CPU0 attaching NULL sched-domain.
[    0.061254] devtmpfs: initialized
[    0.061359] sysctl table check failed: /kernel/random/now_input .1.40.7 Unknown sysctl binary path
[    0.061647] Pid: 1, comm: swapper Not tainted 2.6.32.57 #4
[    0.061648] Call Trace:
[    0.061653]  [<c14a8a0e>] ? printk+0x1d/0x1f
[    0.061656]  [<c107b56f>] set_fail+0x4f/0x60
[    0.061658]  [<c107b8b3>] sysctl_check_table+0x333/0x620
[    0.061660]  [<c107b8cc>] sysctl_check_table+0x34c/0x620
[    0.061661]  [<c107b8cc>] sysctl_check_table+0x34c/0x620
[    0.061665]  [<c1746d48>] sysctl_init+0x25/0x29
[    0.061667]  [<c1003042>] do_one_initcall+0x32/0x1a0
[    0.061669]  [<c1746d23>] ? sysctl_init+0x0/0x29
[    0.061671]  [<c17308e7>] kernel_init+0x12d/0x17a
[    0.061673]  [<c17307ba>] ? kernel_init+0x0/0x17a
[    0.061675]  [<c1009b07>] kernel_thread_helper+0x7/0x10
[    0.061677] sysctl table check failed: /kernel/random/now_blocking .1.40.8 Unknown sysctl binary path
[    0.061907] Pid: 1, comm: swapper Not tainted 2.6.32.57 #4
[    0.061907] Call Trace:
[    0.061909]  [<c14a8a0e>] ? printk+0x1d/0x1f
[    0.061910]  [<c107b56f>] set_fail+0x4f/0x60
[    0.061912]  [<c107b8b3>] sysctl_check_table+0x333/0x620
[    0.061914]  [<c107b8cc>] sysctl_check_table+0x34c/0x620
[    0.061915]  [<c107b8cc>] sysctl_check_table+0x34c/0x620
[    0.061918]  [<c1746d48>] sysctl_init+0x25/0x29
[    0.061919]  [<c1003042>] do_one_initcall+0x32/0x1a0
[    0.061921]  [<c1746d23>] ? sysctl_init+0x0/0x29
[    0.061923]  [<c17308e7>] kernel_init+0x12d/0x17a
[    0.061924]  [<c17307ba>] ? kernel_init+0x0/0x17a
[    0.061926]  [<c1009b07>] kernel_thread_helper+0x7/0x10
[    0.061927] sysctl table check failed: /kernel/random/now_nonblocking .1.40.9 Unknown sysctl binary path
[    0.062157] Pid: 1, comm: swapper Not tainted 2.6.32.57 #4
[    0.062158] Call Trace:
[    0.062159]  [<c14a8a0e>] ? printk+0x1d/0x1f
[    0.062161]  [<c107b56f>] set_fail+0x4f/0x60
[    0.062162]  [<c107b8b3>] sysctl_check_table+0x333/0x620
[    0.062164]  [<c107b8cc>] sysctl_check_table+0x34c/0x620
[    0.062165]  [<c107b8cc>] sysctl_check_table+0x34c/0x620
[    0.062168]  [<c1746d48>] sysctl_init+0x25/0x29
[    0.062169]  [<c1003042>] do_one_initcall+0x32/0x1a0
[    0.062171]  [<c1746d23>] ? sysctl_init+0x0/0x29
[    0.062173]  [<c17308e7>] kernel_init+0x12d/0x17a
[    0.062174]  [<c17307ba>] ? kernel_init+0x0/0x17a
[    0.062176]  [<c1009b07>] kernel_thread_helper+0x7/0x10
[    0.062177] sysctl table check failed: /kernel/random/nb_input_bytes .1.40.10 Unknown sysctl binary path
[    0.062407] Pid: 1, comm: swapper Not tainted 2.6.32.57 #4
[    0.062407] Call Trace:
[    0.062409]  [<c14a8a0e>] ? printk+0x1d/0x1f
[    0.062410]  [<c107b56f>] set_fail+0x4f/0x60
[    0.062412]  [<c107b8b3>] sysctl_check_table+0x333/0x620
[    0.062413]  [<c107b8cc>] sysctl_check_table+0x34c/0x620
[    0.062415]  [<c107b8cc>] sysctl_check_table+0x34c/0x620
[    0.062417]  [<c1746d48>] sysctl_init+0x25/0x29
[    0.062419]  [<c1003042>] do_one_initcall+0x32/0x1a0
[    0.062421]  [<c1746d23>] ? sysctl_init+0x0/0x29
[    0.062422]  [<c17308e7>] kernel_init+0x12d/0x17a
[    0.062424]  [<c17307ba>] ? kernel_init+0x0/0x17a
[    0.062425]  [<c1009b07>] kernel_thread_helper+0x7/0x10
[    0.062426] sysctl table check failed: /kernel/random/nb_stir_count .1.40.11 Unknown sysctl binary path
[    0.062702] Pid: 1, comm: swapper Not tainted 2.6.32.57 #4
[    0.062702] Call Trace:
[    0.062704]  [<c14a8a0e>] ? printk+0x1d/0x1f
[    0.062706]  [<c107b56f>] set_fail+0x4f/0x60
[    0.062707]  [<c107b8b3>] sysctl_check_table+0x333/0x620
[    0.062709]  [<c107b8cc>] sysctl_check_table+0x34c/0x620
[    0.062710]  [<c107b8cc>] sysctl_check_table+0x34c/0x620
[    0.062713]  [<c1746d48>] sysctl_init+0x25/0x29
[    0.062714]  [<c1003042>] do_one_initcall+0x32/0x1a0
[    0.062716]  [<c1746d23>] ? sysctl_init+0x0/0x29
[    0.062718]  [<c17308e7>] kernel_init+0x12d/0x17a
[    0.062719]  [<c17307ba>] ? kernel_init+0x0/0x17a
[    0.062721]  [<c1009b07>] kernel_thread_helper+0x7/0x10
[    0.062722] sysctl table check failed: /kernel/random/nb_reentry_count .1.40.12 Unknown sysctl binary path
[    0.062953] Pid: 1, comm: swapper Not tainted 2.6.32.57 #4
[    0.062953] Call Trace:
[    0.062955]  [<c14a8a0e>] ? printk+0x1d/0x1f
[    0.062956]  [<c107b56f>] set_fail+0x4f/0x60
[    0.062958]  [<c107b8b3>] sysctl_check_table+0x333/0x620
[    0.062959]  [<c107b8cc>] sysctl_check_table+0x34c/0x620
[    0.062961]  [<c107b8cc>] sysctl_check_table+0x34c/0x620
[    0.062963]  [<c1746d48>] sysctl_init+0x25/0x29
[    0.062965]  [<c1003042>] do_one_initcall+0x32/0x1a0
[    0.062967]  [<c1746d23>] ? sysctl_init+0x0/0x29
[    0.062968]  [<c17308e7>] kernel_init+0x12d/0x17a
[    0.062969]  [<c17307ba>] ? kernel_init+0x0/0x17a
[    0.062971]  [<c1009b07>] kernel_thread_helper+0x7/0x10
[    0.063083] RANDOM - __seed init called.
[    0.063084] RANDOM - __seed init called.
[    0.063084] RANDOM - __seed init called.
[    0.063086] RANDOM - __random32 called. Change num 1.  Value: 97305ca5	7ac4e314	874f43ab
[    0.063087] RANDOM - __random32 called. Change num 2.  Value: 5ca5394	ac4e3148	8757a6ab
[    0.063088] RANDOM - __random32 called. Change num 3.  Value: a53949f7	c4e3148e	4d57bd52
[    0.063090] RANDOM - __random32 called. Change num 4.  Value: 949f7180	4e3148eb	7aa4fd4a
[    0.063091] RANDOM - __random32 called. Change num 5.  Value: f7180f55	e3148ebb	fa95f062
[    0.063092] RANDOM - __random32 called. Change num 6.  Value: 80f55ede	3148ebb7	e0c5c74e
[    0.063093] RANDOM - random32 init called.  Value: 80f55ede	3148ebb7	e0c5c74e
[    0.063099] regulator: core version 0.5
[    0.063179] Time: 20:32:25  Date: 05/24/13
[    0.063216] NET: Registered protocol family 16
[    0.063281] EISA bus registered
[    0.064067] ACPI: bus type pci registered
[    0.064177] PCI: MCFG configuration 0: base e0000000 segment 0 buses 0 - 255
[    0.064179] PCI: MCFG area at e0000000 reserved in E820
[    0.064180] PCI: Using MMCONFIG for extended config space
[    0.064181] PCI: Using configuration type 1 for base access
[    0.064677] bio: create slab <bio-0> at 0
[    0.065871] ACPI: EC: Look up EC in DSDT
[    0.101570] ACPI: BIOS _OSI(Linux) query ignored
[    0.107322] ACPI: Interpreter enabled
[    0.107326] ACPI: (supports S0 S1 S4 S5)
[    0.107338] ACPI: Using PIC for interrupt routing
[    0.188235] ACPI: No dock devices found.
[    0.189039] ACPI: PCI Root Bridge [PCI0] (0000:00)
[    0.190581] pci 0000:00:07.1: reg 20 io port: [0x10c0-0x10cf]
[    0.191060] pci 0000:00:07.3: quirk: region 1000-103f claimed by PIIX4 ACPI
[    0.191070] pci 0000:00:07.3: quirk: region 1040-104f claimed by PIIX4 SMB
[    0.191624] pci 0000:00:07.7: reg 10 io port: [0x1080-0x10bf]
[    0.192000] pci 0000:00:07.7: reg 14 64bit mmio: [0xc8000000-0xc8001fff]
[    0.193084] pci 0000:00:0f.0: reg 10 io port: [0x10d0-0x10df]
[    0.193121] pci 0000:00:0f.0: reg 14 32bit mmio pref: [0xd0000000-0xd7ffffff]
[    0.193157] pci 0000:00:0f.0: reg 18 32bit mmio: [0xc8800000-0xc8ffffff]
[    0.193292] pci 0000:00:0f.0: reg 30 32bit mmio pref: [0x000000-0x007fff]
[    0.193814] pci 0000:00:10.0: reg 10 io port: [0x1400-0x14ff]
[    0.194162] pci 0000:00:10.0: reg 14 64bit mmio: [0xc8040000-0xc805ffff]
[    0.194527] pci 0000:00:10.0: reg 1c 64bit mmio: [0xc8020000-0xc803ffff]
[    0.194597] pci 0000:00:10.0: reg 30 32bit mmio pref: [0x000000-0x003fff]
[    0.195904] pci 0000:00:15.0: PME# supported from D0 D3hot D3cold
[    0.195923] pci 0000:00:15.0: PME# disabled
[    0.196745] pci 0000:00:15.1: PME# supported from D0 D3hot D3cold
[    0.196764] pci 0000:00:15.1: PME# disabled
[    0.197588] pci 0000:00:15.2: PME# supported from D0 D3hot D3cold
[    0.197606] pci 0000:00:15.2: PME# disabled
[    0.198619] pci 0000:00:15.3: PME# supported from D0 D3hot D3cold
[    0.198638] pci 0000:00:15.3: PME# disabled
[    0.199462] pci 0000:00:15.4: PME# supported from D0 D3hot D3cold
[    0.199481] pci 0000:00:15.4: PME# disabled
[    0.200286] pci 0000:00:15.5: PME# supported from D0 D3hot D3cold
[    0.200304] pci 0000:00:15.5: PME# disabled
[    0.201127] pci 0000:00:15.6: PME# supported from D0 D3hot D3cold
[    0.201146] pci 0000:00:15.6: PME# disabled
[    0.201983] pci 0000:00:15.7: PME# supported from D0 D3hot D3cold
[    0.202002] pci 0000:00:15.7: PME# disabled
[    0.202897] pci 0000:00:16.0: PME# supported from D0 D3hot D3cold
[    0.202917] pci 0000:00:16.0: PME# disabled
[    0.203756] pci 0000:00:16.1: PME# supported from D0 D3hot D3cold
[    0.203775] pci 0000:00:16.1: PME# disabled
[    0.204594] pci 0000:00:16.2: PME# supported from D0 D3hot D3cold
[    0.204613] pci 0000:00:16.2: PME# disabled
[    0.205450] pci 0000:00:16.3: PME# supported from D0 D3hot D3cold
[    0.205469] pci 0000:00:16.3: PME# disabled
[    0.206266] pci 0000:00:16.4: PME# supported from D0 D3hot D3cold
[    0.206285] pci 0000:00:16.4: PME# disabled
[    0.207102] pci 0000:00:16.5: PME# supported from D0 D3hot D3cold
[    0.207121] pci 0000:00:16.5: PME# disabled
[    0.207952] pci 0000:00:16.6: PME# supported from D0 D3hot D3cold
[    0.207970] pci 0000:00:16.6: PME# disabled
[    0.208793] pci 0000:00:16.7: PME# supported from D0 D3hot D3cold
[    0.208812] pci 0000:00:16.7: PME# disabled
[    0.209633] pci 0000:00:17.0: PME# supported from D0 D3hot D3cold
[    0.209652] pci 0000:00:17.0: PME# disabled
[    0.210476] pci 0000:00:17.1: PME# supported from D0 D3hot D3cold
[    0.210494] pci 0000:00:17.1: PME# disabled
[    0.211290] pci 0000:00:17.2: PME# supported from D0 D3hot D3cold
[    0.211309] pci 0000:00:17.2: PME# disabled
[    0.212145] pci 0000:00:17.3: PME# supported from D0 D3hot D3cold
[    0.212164] pci 0000:00:17.3: PME# disabled
[    0.212987] pci 0000:00:17.4: PME# supported from D0 D3hot D3cold
[    0.213005] pci 0000:00:17.4: PME# disabled
[    0.213828] pci 0000:00:17.5: PME# supported from D0 D3hot D3cold
[    0.213847] pci 0000:00:17.5: PME# disabled
[    0.214675] pci 0000:00:17.6: PME# supported from D0 D3hot D3cold
[    0.214694] pci 0000:00:17.6: PME# disabled
[    0.215517] pci 0000:00:17.7: PME# supported from D0 D3hot D3cold
[    0.215536] pci 0000:00:17.7: PME# disabled
[    0.216359] pci 0000:00:18.0: PME# supported from D0 D3hot D3cold
[    0.216388] pci 0000:00:18.0: PME# disabled
[    0.217182] pci 0000:00:18.1: PME# supported from D0 D3hot D3cold
[    0.217201] pci 0000:00:18.1: PME# disabled
[    0.218017] pci 0000:00:18.2: PME# supported from D0 D3hot D3cold
[    0.218036] pci 0000:00:18.2: PME# disabled
[    0.218851] pci 0000:00:18.3: PME# supported from D0 D3hot D3cold
[    0.218870] pci 0000:00:18.3: PME# disabled
[    0.219708] pci 0000:00:18.4: PME# supported from D0 D3hot D3cold
[    0.219727] pci 0000:00:18.4: PME# disabled
[    0.220551] pci 0000:00:18.5: PME# supported from D0 D3hot D3cold
[    0.220570] pci 0000:00:18.5: PME# disabled
[    0.221379] pci 0000:00:18.6: PME# supported from D0 D3hot D3cold
[    0.221407] pci 0000:00:18.6: PME# disabled
[    0.222205] pci 0000:00:18.7: PME# supported from D0 D3hot D3cold
[    0.222223] pci 0000:00:18.7: PME# disabled
[    0.223272] pci 0000:02:00.0: reg 20 io port: [0x20c0-0x20df]
[    0.223766] pci 0000:02:01.0: reg 10 io port: [0x2000-0x207f]
[    0.223970] pci 0000:02:01.0: reg 30 32bit mmio pref: [0x000000-0x00ffff]
[    0.224510] pci 0000:02:02.0: reg 10 io port: [0x2080-0x20bf]
[    0.225050] pci 0000:02:03.0: reg 10 32bit mmio: [0xc9000000-0xc9000fff]
[    0.225598] pci 0000:00:11.0: transparent bridge
[    0.225617] pci 0000:00:11.0: bridge io port: [0x2000-0x3fff]
[    0.225636] pci 0000:00:11.0: bridge 32bit mmio: [0xc9000000-0xca3fffff]
[    0.225671] pci 0000:00:11.0: bridge 64bit mmio pref: [0xd8400000-0xd89fffff]
[    0.226007] pci 0000:00:15.0: bridge io port: [0x4000-0x4fff]
[    0.226026] pci 0000:00:15.0: bridge 32bit mmio: [0xca400000-0xca4fffff]
[    0.226061] pci 0000:00:15.0: bridge 64bit mmio pref: [0xd8a00000-0xd8afffff]
[    0.226458] pci 0000:00:15.1: bridge io port: [0x8000-0x8fff]
[    0.226477] pci 0000:00:15.1: bridge 32bit mmio: [0xca800000-0xca8fffff]
[    0.226513] pci 0000:00:15.1: bridge 64bit mmio pref: [0xd8e00000-0xd8efffff]
[    0.226846] pci 0000:00:15.2: bridge io port: [0xc000-0xcfff]
[    0.226865] pci 0000:00:15.2: bridge 32bit mmio: [0xcac00000-0xcacfffff]
[    0.226901] pci 0000:00:15.2: bridge 64bit mmio pref: [0xd9200000-0xd92fffff]
[    0.227256] pci 0000:00:15.3: bridge 32bit mmio: [0xcb000000-0xcb0fffff]
[    0.227299] pci 0000:00:15.3: bridge 64bit mmio pref: [0xd9600000-0xd96fffff]
[    0.227681] pci 0000:00:15.4: bridge 32bit mmio: [0xcb400000-0xcb4fffff]
[    0.227717] pci 0000:00:15.4: bridge 64bit mmio pref: [0xd9a00000-0xd9afffff]
[    0.228069] pci 0000:00:15.5: bridge 32bit mmio: [0xcb800000-0xcb8fffff]
[    0.228105] pci 0000:00:15.5: bridge 64bit mmio pref: [0xd9e00000-0xd9efffff]
[    0.228480] pci 0000:00:15.6: bridge 32bit mmio: [0xcbc00000-0xcbcfffff]
[    0.228515] pci 0000:00:15.6: bridge 64bit mmio pref: [0xda200000-0xda2fffff]
[    0.228865] pci 0000:00:15.7: bridge 32bit mmio: [0xcc000000-0xcc0fffff]
[    0.228901] pci 0000:00:15.7: bridge 64bit mmio pref: [0xda600000-0xda6fffff]
[    0.229234] pci 0000:00:16.0: bridge io port: [0x5000-0x5fff]
[    0.229252] pci 0000:00:16.0: bridge 32bit mmio: [0xca500000-0xca5fffff]
[    0.229288] pci 0000:00:16.0: bridge 64bit mmio pref: [0xd8b00000-0xd8bfffff]
[    0.229650] pci 0000:00:16.1: bridge io port: [0x9000-0x9fff]
[    0.229669] pci 0000:00:16.1: bridge 32bit mmio: [0xca900000-0xca9fffff]
[    0.229705] pci 0000:00:16.1: bridge 64bit mmio pref: [0xd8f00000-0xd8ffffff]
[    0.230037] pci 0000:00:16.2: bridge io port: [0xd000-0xdfff]
[    0.230056] pci 0000:00:16.2: bridge 32bit mmio: [0xcad00000-0xcadfffff]
[    0.230091] pci 0000:00:16.2: bridge 64bit mmio pref: [0xd9300000-0xd93fffff]
[    0.230470] pci 0000:00:16.3: bridge 32bit mmio: [0xcb100000-0xcb1fffff]
[    0.230506] pci 0000:00:16.3: bridge 64bit mmio pref: [0xd9700000-0xd97fffff]
[    0.230856] pci 0000:00:16.4: bridge 32bit mmio: [0xcb500000-0xcb5fffff]
[    0.230892] pci 0000:00:16.4: bridge 64bit mmio pref: [0xd9b00000-0xd9bfffff]
[    0.231242] pci 0000:00:16.5: bridge 32bit mmio: [0xcb900000-0xcb9fffff]
[    0.231278] pci 0000:00:16.5: bridge 64bit mmio pref: [0xd9f00000-0xd9ffffff]
[    0.231659] pci 0000:00:16.6: bridge 32bit mmio: [0xcbd00000-0xcbdfffff]
[    0.231695] pci 0000:00:16.6: bridge 64bit mmio pref: [0xda300000-0xda3fffff]
[    0.232045] pci 0000:00:16.7: bridge 32bit mmio: [0xcc100000-0xcc1fffff]
[    0.232081] pci 0000:00:16.7: bridge 64bit mmio pref: [0xda700000-0xda7fffff]
[    0.232421] pci 0000:00:17.0: bridge io port: [0x6000-0x6fff]
[    0.232440] pci 0000:00:17.0: bridge 32bit mmio: [0xca600000-0xca6fffff]
[    0.232475] pci 0000:00:17.0: bridge 64bit mmio pref: [0xd8c00000-0xd8cfffff]
[    0.232809] pci 0000:00:17.1: bridge io port: [0xa000-0xafff]
[    0.232827] pci 0000:00:17.1: bridge 32bit mmio: [0xcaa00000-0xcaafffff]
[    0.232863] pci 0000:00:17.1: bridge 64bit mmio pref: [0xd9000000-0xd90fffff]
[    0.233196] pci 0000:00:17.2: bridge io port: [0xe000-0xefff]
[    0.233215] pci 0000:00:17.2: bridge 32bit mmio: [0xcae00000-0xcaefffff]
[    0.233251] pci 0000:00:17.2: bridge 64bit mmio pref: [0xd9400000-0xd94fffff]
[    0.233621] pci 0000:00:17.3: bridge 32bit mmio: [0xcb200000-0xcb2fffff]
[    0.233657] pci 0000:00:17.3: bridge 64bit mmio pref: [0xd9800000-0xd98fffff]
[    0.234006] pci 0000:00:17.4: bridge 32bit mmio: [0xcb600000-0xcb6fffff]
[    0.234042] pci 0000:00:17.4: bridge 64bit mmio pref: [0xd9c00000-0xd9cfffff]
[    0.234418] pci 0000:00:17.5: bridge 32bit mmio: [0xcba00000-0xcbafffff]
[    0.234454] pci 0000:00:17.5: bridge 64bit mmio pref: [0xda000000-0xda0fffff]
[    0.234804] pci 0000:00:17.6: bridge 32bit mmio: [0xcbe00000-0xcbefffff]
[    0.234840] pci 0000:00:17.6: bridge 64bit mmio pref: [0xda400000-0xda4fffff]
[    0.235190] pci 0000:00:17.7: bridge 32bit mmio: [0xcc200000-0xcc2fffff]
[    0.235225] pci 0000:00:17.7: bridge 64bit mmio pref: [0xda800000-0xda8fffff]
[    0.235579] pci 0000:00:18.0: bridge io port: [0x7000-0x7fff]
[    0.235598] pci 0000:00:18.0: bridge 32bit mmio: [0xca700000-0xca7fffff]
[    0.235642] pci 0000:00:18.0: bridge 64bit mmio pref: [0xd8d00000-0xd8dfffff]
[    0.235976] pci 0000:00:18.1: bridge io port: [0xb000-0xbfff]
[    0.235996] pci 0000:00:18.1: bridge 32bit mmio: [0xcab00000-0xcabfffff]
[    0.236032] pci 0000:00:18.1: bridge 64bit mmio pref: [0xd9100000-0xd91fffff]
[    0.236392] pci 0000:00:18.2: bridge io port: [0xf000-0xffff]
[    0.236411] pci 0000:00:18.2: bridge 32bit mmio: [0xcaf00000-0xcaffffff]
[    0.236446] pci 0000:00:18.2: bridge 64bit mmio pref: [0xd9500000-0xd95fffff]
[    0.236796] pci 0000:00:18.3: bridge 32bit mmio: [0xcb300000-0xcb3fffff]
[    0.236832] pci 0000:00:18.3: bridge 64bit mmio pref: [0xd9900000-0xd99fffff]
[    0.237181] pci 0000:00:18.4: bridge 32bit mmio: [0xcb700000-0xcb7fffff]
[    0.237217] pci 0000:00:18.4: bridge 64bit mmio pref: [0xd9d00000-0xd9dfffff]
[    0.237592] pci 0000:00:18.5: bridge 32bit mmio: [0xcbb00000-0xcbbfffff]
[    0.237628] pci 0000:00:18.5: bridge 64bit mmio pref: [0xda100000-0xda1fffff]
[    0.237980] pci 0000:00:18.6: bridge 32bit mmio: [0xcbf00000-0xcbffffff]
[    0.238016] pci 0000:00:18.6: bridge 64bit mmio pref: [0xda500000-0xda5fffff]
[    0.238385] pci 0000:00:18.7: bridge 32bit mmio: [0xcc300000-0xcc3fffff]
[    0.238421] pci 0000:00:18.7: bridge 64bit mmio pref: [0xda900000-0xda9fffff]
[    0.239846] pci_bus 0000:00: on NUMA node 0
[    0.239851] ACPI: PCI Interrupt Routing Table [\_SB_.PCI0._PRT]
[    0.456750] ACPI: PCI Interrupt Link [LNKA] (IRQs 3 4 5 6 7 *9 10 11 14 15)
[    0.456895] ACPI: PCI Interrupt Link [LNKB] (IRQs 3 4 5 6 7 9 10 *11 14 15)
[    0.457065] ACPI: PCI Interrupt Link [LNKC] (IRQs 3 4 5 6 7 9 *10 11 14 15)
[    0.457205] ACPI: PCI Interrupt Link [LNKD] (IRQs 3 4 *5 6 7 9 10 11 14 15)
[    0.457331] vgaarb: device added: PCI:0000:00:0f.0,decodes=io+mem,owns=io+mem,locks=none
[    0.457340] vgaarb: loaded
[    0.457424] SCSI subsystem initialized
[    0.457465] libata version 3.00 loaded.
[    0.457503] usbcore: registered new interface driver usbfs
[    0.457513] usbcore: registered new interface driver hub
[    0.457528] usbcore: registered new device driver usb
[    0.457592] PCI: Using ACPI for IRQ routing
[    0.458506] NetLabel: Initializing
[    0.458507] NetLabel:  domain hash size = 128
[    0.458507] NetLabel:  protocols = UNLABELED CIPSOv4
[    0.458514] NetLabel:  unlabeled traffic allowed by default
[    0.458545] hpet0: at MMIO 0xfed00000, IRQs 2, 8, 0, 0, 0, 0, 0, 0, 0, 0, 0, 0, 0, 0, 0, 0
[    0.458550] hpet0: 16 comparators, 64-bit 14.318180 MHz counter
[    0.460575] Switching to clocksource tsc
[    0.467360] pnp: PnP ACPI init
[    0.467368] ACPI: bus type pnp registered
[    0.508847] pnp: PnP ACPI: found 14 devices
[    0.508849] ACPI: ACPI bus type pnp unregistered
[    0.508852] PnPBIOS: Disabled by ACPI PNP
[    0.508862] system 00:01: ioport range 0x1000-0x103f has been reserved
[    0.508864] system 00:01: ioport range 0x1040-0x104f has been reserved
[    0.508865] system 00:01: ioport range 0xcf0-0xcf1 has been reserved
[    0.508871] system 00:08: iomem range 0xfed00000-0xfed003ff has been reserved
[    0.508875] system 00:0d: ioport range 0x1060-0x107f has been reserved
[    0.508877] system 00:0d: iomem range 0xe0000000-0xefffffff has been reserved
[    0.508879] system 00:0d: iomem range 0xc8200000-0xc83fffff has been reserved
[    0.544748] pci 0000:00:15.3: BAR 13: can't allocate I/O resource [0x10000-0xffff]
[    0.544752] pci 0000:00:15.4: BAR 13: can't allocate I/O resource [0x10000-0xffff]
[    0.544755] pci 0000:00:15.5: BAR 13: can't allocate I/O resource [0x10000-0xffff]
[    0.544757] pci 0000:00:15.6: BAR 13: can't allocate I/O resource [0x10000-0xffff]
[    0.544760] pci 0000:00:15.7: BAR 13: can't allocate I/O resource [0x10000-0xffff]
[    0.544762] pci 0000:00:16.3: BAR 13: can't allocate I/O resource [0x10000-0xffff]
[    0.544765] pci 0000:00:16.4: BAR 13: can't allocate I/O resource [0x10000-0xffff]
[    0.544768] pci 0000:00:16.5: BAR 13: can't allocate I/O resource [0x10000-0xffff]
[    0.544770] pci 0000:00:16.6: BAR 13: can't allocate I/O resource [0x10000-0xffff]
[    0.544773] pci 0000:00:16.7: BAR 13: can't allocate I/O resource [0x10000-0xffff]
[    0.544776] pci 0000:00:17.3: BAR 13: can't allocate I/O resource [0x10000-0xffff]
[    0.544778] pci 0000:00:17.4: BAR 13: can't allocate I/O resource [0x10000-0xffff]
[    0.544781] pci 0000:00:17.5: BAR 13: can't allocate I/O resource [0x10000-0xffff]
[    0.544784] pci 0000:00:17.6: BAR 13: can't allocate I/O resource [0x10000-0xffff]
[    0.544786] pci 0000:00:17.7: BAR 13: can't allocate I/O resource [0x10000-0xffff]
[    0.544789] pci 0000:00:18.3: BAR 13: can't allocate I/O resource [0x10000-0xffff]
[    0.544791] pci 0000:00:18.4: BAR 13: can't allocate I/O resource [0x10000-0xffff]
[    0.544794] pci 0000:00:18.5: BAR 13: can't allocate I/O resource [0x10000-0xffff]
[    0.544797] pci 0000:00:18.6: BAR 13: can't allocate I/O resource [0x10000-0xffff]
[    0.544799] pci 0000:00:18.7: BAR 13: can't allocate I/O resource [0x10000-0xffff]
[    0.544802] pci 0000:00:01.0: PCI bridge, secondary bus 0000:01
[    0.544803] pci 0000:00:01.0:   IO window: disabled
[    0.544831] pci 0000:00:01.0:   MEM window: disabled
[    0.544850] pci 0000:00:01.0:   PREFETCH window: disabled
[    0.544887] pci 0000:00:11.0: PCI bridge, secondary bus 0000:02
[    0.544898] pci 0000:00:11.0:   IO window: 0x2000-0x3fff
[    0.544926] pci 0000:00:11.0:   MEM window: 0xc9000000-0xca3fffff
[    0.544946] pci 0000:00:11.0:   PREFETCH window: 0x000000d8400000-0x000000d89fffff
[    0.544982] pci 0000:00:15.0: PCI bridge, secondary bus 0000:03
[    0.544993] pci 0000:00:15.0:   IO window: 0x4000-0x4fff
[    0.545020] pci 0000:00:15.0:   MEM window: 0xca400000-0xca4fffff
[    0.545040] pci 0000:00:15.0:   PREFETCH window: 0x000000d8a00000-0x000000d8afffff
[    0.545087] pci 0000:00:15.1: PCI bridge, secondary bus 0000:04
[    0.545098] pci 0000:00:15.1:   IO window: 0x8000-0x8fff
[    0.545126] pci 0000:00:15.1:   MEM window: 0xca800000-0xca8fffff
[    0.545145] pci 0000:00:15.1:   PREFETCH window: 0x000000d8e00000-0x000000d8efffff
[    0.545185] pci 0000:00:15.2: PCI bridge, secondary bus 0000:05
[    0.545196] pci 0000:00:15.2:   IO window: 0xc000-0xcfff
[    0.545224] pci 0000:00:15.2:   MEM window: 0xcac00000-0xcacfffff
[    0.545243] pci 0000:00:15.2:   PREFETCH window: 0x000000d9200000-0x000000d92fffff
[    0.545282] pci 0000:00:15.3: PCI bridge, secondary bus 0000:06
[    0.545284] pci 0000:00:15.3:   IO window: disabled
[    0.545312] pci 0000:00:15.3:   MEM window: 0xcb000000-0xcb0fffff
[    0.545331] pci 0000:00:15.3:   PREFETCH window: 0x000000d9600000-0x000000d96fffff
[    0.545371] pci 0000:00:15.4: PCI bridge, secondary bus 0000:07
[    0.545372] pci 0000:00:15.4:   IO window: disabled
[    0.545400] pci 0000:00:15.4:   MEM window: 0xcb400000-0xcb4fffff
[    0.545419] pci 0000:00:15.4:   PREFETCH window: 0x000000d9a00000-0x000000d9afffff
[    0.545458] pci 0000:00:15.5: PCI bridge, secondary bus 0000:08
[    0.545460] pci 0000:00:15.5:   IO window: disabled
[    0.545488] pci 0000:00:15.5:   MEM window: 0xcb800000-0xcb8fffff
[    0.545507] pci 0000:00:15.5:   PREFETCH window: 0x000000d9e00000-0x000000d9efffff
[    0.545546] pci 0000:00:15.6: PCI bridge, secondary bus 0000:09
[    0.545548] pci 0000:00:15.6:   IO window: disabled
[    0.545576] pci 0000:00:15.6:   MEM window: 0xcbc00000-0xcbcfffff
[    0.545610] pci 0000:00:15.6:   PREFETCH window: 0x000000da200000-0x000000da2fffff
[    0.545654] pci 0000:00:15.7: PCI bridge, secondary bus 0000:0a
[    0.545655] pci 0000:00:15.7:   IO window: disabled
[    0.545692] pci 0000:00:15.7:   MEM window: 0xcc000000-0xcc0fffff
[    0.545712] pci 0000:00:15.7:   PREFETCH window: 0x000000da600000-0x000000da6fffff
[    0.545751] pci 0000:00:16.0: PCI bridge, secondary bus 0000:0b
[    0.545762] pci 0000:00:16.0:   IO window: 0x5000-0x5fff
[    0.545790] pci 0000:00:16.0:   MEM window: 0xca500000-0xca5fffff
[    0.545809] pci 0000:00:16.0:   PREFETCH window: 0x000000d8b00000-0x000000d8bfffff
[    0.545848] pci 0000:00:16.1: PCI bridge, secondary bus 0000:0c
[    0.545859] pci 0000:00:16.1:   IO window: 0x9000-0x9fff
[    0.545887] pci 0000:00:16.1:   MEM window: 0xca900000-0xca9fffff
[    0.545906] pci 0000:00:16.1:   PREFETCH window: 0x000000d8f00000-0x000000d8ffffff
[    0.545946] pci 0000:00:16.2: PCI bridge, secondary bus 0000:0d
[    0.545957] pci 0000:00:16.2:   IO window: 0xd000-0xdfff
[    0.545984] pci 0000:00:16.2:   MEM window: 0xcad00000-0xcadfffff
[    0.546003] pci 0000:00:16.2:   PREFETCH window: 0x000000d9300000-0x000000d93fffff
[    0.546043] pci 0000:00:16.3: PCI bridge, secondary bus 0000:0e
[    0.546044] pci 0000:00:16.3:   IO window: disabled
[    0.546072] pci 0000:00:16.3:   MEM window: 0xcb100000-0xcb1fffff
[    0.546091] pci 0000:00:16.3:   PREFETCH window: 0x000000d9700000-0x000000d97fffff
[    0.546131] pci 0000:00:16.4: PCI bridge, secondary bus 0000:0f
[    0.546132] pci 0000:00:16.4:   IO window: disabled
[    0.546160] pci 0000:00:16.4:   MEM window: 0xcb500000-0xcb5fffff
[    0.546179] pci 0000:00:16.4:   PREFETCH window: 0x000000d9b00000-0x000000d9bfffff
[    0.546219] pci 0000:00:16.5: PCI bridge, secondary bus 0000:10
[    0.546220] pci 0000:00:16.5:   IO window: disabled
[    0.546248] pci 0000:00:16.5:   MEM window: 0xcb900000-0xcb9fffff
[    0.546267] pci 0000:00:16.5:   PREFETCH window: 0x000000d9f00000-0x000000d9ffffff
[    0.546306] pci 0000:00:16.6: PCI bridge, secondary bus 0000:11
[    0.546308] pci 0000:00:16.6:   IO window: disabled
[    0.546336] pci 0000:00:16.6:   MEM window: 0xcbd00000-0xcbdfffff
[    0.546355] pci 0000:00:16.6:   PREFETCH window: 0x000000da300000-0x000000da3fffff
[    0.546394] pci 0000:00:16.7: PCI bridge, secondary bus 0000:12
[    0.546396] pci 0000:00:16.7:   IO window: disabled
[    0.546423] pci 0000:00:16.7:   MEM window: 0xcc100000-0xcc1fffff
[    0.546442] pci 0000:00:16.7:   PREFETCH window: 0x000000da700000-0x000000da7fffff
[    0.546482] pci 0000:00:17.0: PCI bridge, secondary bus 0000:13
[    0.546493] pci 0000:00:17.0:   IO window: 0x6000-0x6fff
[    0.546520] pci 0000:00:17.0:   MEM window: 0xca600000-0xca6fffff
[    0.546540] pci 0000:00:17.0:   PREFETCH window: 0x000000d8c00000-0x000000d8cfffff
[    0.546579] pci 0000:00:17.1: PCI bridge, secondary bus 0000:14
[    0.546591] pci 0000:00:17.1:   IO window: 0xa000-0xafff
[    0.546629] pci 0000:00:17.1:   MEM window: 0xcaa00000-0xcaafffff
[    0.546657] pci 0000:00:17.1:   PREFETCH window: 0x000000d9000000-0x000000d90fffff
[    0.546697] pci 0000:00:17.2: PCI bridge, secondary bus 0000:15
[    0.546708] pci 0000:00:17.2:   IO window: 0xe000-0xefff
[    0.546735] pci 0000:00:17.2:   MEM window: 0xcae00000-0xcaefffff
[    0.546755] pci 0000:00:17.2:   PREFETCH window: 0x000000d9400000-0x000000d94fffff
[    0.546794] pci 0000:00:17.3: PCI bridge, secondary bus 0000:16
[    0.546795] pci 0000:00:17.3:   IO window: disabled
[    0.546823] pci 0000:00:17.3:   MEM window: 0xcb200000-0xcb2fffff
[    0.546842] pci 0000:00:17.3:   PREFETCH window: 0x000000d9800000-0x000000d98fffff
[    0.546881] pci 0000:00:17.4: PCI bridge, secondary bus 0000:17
[    0.546883] pci 0000:00:17.4:   IO window: disabled
[    0.546911] pci 0000:00:17.4:   MEM window: 0xcb600000-0xcb6fffff
[    0.546930] pci 0000:00:17.4:   PREFETCH window: 0x000000d9c00000-0x000000d9cfffff
[    0.546969] pci 0000:00:17.5: PCI bridge, secondary bus 0000:18
[    0.546971] pci 0000:00:17.5:   IO window: disabled
[    0.546998] pci 0000:00:17.5:   MEM window: 0xcba00000-0xcbafffff
[    0.547017] pci 0000:00:17.5:   PREFETCH window: 0x000000da000000-0x000000da0fffff
[    0.547057] pci 0000:00:17.6: PCI bridge, secondary bus 0000:19
[    0.547058] pci 0000:00:17.6:   IO window: disabled
[    0.547086] pci 0000:00:17.6:   MEM window: 0xcbe00000-0xcbefffff
[    0.547105] pci 0000:00:17.6:   PREFETCH window: 0x000000da400000-0x000000da4fffff
[    0.547145] pci 0000:00:17.7: PCI bridge, secondary bus 0000:1a
[    0.547146] pci 0000:00:17.7:   IO window: disabled
[    0.547174] pci 0000:00:17.7:   MEM window: 0xcc200000-0xcc2fffff
[    0.547193] pci 0000:00:17.7:   PREFETCH window: 0x000000da800000-0x000000da8fffff
[    0.547232] pci 0000:00:18.0: PCI bridge, secondary bus 0000:1b
[    0.547243] pci 0000:00:18.0:   IO window: 0x7000-0x7fff
[    0.547271] pci 0000:00:18.0:   MEM window: 0xca700000-0xca7fffff
[    0.547290] pci 0000:00:18.0:   PREFETCH window: 0x000000d8d00000-0x000000d8dfffff
[    0.547329] pci 0000:00:18.1: PCI bridge, secondary bus 0000:1c
[    0.547340] pci 0000:00:18.1:   IO window: 0xb000-0xbfff
[    0.547368] pci 0000:00:18.1:   MEM window: 0xcab00000-0xcabfffff
[    0.547387] pci 0000:00:18.1:   PREFETCH window: 0x000000d9100000-0x000000d91fffff
[    0.547426] pci 0000:00:18.2: PCI bridge, secondary bus 0000:1d
[    0.547437] pci 0000:00:18.2:   IO window: 0xf000-0xffff
[    0.547465] pci 0000:00:18.2:   MEM window: 0xcaf00000-0xcaffffff
[    0.547484] pci 0000:00:18.2:   PREFETCH window: 0x000000d9500000-0x000000d95fffff
[    0.547524] pci 0000:00:18.3: PCI bridge, secondary bus 0000:1e
[    0.547525] pci 0000:00:18.3:   IO window: disabled
[    0.547553] pci 0000:00:18.3:   MEM window: 0xcb300000-0xcb3fffff
[    0.547572] pci 0000:00:18.3:   PREFETCH window: 0x000000d9900000-0x000000d99fffff
[    0.547622] pci 0000:00:18.4: PCI bridge, secondary bus 0000:1f
[    0.547623] pci 0000:00:18.4:   IO window: disabled
[    0.547661] pci 0000:00:18.4:   MEM window: 0xcb700000-0xcb7fffff
[    0.547680] pci 0000:00:18.4:   PREFETCH window: 0x000000d9d00000-0x000000d9dfffff
[    0.547719] pci 0000:00:18.5: PCI bridge, secondary bus 0000:20
[    0.547720] pci 0000:00:18.5:   IO window: disabled
[    0.547748] pci 0000:00:18.5:   MEM window: 0xcbb00000-0xcbbfffff
[    0.547767] pci 0000:00:18.5:   PREFETCH window: 0x000000da100000-0x000000da1fffff
[    0.547807] pci 0000:00:18.6: PCI bridge, secondary bus 0000:21
[    0.547808] pci 0000:00:18.6:   IO window: disabled
[    0.547836] pci 0000:00:18.6:   MEM window: 0xcbf00000-0xcbffffff
[    0.547855] pci 0000:00:18.6:   PREFETCH window: 0x000000da500000-0x000000da5fffff
[    0.547894] pci 0000:00:18.7: PCI bridge, secondary bus 0000:22
[    0.547896] pci 0000:00:18.7:   IO window: disabled
[    0.547923] pci 0000:00:18.7:   MEM window: 0xcc300000-0xcc3fffff
[    0.547943] pci 0000:00:18.7:   PREFETCH window: 0x000000da900000-0x000000da9fffff
[    0.548010] pci 0000:00:01.0: setting latency timer to 64
[    0.548101] pci 0000:00:15.0: setting latency timer to 64
[    0.548163] pci 0000:00:15.1: setting latency timer to 64
[    0.548224] pci 0000:00:15.2: setting latency timer to 64
[    0.548286] pci 0000:00:15.3: setting latency timer to 64
[    0.548348] pci 0000:00:15.4: setting latency timer to 64
[    0.548410] pci 0000:00:15.5: setting latency timer to 64
[    0.548417] pci 0000:00:15.6: setting latency timer to 64
[    0.548537] pci 0000:00:15.7: setting latency timer to 64
[    0.548616] pci 0000:00:16.0: setting latency timer to 64
[    0.548687] pci 0000:00:16.1: setting latency timer to 64
[    0.548749] pci 0000:00:16.2: setting latency timer to 64
[    0.548811] pci 0000:00:16.3: setting latency timer to 64
[    0.548878] pci 0000:00:16.4: setting latency timer to 64
[    0.548940] pci 0000:00:16.5: setting latency timer to 64
[    0.549002] pci 0000:00:16.6: setting latency timer to 64
[    0.549064] pci 0000:00:16.7: setting latency timer to 64
[    0.549126] pci 0000:00:17.0: setting latency timer to 64
[    0.549188] pci 0000:00:17.1: setting latency timer to 64
[    0.549250] pci 0000:00:17.2: setting latency timer to 64
[    0.549312] pci 0000:00:17.3: setting latency timer to 64
[    0.549374] pci 0000:00:17.4: setting latency timer to 64
[    0.549436] pci 0000:00:17.5: setting latency timer to 64
[    0.549498] pci 0000:00:17.6: setting latency timer to 64
[    0.549560] pci 0000:00:17.7: setting latency timer to 64
[    0.549641] pci 0000:00:18.0: setting latency timer to 64
[    0.549712] pci 0000:00:18.1: setting latency timer to 64
[    0.549774] pci 0000:00:18.2: setting latency timer to 64
[    0.549836] pci 0000:00:18.3: setting latency timer to 64
[    0.549898] pci 0000:00:18.4: setting latency timer to 64
[    0.549960] pci 0000:00:18.5: setting latency timer to 64
[    0.550022] pci 0000:00:18.6: setting latency timer to 64
[    0.550084] pci 0000:00:18.7: setting latency timer to 64
[    0.550095] pci_bus 0000:00: resource 0 io:  [0x00-0xffff]
[    0.550097] pci_bus 0000:00: resource 1 mem: [0x000000-0xffffffffffffffff]
[    0.550100] pci_bus 0000:02: resource 0 io:  [0x2000-0x3fff]
[    0.550102] pci_bus 0000:02: resource 1 mem: [0xc9000000-0xca3fffff]
[    0.550103] pci_bus 0000:02: resource 2 pref mem [0xd8400000-0xd89fffff]
[    0.550105] pci_bus 0000:02: resource 3 io:  [0x00-0xffff]
[    0.550107] pci_bus 0000:02: resource 4 mem: [0x000000-0xffffffffffffffff]
[    0.550109] pci_bus 0000:03: resource 0 io:  [0x4000-0x4fff]
[    0.550111] pci_bus 0000:03: resource 1 mem: [0xca400000-0xca4fffff]
[    0.550113] pci_bus 0000:03: resource 2 pref mem [0xd8a00000-0xd8afffff]
[    0.550114] pci_bus 0000:04: resource 0 io:  [0x8000-0x8fff]
[    0.550116] pci_bus 0000:04: resource 1 mem: [0xca800000-0xca8fffff]
[    0.550118] pci_bus 0000:04: resource 2 pref mem [0xd8e00000-0xd8efffff]
[    0.550120] pci_bus 0000:05: resource 0 io:  [0xc000-0xcfff]
[    0.550121] pci_bus 0000:05: resource 1 mem: [0xcac00000-0xcacfffff]
[    0.550123] pci_bus 0000:05: resource 2 pref mem [0xd9200000-0xd92fffff]
[    0.550125] pci_bus 0000:06: resource 1 mem: [0xcb000000-0xcb0fffff]
[    0.550127] pci_bus 0000:06: resource 2 pref mem [0xd9600000-0xd96fffff]
[    0.550129] pci_bus 0000:07: resource 1 mem: [0xcb400000-0xcb4fffff]
[    0.550131] pci_bus 0000:07: resource 2 pref mem [0xd9a00000-0xd9afffff]
[    0.550132] pci_bus 0000:08: resource 1 mem: [0xcb800000-0xcb8fffff]
[    0.550134] pci_bus 0000:08: resource 2 pref mem [0xd9e00000-0xd9efffff]
[    0.550136] pci_bus 0000:09: resource 1 mem: [0xcbc00000-0xcbcfffff]
[    0.550138] pci_bus 0000:09: resource 2 pref mem [0xda200000-0xda2fffff]
[    0.550140] pci_bus 0000:0a: resource 1 mem: [0xcc000000-0xcc0fffff]
[    0.550141] pci_bus 0000:0a: resource 2 pref mem [0xda600000-0xda6fffff]
[    0.550143] pci_bus 0000:0b: resource 0 io:  [0x5000-0x5fff]
[    0.550145] pci_bus 0000:0b: resource 1 mem: [0xca500000-0xca5fffff]
[    0.550147] pci_bus 0000:0b: resource 2 pref mem [0xd8b00000-0xd8bfffff]
[    0.550149] pci_bus 0000:0c: resource 0 io:  [0x9000-0x9fff]
[    0.550150] pci_bus 0000:0c: resource 1 mem: [0xca900000-0xca9fffff]
[    0.550152] pci_bus 0000:0c: resource 2 pref mem [0xd8f00000-0xd8ffffff]
[    0.550154] pci_bus 0000:0d: resource 0 io:  [0xd000-0xdfff]
[    0.550156] pci_bus 0000:0d: resource 1 mem: [0xcad00000-0xcadfffff]
[    0.550157] pci_bus 0000:0d: resource 2 pref mem [0xd9300000-0xd93fffff]
[    0.550159] pci_bus 0000:0e: resource 1 mem: [0xcb100000-0xcb1fffff]
[    0.550161] pci_bus 0000:0e: resource 2 pref mem [0xd9700000-0xd97fffff]
[    0.550163] pci_bus 0000:0f: resource 1 mem: [0xcb500000-0xcb5fffff]
[    0.550165] pci_bus 0000:0f: resource 2 pref mem [0xd9b00000-0xd9bfffff]
[    0.550167] pci_bus 0000:10: resource 1 mem: [0xcb900000-0xcb9fffff]
[    0.550168] pci_bus 0000:10: resource 2 pref mem [0xd9f00000-0xd9ffffff]
[    0.550170] pci_bus 0000:11: resource 1 mem: [0xcbd00000-0xcbdfffff]
[    0.550172] pci_bus 0000:11: resource 2 pref mem [0xda300000-0xda3fffff]
[    0.550174] pci_bus 0000:12: resource 1 mem: [0xcc100000-0xcc1fffff]
[    0.550176] pci_bus 0000:12: resource 2 pref mem [0xda700000-0xda7fffff]
[    0.550177] pci_bus 0000:13: resource 0 io:  [0x6000-0x6fff]
[    0.550179] pci_bus 0000:13: resource 1 mem: [0xca600000-0xca6fffff]
[    0.550181] pci_bus 0000:13: resource 2 pref mem [0xd8c00000-0xd8cfffff]
[    0.550183] pci_bus 0000:14: resource 0 io:  [0xa000-0xafff]
[    0.550184] pci_bus 0000:14: resource 1 mem: [0xcaa00000-0xcaafffff]
[    0.550186] pci_bus 0000:14: resource 2 pref mem [0xd9000000-0xd90fffff]
[    0.550188] pci_bus 0000:15: resource 0 io:  [0xe000-0xefff]
[    0.550190] pci_bus 0000:15: resource 1 mem: [0xcae00000-0xcaefffff]
[    0.550192] pci_bus 0000:15: resource 2 pref mem [0xd9400000-0xd94fffff]
[    0.550193] pci_bus 0000:16: resource 1 mem: [0xcb200000-0xcb2fffff]
[    0.550195] pci_bus 0000:16: resource 2 pref mem [0xd9800000-0xd98fffff]
[    0.550197] pci_bus 0000:17: resource 1 mem: [0xcb600000-0xcb6fffff]
[    0.550199] pci_bus 0000:17: resource 2 pref mem [0xd9c00000-0xd9cfffff]
[    0.550201] pci_bus 0000:18: resource 1 mem: [0xcba00000-0xcbafffff]
[    0.550203] pci_bus 0000:18: resource 2 pref mem [0xda000000-0xda0fffff]
[    0.550204] pci_bus 0000:19: resource 1 mem: [0xcbe00000-0xcbefffff]
[    0.550206] pci_bus 0000:19: resource 2 pref mem [0xda400000-0xda4fffff]
[    0.550208] pci_bus 0000:1a: resource 1 mem: [0xcc200000-0xcc2fffff]
[    0.550210] pci_bus 0000:1a: resource 2 pref mem [0xda800000-0xda8fffff]
[    0.550212] pci_bus 0000:1b: resource 0 io:  [0x7000-0x7fff]
[    0.550213] pci_bus 0000:1b: resource 1 mem: [0xca700000-0xca7fffff]
[    0.550215] pci_bus 0000:1b: resource 2 pref mem [0xd8d00000-0xd8dfffff]
[    0.550217] pci_bus 0000:1c: resource 0 io:  [0xb000-0xbfff]
[    0.550219] pci_bus 0000:1c: resource 1 mem: [0xcab00000-0xcabfffff]
[    0.550220] pci_bus 0000:1c: resource 2 pref mem [0xd9100000-0xd91fffff]
[    0.550222] pci_bus 0000:1d: resource 0 io:  [0xf000-0xffff]
[    0.550224] pci_bus 0000:1d: resource 1 mem: [0xcaf00000-0xcaffffff]
[    0.550226] pci_bus 0000:1d: resource 2 pref mem [0xd9500000-0xd95fffff]
[    0.550228] pci_bus 0000:1e: resource 1 mem: [0xcb300000-0xcb3fffff]
[    0.550229] pci_bus 0000:1e: resource 2 pref mem [0xd9900000-0xd99fffff]
[    0.550231] pci_bus 0000:1f: resource 1 mem: [0xcb700000-0xcb7fffff]
[    0.550233] pci_bus 0000:1f: resource 2 pref mem [0xd9d00000-0xd9dfffff]
[    0.550235] pci_bus 0000:20: resource 1 mem: [0xcbb00000-0xcbbfffff]
[    0.550237] pci_bus 0000:20: resource 2 pref mem [0xda100000-0xda1fffff]
[    0.550238] pci_bus 0000:21: resource 1 mem: [0xcbf00000-0xcbffffff]
[    0.550240] pci_bus 0000:21: resource 2 pref mem [0xda500000-0xda5fffff]
[    0.550242] pci_bus 0000:22: resource 1 mem: [0xcc300000-0xcc3fffff]
[    0.550244] pci_bus 0000:22: resource 2 pref mem [0xda900000-0xda9fffff]
[    0.550264] NET: Registered protocol family 2
[    0.550280] RANDOM - __random32 called. Change num 7.  Value: 55ede565	148ebb7a	8e9cdd7f
[    0.550282] RANDOM - random32 called.  Value: 55ede565	148ebb7a	8e9cdd7f
[    0.550289] random 0000 0000 0000 00000000 00000000: rand_read_num 2 get_random_bytes(4): sig fffffe1a 00000000 00000000
[    0.550291] random 0000 0000 0000 00000000 00000000: extract_entropy(.. 4 ..)
[    0.550294] random 0000 0000 0000 00000000 00000000: going to reseed nonblocking with 64 bits (32 of 0 requested)
[    0.550296] random 0000 0000 0000 00000000 00000000: extract_entropy(.. 8 ..)
[    0.550298] random 0000 0000 0000 00000000 00000000: trying to extract 64 bits from input
[    0.550300] random 0000 0000 0000 00000000 00000000: debiting 0 entropy credits from input
[    0.550302] random 0000 0000 0000 00000000 00000000: extract_entropy account returned: 0 
[    0.550305] random 0000 0000 0000 00000000 00000000: urand_change_num 3 xfer_secondary_pool(4): pool_sig fffffe1a, data_sig 00000000, bytes_mixed 0 00000000 00000000
[    0.550307] random 0000 0000 0000 00000000 00000000: trying to extract 32 bits from nonblocking
[    0.550310] random 0000 0000 0000 00000000 00000000: debiting 32 entropy credits from nonblocking (unlimited)
[    0.550312] random 0000 0000 0000 00000000 00000000: extract_entropy account returned: 4 
[    0.550315] random 0000 0000 0000 00000000 00000000: urand_change_num 4 extract_buf: pool_sig fffffe1a, data_sig fffffed7, bytes_mixed 20 00000000 00000000
[    0.550343] IP route cache hash table entries: 32768 (order: 5, 131072 bytes)
[    0.550426] RANDOM - __random32 called. Change num 8.  Value: de565d28	48ebb7a3	baff4f46
[    0.550428] RANDOM - random32 called.  Value: de565d28	48ebb7a3	baff4f46
[    0.550482] RANDOM - __random32 called. Change num 9.  Value: 65d282be	8ebb7a35	9e8da0a6
[    0.550484] RANDOM - random32 called.  Value: 65d282be	8ebb7a35	9e8da0a6
[    0.550487] RANDOM - __random32 called. Change num 10.  Value: 282be6b0	ebb7a35a	414d5c14
[    0.550488] RANDOM - random32 called.  Value: 282be6b0	ebb7a35a	414d5c14
[    0.550509] RANDOM - __random32 called. Change num 11.  Value: be6b0a9f	bb7a35a2	b82964f7
[    0.550511] RANDOM - random32 called.  Value: be6b0a9f	bb7a35a2	b82964f7
[    0.550520] TCP established hash table entries: 131072 (order: 8, 1048576 bytes)
[    0.550780] TCP bind hash table entries: 65536 (order: 7, 524288 bytes)
[    0.550931] TCP: Hash tables configured (established 131072 bind 65536)
[    0.550933] TCP reno registered
[    0.550970] NET: Registered protocol family 1
[    0.550978] pci 0000:00:00.0: Limiting direct PCI/PCI transfers
[    0.550999] pci 0000:00:0f.0: Boot video device
[    0.551183] Trying to unpack rootfs image as initramfs...
[    1.619015] Freeing initrd memory: 83430k freed
[    1.626970] Simple Boot Flag at 0x36 set to 0x1
[    1.627015] cpufreq-nforce2: No nForce2 chipset.
[    1.627028] Scanning for low memory corruption every 60 seconds
[    1.627139] audit: initializing netlink socket (disabled)
[    1.627147] type=2000 audit(1369427546.616:1): initialized
[    1.631091] highmem bounce pool size: 64 pages
[    1.631095] HugeTLB registered 2 MB page size, pre-allocated 0 pages
[    1.631213] VFS: Disk quotas dquot_6.5.2
[    1.631251] Dquot-cache hash table entries: 1024 (order 0, 4096 bytes)
[    1.631335] fuse init (API version 7.13)
[    1.631380] msgmni has been set to 1729
[    1.631655] alg: No test for stdrng (krng)
[    1.631689] Block layer SCSI generic (bsg) driver version 0.4 loaded (major 253)
[    1.631692] io scheduler noop registered
[    1.631693] io scheduler anticipatory registered
[    1.631695] io scheduler deadline registered
[    1.631715] io scheduler cfq registered (default)
[    1.631761]   alloc irq_desc for 24 on node -1
[    1.631763]   alloc kstat_irqs on node -1
[    1.631808] pcieport 0000:00:15.0: irq 24 for MSI/MSI-X
[    1.631853] pcieport 0000:00:15.0: setting latency timer to 64
[    1.631898]   alloc irq_desc for 25 on node -1
[    1.631900]   alloc kstat_irqs on node -1
[    1.631945] pcieport 0000:00:15.1: irq 25 for MSI/MSI-X
[    1.631990] pcieport 0000:00:15.1: setting latency timer to 64
[    1.632035]   alloc irq_desc for 26 on node -1
[    1.632037]   alloc kstat_irqs on node -1
[    1.632082] pcieport 0000:00:15.2: irq 26 for MSI/MSI-X
[    1.632127] pcieport 0000:00:15.2: setting latency timer to 64
[    1.632172]   alloc irq_desc for 27 on node -1
[    1.632174]   alloc kstat_irqs on node -1
[    1.632219] pcieport 0000:00:15.3: irq 27 for MSI/MSI-X
[    1.632264] pcieport 0000:00:15.3: setting latency timer to 64
[    1.632309]   alloc irq_desc for 28 on node -1
[    1.632311]   alloc kstat_irqs on node -1
[    1.632356] pcieport 0000:00:15.4: irq 28 for MSI/MSI-X
[    1.632401] pcieport 0000:00:15.4: setting latency timer to 64
[    1.632446]   alloc irq_desc for 29 on node -1
[    1.632448]   alloc kstat_irqs on node -1
[    1.632493] pcieport 0000:00:15.5: irq 29 for MSI/MSI-X
[    1.632538] pcieport 0000:00:15.5: setting latency timer to 64
[    1.632583]   alloc irq_desc for 30 on node -1
[    1.632585]   alloc kstat_irqs on node -1
[    1.632630] pcieport 0000:00:15.6: irq 30 for MSI/MSI-X
[    1.632675] pcieport 0000:00:15.6: setting latency timer to 64
[    1.632720]   alloc irq_desc for 31 on node -1
[    1.632722]   alloc kstat_irqs on node -1
[    1.632767] pcieport 0000:00:15.7: irq 31 for MSI/MSI-X
[    1.632812] pcieport 0000:00:15.7: setting latency timer to 64
[    1.632857]   alloc irq_desc for 32 on node -1
[    1.632859]   alloc kstat_irqs on node -1
[    1.632904] pcieport 0000:00:16.0: irq 32 for MSI/MSI-X
[    1.632949] pcieport 0000:00:16.0: setting latency timer to 64
[    1.632994]   alloc irq_desc for 33 on node -1
[    1.632996]   alloc kstat_irqs on node -1
[    1.633041] pcieport 0000:00:16.1: irq 33 for MSI/MSI-X
[    1.633086] pcieport 0000:00:16.1: setting latency timer to 64
[    1.633131]   alloc irq_desc for 34 on node -1
[    1.633133]   alloc kstat_irqs on node -1
[    1.633178] pcieport 0000:00:16.2: irq 34 for MSI/MSI-X
[    1.633223] pcieport 0000:00:16.2: setting latency timer to 64
[    1.633268]   alloc irq_desc for 35 on node -1
[    1.633270]   alloc kstat_irqs on node -1
[    1.633315] pcieport 0000:00:16.3: irq 35 for MSI/MSI-X
[    1.633360] pcieport 0000:00:16.3: setting latency timer to 64
[    1.633405]   alloc irq_desc for 36 on node -1
[    1.633407]   alloc kstat_irqs on node -1
[    1.633452] pcieport 0000:00:16.4: irq 36 for MSI/MSI-X
[    1.633497] pcieport 0000:00:16.4: setting latency timer to 64
[    1.633542]   alloc irq_desc for 37 on node -1
[    1.633546]   alloc kstat_irqs on node -1
[    1.633591] pcieport 0000:00:16.5: irq 37 for MSI/MSI-X
[    1.633636] pcieport 0000:00:16.5: setting latency timer to 64
[    1.634989]   alloc irq_desc for 38 on node -1
[    1.634991]   alloc kstat_irqs on node -1
[    1.635036] pcieport 0000:00:16.6: irq 38 for MSI/MSI-X
[    1.635081] pcieport 0000:00:16.6: setting latency timer to 64
[    1.635126]   alloc irq_desc for 39 on node -1
[    1.635129]   alloc kstat_irqs on node -1
[    1.635174] pcieport 0000:00:16.7: irq 39 for MSI/MSI-X
[    1.635219] pcieport 0000:00:16.7: setting latency timer to 64
[    1.635264]   alloc irq_desc for 40 on node -1
[    1.635267]   alloc kstat_irqs on node -1
[    1.635312] pcieport 0000:00:17.0: irq 40 for MSI/MSI-X
[    1.635357] pcieport 0000:00:17.0: setting latency timer to 64
[    1.635402]   alloc irq_desc for 41 on node -1
[    1.635404]   alloc kstat_irqs on node -1
[    1.635450] pcieport 0000:00:17.1: irq 41 for MSI/MSI-X
[    1.635495] pcieport 0000:00:17.1: setting latency timer to 64
[    1.635540]   alloc irq_desc for 42 on node -1
[    1.635542]   alloc kstat_irqs on node -1
[    1.635587] pcieport 0000:00:17.2: irq 42 for MSI/MSI-X
[    1.635632] pcieport 0000:00:17.2: setting latency timer to 64
[    1.635677]   alloc irq_desc for 43 on node -1
[    1.635681]   alloc kstat_irqs on node -1
[    1.635726] pcieport 0000:00:17.3: irq 43 for MSI/MSI-X
[    1.635771] pcieport 0000:00:17.3: setting latency timer to 64
[    1.635816]   alloc irq_desc for 44 on node -1
[    1.635819]   alloc kstat_irqs on node -1
[    1.635864] pcieport 0000:00:17.4: irq 44 for MSI/MSI-X
[    1.635909] pcieport 0000:00:17.4: setting latency timer to 64
[    1.635954]   alloc irq_desc for 45 on node -1
[    1.635956]   alloc kstat_irqs on node -1
[    1.636001] pcieport 0000:00:17.5: irq 45 for MSI/MSI-X
[    1.636046] pcieport 0000:00:17.5: setting latency timer to 64
[    1.636091]   alloc irq_desc for 46 on node -1
[    1.636093]   alloc kstat_irqs on node -1
[    1.636138] pcieport 0000:00:17.6: irq 46 for MSI/MSI-X
[    1.636183] pcieport 0000:00:17.6: setting latency timer to 64
[    1.636228]   alloc irq_desc for 47 on node -1
[    1.636232]   alloc kstat_irqs on node -1
[    1.636277] pcieport 0000:00:17.7: irq 47 for MSI/MSI-X
[    1.636322] pcieport 0000:00:17.7: setting latency timer to 64
[    1.636367]   alloc irq_desc for 48 on node -1
[    1.636371]   alloc kstat_irqs on node -1
[    1.636416] pcieport 0000:00:18.0: irq 48 for MSI/MSI-X
[    1.636461] pcieport 0000:00:18.0: setting latency timer to 64
[    1.636506]   alloc irq_desc for 49 on node -1
[    1.636508]   alloc kstat_irqs on node -1
[    1.636553] pcieport 0000:00:18.1: irq 49 for MSI/MSI-X
[    1.636598] pcieport 0000:00:18.1: setting latency timer to 64
[    1.636643]   alloc irq_desc for 50 on node -1
[    1.636645]   alloc kstat_irqs on node -1
[    1.636690] pcieport 0000:00:18.2: irq 50 for MSI/MSI-X
[    1.636735] pcieport 0000:00:18.2: setting latency timer to 64
[    1.636780]   alloc irq_desc for 51 on node -1
[    1.636782]   alloc kstat_irqs on node -1
[    1.636827] pcieport 0000:00:18.3: irq 51 for MSI/MSI-X
[    1.636872] pcieport 0000:00:18.3: setting latency timer to 64
[    1.636917]   alloc irq_desc for 52 on node -1
[    1.636919]   alloc kstat_irqs on node -1
[    1.636964] pcieport 0000:00:18.4: irq 52 for MSI/MSI-X
[    1.637009] pcieport 0000:00:18.4: setting latency timer to 64
[    1.637054]   alloc irq_desc for 53 on node -1
[    1.637056]   alloc kstat_irqs on node -1
[    1.637101] pcieport 0000:00:18.5: irq 53 for MSI/MSI-X
[    1.637146] pcieport 0000:00:18.5: setting latency timer to 64
[    1.637191]   alloc irq_desc for 54 on node -1
[    1.637193]   alloc kstat_irqs on node -1
[    1.637238] pcieport 0000:00:18.6: irq 54 for MSI/MSI-X
[    1.637283] pcieport 0000:00:18.6: setting latency timer to 64
[    1.637328]   alloc irq_desc for 55 on node -1
[    1.637330]   alloc kstat_irqs on node -1
[    1.637375] pcieport 0000:00:18.7: irq 55 for MSI/MSI-X
[    1.637420] pcieport 0000:00:18.7: setting latency timer to 64
[    1.637465] pci_hotplug: PCI Hot Plug PCI Core version: 0.5
[    1.639035] pciehp 0000:00:15.0:pcie04: HPC vendor_id 15ad device_id 7a0 ss_vid 0 ss_did 0
[    1.639080] pciehp 0000:00:15.0:pcie04: service driver pciehp loaded
[    1.639125] pciehp 0000:00:15.1:pcie04: HPC vendor_id 15ad device_id 7a0 ss_vid 0 ss_did 0
[    1.639170] pciehp 0000:00:15.1:pcie04: service driver pciehp loaded
[    1.639215] pciehp 0000:00:15.2:pcie04: HPC vendor_id 15ad device_id 7a0 ss_vid 0 ss_did 0
[    1.639260] pciehp 0000:00:15.2:pcie04: service driver pciehp loaded
[    1.639305] pciehp 0000:00:15.3:pcie04: HPC vendor_id 15ad device_id 7a0 ss_vid 0 ss_did 0
[    1.639351] pciehp 0000:00:15.3:pcie04: service driver pciehp loaded
[    1.639396] pciehp 0000:00:15.4:pcie04: HPC vendor_id 15ad device_id 7a0 ss_vid 0 ss_did 0
[    1.639441] pciehp 0000:00:15.4:pcie04: service driver pciehp loaded
[    1.639486] pciehp 0000:00:15.5:pcie04: HPC vendor_id 15ad device_id 7a0 ss_vid 0 ss_did 0
[    1.639531] pciehp 0000:00:15.5:pcie04: service driver pciehp loaded
[    1.639576] pciehp 0000:00:15.6:pcie04: HPC vendor_id 15ad device_id 7a0 ss_vid 0 ss_did 0
[    1.639621] pciehp 0000:00:15.6:pcie04: service driver pciehp loaded
[    1.639666] pciehp 0000:00:15.7:pcie04: HPC vendor_id 15ad device_id 7a0 ss_vid 0 ss_did 0
[    1.639711] pciehp 0000:00:15.7:pcie04: service driver pciehp loaded
[    1.639756] pciehp 0000:00:16.0:pcie04: HPC vendor_id 15ad device_id 7a0 ss_vid 0 ss_did 0
[    1.639801] pciehp 0000:00:16.0:pcie04: service driver pciehp loaded
[    1.639846] pciehp 0000:00:16.1:pcie04: HPC vendor_id 15ad device_id 7a0 ss_vid 0 ss_did 0
[    1.639891] pciehp 0000:00:16.1:pcie04: service driver pciehp loaded
[    1.639936] pciehp 0000:00:16.2:pcie04: HPC vendor_id 15ad device_id 7a0 ss_vid 0 ss_did 0
[    1.639981] pciehp 0000:00:16.2:pcie04: service driver pciehp loaded
[    1.640026] pciehp 0000:00:16.3:pcie04: HPC vendor_id 15ad device_id 7a0 ss_vid 0 ss_did 0
[    1.640071] pciehp 0000:00:16.3:pcie04: service driver pciehp loaded
[    1.640116] pciehp 0000:00:16.4:pcie04: HPC vendor_id 15ad device_id 7a0 ss_vid 0 ss_did 0
[    1.640161] pciehp 0000:00:16.4:pcie04: service driver pciehp loaded
[    1.640206] pciehp 0000:00:16.5:pcie04: HPC vendor_id 15ad device_id 7a0 ss_vid 0 ss_did 0
[    1.640251] pciehp 0000:00:16.5:pcie04: service driver pciehp loaded
[    1.640296] pciehp 0000:00:16.6:pcie04: HPC vendor_id 15ad device_id 7a0 ss_vid 0 ss_did 0
[    1.640341] pciehp 0000:00:16.6:pcie04: service driver pciehp loaded
[    1.640386] pciehp 0000:00:16.7:pcie04: HPC vendor_id 15ad device_id 7a0 ss_vid 0 ss_did 0
[    1.640431] pciehp 0000:00:16.7:pcie04: service driver pciehp loaded
[    1.640476] pciehp 0000:00:17.0:pcie04: HPC vendor_id 15ad device_id 7a0 ss_vid 0 ss_did 0
[    1.640521] pciehp 0000:00:17.0:pcie04: service driver pciehp loaded
[    1.640566] pciehp 0000:00:17.1:pcie04: HPC vendor_id 15ad device_id 7a0 ss_vid 0 ss_did 0
[    1.640611] pciehp 0000:00:17.1:pcie04: service driver pciehp loaded
[    1.640656] pciehp 0000:00:17.2:pcie04: HPC vendor_id 15ad device_id 7a0 ss_vid 0 ss_did 0
[    1.640701] pciehp 0000:00:17.2:pcie04: service driver pciehp loaded
[    1.640746] pciehp 0000:00:17.3:pcie04: HPC vendor_id 15ad device_id 7a0 ss_vid 0 ss_did 0
[    1.640791] pciehp 0000:00:17.3:pcie04: service driver pciehp loaded
[    1.640836] pciehp 0000:00:17.4:pcie04: HPC vendor_id 15ad device_id 7a0 ss_vid 0 ss_did 0
[    1.640881] pciehp 0000:00:17.4:pcie04: service driver pciehp loaded
[    1.640926] pciehp 0000:00:17.5:pcie04: HPC vendor_id 15ad device_id 7a0 ss_vid 0 ss_did 0
[    1.640972] pciehp 0000:00:17.5:pcie04: service driver pciehp loaded
[    1.641017] pciehp 0000:00:17.6:pcie04: HPC vendor_id 15ad device_id 7a0 ss_vid 0 ss_did 0
[    1.641062] pciehp 0000:00:17.6:pcie04: service driver pciehp loaded
[    1.641107] pciehp 0000:00:17.7:pcie04: HPC vendor_id 15ad device_id 7a0 ss_vid 0 ss_did 0
[    1.641152] pciehp 0000:00:17.7:pcie04: service driver pciehp loaded
[    1.641197] pciehp 0000:00:18.0:pcie04: HPC vendor_id 15ad device_id 7a0 ss_vid 0 ss_did 0
[    1.641242] pciehp 0000:00:18.0:pcie04: service driver pciehp loaded
[    1.641287] pciehp 0000:00:18.1:pcie04: HPC vendor_id 15ad device_id 7a0 ss_vid 0 ss_did 0
[    1.641332] pciehp 0000:00:18.1:pcie04: service driver pciehp loaded
[    1.641377] pciehp 0000:00:18.2:pcie04: HPC vendor_id 15ad device_id 7a0 ss_vid 0 ss_did 0
[    1.641422] pciehp 0000:00:18.2:pcie04: service driver pciehp loaded
[    1.641467] pciehp 0000:00:18.3:pcie04: HPC vendor_id 15ad device_id 7a0 ss_vid 0 ss_did 0
[    1.641512] pciehp 0000:00:18.3:pcie04: service driver pciehp loaded
[    1.641557] pciehp 0000:00:18.4:pcie04: HPC vendor_id 15ad device_id 7a0 ss_vid 0 ss_did 0
[    1.641602] pciehp 0000:00:18.4:pcie04: service driver pciehp loaded
[    1.641647] pciehp 0000:00:18.5:pcie04: HPC vendor_id 15ad device_id 7a0 ss_vid 0 ss_did 0
[    1.641692] pciehp 0000:00:18.5:pcie04: service driver pciehp loaded
[    1.641737] pciehp 0000:00:18.6:pcie04: HPC vendor_id 15ad device_id 7a0 ss_vid 0 ss_did 0
[    1.641782] pciehp 0000:00:18.6:pcie04: service driver pciehp loaded
[    1.641827] pciehp 0000:00:18.7:pcie04: HPC vendor_id 15ad device_id 7a0 ss_vid 0 ss_did 0
[    1.641872] pciehp 0000:00:18.7:pcie04: service driver pciehp loaded
[    1.641880] pciehp: PCI Express Hot Plug Controller Driver version: 0.4
[    1.641930] ACPI: AC Adapter [ACAD] (on-line)
[    1.641985] input: Power Button as /devices/LNXSYSTM:00/LNXPWRBN:00/input/input0
[    1.641988] ACPI: Power Button [PWRF]
[    1.642033] processor LNXCPU:00: registered as cooling_device0
[    1.682905] isapnp: Scanning for PnP cards...
[    2.036408] isapnp: No Plug & Play device found
[    2.036443] random 0000 0000 0000 5f8db4e5 4cfdf2a8: initializing
[    2.036570] Linux agpgart interface v0.103
[    2.036610] agpgart-intel 0000:00:00.0: Intel 440BX Chipset
[    2.036663] agpgart-intel 0000:00:00.0: AGP aperture is 256M @ 0x0
[    2.036693] Serial: 8250/16550 driver, 32 ports, IRQ sharing enabled
[    2.036746] serial8250: ttyS0 at I/O 0x3f8 (irq = 4) is a 16550A
[    2.036799] serial8250: ttyS1 at I/O 0x2f8 (irq = 3) is a 16550A
[    2.036851] 00:0a: ttyS0 at I/O 0x3f8 (irq = 4) is a 16550A
[    2.036904] 00:0b: ttyS1 at I/O 0x2f8 (irq = 3) is a 16550A
[    2.036957] brd: module loaded
[    2.037010] loop: module loaded
[    2.037063] ata_piix 0000:00:07.1: version 2.13
[    2.037143] scsi0 : ata_piix
[    2.037189] scsi1 : ata_piix
[    2.037208] ata1: PATA max UDMA/33 cmd 0x1f0 ctl 0x3f6 bmdma 0x10c0 irq 14
[    2.037210] ata2: PATA max UDMA/33 cmd 0x170 ctl 0x376 bmdma 0x10c8 irq 15
[    2.037256] PPP generic driver version 2.4.2
[    2.037275] tun: Universal TUN/TAP device driver, 1.6
[    2.037277] tun: (C) 1999-2004 Max Krasnyansky <maxk@qualcomm.com>
[    2.037329] ehci_hcd: USB 2.0 'Enhanced' Host Controller (EHCI) Driver
[    2.037382] ACPI: PCI Interrupt Link [LNKB] enabled at IRQ 11
[    2.037385] PCI: setting IRQ 11 as level-triggered
[    2.037392] ehci_hcd 0000:02:03.0: PCI INT A -> Link[LNKB] -> GSI 11 (level, low) -> IRQ 11
[    2.037428] ehci_hcd 0000:02:03.0: EHCI Host Controller
[    2.037449] ehci_hcd 0000:02:03.0: new USB bus registered, assigned bus number 1
[    2.037501] ehci_hcd 0000:02:03.0: cache line size of 32 is not supported
[    2.037508] ehci_hcd 0000:02:03.0: irq 11, io mem 0xc9000000
[    2.037824] random 0000 0000 0000 00000000 00000000: rand_read_num 3 get_random_bytes(8): sig 00000000 00000000 00000000
[    2.037826] random 0000 0000 0000 00000000 00000000: extract_entropy(.. 8 ..)
[    2.037829] random 0000 0000 0000 00000000 00000000: going to reseed nonblocking with 64 bits (64 of 0 requested)
[    2.037831] random 0000 0000 0000 00000000 00000000: extract_entropy(.. 8 ..)
[    2.037833] random 0000 0000 0000 00000000 00000000: trying to extract 64 bits from input
[    2.037835] random 0000 0000 0000 00000000 00000000: debiting 0 entropy credits from input
[    2.037837] random 0000 0000 0000 00000000 00000000: extract_entropy account returned: 0 
[    2.037840] random 0000 0000 0000 00000000 00000000: urand_change_num 5 xfer_secondary_pool(8): pool_sig 00000000, data_sig 00000000, bytes_mixed 0 00000000 00000000
[    2.037843] random 0000 0000 0000 00000000 00000000: trying to extract 64 bits from nonblocking
[    2.037845] random 0000 0000 0000 00000000 00000000: debiting 64 entropy credits from nonblocking (unlimited)
[    2.037847] random 0000 0000 0000 00000000 00000000: extract_entropy account returned: 8 
[    2.037851] random 0000 0000 0000 00000000 00000000: urand_change_num 6 extract_buf: pool_sig 00000000, data_sig fffffff9, bytes_mixed 20 00000000 00000000
[    2.046361] ehci_hcd 0000:02:03.0: USB 2.0 started, EHCI 1.00
[    2.046414] usb usb1: configuration #1 chosen from 1 choice
[    2.046431] hub 1-0:1.0: USB hub found
[    2.046435] hub 1-0:1.0: 6 ports detected
[    2.046468] ohci_hcd: USB 1.1 'Open' Host Controller (OHCI) Driver
[    2.046477] uhci_hcd: USB Universal Host Controller Interface driver
[    2.046529] ACPI: PCI Interrupt Link [LNKC] enabled at IRQ 10
[    2.046532] PCI: setting IRQ 10 as level-triggered
[    2.046535] uhci_hcd 0000:02:00.0: PCI INT A -> Link[LNKC] -> GSI 10 (level, low) -> IRQ 10
[    2.046567] uhci_hcd 0000:02:00.0: UHCI Host Controller
[    2.046591] uhci_hcd 0000:02:00.0: new USB bus registered, assigned bus number 2
[    2.046691] uhci_hcd 0000:02:00.0: irq 10, io base 0x000020c0
[    2.046744] usb usb2: configuration #1 chosen from 1 choice
[    2.046759] hub 2-0:1.0: USB hub found
[    2.046763] hub 2-0:1.0: 2 ports detected
[    2.046816] usbcore: registered new interface driver libusual
[    2.046840] PNP: PS/2 Controller [PNP0303:KBC,PNP0f13:MOUS] at 0x60,0x64 irq 1,12
[    2.047177] serio: i8042 KBD port at 0x60,0x64 irq 1
[    2.047183] serio: i8042 AUX port at 0x60,0x64 irq 12
[    2.047214] mice: PS/2 mouse device common for all mice
[    2.047267] rtc_cmos 00:04: rtc core: registered rtc_cmos as rtc0
[    2.047282] rtc0: alarms up to one month, y3k, 114 bytes nvram, hpet irqs
[    2.047334] device-mapper: uevent: version 1.0.3
[    2.047438] device-mapper: ioctl: 4.15.0-ioctl (2009-04-01) initialised: dm-devel@redhat.com
[    2.047454] EISA: Probing bus 0 at eisa.0
[    2.047461] Cannot allocate resource for EISA slot 1
[    2.047462] Cannot allocate resource for EISA slot 2
[    2.047464] Cannot allocate resource for EISA slot 3
[    2.047466] Cannot allocate resource for EISA slot 4
[    2.047468] Cannot allocate resource for EISA slot 5
[    2.047469] Cannot allocate resource for EISA slot 6
[    2.047471] Cannot allocate resource for EISA slot 7
[    2.047473] Cannot allocate resource for EISA slot 8
[    2.047474] EISA: Detected 0 cards.
[    2.047516] cpuidle: using governor ladder
[    2.047518] cpuidle: using governor menu
[    2.047570] random 0000 0000 0000 00000000 00000000: rand_read_num 4 get_random_bytes(136): sig 0000021d 00000000 00000000
[    2.047601] random 0000 0000 0000 00000000 00000000: extract_entropy(.. 136 ..)
[    2.047604] random 0000 0000 0000 00000000 00000000: going to reseed nonblocking with 1024 bits (1088 of 0 requested)
[    2.047606] random 0000 0000 0000 00000000 00000000: extract_entropy(.. 128 ..)
[    2.047608] random 0000 0000 0000 00000000 00000000: trying to extract 1024 bits from input
[    2.047610] random 0000 0000 0000 00000000 00000000: debiting 0 entropy credits from input
[    2.047613] random 0000 0000 0000 00000000 00000000: extract_entropy account returned: 0 
[    2.047616] random 0000 0000 0000 00000000 00000000: urand_change_num 7 xfer_secondary_pool(136): pool_sig 0000021d, data_sig 00000000, bytes_mixed 0 00000000 00000000
[    2.047618] random 0000 0000 0000 00000000 00000000: trying to extract 1088 bits from nonblocking
[    2.047622] random 0000 0000 0000 00000000 00000000: debiting 1088 entropy credits from nonblocking (unlimited)
[    2.047681] random 0000 0000 0000 00000000 00000000: extract_entropy account returned: 136 
[    2.047685] random 0000 0000 0000 00000000 00000000: urand_change_num 8 extract_buf: pool_sig 0000021d, data_sig fffffff7, bytes_mixed 20 00000000 00000000
[    2.047689] random 0000 0000 0000 f961ee50 ba9cb1aa: urand_change_num 9 extract_buf: pool_sig 00000230, data_sig fffffeb4, bytes_mixed 20 f961ee50 ba9cb1aa
[    2.047694] random 0000 0000 0000 9748bdd6 56fb8af6: urand_change_num 10 extract_buf: pool_sig 00000373, data_sig 000000cf, bytes_mixed 20 9748bdd6 56fb8af6
[    2.047699] random 0000 0000 0000 9748bdd6 56fb8af6: urand_change_num 11 extract_buf: pool_sig fffffe49, data_sig 0000023f, bytes_mixed 20 9748bdd6 56fb8af6
[    2.047703] random 0000 0000 0000 a135be86 4777650e: urand_change_num 12 extract_buf: pool_sig fffffcce, data_sig 000000c6, bytes_mixed 20 a135be86 4777650e
[    2.047708] random 0000 0000 0000 4a6ea85d 170e00dd: urand_change_num 13 extract_buf: pool_sig ffffff97, data_sig ffffff7d, bytes_mixed 20 4a6ea85d 170e00dd
[    2.047712] random 0000 0000 0000 4a6ea85d 170e00dd: urand_change_num 14 extract_buf: pool_sig 00000160, data_sig fffffeea, bytes_mixed 20 4a6ea85d 170e00dd
[    2.047716] random 0000 0000 0000 6e87c3cb da668c73: urand_change_num 15 extract_buf: pool_sig 0000034f, data_sig ffffff54, bytes_mixed 20 6e87c3cb da668c73
[    2.047721] random 0000 0000 0000 6e87c3cb da668c73: urand_change_num 16 extract_buf: pool_sig fffffdc5, data_sig 00000205, bytes_mixed 20 6e87c3cb da668c73
[    2.047725] random 0000 0000 0000 39f531e6 461eb249: urand_change_num 17 extract_buf: pool_sig fffffc1d, data_sig ffffff5e, bytes_mixed 20 39f531e6 461eb249
[    2.047730] random 0000 0000 0000 7e1538a2 3e661182: urand_change_num 18 extract_buf: pool_sig 000006ef, data_sig ffffff2e, bytes_mixed 20 7e1538a2 3e661182
[    2.047734] random 0000 0000 0000 7e1538a2 3e661182: urand_change_num 19 extract_buf: pool_sig 00000317, data_sig fffffccb, bytes_mixed 20 7e1538a2 3e661182
[    2.047739] random 0000 0000 0000 76af506b 9b57305e: urand_change_num 20 extract_buf: pool_sig 00000227, data_sig ffffffd2, bytes_mixed 20 76af506b 9b57305e
[    2.047743] random 0000 0000 0000 37d49d89 e20417cc: urand_change_num 21 extract_buf: pool_sig 0000080b, data_sig 000001e9, bytes_mixed 20 37d49d89 e20417cc
[    2.047748] TCP cubic registered
[    2.047800] NET: Registered protocol family 10
[    2.047837] RANDOM - __random32 called. Change num 12.  Value: b0a9fbe7	b7a35a2b	c9ef2c48
[    2.047839] RANDOM - random32 called.  Value: b0a9fbe7	b7a35a2b	c9ef2c48
[    2.047848] random 0000 0000 0000 37d49d89 e20417cc: rand_read_num 5 get_random_bytes(4): sig 00000298 37d49d89 e20417cc
[    2.047850] random 0000 0000 0000 37d49d89 e20417cc: extract_entropy(.. 4 ..)
[    2.047853] random 0000 0000 0000 37d49d89 e20417cc: going to reseed nonblocking with 64 bits (32 of 0 requested)
[    2.047855] random 0000 0000 0000 37d49d89 e20417cc: extract_entropy(.. 8 ..)
[    2.047857] random 0000 0000 0000 37d49d89 e20417cc: trying to extract 64 bits from input
[    2.047859] random 0000 0000 0000 37d49d89 e20417cc: debiting 0 entropy credits from input
[    2.047862] random 0000 0000 0000 37d49d89 e20417cc: extract_entropy account returned: 0 
[    2.047865] random 0000 0000 0000 37d49d89 e20417cc: urand_change_num 22 xfer_secondary_pool(4): pool_sig 00000298, data_sig 00000000, bytes_mixed 0 37d49d89 e20417cc
[    2.047867] random 0000 0000 0000 37d49d89 e20417cc: trying to extract 32 bits from nonblocking
[    2.047870] random 0000 0000 0000 37d49d89 e20417cc: debiting 32 entropy credits from nonblocking (unlimited)
[    2.047872] random 0000 0000 0000 37d49d89 e20417cc: extract_entropy account returned: 4 
[    2.047875] random 0000 0000 0000 37d49d89 e20417cc: urand_change_num 23 extract_buf: pool_sig 00000298, data_sig 00000092, bytes_mixed 20 37d49d89 e20417cc
[    2.047928] RANDOM - __random32 called. Change num 13.  Value: 9fbe71fa	7a35a2b4	5890d2c9
[    2.047930] RANDOM - random32 called.  Value: 9fbe71fa	7a35a2b4	5890d2c9
[    2.047983] NET: Registered protocol family 17
[    2.048003] Using IPI No-Shortcut mode
[    2.048008] random 0000 0000 0000 2ee4c4fc 167bdb15: rand_read_num 6 get_random_bytes(8): sig fffffcbf 2ee4c4fc 167bdb15
[    2.048010] random 0000 0000 0000 2ee4c4fc 167bdb15: extract_entropy(.. 8 ..)
[    2.048013] random 0000 0000 0000 2ee4c4fc 167bdb15: going to reseed nonblocking with 64 bits (64 of 0 requested)
[    2.048015] random 0000 0000 0000 2ee4c4fc 167bdb15: extract_entropy(.. 8 ..)
[    2.048017] random 0000 0000 0000 2ee4c4fc 167bdb15: trying to extract 64 bits from input
[    2.048019] random 0000 0000 0000 2ee4c4fc 167bdb15: debiting 0 entropy credits from input
[    2.048021] random 0000 0000 0000 2ee4c4fc 167bdb15: extract_entropy account returned: 0 
[    2.048024] random 0000 0000 0000 2ee4c4fc 167bdb15: urand_change_num 24 xfer_secondary_pool(8): pool_sig fffffcbf, data_sig 00000000, bytes_mixed 0 2ee4c4fc 167bdb15
[    2.048026] random 0000 0000 0000 2ee4c4fc 167bdb15: trying to extract 64 bits from nonblocking
[    2.048029] random 0000 0000 0000 2ee4c4fc 167bdb15: debiting 64 entropy credits from nonblocking (unlimited)
[    2.048031] random 0000 0000 0000 2ee4c4fc 167bdb15: extract_entropy account returned: 8 
[    2.048034] random 0000 0000 0000 2ee4c4fc 167bdb15: urand_change_num 25 extract_buf: pool_sig fffffcbf, data_sig ffffff83, bytes_mixed 20 2ee4c4fc 167bdb15
[    2.048073] PM: Resume from disk failed.
[    2.048080] registered taskstats version 1
[    2.048082] random 0000 0000 0000 2ee4c4fc 167bdb15: rand_read_num 7 get_random_bytes(12): sig fffffc69 2ee4c4fc 167bdb15
[    2.048085] random 0000 0000 0000 2ee4c4fc 167bdb15: extract_entropy(.. 12 ..)
[    2.048087] random 0000 0000 0000 2ee4c4fc 167bdb15: going to reseed nonblocking with 96 bits (96 of 0 requested)
[    2.048089] random 0000 0000 0000 2ee4c4fc 167bdb15: extract_entropy(.. 12 ..)
[    2.048091] random 0000 0000 0000 2ee4c4fc 167bdb15: trying to extract 96 bits from input
[    2.048093] random 0000 0000 0000 2ee4c4fc 167bdb15: debiting 0 entropy credits from input
[    2.048095] random 0000 0000 0000 2ee4c4fc 167bdb15: extract_entropy account returned: 0 
[    2.048097] random 0000 0000 0000 2ee4c4fc 167bdb15: urand_change_num 26 xfer_secondary_pool(12): pool_sig fffffc69, data_sig 00000000, bytes_mixed 0 2ee4c4fc 167bdb15
[    2.048100] random 0000 0000 0000 2ee4c4fc 167bdb15: trying to extract 96 bits from nonblocking
[    2.048102] random 0000 0000 0000 2ee4c4fc 167bdb15: debiting 96 entropy credits from nonblocking (unlimited)
[    2.048104] random 0000 0000 0000 2ee4c4fc 167bdb15: extract_entropy account returned: 12 
[    2.048107] random 0000 0000 0000 2ee4c4fc 167bdb15: urand_change_num 27 extract_buf: pool_sig fffffc69, data_sig ffffff7d, bytes_mixed 20 2ee4c4fc 167bdb15
[    2.048112] random 0000 0000 0000 83b7c1ab 94697f48: urand_change_num 28 extract_buf: pool_sig fffffe30, data_sig fffffdd6, bytes_mixed 20 83b7c1ab 94697f48
[    2.048114] RANDOM - __seed init called.
[    2.048115] RANDOM - __seed init called.
[    2.048117] RANDOM - __seed init called.
[    2.048118] RANDOM - __random32 called. Change num 14.  Value: fc007995	feca4f80	21b38ad2
[    2.048120] RANDOM - random32_reseed called.  Value: fc007995	feca4f80	21b38ad2
[    2.048153] Pid: 1, comm: swapper Not tainted 2.6.32.57 #4
[    2.048155] Call Trace:
[    2.048160]  [<c14a8a0e>] ? printk+0x1d/0x1f
[    2.048165]  [<c17537e5>] random32_reseed+0x89/0xbd
[    2.048188]  [<c1003042>] do_one_initcall+0x32/0x1a0
[    2.048191]  [<c175375c>] ? random32_reseed+0x0/0xbd
[    2.048195]  [<c17308e7>] kernel_init+0x12d/0x17a
[    2.048206]  [<c17307ba>] ? kernel_init+0x0/0x17a
[    2.048209]  [<c1009b07>] kernel_thread_helper+0x7/0x10
[    2.050841] input: AT Translated Set 2 keyboard as /devices/platform/i8042/serio0/input/input1
[    2.051127] random 0000 0000 0000 6db70b00 b30ce96b: rand_read_num 8 get_random_bytes(64): sig fffffb38 6db70b00 b30ce96b
[    2.051130] random 0000 0000 0000 6db70b00 b30ce96b: extract_entropy(.. 64 ..)
[    2.051132] random 0000 0000 0000 6db70b00 b30ce96b: going to reseed nonblocking with 512 bits (512 of 0 requested)
[    2.051134] random 0000 0000 0000 6db70b00 b30ce96b: extract_entropy(.. 64 ..)
[    2.051136] random 0000 0000 0000 6db70b00 b30ce96b: trying to extract 512 bits from input
[    2.051138] random 0000 0000 0000 6db70b00 b30ce96b: debiting 0 entropy credits from input
[    2.051140] random 0000 0000 0000 6db70b00 b30ce96b: extract_entropy account returned: 0 
[    2.051143] random 0000 0000 0000 6db70b00 b30ce96b: urand_change_num 29 xfer_secondary_pool(64): pool_sig fffffb38, data_sig 00000000, bytes_mixed 0 6db70b00 b30ce96b
[    2.051146] random 0000 0000 0000 6db70b00 b30ce96b: trying to extract 512 bits from nonblocking
[    2.051148] random 0000 0000 0000 6db70b00 b30ce96b: debiting 512 entropy credits from nonblocking (unlimited)
[    2.051150] random 0000 0000 0000 6db70b00 b30ce96b: extract_entropy account returned: 64 
[    2.051153] random 0000 0000 0000 6db70b00 b30ce96b: urand_change_num 30 extract_buf: pool_sig fffffb38, data_sig 00000151, bytes_mixed 20 6db70b00 b30ce96b
[    2.051158] random 0000 0000 0000 6db70b00 b30ce96b: urand_change_num 31 extract_buf: pool_sig fffffdb8, data_sig 00000379, bytes_mixed 20 6db70b00 b30ce96b
[    2.051162] random 0000 0000 0000 6b83001e d4b6c0d3: urand_change_num 32 extract_buf: pool_sig ffffffc9, data_sig 00000198, bytes_mixed 20 6b83001e d4b6c0d3
[    2.051166] random 0000 0000 0000 79d3e3c7 be564518: urand_change_num 33 extract_buf: pool_sig 000002b9, data_sig ffffff84, bytes_mixed 20 79d3e3c7 be564518
[    2.051170] random 0000 0000 0000 79d3e3c7 be564518: urand_change_num 34 extract_buf: pool_sig ffffff55, data_sig ffffff5a, bytes_mixed 20 79d3e3c7 be564518
[    2.051174] random 0000 0000 0000 89c03cb2 0d353228: urand_change_num 35 extract_buf: pool_sig 00000007, data_sig ffffff17, bytes_mixed 20 89c03cb2 0d353228
[    2.051179] random 0000 0000 0000 89c03cb2 0d353228: urand_change_num 36 extract_buf: pool_sig fffffdae, data_sig 000000db, bytes_mixed 20 89c03cb2 0d353228  Magic number: 13:397:549
[    2.051188] tty ttyS25: hash matches
[    2.051212] pci_link PNP0C0F:00: hash matches
[    2.051274] rtc_cmos 00:04: setting system clock to 2013-05-24 20:32:28 UTC (1369427548)
[    2.051277] BIOS EDD facility v0.16 2004-Jun-25, 0 devices found
[    2.051278] EDD information not available.
[    2.051301] random 0000 0000 0000 8ca62387 b120332c: rand_read_num 9 get_random_bytes(64): sig fffffed6 8ca62387 b120332c
[    2.051303] random 0000 0000 0000 8ca62387 b120332c: extract_entropy(.. 64 ..)
[    2.051305] random 0000 0000 0000 8ca62387 b120332c: going to reseed nonblocking with 512 bits (512 of 0 requested)
[    2.051307] random 0000 0000 0000 8ca62387 b120332c: extract_entropy(.. 64 ..)
[    2.051309] random 0000 0000 0000 8ca62387 b120332c: trying to extract 512 bits from input
[    2.051311] random 0000 0000 0000 8ca62387 b120332c: debiting 0 entropy credits from input
[    2.051313] random 0000 0000 0000 8ca62387 b120332c: extract_entropy account returned: 0 
[    2.051316] random 0000 0000 0000 8ca62387 b120332c: urand_change_num 37 xfer_secondary_pool(64): pool_sig fffffed6, data_sig 00000000, bytes_mixed 0 8ca62387 b120332c
[    2.051318] random 0000 0000 0000 8ca62387 b120332c: trying to extract 512 bits from nonblocking
[    2.051320] random 0000 0000 0000 8ca62387 b120332c: debiting 512 entropy credits from nonblocking (unlimited)
[    2.051322] random 0000 0000 0000 8ca62387 b120332c: extract_entropy account returned: 64 
[    2.051326] random 0000 0000 0000 8ca62387 b120332c: urand_change_num 38 extract_buf: pool_sig fffffed6, data_sig fffffeb6, bytes_mixed 20 8ca62387 b120332c
[    2.051330] random 0000 0000 0000 90702413 e2a66c2e: urand_change_num 39 extract_buf: pool_sig fffffbb0, data_sig 0000012e, bytes_mixed 20 90702413 e2a66c2e
[    2.051334] random 0000 0000 0000 90702413 e2a66c2e: urand_change_num 40 extract_buf: pool_sig fffffaf1, data_sig ffffff3c, bytes_mixed 20 90702413 e2a66c2e
[    2.051338] random 0000 0000 0000 3f58038b c77aecb6: urand_change_num 41 extract_buf: pool_sig 00000234, data_sig fffffdec, bytes_mixed 20 3f58038b c77aecb6
[    2.051342] random 0000 0000 0000 47187b9d 03f21510: urand_change_num 42 extract_buf: pool_sig 00000192, data_sig 00000075, bytes_mixed 20 47187b9d 03f21510
[    2.051346] random 0000 0000 0000 47187b9d 03f21510: urand_change_num 43 extract_buf: pool_sig 0000018e, data_sig ffffffbf, bytes_mixed 20 47187b9d 03f21510
[    2.051350] random 0000 0000 0000 3180b1fc 0fa9c973: urand_change_num 44 extract_buf: pool_sig fffffecf, data_sig ffffff2a, bytes_mixed 20 3180b1fc 0fa9c973
[    2.051353] BEGIN NET_SECRET:
[    2.051354] \xffffff87
[    2.051355] \xffffff8d
[    2.051356] \xfffffff4
[    2.051357] \xffffffae
[    2.051359] \xffffffc3
[    2.051360] \xffffffb7
[    2.051361] \x31
[    2.051362] \x65
[    2.051363] \xffffffda
[    2.051364] \xffffffa2
[    2.051365] \x31
[    2.051366] \xffffffc8
[    2.051367] \xffffffa9
[    2.051368] \x76
[    2.051369] \x76
[    2.051370] \xffffff90
[    2.051371] \x55
[    2.051372] \xfffffff3
[    2.051374] \xffffffb1
[    2.051375] \x3
[    2.051376] \xffffffb3
[    2.051377] \xffffffa7
[    2.051378] \x5a
[    2.051379] \x71
[    2.051380] \x70
[    2.051381] \xffffff8c
[    2.051382] \x56
[    2.051383] \x25
[    2.051384] \xffffffe1
[    2.051385] \x4c
[    2.051386] \xffffffe6
[    2.051387] \xffffff95
[    2.051388] \x67
[    2.051390] \x4c
[    2.051391] \xffffffb9
[    2.051392] \x1d
[    2.051393] \xe
[    2.051394] \x34
[    2.051395] \xffffffbe
[    2.051396] \x12
[    2.051397] \x5
[    2.051398] \xffffff98
[    2.051399] \xffffffa0
[    2.051400] \xf
[    2.051401] \xffffffb2
[    2.051402] \xffffffde
[    2.051403] \xffffff99
[    2.051404] \xf
[    2.051405] \xffffffe8
[    2.051407] \xffffffc8
[    2.051408] \x1f
[    2.051409] \x54
[    2.051410] \x2c
[    2.051411] \xffffffee
[    2.051412] \x2e
[    2.051413] \x0
[    2.051414] \xffffff95
[    2.051415] \x0
[    2.051416] \xffffffe3
[    2.051417] \xffffffa7
[    2.051418] \xfffffffd
[    2.051419] \x66
[    2.051420] \xffffff92
[    2.051421] \xfffffff0
[    2.051423] 
[    2.051423] END NET_SECRET
[    2.051426] random 0000 0000 0000 3180b1fc 0fa9c973: rand_read_num 10 get_random_bytes(4): sig ffffff46 3180b1fc 0fa9c973
[    2.051428] random 0000 0000 0000 3180b1fc 0fa9c973: extract_entropy(.. 4 ..)
[    2.051430] random 0000 0000 0000 3180b1fc 0fa9c973: going to reseed nonblocking with 64 bits (32 of 0 requested)
[    2.051432] random 0000 0000 0000 3180b1fc 0fa9c973: extract_entropy(.. 8 ..)
[    2.051434] random 0000 0000 0000 3180b1fc 0fa9c973: trying to extract 64 bits from input
[    2.051436] random 0000 0000 0000 3180b1fc 0fa9c973: debiting 0 entropy credits from input
[    2.051438] random 0000 0000 0000 3180b1fc 0fa9c973: extract_entropy account returned: 0 
[    2.051441] random 0000 0000 0000 3180b1fc 0fa9c973: urand_change_num 45 xfer_secondary_pool(4): pool_sig ffffff46, data_sig 00000000, bytes_mixed 0 3180b1fc 0fa9c973
[    2.051444] random 0000 0000 0000 3180b1fc 0fa9c973: trying to extract 32 bits from nonblocking
[    2.051446] random 0000 0000 0000 3180b1fc 0fa9c973: debiting 32 entropy credits from nonblocking (unlimited)
[    2.051448] random 0000 0000 0000 3180b1fc 0fa9c973: extract_entropy account returned: 4 
[    2.051451] random 0000 0000 0000 3180b1fc 0fa9c973: urand_change_num 46 extract_buf: pool_sig ffffff46, data_sig 0000001b, bytes_mixed 20 3180b1fc 0fa9c973
[    2.224338] ata2.00: ATAPI: VMware Virtual IDE CDROM Drive, 00000001, max UDMA/33
[    2.224618] ata2.00: configured for UDMA/33
[    2.224994] scsi 1:0:0:0: CD-ROM            NECVMWar VMware IDE CDR10 1.00 PQ: 0 ANSI: 5
[    2.226215] sr0: scsi3-mmc drive: 306x/306x cd/rw xa/form2 cdda tray
[    2.226218] Uniform CD-ROM driver Revision: 3.20
[    2.226271] sr 1:0:0:0: Attached scsi CD-ROM sr0
[    2.226306] sr 1:0:0:0: Attached scsi generic sg0 type 5
[    2.226341] Freeing unused kernel memory: 652k freed
[    2.226394] Write protecting the kernel text: 4840k
[    2.226425] Write protecting the kernel read-only data: 1968k
