[    0.000000] random 0000 0000 0000 00000000 00000000: rand_read_num 1 get_random_bytes(8): sig 00000000 00000000 00000000
[    0.000000] random 0000 0000 0000 00000000 00000000: extract_entropy(.. 8 ..)
[    0.000000] random 0000 0000 0000 00000000 00000000: going to reseed nonblocking with 64 bits (64 of 0 requested)
[    0.000000] random 0000 0000 0000 00000000 00000000: extract_entropy(.. 8 ..)
[    0.000000] random 0000 0000 0000 00000000 00000000: trying to extract 64 bits from input
[    0.000000] random 0000 0000 0000 00000000 00000000: debiting 0 entropy credits from input
[    0.000000] random 0000 0000 0000 00000000 00000000: extract_entropy account returned: 0 
[    0.000000] random 0000 0000 0000 00000000 00000000: urand_change_num 1 xfer_secondary_pool(8): pool_sig 00000000, data_sig 00000000, bytes_mixed 0 00000000 00000000
[    0.000000] random 0000 0000 0000 00000000 00000000: trying to extract 64 bits from nonblocking
[    0.000000] random 0000 0000 0000 00000000 00000000: debiting 64 entropy credits from nonblocking (unlimited)
[    0.000000] random 0000 0000 0000 00000000 00000000: extract_entropy account returned: 8 
[    0.000000] random 0000 0000 0000 00000000 00000000: urand_change_num 2 extract_buf: pool_sig 00000000, data_sig fffffff9, bytes_mixed 20 00000000 00000000
[    0.000000] Initializing cgroup subsys cpuset
[    0.000000] Initializing cgroup subsys cpu
[    0.000000] Linux version 2.6.32.57 (dcashman@ubuntu) (gcc version 4.6.3 (Ubuntu/Linaro 4.6.3-1ubuntu5) ) #4 SMP Fri May 24 11:09:26 PDT 2013
[    0.000000] KERNEL supported cpus:
[    0.000000]   Intel GenuineIntel
[    0.000000]   AMD AuthenticAMD
[    0.000000]   NSC Geode by NSC
[    0.000000]   Cyrix CyrixInstead
[    0.000000]   Centaur CentaurHauls
[    0.000000]   Transmeta GenuineTMx86
[    0.000000]   Transmeta TransmetaCPU
[    0.000000]   UMC UMC UMC UMC
[    0.000000] BIOS-provided physical RAM map:
[    0.000000]  BIOS-e820: 0000000000000000 - 000000000009f000 (usable)
[    0.000000]  BIOS-e820: 000000000009f000 - 00000000000a0000 (reserved)
[    0.000000]  BIOS-e820: 00000000000ca000 - 00000000000cc000 (reserved)
[    0.000000]  BIOS-e820: 00000000000dc000 - 0000000000100000 (reserved)
[    0.000000]  BIOS-e820: 0000000000100000 - 000000003fee0000 (usable)
[    0.000000]  BIOS-e820: 000000003fee0000 - 000000003feff000 (ACPI data)
[    0.000000]  BIOS-e820: 000000003feff000 - 000000003ff00000 (ACPI NVS)
[    0.000000]  BIOS-e820: 000000003ff00000 - 0000000040000000 (usable)
[    0.000000]  BIOS-e820: 00000000e0000000 - 00000000f0000000 (reserved)
[    0.000000]  BIOS-e820: 00000000fec00000 - 00000000fec10000 (reserved)
[    0.000000]  BIOS-e820: 00000000fee00000 - 00000000fee01000 (reserved)
[    0.000000]  BIOS-e820: 00000000fffe0000 - 0000000100000000 (reserved)
[    0.000000] DMI present.
[    0.000000] Phoenix BIOS detected: BIOS may corrupt low RAM, working around it.
[    0.000000] e820 update range: 0000000000000000 - 0000000000010000 (usable) ==> (reserved)
[    0.000000] last_pfn = 0x40000 max_arch_pfn = 0x1000000
[    0.000000] MTRR default type: uncachable
[    0.000000] MTRR fixed ranges enabled:
[    0.000000]   00000-9FFFF write-back
[    0.000000]   A0000-BFFFF uncachable
[    0.000000]   C0000-CBFFF write-protect
[    0.000000]   CC000-EFFFF uncachable
[    0.000000]   F0000-FFFFF write-protect
[    0.000000] MTRR variable ranges enabled:
[    0.000000]   0 base 0000000000 mask FFC0000000 write-back
[    0.000000]   1 disabled
[    0.000000]   2 disabled
[    0.000000]   3 disabled
[    0.000000]   4 disabled
[    0.000000]   5 disabled
[    0.000000]   6 disabled
[    0.000000]   7 disabled
[    0.000000] x86 PAT enabled: cpu 0, old 0x0, new 0x7010600070106
[    0.000000] Scanning 0 areas for low memory corruption
[    0.000000] modified physical RAM map:
[    0.000000]  modified: 0000000000000000 - 0000000000010000 (reserved)
[    0.000000]  modified: 0000000000010000 - 000000000009f000 (usable)
[    0.000000]  modified: 000000000009f000 - 00000000000a0000 (reserved)
[    0.000000]  modified: 00000000000ca000 - 00000000000cc000 (reserved)
[    0.000000]  modified: 00000000000dc000 - 0000000000100000 (reserved)
[    0.000000]  modified: 0000000000100000 - 000000003fee0000 (usable)
[    0.000000]  modified: 000000003fee0000 - 000000003feff000 (ACPI data)
[    0.000000]  modified: 000000003feff000 - 000000003ff00000 (ACPI NVS)
[    0.000000]  modified: 000000003ff00000 - 0000000040000000 (usable)
[    0.000000]  modified: 00000000e0000000 - 00000000f0000000 (reserved)
[    0.000000]  modified: 00000000fec00000 - 00000000fec10000 (reserved)
[    0.000000]  modified: 00000000fee00000 - 00000000fee01000 (reserved)
[    0.000000]  modified: 00000000fffe0000 - 0000000100000000 (reserved)
[    0.000000] initial memory mapped : 0 - 01e00000
[    0.000000] init_memory_mapping: 0000000000000000-00000000379fe000
[    0.000000] NX (Execute Disable) protection: active
[    0.000000]  0000000000 - 0000200000 page 4k
[    0.000000]  0000200000 - 0037800000 page 2M
[    0.000000]  0037800000 - 00379fe000 page 4k
[    0.000000] kernel direct mapping tables up to 379fe000 @ 10000-16000
[    0.000000] RAMDISK: 2dcfc000 - 32e758c3
[    0.000000] ACPI: RSDP 000f6b80 00024 (v02 PTLTD )
[    0.000000] ACPI: XSDT 3feed636 0005C (v01 INTEL  440BX    06040000 VMW  01324272)
[    0.000000] ACPI: FACP 3fefee98 000F4 (v04 INTEL  440BX    06040000 PTL  000F4240)
[    0.000000] ACPI: DSDT 3feee366 10B32 (v01 PTLTD  Custom   06040000 MSFT 03000001)
[    0.000000] ACPI: FACS 3fefffc0 00040
[    0.000000] ACPI: BOOT 3feee33e 00028 (v01 PTLTD  $SBFTBL$ 06040000  LTP 00000001)
[    0.000000] ACPI: APIC 3feedc3e 003C2 (v01 PTLTD  ? APIC   06040000  LTP 00000000)
[    0.000000] ACPI: MCFG 3feedc02 0003C (v01 PTLTD  $PCITBL$ 06040000  LTP 00000001)
[    0.000000] ACPI: SRAT 3feed732 004D0 (v02 VMWARE MEMPLUG  06040000 VMW  00000001)
[    0.000000] ACPI: HPET 3feed6fa 00038 (v01 VMWARE VMW HPET 06040000 VMW  00000001)
[    0.000000] ACPI: WAET 3feed6d2 00028 (v01 VMWARE VMW WAET 06040000 VMW  00000001)
[    0.000000] ACPI: Local APIC address 0xfee00000
[    0.000000] 134MB HIGHMEM available.
[    0.000000] 889MB LOWMEM available.
[    0.000000]   mapped low ram: 0 - 379fe000
[    0.000000]   low ram: 0 - 379fe000
[    0.000000]   node 0 low ram: 00000000 - 379fe000
[    0.000000]   node 0 bootmap 00012000 - 00018f40
[    0.000000] (9 early reservations) ==> bootmem [0000000000 - 00379fe000]
[    0.000000]   #0 [0000000000 - 0000001000]   BIOS data page ==> [0000000000 - 0000001000]
[    0.000000]   #1 [0000001000 - 0000002000]    EX TRAMPOLINE ==> [0000001000 - 0000002000]
[    0.000000]   #2 [0000006000 - 0000007000]       TRAMPOLINE ==> [0000006000 - 0000007000]
[    0.000000]   #3 [0001000000 - 0001a75ff8]    TEXT DATA BSS ==> [0001000000 - 0001a75ff8]
[    0.000000]   #4 [002dcfc000 - 0032e758c3]          RAMDISK ==> [002dcfc000 - 0032e758c3]
[    0.000000]   #5 [000009f000 - 0000100000]    BIOS reserved ==> [000009f000 - 0000100000]
[    0.000000]   #6 [0001a76000 - 0001a851c0]              BRK ==> [0001a76000 - 0001a851c0]
[    0.000000]   #7 [0000010000 - 0000012000]          PGTABLE ==> [0000010000 - 0000012000]
[    0.000000]   #8 [0000012000 - 0000019000]          BOOTMAP ==> [0000012000 - 0000019000]
[    0.000000] found SMP MP-table at [c00f6bf0] f6bf0
[    0.000000] Zone PFN ranges:
[    0.000000]   DMA      0x00000010 -> 0x00001000
[    0.000000]   Normal   0x00001000 -> 0x000379fe
[    0.000000]   HighMem  0x000379fe -> 0x00040000
[    0.000000] Movable zone start PFN for each node
[    0.000000] early_node_map[3] active PFN ranges
[    0.000000]     0: 0x00000010 -> 0x0000009f
[    0.000000]     0: 0x00000100 -> 0x0003fee0
[    0.000000]     0: 0x0003ff00 -> 0x00040000
[    0.000000] On node 0 totalpages: 261999
[    0.000000] free_area_init_node: node 0, pgdat c1715200, node_mem_map c1a87200
[    0.000000]   DMA zone: 32 pages used for memmap
[    0.000000]   DMA zone: 0 pages reserved
[    0.000000]   DMA zone: 3951 pages, LIFO batch:0
[    0.000000]   Normal zone: 1748 pages used for memmap
[    0.000000]   Normal zone: 221994 pages, LIFO batch:31
[    0.000000]   HighMem zone: 269 pages used for memmap
[    0.000000]   HighMem zone: 34005 pages, LIFO batch:7
[    0.000000] Using APIC driver default
[    0.000000] ACPI: PM-Timer IO Port: 0x1008
[    0.000000] ACPI: Local APIC address 0xfee00000
[    0.000000] ACPI: LAPIC (acpi_id[0x00] lapic_id[0x00] enabled)
[    0.000000] ACPI: LAPIC (acpi_id[0x01] lapic_id[0x02] disabled)
[    0.000000] ACPI: LAPIC (acpi_id[0x02] lapic_id[0x04] disabled)
[    0.000000] ACPI: LAPIC (acpi_id[0x03] lapic_id[0x06] disabled)
[    0.000000] ACPI: LAPIC (acpi_id[0x04] lapic_id[0x08] disabled)
[    0.000000] ACPI: LAPIC (acpi_id[0x05] lapic_id[0x0a] disabled)
[    0.000000] ACPI: LAPIC (acpi_id[0x06] lapic_id[0x0c] disabled)
[    0.000000] ACPI: LAPIC (acpi_id[0x07] lapic_id[0x0e] disabled)
[    0.000000] ACPI: LAPIC (acpi_id[0x08] lapic_id[0x10] disabled)
[    0.000000] ACPI: LAPIC (acpi_id[0x09] lapic_id[0x12] disabled)
[    0.000000] ACPI: LAPIC (acpi_id[0x0a] lapic_id[0x14] disabled)
[    0.000000] ACPI: LAPIC (acpi_id[0x0b] lapic_id[0x16] disabled)
[    0.000000] ACPI: LAPIC (acpi_id[0x0c] lapic_id[0x18] disabled)
[    0.000000] ACPI: LAPIC (acpi_id[0x0d] lapic_id[0x1a] disabled)
[    0.000000] ACPI: LAPIC (acpi_id[0x0e] lapic_id[0x1c] disabled)
[    0.000000] ACPI: LAPIC (acpi_id[0x0f] lapic_id[0x1e] disabled)
[    0.000000] ACPI: LAPIC (acpi_id[0x10] lapic_id[0x20] disabled)
[    0.000000] ACPI: LAPIC (acpi_id[0x11] lapic_id[0x22] disabled)
[    0.000000] ACPI: LAPIC (acpi_id[0x12] lapic_id[0x24] disabled)
[    0.000000] ACPI: LAPIC (acpi_id[0x13] lapic_id[0x26] disabled)
[    0.000000] ACPI: LAPIC (acpi_id[0x14] lapic_id[0x28] disabled)
[    0.000000] ACPI: LAPIC (acpi_id[0x15] lapic_id[0x2a] disabled)
[    0.000000] ACPI: LAPIC (acpi_id[0x16] lapic_id[0x2c] disabled)
[    0.000000] ACPI: LAPIC (acpi_id[0x17] lapic_id[0x2e] disabled)
[    0.000000] ACPI: LAPIC (acpi_id[0x18] lapic_id[0x30] disabled)
[    0.000000] ACPI: LAPIC (acpi_id[0x19] lapic_id[0x32] disabled)
[    0.000000] ACPI: LAPIC (acpi_id[0x1a] lapic_id[0x34] disabled)
[    0.000000] ACPI: LAPIC (acpi_id[0x1b] lapic_id[0x36] disabled)
[    0.000000] ACPI: LAPIC (acpi_id[0x1c] lapic_id[0x38] disabled)
[    0.000000] ACPI: LAPIC (acpi_id[0x1d] lapic_id[0x3a] disabled)
[    0.000000] ACPI: LAPIC (acpi_id[0x1e] lapic_id[0x3c] disabled)
[    0.000000] ACPI: LAPIC (acpi_id[0x1f] lapic_id[0x3e] disabled)
[    0.000000] ACPI: LAPIC (acpi_id[0x20] lapic_id[0x40] disabled)
[    0.000000] ACPI: LAPIC (acpi_id[0x21] lapic_id[0x42] disabled)
[    0.000000] ACPI: LAPIC (acpi_id[0x22] lapic_id[0x44] disabled)
[    0.000000] ACPI: LAPIC (acpi_id[0x23] lapic_id[0x46] disabled)
[    0.000000] ACPI: LAPIC (acpi_id[0x24] lapic_id[0x48] disabled)
[    0.000000] ACPI: LAPIC (acpi_id[0x25] lapic_id[0x4a] disabled)
[    0.000000] ACPI: LAPIC (acpi_id[0x26] lapic_id[0x4c] disabled)
[    0.000000] ACPI: LAPIC (acpi_id[0x27] lapic_id[0x4e] disabled)
[    0.000000] ACPI: LAPIC (acpi_id[0x28] lapic_id[0x50] disabled)
[    0.000000] ACPI: LAPIC (acpi_id[0x29] lapic_id[0x52] disabled)
[    0.000000] ACPI: LAPIC (acpi_id[0x2a] lapic_id[0x54] disabled)
[    0.000000] ACPI: LAPIC (acpi_id[0x2b] lapic_id[0x56] disabled)
[    0.000000] ACPI: LAPIC (acpi_id[0x2c] lapic_id[0x58] disabled)
[    0.000000] ACPI: LAPIC (acpi_id[0x2d] lapic_id[0x5a] disabled)
[    0.000000] ACPI: LAPIC (acpi_id[0x2e] lapic_id[0x5c] disabled)
[    0.000000] ACPI: LAPIC (acpi_id[0x2f] lapic_id[0x5e] disabled)
[    0.000000] ACPI: LAPIC (acpi_id[0x30] lapic_id[0x60] disabled)
[    0.000000] ACPI: LAPIC (acpi_id[0x31] lapic_id[0x62] disabled)
[    0.000000] ACPI: LAPIC (acpi_id[0x32] lapic_id[0x64] disabled)
[    0.000000] ACPI: LAPIC (acpi_id[0x33] lapic_id[0x66] disabled)
[    0.000000] ACPI: LAPIC (acpi_id[0x34] lapic_id[0x68] disabled)
[    0.000000] ACPI: LAPIC (acpi_id[0x35] lapic_id[0x6a] disabled)
[    0.000000] ACPI: LAPIC (acpi_id[0x36] lapic_id[0x6c] disabled)
[    0.000000] ACPI: LAPIC (acpi_id[0x37] lapic_id[0x6e] disabled)
[    0.000000] ACPI: LAPIC (acpi_id[0x38] lapic_id[0x70] disabled)
[    0.000000] ACPI: LAPIC (acpi_id[0x39] lapic_id[0x72] disabled)
[    0.000000] ACPI: LAPIC (acpi_id[0x3a] lapic_id[0x74] disabled)
[    0.000000] ACPI: LAPIC (acpi_id[0x3b] lapic_id[0x76] disabled)
[    0.000000] ACPI: LAPIC (acpi_id[0x3c] lapic_id[0x78] disabled)
[    0.000000] ACPI: LAPIC (acpi_id[0x3d] lapic_id[0x7a] disabled)
[    0.000000] ACPI: LAPIC (acpi_id[0x3e] lapic_id[0x7c] disabled)
[    0.000000] ACPI: LAPIC (acpi_id[0x3f] lapic_id[0x7e] disabled)
[    0.000000] ACPI: LAPIC_NMI (acpi_id[0x00] high edge lint[0x1])
[    0.000000] ACPI: LAPIC_NMI (acpi_id[0x01] high edge lint[0x1])
[    0.000000] ACPI: LAPIC_NMI (acpi_id[0x02] high edge lint[0x1])
[    0.000000] ACPI: LAPIC_NMI (acpi_id[0x03] high edge lint[0x1])
[    0.000000] ACPI: LAPIC_NMI (acpi_id[0x04] high edge lint[0x1])
[    0.000000] ACPI: LAPIC_NMI (acpi_id[0x05] high edge lint[0x1])
[    0.000000] ACPI: LAPIC_NMI (acpi_id[0x06] high edge lint[0x1])
[    0.000000] ACPI: LAPIC_NMI (acpi_id[0x07] high edge lint[0x1])
[    0.000000] ACPI: LAPIC_NMI (acpi_id[0x08] high edge lint[0x1])
[    0.000000] ACPI: LAPIC_NMI (acpi_id[0x09] high edge lint[0x1])
[    0.000000] ACPI: LAPIC_NMI (acpi_id[0x0a] high edge lint[0x1])
[    0.000000] ACPI: LAPIC_NMI (acpi_id[0x0b] high edge lint[0x1])
[    0.000000] ACPI: LAPIC_NMI (acpi_id[0x0c] high edge lint[0x1])
[    0.000000] ACPI: LAPIC_NMI (acpi_id[0x0d] high edge lint[0x1])
[    0.000000] ACPI: LAPIC_NMI (acpi_id[0x0e] high edge lint[0x1])
[    0.000000] ACPI: LAPIC_NMI (acpi_id[0x0f] high edge lint[0x1])
[    0.000000] ACPI: LAPIC_NMI (acpi_id[0x10] high edge lint[0x1])
[    0.000000] ACPI: LAPIC_NMI (acpi_id[0x11] high edge lint[0x1])
[    0.000000] ACPI: LAPIC_NMI (acpi_id[0x12] high edge lint[0x1])
[    0.000000] ACPI: LAPIC_NMI (acpi_id[0x13] high edge lint[0x1])
[    0.000000] ACPI: LAPIC_NMI (acpi_id[0x14] high edge lint[0x1])
[    0.000000] ACPI: LAPIC_NMI (acpi_id[0x15] high edge lint[0x1])
[    0.000000] ACPI: LAPIC_NMI (acpi_id[0x16] high edge lint[0x1])
[    0.000000] ACPI: LAPIC_NMI (acpi_id[0x17] high edge lint[0x1])
[    0.000000] ACPI: LAPIC_NMI (acpi_id[0x18] high edge lint[0x1])
[    0.000000] ACPI: LAPIC_NMI (acpi_id[0x19] high edge lint[0x1])
[    0.000000] ACPI: LAPIC_NMI (acpi_id[0x1a] high edge lint[0x1])
[    0.000000] ACPI: LAPIC_NMI (acpi_id[0x1b] high edge lint[0x1])
[    0.000000] ACPI: LAPIC_NMI (acpi_id[0x1c] high edge lint[0x1])
[    0.000000] ACPI: LAPIC_NMI (acpi_id[0x1d] high edge lint[0x1])
[    0.000000] ACPI: LAPIC_NMI (acpi_id[0x1e] high edge lint[0x1])
[    0.000000] ACPI: LAPIC_NMI (acpi_id[0x1f] high edge lint[0x1])
[    0.000000] ACPI: LAPIC_NMI (acpi_id[0x20] high edge lint[0x1])
[    0.000000] ACPI: LAPIC_NMI (acpi_id[0x21] high edge lint[0x1])
[    0.000000] ACPI: LAPIC_NMI (acpi_id[0x22] high edge lint[0x1])
[    0.000000] ACPI: LAPIC_NMI (acpi_id[0x23] high edge lint[0x1])
[    0.000000] ACPI: LAPIC_NMI (acpi_id[0x24] high edge lint[0x1])
[    0.000000] ACPI: LAPIC_NMI (acpi_id[0x25] high edge lint[0x1])
[    0.000000] ACPI: LAPIC_NMI (acpi_id[0x26] high edge lint[0x1])
[    0.000000] ACPI: LAPIC_NMI (acpi_id[0x27] high edge lint[0x1])
[    0.000000] ACPI: LAPIC_NMI (acpi_id[0x28] high edge lint[0x1])
[    0.000000] ACPI: LAPIC_NMI (acpi_id[0x29] high edge lint[0x1])
[    0.000000] ACPI: LAPIC_NMI (acpi_id[0x2a] high edge lint[0x1])
[    0.000000] ACPI: LAPIC_NMI (acpi_id[0x2b] high edge lint[0x1])
[    0.000000] ACPI: LAPIC_NMI (acpi_id[0x2c] high edge lint[0x1])
[    0.000000] ACPI: LAPIC_NMI (acpi_id[0x2d] high edge lint[0x1])
[    0.000000] ACPI: LAPIC_NMI (acpi_id[0x2e] high edge lint[0x1])
[    0.000000] ACPI: LAPIC_NMI (acpi_id[0x2f] high edge lint[0x1])
[    0.000000] ACPI: LAPIC_NMI (acpi_id[0x30] high edge lint[0x1])
[    0.000000] ACPI: LAPIC_NMI (acpi_id[0x31] high edge lint[0x1])
[    0.000000] ACPI: LAPIC_NMI (acpi_id[0x32] high edge lint[0x1])
[    0.000000] ACPI: LAPIC_NMI (acpi_id[0x33] high edge lint[0x1])
[    0.000000] ACPI: LAPIC_NMI (acpi_id[0x34] high edge lint[0x1])
[    0.000000] ACPI: LAPIC_NMI (acpi_id[0x35] high edge lint[0x1])
[    0.000000] ACPI: LAPIC_NMI (acpi_id[0x36] high edge lint[0x1])
[    0.000000] ACPI: LAPIC_NMI (acpi_id[0x37] high edge lint[0x1])
[    0.000000] ACPI: LAPIC_NMI (acpi_id[0x38] high edge lint[0x1])
[    0.000000] ACPI: LAPIC_NMI (acpi_id[0x39] high edge lint[0x1])
[    0.000000] ACPI: LAPIC_NMI (acpi_id[0x3a] high edge lint[0x1])
[    0.000000] ACPI: LAPIC_NMI (acpi_id[0x3b] high edge lint[0x1])
[    0.000000] ACPI: LAPIC_NMI (acpi_id[0x3c] high edge lint[0x1])
[    0.000000] ACPI: LAPIC_NMI (acpi_id[0x3d] high edge lint[0x1])
[    0.000000] ACPI: LAPIC_NMI (acpi_id[0x3e] high edge lint[0x1])
[    0.000000] ACPI: LAPIC_NMI (acpi_id[0x3f] high edge lint[0x1])
[    0.000000] ACPI: Skipping IOAPIC probe due to 'noapic' option.
[    0.000000] Using ACPI for processor (LAPIC) configuration information
[    0.000000] ACPI: HPET id: 0x8086af01 base: 0xfed00000
[    0.000000] Intel MultiProcessor Specification v1.4
[    0.000000]     Virtual Wire compatibility mode.
[    0.000000] MPTABLE: OEM ID: INTEL   
[    0.000000] MPTABLE: Product ID: 440BX       
[    0.000000] MPTABLE: APIC at: 0xFEE00000
[    0.000000] I/O APIC #1 Version 17 at 0xFEC00000.
[    0.000000] Processors: 1
[    0.000000] 64 Processors exceeds NR_CPUS limit of 8
[    0.000000] SMP: Allowing 8 CPUs, 7 hotplug CPUs
[    0.000000] nr_irqs_gsi: 24
[    0.000000] PM: Registered nosave memory: 000000000009f000 - 00000000000a0000
[    0.000000] PM: Registered nosave memory: 00000000000a0000 - 00000000000ca000
[    0.000000] PM: Registered nosave memory: 00000000000ca000 - 00000000000cc000
[    0.000000] PM: Registered nosave memory: 00000000000cc000 - 00000000000dc000
[    0.000000] PM: Registered nosave memory: 00000000000dc000 - 0000000000100000
[    0.000000] Allocating PCI resources starting at 40000000 (gap: 40000000:a0000000)
[    0.000000] Booting paravirtualized kernel on bare hardware
[    0.000000] NR_CPUS:8 nr_cpumask_bits:8 nr_cpu_ids:8 nr_node_ids:1
[    0.000000] PERCPU: Embedded 15 pages/cpu @c2400000 s39320 r0 d22120 u262144
[    0.000000] pcpu-alloc: s39320 r0 d22120 u262144 alloc=1*2097152
[    0.000000] pcpu-alloc: [0] 0 1 2 3 4 5 6 7 
[    0.000000] Built 1 zonelists in Zone order, mobility grouping on.  Total pages: 259950
[    0.000000] Kernel command line: BOOT_IMAGE=/boot/vmlinuz-2.6.32.57 root=UUID=007b598c-390d-4c65-84a1-4ff752d48633 ro quiet splash maxcpus=0
[    0.000000] PID hash table entries: 4096 (order: 2, 16384 bytes)
[    0.000000] Dentry cache hash table entries: 131072 (order: 7, 524288 bytes)
[    0.000000] Inode-cache hash table entries: 65536 (order: 6, 262144 bytes)
[    0.000000] Enabling fast FPU save and restore... done.
[    0.000000] Enabling unmasked SIMD FPU exception support... done.
[    0.000000] Initializing CPU#0
[    0.000000] xsave/xrstor: enabled xstate_bv 0x7, cntxt size 0x340
[    0.000000] allocated 5242560 bytes of page_cgroup
[    0.000000] please try 'cgroup_disable=memory' option if you don't want memory cgroups
[    0.000000] Initializing HighMem for node 0 (000379fe:00040000)
[    0.000000] Memory: 938260k/1048576k available (4839k kernel code, 108848k reserved, 2518k data, 652k init, 137096k highmem)
[    0.000000] virtual kernel memory layout:
[    0.000000]     fixmap  : 0xfff1e000 - 0xfffff000   ( 900 kB)
[    0.000000]     pkmap   : 0xffa00000 - 0xffc00000   (2048 kB)
[    0.000000]     vmalloc : 0xf81fe000 - 0xff9fe000   ( 120 MB)
[    0.000000]     lowmem  : 0xc0000000 - 0xf79fe000   ( 889 MB)
[    0.000000]       .init : 0xc1730000 - 0xc17d3000   ( 652 kB)
[    0.000000]       .data : 0xc14b9cce - 0xc172f764   (2518 kB)
[    0.000000]       .text : 0xc1000000 - 0xc14b9cce   (4839 kB)
[    0.000000] Checking if this processor honours the WP bit even in supervisor mode...Ok.
[    0.000000] SLUB: Genslabs=13, HWalign=64, Order=0-3, MinObjects=0, CPUs=8, Nodes=1
[    0.000000] Hierarchical RCU implementation.
[    0.000000] NR_IRQS:2304 nr_irqs:472
[    0.000000] Extended CMOS year: 2000
[    0.000000] Console: colour VGA+ 80x25
[    0.000000] console [tty0] enabled
[    0.000000] hpet clockevent registered
[    0.000000] TSC freq read from hypervisor : 2394.620 MHz
[    0.000000] Detected 2394.620 MHz processor.
[    0.000003] Calibrating delay loop (skipped) preset value.. 4789.24 BogoMIPS (lpj=9578480)
[    0.000012] Security Framework initialized
[    0.000015] SELinux:  Disabled at boot.
[    0.000019] Mount-cache hash table entries: 512
[    0.000121] Initializing cgroup subsys cpuacct
[    0.000124] Initializing cgroup subsys memory
[    0.000128] Initializing cgroup subsys devices
[    0.000129] Initializing cgroup subsys freezer
[    0.000157] CPU: Physical Processor ID: 0
[    0.000164] CPU: L1 I cache: 32K, L1 D cache: 32K
[    0.000165] CPU: L2 cache: 256K
[    0.000166] CPU: L3 cache: 4096K
[    0.000172] mce: CPU supports 0 MCE banks
[    0.000184] Performance Events: no PMU driver, software events only.
[    0.000194] Checking 'hlt' instruction... OK.
[    0.018097] SMP alternatives: switching to UP code
[    0.032462] ACPI: Core revision 20090903
[    0.039101] ACPI: setting ELCR to 0200 (from 0e20)
[    0.040123] ftrace: converting mcount calls to 0f 1f 44 00 00
[    0.040129] ftrace: allocating 22631 entries in 45 pages
[    0.058252] CANARY value: cfa83ada for PID: 1
[    0.058286] Not enabling x2apic, Intr-remapping init failed.
[    0.058287] Enabling APIC mode:  Flat.  Using 1 I/O APICs
[    0.058296] SMP mode deactivated.
[    0.058322] SMP disabled
[    0.058380] Brought up 1 CPUs
[    0.058381] Total of 1 processors activated (4789.24 BogoMIPS).
[    0.058386] CPU0 attaching NULL sched-domain.
[    0.058460] devtmpfs: initialized
[    0.058579] sysctl table check failed: /kernel/random/now_input .1.40.7 Unknown sysctl binary path
[    0.058859] Pid: 1, comm: swapper Not tainted 2.6.32.57 #4
[    0.058861] Call Trace:
[    0.058865]  [<c14a8a0e>] ? printk+0x1d/0x1f
[    0.058868]  [<c107b56f>] set_fail+0x4f/0x60
[    0.058870]  [<c107b8b3>] sysctl_check_table+0x333/0x620
[    0.058872]  [<c107b8cc>] sysctl_check_table+0x34c/0x620
[    0.058874]  [<c107b8cc>] sysctl_check_table+0x34c/0x620
[    0.058878]  [<c1746d48>] sysctl_init+0x25/0x29
[    0.058880]  [<c1003042>] do_one_initcall+0x32/0x1a0
[    0.058882]  [<c1746d23>] ? sysctl_init+0x0/0x29
[    0.058884]  [<c17308e7>] kernel_init+0x12d/0x17a
[    0.058886]  [<c17307ba>] ? kernel_init+0x0/0x17a
[    0.058889]  [<c1009b07>] kernel_thread_helper+0x7/0x10
[    0.058890] sysctl table check failed: /kernel/random/now_blocking .1.40.8 Unknown sysctl binary path
[    0.059136] Pid: 1, comm: swapper Not tainted 2.6.32.57 #4
[    0.059137] Call Trace:
[    0.059138]  [<c14a8a0e>] ? printk+0x1d/0x1f
[    0.059140]  [<c107b56f>] set_fail+0x4f/0x60
[    0.059141]  [<c107b8b3>] sysctl_check_table+0x333/0x620
[    0.059143]  [<c107b8cc>] sysctl_check_table+0x34c/0x620
[    0.059145]  [<c107b8cc>] sysctl_check_table+0x34c/0x620
[    0.059147]  [<c1746d48>] sysctl_init+0x25/0x29
[    0.059149]  [<c1003042>] do_one_initcall+0x32/0x1a0
[    0.059151]  [<c1746d23>] ? sysctl_init+0x0/0x29
[    0.059153]  [<c17308e7>] kernel_init+0x12d/0x17a
[    0.059154]  [<c17307ba>] ? kernel_init+0x0/0x17a
[    0.059156]  [<c1009b07>] kernel_thread_helper+0x7/0x10
[    0.059157] sysctl table check failed: /kernel/random/now_nonblocking .1.40.9 Unknown sysctl binary path
[    0.059404] Pid: 1, comm: swapper Not tainted 2.6.32.57 #4
[    0.059404] Call Trace:
[    0.059406]  [<c14a8a0e>] ? printk+0x1d/0x1f
[    0.059407]  [<c107b56f>] set_fail+0x4f/0x60
[    0.059409]  [<c107b8b3>] sysctl_check_table+0x333/0x620
[    0.059411]  [<c107b8cc>] sysctl_check_table+0x34c/0x620
[    0.059412]  [<c107b8cc>] sysctl_check_table+0x34c/0x620
[    0.059415]  [<c1746d48>] sysctl_init+0x25/0x29
[    0.059416]  [<c1003042>] do_one_initcall+0x32/0x1a0
[    0.059419]  [<c1746d23>] ? sysctl_init+0x0/0x29
[    0.059420]  [<c17308e7>] kernel_init+0x12d/0x17a
[    0.059422]  [<c17307ba>] ? kernel_init+0x0/0x17a
[    0.059423]  [<c1009b07>] kernel_thread_helper+0x7/0x10
[    0.059425] sysctl table check failed: /kernel/random/nb_input_bytes .1.40.10 Unknown sysctl binary path
[    0.059686] Pid: 1, comm: swapper Not tainted 2.6.32.57 #4
[    0.059687] Call Trace:
[    0.059689]  [<c14a8a0e>] ? printk+0x1d/0x1f
[    0.059690]  [<c107b56f>] set_fail+0x4f/0x60
[    0.059692]  [<c107b8b3>] sysctl_check_table+0x333/0x620
[    0.059693]  [<c107b8cc>] sysctl_check_table+0x34c/0x620
[    0.059695]  [<c107b8cc>] sysctl_check_table+0x34c/0x620
[    0.059698]  [<c1746d48>] sysctl_init+0x25/0x29
[    0.059699]  [<c1003042>] do_one_initcall+0x32/0x1a0
[    0.059701]  [<c1746d23>] ? sysctl_init+0x0/0x29
[    0.059703]  [<c17308e7>] kernel_init+0x12d/0x17a
[    0.059704]  [<c17307ba>] ? kernel_init+0x0/0x17a
[    0.059706]  [<c1009b07>] kernel_thread_helper+0x7/0x10
[    0.059708] sysctl table check failed: /kernel/random/nb_stir_count .1.40.11 Unknown sysctl binary path
[    0.059953] Pid: 1, comm: swapper Not tainted 2.6.32.57 #4
[    0.059954] Call Trace:
[    0.059955]  [<c14a8a0e>] ? printk+0x1d/0x1f
[    0.059957]  [<c107b56f>] set_fail+0x4f/0x60
[    0.059959]  [<c107b8b3>] sysctl_check_table+0x333/0x620
[    0.059960]  [<c107b8cc>] sysctl_check_table+0x34c/0x620
[    0.059962]  [<c107b8cc>] sysctl_check_table+0x34c/0x620
[    0.059964]  [<c1746d48>] sysctl_init+0x25/0x29
[    0.059966]  [<c1003042>] do_one_initcall+0x32/0x1a0
[    0.059968]  [<c1746d23>] ? sysctl_init+0x0/0x29
[    0.059970]  [<c17308e7>] kernel_init+0x12d/0x17a
[    0.059971]  [<c17307ba>] ? kernel_init+0x0/0x17a
[    0.059973]  [<c1009b07>] kernel_thread_helper+0x7/0x10
[    0.059974] sysctl table check failed: /kernel/random/nb_reentry_count .1.40.12 Unknown sysctl binary path
[    0.060222] Pid: 1, comm: swapper Not tainted 2.6.32.57 #4
[    0.060223] Call Trace:
[    0.060224]  [<c14a8a0e>] ? printk+0x1d/0x1f
[    0.060226]  [<c107b56f>] set_fail+0x4f/0x60
[    0.060227]  [<c107b8b3>] sysctl_check_table+0x333/0x620
[    0.060229]  [<c107b8cc>] sysctl_check_table+0x34c/0x620
[    0.060230]  [<c107b8cc>] sysctl_check_table+0x34c/0x620
[    0.060233]  [<c1746d48>] sysctl_init+0x25/0x29
[    0.060234]  [<c1003042>] do_one_initcall+0x32/0x1a0
[    0.060237]  [<c1746d23>] ? sysctl_init+0x0/0x29
[    0.060238]  [<c17308e7>] kernel_init+0x12d/0x17a
[    0.060240]  [<c17307ba>] ? kernel_init+0x0/0x17a
[    0.060241]  [<c1009b07>] kernel_thread_helper+0x7/0x10
[    0.060360] RANDOM - __seed init called.
[    0.060361] RANDOM - __seed init called.
[    0.060361] RANDOM - __seed init called.
[    0.060363] RANDOM - __random32 called. Change num 1.  Value: 865378fd	b53d80db	1f8ba37e
[    0.060364] RANDOM - __random32 called. Change num 2.  Value: 378fdd29	53d80db0	46fc7ad7
[    0.060365] RANDOM - __random32 called. Change num 3.  Value: fdd29985	3d80db0e	f5ae23f5
[    0.060367] RANDOM - __random32 called. Change num 4.  Value: 299855dc	d80db0e5	47eb1be7
[    0.060368] RANDOM - __random32 called. Change num 5.  Value: 855dc464	80db0e5c	37cf1678
[    0.060370] RANDOM - __random32 called. Change num 6.  Value: dc4647ba	db0e5c1	2cf136f4
[    0.060371] RANDOM - random32 init called.  Value: dc4647ba	db0e5c1	2cf136f4
[    0.060377] regulator: core version 0.5
[    0.060452] Time: 23:18:24  Date: 05/24/13
[    0.060490] NET: Registered protocol family 16
[    0.060558] EISA bus registered
[    0.061337] ACPI: bus type pci registered
[    0.061435] PCI: MCFG configuration 0: base e0000000 segment 0 buses 0 - 255
[    0.061437] PCI: MCFG area at e0000000 reserved in E820
[    0.061438] PCI: Using MMCONFIG for extended config space
[    0.061439] PCI: Using configuration type 1 for base access
[    0.061925] bio: create slab <bio-0> at 0
[    0.063252] ACPI: EC: Look up EC in DSDT
[    0.101046] ACPI: BIOS _OSI(Linux) query ignored
[    0.106785] ACPI: Interpreter enabled
[    0.106789] ACPI: (supports S0 S1 S4 S5)
[    0.106801] ACPI: Using PIC for interrupt routing
[    0.188353] ACPI: No dock devices found.
[    0.189171] ACPI: PCI Root Bridge [PCI0] (0000:00)
[    0.190710] pci 0000:00:07.1: reg 20 io port: [0x10c0-0x10cf]
[    0.191190] pci 0000:00:07.3: quirk: region 1000-103f claimed by PIIX4 ACPI
[    0.191200] pci 0000:00:07.3: quirk: region 1040-104f claimed by PIIX4 SMB
[    0.191758] pci 0000:00:07.7: reg 10 io port: [0x1080-0x10bf]
[    0.192126] pci 0000:00:07.7: reg 14 64bit mmio: [0xc8000000-0xc8001fff]
[    0.193215] pci 0000:00:0f.0: reg 10 io port: [0x10d0-0x10df]
[    0.193251] pci 0000:00:0f.0: reg 14 32bit mmio pref: [0xd0000000-0xd7ffffff]
[    0.193287] pci 0000:00:0f.0: reg 18 32bit mmio: [0xc8800000-0xc8ffffff]
[    0.193434] pci 0000:00:0f.0: reg 30 32bit mmio pref: [0x000000-0x007fff]
[    0.193941] pci 0000:00:10.0: reg 10 io port: [0x1400-0x14ff]
[    0.194291] pci 0000:00:10.0: reg 14 64bit mmio: [0xc8040000-0xc805ffff]
[    0.194657] pci 0000:00:10.0: reg 1c 64bit mmio: [0xc8020000-0xc803ffff]
[    0.194727] pci 0000:00:10.0: reg 30 32bit mmio pref: [0x000000-0x003fff]
[    0.196040] pci 0000:00:15.0: PME# supported from D0 D3hot D3cold
[    0.196060] pci 0000:00:15.0: PME# disabled
[    0.196954] pci 0000:00:15.1: PME# supported from D0 D3hot D3cold
[    0.196974] pci 0000:00:15.1: PME# disabled
[    0.197798] pci 0000:00:15.2: PME# supported from D0 D3hot D3cold
[    0.197817] pci 0000:00:15.2: PME# disabled
[    0.198670] pci 0000:00:15.3: PME# supported from D0 D3hot D3cold
[    0.198689] pci 0000:00:15.3: PME# disabled
[    0.199514] pci 0000:00:15.4: PME# supported from D0 D3hot D3cold
[    0.199532] pci 0000:00:15.4: PME# disabled
[    0.200340] pci 0000:00:15.5: PME# supported from D0 D3hot D3cold
[    0.200359] pci 0000:00:15.5: PME# disabled
[    0.201194] pci 0000:00:15.6: PME# supported from D0 D3hot D3cold
[    0.201213] pci 0000:00:15.6: PME# disabled
[    0.202041] pci 0000:00:15.7: PME# supported from D0 D3hot D3cold
[    0.202060] pci 0000:00:15.7: PME# disabled
[    0.202885] pci 0000:00:16.0: PME# supported from D0 D3hot D3cold
[    0.202906] pci 0000:00:16.0: PME# disabled
[    0.203770] pci 0000:00:16.1: PME# supported from D0 D3hot D3cold
[    0.203789] pci 0000:00:16.1: PME# disabled
[    0.204609] pci 0000:00:16.2: PME# supported from D0 D3hot D3cold
[    0.204628] pci 0000:00:16.2: PME# disabled
[    0.205486] pci 0000:00:16.3: PME# supported from D0 D3hot D3cold
[    0.205512] pci 0000:00:16.3: PME# disabled
[    0.206344] pci 0000:00:16.4: PME# supported from D0 D3hot D3cold
[    0.206363] pci 0000:00:16.4: PME# disabled
[    0.207186] pci 0000:00:16.5: PME# supported from D0 D3hot D3cold
[    0.207204] pci 0000:00:16.5: PME# disabled
[    0.208042] pci 0000:00:16.6: PME# supported from D0 D3hot D3cold
[    0.208061] pci 0000:00:16.6: PME# disabled
[    0.209005] pci 0000:00:16.7: PME# supported from D0 D3hot D3cold
[    0.209026] pci 0000:00:16.7: PME# disabled
[    0.209884] pci 0000:00:17.0: PME# supported from D0 D3hot D3cold
[    0.209903] pci 0000:00:17.0: PME# disabled
[    0.210728] pci 0000:00:17.1: PME# supported from D0 D3hot D3cold
[    0.210747] pci 0000:00:17.1: PME# disabled
[    0.211574] pci 0000:00:17.2: PME# supported from D0 D3hot D3cold
[    0.211592] pci 0000:00:17.2: PME# disabled
[    0.212457] pci 0000:00:17.3: PME# supported from D0 D3hot D3cold
[    0.212476] pci 0000:00:17.3: PME# disabled
[    0.213275] pci 0000:00:17.4: PME# supported from D0 D3hot D3cold
[    0.213294] pci 0000:00:17.4: PME# disabled
[    0.214145] pci 0000:00:17.5: PME# supported from D0 D3hot D3cold
[    0.214164] pci 0000:00:17.5: PME# disabled
[    0.214993] pci 0000:00:17.6: PME# supported from D0 D3hot D3cold
[    0.215012] pci 0000:00:17.6: PME# disabled
[    0.215974] pci 0000:00:17.7: PME# supported from D0 D3hot D3cold
[    0.215993] pci 0000:00:17.7: PME# disabled
[    0.216824] pci 0000:00:18.0: PME# supported from D0 D3hot D3cold
[    0.216843] pci 0000:00:18.0: PME# disabled
[    0.217677] pci 0000:00:18.1: PME# supported from D0 D3hot D3cold
[    0.217695] pci 0000:00:18.1: PME# disabled
[    0.218515] pci 0000:00:18.2: PME# supported from D0 D3hot D3cold
[    0.218533] pci 0000:00:18.2: PME# disabled
[    0.219335] pci 0000:00:18.3: PME# supported from D0 D3hot D3cold
[    0.219353] pci 0000:00:18.3: PME# disabled
[    0.220192] pci 0000:00:18.4: PME# supported from D0 D3hot D3cold
[    0.220210] pci 0000:00:18.4: PME# disabled
[    0.221071] pci 0000:00:18.5: PME# supported from D0 D3hot D3cold
[    0.221090] pci 0000:00:18.5: PME# disabled
[    0.221890] pci 0000:00:18.6: PME# supported from D0 D3hot D3cold
[    0.221909] pci 0000:00:18.6: PME# disabled
[    0.222788] pci 0000:00:18.7: PME# supported from D0 D3hot D3cold
[    0.222808] pci 0000:00:18.7: PME# disabled
[    0.223862] pci 0000:02:00.0: reg 20 io port: [0x20c0-0x20df]
[    0.224325] pci 0000:02:01.0: reg 10 io port: [0x2000-0x207f]
[    0.224641] pci 0000:02:01.0: reg 30 32bit mmio pref: [0x000000-0x00ffff]
[    0.225174] pci 0000:02:02.0: reg 10 io port: [0x2080-0x20bf]
[    0.225756] pci 0000:02:03.0: reg 10 32bit mmio: [0xc9000000-0xc9000fff]
[    0.226277] pci 0000:00:11.0: transparent bridge
[    0.226296] pci 0000:00:11.0: bridge io port: [0x2000-0x3fff]
[    0.226315] pci 0000:00:11.0: bridge 32bit mmio: [0xc9000000-0xca3fffff]
[    0.226350] pci 0000:00:11.0: bridge 64bit mmio pref: [0xd8400000-0xd89fffff]
[    0.226711] pci 0000:00:15.0: bridge io port: [0x4000-0x4fff]
[    0.226730] pci 0000:00:15.0: bridge 32bit mmio: [0xca400000-0xca4fffff]
[    0.226766] pci 0000:00:15.0: bridge 64bit mmio pref: [0xd8a00000-0xd8afffff]
[    0.227100] pci 0000:00:15.1: bridge io port: [0x8000-0x8fff]
[    0.227118] pci 0000:00:15.1: bridge 32bit mmio: [0xca800000-0xca8fffff]
[    0.227154] pci 0000:00:15.1: bridge 64bit mmio pref: [0xd8e00000-0xd8efffff]
[    0.227516] pci 0000:00:15.2: bridge io port: [0xc000-0xcfff]
[    0.227535] pci 0000:00:15.2: bridge 32bit mmio: [0xcac00000-0xcacfffff]
[    0.227570] pci 0000:00:15.2: bridge 64bit mmio pref: [0xd9200000-0xd92fffff]
[    0.227937] pci 0000:00:15.3: bridge 32bit mmio: [0xcb000000-0xcb0fffff]
[    0.227973] pci 0000:00:15.3: bridge 64bit mmio pref: [0xd9600000-0xd96fffff]
[    0.228326] pci 0000:00:15.4: bridge 32bit mmio: [0xcb400000-0xcb4fffff]
[    0.228383] pci 0000:00:15.4: bridge 64bit mmio pref: [0xd9a00000-0xd9afffff]
[    0.228767] pci 0000:00:15.5: bridge 32bit mmio: [0xcb800000-0xcb8fffff]
[    0.228803] pci 0000:00:15.5: bridge 64bit mmio pref: [0xd9e00000-0xd9efffff]
[    0.229155] pci 0000:00:15.6: bridge 32bit mmio: [0xcbc00000-0xcbcfffff]
[    0.229190] pci 0000:00:15.6: bridge 64bit mmio pref: [0xda200000-0xda2fffff]
[    0.229571] pci 0000:00:15.7: bridge 32bit mmio: [0xcc000000-0xcc0fffff]
[    0.229607] pci 0000:00:15.7: bridge 64bit mmio pref: [0xda600000-0xda6fffff]
[    0.229946] pci 0000:00:16.0: bridge io port: [0x5000-0x5fff]
[    0.229964] pci 0000:00:16.0: bridge 32bit mmio: [0xca500000-0xca5fffff]
[    0.230000] pci 0000:00:16.0: bridge 64bit mmio pref: [0xd8b00000-0xd8bfffff]
[    0.230334] pci 0000:00:16.1: bridge io port: [0x9000-0x9fff]
[    0.230376] pci 0000:00:16.1: bridge 32bit mmio: [0xca900000-0xca9fffff]
[    0.230428] pci 0000:00:16.1: bridge 64bit mmio pref: [0xd8f00000-0xd8ffffff]
[    0.230764] pci 0000:00:16.2: bridge io port: [0xd000-0xdfff]
[    0.230783] pci 0000:00:16.2: bridge 32bit mmio: [0xcad00000-0xcadfffff]
[    0.230822] pci 0000:00:16.2: bridge 64bit mmio pref: [0xd9300000-0xd93fffff]
[    0.231175] pci 0000:00:16.3: bridge 32bit mmio: [0xcb100000-0xcb1fffff]
[    0.231210] pci 0000:00:16.3: bridge 64bit mmio pref: [0xd9700000-0xd97fffff]
[    0.231588] pci 0000:00:16.4: bridge 32bit mmio: [0xcb500000-0xcb5fffff]
[    0.231623] pci 0000:00:16.4: bridge 64bit mmio pref: [0xd9b00000-0xd9bfffff]
[    0.232013] pci 0000:00:16.5: bridge 32bit mmio: [0xcb900000-0xcb9fffff]
[    0.232049] pci 0000:00:16.5: bridge 64bit mmio pref: [0xd9f00000-0xd9ffffff]
[    0.232427] pci 0000:00:16.6: bridge 32bit mmio: [0xcbd00000-0xcbdfffff]
[    0.232463] pci 0000:00:16.6: bridge 64bit mmio pref: [0xda300000-0xda3fffff]
[    0.232815] pci 0000:00:16.7: bridge 32bit mmio: [0xcc100000-0xcc1fffff]
[    0.232850] pci 0000:00:16.7: bridge 64bit mmio pref: [0xda700000-0xda7fffff]
[    0.233183] pci 0000:00:17.0: bridge io port: [0x6000-0x6fff]
[    0.233202] pci 0000:00:17.0: bridge 32bit mmio: [0xca600000-0xca6fffff]
[    0.233238] pci 0000:00:17.0: bridge 64bit mmio pref: [0xd8c00000-0xd8cfffff]
[    0.233602] pci 0000:00:17.1: bridge io port: [0xa000-0xafff]
[    0.233621] pci 0000:00:17.1: bridge 32bit mmio: [0xcaa00000-0xcaafffff]
[    0.233657] pci 0000:00:17.1: bridge 64bit mmio pref: [0xd9000000-0xd90fffff]
[    0.233992] pci 0000:00:17.2: bridge io port: [0xe000-0xefff]
[    0.234010] pci 0000:00:17.2: bridge 32bit mmio: [0xcae00000-0xcaefffff]
[    0.234046] pci 0000:00:17.2: bridge 64bit mmio pref: [0xd9400000-0xd94fffff]
[    0.234458] pci 0000:00:17.3: bridge 32bit mmio: [0xcb200000-0xcb2fffff]
[    0.234517] pci 0000:00:17.3: bridge 64bit mmio pref: [0xd9800000-0xd98fffff]
[    0.235061] pci 0000:00:17.4: bridge 32bit mmio: [0xcb600000-0xcb6fffff]
[    0.235111] pci 0000:00:17.4: bridge 64bit mmio pref: [0xd9c00000-0xd9cfffff]
[    0.235666] pci 0000:00:17.5: bridge 32bit mmio: [0xcba00000-0xcbafffff]
[    0.235712] pci 0000:00:17.5: bridge 64bit mmio pref: [0xda000000-0xda0fffff]
[    0.236223] pci 0000:00:17.6: bridge 32bit mmio: [0xcbe00000-0xcbefffff]
[    0.236262] pci 0000:00:17.6: bridge 64bit mmio pref: [0xda400000-0xda4fffff]
[    0.236647] pci 0000:00:17.7: bridge 32bit mmio: [0xcc200000-0xcc2fffff]
[    0.236686] pci 0000:00:17.7: bridge 64bit mmio pref: [0xda800000-0xda8fffff]
[    0.237159] pci 0000:00:18.0: bridge io port: [0x7000-0x7fff]
[    0.237187] pci 0000:00:18.0: bridge 32bit mmio: [0xca700000-0xca7fffff]
[    0.237237] pci 0000:00:18.0: bridge 64bit mmio pref: [0xd8d00000-0xd8dfffff]
[    0.237764] pci 0000:00:18.1: bridge io port: [0xb000-0xbfff]
[    0.237792] pci 0000:00:18.1: bridge 32bit mmio: [0xcab00000-0xcabfffff]
[    0.237842] pci 0000:00:18.1: bridge 64bit mmio pref: [0xd9100000-0xd91fffff]
[    0.238288] pci 0000:00:18.2: bridge io port: [0xf000-0xffff]
[    0.238309] pci 0000:00:18.2: bridge 32bit mmio: [0xcaf00000-0xcaffffff]
[    0.238357] pci 0000:00:18.2: bridge 64bit mmio pref: [0xd9500000-0xd95fffff]
[    0.238742] pci 0000:00:18.3: bridge 32bit mmio: [0xcb300000-0xcb3fffff]
[    0.238780] pci 0000:00:18.3: bridge 64bit mmio pref: [0xd9900000-0xd99fffff]
[    0.239163] pci 0000:00:18.4: bridge 32bit mmio: [0xcb700000-0xcb7fffff]
[    0.239202] pci 0000:00:18.4: bridge 64bit mmio pref: [0xd9d00000-0xd9dfffff]
[    0.239590] pci 0000:00:18.5: bridge 32bit mmio: [0xcbb00000-0xcbbfffff]
[    0.239649] pci 0000:00:18.5: bridge 64bit mmio pref: [0xda100000-0xda1fffff]
[    0.240028] pci 0000:00:18.6: bridge 32bit mmio: [0xcbf00000-0xcbffffff]
[    0.240066] pci 0000:00:18.6: bridge 64bit mmio pref: [0xda500000-0xda5fffff]
[    0.240465] pci 0000:00:18.7: bridge 32bit mmio: [0xcc300000-0xcc3fffff]
[    0.240503] pci 0000:00:18.7: bridge 64bit mmio pref: [0xda900000-0xda9fffff]
[    0.242395] pci_bus 0000:00: on NUMA node 0
[    0.242408] ACPI: PCI Interrupt Routing Table [\_SB_.PCI0._PRT]
[    0.493693] ACPI: PCI Interrupt Link [LNKA] (IRQs 3 4 5 6 7 *9 10 11 14 15)
[    0.493854] ACPI: PCI Interrupt Link [LNKB] (IRQs 3 4 5 6 7 9 10 *11 14 15)
[    0.494023] ACPI: PCI Interrupt Link [LNKC] (IRQs 3 4 5 6 7 9 *10 11 14 15)
[    0.494181] ACPI: PCI Interrupt Link [LNKD] (IRQs 3 4 *5 6 7 9 10 11 14 15)
[    0.494321] vgaarb: device added: PCI:0000:00:0f.0,decodes=io+mem,owns=io+mem,locks=none
[    0.494332] vgaarb: loaded
[    0.494424] SCSI subsystem initialized
[    0.494470] libata version 3.00 loaded.
[    0.494511] usbcore: registered new interface driver usbfs
[    0.494523] usbcore: registered new interface driver hub
[    0.494540] usbcore: registered new device driver usb
[    0.494610] PCI: Using ACPI for IRQ routing
[    0.495680] NetLabel: Initializing
[    0.495682] NetLabel:  domain hash size = 128
[    0.495683] NetLabel:  protocols = UNLABELED CIPSOv4
[    0.495692] NetLabel:  unlabeled traffic allowed by default
[    0.495730] hpet0: at MMIO 0xfed00000, IRQs 2, 8, 0, 0, 0, 0, 0, 0, 0, 0, 0, 0, 0, 0, 0, 0
[    0.495736] hpet0: 16 comparators, 64-bit 14.318180 MHz counter
[    0.497758] Switching to clocksource tsc
[    0.507229] pnp: PnP ACPI init
[    0.507242] ACPI: bus type pnp registered
[    0.557297] pnp: PnP ACPI: found 14 devices
[    0.557300] ACPI: ACPI bus type pnp unregistered
[    0.557303] PnPBIOS: Disabled by ACPI PNP
[    0.557323] system 00:01: ioport range 0x1000-0x103f has been reserved
[    0.557326] system 00:01: ioport range 0x1040-0x104f has been reserved
[    0.557328] system 00:01: ioport range 0xcf0-0xcf1 has been reserved
[    0.557339] system 00:08: iomem range 0xfed00000-0xfed003ff has been reserved
[    0.557344] system 00:0d: ioport range 0x1060-0x107f has been reserved
[    0.557346] system 00:0d: iomem range 0xe0000000-0xefffffff has been reserved
[    0.557348] system 00:0d: iomem range 0xc8200000-0xc83fffff has been reserved
[    0.593875] pci 0000:00:15.3: BAR 13: can't allocate I/O resource [0x10000-0xffff]
[    0.593882] pci 0000:00:15.4: BAR 13: can't allocate I/O resource [0x10000-0xffff]
[    0.593887] pci 0000:00:15.5: BAR 13: can't allocate I/O resource [0x10000-0xffff]
[    0.593892] pci 0000:00:15.6: BAR 13: can't allocate I/O resource [0x10000-0xffff]
[    0.593896] pci 0000:00:15.7: BAR 13: can't allocate I/O resource [0x10000-0xffff]
[    0.593901] pci 0000:00:16.3: BAR 13: can't allocate I/O resource [0x10000-0xffff]
[    0.593906] pci 0000:00:16.4: BAR 13: can't allocate I/O resource [0x10000-0xffff]
[    0.593910] pci 0000:00:16.5: BAR 13: can't allocate I/O resource [0x10000-0xffff]
[    0.593915] pci 0000:00:16.6: BAR 13: can't allocate I/O resource [0x10000-0xffff]
[    0.593919] pci 0000:00:16.7: BAR 13: can't allocate I/O resource [0x10000-0xffff]
[    0.593924] pci 0000:00:17.3: BAR 13: can't allocate I/O resource [0x10000-0xffff]
[    0.593929] pci 0000:00:17.4: BAR 13: can't allocate I/O resource [0x10000-0xffff]
[    0.593933] pci 0000:00:17.5: BAR 13: can't allocate I/O resource [0x10000-0xffff]
[    0.593938] pci 0000:00:17.6: BAR 13: can't allocate I/O resource [0x10000-0xffff]
[    0.593943] pci 0000:00:17.7: BAR 13: can't allocate I/O resource [0x10000-0xffff]
[    0.593947] pci 0000:00:18.3: BAR 13: can't allocate I/O resource [0x10000-0xffff]
[    0.593952] pci 0000:00:18.4: BAR 13: can't allocate I/O resource [0x10000-0xffff]
[    0.593957] pci 0000:00:18.5: BAR 13: can't allocate I/O resource [0x10000-0xffff]
[    0.593961] pci 0000:00:18.6: BAR 13: can't allocate I/O resource [0x10000-0xffff]
[    0.593966] pci 0000:00:18.7: BAR 13: can't allocate I/O resource [0x10000-0xffff]
[    0.593969] pci 0000:00:01.0: PCI bridge, secondary bus 0000:01
[    0.593972] pci 0000:00:01.0:   IO window: disabled
[    0.594054] pci 0000:00:01.0:   MEM window: disabled
[    0.594088] pci 0000:00:01.0:   PREFETCH window: disabled
[    0.594149] pci 0000:00:11.0: PCI bridge, secondary bus 0000:02
[    0.594168] pci 0000:00:11.0:   IO window: 0x2000-0x3fff
[    0.594212] pci 0000:00:11.0:   MEM window: 0xc9000000-0xca3fffff
[    0.594242] pci 0000:00:11.0:   PREFETCH window: 0x000000d8400000-0x000000d89fffff
[    0.594296] pci 0000:00:15.0: PCI bridge, secondary bus 0000:03
[    0.594312] pci 0000:00:15.0:   IO window: 0x4000-0x4fff
[    0.594352] pci 0000:00:15.0:   MEM window: 0xca400000-0xca4fffff
[    0.594379] pci 0000:00:15.0:   PREFETCH window: 0x000000d8a00000-0x000000d8afffff
[    0.594451] pci 0000:00:15.1: PCI bridge, secondary bus 0000:04
[    0.594468] pci 0000:00:15.1:   IO window: 0x8000-0x8fff
[    0.594509] pci 0000:00:15.1:   MEM window: 0xca800000-0xca8fffff
[    0.594539] pci 0000:00:15.1:   PREFETCH window: 0x000000d8e00000-0x000000d8efffff
[    0.594608] pci 0000:00:15.2: PCI bridge, secondary bus 0000:05
[    0.594625] pci 0000:00:15.2:   IO window: 0xc000-0xcfff
[    0.594667] pci 0000:00:15.2:   MEM window: 0xcac00000-0xcacfffff
[    0.594695] pci 0000:00:15.2:   PREFETCH window: 0x000000d9200000-0x000000d92fffff
[    0.594755] pci 0000:00:15.3: PCI bridge, secondary bus 0000:06
[    0.594758] pci 0000:00:15.3:   IO window: disabled
[    0.594799] pci 0000:00:15.3:   MEM window: 0xcb000000-0xcb0fffff
[    0.594837] pci 0000:00:15.3:   PREFETCH window: 0x000000d9600000-0x000000d96fffff
[    0.594905] pci 0000:00:15.4: PCI bridge, secondary bus 0000:07
[    0.594908] pci 0000:00:15.4:   IO window: disabled
[    0.594948] pci 0000:00:15.4:   MEM window: 0xcb400000-0xcb4fffff
[    0.594971] pci 0000:00:15.4:   PREFETCH window: 0x000000d9a00000-0x000000d9afffff
[    0.595016] pci 0000:00:15.5: PCI bridge, secondary bus 0000:08
[    0.595018] pci 0000:00:15.5:   IO window: disabled
[    0.595048] pci 0000:00:15.5:   MEM window: 0xcb800000-0xcb8fffff
[    0.595068] pci 0000:00:15.5:   PREFETCH window: 0x000000d9e00000-0x000000d9efffff
[    0.595111] pci 0000:00:15.6: PCI bridge, secondary bus 0000:09
[    0.595113] pci 0000:00:15.6:   IO window: disabled
[    0.595143] pci 0000:00:15.6:   MEM window: 0xcbc00000-0xcbcfffff
[    0.595164] pci 0000:00:15.6:   PREFETCH window: 0x000000da200000-0x000000da2fffff
[    0.595207] pci 0000:00:15.7: PCI bridge, secondary bus 0000:0a
[    0.595208] pci 0000:00:15.7:   IO window: disabled
[    0.595238] pci 0000:00:15.7:   MEM window: 0xcc000000-0xcc0fffff
[    0.595259] pci 0000:00:15.7:   PREFETCH window: 0x000000da600000-0x000000da6fffff
[    0.595301] pci 0000:00:16.0: PCI bridge, secondary bus 0000:0b
[    0.595314] pci 0000:00:16.0:   IO window: 0x5000-0x5fff
[    0.595343] pci 0000:00:16.0:   MEM window: 0xca500000-0xca5fffff
[    0.595364] pci 0000:00:16.0:   PREFETCH window: 0x000000d8b00000-0x000000d8bfffff
[    0.595407] pci 0000:00:16.1: PCI bridge, secondary bus 0000:0c
[    0.595419] pci 0000:00:16.1:   IO window: 0x9000-0x9fff
[    0.595449] pci 0000:00:16.1:   MEM window: 0xca900000-0xca9fffff
[    0.595470] pci 0000:00:16.1:   PREFETCH window: 0x000000d8f00000-0x000000d8ffffff
[    0.595512] pci 0000:00:16.2: PCI bridge, secondary bus 0000:0d
[    0.595524] pci 0000:00:16.2:   IO window: 0xd000-0xdfff
[    0.595573] pci 0000:00:16.2:   MEM window: 0xcad00000-0xcadfffff
[    0.595597] pci 0000:00:16.2:   PREFETCH window: 0x000000d9300000-0x000000d93fffff
[    0.595656] pci 0000:00:16.3: PCI bridge, secondary bus 0000:0e
[    0.595658] pci 0000:00:16.3:   IO window: disabled
[    0.595698] pci 0000:00:16.3:   MEM window: 0xcb100000-0xcb1fffff
[    0.595721] pci 0000:00:16.3:   PREFETCH window: 0x000000d9700000-0x000000d97fffff
[    0.595765] pci 0000:00:16.4: PCI bridge, secondary bus 0000:0f
[    0.595767] pci 0000:00:16.4:   IO window: disabled
[    0.595797] pci 0000:00:16.4:   MEM window: 0xcb500000-0xcb5fffff
[    0.595818] pci 0000:00:16.4:   PREFETCH window: 0x000000d9b00000-0x000000d9bfffff
[    0.595860] pci 0000:00:16.5: PCI bridge, secondary bus 0000:10
[    0.595862] pci 0000:00:16.5:   IO window: disabled
[    0.595892] pci 0000:00:16.5:   MEM window: 0xcb900000-0xcb9fffff
[    0.595912] pci 0000:00:16.5:   PREFETCH window: 0x000000d9f00000-0x000000d9ffffff
[    0.595955] pci 0000:00:16.6: PCI bridge, secondary bus 0000:11
[    0.595957] pci 0000:00:16.6:   IO window: disabled
[    0.595986] pci 0000:00:16.6:   MEM window: 0xcbd00000-0xcbdfffff
[    0.596007] pci 0000:00:16.6:   PREFETCH window: 0x000000da300000-0x000000da3fffff
[    0.596050] pci 0000:00:16.7: PCI bridge, secondary bus 0000:12
[    0.596051] pci 0000:00:16.7:   IO window: disabled
[    0.596081] pci 0000:00:16.7:   MEM window: 0xcc100000-0xcc1fffff
[    0.596102] pci 0000:00:16.7:   PREFETCH window: 0x000000da700000-0x000000da7fffff
[    0.596144] pci 0000:00:17.0: PCI bridge, secondary bus 0000:13
[    0.596157] pci 0000:00:17.0:   IO window: 0x6000-0x6fff
[    0.596186] pci 0000:00:17.0:   MEM window: 0xca600000-0xca6fffff
[    0.596207] pci 0000:00:17.0:   PREFETCH window: 0x000000d8c00000-0x000000d8cfffff
[    0.596250] pci 0000:00:17.1: PCI bridge, secondary bus 0000:14
[    0.596262] pci 0000:00:17.1:   IO window: 0xa000-0xafff
[    0.596291] pci 0000:00:17.1:   MEM window: 0xcaa00000-0xcaafffff
[    0.596312] pci 0000:00:17.1:   PREFETCH window: 0x000000d9000000-0x000000d90fffff
[    0.596354] pci 0000:00:17.2: PCI bridge, secondary bus 0000:15
[    0.596366] pci 0000:00:17.2:   IO window: 0xe000-0xefff
[    0.596396] pci 0000:00:17.2:   MEM window: 0xcae00000-0xcaefffff
[    0.596417] pci 0000:00:17.2:   PREFETCH window: 0x000000d9400000-0x000000d94fffff
[    0.596459] pci 0000:00:17.3: PCI bridge, secondary bus 0000:16
[    0.596461] pci 0000:00:17.3:   IO window: disabled
[    0.596491] pci 0000:00:17.3:   MEM window: 0xcb200000-0xcb2fffff
[    0.596511] pci 0000:00:17.3:   PREFETCH window: 0x000000d9800000-0x000000d98fffff
[    0.596560] pci 0000:00:17.4: PCI bridge, secondary bus 0000:17
[    0.596562] pci 0000:00:17.4:   IO window: disabled
[    0.596592] pci 0000:00:17.4:   MEM window: 0xcb600000-0xcb6fffff
[    0.596613] pci 0000:00:17.4:   PREFETCH window: 0x000000d9c00000-0x000000d9cfffff
[    0.596656] pci 0000:00:17.5: PCI bridge, secondary bus 0000:18
[    0.596658] pci 0000:00:17.5:   IO window: disabled
[    0.596687] pci 0000:00:17.5:   MEM window: 0xcba00000-0xcbafffff
[    0.596708] pci 0000:00:17.5:   PREFETCH window: 0x000000da000000-0x000000da0fffff
[    0.596751] pci 0000:00:17.6: PCI bridge, secondary bus 0000:19
[    0.596753] pci 0000:00:17.6:   IO window: disabled
[    0.596783] pci 0000:00:17.6:   MEM window: 0xcbe00000-0xcbefffff
[    0.596803] pci 0000:00:17.6:   PREFETCH window: 0x000000da400000-0x000000da4fffff
[    0.596846] pci 0000:00:17.7: PCI bridge, secondary bus 0000:1a
[    0.596848] pci 0000:00:17.7:   IO window: disabled
[    0.596878] pci 0000:00:17.7:   MEM window: 0xcc200000-0xcc2fffff
[    0.596898] pci 0000:00:17.7:   PREFETCH window: 0x000000da800000-0x000000da8fffff
[    0.596941] pci 0000:00:18.0: PCI bridge, secondary bus 0000:1b
[    0.596953] pci 0000:00:18.0:   IO window: 0x7000-0x7fff
[    0.596983] pci 0000:00:18.0:   MEM window: 0xca700000-0xca7fffff
[    0.597003] pci 0000:00:18.0:   PREFETCH window: 0x000000d8d00000-0x000000d8dfffff
[    0.597046] pci 0000:00:18.1: PCI bridge, secondary bus 0000:1c
[    0.597058] pci 0000:00:18.1:   IO window: 0xb000-0xbfff
[    0.597088] pci 0000:00:18.1:   MEM window: 0xcab00000-0xcabfffff
[    0.597108] pci 0000:00:18.1:   PREFETCH window: 0x000000d9100000-0x000000d91fffff
[    0.597151] pci 0000:00:18.2: PCI bridge, secondary bus 0000:1d
[    0.597163] pci 0000:00:18.2:   IO window: 0xf000-0xffff
[    0.597193] pci 0000:00:18.2:   MEM window: 0xcaf00000-0xcaffffff
[    0.597214] pci 0000:00:18.2:   PREFETCH window: 0x000000d9500000-0x000000d95fffff
[    0.597256] pci 0000:00:18.3: PCI bridge, secondary bus 0000:1e
[    0.597258] pci 0000:00:18.3:   IO window: disabled
[    0.597288] pci 0000:00:18.3:   MEM window: 0xcb300000-0xcb3fffff
[    0.597309] pci 0000:00:18.3:   PREFETCH window: 0x000000d9900000-0x000000d99fffff
[    0.597351] pci 0000:00:18.4: PCI bridge, secondary bus 0000:1f
[    0.597353] pci 0000:00:18.4:   IO window: disabled
[    0.597383] pci 0000:00:18.4:   MEM window: 0xcb700000-0xcb7fffff
[    0.597403] pci 0000:00:18.4:   PREFETCH window: 0x000000d9d00000-0x000000d9dfffff
[    0.597446] pci 0000:00:18.5: PCI bridge, secondary bus 0000:20
[    0.597447] pci 0000:00:18.5:   IO window: disabled
[    0.597477] pci 0000:00:18.5:   MEM window: 0xcbb00000-0xcbbfffff
[    0.597498] pci 0000:00:18.5:   PREFETCH window: 0x000000da100000-0x000000da1fffff
[    0.597540] pci 0000:00:18.6: PCI bridge, secondary bus 0000:21
[    0.597552] pci 0000:00:18.6:   IO window: disabled
[    0.597583] pci 0000:00:18.6:   MEM window: 0xcbf00000-0xcbffffff
[    0.597603] pci 0000:00:18.6:   PREFETCH window: 0x000000da500000-0x000000da5fffff
[    0.597646] pci 0000:00:18.7: PCI bridge, secondary bus 0000:22
[    0.597648] pci 0000:00:18.7:   IO window: disabled
[    0.597705] pci 0000:00:18.7:   MEM window: 0xcc300000-0xcc3fffff
[    0.597726] pci 0000:00:18.7:   PREFETCH window: 0x000000da900000-0x000000da9fffff
[    0.597802] pci 0000:00:01.0: setting latency timer to 64
[    0.597900] pci 0000:00:15.0: setting latency timer to 64
[    0.597967] pci 0000:00:15.1: setting latency timer to 64
[    0.598034] pci 0000:00:15.2: setting latency timer to 64
[    0.598100] pci 0000:00:15.3: setting latency timer to 64
[    0.598167] pci 0000:00:15.4: setting latency timer to 64
[    0.598233] pci 0000:00:15.5: setting latency timer to 64
[    0.598300] pci 0000:00:15.6: setting latency timer to 64
[    0.598368] pci 0000:00:15.7: setting latency timer to 64
[    0.598435] pci 0000:00:16.0: setting latency timer to 64
[    0.598502] pci 0000:00:16.1: setting latency timer to 64
[    0.598580] pci 0000:00:16.2: setting latency timer to 64
[    0.598647] pci 0000:00:16.3: setting latency timer to 64
[    0.598713] pci 0000:00:16.4: setting latency timer to 64
[    0.598780] pci 0000:00:16.5: setting latency timer to 64
[    0.598847] pci 0000:00:16.6: setting latency timer to 64
[    0.598913] pci 0000:00:16.7: setting latency timer to 64
[    0.598979] pci 0000:00:17.0: setting latency timer to 64
[    0.599046] pci 0000:00:17.1: setting latency timer to 64
[    0.599113] pci 0000:00:17.2: setting latency timer to 64
[    0.599179] pci 0000:00:17.3: setting latency timer to 64
[    0.599246] pci 0000:00:17.4: setting latency timer to 64
[    0.599313] pci 0000:00:17.5: setting latency timer to 64
[    0.599380] pci 0000:00:17.6: setting latency timer to 64
[    0.599455] pci 0000:00:17.7: setting latency timer to 64
[    0.599522] pci 0000:00:18.0: setting latency timer to 64
[    0.599598] pci 0000:00:18.1: setting latency timer to 64
[    0.599668] pci 0000:00:18.2: setting latency timer to 64
[    0.599735] pci 0000:00:18.3: setting latency timer to 64
[    0.599802] pci 0000:00:18.4: setting latency timer to 64
[    0.599868] pci 0000:00:18.5: setting latency timer to 64
[    0.599935] pci 0000:00:18.6: setting latency timer to 64
[    0.600001] pci 0000:00:18.7: setting latency timer to 64
[    0.600014] pci_bus 0000:00: resource 0 io:  [0x00-0xffff]
[    0.600016] pci_bus 0000:00: resource 1 mem: [0x000000-0xffffffffffffffff]
[    0.600019] pci_bus 0000:02: resource 0 io:  [0x2000-0x3fff]
[    0.600021] pci_bus 0000:02: resource 1 mem: [0xc9000000-0xca3fffff]
[    0.600023] pci_bus 0000:02: resource 2 pref mem [0xd8400000-0xd89fffff]
[    0.600025] pci_bus 0000:02: resource 3 io:  [0x00-0xffff]
[    0.600027] pci_bus 0000:02: resource 4 mem: [0x000000-0xffffffffffffffff]
[    0.600029] pci_bus 0000:03: resource 0 io:  [0x4000-0x4fff]
[    0.600031] pci_bus 0000:03: resource 1 mem: [0xca400000-0xca4fffff]
[    0.600033] pci_bus 0000:03: resource 2 pref mem [0xd8a00000-0xd8afffff]
[    0.600035] pci_bus 0000:04: resource 0 io:  [0x8000-0x8fff]
[    0.600037] pci_bus 0000:04: resource 1 mem: [0xca800000-0xca8fffff]
[    0.600039] pci_bus 0000:04: resource 2 pref mem [0xd8e00000-0xd8efffff]
[    0.600041] pci_bus 0000:05: resource 0 io:  [0xc000-0xcfff]
[    0.600043] pci_bus 0000:05: resource 1 mem: [0xcac00000-0xcacfffff]
[    0.600045] pci_bus 0000:05: resource 2 pref mem [0xd9200000-0xd92fffff]
[    0.600047] pci_bus 0000:06: resource 1 mem: [0xcb000000-0xcb0fffff]
[    0.600049] pci_bus 0000:06: resource 2 pref mem [0xd9600000-0xd96fffff]
[    0.600051] pci_bus 0000:07: resource 1 mem: [0xcb400000-0xcb4fffff]
[    0.600052] pci_bus 0000:07: resource 2 pref mem [0xd9a00000-0xd9afffff]
[    0.600054] pci_bus 0000:08: resource 1 mem: [0xcb800000-0xcb8fffff]
[    0.600056] pci_bus 0000:08: resource 2 pref mem [0xd9e00000-0xd9efffff]
[    0.600058] pci_bus 0000:09: resource 1 mem: [0xcbc00000-0xcbcfffff]
[    0.600060] pci_bus 0000:09: resource 2 pref mem [0xda200000-0xda2fffff]
[    0.600062] pci_bus 0000:0a: resource 1 mem: [0xcc000000-0xcc0fffff]
[    0.600064] pci_bus 0000:0a: resource 2 pref mem [0xda600000-0xda6fffff]
[    0.600066] pci_bus 0000:0b: resource 0 io:  [0x5000-0x5fff]
[    0.600068] pci_bus 0000:0b: resource 1 mem: [0xca500000-0xca5fffff]
[    0.600070] pci_bus 0000:0b: resource 2 pref mem [0xd8b00000-0xd8bfffff]
[    0.600072] pci_bus 0000:0c: resource 0 io:  [0x9000-0x9fff]
[    0.600074] pci_bus 0000:0c: resource 1 mem: [0xca900000-0xca9fffff]
[    0.600075] pci_bus 0000:0c: resource 2 pref mem [0xd8f00000-0xd8ffffff]
[    0.600077] pci_bus 0000:0d: resource 0 io:  [0xd000-0xdfff]
[    0.600079] pci_bus 0000:0d: resource 1 mem: [0xcad00000-0xcadfffff]
[    0.600081] pci_bus 0000:0d: resource 2 pref mem [0xd9300000-0xd93fffff]
[    0.600083] pci_bus 0000:0e: resource 1 mem: [0xcb100000-0xcb1fffff]
[    0.600085] pci_bus 0000:0e: resource 2 pref mem [0xd9700000-0xd97fffff]
[    0.600087] pci_bus 0000:0f: resource 1 mem: [0xcb500000-0xcb5fffff]
[    0.600089] pci_bus 0000:0f: resource 2 pref mem [0xd9b00000-0xd9bfffff]
[    0.600091] pci_bus 0000:10: resource 1 mem: [0xcb900000-0xcb9fffff]
[    0.600093] pci_bus 0000:10: resource 2 pref mem [0xd9f00000-0xd9ffffff]
[    0.600095] pci_bus 0000:11: resource 1 mem: [0xcbd00000-0xcbdfffff]
[    0.600097] pci_bus 0000:11: resource 2 pref mem [0xda300000-0xda3fffff]
[    0.600099] pci_bus 0000:12: resource 1 mem: [0xcc100000-0xcc1fffff]
[    0.600101] pci_bus 0000:12: resource 2 pref mem [0xda700000-0xda7fffff]
[    0.600103] pci_bus 0000:13: resource 0 io:  [0x6000-0x6fff]
[    0.600104] pci_bus 0000:13: resource 1 mem: [0xca600000-0xca6fffff]
[    0.600106] pci_bus 0000:13: resource 2 pref mem [0xd8c00000-0xd8cfffff]
[    0.600108] pci_bus 0000:14: resource 0 io:  [0xa000-0xafff]
[    0.600110] pci_bus 0000:14: resource 1 mem: [0xcaa00000-0xcaafffff]
[    0.600112] pci_bus 0000:14: resource 2 pref mem [0xd9000000-0xd90fffff]
[    0.600114] pci_bus 0000:15: resource 0 io:  [0xe000-0xefff]
[    0.600116] pci_bus 0000:15: resource 1 mem: [0xcae00000-0xcaefffff]
[    0.600118] pci_bus 0000:15: resource 2 pref mem [0xd9400000-0xd94fffff]
[    0.600120] pci_bus 0000:16: resource 1 mem: [0xcb200000-0xcb2fffff]
[    0.600122] pci_bus 0000:16: resource 2 pref mem [0xd9800000-0xd98fffff]
[    0.600124] pci_bus 0000:17: resource 1 mem: [0xcb600000-0xcb6fffff]
[    0.600126] pci_bus 0000:17: resource 2 pref mem [0xd9c00000-0xd9cfffff]
[    0.600128] pci_bus 0000:18: resource 1 mem: [0xcba00000-0xcbafffff]
[    0.600129] pci_bus 0000:18: resource 2 pref mem [0xda000000-0xda0fffff]
[    0.600131] pci_bus 0000:19: resource 1 mem: [0xcbe00000-0xcbefffff]
[    0.600133] pci_bus 0000:19: resource 2 pref mem [0xda400000-0xda4fffff]
[    0.600135] pci_bus 0000:1a: resource 1 mem: [0xcc200000-0xcc2fffff]
[    0.600137] pci_bus 0000:1a: resource 2 pref mem [0xda800000-0xda8fffff]
[    0.600139] pci_bus 0000:1b: resource 0 io:  [0x7000-0x7fff]
[    0.600141] pci_bus 0000:1b: resource 1 mem: [0xca700000-0xca7fffff]
[    0.600143] pci_bus 0000:1b: resource 2 pref mem [0xd8d00000-0xd8dfffff]
[    0.600145] pci_bus 0000:1c: resource 0 io:  [0xb000-0xbfff]
[    0.600147] pci_bus 0000:1c: resource 1 mem: [0xcab00000-0xcabfffff]
[    0.600149] pci_bus 0000:1c: resource 2 pref mem [0xd9100000-0xd91fffff]
[    0.600151] pci_bus 0000:1d: resource 0 io:  [0xf000-0xffff]
[    0.600152] pci_bus 0000:1d: resource 1 mem: [0xcaf00000-0xcaffffff]
[    0.600154] pci_bus 0000:1d: resource 2 pref mem [0xd9500000-0xd95fffff]
[    0.600156] pci_bus 0000:1e: resource 1 mem: [0xcb300000-0xcb3fffff]
[    0.600158] pci_bus 0000:1e: resource 2 pref mem [0xd9900000-0xd99fffff]
[    0.600160] pci_bus 0000:1f: resource 1 mem: [0xcb700000-0xcb7fffff]
[    0.600162] pci_bus 0000:1f: resource 2 pref mem [0xd9d00000-0xd9dfffff]
[    0.600164] pci_bus 0000:20: resource 1 mem: [0xcbb00000-0xcbbfffff]
[    0.600166] pci_bus 0000:20: resource 2 pref mem [0xda100000-0xda1fffff]
[    0.600168] pci_bus 0000:21: resource 1 mem: [0xcbf00000-0xcbffffff]
[    0.600170] pci_bus 0000:21: resource 2 pref mem [0xda500000-0xda5fffff]
[    0.600172] pci_bus 0000:22: resource 1 mem: [0xcc300000-0xcc3fffff]
[    0.600174] pci_bus 0000:22: resource 2 pref mem [0xda900000-0xda9fffff]
[    0.600198] NET: Registered protocol family 2
[    0.600217] RANDOM - __random32 called. Change num 7.  Value: 647ba296	db0e5c1d	6de96f10
[    0.600218] RANDOM - random32 called.  Value: 647ba296	db0e5c1d	6de96f10
[    0.600227] random 0000 0000 0000 00000000 00000000: rand_read_num 2 get_random_bytes(4): sig fffffe1a 00000000 00000000
[    0.600230] random 0000 0000 0000 00000000 00000000: extract_entropy(.. 4 ..)
[    0.600233] random 0000 0000 0000 00000000 00000000: going to reseed nonblocking with 64 bits (32 of 0 requested)
[    0.600235] random 0000 0000 0000 00000000 00000000: extract_entropy(.. 8 ..)
[    0.600237] random 0000 0000 0000 00000000 00000000: trying to extract 64 bits from input
[    0.600240] random 0000 0000 0000 00000000 00000000: debiting 0 entropy credits from input
[    0.600242] random 0000 0000 0000 00000000 00000000: extract_entropy account returned: 0 
[    0.600245] random 0000 0000 0000 00000000 00000000: urand_change_num 3 xfer_secondary_pool(4): pool_sig fffffe1a, data_sig 00000000, bytes_mixed 0 00000000 00000000
[    0.600247] random 0000 0000 0000 00000000 00000000: trying to extract 32 bits from nonblocking
[    0.600250] random 0000 0000 0000 00000000 00000000: debiting 32 entropy credits from nonblocking (unlimited)
[    0.600253] random 0000 0000 0000 00000000 00000000: extract_entropy account returned: 4 
[    0.600256] random 0000 0000 0000 00000000 00000000: urand_change_num 4 extract_buf: pool_sig fffffe1a, data_sig fffffed7, bytes_mixed 20 00000000 00000000
[    0.600287] IP route cache hash table entries: 32768 (order: 5, 131072 bytes)
[    0.600381] RANDOM - __random32 called. Change num 8.  Value: ba296205	b0e5c1db	de205442
[    0.600383] RANDOM - random32 called.  Value: ba296205	b0e5c1db	de205442
[    0.600443] RANDOM - __random32 called. Change num 9.  Value: 962052cd	e5c1db9	a885e45e
[    0.600445] RANDOM - random32 called.  Value: 962052cd	e5c1db9	a885e45e
[    0.600448] RANDOM - __random32 called. Change num 10.  Value: 52cd38f	e5c1db9b	c8bd9558
[    0.600450] RANDOM - random32 called.  Value: 52cd38f	e5c1db9b	c8bd9558
[    0.600473] RANDOM - __random32 called. Change num 11.  Value: cd38f3eb	5c1db9b9	2ab1aa27
[    0.600475] RANDOM - random32 called.  Value: cd38f3eb	5c1db9b9	2ab1aa27
[    0.600486] TCP established hash table entries: 131072 (order: 8, 1048576 bytes)
[    0.600659] TCP bind hash table entries: 65536 (order: 7, 524288 bytes)
[    0.600832] TCP: Hash tables configured (established 131072 bind 65536)
[    0.600837] TCP reno registered
[    0.600925] NET: Registered protocol family 1
[    0.600943] pci 0000:00:00.0: Limiting direct PCI/PCI transfers
[    0.600981] pci 0000:00:0f.0: Boot video device
[    0.601300] Trying to unpack rootfs image as initramfs...
[    1.771999] Freeing initrd memory: 83430k freed
[    1.776066] Simple Boot Flag at 0x36 set to 0x1
[    1.776115] cpufreq-nforce2: No nForce2 chipset.
[    1.776128] Scanning for low memory corruption every 60 seconds
[    1.776246] audit: initializing netlink socket (disabled)
[    1.776254] type=2000 audit(1369437505.764:1): initialized
[    1.780117] highmem bounce pool size: 64 pages
[    1.780121] HugeTLB registered 2 MB page size, pre-allocated 0 pages
[    1.780217] VFS: Disk quotas dquot_6.5.2
[    1.780247] Dquot-cache hash table entries: 1024 (order 0, 4096 bytes)
[    1.780329] fuse init (API version 7.13)
[    1.780379] msgmni has been set to 1729
[    1.780646] alg: No test for stdrng (krng)
[    1.780678] Block layer SCSI generic (bsg) driver version 0.4 loaded (major 253)
[    1.780681] io scheduler noop registered
[    1.780682] io scheduler anticipatory registered
[    1.780684] io scheduler deadline registered
[    1.780703] io scheduler cfq registered (default)
[    1.780752]   alloc irq_desc for 24 on node -1
[    1.780754]   alloc kstat_irqs on node -1
[    1.780803] pcieport 0000:00:15.0: irq 24 for MSI/MSI-X
[    1.780852] pcieport 0000:00:15.0: setting latency timer to 64
[    1.780902]   alloc irq_desc for 25 on node -1
[    1.780903]   alloc kstat_irqs on node -1
[    1.780953] pcieport 0000:00:15.1: irq 25 for MSI/MSI-X
[    1.781002] pcieport 0000:00:15.1: setting latency timer to 64
[    1.781051]   alloc irq_desc for 26 on node -1
[    1.781052]   alloc kstat_irqs on node -1
[    1.781102] pcieport 0000:00:15.2: irq 26 for MSI/MSI-X
[    1.781151] pcieport 0000:00:15.2: setting latency timer to 64
[    1.781200]   alloc irq_desc for 27 on node -1
[    1.781201]   alloc kstat_irqs on node -1
[    1.781251] pcieport 0000:00:15.3: irq 27 for MSI/MSI-X
[    1.781300] pcieport 0000:00:15.3: setting latency timer to 64
[    1.781349]   alloc irq_desc for 28 on node -1
[    1.781351]   alloc kstat_irqs on node -1
[    1.781400] pcieport 0000:00:15.4: irq 28 for MSI/MSI-X
[    1.781449] pcieport 0000:00:15.4: setting latency timer to 64
[    1.781498]   alloc irq_desc for 29 on node -1
[    1.781500]   alloc kstat_irqs on node -1
[    1.781549] pcieport 0000:00:15.5: irq 29 for MSI/MSI-X
[    1.781598] pcieport 0000:00:15.5: setting latency timer to 64
[    1.781647]   alloc irq_desc for 30 on node -1
[    1.781649]   alloc kstat_irqs on node -1
[    1.781698] pcieport 0000:00:15.6: irq 30 for MSI/MSI-X
[    1.781747] pcieport 0000:00:15.6: setting latency timer to 64
[    1.781796]   alloc irq_desc for 31 on node -1
[    1.781798]   alloc kstat_irqs on node -1
[    1.781847] pcieport 0000:00:15.7: irq 31 for MSI/MSI-X
[    1.781896] pcieport 0000:00:15.7: setting latency timer to 64
[    1.781945]   alloc irq_desc for 32 on node -1
[    1.781947]   alloc kstat_irqs on node -1
[    1.781996] pcieport 0000:00:16.0: irq 32 for MSI/MSI-X
[    1.782045] pcieport 0000:00:16.0: setting latency timer to 64
[    1.782094]   alloc irq_desc for 33 on node -1
[    1.782096]   alloc kstat_irqs on node -1
[    1.782145] pcieport 0000:00:16.1: irq 33 for MSI/MSI-X
[    1.782194] pcieport 0000:00:16.1: setting latency timer to 64
[    1.782243]   alloc irq_desc for 34 on node -1
[    1.782245]   alloc kstat_irqs on node -1
[    1.782294] pcieport 0000:00:16.2: irq 34 for MSI/MSI-X
[    1.782343] pcieport 0000:00:16.2: setting latency timer to 64
[    1.782392]   alloc irq_desc for 35 on node -1
[    1.782394]   alloc kstat_irqs on node -1
[    1.782443] pcieport 0000:00:16.3: irq 35 for MSI/MSI-X
[    1.782492] pcieport 0000:00:16.3: setting latency timer to 64
[    1.782541]   alloc irq_desc for 36 on node -1
[    1.782543]   alloc kstat_irqs on node -1
[    1.782592] pcieport 0000:00:16.4: irq 36 for MSI/MSI-X
[    1.782641] pcieport 0000:00:16.4: setting latency timer to 64
[    1.782690]   alloc irq_desc for 37 on node -1
[    1.782692]   alloc kstat_irqs on node -1
[    1.782741] pcieport 0000:00:16.5: irq 37 for MSI/MSI-X
[    1.782790] pcieport 0000:00:16.5: setting latency timer to 64
[    1.782840]   alloc irq_desc for 38 on node -1
[    1.782841]   alloc kstat_irqs on node -1
[    1.782890] pcieport 0000:00:16.6: irq 38 for MSI/MSI-X
[    1.782939] pcieport 0000:00:16.6: setting latency timer to 64
[    1.784056]   alloc irq_desc for 39 on node -1
[    1.784058]   alloc kstat_irqs on node -1
[    1.784107] pcieport 0000:00:16.7: irq 39 for MSI/MSI-X
[    1.784156] pcieport 0000:00:16.7: setting latency timer to 64
[    1.784205]   alloc irq_desc for 40 on node -1
[    1.784207]   alloc kstat_irqs on node -1
[    1.784256] pcieport 0000:00:17.0: irq 40 for MSI/MSI-X
[    1.784305] pcieport 0000:00:17.0: setting latency timer to 64
[    1.784354]   alloc irq_desc for 41 on node -1
[    1.784356]   alloc kstat_irqs on node -1
[    1.784405] pcieport 0000:00:17.1: irq 41 for MSI/MSI-X
[    1.784454] pcieport 0000:00:17.1: setting latency timer to 64
[    1.784503]   alloc irq_desc for 42 on node -1
[    1.784505]   alloc kstat_irqs on node -1
[    1.784554] pcieport 0000:00:17.2: irq 42 for MSI/MSI-X
[    1.784603] pcieport 0000:00:17.2: setting latency timer to 64
[    1.784652]   alloc irq_desc for 43 on node -1
[    1.784654]   alloc kstat_irqs on node -1
[    1.784703] pcieport 0000:00:17.3: irq 43 for MSI/MSI-X
[    1.784753] pcieport 0000:00:17.3: setting latency timer to 64
[    1.784802]   alloc irq_desc for 44 on node -1
[    1.784804]   alloc kstat_irqs on node -1
[    1.784853] pcieport 0000:00:17.4: irq 44 for MSI/MSI-X
[    1.784902] pcieport 0000:00:17.4: setting latency timer to 64
[    1.784951]   alloc irq_desc for 45 on node -1
[    1.784953]   alloc kstat_irqs on node -1
[    1.785002] pcieport 0000:00:17.5: irq 45 for MSI/MSI-X
[    1.785051] pcieport 0000:00:17.5: setting latency timer to 64
[    1.785100]   alloc irq_desc for 46 on node -1
[    1.785102]   alloc kstat_irqs on node -1
[    1.785151] pcieport 0000:00:17.6: irq 46 for MSI/MSI-X
[    1.785200] pcieport 0000:00:17.6: setting latency timer to 64
[    1.785249]   alloc irq_desc for 47 on node -1
[    1.785251]   alloc kstat_irqs on node -1
[    1.785300] pcieport 0000:00:17.7: irq 47 for MSI/MSI-X
[    1.785349] pcieport 0000:00:17.7: setting latency timer to 64
[    1.785398]   alloc irq_desc for 48 on node -1
[    1.785400]   alloc kstat_irqs on node -1
[    1.785449] pcieport 0000:00:18.0: irq 48 for MSI/MSI-X
[    1.785498] pcieport 0000:00:18.0: setting latency timer to 64
[    1.785547]   alloc irq_desc for 49 on node -1
[    1.785549]   alloc kstat_irqs on node -1
[    1.785598] pcieport 0000:00:18.1: irq 49 for MSI/MSI-X
[    1.785647] pcieport 0000:00:18.1: setting latency timer to 64
[    1.785696]   alloc irq_desc for 50 on node -1
[    1.785698]   alloc kstat_irqs on node -1
[    1.785747] pcieport 0000:00:18.2: irq 50 for MSI/MSI-X
[    1.785796] pcieport 0000:00:18.2: setting latency timer to 64
[    1.785845]   alloc irq_desc for 51 on node -1
[    1.785847]   alloc kstat_irqs on node -1
[    1.785896] pcieport 0000:00:18.3: irq 51 for MSI/MSI-X
[    1.785945] pcieport 0000:00:18.3: setting latency timer to 64
[    1.785994]   alloc irq_desc for 52 on node -1
[    1.785996]   alloc kstat_irqs on node -1
[    1.786045] pcieport 0000:00:18.4: irq 52 for MSI/MSI-X
[    1.786094] pcieport 0000:00:18.4: setting latency timer to 64
[    1.786143]   alloc irq_desc for 53 on node -1
[    1.786145]   alloc kstat_irqs on node -1
[    1.786194] pcieport 0000:00:18.5: irq 53 for MSI/MSI-X
[    1.786243] pcieport 0000:00:18.5: setting latency timer to 64
[    1.786292]   alloc irq_desc for 54 on node -1
[    1.786294]   alloc kstat_irqs on node -1
[    1.786343] pcieport 0000:00:18.6: irq 54 for MSI/MSI-X
[    1.786392] pcieport 0000:00:18.6: setting latency timer to 64
[    1.786442]   alloc irq_desc for 55 on node -1
[    1.786443]   alloc kstat_irqs on node -1
[    1.786493] pcieport 0000:00:18.7: irq 55 for MSI/MSI-X
[    1.786542] pcieport 0000:00:18.7: setting latency timer to 64
[    1.786591] pci_hotplug: PCI Hot Plug PCI Core version: 0.5
[    1.788067] pciehp 0000:00:15.0:pcie04: HPC vendor_id 15ad device_id 7a0 ss_vid 0 ss_did 0
[    1.788116] pciehp 0000:00:15.0:pcie04: service driver pciehp loaded
[    1.788165] pciehp 0000:00:15.1:pcie04: HPC vendor_id 15ad device_id 7a0 ss_vid 0 ss_did 0
[    1.788214] pciehp 0000:00:15.1:pcie04: service driver pciehp loaded
[    1.788263] pciehp 0000:00:15.2:pcie04: HPC vendor_id 15ad device_id 7a0 ss_vid 0 ss_did 0
[    1.788312] pciehp 0000:00:15.2:pcie04: service driver pciehp loaded
[    1.788362] pciehp 0000:00:15.3:pcie04: HPC vendor_id 15ad device_id 7a0 ss_vid 0 ss_did 0
[    1.788411] pciehp 0000:00:15.3:pcie04: service driver pciehp loaded
[    1.788460] pciehp 0000:00:15.4:pcie04: HPC vendor_id 15ad device_id 7a0 ss_vid 0 ss_did 0
[    1.788509] pciehp 0000:00:15.4:pcie04: service driver pciehp loaded
[    1.788558] pciehp 0000:00:15.5:pcie04: HPC vendor_id 15ad device_id 7a0 ss_vid 0 ss_did 0
[    1.788607] pciehp 0000:00:15.5:pcie04: service driver pciehp loaded
[    1.788656] pciehp 0000:00:15.6:pcie04: HPC vendor_id 15ad device_id 7a0 ss_vid 0 ss_did 0
[    1.788705] pciehp 0000:00:15.6:pcie04: service driver pciehp loaded
[    1.788754] pciehp 0000:00:15.7:pcie04: HPC vendor_id 15ad device_id 7a0 ss_vid 0 ss_did 0
[    1.788803] pciehp 0000:00:15.7:pcie04: service driver pciehp loaded
[    1.788852] pciehp 0000:00:16.0:pcie04: HPC vendor_id 15ad device_id 7a0 ss_vid 0 ss_did 0
[    1.788901] pciehp 0000:00:16.0:pcie04: service driver pciehp loaded
[    1.788950] pciehp 0000:00:16.1:pcie04: HPC vendor_id 15ad device_id 7a0 ss_vid 0 ss_did 0
[    1.788999] pciehp 0000:00:16.1:pcie04: service driver pciehp loaded
[    1.789048] pciehp 0000:00:16.2:pcie04: HPC vendor_id 15ad device_id 7a0 ss_vid 0 ss_did 0
[    1.789098] pciehp 0000:00:16.2:pcie04: service driver pciehp loaded
[    1.789147] pciehp 0000:00:16.3:pcie04: HPC vendor_id 15ad device_id 7a0 ss_vid 0 ss_did 0
[    1.789196] pciehp 0000:00:16.3:pcie04: service driver pciehp loaded
[    1.789245] pciehp 0000:00:16.4:pcie04: HPC vendor_id 15ad device_id 7a0 ss_vid 0 ss_did 0
[    1.789294] pciehp 0000:00:16.4:pcie04: service driver pciehp loaded
[    1.789343] pciehp 0000:00:16.5:pcie04: HPC vendor_id 15ad device_id 7a0 ss_vid 0 ss_did 0
[    1.789392] pciehp 0000:00:16.5:pcie04: service driver pciehp loaded
[    1.789441] pciehp 0000:00:16.6:pcie04: HPC vendor_id 15ad device_id 7a0 ss_vid 0 ss_did 0
[    1.789490] pciehp 0000:00:16.6:pcie04: service driver pciehp loaded
[    1.789539] pciehp 0000:00:16.7:pcie04: HPC vendor_id 15ad device_id 7a0 ss_vid 0 ss_did 0
[    1.789588] pciehp 0000:00:16.7:pcie04: service driver pciehp loaded
[    1.789637] pciehp 0000:00:17.0:pcie04: HPC vendor_id 15ad device_id 7a0 ss_vid 0 ss_did 0
[    1.789686] pciehp 0000:00:17.0:pcie04: service driver pciehp loaded
[    1.789735] pciehp 0000:00:17.1:pcie04: HPC vendor_id 15ad device_id 7a0 ss_vid 0 ss_did 0
[    1.789784] pciehp 0000:00:17.1:pcie04: service driver pciehp loaded
[    1.789833] pciehp 0000:00:17.2:pcie04: HPC vendor_id 15ad device_id 7a0 ss_vid 0 ss_did 0
[    1.789883] pciehp 0000:00:17.2:pcie04: service driver pciehp loaded
[    1.789932] pciehp 0000:00:17.3:pcie04: HPC vendor_id 15ad device_id 7a0 ss_vid 0 ss_did 0
[    1.789981] pciehp 0000:00:17.3:pcie04: service driver pciehp loaded
[    1.790030] pciehp 0000:00:17.4:pcie04: HPC vendor_id 15ad device_id 7a0 ss_vid 0 ss_did 0
[    1.790079] pciehp 0000:00:17.4:pcie04: service driver pciehp loaded
[    1.790128] pciehp 0000:00:17.5:pcie04: HPC vendor_id 15ad device_id 7a0 ss_vid 0 ss_did 0
[    1.790177] pciehp 0000:00:17.5:pcie04: service driver pciehp loaded
[    1.790226] pciehp 0000:00:17.6:pcie04: HPC vendor_id 15ad device_id 7a0 ss_vid 0 ss_did 0
[    1.790275] pciehp 0000:00:17.6:pcie04: service driver pciehp loaded
[    1.790324] pciehp 0000:00:17.7:pcie04: HPC vendor_id 15ad device_id 7a0 ss_vid 0 ss_did 0
[    1.790373] pciehp 0000:00:17.7:pcie04: service driver pciehp loaded
[    1.790422] pciehp 0000:00:18.0:pcie04: HPC vendor_id 15ad device_id 7a0 ss_vid 0 ss_did 0
[    1.790471] pciehp 0000:00:18.0:pcie04: service driver pciehp loaded
[    1.790520] pciehp 0000:00:18.1:pcie04: HPC vendor_id 15ad device_id 7a0 ss_vid 0 ss_did 0
[    1.790569] pciehp 0000:00:18.1:pcie04: service driver pciehp loaded
[    1.790618] pciehp 0000:00:18.2:pcie04: HPC vendor_id 15ad device_id 7a0 ss_vid 0 ss_did 0
[    1.790668] pciehp 0000:00:18.2:pcie04: service driver pciehp loaded
[    1.790717] pciehp 0000:00:18.3:pcie04: HPC vendor_id 15ad device_id 7a0 ss_vid 0 ss_did 0
[    1.790766] pciehp 0000:00:18.3:pcie04: service driver pciehp loaded
[    1.790815] pciehp 0000:00:18.4:pcie04: HPC vendor_id 15ad device_id 7a0 ss_vid 0 ss_did 0
[    1.790864] pciehp 0000:00:18.4:pcie04: service driver pciehp loaded
[    1.790913] pciehp 0000:00:18.5:pcie04: HPC vendor_id 15ad device_id 7a0 ss_vid 0 ss_did 0
[    1.790962] pciehp 0000:00:18.5:pcie04: service driver pciehp loaded
[    1.791011] pciehp 0000:00:18.6:pcie04: HPC vendor_id 15ad device_id 7a0 ss_vid 0 ss_did 0
[    1.791060] pciehp 0000:00:18.6:pcie04: service driver pciehp loaded
[    1.791109] pciehp 0000:00:18.7:pcie04: HPC vendor_id 15ad device_id 7a0 ss_vid 0 ss_did 0
[    1.791158] pciehp 0000:00:18.7:pcie04: service driver pciehp loaded
[    1.791165] pciehp: PCI Express Hot Plug Controller Driver version: 0.4
[    1.791218] ACPI: AC Adapter [ACAD] (on-line)
[    1.791279] input: Power Button as /devices/LNXSYSTM:00/LNXPWRBN:00/input/input0
[    1.791282] ACPI: Power Button [PWRF]
[    1.791331] processor LNXCPU:00: registered as cooling_device0
[    1.831959] isapnp: Scanning for PnP cards...
[    2.185661] isapnp: No Plug & Play device found
[    2.185691] random 0000 0000 0000 5f8db4e5 4cfdf2a8: initializing
[    2.185811] Linux agpgart interface v0.103
[    2.185852] agpgart-intel 0000:00:00.0: Intel 440BX Chipset
[    2.185901] agpgart-intel 0000:00:00.0: AGP aperture is 256M @ 0x0
[    2.185932] Serial: 8250/16550 driver, 32 ports, IRQ sharing enabled
[    2.185981] serial8250: ttyS0 at I/O 0x3f8 (irq = 4) is a 16550A
[    2.186030] serial8250: ttyS1 at I/O 0x2f8 (irq = 3) is a 16550A
[    2.186079] 00:0a: ttyS0 at I/O 0x3f8 (irq = 4) is a 16550A
[    2.186128] 00:0b: ttyS1 at I/O 0x2f8 (irq = 3) is a 16550A
[    2.186177] brd: module loaded
[    2.186226] loop: module loaded
[    2.186275] ata_piix 0000:00:07.1: version 2.13
[    2.186361] scsi0 : ata_piix
[    2.186409] scsi1 : ata_piix
[    2.186429] ata1: PATA max UDMA/33 cmd 0x1f0 ctl 0x3f6 bmdma 0x10c0 irq 14
[    2.186431] ata2: PATA max UDMA/33 cmd 0x170 ctl 0x376 bmdma 0x10c8 irq 15
[    2.186479] PPP generic driver version 2.4.2
[    2.186498] tun: Universal TUN/TAP device driver, 1.6
[    2.186500] tun: (C) 1999-2004 Max Krasnyansky <maxk@qualcomm.com>
[    2.186549] ehci_hcd: USB 2.0 'Enhanced' Host Controller (EHCI) Driver
[    2.186598] ACPI: PCI Interrupt Link [LNKB] enabled at IRQ 11
[    2.186600] PCI: setting IRQ 11 as level-triggered
[    2.186608] ehci_hcd 0000:02:03.0: PCI INT A -> Link[LNKB] -> GSI 11 (level, low) -> IRQ 11
[    2.186649] ehci_hcd 0000:02:03.0: EHCI Host Controller
[    2.186671] ehci_hcd 0000:02:03.0: new USB bus registered, assigned bus number 1
[    2.186720] ehci_hcd 0000:02:03.0: cache line size of 32 is not supported
[    2.186727] ehci_hcd 0000:02:03.0: irq 11, io mem 0xc9000000
[    2.187026] random 0000 0000 0000 00000000 00000000: rand_read_num 3 get_random_bytes(8): sig 00000000 00000000 00000000
[    2.187028] random 0000 0000 0000 00000000 00000000: extract_entropy(.. 8 ..)
[    2.187031] random 0000 0000 0000 00000000 00000000: going to reseed nonblocking with 64 bits (64 of 0 requested)
[    2.187033] random 0000 0000 0000 00000000 00000000: extract_entropy(.. 8 ..)
[    2.187035] random 0000 0000 0000 00000000 00000000: trying to extract 64 bits from input
[    2.187037] random 0000 0000 0000 00000000 00000000: debiting 0 entropy credits from input
[    2.187039] random 0000 0000 0000 00000000 00000000: extract_entropy account returned: 0 
[    2.187042] random 0000 0000 0000 00000000 00000000: urand_change_num 5 xfer_secondary_pool(8): pool_sig 00000000, data_sig 00000000, bytes_mixed 0 00000000 00000000
[    2.187045] random 0000 0000 0000 00000000 00000000: trying to extract 64 bits from nonblocking
[    2.187047] random 0000 0000 0000 00000000 00000000: debiting 64 entropy credits from nonblocking (unlimited)
[    2.187049] random 0000 0000 0000 00000000 00000000: extract_entropy account returned: 8 
[    2.187053] random 0000 0000 0000 00000000 00000000: urand_change_num 6 extract_buf: pool_sig 00000000, data_sig fffffff9, bytes_mixed 20 00000000 00000000
[    2.195419] ehci_hcd 0000:02:03.0: USB 2.0 started, EHCI 1.00
[    2.195468] usb usb1: configuration #1 chosen from 1 choice
[    2.195486] hub 1-0:1.0: USB hub found
[    2.195491] hub 1-0:1.0: 6 ports detected
[    2.195526] ohci_hcd: USB 1.1 'Open' Host Controller (OHCI) Driver
[    2.195537] uhci_hcd: USB Universal Host Controller Interface driver
[    2.195586] ACPI: PCI Interrupt Link [LNKC] enabled at IRQ 10
[    2.195589] PCI: setting IRQ 10 as level-triggered
[    2.195593] uhci_hcd 0000:02:00.0: PCI INT A -> Link[LNKC] -> GSI 10 (level, low) -> IRQ 10
[    2.195628] uhci_hcd 0000:02:00.0: UHCI Host Controller
[    2.195656] uhci_hcd 0000:02:00.0: new USB bus registered, assigned bus number 2
[    2.195758] uhci_hcd 0000:02:00.0: irq 10, io base 0x000020c0
[    2.195807] usb usb2: configuration #1 chosen from 1 choice
[    2.195822] hub 2-0:1.0: USB hub found
[    2.195826] hub 2-0:1.0: 2 ports detected
[    2.195875] usbcore: registered new interface driver libusual
[    2.195902] PNP: PS/2 Controller [PNP0303:KBC,PNP0f13:MOUS] at 0x60,0x64 irq 1,12
[    2.196227] serio: i8042 KBD port at 0x60,0x64 irq 1
[    2.196234] serio: i8042 AUX port at 0x60,0x64 irq 12
[    2.196268] mice: PS/2 mouse device common for all mice
[    2.196317] rtc_cmos 00:04: rtc core: registered rtc_cmos as rtc0
[    2.196332] rtc0: alarms up to one month, y3k, 114 bytes nvram, hpet irqs
[    2.196382] device-mapper: uevent: version 1.0.3
[    2.196495] device-mapper: ioctl: 4.15.0-ioctl (2009-04-01) initialised: dm-devel@redhat.com
[    2.196511] EISA: Probing bus 0 at eisa.0
[    2.196518] Cannot allocate resource for EISA slot 1
[    2.196520] Cannot allocate resource for EISA slot 2
[    2.196522] Cannot allocate resource for EISA slot 3
[    2.196523] Cannot allocate resource for EISA slot 4
[    2.196525] Cannot allocate resource for EISA slot 5
[    2.196527] Cannot allocate resource for EISA slot 6
[    2.196529] Cannot allocate resource for EISA slot 7
[    2.196531] Cannot allocate resource for EISA slot 8
[    2.196532] EISA: Detected 0 cards.
[    2.196611] cpuidle: using governor ladder
[    2.196613] cpuidle: using governor menu
[    2.196662] random 0000 0000 0000 00000000 00000000: rand_read_num 4 get_random_bytes(136): sig 0000021d 00000000 00000000
[    2.196688] random 0000 0000 0000 00000000 00000000: extract_entropy(.. 136 ..)
[    2.196690] random 0000 0000 0000 00000000 00000000: going to reseed nonblocking with 1024 bits (1088 of 0 requested)
[    2.196692] random 0000 0000 0000 00000000 00000000: extract_entropy(.. 128 ..)
[    2.196695] random 0000 0000 0000 00000000 00000000: trying to extract 1024 bits from input
[    2.196697] random 0000 0000 0000 00000000 00000000: debiting 0 entropy credits from input
[    2.196699] random 0000 0000 0000 00000000 00000000: extract_entropy account returned: 0 
[    2.196702] random 0000 0000 0000 00000000 00000000: urand_change_num 7 xfer_secondary_pool(136): pool_sig 0000021d, data_sig 00000000, bytes_mixed 0 00000000 00000000
[    2.196704] random 0000 0000 0000 00000000 00000000: trying to extract 1088 bits from nonblocking
[    2.196707] random 0000 0000 0000 00000000 00000000: debiting 1088 entropy credits from nonblocking (unlimited)
[    2.196709] random 0000 0000 0000 00000000 00000000: extract_entropy account returned: 136 
[    2.196712] random 0000 0000 0000 00000000 00000000: urand_change_num 8 extract_buf: pool_sig 0000021d, data_sig fffffff7, bytes_mixed 20 00000000 00000000
[    2.196717] random 0000 0000 0000 f961ee50 ba9cb1aa: urand_change_num 9 extract_buf: pool_sig 00000230, data_sig fffffeb4, bytes_mixed 20 f961ee50 ba9cb1aa
[    2.196721] random 0000 0000 0000 9748bdd6 56fb8af6: urand_change_num 10 extract_buf: pool_sig 00000373, data_sig 000000cf, bytes_mixed 20 9748bdd6 56fb8af6
[    2.196725] random 0000 0000 0000 9748bdd6 56fb8af6: urand_change_num 11 extract_buf: pool_sig fffffe49, data_sig 0000023f, bytes_mixed 20 9748bdd6 56fb8af6
[    2.196729] random 0000 0000 0000 a135be86 4777650e: urand_change_num 12 extract_buf: pool_sig fffffcce, data_sig 000000c6, bytes_mixed 20 a135be86 4777650e
[    2.196734] random 0000 0000 0000 4a6ea85d 170e00dd: urand_change_num 13 extract_buf: pool_sig ffffff97, data_sig ffffff7d, bytes_mixed 20 4a6ea85d 170e00dd
[    2.196738] random 0000 0000 0000 4a6ea85d 170e00dd: urand_change_num 14 extract_buf: pool_sig 00000160, data_sig fffffeea, bytes_mixed 20 4a6ea85d 170e00dd
[    2.196742] random 0000 0000 0000 6e87c3cb da668c73: urand_change_num 15 extract_buf: pool_sig 0000034f, data_sig ffffff54, bytes_mixed 20 6e87c3cb da668c73
[    2.196746] random 0000 0000 0000 6e87c3cb da668c73: urand_change_num 16 extract_buf: pool_sig fffffdc5, data_sig 00000205, bytes_mixed 20 6e87c3cb da668c73
[    2.196750] random 0000 0000 0000 39f531e6 461eb249: urand_change_num 17 extract_buf: pool_sig fffffc1d, data_sig ffffff5e, bytes_mixed 20 39f531e6 461eb249
[    2.196754] random 0000 0000 0000 7e1538a2 3e661182: urand_change_num 18 extract_buf: pool_sig 000006ef, data_sig ffffff2e, bytes_mixed 20 7e1538a2 3e661182
[    2.196759] random 0000 0000 0000 7e1538a2 3e661182: urand_change_num 19 extract_buf: pool_sig 00000317, data_sig fffffccb, bytes_mixed 20 7e1538a2 3e661182
[    2.196763] random 0000 0000 0000 76af506b 9b57305e: urand_change_num 20 extract_buf: pool_sig 00000227, data_sig ffffffd2, bytes_mixed 20 76af506b 9b57305e
[    2.196767] random 0000 0000 0000 37d49d89 e20417cc: urand_change_num 21 extract_buf: pool_sig 0000080b, data_sig 000001e9, bytes_mixed 20 37d49d89 e20417cc
[    2.196771] TCP cubic registered
[    2.196820] NET: Registered protocol family 10
[    2.196856] RANDOM - __random32 called. Change num 12.  Value: 8f3eba68	c1db9b96	544fe79f
[    2.196859] RANDOM - random32 called.  Value: 8f3eba68	c1db9b96	544fe79f
[    2.196871] random 0000 0000 0000 37d49d89 e20417cc: rand_read_num 5 get_random_bytes(4): sig 00000298 37d49d89 e20417cc
[    2.196874] random 0000 0000 0000 37d49d89 e20417cc: extract_entropy(.. 4 ..)
[    2.196877] random 0000 0000 0000 37d49d89 e20417cc: going to reseed nonblocking with 64 bits (32 of 0 requested)
[    2.196880] random 0000 0000 0000 37d49d89 e20417cc: extract_entropy(.. 8 ..)
[    2.196883] random 0000 0000 0000 37d49d89 e20417cc: trying to extract 64 bits from input
[    2.196886] random 0000 0000 0000 37d49d89 e20417cc: debiting 0 entropy credits from input
[    2.196888] random 0000 0000 0000 37d49d89 e20417cc: extract_entropy account returned: 0 
[    2.196891] random 0000 0000 0000 37d49d89 e20417cc: urand_change_num 22 xfer_secondary_pool(4): pool_sig 00000298, data_sig 00000000, bytes_mixed 0 37d49d89 e20417cc
[    2.196903] random 0000 0000 0000 37d49d89 e20417cc: trying to extract 32 bits from nonblocking
[    2.196906] random 0000 0000 0000 37d49d89 e20417cc: debiting 32 entropy credits from nonblocking (unlimited)
[    2.196908] random 0000 0000 0000 37d49d89 e20417cc: extract_entropy account returned: 4 
[    2.196912] random 0000 0000 0000 37d49d89 e20417cc: urand_change_num 23 extract_buf: pool_sig 00000298, data_sig 00000092, bytes_mixed 20 37d49d89 e20417cc
[    2.196961] RANDOM - __random32 called. Change num 13.  Value: eba68b0e	1db9b963	cf3ec61b
[    2.196963] RANDOM - random32 called.  Value: eba68b0e	1db9b963	cf3ec61b
[    2.197012] NET: Registered protocol family 17
[    2.197034] Using IPI No-Shortcut mode
[    2.197040] random 0000 0000 0000 2ee4c4fc 167bdb15: rand_read_num 6 get_random_bytes(8): sig fffffcbf 2ee4c4fc 167bdb15
[    2.197042] random 0000 0000 0000 2ee4c4fc 167bdb15: extract_entropy(.. 8 ..)
[    2.197044] random 0000 0000 0000 2ee4c4fc 167bdb15: going to reseed nonblocking with 64 bits (64 of 0 requested)
[    2.197046] random 0000 0000 0000 2ee4c4fc 167bdb15: extract_entropy(.. 8 ..)
[    2.197048] random 0000 0000 0000 2ee4c4fc 167bdb15: trying to extract 64 bits from input
[    2.197050] random 0000 0000 0000 2ee4c4fc 167bdb15: debiting 0 entropy credits from input
[    2.197052] random 0000 0000 0000 2ee4c4fc 167bdb15: extract_entropy account returned: 0 
[    2.197055] random 0000 0000 0000 2ee4c4fc 167bdb15: urand_change_num 24 xfer_secondary_pool(8): pool_sig fffffcbf, data_sig 00000000, bytes_mixed 0 2ee4c4fc 167bdb15
[    2.197058] random 0000 0000 0000 2ee4c4fc 167bdb15: trying to extract 64 bits from nonblocking
[    2.197060] random 0000 0000 0000 2ee4c4fc 167bdb15: debiting 64 entropy credits from nonblocking (unlimited)
[    2.197062] random 0000 0000 0000 2ee4c4fc 167bdb15: extract_entropy account returned: 8 
[    2.197065] random 0000 0000 0000 2ee4c4fc 167bdb15: urand_change_num 25 extract_buf: pool_sig fffffcbf, data_sig ffffff83, bytes_mixed 20 2ee4c4fc 167bdb15
[    2.197105] PM: Resume from disk failed.
[    2.197113] registered taskstats version 1
[    2.197115] random 0000 0000 0000 2ee4c4fc 167bdb15: rand_read_num 7 get_random_bytes(12): sig fffffc69 2ee4c4fc 167bdb15
[    2.197118] random 0000 0000 0000 2ee4c4fc 167bdb15: extract_entropy(.. 12 ..)
[    2.197120] random 0000 0000 0000 2ee4c4fc 167bdb15: going to reseed nonblocking with 96 bits (96 of 0 requested)
[    2.197122] random 0000 0000 0000 2ee4c4fc 167bdb15: extract_entropy(.. 12 ..)
[    2.197124] random 0000 0000 0000 2ee4c4fc 167bdb15: trying to extract 96 bits from input
[    2.197126] random 0000 0000 0000 2ee4c4fc 167bdb15: debiting 0 entropy credits from input
[    2.197128] random 0000 0000 0000 2ee4c4fc 167bdb15: extract_entropy account returned: 0 
[    2.197131] random 0000 0000 0000 2ee4c4fc 167bdb15: urand_change_num 26 xfer_secondary_pool(12): pool_sig fffffc69, data_sig 00000000, bytes_mixed 0 2ee4c4fc 167bdb15
[    2.197133] random 0000 0000 0000 2ee4c4fc 167bdb15: trying to extract 96 bits from nonblocking
[    2.197135] random 0000 0000 0000 2ee4c4fc 167bdb15: debiting 96 entropy credits from nonblocking (unlimited)
[    2.197137] random 0000 0000 0000 2ee4c4fc 167bdb15: extract_entropy account returned: 12 
[    2.197141] random 0000 0000 0000 2ee4c4fc 167bdb15: urand_change_num 27 extract_buf: pool_sig fffffc69, data_sig ffffff7d, bytes_mixed 20 2ee4c4fc 167bdb15
[    2.197145] random 0000 0000 0000 83b7c1ab 94697f48: urand_change_num 28 extract_buf: pool_sig fffffe30, data_sig fffffdd6, bytes_mixed 20 83b7c1ab 94697f48
[    2.197147] RANDOM - __seed init called.
[    2.197149] RANDOM - __seed init called.
[    2.197150] RANDOM - __seed init called.
[    2.197151] RANDOM - __random32 called. Change num 14.  Value: fc007995	feca4f80	21b38ad2
[    2.197153] RANDOM - random32_reseed called.  Value: fc007995	feca4f80	21b38ad2
[    2.197156] Pid: 1, comm: swapper Not tainted 2.6.32.57 #4
[    2.197157] Call Trace:
[    2.197184]  [<c14a8a0e>] ? printk+0x1d/0x1f
[    2.197198]  [<c17537e5>] random32_reseed+0x89/0xbd
[    2.197202]  [<c1003042>] do_one_initcall+0x32/0x1a0
[    2.197205]  [<c175375c>] ? random32_reseed+0x0/0xbd
[    2.197208]  [<c17308e7>] kernel_init+0x12d/0x17a
[    2.197211]  [<c17307ba>] ? kernel_init+0x0/0x17a
[    2.197214]  [<c1009b07>] kernel_thread_helper+0x7/0x10
[    2.199816] input: AT Translated Set 2 keyboard as /devices/platform/i8042/serio0/input/input1
[    2.200087] random 0000 0000 0000 6db70b00 b30ce96b: rand_read_num 8 get_random_bytes(64): sig fffffb38 6db70b00 b30ce96b
[    2.200090] random 0000 0000 0000 6db70b00 b30ce96b: extract_entropy(.. 64 ..)
[    2.200093] random 0000 0000 0000 6db70b00 b30ce96b: going to reseed nonblocking with 512 bits (512 of 0 requested)
[    2.200095] random 0000 0000 0000 6db70b00 b30ce96b: extract_entropy(.. 64 ..)
[    2.200097] random 0000 0000 0000 6db70b00 b30ce96b: trying to extract 512 bits from input
[    2.200100] random 0000 0000 0000 6db70b00 b30ce96b: debiting 0 entropy credits from input
[    2.200102] random 0000 0000 0000 6db70b00 b30ce96b: extract_entropy account returned: 0 
[    2.200105] random 0000 0000 0000 6db70b00 b30ce96b: urand_change_num 29 xfer_secondary_pool(64): pool_sig fffffb38, data_sig 00000000, bytes_mixed 0 6db70b00 b30ce96b
[    2.200108] random 0000 0000 0000 6db70b00 b30ce96b: trying to extract 512 bits from nonblocking
[    2.200110] random 0000 0000 0000 6db70b00 b30ce96b: debiting 512 entropy credits from nonblocking (unlimited)
[    2.200112] random 0000 0000 0000 6db70b00 b30ce96b: extract_entropy account returned: 64 
[    2.200116] random 0000 0000 0000 6db70b00 b30ce96b: urand_change_num 30 extract_buf: pool_sig fffffb38, data_sig 00000151, bytes_mixed 20 6db70b00 b30ce96b
[    2.200120] random 0000 0000 0000 6db70b00 b30ce96b: urand_change_num 31 extract_buf: pool_sig fffffdb8, data_sig 00000379, bytes_mixed 20 6db70b00 b30ce96b
[    2.200125] random 0000 0000 0000 6b83001e d4b6c0d3: urand_change_num 32 extract_buf: pool_sig ffffffc9, data_sig 00000198, bytes_mixed 20 6b83001e d4b6c0d3
[    2.200129] random 0000 0000 0000 79d3e3c7 be564518: urand_change_num 33 extract_buf: pool_sig 000002b9, data_sig ffffff84, bytes_mixed 20 79d3e3c7 be564518
[    2.200134] random 0000 0000 0000 79d3e3c7 be564518: urand_change_num 34 extract_buf: pool_sig ffffff55, data_sig ffffff5a, bytes_mixed 20 79d3e3c7 be564518
[    2.200138] random 0000 0000 0000 89c03cb2 0d353228: urand_change_num 35 extract_buf: pool_sig 00000007, data_sig ffffff17, bytes_mixed 20 89c03cb2 0d353228
[    2.200143] random 0000 0000 0000 89c03cb2 0d353228: urand_change_num 36 extract_buf: pool_sig fffffdae, data_sig 000000db, bytes_mixed 20 89c03cb2 0d353228  Magic number: 13:509:353
[    2.200238] rtc_cmos 00:04: setting system clock to 2013-05-24 23:18:26 UTC (1369437506)
[    2.200241] BIOS EDD facility v0.16 2004-Jun-25, 0 devices found
[    2.200242] EDD information not available.
[    2.200267] random 0000 0000 0000 8ca62387 b120332c: rand_read_num 9 get_random_bytes(64): sig fffffed6 8ca62387 b120332c
[    2.200270] random 0000 0000 0000 8ca62387 b120332c: extract_entropy(.. 64 ..)
[    2.200272] random 0000 0000 0000 8ca62387 b120332c: going to reseed nonblocking with 512 bits (512 of 0 requested)
[    2.200274] random 0000 0000 0000 8ca62387 b120332c: extract_entropy(.. 64 ..)
[    2.200276] random 0000 0000 0000 8ca62387 b120332c: trying to extract 512 bits from input
[    2.200279] random 0000 0000 0000 8ca62387 b120332c: debiting 0 entropy credits from input
[    2.200281] random 0000 0000 0000 8ca62387 b120332c: extract_entropy account returned: 0 
[    2.200284] random 0000 0000 0000 8ca62387 b120332c: urand_change_num 37 xfer_secondary_pool(64): pool_sig fffffed6, data_sig 00000000, bytes_mixed 0 8ca62387 b120332c
[    2.200286] random 0000 0000 0000 8ca62387 b120332c: trying to extract 512 bits from nonblocking
[    2.200289] random 0000 0000 0000 8ca62387 b120332c: debiting 512 entropy credits from nonblocking (unlimited)
[    2.200291] random 0000 0000 0000 8ca62387 b120332c: extract_entropy account returned: 64 
[    2.200294] random 0000 0000 0000 8ca62387 b120332c: urand_change_num 38 extract_buf: pool_sig fffffed6, data_sig fffffeb6, bytes_mixed 20 8ca62387 b120332c
[    2.200299] random 0000 0000 0000 90702413 e2a66c2e: urand_change_num 39 extract_buf: pool_sig fffffbb0, data_sig 0000012e, bytes_mixed 20 90702413 e2a66c2e
[    2.200303] random 0000 0000 0000 90702413 e2a66c2e: urand_change_num 40 extract_buf: pool_sig fffffaf1, data_sig ffffff3c, bytes_mixed 20 90702413 e2a66c2e
[    2.200308] random 0000 0000 0000 3f58038b c77aecb6: urand_change_num 41 extract_buf: pool_sig 00000234, data_sig fffffdec, bytes_mixed 20 3f58038b c77aecb6
[    2.200312] random 0000 0000 0000 47187b9d 03f21510: urand_change_num 42 extract_buf: pool_sig 00000192, data_sig 00000075, bytes_mixed 20 47187b9d 03f21510
[    2.200317] random 0000 0000 0000 47187b9d 03f21510: urand_change_num 43 extract_buf: pool_sig 0000018e, data_sig ffffffbf, bytes_mixed 20 47187b9d 03f21510
[    2.200321] random 0000 0000 0000 3180b1fc 0fa9c973: urand_change_num 44 extract_buf: pool_sig fffffecf, data_sig ffffff2a, bytes_mixed 20 3180b1fc 0fa9c973
[    2.200324] BEGIN NET_SECRET:
[    2.200325] \xffffff87
[    2.200326] \xffffff8d
[    2.200327] \xfffffff4
[    2.200328] \xffffffae
[    2.200330] \xffffffc3
[    2.200331] \xffffffb7
[    2.200332] \x31
[    2.200333] \x65
[    2.200334] \xffffffda
[    2.200336] \xffffffa2
[    2.200337] \x31
[    2.200338] \xffffffc8
[    2.200339] \xffffffa9
[    2.200340] \x76
[    2.200341] \x76
[    2.200342] \xffffff90
[    2.200344] \x55
[    2.200345] \xfffffff3
[    2.200346] \xffffffb1
[    2.200347] \x3
[    2.200348] \xffffffb3
[    2.200349] \xffffffa7
[    2.200351] \x5a
[    2.200352] \x71
[    2.200353] \x70
[    2.200354] \xffffff8c
[    2.200355] \x56
[    2.200356] \x25
[    2.200357] \xffffffe1
[    2.200359] \x4c
[    2.200360] \xffffffe6
[    2.200361] \xffffff95
[    2.200362] \x67
[    2.200363] \x4c
[    2.200364] \xffffffb9
[    2.200365] \x1d
[    2.200367] \xe
[    2.200368] \x34
[    2.200369] \xffffffbe
[    2.200370] \x12
[    2.200371] \x5
[    2.200372] \xffffff98
[    2.200373] \xffffffa0
[    2.200375] \xf
[    2.200376] \xffffffb2
[    2.200377] \xffffffde
[    2.200378] \xffffff99
[    2.200379] \xf
[    2.200380] \xffffffe8
[    2.200382] \xffffffc8
[    2.200383] \x1f
[    2.200384] \x54
[    2.200385] \x2c
[    2.200386] \xffffffee
[    2.200387] \x2e
[    2.200388] \x0
[    2.200390] \xffffff95
[    2.200391] \x0
[    2.200392] \xffffffe3
[    2.200393] \xffffffa7
[    2.200394] \xfffffffd
[    2.200395] \x66
[    2.200396] \xffffff92
[    2.200398] \xfffffff0
[    2.200399] 
[    2.200400] END NET_SECRET
[    2.200402] random 0000 0000 0000 3180b1fc 0fa9c973: rand_read_num 10 get_random_bytes(4): sig ffffff46 3180b1fc 0fa9c973
[    2.200405] random 0000 0000 0000 3180b1fc 0fa9c973: extract_entropy(.. 4 ..)
[    2.200407] random 0000 0000 0000 3180b1fc 0fa9c973: going to reseed nonblocking with 64 bits (32 of 0 requested)
[    2.200409] random 0000 0000 0000 3180b1fc 0fa9c973: extract_entropy(.. 8 ..)
[    2.200412] random 0000 0000 0000 3180b1fc 0fa9c973: trying to extract 64 bits from input
[    2.200414] random 0000 0000 0000 3180b1fc 0fa9c973: debiting 0 entropy credits from input
[    2.200416] random 0000 0000 0000 3180b1fc 0fa9c973: extract_entropy account returned: 0 
[    2.200419] random 0000 0000 0000 3180b1fc 0fa9c973: urand_change_num 45 xfer_secondary_pool(4): pool_sig ffffff46, data_sig 00000000, bytes_mixed 0 3180b1fc 0fa9c973
[    2.200421] random 0000 0000 0000 3180b1fc 0fa9c973: trying to extract 32 bits from nonblocking
[    2.200424] random 0000 0000 0000 3180b1fc 0fa9c973: debiting 32 entropy credits from nonblocking (unlimited)
[    2.200426] random 0000 0000 0000 3180b1fc 0fa9c973: extract_entropy account returned: 4 
[    2.200429] random 0000 0000 0000 3180b1fc 0fa9c973: urand_change_num 46 extract_buf: pool_sig ffffff46, data_sig 0000001b, bytes_mixed 20 3180b1fc 0fa9c973
[    2.376040] ata2.00: ATAPI: VMware Virtual IDE CDROM Drive, 00000001, max UDMA/33
[    2.376318] ata2.00: configured for UDMA/33
[    2.376692] scsi 1:0:0:0: CD-ROM            NECVMWar VMware IDE CDR10 1.00 PQ: 0 ANSI: 5
[    2.377889] sr0: scsi3-mmc drive: 306x/306x cd/rw xa/form2 cdda tray
[    2.377892] Uniform CD-ROM driver Revision: 3.20
[    2.377941] sr 1:0:0:0: Attached scsi CD-ROM sr0
[    2.377977] sr 1:0:0:0: Attached scsi generic sg0 type 5
[    2.378013] Freeing unused kernel memory: 652k freed
[    2.378062] Write protecting the kernel text: 4840k
[    2.378094] Write protecting the kernel read-only data: 1968k
[    2.378186] random 0000 0000 0000 38974d2b 1d8d6de0: rand_read_num 11 get_random_bytes(16): sig 000001c6 38974d2b 1d8d6de0
