[    0.000000] random 0000 0000 0000 00000000 00000000: rand_read_num 1 get_random_bytes(8): sig 00000000 00000000 00000000
[    0.000000] random 0000 0000 0000 00000000 00000000: extract_entropy(.. 8 ..)
[    0.000000] random 0000 0000 0000 00000000 00000000: going to reseed nonblocking with 64 bits (64 of 0 requested)
[    0.000000] random 0000 0000 0000 00000000 00000000: extract_entropy(.. 8 ..)
[    0.000000] random 0000 0000 0000 00000000 00000000: trying to extract 64 bits from input
[    0.000000] random 0000 0000 0000 00000000 00000000: debiting 0 entropy credits from input
[    0.000000] random 0000 0000 0000 00000000 00000000: extract_entropy account returned: 0 
[    0.000000] random 0000 0000 0000 00000000 00000000: urand_change_num 1 xfer_secondary_pool(8): pool_sig 00000000, data_sig 00000000, bytes_mixed 0 00000000 00000000
[    0.000000] random 0000 0000 0000 00000000 00000000: trying to extract 64 bits from nonblocking
[    0.000000] random 0000 0000 0000 00000000 00000000: debiting 64 entropy credits from nonblocking (unlimited)
[    0.000000] random 0000 0000 0000 00000000 00000000: extract_entropy account returned: 8 
[    0.000000] random 0000 0000 0000 00000000 00000000: urand_change_num 2 extract_buf: pool_sig 00000000, data_sig fffffff9, bytes_mixed 20 00000000 00000000
[    0.000000] Initializing cgroup subsys cpuset
[    0.000000] Initializing cgroup subsys cpu
[    0.000000] Linux version 2.6.32.57 (dcashman@ubuntu) (gcc version 4.6.3 (Ubuntu/Linaro 4.6.3-1ubuntu5) ) #4 SMP Fri May 24 11:09:26 PDT 2013
[    0.000000] KERNEL supported cpus:
[    0.000000]   Intel GenuineIntel
[    0.000000]   AMD AuthenticAMD
[    0.000000]   NSC Geode by NSC
[    0.000000]   Cyrix CyrixInstead
[    0.000000]   Centaur CentaurHauls
[    0.000000]   Transmeta GenuineTMx86
[    0.000000]   Transmeta TransmetaCPU
[    0.000000]   UMC UMC UMC UMC
[    0.000000] BIOS-provided physical RAM map:
[    0.000000]  BIOS-e820: 0000000000000000 - 000000000009f000 (usable)
[    0.000000]  BIOS-e820: 000000000009f000 - 00000000000a0000 (reserved)
[    0.000000]  BIOS-e820: 00000000000ca000 - 00000000000cc000 (reserved)
[    0.000000]  BIOS-e820: 00000000000dc000 - 0000000000100000 (reserved)
[    0.000000]  BIOS-e820: 0000000000100000 - 000000003fee0000 (usable)
[    0.000000]  BIOS-e820: 000000003fee0000 - 000000003feff000 (ACPI data)
[    0.000000]  BIOS-e820: 000000003feff000 - 000000003ff00000 (ACPI NVS)
[    0.000000]  BIOS-e820: 000000003ff00000 - 0000000040000000 (usable)
[    0.000000]  BIOS-e820: 00000000e0000000 - 00000000f0000000 (reserved)
[    0.000000]  BIOS-e820: 00000000fec00000 - 00000000fec10000 (reserved)
[    0.000000]  BIOS-e820: 00000000fee00000 - 00000000fee01000 (reserved)
[    0.000000]  BIOS-e820: 00000000fffe0000 - 0000000100000000 (reserved)
[    0.000000] DMI present.
[    0.000000] Phoenix BIOS detected: BIOS may corrupt low RAM, working around it.
[    0.000000] e820 update range: 0000000000000000 - 0000000000010000 (usable) ==> (reserved)
[    0.000000] last_pfn = 0x40000 max_arch_pfn = 0x1000000
[    0.000000] MTRR default type: uncachable
[    0.000000] MTRR fixed ranges enabled:
[    0.000000]   00000-9FFFF write-back
[    0.000000]   A0000-BFFFF uncachable
[    0.000000]   C0000-CBFFF write-protect
[    0.000000]   CC000-EFFFF uncachable
[    0.000000]   F0000-FFFFF write-protect
[    0.000000] MTRR variable ranges enabled:
[    0.000000]   0 base 0000000000 mask FFC0000000 write-back
[    0.000000]   1 disabled
[    0.000000]   2 disabled
[    0.000000]   3 disabled
[    0.000000]   4 disabled
[    0.000000]   5 disabled
[    0.000000]   6 disabled
[    0.000000]   7 disabled
[    0.000000] x86 PAT enabled: cpu 0, old 0x0, new 0x7010600070106
[    0.000000] Scanning 0 areas for low memory corruption
[    0.000000] modified physical RAM map:
[    0.000000]  modified: 0000000000000000 - 0000000000010000 (reserved)
[    0.000000]  modified: 0000000000010000 - 000000000009f000 (usable)
[    0.000000]  modified: 000000000009f000 - 00000000000a0000 (reserved)
[    0.000000]  modified: 00000000000ca000 - 00000000000cc000 (reserved)
[    0.000000]  modified: 00000000000dc000 - 0000000000100000 (reserved)
[    0.000000]  modified: 0000000000100000 - 000000003fee0000 (usable)
[    0.000000]  modified: 000000003fee0000 - 000000003feff000 (ACPI data)
[    0.000000]  modified: 000000003feff000 - 000000003ff00000 (ACPI NVS)
[    0.000000]  modified: 000000003ff00000 - 0000000040000000 (usable)
[    0.000000]  modified: 00000000e0000000 - 00000000f0000000 (reserved)
[    0.000000]  modified: 00000000fec00000 - 00000000fec10000 (reserved)
[    0.000000]  modified: 00000000fee00000 - 00000000fee01000 (reserved)
[    0.000000]  modified: 00000000fffe0000 - 0000000100000000 (reserved)
[    0.000000] initial memory mapped : 0 - 01e00000
[    0.000000] init_memory_mapping: 0000000000000000-00000000379fe000
[    0.000000] NX (Execute Disable) protection: active
[    0.000000]  0000000000 - 0000200000 page 4k
[    0.000000]  0000200000 - 0037800000 page 2M
[    0.000000]  0037800000 - 00379fe000 page 4k
[    0.000000] kernel direct mapping tables up to 379fe000 @ 10000-16000
[    0.000000] RAMDISK: 2dcfc000 - 32e758c3
[    0.000000] ACPI: RSDP 000f6b80 00024 (v02 PTLTD )
[    0.000000] ACPI: XSDT 3feed636 0005C (v01 INTEL  440BX    06040000 VMW  01324272)
[    0.000000] ACPI: FACP 3fefee98 000F4 (v04 INTEL  440BX    06040000 PTL  000F4240)
[    0.000000] ACPI: DSDT 3feee366 10B32 (v01 PTLTD  Custom   06040000 MSFT 03000001)
[    0.000000] ACPI: FACS 3fefffc0 00040
[    0.000000] ACPI: BOOT 3feee33e 00028 (v01 PTLTD  $SBFTBL$ 06040000  LTP 00000001)
[    0.000000] ACPI: APIC 3feedc3e 003C2 (v01 PTLTD  ? APIC   06040000  LTP 00000000)
[    0.000000] ACPI: MCFG 3feedc02 0003C (v01 PTLTD  $PCITBL$ 06040000  LTP 00000001)
[    0.000000] ACPI: SRAT 3feed732 004D0 (v02 VMWARE MEMPLUG  06040000 VMW  00000001)
[    0.000000] ACPI: HPET 3feed6fa 00038 (v01 VMWARE VMW HPET 06040000 VMW  00000001)
[    0.000000] ACPI: WAET 3feed6d2 00028 (v01 VMWARE VMW WAET 06040000 VMW  00000001)
[    0.000000] ACPI: Local APIC address 0xfee00000
[    0.000000] 134MB HIGHMEM available.
[    0.000000] 889MB LOWMEM available.
[    0.000000]   mapped low ram: 0 - 379fe000
[    0.000000]   low ram: 0 - 379fe000
[    0.000000]   node 0 low ram: 00000000 - 379fe000
[    0.000000]   node 0 bootmap 00012000 - 00018f40
[    0.000000] (9 early reservations) ==> bootmem [0000000000 - 00379fe000]
[    0.000000]   #0 [0000000000 - 0000001000]   BIOS data page ==> [0000000000 - 0000001000]
[    0.000000]   #1 [0000001000 - 0000002000]    EX TRAMPOLINE ==> [0000001000 - 0000002000]
[    0.000000]   #2 [0000006000 - 0000007000]       TRAMPOLINE ==> [0000006000 - 0000007000]
[    0.000000]   #3 [0001000000 - 0001a75ff8]    TEXT DATA BSS ==> [0001000000 - 0001a75ff8]
[    0.000000]   #4 [002dcfc000 - 0032e758c3]          RAMDISK ==> [002dcfc000 - 0032e758c3]
[    0.000000]   #5 [000009f000 - 0000100000]    BIOS reserved ==> [000009f000 - 0000100000]
[    0.000000]   #6 [0001a76000 - 0001a851c0]              BRK ==> [0001a76000 - 0001a851c0]
[    0.000000]   #7 [0000010000 - 0000012000]          PGTABLE ==> [0000010000 - 0000012000]
[    0.000000]   #8 [0000012000 - 0000019000]          BOOTMAP ==> [0000012000 - 0000019000]
[    0.000000] found SMP MP-table at [c00f6bf0] f6bf0
[    0.000000] Zone PFN ranges:
[    0.000000]   DMA      0x00000010 -> 0x00001000
[    0.000000]   Normal   0x00001000 -> 0x000379fe
[    0.000000]   HighMem  0x000379fe -> 0x00040000
[    0.000000] Movable zone start PFN for each node
[    0.000000] early_node_map[3] active PFN ranges
[    0.000000]     0: 0x00000010 -> 0x0000009f
[    0.000000]     0: 0x00000100 -> 0x0003fee0
[    0.000000]     0: 0x0003ff00 -> 0x00040000
[    0.000000] On node 0 totalpages: 261999
[    0.000000] free_area_init_node: node 0, pgdat c1715200, node_mem_map c1a87200
[    0.000000]   DMA zone: 32 pages used for memmap
[    0.000000]   DMA zone: 0 pages reserved
[    0.000000]   DMA zone: 3951 pages, LIFO batch:0
[    0.000000]   Normal zone: 1748 pages used for memmap
[    0.000000]   Normal zone: 221994 pages, LIFO batch:31
[    0.000000]   HighMem zone: 269 pages used for memmap
[    0.000000]   HighMem zone: 34005 pages, LIFO batch:7
[    0.000000] Using APIC driver default
[    0.000000] ACPI: PM-Timer IO Port: 0x1008
[    0.000000] ACPI: Local APIC address 0xfee00000
[    0.000000] ACPI: LAPIC (acpi_id[0x00] lapic_id[0x00] enabled)
[    0.000000] ACPI: LAPIC (acpi_id[0x01] lapic_id[0x02] disabled)
[    0.000000] ACPI: LAPIC (acpi_id[0x02] lapic_id[0x04] disabled)
[    0.000000] ACPI: LAPIC (acpi_id[0x03] lapic_id[0x06] disabled)
[    0.000000] ACPI: LAPIC (acpi_id[0x04] lapic_id[0x08] disabled)
[    0.000000] ACPI: LAPIC (acpi_id[0x05] lapic_id[0x0a] disabled)
[    0.000000] ACPI: LAPIC (acpi_id[0x06] lapic_id[0x0c] disabled)
[    0.000000] ACPI: LAPIC (acpi_id[0x07] lapic_id[0x0e] disabled)
[    0.000000] ACPI: LAPIC (acpi_id[0x08] lapic_id[0x10] disabled)
[    0.000000] ACPI: LAPIC (acpi_id[0x09] lapic_id[0x12] disabled)
[    0.000000] ACPI: LAPIC (acpi_id[0x0a] lapic_id[0x14] disabled)
[    0.000000] ACPI: LAPIC (acpi_id[0x0b] lapic_id[0x16] disabled)
[    0.000000] ACPI: LAPIC (acpi_id[0x0c] lapic_id[0x18] disabled)
[    0.000000] ACPI: LAPIC (acpi_id[0x0d] lapic_id[0x1a] disabled)
[    0.000000] ACPI: LAPIC (acpi_id[0x0e] lapic_id[0x1c] disabled)
[    0.000000] ACPI: LAPIC (acpi_id[0x0f] lapic_id[0x1e] disabled)
[    0.000000] ACPI: LAPIC (acpi_id[0x10] lapic_id[0x20] disabled)
[    0.000000] ACPI: LAPIC (acpi_id[0x11] lapic_id[0x22] disabled)
[    0.000000] ACPI: LAPIC (acpi_id[0x12] lapic_id[0x24] disabled)
[    0.000000] ACPI: LAPIC (acpi_id[0x13] lapic_id[0x26] disabled)
[    0.000000] ACPI: LAPIC (acpi_id[0x14] lapic_id[0x28] disabled)
[    0.000000] ACPI: LAPIC (acpi_id[0x15] lapic_id[0x2a] disabled)
[    0.000000] ACPI: LAPIC (acpi_id[0x16] lapic_id[0x2c] disabled)
[    0.000000] ACPI: LAPIC (acpi_id[0x17] lapic_id[0x2e] disabled)
[    0.000000] ACPI: LAPIC (acpi_id[0x18] lapic_id[0x30] disabled)
[    0.000000] ACPI: LAPIC (acpi_id[0x19] lapic_id[0x32] disabled)
[    0.000000] ACPI: LAPIC (acpi_id[0x1a] lapic_id[0x34] disabled)
[    0.000000] ACPI: LAPIC (acpi_id[0x1b] lapic_id[0x36] disabled)
[    0.000000] ACPI: LAPIC (acpi_id[0x1c] lapic_id[0x38] disabled)
[    0.000000] ACPI: LAPIC (acpi_id[0x1d] lapic_id[0x3a] disabled)
[    0.000000] ACPI: LAPIC (acpi_id[0x1e] lapic_id[0x3c] disabled)
[    0.000000] ACPI: LAPIC (acpi_id[0x1f] lapic_id[0x3e] disabled)
[    0.000000] ACPI: LAPIC (acpi_id[0x20] lapic_id[0x40] disabled)
[    0.000000] ACPI: LAPIC (acpi_id[0x21] lapic_id[0x42] disabled)
[    0.000000] ACPI: LAPIC (acpi_id[0x22] lapic_id[0x44] disabled)
[    0.000000] ACPI: LAPIC (acpi_id[0x23] lapic_id[0x46] disabled)
[    0.000000] ACPI: LAPIC (acpi_id[0x24] lapic_id[0x48] disabled)
[    0.000000] ACPI: LAPIC (acpi_id[0x25] lapic_id[0x4a] disabled)
[    0.000000] ACPI: LAPIC (acpi_id[0x26] lapic_id[0x4c] disabled)
[    0.000000] ACPI: LAPIC (acpi_id[0x27] lapic_id[0x4e] disabled)
[    0.000000] ACPI: LAPIC (acpi_id[0x28] lapic_id[0x50] disabled)
[    0.000000] ACPI: LAPIC (acpi_id[0x29] lapic_id[0x52] disabled)
[    0.000000] ACPI: LAPIC (acpi_id[0x2a] lapic_id[0x54] disabled)
[    0.000000] ACPI: LAPIC (acpi_id[0x2b] lapic_id[0x56] disabled)
[    0.000000] ACPI: LAPIC (acpi_id[0x2c] lapic_id[0x58] disabled)
[    0.000000] ACPI: LAPIC (acpi_id[0x2d] lapic_id[0x5a] disabled)
[    0.000000] ACPI: LAPIC (acpi_id[0x2e] lapic_id[0x5c] disabled)
[    0.000000] ACPI: LAPIC (acpi_id[0x2f] lapic_id[0x5e] disabled)
[    0.000000] ACPI: LAPIC (acpi_id[0x30] lapic_id[0x60] disabled)
[    0.000000] ACPI: LAPIC (acpi_id[0x31] lapic_id[0x62] disabled)
[    0.000000] ACPI: LAPIC (acpi_id[0x32] lapic_id[0x64] disabled)
[    0.000000] ACPI: LAPIC (acpi_id[0x33] lapic_id[0x66] disabled)
[    0.000000] ACPI: LAPIC (acpi_id[0x34] lapic_id[0x68] disabled)
[    0.000000] ACPI: LAPIC (acpi_id[0x35] lapic_id[0x6a] disabled)
[    0.000000] ACPI: LAPIC (acpi_id[0x36] lapic_id[0x6c] disabled)
[    0.000000] ACPI: LAPIC (acpi_id[0x37] lapic_id[0x6e] disabled)
[    0.000000] ACPI: LAPIC (acpi_id[0x38] lapic_id[0x70] disabled)
[    0.000000] ACPI: LAPIC (acpi_id[0x39] lapic_id[0x72] disabled)
[    0.000000] ACPI: LAPIC (acpi_id[0x3a] lapic_id[0x74] disabled)
[    0.000000] ACPI: LAPIC (acpi_id[0x3b] lapic_id[0x76] disabled)
[    0.000000] ACPI: LAPIC (acpi_id[0x3c] lapic_id[0x78] disabled)
[    0.000000] ACPI: LAPIC (acpi_id[0x3d] lapic_id[0x7a] disabled)
[    0.000000] ACPI: LAPIC (acpi_id[0x3e] lapic_id[0x7c] disabled)
[    0.000000] ACPI: LAPIC (acpi_id[0x3f] lapic_id[0x7e] disabled)
[    0.000000] ACPI: LAPIC_NMI (acpi_id[0x00] high edge lint[0x1])
[    0.000000] ACPI: LAPIC_NMI (acpi_id[0x01] high edge lint[0x1])
[    0.000000] ACPI: LAPIC_NMI (acpi_id[0x02] high edge lint[0x1])
[    0.000000] ACPI: LAPIC_NMI (acpi_id[0x03] high edge lint[0x1])
[    0.000000] ACPI: LAPIC_NMI (acpi_id[0x04] high edge lint[0x1])
[    0.000000] ACPI: LAPIC_NMI (acpi_id[0x05] high edge lint[0x1])
[    0.000000] ACPI: LAPIC_NMI (acpi_id[0x06] high edge lint[0x1])
[    0.000000] ACPI: LAPIC_NMI (acpi_id[0x07] high edge lint[0x1])
[    0.000000] ACPI: LAPIC_NMI (acpi_id[0x08] high edge lint[0x1])
[    0.000000] ACPI: LAPIC_NMI (acpi_id[0x09] high edge lint[0x1])
[    0.000000] ACPI: LAPIC_NMI (acpi_id[0x0a] high edge lint[0x1])
[    0.000000] ACPI: LAPIC_NMI (acpi_id[0x0b] high edge lint[0x1])
[    0.000000] ACPI: LAPIC_NMI (acpi_id[0x0c] high edge lint[0x1])
[    0.000000] ACPI: LAPIC_NMI (acpi_id[0x0d] high edge lint[0x1])
[    0.000000] ACPI: LAPIC_NMI (acpi_id[0x0e] high edge lint[0x1])
[    0.000000] ACPI: LAPIC_NMI (acpi_id[0x0f] high edge lint[0x1])
[    0.000000] ACPI: LAPIC_NMI (acpi_id[0x10] high edge lint[0x1])
[    0.000000] ACPI: LAPIC_NMI (acpi_id[0x11] high edge lint[0x1])
[    0.000000] ACPI: LAPIC_NMI (acpi_id[0x12] high edge lint[0x1])
[    0.000000] ACPI: LAPIC_NMI (acpi_id[0x13] high edge lint[0x1])
[    0.000000] ACPI: LAPIC_NMI (acpi_id[0x14] high edge lint[0x1])
[    0.000000] ACPI: LAPIC_NMI (acpi_id[0x15] high edge lint[0x1])
[    0.000000] ACPI: LAPIC_NMI (acpi_id[0x16] high edge lint[0x1])
[    0.000000] ACPI: LAPIC_NMI (acpi_id[0x17] high edge lint[0x1])
[    0.000000] ACPI: LAPIC_NMI (acpi_id[0x18] high edge lint[0x1])
[    0.000000] ACPI: LAPIC_NMI (acpi_id[0x19] high edge lint[0x1])
[    0.000000] ACPI: LAPIC_NMI (acpi_id[0x1a] high edge lint[0x1])
[    0.000000] ACPI: LAPIC_NMI (acpi_id[0x1b] high edge lint[0x1])
[    0.000000] ACPI: LAPIC_NMI (acpi_id[0x1c] high edge lint[0x1])
[    0.000000] ACPI: LAPIC_NMI (acpi_id[0x1d] high edge lint[0x1])
[    0.000000] ACPI: LAPIC_NMI (acpi_id[0x1e] high edge lint[0x1])
[    0.000000] ACPI: LAPIC_NMI (acpi_id[0x1f] high edge lint[0x1])
[    0.000000] ACPI: LAPIC_NMI (acpi_id[0x20] high edge lint[0x1])
[    0.000000] ACPI: LAPIC_NMI (acpi_id[0x21] high edge lint[0x1])
[    0.000000] ACPI: LAPIC_NMI (acpi_id[0x22] high edge lint[0x1])
[    0.000000] ACPI: LAPIC_NMI (acpi_id[0x23] high edge lint[0x1])
[    0.000000] ACPI: LAPIC_NMI (acpi_id[0x24] high edge lint[0x1])
[    0.000000] ACPI: LAPIC_NMI (acpi_id[0x25] high edge lint[0x1])
[    0.000000] ACPI: LAPIC_NMI (acpi_id[0x26] high edge lint[0x1])
[    0.000000] ACPI: LAPIC_NMI (acpi_id[0x27] high edge lint[0x1])
[    0.000000] ACPI: LAPIC_NMI (acpi_id[0x28] high edge lint[0x1])
[    0.000000] ACPI: LAPIC_NMI (acpi_id[0x29] high edge lint[0x1])
[    0.000000] ACPI: LAPIC_NMI (acpi_id[0x2a] high edge lint[0x1])
[    0.000000] ACPI: LAPIC_NMI (acpi_id[0x2b] high edge lint[0x1])
[    0.000000] ACPI: LAPIC_NMI (acpi_id[0x2c] high edge lint[0x1])
[    0.000000] ACPI: LAPIC_NMI (acpi_id[0x2d] high edge lint[0x1])
[    0.000000] ACPI: LAPIC_NMI (acpi_id[0x2e] high edge lint[0x1])
[    0.000000] ACPI: LAPIC_NMI (acpi_id[0x2f] high edge lint[0x1])
[    0.000000] ACPI: LAPIC_NMI (acpi_id[0x30] high edge lint[0x1])
[    0.000000] ACPI: LAPIC_NMI (acpi_id[0x31] high edge lint[0x1])
[    0.000000] ACPI: LAPIC_NMI (acpi_id[0x32] high edge lint[0x1])
[    0.000000] ACPI: LAPIC_NMI (acpi_id[0x33] high edge lint[0x1])
[    0.000000] ACPI: LAPIC_NMI (acpi_id[0x34] high edge lint[0x1])
[    0.000000] ACPI: LAPIC_NMI (acpi_id[0x35] high edge lint[0x1])
[    0.000000] ACPI: LAPIC_NMI (acpi_id[0x36] high edge lint[0x1])
[    0.000000] ACPI: LAPIC_NMI (acpi_id[0x37] high edge lint[0x1])
[    0.000000] ACPI: LAPIC_NMI (acpi_id[0x38] high edge lint[0x1])
[    0.000000] ACPI: LAPIC_NMI (acpi_id[0x39] high edge lint[0x1])
[    0.000000] ACPI: LAPIC_NMI (acpi_id[0x3a] high edge lint[0x1])
[    0.000000] ACPI: LAPIC_NMI (acpi_id[0x3b] high edge lint[0x1])
[    0.000000] ACPI: LAPIC_NMI (acpi_id[0x3c] high edge lint[0x1])
[    0.000000] ACPI: LAPIC_NMI (acpi_id[0x3d] high edge lint[0x1])
[    0.000000] ACPI: LAPIC_NMI (acpi_id[0x3e] high edge lint[0x1])
[    0.000000] ACPI: LAPIC_NMI (acpi_id[0x3f] high edge lint[0x1])
[    0.000000] ACPI: Skipping IOAPIC probe due to 'noapic' option.
[    0.000000] Using ACPI for processor (LAPIC) configuration information
[    0.000000] ACPI: HPET id: 0x8086af01 base: 0xfed00000
[    0.000000] Intel MultiProcessor Specification v1.4
[    0.000000]     Virtual Wire compatibility mode.
[    0.000000] MPTABLE: OEM ID: INTEL   
[    0.000000] MPTABLE: Product ID: 440BX       
[    0.000000] MPTABLE: APIC at: 0xFEE00000
[    0.000000] I/O APIC #1 Version 17 at 0xFEC00000.
[    0.000000] Processors: 1
[    0.000000] 64 Processors exceeds NR_CPUS limit of 8
[    0.000000] SMP: Allowing 8 CPUs, 7 hotplug CPUs
[    0.000000] nr_irqs_gsi: 24
[    0.000000] PM: Registered nosave memory: 000000000009f000 - 00000000000a0000
[    0.000000] PM: Registered nosave memory: 00000000000a0000 - 00000000000ca000
[    0.000000] PM: Registered nosave memory: 00000000000ca000 - 00000000000cc000
[    0.000000] PM: Registered nosave memory: 00000000000cc000 - 00000000000dc000
[    0.000000] PM: Registered nosave memory: 00000000000dc000 - 0000000000100000
[    0.000000] Allocating PCI resources starting at 40000000 (gap: 40000000:a0000000)
[    0.000000] Booting paravirtualized kernel on bare hardware
[    0.000000] NR_CPUS:8 nr_cpumask_bits:8 nr_cpu_ids:8 nr_node_ids:1
[    0.000000] PERCPU: Embedded 15 pages/cpu @c2400000 s39320 r0 d22120 u262144
[    0.000000] pcpu-alloc: s39320 r0 d22120 u262144 alloc=1*2097152
[    0.000000] pcpu-alloc: [0] 0 1 2 3 4 5 6 7 
[    0.000000] Built 1 zonelists in Zone order, mobility grouping on.  Total pages: 259950
[    0.000000] Kernel command line: BOOT_IMAGE=/boot/vmlinuz-2.6.32.57 root=UUID=007b598c-390d-4c65-84a1-4ff752d48633 ro quiet splash maxcpus=0
[    0.000000] PID hash table entries: 4096 (order: 2, 16384 bytes)
[    0.000000] Dentry cache hash table entries: 131072 (order: 7, 524288 bytes)
[    0.000000] Inode-cache hash table entries: 65536 (order: 6, 262144 bytes)
[    0.000000] Enabling fast FPU save and restore... done.
[    0.000000] Enabling unmasked SIMD FPU exception support... done.
[    0.000000] Initializing CPU#0
[    0.000000] xsave/xrstor: enabled xstate_bv 0x7, cntxt size 0x340
[    0.000000] allocated 5242560 bytes of page_cgroup
[    0.000000] please try 'cgroup_disable=memory' option if you don't want memory cgroups
[    0.000000] Initializing HighMem for node 0 (000379fe:00040000)
[    0.000000] Memory: 938260k/1048576k available (4839k kernel code, 108848k reserved, 2518k data, 652k init, 137096k highmem)
[    0.000000] virtual kernel memory layout:
[    0.000000]     fixmap  : 0xfff1e000 - 0xfffff000   ( 900 kB)
[    0.000000]     pkmap   : 0xffa00000 - 0xffc00000   (2048 kB)
[    0.000000]     vmalloc : 0xf81fe000 - 0xff9fe000   ( 120 MB)
[    0.000000]     lowmem  : 0xc0000000 - 0xf79fe000   ( 889 MB)
[    0.000000]       .init : 0xc1730000 - 0xc17d3000   ( 652 kB)
[    0.000000]       .data : 0xc14b9cce - 0xc172f764   (2518 kB)
[    0.000000]       .text : 0xc1000000 - 0xc14b9cce   (4839 kB)
[    0.000000] Checking if this processor honours the WP bit even in supervisor mode...Ok.
[    0.000000] SLUB: Genslabs=13, HWalign=64, Order=0-3, MinObjects=0, CPUs=8, Nodes=1
[    0.000000] Hierarchical RCU implementation.
[    0.000000] NR_IRQS:2304 nr_irqs:472
[    0.000000] Extended CMOS year: 2000
[    0.000000] Console: colour VGA+ 80x25
[    0.000000] console [tty0] enabled
[    0.000000] hpet clockevent registered
[    0.004000] TSC freq read from hypervisor : 2394.620 MHz
[    0.004000] Detected 2394.620 MHz processor.
[    0.000002] Calibrating delay loop (skipped) preset value.. 4789.24 BogoMIPS (lpj=9578480)
[    0.000011] Security Framework initialized
[    0.000013] SELinux:  Disabled at boot.
[    0.000017] Mount-cache hash table entries: 512
[    0.000380] Initializing cgroup subsys cpuacct
[    0.000383] Initializing cgroup subsys memory
[    0.000387] Initializing cgroup subsys devices
[    0.000388] Initializing cgroup subsys freezer
[    0.000416] CPU: Physical Processor ID: 0
[    0.000423] CPU: L1 I cache: 32K, L1 D cache: 32K
[    0.000425] CPU: L2 cache: 256K
[    0.000425] CPU: L3 cache: 4096K
[    0.000430] mce: CPU supports 0 MCE banks
[    0.000442] Performance Events: no PMU driver, software events only.
[    0.000452] Checking 'hlt' instruction... OK.
[    0.017599] SMP alternatives: switching to UP code
[    0.033682] ACPI: Core revision 20090903
[    0.039890] ACPI: setting ELCR to 0200 (from 0e20)
[    0.040983] ftrace: converting mcount calls to 0f 1f 44 00 00
[    0.040988] ftrace: allocating 22631 entries in 45 pages
[    0.059160] CANARY value: ddc11608 for PID: 1
[    0.059192] Not enabling x2apic, Intr-remapping init failed.
[    0.059194] Enabling APIC mode:  Flat.  Using 1 I/O APICs
[    0.059202] SMP mode deactivated.
[    0.059227] SMP disabled
[    0.059282] Brought up 1 CPUs
[    0.059284] Total of 1 processors activated (4789.24 BogoMIPS).
[    0.059288] CPU0 attaching NULL sched-domain.
[    0.059360] devtmpfs: initialized
[    0.059466] sysctl table check failed: /kernel/random/now_input .1.40.7 Unknown sysctl binary path
[    0.059708] Pid: 1, comm: swapper Not tainted 2.6.32.57 #4
[    0.059709] Call Trace:
[    0.059713]  [<c14a8a0e>] ? printk+0x1d/0x1f
[    0.059717]  [<c107b56f>] set_fail+0x4f/0x60
[    0.059718]  [<c107b8b3>] sysctl_check_table+0x333/0x620
[    0.059720]  [<c107b8cc>] sysctl_check_table+0x34c/0x620
[    0.059722]  [<c107b8cc>] sysctl_check_table+0x34c/0x620
[    0.059725]  [<c1746d48>] sysctl_init+0x25/0x29
[    0.059728]  [<c1003042>] do_one_initcall+0x32/0x1a0
[    0.059730]  [<c1746d23>] ? sysctl_init+0x0/0x29
[    0.059732]  [<c17308e7>] kernel_init+0x12d/0x17a
[    0.059734]  [<c17307ba>] ? kernel_init+0x0/0x17a
[    0.059736]  [<c1009b07>] kernel_thread_helper+0x7/0x10
[    0.059738] sysctl table check failed: /kernel/random/now_blocking .1.40.8 Unknown sysctl binary path
[    0.059967] Pid: 1, comm: swapper Not tainted 2.6.32.57 #4
[    0.059968] Call Trace:
[    0.059969]  [<c14a8a0e>] ? printk+0x1d/0x1f
[    0.059971]  [<c107b56f>] set_fail+0x4f/0x60
[    0.059972]  [<c107b8b3>] sysctl_check_table+0x333/0x620
[    0.059974]  [<c107b8cc>] sysctl_check_table+0x34c/0x620
[    0.059975]  [<c107b8cc>] sysctl_check_table+0x34c/0x620
[    0.059978]  [<c1746d48>] sysctl_init+0x25/0x29
[    0.059979]  [<c1003042>] do_one_initcall+0x32/0x1a0
[    0.059981]  [<c1746d23>] ? sysctl_init+0x0/0x29
[    0.059983]  [<c17308e7>] kernel_init+0x12d/0x17a
[    0.059984]  [<c17307ba>] ? kernel_init+0x0/0x17a
[    0.059986]  [<c1009b07>] kernel_thread_helper+0x7/0x10
[    0.059987] sysctl table check failed: /kernel/random/now_nonblocking .1.40.9 Unknown sysctl binary path
[    0.060262] Pid: 1, comm: swapper Not tainted 2.6.32.57 #4
[    0.060263] Call Trace:
[    0.060265]  [<c14a8a0e>] ? printk+0x1d/0x1f
[    0.060267]  [<c107b56f>] set_fail+0x4f/0x60
[    0.060268]  [<c107b8b3>] sysctl_check_table+0x333/0x620
[    0.060270]  [<c107b8cc>] sysctl_check_table+0x34c/0x620
[    0.060271]  [<c107b8cc>] sysctl_check_table+0x34c/0x620
[    0.060273]  [<c1746d48>] sysctl_init+0x25/0x29
[    0.060275]  [<c1003042>] do_one_initcall+0x32/0x1a0
[    0.060277]  [<c1746d23>] ? sysctl_init+0x0/0x29
[    0.060278]  [<c17308e7>] kernel_init+0x12d/0x17a
[    0.060280]  [<c17307ba>] ? kernel_init+0x0/0x17a
[    0.060281]  [<c1009b07>] kernel_thread_helper+0x7/0x10
[    0.060283] sysctl table check failed: /kernel/random/nb_input_bytes .1.40.10 Unknown sysctl binary path
[    0.060514] Pid: 1, comm: swapper Not tainted 2.6.32.57 #4
[    0.060514] Call Trace:
[    0.060516]  [<c14a8a0e>] ? printk+0x1d/0x1f
[    0.060517]  [<c107b56f>] set_fail+0x4f/0x60
[    0.060519]  [<c107b8b3>] sysctl_check_table+0x333/0x620
[    0.060520]  [<c107b8cc>] sysctl_check_table+0x34c/0x620
[    0.060522]  [<c107b8cc>] sysctl_check_table+0x34c/0x620
[    0.060524]  [<c1746d48>] sysctl_init+0x25/0x29
[    0.060525]  [<c1003042>] do_one_initcall+0x32/0x1a0
[    0.060527]  [<c1746d23>] ? sysctl_init+0x0/0x29
[    0.060529]  [<c17308e7>] kernel_init+0x12d/0x17a
[    0.060530]  [<c17307ba>] ? kernel_init+0x0/0x17a
[    0.060532]  [<c1009b07>] kernel_thread_helper+0x7/0x10
[    0.060533] sysctl table check failed: /kernel/random/nb_stir_count .1.40.11 Unknown sysctl binary path
[    0.060763] Pid: 1, comm: swapper Not tainted 2.6.32.57 #4
[    0.060764] Call Trace:
[    0.060766]  [<c14a8a0e>] ? printk+0x1d/0x1f
[    0.060767]  [<c107b56f>] set_fail+0x4f/0x60
[    0.060768]  [<c107b8b3>] sysctl_check_table+0x333/0x620
[    0.060770]  [<c107b8cc>] sysctl_check_table+0x34c/0x620
[    0.060772]  [<c107b8cc>] sysctl_check_table+0x34c/0x620
[    0.060774]  [<c1746d48>] sysctl_init+0x25/0x29
[    0.060775]  [<c1003042>] do_one_initcall+0x32/0x1a0
[    0.060777]  [<c1746d23>] ? sysctl_init+0x0/0x29
[    0.060779]  [<c17308e7>] kernel_init+0x12d/0x17a
[    0.060780]  [<c17307ba>] ? kernel_init+0x0/0x17a
[    0.060782]  [<c1009b07>] kernel_thread_helper+0x7/0x10
[    0.060783] sysctl table check failed: /kernel/random/nb_reentry_count .1.40.12 Unknown sysctl binary path
[    0.061015] Pid: 1, comm: swapper Not tainted 2.6.32.57 #4
[    0.061016] Call Trace:
[    0.061017]  [<c14a8a0e>] ? printk+0x1d/0x1f
[    0.061019]  [<c107b56f>] set_fail+0x4f/0x60
[    0.061020]  [<c107b8b3>] sysctl_check_table+0x333/0x620
[    0.061022]  [<c107b8cc>] sysctl_check_table+0x34c/0x620
[    0.061023]  [<c107b8cc>] sysctl_check_table+0x34c/0x620
[    0.061025]  [<c1746d48>] sysctl_init+0x25/0x29
[    0.061027]  [<c1003042>] do_one_initcall+0x32/0x1a0
[    0.061029]  [<c1746d23>] ? sysctl_init+0x0/0x29
[    0.061030]  [<c17308e7>] kernel_init+0x12d/0x17a
[    0.061032]  [<c17307ba>] ? kernel_init+0x0/0x17a
[    0.061033]  [<c1009b07>] kernel_thread_helper+0x7/0x10
[    0.061176] RANDOM - __seed init called.
[    0.061177] RANDOM - __seed init called.
[    0.061178] RANDOM - __seed init called.
[    0.061179] RANDOM - __random32 called. Change num 1.  Value: a80d136a	404c45a2	eeeb6229
[    0.061180] RANDOM - __random32 called. Change num 2.  Value: d136a14c	4c45a20	c453360e
[    0.061181] RANDOM - __random32 called. Change num 3.  Value: 6a14c0a3	4c45a20b	6c1cd950
[    0.061183] RANDOM - __random32 called. Change num 4.  Value: 4c0a3e40	c45a20be	b2a19f42
[    0.061184] RANDOM - __random32 called. Change num 5.  Value: a3e40178	45a20bea	3e84f5ac
[    0.061185] RANDOM - __random32 called. Change num 6.  Value: 40178479	5a20bea9	eb59546b
[    0.061186] RANDOM - random32 init called.  Value: 40178479	5a20bea9	eb59546b
[    0.061192] regulator: core version 0.5
[    0.061258] Time:  0:10:49  Date: 05/25/13
[    0.061293] NET: Registered protocol family 16
[    0.061356] EISA bus registered
[    0.062110] ACPI: bus type pci registered
[    0.062207] PCI: MCFG configuration 0: base e0000000 segment 0 buses 0 - 255
[    0.062209] PCI: MCFG area at e0000000 reserved in E820
[    0.062210] PCI: Using MMCONFIG for extended config space
[    0.062210] PCI: Using configuration type 1 for base access
[    0.062657] bio: create slab <bio-0> at 0
[    0.063897] ACPI: EC: Look up EC in DSDT
[    0.101650] ACPI: BIOS _OSI(Linux) query ignored
[    0.107935] ACPI: Interpreter enabled
[    0.107938] ACPI: (supports S0 S1 S4 S5)
[    0.107949] ACPI: Using PIC for interrupt routing
[    0.192011] ACPI: No dock devices found.
[    0.192855] ACPI: PCI Root Bridge [PCI0] (0000:00)
[    0.194522] pci 0000:00:07.1: reg 20 io port: [0x10c0-0x10cf]
[    0.195087] pci 0000:00:07.3: quirk: region 1000-103f claimed by PIIX4 ACPI
[    0.195099] pci 0000:00:07.3: quirk: region 1040-104f claimed by PIIX4 SMB
[    0.195668] pci 0000:00:07.7: reg 10 io port: [0x1080-0x10bf]
[    0.196109] pci 0000:00:07.7: reg 14 64bit mmio: [0xc8000000-0xc8001fff]
[    0.197287] pci 0000:00:0f.0: reg 10 io port: [0x10d0-0x10df]
[    0.197328] pci 0000:00:0f.0: reg 14 32bit mmio pref: [0xd0000000-0xd7ffffff]
[    0.197369] pci 0000:00:0f.0: reg 18 32bit mmio: [0xc8800000-0xc8ffffff]
[    0.197521] pci 0000:00:0f.0: reg 30 32bit mmio pref: [0x000000-0x007fff]
[    0.198078] pci 0000:00:10.0: reg 10 io port: [0x1400-0x14ff]
[    0.198438] pci 0000:00:10.0: reg 14 64bit mmio: [0xc8040000-0xc805ffff]
[    0.198794] pci 0000:00:10.0: reg 1c 64bit mmio: [0xc8020000-0xc803ffff]
[    0.198891] pci 0000:00:10.0: reg 30 32bit mmio pref: [0x000000-0x003fff]
[    0.200361] pci 0000:00:15.0: PME# supported from D0 D3hot D3cold
[    0.200383] pci 0000:00:15.0: PME# disabled
[    0.201304] pci 0000:00:15.1: PME# supported from D0 D3hot D3cold
[    0.201327] pci 0000:00:15.1: PME# disabled
[    0.202188] pci 0000:00:15.2: PME# supported from D0 D3hot D3cold
[    0.202208] pci 0000:00:15.2: PME# disabled
[    0.203083] pci 0000:00:15.3: PME# supported from D0 D3hot D3cold
[    0.203103] pci 0000:00:15.3: PME# disabled
[    0.203988] pci 0000:00:15.4: PME# supported from D0 D3hot D3cold
[    0.204008] pci 0000:00:15.4: PME# disabled
[    0.204880] pci 0000:00:15.5: PME# supported from D0 D3hot D3cold
[    0.204900] pci 0000:00:15.5: PME# disabled
[    0.205753] pci 0000:00:15.6: PME# supported from D0 D3hot D3cold
[    0.205773] pci 0000:00:15.6: PME# disabled
[    0.206981] pci 0000:00:15.7: PME# supported from D0 D3hot D3cold
[    0.207011] pci 0000:00:15.7: PME# disabled
[    0.207968] pci 0000:00:16.0: PME# supported from D0 D3hot D3cold
[    0.207989] pci 0000:00:16.0: PME# disabled
[    0.208858] pci 0000:00:16.1: PME# supported from D0 D3hot D3cold
[    0.208878] pci 0000:00:16.1: PME# disabled
[    0.209794] pci 0000:00:16.2: PME# supported from D0 D3hot D3cold
[    0.209817] pci 0000:00:16.2: PME# disabled
[    0.211007] pci 0000:00:16.3: PME# supported from D0 D3hot D3cold
[    0.211031] pci 0000:00:16.3: PME# disabled
[    0.212079] pci 0000:00:16.4: PME# supported from D0 D3hot D3cold
[    0.212103] pci 0000:00:16.4: PME# disabled
[    0.213084] pci 0000:00:16.5: PME# supported from D0 D3hot D3cold
[    0.213106] pci 0000:00:16.5: PME# disabled
[    0.214083] pci 0000:00:16.6: PME# supported from D0 D3hot D3cold
[    0.214106] pci 0000:00:16.6: PME# disabled
[    0.215074] pci 0000:00:16.7: PME# supported from D0 D3hot D3cold
[    0.215096] pci 0000:00:16.7: PME# disabled
[    0.216094] pci 0000:00:17.0: PME# supported from D0 D3hot D3cold
[    0.216117] pci 0000:00:17.0: PME# disabled
[    0.217044] pci 0000:00:17.1: PME# supported from D0 D3hot D3cold
[    0.217066] pci 0000:00:17.1: PME# disabled
[    0.217993] pci 0000:00:17.2: PME# supported from D0 D3hot D3cold
[    0.218014] pci 0000:00:17.2: PME# disabled
[    0.218955] pci 0000:00:17.3: PME# supported from D0 D3hot D3cold
[    0.218976] pci 0000:00:17.3: PME# disabled
[    0.219915] pci 0000:00:17.4: PME# supported from D0 D3hot D3cold
[    0.219937] pci 0000:00:17.4: PME# disabled
[    0.220860] pci 0000:00:17.5: PME# supported from D0 D3hot D3cold
[    0.220882] pci 0000:00:17.5: PME# disabled
[    0.221788] pci 0000:00:17.6: PME# supported from D0 D3hot D3cold
[    0.221808] pci 0000:00:17.6: PME# disabled
[    0.222729] pci 0000:00:17.7: PME# supported from D0 D3hot D3cold
[    0.222750] pci 0000:00:17.7: PME# disabled
[    0.223678] pci 0000:00:18.0: PME# supported from D0 D3hot D3cold
[    0.223700] pci 0000:00:18.0: PME# disabled
[    0.224619] pci 0000:00:18.1: PME# supported from D0 D3hot D3cold
[    0.224640] pci 0000:00:18.1: PME# disabled
[    0.225590] pci 0000:00:18.2: PME# supported from D0 D3hot D3cold
[    0.225611] pci 0000:00:18.2: PME# disabled
[    0.226595] pci 0000:00:18.3: PME# supported from D0 D3hot D3cold
[    0.226617] pci 0000:00:18.3: PME# disabled
[    0.227587] pci 0000:00:18.4: PME# supported from D0 D3hot D3cold
[    0.227609] pci 0000:00:18.4: PME# disabled
[    0.228588] pci 0000:00:18.5: PME# supported from D0 D3hot D3cold
[    0.228610] pci 0000:00:18.5: PME# disabled
[    0.229573] pci 0000:00:18.6: PME# supported from D0 D3hot D3cold
[    0.229595] pci 0000:00:18.6: PME# disabled
[    0.230540] pci 0000:00:18.7: PME# supported from D0 D3hot D3cold
[    0.230562] pci 0000:00:18.7: PME# disabled
[    0.231726] pci 0000:02:00.0: reg 20 io port: [0x20c0-0x20df]
[    0.232244] pci 0000:02:01.0: reg 10 io port: [0x2000-0x207f]
[    0.232472] pci 0000:02:01.0: reg 30 32bit mmio pref: [0x000000-0x00ffff]
[    0.233032] pci 0000:02:02.0: reg 10 io port: [0x2080-0x20bf]
[    0.233633] pci 0000:02:03.0: reg 10 32bit mmio: [0xc9000000-0xc9000fff]
[    0.234245] pci 0000:00:11.0: transparent bridge
[    0.234266] pci 0000:00:11.0: bridge io port: [0x2000-0x3fff]
[    0.234287] pci 0000:00:11.0: bridge 32bit mmio: [0xc9000000-0xca3fffff]
[    0.234327] pci 0000:00:11.0: bridge 64bit mmio pref: [0xd8400000-0xd89fffff]
[    0.234708] pci 0000:00:15.0: bridge io port: [0x4000-0x4fff]
[    0.234730] pci 0000:00:15.0: bridge 32bit mmio: [0xca400000-0xca4fffff]
[    0.234769] pci 0000:00:15.0: bridge 64bit mmio pref: [0xd8a00000-0xd8afffff]
[    0.235179] pci 0000:00:15.1: bridge io port: [0x8000-0x8fff]
[    0.235200] pci 0000:00:15.1: bridge 32bit mmio: [0xca800000-0xca8fffff]
[    0.235240] pci 0000:00:15.1: bridge 64bit mmio pref: [0xd8e00000-0xd8efffff]
[    0.235614] pci 0000:00:15.2: bridge io port: [0xc000-0xcfff]
[    0.235645] pci 0000:00:15.2: bridge 32bit mmio: [0xcac00000-0xcacfffff]
[    0.235684] pci 0000:00:15.2: bridge 64bit mmio pref: [0xd9200000-0xd92fffff]
[    0.236170] pci 0000:00:15.3: bridge 32bit mmio: [0xcb000000-0xcb0fffff]
[    0.236210] pci 0000:00:15.3: bridge 64bit mmio pref: [0xd9600000-0xd96fffff]
[    0.236605] pci 0000:00:15.4: bridge 32bit mmio: [0xcb400000-0xcb4fffff]
[    0.236644] pci 0000:00:15.4: bridge 64bit mmio pref: [0xd9a00000-0xd9afffff]
[    0.237068] pci 0000:00:15.5: bridge 32bit mmio: [0xcb800000-0xcb8fffff]
[    0.237108] pci 0000:00:15.5: bridge 64bit mmio pref: [0xd9e00000-0xd9efffff]
[    0.237501] pci 0000:00:15.6: bridge 32bit mmio: [0xcbc00000-0xcbcfffff]
[    0.237541] pci 0000:00:15.6: bridge 64bit mmio pref: [0xda200000-0xda2fffff]
[    0.237976] pci 0000:00:15.7: bridge 32bit mmio: [0xcc000000-0xcc0fffff]
[    0.238019] pci 0000:00:15.7: bridge 64bit mmio pref: [0xda600000-0xda6fffff]
[    0.238413] pci 0000:00:16.0: bridge io port: [0x5000-0x5fff]
[    0.238434] pci 0000:00:16.0: bridge 32bit mmio: [0xca500000-0xca5fffff]
[    0.238473] pci 0000:00:16.0: bridge 64bit mmio pref: [0xd8b00000-0xd8bfffff]
[    0.238875] pci 0000:00:16.1: bridge io port: [0x9000-0x9fff]
[    0.238896] pci 0000:00:16.1: bridge 32bit mmio: [0xca900000-0xca9fffff]
[    0.238936] pci 0000:00:16.1: bridge 64bit mmio pref: [0xd8f00000-0xd8ffffff]
[    0.239311] pci 0000:00:16.2: bridge io port: [0xd000-0xdfff]
[    0.239332] pci 0000:00:16.2: bridge 32bit mmio: [0xcad00000-0xcadfffff]
[    0.239371] pci 0000:00:16.2: bridge 64bit mmio pref: [0xd9300000-0xd93fffff]
[    0.239774] pci 0000:00:16.3: bridge 32bit mmio: [0xcb100000-0xcb1fffff]
[    0.239855] pci 0000:00:16.3: bridge 64bit mmio pref: [0xd9700000-0xd97fffff]
[    0.240265] pci 0000:00:16.4: bridge 32bit mmio: [0xcb500000-0xcb5fffff]
[    0.240305] pci 0000:00:16.4: bridge 64bit mmio pref: [0xd9b00000-0xd9bfffff]
[    0.240698] pci 0000:00:16.5: bridge 32bit mmio: [0xcb900000-0xcb9fffff]
[    0.240738] pci 0000:00:16.5: bridge 64bit mmio pref: [0xd9f00000-0xd9ffffff]
[    0.241159] pci 0000:00:16.6: bridge 32bit mmio: [0xcbd00000-0xcbdfffff]
[    0.241198] pci 0000:00:16.6: bridge 64bit mmio pref: [0xda300000-0xda3fffff]
[    0.241615] pci 0000:00:16.7: bridge 32bit mmio: [0xcc100000-0xcc1fffff]
[    0.241655] pci 0000:00:16.7: bridge 64bit mmio pref: [0xda700000-0xda7fffff]
[    0.242114] pci 0000:00:17.0: bridge io port: [0x6000-0x6fff]
[    0.242135] pci 0000:00:17.0: bridge 32bit mmio: [0xca600000-0xca6fffff]
[    0.242175] pci 0000:00:17.0: bridge 64bit mmio pref: [0xd8c00000-0xd8cfffff]
[    0.242550] pci 0000:00:17.1: bridge io port: [0xa000-0xafff]
[    0.242571] pci 0000:00:17.1: bridge 32bit mmio: [0xcaa00000-0xcaafffff]
[    0.242611] pci 0000:00:17.1: bridge 64bit mmio pref: [0xd9000000-0xd90fffff]
[    0.243010] pci 0000:00:17.2: bridge io port: [0xe000-0xefff]
[    0.243031] pci 0000:00:17.2: bridge 32bit mmio: [0xcae00000-0xcaefffff]
[    0.243071] pci 0000:00:17.2: bridge 64bit mmio pref: [0xd9400000-0xd94fffff]
[    0.243464] pci 0000:00:17.3: bridge 32bit mmio: [0xcb200000-0xcb2fffff]
[    0.243503] pci 0000:00:17.3: bridge 64bit mmio pref: [0xd9800000-0xd98fffff]
[    0.243933] pci 0000:00:17.4: bridge 32bit mmio: [0xcb600000-0xcb6fffff]
[    0.243974] pci 0000:00:17.4: bridge 64bit mmio pref: [0xd9c00000-0xd9cfffff]
[    0.244357] pci 0000:00:17.5: bridge 32bit mmio: [0xcba00000-0xcbafffff]
[    0.244396] pci 0000:00:17.5: bridge 64bit mmio pref: [0xda000000-0xda0fffff]
[    0.244771] pci 0000:00:17.6: bridge 32bit mmio: [0xcbe00000-0xcbefffff]
[    0.244819] pci 0000:00:17.6: bridge 64bit mmio pref: [0xda400000-0xda4fffff]
[    0.245197] pci 0000:00:17.7: bridge 32bit mmio: [0xcc200000-0xcc2fffff]
[    0.245235] pci 0000:00:17.7: bridge 64bit mmio pref: [0xda800000-0xda8fffff]
[    0.245593] pci 0000:00:18.0: bridge io port: [0x7000-0x7fff]
[    0.245614] pci 0000:00:18.0: bridge 32bit mmio: [0xca700000-0xca7fffff]
[    0.245652] pci 0000:00:18.0: bridge 64bit mmio pref: [0xd8d00000-0xd8dfffff]
[    0.246012] pci 0000:00:18.1: bridge io port: [0xb000-0xbfff]
[    0.246032] pci 0000:00:18.1: bridge 32bit mmio: [0xcab00000-0xcabfffff]
[    0.246070] pci 0000:00:18.1: bridge 64bit mmio pref: [0xd9100000-0xd91fffff]
[    0.246504] pci 0000:00:18.2: bridge io port: [0xf000-0xffff]
[    0.246527] pci 0000:00:18.2: bridge 32bit mmio: [0xcaf00000-0xcaffffff]
[    0.246570] pci 0000:00:18.2: bridge 64bit mmio pref: [0xd9500000-0xd95fffff]
[    0.247033] pci 0000:00:18.3: bridge 32bit mmio: [0xcb300000-0xcb3fffff]
[    0.247073] pci 0000:00:18.3: bridge 64bit mmio pref: [0xd9900000-0xd99fffff]
[    0.247468] pci 0000:00:18.4: bridge 32bit mmio: [0xcb700000-0xcb7fffff]
[    0.247508] pci 0000:00:18.4: bridge 64bit mmio pref: [0xd9d00000-0xd9dfffff]
[    0.247963] pci 0000:00:18.5: bridge 32bit mmio: [0xcbb00000-0xcbbfffff]
[    0.248004] pci 0000:00:18.5: bridge 64bit mmio pref: [0xda100000-0xda1fffff]
[    0.248399] pci 0000:00:18.6: bridge 32bit mmio: [0xcbf00000-0xcbffffff]
[    0.248439] pci 0000:00:18.6: bridge 64bit mmio pref: [0xda500000-0xda5fffff]
[    0.248860] pci 0000:00:18.7: bridge 32bit mmio: [0xcc300000-0xcc3fffff]
[    0.248900] pci 0000:00:18.7: bridge 64bit mmio pref: [0xda900000-0xda9fffff]
[    0.250481] pci_bus 0000:00: on NUMA node 0
[    0.250490] ACPI: PCI Interrupt Routing Table [\_SB_.PCI0._PRT]
[    0.480021] ACPI: PCI Interrupt Link [LNKA] (IRQs 3 4 5 6 7 *9 10 11 14 15)
[    0.480180] ACPI: PCI Interrupt Link [LNKB] (IRQs 3 4 5 6 7 9 10 *11 14 15)
[    0.480335] ACPI: PCI Interrupt Link [LNKC] (IRQs 3 4 5 6 7 9 *10 11 14 15)
[    0.480501] ACPI: PCI Interrupt Link [LNKD] (IRQs 3 4 *5 6 7 9 10 11 14 15)
[    0.480641] vgaarb: device added: PCI:0000:00:0f.0,decodes=io+mem,owns=io+mem,locks=none
[    0.480651] vgaarb: loaded
[    0.480742] SCSI subsystem initialized
[    0.480787] libata version 3.00 loaded.
[    0.480828] usbcore: registered new interface driver usbfs
[    0.480840] usbcore: registered new interface driver hub
[    0.480857] usbcore: registered new device driver usb
[    0.480925] PCI: Using ACPI for IRQ routing
[    0.481998] NetLabel: Initializing
[    0.481999] NetLabel:  domain hash size = 128
[    0.482000] NetLabel:  protocols = UNLABELED CIPSOv4
[    0.482007] NetLabel:  unlabeled traffic allowed by default
[    0.482042] hpet0: at MMIO 0xfed00000, IRQs 2, 8, 0, 0, 0, 0, 0, 0, 0, 0, 0, 0, 0, 0, 0, 0
[    0.482047] hpet0: 16 comparators, 64-bit 14.318180 MHz counter
[    0.484080] Switching to clocksource tsc
[    0.491172] pnp: PnP ACPI init
[    0.491181] ACPI: bus type pnp registered
[    0.535268] pnp: PnP ACPI: found 14 devices
[    0.535270] ACPI: ACPI bus type pnp unregistered
[    0.535273] PnPBIOS: Disabled by ACPI PNP
[    0.535284] system 00:01: ioport range 0x1000-0x103f has been reserved
[    0.535285] system 00:01: ioport range 0x1040-0x104f has been reserved
[    0.535287] system 00:01: ioport range 0xcf0-0xcf1 has been reserved
[    0.535293] system 00:08: iomem range 0xfed00000-0xfed003ff has been reserved
[    0.535297] system 00:0d: ioport range 0x1060-0x107f has been reserved
[    0.535299] system 00:0d: iomem range 0xe0000000-0xefffffff has been reserved
[    0.535300] system 00:0d: iomem range 0xc8200000-0xc83fffff has been reserved
[    0.569960] pci 0000:00:15.3: BAR 13: can't allocate I/O resource [0x10000-0xffff]
[    0.569964] pci 0000:00:15.4: BAR 13: can't allocate I/O resource [0x10000-0xffff]
[    0.569967] pci 0000:00:15.5: BAR 13: can't allocate I/O resource [0x10000-0xffff]
[    0.569970] pci 0000:00:15.6: BAR 13: can't allocate I/O resource [0x10000-0xffff]
[    0.569972] pci 0000:00:15.7: BAR 13: can't allocate I/O resource [0x10000-0xffff]
[    0.569975] pci 0000:00:16.3: BAR 13: can't allocate I/O resource [0x10000-0xffff]
[    0.569978] pci 0000:00:16.4: BAR 13: can't allocate I/O resource [0x10000-0xffff]
[    0.569980] pci 0000:00:16.5: BAR 13: can't allocate I/O resource [0x10000-0xffff]
[    0.569983] pci 0000:00:16.6: BAR 13: can't allocate I/O resource [0x10000-0xffff]
[    0.569986] pci 0000:00:16.7: BAR 13: can't allocate I/O resource [0x10000-0xffff]
[    0.569988] pci 0000:00:17.3: BAR 13: can't allocate I/O resource [0x10000-0xffff]
[    0.569991] pci 0000:00:17.4: BAR 13: can't allocate I/O resource [0x10000-0xffff]
[    0.569994] pci 0000:00:17.5: BAR 13: can't allocate I/O resource [0x10000-0xffff]
[    0.569996] pci 0000:00:17.6: BAR 13: can't allocate I/O resource [0x10000-0xffff]
[    0.569999] pci 0000:00:17.7: BAR 13: can't allocate I/O resource [0x10000-0xffff]
[    0.570001] pci 0000:00:18.3: BAR 13: can't allocate I/O resource [0x10000-0xffff]
[    0.570004] pci 0000:00:18.4: BAR 13: can't allocate I/O resource [0x10000-0xffff]
[    0.570007] pci 0000:00:18.5: BAR 13: can't allocate I/O resource [0x10000-0xffff]
[    0.570009] pci 0000:00:18.6: BAR 13: can't allocate I/O resource [0x10000-0xffff]
[    0.570012] pci 0000:00:18.7: BAR 13: can't allocate I/O resource [0x10000-0xffff]
[    0.570014] pci 0000:00:01.0: PCI bridge, secondary bus 0000:01
[    0.570016] pci 0000:00:01.0:   IO window: disabled
[    0.570076] pci 0000:00:01.0:   MEM window: disabled
[    0.570135] pci 0000:00:01.0:   PREFETCH window: disabled
[    0.570180] pci 0000:00:11.0: PCI bridge, secondary bus 0000:02
[    0.570192] pci 0000:00:11.0:   IO window: 0x2000-0x3fff
[    0.570223] pci 0000:00:11.0:   MEM window: 0xc9000000-0xca3fffff
[    0.570243] pci 0000:00:11.0:   PREFETCH window: 0x000000d8400000-0x000000d89fffff
[    0.570282] pci 0000:00:15.0: PCI bridge, secondary bus 0000:03
[    0.570294] pci 0000:00:15.0:   IO window: 0x4000-0x4fff
[    0.570324] pci 0000:00:15.0:   MEM window: 0xca400000-0xca4fffff
[    0.570344] pci 0000:00:15.0:   PREFETCH window: 0x000000d8a00000-0x000000d8afffff
[    0.570396] pci 0000:00:15.1: PCI bridge, secondary bus 0000:04
[    0.570408] pci 0000:00:15.1:   IO window: 0x8000-0x8fff
[    0.570438] pci 0000:00:15.1:   MEM window: 0xca800000-0xca8fffff
[    0.570459] pci 0000:00:15.1:   PREFETCH window: 0x000000d8e00000-0x000000d8efffff
[    0.570502] pci 0000:00:15.2: PCI bridge, secondary bus 0000:05
[    0.570514] pci 0000:00:15.2:   IO window: 0xc000-0xcfff
[    0.570543] pci 0000:00:15.2:   MEM window: 0xcac00000-0xcacfffff
[    0.570564] pci 0000:00:15.2:   PREFETCH window: 0x000000d9200000-0x000000d92fffff
[    0.570607] pci 0000:00:15.3: PCI bridge, secondary bus 0000:06
[    0.570608] pci 0000:00:15.3:   IO window: disabled
[    0.570641] pci 0000:00:15.3:   MEM window: 0xcb000000-0xcb0fffff
[    0.570662] pci 0000:00:15.3:   PREFETCH window: 0x000000d9600000-0x000000d96fffff
[    0.570704] pci 0000:00:15.4: PCI bridge, secondary bus 0000:07
[    0.570706] pci 0000:00:15.4:   IO window: disabled
[    0.570736] pci 0000:00:15.4:   MEM window: 0xcb400000-0xcb4fffff
[    0.570757] pci 0000:00:15.4:   PREFETCH window: 0x000000d9a00000-0x000000d9afffff
[    0.570799] pci 0000:00:15.5: PCI bridge, secondary bus 0000:08
[    0.570801] pci 0000:00:15.5:   IO window: disabled
[    0.570831] pci 0000:00:15.5:   MEM window: 0xcb800000-0xcb8fffff
[    0.570851] pci 0000:00:15.5:   PREFETCH window: 0x000000d9e00000-0x000000d9efffff
[    0.570894] pci 0000:00:15.6: PCI bridge, secondary bus 0000:09
[    0.570896] pci 0000:00:15.6:   IO window: disabled
[    0.570926] pci 0000:00:15.6:   MEM window: 0xcbc00000-0xcbcfffff
[    0.570946] pci 0000:00:15.6:   PREFETCH window: 0x000000da200000-0x000000da2fffff
[    0.570989] pci 0000:00:15.7: PCI bridge, secondary bus 0000:0a
[    0.570990] pci 0000:00:15.7:   IO window: disabled
[    0.571020] pci 0000:00:15.7:   MEM window: 0xcc000000-0xcc0fffff
[    0.571041] pci 0000:00:15.7:   PREFETCH window: 0x000000da600000-0x000000da6fffff
[    0.571083] pci 0000:00:16.0: PCI bridge, secondary bus 0000:0b
[    0.571095] pci 0000:00:16.0:   IO window: 0x5000-0x5fff
[    0.571125] pci 0000:00:16.0:   MEM window: 0xca500000-0xca5fffff
[    0.571145] pci 0000:00:16.0:   PREFETCH window: 0x000000d8b00000-0x000000d8bfffff
[    0.571188] pci 0000:00:16.1: PCI bridge, secondary bus 0000:0c
[    0.571200] pci 0000:00:16.1:   IO window: 0x9000-0x9fff
[    0.571229] pci 0000:00:16.1:   MEM window: 0xca900000-0xca9fffff
[    0.571250] pci 0000:00:16.1:   PREFETCH window: 0x000000d8f00000-0x000000d8ffffff
[    0.571292] pci 0000:00:16.2: PCI bridge, secondary bus 0000:0d
[    0.571304] pci 0000:00:16.2:   IO window: 0xd000-0xdfff
[    0.571333] pci 0000:00:16.2:   MEM window: 0xcad00000-0xcadfffff
[    0.571354] pci 0000:00:16.2:   PREFETCH window: 0x000000d9300000-0x000000d93fffff
[    0.571396] pci 0000:00:16.3: PCI bridge, secondary bus 0000:0e
[    0.571398] pci 0000:00:16.3:   IO window: disabled
[    0.571428] pci 0000:00:16.3:   MEM window: 0xcb100000-0xcb1fffff
[    0.571448] pci 0000:00:16.3:   PREFETCH window: 0x000000d9700000-0x000000d97fffff
[    0.571491] pci 0000:00:16.4: PCI bridge, secondary bus 0000:0f
[    0.571493] pci 0000:00:16.4:   IO window: disabled
[    0.571522] pci 0000:00:16.4:   MEM window: 0xcb500000-0xcb5fffff
[    0.571543] pci 0000:00:16.4:   PREFETCH window: 0x000000d9b00000-0x000000d9bfffff
[    0.571585] pci 0000:00:16.5: PCI bridge, secondary bus 0000:10
[    0.571587] pci 0000:00:16.5:   IO window: disabled
[    0.571616] pci 0000:00:16.5:   MEM window: 0xcb900000-0xcb9fffff
[    0.571646] pci 0000:00:16.5:   PREFETCH window: 0x000000d9f00000-0x000000d9ffffff
[    0.571695] pci 0000:00:16.6: PCI bridge, secondary bus 0000:11
[    0.571697] pci 0000:00:16.6:   IO window: disabled
[    0.571727] pci 0000:00:16.6:   MEM window: 0xcbd00000-0xcbdfffff
[    0.571747] pci 0000:00:16.6:   PREFETCH window: 0x000000da300000-0x000000da3fffff
[    0.571790] pci 0000:00:16.7: PCI bridge, secondary bus 0000:12
[    0.571791] pci 0000:00:16.7:   IO window: disabled
[    0.571821] pci 0000:00:16.7:   MEM window: 0xcc100000-0xcc1fffff
[    0.571842] pci 0000:00:16.7:   PREFETCH window: 0x000000da700000-0x000000da7fffff
[    0.571884] pci 0000:00:17.0: PCI bridge, secondary bus 0000:13
[    0.571896] pci 0000:00:17.0:   IO window: 0x6000-0x6fff
[    0.571925] pci 0000:00:17.0:   MEM window: 0xca600000-0xca6fffff
[    0.571946] pci 0000:00:17.0:   PREFETCH window: 0x000000d8c00000-0x000000d8cfffff
[    0.571997] pci 0000:00:17.1: PCI bridge, secondary bus 0000:14
[    0.572010] pci 0000:00:17.1:   IO window: 0xa000-0xafff
[    0.572039] pci 0000:00:17.1:   MEM window: 0xcaa00000-0xcaafffff
[    0.572060] pci 0000:00:17.1:   PREFETCH window: 0x000000d9000000-0x000000d90fffff
[    0.572103] pci 0000:00:17.2: PCI bridge, secondary bus 0000:15
[    0.572115] pci 0000:00:17.2:   IO window: 0xe000-0xefff
[    0.572144] pci 0000:00:17.2:   MEM window: 0xcae00000-0xcaefffff
[    0.572165] pci 0000:00:17.2:   PREFETCH window: 0x000000d9400000-0x000000d94fffff
[    0.572207] pci 0000:00:17.3: PCI bridge, secondary bus 0000:16
[    0.572209] pci 0000:00:17.3:   IO window: disabled
[    0.572239] pci 0000:00:17.3:   MEM window: 0xcb200000-0xcb2fffff
[    0.572259] pci 0000:00:17.3:   PREFETCH window: 0x000000d9800000-0x000000d98fffff
[    0.572301] pci 0000:00:17.4: PCI bridge, secondary bus 0000:17
[    0.572303] pci 0000:00:17.4:   IO window: disabled
[    0.572333] pci 0000:00:17.4:   MEM window: 0xcb600000-0xcb6fffff
[    0.572353] pci 0000:00:17.4:   PREFETCH window: 0x000000d9c00000-0x000000d9cfffff
[    0.572396] pci 0000:00:17.5: PCI bridge, secondary bus 0000:18
[    0.572397] pci 0000:00:17.5:   IO window: disabled
[    0.572427] pci 0000:00:17.5:   MEM window: 0xcba00000-0xcbafffff
[    0.572447] pci 0000:00:17.5:   PREFETCH window: 0x000000da000000-0x000000da0fffff
[    0.572490] pci 0000:00:17.6: PCI bridge, secondary bus 0000:19
[    0.572492] pci 0000:00:17.6:   IO window: disabled
[    0.572521] pci 0000:00:17.6:   MEM window: 0xcbe00000-0xcbefffff
[    0.572542] pci 0000:00:17.6:   PREFETCH window: 0x000000da400000-0x000000da4fffff
[    0.572584] pci 0000:00:17.7: PCI bridge, secondary bus 0000:1a
[    0.572585] pci 0000:00:17.7:   IO window: disabled
[    0.572624] pci 0000:00:17.7:   MEM window: 0xcc200000-0xcc2fffff
[    0.572645] pci 0000:00:17.7:   PREFETCH window: 0x000000da800000-0x000000da8fffff
[    0.572687] pci 0000:00:18.0: PCI bridge, secondary bus 0000:1b
[    0.572699] pci 0000:00:18.0:   IO window: 0x7000-0x7fff
[    0.572728] pci 0000:00:18.0:   MEM window: 0xca700000-0xca7fffff
[    0.572749] pci 0000:00:18.0:   PREFETCH window: 0x000000d8d00000-0x000000d8dfffff
[    0.572791] pci 0000:00:18.1: PCI bridge, secondary bus 0000:1c
[    0.572803] pci 0000:00:18.1:   IO window: 0xb000-0xbfff
[    0.572833] pci 0000:00:18.1:   MEM window: 0xcab00000-0xcabfffff
[    0.572853] pci 0000:00:18.1:   PREFETCH window: 0x000000d9100000-0x000000d91fffff
[    0.572895] pci 0000:00:18.2: PCI bridge, secondary bus 0000:1d
[    0.572907] pci 0000:00:18.2:   IO window: 0xf000-0xffff
[    0.572937] pci 0000:00:18.2:   MEM window: 0xcaf00000-0xcaffffff
[    0.572957] pci 0000:00:18.2:   PREFETCH window: 0x000000d9500000-0x000000d95fffff
[    0.573000] pci 0000:00:18.3: PCI bridge, secondary bus 0000:1e
[    0.573001] pci 0000:00:18.3:   IO window: disabled
[    0.573031] pci 0000:00:18.3:   MEM window: 0xcb300000-0xcb3fffff
[    0.573051] pci 0000:00:18.3:   PREFETCH window: 0x000000d9900000-0x000000d99fffff
[    0.573094] pci 0000:00:18.4: PCI bridge, secondary bus 0000:1f
[    0.573095] pci 0000:00:18.4:   IO window: disabled
[    0.573125] pci 0000:00:18.4:   MEM window: 0xcb700000-0xcb7fffff
[    0.573145] pci 0000:00:18.4:   PREFETCH window: 0x000000d9d00000-0x000000d9dfffff
[    0.573188] pci 0000:00:18.5: PCI bridge, secondary bus 0000:20
[    0.573189] pci 0000:00:18.5:   IO window: disabled
[    0.573219] pci 0000:00:18.5:   MEM window: 0xcbb00000-0xcbbfffff
[    0.573239] pci 0000:00:18.5:   PREFETCH window: 0x000000da100000-0x000000da1fffff
[    0.573282] pci 0000:00:18.6: PCI bridge, secondary bus 0000:21
[    0.573283] pci 0000:00:18.6:   IO window: disabled
[    0.573313] pci 0000:00:18.6:   MEM window: 0xcbf00000-0xcbffffff
[    0.573333] pci 0000:00:18.6:   PREFETCH window: 0x000000da500000-0x000000da5fffff
[    0.573376] pci 0000:00:18.7: PCI bridge, secondary bus 0000:22
[    0.573377] pci 0000:00:18.7:   IO window: disabled
[    0.573407] pci 0000:00:18.7:   MEM window: 0xcc300000-0xcc3fffff
[    0.573428] pci 0000:00:18.7:   PREFETCH window: 0x000000da900000-0x000000da9fffff
[    0.573487] pci 0000:00:01.0: setting latency timer to 64
[    0.573547] pci 0000:00:15.0: setting latency timer to 64
[    0.573607] pci 0000:00:15.1: setting latency timer to 64
[    0.573667] pci 0000:00:15.2: setting latency timer to 64
[    0.573726] pci 0000:00:15.3: setting latency timer to 64
[    0.573786] pci 0000:00:15.4: setting latency timer to 64
[    0.573846] pci 0000:00:15.5: setting latency timer to 64
[    0.573906] pci 0000:00:15.6: setting latency timer to 64
[    0.573966] pci 0000:00:15.7: setting latency timer to 64
[    0.574025] pci 0000:00:16.0: setting latency timer to 64
[    0.574085] pci 0000:00:16.1: setting latency timer to 64
[    0.574145] pci 0000:00:16.2: setting latency timer to 64
[    0.574205] pci 0000:00:16.3: setting latency timer to 64
[    0.574264] pci 0000:00:16.4: setting latency timer to 64
[    0.574324] pci 0000:00:16.5: setting latency timer to 64
[    0.574384] pci 0000:00:16.6: setting latency timer to 64
[    0.574444] pci 0000:00:16.7: setting latency timer to 64
[    0.574504] pci 0000:00:17.0: setting latency timer to 64
[    0.574563] pci 0000:00:17.1: setting latency timer to 64
[    0.574623] pci 0000:00:17.2: setting latency timer to 64
[    0.574683] pci 0000:00:17.3: setting latency timer to 64
[    0.574743] pci 0000:00:17.4: setting latency timer to 64
[    0.574802] pci 0000:00:17.5: setting latency timer to 64
[    0.574862] pci 0000:00:17.6: setting latency timer to 64
[    0.574922] pci 0000:00:17.7: setting latency timer to 64
[    0.574982] pci 0000:00:18.0: setting latency timer to 64
[    0.575042] pci 0000:00:18.1: setting latency timer to 64
[    0.575101] pci 0000:00:18.2: setting latency timer to 64
[    0.575161] pci 0000:00:18.3: setting latency timer to 64
[    0.575221] pci 0000:00:18.4: setting latency timer to 64
[    0.575281] pci 0000:00:18.5: setting latency timer to 64
[    0.575340] pci 0000:00:18.6: setting latency timer to 64
[    0.575400] pci 0000:00:18.7: setting latency timer to 64
[    0.575413] pci_bus 0000:00: resource 0 io:  [0x00-0xffff]
[    0.575415] pci_bus 0000:00: resource 1 mem: [0x000000-0xffffffffffffffff]
[    0.575418] pci_bus 0000:02: resource 0 io:  [0x2000-0x3fff]
[    0.575420] pci_bus 0000:02: resource 1 mem: [0xc9000000-0xca3fffff]
[    0.575422] pci_bus 0000:02: resource 2 pref mem [0xd8400000-0xd89fffff]
[    0.575424] pci_bus 0000:02: resource 3 io:  [0x00-0xffff]
[    0.575426] pci_bus 0000:02: resource 4 mem: [0x000000-0xffffffffffffffff]
[    0.575428] pci_bus 0000:03: resource 0 io:  [0x4000-0x4fff]
[    0.575430] pci_bus 0000:03: resource 1 mem: [0xca400000-0xca4fffff]
[    0.575431] pci_bus 0000:03: resource 2 pref mem [0xd8a00000-0xd8afffff]
[    0.575433] pci_bus 0000:04: resource 0 io:  [0x8000-0x8fff]
[    0.575435] pci_bus 0000:04: resource 1 mem: [0xca800000-0xca8fffff]
[    0.575437] pci_bus 0000:04: resource 2 pref mem [0xd8e00000-0xd8efffff]
[    0.575439] pci_bus 0000:05: resource 0 io:  [0xc000-0xcfff]
[    0.575441] pci_bus 0000:05: resource 1 mem: [0xcac00000-0xcacfffff]
[    0.575443] pci_bus 0000:05: resource 2 pref mem [0xd9200000-0xd92fffff]
[    0.575445] pci_bus 0000:06: resource 1 mem: [0xcb000000-0xcb0fffff]
[    0.575447] pci_bus 0000:06: resource 2 pref mem [0xd9600000-0xd96fffff]
[    0.575449] pci_bus 0000:07: resource 1 mem: [0xcb400000-0xcb4fffff]
[    0.575451] pci_bus 0000:07: resource 2 pref mem [0xd9a00000-0xd9afffff]
[    0.575453] pci_bus 0000:08: resource 1 mem: [0xcb800000-0xcb8fffff]
[    0.575455] pci_bus 0000:08: resource 2 pref mem [0xd9e00000-0xd9efffff]
[    0.575457] pci_bus 0000:09: resource 1 mem: [0xcbc00000-0xcbcfffff]
[    0.575459] pci_bus 0000:09: resource 2 pref mem [0xda200000-0xda2fffff]
[    0.575461] pci_bus 0000:0a: resource 1 mem: [0xcc000000-0xcc0fffff]
[    0.575463] pci_bus 0000:0a: resource 2 pref mem [0xda600000-0xda6fffff]
[    0.575464] pci_bus 0000:0b: resource 0 io:  [0x5000-0x5fff]
[    0.575466] pci_bus 0000:0b: resource 1 mem: [0xca500000-0xca5fffff]
[    0.575468] pci_bus 0000:0b: resource 2 pref mem [0xd8b00000-0xd8bfffff]
[    0.575470] pci_bus 0000:0c: resource 0 io:  [0x9000-0x9fff]
[    0.575472] pci_bus 0000:0c: resource 1 mem: [0xca900000-0xca9fffff]
[    0.575474] pci_bus 0000:0c: resource 2 pref mem [0xd8f00000-0xd8ffffff]
[    0.575476] pci_bus 0000:0d: resource 0 io:  [0xd000-0xdfff]
[    0.575478] pci_bus 0000:0d: resource 1 mem: [0xcad00000-0xcadfffff]
[    0.575480] pci_bus 0000:0d: resource 2 pref mem [0xd9300000-0xd93fffff]
[    0.575482] pci_bus 0000:0e: resource 1 mem: [0xcb100000-0xcb1fffff]
[    0.575483] pci_bus 0000:0e: resource 2 pref mem [0xd9700000-0xd97fffff]
[    0.575486] pci_bus 0000:0f: resource 1 mem: [0xcb500000-0xcb5fffff]
[    0.575487] pci_bus 0000:0f: resource 2 pref mem [0xd9b00000-0xd9bfffff]
[    0.575489] pci_bus 0000:10: resource 1 mem: [0xcb900000-0xcb9fffff]
[    0.575491] pci_bus 0000:10: resource 2 pref mem [0xd9f00000-0xd9ffffff]
[    0.575493] pci_bus 0000:11: resource 1 mem: [0xcbd00000-0xcbdfffff]
[    0.575495] pci_bus 0000:11: resource 2 pref mem [0xda300000-0xda3fffff]
[    0.575497] pci_bus 0000:12: resource 1 mem: [0xcc100000-0xcc1fffff]
[    0.575499] pci_bus 0000:12: resource 2 pref mem [0xda700000-0xda7fffff]
[    0.575501] pci_bus 0000:13: resource 0 io:  [0x6000-0x6fff]
[    0.575503] pci_bus 0000:13: resource 1 mem: [0xca600000-0xca6fffff]
[    0.575505] pci_bus 0000:13: resource 2 pref mem [0xd8c00000-0xd8cfffff]
[    0.575507] pci_bus 0000:14: resource 0 io:  [0xa000-0xafff]
[    0.575509] pci_bus 0000:14: resource 1 mem: [0xcaa00000-0xcaafffff]
[    0.575510] pci_bus 0000:14: resource 2 pref mem [0xd9000000-0xd90fffff]
[    0.575512] pci_bus 0000:15: resource 0 io:  [0xe000-0xefff]
[    0.575514] pci_bus 0000:15: resource 1 mem: [0xcae00000-0xcaefffff]
[    0.575516] pci_bus 0000:15: resource 2 pref mem [0xd9400000-0xd94fffff]
[    0.575518] pci_bus 0000:16: resource 1 mem: [0xcb200000-0xcb2fffff]
[    0.575520] pci_bus 0000:16: resource 2 pref mem [0xd9800000-0xd98fffff]
[    0.575522] pci_bus 0000:17: resource 1 mem: [0xcb600000-0xcb6fffff]
[    0.575524] pci_bus 0000:17: resource 2 pref mem [0xd9c00000-0xd9cfffff]
[    0.575526] pci_bus 0000:18: resource 1 mem: [0xcba00000-0xcbafffff]
[    0.575528] pci_bus 0000:18: resource 2 pref mem [0xda000000-0xda0fffff]
[    0.575530] pci_bus 0000:19: resource 1 mem: [0xcbe00000-0xcbefffff]
[    0.575532] pci_bus 0000:19: resource 2 pref mem [0xda400000-0xda4fffff]
[    0.575534] pci_bus 0000:1a: resource 1 mem: [0xcc200000-0xcc2fffff]
[    0.575536] pci_bus 0000:1a: resource 2 pref mem [0xda800000-0xda8fffff]
[    0.575538] pci_bus 0000:1b: resource 0 io:  [0x7000-0x7fff]
[    0.575539] pci_bus 0000:1b: resource 1 mem: [0xca700000-0xca7fffff]
[    0.575541] pci_bus 0000:1b: resource 2 pref mem [0xd8d00000-0xd8dfffff]
[    0.575543] pci_bus 0000:1c: resource 0 io:  [0xb000-0xbfff]
[    0.575545] pci_bus 0000:1c: resource 1 mem: [0xcab00000-0xcabfffff]
[    0.575547] pci_bus 0000:1c: resource 2 pref mem [0xd9100000-0xd91fffff]
[    0.575549] pci_bus 0000:1d: resource 0 io:  [0xf000-0xffff]
[    0.575551] pci_bus 0000:1d: resource 1 mem: [0xcaf00000-0xcaffffff]
[    0.575553] pci_bus 0000:1d: resource 2 pref mem [0xd9500000-0xd95fffff]
[    0.575555] pci_bus 0000:1e: resource 1 mem: [0xcb300000-0xcb3fffff]
[    0.575557] pci_bus 0000:1e: resource 2 pref mem [0xd9900000-0xd99fffff]
[    0.575559] pci_bus 0000:1f: resource 1 mem: [0xcb700000-0xcb7fffff]
[    0.575560] pci_bus 0000:1f: resource 2 pref mem [0xd9d00000-0xd9dfffff]
[    0.575562] pci_bus 0000:20: resource 1 mem: [0xcbb00000-0xcbbfffff]
[    0.575564] pci_bus 0000:20: resource 2 pref mem [0xda100000-0xda1fffff]
[    0.575566] pci_bus 0000:21: resource 1 mem: [0xcbf00000-0xcbffffff]
[    0.575568] pci_bus 0000:21: resource 2 pref mem [0xda500000-0xda5fffff]
[    0.575570] pci_bus 0000:22: resource 1 mem: [0xcc300000-0xcc3fffff]
[    0.575572] pci_bus 0000:22: resource 2 pref mem [0xda900000-0xda9fffff]
[    0.575598] NET: Registered protocol family 2
[    0.575615] RANDOM - __random32 called. Change num 7.  Value: 78479613	a20bea99	a8d6327e
[    0.575617] RANDOM - random32 called.  Value: 78479613	a20bea99	a8d6327e
[    0.575626] random 0000 0000 0000 00000000 00000000: rand_read_num 2 get_random_bytes(4): sig fffffe1a 00000000 00000000
[    0.575628] random 0000 0000 0000 00000000 00000000: extract_entropy(.. 4 ..)
[    0.575631] random 0000 0000 0000 00000000 00000000: going to reseed nonblocking with 64 bits (32 of 0 requested)
[    0.575634] random 0000 0000 0000 00000000 00000000: extract_entropy(.. 8 ..)
[    0.575636] random 0000 0000 0000 00000000 00000000: trying to extract 64 bits from input
[    0.575638] random 0000 0000 0000 00000000 00000000: debiting 0 entropy credits from input
[    0.575640] random 0000 0000 0000 00000000 00000000: extract_entropy account returned: 0 
[    0.575644] random 0000 0000 0000 00000000 00000000: urand_change_num 3 xfer_secondary_pool(4): pool_sig fffffe1a, data_sig 00000000, bytes_mixed 0 00000000 00000000
[    0.575646] random 0000 0000 0000 00000000 00000000: trying to extract 32 bits from nonblocking
[    0.575649] random 0000 0000 0000 00000000 00000000: debiting 32 entropy credits from nonblocking (unlimited)
[    0.575652] random 0000 0000 0000 00000000 00000000: extract_entropy account returned: 4 
[    0.575655] random 0000 0000 0000 00000000 00000000: urand_change_num 4 extract_buf: pool_sig fffffe1a, data_sig fffffed7, bytes_mixed 20 00000000 00000000
[    0.575687] IP route cache hash table entries: 32768 (order: 5, 131072 bytes)
[    0.575746] RANDOM - __random32 called. Change num 8.  Value: 79613150	20bea995	64fdccf4
[    0.575749] RANDOM - random32 called.  Value: 79613150	20bea995	64fdccf4
[    0.575809] RANDOM - __random32 called. Change num 9.  Value: 13150be9	bea9951	99e86275
[    0.575811] RANDOM - random32 called.  Value: 13150be9	bea9951	99e86275
[    0.575813] RANDOM - __random32 called. Change num 10.  Value: 50be964d	bea99512	c4ead56e
[    0.575815] RANDOM - random32 called.  Value: 50be964d	bea99512	c4ead56e
[    0.575838] RANDOM - __random32 called. Change num 11.  Value: e964d04e	ea995122	aadc778f
[    0.575840] RANDOM - random32 called.  Value: e964d04e	ea995122	aadc778f
[    0.575851] TCP established hash table entries: 131072 (order: 8, 1048576 bytes)
[    0.575865] TCP bind hash table entries: 65536 (order: 7, 524288 bytes)
[    0.576044] TCP: Hash tables configured (established 131072 bind 65536)
[    0.576047] TCP reno registered
[    0.576085] NET: Registered protocol family 1
[    0.576095] pci 0000:00:00.0: Limiting direct PCI/PCI transfers
[    0.576117] pci 0000:00:0f.0: Boot video device
[    0.576241] Trying to unpack rootfs image as initramfs...
[    1.694399] Freeing initrd memory: 83430k freed
[    1.698423] Simple Boot Flag at 0x36 set to 0x1
[    1.698467] cpufreq-nforce2: No nForce2 chipset.
[    1.698481] Scanning for low memory corruption every 60 seconds
[    1.698598] audit: initializing netlink socket (disabled)
[    1.698607] type=2000 audit(1369440650.692:1): initialized
[    1.702530] highmem bounce pool size: 64 pages
[    1.702535] HugeTLB registered 2 MB page size, pre-allocated 0 pages
[    1.702631] VFS: Disk quotas dquot_6.5.2
[    1.702664] Dquot-cache hash table entries: 1024 (order 0, 4096 bytes)
[    1.702745] fuse init (API version 7.13)
[    1.702789] msgmni has been set to 1729
[    1.703079] alg: No test for stdrng (krng)
[    1.703114] Block layer SCSI generic (bsg) driver version 0.4 loaded (major 253)
[    1.703117] io scheduler noop registered
[    1.703119] io scheduler anticipatory registered
[    1.703120] io scheduler deadline registered
[    1.703141] io scheduler cfq registered (default)
[    1.703186]   alloc irq_desc for 24 on node -1
[    1.703188]   alloc kstat_irqs on node -1
[    1.703233] pcieport 0000:00:15.0: irq 24 for MSI/MSI-X
[    1.703277] pcieport 0000:00:15.0: setting latency timer to 64
[    1.703322]   alloc irq_desc for 25 on node -1
[    1.703324]   alloc kstat_irqs on node -1
[    1.703369] pcieport 0000:00:15.1: irq 25 for MSI/MSI-X
[    1.703413] pcieport 0000:00:15.1: setting latency timer to 64
[    1.703458]   alloc irq_desc for 26 on node -1
[    1.703460]   alloc kstat_irqs on node -1
[    1.703505] pcieport 0000:00:15.2: irq 26 for MSI/MSI-X
[    1.703549] pcieport 0000:00:15.2: setting latency timer to 64
[    1.703594]   alloc irq_desc for 27 on node -1
[    1.703596]   alloc kstat_irqs on node -1
[    1.703641] pcieport 0000:00:15.3: irq 27 for MSI/MSI-X
[    1.703685] pcieport 0000:00:15.3: setting latency timer to 64
[    1.703730]   alloc irq_desc for 28 on node -1
[    1.703732]   alloc kstat_irqs on node -1
[    1.703777] pcieport 0000:00:15.4: irq 28 for MSI/MSI-X
[    1.703821] pcieport 0000:00:15.4: setting latency timer to 64
[    1.703866]   alloc irq_desc for 29 on node -1
[    1.703868]   alloc kstat_irqs on node -1
[    1.703913] pcieport 0000:00:15.5: irq 29 for MSI/MSI-X
[    1.703957] pcieport 0000:00:15.5: setting latency timer to 64
[    1.704047]   alloc irq_desc for 30 on node -1
[    1.704049]   alloc kstat_irqs on node -1
[    1.704093] pcieport 0000:00:15.6: irq 30 for MSI/MSI-X
[    1.704138] pcieport 0000:00:15.6: setting latency timer to 64
[    1.704183]   alloc irq_desc for 31 on node -1
[    1.704185]   alloc kstat_irqs on node -1
[    1.704230] pcieport 0000:00:15.7: irq 31 for MSI/MSI-X
[    1.704275] pcieport 0000:00:15.7: setting latency timer to 64
[    1.704319]   alloc irq_desc for 32 on node -1
[    1.704322]   alloc kstat_irqs on node -1
[    1.704366] pcieport 0000:00:16.0: irq 32 for MSI/MSI-X
[    1.704411] pcieport 0000:00:16.0: setting latency timer to 64
[    1.704455]   alloc irq_desc for 33 on node -1
[    1.704458]   alloc kstat_irqs on node -1
[    1.704502] pcieport 0000:00:16.1: irq 33 for MSI/MSI-X
[    1.704547] pcieport 0000:00:16.1: setting latency timer to 64
[    1.704591]   alloc irq_desc for 34 on node -1
[    1.704593]   alloc kstat_irqs on node -1
[    1.704638] pcieport 0000:00:16.2: irq 34 for MSI/MSI-X
[    1.704683] pcieport 0000:00:16.2: setting latency timer to 64
[    1.704727]   alloc irq_desc for 35 on node -1
[    1.704729]   alloc kstat_irqs on node -1
[    1.704774] pcieport 0000:00:16.3: irq 35 for MSI/MSI-X
[    1.704819] pcieport 0000:00:16.3: setting latency timer to 64
[    1.704863]   alloc irq_desc for 36 on node -1
[    1.704865]   alloc kstat_irqs on node -1
[    1.704910] pcieport 0000:00:16.4: irq 36 for MSI/MSI-X
[    1.704955] pcieport 0000:00:16.4: setting latency timer to 64
[    1.704999]   alloc irq_desc for 37 on node -1
[    1.705001]   alloc kstat_irqs on node -1
[    1.705046] pcieport 0000:00:16.5: irq 37 for MSI/MSI-X
[    1.705090] pcieport 0000:00:16.5: setting latency timer to 64
[    1.705135]   alloc irq_desc for 38 on node -1
[    1.705137]   alloc kstat_irqs on node -1
[    1.705182] pcieport 0000:00:16.6: irq 38 for MSI/MSI-X
[    1.705227] pcieport 0000:00:16.6: setting latency timer to 64
[    1.705271]   alloc irq_desc for 39 on node -1
[    1.705273]   alloc kstat_irqs on node -1
[    1.705318] pcieport 0000:00:16.7: irq 39 for MSI/MSI-X
[    1.705363] pcieport 0000:00:16.7: setting latency timer to 64
[    1.706440]   alloc irq_desc for 40 on node -1
[    1.706442]   alloc kstat_irqs on node -1
[    1.706486] pcieport 0000:00:17.0: irq 40 for MSI/MSI-X
[    1.706531] pcieport 0000:00:17.0: setting latency timer to 64
[    1.706575]   alloc irq_desc for 41 on node -1
[    1.706577]   alloc kstat_irqs on node -1
[    1.706622] pcieport 0000:00:17.1: irq 41 for MSI/MSI-X
[    1.706667] pcieport 0000:00:17.1: setting latency timer to 64
[    1.706711]   alloc irq_desc for 42 on node -1
[    1.706713]   alloc kstat_irqs on node -1
[    1.706758] pcieport 0000:00:17.2: irq 42 for MSI/MSI-X
[    1.706803] pcieport 0000:00:17.2: setting latency timer to 64
[    1.706847]   alloc irq_desc for 43 on node -1
[    1.706849]   alloc kstat_irqs on node -1
[    1.706894] pcieport 0000:00:17.3: irq 43 for MSI/MSI-X
[    1.706939] pcieport 0000:00:17.3: setting latency timer to 64
[    1.706983]   alloc irq_desc for 44 on node -1
[    1.706985]   alloc kstat_irqs on node -1
[    1.707030] pcieport 0000:00:17.4: irq 44 for MSI/MSI-X
[    1.707074] pcieport 0000:00:17.4: setting latency timer to 64
[    1.707119]   alloc irq_desc for 45 on node -1
[    1.707121]   alloc kstat_irqs on node -1
[    1.707166] pcieport 0000:00:17.5: irq 45 for MSI/MSI-X
[    1.707210] pcieport 0000:00:17.5: setting latency timer to 64
[    1.707255]   alloc irq_desc for 46 on node -1
[    1.707257]   alloc kstat_irqs on node -1
[    1.707302] pcieport 0000:00:17.6: irq 46 for MSI/MSI-X
[    1.707346] pcieport 0000:00:17.6: setting latency timer to 64
[    1.707391]   alloc irq_desc for 47 on node -1
[    1.707393]   alloc kstat_irqs on node -1
[    1.707438] pcieport 0000:00:17.7: irq 47 for MSI/MSI-X
[    1.707482] pcieport 0000:00:17.7: setting latency timer to 64
[    1.707527]   alloc irq_desc for 48 on node -1
[    1.707529]   alloc kstat_irqs on node -1
[    1.707574] pcieport 0000:00:18.0: irq 48 for MSI/MSI-X
[    1.707618] pcieport 0000:00:18.0: setting latency timer to 64
[    1.707663]   alloc irq_desc for 49 on node -1
[    1.707665]   alloc kstat_irqs on node -1
[    1.707709] pcieport 0000:00:18.1: irq 49 for MSI/MSI-X
[    1.707754] pcieport 0000:00:18.1: setting latency timer to 64
[    1.707799]   alloc irq_desc for 50 on node -1
[    1.707801]   alloc kstat_irqs on node -1
[    1.707845] pcieport 0000:00:18.2: irq 50 for MSI/MSI-X
[    1.707890] pcieport 0000:00:18.2: setting latency timer to 64
[    1.707935]   alloc irq_desc for 51 on node -1
[    1.707936]   alloc kstat_irqs on node -1
[    1.707981] pcieport 0000:00:18.3: irq 51 for MSI/MSI-X
[    1.708026] pcieport 0000:00:18.3: setting latency timer to 64
[    1.708070]   alloc irq_desc for 52 on node -1
[    1.708072]   alloc kstat_irqs on node -1
[    1.708117] pcieport 0000:00:18.4: irq 52 for MSI/MSI-X
[    1.708162] pcieport 0000:00:18.4: setting latency timer to 64
[    1.708206]   alloc irq_desc for 53 on node -1
[    1.708208]   alloc kstat_irqs on node -1
[    1.708253] pcieport 0000:00:18.5: irq 53 for MSI/MSI-X
[    1.708297] pcieport 0000:00:18.5: setting latency timer to 64
[    1.708342]   alloc irq_desc for 54 on node -1
[    1.708344]   alloc kstat_irqs on node -1
[    1.708389] pcieport 0000:00:18.6: irq 54 for MSI/MSI-X
[    1.708433] pcieport 0000:00:18.6: setting latency timer to 64
[    1.708478]   alloc irq_desc for 55 on node -1
[    1.708480]   alloc kstat_irqs on node -1
[    1.708524] pcieport 0000:00:18.7: irq 55 for MSI/MSI-X
[    1.708569] pcieport 0000:00:18.7: setting latency timer to 64
[    1.708614] pci_hotplug: PCI Hot Plug PCI Core version: 0.5
[    1.710442] pciehp 0000:00:15.0:pcie04: HPC vendor_id 15ad device_id 7a0 ss_vid 0 ss_did 0
[    1.710486] pciehp 0000:00:15.0:pcie04: service driver pciehp loaded
[    1.710531] pciehp 0000:00:15.1:pcie04: HPC vendor_id 15ad device_id 7a0 ss_vid 0 ss_did 0
[    1.710576] pciehp 0000:00:15.1:pcie04: service driver pciehp loaded
[    1.710620] pciehp 0000:00:15.2:pcie04: HPC vendor_id 15ad device_id 7a0 ss_vid 0 ss_did 0
[    1.710665] pciehp 0000:00:15.2:pcie04: service driver pciehp loaded
[    1.710710] pciehp 0000:00:15.3:pcie04: HPC vendor_id 15ad device_id 7a0 ss_vid 0 ss_did 0
[    1.710754] pciehp 0000:00:15.3:pcie04: service driver pciehp loaded
[    1.710799] pciehp 0000:00:15.4:pcie04: HPC vendor_id 15ad device_id 7a0 ss_vid 0 ss_did 0
[    1.710843] pciehp 0000:00:15.4:pcie04: service driver pciehp loaded
[    1.710888] pciehp 0000:00:15.5:pcie04: HPC vendor_id 15ad device_id 7a0 ss_vid 0 ss_did 0
[    1.710933] pciehp 0000:00:15.5:pcie04: service driver pciehp loaded
[    1.710977] pciehp 0000:00:15.6:pcie04: HPC vendor_id 15ad device_id 7a0 ss_vid 0 ss_did 0
[    1.711022] pciehp 0000:00:15.6:pcie04: service driver pciehp loaded
[    1.711067] pciehp 0000:00:15.7:pcie04: HPC vendor_id 15ad device_id 7a0 ss_vid 0 ss_did 0
[    1.711111] pciehp 0000:00:15.7:pcie04: service driver pciehp loaded
[    1.711156] pciehp 0000:00:16.0:pcie04: HPC vendor_id 15ad device_id 7a0 ss_vid 0 ss_did 0
[    1.711201] pciehp 0000:00:16.0:pcie04: service driver pciehp loaded
[    1.711245] pciehp 0000:00:16.1:pcie04: HPC vendor_id 15ad device_id 7a0 ss_vid 0 ss_did 0
[    1.711290] pciehp 0000:00:16.1:pcie04: service driver pciehp loaded
[    1.711335] pciehp 0000:00:16.2:pcie04: HPC vendor_id 15ad device_id 7a0 ss_vid 0 ss_did 0
[    1.711379] pciehp 0000:00:16.2:pcie04: service driver pciehp loaded
[    1.711424] pciehp 0000:00:16.3:pcie04: HPC vendor_id 15ad device_id 7a0 ss_vid 0 ss_did 0
[    1.711468] pciehp 0000:00:16.3:pcie04: service driver pciehp loaded
[    1.711513] pciehp 0000:00:16.4:pcie04: HPC vendor_id 15ad device_id 7a0 ss_vid 0 ss_did 0
[    1.711558] pciehp 0000:00:16.4:pcie04: service driver pciehp loaded
[    1.711602] pciehp 0000:00:16.5:pcie04: HPC vendor_id 15ad device_id 7a0 ss_vid 0 ss_did 0
[    1.711647] pciehp 0000:00:16.5:pcie04: service driver pciehp loaded
[    1.711692] pciehp 0000:00:16.6:pcie04: HPC vendor_id 15ad device_id 7a0 ss_vid 0 ss_did 0
[    1.711736] pciehp 0000:00:16.6:pcie04: service driver pciehp loaded
[    1.711781] pciehp 0000:00:16.7:pcie04: HPC vendor_id 15ad device_id 7a0 ss_vid 0 ss_did 0
[    1.711826] pciehp 0000:00:16.7:pcie04: service driver pciehp loaded
[    1.711870] pciehp 0000:00:17.0:pcie04: HPC vendor_id 15ad device_id 7a0 ss_vid 0 ss_did 0
[    1.711915] pciehp 0000:00:17.0:pcie04: service driver pciehp loaded
[    1.711959] pciehp 0000:00:17.1:pcie04: HPC vendor_id 15ad device_id 7a0 ss_vid 0 ss_did 0
[    1.712004] pciehp 0000:00:17.1:pcie04: service driver pciehp loaded
[    1.712049] pciehp 0000:00:17.2:pcie04: HPC vendor_id 15ad device_id 7a0 ss_vid 0 ss_did 0
[    1.712093] pciehp 0000:00:17.2:pcie04: service driver pciehp loaded
[    1.712138] pciehp 0000:00:17.3:pcie04: HPC vendor_id 15ad device_id 7a0 ss_vid 0 ss_did 0
[    1.712183] pciehp 0000:00:17.3:pcie04: service driver pciehp loaded
[    1.712227] pciehp 0000:00:17.4:pcie04: HPC vendor_id 15ad device_id 7a0 ss_vid 0 ss_did 0
[    1.712272] pciehp 0000:00:17.4:pcie04: service driver pciehp loaded
[    1.712317] pciehp 0000:00:17.5:pcie04: HPC vendor_id 15ad device_id 7a0 ss_vid 0 ss_did 0
[    1.712361] pciehp 0000:00:17.5:pcie04: service driver pciehp loaded
[    1.712406] pciehp 0000:00:17.6:pcie04: HPC vendor_id 15ad device_id 7a0 ss_vid 0 ss_did 0
[    1.712451] pciehp 0000:00:17.6:pcie04: service driver pciehp loaded
[    1.712495] pciehp 0000:00:17.7:pcie04: HPC vendor_id 15ad device_id 7a0 ss_vid 0 ss_did 0
[    1.712540] pciehp 0000:00:17.7:pcie04: service driver pciehp loaded
[    1.712584] pciehp 0000:00:18.0:pcie04: HPC vendor_id 15ad device_id 7a0 ss_vid 0 ss_did 0
[    1.712629] pciehp 0000:00:18.0:pcie04: service driver pciehp loaded
[    1.712674] pciehp 0000:00:18.1:pcie04: HPC vendor_id 15ad device_id 7a0 ss_vid 0 ss_did 0
[    1.712718] pciehp 0000:00:18.1:pcie04: service driver pciehp loaded
[    1.712763] pciehp 0000:00:18.2:pcie04: HPC vendor_id 15ad device_id 7a0 ss_vid 0 ss_did 0
[    1.712808] pciehp 0000:00:18.2:pcie04: service driver pciehp loaded
[    1.712852] pciehp 0000:00:18.3:pcie04: HPC vendor_id 15ad device_id 7a0 ss_vid 0 ss_did 0
[    1.712897] pciehp 0000:00:18.3:pcie04: service driver pciehp loaded
[    1.712942] pciehp 0000:00:18.4:pcie04: HPC vendor_id 15ad device_id 7a0 ss_vid 0 ss_did 0
[    1.712986] pciehp 0000:00:18.4:pcie04: service driver pciehp loaded
[    1.713031] pciehp 0000:00:18.5:pcie04: HPC vendor_id 15ad device_id 7a0 ss_vid 0 ss_did 0
[    1.713076] pciehp 0000:00:18.5:pcie04: service driver pciehp loaded
[    1.713120] pciehp 0000:00:18.6:pcie04: HPC vendor_id 15ad device_id 7a0 ss_vid 0 ss_did 0
[    1.713165] pciehp 0000:00:18.6:pcie04: service driver pciehp loaded
[    1.713209] pciehp 0000:00:18.7:pcie04: HPC vendor_id 15ad device_id 7a0 ss_vid 0 ss_did 0
[    1.713254] pciehp 0000:00:18.7:pcie04: service driver pciehp loaded
[    1.713261] pciehp: PCI Express Hot Plug Controller Driver version: 0.4
[    1.713310] ACPI: AC Adapter [ACAD] (on-line)
[    1.713361] input: Power Button as /devices/LNXSYSTM:00/LNXPWRBN:00/input/input0
[    1.713364] ACPI: Power Button [PWRF]
[    1.713409] processor LNXCPU:00: registered as cooling_device0
[    1.754352] isapnp: Scanning for PnP cards...
[    2.108037] isapnp: No Plug & Play device found
[    2.108066] random 0000 0000 0000 5f8db4e5 4cfdf2a8: initializing
[    2.108190] Linux agpgart interface v0.103
[    2.108228] agpgart-intel 0000:00:00.0: Intel 440BX Chipset
[    2.108280] agpgart-intel 0000:00:00.0: AGP aperture is 256M @ 0x0
[    2.108311] Serial: 8250/16550 driver, 32 ports, IRQ sharing enabled
[    2.108363] serial8250: ttyS0 at I/O 0x3f8 (irq = 4) is a 16550A
[    2.108415] serial8250: ttyS1 at I/O 0x2f8 (irq = 3) is a 16550A
[    2.108467] 00:0a: ttyS0 at I/O 0x3f8 (irq = 4) is a 16550A
[    2.108519] 00:0b: ttyS1 at I/O 0x2f8 (irq = 3) is a 16550A
[    2.108571] brd: module loaded
[    2.108623] loop: module loaded
[    2.108675] ata_piix 0000:00:07.1: version 2.13
[    2.108755] scsi0 : ata_piix
[    2.108802] scsi1 : ata_piix
[    2.108821] ata1: PATA max UDMA/33 cmd 0x1f0 ctl 0x3f6 bmdma 0x10c0 irq 14
[    2.108823] ata2: PATA max UDMA/33 cmd 0x170 ctl 0x376 bmdma 0x10c8 irq 15
[    2.108870] PPP generic driver version 2.4.2
[    2.108889] tun: Universal TUN/TAP device driver, 1.6
[    2.108891] tun: (C) 1999-2004 Max Krasnyansky <maxk@qualcomm.com>
[    2.108943] ehci_hcd: USB 2.0 'Enhanced' Host Controller (EHCI) Driver
[    2.108995] ACPI: PCI Interrupt Link [LNKB] enabled at IRQ 11
[    2.108997] PCI: setting IRQ 11 as level-triggered
[    2.109004] ehci_hcd 0000:02:03.0: PCI INT A -> Link[LNKB] -> GSI 11 (level, low) -> IRQ 11
[    2.109056] ehci_hcd 0000:02:03.0: EHCI Host Controller
[    2.109080] ehci_hcd 0000:02:03.0: new USB bus registered, assigned bus number 1
[    2.109132] ehci_hcd 0000:02:03.0: cache line size of 32 is not supported
[    2.109138] ehci_hcd 0000:02:03.0: irq 11, io mem 0xc9000000
[    2.109444] random 0000 0000 0000 00000000 00000000: rand_read_num 3 get_random_bytes(8): sig 00000000 00000000 00000000
[    2.109447] random 0000 0000 0000 00000000 00000000: extract_entropy(.. 8 ..)
[    2.109449] random 0000 0000 0000 00000000 00000000: going to reseed nonblocking with 64 bits (64 of 0 requested)
[    2.109451] random 0000 0000 0000 00000000 00000000: extract_entropy(.. 8 ..)
[    2.109454] random 0000 0000 0000 00000000 00000000: trying to extract 64 bits from input
[    2.109456] random 0000 0000 0000 00000000 00000000: debiting 0 entropy credits from input
[    2.109458] random 0000 0000 0000 00000000 00000000: extract_entropy account returned: 0 
[    2.109461] random 0000 0000 0000 00000000 00000000: urand_change_num 5 xfer_secondary_pool(8): pool_sig 00000000, data_sig 00000000, bytes_mixed 0 00000000 00000000
[    2.109463] random 0000 0000 0000 00000000 00000000: trying to extract 64 bits from nonblocking
[    2.109466] random 0000 0000 0000 00000000 00000000: debiting 64 entropy credits from nonblocking (unlimited)
[    2.109468] random 0000 0000 0000 00000000 00000000: extract_entropy account returned: 8 
[    2.109471] random 0000 0000 0000 00000000 00000000: urand_change_num 6 extract_buf: pool_sig 00000000, data_sig fffffff9, bytes_mixed 20 00000000 00000000
[    2.117781] ehci_hcd 0000:02:03.0: USB 2.0 started, EHCI 1.00
[    2.117833] usb usb1: configuration #1 chosen from 1 choice
[    2.117853] hub 1-0:1.0: USB hub found
[    2.117858] hub 1-0:1.0: 6 ports detected
[    2.117895] ohci_hcd: USB 1.1 'Open' Host Controller (OHCI) Driver
[    2.117908] uhci_hcd: USB Universal Host Controller Interface driver
[    2.117960] ACPI: PCI Interrupt Link [LNKC] enabled at IRQ 10
[    2.117963] PCI: setting IRQ 10 as level-triggered
[    2.117967] uhci_hcd 0000:02:00.0: PCI INT A -> Link[LNKC] -> GSI 10 (level, low) -> IRQ 10
[    2.118002] uhci_hcd 0000:02:00.0: UHCI Host Controller
[    2.118034] uhci_hcd 0000:02:00.0: new USB bus registered, assigned bus number 2
[    2.118137] uhci_hcd 0000:02:00.0: irq 10, io base 0x000020c0
[    2.118189] usb usb2: configuration #1 chosen from 1 choice
[    2.118205] hub 2-0:1.0: USB hub found
[    2.118209] hub 2-0:1.0: 2 ports detected
[    2.118261] usbcore: registered new interface driver libusual
[    2.118290] PNP: PS/2 Controller [PNP0303:KBC,PNP0f13:MOUS] at 0x60,0x64 irq 1,12
[    2.118622] serio: i8042 KBD port at 0x60,0x64 irq 1
[    2.118629] serio: i8042 AUX port at 0x60,0x64 irq 12
[    2.118665] mice: PS/2 mouse device common for all mice
[    2.118717] rtc_cmos 00:04: rtc core: registered rtc_cmos as rtc0
[    2.118733] rtc0: alarms up to one month, y3k, 114 bytes nvram, hpet irqs
[    2.118785] device-mapper: uevent: version 1.0.3
[    2.118904] device-mapper: ioctl: 4.15.0-ioctl (2009-04-01) initialised: dm-devel@redhat.com
[    2.118922] EISA: Probing bus 0 at eisa.0
[    2.118929] Cannot allocate resource for EISA slot 1
[    2.118931] Cannot allocate resource for EISA slot 2
[    2.118933] Cannot allocate resource for EISA slot 3
[    2.118934] Cannot allocate resource for EISA slot 4
[    2.118936] Cannot allocate resource for EISA slot 5
[    2.118938] Cannot allocate resource for EISA slot 6
[    2.118940] Cannot allocate resource for EISA slot 7
[    2.118951] Cannot allocate resource for EISA slot 8
[    2.118964] EISA: Detected 0 cards.
[    2.119034] cpuidle: using governor ladder
[    2.119036] cpuidle: using governor menu
[    2.119088] random 0000 0000 0000 00000000 00000000: rand_read_num 4 get_random_bytes(136): sig 0000021d 00000000 00000000
[    2.119091] random 0000 0000 0000 00000000 00000000: extract_entropy(.. 136 ..)
[    2.119094] random 0000 0000 0000 00000000 00000000: going to reseed nonblocking with 1024 bits (1088 of 0 requested)
[    2.119096] random 0000 0000 0000 00000000 00000000: extract_entropy(.. 128 ..)
[    2.119098] random 0000 0000 0000 00000000 00000000: trying to extract 1024 bits from input
[    2.119100] random 0000 0000 0000 00000000 00000000: debiting 0 entropy credits from input
[    2.119103] random 0000 0000 0000 00000000 00000000: extract_entropy account returned: 0 
[    2.119106] random 0000 0000 0000 00000000 00000000: urand_change_num 7 xfer_secondary_pool(136): pool_sig 0000021d, data_sig 00000000, bytes_mixed 0 00000000 00000000
[    2.119109] random 0000 0000 0000 00000000 00000000: trying to extract 1088 bits from nonblocking
[    2.119111] random 0000 0000 0000 00000000 00000000: debiting 1088 entropy credits from nonblocking (unlimited)
[    2.119113] random 0000 0000 0000 00000000 00000000: extract_entropy account returned: 136 
[    2.119117] random 0000 0000 0000 00000000 00000000: urand_change_num 8 extract_buf: pool_sig 0000021d, data_sig fffffff7, bytes_mixed 20 00000000 00000000
[    2.119122] random 0000 0000 0000 f961ee50 ba9cb1aa: urand_change_num 9 extract_buf: pool_sig 00000230, data_sig fffffeb4, bytes_mixed 20 f961ee50 ba9cb1aa
[    2.119127] random 0000 0000 0000 9748bdd6 56fb8af6: urand_change_num 10 extract_buf: pool_sig 00000373, data_sig 000000cf, bytes_mixed 20 9748bdd6 56fb8af6
[    2.119131] random 0000 0000 0000 9748bdd6 56fb8af6: urand_change_num 11 extract_buf: pool_sig fffffe49, data_sig 0000023f, bytes_mixed 20 9748bdd6 56fb8af6
[    2.119135] random 0000 0000 0000 a135be86 4777650e: urand_change_num 12 extract_buf: pool_sig fffffcce, data_sig 000000c6, bytes_mixed 20 a135be86 4777650e
[    2.119140] random 0000 0000 0000 4a6ea85d 170e00dd: urand_change_num 13 extract_buf: pool_sig ffffff97, data_sig ffffff7d, bytes_mixed 20 4a6ea85d 170e00dd
[    2.119144] random 0000 0000 0000 4a6ea85d 170e00dd: urand_change_num 14 extract_buf: pool_sig 00000160, data_sig fffffeea, bytes_mixed 20 4a6ea85d 170e00dd
[    2.119149] random 0000 0000 0000 6e87c3cb da668c73: urand_change_num 15 extract_buf: pool_sig 0000034f, data_sig ffffff54, bytes_mixed 20 6e87c3cb da668c73
[    2.119153] random 0000 0000 0000 6e87c3cb da668c73: urand_change_num 16 extract_buf: pool_sig fffffdc5, data_sig 00000205, bytes_mixed 20 6e87c3cb da668c73
[    2.119158] random 0000 0000 0000 39f531e6 461eb249: urand_change_num 17 extract_buf: pool_sig fffffc1d, data_sig ffffff5e, bytes_mixed 20 39f531e6 461eb249
[    2.119162] random 0000 0000 0000 7e1538a2 3e661182: urand_change_num 18 extract_buf: pool_sig 000006ef, data_sig ffffff2e, bytes_mixed 20 7e1538a2 3e661182
[    2.119167] random 0000 0000 0000 7e1538a2 3e661182: urand_change_num 19 extract_buf: pool_sig 00000317, data_sig fffffccb, bytes_mixed 20 7e1538a2 3e661182
[    2.119171] random 0000 0000 0000 76af506b 9b57305e: urand_change_num 20 extract_buf: pool_sig 00000227, data_sig ffffffd2, bytes_mixed 20 76af506b 9b57305e
[    2.119176] random 0000 0000 0000 37d49d89 e20417cc: urand_change_num 21 extract_buf: pool_sig 0000080b, data_sig 000001e9, bytes_mixed 20 37d49d89 e20417cc
[    2.119180] TCP cubic registered
[    2.119232] NET: Registered protocol family 10
[    2.119266] RANDOM - __random32 called. Change num 12.  Value: 4d04ee6d	a9951220	ef1f87f9
[    2.119268] RANDOM - random32 called.  Value: 4d04ee6d	a9951220	ef1f87f9
[    2.119277] random 0000 0000 0000 37d49d89 e20417cc: rand_read_num 5 get_random_bytes(4): sig 00000298 37d49d89 e20417cc
[    2.119280] random 0000 0000 0000 37d49d89 e20417cc: extract_entropy(.. 4 ..)
[    2.119282] random 0000 0000 0000 37d49d89 e20417cc: going to reseed nonblocking with 64 bits (32 of 0 requested)
[    2.119284] random 0000 0000 0000 37d49d89 e20417cc: extract_entropy(.. 8 ..)
[    2.119287] random 0000 0000 0000 37d49d89 e20417cc: trying to extract 64 bits from input
[    2.119289] random 0000 0000 0000 37d49d89 e20417cc: debiting 0 entropy credits from input
[    2.119291] random 0000 0000 0000 37d49d89 e20417cc: extract_entropy account returned: 0 
[    2.119294] random 0000 0000 0000 37d49d89 e20417cc: urand_change_num 22 xfer_secondary_pool(4): pool_sig 00000298, data_sig 00000000, bytes_mixed 0 37d49d89 e20417cc
[    2.119297] random 0000 0000 0000 37d49d89 e20417cc: trying to extract 32 bits from nonblocking
[    2.119299] random 0000 0000 0000 37d49d89 e20417cc: debiting 32 entropy credits from nonblocking (unlimited)
[    2.119301] random 0000 0000 0000 37d49d89 e20417cc: extract_entropy account returned: 4 
[    2.119305] random 0000 0000 0000 37d49d89 e20417cc: urand_change_num 23 extract_buf: pool_sig 00000298, data_sig 00000092, bytes_mixed 20 37d49d89 e20417cc
[    2.119357] RANDOM - __random32 called. Change num 13.  Value: 4ee6da19	99512207	ff2fc77
[    2.119359] RANDOM - random32 called.  Value: 4ee6da19	99512207	ff2fc77
[    2.119411] NET: Registered protocol family 17
[    2.119433] Using IPI No-Shortcut mode
[    2.119438] random 0000 0000 0000 2ee4c4fc 167bdb15: rand_read_num 6 get_random_bytes(8): sig fffffcbf 2ee4c4fc 167bdb15
[    2.119441] random 0000 0000 0000 2ee4c4fc 167bdb15: extract_entropy(.. 8 ..)
[    2.119443] random 0000 0000 0000 2ee4c4fc 167bdb15: going to reseed nonblocking with 64 bits (64 of 0 requested)
[    2.119445] random 0000 0000 0000 2ee4c4fc 167bdb15: extract_entropy(.. 8 ..)
[    2.119447] random 0000 0000 0000 2ee4c4fc 167bdb15: trying to extract 64 bits from input
[    2.119450] random 0000 0000 0000 2ee4c4fc 167bdb15: debiting 0 entropy credits from input
[    2.119452] random 0000 0000 0000 2ee4c4fc 167bdb15: extract_entropy account returned: 0 
[    2.119455] random 0000 0000 0000 2ee4c4fc 167bdb15: urand_change_num 24 xfer_secondary_pool(8): pool_sig fffffcbf, data_sig 00000000, bytes_mixed 0 2ee4c4fc 167bdb15
[    2.119457] random 0000 0000 0000 2ee4c4fc 167bdb15: trying to extract 64 bits from nonblocking
[    2.119460] random 0000 0000 0000 2ee4c4fc 167bdb15: debiting 64 entropy credits from nonblocking (unlimited)
[    2.119462] random 0000 0000 0000 2ee4c4fc 167bdb15: extract_entropy account returned: 8 
[    2.119466] random 0000 0000 0000 2ee4c4fc 167bdb15: urand_change_num 25 extract_buf: pool_sig fffffcbf, data_sig ffffff83, bytes_mixed 20 2ee4c4fc 167bdb15
[    2.119507] PM: Resume from disk failed.
[    2.119515] registered taskstats version 1
[    2.119517] random 0000 0000 0000 2ee4c4fc 167bdb15: rand_read_num 7 get_random_bytes(12): sig fffffc69 2ee4c4fc 167bdb15
[    2.119520] random 0000 0000 0000 2ee4c4fc 167bdb15: extract_entropy(.. 12 ..)
[    2.119522] random 0000 0000 0000 2ee4c4fc 167bdb15: going to reseed nonblocking with 96 bits (96 of 0 requested)
[    2.119524] random 0000 0000 0000 2ee4c4fc 167bdb15: extract_entropy(.. 12 ..)
[    2.119526] random 0000 0000 0000 2ee4c4fc 167bdb15: trying to extract 96 bits from input
[    2.119529] random 0000 0000 0000 2ee4c4fc 167bdb15: debiting 0 entropy credits from input
[    2.119531] random 0000 0000 0000 2ee4c4fc 167bdb15: extract_entropy account returned: 0 
[    2.119534] random 0000 0000 0000 2ee4c4fc 167bdb15: urand_change_num 26 xfer_secondary_pool(12): pool_sig fffffc69, data_sig 00000000, bytes_mixed 0 2ee4c4fc 167bdb15
[    2.119536] random 0000 0000 0000 2ee4c4fc 167bdb15: trying to extract 96 bits from nonblocking
[    2.119539] random 0000 0000 0000 2ee4c4fc 167bdb15: debiting 96 entropy credits from nonblocking (unlimited)
[    2.119541] random 0000 0000 0000 2ee4c4fc 167bdb15: extract_entropy account returned: 12 
[    2.119544] random 0000 0000 0000 2ee4c4fc 167bdb15: urand_change_num 27 extract_buf: pool_sig fffffc69, data_sig ffffff7d, bytes_mixed 20 2ee4c4fc 167bdb15
[    2.119549] random 0000 0000 0000 83b7c1ab 94697f48: urand_change_num 28 extract_buf: pool_sig fffffe30, data_sig fffffdd6, bytes_mixed 20 83b7c1ab 94697f48
[    2.119552] RANDOM - __seed init called.
[    2.119575] RANDOM - __seed init called.
[    2.119577] RANDOM - __seed init called.
[    2.119600] RANDOM - __random32 called. Change num 14.  Value: fc007995	feca4f80	21b38ad2
[    2.119602] RANDOM - random32_reseed called.  Value: fc007995	feca4f80	21b38ad2
[    2.119604] Pid: 1, comm: swapper Not tainted 2.6.32.57 #4
[    2.119606] Call Trace:
[    2.119612]  [<c14a8a0e>] ? printk+0x1d/0x1f
[    2.119616]  [<c17537e5>] random32_reseed+0x89/0xbd
[    2.119620]  [<c1003042>] do_one_initcall+0x32/0x1a0
[    2.119623]  [<c175375c>] ? random32_reseed+0x0/0xbd
[    2.119626]  [<c17308e7>] kernel_init+0x12d/0x17a
[    2.119628]  [<c17307ba>] ? kernel_init+0x0/0x17a
[    2.119631]  [<c1009b07>] kernel_thread_helper+0x7/0x10
[    2.122335] input: AT Translated Set 2 keyboard as /devices/platform/i8042/serio0/input/input1
[    2.122612] random 0000 0000 0000 6db70b00 b30ce96b: rand_read_num 8 get_random_bytes(64): sig fffffb38 6db70b00 b30ce96b
[    2.122615] random 0000 0000 0000 6db70b00 b30ce96b: extract_entropy(.. 64 ..)
[    2.122618] random 0000 0000 0000 6db70b00 b30ce96b: going to reseed nonblocking with 512 bits (512 of 0 requested)
[    2.122620] random 0000 0000 0000 6db70b00 b30ce96b: extract_entropy(.. 64 ..)
[    2.122622] random 0000 0000 0000 6db70b00 b30ce96b: trying to extract 512 bits from input
[    2.122624] random 0000 0000 0000 6db70b00 b30ce96b: debiting 0 entropy credits from input
[    2.122626] random 0000 0000 0000 6db70b00 b30ce96b: extract_entropy account returned: 0 
[    2.122629] random 0000 0000 0000 6db70b00 b30ce96b: urand_change_num 29 xfer_secondary_pool(64): pool_sig fffffb38, data_sig 00000000, bytes_mixed 0 6db70b00 b30ce96b
[    2.122632] random 0000 0000 0000 6db70b00 b30ce96b: trying to extract 512 bits from nonblocking
[    2.122635] random 0000 0000 0000 6db70b00 b30ce96b: debiting 512 entropy credits from nonblocking (unlimited)
[    2.122637] random 0000 0000 0000 6db70b00 b30ce96b: extract_entropy account returned: 64 
[    2.122641] random 0000 0000 0000 6db70b00 b30ce96b: urand_change_num 30 extract_buf: pool_sig fffffb38, data_sig 00000151, bytes_mixed 20 6db70b00 b30ce96b
[    2.122645] random 0000 0000 0000 6db70b00 b30ce96b: urand_change_num 31 extract_buf: pool_sig fffffdb8, data_sig 00000379, bytes_mixed 20 6db70b00 b30ce96b
[    2.122650] random 0000 0000 0000 6b83001e d4b6c0d3: urand_change_num 32 extract_buf: pool_sig ffffffc9, data_sig 00000198, bytes_mixed 20 6b83001e d4b6c0d3
[    2.122654] random 0000 0000 0000 79d3e3c7 be564518: urand_change_num 33 extract_buf: pool_sig 000002b9, data_sig ffffff84, bytes_mixed 20 79d3e3c7 be564518
[    2.122659] random 0000 0000 0000 79d3e3c7 be564518: urand_change_num 34 extract_buf: pool_sig ffffff55, data_sig ffffff5a, bytes_mixed 20 79d3e3c7 be564518
[    2.122663] random 0000 0000 0000 89c03cb2 0d353228: urand_change_num 35 extract_buf: pool_sig 00000007, data_sig ffffff17, bytes_mixed 20 89c03cb2 0d353228
[    2.122668] random 0000 0000 0000 89c03cb2 0d353228: urand_change_num 36 extract_buf: pool_sig fffffdae, data_sig 000000db, bytes_mixed 20 89c03cb2 0d353228  Magic number: 13:484:153
[    2.122677] bdi 1:5: hash matches
[    2.122689] pciehp 0000:00:15.6:pcie04: hash matches
[    2.122702] acpi device:20: hash matches
[    2.122771] rtc_cmos 00:04: setting system clock to 2013-05-25 00:10:51 UTC (1369440651)
[    2.122774] BIOS EDD facility v0.16 2004-Jun-25, 0 devices found
[    2.122775] EDD information not available.
[    2.122800] random 0000 0000 0000 8ca62387 b120332c: rand_read_num 9 get_random_bytes(64): sig fffffed6 8ca62387 b120332c
[    2.122802] random 0000 0000 0000 8ca62387 b120332c: extract_entropy(.. 64 ..)
[    2.122804] random 0000 0000 0000 8ca62387 b120332c: going to reseed nonblocking with 512 bits (512 of 0 requested)
[    2.122807] random 0000 0000 0000 8ca62387 b120332c: extract_entropy(.. 64 ..)
[    2.122809] random 0000 0000 0000 8ca62387 b120332c: trying to extract 512 bits from input
[    2.122811] random 0000 0000 0000 8ca62387 b120332c: debiting 0 entropy credits from input
[    2.122813] random 0000 0000 0000 8ca62387 b120332c: extract_entropy account returned: 0 
[    2.122816] random 0000 0000 0000 8ca62387 b120332c: urand_change_num 37 xfer_secondary_pool(64): pool_sig fffffed6, data_sig 00000000, bytes_mixed 0 8ca62387 b120332c
[    2.122819] random 0000 0000 0000 8ca62387 b120332c: trying to extract 512 bits from nonblocking
[    2.122821] random 0000 0000 0000 8ca62387 b120332c: debiting 512 entropy credits from nonblocking (unlimited)
[    2.122823] random 0000 0000 0000 8ca62387 b120332c: extract_entropy account returned: 64 
[    2.122827] random 0000 0000 0000 8ca62387 b120332c: urand_change_num 38 extract_buf: pool_sig fffffed6, data_sig fffffeb6, bytes_mixed 20 8ca62387 b120332c
[    2.122831] random 0000 0000 0000 90702413 e2a66c2e: urand_change_num 39 extract_buf: pool_sig fffffbb0, data_sig 0000012e, bytes_mixed 20 90702413 e2a66c2e
[    2.122836] random 0000 0000 0000 90702413 e2a66c2e: urand_change_num 40 extract_buf: pool_sig fffffaf1, data_sig ffffff3c, bytes_mixed 20 90702413 e2a66c2e
[    2.122840] random 0000 0000 0000 3f58038b c77aecb6: urand_change_num 41 extract_buf: pool_sig 00000234, data_sig fffffdec, bytes_mixed 20 3f58038b c77aecb6
[    2.122844] random 0000 0000 0000 47187b9d 03f21510: urand_change_num 42 extract_buf: pool_sig 00000192, data_sig 00000075, bytes_mixed 20 47187b9d 03f21510
[    2.122849] random 0000 0000 0000 47187b9d 03f21510: urand_change_num 43 extract_buf: pool_sig 0000018e, data_sig ffffffbf, bytes_mixed 20 47187b9d 03f21510
[    2.122853] random 0000 0000 0000 3180b1fc 0fa9c973: urand_change_num 44 extract_buf: pool_sig fffffecf, data_sig ffffff2a, bytes_mixed 20 3180b1fc 0fa9c973
[    2.122856] BEGIN NET_SECRET:
[    2.122857] \xffffff87
[    2.122859] \xffffff8d
[    2.122860] \xfffffff4
[    2.122861] \xffffffae
[    2.122862] \xffffffc3
[    2.122863] \xffffffb7
[    2.122864] \x31
[    2.122897] \x65
[    2.122900] \xffffffda
[    2.122901] \xffffffa2
[    2.122903] \x31
[    2.122904] \xffffffc8
[    2.122906] \xffffffa9
[    2.122908] \x76
[    2.122909] \x76
[    2.122911] \xffffff90
[    2.122913] \x55
[    2.122914] \xfffffff3
[    2.122916] \xffffffb1
[    2.122918] \x3
[    2.122919] \xffffffb3
[    2.122921] \xffffffa7
[    2.122922] \x5a
[    2.122924] \x71
[    2.122925] \x70
[    2.122927] \xffffff8c
[    2.122928] \x56
[    2.122930] \x25
[    2.122932] \xffffffe1
[    2.122933] \x4c
[    2.122935] \xffffffe6
[    2.122937] \xffffff95
[    2.122938] \x67
[    2.122939] \x4c
[    2.122940] \xffffffb9
[    2.122941] \x1d
[    2.122942] \xe
[    2.122944] \x34
[    2.122945] \xffffffbe
[    2.122946] \x12
[    2.122947] \x5
[    2.122948] \xffffff98
[    2.122949] \xffffffa0
[    2.122950] \xf
[    2.122952] \xffffffb2
[    2.122953] \xffffffde
[    2.122954] \xffffff99
[    2.122955] \xf
[    2.122956] \xffffffe8
[    2.122957] \xffffffc8
[    2.122959] \x1f
[    2.122960] \x54
[    2.122961] \x2c
[    2.122962] \xffffffee
[    2.122963] \x2e
[    2.122964] \x0
[    2.122965] \xffffff95
[    2.122967] \x0
[    2.122968] \xffffffe3
[    2.122969] \xffffffa7
[    2.122970] \xfffffffd
[    2.122971] \x66
[    2.122972] \xffffff92
[    2.122973] \xfffffff0
[    2.122975] 
[    2.122976] END NET_SECRET
[    2.122980] random 0000 0000 0000 3180b1fc 0fa9c973: rand_read_num 10 get_random_bytes(4): sig ffffff46 3180b1fc 0fa9c973
[    2.122982] random 0000 0000 0000 3180b1fc 0fa9c973: extract_entropy(.. 4 ..)
[    2.122985] random 0000 0000 0000 3180b1fc 0fa9c973: going to reseed nonblocking with 64 bits (32 of 0 requested)
[    2.122987] random 0000 0000 0000 3180b1fc 0fa9c973: extract_entropy(.. 8 ..)
[    2.122989] random 0000 0000 0000 3180b1fc 0fa9c973: trying to extract 64 bits from input
[    2.122992] random 0000 0000 0000 3180b1fc 0fa9c973: debiting 0 entropy credits from input
[    2.122994] random 0000 0000 0000 3180b1fc 0fa9c973: extract_entropy account returned: 0 
[    2.122997] random 0000 0000 0000 3180b1fc 0fa9c973: urand_change_num 45 xfer_secondary_pool(4): pool_sig ffffff46, data_sig 00000000, bytes_mixed 0 3180b1fc 0fa9c973
[    2.123000] random 0000 0000 0000 3180b1fc 0fa9c973: trying to extract 32 bits from nonblocking
[    2.123002] random 0000 0000 0000 3180b1fc 0fa9c973: debiting 32 entropy credits from nonblocking (unlimited)
[    2.123004] random 0000 0000 0000 3180b1fc 0fa9c973: extract_entropy account returned: 4 
[    2.123008] random 0000 0000 0000 3180b1fc 0fa9c973: urand_change_num 46 extract_buf: pool_sig ffffff46, data_sig 0000001b, bytes_mixed 20 3180b1fc 0fa9c973
[    2.298711] ata2.00: ATAPI: VMware Virtual IDE CDROM Drive, 00000001, max UDMA/33
[    2.298991] ata2.00: configured for UDMA/33
[    2.299387] scsi 1:0:0:0: CD-ROM            NECVMWar VMware IDE CDR10 1.00 PQ: 0 ANSI: 5
[    2.300626] sr0: scsi3-mmc drive: 306x/306x cd/rw xa/form2 cdda tray
[    2.300630] Uniform CD-ROM driver Revision: 3.20
[    2.300682] sr 1:0:0:0: Attached scsi CD-ROM sr0
[    2.300720] sr 1:0:0:0: Attached scsi generic sg0 type 5
[    2.300757] Freeing unused kernel memory: 652k freed
[    2.300809] Write protecting the kernel text: 4840k
[    2.300839] Write protecting the kernel read-only data: 1968k
