[    0.000000] random 0000 0000 0000 00000000 00000000: rand_read_num 1 get_random_bytes(8): sig 00000000 00000000 00000000
[    0.000000] random 0000 0000 0000 00000000 00000000: extract_entropy(.. 8 ..)
[    0.000000] random 0000 0000 0000 00000000 00000000: going to reseed nonblocking with 64 bits (64 of 0 requested)
[    0.000000] random 0000 0000 0000 00000000 00000000: extract_entropy(.. 8 ..)
[    0.000000] random 0000 0000 0000 00000000 00000000: trying to extract 64 bits from input
[    0.000000] random 0000 0000 0000 00000000 00000000: debiting 0 entropy credits from input
[    0.000000] random 0000 0000 0000 00000000 00000000: extract_entropy account returned: 0 
[    0.000000] random 0000 0000 0000 00000000 00000000: urand_change_num 1 xfer_secondary_pool(8): pool_sig 00000000, data_sig 00000000, bytes_mixed 0 00000000 00000000
[    0.000000] random 0000 0000 0000 00000000 00000000: trying to extract 64 bits from nonblocking
[    0.000000] random 0000 0000 0000 00000000 00000000: debiting 64 entropy credits from nonblocking (unlimited)
[    0.000000] random 0000 0000 0000 00000000 00000000: extract_entropy account returned: 8 
[    0.000000] random 0000 0000 0000 00000000 00000000: urand_change_num 2 extract_buf: pool_sig 00000000, data_sig fffffff9, bytes_mixed 20 00000000 00000000
[    0.000000] Initializing cgroup subsys cpuset
[    0.000000] Initializing cgroup subsys cpu
[    0.000000] Linux version 2.6.32.57 (dcashman@ubuntu) (gcc version 4.6.3 (Ubuntu/Linaro 4.6.3-1ubuntu5) ) #4 SMP Fri May 24 11:09:26 PDT 2013
[    0.000000] KERNEL supported cpus:
[    0.000000]   Intel GenuineIntel
[    0.000000]   AMD AuthenticAMD
[    0.000000]   NSC Geode by NSC
[    0.000000]   Cyrix CyrixInstead
[    0.000000]   Centaur CentaurHauls
[    0.000000]   Transmeta GenuineTMx86
[    0.000000]   Transmeta TransmetaCPU
[    0.000000]   UMC UMC UMC UMC
[    0.000000] BIOS-provided physical RAM map:
[    0.000000]  BIOS-e820: 0000000000000000 - 000000000009f000 (usable)
[    0.000000]  BIOS-e820: 000000000009f000 - 00000000000a0000 (reserved)
[    0.000000]  BIOS-e820: 00000000000ca000 - 00000000000cc000 (reserved)
[    0.000000]  BIOS-e820: 00000000000dc000 - 0000000000100000 (reserved)
[    0.000000]  BIOS-e820: 0000000000100000 - 000000003fee0000 (usable)
[    0.000000]  BIOS-e820: 000000003fee0000 - 000000003feff000 (ACPI data)
[    0.000000]  BIOS-e820: 000000003feff000 - 000000003ff00000 (ACPI NVS)
[    0.000000]  BIOS-e820: 000000003ff00000 - 0000000040000000 (usable)
[    0.000000]  BIOS-e820: 00000000e0000000 - 00000000f0000000 (reserved)
[    0.000000]  BIOS-e820: 00000000fec00000 - 00000000fec10000 (reserved)
[    0.000000]  BIOS-e820: 00000000fee00000 - 00000000fee01000 (reserved)
[    0.000000]  BIOS-e820: 00000000fffe0000 - 0000000100000000 (reserved)
[    0.000000] DMI present.
[    0.000000] Phoenix BIOS detected: BIOS may corrupt low RAM, working around it.
[    0.000000] e820 update range: 0000000000000000 - 0000000000010000 (usable) ==> (reserved)
[    0.000000] last_pfn = 0x40000 max_arch_pfn = 0x1000000
[    0.000000] MTRR default type: uncachable
[    0.000000] MTRR fixed ranges enabled:
[    0.000000]   00000-9FFFF write-back
[    0.000000]   A0000-BFFFF uncachable
[    0.000000]   C0000-CBFFF write-protect
[    0.000000]   CC000-EFFFF uncachable
[    0.000000]   F0000-FFFFF write-protect
[    0.000000] MTRR variable ranges enabled:
[    0.000000]   0 base 0000000000 mask FFC0000000 write-back
[    0.000000]   1 disabled
[    0.000000]   2 disabled
[    0.000000]   3 disabled
[    0.000000]   4 disabled
[    0.000000]   5 disabled
[    0.000000]   6 disabled
[    0.000000]   7 disabled
[    0.000000] x86 PAT enabled: cpu 0, old 0x0, new 0x7010600070106
[    0.000000] Scanning 0 areas for low memory corruption
[    0.000000] modified physical RAM map:
[    0.000000]  modified: 0000000000000000 - 0000000000010000 (reserved)
[    0.000000]  modified: 0000000000010000 - 000000000009f000 (usable)
[    0.000000]  modified: 000000000009f000 - 00000000000a0000 (reserved)
[    0.000000]  modified: 00000000000ca000 - 00000000000cc000 (reserved)
[    0.000000]  modified: 00000000000dc000 - 0000000000100000 (reserved)
[    0.000000]  modified: 0000000000100000 - 000000003fee0000 (usable)
[    0.000000]  modified: 000000003fee0000 - 000000003feff000 (ACPI data)
[    0.000000]  modified: 000000003feff000 - 000000003ff00000 (ACPI NVS)
[    0.000000]  modified: 000000003ff00000 - 0000000040000000 (usable)
[    0.000000]  modified: 00000000e0000000 - 00000000f0000000 (reserved)
[    0.000000]  modified: 00000000fec00000 - 00000000fec10000 (reserved)
[    0.000000]  modified: 00000000fee00000 - 00000000fee01000 (reserved)
[    0.000000]  modified: 00000000fffe0000 - 0000000100000000 (reserved)
[    0.000000] initial memory mapped : 0 - 01e00000
[    0.000000] init_memory_mapping: 0000000000000000-00000000379fe000
[    0.000000] NX (Execute Disable) protection: active
[    0.000000]  0000000000 - 0000200000 page 4k
[    0.000000]  0000200000 - 0037800000 page 2M
[    0.000000]  0037800000 - 00379fe000 page 4k
[    0.000000] kernel direct mapping tables up to 379fe000 @ 10000-16000
[    0.000000] RAMDISK: 2dcfc000 - 32e758c3
[    0.000000] ACPI: RSDP 000f6b80 00024 (v02 PTLTD )
[    0.000000] ACPI: XSDT 3feed636 0005C (v01 INTEL  440BX    06040000 VMW  01324272)
[    0.000000] ACPI: FACP 3fefee98 000F4 (v04 INTEL  440BX    06040000 PTL  000F4240)
[    0.000000] ACPI: DSDT 3feee366 10B32 (v01 PTLTD  Custom   06040000 MSFT 03000001)
[    0.000000] ACPI: FACS 3fefffc0 00040
[    0.000000] ACPI: BOOT 3feee33e 00028 (v01 PTLTD  $SBFTBL$ 06040000  LTP 00000001)
[    0.000000] ACPI: APIC 3feedc3e 003C2 (v01 PTLTD  ? APIC   06040000  LTP 00000000)
[    0.000000] ACPI: MCFG 3feedc02 0003C (v01 PTLTD  $PCITBL$ 06040000  LTP 00000001)
[    0.000000] ACPI: SRAT 3feed732 004D0 (v02 VMWARE MEMPLUG  06040000 VMW  00000001)
[    0.000000] ACPI: HPET 3feed6fa 00038 (v01 VMWARE VMW HPET 06040000 VMW  00000001)
[    0.000000] ACPI: WAET 3feed6d2 00028 (v01 VMWARE VMW WAET 06040000 VMW  00000001)
[    0.000000] ACPI: Local APIC address 0xfee00000
[    0.000000] 134MB HIGHMEM available.
[    0.000000] 889MB LOWMEM available.
[    0.000000]   mapped low ram: 0 - 379fe000
[    0.000000]   low ram: 0 - 379fe000
[    0.000000]   node 0 low ram: 00000000 - 379fe000
[    0.000000]   node 0 bootmap 00012000 - 00018f40
[    0.000000] (9 early reservations) ==> bootmem [0000000000 - 00379fe000]
[    0.000000]   #0 [0000000000 - 0000001000]   BIOS data page ==> [0000000000 - 0000001000]
[    0.000000]   #1 [0000001000 - 0000002000]    EX TRAMPOLINE ==> [0000001000 - 0000002000]
[    0.000000]   #2 [0000006000 - 0000007000]       TRAMPOLINE ==> [0000006000 - 0000007000]
[    0.000000]   #3 [0001000000 - 0001a75ff8]    TEXT DATA BSS ==> [0001000000 - 0001a75ff8]
[    0.000000]   #4 [002dcfc000 - 0032e758c3]          RAMDISK ==> [002dcfc000 - 0032e758c3]
[    0.000000]   #5 [000009f000 - 0000100000]    BIOS reserved ==> [000009f000 - 0000100000]
[    0.000000]   #6 [0001a76000 - 0001a851c0]              BRK ==> [0001a76000 - 0001a851c0]
[    0.000000]   #7 [0000010000 - 0000012000]          PGTABLE ==> [0000010000 - 0000012000]
[    0.000000]   #8 [0000012000 - 0000019000]          BOOTMAP ==> [0000012000 - 0000019000]
[    0.000000] found SMP MP-table at [c00f6bf0] f6bf0
[    0.000000] Zone PFN ranges:
[    0.000000]   DMA      0x00000010 -> 0x00001000
[    0.000000]   Normal   0x00001000 -> 0x000379fe
[    0.000000]   HighMem  0x000379fe -> 0x00040000
[    0.000000] Movable zone start PFN for each node
[    0.000000] early_node_map[3] active PFN ranges
[    0.000000]     0: 0x00000010 -> 0x0000009f
[    0.000000]     0: 0x00000100 -> 0x0003fee0
[    0.000000]     0: 0x0003ff00 -> 0x00040000
[    0.000000] On node 0 totalpages: 261999
[    0.000000] free_area_init_node: node 0, pgdat c1715200, node_mem_map c1a87200
[    0.000000]   DMA zone: 32 pages used for memmap
[    0.000000]   DMA zone: 0 pages reserved
[    0.000000]   DMA zone: 3951 pages, LIFO batch:0
[    0.000000]   Normal zone: 1748 pages used for memmap
[    0.000000]   Normal zone: 221994 pages, LIFO batch:31
[    0.000000]   HighMem zone: 269 pages used for memmap
[    0.000000]   HighMem zone: 34005 pages, LIFO batch:7
[    0.000000] Using APIC driver default
[    0.000000] ACPI: PM-Timer IO Port: 0x1008
[    0.000000] ACPI: Local APIC address 0xfee00000
[    0.000000] ACPI: LAPIC (acpi_id[0x00] lapic_id[0x00] enabled)
[    0.000000] ACPI: LAPIC (acpi_id[0x01] lapic_id[0x02] disabled)
[    0.000000] ACPI: LAPIC (acpi_id[0x02] lapic_id[0x04] disabled)
[    0.000000] ACPI: LAPIC (acpi_id[0x03] lapic_id[0x06] disabled)
[    0.000000] ACPI: LAPIC (acpi_id[0x04] lapic_id[0x08] disabled)
[    0.000000] ACPI: LAPIC (acpi_id[0x05] lapic_id[0x0a] disabled)
[    0.000000] ACPI: LAPIC (acpi_id[0x06] lapic_id[0x0c] disabled)
[    0.000000] ACPI: LAPIC (acpi_id[0x07] lapic_id[0x0e] disabled)
[    0.000000] ACPI: LAPIC (acpi_id[0x08] lapic_id[0x10] disabled)
[    0.000000] ACPI: LAPIC (acpi_id[0x09] lapic_id[0x12] disabled)
[    0.000000] ACPI: LAPIC (acpi_id[0x0a] lapic_id[0x14] disabled)
[    0.000000] ACPI: LAPIC (acpi_id[0x0b] lapic_id[0x16] disabled)
[    0.000000] ACPI: LAPIC (acpi_id[0x0c] lapic_id[0x18] disabled)
[    0.000000] ACPI: LAPIC (acpi_id[0x0d] lapic_id[0x1a] disabled)
[    0.000000] ACPI: LAPIC (acpi_id[0x0e] lapic_id[0x1c] disabled)
[    0.000000] ACPI: LAPIC (acpi_id[0x0f] lapic_id[0x1e] disabled)
[    0.000000] ACPI: LAPIC (acpi_id[0x10] lapic_id[0x20] disabled)
[    0.000000] ACPI: LAPIC (acpi_id[0x11] lapic_id[0x22] disabled)
[    0.000000] ACPI: LAPIC (acpi_id[0x12] lapic_id[0x24] disabled)
[    0.000000] ACPI: LAPIC (acpi_id[0x13] lapic_id[0x26] disabled)
[    0.000000] ACPI: LAPIC (acpi_id[0x14] lapic_id[0x28] disabled)
[    0.000000] ACPI: LAPIC (acpi_id[0x15] lapic_id[0x2a] disabled)
[    0.000000] ACPI: LAPIC (acpi_id[0x16] lapic_id[0x2c] disabled)
[    0.000000] ACPI: LAPIC (acpi_id[0x17] lapic_id[0x2e] disabled)
[    0.000000] ACPI: LAPIC (acpi_id[0x18] lapic_id[0x30] disabled)
[    0.000000] ACPI: LAPIC (acpi_id[0x19] lapic_id[0x32] disabled)
[    0.000000] ACPI: LAPIC (acpi_id[0x1a] lapic_id[0x34] disabled)
[    0.000000] ACPI: LAPIC (acpi_id[0x1b] lapic_id[0x36] disabled)
[    0.000000] ACPI: LAPIC (acpi_id[0x1c] lapic_id[0x38] disabled)
[    0.000000] ACPI: LAPIC (acpi_id[0x1d] lapic_id[0x3a] disabled)
[    0.000000] ACPI: LAPIC (acpi_id[0x1e] lapic_id[0x3c] disabled)
[    0.000000] ACPI: LAPIC (acpi_id[0x1f] lapic_id[0x3e] disabled)
[    0.000000] ACPI: LAPIC (acpi_id[0x20] lapic_id[0x40] disabled)
[    0.000000] ACPI: LAPIC (acpi_id[0x21] lapic_id[0x42] disabled)
[    0.000000] ACPI: LAPIC (acpi_id[0x22] lapic_id[0x44] disabled)
[    0.000000] ACPI: LAPIC (acpi_id[0x23] lapic_id[0x46] disabled)
[    0.000000] ACPI: LAPIC (acpi_id[0x24] lapic_id[0x48] disabled)
[    0.000000] ACPI: LAPIC (acpi_id[0x25] lapic_id[0x4a] disabled)
[    0.000000] ACPI: LAPIC (acpi_id[0x26] lapic_id[0x4c] disabled)
[    0.000000] ACPI: LAPIC (acpi_id[0x27] lapic_id[0x4e] disabled)
[    0.000000] ACPI: LAPIC (acpi_id[0x28] lapic_id[0x50] disabled)
[    0.000000] ACPI: LAPIC (acpi_id[0x29] lapic_id[0x52] disabled)
[    0.000000] ACPI: LAPIC (acpi_id[0x2a] lapic_id[0x54] disabled)
[    0.000000] ACPI: LAPIC (acpi_id[0x2b] lapic_id[0x56] disabled)
[    0.000000] ACPI: LAPIC (acpi_id[0x2c] lapic_id[0x58] disabled)
[    0.000000] ACPI: LAPIC (acpi_id[0x2d] lapic_id[0x5a] disabled)
[    0.000000] ACPI: LAPIC (acpi_id[0x2e] lapic_id[0x5c] disabled)
[    0.000000] ACPI: LAPIC (acpi_id[0x2f] lapic_id[0x5e] disabled)
[    0.000000] ACPI: LAPIC (acpi_id[0x30] lapic_id[0x60] disabled)
[    0.000000] ACPI: LAPIC (acpi_id[0x31] lapic_id[0x62] disabled)
[    0.000000] ACPI: LAPIC (acpi_id[0x32] lapic_id[0x64] disabled)
[    0.000000] ACPI: LAPIC (acpi_id[0x33] lapic_id[0x66] disabled)
[    0.000000] ACPI: LAPIC (acpi_id[0x34] lapic_id[0x68] disabled)
[    0.000000] ACPI: LAPIC (acpi_id[0x35] lapic_id[0x6a] disabled)
[    0.000000] ACPI: LAPIC (acpi_id[0x36] lapic_id[0x6c] disabled)
[    0.000000] ACPI: LAPIC (acpi_id[0x37] lapic_id[0x6e] disabled)
[    0.000000] ACPI: LAPIC (acpi_id[0x38] lapic_id[0x70] disabled)
[    0.000000] ACPI: LAPIC (acpi_id[0x39] lapic_id[0x72] disabled)
[    0.000000] ACPI: LAPIC (acpi_id[0x3a] lapic_id[0x74] disabled)
[    0.000000] ACPI: LAPIC (acpi_id[0x3b] lapic_id[0x76] disabled)
[    0.000000] ACPI: LAPIC (acpi_id[0x3c] lapic_id[0x78] disabled)
[    0.000000] ACPI: LAPIC (acpi_id[0x3d] lapic_id[0x7a] disabled)
[    0.000000] ACPI: LAPIC (acpi_id[0x3e] lapic_id[0x7c] disabled)
[    0.000000] ACPI: LAPIC (acpi_id[0x3f] lapic_id[0x7e] disabled)
[    0.000000] ACPI: LAPIC_NMI (acpi_id[0x00] high edge lint[0x1])
[    0.000000] ACPI: LAPIC_NMI (acpi_id[0x01] high edge lint[0x1])
[    0.000000] ACPI: LAPIC_NMI (acpi_id[0x02] high edge lint[0x1])
[    0.000000] ACPI: LAPIC_NMI (acpi_id[0x03] high edge lint[0x1])
[    0.000000] ACPI: LAPIC_NMI (acpi_id[0x04] high edge lint[0x1])
[    0.000000] ACPI: LAPIC_NMI (acpi_id[0x05] high edge lint[0x1])
[    0.000000] ACPI: LAPIC_NMI (acpi_id[0x06] high edge lint[0x1])
[    0.000000] ACPI: LAPIC_NMI (acpi_id[0x07] high edge lint[0x1])
[    0.000000] ACPI: LAPIC_NMI (acpi_id[0x08] high edge lint[0x1])
[    0.000000] ACPI: LAPIC_NMI (acpi_id[0x09] high edge lint[0x1])
[    0.000000] ACPI: LAPIC_NMI (acpi_id[0x0a] high edge lint[0x1])
[    0.000000] ACPI: LAPIC_NMI (acpi_id[0x0b] high edge lint[0x1])
[    0.000000] ACPI: LAPIC_NMI (acpi_id[0x0c] high edge lint[0x1])
[    0.000000] ACPI: LAPIC_NMI (acpi_id[0x0d] high edge lint[0x1])
[    0.000000] ACPI: LAPIC_NMI (acpi_id[0x0e] high edge lint[0x1])
[    0.000000] ACPI: LAPIC_NMI (acpi_id[0x0f] high edge lint[0x1])
[    0.000000] ACPI: LAPIC_NMI (acpi_id[0x10] high edge lint[0x1])
[    0.000000] ACPI: LAPIC_NMI (acpi_id[0x11] high edge lint[0x1])
[    0.000000] ACPI: LAPIC_NMI (acpi_id[0x12] high edge lint[0x1])
[    0.000000] ACPI: LAPIC_NMI (acpi_id[0x13] high edge lint[0x1])
[    0.000000] ACPI: LAPIC_NMI (acpi_id[0x14] high edge lint[0x1])
[    0.000000] ACPI: LAPIC_NMI (acpi_id[0x15] high edge lint[0x1])
[    0.000000] ACPI: LAPIC_NMI (acpi_id[0x16] high edge lint[0x1])
[    0.000000] ACPI: LAPIC_NMI (acpi_id[0x17] high edge lint[0x1])
[    0.000000] ACPI: LAPIC_NMI (acpi_id[0x18] high edge lint[0x1])
[    0.000000] ACPI: LAPIC_NMI (acpi_id[0x19] high edge lint[0x1])
[    0.000000] ACPI: LAPIC_NMI (acpi_id[0x1a] high edge lint[0x1])
[    0.000000] ACPI: LAPIC_NMI (acpi_id[0x1b] high edge lint[0x1])
[    0.000000] ACPI: LAPIC_NMI (acpi_id[0x1c] high edge lint[0x1])
[    0.000000] ACPI: LAPIC_NMI (acpi_id[0x1d] high edge lint[0x1])
[    0.000000] ACPI: LAPIC_NMI (acpi_id[0x1e] high edge lint[0x1])
[    0.000000] ACPI: LAPIC_NMI (acpi_id[0x1f] high edge lint[0x1])
[    0.000000] ACPI: LAPIC_NMI (acpi_id[0x20] high edge lint[0x1])
[    0.000000] ACPI: LAPIC_NMI (acpi_id[0x21] high edge lint[0x1])
[    0.000000] ACPI: LAPIC_NMI (acpi_id[0x22] high edge lint[0x1])
[    0.000000] ACPI: LAPIC_NMI (acpi_id[0x23] high edge lint[0x1])
[    0.000000] ACPI: LAPIC_NMI (acpi_id[0x24] high edge lint[0x1])
[    0.000000] ACPI: LAPIC_NMI (acpi_id[0x25] high edge lint[0x1])
[    0.000000] ACPI: LAPIC_NMI (acpi_id[0x26] high edge lint[0x1])
[    0.000000] ACPI: LAPIC_NMI (acpi_id[0x27] high edge lint[0x1])
[    0.000000] ACPI: LAPIC_NMI (acpi_id[0x28] high edge lint[0x1])
[    0.000000] ACPI: LAPIC_NMI (acpi_id[0x29] high edge lint[0x1])
[    0.000000] ACPI: LAPIC_NMI (acpi_id[0x2a] high edge lint[0x1])
[    0.000000] ACPI: LAPIC_NMI (acpi_id[0x2b] high edge lint[0x1])
[    0.000000] ACPI: LAPIC_NMI (acpi_id[0x2c] high edge lint[0x1])
[    0.000000] ACPI: LAPIC_NMI (acpi_id[0x2d] high edge lint[0x1])
[    0.000000] ACPI: LAPIC_NMI (acpi_id[0x2e] high edge lint[0x1])
[    0.000000] ACPI: LAPIC_NMI (acpi_id[0x2f] high edge lint[0x1])
[    0.000000] ACPI: LAPIC_NMI (acpi_id[0x30] high edge lint[0x1])
[    0.000000] ACPI: LAPIC_NMI (acpi_id[0x31] high edge lint[0x1])
[    0.000000] ACPI: LAPIC_NMI (acpi_id[0x32] high edge lint[0x1])
[    0.000000] ACPI: LAPIC_NMI (acpi_id[0x33] high edge lint[0x1])
[    0.000000] ACPI: LAPIC_NMI (acpi_id[0x34] high edge lint[0x1])
[    0.000000] ACPI: LAPIC_NMI (acpi_id[0x35] high edge lint[0x1])
[    0.000000] ACPI: LAPIC_NMI (acpi_id[0x36] high edge lint[0x1])
[    0.000000] ACPI: LAPIC_NMI (acpi_id[0x37] high edge lint[0x1])
[    0.000000] ACPI: LAPIC_NMI (acpi_id[0x38] high edge lint[0x1])
[    0.000000] ACPI: LAPIC_NMI (acpi_id[0x39] high edge lint[0x1])
[    0.000000] ACPI: LAPIC_NMI (acpi_id[0x3a] high edge lint[0x1])
[    0.000000] ACPI: LAPIC_NMI (acpi_id[0x3b] high edge lint[0x1])
[    0.000000] ACPI: LAPIC_NMI (acpi_id[0x3c] high edge lint[0x1])
[    0.000000] ACPI: LAPIC_NMI (acpi_id[0x3d] high edge lint[0x1])
[    0.000000] ACPI: LAPIC_NMI (acpi_id[0x3e] high edge lint[0x1])
[    0.000000] ACPI: LAPIC_NMI (acpi_id[0x3f] high edge lint[0x1])
[    0.000000] ACPI: Skipping IOAPIC probe due to 'noapic' option.
[    0.000000] Using ACPI for processor (LAPIC) configuration information
[    0.000000] ACPI: HPET id: 0x8086af01 base: 0xfed00000
[    0.000000] Intel MultiProcessor Specification v1.4
[    0.000000]     Virtual Wire compatibility mode.
[    0.000000] MPTABLE: OEM ID: INTEL   
[    0.000000] MPTABLE: Product ID: 440BX       
[    0.000000] MPTABLE: APIC at: 0xFEE00000
[    0.000000] I/O APIC #1 Version 17 at 0xFEC00000.
[    0.000000] Processors: 1
[    0.000000] 64 Processors exceeds NR_CPUS limit of 8
[    0.000000] SMP: Allowing 8 CPUs, 7 hotplug CPUs
[    0.000000] nr_irqs_gsi: 24
[    0.000000] PM: Registered nosave memory: 000000000009f000 - 00000000000a0000
[    0.000000] PM: Registered nosave memory: 00000000000a0000 - 00000000000ca000
[    0.000000] PM: Registered nosave memory: 00000000000ca000 - 00000000000cc000
[    0.000000] PM: Registered nosave memory: 00000000000cc000 - 00000000000dc000
[    0.000000] PM: Registered nosave memory: 00000000000dc000 - 0000000000100000
[    0.000000] Allocating PCI resources starting at 40000000 (gap: 40000000:a0000000)
[    0.000000] Booting paravirtualized kernel on bare hardware
[    0.000000] NR_CPUS:8 nr_cpumask_bits:8 nr_cpu_ids:8 nr_node_ids:1
[    0.000000] PERCPU: Embedded 15 pages/cpu @c2400000 s39320 r0 d22120 u262144
[    0.000000] pcpu-alloc: s39320 r0 d22120 u262144 alloc=1*2097152
[    0.000000] pcpu-alloc: [0] 0 1 2 3 4 5 6 7 
[    0.000000] Built 1 zonelists in Zone order, mobility grouping on.  Total pages: 259950
[    0.000000] Kernel command line: BOOT_IMAGE=/boot/vmlinuz-2.6.32.57 root=UUID=007b598c-390d-4c65-84a1-4ff752d48633 ro quiet splash maxcpus=0
[    0.000000] PID hash table entries: 4096 (order: 2, 16384 bytes)
[    0.000000] Dentry cache hash table entries: 131072 (order: 7, 524288 bytes)
[    0.000000] Inode-cache hash table entries: 65536 (order: 6, 262144 bytes)
[    0.000000] Enabling fast FPU save and restore... done.
[    0.000000] Enabling unmasked SIMD FPU exception support... done.
[    0.000000] Initializing CPU#0
[    0.000000] xsave/xrstor: enabled xstate_bv 0x7, cntxt size 0x340
[    0.000000] allocated 5242560 bytes of page_cgroup
[    0.000000] please try 'cgroup_disable=memory' option if you don't want memory cgroups
[    0.000000] Initializing HighMem for node 0 (000379fe:00040000)
[    0.000000] Memory: 938260k/1048576k available (4839k kernel code, 108848k reserved, 2518k data, 652k init, 137096k highmem)
[    0.000000] virtual kernel memory layout:
[    0.000000]     fixmap  : 0xfff1e000 - 0xfffff000   ( 900 kB)
[    0.000000]     pkmap   : 0xffa00000 - 0xffc00000   (2048 kB)
[    0.000000]     vmalloc : 0xf81fe000 - 0xff9fe000   ( 120 MB)
[    0.000000]     lowmem  : 0xc0000000 - 0xf79fe000   ( 889 MB)
[    0.000000]       .init : 0xc1730000 - 0xc17d3000   ( 652 kB)
[    0.000000]       .data : 0xc14b9cce - 0xc172f764   (2518 kB)
[    0.000000]       .text : 0xc1000000 - 0xc14b9cce   (4839 kB)
[    0.000000] Checking if this processor honours the WP bit even in supervisor mode...Ok.
[    0.000000] SLUB: Genslabs=13, HWalign=64, Order=0-3, MinObjects=0, CPUs=8, Nodes=1
[    0.000000] Hierarchical RCU implementation.
[    0.000000] NR_IRQS:2304 nr_irqs:472
[    0.000000] Extended CMOS year: 2000
[    0.000000] Console: colour VGA+ 80x25
[    0.000000] console [tty0] enabled
[    0.000000] hpet clockevent registered
[    0.000000] TSC freq read from hypervisor : 2394.620 MHz
[    0.000000] Detected 2394.620 MHz processor.
[    0.000002] Calibrating delay loop (skipped) preset value.. 4789.24 BogoMIPS (lpj=9578480)
[    0.000011] Security Framework initialized
[    0.000014] SELinux:  Disabled at boot.
[    0.000018] Mount-cache hash table entries: 512
[    0.000115] Initializing cgroup subsys cpuacct
[    0.000118] Initializing cgroup subsys memory
[    0.000122] Initializing cgroup subsys devices
[    0.000123] Initializing cgroup subsys freezer
[    0.000149] CPU: Physical Processor ID: 0
[    0.000156] CPU: L1 I cache: 32K, L1 D cache: 32K
[    0.000157] CPU: L2 cache: 256K
[    0.000158] CPU: L3 cache: 4096K
[    0.000163] mce: CPU supports 0 MCE banks
[    0.000175] Performance Events: no PMU driver, software events only.
[    0.000185] Checking 'hlt' instruction... OK.
[    0.018356] SMP alternatives: switching to UP code
[    0.032645] ACPI: Core revision 20090903
[    0.039026] ACPI: setting ELCR to 0200 (from 0e20)
[    0.040110] ftrace: converting mcount calls to 0f 1f 44 00 00
[    0.040116] ftrace: allocating 22631 entries in 45 pages
[    0.057473] CANARY value: aa11a829 for PID: 1
[    0.057506] Not enabling x2apic, Intr-remapping init failed.
[    0.057507] Enabling APIC mode:  Flat.  Using 1 I/O APICs
[    0.057516] SMP mode deactivated.
[    0.057542] SMP disabled
[    0.057600] Brought up 1 CPUs
[    0.057601] Total of 1 processors activated (4789.24 BogoMIPS).
[    0.057605] CPU0 attaching NULL sched-domain.
[    0.057707] devtmpfs: initialized
[    0.057831] sysctl table check failed: /kernel/random/now_input .1.40.7 Unknown sysctl binary path
[    0.058090] Pid: 1, comm: swapper Not tainted 2.6.32.57 #4
[    0.058091] Call Trace:
[    0.058097]  [<c14a8a0e>] ? printk+0x1d/0x1f
[    0.058100]  [<c107b56f>] set_fail+0x4f/0x60
[    0.058102]  [<c107b8b3>] sysctl_check_table+0x333/0x620
[    0.058104]  [<c107b8cc>] sysctl_check_table+0x34c/0x620
[    0.058105]  [<c107b8cc>] sysctl_check_table+0x34c/0x620
[    0.058110]  [<c1746d48>] sysctl_init+0x25/0x29
[    0.058112]  [<c1003042>] do_one_initcall+0x32/0x1a0
[    0.058114]  [<c1746d23>] ? sysctl_init+0x0/0x29
[    0.058117]  [<c17308e7>] kernel_init+0x12d/0x17a
[    0.058118]  [<c17307ba>] ? kernel_init+0x0/0x17a
[    0.058121]  [<c1009b07>] kernel_thread_helper+0x7/0x10
[    0.058122] sysctl table check failed: /kernel/random/now_blocking .1.40.8 Unknown sysctl binary path
[    0.058367] Pid: 1, comm: swapper Not tainted 2.6.32.57 #4
[    0.058368] Call Trace:
[    0.058370]  [<c14a8a0e>] ? printk+0x1d/0x1f
[    0.058372]  [<c107b56f>] set_fail+0x4f/0x60
[    0.058373]  [<c107b8b3>] sysctl_check_table+0x333/0x620
[    0.058375]  [<c107b8cc>] sysctl_check_table+0x34c/0x620
[    0.058377]  [<c107b8cc>] sysctl_check_table+0x34c/0x620
[    0.058379]  [<c1746d48>] sysctl_init+0x25/0x29
[    0.058381]  [<c1003042>] do_one_initcall+0x32/0x1a0
[    0.058383]  [<c1746d23>] ? sysctl_init+0x0/0x29
[    0.058384]  [<c17308e7>] kernel_init+0x12d/0x17a
[    0.058386]  [<c17307ba>] ? kernel_init+0x0/0x17a
[    0.058388]  [<c1009b07>] kernel_thread_helper+0x7/0x10
[    0.058389] sysctl table check failed: /kernel/random/now_nonblocking .1.40.9 Unknown sysctl binary path
[    0.058649] Pid: 1, comm: swapper Not tainted 2.6.32.57 #4
[    0.058650] Call Trace:
[    0.058651]  [<c14a8a0e>] ? printk+0x1d/0x1f
[    0.058653]  [<c107b56f>] set_fail+0x4f/0x60
[    0.058654]  [<c107b8b3>] sysctl_check_table+0x333/0x620
[    0.058656]  [<c107b8cc>] sysctl_check_table+0x34c/0x620
[    0.058658]  [<c107b8cc>] sysctl_check_table+0x34c/0x620
[    0.058660]  [<c1746d48>] sysctl_init+0x25/0x29
[    0.058662]  [<c1003042>] do_one_initcall+0x32/0x1a0
[    0.058664]  [<c1746d23>] ? sysctl_init+0x0/0x29
[    0.058666]  [<c17308e7>] kernel_init+0x12d/0x17a
[    0.058667]  [<c17307ba>] ? kernel_init+0x0/0x17a
[    0.058669]  [<c1009b07>] kernel_thread_helper+0x7/0x10
[    0.058670] sysctl table check failed: /kernel/random/nb_input_bytes .1.40.10 Unknown sysctl binary path
[    0.058917] Pid: 1, comm: swapper Not tainted 2.6.32.57 #4
[    0.058917] Call Trace:
[    0.058919]  [<c14a8a0e>] ? printk+0x1d/0x1f
[    0.058920]  [<c107b56f>] set_fail+0x4f/0x60
[    0.058922]  [<c107b8b3>] sysctl_check_table+0x333/0x620
[    0.058924]  [<c107b8cc>] sysctl_check_table+0x34c/0x620
[    0.058925]  [<c107b8cc>] sysctl_check_table+0x34c/0x620
[    0.058928]  [<c1746d48>] sysctl_init+0x25/0x29
[    0.058929]  [<c1003042>] do_one_initcall+0x32/0x1a0
[    0.058932]  [<c1746d23>] ? sysctl_init+0x0/0x29
[    0.058933]  [<c17308e7>] kernel_init+0x12d/0x17a
[    0.058935]  [<c17307ba>] ? kernel_init+0x0/0x17a
[    0.058936]  [<c1009b07>] kernel_thread_helper+0x7/0x10
[    0.058938] sysctl table check failed: /kernel/random/nb_stir_count .1.40.11 Unknown sysctl binary path
[    0.059183] Pid: 1, comm: swapper Not tainted 2.6.32.57 #4
[    0.059184] Call Trace:
[    0.059185]  [<c14a8a0e>] ? printk+0x1d/0x1f
[    0.059187]  [<c107b56f>] set_fail+0x4f/0x60
[    0.059189]  [<c107b8b3>] sysctl_check_table+0x333/0x620
[    0.059190]  [<c107b8cc>] sysctl_check_table+0x34c/0x620
[    0.059192]  [<c107b8cc>] sysctl_check_table+0x34c/0x620
[    0.059194]  [<c1746d48>] sysctl_init+0x25/0x29
[    0.059196]  [<c1003042>] do_one_initcall+0x32/0x1a0
[    0.059198]  [<c1746d23>] ? sysctl_init+0x0/0x29
[    0.059200]  [<c17308e7>] kernel_init+0x12d/0x17a
[    0.059201]  [<c17307ba>] ? kernel_init+0x0/0x17a
[    0.059203]  [<c1009b07>] kernel_thread_helper+0x7/0x10
[    0.059204] sysctl table check failed: /kernel/random/nb_reentry_count .1.40.12 Unknown sysctl binary path
[    0.059463] Pid: 1, comm: swapper Not tainted 2.6.32.57 #4
[    0.059464] Call Trace:
[    0.059466]  [<c14a8a0e>] ? printk+0x1d/0x1f
[    0.059468]  [<c107b56f>] set_fail+0x4f/0x60
[    0.059469]  [<c107b8b3>] sysctl_check_table+0x333/0x620
[    0.059471]  [<c107b8cc>] sysctl_check_table+0x34c/0x620
[    0.059473]  [<c107b8cc>] sysctl_check_table+0x34c/0x620
[    0.059475]  [<c1746d48>] sysctl_init+0x25/0x29
[    0.059477]  [<c1003042>] do_one_initcall+0x32/0x1a0
[    0.059479]  [<c1746d23>] ? sysctl_init+0x0/0x29
[    0.059480]  [<c17308e7>] kernel_init+0x12d/0x17a
[    0.059482]  [<c17307ba>] ? kernel_init+0x0/0x17a
[    0.059484]  [<c1009b07>] kernel_thread_helper+0x7/0x10
[    0.059604] RANDOM - __seed init called.
[    0.059605] RANDOM - __seed init called.
[    0.059606] RANDOM - __seed init called.
[    0.059607] RANDOM - __random32 called. Change num 1.  Value: 865378fd	b53d80db	1f8ba37e
[    0.059609] RANDOM - __random32 called. Change num 2.  Value: 378fdd29	53d80db0	46fc7ad7
[    0.059610] RANDOM - __random32 called. Change num 3.  Value: fdd29985	3d80db0e	f5ae23f5
[    0.059611] RANDOM - __random32 called. Change num 4.  Value: 299855dc	d80db0e5	47eb1be7
[    0.059613] RANDOM - __random32 called. Change num 5.  Value: 855dc464	80db0e5c	37cf1678
[    0.059614] RANDOM - __random32 called. Change num 6.  Value: dc4647ba	db0e5c1	2cf136f4
[    0.059615] RANDOM - random32 init called.  Value: dc4647ba	db0e5c1	2cf136f4
[    0.059621] regulator: core version 0.5
[    0.059923] Time: 22:14:45  Date: 05/24/13
[    0.059967] NET: Registered protocol family 16
[    0.060041] EISA bus registered
[    0.060822] ACPI: bus type pci registered
[    0.060917] PCI: MCFG configuration 0: base e0000000 segment 0 buses 0 - 255
[    0.060919] PCI: MCFG area at e0000000 reserved in E820
[    0.060920] PCI: Using MMCONFIG for extended config space
[    0.060921] PCI: Using configuration type 1 for base access
[    0.061374] bio: create slab <bio-0> at 0
[    0.062836] ACPI: EC: Look up EC in DSDT
[    0.100117] ACPI: BIOS _OSI(Linux) query ignored
[    0.105958] ACPI: Interpreter enabled
[    0.105964] ACPI: (supports S0 S1 S4 S5)
[    0.105977] ACPI: Using PIC for interrupt routing
[    0.192401] ACPI: No dock devices found.
[    0.193192] ACPI: PCI Root Bridge [PCI0] (0000:00)
[    0.194843] pci 0000:00:07.1: reg 20 io port: [0x10c0-0x10cf]
[    0.195383] pci 0000:00:07.3: quirk: region 1000-103f claimed by PIIX4 ACPI
[    0.195394] pci 0000:00:07.3: quirk: region 1040-104f claimed by PIIX4 SMB
[    0.195937] pci 0000:00:07.7: reg 10 io port: [0x1080-0x10bf]
[    0.196358] pci 0000:00:07.7: reg 14 64bit mmio: [0xc8000000-0xc8001fff]
[    0.197602] pci 0000:00:0f.0: reg 10 io port: [0x10d0-0x10df]
[    0.197644] pci 0000:00:0f.0: reg 14 32bit mmio pref: [0xd0000000-0xd7ffffff]
[    0.197715] pci 0000:00:0f.0: reg 18 32bit mmio: [0xc8800000-0xc8ffffff]
[    0.197864] pci 0000:00:0f.0: reg 30 32bit mmio pref: [0x000000-0x007fff]
[    0.198489] pci 0000:00:10.0: reg 10 io port: [0x1400-0x14ff]
[    0.198866] pci 0000:00:10.0: reg 14 64bit mmio: [0xc8040000-0xc805ffff]
[    0.199221] pci 0000:00:10.0: reg 1c 64bit mmio: [0xc8020000-0xc803ffff]
[    0.199326] pci 0000:00:10.0: reg 30 32bit mmio pref: [0x000000-0x003fff]
[    0.200734] pci 0000:00:15.0: PME# supported from D0 D3hot D3cold
[    0.200755] pci 0000:00:15.0: PME# disabled
[    0.201574] pci 0000:00:15.1: PME# supported from D0 D3hot D3cold
[    0.201594] pci 0000:00:15.1: PME# disabled
[    0.202420] pci 0000:00:15.2: PME# supported from D0 D3hot D3cold
[    0.202439] pci 0000:00:15.2: PME# disabled
[    0.203289] pci 0000:00:15.3: PME# supported from D0 D3hot D3cold
[    0.203308] pci 0000:00:15.3: PME# disabled
[    0.204116] pci 0000:00:15.4: PME# supported from D0 D3hot D3cold
[    0.204135] pci 0000:00:15.4: PME# disabled
[    0.204977] pci 0000:00:15.5: PME# supported from D0 D3hot D3cold
[    0.204995] pci 0000:00:15.5: PME# disabled
[    0.205822] pci 0000:00:15.6: PME# supported from D0 D3hot D3cold
[    0.205841] pci 0000:00:15.6: PME# disabled
[    0.206663] pci 0000:00:15.7: PME# supported from D0 D3hot D3cold
[    0.206682] pci 0000:00:15.7: PME# disabled
[    0.207550] pci 0000:00:16.0: PME# supported from D0 D3hot D3cold
[    0.207573] pci 0000:00:16.0: PME# disabled
[    0.208451] pci 0000:00:16.1: PME# supported from D0 D3hot D3cold
[    0.208472] pci 0000:00:16.1: PME# disabled
[    0.209335] pci 0000:00:16.2: PME# supported from D0 D3hot D3cold
[    0.209356] pci 0000:00:16.2: PME# disabled
[    0.210236] pci 0000:00:16.3: PME# supported from D0 D3hot D3cold
[    0.210257] pci 0000:00:16.3: PME# disabled
[    0.211111] pci 0000:00:16.4: PME# supported from D0 D3hot D3cold
[    0.211131] pci 0000:00:16.4: PME# disabled
[    0.212005] pci 0000:00:16.5: PME# supported from D0 D3hot D3cold
[    0.212025] pci 0000:00:16.5: PME# disabled
[    0.212863] pci 0000:00:16.6: PME# supported from D0 D3hot D3cold
[    0.212883] pci 0000:00:16.6: PME# disabled
[    0.213709] pci 0000:00:16.7: PME# supported from D0 D3hot D3cold
[    0.213727] pci 0000:00:16.7: PME# disabled
[    0.215165] pci 0000:00:17.0: PME# supported from D0 D3hot D3cold
[    0.215198] pci 0000:00:17.0: PME# disabled
[    0.216087] pci 0000:00:17.1: PME# supported from D0 D3hot D3cold
[    0.216108] pci 0000:00:17.1: PME# disabled
[    0.216999] pci 0000:00:17.2: PME# supported from D0 D3hot D3cold
[    0.217019] pci 0000:00:17.2: PME# disabled
[    0.218018] pci 0000:00:17.3: PME# supported from D0 D3hot D3cold
[    0.218040] pci 0000:00:17.3: PME# disabled
[    0.218903] pci 0000:00:17.4: PME# supported from D0 D3hot D3cold
[    0.218923] pci 0000:00:17.4: PME# disabled
[    0.219802] pci 0000:00:17.5: PME# supported from D0 D3hot D3cold
[    0.219822] pci 0000:00:17.5: PME# disabled
[    0.220676] pci 0000:00:17.6: PME# supported from D0 D3hot D3cold
[    0.220695] pci 0000:00:17.6: PME# disabled
[    0.221527] pci 0000:00:17.7: PME# supported from D0 D3hot D3cold
[    0.221545] pci 0000:00:17.7: PME# disabled
[    0.222401] pci 0000:00:18.0: PME# supported from D0 D3hot D3cold
[    0.222420] pci 0000:00:18.0: PME# disabled
[    0.223240] pci 0000:00:18.1: PME# supported from D0 D3hot D3cold
[    0.223259] pci 0000:00:18.1: PME# disabled
[    0.224068] pci 0000:00:18.2: PME# supported from D0 D3hot D3cold
[    0.224087] pci 0000:00:18.2: PME# disabled
[    0.224913] pci 0000:00:18.3: PME# supported from D0 D3hot D3cold
[    0.224931] pci 0000:00:18.3: PME# disabled
[    0.225752] pci 0000:00:18.4: PME# supported from D0 D3hot D3cold
[    0.225771] pci 0000:00:18.4: PME# disabled
[    0.226654] pci 0000:00:18.5: PME# supported from D0 D3hot D3cold
[    0.226675] pci 0000:00:18.5: PME# disabled
[    0.228031] pci 0000:00:18.6: PME# supported from D0 D3hot D3cold
[    0.228051] pci 0000:00:18.6: PME# disabled
[    0.228900] pci 0000:00:18.7: PME# supported from D0 D3hot D3cold
[    0.228919] pci 0000:00:18.7: PME# disabled
[    0.229999] pci 0000:02:00.0: reg 20 io port: [0x20c0-0x20df]
[    0.230504] pci 0000:02:01.0: reg 10 io port: [0x2000-0x207f]
[    0.230732] pci 0000:02:01.0: reg 30 32bit mmio pref: [0x000000-0x00ffff]
[    0.231286] pci 0000:02:02.0: reg 10 io port: [0x2080-0x20bf]
[    0.231900] pci 0000:02:03.0: reg 10 32bit mmio: [0xc9000000-0xc9000fff]
[    0.232472] pci 0000:00:11.0: transparent bridge
[    0.232491] pci 0000:00:11.0: bridge io port: [0x2000-0x3fff]
[    0.232510] pci 0000:00:11.0: bridge 32bit mmio: [0xc9000000-0xca3fffff]
[    0.232546] pci 0000:00:11.0: bridge 64bit mmio pref: [0xd8400000-0xd89fffff]
[    0.232900] pci 0000:00:15.0: bridge io port: [0x4000-0x4fff]
[    0.232937] pci 0000:00:15.0: bridge 32bit mmio: [0xca400000-0xca4fffff]
[    0.232976] pci 0000:00:15.0: bridge 64bit mmio pref: [0xd8a00000-0xd8afffff]
[    0.233355] pci 0000:00:15.1: bridge io port: [0x8000-0x8fff]
[    0.233375] pci 0000:00:15.1: bridge 32bit mmio: [0xca800000-0xca8fffff]
[    0.233413] pci 0000:00:15.1: bridge 64bit mmio pref: [0xd8e00000-0xd8efffff]
[    0.233771] pci 0000:00:15.2: bridge io port: [0xc000-0xcfff]
[    0.233790] pci 0000:00:15.2: bridge 32bit mmio: [0xcac00000-0xcacfffff]
[    0.233825] pci 0000:00:15.2: bridge 64bit mmio pref: [0xd9200000-0xd92fffff]
[    0.234202] pci 0000:00:15.3: bridge 32bit mmio: [0xcb000000-0xcb0fffff]
[    0.234247] pci 0000:00:15.3: bridge 64bit mmio pref: [0xd9600000-0xd96fffff]
[    0.234599] pci 0000:00:15.4: bridge 32bit mmio: [0xcb400000-0xcb4fffff]
[    0.234634] pci 0000:00:15.4: bridge 64bit mmio pref: [0xd9a00000-0xd9afffff]
[    0.234985] pci 0000:00:15.5: bridge 32bit mmio: [0xcb800000-0xcb8fffff]
[    0.235020] pci 0000:00:15.5: bridge 64bit mmio pref: [0xd9e00000-0xd9efffff]
[    0.235421] pci 0000:00:15.6: bridge 32bit mmio: [0xcbc00000-0xcbcfffff]
[    0.235456] pci 0000:00:15.6: bridge 64bit mmio pref: [0xda200000-0xda2fffff]
[    0.235821] pci 0000:00:15.7: bridge 32bit mmio: [0xcc000000-0xcc0fffff]
[    0.235856] pci 0000:00:15.7: bridge 64bit mmio pref: [0xda600000-0xda6fffff]
[    0.236203] pci 0000:00:16.0: bridge io port: [0x5000-0x5fff]
[    0.236231] pci 0000:00:16.0: bridge 32bit mmio: [0xca500000-0xca5fffff]
[    0.236266] pci 0000:00:16.0: bridge 64bit mmio pref: [0xd8b00000-0xd8bfffff]
[    0.236601] pci 0000:00:16.1: bridge io port: [0x9000-0x9fff]
[    0.236620] pci 0000:00:16.1: bridge 32bit mmio: [0xca900000-0xca9fffff]
[    0.236656] pci 0000:00:16.1: bridge 64bit mmio pref: [0xd8f00000-0xd8ffffff]
[    0.236989] pci 0000:00:16.2: bridge io port: [0xd000-0xdfff]
[    0.237008] pci 0000:00:16.2: bridge 32bit mmio: [0xcad00000-0xcadfffff]
[    0.237044] pci 0000:00:16.2: bridge 64bit mmio pref: [0xd9300000-0xd93fffff]
[    0.237465] pci 0000:00:16.3: bridge 32bit mmio: [0xcb100000-0xcb1fffff]
[    0.237505] pci 0000:00:16.3: bridge 64bit mmio pref: [0xd9700000-0xd97fffff]
[    0.237890] pci 0000:00:16.4: bridge 32bit mmio: [0xcb500000-0xcb5fffff]
[    0.237928] pci 0000:00:16.4: bridge 64bit mmio pref: [0xd9b00000-0xd9bfffff]
[    0.238306] pci 0000:00:16.5: bridge 32bit mmio: [0xcb900000-0xcb9fffff]
[    0.238344] pci 0000:00:16.5: bridge 64bit mmio pref: [0xd9f00000-0xd9ffffff]
[    0.238721] pci 0000:00:16.6: bridge 32bit mmio: [0xcbd00000-0xcbdfffff]
[    0.238759] pci 0000:00:16.6: bridge 64bit mmio pref: [0xda300000-0xda3fffff]
[    0.239135] pci 0000:00:16.7: bridge 32bit mmio: [0xcc100000-0xcc1fffff]
[    0.239188] pci 0000:00:16.7: bridge 64bit mmio pref: [0xda700000-0xda7fffff]
[    0.239541] pci 0000:00:17.0: bridge io port: [0x6000-0x6fff]
[    0.239560] pci 0000:00:17.0: bridge 32bit mmio: [0xca600000-0xca6fffff]
[    0.239596] pci 0000:00:17.0: bridge 64bit mmio pref: [0xd8c00000-0xd8cfffff]
[    0.239943] pci 0000:00:17.1: bridge io port: [0xa000-0xafff]
[    0.239962] pci 0000:00:17.1: bridge 32bit mmio: [0xcaa00000-0xcaafffff]
[    0.239998] pci 0000:00:17.1: bridge 64bit mmio pref: [0xd9000000-0xd90fffff]
[    0.240401] pci 0000:00:17.2: bridge io port: [0xe000-0xefff]
[    0.240423] pci 0000:00:17.2: bridge 32bit mmio: [0xcae00000-0xcaefffff]
[    0.240462] pci 0000:00:17.2: bridge 64bit mmio pref: [0xd9400000-0xd94fffff]
[    0.240848] pci 0000:00:17.3: bridge 32bit mmio: [0xcb200000-0xcb2fffff]
[    0.240887] pci 0000:00:17.3: bridge 64bit mmio pref: [0xd9800000-0xd98fffff]
[    0.241267] pci 0000:00:17.4: bridge 32bit mmio: [0xcb600000-0xcb6fffff]
[    0.241305] pci 0000:00:17.4: bridge 64bit mmio pref: [0xd9c00000-0xd9cfffff]
[    0.241682] pci 0000:00:17.5: bridge 32bit mmio: [0xcba00000-0xcbafffff]
[    0.241720] pci 0000:00:17.5: bridge 64bit mmio pref: [0xda000000-0xda0fffff]
[    0.242098] pci 0000:00:17.6: bridge 32bit mmio: [0xcbe00000-0xcbefffff]
[    0.242136] pci 0000:00:17.6: bridge 64bit mmio pref: [0xda400000-0xda4fffff]
[    0.242539] pci 0000:00:17.7: bridge 32bit mmio: [0xcc200000-0xcc2fffff]
[    0.242577] pci 0000:00:17.7: bridge 64bit mmio pref: [0xda800000-0xda8fffff]
[    0.242925] pci 0000:00:18.0: bridge io port: [0x7000-0x7fff]
[    0.242944] pci 0000:00:18.0: bridge 32bit mmio: [0xca700000-0xca7fffff]
[    0.242979] pci 0000:00:18.0: bridge 64bit mmio pref: [0xd8d00000-0xd8dfffff]
[    0.243343] pci 0000:00:18.1: bridge io port: [0xb000-0xbfff]
[    0.243362] pci 0000:00:18.1: bridge 32bit mmio: [0xcab00000-0xcabfffff]
[    0.243397] pci 0000:00:18.1: bridge 64bit mmio pref: [0xd9100000-0xd91fffff]
[    0.243743] pci 0000:00:18.2: bridge io port: [0xf000-0xffff]
[    0.243762] pci 0000:00:18.2: bridge 32bit mmio: [0xcaf00000-0xcaffffff]
[    0.243797] pci 0000:00:18.2: bridge 64bit mmio pref: [0xd9500000-0xd95fffff]
[    0.244151] pci 0000:00:18.3: bridge 32bit mmio: [0xcb300000-0xcb3fffff]
[    0.244197] pci 0000:00:18.3: bridge 64bit mmio pref: [0xd9900000-0xd99fffff]
[    0.244557] pci 0000:00:18.4: bridge 32bit mmio: [0xcb700000-0xcb7fffff]
[    0.244593] pci 0000:00:18.4: bridge 64bit mmio pref: [0xd9d00000-0xd9dfffff]
[    0.244945] pci 0000:00:18.5: bridge 32bit mmio: [0xcbb00000-0xcbbfffff]
[    0.244981] pci 0000:00:18.5: bridge 64bit mmio pref: [0xda100000-0xda1fffff]
[    0.245358] pci 0000:00:18.6: bridge 32bit mmio: [0xcbf00000-0xcbffffff]
[    0.245394] pci 0000:00:18.6: bridge 64bit mmio pref: [0xda500000-0xda5fffff]
[    0.245746] pci 0000:00:18.7: bridge 32bit mmio: [0xcc300000-0xcc3fffff]
[    0.245781] pci 0000:00:18.7: bridge 64bit mmio pref: [0xda900000-0xda9fffff]
[    0.247245] pci_bus 0000:00: on NUMA node 0
[    0.247255] ACPI: PCI Interrupt Routing Table [\_SB_.PCI0._PRT]
[    0.480507] ACPI: PCI Interrupt Link [LNKA] (IRQs 3 4 5 6 7 *9 10 11 14 15)
[    0.480663] ACPI: PCI Interrupt Link [LNKB] (IRQs 3 4 5 6 7 9 10 *11 14 15)
[    0.480824] ACPI: PCI Interrupt Link [LNKC] (IRQs 3 4 5 6 7 9 *10 11 14 15)
[    0.481012] ACPI: PCI Interrupt Link [LNKD] (IRQs 3 4 *5 6 7 9 10 11 14 15)
[    0.481170] vgaarb: device added: PCI:0000:00:0f.0,decodes=io+mem,owns=io+mem,locks=none
[    0.481181] vgaarb: loaded
[    0.481271] SCSI subsystem initialized
[    0.481316] libata version 3.00 loaded.
[    0.481358] usbcore: registered new interface driver usbfs
[    0.481369] usbcore: registered new interface driver hub
[    0.481385] usbcore: registered new device driver usb
[    0.481455] PCI: Using ACPI for IRQ routing
[    0.482472] NetLabel: Initializing
[    0.482473] NetLabel:  domain hash size = 128
[    0.482473] NetLabel:  protocols = UNLABELED CIPSOv4
[    0.482481] NetLabel:  unlabeled traffic allowed by default
[    0.482521] hpet0: at MMIO 0xfed00000, IRQs 2, 8, 0, 0, 0, 0, 0, 0, 0, 0, 0, 0, 0, 0, 0, 0
[    0.482528] hpet0: 16 comparators, 64-bit 14.318180 MHz counter
[    0.485563] Switching to clocksource tsc
[    0.492520] pnp: PnP ACPI init
[    0.492531] ACPI: bus type pnp registered
[    0.537175] pnp: PnP ACPI: found 14 devices
[    0.537178] ACPI: ACPI bus type pnp unregistered
[    0.537181] PnPBIOS: Disabled by ACPI PNP
[    0.537196] system 00:01: ioport range 0x1000-0x103f has been reserved
[    0.537197] system 00:01: ioport range 0x1040-0x104f has been reserved
[    0.537199] system 00:01: ioport range 0xcf0-0xcf1 has been reserved
[    0.537206] system 00:08: iomem range 0xfed00000-0xfed003ff has been reserved
[    0.537211] system 00:0d: ioport range 0x1060-0x107f has been reserved
[    0.537213] system 00:0d: iomem range 0xe0000000-0xefffffff has been reserved
[    0.537214] system 00:0d: iomem range 0xc8200000-0xc83fffff has been reserved
[    0.573612] pci 0000:00:15.3: BAR 13: can't allocate I/O resource [0x10000-0xffff]
[    0.573616] pci 0000:00:15.4: BAR 13: can't allocate I/O resource [0x10000-0xffff]
[    0.573619] pci 0000:00:15.5: BAR 13: can't allocate I/O resource [0x10000-0xffff]
[    0.573622] pci 0000:00:15.6: BAR 13: can't allocate I/O resource [0x10000-0xffff]
[    0.573625] pci 0000:00:15.7: BAR 13: can't allocate I/O resource [0x10000-0xffff]
[    0.573628] pci 0000:00:16.3: BAR 13: can't allocate I/O resource [0x10000-0xffff]
[    0.573631] pci 0000:00:16.4: BAR 13: can't allocate I/O resource [0x10000-0xffff]
[    0.573634] pci 0000:00:16.5: BAR 13: can't allocate I/O resource [0x10000-0xffff]
[    0.573637] pci 0000:00:16.6: BAR 13: can't allocate I/O resource [0x10000-0xffff]
[    0.573639] pci 0000:00:16.7: BAR 13: can't allocate I/O resource [0x10000-0xffff]
[    0.573642] pci 0000:00:17.3: BAR 13: can't allocate I/O resource [0x10000-0xffff]
[    0.573645] pci 0000:00:17.4: BAR 13: can't allocate I/O resource [0x10000-0xffff]
[    0.573648] pci 0000:00:17.5: BAR 13: can't allocate I/O resource [0x10000-0xffff]
[    0.573651] pci 0000:00:17.6: BAR 13: can't allocate I/O resource [0x10000-0xffff]
[    0.573654] pci 0000:00:17.7: BAR 13: can't allocate I/O resource [0x10000-0xffff]
[    0.573656] pci 0000:00:18.3: BAR 13: can't allocate I/O resource [0x10000-0xffff]
[    0.573659] pci 0000:00:18.4: BAR 13: can't allocate I/O resource [0x10000-0xffff]
[    0.573662] pci 0000:00:18.5: BAR 13: can't allocate I/O resource [0x10000-0xffff]
[    0.573665] pci 0000:00:18.6: BAR 13: can't allocate I/O resource [0x10000-0xffff]
[    0.573668] pci 0000:00:18.7: BAR 13: can't allocate I/O resource [0x10000-0xffff]
[    0.573670] pci 0000:00:01.0: PCI bridge, secondary bus 0000:01
[    0.573672] pci 0000:00:01.0:   IO window: disabled
[    0.573703] pci 0000:00:01.0:   MEM window: disabled
[    0.573723] pci 0000:00:01.0:   PREFETCH window: disabled
[    0.573831] pci 0000:00:11.0: PCI bridge, secondary bus 0000:02
[    0.573844] pci 0000:00:11.0:   IO window: 0x2000-0x3fff
[    0.573874] pci 0000:00:11.0:   MEM window: 0xc9000000-0xca3fffff
[    0.573895] pci 0000:00:11.0:   PREFETCH window: 0x000000d8400000-0x000000d89fffff
[    0.573933] pci 0000:00:15.0: PCI bridge, secondary bus 0000:03
[    0.573945] pci 0000:00:15.0:   IO window: 0x4000-0x4fff
[    0.573975] pci 0000:00:15.0:   MEM window: 0xca400000-0xca4fffff
[    0.573995] pci 0000:00:15.0:   PREFETCH window: 0x000000d8a00000-0x000000d8afffff
[    0.574049] pci 0000:00:15.1: PCI bridge, secondary bus 0000:04
[    0.574061] pci 0000:00:15.1:   IO window: 0x8000-0x8fff
[    0.574165] pci 0000:00:15.1:   MEM window: 0xca800000-0xca8fffff
[    0.574186] pci 0000:00:15.1:   PREFETCH window: 0x000000d8e00000-0x000000d8efffff
[    0.574231] pci 0000:00:15.2: PCI bridge, secondary bus 0000:05
[    0.574243] pci 0000:00:15.2:   IO window: 0xc000-0xcfff
[    0.574273] pci 0000:00:15.2:   MEM window: 0xcac00000-0xcacfffff
[    0.574294] pci 0000:00:15.2:   PREFETCH window: 0x000000d9200000-0x000000d92fffff
[    0.574337] pci 0000:00:15.3: PCI bridge, secondary bus 0000:06
[    0.574339] pci 0000:00:15.3:   IO window: disabled
[    0.574369] pci 0000:00:15.3:   MEM window: 0xcb000000-0xcb0fffff
[    0.574389] pci 0000:00:15.3:   PREFETCH window: 0x000000d9600000-0x000000d96fffff
[    0.574432] pci 0000:00:15.4: PCI bridge, secondary bus 0000:07
[    0.574434] pci 0000:00:15.4:   IO window: disabled
[    0.574463] pci 0000:00:15.4:   MEM window: 0xcb400000-0xcb4fffff
[    0.574484] pci 0000:00:15.4:   PREFETCH window: 0x000000d9a00000-0x000000d9afffff
[    0.574528] pci 0000:00:15.5: PCI bridge, secondary bus 0000:08
[    0.574529] pci 0000:00:15.5:   IO window: disabled
[    0.574596] pci 0000:00:15.5:   MEM window: 0xcb800000-0xcb8fffff
[    0.574617] pci 0000:00:15.5:   PREFETCH window: 0x000000d9e00000-0x000000d9efffff
[    0.574674] pci 0000:00:15.6: PCI bridge, secondary bus 0000:09
[    0.574676] pci 0000:00:15.6:   IO window: disabled
[    0.574706] pci 0000:00:15.6:   MEM window: 0xcbc00000-0xcbcfffff
[    0.574727] pci 0000:00:15.6:   PREFETCH window: 0x000000da200000-0x000000da2fffff
[    0.574771] pci 0000:00:15.7: PCI bridge, secondary bus 0000:0a
[    0.574772] pci 0000:00:15.7:   IO window: disabled
[    0.574803] pci 0000:00:15.7:   MEM window: 0xcc000000-0xcc0fffff
[    0.574823] pci 0000:00:15.7:   PREFETCH window: 0x000000da600000-0x000000da6fffff
[    0.574866] pci 0000:00:16.0: PCI bridge, secondary bus 0000:0b
[    0.574879] pci 0000:00:16.0:   IO window: 0x5000-0x5fff
[    0.574908] pci 0000:00:16.0:   MEM window: 0xca500000-0xca5fffff
[    0.574929] pci 0000:00:16.0:   PREFETCH window: 0x000000d8b00000-0x000000d8bfffff
[    0.574971] pci 0000:00:16.1: PCI bridge, secondary bus 0000:0c
[    0.574983] pci 0000:00:16.1:   IO window: 0x9000-0x9fff
[    0.575013] pci 0000:00:16.1:   MEM window: 0xca900000-0xca9fffff
[    0.575034] pci 0000:00:16.1:   PREFETCH window: 0x000000d8f00000-0x000000d8ffffff
[    0.575077] pci 0000:00:16.2: PCI bridge, secondary bus 0000:0d
[    0.575089] pci 0000:00:16.2:   IO window: 0xd000-0xdfff
[    0.575119] pci 0000:00:16.2:   MEM window: 0xcad00000-0xcadfffff
[    0.575149] pci 0000:00:16.2:   PREFETCH window: 0x000000d9300000-0x000000d93fffff
[    0.575191] pci 0000:00:16.3: PCI bridge, secondary bus 0000:0e
[    0.575193] pci 0000:00:16.3:   IO window: disabled
[    0.575223] pci 0000:00:16.3:   MEM window: 0xcb100000-0xcb1fffff
[    0.575243] pci 0000:00:16.3:   PREFETCH window: 0x000000d9700000-0x000000d97fffff
[    0.575286] pci 0000:00:16.4: PCI bridge, secondary bus 0000:0f
[    0.575287] pci 0000:00:16.4:   IO window: disabled
[    0.575317] pci 0000:00:16.4:   MEM window: 0xcb500000-0xcb5fffff
[    0.575337] pci 0000:00:16.4:   PREFETCH window: 0x000000d9b00000-0x000000d9bfffff
[    0.575380] pci 0000:00:16.5: PCI bridge, secondary bus 0000:10
[    0.575382] pci 0000:00:16.5:   IO window: disabled
[    0.575412] pci 0000:00:16.5:   MEM window: 0xcb900000-0xcb9fffff
[    0.575432] pci 0000:00:16.5:   PREFETCH window: 0x000000d9f00000-0x000000d9ffffff
[    0.575475] pci 0000:00:16.6: PCI bridge, secondary bus 0000:11
[    0.575477] pci 0000:00:16.6:   IO window: disabled
[    0.575507] pci 0000:00:16.6:   MEM window: 0xcbd00000-0xcbdfffff
[    0.575527] pci 0000:00:16.6:   PREFETCH window: 0x000000da300000-0x000000da3fffff
[    0.575570] pci 0000:00:16.7: PCI bridge, secondary bus 0000:12
[    0.575572] pci 0000:00:16.7:   IO window: disabled
[    0.575601] pci 0000:00:16.7:   MEM window: 0xcc100000-0xcc1fffff
[    0.575622] pci 0000:00:16.7:   PREFETCH window: 0x000000da700000-0x000000da7fffff
[    0.575664] pci 0000:00:17.0: PCI bridge, secondary bus 0000:13
[    0.575676] pci 0000:00:17.0:   IO window: 0x6000-0x6fff
[    0.575706] pci 0000:00:17.0:   MEM window: 0xca600000-0xca6fffff
[    0.575726] pci 0000:00:17.0:   PREFETCH window: 0x000000d8c00000-0x000000d8cfffff
[    0.575769] pci 0000:00:17.1: PCI bridge, secondary bus 0000:14
[    0.575781] pci 0000:00:17.1:   IO window: 0xa000-0xafff
[    0.575810] pci 0000:00:17.1:   MEM window: 0xcaa00000-0xcaafffff
[    0.575831] pci 0000:00:17.1:   PREFETCH window: 0x000000d9000000-0x000000d90fffff
[    0.575873] pci 0000:00:17.2: PCI bridge, secondary bus 0000:15
[    0.575886] pci 0000:00:17.2:   IO window: 0xe000-0xefff
[    0.575915] pci 0000:00:17.2:   MEM window: 0xcae00000-0xcaefffff
[    0.575936] pci 0000:00:17.2:   PREFETCH window: 0x000000d9400000-0x000000d94fffff
[    0.575978] pci 0000:00:17.3: PCI bridge, secondary bus 0000:16
[    0.575980] pci 0000:00:17.3:   IO window: disabled
[    0.576010] pci 0000:00:17.3:   MEM window: 0xcb200000-0xcb2fffff
[    0.576031] pci 0000:00:17.3:   PREFETCH window: 0x000000d9800000-0x000000d98fffff
[    0.576075] pci 0000:00:17.4: PCI bridge, secondary bus 0000:17
[    0.576077] pci 0000:00:17.4:   IO window: disabled
[    0.576107] pci 0000:00:17.4:   MEM window: 0xcb600000-0xcb6fffff
[    0.576135] pci 0000:00:17.4:   PREFETCH window: 0x000000d9c00000-0x000000d9cfffff
[    0.576177] pci 0000:00:17.5: PCI bridge, secondary bus 0000:18
[    0.576179] pci 0000:00:17.5:   IO window: disabled
[    0.576209] pci 0000:00:17.5:   MEM window: 0xcba00000-0xcbafffff
[    0.576230] pci 0000:00:17.5:   PREFETCH window: 0x000000da000000-0x000000da0fffff
[    0.576272] pci 0000:00:17.6: PCI bridge, secondary bus 0000:19
[    0.576274] pci 0000:00:17.6:   IO window: disabled
[    0.576304] pci 0000:00:17.6:   MEM window: 0xcbe00000-0xcbefffff
[    0.576324] pci 0000:00:17.6:   PREFETCH window: 0x000000da400000-0x000000da4fffff
[    0.576367] pci 0000:00:17.7: PCI bridge, secondary bus 0000:1a
[    0.576369] pci 0000:00:17.7:   IO window: disabled
[    0.576398] pci 0000:00:17.7:   MEM window: 0xcc200000-0xcc2fffff
[    0.576419] pci 0000:00:17.7:   PREFETCH window: 0x000000da800000-0x000000da8fffff
[    0.576462] pci 0000:00:18.0: PCI bridge, secondary bus 0000:1b
[    0.576474] pci 0000:00:18.0:   IO window: 0x7000-0x7fff
[    0.576503] pci 0000:00:18.0:   MEM window: 0xca700000-0xca7fffff
[    0.576524] pci 0000:00:18.0:   PREFETCH window: 0x000000d8d00000-0x000000d8dfffff
[    0.576566] pci 0000:00:18.1: PCI bridge, secondary bus 0000:1c
[    0.576578] pci 0000:00:18.1:   IO window: 0xb000-0xbfff
[    0.576608] pci 0000:00:18.1:   MEM window: 0xcab00000-0xcabfffff
[    0.576628] pci 0000:00:18.1:   PREFETCH window: 0x000000d9100000-0x000000d91fffff
[    0.576671] pci 0000:00:18.2: PCI bridge, secondary bus 0000:1d
[    0.576683] pci 0000:00:18.2:   IO window: 0xf000-0xffff
[    0.576712] pci 0000:00:18.2:   MEM window: 0xcaf00000-0xcaffffff
[    0.576733] pci 0000:00:18.2:   PREFETCH window: 0x000000d9500000-0x000000d95fffff
[    0.576776] pci 0000:00:18.3: PCI bridge, secondary bus 0000:1e
[    0.576777] pci 0000:00:18.3:   IO window: disabled
[    0.576807] pci 0000:00:18.3:   MEM window: 0xcb300000-0xcb3fffff
[    0.576828] pci 0000:00:18.3:   PREFETCH window: 0x000000d9900000-0x000000d99fffff
[    0.576870] pci 0000:00:18.4: PCI bridge, secondary bus 0000:1f
[    0.576872] pci 0000:00:18.4:   IO window: disabled
[    0.576902] pci 0000:00:18.4:   MEM window: 0xcb700000-0xcb7fffff
[    0.576922] pci 0000:00:18.4:   PREFETCH window: 0x000000d9d00000-0x000000d9dfffff
[    0.576965] pci 0000:00:18.5: PCI bridge, secondary bus 0000:20
[    0.576967] pci 0000:00:18.5:   IO window: disabled
[    0.576996] pci 0000:00:18.5:   MEM window: 0xcbb00000-0xcbbfffff
[    0.577017] pci 0000:00:18.5:   PREFETCH window: 0x000000da100000-0x000000da1fffff
[    0.577059] pci 0000:00:18.6: PCI bridge, secondary bus 0000:21
[    0.577061] pci 0000:00:18.6:   IO window: disabled
[    0.577091] pci 0000:00:18.6:   MEM window: 0xcbf00000-0xcbffffff
[    0.577111] pci 0000:00:18.6:   PREFETCH window: 0x000000da500000-0x000000da5fffff
[    0.577154] pci 0000:00:18.7: PCI bridge, secondary bus 0000:22
[    0.577156] pci 0000:00:18.7:   IO window: disabled
[    0.577186] pci 0000:00:18.7:   MEM window: 0xcc300000-0xcc3fffff
[    0.577206] pci 0000:00:18.7:   PREFETCH window: 0x000000da900000-0x000000da9fffff
[    0.577282] pci 0000:00:01.0: setting latency timer to 64
[    0.577380] pci 0000:00:15.0: setting latency timer to 64
[    0.577446] pci 0000:00:15.1: setting latency timer to 64
[    0.577542] pci 0000:00:15.2: setting latency timer to 64
[    0.577609] pci 0000:00:15.3: setting latency timer to 64
[    0.577675] pci 0000:00:15.4: setting latency timer to 64
[    0.577742] pci 0000:00:15.5: setting latency timer to 64
[    0.577808] pci 0000:00:15.6: setting latency timer to 64
[    0.577874] pci 0000:00:15.7: setting latency timer to 64
[    0.577941] pci 0000:00:16.0: setting latency timer to 64
[    0.578007] pci 0000:00:16.1: setting latency timer to 64
[    0.578074] pci 0000:00:16.2: setting latency timer to 64
[    0.578148] pci 0000:00:16.3: setting latency timer to 64
[    0.578214] pci 0000:00:16.4: setting latency timer to 64
[    0.578280] pci 0000:00:16.5: setting latency timer to 64
[    0.578347] pci 0000:00:16.6: setting latency timer to 64
[    0.578413] pci 0000:00:16.7: setting latency timer to 64
[    0.578479] pci 0000:00:17.0: setting latency timer to 64
[    0.578545] pci 0000:00:17.1: setting latency timer to 64
[    0.578612] pci 0000:00:17.2: setting latency timer to 64
[    0.578678] pci 0000:00:17.3: setting latency timer to 64
[    0.578744] pci 0000:00:17.4: setting latency timer to 64
[    0.578811] pci 0000:00:17.5: setting latency timer to 64
[    0.578877] pci 0000:00:17.6: setting latency timer to 64
[    0.578943] pci 0000:00:17.7: setting latency timer to 64
[    0.579009] pci 0000:00:18.0: setting latency timer to 64
[    0.579076] pci 0000:00:18.1: setting latency timer to 64
[    0.579146] pci 0000:00:18.2: setting latency timer to 64
[    0.579212] pci 0000:00:18.3: setting latency timer to 64
[    0.579278] pci 0000:00:18.4: setting latency timer to 64
[    0.579345] pci 0000:00:18.5: setting latency timer to 64
[    0.579411] pci 0000:00:18.6: setting latency timer to 64
[    0.579477] pci 0000:00:18.7: setting latency timer to 64
[    0.579490] pci_bus 0000:00: resource 0 io:  [0x00-0xffff]
[    0.579492] pci_bus 0000:00: resource 1 mem: [0x000000-0xffffffffffffffff]
[    0.579495] pci_bus 0000:02: resource 0 io:  [0x2000-0x3fff]
[    0.579497] pci_bus 0000:02: resource 1 mem: [0xc9000000-0xca3fffff]
[    0.579499] pci_bus 0000:02: resource 2 pref mem [0xd8400000-0xd89fffff]
[    0.579501] pci_bus 0000:02: resource 3 io:  [0x00-0xffff]
[    0.579503] pci_bus 0000:02: resource 4 mem: [0x000000-0xffffffffffffffff]
[    0.579505] pci_bus 0000:03: resource 0 io:  [0x4000-0x4fff]
[    0.579507] pci_bus 0000:03: resource 1 mem: [0xca400000-0xca4fffff]
[    0.579509] pci_bus 0000:03: resource 2 pref mem [0xd8a00000-0xd8afffff]
[    0.579511] pci_bus 0000:04: resource 0 io:  [0x8000-0x8fff]
[    0.579512] pci_bus 0000:04: resource 1 mem: [0xca800000-0xca8fffff]
[    0.579514] pci_bus 0000:04: resource 2 pref mem [0xd8e00000-0xd8efffff]
[    0.579516] pci_bus 0000:05: resource 0 io:  [0xc000-0xcfff]
[    0.579518] pci_bus 0000:05: resource 1 mem: [0xcac00000-0xcacfffff]
[    0.579520] pci_bus 0000:05: resource 2 pref mem [0xd9200000-0xd92fffff]
[    0.579522] pci_bus 0000:06: resource 1 mem: [0xcb000000-0xcb0fffff]
[    0.579524] pci_bus 0000:06: resource 2 pref mem [0xd9600000-0xd96fffff]
[    0.579526] pci_bus 0000:07: resource 1 mem: [0xcb400000-0xcb4fffff]
[    0.579528] pci_bus 0000:07: resource 2 pref mem [0xd9a00000-0xd9afffff]
[    0.579530] pci_bus 0000:08: resource 1 mem: [0xcb800000-0xcb8fffff]
[    0.579532] pci_bus 0000:08: resource 2 pref mem [0xd9e00000-0xd9efffff]
[    0.579534] pci_bus 0000:09: resource 1 mem: [0xcbc00000-0xcbcfffff]
[    0.579536] pci_bus 0000:09: resource 2 pref mem [0xda200000-0xda2fffff]
[    0.579538] pci_bus 0000:0a: resource 1 mem: [0xcc000000-0xcc0fffff]
[    0.579540] pci_bus 0000:0a: resource 2 pref mem [0xda600000-0xda6fffff]
[    0.579542] pci_bus 0000:0b: resource 0 io:  [0x5000-0x5fff]
[    0.579543] pci_bus 0000:0b: resource 1 mem: [0xca500000-0xca5fffff]
[    0.579545] pci_bus 0000:0b: resource 2 pref mem [0xd8b00000-0xd8bfffff]
[    0.579547] pci_bus 0000:0c: resource 0 io:  [0x9000-0x9fff]
[    0.579549] pci_bus 0000:0c: resource 1 mem: [0xca900000-0xca9fffff]
[    0.579551] pci_bus 0000:0c: resource 2 pref mem [0xd8f00000-0xd8ffffff]
[    0.579553] pci_bus 0000:0d: resource 0 io:  [0xd000-0xdfff]
[    0.579555] pci_bus 0000:0d: resource 1 mem: [0xcad00000-0xcadfffff]
[    0.579557] pci_bus 0000:0d: resource 2 pref mem [0xd9300000-0xd93fffff]
[    0.579559] pci_bus 0000:0e: resource 1 mem: [0xcb100000-0xcb1fffff]
[    0.579561] pci_bus 0000:0e: resource 2 pref mem [0xd9700000-0xd97fffff]
[    0.579563] pci_bus 0000:0f: resource 1 mem: [0xcb500000-0xcb5fffff]
[    0.579565] pci_bus 0000:0f: resource 2 pref mem [0xd9b00000-0xd9bfffff]
[    0.579566] pci_bus 0000:10: resource 1 mem: [0xcb900000-0xcb9fffff]
[    0.579568] pci_bus 0000:10: resource 2 pref mem [0xd9f00000-0xd9ffffff]
[    0.579570] pci_bus 0000:11: resource 1 mem: [0xcbd00000-0xcbdfffff]
[    0.579572] pci_bus 0000:11: resource 2 pref mem [0xda300000-0xda3fffff]
[    0.579574] pci_bus 0000:12: resource 1 mem: [0xcc100000-0xcc1fffff]
[    0.579576] pci_bus 0000:12: resource 2 pref mem [0xda700000-0xda7fffff]
[    0.579578] pci_bus 0000:13: resource 0 io:  [0x6000-0x6fff]
[    0.579580] pci_bus 0000:13: resource 1 mem: [0xca600000-0xca6fffff]
[    0.579582] pci_bus 0000:13: resource 2 pref mem [0xd8c00000-0xd8cfffff]
[    0.579584] pci_bus 0000:14: resource 0 io:  [0xa000-0xafff]
[    0.579586] pci_bus 0000:14: resource 1 mem: [0xcaa00000-0xcaafffff]
[    0.579588] pci_bus 0000:14: resource 2 pref mem [0xd9000000-0xd90fffff]
[    0.579589] pci_bus 0000:15: resource 0 io:  [0xe000-0xefff]
[    0.579591] pci_bus 0000:15: resource 1 mem: [0xcae00000-0xcaefffff]
[    0.579593] pci_bus 0000:15: resource 2 pref mem [0xd9400000-0xd94fffff]
[    0.579595] pci_bus 0000:16: resource 1 mem: [0xcb200000-0xcb2fffff]
[    0.579597] pci_bus 0000:16: resource 2 pref mem [0xd9800000-0xd98fffff]
[    0.579599] pci_bus 0000:17: resource 1 mem: [0xcb600000-0xcb6fffff]
[    0.579601] pci_bus 0000:17: resource 2 pref mem [0xd9c00000-0xd9cfffff]
[    0.579603] pci_bus 0000:18: resource 1 mem: [0xcba00000-0xcbafffff]
[    0.579605] pci_bus 0000:18: resource 2 pref mem [0xda000000-0xda0fffff]
[    0.579607] pci_bus 0000:19: resource 1 mem: [0xcbe00000-0xcbefffff]
[    0.579609] pci_bus 0000:19: resource 2 pref mem [0xda400000-0xda4fffff]
[    0.579611] pci_bus 0000:1a: resource 1 mem: [0xcc200000-0xcc2fffff]
[    0.579613] pci_bus 0000:1a: resource 2 pref mem [0xda800000-0xda8fffff]
[    0.579615] pci_bus 0000:1b: resource 0 io:  [0x7000-0x7fff]
[    0.579617] pci_bus 0000:1b: resource 1 mem: [0xca700000-0xca7fffff]
[    0.579619] pci_bus 0000:1b: resource 2 pref mem [0xd8d00000-0xd8dfffff]
[    0.579620] pci_bus 0000:1c: resource 0 io:  [0xb000-0xbfff]
[    0.579622] pci_bus 0000:1c: resource 1 mem: [0xcab00000-0xcabfffff]
[    0.579624] pci_bus 0000:1c: resource 2 pref mem [0xd9100000-0xd91fffff]
[    0.579626] pci_bus 0000:1d: resource 0 io:  [0xf000-0xffff]
[    0.579628] pci_bus 0000:1d: resource 1 mem: [0xcaf00000-0xcaffffff]
[    0.579630] pci_bus 0000:1d: resource 2 pref mem [0xd9500000-0xd95fffff]
[    0.579632] pci_bus 0000:1e: resource 1 mem: [0xcb300000-0xcb3fffff]
[    0.579634] pci_bus 0000:1e: resource 2 pref mem [0xd9900000-0xd99fffff]
[    0.579636] pci_bus 0000:1f: resource 1 mem: [0xcb700000-0xcb7fffff]
[    0.579638] pci_bus 0000:1f: resource 2 pref mem [0xd9d00000-0xd9dfffff]
[    0.579640] pci_bus 0000:20: resource 1 mem: [0xcbb00000-0xcbbfffff]
[    0.579642] pci_bus 0000:20: resource 2 pref mem [0xda100000-0xda1fffff]
[    0.579644] pci_bus 0000:21: resource 1 mem: [0xcbf00000-0xcbffffff]
[    0.579646] pci_bus 0000:21: resource 2 pref mem [0xda500000-0xda5fffff]
[    0.579648] pci_bus 0000:22: resource 1 mem: [0xcc300000-0xcc3fffff]
[    0.579649] pci_bus 0000:22: resource 2 pref mem [0xda900000-0xda9fffff]
[    0.579674] NET: Registered protocol family 2
[    0.579692] RANDOM - __random32 called. Change num 7.  Value: 647ba296	db0e5c1d	6de96f10
[    0.579694] RANDOM - random32 called.  Value: 647ba296	db0e5c1d	6de96f10
[    0.579703] random 0000 0000 0000 00000000 00000000: rand_read_num 2 get_random_bytes(4): sig fffffe1a 00000000 00000000
[    0.579705] random 0000 0000 0000 00000000 00000000: extract_entropy(.. 4 ..)
[    0.579708] random 0000 0000 0000 00000000 00000000: going to reseed nonblocking with 64 bits (32 of 0 requested)
[    0.579710] random 0000 0000 0000 00000000 00000000: extract_entropy(.. 8 ..)
[    0.579712] random 0000 0000 0000 00000000 00000000: trying to extract 64 bits from input
[    0.579715] random 0000 0000 0000 00000000 00000000: debiting 0 entropy credits from input
[    0.579717] random 0000 0000 0000 00000000 00000000: extract_entropy account returned: 0 
[    0.579720] random 0000 0000 0000 00000000 00000000: urand_change_num 3 xfer_secondary_pool(4): pool_sig fffffe1a, data_sig 00000000, bytes_mixed 0 00000000 00000000
[    0.579723] random 0000 0000 0000 00000000 00000000: trying to extract 32 bits from nonblocking
[    0.579726] random 0000 0000 0000 00000000 00000000: debiting 32 entropy credits from nonblocking (unlimited)
[    0.579728] random 0000 0000 0000 00000000 00000000: extract_entropy account returned: 4 
[    0.579731] random 0000 0000 0000 00000000 00000000: urand_change_num 4 extract_buf: pool_sig fffffe1a, data_sig fffffed7, bytes_mixed 20 00000000 00000000
[    0.579763] IP route cache hash table entries: 32768 (order: 5, 131072 bytes)
[    0.579858] RANDOM - __random32 called. Change num 8.  Value: ba296205	b0e5c1db	de205442
[    0.579860] RANDOM - random32 called.  Value: ba296205	b0e5c1db	de205442
[    0.579920] RANDOM - __random32 called. Change num 9.  Value: 962052cd	e5c1db9	a885e45e
[    0.579922] RANDOM - random32 called.  Value: 962052cd	e5c1db9	a885e45e
[    0.579925] RANDOM - __random32 called. Change num 10.  Value: 52cd38f	e5c1db9b	c8bd9558
[    0.579927] RANDOM - random32 called.  Value: 52cd38f	e5c1db9b	c8bd9558
[    0.579950] RANDOM - __random32 called. Change num 11.  Value: cd38f3eb	5c1db9b9	2ab1aa27
[    0.579952] RANDOM - random32 called.  Value: cd38f3eb	5c1db9b9	2ab1aa27
[    0.579962] TCP established hash table entries: 131072 (order: 8, 1048576 bytes)
[    0.580069] TCP bind hash table entries: 65536 (order: 7, 524288 bytes)
[    0.580176] TCP: Hash tables configured (established 131072 bind 65536)
[    0.580179] TCP reno registered
[    0.580217] NET: Registered protocol family 1
[    0.580227] pci 0000:00:00.0: Limiting direct PCI/PCI transfers
[    0.580249] pci 0000:00:0f.0: Boot video device
[    0.580440] Trying to unpack rootfs image as initramfs...
[    1.771783] Freeing initrd memory: 83430k freed
[    1.779790] Simple Boot Flag at 0x36 set to 0x1
[    1.779834] cpufreq-nforce2: No nForce2 chipset.
[    1.779855] Scanning for low memory corruption every 60 seconds
[    1.779986] audit: initializing netlink socket (disabled)
[    1.779996] type=2000 audit(1369433686.768:1): initialized
[    1.783886] highmem bounce pool size: 64 pages
[    1.783890] HugeTLB registered 2 MB page size, pre-allocated 0 pages
[    1.783979] VFS: Disk quotas dquot_6.5.2
[    1.784007] Dquot-cache hash table entries: 1024 (order 0, 4096 bytes)
[    1.784084] fuse init (API version 7.13)
[    1.784127] msgmni has been set to 1729
[    1.784384] alg: No test for stdrng (krng)
[    1.784416] Block layer SCSI generic (bsg) driver version 0.4 loaded (major 253)
[    1.784419] io scheduler noop registered
[    1.784420] io scheduler anticipatory registered
[    1.784422] io scheduler deadline registered
[    1.784441] io scheduler cfq registered (default)
[    1.784485]   alloc irq_desc for 24 on node -1
[    1.784487]   alloc kstat_irqs on node -1
[    1.784531] pcieport 0000:00:15.0: irq 24 for MSI/MSI-X
[    1.784575] pcieport 0000:00:15.0: setting latency timer to 64
[    1.784619]   alloc irq_desc for 25 on node -1
[    1.784621]   alloc kstat_irqs on node -1
[    1.784665] pcieport 0000:00:15.1: irq 25 for MSI/MSI-X
[    1.784708] pcieport 0000:00:15.1: setting latency timer to 64
[    1.784752]   alloc irq_desc for 26 on node -1
[    1.784754]   alloc kstat_irqs on node -1
[    1.784798] pcieport 0000:00:15.2: irq 26 for MSI/MSI-X
[    1.784842] pcieport 0000:00:15.2: setting latency timer to 64
[    1.784886]   alloc irq_desc for 27 on node -1
[    1.784888]   alloc kstat_irqs on node -1
[    1.784932] pcieport 0000:00:15.3: irq 27 for MSI/MSI-X
[    1.784976] pcieport 0000:00:15.3: setting latency timer to 64
[    1.785020]   alloc irq_desc for 28 on node -1
[    1.785022]   alloc kstat_irqs on node -1
[    1.785065] pcieport 0000:00:15.4: irq 28 for MSI/MSI-X
[    1.785109] pcieport 0000:00:15.4: setting latency timer to 64
[    1.785153]   alloc irq_desc for 29 on node -1
[    1.785155]   alloc kstat_irqs on node -1
[    1.785199] pcieport 0000:00:15.5: irq 29 for MSI/MSI-X
[    1.785243] pcieport 0000:00:15.5: setting latency timer to 64
[    1.785287]   alloc irq_desc for 30 on node -1
[    1.785288]   alloc kstat_irqs on node -1
[    1.785332] pcieport 0000:00:15.6: irq 30 for MSI/MSI-X
[    1.785376] pcieport 0000:00:15.6: setting latency timer to 64
[    1.785420]   alloc irq_desc for 31 on node -1
[    1.785422]   alloc kstat_irqs on node -1
[    1.785466] pcieport 0000:00:15.7: irq 31 for MSI/MSI-X
[    1.785510] pcieport 0000:00:15.7: setting latency timer to 64
[    1.785554]   alloc irq_desc for 32 on node -1
[    1.785556]   alloc kstat_irqs on node -1
[    1.785600] pcieport 0000:00:16.0: irq 32 for MSI/MSI-X
[    1.785643] pcieport 0000:00:16.0: setting latency timer to 64
[    1.785687]   alloc irq_desc for 33 on node -1
[    1.785689]   alloc kstat_irqs on node -1
[    1.785733] pcieport 0000:00:16.1: irq 33 for MSI/MSI-X
[    1.785777] pcieport 0000:00:16.1: setting latency timer to 64
[    1.785821]   alloc irq_desc for 34 on node -1
[    1.785823]   alloc kstat_irqs on node -1
[    1.785867] pcieport 0000:00:16.2: irq 34 for MSI/MSI-X
[    1.785911] pcieport 0000:00:16.2: setting latency timer to 64
[    1.785954]   alloc irq_desc for 35 on node -1
[    1.785958]   alloc kstat_irqs on node -1
[    1.786002] pcieport 0000:00:16.3: irq 35 for MSI/MSI-X
[    1.786046] pcieport 0000:00:16.3: setting latency timer to 64
[    1.786090]   alloc irq_desc for 36 on node -1
[    1.786092]   alloc kstat_irqs on node -1
[    1.786135] pcieport 0000:00:16.4: irq 36 for MSI/MSI-X
[    1.786179] pcieport 0000:00:16.4: setting latency timer to 64
[    1.786223]   alloc irq_desc for 37 on node -1
[    1.786226]   alloc kstat_irqs on node -1
[    1.786270] pcieport 0000:00:16.5: irq 37 for MSI/MSI-X
[    1.786314] pcieport 0000:00:16.5: setting latency timer to 64
[    1.786358]   alloc irq_desc for 38 on node -1
[    1.786360]   alloc kstat_irqs on node -1
[    1.786404] pcieport 0000:00:16.6: irq 38 for MSI/MSI-X
[    1.786448] pcieport 0000:00:16.6: setting latency timer to 64
[    1.787873]   alloc irq_desc for 39 on node -1
[    1.787877]   alloc kstat_irqs on node -1
[    1.787926] pcieport 0000:00:16.7: irq 39 for MSI/MSI-X
[    1.787976] pcieport 0000:00:16.7: setting latency timer to 64
[    1.788025]   alloc irq_desc for 40 on node -1
[    1.788029]   alloc kstat_irqs on node -1
[    1.788077] pcieport 0000:00:17.0: irq 40 for MSI/MSI-X
[    1.788127] pcieport 0000:00:17.0: setting latency timer to 64
[    1.788176]   alloc irq_desc for 41 on node -1
[    1.788179]   alloc kstat_irqs on node -1
[    1.788227] pcieport 0000:00:17.1: irq 41 for MSI/MSI-X
[    1.788277] pcieport 0000:00:17.1: setting latency timer to 64
[    1.788326]   alloc irq_desc for 42 on node -1
[    1.788329]   alloc kstat_irqs on node -1
[    1.788376] pcieport 0000:00:17.2: irq 42 for MSI/MSI-X
[    1.788426] pcieport 0000:00:17.2: setting latency timer to 64
[    1.788475]   alloc irq_desc for 43 on node -1
[    1.788479]   alloc kstat_irqs on node -1
[    1.788526] pcieport 0000:00:17.3: irq 43 for MSI/MSI-X
[    1.788576] pcieport 0000:00:17.3: setting latency timer to 64
[    1.788625]   alloc irq_desc for 44 on node -1
[    1.788628]   alloc kstat_irqs on node -1
[    1.788675] pcieport 0000:00:17.4: irq 44 for MSI/MSI-X
[    1.788725] pcieport 0000:00:17.4: setting latency timer to 64
[    1.788774]   alloc irq_desc for 45 on node -1
[    1.788776]   alloc kstat_irqs on node -1
[    1.788822] pcieport 0000:00:17.5: irq 45 for MSI/MSI-X
[    1.788872] pcieport 0000:00:17.5: setting latency timer to 64
[    1.788922]   alloc irq_desc for 46 on node -1
[    1.788923]   alloc kstat_irqs on node -1
[    1.788973] pcieport 0000:00:17.6: irq 46 for MSI/MSI-X
[    1.789022] pcieport 0000:00:17.6: setting latency timer to 64
[    1.789072]   alloc irq_desc for 47 on node -1
[    1.789074]   alloc kstat_irqs on node -1
[    1.789120] pcieport 0000:00:17.7: irq 47 for MSI/MSI-X
[    1.789169] pcieport 0000:00:17.7: setting latency timer to 64
[    1.789219]   alloc irq_desc for 48 on node -1
[    1.789221]   alloc kstat_irqs on node -1
[    1.789267] pcieport 0000:00:18.0: irq 48 for MSI/MSI-X
[    1.789317] pcieport 0000:00:18.0: setting latency timer to 64
[    1.789366]   alloc irq_desc for 49 on node -1
[    1.789368]   alloc kstat_irqs on node -1
[    1.789418] pcieport 0000:00:18.1: irq 49 for MSI/MSI-X
[    1.789467] pcieport 0000:00:18.1: setting latency timer to 64
[    1.789517]   alloc irq_desc for 50 on node -1
[    1.789519]   alloc kstat_irqs on node -1
[    1.789565] pcieport 0000:00:18.2: irq 50 for MSI/MSI-X
[    1.789614] pcieport 0000:00:18.2: setting latency timer to 64
[    1.789664]   alloc irq_desc for 51 on node -1
[    1.789667]   alloc kstat_irqs on node -1
[    1.789717] pcieport 0000:00:18.3: irq 51 for MSI/MSI-X
[    1.789766] pcieport 0000:00:18.3: setting latency timer to 64
[    1.789816]   alloc irq_desc for 52 on node -1
[    1.789818]   alloc kstat_irqs on node -1
[    1.789864] pcieport 0000:00:18.4: irq 52 for MSI/MSI-X
[    1.789914] pcieport 0000:00:18.4: setting latency timer to 64
[    1.789963]   alloc irq_desc for 53 on node -1
[    1.789965]   alloc kstat_irqs on node -1
[    1.790011] pcieport 0000:00:18.5: irq 53 for MSI/MSI-X
[    1.790061] pcieport 0000:00:18.5: setting latency timer to 64
[    1.790110]   alloc irq_desc for 54 on node -1
[    1.790112]   alloc kstat_irqs on node -1
[    1.790158] pcieport 0000:00:18.6: irq 54 for MSI/MSI-X
[    1.790208] pcieport 0000:00:18.6: setting latency timer to 64
[    1.790257]   alloc irq_desc for 55 on node -1
[    1.790259]   alloc kstat_irqs on node -1
[    1.790305] pcieport 0000:00:18.7: irq 55 for MSI/MSI-X
[    1.790354] pcieport 0000:00:18.7: setting latency timer to 64
[    1.790404] pci_hotplug: PCI Hot Plug PCI Core version: 0.5
[    1.791845] pciehp 0000:00:15.0:pcie04: HPC vendor_id 15ad device_id 7a0 ss_vid 0 ss_did 0
[    1.791895] pciehp 0000:00:15.0:pcie04: service driver pciehp loaded
[    1.791945] pciehp 0000:00:15.1:pcie04: HPC vendor_id 15ad device_id 7a0 ss_vid 0 ss_did 0
[    1.791994] pciehp 0000:00:15.1:pcie04: service driver pciehp loaded
[    1.792044] pciehp 0000:00:15.2:pcie04: HPC vendor_id 15ad device_id 7a0 ss_vid 0 ss_did 0
[    1.792093] pciehp 0000:00:15.2:pcie04: service driver pciehp loaded
[    1.792143] pciehp 0000:00:15.3:pcie04: HPC vendor_id 15ad device_id 7a0 ss_vid 0 ss_did 0
[    1.792192] pciehp 0000:00:15.3:pcie04: service driver pciehp loaded
[    1.792242] pciehp 0000:00:15.4:pcie04: HPC vendor_id 15ad device_id 7a0 ss_vid 0 ss_did 0
[    1.792291] pciehp 0000:00:15.4:pcie04: service driver pciehp loaded
[    1.792341] pciehp 0000:00:15.5:pcie04: HPC vendor_id 15ad device_id 7a0 ss_vid 0 ss_did 0
[    1.792390] pciehp 0000:00:15.5:pcie04: service driver pciehp loaded
[    1.792440] pciehp 0000:00:15.6:pcie04: HPC vendor_id 15ad device_id 7a0 ss_vid 0 ss_did 0
[    1.792489] pciehp 0000:00:15.6:pcie04: service driver pciehp loaded
[    1.792539] pciehp 0000:00:15.7:pcie04: HPC vendor_id 15ad device_id 7a0 ss_vid 0 ss_did 0
[    1.792588] pciehp 0000:00:15.7:pcie04: service driver pciehp loaded
[    1.792638] pciehp 0000:00:16.0:pcie04: HPC vendor_id 15ad device_id 7a0 ss_vid 0 ss_did 0
[    1.792688] pciehp 0000:00:16.0:pcie04: service driver pciehp loaded
[    1.792737] pciehp 0000:00:16.1:pcie04: HPC vendor_id 15ad device_id 7a0 ss_vid 0 ss_did 0
[    1.792787] pciehp 0000:00:16.1:pcie04: service driver pciehp loaded
[    1.792836] pciehp 0000:00:16.2:pcie04: HPC vendor_id 15ad device_id 7a0 ss_vid 0 ss_did 0
[    1.792886] pciehp 0000:00:16.2:pcie04: service driver pciehp loaded
[    1.792935] pciehp 0000:00:16.3:pcie04: HPC vendor_id 15ad device_id 7a0 ss_vid 0 ss_did 0
[    1.792985] pciehp 0000:00:16.3:pcie04: service driver pciehp loaded
[    1.793034] pciehp 0000:00:16.4:pcie04: HPC vendor_id 15ad device_id 7a0 ss_vid 0 ss_did 0
[    1.793084] pciehp 0000:00:16.4:pcie04: service driver pciehp loaded
[    1.793133] pciehp 0000:00:16.5:pcie04: HPC vendor_id 15ad device_id 7a0 ss_vid 0 ss_did 0
[    1.793183] pciehp 0000:00:16.5:pcie04: service driver pciehp loaded
[    1.793232] pciehp 0000:00:16.6:pcie04: HPC vendor_id 15ad device_id 7a0 ss_vid 0 ss_did 0
[    1.793282] pciehp 0000:00:16.6:pcie04: service driver pciehp loaded
[    1.793331] pciehp 0000:00:16.7:pcie04: HPC vendor_id 15ad device_id 7a0 ss_vid 0 ss_did 0
[    1.793381] pciehp 0000:00:16.7:pcie04: service driver pciehp loaded
[    1.793430] pciehp 0000:00:17.0:pcie04: HPC vendor_id 15ad device_id 7a0 ss_vid 0 ss_did 0
[    1.793480] pciehp 0000:00:17.0:pcie04: service driver pciehp loaded
[    1.793530] pciehp 0000:00:17.1:pcie04: HPC vendor_id 15ad device_id 7a0 ss_vid 0 ss_did 0
[    1.793579] pciehp 0000:00:17.1:pcie04: service driver pciehp loaded
[    1.793629] pciehp 0000:00:17.2:pcie04: HPC vendor_id 15ad device_id 7a0 ss_vid 0 ss_did 0
[    1.793678] pciehp 0000:00:17.2:pcie04: service driver pciehp loaded
[    1.793728] pciehp 0000:00:17.3:pcie04: HPC vendor_id 15ad device_id 7a0 ss_vid 0 ss_did 0
[    1.793777] pciehp 0000:00:17.3:pcie04: service driver pciehp loaded
[    1.793827] pciehp 0000:00:17.4:pcie04: HPC vendor_id 15ad device_id 7a0 ss_vid 0 ss_did 0
[    1.793876] pciehp 0000:00:17.4:pcie04: service driver pciehp loaded
[    1.793926] pciehp 0000:00:17.5:pcie04: HPC vendor_id 15ad device_id 7a0 ss_vid 0 ss_did 0
[    1.793975] pciehp 0000:00:17.5:pcie04: service driver pciehp loaded
[    1.794025] pciehp 0000:00:17.6:pcie04: HPC vendor_id 15ad device_id 7a0 ss_vid 0 ss_did 0
[    1.794074] pciehp 0000:00:17.6:pcie04: service driver pciehp loaded
[    1.794124] pciehp 0000:00:17.7:pcie04: HPC vendor_id 15ad device_id 7a0 ss_vid 0 ss_did 0
[    1.794173] pciehp 0000:00:17.7:pcie04: service driver pciehp loaded
[    1.794223] pciehp 0000:00:18.0:pcie04: HPC vendor_id 15ad device_id 7a0 ss_vid 0 ss_did 0
[    1.794273] pciehp 0000:00:18.0:pcie04: service driver pciehp loaded
[    1.794322] pciehp 0000:00:18.1:pcie04: HPC vendor_id 15ad device_id 7a0 ss_vid 0 ss_did 0
[    1.794372] pciehp 0000:00:18.1:pcie04: service driver pciehp loaded
[    1.794421] pciehp 0000:00:18.2:pcie04: HPC vendor_id 15ad device_id 7a0 ss_vid 0 ss_did 0
[    1.794471] pciehp 0000:00:18.2:pcie04: service driver pciehp loaded
[    1.794520] pciehp 0000:00:18.3:pcie04: HPC vendor_id 15ad device_id 7a0 ss_vid 0 ss_did 0
[    1.794570] pciehp 0000:00:18.3:pcie04: service driver pciehp loaded
[    1.794619] pciehp 0000:00:18.4:pcie04: HPC vendor_id 15ad device_id 7a0 ss_vid 0 ss_did 0
[    1.794669] pciehp 0000:00:18.4:pcie04: service driver pciehp loaded
[    1.794718] pciehp 0000:00:18.5:pcie04: HPC vendor_id 15ad device_id 7a0 ss_vid 0 ss_did 0
[    1.794768] pciehp 0000:00:18.5:pcie04: service driver pciehp loaded
[    1.794817] pciehp 0000:00:18.6:pcie04: HPC vendor_id 15ad device_id 7a0 ss_vid 0 ss_did 0
[    1.794867] pciehp 0000:00:18.6:pcie04: service driver pciehp loaded
[    1.794916] pciehp 0000:00:18.7:pcie04: HPC vendor_id 15ad device_id 7a0 ss_vid 0 ss_did 0
[    1.794966] pciehp 0000:00:18.7:pcie04: service driver pciehp loaded
[    1.794974] pciehp: PCI Express Hot Plug Controller Driver version: 0.4
[    1.795029] ACPI: AC Adapter [ACAD] (on-line)
[    1.795083] input: Power Button as /devices/LNXSYSTM:00/LNXPWRBN:00/input/input0
[    1.795086] ACPI: Power Button [PWRF]
[    1.795135] processor LNXCPU:00: registered as cooling_device0
[    1.839782] isapnp: Scanning for PnP cards...
[    2.194428] isapnp: No Plug & Play device found
[    2.194458] random 0000 0000 0000 5f8db4e5 4cfdf2a8: initializing
[    2.194579] Linux agpgart interface v0.103
[    2.194617] agpgart-intel 0000:00:00.0: Intel 440BX Chipset
[    2.194667] agpgart-intel 0000:00:00.0: AGP aperture is 256M @ 0x0
[    2.194698] Serial: 8250/16550 driver, 32 ports, IRQ sharing enabled
[    2.195158] serial8250: ttyS0 at I/O 0x3f8 (irq = 4) is a 16550A
[    2.195207] serial8250: ttyS1 at I/O 0x2f8 (irq = 3) is a 16550A
[    2.195257] 00:0a: ttyS0 at I/O 0x3f8 (irq = 4) is a 16550A
[    2.195306] 00:0b: ttyS1 at I/O 0x2f8 (irq = 3) is a 16550A
[    2.195356] brd: module loaded
[    2.195405] loop: module loaded
[    2.195455] ata_piix 0000:00:07.1: version 2.13
[    2.195551] scsi0 : ata_piix
[    2.195628] scsi1 : ata_piix
[    2.195649] ata1: PATA max UDMA/33 cmd 0x1f0 ctl 0x3f6 bmdma 0x10c0 irq 14
[    2.195651] ata2: PATA max UDMA/33 cmd 0x170 ctl 0x376 bmdma 0x10c8 irq 15
[    2.195699] PPP generic driver version 2.4.2
[    2.195718] tun: Universal TUN/TAP device driver, 1.6
[    2.195720] tun: (C) 1999-2004 Max Krasnyansky <maxk@qualcomm.com>
[    2.195769] ehci_hcd: USB 2.0 'Enhanced' Host Controller (EHCI) Driver
[    2.195819] ACPI: PCI Interrupt Link [LNKB] enabled at IRQ 11
[    2.195822] PCI: setting IRQ 11 as level-triggered
[    2.195831] ehci_hcd 0000:02:03.0: PCI INT A -> Link[LNKB] -> GSI 11 (level, low) -> IRQ 11
[    2.195877] ehci_hcd 0000:02:03.0: EHCI Host Controller
[    2.195900] ehci_hcd 0000:02:03.0: new USB bus registered, assigned bus number 1
[    2.195949] ehci_hcd 0000:02:03.0: cache line size of 32 is not supported
[    2.195956] ehci_hcd 0000:02:03.0: irq 11, io mem 0xc9000000
[    2.196255] random 0000 0000 0000 00000000 00000000: rand_read_num 3 get_random_bytes(8): sig 00000000 00000000 00000000
[    2.196257] random 0000 0000 0000 00000000 00000000: extract_entropy(.. 8 ..)
[    2.196260] random 0000 0000 0000 00000000 00000000: going to reseed nonblocking with 64 bits (64 of 0 requested)
[    2.196262] random 0000 0000 0000 00000000 00000000: extract_entropy(.. 8 ..)
[    2.196264] random 0000 0000 0000 00000000 00000000: trying to extract 64 bits from input
[    2.196266] random 0000 0000 0000 00000000 00000000: debiting 0 entropy credits from input
[    2.196268] random 0000 0000 0000 00000000 00000000: extract_entropy account returned: 0 
[    2.196271] random 0000 0000 0000 00000000 00000000: urand_change_num 5 xfer_secondary_pool(8): pool_sig 00000000, data_sig 00000000, bytes_mixed 0 00000000 00000000
[    2.196274] random 0000 0000 0000 00000000 00000000: trying to extract 64 bits from nonblocking
[    2.196276] random 0000 0000 0000 00000000 00000000: debiting 64 entropy credits from nonblocking (unlimited)
[    2.196278] random 0000 0000 0000 00000000 00000000: extract_entropy account returned: 8 
[    2.196282] random 0000 0000 0000 00000000 00000000: urand_change_num 6 extract_buf: pool_sig 00000000, data_sig fffffff9, bytes_mixed 20 00000000 00000000
[    2.207119] ehci_hcd 0000:02:03.0: USB 2.0 started, EHCI 1.00
[    2.207169] usb usb1: configuration #1 chosen from 1 choice
[    2.207189] hub 1-0:1.0: USB hub found
[    2.207195] hub 1-0:1.0: 6 ports detected
[    2.207235] ohci_hcd: USB 1.1 'Open' Host Controller (OHCI) Driver
[    2.207250] uhci_hcd: USB Universal Host Controller Interface driver
[    2.207299] ACPI: PCI Interrupt Link [LNKC] enabled at IRQ 10
[    2.207302] PCI: setting IRQ 10 as level-triggered
[    2.207306] uhci_hcd 0000:02:00.0: PCI INT A -> Link[LNKC] -> GSI 10 (level, low) -> IRQ 10
[    2.207342] uhci_hcd 0000:02:00.0: UHCI Host Controller
[    2.207376] uhci_hcd 0000:02:00.0: new USB bus registered, assigned bus number 2
[    2.207478] uhci_hcd 0000:02:00.0: irq 10, io base 0x000020c0
[    2.207527] usb usb2: configuration #1 chosen from 1 choice
[    2.207555] hub 2-0:1.0: USB hub found
[    2.207560] hub 2-0:1.0: 2 ports detected
[    2.207609] usbcore: registered new interface driver libusual
[    2.207639] PNP: PS/2 Controller [PNP0303:KBC,PNP0f13:MOUS] at 0x60,0x64 irq 1,12
[    2.207970] serio: i8042 KBD port at 0x60,0x64 irq 1
[    2.207978] serio: i8042 AUX port at 0x60,0x64 irq 12
[    2.208012] mice: PS/2 mouse device common for all mice
[    2.208062] rtc_cmos 00:04: rtc core: registered rtc_cmos as rtc0
[    2.208077] rtc0: alarms up to one month, y3k, 114 bytes nvram, hpet irqs
[    2.208127] device-mapper: uevent: version 1.0.3
[    2.208289] device-mapper: ioctl: 4.15.0-ioctl (2009-04-01) initialised: dm-devel@redhat.com
[    2.208305] EISA: Probing bus 0 at eisa.0
[    2.208313] Cannot allocate resource for EISA slot 1
[    2.208314] Cannot allocate resource for EISA slot 2
[    2.208316] Cannot allocate resource for EISA slot 3
[    2.208318] Cannot allocate resource for EISA slot 4
[    2.208320] Cannot allocate resource for EISA slot 5
[    2.208322] Cannot allocate resource for EISA slot 6
[    2.208323] Cannot allocate resource for EISA slot 7
[    2.208325] Cannot allocate resource for EISA slot 8
[    2.208327] EISA: Detected 0 cards.
[    2.208371] cpuidle: using governor ladder
[    2.208373] cpuidle: using governor menu
[    2.208422] random 0000 0000 0000 00000000 00000000: rand_read_num 4 get_random_bytes(136): sig 0000021d 00000000 00000000
[    2.208425] random 0000 0000 0000 00000000 00000000: extract_entropy(.. 136 ..)
[    2.208428] random 0000 0000 0000 00000000 00000000: going to reseed nonblocking with 1024 bits (1088 of 0 requested)
[    2.208430] random 0000 0000 0000 00000000 00000000: extract_entropy(.. 128 ..)
[    2.208432] random 0000 0000 0000 00000000 00000000: trying to extract 1024 bits from input
[    2.208434] random 0000 0000 0000 00000000 00000000: debiting 0 entropy credits from input
[    2.208436] random 0000 0000 0000 00000000 00000000: extract_entropy account returned: 0 
[    2.208439] random 0000 0000 0000 00000000 00000000: urand_change_num 7 xfer_secondary_pool(136): pool_sig 0000021d, data_sig 00000000, bytes_mixed 0 00000000 00000000
[    2.208442] random 0000 0000 0000 00000000 00000000: trying to extract 1088 bits from nonblocking
[    2.208444] random 0000 0000 0000 00000000 00000000: debiting 1088 entropy credits from nonblocking (unlimited)
[    2.208446] random 0000 0000 0000 00000000 00000000: extract_entropy account returned: 136 
[    2.208450] random 0000 0000 0000 00000000 00000000: urand_change_num 8 extract_buf: pool_sig 0000021d, data_sig fffffff7, bytes_mixed 20 00000000 00000000
[    2.208454] random 0000 0000 0000 f961ee50 ba9cb1aa: urand_change_num 9 extract_buf: pool_sig 00000230, data_sig fffffeb4, bytes_mixed 20 f961ee50 ba9cb1aa
[    2.208458] random 0000 0000 0000 9748bdd6 56fb8af6: urand_change_num 10 extract_buf: pool_sig 00000373, data_sig 000000cf, bytes_mixed 20 9748bdd6 56fb8af6
[    2.208463] random 0000 0000 0000 9748bdd6 56fb8af6: urand_change_num 11 extract_buf: pool_sig fffffe49, data_sig 0000023f, bytes_mixed 20 9748bdd6 56fb8af6
[    2.208467] random 0000 0000 0000 a135be86 4777650e: urand_change_num 12 extract_buf: pool_sig fffffcce, data_sig 000000c6, bytes_mixed 20 a135be86 4777650e
[    2.208471] random 0000 0000 0000 4a6ea85d 170e00dd: urand_change_num 13 extract_buf: pool_sig ffffff97, data_sig ffffff7d, bytes_mixed 20 4a6ea85d 170e00dd
[    2.208475] random 0000 0000 0000 4a6ea85d 170e00dd: urand_change_num 14 extract_buf: pool_sig 00000160, data_sig fffffeea, bytes_mixed 20 4a6ea85d 170e00dd
[    2.208479] random 0000 0000 0000 6e87c3cb da668c73: urand_change_num 15 extract_buf: pool_sig 0000034f, data_sig ffffff54, bytes_mixed 20 6e87c3cb da668c73
[    2.208483] random 0000 0000 0000 6e87c3cb da668c73: urand_change_num 16 extract_buf: pool_sig fffffdc5, data_sig 00000205, bytes_mixed 20 6e87c3cb da668c73
[    2.208488] random 0000 0000 0000 39f531e6 461eb249: urand_change_num 17 extract_buf: pool_sig fffffc1d, data_sig ffffff5e, bytes_mixed 20 39f531e6 461eb249
[    2.208492] random 0000 0000 0000 7e1538a2 3e661182: urand_change_num 18 extract_buf: pool_sig 000006ef, data_sig ffffff2e, bytes_mixed 20 7e1538a2 3e661182
[    2.208496] random 0000 0000 0000 7e1538a2 3e661182: urand_change_num 19 extract_buf: pool_sig 00000317, data_sig fffffccb, bytes_mixed 20 7e1538a2 3e661182
[    2.208500] random 0000 0000 0000 76af506b 9b57305e: urand_change_num 20 extract_buf: pool_sig 00000227, data_sig ffffffd2, bytes_mixed 20 76af506b 9b57305e
[    2.208504] random 0000 0000 0000 37d49d89 e20417cc: urand_change_num 21 extract_buf: pool_sig 0000080b, data_sig 000001e9, bytes_mixed 20 37d49d89 e20417cc
[    2.208508] TCP cubic registered
[    2.208558] NET: Registered protocol family 10
[    2.208590] RANDOM - __random32 called. Change num 12.  Value: 8f3eba68	c1db9b96	544fe79f
[    2.208592] RANDOM - random32 called.  Value: 8f3eba68	c1db9b96	544fe79f
[    2.208601] random 0000 0000 0000 37d49d89 e20417cc: rand_read_num 5 get_random_bytes(4): sig 00000298 37d49d89 e20417cc
[    2.208603] random 0000 0000 0000 37d49d89 e20417cc: extract_entropy(.. 4 ..)
[    2.208605] random 0000 0000 0000 37d49d89 e20417cc: going to reseed nonblocking with 64 bits (32 of 0 requested)
[    2.208607] random 0000 0000 0000 37d49d89 e20417cc: extract_entropy(.. 8 ..)
[    2.208609] random 0000 0000 0000 37d49d89 e20417cc: trying to extract 64 bits from input
[    2.208611] random 0000 0000 0000 37d49d89 e20417cc: debiting 0 entropy credits from input
[    2.208613] random 0000 0000 0000 37d49d89 e20417cc: extract_entropy account returned: 0 
[    2.208616] random 0000 0000 0000 37d49d89 e20417cc: urand_change_num 22 xfer_secondary_pool(4): pool_sig 00000298, data_sig 00000000, bytes_mixed 0 37d49d89 e20417cc
[    2.208619] random 0000 0000 0000 37d49d89 e20417cc: trying to extract 32 bits from nonblocking
[    2.208621] random 0000 0000 0000 37d49d89 e20417cc: debiting 32 entropy credits from nonblocking (unlimited)
[    2.208623] random 0000 0000 0000 37d49d89 e20417cc: extract_entropy account returned: 4 
[    2.208626] random 0000 0000 0000 37d49d89 e20417cc: urand_change_num 23 extract_buf: pool_sig 00000298, data_sig 00000092, bytes_mixed 20 37d49d89 e20417cc
[    2.208676] RANDOM - __random32 called. Change num 13.  Value: eba68b0e	1db9b963	cf3ec61b
[    2.208678] RANDOM - random32 called.  Value: eba68b0e	1db9b963	cf3ec61b
[    2.208727] NET: Registered protocol family 17
[    2.208748] Using IPI No-Shortcut mode
[    2.208754] random 0000 0000 0000 2ee4c4fc 167bdb15: rand_read_num 6 get_random_bytes(8): sig fffffcbf 2ee4c4fc 167bdb15
[    2.208756] random 0000 0000 0000 2ee4c4fc 167bdb15: extract_entropy(.. 8 ..)
[    2.208758] random 0000 0000 0000 2ee4c4fc 167bdb15: going to reseed nonblocking with 64 bits (64 of 0 requested)
[    2.208760] random 0000 0000 0000 2ee4c4fc 167bdb15: extract_entropy(.. 8 ..)
[    2.208762] random 0000 0000 0000 2ee4c4fc 167bdb15: trying to extract 64 bits from input
[    2.208764] random 0000 0000 0000 2ee4c4fc 167bdb15: debiting 0 entropy credits from input
[    2.208766] random 0000 0000 0000 2ee4c4fc 167bdb15: extract_entropy account returned: 0 
[    2.208769] random 0000 0000 0000 2ee4c4fc 167bdb15: urand_change_num 24 xfer_secondary_pool(8): pool_sig fffffcbf, data_sig 00000000, bytes_mixed 0 2ee4c4fc 167bdb15
[    2.208772] random 0000 0000 0000 2ee4c4fc 167bdb15: trying to extract 64 bits from nonblocking
[    2.208774] random 0000 0000 0000 2ee4c4fc 167bdb15: debiting 64 entropy credits from nonblocking (unlimited)
[    2.208776] random 0000 0000 0000 2ee4c4fc 167bdb15: extract_entropy account returned: 8 
[    2.208779] random 0000 0000 0000 2ee4c4fc 167bdb15: urand_change_num 25 extract_buf: pool_sig fffffcbf, data_sig ffffff83, bytes_mixed 20 2ee4c4fc 167bdb15
[    2.208817] PM: Resume from disk failed.
[    2.208824] registered taskstats version 1
[    2.208827] random 0000 0000 0000 2ee4c4fc 167bdb15: rand_read_num 7 get_random_bytes(12): sig fffffc69 2ee4c4fc 167bdb15
[    2.208829] random 0000 0000 0000 2ee4c4fc 167bdb15: extract_entropy(.. 12 ..)
[    2.208831] random 0000 0000 0000 2ee4c4fc 167bdb15: going to reseed nonblocking with 96 bits (96 of 0 requested)
[    2.208834] random 0000 0000 0000 2ee4c4fc 167bdb15: extract_entropy(.. 12 ..)
[    2.208836] random 0000 0000 0000 2ee4c4fc 167bdb15: trying to extract 96 bits from input
[    2.208838] random 0000 0000 0000 2ee4c4fc 167bdb15: debiting 0 entropy credits from input
[    2.208840] random 0000 0000 0000 2ee4c4fc 167bdb15: extract_entropy account returned: 0 
[    2.208842] random 0000 0000 0000 2ee4c4fc 167bdb15: urand_change_num 26 xfer_secondary_pool(12): pool_sig fffffc69, data_sig 00000000, bytes_mixed 0 2ee4c4fc 167bdb15
[    2.208845] random 0000 0000 0000 2ee4c4fc 167bdb15: trying to extract 96 bits from nonblocking
[    2.208877] random 0000 0000 0000 2ee4c4fc 167bdb15: debiting 96 entropy credits from nonblocking (unlimited)
[    2.208880] random 0000 0000 0000 2ee4c4fc 167bdb15: extract_entropy account returned: 12 
[    2.208883] random 0000 0000 0000 2ee4c4fc 167bdb15: urand_change_num 27 extract_buf: pool_sig fffffc69, data_sig ffffff7d, bytes_mixed 20 2ee4c4fc 167bdb15
[    2.208888] random 0000 0000 0000 83b7c1ab 94697f48: urand_change_num 28 extract_buf: pool_sig fffffe30, data_sig fffffdd6, bytes_mixed 20 83b7c1ab 94697f48
[    2.208891] RANDOM - __seed init called.
[    2.208892] RANDOM - __seed init called.
[    2.208916] RANDOM - __seed init called.
[    2.208917] RANDOM - __random32 called. Change num 14.  Value: fc007995	feca4f80	21b38ad2
[    2.208928] RANDOM - random32_reseed called.  Value: fc007995	feca4f80	21b38ad2
[    2.208931] Pid: 1, comm: swapper Not tainted 2.6.32.57 #4
[    2.208933] Call Trace:
[    2.208938]  [<c14a8a0e>] ? printk+0x1d/0x1f
[    2.208943]  [<c17537e5>] random32_reseed+0x89/0xbd
[    2.208946]  [<c1003042>] do_one_initcall+0x32/0x1a0
[    2.208949]  [<c175375c>] ? random32_reseed+0x0/0xbd
[    2.208952]  [<c17308e7>] kernel_init+0x12d/0x17a
[    2.208954]  [<c17307ba>] ? kernel_init+0x0/0x17a
[    2.208957]  [<c1009b07>] kernel_thread_helper+0x7/0x10
[    2.211678] input: AT Translated Set 2 keyboard as /devices/platform/i8042/serio0/input/input1
[    2.211948] random 0000 0000 0000 6db70b00 b30ce96b: rand_read_num 8 get_random_bytes(64): sig fffffb38 6db70b00 b30ce96b
[    2.211953] random 0000 0000 0000 6db70b00 b30ce96b: extract_entropy(.. 64 ..)
[    2.211956] random 0000 0000 0000 6db70b00 b30ce96b: going to reseed nonblocking with 512 bits (512 of 0 requested)
[    2.211959] random 0000 0000 0000 6db70b00 b30ce96b: extract_entropy(.. 64 ..)
[    2.211961] random 0000 0000 0000 6db70b00 b30ce96b: trying to extract 512 bits from input
[    2.211964] random 0000 0000 0000 6db70b00 b30ce96b: debiting 0 entropy credits from input
[    2.211966] random 0000 0000 0000 6db70b00 b30ce96b: extract_entropy account returned: 0 
[    2.211969] random 0000 0000 0000 6db70b00 b30ce96b: urand_change_num 29 xfer_secondary_pool(64): pool_sig fffffb38, data_sig 00000000, bytes_mixed 0 6db70b00 b30ce96b
[    2.211972] random 0000 0000 0000 6db70b00 b30ce96b: trying to extract 512 bits from nonblocking
[    2.211975] random 0000 0000 0000 6db70b00 b30ce96b: debiting 512 entropy credits from nonblocking (unlimited)
[    2.211977] random 0000 0000 0000 6db70b00 b30ce96b: extract_entropy account returned: 64 
[    2.211981] random 0000 0000 0000 6db70b00 b30ce96b: urand_change_num 30 extract_buf: pool_sig fffffb38, data_sig 00000151, bytes_mixed 20 6db70b00 b30ce96b
[    2.211986] random 0000 0000 0000 6db70b00 b30ce96b: urand_change_num 31 extract_buf: pool_sig fffffdb8, data_sig 00000379, bytes_mixed 20 6db70b00 b30ce96b
[    2.211990] random 0000 0000 0000 6b83001e d4b6c0d3: urand_change_num 32 extract_buf: pool_sig ffffffc9, data_sig 00000198, bytes_mixed 20 6b83001e d4b6c0d3
[    2.211995] random 0000 0000 0000 79d3e3c7 be564518: urand_change_num 33 extract_buf: pool_sig 000002b9, data_sig ffffff84, bytes_mixed 20 79d3e3c7 be564518
[    2.211999] random 0000 0000 0000 79d3e3c7 be564518: urand_change_num 34 extract_buf: pool_sig ffffff55, data_sig ffffff5a, bytes_mixed 20 79d3e3c7 be564518
[    2.212004] random 0000 0000 0000 89c03cb2 0d353228: urand_change_num 35 extract_buf: pool_sig 00000007, data_sig ffffff17, bytes_mixed 20 89c03cb2 0d353228
[    2.212008] random 0000 0000 0000 89c03cb2 0d353228: urand_change_num 36 extract_buf: pool_sig fffffdae, data_sig 000000db, bytes_mixed 20 89c03cb2 0d353228  Magic number: 13:300:250
[    2.212121] rtc_cmos 00:04: setting system clock to 2013-05-24 22:14:48 UTC (1369433688)
[    2.212124] BIOS EDD facility v0.16 2004-Jun-25, 0 devices found
[    2.212125] EDD information not available.
[    2.212155] random 0000 0000 0000 8ca62387 b120332c: rand_read_num 9 get_random_bytes(64): sig fffffed6 8ca62387 b120332c
[    2.212157] random 0000 0000 0000 8ca62387 b120332c: extract_entropy(.. 64 ..)
[    2.212160] random 0000 0000 0000 8ca62387 b120332c: going to reseed nonblocking with 512 bits (512 of 0 requested)
[    2.212162] random 0000 0000 0000 8ca62387 b120332c: extract_entropy(.. 64 ..)
[    2.212164] random 0000 0000 0000 8ca62387 b120332c: trying to extract 512 bits from input
[    2.212166] random 0000 0000 0000 8ca62387 b120332c: debiting 0 entropy credits from input
[    2.212169] random 0000 0000 0000 8ca62387 b120332c: extract_entropy account returned: 0 
[    2.212172] random 0000 0000 0000 8ca62387 b120332c: urand_change_num 37 xfer_secondary_pool(64): pool_sig fffffed6, data_sig 00000000, bytes_mixed 0 8ca62387 b120332c
[    2.212174] random 0000 0000 0000 8ca62387 b120332c: trying to extract 512 bits from nonblocking
[    2.212177] random 0000 0000 0000 8ca62387 b120332c: debiting 512 entropy credits from nonblocking (unlimited)
[    2.212179] random 0000 0000 0000 8ca62387 b120332c: extract_entropy account returned: 64 
[    2.212183] random 0000 0000 0000 8ca62387 b120332c: urand_change_num 38 extract_buf: pool_sig fffffed6, data_sig fffffeb6, bytes_mixed 20 8ca62387 b120332c
[    2.212187] random 0000 0000 0000 90702413 e2a66c2e: urand_change_num 39 extract_buf: pool_sig fffffbb0, data_sig 0000012e, bytes_mixed 20 90702413 e2a66c2e
[    2.212191] random 0000 0000 0000 90702413 e2a66c2e: urand_change_num 40 extract_buf: pool_sig fffffaf1, data_sig ffffff3c, bytes_mixed 20 90702413 e2a66c2e
[    2.212196] random 0000 0000 0000 3f58038b c77aecb6: urand_change_num 41 extract_buf: pool_sig 00000234, data_sig fffffdec, bytes_mixed 20 3f58038b c77aecb6
[    2.212200] random 0000 0000 0000 47187b9d 03f21510: urand_change_num 42 extract_buf: pool_sig 00000192, data_sig 00000075, bytes_mixed 20 47187b9d 03f21510
[    2.212205] random 0000 0000 0000 47187b9d 03f21510: urand_change_num 43 extract_buf: pool_sig 0000018e, data_sig ffffffbf, bytes_mixed 20 47187b9d 03f21510
[    2.212209] random 0000 0000 0000 3180b1fc 0fa9c973: urand_change_num 44 extract_buf: pool_sig fffffecf, data_sig ffffff2a, bytes_mixed 20 3180b1fc 0fa9c973
[    2.212212] BEGIN NET_SECRET:
[    2.212213] \xffffff87
[    2.212214] \xffffff8d
[    2.212216] \xfffffff4
[    2.212217] \xffffffae
[    2.212218] \xffffffc3
[    2.212219] \xffffffb7
[    2.212220] \x31
[    2.212221] \x65
[    2.212223] \xffffffda
[    2.212224] \xffffffa2
[    2.212225] \x31
[    2.212226] \xffffffc8
[    2.212227] \xffffffa9
[    2.212228] \x76
[    2.212230] \x76
[    2.212231] \xffffff90
[    2.212232] \x55
[    2.212233] \xfffffff3
[    2.212234] \xffffffb1
[    2.212235] \x3
[    2.212237] \xffffffb3
[    2.212238] \xffffffa7
[    2.212239] \x5a
[    2.212240] \x71
[    2.212241] \x70
[    2.212242] \xffffff8c
[    2.212243] \x56
[    2.212245] \x25
[    2.212246] \xffffffe1
[    2.212247] \x4c
[    2.212248] \xffffffe6
[    2.212249] \xffffff95
[    2.212250] \x67
[    2.212252] \x4c
[    2.212253] \xffffffb9
[    2.212254] \x1d
[    2.212255] \xe
[    2.212256] \x34
[    2.212257] \xffffffbe
[    2.212258] \x12
[    2.212260] \x5
[    2.212261] \xffffff98
[    2.212262] \xffffffa0
[    2.212263] \xf
[    2.212264] \xffffffb2
[    2.212265] \xffffffde
[    2.212266] \xffffff99
[    2.212268] \xf
[    2.212269] \xffffffe8
[    2.212270] \xffffffc8
[    2.212271] \x1f
[    2.212272] \x54
[    2.212273] \x2c
[    2.212274] \xffffffee
[    2.212276] \x2e
[    2.212277] \x0
[    2.212278] \xffffff95
[    2.212279] \x0
[    2.212280] \xffffffe3
[    2.212281] \xffffffa7
[    2.212282] \xfffffffd
[    2.212284] \x66
[    2.212285] \xffffff92
[    2.212286] \xfffffff0
[    2.212287] 
[    2.212288] END NET_SECRET
[    2.212291] random 0000 0000 0000 3180b1fc 0fa9c973: rand_read_num 10 get_random_bytes(4): sig ffffff46 3180b1fc 0fa9c973
[    2.212293] random 0000 0000 0000 3180b1fc 0fa9c973: extract_entropy(.. 4 ..)
[    2.212296] random 0000 0000 0000 3180b1fc 0fa9c973: going to reseed nonblocking with 64 bits (32 of 0 requested)
[    2.212298] random 0000 0000 0000 3180b1fc 0fa9c973: extract_entropy(.. 8 ..)
[    2.212300] random 0000 0000 0000 3180b1fc 0fa9c973: trying to extract 64 bits from input
[    2.212302] random 0000 0000 0000 3180b1fc 0fa9c973: debiting 0 entropy credits from input
[    2.212304] random 0000 0000 0000 3180b1fc 0fa9c973: extract_entropy account returned: 0 
[    2.212307] random 0000 0000 0000 3180b1fc 0fa9c973: urand_change_num 45 xfer_secondary_pool(4): pool_sig ffffff46, data_sig 00000000, bytes_mixed 0 3180b1fc 0fa9c973
[    2.212310] random 0000 0000 0000 3180b1fc 0fa9c973: trying to extract 32 bits from nonblocking
[    2.212312] random 0000 0000 0000 3180b1fc 0fa9c973: debiting 32 entropy credits from nonblocking (unlimited)
[    2.212315] random 0000 0000 0000 3180b1fc 0fa9c973: extract_entropy account returned: 4 
[    2.212318] random 0000 0000 0000 3180b1fc 0fa9c973: urand_change_num 46 extract_buf: pool_sig ffffff46, data_sig 0000001b, bytes_mixed 20 3180b1fc 0fa9c973
[    2.385533] ata2.00: ATAPI: VMware Virtual IDE CDROM Drive, 00000001, max UDMA/33
[    2.385868] ata2.00: configured for UDMA/33
[    2.386252] scsi 1:0:0:0: CD-ROM            NECVMWar VMware IDE CDR10 1.00 PQ: 0 ANSI: 5
[    2.387497] sr0: scsi3-mmc drive: 306x/306x cd/rw xa/form2 cdda tray
[    2.387500] Uniform CD-ROM driver Revision: 3.20
[    2.387550] sr 1:0:0:0: Attached scsi CD-ROM sr0
[    2.387586] sr 1:0:0:0: Attached scsi generic sg0 type 5
[    2.387623] Freeing unused kernel memory: 652k freed
[    2.387672] Write protecting the kernel text: 4840k
[    2.387703] Write protecting the kernel read-only data: 1968k
[    2.387790] random 0000 0000 0000 38974d2b 1d8d6de0: rand_read_num 11 get_random_bytes(16): sig 000001c6 38974d2b 1d8d6de0
