[    0.000000] random 0000 0000 0000 00000000 00000000: rand_read_num 1 get_random_bytes(8): sig 00000000 00000000 00000000
[    0.000000] random 0000 0000 0000 00000000 00000000: extract_entropy(.. 8 ..)
[    0.000000] random 0000 0000 0000 00000000 00000000: going to reseed nonblocking with 64 bits (64 of 0 requested)
[    0.000000] random 0000 0000 0000 00000000 00000000: extract_entropy(.. 8 ..)
[    0.000000] random 0000 0000 0000 00000000 00000000: trying to extract 64 bits from input
[    0.000000] random 0000 0000 0000 00000000 00000000: debiting 0 entropy credits from input
[    0.000000] random 0000 0000 0000 00000000 00000000: extract_entropy account returned: 0 
[    0.000000] random 0000 0000 0000 00000000 00000000: urand_change_num 1 xfer_secondary_pool(8): pool_sig 00000000, data_sig 00000000, bytes_mixed 0 00000000 00000000
[    0.000000] random 0000 0000 0000 00000000 00000000: trying to extract 64 bits from nonblocking
[    0.000000] random 0000 0000 0000 00000000 00000000: debiting 64 entropy credits from nonblocking (unlimited)
[    0.000000] random 0000 0000 0000 00000000 00000000: extract_entropy account returned: 8 
[    0.000000] random 0000 0000 0000 00000000 00000000: urand_change_num 2 extract_buf: pool_sig 00000000, data_sig fffffff9, bytes_mixed 20 00000000 00000000
[    0.000000] Initializing cgroup subsys cpuset
[    0.000000] Initializing cgroup subsys cpu
[    0.000000] Linux version 2.6.32.57 (dcashman@ubuntu) (gcc version 4.6.3 (Ubuntu/Linaro 4.6.3-1ubuntu5) ) #4 SMP Fri May 24 11:09:26 PDT 2013
[    0.000000] KERNEL supported cpus:
[    0.000000]   Intel GenuineIntel
[    0.000000]   AMD AuthenticAMD
[    0.000000]   NSC Geode by NSC
[    0.000000]   Cyrix CyrixInstead
[    0.000000]   Centaur CentaurHauls
[    0.000000]   Transmeta GenuineTMx86
[    0.000000]   Transmeta TransmetaCPU
[    0.000000]   UMC UMC UMC UMC
[    0.000000] BIOS-provided physical RAM map:
[    0.000000]  BIOS-e820: 0000000000000000 - 000000000009f000 (usable)
[    0.000000]  BIOS-e820: 000000000009f000 - 00000000000a0000 (reserved)
[    0.000000]  BIOS-e820: 00000000000ca000 - 00000000000cc000 (reserved)
[    0.000000]  BIOS-e820: 00000000000dc000 - 0000000000100000 (reserved)
[    0.000000]  BIOS-e820: 0000000000100000 - 000000003fee0000 (usable)
[    0.000000]  BIOS-e820: 000000003fee0000 - 000000003feff000 (ACPI data)
[    0.000000]  BIOS-e820: 000000003feff000 - 000000003ff00000 (ACPI NVS)
[    0.000000]  BIOS-e820: 000000003ff00000 - 0000000040000000 (usable)
[    0.000000]  BIOS-e820: 00000000e0000000 - 00000000f0000000 (reserved)
[    0.000000]  BIOS-e820: 00000000fec00000 - 00000000fec10000 (reserved)
[    0.000000]  BIOS-e820: 00000000fee00000 - 00000000fee01000 (reserved)
[    0.000000]  BIOS-e820: 00000000fffe0000 - 0000000100000000 (reserved)
[    0.000000] DMI present.
[    0.000000] Phoenix BIOS detected: BIOS may corrupt low RAM, working around it.
[    0.000000] e820 update range: 0000000000000000 - 0000000000010000 (usable) ==> (reserved)
[    0.000000] last_pfn = 0x40000 max_arch_pfn = 0x1000000
[    0.000000] MTRR default type: uncachable
[    0.000000] MTRR fixed ranges enabled:
[    0.000000]   00000-9FFFF write-back
[    0.000000]   A0000-BFFFF uncachable
[    0.000000]   C0000-CBFFF write-protect
[    0.000000]   CC000-EFFFF uncachable
[    0.000000]   F0000-FFFFF write-protect
[    0.000000] MTRR variable ranges enabled:
[    0.000000]   0 base 0000000000 mask FFC0000000 write-back
[    0.000000]   1 disabled
[    0.000000]   2 disabled
[    0.000000]   3 disabled
[    0.000000]   4 disabled
[    0.000000]   5 disabled
[    0.000000]   6 disabled
[    0.000000]   7 disabled
[    0.000000] x86 PAT enabled: cpu 0, old 0x0, new 0x7010600070106
[    0.000000] Scanning 0 areas for low memory corruption
[    0.000000] modified physical RAM map:
[    0.000000]  modified: 0000000000000000 - 0000000000010000 (reserved)
[    0.000000]  modified: 0000000000010000 - 000000000009f000 (usable)
[    0.000000]  modified: 000000000009f000 - 00000000000a0000 (reserved)
[    0.000000]  modified: 00000000000ca000 - 00000000000cc000 (reserved)
[    0.000000]  modified: 00000000000dc000 - 0000000000100000 (reserved)
[    0.000000]  modified: 0000000000100000 - 000000003fee0000 (usable)
[    0.000000]  modified: 000000003fee0000 - 000000003feff000 (ACPI data)
[    0.000000]  modified: 000000003feff000 - 000000003ff00000 (ACPI NVS)
[    0.000000]  modified: 000000003ff00000 - 0000000040000000 (usable)
[    0.000000]  modified: 00000000e0000000 - 00000000f0000000 (reserved)
[    0.000000]  modified: 00000000fec00000 - 00000000fec10000 (reserved)
[    0.000000]  modified: 00000000fee00000 - 00000000fee01000 (reserved)
[    0.000000]  modified: 00000000fffe0000 - 0000000100000000 (reserved)
[    0.000000] initial memory mapped : 0 - 01e00000
[    0.000000] init_memory_mapping: 0000000000000000-00000000379fe000
[    0.000000] NX (Execute Disable) protection: active
[    0.000000]  0000000000 - 0000200000 page 4k
[    0.000000]  0000200000 - 0037800000 page 2M
[    0.000000]  0037800000 - 00379fe000 page 4k
[    0.000000] kernel direct mapping tables up to 379fe000 @ 10000-16000
[    0.000000] RAMDISK: 2dcfc000 - 32e758c3
[    0.000000] ACPI: RSDP 000f6b80 00024 (v02 PTLTD )
[    0.000000] ACPI: XSDT 3feed636 0005C (v01 INTEL  440BX    06040000 VMW  01324272)
[    0.000000] ACPI: FACP 3fefee98 000F4 (v04 INTEL  440BX    06040000 PTL  000F4240)
[    0.000000] ACPI: DSDT 3feee366 10B32 (v01 PTLTD  Custom   06040000 MSFT 03000001)
[    0.000000] ACPI: FACS 3fefffc0 00040
[    0.000000] ACPI: BOOT 3feee33e 00028 (v01 PTLTD  $SBFTBL$ 06040000  LTP 00000001)
[    0.000000] ACPI: APIC 3feedc3e 003C2 (v01 PTLTD  ? APIC   06040000  LTP 00000000)
[    0.000000] ACPI: MCFG 3feedc02 0003C (v01 PTLTD  $PCITBL$ 06040000  LTP 00000001)
[    0.000000] ACPI: SRAT 3feed732 004D0 (v02 VMWARE MEMPLUG  06040000 VMW  00000001)
[    0.000000] ACPI: HPET 3feed6fa 00038 (v01 VMWARE VMW HPET 06040000 VMW  00000001)
[    0.000000] ACPI: WAET 3feed6d2 00028 (v01 VMWARE VMW WAET 06040000 VMW  00000001)
[    0.000000] ACPI: Local APIC address 0xfee00000
[    0.000000] 134MB HIGHMEM available.
[    0.000000] 889MB LOWMEM available.
[    0.000000]   mapped low ram: 0 - 379fe000
[    0.000000]   low ram: 0 - 379fe000
[    0.000000]   node 0 low ram: 00000000 - 379fe000
[    0.000000]   node 0 bootmap 00012000 - 00018f40
[    0.000000] (9 early reservations) ==> bootmem [0000000000 - 00379fe000]
[    0.000000]   #0 [0000000000 - 0000001000]   BIOS data page ==> [0000000000 - 0000001000]
[    0.000000]   #1 [0000001000 - 0000002000]    EX TRAMPOLINE ==> [0000001000 - 0000002000]
[    0.000000]   #2 [0000006000 - 0000007000]       TRAMPOLINE ==> [0000006000 - 0000007000]
[    0.000000]   #3 [0001000000 - 0001a75ff8]    TEXT DATA BSS ==> [0001000000 - 0001a75ff8]
[    0.000000]   #4 [002dcfc000 - 0032e758c3]          RAMDISK ==> [002dcfc000 - 0032e758c3]
[    0.000000]   #5 [000009f000 - 0000100000]    BIOS reserved ==> [000009f000 - 0000100000]
[    0.000000]   #6 [0001a76000 - 0001a851c0]              BRK ==> [0001a76000 - 0001a851c0]
[    0.000000]   #7 [0000010000 - 0000012000]          PGTABLE ==> [0000010000 - 0000012000]
[    0.000000]   #8 [0000012000 - 0000019000]          BOOTMAP ==> [0000012000 - 0000019000]
[    0.000000] found SMP MP-table at [c00f6bf0] f6bf0
[    0.000000] Zone PFN ranges:
[    0.000000]   DMA      0x00000010 -> 0x00001000
[    0.000000]   Normal   0x00001000 -> 0x000379fe
[    0.000000]   HighMem  0x000379fe -> 0x00040000
[    0.000000] Movable zone start PFN for each node
[    0.000000] early_node_map[3] active PFN ranges
[    0.000000]     0: 0x00000010 -> 0x0000009f
[    0.000000]     0: 0x00000100 -> 0x0003fee0
[    0.000000]     0: 0x0003ff00 -> 0x00040000
[    0.000000] On node 0 totalpages: 261999
[    0.000000] free_area_init_node: node 0, pgdat c1715200, node_mem_map c1a87200
[    0.000000]   DMA zone: 32 pages used for memmap
[    0.000000]   DMA zone: 0 pages reserved
[    0.000000]   DMA zone: 3951 pages, LIFO batch:0
[    0.000000]   Normal zone: 1748 pages used for memmap
[    0.000000]   Normal zone: 221994 pages, LIFO batch:31
[    0.000000]   HighMem zone: 269 pages used for memmap
[    0.000000]   HighMem zone: 34005 pages, LIFO batch:7
[    0.000000] Using APIC driver default
[    0.000000] ACPI: PM-Timer IO Port: 0x1008
[    0.000000] ACPI: Local APIC address 0xfee00000
[    0.000000] ACPI: LAPIC (acpi_id[0x00] lapic_id[0x00] enabled)
[    0.000000] ACPI: LAPIC (acpi_id[0x01] lapic_id[0x02] disabled)
[    0.000000] ACPI: LAPIC (acpi_id[0x02] lapic_id[0x04] disabled)
[    0.000000] ACPI: LAPIC (acpi_id[0x03] lapic_id[0x06] disabled)
[    0.000000] ACPI: LAPIC (acpi_id[0x04] lapic_id[0x08] disabled)
[    0.000000] ACPI: LAPIC (acpi_id[0x05] lapic_id[0x0a] disabled)
[    0.000000] ACPI: LAPIC (acpi_id[0x06] lapic_id[0x0c] disabled)
[    0.000000] ACPI: LAPIC (acpi_id[0x07] lapic_id[0x0e] disabled)
[    0.000000] ACPI: LAPIC (acpi_id[0x08] lapic_id[0x10] disabled)
[    0.000000] ACPI: LAPIC (acpi_id[0x09] lapic_id[0x12] disabled)
[    0.000000] ACPI: LAPIC (acpi_id[0x0a] lapic_id[0x14] disabled)
[    0.000000] ACPI: LAPIC (acpi_id[0x0b] lapic_id[0x16] disabled)
[    0.000000] ACPI: LAPIC (acpi_id[0x0c] lapic_id[0x18] disabled)
[    0.000000] ACPI: LAPIC (acpi_id[0x0d] lapic_id[0x1a] disabled)
[    0.000000] ACPI: LAPIC (acpi_id[0x0e] lapic_id[0x1c] disabled)
[    0.000000] ACPI: LAPIC (acpi_id[0x0f] lapic_id[0x1e] disabled)
[    0.000000] ACPI: LAPIC (acpi_id[0x10] lapic_id[0x20] disabled)
[    0.000000] ACPI: LAPIC (acpi_id[0x11] lapic_id[0x22] disabled)
[    0.000000] ACPI: LAPIC (acpi_id[0x12] lapic_id[0x24] disabled)
[    0.000000] ACPI: LAPIC (acpi_id[0x13] lapic_id[0x26] disabled)
[    0.000000] ACPI: LAPIC (acpi_id[0x14] lapic_id[0x28] disabled)
[    0.000000] ACPI: LAPIC (acpi_id[0x15] lapic_id[0x2a] disabled)
[    0.000000] ACPI: LAPIC (acpi_id[0x16] lapic_id[0x2c] disabled)
[    0.000000] ACPI: LAPIC (acpi_id[0x17] lapic_id[0x2e] disabled)
[    0.000000] ACPI: LAPIC (acpi_id[0x18] lapic_id[0x30] disabled)
[    0.000000] ACPI: LAPIC (acpi_id[0x19] lapic_id[0x32] disabled)
[    0.000000] ACPI: LAPIC (acpi_id[0x1a] lapic_id[0x34] disabled)
[    0.000000] ACPI: LAPIC (acpi_id[0x1b] lapic_id[0x36] disabled)
[    0.000000] ACPI: LAPIC (acpi_id[0x1c] lapic_id[0x38] disabled)
[    0.000000] ACPI: LAPIC (acpi_id[0x1d] lapic_id[0x3a] disabled)
[    0.000000] ACPI: LAPIC (acpi_id[0x1e] lapic_id[0x3c] disabled)
[    0.000000] ACPI: LAPIC (acpi_id[0x1f] lapic_id[0x3e] disabled)
[    0.000000] ACPI: LAPIC (acpi_id[0x20] lapic_id[0x40] disabled)
[    0.000000] ACPI: LAPIC (acpi_id[0x21] lapic_id[0x42] disabled)
[    0.000000] ACPI: LAPIC (acpi_id[0x22] lapic_id[0x44] disabled)
[    0.000000] ACPI: LAPIC (acpi_id[0x23] lapic_id[0x46] disabled)
[    0.000000] ACPI: LAPIC (acpi_id[0x24] lapic_id[0x48] disabled)
[    0.000000] ACPI: LAPIC (acpi_id[0x25] lapic_id[0x4a] disabled)
[    0.000000] ACPI: LAPIC (acpi_id[0x26] lapic_id[0x4c] disabled)
[    0.000000] ACPI: LAPIC (acpi_id[0x27] lapic_id[0x4e] disabled)
[    0.000000] ACPI: LAPIC (acpi_id[0x28] lapic_id[0x50] disabled)
[    0.000000] ACPI: LAPIC (acpi_id[0x29] lapic_id[0x52] disabled)
[    0.000000] ACPI: LAPIC (acpi_id[0x2a] lapic_id[0x54] disabled)
[    0.000000] ACPI: LAPIC (acpi_id[0x2b] lapic_id[0x56] disabled)
[    0.000000] ACPI: LAPIC (acpi_id[0x2c] lapic_id[0x58] disabled)
[    0.000000] ACPI: LAPIC (acpi_id[0x2d] lapic_id[0x5a] disabled)
[    0.000000] ACPI: LAPIC (acpi_id[0x2e] lapic_id[0x5c] disabled)
[    0.000000] ACPI: LAPIC (acpi_id[0x2f] lapic_id[0x5e] disabled)
[    0.000000] ACPI: LAPIC (acpi_id[0x30] lapic_id[0x60] disabled)
[    0.000000] ACPI: LAPIC (acpi_id[0x31] lapic_id[0x62] disabled)
[    0.000000] ACPI: LAPIC (acpi_id[0x32] lapic_id[0x64] disabled)
[    0.000000] ACPI: LAPIC (acpi_id[0x33] lapic_id[0x66] disabled)
[    0.000000] ACPI: LAPIC (acpi_id[0x34] lapic_id[0x68] disabled)
[    0.000000] ACPI: LAPIC (acpi_id[0x35] lapic_id[0x6a] disabled)
[    0.000000] ACPI: LAPIC (acpi_id[0x36] lapic_id[0x6c] disabled)
[    0.000000] ACPI: LAPIC (acpi_id[0x37] lapic_id[0x6e] disabled)
[    0.000000] ACPI: LAPIC (acpi_id[0x38] lapic_id[0x70] disabled)
[    0.000000] ACPI: LAPIC (acpi_id[0x39] lapic_id[0x72] disabled)
[    0.000000] ACPI: LAPIC (acpi_id[0x3a] lapic_id[0x74] disabled)
[    0.000000] ACPI: LAPIC (acpi_id[0x3b] lapic_id[0x76] disabled)
[    0.000000] ACPI: LAPIC (acpi_id[0x3c] lapic_id[0x78] disabled)
[    0.000000] ACPI: LAPIC (acpi_id[0x3d] lapic_id[0x7a] disabled)
[    0.000000] ACPI: LAPIC (acpi_id[0x3e] lapic_id[0x7c] disabled)
[    0.000000] ACPI: LAPIC (acpi_id[0x3f] lapic_id[0x7e] disabled)
[    0.000000] ACPI: LAPIC_NMI (acpi_id[0x00] high edge lint[0x1])
[    0.000000] ACPI: LAPIC_NMI (acpi_id[0x01] high edge lint[0x1])
[    0.000000] ACPI: LAPIC_NMI (acpi_id[0x02] high edge lint[0x1])
[    0.000000] ACPI: LAPIC_NMI (acpi_id[0x03] high edge lint[0x1])
[    0.000000] ACPI: LAPIC_NMI (acpi_id[0x04] high edge lint[0x1])
[    0.000000] ACPI: LAPIC_NMI (acpi_id[0x05] high edge lint[0x1])
[    0.000000] ACPI: LAPIC_NMI (acpi_id[0x06] high edge lint[0x1])
[    0.000000] ACPI: LAPIC_NMI (acpi_id[0x07] high edge lint[0x1])
[    0.000000] ACPI: LAPIC_NMI (acpi_id[0x08] high edge lint[0x1])
[    0.000000] ACPI: LAPIC_NMI (acpi_id[0x09] high edge lint[0x1])
[    0.000000] ACPI: LAPIC_NMI (acpi_id[0x0a] high edge lint[0x1])
[    0.000000] ACPI: LAPIC_NMI (acpi_id[0x0b] high edge lint[0x1])
[    0.000000] ACPI: LAPIC_NMI (acpi_id[0x0c] high edge lint[0x1])
[    0.000000] ACPI: LAPIC_NMI (acpi_id[0x0d] high edge lint[0x1])
[    0.000000] ACPI: LAPIC_NMI (acpi_id[0x0e] high edge lint[0x1])
[    0.000000] ACPI: LAPIC_NMI (acpi_id[0x0f] high edge lint[0x1])
[    0.000000] ACPI: LAPIC_NMI (acpi_id[0x10] high edge lint[0x1])
[    0.000000] ACPI: LAPIC_NMI (acpi_id[0x11] high edge lint[0x1])
[    0.000000] ACPI: LAPIC_NMI (acpi_id[0x12] high edge lint[0x1])
[    0.000000] ACPI: LAPIC_NMI (acpi_id[0x13] high edge lint[0x1])
[    0.000000] ACPI: LAPIC_NMI (acpi_id[0x14] high edge lint[0x1])
[    0.000000] ACPI: LAPIC_NMI (acpi_id[0x15] high edge lint[0x1])
[    0.000000] ACPI: LAPIC_NMI (acpi_id[0x16] high edge lint[0x1])
[    0.000000] ACPI: LAPIC_NMI (acpi_id[0x17] high edge lint[0x1])
[    0.000000] ACPI: LAPIC_NMI (acpi_id[0x18] high edge lint[0x1])
[    0.000000] ACPI: LAPIC_NMI (acpi_id[0x19] high edge lint[0x1])
[    0.000000] ACPI: LAPIC_NMI (acpi_id[0x1a] high edge lint[0x1])
[    0.000000] ACPI: LAPIC_NMI (acpi_id[0x1b] high edge lint[0x1])
[    0.000000] ACPI: LAPIC_NMI (acpi_id[0x1c] high edge lint[0x1])
[    0.000000] ACPI: LAPIC_NMI (acpi_id[0x1d] high edge lint[0x1])
[    0.000000] ACPI: LAPIC_NMI (acpi_id[0x1e] high edge lint[0x1])
[    0.000000] ACPI: LAPIC_NMI (acpi_id[0x1f] high edge lint[0x1])
[    0.000000] ACPI: LAPIC_NMI (acpi_id[0x20] high edge lint[0x1])
[    0.000000] ACPI: LAPIC_NMI (acpi_id[0x21] high edge lint[0x1])
[    0.000000] ACPI: LAPIC_NMI (acpi_id[0x22] high edge lint[0x1])
[    0.000000] ACPI: LAPIC_NMI (acpi_id[0x23] high edge lint[0x1])
[    0.000000] ACPI: LAPIC_NMI (acpi_id[0x24] high edge lint[0x1])
[    0.000000] ACPI: LAPIC_NMI (acpi_id[0x25] high edge lint[0x1])
[    0.000000] ACPI: LAPIC_NMI (acpi_id[0x26] high edge lint[0x1])
[    0.000000] ACPI: LAPIC_NMI (acpi_id[0x27] high edge lint[0x1])
[    0.000000] ACPI: LAPIC_NMI (acpi_id[0x28] high edge lint[0x1])
[    0.000000] ACPI: LAPIC_NMI (acpi_id[0x29] high edge lint[0x1])
[    0.000000] ACPI: LAPIC_NMI (acpi_id[0x2a] high edge lint[0x1])
[    0.000000] ACPI: LAPIC_NMI (acpi_id[0x2b] high edge lint[0x1])
[    0.000000] ACPI: LAPIC_NMI (acpi_id[0x2c] high edge lint[0x1])
[    0.000000] ACPI: LAPIC_NMI (acpi_id[0x2d] high edge lint[0x1])
[    0.000000] ACPI: LAPIC_NMI (acpi_id[0x2e] high edge lint[0x1])
[    0.000000] ACPI: LAPIC_NMI (acpi_id[0x2f] high edge lint[0x1])
[    0.000000] ACPI: LAPIC_NMI (acpi_id[0x30] high edge lint[0x1])
[    0.000000] ACPI: LAPIC_NMI (acpi_id[0x31] high edge lint[0x1])
[    0.000000] ACPI: LAPIC_NMI (acpi_id[0x32] high edge lint[0x1])
[    0.000000] ACPI: LAPIC_NMI (acpi_id[0x33] high edge lint[0x1])
[    0.000000] ACPI: LAPIC_NMI (acpi_id[0x34] high edge lint[0x1])
[    0.000000] ACPI: LAPIC_NMI (acpi_id[0x35] high edge lint[0x1])
[    0.000000] ACPI: LAPIC_NMI (acpi_id[0x36] high edge lint[0x1])
[    0.000000] ACPI: LAPIC_NMI (acpi_id[0x37] high edge lint[0x1])
[    0.000000] ACPI: LAPIC_NMI (acpi_id[0x38] high edge lint[0x1])
[    0.000000] ACPI: LAPIC_NMI (acpi_id[0x39] high edge lint[0x1])
[    0.000000] ACPI: LAPIC_NMI (acpi_id[0x3a] high edge lint[0x1])
[    0.000000] ACPI: LAPIC_NMI (acpi_id[0x3b] high edge lint[0x1])
[    0.000000] ACPI: LAPIC_NMI (acpi_id[0x3c] high edge lint[0x1])
[    0.000000] ACPI: LAPIC_NMI (acpi_id[0x3d] high edge lint[0x1])
[    0.000000] ACPI: LAPIC_NMI (acpi_id[0x3e] high edge lint[0x1])
[    0.000000] ACPI: LAPIC_NMI (acpi_id[0x3f] high edge lint[0x1])
[    0.000000] ACPI: Skipping IOAPIC probe due to 'noapic' option.
[    0.000000] Using ACPI for processor (LAPIC) configuration information
[    0.000000] ACPI: HPET id: 0x8086af01 base: 0xfed00000
[    0.000000] Intel MultiProcessor Specification v1.4
[    0.000000]     Virtual Wire compatibility mode.
[    0.000000] MPTABLE: OEM ID: INTEL   
[    0.000000] MPTABLE: Product ID: 440BX       
[    0.000000] MPTABLE: APIC at: 0xFEE00000
[    0.000000] I/O APIC #1 Version 17 at 0xFEC00000.
[    0.000000] Processors: 1
[    0.000000] 64 Processors exceeds NR_CPUS limit of 8
[    0.000000] SMP: Allowing 8 CPUs, 7 hotplug CPUs
[    0.000000] nr_irqs_gsi: 24
[    0.000000] PM: Registered nosave memory: 000000000009f000 - 00000000000a0000
[    0.000000] PM: Registered nosave memory: 00000000000a0000 - 00000000000ca000
[    0.000000] PM: Registered nosave memory: 00000000000ca000 - 00000000000cc000
[    0.000000] PM: Registered nosave memory: 00000000000cc000 - 00000000000dc000
[    0.000000] PM: Registered nosave memory: 00000000000dc000 - 0000000000100000
[    0.000000] Allocating PCI resources starting at 40000000 (gap: 40000000:a0000000)
[    0.000000] Booting paravirtualized kernel on bare hardware
[    0.000000] NR_CPUS:8 nr_cpumask_bits:8 nr_cpu_ids:8 nr_node_ids:1
[    0.000000] PERCPU: Embedded 15 pages/cpu @c2400000 s39320 r0 d22120 u262144
[    0.000000] pcpu-alloc: s39320 r0 d22120 u262144 alloc=1*2097152
[    0.000000] pcpu-alloc: [0] 0 1 2 3 4 5 6 7 
[    0.000000] Built 1 zonelists in Zone order, mobility grouping on.  Total pages: 259950
[    0.000000] Kernel command line: BOOT_IMAGE=/boot/vmlinuz-2.6.32.57 root=UUID=007b598c-390d-4c65-84a1-4ff752d48633 ro quiet splash maxcpus=0
[    0.000000] PID hash table entries: 4096 (order: 2, 16384 bytes)
[    0.000000] Dentry cache hash table entries: 131072 (order: 7, 524288 bytes)
[    0.000000] Inode-cache hash table entries: 65536 (order: 6, 262144 bytes)
[    0.000000] Enabling fast FPU save and restore... done.
[    0.000000] Enabling unmasked SIMD FPU exception support... done.
[    0.000000] Initializing CPU#0
[    0.000000] xsave/xrstor: enabled xstate_bv 0x7, cntxt size 0x340
[    0.000000] allocated 5242560 bytes of page_cgroup
[    0.000000] please try 'cgroup_disable=memory' option if you don't want memory cgroups
[    0.000000] Initializing HighMem for node 0 (000379fe:00040000)
[    0.000000] Memory: 938260k/1048576k available (4839k kernel code, 108848k reserved, 2518k data, 652k init, 137096k highmem)
[    0.000000] virtual kernel memory layout:
[    0.000000]     fixmap  : 0xfff1e000 - 0xfffff000   ( 900 kB)
[    0.000000]     pkmap   : 0xffa00000 - 0xffc00000   (2048 kB)
[    0.000000]     vmalloc : 0xf81fe000 - 0xff9fe000   ( 120 MB)
[    0.000000]     lowmem  : 0xc0000000 - 0xf79fe000   ( 889 MB)
[    0.000000]       .init : 0xc1730000 - 0xc17d3000   ( 652 kB)
[    0.000000]       .data : 0xc14b9cce - 0xc172f764   (2518 kB)
[    0.000000]       .text : 0xc1000000 - 0xc14b9cce   (4839 kB)
[    0.000000] Checking if this processor honours the WP bit even in supervisor mode...Ok.
[    0.000000] SLUB: Genslabs=13, HWalign=64, Order=0-3, MinObjects=0, CPUs=8, Nodes=1
[    0.000000] Hierarchical RCU implementation.
[    0.000000] NR_IRQS:2304 nr_irqs:472
[    0.000000] Extended CMOS year: 2000
[    0.000000] Console: colour VGA+ 80x25
[    0.000000] console [tty0] enabled
[    0.000000] hpet clockevent registered
[    0.000000] TSC freq read from hypervisor : 2394.620 MHz
[    0.000000] Detected 2394.620 MHz processor.
[    0.000003] Calibrating delay loop (skipped) preset value.. 4789.24 BogoMIPS (lpj=9578480)
[    0.000012] Security Framework initialized
[    0.000015] SELinux:  Disabled at boot.
[    0.000020] Mount-cache hash table entries: 512
[    0.000148] Initializing cgroup subsys cpuacct
[    0.000152] Initializing cgroup subsys memory
[    0.000155] Initializing cgroup subsys devices
[    0.000157] Initializing cgroup subsys freezer
[    0.000184] CPU: Physical Processor ID: 0
[    0.000192] CPU: L1 I cache: 32K, L1 D cache: 32K
[    0.000193] CPU: L2 cache: 256K
[    0.000194] CPU: L3 cache: 4096K
[    0.000199] mce: CPU supports 0 MCE banks
[    0.000212] Performance Events: no PMU driver, software events only.
[    0.000222] Checking 'hlt' instruction... OK.
[    0.017510] SMP alternatives: switching to UP code
[    0.033709] ACPI: Core revision 20090903
[    0.040061] ACPI: setting ELCR to 0200 (from 0e20)
[    0.041164] ftrace: converting mcount calls to 0f 1f 44 00 00
[    0.041170] ftrace: allocating 22631 entries in 45 pages
[    0.059465] CANARY value: 7a538f22 for PID: 1
[    0.059499] Not enabling x2apic, Intr-remapping init failed.
[    0.059500] Enabling APIC mode:  Flat.  Using 1 I/O APICs
[    0.059509] SMP mode deactivated.
[    0.059535] SMP disabled
[    0.059594] Brought up 1 CPUs
[    0.059596] Total of 1 processors activated (4789.24 BogoMIPS).
[    0.059601] CPU0 attaching NULL sched-domain.
[    0.059676] devtmpfs: initialized
[    0.059790] sysctl table check failed: /kernel/random/now_input .1.40.7 Unknown sysctl binary path
[    0.060073] Pid: 1, comm: swapper Not tainted 2.6.32.57 #4
[    0.060074] Call Trace:
[    0.060079]  [<c14a8a0e>] ? printk+0x1d/0x1f
[    0.060082]  [<c107b56f>] set_fail+0x4f/0x60
[    0.060084]  [<c107b8b3>] sysctl_check_table+0x333/0x620
[    0.060086]  [<c107b8cc>] sysctl_check_table+0x34c/0x620
[    0.060088]  [<c107b8cc>] sysctl_check_table+0x34c/0x620
[    0.060092]  [<c1746d48>] sysctl_init+0x25/0x29
[    0.060094]  [<c1003042>] do_one_initcall+0x32/0x1a0
[    0.060096]  [<c1746d23>] ? sysctl_init+0x0/0x29
[    0.060099]  [<c17308e7>] kernel_init+0x12d/0x17a
[    0.060100]  [<c17307ba>] ? kernel_init+0x0/0x17a
[    0.060103]  [<c1009b07>] kernel_thread_helper+0x7/0x10
[    0.060104] sysctl table check failed: /kernel/random/now_blocking .1.40.8 Unknown sysctl binary path
[    0.060350] Pid: 1, comm: swapper Not tainted 2.6.32.57 #4
[    0.060351] Call Trace:
[    0.060352]  [<c14a8a0e>] ? printk+0x1d/0x1f
[    0.060354]  [<c107b56f>] set_fail+0x4f/0x60
[    0.060356]  [<c107b8b3>] sysctl_check_table+0x333/0x620
[    0.060357]  [<c107b8cc>] sysctl_check_table+0x34c/0x620
[    0.060359]  [<c107b8cc>] sysctl_check_table+0x34c/0x620
[    0.060362]  [<c1746d48>] sysctl_init+0x25/0x29
[    0.060363]  [<c1003042>] do_one_initcall+0x32/0x1a0
[    0.060365]  [<c1746d23>] ? sysctl_init+0x0/0x29
[    0.060367]  [<c17308e7>] kernel_init+0x12d/0x17a
[    0.060369]  [<c17307ba>] ? kernel_init+0x0/0x17a
[    0.060370]  [<c1009b07>] kernel_thread_helper+0x7/0x10
[    0.060372] sysctl table check failed: /kernel/random/now_nonblocking .1.40.9 Unknown sysctl binary path
[    0.060618] Pid: 1, comm: swapper Not tainted 2.6.32.57 #4
[    0.060619] Call Trace:
[    0.060621]  [<c14a8a0e>] ? printk+0x1d/0x1f
[    0.060622]  [<c107b56f>] set_fail+0x4f/0x60
[    0.060624]  [<c107b8b3>] sysctl_check_table+0x333/0x620
[    0.060626]  [<c107b8cc>] sysctl_check_table+0x34c/0x620
[    0.060627]  [<c107b8cc>] sysctl_check_table+0x34c/0x620
[    0.060630]  [<c1746d48>] sysctl_init+0x25/0x29
[    0.060631]  [<c1003042>] do_one_initcall+0x32/0x1a0
[    0.060633]  [<c1746d23>] ? sysctl_init+0x0/0x29
[    0.060635]  [<c17308e7>] kernel_init+0x12d/0x17a
[    0.060637]  [<c17307ba>] ? kernel_init+0x0/0x17a
[    0.060638]  [<c1009b07>] kernel_thread_helper+0x7/0x10
[    0.060640] sysctl table check failed: /kernel/random/nb_input_bytes .1.40.10 Unknown sysctl binary path
[    0.060886] Pid: 1, comm: swapper Not tainted 2.6.32.57 #4
[    0.060887] Call Trace:
[    0.060889]  [<c14a8a0e>] ? printk+0x1d/0x1f
[    0.060890]  [<c107b56f>] set_fail+0x4f/0x60
[    0.060892]  [<c107b8b3>] sysctl_check_table+0x333/0x620
[    0.060893]  [<c107b8cc>] sysctl_check_table+0x34c/0x620
[    0.060895]  [<c107b8cc>] sysctl_check_table+0x34c/0x620
[    0.060897]  [<c1746d48>] sysctl_init+0x25/0x29
[    0.060899]  [<c1003042>] do_one_initcall+0x32/0x1a0
[    0.060901]  [<c1746d23>] ? sysctl_init+0x0/0x29
[    0.060903]  [<c17308e7>] kernel_init+0x12d/0x17a
[    0.060904]  [<c17307ba>] ? kernel_init+0x0/0x17a
[    0.060906]  [<c1009b07>] kernel_thread_helper+0x7/0x10
[    0.060907] sysctl table check failed: /kernel/random/nb_stir_count .1.40.11 Unknown sysctl binary path
[    0.061167] Pid: 1, comm: swapper Not tainted 2.6.32.57 #4
[    0.061168] Call Trace:
[    0.061170]  [<c14a8a0e>] ? printk+0x1d/0x1f
[    0.061171]  [<c107b56f>] set_fail+0x4f/0x60
[    0.061173]  [<c107b8b3>] sysctl_check_table+0x333/0x620
[    0.061175]  [<c107b8cc>] sysctl_check_table+0x34c/0x620
[    0.061176]  [<c107b8cc>] sysctl_check_table+0x34c/0x620
[    0.061179]  [<c1746d48>] sysctl_init+0x25/0x29
[    0.061180]  [<c1003042>] do_one_initcall+0x32/0x1a0
[    0.061183]  [<c1746d23>] ? sysctl_init+0x0/0x29
[    0.061184]  [<c17308e7>] kernel_init+0x12d/0x17a
[    0.061186]  [<c17307ba>] ? kernel_init+0x0/0x17a
[    0.061187]  [<c1009b07>] kernel_thread_helper+0x7/0x10
[    0.061189] sysctl table check failed: /kernel/random/nb_reentry_count .1.40.12 Unknown sysctl binary path
[    0.061436] Pid: 1, comm: swapper Not tainted 2.6.32.57 #4
[    0.061437] Call Trace:
[    0.061439]  [<c14a8a0e>] ? printk+0x1d/0x1f
[    0.061440]  [<c107b56f>] set_fail+0x4f/0x60
[    0.061442]  [<c107b8b3>] sysctl_check_table+0x333/0x620
[    0.061443]  [<c107b8cc>] sysctl_check_table+0x34c/0x620
[    0.061445]  [<c107b8cc>] sysctl_check_table+0x34c/0x620
[    0.061447]  [<c1746d48>] sysctl_init+0x25/0x29
[    0.061449]  [<c1003042>] do_one_initcall+0x32/0x1a0
[    0.061451]  [<c1746d23>] ? sysctl_init+0x0/0x29
[    0.061453]  [<c17308e7>] kernel_init+0x12d/0x17a
[    0.061454]  [<c17307ba>] ? kernel_init+0x0/0x17a
[    0.061456]  [<c1009b07>] kernel_thread_helper+0x7/0x10
[    0.061578] RANDOM - __seed init called.
[    0.061579] RANDOM - __seed init called.
[    0.061580] RANDOM - __seed init called.
[    0.061581] RANDOM - __random32 called. Change num 1.  Value: 97305ca5	7ac4e314	874f43ab
[    0.061582] RANDOM - __random32 called. Change num 2.  Value: 5ca5394	ac4e3148	8757a6ab
[    0.061584] RANDOM - __random32 called. Change num 3.  Value: a53949f7	c4e3148e	4d57bd52
[    0.061585] RANDOM - __random32 called. Change num 4.  Value: 949f7180	4e3148eb	7aa4fd4a
[    0.061586] RANDOM - __random32 called. Change num 5.  Value: f7180f55	e3148ebb	fa95f062
[    0.061588] RANDOM - __random32 called. Change num 6.  Value: 80f55ede	3148ebb7	e0c5c74e
[    0.061589] RANDOM - random32 init called.  Value: 80f55ede	3148ebb7	e0c5c74e
[    0.061595] regulator: core version 0.5
[    0.061665] Time: 20:37:34  Date: 05/24/13
[    0.061703] NET: Registered protocol family 16
[    0.061770] EISA bus registered
[    0.062560] ACPI: bus type pci registered
[    0.062664] PCI: MCFG configuration 0: base e0000000 segment 0 buses 0 - 255
[    0.062666] PCI: MCFG area at e0000000 reserved in E820
[    0.062667] PCI: Using MMCONFIG for extended config space
[    0.062668] PCI: Using configuration type 1 for base access
[    0.063160] bio: create slab <bio-0> at 0
[    0.064473] ACPI: EC: Look up EC in DSDT
[    0.103824] ACPI: BIOS _OSI(Linux) query ignored
[    0.109583] ACPI: Interpreter enabled
[    0.109586] ACPI: (supports S0 S1 S4 S5)
[    0.109597] ACPI: Using PIC for interrupt routing
[    0.191375] ACPI: No dock devices found.
[    0.192188] ACPI: PCI Root Bridge [PCI0] (0000:00)
[    0.193678] pci 0000:00:07.1: reg 20 io port: [0x10c0-0x10cf]
[    0.194185] pci 0000:00:07.3: quirk: region 1000-103f claimed by PIIX4 ACPI
[    0.194196] pci 0000:00:07.3: quirk: region 1040-104f claimed by PIIX4 SMB
[    0.194720] pci 0000:00:07.7: reg 10 io port: [0x1080-0x10bf]
[    0.195129] pci 0000:00:07.7: reg 14 64bit mmio: [0xc8000000-0xc8001fff]
[    0.196231] pci 0000:00:0f.0: reg 10 io port: [0x10d0-0x10df]
[    0.196268] pci 0000:00:0f.0: reg 14 32bit mmio pref: [0xd0000000-0xd7ffffff]
[    0.196305] pci 0000:00:0f.0: reg 18 32bit mmio: [0xc8800000-0xc8ffffff]
[    0.196442] pci 0000:00:0f.0: reg 30 32bit mmio pref: [0x000000-0x007fff]
[    0.196969] pci 0000:00:10.0: reg 10 io port: [0x1400-0x14ff]
[    0.197317] pci 0000:00:10.0: reg 14 64bit mmio: [0xc8040000-0xc805ffff]
[    0.197659] pci 0000:00:10.0: reg 1c 64bit mmio: [0xc8020000-0xc803ffff]
[    0.197730] pci 0000:00:10.0: reg 30 32bit mmio pref: [0x000000-0x003fff]
[    0.199057] pci 0000:00:15.0: PME# supported from D0 D3hot D3cold
[    0.199076] pci 0000:00:15.0: PME# disabled
[    0.199908] pci 0000:00:15.1: PME# supported from D0 D3hot D3cold
[    0.199927] pci 0000:00:15.1: PME# disabled
[    0.200728] pci 0000:00:15.2: PME# supported from D0 D3hot D3cold
[    0.200747] pci 0000:00:15.2: PME# disabled
[    0.201587] pci 0000:00:15.3: PME# supported from D0 D3hot D3cold
[    0.201605] pci 0000:00:15.3: PME# disabled
[    0.202457] pci 0000:00:15.4: PME# supported from D0 D3hot D3cold
[    0.202476] pci 0000:00:15.4: PME# disabled
[    0.203311] pci 0000:00:15.5: PME# supported from D0 D3hot D3cold
[    0.203329] pci 0000:00:15.5: PME# disabled
[    0.204160] pci 0000:00:15.6: PME# supported from D0 D3hot D3cold
[    0.204179] pci 0000:00:15.6: PME# disabled
[    0.205001] pci 0000:00:15.7: PME# supported from D0 D3hot D3cold
[    0.205021] pci 0000:00:15.7: PME# disabled
[    0.205854] pci 0000:00:16.0: PME# supported from D0 D3hot D3cold
[    0.205874] pci 0000:00:16.0: PME# disabled
[    0.206742] pci 0000:00:16.1: PME# supported from D0 D3hot D3cold
[    0.206761] pci 0000:00:16.1: PME# disabled
[    0.207631] pci 0000:00:16.2: PME# supported from D0 D3hot D3cold
[    0.207650] pci 0000:00:16.2: PME# disabled
[    0.208484] pci 0000:00:16.3: PME# supported from D0 D3hot D3cold
[    0.208502] pci 0000:00:16.3: PME# disabled
[    0.209331] pci 0000:00:16.4: PME# supported from D0 D3hot D3cold
[    0.209350] pci 0000:00:16.4: PME# disabled
[    0.210181] pci 0000:00:16.5: PME# supported from D0 D3hot D3cold
[    0.210199] pci 0000:00:16.5: PME# disabled
[    0.211026] pci 0000:00:16.6: PME# supported from D0 D3hot D3cold
[    0.211045] pci 0000:00:16.6: PME# disabled
[    0.211883] pci 0000:00:16.7: PME# supported from D0 D3hot D3cold
[    0.211902] pci 0000:00:16.7: PME# disabled
[    0.212702] pci 0000:00:17.0: PME# supported from D0 D3hot D3cold
[    0.212720] pci 0000:00:17.0: PME# disabled
[    0.213541] pci 0000:00:17.1: PME# supported from D0 D3hot D3cold
[    0.213559] pci 0000:00:17.1: PME# disabled
[    0.214379] pci 0000:00:17.2: PME# supported from D0 D3hot D3cold
[    0.214398] pci 0000:00:17.2: PME# disabled
[    0.215226] pci 0000:00:17.3: PME# supported from D0 D3hot D3cold
[    0.215245] pci 0000:00:17.3: PME# disabled
[    0.216074] pci 0000:00:17.4: PME# supported from D0 D3hot D3cold
[    0.216093] pci 0000:00:17.4: PME# disabled
[    0.216931] pci 0000:00:17.5: PME# supported from D0 D3hot D3cold
[    0.216950] pci 0000:00:17.5: PME# disabled
[    0.217749] pci 0000:00:17.6: PME# supported from D0 D3hot D3cold
[    0.217768] pci 0000:00:17.6: PME# disabled
[    0.218594] pci 0000:00:17.7: PME# supported from D0 D3hot D3cold
[    0.218612] pci 0000:00:17.7: PME# disabled
[    0.219448] pci 0000:00:18.0: PME# supported from D0 D3hot D3cold
[    0.219476] pci 0000:00:18.0: PME# disabled
[    0.220314] pci 0000:00:18.1: PME# supported from D0 D3hot D3cold
[    0.220333] pci 0000:00:18.1: PME# disabled
[    0.221162] pci 0000:00:18.2: PME# supported from D0 D3hot D3cold
[    0.221180] pci 0000:00:18.2: PME# disabled
[    0.222008] pci 0000:00:18.3: PME# supported from D0 D3hot D3cold
[    0.222027] pci 0000:00:18.3: PME# disabled
[    0.222851] pci 0000:00:18.4: PME# supported from D0 D3hot D3cold
[    0.222870] pci 0000:00:18.4: PME# disabled
[    0.223678] pci 0000:00:18.5: PME# supported from D0 D3hot D3cold
[    0.223697] pci 0000:00:18.5: PME# disabled
[    0.224542] pci 0000:00:18.6: PME# supported from D0 D3hot D3cold
[    0.224561] pci 0000:00:18.6: PME# disabled
[    0.225391] pci 0000:00:18.7: PME# supported from D0 D3hot D3cold
[    0.225410] pci 0000:00:18.7: PME# disabled
[    0.226444] pci 0000:02:00.0: reg 20 io port: [0x20c0-0x20df]
[    0.226933] pci 0000:02:01.0: reg 10 io port: [0x2000-0x207f]
[    0.227136] pci 0000:02:01.0: reg 30 32bit mmio pref: [0x000000-0x00ffff]
[    0.227659] pci 0000:02:02.0: reg 10 io port: [0x2080-0x20bf]
[    0.228231] pci 0000:02:03.0: reg 10 32bit mmio: [0xc9000000-0xc9000fff]
[    0.228754] pci 0000:00:11.0: transparent bridge
[    0.228782] pci 0000:00:11.0: bridge io port: [0x2000-0x3fff]
[    0.228803] pci 0000:00:11.0: bridge 32bit mmio: [0xc9000000-0xca3fffff]
[    0.228848] pci 0000:00:11.0: bridge 64bit mmio pref: [0xd8400000-0xd89fffff]
[    0.229183] pci 0000:00:15.0: bridge io port: [0x4000-0x4fff]
[    0.229202] pci 0000:00:15.0: bridge 32bit mmio: [0xca400000-0xca4fffff]
[    0.229238] pci 0000:00:15.0: bridge 64bit mmio pref: [0xd8a00000-0xd8afffff]
[    0.229574] pci 0000:00:15.1: bridge io port: [0x8000-0x8fff]
[    0.229593] pci 0000:00:15.1: bridge 32bit mmio: [0xca800000-0xca8fffff]
[    0.229629] pci 0000:00:15.1: bridge 64bit mmio pref: [0xd8e00000-0xd8efffff]
[    0.229990] pci 0000:00:15.2: bridge io port: [0xc000-0xcfff]
[    0.230009] pci 0000:00:15.2: bridge 32bit mmio: [0xcac00000-0xcacfffff]
[    0.230044] pci 0000:00:15.2: bridge 64bit mmio pref: [0xd9200000-0xd92fffff]
[    0.230402] pci 0000:00:15.3: bridge 32bit mmio: [0xcb000000-0xcb0fffff]
[    0.230438] pci 0000:00:15.3: bridge 64bit mmio pref: [0xd9600000-0xd96fffff]
[    0.230807] pci 0000:00:15.4: bridge 32bit mmio: [0xcb400000-0xcb4fffff]
[    0.230852] pci 0000:00:15.4: bridge 64bit mmio pref: [0xd9a00000-0xd9afffff]
[    0.231204] pci 0000:00:15.5: bridge 32bit mmio: [0xcb800000-0xcb8fffff]
[    0.231240] pci 0000:00:15.5: bridge 64bit mmio pref: [0xd9e00000-0xd9efffff]
[    0.231592] pci 0000:00:15.6: bridge 32bit mmio: [0xcbc00000-0xcbcfffff]
[    0.231628] pci 0000:00:15.6: bridge 64bit mmio pref: [0xda200000-0xda2fffff]
[    0.232025] pci 0000:00:15.7: bridge 32bit mmio: [0xcc000000-0xcc0fffff]
[    0.232060] pci 0000:00:15.7: bridge 64bit mmio pref: [0xda600000-0xda6fffff]
[    0.232397] pci 0000:00:16.0: bridge io port: [0x5000-0x5fff]
[    0.232416] pci 0000:00:16.0: bridge 32bit mmio: [0xca500000-0xca5fffff]
[    0.232451] pci 0000:00:16.0: bridge 64bit mmio pref: [0xd8b00000-0xd8bfffff]
[    0.232810] pci 0000:00:16.1: bridge io port: [0x9000-0x9fff]
[    0.232837] pci 0000:00:16.1: bridge 32bit mmio: [0xca900000-0xca9fffff]
[    0.232873] pci 0000:00:16.1: bridge 64bit mmio pref: [0xd8f00000-0xd8ffffff]
[    0.233209] pci 0000:00:16.2: bridge io port: [0xd000-0xdfff]
[    0.233228] pci 0000:00:16.2: bridge 32bit mmio: [0xcad00000-0xcadfffff]
[    0.233264] pci 0000:00:16.2: bridge 64bit mmio pref: [0xd9300000-0xd93fffff]
[    0.233616] pci 0000:00:16.3: bridge 32bit mmio: [0xcb100000-0xcb1fffff]
[    0.233652] pci 0000:00:16.3: bridge 64bit mmio pref: [0xd9700000-0xd97fffff]
[    0.234024] pci 0000:00:16.4: bridge 32bit mmio: [0xcb500000-0xcb5fffff]
[    0.234060] pci 0000:00:16.4: bridge 64bit mmio pref: [0xd9b00000-0xd9bfffff]
[    0.234412] pci 0000:00:16.5: bridge 32bit mmio: [0xcb900000-0xcb9fffff]
[    0.234448] pci 0000:00:16.5: bridge 64bit mmio pref: [0xd9f00000-0xd9ffffff]
[    0.234828] pci 0000:00:16.6: bridge 32bit mmio: [0xcbd00000-0xcbdfffff]
[    0.234864] pci 0000:00:16.6: bridge 64bit mmio pref: [0xda300000-0xda3fffff]
[    0.235216] pci 0000:00:16.7: bridge 32bit mmio: [0xcc100000-0xcc1fffff]
[    0.235252] pci 0000:00:16.7: bridge 64bit mmio pref: [0xda700000-0xda7fffff]
[    0.235587] pci 0000:00:17.0: bridge io port: [0x6000-0x6fff]
[    0.235606] pci 0000:00:17.0: bridge 32bit mmio: [0xca600000-0xca6fffff]
[    0.235650] pci 0000:00:17.0: bridge 64bit mmio pref: [0xd8c00000-0xd8cfffff]
[    0.236019] pci 0000:00:17.1: bridge io port: [0xa000-0xafff]
[    0.236040] pci 0000:00:17.1: bridge 32bit mmio: [0xcaa00000-0xcaafffff]
[    0.236086] pci 0000:00:17.1: bridge 64bit mmio pref: [0xd9000000-0xd90fffff]
[    0.236422] pci 0000:00:17.2: bridge io port: [0xe000-0xefff]
[    0.236441] pci 0000:00:17.2: bridge 32bit mmio: [0xcae00000-0xcaefffff]
[    0.236477] pci 0000:00:17.2: bridge 64bit mmio pref: [0xd9400000-0xd94fffff]
[    0.236855] pci 0000:00:17.3: bridge 32bit mmio: [0xcb200000-0xcb2fffff]
[    0.236891] pci 0000:00:17.3: bridge 64bit mmio pref: [0xd9800000-0xd98fffff]
[    0.237245] pci 0000:00:17.4: bridge 32bit mmio: [0xcb600000-0xcb6fffff]
[    0.237280] pci 0000:00:17.4: bridge 64bit mmio pref: [0xd9c00000-0xd9cfffff]
[    0.237634] pci 0000:00:17.5: bridge 32bit mmio: [0xcba00000-0xcbafffff]
[    0.237670] pci 0000:00:17.5: bridge 64bit mmio pref: [0xda000000-0xda0fffff]
[    0.238029] pci 0000:00:17.6: bridge 32bit mmio: [0xcbe00000-0xcbefffff]
[    0.238064] pci 0000:00:17.6: bridge 64bit mmio pref: [0xda400000-0xda4fffff]
[    0.238418] pci 0000:00:17.7: bridge 32bit mmio: [0xcc200000-0xcc2fffff]
[    0.238454] pci 0000:00:17.7: bridge 64bit mmio pref: [0xda800000-0xda8fffff]
[    0.238817] pci 0000:00:18.0: bridge io port: [0x7000-0x7fff]
[    0.238835] pci 0000:00:18.0: bridge 32bit mmio: [0xca700000-0xca7fffff]
[    0.238871] pci 0000:00:18.0: bridge 64bit mmio pref: [0xd8d00000-0xd8dfffff]
[    0.239207] pci 0000:00:18.1: bridge io port: [0xb000-0xbfff]
[    0.239226] pci 0000:00:18.1: bridge 32bit mmio: [0xcab00000-0xcabfffff]
[    0.239262] pci 0000:00:18.1: bridge 64bit mmio pref: [0xd9100000-0xd91fffff]
[    0.239597] pci 0000:00:18.2: bridge io port: [0xf000-0xffff]
[    0.239616] pci 0000:00:18.2: bridge 32bit mmio: [0xcaf00000-0xcaffffff]
[    0.239662] pci 0000:00:18.2: bridge 64bit mmio pref: [0xd9500000-0xd95fffff]
[    0.240041] pci 0000:00:18.3: bridge 32bit mmio: [0xcb300000-0xcb3fffff]
[    0.240078] pci 0000:00:18.3: bridge 64bit mmio pref: [0xd9900000-0xd99fffff]
[    0.240431] pci 0000:00:18.4: bridge 32bit mmio: [0xcb700000-0xcb7fffff]
[    0.240467] pci 0000:00:18.4: bridge 64bit mmio pref: [0xd9d00000-0xd9dfffff]
[    0.240846] pci 0000:00:18.5: bridge 32bit mmio: [0xcbb00000-0xcbbfffff]
[    0.240882] pci 0000:00:18.5: bridge 64bit mmio pref: [0xda100000-0xda1fffff]
[    0.241234] pci 0000:00:18.6: bridge 32bit mmio: [0xcbf00000-0xcbffffff]
[    0.241269] pci 0000:00:18.6: bridge 64bit mmio pref: [0xda500000-0xda5fffff]
[    0.241623] pci 0000:00:18.7: bridge 32bit mmio: [0xcc300000-0xcc3fffff]
[    0.241658] pci 0000:00:18.7: bridge 64bit mmio pref: [0xda900000-0xda9fffff]
[    0.243105] pci_bus 0000:00: on NUMA node 0
[    0.243111] ACPI: PCI Interrupt Routing Table [\_SB_.PCI0._PRT]
[    0.462608] ACPI: PCI Interrupt Link [LNKA] (IRQs 3 4 5 6 7 *9 10 11 14 15)
[    0.462764] ACPI: PCI Interrupt Link [LNKB] (IRQs 3 4 5 6 7 9 10 *11 14 15)
[    0.462915] ACPI: PCI Interrupt Link [LNKC] (IRQs 3 4 5 6 7 9 *10 11 14 15)
[    0.463064] ACPI: PCI Interrupt Link [LNKD] (IRQs 3 4 *5 6 7 9 10 11 14 15)
[    0.463199] vgaarb: device added: PCI:0000:00:0f.0,decodes=io+mem,owns=io+mem,locks=none
[    0.463208] vgaarb: loaded
[    0.463298] SCSI subsystem initialized
[    0.463342] libata version 3.00 loaded.
[    0.463382] usbcore: registered new interface driver usbfs
[    0.463393] usbcore: registered new interface driver hub
[    0.463409] usbcore: registered new device driver usb
[    0.463500] PCI: Using ACPI for IRQ routing
[    0.464462] NetLabel: Initializing
[    0.464463] NetLabel:  domain hash size = 128
[    0.464464] NetLabel:  protocols = UNLABELED CIPSOv4
[    0.464471] NetLabel:  unlabeled traffic allowed by default
[    0.464504] hpet0: at MMIO 0xfed00000, IRQs 2, 8, 0, 0, 0, 0, 0, 0, 0, 0, 0, 0, 0, 0, 0, 0
[    0.464510] hpet0: 16 comparators, 64-bit 14.318180 MHz counter
[    0.467541] Switching to clocksource tsc
[    0.474337] pnp: PnP ACPI init
[    0.474347] ACPI: bus type pnp registered
[    0.515104] pnp: PnP ACPI: found 14 devices
[    0.515106] ACPI: ACPI bus type pnp unregistered
[    0.515109] PnPBIOS: Disabled by ACPI PNP
[    0.515119] system 00:01: ioport range 0x1000-0x103f has been reserved
[    0.515120] system 00:01: ioport range 0x1040-0x104f has been reserved
[    0.515122] system 00:01: ioport range 0xcf0-0xcf1 has been reserved
[    0.515127] system 00:08: iomem range 0xfed00000-0xfed003ff has been reserved
[    0.515131] system 00:0d: ioport range 0x1060-0x107f has been reserved
[    0.515133] system 00:0d: iomem range 0xe0000000-0xefffffff has been reserved
[    0.515134] system 00:0d: iomem range 0xc8200000-0xc83fffff has been reserved
[    0.549800] pci 0000:00:15.3: BAR 13: can't allocate I/O resource [0x10000-0xffff]
[    0.549804] pci 0000:00:15.4: BAR 13: can't allocate I/O resource [0x10000-0xffff]
[    0.549807] pci 0000:00:15.5: BAR 13: can't allocate I/O resource [0x10000-0xffff]
[    0.549810] pci 0000:00:15.6: BAR 13: can't allocate I/O resource [0x10000-0xffff]
[    0.549812] pci 0000:00:15.7: BAR 13: can't allocate I/O resource [0x10000-0xffff]
[    0.549815] pci 0000:00:16.3: BAR 13: can't allocate I/O resource [0x10000-0xffff]
[    0.549826] pci 0000:00:16.4: BAR 13: can't allocate I/O resource [0x10000-0xffff]
[    0.549829] pci 0000:00:16.5: BAR 13: can't allocate I/O resource [0x10000-0xffff]
[    0.549840] pci 0000:00:16.6: BAR 13: can't allocate I/O resource [0x10000-0xffff]
[    0.549844] pci 0000:00:16.7: BAR 13: can't allocate I/O resource [0x10000-0xffff]
[    0.549846] pci 0000:00:17.3: BAR 13: can't allocate I/O resource [0x10000-0xffff]
[    0.549849] pci 0000:00:17.4: BAR 13: can't allocate I/O resource [0x10000-0xffff]
[    0.549852] pci 0000:00:17.5: BAR 13: can't allocate I/O resource [0x10000-0xffff]
[    0.549855] pci 0000:00:17.6: BAR 13: can't allocate I/O resource [0x10000-0xffff]
[    0.549858] pci 0000:00:17.7: BAR 13: can't allocate I/O resource [0x10000-0xffff]
[    0.549870] pci 0000:00:18.3: BAR 13: can't allocate I/O resource [0x10000-0xffff]
[    0.549872] pci 0000:00:18.4: BAR 13: can't allocate I/O resource [0x10000-0xffff]
[    0.549875] pci 0000:00:18.5: BAR 13: can't allocate I/O resource [0x10000-0xffff]
[    0.549877] pci 0000:00:18.6: BAR 13: can't allocate I/O resource [0x10000-0xffff]
[    0.549880] pci 0000:00:18.7: BAR 13: can't allocate I/O resource [0x10000-0xffff]
[    0.549882] pci 0000:00:01.0: PCI bridge, secondary bus 0000:01
[    0.549884] pci 0000:00:01.0:   IO window: disabled
[    0.549913] pci 0000:00:01.0:   MEM window: disabled
[    0.549932] pci 0000:00:01.0:   PREFETCH window: disabled
[    0.549969] pci 0000:00:11.0: PCI bridge, secondary bus 0000:02
[    0.549980] pci 0000:00:11.0:   IO window: 0x2000-0x3fff
[    0.550008] pci 0000:00:11.0:   MEM window: 0xc9000000-0xca3fffff
[    0.550028] pci 0000:00:11.0:   PREFETCH window: 0x000000d8400000-0x000000d89fffff
[    0.550064] pci 0000:00:15.0: PCI bridge, secondary bus 0000:03
[    0.550075] pci 0000:00:15.0:   IO window: 0x4000-0x4fff
[    0.550102] pci 0000:00:15.0:   MEM window: 0xca400000-0xca4fffff
[    0.550122] pci 0000:00:15.0:   PREFETCH window: 0x000000d8a00000-0x000000d8afffff
[    0.550169] pci 0000:00:15.1: PCI bridge, secondary bus 0000:04
[    0.550180] pci 0000:00:15.1:   IO window: 0x8000-0x8fff
[    0.550207] pci 0000:00:15.1:   MEM window: 0xca800000-0xca8fffff
[    0.550227] pci 0000:00:15.1:   PREFETCH window: 0x000000d8e00000-0x000000d8efffff
[    0.550267] pci 0000:00:15.2: PCI bridge, secondary bus 0000:05
[    0.550278] pci 0000:00:15.2:   IO window: 0xc000-0xcfff
[    0.550306] pci 0000:00:15.2:   MEM window: 0xcac00000-0xcacfffff
[    0.550325] pci 0000:00:15.2:   PREFETCH window: 0x000000d9200000-0x000000d92fffff
[    0.550365] pci 0000:00:15.3: PCI bridge, secondary bus 0000:06
[    0.550367] pci 0000:00:15.3:   IO window: disabled
[    0.550394] pci 0000:00:15.3:   MEM window: 0xcb000000-0xcb0fffff
[    0.550414] pci 0000:00:15.3:   PREFETCH window: 0x000000d9600000-0x000000d96fffff
[    0.550453] pci 0000:00:15.4: PCI bridge, secondary bus 0000:07
[    0.550455] pci 0000:00:15.4:   IO window: disabled
[    0.550483] pci 0000:00:15.4:   MEM window: 0xcb400000-0xcb4fffff
[    0.550502] pci 0000:00:15.4:   PREFETCH window: 0x000000d9a00000-0x000000d9afffff
[    0.550542] pci 0000:00:15.5: PCI bridge, secondary bus 0000:08
[    0.550544] pci 0000:00:15.5:   IO window: disabled
[    0.550572] pci 0000:00:15.5:   MEM window: 0xcb800000-0xcb8fffff
[    0.550591] pci 0000:00:15.5:   PREFETCH window: 0x000000d9e00000-0x000000d9efffff
[    0.550631] pci 0000:00:15.6: PCI bridge, secondary bus 0000:09
[    0.550632] pci 0000:00:15.6:   IO window: disabled
[    0.550660] pci 0000:00:15.6:   MEM window: 0xcbc00000-0xcbcfffff
[    0.550679] pci 0000:00:15.6:   PREFETCH window: 0x000000da200000-0x000000da2fffff
[    0.550719] pci 0000:00:15.7: PCI bridge, secondary bus 0000:0a
[    0.550720] pci 0000:00:15.7:   IO window: disabled
[    0.550748] pci 0000:00:15.7:   MEM window: 0xcc000000-0xcc0fffff
[    0.550767] pci 0000:00:15.7:   PREFETCH window: 0x000000da600000-0x000000da6fffff
[    0.550807] pci 0000:00:16.0: PCI bridge, secondary bus 0000:0b
[    0.550826] pci 0000:00:16.0:   IO window: 0x5000-0x5fff
[    0.550872] pci 0000:00:16.0:   MEM window: 0xca500000-0xca5fffff
[    0.550891] pci 0000:00:16.0:   PREFETCH window: 0x000000d8b00000-0x000000d8bfffff
[    0.550932] pci 0000:00:16.1: PCI bridge, secondary bus 0000:0c
[    0.550943] pci 0000:00:16.1:   IO window: 0x9000-0x9fff
[    0.550971] pci 0000:00:16.1:   MEM window: 0xca900000-0xca9fffff
[    0.550990] pci 0000:00:16.1:   PREFETCH window: 0x000000d8f00000-0x000000d8ffffff
[    0.551030] pci 0000:00:16.2: PCI bridge, secondary bus 0000:0d
[    0.551041] pci 0000:00:16.2:   IO window: 0xd000-0xdfff
[    0.551068] pci 0000:00:16.2:   MEM window: 0xcad00000-0xcadfffff
[    0.551087] pci 0000:00:16.2:   PREFETCH window: 0x000000d9300000-0x000000d93fffff
[    0.551127] pci 0000:00:16.3: PCI bridge, secondary bus 0000:0e
[    0.551129] pci 0000:00:16.3:   IO window: disabled
[    0.551157] pci 0000:00:16.3:   MEM window: 0xcb100000-0xcb1fffff
[    0.551176] pci 0000:00:16.3:   PREFETCH window: 0x000000d9700000-0x000000d97fffff
[    0.551215] pci 0000:00:16.4: PCI bridge, secondary bus 0000:0f
[    0.551217] pci 0000:00:16.4:   IO window: disabled
[    0.551245] pci 0000:00:16.4:   MEM window: 0xcb500000-0xcb5fffff
[    0.551264] pci 0000:00:16.4:   PREFETCH window: 0x000000d9b00000-0x000000d9bfffff
[    0.551304] pci 0000:00:16.5: PCI bridge, secondary bus 0000:10
[    0.551305] pci 0000:00:16.5:   IO window: disabled
[    0.551333] pci 0000:00:16.5:   MEM window: 0xcb900000-0xcb9fffff
[    0.551352] pci 0000:00:16.5:   PREFETCH window: 0x000000d9f00000-0x000000d9ffffff
[    0.551392] pci 0000:00:16.6: PCI bridge, secondary bus 0000:11
[    0.551393] pci 0000:00:16.6:   IO window: disabled
[    0.551421] pci 0000:00:16.6:   MEM window: 0xcbd00000-0xcbdfffff
[    0.551440] pci 0000:00:16.6:   PREFETCH window: 0x000000da300000-0x000000da3fffff
[    0.551488] pci 0000:00:16.7: PCI bridge, secondary bus 0000:12
[    0.551489] pci 0000:00:16.7:   IO window: disabled
[    0.551517] pci 0000:00:16.7:   MEM window: 0xcc100000-0xcc1fffff
[    0.551537] pci 0000:00:16.7:   PREFETCH window: 0x000000da700000-0x000000da7fffff
[    0.551576] pci 0000:00:17.0: PCI bridge, secondary bus 0000:13
[    0.551588] pci 0000:00:17.0:   IO window: 0x6000-0x6fff
[    0.551615] pci 0000:00:17.0:   MEM window: 0xca600000-0xca6fffff
[    0.551635] pci 0000:00:17.0:   PREFETCH window: 0x000000d8c00000-0x000000d8cfffff
[    0.551674] pci 0000:00:17.1: PCI bridge, secondary bus 0000:14
[    0.551685] pci 0000:00:17.1:   IO window: 0xa000-0xafff
[    0.551713] pci 0000:00:17.1:   MEM window: 0xcaa00000-0xcaafffff
[    0.551732] pci 0000:00:17.1:   PREFETCH window: 0x000000d9000000-0x000000d90fffff
[    0.551772] pci 0000:00:17.2: PCI bridge, secondary bus 0000:15
[    0.551783] pci 0000:00:17.2:   IO window: 0xe000-0xefff
[    0.551831] pci 0000:00:17.2:   MEM window: 0xcae00000-0xcaefffff
[    0.551854] pci 0000:00:17.2:   PREFETCH window: 0x000000d9400000-0x000000d94fffff
[    0.551904] pci 0000:00:17.3: PCI bridge, secondary bus 0000:16
[    0.551905] pci 0000:00:17.3:   IO window: disabled
[    0.551933] pci 0000:00:17.3:   MEM window: 0xcb200000-0xcb2fffff
[    0.551952] pci 0000:00:17.3:   PREFETCH window: 0x000000d9800000-0x000000d98fffff
[    0.551992] pci 0000:00:17.4: PCI bridge, secondary bus 0000:17
[    0.551993] pci 0000:00:17.4:   IO window: disabled
[    0.552021] pci 0000:00:17.4:   MEM window: 0xcb600000-0xcb6fffff
[    0.552040] pci 0000:00:17.4:   PREFETCH window: 0x000000d9c00000-0x000000d9cfffff
[    0.552080] pci 0000:00:17.5: PCI bridge, secondary bus 0000:18
[    0.552082] pci 0000:00:17.5:   IO window: disabled
[    0.552109] pci 0000:00:17.5:   MEM window: 0xcba00000-0xcbafffff
[    0.552129] pci 0000:00:17.5:   PREFETCH window: 0x000000da000000-0x000000da0fffff
[    0.552168] pci 0000:00:17.6: PCI bridge, secondary bus 0000:19
[    0.552170] pci 0000:00:17.6:   IO window: disabled
[    0.552198] pci 0000:00:17.6:   MEM window: 0xcbe00000-0xcbefffff
[    0.552217] pci 0000:00:17.6:   PREFETCH window: 0x000000da400000-0x000000da4fffff
[    0.552256] pci 0000:00:17.7: PCI bridge, secondary bus 0000:1a
[    0.552258] pci 0000:00:17.7:   IO window: disabled
[    0.552286] pci 0000:00:17.7:   MEM window: 0xcc200000-0xcc2fffff
[    0.552305] pci 0000:00:17.7:   PREFETCH window: 0x000000da800000-0x000000da8fffff
[    0.552344] pci 0000:00:18.0: PCI bridge, secondary bus 0000:1b
[    0.552356] pci 0000:00:18.0:   IO window: 0x7000-0x7fff
[    0.552383] pci 0000:00:18.0:   MEM window: 0xca700000-0xca7fffff
[    0.552403] pci 0000:00:18.0:   PREFETCH window: 0x000000d8d00000-0x000000d8dfffff
[    0.552442] pci 0000:00:18.1: PCI bridge, secondary bus 0000:1c
[    0.552453] pci 0000:00:18.1:   IO window: 0xb000-0xbfff
[    0.552481] pci 0000:00:18.1:   MEM window: 0xcab00000-0xcabfffff
[    0.552500] pci 0000:00:18.1:   PREFETCH window: 0x000000d9100000-0x000000d91fffff
[    0.552540] pci 0000:00:18.2: PCI bridge, secondary bus 0000:1d
[    0.552551] pci 0000:00:18.2:   IO window: 0xf000-0xffff
[    0.552578] pci 0000:00:18.2:   MEM window: 0xcaf00000-0xcaffffff
[    0.552597] pci 0000:00:18.2:   PREFETCH window: 0x000000d9500000-0x000000d95fffff
[    0.552637] pci 0000:00:18.3: PCI bridge, secondary bus 0000:1e
[    0.552639] pci 0000:00:18.3:   IO window: disabled
[    0.552666] pci 0000:00:18.3:   MEM window: 0xcb300000-0xcb3fffff
[    0.552686] pci 0000:00:18.3:   PREFETCH window: 0x000000d9900000-0x000000d99fffff
[    0.552725] pci 0000:00:18.4: PCI bridge, secondary bus 0000:1f
[    0.552727] pci 0000:00:18.4:   IO window: disabled
[    0.552755] pci 0000:00:18.4:   MEM window: 0xcb700000-0xcb7fffff
[    0.552774] pci 0000:00:18.4:   PREFETCH window: 0x000000d9d00000-0x000000d9dfffff
[    0.552829] pci 0000:00:18.5: PCI bridge, secondary bus 0000:20
[    0.552831] pci 0000:00:18.5:   IO window: disabled
[    0.552868] pci 0000:00:18.5:   MEM window: 0xcbb00000-0xcbbfffff
[    0.552887] pci 0000:00:18.5:   PREFETCH window: 0x000000da100000-0x000000da1fffff
[    0.552927] pci 0000:00:18.6: PCI bridge, secondary bus 0000:21
[    0.552929] pci 0000:00:18.6:   IO window: disabled
[    0.552957] pci 0000:00:18.6:   MEM window: 0xcbf00000-0xcbffffff
[    0.552976] pci 0000:00:18.6:   PREFETCH window: 0x000000da500000-0x000000da5fffff
[    0.553016] pci 0000:00:18.7: PCI bridge, secondary bus 0000:22
[    0.553018] pci 0000:00:18.7:   IO window: disabled
[    0.553045] pci 0000:00:18.7:   MEM window: 0xcc300000-0xcc3fffff
[    0.553065] pci 0000:00:18.7:   PREFETCH window: 0x000000da900000-0x000000da9fffff
[    0.553133] pci 0000:00:01.0: setting latency timer to 64
[    0.553223] pci 0000:00:15.0: setting latency timer to 64
[    0.553286] pci 0000:00:15.1: setting latency timer to 64
[    0.553348] pci 0000:00:15.2: setting latency timer to 64
[    0.553410] pci 0000:00:15.3: setting latency timer to 64
[    0.553472] pci 0000:00:15.4: setting latency timer to 64
[    0.553534] pci 0000:00:15.5: setting latency timer to 64
[    0.553596] pci 0000:00:15.6: setting latency timer to 64
[    0.553658] pci 0000:00:15.7: setting latency timer to 64
[    0.553720] pci 0000:00:16.0: setting latency timer to 64
[    0.553782] pci 0000:00:16.1: setting latency timer to 64
[    0.553890] pci 0000:00:16.2: setting latency timer to 64
[    0.554007] pci 0000:00:16.3: setting latency timer to 64
[    0.554075] pci 0000:00:16.4: setting latency timer to 64
[    0.554137] pci 0000:00:16.5: setting latency timer to 64
[    0.554199] pci 0000:00:16.6: setting latency timer to 64
[    0.554262] pci 0000:00:16.7: setting latency timer to 64
[    0.554324] pci 0000:00:17.0: setting latency timer to 64
[    0.554386] pci 0000:00:17.1: setting latency timer to 64
[    0.554448] pci 0000:00:17.2: setting latency timer to 64
[    0.554510] pci 0000:00:17.3: setting latency timer to 64
[    0.554573] pci 0000:00:17.4: setting latency timer to 64
[    0.554635] pci 0000:00:17.5: setting latency timer to 64
[    0.554697] pci 0000:00:17.6: setting latency timer to 64
[    0.554759] pci 0000:00:17.7: setting latency timer to 64
[    0.554841] pci 0000:00:18.0: setting latency timer to 64
[    0.554913] pci 0000:00:18.1: setting latency timer to 64
[    0.554976] pci 0000:00:18.2: setting latency timer to 64
[    0.555038] pci 0000:00:18.3: setting latency timer to 64
[    0.555100] pci 0000:00:18.4: setting latency timer to 64
[    0.555163] pci 0000:00:18.5: setting latency timer to 64
[    0.555225] pci 0000:00:18.6: setting latency timer to 64
[    0.555287] pci 0000:00:18.7: setting latency timer to 64
[    0.555299] pci_bus 0000:00: resource 0 io:  [0x00-0xffff]
[    0.555301] pci_bus 0000:00: resource 1 mem: [0x000000-0xffffffffffffffff]
[    0.555303] pci_bus 0000:02: resource 0 io:  [0x2000-0x3fff]
[    0.555305] pci_bus 0000:02: resource 1 mem: [0xc9000000-0xca3fffff]
[    0.555307] pci_bus 0000:02: resource 2 pref mem [0xd8400000-0xd89fffff]
[    0.555309] pci_bus 0000:02: resource 3 io:  [0x00-0xffff]
[    0.555311] pci_bus 0000:02: resource 4 mem: [0x000000-0xffffffffffffffff]
[    0.555313] pci_bus 0000:03: resource 0 io:  [0x4000-0x4fff]
[    0.555314] pci_bus 0000:03: resource 1 mem: [0xca400000-0xca4fffff]
[    0.555316] pci_bus 0000:03: resource 2 pref mem [0xd8a00000-0xd8afffff]
[    0.555318] pci_bus 0000:04: resource 0 io:  [0x8000-0x8fff]
[    0.555320] pci_bus 0000:04: resource 1 mem: [0xca800000-0xca8fffff]
[    0.555322] pci_bus 0000:04: resource 2 pref mem [0xd8e00000-0xd8efffff]
[    0.555323] pci_bus 0000:05: resource 0 io:  [0xc000-0xcfff]
[    0.555325] pci_bus 0000:05: resource 1 mem: [0xcac00000-0xcacfffff]
[    0.555327] pci_bus 0000:05: resource 2 pref mem [0xd9200000-0xd92fffff]
[    0.555329] pci_bus 0000:06: resource 1 mem: [0xcb000000-0xcb0fffff]
[    0.555331] pci_bus 0000:06: resource 2 pref mem [0xd9600000-0xd96fffff]
[    0.555332] pci_bus 0000:07: resource 1 mem: [0xcb400000-0xcb4fffff]
[    0.555334] pci_bus 0000:07: resource 2 pref mem [0xd9a00000-0xd9afffff]
[    0.555336] pci_bus 0000:08: resource 1 mem: [0xcb800000-0xcb8fffff]
[    0.555338] pci_bus 0000:08: resource 2 pref mem [0xd9e00000-0xd9efffff]
[    0.555340] pci_bus 0000:09: resource 1 mem: [0xcbc00000-0xcbcfffff]
[    0.555341] pci_bus 0000:09: resource 2 pref mem [0xda200000-0xda2fffff]
[    0.555343] pci_bus 0000:0a: resource 1 mem: [0xcc000000-0xcc0fffff]
[    0.555345] pci_bus 0000:0a: resource 2 pref mem [0xda600000-0xda6fffff]
[    0.555347] pci_bus 0000:0b: resource 0 io:  [0x5000-0x5fff]
[    0.555349] pci_bus 0000:0b: resource 1 mem: [0xca500000-0xca5fffff]
[    0.555350] pci_bus 0000:0b: resource 2 pref mem [0xd8b00000-0xd8bfffff]
[    0.555352] pci_bus 0000:0c: resource 0 io:  [0x9000-0x9fff]
[    0.555354] pci_bus 0000:0c: resource 1 mem: [0xca900000-0xca9fffff]
[    0.555356] pci_bus 0000:0c: resource 2 pref mem [0xd8f00000-0xd8ffffff]
[    0.555357] pci_bus 0000:0d: resource 0 io:  [0xd000-0xdfff]
[    0.555359] pci_bus 0000:0d: resource 1 mem: [0xcad00000-0xcadfffff]
[    0.555361] pci_bus 0000:0d: resource 2 pref mem [0xd9300000-0xd93fffff]
[    0.555363] pci_bus 0000:0e: resource 1 mem: [0xcb100000-0xcb1fffff]
[    0.555365] pci_bus 0000:0e: resource 2 pref mem [0xd9700000-0xd97fffff]
[    0.555366] pci_bus 0000:0f: resource 1 mem: [0xcb500000-0xcb5fffff]
[    0.555368] pci_bus 0000:0f: resource 2 pref mem [0xd9b00000-0xd9bfffff]
[    0.555370] pci_bus 0000:10: resource 1 mem: [0xcb900000-0xcb9fffff]
[    0.555372] pci_bus 0000:10: resource 2 pref mem [0xd9f00000-0xd9ffffff]
[    0.555374] pci_bus 0000:11: resource 1 mem: [0xcbd00000-0xcbdfffff]
[    0.555376] pci_bus 0000:11: resource 2 pref mem [0xda300000-0xda3fffff]
[    0.555377] pci_bus 0000:12: resource 1 mem: [0xcc100000-0xcc1fffff]
[    0.555379] pci_bus 0000:12: resource 2 pref mem [0xda700000-0xda7fffff]
[    0.555381] pci_bus 0000:13: resource 0 io:  [0x6000-0x6fff]
[    0.555383] pci_bus 0000:13: resource 1 mem: [0xca600000-0xca6fffff]
[    0.555384] pci_bus 0000:13: resource 2 pref mem [0xd8c00000-0xd8cfffff]
[    0.555386] pci_bus 0000:14: resource 0 io:  [0xa000-0xafff]
[    0.555388] pci_bus 0000:14: resource 1 mem: [0xcaa00000-0xcaafffff]
[    0.555390] pci_bus 0000:14: resource 2 pref mem [0xd9000000-0xd90fffff]
[    0.555392] pci_bus 0000:15: resource 0 io:  [0xe000-0xefff]
[    0.555393] pci_bus 0000:15: resource 1 mem: [0xcae00000-0xcaefffff]
[    0.555395] pci_bus 0000:15: resource 2 pref mem [0xd9400000-0xd94fffff]
[    0.555397] pci_bus 0000:16: resource 1 mem: [0xcb200000-0xcb2fffff]
[    0.555399] pci_bus 0000:16: resource 2 pref mem [0xd9800000-0xd98fffff]
[    0.555401] pci_bus 0000:17: resource 1 mem: [0xcb600000-0xcb6fffff]
[    0.555402] pci_bus 0000:17: resource 2 pref mem [0xd9c00000-0xd9cfffff]
[    0.555404] pci_bus 0000:18: resource 1 mem: [0xcba00000-0xcbafffff]
[    0.555406] pci_bus 0000:18: resource 2 pref mem [0xda000000-0xda0fffff]
[    0.555408] pci_bus 0000:19: resource 1 mem: [0xcbe00000-0xcbefffff]
[    0.555410] pci_bus 0000:19: resource 2 pref mem [0xda400000-0xda4fffff]
[    0.555412] pci_bus 0000:1a: resource 1 mem: [0xcc200000-0xcc2fffff]
[    0.555413] pci_bus 0000:1a: resource 2 pref mem [0xda800000-0xda8fffff]
[    0.555415] pci_bus 0000:1b: resource 0 io:  [0x7000-0x7fff]
[    0.555417] pci_bus 0000:1b: resource 1 mem: [0xca700000-0xca7fffff]
[    0.555419] pci_bus 0000:1b: resource 2 pref mem [0xd8d00000-0xd8dfffff]
[    0.555420] pci_bus 0000:1c: resource 0 io:  [0xb000-0xbfff]
[    0.555422] pci_bus 0000:1c: resource 1 mem: [0xcab00000-0xcabfffff]
[    0.555424] pci_bus 0000:1c: resource 2 pref mem [0xd9100000-0xd91fffff]
[    0.555426] pci_bus 0000:1d: resource 0 io:  [0xf000-0xffff]
[    0.555427] pci_bus 0000:1d: resource 1 mem: [0xcaf00000-0xcaffffff]
[    0.555429] pci_bus 0000:1d: resource 2 pref mem [0xd9500000-0xd95fffff]
[    0.555431] pci_bus 0000:1e: resource 1 mem: [0xcb300000-0xcb3fffff]
[    0.555433] pci_bus 0000:1e: resource 2 pref mem [0xd9900000-0xd99fffff]
[    0.555435] pci_bus 0000:1f: resource 1 mem: [0xcb700000-0xcb7fffff]
[    0.555436] pci_bus 0000:1f: resource 2 pref mem [0xd9d00000-0xd9dfffff]
[    0.555438] pci_bus 0000:20: resource 1 mem: [0xcbb00000-0xcbbfffff]
[    0.555440] pci_bus 0000:20: resource 2 pref mem [0xda100000-0xda1fffff]
[    0.555442] pci_bus 0000:21: resource 1 mem: [0xcbf00000-0xcbffffff]
[    0.555442] pci_bus 0000:21: resource 2 pref mem [0xda500000-0xda5fffff]
[    0.555442] pci_bus 0000:22: resource 1 mem: [0xcc300000-0xcc3fffff]
[    0.555442] pci_bus 0000:22: resource 2 pref mem [0xda900000-0xda9fffff]
[    0.555442] NET: Registered protocol family 2
[    0.555442] RANDOM - __random32 called. Change num 7.  Value: 55ede565	148ebb7a	8e9cdd7f
[    0.555443] RANDOM - random32 called.  Value: 55ede565	148ebb7a	8e9cdd7f
[    0.555443] random 0000 0000 0000 00000000 00000000: rand_read_num 2 get_random_bytes(4): sig fffffe1a 00000000 00000000
[    0.555443] random 0000 0000 0000 00000000 00000000: extract_entropy(.. 4 ..)
[    0.555443] random 0000 0000 0000 00000000 00000000: going to reseed nonblocking with 64 bits (32 of 0 requested)
[    0.555443] random 0000 0000 0000 00000000 00000000: extract_entropy(.. 8 ..)
[    0.555443] random 0000 0000 0000 00000000 00000000: trying to extract 64 bits from input
[    0.555443] random 0000 0000 0000 00000000 00000000: debiting 0 entropy credits from input
[    0.555443] random 0000 0000 0000 00000000 00000000: extract_entropy account returned: 0 
[    0.555443] random 0000 0000 0000 00000000 00000000: urand_change_num 3 xfer_secondary_pool(4): pool_sig fffffe1a, data_sig 00000000, bytes_mixed 0 00000000 00000000
[    0.555443] random 0000 0000 0000 00000000 00000000: trying to extract 32 bits from nonblocking
[    0.555443] random 0000 0000 0000 00000000 00000000: debiting 32 entropy credits from nonblocking (unlimited)
[    0.555443] random 0000 0000 0000 00000000 00000000: extract_entropy account returned: 4 
[    0.555443] random 0000 0000 0000 00000000 00000000: urand_change_num 4 extract_buf: pool_sig fffffe1a, data_sig fffffed7, bytes_mixed 20 00000000 00000000
[    0.555443] IP route cache hash table entries: 32768 (order: 5, 131072 bytes)
[    0.555443] RANDOM - __random32 called. Change num 8.  Value: de565d28	48ebb7a3	baff4f46
[    0.555443] RANDOM - random32 called.  Value: de565d28	48ebb7a3	baff4f46
[    0.555443] RANDOM - __random32 called. Change num 9.  Value: 65d282be	8ebb7a35	9e8da0a6
[    0.555443] RANDOM - random32 called.  Value: 65d282be	8ebb7a35	9e8da0a6
[    0.555443] RANDOM - __random32 called. Change num 10.  Value: 282be6b0	ebb7a35a	414d5c14
[    0.555443] RANDOM - random32 called.  Value: 282be6b0	ebb7a35a	414d5c14
[    0.555443] RANDOM - __random32 called. Change num 11.  Value: be6b0a9f	bb7a35a2	b82964f7
[    0.555443] RANDOM - random32 called.  Value: be6b0a9f	bb7a35a2	b82964f7
[    0.555443] TCP established hash table entries: 131072 (order: 8, 1048576 bytes)
[    0.555588] TCP bind hash table entries: 65536 (order: 7, 524288 bytes)
[    0.555709] TCP: Hash tables configured (established 131072 bind 65536)
[    0.555711] TCP reno registered
[    0.555748] NET: Registered protocol family 1
[    0.555756] pci 0000:00:00.0: Limiting direct PCI/PCI transfers
[    0.555776] pci 0000:00:0f.0: Boot video device
[    0.555962] Trying to unpack rootfs image as initramfs...
[    1.637919] Freeing initrd memory: 83430k freed
[    1.641941] Simple Boot Flag at 0x36 set to 0x1
[    1.641985] cpufreq-nforce2: No nForce2 chipset.
[    1.641999] Scanning for low memory corruption every 60 seconds
[    1.642116] audit: initializing netlink socket (disabled)
[    1.642124] type=2000 audit(1369427855.632:1): initialized
[    1.646038] highmem bounce pool size: 64 pages
[    1.646042] HugeTLB registered 2 MB page size, pre-allocated 0 pages
[    1.646133] VFS: Disk quotas dquot_6.5.2
[    1.646177] Dquot-cache hash table entries: 1024 (order 0, 4096 bytes)
[    1.646263] fuse init (API version 7.13)
[    1.646308] msgmni has been set to 1729
[    1.646583] alg: No test for stdrng (krng)
[    1.646618] Block layer SCSI generic (bsg) driver version 0.4 loaded (major 253)
[    1.646621] io scheduler noop registered
[    1.646622] io scheduler anticipatory registered
[    1.646624] io scheduler deadline registered
[    1.646645] io scheduler cfq registered (default)
[    1.646690]   alloc irq_desc for 24 on node -1
[    1.646692]   alloc kstat_irqs on node -1
[    1.646737] pcieport 0000:00:15.0: irq 24 for MSI/MSI-X
[    1.646782] pcieport 0000:00:15.0: setting latency timer to 64
[    1.646827]   alloc irq_desc for 25 on node -1
[    1.646829]   alloc kstat_irqs on node -1
[    1.646873] pcieport 0000:00:15.1: irq 25 for MSI/MSI-X
[    1.646918] pcieport 0000:00:15.1: setting latency timer to 64
[    1.646963]   alloc irq_desc for 26 on node -1
[    1.646965]   alloc kstat_irqs on node -1
[    1.647010] pcieport 0000:00:15.2: irq 26 for MSI/MSI-X
[    1.647055] pcieport 0000:00:15.2: setting latency timer to 64
[    1.647100]   alloc irq_desc for 27 on node -1
[    1.647102]   alloc kstat_irqs on node -1
[    1.647147] pcieport 0000:00:15.3: irq 27 for MSI/MSI-X
[    1.647191] pcieport 0000:00:15.3: setting latency timer to 64
[    1.647236]   alloc irq_desc for 28 on node -1
[    1.647238]   alloc kstat_irqs on node -1
[    1.647283] pcieport 0000:00:15.4: irq 28 for MSI/MSI-X
[    1.647328] pcieport 0000:00:15.4: setting latency timer to 64
[    1.647373]   alloc irq_desc for 29 on node -1
[    1.647375]   alloc kstat_irqs on node -1
[    1.647419] pcieport 0000:00:15.5: irq 29 for MSI/MSI-X
[    1.647464] pcieport 0000:00:15.5: setting latency timer to 64
[    1.647509]   alloc irq_desc for 30 on node -1
[    1.647511]   alloc kstat_irqs on node -1
[    1.647556] pcieport 0000:00:15.6: irq 30 for MSI/MSI-X
[    1.647601] pcieport 0000:00:15.6: setting latency timer to 64
[    1.647646]   alloc irq_desc for 31 on node -1
[    1.647648]   alloc kstat_irqs on node -1
[    1.647692] pcieport 0000:00:15.7: irq 31 for MSI/MSI-X
[    1.647737] pcieport 0000:00:15.7: setting latency timer to 64
[    1.647782]   alloc irq_desc for 32 on node -1
[    1.647784]   alloc kstat_irqs on node -1
[    1.647829] pcieport 0000:00:16.0: irq 32 for MSI/MSI-X
[    1.647874] pcieport 0000:00:16.0: setting latency timer to 64
[    1.647918]   alloc irq_desc for 33 on node -1
[    1.647920]   alloc kstat_irqs on node -1
[    1.647965] pcieport 0000:00:16.1: irq 33 for MSI/MSI-X
[    1.648010] pcieport 0000:00:16.1: setting latency timer to 64
[    1.648055]   alloc irq_desc for 34 on node -1
[    1.648057]   alloc kstat_irqs on node -1
[    1.648101] pcieport 0000:00:16.2: irq 34 for MSI/MSI-X
[    1.648146] pcieport 0000:00:16.2: setting latency timer to 64
[    1.648191]   alloc irq_desc for 35 on node -1
[    1.648193]   alloc kstat_irqs on node -1
[    1.648238] pcieport 0000:00:16.3: irq 35 for MSI/MSI-X
[    1.648283] pcieport 0000:00:16.3: setting latency timer to 64
[    1.648328]   alloc irq_desc for 36 on node -1
[    1.648329]   alloc kstat_irqs on node -1
[    1.648374] pcieport 0000:00:16.4: irq 36 for MSI/MSI-X
[    1.648419] pcieport 0000:00:16.4: setting latency timer to 64
[    1.648464]   alloc irq_desc for 37 on node -1
[    1.648466]   alloc kstat_irqs on node -1
[    1.648511] pcieport 0000:00:16.5: irq 37 for MSI/MSI-X
[    1.648555] pcieport 0000:00:16.5: setting latency timer to 64
[    1.648600]   alloc irq_desc for 38 on node -1
[    1.648602]   alloc kstat_irqs on node -1
[    1.648647] pcieport 0000:00:16.6: irq 38 for MSI/MSI-X
[    1.648692] pcieport 0000:00:16.6: setting latency timer to 64
[    1.649986]   alloc irq_desc for 39 on node -1
[    1.649988]   alloc kstat_irqs on node -1
[    1.650032] pcieport 0000:00:16.7: irq 39 for MSI/MSI-X
[    1.650077] pcieport 0000:00:16.7: setting latency timer to 64
[    1.650122]   alloc irq_desc for 40 on node -1
[    1.650124]   alloc kstat_irqs on node -1
[    1.650169] pcieport 0000:00:17.0: irq 40 for MSI/MSI-X
[    1.650214] pcieport 0000:00:17.0: setting latency timer to 64
[    1.650259]   alloc irq_desc for 41 on node -1
[    1.650260]   alloc kstat_irqs on node -1
[    1.650305] pcieport 0000:00:17.1: irq 41 for MSI/MSI-X
[    1.650350] pcieport 0000:00:17.1: setting latency timer to 64
[    1.650395]   alloc irq_desc for 42 on node -1
[    1.650397]   alloc kstat_irqs on node -1
[    1.650442] pcieport 0000:00:17.2: irq 42 for MSI/MSI-X
[    1.650487] pcieport 0000:00:17.2: setting latency timer to 64
[    1.650531]   alloc irq_desc for 43 on node -1
[    1.650534]   alloc kstat_irqs on node -1
[    1.650578] pcieport 0000:00:17.3: irq 43 for MSI/MSI-X
[    1.650623] pcieport 0000:00:17.3: setting latency timer to 64
[    1.650668]   alloc irq_desc for 44 on node -1
[    1.650670]   alloc kstat_irqs on node -1
[    1.650715] pcieport 0000:00:17.4: irq 44 for MSI/MSI-X
[    1.650760] pcieport 0000:00:17.4: setting latency timer to 64
[    1.650805]   alloc irq_desc for 45 on node -1
[    1.650807]   alloc kstat_irqs on node -1
[    1.650851] pcieport 0000:00:17.5: irq 45 for MSI/MSI-X
[    1.650896] pcieport 0000:00:17.5: setting latency timer to 64
[    1.650941]   alloc irq_desc for 46 on node -1
[    1.650943]   alloc kstat_irqs on node -1
[    1.650988] pcieport 0000:00:17.6: irq 46 for MSI/MSI-X
[    1.651033] pcieport 0000:00:17.6: setting latency timer to 64
[    1.651077]   alloc irq_desc for 47 on node -1
[    1.651080]   alloc kstat_irqs on node -1
[    1.651124] pcieport 0000:00:17.7: irq 47 for MSI/MSI-X
[    1.651169] pcieport 0000:00:17.7: setting latency timer to 64
[    1.651214]   alloc irq_desc for 48 on node -1
[    1.651216]   alloc kstat_irqs on node -1
[    1.651261] pcieport 0000:00:18.0: irq 48 for MSI/MSI-X
[    1.651306] pcieport 0000:00:18.0: setting latency timer to 64
[    1.651351]   alloc irq_desc for 49 on node -1
[    1.651352]   alloc kstat_irqs on node -1
[    1.651397] pcieport 0000:00:18.1: irq 49 for MSI/MSI-X
[    1.651442] pcieport 0000:00:18.1: setting latency timer to 64
[    1.651487]   alloc irq_desc for 50 on node -1
[    1.651489]   alloc kstat_irqs on node -1
[    1.651534] pcieport 0000:00:18.2: irq 50 for MSI/MSI-X
[    1.651578] pcieport 0000:00:18.2: setting latency timer to 64
[    1.651623]   alloc irq_desc for 51 on node -1
[    1.651625]   alloc kstat_irqs on node -1
[    1.651670] pcieport 0000:00:18.3: irq 51 for MSI/MSI-X
[    1.651715] pcieport 0000:00:18.3: setting latency timer to 64
[    1.651760]   alloc irq_desc for 52 on node -1
[    1.651761]   alloc kstat_irqs on node -1
[    1.651806] pcieport 0000:00:18.4: irq 52 for MSI/MSI-X
[    1.651851] pcieport 0000:00:18.4: setting latency timer to 64
[    1.651896]   alloc irq_desc for 53 on node -1
[    1.651898]   alloc kstat_irqs on node -1
[    1.651943] pcieport 0000:00:18.5: irq 53 for MSI/MSI-X
[    1.651987] pcieport 0000:00:18.5: setting latency timer to 64
[    1.652032]   alloc irq_desc for 54 on node -1
[    1.652034]   alloc kstat_irqs on node -1
[    1.652079] pcieport 0000:00:18.6: irq 54 for MSI/MSI-X
[    1.652124] pcieport 0000:00:18.6: setting latency timer to 64
[    1.652169]   alloc irq_desc for 55 on node -1
[    1.652171]   alloc kstat_irqs on node -1
[    1.652216] pcieport 0000:00:18.7: irq 55 for MSI/MSI-X
[    1.652260] pcieport 0000:00:18.7: setting latency timer to 64
[    1.652305] pci_hotplug: PCI Hot Plug PCI Core version: 0.5
[    1.654001] pciehp 0000:00:15.0:pcie04: HPC vendor_id 15ad device_id 7a0 ss_vid 0 ss_did 0
[    1.654046] pciehp 0000:00:15.0:pcie04: service driver pciehp loaded
[    1.654091] pciehp 0000:00:15.1:pcie04: HPC vendor_id 15ad device_id 7a0 ss_vid 0 ss_did 0
[    1.654135] pciehp 0000:00:15.1:pcie04: service driver pciehp loaded
[    1.654180] pciehp 0000:00:15.2:pcie04: HPC vendor_id 15ad device_id 7a0 ss_vid 0 ss_did 0
[    1.654225] pciehp 0000:00:15.2:pcie04: service driver pciehp loaded
[    1.654270] pciehp 0000:00:15.3:pcie04: HPC vendor_id 15ad device_id 7a0 ss_vid 0 ss_did 0
[    1.654315] pciehp 0000:00:15.3:pcie04: service driver pciehp loaded
[    1.654360] pciehp 0000:00:15.4:pcie04: HPC vendor_id 15ad device_id 7a0 ss_vid 0 ss_did 0
[    1.654404] pciehp 0000:00:15.4:pcie04: service driver pciehp loaded
[    1.654449] pciehp 0000:00:15.5:pcie04: HPC vendor_id 15ad device_id 7a0 ss_vid 0 ss_did 0
[    1.654494] pciehp 0000:00:15.5:pcie04: service driver pciehp loaded
[    1.654539] pciehp 0000:00:15.6:pcie04: HPC vendor_id 15ad device_id 7a0 ss_vid 0 ss_did 0
[    1.654584] pciehp 0000:00:15.6:pcie04: service driver pciehp loaded
[    1.654629] pciehp 0000:00:15.7:pcie04: HPC vendor_id 15ad device_id 7a0 ss_vid 0 ss_did 0
[    1.654673] pciehp 0000:00:15.7:pcie04: service driver pciehp loaded
[    1.654718] pciehp 0000:00:16.0:pcie04: HPC vendor_id 15ad device_id 7a0 ss_vid 0 ss_did 0
[    1.654763] pciehp 0000:00:16.0:pcie04: service driver pciehp loaded
[    1.654808] pciehp 0000:00:16.1:pcie04: HPC vendor_id 15ad device_id 7a0 ss_vid 0 ss_did 0
[    1.654853] pciehp 0000:00:16.1:pcie04: service driver pciehp loaded
[    1.654898] pciehp 0000:00:16.2:pcie04: HPC vendor_id 15ad device_id 7a0 ss_vid 0 ss_did 0
[    1.654942] pciehp 0000:00:16.2:pcie04: service driver pciehp loaded
[    1.654987] pciehp 0000:00:16.3:pcie04: HPC vendor_id 15ad device_id 7a0 ss_vid 0 ss_did 0
[    1.655032] pciehp 0000:00:16.3:pcie04: service driver pciehp loaded
[    1.655077] pciehp 0000:00:16.4:pcie04: HPC vendor_id 15ad device_id 7a0 ss_vid 0 ss_did 0
[    1.655122] pciehp 0000:00:16.4:pcie04: service driver pciehp loaded
[    1.655167] pciehp 0000:00:16.5:pcie04: HPC vendor_id 15ad device_id 7a0 ss_vid 0 ss_did 0
[    1.655212] pciehp 0000:00:16.5:pcie04: service driver pciehp loaded
[    1.655256] pciehp 0000:00:16.6:pcie04: HPC vendor_id 15ad device_id 7a0 ss_vid 0 ss_did 0
[    1.655301] pciehp 0000:00:16.6:pcie04: service driver pciehp loaded
[    1.655346] pciehp 0000:00:16.7:pcie04: HPC vendor_id 15ad device_id 7a0 ss_vid 0 ss_did 0
[    1.655391] pciehp 0000:00:16.7:pcie04: service driver pciehp loaded
[    1.655436] pciehp 0000:00:17.0:pcie04: HPC vendor_id 15ad device_id 7a0 ss_vid 0 ss_did 0
[    1.655481] pciehp 0000:00:17.0:pcie04: service driver pciehp loaded
[    1.655525] pciehp 0000:00:17.1:pcie04: HPC vendor_id 15ad device_id 7a0 ss_vid 0 ss_did 0
[    1.655570] pciehp 0000:00:17.1:pcie04: service driver pciehp loaded
[    1.655615] pciehp 0000:00:17.2:pcie04: HPC vendor_id 15ad device_id 7a0 ss_vid 0 ss_did 0
[    1.655660] pciehp 0000:00:17.2:pcie04: service driver pciehp loaded
[    1.655705] pciehp 0000:00:17.3:pcie04: HPC vendor_id 15ad device_id 7a0 ss_vid 0 ss_did 0
[    1.655750] pciehp 0000:00:17.3:pcie04: service driver pciehp loaded
[    1.655794] pciehp 0000:00:17.4:pcie04: HPC vendor_id 15ad device_id 7a0 ss_vid 0 ss_did 0
[    1.655839] pciehp 0000:00:17.4:pcie04: service driver pciehp loaded
[    1.655884] pciehp 0000:00:17.5:pcie04: HPC vendor_id 15ad device_id 7a0 ss_vid 0 ss_did 0
[    1.655929] pciehp 0000:00:17.5:pcie04: service driver pciehp loaded
[    1.655974] pciehp 0000:00:17.6:pcie04: HPC vendor_id 15ad device_id 7a0 ss_vid 0 ss_did 0
[    1.656019] pciehp 0000:00:17.6:pcie04: service driver pciehp loaded
[    1.656063] pciehp 0000:00:17.7:pcie04: HPC vendor_id 15ad device_id 7a0 ss_vid 0 ss_did 0
[    1.656108] pciehp 0000:00:17.7:pcie04: service driver pciehp loaded
[    1.656153] pciehp 0000:00:18.0:pcie04: HPC vendor_id 15ad device_id 7a0 ss_vid 0 ss_did 0
[    1.656198] pciehp 0000:00:18.0:pcie04: service driver pciehp loaded
[    1.656243] pciehp 0000:00:18.1:pcie04: HPC vendor_id 15ad device_id 7a0 ss_vid 0 ss_did 0
[    1.656288] pciehp 0000:00:18.1:pcie04: service driver pciehp loaded
[    1.656332] pciehp 0000:00:18.2:pcie04: HPC vendor_id 15ad device_id 7a0 ss_vid 0 ss_did 0
[    1.656377] pciehp 0000:00:18.2:pcie04: service driver pciehp loaded
[    1.656422] pciehp 0000:00:18.3:pcie04: HPC vendor_id 15ad device_id 7a0 ss_vid 0 ss_did 0
[    1.656467] pciehp 0000:00:18.3:pcie04: service driver pciehp loaded
[    1.656512] pciehp 0000:00:18.4:pcie04: HPC vendor_id 15ad device_id 7a0 ss_vid 0 ss_did 0
[    1.656557] pciehp 0000:00:18.4:pcie04: service driver pciehp loaded
[    1.656601] pciehp 0000:00:18.5:pcie04: HPC vendor_id 15ad device_id 7a0 ss_vid 0 ss_did 0
[    1.656646] pciehp 0000:00:18.5:pcie04: service driver pciehp loaded
[    1.656691] pciehp 0000:00:18.6:pcie04: HPC vendor_id 15ad device_id 7a0 ss_vid 0 ss_did 0
[    1.656736] pciehp 0000:00:18.6:pcie04: service driver pciehp loaded
[    1.656781] pciehp 0000:00:18.7:pcie04: HPC vendor_id 15ad device_id 7a0 ss_vid 0 ss_did 0
[    1.656826] pciehp 0000:00:18.7:pcie04: service driver pciehp loaded
[    1.656833] pciehp: PCI Express Hot Plug Controller Driver version: 0.4
[    1.656882] ACPI: AC Adapter [ACAD] (on-line)
[    1.656936] input: Power Button as /devices/LNXSYSTM:00/LNXPWRBN:00/input/input0
[    1.656938] ACPI: Power Button [PWRF]
[    1.656983] processor LNXCPU:00: registered as cooling_device0
[    1.697876] isapnp: Scanning for PnP cards...
[    2.051587] isapnp: No Plug & Play device found
[    2.051618] random 0000 0000 0000 5f8db4e5 4cfdf2a8: initializing
[    2.051744] Linux agpgart interface v0.103
[    2.051783] agpgart-intel 0000:00:00.0: Intel 440BX Chipset
[    2.051835] agpgart-intel 0000:00:00.0: AGP aperture is 256M @ 0x0
[    2.051866] Serial: 8250/16550 driver, 32 ports, IRQ sharing enabled
[    2.051918] serial8250: ttyS0 at I/O 0x3f8 (irq = 4) is a 16550A
[    2.051971] serial8250: ttyS1 at I/O 0x2f8 (irq = 3) is a 16550A
[    2.052023] 00:0a: ttyS0 at I/O 0x3f8 (irq = 4) is a 16550A
[    2.052075] 00:0b: ttyS1 at I/O 0x2f8 (irq = 3) is a 16550A
[    2.052127] brd: module loaded
[    2.052180] loop: module loaded
[    2.052232] ata_piix 0000:00:07.1: version 2.13
[    2.052314] scsi0 : ata_piix
[    2.052364] scsi1 : ata_piix
[    2.052384] ata1: PATA max UDMA/33 cmd 0x1f0 ctl 0x3f6 bmdma 0x10c0 irq 14
[    2.052395] ata2: PATA max UDMA/33 cmd 0x170 ctl 0x376 bmdma 0x10c8 irq 15
[    2.052443] PPP generic driver version 2.4.2
[    2.052463] tun: Universal TUN/TAP device driver, 1.6
[    2.052464] tun: (C) 1999-2004 Max Krasnyansky <maxk@qualcomm.com>
[    2.052516] ehci_hcd: USB 2.0 'Enhanced' Host Controller (EHCI) Driver
[    2.052569] ACPI: PCI Interrupt Link [LNKB] enabled at IRQ 11
[    2.052571] PCI: setting IRQ 11 as level-triggered
[    2.052579] ehci_hcd 0000:02:03.0: PCI INT A -> Link[LNKB] -> GSI 11 (level, low) -> IRQ 11
[    2.052618] ehci_hcd 0000:02:03.0: EHCI Host Controller
[    2.052649] ehci_hcd 0000:02:03.0: new USB bus registered, assigned bus number 1
[    2.052701] ehci_hcd 0000:02:03.0: cache line size of 32 is not supported
[    2.052707] ehci_hcd 0000:02:03.0: irq 11, io mem 0xc9000000
[    2.053012] random 0000 0000 0000 00000000 00000000: rand_read_num 3 get_random_bytes(8): sig 00000000 00000000 00000000
[    2.053015] random 0000 0000 0000 00000000 00000000: extract_entropy(.. 8 ..)
[    2.053017] random 0000 0000 0000 00000000 00000000: going to reseed nonblocking with 64 bits (64 of 0 requested)
[    2.053019] random 0000 0000 0000 00000000 00000000: extract_entropy(.. 8 ..)
[    2.053022] random 0000 0000 0000 00000000 00000000: trying to extract 64 bits from input
[    2.053024] random 0000 0000 0000 00000000 00000000: debiting 0 entropy credits from input
[    2.053026] random 0000 0000 0000 00000000 00000000: extract_entropy account returned: 0 
[    2.053028] random 0000 0000 0000 00000000 00000000: urand_change_num 5 xfer_secondary_pool(8): pool_sig 00000000, data_sig 00000000, bytes_mixed 0 00000000 00000000
[    2.053031] random 0000 0000 0000 00000000 00000000: trying to extract 64 bits from nonblocking
[    2.053033] random 0000 0000 0000 00000000 00000000: debiting 64 entropy credits from nonblocking (unlimited)
[    2.053035] random 0000 0000 0000 00000000 00000000: extract_entropy account returned: 8 
[    2.053039] random 0000 0000 0000 00000000 00000000: urand_change_num 6 extract_buf: pool_sig 00000000, data_sig fffffff9, bytes_mixed 20 00000000 00000000
[    2.061326] ehci_hcd 0000:02:03.0: USB 2.0 started, EHCI 1.00
[    2.061379] usb usb1: configuration #1 chosen from 1 choice
[    2.061397] hub 1-0:1.0: USB hub found
[    2.061401] hub 1-0:1.0: 6 ports detected
[    2.061434] ohci_hcd: USB 1.1 'Open' Host Controller (OHCI) Driver
[    2.061444] uhci_hcd: USB Universal Host Controller Interface driver
[    2.061496] ACPI: PCI Interrupt Link [LNKC] enabled at IRQ 10
[    2.061498] PCI: setting IRQ 10 as level-triggered
[    2.061502] uhci_hcd 0000:02:00.0: PCI INT A -> Link[LNKC] -> GSI 10 (level, low) -> IRQ 10
[    2.061533] uhci_hcd 0000:02:00.0: UHCI Host Controller
[    2.061559] uhci_hcd 0000:02:00.0: new USB bus registered, assigned bus number 2
[    2.061658] uhci_hcd 0000:02:00.0: irq 10, io base 0x000020c0
[    2.061710] usb usb2: configuration #1 chosen from 1 choice
[    2.061725] hub 2-0:1.0: USB hub found
[    2.061729] hub 2-0:1.0: 2 ports detected
[    2.061781] usbcore: registered new interface driver libusual
[    2.061807] PNP: PS/2 Controller [PNP0303:KBC,PNP0f13:MOUS] at 0x60,0x64 irq 1,12
[    2.062137] serio: i8042 KBD port at 0x60,0x64 irq 1
[    2.062144] serio: i8042 AUX port at 0x60,0x64 irq 12
[    2.062176] mice: PS/2 mouse device common for all mice
[    2.062228] rtc_cmos 00:04: rtc core: registered rtc_cmos as rtc0
[    2.062262] rtc0: alarms up to one month, y3k, 114 bytes nvram, hpet irqs
[    2.062314] device-mapper: uevent: version 1.0.3
[    2.062421] device-mapper: ioctl: 4.15.0-ioctl (2009-04-01) initialised: dm-devel@redhat.com
[    2.062437] EISA: Probing bus 0 at eisa.0
[    2.062444] Cannot allocate resource for EISA slot 1
[    2.062446] Cannot allocate resource for EISA slot 2
[    2.062448] Cannot allocate resource for EISA slot 3
[    2.062449] Cannot allocate resource for EISA slot 4
[    2.062451] Cannot allocate resource for EISA slot 5
[    2.062453] Cannot allocate resource for EISA slot 6
[    2.062455] Cannot allocate resource for EISA slot 7
[    2.062456] Cannot allocate resource for EISA slot 8
[    2.062458] EISA: Detected 0 cards.
[    2.062501] cpuidle: using governor ladder
[    2.062503] cpuidle: using governor menu
[    2.062555] random 0000 0000 0000 00000000 00000000: rand_read_num 4 get_random_bytes(136): sig 0000021d 00000000 00000000
[    2.062577] random 0000 0000 0000 00000000 00000000: extract_entropy(.. 136 ..)
[    2.062580] random 0000 0000 0000 00000000 00000000: going to reseed nonblocking with 1024 bits (1088 of 0 requested)
[    2.062582] random 0000 0000 0000 00000000 00000000: extract_entropy(.. 128 ..)
[    2.062584] random 0000 0000 0000 00000000 00000000: trying to extract 1024 bits from input
[    2.062586] random 0000 0000 0000 00000000 00000000: debiting 0 entropy credits from input
[    2.062588] random 0000 0000 0000 00000000 00000000: extract_entropy account returned: 0 
[    2.062591] random 0000 0000 0000 00000000 00000000: urand_change_num 7 xfer_secondary_pool(136): pool_sig 0000021d, data_sig 00000000, bytes_mixed 0 00000000 00000000
[    2.062593] random 0000 0000 0000 00000000 00000000: trying to extract 1088 bits from nonblocking
[    2.062596] random 0000 0000 0000 00000000 00000000: debiting 1088 entropy credits from nonblocking (unlimited)
[    2.062598] random 0000 0000 0000 00000000 00000000: extract_entropy account returned: 136 
[    2.062601] random 0000 0000 0000 00000000 00000000: urand_change_num 8 extract_buf: pool_sig 0000021d, data_sig fffffff7, bytes_mixed 20 00000000 00000000
[    2.062605] random 0000 0000 0000 f961ee50 ba9cb1aa: urand_change_num 9 extract_buf: pool_sig 00000230, data_sig fffffeb4, bytes_mixed 20 f961ee50 ba9cb1aa
[    2.062610] random 0000 0000 0000 9748bdd6 56fb8af6: urand_change_num 10 extract_buf: pool_sig 00000373, data_sig 000000cf, bytes_mixed 20 9748bdd6 56fb8af6
[    2.062614] random 0000 0000 0000 9748bdd6 56fb8af6: urand_change_num 11 extract_buf: pool_sig fffffe49, data_sig 0000023f, bytes_mixed 20 9748bdd6 56fb8af6
[    2.062618] random 0000 0000 0000 a135be86 4777650e: urand_change_num 12 extract_buf: pool_sig fffffcce, data_sig 000000c6, bytes_mixed 20 a135be86 4777650e
[    2.062622] random 0000 0000 0000 4a6ea85d 170e00dd: urand_change_num 13 extract_buf: pool_sig ffffff97, data_sig ffffff7d, bytes_mixed 20 4a6ea85d 170e00dd
[    2.062626] random 0000 0000 0000 4a6ea85d 170e00dd: urand_change_num 14 extract_buf: pool_sig 00000160, data_sig fffffeea, bytes_mixed 20 4a6ea85d 170e00dd
[    2.062630] random 0000 0000 0000 6e87c3cb da668c73: urand_change_num 15 extract_buf: pool_sig 0000034f, data_sig ffffff54, bytes_mixed 20 6e87c3cb da668c73
[    2.062635] random 0000 0000 0000 6e87c3cb da668c73: urand_change_num 16 extract_buf: pool_sig fffffdc5, data_sig 00000205, bytes_mixed 20 6e87c3cb da668c73
[    2.062639] random 0000 0000 0000 39f531e6 461eb249: urand_change_num 17 extract_buf: pool_sig fffffc1d, data_sig ffffff5e, bytes_mixed 20 39f531e6 461eb249
[    2.062643] random 0000 0000 0000 7e1538a2 3e661182: urand_change_num 18 extract_buf: pool_sig 000006ef, data_sig ffffff2e, bytes_mixed 20 7e1538a2 3e661182
[    2.062647] random 0000 0000 0000 7e1538a2 3e661182: urand_change_num 19 extract_buf: pool_sig 00000317, data_sig fffffccb, bytes_mixed 20 7e1538a2 3e661182
[    2.062651] random 0000 0000 0000 76af506b 9b57305e: urand_change_num 20 extract_buf: pool_sig 00000227, data_sig ffffffd2, bytes_mixed 20 76af506b 9b57305e
[    2.062655] random 0000 0000 0000 37d49d89 e20417cc: urand_change_num 21 extract_buf: pool_sig 0000080b, data_sig 000001e9, bytes_mixed 20 37d49d89 e20417cc
[    2.062659] TCP cubic registered
[    2.062712] NET: Registered protocol family 10
[    2.062748] RANDOM - __random32 called. Change num 12.  Value: b0a9fbe7	b7a35a2b	c9ef2c48
[    2.062769] RANDOM - random32 called.  Value: b0a9fbe7	b7a35a2b	c9ef2c48
[    2.062788] random 0000 0000 0000 37d49d89 e20417cc: rand_read_num 5 get_random_bytes(4): sig 00000298 37d49d89 e20417cc
[    2.062791] random 0000 0000 0000 37d49d89 e20417cc: extract_entropy(.. 4 ..)
[    2.062793] random 0000 0000 0000 37d49d89 e20417cc: going to reseed nonblocking with 64 bits (32 of 0 requested)
[    2.062795] random 0000 0000 0000 37d49d89 e20417cc: extract_entropy(.. 8 ..)
[    2.062797] random 0000 0000 0000 37d49d89 e20417cc: trying to extract 64 bits from input
[    2.062799] random 0000 0000 0000 37d49d89 e20417cc: debiting 0 entropy credits from input
[    2.062801] random 0000 0000 0000 37d49d89 e20417cc: extract_entropy account returned: 0 
[    2.062804] random 0000 0000 0000 37d49d89 e20417cc: urand_change_num 22 xfer_secondary_pool(4): pool_sig 00000298, data_sig 00000000, bytes_mixed 0 37d49d89 e20417cc
[    2.062807] random 0000 0000 0000 37d49d89 e20417cc: trying to extract 32 bits from nonblocking
[    2.062809] random 0000 0000 0000 37d49d89 e20417cc: debiting 32 entropy credits from nonblocking (unlimited)
[    2.062811] random 0000 0000 0000 37d49d89 e20417cc: extract_entropy account returned: 4 
[    2.062814] random 0000 0000 0000 37d49d89 e20417cc: urand_change_num 23 extract_buf: pool_sig 00000298, data_sig 00000092, bytes_mixed 20 37d49d89 e20417cc
[    2.062867] RANDOM - __random32 called. Change num 13.  Value: 9fbe71fa	7a35a2b4	5890d2c9
[    2.062869] RANDOM - random32 called.  Value: 9fbe71fa	7a35a2b4	5890d2c9
[    2.062921] NET: Registered protocol family 17
[    2.062941] Using IPI No-Shortcut mode
[    2.062947] random 0000 0000 0000 2ee4c4fc 167bdb15: rand_read_num 6 get_random_bytes(8): sig fffffcbf 2ee4c4fc 167bdb15
[    2.062949] random 0000 0000 0000 2ee4c4fc 167bdb15: extract_entropy(.. 8 ..)
[    2.062951] random 0000 0000 0000 2ee4c4fc 167bdb15: going to reseed nonblocking with 64 bits (64 of 0 requested)
[    2.062953] random 0000 0000 0000 2ee4c4fc 167bdb15: extract_entropy(.. 8 ..)
[    2.062955] random 0000 0000 0000 2ee4c4fc 167bdb15: trying to extract 64 bits from input
[    2.062957] random 0000 0000 0000 2ee4c4fc 167bdb15: debiting 0 entropy credits from input
[    2.062959] random 0000 0000 0000 2ee4c4fc 167bdb15: extract_entropy account returned: 0 
[    2.062962] random 0000 0000 0000 2ee4c4fc 167bdb15: urand_change_num 24 xfer_secondary_pool(8): pool_sig fffffcbf, data_sig 00000000, bytes_mixed 0 2ee4c4fc 167bdb15
[    2.062965] random 0000 0000 0000 2ee4c4fc 167bdb15: trying to extract 64 bits from nonblocking
[    2.062967] random 0000 0000 0000 2ee4c4fc 167bdb15: debiting 64 entropy credits from nonblocking (unlimited)
[    2.062969] random 0000 0000 0000 2ee4c4fc 167bdb15: extract_entropy account returned: 8 
[    2.062972] random 0000 0000 0000 2ee4c4fc 167bdb15: urand_change_num 25 extract_buf: pool_sig fffffcbf, data_sig ffffff83, bytes_mixed 20 2ee4c4fc 167bdb15
[    2.063011] PM: Resume from disk failed.
[    2.063018] registered taskstats version 1
[    2.063021] random 0000 0000 0000 2ee4c4fc 167bdb15: rand_read_num 7 get_random_bytes(12): sig fffffc69 2ee4c4fc 167bdb15
[    2.063023] random 0000 0000 0000 2ee4c4fc 167bdb15: extract_entropy(.. 12 ..)
[    2.063025] random 0000 0000 0000 2ee4c4fc 167bdb15: going to reseed nonblocking with 96 bits (96 of 0 requested)
[    2.063027] random 0000 0000 0000 2ee4c4fc 167bdb15: extract_entropy(.. 12 ..)
[    2.063029] random 0000 0000 0000 2ee4c4fc 167bdb15: trying to extract 96 bits from input
[    2.063031] random 0000 0000 0000 2ee4c4fc 167bdb15: debiting 0 entropy credits from input
[    2.063033] random 0000 0000 0000 2ee4c4fc 167bdb15: extract_entropy account returned: 0 
[    2.063036] random 0000 0000 0000 2ee4c4fc 167bdb15: urand_change_num 26 xfer_secondary_pool(12): pool_sig fffffc69, data_sig 00000000, bytes_mixed 0 2ee4c4fc 167bdb15
[    2.063038] random 0000 0000 0000 2ee4c4fc 167bdb15: trying to extract 96 bits from nonblocking
[    2.063040] random 0000 0000 0000 2ee4c4fc 167bdb15: debiting 96 entropy credits from nonblocking (unlimited)
[    2.063043] random 0000 0000 0000 2ee4c4fc 167bdb15: extract_entropy account returned: 12 
[    2.063046] random 0000 0000 0000 2ee4c4fc 167bdb15: urand_change_num 27 extract_buf: pool_sig fffffc69, data_sig ffffff7d, bytes_mixed 20 2ee4c4fc 167bdb15
[    2.063050] random 0000 0000 0000 83b7c1ab 94697f48: urand_change_num 28 extract_buf: pool_sig fffffe30, data_sig fffffdd6, bytes_mixed 20 83b7c1ab 94697f48
[    2.063052] RANDOM - __seed init called.
[    2.063054] RANDOM - __seed init called.
[    2.063055] RANDOM - __seed init called.
[    2.063057] RANDOM - __random32 called. Change num 14.  Value: fc007995	feca4f80	21b38ad2
[    2.063058] RANDOM - random32_reseed called.  Value: fc007995	feca4f80	21b38ad2
[    2.063061] Pid: 1, comm: swapper Not tainted 2.6.32.57 #4
[    2.063062] Call Trace:
[    2.063068]  [<c14a8a0e>] ? printk+0x1d/0x1f
[    2.063073]  [<c17537e5>] random32_reseed+0x89/0xbd
[    2.063076]  [<c1003042>] do_one_initcall+0x32/0x1a0
[    2.063079]  [<c175375c>] ? random32_reseed+0x0/0xbd
[    2.063082]  [<c17308e7>] kernel_init+0x12d/0x17a
[    2.063084]  [<c17307ba>] ? kernel_init+0x0/0x17a
[    2.063087]  [<c1009b07>] kernel_thread_helper+0x7/0x10
[    2.065864] input: AT Translated Set 2 keyboard as /devices/platform/i8042/serio0/input/input1
[    2.066141] random 0000 0000 0000 6db70b00 b30ce96b: rand_read_num 8 get_random_bytes(64): sig fffffb38 6db70b00 b30ce96b
[    2.066145] random 0000 0000 0000 6db70b00 b30ce96b: extract_entropy(.. 64 ..)
[    2.066148] random 0000 0000 0000 6db70b00 b30ce96b: going to reseed nonblocking with 512 bits (512 of 0 requested)
[    2.066150] random 0000 0000 0000 6db70b00 b30ce96b: extract_entropy(.. 64 ..)
[    2.066153] random 0000 0000 0000 6db70b00 b30ce96b: trying to extract 512 bits from input
[    2.066155] random 0000 0000 0000 6db70b00 b30ce96b: debiting 0 entropy credits from input
[    2.066157] random 0000 0000 0000 6db70b00 b30ce96b: extract_entropy account returned: 0 
[    2.066160] random 0000 0000 0000 6db70b00 b30ce96b: urand_change_num 29 xfer_secondary_pool(64): pool_sig fffffb38, data_sig 00000000, bytes_mixed 0 6db70b00 b30ce96b
[    2.066164] random 0000 0000 0000 6db70b00 b30ce96b: trying to extract 512 bits from nonblocking
[    2.066166] random 0000 0000 0000 6db70b00 b30ce96b: debiting 512 entropy credits from nonblocking (unlimited)
[    2.066168] random 0000 0000 0000 6db70b00 b30ce96b: extract_entropy account returned: 64 
[    2.066172] random 0000 0000 0000 6db70b00 b30ce96b: urand_change_num 30 extract_buf: pool_sig fffffb38, data_sig 00000151, bytes_mixed 20 6db70b00 b30ce96b
[    2.066177] random 0000 0000 0000 6db70b00 b30ce96b: urand_change_num 31 extract_buf: pool_sig fffffdb8, data_sig 00000379, bytes_mixed 20 6db70b00 b30ce96b
[    2.066181] random 0000 0000 0000 6b83001e d4b6c0d3: urand_change_num 32 extract_buf: pool_sig ffffffc9, data_sig 00000198, bytes_mixed 20 6b83001e d4b6c0d3
[    2.066185] random 0000 0000 0000 79d3e3c7 be564518: urand_change_num 33 extract_buf: pool_sig 000002b9, data_sig ffffff84, bytes_mixed 20 79d3e3c7 be564518
[    2.066190] random 0000 0000 0000 79d3e3c7 be564518: urand_change_num 34 extract_buf: pool_sig ffffff55, data_sig ffffff5a, bytes_mixed 20 79d3e3c7 be564518
[    2.066194] random 0000 0000 0000 89c03cb2 0d353228: urand_change_num 35 extract_buf: pool_sig 00000007, data_sig ffffff17, bytes_mixed 20 89c03cb2 0d353228
[    2.066199] random 0000 0000 0000 89c03cb2 0d353228: urand_change_num 36 extract_buf: pool_sig fffffdae, data_sig 000000db, bytes_mixed 20 89c03cb2 0d353228  Magic number: 13:500:650
[    2.066300] rtc_cmos 00:04: setting system clock to 2013-05-24 20:37:36 UTC (1369427856)
[    2.066303] BIOS EDD facility v0.16 2004-Jun-25, 0 devices found
[    2.066304] EDD information not available.
[    2.066330] random 0000 0000 0000 8ca62387 b120332c: rand_read_num 9 get_random_bytes(64): sig fffffed6 8ca62387 b120332c
[    2.066333] random 0000 0000 0000 8ca62387 b120332c: extract_entropy(.. 64 ..)
[    2.066335] random 0000 0000 0000 8ca62387 b120332c: going to reseed nonblocking with 512 bits (512 of 0 requested)
[    2.066337] random 0000 0000 0000 8ca62387 b120332c: extract_entropy(.. 64 ..)
[    2.066339] random 0000 0000 0000 8ca62387 b120332c: trying to extract 512 bits from input
[    2.066342] random 0000 0000 0000 8ca62387 b120332c: debiting 0 entropy credits from input
[    2.066344] random 0000 0000 0000 8ca62387 b120332c: extract_entropy account returned: 0 
[    2.066347] random 0000 0000 0000 8ca62387 b120332c: urand_change_num 37 xfer_secondary_pool(64): pool_sig fffffed6, data_sig 00000000, bytes_mixed 0 8ca62387 b120332c
[    2.066349] random 0000 0000 0000 8ca62387 b120332c: trying to extract 512 bits from nonblocking
[    2.066352] random 0000 0000 0000 8ca62387 b120332c: debiting 512 entropy credits from nonblocking (unlimited)
[    2.066354] random 0000 0000 0000 8ca62387 b120332c: extract_entropy account returned: 64 
[    2.066357] random 0000 0000 0000 8ca62387 b120332c: urand_change_num 38 extract_buf: pool_sig fffffed6, data_sig fffffeb6, bytes_mixed 20 8ca62387 b120332c
[    2.066362] random 0000 0000 0000 90702413 e2a66c2e: urand_change_num 39 extract_buf: pool_sig fffffbb0, data_sig 0000012e, bytes_mixed 20 90702413 e2a66c2e
[    2.066366] random 0000 0000 0000 90702413 e2a66c2e: urand_change_num 40 extract_buf: pool_sig fffffaf1, data_sig ffffff3c, bytes_mixed 20 90702413 e2a66c2e
[    2.066371] random 0000 0000 0000 3f58038b c77aecb6: urand_change_num 41 extract_buf: pool_sig 00000234, data_sig fffffdec, bytes_mixed 20 3f58038b c77aecb6
[    2.066375] random 0000 0000 0000 47187b9d 03f21510: urand_change_num 42 extract_buf: pool_sig 00000192, data_sig 00000075, bytes_mixed 20 47187b9d 03f21510
[    2.066380] random 0000 0000 0000 47187b9d 03f21510: urand_change_num 43 extract_buf: pool_sig 0000018e, data_sig ffffffbf, bytes_mixed 20 47187b9d 03f21510
[    2.066384] random 0000 0000 0000 3180b1fc 0fa9c973: urand_change_num 44 extract_buf: pool_sig fffffecf, data_sig ffffff2a, bytes_mixed 20 3180b1fc 0fa9c973
[    2.066387] BEGIN NET_SECRET:
[    2.066388] \xffffff87
[    2.066389] \xffffff8d
[    2.066390] \xfffffff4
[    2.066392] \xffffffae
[    2.066393] \xffffffc3
[    2.066394] \xffffffb7
[    2.066395] \x31
[    2.066396] \x65
[    2.066397] \xffffffda
[    2.066399] \xffffffa2
[    2.066400] \x31
[    2.066401] \xffffffc8
[    2.066402] \xffffffa9
[    2.066403] \x76
[    2.066404] \x76
[    2.066405] \xffffff90
[    2.066407] \x55
[    2.066408] \xfffffff3
[    2.066409] \xffffffb1
[    2.066410] \x3
[    2.066411] \xffffffb3
[    2.066412] \xffffffa7
[    2.066413] \x5a
[    2.066415] \x71
[    2.066416] \x70
[    2.066417] \xffffff8c
[    2.066418] \x56
[    2.066419] \x25
[    2.066420] \xffffffe1
[    2.066421] \x4c
[    2.066422] \xffffffe6
[    2.066424] \xffffff95
[    2.066425] \x67
[    2.066426] \x4c
[    2.066427] \xffffffb9
[    2.066428] \x1d
[    2.066429] \xe
[    2.066430] \x34
[    2.066432] \xffffffbe
[    2.066433] \x12
[    2.066434] \x5
[    2.066435] \xffffff98
[    2.066436] \xffffffa0
[    2.066437] \xf
[    2.066438] \xffffffb2
[    2.066440] \xffffffde
[    2.066441] \xffffff99
[    2.066442] \xf
[    2.066443] \xffffffe8
[    2.066444] \xffffffc8
[    2.066445] \x1f
[    2.066446] \x54
[    2.066448] \x2c
[    2.066449] \xffffffee
[    2.066450] \x2e
[    2.066451] \x0
[    2.066452] \xffffff95
[    2.066453] \x0
[    2.066454] \xffffffe3
[    2.066455] \xffffffa7
[    2.066457] \xfffffffd
[    2.066458] \x66
[    2.066459] \xffffff92
[    2.066460] \xfffffff0
[    2.066461] 
[    2.066462] END NET_SECRET
[    2.066465] random 0000 0000 0000 3180b1fc 0fa9c973: rand_read_num 10 get_random_bytes(4): sig ffffff46 3180b1fc 0fa9c973
[    2.066467] random 0000 0000 0000 3180b1fc 0fa9c973: extract_entropy(.. 4 ..)
[    2.066470] random 0000 0000 0000 3180b1fc 0fa9c973: going to reseed nonblocking with 64 bits (32 of 0 requested)
[    2.066472] random 0000 0000 0000 3180b1fc 0fa9c973: extract_entropy(.. 8 ..)
[    2.066482] random 0000 0000 0000 3180b1fc 0fa9c973: trying to extract 64 bits from input
[    2.066485] random 0000 0000 0000 3180b1fc 0fa9c973: debiting 0 entropy credits from input
[    2.066487] random 0000 0000 0000 3180b1fc 0fa9c973: extract_entropy account returned: 0 
[    2.066489] random 0000 0000 0000 3180b1fc 0fa9c973: urand_change_num 45 xfer_secondary_pool(4): pool_sig ffffff46, data_sig 00000000, bytes_mixed 0 3180b1fc 0fa9c973
[    2.066492] random 0000 0000 0000 3180b1fc 0fa9c973: trying to extract 32 bits from nonblocking
[    2.066494] random 0000 0000 0000 3180b1fc 0fa9c973: debiting 32 entropy credits from nonblocking (unlimited)
[    2.066496] random 0000 0000 0000 3180b1fc 0fa9c973: extract_entropy account returned: 4 
[    2.066499] random 0000 0000 0000 3180b1fc 0fa9c973: urand_change_num 46 extract_buf: pool_sig ffffff46, data_sig 0000001b, bytes_mixed 20 3180b1fc 0fa9c973
[    2.239291] ata2.00: ATAPI: VMware Virtual IDE CDROM Drive, 00000001, max UDMA/33
[    2.239573] ata2.00: configured for UDMA/33
[    2.239939] scsi 1:0:0:0: CD-ROM            NECVMWar VMware IDE CDR10 1.00 PQ: 0 ANSI: 5
[    2.241160] sr0: scsi3-mmc drive: 306x/306x cd/rw xa/form2 cdda tray
[    2.241163] Uniform CD-ROM driver Revision: 3.20
[    2.241215] sr 1:0:0:0: Attached scsi CD-ROM sr0
[    2.241254] sr 1:0:0:0: Attached scsi generic sg0 type 5
[    2.241290] Freeing unused kernel memory: 652k freed
[    2.241342] Write protecting the kernel text: 4840k
[    2.241373] Write protecting the kernel read-only data: 1968k
[    2.241462] random 0000 0000 0000 38974d2b 1d8d6de0: rand_read_num 11 get_random_bytes(16): sig 000001c6 38974d2b 1d8d6de0
