[    0.000000] random 0000 0000 0000 00000000 00000000: rand_read_num 1 get_random_bytes(8): sig 00000000 00000000 00000000
[    0.000000] random 0000 0000 0000 00000000 00000000: extract_entropy(.. 8 ..)
[    0.000000] random 0000 0000 0000 00000000 00000000: going to reseed nonblocking with 64 bits (64 of 0 requested)
[    0.000000] random 0000 0000 0000 00000000 00000000: extract_entropy(.. 8 ..)
[    0.000000] random 0000 0000 0000 00000000 00000000: trying to extract 64 bits from input
[    0.000000] random 0000 0000 0000 00000000 00000000: debiting 0 entropy credits from input
[    0.000000] random 0000 0000 0000 00000000 00000000: extract_entropy account returned: 0 
[    0.000000] random 0000 0000 0000 00000000 00000000: urand_change_num 1 xfer_secondary_pool(8): pool_sig 00000000, data_sig 00000000, bytes_mixed 0 00000000 00000000
[    0.000000] random 0000 0000 0000 00000000 00000000: trying to extract 64 bits from nonblocking
[    0.000000] random 0000 0000 0000 00000000 00000000: debiting 64 entropy credits from nonblocking (unlimited)
[    0.000000] random 0000 0000 0000 00000000 00000000: extract_entropy account returned: 8 
[    0.000000] random 0000 0000 0000 00000000 00000000: urand_change_num 2 extract_buf: pool_sig 00000000, data_sig fffffff9, bytes_mixed 20 00000000 00000000
[    0.000000] Initializing cgroup subsys cpuset
[    0.000000] Initializing cgroup subsys cpu
[    0.000000] Linux version 2.6.32.57 (dcashman@ubuntu) (gcc version 4.6.3 (Ubuntu/Linaro 4.6.3-1ubuntu5) ) #4 SMP Fri May 24 11:09:26 PDT 2013
[    0.000000] KERNEL supported cpus:
[    0.000000]   Intel GenuineIntel
[    0.000000]   AMD AuthenticAMD
[    0.000000]   NSC Geode by NSC
[    0.000000]   Cyrix CyrixInstead
[    0.000000]   Centaur CentaurHauls
[    0.000000]   Transmeta GenuineTMx86
[    0.000000]   Transmeta TransmetaCPU
[    0.000000]   UMC UMC UMC UMC
[    0.000000] BIOS-provided physical RAM map:
[    0.000000]  BIOS-e820: 0000000000000000 - 000000000009f000 (usable)
[    0.000000]  BIOS-e820: 000000000009f000 - 00000000000a0000 (reserved)
[    0.000000]  BIOS-e820: 00000000000ca000 - 00000000000cc000 (reserved)
[    0.000000]  BIOS-e820: 00000000000dc000 - 0000000000100000 (reserved)
[    0.000000]  BIOS-e820: 0000000000100000 - 000000003fee0000 (usable)
[    0.000000]  BIOS-e820: 000000003fee0000 - 000000003feff000 (ACPI data)
[    0.000000]  BIOS-e820: 000000003feff000 - 000000003ff00000 (ACPI NVS)
[    0.000000]  BIOS-e820: 000000003ff00000 - 0000000040000000 (usable)
[    0.000000]  BIOS-e820: 00000000e0000000 - 00000000f0000000 (reserved)
[    0.000000]  BIOS-e820: 00000000fec00000 - 00000000fec10000 (reserved)
[    0.000000]  BIOS-e820: 00000000fee00000 - 00000000fee01000 (reserved)
[    0.000000]  BIOS-e820: 00000000fffe0000 - 0000000100000000 (reserved)
[    0.000000] DMI present.
[    0.000000] Phoenix BIOS detected: BIOS may corrupt low RAM, working around it.
[    0.000000] e820 update range: 0000000000000000 - 0000000000010000 (usable) ==> (reserved)
[    0.000000] last_pfn = 0x40000 max_arch_pfn = 0x1000000
[    0.000000] MTRR default type: uncachable
[    0.000000] MTRR fixed ranges enabled:
[    0.000000]   00000-9FFFF write-back
[    0.000000]   A0000-BFFFF uncachable
[    0.000000]   C0000-CBFFF write-protect
[    0.000000]   CC000-EFFFF uncachable
[    0.000000]   F0000-FFFFF write-protect
[    0.000000] MTRR variable ranges enabled:
[    0.000000]   0 base 0000000000 mask FFC0000000 write-back
[    0.000000]   1 disabled
[    0.000000]   2 disabled
[    0.000000]   3 disabled
[    0.000000]   4 disabled
[    0.000000]   5 disabled
[    0.000000]   6 disabled
[    0.000000]   7 disabled
[    0.000000] x86 PAT enabled: cpu 0, old 0x0, new 0x7010600070106
[    0.000000] Scanning 0 areas for low memory corruption
[    0.000000] modified physical RAM map:
[    0.000000]  modified: 0000000000000000 - 0000000000010000 (reserved)
[    0.000000]  modified: 0000000000010000 - 000000000009f000 (usable)
[    0.000000]  modified: 000000000009f000 - 00000000000a0000 (reserved)
[    0.000000]  modified: 00000000000ca000 - 00000000000cc000 (reserved)
[    0.000000]  modified: 00000000000dc000 - 0000000000100000 (reserved)
[    0.000000]  modified: 0000000000100000 - 000000003fee0000 (usable)
[    0.000000]  modified: 000000003fee0000 - 000000003feff000 (ACPI data)
[    0.000000]  modified: 000000003feff000 - 000000003ff00000 (ACPI NVS)
[    0.000000]  modified: 000000003ff00000 - 0000000040000000 (usable)
[    0.000000]  modified: 00000000e0000000 - 00000000f0000000 (reserved)
[    0.000000]  modified: 00000000fec00000 - 00000000fec10000 (reserved)
[    0.000000]  modified: 00000000fee00000 - 00000000fee01000 (reserved)
[    0.000000]  modified: 00000000fffe0000 - 0000000100000000 (reserved)
[    0.000000] initial memory mapped : 0 - 01e00000
[    0.000000] init_memory_mapping: 0000000000000000-00000000379fe000
[    0.000000] NX (Execute Disable) protection: active
[    0.000000]  0000000000 - 0000200000 page 4k
[    0.000000]  0000200000 - 0037800000 page 2M
[    0.000000]  0037800000 - 00379fe000 page 4k
[    0.000000] kernel direct mapping tables up to 379fe000 @ 10000-16000
[    0.000000] RAMDISK: 2dcfc000 - 32e758c3
[    0.000000] ACPI: RSDP 000f6b80 00024 (v02 PTLTD )
[    0.000000] ACPI: XSDT 3feed636 0005C (v01 INTEL  440BX    06040000 VMW  01324272)
[    0.000000] ACPI: FACP 3fefee98 000F4 (v04 INTEL  440BX    06040000 PTL  000F4240)
[    0.000000] ACPI: DSDT 3feee366 10B32 (v01 PTLTD  Custom   06040000 MSFT 03000001)
[    0.000000] ACPI: FACS 3fefffc0 00040
[    0.000000] ACPI: BOOT 3feee33e 00028 (v01 PTLTD  $SBFTBL$ 06040000  LTP 00000001)
[    0.000000] ACPI: APIC 3feedc3e 003C2 (v01 PTLTD  ? APIC   06040000  LTP 00000000)
[    0.000000] ACPI: MCFG 3feedc02 0003C (v01 PTLTD  $PCITBL$ 06040000  LTP 00000001)
[    0.000000] ACPI: SRAT 3feed732 004D0 (v02 VMWARE MEMPLUG  06040000 VMW  00000001)
[    0.000000] ACPI: HPET 3feed6fa 00038 (v01 VMWARE VMW HPET 06040000 VMW  00000001)
[    0.000000] ACPI: WAET 3feed6d2 00028 (v01 VMWARE VMW WAET 06040000 VMW  00000001)
[    0.000000] ACPI: Local APIC address 0xfee00000
[    0.000000] 134MB HIGHMEM available.
[    0.000000] 889MB LOWMEM available.
[    0.000000]   mapped low ram: 0 - 379fe000
[    0.000000]   low ram: 0 - 379fe000
[    0.000000]   node 0 low ram: 00000000 - 379fe000
[    0.000000]   node 0 bootmap 00012000 - 00018f40
[    0.000000] (9 early reservations) ==> bootmem [0000000000 - 00379fe000]
[    0.000000]   #0 [0000000000 - 0000001000]   BIOS data page ==> [0000000000 - 0000001000]
[    0.000000]   #1 [0000001000 - 0000002000]    EX TRAMPOLINE ==> [0000001000 - 0000002000]
[    0.000000]   #2 [0000006000 - 0000007000]       TRAMPOLINE ==> [0000006000 - 0000007000]
[    0.000000]   #3 [0001000000 - 0001a75ff8]    TEXT DATA BSS ==> [0001000000 - 0001a75ff8]
[    0.000000]   #4 [002dcfc000 - 0032e758c3]          RAMDISK ==> [002dcfc000 - 0032e758c3]
[    0.000000]   #5 [000009f000 - 0000100000]    BIOS reserved ==> [000009f000 - 0000100000]
[    0.000000]   #6 [0001a76000 - 0001a851c0]              BRK ==> [0001a76000 - 0001a851c0]
[    0.000000]   #7 [0000010000 - 0000012000]          PGTABLE ==> [0000010000 - 0000012000]
[    0.000000]   #8 [0000012000 - 0000019000]          BOOTMAP ==> [0000012000 - 0000019000]
[    0.000000] found SMP MP-table at [c00f6bf0] f6bf0
[    0.000000] Zone PFN ranges:
[    0.000000]   DMA      0x00000010 -> 0x00001000
[    0.000000]   Normal   0x00001000 -> 0x000379fe
[    0.000000]   HighMem  0x000379fe -> 0x00040000
[    0.000000] Movable zone start PFN for each node
[    0.000000] early_node_map[3] active PFN ranges
[    0.000000]     0: 0x00000010 -> 0x0000009f
[    0.000000]     0: 0x00000100 -> 0x0003fee0
[    0.000000]     0: 0x0003ff00 -> 0x00040000
[    0.000000] On node 0 totalpages: 261999
[    0.000000] free_area_init_node: node 0, pgdat c1715200, node_mem_map c1a87200
[    0.000000]   DMA zone: 32 pages used for memmap
[    0.000000]   DMA zone: 0 pages reserved
[    0.000000]   DMA zone: 3951 pages, LIFO batch:0
[    0.000000]   Normal zone: 1748 pages used for memmap
[    0.000000]   Normal zone: 221994 pages, LIFO batch:31
[    0.000000]   HighMem zone: 269 pages used for memmap
[    0.000000]   HighMem zone: 34005 pages, LIFO batch:7
[    0.000000] Using APIC driver default
[    0.000000] ACPI: PM-Timer IO Port: 0x1008
[    0.000000] ACPI: Local APIC address 0xfee00000
[    0.000000] ACPI: LAPIC (acpi_id[0x00] lapic_id[0x00] enabled)
[    0.000000] ACPI: LAPIC (acpi_id[0x01] lapic_id[0x02] disabled)
[    0.000000] ACPI: LAPIC (acpi_id[0x02] lapic_id[0x04] disabled)
[    0.000000] ACPI: LAPIC (acpi_id[0x03] lapic_id[0x06] disabled)
[    0.000000] ACPI: LAPIC (acpi_id[0x04] lapic_id[0x08] disabled)
[    0.000000] ACPI: LAPIC (acpi_id[0x05] lapic_id[0x0a] disabled)
[    0.000000] ACPI: LAPIC (acpi_id[0x06] lapic_id[0x0c] disabled)
[    0.000000] ACPI: LAPIC (acpi_id[0x07] lapic_id[0x0e] disabled)
[    0.000000] ACPI: LAPIC (acpi_id[0x08] lapic_id[0x10] disabled)
[    0.000000] ACPI: LAPIC (acpi_id[0x09] lapic_id[0x12] disabled)
[    0.000000] ACPI: LAPIC (acpi_id[0x0a] lapic_id[0x14] disabled)
[    0.000000] ACPI: LAPIC (acpi_id[0x0b] lapic_id[0x16] disabled)
[    0.000000] ACPI: LAPIC (acpi_id[0x0c] lapic_id[0x18] disabled)
[    0.000000] ACPI: LAPIC (acpi_id[0x0d] lapic_id[0x1a] disabled)
[    0.000000] ACPI: LAPIC (acpi_id[0x0e] lapic_id[0x1c] disabled)
[    0.000000] ACPI: LAPIC (acpi_id[0x0f] lapic_id[0x1e] disabled)
[    0.000000] ACPI: LAPIC (acpi_id[0x10] lapic_id[0x20] disabled)
[    0.000000] ACPI: LAPIC (acpi_id[0x11] lapic_id[0x22] disabled)
[    0.000000] ACPI: LAPIC (acpi_id[0x12] lapic_id[0x24] disabled)
[    0.000000] ACPI: LAPIC (acpi_id[0x13] lapic_id[0x26] disabled)
[    0.000000] ACPI: LAPIC (acpi_id[0x14] lapic_id[0x28] disabled)
[    0.000000] ACPI: LAPIC (acpi_id[0x15] lapic_id[0x2a] disabled)
[    0.000000] ACPI: LAPIC (acpi_id[0x16] lapic_id[0x2c] disabled)
[    0.000000] ACPI: LAPIC (acpi_id[0x17] lapic_id[0x2e] disabled)
[    0.000000] ACPI: LAPIC (acpi_id[0x18] lapic_id[0x30] disabled)
[    0.000000] ACPI: LAPIC (acpi_id[0x19] lapic_id[0x32] disabled)
[    0.000000] ACPI: LAPIC (acpi_id[0x1a] lapic_id[0x34] disabled)
[    0.000000] ACPI: LAPIC (acpi_id[0x1b] lapic_id[0x36] disabled)
[    0.000000] ACPI: LAPIC (acpi_id[0x1c] lapic_id[0x38] disabled)
[    0.000000] ACPI: LAPIC (acpi_id[0x1d] lapic_id[0x3a] disabled)
[    0.000000] ACPI: LAPIC (acpi_id[0x1e] lapic_id[0x3c] disabled)
[    0.000000] ACPI: LAPIC (acpi_id[0x1f] lapic_id[0x3e] disabled)
[    0.000000] ACPI: LAPIC (acpi_id[0x20] lapic_id[0x40] disabled)
[    0.000000] ACPI: LAPIC (acpi_id[0x21] lapic_id[0x42] disabled)
[    0.000000] ACPI: LAPIC (acpi_id[0x22] lapic_id[0x44] disabled)
[    0.000000] ACPI: LAPIC (acpi_id[0x23] lapic_id[0x46] disabled)
[    0.000000] ACPI: LAPIC (acpi_id[0x24] lapic_id[0x48] disabled)
[    0.000000] ACPI: LAPIC (acpi_id[0x25] lapic_id[0x4a] disabled)
[    0.000000] ACPI: LAPIC (acpi_id[0x26] lapic_id[0x4c] disabled)
[    0.000000] ACPI: LAPIC (acpi_id[0x27] lapic_id[0x4e] disabled)
[    0.000000] ACPI: LAPIC (acpi_id[0x28] lapic_id[0x50] disabled)
[    0.000000] ACPI: LAPIC (acpi_id[0x29] lapic_id[0x52] disabled)
[    0.000000] ACPI: LAPIC (acpi_id[0x2a] lapic_id[0x54] disabled)
[    0.000000] ACPI: LAPIC (acpi_id[0x2b] lapic_id[0x56] disabled)
[    0.000000] ACPI: LAPIC (acpi_id[0x2c] lapic_id[0x58] disabled)
[    0.000000] ACPI: LAPIC (acpi_id[0x2d] lapic_id[0x5a] disabled)
[    0.000000] ACPI: LAPIC (acpi_id[0x2e] lapic_id[0x5c] disabled)
[    0.000000] ACPI: LAPIC (acpi_id[0x2f] lapic_id[0x5e] disabled)
[    0.000000] ACPI: LAPIC (acpi_id[0x30] lapic_id[0x60] disabled)
[    0.000000] ACPI: LAPIC (acpi_id[0x31] lapic_id[0x62] disabled)
[    0.000000] ACPI: LAPIC (acpi_id[0x32] lapic_id[0x64] disabled)
[    0.000000] ACPI: LAPIC (acpi_id[0x33] lapic_id[0x66] disabled)
[    0.000000] ACPI: LAPIC (acpi_id[0x34] lapic_id[0x68] disabled)
[    0.000000] ACPI: LAPIC (acpi_id[0x35] lapic_id[0x6a] disabled)
[    0.000000] ACPI: LAPIC (acpi_id[0x36] lapic_id[0x6c] disabled)
[    0.000000] ACPI: LAPIC (acpi_id[0x37] lapic_id[0x6e] disabled)
[    0.000000] ACPI: LAPIC (acpi_id[0x38] lapic_id[0x70] disabled)
[    0.000000] ACPI: LAPIC (acpi_id[0x39] lapic_id[0x72] disabled)
[    0.000000] ACPI: LAPIC (acpi_id[0x3a] lapic_id[0x74] disabled)
[    0.000000] ACPI: LAPIC (acpi_id[0x3b] lapic_id[0x76] disabled)
[    0.000000] ACPI: LAPIC (acpi_id[0x3c] lapic_id[0x78] disabled)
[    0.000000] ACPI: LAPIC (acpi_id[0x3d] lapic_id[0x7a] disabled)
[    0.000000] ACPI: LAPIC (acpi_id[0x3e] lapic_id[0x7c] disabled)
[    0.000000] ACPI: LAPIC (acpi_id[0x3f] lapic_id[0x7e] disabled)
[    0.000000] ACPI: LAPIC_NMI (acpi_id[0x00] high edge lint[0x1])
[    0.000000] ACPI: LAPIC_NMI (acpi_id[0x01] high edge lint[0x1])
[    0.000000] ACPI: LAPIC_NMI (acpi_id[0x02] high edge lint[0x1])
[    0.000000] ACPI: LAPIC_NMI (acpi_id[0x03] high edge lint[0x1])
[    0.000000] ACPI: LAPIC_NMI (acpi_id[0x04] high edge lint[0x1])
[    0.000000] ACPI: LAPIC_NMI (acpi_id[0x05] high edge lint[0x1])
[    0.000000] ACPI: LAPIC_NMI (acpi_id[0x06] high edge lint[0x1])
[    0.000000] ACPI: LAPIC_NMI (acpi_id[0x07] high edge lint[0x1])
[    0.000000] ACPI: LAPIC_NMI (acpi_id[0x08] high edge lint[0x1])
[    0.000000] ACPI: LAPIC_NMI (acpi_id[0x09] high edge lint[0x1])
[    0.000000] ACPI: LAPIC_NMI (acpi_id[0x0a] high edge lint[0x1])
[    0.000000] ACPI: LAPIC_NMI (acpi_id[0x0b] high edge lint[0x1])
[    0.000000] ACPI: LAPIC_NMI (acpi_id[0x0c] high edge lint[0x1])
[    0.000000] ACPI: LAPIC_NMI (acpi_id[0x0d] high edge lint[0x1])
[    0.000000] ACPI: LAPIC_NMI (acpi_id[0x0e] high edge lint[0x1])
[    0.000000] ACPI: LAPIC_NMI (acpi_id[0x0f] high edge lint[0x1])
[    0.000000] ACPI: LAPIC_NMI (acpi_id[0x10] high edge lint[0x1])
[    0.000000] ACPI: LAPIC_NMI (acpi_id[0x11] high edge lint[0x1])
[    0.000000] ACPI: LAPIC_NMI (acpi_id[0x12] high edge lint[0x1])
[    0.000000] ACPI: LAPIC_NMI (acpi_id[0x13] high edge lint[0x1])
[    0.000000] ACPI: LAPIC_NMI (acpi_id[0x14] high edge lint[0x1])
[    0.000000] ACPI: LAPIC_NMI (acpi_id[0x15] high edge lint[0x1])
[    0.000000] ACPI: LAPIC_NMI (acpi_id[0x16] high edge lint[0x1])
[    0.000000] ACPI: LAPIC_NMI (acpi_id[0x17] high edge lint[0x1])
[    0.000000] ACPI: LAPIC_NMI (acpi_id[0x18] high edge lint[0x1])
[    0.000000] ACPI: LAPIC_NMI (acpi_id[0x19] high edge lint[0x1])
[    0.000000] ACPI: LAPIC_NMI (acpi_id[0x1a] high edge lint[0x1])
[    0.000000] ACPI: LAPIC_NMI (acpi_id[0x1b] high edge lint[0x1])
[    0.000000] ACPI: LAPIC_NMI (acpi_id[0x1c] high edge lint[0x1])
[    0.000000] ACPI: LAPIC_NMI (acpi_id[0x1d] high edge lint[0x1])
[    0.000000] ACPI: LAPIC_NMI (acpi_id[0x1e] high edge lint[0x1])
[    0.000000] ACPI: LAPIC_NMI (acpi_id[0x1f] high edge lint[0x1])
[    0.000000] ACPI: LAPIC_NMI (acpi_id[0x20] high edge lint[0x1])
[    0.000000] ACPI: LAPIC_NMI (acpi_id[0x21] high edge lint[0x1])
[    0.000000] ACPI: LAPIC_NMI (acpi_id[0x22] high edge lint[0x1])
[    0.000000] ACPI: LAPIC_NMI (acpi_id[0x23] high edge lint[0x1])
[    0.000000] ACPI: LAPIC_NMI (acpi_id[0x24] high edge lint[0x1])
[    0.000000] ACPI: LAPIC_NMI (acpi_id[0x25] high edge lint[0x1])
[    0.000000] ACPI: LAPIC_NMI (acpi_id[0x26] high edge lint[0x1])
[    0.000000] ACPI: LAPIC_NMI (acpi_id[0x27] high edge lint[0x1])
[    0.000000] ACPI: LAPIC_NMI (acpi_id[0x28] high edge lint[0x1])
[    0.000000] ACPI: LAPIC_NMI (acpi_id[0x29] high edge lint[0x1])
[    0.000000] ACPI: LAPIC_NMI (acpi_id[0x2a] high edge lint[0x1])
[    0.000000] ACPI: LAPIC_NMI (acpi_id[0x2b] high edge lint[0x1])
[    0.000000] ACPI: LAPIC_NMI (acpi_id[0x2c] high edge lint[0x1])
[    0.000000] ACPI: LAPIC_NMI (acpi_id[0x2d] high edge lint[0x1])
[    0.000000] ACPI: LAPIC_NMI (acpi_id[0x2e] high edge lint[0x1])
[    0.000000] ACPI: LAPIC_NMI (acpi_id[0x2f] high edge lint[0x1])
[    0.000000] ACPI: LAPIC_NMI (acpi_id[0x30] high edge lint[0x1])
[    0.000000] ACPI: LAPIC_NMI (acpi_id[0x31] high edge lint[0x1])
[    0.000000] ACPI: LAPIC_NMI (acpi_id[0x32] high edge lint[0x1])
[    0.000000] ACPI: LAPIC_NMI (acpi_id[0x33] high edge lint[0x1])
[    0.000000] ACPI: LAPIC_NMI (acpi_id[0x34] high edge lint[0x1])
[    0.000000] ACPI: LAPIC_NMI (acpi_id[0x35] high edge lint[0x1])
[    0.000000] ACPI: LAPIC_NMI (acpi_id[0x36] high edge lint[0x1])
[    0.000000] ACPI: LAPIC_NMI (acpi_id[0x37] high edge lint[0x1])
[    0.000000] ACPI: LAPIC_NMI (acpi_id[0x38] high edge lint[0x1])
[    0.000000] ACPI: LAPIC_NMI (acpi_id[0x39] high edge lint[0x1])
[    0.000000] ACPI: LAPIC_NMI (acpi_id[0x3a] high edge lint[0x1])
[    0.000000] ACPI: LAPIC_NMI (acpi_id[0x3b] high edge lint[0x1])
[    0.000000] ACPI: LAPIC_NMI (acpi_id[0x3c] high edge lint[0x1])
[    0.000000] ACPI: LAPIC_NMI (acpi_id[0x3d] high edge lint[0x1])
[    0.000000] ACPI: LAPIC_NMI (acpi_id[0x3e] high edge lint[0x1])
[    0.000000] ACPI: LAPIC_NMI (acpi_id[0x3f] high edge lint[0x1])
[    0.000000] ACPI: Skipping IOAPIC probe due to 'noapic' option.
[    0.000000] Using ACPI for processor (LAPIC) configuration information
[    0.000000] ACPI: HPET id: 0x8086af01 base: 0xfed00000
[    0.000000] Intel MultiProcessor Specification v1.4
[    0.000000]     Virtual Wire compatibility mode.
[    0.000000] MPTABLE: OEM ID: INTEL   
[    0.000000] MPTABLE: Product ID: 440BX       
[    0.000000] MPTABLE: APIC at: 0xFEE00000
[    0.000000] I/O APIC #1 Version 17 at 0xFEC00000.
[    0.000000] Processors: 1
[    0.000000] 64 Processors exceeds NR_CPUS limit of 8
[    0.000000] SMP: Allowing 8 CPUs, 7 hotplug CPUs
[    0.000000] nr_irqs_gsi: 24
[    0.000000] PM: Registered nosave memory: 000000000009f000 - 00000000000a0000
[    0.000000] PM: Registered nosave memory: 00000000000a0000 - 00000000000ca000
[    0.000000] PM: Registered nosave memory: 00000000000ca000 - 00000000000cc000
[    0.000000] PM: Registered nosave memory: 00000000000cc000 - 00000000000dc000
[    0.000000] PM: Registered nosave memory: 00000000000dc000 - 0000000000100000
[    0.000000] Allocating PCI resources starting at 40000000 (gap: 40000000:a0000000)
[    0.000000] Booting paravirtualized kernel on bare hardware
[    0.000000] NR_CPUS:8 nr_cpumask_bits:8 nr_cpu_ids:8 nr_node_ids:1
[    0.000000] PERCPU: Embedded 15 pages/cpu @c2400000 s39320 r0 d22120 u262144
[    0.000000] pcpu-alloc: s39320 r0 d22120 u262144 alloc=1*2097152
[    0.000000] pcpu-alloc: [0] 0 1 2 3 4 5 6 7 
[    0.000000] Built 1 zonelists in Zone order, mobility grouping on.  Total pages: 259950
[    0.000000] Kernel command line: BOOT_IMAGE=/boot/vmlinuz-2.6.32.57 root=UUID=007b598c-390d-4c65-84a1-4ff752d48633 ro quiet splash maxcpus=0
[    0.000000] PID hash table entries: 4096 (order: 2, 16384 bytes)
[    0.000000] Dentry cache hash table entries: 131072 (order: 7, 524288 bytes)
[    0.000000] Inode-cache hash table entries: 65536 (order: 6, 262144 bytes)
[    0.000000] Enabling fast FPU save and restore... done.
[    0.000000] Enabling unmasked SIMD FPU exception support... done.
[    0.000000] Initializing CPU#0
[    0.000000] xsave/xrstor: enabled xstate_bv 0x7, cntxt size 0x340
[    0.000000] allocated 5242560 bytes of page_cgroup
[    0.000000] please try 'cgroup_disable=memory' option if you don't want memory cgroups
[    0.000000] Initializing HighMem for node 0 (000379fe:00040000)
[    0.000000] Memory: 938260k/1048576k available (4839k kernel code, 108848k reserved, 2518k data, 652k init, 137096k highmem)
[    0.000000] virtual kernel memory layout:
[    0.000000]     fixmap  : 0xfff1e000 - 0xfffff000   ( 900 kB)
[    0.000000]     pkmap   : 0xffa00000 - 0xffc00000   (2048 kB)
[    0.000000]     vmalloc : 0xf81fe000 - 0xff9fe000   ( 120 MB)
[    0.000000]     lowmem  : 0xc0000000 - 0xf79fe000   ( 889 MB)
[    0.000000]       .init : 0xc1730000 - 0xc17d3000   ( 652 kB)
[    0.000000]       .data : 0xc14b9cce - 0xc172f764   (2518 kB)
[    0.000000]       .text : 0xc1000000 - 0xc14b9cce   (4839 kB)
[    0.000000] Checking if this processor honours the WP bit even in supervisor mode...Ok.
[    0.000000] SLUB: Genslabs=13, HWalign=64, Order=0-3, MinObjects=0, CPUs=8, Nodes=1
[    0.000000] Hierarchical RCU implementation.
[    0.000000] NR_IRQS:2304 nr_irqs:472
[    0.000000] Extended CMOS year: 2000
[    0.000000] Console: colour VGA+ 80x25
[    0.000000] console [tty0] enabled
[    0.000000] hpet clockevent registered
[    0.000000] TSC freq read from hypervisor : 2394.620 MHz
[    0.000000] Detected 2394.620 MHz processor.
[    0.000003] Calibrating delay loop (skipped) preset value.. 4789.24 BogoMIPS (lpj=9578480)
[    0.000012] Security Framework initialized
[    0.000015] SELinux:  Disabled at boot.
[    0.000020] Mount-cache hash table entries: 512
[    0.000124] Initializing cgroup subsys cpuacct
[    0.000127] Initializing cgroup subsys memory
[    0.000131] Initializing cgroup subsys devices
[    0.000132] Initializing cgroup subsys freezer
[    0.000160] CPU: Physical Processor ID: 0
[    0.000168] CPU: L1 I cache: 32K, L1 D cache: 32K
[    0.000169] CPU: L2 cache: 256K
[    0.000170] CPU: L3 cache: 4096K
[    0.000176] mce: CPU supports 0 MCE banks
[    0.000188] Performance Events: no PMU driver, software events only.
[    0.000198] Checking 'hlt' instruction... OK.
[    0.017967] SMP alternatives: switching to UP code
[    0.032487] ACPI: Core revision 20090903
[    0.038841] ACPI: setting ELCR to 0200 (from 0e20)
[    0.039856] ftrace: converting mcount calls to 0f 1f 44 00 00
[    0.039862] ftrace: allocating 22631 entries in 45 pages
[    0.057750] CANARY value: 86381af7 for PID: 1
[    0.057786] Not enabling x2apic, Intr-remapping init failed.
[    0.057787] Enabling APIC mode:  Flat.  Using 1 I/O APICs
[    0.057796] SMP mode deactivated.
[    0.057823] SMP disabled
[    0.057884] Brought up 1 CPUs
[    0.057885] Total of 1 processors activated (4789.24 BogoMIPS).
[    0.057890] CPU0 attaching NULL sched-domain.
[    0.057967] devtmpfs: initialized
[    0.058084] sysctl table check failed: /kernel/random/now_input .1.40.7 Unknown sysctl binary path
[    0.058348] Pid: 1, comm: swapper Not tainted 2.6.32.57 #4
[    0.058349] Call Trace:
[    0.058355]  [<c14a8a0e>] ? printk+0x1d/0x1f
[    0.058358]  [<c107b56f>] set_fail+0x4f/0x60
[    0.058360]  [<c107b8b3>] sysctl_check_table+0x333/0x620
[    0.058364]  [<c107b8cc>] sysctl_check_table+0x34c/0x620
[    0.058366]  [<c107b8cc>] sysctl_check_table+0x34c/0x620
[    0.058371]  [<c1746d48>] sysctl_init+0x25/0x29
[    0.058373]  [<c1003042>] do_one_initcall+0x32/0x1a0
[    0.058377]  [<c1746d23>] ? sysctl_init+0x0/0x29
[    0.058380]  [<c17308e7>] kernel_init+0x12d/0x17a
[    0.058382]  [<c17307ba>] ? kernel_init+0x0/0x17a
[    0.058385]  [<c1009b07>] kernel_thread_helper+0x7/0x10
[    0.058387] sysctl table check failed: /kernel/random/now_blocking .1.40.8 Unknown sysctl binary path
[    0.058675] Pid: 1, comm: swapper Not tainted 2.6.32.57 #4
[    0.058676] Call Trace:
[    0.058679]  [<c14a8a0e>] ? printk+0x1d/0x1f
[    0.058681]  [<c107b56f>] set_fail+0x4f/0x60
[    0.058683]  [<c107b8b3>] sysctl_check_table+0x333/0x620
[    0.058684]  [<c107b8cc>] sysctl_check_table+0x34c/0x620
[    0.058686]  [<c107b8cc>] sysctl_check_table+0x34c/0x620
[    0.058689]  [<c1746d48>] sysctl_init+0x25/0x29
[    0.058690]  [<c1003042>] do_one_initcall+0x32/0x1a0
[    0.058693]  [<c1746d23>] ? sysctl_init+0x0/0x29
[    0.058695]  [<c17308e7>] kernel_init+0x12d/0x17a
[    0.058696]  [<c17307ba>] ? kernel_init+0x0/0x17a
[    0.058698]  [<c1009b07>] kernel_thread_helper+0x7/0x10
[    0.058700] sysctl table check failed: /kernel/random/now_nonblocking .1.40.9 Unknown sysctl binary path
[    0.058947] Pid: 1, comm: swapper Not tainted 2.6.32.57 #4
[    0.058948] Call Trace:
[    0.058950]  [<c14a8a0e>] ? printk+0x1d/0x1f
[    0.058951]  [<c107b56f>] set_fail+0x4f/0x60
[    0.058953]  [<c107b8b3>] sysctl_check_table+0x333/0x620
[    0.058955]  [<c107b8cc>] sysctl_check_table+0x34c/0x620
[    0.058956]  [<c107b8cc>] sysctl_check_table+0x34c/0x620
[    0.058959]  [<c1746d48>] sysctl_init+0x25/0x29
[    0.058961]  [<c1003042>] do_one_initcall+0x32/0x1a0
[    0.058964]  [<c1746d23>] ? sysctl_init+0x0/0x29
[    0.058967]  [<c17308e7>] kernel_init+0x12d/0x17a
[    0.058969]  [<c17307ba>] ? kernel_init+0x0/0x17a
[    0.058972]  [<c1009b07>] kernel_thread_helper+0x7/0x10
[    0.058974] sysctl table check failed: /kernel/random/nb_input_bytes .1.40.10 Unknown sysctl binary path
[    0.059234] Pid: 1, comm: swapper Not tainted 2.6.32.57 #4
[    0.059235] Call Trace:
[    0.059237]  [<c14a8a0e>] ? printk+0x1d/0x1f
[    0.059239]  [<c107b56f>] set_fail+0x4f/0x60
[    0.059240]  [<c107b8b3>] sysctl_check_table+0x333/0x620
[    0.059242]  [<c107b8cc>] sysctl_check_table+0x34c/0x620
[    0.059244]  [<c107b8cc>] sysctl_check_table+0x34c/0x620
[    0.059246]  [<c1746d48>] sysctl_init+0x25/0x29
[    0.059248]  [<c1003042>] do_one_initcall+0x32/0x1a0
[    0.059250]  [<c1746d23>] ? sysctl_init+0x0/0x29
[    0.059252]  [<c17308e7>] kernel_init+0x12d/0x17a
[    0.059253]  [<c17307ba>] ? kernel_init+0x0/0x17a
[    0.059255]  [<c1009b07>] kernel_thread_helper+0x7/0x10
[    0.059257] sysctl table check failed: /kernel/random/nb_stir_count .1.40.11 Unknown sysctl binary path
[    0.059530] Pid: 1, comm: swapper Not tainted 2.6.32.57 #4
[    0.059531] Call Trace:
[    0.059534]  [<c14a8a0e>] ? printk+0x1d/0x1f
[    0.059536]  [<c107b56f>] set_fail+0x4f/0x60
[    0.059538]  [<c107b8b3>] sysctl_check_table+0x333/0x620
[    0.059540]  [<c107b8cc>] sysctl_check_table+0x34c/0x620
[    0.059543]  [<c107b8cc>] sysctl_check_table+0x34c/0x620
[    0.059546]  [<c1746d48>] sysctl_init+0x25/0x29
[    0.059548]  [<c1003042>] do_one_initcall+0x32/0x1a0
[    0.059551]  [<c1746d23>] ? sysctl_init+0x0/0x29
[    0.059553]  [<c17308e7>] kernel_init+0x12d/0x17a
[    0.059556]  [<c17307ba>] ? kernel_init+0x0/0x17a
[    0.059558]  [<c1009b07>] kernel_thread_helper+0x7/0x10
[    0.059561] sysctl table check failed: /kernel/random/nb_reentry_count .1.40.12 Unknown sysctl binary path
[    0.059812] Pid: 1, comm: swapper Not tainted 2.6.32.57 #4
[    0.059812] Call Trace:
[    0.059814]  [<c14a8a0e>] ? printk+0x1d/0x1f
[    0.059816]  [<c107b56f>] set_fail+0x4f/0x60
[    0.059817]  [<c107b8b3>] sysctl_check_table+0x333/0x620
[    0.059819]  [<c107b8cc>] sysctl_check_table+0x34c/0x620
[    0.059821]  [<c107b8cc>] sysctl_check_table+0x34c/0x620
[    0.059823]  [<c1746d48>] sysctl_init+0x25/0x29
[    0.059825]  [<c1003042>] do_one_initcall+0x32/0x1a0
[    0.059827]  [<c1746d23>] ? sysctl_init+0x0/0x29
[    0.059829]  [<c17308e7>] kernel_init+0x12d/0x17a
[    0.059830]  [<c17307ba>] ? kernel_init+0x0/0x17a
[    0.059832]  [<c1009b07>] kernel_thread_helper+0x7/0x10
[    0.059968] RANDOM - __seed init called.
[    0.059969] RANDOM - __seed init called.
[    0.059970] RANDOM - __seed init called.
[    0.059971] RANDOM - __random32 called. Change num 1.  Value: 7576a435	efb61e22	b7f78320
[    0.059973] RANDOM - __random32 called. Change num 2.  Value: 6a43543e	fb61e228	6410973
[    0.059974] RANDOM - __random32 called. Change num 3.  Value: 3543e018	b61e228b	12e68928
[    0.059975] RANDOM - __random32 called. Change num 4.  Value: 3e018928	61e228b7	1250ba58
[    0.059977] RANDOM - __random32 called. Change num 5.  Value: 189281e4	1e228b73	74b01aad
[    0.059978] RANDOM - __random32 called. Change num 6.  Value: 281e4915	e228b733	355a2619
[    0.059979] RANDOM - random32 init called.  Value: 281e4915	e228b733	355a2619
[    0.059986] regulator: core version 0.5
[    0.060078] Time: 21:39:27  Date: 05/24/13
[    0.060119] NET: Registered protocol family 16
[    0.060188] EISA bus registered
[    0.060985] ACPI: bus type pci registered
[    0.061090] PCI: MCFG configuration 0: base e0000000 segment 0 buses 0 - 255
[    0.061092] PCI: MCFG area at e0000000 reserved in E820
[    0.061093] PCI: Using MMCONFIG for extended config space
[    0.061094] PCI: Using configuration type 1 for base access
[    0.061664] bio: create slab <bio-0> at 0
[    0.063013] ACPI: EC: Look up EC in DSDT
[    0.109170] ACPI: BIOS _OSI(Linux) query ignored
[    0.115121] ACPI: Interpreter enabled
[    0.115125] ACPI: (supports S0 S1 S4 S5)
[    0.115137] ACPI: Using PIC for interrupt routing
[    0.206008] ACPI: No dock devices found.
[    0.206953] ACPI: PCI Root Bridge [PCI0] (0000:00)
[    0.208825] pci 0000:00:07.1: reg 20 io port: [0x10c0-0x10cf]
[    0.209351] pci 0000:00:07.3: quirk: region 1000-103f claimed by PIIX4 ACPI
[    0.209363] pci 0000:00:07.3: quirk: region 1040-104f claimed by PIIX4 SMB
[    0.209926] pci 0000:00:07.7: reg 10 io port: [0x1080-0x10bf]
[    0.210346] pci 0000:00:07.7: reg 14 64bit mmio: [0xc8000000-0xc8001fff]
[    0.211660] pci 0000:00:0f.0: reg 10 io port: [0x10d0-0x10df]
[    0.211734] pci 0000:00:0f.0: reg 14 32bit mmio pref: [0xd0000000-0xd7ffffff]
[    0.211787] pci 0000:00:0f.0: reg 18 32bit mmio: [0xc8800000-0xc8ffffff]
[    0.211973] pci 0000:00:0f.0: reg 30 32bit mmio pref: [0x000000-0x007fff]
[    0.212751] pci 0000:00:10.0: reg 10 io port: [0x1400-0x14ff]
[    0.213329] pci 0000:00:10.0: reg 14 64bit mmio: [0xc8040000-0xc805ffff]
[    0.213879] pci 0000:00:10.0: reg 1c 64bit mmio: [0xc8020000-0xc803ffff]
[    0.213986] pci 0000:00:10.0: reg 30 32bit mmio pref: [0x000000-0x003fff]
[    0.215603] pci 0000:00:15.0: PME# supported from D0 D3hot D3cold
[    0.215625] pci 0000:00:15.0: PME# disabled
[    0.216615] pci 0000:00:15.1: PME# supported from D0 D3hot D3cold
[    0.216636] pci 0000:00:15.1: PME# disabled
[    0.217500] pci 0000:00:15.2: PME# supported from D0 D3hot D3cold
[    0.217520] pci 0000:00:15.2: PME# disabled
[    0.218453] pci 0000:00:15.3: PME# supported from D0 D3hot D3cold
[    0.218482] pci 0000:00:15.3: PME# disabled
[    0.219569] pci 0000:00:15.4: PME# supported from D0 D3hot D3cold
[    0.219589] pci 0000:00:15.4: PME# disabled
[    0.220471] pci 0000:00:15.5: PME# supported from D0 D3hot D3cold
[    0.220492] pci 0000:00:15.5: PME# disabled
[    0.221365] pci 0000:00:15.6: PME# supported from D0 D3hot D3cold
[    0.221386] pci 0000:00:15.6: PME# disabled
[    0.222251] pci 0000:00:15.7: PME# supported from D0 D3hot D3cold
[    0.222271] pci 0000:00:15.7: PME# disabled
[    0.223129] pci 0000:00:16.0: PME# supported from D0 D3hot D3cold
[    0.223150] pci 0000:00:16.0: PME# disabled
[    0.224042] pci 0000:00:16.1: PME# supported from D0 D3hot D3cold
[    0.224062] pci 0000:00:16.1: PME# disabled
[    0.224924] pci 0000:00:16.2: PME# supported from D0 D3hot D3cold
[    0.224944] pci 0000:00:16.2: PME# disabled
[    0.225864] pci 0000:00:16.3: PME# supported from D0 D3hot D3cold
[    0.225885] pci 0000:00:16.3: PME# disabled
[    0.227168] pci 0000:00:16.4: PME# supported from D0 D3hot D3cold
[    0.227266] pci 0000:00:16.4: PME# disabled
[    0.228688] pci 0000:00:16.5: PME# supported from D0 D3hot D3cold
[    0.228733] pci 0000:00:16.5: PME# disabled
[    0.233376] pci 0000:00:16.6: PME# supported from D0 D3hot D3cold
[    0.233408] pci 0000:00:16.6: PME# disabled
[    0.234775] pci 0000:00:16.7: PME# supported from D0 D3hot D3cold
[    0.234803] pci 0000:00:16.7: PME# disabled
[    0.235987] pci 0000:00:17.0: PME# supported from D0 D3hot D3cold
[    0.236014] pci 0000:00:17.0: PME# disabled
[    0.237480] pci 0000:00:17.1: PME# supported from D0 D3hot D3cold
[    0.237520] pci 0000:00:17.1: PME# disabled
[    0.238678] pci 0000:00:17.2: PME# supported from D0 D3hot D3cold
[    0.238706] pci 0000:00:17.2: PME# disabled
[    0.239898] pci 0000:00:17.3: PME# supported from D0 D3hot D3cold
[    0.239925] pci 0000:00:17.3: PME# disabled
[    0.241020] pci 0000:00:17.4: PME# supported from D0 D3hot D3cold
[    0.241046] pci 0000:00:17.4: PME# disabled
[    0.242107] pci 0000:00:17.5: PME# supported from D0 D3hot D3cold
[    0.242128] pci 0000:00:17.5: PME# disabled
[    0.243008] pci 0000:00:17.6: PME# supported from D0 D3hot D3cold
[    0.243029] pci 0000:00:17.6: PME# disabled
[    0.243911] pci 0000:00:17.7: PME# supported from D0 D3hot D3cold
[    0.243932] pci 0000:00:17.7: PME# disabled
[    0.244796] pci 0000:00:18.0: PME# supported from D0 D3hot D3cold
[    0.244817] pci 0000:00:18.0: PME# disabled
[    0.245674] pci 0000:00:18.1: PME# supported from D0 D3hot D3cold
[    0.245694] pci 0000:00:18.1: PME# disabled
[    0.246853] pci 0000:00:18.2: PME# supported from D0 D3hot D3cold
[    0.246884] pci 0000:00:18.2: PME# disabled
[    0.248127] pci 0000:00:18.3: PME# supported from D0 D3hot D3cold
[    0.248156] pci 0000:00:18.3: PME# disabled
[    0.249395] pci 0000:00:18.4: PME# supported from D0 D3hot D3cold
[    0.249419] pci 0000:00:18.4: PME# disabled
[    0.250398] pci 0000:00:18.5: PME# supported from D0 D3hot D3cold
[    0.250421] pci 0000:00:18.5: PME# disabled
[    0.252074] pci 0000:00:18.6: PME# supported from D0 D3hot D3cold
[    0.252099] pci 0000:00:18.6: PME# disabled
[    0.253143] pci 0000:00:18.7: PME# supported from D0 D3hot D3cold
[    0.253168] pci 0000:00:18.7: PME# disabled
[    0.254630] pci 0000:02:00.0: reg 20 io port: [0x20c0-0x20df]
[    0.255364] pci 0000:02:01.0: reg 10 io port: [0x2000-0x207f]
[    0.255634] pci 0000:02:01.0: reg 30 32bit mmio pref: [0x000000-0x00ffff]
[    0.256551] pci 0000:02:02.0: reg 10 io port: [0x2080-0x20bf]
[    0.257569] pci 0000:02:03.0: reg 10 32bit mmio: [0xc9000000-0xc9000fff]
[    0.258214] pci 0000:00:11.0: transparent bridge
[    0.258237] pci 0000:00:11.0: bridge io port: [0x2000-0x3fff]
[    0.258261] pci 0000:00:11.0: bridge 32bit mmio: [0xc9000000-0xca3fffff]
[    0.258305] pci 0000:00:11.0: bridge 64bit mmio pref: [0xd8400000-0xd89fffff]
[    0.258724] pci 0000:00:15.0: bridge io port: [0x4000-0x4fff]
[    0.258747] pci 0000:00:15.0: bridge 32bit mmio: [0xca400000-0xca4fffff]
[    0.258789] pci 0000:00:15.0: bridge 64bit mmio pref: [0xd8a00000-0xd8afffff]
[    0.259214] pci 0000:00:15.1: bridge io port: [0x8000-0x8fff]
[    0.259244] pci 0000:00:15.1: bridge 32bit mmio: [0xca800000-0xca8fffff]
[    0.259300] pci 0000:00:15.1: bridge 64bit mmio pref: [0xd8e00000-0xd8efffff]
[    0.259834] pci 0000:00:15.2: bridge io port: [0xc000-0xcfff]
[    0.259867] pci 0000:00:15.2: bridge 32bit mmio: [0xcac00000-0xcacfffff]
[    0.259929] pci 0000:00:15.2: bridge 64bit mmio pref: [0xd9200000-0xd92fffff]
[    0.260558] pci 0000:00:15.3: bridge 32bit mmio: [0xcb000000-0xcb0fffff]
[    0.260607] pci 0000:00:15.3: bridge 64bit mmio pref: [0xd9600000-0xd96fffff]
[    0.261407] pci 0000:00:15.4: bridge 32bit mmio: [0xcb400000-0xcb4fffff]
[    0.261458] pci 0000:00:15.4: bridge 64bit mmio pref: [0xd9a00000-0xd9afffff]
[    0.261873] pci 0000:00:15.5: bridge 32bit mmio: [0xcb800000-0xcb8fffff]
[    0.261912] pci 0000:00:15.5: bridge 64bit mmio pref: [0xd9e00000-0xd9efffff]
[    0.262300] pci 0000:00:15.6: bridge 32bit mmio: [0xcbc00000-0xcbcfffff]
[    0.262338] pci 0000:00:15.6: bridge 64bit mmio pref: [0xda200000-0xda2fffff]
[    0.262722] pci 0000:00:15.7: bridge 32bit mmio: [0xcc000000-0xcc0fffff]
[    0.262760] pci 0000:00:15.7: bridge 64bit mmio pref: [0xda600000-0xda6fffff]
[    0.263130] pci 0000:00:16.0: bridge io port: [0x5000-0x5fff]
[    0.263151] pci 0000:00:16.0: bridge 32bit mmio: [0xca500000-0xca5fffff]
[    0.263289] pci 0000:00:16.0: bridge 64bit mmio pref: [0xd8b00000-0xd8bfffff]
[    0.263965] pci 0000:00:16.1: bridge io port: [0x9000-0x9fff]
[    0.263987] pci 0000:00:16.1: bridge 32bit mmio: [0xca900000-0xca9fffff]
[    0.264026] pci 0000:00:16.1: bridge 64bit mmio pref: [0xd8f00000-0xd8ffffff]
[    0.264393] pci 0000:00:16.2: bridge io port: [0xd000-0xdfff]
[    0.264413] pci 0000:00:16.2: bridge 32bit mmio: [0xcad00000-0xcadfffff]
[    0.264453] pci 0000:00:16.2: bridge 64bit mmio pref: [0xd9300000-0xd93fffff]
[    0.264835] pci 0000:00:16.3: bridge 32bit mmio: [0xcb100000-0xcb1fffff]
[    0.264874] pci 0000:00:16.3: bridge 64bit mmio pref: [0xd9700000-0xd97fffff]
[    0.265253] pci 0000:00:16.4: bridge 32bit mmio: [0xcb500000-0xcb5fffff]
[    0.265292] pci 0000:00:16.4: bridge 64bit mmio pref: [0xd9b00000-0xd9bfffff]
[    0.265677] pci 0000:00:16.5: bridge 32bit mmio: [0xcb900000-0xcb9fffff]
[    0.265729] pci 0000:00:16.5: bridge 64bit mmio pref: [0xd9f00000-0xd9ffffff]
[    0.266287] pci 0000:00:16.6: bridge 32bit mmio: [0xcbd00000-0xcbdfffff]
[    0.266345] pci 0000:00:16.6: bridge 64bit mmio pref: [0xda300000-0xda3fffff]
[    0.266901] pci 0000:00:16.7: bridge 32bit mmio: [0xcc100000-0xcc1fffff]
[    0.266954] pci 0000:00:16.7: bridge 64bit mmio pref: [0xda700000-0xda7fffff]
[    0.267451] pci 0000:00:17.0: bridge io port: [0x6000-0x6fff]
[    0.267479] pci 0000:00:17.0: bridge 32bit mmio: [0xca600000-0xca6fffff]
[    0.267530] pci 0000:00:17.0: bridge 64bit mmio pref: [0xd8c00000-0xd8cfffff]
[    0.267965] pci 0000:00:17.1: bridge io port: [0xa000-0xafff]
[    0.267985] pci 0000:00:17.1: bridge 32bit mmio: [0xcaa00000-0xcaafffff]
[    0.268024] pci 0000:00:17.1: bridge 64bit mmio pref: [0xd9000000-0xd90fffff]
[    0.268387] pci 0000:00:17.2: bridge io port: [0xe000-0xefff]
[    0.268408] pci 0000:00:17.2: bridge 32bit mmio: [0xcae00000-0xcaefffff]
[    0.268446] pci 0000:00:17.2: bridge 64bit mmio pref: [0xd9400000-0xd94fffff]
[    0.268900] pci 0000:00:17.3: bridge 32bit mmio: [0xcb200000-0xcb2fffff]
[    0.268959] pci 0000:00:17.3: bridge 64bit mmio pref: [0xd9800000-0xd98fffff]
[    0.269510] pci 0000:00:17.4: bridge 32bit mmio: [0xcb600000-0xcb6fffff]
[    0.269563] pci 0000:00:17.4: bridge 64bit mmio pref: [0xd9c00000-0xd9cfffff]
[    0.270386] pci 0000:00:17.5: bridge 32bit mmio: [0xcba00000-0xcbafffff]
[    0.270443] pci 0000:00:17.5: bridge 64bit mmio pref: [0xda000000-0xda0fffff]
[    0.271023] pci 0000:00:17.6: bridge 32bit mmio: [0xcbe00000-0xcbefffff]
[    0.271086] pci 0000:00:17.6: bridge 64bit mmio pref: [0xda400000-0xda4fffff]
[    0.271822] pci 0000:00:17.7: bridge 32bit mmio: [0xcc200000-0xcc2fffff]
[    0.271887] pci 0000:00:17.7: bridge 64bit mmio pref: [0xda800000-0xda8fffff]
[    0.272562] pci 0000:00:18.0: bridge io port: [0x7000-0x7fff]
[    0.272593] pci 0000:00:18.0: bridge 32bit mmio: [0xca700000-0xca7fffff]
[    0.272664] pci 0000:00:18.0: bridge 64bit mmio pref: [0xd8d00000-0xd8dfffff]
[    0.273303] pci 0000:00:18.1: bridge io port: [0xb000-0xbfff]
[    0.273340] pci 0000:00:18.1: bridge 32bit mmio: [0xcab00000-0xcabfffff]
[    0.273409] pci 0000:00:18.1: bridge 64bit mmio pref: [0xd9100000-0xd91fffff]
[    0.274110] pci 0000:00:18.2: bridge io port: [0xf000-0xffff]
[    0.274162] pci 0000:00:18.2: bridge 32bit mmio: [0xcaf00000-0xcaffffff]
[    0.274224] pci 0000:00:18.2: bridge 64bit mmio pref: [0xd9500000-0xd95fffff]
[    0.274726] pci 0000:00:18.3: bridge 32bit mmio: [0xcb300000-0xcb3fffff]
[    0.274776] pci 0000:00:18.3: bridge 64bit mmio pref: [0xd9900000-0xd99fffff]
[    0.275205] pci 0000:00:18.4: bridge 32bit mmio: [0xcb700000-0xcb7fffff]
[    0.275244] pci 0000:00:18.4: bridge 64bit mmio pref: [0xd9d00000-0xd9dfffff]
[    0.275719] pci 0000:00:18.5: bridge 32bit mmio: [0xcbb00000-0xcbbfffff]
[    0.275757] pci 0000:00:18.5: bridge 64bit mmio pref: [0xda100000-0xda1fffff]
[    0.276137] pci 0000:00:18.6: bridge 32bit mmio: [0xcbf00000-0xcbffffff]
[    0.276189] pci 0000:00:18.6: bridge 64bit mmio pref: [0xda500000-0xda5fffff]
[    0.276567] pci 0000:00:18.7: bridge 32bit mmio: [0xcc300000-0xcc3fffff]
[    0.276605] pci 0000:00:18.7: bridge 64bit mmio pref: [0xda900000-0xda9fffff]
[    0.278087] pci_bus 0000:00: on NUMA node 0
[    0.278096] ACPI: PCI Interrupt Routing Table [\_SB_.PCI0._PRT]
[    0.550419] ACPI: PCI Interrupt Link [LNKA] (IRQs 3 4 5 6 7 *9 10 11 14 15)
[    0.550574] ACPI: PCI Interrupt Link [LNKB] (IRQs 3 4 5 6 7 9 10 *11 14 15)
[    0.550724] ACPI: PCI Interrupt Link [LNKC] (IRQs 3 4 5 6 7 9 *10 11 14 15)
[    0.550887] ACPI: PCI Interrupt Link [LNKD] (IRQs 3 4 *5 6 7 9 10 11 14 15)
[    0.551031] vgaarb: device added: PCI:0000:00:0f.0,decodes=io+mem,owns=io+mem,locks=none
[    0.551046] vgaarb: loaded
[    0.551160] SCSI subsystem initialized
[    0.551216] libata version 3.00 loaded.
[    0.551277] usbcore: registered new interface driver usbfs
[    0.551294] usbcore: registered new interface driver hub
[    0.551323] usbcore: registered new device driver usb
[    0.551421] PCI: Using ACPI for IRQ routing
[    0.552497] NetLabel: Initializing
[    0.552499] NetLabel:  domain hash size = 128
[    0.552499] NetLabel:  protocols = UNLABELED CIPSOv4
[    0.552507] NetLabel:  unlabeled traffic allowed by default
[    0.552550] hpet0: at MMIO 0xfed00000, IRQs 2, 8, 0, 0, 0, 0, 0, 0, 0, 0, 0, 0, 0, 0, 0, 0
[    0.552556] hpet0: 16 comparators, 64-bit 14.318180 MHz counter
[    0.554579] Switching to clocksource tsc
[    0.561833] pnp: PnP ACPI init
[    0.561845] ACPI: bus type pnp registered
[    0.605736] pnp: PnP ACPI: found 14 devices
[    0.605739] ACPI: ACPI bus type pnp unregistered
[    0.605742] PnPBIOS: Disabled by ACPI PNP
[    0.605757] system 00:01: ioport range 0x1000-0x103f has been reserved
[    0.605758] system 00:01: ioport range 0x1040-0x104f has been reserved
[    0.605760] system 00:01: ioport range 0xcf0-0xcf1 has been reserved
[    0.605767] system 00:08: iomem range 0xfed00000-0xfed003ff has been reserved
[    0.605771] system 00:0d: ioport range 0x1060-0x107f has been reserved
[    0.605774] system 00:0d: iomem range 0xe0000000-0xefffffff has been reserved
[    0.605775] system 00:0d: iomem range 0xc8200000-0xc83fffff has been reserved
[    0.642496] pci 0000:00:15.3: BAR 13: can't allocate I/O resource [0x10000-0xffff]
[    0.642527] pci 0000:00:15.4: BAR 13: can't allocate I/O resource [0x10000-0xffff]
[    0.642532] pci 0000:00:15.5: BAR 13: can't allocate I/O resource [0x10000-0xffff]
[    0.642565] pci 0000:00:15.6: BAR 13: can't allocate I/O resource [0x10000-0xffff]
[    0.642569] pci 0000:00:15.7: BAR 13: can't allocate I/O resource [0x10000-0xffff]
[    0.642572] pci 0000:00:16.3: BAR 13: can't allocate I/O resource [0x10000-0xffff]
[    0.642575] pci 0000:00:16.4: BAR 13: can't allocate I/O resource [0x10000-0xffff]
[    0.642577] pci 0000:00:16.5: BAR 13: can't allocate I/O resource [0x10000-0xffff]
[    0.642580] pci 0000:00:16.6: BAR 13: can't allocate I/O resource [0x10000-0xffff]
[    0.642583] pci 0000:00:16.7: BAR 13: can't allocate I/O resource [0x10000-0xffff]
[    0.642586] pci 0000:00:17.3: BAR 13: can't allocate I/O resource [0x10000-0xffff]
[    0.642589] pci 0000:00:17.4: BAR 13: can't allocate I/O resource [0x10000-0xffff]
[    0.642592] pci 0000:00:17.5: BAR 13: can't allocate I/O resource [0x10000-0xffff]
[    0.642595] pci 0000:00:17.6: BAR 13: can't allocate I/O resource [0x10000-0xffff]
[    0.642598] pci 0000:00:17.7: BAR 13: can't allocate I/O resource [0x10000-0xffff]
[    0.642600] pci 0000:00:18.3: BAR 13: can't allocate I/O resource [0x10000-0xffff]
[    0.642603] pci 0000:00:18.4: BAR 13: can't allocate I/O resource [0x10000-0xffff]
[    0.642606] pci 0000:00:18.5: BAR 13: can't allocate I/O resource [0x10000-0xffff]
[    0.642609] pci 0000:00:18.6: BAR 13: can't allocate I/O resource [0x10000-0xffff]
[    0.642612] pci 0000:00:18.7: BAR 13: can't allocate I/O resource [0x10000-0xffff]
[    0.642614] pci 0000:00:01.0: PCI bridge, secondary bus 0000:01
[    0.642616] pci 0000:00:01.0:   IO window: disabled
[    0.642651] pci 0000:00:01.0:   MEM window: disabled
[    0.642674] pci 0000:00:01.0:   PREFETCH window: disabled
[    0.642721] pci 0000:00:11.0: PCI bridge, secondary bus 0000:02
[    0.642735] pci 0000:00:11.0:   IO window: 0x2000-0x3fff
[    0.642768] pci 0000:00:11.0:   MEM window: 0xc9000000-0xca3fffff
[    0.642792] pci 0000:00:11.0:   PREFETCH window: 0x000000d8400000-0x000000d89fffff
[    0.642835] pci 0000:00:15.0: PCI bridge, secondary bus 0000:03
[    0.642848] pci 0000:00:15.0:   IO window: 0x4000-0x4fff
[    0.642881] pci 0000:00:15.0:   MEM window: 0xca400000-0xca4fffff
[    0.642904] pci 0000:00:15.0:   PREFETCH window: 0x000000d8a00000-0x000000d8afffff
[    0.642962] pci 0000:00:15.1: PCI bridge, secondary bus 0000:04
[    0.642975] pci 0000:00:15.1:   IO window: 0x8000-0x8fff
[    0.643008] pci 0000:00:15.1:   MEM window: 0xca800000-0xca8fffff
[    0.643031] pci 0000:00:15.1:   PREFETCH window: 0x000000d8e00000-0x000000d8efffff
[    0.643079] pci 0000:00:15.2: PCI bridge, secondary bus 0000:05
[    0.643092] pci 0000:00:15.2:   IO window: 0xc000-0xcfff
[    0.643126] pci 0000:00:15.2:   MEM window: 0xcac00000-0xcacfffff
[    0.643148] pci 0000:00:15.2:   PREFETCH window: 0x000000d9200000-0x000000d92fffff
[    0.643196] pci 0000:00:15.3: PCI bridge, secondary bus 0000:06
[    0.643198] pci 0000:00:15.3:   IO window: disabled
[    0.643234] pci 0000:00:15.3:   MEM window: 0xcb000000-0xcb0fffff
[    0.643256] pci 0000:00:15.3:   PREFETCH window: 0x000000d9600000-0x000000d96fffff
[    0.643304] pci 0000:00:15.4: PCI bridge, secondary bus 0000:07
[    0.643306] pci 0000:00:15.4:   IO window: disabled
[    0.643339] pci 0000:00:15.4:   MEM window: 0xcb400000-0xcb4fffff
[    0.643361] pci 0000:00:15.4:   PREFETCH window: 0x000000d9a00000-0x000000d9afffff
[    0.643409] pci 0000:00:15.5: PCI bridge, secondary bus 0000:08
[    0.643411] pci 0000:00:15.5:   IO window: disabled
[    0.643444] pci 0000:00:15.5:   MEM window: 0xcb800000-0xcb8fffff
[    0.643467] pci 0000:00:15.5:   PREFETCH window: 0x000000d9e00000-0x000000d9efffff
[    0.643521] pci 0000:00:15.6: PCI bridge, secondary bus 0000:09
[    0.643523] pci 0000:00:15.6:   IO window: disabled
[    0.643556] pci 0000:00:15.6:   MEM window: 0xcbc00000-0xcbcfffff
[    0.643579] pci 0000:00:15.6:   PREFETCH window: 0x000000da200000-0x000000da2fffff
[    0.643626] pci 0000:00:15.7: PCI bridge, secondary bus 0000:0a
[    0.643628] pci 0000:00:15.7:   IO window: disabled
[    0.643661] pci 0000:00:15.7:   MEM window: 0xcc000000-0xcc0fffff
[    0.643683] pci 0000:00:15.7:   PREFETCH window: 0x000000da600000-0x000000da6fffff
[    0.643731] pci 0000:00:16.0: PCI bridge, secondary bus 0000:0b
[    0.643744] pci 0000:00:16.0:   IO window: 0x5000-0x5fff
[    0.643777] pci 0000:00:16.0:   MEM window: 0xca500000-0xca5fffff
[    0.643800] pci 0000:00:16.0:   PREFETCH window: 0x000000d8b00000-0x000000d8bfffff
[    0.643847] pci 0000:00:16.1: PCI bridge, secondary bus 0000:0c
[    0.643860] pci 0000:00:16.1:   IO window: 0x9000-0x9fff
[    0.643893] pci 0000:00:16.1:   MEM window: 0xca900000-0xca9fffff
[    0.643916] pci 0000:00:16.1:   PREFETCH window: 0x000000d8f00000-0x000000d8ffffff
[    0.643964] pci 0000:00:16.2: PCI bridge, secondary bus 0000:0d
[    0.643977] pci 0000:00:16.2:   IO window: 0xd000-0xdfff
[    0.644010] pci 0000:00:16.2:   MEM window: 0xcad00000-0xcadfffff
[    0.644033] pci 0000:00:16.2:   PREFETCH window: 0x000000d9300000-0x000000d93fffff
[    0.644080] pci 0000:00:16.3: PCI bridge, secondary bus 0000:0e
[    0.644082] pci 0000:00:16.3:   IO window: disabled
[    0.644115] pci 0000:00:16.3:   MEM window: 0xcb100000-0xcb1fffff
[    0.644138] pci 0000:00:16.3:   PREFETCH window: 0x000000d9700000-0x000000d97fffff
[    0.644185] pci 0000:00:16.4: PCI bridge, secondary bus 0000:0f
[    0.644186] pci 0000:00:16.4:   IO window: disabled
[    0.644219] pci 0000:00:16.4:   MEM window: 0xcb500000-0xcb5fffff
[    0.644242] pci 0000:00:16.4:   PREFETCH window: 0x000000d9b00000-0x000000d9bfffff
[    0.644290] pci 0000:00:16.5: PCI bridge, secondary bus 0000:10
[    0.644291] pci 0000:00:16.5:   IO window: disabled
[    0.644325] pci 0000:00:16.5:   MEM window: 0xcb900000-0xcb9fffff
[    0.644347] pci 0000:00:16.5:   PREFETCH window: 0x000000d9f00000-0x000000d9ffffff
[    0.644395] pci 0000:00:16.6: PCI bridge, secondary bus 0000:11
[    0.644396] pci 0000:00:16.6:   IO window: disabled
[    0.644429] pci 0000:00:16.6:   MEM window: 0xcbd00000-0xcbdfffff
[    0.644452] pci 0000:00:16.6:   PREFETCH window: 0x000000da300000-0x000000da3fffff
[    0.644512] pci 0000:00:16.7: PCI bridge, secondary bus 0000:12
[    0.644514] pci 0000:00:16.7:   IO window: disabled
[    0.644547] pci 0000:00:16.7:   MEM window: 0xcc100000-0xcc1fffff
[    0.644570] pci 0000:00:16.7:   PREFETCH window: 0x000000da700000-0x000000da7fffff
[    0.644617] pci 0000:00:17.0: PCI bridge, secondary bus 0000:13
[    0.644630] pci 0000:00:17.0:   IO window: 0x6000-0x6fff
[    0.644663] pci 0000:00:17.0:   MEM window: 0xca600000-0xca6fffff
[    0.644686] pci 0000:00:17.0:   PREFETCH window: 0x000000d8c00000-0x000000d8cfffff
[    0.644733] pci 0000:00:17.1: PCI bridge, secondary bus 0000:14
[    0.644746] pci 0000:00:17.1:   IO window: 0xa000-0xafff
[    0.644779] pci 0000:00:17.1:   MEM window: 0xcaa00000-0xcaafffff
[    0.644802] pci 0000:00:17.1:   PREFETCH window: 0x000000d9000000-0x000000d90fffff
[    0.644849] pci 0000:00:17.2: PCI bridge, secondary bus 0000:15
[    0.644862] pci 0000:00:17.2:   IO window: 0xe000-0xefff
[    0.644895] pci 0000:00:17.2:   MEM window: 0xcae00000-0xcaefffff
[    0.644918] pci 0000:00:17.2:   PREFETCH window: 0x000000d9400000-0x000000d94fffff
[    0.644965] pci 0000:00:17.3: PCI bridge, secondary bus 0000:16
[    0.644967] pci 0000:00:17.3:   IO window: disabled
[    0.645000] pci 0000:00:17.3:   MEM window: 0xcb200000-0xcb2fffff
[    0.645023] pci 0000:00:17.3:   PREFETCH window: 0x000000d9800000-0x000000d98fffff
[    0.645070] pci 0000:00:17.4: PCI bridge, secondary bus 0000:17
[    0.645072] pci 0000:00:17.4:   IO window: disabled
[    0.645104] pci 0000:00:17.4:   MEM window: 0xcb600000-0xcb6fffff
[    0.645127] pci 0000:00:17.4:   PREFETCH window: 0x000000d9c00000-0x000000d9cfffff
[    0.645175] pci 0000:00:17.5: PCI bridge, secondary bus 0000:18
[    0.645176] pci 0000:00:17.5:   IO window: disabled
[    0.645209] pci 0000:00:17.5:   MEM window: 0xcba00000-0xcbafffff
[    0.645232] pci 0000:00:17.5:   PREFETCH window: 0x000000da000000-0x000000da0fffff
[    0.645279] pci 0000:00:17.6: PCI bridge, secondary bus 0000:19
[    0.645281] pci 0000:00:17.6:   IO window: disabled
[    0.645314] pci 0000:00:17.6:   MEM window: 0xcbe00000-0xcbefffff
[    0.645337] pci 0000:00:17.6:   PREFETCH window: 0x000000da400000-0x000000da4fffff
[    0.645384] pci 0000:00:17.7: PCI bridge, secondary bus 0000:1a
[    0.645385] pci 0000:00:17.7:   IO window: disabled
[    0.645418] pci 0000:00:17.7:   MEM window: 0xcc200000-0xcc2fffff
[    0.645441] pci 0000:00:17.7:   PREFETCH window: 0x000000da800000-0x000000da8fffff
[    0.645507] pci 0000:00:18.0: PCI bridge, secondary bus 0000:1b
[    0.645524] pci 0000:00:18.0:   IO window: 0x7000-0x7fff
[    0.645568] pci 0000:00:18.0:   MEM window: 0xca700000-0xca7fffff
[    0.645598] pci 0000:00:18.0:   PREFETCH window: 0x000000d8d00000-0x000000d8dfffff
[    0.645648] pci 0000:00:18.1: PCI bridge, secondary bus 0000:1c
[    0.645661] pci 0000:00:18.1:   IO window: 0xb000-0xbfff
[    0.645694] pci 0000:00:18.1:   MEM window: 0xcab00000-0xcabfffff
[    0.645717] pci 0000:00:18.1:   PREFETCH window: 0x000000d9100000-0x000000d91fffff
[    0.645764] pci 0000:00:18.2: PCI bridge, secondary bus 0000:1d
[    0.645777] pci 0000:00:18.2:   IO window: 0xf000-0xffff
[    0.645810] pci 0000:00:18.2:   MEM window: 0xcaf00000-0xcaffffff
[    0.645833] pci 0000:00:18.2:   PREFETCH window: 0x000000d9500000-0x000000d95fffff
[    0.645884] pci 0000:00:18.3: PCI bridge, secondary bus 0000:1e
[    0.645886] pci 0000:00:18.3:   IO window: disabled
[    0.645919] pci 0000:00:18.3:   MEM window: 0xcb300000-0xcb3fffff
[    0.645941] pci 0000:00:18.3:   PREFETCH window: 0x000000d9900000-0x000000d99fffff
[    0.645989] pci 0000:00:18.4: PCI bridge, secondary bus 0000:1f
[    0.645990] pci 0000:00:18.4:   IO window: disabled
[    0.646024] pci 0000:00:18.4:   MEM window: 0xcb700000-0xcb7fffff
[    0.646046] pci 0000:00:18.4:   PREFETCH window: 0x000000d9d00000-0x000000d9dfffff
[    0.646093] pci 0000:00:18.5: PCI bridge, secondary bus 0000:20
[    0.646095] pci 0000:00:18.5:   IO window: disabled
[    0.646128] pci 0000:00:18.5:   MEM window: 0xcbb00000-0xcbbfffff
[    0.646151] pci 0000:00:18.5:   PREFETCH window: 0x000000da100000-0x000000da1fffff
[    0.646198] pci 0000:00:18.6: PCI bridge, secondary bus 0000:21
[    0.646200] pci 0000:00:18.6:   IO window: disabled
[    0.646233] pci 0000:00:18.6:   MEM window: 0xcbf00000-0xcbffffff
[    0.646256] pci 0000:00:18.6:   PREFETCH window: 0x000000da500000-0x000000da5fffff
[    0.646303] pci 0000:00:18.7: PCI bridge, secondary bus 0000:22
[    0.646305] pci 0000:00:18.7:   IO window: disabled
[    0.646338] pci 0000:00:18.7:   MEM window: 0xcc300000-0xcc3fffff
[    0.646360] pci 0000:00:18.7:   PREFETCH window: 0x000000da900000-0x000000da9fffff
[    0.646443] pci 0000:00:01.0: setting latency timer to 64
[    0.646572] pci 0000:00:15.0: setting latency timer to 64
[    0.646647] pci 0000:00:15.1: setting latency timer to 64
[    0.646721] pci 0000:00:15.2: setting latency timer to 64
[    0.646796] pci 0000:00:15.3: setting latency timer to 64
[    0.646870] pci 0000:00:15.4: setting latency timer to 64
[    0.646945] pci 0000:00:15.5: setting latency timer to 64
[    0.647026] pci 0000:00:15.6: setting latency timer to 64
[    0.647178] pci 0000:00:15.7: setting latency timer to 64
[    0.647276] pci 0000:00:16.0: setting latency timer to 64
[    0.647372] pci 0000:00:16.1: setting latency timer to 64
[    0.647508] pci 0000:00:16.2: setting latency timer to 64
[    0.647585] pci 0000:00:16.3: setting latency timer to 64
[    0.647660] pci 0000:00:16.4: setting latency timer to 64
[    0.647735] pci 0000:00:16.5: setting latency timer to 64
[    0.647810] pci 0000:00:16.6: setting latency timer to 64
[    0.647885] pci 0000:00:16.7: setting latency timer to 64
[    0.647959] pci 0000:00:17.0: setting latency timer to 64
[    0.648034] pci 0000:00:17.1: setting latency timer to 64
[    0.648109] pci 0000:00:17.2: setting latency timer to 64
[    0.648184] pci 0000:00:17.3: setting latency timer to 64
[    0.648258] pci 0000:00:17.4: setting latency timer to 64
[    0.648333] pci 0000:00:17.5: setting latency timer to 64
[    0.648407] pci 0000:00:17.6: setting latency timer to 64
[    0.648484] pci 0000:00:17.7: setting latency timer to 64
[    0.648559] pci 0000:00:18.0: setting latency timer to 64
[    0.648634] pci 0000:00:18.1: setting latency timer to 64
[    0.648709] pci 0000:00:18.2: setting latency timer to 64
[    0.648783] pci 0000:00:18.3: setting latency timer to 64
[    0.648858] pci 0000:00:18.4: setting latency timer to 64
[    0.648933] pci 0000:00:18.5: setting latency timer to 64
[    0.649008] pci 0000:00:18.6: setting latency timer to 64
[    0.649083] pci 0000:00:18.7: setting latency timer to 64
[    0.649096] pci_bus 0000:00: resource 0 io:  [0x00-0xffff]
[    0.649099] pci_bus 0000:00: resource 1 mem: [0x000000-0xffffffffffffffff]
[    0.649101] pci_bus 0000:02: resource 0 io:  [0x2000-0x3fff]
[    0.649103] pci_bus 0000:02: resource 1 mem: [0xc9000000-0xca3fffff]
[    0.649105] pci_bus 0000:02: resource 2 pref mem [0xd8400000-0xd89fffff]
[    0.649107] pci_bus 0000:02: resource 3 io:  [0x00-0xffff]
[    0.649109] pci_bus 0000:02: resource 4 mem: [0x000000-0xffffffffffffffff]
[    0.649112] pci_bus 0000:03: resource 0 io:  [0x4000-0x4fff]
[    0.649114] pci_bus 0000:03: resource 1 mem: [0xca400000-0xca4fffff]
[    0.649115] pci_bus 0000:03: resource 2 pref mem [0xd8a00000-0xd8afffff]
[    0.649117] pci_bus 0000:04: resource 0 io:  [0x8000-0x8fff]
[    0.649119] pci_bus 0000:04: resource 1 mem: [0xca800000-0xca8fffff]
[    0.649121] pci_bus 0000:04: resource 2 pref mem [0xd8e00000-0xd8efffff]
[    0.649123] pci_bus 0000:05: resource 0 io:  [0xc000-0xcfff]
[    0.649125] pci_bus 0000:05: resource 1 mem: [0xcac00000-0xcacfffff]
[    0.649127] pci_bus 0000:05: resource 2 pref mem [0xd9200000-0xd92fffff]
[    0.649129] pci_bus 0000:06: resource 1 mem: [0xcb000000-0xcb0fffff]
[    0.649131] pci_bus 0000:06: resource 2 pref mem [0xd9600000-0xd96fffff]
[    0.649133] pci_bus 0000:07: resource 1 mem: [0xcb400000-0xcb4fffff]
[    0.649135] pci_bus 0000:07: resource 2 pref mem [0xd9a00000-0xd9afffff]
[    0.649137] pci_bus 0000:08: resource 1 mem: [0xcb800000-0xcb8fffff]
[    0.649139] pci_bus 0000:08: resource 2 pref mem [0xd9e00000-0xd9efffff]
[    0.649141] pci_bus 0000:09: resource 1 mem: [0xcbc00000-0xcbcfffff]
[    0.649143] pci_bus 0000:09: resource 2 pref mem [0xda200000-0xda2fffff]
[    0.649145] pci_bus 0000:0a: resource 1 mem: [0xcc000000-0xcc0fffff]
[    0.649147] pci_bus 0000:0a: resource 2 pref mem [0xda600000-0xda6fffff]
[    0.649149] pci_bus 0000:0b: resource 0 io:  [0x5000-0x5fff]
[    0.649150] pci_bus 0000:0b: resource 1 mem: [0xca500000-0xca5fffff]
[    0.649152] pci_bus 0000:0b: resource 2 pref mem [0xd8b00000-0xd8bfffff]
[    0.649154] pci_bus 0000:0c: resource 0 io:  [0x9000-0x9fff]
[    0.649156] pci_bus 0000:0c: resource 1 mem: [0xca900000-0xca9fffff]
[    0.649158] pci_bus 0000:0c: resource 2 pref mem [0xd8f00000-0xd8ffffff]
[    0.649160] pci_bus 0000:0d: resource 0 io:  [0xd000-0xdfff]
[    0.649162] pci_bus 0000:0d: resource 1 mem: [0xcad00000-0xcadfffff]
[    0.649164] pci_bus 0000:0d: resource 2 pref mem [0xd9300000-0xd93fffff]
[    0.649166] pci_bus 0000:0e: resource 1 mem: [0xcb100000-0xcb1fffff]
[    0.649168] pci_bus 0000:0e: resource 2 pref mem [0xd9700000-0xd97fffff]
[    0.649170] pci_bus 0000:0f: resource 1 mem: [0xcb500000-0xcb5fffff]
[    0.649172] pci_bus 0000:0f: resource 2 pref mem [0xd9b00000-0xd9bfffff]
[    0.649174] pci_bus 0000:10: resource 1 mem: [0xcb900000-0xcb9fffff]
[    0.649175] pci_bus 0000:10: resource 2 pref mem [0xd9f00000-0xd9ffffff]
[    0.649177] pci_bus 0000:11: resource 1 mem: [0xcbd00000-0xcbdfffff]
[    0.649179] pci_bus 0000:11: resource 2 pref mem [0xda300000-0xda3fffff]
[    0.649181] pci_bus 0000:12: resource 1 mem: [0xcc100000-0xcc1fffff]
[    0.649183] pci_bus 0000:12: resource 2 pref mem [0xda700000-0xda7fffff]
[    0.649185] pci_bus 0000:13: resource 0 io:  [0x6000-0x6fff]
[    0.649187] pci_bus 0000:13: resource 1 mem: [0xca600000-0xca6fffff]
[    0.649189] pci_bus 0000:13: resource 2 pref mem [0xd8c00000-0xd8cfffff]
[    0.649191] pci_bus 0000:14: resource 0 io:  [0xa000-0xafff]
[    0.649193] pci_bus 0000:14: resource 1 mem: [0xcaa00000-0xcaafffff]
[    0.649195] pci_bus 0000:14: resource 2 pref mem [0xd9000000-0xd90fffff]
[    0.649197] pci_bus 0000:15: resource 0 io:  [0xe000-0xefff]
[    0.649198] pci_bus 0000:15: resource 1 mem: [0xcae00000-0xcaefffff]
[    0.649200] pci_bus 0000:15: resource 2 pref mem [0xd9400000-0xd94fffff]
[    0.649202] pci_bus 0000:16: resource 1 mem: [0xcb200000-0xcb2fffff]
[    0.649204] pci_bus 0000:16: resource 2 pref mem [0xd9800000-0xd98fffff]
[    0.649206] pci_bus 0000:17: resource 1 mem: [0xcb600000-0xcb6fffff]
[    0.649208] pci_bus 0000:17: resource 2 pref mem [0xd9c00000-0xd9cfffff]
[    0.649210] pci_bus 0000:18: resource 1 mem: [0xcba00000-0xcbafffff]
[    0.649212] pci_bus 0000:18: resource 2 pref mem [0xda000000-0xda0fffff]
[    0.649214] pci_bus 0000:19: resource 1 mem: [0xcbe00000-0xcbefffff]
[    0.649216] pci_bus 0000:19: resource 2 pref mem [0xda400000-0xda4fffff]
[    0.649218] pci_bus 0000:1a: resource 1 mem: [0xcc200000-0xcc2fffff]
[    0.649220] pci_bus 0000:1a: resource 2 pref mem [0xda800000-0xda8fffff]
[    0.649222] pci_bus 0000:1b: resource 0 io:  [0x7000-0x7fff]
[    0.649224] pci_bus 0000:1b: resource 1 mem: [0xca700000-0xca7fffff]
[    0.649226] pci_bus 0000:1b: resource 2 pref mem [0xd8d00000-0xd8dfffff]
[    0.649228] pci_bus 0000:1c: resource 0 io:  [0xb000-0xbfff]
[    0.649229] pci_bus 0000:1c: resource 1 mem: [0xcab00000-0xcabfffff]
[    0.649231] pci_bus 0000:1c: resource 2 pref mem [0xd9100000-0xd91fffff]
[    0.649233] pci_bus 0000:1d: resource 0 io:  [0xf000-0xffff]
[    0.649235] pci_bus 0000:1d: resource 1 mem: [0xcaf00000-0xcaffffff]
[    0.649237] pci_bus 0000:1d: resource 2 pref mem [0xd9500000-0xd95fffff]
[    0.649239] pci_bus 0000:1e: resource 1 mem: [0xcb300000-0xcb3fffff]
[    0.649241] pci_bus 0000:1e: resource 2 pref mem [0xd9900000-0xd99fffff]
[    0.649243] pci_bus 0000:1f: resource 1 mem: [0xcb700000-0xcb7fffff]
[    0.649245] pci_bus 0000:1f: resource 2 pref mem [0xd9d00000-0xd9dfffff]
[    0.649247] pci_bus 0000:20: resource 1 mem: [0xcbb00000-0xcbbfffff]
[    0.649249] pci_bus 0000:20: resource 2 pref mem [0xda100000-0xda1fffff]
[    0.649251] pci_bus 0000:21: resource 1 mem: [0xcbf00000-0xcbffffff]
[    0.649253] pci_bus 0000:21: resource 2 pref mem [0xda500000-0xda5fffff]
[    0.649255] pci_bus 0000:22: resource 1 mem: [0xcc300000-0xcc3fffff]
[    0.649257] pci_bus 0000:22: resource 2 pref mem [0xda900000-0xda9fffff]
[    0.649281] NET: Registered protocol family 2
[    0.649299] RANDOM - __random32 called. Change num 7.  Value: e4915c27	228b7335	4c33f162
[    0.649301] RANDOM - random32 called.  Value: e4915c27	228b7335	4c33f162
[    0.649310] random 0000 0000 0000 00000000 00000000: rand_read_num 2 get_random_bytes(4): sig fffffe1a 00000000 00000000
[    0.649312] random 0000 0000 0000 00000000 00000000: extract_entropy(.. 4 ..)
[    0.649315] random 0000 0000 0000 00000000 00000000: going to reseed nonblocking with 64 bits (32 of 0 requested)
[    0.649317] random 0000 0000 0000 00000000 00000000: extract_entropy(.. 8 ..)
[    0.649320] random 0000 0000 0000 00000000 00000000: trying to extract 64 bits from input
[    0.649322] random 0000 0000 0000 00000000 00000000: debiting 0 entropy credits from input
[    0.649324] random 0000 0000 0000 00000000 00000000: extract_entropy account returned: 0 
[    0.649327] random 0000 0000 0000 00000000 00000000: urand_change_num 3 xfer_secondary_pool(4): pool_sig fffffe1a, data_sig 00000000, bytes_mixed 0 00000000 00000000
[    0.649330] random 0000 0000 0000 00000000 00000000: trying to extract 32 bits from nonblocking
[    0.649333] random 0000 0000 0000 00000000 00000000: debiting 32 entropy credits from nonblocking (unlimited)
[    0.649335] random 0000 0000 0000 00000000 00000000: extract_entropy account returned: 4 
[    0.649339] random 0000 0000 0000 00000000 00000000: urand_change_num 4 extract_buf: pool_sig fffffe1a, data_sig fffffed7, bytes_mixed 20 00000000 00000000
[    0.649370] IP route cache hash table entries: 32768 (order: 5, 131072 bytes)
[    0.649476] RANDOM - __random32 called. Change num 8.  Value: 15c279e2	28b73354	e2c5b58f
[    0.649478] RANDOM - random32 called.  Value: 15c279e2	28b73354	e2c5b58f
[    0.649540] RANDOM - __random32 called. Change num 9.  Value: 279e2b5f	8b733545	6b1e9d03
[    0.649542] RANDOM - random32 called.  Value: 279e2b5f	8b733545	6b1e9d03
[    0.649545] RANDOM - __random32 called. Change num 10.  Value: e2b5fc5e	b7335453	3a067d4e
[    0.649547] RANDOM - random32 called.  Value: e2b5fc5e	b7335453	3a067d4e
[    0.649570] RANDOM - __random32 called. Change num 11.  Value: 5fc5eba7	73354535	fa9d46b2
[    0.649572] RANDOM - random32 called.  Value: 5fc5eba7	73354535	fa9d46b2
[    0.649583] TCP established hash table entries: 131072 (order: 8, 1048576 bytes)
[    0.649775] TCP bind hash table entries: 65536 (order: 7, 524288 bytes)
[    0.649968] TCP: Hash tables configured (established 131072 bind 65536)
[    0.649971] TCP reno registered
[    0.650009] NET: Registered protocol family 1
[    0.650018] pci 0000:00:00.0: Limiting direct PCI/PCI transfers
[    0.650041] pci 0000:00:0f.0: Boot video device
[    0.650257] Trying to unpack rootfs image as initramfs...
[    1.820857] Freeing initrd memory: 83430k freed
[    1.828865] Simple Boot Flag at 0x36 set to 0x1
[    1.828914] cpufreq-nforce2: No nForce2 chipset.
[    1.828929] Scanning for low memory corruption every 60 seconds
[    1.829047] audit: initializing netlink socket (disabled)
[    1.829055] type=2000 audit(1369431568.812:1): initialized
[    1.832989] highmem bounce pool size: 64 pages
[    1.832994] HugeTLB registered 2 MB page size, pre-allocated 0 pages
[    1.833092] VFS: Disk quotas dquot_6.5.2
[    1.833123] Dquot-cache hash table entries: 1024 (order 0, 4096 bytes)
[    1.833205] fuse init (API version 7.13)
[    1.833250] msgmni has been set to 1729
[    1.833619] alg: No test for stdrng (krng)
[    1.833662] Block layer SCSI generic (bsg) driver version 0.4 loaded (major 253)
[    1.833665] io scheduler noop registered
[    1.833666] io scheduler anticipatory registered
[    1.833668] io scheduler deadline registered
[    1.833690] io scheduler cfq registered (default)
[    1.833739]   alloc irq_desc for 24 on node -1
[    1.833742]   alloc kstat_irqs on node -1
[    1.833791] pcieport 0000:00:15.0: irq 24 for MSI/MSI-X
[    1.833840] pcieport 0000:00:15.0: setting latency timer to 64
[    1.833890]   alloc irq_desc for 25 on node -1
[    1.833892]   alloc kstat_irqs on node -1
[    1.833941] pcieport 0000:00:15.1: irq 25 for MSI/MSI-X
[    1.833991] pcieport 0000:00:15.1: setting latency timer to 64
[    1.834040]   alloc irq_desc for 26 on node -1
[    1.834043]   alloc kstat_irqs on node -1
[    1.834092] pcieport 0000:00:15.2: irq 26 for MSI/MSI-X
[    1.834141] pcieport 0000:00:15.2: setting latency timer to 64
[    1.834191]   alloc irq_desc for 27 on node -1
[    1.834193]   alloc kstat_irqs on node -1
[    1.834242] pcieport 0000:00:15.3: irq 27 for MSI/MSI-X
[    1.834292] pcieport 0000:00:15.3: setting latency timer to 64
[    1.834341]   alloc irq_desc for 28 on node -1
[    1.834343]   alloc kstat_irqs on node -1
[    1.834393] pcieport 0000:00:15.4: irq 28 for MSI/MSI-X
[    1.834442] pcieport 0000:00:15.4: setting latency timer to 64
[    1.834491]   alloc irq_desc for 29 on node -1
[    1.834496]   alloc kstat_irqs on node -1
[    1.834545] pcieport 0000:00:15.5: irq 29 for MSI/MSI-X
[    1.834595] pcieport 0000:00:15.5: setting latency timer to 64
[    1.834644]   alloc irq_desc for 30 on node -1
[    1.834646]   alloc kstat_irqs on node -1
[    1.834695] pcieport 0000:00:15.6: irq 30 for MSI/MSI-X
[    1.834744] pcieport 0000:00:15.6: setting latency timer to 64
[    1.834794]   alloc irq_desc for 31 on node -1
[    1.834796]   alloc kstat_irqs on node -1
[    1.834845] pcieport 0000:00:15.7: irq 31 for MSI/MSI-X
[    1.834894] pcieport 0000:00:15.7: setting latency timer to 64
[    1.834944]   alloc irq_desc for 32 on node -1
[    1.834946]   alloc kstat_irqs on node -1
[    1.834995] pcieport 0000:00:16.0: irq 32 for MSI/MSI-X
[    1.835044] pcieport 0000:00:16.0: setting latency timer to 64
[    1.835093]   alloc irq_desc for 33 on node -1
[    1.835095]   alloc kstat_irqs on node -1
[    1.835145] pcieport 0000:00:16.1: irq 33 for MSI/MSI-X
[    1.835194] pcieport 0000:00:16.1: setting latency timer to 64
[    1.835243]   alloc irq_desc for 34 on node -1
[    1.835246]   alloc kstat_irqs on node -1
[    1.835295] pcieport 0000:00:16.2: irq 34 for MSI/MSI-X
[    1.835345] pcieport 0000:00:16.2: setting latency timer to 64
[    1.835394]   alloc irq_desc for 35 on node -1
[    1.835397]   alloc kstat_irqs on node -1
[    1.835447] pcieport 0000:00:16.3: irq 35 for MSI/MSI-X
[    1.835496] pcieport 0000:00:16.3: setting latency timer to 64
[    1.835545]   alloc irq_desc for 36 on node -1
[    1.835548]   alloc kstat_irqs on node -1
[    1.835598] pcieport 0000:00:16.4: irq 36 for MSI/MSI-X
[    1.835647] pcieport 0000:00:16.4: setting latency timer to 64
[    1.836907]   alloc irq_desc for 37 on node -1
[    1.836909]   alloc kstat_irqs on node -1
[    1.836958] pcieport 0000:00:16.5: irq 37 for MSI/MSI-X
[    1.837007] pcieport 0000:00:16.5: setting latency timer to 64
[    1.837056]   alloc irq_desc for 38 on node -1
[    1.837059]   alloc kstat_irqs on node -1
[    1.837108] pcieport 0000:00:16.6: irq 38 for MSI/MSI-X
[    1.837158] pcieport 0000:00:16.6: setting latency timer to 64
[    1.837207]   alloc irq_desc for 39 on node -1
[    1.837209]   alloc kstat_irqs on node -1
[    1.837258] pcieport 0000:00:16.7: irq 39 for MSI/MSI-X
[    1.837308] pcieport 0000:00:16.7: setting latency timer to 64
[    1.837357]   alloc irq_desc for 40 on node -1
[    1.837359]   alloc kstat_irqs on node -1
[    1.837409] pcieport 0000:00:17.0: irq 40 for MSI/MSI-X
[    1.837458] pcieport 0000:00:17.0: setting latency timer to 64
[    1.837507]   alloc irq_desc for 41 on node -1
[    1.837509]   alloc kstat_irqs on node -1
[    1.837559] pcieport 0000:00:17.1: irq 41 for MSI/MSI-X
[    1.837608] pcieport 0000:00:17.1: setting latency timer to 64
[    1.837657]   alloc irq_desc for 42 on node -1
[    1.837661]   alloc kstat_irqs on node -1
[    1.837710] pcieport 0000:00:17.2: irq 42 for MSI/MSI-X
[    1.837760] pcieport 0000:00:17.2: setting latency timer to 64
[    1.837809]   alloc irq_desc for 43 on node -1
[    1.837811]   alloc kstat_irqs on node -1
[    1.837861] pcieport 0000:00:17.3: irq 43 for MSI/MSI-X
[    1.837910] pcieport 0000:00:17.3: setting latency timer to 64
[    1.837959]   alloc irq_desc for 44 on node -1
[    1.837961]   alloc kstat_irqs on node -1
[    1.838011] pcieport 0000:00:17.4: irq 44 for MSI/MSI-X
[    1.838060] pcieport 0000:00:17.4: setting latency timer to 64
[    1.838109]   alloc irq_desc for 45 on node -1
[    1.838111]   alloc kstat_irqs on node -1
[    1.838161] pcieport 0000:00:17.5: irq 45 for MSI/MSI-X
[    1.838210] pcieport 0000:00:17.5: setting latency timer to 64
[    1.838259]   alloc irq_desc for 46 on node -1
[    1.838261]   alloc kstat_irqs on node -1
[    1.838311] pcieport 0000:00:17.6: irq 46 for MSI/MSI-X
[    1.838360] pcieport 0000:00:17.6: setting latency timer to 64
[    1.838409]   alloc irq_desc for 47 on node -1
[    1.838411]   alloc kstat_irqs on node -1
[    1.838460] pcieport 0000:00:17.7: irq 47 for MSI/MSI-X
[    1.838509] pcieport 0000:00:17.7: setting latency timer to 64
[    1.838559]   alloc irq_desc for 48 on node -1
[    1.838561]   alloc kstat_irqs on node -1
[    1.838610] pcieport 0000:00:18.0: irq 48 for MSI/MSI-X
[    1.838659] pcieport 0000:00:18.0: setting latency timer to 64
[    1.838709]   alloc irq_desc for 49 on node -1
[    1.838712]   alloc kstat_irqs on node -1
[    1.838761] pcieport 0000:00:18.1: irq 49 for MSI/MSI-X
[    1.838811] pcieport 0000:00:18.1: setting latency timer to 64
[    1.838860]   alloc irq_desc for 50 on node -1
[    1.838862]   alloc kstat_irqs on node -1
[    1.838912] pcieport 0000:00:18.2: irq 50 for MSI/MSI-X
[    1.838961] pcieport 0000:00:18.2: setting latency timer to 64
[    1.839010]   alloc irq_desc for 51 on node -1
[    1.839013]   alloc kstat_irqs on node -1
[    1.839062] pcieport 0000:00:18.3: irq 51 for MSI/MSI-X
[    1.839112] pcieport 0000:00:18.3: setting latency timer to 64
[    1.839161]   alloc irq_desc for 52 on node -1
[    1.839164]   alloc kstat_irqs on node -1
[    1.839214] pcieport 0000:00:18.4: irq 52 for MSI/MSI-X
[    1.839263] pcieport 0000:00:18.4: setting latency timer to 64
[    1.840816]   alloc irq_desc for 53 on node -1
[    1.840819]   alloc kstat_irqs on node -1
[    1.840868] pcieport 0000:00:18.5: irq 53 for MSI/MSI-X
[    1.840918] pcieport 0000:00:18.5: setting latency timer to 64
[    1.840967]   alloc irq_desc for 54 on node -1
[    1.840969]   alloc kstat_irqs on node -1
[    1.841019] pcieport 0000:00:18.6: irq 54 for MSI/MSI-X
[    1.841068] pcieport 0000:00:18.6: setting latency timer to 64
[    1.841117]   alloc irq_desc for 55 on node -1
[    1.841119]   alloc kstat_irqs on node -1
[    1.841169] pcieport 0000:00:18.7: irq 55 for MSI/MSI-X
[    1.841218] pcieport 0000:00:18.7: setting latency timer to 64
[    1.841267] pci_hotplug: PCI Hot Plug PCI Core version: 0.5
[    1.841407] pciehp 0000:00:15.0:pcie04: HPC vendor_id 15ad device_id 7a0 ss_vid 0 ss_did 0
[    1.841456] pciehp 0000:00:15.0:pcie04: service driver pciehp loaded
[    1.841505] pciehp 0000:00:15.1:pcie04: HPC vendor_id 15ad device_id 7a0 ss_vid 0 ss_did 0
[    1.841554] pciehp 0000:00:15.1:pcie04: service driver pciehp loaded
[    1.841604] pciehp 0000:00:15.2:pcie04: HPC vendor_id 15ad device_id 7a0 ss_vid 0 ss_did 0
[    1.841653] pciehp 0000:00:15.2:pcie04: service driver pciehp loaded
[    1.841702] pciehp 0000:00:15.3:pcie04: HPC vendor_id 15ad device_id 7a0 ss_vid 0 ss_did 0
[    1.841752] pciehp 0000:00:15.3:pcie04: service driver pciehp loaded
[    1.841801] pciehp 0000:00:15.4:pcie04: HPC vendor_id 15ad device_id 7a0 ss_vid 0 ss_did 0
[    1.841850] pciehp 0000:00:15.4:pcie04: service driver pciehp loaded
[    1.841900] pciehp 0000:00:15.5:pcie04: HPC vendor_id 15ad device_id 7a0 ss_vid 0 ss_did 0
[    1.841949] pciehp 0000:00:15.5:pcie04: service driver pciehp loaded
[    1.841998] pciehp 0000:00:15.6:pcie04: HPC vendor_id 15ad device_id 7a0 ss_vid 0 ss_did 0
[    1.842047] pciehp 0000:00:15.6:pcie04: service driver pciehp loaded
[    1.842097] pciehp 0000:00:15.7:pcie04: HPC vendor_id 15ad device_id 7a0 ss_vid 0 ss_did 0
[    1.842146] pciehp 0000:00:15.7:pcie04: service driver pciehp loaded
[    1.842195] pciehp 0000:00:16.0:pcie04: HPC vendor_id 15ad device_id 7a0 ss_vid 0 ss_did 0
[    1.842245] pciehp 0000:00:16.0:pcie04: service driver pciehp loaded
[    1.842294] pciehp 0000:00:16.1:pcie04: HPC vendor_id 15ad device_id 7a0 ss_vid 0 ss_did 0
[    1.842343] pciehp 0000:00:16.1:pcie04: service driver pciehp loaded
[    1.842393] pciehp 0000:00:16.2:pcie04: HPC vendor_id 15ad device_id 7a0 ss_vid 0 ss_did 0
[    1.842442] pciehp 0000:00:16.2:pcie04: service driver pciehp loaded
[    1.842491] pciehp 0000:00:16.3:pcie04: HPC vendor_id 15ad device_id 7a0 ss_vid 0 ss_did 0
[    1.842540] pciehp 0000:00:16.3:pcie04: service driver pciehp loaded
[    1.842590] pciehp 0000:00:16.4:pcie04: HPC vendor_id 15ad device_id 7a0 ss_vid 0 ss_did 0
[    1.842639] pciehp 0000:00:16.4:pcie04: service driver pciehp loaded
[    1.842688] pciehp 0000:00:16.5:pcie04: HPC vendor_id 15ad device_id 7a0 ss_vid 0 ss_did 0
[    1.842738] pciehp 0000:00:16.5:pcie04: service driver pciehp loaded
[    1.842787] pciehp 0000:00:16.6:pcie04: HPC vendor_id 15ad device_id 7a0 ss_vid 0 ss_did 0
[    1.842836] pciehp 0000:00:16.6:pcie04: service driver pciehp loaded
[    1.842885] pciehp 0000:00:16.7:pcie04: HPC vendor_id 15ad device_id 7a0 ss_vid 0 ss_did 0
[    1.842935] pciehp 0000:00:16.7:pcie04: service driver pciehp loaded
[    1.842984] pciehp 0000:00:17.0:pcie04: HPC vendor_id 15ad device_id 7a0 ss_vid 0 ss_did 0
[    1.843033] pciehp 0000:00:17.0:pcie04: service driver pciehp loaded
[    1.843083] pciehp 0000:00:17.1:pcie04: HPC vendor_id 15ad device_id 7a0 ss_vid 0 ss_did 0
[    1.843132] pciehp 0000:00:17.1:pcie04: service driver pciehp loaded
[    1.843181] pciehp 0000:00:17.2:pcie04: HPC vendor_id 15ad device_id 7a0 ss_vid 0 ss_did 0
[    1.843231] pciehp 0000:00:17.2:pcie04: service driver pciehp loaded
[    1.843280] pciehp 0000:00:17.3:pcie04: HPC vendor_id 15ad device_id 7a0 ss_vid 0 ss_did 0
[    1.843329] pciehp 0000:00:17.3:pcie04: service driver pciehp loaded
[    1.843378] pciehp 0000:00:17.4:pcie04: HPC vendor_id 15ad device_id 7a0 ss_vid 0 ss_did 0
[    1.843428] pciehp 0000:00:17.4:pcie04: service driver pciehp loaded
[    1.843477] pciehp 0000:00:17.5:pcie04: HPC vendor_id 15ad device_id 7a0 ss_vid 0 ss_did 0
[    1.843526] pciehp 0000:00:17.5:pcie04: service driver pciehp loaded
[    1.843576] pciehp 0000:00:17.6:pcie04: HPC vendor_id 15ad device_id 7a0 ss_vid 0 ss_did 0
[    1.843625] pciehp 0000:00:17.6:pcie04: service driver pciehp loaded
[    1.843674] pciehp 0000:00:17.7:pcie04: HPC vendor_id 15ad device_id 7a0 ss_vid 0 ss_did 0
[    1.843724] pciehp 0000:00:17.7:pcie04: service driver pciehp loaded
[    1.843773] pciehp 0000:00:18.0:pcie04: HPC vendor_id 15ad device_id 7a0 ss_vid 0 ss_did 0
[    1.843822] pciehp 0000:00:18.0:pcie04: service driver pciehp loaded
[    1.843871] pciehp 0000:00:18.1:pcie04: HPC vendor_id 15ad device_id 7a0 ss_vid 0 ss_did 0
[    1.843921] pciehp 0000:00:18.1:pcie04: service driver pciehp loaded
[    1.843970] pciehp 0000:00:18.2:pcie04: HPC vendor_id 15ad device_id 7a0 ss_vid 0 ss_did 0
[    1.844019] pciehp 0000:00:18.2:pcie04: service driver pciehp loaded
[    1.844069] pciehp 0000:00:18.3:pcie04: HPC vendor_id 15ad device_id 7a0 ss_vid 0 ss_did 0
[    1.844118] pciehp 0000:00:18.3:pcie04: service driver pciehp loaded
[    1.844167] pciehp 0000:00:18.4:pcie04: HPC vendor_id 15ad device_id 7a0 ss_vid 0 ss_did 0
[    1.844216] pciehp 0000:00:18.4:pcie04: service driver pciehp loaded
[    1.844266] pciehp 0000:00:18.5:pcie04: HPC vendor_id 15ad device_id 7a0 ss_vid 0 ss_did 0
[    1.844315] pciehp 0000:00:18.5:pcie04: service driver pciehp loaded
[    1.844364] pciehp 0000:00:18.6:pcie04: HPC vendor_id 15ad device_id 7a0 ss_vid 0 ss_did 0
[    1.844414] pciehp 0000:00:18.6:pcie04: service driver pciehp loaded
[    1.844463] pciehp 0000:00:18.7:pcie04: HPC vendor_id 15ad device_id 7a0 ss_vid 0 ss_did 0
[    1.844512] pciehp 0000:00:18.7:pcie04: service driver pciehp loaded
[    1.844524] pciehp: PCI Express Hot Plug Controller Driver version: 0.4
[    1.844840] ACPI: AC Adapter [ACAD] (on-line)
[    1.844908] input: Power Button as /devices/LNXSYSTM:00/LNXPWRBN:00/input/input0
[    1.844912] ACPI: Power Button [PWRF]
[    1.844961] processor LNXCPU:00: registered as cooling_device0
[    1.884777] isapnp: Scanning for PnP cards...
[    2.238639] isapnp: No Plug & Play device found
[    2.238672] random 0000 0000 0000 5f8db4e5 4cfdf2a8: initializing
[    2.238793] Linux agpgart interface v0.103
[    2.238832] agpgart-intel 0000:00:00.0: Intel 440BX Chipset
[    2.238882] agpgart-intel 0000:00:00.0: AGP aperture is 256M @ 0x0
[    2.238912] Serial: 8250/16550 driver, 32 ports, IRQ sharing enabled
[    2.238961] serial8250: ttyS0 at I/O 0x3f8 (irq = 4) is a 16550A
[    2.239011] serial8250: ttyS1 at I/O 0x2f8 (irq = 3) is a 16550A
[    2.239060] 00:0a: ttyS0 at I/O 0x3f8 (irq = 4) is a 16550A
[    2.239109] 00:0b: ttyS1 at I/O 0x2f8 (irq = 3) is a 16550A
[    2.239159] brd: module loaded
[    2.239208] loop: module loaded
[    2.239257] ata_piix 0000:00:07.1: version 2.13
[    2.239335] scsi0 : ata_piix
[    2.239381] scsi1 : ata_piix
[    2.239400] ata1: PATA max UDMA/33 cmd 0x1f0 ctl 0x3f6 bmdma 0x10c0 irq 14
[    2.239402] ata2: PATA max UDMA/33 cmd 0x170 ctl 0x376 bmdma 0x10c8 irq 15
[    2.239449] PPP generic driver version 2.4.2
[    2.239469] tun: Universal TUN/TAP device driver, 1.6
[    2.239470] tun: (C) 1999-2004 Max Krasnyansky <maxk@qualcomm.com>
[    2.239519] ehci_hcd: USB 2.0 'Enhanced' Host Controller (EHCI) Driver
[    2.239569] ACPI: PCI Interrupt Link [LNKB] enabled at IRQ 11
[    2.239571] PCI: setting IRQ 11 as level-triggered
[    2.239579] ehci_hcd 0000:02:03.0: PCI INT A -> Link[LNKB] -> GSI 11 (level, low) -> IRQ 11
[    2.239615] ehci_hcd 0000:02:03.0: EHCI Host Controller
[    2.239636] ehci_hcd 0000:02:03.0: new USB bus registered, assigned bus number 1
[    2.239685] ehci_hcd 0000:02:03.0: cache line size of 32 is not supported
[    2.239691] ehci_hcd 0000:02:03.0: irq 11, io mem 0xc9000000
[    2.239991] random 0000 0000 0000 00000000 00000000: rand_read_num 3 get_random_bytes(8): sig 00000000 00000000 00000000
[    2.239993] random 0000 0000 0000 00000000 00000000: extract_entropy(.. 8 ..)
[    2.239996] random 0000 0000 0000 00000000 00000000: going to reseed nonblocking with 64 bits (64 of 0 requested)
[    2.239998] random 0000 0000 0000 00000000 00000000: extract_entropy(.. 8 ..)
[    2.240000] random 0000 0000 0000 00000000 00000000: trying to extract 64 bits from input
[    2.240002] random 0000 0000 0000 00000000 00000000: debiting 0 entropy credits from input
[    2.240004] random 0000 0000 0000 00000000 00000000: extract_entropy account returned: 0 
[    2.240007] random 0000 0000 0000 00000000 00000000: urand_change_num 5 xfer_secondary_pool(8): pool_sig 00000000, data_sig 00000000, bytes_mixed 0 00000000 00000000
[    2.240010] random 0000 0000 0000 00000000 00000000: trying to extract 64 bits from nonblocking
[    2.240012] random 0000 0000 0000 00000000 00000000: debiting 64 entropy credits from nonblocking (unlimited)
[    2.240014] random 0000 0000 0000 00000000 00000000: extract_entropy account returned: 8 
[    2.240018] random 0000 0000 0000 00000000 00000000: urand_change_num 6 extract_buf: pool_sig 00000000, data_sig fffffff9, bytes_mixed 20 00000000 00000000
[    2.248224] ehci_hcd 0000:02:03.0: USB 2.0 started, EHCI 1.00
[    2.248273] usb usb1: configuration #1 chosen from 1 choice
[    2.248293] hub 1-0:1.0: USB hub found
[    2.248297] hub 1-0:1.0: 6 ports detected
[    2.248342] ohci_hcd: USB 1.1 'Open' Host Controller (OHCI) Driver
[    2.248354] uhci_hcd: USB Universal Host Controller Interface driver
[    2.248403] ACPI: PCI Interrupt Link [LNKC] enabled at IRQ 10
[    2.248406] PCI: setting IRQ 10 as level-triggered
[    2.248409] uhci_hcd 0000:02:00.0: PCI INT A -> Link[LNKC] -> GSI 10 (level, low) -> IRQ 10
[    2.248441] uhci_hcd 0000:02:00.0: UHCI Host Controller
[    2.248468] uhci_hcd 0000:02:00.0: new USB bus registered, assigned bus number 2
[    2.248565] uhci_hcd 0000:02:00.0: irq 10, io base 0x000020c0
[    2.248614] usb usb2: configuration #1 chosen from 1 choice
[    2.248629] hub 2-0:1.0: USB hub found
[    2.248633] hub 2-0:1.0: 2 ports detected
[    2.248682] usbcore: registered new interface driver libusual
[    2.248709] PNP: PS/2 Controller [PNP0303:KBC,PNP0f13:MOUS] at 0x60,0x64 irq 1,12
[    2.249063] serio: i8042 KBD port at 0x60,0x64 irq 1
[    2.249073] serio: i8042 AUX port at 0x60,0x64 irq 12
[    2.249122] mice: PS/2 mouse device common for all mice
[    2.249171] rtc_cmos 00:04: rtc core: registered rtc_cmos as rtc0
[    2.249189] rtc0: alarms up to one month, y3k, 114 bytes nvram, hpet irqs
[    2.249239] device-mapper: uevent: version 1.0.3
[    2.249366] device-mapper: ioctl: 4.15.0-ioctl (2009-04-01) initialised: dm-devel@redhat.com
[    2.249389] EISA: Probing bus 0 at eisa.0
[    2.249397] Cannot allocate resource for EISA slot 1
[    2.249399] Cannot allocate resource for EISA slot 2
[    2.249401] Cannot allocate resource for EISA slot 3
[    2.249403] Cannot allocate resource for EISA slot 4
[    2.249405] Cannot allocate resource for EISA slot 5
[    2.249407] Cannot allocate resource for EISA slot 6
[    2.249409] Cannot allocate resource for EISA slot 7
[    2.249411] Cannot allocate resource for EISA slot 8
[    2.249412] EISA: Detected 0 cards.
[    2.249458] cpuidle: using governor ladder
[    2.249461] cpuidle: using governor menu
[    2.249510] random 0000 0000 0000 00000000 00000000: rand_read_num 4 get_random_bytes(136): sig 0000021d 00000000 00000000
[    2.249532] random 0000 0000 0000 00000000 00000000: extract_entropy(.. 136 ..)
[    2.249535] random 0000 0000 0000 00000000 00000000: going to reseed nonblocking with 1024 bits (1088 of 0 requested)
[    2.249537] random 0000 0000 0000 00000000 00000000: extract_entropy(.. 128 ..)
[    2.249539] random 0000 0000 0000 00000000 00000000: trying to extract 1024 bits from input
[    2.249542] random 0000 0000 0000 00000000 00000000: debiting 0 entropy credits from input
[    2.249544] random 0000 0000 0000 00000000 00000000: extract_entropy account returned: 0 
[    2.249546] random 0000 0000 0000 00000000 00000000: urand_change_num 7 xfer_secondary_pool(136): pool_sig 0000021d, data_sig 00000000, bytes_mixed 0 00000000 00000000
[    2.249549] random 0000 0000 0000 00000000 00000000: trying to extract 1088 bits from nonblocking
[    2.249552] random 0000 0000 0000 00000000 00000000: debiting 1088 entropy credits from nonblocking (unlimited)
[    2.249554] random 0000 0000 0000 00000000 00000000: extract_entropy account returned: 136 
[    2.249557] random 0000 0000 0000 00000000 00000000: urand_change_num 8 extract_buf: pool_sig 0000021d, data_sig fffffff7, bytes_mixed 20 00000000 00000000
[    2.249562] random 0000 0000 0000 f961ee50 ba9cb1aa: urand_change_num 9 extract_buf: pool_sig 00000230, data_sig fffffeb4, bytes_mixed 20 f961ee50 ba9cb1aa
[    2.249566] random 0000 0000 0000 9748bdd6 56fb8af6: urand_change_num 10 extract_buf: pool_sig 00000373, data_sig 000000cf, bytes_mixed 20 9748bdd6 56fb8af6
[    2.249570] random 0000 0000 0000 9748bdd6 56fb8af6: urand_change_num 11 extract_buf: pool_sig fffffe49, data_sig 0000023f, bytes_mixed 20 9748bdd6 56fb8af6
[    2.249574] random 0000 0000 0000 a135be86 4777650e: urand_change_num 12 extract_buf: pool_sig fffffcce, data_sig 000000c6, bytes_mixed 20 a135be86 4777650e
[    2.249579] random 0000 0000 0000 4a6ea85d 170e00dd: urand_change_num 13 extract_buf: pool_sig ffffff97, data_sig ffffff7d, bytes_mixed 20 4a6ea85d 170e00dd
[    2.249583] random 0000 0000 0000 4a6ea85d 170e00dd: urand_change_num 14 extract_buf: pool_sig 00000160, data_sig fffffeea, bytes_mixed 20 4a6ea85d 170e00dd
[    2.249587] random 0000 0000 0000 6e87c3cb da668c73: urand_change_num 15 extract_buf: pool_sig 0000034f, data_sig ffffff54, bytes_mixed 20 6e87c3cb da668c73
[    2.249591] random 0000 0000 0000 6e87c3cb da668c73: urand_change_num 16 extract_buf: pool_sig fffffdc5, data_sig 00000205, bytes_mixed 20 6e87c3cb da668c73
[    2.249595] random 0000 0000 0000 39f531e6 461eb249: urand_change_num 17 extract_buf: pool_sig fffffc1d, data_sig ffffff5e, bytes_mixed 20 39f531e6 461eb249
[    2.249599] random 0000 0000 0000 7e1538a2 3e661182: urand_change_num 18 extract_buf: pool_sig 000006ef, data_sig ffffff2e, bytes_mixed 20 7e1538a2 3e661182
[    2.249604] random 0000 0000 0000 7e1538a2 3e661182: urand_change_num 19 extract_buf: pool_sig 00000317, data_sig fffffccb, bytes_mixed 20 7e1538a2 3e661182
[    2.249608] random 0000 0000 0000 76af506b 9b57305e: urand_change_num 20 extract_buf: pool_sig 00000227, data_sig ffffffd2, bytes_mixed 20 76af506b 9b57305e
[    2.249612] random 0000 0000 0000 37d49d89 e20417cc: urand_change_num 21 extract_buf: pool_sig 0000080b, data_sig 000001e9, bytes_mixed 20 37d49d89 e20417cc
[    2.249616] TCP cubic registered
[    2.249666] NET: Registered protocol family 10
[    2.249699] RANDOM - __random32 called. Change num 12.  Value: 5eba7c56	3354535f	8d65ceee
[    2.249701] RANDOM - random32 called.  Value: 5eba7c56	3354535f	8d65ceee
[    2.249710] random 0000 0000 0000 37d49d89 e20417cc: rand_read_num 5 get_random_bytes(4): sig 00000298 37d49d89 e20417cc
[    2.249712] random 0000 0000 0000 37d49d89 e20417cc: extract_entropy(.. 4 ..)
[    2.249714] random 0000 0000 0000 37d49d89 e20417cc: going to reseed nonblocking with 64 bits (32 of 0 requested)
[    2.249716] random 0000 0000 0000 37d49d89 e20417cc: extract_entropy(.. 8 ..)
[    2.249718] random 0000 0000 0000 37d49d89 e20417cc: trying to extract 64 bits from input
[    2.249720] random 0000 0000 0000 37d49d89 e20417cc: debiting 0 entropy credits from input
[    2.249722] random 0000 0000 0000 37d49d89 e20417cc: extract_entropy account returned: 0 
[    2.249725] random 0000 0000 0000 37d49d89 e20417cc: urand_change_num 22 xfer_secondary_pool(4): pool_sig 00000298, data_sig 00000000, bytes_mixed 0 37d49d89 e20417cc
[    2.249728] random 0000 0000 0000 37d49d89 e20417cc: trying to extract 32 bits from nonblocking
[    2.249730] random 0000 0000 0000 37d49d89 e20417cc: debiting 32 entropy credits from nonblocking (unlimited)
[    2.249732] random 0000 0000 0000 37d49d89 e20417cc: extract_entropy account returned: 4 
[    2.249735] random 0000 0000 0000 37d49d89 e20417cc: urand_change_num 23 extract_buf: pool_sig 00000298, data_sig 00000092, bytes_mixed 20 37d49d89 e20417cc
[    2.249784] RANDOM - __random32 called. Change num 13.  Value: a7c56226	354535ff	9ddcc977
[    2.249786] RANDOM - random32 called.  Value: a7c56226	354535ff	9ddcc977
[    2.249836] NET: Registered protocol family 17
[    2.249859] Using IPI No-Shortcut mode
[    2.249864] random 0000 0000 0000 2ee4c4fc 167bdb15: rand_read_num 6 get_random_bytes(8): sig fffffcbf 2ee4c4fc 167bdb15
[    2.249867] random 0000 0000 0000 2ee4c4fc 167bdb15: extract_entropy(.. 8 ..)
[    2.249869] random 0000 0000 0000 2ee4c4fc 167bdb15: going to reseed nonblocking with 64 bits (64 of 0 requested)
[    2.249871] random 0000 0000 0000 2ee4c4fc 167bdb15: extract_entropy(.. 8 ..)
[    2.249873] random 0000 0000 0000 2ee4c4fc 167bdb15: trying to extract 64 bits from input
[    2.249875] random 0000 0000 0000 2ee4c4fc 167bdb15: debiting 0 entropy credits from input
[    2.249877] random 0000 0000 0000 2ee4c4fc 167bdb15: extract_entropy account returned: 0 
[    2.249880] random 0000 0000 0000 2ee4c4fc 167bdb15: urand_change_num 24 xfer_secondary_pool(8): pool_sig fffffcbf, data_sig 00000000, bytes_mixed 0 2ee4c4fc 167bdb15
[    2.249882] random 0000 0000 0000 2ee4c4fc 167bdb15: trying to extract 64 bits from nonblocking
[    2.249885] random 0000 0000 0000 2ee4c4fc 167bdb15: debiting 64 entropy credits from nonblocking (unlimited)
[    2.249887] random 0000 0000 0000 2ee4c4fc 167bdb15: extract_entropy account returned: 8 
[    2.249890] random 0000 0000 0000 2ee4c4fc 167bdb15: urand_change_num 25 extract_buf: pool_sig fffffcbf, data_sig ffffff83, bytes_mixed 20 2ee4c4fc 167bdb15
[    2.249929] PM: Resume from disk failed.
[    2.249936] registered taskstats version 1
[    2.249939] random 0000 0000 0000 2ee4c4fc 167bdb15: rand_read_num 7 get_random_bytes(12): sig fffffc69 2ee4c4fc 167bdb15
[    2.249941] random 0000 0000 0000 2ee4c4fc 167bdb15: extract_entropy(.. 12 ..)
[    2.249943] random 0000 0000 0000 2ee4c4fc 167bdb15: going to reseed nonblocking with 96 bits (96 of 0 requested)
[    2.249945] random 0000 0000 0000 2ee4c4fc 167bdb15: extract_entropy(.. 12 ..)
[    2.249947] random 0000 0000 0000 2ee4c4fc 167bdb15: trying to extract 96 bits from input
[    2.249949] random 0000 0000 0000 2ee4c4fc 167bdb15: debiting 0 entropy credits from input
[    2.249951] random 0000 0000 0000 2ee4c4fc 167bdb15: extract_entropy account returned: 0 
[    2.249954] random 0000 0000 0000 2ee4c4fc 167bdb15: urand_change_num 26 xfer_secondary_pool(12): pool_sig fffffc69, data_sig 00000000, bytes_mixed 0 2ee4c4fc 167bdb15
[    2.249956] random 0000 0000 0000 2ee4c4fc 167bdb15: trying to extract 96 bits from nonblocking
[    2.249958] random 0000 0000 0000 2ee4c4fc 167bdb15: debiting 96 entropy credits from nonblocking (unlimited)
[    2.249960] random 0000 0000 0000 2ee4c4fc 167bdb15: extract_entropy account returned: 12 
[    2.249964] random 0000 0000 0000 2ee4c4fc 167bdb15: urand_change_num 27 extract_buf: pool_sig fffffc69, data_sig ffffff7d, bytes_mixed 20 2ee4c4fc 167bdb15
[    2.249968] random 0000 0000 0000 83b7c1ab 94697f48: urand_change_num 28 extract_buf: pool_sig fffffe30, data_sig fffffdd6, bytes_mixed 20 83b7c1ab 94697f48
[    2.249970] RANDOM - __seed init called.
[    2.249972] RANDOM - __seed init called.
[    2.249973] RANDOM - __seed init called.
[    2.249975] RANDOM - __random32 called. Change num 14.  Value: fc007995	feca4f80	21b38ad2
[    2.249976] RANDOM - random32_reseed called.  Value: fc007995	feca4f80	21b38ad2
[    2.249979] Pid: 1, comm: swapper Not tainted 2.6.32.57 #4
[    2.249980] Call Trace:
[    2.249986]  [<c14a8a0e>] ? printk+0x1d/0x1f
[    2.249990]  [<c17537e5>] random32_reseed+0x89/0xbd
[    2.249994]  [<c1003042>] do_one_initcall+0x32/0x1a0
[    2.249996]  [<c175375c>] ? random32_reseed+0x0/0xbd
[    2.249999]  [<c17308e7>] kernel_init+0x12d/0x17a
[    2.250001]  [<c17307ba>] ? kernel_init+0x0/0x17a
[    2.250004]  [<c1009b07>] kernel_thread_helper+0x7/0x10
[    2.252717] input: AT Translated Set 2 keyboard as /devices/platform/i8042/serio0/input/input1
[    2.252985] random 0000 0000 0000 6db70b00 b30ce96b: rand_read_num 8 get_random_bytes(64): sig fffffb38 6db70b00 b30ce96b
[    2.252988] random 0000 0000 0000 6db70b00 b30ce96b: extract_entropy(.. 64 ..)
[    2.252990] random 0000 0000 0000 6db70b00 b30ce96b: going to reseed nonblocking with 512 bits (512 of 0 requested)
[    2.252993] random 0000 0000 0000 6db70b00 b30ce96b: extract_entropy(.. 64 ..)
[    2.252995] random 0000 0000 0000 6db70b00 b30ce96b: trying to extract 512 bits from input
[    2.252997] random 0000 0000 0000 6db70b00 b30ce96b: debiting 0 entropy credits from input
[    2.252999] random 0000 0000 0000 6db70b00 b30ce96b: extract_entropy account returned: 0 
[    2.253002] random 0000 0000 0000 6db70b00 b30ce96b: urand_change_num 29 xfer_secondary_pool(64): pool_sig fffffb38, data_sig 00000000, bytes_mixed 0 6db70b00 b30ce96b
[    2.253005] random 0000 0000 0000 6db70b00 b30ce96b: trying to extract 512 bits from nonblocking
[    2.253008] random 0000 0000 0000 6db70b00 b30ce96b: debiting 512 entropy credits from nonblocking (unlimited)
[    2.253010] random 0000 0000 0000 6db70b00 b30ce96b: extract_entropy account returned: 64 
[    2.253014] random 0000 0000 0000 6db70b00 b30ce96b: urand_change_num 30 extract_buf: pool_sig fffffb38, data_sig 00000151, bytes_mixed 20 6db70b00 b30ce96b
[    2.253018] random 0000 0000 0000 6db70b00 b30ce96b: urand_change_num 31 extract_buf: pool_sig fffffdb8, data_sig 00000379, bytes_mixed 20 6db70b00 b30ce96b
[    2.253022] random 0000 0000 0000 6b83001e d4b6c0d3: urand_change_num 32 extract_buf: pool_sig ffffffc9, data_sig 00000198, bytes_mixed 20 6b83001e d4b6c0d3
[    2.253027] random 0000 0000 0000 79d3e3c7 be564518: urand_change_num 33 extract_buf: pool_sig 000002b9, data_sig ffffff84, bytes_mixed 20 79d3e3c7 be564518
[    2.253031] random 0000 0000 0000 79d3e3c7 be564518: urand_change_num 34 extract_buf: pool_sig ffffff55, data_sig ffffff5a, bytes_mixed 20 79d3e3c7 be564518
[    2.253036] random 0000 0000 0000 89c03cb2 0d353228: urand_change_num 35 extract_buf: pool_sig 00000007, data_sig ffffff17, bytes_mixed 20 89c03cb2 0d353228
[    2.253040] random 0000 0000 0000 89c03cb2 0d353228: urand_change_num 36 extract_buf: pool_sig fffffdae, data_sig 000000db, bytes_mixed 20 89c03cb2 0d353228  Magic number: 13:159:703
[    2.253136] rtc_cmos 00:04: setting system clock to 2013-05-24 21:39:30 UTC (1369431570)
[    2.253139] BIOS EDD facility v0.16 2004-Jun-25, 0 devices found
[    2.253141] EDD information not available.
[    2.253165] random 0000 0000 0000 8ca62387 b120332c: rand_read_num 9 get_random_bytes(64): sig fffffed6 8ca62387 b120332c
[    2.253167] random 0000 0000 0000 8ca62387 b120332c: extract_entropy(.. 64 ..)
[    2.253170] random 0000 0000 0000 8ca62387 b120332c: going to reseed nonblocking with 512 bits (512 of 0 requested)
[    2.253172] random 0000 0000 0000 8ca62387 b120332c: extract_entropy(.. 64 ..)
[    2.253174] random 0000 0000 0000 8ca62387 b120332c: trying to extract 512 bits from input
[    2.253176] random 0000 0000 0000 8ca62387 b120332c: debiting 0 entropy credits from input
[    2.253179] random 0000 0000 0000 8ca62387 b120332c: extract_entropy account returned: 0 
[    2.253181] random 0000 0000 0000 8ca62387 b120332c: urand_change_num 37 xfer_secondary_pool(64): pool_sig fffffed6, data_sig 00000000, bytes_mixed 0 8ca62387 b120332c
[    2.253184] random 0000 0000 0000 8ca62387 b120332c: trying to extract 512 bits from nonblocking
[    2.253187] random 0000 0000 0000 8ca62387 b120332c: debiting 512 entropy credits from nonblocking (unlimited)
[    2.253189] random 0000 0000 0000 8ca62387 b120332c: extract_entropy account returned: 64 
[    2.253192] random 0000 0000 0000 8ca62387 b120332c: urand_change_num 38 extract_buf: pool_sig fffffed6, data_sig fffffeb6, bytes_mixed 20 8ca62387 b120332c
[    2.253197] random 0000 0000 0000 90702413 e2a66c2e: urand_change_num 39 extract_buf: pool_sig fffffbb0, data_sig 0000012e, bytes_mixed 20 90702413 e2a66c2e
[    2.253201] random 0000 0000 0000 90702413 e2a66c2e: urand_change_num 40 extract_buf: pool_sig fffffaf1, data_sig ffffff3c, bytes_mixed 20 90702413 e2a66c2e
[    2.253206] random 0000 0000 0000 3f58038b c77aecb6: urand_change_num 41 extract_buf: pool_sig 00000234, data_sig fffffdec, bytes_mixed 20 3f58038b c77aecb6
[    2.253210] random 0000 0000 0000 47187b9d 03f21510: urand_change_num 42 extract_buf: pool_sig 00000192, data_sig 00000075, bytes_mixed 20 47187b9d 03f21510
[    2.253215] random 0000 0000 0000 47187b9d 03f21510: urand_change_num 43 extract_buf: pool_sig 0000018e, data_sig ffffffbf, bytes_mixed 20 47187b9d 03f21510
[    2.253219] random 0000 0000 0000 3180b1fc 0fa9c973: urand_change_num 44 extract_buf: pool_sig fffffecf, data_sig ffffff2a, bytes_mixed 20 3180b1fc 0fa9c973
[    2.253222] BEGIN NET_SECRET:
[    2.253223] \xffffff87
[    2.253224] \xffffff8d
[    2.253225] \xfffffff4
[    2.253227] \xffffffae
[    2.253228] \xffffffc3
[    2.253229] \xffffffb7
[    2.253230] \x31
[    2.253231] \x65
[    2.253232] \xffffffda
[    2.253234] \xffffffa2
[    2.253235] \x31
[    2.253236] \xffffffc8
[    2.253237] \xffffffa9
[    2.253238] \x76
[    2.253239] \x76
[    2.253241] \xffffff90
[    2.253242] \x55
[    2.253243] \xfffffff3
[    2.253244] \xffffffb1
[    2.253245] \x3
[    2.253246] \xffffffb3
[    2.253248] \xffffffa7
[    2.253249] \x5a
[    2.253250] \x71
[    2.253251] \x70
[    2.253252] \xffffff8c
[    2.253253] \x56
[    2.253254] \x25
[    2.253255] \xffffffe1
[    2.253257] \x4c
[    2.253258] \xffffffe6
[    2.253259] \xffffff95
[    2.253260] \x67
[    2.253261] \x4c
[    2.253262] \xffffffb9
[    2.253263] \x1d
[    2.253265] \xe
[    2.253266] \x34
[    2.253267] \xffffffbe
[    2.253268] \x12
[    2.253269] \x5
[    2.253270] \xffffff98
[    2.253271] \xffffffa0
[    2.253273] \xf
[    2.253274] \xffffffb2
[    2.253275] \xffffffde
[    2.253276] \xffffff99
[    2.253277] \xf
[    2.253278] \xffffffe8
[    2.253280] \xffffffc8
[    2.253281] \x1f
[    2.253282] \x54
[    2.253283] \x2c
[    2.253284] \xffffffee
[    2.253285] \x2e
[    2.253286] \x0
[    2.253287] \xffffff95
[    2.253289] \x0
[    2.253290] \xffffffe3
[    2.253291] \xffffffa7
[    2.253292] \xfffffffd
[    2.253293] \x66
[    2.253294] \xffffff92
[    2.253296] \xfffffff0
[    2.253297] 
[    2.253298] END NET_SECRET
[    2.253300] random 0000 0000 0000 3180b1fc 0fa9c973: rand_read_num 10 get_random_bytes(4): sig ffffff46 3180b1fc 0fa9c973
[    2.253303] random 0000 0000 0000 3180b1fc 0fa9c973: extract_entropy(.. 4 ..)
[    2.253305] random 0000 0000 0000 3180b1fc 0fa9c973: going to reseed nonblocking with 64 bits (32 of 0 requested)
[    2.253307] random 0000 0000 0000 3180b1fc 0fa9c973: extract_entropy(.. 8 ..)
[    2.253310] random 0000 0000 0000 3180b1fc 0fa9c973: trying to extract 64 bits from input
[    2.253312] random 0000 0000 0000 3180b1fc 0fa9c973: debiting 0 entropy credits from input
[    2.253314] random 0000 0000 0000 3180b1fc 0fa9c973: extract_entropy account returned: 0 
[    2.253317] random 0000 0000 0000 3180b1fc 0fa9c973: urand_change_num 45 xfer_secondary_pool(4): pool_sig ffffff46, data_sig 00000000, bytes_mixed 0 3180b1fc 0fa9c973
[    2.253319] random 0000 0000 0000 3180b1fc 0fa9c973: trying to extract 32 bits from nonblocking
[    2.253322] random 0000 0000 0000 3180b1fc 0fa9c973: debiting 32 entropy credits from nonblocking (unlimited)
[    2.253324] random 0000 0000 0000 3180b1fc 0fa9c973: extract_entropy account returned: 4 
[    2.253354] random 0000 0000 0000 3180b1fc 0fa9c973: urand_change_num 46 extract_buf: pool_sig ffffff46, data_sig 0000001b, bytes_mixed 20 3180b1fc 0fa9c973
[    2.426438] ata2.00: ATAPI: VMware Virtual IDE CDROM Drive, 00000001, max UDMA/33
[    2.426743] ata2.00: configured for UDMA/33
[    2.427145] scsi 1:0:0:0: CD-ROM            NECVMWar VMware IDE CDR10 1.00 PQ: 0 ANSI: 5
[    2.428352] sr0: scsi3-mmc drive: 306x/306x cd/rw xa/form2 cdda tray
[    2.428355] Uniform CD-ROM driver Revision: 3.20
[    2.428404] sr 1:0:0:0: Attached scsi CD-ROM sr0
[    2.428441] sr 1:0:0:0: Attached scsi generic sg0 type 5
[    2.428477] Freeing unused kernel memory: 652k freed
[    2.428527] Write protecting the kernel text: 4840k
[    2.428557] Write protecting the kernel read-only data: 1968k
[    2.428645] random 0000 0000 0000 38974d2b 1d8d6de0: rand_read_num 11 get_random_bytes(16): sig 000001c6 38974d2b 1d8d6de0
