[    0.000000] random 0000 0000 0000 00000000 00000000: rand_read_num 1 get_random_bytes(8): sig 00000000 00000000 00000000
[    0.000000] random 0000 0000 0000 00000000 00000000: extract_entropy(.. 8 ..)
[    0.000000] random 0000 0000 0000 00000000 00000000: going to reseed nonblocking with 64 bits (64 of 0 requested)
[    0.000000] random 0000 0000 0000 00000000 00000000: extract_entropy(.. 8 ..)
[    0.000000] random 0000 0000 0000 00000000 00000000: trying to extract 64 bits from input
[    0.000000] random 0000 0000 0000 00000000 00000000: debiting 0 entropy credits from input
[    0.000000] random 0000 0000 0000 00000000 00000000: extract_entropy account returned: 0 
[    0.000000] random 0000 0000 0000 00000000 00000000: urand_change_num 1 xfer_secondary_pool(8): pool_sig 00000000, data_sig 00000000, bytes_mixed 0 00000000 00000000
[    0.000000] random 0000 0000 0000 00000000 00000000: trying to extract 64 bits from nonblocking
[    0.000000] random 0000 0000 0000 00000000 00000000: debiting 64 entropy credits from nonblocking (unlimited)
[    0.000000] random 0000 0000 0000 00000000 00000000: extract_entropy account returned: 8 
[    0.000000] random 0000 0000 0000 00000000 00000000: urand_change_num 2 extract_buf: pool_sig 00000000, data_sig fffffff9, bytes_mixed 20 00000000 00000000
[    0.000000] Initializing cgroup subsys cpuset
[    0.000000] Initializing cgroup subsys cpu
[    0.000000] Linux version 2.6.32.57 (dcashman@ubuntu) (gcc version 4.6.3 (Ubuntu/Linaro 4.6.3-1ubuntu5) ) #4 SMP Fri May 24 11:09:26 PDT 2013
[    0.000000] KERNEL supported cpus:
[    0.000000]   Intel GenuineIntel
[    0.000000]   AMD AuthenticAMD
[    0.000000]   NSC Geode by NSC
[    0.000000]   Cyrix CyrixInstead
[    0.000000]   Centaur CentaurHauls
[    0.000000]   Transmeta GenuineTMx86
[    0.000000]   Transmeta TransmetaCPU
[    0.000000]   UMC UMC UMC UMC
[    0.000000] BIOS-provided physical RAM map:
[    0.000000]  BIOS-e820: 0000000000000000 - 000000000009f000 (usable)
[    0.000000]  BIOS-e820: 000000000009f000 - 00000000000a0000 (reserved)
[    0.000000]  BIOS-e820: 00000000000ca000 - 00000000000cc000 (reserved)
[    0.000000]  BIOS-e820: 00000000000dc000 - 0000000000100000 (reserved)
[    0.000000]  BIOS-e820: 0000000000100000 - 000000003fee0000 (usable)
[    0.000000]  BIOS-e820: 000000003fee0000 - 000000003feff000 (ACPI data)
[    0.000000]  BIOS-e820: 000000003feff000 - 000000003ff00000 (ACPI NVS)
[    0.000000]  BIOS-e820: 000000003ff00000 - 0000000040000000 (usable)
[    0.000000]  BIOS-e820: 00000000e0000000 - 00000000f0000000 (reserved)
[    0.000000]  BIOS-e820: 00000000fec00000 - 00000000fec10000 (reserved)
[    0.000000]  BIOS-e820: 00000000fee00000 - 00000000fee01000 (reserved)
[    0.000000]  BIOS-e820: 00000000fffe0000 - 0000000100000000 (reserved)
[    0.000000] DMI present.
[    0.000000] Phoenix BIOS detected: BIOS may corrupt low RAM, working around it.
[    0.000000] e820 update range: 0000000000000000 - 0000000000010000 (usable) ==> (reserved)
[    0.000000] last_pfn = 0x40000 max_arch_pfn = 0x1000000
[    0.000000] MTRR default type: uncachable
[    0.000000] MTRR fixed ranges enabled:
[    0.000000]   00000-9FFFF write-back
[    0.000000]   A0000-BFFFF uncachable
[    0.000000]   C0000-CBFFF write-protect
[    0.000000]   CC000-EFFFF uncachable
[    0.000000]   F0000-FFFFF write-protect
[    0.000000] MTRR variable ranges enabled:
[    0.000000]   0 base 0000000000 mask FFC0000000 write-back
[    0.000000]   1 disabled
[    0.000000]   2 disabled
[    0.000000]   3 disabled
[    0.000000]   4 disabled
[    0.000000]   5 disabled
[    0.000000]   6 disabled
[    0.000000]   7 disabled
[    0.000000] x86 PAT enabled: cpu 0, old 0x0, new 0x7010600070106
[    0.000000] Scanning 0 areas for low memory corruption
[    0.000000] modified physical RAM map:
[    0.000000]  modified: 0000000000000000 - 0000000000010000 (reserved)
[    0.000000]  modified: 0000000000010000 - 000000000009f000 (usable)
[    0.000000]  modified: 000000000009f000 - 00000000000a0000 (reserved)
[    0.000000]  modified: 00000000000ca000 - 00000000000cc000 (reserved)
[    0.000000]  modified: 00000000000dc000 - 0000000000100000 (reserved)
[    0.000000]  modified: 0000000000100000 - 000000003fee0000 (usable)
[    0.000000]  modified: 000000003fee0000 - 000000003feff000 (ACPI data)
[    0.000000]  modified: 000000003feff000 - 000000003ff00000 (ACPI NVS)
[    0.000000]  modified: 000000003ff00000 - 0000000040000000 (usable)
[    0.000000]  modified: 00000000e0000000 - 00000000f0000000 (reserved)
[    0.000000]  modified: 00000000fec00000 - 00000000fec10000 (reserved)
[    0.000000]  modified: 00000000fee00000 - 00000000fee01000 (reserved)
[    0.000000]  modified: 00000000fffe0000 - 0000000100000000 (reserved)
[    0.000000] initial memory mapped : 0 - 01e00000
[    0.000000] init_memory_mapping: 0000000000000000-00000000379fe000
[    0.000000] NX (Execute Disable) protection: active
[    0.000000]  0000000000 - 0000200000 page 4k
[    0.000000]  0000200000 - 0037800000 page 2M
[    0.000000]  0037800000 - 00379fe000 page 4k
[    0.000000] kernel direct mapping tables up to 379fe000 @ 10000-16000
[    0.000000] RAMDISK: 2dcfc000 - 32e758c3
[    0.000000] ACPI: RSDP 000f6b80 00024 (v02 PTLTD )
[    0.000000] ACPI: XSDT 3feed636 0005C (v01 INTEL  440BX    06040000 VMW  01324272)
[    0.000000] ACPI: FACP 3fefee98 000F4 (v04 INTEL  440BX    06040000 PTL  000F4240)
[    0.000000] ACPI: DSDT 3feee366 10B32 (v01 PTLTD  Custom   06040000 MSFT 03000001)
[    0.000000] ACPI: FACS 3fefffc0 00040
[    0.000000] ACPI: BOOT 3feee33e 00028 (v01 PTLTD  $SBFTBL$ 06040000  LTP 00000001)
[    0.000000] ACPI: APIC 3feedc3e 003C2 (v01 PTLTD  ? APIC   06040000  LTP 00000000)
[    0.000000] ACPI: MCFG 3feedc02 0003C (v01 PTLTD  $PCITBL$ 06040000  LTP 00000001)
[    0.000000] ACPI: SRAT 3feed732 004D0 (v02 VMWARE MEMPLUG  06040000 VMW  00000001)
[    0.000000] ACPI: HPET 3feed6fa 00038 (v01 VMWARE VMW HPET 06040000 VMW  00000001)
[    0.000000] ACPI: WAET 3feed6d2 00028 (v01 VMWARE VMW WAET 06040000 VMW  00000001)
[    0.000000] ACPI: Local APIC address 0xfee00000
[    0.000000] 134MB HIGHMEM available.
[    0.000000] 889MB LOWMEM available.
[    0.000000]   mapped low ram: 0 - 379fe000
[    0.000000]   low ram: 0 - 379fe000
[    0.000000]   node 0 low ram: 00000000 - 379fe000
[    0.000000]   node 0 bootmap 00012000 - 00018f40
[    0.000000] (9 early reservations) ==> bootmem [0000000000 - 00379fe000]
[    0.000000]   #0 [0000000000 - 0000001000]   BIOS data page ==> [0000000000 - 0000001000]
[    0.000000]   #1 [0000001000 - 0000002000]    EX TRAMPOLINE ==> [0000001000 - 0000002000]
[    0.000000]   #2 [0000006000 - 0000007000]       TRAMPOLINE ==> [0000006000 - 0000007000]
[    0.000000]   #3 [0001000000 - 0001a75ff8]    TEXT DATA BSS ==> [0001000000 - 0001a75ff8]
[    0.000000]   #4 [002dcfc000 - 0032e758c3]          RAMDISK ==> [002dcfc000 - 0032e758c3]
[    0.000000]   #5 [000009f000 - 0000100000]    BIOS reserved ==> [000009f000 - 0000100000]
[    0.000000]   #6 [0001a76000 - 0001a851c0]              BRK ==> [0001a76000 - 0001a851c0]
[    0.000000]   #7 [0000010000 - 0000012000]          PGTABLE ==> [0000010000 - 0000012000]
[    0.000000]   #8 [0000012000 - 0000019000]          BOOTMAP ==> [0000012000 - 0000019000]
[    0.000000] found SMP MP-table at [c00f6bf0] f6bf0
[    0.000000] Zone PFN ranges:
[    0.000000]   DMA      0x00000010 -> 0x00001000
[    0.000000]   Normal   0x00001000 -> 0x000379fe
[    0.000000]   HighMem  0x000379fe -> 0x00040000
[    0.000000] Movable zone start PFN for each node
[    0.000000] early_node_map[3] active PFN ranges
[    0.000000]     0: 0x00000010 -> 0x0000009f
[    0.000000]     0: 0x00000100 -> 0x0003fee0
[    0.000000]     0: 0x0003ff00 -> 0x00040000
[    0.000000] On node 0 totalpages: 261999
[    0.000000] free_area_init_node: node 0, pgdat c1715200, node_mem_map c1a87200
[    0.000000]   DMA zone: 32 pages used for memmap
[    0.000000]   DMA zone: 0 pages reserved
[    0.000000]   DMA zone: 3951 pages, LIFO batch:0
[    0.000000]   Normal zone: 1748 pages used for memmap
[    0.000000]   Normal zone: 221994 pages, LIFO batch:31
[    0.000000]   HighMem zone: 269 pages used for memmap
[    0.000000]   HighMem zone: 34005 pages, LIFO batch:7
[    0.000000] Using APIC driver default
[    0.000000] ACPI: PM-Timer IO Port: 0x1008
[    0.000000] ACPI: Local APIC address 0xfee00000
[    0.000000] ACPI: LAPIC (acpi_id[0x00] lapic_id[0x00] enabled)
[    0.000000] ACPI: LAPIC (acpi_id[0x01] lapic_id[0x02] disabled)
[    0.000000] ACPI: LAPIC (acpi_id[0x02] lapic_id[0x04] disabled)
[    0.000000] ACPI: LAPIC (acpi_id[0x03] lapic_id[0x06] disabled)
[    0.000000] ACPI: LAPIC (acpi_id[0x04] lapic_id[0x08] disabled)
[    0.000000] ACPI: LAPIC (acpi_id[0x05] lapic_id[0x0a] disabled)
[    0.000000] ACPI: LAPIC (acpi_id[0x06] lapic_id[0x0c] disabled)
[    0.000000] ACPI: LAPIC (acpi_id[0x07] lapic_id[0x0e] disabled)
[    0.000000] ACPI: LAPIC (acpi_id[0x08] lapic_id[0x10] disabled)
[    0.000000] ACPI: LAPIC (acpi_id[0x09] lapic_id[0x12] disabled)
[    0.000000] ACPI: LAPIC (acpi_id[0x0a] lapic_id[0x14] disabled)
[    0.000000] ACPI: LAPIC (acpi_id[0x0b] lapic_id[0x16] disabled)
[    0.000000] ACPI: LAPIC (acpi_id[0x0c] lapic_id[0x18] disabled)
[    0.000000] ACPI: LAPIC (acpi_id[0x0d] lapic_id[0x1a] disabled)
[    0.000000] ACPI: LAPIC (acpi_id[0x0e] lapic_id[0x1c] disabled)
[    0.000000] ACPI: LAPIC (acpi_id[0x0f] lapic_id[0x1e] disabled)
[    0.000000] ACPI: LAPIC (acpi_id[0x10] lapic_id[0x20] disabled)
[    0.000000] ACPI: LAPIC (acpi_id[0x11] lapic_id[0x22] disabled)
[    0.000000] ACPI: LAPIC (acpi_id[0x12] lapic_id[0x24] disabled)
[    0.000000] ACPI: LAPIC (acpi_id[0x13] lapic_id[0x26] disabled)
[    0.000000] ACPI: LAPIC (acpi_id[0x14] lapic_id[0x28] disabled)
[    0.000000] ACPI: LAPIC (acpi_id[0x15] lapic_id[0x2a] disabled)
[    0.000000] ACPI: LAPIC (acpi_id[0x16] lapic_id[0x2c] disabled)
[    0.000000] ACPI: LAPIC (acpi_id[0x17] lapic_id[0x2e] disabled)
[    0.000000] ACPI: LAPIC (acpi_id[0x18] lapic_id[0x30] disabled)
[    0.000000] ACPI: LAPIC (acpi_id[0x19] lapic_id[0x32] disabled)
[    0.000000] ACPI: LAPIC (acpi_id[0x1a] lapic_id[0x34] disabled)
[    0.000000] ACPI: LAPIC (acpi_id[0x1b] lapic_id[0x36] disabled)
[    0.000000] ACPI: LAPIC (acpi_id[0x1c] lapic_id[0x38] disabled)
[    0.000000] ACPI: LAPIC (acpi_id[0x1d] lapic_id[0x3a] disabled)
[    0.000000] ACPI: LAPIC (acpi_id[0x1e] lapic_id[0x3c] disabled)
[    0.000000] ACPI: LAPIC (acpi_id[0x1f] lapic_id[0x3e] disabled)
[    0.000000] ACPI: LAPIC (acpi_id[0x20] lapic_id[0x40] disabled)
[    0.000000] ACPI: LAPIC (acpi_id[0x21] lapic_id[0x42] disabled)
[    0.000000] ACPI: LAPIC (acpi_id[0x22] lapic_id[0x44] disabled)
[    0.000000] ACPI: LAPIC (acpi_id[0x23] lapic_id[0x46] disabled)
[    0.000000] ACPI: LAPIC (acpi_id[0x24] lapic_id[0x48] disabled)
[    0.000000] ACPI: LAPIC (acpi_id[0x25] lapic_id[0x4a] disabled)
[    0.000000] ACPI: LAPIC (acpi_id[0x26] lapic_id[0x4c] disabled)
[    0.000000] ACPI: LAPIC (acpi_id[0x27] lapic_id[0x4e] disabled)
[    0.000000] ACPI: LAPIC (acpi_id[0x28] lapic_id[0x50] disabled)
[    0.000000] ACPI: LAPIC (acpi_id[0x29] lapic_id[0x52] disabled)
[    0.000000] ACPI: LAPIC (acpi_id[0x2a] lapic_id[0x54] disabled)
[    0.000000] ACPI: LAPIC (acpi_id[0x2b] lapic_id[0x56] disabled)
[    0.000000] ACPI: LAPIC (acpi_id[0x2c] lapic_id[0x58] disabled)
[    0.000000] ACPI: LAPIC (acpi_id[0x2d] lapic_id[0x5a] disabled)
[    0.000000] ACPI: LAPIC (acpi_id[0x2e] lapic_id[0x5c] disabled)
[    0.000000] ACPI: LAPIC (acpi_id[0x2f] lapic_id[0x5e] disabled)
[    0.000000] ACPI: LAPIC (acpi_id[0x30] lapic_id[0x60] disabled)
[    0.000000] ACPI: LAPIC (acpi_id[0x31] lapic_id[0x62] disabled)
[    0.000000] ACPI: LAPIC (acpi_id[0x32] lapic_id[0x64] disabled)
[    0.000000] ACPI: LAPIC (acpi_id[0x33] lapic_id[0x66] disabled)
[    0.000000] ACPI: LAPIC (acpi_id[0x34] lapic_id[0x68] disabled)
[    0.000000] ACPI: LAPIC (acpi_id[0x35] lapic_id[0x6a] disabled)
[    0.000000] ACPI: LAPIC (acpi_id[0x36] lapic_id[0x6c] disabled)
[    0.000000] ACPI: LAPIC (acpi_id[0x37] lapic_id[0x6e] disabled)
[    0.000000] ACPI: LAPIC (acpi_id[0x38] lapic_id[0x70] disabled)
[    0.000000] ACPI: LAPIC (acpi_id[0x39] lapic_id[0x72] disabled)
[    0.000000] ACPI: LAPIC (acpi_id[0x3a] lapic_id[0x74] disabled)
[    0.000000] ACPI: LAPIC (acpi_id[0x3b] lapic_id[0x76] disabled)
[    0.000000] ACPI: LAPIC (acpi_id[0x3c] lapic_id[0x78] disabled)
[    0.000000] ACPI: LAPIC (acpi_id[0x3d] lapic_id[0x7a] disabled)
[    0.000000] ACPI: LAPIC (acpi_id[0x3e] lapic_id[0x7c] disabled)
[    0.000000] ACPI: LAPIC (acpi_id[0x3f] lapic_id[0x7e] disabled)
[    0.000000] ACPI: LAPIC_NMI (acpi_id[0x00] high edge lint[0x1])
[    0.000000] ACPI: LAPIC_NMI (acpi_id[0x01] high edge lint[0x1])
[    0.000000] ACPI: LAPIC_NMI (acpi_id[0x02] high edge lint[0x1])
[    0.000000] ACPI: LAPIC_NMI (acpi_id[0x03] high edge lint[0x1])
[    0.000000] ACPI: LAPIC_NMI (acpi_id[0x04] high edge lint[0x1])
[    0.000000] ACPI: LAPIC_NMI (acpi_id[0x05] high edge lint[0x1])
[    0.000000] ACPI: LAPIC_NMI (acpi_id[0x06] high edge lint[0x1])
[    0.000000] ACPI: LAPIC_NMI (acpi_id[0x07] high edge lint[0x1])
[    0.000000] ACPI: LAPIC_NMI (acpi_id[0x08] high edge lint[0x1])
[    0.000000] ACPI: LAPIC_NMI (acpi_id[0x09] high edge lint[0x1])
[    0.000000] ACPI: LAPIC_NMI (acpi_id[0x0a] high edge lint[0x1])
[    0.000000] ACPI: LAPIC_NMI (acpi_id[0x0b] high edge lint[0x1])
[    0.000000] ACPI: LAPIC_NMI (acpi_id[0x0c] high edge lint[0x1])
[    0.000000] ACPI: LAPIC_NMI (acpi_id[0x0d] high edge lint[0x1])
[    0.000000] ACPI: LAPIC_NMI (acpi_id[0x0e] high edge lint[0x1])
[    0.000000] ACPI: LAPIC_NMI (acpi_id[0x0f] high edge lint[0x1])
[    0.000000] ACPI: LAPIC_NMI (acpi_id[0x10] high edge lint[0x1])
[    0.000000] ACPI: LAPIC_NMI (acpi_id[0x11] high edge lint[0x1])
[    0.000000] ACPI: LAPIC_NMI (acpi_id[0x12] high edge lint[0x1])
[    0.000000] ACPI: LAPIC_NMI (acpi_id[0x13] high edge lint[0x1])
[    0.000000] ACPI: LAPIC_NMI (acpi_id[0x14] high edge lint[0x1])
[    0.000000] ACPI: LAPIC_NMI (acpi_id[0x15] high edge lint[0x1])
[    0.000000] ACPI: LAPIC_NMI (acpi_id[0x16] high edge lint[0x1])
[    0.000000] ACPI: LAPIC_NMI (acpi_id[0x17] high edge lint[0x1])
[    0.000000] ACPI: LAPIC_NMI (acpi_id[0x18] high edge lint[0x1])
[    0.000000] ACPI: LAPIC_NMI (acpi_id[0x19] high edge lint[0x1])
[    0.000000] ACPI: LAPIC_NMI (acpi_id[0x1a] high edge lint[0x1])
[    0.000000] ACPI: LAPIC_NMI (acpi_id[0x1b] high edge lint[0x1])
[    0.000000] ACPI: LAPIC_NMI (acpi_id[0x1c] high edge lint[0x1])
[    0.000000] ACPI: LAPIC_NMI (acpi_id[0x1d] high edge lint[0x1])
[    0.000000] ACPI: LAPIC_NMI (acpi_id[0x1e] high edge lint[0x1])
[    0.000000] ACPI: LAPIC_NMI (acpi_id[0x1f] high edge lint[0x1])
[    0.000000] ACPI: LAPIC_NMI (acpi_id[0x20] high edge lint[0x1])
[    0.000000] ACPI: LAPIC_NMI (acpi_id[0x21] high edge lint[0x1])
[    0.000000] ACPI: LAPIC_NMI (acpi_id[0x22] high edge lint[0x1])
[    0.000000] ACPI: LAPIC_NMI (acpi_id[0x23] high edge lint[0x1])
[    0.000000] ACPI: LAPIC_NMI (acpi_id[0x24] high edge lint[0x1])
[    0.000000] ACPI: LAPIC_NMI (acpi_id[0x25] high edge lint[0x1])
[    0.000000] ACPI: LAPIC_NMI (acpi_id[0x26] high edge lint[0x1])
[    0.000000] ACPI: LAPIC_NMI (acpi_id[0x27] high edge lint[0x1])
[    0.000000] ACPI: LAPIC_NMI (acpi_id[0x28] high edge lint[0x1])
[    0.000000] ACPI: LAPIC_NMI (acpi_id[0x29] high edge lint[0x1])
[    0.000000] ACPI: LAPIC_NMI (acpi_id[0x2a] high edge lint[0x1])
[    0.000000] ACPI: LAPIC_NMI (acpi_id[0x2b] high edge lint[0x1])
[    0.000000] ACPI: LAPIC_NMI (acpi_id[0x2c] high edge lint[0x1])
[    0.000000] ACPI: LAPIC_NMI (acpi_id[0x2d] high edge lint[0x1])
[    0.000000] ACPI: LAPIC_NMI (acpi_id[0x2e] high edge lint[0x1])
[    0.000000] ACPI: LAPIC_NMI (acpi_id[0x2f] high edge lint[0x1])
[    0.000000] ACPI: LAPIC_NMI (acpi_id[0x30] high edge lint[0x1])
[    0.000000] ACPI: LAPIC_NMI (acpi_id[0x31] high edge lint[0x1])
[    0.000000] ACPI: LAPIC_NMI (acpi_id[0x32] high edge lint[0x1])
[    0.000000] ACPI: LAPIC_NMI (acpi_id[0x33] high edge lint[0x1])
[    0.000000] ACPI: LAPIC_NMI (acpi_id[0x34] high edge lint[0x1])
[    0.000000] ACPI: LAPIC_NMI (acpi_id[0x35] high edge lint[0x1])
[    0.000000] ACPI: LAPIC_NMI (acpi_id[0x36] high edge lint[0x1])
[    0.000000] ACPI: LAPIC_NMI (acpi_id[0x37] high edge lint[0x1])
[    0.000000] ACPI: LAPIC_NMI (acpi_id[0x38] high edge lint[0x1])
[    0.000000] ACPI: LAPIC_NMI (acpi_id[0x39] high edge lint[0x1])
[    0.000000] ACPI: LAPIC_NMI (acpi_id[0x3a] high edge lint[0x1])
[    0.000000] ACPI: LAPIC_NMI (acpi_id[0x3b] high edge lint[0x1])
[    0.000000] ACPI: LAPIC_NMI (acpi_id[0x3c] high edge lint[0x1])
[    0.000000] ACPI: LAPIC_NMI (acpi_id[0x3d] high edge lint[0x1])
[    0.000000] ACPI: LAPIC_NMI (acpi_id[0x3e] high edge lint[0x1])
[    0.000000] ACPI: LAPIC_NMI (acpi_id[0x3f] high edge lint[0x1])
[    0.000000] ACPI: Skipping IOAPIC probe due to 'noapic' option.
[    0.000000] Using ACPI for processor (LAPIC) configuration information
[    0.000000] ACPI: HPET id: 0x8086af01 base: 0xfed00000
[    0.000000] Intel MultiProcessor Specification v1.4
[    0.000000]     Virtual Wire compatibility mode.
[    0.000000] MPTABLE: OEM ID: INTEL   
[    0.000000] MPTABLE: Product ID: 440BX       
[    0.000000] MPTABLE: APIC at: 0xFEE00000
[    0.000000] I/O APIC #1 Version 17 at 0xFEC00000.
[    0.000000] Processors: 1
[    0.000000] 64 Processors exceeds NR_CPUS limit of 8
[    0.000000] SMP: Allowing 8 CPUs, 7 hotplug CPUs
[    0.000000] nr_irqs_gsi: 24
[    0.000000] PM: Registered nosave memory: 000000000009f000 - 00000000000a0000
[    0.000000] PM: Registered nosave memory: 00000000000a0000 - 00000000000ca000
[    0.000000] PM: Registered nosave memory: 00000000000ca000 - 00000000000cc000
[    0.000000] PM: Registered nosave memory: 00000000000cc000 - 00000000000dc000
[    0.000000] PM: Registered nosave memory: 00000000000dc000 - 0000000000100000
[    0.000000] Allocating PCI resources starting at 40000000 (gap: 40000000:a0000000)
[    0.000000] Booting paravirtualized kernel on bare hardware
[    0.000000] NR_CPUS:8 nr_cpumask_bits:8 nr_cpu_ids:8 nr_node_ids:1
[    0.000000] PERCPU: Embedded 15 pages/cpu @c2400000 s39320 r0 d22120 u262144
[    0.000000] pcpu-alloc: s39320 r0 d22120 u262144 alloc=1*2097152
[    0.000000] pcpu-alloc: [0] 0 1 2 3 4 5 6 7 
[    0.000000] Built 1 zonelists in Zone order, mobility grouping on.  Total pages: 259950
[    0.000000] Kernel command line: BOOT_IMAGE=/boot/vmlinuz-2.6.32.57 root=UUID=007b598c-390d-4c65-84a1-4ff752d48633 ro quiet splash maxcpus=0
[    0.000000] PID hash table entries: 4096 (order: 2, 16384 bytes)
[    0.000000] Dentry cache hash table entries: 131072 (order: 7, 524288 bytes)
[    0.000000] Inode-cache hash table entries: 65536 (order: 6, 262144 bytes)
[    0.000000] Enabling fast FPU save and restore... done.
[    0.000000] Enabling unmasked SIMD FPU exception support... done.
[    0.000000] Initializing CPU#0
[    0.000000] xsave/xrstor: enabled xstate_bv 0x7, cntxt size 0x340
[    0.000000] allocated 5242560 bytes of page_cgroup
[    0.000000] please try 'cgroup_disable=memory' option if you don't want memory cgroups
[    0.000000] Initializing HighMem for node 0 (000379fe:00040000)
[    0.000000] Memory: 938260k/1048576k available (4839k kernel code, 108848k reserved, 2518k data, 652k init, 137096k highmem)
[    0.000000] virtual kernel memory layout:
[    0.000000]     fixmap  : 0xfff1e000 - 0xfffff000   ( 900 kB)
[    0.000000]     pkmap   : 0xffa00000 - 0xffc00000   (2048 kB)
[    0.000000]     vmalloc : 0xf81fe000 - 0xff9fe000   ( 120 MB)
[    0.000000]     lowmem  : 0xc0000000 - 0xf79fe000   ( 889 MB)
[    0.000000]       .init : 0xc1730000 - 0xc17d3000   ( 652 kB)
[    0.000000]       .data : 0xc14b9cce - 0xc172f764   (2518 kB)
[    0.000000]       .text : 0xc1000000 - 0xc14b9cce   (4839 kB)
[    0.000000] Checking if this processor honours the WP bit even in supervisor mode...Ok.
[    0.000000] SLUB: Genslabs=13, HWalign=64, Order=0-3, MinObjects=0, CPUs=8, Nodes=1
[    0.000000] Hierarchical RCU implementation.
[    0.000000] NR_IRQS:2304 nr_irqs:472
[    0.000000] Extended CMOS year: 2000
[    0.000000] Console: colour VGA+ 80x25
[    0.000000] console [tty0] enabled
[    0.000000] hpet clockevent registered
[    0.000000] TSC freq read from hypervisor : 2394.620 MHz
[    0.000000] Detected 2394.620 MHz processor.
[    0.000002] Calibrating delay loop (skipped) preset value.. 4789.24 BogoMIPS (lpj=9578480)
[    0.000011] Security Framework initialized
[    0.000014] SELinux:  Disabled at boot.
[    0.000018] Mount-cache hash table entries: 512
[    0.000145] Initializing cgroup subsys cpuacct
[    0.000148] Initializing cgroup subsys memory
[    0.000151] Initializing cgroup subsys devices
[    0.000153] Initializing cgroup subsys freezer
[    0.000179] CPU: Physical Processor ID: 0
[    0.000185] CPU: L1 I cache: 32K, L1 D cache: 32K
[    0.000187] CPU: L2 cache: 256K
[    0.000188] CPU: L3 cache: 4096K
[    0.000193] mce: CPU supports 0 MCE banks
[    0.000204] Performance Events: no PMU driver, software events only.
[    0.000214] Checking 'hlt' instruction... OK.
[    0.017576] SMP alternatives: switching to UP code
[    0.032555] ACPI: Core revision 20090903
[    0.038785] ACPI: setting ELCR to 0200 (from 0e20)
[    0.039764] ftrace: converting mcount calls to 0f 1f 44 00 00
[    0.039770] ftrace: allocating 22631 entries in 45 pages
[    0.056938] CANARY value: 71774293 for PID: 1
[    0.056988] Not enabling x2apic, Intr-remapping init failed.
[    0.056989] Enabling APIC mode:  Flat.  Using 1 I/O APICs
[    0.056997] SMP mode deactivated.
[    0.057031] SMP disabled
[    0.057085] Brought up 1 CPUs
[    0.057087] Total of 1 processors activated (4789.24 BogoMIPS).
[    0.057091] CPU0 attaching NULL sched-domain.
[    0.057158] devtmpfs: initialized
[    0.057262] sysctl table check failed: /kernel/random/now_input .1.40.7 Unknown sysctl binary path
[    0.057503] Pid: 1, comm: swapper Not tainted 2.6.32.57 #4
[    0.057504] Call Trace:
[    0.057508]  [<c14a8a0e>] ? printk+0x1d/0x1f
[    0.057511]  [<c107b56f>] set_fail+0x4f/0x60
[    0.057513]  [<c107b8b3>] sysctl_check_table+0x333/0x620
[    0.057515]  [<c107b8cc>] sysctl_check_table+0x34c/0x620
[    0.057516]  [<c107b8cc>] sysctl_check_table+0x34c/0x620
[    0.057520]  [<c1746d48>] sysctl_init+0x25/0x29
[    0.057522]  [<c1003042>] do_one_initcall+0x32/0x1a0
[    0.057524]  [<c1746d23>] ? sysctl_init+0x0/0x29
[    0.057527]  [<c17308e7>] kernel_init+0x12d/0x17a
[    0.057528]  [<c17307ba>] ? kernel_init+0x0/0x17a
[    0.057531]  [<c1009b07>] kernel_thread_helper+0x7/0x10
[    0.057532] sysctl table check failed: /kernel/random/now_blocking .1.40.8 Unknown sysctl binary path
[    0.057762] Pid: 1, comm: swapper Not tainted 2.6.32.57 #4
[    0.057763] Call Trace:
[    0.057764]  [<c14a8a0e>] ? printk+0x1d/0x1f
[    0.057766]  [<c107b56f>] set_fail+0x4f/0x60
[    0.057767]  [<c107b8b3>] sysctl_check_table+0x333/0x620
[    0.057769]  [<c107b8cc>] sysctl_check_table+0x34c/0x620
[    0.057770]  [<c107b8cc>] sysctl_check_table+0x34c/0x620
[    0.057773]  [<c1746d48>] sysctl_init+0x25/0x29
[    0.057774]  [<c1003042>] do_one_initcall+0x32/0x1a0
[    0.057776]  [<c1746d23>] ? sysctl_init+0x0/0x29
[    0.057778]  [<c17308e7>] kernel_init+0x12d/0x17a
[    0.057779]  [<c17307ba>] ? kernel_init+0x0/0x17a
[    0.057781]  [<c1009b07>] kernel_thread_helper+0x7/0x10
[    0.057782] sysctl table check failed: /kernel/random/now_nonblocking .1.40.9 Unknown sysctl binary path
[    0.058044] Pid: 1, comm: swapper Not tainted 2.6.32.57 #4
[    0.058045] Call Trace:
[    0.058047]  [<c14a8a0e>] ? printk+0x1d/0x1f
[    0.058049]  [<c107b56f>] set_fail+0x4f/0x60
[    0.058050]  [<c107b8b3>] sysctl_check_table+0x333/0x620
[    0.058052]  [<c107b8cc>] sysctl_check_table+0x34c/0x620
[    0.058054]  [<c107b8cc>] sysctl_check_table+0x34c/0x620
[    0.058056]  [<c1746d48>] sysctl_init+0x25/0x29
[    0.058058]  [<c1003042>] do_one_initcall+0x32/0x1a0
[    0.058060]  [<c1746d23>] ? sysctl_init+0x0/0x29
[    0.058061]  [<c17308e7>] kernel_init+0x12d/0x17a
[    0.058063]  [<c17307ba>] ? kernel_init+0x0/0x17a
[    0.058065]  [<c1009b07>] kernel_thread_helper+0x7/0x10
[    0.058066] sysctl table check failed: /kernel/random/nb_input_bytes .1.40.10 Unknown sysctl binary path
[    0.058314] Pid: 1, comm: swapper Not tainted 2.6.32.57 #4
[    0.058315] Call Trace:
[    0.058316]  [<c14a8a0e>] ? printk+0x1d/0x1f
[    0.058318]  [<c107b56f>] set_fail+0x4f/0x60
[    0.058320]  [<c107b8b3>] sysctl_check_table+0x333/0x620
[    0.058321]  [<c107b8cc>] sysctl_check_table+0x34c/0x620
[    0.058323]  [<c107b8cc>] sysctl_check_table+0x34c/0x620
[    0.058325]  [<c1746d48>] sysctl_init+0x25/0x29
[    0.058327]  [<c1003042>] do_one_initcall+0x32/0x1a0
[    0.058329]  [<c1746d23>] ? sysctl_init+0x0/0x29
[    0.058331]  [<c17308e7>] kernel_init+0x12d/0x17a
[    0.058332]  [<c17307ba>] ? kernel_init+0x0/0x17a
[    0.058334]  [<c1009b07>] kernel_thread_helper+0x7/0x10
[    0.058335] sysctl table check failed: /kernel/random/nb_stir_count .1.40.11 Unknown sysctl binary path
[    0.058576] Pid: 1, comm: swapper Not tainted 2.6.32.57 #4
[    0.058577] Call Trace:
[    0.058578]  [<c14a8a0e>] ? printk+0x1d/0x1f
[    0.058579]  [<c107b56f>] set_fail+0x4f/0x60
[    0.058581]  [<c107b8b3>] sysctl_check_table+0x333/0x620
[    0.058582]  [<c107b8cc>] sysctl_check_table+0x34c/0x620
[    0.058584]  [<c107b8cc>] sysctl_check_table+0x34c/0x620
[    0.058586]  [<c1746d48>] sysctl_init+0x25/0x29
[    0.058588]  [<c1003042>] do_one_initcall+0x32/0x1a0
[    0.058590]  [<c1746d23>] ? sysctl_init+0x0/0x29
[    0.058591]  [<c17308e7>] kernel_init+0x12d/0x17a
[    0.058593]  [<c17307ba>] ? kernel_init+0x0/0x17a
[    0.058594]  [<c1009b07>] kernel_thread_helper+0x7/0x10
[    0.058596] sysctl table check failed: /kernel/random/nb_reentry_count .1.40.12 Unknown sysctl binary path
[    0.058827] Pid: 1, comm: swapper Not tainted 2.6.32.57 #4
[    0.058828] Call Trace:
[    0.058829]  [<c14a8a0e>] ? printk+0x1d/0x1f
[    0.058831]  [<c107b56f>] set_fail+0x4f/0x60
[    0.058832]  [<c107b8b3>] sysctl_check_table+0x333/0x620
[    0.058834]  [<c107b8cc>] sysctl_check_table+0x34c/0x620
[    0.058835]  [<c107b8cc>] sysctl_check_table+0x34c/0x620
[    0.058838]  [<c1746d48>] sysctl_init+0x25/0x29
[    0.058839]  [<c1003042>] do_one_initcall+0x32/0x1a0
[    0.058841]  [<c1746d23>] ? sysctl_init+0x0/0x29
[    0.058843]  [<c17308e7>] kernel_init+0x12d/0x17a
[    0.058844]  [<c17307ba>] ? kernel_init+0x0/0x17a
[    0.058846]  [<c1009b07>] kernel_thread_helper+0x7/0x10
[    0.058976] RANDOM - __seed init called.
[    0.058977] RANDOM - __seed init called.
[    0.058978] RANDOM - __seed init called.
[    0.058979] RANDOM - __random32 called. Change num 1.  Value: 7576a435	efb61e22	b7f78320
[    0.058981] RANDOM - __random32 called. Change num 2.  Value: 6a43543e	fb61e228	6410973
[    0.058982] RANDOM - __random32 called. Change num 3.  Value: 3543e018	b61e228b	12e68928
[    0.058984] RANDOM - __random32 called. Change num 4.  Value: 3e018928	61e228b7	1250ba58
[    0.058985] RANDOM - __random32 called. Change num 5.  Value: 189281e4	1e228b73	74b01aad
[    0.058986] RANDOM - __random32 called. Change num 6.  Value: 281e4915	e228b733	355a2619
[    0.058987] RANDOM - random32 init called.  Value: 281e4915	e228b733	355a2619
[    0.058994] regulator: core version 0.5
[    0.059061] Time: 22:32:22  Date: 05/24/13
[    0.059094] NET: Registered protocol family 16
[    0.059155] EISA bus registered
[    0.059878] ACPI: bus type pci registered
[    0.059994] PCI: MCFG configuration 0: base e0000000 segment 0 buses 0 - 255
[    0.059996] PCI: MCFG area at e0000000 reserved in E820
[    0.059997] PCI: Using MMCONFIG for extended config space
[    0.059998] PCI: Using configuration type 1 for base access
[    0.060449] bio: create slab <bio-0> at 0
[    0.061619] ACPI: EC: Look up EC in DSDT
[    0.098403] ACPI: BIOS _OSI(Linux) query ignored
[    0.104233] ACPI: Interpreter enabled
[    0.104237] ACPI: (supports S0 S1 S4 S5)
[    0.104249] ACPI: Using PIC for interrupt routing
[    0.186272] ACPI: No dock devices found.
[    0.187113] ACPI: PCI Root Bridge [PCI0] (0000:00)
[    0.188719] pci 0000:00:07.1: reg 20 io port: [0x10c0-0x10cf]
[    0.189250] pci 0000:00:07.3: quirk: region 1000-103f claimed by PIIX4 ACPI
[    0.189262] pci 0000:00:07.3: quirk: region 1040-104f claimed by PIIX4 SMB
[    0.189838] pci 0000:00:07.7: reg 10 io port: [0x1080-0x10bf]
[    0.190273] pci 0000:00:07.7: reg 14 64bit mmio: [0xc8000000-0xc8001fff]
[    0.191432] pci 0000:00:0f.0: reg 10 io port: [0x10d0-0x10df]
[    0.191473] pci 0000:00:0f.0: reg 14 32bit mmio pref: [0xd0000000-0xd7ffffff]
[    0.191509] pci 0000:00:0f.0: reg 18 32bit mmio: [0xc8800000-0xc8ffffff]
[    0.191646] pci 0000:00:0f.0: reg 30 32bit mmio pref: [0x000000-0x007fff]
[    0.192187] pci 0000:00:10.0: reg 10 io port: [0x1400-0x14ff]
[    0.192537] pci 0000:00:10.0: reg 14 64bit mmio: [0xc8040000-0xc805ffff]
[    0.192905] pci 0000:00:10.0: reg 1c 64bit mmio: [0xc8020000-0xc803ffff]
[    0.192976] pci 0000:00:10.0: reg 30 32bit mmio pref: [0x000000-0x003fff]
[    0.194282] pci 0000:00:15.0: PME# supported from D0 D3hot D3cold
[    0.194302] pci 0000:00:15.0: PME# disabled
[    0.195128] pci 0000:00:15.1: PME# supported from D0 D3hot D3cold
[    0.195146] pci 0000:00:15.1: PME# disabled
[    0.195994] pci 0000:00:15.2: PME# supported from D0 D3hot D3cold
[    0.196013] pci 0000:00:15.2: PME# disabled
[    0.196850] pci 0000:00:15.3: PME# supported from D0 D3hot D3cold
[    0.196869] pci 0000:00:15.3: PME# disabled
[    0.197669] pci 0000:00:15.4: PME# supported from D0 D3hot D3cold
[    0.197688] pci 0000:00:15.4: PME# disabled
[    0.198556] pci 0000:00:15.5: PME# supported from D0 D3hot D3cold
[    0.198576] pci 0000:00:15.5: PME# disabled
[    0.199433] pci 0000:00:15.6: PME# supported from D0 D3hot D3cold
[    0.199452] pci 0000:00:15.6: PME# disabled
[    0.200296] pci 0000:00:15.7: PME# supported from D0 D3hot D3cold
[    0.200315] pci 0000:00:15.7: PME# disabled
[    0.201144] pci 0000:00:16.0: PME# supported from D0 D3hot D3cold
[    0.201163] pci 0000:00:16.0: PME# disabled
[    0.201984] pci 0000:00:16.1: PME# supported from D0 D3hot D3cold
[    0.202003] pci 0000:00:16.1: PME# disabled
[    0.202843] pci 0000:00:16.2: PME# supported from D0 D3hot D3cold
[    0.202863] pci 0000:00:16.2: PME# disabled
[    0.203699] pci 0000:00:16.3: PME# supported from D0 D3hot D3cold
[    0.203718] pci 0000:00:16.3: PME# disabled
[    0.204563] pci 0000:00:16.4: PME# supported from D0 D3hot D3cold
[    0.204582] pci 0000:00:16.4: PME# disabled
[    0.205405] pci 0000:00:16.5: PME# supported from D0 D3hot D3cold
[    0.205423] pci 0000:00:16.5: PME# disabled
[    0.206250] pci 0000:00:16.6: PME# supported from D0 D3hot D3cold
[    0.206269] pci 0000:00:16.6: PME# disabled
[    0.207090] pci 0000:00:16.7: PME# supported from D0 D3hot D3cold
[    0.207109] pci 0000:00:16.7: PME# disabled
[    0.207946] pci 0000:00:17.0: PME# supported from D0 D3hot D3cold
[    0.207964] pci 0000:00:17.0: PME# disabled
[    0.208782] pci 0000:00:17.1: PME# supported from D0 D3hot D3cold
[    0.208810] pci 0000:00:17.1: PME# disabled
[    0.209610] pci 0000:00:17.2: PME# supported from D0 D3hot D3cold
[    0.209629] pci 0000:00:17.2: PME# disabled
[    0.210474] pci 0000:00:17.3: PME# supported from D0 D3hot D3cold
[    0.210493] pci 0000:00:17.3: PME# disabled
[    0.211347] pci 0000:00:17.4: PME# supported from D0 D3hot D3cold
[    0.211366] pci 0000:00:17.4: PME# disabled
[    0.212253] pci 0000:00:17.5: PME# supported from D0 D3hot D3cold
[    0.212275] pci 0000:00:17.5: PME# disabled
[    0.213143] pci 0000:00:17.6: PME# supported from D0 D3hot D3cold
[    0.213163] pci 0000:00:17.6: PME# disabled
[    0.214023] pci 0000:00:17.7: PME# supported from D0 D3hot D3cold
[    0.214042] pci 0000:00:17.7: PME# disabled
[    0.214878] pci 0000:00:18.0: PME# supported from D0 D3hot D3cold
[    0.214897] pci 0000:00:18.0: PME# disabled
[    0.215709] pci 0000:00:18.1: PME# supported from D0 D3hot D3cold
[    0.215731] pci 0000:00:18.1: PME# disabled
[    0.216561] pci 0000:00:18.2: PME# supported from D0 D3hot D3cold
[    0.216580] pci 0000:00:18.2: PME# disabled
[    0.217430] pci 0000:00:18.3: PME# supported from D0 D3hot D3cold
[    0.217448] pci 0000:00:18.3: PME# disabled
[    0.218278] pci 0000:00:18.4: PME# supported from D0 D3hot D3cold
[    0.218297] pci 0000:00:18.4: PME# disabled
[    0.219166] pci 0000:00:18.5: PME# supported from D0 D3hot D3cold
[    0.219188] pci 0000:00:18.5: PME# disabled
[    0.220081] pci 0000:00:18.6: PME# supported from D0 D3hot D3cold
[    0.220100] pci 0000:00:18.6: PME# disabled
[    0.220940] pci 0000:00:18.7: PME# supported from D0 D3hot D3cold
[    0.220959] pci 0000:00:18.7: PME# disabled
[    0.222045] pci 0000:02:00.0: reg 20 io port: [0x20c0-0x20df]
[    0.222544] pci 0000:02:01.0: reg 10 io port: [0x2000-0x207f]
[    0.222778] pci 0000:02:01.0: reg 30 32bit mmio pref: [0x000000-0x00ffff]
[    0.223331] pci 0000:02:02.0: reg 10 io port: [0x2080-0x20bf]
[    0.223950] pci 0000:02:03.0: reg 10 32bit mmio: [0xc9000000-0xc9000fff]
[    0.224510] pci 0000:00:11.0: transparent bridge
[    0.224530] pci 0000:00:11.0: bridge io port: [0x2000-0x3fff]
[    0.224551] pci 0000:00:11.0: bridge 32bit mmio: [0xc9000000-0xca3fffff]
[    0.224589] pci 0000:00:11.0: bridge 64bit mmio pref: [0xd8400000-0xd89fffff]
[    0.224980] pci 0000:00:15.0: bridge io port: [0x4000-0x4fff]
[    0.225000] pci 0000:00:15.0: bridge 32bit mmio: [0xca400000-0xca4fffff]
[    0.225039] pci 0000:00:15.0: bridge 64bit mmio pref: [0xd8a00000-0xd8afffff]
[    0.225418] pci 0000:00:15.1: bridge io port: [0x8000-0x8fff]
[    0.225439] pci 0000:00:15.1: bridge 32bit mmio: [0xca800000-0xca8fffff]
[    0.225477] pci 0000:00:15.1: bridge 64bit mmio pref: [0xd8e00000-0xd8efffff]
[    0.225862] pci 0000:00:15.2: bridge io port: [0xc000-0xcfff]
[    0.225883] pci 0000:00:15.2: bridge 32bit mmio: [0xcac00000-0xcacfffff]
[    0.225921] pci 0000:00:15.2: bridge 64bit mmio pref: [0xd9200000-0xd92fffff]
[    0.226323] pci 0000:00:15.3: bridge 32bit mmio: [0xcb000000-0xcb0fffff]
[    0.226362] pci 0000:00:15.3: bridge 64bit mmio pref: [0xd9600000-0xd96fffff]
[    0.226845] pci 0000:00:15.4: bridge 32bit mmio: [0xcb400000-0xcb4fffff]
[    0.226884] pci 0000:00:15.4: bridge 64bit mmio pref: [0xd9a00000-0xd9afffff]
[    0.227280] pci 0000:00:15.5: bridge 32bit mmio: [0xcb800000-0xcb8fffff]
[    0.227319] pci 0000:00:15.5: bridge 64bit mmio pref: [0xd9e00000-0xd9efffff]
[    0.227743] pci 0000:00:15.6: bridge 32bit mmio: [0xcbc00000-0xcbcfffff]
[    0.227789] pci 0000:00:15.6: bridge 64bit mmio pref: [0xda200000-0xda2fffff]
[    0.228234] pci 0000:00:15.7: bridge 32bit mmio: [0xcc000000-0xcc0fffff]
[    0.228274] pci 0000:00:15.7: bridge 64bit mmio pref: [0xda600000-0xda6fffff]
[    0.228670] pci 0000:00:16.0: bridge io port: [0x5000-0x5fff]
[    0.228691] pci 0000:00:16.0: bridge 32bit mmio: [0xca500000-0xca5fffff]
[    0.228732] pci 0000:00:16.0: bridge 64bit mmio pref: [0xd8b00000-0xd8bfffff]
[    0.229111] pci 0000:00:16.1: bridge io port: [0x9000-0x9fff]
[    0.229131] pci 0000:00:16.1: bridge 32bit mmio: [0xca900000-0xca9fffff]
[    0.229170] pci 0000:00:16.1: bridge 64bit mmio pref: [0xd8f00000-0xd8ffffff]
[    0.229600] pci 0000:00:16.2: bridge io port: [0xd000-0xdfff]
[    0.229620] pci 0000:00:16.2: bridge 32bit mmio: [0xcad00000-0xcadfffff]
[    0.229655] pci 0000:00:16.2: bridge 64bit mmio pref: [0xd9300000-0xd93fffff]
[    0.230069] pci 0000:00:16.3: bridge 32bit mmio: [0xcb100000-0xcb1fffff]
[    0.230105] pci 0000:00:16.3: bridge 64bit mmio pref: [0xd9700000-0xd97fffff]
[    0.230476] pci 0000:00:16.4: bridge 32bit mmio: [0xcb500000-0xcb5fffff]
[    0.230512] pci 0000:00:16.4: bridge 64bit mmio pref: [0xd9b00000-0xd9bfffff]
[    0.230909] pci 0000:00:16.5: bridge 32bit mmio: [0xcb900000-0xcb9fffff]
[    0.230945] pci 0000:00:16.5: bridge 64bit mmio pref: [0xd9f00000-0xd9ffffff]
[    0.231316] pci 0000:00:16.6: bridge 32bit mmio: [0xcbd00000-0xcbdfffff]
[    0.231352] pci 0000:00:16.6: bridge 64bit mmio pref: [0xda300000-0xda3fffff]
[    0.231762] pci 0000:00:16.7: bridge 32bit mmio: [0xcc100000-0xcc1fffff]
[    0.231799] pci 0000:00:16.7: bridge 64bit mmio pref: [0xda700000-0xda7fffff]
[    0.232153] pci 0000:00:17.0: bridge io port: [0x6000-0x6fff]
[    0.232173] pci 0000:00:17.0: bridge 32bit mmio: [0xca600000-0xca6fffff]
[    0.232210] pci 0000:00:17.0: bridge 64bit mmio pref: [0xd8c00000-0xd8cfffff]
[    0.232604] pci 0000:00:17.1: bridge io port: [0xa000-0xafff]
[    0.232623] pci 0000:00:17.1: bridge 32bit mmio: [0xcaa00000-0xcaafffff]
[    0.232659] pci 0000:00:17.1: bridge 64bit mmio pref: [0xd9000000-0xd90fffff]
[    0.233044] pci 0000:00:17.2: bridge io port: [0xe000-0xefff]
[    0.233063] pci 0000:00:17.2: bridge 32bit mmio: [0xcae00000-0xcaefffff]
[    0.233099] pci 0000:00:17.2: bridge 64bit mmio pref: [0xd9400000-0xd94fffff]
[    0.233470] pci 0000:00:17.3: bridge 32bit mmio: [0xcb200000-0xcb2fffff]
[    0.233506] pci 0000:00:17.3: bridge 64bit mmio pref: [0xd9800000-0xd98fffff]
[    0.233905] pci 0000:00:17.4: bridge 32bit mmio: [0xcb600000-0xcb6fffff]
[    0.233941] pci 0000:00:17.4: bridge 64bit mmio pref: [0xd9c00000-0xd9cfffff]
[    0.234310] pci 0000:00:17.5: bridge 32bit mmio: [0xcba00000-0xcbafffff]
[    0.234346] pci 0000:00:17.5: bridge 64bit mmio pref: [0xda000000-0xda0fffff]
[    0.234721] pci 0000:00:17.6: bridge 32bit mmio: [0xcbe00000-0xcbefffff]
[    0.234757] pci 0000:00:17.6: bridge 64bit mmio pref: [0xda400000-0xda4fffff]
[    0.235128] pci 0000:00:17.7: bridge 32bit mmio: [0xcc200000-0xcc2fffff]
[    0.235163] pci 0000:00:17.7: bridge 64bit mmio pref: [0xda800000-0xda8fffff]
[    0.235517] pci 0000:00:18.0: bridge io port: [0x7000-0x7fff]
[    0.235536] pci 0000:00:18.0: bridge 32bit mmio: [0xca700000-0xca7fffff]
[    0.235572] pci 0000:00:18.0: bridge 64bit mmio pref: [0xd8d00000-0xd8dfffff]
[    0.235990] pci 0000:00:18.1: bridge io port: [0xb000-0xbfff]
[    0.236009] pci 0000:00:18.1: bridge 32bit mmio: [0xcab00000-0xcabfffff]
[    0.236044] pci 0000:00:18.1: bridge 64bit mmio pref: [0xd9100000-0xd91fffff]
[    0.236400] pci 0000:00:18.2: bridge io port: [0xf000-0xffff]
[    0.236419] pci 0000:00:18.2: bridge 32bit mmio: [0xcaf00000-0xcaffffff]
[    0.236455] pci 0000:00:18.2: bridge 64bit mmio pref: [0xd9500000-0xd95fffff]
[    0.236846] pci 0000:00:18.3: bridge 32bit mmio: [0xcb300000-0xcb3fffff]
[    0.236882] pci 0000:00:18.3: bridge 64bit mmio pref: [0xd9900000-0xd99fffff]
[    0.237253] pci 0000:00:18.4: bridge 32bit mmio: [0xcb700000-0xcb7fffff]
[    0.237289] pci 0000:00:18.4: bridge 64bit mmio pref: [0xd9d00000-0xd9dfffff]
[    0.237659] pci 0000:00:18.5: bridge 32bit mmio: [0xcbb00000-0xcbbfffff]
[    0.237696] pci 0000:00:18.5: bridge 64bit mmio pref: [0xda100000-0xda1fffff]
[    0.238087] pci 0000:00:18.6: bridge 32bit mmio: [0xcbf00000-0xcbffffff]
[    0.238123] pci 0000:00:18.6: bridge 64bit mmio pref: [0xda500000-0xda5fffff]
[    0.238491] pci 0000:00:18.7: bridge 32bit mmio: [0xcc300000-0xcc3fffff]
[    0.238527] pci 0000:00:18.7: bridge 64bit mmio pref: [0xda900000-0xda9fffff]
[    0.240490] pci_bus 0000:00: on NUMA node 0
[    0.240499] ACPI: PCI Interrupt Routing Table [\_SB_.PCI0._PRT]
[    0.466631] ACPI: PCI Interrupt Link [LNKA] (IRQs 3 4 5 6 7 *9 10 11 14 15)
[    0.466778] ACPI: PCI Interrupt Link [LNKB] (IRQs 3 4 5 6 7 9 10 *11 14 15)
[    0.466920] ACPI: PCI Interrupt Link [LNKC] (IRQs 3 4 5 6 7 9 *10 11 14 15)
[    0.467059] ACPI: PCI Interrupt Link [LNKD] (IRQs 3 4 *5 6 7 9 10 11 14 15)
[    0.467187] vgaarb: device added: PCI:0000:00:0f.0,decodes=io+mem,owns=io+mem,locks=none
[    0.467196] vgaarb: loaded
[    0.467280] SCSI subsystem initialized
[    0.467322] libata version 3.00 loaded.
[    0.467359] usbcore: registered new interface driver usbfs
[    0.467402] usbcore: registered new interface driver hub
[    0.467420] usbcore: registered new device driver usb
[    0.467495] PCI: Using ACPI for IRQ routing
[    0.468433] NetLabel: Initializing
[    0.468434] NetLabel:  domain hash size = 128
[    0.468434] NetLabel:  protocols = UNLABELED CIPSOv4
[    0.468441] NetLabel:  unlabeled traffic allowed by default
[    0.468473] hpet0: at MMIO 0xfed00000, IRQs 2, 8, 0, 0, 0, 0, 0, 0, 0, 0, 0, 0, 0, 0, 0, 0
[    0.468478] hpet0: 16 comparators, 64-bit 14.318180 MHz counter
[    0.470500] Switching to clocksource tsc
[    0.477516] pnp: PnP ACPI init
[    0.477527] ACPI: bus type pnp registered
[    0.520232] pnp: PnP ACPI: found 14 devices
[    0.520234] ACPI: ACPI bus type pnp unregistered
[    0.520238] PnPBIOS: Disabled by ACPI PNP
[    0.520254] system 00:01: ioport range 0x1000-0x103f has been reserved
[    0.520257] system 00:01: ioport range 0x1040-0x104f has been reserved
[    0.520260] system 00:01: ioport range 0xcf0-0xcf1 has been reserved
[    0.520270] system 00:08: iomem range 0xfed00000-0xfed003ff has been reserved
[    0.520276] system 00:0d: ioport range 0x1060-0x107f has been reserved
[    0.520280] system 00:0d: iomem range 0xe0000000-0xefffffff has been reserved
[    0.520282] system 00:0d: iomem range 0xc8200000-0xc83fffff has been reserved
[    0.554995] pci 0000:00:15.3: BAR 13: can't allocate I/O resource [0x10000-0xffff]
[    0.555000] pci 0000:00:15.4: BAR 13: can't allocate I/O resource [0x10000-0xffff]
[    0.555002] pci 0000:00:15.5: BAR 13: can't allocate I/O resource [0x10000-0xffff]
[    0.555005] pci 0000:00:15.6: BAR 13: can't allocate I/O resource [0x10000-0xffff]
[    0.555008] pci 0000:00:15.7: BAR 13: can't allocate I/O resource [0x10000-0xffff]
[    0.555010] pci 0000:00:16.3: BAR 13: can't allocate I/O resource [0x10000-0xffff]
[    0.555013] pci 0000:00:16.4: BAR 13: can't allocate I/O resource [0x10000-0xffff]
[    0.555016] pci 0000:00:16.5: BAR 13: can't allocate I/O resource [0x10000-0xffff]
[    0.555018] pci 0000:00:16.6: BAR 13: can't allocate I/O resource [0x10000-0xffff]
[    0.555021] pci 0000:00:16.7: BAR 13: can't allocate I/O resource [0x10000-0xffff]
[    0.555023] pci 0000:00:17.3: BAR 13: can't allocate I/O resource [0x10000-0xffff]
[    0.555026] pci 0000:00:17.4: BAR 13: can't allocate I/O resource [0x10000-0xffff]
[    0.555029] pci 0000:00:17.5: BAR 13: can't allocate I/O resource [0x10000-0xffff]
[    0.555031] pci 0000:00:17.6: BAR 13: can't allocate I/O resource [0x10000-0xffff]
[    0.555034] pci 0000:00:17.7: BAR 13: can't allocate I/O resource [0x10000-0xffff]
[    0.555037] pci 0000:00:18.3: BAR 13: can't allocate I/O resource [0x10000-0xffff]
[    0.555039] pci 0000:00:18.4: BAR 13: can't allocate I/O resource [0x10000-0xffff]
[    0.555042] pci 0000:00:18.5: BAR 13: can't allocate I/O resource [0x10000-0xffff]
[    0.555044] pci 0000:00:18.6: BAR 13: can't allocate I/O resource [0x10000-0xffff]
[    0.555047] pci 0000:00:18.7: BAR 13: can't allocate I/O resource [0x10000-0xffff]
[    0.555049] pci 0000:00:01.0: PCI bridge, secondary bus 0000:01
[    0.555051] pci 0000:00:01.0:   IO window: disabled
[    0.555079] pci 0000:00:01.0:   MEM window: disabled
[    0.555098] pci 0000:00:01.0:   PREFETCH window: disabled
[    0.555136] pci 0000:00:11.0: PCI bridge, secondary bus 0000:02
[    0.555147] pci 0000:00:11.0:   IO window: 0x2000-0x3fff
[    0.555175] pci 0000:00:11.0:   MEM window: 0xc9000000-0xca3fffff
[    0.555195] pci 0000:00:11.0:   PREFETCH window: 0x000000d8400000-0x000000d89fffff
[    0.555232] pci 0000:00:15.0: PCI bridge, secondary bus 0000:03
[    0.555242] pci 0000:00:15.0:   IO window: 0x4000-0x4fff
[    0.555270] pci 0000:00:15.0:   MEM window: 0xca400000-0xca4fffff
[    0.555289] pci 0000:00:15.0:   PREFETCH window: 0x000000d8a00000-0x000000d8afffff
[    0.555369] pci 0000:00:15.1: PCI bridge, secondary bus 0000:04
[    0.555380] pci 0000:00:15.1:   IO window: 0x8000-0x8fff
[    0.555408] pci 0000:00:15.1:   MEM window: 0xca800000-0xca8fffff
[    0.555428] pci 0000:00:15.1:   PREFETCH window: 0x000000d8e00000-0x000000d8efffff
[    0.555478] pci 0000:00:15.2: PCI bridge, secondary bus 0000:05
[    0.555489] pci 0000:00:15.2:   IO window: 0xc000-0xcfff
[    0.555517] pci 0000:00:15.2:   MEM window: 0xcac00000-0xcacfffff
[    0.555537] pci 0000:00:15.2:   PREFETCH window: 0x000000d9200000-0x000000d92fffff
[    0.555585] pci 0000:00:15.3: PCI bridge, secondary bus 0000:06
[    0.555586] pci 0000:00:15.3:   IO window: disabled
[    0.555615] pci 0000:00:15.3:   MEM window: 0xcb000000-0xcb0fffff
[    0.555634] pci 0000:00:15.3:   PREFETCH window: 0x000000d9600000-0x000000d96fffff
[    0.555682] pci 0000:00:15.4: PCI bridge, secondary bus 0000:07
[    0.555684] pci 0000:00:15.4:   IO window: disabled
[    0.555730] pci 0000:00:15.4:   MEM window: 0xcb400000-0xcb4fffff
[    0.555751] pci 0000:00:15.4:   PREFETCH window: 0x000000d9a00000-0x000000d9afffff
[    0.555808] pci 0000:00:15.5: PCI bridge, secondary bus 0000:08
[    0.555810] pci 0000:00:15.5:   IO window: disabled
[    0.555838] pci 0000:00:15.5:   MEM window: 0xcb800000-0xcb8fffff
[    0.555857] pci 0000:00:15.5:   PREFETCH window: 0x000000d9e00000-0x000000d9efffff
[    0.555905] pci 0000:00:15.6: PCI bridge, secondary bus 0000:09
[    0.555906] pci 0000:00:15.6:   IO window: disabled
[    0.555935] pci 0000:00:15.6:   MEM window: 0xcbc00000-0xcbcfffff
[    0.555954] pci 0000:00:15.6:   PREFETCH window: 0x000000da200000-0x000000da2fffff
[    0.556006] pci 0000:00:15.7: PCI bridge, secondary bus 0000:0a
[    0.556008] pci 0000:00:15.7:   IO window: disabled
[    0.556036] pci 0000:00:15.7:   MEM window: 0xcc000000-0xcc0fffff
[    0.556056] pci 0000:00:15.7:   PREFETCH window: 0x000000da600000-0x000000da6fffff
[    0.556106] pci 0000:00:16.0: PCI bridge, secondary bus 0000:0b
[    0.556117] pci 0000:00:16.0:   IO window: 0x5000-0x5fff
[    0.556145] pci 0000:00:16.0:   MEM window: 0xca500000-0xca5fffff
[    0.556165] pci 0000:00:16.0:   PREFETCH window: 0x000000d8b00000-0x000000d8bfffff
[    0.556213] pci 0000:00:16.1: PCI bridge, secondary bus 0000:0c
[    0.556224] pci 0000:00:16.1:   IO window: 0x9000-0x9fff
[    0.556252] pci 0000:00:16.1:   MEM window: 0xca900000-0xca9fffff
[    0.556272] pci 0000:00:16.1:   PREFETCH window: 0x000000d8f00000-0x000000d8ffffff
[    0.556319] pci 0000:00:16.2: PCI bridge, secondary bus 0000:0d
[    0.556330] pci 0000:00:16.2:   IO window: 0xd000-0xdfff
[    0.556358] pci 0000:00:16.2:   MEM window: 0xcad00000-0xcadfffff
[    0.556378] pci 0000:00:16.2:   PREFETCH window: 0x000000d9300000-0x000000d93fffff
[    0.556425] pci 0000:00:16.3: PCI bridge, secondary bus 0000:0e
[    0.556427] pci 0000:00:16.3:   IO window: disabled
[    0.556455] pci 0000:00:16.3:   MEM window: 0xcb100000-0xcb1fffff
[    0.556475] pci 0000:00:16.3:   PREFETCH window: 0x000000d9700000-0x000000d97fffff
[    0.556522] pci 0000:00:16.4: PCI bridge, secondary bus 0000:0f
[    0.556523] pci 0000:00:16.4:   IO window: disabled
[    0.556552] pci 0000:00:16.4:   MEM window: 0xcb500000-0xcb5fffff
[    0.556571] pci 0000:00:16.4:   PREFETCH window: 0x000000d9b00000-0x000000d9bfffff
[    0.556618] pci 0000:00:16.5: PCI bridge, secondary bus 0000:10
[    0.556620] pci 0000:00:16.5:   IO window: disabled
[    0.556648] pci 0000:00:16.5:   MEM window: 0xcb900000-0xcb9fffff
[    0.556668] pci 0000:00:16.5:   PREFETCH window: 0x000000d9f00000-0x000000d9ffffff
[    0.556727] pci 0000:00:16.6: PCI bridge, secondary bus 0000:11
[    0.556729] pci 0000:00:16.6:   IO window: disabled
[    0.556766] pci 0000:00:16.6:   MEM window: 0xcbd00000-0xcbdfffff
[    0.556785] pci 0000:00:16.6:   PREFETCH window: 0x000000da300000-0x000000da3fffff
[    0.556833] pci 0000:00:16.7: PCI bridge, secondary bus 0000:12
[    0.556834] pci 0000:00:16.7:   IO window: disabled
[    0.556863] pci 0000:00:16.7:   MEM window: 0xcc100000-0xcc1fffff
[    0.556882] pci 0000:00:16.7:   PREFETCH window: 0x000000da700000-0x000000da7fffff
[    0.556929] pci 0000:00:17.0: PCI bridge, secondary bus 0000:13
[    0.556941] pci 0000:00:17.0:   IO window: 0x6000-0x6fff
[    0.556969] pci 0000:00:17.0:   MEM window: 0xca600000-0xca6fffff
[    0.556988] pci 0000:00:17.0:   PREFETCH window: 0x000000d8c00000-0x000000d8cfffff
[    0.557035] pci 0000:00:17.1: PCI bridge, secondary bus 0000:14
[    0.557047] pci 0000:00:17.1:   IO window: 0xa000-0xafff
[    0.557075] pci 0000:00:17.1:   MEM window: 0xcaa00000-0xcaafffff
[    0.557094] pci 0000:00:17.1:   PREFETCH window: 0x000000d9000000-0x000000d90fffff
[    0.557142] pci 0000:00:17.2: PCI bridge, secondary bus 0000:15
[    0.557153] pci 0000:00:17.2:   IO window: 0xe000-0xefff
[    0.557181] pci 0000:00:17.2:   MEM window: 0xcae00000-0xcaefffff
[    0.557200] pci 0000:00:17.2:   PREFETCH window: 0x000000d9400000-0x000000d94fffff
[    0.557248] pci 0000:00:17.3: PCI bridge, secondary bus 0000:16
[    0.557249] pci 0000:00:17.3:   IO window: disabled
[    0.557278] pci 0000:00:17.3:   MEM window: 0xcb200000-0xcb2fffff
[    0.557297] pci 0000:00:17.3:   PREFETCH window: 0x000000d9800000-0x000000d98fffff
[    0.557344] pci 0000:00:17.4: PCI bridge, secondary bus 0000:17
[    0.557346] pci 0000:00:17.4:   IO window: disabled
[    0.557374] pci 0000:00:17.4:   MEM window: 0xcb600000-0xcb6fffff
[    0.557394] pci 0000:00:17.4:   PREFETCH window: 0x000000d9c00000-0x000000d9cfffff
[    0.557441] pci 0000:00:17.5: PCI bridge, secondary bus 0000:18
[    0.557443] pci 0000:00:17.5:   IO window: disabled
[    0.557471] pci 0000:00:17.5:   MEM window: 0xcba00000-0xcbafffff
[    0.557491] pci 0000:00:17.5:   PREFETCH window: 0x000000da000000-0x000000da0fffff
[    0.557538] pci 0000:00:17.6: PCI bridge, secondary bus 0000:19
[    0.557540] pci 0000:00:17.6:   IO window: disabled
[    0.557568] pci 0000:00:17.6:   MEM window: 0xcbe00000-0xcbefffff
[    0.557587] pci 0000:00:17.6:   PREFETCH window: 0x000000da400000-0x000000da4fffff
[    0.557635] pci 0000:00:17.7: PCI bridge, secondary bus 0000:1a
[    0.557636] pci 0000:00:17.7:   IO window: disabled
[    0.557665] pci 0000:00:17.7:   MEM window: 0xcc200000-0xcc2fffff
[    0.557693] pci 0000:00:17.7:   PREFETCH window: 0x000000da800000-0x000000da8fffff
[    0.557764] pci 0000:00:18.0: PCI bridge, secondary bus 0000:1b
[    0.557776] pci 0000:00:18.0:   IO window: 0x7000-0x7fff
[    0.557804] pci 0000:00:18.0:   MEM window: 0xca700000-0xca7fffff
[    0.557823] pci 0000:00:18.0:   PREFETCH window: 0x000000d8d00000-0x000000d8dfffff
[    0.557871] pci 0000:00:18.1: PCI bridge, secondary bus 0000:1c
[    0.557882] pci 0000:00:18.1:   IO window: 0xb000-0xbfff
[    0.557910] pci 0000:00:18.1:   MEM window: 0xcab00000-0xcabfffff
[    0.557930] pci 0000:00:18.1:   PREFETCH window: 0x000000d9100000-0x000000d91fffff
[    0.557977] pci 0000:00:18.2: PCI bridge, secondary bus 0000:1d
[    0.557988] pci 0000:00:18.2:   IO window: 0xf000-0xffff
[    0.558016] pci 0000:00:18.2:   MEM window: 0xcaf00000-0xcaffffff
[    0.558036] pci 0000:00:18.2:   PREFETCH window: 0x000000d9500000-0x000000d95fffff
[    0.558083] pci 0000:00:18.3: PCI bridge, secondary bus 0000:1e
[    0.558085] pci 0000:00:18.3:   IO window: disabled
[    0.558113] pci 0000:00:18.3:   MEM window: 0xcb300000-0xcb3fffff
[    0.558132] pci 0000:00:18.3:   PREFETCH window: 0x000000d9900000-0x000000d99fffff
[    0.558180] pci 0000:00:18.4: PCI bridge, secondary bus 0000:1f
[    0.558181] pci 0000:00:18.4:   IO window: disabled
[    0.558210] pci 0000:00:18.4:   MEM window: 0xcb700000-0xcb7fffff
[    0.558229] pci 0000:00:18.4:   PREFETCH window: 0x000000d9d00000-0x000000d9dfffff
[    0.558276] pci 0000:00:18.5: PCI bridge, secondary bus 0000:20
[    0.558278] pci 0000:00:18.5:   IO window: disabled
[    0.558306] pci 0000:00:18.5:   MEM window: 0xcbb00000-0xcbbfffff
[    0.558326] pci 0000:00:18.5:   PREFETCH window: 0x000000da100000-0x000000da1fffff
[    0.558373] pci 0000:00:18.6: PCI bridge, secondary bus 0000:21
[    0.558374] pci 0000:00:18.6:   IO window: disabled
[    0.558378] pci 0000:00:18.6:   MEM window: 0xcbf00000-0xcbffffff
[    0.558428] pci 0000:00:18.6:   PREFETCH window: 0x000000da500000-0x000000da5fffff
[    0.558477] pci 0000:00:18.7: PCI bridge, secondary bus 0000:22
[    0.558479] pci 0000:00:18.7:   IO window: disabled
[    0.558507] pci 0000:00:18.7:   MEM window: 0xcc300000-0xcc3fffff
[    0.558527] pci 0000:00:18.7:   PREFETCH window: 0x000000da900000-0x000000da9fffff
[    0.558606] pci 0000:00:01.0: setting latency timer to 64
[    0.558687] pci 0000:00:15.0: setting latency timer to 64
[    0.558760] pci 0000:00:15.1: setting latency timer to 64
[    0.558822] pci 0000:00:15.2: setting latency timer to 64
[    0.558884] pci 0000:00:15.3: setting latency timer to 64
[    0.558946] pci 0000:00:15.4: setting latency timer to 64
[    0.559008] pci 0000:00:15.5: setting latency timer to 64
[    0.559071] pci 0000:00:15.6: setting latency timer to 64
[    0.559133] pci 0000:00:15.7: setting latency timer to 64
[    0.559195] pci 0000:00:16.0: setting latency timer to 64
[    0.559257] pci 0000:00:16.1: setting latency timer to 64
[    0.559319] pci 0000:00:16.2: setting latency timer to 64
[    0.559382] pci 0000:00:16.3: setting latency timer to 64
[    0.559444] pci 0000:00:16.4: setting latency timer to 64
[    0.559506] pci 0000:00:16.5: setting latency timer to 64
[    0.559568] pci 0000:00:16.6: setting latency timer to 64
[    0.559630] pci 0000:00:16.7: setting latency timer to 64
[    0.559712] pci 0000:00:17.0: setting latency timer to 64
[    0.559794] pci 0000:00:17.1: setting latency timer to 64
[    0.559867] pci 0000:00:17.2: setting latency timer to 64
[    0.559930] pci 0000:00:17.3: setting latency timer to 64
[    0.559992] pci 0000:00:17.4: setting latency timer to 64
[    0.560055] pci 0000:00:17.5: setting latency timer to 64
[    0.560117] pci 0000:00:17.6: setting latency timer to 64
[    0.560180] pci 0000:00:17.7: setting latency timer to 64
[    0.560242] pci 0000:00:18.0: setting latency timer to 64
[    0.560318] pci 0000:00:18.1: setting latency timer to 64
[    0.560393] pci 0000:00:18.2: setting latency timer to 64
[    0.560456] pci 0000:00:18.3: setting latency timer to 64
[    0.560518] pci 0000:00:18.4: setting latency timer to 64
[    0.560580] pci 0000:00:18.5: setting latency timer to 64
[    0.560655] pci 0000:00:18.6: setting latency timer to 64
[    0.560727] pci 0000:00:18.7: setting latency timer to 64
[    0.560739] pci_bus 0000:00: resource 0 io:  [0x00-0xffff]
[    0.560741] pci_bus 0000:00: resource 1 mem: [0x000000-0xffffffffffffffff]
[    0.560743] pci_bus 0000:02: resource 0 io:  [0x2000-0x3fff]
[    0.560745] pci_bus 0000:02: resource 1 mem: [0xc9000000-0xca3fffff]
[    0.560747] pci_bus 0000:02: resource 2 pref mem [0xd8400000-0xd89fffff]
[    0.560749] pci_bus 0000:02: resource 3 io:  [0x00-0xffff]
[    0.560750] pci_bus 0000:02: resource 4 mem: [0x000000-0xffffffffffffffff]
[    0.560752] pci_bus 0000:03: resource 0 io:  [0x4000-0x4fff]
[    0.560754] pci_bus 0000:03: resource 1 mem: [0xca400000-0xca4fffff]
[    0.560756] pci_bus 0000:03: resource 2 pref mem [0xd8a00000-0xd8afffff]
[    0.560758] pci_bus 0000:04: resource 0 io:  [0x8000-0x8fff]
[    0.560760] pci_bus 0000:04: resource 1 mem: [0xca800000-0xca8fffff]
[    0.560761] pci_bus 0000:04: resource 2 pref mem [0xd8e00000-0xd8efffff]
[    0.560763] pci_bus 0000:05: resource 0 io:  [0xc000-0xcfff]
[    0.560765] pci_bus 0000:05: resource 1 mem: [0xcac00000-0xcacfffff]
[    0.560767] pci_bus 0000:05: resource 2 pref mem [0xd9200000-0xd92fffff]
[    0.560769] pci_bus 0000:06: resource 1 mem: [0xcb000000-0xcb0fffff]
[    0.560770] pci_bus 0000:06: resource 2 pref mem [0xd9600000-0xd96fffff]
[    0.560772] pci_bus 0000:07: resource 1 mem: [0xcb400000-0xcb4fffff]
[    0.560774] pci_bus 0000:07: resource 2 pref mem [0xd9a00000-0xd9afffff]
[    0.560776] pci_bus 0000:08: resource 1 mem: [0xcb800000-0xcb8fffff]
[    0.560778] pci_bus 0000:08: resource 2 pref mem [0xd9e00000-0xd9efffff]
[    0.560780] pci_bus 0000:09: resource 1 mem: [0xcbc00000-0xcbcfffff]
[    0.560781] pci_bus 0000:09: resource 2 pref mem [0xda200000-0xda2fffff]
[    0.560783] pci_bus 0000:0a: resource 1 mem: [0xcc000000-0xcc0fffff]
[    0.560785] pci_bus 0000:0a: resource 2 pref mem [0xda600000-0xda6fffff]
[    0.560787] pci_bus 0000:0b: resource 0 io:  [0x5000-0x5fff]
[    0.560788] pci_bus 0000:0b: resource 1 mem: [0xca500000-0xca5fffff]
[    0.560790] pci_bus 0000:0b: resource 2 pref mem [0xd8b00000-0xd8bfffff]
[    0.560792] pci_bus 0000:0c: resource 0 io:  [0x9000-0x9fff]
[    0.560794] pci_bus 0000:0c: resource 1 mem: [0xca900000-0xca9fffff]
[    0.560796] pci_bus 0000:0c: resource 2 pref mem [0xd8f00000-0xd8ffffff]
[    0.560797] pci_bus 0000:0d: resource 0 io:  [0xd000-0xdfff]
[    0.560799] pci_bus 0000:0d: resource 1 mem: [0xcad00000-0xcadfffff]
[    0.560801] pci_bus 0000:0d: resource 2 pref mem [0xd9300000-0xd93fffff]
[    0.560803] pci_bus 0000:0e: resource 1 mem: [0xcb100000-0xcb1fffff]
[    0.560805] pci_bus 0000:0e: resource 2 pref mem [0xd9700000-0xd97fffff]
[    0.560806] pci_bus 0000:0f: resource 1 mem: [0xcb500000-0xcb5fffff]
[    0.560808] pci_bus 0000:0f: resource 2 pref mem [0xd9b00000-0xd9bfffff]
[    0.560810] pci_bus 0000:10: resource 1 mem: [0xcb900000-0xcb9fffff]
[    0.560812] pci_bus 0000:10: resource 2 pref mem [0xd9f00000-0xd9ffffff]
[    0.560814] pci_bus 0000:11: resource 1 mem: [0xcbd00000-0xcbdfffff]
[    0.560815] pci_bus 0000:11: resource 2 pref mem [0xda300000-0xda3fffff]
[    0.560817] pci_bus 0000:12: resource 1 mem: [0xcc100000-0xcc1fffff]
[    0.560819] pci_bus 0000:12: resource 2 pref mem [0xda700000-0xda7fffff]
[    0.560821] pci_bus 0000:13: resource 0 io:  [0x6000-0x6fff]
[    0.560823] pci_bus 0000:13: resource 1 mem: [0xca600000-0xca6fffff]
[    0.560824] pci_bus 0000:13: resource 2 pref mem [0xd8c00000-0xd8cfffff]
[    0.560826] pci_bus 0000:14: resource 0 io:  [0xa000-0xafff]
[    0.560828] pci_bus 0000:14: resource 1 mem: [0xcaa00000-0xcaafffff]
[    0.560830] pci_bus 0000:14: resource 2 pref mem [0xd9000000-0xd90fffff]
[    0.560832] pci_bus 0000:15: resource 0 io:  [0xe000-0xefff]
[    0.560833] pci_bus 0000:15: resource 1 mem: [0xcae00000-0xcaefffff]
[    0.560835] pci_bus 0000:15: resource 2 pref mem [0xd9400000-0xd94fffff]
[    0.560837] pci_bus 0000:16: resource 1 mem: [0xcb200000-0xcb2fffff]
[    0.560839] pci_bus 0000:16: resource 2 pref mem [0xd9800000-0xd98fffff]
[    0.560841] pci_bus 0000:17: resource 1 mem: [0xcb600000-0xcb6fffff]
[    0.560842] pci_bus 0000:17: resource 2 pref mem [0xd9c00000-0xd9cfffff]
[    0.560844] pci_bus 0000:18: resource 1 mem: [0xcba00000-0xcbafffff]
[    0.560846] pci_bus 0000:18: resource 2 pref mem [0xda000000-0xda0fffff]
[    0.560848] pci_bus 0000:19: resource 1 mem: [0xcbe00000-0xcbefffff]
[    0.560850] pci_bus 0000:19: resource 2 pref mem [0xda400000-0xda4fffff]
[    0.560851] pci_bus 0000:1a: resource 1 mem: [0xcc200000-0xcc2fffff]
[    0.560853] pci_bus 0000:1a: resource 2 pref mem [0xda800000-0xda8fffff]
[    0.560855] pci_bus 0000:1b: resource 0 io:  [0x7000-0x7fff]
[    0.560857] pci_bus 0000:1b: resource 1 mem: [0xca700000-0xca7fffff]
[    0.560858] pci_bus 0000:1b: resource 2 pref mem [0xd8d00000-0xd8dfffff]
[    0.560860] pci_bus 0000:1c: resource 0 io:  [0xb000-0xbfff]
[    0.560862] pci_bus 0000:1c: resource 1 mem: [0xcab00000-0xcabfffff]
[    0.560864] pci_bus 0000:1c: resource 2 pref mem [0xd9100000-0xd91fffff]
[    0.560866] pci_bus 0000:1d: resource 0 io:  [0xf000-0xffff]
[    0.560867] pci_bus 0000:1d: resource 1 mem: [0xcaf00000-0xcaffffff]
[    0.560869] pci_bus 0000:1d: resource 2 pref mem [0xd9500000-0xd95fffff]
[    0.560871] pci_bus 0000:1e: resource 1 mem: [0xcb300000-0xcb3fffff]
[    0.560873] pci_bus 0000:1e: resource 2 pref mem [0xd9900000-0xd99fffff]
[    0.560875] pci_bus 0000:1f: resource 1 mem: [0xcb700000-0xcb7fffff]
[    0.560877] pci_bus 0000:1f: resource 2 pref mem [0xd9d00000-0xd9dfffff]
[    0.560878] pci_bus 0000:20: resource 1 mem: [0xcbb00000-0xcbbfffff]
[    0.560880] pci_bus 0000:20: resource 2 pref mem [0xda100000-0xda1fffff]
[    0.560882] pci_bus 0000:21: resource 1 mem: [0xcbf00000-0xcbffffff]
[    0.560884] pci_bus 0000:21: resource 2 pref mem [0xda500000-0xda5fffff]
[    0.560886] pci_bus 0000:22: resource 1 mem: [0xcc300000-0xcc3fffff]
[    0.560887] pci_bus 0000:22: resource 2 pref mem [0xda900000-0xda9fffff]
[    0.560911] NET: Registered protocol family 2
[    0.560928] RANDOM - __random32 called. Change num 7.  Value: e4915c27	228b7335	4c33f162
[    0.560930] RANDOM - random32 called.  Value: e4915c27	228b7335	4c33f162
[    0.560939] random 0000 0000 0000 00000000 00000000: rand_read_num 2 get_random_bytes(4): sig fffffe1a 00000000 00000000
[    0.560942] random 0000 0000 0000 00000000 00000000: extract_entropy(.. 4 ..)
[    0.560944] random 0000 0000 0000 00000000 00000000: going to reseed nonblocking with 64 bits (32 of 0 requested)
[    0.560946] random 0000 0000 0000 00000000 00000000: extract_entropy(.. 8 ..)
[    0.560949] random 0000 0000 0000 00000000 00000000: trying to extract 64 bits from input
[    0.560951] random 0000 0000 0000 00000000 00000000: debiting 0 entropy credits from input
[    0.560953] random 0000 0000 0000 00000000 00000000: extract_entropy account returned: 0 
[    0.560956] random 0000 0000 0000 00000000 00000000: urand_change_num 3 xfer_secondary_pool(4): pool_sig fffffe1a, data_sig 00000000, bytes_mixed 0 00000000 00000000
[    0.560958] random 0000 0000 0000 00000000 00000000: trying to extract 32 bits from nonblocking
[    0.560961] random 0000 0000 0000 00000000 00000000: debiting 32 entropy credits from nonblocking (unlimited)
[    0.560963] random 0000 0000 0000 00000000 00000000: extract_entropy account returned: 4 
[    0.560967] random 0000 0000 0000 00000000 00000000: urand_change_num 4 extract_buf: pool_sig fffffe1a, data_sig fffffed7, bytes_mixed 20 00000000 00000000
[    0.560996] IP route cache hash table entries: 32768 (order: 5, 131072 bytes)
[    0.561078] RANDOM - __random32 called. Change num 8.  Value: 15c279e2	28b73354	e2c5b58f
[    0.561080] RANDOM - random32 called.  Value: 15c279e2	28b73354	e2c5b58f
[    0.561137] RANDOM - __random32 called. Change num 9.  Value: 279e2b5f	8b733545	6b1e9d03
[    0.561139] RANDOM - random32 called.  Value: 279e2b5f	8b733545	6b1e9d03
[    0.561141] RANDOM - __random32 called. Change num 10.  Value: e2b5fc5e	b7335453	3a067d4e
[    0.561143] RANDOM - random32 called.  Value: e2b5fc5e	b7335453	3a067d4e
[    0.561165] RANDOM - __random32 called. Change num 11.  Value: 5fc5eba7	73354535	fa9d46b2
[    0.561167] RANDOM - random32 called.  Value: 5fc5eba7	73354535	fa9d46b2
[    0.561177] TCP established hash table entries: 131072 (order: 8, 1048576 bytes)
[    0.561258] TCP bind hash table entries: 65536 (order: 7, 524288 bytes)
[    0.561340] TCP: Hash tables configured (established 131072 bind 65536)
[    0.561343] TCP reno registered
[    0.561388] NET: Registered protocol family 1
[    0.561397] pci 0000:00:00.0: Limiting direct PCI/PCI transfers
[    0.561418] pci 0000:00:0f.0: Boot video device
[    0.561586] Trying to unpack rootfs image as initramfs...
[    1.696821] Freeing initrd memory: 83430k freed
[    1.704823] Simple Boot Flag at 0x36 set to 0x1
[    1.704868] cpufreq-nforce2: No nForce2 chipset.
[    1.704881] Scanning for low memory corruption every 60 seconds
[    1.704997] audit: initializing netlink socket (disabled)
[    1.705005] type=2000 audit(1369434743.688:1): initialized
[    1.708902] highmem bounce pool size: 64 pages
[    1.708906] HugeTLB registered 2 MB page size, pre-allocated 0 pages
[    1.708999] VFS: Disk quotas dquot_6.5.2
[    1.709028] Dquot-cache hash table entries: 1024 (order 0, 4096 bytes)
[    1.709105] fuse init (API version 7.13)
[    1.709149] msgmni has been set to 1729
[    1.709413] alg: No test for stdrng (krng)
[    1.709445] Block layer SCSI generic (bsg) driver version 0.4 loaded (major 253)
[    1.709448] io scheduler noop registered
[    1.709449] io scheduler anticipatory registered
[    1.709451] io scheduler deadline registered
[    1.709470] io scheduler cfq registered (default)
[    1.709515]   alloc irq_desc for 24 on node -1
[    1.709517]   alloc kstat_irqs on node -1
[    1.709562] pcieport 0000:00:15.0: irq 24 for MSI/MSI-X
[    1.709607] pcieport 0000:00:15.0: setting latency timer to 64
[    1.709653]   alloc irq_desc for 25 on node -1
[    1.709655]   alloc kstat_irqs on node -1
[    1.709700] pcieport 0000:00:15.1: irq 25 for MSI/MSI-X
[    1.709745] pcieport 0000:00:15.1: setting latency timer to 64
[    1.709790]   alloc irq_desc for 26 on node -1
[    1.709792]   alloc kstat_irqs on node -1
[    1.709837] pcieport 0000:00:15.2: irq 26 for MSI/MSI-X
[    1.709882] pcieport 0000:00:15.2: setting latency timer to 64
[    1.709927]   alloc irq_desc for 27 on node -1
[    1.709929]   alloc kstat_irqs on node -1
[    1.709974] pcieport 0000:00:15.3: irq 27 for MSI/MSI-X
[    1.710019] pcieport 0000:00:15.3: setting latency timer to 64
[    1.710064]   alloc irq_desc for 28 on node -1
[    1.710066]   alloc kstat_irqs on node -1
[    1.710111] pcieport 0000:00:15.4: irq 28 for MSI/MSI-X
[    1.710156] pcieport 0000:00:15.4: setting latency timer to 64
[    1.710201]   alloc irq_desc for 29 on node -1
[    1.710204]   alloc kstat_irqs on node -1
[    1.710249] pcieport 0000:00:15.5: irq 29 for MSI/MSI-X
[    1.710294] pcieport 0000:00:15.5: setting latency timer to 64
[    1.710339]   alloc irq_desc for 30 on node -1
[    1.710341]   alloc kstat_irqs on node -1
[    1.710386] pcieport 0000:00:15.6: irq 30 for MSI/MSI-X
[    1.710431] pcieport 0000:00:15.6: setting latency timer to 64
[    1.710476]   alloc irq_desc for 31 on node -1
[    1.710477]   alloc kstat_irqs on node -1
[    1.710523] pcieport 0000:00:15.7: irq 31 for MSI/MSI-X
[    1.710568] pcieport 0000:00:15.7: setting latency timer to 64
[    1.710613]   alloc irq_desc for 32 on node -1
[    1.710616]   alloc kstat_irqs on node -1
[    1.710661] pcieport 0000:00:16.0: irq 32 for MSI/MSI-X
[    1.710706] pcieport 0000:00:16.0: setting latency timer to 64
[    1.710751]   alloc irq_desc for 33 on node -1
[    1.710753]   alloc kstat_irqs on node -1
[    1.710798] pcieport 0000:00:16.1: irq 33 for MSI/MSI-X
[    1.710843] pcieport 0000:00:16.1: setting latency timer to 64
[    1.710888]   alloc irq_desc for 34 on node -1
[    1.710890]   alloc kstat_irqs on node -1
[    1.710935] pcieport 0000:00:16.2: irq 34 for MSI/MSI-X
[    1.710980] pcieport 0000:00:16.2: setting latency timer to 64
[    1.711025]   alloc irq_desc for 35 on node -1
[    1.711027]   alloc kstat_irqs on node -1
[    1.711072] pcieport 0000:00:16.3: irq 35 for MSI/MSI-X
[    1.711117] pcieport 0000:00:16.3: setting latency timer to 64
[    1.711162]   alloc irq_desc for 36 on node -1
[    1.711164]   alloc kstat_irqs on node -1
[    1.711209] pcieport 0000:00:16.4: irq 36 for MSI/MSI-X
[    1.711254] pcieport 0000:00:16.4: setting latency timer to 64
[    1.711299]   alloc irq_desc for 37 on node -1
[    1.711301]   alloc kstat_irqs on node -1
[    1.711346] pcieport 0000:00:16.5: irq 37 for MSI/MSI-X
[    1.711391] pcieport 0000:00:16.5: setting latency timer to 64
[    1.711436]   alloc irq_desc for 38 on node -1
[    1.711437]   alloc kstat_irqs on node -1
[    1.711483] pcieport 0000:00:16.6: irq 38 for MSI/MSI-X
[    1.711528] pcieport 0000:00:16.6: setting latency timer to 64
[    1.711573]   alloc irq_desc for 39 on node -1
[    1.711574]   alloc kstat_irqs on node -1
[    1.711619] pcieport 0000:00:16.7: irq 39 for MSI/MSI-X
[    1.711664] pcieport 0000:00:16.7: setting latency timer to 64
[    1.712851]   alloc irq_desc for 40 on node -1
[    1.712853]   alloc kstat_irqs on node -1
[    1.712898] pcieport 0000:00:17.0: irq 40 for MSI/MSI-X
[    1.712943] pcieport 0000:00:17.0: setting latency timer to 64
[    1.712988]   alloc irq_desc for 41 on node -1
[    1.712990]   alloc kstat_irqs on node -1
[    1.713035] pcieport 0000:00:17.1: irq 41 for MSI/MSI-X
[    1.713080] pcieport 0000:00:17.1: setting latency timer to 64
[    1.713125]   alloc irq_desc for 42 on node -1
[    1.713127]   alloc kstat_irqs on node -1
[    1.713172] pcieport 0000:00:17.2: irq 42 for MSI/MSI-X
[    1.713217] pcieport 0000:00:17.2: setting latency timer to 64
[    1.713262]   alloc irq_desc for 43 on node -1
[    1.713266]   alloc kstat_irqs on node -1
[    1.713311] pcieport 0000:00:17.3: irq 43 for MSI/MSI-X
[    1.713356] pcieport 0000:00:17.3: setting latency timer to 64
[    1.713401]   alloc irq_desc for 44 on node -1
[    1.713404]   alloc kstat_irqs on node -1
[    1.713449] pcieport 0000:00:17.4: irq 44 for MSI/MSI-X
[    1.713494] pcieport 0000:00:17.4: setting latency timer to 64
[    1.713539]   alloc irq_desc for 45 on node -1
[    1.713541]   alloc kstat_irqs on node -1
[    1.713586] pcieport 0000:00:17.5: irq 45 for MSI/MSI-X
[    1.713631] pcieport 0000:00:17.5: setting latency timer to 64
[    1.713676]   alloc irq_desc for 46 on node -1
[    1.713678]   alloc kstat_irqs on node -1
[    1.713723] pcieport 0000:00:17.6: irq 46 for MSI/MSI-X
[    1.713768] pcieport 0000:00:17.6: setting latency timer to 64
[    1.713813]   alloc irq_desc for 47 on node -1
[    1.713815]   alloc kstat_irqs on node -1
[    1.713860] pcieport 0000:00:17.7: irq 47 for MSI/MSI-X
[    1.713905] pcieport 0000:00:17.7: setting latency timer to 64
[    1.713950]   alloc irq_desc for 48 on node -1
[    1.713952]   alloc kstat_irqs on node -1
[    1.713997] pcieport 0000:00:18.0: irq 48 for MSI/MSI-X
[    1.714042] pcieport 0000:00:18.0: setting latency timer to 64
[    1.714087]   alloc irq_desc for 49 on node -1
[    1.714089]   alloc kstat_irqs on node -1
[    1.714134] pcieport 0000:00:18.1: irq 49 for MSI/MSI-X
[    1.714179] pcieport 0000:00:18.1: setting latency timer to 64
[    1.714224]   alloc irq_desc for 50 on node -1
[    1.714226]   alloc kstat_irqs on node -1
[    1.714271] pcieport 0000:00:18.2: irq 50 for MSI/MSI-X
[    1.714316] pcieport 0000:00:18.2: setting latency timer to 64
[    1.714361]   alloc irq_desc for 51 on node -1
[    1.714362]   alloc kstat_irqs on node -1
[    1.714407] pcieport 0000:00:18.3: irq 51 for MSI/MSI-X
[    1.714452] pcieport 0000:00:18.3: setting latency timer to 64
[    1.714498]   alloc irq_desc for 52 on node -1
[    1.714500]   alloc kstat_irqs on node -1
[    1.714545] pcieport 0000:00:18.4: irq 52 for MSI/MSI-X
[    1.714590] pcieport 0000:00:18.4: setting latency timer to 64
[    1.714635]   alloc irq_desc for 53 on node -1
[    1.714637]   alloc kstat_irqs on node -1
[    1.714682] pcieport 0000:00:18.5: irq 53 for MSI/MSI-X
[    1.714727] pcieport 0000:00:18.5: setting latency timer to 64
[    1.714772]   alloc irq_desc for 54 on node -1
[    1.714775]   alloc kstat_irqs on node -1
[    1.714820] pcieport 0000:00:18.6: irq 54 for MSI/MSI-X
[    1.714865] pcieport 0000:00:18.6: setting latency timer to 64
[    1.714910]   alloc irq_desc for 55 on node -1
[    1.714912]   alloc kstat_irqs on node -1
[    1.714957] pcieport 0000:00:18.7: irq 55 for MSI/MSI-X
[    1.715003] pcieport 0000:00:18.7: setting latency timer to 64
[    1.715048] pci_hotplug: PCI Hot Plug PCI Core version: 0.5
[    1.716861] pciehp 0000:00:15.0:pcie04: HPC vendor_id 15ad device_id 7a0 ss_vid 0 ss_did 0
[    1.716906] pciehp 0000:00:15.0:pcie04: service driver pciehp loaded
[    1.716951] pciehp 0000:00:15.1:pcie04: HPC vendor_id 15ad device_id 7a0 ss_vid 0 ss_did 0
[    1.716996] pciehp 0000:00:15.1:pcie04: service driver pciehp loaded
[    1.717041] pciehp 0000:00:15.2:pcie04: HPC vendor_id 15ad device_id 7a0 ss_vid 0 ss_did 0
[    1.717086] pciehp 0000:00:15.2:pcie04: service driver pciehp loaded
[    1.717131] pciehp 0000:00:15.3:pcie04: HPC vendor_id 15ad device_id 7a0 ss_vid 0 ss_did 0
[    1.717176] pciehp 0000:00:15.3:pcie04: service driver pciehp loaded
[    1.717221] pciehp 0000:00:15.4:pcie04: HPC vendor_id 15ad device_id 7a0 ss_vid 0 ss_did 0
[    1.717266] pciehp 0000:00:15.4:pcie04: service driver pciehp loaded
[    1.717311] pciehp 0000:00:15.5:pcie04: HPC vendor_id 15ad device_id 7a0 ss_vid 0 ss_did 0
[    1.717356] pciehp 0000:00:15.5:pcie04: service driver pciehp loaded
[    1.717401] pciehp 0000:00:15.6:pcie04: HPC vendor_id 15ad device_id 7a0 ss_vid 0 ss_did 0
[    1.717446] pciehp 0000:00:15.6:pcie04: service driver pciehp loaded
[    1.717491] pciehp 0000:00:15.7:pcie04: HPC vendor_id 15ad device_id 7a0 ss_vid 0 ss_did 0
[    1.717536] pciehp 0000:00:15.7:pcie04: service driver pciehp loaded
[    1.717582] pciehp 0000:00:16.0:pcie04: HPC vendor_id 15ad device_id 7a0 ss_vid 0 ss_did 0
[    1.717627] pciehp 0000:00:16.0:pcie04: service driver pciehp loaded
[    1.717672] pciehp 0000:00:16.1:pcie04: HPC vendor_id 15ad device_id 7a0 ss_vid 0 ss_did 0
[    1.717717] pciehp 0000:00:16.1:pcie04: service driver pciehp loaded
[    1.717762] pciehp 0000:00:16.2:pcie04: HPC vendor_id 15ad device_id 7a0 ss_vid 0 ss_did 0
[    1.717807] pciehp 0000:00:16.2:pcie04: service driver pciehp loaded
[    1.717852] pciehp 0000:00:16.3:pcie04: HPC vendor_id 15ad device_id 7a0 ss_vid 0 ss_did 0
[    1.717897] pciehp 0000:00:16.3:pcie04: service driver pciehp loaded
[    1.717942] pciehp 0000:00:16.4:pcie04: HPC vendor_id 15ad device_id 7a0 ss_vid 0 ss_did 0
[    1.717987] pciehp 0000:00:16.4:pcie04: service driver pciehp loaded
[    1.718032] pciehp 0000:00:16.5:pcie04: HPC vendor_id 15ad device_id 7a0 ss_vid 0 ss_did 0
[    1.718077] pciehp 0000:00:16.5:pcie04: service driver pciehp loaded
[    1.718122] pciehp 0000:00:16.6:pcie04: HPC vendor_id 15ad device_id 7a0 ss_vid 0 ss_did 0
[    1.718167] pciehp 0000:00:16.6:pcie04: service driver pciehp loaded
[    1.718212] pciehp 0000:00:16.7:pcie04: HPC vendor_id 15ad device_id 7a0 ss_vid 0 ss_did 0
[    1.718257] pciehp 0000:00:16.7:pcie04: service driver pciehp loaded
[    1.718302] pciehp 0000:00:17.0:pcie04: HPC vendor_id 15ad device_id 7a0 ss_vid 0 ss_did 0
[    1.718347] pciehp 0000:00:17.0:pcie04: service driver pciehp loaded
[    1.718392] pciehp 0000:00:17.1:pcie04: HPC vendor_id 15ad device_id 7a0 ss_vid 0 ss_did 0
[    1.718437] pciehp 0000:00:17.1:pcie04: service driver pciehp loaded
[    1.718482] pciehp 0000:00:17.2:pcie04: HPC vendor_id 15ad device_id 7a0 ss_vid 0 ss_did 0
[    1.718527] pciehp 0000:00:17.2:pcie04: service driver pciehp loaded
[    1.718572] pciehp 0000:00:17.3:pcie04: HPC vendor_id 15ad device_id 7a0 ss_vid 0 ss_did 0
[    1.718617] pciehp 0000:00:17.3:pcie04: service driver pciehp loaded
[    1.718662] pciehp 0000:00:17.4:pcie04: HPC vendor_id 15ad device_id 7a0 ss_vid 0 ss_did 0
[    1.718707] pciehp 0000:00:17.4:pcie04: service driver pciehp loaded
[    1.718752] pciehp 0000:00:17.5:pcie04: HPC vendor_id 15ad device_id 7a0 ss_vid 0 ss_did 0
[    1.718797] pciehp 0000:00:17.5:pcie04: service driver pciehp loaded
[    1.718842] pciehp 0000:00:17.6:pcie04: HPC vendor_id 15ad device_id 7a0 ss_vid 0 ss_did 0
[    1.718887] pciehp 0000:00:17.6:pcie04: service driver pciehp loaded
[    1.718932] pciehp 0000:00:17.7:pcie04: HPC vendor_id 15ad device_id 7a0 ss_vid 0 ss_did 0
[    1.718977] pciehp 0000:00:17.7:pcie04: service driver pciehp loaded
[    1.719022] pciehp 0000:00:18.0:pcie04: HPC vendor_id 15ad device_id 7a0 ss_vid 0 ss_did 0
[    1.719067] pciehp 0000:00:18.0:pcie04: service driver pciehp loaded
[    1.719112] pciehp 0000:00:18.1:pcie04: HPC vendor_id 15ad device_id 7a0 ss_vid 0 ss_did 0
[    1.719158] pciehp 0000:00:18.1:pcie04: service driver pciehp loaded
[    1.719203] pciehp 0000:00:18.2:pcie04: HPC vendor_id 15ad device_id 7a0 ss_vid 0 ss_did 0
[    1.719248] pciehp 0000:00:18.2:pcie04: service driver pciehp loaded
[    1.719293] pciehp 0000:00:18.3:pcie04: HPC vendor_id 15ad device_id 7a0 ss_vid 0 ss_did 0
[    1.719338] pciehp 0000:00:18.3:pcie04: service driver pciehp loaded
[    1.719383] pciehp 0000:00:18.4:pcie04: HPC vendor_id 15ad device_id 7a0 ss_vid 0 ss_did 0
[    1.719428] pciehp 0000:00:18.4:pcie04: service driver pciehp loaded
[    1.719473] pciehp 0000:00:18.5:pcie04: HPC vendor_id 15ad device_id 7a0 ss_vid 0 ss_did 0
[    1.719518] pciehp 0000:00:18.5:pcie04: service driver pciehp loaded
[    1.719563] pciehp 0000:00:18.6:pcie04: HPC vendor_id 15ad device_id 7a0 ss_vid 0 ss_did 0
[    1.719608] pciehp 0000:00:18.6:pcie04: service driver pciehp loaded
[    1.719653] pciehp 0000:00:18.7:pcie04: HPC vendor_id 15ad device_id 7a0 ss_vid 0 ss_did 0
[    1.719698] pciehp 0000:00:18.7:pcie04: service driver pciehp loaded
[    1.719706] pciehp: PCI Express Hot Plug Controller Driver version: 0.4
[    1.719755] ACPI: AC Adapter [ACAD] (on-line)
[    1.719808] input: Power Button as /devices/LNXSYSTM:00/LNXPWRBN:00/input/input0
[    1.719811] ACPI: Power Button [PWRF]
[    1.719856] processor LNXCPU:00: registered as cooling_device0
[    1.764749] isapnp: Scanning for PnP cards...
[    2.118954] isapnp: No Plug & Play device found
[    2.118984] random 0000 0000 0000 5f8db4e5 4cfdf2a8: initializing
[    2.119109] Linux agpgart interface v0.103
[    2.119148] agpgart-intel 0000:00:00.0: Intel 440BX Chipset
[    2.119200] agpgart-intel 0000:00:00.0: AGP aperture is 256M @ 0x0
[    2.119233] Serial: 8250/16550 driver, 32 ports, IRQ sharing enabled
[    2.119285] serial8250: ttyS0 at I/O 0x3f8 (irq = 4) is a 16550A
[    2.119337] serial8250: ttyS1 at I/O 0x2f8 (irq = 3) is a 16550A
[    2.119389] 00:0a: ttyS0 at I/O 0x3f8 (irq = 4) is a 16550A
[    2.119441] 00:0b: ttyS1 at I/O 0x2f8 (irq = 3) is a 16550A
[    2.119493] brd: module loaded
[    2.119545] loop: module loaded
[    2.119597] ata_piix 0000:00:07.1: version 2.13
[    2.119683] scsi0 : ata_piix
[    2.119733] scsi1 : ata_piix
[    2.119756] ata1: PATA max UDMA/33 cmd 0x1f0 ctl 0x3f6 bmdma 0x10c0 irq 14
[    2.119758] ata2: PATA max UDMA/33 cmd 0x170 ctl 0x376 bmdma 0x10c8 irq 15
[    2.119816] PPP generic driver version 2.4.2
[    2.119839] tun: Universal TUN/TAP device driver, 1.6
[    2.119849] tun: (C) 1999-2004 Max Krasnyansky <maxk@qualcomm.com>
[    2.119901] ehci_hcd: USB 2.0 'Enhanced' Host Controller (EHCI) Driver
[    2.119928] ACPI: PCI Interrupt Link [LNKB] enabled at IRQ 11
[    2.119951] PCI: setting IRQ 11 as level-triggered
[    2.119972] ehci_hcd 0000:02:03.0: PCI INT A -> Link[LNKB] -> GSI 11 (level, low) -> IRQ 11
[    2.120166] ehci_hcd 0000:02:03.0: EHCI Host Controller
[    2.120190] ehci_hcd 0000:02:03.0: new USB bus registered, assigned bus number 1
[    2.120242] ehci_hcd 0000:02:03.0: cache line size of 32 is not supported
[    2.120249] ehci_hcd 0000:02:03.0: irq 11, io mem 0xc9000000
[    2.120563] random 0000 0000 0000 00000000 00000000: rand_read_num 3 get_random_bytes(8): sig 00000000 00000000 00000000
[    2.120566] random 0000 0000 0000 00000000 00000000: extract_entropy(.. 8 ..)
[    2.120569] random 0000 0000 0000 00000000 00000000: going to reseed nonblocking with 64 bits (64 of 0 requested)
[    2.120571] random 0000 0000 0000 00000000 00000000: extract_entropy(.. 8 ..)
[    2.120573] random 0000 0000 0000 00000000 00000000: trying to extract 64 bits from input
[    2.120576] random 0000 0000 0000 00000000 00000000: debiting 0 entropy credits from input
[    2.120578] random 0000 0000 0000 00000000 00000000: extract_entropy account returned: 0 
[    2.120580] random 0000 0000 0000 00000000 00000000: urand_change_num 5 xfer_secondary_pool(8): pool_sig 00000000, data_sig 00000000, bytes_mixed 0 00000000 00000000
[    2.120583] random 0000 0000 0000 00000000 00000000: trying to extract 64 bits from nonblocking
[    2.120586] random 0000 0000 0000 00000000 00000000: debiting 64 entropy credits from nonblocking (unlimited)
[    2.120588] random 0000 0000 0000 00000000 00000000: extract_entropy account returned: 8 
[    2.120591] random 0000 0000 0000 00000000 00000000: urand_change_num 6 extract_buf: pool_sig 00000000, data_sig fffffff9, bytes_mixed 20 00000000 00000000
[    2.132193] ehci_hcd 0000:02:03.0: USB 2.0 started, EHCI 1.00
[    2.132245] usb usb1: configuration #1 chosen from 1 choice
[    2.132264] hub 1-0:1.0: USB hub found
[    2.132268] hub 1-0:1.0: 6 ports detected
[    2.132303] ohci_hcd: USB 1.1 'Open' Host Controller (OHCI) Driver
[    2.132315] uhci_hcd: USB Universal Host Controller Interface driver
[    2.132367] ACPI: PCI Interrupt Link [LNKC] enabled at IRQ 10
[    2.132369] PCI: setting IRQ 10 as level-triggered
[    2.132373] uhci_hcd 0000:02:00.0: PCI INT A -> Link[LNKC] -> GSI 10 (level, low) -> IRQ 10
[    2.132406] uhci_hcd 0000:02:00.0: UHCI Host Controller
[    2.132433] uhci_hcd 0000:02:00.0: new USB bus registered, assigned bus number 2
[    2.132534] uhci_hcd 0000:02:00.0: irq 10, io base 0x000020c0
[    2.132586] usb usb2: configuration #1 chosen from 1 choice
[    2.132601] hub 2-0:1.0: USB hub found
[    2.132605] hub 2-0:1.0: 2 ports detected
[    2.132657] usbcore: registered new interface driver libusual
[    2.132685] PNP: PS/2 Controller [PNP0303:KBC,PNP0f13:MOUS] at 0x60,0x64 irq 1,12
[    2.133014] serio: i8042 KBD port at 0x60,0x64 irq 1
[    2.133022] serio: i8042 AUX port at 0x60,0x64 irq 12
[    2.133058] mice: PS/2 mouse device common for all mice
[    2.133110] rtc_cmos 00:04: rtc core: registered rtc_cmos as rtc0
[    2.133126] rtc0: alarms up to one month, y3k, 114 bytes nvram, hpet irqs
[    2.133178] device-mapper: uevent: version 1.0.3
[    2.133305] device-mapper: ioctl: 4.15.0-ioctl (2009-04-01) initialised: dm-devel@redhat.com
[    2.133324] EISA: Probing bus 0 at eisa.0
[    2.133331] Cannot allocate resource for EISA slot 1
[    2.133333] Cannot allocate resource for EISA slot 2
[    2.133335] Cannot allocate resource for EISA slot 3
[    2.133337] Cannot allocate resource for EISA slot 4
[    2.133339] Cannot allocate resource for EISA slot 5
[    2.133341] Cannot allocate resource for EISA slot 6
[    2.133343] Cannot allocate resource for EISA slot 7
[    2.133353] Cannot allocate resource for EISA slot 8
[    2.133355] EISA: Detected 0 cards.
[    2.133398] cpuidle: using governor ladder
[    2.133400] cpuidle: using governor menu
[    2.133452] random 0000 0000 0000 00000000 00000000: rand_read_num 4 get_random_bytes(136): sig 0000021d 00000000 00000000
[    2.133455] random 0000 0000 0000 00000000 00000000: extract_entropy(.. 136 ..)
[    2.133457] random 0000 0000 0000 00000000 00000000: going to reseed nonblocking with 1024 bits (1088 of 0 requested)
[    2.133459] random 0000 0000 0000 00000000 00000000: extract_entropy(.. 128 ..)
[    2.133461] random 0000 0000 0000 00000000 00000000: trying to extract 1024 bits from input
[    2.133464] random 0000 0000 0000 00000000 00000000: debiting 0 entropy credits from input
[    2.133465] random 0000 0000 0000 00000000 00000000: extract_entropy account returned: 0 
[    2.133468] random 0000 0000 0000 00000000 00000000: urand_change_num 7 xfer_secondary_pool(136): pool_sig 0000021d, data_sig 00000000, bytes_mixed 0 00000000 00000000
[    2.133471] random 0000 0000 0000 00000000 00000000: trying to extract 1088 bits from nonblocking
[    2.133473] random 0000 0000 0000 00000000 00000000: debiting 1088 entropy credits from nonblocking (unlimited)
[    2.133475] random 0000 0000 0000 00000000 00000000: extract_entropy account returned: 136 
[    2.133479] random 0000 0000 0000 00000000 00000000: urand_change_num 8 extract_buf: pool_sig 0000021d, data_sig fffffff7, bytes_mixed 20 00000000 00000000
[    2.133483] random 0000 0000 0000 f961ee50 ba9cb1aa: urand_change_num 9 extract_buf: pool_sig 00000230, data_sig fffffeb4, bytes_mixed 20 f961ee50 ba9cb1aa
[    2.133488] random 0000 0000 0000 9748bdd6 56fb8af6: urand_change_num 10 extract_buf: pool_sig 00000373, data_sig 000000cf, bytes_mixed 20 9748bdd6 56fb8af6
[    2.133492] random 0000 0000 0000 9748bdd6 56fb8af6: urand_change_num 11 extract_buf: pool_sig fffffe49, data_sig 0000023f, bytes_mixed 20 9748bdd6 56fb8af6
[    2.133496] random 0000 0000 0000 a135be86 4777650e: urand_change_num 12 extract_buf: pool_sig fffffcce, data_sig 000000c6, bytes_mixed 20 a135be86 4777650e
[    2.133500] random 0000 0000 0000 4a6ea85d 170e00dd: urand_change_num 13 extract_buf: pool_sig ffffff97, data_sig ffffff7d, bytes_mixed 20 4a6ea85d 170e00dd
[    2.133504] random 0000 0000 0000 4a6ea85d 170e00dd: urand_change_num 14 extract_buf: pool_sig 00000160, data_sig fffffeea, bytes_mixed 20 4a6ea85d 170e00dd
[    2.133509] random 0000 0000 0000 6e87c3cb da668c73: urand_change_num 15 extract_buf: pool_sig 0000034f, data_sig ffffff54, bytes_mixed 20 6e87c3cb da668c73
[    2.133513] random 0000 0000 0000 6e87c3cb da668c73: urand_change_num 16 extract_buf: pool_sig fffffdc5, data_sig 00000205, bytes_mixed 20 6e87c3cb da668c73
[    2.133517] random 0000 0000 0000 39f531e6 461eb249: urand_change_num 17 extract_buf: pool_sig fffffc1d, data_sig ffffff5e, bytes_mixed 20 39f531e6 461eb249
[    2.133521] random 0000 0000 0000 7e1538a2 3e661182: urand_change_num 18 extract_buf: pool_sig 000006ef, data_sig ffffff2e, bytes_mixed 20 7e1538a2 3e661182
[    2.133525] random 0000 0000 0000 7e1538a2 3e661182: urand_change_num 19 extract_buf: pool_sig 00000317, data_sig fffffccb, bytes_mixed 20 7e1538a2 3e661182
[    2.133529] random 0000 0000 0000 76af506b 9b57305e: urand_change_num 20 extract_buf: pool_sig 00000227, data_sig ffffffd2, bytes_mixed 20 76af506b 9b57305e
[    2.133533] random 0000 0000 0000 37d49d89 e20417cc: urand_change_num 21 extract_buf: pool_sig 0000080b, data_sig 000001e9, bytes_mixed 20 37d49d89 e20417cc
[    2.133537] TCP cubic registered
[    2.133589] NET: Registered protocol family 10
[    2.133623] RANDOM - __random32 called. Change num 12.  Value: 5eba7c56	3354535f	8d65ceee
[    2.133625] RANDOM - random32 called.  Value: 5eba7c56	3354535f	8d65ceee
[    2.133634] random 0000 0000 0000 37d49d89 e20417cc: rand_read_num 5 get_random_bytes(4): sig 00000298 37d49d89 e20417cc
[    2.133636] random 0000 0000 0000 37d49d89 e20417cc: extract_entropy(.. 4 ..)
[    2.133638] random 0000 0000 0000 37d49d89 e20417cc: going to reseed nonblocking with 64 bits (32 of 0 requested)
[    2.133640] random 0000 0000 0000 37d49d89 e20417cc: extract_entropy(.. 8 ..)
[    2.133642] random 0000 0000 0000 37d49d89 e20417cc: trying to extract 64 bits from input
[    2.133645] random 0000 0000 0000 37d49d89 e20417cc: debiting 0 entropy credits from input
[    2.133647] random 0000 0000 0000 37d49d89 e20417cc: extract_entropy account returned: 0 
[    2.133649] random 0000 0000 0000 37d49d89 e20417cc: urand_change_num 22 xfer_secondary_pool(4): pool_sig 00000298, data_sig 00000000, bytes_mixed 0 37d49d89 e20417cc
[    2.133652] random 0000 0000 0000 37d49d89 e20417cc: trying to extract 32 bits from nonblocking
[    2.133654] random 0000 0000 0000 37d49d89 e20417cc: debiting 32 entropy credits from nonblocking (unlimited)
[    2.133656] random 0000 0000 0000 37d49d89 e20417cc: extract_entropy account returned: 4 
[    2.133660] random 0000 0000 0000 37d49d89 e20417cc: urand_change_num 23 extract_buf: pool_sig 00000298, data_sig 00000092, bytes_mixed 20 37d49d89 e20417cc
[    2.133712] RANDOM - __random32 called. Change num 13.  Value: a7c56226	354535ff	9ddcc977
[    2.133714] RANDOM - random32 called.  Value: a7c56226	354535ff	9ddcc977
[    2.133766] NET: Registered protocol family 17
[    2.133789] Using IPI No-Shortcut mode
[    2.133794] random 0000 0000 0000 2ee4c4fc 167bdb15: rand_read_num 6 get_random_bytes(8): sig fffffcbf 2ee4c4fc 167bdb15
[    2.133796] random 0000 0000 0000 2ee4c4fc 167bdb15: extract_entropy(.. 8 ..)
[    2.133799] random 0000 0000 0000 2ee4c4fc 167bdb15: going to reseed nonblocking with 64 bits (64 of 0 requested)
[    2.133801] random 0000 0000 0000 2ee4c4fc 167bdb15: extract_entropy(.. 8 ..)
[    2.133803] random 0000 0000 0000 2ee4c4fc 167bdb15: trying to extract 64 bits from input
[    2.133805] random 0000 0000 0000 2ee4c4fc 167bdb15: debiting 0 entropy credits from input
[    2.133807] random 0000 0000 0000 2ee4c4fc 167bdb15: extract_entropy account returned: 0 
[    2.133810] random 0000 0000 0000 2ee4c4fc 167bdb15: urand_change_num 24 xfer_secondary_pool(8): pool_sig fffffcbf, data_sig 00000000, bytes_mixed 0 2ee4c4fc 167bdb15
[    2.133812] random 0000 0000 0000 2ee4c4fc 167bdb15: trying to extract 64 bits from nonblocking
[    2.133814] random 0000 0000 0000 2ee4c4fc 167bdb15: debiting 64 entropy credits from nonblocking (unlimited)
[    2.133817] random 0000 0000 0000 2ee4c4fc 167bdb15: extract_entropy account returned: 8 
[    2.133820] random 0000 0000 0000 2ee4c4fc 167bdb15: urand_change_num 25 extract_buf: pool_sig fffffcbf, data_sig ffffff83, bytes_mixed 20 2ee4c4fc 167bdb15
[    2.133859] PM: Resume from disk failed.
[    2.133867] registered taskstats version 1
[    2.133870] random 0000 0000 0000 2ee4c4fc 167bdb15: rand_read_num 7 get_random_bytes(12): sig fffffc69 2ee4c4fc 167bdb15
[    2.133872] random 0000 0000 0000 2ee4c4fc 167bdb15: extract_entropy(.. 12 ..)
[    2.133874] random 0000 0000 0000 2ee4c4fc 167bdb15: going to reseed nonblocking with 96 bits (96 of 0 requested)
[    2.133876] random 0000 0000 0000 2ee4c4fc 167bdb15: extract_entropy(.. 12 ..)
[    2.133878] random 0000 0000 0000 2ee4c4fc 167bdb15: trying to extract 96 bits from input
[    2.133880] random 0000 0000 0000 2ee4c4fc 167bdb15: debiting 0 entropy credits from input
[    2.133882] random 0000 0000 0000 2ee4c4fc 167bdb15: extract_entropy account returned: 0 
[    2.133885] random 0000 0000 0000 2ee4c4fc 167bdb15: urand_change_num 26 xfer_secondary_pool(12): pool_sig fffffc69, data_sig 00000000, bytes_mixed 0 2ee4c4fc 167bdb15
[    2.133887] random 0000 0000 0000 2ee4c4fc 167bdb15: trying to extract 96 bits from nonblocking
[    2.133889] random 0000 0000 0000 2ee4c4fc 167bdb15: debiting 96 entropy credits from nonblocking (unlimited)
[    2.133891] random 0000 0000 0000 2ee4c4fc 167bdb15: extract_entropy account returned: 12 
[    2.133925] random 0000 0000 0000 2ee4c4fc 167bdb15: urand_change_num 27 extract_buf: pool_sig fffffc69, data_sig ffffff7d, bytes_mixed 20 2ee4c4fc 167bdb15
[    2.133930] random 0000 0000 0000 83b7c1ab 94697f48: urand_change_num 28 extract_buf: pool_sig fffffe30, data_sig fffffdd6, bytes_mixed 20 83b7c1ab 94697f48
[    2.133982] RANDOM - __seed init called.
[    2.133984] RANDOM - __seed init called.
[    2.133986] RANDOM - __seed init called.
[    2.133987] RANDOM - __random32 called. Change num 14.  Value: fc007995	feca4f80	21b38ad2
[    2.133989] RANDOM - random32_reseed called.  Value: fc007995	feca4f80	21b38ad2
[    2.133992] Pid: 1, comm: swapper Not tainted 2.6.32.57 #4
[    2.133994] Call Trace:
[    2.134000]  [<c14a8a0e>] ? printk+0x1d/0x1f
[    2.134005]  [<c17537e5>] random32_reseed+0x89/0xbd
[    2.134008]  [<c1003042>] do_one_initcall+0x32/0x1a0
[    2.134011]  [<c175375c>] ? random32_reseed+0x0/0xbd
[    2.134014]  [<c17308e7>] kernel_init+0x12d/0x17a
[    2.134017]  [<c17307ba>] ? kernel_init+0x0/0x17a
[    2.134020]  [<c1009b07>] kernel_thread_helper+0x7/0x10
[    2.136712] input: AT Translated Set 2 keyboard as /devices/platform/i8042/serio0/input/input1
[    2.136989] random 0000 0000 0000 6db70b00 b30ce96b: rand_read_num 8 get_random_bytes(64): sig fffffb38 6db70b00 b30ce96b
[    2.136992] random 0000 0000 0000 6db70b00 b30ce96b: extract_entropy(.. 64 ..)
[    2.136995] random 0000 0000 0000 6db70b00 b30ce96b: going to reseed nonblocking with 512 bits (512 of 0 requested)
[    2.136997] random 0000 0000 0000 6db70b00 b30ce96b: extract_entropy(.. 64 ..)
[    2.136999] random 0000 0000 0000 6db70b00 b30ce96b: trying to extract 512 bits from input
[    2.137001] random 0000 0000 0000 6db70b00 b30ce96b: debiting 0 entropy credits from input
[    2.137004] random 0000 0000 0000 6db70b00 b30ce96b: extract_entropy account returned: 0 
[    2.137007] random 0000 0000 0000 6db70b00 b30ce96b: urand_change_num 29 xfer_secondary_pool(64): pool_sig fffffb38, data_sig 00000000, bytes_mixed 0 6db70b00 b30ce96b
[    2.137009] random 0000 0000 0000 6db70b00 b30ce96b: trying to extract 512 bits from nonblocking
[    2.137012] random 0000 0000 0000 6db70b00 b30ce96b: debiting 512 entropy credits from nonblocking (unlimited)
[    2.137014] random 0000 0000 0000 6db70b00 b30ce96b: extract_entropy account returned: 64 
[    2.137018] random 0000 0000 0000 6db70b00 b30ce96b: urand_change_num 30 extract_buf: pool_sig fffffb38, data_sig 00000151, bytes_mixed 20 6db70b00 b30ce96b
[    2.137022] random 0000 0000 0000 6db70b00 b30ce96b: urand_change_num 31 extract_buf: pool_sig fffffdb8, data_sig 00000379, bytes_mixed 20 6db70b00 b30ce96b
[    2.137027] random 0000 0000 0000 6b83001e d4b6c0d3: urand_change_num 32 extract_buf: pool_sig ffffffc9, data_sig 00000198, bytes_mixed 20 6b83001e d4b6c0d3
[    2.137031] random 0000 0000 0000 79d3e3c7 be564518: urand_change_num 33 extract_buf: pool_sig 000002b9, data_sig ffffff84, bytes_mixed 20 79d3e3c7 be564518
[    2.137036] random 0000 0000 0000 79d3e3c7 be564518: urand_change_num 34 extract_buf: pool_sig ffffff55, data_sig ffffff5a, bytes_mixed 20 79d3e3c7 be564518
[    2.137040] random 0000 0000 0000 89c03cb2 0d353228: urand_change_num 35 extract_buf: pool_sig 00000007, data_sig ffffff17, bytes_mixed 20 89c03cb2 0d353228
[    2.137045] random 0000 0000 0000 89c03cb2 0d353228: urand_change_num 36 extract_buf: pool_sig fffffdae, data_sig 000000db, bytes_mixed 20 89c03cb2 0d353228  Magic number: 13:609:553
[    2.137056] tty ttyS29: hash matches
[    2.137142] rtc_cmos 00:04: setting system clock to 2013-05-24 22:32:25 UTC (1369434745)
[    2.137145] BIOS EDD facility v0.16 2004-Jun-25, 0 devices found
[    2.137146] EDD information not available.
[    2.137171] random 0000 0000 0000 8ca62387 b120332c: rand_read_num 9 get_random_bytes(64): sig fffffed6 8ca62387 b120332c
[    2.137173] random 0000 0000 0000 8ca62387 b120332c: extract_entropy(.. 64 ..)
[    2.137176] random 0000 0000 0000 8ca62387 b120332c: going to reseed nonblocking with 512 bits (512 of 0 requested)
[    2.137178] random 0000 0000 0000 8ca62387 b120332c: extract_entropy(.. 64 ..)
[    2.137180] random 0000 0000 0000 8ca62387 b120332c: trying to extract 512 bits from input
[    2.137182] random 0000 0000 0000 8ca62387 b120332c: debiting 0 entropy credits from input
[    2.137184] random 0000 0000 0000 8ca62387 b120332c: extract_entropy account returned: 0 
[    2.137187] random 0000 0000 0000 8ca62387 b120332c: urand_change_num 37 xfer_secondary_pool(64): pool_sig fffffed6, data_sig 00000000, bytes_mixed 0 8ca62387 b120332c
[    2.137190] random 0000 0000 0000 8ca62387 b120332c: trying to extract 512 bits from nonblocking
[    2.137192] random 0000 0000 0000 8ca62387 b120332c: debiting 512 entropy credits from nonblocking (unlimited)
[    2.137195] random 0000 0000 0000 8ca62387 b120332c: extract_entropy account returned: 64 
[    2.137198] random 0000 0000 0000 8ca62387 b120332c: urand_change_num 38 extract_buf: pool_sig fffffed6, data_sig fffffeb6, bytes_mixed 20 8ca62387 b120332c
[    2.137202] random 0000 0000 0000 90702413 e2a66c2e: urand_change_num 39 extract_buf: pool_sig fffffbb0, data_sig 0000012e, bytes_mixed 20 90702413 e2a66c2e
[    2.137207] random 0000 0000 0000 90702413 e2a66c2e: urand_change_num 40 extract_buf: pool_sig fffffaf1, data_sig ffffff3c, bytes_mixed 20 90702413 e2a66c2e
[    2.137211] random 0000 0000 0000 3f58038b c77aecb6: urand_change_num 41 extract_buf: pool_sig 00000234, data_sig fffffdec, bytes_mixed 20 3f58038b c77aecb6
[    2.137216] random 0000 0000 0000 47187b9d 03f21510: urand_change_num 42 extract_buf: pool_sig 00000192, data_sig 00000075, bytes_mixed 20 47187b9d 03f21510
[    2.137220] random 0000 0000 0000 47187b9d 03f21510: urand_change_num 43 extract_buf: pool_sig 0000018e, data_sig ffffffbf, bytes_mixed 20 47187b9d 03f21510
[    2.137225] random 0000 0000 0000 3180b1fc 0fa9c973: urand_change_num 44 extract_buf: pool_sig fffffecf, data_sig ffffff2a, bytes_mixed 20 3180b1fc 0fa9c973
[    2.137227] BEGIN NET_SECRET:
[    2.137229] \xffffff87
[    2.137230] \xffffff8d
[    2.137231] \xfffffff4
[    2.137232] \xffffffae
[    2.137234] \xffffffc3
[    2.137235] \xffffffb7
[    2.137236] \x31
[    2.137237] \x65
[    2.137238] \xffffffda
[    2.137239] \xffffffa2
[    2.137240] \x31
[    2.137242] \xffffffc8
[    2.137243] \xffffffa9
[    2.137244] \x76
[    2.137245] \x76
[    2.137246] \xffffff90
[    2.137247] \x55
[    2.137248] \xfffffff3
[    2.137250] \xffffffb1
[    2.137251] \x3
[    2.137252] \xffffffb3
[    2.137253] \xffffffa7
[    2.137254] \x5a
[    2.137255] \x71
[    2.137257] \x70
[    2.137258] \xffffff8c
[    2.137259] \x56
[    2.137260] \x25
[    2.137261] \xffffffe1
[    2.137262] \x4c
[    2.137263] \xffffffe6
[    2.137265] \xffffff95
[    2.137266] \x67
[    2.137267] \x4c
[    2.137268] \xffffffb9
[    2.137269] \x1d
[    2.137270] \xe
[    2.137271] \x34
[    2.137273] \xffffffbe
[    2.137274] \x12
[    2.137275] \x5
[    2.137276] \xffffff98
[    2.137277] \xffffffa0
[    2.137278] \xf
[    2.137279] \xffffffb2
[    2.137281] \xffffffde
[    2.137282] \xffffff99
[    2.137283] \xf
[    2.137284] \xffffffe8
[    2.137285] \xffffffc8
[    2.137286] \x1f
[    2.137287] \x54
[    2.137289] \x2c
[    2.137290] \xffffffee
[    2.137291] \x2e
[    2.137292] \x0
[    2.137293] \xffffff95
[    2.137294] \x0
[    2.137295] \xffffffe3
[    2.137297] \xffffffa7
[    2.137298] \xfffffffd
[    2.137299] \x66
[    2.137300] \xffffff92
[    2.137301] \xfffffff0
[    2.137302] 
[    2.137303] END NET_SECRET
[    2.137306] random 0000 0000 0000 3180b1fc 0fa9c973: rand_read_num 10 get_random_bytes(4): sig ffffff46 3180b1fc 0fa9c973
[    2.137308] random 0000 0000 0000 3180b1fc 0fa9c973: extract_entropy(.. 4 ..)
[    2.137311] random 0000 0000 0000 3180b1fc 0fa9c973: going to reseed nonblocking with 64 bits (32 of 0 requested)
[    2.137313] random 0000 0000 0000 3180b1fc 0fa9c973: extract_entropy(.. 8 ..)
[    2.137315] random 0000 0000 0000 3180b1fc 0fa9c973: trying to extract 64 bits from input
[    2.137317] random 0000 0000 0000 3180b1fc 0fa9c973: debiting 0 entropy credits from input
[    2.137319] random 0000 0000 0000 3180b1fc 0fa9c973: extract_entropy account returned: 0 
[    2.137322] random 0000 0000 0000 3180b1fc 0fa9c973: urand_change_num 45 xfer_secondary_pool(4): pool_sig ffffff46, data_sig 00000000, bytes_mixed 0 3180b1fc 0fa9c973
[    2.137325] random 0000 0000 0000 3180b1fc 0fa9c973: trying to extract 32 bits from nonblocking
[    2.137327] random 0000 0000 0000 3180b1fc 0fa9c973: debiting 32 entropy credits from nonblocking (unlimited)
[    2.137330] random 0000 0000 0000 3180b1fc 0fa9c973: extract_entropy account returned: 4 
[    2.137333] random 0000 0000 0000 3180b1fc 0fa9c973: urand_change_num 46 extract_buf: pool_sig ffffff46, data_sig 0000001b, bytes_mixed 20 3180b1fc 0fa9c973
[    2.310235] ata2.00: ATAPI: VMware Virtual IDE CDROM Drive, 00000001, max UDMA/33
[    2.310517] ata2.00: configured for UDMA/33
[    2.310889] scsi 1:0:0:0: CD-ROM            NECVMWar VMware IDE CDR10 1.00 PQ: 0 ANSI: 5
[    2.312085] sr0: scsi3-mmc drive: 306x/306x cd/rw xa/form2 cdda tray
[    2.312088] Uniform CD-ROM driver Revision: 3.20
[    2.312140] sr 1:0:0:0: Attached scsi CD-ROM sr0
[    2.312176] sr 1:0:0:0: Attached scsi generic sg0 type 5
[    2.312210] Freeing unused kernel memory: 652k freed
[    2.312262] Write protecting the kernel text: 4840k
[    2.312293] Write protecting the kernel read-only data: 1968k
