[    0.000000] random 0000 0000 0000 00000000 00000000: rand_read_num 1 get_random_bytes(8): sig 00000000 00000000 00000000
[    0.000000] random 0000 0000 0000 00000000 00000000: extract_entropy(.. 8 ..)
[    0.000000] random 0000 0000 0000 00000000 00000000: going to reseed nonblocking with 64 bits (64 of 0 requested)
[    0.000000] random 0000 0000 0000 00000000 00000000: extract_entropy(.. 8 ..)
[    0.000000] random 0000 0000 0000 00000000 00000000: trying to extract 64 bits from input
[    0.000000] random 0000 0000 0000 00000000 00000000: debiting 0 entropy credits from input
[    0.000000] random 0000 0000 0000 00000000 00000000: extract_entropy account returned: 0 
[    0.000000] random 0000 0000 0000 00000000 00000000: urand_change_num 1 xfer_secondary_pool(8): pool_sig 00000000, data_sig 00000000, bytes_mixed 0 00000000 00000000
[    0.000000] random 0000 0000 0000 00000000 00000000: trying to extract 64 bits from nonblocking
[    0.000000] random 0000 0000 0000 00000000 00000000: debiting 64 entropy credits from nonblocking (unlimited)
[    0.000000] random 0000 0000 0000 00000000 00000000: extract_entropy account returned: 8 
[    0.000000] random 0000 0000 0000 00000000 00000000: urand_change_num 2 extract_buf: pool_sig 00000000, data_sig fffffff9, bytes_mixed 20 00000000 00000000
[    0.000000] Initializing cgroup subsys cpuset
[    0.000000] Initializing cgroup subsys cpu
[    0.000000] Linux version 2.6.32.57 (dcashman@ubuntu) (gcc version 4.6.3 (Ubuntu/Linaro 4.6.3-1ubuntu5) ) #4 SMP Fri May 24 11:09:26 PDT 2013
[    0.000000] KERNEL supported cpus:
[    0.000000]   Intel GenuineIntel
[    0.000000]   AMD AuthenticAMD
[    0.000000]   NSC Geode by NSC
[    0.000000]   Cyrix CyrixInstead
[    0.000000]   Centaur CentaurHauls
[    0.000000]   Transmeta GenuineTMx86
[    0.000000]   Transmeta TransmetaCPU
[    0.000000]   UMC UMC UMC UMC
[    0.000000] BIOS-provided physical RAM map:
[    0.000000]  BIOS-e820: 0000000000000000 - 000000000009f000 (usable)
[    0.000000]  BIOS-e820: 000000000009f000 - 00000000000a0000 (reserved)
[    0.000000]  BIOS-e820: 00000000000ca000 - 00000000000cc000 (reserved)
[    0.000000]  BIOS-e820: 00000000000dc000 - 0000000000100000 (reserved)
[    0.000000]  BIOS-e820: 0000000000100000 - 000000003fee0000 (usable)
[    0.000000]  BIOS-e820: 000000003fee0000 - 000000003feff000 (ACPI data)
[    0.000000]  BIOS-e820: 000000003feff000 - 000000003ff00000 (ACPI NVS)
[    0.000000]  BIOS-e820: 000000003ff00000 - 0000000040000000 (usable)
[    0.000000]  BIOS-e820: 00000000e0000000 - 00000000f0000000 (reserved)
[    0.000000]  BIOS-e820: 00000000fec00000 - 00000000fec10000 (reserved)
[    0.000000]  BIOS-e820: 00000000fee00000 - 00000000fee01000 (reserved)
[    0.000000]  BIOS-e820: 00000000fffe0000 - 0000000100000000 (reserved)
[    0.000000] DMI present.
[    0.000000] Phoenix BIOS detected: BIOS may corrupt low RAM, working around it.
[    0.000000] e820 update range: 0000000000000000 - 0000000000010000 (usable) ==> (reserved)
[    0.000000] last_pfn = 0x40000 max_arch_pfn = 0x1000000
[    0.000000] MTRR default type: uncachable
[    0.000000] MTRR fixed ranges enabled:
[    0.000000]   00000-9FFFF write-back
[    0.000000]   A0000-BFFFF uncachable
[    0.000000]   C0000-CBFFF write-protect
[    0.000000]   CC000-EFFFF uncachable
[    0.000000]   F0000-FFFFF write-protect
[    0.000000] MTRR variable ranges enabled:
[    0.000000]   0 base 0000000000 mask FFC0000000 write-back
[    0.000000]   1 disabled
[    0.000000]   2 disabled
[    0.000000]   3 disabled
[    0.000000]   4 disabled
[    0.000000]   5 disabled
[    0.000000]   6 disabled
[    0.000000]   7 disabled
[    0.000000] x86 PAT enabled: cpu 0, old 0x0, new 0x7010600070106
[    0.000000] Scanning 0 areas for low memory corruption
[    0.000000] modified physical RAM map:
[    0.000000]  modified: 0000000000000000 - 0000000000010000 (reserved)
[    0.000000]  modified: 0000000000010000 - 000000000009f000 (usable)
[    0.000000]  modified: 000000000009f000 - 00000000000a0000 (reserved)
[    0.000000]  modified: 00000000000ca000 - 00000000000cc000 (reserved)
[    0.000000]  modified: 00000000000dc000 - 0000000000100000 (reserved)
[    0.000000]  modified: 0000000000100000 - 000000003fee0000 (usable)
[    0.000000]  modified: 000000003fee0000 - 000000003feff000 (ACPI data)
[    0.000000]  modified: 000000003feff000 - 000000003ff00000 (ACPI NVS)
[    0.000000]  modified: 000000003ff00000 - 0000000040000000 (usable)
[    0.000000]  modified: 00000000e0000000 - 00000000f0000000 (reserved)
[    0.000000]  modified: 00000000fec00000 - 00000000fec10000 (reserved)
[    0.000000]  modified: 00000000fee00000 - 00000000fee01000 (reserved)
[    0.000000]  modified: 00000000fffe0000 - 0000000100000000 (reserved)
[    0.000000] initial memory mapped : 0 - 01e00000
[    0.000000] init_memory_mapping: 0000000000000000-00000000379fe000
[    0.000000] NX (Execute Disable) protection: active
[    0.000000]  0000000000 - 0000200000 page 4k
[    0.000000]  0000200000 - 0037800000 page 2M
[    0.000000]  0037800000 - 00379fe000 page 4k
[    0.000000] kernel direct mapping tables up to 379fe000 @ 10000-16000
[    0.000000] RAMDISK: 2dcfc000 - 32e758c3
[    0.000000] ACPI: RSDP 000f6b80 00024 (v02 PTLTD )
[    0.000000] ACPI: XSDT 3feed636 0005C (v01 INTEL  440BX    06040000 VMW  01324272)
[    0.000000] ACPI: FACP 3fefee98 000F4 (v04 INTEL  440BX    06040000 PTL  000F4240)
[    0.000000] ACPI: DSDT 3feee366 10B32 (v01 PTLTD  Custom   06040000 MSFT 03000001)
[    0.000000] ACPI: FACS 3fefffc0 00040
[    0.000000] ACPI: BOOT 3feee33e 00028 (v01 PTLTD  $SBFTBL$ 06040000  LTP 00000001)
[    0.000000] ACPI: APIC 3feedc3e 003C2 (v01 PTLTD  ? APIC   06040000  LTP 00000000)
[    0.000000] ACPI: MCFG 3feedc02 0003C (v01 PTLTD  $PCITBL$ 06040000  LTP 00000001)
[    0.000000] ACPI: SRAT 3feed732 004D0 (v02 VMWARE MEMPLUG  06040000 VMW  00000001)
[    0.000000] ACPI: HPET 3feed6fa 00038 (v01 VMWARE VMW HPET 06040000 VMW  00000001)
[    0.000000] ACPI: WAET 3feed6d2 00028 (v01 VMWARE VMW WAET 06040000 VMW  00000001)
[    0.000000] ACPI: Local APIC address 0xfee00000
[    0.000000] 134MB HIGHMEM available.
[    0.000000] 889MB LOWMEM available.
[    0.000000]   mapped low ram: 0 - 379fe000
[    0.000000]   low ram: 0 - 379fe000
[    0.000000]   node 0 low ram: 00000000 - 379fe000
[    0.000000]   node 0 bootmap 00012000 - 00018f40
[    0.000000] (9 early reservations) ==> bootmem [0000000000 - 00379fe000]
[    0.000000]   #0 [0000000000 - 0000001000]   BIOS data page ==> [0000000000 - 0000001000]
[    0.000000]   #1 [0000001000 - 0000002000]    EX TRAMPOLINE ==> [0000001000 - 0000002000]
[    0.000000]   #2 [0000006000 - 0000007000]       TRAMPOLINE ==> [0000006000 - 0000007000]
[    0.000000]   #3 [0001000000 - 0001a75ff8]    TEXT DATA BSS ==> [0001000000 - 0001a75ff8]
[    0.000000]   #4 [002dcfc000 - 0032e758c3]          RAMDISK ==> [002dcfc000 - 0032e758c3]
[    0.000000]   #5 [000009f000 - 0000100000]    BIOS reserved ==> [000009f000 - 0000100000]
[    0.000000]   #6 [0001a76000 - 0001a851c0]              BRK ==> [0001a76000 - 0001a851c0]
[    0.000000]   #7 [0000010000 - 0000012000]          PGTABLE ==> [0000010000 - 0000012000]
[    0.000000]   #8 [0000012000 - 0000019000]          BOOTMAP ==> [0000012000 - 0000019000]
[    0.000000] found SMP MP-table at [c00f6bf0] f6bf0
[    0.000000] Zone PFN ranges:
[    0.000000]   DMA      0x00000010 -> 0x00001000
[    0.000000]   Normal   0x00001000 -> 0x000379fe
[    0.000000]   HighMem  0x000379fe -> 0x00040000
[    0.000000] Movable zone start PFN for each node
[    0.000000] early_node_map[3] active PFN ranges
[    0.000000]     0: 0x00000010 -> 0x0000009f
[    0.000000]     0: 0x00000100 -> 0x0003fee0
[    0.000000]     0: 0x0003ff00 -> 0x00040000
[    0.000000] On node 0 totalpages: 261999
[    0.000000] free_area_init_node: node 0, pgdat c1715200, node_mem_map c1a87200
[    0.000000]   DMA zone: 32 pages used for memmap
[    0.000000]   DMA zone: 0 pages reserved
[    0.000000]   DMA zone: 3951 pages, LIFO batch:0
[    0.000000]   Normal zone: 1748 pages used for memmap
[    0.000000]   Normal zone: 221994 pages, LIFO batch:31
[    0.000000]   HighMem zone: 269 pages used for memmap
[    0.000000]   HighMem zone: 34005 pages, LIFO batch:7
[    0.000000] Using APIC driver default
[    0.000000] ACPI: PM-Timer IO Port: 0x1008
[    0.000000] ACPI: Local APIC address 0xfee00000
[    0.000000] ACPI: LAPIC (acpi_id[0x00] lapic_id[0x00] enabled)
[    0.000000] ACPI: LAPIC (acpi_id[0x01] lapic_id[0x02] disabled)
[    0.000000] ACPI: LAPIC (acpi_id[0x02] lapic_id[0x04] disabled)
[    0.000000] ACPI: LAPIC (acpi_id[0x03] lapic_id[0x06] disabled)
[    0.000000] ACPI: LAPIC (acpi_id[0x04] lapic_id[0x08] disabled)
[    0.000000] ACPI: LAPIC (acpi_id[0x05] lapic_id[0x0a] disabled)
[    0.000000] ACPI: LAPIC (acpi_id[0x06] lapic_id[0x0c] disabled)
[    0.000000] ACPI: LAPIC (acpi_id[0x07] lapic_id[0x0e] disabled)
[    0.000000] ACPI: LAPIC (acpi_id[0x08] lapic_id[0x10] disabled)
[    0.000000] ACPI: LAPIC (acpi_id[0x09] lapic_id[0x12] disabled)
[    0.000000] ACPI: LAPIC (acpi_id[0x0a] lapic_id[0x14] disabled)
[    0.000000] ACPI: LAPIC (acpi_id[0x0b] lapic_id[0x16] disabled)
[    0.000000] ACPI: LAPIC (acpi_id[0x0c] lapic_id[0x18] disabled)
[    0.000000] ACPI: LAPIC (acpi_id[0x0d] lapic_id[0x1a] disabled)
[    0.000000] ACPI: LAPIC (acpi_id[0x0e] lapic_id[0x1c] disabled)
[    0.000000] ACPI: LAPIC (acpi_id[0x0f] lapic_id[0x1e] disabled)
[    0.000000] ACPI: LAPIC (acpi_id[0x10] lapic_id[0x20] disabled)
[    0.000000] ACPI: LAPIC (acpi_id[0x11] lapic_id[0x22] disabled)
[    0.000000] ACPI: LAPIC (acpi_id[0x12] lapic_id[0x24] disabled)
[    0.000000] ACPI: LAPIC (acpi_id[0x13] lapic_id[0x26] disabled)
[    0.000000] ACPI: LAPIC (acpi_id[0x14] lapic_id[0x28] disabled)
[    0.000000] ACPI: LAPIC (acpi_id[0x15] lapic_id[0x2a] disabled)
[    0.000000] ACPI: LAPIC (acpi_id[0x16] lapic_id[0x2c] disabled)
[    0.000000] ACPI: LAPIC (acpi_id[0x17] lapic_id[0x2e] disabled)
[    0.000000] ACPI: LAPIC (acpi_id[0x18] lapic_id[0x30] disabled)
[    0.000000] ACPI: LAPIC (acpi_id[0x19] lapic_id[0x32] disabled)
[    0.000000] ACPI: LAPIC (acpi_id[0x1a] lapic_id[0x34] disabled)
[    0.000000] ACPI: LAPIC (acpi_id[0x1b] lapic_id[0x36] disabled)
[    0.000000] ACPI: LAPIC (acpi_id[0x1c] lapic_id[0x38] disabled)
[    0.000000] ACPI: LAPIC (acpi_id[0x1d] lapic_id[0x3a] disabled)
[    0.000000] ACPI: LAPIC (acpi_id[0x1e] lapic_id[0x3c] disabled)
[    0.000000] ACPI: LAPIC (acpi_id[0x1f] lapic_id[0x3e] disabled)
[    0.000000] ACPI: LAPIC (acpi_id[0x20] lapic_id[0x40] disabled)
[    0.000000] ACPI: LAPIC (acpi_id[0x21] lapic_id[0x42] disabled)
[    0.000000] ACPI: LAPIC (acpi_id[0x22] lapic_id[0x44] disabled)
[    0.000000] ACPI: LAPIC (acpi_id[0x23] lapic_id[0x46] disabled)
[    0.000000] ACPI: LAPIC (acpi_id[0x24] lapic_id[0x48] disabled)
[    0.000000] ACPI: LAPIC (acpi_id[0x25] lapic_id[0x4a] disabled)
[    0.000000] ACPI: LAPIC (acpi_id[0x26] lapic_id[0x4c] disabled)
[    0.000000] ACPI: LAPIC (acpi_id[0x27] lapic_id[0x4e] disabled)
[    0.000000] ACPI: LAPIC (acpi_id[0x28] lapic_id[0x50] disabled)
[    0.000000] ACPI: LAPIC (acpi_id[0x29] lapic_id[0x52] disabled)
[    0.000000] ACPI: LAPIC (acpi_id[0x2a] lapic_id[0x54] disabled)
[    0.000000] ACPI: LAPIC (acpi_id[0x2b] lapic_id[0x56] disabled)
[    0.000000] ACPI: LAPIC (acpi_id[0x2c] lapic_id[0x58] disabled)
[    0.000000] ACPI: LAPIC (acpi_id[0x2d] lapic_id[0x5a] disabled)
[    0.000000] ACPI: LAPIC (acpi_id[0x2e] lapic_id[0x5c] disabled)
[    0.000000] ACPI: LAPIC (acpi_id[0x2f] lapic_id[0x5e] disabled)
[    0.000000] ACPI: LAPIC (acpi_id[0x30] lapic_id[0x60] disabled)
[    0.000000] ACPI: LAPIC (acpi_id[0x31] lapic_id[0x62] disabled)
[    0.000000] ACPI: LAPIC (acpi_id[0x32] lapic_id[0x64] disabled)
[    0.000000] ACPI: LAPIC (acpi_id[0x33] lapic_id[0x66] disabled)
[    0.000000] ACPI: LAPIC (acpi_id[0x34] lapic_id[0x68] disabled)
[    0.000000] ACPI: LAPIC (acpi_id[0x35] lapic_id[0x6a] disabled)
[    0.000000] ACPI: LAPIC (acpi_id[0x36] lapic_id[0x6c] disabled)
[    0.000000] ACPI: LAPIC (acpi_id[0x37] lapic_id[0x6e] disabled)
[    0.000000] ACPI: LAPIC (acpi_id[0x38] lapic_id[0x70] disabled)
[    0.000000] ACPI: LAPIC (acpi_id[0x39] lapic_id[0x72] disabled)
[    0.000000] ACPI: LAPIC (acpi_id[0x3a] lapic_id[0x74] disabled)
[    0.000000] ACPI: LAPIC (acpi_id[0x3b] lapic_id[0x76] disabled)
[    0.000000] ACPI: LAPIC (acpi_id[0x3c] lapic_id[0x78] disabled)
[    0.000000] ACPI: LAPIC (acpi_id[0x3d] lapic_id[0x7a] disabled)
[    0.000000] ACPI: LAPIC (acpi_id[0x3e] lapic_id[0x7c] disabled)
[    0.000000] ACPI: LAPIC (acpi_id[0x3f] lapic_id[0x7e] disabled)
[    0.000000] ACPI: LAPIC_NMI (acpi_id[0x00] high edge lint[0x1])
[    0.000000] ACPI: LAPIC_NMI (acpi_id[0x01] high edge lint[0x1])
[    0.000000] ACPI: LAPIC_NMI (acpi_id[0x02] high edge lint[0x1])
[    0.000000] ACPI: LAPIC_NMI (acpi_id[0x03] high edge lint[0x1])
[    0.000000] ACPI: LAPIC_NMI (acpi_id[0x04] high edge lint[0x1])
[    0.000000] ACPI: LAPIC_NMI (acpi_id[0x05] high edge lint[0x1])
[    0.000000] ACPI: LAPIC_NMI (acpi_id[0x06] high edge lint[0x1])
[    0.000000] ACPI: LAPIC_NMI (acpi_id[0x07] high edge lint[0x1])
[    0.000000] ACPI: LAPIC_NMI (acpi_id[0x08] high edge lint[0x1])
[    0.000000] ACPI: LAPIC_NMI (acpi_id[0x09] high edge lint[0x1])
[    0.000000] ACPI: LAPIC_NMI (acpi_id[0x0a] high edge lint[0x1])
[    0.000000] ACPI: LAPIC_NMI (acpi_id[0x0b] high edge lint[0x1])
[    0.000000] ACPI: LAPIC_NMI (acpi_id[0x0c] high edge lint[0x1])
[    0.000000] ACPI: LAPIC_NMI (acpi_id[0x0d] high edge lint[0x1])
[    0.000000] ACPI: LAPIC_NMI (acpi_id[0x0e] high edge lint[0x1])
[    0.000000] ACPI: LAPIC_NMI (acpi_id[0x0f] high edge lint[0x1])
[    0.000000] ACPI: LAPIC_NMI (acpi_id[0x10] high edge lint[0x1])
[    0.000000] ACPI: LAPIC_NMI (acpi_id[0x11] high edge lint[0x1])
[    0.000000] ACPI: LAPIC_NMI (acpi_id[0x12] high edge lint[0x1])
[    0.000000] ACPI: LAPIC_NMI (acpi_id[0x13] high edge lint[0x1])
[    0.000000] ACPI: LAPIC_NMI (acpi_id[0x14] high edge lint[0x1])
[    0.000000] ACPI: LAPIC_NMI (acpi_id[0x15] high edge lint[0x1])
[    0.000000] ACPI: LAPIC_NMI (acpi_id[0x16] high edge lint[0x1])
[    0.000000] ACPI: LAPIC_NMI (acpi_id[0x17] high edge lint[0x1])
[    0.000000] ACPI: LAPIC_NMI (acpi_id[0x18] high edge lint[0x1])
[    0.000000] ACPI: LAPIC_NMI (acpi_id[0x19] high edge lint[0x1])
[    0.000000] ACPI: LAPIC_NMI (acpi_id[0x1a] high edge lint[0x1])
[    0.000000] ACPI: LAPIC_NMI (acpi_id[0x1b] high edge lint[0x1])
[    0.000000] ACPI: LAPIC_NMI (acpi_id[0x1c] high edge lint[0x1])
[    0.000000] ACPI: LAPIC_NMI (acpi_id[0x1d] high edge lint[0x1])
[    0.000000] ACPI: LAPIC_NMI (acpi_id[0x1e] high edge lint[0x1])
[    0.000000] ACPI: LAPIC_NMI (acpi_id[0x1f] high edge lint[0x1])
[    0.000000] ACPI: LAPIC_NMI (acpi_id[0x20] high edge lint[0x1])
[    0.000000] ACPI: LAPIC_NMI (acpi_id[0x21] high edge lint[0x1])
[    0.000000] ACPI: LAPIC_NMI (acpi_id[0x22] high edge lint[0x1])
[    0.000000] ACPI: LAPIC_NMI (acpi_id[0x23] high edge lint[0x1])
[    0.000000] ACPI: LAPIC_NMI (acpi_id[0x24] high edge lint[0x1])
[    0.000000] ACPI: LAPIC_NMI (acpi_id[0x25] high edge lint[0x1])
[    0.000000] ACPI: LAPIC_NMI (acpi_id[0x26] high edge lint[0x1])
[    0.000000] ACPI: LAPIC_NMI (acpi_id[0x27] high edge lint[0x1])
[    0.000000] ACPI: LAPIC_NMI (acpi_id[0x28] high edge lint[0x1])
[    0.000000] ACPI: LAPIC_NMI (acpi_id[0x29] high edge lint[0x1])
[    0.000000] ACPI: LAPIC_NMI (acpi_id[0x2a] high edge lint[0x1])
[    0.000000] ACPI: LAPIC_NMI (acpi_id[0x2b] high edge lint[0x1])
[    0.000000] ACPI: LAPIC_NMI (acpi_id[0x2c] high edge lint[0x1])
[    0.000000] ACPI: LAPIC_NMI (acpi_id[0x2d] high edge lint[0x1])
[    0.000000] ACPI: LAPIC_NMI (acpi_id[0x2e] high edge lint[0x1])
[    0.000000] ACPI: LAPIC_NMI (acpi_id[0x2f] high edge lint[0x1])
[    0.000000] ACPI: LAPIC_NMI (acpi_id[0x30] high edge lint[0x1])
[    0.000000] ACPI: LAPIC_NMI (acpi_id[0x31] high edge lint[0x1])
[    0.000000] ACPI: LAPIC_NMI (acpi_id[0x32] high edge lint[0x1])
[    0.000000] ACPI: LAPIC_NMI (acpi_id[0x33] high edge lint[0x1])
[    0.000000] ACPI: LAPIC_NMI (acpi_id[0x34] high edge lint[0x1])
[    0.000000] ACPI: LAPIC_NMI (acpi_id[0x35] high edge lint[0x1])
[    0.000000] ACPI: LAPIC_NMI (acpi_id[0x36] high edge lint[0x1])
[    0.000000] ACPI: LAPIC_NMI (acpi_id[0x37] high edge lint[0x1])
[    0.000000] ACPI: LAPIC_NMI (acpi_id[0x38] high edge lint[0x1])
[    0.000000] ACPI: LAPIC_NMI (acpi_id[0x39] high edge lint[0x1])
[    0.000000] ACPI: LAPIC_NMI (acpi_id[0x3a] high edge lint[0x1])
[    0.000000] ACPI: LAPIC_NMI (acpi_id[0x3b] high edge lint[0x1])
[    0.000000] ACPI: LAPIC_NMI (acpi_id[0x3c] high edge lint[0x1])
[    0.000000] ACPI: LAPIC_NMI (acpi_id[0x3d] high edge lint[0x1])
[    0.000000] ACPI: LAPIC_NMI (acpi_id[0x3e] high edge lint[0x1])
[    0.000000] ACPI: LAPIC_NMI (acpi_id[0x3f] high edge lint[0x1])
[    0.000000] ACPI: Skipping IOAPIC probe due to 'noapic' option.
[    0.000000] Using ACPI for processor (LAPIC) configuration information
[    0.000000] ACPI: HPET id: 0x8086af01 base: 0xfed00000
[    0.000000] Intel MultiProcessor Specification v1.4
[    0.000000]     Virtual Wire compatibility mode.
[    0.000000] MPTABLE: OEM ID: INTEL   
[    0.000000] MPTABLE: Product ID: 440BX       
[    0.000000] MPTABLE: APIC at: 0xFEE00000
[    0.000000] I/O APIC #1 Version 17 at 0xFEC00000.
[    0.000000] Processors: 1
[    0.000000] 64 Processors exceeds NR_CPUS limit of 8
[    0.000000] SMP: Allowing 8 CPUs, 7 hotplug CPUs
[    0.000000] nr_irqs_gsi: 24
[    0.000000] PM: Registered nosave memory: 000000000009f000 - 00000000000a0000
[    0.000000] PM: Registered nosave memory: 00000000000a0000 - 00000000000ca000
[    0.000000] PM: Registered nosave memory: 00000000000ca000 - 00000000000cc000
[    0.000000] PM: Registered nosave memory: 00000000000cc000 - 00000000000dc000
[    0.000000] PM: Registered nosave memory: 00000000000dc000 - 0000000000100000
[    0.000000] Allocating PCI resources starting at 40000000 (gap: 40000000:a0000000)
[    0.000000] Booting paravirtualized kernel on bare hardware
[    0.000000] NR_CPUS:8 nr_cpumask_bits:8 nr_cpu_ids:8 nr_node_ids:1
[    0.000000] PERCPU: Embedded 15 pages/cpu @c2400000 s39320 r0 d22120 u262144
[    0.000000] pcpu-alloc: s39320 r0 d22120 u262144 alloc=1*2097152
[    0.000000] pcpu-alloc: [0] 0 1 2 3 4 5 6 7 
[    0.000000] Built 1 zonelists in Zone order, mobility grouping on.  Total pages: 259950
[    0.000000] Kernel command line: BOOT_IMAGE=/boot/vmlinuz-2.6.32.57 root=UUID=007b598c-390d-4c65-84a1-4ff752d48633 ro quiet splash maxcpus=0
[    0.000000] PID hash table entries: 4096 (order: 2, 16384 bytes)
[    0.000000] Dentry cache hash table entries: 131072 (order: 7, 524288 bytes)
[    0.000000] Inode-cache hash table entries: 65536 (order: 6, 262144 bytes)
[    0.000000] Enabling fast FPU save and restore... done.
[    0.000000] Enabling unmasked SIMD FPU exception support... done.
[    0.000000] Initializing CPU#0
[    0.000000] xsave/xrstor: enabled xstate_bv 0x7, cntxt size 0x340
[    0.000000] allocated 5242560 bytes of page_cgroup
[    0.000000] please try 'cgroup_disable=memory' option if you don't want memory cgroups
[    0.000000] Initializing HighMem for node 0 (000379fe:00040000)
[    0.000000] Memory: 938260k/1048576k available (4839k kernel code, 108848k reserved, 2518k data, 652k init, 137096k highmem)
[    0.000000] virtual kernel memory layout:
[    0.000000]     fixmap  : 0xfff1e000 - 0xfffff000   ( 900 kB)
[    0.000000]     pkmap   : 0xffa00000 - 0xffc00000   (2048 kB)
[    0.000000]     vmalloc : 0xf81fe000 - 0xff9fe000   ( 120 MB)
[    0.000000]     lowmem  : 0xc0000000 - 0xf79fe000   ( 889 MB)
[    0.000000]       .init : 0xc1730000 - 0xc17d3000   ( 652 kB)
[    0.000000]       .data : 0xc14b9cce - 0xc172f764   (2518 kB)
[    0.000000]       .text : 0xc1000000 - 0xc14b9cce   (4839 kB)
[    0.000000] Checking if this processor honours the WP bit even in supervisor mode...Ok.
[    0.000000] SLUB: Genslabs=13, HWalign=64, Order=0-3, MinObjects=0, CPUs=8, Nodes=1
[    0.000000] Hierarchical RCU implementation.
[    0.000000] NR_IRQS:2304 nr_irqs:472
[    0.000000] Extended CMOS year: 2000
[    0.000000] Console: colour VGA+ 80x25
[    0.000000] console [tty0] enabled
[    0.000000] hpet clockevent registered
[    0.000000] TSC freq read from hypervisor : 2394.620 MHz
[    0.000000] Detected 2394.620 MHz processor.
[    0.000003] Calibrating delay loop (skipped) preset value.. 4789.24 BogoMIPS (lpj=9578480)
[    0.000012] Security Framework initialized
[    0.000015] SELinux:  Disabled at boot.
[    0.000019] Mount-cache hash table entries: 512
[    0.000121] Initializing cgroup subsys cpuacct
[    0.000125] Initializing cgroup subsys memory
[    0.000128] Initializing cgroup subsys devices
[    0.000130] Initializing cgroup subsys freezer
[    0.000158] CPU: Physical Processor ID: 0
[    0.000165] CPU: L1 I cache: 32K, L1 D cache: 32K
[    0.000167] CPU: L2 cache: 256K
[    0.000167] CPU: L3 cache: 4096K
[    0.000173] mce: CPU supports 0 MCE banks
[    0.000185] Performance Events: no PMU driver, software events only.
[    0.000196] Checking 'hlt' instruction... OK.
[    0.017712] SMP alternatives: switching to UP code
[    0.032141] ACPI: Core revision 20090903
[    0.038781] ACPI: setting ELCR to 0200 (from 0e20)
[    0.039777] ftrace: converting mcount calls to 0f 1f 44 00 00
[    0.039783] ftrace: allocating 22631 entries in 45 pages
[    0.056805] CANARY value: b3953be7 for PID: 1
[    0.056834] Not enabling x2apic, Intr-remapping init failed.
[    0.056836] Enabling APIC mode:  Flat.  Using 1 I/O APICs
[    0.056843] SMP mode deactivated.
[    0.056867] SMP disabled
[    0.056921] Brought up 1 CPUs
[    0.056922] Total of 1 processors activated (4789.24 BogoMIPS).
[    0.056926] CPU0 attaching NULL sched-domain.
[    0.056993] devtmpfs: initialized
[    0.057097] sysctl table check failed: /kernel/random/now_input .1.40.7 Unknown sysctl binary path
[    0.057367] Pid: 1, comm: swapper Not tainted 2.6.32.57 #4
[    0.057368] Call Trace:
[    0.057373]  [<c14a8a0e>] ? printk+0x1d/0x1f
[    0.057376]  [<c107b56f>] set_fail+0x4f/0x60
[    0.057378]  [<c107b8b3>] sysctl_check_table+0x333/0x620
[    0.057379]  [<c107b8cc>] sysctl_check_table+0x34c/0x620
[    0.057381]  [<c107b8cc>] sysctl_check_table+0x34c/0x620
[    0.057385]  [<c1746d48>] sysctl_init+0x25/0x29
[    0.057387]  [<c1003042>] do_one_initcall+0x32/0x1a0
[    0.057389]  [<c1746d23>] ? sysctl_init+0x0/0x29
[    0.057392]  [<c17308e7>] kernel_init+0x12d/0x17a
[    0.057393]  [<c17307ba>] ? kernel_init+0x0/0x17a
[    0.057395]  [<c1009b07>] kernel_thread_helper+0x7/0x10
[    0.057397] sysctl table check failed: /kernel/random/now_blocking .1.40.8 Unknown sysctl binary path
[    0.057626] Pid: 1, comm: swapper Not tainted 2.6.32.57 #4
[    0.057627] Call Trace:
[    0.057628]  [<c14a8a0e>] ? printk+0x1d/0x1f
[    0.057630]  [<c107b56f>] set_fail+0x4f/0x60
[    0.057631]  [<c107b8b3>] sysctl_check_table+0x333/0x620
[    0.057633]  [<c107b8cc>] sysctl_check_table+0x34c/0x620
[    0.057635]  [<c107b8cc>] sysctl_check_table+0x34c/0x620
[    0.057637]  [<c1746d48>] sysctl_init+0x25/0x29
[    0.057638]  [<c1003042>] do_one_initcall+0x32/0x1a0
[    0.057640]  [<c1746d23>] ? sysctl_init+0x0/0x29
[    0.057642]  [<c17308e7>] kernel_init+0x12d/0x17a
[    0.057643]  [<c17307ba>] ? kernel_init+0x0/0x17a
[    0.057645]  [<c1009b07>] kernel_thread_helper+0x7/0x10
[    0.057646] sysctl table check failed: /kernel/random/now_nonblocking .1.40.9 Unknown sysctl binary path
[    0.057876] Pid: 1, comm: swapper Not tainted 2.6.32.57 #4
[    0.057877] Call Trace:
[    0.057878]  [<c14a8a0e>] ? printk+0x1d/0x1f
[    0.057880]  [<c107b56f>] set_fail+0x4f/0x60
[    0.057881]  [<c107b8b3>] sysctl_check_table+0x333/0x620
[    0.057883]  [<c107b8cc>] sysctl_check_table+0x34c/0x620
[    0.057885]  [<c107b8cc>] sysctl_check_table+0x34c/0x620
[    0.057887]  [<c1746d48>] sysctl_init+0x25/0x29
[    0.057888]  [<c1003042>] do_one_initcall+0x32/0x1a0
[    0.057890]  [<c1746d23>] ? sysctl_init+0x0/0x29
[    0.057892]  [<c17308e7>] kernel_init+0x12d/0x17a
[    0.057893]  [<c17307ba>] ? kernel_init+0x0/0x17a
[    0.057895]  [<c1009b07>] kernel_thread_helper+0x7/0x10
[    0.057896] sysctl table check failed: /kernel/random/nb_input_bytes .1.40.10 Unknown sysctl binary path
[    0.058126] Pid: 1, comm: swapper Not tainted 2.6.32.57 #4
[    0.058127] Call Trace:
[    0.058128]  [<c14a8a0e>] ? printk+0x1d/0x1f
[    0.058129]  [<c107b56f>] set_fail+0x4f/0x60
[    0.058131]  [<c107b8b3>] sysctl_check_table+0x333/0x620
[    0.058132]  [<c107b8cc>] sysctl_check_table+0x34c/0x620
[    0.058134]  [<c107b8cc>] sysctl_check_table+0x34c/0x620
[    0.058136]  [<c1746d48>] sysctl_init+0x25/0x29
[    0.058138]  [<c1003042>] do_one_initcall+0x32/0x1a0
[    0.058140]  [<c1746d23>] ? sysctl_init+0x0/0x29
[    0.058141]  [<c17308e7>] kernel_init+0x12d/0x17a
[    0.058143]  [<c17307ba>] ? kernel_init+0x0/0x17a
[    0.058144]  [<c1009b07>] kernel_thread_helper+0x7/0x10
[    0.058145] sysctl table check failed: /kernel/random/nb_stir_count .1.40.11 Unknown sysctl binary path
[    0.058403] Pid: 1, comm: swapper Not tainted 2.6.32.57 #4
[    0.058404] Call Trace:
[    0.058405]  [<c14a8a0e>] ? printk+0x1d/0x1f
[    0.058407]  [<c107b56f>] set_fail+0x4f/0x60
[    0.058408]  [<c107b8b3>] sysctl_check_table+0x333/0x620
[    0.058410]  [<c107b8cc>] sysctl_check_table+0x34c/0x620
[    0.058412]  [<c107b8cc>] sysctl_check_table+0x34c/0x620
[    0.058414]  [<c1746d48>] sysctl_init+0x25/0x29
[    0.058415]  [<c1003042>] do_one_initcall+0x32/0x1a0
[    0.058417]  [<c1746d23>] ? sysctl_init+0x0/0x29
[    0.058419]  [<c17308e7>] kernel_init+0x12d/0x17a
[    0.058420]  [<c17307ba>] ? kernel_init+0x0/0x17a
[    0.058422]  [<c1009b07>] kernel_thread_helper+0x7/0x10
[    0.058423] sysctl table check failed: /kernel/random/nb_reentry_count .1.40.12 Unknown sysctl binary path
[    0.058654] Pid: 1, comm: swapper Not tainted 2.6.32.57 #4
[    0.058654] Call Trace:
[    0.058656]  [<c14a8a0e>] ? printk+0x1d/0x1f
[    0.058657]  [<c107b56f>] set_fail+0x4f/0x60
[    0.058659]  [<c107b8b3>] sysctl_check_table+0x333/0x620
[    0.058660]  [<c107b8cc>] sysctl_check_table+0x34c/0x620
[    0.058662]  [<c107b8cc>] sysctl_check_table+0x34c/0x620
[    0.058664]  [<c1746d48>] sysctl_init+0x25/0x29
[    0.058665]  [<c1003042>] do_one_initcall+0x32/0x1a0
[    0.058667]  [<c1746d23>] ? sysctl_init+0x0/0x29
[    0.058669]  [<c17308e7>] kernel_init+0x12d/0x17a
[    0.058670]  [<c17307ba>] ? kernel_init+0x0/0x17a
[    0.058672]  [<c1009b07>] kernel_thread_helper+0x7/0x10
[    0.058781] RANDOM - __seed init called.
[    0.058782] RANDOM - __seed init called.
[    0.058782] RANDOM - __seed init called.
[    0.058784] RANDOM - __random32 called. Change num 1.  Value: 7576a435	efb61e22	b7f78320
[    0.058785] RANDOM - __random32 called. Change num 2.  Value: 6a43543e	fb61e228	6410973
[    0.058786] RANDOM - __random32 called. Change num 3.  Value: 3543e018	b61e228b	12e68928
[    0.058787] RANDOM - __random32 called. Change num 4.  Value: 3e018928	61e228b7	1250ba58
[    0.058789] RANDOM - __random32 called. Change num 5.  Value: 189281e4	1e228b73	74b01aad
[    0.058790] RANDOM - __random32 called. Change num 6.  Value: 281e4915	e228b733	355a2619
[    0.058791] RANDOM - random32 init called.  Value: 281e4915	e228b733	355a2619
[    0.058796] regulator: core version 0.5
[    0.058855] Time: 22:22:50  Date: 05/24/13
[    0.058888] NET: Registered protocol family 16
[    0.058948] EISA bus registered
[    0.059672] ACPI: bus type pci registered
[    0.059761] PCI: MCFG configuration 0: base e0000000 segment 0 buses 0 - 255
[    0.059762] PCI: MCFG area at e0000000 reserved in E820
[    0.059763] PCI: Using MMCONFIG for extended config space
[    0.059764] PCI: Using configuration type 1 for base access
[    0.060246] bio: create slab <bio-0> at 0
[    0.061417] ACPI: EC: Look up EC in DSDT
[    0.097366] ACPI: BIOS _OSI(Linux) query ignored
[    0.102970] ACPI: Interpreter enabled
[    0.102973] ACPI: (supports S0 S1 S4 S5)
[    0.102984] ACPI: Using PIC for interrupt routing
[    0.185458] ACPI: No dock devices found.
[    0.186319] ACPI: PCI Root Bridge [PCI0] (0000:00)
[    0.187917] pci 0000:00:07.1: reg 20 io port: [0x10c0-0x10cf]
[    0.188441] pci 0000:00:07.3: quirk: region 1000-103f claimed by PIIX4 ACPI
[    0.188453] pci 0000:00:07.3: quirk: region 1040-104f claimed by PIIX4 SMB
[    0.189019] pci 0000:00:07.7: reg 10 io port: [0x1080-0x10bf]
[    0.189417] pci 0000:00:07.7: reg 14 64bit mmio: [0xc8000000-0xc8001fff]
[    0.190581] pci 0000:00:0f.0: reg 10 io port: [0x10d0-0x10df]
[    0.190621] pci 0000:00:0f.0: reg 14 32bit mmio pref: [0xd0000000-0xd7ffffff]
[    0.190658] pci 0000:00:0f.0: reg 18 32bit mmio: [0xc8800000-0xc8ffffff]
[    0.190804] pci 0000:00:0f.0: reg 30 32bit mmio pref: [0x000000-0x007fff]
[    0.191354] pci 0000:00:10.0: reg 10 io port: [0x1400-0x14ff]
[    0.191739] pci 0000:00:10.0: reg 14 64bit mmio: [0xc8040000-0xc805ffff]
[    0.192110] pci 0000:00:10.0: reg 1c 64bit mmio: [0xc8020000-0xc803ffff]
[    0.192185] pci 0000:00:10.0: reg 30 32bit mmio pref: [0x000000-0x003fff]
[    0.193557] pci 0000:00:15.0: PME# supported from D0 D3hot D3cold
[    0.193578] pci 0000:00:15.0: PME# disabled
[    0.194433] pci 0000:00:15.1: PME# supported from D0 D3hot D3cold
[    0.194453] pci 0000:00:15.1: PME# disabled
[    0.195310] pci 0000:00:15.2: PME# supported from D0 D3hot D3cold
[    0.195330] pci 0000:00:15.2: PME# disabled
[    0.196179] pci 0000:00:15.3: PME# supported from D0 D3hot D3cold
[    0.196199] pci 0000:00:15.3: PME# disabled
[    0.197027] pci 0000:00:15.4: PME# supported from D0 D3hot D3cold
[    0.197056] pci 0000:00:15.4: PME# disabled
[    0.197853] pci 0000:00:15.5: PME# supported from D0 D3hot D3cold
[    0.197872] pci 0000:00:15.5: PME# disabled
[    0.198695] pci 0000:00:15.6: PME# supported from D0 D3hot D3cold
[    0.198713] pci 0000:00:15.6: PME# disabled
[    0.199535] pci 0000:00:15.7: PME# supported from D0 D3hot D3cold
[    0.199553] pci 0000:00:15.7: PME# disabled
[    0.200409] pci 0000:00:16.0: PME# supported from D0 D3hot D3cold
[    0.200428] pci 0000:00:16.0: PME# disabled
[    0.201243] pci 0000:00:16.1: PME# supported from D0 D3hot D3cold
[    0.201262] pci 0000:00:16.1: PME# disabled
[    0.202132] pci 0000:00:16.2: PME# supported from D0 D3hot D3cold
[    0.202151] pci 0000:00:16.2: PME# disabled
[    0.202949] pci 0000:00:16.3: PME# supported from D0 D3hot D3cold
[    0.202968] pci 0000:00:16.3: PME# disabled
[    0.203800] pci 0000:00:16.4: PME# supported from D0 D3hot D3cold
[    0.203820] pci 0000:00:16.4: PME# disabled
[    0.204640] pci 0000:00:16.5: PME# supported from D0 D3hot D3cold
[    0.204659] pci 0000:00:16.5: PME# disabled
[    0.205506] pci 0000:00:16.6: PME# supported from D0 D3hot D3cold
[    0.205525] pci 0000:00:16.6: PME# disabled
[    0.206347] pci 0000:00:16.7: PME# supported from D0 D3hot D3cold
[    0.206366] pci 0000:00:16.7: PME# disabled
[    0.207190] pci 0000:00:17.0: PME# supported from D0 D3hot D3cold
[    0.207209] pci 0000:00:17.0: PME# disabled
[    0.208033] pci 0000:00:17.1: PME# supported from D0 D3hot D3cold
[    0.208054] pci 0000:00:17.1: PME# disabled
[    0.208883] pci 0000:00:17.2: PME# supported from D0 D3hot D3cold
[    0.208902] pci 0000:00:17.2: PME# disabled
[    0.209733] pci 0000:00:17.3: PME# supported from D0 D3hot D3cold
[    0.209752] pci 0000:00:17.3: PME# disabled
[    0.210573] pci 0000:00:17.4: PME# supported from D0 D3hot D3cold
[    0.210592] pci 0000:00:17.4: PME# disabled
[    0.211413] pci 0000:00:17.5: PME# supported from D0 D3hot D3cold
[    0.211432] pci 0000:00:17.5: PME# disabled
[    0.212275] pci 0000:00:17.6: PME# supported from D0 D3hot D3cold
[    0.212294] pci 0000:00:17.6: PME# disabled
[    0.213118] pci 0000:00:17.7: PME# supported from D0 D3hot D3cold
[    0.213137] pci 0000:00:17.7: PME# disabled
[    0.213933] pci 0000:00:18.0: PME# supported from D0 D3hot D3cold
[    0.213952] pci 0000:00:18.0: PME# disabled
[    0.214844] pci 0000:00:18.1: PME# supported from D0 D3hot D3cold
[    0.214865] pci 0000:00:18.1: PME# disabled
[    0.216108] pci 0000:00:18.2: PME# supported from D0 D3hot D3cold
[    0.216129] pci 0000:00:18.2: PME# disabled
[    0.216984] pci 0000:00:18.3: PME# supported from D0 D3hot D3cold
[    0.217005] pci 0000:00:18.3: PME# disabled
[    0.217859] pci 0000:00:18.4: PME# supported from D0 D3hot D3cold
[    0.217879] pci 0000:00:18.4: PME# disabled
[    0.218758] pci 0000:00:18.5: PME# supported from D0 D3hot D3cold
[    0.218778] pci 0000:00:18.5: PME# disabled
[    0.219653] pci 0000:00:18.6: PME# supported from D0 D3hot D3cold
[    0.219675] pci 0000:00:18.6: PME# disabled
[    0.221008] pci 0000:00:18.7: PME# supported from D0 D3hot D3cold
[    0.221029] pci 0000:00:18.7: PME# disabled
[    0.222128] pci 0000:02:00.0: reg 20 io port: [0x20c0-0x20df]
[    0.222619] pci 0000:02:01.0: reg 10 io port: [0x2000-0x207f]
[    0.222836] pci 0000:02:01.0: reg 30 32bit mmio pref: [0x000000-0x00ffff]
[    0.223391] pci 0000:02:02.0: reg 10 io port: [0x2080-0x20bf]
[    0.223991] pci 0000:02:03.0: reg 10 32bit mmio: [0xc9000000-0xc9000fff]
[    0.224549] pci 0000:00:11.0: transparent bridge
[    0.224570] pci 0000:00:11.0: bridge io port: [0x2000-0x3fff]
[    0.224590] pci 0000:00:11.0: bridge 32bit mmio: [0xc9000000-0xca3fffff]
[    0.224629] pci 0000:00:11.0: bridge 64bit mmio pref: [0xd8400000-0xd89fffff]
[    0.225014] pci 0000:00:15.0: bridge io port: [0x4000-0x4fff]
[    0.225034] pci 0000:00:15.0: bridge 32bit mmio: [0xca400000-0xca4fffff]
[    0.225070] pci 0000:00:15.0: bridge 64bit mmio pref: [0xd8a00000-0xd8afffff]
[    0.225408] pci 0000:00:15.1: bridge io port: [0x8000-0x8fff]
[    0.225426] pci 0000:00:15.1: bridge 32bit mmio: [0xca800000-0xca8fffff]
[    0.225462] pci 0000:00:15.1: bridge 64bit mmio pref: [0xd8e00000-0xd8efffff]
[    0.225795] pci 0000:00:15.2: bridge io port: [0xc000-0xcfff]
[    0.225813] pci 0000:00:15.2: bridge 32bit mmio: [0xcac00000-0xcacfffff]
[    0.225849] pci 0000:00:15.2: bridge 64bit mmio pref: [0xd9200000-0xd92fffff]
[    0.226224] pci 0000:00:15.3: bridge 32bit mmio: [0xcb000000-0xcb0fffff]
[    0.226260] pci 0000:00:15.3: bridge 64bit mmio pref: [0xd9600000-0xd96fffff]
[    0.226609] pci 0000:00:15.4: bridge 32bit mmio: [0xcb400000-0xcb4fffff]
[    0.226645] pci 0000:00:15.4: bridge 64bit mmio pref: [0xd9a00000-0xd9afffff]
[    0.227018] pci 0000:00:15.5: bridge 32bit mmio: [0xcb800000-0xcb8fffff]
[    0.227057] pci 0000:00:15.5: bridge 64bit mmio pref: [0xd9e00000-0xd9efffff]
[    0.227419] pci 0000:00:15.6: bridge 32bit mmio: [0xcbc00000-0xcbcfffff]
[    0.227455] pci 0000:00:15.6: bridge 64bit mmio pref: [0xda200000-0xda2fffff]
[    0.227816] pci 0000:00:15.7: bridge 32bit mmio: [0xcc000000-0xcc0fffff]
[    0.227852] pci 0000:00:15.7: bridge 64bit mmio pref: [0xda600000-0xda6fffff]
[    0.228224] pci 0000:00:16.0: bridge io port: [0x5000-0x5fff]
[    0.228242] pci 0000:00:16.0: bridge 32bit mmio: [0xca500000-0xca5fffff]
[    0.228278] pci 0000:00:16.0: bridge 64bit mmio pref: [0xd8b00000-0xd8bfffff]
[    0.228612] pci 0000:00:16.1: bridge io port: [0x9000-0x9fff]
[    0.228631] pci 0000:00:16.1: bridge 32bit mmio: [0xca900000-0xca9fffff]
[    0.228666] pci 0000:00:16.1: bridge 64bit mmio pref: [0xd8f00000-0xd8ffffff]
[    0.229020] pci 0000:00:16.2: bridge io port: [0xd000-0xdfff]
[    0.229039] pci 0000:00:16.2: bridge 32bit mmio: [0xcad00000-0xcadfffff]
[    0.229074] pci 0000:00:16.2: bridge 64bit mmio pref: [0xd9300000-0xd93fffff]
[    0.229425] pci 0000:00:16.3: bridge 32bit mmio: [0xcb100000-0xcb1fffff]
[    0.229460] pci 0000:00:16.3: bridge 64bit mmio pref: [0xd9700000-0xd97fffff]
[    0.229810] pci 0000:00:16.4: bridge 32bit mmio: [0xcb500000-0xcb5fffff]
[    0.229845] pci 0000:00:16.4: bridge 64bit mmio pref: [0xd9b00000-0xd9bfffff]
[    0.230221] pci 0000:00:16.5: bridge 32bit mmio: [0xcb900000-0xcb9fffff]
[    0.230257] pci 0000:00:16.5: bridge 64bit mmio pref: [0xd9f00000-0xd9ffffff]
[    0.230607] pci 0000:00:16.6: bridge 32bit mmio: [0xcbd00000-0xcbdfffff]
[    0.230643] pci 0000:00:16.6: bridge 64bit mmio pref: [0xda300000-0xda3fffff]
[    0.231012] pci 0000:00:16.7: bridge 32bit mmio: [0xcc100000-0xcc1fffff]
[    0.231047] pci 0000:00:16.7: bridge 64bit mmio pref: [0xda700000-0xda7fffff]
[    0.231380] pci 0000:00:17.0: bridge io port: [0x6000-0x6fff]
[    0.231399] pci 0000:00:17.0: bridge 32bit mmio: [0xca600000-0xca6fffff]
[    0.231434] pci 0000:00:17.0: bridge 64bit mmio pref: [0xd8c00000-0xd8cfffff]
[    0.231775] pci 0000:00:17.1: bridge io port: [0xa000-0xafff]
[    0.231794] pci 0000:00:17.1: bridge 32bit mmio: [0xcaa00000-0xcaafffff]
[    0.231829] pci 0000:00:17.1: bridge 64bit mmio pref: [0xd9000000-0xd90fffff]
[    0.232190] pci 0000:00:17.2: bridge io port: [0xe000-0xefff]
[    0.232209] pci 0000:00:17.2: bridge 32bit mmio: [0xcae00000-0xcaefffff]
[    0.232244] pci 0000:00:17.2: bridge 64bit mmio pref: [0xd9400000-0xd94fffff]
[    0.232595] pci 0000:00:17.3: bridge 32bit mmio: [0xcb200000-0xcb2fffff]
[    0.232631] pci 0000:00:17.3: bridge 64bit mmio pref: [0xd9800000-0xd98fffff]
[    0.233011] pci 0000:00:17.4: bridge 32bit mmio: [0xcb600000-0xcb6fffff]
[    0.233047] pci 0000:00:17.4: bridge 64bit mmio pref: [0xd9c00000-0xd9cfffff]
[    0.233398] pci 0000:00:17.5: bridge 32bit mmio: [0xcba00000-0xcbafffff]
[    0.233433] pci 0000:00:17.5: bridge 64bit mmio pref: [0xda000000-0xda0fffff]
[    0.233783] pci 0000:00:17.6: bridge 32bit mmio: [0xcbe00000-0xcbefffff]
[    0.233819] pci 0000:00:17.6: bridge 64bit mmio pref: [0xda400000-0xda4fffff]
[    0.234196] pci 0000:00:17.7: bridge 32bit mmio: [0xcc200000-0xcc2fffff]
[    0.234231] pci 0000:00:17.7: bridge 64bit mmio pref: [0xda800000-0xda8fffff]
[    0.234564] pci 0000:00:18.0: bridge io port: [0x7000-0x7fff]
[    0.234583] pci 0000:00:18.0: bridge 32bit mmio: [0xca700000-0xca7fffff]
[    0.234618] pci 0000:00:18.0: bridge 64bit mmio pref: [0xd8d00000-0xd8dfffff]
[    0.234963] pci 0000:00:18.1: bridge io port: [0xb000-0xbfff]
[    0.234996] pci 0000:00:18.1: bridge 32bit mmio: [0xcab00000-0xcabfffff]
[    0.235039] pci 0000:00:18.1: bridge 64bit mmio pref: [0xd9100000-0xd91fffff]
[    0.235403] pci 0000:00:18.2: bridge io port: [0xf000-0xffff]
[    0.235423] pci 0000:00:18.2: bridge 32bit mmio: [0xcaf00000-0xcaffffff]
[    0.235461] pci 0000:00:18.2: bridge 64bit mmio pref: [0xd9500000-0xd95fffff]
[    0.235851] pci 0000:00:18.3: bridge 32bit mmio: [0xcb300000-0xcb3fffff]
[    0.235890] pci 0000:00:18.3: bridge 64bit mmio pref: [0xd9900000-0xd99fffff]
[    0.236279] pci 0000:00:18.4: bridge 32bit mmio: [0xcb700000-0xcb7fffff]
[    0.236318] pci 0000:00:18.4: bridge 64bit mmio pref: [0xd9d00000-0xd9dfffff]
[    0.236694] pci 0000:00:18.5: bridge 32bit mmio: [0xcbb00000-0xcbbfffff]
[    0.236732] pci 0000:00:18.5: bridge 64bit mmio pref: [0xda100000-0xda1fffff]
[    0.237150] pci 0000:00:18.6: bridge 32bit mmio: [0xcbf00000-0xcbffffff]
[    0.237188] pci 0000:00:18.6: bridge 64bit mmio pref: [0xda500000-0xda5fffff]
[    0.237566] pci 0000:00:18.7: bridge 32bit mmio: [0xcc300000-0xcc3fffff]
[    0.237604] pci 0000:00:18.7: bridge 64bit mmio pref: [0xda900000-0xda9fffff]
[    0.239098] pci_bus 0000:00: on NUMA node 0
[    0.239106] ACPI: PCI Interrupt Routing Table [\_SB_.PCI0._PRT]
[    0.457012] ACPI: PCI Interrupt Link [LNKA] (IRQs 3 4 5 6 7 *9 10 11 14 15)
[    0.457157] ACPI: PCI Interrupt Link [LNKB] (IRQs 3 4 5 6 7 9 10 *11 14 15)
[    0.457297] ACPI: PCI Interrupt Link [LNKC] (IRQs 3 4 5 6 7 9 *10 11 14 15)
[    0.457437] ACPI: PCI Interrupt Link [LNKD] (IRQs 3 4 *5 6 7 9 10 11 14 15)
[    0.457564] vgaarb: device added: PCI:0000:00:0f.0,decodes=io+mem,owns=io+mem,locks=none
[    0.457573] vgaarb: loaded
[    0.457688] SCSI subsystem initialized
[    0.457730] libata version 3.00 loaded.
[    0.457767] usbcore: registered new interface driver usbfs
[    0.457778] usbcore: registered new interface driver hub
[    0.457793] usbcore: registered new device driver usb
[    0.457856] PCI: Using ACPI for IRQ routing
[    0.458764] NetLabel: Initializing
[    0.458765] NetLabel:  domain hash size = 128
[    0.458766] NetLabel:  protocols = UNLABELED CIPSOv4
[    0.458772] NetLabel:  unlabeled traffic allowed by default
[    0.458803] hpet0: at MMIO 0xfed00000, IRQs 2, 8, 0, 0, 0, 0, 0, 0, 0, 0, 0, 0, 0, 0, 0, 0
[    0.458809] hpet0: 16 comparators, 64-bit 14.318180 MHz counter
[    0.460833] Switching to clocksource tsc
[    0.467603] pnp: PnP ACPI init
[    0.467622] ACPI: bus type pnp registered
[    0.513899] pnp: PnP ACPI: found 14 devices
[    0.513902] ACPI: ACPI bus type pnp unregistered
[    0.513905] PnPBIOS: Disabled by ACPI PNP
[    0.513918] system 00:01: ioport range 0x1000-0x103f has been reserved
[    0.513920] system 00:01: ioport range 0x1040-0x104f has been reserved
[    0.513921] system 00:01: ioport range 0xcf0-0xcf1 has been reserved
[    0.513929] system 00:08: iomem range 0xfed00000-0xfed003ff has been reserved
[    0.513933] system 00:0d: ioport range 0x1060-0x107f has been reserved
[    0.513935] system 00:0d: iomem range 0xe0000000-0xefffffff has been reserved
[    0.513936] system 00:0d: iomem range 0xc8200000-0xc83fffff has been reserved
[    0.548841] pci 0000:00:15.3: BAR 13: can't allocate I/O resource [0x10000-0xffff]
[    0.548848] pci 0000:00:15.4: BAR 13: can't allocate I/O resource [0x10000-0xffff]
[    0.548853] pci 0000:00:15.5: BAR 13: can't allocate I/O resource [0x10000-0xffff]
[    0.548858] pci 0000:00:15.6: BAR 13: can't allocate I/O resource [0x10000-0xffff]
[    0.548861] pci 0000:00:15.7: BAR 13: can't allocate I/O resource [0x10000-0xffff]
[    0.548864] pci 0000:00:16.3: BAR 13: can't allocate I/O resource [0x10000-0xffff]
[    0.548868] pci 0000:00:16.4: BAR 13: can't allocate I/O resource [0x10000-0xffff]
[    0.548872] pci 0000:00:16.5: BAR 13: can't allocate I/O resource [0x10000-0xffff]
[    0.548877] pci 0000:00:16.6: BAR 13: can't allocate I/O resource [0x10000-0xffff]
[    0.548881] pci 0000:00:16.7: BAR 13: can't allocate I/O resource [0x10000-0xffff]
[    0.548886] pci 0000:00:17.3: BAR 13: can't allocate I/O resource [0x10000-0xffff]
[    0.548889] pci 0000:00:17.4: BAR 13: can't allocate I/O resource [0x10000-0xffff]
[    0.548892] pci 0000:00:17.5: BAR 13: can't allocate I/O resource [0x10000-0xffff]
[    0.548895] pci 0000:00:17.6: BAR 13: can't allocate I/O resource [0x10000-0xffff]
[    0.548899] pci 0000:00:17.7: BAR 13: can't allocate I/O resource [0x10000-0xffff]
[    0.548904] pci 0000:00:18.3: BAR 13: can't allocate I/O resource [0x10000-0xffff]
[    0.548908] pci 0000:00:18.4: BAR 13: can't allocate I/O resource [0x10000-0xffff]
[    0.548912] pci 0000:00:18.5: BAR 13: can't allocate I/O resource [0x10000-0xffff]
[    0.548916] pci 0000:00:18.6: BAR 13: can't allocate I/O resource [0x10000-0xffff]
[    0.548919] pci 0000:00:18.7: BAR 13: can't allocate I/O resource [0x10000-0xffff]
[    0.548921] pci 0000:00:01.0: PCI bridge, secondary bus 0000:01
[    0.548923] pci 0000:00:01.0:   IO window: disabled
[    0.548960] pci 0000:00:01.0:   MEM window: disabled
[    0.548984] pci 0000:00:01.0:   PREFETCH window: disabled
[    0.549047] pci 0000:00:11.0: PCI bridge, secondary bus 0000:02
[    0.549063] pci 0000:00:11.0:   IO window: 0x2000-0x3fff
[    0.549098] pci 0000:00:11.0:   MEM window: 0xc9000000-0xca3fffff
[    0.549123] pci 0000:00:11.0:   PREFETCH window: 0x000000d8400000-0x000000d89fffff
[    0.549170] pci 0000:00:15.0: PCI bridge, secondary bus 0000:03
[    0.549184] pci 0000:00:15.0:   IO window: 0x4000-0x4fff
[    0.549219] pci 0000:00:15.0:   MEM window: 0xca400000-0xca4fffff
[    0.549245] pci 0000:00:15.0:   PREFETCH window: 0x000000d8a00000-0x000000d8afffff
[    0.549305] pci 0000:00:15.1: PCI bridge, secondary bus 0000:04
[    0.549318] pci 0000:00:15.1:   IO window: 0x8000-0x8fff
[    0.549354] pci 0000:00:15.1:   MEM window: 0xca800000-0xca8fffff
[    0.549379] pci 0000:00:15.1:   PREFETCH window: 0x000000d8e00000-0x000000d8efffff
[    0.549431] pci 0000:00:15.2: PCI bridge, secondary bus 0000:05
[    0.549460] pci 0000:00:15.2:   IO window: 0xc000-0xcfff
[    0.549498] pci 0000:00:15.2:   MEM window: 0xcac00000-0xcacfffff
[    0.549523] pci 0000:00:15.2:   PREFETCH window: 0x000000d9200000-0x000000d92fffff
[    0.549577] pci 0000:00:15.3: PCI bridge, secondary bus 0000:06
[    0.549578] pci 0000:00:15.3:   IO window: disabled
[    0.549615] pci 0000:00:15.3:   MEM window: 0xcb000000-0xcb0fffff
[    0.549640] pci 0000:00:15.3:   PREFETCH window: 0x000000d9600000-0x000000d96fffff
[    0.549692] pci 0000:00:15.4: PCI bridge, secondary bus 0000:07
[    0.549694] pci 0000:00:15.4:   IO window: disabled
[    0.549729] pci 0000:00:15.4:   MEM window: 0xcb400000-0xcb4fffff
[    0.549754] pci 0000:00:15.4:   PREFETCH window: 0x000000d9a00000-0x000000d9afffff
[    0.549807] pci 0000:00:15.5: PCI bridge, secondary bus 0000:08
[    0.549809] pci 0000:00:15.5:   IO window: disabled
[    0.549844] pci 0000:00:15.5:   MEM window: 0xcb800000-0xcb8fffff
[    0.549869] pci 0000:00:15.5:   PREFETCH window: 0x000000d9e00000-0x000000d9efffff
[    0.549920] pci 0000:00:15.6: PCI bridge, secondary bus 0000:09
[    0.549923] pci 0000:00:15.6:   IO window: disabled
[    0.549958] pci 0000:00:15.6:   MEM window: 0xcbc00000-0xcbcfffff
[    0.549981] pci 0000:00:15.6:   PREFETCH window: 0x000000da200000-0x000000da2fffff
[    0.550033] pci 0000:00:15.7: PCI bridge, secondary bus 0000:0a
[    0.550035] pci 0000:00:15.7:   IO window: disabled
[    0.550071] pci 0000:00:15.7:   MEM window: 0xcc000000-0xcc0fffff
[    0.550095] pci 0000:00:15.7:   PREFETCH window: 0x000000da600000-0x000000da6fffff
[    0.550147] pci 0000:00:16.0: PCI bridge, secondary bus 0000:0b
[    0.550163] pci 0000:00:16.0:   IO window: 0x5000-0x5fff
[    0.550198] pci 0000:00:16.0:   MEM window: 0xca500000-0xca5fffff
[    0.550222] pci 0000:00:16.0:   PREFETCH window: 0x000000d8b00000-0x000000d8bfffff
[    0.550274] pci 0000:00:16.1: PCI bridge, secondary bus 0000:0c
[    0.550288] pci 0000:00:16.1:   IO window: 0x9000-0x9fff
[    0.550323] pci 0000:00:16.1:   MEM window: 0xca900000-0xca9fffff
[    0.550348] pci 0000:00:16.1:   PREFETCH window: 0x000000d8f00000-0x000000d8ffffff
[    0.550401] pci 0000:00:16.2: PCI bridge, secondary bus 0000:0d
[    0.550414] pci 0000:00:16.2:   IO window: 0xd000-0xdfff
[    0.550459] pci 0000:00:16.2:   MEM window: 0xcad00000-0xcadfffff
[    0.550483] pci 0000:00:16.2:   PREFETCH window: 0x000000d9300000-0x000000d93fffff
[    0.550530] pci 0000:00:16.3: PCI bridge, secondary bus 0000:0e
[    0.550532] pci 0000:00:16.3:   IO window: disabled
[    0.550562] pci 0000:00:16.3:   MEM window: 0xcb100000-0xcb1fffff
[    0.550583] pci 0000:00:16.3:   PREFETCH window: 0x000000d9700000-0x000000d97fffff
[    0.550626] pci 0000:00:16.4: PCI bridge, secondary bus 0000:0f
[    0.550627] pci 0000:00:16.4:   IO window: disabled
[    0.550657] pci 0000:00:16.4:   MEM window: 0xcb500000-0xcb5fffff
[    0.550678] pci 0000:00:16.4:   PREFETCH window: 0x000000d9b00000-0x000000d9bfffff
[    0.550720] pci 0000:00:16.5: PCI bridge, secondary bus 0000:10
[    0.550722] pci 0000:00:16.5:   IO window: disabled
[    0.550751] pci 0000:00:16.5:   MEM window: 0xcb900000-0xcb9fffff
[    0.550772] pci 0000:00:16.5:   PREFETCH window: 0x000000d9f00000-0x000000d9ffffff
[    0.550814] pci 0000:00:16.6: PCI bridge, secondary bus 0000:11
[    0.550816] pci 0000:00:16.6:   IO window: disabled
[    0.550846] pci 0000:00:16.6:   MEM window: 0xcbd00000-0xcbdfffff
[    0.550866] pci 0000:00:16.6:   PREFETCH window: 0x000000da300000-0x000000da3fffff
[    0.550909] pci 0000:00:16.7: PCI bridge, secondary bus 0000:12
[    0.550910] pci 0000:00:16.7:   IO window: disabled
[    0.550940] pci 0000:00:16.7:   MEM window: 0xcc100000-0xcc1fffff
[    0.550960] pci 0000:00:16.7:   PREFETCH window: 0x000000da700000-0x000000da7fffff
[    0.551003] pci 0000:00:17.0: PCI bridge, secondary bus 0000:13
[    0.551015] pci 0000:00:17.0:   IO window: 0x6000-0x6fff
[    0.551045] pci 0000:00:17.0:   MEM window: 0xca600000-0xca6fffff
[    0.551065] pci 0000:00:17.0:   PREFETCH window: 0x000000d8c00000-0x000000d8cfffff
[    0.551107] pci 0000:00:17.1: PCI bridge, secondary bus 0000:14
[    0.551119] pci 0000:00:17.1:   IO window: 0xa000-0xafff
[    0.551149] pci 0000:00:17.1:   MEM window: 0xcaa00000-0xcaafffff
[    0.551169] pci 0000:00:17.1:   PREFETCH window: 0x000000d9000000-0x000000d90fffff
[    0.551212] pci 0000:00:17.2: PCI bridge, secondary bus 0000:15
[    0.551223] pci 0000:00:17.2:   IO window: 0xe000-0xefff
[    0.551253] pci 0000:00:17.2:   MEM window: 0xcae00000-0xcaefffff
[    0.551273] pci 0000:00:17.2:   PREFETCH window: 0x000000d9400000-0x000000d94fffff
[    0.551316] pci 0000:00:17.3: PCI bridge, secondary bus 0000:16
[    0.551317] pci 0000:00:17.3:   IO window: disabled
[    0.551347] pci 0000:00:17.3:   MEM window: 0xcb200000-0xcb2fffff
[    0.551367] pci 0000:00:17.3:   PREFETCH window: 0x000000d9800000-0x000000d98fffff
[    0.551410] pci 0000:00:17.4: PCI bridge, secondary bus 0000:17
[    0.551411] pci 0000:00:17.4:   IO window: disabled
[    0.551449] pci 0000:00:17.4:   MEM window: 0xcb600000-0xcb6fffff
[    0.551470] pci 0000:00:17.4:   PREFETCH window: 0x000000d9c00000-0x000000d9cfffff
[    0.551512] pci 0000:00:17.5: PCI bridge, secondary bus 0000:18
[    0.551514] pci 0000:00:17.5:   IO window: disabled
[    0.551543] pci 0000:00:17.5:   MEM window: 0xcba00000-0xcbafffff
[    0.551564] pci 0000:00:17.5:   PREFETCH window: 0x000000da000000-0x000000da0fffff
[    0.551606] pci 0000:00:17.6: PCI bridge, secondary bus 0000:19
[    0.551608] pci 0000:00:17.6:   IO window: disabled
[    0.551637] pci 0000:00:17.6:   MEM window: 0xcbe00000-0xcbefffff
[    0.551658] pci 0000:00:17.6:   PREFETCH window: 0x000000da400000-0x000000da4fffff
[    0.551700] pci 0000:00:17.7: PCI bridge, secondary bus 0000:1a
[    0.551702] pci 0000:00:17.7:   IO window: disabled
[    0.551731] pci 0000:00:17.7:   MEM window: 0xcc200000-0xcc2fffff
[    0.551752] pci 0000:00:17.7:   PREFETCH window: 0x000000da800000-0x000000da8fffff
[    0.551794] pci 0000:00:18.0: PCI bridge, secondary bus 0000:1b
[    0.551806] pci 0000:00:18.0:   IO window: 0x7000-0x7fff
[    0.551836] pci 0000:00:18.0:   MEM window: 0xca700000-0xca7fffff
[    0.551856] pci 0000:00:18.0:   PREFETCH window: 0x000000d8d00000-0x000000d8dfffff
[    0.551899] pci 0000:00:18.1: PCI bridge, secondary bus 0000:1c
[    0.551910] pci 0000:00:18.1:   IO window: 0xb000-0xbfff
[    0.551940] pci 0000:00:18.1:   MEM window: 0xcab00000-0xcabfffff
[    0.551961] pci 0000:00:18.1:   PREFETCH window: 0x000000d9100000-0x000000d91fffff
[    0.552003] pci 0000:00:18.2: PCI bridge, secondary bus 0000:1d
[    0.552014] pci 0000:00:18.2:   IO window: 0xf000-0xffff
[    0.552044] pci 0000:00:18.2:   MEM window: 0xcaf00000-0xcaffffff
[    0.552064] pci 0000:00:18.2:   PREFETCH window: 0x000000d9500000-0x000000d95fffff
[    0.552107] pci 0000:00:18.3: PCI bridge, secondary bus 0000:1e
[    0.552108] pci 0000:00:18.3:   IO window: disabled
[    0.552138] pci 0000:00:18.3:   MEM window: 0xcb300000-0xcb3fffff
[    0.552158] pci 0000:00:18.3:   PREFETCH window: 0x000000d9900000-0x000000d99fffff
[    0.552201] pci 0000:00:18.4: PCI bridge, secondary bus 0000:1f
[    0.552202] pci 0000:00:18.4:   IO window: disabled
[    0.552232] pci 0000:00:18.4:   MEM window: 0xcb700000-0xcb7fffff
[    0.552252] pci 0000:00:18.4:   PREFETCH window: 0x000000d9d00000-0x000000d9dfffff
[    0.552294] pci 0000:00:18.5: PCI bridge, secondary bus 0000:20
[    0.552296] pci 0000:00:18.5:   IO window: disabled
[    0.552326] pci 0000:00:18.5:   MEM window: 0xcbb00000-0xcbbfffff
[    0.552346] pci 0000:00:18.5:   PREFETCH window: 0x000000da100000-0x000000da1fffff
[    0.552388] pci 0000:00:18.6: PCI bridge, secondary bus 0000:21
[    0.552390] pci 0000:00:18.6:   IO window: disabled
[    0.552419] pci 0000:00:18.6:   MEM window: 0xcbf00000-0xcbffffff
[    0.552448] pci 0000:00:18.6:   PREFETCH window: 0x000000da500000-0x000000da5fffff
[    0.552490] pci 0000:00:18.7: PCI bridge, secondary bus 0000:22
[    0.552492] pci 0000:00:18.7:   IO window: disabled
[    0.552522] pci 0000:00:18.7:   MEM window: 0xcc300000-0xcc3fffff
[    0.552542] pci 0000:00:18.7:   PREFETCH window: 0x000000da900000-0x000000da9fffff
[    0.552605] pci 0000:00:01.0: setting latency timer to 64
[    0.552668] pci 0000:00:15.0: setting latency timer to 64
[    0.552743] pci 0000:00:15.1: setting latency timer to 64
[    0.552806] pci 0000:00:15.2: setting latency timer to 64
[    0.552869] pci 0000:00:15.3: setting latency timer to 64
[    0.552932] pci 0000:00:15.4: setting latency timer to 64
[    0.552995] pci 0000:00:15.5: setting latency timer to 64
[    0.553058] pci 0000:00:15.6: setting latency timer to 64
[    0.553121] pci 0000:00:15.7: setting latency timer to 64
[    0.553184] pci 0000:00:16.0: setting latency timer to 64
[    0.553247] pci 0000:00:16.1: setting latency timer to 64
[    0.553310] pci 0000:00:16.2: setting latency timer to 64
[    0.553373] pci 0000:00:16.3: setting latency timer to 64
[    0.553436] pci 0000:00:16.4: setting latency timer to 64
[    0.553499] pci 0000:00:16.5: setting latency timer to 64
[    0.553562] pci 0000:00:16.6: setting latency timer to 64
[    0.553625] pci 0000:00:16.7: setting latency timer to 64
[    0.553688] pci 0000:00:17.0: setting latency timer to 64
[    0.553751] pci 0000:00:17.1: setting latency timer to 64
[    0.553814] pci 0000:00:17.2: setting latency timer to 64
[    0.553878] pci 0000:00:17.3: setting latency timer to 64
[    0.553941] pci 0000:00:17.4: setting latency timer to 64
[    0.554004] pci 0000:00:17.5: setting latency timer to 64
[    0.554067] pci 0000:00:17.6: setting latency timer to 64
[    0.554130] pci 0000:00:17.7: setting latency timer to 64
[    0.554193] pci 0000:00:18.0: setting latency timer to 64
[    0.554256] pci 0000:00:18.1: setting latency timer to 64
[    0.554319] pci 0000:00:18.2: setting latency timer to 64
[    0.554382] pci 0000:00:18.3: setting latency timer to 64
[    0.554445] pci 0000:00:18.4: setting latency timer to 64
[    0.554508] pci 0000:00:18.5: setting latency timer to 64
[    0.554571] pci 0000:00:18.6: setting latency timer to 64
[    0.554634] pci 0000:00:18.7: setting latency timer to 64
[    0.554646] pci_bus 0000:00: resource 0 io:  [0x00-0xffff]
[    0.554649] pci_bus 0000:00: resource 1 mem: [0x000000-0xffffffffffffffff]
[    0.554651] pci_bus 0000:02: resource 0 io:  [0x2000-0x3fff]
[    0.554653] pci_bus 0000:02: resource 1 mem: [0xc9000000-0xca3fffff]
[    0.554655] pci_bus 0000:02: resource 2 pref mem [0xd8400000-0xd89fffff]
[    0.554657] pci_bus 0000:02: resource 3 io:  [0x00-0xffff]
[    0.554659] pci_bus 0000:02: resource 4 mem: [0x000000-0xffffffffffffffff]
[    0.554661] pci_bus 0000:03: resource 0 io:  [0x4000-0x4fff]
[    0.554663] pci_bus 0000:03: resource 1 mem: [0xca400000-0xca4fffff]
[    0.554665] pci_bus 0000:03: resource 2 pref mem [0xd8a00000-0xd8afffff]
[    0.554667] pci_bus 0000:04: resource 0 io:  [0x8000-0x8fff]
[    0.554669] pci_bus 0000:04: resource 1 mem: [0xca800000-0xca8fffff]
[    0.554671] pci_bus 0000:04: resource 2 pref mem [0xd8e00000-0xd8efffff]
[    0.554673] pci_bus 0000:05: resource 0 io:  [0xc000-0xcfff]
[    0.554675] pci_bus 0000:05: resource 1 mem: [0xcac00000-0xcacfffff]
[    0.554677] pci_bus 0000:05: resource 2 pref mem [0xd9200000-0xd92fffff]
[    0.554679] pci_bus 0000:06: resource 1 mem: [0xcb000000-0xcb0fffff]
[    0.554681] pci_bus 0000:06: resource 2 pref mem [0xd9600000-0xd96fffff]
[    0.554683] pci_bus 0000:07: resource 1 mem: [0xcb400000-0xcb4fffff]
[    0.554684] pci_bus 0000:07: resource 2 pref mem [0xd9a00000-0xd9afffff]
[    0.554686] pci_bus 0000:08: resource 1 mem: [0xcb800000-0xcb8fffff]
[    0.554688] pci_bus 0000:08: resource 2 pref mem [0xd9e00000-0xd9efffff]
[    0.554690] pci_bus 0000:09: resource 1 mem: [0xcbc00000-0xcbcfffff]
[    0.554692] pci_bus 0000:09: resource 2 pref mem [0xda200000-0xda2fffff]
[    0.554694] pci_bus 0000:0a: resource 1 mem: [0xcc000000-0xcc0fffff]
[    0.554696] pci_bus 0000:0a: resource 2 pref mem [0xda600000-0xda6fffff]
[    0.554698] pci_bus 0000:0b: resource 0 io:  [0x5000-0x5fff]
[    0.554700] pci_bus 0000:0b: resource 1 mem: [0xca500000-0xca5fffff]
[    0.554702] pci_bus 0000:0b: resource 2 pref mem [0xd8b00000-0xd8bfffff]
[    0.554704] pci_bus 0000:0c: resource 0 io:  [0x9000-0x9fff]
[    0.554706] pci_bus 0000:0c: resource 1 mem: [0xca900000-0xca9fffff]
[    0.554707] pci_bus 0000:0c: resource 2 pref mem [0xd8f00000-0xd8ffffff]
[    0.554709] pci_bus 0000:0d: resource 0 io:  [0xd000-0xdfff]
[    0.554711] pci_bus 0000:0d: resource 1 mem: [0xcad00000-0xcadfffff]
[    0.554713] pci_bus 0000:0d: resource 2 pref mem [0xd9300000-0xd93fffff]
[    0.554715] pci_bus 0000:0e: resource 1 mem: [0xcb100000-0xcb1fffff]
[    0.554717] pci_bus 0000:0e: resource 2 pref mem [0xd9700000-0xd97fffff]
[    0.554719] pci_bus 0000:0f: resource 1 mem: [0xcb500000-0xcb5fffff]
[    0.554721] pci_bus 0000:0f: resource 2 pref mem [0xd9b00000-0xd9bfffff]
[    0.554723] pci_bus 0000:10: resource 1 mem: [0xcb900000-0xcb9fffff]
[    0.554725] pci_bus 0000:10: resource 2 pref mem [0xd9f00000-0xd9ffffff]
[    0.554727] pci_bus 0000:11: resource 1 mem: [0xcbd00000-0xcbdfffff]
[    0.554729] pci_bus 0000:11: resource 2 pref mem [0xda300000-0xda3fffff]
[    0.554731] pci_bus 0000:12: resource 1 mem: [0xcc100000-0xcc1fffff]
[    0.554733] pci_bus 0000:12: resource 2 pref mem [0xda700000-0xda7fffff]
[    0.554735] pci_bus 0000:13: resource 0 io:  [0x6000-0x6fff]
[    0.554737] pci_bus 0000:13: resource 1 mem: [0xca600000-0xca6fffff]
[    0.554738] pci_bus 0000:13: resource 2 pref mem [0xd8c00000-0xd8cfffff]
[    0.554740] pci_bus 0000:14: resource 0 io:  [0xa000-0xafff]
[    0.554742] pci_bus 0000:14: resource 1 mem: [0xcaa00000-0xcaafffff]
[    0.554744] pci_bus 0000:14: resource 2 pref mem [0xd9000000-0xd90fffff]
[    0.554746] pci_bus 0000:15: resource 0 io:  [0xe000-0xefff]
[    0.554748] pci_bus 0000:15: resource 1 mem: [0xcae00000-0xcaefffff]
[    0.554750] pci_bus 0000:15: resource 2 pref mem [0xd9400000-0xd94fffff]
[    0.554752] pci_bus 0000:16: resource 1 mem: [0xcb200000-0xcb2fffff]
[    0.554754] pci_bus 0000:16: resource 2 pref mem [0xd9800000-0xd98fffff]
[    0.554756] pci_bus 0000:17: resource 1 mem: [0xcb600000-0xcb6fffff]
[    0.554758] pci_bus 0000:17: resource 2 pref mem [0xd9c00000-0xd9cfffff]
[    0.554760] pci_bus 0000:18: resource 1 mem: [0xcba00000-0xcbafffff]
[    0.554762] pci_bus 0000:18: resource 2 pref mem [0xda000000-0xda0fffff]
[    0.554764] pci_bus 0000:19: resource 1 mem: [0xcbe00000-0xcbefffff]
[    0.554765] pci_bus 0000:19: resource 2 pref mem [0xda400000-0xda4fffff]
[    0.554767] pci_bus 0000:1a: resource 1 mem: [0xcc200000-0xcc2fffff]
[    0.554769] pci_bus 0000:1a: resource 2 pref mem [0xda800000-0xda8fffff]
[    0.554771] pci_bus 0000:1b: resource 0 io:  [0x7000-0x7fff]
[    0.554773] pci_bus 0000:1b: resource 1 mem: [0xca700000-0xca7fffff]
[    0.554775] pci_bus 0000:1b: resource 2 pref mem [0xd8d00000-0xd8dfffff]
[    0.554777] pci_bus 0000:1c: resource 0 io:  [0xb000-0xbfff]
[    0.554779] pci_bus 0000:1c: resource 1 mem: [0xcab00000-0xcabfffff]
[    0.554781] pci_bus 0000:1c: resource 2 pref mem [0xd9100000-0xd91fffff]
[    0.554783] pci_bus 0000:1d: resource 0 io:  [0xf000-0xffff]
[    0.554784] pci_bus 0000:1d: resource 1 mem: [0xcaf00000-0xcaffffff]
[    0.554786] pci_bus 0000:1d: resource 2 pref mem [0xd9500000-0xd95fffff]
[    0.554788] pci_bus 0000:1e: resource 1 mem: [0xcb300000-0xcb3fffff]
[    0.554790] pci_bus 0000:1e: resource 2 pref mem [0xd9900000-0xd99fffff]
[    0.554792] pci_bus 0000:1f: resource 1 mem: [0xcb700000-0xcb7fffff]
[    0.554794] pci_bus 0000:1f: resource 2 pref mem [0xd9d00000-0xd9dfffff]
[    0.554796] pci_bus 0000:20: resource 1 mem: [0xcbb00000-0xcbbfffff]
[    0.554798] pci_bus 0000:20: resource 2 pref mem [0xda100000-0xda1fffff]
[    0.554800] pci_bus 0000:21: resource 1 mem: [0xcbf00000-0xcbffffff]
[    0.554802] pci_bus 0000:21: resource 2 pref mem [0xda500000-0xda5fffff]
[    0.554804] pci_bus 0000:22: resource 1 mem: [0xcc300000-0xcc3fffff]
[    0.554806] pci_bus 0000:22: resource 2 pref mem [0xda900000-0xda9fffff]
[    0.554829] NET: Registered protocol family 2
[    0.554847] RANDOM - __random32 called. Change num 7.  Value: e4915c27	228b7335	4c33f162
[    0.554848] RANDOM - random32 called.  Value: e4915c27	228b7335	4c33f162
[    0.554857] random 0000 0000 0000 00000000 00000000: rand_read_num 2 get_random_bytes(4): sig fffffe1a 00000000 00000000
[    0.554859] random 0000 0000 0000 00000000 00000000: extract_entropy(.. 4 ..)
[    0.554862] random 0000 0000 0000 00000000 00000000: going to reseed nonblocking with 64 bits (32 of 0 requested)
[    0.554864] random 0000 0000 0000 00000000 00000000: extract_entropy(.. 8 ..)
[    0.554867] random 0000 0000 0000 00000000 00000000: trying to extract 64 bits from input
[    0.554869] random 0000 0000 0000 00000000 00000000: debiting 0 entropy credits from input
[    0.554871] random 0000 0000 0000 00000000 00000000: extract_entropy account returned: 0 
[    0.554874] random 0000 0000 0000 00000000 00000000: urand_change_num 3 xfer_secondary_pool(4): pool_sig fffffe1a, data_sig 00000000, bytes_mixed 0 00000000 00000000
[    0.554877] random 0000 0000 0000 00000000 00000000: trying to extract 32 bits from nonblocking
[    0.554880] random 0000 0000 0000 00000000 00000000: debiting 32 entropy credits from nonblocking (unlimited)
[    0.554882] random 0000 0000 0000 00000000 00000000: extract_entropy account returned: 4 
[    0.554886] random 0000 0000 0000 00000000 00000000: urand_change_num 4 extract_buf: pool_sig fffffe1a, data_sig fffffed7, bytes_mixed 20 00000000 00000000
[    0.554916] IP route cache hash table entries: 32768 (order: 5, 131072 bytes)
[    0.554980] RANDOM - __random32 called. Change num 8.  Value: 15c279e2	28b73354	e2c5b58f
[    0.554982] RANDOM - random32 called.  Value: 15c279e2	28b73354	e2c5b58f
[    0.555041] RANDOM - __random32 called. Change num 9.  Value: 279e2b5f	8b733545	6b1e9d03
[    0.555043] RANDOM - random32 called.  Value: 279e2b5f	8b733545	6b1e9d03
[    0.555046] RANDOM - __random32 called. Change num 10.  Value: e2b5fc5e	b7335453	3a067d4e
[    0.555048] RANDOM - random32 called.  Value: e2b5fc5e	b7335453	3a067d4e
[    0.555071] RANDOM - __random32 called. Change num 11.  Value: 5fc5eba7	73354535	fa9d46b2
[    0.555073] RANDOM - random32 called.  Value: 5fc5eba7	73354535	fa9d46b2
[    0.555083] TCP established hash table entries: 131072 (order: 8, 1048576 bytes)
[    0.555146] TCP bind hash table entries: 65536 (order: 7, 524288 bytes)
[    0.555209] TCP: Hash tables configured (established 131072 bind 65536)
[    0.555211] TCP reno registered
[    0.555249] NET: Registered protocol family 1
[    0.555259] pci 0000:00:00.0: Limiting direct PCI/PCI transfers
[    0.555281] pci 0000:00:0f.0: Boot video device
[    0.555413] Trying to unpack rootfs image as initramfs...
[    1.663227] Freeing initrd memory: 83430k freed
[    1.671175] Simple Boot Flag at 0x36 set to 0x1
[    1.671220] cpufreq-nforce2: No nForce2 chipset.
[    1.671233] Scanning for low memory corruption every 60 seconds
[    1.671345] audit: initializing netlink socket (disabled)
[    1.671353] type=2000 audit(1369434171.656:1): initialized
[    1.675285] highmem bounce pool size: 64 pages
[    1.675289] HugeTLB registered 2 MB page size, pre-allocated 0 pages
[    1.675382] VFS: Disk quotas dquot_6.5.2
[    1.675410] Dquot-cache hash table entries: 1024 (order 0, 4096 bytes)
[    1.675486] fuse init (API version 7.13)
[    1.675530] msgmni has been set to 1729
[    1.675792] alg: No test for stdrng (krng)
[    1.675824] Block layer SCSI generic (bsg) driver version 0.4 loaded (major 253)
[    1.675827] io scheduler noop registered
[    1.675828] io scheduler anticipatory registered
[    1.675830] io scheduler deadline registered
[    1.675849] io scheduler cfq registered (default)
[    1.675894]   alloc irq_desc for 24 on node -1
[    1.675896]   alloc kstat_irqs on node -1
[    1.675941] pcieport 0000:00:15.0: irq 24 for MSI/MSI-X
[    1.675986] pcieport 0000:00:15.0: setting latency timer to 64
[    1.676031]   alloc irq_desc for 25 on node -1
[    1.676033]   alloc kstat_irqs on node -1
[    1.676078] pcieport 0000:00:15.1: irq 25 for MSI/MSI-X
[    1.676123] pcieport 0000:00:15.1: setting latency timer to 64
[    1.676168]   alloc irq_desc for 26 on node -1
[    1.676170]   alloc kstat_irqs on node -1
[    1.676215] pcieport 0000:00:15.2: irq 26 for MSI/MSI-X
[    1.676259] pcieport 0000:00:15.2: setting latency timer to 64
[    1.676304]   alloc irq_desc for 27 on node -1
[    1.676306]   alloc kstat_irqs on node -1
[    1.676351] pcieport 0000:00:15.3: irq 27 for MSI/MSI-X
[    1.676396] pcieport 0000:00:15.3: setting latency timer to 64
[    1.676441]   alloc irq_desc for 28 on node -1
[    1.676442]   alloc kstat_irqs on node -1
[    1.676487] pcieport 0000:00:15.4: irq 28 for MSI/MSI-X
[    1.676532] pcieport 0000:00:15.4: setting latency timer to 64
[    1.676577]   alloc irq_desc for 29 on node -1
[    1.676579]   alloc kstat_irqs on node -1
[    1.676624] pcieport 0000:00:15.5: irq 29 for MSI/MSI-X
[    1.676668] pcieport 0000:00:15.5: setting latency timer to 64
[    1.676713]   alloc irq_desc for 30 on node -1
[    1.676715]   alloc kstat_irqs on node -1
[    1.676760] pcieport 0000:00:15.6: irq 30 for MSI/MSI-X
[    1.676805] pcieport 0000:00:15.6: setting latency timer to 64
[    1.676850]   alloc irq_desc for 31 on node -1
[    1.676851]   alloc kstat_irqs on node -1
[    1.676896] pcieport 0000:00:15.7: irq 31 for MSI/MSI-X
[    1.676941] pcieport 0000:00:15.7: setting latency timer to 64
[    1.676986]   alloc irq_desc for 32 on node -1
[    1.676988]   alloc kstat_irqs on node -1
[    1.677032] pcieport 0000:00:16.0: irq 32 for MSI/MSI-X
[    1.677077] pcieport 0000:00:16.0: setting latency timer to 64
[    1.677122]   alloc irq_desc for 33 on node -1
[    1.677124]   alloc kstat_irqs on node -1
[    1.677169] pcieport 0000:00:16.1: irq 33 for MSI/MSI-X
[    1.677214] pcieport 0000:00:16.1: setting latency timer to 64
[    1.677258]   alloc irq_desc for 34 on node -1
[    1.677260]   alloc kstat_irqs on node -1
[    1.677305] pcieport 0000:00:16.2: irq 34 for MSI/MSI-X
[    1.677350] pcieport 0000:00:16.2: setting latency timer to 64
[    1.677395]   alloc irq_desc for 35 on node -1
[    1.677397]   alloc kstat_irqs on node -1
[    1.677441] pcieport 0000:00:16.3: irq 35 for MSI/MSI-X
[    1.677486] pcieport 0000:00:16.3: setting latency timer to 64
[    1.677531]   alloc irq_desc for 36 on node -1
[    1.677533]   alloc kstat_irqs on node -1
[    1.677578] pcieport 0000:00:16.4: irq 36 for MSI/MSI-X
[    1.677622] pcieport 0000:00:16.4: setting latency timer to 64
[    1.677667]   alloc irq_desc for 37 on node -1
[    1.677670]   alloc kstat_irqs on node -1
[    1.677715] pcieport 0000:00:16.5: irq 37 for MSI/MSI-X
[    1.677760] pcieport 0000:00:16.5: setting latency timer to 64
[    1.677805]   alloc irq_desc for 38 on node -1
[    1.677807]   alloc kstat_irqs on node -1
[    1.677851] pcieport 0000:00:16.6: irq 38 for MSI/MSI-X
[    1.677896] pcieport 0000:00:16.6: setting latency timer to 64
[    1.677941]   alloc irq_desc for 39 on node -1
[    1.677943]   alloc kstat_irqs on node -1
[    1.677988] pcieport 0000:00:16.7: irq 39 for MSI/MSI-X
[    1.678033] pcieport 0000:00:16.7: setting latency timer to 64
[    1.679156]   alloc irq_desc for 40 on node -1
[    1.679158]   alloc kstat_irqs on node -1
[    1.679203] pcieport 0000:00:17.0: irq 40 for MSI/MSI-X
[    1.679247] pcieport 0000:00:17.0: setting latency timer to 64
[    1.679292]   alloc irq_desc for 41 on node -1
[    1.679294]   alloc kstat_irqs on node -1
[    1.679339] pcieport 0000:00:17.1: irq 41 for MSI/MSI-X
[    1.679384] pcieport 0000:00:17.1: setting latency timer to 64
[    1.679429]   alloc irq_desc for 42 on node -1
[    1.679431]   alloc kstat_irqs on node -1
[    1.679476] pcieport 0000:00:17.2: irq 42 for MSI/MSI-X
[    1.679521] pcieport 0000:00:17.2: setting latency timer to 64
[    1.679565]   alloc irq_desc for 43 on node -1
[    1.679567]   alloc kstat_irqs on node -1
[    1.679612] pcieport 0000:00:17.3: irq 43 for MSI/MSI-X
[    1.679657] pcieport 0000:00:17.3: setting latency timer to 64
[    1.679702]   alloc irq_desc for 44 on node -1
[    1.679704]   alloc kstat_irqs on node -1
[    1.679748] pcieport 0000:00:17.4: irq 44 for MSI/MSI-X
[    1.679793] pcieport 0000:00:17.4: setting latency timer to 64
[    1.679838]   alloc irq_desc for 45 on node -1
[    1.679840]   alloc kstat_irqs on node -1
[    1.679885] pcieport 0000:00:17.5: irq 45 for MSI/MSI-X
[    1.679930] pcieport 0000:00:17.5: setting latency timer to 64
[    1.679974]   alloc irq_desc for 46 on node -1
[    1.679976]   alloc kstat_irqs on node -1
[    1.680021] pcieport 0000:00:17.6: irq 46 for MSI/MSI-X
[    1.680066] pcieport 0000:00:17.6: setting latency timer to 64
[    1.680111]   alloc irq_desc for 47 on node -1
[    1.680113]   alloc kstat_irqs on node -1
[    1.680157] pcieport 0000:00:17.7: irq 47 for MSI/MSI-X
[    1.680202] pcieport 0000:00:17.7: setting latency timer to 64
[    1.680247]   alloc irq_desc for 48 on node -1
[    1.680249]   alloc kstat_irqs on node -1
[    1.680294] pcieport 0000:00:18.0: irq 48 for MSI/MSI-X
[    1.680339] pcieport 0000:00:18.0: setting latency timer to 64
[    1.680383]   alloc irq_desc for 49 on node -1
[    1.680385]   alloc kstat_irqs on node -1
[    1.680430] pcieport 0000:00:18.1: irq 49 for MSI/MSI-X
[    1.680475] pcieport 0000:00:18.1: setting latency timer to 64
[    1.680520]   alloc irq_desc for 50 on node -1
[    1.680522]   alloc kstat_irqs on node -1
[    1.680567] pcieport 0000:00:18.2: irq 50 for MSI/MSI-X
[    1.680612] pcieport 0000:00:18.2: setting latency timer to 64
[    1.680657]   alloc irq_desc for 51 on node -1
[    1.680659]   alloc kstat_irqs on node -1
[    1.680704] pcieport 0000:00:18.3: irq 51 for MSI/MSI-X
[    1.680748] pcieport 0000:00:18.3: setting latency timer to 64
[    1.680793]   alloc irq_desc for 52 on node -1
[    1.680795]   alloc kstat_irqs on node -1
[    1.680840] pcieport 0000:00:18.4: irq 52 for MSI/MSI-X
[    1.680885] pcieport 0000:00:18.4: setting latency timer to 64
[    1.680930]   alloc irq_desc for 53 on node -1
[    1.680931]   alloc kstat_irqs on node -1
[    1.680976] pcieport 0000:00:18.5: irq 53 for MSI/MSI-X
[    1.681021] pcieport 0000:00:18.5: setting latency timer to 64
[    1.681066]   alloc irq_desc for 54 on node -1
[    1.681068]   alloc kstat_irqs on node -1
[    1.681113] pcieport 0000:00:18.6: irq 54 for MSI/MSI-X
[    1.681158] pcieport 0000:00:18.6: setting latency timer to 64
[    1.681202]   alloc irq_desc for 55 on node -1
[    1.681204]   alloc kstat_irqs on node -1
[    1.681249] pcieport 0000:00:18.7: irq 55 for MSI/MSI-X
[    1.681294] pcieport 0000:00:18.7: setting latency timer to 64
[    1.681339] pci_hotplug: PCI Hot Plug PCI Core version: 0.5
[    1.683213] pciehp 0000:00:15.0:pcie04: HPC vendor_id 15ad device_id 7a0 ss_vid 0 ss_did 0
[    1.683257] pciehp 0000:00:15.0:pcie04: service driver pciehp loaded
[    1.683302] pciehp 0000:00:15.1:pcie04: HPC vendor_id 15ad device_id 7a0 ss_vid 0 ss_did 0
[    1.683347] pciehp 0000:00:15.1:pcie04: service driver pciehp loaded
[    1.683392] pciehp 0000:00:15.2:pcie04: HPC vendor_id 15ad device_id 7a0 ss_vid 0 ss_did 0
[    1.683437] pciehp 0000:00:15.2:pcie04: service driver pciehp loaded
[    1.683482] pciehp 0000:00:15.3:pcie04: HPC vendor_id 15ad device_id 7a0 ss_vid 0 ss_did 0
[    1.683526] pciehp 0000:00:15.3:pcie04: service driver pciehp loaded
[    1.683571] pciehp 0000:00:15.4:pcie04: HPC vendor_id 15ad device_id 7a0 ss_vid 0 ss_did 0
[    1.683616] pciehp 0000:00:15.4:pcie04: service driver pciehp loaded
[    1.683661] pciehp 0000:00:15.5:pcie04: HPC vendor_id 15ad device_id 7a0 ss_vid 0 ss_did 0
[    1.683706] pciehp 0000:00:15.5:pcie04: service driver pciehp loaded
[    1.683751] pciehp 0000:00:15.6:pcie04: HPC vendor_id 15ad device_id 7a0 ss_vid 0 ss_did 0
[    1.683795] pciehp 0000:00:15.6:pcie04: service driver pciehp loaded
[    1.683840] pciehp 0000:00:15.7:pcie04: HPC vendor_id 15ad device_id 7a0 ss_vid 0 ss_did 0
[    1.683885] pciehp 0000:00:15.7:pcie04: service driver pciehp loaded
[    1.683930] pciehp 0000:00:16.0:pcie04: HPC vendor_id 15ad device_id 7a0 ss_vid 0 ss_did 0
[    1.683975] pciehp 0000:00:16.0:pcie04: service driver pciehp loaded
[    1.684020] pciehp 0000:00:16.1:pcie04: HPC vendor_id 15ad device_id 7a0 ss_vid 0 ss_did 0
[    1.684064] pciehp 0000:00:16.1:pcie04: service driver pciehp loaded
[    1.684109] pciehp 0000:00:16.2:pcie04: HPC vendor_id 15ad device_id 7a0 ss_vid 0 ss_did 0
[    1.684154] pciehp 0000:00:16.2:pcie04: service driver pciehp loaded
[    1.684199] pciehp 0000:00:16.3:pcie04: HPC vendor_id 15ad device_id 7a0 ss_vid 0 ss_did 0
[    1.684244] pciehp 0000:00:16.3:pcie04: service driver pciehp loaded
[    1.684289] pciehp 0000:00:16.4:pcie04: HPC vendor_id 15ad device_id 7a0 ss_vid 0 ss_did 0
[    1.684333] pciehp 0000:00:16.4:pcie04: service driver pciehp loaded
[    1.684378] pciehp 0000:00:16.5:pcie04: HPC vendor_id 15ad device_id 7a0 ss_vid 0 ss_did 0
[    1.684423] pciehp 0000:00:16.5:pcie04: service driver pciehp loaded
[    1.684468] pciehp 0000:00:16.6:pcie04: HPC vendor_id 15ad device_id 7a0 ss_vid 0 ss_did 0
[    1.684513] pciehp 0000:00:16.6:pcie04: service driver pciehp loaded
[    1.684558] pciehp 0000:00:16.7:pcie04: HPC vendor_id 15ad device_id 7a0 ss_vid 0 ss_did 0
[    1.684602] pciehp 0000:00:16.7:pcie04: service driver pciehp loaded
[    1.684647] pciehp 0000:00:17.0:pcie04: HPC vendor_id 15ad device_id 7a0 ss_vid 0 ss_did 0
[    1.684692] pciehp 0000:00:17.0:pcie04: service driver pciehp loaded
[    1.684737] pciehp 0000:00:17.1:pcie04: HPC vendor_id 15ad device_id 7a0 ss_vid 0 ss_did 0
[    1.684782] pciehp 0000:00:17.1:pcie04: service driver pciehp loaded
[    1.684827] pciehp 0000:00:17.2:pcie04: HPC vendor_id 15ad device_id 7a0 ss_vid 0 ss_did 0
[    1.684871] pciehp 0000:00:17.2:pcie04: service driver pciehp loaded
[    1.684916] pciehp 0000:00:17.3:pcie04: HPC vendor_id 15ad device_id 7a0 ss_vid 0 ss_did 0
[    1.684961] pciehp 0000:00:17.3:pcie04: service driver pciehp loaded
[    1.685006] pciehp 0000:00:17.4:pcie04: HPC vendor_id 15ad device_id 7a0 ss_vid 0 ss_did 0
[    1.685051] pciehp 0000:00:17.4:pcie04: service driver pciehp loaded
[    1.685096] pciehp 0000:00:17.5:pcie04: HPC vendor_id 15ad device_id 7a0 ss_vid 0 ss_did 0
[    1.685140] pciehp 0000:00:17.5:pcie04: service driver pciehp loaded
[    1.685185] pciehp 0000:00:17.6:pcie04: HPC vendor_id 15ad device_id 7a0 ss_vid 0 ss_did 0
[    1.685230] pciehp 0000:00:17.6:pcie04: service driver pciehp loaded
[    1.685275] pciehp 0000:00:17.7:pcie04: HPC vendor_id 15ad device_id 7a0 ss_vid 0 ss_did 0
[    1.685320] pciehp 0000:00:17.7:pcie04: service driver pciehp loaded
[    1.685365] pciehp 0000:00:18.0:pcie04: HPC vendor_id 15ad device_id 7a0 ss_vid 0 ss_did 0
[    1.685409] pciehp 0000:00:18.0:pcie04: service driver pciehp loaded
[    1.685454] pciehp 0000:00:18.1:pcie04: HPC vendor_id 15ad device_id 7a0 ss_vid 0 ss_did 0
[    1.685499] pciehp 0000:00:18.1:pcie04: service driver pciehp loaded
[    1.685544] pciehp 0000:00:18.2:pcie04: HPC vendor_id 15ad device_id 7a0 ss_vid 0 ss_did 0
[    1.685589] pciehp 0000:00:18.2:pcie04: service driver pciehp loaded
[    1.685634] pciehp 0000:00:18.3:pcie04: HPC vendor_id 15ad device_id 7a0 ss_vid 0 ss_did 0
[    1.685678] pciehp 0000:00:18.3:pcie04: service driver pciehp loaded
[    1.685723] pciehp 0000:00:18.4:pcie04: HPC vendor_id 15ad device_id 7a0 ss_vid 0 ss_did 0
[    1.685768] pciehp 0000:00:18.4:pcie04: service driver pciehp loaded
[    1.685813] pciehp 0000:00:18.5:pcie04: HPC vendor_id 15ad device_id 7a0 ss_vid 0 ss_did 0
[    1.685858] pciehp 0000:00:18.5:pcie04: service driver pciehp loaded
[    1.685903] pciehp 0000:00:18.6:pcie04: HPC vendor_id 15ad device_id 7a0 ss_vid 0 ss_did 0
[    1.685947] pciehp 0000:00:18.6:pcie04: service driver pciehp loaded
[    1.685992] pciehp 0000:00:18.7:pcie04: HPC vendor_id 15ad device_id 7a0 ss_vid 0 ss_did 0
[    1.686037] pciehp 0000:00:18.7:pcie04: service driver pciehp loaded
[    1.686045] pciehp: PCI Express Hot Plug Controller Driver version: 0.4
[    1.686095] ACPI: AC Adapter [ACAD] (on-line)
[    1.686149] input: Power Button as /devices/LNXSYSTM:00/LNXPWRBN:00/input/input0
[    1.686151] ACPI: Power Button [PWRF]
[    1.686196] processor LNXCPU:00: registered as cooling_device0
[    1.727109] isapnp: Scanning for PnP cards...
[    2.081045] isapnp: No Plug & Play device found
[    2.081081] random 0000 0000 0000 5f8db4e5 4cfdf2a8: initializing
[    2.081209] Linux agpgart interface v0.103
[    2.081248] agpgart-intel 0000:00:00.0: Intel 440BX Chipset
[    2.081300] agpgart-intel 0000:00:00.0: AGP aperture is 256M @ 0x0
[    2.081330] Serial: 8250/16550 driver, 32 ports, IRQ sharing enabled
[    2.081382] serial8250: ttyS0 at I/O 0x3f8 (irq = 4) is a 16550A
[    2.081434] serial8250: ttyS1 at I/O 0x2f8 (irq = 3) is a 16550A
[    2.081486] 00:0a: ttyS0 at I/O 0x3f8 (irq = 4) is a 16550A
[    2.081537] 00:0b: ttyS1 at I/O 0x2f8 (irq = 3) is a 16550A
[    2.081589] brd: module loaded
[    2.081641] loop: module loaded
[    2.081693] ata_piix 0000:00:07.1: version 2.13
[    2.081773] scsi0 : ata_piix
[    2.081819] scsi1 : ata_piix
[    2.081838] ata1: PATA max UDMA/33 cmd 0x1f0 ctl 0x3f6 bmdma 0x10c0 irq 14
[    2.081840] ata2: PATA max UDMA/33 cmd 0x170 ctl 0x376 bmdma 0x10c8 irq 15
[    2.081886] PPP generic driver version 2.4.2
[    2.081927] tun: Universal TUN/TAP device driver, 1.6
[    2.081930] tun: (C) 1999-2004 Max Krasnyansky <maxk@qualcomm.com>
[    2.081982] ehci_hcd: USB 2.0 'Enhanced' Host Controller (EHCI) Driver
[    2.082033] ACPI: PCI Interrupt Link [LNKB] enabled at IRQ 11
[    2.082036] PCI: setting IRQ 11 as level-triggered
[    2.082058] ehci_hcd 0000:02:03.0: PCI INT A -> Link[LNKB] -> GSI 11 (level, low) -> IRQ 11
[    2.082094] ehci_hcd 0000:02:03.0: EHCI Host Controller
[    2.082116] ehci_hcd 0000:02:03.0: new USB bus registered, assigned bus number 1
[    2.082168] ehci_hcd 0000:02:03.0: cache line size of 32 is not supported
[    2.082174] ehci_hcd 0000:02:03.0: irq 11, io mem 0xc9000000
[    2.082571] random 0000 0000 0000 00000000 00000000: rand_read_num 3 get_random_bytes(8): sig 00000000 00000000 00000000
[    2.082573] random 0000 0000 0000 00000000 00000000: extract_entropy(.. 8 ..)
[    2.082576] random 0000 0000 0000 00000000 00000000: going to reseed nonblocking with 64 bits (64 of 0 requested)
[    2.082578] random 0000 0000 0000 00000000 00000000: extract_entropy(.. 8 ..)
[    2.082580] random 0000 0000 0000 00000000 00000000: trying to extract 64 bits from input
[    2.082583] random 0000 0000 0000 00000000 00000000: debiting 0 entropy credits from input
[    2.082585] random 0000 0000 0000 00000000 00000000: extract_entropy account returned: 0 
[    2.082587] random 0000 0000 0000 00000000 00000000: urand_change_num 5 xfer_secondary_pool(8): pool_sig 00000000, data_sig 00000000, bytes_mixed 0 00000000 00000000
[    2.082590] random 0000 0000 0000 00000000 00000000: trying to extract 64 bits from nonblocking
[    2.082592] random 0000 0000 0000 00000000 00000000: debiting 64 entropy credits from nonblocking (unlimited)
[    2.082594] random 0000 0000 0000 00000000 00000000: extract_entropy account returned: 8 
[    2.082598] random 0000 0000 0000 00000000 00000000: urand_change_num 6 extract_buf: pool_sig 00000000, data_sig fffffff9, bytes_mixed 20 00000000 00000000
[    2.090584] ehci_hcd 0000:02:03.0: USB 2.0 started, EHCI 1.00
[    2.090636] usb usb1: configuration #1 chosen from 1 choice
[    2.090654] hub 1-0:1.0: USB hub found
[    2.090659] hub 1-0:1.0: 6 ports detected
[    2.090711] ohci_hcd: USB 1.1 'Open' Host Controller (OHCI) Driver
[    2.090721] uhci_hcd: USB Universal Host Controller Interface driver
[    2.090773] ACPI: PCI Interrupt Link [LNKC] enabled at IRQ 10
[    2.090775] PCI: setting IRQ 10 as level-triggered
[    2.090779] uhci_hcd 0000:02:00.0: PCI INT A -> Link[LNKC] -> GSI 10 (level, low) -> IRQ 10
[    2.090811] uhci_hcd 0000:02:00.0: UHCI Host Controller
[    2.090837] uhci_hcd 0000:02:00.0: new USB bus registered, assigned bus number 2
[    2.090946] uhci_hcd 0000:02:00.0: irq 10, io base 0x000020c0
[    2.090998] usb usb2: configuration #1 chosen from 1 choice
[    2.091013] hub 2-0:1.0: USB hub found
[    2.091017] hub 2-0:1.0: 2 ports detected
[    2.091069] usbcore: registered new interface driver libusual
[    2.091095] PNP: PS/2 Controller [PNP0303:KBC,PNP0f13:MOUS] at 0x60,0x64 irq 1,12
[    2.091425] serio: i8042 KBD port at 0x60,0x64 irq 1
[    2.091432] serio: i8042 AUX port at 0x60,0x64 irq 12
[    2.091465] mice: PS/2 mouse device common for all mice
[    2.091517] rtc_cmos 00:04: rtc core: registered rtc_cmos as rtc0
[    2.091587] rtc0: alarms up to one month, y3k, 114 bytes nvram, hpet irqs
[    2.091639] device-mapper: uevent: version 1.0.3
[    2.091755] device-mapper: ioctl: 4.15.0-ioctl (2009-04-01) initialised: dm-devel@redhat.com
[    2.091772] EISA: Probing bus 0 at eisa.0
[    2.091799] Cannot allocate resource for EISA slot 1
[    2.091801] Cannot allocate resource for EISA slot 2
[    2.091803] Cannot allocate resource for EISA slot 3
[    2.091805] Cannot allocate resource for EISA slot 4
[    2.091806] Cannot allocate resource for EISA slot 5
[    2.091808] Cannot allocate resource for EISA slot 6
[    2.091810] Cannot allocate resource for EISA slot 7
[    2.091812] Cannot allocate resource for EISA slot 8
[    2.091813] EISA: Detected 0 cards.
[    2.091857] cpuidle: using governor ladder
[    2.091859] cpuidle: using governor menu
[    2.091911] random 0000 0000 0000 00000000 00000000: rand_read_num 4 get_random_bytes(136): sig 0000021d 00000000 00000000
[    2.091914] random 0000 0000 0000 00000000 00000000: extract_entropy(.. 136 ..)
[    2.091916] random 0000 0000 0000 00000000 00000000: going to reseed nonblocking with 1024 bits (1088 of 0 requested)
[    2.091918] random 0000 0000 0000 00000000 00000000: extract_entropy(.. 128 ..)
[    2.091920] random 0000 0000 0000 00000000 00000000: trying to extract 1024 bits from input
[    2.091922] random 0000 0000 0000 00000000 00000000: debiting 0 entropy credits from input
[    2.091924] random 0000 0000 0000 00000000 00000000: extract_entropy account returned: 0 
[    2.091927] random 0000 0000 0000 00000000 00000000: urand_change_num 7 xfer_secondary_pool(136): pool_sig 0000021d, data_sig 00000000, bytes_mixed 0 00000000 00000000
[    2.091929] random 0000 0000 0000 00000000 00000000: trying to extract 1088 bits from nonblocking
[    2.091932] random 0000 0000 0000 00000000 00000000: debiting 1088 entropy credits from nonblocking (unlimited)
[    2.091934] random 0000 0000 0000 00000000 00000000: extract_entropy account returned: 136 
[    2.091937] random 0000 0000 0000 00000000 00000000: urand_change_num 8 extract_buf: pool_sig 0000021d, data_sig fffffff7, bytes_mixed 20 00000000 00000000
[    2.091942] random 0000 0000 0000 f961ee50 ba9cb1aa: urand_change_num 9 extract_buf: pool_sig 00000230, data_sig fffffeb4, bytes_mixed 20 f961ee50 ba9cb1aa
[    2.091946] random 0000 0000 0000 9748bdd6 56fb8af6: urand_change_num 10 extract_buf: pool_sig 00000373, data_sig 000000cf, bytes_mixed 20 9748bdd6 56fb8af6
[    2.091950] random 0000 0000 0000 9748bdd6 56fb8af6: urand_change_num 11 extract_buf: pool_sig fffffe49, data_sig 0000023f, bytes_mixed 20 9748bdd6 56fb8af6
[    2.091954] random 0000 0000 0000 a135be86 4777650e: urand_change_num 12 extract_buf: pool_sig fffffcce, data_sig 000000c6, bytes_mixed 20 a135be86 4777650e
[    2.091958] random 0000 0000 0000 4a6ea85d 170e00dd: urand_change_num 13 extract_buf: pool_sig ffffff97, data_sig ffffff7d, bytes_mixed 20 4a6ea85d 170e00dd
[    2.091963] random 0000 0000 0000 4a6ea85d 170e00dd: urand_change_num 14 extract_buf: pool_sig 00000160, data_sig fffffeea, bytes_mixed 20 4a6ea85d 170e00dd
[    2.091967] random 0000 0000 0000 6e87c3cb da668c73: urand_change_num 15 extract_buf: pool_sig 0000034f, data_sig ffffff54, bytes_mixed 20 6e87c3cb da668c73
[    2.091971] random 0000 0000 0000 6e87c3cb da668c73: urand_change_num 16 extract_buf: pool_sig fffffdc5, data_sig 00000205, bytes_mixed 20 6e87c3cb da668c73
[    2.091975] random 0000 0000 0000 39f531e6 461eb249: urand_change_num 17 extract_buf: pool_sig fffffc1d, data_sig ffffff5e, bytes_mixed 20 39f531e6 461eb249
[    2.091979] random 0000 0000 0000 7e1538a2 3e661182: urand_change_num 18 extract_buf: pool_sig 000006ef, data_sig ffffff2e, bytes_mixed 20 7e1538a2 3e661182
[    2.091983] random 0000 0000 0000 7e1538a2 3e661182: urand_change_num 19 extract_buf: pool_sig 00000317, data_sig fffffccb, bytes_mixed 20 7e1538a2 3e661182
[    2.091987] random 0000 0000 0000 76af506b 9b57305e: urand_change_num 20 extract_buf: pool_sig 00000227, data_sig ffffffd2, bytes_mixed 20 76af506b 9b57305e
[    2.091991] random 0000 0000 0000 37d49d89 e20417cc: urand_change_num 21 extract_buf: pool_sig 0000080b, data_sig 000001e9, bytes_mixed 20 37d49d89 e20417cc
[    2.091995] TCP cubic registered
[    2.092047] NET: Registered protocol family 10
[    2.092079] RANDOM - __random32 called. Change num 12.  Value: 5eba7c56	3354535f	8d65ceee
[    2.092081] RANDOM - random32 called.  Value: 5eba7c56	3354535f	8d65ceee
[    2.092090] random 0000 0000 0000 37d49d89 e20417cc: rand_read_num 5 get_random_bytes(4): sig 00000298 37d49d89 e20417cc
[    2.092092] random 0000 0000 0000 37d49d89 e20417cc: extract_entropy(.. 4 ..)
[    2.092095] random 0000 0000 0000 37d49d89 e20417cc: going to reseed nonblocking with 64 bits (32 of 0 requested)
[    2.092097] random 0000 0000 0000 37d49d89 e20417cc: extract_entropy(.. 8 ..)
[    2.092099] random 0000 0000 0000 37d49d89 e20417cc: trying to extract 64 bits from input
[    2.092101] random 0000 0000 0000 37d49d89 e20417cc: debiting 0 entropy credits from input
[    2.092103] random 0000 0000 0000 37d49d89 e20417cc: extract_entropy account returned: 0 
[    2.092105] random 0000 0000 0000 37d49d89 e20417cc: urand_change_num 22 xfer_secondary_pool(4): pool_sig 00000298, data_sig 00000000, bytes_mixed 0 37d49d89 e20417cc
[    2.092108] random 0000 0000 0000 37d49d89 e20417cc: trying to extract 32 bits from nonblocking
[    2.092110] random 0000 0000 0000 37d49d89 e20417cc: debiting 32 entropy credits from nonblocking (unlimited)
[    2.092112] random 0000 0000 0000 37d49d89 e20417cc: extract_entropy account returned: 4 
[    2.092115] random 0000 0000 0000 37d49d89 e20417cc: urand_change_num 23 extract_buf: pool_sig 00000298, data_sig 00000092, bytes_mixed 20 37d49d89 e20417cc
[    2.092167] RANDOM - __random32 called. Change num 13.  Value: a7c56226	354535ff	9ddcc977
[    2.092209] RANDOM - random32 called.  Value: a7c56226	354535ff	9ddcc977
[    2.092261] NET: Registered protocol family 17
[    2.092281] Using IPI No-Shortcut mode
[    2.092286] random 0000 0000 0000 2ee4c4fc 167bdb15: rand_read_num 6 get_random_bytes(8): sig fffffcbf 2ee4c4fc 167bdb15
[    2.092288] random 0000 0000 0000 2ee4c4fc 167bdb15: extract_entropy(.. 8 ..)
[    2.092291] random 0000 0000 0000 2ee4c4fc 167bdb15: going to reseed nonblocking with 64 bits (64 of 0 requested)
[    2.092293] random 0000 0000 0000 2ee4c4fc 167bdb15: extract_entropy(.. 8 ..)
[    2.092295] random 0000 0000 0000 2ee4c4fc 167bdb15: trying to extract 64 bits from input
[    2.092297] random 0000 0000 0000 2ee4c4fc 167bdb15: debiting 0 entropy credits from input
[    2.092299] random 0000 0000 0000 2ee4c4fc 167bdb15: extract_entropy account returned: 0 
[    2.092302] random 0000 0000 0000 2ee4c4fc 167bdb15: urand_change_num 24 xfer_secondary_pool(8): pool_sig fffffcbf, data_sig 00000000, bytes_mixed 0 2ee4c4fc 167bdb15
[    2.092304] random 0000 0000 0000 2ee4c4fc 167bdb15: trying to extract 64 bits from nonblocking
[    2.092306] random 0000 0000 0000 2ee4c4fc 167bdb15: debiting 64 entropy credits from nonblocking (unlimited)
[    2.092308] random 0000 0000 0000 2ee4c4fc 167bdb15: extract_entropy account returned: 8 
[    2.092312] random 0000 0000 0000 2ee4c4fc 167bdb15: urand_change_num 25 extract_buf: pool_sig fffffcbf, data_sig ffffff83, bytes_mixed 20 2ee4c4fc 167bdb15
[    2.092350] PM: Resume from disk failed.
[    2.092358] registered taskstats version 1
[    2.092360] random 0000 0000 0000 2ee4c4fc 167bdb15: rand_read_num 7 get_random_bytes(12): sig fffffc69 2ee4c4fc 167bdb15
[    2.092362] random 0000 0000 0000 2ee4c4fc 167bdb15: extract_entropy(.. 12 ..)
[    2.092365] random 0000 0000 0000 2ee4c4fc 167bdb15: going to reseed nonblocking with 96 bits (96 of 0 requested)
[    2.092367] random 0000 0000 0000 2ee4c4fc 167bdb15: extract_entropy(.. 12 ..)
[    2.092369] random 0000 0000 0000 2ee4c4fc 167bdb15: trying to extract 96 bits from input
[    2.092371] random 0000 0000 0000 2ee4c4fc 167bdb15: debiting 0 entropy credits from input
[    2.092373] random 0000 0000 0000 2ee4c4fc 167bdb15: extract_entropy account returned: 0 
[    2.092375] random 0000 0000 0000 2ee4c4fc 167bdb15: urand_change_num 26 xfer_secondary_pool(12): pool_sig fffffc69, data_sig 00000000, bytes_mixed 0 2ee4c4fc 167bdb15
[    2.092378] random 0000 0000 0000 2ee4c4fc 167bdb15: trying to extract 96 bits from nonblocking
[    2.092380] random 0000 0000 0000 2ee4c4fc 167bdb15: debiting 96 entropy credits from nonblocking (unlimited)
[    2.092382] random 0000 0000 0000 2ee4c4fc 167bdb15: extract_entropy account returned: 12 
[    2.092385] random 0000 0000 0000 2ee4c4fc 167bdb15: urand_change_num 27 extract_buf: pool_sig fffffc69, data_sig ffffff7d, bytes_mixed 20 2ee4c4fc 167bdb15
[    2.092390] random 0000 0000 0000 83b7c1ab 94697f48: urand_change_num 28 extract_buf: pool_sig fffffe30, data_sig fffffdd6, bytes_mixed 20 83b7c1ab 94697f48
[    2.092392] RANDOM - __seed init called.
[    2.092393] RANDOM - __seed init called.
[    2.092395] RANDOM - __seed init called.
[    2.092396] RANDOM - __random32 called. Change num 14.  Value: fc007995	feca4f80	21b38ad2
[    2.092398] RANDOM - random32_reseed called.  Value: fc007995	feca4f80	21b38ad2
[    2.092400] Pid: 1, comm: swapper Not tainted 2.6.32.57 #4
[    2.092402] Call Trace:
[    2.092407]  [<c14a8a0e>] ? printk+0x1d/0x1f
[    2.092412]  [<c17537e5>] random32_reseed+0x89/0xbd
[    2.092415]  [<c1003042>] do_one_initcall+0x32/0x1a0
[    2.092418]  [<c175375c>] ? random32_reseed+0x0/0xbd
[    2.092421]  [<c17308e7>] kernel_init+0x12d/0x17a
[    2.092423]  [<c17307ba>] ? kernel_init+0x0/0x17a
[    2.092426]  [<c1009b07>] kernel_thread_helper+0x7/0x10
[    2.095071] input: AT Translated Set 2 keyboard as /devices/platform/i8042/serio0/input/input1
[    2.095347] random 0000 0000 0000 6db70b00 b30ce96b: rand_read_num 8 get_random_bytes(64): sig fffffb38 6db70b00 b30ce96b
[    2.095350] random 0000 0000 0000 6db70b00 b30ce96b: extract_entropy(.. 64 ..)
[    2.095353] random 0000 0000 0000 6db70b00 b30ce96b: going to reseed nonblocking with 512 bits (512 of 0 requested)
[    2.095355] random 0000 0000 0000 6db70b00 b30ce96b: extract_entropy(.. 64 ..)
[    2.095357] random 0000 0000 0000 6db70b00 b30ce96b: trying to extract 512 bits from input
[    2.095360] random 0000 0000 0000 6db70b00 b30ce96b: debiting 0 entropy credits from input
[    2.095362] random 0000 0000 0000 6db70b00 b30ce96b: extract_entropy account returned: 0 
[    2.095365] random 0000 0000 0000 6db70b00 b30ce96b: urand_change_num 29 xfer_secondary_pool(64): pool_sig fffffb38, data_sig 00000000, bytes_mixed 0 6db70b00 b30ce96b
[    2.095368] random 0000 0000 0000 6db70b00 b30ce96b: trying to extract 512 bits from nonblocking
[    2.095370] random 0000 0000 0000 6db70b00 b30ce96b: debiting 512 entropy credits from nonblocking (unlimited)
[    2.095372] random 0000 0000 0000 6db70b00 b30ce96b: extract_entropy account returned: 64 
[    2.095376] random 0000 0000 0000 6db70b00 b30ce96b: urand_change_num 30 extract_buf: pool_sig fffffb38, data_sig 00000151, bytes_mixed 20 6db70b00 b30ce96b
[    2.095380] random 0000 0000 0000 6db70b00 b30ce96b: urand_change_num 31 extract_buf: pool_sig fffffdb8, data_sig 00000379, bytes_mixed 20 6db70b00 b30ce96b
[    2.095385] random 0000 0000 0000 6b83001e d4b6c0d3: urand_change_num 32 extract_buf: pool_sig ffffffc9, data_sig 00000198, bytes_mixed 20 6b83001e d4b6c0d3
[    2.095389] random 0000 0000 0000 79d3e3c7 be564518: urand_change_num 33 extract_buf: pool_sig 000002b9, data_sig ffffff84, bytes_mixed 20 79d3e3c7 be564518
[    2.095394] random 0000 0000 0000 79d3e3c7 be564518: urand_change_num 34 extract_buf: pool_sig ffffff55, data_sig ffffff5a, bytes_mixed 20 79d3e3c7 be564518
[    2.095398] random 0000 0000 0000 89c03cb2 0d353228: urand_change_num 35 extract_buf: pool_sig 00000007, data_sig ffffff17, bytes_mixed 20 89c03cb2 0d353228
[    2.095403] random 0000 0000 0000 89c03cb2 0d353228: urand_change_num 36 extract_buf: pool_sig fffffdae, data_sig 000000db, bytes_mixed 20 89c03cb2 0d353228  Magic number: 13:953:401
[    2.095501] rtc_cmos 00:04: setting system clock to 2013-05-24 22:22:53 UTC (1369434173)
[    2.095504] BIOS EDD facility v0.16 2004-Jun-25, 0 devices found
[    2.095505] EDD information not available.
[    2.095529] random 0000 0000 0000 8ca62387 b120332c: rand_read_num 9 get_random_bytes(64): sig fffffed6 8ca62387 b120332c
[    2.095532] random 0000 0000 0000 8ca62387 b120332c: extract_entropy(.. 64 ..)
[    2.095534] random 0000 0000 0000 8ca62387 b120332c: going to reseed nonblocking with 512 bits (512 of 0 requested)
[    2.095536] random 0000 0000 0000 8ca62387 b120332c: extract_entropy(.. 64 ..)
[    2.095538] random 0000 0000 0000 8ca62387 b120332c: trying to extract 512 bits from input
[    2.095541] random 0000 0000 0000 8ca62387 b120332c: debiting 0 entropy credits from input
[    2.095543] random 0000 0000 0000 8ca62387 b120332c: extract_entropy account returned: 0 
[    2.095545] random 0000 0000 0000 8ca62387 b120332c: urand_change_num 37 xfer_secondary_pool(64): pool_sig fffffed6, data_sig 00000000, bytes_mixed 0 8ca62387 b120332c
[    2.095548] random 0000 0000 0000 8ca62387 b120332c: trying to extract 512 bits from nonblocking
[    2.095551] random 0000 0000 0000 8ca62387 b120332c: debiting 512 entropy credits from nonblocking (unlimited)
[    2.095553] random 0000 0000 0000 8ca62387 b120332c: extract_entropy account returned: 64 
[    2.095556] random 0000 0000 0000 8ca62387 b120332c: urand_change_num 38 extract_buf: pool_sig fffffed6, data_sig fffffeb6, bytes_mixed 20 8ca62387 b120332c
[    2.095561] random 0000 0000 0000 90702413 e2a66c2e: urand_change_num 39 extract_buf: pool_sig fffffbb0, data_sig 0000012e, bytes_mixed 20 90702413 e2a66c2e
[    2.095565] random 0000 0000 0000 90702413 e2a66c2e: urand_change_num 40 extract_buf: pool_sig fffffaf1, data_sig ffffff3c, bytes_mixed 20 90702413 e2a66c2e
[    2.095569] random 0000 0000 0000 3f58038b c77aecb6: urand_change_num 41 extract_buf: pool_sig 00000234, data_sig fffffdec, bytes_mixed 20 3f58038b c77aecb6
[    2.095574] random 0000 0000 0000 47187b9d 03f21510: urand_change_num 42 extract_buf: pool_sig 00000192, data_sig 00000075, bytes_mixed 20 47187b9d 03f21510
[    2.095578] random 0000 0000 0000 47187b9d 03f21510: urand_change_num 43 extract_buf: pool_sig 0000018e, data_sig ffffffbf, bytes_mixed 20 47187b9d 03f21510
[    2.095583] random 0000 0000 0000 3180b1fc 0fa9c973: urand_change_num 44 extract_buf: pool_sig fffffecf, data_sig ffffff2a, bytes_mixed 20 3180b1fc 0fa9c973
[    2.095585] BEGIN NET_SECRET:
[    2.095587] \xffffff87
[    2.095588] \xffffff8d
[    2.095589] \xfffffff4
[    2.095590] \xffffffae
[    2.095591] \xffffffc3
[    2.095593] \xffffffb7
[    2.095594] \x31
[    2.095595] \x65
[    2.095596] \xffffffda
[    2.095597] \xffffffa2
[    2.095598] \x31
[    2.095600] \xffffffc8
[    2.095601] \xffffffa9
[    2.095602] \x76
[    2.095603] \x76
[    2.095604] \xffffff90
[    2.095605] \x55
[    2.095606] \xfffffff3
[    2.095607] \xffffffb1
[    2.095609] \x3
[    2.095610] \xffffffb3
[    2.095611] \xffffffa7
[    2.095612] \x5a
[    2.095613] \x71
[    2.095614] \x70
[    2.095615] \xffffff8c
[    2.095617] \x56
[    2.095618] \x25
[    2.095619] \xffffffe1
[    2.095620] \x4c
[    2.095621] \xffffffe6
[    2.095622] \xffffff95
[    2.095623] \x67
[    2.095625] \x4c
[    2.095626] \xffffffb9
[    2.095627] \x1d
[    2.095628] \xe
[    2.095629] \x34
[    2.095630] \xffffffbe
[    2.095631] \x12
[    2.095632] \x5
[    2.095634] \xffffff98
[    2.095635] \xffffffa0
[    2.095636] \xf
[    2.095637] \xffffffb2
[    2.095638] \xffffffde
[    2.095639] \xffffff99
[    2.095641] \xf
[    2.095642] \xffffffe8
[    2.095643] \xffffffc8
[    2.095644] \x1f
[    2.095645] \x54
[    2.095646] \x2c
[    2.095647] \xffffffee
[    2.095648] \x2e
[    2.095650] \x0
[    2.095651] \xffffff95
[    2.095652] \x0
[    2.095653] \xffffffe3
[    2.095654] \xffffffa7
[    2.095655] \xfffffffd
[    2.095656] \x66
[    2.095658] \xffffff92
[    2.095659] \xfffffff0
[    2.095660] 
[    2.095661] END NET_SECRET
[    2.095663] random 0000 0000 0000 3180b1fc 0fa9c973: rand_read_num 10 get_random_bytes(4): sig ffffff46 3180b1fc 0fa9c973
[    2.095666] random 0000 0000 0000 3180b1fc 0fa9c973: extract_entropy(.. 4 ..)
[    2.095668] random 0000 0000 0000 3180b1fc 0fa9c973: going to reseed nonblocking with 64 bits (32 of 0 requested)
[    2.095670] random 0000 0000 0000 3180b1fc 0fa9c973: extract_entropy(.. 8 ..)
[    2.095672] random 0000 0000 0000 3180b1fc 0fa9c973: trying to extract 64 bits from input
[    2.095674] random 0000 0000 0000 3180b1fc 0fa9c973: debiting 0 entropy credits from input
[    2.095677] random 0000 0000 0000 3180b1fc 0fa9c973: extract_entropy account returned: 0 
[    2.095679] random 0000 0000 0000 3180b1fc 0fa9c973: urand_change_num 45 xfer_secondary_pool(4): pool_sig ffffff46, data_sig 00000000, bytes_mixed 0 3180b1fc 0fa9c973
[    2.095682] random 0000 0000 0000 3180b1fc 0fa9c973: trying to extract 32 bits from nonblocking
[    2.095684] random 0000 0000 0000 3180b1fc 0fa9c973: debiting 32 entropy credits from nonblocking (unlimited)
[    2.095687] random 0000 0000 0000 3180b1fc 0fa9c973: extract_entropy account returned: 4 
[    2.095690] random 0000 0000 0000 3180b1fc 0fa9c973: urand_change_num 46 extract_buf: pool_sig ffffff46, data_sig 0000001b, bytes_mixed 20 3180b1fc 0fa9c973
[    2.269026] ata2.00: ATAPI: VMware Virtual IDE CDROM Drive, 00000001, max UDMA/33
[    2.269318] ata2.00: configured for UDMA/33
[    2.269699] scsi 1:0:0:0: CD-ROM            NECVMWar VMware IDE CDR10 1.00 PQ: 0 ANSI: 5
[    2.270894] sr0: scsi3-mmc drive: 306x/306x cd/rw xa/form2 cdda tray
[    2.270897] Uniform CD-ROM driver Revision: 3.20
[    2.270949] sr 1:0:0:0: Attached scsi CD-ROM sr0
[    2.270984] sr 1:0:0:0: Attached scsi generic sg0 type 5
[    2.271019] Freeing unused kernel memory: 652k freed
[    2.271071] Write protecting the kernel text: 4840k
[    2.271101] Write protecting the kernel read-only data: 1968k
[    2.271190] random 0000 0000 0000 38974d2b 1d8d6de0: rand_read_num 11 get_random_bytes(16): sig 000001c6 38974d2b 1d8d6de0
