[    0.000000] random 0000 0000 0000 00000000 00000000: rand_read_num 1 get_random_bytes(8): sig 00000000 00000000 00000000
[    0.000000] random 0000 0000 0000 00000000 00000000: extract_entropy(.. 8 ..)
[    0.000000] random 0000 0000 0000 00000000 00000000: going to reseed nonblocking with 64 bits (64 of 0 requested)
[    0.000000] random 0000 0000 0000 00000000 00000000: extract_entropy(.. 8 ..)
[    0.000000] random 0000 0000 0000 00000000 00000000: trying to extract 64 bits from input
[    0.000000] random 0000 0000 0000 00000000 00000000: debiting 0 entropy credits from input
[    0.000000] random 0000 0000 0000 00000000 00000000: extract_entropy account returned: 0 
[    0.000000] random 0000 0000 0000 00000000 00000000: urand_change_num 1 xfer_secondary_pool(8): pool_sig 00000000, data_sig 00000000, bytes_mixed 0 00000000 00000000
[    0.000000] random 0000 0000 0000 00000000 00000000: trying to extract 64 bits from nonblocking
[    0.000000] random 0000 0000 0000 00000000 00000000: debiting 64 entropy credits from nonblocking (unlimited)
[    0.000000] random 0000 0000 0000 00000000 00000000: extract_entropy account returned: 8 
[    0.000000] random 0000 0000 0000 00000000 00000000: urand_change_num 2 extract_buf: pool_sig 00000000, data_sig fffffff9, bytes_mixed 20 00000000 00000000
[    0.000000] Initializing cgroup subsys cpuset
[    0.000000] Initializing cgroup subsys cpu
[    0.000000] Linux version 2.6.32.57 (dcashman@ubuntu) (gcc version 4.6.3 (Ubuntu/Linaro 4.6.3-1ubuntu5) ) #4 SMP Fri May 24 11:09:26 PDT 2013
[    0.000000] KERNEL supported cpus:
[    0.000000]   Intel GenuineIntel
[    0.000000]   AMD AuthenticAMD
[    0.000000]   NSC Geode by NSC
[    0.000000]   Cyrix CyrixInstead
[    0.000000]   Centaur CentaurHauls
[    0.000000]   Transmeta GenuineTMx86
[    0.000000]   Transmeta TransmetaCPU
[    0.000000]   UMC UMC UMC UMC
[    0.000000] BIOS-provided physical RAM map:
[    0.000000]  BIOS-e820: 0000000000000000 - 000000000009f000 (usable)
[    0.000000]  BIOS-e820: 000000000009f000 - 00000000000a0000 (reserved)
[    0.000000]  BIOS-e820: 00000000000ca000 - 00000000000cc000 (reserved)
[    0.000000]  BIOS-e820: 00000000000dc000 - 0000000000100000 (reserved)
[    0.000000]  BIOS-e820: 0000000000100000 - 000000003fee0000 (usable)
[    0.000000]  BIOS-e820: 000000003fee0000 - 000000003feff000 (ACPI data)
[    0.000000]  BIOS-e820: 000000003feff000 - 000000003ff00000 (ACPI NVS)
[    0.000000]  BIOS-e820: 000000003ff00000 - 0000000040000000 (usable)
[    0.000000]  BIOS-e820: 00000000e0000000 - 00000000f0000000 (reserved)
[    0.000000]  BIOS-e820: 00000000fec00000 - 00000000fec10000 (reserved)
[    0.000000]  BIOS-e820: 00000000fee00000 - 00000000fee01000 (reserved)
[    0.000000]  BIOS-e820: 00000000fffe0000 - 0000000100000000 (reserved)
[    0.000000] DMI present.
[    0.000000] Phoenix BIOS detected: BIOS may corrupt low RAM, working around it.
[    0.000000] e820 update range: 0000000000000000 - 0000000000010000 (usable) ==> (reserved)
[    0.000000] last_pfn = 0x40000 max_arch_pfn = 0x1000000
[    0.000000] MTRR default type: uncachable
[    0.000000] MTRR fixed ranges enabled:
[    0.000000]   00000-9FFFF write-back
[    0.000000]   A0000-BFFFF uncachable
[    0.000000]   C0000-CBFFF write-protect
[    0.000000]   CC000-EFFFF uncachable
[    0.000000]   F0000-FFFFF write-protect
[    0.000000] MTRR variable ranges enabled:
[    0.000000]   0 base 0000000000 mask FFC0000000 write-back
[    0.000000]   1 disabled
[    0.000000]   2 disabled
[    0.000000]   3 disabled
[    0.000000]   4 disabled
[    0.000000]   5 disabled
[    0.000000]   6 disabled
[    0.000000]   7 disabled
[    0.000000] x86 PAT enabled: cpu 0, old 0x0, new 0x7010600070106
[    0.000000] Scanning 0 areas for low memory corruption
[    0.000000] modified physical RAM map:
[    0.000000]  modified: 0000000000000000 - 0000000000010000 (reserved)
[    0.000000]  modified: 0000000000010000 - 000000000009f000 (usable)
[    0.000000]  modified: 000000000009f000 - 00000000000a0000 (reserved)
[    0.000000]  modified: 00000000000ca000 - 00000000000cc000 (reserved)
[    0.000000]  modified: 00000000000dc000 - 0000000000100000 (reserved)
[    0.000000]  modified: 0000000000100000 - 000000003fee0000 (usable)
[    0.000000]  modified: 000000003fee0000 - 000000003feff000 (ACPI data)
[    0.000000]  modified: 000000003feff000 - 000000003ff00000 (ACPI NVS)
[    0.000000]  modified: 000000003ff00000 - 0000000040000000 (usable)
[    0.000000]  modified: 00000000e0000000 - 00000000f0000000 (reserved)
[    0.000000]  modified: 00000000fec00000 - 00000000fec10000 (reserved)
[    0.000000]  modified: 00000000fee00000 - 00000000fee01000 (reserved)
[    0.000000]  modified: 00000000fffe0000 - 0000000100000000 (reserved)
[    0.000000] initial memory mapped : 0 - 01e00000
[    0.000000] init_memory_mapping: 0000000000000000-00000000379fe000
[    0.000000] NX (Execute Disable) protection: active
[    0.000000]  0000000000 - 0000200000 page 4k
[    0.000000]  0000200000 - 0037800000 page 2M
[    0.000000]  0037800000 - 00379fe000 page 4k
[    0.000000] kernel direct mapping tables up to 379fe000 @ 10000-16000
[    0.000000] RAMDISK: 2dcfc000 - 32e758c3
[    0.000000] ACPI: RSDP 000f6b80 00024 (v02 PTLTD )
[    0.000000] ACPI: XSDT 3feed636 0005C (v01 INTEL  440BX    06040000 VMW  01324272)
[    0.000000] ACPI: FACP 3fefee98 000F4 (v04 INTEL  440BX    06040000 PTL  000F4240)
[    0.000000] ACPI: DSDT 3feee366 10B32 (v01 PTLTD  Custom   06040000 MSFT 03000001)
[    0.000000] ACPI: FACS 3fefffc0 00040
[    0.000000] ACPI: BOOT 3feee33e 00028 (v01 PTLTD  $SBFTBL$ 06040000  LTP 00000001)
[    0.000000] ACPI: APIC 3feedc3e 003C2 (v01 PTLTD  ? APIC   06040000  LTP 00000000)
[    0.000000] ACPI: MCFG 3feedc02 0003C (v01 PTLTD  $PCITBL$ 06040000  LTP 00000001)
[    0.000000] ACPI: SRAT 3feed732 004D0 (v02 VMWARE MEMPLUG  06040000 VMW  00000001)
[    0.000000] ACPI: HPET 3feed6fa 00038 (v01 VMWARE VMW HPET 06040000 VMW  00000001)
[    0.000000] ACPI: WAET 3feed6d2 00028 (v01 VMWARE VMW WAET 06040000 VMW  00000001)
[    0.000000] ACPI: Local APIC address 0xfee00000
[    0.000000] 134MB HIGHMEM available.
[    0.000000] 889MB LOWMEM available.
[    0.000000]   mapped low ram: 0 - 379fe000
[    0.000000]   low ram: 0 - 379fe000
[    0.000000]   node 0 low ram: 00000000 - 379fe000
[    0.000000]   node 0 bootmap 00012000 - 00018f40
[    0.000000] (9 early reservations) ==> bootmem [0000000000 - 00379fe000]
[    0.000000]   #0 [0000000000 - 0000001000]   BIOS data page ==> [0000000000 - 0000001000]
[    0.000000]   #1 [0000001000 - 0000002000]    EX TRAMPOLINE ==> [0000001000 - 0000002000]
[    0.000000]   #2 [0000006000 - 0000007000]       TRAMPOLINE ==> [0000006000 - 0000007000]
[    0.000000]   #3 [0001000000 - 0001a75ff8]    TEXT DATA BSS ==> [0001000000 - 0001a75ff8]
[    0.000000]   #4 [002dcfc000 - 0032e758c3]          RAMDISK ==> [002dcfc000 - 0032e758c3]
[    0.000000]   #5 [000009f000 - 0000100000]    BIOS reserved ==> [000009f000 - 0000100000]
[    0.000000]   #6 [0001a76000 - 0001a851c0]              BRK ==> [0001a76000 - 0001a851c0]
[    0.000000]   #7 [0000010000 - 0000012000]          PGTABLE ==> [0000010000 - 0000012000]
[    0.000000]   #8 [0000012000 - 0000019000]          BOOTMAP ==> [0000012000 - 0000019000]
[    0.000000] found SMP MP-table at [c00f6bf0] f6bf0
[    0.000000] Zone PFN ranges:
[    0.000000]   DMA      0x00000010 -> 0x00001000
[    0.000000]   Normal   0x00001000 -> 0x000379fe
[    0.000000]   HighMem  0x000379fe -> 0x00040000
[    0.000000] Movable zone start PFN for each node
[    0.000000] early_node_map[3] active PFN ranges
[    0.000000]     0: 0x00000010 -> 0x0000009f
[    0.000000]     0: 0x00000100 -> 0x0003fee0
[    0.000000]     0: 0x0003ff00 -> 0x00040000
[    0.000000] On node 0 totalpages: 261999
[    0.000000] free_area_init_node: node 0, pgdat c1715200, node_mem_map c1a87200
[    0.000000]   DMA zone: 32 pages used for memmap
[    0.000000]   DMA zone: 0 pages reserved
[    0.000000]   DMA zone: 3951 pages, LIFO batch:0
[    0.000000]   Normal zone: 1748 pages used for memmap
[    0.000000]   Normal zone: 221994 pages, LIFO batch:31
[    0.000000]   HighMem zone: 269 pages used for memmap
[    0.000000]   HighMem zone: 34005 pages, LIFO batch:7
[    0.000000] Using APIC driver default
[    0.000000] ACPI: PM-Timer IO Port: 0x1008
[    0.000000] ACPI: Local APIC address 0xfee00000
[    0.000000] ACPI: LAPIC (acpi_id[0x00] lapic_id[0x00] enabled)
[    0.000000] ACPI: LAPIC (acpi_id[0x01] lapic_id[0x02] disabled)
[    0.000000] ACPI: LAPIC (acpi_id[0x02] lapic_id[0x04] disabled)
[    0.000000] ACPI: LAPIC (acpi_id[0x03] lapic_id[0x06] disabled)
[    0.000000] ACPI: LAPIC (acpi_id[0x04] lapic_id[0x08] disabled)
[    0.000000] ACPI: LAPIC (acpi_id[0x05] lapic_id[0x0a] disabled)
[    0.000000] ACPI: LAPIC (acpi_id[0x06] lapic_id[0x0c] disabled)
[    0.000000] ACPI: LAPIC (acpi_id[0x07] lapic_id[0x0e] disabled)
[    0.000000] ACPI: LAPIC (acpi_id[0x08] lapic_id[0x10] disabled)
[    0.000000] ACPI: LAPIC (acpi_id[0x09] lapic_id[0x12] disabled)
[    0.000000] ACPI: LAPIC (acpi_id[0x0a] lapic_id[0x14] disabled)
[    0.000000] ACPI: LAPIC (acpi_id[0x0b] lapic_id[0x16] disabled)
[    0.000000] ACPI: LAPIC (acpi_id[0x0c] lapic_id[0x18] disabled)
[    0.000000] ACPI: LAPIC (acpi_id[0x0d] lapic_id[0x1a] disabled)
[    0.000000] ACPI: LAPIC (acpi_id[0x0e] lapic_id[0x1c] disabled)
[    0.000000] ACPI: LAPIC (acpi_id[0x0f] lapic_id[0x1e] disabled)
[    0.000000] ACPI: LAPIC (acpi_id[0x10] lapic_id[0x20] disabled)
[    0.000000] ACPI: LAPIC (acpi_id[0x11] lapic_id[0x22] disabled)
[    0.000000] ACPI: LAPIC (acpi_id[0x12] lapic_id[0x24] disabled)
[    0.000000] ACPI: LAPIC (acpi_id[0x13] lapic_id[0x26] disabled)
[    0.000000] ACPI: LAPIC (acpi_id[0x14] lapic_id[0x28] disabled)
[    0.000000] ACPI: LAPIC (acpi_id[0x15] lapic_id[0x2a] disabled)
[    0.000000] ACPI: LAPIC (acpi_id[0x16] lapic_id[0x2c] disabled)
[    0.000000] ACPI: LAPIC (acpi_id[0x17] lapic_id[0x2e] disabled)
[    0.000000] ACPI: LAPIC (acpi_id[0x18] lapic_id[0x30] disabled)
[    0.000000] ACPI: LAPIC (acpi_id[0x19] lapic_id[0x32] disabled)
[    0.000000] ACPI: LAPIC (acpi_id[0x1a] lapic_id[0x34] disabled)
[    0.000000] ACPI: LAPIC (acpi_id[0x1b] lapic_id[0x36] disabled)
[    0.000000] ACPI: LAPIC (acpi_id[0x1c] lapic_id[0x38] disabled)
[    0.000000] ACPI: LAPIC (acpi_id[0x1d] lapic_id[0x3a] disabled)
[    0.000000] ACPI: LAPIC (acpi_id[0x1e] lapic_id[0x3c] disabled)
[    0.000000] ACPI: LAPIC (acpi_id[0x1f] lapic_id[0x3e] disabled)
[    0.000000] ACPI: LAPIC (acpi_id[0x20] lapic_id[0x40] disabled)
[    0.000000] ACPI: LAPIC (acpi_id[0x21] lapic_id[0x42] disabled)
[    0.000000] ACPI: LAPIC (acpi_id[0x22] lapic_id[0x44] disabled)
[    0.000000] ACPI: LAPIC (acpi_id[0x23] lapic_id[0x46] disabled)
[    0.000000] ACPI: LAPIC (acpi_id[0x24] lapic_id[0x48] disabled)
[    0.000000] ACPI: LAPIC (acpi_id[0x25] lapic_id[0x4a] disabled)
[    0.000000] ACPI: LAPIC (acpi_id[0x26] lapic_id[0x4c] disabled)
[    0.000000] ACPI: LAPIC (acpi_id[0x27] lapic_id[0x4e] disabled)
[    0.000000] ACPI: LAPIC (acpi_id[0x28] lapic_id[0x50] disabled)
[    0.000000] ACPI: LAPIC (acpi_id[0x29] lapic_id[0x52] disabled)
[    0.000000] ACPI: LAPIC (acpi_id[0x2a] lapic_id[0x54] disabled)
[    0.000000] ACPI: LAPIC (acpi_id[0x2b] lapic_id[0x56] disabled)
[    0.000000] ACPI: LAPIC (acpi_id[0x2c] lapic_id[0x58] disabled)
[    0.000000] ACPI: LAPIC (acpi_id[0x2d] lapic_id[0x5a] disabled)
[    0.000000] ACPI: LAPIC (acpi_id[0x2e] lapic_id[0x5c] disabled)
[    0.000000] ACPI: LAPIC (acpi_id[0x2f] lapic_id[0x5e] disabled)
[    0.000000] ACPI: LAPIC (acpi_id[0x30] lapic_id[0x60] disabled)
[    0.000000] ACPI: LAPIC (acpi_id[0x31] lapic_id[0x62] disabled)
[    0.000000] ACPI: LAPIC (acpi_id[0x32] lapic_id[0x64] disabled)
[    0.000000] ACPI: LAPIC (acpi_id[0x33] lapic_id[0x66] disabled)
[    0.000000] ACPI: LAPIC (acpi_id[0x34] lapic_id[0x68] disabled)
[    0.000000] ACPI: LAPIC (acpi_id[0x35] lapic_id[0x6a] disabled)
[    0.000000] ACPI: LAPIC (acpi_id[0x36] lapic_id[0x6c] disabled)
[    0.000000] ACPI: LAPIC (acpi_id[0x37] lapic_id[0x6e] disabled)
[    0.000000] ACPI: LAPIC (acpi_id[0x38] lapic_id[0x70] disabled)
[    0.000000] ACPI: LAPIC (acpi_id[0x39] lapic_id[0x72] disabled)
[    0.000000] ACPI: LAPIC (acpi_id[0x3a] lapic_id[0x74] disabled)
[    0.000000] ACPI: LAPIC (acpi_id[0x3b] lapic_id[0x76] disabled)
[    0.000000] ACPI: LAPIC (acpi_id[0x3c] lapic_id[0x78] disabled)
[    0.000000] ACPI: LAPIC (acpi_id[0x3d] lapic_id[0x7a] disabled)
[    0.000000] ACPI: LAPIC (acpi_id[0x3e] lapic_id[0x7c] disabled)
[    0.000000] ACPI: LAPIC (acpi_id[0x3f] lapic_id[0x7e] disabled)
[    0.000000] ACPI: LAPIC_NMI (acpi_id[0x00] high edge lint[0x1])
[    0.000000] ACPI: LAPIC_NMI (acpi_id[0x01] high edge lint[0x1])
[    0.000000] ACPI: LAPIC_NMI (acpi_id[0x02] high edge lint[0x1])
[    0.000000] ACPI: LAPIC_NMI (acpi_id[0x03] high edge lint[0x1])
[    0.000000] ACPI: LAPIC_NMI (acpi_id[0x04] high edge lint[0x1])
[    0.000000] ACPI: LAPIC_NMI (acpi_id[0x05] high edge lint[0x1])
[    0.000000] ACPI: LAPIC_NMI (acpi_id[0x06] high edge lint[0x1])
[    0.000000] ACPI: LAPIC_NMI (acpi_id[0x07] high edge lint[0x1])
[    0.000000] ACPI: LAPIC_NMI (acpi_id[0x08] high edge lint[0x1])
[    0.000000] ACPI: LAPIC_NMI (acpi_id[0x09] high edge lint[0x1])
[    0.000000] ACPI: LAPIC_NMI (acpi_id[0x0a] high edge lint[0x1])
[    0.000000] ACPI: LAPIC_NMI (acpi_id[0x0b] high edge lint[0x1])
[    0.000000] ACPI: LAPIC_NMI (acpi_id[0x0c] high edge lint[0x1])
[    0.000000] ACPI: LAPIC_NMI (acpi_id[0x0d] high edge lint[0x1])
[    0.000000] ACPI: LAPIC_NMI (acpi_id[0x0e] high edge lint[0x1])
[    0.000000] ACPI: LAPIC_NMI (acpi_id[0x0f] high edge lint[0x1])
[    0.000000] ACPI: LAPIC_NMI (acpi_id[0x10] high edge lint[0x1])
[    0.000000] ACPI: LAPIC_NMI (acpi_id[0x11] high edge lint[0x1])
[    0.000000] ACPI: LAPIC_NMI (acpi_id[0x12] high edge lint[0x1])
[    0.000000] ACPI: LAPIC_NMI (acpi_id[0x13] high edge lint[0x1])
[    0.000000] ACPI: LAPIC_NMI (acpi_id[0x14] high edge lint[0x1])
[    0.000000] ACPI: LAPIC_NMI (acpi_id[0x15] high edge lint[0x1])
[    0.000000] ACPI: LAPIC_NMI (acpi_id[0x16] high edge lint[0x1])
[    0.000000] ACPI: LAPIC_NMI (acpi_id[0x17] high edge lint[0x1])
[    0.000000] ACPI: LAPIC_NMI (acpi_id[0x18] high edge lint[0x1])
[    0.000000] ACPI: LAPIC_NMI (acpi_id[0x19] high edge lint[0x1])
[    0.000000] ACPI: LAPIC_NMI (acpi_id[0x1a] high edge lint[0x1])
[    0.000000] ACPI: LAPIC_NMI (acpi_id[0x1b] high edge lint[0x1])
[    0.000000] ACPI: LAPIC_NMI (acpi_id[0x1c] high edge lint[0x1])
[    0.000000] ACPI: LAPIC_NMI (acpi_id[0x1d] high edge lint[0x1])
[    0.000000] ACPI: LAPIC_NMI (acpi_id[0x1e] high edge lint[0x1])
[    0.000000] ACPI: LAPIC_NMI (acpi_id[0x1f] high edge lint[0x1])
[    0.000000] ACPI: LAPIC_NMI (acpi_id[0x20] high edge lint[0x1])
[    0.000000] ACPI: LAPIC_NMI (acpi_id[0x21] high edge lint[0x1])
[    0.000000] ACPI: LAPIC_NMI (acpi_id[0x22] high edge lint[0x1])
[    0.000000] ACPI: LAPIC_NMI (acpi_id[0x23] high edge lint[0x1])
[    0.000000] ACPI: LAPIC_NMI (acpi_id[0x24] high edge lint[0x1])
[    0.000000] ACPI: LAPIC_NMI (acpi_id[0x25] high edge lint[0x1])
[    0.000000] ACPI: LAPIC_NMI (acpi_id[0x26] high edge lint[0x1])
[    0.000000] ACPI: LAPIC_NMI (acpi_id[0x27] high edge lint[0x1])
[    0.000000] ACPI: LAPIC_NMI (acpi_id[0x28] high edge lint[0x1])
[    0.000000] ACPI: LAPIC_NMI (acpi_id[0x29] high edge lint[0x1])
[    0.000000] ACPI: LAPIC_NMI (acpi_id[0x2a] high edge lint[0x1])
[    0.000000] ACPI: LAPIC_NMI (acpi_id[0x2b] high edge lint[0x1])
[    0.000000] ACPI: LAPIC_NMI (acpi_id[0x2c] high edge lint[0x1])
[    0.000000] ACPI: LAPIC_NMI (acpi_id[0x2d] high edge lint[0x1])
[    0.000000] ACPI: LAPIC_NMI (acpi_id[0x2e] high edge lint[0x1])
[    0.000000] ACPI: LAPIC_NMI (acpi_id[0x2f] high edge lint[0x1])
[    0.000000] ACPI: LAPIC_NMI (acpi_id[0x30] high edge lint[0x1])
[    0.000000] ACPI: LAPIC_NMI (acpi_id[0x31] high edge lint[0x1])
[    0.000000] ACPI: LAPIC_NMI (acpi_id[0x32] high edge lint[0x1])
[    0.000000] ACPI: LAPIC_NMI (acpi_id[0x33] high edge lint[0x1])
[    0.000000] ACPI: LAPIC_NMI (acpi_id[0x34] high edge lint[0x1])
[    0.000000] ACPI: LAPIC_NMI (acpi_id[0x35] high edge lint[0x1])
[    0.000000] ACPI: LAPIC_NMI (acpi_id[0x36] high edge lint[0x1])
[    0.000000] ACPI: LAPIC_NMI (acpi_id[0x37] high edge lint[0x1])
[    0.000000] ACPI: LAPIC_NMI (acpi_id[0x38] high edge lint[0x1])
[    0.000000] ACPI: LAPIC_NMI (acpi_id[0x39] high edge lint[0x1])
[    0.000000] ACPI: LAPIC_NMI (acpi_id[0x3a] high edge lint[0x1])
[    0.000000] ACPI: LAPIC_NMI (acpi_id[0x3b] high edge lint[0x1])
[    0.000000] ACPI: LAPIC_NMI (acpi_id[0x3c] high edge lint[0x1])
[    0.000000] ACPI: LAPIC_NMI (acpi_id[0x3d] high edge lint[0x1])
[    0.000000] ACPI: LAPIC_NMI (acpi_id[0x3e] high edge lint[0x1])
[    0.000000] ACPI: LAPIC_NMI (acpi_id[0x3f] high edge lint[0x1])
[    0.000000] ACPI: Skipping IOAPIC probe due to 'noapic' option.
[    0.000000] Using ACPI for processor (LAPIC) configuration information
[    0.000000] ACPI: HPET id: 0x8086af01 base: 0xfed00000
[    0.000000] Intel MultiProcessor Specification v1.4
[    0.000000]     Virtual Wire compatibility mode.
[    0.000000] MPTABLE: OEM ID: INTEL   
[    0.000000] MPTABLE: Product ID: 440BX       
[    0.000000] MPTABLE: APIC at: 0xFEE00000
[    0.000000] I/O APIC #1 Version 17 at 0xFEC00000.
[    0.000000] Processors: 1
[    0.000000] 64 Processors exceeds NR_CPUS limit of 8
[    0.000000] SMP: Allowing 8 CPUs, 7 hotplug CPUs
[    0.000000] nr_irqs_gsi: 24
[    0.000000] PM: Registered nosave memory: 000000000009f000 - 00000000000a0000
[    0.000000] PM: Registered nosave memory: 00000000000a0000 - 00000000000ca000
[    0.000000] PM: Registered nosave memory: 00000000000ca000 - 00000000000cc000
[    0.000000] PM: Registered nosave memory: 00000000000cc000 - 00000000000dc000
[    0.000000] PM: Registered nosave memory: 00000000000dc000 - 0000000000100000
[    0.000000] Allocating PCI resources starting at 40000000 (gap: 40000000:a0000000)
[    0.000000] Booting paravirtualized kernel on bare hardware
[    0.000000] NR_CPUS:8 nr_cpumask_bits:8 nr_cpu_ids:8 nr_node_ids:1
[    0.000000] PERCPU: Embedded 15 pages/cpu @c2400000 s39320 r0 d22120 u262144
[    0.000000] pcpu-alloc: s39320 r0 d22120 u262144 alloc=1*2097152
[    0.000000] pcpu-alloc: [0] 0 1 2 3 4 5 6 7 
[    0.000000] Built 1 zonelists in Zone order, mobility grouping on.  Total pages: 259950
[    0.000000] Kernel command line: BOOT_IMAGE=/boot/vmlinuz-2.6.32.57 root=UUID=007b598c-390d-4c65-84a1-4ff752d48633 ro quiet splash maxcpus=0
[    0.000000] PID hash table entries: 4096 (order: 2, 16384 bytes)
[    0.000000] Dentry cache hash table entries: 131072 (order: 7, 524288 bytes)
[    0.000000] Inode-cache hash table entries: 65536 (order: 6, 262144 bytes)
[    0.000000] Enabling fast FPU save and restore... done.
[    0.000000] Enabling unmasked SIMD FPU exception support... done.
[    0.000000] Initializing CPU#0
[    0.000000] xsave/xrstor: enabled xstate_bv 0x7, cntxt size 0x340
[    0.000000] allocated 5242560 bytes of page_cgroup
[    0.000000] please try 'cgroup_disable=memory' option if you don't want memory cgroups
[    0.000000] Initializing HighMem for node 0 (000379fe:00040000)
[    0.000000] Memory: 938260k/1048576k available (4839k kernel code, 108848k reserved, 2518k data, 652k init, 137096k highmem)
[    0.000000] virtual kernel memory layout:
[    0.000000]     fixmap  : 0xfff1e000 - 0xfffff000   ( 900 kB)
[    0.000000]     pkmap   : 0xffa00000 - 0xffc00000   (2048 kB)
[    0.000000]     vmalloc : 0xf81fe000 - 0xff9fe000   ( 120 MB)
[    0.000000]     lowmem  : 0xc0000000 - 0xf79fe000   ( 889 MB)
[    0.000000]       .init : 0xc1730000 - 0xc17d3000   ( 652 kB)
[    0.000000]       .data : 0xc14b9cce - 0xc172f764   (2518 kB)
[    0.000000]       .text : 0xc1000000 - 0xc14b9cce   (4839 kB)
[    0.000000] Checking if this processor honours the WP bit even in supervisor mode...Ok.
[    0.000000] SLUB: Genslabs=13, HWalign=64, Order=0-3, MinObjects=0, CPUs=8, Nodes=1
[    0.000000] Hierarchical RCU implementation.
[    0.000000] NR_IRQS:2304 nr_irqs:472
[    0.000000] Extended CMOS year: 2000
[    0.000000] Console: colour VGA+ 80x25
[    0.000000] console [tty0] enabled
[    0.000000] hpet clockevent registered
[    0.000000] TSC freq read from hypervisor : 2394.620 MHz
[    0.000000] Detected 2394.620 MHz processor.
[    0.000011] Calibrating delay loop (skipped) preset value.. 4789.24 BogoMIPS (lpj=9578480)
[    0.000029] Security Framework initialized
[    0.000033] SELinux:  Disabled at boot.
[    0.000039] Mount-cache hash table entries: 512
[    0.000151] Initializing cgroup subsys cpuacct
[    0.000154] Initializing cgroup subsys memory
[    0.000157] Initializing cgroup subsys devices
[    0.000159] Initializing cgroup subsys freezer
[    0.000185] CPU: Physical Processor ID: 0
[    0.000191] CPU: L1 I cache: 32K, L1 D cache: 32K
[    0.000193] CPU: L2 cache: 256K
[    0.000194] CPU: L3 cache: 4096K
[    0.000199] mce: CPU supports 0 MCE banks
[    0.000210] Performance Events: no PMU driver, software events only.
[    0.000220] Checking 'hlt' instruction... OK.
[    0.017466] SMP alternatives: switching to UP code
[    0.035374] ACPI: Core revision 20090903
[    0.042802] ACPI: setting ELCR to 0200 (from 0e20)
[    0.043963] ftrace: converting mcount calls to 0f 1f 44 00 00
[    0.043971] ftrace: allocating 22631 entries in 45 pages
[    0.061060] CANARY value: 2c212745 for PID: 1
[    0.061129] Not enabling x2apic, Intr-remapping init failed.
[    0.061130] Enabling APIC mode:  Flat.  Using 1 I/O APICs
[    0.061138] SMP mode deactivated.
[    0.061163] SMP disabled
[    0.061220] Brought up 1 CPUs
[    0.061221] Total of 1 processors activated (4789.24 BogoMIPS).
[    0.061226] CPU0 attaching NULL sched-domain.
[    0.061295] devtmpfs: initialized
[    0.061400] sysctl table check failed: /kernel/random/now_input .1.40.7 Unknown sysctl binary path
[    0.061641] Pid: 1, comm: swapper Not tainted 2.6.32.57 #4
[    0.061642] Call Trace:
[    0.061646]  [<c14a8a0e>] ? printk+0x1d/0x1f
[    0.061649]  [<c107b56f>] set_fail+0x4f/0x60
[    0.061651]  [<c107b8b3>] sysctl_check_table+0x333/0x620
[    0.061652]  [<c107b8cc>] sysctl_check_table+0x34c/0x620
[    0.061654]  [<c107b8cc>] sysctl_check_table+0x34c/0x620
[    0.061657]  [<c1746d48>] sysctl_init+0x25/0x29
[    0.061660]  [<c1003042>] do_one_initcall+0x32/0x1a0
[    0.061662]  [<c1746d23>] ? sysctl_init+0x0/0x29
[    0.061664]  [<c17308e7>] kernel_init+0x12d/0x17a
[    0.061666]  [<c17307ba>] ? kernel_init+0x0/0x17a
[    0.061668]  [<c1009b07>] kernel_thread_helper+0x7/0x10
[    0.061669] sysctl table check failed: /kernel/random/now_blocking .1.40.8 Unknown sysctl binary path
[    0.061898] Pid: 1, comm: swapper Not tainted 2.6.32.57 #4
[    0.061899] Call Trace:
[    0.061900]  [<c14a8a0e>] ? printk+0x1d/0x1f
[    0.061902]  [<c107b56f>] set_fail+0x4f/0x60
[    0.061903]  [<c107b8b3>] sysctl_check_table+0x333/0x620
[    0.061905]  [<c107b8cc>] sysctl_check_table+0x34c/0x620
[    0.061907]  [<c107b8cc>] sysctl_check_table+0x34c/0x620
[    0.061909]  [<c1746d48>] sysctl_init+0x25/0x29
[    0.061910]  [<c1003042>] do_one_initcall+0x32/0x1a0
[    0.061913]  [<c1746d23>] ? sysctl_init+0x0/0x29
[    0.061935]  [<c17308e7>] kernel_init+0x12d/0x17a
[    0.061937]  [<c17307ba>] ? kernel_init+0x0/0x17a
[    0.061939]  [<c1009b07>] kernel_thread_helper+0x7/0x10
[    0.061940] sysctl table check failed: /kernel/random/now_nonblocking .1.40.9 Unknown sysctl binary path
[    0.062189] Pid: 1, comm: swapper Not tainted 2.6.32.57 #4
[    0.062190] Call Trace:
[    0.062191]  [<c14a8a0e>] ? printk+0x1d/0x1f
[    0.062193]  [<c107b56f>] set_fail+0x4f/0x60
[    0.062194]  [<c107b8b3>] sysctl_check_table+0x333/0x620
[    0.062196]  [<c107b8cc>] sysctl_check_table+0x34c/0x620
[    0.062198]  [<c107b8cc>] sysctl_check_table+0x34c/0x620
[    0.062200]  [<c1746d48>] sysctl_init+0x25/0x29
[    0.062201]  [<c1003042>] do_one_initcall+0x32/0x1a0
[    0.062204]  [<c1746d23>] ? sysctl_init+0x0/0x29
[    0.062205]  [<c17308e7>] kernel_init+0x12d/0x17a
[    0.062206]  [<c17307ba>] ? kernel_init+0x0/0x17a
[    0.062208]  [<c1009b07>] kernel_thread_helper+0x7/0x10
[    0.062209] sysctl table check failed: /kernel/random/nb_input_bytes .1.40.10 Unknown sysctl binary path
[    0.062439] Pid: 1, comm: swapper Not tainted 2.6.32.57 #4
[    0.062439] Call Trace:
[    0.062441]  [<c14a8a0e>] ? printk+0x1d/0x1f
[    0.062442]  [<c107b56f>] set_fail+0x4f/0x60
[    0.062444]  [<c107b8b3>] sysctl_check_table+0x333/0x620
[    0.062445]  [<c107b8cc>] sysctl_check_table+0x34c/0x620
[    0.062447]  [<c107b8cc>] sysctl_check_table+0x34c/0x620
[    0.062449]  [<c1746d48>] sysctl_init+0x25/0x29
[    0.062451]  [<c1003042>] do_one_initcall+0x32/0x1a0
[    0.062453]  [<c1746d23>] ? sysctl_init+0x0/0x29
[    0.062454]  [<c17308e7>] kernel_init+0x12d/0x17a
[    0.062456]  [<c17307ba>] ? kernel_init+0x0/0x17a
[    0.062457]  [<c1009b07>] kernel_thread_helper+0x7/0x10
[    0.062458] sysctl table check failed: /kernel/random/nb_stir_count .1.40.11 Unknown sysctl binary path
[    0.062687] Pid: 1, comm: swapper Not tainted 2.6.32.57 #4
[    0.062688] Call Trace:
[    0.062689]  [<c14a8a0e>] ? printk+0x1d/0x1f
[    0.062691]  [<c107b56f>] set_fail+0x4f/0x60
[    0.062692]  [<c107b8b3>] sysctl_check_table+0x333/0x620
[    0.062694]  [<c107b8cc>] sysctl_check_table+0x34c/0x620
[    0.062695]  [<c107b8cc>] sysctl_check_table+0x34c/0x620
[    0.062698]  [<c1746d48>] sysctl_init+0x25/0x29
[    0.062699]  [<c1003042>] do_one_initcall+0x32/0x1a0
[    0.062701]  [<c1746d23>] ? sysctl_init+0x0/0x29
[    0.062703]  [<c17308e7>] kernel_init+0x12d/0x17a
[    0.062704]  [<c17307ba>] ? kernel_init+0x0/0x17a
[    0.062705]  [<c1009b07>] kernel_thread_helper+0x7/0x10
[    0.062707] sysctl table check failed: /kernel/random/nb_reentry_count .1.40.12 Unknown sysctl binary path
[    0.062958] Pid: 1, comm: swapper Not tainted 2.6.32.57 #4
[    0.062959] Call Trace:
[    0.062961]  [<c14a8a0e>] ? printk+0x1d/0x1f
[    0.062971]  [<c107b56f>] set_fail+0x4f/0x60
[    0.062972]  [<c107b8b3>] sysctl_check_table+0x333/0x620
[    0.062974]  [<c107b8cc>] sysctl_check_table+0x34c/0x620
[    0.062976]  [<c107b8cc>] sysctl_check_table+0x34c/0x620
[    0.062978]  [<c1746d48>] sysctl_init+0x25/0x29
[    0.062979]  [<c1003042>] do_one_initcall+0x32/0x1a0
[    0.062981]  [<c1746d23>] ? sysctl_init+0x0/0x29
[    0.062983]  [<c17308e7>] kernel_init+0x12d/0x17a
[    0.062984]  [<c17307ba>] ? kernel_init+0x0/0x17a
[    0.062986]  [<c1009b07>] kernel_thread_helper+0x7/0x10
[    0.063097] RANDOM - __seed init called.
[    0.063098] RANDOM - __seed init called.
[    0.063098] RANDOM - __seed init called.
[    0.063100] RANDOM - __random32 called. Change num 1.  Value: 97305ca5	7ac4e314	874f43ab
[    0.063101] RANDOM - __random32 called. Change num 2.  Value: 5ca5394	ac4e3148	8757a6ab
[    0.063102] RANDOM - __random32 called. Change num 3.  Value: a53949f7	c4e3148e	4d57bd52
[    0.063104] RANDOM - __random32 called. Change num 4.  Value: 949f7180	4e3148eb	7aa4fd4a
[    0.063105] RANDOM - __random32 called. Change num 5.  Value: f7180f55	e3148ebb	fa95f062
[    0.063106] RANDOM - __random32 called. Change num 6.  Value: 80f55ede	3148ebb7	e0c5c74e
[    0.063107] RANDOM - random32 init called.  Value: 80f55ede	3148ebb7	e0c5c74e
[    0.063113] regulator: core version 0.5
[    0.063173] Time: 20:34:00  Date: 05/24/13
[    0.063207] NET: Registered protocol family 16
[    0.063267] EISA bus registered
[    0.064032] ACPI: bus type pci registered
[    0.064139] PCI: MCFG configuration 0: base e0000000 segment 0 buses 0 - 255
[    0.064141] PCI: MCFG area at e0000000 reserved in E820
[    0.064142] PCI: Using MMCONFIG for extended config space
[    0.064142] PCI: Using configuration type 1 for base access
[    0.064585] bio: create slab <bio-0> at 0
[    0.065804] ACPI: EC: Look up EC in DSDT
[    0.101860] ACPI: BIOS _OSI(Linux) query ignored
[    0.107548] ACPI: Interpreter enabled
[    0.107551] ACPI: (supports S0 S1 S4 S5)
[    0.107562] ACPI: Using PIC for interrupt routing
[    0.187187] ACPI: No dock devices found.
[    0.187992] ACPI: PCI Root Bridge [PCI0] (0000:00)
[    0.189467] pci 0000:00:07.1: reg 20 io port: [0x10c0-0x10cf]
[    0.189976] pci 0000:00:07.3: quirk: region 1000-103f claimed by PIIX4 ACPI
[    0.189987] pci 0000:00:07.3: quirk: region 1040-104f claimed by PIIX4 SMB
[    0.190508] pci 0000:00:07.7: reg 10 io port: [0x1080-0x10bf]
[    0.190895] pci 0000:00:07.7: reg 14 64bit mmio: [0xc8000000-0xc8001fff]
[    0.191992] pci 0000:00:0f.0: reg 10 io port: [0x10d0-0x10df]
[    0.192028] pci 0000:00:0f.0: reg 14 32bit mmio pref: [0xd0000000-0xd7ffffff]
[    0.192064] pci 0000:00:0f.0: reg 18 32bit mmio: [0xc8800000-0xc8ffffff]
[    0.192200] pci 0000:00:0f.0: reg 30 32bit mmio pref: [0x000000-0x007fff]
[    0.192692] pci 0000:00:10.0: reg 10 io port: [0x1400-0x14ff]
[    0.193062] pci 0000:00:10.0: reg 14 64bit mmio: [0xc8040000-0xc805ffff]
[    0.193404] pci 0000:00:10.0: reg 1c 64bit mmio: [0xc8020000-0xc803ffff]
[    0.193474] pci 0000:00:10.0: reg 30 32bit mmio pref: [0x000000-0x003fff]
[    0.194788] pci 0000:00:15.0: PME# supported from D0 D3hot D3cold
[    0.194816] pci 0000:00:15.0: PME# disabled
[    0.195610] pci 0000:00:15.1: PME# supported from D0 D3hot D3cold
[    0.195629] pci 0000:00:15.1: PME# disabled
[    0.196460] pci 0000:00:15.2: PME# supported from D0 D3hot D3cold
[    0.196479] pci 0000:00:15.2: PME# disabled
[    0.197314] pci 0000:00:15.3: PME# supported from D0 D3hot D3cold
[    0.197332] pci 0000:00:15.3: PME# disabled
[    0.198147] pci 0000:00:15.4: PME# supported from D0 D3hot D3cold
[    0.198165] pci 0000:00:15.4: PME# disabled
[    0.198981] pci 0000:00:15.5: PME# supported from D0 D3hot D3cold
[    0.199000] pci 0000:00:15.5: PME# disabled
[    0.199834] pci 0000:00:15.6: PME# supported from D0 D3hot D3cold
[    0.199852] pci 0000:00:15.6: PME# disabled
[    0.200649] pci 0000:00:15.7: PME# supported from D0 D3hot D3cold
[    0.200667] pci 0000:00:15.7: PME# disabled
[    0.201494] pci 0000:00:16.0: PME# supported from D0 D3hot D3cold
[    0.201513] pci 0000:00:16.0: PME# disabled
[    0.202335] pci 0000:00:16.1: PME# supported from D0 D3hot D3cold
[    0.202354] pci 0000:00:16.1: PME# disabled
[    0.203175] pci 0000:00:16.2: PME# supported from D0 D3hot D3cold
[    0.203193] pci 0000:00:16.2: PME# disabled
[    0.204016] pci 0000:00:16.3: PME# supported from D0 D3hot D3cold
[    0.204035] pci 0000:00:16.3: PME# disabled
[    0.204850] pci 0000:00:16.4: PME# supported from D0 D3hot D3cold
[    0.204869] pci 0000:00:16.4: PME# disabled
[    0.205662] pci 0000:00:16.5: PME# supported from D0 D3hot D3cold
[    0.205681] pci 0000:00:16.5: PME# disabled
[    0.206502] pci 0000:00:16.6: PME# supported from D0 D3hot D3cold
[    0.206520] pci 0000:00:16.6: PME# disabled
[    0.207335] pci 0000:00:16.7: PME# supported from D0 D3hot D3cold
[    0.207354] pci 0000:00:16.7: PME# disabled
[    0.208177] pci 0000:00:17.0: PME# supported from D0 D3hot D3cold
[    0.208195] pci 0000:00:17.0: PME# disabled
[    0.209018] pci 0000:00:17.1: PME# supported from D0 D3hot D3cold
[    0.209037] pci 0000:00:17.1: PME# disabled
[    0.209868] pci 0000:00:17.2: PME# supported from D0 D3hot D3cold
[    0.209887] pci 0000:00:17.2: PME# disabled
[    0.210689] pci 0000:00:17.3: PME# supported from D0 D3hot D3cold
[    0.210723] pci 0000:00:17.3: PME# disabled
[    0.211529] pci 0000:00:17.4: PME# supported from D0 D3hot D3cold
[    0.211547] pci 0000:00:17.4: PME# disabled
[    0.212376] pci 0000:00:17.5: PME# supported from D0 D3hot D3cold
[    0.212395] pci 0000:00:17.5: PME# disabled
[    0.213217] pci 0000:00:17.6: PME# supported from D0 D3hot D3cold
[    0.213236] pci 0000:00:17.6: PME# disabled
[    0.214052] pci 0000:00:17.7: PME# supported from D0 D3hot D3cold
[    0.214070] pci 0000:00:17.7: PME# disabled
[    0.214888] pci 0000:00:18.0: PME# supported from D0 D3hot D3cold
[    0.214907] pci 0000:00:18.0: PME# disabled
[    0.215719] pci 0000:00:18.1: PME# supported from D0 D3hot D3cold
[    0.215760] pci 0000:00:18.1: PME# disabled
[    0.216569] pci 0000:00:18.2: PME# supported from D0 D3hot D3cold
[    0.216588] pci 0000:00:18.2: PME# disabled
[    0.217421] pci 0000:00:18.3: PME# supported from D0 D3hot D3cold
[    0.217440] pci 0000:00:18.3: PME# disabled
[    0.218263] pci 0000:00:18.4: PME# supported from D0 D3hot D3cold
[    0.218282] pci 0000:00:18.4: PME# disabled
[    0.219103] pci 0000:00:18.5: PME# supported from D0 D3hot D3cold
[    0.219122] pci 0000:00:18.5: PME# disabled
[    0.220005] pci 0000:00:18.6: PME# supported from D0 D3hot D3cold
[    0.220025] pci 0000:00:18.6: PME# disabled
[    0.220857] pci 0000:00:18.7: PME# supported from D0 D3hot D3cold
[    0.220876] pci 0000:00:18.7: PME# disabled
[    0.221932] pci 0000:02:00.0: reg 20 io port: [0x20c0-0x20df]
[    0.222391] pci 0000:02:01.0: reg 10 io port: [0x2000-0x207f]
[    0.222593] pci 0000:02:01.0: reg 30 32bit mmio pref: [0x000000-0x00ffff]
[    0.223208] pci 0000:02:02.0: reg 10 io port: [0x2080-0x20bf]
[    0.223794] pci 0000:02:03.0: reg 10 32bit mmio: [0xc9000000-0xc9000fff]
[    0.224315] pci 0000:00:11.0: transparent bridge
[    0.224334] pci 0000:00:11.0: bridge io port: [0x2000-0x3fff]
[    0.224353] pci 0000:00:11.0: bridge 32bit mmio: [0xc9000000-0xca3fffff]
[    0.224389] pci 0000:00:11.0: bridge 64bit mmio pref: [0xd8400000-0xd89fffff]
[    0.224752] pci 0000:00:15.0: bridge io port: [0x4000-0x4fff]
[    0.224771] pci 0000:00:15.0: bridge 32bit mmio: [0xca400000-0xca4fffff]
[    0.224806] pci 0000:00:15.0: bridge 64bit mmio pref: [0xd8a00000-0xd8afffff]
[    0.225140] pci 0000:00:15.1: bridge io port: [0x8000-0x8fff]
[    0.225159] pci 0000:00:15.1: bridge 32bit mmio: [0xca800000-0xca8fffff]
[    0.225194] pci 0000:00:15.1: bridge 64bit mmio pref: [0xd8e00000-0xd8efffff]
[    0.225527] pci 0000:00:15.2: bridge io port: [0xc000-0xcfff]
[    0.225546] pci 0000:00:15.2: bridge 32bit mmio: [0xcac00000-0xcacfffff]
[    0.225581] pci 0000:00:15.2: bridge 64bit mmio pref: [0xd9200000-0xd92fffff]
[    0.225994] pci 0000:00:15.3: bridge 32bit mmio: [0xcb000000-0xcb0fffff]
[    0.226030] pci 0000:00:15.3: bridge 64bit mmio pref: [0xd9600000-0xd96fffff]
[    0.226387] pci 0000:00:15.4: bridge 32bit mmio: [0xcb400000-0xcb4fffff]
[    0.226423] pci 0000:00:15.4: bridge 64bit mmio pref: [0xd9a00000-0xd9afffff]
[    0.226803] pci 0000:00:15.5: bridge 32bit mmio: [0xcb800000-0xcb8fffff]
[    0.226839] pci 0000:00:15.5: bridge 64bit mmio pref: [0xd9e00000-0xd9efffff]
[    0.227190] pci 0000:00:15.6: bridge 32bit mmio: [0xcbc00000-0xcbcfffff]
[    0.227226] pci 0000:00:15.6: bridge 64bit mmio pref: [0xda200000-0xda2fffff]
[    0.227576] pci 0000:00:15.7: bridge 32bit mmio: [0xcc000000-0xcc0fffff]
[    0.227612] pci 0000:00:15.7: bridge 64bit mmio pref: [0xda600000-0xda6fffff]
[    0.227995] pci 0000:00:16.0: bridge io port: [0x5000-0x5fff]
[    0.228014] pci 0000:00:16.0: bridge 32bit mmio: [0xca500000-0xca5fffff]
[    0.228051] pci 0000:00:16.0: bridge 64bit mmio pref: [0xd8b00000-0xd8bfffff]
[    0.228386] pci 0000:00:16.1: bridge io port: [0x9000-0x9fff]
[    0.228405] pci 0000:00:16.1: bridge 32bit mmio: [0xca900000-0xca9fffff]
[    0.228440] pci 0000:00:16.1: bridge 64bit mmio pref: [0xd8f00000-0xd8ffffff]
[    0.228798] pci 0000:00:16.2: bridge io port: [0xd000-0xdfff]
[    0.228816] pci 0000:00:16.2: bridge 32bit mmio: [0xcad00000-0xcadfffff]
[    0.228852] pci 0000:00:16.2: bridge 64bit mmio pref: [0xd9300000-0xd93fffff]
[    0.229204] pci 0000:00:16.3: bridge 32bit mmio: [0xcb100000-0xcb1fffff]
[    0.229239] pci 0000:00:16.3: bridge 64bit mmio pref: [0xd9700000-0xd97fffff]
[    0.229589] pci 0000:00:16.4: bridge 32bit mmio: [0xcb500000-0xcb5fffff]
[    0.229625] pci 0000:00:16.4: bridge 64bit mmio pref: [0xd9b00000-0xd9bfffff]
[    0.230008] pci 0000:00:16.5: bridge 32bit mmio: [0xcb900000-0xcb9fffff]
[    0.230044] pci 0000:00:16.5: bridge 64bit mmio pref: [0xd9f00000-0xd9ffffff]
[    0.230395] pci 0000:00:16.6: bridge 32bit mmio: [0xcbd00000-0xcbdfffff]
[    0.230431] pci 0000:00:16.6: bridge 64bit mmio pref: [0xda300000-0xda3fffff]
[    0.230853] pci 0000:00:16.7: bridge 32bit mmio: [0xcc100000-0xcc1fffff]
[    0.230890] pci 0000:00:16.7: bridge 64bit mmio pref: [0xda700000-0xda7fffff]
[    0.231229] pci 0000:00:17.0: bridge io port: [0x6000-0x6fff]
[    0.231247] pci 0000:00:17.0: bridge 32bit mmio: [0xca600000-0xca6fffff]
[    0.231283] pci 0000:00:17.0: bridge 64bit mmio pref: [0xd8c00000-0xd8cfffff]
[    0.231616] pci 0000:00:17.1: bridge io port: [0xa000-0xafff]
[    0.231635] pci 0000:00:17.1: bridge 32bit mmio: [0xcaa00000-0xcaafffff]
[    0.231699] pci 0000:00:17.1: bridge 64bit mmio pref: [0xd9000000-0xd90fffff]
[    0.232045] pci 0000:00:17.2: bridge io port: [0xe000-0xefff]
[    0.232063] pci 0000:00:17.2: bridge 32bit mmio: [0xcae00000-0xcaefffff]
[    0.232099] pci 0000:00:17.2: bridge 64bit mmio pref: [0xd9400000-0xd94fffff]
[    0.232449] pci 0000:00:17.3: bridge 32bit mmio: [0xcb200000-0xcb2fffff]
[    0.232485] pci 0000:00:17.3: bridge 64bit mmio pref: [0xd9800000-0xd98fffff]
[    0.232861] pci 0000:00:17.4: bridge 32bit mmio: [0xcb600000-0xcb6fffff]
[    0.232896] pci 0000:00:17.4: bridge 64bit mmio pref: [0xd9c00000-0xd9cfffff]
[    0.233247] pci 0000:00:17.5: bridge 32bit mmio: [0xcba00000-0xcbafffff]
[    0.233283] pci 0000:00:17.5: bridge 64bit mmio pref: [0xda000000-0xda0fffff]
[    0.233633] pci 0000:00:17.6: bridge 32bit mmio: [0xcbe00000-0xcbefffff]
[    0.233669] pci 0000:00:17.6: bridge 64bit mmio pref: [0xda400000-0xda4fffff]
[    0.234045] pci 0000:00:17.7: bridge 32bit mmio: [0xcc200000-0xcc2fffff]
[    0.234080] pci 0000:00:17.7: bridge 64bit mmio pref: [0xda800000-0xda8fffff]
[    0.234414] pci 0000:00:18.0: bridge io port: [0x7000-0x7fff]
[    0.234432] pci 0000:00:18.0: bridge 32bit mmio: [0xca700000-0xca7fffff]
[    0.234468] pci 0000:00:18.0: bridge 64bit mmio pref: [0xd8d00000-0xd8dfffff]
[    0.234824] pci 0000:00:18.1: bridge io port: [0xb000-0xbfff]
[    0.234842] pci 0000:00:18.1: bridge 32bit mmio: [0xcab00000-0xcabfffff]
[    0.234878] pci 0000:00:18.1: bridge 64bit mmio pref: [0xd9100000-0xd91fffff]
[    0.235210] pci 0000:00:18.2: bridge io port: [0xf000-0xffff]
[    0.235229] pci 0000:00:18.2: bridge 32bit mmio: [0xcaf00000-0xcaffffff]
[    0.235264] pci 0000:00:18.2: bridge 64bit mmio pref: [0xd9500000-0xd95fffff]
[    0.235614] pci 0000:00:18.3: bridge 32bit mmio: [0xcb300000-0xcb3fffff]
[    0.235660] pci 0000:00:18.3: bridge 64bit mmio pref: [0xd9900000-0xd99fffff]
[    0.236031] pci 0000:00:18.4: bridge 32bit mmio: [0xcb700000-0xcb7fffff]
[    0.236067] pci 0000:00:18.4: bridge 64bit mmio pref: [0xd9d00000-0xd9dfffff]
[    0.236419] pci 0000:00:18.5: bridge 32bit mmio: [0xcbb00000-0xcbbfffff]
[    0.236454] pci 0000:00:18.5: bridge 64bit mmio pref: [0xda100000-0xda1fffff]
[    0.236829] pci 0000:00:18.6: bridge 32bit mmio: [0xcbf00000-0xcbffffff]
[    0.236865] pci 0000:00:18.6: bridge 64bit mmio pref: [0xda500000-0xda5fffff]
[    0.237215] pci 0000:00:18.7: bridge 32bit mmio: [0xcc300000-0xcc3fffff]
[    0.237251] pci 0000:00:18.7: bridge 64bit mmio pref: [0xda900000-0xda9fffff]
[    0.238642] pci_bus 0000:00: on NUMA node 0
[    0.238648] ACPI: PCI Interrupt Routing Table [\_SB_.PCI0._PRT]
[    0.454130] ACPI: PCI Interrupt Link [LNKA] (IRQs 3 4 5 6 7 *9 10 11 14 15)
[    0.454285] ACPI: PCI Interrupt Link [LNKB] (IRQs 3 4 5 6 7 9 10 *11 14 15)
[    0.454447] ACPI: PCI Interrupt Link [LNKC] (IRQs 3 4 5 6 7 9 *10 11 14 15)
[    0.454597] ACPI: PCI Interrupt Link [LNKD] (IRQs 3 4 *5 6 7 9 10 11 14 15)
[    0.454731] vgaarb: device added: PCI:0000:00:0f.0,decodes=io+mem,owns=io+mem,locks=none
[    0.454741] vgaarb: loaded
[    0.454830] SCSI subsystem initialized
[    0.454874] libata version 3.00 loaded.
[    0.454914] usbcore: registered new interface driver usbfs
[    0.454926] usbcore: registered new interface driver hub
[    0.454942] usbcore: registered new device driver usb
[    0.455009] PCI: Using ACPI for IRQ routing
[    0.455977] NetLabel: Initializing
[    0.455978] NetLabel:  domain hash size = 128
[    0.455978] NetLabel:  protocols = UNLABELED CIPSOv4
[    0.455986] NetLabel:  unlabeled traffic allowed by default
[    0.456045] hpet0: at MMIO 0xfed00000, IRQs 2, 8, 0, 0, 0, 0, 0, 0, 0, 0, 0, 0, 0, 0, 0, 0
[    0.456051] hpet0: 16 comparators, 64-bit 14.318180 MHz counter
[    0.458069] Switching to clocksource tsc
[    0.465189] pnp: PnP ACPI init
[    0.465199] ACPI: bus type pnp registered
[    0.507329] pnp: PnP ACPI: found 14 devices
[    0.507331] ACPI: ACPI bus type pnp unregistered
[    0.507334] PnPBIOS: Disabled by ACPI PNP
[    0.507345] system 00:01: ioport range 0x1000-0x103f has been reserved
[    0.507346] system 00:01: ioport range 0x1040-0x104f has been reserved
[    0.507348] system 00:01: ioport range 0xcf0-0xcf1 has been reserved
[    0.507354] system 00:08: iomem range 0xfed00000-0xfed003ff has been reserved
[    0.507358] system 00:0d: ioport range 0x1060-0x107f has been reserved
[    0.507360] system 00:0d: iomem range 0xe0000000-0xefffffff has been reserved
[    0.507362] system 00:0d: iomem range 0xc8200000-0xc83fffff has been reserved
[    0.542561] pci 0000:00:15.3: BAR 13: can't allocate I/O resource [0x10000-0xffff]
[    0.542565] pci 0000:00:15.4: BAR 13: can't allocate I/O resource [0x10000-0xffff]
[    0.542568] pci 0000:00:15.5: BAR 13: can't allocate I/O resource [0x10000-0xffff]
[    0.542571] pci 0000:00:15.6: BAR 13: can't allocate I/O resource [0x10000-0xffff]
[    0.542574] pci 0000:00:15.7: BAR 13: can't allocate I/O resource [0x10000-0xffff]
[    0.542577] pci 0000:00:16.3: BAR 13: can't allocate I/O resource [0x10000-0xffff]
[    0.542580] pci 0000:00:16.4: BAR 13: can't allocate I/O resource [0x10000-0xffff]
[    0.542582] pci 0000:00:16.5: BAR 13: can't allocate I/O resource [0x10000-0xffff]
[    0.542585] pci 0000:00:16.6: BAR 13: can't allocate I/O resource [0x10000-0xffff]
[    0.542588] pci 0000:00:16.7: BAR 13: can't allocate I/O resource [0x10000-0xffff]
[    0.542591] pci 0000:00:17.3: BAR 13: can't allocate I/O resource [0x10000-0xffff]
[    0.542594] pci 0000:00:17.4: BAR 13: can't allocate I/O resource [0x10000-0xffff]
[    0.542596] pci 0000:00:17.5: BAR 13: can't allocate I/O resource [0x10000-0xffff]
[    0.542599] pci 0000:00:17.6: BAR 13: can't allocate I/O resource [0x10000-0xffff]
[    0.542602] pci 0000:00:17.7: BAR 13: can't allocate I/O resource [0x10000-0xffff]
[    0.542605] pci 0000:00:18.3: BAR 13: can't allocate I/O resource [0x10000-0xffff]
[    0.542608] pci 0000:00:18.4: BAR 13: can't allocate I/O resource [0x10000-0xffff]
[    0.542611] pci 0000:00:18.5: BAR 13: can't allocate I/O resource [0x10000-0xffff]
[    0.542613] pci 0000:00:18.6: BAR 13: can't allocate I/O resource [0x10000-0xffff]
[    0.542616] pci 0000:00:18.7: BAR 13: can't allocate I/O resource [0x10000-0xffff]
[    0.542619] pci 0000:00:01.0: PCI bridge, secondary bus 0000:01
[    0.542620] pci 0000:00:01.0:   IO window: disabled
[    0.542651] pci 0000:00:01.0:   MEM window: disabled
[    0.542671] pci 0000:00:01.0:   PREFETCH window: disabled
[    0.542711] pci 0000:00:11.0: PCI bridge, secondary bus 0000:02
[    0.542731] pci 0000:00:11.0:   IO window: 0x2000-0x3fff
[    0.542760] pci 0000:00:11.0:   MEM window: 0xc9000000-0xca3fffff
[    0.542781] pci 0000:00:11.0:   PREFETCH window: 0x000000d8400000-0x000000d89fffff
[    0.542820] pci 0000:00:15.0: PCI bridge, secondary bus 0000:03
[    0.542831] pci 0000:00:15.0:   IO window: 0x4000-0x4fff
[    0.542861] pci 0000:00:15.0:   MEM window: 0xca400000-0xca4fffff
[    0.542881] pci 0000:00:15.0:   PREFETCH window: 0x000000d8a00000-0x000000d8afffff
[    0.542932] pci 0000:00:15.1: PCI bridge, secondary bus 0000:04
[    0.542944] pci 0000:00:15.1:   IO window: 0x8000-0x8fff
[    0.542973] pci 0000:00:15.1:   MEM window: 0xca800000-0xca8fffff
[    0.542994] pci 0000:00:15.1:   PREFETCH window: 0x000000d8e00000-0x000000d8efffff
[    0.543037] pci 0000:00:15.2: PCI bridge, secondary bus 0000:05
[    0.543048] pci 0000:00:15.2:   IO window: 0xc000-0xcfff
[    0.543078] pci 0000:00:15.2:   MEM window: 0xcac00000-0xcacfffff
[    0.543099] pci 0000:00:15.2:   PREFETCH window: 0x000000d9200000-0x000000d92fffff
[    0.543141] pci 0000:00:15.3: PCI bridge, secondary bus 0000:06
[    0.543143] pci 0000:00:15.3:   IO window: disabled
[    0.543172] pci 0000:00:15.3:   MEM window: 0xcb000000-0xcb0fffff
[    0.543193] pci 0000:00:15.3:   PREFETCH window: 0x000000d9600000-0x000000d96fffff
[    0.543235] pci 0000:00:15.4: PCI bridge, secondary bus 0000:07
[    0.543237] pci 0000:00:15.4:   IO window: disabled
[    0.543266] pci 0000:00:15.4:   MEM window: 0xcb400000-0xcb4fffff
[    0.543287] pci 0000:00:15.4:   PREFETCH window: 0x000000d9a00000-0x000000d9afffff
[    0.543329] pci 0000:00:15.5: PCI bridge, secondary bus 0000:08
[    0.543331] pci 0000:00:15.5:   IO window: disabled
[    0.543361] pci 0000:00:15.5:   MEM window: 0xcb800000-0xcb8fffff
[    0.543381] pci 0000:00:15.5:   PREFETCH window: 0x000000d9e00000-0x000000d9efffff
[    0.543424] pci 0000:00:15.6: PCI bridge, secondary bus 0000:09
[    0.543425] pci 0000:00:15.6:   IO window: disabled
[    0.543455] pci 0000:00:15.6:   MEM window: 0xcbc00000-0xcbcfffff
[    0.543476] pci 0000:00:15.6:   PREFETCH window: 0x000000da200000-0x000000da2fffff
[    0.543518] pci 0000:00:15.7: PCI bridge, secondary bus 0000:0a
[    0.543520] pci 0000:00:15.7:   IO window: disabled
[    0.543549] pci 0000:00:15.7:   MEM window: 0xcc000000-0xcc0fffff
[    0.543570] pci 0000:00:15.7:   PREFETCH window: 0x000000da600000-0x000000da6fffff
[    0.543612] pci 0000:00:16.0: PCI bridge, secondary bus 0000:0b
[    0.543624] pci 0000:00:16.0:   IO window: 0x5000-0x5fff
[    0.543653] pci 0000:00:16.0:   MEM window: 0xca500000-0xca5fffff
[    0.543674] pci 0000:00:16.0:   PREFETCH window: 0x000000d8b00000-0x000000d8bfffff
[    0.543725] pci 0000:00:16.1: PCI bridge, secondary bus 0000:0c
[    0.543737] pci 0000:00:16.1:   IO window: 0x9000-0x9fff
[    0.543767] pci 0000:00:16.1:   MEM window: 0xca900000-0xca9fffff
[    0.543787] pci 0000:00:16.1:   PREFETCH window: 0x000000d8f00000-0x000000d8ffffff
[    0.543830] pci 0000:00:16.2: PCI bridge, secondary bus 0000:0d
[    0.543842] pci 0000:00:16.2:   IO window: 0xd000-0xdfff
[    0.543871] pci 0000:00:16.2:   MEM window: 0xcad00000-0xcadfffff
[    0.543892] pci 0000:00:16.2:   PREFETCH window: 0x000000d9300000-0x000000d93fffff
[    0.543934] pci 0000:00:16.3: PCI bridge, secondary bus 0000:0e
[    0.543936] pci 0000:00:16.3:   IO window: disabled
[    0.543966] pci 0000:00:16.3:   MEM window: 0xcb100000-0xcb1fffff
[    0.543986] pci 0000:00:16.3:   PREFETCH window: 0x000000d9700000-0x000000d97fffff
[    0.544029] pci 0000:00:16.4: PCI bridge, secondary bus 0000:0f
[    0.544030] pci 0000:00:16.4:   IO window: disabled
[    0.544060] pci 0000:00:16.4:   MEM window: 0xcb500000-0xcb5fffff
[    0.544081] pci 0000:00:16.4:   PREFETCH window: 0x000000d9b00000-0x000000d9bfffff
[    0.544123] pci 0000:00:16.5: PCI bridge, secondary bus 0000:10
[    0.544125] pci 0000:00:16.5:   IO window: disabled
[    0.544154] pci 0000:00:16.5:   MEM window: 0xcb900000-0xcb9fffff
[    0.544175] pci 0000:00:16.5:   PREFETCH window: 0x000000d9f00000-0x000000d9ffffff
[    0.544217] pci 0000:00:16.6: PCI bridge, secondary bus 0000:11
[    0.544219] pci 0000:00:16.6:   IO window: disabled
[    0.544248] pci 0000:00:16.6:   MEM window: 0xcbd00000-0xcbdfffff
[    0.544269] pci 0000:00:16.6:   PREFETCH window: 0x000000da300000-0x000000da3fffff
[    0.544311] pci 0000:00:16.7: PCI bridge, secondary bus 0000:12
[    0.544313] pci 0000:00:16.7:   IO window: disabled
[    0.544343] pci 0000:00:16.7:   MEM window: 0xcc100000-0xcc1fffff
[    0.544363] pci 0000:00:16.7:   PREFETCH window: 0x000000da700000-0x000000da7fffff
[    0.544406] pci 0000:00:17.0: PCI bridge, secondary bus 0000:13
[    0.544418] pci 0000:00:17.0:   IO window: 0x6000-0x6fff
[    0.544447] pci 0000:00:17.0:   MEM window: 0xca600000-0xca6fffff
[    0.544468] pci 0000:00:17.0:   PREFETCH window: 0x000000d8c00000-0x000000d8cfffff
[    0.544510] pci 0000:00:17.1: PCI bridge, secondary bus 0000:14
[    0.544522] pci 0000:00:17.1:   IO window: 0xa000-0xafff
[    0.544551] pci 0000:00:17.1:   MEM window: 0xcaa00000-0xcaafffff
[    0.544572] pci 0000:00:17.1:   PREFETCH window: 0x000000d9000000-0x000000d90fffff
[    0.544614] pci 0000:00:17.2: PCI bridge, secondary bus 0000:15
[    0.544626] pci 0000:00:17.2:   IO window: 0xe000-0xefff
[    0.544655] pci 0000:00:17.2:   MEM window: 0xcae00000-0xcaefffff
[    0.544676] pci 0000:00:17.2:   PREFETCH window: 0x000000d9400000-0x000000d94fffff
[    0.544719] pci 0000:00:17.3: PCI bridge, secondary bus 0000:16
[    0.544721] pci 0000:00:17.3:   IO window: disabled
[    0.544750] pci 0000:00:17.3:   MEM window: 0xcb200000-0xcb2fffff
[    0.544771] pci 0000:00:17.3:   PREFETCH window: 0x000000d9800000-0x000000d98fffff
[    0.544813] pci 0000:00:17.4: PCI bridge, secondary bus 0000:17
[    0.544815] pci 0000:00:17.4:   IO window: disabled
[    0.544844] pci 0000:00:17.4:   MEM window: 0xcb600000-0xcb6fffff
[    0.544865] pci 0000:00:17.4:   PREFETCH window: 0x000000d9c00000-0x000000d9cfffff
[    0.544907] pci 0000:00:17.5: PCI bridge, secondary bus 0000:18
[    0.544909] pci 0000:00:17.5:   IO window: disabled
[    0.544938] pci 0000:00:17.5:   MEM window: 0xcba00000-0xcbafffff
[    0.544959] pci 0000:00:17.5:   PREFETCH window: 0x000000da000000-0x000000da0fffff
[    0.545001] pci 0000:00:17.6: PCI bridge, secondary bus 0000:19
[    0.545002] pci 0000:00:17.6:   IO window: disabled
[    0.545032] pci 0000:00:17.6:   MEM window: 0xcbe00000-0xcbefffff
[    0.545052] pci 0000:00:17.6:   PREFETCH window: 0x000000da400000-0x000000da4fffff
[    0.545094] pci 0000:00:17.7: PCI bridge, secondary bus 0000:1a
[    0.545096] pci 0000:00:17.7:   IO window: disabled
[    0.545126] pci 0000:00:17.7:   MEM window: 0xcc200000-0xcc2fffff
[    0.545146] pci 0000:00:17.7:   PREFETCH window: 0x000000da800000-0x000000da8fffff
[    0.545189] pci 0000:00:18.0: PCI bridge, secondary bus 0000:1b
[    0.545200] pci 0000:00:18.0:   IO window: 0x7000-0x7fff
[    0.545230] pci 0000:00:18.0:   MEM window: 0xca700000-0xca7fffff
[    0.545251] pci 0000:00:18.0:   PREFETCH window: 0x000000d8d00000-0x000000d8dfffff
[    0.545293] pci 0000:00:18.1: PCI bridge, secondary bus 0000:1c
[    0.545305] pci 0000:00:18.1:   IO window: 0xb000-0xbfff
[    0.545334] pci 0000:00:18.1:   MEM window: 0xcab00000-0xcabfffff
[    0.545355] pci 0000:00:18.1:   PREFETCH window: 0x000000d9100000-0x000000d91fffff
[    0.545397] pci 0000:00:18.2: PCI bridge, secondary bus 0000:1d
[    0.545409] pci 0000:00:18.2:   IO window: 0xf000-0xffff
[    0.545438] pci 0000:00:18.2:   MEM window: 0xcaf00000-0xcaffffff
[    0.545459] pci 0000:00:18.2:   PREFETCH window: 0x000000d9500000-0x000000d95fffff
[    0.545501] pci 0000:00:18.3: PCI bridge, secondary bus 0000:1e
[    0.545503] pci 0000:00:18.3:   IO window: disabled
[    0.545532] pci 0000:00:18.3:   MEM window: 0xcb300000-0xcb3fffff
[    0.545553] pci 0000:00:18.3:   PREFETCH window: 0x000000d9900000-0x000000d99fffff
[    0.545595] pci 0000:00:18.4: PCI bridge, secondary bus 0000:1f
[    0.545597] pci 0000:00:18.4:   IO window: disabled
[    0.545626] pci 0000:00:18.4:   MEM window: 0xcb700000-0xcb7fffff
[    0.545647] pci 0000:00:18.4:   PREFETCH window: 0x000000d9d00000-0x000000d9dfffff
[    0.545689] pci 0000:00:18.5: PCI bridge, secondary bus 0000:20
[    0.545691] pci 0000:00:18.5:   IO window: disabled
[    0.545727] pci 0000:00:18.5:   MEM window: 0xcbb00000-0xcbbfffff
[    0.545748] pci 0000:00:18.5:   PREFETCH window: 0x000000da100000-0x000000da1fffff
[    0.545790] pci 0000:00:18.6: PCI bridge, secondary bus 0000:21
[    0.545792] pci 0000:00:18.6:   IO window: disabled
[    0.545821] pci 0000:00:18.6:   MEM window: 0xcbf00000-0xcbffffff
[    0.545842] pci 0000:00:18.6:   PREFETCH window: 0x000000da500000-0x000000da5fffff
[    0.545884] pci 0000:00:18.7: PCI bridge, secondary bus 0000:22
[    0.545886] pci 0000:00:18.7:   IO window: disabled
[    0.545915] pci 0000:00:18.7:   MEM window: 0xcc300000-0xcc3fffff
[    0.545936] pci 0000:00:18.7:   PREFETCH window: 0x000000da900000-0x000000da9fffff
[    0.546011] pci 0000:00:01.0: setting latency timer to 64
[    0.546107] pci 0000:00:15.0: setting latency timer to 64
[    0.546174] pci 0000:00:15.1: setting latency timer to 64
[    0.546240] pci 0000:00:15.2: setting latency timer to 64
[    0.546306] pci 0000:00:15.3: setting latency timer to 64
[    0.546372] pci 0000:00:15.4: setting latency timer to 64
[    0.546438] pci 0000:00:15.5: setting latency timer to 64
[    0.546504] pci 0000:00:15.6: setting latency timer to 64
[    0.546570] pci 0000:00:15.7: setting latency timer to 64
[    0.546636] pci 0000:00:16.0: setting latency timer to 64
[    0.546709] pci 0000:00:16.1: setting latency timer to 64
[    0.546776] pci 0000:00:16.2: setting latency timer to 64
[    0.546842] pci 0000:00:16.3: setting latency timer to 64
[    0.546908] pci 0000:00:16.4: setting latency timer to 64
[    0.546974] pci 0000:00:16.5: setting latency timer to 64
[    0.547040] pci 0000:00:16.6: setting latency timer to 64
[    0.547106] pci 0000:00:16.7: setting latency timer to 64
[    0.547172] pci 0000:00:17.0: setting latency timer to 64
[    0.547238] pci 0000:00:17.1: setting latency timer to 64
[    0.547303] pci 0000:00:17.2: setting latency timer to 64
[    0.547369] pci 0000:00:17.3: setting latency timer to 64
[    0.547435] pci 0000:00:17.4: setting latency timer to 64
[    0.547501] pci 0000:00:17.5: setting latency timer to 64
[    0.547567] pci 0000:00:17.6: setting latency timer to 64
[    0.547633] pci 0000:00:17.7: setting latency timer to 64
[    0.547699] pci 0000:00:18.0: setting latency timer to 64
[    0.547766] pci 0000:00:18.1: setting latency timer to 64
[    0.547832] pci 0000:00:18.2: setting latency timer to 64
[    0.547898] pci 0000:00:18.3: setting latency timer to 64
[    0.547964] pci 0000:00:18.4: setting latency timer to 64
[    0.548030] pci 0000:00:18.5: setting latency timer to 64
[    0.548096] pci 0000:00:18.6: setting latency timer to 64
[    0.548162] pci 0000:00:18.7: setting latency timer to 64
[    0.548174] pci_bus 0000:00: resource 0 io:  [0x00-0xffff]
[    0.548177] pci_bus 0000:00: resource 1 mem: [0x000000-0xffffffffffffffff]
[    0.548179] pci_bus 0000:02: resource 0 io:  [0x2000-0x3fff]
[    0.548181] pci_bus 0000:02: resource 1 mem: [0xc9000000-0xca3fffff]
[    0.548183] pci_bus 0000:02: resource 2 pref mem [0xd8400000-0xd89fffff]
[    0.548185] pci_bus 0000:02: resource 3 io:  [0x00-0xffff]
[    0.548187] pci_bus 0000:02: resource 4 mem: [0x000000-0xffffffffffffffff]
[    0.548189] pci_bus 0000:03: resource 0 io:  [0x4000-0x4fff]
[    0.548191] pci_bus 0000:03: resource 1 mem: [0xca400000-0xca4fffff]
[    0.548193] pci_bus 0000:03: resource 2 pref mem [0xd8a00000-0xd8afffff]
[    0.548195] pci_bus 0000:04: resource 0 io:  [0x8000-0x8fff]
[    0.548197] pci_bus 0000:04: resource 1 mem: [0xca800000-0xca8fffff]
[    0.548199] pci_bus 0000:04: resource 2 pref mem [0xd8e00000-0xd8efffff]
[    0.548201] pci_bus 0000:05: resource 0 io:  [0xc000-0xcfff]
[    0.548202] pci_bus 0000:05: resource 1 mem: [0xcac00000-0xcacfffff]
[    0.548204] pci_bus 0000:05: resource 2 pref mem [0xd9200000-0xd92fffff]
[    0.548206] pci_bus 0000:06: resource 1 mem: [0xcb000000-0xcb0fffff]
[    0.548208] pci_bus 0000:06: resource 2 pref mem [0xd9600000-0xd96fffff]
[    0.548210] pci_bus 0000:07: resource 1 mem: [0xcb400000-0xcb4fffff]
[    0.548212] pci_bus 0000:07: resource 2 pref mem [0xd9a00000-0xd9afffff]
[    0.548214] pci_bus 0000:08: resource 1 mem: [0xcb800000-0xcb8fffff]
[    0.548216] pci_bus 0000:08: resource 2 pref mem [0xd9e00000-0xd9efffff]
[    0.548218] pci_bus 0000:09: resource 1 mem: [0xcbc00000-0xcbcfffff]
[    0.548220] pci_bus 0000:09: resource 2 pref mem [0xda200000-0xda2fffff]
[    0.548222] pci_bus 0000:0a: resource 1 mem: [0xcc000000-0xcc0fffff]
[    0.548224] pci_bus 0000:0a: resource 2 pref mem [0xda600000-0xda6fffff]
[    0.548226] pci_bus 0000:0b: resource 0 io:  [0x5000-0x5fff]
[    0.548228] pci_bus 0000:0b: resource 1 mem: [0xca500000-0xca5fffff]
[    0.548229] pci_bus 0000:0b: resource 2 pref mem [0xd8b00000-0xd8bfffff]
[    0.548231] pci_bus 0000:0c: resource 0 io:  [0x9000-0x9fff]
[    0.548233] pci_bus 0000:0c: resource 1 mem: [0xca900000-0xca9fffff]
[    0.548235] pci_bus 0000:0c: resource 2 pref mem [0xd8f00000-0xd8ffffff]
[    0.548237] pci_bus 0000:0d: resource 0 io:  [0xd000-0xdfff]
[    0.548239] pci_bus 0000:0d: resource 1 mem: [0xcad00000-0xcadfffff]
[    0.548241] pci_bus 0000:0d: resource 2 pref mem [0xd9300000-0xd93fffff]
[    0.548243] pci_bus 0000:0e: resource 1 mem: [0xcb100000-0xcb1fffff]
[    0.548245] pci_bus 0000:0e: resource 2 pref mem [0xd9700000-0xd97fffff]
[    0.548247] pci_bus 0000:0f: resource 1 mem: [0xcb500000-0xcb5fffff]
[    0.548249] pci_bus 0000:0f: resource 2 pref mem [0xd9b00000-0xd9bfffff]
[    0.548251] pci_bus 0000:10: resource 1 mem: [0xcb900000-0xcb9fffff]
[    0.548253] pci_bus 0000:10: resource 2 pref mem [0xd9f00000-0xd9ffffff]
[    0.548255] pci_bus 0000:11: resource 1 mem: [0xcbd00000-0xcbdfffff]
[    0.548256] pci_bus 0000:11: resource 2 pref mem [0xda300000-0xda3fffff]
[    0.548258] pci_bus 0000:12: resource 1 mem: [0xcc100000-0xcc1fffff]
[    0.548260] pci_bus 0000:12: resource 2 pref mem [0xda700000-0xda7fffff]
[    0.548262] pci_bus 0000:13: resource 0 io:  [0x6000-0x6fff]
[    0.548264] pci_bus 0000:13: resource 1 mem: [0xca600000-0xca6fffff]
[    0.548266] pci_bus 0000:13: resource 2 pref mem [0xd8c00000-0xd8cfffff]
[    0.548268] pci_bus 0000:14: resource 0 io:  [0xa000-0xafff]
[    0.548270] pci_bus 0000:14: resource 1 mem: [0xcaa00000-0xcaafffff]
[    0.548272] pci_bus 0000:14: resource 2 pref mem [0xd9000000-0xd90fffff]
[    0.548274] pci_bus 0000:15: resource 0 io:  [0xe000-0xefff]
[    0.548276] pci_bus 0000:15: resource 1 mem: [0xcae00000-0xcaefffff]
[    0.548277] pci_bus 0000:15: resource 2 pref mem [0xd9400000-0xd94fffff]
[    0.548279] pci_bus 0000:16: resource 1 mem: [0xcb200000-0xcb2fffff]
[    0.548281] pci_bus 0000:16: resource 2 pref mem [0xd9800000-0xd98fffff]
[    0.548283] pci_bus 0000:17: resource 1 mem: [0xcb600000-0xcb6fffff]
[    0.548285] pci_bus 0000:17: resource 2 pref mem [0xd9c00000-0xd9cfffff]
[    0.548287] pci_bus 0000:18: resource 1 mem: [0xcba00000-0xcbafffff]
[    0.548289] pci_bus 0000:18: resource 2 pref mem [0xda000000-0xda0fffff]
[    0.548291] pci_bus 0000:19: resource 1 mem: [0xcbe00000-0xcbefffff]
[    0.548293] pci_bus 0000:19: resource 2 pref mem [0xda400000-0xda4fffff]
[    0.548295] pci_bus 0000:1a: resource 1 mem: [0xcc200000-0xcc2fffff]
[    0.548297] pci_bus 0000:1a: resource 2 pref mem [0xda800000-0xda8fffff]
[    0.548299] pci_bus 0000:1b: resource 0 io:  [0x7000-0x7fff]
[    0.548301] pci_bus 0000:1b: resource 1 mem: [0xca700000-0xca7fffff]
[    0.548303] pci_bus 0000:1b: resource 2 pref mem [0xd8d00000-0xd8dfffff]
[    0.548304] pci_bus 0000:1c: resource 0 io:  [0xb000-0xbfff]
[    0.548306] pci_bus 0000:1c: resource 1 mem: [0xcab00000-0xcabfffff]
[    0.548308] pci_bus 0000:1c: resource 2 pref mem [0xd9100000-0xd91fffff]
[    0.548310] pci_bus 0000:1d: resource 0 io:  [0xf000-0xffff]
[    0.548312] pci_bus 0000:1d: resource 1 mem: [0xcaf00000-0xcaffffff]
[    0.548314] pci_bus 0000:1d: resource 2 pref mem [0xd9500000-0xd95fffff]
[    0.548316] pci_bus 0000:1e: resource 1 mem: [0xcb300000-0xcb3fffff]
[    0.548318] pci_bus 0000:1e: resource 2 pref mem [0xd9900000-0xd99fffff]
[    0.548320] pci_bus 0000:1f: resource 1 mem: [0xcb700000-0xcb7fffff]
[    0.548322] pci_bus 0000:1f: resource 2 pref mem [0xd9d00000-0xd9dfffff]
[    0.548324] pci_bus 0000:20: resource 1 mem: [0xcbb00000-0xcbbfffff]
[    0.548326] pci_bus 0000:20: resource 2 pref mem [0xda100000-0xda1fffff]
[    0.548328] pci_bus 0000:21: resource 1 mem: [0xcbf00000-0xcbffffff]
[    0.548329] pci_bus 0000:21: resource 2 pref mem [0xda500000-0xda5fffff]
[    0.548331] pci_bus 0000:22: resource 1 mem: [0xcc300000-0xcc3fffff]
[    0.548333] pci_bus 0000:22: resource 2 pref mem [0xda900000-0xda9fffff]
[    0.548355] NET: Registered protocol family 2
[    0.548373] RANDOM - __random32 called. Change num 7.  Value: 55ede565	148ebb7a	8e9cdd7f
[    0.548375] RANDOM - random32 called.  Value: 55ede565	148ebb7a	8e9cdd7f
[    0.548382] random 0000 0000 0000 00000000 00000000: rand_read_num 2 get_random_bytes(4): sig fffffe1a 00000000 00000000
[    0.548385] random 0000 0000 0000 00000000 00000000: extract_entropy(.. 4 ..)
[    0.548388] random 0000 0000 0000 00000000 00000000: going to reseed nonblocking with 64 bits (32 of 0 requested)
[    0.548390] random 0000 0000 0000 00000000 00000000: extract_entropy(.. 8 ..)
[    0.548392] random 0000 0000 0000 00000000 00000000: trying to extract 64 bits from input
[    0.548395] random 0000 0000 0000 00000000 00000000: debiting 0 entropy credits from input
[    0.548397] random 0000 0000 0000 00000000 00000000: extract_entropy account returned: 0 
[    0.548400] random 0000 0000 0000 00000000 00000000: urand_change_num 3 xfer_secondary_pool(4): pool_sig fffffe1a, data_sig 00000000, bytes_mixed 0 00000000 00000000
[    0.548403] random 0000 0000 0000 00000000 00000000: trying to extract 32 bits from nonblocking
[    0.548405] random 0000 0000 0000 00000000 00000000: debiting 32 entropy credits from nonblocking (unlimited)
[    0.548407] random 0000 0000 0000 00000000 00000000: extract_entropy account returned: 4 
[    0.548411] random 0000 0000 0000 00000000 00000000: urand_change_num 4 extract_buf: pool_sig fffffe1a, data_sig fffffed7, bytes_mixed 20 00000000 00000000
[    0.548442] IP route cache hash table entries: 32768 (order: 5, 131072 bytes)
[    0.548531] RANDOM - __random32 called. Change num 8.  Value: de565d28	48ebb7a3	baff4f46
[    0.548533] RANDOM - random32 called.  Value: de565d28	48ebb7a3	baff4f46
[    0.548592] RANDOM - __random32 called. Change num 9.  Value: 65d282be	8ebb7a35	9e8da0a6
[    0.548594] RANDOM - random32 called.  Value: 65d282be	8ebb7a35	9e8da0a6
[    0.548596] RANDOM - __random32 called. Change num 10.  Value: 282be6b0	ebb7a35a	414d5c14
[    0.548598] RANDOM - random32 called.  Value: 282be6b0	ebb7a35a	414d5c14
[    0.548621] RANDOM - __random32 called. Change num 11.  Value: be6b0a9f	bb7a35a2	b82964f7
[    0.548623] RANDOM - random32 called.  Value: be6b0a9f	bb7a35a2	b82964f7
[    0.548634] TCP established hash table entries: 131072 (order: 8, 1048576 bytes)
[    0.548962] TCP bind hash table entries: 65536 (order: 7, 524288 bytes)
[    0.549122] TCP: Hash tables configured (established 131072 bind 65536)
[    0.549124] TCP reno registered
[    0.549161] NET: Registered protocol family 1
[    0.549170] pci 0000:00:00.0: Limiting direct PCI/PCI transfers
[    0.549191] pci 0000:00:0f.0: Boot video device
[    0.549386] Trying to unpack rootfs image as initramfs...
[    1.644424] Freeing initrd memory: 83430k freed
[    1.648437] Simple Boot Flag at 0x36 set to 0x1
[    1.648481] cpufreq-nforce2: No nForce2 chipset.
[    1.648494] Scanning for low memory corruption every 60 seconds
[    1.648611] audit: initializing netlink socket (disabled)
[    1.648619] type=2000 audit(1369427641.636:1): initialized
[    1.652523] highmem bounce pool size: 64 pages
[    1.652527] HugeTLB registered 2 MB page size, pre-allocated 0 pages
[    1.652620] VFS: Disk quotas dquot_6.5.2
[    1.652650] Dquot-cache hash table entries: 1024 (order 0, 4096 bytes)
[    1.652726] fuse init (API version 7.13)
[    1.652769] msgmni has been set to 1729
[    1.653031] alg: No test for stdrng (krng)
[    1.653064] Block layer SCSI generic (bsg) driver version 0.4 loaded (major 253)
[    1.653066] io scheduler noop registered
[    1.653068] io scheduler anticipatory registered
[    1.653070] io scheduler deadline registered
[    1.653089] io scheduler cfq registered (default)
[    1.653134]   alloc irq_desc for 24 on node -1
[    1.653136]   alloc kstat_irqs on node -1
[    1.653181] pcieport 0000:00:15.0: irq 24 for MSI/MSI-X
[    1.653226] pcieport 0000:00:15.0: setting latency timer to 64
[    1.653271]   alloc irq_desc for 25 on node -1
[    1.653273]   alloc kstat_irqs on node -1
[    1.653318] pcieport 0000:00:15.1: irq 25 for MSI/MSI-X
[    1.653362] pcieport 0000:00:15.1: setting latency timer to 64
[    1.653407]   alloc irq_desc for 26 on node -1
[    1.653409]   alloc kstat_irqs on node -1
[    1.653454] pcieport 0000:00:15.2: irq 26 for MSI/MSI-X
[    1.653499] pcieport 0000:00:15.2: setting latency timer to 64
[    1.653544]   alloc irq_desc for 27 on node -1
[    1.653546]   alloc kstat_irqs on node -1
[    1.653590] pcieport 0000:00:15.3: irq 27 for MSI/MSI-X
[    1.653635] pcieport 0000:00:15.3: setting latency timer to 64
[    1.653680]   alloc irq_desc for 28 on node -1
[    1.653682]   alloc kstat_irqs on node -1
[    1.653727] pcieport 0000:00:15.4: irq 28 for MSI/MSI-X
[    1.653771] pcieport 0000:00:15.4: setting latency timer to 64
[    1.653816]   alloc irq_desc for 29 on node -1
[    1.653818]   alloc kstat_irqs on node -1
[    1.653863] pcieport 0000:00:15.5: irq 29 for MSI/MSI-X
[    1.653908] pcieport 0000:00:15.5: setting latency timer to 64
[    1.653953]   alloc irq_desc for 30 on node -1
[    1.653954]   alloc kstat_irqs on node -1
[    1.653999] pcieport 0000:00:15.6: irq 30 for MSI/MSI-X
[    1.654044] pcieport 0000:00:15.6: setting latency timer to 64
[    1.654089]   alloc irq_desc for 31 on node -1
[    1.654100]   alloc kstat_irqs on node -1
[    1.654145] pcieport 0000:00:15.7: irq 31 for MSI/MSI-X
[    1.654189] pcieport 0000:00:15.7: setting latency timer to 64
[    1.654234]   alloc irq_desc for 32 on node -1
[    1.654236]   alloc kstat_irqs on node -1
[    1.654281] pcieport 0000:00:16.0: irq 32 for MSI/MSI-X
[    1.654326] pcieport 0000:00:16.0: setting latency timer to 64
[    1.654371]   alloc irq_desc for 33 on node -1
[    1.654372]   alloc kstat_irqs on node -1
[    1.654417] pcieport 0000:00:16.1: irq 33 for MSI/MSI-X
[    1.654462] pcieport 0000:00:16.1: setting latency timer to 64
[    1.654507]   alloc irq_desc for 34 on node -1
[    1.654509]   alloc kstat_irqs on node -1
[    1.654553] pcieport 0000:00:16.2: irq 34 for MSI/MSI-X
[    1.654598] pcieport 0000:00:16.2: setting latency timer to 64
[    1.654643]   alloc irq_desc for 35 on node -1
[    1.654645]   alloc kstat_irqs on node -1
[    1.654690] pcieport 0000:00:16.3: irq 35 for MSI/MSI-X
[    1.654735] pcieport 0000:00:16.3: setting latency timer to 64
[    1.654779]   alloc irq_desc for 36 on node -1
[    1.654781]   alloc kstat_irqs on node -1
[    1.654826] pcieport 0000:00:16.4: irq 36 for MSI/MSI-X
[    1.654871] pcieport 0000:00:16.4: setting latency timer to 64
[    1.654916]   alloc irq_desc for 37 on node -1
[    1.654917]   alloc kstat_irqs on node -1
[    1.654962] pcieport 0000:00:16.5: irq 37 for MSI/MSI-X
[    1.655007] pcieport 0000:00:16.5: setting latency timer to 64
[    1.655052]   alloc irq_desc for 38 on node -1
[    1.655054]   alloc kstat_irqs on node -1
[    1.655099] pcieport 0000:00:16.6: irq 38 for MSI/MSI-X
[    1.655143] pcieport 0000:00:16.6: setting latency timer to 64
[    1.655188]   alloc irq_desc for 39 on node -1
[    1.655190]   alloc kstat_irqs on node -1
[    1.655235] pcieport 0000:00:16.7: irq 39 for MSI/MSI-X
[    1.655280] pcieport 0000:00:16.7: setting latency timer to 64
[    1.656478]   alloc irq_desc for 40 on node -1
[    1.656480]   alloc kstat_irqs on node -1
[    1.656524] pcieport 0000:00:17.0: irq 40 for MSI/MSI-X
[    1.656569] pcieport 0000:00:17.0: setting latency timer to 64
[    1.656614]   alloc irq_desc for 41 on node -1
[    1.656616]   alloc kstat_irqs on node -1
[    1.656661] pcieport 0000:00:17.1: irq 41 for MSI/MSI-X
[    1.656706] pcieport 0000:00:17.1: setting latency timer to 64
[    1.656751]   alloc irq_desc for 42 on node -1
[    1.656754]   alloc kstat_irqs on node -1
[    1.656799] pcieport 0000:00:17.2: irq 42 for MSI/MSI-X
[    1.656844] pcieport 0000:00:17.2: setting latency timer to 64
[    1.656888]   alloc irq_desc for 43 on node -1
[    1.656891]   alloc kstat_irqs on node -1
[    1.656936] pcieport 0000:00:17.3: irq 43 for MSI/MSI-X
[    1.656981] pcieport 0000:00:17.3: setting latency timer to 64
[    1.657025]   alloc irq_desc for 44 on node -1
[    1.657028]   alloc kstat_irqs on node -1
[    1.657073] pcieport 0000:00:17.4: irq 44 for MSI/MSI-X
[    1.657118] pcieport 0000:00:17.4: setting latency timer to 64
[    1.657163]   alloc irq_desc for 45 on node -1
[    1.657165]   alloc kstat_irqs on node -1
[    1.657210] pcieport 0000:00:17.5: irq 45 for MSI/MSI-X
[    1.657255] pcieport 0000:00:17.5: setting latency timer to 64
[    1.657300]   alloc irq_desc for 46 on node -1
[    1.657302]   alloc kstat_irqs on node -1
[    1.657347] pcieport 0000:00:17.6: irq 46 for MSI/MSI-X
[    1.657391] pcieport 0000:00:17.6: setting latency timer to 64
[    1.657436]   alloc irq_desc for 47 on node -1
[    1.657439]   alloc kstat_irqs on node -1
[    1.657484] pcieport 0000:00:17.7: irq 47 for MSI/MSI-X
[    1.657528] pcieport 0000:00:17.7: setting latency timer to 64
[    1.657573]   alloc irq_desc for 48 on node -1
[    1.657575]   alloc kstat_irqs on node -1
[    1.657620] pcieport 0000:00:18.0: irq 48 for MSI/MSI-X
[    1.657665] pcieport 0000:00:18.0: setting latency timer to 64
[    1.657710]   alloc irq_desc for 49 on node -1
[    1.657713]   alloc kstat_irqs on node -1
[    1.657758] pcieport 0000:00:18.1: irq 49 for MSI/MSI-X
[    1.657803] pcieport 0000:00:18.1: setting latency timer to 64
[    1.657847]   alloc irq_desc for 50 on node -1
[    1.657850]   alloc kstat_irqs on node -1
[    1.657895] pcieport 0000:00:18.2: irq 50 for MSI/MSI-X
[    1.657940] pcieport 0000:00:18.2: setting latency timer to 64
[    1.657985]   alloc irq_desc for 51 on node -1
[    1.657987]   alloc kstat_irqs on node -1
[    1.658032] pcieport 0000:00:18.3: irq 51 for MSI/MSI-X
[    1.658077] pcieport 0000:00:18.3: setting latency timer to 64
[    1.658121]   alloc irq_desc for 52 on node -1
[    1.658123]   alloc kstat_irqs on node -1
[    1.658168] pcieport 0000:00:18.4: irq 52 for MSI/MSI-X
[    1.658213] pcieport 0000:00:18.4: setting latency timer to 64
[    1.658258]   alloc irq_desc for 53 on node -1
[    1.658260]   alloc kstat_irqs on node -1
[    1.658305] pcieport 0000:00:18.5: irq 53 for MSI/MSI-X
[    1.658349] pcieport 0000:00:18.5: setting latency timer to 64
[    1.658394]   alloc irq_desc for 54 on node -1
[    1.658396]   alloc kstat_irqs on node -1
[    1.658441] pcieport 0000:00:18.6: irq 54 for MSI/MSI-X
[    1.658486] pcieport 0000:00:18.6: setting latency timer to 64
[    1.658531]   alloc irq_desc for 55 on node -1
[    1.658533]   alloc kstat_irqs on node -1
[    1.658578] pcieport 0000:00:18.7: irq 55 for MSI/MSI-X
[    1.658622] pcieport 0000:00:18.7: setting latency timer to 64
[    1.658667] pci_hotplug: PCI Hot Plug PCI Core version: 0.5
[    1.660475] pciehp 0000:00:15.0:pcie04: HPC vendor_id 15ad device_id 7a0 ss_vid 0 ss_did 0
[    1.660519] pciehp 0000:00:15.0:pcie04: service driver pciehp loaded
[    1.660564] pciehp 0000:00:15.1:pcie04: HPC vendor_id 15ad device_id 7a0 ss_vid 0 ss_did 0
[    1.660609] pciehp 0000:00:15.1:pcie04: service driver pciehp loaded
[    1.660654] pciehp 0000:00:15.2:pcie04: HPC vendor_id 15ad device_id 7a0 ss_vid 0 ss_did 0
[    1.660699] pciehp 0000:00:15.2:pcie04: service driver pciehp loaded
[    1.660744] pciehp 0000:00:15.3:pcie04: HPC vendor_id 15ad device_id 7a0 ss_vid 0 ss_did 0
[    1.660788] pciehp 0000:00:15.3:pcie04: service driver pciehp loaded
[    1.660833] pciehp 0000:00:15.4:pcie04: HPC vendor_id 15ad device_id 7a0 ss_vid 0 ss_did 0
[    1.660878] pciehp 0000:00:15.4:pcie04: service driver pciehp loaded
[    1.660923] pciehp 0000:00:15.5:pcie04: HPC vendor_id 15ad device_id 7a0 ss_vid 0 ss_did 0
[    1.660968] pciehp 0000:00:15.5:pcie04: service driver pciehp loaded
[    1.661013] pciehp 0000:00:15.6:pcie04: HPC vendor_id 15ad device_id 7a0 ss_vid 0 ss_did 0
[    1.661057] pciehp 0000:00:15.6:pcie04: service driver pciehp loaded
[    1.661102] pciehp 0000:00:15.7:pcie04: HPC vendor_id 15ad device_id 7a0 ss_vid 0 ss_did 0
[    1.661147] pciehp 0000:00:15.7:pcie04: service driver pciehp loaded
[    1.661192] pciehp 0000:00:16.0:pcie04: HPC vendor_id 15ad device_id 7a0 ss_vid 0 ss_did 0
[    1.661237] pciehp 0000:00:16.0:pcie04: service driver pciehp loaded
[    1.661282] pciehp 0000:00:16.1:pcie04: HPC vendor_id 15ad device_id 7a0 ss_vid 0 ss_did 0
[    1.661326] pciehp 0000:00:16.1:pcie04: service driver pciehp loaded
[    1.661371] pciehp 0000:00:16.2:pcie04: HPC vendor_id 15ad device_id 7a0 ss_vid 0 ss_did 0
[    1.661416] pciehp 0000:00:16.2:pcie04: service driver pciehp loaded
[    1.661461] pciehp 0000:00:16.3:pcie04: HPC vendor_id 15ad device_id 7a0 ss_vid 0 ss_did 0
[    1.661506] pciehp 0000:00:16.3:pcie04: service driver pciehp loaded
[    1.661551] pciehp 0000:00:16.4:pcie04: HPC vendor_id 15ad device_id 7a0 ss_vid 0 ss_did 0
[    1.661595] pciehp 0000:00:16.4:pcie04: service driver pciehp loaded
[    1.661640] pciehp 0000:00:16.5:pcie04: HPC vendor_id 15ad device_id 7a0 ss_vid 0 ss_did 0
[    1.661685] pciehp 0000:00:16.5:pcie04: service driver pciehp loaded
[    1.661730] pciehp 0000:00:16.6:pcie04: HPC vendor_id 15ad device_id 7a0 ss_vid 0 ss_did 0
[    1.661775] pciehp 0000:00:16.6:pcie04: service driver pciehp loaded
[    1.661820] pciehp 0000:00:16.7:pcie04: HPC vendor_id 15ad device_id 7a0 ss_vid 0 ss_did 0
[    1.661864] pciehp 0000:00:16.7:pcie04: service driver pciehp loaded
[    1.661909] pciehp 0000:00:17.0:pcie04: HPC vendor_id 15ad device_id 7a0 ss_vid 0 ss_did 0
[    1.661954] pciehp 0000:00:17.0:pcie04: service driver pciehp loaded
[    1.661999] pciehp 0000:00:17.1:pcie04: HPC vendor_id 15ad device_id 7a0 ss_vid 0 ss_did 0
[    1.662044] pciehp 0000:00:17.1:pcie04: service driver pciehp loaded
[    1.662089] pciehp 0000:00:17.2:pcie04: HPC vendor_id 15ad device_id 7a0 ss_vid 0 ss_did 0
[    1.662133] pciehp 0000:00:17.2:pcie04: service driver pciehp loaded
[    1.662178] pciehp 0000:00:17.3:pcie04: HPC vendor_id 15ad device_id 7a0 ss_vid 0 ss_did 0
[    1.662223] pciehp 0000:00:17.3:pcie04: service driver pciehp loaded
[    1.662268] pciehp 0000:00:17.4:pcie04: HPC vendor_id 15ad device_id 7a0 ss_vid 0 ss_did 0
[    1.662313] pciehp 0000:00:17.4:pcie04: service driver pciehp loaded
[    1.662358] pciehp 0000:00:17.5:pcie04: HPC vendor_id 15ad device_id 7a0 ss_vid 0 ss_did 0
[    1.662402] pciehp 0000:00:17.5:pcie04: service driver pciehp loaded
[    1.662447] pciehp 0000:00:17.6:pcie04: HPC vendor_id 15ad device_id 7a0 ss_vid 0 ss_did 0
[    1.662492] pciehp 0000:00:17.6:pcie04: service driver pciehp loaded
[    1.662537] pciehp 0000:00:17.7:pcie04: HPC vendor_id 15ad device_id 7a0 ss_vid 0 ss_did 0
[    1.662582] pciehp 0000:00:17.7:pcie04: service driver pciehp loaded
[    1.662627] pciehp 0000:00:18.0:pcie04: HPC vendor_id 15ad device_id 7a0 ss_vid 0 ss_did 0
[    1.662671] pciehp 0000:00:18.0:pcie04: service driver pciehp loaded
[    1.662716] pciehp 0000:00:18.1:pcie04: HPC vendor_id 15ad device_id 7a0 ss_vid 0 ss_did 0
[    1.662761] pciehp 0000:00:18.1:pcie04: service driver pciehp loaded
[    1.662806] pciehp 0000:00:18.2:pcie04: HPC vendor_id 15ad device_id 7a0 ss_vid 0 ss_did 0
[    1.662851] pciehp 0000:00:18.2:pcie04: service driver pciehp loaded
[    1.662896] pciehp 0000:00:18.3:pcie04: HPC vendor_id 15ad device_id 7a0 ss_vid 0 ss_did 0
[    1.662940] pciehp 0000:00:18.3:pcie04: service driver pciehp loaded
[    1.662985] pciehp 0000:00:18.4:pcie04: HPC vendor_id 15ad device_id 7a0 ss_vid 0 ss_did 0
[    1.663030] pciehp 0000:00:18.4:pcie04: service driver pciehp loaded
[    1.663075] pciehp 0000:00:18.5:pcie04: HPC vendor_id 15ad device_id 7a0 ss_vid 0 ss_did 0
[    1.663120] pciehp 0000:00:18.5:pcie04: service driver pciehp loaded
[    1.663165] pciehp 0000:00:18.6:pcie04: HPC vendor_id 15ad device_id 7a0 ss_vid 0 ss_did 0
[    1.663209] pciehp 0000:00:18.6:pcie04: service driver pciehp loaded
[    1.663254] pciehp 0000:00:18.7:pcie04: HPC vendor_id 15ad device_id 7a0 ss_vid 0 ss_did 0
[    1.663299] pciehp 0000:00:18.7:pcie04: service driver pciehp loaded
[    1.663309] pciehp: PCI Express Hot Plug Controller Driver version: 0.4
[    1.663360] ACPI: AC Adapter [ACAD] (on-line)
[    1.663444] input: Power Button as /devices/LNXSYSTM:00/LNXPWRBN:00/input/input0
[    1.663453] ACPI: Power Button [PWRF]
[    1.663498] processor LNXCPU:00: registered as cooling_device0
[    1.704365] isapnp: Scanning for PnP cards...
[    2.057886] isapnp: No Plug & Play device found
[    2.057917] random 0000 0000 0000 5f8db4e5 4cfdf2a8: initializing
[    2.058044] Linux agpgart interface v0.103
[    2.058088] agpgart-intel 0000:00:00.0: Intel 440BX Chipset
[    2.058140] agpgart-intel 0000:00:00.0: AGP aperture is 256M @ 0x0
[    2.058171] Serial: 8250/16550 driver, 32 ports, IRQ sharing enabled
[    2.058224] serial8250: ttyS0 at I/O 0x3f8 (irq = 4) is a 16550A
[    2.058277] serial8250: ttyS1 at I/O 0x2f8 (irq = 3) is a 16550A
[    2.058330] 00:0a: ttyS0 at I/O 0x3f8 (irq = 4) is a 16550A
[    2.058383] 00:0b: ttyS1 at I/O 0x2f8 (irq = 3) is a 16550A
[    2.058435] brd: module loaded
[    2.058488] loop: module loaded
[    2.058541] ata_piix 0000:00:07.1: version 2.13
[    2.058634] scsi0 : ata_piix
[    2.058682] scsi1 : ata_piix
[    2.058702] ata1: PATA max UDMA/33 cmd 0x1f0 ctl 0x3f6 bmdma 0x10c0 irq 14
[    2.058704] ata2: PATA max UDMA/33 cmd 0x170 ctl 0x376 bmdma 0x10c8 irq 15
[    2.058752] PPP generic driver version 2.4.2
[    2.058771] tun: Universal TUN/TAP device driver, 1.6
[    2.058773] tun: (C) 1999-2004 Max Krasnyansky <maxk@qualcomm.com>
[    2.058825] ehci_hcd: USB 2.0 'Enhanced' Host Controller (EHCI) Driver
[    2.058878] ACPI: PCI Interrupt Link [LNKB] enabled at IRQ 11
[    2.058881] PCI: setting IRQ 11 as level-triggered
[    2.058888] ehci_hcd 0000:02:03.0: PCI INT A -> Link[LNKB] -> GSI 11 (level, low) -> IRQ 11
[    2.058933] ehci_hcd 0000:02:03.0: EHCI Host Controller
[    2.058965] ehci_hcd 0000:02:03.0: new USB bus registered, assigned bus number 1
[    2.059018] ehci_hcd 0000:02:03.0: cache line size of 32 is not supported
[    2.059024] ehci_hcd 0000:02:03.0: irq 11, io mem 0xc9000000
[    2.059329] random 0000 0000 0000 00000000 00000000: rand_read_num 3 get_random_bytes(8): sig 00000000 00000000 00000000
[    2.059332] random 0000 0000 0000 00000000 00000000: extract_entropy(.. 8 ..)
[    2.059334] random 0000 0000 0000 00000000 00000000: going to reseed nonblocking with 64 bits (64 of 0 requested)
[    2.059336] random 0000 0000 0000 00000000 00000000: extract_entropy(.. 8 ..)
[    2.059339] random 0000 0000 0000 00000000 00000000: trying to extract 64 bits from input
[    2.059341] random 0000 0000 0000 00000000 00000000: debiting 0 entropy credits from input
[    2.059343] random 0000 0000 0000 00000000 00000000: extract_entropy account returned: 0 
[    2.059346] random 0000 0000 0000 00000000 00000000: urand_change_num 5 xfer_secondary_pool(8): pool_sig 00000000, data_sig 00000000, bytes_mixed 0 00000000 00000000
[    2.059348] random 0000 0000 0000 00000000 00000000: trying to extract 64 bits from nonblocking
[    2.059351] random 0000 0000 0000 00000000 00000000: debiting 64 entropy credits from nonblocking (unlimited)
[    2.059353] random 0000 0000 0000 00000000 00000000: extract_entropy account returned: 8 
[    2.059356] random 0000 0000 0000 00000000 00000000: urand_change_num 6 extract_buf: pool_sig 00000000, data_sig fffffff9, bytes_mixed 20 00000000 00000000
[    2.067815] ehci_hcd 0000:02:03.0: USB 2.0 started, EHCI 1.00
[    2.067868] usb usb1: configuration #1 chosen from 1 choice
[    2.067888] hub 1-0:1.0: USB hub found
[    2.067893] hub 1-0:1.0: 6 ports detected
[    2.067928] ohci_hcd: USB 1.1 'Open' Host Controller (OHCI) Driver
[    2.067939] uhci_hcd: USB Universal Host Controller Interface driver
[    2.067992] ACPI: PCI Interrupt Link [LNKC] enabled at IRQ 10
[    2.067995] PCI: setting IRQ 10 as level-triggered
[    2.067999] uhci_hcd 0000:02:00.0: PCI INT A -> Link[LNKC] -> GSI 10 (level, low) -> IRQ 10
[    2.068033] uhci_hcd 0000:02:00.0: UHCI Host Controller
[    2.068061] uhci_hcd 0000:02:00.0: new USB bus registered, assigned bus number 2
[    2.068165] uhci_hcd 0000:02:00.0: irq 10, io base 0x000020c0
[    2.068217] usb usb2: configuration #1 chosen from 1 choice
[    2.068233] hub 2-0:1.0: USB hub found
[    2.068237] hub 2-0:1.0: 2 ports detected
[    2.068290] usbcore: registered new interface driver libusual
[    2.068328] PNP: PS/2 Controller [PNP0303:KBC,PNP0f13:MOUS] at 0x60,0x64 irq 1,12
[    2.068662] serio: i8042 KBD port at 0x60,0x64 irq 1
[    2.068669] serio: i8042 AUX port at 0x60,0x64 irq 12
[    2.068703] mice: PS/2 mouse device common for all mice
[    2.068756] rtc_cmos 00:04: rtc core: registered rtc_cmos as rtc0
[    2.068772] rtc0: alarms up to one month, y3k, 114 bytes nvram, hpet irqs
[    2.068825] device-mapper: uevent: version 1.0.3
[    2.068939] device-mapper: ioctl: 4.15.0-ioctl (2009-04-01) initialised: dm-devel@redhat.com
[    2.068957] EISA: Probing bus 0 at eisa.0
[    2.068964] Cannot allocate resource for EISA slot 1
[    2.068966] Cannot allocate resource for EISA slot 2
[    2.068968] Cannot allocate resource for EISA slot 3
[    2.068969] Cannot allocate resource for EISA slot 4
[    2.068971] Cannot allocate resource for EISA slot 5
[    2.068973] Cannot allocate resource for EISA slot 6
[    2.068975] Cannot allocate resource for EISA slot 7
[    2.068977] Cannot allocate resource for EISA slot 8
[    2.068979] EISA: Detected 0 cards.
[    2.069024] cpuidle: using governor ladder
[    2.069026] cpuidle: using governor menu
[    2.069079] random 0000 0000 0000 00000000 00000000: rand_read_num 4 get_random_bytes(136): sig 0000021d 00000000 00000000
[    2.069103] random 0000 0000 0000 00000000 00000000: extract_entropy(.. 136 ..)
[    2.069106] random 0000 0000 0000 00000000 00000000: going to reseed nonblocking with 1024 bits (1088 of 0 requested)
[    2.069108] random 0000 0000 0000 00000000 00000000: extract_entropy(.. 128 ..)
[    2.069110] random 0000 0000 0000 00000000 00000000: trying to extract 1024 bits from input
[    2.069112] random 0000 0000 0000 00000000 00000000: debiting 0 entropy credits from input
[    2.069114] random 0000 0000 0000 00000000 00000000: extract_entropy account returned: 0 
[    2.069117] random 0000 0000 0000 00000000 00000000: urand_change_num 7 xfer_secondary_pool(136): pool_sig 0000021d, data_sig 00000000, bytes_mixed 0 00000000 00000000
[    2.069120] random 0000 0000 0000 00000000 00000000: trying to extract 1088 bits from nonblocking
[    2.069123] random 0000 0000 0000 00000000 00000000: debiting 1088 entropy credits from nonblocking (unlimited)
[    2.069125] random 0000 0000 0000 00000000 00000000: extract_entropy account returned: 136 
[    2.069128] random 0000 0000 0000 00000000 00000000: urand_change_num 8 extract_buf: pool_sig 0000021d, data_sig fffffff7, bytes_mixed 20 00000000 00000000
[    2.069133] random 0000 0000 0000 f961ee50 ba9cb1aa: urand_change_num 9 extract_buf: pool_sig 00000230, data_sig fffffeb4, bytes_mixed 20 f961ee50 ba9cb1aa
[    2.069138] random 0000 0000 0000 9748bdd6 56fb8af6: urand_change_num 10 extract_buf: pool_sig 00000373, data_sig 000000cf, bytes_mixed 20 9748bdd6 56fb8af6
[    2.069142] random 0000 0000 0000 9748bdd6 56fb8af6: urand_change_num 11 extract_buf: pool_sig fffffe49, data_sig 0000023f, bytes_mixed 20 9748bdd6 56fb8af6
[    2.069147] random 0000 0000 0000 a135be86 4777650e: urand_change_num 12 extract_buf: pool_sig fffffcce, data_sig 000000c6, bytes_mixed 20 a135be86 4777650e
[    2.069151] random 0000 0000 0000 4a6ea85d 170e00dd: urand_change_num 13 extract_buf: pool_sig ffffff97, data_sig ffffff7d, bytes_mixed 20 4a6ea85d 170e00dd
[    2.069156] random 0000 0000 0000 4a6ea85d 170e00dd: urand_change_num 14 extract_buf: pool_sig 00000160, data_sig fffffeea, bytes_mixed 20 4a6ea85d 170e00dd
[    2.069160] random 0000 0000 0000 6e87c3cb da668c73: urand_change_num 15 extract_buf: pool_sig 0000034f, data_sig ffffff54, bytes_mixed 20 6e87c3cb da668c73
[    2.069164] random 0000 0000 0000 6e87c3cb da668c73: urand_change_num 16 extract_buf: pool_sig fffffdc5, data_sig 00000205, bytes_mixed 20 6e87c3cb da668c73
[    2.069169] random 0000 0000 0000 39f531e6 461eb249: urand_change_num 17 extract_buf: pool_sig fffffc1d, data_sig ffffff5e, bytes_mixed 20 39f531e6 461eb249
[    2.069173] random 0000 0000 0000 7e1538a2 3e661182: urand_change_num 18 extract_buf: pool_sig 000006ef, data_sig ffffff2e, bytes_mixed 20 7e1538a2 3e661182
[    2.069178] random 0000 0000 0000 7e1538a2 3e661182: urand_change_num 19 extract_buf: pool_sig 00000317, data_sig fffffccb, bytes_mixed 20 7e1538a2 3e661182
[    2.069182] random 0000 0000 0000 76af506b 9b57305e: urand_change_num 20 extract_buf: pool_sig 00000227, data_sig ffffffd2, bytes_mixed 20 76af506b 9b57305e
[    2.069186] random 0000 0000 0000 37d49d89 e20417cc: urand_change_num 21 extract_buf: pool_sig 0000080b, data_sig 000001e9, bytes_mixed 20 37d49d89 e20417cc
[    2.069191] TCP cubic registered
[    2.069243] NET: Registered protocol family 10
[    2.069279] RANDOM - __random32 called. Change num 12.  Value: b0a9fbe7	b7a35a2b	c9ef2c48
[    2.069281] RANDOM - random32 called.  Value: b0a9fbe7	b7a35a2b	c9ef2c48
[    2.069290] random 0000 0000 0000 37d49d89 e20417cc: rand_read_num 5 get_random_bytes(4): sig 00000298 37d49d89 e20417cc
[    2.069293] random 0000 0000 0000 37d49d89 e20417cc: extract_entropy(.. 4 ..)
[    2.069295] random 0000 0000 0000 37d49d89 e20417cc: going to reseed nonblocking with 64 bits (32 of 0 requested)
[    2.069297] random 0000 0000 0000 37d49d89 e20417cc: extract_entropy(.. 8 ..)
[    2.069299] random 0000 0000 0000 37d49d89 e20417cc: trying to extract 64 bits from input
[    2.069302] random 0000 0000 0000 37d49d89 e20417cc: debiting 0 entropy credits from input
[    2.069304] random 0000 0000 0000 37d49d89 e20417cc: extract_entropy account returned: 0 
[    2.069307] random 0000 0000 0000 37d49d89 e20417cc: urand_change_num 22 xfer_secondary_pool(4): pool_sig 00000298, data_sig 00000000, bytes_mixed 0 37d49d89 e20417cc
[    2.069309] random 0000 0000 0000 37d49d89 e20417cc: trying to extract 32 bits from nonblocking
[    2.069312] random 0000 0000 0000 37d49d89 e20417cc: debiting 32 entropy credits from nonblocking (unlimited)
[    2.069314] random 0000 0000 0000 37d49d89 e20417cc: extract_entropy account returned: 4 
[    2.069317] random 0000 0000 0000 37d49d89 e20417cc: urand_change_num 23 extract_buf: pool_sig 00000298, data_sig 00000092, bytes_mixed 20 37d49d89 e20417cc
[    2.069370] RANDOM - __random32 called. Change num 13.  Value: 9fbe71fa	7a35a2b4	5890d2c9
[    2.069372] RANDOM - random32 called.  Value: 9fbe71fa	7a35a2b4	5890d2c9
[    2.069425] NET: Registered protocol family 17
[    2.069446] Using IPI No-Shortcut mode
[    2.069452] random 0000 0000 0000 2ee4c4fc 167bdb15: rand_read_num 6 get_random_bytes(8): sig fffffcbf 2ee4c4fc 167bdb15
[    2.069454] random 0000 0000 0000 2ee4c4fc 167bdb15: extract_entropy(.. 8 ..)
[    2.069456] random 0000 0000 0000 2ee4c4fc 167bdb15: going to reseed nonblocking with 64 bits (64 of 0 requested)
[    2.069459] random 0000 0000 0000 2ee4c4fc 167bdb15: extract_entropy(.. 8 ..)
[    2.069461] random 0000 0000 0000 2ee4c4fc 167bdb15: trying to extract 64 bits from input
[    2.069463] random 0000 0000 0000 2ee4c4fc 167bdb15: debiting 0 entropy credits from input
[    2.069465] random 0000 0000 0000 2ee4c4fc 167bdb15: extract_entropy account returned: 0 
[    2.069468] random 0000 0000 0000 2ee4c4fc 167bdb15: urand_change_num 24 xfer_secondary_pool(8): pool_sig fffffcbf, data_sig 00000000, bytes_mixed 0 2ee4c4fc 167bdb15
[    2.069471] random 0000 0000 0000 2ee4c4fc 167bdb15: trying to extract 64 bits from nonblocking
[    2.069473] random 0000 0000 0000 2ee4c4fc 167bdb15: debiting 64 entropy credits from nonblocking (unlimited)
[    2.069475] random 0000 0000 0000 2ee4c4fc 167bdb15: extract_entropy account returned: 8 
[    2.069479] random 0000 0000 0000 2ee4c4fc 167bdb15: urand_change_num 25 extract_buf: pool_sig fffffcbf, data_sig ffffff83, bytes_mixed 20 2ee4c4fc 167bdb15
[    2.069520] PM: Resume from disk failed.
[    2.069527] registered taskstats version 1
[    2.069530] random 0000 0000 0000 2ee4c4fc 167bdb15: rand_read_num 7 get_random_bytes(12): sig fffffc69 2ee4c4fc 167bdb15
[    2.069533] random 0000 0000 0000 2ee4c4fc 167bdb15: extract_entropy(.. 12 ..)
[    2.069535] random 0000 0000 0000 2ee4c4fc 167bdb15: going to reseed nonblocking with 96 bits (96 of 0 requested)
[    2.069537] random 0000 0000 0000 2ee4c4fc 167bdb15: extract_entropy(.. 12 ..)
[    2.069539] random 0000 0000 0000 2ee4c4fc 167bdb15: trying to extract 96 bits from input
[    2.069541] random 0000 0000 0000 2ee4c4fc 167bdb15: debiting 0 entropy credits from input
[    2.069543] random 0000 0000 0000 2ee4c4fc 167bdb15: extract_entropy account returned: 0 
[    2.069546] random 0000 0000 0000 2ee4c4fc 167bdb15: urand_change_num 26 xfer_secondary_pool(12): pool_sig fffffc69, data_sig 00000000, bytes_mixed 0 2ee4c4fc 167bdb15
[    2.069549] random 0000 0000 0000 2ee4c4fc 167bdb15: trying to extract 96 bits from nonblocking
[    2.069551] random 0000 0000 0000 2ee4c4fc 167bdb15: debiting 96 entropy credits from nonblocking (unlimited)
[    2.069554] random 0000 0000 0000 2ee4c4fc 167bdb15: extract_entropy account returned: 12 
[    2.069557] random 0000 0000 0000 2ee4c4fc 167bdb15: urand_change_num 27 extract_buf: pool_sig fffffc69, data_sig ffffff7d, bytes_mixed 20 2ee4c4fc 167bdb15
[    2.069562] random 0000 0000 0000 83b7c1ab 94697f48: urand_change_num 28 extract_buf: pool_sig fffffe30, data_sig fffffdd6, bytes_mixed 20 83b7c1ab 94697f48
[    2.069564] RANDOM - __seed init called.
[    2.069566] RANDOM - __seed init called.
[    2.069567] RANDOM - __seed init called.
[    2.069569] RANDOM - __random32 called. Change num 14.  Value: fc007995	feca4f80	21b38ad2
[    2.069570] RANDOM - random32_reseed called.  Value: fc007995	feca4f80	21b38ad2
[    2.069573] Pid: 1, comm: swapper Not tainted 2.6.32.57 #4
[    2.069575] Call Trace:
[    2.069581]  [<c14a8a0e>] ? printk+0x1d/0x1f
[    2.069585]  [<c17537e5>] random32_reseed+0x89/0xbd
[    2.069589]  [<c1003042>] do_one_initcall+0x32/0x1a0
[    2.069591]  [<c175375c>] ? random32_reseed+0x0/0xbd
[    2.069595]  [<c17308e7>] kernel_init+0x12d/0x17a
[    2.069597]  [<c17307ba>] ? kernel_init+0x0/0x17a
[    2.069600]  [<c1009b07>] kernel_thread_helper+0x7/0x10
[    2.072273] input: AT Translated Set 2 keyboard as /devices/platform/i8042/serio0/input/input1
[    2.072551] random 0000 0000 0000 6db70b00 b30ce96b: rand_read_num 8 get_random_bytes(64): sig fffffb38 6db70b00 b30ce96b
[    2.072554] random 0000 0000 0000 6db70b00 b30ce96b: extract_entropy(.. 64 ..)
[    2.072556] random 0000 0000 0000 6db70b00 b30ce96b: going to reseed nonblocking with 512 bits (512 of 0 requested)
[    2.072559] random 0000 0000 0000 6db70b00 b30ce96b: extract_entropy(.. 64 ..)
[    2.072561] random 0000 0000 0000 6db70b00 b30ce96b: trying to extract 512 bits from input
[    2.072563] random 0000 0000 0000 6db70b00 b30ce96b: debiting 0 entropy credits from input
[    2.072565] random 0000 0000 0000 6db70b00 b30ce96b: extract_entropy account returned: 0 
[    2.072568] random 0000 0000 0000 6db70b00 b30ce96b: urand_change_num 29 xfer_secondary_pool(64): pool_sig fffffb38, data_sig 00000000, bytes_mixed 0 6db70b00 b30ce96b
[    2.072571] random 0000 0000 0000 6db70b00 b30ce96b: trying to extract 512 bits from nonblocking
[    2.072574] random 0000 0000 0000 6db70b00 b30ce96b: debiting 512 entropy credits from nonblocking (unlimited)
[    2.072576] random 0000 0000 0000 6db70b00 b30ce96b: extract_entropy account returned: 64 
[    2.072579] random 0000 0000 0000 6db70b00 b30ce96b: urand_change_num 30 extract_buf: pool_sig fffffb38, data_sig 00000151, bytes_mixed 20 6db70b00 b30ce96b
[    2.072584] random 0000 0000 0000 6db70b00 b30ce96b: urand_change_num 31 extract_buf: pool_sig fffffdb8, data_sig 00000379, bytes_mixed 20 6db70b00 b30ce96b
[    2.072589] random 0000 0000 0000 6b83001e d4b6c0d3: urand_change_num 32 extract_buf: pool_sig ffffffc9, data_sig 00000198, bytes_mixed 20 6b83001e d4b6c0d3
[    2.072593] random 0000 0000 0000 79d3e3c7 be564518: urand_change_num 33 extract_buf: pool_sig 000002b9, data_sig ffffff84, bytes_mixed 20 79d3e3c7 be564518
[    2.072597] random 0000 0000 0000 79d3e3c7 be564518: urand_change_num 34 extract_buf: pool_sig ffffff55, data_sig ffffff5a, bytes_mixed 20 79d3e3c7 be564518
[    2.072602] random 0000 0000 0000 89c03cb2 0d353228: urand_change_num 35 extract_buf: pool_sig 00000007, data_sig ffffff17, bytes_mixed 20 89c03cb2 0d353228
[    2.072606] random 0000 0000 0000 89c03cb2 0d353228: urand_change_num 36 extract_buf: pool_sig fffffdae, data_sig 000000db, bytes_mixed 20 89c03cb2 0d353228  Magic number: 13:947:599
[    2.072616] serial8250 serial8250: hash matches
[    2.072629] pci_bus 0000:16: hash matches
[    2.072632] pcieport 0000:00:17.4: hash matches
[    2.072704] rtc_cmos 00:04: setting system clock to 2013-05-24 20:34:03 UTC (1369427643)
[    2.072706] BIOS EDD facility v0.16 2004-Jun-25, 0 devices found
[    2.072708] EDD information not available.
[    2.072731] random 0000 0000 0000 8ca62387 b120332c: rand_read_num 9 get_random_bytes(64): sig fffffed6 8ca62387 b120332c
[    2.072734] random 0000 0000 0000 8ca62387 b120332c: extract_entropy(.. 64 ..)
[    2.072736] random 0000 0000 0000 8ca62387 b120332c: going to reseed nonblocking with 512 bits (512 of 0 requested)
[    2.072738] random 0000 0000 0000 8ca62387 b120332c: extract_entropy(.. 64 ..)
[    2.072740] random 0000 0000 0000 8ca62387 b120332c: trying to extract 512 bits from input
[    2.072743] random 0000 0000 0000 8ca62387 b120332c: debiting 0 entropy credits from input
[    2.072745] random 0000 0000 0000 8ca62387 b120332c: extract_entropy account returned: 0 
[    2.072748] random 0000 0000 0000 8ca62387 b120332c: urand_change_num 37 xfer_secondary_pool(64): pool_sig fffffed6, data_sig 00000000, bytes_mixed 0 8ca62387 b120332c
[    2.072750] random 0000 0000 0000 8ca62387 b120332c: trying to extract 512 bits from nonblocking
[    2.072753] random 0000 0000 0000 8ca62387 b120332c: debiting 512 entropy credits from nonblocking (unlimited)
[    2.072755] random 0000 0000 0000 8ca62387 b120332c: extract_entropy account returned: 64 
[    2.072759] random 0000 0000 0000 8ca62387 b120332c: urand_change_num 38 extract_buf: pool_sig fffffed6, data_sig fffffeb6, bytes_mixed 20 8ca62387 b120332c
[    2.072763] random 0000 0000 0000 90702413 e2a66c2e: urand_change_num 39 extract_buf: pool_sig fffffbb0, data_sig 0000012e, bytes_mixed 20 90702413 e2a66c2e
[    2.072767] random 0000 0000 0000 90702413 e2a66c2e: urand_change_num 40 extract_buf: pool_sig fffffaf1, data_sig ffffff3c, bytes_mixed 20 90702413 e2a66c2e
[    2.072772] random 0000 0000 0000 3f58038b c77aecb6: urand_change_num 41 extract_buf: pool_sig 00000234, data_sig fffffdec, bytes_mixed 20 3f58038b c77aecb6
[    2.072776] random 0000 0000 0000 47187b9d 03f21510: urand_change_num 42 extract_buf: pool_sig 00000192, data_sig 00000075, bytes_mixed 20 47187b9d 03f21510
[    2.072781] random 0000 0000 0000 47187b9d 03f21510: urand_change_num 43 extract_buf: pool_sig 0000018e, data_sig ffffffbf, bytes_mixed 20 47187b9d 03f21510
[    2.072785] random 0000 0000 0000 3180b1fc 0fa9c973: urand_change_num 44 extract_buf: pool_sig fffffecf, data_sig ffffff2a, bytes_mixed 20 3180b1fc 0fa9c973
[    2.072788] BEGIN NET_SECRET:
[    2.072789] \xffffff87
[    2.072790] \xffffff8d
[    2.072791] \xfffffff4
[    2.072793] \xffffffae
[    2.072794] \xffffffc3
[    2.072795] \xffffffb7
[    2.072796] \x31
[    2.072797] \x65
[    2.072798] \xffffffda
[    2.072800] \xffffffa2
[    2.072801] \x31
[    2.072802] \xffffffc8
[    2.072803] \xffffffa9
[    2.072804] \x76
[    2.072805] \x76
[    2.072806] \xffffff90
[    2.072808] \x55
[    2.072809] \xfffffff3
[    2.072810] \xffffffb1
[    2.072811] \x3
[    2.072812] \xffffffb3
[    2.072813] \xffffffa7
[    2.072814] \x5a
[    2.072816] \x71
[    2.072817] \x70
[    2.072818] \xffffff8c
[    2.072819] \x56
[    2.072820] \x25
[    2.072821] \xffffffe1
[    2.072822] \x4c
[    2.072823] \xffffffe6
[    2.072825] \xffffff95
[    2.072826] \x67
[    2.072827] \x4c
[    2.072828] \xffffffb9
[    2.072829] \x1d
[    2.072830] \xe
[    2.072831] \x34
[    2.072833] \xffffffbe
[    2.072834] \x12
[    2.072835] \x5
[    2.072836] \xffffff98
[    2.072837] \xffffffa0
[    2.072838] \xf
[    2.072839] \xffffffb2
[    2.072841] \xffffffde
[    2.072842] \xffffff99
[    2.072843] \xf
[    2.072844] \xffffffe8
[    2.072845] \xffffffc8
[    2.072846] \x1f
[    2.072847] \x54
[    2.072849] \x2c
[    2.072850] \xffffffee
[    2.072851] \x2e
[    2.072852] \x0
[    2.072853] \xffffff95
[    2.072854] \x0
[    2.072855] \xffffffe3
[    2.072856] \xffffffa7
[    2.072858] \xfffffffd
[    2.072859] \x66
[    2.072860] \xffffff92
[    2.072861] \xfffffff0
[    2.072862] 
[    2.072863] END NET_SECRET
[    2.072866] random 0000 0000 0000 3180b1fc 0fa9c973: rand_read_num 10 get_random_bytes(4): sig ffffff46 3180b1fc 0fa9c973
[    2.072868] random 0000 0000 0000 3180b1fc 0fa9c973: extract_entropy(.. 4 ..)
[    2.072871] random 0000 0000 0000 3180b1fc 0fa9c973: going to reseed nonblocking with 64 bits (32 of 0 requested)
[    2.072873] random 0000 0000 0000 3180b1fc 0fa9c973: extract_entropy(.. 8 ..)
[    2.072875] random 0000 0000 0000 3180b1fc 0fa9c973: trying to extract 64 bits from input
[    2.072877] random 0000 0000 0000 3180b1fc 0fa9c973: debiting 0 entropy credits from input
[    2.072879] random 0000 0000 0000 3180b1fc 0fa9c973: extract_entropy account returned: 0 
[    2.072882] random 0000 0000 0000 3180b1fc 0fa9c973: urand_change_num 45 xfer_secondary_pool(4): pool_sig ffffff46, data_sig 00000000, bytes_mixed 0 3180b1fc 0fa9c973
[    2.072885] random 0000 0000 0000 3180b1fc 0fa9c973: trying to extract 32 bits from nonblocking
[    2.072887] random 0000 0000 0000 3180b1fc 0fa9c973: debiting 32 entropy credits from nonblocking (unlimited)
[    2.072889] random 0000 0000 0000 3180b1fc 0fa9c973: extract_entropy account returned: 4 
[    2.072893] random 0000 0000 0000 3180b1fc 0fa9c973: urand_change_num 46 extract_buf: pool_sig ffffff46, data_sig 0000001b, bytes_mixed 20 3180b1fc 0fa9c973
[    2.245733] ata2.00: ATAPI: VMware Virtual IDE CDROM Drive, 00000001, max UDMA/33
[    2.246014] ata2.00: configured for UDMA/33
[    2.246423] scsi 1:0:0:0: CD-ROM            NECVMWar VMware IDE CDR10 1.00 PQ: 0 ANSI: 5
[    2.247673] sr0: scsi3-mmc drive: 306x/306x cd/rw xa/form2 cdda tray
[    2.247677] Uniform CD-ROM driver Revision: 3.20
[    2.247729] sr 1:0:0:0: Attached scsi CD-ROM sr0
[    2.247767] sr 1:0:0:0: Attached scsi generic sg0 type 5
[    2.247804] Freeing unused kernel memory: 652k freed
[    2.247857] Write protecting the kernel text: 4840k
[    2.247888] Write protecting the kernel read-only data: 1968k
