[    0.000000] random 0000 0000 0000 00000000 00000000: rand_read_num 1 get_random_bytes(8): sig 00000000 00000000 00000000
[    0.000000] random 0000 0000 0000 00000000 00000000: extract_entropy(.. 8 ..)
[    0.000000] random 0000 0000 0000 00000000 00000000: going to reseed nonblocking with 64 bits (64 of 0 requested)
[    0.000000] random 0000 0000 0000 00000000 00000000: extract_entropy(.. 8 ..)
[    0.000000] random 0000 0000 0000 00000000 00000000: trying to extract 64 bits from input
[    0.000000] random 0000 0000 0000 00000000 00000000: debiting 0 entropy credits from input
[    0.000000] random 0000 0000 0000 00000000 00000000: extract_entropy account returned: 0 
[    0.000000] random 0000 0000 0000 00000000 00000000: urand_change_num 1 xfer_secondary_pool(8): pool_sig 00000000, data_sig 00000000, bytes_mixed 0 00000000 00000000
[    0.000000] random 0000 0000 0000 00000000 00000000: trying to extract 64 bits from nonblocking
[    0.000000] random 0000 0000 0000 00000000 00000000: debiting 64 entropy credits from nonblocking (unlimited)
[    0.000000] random 0000 0000 0000 00000000 00000000: extract_entropy account returned: 8 
[    0.000000] random 0000 0000 0000 00000000 00000000: urand_change_num 2 extract_buf: pool_sig 00000000, data_sig fffffff9, bytes_mixed 20 00000000 00000000
[    0.000000] Initializing cgroup subsys cpuset
[    0.000000] Initializing cgroup subsys cpu
[    0.000000] Linux version 2.6.32.57 (dcashman@ubuntu) (gcc version 4.6.3 (Ubuntu/Linaro 4.6.3-1ubuntu5) ) #4 SMP Fri May 24 11:09:26 PDT 2013
[    0.000000] KERNEL supported cpus:
[    0.000000]   Intel GenuineIntel
[    0.000000]   AMD AuthenticAMD
[    0.000000]   NSC Geode by NSC
[    0.000000]   Cyrix CyrixInstead
[    0.000000]   Centaur CentaurHauls
[    0.000000]   Transmeta GenuineTMx86
[    0.000000]   Transmeta TransmetaCPU
[    0.000000]   UMC UMC UMC UMC
[    0.000000] BIOS-provided physical RAM map:
[    0.000000]  BIOS-e820: 0000000000000000 - 000000000009f000 (usable)
[    0.000000]  BIOS-e820: 000000000009f000 - 00000000000a0000 (reserved)
[    0.000000]  BIOS-e820: 00000000000ca000 - 00000000000cc000 (reserved)
[    0.000000]  BIOS-e820: 00000000000dc000 - 0000000000100000 (reserved)
[    0.000000]  BIOS-e820: 0000000000100000 - 000000003fee0000 (usable)
[    0.000000]  BIOS-e820: 000000003fee0000 - 000000003feff000 (ACPI data)
[    0.000000]  BIOS-e820: 000000003feff000 - 000000003ff00000 (ACPI NVS)
[    0.000000]  BIOS-e820: 000000003ff00000 - 0000000040000000 (usable)
[    0.000000]  BIOS-e820: 00000000e0000000 - 00000000f0000000 (reserved)
[    0.000000]  BIOS-e820: 00000000fec00000 - 00000000fec10000 (reserved)
[    0.000000]  BIOS-e820: 00000000fee00000 - 00000000fee01000 (reserved)
[    0.000000]  BIOS-e820: 00000000fffe0000 - 0000000100000000 (reserved)
[    0.000000] DMI present.
[    0.000000] Phoenix BIOS detected: BIOS may corrupt low RAM, working around it.
[    0.000000] e820 update range: 0000000000000000 - 0000000000010000 (usable) ==> (reserved)
[    0.000000] last_pfn = 0x40000 max_arch_pfn = 0x1000000
[    0.000000] MTRR default type: uncachable
[    0.000000] MTRR fixed ranges enabled:
[    0.000000]   00000-9FFFF write-back
[    0.000000]   A0000-BFFFF uncachable
[    0.000000]   C0000-CBFFF write-protect
[    0.000000]   CC000-EFFFF uncachable
[    0.000000]   F0000-FFFFF write-protect
[    0.000000] MTRR variable ranges enabled:
[    0.000000]   0 base 0000000000 mask FFC0000000 write-back
[    0.000000]   1 disabled
[    0.000000]   2 disabled
[    0.000000]   3 disabled
[    0.000000]   4 disabled
[    0.000000]   5 disabled
[    0.000000]   6 disabled
[    0.000000]   7 disabled
[    0.000000] x86 PAT enabled: cpu 0, old 0x0, new 0x7010600070106
[    0.000000] Scanning 0 areas for low memory corruption
[    0.000000] modified physical RAM map:
[    0.000000]  modified: 0000000000000000 - 0000000000010000 (reserved)
[    0.000000]  modified: 0000000000010000 - 000000000009f000 (usable)
[    0.000000]  modified: 000000000009f000 - 00000000000a0000 (reserved)
[    0.000000]  modified: 00000000000ca000 - 00000000000cc000 (reserved)
[    0.000000]  modified: 00000000000dc000 - 0000000000100000 (reserved)
[    0.000000]  modified: 0000000000100000 - 000000003fee0000 (usable)
[    0.000000]  modified: 000000003fee0000 - 000000003feff000 (ACPI data)
[    0.000000]  modified: 000000003feff000 - 000000003ff00000 (ACPI NVS)
[    0.000000]  modified: 000000003ff00000 - 0000000040000000 (usable)
[    0.000000]  modified: 00000000e0000000 - 00000000f0000000 (reserved)
[    0.000000]  modified: 00000000fec00000 - 00000000fec10000 (reserved)
[    0.000000]  modified: 00000000fee00000 - 00000000fee01000 (reserved)
[    0.000000]  modified: 00000000fffe0000 - 0000000100000000 (reserved)
[    0.000000] initial memory mapped : 0 - 01e00000
[    0.000000] init_memory_mapping: 0000000000000000-00000000379fe000
[    0.000000] NX (Execute Disable) protection: active
[    0.000000]  0000000000 - 0000200000 page 4k
[    0.000000]  0000200000 - 0037800000 page 2M
[    0.000000]  0037800000 - 00379fe000 page 4k
[    0.000000] kernel direct mapping tables up to 379fe000 @ 10000-16000
[    0.000000] RAMDISK: 2dcfc000 - 32e758c3
[    0.000000] ACPI: RSDP 000f6b80 00024 (v02 PTLTD )
[    0.000000] ACPI: XSDT 3feed636 0005C (v01 INTEL  440BX    06040000 VMW  01324272)
[    0.000000] ACPI: FACP 3fefee98 000F4 (v04 INTEL  440BX    06040000 PTL  000F4240)
[    0.000000] ACPI: DSDT 3feee366 10B32 (v01 PTLTD  Custom   06040000 MSFT 03000001)
[    0.000000] ACPI: FACS 3fefffc0 00040
[    0.000000] ACPI: BOOT 3feee33e 00028 (v01 PTLTD  $SBFTBL$ 06040000  LTP 00000001)
[    0.000000] ACPI: APIC 3feedc3e 003C2 (v01 PTLTD  ? APIC   06040000  LTP 00000000)
[    0.000000] ACPI: MCFG 3feedc02 0003C (v01 PTLTD  $PCITBL$ 06040000  LTP 00000001)
[    0.000000] ACPI: SRAT 3feed732 004D0 (v02 VMWARE MEMPLUG  06040000 VMW  00000001)
[    0.000000] ACPI: HPET 3feed6fa 00038 (v01 VMWARE VMW HPET 06040000 VMW  00000001)
[    0.000000] ACPI: WAET 3feed6d2 00028 (v01 VMWARE VMW WAET 06040000 VMW  00000001)
[    0.000000] ACPI: Local APIC address 0xfee00000
[    0.000000] 134MB HIGHMEM available.
[    0.000000] 889MB LOWMEM available.
[    0.000000]   mapped low ram: 0 - 379fe000
[    0.000000]   low ram: 0 - 379fe000
[    0.000000]   node 0 low ram: 00000000 - 379fe000
[    0.000000]   node 0 bootmap 00012000 - 00018f40
[    0.000000] (9 early reservations) ==> bootmem [0000000000 - 00379fe000]
[    0.000000]   #0 [0000000000 - 0000001000]   BIOS data page ==> [0000000000 - 0000001000]
[    0.000000]   #1 [0000001000 - 0000002000]    EX TRAMPOLINE ==> [0000001000 - 0000002000]
[    0.000000]   #2 [0000006000 - 0000007000]       TRAMPOLINE ==> [0000006000 - 0000007000]
[    0.000000]   #3 [0001000000 - 0001a75ff8]    TEXT DATA BSS ==> [0001000000 - 0001a75ff8]
[    0.000000]   #4 [002dcfc000 - 0032e758c3]          RAMDISK ==> [002dcfc000 - 0032e758c3]
[    0.000000]   #5 [000009f000 - 0000100000]    BIOS reserved ==> [000009f000 - 0000100000]
[    0.000000]   #6 [0001a76000 - 0001a851c0]              BRK ==> [0001a76000 - 0001a851c0]
[    0.000000]   #7 [0000010000 - 0000012000]          PGTABLE ==> [0000010000 - 0000012000]
[    0.000000]   #8 [0000012000 - 0000019000]          BOOTMAP ==> [0000012000 - 0000019000]
[    0.000000] found SMP MP-table at [c00f6bf0] f6bf0
[    0.000000] Zone PFN ranges:
[    0.000000]   DMA      0x00000010 -> 0x00001000
[    0.000000]   Normal   0x00001000 -> 0x000379fe
[    0.000000]   HighMem  0x000379fe -> 0x00040000
[    0.000000] Movable zone start PFN for each node
[    0.000000] early_node_map[3] active PFN ranges
[    0.000000]     0: 0x00000010 -> 0x0000009f
[    0.000000]     0: 0x00000100 -> 0x0003fee0
[    0.000000]     0: 0x0003ff00 -> 0x00040000
[    0.000000] On node 0 totalpages: 261999
[    0.000000] free_area_init_node: node 0, pgdat c1715200, node_mem_map c1a87200
[    0.000000]   DMA zone: 32 pages used for memmap
[    0.000000]   DMA zone: 0 pages reserved
[    0.000000]   DMA zone: 3951 pages, LIFO batch:0
[    0.000000]   Normal zone: 1748 pages used for memmap
[    0.000000]   Normal zone: 221994 pages, LIFO batch:31
[    0.000000]   HighMem zone: 269 pages used for memmap
[    0.000000]   HighMem zone: 34005 pages, LIFO batch:7
[    0.000000] Using APIC driver default
[    0.000000] ACPI: PM-Timer IO Port: 0x1008
[    0.000000] ACPI: Local APIC address 0xfee00000
[    0.000000] ACPI: LAPIC (acpi_id[0x00] lapic_id[0x00] enabled)
[    0.000000] ACPI: LAPIC (acpi_id[0x01] lapic_id[0x02] disabled)
[    0.000000] ACPI: LAPIC (acpi_id[0x02] lapic_id[0x04] disabled)
[    0.000000] ACPI: LAPIC (acpi_id[0x03] lapic_id[0x06] disabled)
[    0.000000] ACPI: LAPIC (acpi_id[0x04] lapic_id[0x08] disabled)
[    0.000000] ACPI: LAPIC (acpi_id[0x05] lapic_id[0x0a] disabled)
[    0.000000] ACPI: LAPIC (acpi_id[0x06] lapic_id[0x0c] disabled)
[    0.000000] ACPI: LAPIC (acpi_id[0x07] lapic_id[0x0e] disabled)
[    0.000000] ACPI: LAPIC (acpi_id[0x08] lapic_id[0x10] disabled)
[    0.000000] ACPI: LAPIC (acpi_id[0x09] lapic_id[0x12] disabled)
[    0.000000] ACPI: LAPIC (acpi_id[0x0a] lapic_id[0x14] disabled)
[    0.000000] ACPI: LAPIC (acpi_id[0x0b] lapic_id[0x16] disabled)
[    0.000000] ACPI: LAPIC (acpi_id[0x0c] lapic_id[0x18] disabled)
[    0.000000] ACPI: LAPIC (acpi_id[0x0d] lapic_id[0x1a] disabled)
[    0.000000] ACPI: LAPIC (acpi_id[0x0e] lapic_id[0x1c] disabled)
[    0.000000] ACPI: LAPIC (acpi_id[0x0f] lapic_id[0x1e] disabled)
[    0.000000] ACPI: LAPIC (acpi_id[0x10] lapic_id[0x20] disabled)
[    0.000000] ACPI: LAPIC (acpi_id[0x11] lapic_id[0x22] disabled)
[    0.000000] ACPI: LAPIC (acpi_id[0x12] lapic_id[0x24] disabled)
[    0.000000] ACPI: LAPIC (acpi_id[0x13] lapic_id[0x26] disabled)
[    0.000000] ACPI: LAPIC (acpi_id[0x14] lapic_id[0x28] disabled)
[    0.000000] ACPI: LAPIC (acpi_id[0x15] lapic_id[0x2a] disabled)
[    0.000000] ACPI: LAPIC (acpi_id[0x16] lapic_id[0x2c] disabled)
[    0.000000] ACPI: LAPIC (acpi_id[0x17] lapic_id[0x2e] disabled)
[    0.000000] ACPI: LAPIC (acpi_id[0x18] lapic_id[0x30] disabled)
[    0.000000] ACPI: LAPIC (acpi_id[0x19] lapic_id[0x32] disabled)
[    0.000000] ACPI: LAPIC (acpi_id[0x1a] lapic_id[0x34] disabled)
[    0.000000] ACPI: LAPIC (acpi_id[0x1b] lapic_id[0x36] disabled)
[    0.000000] ACPI: LAPIC (acpi_id[0x1c] lapic_id[0x38] disabled)
[    0.000000] ACPI: LAPIC (acpi_id[0x1d] lapic_id[0x3a] disabled)
[    0.000000] ACPI: LAPIC (acpi_id[0x1e] lapic_id[0x3c] disabled)
[    0.000000] ACPI: LAPIC (acpi_id[0x1f] lapic_id[0x3e] disabled)
[    0.000000] ACPI: LAPIC (acpi_id[0x20] lapic_id[0x40] disabled)
[    0.000000] ACPI: LAPIC (acpi_id[0x21] lapic_id[0x42] disabled)
[    0.000000] ACPI: LAPIC (acpi_id[0x22] lapic_id[0x44] disabled)
[    0.000000] ACPI: LAPIC (acpi_id[0x23] lapic_id[0x46] disabled)
[    0.000000] ACPI: LAPIC (acpi_id[0x24] lapic_id[0x48] disabled)
[    0.000000] ACPI: LAPIC (acpi_id[0x25] lapic_id[0x4a] disabled)
[    0.000000] ACPI: LAPIC (acpi_id[0x26] lapic_id[0x4c] disabled)
[    0.000000] ACPI: LAPIC (acpi_id[0x27] lapic_id[0x4e] disabled)
[    0.000000] ACPI: LAPIC (acpi_id[0x28] lapic_id[0x50] disabled)
[    0.000000] ACPI: LAPIC (acpi_id[0x29] lapic_id[0x52] disabled)
[    0.000000] ACPI: LAPIC (acpi_id[0x2a] lapic_id[0x54] disabled)
[    0.000000] ACPI: LAPIC (acpi_id[0x2b] lapic_id[0x56] disabled)
[    0.000000] ACPI: LAPIC (acpi_id[0x2c] lapic_id[0x58] disabled)
[    0.000000] ACPI: LAPIC (acpi_id[0x2d] lapic_id[0x5a] disabled)
[    0.000000] ACPI: LAPIC (acpi_id[0x2e] lapic_id[0x5c] disabled)
[    0.000000] ACPI: LAPIC (acpi_id[0x2f] lapic_id[0x5e] disabled)
[    0.000000] ACPI: LAPIC (acpi_id[0x30] lapic_id[0x60] disabled)
[    0.000000] ACPI: LAPIC (acpi_id[0x31] lapic_id[0x62] disabled)
[    0.000000] ACPI: LAPIC (acpi_id[0x32] lapic_id[0x64] disabled)
[    0.000000] ACPI: LAPIC (acpi_id[0x33] lapic_id[0x66] disabled)
[    0.000000] ACPI: LAPIC (acpi_id[0x34] lapic_id[0x68] disabled)
[    0.000000] ACPI: LAPIC (acpi_id[0x35] lapic_id[0x6a] disabled)
[    0.000000] ACPI: LAPIC (acpi_id[0x36] lapic_id[0x6c] disabled)
[    0.000000] ACPI: LAPIC (acpi_id[0x37] lapic_id[0x6e] disabled)
[    0.000000] ACPI: LAPIC (acpi_id[0x38] lapic_id[0x70] disabled)
[    0.000000] ACPI: LAPIC (acpi_id[0x39] lapic_id[0x72] disabled)
[    0.000000] ACPI: LAPIC (acpi_id[0x3a] lapic_id[0x74] disabled)
[    0.000000] ACPI: LAPIC (acpi_id[0x3b] lapic_id[0x76] disabled)
[    0.000000] ACPI: LAPIC (acpi_id[0x3c] lapic_id[0x78] disabled)
[    0.000000] ACPI: LAPIC (acpi_id[0x3d] lapic_id[0x7a] disabled)
[    0.000000] ACPI: LAPIC (acpi_id[0x3e] lapic_id[0x7c] disabled)
[    0.000000] ACPI: LAPIC (acpi_id[0x3f] lapic_id[0x7e] disabled)
[    0.000000] ACPI: LAPIC_NMI (acpi_id[0x00] high edge lint[0x1])
[    0.000000] ACPI: LAPIC_NMI (acpi_id[0x01] high edge lint[0x1])
[    0.000000] ACPI: LAPIC_NMI (acpi_id[0x02] high edge lint[0x1])
[    0.000000] ACPI: LAPIC_NMI (acpi_id[0x03] high edge lint[0x1])
[    0.000000] ACPI: LAPIC_NMI (acpi_id[0x04] high edge lint[0x1])
[    0.000000] ACPI: LAPIC_NMI (acpi_id[0x05] high edge lint[0x1])
[    0.000000] ACPI: LAPIC_NMI (acpi_id[0x06] high edge lint[0x1])
[    0.000000] ACPI: LAPIC_NMI (acpi_id[0x07] high edge lint[0x1])
[    0.000000] ACPI: LAPIC_NMI (acpi_id[0x08] high edge lint[0x1])
[    0.000000] ACPI: LAPIC_NMI (acpi_id[0x09] high edge lint[0x1])
[    0.000000] ACPI: LAPIC_NMI (acpi_id[0x0a] high edge lint[0x1])
[    0.000000] ACPI: LAPIC_NMI (acpi_id[0x0b] high edge lint[0x1])
[    0.000000] ACPI: LAPIC_NMI (acpi_id[0x0c] high edge lint[0x1])
[    0.000000] ACPI: LAPIC_NMI (acpi_id[0x0d] high edge lint[0x1])
[    0.000000] ACPI: LAPIC_NMI (acpi_id[0x0e] high edge lint[0x1])
[    0.000000] ACPI: LAPIC_NMI (acpi_id[0x0f] high edge lint[0x1])
[    0.000000] ACPI: LAPIC_NMI (acpi_id[0x10] high edge lint[0x1])
[    0.000000] ACPI: LAPIC_NMI (acpi_id[0x11] high edge lint[0x1])
[    0.000000] ACPI: LAPIC_NMI (acpi_id[0x12] high edge lint[0x1])
[    0.000000] ACPI: LAPIC_NMI (acpi_id[0x13] high edge lint[0x1])
[    0.000000] ACPI: LAPIC_NMI (acpi_id[0x14] high edge lint[0x1])
[    0.000000] ACPI: LAPIC_NMI (acpi_id[0x15] high edge lint[0x1])
[    0.000000] ACPI: LAPIC_NMI (acpi_id[0x16] high edge lint[0x1])
[    0.000000] ACPI: LAPIC_NMI (acpi_id[0x17] high edge lint[0x1])
[    0.000000] ACPI: LAPIC_NMI (acpi_id[0x18] high edge lint[0x1])
[    0.000000] ACPI: LAPIC_NMI (acpi_id[0x19] high edge lint[0x1])
[    0.000000] ACPI: LAPIC_NMI (acpi_id[0x1a] high edge lint[0x1])
[    0.000000] ACPI: LAPIC_NMI (acpi_id[0x1b] high edge lint[0x1])
[    0.000000] ACPI: LAPIC_NMI (acpi_id[0x1c] high edge lint[0x1])
[    0.000000] ACPI: LAPIC_NMI (acpi_id[0x1d] high edge lint[0x1])
[    0.000000] ACPI: LAPIC_NMI (acpi_id[0x1e] high edge lint[0x1])
[    0.000000] ACPI: LAPIC_NMI (acpi_id[0x1f] high edge lint[0x1])
[    0.000000] ACPI: LAPIC_NMI (acpi_id[0x20] high edge lint[0x1])
[    0.000000] ACPI: LAPIC_NMI (acpi_id[0x21] high edge lint[0x1])
[    0.000000] ACPI: LAPIC_NMI (acpi_id[0x22] high edge lint[0x1])
[    0.000000] ACPI: LAPIC_NMI (acpi_id[0x23] high edge lint[0x1])
[    0.000000] ACPI: LAPIC_NMI (acpi_id[0x24] high edge lint[0x1])
[    0.000000] ACPI: LAPIC_NMI (acpi_id[0x25] high edge lint[0x1])
[    0.000000] ACPI: LAPIC_NMI (acpi_id[0x26] high edge lint[0x1])
[    0.000000] ACPI: LAPIC_NMI (acpi_id[0x27] high edge lint[0x1])
[    0.000000] ACPI: LAPIC_NMI (acpi_id[0x28] high edge lint[0x1])
[    0.000000] ACPI: LAPIC_NMI (acpi_id[0x29] high edge lint[0x1])
[    0.000000] ACPI: LAPIC_NMI (acpi_id[0x2a] high edge lint[0x1])
[    0.000000] ACPI: LAPIC_NMI (acpi_id[0x2b] high edge lint[0x1])
[    0.000000] ACPI: LAPIC_NMI (acpi_id[0x2c] high edge lint[0x1])
[    0.000000] ACPI: LAPIC_NMI (acpi_id[0x2d] high edge lint[0x1])
[    0.000000] ACPI: LAPIC_NMI (acpi_id[0x2e] high edge lint[0x1])
[    0.000000] ACPI: LAPIC_NMI (acpi_id[0x2f] high edge lint[0x1])
[    0.000000] ACPI: LAPIC_NMI (acpi_id[0x30] high edge lint[0x1])
[    0.000000] ACPI: LAPIC_NMI (acpi_id[0x31] high edge lint[0x1])
[    0.000000] ACPI: LAPIC_NMI (acpi_id[0x32] high edge lint[0x1])
[    0.000000] ACPI: LAPIC_NMI (acpi_id[0x33] high edge lint[0x1])
[    0.000000] ACPI: LAPIC_NMI (acpi_id[0x34] high edge lint[0x1])
[    0.000000] ACPI: LAPIC_NMI (acpi_id[0x35] high edge lint[0x1])
[    0.000000] ACPI: LAPIC_NMI (acpi_id[0x36] high edge lint[0x1])
[    0.000000] ACPI: LAPIC_NMI (acpi_id[0x37] high edge lint[0x1])
[    0.000000] ACPI: LAPIC_NMI (acpi_id[0x38] high edge lint[0x1])
[    0.000000] ACPI: LAPIC_NMI (acpi_id[0x39] high edge lint[0x1])
[    0.000000] ACPI: LAPIC_NMI (acpi_id[0x3a] high edge lint[0x1])
[    0.000000] ACPI: LAPIC_NMI (acpi_id[0x3b] high edge lint[0x1])
[    0.000000] ACPI: LAPIC_NMI (acpi_id[0x3c] high edge lint[0x1])
[    0.000000] ACPI: LAPIC_NMI (acpi_id[0x3d] high edge lint[0x1])
[    0.000000] ACPI: LAPIC_NMI (acpi_id[0x3e] high edge lint[0x1])
[    0.000000] ACPI: LAPIC_NMI (acpi_id[0x3f] high edge lint[0x1])
[    0.000000] ACPI: Skipping IOAPIC probe due to 'noapic' option.
[    0.000000] Using ACPI for processor (LAPIC) configuration information
[    0.000000] ACPI: HPET id: 0x8086af01 base: 0xfed00000
[    0.000000] Intel MultiProcessor Specification v1.4
[    0.000000]     Virtual Wire compatibility mode.
[    0.000000] MPTABLE: OEM ID: INTEL   
[    0.000000] MPTABLE: Product ID: 440BX       
[    0.000000] MPTABLE: APIC at: 0xFEE00000
[    0.000000] I/O APIC #1 Version 17 at 0xFEC00000.
[    0.000000] Processors: 1
[    0.000000] 64 Processors exceeds NR_CPUS limit of 8
[    0.000000] SMP: Allowing 8 CPUs, 7 hotplug CPUs
[    0.000000] nr_irqs_gsi: 24
[    0.000000] PM: Registered nosave memory: 000000000009f000 - 00000000000a0000
[    0.000000] PM: Registered nosave memory: 00000000000a0000 - 00000000000ca000
[    0.000000] PM: Registered nosave memory: 00000000000ca000 - 00000000000cc000
[    0.000000] PM: Registered nosave memory: 00000000000cc000 - 00000000000dc000
[    0.000000] PM: Registered nosave memory: 00000000000dc000 - 0000000000100000
[    0.000000] Allocating PCI resources starting at 40000000 (gap: 40000000:a0000000)
[    0.000000] Booting paravirtualized kernel on bare hardware
[    0.000000] NR_CPUS:8 nr_cpumask_bits:8 nr_cpu_ids:8 nr_node_ids:1
[    0.000000] PERCPU: Embedded 15 pages/cpu @c2400000 s39320 r0 d22120 u262144
[    0.000000] pcpu-alloc: s39320 r0 d22120 u262144 alloc=1*2097152
[    0.000000] pcpu-alloc: [0] 0 1 2 3 4 5 6 7 
[    0.000000] Built 1 zonelists in Zone order, mobility grouping on.  Total pages: 259950
[    0.000000] Kernel command line: BOOT_IMAGE=/boot/vmlinuz-2.6.32.57 root=UUID=007b598c-390d-4c65-84a1-4ff752d48633 ro quiet splash maxcpus=0
[    0.000000] PID hash table entries: 4096 (order: 2, 16384 bytes)
[    0.000000] Dentry cache hash table entries: 131072 (order: 7, 524288 bytes)
[    0.000000] Inode-cache hash table entries: 65536 (order: 6, 262144 bytes)
[    0.000000] Enabling fast FPU save and restore... done.
[    0.000000] Enabling unmasked SIMD FPU exception support... done.
[    0.000000] Initializing CPU#0
[    0.000000] xsave/xrstor: enabled xstate_bv 0x7, cntxt size 0x340
[    0.000000] allocated 5242560 bytes of page_cgroup
[    0.000000] please try 'cgroup_disable=memory' option if you don't want memory cgroups
[    0.000000] Initializing HighMem for node 0 (000379fe:00040000)
[    0.000000] Memory: 938260k/1048576k available (4839k kernel code, 108848k reserved, 2518k data, 652k init, 137096k highmem)
[    0.000000] virtual kernel memory layout:
[    0.000000]     fixmap  : 0xfff1e000 - 0xfffff000   ( 900 kB)
[    0.000000]     pkmap   : 0xffa00000 - 0xffc00000   (2048 kB)
[    0.000000]     vmalloc : 0xf81fe000 - 0xff9fe000   ( 120 MB)
[    0.000000]     lowmem  : 0xc0000000 - 0xf79fe000   ( 889 MB)
[    0.000000]       .init : 0xc1730000 - 0xc17d3000   ( 652 kB)
[    0.000000]       .data : 0xc14b9cce - 0xc172f764   (2518 kB)
[    0.000000]       .text : 0xc1000000 - 0xc14b9cce   (4839 kB)
[    0.000000] Checking if this processor honours the WP bit even in supervisor mode...Ok.
[    0.000000] SLUB: Genslabs=13, HWalign=64, Order=0-3, MinObjects=0, CPUs=8, Nodes=1
[    0.000000] Hierarchical RCU implementation.
[    0.000000] NR_IRQS:2304 nr_irqs:472
[    0.000000] Extended CMOS year: 2000
[    0.000000] Console: colour VGA+ 80x25
[    0.000000] console [tty0] enabled
[    0.000000] hpet clockevent registered
[    0.000000] TSC freq read from hypervisor : 2394.620 MHz
[    0.000000] Detected 2394.620 MHz processor.
[    0.000002] Calibrating delay loop (skipped) preset value.. 4789.24 BogoMIPS (lpj=9578480)
[    0.000011] Security Framework initialized
[    0.000014] SELinux:  Disabled at boot.
[    0.000018] Mount-cache hash table entries: 512
[    0.000116] Initializing cgroup subsys cpuacct
[    0.000119] Initializing cgroup subsys memory
[    0.000123] Initializing cgroup subsys devices
[    0.000124] Initializing cgroup subsys freezer
[    0.000150] CPU: Physical Processor ID: 0
[    0.000157] CPU: L1 I cache: 32K, L1 D cache: 32K
[    0.000159] CPU: L2 cache: 256K
[    0.000160] CPU: L3 cache: 4096K
[    0.000165] mce: CPU supports 0 MCE banks
[    0.000176] Performance Events: no PMU driver, software events only.
[    0.000186] Checking 'hlt' instruction... OK.
[    0.017983] SMP alternatives: switching to UP code
[    0.033744] ACPI: Core revision 20090903
[    0.039825] ACPI: setting ELCR to 0200 (from 0e20)
[    0.040921] ftrace: converting mcount calls to 0f 1f 44 00 00
[    0.040926] ftrace: allocating 22631 entries in 45 pages
[    0.058207] CANARY value: 3e329f79 for PID: 1
[    0.058236] Not enabling x2apic, Intr-remapping init failed.
[    0.058237] Enabling APIC mode:  Flat.  Using 1 I/O APICs
[    0.058245] SMP mode deactivated.
[    0.058269] SMP disabled
[    0.058325] Brought up 1 CPUs
[    0.058326] Total of 1 processors activated (4789.24 BogoMIPS).
[    0.058330] CPU0 attaching NULL sched-domain.
[    0.058399] devtmpfs: initialized
[    0.058540] sysctl table check failed: /kernel/random/now_input .1.40.7 Unknown sysctl binary path
[    0.058781] Pid: 1, comm: swapper Not tainted 2.6.32.57 #4
[    0.058782] Call Trace:
[    0.058786]  [<c14a8a0e>] ? printk+0x1d/0x1f
[    0.058790]  [<c107b56f>] set_fail+0x4f/0x60
[    0.058791]  [<c107b8b3>] sysctl_check_table+0x333/0x620
[    0.058793]  [<c107b8cc>] sysctl_check_table+0x34c/0x620
[    0.058795]  [<c107b8cc>] sysctl_check_table+0x34c/0x620
[    0.058798]  [<c1746d48>] sysctl_init+0x25/0x29
[    0.058800]  [<c1003042>] do_one_initcall+0x32/0x1a0
[    0.058802]  [<c1746d23>] ? sysctl_init+0x0/0x29
[    0.058805]  [<c17308e7>] kernel_init+0x12d/0x17a
[    0.058806]  [<c17307ba>] ? kernel_init+0x0/0x17a
[    0.058809]  [<c1009b07>] kernel_thread_helper+0x7/0x10
[    0.058810] sysctl table check failed: /kernel/random/now_blocking .1.40.8 Unknown sysctl binary path
[    0.059039] Pid: 1, comm: swapper Not tainted 2.6.32.57 #4
[    0.059040] Call Trace:
[    0.059041]  [<c14a8a0e>] ? printk+0x1d/0x1f
[    0.059043]  [<c107b56f>] set_fail+0x4f/0x60
[    0.059044]  [<c107b8b3>] sysctl_check_table+0x333/0x620
[    0.059046]  [<c107b8cc>] sysctl_check_table+0x34c/0x620
[    0.059048]  [<c107b8cc>] sysctl_check_table+0x34c/0x620
[    0.059050]  [<c1746d48>] sysctl_init+0x25/0x29
[    0.059051]  [<c1003042>] do_one_initcall+0x32/0x1a0
[    0.059053]  [<c1746d23>] ? sysctl_init+0x0/0x29
[    0.059055]  [<c17308e7>] kernel_init+0x12d/0x17a
[    0.059056]  [<c17307ba>] ? kernel_init+0x0/0x17a
[    0.059058]  [<c1009b07>] kernel_thread_helper+0x7/0x10
[    0.059059] sysctl table check failed: /kernel/random/now_nonblocking .1.40.9 Unknown sysctl binary path
[    0.059290] Pid: 1, comm: swapper Not tainted 2.6.32.57 #4
[    0.059290] Call Trace:
[    0.059292]  [<c14a8a0e>] ? printk+0x1d/0x1f
[    0.059293]  [<c107b56f>] set_fail+0x4f/0x60
[    0.059295]  [<c107b8b3>] sysctl_check_table+0x333/0x620
[    0.059296]  [<c107b8cc>] sysctl_check_table+0x34c/0x620
[    0.059298]  [<c107b8cc>] sysctl_check_table+0x34c/0x620
[    0.059300]  [<c1746d48>] sysctl_init+0x25/0x29
[    0.059302]  [<c1003042>] do_one_initcall+0x32/0x1a0
[    0.059304]  [<c1746d23>] ? sysctl_init+0x0/0x29
[    0.059305]  [<c17308e7>] kernel_init+0x12d/0x17a
[    0.059307]  [<c17307ba>] ? kernel_init+0x0/0x17a
[    0.059308]  [<c1009b07>] kernel_thread_helper+0x7/0x10
[    0.059309] sysctl table check failed: /kernel/random/nb_input_bytes .1.40.10 Unknown sysctl binary path
[    0.059573] Pid: 1, comm: swapper Not tainted 2.6.32.57 #4
[    0.059574] Call Trace:
[    0.059575]  [<c14a8a0e>] ? printk+0x1d/0x1f
[    0.059577]  [<c107b56f>] set_fail+0x4f/0x60
[    0.059578]  [<c107b8b3>] sysctl_check_table+0x333/0x620
[    0.059580]  [<c107b8cc>] sysctl_check_table+0x34c/0x620
[    0.059581]  [<c107b8cc>] sysctl_check_table+0x34c/0x620
[    0.059584]  [<c1746d48>] sysctl_init+0x25/0x29
[    0.059585]  [<c1003042>] do_one_initcall+0x32/0x1a0
[    0.059587]  [<c1746d23>] ? sysctl_init+0x0/0x29
[    0.059589]  [<c17308e7>] kernel_init+0x12d/0x17a
[    0.059590]  [<c17307ba>] ? kernel_init+0x0/0x17a
[    0.059592]  [<c1009b07>] kernel_thread_helper+0x7/0x10
[    0.059593] sysctl table check failed: /kernel/random/nb_stir_count .1.40.11 Unknown sysctl binary path
[    0.059822] Pid: 1, comm: swapper Not tainted 2.6.32.57 #4
[    0.059823] Call Trace:
[    0.059824]  [<c14a8a0e>] ? printk+0x1d/0x1f
[    0.059826]  [<c107b56f>] set_fail+0x4f/0x60
[    0.059827]  [<c107b8b3>] sysctl_check_table+0x333/0x620
[    0.059829]  [<c107b8cc>] sysctl_check_table+0x34c/0x620
[    0.059830]  [<c107b8cc>] sysctl_check_table+0x34c/0x620
[    0.059833]  [<c1746d48>] sysctl_init+0x25/0x29
[    0.059834]  [<c1003042>] do_one_initcall+0x32/0x1a0
[    0.059836]  [<c1746d23>] ? sysctl_init+0x0/0x29
[    0.059838]  [<c17308e7>] kernel_init+0x12d/0x17a
[    0.059839]  [<c17307ba>] ? kernel_init+0x0/0x17a
[    0.059841]  [<c1009b07>] kernel_thread_helper+0x7/0x10
[    0.059842] sysctl table check failed: /kernel/random/nb_reentry_count .1.40.12 Unknown sysctl binary path
[    0.060073] Pid: 1, comm: swapper Not tainted 2.6.32.57 #4
[    0.060074] Call Trace:
[    0.060075]  [<c14a8a0e>] ? printk+0x1d/0x1f
[    0.060076]  [<c107b56f>] set_fail+0x4f/0x60
[    0.060078]  [<c107b8b3>] sysctl_check_table+0x333/0x620
[    0.060079]  [<c107b8cc>] sysctl_check_table+0x34c/0x620
[    0.060081]  [<c107b8cc>] sysctl_check_table+0x34c/0x620
[    0.060083]  [<c1746d48>] sysctl_init+0x25/0x29
[    0.060085]  [<c1003042>] do_one_initcall+0x32/0x1a0
[    0.060087]  [<c1746d23>] ? sysctl_init+0x0/0x29
[    0.060088]  [<c17308e7>] kernel_init+0x12d/0x17a
[    0.060090]  [<c17307ba>] ? kernel_init+0x0/0x17a
[    0.060091]  [<c1009b07>] kernel_thread_helper+0x7/0x10
[    0.060203] RANDOM - __seed init called.
[    0.060204] RANDOM - __seed init called.
[    0.060205] RANDOM - __seed init called.
[    0.060206] RANDOM - __random32 called. Change num 1.  Value: 865378fd	b53d80db	1f8ba37e
[    0.060207] RANDOM - __random32 called. Change num 2.  Value: 378fdd29	53d80db0	46fc7ad7
[    0.060209] RANDOM - __random32 called. Change num 3.  Value: fdd29985	3d80db0e	f5ae23f5
[    0.060210] RANDOM - __random32 called. Change num 4.  Value: 299855dc	d80db0e5	47eb1be7
[    0.060211] RANDOM - __random32 called. Change num 5.  Value: 855dc464	80db0e5c	37cf1678
[    0.060212] RANDOM - __random32 called. Change num 6.  Value: dc4647ba	db0e5c1	2cf136f4
[    0.060214] RANDOM - random32 init called.  Value: dc4647ba	db0e5c1	2cf136f4
[    0.060219] regulator: core version 0.5
[    0.060296] Time:  0:13:09  Date: 05/25/13
[    0.060332] NET: Registered protocol family 16
[    0.060395] EISA bus registered
[    0.061152] ACPI: bus type pci registered
[    0.061247] PCI: MCFG configuration 0: base e0000000 segment 0 buses 0 - 255
[    0.061249] PCI: MCFG area at e0000000 reserved in E820
[    0.061250] PCI: Using MMCONFIG for extended config space
[    0.061251] PCI: Using configuration type 1 for base access
[    0.061729] bio: create slab <bio-0> at 0
[    0.062918] ACPI: EC: Look up EC in DSDT
[    0.099850] ACPI: BIOS _OSI(Linux) query ignored
[    0.106209] ACPI: Interpreter enabled
[    0.106213] ACPI: (supports S0 S1 S4 S5)
[    0.106224] ACPI: Using PIC for interrupt routing
[    0.188303] ACPI: No dock devices found.
[    0.189133] ACPI: PCI Root Bridge [PCI0] (0000:00)
[    0.190791] pci 0000:00:07.1: reg 20 io port: [0x10c0-0x10cf]
[    0.191355] pci 0000:00:07.3: quirk: region 1000-103f claimed by PIIX4 ACPI
[    0.191367] pci 0000:00:07.3: quirk: region 1040-104f claimed by PIIX4 SMB
[    0.191947] pci 0000:00:07.7: reg 10 io port: [0x1080-0x10bf]
[    0.192352] pci 0000:00:07.7: reg 14 64bit mmio: [0xc8000000-0xc8001fff]
[    0.193533] pci 0000:00:0f.0: reg 10 io port: [0x10d0-0x10df]
[    0.193573] pci 0000:00:0f.0: reg 14 32bit mmio pref: [0xd0000000-0xd7ffffff]
[    0.193613] pci 0000:00:0f.0: reg 18 32bit mmio: [0xc8800000-0xc8ffffff]
[    0.193765] pci 0000:00:0f.0: reg 30 32bit mmio pref: [0x000000-0x007fff]
[    0.194316] pci 0000:00:10.0: reg 10 io port: [0x1400-0x14ff]
[    0.194696] pci 0000:00:10.0: reg 14 64bit mmio: [0xc8040000-0xc805ffff]
[    0.195052] pci 0000:00:10.0: reg 1c 64bit mmio: [0xc8020000-0xc803ffff]
[    0.195130] pci 0000:00:10.0: reg 30 32bit mmio pref: [0x000000-0x003fff]
[    0.196627] pci 0000:00:15.0: PME# supported from D0 D3hot D3cold
[    0.196649] pci 0000:00:15.0: PME# disabled
[    0.197569] pci 0000:00:15.1: PME# supported from D0 D3hot D3cold
[    0.197590] pci 0000:00:15.1: PME# disabled
[    0.198510] pci 0000:00:15.2: PME# supported from D0 D3hot D3cold
[    0.198530] pci 0000:00:15.2: PME# disabled
[    0.199460] pci 0000:00:15.3: PME# supported from D0 D3hot D3cold
[    0.199481] pci 0000:00:15.3: PME# disabled
[    0.200440] pci 0000:00:15.4: PME# supported from D0 D3hot D3cold
[    0.200461] pci 0000:00:15.4: PME# disabled
[    0.201389] pci 0000:00:15.5: PME# supported from D0 D3hot D3cold
[    0.201409] pci 0000:00:15.5: PME# disabled
[    0.202328] pci 0000:00:15.6: PME# supported from D0 D3hot D3cold
[    0.202349] pci 0000:00:15.6: PME# disabled
[    0.203264] pci 0000:00:15.7: PME# supported from D0 D3hot D3cold
[    0.203286] pci 0000:00:15.7: PME# disabled
[    0.204205] pci 0000:00:16.0: PME# supported from D0 D3hot D3cold
[    0.204237] pci 0000:00:16.0: PME# disabled
[    0.205157] pci 0000:00:16.1: PME# supported from D0 D3hot D3cold
[    0.205179] pci 0000:00:16.1: PME# disabled
[    0.206101] pci 0000:00:16.2: PME# supported from D0 D3hot D3cold
[    0.206122] pci 0000:00:16.2: PME# disabled
[    0.207041] pci 0000:00:16.3: PME# supported from D0 D3hot D3cold
[    0.207061] pci 0000:00:16.3: PME# disabled
[    0.208043] pci 0000:00:16.4: PME# supported from D0 D3hot D3cold
[    0.208067] pci 0000:00:16.4: PME# disabled
[    0.209038] pci 0000:00:16.5: PME# supported from D0 D3hot D3cold
[    0.209061] pci 0000:00:16.5: PME# disabled
[    0.210031] pci 0000:00:16.6: PME# supported from D0 D3hot D3cold
[    0.210054] pci 0000:00:16.6: PME# disabled
[    0.211293] pci 0000:00:16.7: PME# supported from D0 D3hot D3cold
[    0.211316] pci 0000:00:16.7: PME# disabled
[    0.212301] pci 0000:00:17.0: PME# supported from D0 D3hot D3cold
[    0.212324] pci 0000:00:17.0: PME# disabled
[    0.213296] pci 0000:00:17.1: PME# supported from D0 D3hot D3cold
[    0.213318] pci 0000:00:17.1: PME# disabled
[    0.214288] pci 0000:00:17.2: PME# supported from D0 D3hot D3cold
[    0.214311] pci 0000:00:17.2: PME# disabled
[    0.215411] pci 0000:00:17.3: PME# supported from D0 D3hot D3cold
[    0.215443] pci 0000:00:17.3: PME# disabled
[    0.216595] pci 0000:00:17.4: PME# supported from D0 D3hot D3cold
[    0.216623] pci 0000:00:17.4: PME# disabled
[    0.217941] pci 0000:00:17.5: PME# supported from D0 D3hot D3cold
[    0.217971] pci 0000:00:17.5: PME# disabled
[    0.219293] pci 0000:00:17.6: PME# supported from D0 D3hot D3cold
[    0.219324] pci 0000:00:17.6: PME# disabled
[    0.220495] pci 0000:00:17.7: PME# supported from D0 D3hot D3cold
[    0.220521] pci 0000:00:17.7: PME# disabled
[    0.221678] pci 0000:00:18.0: PME# supported from D0 D3hot D3cold
[    0.221708] pci 0000:00:18.0: PME# disabled
[    0.223025] pci 0000:00:18.1: PME# supported from D0 D3hot D3cold
[    0.223059] pci 0000:00:18.1: PME# disabled
[    0.224387] pci 0000:00:18.2: PME# supported from D0 D3hot D3cold
[    0.224420] pci 0000:00:18.2: PME# disabled
[    0.225725] pci 0000:00:18.3: PME# supported from D0 D3hot D3cold
[    0.225755] pci 0000:00:18.3: PME# disabled
[    0.227075] pci 0000:00:18.4: PME# supported from D0 D3hot D3cold
[    0.227104] pci 0000:00:18.4: PME# disabled
[    0.228443] pci 0000:00:18.5: PME# supported from D0 D3hot D3cold
[    0.228474] pci 0000:00:18.5: PME# disabled
[    0.229741] pci 0000:00:18.6: PME# supported from D0 D3hot D3cold
[    0.229767] pci 0000:00:18.6: PME# disabled
[    0.231093] pci 0000:00:18.7: PME# supported from D0 D3hot D3cold
[    0.231123] pci 0000:00:18.7: PME# disabled
[    0.232798] pci 0000:02:00.0: reg 20 io port: [0x20c0-0x20df]
[    0.233534] pci 0000:02:01.0: reg 10 io port: [0x2000-0x207f]
[    0.233801] pci 0000:02:01.0: reg 30 32bit mmio pref: [0x000000-0x00ffff]
[    0.234388] pci 0000:02:02.0: reg 10 io port: [0x2080-0x20bf]
[    0.235045] pci 0000:02:03.0: reg 10 32bit mmio: [0xc9000000-0xc9000fff]
[    0.235713] pci 0000:00:11.0: transparent bridge
[    0.235738] pci 0000:00:11.0: bridge io port: [0x2000-0x3fff]
[    0.235764] pci 0000:00:11.0: bridge 32bit mmio: [0xc9000000-0xca3fffff]
[    0.235813] pci 0000:00:11.0: bridge 64bit mmio pref: [0xd8400000-0xd89fffff]
[    0.236297] pci 0000:00:15.0: bridge io port: [0x4000-0x4fff]
[    0.236322] pci 0000:00:15.0: bridge 32bit mmio: [0xca400000-0xca4fffff]
[    0.236374] pci 0000:00:15.0: bridge 64bit mmio pref: [0xd8a00000-0xd8afffff]
[    0.236847] pci 0000:00:15.1: bridge io port: [0x8000-0x8fff]
[    0.236872] pci 0000:00:15.1: bridge 32bit mmio: [0xca800000-0xca8fffff]
[    0.236923] pci 0000:00:15.1: bridge 64bit mmio pref: [0xd8e00000-0xd8efffff]
[    0.237421] pci 0000:00:15.2: bridge io port: [0xc000-0xcfff]
[    0.237447] pci 0000:00:15.2: bridge 32bit mmio: [0xcac00000-0xcacfffff]
[    0.237498] pci 0000:00:15.2: bridge 64bit mmio pref: [0xd9200000-0xd92fffff]
[    0.237990] pci 0000:00:15.3: bridge 32bit mmio: [0xcb000000-0xcb0fffff]
[    0.238040] pci 0000:00:15.3: bridge 64bit mmio pref: [0xd9600000-0xd96fffff]
[    0.238540] pci 0000:00:15.4: bridge 32bit mmio: [0xcb400000-0xcb4fffff]
[    0.238591] pci 0000:00:15.4: bridge 64bit mmio pref: [0xd9a00000-0xd9afffff]
[    0.239085] pci 0000:00:15.5: bridge 32bit mmio: [0xcb800000-0xcb8fffff]
[    0.239135] pci 0000:00:15.5: bridge 64bit mmio pref: [0xd9e00000-0xd9efffff]
[    0.239541] pci 0000:00:15.6: bridge 32bit mmio: [0xcbc00000-0xcbcfffff]
[    0.239581] pci 0000:00:15.6: bridge 64bit mmio pref: [0xda200000-0xda2fffff]
[    0.239975] pci 0000:00:15.7: bridge 32bit mmio: [0xcc000000-0xcc0fffff]
[    0.240014] pci 0000:00:15.7: bridge 64bit mmio pref: [0xda600000-0xda6fffff]
[    0.240389] pci 0000:00:16.0: bridge io port: [0x5000-0x5fff]
[    0.240410] pci 0000:00:16.0: bridge 32bit mmio: [0xca500000-0xca5fffff]
[    0.240448] pci 0000:00:16.0: bridge 64bit mmio pref: [0xd8b00000-0xd8bfffff]
[    0.240807] pci 0000:00:16.1: bridge io port: [0x9000-0x9fff]
[    0.240827] pci 0000:00:16.1: bridge 32bit mmio: [0xca900000-0xca9fffff]
[    0.240865] pci 0000:00:16.1: bridge 64bit mmio pref: [0xd8f00000-0xd8ffffff]
[    0.241237] pci 0000:00:16.2: bridge io port: [0xd000-0xdfff]
[    0.241323] pci 0000:00:16.2: bridge 32bit mmio: [0xcad00000-0xcadfffff]
[    0.241371] pci 0000:00:16.2: bridge 64bit mmio pref: [0xd9300000-0xd93fffff]
[    0.241863] pci 0000:00:16.3: bridge 32bit mmio: [0xcb100000-0xcb1fffff]
[    0.241913] pci 0000:00:16.3: bridge 64bit mmio pref: [0xd9700000-0xd97fffff]
[    0.242375] pci 0000:00:16.4: bridge 32bit mmio: [0xcb500000-0xcb5fffff]
[    0.242420] pci 0000:00:16.4: bridge 64bit mmio pref: [0xd9b00000-0xd9bfffff]
[    0.242844] pci 0000:00:16.5: bridge 32bit mmio: [0xcb900000-0xcb9fffff]
[    0.242887] pci 0000:00:16.5: bridge 64bit mmio pref: [0xd9f00000-0xd9ffffff]
[    0.243417] pci 0000:00:16.6: bridge 32bit mmio: [0xcbd00000-0xcbdfffff]
[    0.243465] pci 0000:00:16.6: bridge 64bit mmio pref: [0xda300000-0xda3fffff]
[    0.243957] pci 0000:00:16.7: bridge 32bit mmio: [0xcc100000-0xcc1fffff]
[    0.244003] pci 0000:00:16.7: bridge 64bit mmio pref: [0xda700000-0xda7fffff]
[    0.244480] pci 0000:00:17.0: bridge io port: [0x6000-0x6fff]
[    0.244507] pci 0000:00:17.0: bridge 32bit mmio: [0xca600000-0xca6fffff]
[    0.244558] pci 0000:00:17.0: bridge 64bit mmio pref: [0xd8c00000-0xd8cfffff]
[    0.245020] pci 0000:00:17.1: bridge io port: [0xa000-0xafff]
[    0.245045] pci 0000:00:17.1: bridge 32bit mmio: [0xcaa00000-0xcaafffff]
[    0.245093] pci 0000:00:17.1: bridge 64bit mmio pref: [0xd9000000-0xd90fffff]
[    0.245572] pci 0000:00:17.2: bridge io port: [0xe000-0xefff]
[    0.245594] pci 0000:00:17.2: bridge 32bit mmio: [0xcae00000-0xcaefffff]
[    0.245633] pci 0000:00:17.2: bridge 64bit mmio pref: [0xd9400000-0xd94fffff]
[    0.246018] pci 0000:00:17.3: bridge 32bit mmio: [0xcb200000-0xcb2fffff]
[    0.246056] pci 0000:00:17.3: bridge 64bit mmio pref: [0xd9800000-0xd98fffff]
[    0.246450] pci 0000:00:17.4: bridge 32bit mmio: [0xcb600000-0xcb6fffff]
[    0.246489] pci 0000:00:17.4: bridge 64bit mmio pref: [0xd9c00000-0xd9cfffff]
[    0.246867] pci 0000:00:17.5: bridge 32bit mmio: [0xcba00000-0xcbafffff]
[    0.246905] pci 0000:00:17.5: bridge 64bit mmio pref: [0xda000000-0xda0fffff]
[    0.247341] pci 0000:00:17.6: bridge 32bit mmio: [0xcbe00000-0xcbefffff]
[    0.247379] pci 0000:00:17.6: bridge 64bit mmio pref: [0xda400000-0xda4fffff]
[    0.247771] pci 0000:00:17.7: bridge 32bit mmio: [0xcc200000-0xcc2fffff]
[    0.247809] pci 0000:00:17.7: bridge 64bit mmio pref: [0xda800000-0xda8fffff]
[    0.248177] pci 0000:00:18.0: bridge io port: [0x7000-0x7fff]
[    0.248197] pci 0000:00:18.0: bridge 32bit mmio: [0xca700000-0xca7fffff]
[    0.248235] pci 0000:00:18.0: bridge 64bit mmio pref: [0xd8d00000-0xd8dfffff]
[    0.248593] pci 0000:00:18.1: bridge io port: [0xb000-0xbfff]
[    0.248613] pci 0000:00:18.1: bridge 32bit mmio: [0xcab00000-0xcabfffff]
[    0.248651] pci 0000:00:18.1: bridge 64bit mmio pref: [0xd9100000-0xd91fffff]
[    0.249009] pci 0000:00:18.2: bridge io port: [0xf000-0xffff]
[    0.249029] pci 0000:00:18.2: bridge 32bit mmio: [0xcaf00000-0xcaffffff]
[    0.249067] pci 0000:00:18.2: bridge 64bit mmio pref: [0xd9500000-0xd95fffff]
[    0.249556] pci 0000:00:18.3: bridge 32bit mmio: [0xcb300000-0xcb3fffff]
[    0.249637] pci 0000:00:18.3: bridge 64bit mmio pref: [0xd9900000-0xd99fffff]
[    0.250170] pci 0000:00:18.4: bridge 32bit mmio: [0xcb700000-0xcb7fffff]
[    0.250227] pci 0000:00:18.4: bridge 64bit mmio pref: [0xd9d00000-0xd9dfffff]
[    0.250807] pci 0000:00:18.5: bridge 32bit mmio: [0xcbb00000-0xcbbfffff]
[    0.250866] pci 0000:00:18.5: bridge 64bit mmio pref: [0xda100000-0xda1fffff]
[    0.251445] pci 0000:00:18.6: bridge 32bit mmio: [0xcbf00000-0xcbffffff]
[    0.251501] pci 0000:00:18.6: bridge 64bit mmio pref: [0xda500000-0xda5fffff]
[    0.252073] pci 0000:00:18.7: bridge 32bit mmio: [0xcc300000-0xcc3fffff]
[    0.252130] pci 0000:00:18.7: bridge 64bit mmio pref: [0xda900000-0xda9fffff]
[    0.254347] pci_bus 0000:00: on NUMA node 0
[    0.254358] ACPI: PCI Interrupt Routing Table [\_SB_.PCI0._PRT]
[    0.475268] ACPI: PCI Interrupt Link [LNKA] (IRQs 3 4 5 6 7 *9 10 11 14 15)
[    0.475425] ACPI: PCI Interrupt Link [LNKB] (IRQs 3 4 5 6 7 9 10 *11 14 15)
[    0.475565] ACPI: PCI Interrupt Link [LNKC] (IRQs 3 4 5 6 7 9 *10 11 14 15)
[    0.475705] ACPI: PCI Interrupt Link [LNKD] (IRQs 3 4 *5 6 7 9 10 11 14 15)
[    0.475831] vgaarb: device added: PCI:0000:00:0f.0,decodes=io+mem,owns=io+mem,locks=none
[    0.475859] vgaarb: loaded
[    0.475969] SCSI subsystem initialized
[    0.476011] libata version 3.00 loaded.
[    0.476049] usbcore: registered new interface driver usbfs
[    0.476060] usbcore: registered new interface driver hub
[    0.476075] usbcore: registered new device driver usb
[    0.476138] PCI: Using ACPI for IRQ routing
[    0.477060] NetLabel: Initializing
[    0.477061] NetLabel:  domain hash size = 128
[    0.477061] NetLabel:  protocols = UNLABELED CIPSOv4
[    0.477068] NetLabel:  unlabeled traffic allowed by default
[    0.477100] hpet0: at MMIO 0xfed00000, IRQs 2, 8, 0, 0, 0, 0, 0, 0, 0, 0, 0, 0, 0, 0, 0, 0
[    0.477105] hpet0: 16 comparators, 64-bit 14.318180 MHz counter
[    0.479122] Switching to clocksource tsc
[    0.486086] pnp: PnP ACPI init
[    0.486096] ACPI: bus type pnp registered
[    0.527132] pnp: PnP ACPI: found 14 devices
[    0.527134] ACPI: ACPI bus type pnp unregistered
[    0.527137] PnPBIOS: Disabled by ACPI PNP
[    0.527148] system 00:01: ioport range 0x1000-0x103f has been reserved
[    0.527149] system 00:01: ioport range 0x1040-0x104f has been reserved
[    0.527151] system 00:01: ioport range 0xcf0-0xcf1 has been reserved
[    0.527157] system 00:08: iomem range 0xfed00000-0xfed003ff has been reserved
[    0.527160] system 00:0d: ioport range 0x1060-0x107f has been reserved
[    0.527162] system 00:0d: iomem range 0xe0000000-0xefffffff has been reserved
[    0.527164] system 00:0d: iomem range 0xc8200000-0xc83fffff has been reserved
[    0.563149] pci 0000:00:15.3: BAR 13: can't allocate I/O resource [0x10000-0xffff]
[    0.563153] pci 0000:00:15.4: BAR 13: can't allocate I/O resource [0x10000-0xffff]
[    0.563156] pci 0000:00:15.5: BAR 13: can't allocate I/O resource [0x10000-0xffff]
[    0.563159] pci 0000:00:15.6: BAR 13: can't allocate I/O resource [0x10000-0xffff]
[    0.563161] pci 0000:00:15.7: BAR 13: can't allocate I/O resource [0x10000-0xffff]
[    0.563164] pci 0000:00:16.3: BAR 13: can't allocate I/O resource [0x10000-0xffff]
[    0.563167] pci 0000:00:16.4: BAR 13: can't allocate I/O resource [0x10000-0xffff]
[    0.563169] pci 0000:00:16.5: BAR 13: can't allocate I/O resource [0x10000-0xffff]
[    0.563172] pci 0000:00:16.6: BAR 13: can't allocate I/O resource [0x10000-0xffff]
[    0.563175] pci 0000:00:16.7: BAR 13: can't allocate I/O resource [0x10000-0xffff]
[    0.563177] pci 0000:00:17.3: BAR 13: can't allocate I/O resource [0x10000-0xffff]
[    0.563180] pci 0000:00:17.4: BAR 13: can't allocate I/O resource [0x10000-0xffff]
[    0.563183] pci 0000:00:17.5: BAR 13: can't allocate I/O resource [0x10000-0xffff]
[    0.563185] pci 0000:00:17.6: BAR 13: can't allocate I/O resource [0x10000-0xffff]
[    0.563188] pci 0000:00:17.7: BAR 13: can't allocate I/O resource [0x10000-0xffff]
[    0.563190] pci 0000:00:18.3: BAR 13: can't allocate I/O resource [0x10000-0xffff]
[    0.563193] pci 0000:00:18.4: BAR 13: can't allocate I/O resource [0x10000-0xffff]
[    0.563196] pci 0000:00:18.5: BAR 13: can't allocate I/O resource [0x10000-0xffff]
[    0.563198] pci 0000:00:18.6: BAR 13: can't allocate I/O resource [0x10000-0xffff]
[    0.563201] pci 0000:00:18.7: BAR 13: can't allocate I/O resource [0x10000-0xffff]
[    0.563203] pci 0000:00:01.0: PCI bridge, secondary bus 0000:01
[    0.563205] pci 0000:00:01.0:   IO window: disabled
[    0.563233] pci 0000:00:01.0:   MEM window: disabled
[    0.563252] pci 0000:00:01.0:   PREFETCH window: disabled
[    0.563289] pci 0000:00:11.0: PCI bridge, secondary bus 0000:02
[    0.563300] pci 0000:00:11.0:   IO window: 0x2000-0x3fff
[    0.563328] pci 0000:00:11.0:   MEM window: 0xc9000000-0xca3fffff
[    0.563348] pci 0000:00:11.0:   PREFETCH window: 0x000000d8400000-0x000000d89fffff
[    0.563383] pci 0000:00:15.0: PCI bridge, secondary bus 0000:03
[    0.563394] pci 0000:00:15.0:   IO window: 0x4000-0x4fff
[    0.563422] pci 0000:00:15.0:   MEM window: 0xca400000-0xca4fffff
[    0.563441] pci 0000:00:15.0:   PREFETCH window: 0x000000d8a00000-0x000000d8afffff
[    0.563489] pci 0000:00:15.1: PCI bridge, secondary bus 0000:04
[    0.563500] pci 0000:00:15.1:   IO window: 0x8000-0x8fff
[    0.563527] pci 0000:00:15.1:   MEM window: 0xca800000-0xca8fffff
[    0.563547] pci 0000:00:15.1:   PREFETCH window: 0x000000d8e00000-0x000000d8efffff
[    0.563587] pci 0000:00:15.2: PCI bridge, secondary bus 0000:05
[    0.563598] pci 0000:00:15.2:   IO window: 0xc000-0xcfff
[    0.563625] pci 0000:00:15.2:   MEM window: 0xcac00000-0xcacfffff
[    0.563654] pci 0000:00:15.2:   PREFETCH window: 0x000000d9200000-0x000000d92fffff
[    0.563697] pci 0000:00:15.3: PCI bridge, secondary bus 0000:06
[    0.563698] pci 0000:00:15.3:   IO window: disabled
[    0.563735] pci 0000:00:15.3:   MEM window: 0xcb000000-0xcb0fffff
[    0.563754] pci 0000:00:15.3:   PREFETCH window: 0x000000d9600000-0x000000d96fffff
[    0.563794] pci 0000:00:15.4: PCI bridge, secondary bus 0000:07
[    0.563795] pci 0000:00:15.4:   IO window: disabled
[    0.563823] pci 0000:00:15.4:   MEM window: 0xcb400000-0xcb4fffff
[    0.563843] pci 0000:00:15.4:   PREFETCH window: 0x000000d9a00000-0x000000d9afffff
[    0.563883] pci 0000:00:15.5: PCI bridge, secondary bus 0000:08
[    0.563884] pci 0000:00:15.5:   IO window: disabled
[    0.563912] pci 0000:00:15.5:   MEM window: 0xcb800000-0xcb8fffff
[    0.563931] pci 0000:00:15.5:   PREFETCH window: 0x000000d9e00000-0x000000d9efffff
[    0.563971] pci 0000:00:15.6: PCI bridge, secondary bus 0000:09
[    0.563972] pci 0000:00:15.6:   IO window: disabled
[    0.564000] pci 0000:00:15.6:   MEM window: 0xcbc00000-0xcbcfffff
[    0.564019] pci 0000:00:15.6:   PREFETCH window: 0x000000da200000-0x000000da2fffff
[    0.564059] pci 0000:00:15.7: PCI bridge, secondary bus 0000:0a
[    0.564060] pci 0000:00:15.7:   IO window: disabled
[    0.564088] pci 0000:00:15.7:   MEM window: 0xcc000000-0xcc0fffff
[    0.564107] pci 0000:00:15.7:   PREFETCH window: 0x000000da600000-0x000000da6fffff
[    0.564146] pci 0000:00:16.0: PCI bridge, secondary bus 0000:0b
[    0.564157] pci 0000:00:16.0:   IO window: 0x5000-0x5fff
[    0.564185] pci 0000:00:16.0:   MEM window: 0xca500000-0xca5fffff
[    0.564204] pci 0000:00:16.0:   PREFETCH window: 0x000000d8b00000-0x000000d8bfffff
[    0.564244] pci 0000:00:16.1: PCI bridge, secondary bus 0000:0c
[    0.564255] pci 0000:00:16.1:   IO window: 0x9000-0x9fff
[    0.564282] pci 0000:00:16.1:   MEM window: 0xca900000-0xca9fffff
[    0.564302] pci 0000:00:16.1:   PREFETCH window: 0x000000d8f00000-0x000000d8ffffff
[    0.564341] pci 0000:00:16.2: PCI bridge, secondary bus 0000:0d
[    0.564352] pci 0000:00:16.2:   IO window: 0xd000-0xdfff
[    0.564380] pci 0000:00:16.2:   MEM window: 0xcad00000-0xcadfffff
[    0.564399] pci 0000:00:16.2:   PREFETCH window: 0x000000d9300000-0x000000d93fffff
[    0.564439] pci 0000:00:16.3: PCI bridge, secondary bus 0000:0e
[    0.564440] pci 0000:00:16.3:   IO window: disabled
[    0.564468] pci 0000:00:16.3:   MEM window: 0xcb100000-0xcb1fffff
[    0.564487] pci 0000:00:16.3:   PREFETCH window: 0x000000d9700000-0x000000d97fffff
[    0.564526] pci 0000:00:16.4: PCI bridge, secondary bus 0000:0f
[    0.564528] pci 0000:00:16.4:   IO window: disabled
[    0.564556] pci 0000:00:16.4:   MEM window: 0xcb500000-0xcb5fffff
[    0.564575] pci 0000:00:16.4:   PREFETCH window: 0x000000d9b00000-0x000000d9bfffff
[    0.564614] pci 0000:00:16.5: PCI bridge, secondary bus 0000:10
[    0.564616] pci 0000:00:16.5:   IO window: disabled
[    0.564660] pci 0000:00:16.5:   MEM window: 0xcb900000-0xcb9fffff
[    0.564681] pci 0000:00:16.5:   PREFETCH window: 0x000000d9f00000-0x000000d9ffffff
[    0.564729] pci 0000:00:16.6: PCI bridge, secondary bus 0000:11
[    0.564731] pci 0000:00:16.6:   IO window: disabled
[    0.564759] pci 0000:00:16.6:   MEM window: 0xcbd00000-0xcbdfffff
[    0.564778] pci 0000:00:16.6:   PREFETCH window: 0x000000da300000-0x000000da3fffff
[    0.564818] pci 0000:00:16.7: PCI bridge, secondary bus 0000:12
[    0.564819] pci 0000:00:16.7:   IO window: disabled
[    0.564847] pci 0000:00:16.7:   MEM window: 0xcc100000-0xcc1fffff
[    0.564866] pci 0000:00:16.7:   PREFETCH window: 0x000000da700000-0x000000da7fffff
[    0.564905] pci 0000:00:17.0: PCI bridge, secondary bus 0000:13
[    0.564916] pci 0000:00:17.0:   IO window: 0x6000-0x6fff
[    0.564944] pci 0000:00:17.0:   MEM window: 0xca600000-0xca6fffff
[    0.564963] pci 0000:00:17.0:   PREFETCH window: 0x000000d8c00000-0x000000d8cfffff
[    0.565002] pci 0000:00:17.1: PCI bridge, secondary bus 0000:14
[    0.565013] pci 0000:00:17.1:   IO window: 0xa000-0xafff
[    0.565041] pci 0000:00:17.1:   MEM window: 0xcaa00000-0xcaafffff
[    0.565060] pci 0000:00:17.1:   PREFETCH window: 0x000000d9000000-0x000000d90fffff
[    0.565100] pci 0000:00:17.2: PCI bridge, secondary bus 0000:15
[    0.565110] pci 0000:00:17.2:   IO window: 0xe000-0xefff
[    0.565138] pci 0000:00:17.2:   MEM window: 0xcae00000-0xcaefffff
[    0.565157] pci 0000:00:17.2:   PREFETCH window: 0x000000d9400000-0x000000d94fffff
[    0.565197] pci 0000:00:17.3: PCI bridge, secondary bus 0000:16
[    0.565198] pci 0000:00:17.3:   IO window: disabled
[    0.565226] pci 0000:00:17.3:   MEM window: 0xcb200000-0xcb2fffff
[    0.565245] pci 0000:00:17.3:   PREFETCH window: 0x000000d9800000-0x000000d98fffff
[    0.565285] pci 0000:00:17.4: PCI bridge, secondary bus 0000:17
[    0.565286] pci 0000:00:17.4:   IO window: disabled
[    0.565314] pci 0000:00:17.4:   MEM window: 0xcb600000-0xcb6fffff
[    0.565333] pci 0000:00:17.4:   PREFETCH window: 0x000000d9c00000-0x000000d9cfffff
[    0.565373] pci 0000:00:17.5: PCI bridge, secondary bus 0000:18
[    0.565374] pci 0000:00:17.5:   IO window: disabled
[    0.565402] pci 0000:00:17.5:   MEM window: 0xcba00000-0xcbafffff
[    0.565421] pci 0000:00:17.5:   PREFETCH window: 0x000000da000000-0x000000da0fffff
[    0.565460] pci 0000:00:17.6: PCI bridge, secondary bus 0000:19
[    0.565462] pci 0000:00:17.6:   IO window: disabled
[    0.565489] pci 0000:00:17.6:   MEM window: 0xcbe00000-0xcbefffff
[    0.565509] pci 0000:00:17.6:   PREFETCH window: 0x000000da400000-0x000000da4fffff
[    0.565548] pci 0000:00:17.7: PCI bridge, secondary bus 0000:1a
[    0.565550] pci 0000:00:17.7:   IO window: disabled
[    0.565577] pci 0000:00:17.7:   MEM window: 0xcc200000-0xcc2fffff
[    0.565596] pci 0000:00:17.7:   PREFETCH window: 0x000000da800000-0x000000da8fffff
[    0.565637] pci 0000:00:18.0: PCI bridge, secondary bus 0000:1b
[    0.565658] pci 0000:00:18.0:   IO window: 0x7000-0x7fff
[    0.565695] pci 0000:00:18.0:   MEM window: 0xca700000-0xca7fffff
[    0.565714] pci 0000:00:18.0:   PREFETCH window: 0x000000d8d00000-0x000000d8dfffff
[    0.565754] pci 0000:00:18.1: PCI bridge, secondary bus 0000:1c
[    0.565765] pci 0000:00:18.1:   IO window: 0xb000-0xbfff
[    0.565792] pci 0000:00:18.1:   MEM window: 0xcab00000-0xcabfffff
[    0.565811] pci 0000:00:18.1:   PREFETCH window: 0x000000d9100000-0x000000d91fffff
[    0.565851] pci 0000:00:18.2: PCI bridge, secondary bus 0000:1d
[    0.565862] pci 0000:00:18.2:   IO window: 0xf000-0xffff
[    0.565889] pci 0000:00:18.2:   MEM window: 0xcaf00000-0xcaffffff
[    0.565909] pci 0000:00:18.2:   PREFETCH window: 0x000000d9500000-0x000000d95fffff
[    0.565948] pci 0000:00:18.3: PCI bridge, secondary bus 0000:1e
[    0.565950] pci 0000:00:18.3:   IO window: disabled
[    0.565977] pci 0000:00:18.3:   MEM window: 0xcb300000-0xcb3fffff
[    0.565996] pci 0000:00:18.3:   PREFETCH window: 0x000000d9900000-0x000000d99fffff
[    0.566036] pci 0000:00:18.4: PCI bridge, secondary bus 0000:1f
[    0.566037] pci 0000:00:18.4:   IO window: disabled
[    0.566065] pci 0000:00:18.4:   MEM window: 0xcb700000-0xcb7fffff
[    0.566084] pci 0000:00:18.4:   PREFETCH window: 0x000000d9d00000-0x000000d9dfffff
[    0.566124] pci 0000:00:18.5: PCI bridge, secondary bus 0000:20
[    0.566125] pci 0000:00:18.5:   IO window: disabled
[    0.566153] pci 0000:00:18.5:   MEM window: 0xcbb00000-0xcbbfffff
[    0.566172] pci 0000:00:18.5:   PREFETCH window: 0x000000da100000-0x000000da1fffff
[    0.566212] pci 0000:00:18.6: PCI bridge, secondary bus 0000:21
[    0.566213] pci 0000:00:18.6:   IO window: disabled
[    0.566241] pci 0000:00:18.6:   MEM window: 0xcbf00000-0xcbffffff
[    0.566260] pci 0000:00:18.6:   PREFETCH window: 0x000000da500000-0x000000da5fffff
[    0.566300] pci 0000:00:18.7: PCI bridge, secondary bus 0000:22
[    0.566301] pci 0000:00:18.7:   IO window: disabled
[    0.566329] pci 0000:00:18.7:   MEM window: 0xcc300000-0xcc3fffff
[    0.566348] pci 0000:00:18.7:   PREFETCH window: 0x000000da900000-0x000000da9fffff
[    0.566417] pci 0000:00:01.0: setting latency timer to 64
[    0.566507] pci 0000:00:15.0: setting latency timer to 64
[    0.566569] pci 0000:00:15.1: setting latency timer to 64
[    0.566632] pci 0000:00:15.2: setting latency timer to 64
[    0.566715] pci 0000:00:15.3: setting latency timer to 64
[    0.566777] pci 0000:00:15.4: setting latency timer to 64
[    0.566839] pci 0000:00:15.5: setting latency timer to 64
[    0.566901] pci 0000:00:15.6: setting latency timer to 64
[    0.566963] pci 0000:00:15.7: setting latency timer to 64
[    0.567030] pci 0000:00:16.0: setting latency timer to 64
[    0.567093] pci 0000:00:16.1: setting latency timer to 64
[    0.567155] pci 0000:00:16.2: setting latency timer to 64
[    0.567217] pci 0000:00:16.3: setting latency timer to 64
[    0.567279] pci 0000:00:16.4: setting latency timer to 64
[    0.567341] pci 0000:00:16.5: setting latency timer to 64
[    0.567403] pci 0000:00:16.6: setting latency timer to 64
[    0.567465] pci 0000:00:16.7: setting latency timer to 64
[    0.567526] pci 0000:00:17.0: setting latency timer to 64
[    0.567588] pci 0000:00:17.1: setting latency timer to 64
[    0.567668] pci 0000:00:17.2: setting latency timer to 64
[    0.567739] pci 0000:00:17.3: setting latency timer to 64
[    0.567800] pci 0000:00:17.4: setting latency timer to 64
[    0.567862] pci 0000:00:17.5: setting latency timer to 64
[    0.567924] pci 0000:00:17.6: setting latency timer to 64
[    0.567986] pci 0000:00:17.7: setting latency timer to 64
[    0.568048] pci 0000:00:18.0: setting latency timer to 64
[    0.568110] pci 0000:00:18.1: setting latency timer to 64
[    0.568172] pci 0000:00:18.2: setting latency timer to 64
[    0.568233] pci 0000:00:18.3: setting latency timer to 64
[    0.568295] pci 0000:00:18.4: setting latency timer to 64
[    0.568357] pci 0000:00:18.5: setting latency timer to 64
[    0.568419] pci 0000:00:18.6: setting latency timer to 64
[    0.568481] pci 0000:00:18.7: setting latency timer to 64
[    0.568492] pci_bus 0000:00: resource 0 io:  [0x00-0xffff]
[    0.568494] pci_bus 0000:00: resource 1 mem: [0x000000-0xffffffffffffffff]
[    0.568497] pci_bus 0000:02: resource 0 io:  [0x2000-0x3fff]
[    0.568498] pci_bus 0000:02: resource 1 mem: [0xc9000000-0xca3fffff]
[    0.568500] pci_bus 0000:02: resource 2 pref mem [0xd8400000-0xd89fffff]
[    0.568502] pci_bus 0000:02: resource 3 io:  [0x00-0xffff]
[    0.568504] pci_bus 0000:02: resource 4 mem: [0x000000-0xffffffffffffffff]
[    0.568506] pci_bus 0000:03: resource 0 io:  [0x4000-0x4fff]
[    0.568508] pci_bus 0000:03: resource 1 mem: [0xca400000-0xca4fffff]
[    0.568509] pci_bus 0000:03: resource 2 pref mem [0xd8a00000-0xd8afffff]
[    0.568511] pci_bus 0000:04: resource 0 io:  [0x8000-0x8fff]
[    0.568513] pci_bus 0000:04: resource 1 mem: [0xca800000-0xca8fffff]
[    0.568515] pci_bus 0000:04: resource 2 pref mem [0xd8e00000-0xd8efffff]
[    0.568517] pci_bus 0000:05: resource 0 io:  [0xc000-0xcfff]
[    0.568518] pci_bus 0000:05: resource 1 mem: [0xcac00000-0xcacfffff]
[    0.568520] pci_bus 0000:05: resource 2 pref mem [0xd9200000-0xd92fffff]
[    0.568522] pci_bus 0000:06: resource 1 mem: [0xcb000000-0xcb0fffff]
[    0.568524] pci_bus 0000:06: resource 2 pref mem [0xd9600000-0xd96fffff]
[    0.568526] pci_bus 0000:07: resource 1 mem: [0xcb400000-0xcb4fffff]
[    0.568527] pci_bus 0000:07: resource 2 pref mem [0xd9a00000-0xd9afffff]
[    0.568529] pci_bus 0000:08: resource 1 mem: [0xcb800000-0xcb8fffff]
[    0.568531] pci_bus 0000:08: resource 2 pref mem [0xd9e00000-0xd9efffff]
[    0.568533] pci_bus 0000:09: resource 1 mem: [0xcbc00000-0xcbcfffff]
[    0.568535] pci_bus 0000:09: resource 2 pref mem [0xda200000-0xda2fffff]
[    0.568537] pci_bus 0000:0a: resource 1 mem: [0xcc000000-0xcc0fffff]
[    0.568538] pci_bus 0000:0a: resource 2 pref mem [0xda600000-0xda6fffff]
[    0.568540] pci_bus 0000:0b: resource 0 io:  [0x5000-0x5fff]
[    0.568542] pci_bus 0000:0b: resource 1 mem: [0xca500000-0xca5fffff]
[    0.568544] pci_bus 0000:0b: resource 2 pref mem [0xd8b00000-0xd8bfffff]
[    0.568545] pci_bus 0000:0c: resource 0 io:  [0x9000-0x9fff]
[    0.568547] pci_bus 0000:0c: resource 1 mem: [0xca900000-0xca9fffff]
[    0.568549] pci_bus 0000:0c: resource 2 pref mem [0xd8f00000-0xd8ffffff]
[    0.568551] pci_bus 0000:0d: resource 0 io:  [0xd000-0xdfff]
[    0.568552] pci_bus 0000:0d: resource 1 mem: [0xcad00000-0xcadfffff]
[    0.568554] pci_bus 0000:0d: resource 2 pref mem [0xd9300000-0xd93fffff]
[    0.568556] pci_bus 0000:0e: resource 1 mem: [0xcb100000-0xcb1fffff]
[    0.568558] pci_bus 0000:0e: resource 2 pref mem [0xd9700000-0xd97fffff]
[    0.568560] pci_bus 0000:0f: resource 1 mem: [0xcb500000-0xcb5fffff]
[    0.568562] pci_bus 0000:0f: resource 2 pref mem [0xd9b00000-0xd9bfffff]
[    0.568563] pci_bus 0000:10: resource 1 mem: [0xcb900000-0xcb9fffff]
[    0.568565] pci_bus 0000:10: resource 2 pref mem [0xd9f00000-0xd9ffffff]
[    0.568567] pci_bus 0000:11: resource 1 mem: [0xcbd00000-0xcbdfffff]
[    0.568569] pci_bus 0000:11: resource 2 pref mem [0xda300000-0xda3fffff]
[    0.568571] pci_bus 0000:12: resource 1 mem: [0xcc100000-0xcc1fffff]
[    0.568572] pci_bus 0000:12: resource 2 pref mem [0xda700000-0xda7fffff]
[    0.568574] pci_bus 0000:13: resource 0 io:  [0x6000-0x6fff]
[    0.568576] pci_bus 0000:13: resource 1 mem: [0xca600000-0xca6fffff]
[    0.568578] pci_bus 0000:13: resource 2 pref mem [0xd8c00000-0xd8cfffff]
[    0.568580] pci_bus 0000:14: resource 0 io:  [0xa000-0xafff]
[    0.568581] pci_bus 0000:14: resource 1 mem: [0xcaa00000-0xcaafffff]
[    0.568583] pci_bus 0000:14: resource 2 pref mem [0xd9000000-0xd90fffff]
[    0.568585] pci_bus 0000:15: resource 0 io:  [0xe000-0xefff]
[    0.568587] pci_bus 0000:15: resource 1 mem: [0xcae00000-0xcaefffff]
[    0.568588] pci_bus 0000:15: resource 2 pref mem [0xd9400000-0xd94fffff]
[    0.568590] pci_bus 0000:16: resource 1 mem: [0xcb200000-0xcb2fffff]
[    0.568592] pci_bus 0000:16: resource 2 pref mem [0xd9800000-0xd98fffff]
[    0.568594] pci_bus 0000:17: resource 1 mem: [0xcb600000-0xcb6fffff]
[    0.568596] pci_bus 0000:17: resource 2 pref mem [0xd9c00000-0xd9cfffff]
[    0.568597] pci_bus 0000:18: resource 1 mem: [0xcba00000-0xcbafffff]
[    0.568599] pci_bus 0000:18: resource 2 pref mem [0xda000000-0xda0fffff]
[    0.568601] pci_bus 0000:19: resource 1 mem: [0xcbe00000-0xcbefffff]
[    0.568603] pci_bus 0000:19: resource 2 pref mem [0xda400000-0xda4fffff]
[    0.568605] pci_bus 0000:1a: resource 1 mem: [0xcc200000-0xcc2fffff]
[    0.568606] pci_bus 0000:1a: resource 2 pref mem [0xda800000-0xda8fffff]
[    0.568608] pci_bus 0000:1b: resource 0 io:  [0x7000-0x7fff]
[    0.568610] pci_bus 0000:1b: resource 1 mem: [0xca700000-0xca7fffff]
[    0.568623] pci_bus 0000:1b: resource 2 pref mem [0xd8d00000-0xd8dfffff]
[    0.568625] pci_bus 0000:1c: resource 0 io:  [0xb000-0xbfff]
[    0.568636] pci_bus 0000:1c: resource 1 mem: [0xcab00000-0xcabfffff]
[    0.568638] pci_bus 0000:1c: resource 2 pref mem [0xd9100000-0xd91fffff]
[    0.568640] pci_bus 0000:1d: resource 0 io:  [0xf000-0xffff]
[    0.568642] pci_bus 0000:1d: resource 1 mem: [0xcaf00000-0xcaffffff]
[    0.568643] pci_bus 0000:1d: resource 2 pref mem [0xd9500000-0xd95fffff]
[    0.568645] pci_bus 0000:1e: resource 1 mem: [0xcb300000-0xcb3fffff]
[    0.568647] pci_bus 0000:1e: resource 2 pref mem [0xd9900000-0xd99fffff]
[    0.568649] pci_bus 0000:1f: resource 1 mem: [0xcb700000-0xcb7fffff]
[    0.568651] pci_bus 0000:1f: resource 2 pref mem [0xd9d00000-0xd9dfffff]
[    0.568653] pci_bus 0000:20: resource 1 mem: [0xcbb00000-0xcbbfffff]
[    0.568655] pci_bus 0000:20: resource 2 pref mem [0xda100000-0xda1fffff]
[    0.568657] pci_bus 0000:21: resource 1 mem: [0xcbf00000-0xcbffffff]
[    0.568659] pci_bus 0000:21: resource 2 pref mem [0xda500000-0xda5fffff]
[    0.568661] pci_bus 0000:22: resource 1 mem: [0xcc300000-0xcc3fffff]
[    0.568663] pci_bus 0000:22: resource 2 pref mem [0xda900000-0xda9fffff]
[    0.568685] NET: Registered protocol family 2
[    0.568711] RANDOM - __random32 called. Change num 7.  Value: 647ba296	db0e5c1d	6de96f10
[    0.568713] RANDOM - random32 called.  Value: 647ba296	db0e5c1d	6de96f10
[    0.568721] random 0000 0000 0000 00000000 00000000: rand_read_num 2 get_random_bytes(4): sig fffffe1a 00000000 00000000
[    0.568723] random 0000 0000 0000 00000000 00000000: extract_entropy(.. 4 ..)
[    0.568726] random 0000 0000 0000 00000000 00000000: going to reseed nonblocking with 64 bits (32 of 0 requested)
[    0.568728] random 0000 0000 0000 00000000 00000000: extract_entropy(.. 8 ..)
[    0.568730] random 0000 0000 0000 00000000 00000000: trying to extract 64 bits from input
[    0.568732] random 0000 0000 0000 00000000 00000000: debiting 0 entropy credits from input
[    0.568734] random 0000 0000 0000 00000000 00000000: extract_entropy account returned: 0 
[    0.568737] random 0000 0000 0000 00000000 00000000: urand_change_num 3 xfer_secondary_pool(4): pool_sig fffffe1a, data_sig 00000000, bytes_mixed 0 00000000 00000000
[    0.568740] random 0000 0000 0000 00000000 00000000: trying to extract 32 bits from nonblocking
[    0.568742] random 0000 0000 0000 00000000 00000000: debiting 32 entropy credits from nonblocking (unlimited)
[    0.568744] random 0000 0000 0000 00000000 00000000: extract_entropy account returned: 4 
[    0.568748] random 0000 0000 0000 00000000 00000000: urand_change_num 4 extract_buf: pool_sig fffffe1a, data_sig fffffed7, bytes_mixed 20 00000000 00000000
[    0.568777] IP route cache hash table entries: 32768 (order: 5, 131072 bytes)
[    0.568862] RANDOM - __random32 called. Change num 8.  Value: ba296205	b0e5c1db	de205442
[    0.568864] RANDOM - random32 called.  Value: ba296205	b0e5c1db	de205442
[    0.568919] RANDOM - __random32 called. Change num 9.  Value: 962052cd	e5c1db9	a885e45e
[    0.568921] RANDOM - random32 called.  Value: 962052cd	e5c1db9	a885e45e
[    0.568924] RANDOM - __random32 called. Change num 10.  Value: 52cd38f	e5c1db9b	c8bd9558
[    0.568926] RANDOM - random32 called.  Value: 52cd38f	e5c1db9b	c8bd9558
[    0.568947] RANDOM - __random32 called. Change num 11.  Value: cd38f3eb	5c1db9b9	2ab1aa27
[    0.568949] RANDOM - random32 called.  Value: cd38f3eb	5c1db9b9	2ab1aa27
[    0.568959] TCP established hash table entries: 131072 (order: 8, 1048576 bytes)
[    0.569074] TCP bind hash table entries: 65536 (order: 7, 524288 bytes)
[    0.569190] TCP: Hash tables configured (established 131072 bind 65536)
[    0.569192] TCP reno registered
[    0.569228] NET: Registered protocol family 1
[    0.569237] pci 0000:00:00.0: Limiting direct PCI/PCI transfers
[    0.569259] pci 0000:00:0f.0: Boot video device
[    0.569452] Trying to unpack rootfs image as initramfs...
[    1.645505] Freeing initrd memory: 83430k freed
[    1.649522] Simple Boot Flag at 0x36 set to 0x1
[    1.649567] cpufreq-nforce2: No nForce2 chipset.
[    1.649580] Scanning for low memory corruption every 60 seconds
[    1.649695] audit: initializing netlink socket (disabled)
[    1.649703] type=2000 audit(1369440789.636:1): initialized
[    1.653625] highmem bounce pool size: 64 pages
[    1.653629] HugeTLB registered 2 MB page size, pre-allocated 0 pages
[    1.653722] VFS: Disk quotas dquot_6.5.2
[    1.653753] Dquot-cache hash table entries: 1024 (order 0, 4096 bytes)
[    1.653830] fuse init (API version 7.13)
[    1.653873] msgmni has been set to 1729
[    1.654138] alg: No test for stdrng (krng)
[    1.654171] Block layer SCSI generic (bsg) driver version 0.4 loaded (major 253)
[    1.654173] io scheduler noop registered
[    1.654175] io scheduler anticipatory registered
[    1.654176] io scheduler deadline registered
[    1.654195] io scheduler cfq registered (default)
[    1.654241]   alloc irq_desc for 24 on node -1
[    1.654243]   alloc kstat_irqs on node -1
[    1.654288] pcieport 0000:00:15.0: irq 24 for MSI/MSI-X
[    1.654333] pcieport 0000:00:15.0: setting latency timer to 64
[    1.654379]   alloc irq_desc for 25 on node -1
[    1.654380]   alloc kstat_irqs on node -1
[    1.654426] pcieport 0000:00:15.1: irq 25 for MSI/MSI-X
[    1.654471] pcieport 0000:00:15.1: setting latency timer to 64
[    1.654516]   alloc irq_desc for 26 on node -1
[    1.654518]   alloc kstat_irqs on node -1
[    1.654563] pcieport 0000:00:15.2: irq 26 for MSI/MSI-X
[    1.654609] pcieport 0000:00:15.2: setting latency timer to 64
[    1.654654]   alloc irq_desc for 27 on node -1
[    1.654656]   alloc kstat_irqs on node -1
[    1.654701] pcieport 0000:00:15.3: irq 27 for MSI/MSI-X
[    1.654746] pcieport 0000:00:15.3: setting latency timer to 64
[    1.654791]   alloc irq_desc for 28 on node -1
[    1.654793]   alloc kstat_irqs on node -1
[    1.654838] pcieport 0000:00:15.4: irq 28 for MSI/MSI-X
[    1.654884] pcieport 0000:00:15.4: setting latency timer to 64
[    1.654929]   alloc irq_desc for 29 on node -1
[    1.654931]   alloc kstat_irqs on node -1
[    1.654976] pcieport 0000:00:15.5: irq 29 for MSI/MSI-X
[    1.655021] pcieport 0000:00:15.5: setting latency timer to 64
[    1.655066]   alloc irq_desc for 30 on node -1
[    1.655068]   alloc kstat_irqs on node -1
[    1.655113] pcieport 0000:00:15.6: irq 30 for MSI/MSI-X
[    1.655159] pcieport 0000:00:15.6: setting latency timer to 64
[    1.655204]   alloc irq_desc for 31 on node -1
[    1.655206]   alloc kstat_irqs on node -1
[    1.655251] pcieport 0000:00:15.7: irq 31 for MSI/MSI-X
[    1.655296] pcieport 0000:00:15.7: setting latency timer to 64
[    1.655341]   alloc irq_desc for 32 on node -1
[    1.655343]   alloc kstat_irqs on node -1
[    1.655389] pcieport 0000:00:16.0: irq 32 for MSI/MSI-X
[    1.655434] pcieport 0000:00:16.0: setting latency timer to 64
[    1.655479]   alloc irq_desc for 33 on node -1
[    1.655481]   alloc kstat_irqs on node -1
[    1.655526] pcieport 0000:00:16.1: irq 33 for MSI/MSI-X
[    1.655571] pcieport 0000:00:16.1: setting latency timer to 64
[    1.655617]   alloc irq_desc for 34 on node -1
[    1.655618]   alloc kstat_irqs on node -1
[    1.655664] pcieport 0000:00:16.2: irq 34 for MSI/MSI-X
[    1.655709] pcieport 0000:00:16.2: setting latency timer to 64
[    1.655754]   alloc irq_desc for 35 on node -1
[    1.655756]   alloc kstat_irqs on node -1
[    1.655801] pcieport 0000:00:16.3: irq 35 for MSI/MSI-X
[    1.655846] pcieport 0000:00:16.3: setting latency timer to 64
[    1.655892]   alloc irq_desc for 36 on node -1
[    1.655894]   alloc kstat_irqs on node -1
[    1.655939] pcieport 0000:00:16.4: irq 36 for MSI/MSI-X
[    1.655984] pcieport 0000:00:16.4: setting latency timer to 64
[    1.656029]   alloc irq_desc for 37 on node -1
[    1.656031]   alloc kstat_irqs on node -1
[    1.656076] pcieport 0000:00:16.5: irq 37 for MSI/MSI-X
[    1.656122] pcieport 0000:00:16.5: setting latency timer to 64
[    1.656167]   alloc irq_desc for 38 on node -1
[    1.656169]   alloc kstat_irqs on node -1
[    1.656214] pcieport 0000:00:16.6: irq 38 for MSI/MSI-X
[    1.656259] pcieport 0000:00:16.6: setting latency timer to 64
[    1.656305]   alloc irq_desc for 39 on node -1
[    1.656306]   alloc kstat_irqs on node -1
[    1.656352] pcieport 0000:00:16.7: irq 39 for MSI/MSI-X
[    1.656397] pcieport 0000:00:16.7: setting latency timer to 64
[    1.657541]   alloc irq_desc for 40 on node -1
[    1.657543]   alloc kstat_irqs on node -1
[    1.657588] pcieport 0000:00:17.0: irq 40 for MSI/MSI-X
[    1.657633] pcieport 0000:00:17.0: setting latency timer to 64
[    1.657678]   alloc irq_desc for 41 on node -1
[    1.657680]   alloc kstat_irqs on node -1
[    1.657725] pcieport 0000:00:17.1: irq 41 for MSI/MSI-X
[    1.657771] pcieport 0000:00:17.1: setting latency timer to 64
[    1.657816]   alloc irq_desc for 42 on node -1
[    1.657818]   alloc kstat_irqs on node -1
[    1.657863] pcieport 0000:00:17.2: irq 42 for MSI/MSI-X
[    1.657908] pcieport 0000:00:17.2: setting latency timer to 64
[    1.657953]   alloc irq_desc for 43 on node -1
[    1.657955]   alloc kstat_irqs on node -1
[    1.658000] pcieport 0000:00:17.3: irq 43 for MSI/MSI-X
[    1.658046] pcieport 0000:00:17.3: setting latency timer to 64
[    1.658091]   alloc irq_desc for 44 on node -1
[    1.658093]   alloc kstat_irqs on node -1
[    1.658138] pcieport 0000:00:17.4: irq 44 for MSI/MSI-X
[    1.658183] pcieport 0000:00:17.4: setting latency timer to 64
[    1.658229]   alloc irq_desc for 45 on node -1
[    1.658230]   alloc kstat_irqs on node -1
[    1.658276] pcieport 0000:00:17.5: irq 45 for MSI/MSI-X
[    1.658321] pcieport 0000:00:17.5: setting latency timer to 64
[    1.658366]   alloc irq_desc for 46 on node -1
[    1.658368]   alloc kstat_irqs on node -1
[    1.658413] pcieport 0000:00:17.6: irq 46 for MSI/MSI-X
[    1.658458] pcieport 0000:00:17.6: setting latency timer to 64
[    1.658504]   alloc irq_desc for 47 on node -1
[    1.658506]   alloc kstat_irqs on node -1
[    1.658551] pcieport 0000:00:17.7: irq 47 for MSI/MSI-X
[    1.658596] pcieport 0000:00:17.7: setting latency timer to 64
[    1.658641]   alloc irq_desc for 48 on node -1
[    1.658645]   alloc kstat_irqs on node -1
[    1.658690] pcieport 0000:00:18.0: irq 48 for MSI/MSI-X
[    1.658735] pcieport 0000:00:18.0: setting latency timer to 64
[    1.658780]   alloc irq_desc for 49 on node -1
[    1.658782]   alloc kstat_irqs on node -1
[    1.658828] pcieport 0000:00:18.1: irq 49 for MSI/MSI-X
[    1.658873] pcieport 0000:00:18.1: setting latency timer to 64
[    1.658918]   alloc irq_desc for 50 on node -1
[    1.658920]   alloc kstat_irqs on node -1
[    1.658965] pcieport 0000:00:18.2: irq 50 for MSI/MSI-X
[    1.659011] pcieport 0000:00:18.2: setting latency timer to 64
[    1.659056]   alloc irq_desc for 51 on node -1
[    1.659058]   alloc kstat_irqs on node -1
[    1.659103] pcieport 0000:00:18.3: irq 51 for MSI/MSI-X
[    1.659148] pcieport 0000:00:18.3: setting latency timer to 64
[    1.659193]   alloc irq_desc for 52 on node -1
[    1.659195]   alloc kstat_irqs on node -1
[    1.659240] pcieport 0000:00:18.4: irq 52 for MSI/MSI-X
[    1.659286] pcieport 0000:00:18.4: setting latency timer to 64
[    1.659331]   alloc irq_desc for 53 on node -1
[    1.659333]   alloc kstat_irqs on node -1
[    1.659378] pcieport 0000:00:18.5: irq 53 for MSI/MSI-X
[    1.659423] pcieport 0000:00:18.5: setting latency timer to 64
[    1.659468]   alloc irq_desc for 54 on node -1
[    1.659470]   alloc kstat_irqs on node -1
[    1.659516] pcieport 0000:00:18.6: irq 54 for MSI/MSI-X
[    1.659561] pcieport 0000:00:18.6: setting latency timer to 64
[    1.659606]   alloc irq_desc for 55 on node -1
[    1.659608]   alloc kstat_irqs on node -1
[    1.659653] pcieport 0000:00:18.7: irq 55 for MSI/MSI-X
[    1.659698] pcieport 0000:00:18.7: setting latency timer to 64
[    1.659744] pci_hotplug: PCI Hot Plug PCI Core version: 0.5
[    1.661547] pciehp 0000:00:15.0:pcie04: HPC vendor_id 15ad device_id 7a0 ss_vid 0 ss_did 0
[    1.661592] pciehp 0000:00:15.0:pcie04: service driver pciehp loaded
[    1.661637] pciehp 0000:00:15.1:pcie04: HPC vendor_id 15ad device_id 7a0 ss_vid 0 ss_did 0
[    1.661683] pciehp 0000:00:15.1:pcie04: service driver pciehp loaded
[    1.661728] pciehp 0000:00:15.2:pcie04: HPC vendor_id 15ad device_id 7a0 ss_vid 0 ss_did 0
[    1.661773] pciehp 0000:00:15.2:pcie04: service driver pciehp loaded
[    1.661818] pciehp 0000:00:15.3:pcie04: HPC vendor_id 15ad device_id 7a0 ss_vid 0 ss_did 0
[    1.661864] pciehp 0000:00:15.3:pcie04: service driver pciehp loaded
[    1.661909] pciehp 0000:00:15.4:pcie04: HPC vendor_id 15ad device_id 7a0 ss_vid 0 ss_did 0
[    1.661954] pciehp 0000:00:15.4:pcie04: service driver pciehp loaded
[    1.661999] pciehp 0000:00:15.5:pcie04: HPC vendor_id 15ad device_id 7a0 ss_vid 0 ss_did 0
[    1.662044] pciehp 0000:00:15.5:pcie04: service driver pciehp loaded
[    1.662090] pciehp 0000:00:15.6:pcie04: HPC vendor_id 15ad device_id 7a0 ss_vid 0 ss_did 0
[    1.662135] pciehp 0000:00:15.6:pcie04: service driver pciehp loaded
[    1.662180] pciehp 0000:00:15.7:pcie04: HPC vendor_id 15ad device_id 7a0 ss_vid 0 ss_did 0
[    1.662225] pciehp 0000:00:15.7:pcie04: service driver pciehp loaded
[    1.662271] pciehp 0000:00:16.0:pcie04: HPC vendor_id 15ad device_id 7a0 ss_vid 0 ss_did 0
[    1.662316] pciehp 0000:00:16.0:pcie04: service driver pciehp loaded
[    1.662361] pciehp 0000:00:16.1:pcie04: HPC vendor_id 15ad device_id 7a0 ss_vid 0 ss_did 0
[    1.662406] pciehp 0000:00:16.1:pcie04: service driver pciehp loaded
[    1.662451] pciehp 0000:00:16.2:pcie04: HPC vendor_id 15ad device_id 7a0 ss_vid 0 ss_did 0
[    1.662497] pciehp 0000:00:16.2:pcie04: service driver pciehp loaded
[    1.662542] pciehp 0000:00:16.3:pcie04: HPC vendor_id 15ad device_id 7a0 ss_vid 0 ss_did 0
[    1.662587] pciehp 0000:00:16.3:pcie04: service driver pciehp loaded
[    1.662632] pciehp 0000:00:16.4:pcie04: HPC vendor_id 15ad device_id 7a0 ss_vid 0 ss_did 0
[    1.662678] pciehp 0000:00:16.4:pcie04: service driver pciehp loaded
[    1.662723] pciehp 0000:00:16.5:pcie04: HPC vendor_id 15ad device_id 7a0 ss_vid 0 ss_did 0
[    1.662768] pciehp 0000:00:16.5:pcie04: service driver pciehp loaded
[    1.662813] pciehp 0000:00:16.6:pcie04: HPC vendor_id 15ad device_id 7a0 ss_vid 0 ss_did 0
[    1.662858] pciehp 0000:00:16.6:pcie04: service driver pciehp loaded
[    1.662904] pciehp 0000:00:16.7:pcie04: HPC vendor_id 15ad device_id 7a0 ss_vid 0 ss_did 0
[    1.662949] pciehp 0000:00:16.7:pcie04: service driver pciehp loaded
[    1.662994] pciehp 0000:00:17.0:pcie04: HPC vendor_id 15ad device_id 7a0 ss_vid 0 ss_did 0
[    1.663039] pciehp 0000:00:17.0:pcie04: service driver pciehp loaded
[    1.663085] pciehp 0000:00:17.1:pcie04: HPC vendor_id 15ad device_id 7a0 ss_vid 0 ss_did 0
[    1.663130] pciehp 0000:00:17.1:pcie04: service driver pciehp loaded
[    1.663175] pciehp 0000:00:17.2:pcie04: HPC vendor_id 15ad device_id 7a0 ss_vid 0 ss_did 0
[    1.663220] pciehp 0000:00:17.2:pcie04: service driver pciehp loaded
[    1.663265] pciehp 0000:00:17.3:pcie04: HPC vendor_id 15ad device_id 7a0 ss_vid 0 ss_did 0
[    1.663311] pciehp 0000:00:17.3:pcie04: service driver pciehp loaded
[    1.663356] pciehp 0000:00:17.4:pcie04: HPC vendor_id 15ad device_id 7a0 ss_vid 0 ss_did 0
[    1.663401] pciehp 0000:00:17.4:pcie04: service driver pciehp loaded
[    1.663446] pciehp 0000:00:17.5:pcie04: HPC vendor_id 15ad device_id 7a0 ss_vid 0 ss_did 0
[    1.663492] pciehp 0000:00:17.5:pcie04: service driver pciehp loaded
[    1.663537] pciehp 0000:00:17.6:pcie04: HPC vendor_id 15ad device_id 7a0 ss_vid 0 ss_did 0
[    1.663582] pciehp 0000:00:17.6:pcie04: service driver pciehp loaded
[    1.663627] pciehp 0000:00:17.7:pcie04: HPC vendor_id 15ad device_id 7a0 ss_vid 0 ss_did 0
[    1.663673] pciehp 0000:00:17.7:pcie04: service driver pciehp loaded
[    1.663718] pciehp 0000:00:18.0:pcie04: HPC vendor_id 15ad device_id 7a0 ss_vid 0 ss_did 0
[    1.663763] pciehp 0000:00:18.0:pcie04: service driver pciehp loaded
[    1.663808] pciehp 0000:00:18.1:pcie04: HPC vendor_id 15ad device_id 7a0 ss_vid 0 ss_did 0
[    1.663853] pciehp 0000:00:18.1:pcie04: service driver pciehp loaded
[    1.663899] pciehp 0000:00:18.2:pcie04: HPC vendor_id 15ad device_id 7a0 ss_vid 0 ss_did 0
[    1.663944] pciehp 0000:00:18.2:pcie04: service driver pciehp loaded
[    1.663989] pciehp 0000:00:18.3:pcie04: HPC vendor_id 15ad device_id 7a0 ss_vid 0 ss_did 0
[    1.664034] pciehp 0000:00:18.3:pcie04: service driver pciehp loaded
[    1.664080] pciehp 0000:00:18.4:pcie04: HPC vendor_id 15ad device_id 7a0 ss_vid 0 ss_did 0
[    1.664125] pciehp 0000:00:18.4:pcie04: service driver pciehp loaded
[    1.664170] pciehp 0000:00:18.5:pcie04: HPC vendor_id 15ad device_id 7a0 ss_vid 0 ss_did 0
[    1.664215] pciehp 0000:00:18.5:pcie04: service driver pciehp loaded
[    1.664260] pciehp 0000:00:18.6:pcie04: HPC vendor_id 15ad device_id 7a0 ss_vid 0 ss_did 0
[    1.664306] pciehp 0000:00:18.6:pcie04: service driver pciehp loaded
[    1.664351] pciehp 0000:00:18.7:pcie04: HPC vendor_id 15ad device_id 7a0 ss_vid 0 ss_did 0
[    1.664396] pciehp 0000:00:18.7:pcie04: service driver pciehp loaded
[    1.664403] pciehp: PCI Express Hot Plug Controller Driver version: 0.4
[    1.664453] ACPI: AC Adapter [ACAD] (on-line)
[    1.664505] input: Power Button as /devices/LNXSYSTM:00/LNXPWRBN:00/input/input0
[    1.664508] ACPI: Power Button [PWRF]
[    1.664553] processor LNXCPU:00: registered as cooling_device0
[    1.705441] isapnp: Scanning for PnP cards...
[    2.058989] isapnp: No Plug & Play device found
[    2.059021] random 0000 0000 0000 5f8db4e5 4cfdf2a8: initializing
[    2.059148] Linux agpgart interface v0.103
[    2.059197] agpgart-intel 0000:00:00.0: Intel 440BX Chipset
[    2.059250] agpgart-intel 0000:00:00.0: AGP aperture is 256M @ 0x0
[    2.059282] Serial: 8250/16550 driver, 32 ports, IRQ sharing enabled
[    2.059335] serial8250: ttyS0 at I/O 0x3f8 (irq = 4) is a 16550A
[    2.059388] serial8250: ttyS1 at I/O 0x2f8 (irq = 3) is a 16550A
[    2.059441] 00:0a: ttyS0 at I/O 0x3f8 (irq = 4) is a 16550A
[    2.059494] 00:0b: ttyS1 at I/O 0x2f8 (irq = 3) is a 16550A
[    2.059546] brd: module loaded
[    2.059599] loop: module loaded
[    2.059652] ata_piix 0000:00:07.1: version 2.13
[    2.059735] scsi0 : ata_piix
[    2.059784] scsi1 : ata_piix
[    2.059805] ata1: PATA max UDMA/33 cmd 0x1f0 ctl 0x3f6 bmdma 0x10c0 irq 14
[    2.059807] ata2: PATA max UDMA/33 cmd 0x170 ctl 0x376 bmdma 0x10c8 irq 15
[    2.059856] PPP generic driver version 2.4.2
[    2.059876] tun: Universal TUN/TAP device driver, 1.6
[    2.059878] tun: (C) 1999-2004 Max Krasnyansky <maxk@qualcomm.com>
[    2.059931] ehci_hcd: USB 2.0 'Enhanced' Host Controller (EHCI) Driver
[    2.059984] ACPI: PCI Interrupt Link [LNKB] enabled at IRQ 11
[    2.059987] PCI: setting IRQ 11 as level-triggered
[    2.059994] ehci_hcd 0000:02:03.0: PCI INT A -> Link[LNKB] -> GSI 11 (level, low) -> IRQ 11
[    2.060033] ehci_hcd 0000:02:03.0: EHCI Host Controller
[    2.060057] ehci_hcd 0000:02:03.0: new USB bus registered, assigned bus number 1
[    2.060109] ehci_hcd 0000:02:03.0: cache line size of 32 is not supported
[    2.060116] ehci_hcd 0000:02:03.0: irq 11, io mem 0xc9000000
[    2.060430] random 0000 0000 0000 00000000 00000000: rand_read_num 3 get_random_bytes(8): sig 00000000 00000000 00000000
[    2.060434] random 0000 0000 0000 00000000 00000000: extract_entropy(.. 8 ..)
[    2.060438] random 0000 0000 0000 00000000 00000000: going to reseed nonblocking with 64 bits (64 of 0 requested)
[    2.060441] random 0000 0000 0000 00000000 00000000: extract_entropy(.. 8 ..)
[    2.060444] random 0000 0000 0000 00000000 00000000: trying to extract 64 bits from input
[    2.060447] random 0000 0000 0000 00000000 00000000: debiting 0 entropy credits from input
[    2.060450] random 0000 0000 0000 00000000 00000000: extract_entropy account returned: 0 
[    2.060454] random 0000 0000 0000 00000000 00000000: urand_change_num 5 xfer_secondary_pool(8): pool_sig 00000000, data_sig 00000000, bytes_mixed 0 00000000 00000000
[    2.060458] random 0000 0000 0000 00000000 00000000: trying to extract 64 bits from nonblocking
[    2.060461] random 0000 0000 0000 00000000 00000000: debiting 64 entropy credits from nonblocking (unlimited)
[    2.060464] random 0000 0000 0000 00000000 00000000: extract_entropy account returned: 8 
[    2.060469] random 0000 0000 0000 00000000 00000000: urand_change_num 6 extract_buf: pool_sig 00000000, data_sig fffffff9, bytes_mixed 20 00000000 00000000
[    2.068921] ehci_hcd 0000:02:03.0: USB 2.0 started, EHCI 1.00
[    2.068974] usb usb1: configuration #1 chosen from 1 choice
[    2.068998] hub 1-0:1.0: USB hub found
[    2.069003] hub 1-0:1.0: 6 ports detected
[    2.069039] ohci_hcd: USB 1.1 'Open' Host Controller (OHCI) Driver
[    2.069049] uhci_hcd: USB Universal Host Controller Interface driver
[    2.069102] ACPI: PCI Interrupt Link [LNKC] enabled at IRQ 10
[    2.069105] PCI: setting IRQ 10 as level-triggered
[    2.069109] uhci_hcd 0000:02:00.0: PCI INT A -> Link[LNKC] -> GSI 10 (level, low) -> IRQ 10
[    2.069143] uhci_hcd 0000:02:00.0: UHCI Host Controller
[    2.069171] uhci_hcd 0000:02:00.0: new USB bus registered, assigned bus number 2
[    2.069274] uhci_hcd 0000:02:00.0: irq 10, io base 0x000020c0
[    2.069327] usb usb2: configuration #1 chosen from 1 choice
[    2.069343] hub 2-0:1.0: USB hub found
[    2.069348] hub 2-0:1.0: 2 ports detected
[    2.069400] usbcore: registered new interface driver libusual
[    2.069427] PNP: PS/2 Controller [PNP0303:KBC,PNP0f13:MOUS] at 0x60,0x64 irq 1,12
[    2.069761] serio: i8042 KBD port at 0x60,0x64 irq 1
[    2.069768] serio: i8042 AUX port at 0x60,0x64 irq 12
[    2.069803] mice: PS/2 mouse device common for all mice
[    2.069855] rtc_cmos 00:04: rtc core: registered rtc_cmos as rtc0
[    2.069871] rtc0: alarms up to one month, y3k, 114 bytes nvram, hpet irqs
[    2.069924] device-mapper: uevent: version 1.0.3
[    2.070038] device-mapper: ioctl: 4.15.0-ioctl (2009-04-01) initialised: dm-devel@redhat.com
[    2.070056] EISA: Probing bus 0 at eisa.0
[    2.070063] Cannot allocate resource for EISA slot 1
[    2.070065] Cannot allocate resource for EISA slot 2
[    2.070067] Cannot allocate resource for EISA slot 3
[    2.070069] Cannot allocate resource for EISA slot 4
[    2.070071] Cannot allocate resource for EISA slot 5
[    2.070073] Cannot allocate resource for EISA slot 6
[    2.070074] Cannot allocate resource for EISA slot 7
[    2.070076] Cannot allocate resource for EISA slot 8
[    2.070078] EISA: Detected 0 cards.
[    2.070123] cpuidle: using governor ladder
[    2.070125] cpuidle: using governor menu
[    2.070178] random 0000 0000 0000 00000000 00000000: rand_read_num 4 get_random_bytes(136): sig 0000021d 00000000 00000000
[    2.070200] random 0000 0000 0000 00000000 00000000: extract_entropy(.. 136 ..)
[    2.070203] random 0000 0000 0000 00000000 00000000: going to reseed nonblocking with 1024 bits (1088 of 0 requested)
[    2.070205] random 0000 0000 0000 00000000 00000000: extract_entropy(.. 128 ..)
[    2.070207] random 0000 0000 0000 00000000 00000000: trying to extract 1024 bits from input
[    2.070209] random 0000 0000 0000 00000000 00000000: debiting 0 entropy credits from input
[    2.070211] random 0000 0000 0000 00000000 00000000: extract_entropy account returned: 0 
[    2.070214] random 0000 0000 0000 00000000 00000000: urand_change_num 7 xfer_secondary_pool(136): pool_sig 0000021d, data_sig 00000000, bytes_mixed 0 00000000 00000000
[    2.070216] random 0000 0000 0000 00000000 00000000: trying to extract 1088 bits from nonblocking
[    2.070218] random 0000 0000 0000 00000000 00000000: debiting 1088 entropy credits from nonblocking (unlimited)
[    2.070221] random 0000 0000 0000 00000000 00000000: extract_entropy account returned: 136 
[    2.070224] random 0000 0000 0000 00000000 00000000: urand_change_num 8 extract_buf: pool_sig 0000021d, data_sig fffffff7, bytes_mixed 20 00000000 00000000
[    2.070228] random 0000 0000 0000 f961ee50 ba9cb1aa: urand_change_num 9 extract_buf: pool_sig 00000230, data_sig fffffeb4, bytes_mixed 20 f961ee50 ba9cb1aa
[    2.070233] random 0000 0000 0000 9748bdd6 56fb8af6: urand_change_num 10 extract_buf: pool_sig 00000373, data_sig 000000cf, bytes_mixed 20 9748bdd6 56fb8af6
[    2.070237] random 0000 0000 0000 9748bdd6 56fb8af6: urand_change_num 11 extract_buf: pool_sig fffffe49, data_sig 0000023f, bytes_mixed 20 9748bdd6 56fb8af6
[    2.070241] random 0000 0000 0000 a135be86 4777650e: urand_change_num 12 extract_buf: pool_sig fffffcce, data_sig 000000c6, bytes_mixed 20 a135be86 4777650e
[    2.070245] random 0000 0000 0000 4a6ea85d 170e00dd: urand_change_num 13 extract_buf: pool_sig ffffff97, data_sig ffffff7d, bytes_mixed 20 4a6ea85d 170e00dd
[    2.070249] random 0000 0000 0000 4a6ea85d 170e00dd: urand_change_num 14 extract_buf: pool_sig 00000160, data_sig fffffeea, bytes_mixed 20 4a6ea85d 170e00dd
[    2.070253] random 0000 0000 0000 6e87c3cb da668c73: urand_change_num 15 extract_buf: pool_sig 0000034f, data_sig ffffff54, bytes_mixed 20 6e87c3cb da668c73
[    2.070257] random 0000 0000 0000 6e87c3cb da668c73: urand_change_num 16 extract_buf: pool_sig fffffdc5, data_sig 00000205, bytes_mixed 20 6e87c3cb da668c73
[    2.070262] random 0000 0000 0000 39f531e6 461eb249: urand_change_num 17 extract_buf: pool_sig fffffc1d, data_sig ffffff5e, bytes_mixed 20 39f531e6 461eb249
[    2.070266] random 0000 0000 0000 7e1538a2 3e661182: urand_change_num 18 extract_buf: pool_sig 000006ef, data_sig ffffff2e, bytes_mixed 20 7e1538a2 3e661182
[    2.070270] random 0000 0000 0000 7e1538a2 3e661182: urand_change_num 19 extract_buf: pool_sig 00000317, data_sig fffffccb, bytes_mixed 20 7e1538a2 3e661182
[    2.070274] random 0000 0000 0000 76af506b 9b57305e: urand_change_num 20 extract_buf: pool_sig 00000227, data_sig ffffffd2, bytes_mixed 20 76af506b 9b57305e
[    2.070278] random 0000 0000 0000 37d49d89 e20417cc: urand_change_num 21 extract_buf: pool_sig 0000080b, data_sig 000001e9, bytes_mixed 20 37d49d89 e20417cc
[    2.070282] TCP cubic registered
[    2.070335] NET: Registered protocol family 10
[    2.070368] RANDOM - __random32 called. Change num 12.  Value: 8f3eba68	c1db9b96	544fe79f
[    2.070370] RANDOM - random32 called.  Value: 8f3eba68	c1db9b96	544fe79f
[    2.070378] random 0000 0000 0000 37d49d89 e20417cc: rand_read_num 5 get_random_bytes(4): sig 00000298 37d49d89 e20417cc
[    2.070380] random 0000 0000 0000 37d49d89 e20417cc: extract_entropy(.. 4 ..)
[    2.070383] random 0000 0000 0000 37d49d89 e20417cc: going to reseed nonblocking with 64 bits (32 of 0 requested)
[    2.070385] random 0000 0000 0000 37d49d89 e20417cc: extract_entropy(.. 8 ..)
[    2.070387] random 0000 0000 0000 37d49d89 e20417cc: trying to extract 64 bits from input
[    2.070389] random 0000 0000 0000 37d49d89 e20417cc: debiting 0 entropy credits from input
[    2.070391] random 0000 0000 0000 37d49d89 e20417cc: extract_entropy account returned: 0 
[    2.070393] random 0000 0000 0000 37d49d89 e20417cc: urand_change_num 22 xfer_secondary_pool(4): pool_sig 00000298, data_sig 00000000, bytes_mixed 0 37d49d89 e20417cc
[    2.070396] random 0000 0000 0000 37d49d89 e20417cc: trying to extract 32 bits from nonblocking
[    2.070398] random 0000 0000 0000 37d49d89 e20417cc: debiting 32 entropy credits from nonblocking (unlimited)
[    2.070400] random 0000 0000 0000 37d49d89 e20417cc: extract_entropy account returned: 4 
[    2.070403] random 0000 0000 0000 37d49d89 e20417cc: urand_change_num 23 extract_buf: pool_sig 00000298, data_sig 00000092, bytes_mixed 20 37d49d89 e20417cc
[    2.070456] RANDOM - __random32 called. Change num 13.  Value: eba68b0e	1db9b963	cf3ec61b
[    2.070458] RANDOM - random32 called.  Value: eba68b0e	1db9b963	cf3ec61b
[    2.070511] NET: Registered protocol family 17
[    2.070531] Using IPI No-Shortcut mode
[    2.070536] random 0000 0000 0000 2ee4c4fc 167bdb15: rand_read_num 6 get_random_bytes(8): sig fffffcbf 2ee4c4fc 167bdb15
[    2.070538] random 0000 0000 0000 2ee4c4fc 167bdb15: extract_entropy(.. 8 ..)
[    2.070541] random 0000 0000 0000 2ee4c4fc 167bdb15: going to reseed nonblocking with 64 bits (64 of 0 requested)
[    2.070543] random 0000 0000 0000 2ee4c4fc 167bdb15: extract_entropy(.. 8 ..)
[    2.070545] random 0000 0000 0000 2ee4c4fc 167bdb15: trying to extract 64 bits from input
[    2.070547] random 0000 0000 0000 2ee4c4fc 167bdb15: debiting 0 entropy credits from input
[    2.070549] random 0000 0000 0000 2ee4c4fc 167bdb15: extract_entropy account returned: 0 
[    2.070551] random 0000 0000 0000 2ee4c4fc 167bdb15: urand_change_num 24 xfer_secondary_pool(8): pool_sig fffffcbf, data_sig 00000000, bytes_mixed 0 2ee4c4fc 167bdb15
[    2.070554] random 0000 0000 0000 2ee4c4fc 167bdb15: trying to extract 64 bits from nonblocking
[    2.070556] random 0000 0000 0000 2ee4c4fc 167bdb15: debiting 64 entropy credits from nonblocking (unlimited)
[    2.070558] random 0000 0000 0000 2ee4c4fc 167bdb15: extract_entropy account returned: 8 
[    2.070561] random 0000 0000 0000 2ee4c4fc 167bdb15: urand_change_num 25 extract_buf: pool_sig fffffcbf, data_sig ffffff83, bytes_mixed 20 2ee4c4fc 167bdb15
[    2.070599] PM: Resume from disk failed.
[    2.070606] registered taskstats version 1
[    2.070609] random 0000 0000 0000 2ee4c4fc 167bdb15: rand_read_num 7 get_random_bytes(12): sig fffffc69 2ee4c4fc 167bdb15
[    2.070611] random 0000 0000 0000 2ee4c4fc 167bdb15: extract_entropy(.. 12 ..)
[    2.070613] random 0000 0000 0000 2ee4c4fc 167bdb15: going to reseed nonblocking with 96 bits (96 of 0 requested)
[    2.070615] random 0000 0000 0000 2ee4c4fc 167bdb15: extract_entropy(.. 12 ..)
[    2.070617] random 0000 0000 0000 2ee4c4fc 167bdb15: trying to extract 96 bits from input
[    2.070619] random 0000 0000 0000 2ee4c4fc 167bdb15: debiting 0 entropy credits from input
[    2.070621] random 0000 0000 0000 2ee4c4fc 167bdb15: extract_entropy account returned: 0 
[    2.070624] random 0000 0000 0000 2ee4c4fc 167bdb15: urand_change_num 26 xfer_secondary_pool(12): pool_sig fffffc69, data_sig 00000000, bytes_mixed 0 2ee4c4fc 167bdb15
[    2.070627] random 0000 0000 0000 2ee4c4fc 167bdb15: trying to extract 96 bits from nonblocking
[    2.070629] random 0000 0000 0000 2ee4c4fc 167bdb15: debiting 96 entropy credits from nonblocking (unlimited)
[    2.070631] random 0000 0000 0000 2ee4c4fc 167bdb15: extract_entropy account returned: 12 
[    2.070634] random 0000 0000 0000 2ee4c4fc 167bdb15: urand_change_num 27 extract_buf: pool_sig fffffc69, data_sig ffffff7d, bytes_mixed 20 2ee4c4fc 167bdb15
[    2.070638] random 0000 0000 0000 83b7c1ab 94697f48: urand_change_num 28 extract_buf: pool_sig fffffe30, data_sig fffffdd6, bytes_mixed 20 83b7c1ab 94697f48
[    2.070641] RANDOM - __seed init called.
[    2.070642] RANDOM - __seed init called.
[    2.070643] RANDOM - __seed init called.
[    2.070645] RANDOM - __random32 called. Change num 14.  Value: fc007995	feca4f80	21b38ad2
[    2.070647] RANDOM - random32_reseed called.  Value: fc007995	feca4f80	21b38ad2
[    2.070649] Pid: 1, comm: swapper Not tainted 2.6.32.57 #4
[    2.070651] Call Trace:
[    2.070656]  [<c14a8a0e>] ? printk+0x1d/0x1f
[    2.070661]  [<c17537e5>] random32_reseed+0x89/0xbd
[    2.070665]  [<c1003042>] do_one_initcall+0x32/0x1a0
[    2.070667]  [<c175375c>] ? random32_reseed+0x0/0xbd
[    2.070670]  [<c17308e7>] kernel_init+0x12d/0x17a
[    2.070672]  [<c17307ba>] ? kernel_init+0x0/0x17a
[    2.070675]  [<c1009b07>] kernel_thread_helper+0x7/0x10
[    2.073423] input: AT Translated Set 2 keyboard as /devices/platform/i8042/serio0/input/input1
[    2.073712] random 0000 0000 0000 6db70b00 b30ce96b: rand_read_num 8 get_random_bytes(64): sig fffffb38 6db70b00 b30ce96b
[    2.073715] random 0000 0000 0000 6db70b00 b30ce96b: extract_entropy(.. 64 ..)
[    2.073718] random 0000 0000 0000 6db70b00 b30ce96b: going to reseed nonblocking with 512 bits (512 of 0 requested)
[    2.073721] random 0000 0000 0000 6db70b00 b30ce96b: extract_entropy(.. 64 ..)
[    2.073723] random 0000 0000 0000 6db70b00 b30ce96b: trying to extract 512 bits from input
[    2.073725] random 0000 0000 0000 6db70b00 b30ce96b: debiting 0 entropy credits from input
[    2.073727] random 0000 0000 0000 6db70b00 b30ce96b: extract_entropy account returned: 0 
[    2.073730] random 0000 0000 0000 6db70b00 b30ce96b: urand_change_num 29 xfer_secondary_pool(64): pool_sig fffffb38, data_sig 00000000, bytes_mixed 0 6db70b00 b30ce96b
[    2.073733] random 0000 0000 0000 6db70b00 b30ce96b: trying to extract 512 bits from nonblocking
[    2.073736] random 0000 0000 0000 6db70b00 b30ce96b: debiting 512 entropy credits from nonblocking (unlimited)
[    2.073738] random 0000 0000 0000 6db70b00 b30ce96b: extract_entropy account returned: 64 
[    2.073742] random 0000 0000 0000 6db70b00 b30ce96b: urand_change_num 30 extract_buf: pool_sig fffffb38, data_sig 00000151, bytes_mixed 20 6db70b00 b30ce96b
[    2.073746] random 0000 0000 0000 6db70b00 b30ce96b: urand_change_num 31 extract_buf: pool_sig fffffdb8, data_sig 00000379, bytes_mixed 20 6db70b00 b30ce96b
[    2.073751] random 0000 0000 0000 6b83001e d4b6c0d3: urand_change_num 32 extract_buf: pool_sig ffffffc9, data_sig 00000198, bytes_mixed 20 6b83001e d4b6c0d3
[    2.073755] random 0000 0000 0000 79d3e3c7 be564518: urand_change_num 33 extract_buf: pool_sig 000002b9, data_sig ffffff84, bytes_mixed 20 79d3e3c7 be564518
[    2.073760] random 0000 0000 0000 79d3e3c7 be564518: urand_change_num 34 extract_buf: pool_sig ffffff55, data_sig ffffff5a, bytes_mixed 20 79d3e3c7 be564518
[    2.073764] random 0000 0000 0000 89c03cb2 0d353228: urand_change_num 35 extract_buf: pool_sig 00000007, data_sig ffffff17, bytes_mixed 20 89c03cb2 0d353228
[    2.073769] random 0000 0000 0000 89c03cb2 0d353228: urand_change_num 36 extract_buf: pool_sig fffffdae, data_sig 000000db, bytes_mixed 20 89c03cb2 0d353228  Magic number: 13:37:204
[    2.073866] rtc_cmos 00:04: setting system clock to 2013-05-25 00:13:11 UTC (1369440791)
[    2.073868] BIOS EDD facility v0.16 2004-Jun-25, 0 devices found
[    2.073870] EDD information not available.
[    2.073895] random 0000 0000 0000 8ca62387 b120332c: rand_read_num 9 get_random_bytes(64): sig fffffed6 8ca62387 b120332c
[    2.073897] random 0000 0000 0000 8ca62387 b120332c: extract_entropy(.. 64 ..)
[    2.073900] random 0000 0000 0000 8ca62387 b120332c: going to reseed nonblocking with 512 bits (512 of 0 requested)
[    2.073902] random 0000 0000 0000 8ca62387 b120332c: extract_entropy(.. 64 ..)
[    2.073904] random 0000 0000 0000 8ca62387 b120332c: trying to extract 512 bits from input
[    2.073906] random 0000 0000 0000 8ca62387 b120332c: debiting 0 entropy credits from input
[    2.073908] random 0000 0000 0000 8ca62387 b120332c: extract_entropy account returned: 0 
[    2.073911] random 0000 0000 0000 8ca62387 b120332c: urand_change_num 37 xfer_secondary_pool(64): pool_sig fffffed6, data_sig 00000000, bytes_mixed 0 8ca62387 b120332c
[    2.073914] random 0000 0000 0000 8ca62387 b120332c: trying to extract 512 bits from nonblocking
[    2.073917] random 0000 0000 0000 8ca62387 b120332c: debiting 512 entropy credits from nonblocking (unlimited)
[    2.073919] random 0000 0000 0000 8ca62387 b120332c: extract_entropy account returned: 64 
[    2.073922] random 0000 0000 0000 8ca62387 b120332c: urand_change_num 38 extract_buf: pool_sig fffffed6, data_sig fffffeb6, bytes_mixed 20 8ca62387 b120332c
[    2.073927] random 0000 0000 0000 90702413 e2a66c2e: urand_change_num 39 extract_buf: pool_sig fffffbb0, data_sig 0000012e, bytes_mixed 20 90702413 e2a66c2e
[    2.073931] random 0000 0000 0000 90702413 e2a66c2e: urand_change_num 40 extract_buf: pool_sig fffffaf1, data_sig ffffff3c, bytes_mixed 20 90702413 e2a66c2e
[    2.073936] random 0000 0000 0000 3f58038b c77aecb6: urand_change_num 41 extract_buf: pool_sig 00000234, data_sig fffffdec, bytes_mixed 20 3f58038b c77aecb6
[    2.073940] random 0000 0000 0000 47187b9d 03f21510: urand_change_num 42 extract_buf: pool_sig 00000192, data_sig 00000075, bytes_mixed 20 47187b9d 03f21510
[    2.073944] random 0000 0000 0000 47187b9d 03f21510: urand_change_num 43 extract_buf: pool_sig 0000018e, data_sig ffffffbf, bytes_mixed 20 47187b9d 03f21510
[    2.073958] random 0000 0000 0000 3180b1fc 0fa9c973: urand_change_num 44 extract_buf: pool_sig fffffecf, data_sig ffffff2a, bytes_mixed 20 3180b1fc 0fa9c973
[    2.073961] BEGIN NET_SECRET:
[    2.073963] \xffffff87
[    2.073964] \xffffff8d
[    2.073965] \xfffffff4
[    2.073966] \xffffffae
[    2.073968] \xffffffc3
[    2.073969] \xffffffb7
[    2.073970] \x31
[    2.073971] \x65
[    2.073972] \xffffffda
[    2.073973] \xffffffa2
[    2.073974] \x31
[    2.073976] \xffffffc8
[    2.073977] \xffffffa9
[    2.073978] \x76
[    2.073979] \x76
[    2.073980] \xffffff90
[    2.073981] \x55
[    2.073982] \xfffffff3
[    2.073984] \xffffffb1
[    2.073985] \x3
[    2.073986] \xffffffb3
[    2.073987] \xffffffa7
[    2.073988] \x5a
[    2.073989] \x71
[    2.073990] \x70
[    2.073992] \xffffff8c
[    2.073993] \x56
[    2.073994] \x25
[    2.073995] \xffffffe1
[    2.073996] \x4c
[    2.073997] \xffffffe6
[    2.073998] \xffffff95
[    2.074000] \x67
[    2.074001] \x4c
[    2.074002] \xffffffb9
[    2.074003] \x1d
[    2.074004] \xe
[    2.074005] \x34
[    2.074006] \xffffffbe
[    2.074007] \x12
[    2.074009] \x5
[    2.074010] \xffffff98
[    2.074011] \xffffffa0
[    2.074012] \xf
[    2.074013] \xffffffb2
[    2.074014] \xffffffde
[    2.074015] \xffffff99
[    2.074017] \xf
[    2.074018] \xffffffe8
[    2.074019] \xffffffc8
[    2.074020] \x1f
[    2.074021] \x54
[    2.074022] \x2c
[    2.074023] \xffffffee
[    2.074025] \x2e
[    2.074026] \x0
[    2.074027] \xffffff95
[    2.074028] \x0
[    2.074029] \xffffffe3
[    2.074030] \xffffffa7
[    2.074031] \xfffffffd
[    2.074033] \x66
[    2.074034] \xffffff92
[    2.074035] \xfffffff0
[    2.074036] 
[    2.074037] END NET_SECRET
[    2.074040] random 0000 0000 0000 3180b1fc 0fa9c973: rand_read_num 10 get_random_bytes(4): sig ffffff46 3180b1fc 0fa9c973
[    2.074042] random 0000 0000 0000 3180b1fc 0fa9c973: extract_entropy(.. 4 ..)
[    2.074045] random 0000 0000 0000 3180b1fc 0fa9c973: going to reseed nonblocking with 64 bits (32 of 0 requested)
[    2.074047] random 0000 0000 0000 3180b1fc 0fa9c973: extract_entropy(.. 8 ..)
[    2.074049] random 0000 0000 0000 3180b1fc 0fa9c973: trying to extract 64 bits from input
[    2.074051] random 0000 0000 0000 3180b1fc 0fa9c973: debiting 0 entropy credits from input
[    2.074053] random 0000 0000 0000 3180b1fc 0fa9c973: extract_entropy account returned: 0 
[    2.074056] random 0000 0000 0000 3180b1fc 0fa9c973: urand_change_num 45 xfer_secondary_pool(4): pool_sig ffffff46, data_sig 00000000, bytes_mixed 0 3180b1fc 0fa9c973
[    2.074059] random 0000 0000 0000 3180b1fc 0fa9c973: trying to extract 32 bits from nonblocking
[    2.074061] random 0000 0000 0000 3180b1fc 0fa9c973: debiting 32 entropy credits from nonblocking (unlimited)
[    2.074063] random 0000 0000 0000 3180b1fc 0fa9c973: extract_entropy account returned: 4 
[    2.074067] random 0000 0000 0000 3180b1fc 0fa9c973: urand_change_num 46 extract_buf: pool_sig ffffff46, data_sig 0000001b, bytes_mixed 20 3180b1fc 0fa9c973
[    2.248704] ata2.00: ATAPI: VMware Virtual IDE CDROM Drive, 00000001, max UDMA/33
[    2.248986] ata2.00: configured for UDMA/33
[    2.249379] scsi 1:0:0:0: CD-ROM            NECVMWar VMware IDE CDR10 1.00 PQ: 0 ANSI: 5
[    2.250650] sr0: scsi3-mmc drive: 306x/306x cd/rw xa/form2 cdda tray
[    2.250654] Uniform CD-ROM driver Revision: 3.20
[    2.250707] sr 1:0:0:0: Attached scsi CD-ROM sr0
[    2.250744] sr 1:0:0:0: Attached scsi generic sg0 type 5
[    2.250782] Freeing unused kernel memory: 652k freed
[    2.250835] Write protecting the kernel text: 4840k
[    2.250865] Write protecting the kernel read-only data: 1968k
[    2.250956] random 0000 0000 0000 38974d2b 1d8d6de0: rand_read_num 11 get_random_bytes(16): sig 000001c6 38974d2b 1d8d6de0
