[    0.000000] random 0000 0000 0000 00000000 00000000: rand_read_num 1 get_random_bytes(8): sig 00000000 00000000 00000000
[    0.000000] random 0000 0000 0000 00000000 00000000: extract_entropy(.. 8 ..)
[    0.000000] random 0000 0000 0000 00000000 00000000: going to reseed nonblocking with 64 bits (64 of 0 requested)
[    0.000000] random 0000 0000 0000 00000000 00000000: extract_entropy(.. 8 ..)
[    0.000000] random 0000 0000 0000 00000000 00000000: trying to extract 64 bits from input
[    0.000000] random 0000 0000 0000 00000000 00000000: debiting 0 entropy credits from input
[    0.000000] random 0000 0000 0000 00000000 00000000: extract_entropy account returned: 0 
[    0.000000] random 0000 0000 0000 00000000 00000000: urand_change_num 1 xfer_secondary_pool(8): pool_sig 00000000, data_sig 00000000, bytes_mixed 0 00000000 00000000
[    0.000000] random 0000 0000 0000 00000000 00000000: trying to extract 64 bits from nonblocking
[    0.000000] random 0000 0000 0000 00000000 00000000: debiting 64 entropy credits from nonblocking (unlimited)
[    0.000000] random 0000 0000 0000 00000000 00000000: extract_entropy account returned: 8 
[    0.000000] random 0000 0000 0000 00000000 00000000: urand_change_num 2 extract_buf: pool_sig 00000000, data_sig fffffff9, bytes_mixed 20 00000000 00000000
[    0.000000] Initializing cgroup subsys cpuset
[    0.000000] Initializing cgroup subsys cpu
[    0.000000] Linux version 2.6.32.57 (dcashman@ubuntu) (gcc version 4.6.3 (Ubuntu/Linaro 4.6.3-1ubuntu5) ) #4 SMP Fri May 24 11:09:26 PDT 2013
[    0.000000] KERNEL supported cpus:
[    0.000000]   Intel GenuineIntel
[    0.000000]   AMD AuthenticAMD
[    0.000000]   NSC Geode by NSC
[    0.000000]   Cyrix CyrixInstead
[    0.000000]   Centaur CentaurHauls
[    0.000000]   Transmeta GenuineTMx86
[    0.000000]   Transmeta TransmetaCPU
[    0.000000]   UMC UMC UMC UMC
[    0.000000] BIOS-provided physical RAM map:
[    0.000000]  BIOS-e820: 0000000000000000 - 000000000009f000 (usable)
[    0.000000]  BIOS-e820: 000000000009f000 - 00000000000a0000 (reserved)
[    0.000000]  BIOS-e820: 00000000000ca000 - 00000000000cc000 (reserved)
[    0.000000]  BIOS-e820: 00000000000dc000 - 0000000000100000 (reserved)
[    0.000000]  BIOS-e820: 0000000000100000 - 000000003fee0000 (usable)
[    0.000000]  BIOS-e820: 000000003fee0000 - 000000003feff000 (ACPI data)
[    0.000000]  BIOS-e820: 000000003feff000 - 000000003ff00000 (ACPI NVS)
[    0.000000]  BIOS-e820: 000000003ff00000 - 0000000040000000 (usable)
[    0.000000]  BIOS-e820: 00000000e0000000 - 00000000f0000000 (reserved)
[    0.000000]  BIOS-e820: 00000000fec00000 - 00000000fec10000 (reserved)
[    0.000000]  BIOS-e820: 00000000fee00000 - 00000000fee01000 (reserved)
[    0.000000]  BIOS-e820: 00000000fffe0000 - 0000000100000000 (reserved)
[    0.000000] DMI present.
[    0.000000] Phoenix BIOS detected: BIOS may corrupt low RAM, working around it.
[    0.000000] e820 update range: 0000000000000000 - 0000000000010000 (usable) ==> (reserved)
[    0.000000] last_pfn = 0x40000 max_arch_pfn = 0x1000000
[    0.000000] MTRR default type: uncachable
[    0.000000] MTRR fixed ranges enabled:
[    0.000000]   00000-9FFFF write-back
[    0.000000]   A0000-BFFFF uncachable
[    0.000000]   C0000-CBFFF write-protect
[    0.000000]   CC000-EFFFF uncachable
[    0.000000]   F0000-FFFFF write-protect
[    0.000000] MTRR variable ranges enabled:
[    0.000000]   0 base 0000000000 mask FFC0000000 write-back
[    0.000000]   1 disabled
[    0.000000]   2 disabled
[    0.000000]   3 disabled
[    0.000000]   4 disabled
[    0.000000]   5 disabled
[    0.000000]   6 disabled
[    0.000000]   7 disabled
[    0.000000] x86 PAT enabled: cpu 0, old 0x0, new 0x7010600070106
[    0.000000] Scanning 0 areas for low memory corruption
[    0.000000] modified physical RAM map:
[    0.000000]  modified: 0000000000000000 - 0000000000010000 (reserved)
[    0.000000]  modified: 0000000000010000 - 000000000009f000 (usable)
[    0.000000]  modified: 000000000009f000 - 00000000000a0000 (reserved)
[    0.000000]  modified: 00000000000ca000 - 00000000000cc000 (reserved)
[    0.000000]  modified: 00000000000dc000 - 0000000000100000 (reserved)
[    0.000000]  modified: 0000000000100000 - 000000003fee0000 (usable)
[    0.000000]  modified: 000000003fee0000 - 000000003feff000 (ACPI data)
[    0.000000]  modified: 000000003feff000 - 000000003ff00000 (ACPI NVS)
[    0.000000]  modified: 000000003ff00000 - 0000000040000000 (usable)
[    0.000000]  modified: 00000000e0000000 - 00000000f0000000 (reserved)
[    0.000000]  modified: 00000000fec00000 - 00000000fec10000 (reserved)
[    0.000000]  modified: 00000000fee00000 - 00000000fee01000 (reserved)
[    0.000000]  modified: 00000000fffe0000 - 0000000100000000 (reserved)
[    0.000000] initial memory mapped : 0 - 01e00000
[    0.000000] init_memory_mapping: 0000000000000000-00000000379fe000
[    0.000000] NX (Execute Disable) protection: active
[    0.000000]  0000000000 - 0000200000 page 4k
[    0.000000]  0000200000 - 0037800000 page 2M
[    0.000000]  0037800000 - 00379fe000 page 4k
[    0.000000] kernel direct mapping tables up to 379fe000 @ 10000-16000
[    0.000000] RAMDISK: 2dcfc000 - 32e758c3
[    0.000000] ACPI: RSDP 000f6b80 00024 (v02 PTLTD )
[    0.000000] ACPI: XSDT 3feed636 0005C (v01 INTEL  440BX    06040000 VMW  01324272)
[    0.000000] ACPI: FACP 3fefee98 000F4 (v04 INTEL  440BX    06040000 PTL  000F4240)
[    0.000000] ACPI: DSDT 3feee366 10B32 (v01 PTLTD  Custom   06040000 MSFT 03000001)
[    0.000000] ACPI: FACS 3fefffc0 00040
[    0.000000] ACPI: BOOT 3feee33e 00028 (v01 PTLTD  $SBFTBL$ 06040000  LTP 00000001)
[    0.000000] ACPI: APIC 3feedc3e 003C2 (v01 PTLTD  ? APIC   06040000  LTP 00000000)
[    0.000000] ACPI: MCFG 3feedc02 0003C (v01 PTLTD  $PCITBL$ 06040000  LTP 00000001)
[    0.000000] ACPI: SRAT 3feed732 004D0 (v02 VMWARE MEMPLUG  06040000 VMW  00000001)
[    0.000000] ACPI: HPET 3feed6fa 00038 (v01 VMWARE VMW HPET 06040000 VMW  00000001)
[    0.000000] ACPI: WAET 3feed6d2 00028 (v01 VMWARE VMW WAET 06040000 VMW  00000001)
[    0.000000] ACPI: Local APIC address 0xfee00000
[    0.000000] 134MB HIGHMEM available.
[    0.000000] 889MB LOWMEM available.
[    0.000000]   mapped low ram: 0 - 379fe000
[    0.000000]   low ram: 0 - 379fe000
[    0.000000]   node 0 low ram: 00000000 - 379fe000
[    0.000000]   node 0 bootmap 00012000 - 00018f40
[    0.000000] (9 early reservations) ==> bootmem [0000000000 - 00379fe000]
[    0.000000]   #0 [0000000000 - 0000001000]   BIOS data page ==> [0000000000 - 0000001000]
[    0.000000]   #1 [0000001000 - 0000002000]    EX TRAMPOLINE ==> [0000001000 - 0000002000]
[    0.000000]   #2 [0000006000 - 0000007000]       TRAMPOLINE ==> [0000006000 - 0000007000]
[    0.000000]   #3 [0001000000 - 0001a75ff8]    TEXT DATA BSS ==> [0001000000 - 0001a75ff8]
[    0.000000]   #4 [002dcfc000 - 0032e758c3]          RAMDISK ==> [002dcfc000 - 0032e758c3]
[    0.000000]   #5 [000009f000 - 0000100000]    BIOS reserved ==> [000009f000 - 0000100000]
[    0.000000]   #6 [0001a76000 - 0001a851c0]              BRK ==> [0001a76000 - 0001a851c0]
[    0.000000]   #7 [0000010000 - 0000012000]          PGTABLE ==> [0000010000 - 0000012000]
[    0.000000]   #8 [0000012000 - 0000019000]          BOOTMAP ==> [0000012000 - 0000019000]
[    0.000000] found SMP MP-table at [c00f6bf0] f6bf0
[    0.000000] Zone PFN ranges:
[    0.000000]   DMA      0x00000010 -> 0x00001000
[    0.000000]   Normal   0x00001000 -> 0x000379fe
[    0.000000]   HighMem  0x000379fe -> 0x00040000
[    0.000000] Movable zone start PFN for each node
[    0.000000] early_node_map[3] active PFN ranges
[    0.000000]     0: 0x00000010 -> 0x0000009f
[    0.000000]     0: 0x00000100 -> 0x0003fee0
[    0.000000]     0: 0x0003ff00 -> 0x00040000
[    0.000000] On node 0 totalpages: 261999
[    0.000000] free_area_init_node: node 0, pgdat c1715200, node_mem_map c1a87200
[    0.000000]   DMA zone: 32 pages used for memmap
[    0.000000]   DMA zone: 0 pages reserved
[    0.000000]   DMA zone: 3951 pages, LIFO batch:0
[    0.000000]   Normal zone: 1748 pages used for memmap
[    0.000000]   Normal zone: 221994 pages, LIFO batch:31
[    0.000000]   HighMem zone: 269 pages used for memmap
[    0.000000]   HighMem zone: 34005 pages, LIFO batch:7
[    0.000000] Using APIC driver default
[    0.000000] ACPI: PM-Timer IO Port: 0x1008
[    0.000000] ACPI: Local APIC address 0xfee00000
[    0.000000] ACPI: LAPIC (acpi_id[0x00] lapic_id[0x00] enabled)
[    0.000000] ACPI: LAPIC (acpi_id[0x01] lapic_id[0x02] disabled)
[    0.000000] ACPI: LAPIC (acpi_id[0x02] lapic_id[0x04] disabled)
[    0.000000] ACPI: LAPIC (acpi_id[0x03] lapic_id[0x06] disabled)
[    0.000000] ACPI: LAPIC (acpi_id[0x04] lapic_id[0x08] disabled)
[    0.000000] ACPI: LAPIC (acpi_id[0x05] lapic_id[0x0a] disabled)
[    0.000000] ACPI: LAPIC (acpi_id[0x06] lapic_id[0x0c] disabled)
[    0.000000] ACPI: LAPIC (acpi_id[0x07] lapic_id[0x0e] disabled)
[    0.000000] ACPI: LAPIC (acpi_id[0x08] lapic_id[0x10] disabled)
[    0.000000] ACPI: LAPIC (acpi_id[0x09] lapic_id[0x12] disabled)
[    0.000000] ACPI: LAPIC (acpi_id[0x0a] lapic_id[0x14] disabled)
[    0.000000] ACPI: LAPIC (acpi_id[0x0b] lapic_id[0x16] disabled)
[    0.000000] ACPI: LAPIC (acpi_id[0x0c] lapic_id[0x18] disabled)
[    0.000000] ACPI: LAPIC (acpi_id[0x0d] lapic_id[0x1a] disabled)
[    0.000000] ACPI: LAPIC (acpi_id[0x0e] lapic_id[0x1c] disabled)
[    0.000000] ACPI: LAPIC (acpi_id[0x0f] lapic_id[0x1e] disabled)
[    0.000000] ACPI: LAPIC (acpi_id[0x10] lapic_id[0x20] disabled)
[    0.000000] ACPI: LAPIC (acpi_id[0x11] lapic_id[0x22] disabled)
[    0.000000] ACPI: LAPIC (acpi_id[0x12] lapic_id[0x24] disabled)
[    0.000000] ACPI: LAPIC (acpi_id[0x13] lapic_id[0x26] disabled)
[    0.000000] ACPI: LAPIC (acpi_id[0x14] lapic_id[0x28] disabled)
[    0.000000] ACPI: LAPIC (acpi_id[0x15] lapic_id[0x2a] disabled)
[    0.000000] ACPI: LAPIC (acpi_id[0x16] lapic_id[0x2c] disabled)
[    0.000000] ACPI: LAPIC (acpi_id[0x17] lapic_id[0x2e] disabled)
[    0.000000] ACPI: LAPIC (acpi_id[0x18] lapic_id[0x30] disabled)
[    0.000000] ACPI: LAPIC (acpi_id[0x19] lapic_id[0x32] disabled)
[    0.000000] ACPI: LAPIC (acpi_id[0x1a] lapic_id[0x34] disabled)
[    0.000000] ACPI: LAPIC (acpi_id[0x1b] lapic_id[0x36] disabled)
[    0.000000] ACPI: LAPIC (acpi_id[0x1c] lapic_id[0x38] disabled)
[    0.000000] ACPI: LAPIC (acpi_id[0x1d] lapic_id[0x3a] disabled)
[    0.000000] ACPI: LAPIC (acpi_id[0x1e] lapic_id[0x3c] disabled)
[    0.000000] ACPI: LAPIC (acpi_id[0x1f] lapic_id[0x3e] disabled)
[    0.000000] ACPI: LAPIC (acpi_id[0x20] lapic_id[0x40] disabled)
[    0.000000] ACPI: LAPIC (acpi_id[0x21] lapic_id[0x42] disabled)
[    0.000000] ACPI: LAPIC (acpi_id[0x22] lapic_id[0x44] disabled)
[    0.000000] ACPI: LAPIC (acpi_id[0x23] lapic_id[0x46] disabled)
[    0.000000] ACPI: LAPIC (acpi_id[0x24] lapic_id[0x48] disabled)
[    0.000000] ACPI: LAPIC (acpi_id[0x25] lapic_id[0x4a] disabled)
[    0.000000] ACPI: LAPIC (acpi_id[0x26] lapic_id[0x4c] disabled)
[    0.000000] ACPI: LAPIC (acpi_id[0x27] lapic_id[0x4e] disabled)
[    0.000000] ACPI: LAPIC (acpi_id[0x28] lapic_id[0x50] disabled)
[    0.000000] ACPI: LAPIC (acpi_id[0x29] lapic_id[0x52] disabled)
[    0.000000] ACPI: LAPIC (acpi_id[0x2a] lapic_id[0x54] disabled)
[    0.000000] ACPI: LAPIC (acpi_id[0x2b] lapic_id[0x56] disabled)
[    0.000000] ACPI: LAPIC (acpi_id[0x2c] lapic_id[0x58] disabled)
[    0.000000] ACPI: LAPIC (acpi_id[0x2d] lapic_id[0x5a] disabled)
[    0.000000] ACPI: LAPIC (acpi_id[0x2e] lapic_id[0x5c] disabled)
[    0.000000] ACPI: LAPIC (acpi_id[0x2f] lapic_id[0x5e] disabled)
[    0.000000] ACPI: LAPIC (acpi_id[0x30] lapic_id[0x60] disabled)
[    0.000000] ACPI: LAPIC (acpi_id[0x31] lapic_id[0x62] disabled)
[    0.000000] ACPI: LAPIC (acpi_id[0x32] lapic_id[0x64] disabled)
[    0.000000] ACPI: LAPIC (acpi_id[0x33] lapic_id[0x66] disabled)
[    0.000000] ACPI: LAPIC (acpi_id[0x34] lapic_id[0x68] disabled)
[    0.000000] ACPI: LAPIC (acpi_id[0x35] lapic_id[0x6a] disabled)
[    0.000000] ACPI: LAPIC (acpi_id[0x36] lapic_id[0x6c] disabled)
[    0.000000] ACPI: LAPIC (acpi_id[0x37] lapic_id[0x6e] disabled)
[    0.000000] ACPI: LAPIC (acpi_id[0x38] lapic_id[0x70] disabled)
[    0.000000] ACPI: LAPIC (acpi_id[0x39] lapic_id[0x72] disabled)
[    0.000000] ACPI: LAPIC (acpi_id[0x3a] lapic_id[0x74] disabled)
[    0.000000] ACPI: LAPIC (acpi_id[0x3b] lapic_id[0x76] disabled)
[    0.000000] ACPI: LAPIC (acpi_id[0x3c] lapic_id[0x78] disabled)
[    0.000000] ACPI: LAPIC (acpi_id[0x3d] lapic_id[0x7a] disabled)
[    0.000000] ACPI: LAPIC (acpi_id[0x3e] lapic_id[0x7c] disabled)
[    0.000000] ACPI: LAPIC (acpi_id[0x3f] lapic_id[0x7e] disabled)
[    0.000000] ACPI: LAPIC_NMI (acpi_id[0x00] high edge lint[0x1])
[    0.000000] ACPI: LAPIC_NMI (acpi_id[0x01] high edge lint[0x1])
[    0.000000] ACPI: LAPIC_NMI (acpi_id[0x02] high edge lint[0x1])
[    0.000000] ACPI: LAPIC_NMI (acpi_id[0x03] high edge lint[0x1])
[    0.000000] ACPI: LAPIC_NMI (acpi_id[0x04] high edge lint[0x1])
[    0.000000] ACPI: LAPIC_NMI (acpi_id[0x05] high edge lint[0x1])
[    0.000000] ACPI: LAPIC_NMI (acpi_id[0x06] high edge lint[0x1])
[    0.000000] ACPI: LAPIC_NMI (acpi_id[0x07] high edge lint[0x1])
[    0.000000] ACPI: LAPIC_NMI (acpi_id[0x08] high edge lint[0x1])
[    0.000000] ACPI: LAPIC_NMI (acpi_id[0x09] high edge lint[0x1])
[    0.000000] ACPI: LAPIC_NMI (acpi_id[0x0a] high edge lint[0x1])
[    0.000000] ACPI: LAPIC_NMI (acpi_id[0x0b] high edge lint[0x1])
[    0.000000] ACPI: LAPIC_NMI (acpi_id[0x0c] high edge lint[0x1])
[    0.000000] ACPI: LAPIC_NMI (acpi_id[0x0d] high edge lint[0x1])
[    0.000000] ACPI: LAPIC_NMI (acpi_id[0x0e] high edge lint[0x1])
[    0.000000] ACPI: LAPIC_NMI (acpi_id[0x0f] high edge lint[0x1])
[    0.000000] ACPI: LAPIC_NMI (acpi_id[0x10] high edge lint[0x1])
[    0.000000] ACPI: LAPIC_NMI (acpi_id[0x11] high edge lint[0x1])
[    0.000000] ACPI: LAPIC_NMI (acpi_id[0x12] high edge lint[0x1])
[    0.000000] ACPI: LAPIC_NMI (acpi_id[0x13] high edge lint[0x1])
[    0.000000] ACPI: LAPIC_NMI (acpi_id[0x14] high edge lint[0x1])
[    0.000000] ACPI: LAPIC_NMI (acpi_id[0x15] high edge lint[0x1])
[    0.000000] ACPI: LAPIC_NMI (acpi_id[0x16] high edge lint[0x1])
[    0.000000] ACPI: LAPIC_NMI (acpi_id[0x17] high edge lint[0x1])
[    0.000000] ACPI: LAPIC_NMI (acpi_id[0x18] high edge lint[0x1])
[    0.000000] ACPI: LAPIC_NMI (acpi_id[0x19] high edge lint[0x1])
[    0.000000] ACPI: LAPIC_NMI (acpi_id[0x1a] high edge lint[0x1])
[    0.000000] ACPI: LAPIC_NMI (acpi_id[0x1b] high edge lint[0x1])
[    0.000000] ACPI: LAPIC_NMI (acpi_id[0x1c] high edge lint[0x1])
[    0.000000] ACPI: LAPIC_NMI (acpi_id[0x1d] high edge lint[0x1])
[    0.000000] ACPI: LAPIC_NMI (acpi_id[0x1e] high edge lint[0x1])
[    0.000000] ACPI: LAPIC_NMI (acpi_id[0x1f] high edge lint[0x1])
[    0.000000] ACPI: LAPIC_NMI (acpi_id[0x20] high edge lint[0x1])
[    0.000000] ACPI: LAPIC_NMI (acpi_id[0x21] high edge lint[0x1])
[    0.000000] ACPI: LAPIC_NMI (acpi_id[0x22] high edge lint[0x1])
[    0.000000] ACPI: LAPIC_NMI (acpi_id[0x23] high edge lint[0x1])
[    0.000000] ACPI: LAPIC_NMI (acpi_id[0x24] high edge lint[0x1])
[    0.000000] ACPI: LAPIC_NMI (acpi_id[0x25] high edge lint[0x1])
[    0.000000] ACPI: LAPIC_NMI (acpi_id[0x26] high edge lint[0x1])
[    0.000000] ACPI: LAPIC_NMI (acpi_id[0x27] high edge lint[0x1])
[    0.000000] ACPI: LAPIC_NMI (acpi_id[0x28] high edge lint[0x1])
[    0.000000] ACPI: LAPIC_NMI (acpi_id[0x29] high edge lint[0x1])
[    0.000000] ACPI: LAPIC_NMI (acpi_id[0x2a] high edge lint[0x1])
[    0.000000] ACPI: LAPIC_NMI (acpi_id[0x2b] high edge lint[0x1])
[    0.000000] ACPI: LAPIC_NMI (acpi_id[0x2c] high edge lint[0x1])
[    0.000000] ACPI: LAPIC_NMI (acpi_id[0x2d] high edge lint[0x1])
[    0.000000] ACPI: LAPIC_NMI (acpi_id[0x2e] high edge lint[0x1])
[    0.000000] ACPI: LAPIC_NMI (acpi_id[0x2f] high edge lint[0x1])
[    0.000000] ACPI: LAPIC_NMI (acpi_id[0x30] high edge lint[0x1])
[    0.000000] ACPI: LAPIC_NMI (acpi_id[0x31] high edge lint[0x1])
[    0.000000] ACPI: LAPIC_NMI (acpi_id[0x32] high edge lint[0x1])
[    0.000000] ACPI: LAPIC_NMI (acpi_id[0x33] high edge lint[0x1])
[    0.000000] ACPI: LAPIC_NMI (acpi_id[0x34] high edge lint[0x1])
[    0.000000] ACPI: LAPIC_NMI (acpi_id[0x35] high edge lint[0x1])
[    0.000000] ACPI: LAPIC_NMI (acpi_id[0x36] high edge lint[0x1])
[    0.000000] ACPI: LAPIC_NMI (acpi_id[0x37] high edge lint[0x1])
[    0.000000] ACPI: LAPIC_NMI (acpi_id[0x38] high edge lint[0x1])
[    0.000000] ACPI: LAPIC_NMI (acpi_id[0x39] high edge lint[0x1])
[    0.000000] ACPI: LAPIC_NMI (acpi_id[0x3a] high edge lint[0x1])
[    0.000000] ACPI: LAPIC_NMI (acpi_id[0x3b] high edge lint[0x1])
[    0.000000] ACPI: LAPIC_NMI (acpi_id[0x3c] high edge lint[0x1])
[    0.000000] ACPI: LAPIC_NMI (acpi_id[0x3d] high edge lint[0x1])
[    0.000000] ACPI: LAPIC_NMI (acpi_id[0x3e] high edge lint[0x1])
[    0.000000] ACPI: LAPIC_NMI (acpi_id[0x3f] high edge lint[0x1])
[    0.000000] ACPI: Skipping IOAPIC probe due to 'noapic' option.
[    0.000000] Using ACPI for processor (LAPIC) configuration information
[    0.000000] ACPI: HPET id: 0x8086af01 base: 0xfed00000
[    0.000000] Intel MultiProcessor Specification v1.4
[    0.000000]     Virtual Wire compatibility mode.
[    0.000000] MPTABLE: OEM ID: INTEL   
[    0.000000] MPTABLE: Product ID: 440BX       
[    0.000000] MPTABLE: APIC at: 0xFEE00000
[    0.000000] I/O APIC #1 Version 17 at 0xFEC00000.
[    0.000000] Processors: 1
[    0.000000] 64 Processors exceeds NR_CPUS limit of 8
[    0.000000] SMP: Allowing 8 CPUs, 7 hotplug CPUs
[    0.000000] nr_irqs_gsi: 24
[    0.000000] PM: Registered nosave memory: 000000000009f000 - 00000000000a0000
[    0.000000] PM: Registered nosave memory: 00000000000a0000 - 00000000000ca000
[    0.000000] PM: Registered nosave memory: 00000000000ca000 - 00000000000cc000
[    0.000000] PM: Registered nosave memory: 00000000000cc000 - 00000000000dc000
[    0.000000] PM: Registered nosave memory: 00000000000dc000 - 0000000000100000
[    0.000000] Allocating PCI resources starting at 40000000 (gap: 40000000:a0000000)
[    0.000000] Booting paravirtualized kernel on bare hardware
[    0.000000] NR_CPUS:8 nr_cpumask_bits:8 nr_cpu_ids:8 nr_node_ids:1
[    0.000000] PERCPU: Embedded 15 pages/cpu @c2400000 s39320 r0 d22120 u262144
[    0.000000] pcpu-alloc: s39320 r0 d22120 u262144 alloc=1*2097152
[    0.000000] pcpu-alloc: [0] 0 1 2 3 4 5 6 7 
[    0.000000] Built 1 zonelists in Zone order, mobility grouping on.  Total pages: 259950
[    0.000000] Kernel command line: BOOT_IMAGE=/boot/vmlinuz-2.6.32.57 root=UUID=007b598c-390d-4c65-84a1-4ff752d48633 ro quiet splash maxcpus=0
[    0.000000] PID hash table entries: 4096 (order: 2, 16384 bytes)
[    0.000000] Dentry cache hash table entries: 131072 (order: 7, 524288 bytes)
[    0.000000] Inode-cache hash table entries: 65536 (order: 6, 262144 bytes)
[    0.000000] Enabling fast FPU save and restore... done.
[    0.000000] Enabling unmasked SIMD FPU exception support... done.
[    0.000000] Initializing CPU#0
[    0.000000] xsave/xrstor: enabled xstate_bv 0x7, cntxt size 0x340
[    0.000000] allocated 5242560 bytes of page_cgroup
[    0.000000] please try 'cgroup_disable=memory' option if you don't want memory cgroups
[    0.000000] Initializing HighMem for node 0 (000379fe:00040000)
[    0.000000] Memory: 938260k/1048576k available (4839k kernel code, 108848k reserved, 2518k data, 652k init, 137096k highmem)
[    0.000000] virtual kernel memory layout:
[    0.000000]     fixmap  : 0xfff1e000 - 0xfffff000   ( 900 kB)
[    0.000000]     pkmap   : 0xffa00000 - 0xffc00000   (2048 kB)
[    0.000000]     vmalloc : 0xf81fe000 - 0xff9fe000   ( 120 MB)
[    0.000000]     lowmem  : 0xc0000000 - 0xf79fe000   ( 889 MB)
[    0.000000]       .init : 0xc1730000 - 0xc17d3000   ( 652 kB)
[    0.000000]       .data : 0xc14b9cce - 0xc172f764   (2518 kB)
[    0.000000]       .text : 0xc1000000 - 0xc14b9cce   (4839 kB)
[    0.000000] Checking if this processor honours the WP bit even in supervisor mode...Ok.
[    0.000000] SLUB: Genslabs=13, HWalign=64, Order=0-3, MinObjects=0, CPUs=8, Nodes=1
[    0.000000] Hierarchical RCU implementation.
[    0.000000] NR_IRQS:2304 nr_irqs:472
[    0.000000] Extended CMOS year: 2000
[    0.000000] Console: colour VGA+ 80x25
[    0.000000] console [tty0] enabled
[    0.000000] hpet clockevent registered
[    0.000000] TSC freq read from hypervisor : 2394.620 MHz
[    0.000000] Detected 2394.620 MHz processor.
[    0.000002] Calibrating delay loop (skipped) preset value.. 4789.24 BogoMIPS (lpj=9578480)
[    0.000011] Security Framework initialized
[    0.000014] SELinux:  Disabled at boot.
[    0.000018] Mount-cache hash table entries: 512
[    0.000117] Initializing cgroup subsys cpuacct
[    0.000120] Initializing cgroup subsys memory
[    0.000124] Initializing cgroup subsys devices
[    0.000125] Initializing cgroup subsys freezer
[    0.000152] CPU: Physical Processor ID: 0
[    0.000159] CPU: L1 I cache: 32K, L1 D cache: 32K
[    0.000160] CPU: L2 cache: 256K
[    0.000161] CPU: L3 cache: 4096K
[    0.000166] mce: CPU supports 0 MCE banks
[    0.000178] Performance Events: no PMU driver, software events only.
[    0.000188] Checking 'hlt' instruction... OK.
[    0.018253] SMP alternatives: switching to UP code
[    0.033551] ACPI: Core revision 20090903
[    0.039660] ACPI: setting ELCR to 0200 (from 0e20)
[    0.040795] ftrace: converting mcount calls to 0f 1f 44 00 00
[    0.040801] ftrace: allocating 22631 entries in 45 pages
[    0.058561] CANARY value: e4b9e629 for PID: 1
[    0.058613] Not enabling x2apic, Intr-remapping init failed.
[    0.058615] Enabling APIC mode:  Flat.  Using 1 I/O APICs
[    0.058623] SMP mode deactivated.
[    0.058648] SMP disabled
[    0.058723] Brought up 1 CPUs
[    0.058725] Total of 1 processors activated (4789.24 BogoMIPS).
[    0.058730] CPU0 attaching NULL sched-domain.
[    0.058816] devtmpfs: initialized
[    0.058922] sysctl table check failed: /kernel/random/now_input .1.40.7 Unknown sysctl binary path
[    0.059163] Pid: 1, comm: swapper Not tainted 2.6.32.57 #4
[    0.059165] Call Trace:
[    0.059169]  [<c14a8a0e>] ? printk+0x1d/0x1f
[    0.059172]  [<c107b56f>] set_fail+0x4f/0x60
[    0.059174]  [<c107b8b3>] sysctl_check_table+0x333/0x620
[    0.059176]  [<c107b8cc>] sysctl_check_table+0x34c/0x620
[    0.059177]  [<c107b8cc>] sysctl_check_table+0x34c/0x620
[    0.059181]  [<c1746d48>] sysctl_init+0x25/0x29
[    0.059183]  [<c1003042>] do_one_initcall+0x32/0x1a0
[    0.059185]  [<c1746d23>] ? sysctl_init+0x0/0x29
[    0.059188]  [<c17308e7>] kernel_init+0x12d/0x17a
[    0.059189]  [<c17307ba>] ? kernel_init+0x0/0x17a
[    0.059191]  [<c1009b07>] kernel_thread_helper+0x7/0x10
[    0.059193] sysctl table check failed: /kernel/random/now_blocking .1.40.8 Unknown sysctl binary path
[    0.059422] Pid: 1, comm: swapper Not tainted 2.6.32.57 #4
[    0.059423] Call Trace:
[    0.059424]  [<c14a8a0e>] ? printk+0x1d/0x1f
[    0.059426]  [<c107b56f>] set_fail+0x4f/0x60
[    0.059427]  [<c107b8b3>] sysctl_check_table+0x333/0x620
[    0.059429]  [<c107b8cc>] sysctl_check_table+0x34c/0x620
[    0.059431]  [<c107b8cc>] sysctl_check_table+0x34c/0x620
[    0.059433]  [<c1746d48>] sysctl_init+0x25/0x29
[    0.059434]  [<c1003042>] do_one_initcall+0x32/0x1a0
[    0.059436]  [<c1746d23>] ? sysctl_init+0x0/0x29
[    0.059438]  [<c17308e7>] kernel_init+0x12d/0x17a
[    0.059439]  [<c17307ba>] ? kernel_init+0x0/0x17a
[    0.059441]  [<c1009b07>] kernel_thread_helper+0x7/0x10
[    0.059442] sysctl table check failed: /kernel/random/now_nonblocking .1.40.9 Unknown sysctl binary path
[    0.059673] Pid: 1, comm: swapper Not tainted 2.6.32.57 #4
[    0.059673] Call Trace:
[    0.059675]  [<c14a8a0e>] ? printk+0x1d/0x1f
[    0.059676]  [<c107b56f>] set_fail+0x4f/0x60
[    0.059678]  [<c107b8b3>] sysctl_check_table+0x333/0x620
[    0.059679]  [<c107b8cc>] sysctl_check_table+0x34c/0x620
[    0.059681]  [<c107b8cc>] sysctl_check_table+0x34c/0x620
[    0.059683]  [<c1746d48>] sysctl_init+0x25/0x29
[    0.059684]  [<c1003042>] do_one_initcall+0x32/0x1a0
[    0.059686]  [<c1746d23>] ? sysctl_init+0x0/0x29
[    0.059688]  [<c17308e7>] kernel_init+0x12d/0x17a
[    0.059689]  [<c17307ba>] ? kernel_init+0x0/0x17a
[    0.059691]  [<c1009b07>] kernel_thread_helper+0x7/0x10
[    0.059692] sysctl table check failed: /kernel/random/nb_input_bytes .1.40.10 Unknown sysctl binary path
[    0.059955] Pid: 1, comm: swapper Not tainted 2.6.32.57 #4
[    0.059956] Call Trace:
[    0.059957]  [<c14a8a0e>] ? printk+0x1d/0x1f
[    0.059959]  [<c107b56f>] set_fail+0x4f/0x60
[    0.059960]  [<c107b8b3>] sysctl_check_table+0x333/0x620
[    0.059962]  [<c107b8cc>] sysctl_check_table+0x34c/0x620
[    0.059963]  [<c107b8cc>] sysctl_check_table+0x34c/0x620
[    0.059966]  [<c1746d48>] sysctl_init+0x25/0x29
[    0.059967]  [<c1003042>] do_one_initcall+0x32/0x1a0
[    0.059969]  [<c1746d23>] ? sysctl_init+0x0/0x29
[    0.059971]  [<c17308e7>] kernel_init+0x12d/0x17a
[    0.059972]  [<c17307ba>] ? kernel_init+0x0/0x17a
[    0.059974]  [<c1009b07>] kernel_thread_helper+0x7/0x10
[    0.059975] sysctl table check failed: /kernel/random/nb_stir_count .1.40.11 Unknown sysctl binary path
[    0.060205] Pid: 1, comm: swapper Not tainted 2.6.32.57 #4
[    0.060206] Call Trace:
[    0.060207]  [<c14a8a0e>] ? printk+0x1d/0x1f
[    0.060208]  [<c107b56f>] set_fail+0x4f/0x60
[    0.060210]  [<c107b8b3>] sysctl_check_table+0x333/0x620
[    0.060211]  [<c107b8cc>] sysctl_check_table+0x34c/0x620
[    0.060213]  [<c107b8cc>] sysctl_check_table+0x34c/0x620
[    0.060215]  [<c1746d48>] sysctl_init+0x25/0x29
[    0.060217]  [<c1003042>] do_one_initcall+0x32/0x1a0
[    0.060219]  [<c1746d23>] ? sysctl_init+0x0/0x29
[    0.060220]  [<c17308e7>] kernel_init+0x12d/0x17a
[    0.060222]  [<c17307ba>] ? kernel_init+0x0/0x17a
[    0.060223]  [<c1009b07>] kernel_thread_helper+0x7/0x10
[    0.060224] sysctl table check failed: /kernel/random/nb_reentry_count .1.40.12 Unknown sysctl binary path
[    0.060456] Pid: 1, comm: swapper Not tainted 2.6.32.57 #4
[    0.060457] Call Trace:
[    0.060458]  [<c14a8a0e>] ? printk+0x1d/0x1f
[    0.060459]  [<c107b56f>] set_fail+0x4f/0x60
[    0.060461]  [<c107b8b3>] sysctl_check_table+0x333/0x620
[    0.060462]  [<c107b8cc>] sysctl_check_table+0x34c/0x620
[    0.060464]  [<c107b8cc>] sysctl_check_table+0x34c/0x620
[    0.060466]  [<c1746d48>] sysctl_init+0x25/0x29
[    0.060468]  [<c1003042>] do_one_initcall+0x32/0x1a0
[    0.060470]  [<c1746d23>] ? sysctl_init+0x0/0x29
[    0.060471]  [<c17308e7>] kernel_init+0x12d/0x17a
[    0.060473]  [<c17307ba>] ? kernel_init+0x0/0x17a
[    0.060474]  [<c1009b07>] kernel_thread_helper+0x7/0x10
[    0.060585] RANDOM - __seed init called.
[    0.060586] RANDOM - __seed init called.
[    0.060587] RANDOM - __seed init called.
[    0.060588] RANDOM - __random32 called. Change num 1.  Value: 865378fd	b53d80db	1f8ba37e
[    0.060590] RANDOM - __random32 called. Change num 2.  Value: 378fdd29	53d80db0	46fc7ad7
[    0.060591] RANDOM - __random32 called. Change num 3.  Value: fdd29985	3d80db0e	f5ae23f5
[    0.060592] RANDOM - __random32 called. Change num 4.  Value: 299855dc	d80db0e5	47eb1be7
[    0.060593] RANDOM - __random32 called. Change num 5.  Value: 855dc464	80db0e5c	37cf1678
[    0.060595] RANDOM - __random32 called. Change num 6.  Value: dc4647ba	db0e5c1	2cf136f4
[    0.060596] RANDOM - random32 init called.  Value: dc4647ba	db0e5c1	2cf136f4
[    0.060601] regulator: core version 0.5
[    0.060679] Time: 22:01:10  Date: 05/24/13
[    0.060735] NET: Registered protocol family 16
[    0.060810] EISA bus registered
[    0.061536] ACPI: bus type pci registered
[    0.061653] PCI: MCFG configuration 0: base e0000000 segment 0 buses 0 - 255
[    0.061655] PCI: MCFG area at e0000000 reserved in E820
[    0.061656] PCI: Using MMCONFIG for extended config space
[    0.061657] PCI: Using configuration type 1 for base access
[    0.062137] bio: create slab <bio-0> at 0
[    0.063438] ACPI: EC: Look up EC in DSDT
[    0.100687] ACPI: BIOS _OSI(Linux) query ignored
[    0.106921] ACPI: Interpreter enabled
[    0.106925] ACPI: (supports S0 S1 S4 S5)
[    0.106937] ACPI: Using PIC for interrupt routing
[    0.189558] ACPI: No dock devices found.
[    0.190434] ACPI: PCI Root Bridge [PCI0] (0000:00)
[    0.192117] pci 0000:00:07.1: reg 20 io port: [0x10c0-0x10cf]
[    0.192683] pci 0000:00:07.3: quirk: region 1000-103f claimed by PIIX4 ACPI
[    0.192695] pci 0000:00:07.3: quirk: region 1040-104f claimed by PIIX4 SMB
[    0.193263] pci 0000:00:07.7: reg 10 io port: [0x1080-0x10bf]
[    0.193663] pci 0000:00:07.7: reg 14 64bit mmio: [0xc8000000-0xc8001fff]
[    0.194846] pci 0000:00:0f.0: reg 10 io port: [0x10d0-0x10df]
[    0.194886] pci 0000:00:0f.0: reg 14 32bit mmio pref: [0xd0000000-0xd7ffffff]
[    0.194926] pci 0000:00:0f.0: reg 18 32bit mmio: [0xc8800000-0xc8ffffff]
[    0.195078] pci 0000:00:0f.0: reg 30 32bit mmio pref: [0x000000-0x007fff]
[    0.195640] pci 0000:00:10.0: reg 10 io port: [0x1400-0x14ff]
[    0.196011] pci 0000:00:10.0: reg 14 64bit mmio: [0xc8040000-0xc805ffff]
[    0.196367] pci 0000:00:10.0: reg 1c 64bit mmio: [0xc8020000-0xc803ffff]
[    0.196445] pci 0000:00:10.0: reg 30 32bit mmio pref: [0x000000-0x003fff]
[    0.197919] pci 0000:00:15.0: PME# supported from D0 D3hot D3cold
[    0.197940] pci 0000:00:15.0: PME# disabled
[    0.198884] pci 0000:00:15.1: PME# supported from D0 D3hot D3cold
[    0.198905] pci 0000:00:15.1: PME# disabled
[    0.199839] pci 0000:00:15.2: PME# supported from D0 D3hot D3cold
[    0.199860] pci 0000:00:15.2: PME# disabled
[    0.200794] pci 0000:00:15.3: PME# supported from D0 D3hot D3cold
[    0.200815] pci 0000:00:15.3: PME# disabled
[    0.201740] pci 0000:00:15.4: PME# supported from D0 D3hot D3cold
[    0.201761] pci 0000:00:15.4: PME# disabled
[    0.202687] pci 0000:00:15.5: PME# supported from D0 D3hot D3cold
[    0.202708] pci 0000:00:15.5: PME# disabled
[    0.203633] pci 0000:00:15.6: PME# supported from D0 D3hot D3cold
[    0.203653] pci 0000:00:15.6: PME# disabled
[    0.204587] pci 0000:00:15.7: PME# supported from D0 D3hot D3cold
[    0.204607] pci 0000:00:15.7: PME# disabled
[    0.205553] pci 0000:00:16.0: PME# supported from D0 D3hot D3cold
[    0.205574] pci 0000:00:16.0: PME# disabled
[    0.206472] pci 0000:00:16.1: PME# supported from D0 D3hot D3cold
[    0.206493] pci 0000:00:16.1: PME# disabled
[    0.207412] pci 0000:00:16.2: PME# supported from D0 D3hot D3cold
[    0.207433] pci 0000:00:16.2: PME# disabled
[    0.208367] pci 0000:00:16.3: PME# supported from D0 D3hot D3cold
[    0.208388] pci 0000:00:16.3: PME# disabled
[    0.209306] pci 0000:00:16.4: PME# supported from D0 D3hot D3cold
[    0.209327] pci 0000:00:16.4: PME# disabled
[    0.210280] pci 0000:00:16.5: PME# supported from D0 D3hot D3cold
[    0.210301] pci 0000:00:16.5: PME# disabled
[    0.211232] pci 0000:00:16.6: PME# supported from D0 D3hot D3cold
[    0.211253] pci 0000:00:16.6: PME# disabled
[    0.212190] pci 0000:00:16.7: PME# supported from D0 D3hot D3cold
[    0.212211] pci 0000:00:16.7: PME# disabled
[    0.213129] pci 0000:00:17.0: PME# supported from D0 D3hot D3cold
[    0.213150] pci 0000:00:17.0: PME# disabled
[    0.214075] pci 0000:00:17.1: PME# supported from D0 D3hot D3cold
[    0.214095] pci 0000:00:17.1: PME# disabled
[    0.215013] pci 0000:00:17.2: PME# supported from D0 D3hot D3cold
[    0.215034] pci 0000:00:17.2: PME# disabled
[    0.215976] pci 0000:00:17.3: PME# supported from D0 D3hot D3cold
[    0.215998] pci 0000:00:17.3: PME# disabled
[    0.216922] pci 0000:00:17.4: PME# supported from D0 D3hot D3cold
[    0.216943] pci 0000:00:17.4: PME# disabled
[    0.217870] pci 0000:00:17.5: PME# supported from D0 D3hot D3cold
[    0.217891] pci 0000:00:17.5: PME# disabled
[    0.218817] pci 0000:00:17.6: PME# supported from D0 D3hot D3cold
[    0.218838] pci 0000:00:17.6: PME# disabled
[    0.219786] pci 0000:00:17.7: PME# supported from D0 D3hot D3cold
[    0.219807] pci 0000:00:17.7: PME# disabled
[    0.220737] pci 0000:00:18.0: PME# supported from D0 D3hot D3cold
[    0.220758] pci 0000:00:18.0: PME# disabled
[    0.221711] pci 0000:00:18.1: PME# supported from D0 D3hot D3cold
[    0.221732] pci 0000:00:18.1: PME# disabled
[    0.222654] pci 0000:00:18.2: PME# supported from D0 D3hot D3cold
[    0.222675] pci 0000:00:18.2: PME# disabled
[    0.223600] pci 0000:00:18.3: PME# supported from D0 D3hot D3cold
[    0.223621] pci 0000:00:18.3: PME# disabled
[    0.224556] pci 0000:00:18.4: PME# supported from D0 D3hot D3cold
[    0.224577] pci 0000:00:18.4: PME# disabled
[    0.225491] pci 0000:00:18.5: PME# supported from D0 D3hot D3cold
[    0.225514] pci 0000:00:18.5: PME# disabled
[    0.226422] pci 0000:00:18.6: PME# supported from D0 D3hot D3cold
[    0.226443] pci 0000:00:18.6: PME# disabled
[    0.227367] pci 0000:00:18.7: PME# supported from D0 D3hot D3cold
[    0.227388] pci 0000:00:18.7: PME# disabled
[    0.228559] pci 0000:02:00.0: reg 20 io port: [0x20c0-0x20df]
[    0.229052] pci 0000:02:01.0: reg 10 io port: [0x2000-0x207f]
[    0.229279] pci 0000:02:01.0: reg 30 32bit mmio pref: [0x000000-0x00ffff]
[    0.229860] pci 0000:02:02.0: reg 10 io port: [0x2080-0x20bf]
[    0.230495] pci 0000:02:03.0: reg 10 32bit mmio: [0xc9000000-0xc9000fff]
[    0.231093] pci 0000:00:11.0: transparent bridge
[    0.231114] pci 0000:00:11.0: bridge io port: [0x2000-0x3fff]
[    0.231135] pci 0000:00:11.0: bridge 32bit mmio: [0xc9000000-0xca3fffff]
[    0.231175] pci 0000:00:11.0: bridge 64bit mmio pref: [0xd8400000-0xd89fffff]
[    0.231575] pci 0000:00:15.0: bridge io port: [0x4000-0x4fff]
[    0.231596] pci 0000:00:15.0: bridge 32bit mmio: [0xca400000-0xca4fffff]
[    0.231647] pci 0000:00:15.0: bridge 64bit mmio pref: [0xd8a00000-0xd8afffff]
[    0.232025] pci 0000:00:15.1: bridge io port: [0x8000-0x8fff]
[    0.232046] pci 0000:00:15.1: bridge 32bit mmio: [0xca800000-0xca8fffff]
[    0.232087] pci 0000:00:15.1: bridge 64bit mmio pref: [0xd8e00000-0xd8efffff]
[    0.232483] pci 0000:00:15.2: bridge io port: [0xc000-0xcfff]
[    0.232506] pci 0000:00:15.2: bridge 32bit mmio: [0xcac00000-0xcacfffff]
[    0.232556] pci 0000:00:15.2: bridge 64bit mmio pref: [0xd9200000-0xd92fffff]
[    0.232956] pci 0000:00:15.3: bridge 32bit mmio: [0xcb000000-0xcb0fffff]
[    0.232996] pci 0000:00:15.3: bridge 64bit mmio pref: [0xd9600000-0xd96fffff]
[    0.233390] pci 0000:00:15.4: bridge 32bit mmio: [0xcb400000-0xcb4fffff]
[    0.233429] pci 0000:00:15.4: bridge 64bit mmio pref: [0xd9a00000-0xd9afffff]
[    0.233849] pci 0000:00:15.5: bridge 32bit mmio: [0xcb800000-0xcb8fffff]
[    0.233889] pci 0000:00:15.5: bridge 64bit mmio pref: [0xd9e00000-0xd9efffff]
[    0.234282] pci 0000:00:15.6: bridge 32bit mmio: [0xcbc00000-0xcbcfffff]
[    0.234322] pci 0000:00:15.6: bridge 64bit mmio pref: [0xda200000-0xda2fffff]
[    0.234744] pci 0000:00:15.7: bridge 32bit mmio: [0xcc000000-0xcc0fffff]
[    0.234784] pci 0000:00:15.7: bridge 64bit mmio pref: [0xda600000-0xda6fffff]
[    0.235160] pci 0000:00:16.0: bridge io port: [0x5000-0x5fff]
[    0.235181] pci 0000:00:16.0: bridge 32bit mmio: [0xca500000-0xca5fffff]
[    0.235220] pci 0000:00:16.0: bridge 64bit mmio pref: [0xd8b00000-0xd8bfffff]
[    0.235615] pci 0000:00:16.1: bridge io port: [0x9000-0x9fff]
[    0.235645] pci 0000:00:16.1: bridge 32bit mmio: [0xca900000-0xca9fffff]
[    0.235685] pci 0000:00:16.1: bridge 64bit mmio pref: [0xd8f00000-0xd8ffffff]
[    0.236061] pci 0000:00:16.2: bridge io port: [0xd000-0xdfff]
[    0.236082] pci 0000:00:16.2: bridge 32bit mmio: [0xcad00000-0xcadfffff]
[    0.236121] pci 0000:00:16.2: bridge 64bit mmio pref: [0xd9300000-0xd93fffff]
[    0.236537] pci 0000:00:16.3: bridge 32bit mmio: [0xcb100000-0xcb1fffff]
[    0.236586] pci 0000:00:16.3: bridge 64bit mmio pref: [0xd9700000-0xd97fffff]
[    0.236981] pci 0000:00:16.4: bridge 32bit mmio: [0xcb500000-0xcb5fffff]
[    0.237021] pci 0000:00:16.4: bridge 64bit mmio pref: [0xd9b00000-0xd9bfffff]
[    0.237414] pci 0000:00:16.5: bridge 32bit mmio: [0xcb900000-0xcb9fffff]
[    0.237470] pci 0000:00:16.5: bridge 64bit mmio pref: [0xd9f00000-0xd9ffffff]
[    0.237933] pci 0000:00:16.6: bridge 32bit mmio: [0xcbd00000-0xcbdfffff]
[    0.237982] pci 0000:00:16.6: bridge 64bit mmio pref: [0xda300000-0xda3fffff]
[    0.238377] pci 0000:00:16.7: bridge 32bit mmio: [0xcc100000-0xcc1fffff]
[    0.238416] pci 0000:00:16.7: bridge 64bit mmio pref: [0xda700000-0xda7fffff]
[    0.238839] pci 0000:00:17.0: bridge io port: [0x6000-0x6fff]
[    0.238860] pci 0000:00:17.0: bridge 32bit mmio: [0xca600000-0xca6fffff]
[    0.238900] pci 0000:00:17.0: bridge 64bit mmio pref: [0xd8c00000-0xd8cfffff]
[    0.239274] pci 0000:00:17.1: bridge io port: [0xa000-0xafff]
[    0.239295] pci 0000:00:17.1: bridge 32bit mmio: [0xcaa00000-0xcaafffff]
[    0.239335] pci 0000:00:17.1: bridge 64bit mmio pref: [0xd9000000-0xd90fffff]
[    0.239746] pci 0000:00:17.2: bridge io port: [0xe000-0xefff]
[    0.239767] pci 0000:00:17.2: bridge 32bit mmio: [0xcae00000-0xcaefffff]
[    0.239807] pci 0000:00:17.2: bridge 64bit mmio pref: [0xd9400000-0xd94fffff]
[    0.240203] pci 0000:00:17.3: bridge 32bit mmio: [0xcb200000-0xcb2fffff]
[    0.240243] pci 0000:00:17.3: bridge 64bit mmio pref: [0xd9800000-0xd98fffff]
[    0.240659] pci 0000:00:17.4: bridge 32bit mmio: [0xcb600000-0xcb6fffff]
[    0.240699] pci 0000:00:17.4: bridge 64bit mmio pref: [0xd9c00000-0xd9cfffff]
[    0.241093] pci 0000:00:17.5: bridge 32bit mmio: [0xcba00000-0xcbafffff]
[    0.241133] pci 0000:00:17.5: bridge 64bit mmio pref: [0xda000000-0xda0fffff]
[    0.241559] pci 0000:00:17.6: bridge 32bit mmio: [0xcbe00000-0xcbefffff]
[    0.241599] pci 0000:00:17.6: bridge 64bit mmio pref: [0xda400000-0xda4fffff]
[    0.241994] pci 0000:00:17.7: bridge 32bit mmio: [0xcc200000-0xcc2fffff]
[    0.242033] pci 0000:00:17.7: bridge 64bit mmio pref: [0xda800000-0xda8fffff]
[    0.242408] pci 0000:00:18.0: bridge io port: [0x7000-0x7fff]
[    0.242429] pci 0000:00:18.0: bridge 32bit mmio: [0xca700000-0xca7fffff]
[    0.242487] pci 0000:00:18.0: bridge 64bit mmio pref: [0xd8d00000-0xd8dfffff]
[    0.242874] pci 0000:00:18.1: bridge io port: [0xb000-0xbfff]
[    0.242895] pci 0000:00:18.1: bridge 32bit mmio: [0xcab00000-0xcabfffff]
[    0.242935] pci 0000:00:18.1: bridge 64bit mmio pref: [0xd9100000-0xd91fffff]
[    0.243310] pci 0000:00:18.2: bridge io port: [0xf000-0xffff]
[    0.243331] pci 0000:00:18.2: bridge 32bit mmio: [0xcaf00000-0xcaffffff]
[    0.243371] pci 0000:00:18.2: bridge 64bit mmio pref: [0xd9500000-0xd95fffff]
[    0.243793] pci 0000:00:18.3: bridge 32bit mmio: [0xcb300000-0xcb3fffff]
[    0.243832] pci 0000:00:18.3: bridge 64bit mmio pref: [0xd9900000-0xd99fffff]
[    0.244229] pci 0000:00:18.4: bridge 32bit mmio: [0xcb700000-0xcb7fffff]
[    0.244269] pci 0000:00:18.4: bridge 64bit mmio pref: [0xd9d00000-0xd9dfffff]
[    0.244690] pci 0000:00:18.5: bridge 32bit mmio: [0xcbb00000-0xcbbfffff]
[    0.244730] pci 0000:00:18.5: bridge 64bit mmio pref: [0xda100000-0xda1fffff]
[    0.245125] pci 0000:00:18.6: bridge 32bit mmio: [0xcbf00000-0xcbffffff]
[    0.245164] pci 0000:00:18.6: bridge 64bit mmio pref: [0xda500000-0xda5fffff]
[    0.245585] pci 0000:00:18.7: bridge 32bit mmio: [0xcc300000-0xcc3fffff]
[    0.245625] pci 0000:00:18.7: bridge 64bit mmio pref: [0xda900000-0xda9fffff]
[    0.247192] pci_bus 0000:00: on NUMA node 0
[    0.247199] ACPI: PCI Interrupt Routing Table [\_SB_.PCI0._PRT]
[    0.466406] ACPI: PCI Interrupt Link [LNKA] (IRQs 3 4 5 6 7 *9 10 11 14 15)
[    0.466556] ACPI: PCI Interrupt Link [LNKB] (IRQs 3 4 5 6 7 9 10 *11 14 15)
[    0.466702] ACPI: PCI Interrupt Link [LNKC] (IRQs 3 4 5 6 7 9 *10 11 14 15)
[    0.466846] ACPI: PCI Interrupt Link [LNKD] (IRQs 3 4 *5 6 7 9 10 11 14 15)
[    0.466978] vgaarb: device added: PCI:0000:00:0f.0,decodes=io+mem,owns=io+mem,locks=none
[    0.466987] vgaarb: loaded
[    0.467072] SCSI subsystem initialized
[    0.467126] libata version 3.00 loaded.
[    0.467180] usbcore: registered new interface driver usbfs
[    0.467192] usbcore: registered new interface driver hub
[    0.467218] usbcore: registered new device driver usb
[    0.467283] PCI: Using ACPI for IRQ routing
[    0.468311] NetLabel: Initializing
[    0.468313] NetLabel:  domain hash size = 128
[    0.468313] NetLabel:  protocols = UNLABELED CIPSOv4
[    0.468320] NetLabel:  unlabeled traffic allowed by default
[    0.468373] hpet0: at MMIO 0xfed00000, IRQs 2, 8, 0, 0, 0, 0, 0, 0, 0, 0, 0, 0, 0, 0, 0, 0
[    0.468379] hpet0: 16 comparators, 64-bit 14.318180 MHz counter
[    0.470404] Switching to clocksource tsc
[    0.477419] pnp: PnP ACPI init
[    0.477429] ACPI: bus type pnp registered
[    0.520842] pnp: PnP ACPI: found 14 devices
[    0.520844] ACPI: ACPI bus type pnp unregistered
[    0.520847] PnPBIOS: Disabled by ACPI PNP
[    0.520857] system 00:01: ioport range 0x1000-0x103f has been reserved
[    0.520859] system 00:01: ioport range 0x1040-0x104f has been reserved
[    0.520860] system 00:01: ioport range 0xcf0-0xcf1 has been reserved
[    0.520866] system 00:08: iomem range 0xfed00000-0xfed003ff has been reserved
[    0.520870] system 00:0d: ioport range 0x1060-0x107f has been reserved
[    0.520872] system 00:0d: iomem range 0xe0000000-0xefffffff has been reserved
[    0.520873] system 00:0d: iomem range 0xc8200000-0xc83fffff has been reserved
[    0.555551] pci 0000:00:15.3: BAR 13: can't allocate I/O resource [0x10000-0xffff]
[    0.555555] pci 0000:00:15.4: BAR 13: can't allocate I/O resource [0x10000-0xffff]
[    0.555558] pci 0000:00:15.5: BAR 13: can't allocate I/O resource [0x10000-0xffff]
[    0.555561] pci 0000:00:15.6: BAR 13: can't allocate I/O resource [0x10000-0xffff]
[    0.555563] pci 0000:00:15.7: BAR 13: can't allocate I/O resource [0x10000-0xffff]
[    0.555566] pci 0000:00:16.3: BAR 13: can't allocate I/O resource [0x10000-0xffff]
[    0.555568] pci 0000:00:16.4: BAR 13: can't allocate I/O resource [0x10000-0xffff]
[    0.555571] pci 0000:00:16.5: BAR 13: can't allocate I/O resource [0x10000-0xffff]
[    0.555574] pci 0000:00:16.6: BAR 13: can't allocate I/O resource [0x10000-0xffff]
[    0.555576] pci 0000:00:16.7: BAR 13: can't allocate I/O resource [0x10000-0xffff]
[    0.555579] pci 0000:00:17.3: BAR 13: can't allocate I/O resource [0x10000-0xffff]
[    0.555582] pci 0000:00:17.4: BAR 13: can't allocate I/O resource [0x10000-0xffff]
[    0.555584] pci 0000:00:17.5: BAR 13: can't allocate I/O resource [0x10000-0xffff]
[    0.555587] pci 0000:00:17.6: BAR 13: can't allocate I/O resource [0x10000-0xffff]
[    0.555590] pci 0000:00:17.7: BAR 13: can't allocate I/O resource [0x10000-0xffff]
[    0.555592] pci 0000:00:18.3: BAR 13: can't allocate I/O resource [0x10000-0xffff]
[    0.555595] pci 0000:00:18.4: BAR 13: can't allocate I/O resource [0x10000-0xffff]
[    0.555597] pci 0000:00:18.5: BAR 13: can't allocate I/O resource [0x10000-0xffff]
[    0.555600] pci 0000:00:18.6: BAR 13: can't allocate I/O resource [0x10000-0xffff]
[    0.555603] pci 0000:00:18.7: BAR 13: can't allocate I/O resource [0x10000-0xffff]
[    0.555605] pci 0000:00:01.0: PCI bridge, secondary bus 0000:01
[    0.555607] pci 0000:00:01.0:   IO window: disabled
[    0.555638] pci 0000:00:01.0:   MEM window: disabled
[    0.555659] pci 0000:00:01.0:   PREFETCH window: disabled
[    0.555701] pci 0000:00:11.0: PCI bridge, secondary bus 0000:02
[    0.555713] pci 0000:00:11.0:   IO window: 0x2000-0x3fff
[    0.555744] pci 0000:00:11.0:   MEM window: 0xc9000000-0xca3fffff
[    0.555766] pci 0000:00:11.0:   PREFETCH window: 0x000000d8400000-0x000000d89fffff
[    0.555806] pci 0000:00:15.0: PCI bridge, secondary bus 0000:03
[    0.555818] pci 0000:00:15.0:   IO window: 0x4000-0x4fff
[    0.555849] pci 0000:00:15.0:   MEM window: 0xca400000-0xca4fffff
[    0.555870] pci 0000:00:15.0:   PREFETCH window: 0x000000d8a00000-0x000000d8afffff
[    0.555923] pci 0000:00:15.1: PCI bridge, secondary bus 0000:04
[    0.555935] pci 0000:00:15.1:   IO window: 0x8000-0x8fff
[    0.555966] pci 0000:00:15.1:   MEM window: 0xca800000-0xca8fffff
[    0.555987] pci 0000:00:15.1:   PREFETCH window: 0x000000d8e00000-0x000000d8efffff
[    0.556032] pci 0000:00:15.2: PCI bridge, secondary bus 0000:05
[    0.556045] pci 0000:00:15.2:   IO window: 0xc000-0xcfff
[    0.556075] pci 0000:00:15.2:   MEM window: 0xcac00000-0xcacfffff
[    0.556097] pci 0000:00:15.2:   PREFETCH window: 0x000000d9200000-0x000000d92fffff
[    0.556141] pci 0000:00:15.3: PCI bridge, secondary bus 0000:06
[    0.556143] pci 0000:00:15.3:   IO window: disabled
[    0.556174] pci 0000:00:15.3:   MEM window: 0xcb000000-0xcb0fffff
[    0.556195] pci 0000:00:15.3:   PREFETCH window: 0x000000d9600000-0x000000d96fffff
[    0.556239] pci 0000:00:15.4: PCI bridge, secondary bus 0000:07
[    0.556241] pci 0000:00:15.4:   IO window: disabled
[    0.556272] pci 0000:00:15.4:   MEM window: 0xcb400000-0xcb4fffff
[    0.556293] pci 0000:00:15.4:   PREFETCH window: 0x000000d9a00000-0x000000d9afffff
[    0.556338] pci 0000:00:15.5: PCI bridge, secondary bus 0000:08
[    0.556339] pci 0000:00:15.5:   IO window: disabled
[    0.556380] pci 0000:00:15.5:   MEM window: 0xcb800000-0xcb8fffff
[    0.556412] pci 0000:00:15.5:   PREFETCH window: 0x000000d9e00000-0x000000d9efffff
[    0.556467] pci 0000:00:15.6: PCI bridge, secondary bus 0000:09
[    0.556469] pci 0000:00:15.6:   IO window: disabled
[    0.556500] pci 0000:00:15.6:   MEM window: 0xcbc00000-0xcbcfffff
[    0.556521] pci 0000:00:15.6:   PREFETCH window: 0x000000da200000-0x000000da2fffff
[    0.556565] pci 0000:00:15.7: PCI bridge, secondary bus 0000:0a
[    0.556567] pci 0000:00:15.7:   IO window: disabled
[    0.556598] pci 0000:00:15.7:   MEM window: 0xcc000000-0xcc0fffff
[    0.556619] pci 0000:00:15.7:   PREFETCH window: 0x000000da600000-0x000000da6fffff
[    0.556663] pci 0000:00:16.0: PCI bridge, secondary bus 0000:0b
[    0.556675] pci 0000:00:16.0:   IO window: 0x5000-0x5fff
[    0.556706] pci 0000:00:16.0:   MEM window: 0xca500000-0xca5fffff
[    0.556728] pci 0000:00:16.0:   PREFETCH window: 0x000000d8b00000-0x000000d8bfffff
[    0.556772] pci 0000:00:16.1: PCI bridge, secondary bus 0000:0c
[    0.556784] pci 0000:00:16.1:   IO window: 0x9000-0x9fff
[    0.556815] pci 0000:00:16.1:   MEM window: 0xca900000-0xca9fffff
[    0.556836] pci 0000:00:16.1:   PREFETCH window: 0x000000d8f00000-0x000000d8ffffff
[    0.556880] pci 0000:00:16.2: PCI bridge, secondary bus 0000:0d
[    0.556893] pci 0000:00:16.2:   IO window: 0xd000-0xdfff
[    0.556924] pci 0000:00:16.2:   MEM window: 0xcad00000-0xcadfffff
[    0.556945] pci 0000:00:16.2:   PREFETCH window: 0x000000d9300000-0x000000d93fffff
[    0.556989] pci 0000:00:16.3: PCI bridge, secondary bus 0000:0e
[    0.556991] pci 0000:00:16.3:   IO window: disabled
[    0.557021] pci 0000:00:16.3:   MEM window: 0xcb100000-0xcb1fffff
[    0.557043] pci 0000:00:16.3:   PREFETCH window: 0x000000d9700000-0x000000d97fffff
[    0.557087] pci 0000:00:16.4: PCI bridge, secondary bus 0000:0f
[    0.557088] pci 0000:00:16.4:   IO window: disabled
[    0.557119] pci 0000:00:16.4:   MEM window: 0xcb500000-0xcb5fffff
[    0.557141] pci 0000:00:16.4:   PREFETCH window: 0x000000d9b00000-0x000000d9bfffff
[    0.557185] pci 0000:00:16.5: PCI bridge, secondary bus 0000:10
[    0.557187] pci 0000:00:16.5:   IO window: disabled
[    0.557217] pci 0000:00:16.5:   MEM window: 0xcb900000-0xcb9fffff
[    0.557239] pci 0000:00:16.5:   PREFETCH window: 0x000000d9f00000-0x000000d9ffffff
[    0.557283] pci 0000:00:16.6: PCI bridge, secondary bus 0000:11
[    0.557284] pci 0000:00:16.6:   IO window: disabled
[    0.557315] pci 0000:00:16.6:   MEM window: 0xcbd00000-0xcbdfffff
[    0.557337] pci 0000:00:16.6:   PREFETCH window: 0x000000da300000-0x000000da3fffff
[    0.557400] pci 0000:00:16.7: PCI bridge, secondary bus 0000:12
[    0.557402] pci 0000:00:16.7:   IO window: disabled
[    0.557435] pci 0000:00:16.7:   MEM window: 0xcc100000-0xcc1fffff
[    0.557458] pci 0000:00:16.7:   PREFETCH window: 0x000000da700000-0x000000da7fffff
[    0.557505] pci 0000:00:17.0: PCI bridge, secondary bus 0000:13
[    0.557526] pci 0000:00:17.0:   IO window: 0x6000-0x6fff
[    0.557557] pci 0000:00:17.0:   MEM window: 0xca600000-0xca6fffff
[    0.557579] pci 0000:00:17.0:   PREFETCH window: 0x000000d8c00000-0x000000d8cfffff
[    0.557623] pci 0000:00:17.1: PCI bridge, secondary bus 0000:14
[    0.557635] pci 0000:00:17.1:   IO window: 0xa000-0xafff
[    0.557666] pci 0000:00:17.1:   MEM window: 0xcaa00000-0xcaafffff
[    0.557687] pci 0000:00:17.1:   PREFETCH window: 0x000000d9000000-0x000000d90fffff
[    0.557731] pci 0000:00:17.2: PCI bridge, secondary bus 0000:15
[    0.557743] pci 0000:00:17.2:   IO window: 0xe000-0xefff
[    0.557774] pci 0000:00:17.2:   MEM window: 0xcae00000-0xcaefffff
[    0.557796] pci 0000:00:17.2:   PREFETCH window: 0x000000d9400000-0x000000d94fffff
[    0.557840] pci 0000:00:17.3: PCI bridge, secondary bus 0000:16
[    0.557841] pci 0000:00:17.3:   IO window: disabled
[    0.557872] pci 0000:00:17.3:   MEM window: 0xcb200000-0xcb2fffff
[    0.557894] pci 0000:00:17.3:   PREFETCH window: 0x000000d9800000-0x000000d98fffff
[    0.557938] pci 0000:00:17.4: PCI bridge, secondary bus 0000:17
[    0.557939] pci 0000:00:17.4:   IO window: disabled
[    0.557970] pci 0000:00:17.4:   MEM window: 0xcb600000-0xcb6fffff
[    0.557992] pci 0000:00:17.4:   PREFETCH window: 0x000000d9c00000-0x000000d9cfffff
[    0.558036] pci 0000:00:17.5: PCI bridge, secondary bus 0000:18
[    0.558037] pci 0000:00:17.5:   IO window: disabled
[    0.558068] pci 0000:00:17.5:   MEM window: 0xcba00000-0xcbafffff
[    0.558089] pci 0000:00:17.5:   PREFETCH window: 0x000000da000000-0x000000da0fffff
[    0.558133] pci 0000:00:17.6: PCI bridge, secondary bus 0000:19
[    0.558135] pci 0000:00:17.6:   IO window: disabled
[    0.558166] pci 0000:00:17.6:   MEM window: 0xcbe00000-0xcbefffff
[    0.558187] pci 0000:00:17.6:   PREFETCH window: 0x000000da400000-0x000000da4fffff
[    0.558231] pci 0000:00:17.7: PCI bridge, secondary bus 0000:1a
[    0.558233] pci 0000:00:17.7:   IO window: disabled
[    0.558264] pci 0000:00:17.7:   MEM window: 0xcc200000-0xcc2fffff
[    0.558285] pci 0000:00:17.7:   PREFETCH window: 0x000000da800000-0x000000da8fffff
[    0.558343] pci 0000:00:18.0: PCI bridge, secondary bus 0000:1b
[    0.558355] pci 0000:00:18.0:   IO window: 0x7000-0x7fff
[    0.558397] pci 0000:00:18.0:   MEM window: 0xca700000-0xca7fffff
[    0.558428] pci 0000:00:18.0:   PREFETCH window: 0x000000d8d00000-0x000000d8dfffff
[    0.558472] pci 0000:00:18.1: PCI bridge, secondary bus 0000:1c
[    0.558485] pci 0000:00:18.1:   IO window: 0xb000-0xbfff
[    0.558515] pci 0000:00:18.1:   MEM window: 0xcab00000-0xcabfffff
[    0.558537] pci 0000:00:18.1:   PREFETCH window: 0x000000d9100000-0x000000d91fffff
[    0.558581] pci 0000:00:18.2: PCI bridge, secondary bus 0000:1d
[    0.558593] pci 0000:00:18.2:   IO window: 0xf000-0xffff
[    0.558624] pci 0000:00:18.2:   MEM window: 0xcaf00000-0xcaffffff
[    0.558645] pci 0000:00:18.2:   PREFETCH window: 0x000000d9500000-0x000000d95fffff
[    0.558690] pci 0000:00:18.3: PCI bridge, secondary bus 0000:1e
[    0.558691] pci 0000:00:18.3:   IO window: disabled
[    0.558722] pci 0000:00:18.3:   MEM window: 0xcb300000-0xcb3fffff
[    0.558743] pci 0000:00:18.3:   PREFETCH window: 0x000000d9900000-0x000000d99fffff
[    0.558787] pci 0000:00:18.4: PCI bridge, secondary bus 0000:1f
[    0.558789] pci 0000:00:18.4:   IO window: disabled
[    0.558820] pci 0000:00:18.4:   MEM window: 0xcb700000-0xcb7fffff
[    0.558841] pci 0000:00:18.4:   PREFETCH window: 0x000000d9d00000-0x000000d9dfffff
[    0.558885] pci 0000:00:18.5: PCI bridge, secondary bus 0000:20
[    0.558887] pci 0000:00:18.5:   IO window: disabled
[    0.558918] pci 0000:00:18.5:   MEM window: 0xcbb00000-0xcbbfffff
[    0.558939] pci 0000:00:18.5:   PREFETCH window: 0x000000da100000-0x000000da1fffff
[    0.558983] pci 0000:00:18.6: PCI bridge, secondary bus 0000:21
[    0.558985] pci 0000:00:18.6:   IO window: disabled
[    0.559016] pci 0000:00:18.6:   MEM window: 0xcbf00000-0xcbffffff
[    0.559037] pci 0000:00:18.6:   PREFETCH window: 0x000000da500000-0x000000da5fffff
[    0.559081] pci 0000:00:18.7: PCI bridge, secondary bus 0000:22
[    0.559082] pci 0000:00:18.7:   IO window: disabled
[    0.559113] pci 0000:00:18.7:   MEM window: 0xcc300000-0xcc3fffff
[    0.559135] pci 0000:00:18.7:   PREFETCH window: 0x000000da900000-0x000000da9fffff
[    0.559211] pci 0000:00:01.0: setting latency timer to 64
[    0.559312] pci 0000:00:15.0: setting latency timer to 64
[    0.559400] pci 0000:00:15.1: setting latency timer to 64
[    0.559481] pci 0000:00:15.2: setting latency timer to 64
[    0.559551] pci 0000:00:15.3: setting latency timer to 64
[    0.559621] pci 0000:00:15.4: setting latency timer to 64
[    0.559690] pci 0000:00:15.5: setting latency timer to 64
[    0.559760] pci 0000:00:15.6: setting latency timer to 64
[    0.559830] pci 0000:00:15.7: setting latency timer to 64
[    0.559899] pci 0000:00:16.0: setting latency timer to 64
[    0.559969] pci 0000:00:16.1: setting latency timer to 64
[    0.560039] pci 0000:00:16.2: setting latency timer to 64
[    0.560109] pci 0000:00:16.3: setting latency timer to 64
[    0.560178] pci 0000:00:16.4: setting latency timer to 64
[    0.560248] pci 0000:00:16.5: setting latency timer to 64
[    0.560317] pci 0000:00:16.6: setting latency timer to 64
[    0.560406] pci 0000:00:16.7: setting latency timer to 64
[    0.560485] pci 0000:00:17.0: setting latency timer to 64
[    0.560554] pci 0000:00:17.1: setting latency timer to 64
[    0.560624] pci 0000:00:17.2: setting latency timer to 64
[    0.560693] pci 0000:00:17.3: setting latency timer to 64
[    0.560763] pci 0000:00:17.4: setting latency timer to 64
[    0.560833] pci 0000:00:17.5: setting latency timer to 64
[    0.560902] pci 0000:00:17.6: setting latency timer to 64
[    0.560972] pci 0000:00:17.7: setting latency timer to 64
[    0.561042] pci 0000:00:18.0: setting latency timer to 64
[    0.561111] pci 0000:00:18.1: setting latency timer to 64
[    0.561181] pci 0000:00:18.2: setting latency timer to 64
[    0.561251] pci 0000:00:18.3: setting latency timer to 64
[    0.561320] pci 0000:00:18.4: setting latency timer to 64
[    0.561402] pci 0000:00:18.5: setting latency timer to 64
[    0.561481] pci 0000:00:18.6: setting latency timer to 64
[    0.561551] pci 0000:00:18.7: setting latency timer to 64
[    0.561563] pci_bus 0000:00: resource 0 io:  [0x00-0xffff]
[    0.561565] pci_bus 0000:00: resource 1 mem: [0x000000-0xffffffffffffffff]
[    0.561568] pci_bus 0000:02: resource 0 io:  [0x2000-0x3fff]
[    0.561570] pci_bus 0000:02: resource 1 mem: [0xc9000000-0xca3fffff]
[    0.561571] pci_bus 0000:02: resource 2 pref mem [0xd8400000-0xd89fffff]
[    0.561573] pci_bus 0000:02: resource 3 io:  [0x00-0xffff]
[    0.561575] pci_bus 0000:02: resource 4 mem: [0x000000-0xffffffffffffffff]
[    0.561577] pci_bus 0000:03: resource 0 io:  [0x4000-0x4fff]
[    0.561579] pci_bus 0000:03: resource 1 mem: [0xca400000-0xca4fffff]
[    0.561581] pci_bus 0000:03: resource 2 pref mem [0xd8a00000-0xd8afffff]
[    0.561583] pci_bus 0000:04: resource 0 io:  [0x8000-0x8fff]
[    0.561584] pci_bus 0000:04: resource 1 mem: [0xca800000-0xca8fffff]
[    0.561586] pci_bus 0000:04: resource 2 pref mem [0xd8e00000-0xd8efffff]
[    0.561588] pci_bus 0000:05: resource 0 io:  [0xc000-0xcfff]
[    0.561590] pci_bus 0000:05: resource 1 mem: [0xcac00000-0xcacfffff]
[    0.561591] pci_bus 0000:05: resource 2 pref mem [0xd9200000-0xd92fffff]
[    0.561593] pci_bus 0000:06: resource 1 mem: [0xcb000000-0xcb0fffff]
[    0.561595] pci_bus 0000:06: resource 2 pref mem [0xd9600000-0xd96fffff]
[    0.561597] pci_bus 0000:07: resource 1 mem: [0xcb400000-0xcb4fffff]
[    0.561599] pci_bus 0000:07: resource 2 pref mem [0xd9a00000-0xd9afffff]
[    0.561601] pci_bus 0000:08: resource 1 mem: [0xcb800000-0xcb8fffff]
[    0.561602] pci_bus 0000:08: resource 2 pref mem [0xd9e00000-0xd9efffff]
[    0.561604] pci_bus 0000:09: resource 1 mem: [0xcbc00000-0xcbcfffff]
[    0.561606] pci_bus 0000:09: resource 2 pref mem [0xda200000-0xda2fffff]
[    0.561608] pci_bus 0000:0a: resource 1 mem: [0xcc000000-0xcc0fffff]
[    0.561610] pci_bus 0000:0a: resource 2 pref mem [0xda600000-0xda6fffff]
[    0.561612] pci_bus 0000:0b: resource 0 io:  [0x5000-0x5fff]
[    0.561613] pci_bus 0000:0b: resource 1 mem: [0xca500000-0xca5fffff]
[    0.561615] pci_bus 0000:0b: resource 2 pref mem [0xd8b00000-0xd8bfffff]
[    0.561617] pci_bus 0000:0c: resource 0 io:  [0x9000-0x9fff]
[    0.561619] pci_bus 0000:0c: resource 1 mem: [0xca900000-0xca9fffff]
[    0.561620] pci_bus 0000:0c: resource 2 pref mem [0xd8f00000-0xd8ffffff]
[    0.561622] pci_bus 0000:0d: resource 0 io:  [0xd000-0xdfff]
[    0.561624] pci_bus 0000:0d: resource 1 mem: [0xcad00000-0xcadfffff]
[    0.561626] pci_bus 0000:0d: resource 2 pref mem [0xd9300000-0xd93fffff]
[    0.561628] pci_bus 0000:0e: resource 1 mem: [0xcb100000-0xcb1fffff]
[    0.561629] pci_bus 0000:0e: resource 2 pref mem [0xd9700000-0xd97fffff]
[    0.561631] pci_bus 0000:0f: resource 1 mem: [0xcb500000-0xcb5fffff]
[    0.561633] pci_bus 0000:0f: resource 2 pref mem [0xd9b00000-0xd9bfffff]
[    0.561635] pci_bus 0000:10: resource 1 mem: [0xcb900000-0xcb9fffff]
[    0.561637] pci_bus 0000:10: resource 2 pref mem [0xd9f00000-0xd9ffffff]
[    0.561639] pci_bus 0000:11: resource 1 mem: [0xcbd00000-0xcbdfffff]
[    0.561640] pci_bus 0000:11: resource 2 pref mem [0xda300000-0xda3fffff]
[    0.561642] pci_bus 0000:12: resource 1 mem: [0xcc100000-0xcc1fffff]
[    0.561644] pci_bus 0000:12: resource 2 pref mem [0xda700000-0xda7fffff]
[    0.561646] pci_bus 0000:13: resource 0 io:  [0x6000-0x6fff]
[    0.561647] pci_bus 0000:13: resource 1 mem: [0xca600000-0xca6fffff]
[    0.561649] pci_bus 0000:13: resource 2 pref mem [0xd8c00000-0xd8cfffff]
[    0.561651] pci_bus 0000:14: resource 0 io:  [0xa000-0xafff]
[    0.561653] pci_bus 0000:14: resource 1 mem: [0xcaa00000-0xcaafffff]
[    0.561655] pci_bus 0000:14: resource 2 pref mem [0xd9000000-0xd90fffff]
[    0.561656] pci_bus 0000:15: resource 0 io:  [0xe000-0xefff]
[    0.561658] pci_bus 0000:15: resource 1 mem: [0xcae00000-0xcaefffff]
[    0.561660] pci_bus 0000:15: resource 2 pref mem [0xd9400000-0xd94fffff]
[    0.561662] pci_bus 0000:16: resource 1 mem: [0xcb200000-0xcb2fffff]
[    0.561664] pci_bus 0000:16: resource 2 pref mem [0xd9800000-0xd98fffff]
[    0.561665] pci_bus 0000:17: resource 1 mem: [0xcb600000-0xcb6fffff]
[    0.561667] pci_bus 0000:17: resource 2 pref mem [0xd9c00000-0xd9cfffff]
[    0.561669] pci_bus 0000:18: resource 1 mem: [0xcba00000-0xcbafffff]
[    0.561671] pci_bus 0000:18: resource 2 pref mem [0xda000000-0xda0fffff]
[    0.561673] pci_bus 0000:19: resource 1 mem: [0xcbe00000-0xcbefffff]
[    0.561675] pci_bus 0000:19: resource 2 pref mem [0xda400000-0xda4fffff]
[    0.561676] pci_bus 0000:1a: resource 1 mem: [0xcc200000-0xcc2fffff]
[    0.561678] pci_bus 0000:1a: resource 2 pref mem [0xda800000-0xda8fffff]
[    0.561680] pci_bus 0000:1b: resource 0 io:  [0x7000-0x7fff]
[    0.561682] pci_bus 0000:1b: resource 1 mem: [0xca700000-0xca7fffff]
[    0.561684] pci_bus 0000:1b: resource 2 pref mem [0xd8d00000-0xd8dfffff]
[    0.561685] pci_bus 0000:1c: resource 0 io:  [0xb000-0xbfff]
[    0.561687] pci_bus 0000:1c: resource 1 mem: [0xcab00000-0xcabfffff]
[    0.561689] pci_bus 0000:1c: resource 2 pref mem [0xd9100000-0xd91fffff]
[    0.561691] pci_bus 0000:1d: resource 0 io:  [0xf000-0xffff]
[    0.561692] pci_bus 0000:1d: resource 1 mem: [0xcaf00000-0xcaffffff]
[    0.561694] pci_bus 0000:1d: resource 2 pref mem [0xd9500000-0xd95fffff]
[    0.561696] pci_bus 0000:1e: resource 1 mem: [0xcb300000-0xcb3fffff]
[    0.561698] pci_bus 0000:1e: resource 2 pref mem [0xd9900000-0xd99fffff]
[    0.561700] pci_bus 0000:1f: resource 1 mem: [0xcb700000-0xcb7fffff]
[    0.561702] pci_bus 0000:1f: resource 2 pref mem [0xd9d00000-0xd9dfffff]
[    0.561703] pci_bus 0000:20: resource 1 mem: [0xcbb00000-0xcbbfffff]
[    0.561705] pci_bus 0000:20: resource 2 pref mem [0xda100000-0xda1fffff]
[    0.561707] pci_bus 0000:21: resource 1 mem: [0xcbf00000-0xcbffffff]
[    0.561709] pci_bus 0000:21: resource 2 pref mem [0xda500000-0xda5fffff]
[    0.561711] pci_bus 0000:22: resource 1 mem: [0xcc300000-0xcc3fffff]
[    0.561713] pci_bus 0000:22: resource 2 pref mem [0xda900000-0xda9fffff]
[    0.561736] NET: Registered protocol family 2
[    0.561753] RANDOM - __random32 called. Change num 7.  Value: 647ba296	db0e5c1d	6de96f10
[    0.561755] RANDOM - random32 called.  Value: 647ba296	db0e5c1d	6de96f10
[    0.561762] random 0000 0000 0000 00000000 00000000: rand_read_num 2 get_random_bytes(4): sig fffffe1a 00000000 00000000
[    0.561764] random 0000 0000 0000 00000000 00000000: extract_entropy(.. 4 ..)
[    0.561767] random 0000 0000 0000 00000000 00000000: going to reseed nonblocking with 64 bits (32 of 0 requested)
[    0.561769] random 0000 0000 0000 00000000 00000000: extract_entropy(.. 8 ..)
[    0.561771] random 0000 0000 0000 00000000 00000000: trying to extract 64 bits from input
[    0.561773] random 0000 0000 0000 00000000 00000000: debiting 0 entropy credits from input
[    0.561775] random 0000 0000 0000 00000000 00000000: extract_entropy account returned: 0 
[    0.561778] random 0000 0000 0000 00000000 00000000: urand_change_num 3 xfer_secondary_pool(4): pool_sig fffffe1a, data_sig 00000000, bytes_mixed 0 00000000 00000000
[    0.561781] random 0000 0000 0000 00000000 00000000: trying to extract 32 bits from nonblocking
[    0.561783] random 0000 0000 0000 00000000 00000000: debiting 32 entropy credits from nonblocking (unlimited)
[    0.561785] random 0000 0000 0000 00000000 00000000: extract_entropy account returned: 4 
[    0.561789] random 0000 0000 0000 00000000 00000000: urand_change_num 4 extract_buf: pool_sig fffffe1a, data_sig fffffed7, bytes_mixed 20 00000000 00000000
[    0.561817] IP route cache hash table entries: 32768 (order: 5, 131072 bytes)
[    0.561923] RANDOM - __random32 called. Change num 8.  Value: ba296205	b0e5c1db	de205442
[    0.561925] RANDOM - random32 called.  Value: ba296205	b0e5c1db	de205442
[    0.561982] RANDOM - __random32 called. Change num 9.  Value: 962052cd	e5c1db9	a885e45e
[    0.561984] RANDOM - random32 called.  Value: 962052cd	e5c1db9	a885e45e
[    0.561987] RANDOM - __random32 called. Change num 10.  Value: 52cd38f	e5c1db9b	c8bd9558
[    0.561989] RANDOM - random32 called.  Value: 52cd38f	e5c1db9b	c8bd9558
[    0.562010] RANDOM - __random32 called. Change num 11.  Value: cd38f3eb	5c1db9b9	2ab1aa27
[    0.562012] RANDOM - random32 called.  Value: cd38f3eb	5c1db9b9	2ab1aa27
[    0.562023] TCP established hash table entries: 131072 (order: 8, 1048576 bytes)
[    0.562056] TCP bind hash table entries: 65536 (order: 7, 524288 bytes)
[    0.562420] TCP: Hash tables configured (established 131072 bind 65536)
[    0.562423] TCP reno registered
[    0.562459] NET: Registered protocol family 1
[    0.562468] pci 0000:00:00.0: Limiting direct PCI/PCI transfers
[    0.562488] pci 0000:00:0f.0: Boot video device
[    0.562682] Trying to unpack rootfs image as initramfs...
[    1.640784] Freeing initrd memory: 83430k freed
[    1.644798] Simple Boot Flag at 0x36 set to 0x1
[    1.644843] cpufreq-nforce2: No nForce2 chipset.
[    1.644856] Scanning for low memory corruption every 60 seconds
[    1.644971] audit: initializing netlink socket (disabled)
[    1.644979] type=2000 audit(1369432871.632:1): initialized
[    1.648895] highmem bounce pool size: 64 pages
[    1.648899] HugeTLB registered 2 MB page size, pre-allocated 0 pages
[    1.648992] VFS: Disk quotas dquot_6.5.2
[    1.649022] Dquot-cache hash table entries: 1024 (order 0, 4096 bytes)
[    1.649100] fuse init (API version 7.13)
[    1.649143] msgmni has been set to 1729
[    1.649407] alg: No test for stdrng (krng)
[    1.649439] Block layer SCSI generic (bsg) driver version 0.4 loaded (major 253)
[    1.649441] io scheduler noop registered
[    1.649443] io scheduler anticipatory registered
[    1.649444] io scheduler deadline registered
[    1.649486] io scheduler cfq registered (default)
[    1.649531]   alloc irq_desc for 24 on node -1
[    1.649533]   alloc kstat_irqs on node -1
[    1.649579] pcieport 0000:00:15.0: irq 24 for MSI/MSI-X
[    1.649625] pcieport 0000:00:15.0: setting latency timer to 64
[    1.649670]   alloc irq_desc for 25 on node -1
[    1.649673]   alloc kstat_irqs on node -1
[    1.649718] pcieport 0000:00:15.1: irq 25 for MSI/MSI-X
[    1.649764] pcieport 0000:00:15.1: setting latency timer to 64
[    1.649810]   alloc irq_desc for 26 on node -1
[    1.649812]   alloc kstat_irqs on node -1
[    1.649857] pcieport 0000:00:15.2: irq 26 for MSI/MSI-X
[    1.649903] pcieport 0000:00:15.2: setting latency timer to 64
[    1.649948]   alloc irq_desc for 27 on node -1
[    1.649950]   alloc kstat_irqs on node -1
[    1.649996] pcieport 0000:00:15.3: irq 27 for MSI/MSI-X
[    1.650042] pcieport 0000:00:15.3: setting latency timer to 64
[    1.650087]   alloc irq_desc for 28 on node -1
[    1.650089]   alloc kstat_irqs on node -1
[    1.650135] pcieport 0000:00:15.4: irq 28 for MSI/MSI-X
[    1.650180] pcieport 0000:00:15.4: setting latency timer to 64
[    1.650226]   alloc irq_desc for 29 on node -1
[    1.650228]   alloc kstat_irqs on node -1
[    1.650273] pcieport 0000:00:15.5: irq 29 for MSI/MSI-X
[    1.650319] pcieport 0000:00:15.5: setting latency timer to 64
[    1.650365]   alloc irq_desc for 30 on node -1
[    1.650366]   alloc kstat_irqs on node -1
[    1.650412] pcieport 0000:00:15.6: irq 30 for MSI/MSI-X
[    1.650458] pcieport 0000:00:15.6: setting latency timer to 64
[    1.650503]   alloc irq_desc for 31 on node -1
[    1.650507]   alloc kstat_irqs on node -1
[    1.650552] pcieport 0000:00:15.7: irq 31 for MSI/MSI-X
[    1.650598] pcieport 0000:00:15.7: setting latency timer to 64
[    1.650643]   alloc irq_desc for 32 on node -1
[    1.650645]   alloc kstat_irqs on node -1
[    1.650691] pcieport 0000:00:16.0: irq 32 for MSI/MSI-X
[    1.650737] pcieport 0000:00:16.0: setting latency timer to 64
[    1.650782]   alloc irq_desc for 33 on node -1
[    1.650784]   alloc kstat_irqs on node -1
[    1.650830] pcieport 0000:00:16.1: irq 33 for MSI/MSI-X
[    1.650875] pcieport 0000:00:16.1: setting latency timer to 64
[    1.650921]   alloc irq_desc for 34 on node -1
[    1.650923]   alloc kstat_irqs on node -1
[    1.650969] pcieport 0000:00:16.2: irq 34 for MSI/MSI-X
[    1.651014] pcieport 0000:00:16.2: setting latency timer to 64
[    1.651060]   alloc irq_desc for 35 on node -1
[    1.651062]   alloc kstat_irqs on node -1
[    1.651107] pcieport 0000:00:16.3: irq 35 for MSI/MSI-X
[    1.651153] pcieport 0000:00:16.3: setting latency timer to 64
[    1.651199]   alloc irq_desc for 36 on node -1
[    1.651201]   alloc kstat_irqs on node -1
[    1.651246] pcieport 0000:00:16.4: irq 36 for MSI/MSI-X
[    1.651292] pcieport 0000:00:16.4: setting latency timer to 64
[    1.651338]   alloc irq_desc for 37 on node -1
[    1.651340]   alloc kstat_irqs on node -1
[    1.651385] pcieport 0000:00:16.5: irq 37 for MSI/MSI-X
[    1.651431] pcieport 0000:00:16.5: setting latency timer to 64
[    1.651476]   alloc irq_desc for 38 on node -1
[    1.651478]   alloc kstat_irqs on node -1
[    1.651524] pcieport 0000:00:16.6: irq 38 for MSI/MSI-X
[    1.651570] pcieport 0000:00:16.6: setting latency timer to 64
[    1.651615]   alloc irq_desc for 39 on node -1
[    1.651617]   alloc kstat_irqs on node -1
[    1.651663] pcieport 0000:00:16.7: irq 39 for MSI/MSI-X
[    1.651708] pcieport 0000:00:16.7: setting latency timer to 64
[    1.652816]   alloc irq_desc for 40 on node -1
[    1.652818]   alloc kstat_irqs on node -1
[    1.652863] pcieport 0000:00:17.0: irq 40 for MSI/MSI-X
[    1.652909] pcieport 0000:00:17.0: setting latency timer to 64
[    1.652954]   alloc irq_desc for 41 on node -1
[    1.652956]   alloc kstat_irqs on node -1
[    1.653002] pcieport 0000:00:17.1: irq 41 for MSI/MSI-X
[    1.653048] pcieport 0000:00:17.1: setting latency timer to 64
[    1.653093]   alloc irq_desc for 42 on node -1
[    1.653095]   alloc kstat_irqs on node -1
[    1.653141] pcieport 0000:00:17.2: irq 42 for MSI/MSI-X
[    1.653186] pcieport 0000:00:17.2: setting latency timer to 64
[    1.653232]   alloc irq_desc for 43 on node -1
[    1.653234]   alloc kstat_irqs on node -1
[    1.653279] pcieport 0000:00:17.3: irq 43 for MSI/MSI-X
[    1.653325] pcieport 0000:00:17.3: setting latency timer to 64
[    1.653371]   alloc irq_desc for 44 on node -1
[    1.653372]   alloc kstat_irqs on node -1
[    1.653418] pcieport 0000:00:17.4: irq 44 for MSI/MSI-X
[    1.653464] pcieport 0000:00:17.4: setting latency timer to 64
[    1.653509]   alloc irq_desc for 45 on node -1
[    1.653511]   alloc kstat_irqs on node -1
[    1.653557] pcieport 0000:00:17.5: irq 45 for MSI/MSI-X
[    1.653602] pcieport 0000:00:17.5: setting latency timer to 64
[    1.653648]   alloc irq_desc for 46 on node -1
[    1.653650]   alloc kstat_irqs on node -1
[    1.653695] pcieport 0000:00:17.6: irq 46 for MSI/MSI-X
[    1.653741] pcieport 0000:00:17.6: setting latency timer to 64
[    1.653787]   alloc irq_desc for 47 on node -1
[    1.653789]   alloc kstat_irqs on node -1
[    1.653834] pcieport 0000:00:17.7: irq 47 for MSI/MSI-X
[    1.653880] pcieport 0000:00:17.7: setting latency timer to 64
[    1.653925]   alloc irq_desc for 48 on node -1
[    1.653927]   alloc kstat_irqs on node -1
[    1.653973] pcieport 0000:00:18.0: irq 48 for MSI/MSI-X
[    1.654019] pcieport 0000:00:18.0: setting latency timer to 64
[    1.654064]   alloc irq_desc for 49 on node -1
[    1.654066]   alloc kstat_irqs on node -1
[    1.654112] pcieport 0000:00:18.1: irq 49 for MSI/MSI-X
[    1.654157] pcieport 0000:00:18.1: setting latency timer to 64
[    1.654203]   alloc irq_desc for 50 on node -1
[    1.654205]   alloc kstat_irqs on node -1
[    1.654250] pcieport 0000:00:18.2: irq 50 for MSI/MSI-X
[    1.654296] pcieport 0000:00:18.2: setting latency timer to 64
[    1.654342]   alloc irq_desc for 51 on node -1
[    1.654343]   alloc kstat_irqs on node -1
[    1.654389] pcieport 0000:00:18.3: irq 51 for MSI/MSI-X
[    1.654435] pcieport 0000:00:18.3: setting latency timer to 64
[    1.654480]   alloc irq_desc for 52 on node -1
[    1.654482]   alloc kstat_irqs on node -1
[    1.654528] pcieport 0000:00:18.4: irq 52 for MSI/MSI-X
[    1.654573] pcieport 0000:00:18.4: setting latency timer to 64
[    1.654619]   alloc irq_desc for 53 on node -1
[    1.654621]   alloc kstat_irqs on node -1
[    1.654667] pcieport 0000:00:18.5: irq 53 for MSI/MSI-X
[    1.654712] pcieport 0000:00:18.5: setting latency timer to 64
[    1.654758]   alloc irq_desc for 54 on node -1
[    1.654760]   alloc kstat_irqs on node -1
[    1.654805] pcieport 0000:00:18.6: irq 54 for MSI/MSI-X
[    1.654851] pcieport 0000:00:18.6: setting latency timer to 64
[    1.654897]   alloc irq_desc for 55 on node -1
[    1.654898]   alloc kstat_irqs on node -1
[    1.654944] pcieport 0000:00:18.7: irq 55 for MSI/MSI-X
[    1.654990] pcieport 0000:00:18.7: setting latency timer to 64
[    1.655035] pci_hotplug: PCI Hot Plug PCI Core version: 0.5
[    1.656823] pciehp 0000:00:15.0:pcie04: HPC vendor_id 15ad device_id 7a0 ss_vid 0 ss_did 0
[    1.656869] pciehp 0000:00:15.0:pcie04: service driver pciehp loaded
[    1.656914] pciehp 0000:00:15.1:pcie04: HPC vendor_id 15ad device_id 7a0 ss_vid 0 ss_did 0
[    1.656960] pciehp 0000:00:15.1:pcie04: service driver pciehp loaded
[    1.657006] pciehp 0000:00:15.2:pcie04: HPC vendor_id 15ad device_id 7a0 ss_vid 0 ss_did 0
[    1.657051] pciehp 0000:00:15.2:pcie04: service driver pciehp loaded
[    1.657097] pciehp 0000:00:15.3:pcie04: HPC vendor_id 15ad device_id 7a0 ss_vid 0 ss_did 0
[    1.657142] pciehp 0000:00:15.3:pcie04: service driver pciehp loaded
[    1.657188] pciehp 0000:00:15.4:pcie04: HPC vendor_id 15ad device_id 7a0 ss_vid 0 ss_did 0
[    1.657234] pciehp 0000:00:15.4:pcie04: service driver pciehp loaded
[    1.657279] pciehp 0000:00:15.5:pcie04: HPC vendor_id 15ad device_id 7a0 ss_vid 0 ss_did 0
[    1.657325] pciehp 0000:00:15.5:pcie04: service driver pciehp loaded
[    1.657370] pciehp 0000:00:15.6:pcie04: HPC vendor_id 15ad device_id 7a0 ss_vid 0 ss_did 0
[    1.657416] pciehp 0000:00:15.6:pcie04: service driver pciehp loaded
[    1.657462] pciehp 0000:00:15.7:pcie04: HPC vendor_id 15ad device_id 7a0 ss_vid 0 ss_did 0
[    1.657507] pciehp 0000:00:15.7:pcie04: service driver pciehp loaded
[    1.657553] pciehp 0000:00:16.0:pcie04: HPC vendor_id 15ad device_id 7a0 ss_vid 0 ss_did 0
[    1.657599] pciehp 0000:00:16.0:pcie04: service driver pciehp loaded
[    1.657644] pciehp 0000:00:16.1:pcie04: HPC vendor_id 15ad device_id 7a0 ss_vid 0 ss_did 0
[    1.657690] pciehp 0000:00:16.1:pcie04: service driver pciehp loaded
[    1.657735] pciehp 0000:00:16.2:pcie04: HPC vendor_id 15ad device_id 7a0 ss_vid 0 ss_did 0
[    1.657781] pciehp 0000:00:16.2:pcie04: service driver pciehp loaded
[    1.657827] pciehp 0000:00:16.3:pcie04: HPC vendor_id 15ad device_id 7a0 ss_vid 0 ss_did 0
[    1.657872] pciehp 0000:00:16.3:pcie04: service driver pciehp loaded
[    1.657918] pciehp 0000:00:16.4:pcie04: HPC vendor_id 15ad device_id 7a0 ss_vid 0 ss_did 0
[    1.657964] pciehp 0000:00:16.4:pcie04: service driver pciehp loaded
[    1.658009] pciehp 0000:00:16.5:pcie04: HPC vendor_id 15ad device_id 7a0 ss_vid 0 ss_did 0
[    1.658055] pciehp 0000:00:16.5:pcie04: service driver pciehp loaded
[    1.658100] pciehp 0000:00:16.6:pcie04: HPC vendor_id 15ad device_id 7a0 ss_vid 0 ss_did 0
[    1.658146] pciehp 0000:00:16.6:pcie04: service driver pciehp loaded
[    1.658192] pciehp 0000:00:16.7:pcie04: HPC vendor_id 15ad device_id 7a0 ss_vid 0 ss_did 0
[    1.658237] pciehp 0000:00:16.7:pcie04: service driver pciehp loaded
[    1.658283] pciehp 0000:00:17.0:pcie04: HPC vendor_id 15ad device_id 7a0 ss_vid 0 ss_did 0
[    1.658329] pciehp 0000:00:17.0:pcie04: service driver pciehp loaded
[    1.658374] pciehp 0000:00:17.1:pcie04: HPC vendor_id 15ad device_id 7a0 ss_vid 0 ss_did 0
[    1.658420] pciehp 0000:00:17.1:pcie04: service driver pciehp loaded
[    1.658465] pciehp 0000:00:17.2:pcie04: HPC vendor_id 15ad device_id 7a0 ss_vid 0 ss_did 0
[    1.658511] pciehp 0000:00:17.2:pcie04: service driver pciehp loaded
[    1.658557] pciehp 0000:00:17.3:pcie04: HPC vendor_id 15ad device_id 7a0 ss_vid 0 ss_did 0
[    1.658602] pciehp 0000:00:17.3:pcie04: service driver pciehp loaded
[    1.658648] pciehp 0000:00:17.4:pcie04: HPC vendor_id 15ad device_id 7a0 ss_vid 0 ss_did 0
[    1.658693] pciehp 0000:00:17.4:pcie04: service driver pciehp loaded
[    1.658739] pciehp 0000:00:17.5:pcie04: HPC vendor_id 15ad device_id 7a0 ss_vid 0 ss_did 0
[    1.658785] pciehp 0000:00:17.5:pcie04: service driver pciehp loaded
[    1.658830] pciehp 0000:00:17.6:pcie04: HPC vendor_id 15ad device_id 7a0 ss_vid 0 ss_did 0
[    1.658876] pciehp 0000:00:17.6:pcie04: service driver pciehp loaded
[    1.658922] pciehp 0000:00:17.7:pcie04: HPC vendor_id 15ad device_id 7a0 ss_vid 0 ss_did 0
[    1.658967] pciehp 0000:00:17.7:pcie04: service driver pciehp loaded
[    1.659013] pciehp 0000:00:18.0:pcie04: HPC vendor_id 15ad device_id 7a0 ss_vid 0 ss_did 0
[    1.659058] pciehp 0000:00:18.0:pcie04: service driver pciehp loaded
[    1.659104] pciehp 0000:00:18.1:pcie04: HPC vendor_id 15ad device_id 7a0 ss_vid 0 ss_did 0
[    1.659150] pciehp 0000:00:18.1:pcie04: service driver pciehp loaded
[    1.659195] pciehp 0000:00:18.2:pcie04: HPC vendor_id 15ad device_id 7a0 ss_vid 0 ss_did 0
[    1.659241] pciehp 0000:00:18.2:pcie04: service driver pciehp loaded
[    1.659287] pciehp 0000:00:18.3:pcie04: HPC vendor_id 15ad device_id 7a0 ss_vid 0 ss_did 0
[    1.659332] pciehp 0000:00:18.3:pcie04: service driver pciehp loaded
[    1.659378] pciehp 0000:00:18.4:pcie04: HPC vendor_id 15ad device_id 7a0 ss_vid 0 ss_did 0
[    1.659423] pciehp 0000:00:18.4:pcie04: service driver pciehp loaded
[    1.659469] pciehp 0000:00:18.5:pcie04: HPC vendor_id 15ad device_id 7a0 ss_vid 0 ss_did 0
[    1.659515] pciehp 0000:00:18.5:pcie04: service driver pciehp loaded
[    1.659560] pciehp 0000:00:18.6:pcie04: HPC vendor_id 15ad device_id 7a0 ss_vid 0 ss_did 0
[    1.659606] pciehp 0000:00:18.6:pcie04: service driver pciehp loaded
[    1.659652] pciehp 0000:00:18.7:pcie04: HPC vendor_id 15ad device_id 7a0 ss_vid 0 ss_did 0
[    1.659697] pciehp 0000:00:18.7:pcie04: service driver pciehp loaded
[    1.659706] pciehp: PCI Express Hot Plug Controller Driver version: 0.4
[    1.659755] ACPI: AC Adapter [ACAD] (on-line)
[    1.659806] input: Power Button as /devices/LNXSYSTM:00/LNXPWRBN:00/input/input0
[    1.659808] ACPI: Power Button [PWRF]
[    1.659854] processor LNXCPU:00: registered as cooling_device0
[    1.700723] isapnp: Scanning for PnP cards...
[    2.054511] isapnp: No Plug & Play device found
[    2.054540] random 0000 0000 0000 5f8db4e5 4cfdf2a8: initializing
[    2.054667] Linux agpgart interface v0.103
[    2.054718] agpgart-intel 0000:00:00.0: Intel 440BX Chipset
[    2.054770] agpgart-intel 0000:00:00.0: AGP aperture is 256M @ 0x0
[    2.054801] Serial: 8250/16550 driver, 32 ports, IRQ sharing enabled
[    2.054854] serial8250: ttyS0 at I/O 0x3f8 (irq = 4) is a 16550A
[    2.054906] serial8250: ttyS1 at I/O 0x2f8 (irq = 3) is a 16550A
[    2.054959] 00:0a: ttyS0 at I/O 0x3f8 (irq = 4) is a 16550A
[    2.055011] 00:0b: ttyS1 at I/O 0x2f8 (irq = 3) is a 16550A
[    2.055064] brd: module loaded
[    2.055116] loop: module loaded
[    2.055169] ata_piix 0000:00:07.1: version 2.13
[    2.055250] scsi0 : ata_piix
[    2.055297] scsi1 : ata_piix
[    2.055317] ata1: PATA max UDMA/33 cmd 0x1f0 ctl 0x3f6 bmdma 0x10c0 irq 14
[    2.055319] ata2: PATA max UDMA/33 cmd 0x170 ctl 0x376 bmdma 0x10c8 irq 15
[    2.055366] PPP generic driver version 2.4.2
[    2.055386] tun: Universal TUN/TAP device driver, 1.6
[    2.055387] tun: (C) 1999-2004 Max Krasnyansky <maxk@qualcomm.com>
[    2.055440] ehci_hcd: USB 2.0 'Enhanced' Host Controller (EHCI) Driver
[    2.055492] ACPI: PCI Interrupt Link [LNKB] enabled at IRQ 11
[    2.055495] PCI: setting IRQ 11 as level-triggered
[    2.055502] ehci_hcd 0000:02:03.0: PCI INT A -> Link[LNKB] -> GSI 11 (level, low) -> IRQ 11
[    2.055541] ehci_hcd 0000:02:03.0: EHCI Host Controller
[    2.055563] ehci_hcd 0000:02:03.0: new USB bus registered, assigned bus number 1
[    2.055616] ehci_hcd 0000:02:03.0: cache line size of 32 is not supported
[    2.055622] ehci_hcd 0000:02:03.0: irq 11, io mem 0xc9000000
[    2.055932] random 0000 0000 0000 00000000 00000000: rand_read_num 3 get_random_bytes(8): sig 00000000 00000000 00000000
[    2.055935] random 0000 0000 0000 00000000 00000000: extract_entropy(.. 8 ..)
[    2.055986] random 0000 0000 0000 00000000 00000000: going to reseed nonblocking with 64 bits (64 of 0 requested)
[    2.055989] random 0000 0000 0000 00000000 00000000: extract_entropy(.. 8 ..)
[    2.055992] random 0000 0000 0000 00000000 00000000: trying to extract 64 bits from input
[    2.055994] random 0000 0000 0000 00000000 00000000: debiting 0 entropy credits from input
[    2.055996] random 0000 0000 0000 00000000 00000000: extract_entropy account returned: 0 
[    2.055999] random 0000 0000 0000 00000000 00000000: urand_change_num 5 xfer_secondary_pool(8): pool_sig 00000000, data_sig 00000000, bytes_mixed 0 00000000 00000000
[    2.056002] random 0000 0000 0000 00000000 00000000: trying to extract 64 bits from nonblocking
[    2.056005] random 0000 0000 0000 00000000 00000000: debiting 64 entropy credits from nonblocking (unlimited)
[    2.056007] random 0000 0000 0000 00000000 00000000: extract_entropy account returned: 8 
[    2.056011] random 0000 0000 0000 00000000 00000000: urand_change_num 6 extract_buf: pool_sig 00000000, data_sig fffffff9, bytes_mixed 20 00000000 00000000
[    2.064206] ehci_hcd 0000:02:03.0: USB 2.0 started, EHCI 1.00
[    2.064259] usb usb1: configuration #1 chosen from 1 choice
[    2.064279] hub 1-0:1.0: USB hub found
[    2.064284] hub 1-0:1.0: 6 ports detected
[    2.064320] ohci_hcd: USB 1.1 'Open' Host Controller (OHCI) Driver
[    2.064332] uhci_hcd: USB Universal Host Controller Interface driver
[    2.064384] ACPI: PCI Interrupt Link [LNKC] enabled at IRQ 10
[    2.064387] PCI: setting IRQ 10 as level-triggered
[    2.064391] uhci_hcd 0000:02:00.0: PCI INT A -> Link[LNKC] -> GSI 10 (level, low) -> IRQ 10
[    2.064425] uhci_hcd 0000:02:00.0: UHCI Host Controller
[    2.064455] uhci_hcd 0000:02:00.0: new USB bus registered, assigned bus number 2
[    2.064559] uhci_hcd 0000:02:00.0: irq 10, io base 0x000020c0
[    2.064611] usb usb2: configuration #1 chosen from 1 choice
[    2.064627] hub 2-0:1.0: USB hub found
[    2.064631] hub 2-0:1.0: 2 ports detected
[    2.064684] usbcore: registered new interface driver libusual
[    2.064711] PNP: PS/2 Controller [PNP0303:KBC,PNP0f13:MOUS] at 0x60,0x64 irq 1,12
[    2.065044] serio: i8042 KBD port at 0x60,0x64 irq 1
[    2.065051] serio: i8042 AUX port at 0x60,0x64 irq 12
[    2.065086] mice: PS/2 mouse device common for all mice
[    2.065139] rtc_cmos 00:04: rtc core: registered rtc_cmos as rtc0
[    2.065155] rtc0: alarms up to one month, y3k, 114 bytes nvram, hpet irqs
[    2.065208] device-mapper: uevent: version 1.0.3
[    2.065336] device-mapper: ioctl: 4.15.0-ioctl (2009-04-01) initialised: dm-devel@redhat.com
[    2.065354] EISA: Probing bus 0 at eisa.0
[    2.065381] Cannot allocate resource for EISA slot 1
[    2.065383] Cannot allocate resource for EISA slot 2
[    2.065385] Cannot allocate resource for EISA slot 3
[    2.065386] Cannot allocate resource for EISA slot 4
[    2.065388] Cannot allocate resource for EISA slot 5
[    2.065390] Cannot allocate resource for EISA slot 6
[    2.065392] Cannot allocate resource for EISA slot 7
[    2.065394] Cannot allocate resource for EISA slot 8
[    2.065396] EISA: Detected 0 cards.
[    2.065442] cpuidle: using governor ladder
[    2.065444] cpuidle: using governor menu
[    2.065497] random 0000 0000 0000 00000000 00000000: rand_read_num 4 get_random_bytes(136): sig 0000021d 00000000 00000000
[    2.065500] random 0000 0000 0000 00000000 00000000: extract_entropy(.. 136 ..)
[    2.065502] random 0000 0000 0000 00000000 00000000: going to reseed nonblocking with 1024 bits (1088 of 0 requested)
[    2.065505] random 0000 0000 0000 00000000 00000000: extract_entropy(.. 128 ..)
[    2.065507] random 0000 0000 0000 00000000 00000000: trying to extract 1024 bits from input
[    2.065509] random 0000 0000 0000 00000000 00000000: debiting 0 entropy credits from input
[    2.065511] random 0000 0000 0000 00000000 00000000: extract_entropy account returned: 0 
[    2.065514] random 0000 0000 0000 00000000 00000000: urand_change_num 7 xfer_secondary_pool(136): pool_sig 0000021d, data_sig 00000000, bytes_mixed 0 00000000 00000000
[    2.065517] random 0000 0000 0000 00000000 00000000: trying to extract 1088 bits from nonblocking
[    2.065519] random 0000 0000 0000 00000000 00000000: debiting 1088 entropy credits from nonblocking (unlimited)
[    2.065521] random 0000 0000 0000 00000000 00000000: extract_entropy account returned: 136 
[    2.065525] random 0000 0000 0000 00000000 00000000: urand_change_num 8 extract_buf: pool_sig 0000021d, data_sig fffffff7, bytes_mixed 20 00000000 00000000
[    2.065530] random 0000 0000 0000 f961ee50 ba9cb1aa: urand_change_num 9 extract_buf: pool_sig 00000230, data_sig fffffeb4, bytes_mixed 20 f961ee50 ba9cb1aa
[    2.065534] random 0000 0000 0000 9748bdd6 56fb8af6: urand_change_num 10 extract_buf: pool_sig 00000373, data_sig 000000cf, bytes_mixed 20 9748bdd6 56fb8af6
[    2.065539] random 0000 0000 0000 9748bdd6 56fb8af6: urand_change_num 11 extract_buf: pool_sig fffffe49, data_sig 0000023f, bytes_mixed 20 9748bdd6 56fb8af6
[    2.065543] random 0000 0000 0000 a135be86 4777650e: urand_change_num 12 extract_buf: pool_sig fffffcce, data_sig 000000c6, bytes_mixed 20 a135be86 4777650e
[    2.065548] random 0000 0000 0000 4a6ea85d 170e00dd: urand_change_num 13 extract_buf: pool_sig ffffff97, data_sig ffffff7d, bytes_mixed 20 4a6ea85d 170e00dd
[    2.065552] random 0000 0000 0000 4a6ea85d 170e00dd: urand_change_num 14 extract_buf: pool_sig 00000160, data_sig fffffeea, bytes_mixed 20 4a6ea85d 170e00dd
[    2.065557] random 0000 0000 0000 6e87c3cb da668c73: urand_change_num 15 extract_buf: pool_sig 0000034f, data_sig ffffff54, bytes_mixed 20 6e87c3cb da668c73
[    2.065561] random 0000 0000 0000 6e87c3cb da668c73: urand_change_num 16 extract_buf: pool_sig fffffdc5, data_sig 00000205, bytes_mixed 20 6e87c3cb da668c73
[    2.065566] random 0000 0000 0000 39f531e6 461eb249: urand_change_num 17 extract_buf: pool_sig fffffc1d, data_sig ffffff5e, bytes_mixed 20 39f531e6 461eb249
[    2.065570] random 0000 0000 0000 7e1538a2 3e661182: urand_change_num 18 extract_buf: pool_sig 000006ef, data_sig ffffff2e, bytes_mixed 20 7e1538a2 3e661182
[    2.065575] random 0000 0000 0000 7e1538a2 3e661182: urand_change_num 19 extract_buf: pool_sig 00000317, data_sig fffffccb, bytes_mixed 20 7e1538a2 3e661182
[    2.065579] random 0000 0000 0000 76af506b 9b57305e: urand_change_num 20 extract_buf: pool_sig 00000227, data_sig ffffffd2, bytes_mixed 20 76af506b 9b57305e
[    2.065583] random 0000 0000 0000 37d49d89 e20417cc: urand_change_num 21 extract_buf: pool_sig 0000080b, data_sig 000001e9, bytes_mixed 20 37d49d89 e20417cc
[    2.065588] TCP cubic registered
[    2.065640] NET: Registered protocol family 10
[    2.065675] RANDOM - __random32 called. Change num 12.  Value: 8f3eba68	c1db9b96	544fe79f
[    2.065677] RANDOM - random32 called.  Value: 8f3eba68	c1db9b96	544fe79f
[    2.065687] random 0000 0000 0000 37d49d89 e20417cc: rand_read_num 5 get_random_bytes(4): sig 00000298 37d49d89 e20417cc
[    2.065689] random 0000 0000 0000 37d49d89 e20417cc: extract_entropy(.. 4 ..)
[    2.065691] random 0000 0000 0000 37d49d89 e20417cc: going to reseed nonblocking with 64 bits (32 of 0 requested)
[    2.065694] random 0000 0000 0000 37d49d89 e20417cc: extract_entropy(.. 8 ..)
[    2.065696] random 0000 0000 0000 37d49d89 e20417cc: trying to extract 64 bits from input
[    2.065698] random 0000 0000 0000 37d49d89 e20417cc: debiting 0 entropy credits from input
[    2.065700] random 0000 0000 0000 37d49d89 e20417cc: extract_entropy account returned: 0 
[    2.065703] random 0000 0000 0000 37d49d89 e20417cc: urand_change_num 22 xfer_secondary_pool(4): pool_sig 00000298, data_sig 00000000, bytes_mixed 0 37d49d89 e20417cc
[    2.065706] random 0000 0000 0000 37d49d89 e20417cc: trying to extract 32 bits from nonblocking
[    2.065708] random 0000 0000 0000 37d49d89 e20417cc: debiting 32 entropy credits from nonblocking (unlimited)
[    2.065710] random 0000 0000 0000 37d49d89 e20417cc: extract_entropy account returned: 4 
[    2.065714] random 0000 0000 0000 37d49d89 e20417cc: urand_change_num 23 extract_buf: pool_sig 00000298, data_sig 00000092, bytes_mixed 20 37d49d89 e20417cc
[    2.065766] RANDOM - __random32 called. Change num 13.  Value: eba68b0e	1db9b963	cf3ec61b
[    2.065768] RANDOM - random32 called.  Value: eba68b0e	1db9b963	cf3ec61b
[    2.065821] NET: Registered protocol family 17
[    2.065843] Using IPI No-Shortcut mode
[    2.065849] random 0000 0000 0000 2ee4c4fc 167bdb15: rand_read_num 6 get_random_bytes(8): sig fffffcbf 2ee4c4fc 167bdb15
[    2.065851] random 0000 0000 0000 2ee4c4fc 167bdb15: extract_entropy(.. 8 ..)
[    2.065853] random 0000 0000 0000 2ee4c4fc 167bdb15: going to reseed nonblocking with 64 bits (64 of 0 requested)
[    2.065856] random 0000 0000 0000 2ee4c4fc 167bdb15: extract_entropy(.. 8 ..)
[    2.065858] random 0000 0000 0000 2ee4c4fc 167bdb15: trying to extract 64 bits from input
[    2.065860] random 0000 0000 0000 2ee4c4fc 167bdb15: debiting 0 entropy credits from input
[    2.065862] random 0000 0000 0000 2ee4c4fc 167bdb15: extract_entropy account returned: 0 
[    2.065865] random 0000 0000 0000 2ee4c4fc 167bdb15: urand_change_num 24 xfer_secondary_pool(8): pool_sig fffffcbf, data_sig 00000000, bytes_mixed 0 2ee4c4fc 167bdb15
[    2.065868] random 0000 0000 0000 2ee4c4fc 167bdb15: trying to extract 64 bits from nonblocking
[    2.065870] random 0000 0000 0000 2ee4c4fc 167bdb15: debiting 64 entropy credits from nonblocking (unlimited)
[    2.065872] random 0000 0000 0000 2ee4c4fc 167bdb15: extract_entropy account returned: 8 
[    2.065876] random 0000 0000 0000 2ee4c4fc 167bdb15: urand_change_num 25 extract_buf: pool_sig fffffcbf, data_sig ffffff83, bytes_mixed 20 2ee4c4fc 167bdb15
[    2.065916] PM: Resume from disk failed.
[    2.065924] registered taskstats version 1
[    2.065927] random 0000 0000 0000 2ee4c4fc 167bdb15: rand_read_num 7 get_random_bytes(12): sig fffffc69 2ee4c4fc 167bdb15
[    2.065953] random 0000 0000 0000 2ee4c4fc 167bdb15: extract_entropy(.. 12 ..)
[    2.065983] random 0000 0000 0000 2ee4c4fc 167bdb15: going to reseed nonblocking with 96 bits (96 of 0 requested)
[    2.065986] random 0000 0000 0000 2ee4c4fc 167bdb15: extract_entropy(.. 12 ..)
[    2.065997] random 0000 0000 0000 2ee4c4fc 167bdb15: trying to extract 96 bits from input
[    2.065999] random 0000 0000 0000 2ee4c4fc 167bdb15: debiting 0 entropy credits from input
[    2.066001] random 0000 0000 0000 2ee4c4fc 167bdb15: extract_entropy account returned: 0 
[    2.066004] random 0000 0000 0000 2ee4c4fc 167bdb15: urand_change_num 26 xfer_secondary_pool(12): pool_sig fffffc69, data_sig 00000000, bytes_mixed 0 2ee4c4fc 167bdb15
[    2.066006] random 0000 0000 0000 2ee4c4fc 167bdb15: trying to extract 96 bits from nonblocking
[    2.066009] random 0000 0000 0000 2ee4c4fc 167bdb15: debiting 96 entropy credits from nonblocking (unlimited)
[    2.066011] random 0000 0000 0000 2ee4c4fc 167bdb15: extract_entropy account returned: 12 
[    2.066015] random 0000 0000 0000 2ee4c4fc 167bdb15: urand_change_num 27 extract_buf: pool_sig fffffc69, data_sig ffffff7d, bytes_mixed 20 2ee4c4fc 167bdb15
[    2.066019] random 0000 0000 0000 83b7c1ab 94697f48: urand_change_num 28 extract_buf: pool_sig fffffe30, data_sig fffffdd6, bytes_mixed 20 83b7c1ab 94697f48
[    2.066022] RANDOM - __seed init called.
[    2.066023] RANDOM - __seed init called.
[    2.066024] RANDOM - __seed init called.
[    2.066026] RANDOM - __random32 called. Change num 14.  Value: fc007995	feca4f80	21b38ad2
[    2.066027] RANDOM - random32_reseed called.  Value: fc007995	feca4f80	21b38ad2
[    2.066030] Pid: 1, comm: swapper Not tainted 2.6.32.57 #4
[    2.066031] Call Trace:
[    2.066037]  [<c14a8a0e>] ? printk+0x1d/0x1f
[    2.066042]  [<c17537e5>] random32_reseed+0x89/0xbd
[    2.066045]  [<c1003042>] do_one_initcall+0x32/0x1a0
[    2.066048]  [<c175375c>] ? random32_reseed+0x0/0xbd
[    2.066051]  [<c17308e7>] kernel_init+0x12d/0x17a
[    2.066053]  [<c17307ba>] ? kernel_init+0x0/0x17a
[    2.066056]  [<c1009b07>] kernel_thread_helper+0x7/0x10
[    2.068750] input: AT Translated Set 2 keyboard as /devices/platform/i8042/serio0/input/input1
[    2.069031] random 0000 0000 0000 6db70b00 b30ce96b: rand_read_num 8 get_random_bytes(64): sig fffffb38 6db70b00 b30ce96b
[    2.069034] random 0000 0000 0000 6db70b00 b30ce96b: extract_entropy(.. 64 ..)
[    2.069037] random 0000 0000 0000 6db70b00 b30ce96b: going to reseed nonblocking with 512 bits (512 of 0 requested)
[    2.069039] random 0000 0000 0000 6db70b00 b30ce96b: extract_entropy(.. 64 ..)
[    2.069041] random 0000 0000 0000 6db70b00 b30ce96b: trying to extract 512 bits from input
[    2.069043] random 0000 0000 0000 6db70b00 b30ce96b: debiting 0 entropy credits from input
[    2.069045] random 0000 0000 0000 6db70b00 b30ce96b: extract_entropy account returned: 0 
[    2.069048] random 0000 0000 0000 6db70b00 b30ce96b: urand_change_num 29 xfer_secondary_pool(64): pool_sig fffffb38, data_sig 00000000, bytes_mixed 0 6db70b00 b30ce96b
[    2.069051] random 0000 0000 0000 6db70b00 b30ce96b: trying to extract 512 bits from nonblocking
[    2.069053] random 0000 0000 0000 6db70b00 b30ce96b: debiting 512 entropy credits from nonblocking (unlimited)
[    2.069055] random 0000 0000 0000 6db70b00 b30ce96b: extract_entropy account returned: 64 
[    2.069058] random 0000 0000 0000 6db70b00 b30ce96b: urand_change_num 30 extract_buf: pool_sig fffffb38, data_sig 00000151, bytes_mixed 20 6db70b00 b30ce96b
[    2.069063] random 0000 0000 0000 6db70b00 b30ce96b: urand_change_num 31 extract_buf: pool_sig fffffdb8, data_sig 00000379, bytes_mixed 20 6db70b00 b30ce96b
[    2.069067] random 0000 0000 0000 6b83001e d4b6c0d3: urand_change_num 32 extract_buf: pool_sig ffffffc9, data_sig 00000198, bytes_mixed 20 6b83001e d4b6c0d3
[    2.069071] random 0000 0000 0000 79d3e3c7 be564518: urand_change_num 33 extract_buf: pool_sig 000002b9, data_sig ffffff84, bytes_mixed 20 79d3e3c7 be564518
[    2.069075] random 0000 0000 0000 79d3e3c7 be564518: urand_change_num 34 extract_buf: pool_sig ffffff55, data_sig ffffff5a, bytes_mixed 20 79d3e3c7 be564518
[    2.069080] random 0000 0000 0000 89c03cb2 0d353228: urand_change_num 35 extract_buf: pool_sig 00000007, data_sig ffffff17, bytes_mixed 20 89c03cb2 0d353228
[    2.069084] random 0000 0000 0000 89c03cb2 0d353228: urand_change_num 36 extract_buf: pool_sig fffffdae, data_sig 000000db, bytes_mixed 20 89c03cb2 0d353228  Magic number: 13:94:48
[    2.069180] rtc_cmos 00:04: setting system clock to 2013-05-24 22:01:12 UTC (1369432872)
[    2.069183] BIOS EDD facility v0.16 2004-Jun-25, 0 devices found
[    2.069184] EDD information not available.
[    2.069208] random 0000 0000 0000 8ca62387 b120332c: rand_read_num 9 get_random_bytes(64): sig fffffed6 8ca62387 b120332c
[    2.069210] random 0000 0000 0000 8ca62387 b120332c: extract_entropy(.. 64 ..)
[    2.069212] random 0000 0000 0000 8ca62387 b120332c: going to reseed nonblocking with 512 bits (512 of 0 requested)
[    2.069214] random 0000 0000 0000 8ca62387 b120332c: extract_entropy(.. 64 ..)
[    2.069216] random 0000 0000 0000 8ca62387 b120332c: trying to extract 512 bits from input
[    2.069218] random 0000 0000 0000 8ca62387 b120332c: debiting 0 entropy credits from input
[    2.069220] random 0000 0000 0000 8ca62387 b120332c: extract_entropy account returned: 0 
[    2.069223] random 0000 0000 0000 8ca62387 b120332c: urand_change_num 37 xfer_secondary_pool(64): pool_sig fffffed6, data_sig 00000000, bytes_mixed 0 8ca62387 b120332c
[    2.069226] random 0000 0000 0000 8ca62387 b120332c: trying to extract 512 bits from nonblocking
[    2.069228] random 0000 0000 0000 8ca62387 b120332c: debiting 512 entropy credits from nonblocking (unlimited)
[    2.069230] random 0000 0000 0000 8ca62387 b120332c: extract_entropy account returned: 64 
[    2.069233] random 0000 0000 0000 8ca62387 b120332c: urand_change_num 38 extract_buf: pool_sig fffffed6, data_sig fffffeb6, bytes_mixed 20 8ca62387 b120332c
[    2.069237] random 0000 0000 0000 90702413 e2a66c2e: urand_change_num 39 extract_buf: pool_sig fffffbb0, data_sig 0000012e, bytes_mixed 20 90702413 e2a66c2e
[    2.069242] random 0000 0000 0000 90702413 e2a66c2e: urand_change_num 40 extract_buf: pool_sig fffffaf1, data_sig ffffff3c, bytes_mixed 20 90702413 e2a66c2e
[    2.069246] random 0000 0000 0000 3f58038b c77aecb6: urand_change_num 41 extract_buf: pool_sig 00000234, data_sig fffffdec, bytes_mixed 20 3f58038b c77aecb6
[    2.069250] random 0000 0000 0000 47187b9d 03f21510: urand_change_num 42 extract_buf: pool_sig 00000192, data_sig 00000075, bytes_mixed 20 47187b9d 03f21510
[    2.069254] random 0000 0000 0000 47187b9d 03f21510: urand_change_num 43 extract_buf: pool_sig 0000018e, data_sig ffffffbf, bytes_mixed 20 47187b9d 03f21510
[    2.069258] random 0000 0000 0000 3180b1fc 0fa9c973: urand_change_num 44 extract_buf: pool_sig fffffecf, data_sig ffffff2a, bytes_mixed 20 3180b1fc 0fa9c973
[    2.069261] BEGIN NET_SECRET:
[    2.069262] \xffffff87
[    2.069263] \xffffff8d
[    2.069264] \xfffffff4
[    2.069265] \xffffffae
[    2.069266] \xffffffc3
[    2.069267] \xffffffb7
[    2.069269] \x31
[    2.069270] \x65
[    2.069271] \xffffffda
[    2.069272] \xffffffa2
[    2.069273] \x31
[    2.069274] \xffffffc8
[    2.069275] \xffffffa9
[    2.069276] \x76
[    2.069277] \x76
[    2.069278] \xffffff90
[    2.069279] \x55
[    2.069280] \xfffffff3
[    2.069281] \xffffffb1
[    2.069282] \x3
[    2.069284] \xffffffb3
[    2.069285] \xffffffa7
[    2.069286] \x5a
[    2.069287] \x71
[    2.069288] \x70
[    2.069289] \xffffff8c
[    2.069290] \x56
[    2.069291] \x25
[    2.069292] \xffffffe1
[    2.069293] \x4c
[    2.069294] \xffffffe6
[    2.069295] \xffffff95
[    2.069296] \x67
[    2.069297] \x4c
[    2.069298] \xffffffb9
[    2.069299] \x1d
[    2.069301] \xe
[    2.069302] \x34
[    2.069303] \xffffffbe
[    2.069304] \x12
[    2.069305] \x5
[    2.069306] \xffffff98
[    2.069307] \xffffffa0
[    2.069308] \xf
[    2.069309] \xffffffb2
[    2.069310] \xffffffde
[    2.069311] \xffffff99
[    2.069312] \xf
[    2.069313] \xffffffe8
[    2.069314] \xffffffc8
[    2.069315] \x1f
[    2.069317] \x54
[    2.069318] \x2c
[    2.069319] \xffffffee
[    2.069320] \x2e
[    2.069321] \x0
[    2.069322] \xffffff95
[    2.069323] \x0
[    2.069324] \xffffffe3
[    2.069325] \xffffffa7
[    2.069326] \xfffffffd
[    2.069327] \x66
[    2.069328] \xffffff92
[    2.069329] \xfffffff0
[    2.069330] 
[    2.069331] END NET_SECRET
[    2.069334] random 0000 0000 0000 3180b1fc 0fa9c973: rand_read_num 10 get_random_bytes(4): sig ffffff46 3180b1fc 0fa9c973
[    2.069336] random 0000 0000 0000 3180b1fc 0fa9c973: extract_entropy(.. 4 ..)
[    2.069338] random 0000 0000 0000 3180b1fc 0fa9c973: going to reseed nonblocking with 64 bits (32 of 0 requested)
[    2.069340] random 0000 0000 0000 3180b1fc 0fa9c973: extract_entropy(.. 8 ..)
[    2.069342] random 0000 0000 0000 3180b1fc 0fa9c973: trying to extract 64 bits from input
[    2.069344] random 0000 0000 0000 3180b1fc 0fa9c973: debiting 0 entropy credits from input
[    2.069346] random 0000 0000 0000 3180b1fc 0fa9c973: extract_entropy account returned: 0 
[    2.069349] random 0000 0000 0000 3180b1fc 0fa9c973: urand_change_num 45 xfer_secondary_pool(4): pool_sig ffffff46, data_sig 00000000, bytes_mixed 0 3180b1fc 0fa9c973
[    2.069351] random 0000 0000 0000 3180b1fc 0fa9c973: trying to extract 32 bits from nonblocking
[    2.069354] random 0000 0000 0000 3180b1fc 0fa9c973: debiting 32 entropy credits from nonblocking (unlimited)
[    2.069356] random 0000 0000 0000 3180b1fc 0fa9c973: extract_entropy account returned: 4 
[    2.069359] random 0000 0000 0000 3180b1fc 0fa9c973: urand_change_num 46 extract_buf: pool_sig ffffff46, data_sig 0000001b, bytes_mixed 20 3180b1fc 0fa9c973
[    2.241968] ata2.00: ATAPI: VMware Virtual IDE CDROM Drive, 00000001, max UDMA/33
[    2.242249] ata2.00: configured for UDMA/33
[    2.242633] scsi 1:0:0:0: CD-ROM            NECVMWar VMware IDE CDR10 1.00 PQ: 0 ANSI: 5
[    2.243916] sr0: scsi3-mmc drive: 306x/306x cd/rw xa/form2 cdda tray
[    2.243920] Uniform CD-ROM driver Revision: 3.20
[    2.243972] sr 1:0:0:0: Attached scsi CD-ROM sr0
[    2.244010] sr 1:0:0:0: Attached scsi generic sg0 type 5
[    2.244048] Freeing unused kernel memory: 652k freed
[    2.244100] Write protecting the kernel text: 4840k
[    2.244131] Write protecting the kernel read-only data: 1968k
[    2.244244] random 0000 0000 0000 38974d2b 1d8d6de0: rand_read_num 11 get_random_bytes(16): sig 000001c6 38974d2b 1d8d6de0
