[    0.000000] random 0000 0000 0000 00000000 00000000: rand_read_num 1 get_random_bytes(8): sig 00000000 00000000 00000000
[    0.000000] random 0000 0000 0000 00000000 00000000: extract_entropy(.. 8 ..)
[    0.000000] random 0000 0000 0000 00000000 00000000: going to reseed nonblocking with 64 bits (64 of 0 requested)
[    0.000000] random 0000 0000 0000 00000000 00000000: extract_entropy(.. 8 ..)
[    0.000000] random 0000 0000 0000 00000000 00000000: trying to extract 64 bits from input
[    0.000000] random 0000 0000 0000 00000000 00000000: debiting 0 entropy credits from input
[    0.000000] random 0000 0000 0000 00000000 00000000: extract_entropy account returned: 0 
[    0.000000] random 0000 0000 0000 00000000 00000000: urand_change_num 1 xfer_secondary_pool(8): pool_sig 00000000, data_sig 00000000, bytes_mixed 0 00000000 00000000
[    0.000000] random 0000 0000 0000 00000000 00000000: trying to extract 64 bits from nonblocking
[    0.000000] random 0000 0000 0000 00000000 00000000: debiting 64 entropy credits from nonblocking (unlimited)
[    0.000000] random 0000 0000 0000 00000000 00000000: extract_entropy account returned: 8 
[    0.000000] random 0000 0000 0000 00000000 00000000: urand_change_num 2 extract_buf: pool_sig 00000000, data_sig fffffff9, bytes_mixed 20 00000000 00000000
[    0.000000] Initializing cgroup subsys cpuset
[    0.000000] Initializing cgroup subsys cpu
[    0.000000] Linux version 2.6.32.57 (dcashman@ubuntu) (gcc version 4.6.3 (Ubuntu/Linaro 4.6.3-1ubuntu5) ) #4 SMP Fri May 24 11:09:26 PDT 2013
[    0.000000] KERNEL supported cpus:
[    0.000000]   Intel GenuineIntel
[    0.000000]   AMD AuthenticAMD
[    0.000000]   NSC Geode by NSC
[    0.000000]   Cyrix CyrixInstead
[    0.000000]   Centaur CentaurHauls
[    0.000000]   Transmeta GenuineTMx86
[    0.000000]   Transmeta TransmetaCPU
[    0.000000]   UMC UMC UMC UMC
[    0.000000] BIOS-provided physical RAM map:
[    0.000000]  BIOS-e820: 0000000000000000 - 000000000009f000 (usable)
[    0.000000]  BIOS-e820: 000000000009f000 - 00000000000a0000 (reserved)
[    0.000000]  BIOS-e820: 00000000000ca000 - 00000000000cc000 (reserved)
[    0.000000]  BIOS-e820: 00000000000dc000 - 0000000000100000 (reserved)
[    0.000000]  BIOS-e820: 0000000000100000 - 000000003fee0000 (usable)
[    0.000000]  BIOS-e820: 000000003fee0000 - 000000003feff000 (ACPI data)
[    0.000000]  BIOS-e820: 000000003feff000 - 000000003ff00000 (ACPI NVS)
[    0.000000]  BIOS-e820: 000000003ff00000 - 0000000040000000 (usable)
[    0.000000]  BIOS-e820: 00000000e0000000 - 00000000f0000000 (reserved)
[    0.000000]  BIOS-e820: 00000000fec00000 - 00000000fec10000 (reserved)
[    0.000000]  BIOS-e820: 00000000fee00000 - 00000000fee01000 (reserved)
[    0.000000]  BIOS-e820: 00000000fffe0000 - 0000000100000000 (reserved)
[    0.000000] DMI present.
[    0.000000] Phoenix BIOS detected: BIOS may corrupt low RAM, working around it.
[    0.000000] e820 update range: 0000000000000000 - 0000000000010000 (usable) ==> (reserved)
[    0.000000] last_pfn = 0x40000 max_arch_pfn = 0x1000000
[    0.000000] MTRR default type: uncachable
[    0.000000] MTRR fixed ranges enabled:
[    0.000000]   00000-9FFFF write-back
[    0.000000]   A0000-BFFFF uncachable
[    0.000000]   C0000-CBFFF write-protect
[    0.000000]   CC000-EFFFF uncachable
[    0.000000]   F0000-FFFFF write-protect
[    0.000000] MTRR variable ranges enabled:
[    0.000000]   0 base 0000000000 mask FFC0000000 write-back
[    0.000000]   1 disabled
[    0.000000]   2 disabled
[    0.000000]   3 disabled
[    0.000000]   4 disabled
[    0.000000]   5 disabled
[    0.000000]   6 disabled
[    0.000000]   7 disabled
[    0.000000] x86 PAT enabled: cpu 0, old 0x0, new 0x7010600070106
[    0.000000] Scanning 0 areas for low memory corruption
[    0.000000] modified physical RAM map:
[    0.000000]  modified: 0000000000000000 - 0000000000010000 (reserved)
[    0.000000]  modified: 0000000000010000 - 000000000009f000 (usable)
[    0.000000]  modified: 000000000009f000 - 00000000000a0000 (reserved)
[    0.000000]  modified: 00000000000ca000 - 00000000000cc000 (reserved)
[    0.000000]  modified: 00000000000dc000 - 0000000000100000 (reserved)
[    0.000000]  modified: 0000000000100000 - 000000003fee0000 (usable)
[    0.000000]  modified: 000000003fee0000 - 000000003feff000 (ACPI data)
[    0.000000]  modified: 000000003feff000 - 000000003ff00000 (ACPI NVS)
[    0.000000]  modified: 000000003ff00000 - 0000000040000000 (usable)
[    0.000000]  modified: 00000000e0000000 - 00000000f0000000 (reserved)
[    0.000000]  modified: 00000000fec00000 - 00000000fec10000 (reserved)
[    0.000000]  modified: 00000000fee00000 - 00000000fee01000 (reserved)
[    0.000000]  modified: 00000000fffe0000 - 0000000100000000 (reserved)
[    0.000000] initial memory mapped : 0 - 01e00000
[    0.000000] init_memory_mapping: 0000000000000000-00000000379fe000
[    0.000000] NX (Execute Disable) protection: active
[    0.000000]  0000000000 - 0000200000 page 4k
[    0.000000]  0000200000 - 0037800000 page 2M
[    0.000000]  0037800000 - 00379fe000 page 4k
[    0.000000] kernel direct mapping tables up to 379fe000 @ 10000-16000
[    0.000000] RAMDISK: 2dcfc000 - 32e758c3
[    0.000000] ACPI: RSDP 000f6b80 00024 (v02 PTLTD )
[    0.000000] ACPI: XSDT 3feed636 0005C (v01 INTEL  440BX    06040000 VMW  01324272)
[    0.000000] ACPI: FACP 3fefee98 000F4 (v04 INTEL  440BX    06040000 PTL  000F4240)
[    0.000000] ACPI: DSDT 3feee366 10B32 (v01 PTLTD  Custom   06040000 MSFT 03000001)
[    0.000000] ACPI: FACS 3fefffc0 00040
[    0.000000] ACPI: BOOT 3feee33e 00028 (v01 PTLTD  $SBFTBL$ 06040000  LTP 00000001)
[    0.000000] ACPI: APIC 3feedc3e 003C2 (v01 PTLTD  ? APIC   06040000  LTP 00000000)
[    0.000000] ACPI: MCFG 3feedc02 0003C (v01 PTLTD  $PCITBL$ 06040000  LTP 00000001)
[    0.000000] ACPI: SRAT 3feed732 004D0 (v02 VMWARE MEMPLUG  06040000 VMW  00000001)
[    0.000000] ACPI: HPET 3feed6fa 00038 (v01 VMWARE VMW HPET 06040000 VMW  00000001)
[    0.000000] ACPI: WAET 3feed6d2 00028 (v01 VMWARE VMW WAET 06040000 VMW  00000001)
[    0.000000] ACPI: Local APIC address 0xfee00000
[    0.000000] 134MB HIGHMEM available.
[    0.000000] 889MB LOWMEM available.
[    0.000000]   mapped low ram: 0 - 379fe000
[    0.000000]   low ram: 0 - 379fe000
[    0.000000]   node 0 low ram: 00000000 - 379fe000
[    0.000000]   node 0 bootmap 00012000 - 00018f40
[    0.000000] (9 early reservations) ==> bootmem [0000000000 - 00379fe000]
[    0.000000]   #0 [0000000000 - 0000001000]   BIOS data page ==> [0000000000 - 0000001000]
[    0.000000]   #1 [0000001000 - 0000002000]    EX TRAMPOLINE ==> [0000001000 - 0000002000]
[    0.000000]   #2 [0000006000 - 0000007000]       TRAMPOLINE ==> [0000006000 - 0000007000]
[    0.000000]   #3 [0001000000 - 0001a75ff8]    TEXT DATA BSS ==> [0001000000 - 0001a75ff8]
[    0.000000]   #4 [002dcfc000 - 0032e758c3]          RAMDISK ==> [002dcfc000 - 0032e758c3]
[    0.000000]   #5 [000009f000 - 0000100000]    BIOS reserved ==> [000009f000 - 0000100000]
[    0.000000]   #6 [0001a76000 - 0001a851c0]              BRK ==> [0001a76000 - 0001a851c0]
[    0.000000]   #7 [0000010000 - 0000012000]          PGTABLE ==> [0000010000 - 0000012000]
[    0.000000]   #8 [0000012000 - 0000019000]          BOOTMAP ==> [0000012000 - 0000019000]
[    0.000000] found SMP MP-table at [c00f6bf0] f6bf0
[    0.000000] Zone PFN ranges:
[    0.000000]   DMA      0x00000010 -> 0x00001000
[    0.000000]   Normal   0x00001000 -> 0x000379fe
[    0.000000]   HighMem  0x000379fe -> 0x00040000
[    0.000000] Movable zone start PFN for each node
[    0.000000] early_node_map[3] active PFN ranges
[    0.000000]     0: 0x00000010 -> 0x0000009f
[    0.000000]     0: 0x00000100 -> 0x0003fee0
[    0.000000]     0: 0x0003ff00 -> 0x00040000
[    0.000000] On node 0 totalpages: 261999
[    0.000000] free_area_init_node: node 0, pgdat c1715200, node_mem_map c1a87200
[    0.000000]   DMA zone: 32 pages used for memmap
[    0.000000]   DMA zone: 0 pages reserved
[    0.000000]   DMA zone: 3951 pages, LIFO batch:0
[    0.000000]   Normal zone: 1748 pages used for memmap
[    0.000000]   Normal zone: 221994 pages, LIFO batch:31
[    0.000000]   HighMem zone: 269 pages used for memmap
[    0.000000]   HighMem zone: 34005 pages, LIFO batch:7
[    0.000000] Using APIC driver default
[    0.000000] ACPI: PM-Timer IO Port: 0x1008
[    0.000000] ACPI: Local APIC address 0xfee00000
[    0.000000] ACPI: LAPIC (acpi_id[0x00] lapic_id[0x00] enabled)
[    0.000000] ACPI: LAPIC (acpi_id[0x01] lapic_id[0x02] disabled)
[    0.000000] ACPI: LAPIC (acpi_id[0x02] lapic_id[0x04] disabled)
[    0.000000] ACPI: LAPIC (acpi_id[0x03] lapic_id[0x06] disabled)
[    0.000000] ACPI: LAPIC (acpi_id[0x04] lapic_id[0x08] disabled)
[    0.000000] ACPI: LAPIC (acpi_id[0x05] lapic_id[0x0a] disabled)
[    0.000000] ACPI: LAPIC (acpi_id[0x06] lapic_id[0x0c] disabled)
[    0.000000] ACPI: LAPIC (acpi_id[0x07] lapic_id[0x0e] disabled)
[    0.000000] ACPI: LAPIC (acpi_id[0x08] lapic_id[0x10] disabled)
[    0.000000] ACPI: LAPIC (acpi_id[0x09] lapic_id[0x12] disabled)
[    0.000000] ACPI: LAPIC (acpi_id[0x0a] lapic_id[0x14] disabled)
[    0.000000] ACPI: LAPIC (acpi_id[0x0b] lapic_id[0x16] disabled)
[    0.000000] ACPI: LAPIC (acpi_id[0x0c] lapic_id[0x18] disabled)
[    0.000000] ACPI: LAPIC (acpi_id[0x0d] lapic_id[0x1a] disabled)
[    0.000000] ACPI: LAPIC (acpi_id[0x0e] lapic_id[0x1c] disabled)
[    0.000000] ACPI: LAPIC (acpi_id[0x0f] lapic_id[0x1e] disabled)
[    0.000000] ACPI: LAPIC (acpi_id[0x10] lapic_id[0x20] disabled)
[    0.000000] ACPI: LAPIC (acpi_id[0x11] lapic_id[0x22] disabled)
[    0.000000] ACPI: LAPIC (acpi_id[0x12] lapic_id[0x24] disabled)
[    0.000000] ACPI: LAPIC (acpi_id[0x13] lapic_id[0x26] disabled)
[    0.000000] ACPI: LAPIC (acpi_id[0x14] lapic_id[0x28] disabled)
[    0.000000] ACPI: LAPIC (acpi_id[0x15] lapic_id[0x2a] disabled)
[    0.000000] ACPI: LAPIC (acpi_id[0x16] lapic_id[0x2c] disabled)
[    0.000000] ACPI: LAPIC (acpi_id[0x17] lapic_id[0x2e] disabled)
[    0.000000] ACPI: LAPIC (acpi_id[0x18] lapic_id[0x30] disabled)
[    0.000000] ACPI: LAPIC (acpi_id[0x19] lapic_id[0x32] disabled)
[    0.000000] ACPI: LAPIC (acpi_id[0x1a] lapic_id[0x34] disabled)
[    0.000000] ACPI: LAPIC (acpi_id[0x1b] lapic_id[0x36] disabled)
[    0.000000] ACPI: LAPIC (acpi_id[0x1c] lapic_id[0x38] disabled)
[    0.000000] ACPI: LAPIC (acpi_id[0x1d] lapic_id[0x3a] disabled)
[    0.000000] ACPI: LAPIC (acpi_id[0x1e] lapic_id[0x3c] disabled)
[    0.000000] ACPI: LAPIC (acpi_id[0x1f] lapic_id[0x3e] disabled)
[    0.000000] ACPI: LAPIC (acpi_id[0x20] lapic_id[0x40] disabled)
[    0.000000] ACPI: LAPIC (acpi_id[0x21] lapic_id[0x42] disabled)
[    0.000000] ACPI: LAPIC (acpi_id[0x22] lapic_id[0x44] disabled)
[    0.000000] ACPI: LAPIC (acpi_id[0x23] lapic_id[0x46] disabled)
[    0.000000] ACPI: LAPIC (acpi_id[0x24] lapic_id[0x48] disabled)
[    0.000000] ACPI: LAPIC (acpi_id[0x25] lapic_id[0x4a] disabled)
[    0.000000] ACPI: LAPIC (acpi_id[0x26] lapic_id[0x4c] disabled)
[    0.000000] ACPI: LAPIC (acpi_id[0x27] lapic_id[0x4e] disabled)
[    0.000000] ACPI: LAPIC (acpi_id[0x28] lapic_id[0x50] disabled)
[    0.000000] ACPI: LAPIC (acpi_id[0x29] lapic_id[0x52] disabled)
[    0.000000] ACPI: LAPIC (acpi_id[0x2a] lapic_id[0x54] disabled)
[    0.000000] ACPI: LAPIC (acpi_id[0x2b] lapic_id[0x56] disabled)
[    0.000000] ACPI: LAPIC (acpi_id[0x2c] lapic_id[0x58] disabled)
[    0.000000] ACPI: LAPIC (acpi_id[0x2d] lapic_id[0x5a] disabled)
[    0.000000] ACPI: LAPIC (acpi_id[0x2e] lapic_id[0x5c] disabled)
[    0.000000] ACPI: LAPIC (acpi_id[0x2f] lapic_id[0x5e] disabled)
[    0.000000] ACPI: LAPIC (acpi_id[0x30] lapic_id[0x60] disabled)
[    0.000000] ACPI: LAPIC (acpi_id[0x31] lapic_id[0x62] disabled)
[    0.000000] ACPI: LAPIC (acpi_id[0x32] lapic_id[0x64] disabled)
[    0.000000] ACPI: LAPIC (acpi_id[0x33] lapic_id[0x66] disabled)
[    0.000000] ACPI: LAPIC (acpi_id[0x34] lapic_id[0x68] disabled)
[    0.000000] ACPI: LAPIC (acpi_id[0x35] lapic_id[0x6a] disabled)
[    0.000000] ACPI: LAPIC (acpi_id[0x36] lapic_id[0x6c] disabled)
[    0.000000] ACPI: LAPIC (acpi_id[0x37] lapic_id[0x6e] disabled)
[    0.000000] ACPI: LAPIC (acpi_id[0x38] lapic_id[0x70] disabled)
[    0.000000] ACPI: LAPIC (acpi_id[0x39] lapic_id[0x72] disabled)
[    0.000000] ACPI: LAPIC (acpi_id[0x3a] lapic_id[0x74] disabled)
[    0.000000] ACPI: LAPIC (acpi_id[0x3b] lapic_id[0x76] disabled)
[    0.000000] ACPI: LAPIC (acpi_id[0x3c] lapic_id[0x78] disabled)
[    0.000000] ACPI: LAPIC (acpi_id[0x3d] lapic_id[0x7a] disabled)
[    0.000000] ACPI: LAPIC (acpi_id[0x3e] lapic_id[0x7c] disabled)
[    0.000000] ACPI: LAPIC (acpi_id[0x3f] lapic_id[0x7e] disabled)
[    0.000000] ACPI: LAPIC_NMI (acpi_id[0x00] high edge lint[0x1])
[    0.000000] ACPI: LAPIC_NMI (acpi_id[0x01] high edge lint[0x1])
[    0.000000] ACPI: LAPIC_NMI (acpi_id[0x02] high edge lint[0x1])
[    0.000000] ACPI: LAPIC_NMI (acpi_id[0x03] high edge lint[0x1])
[    0.000000] ACPI: LAPIC_NMI (acpi_id[0x04] high edge lint[0x1])
[    0.000000] ACPI: LAPIC_NMI (acpi_id[0x05] high edge lint[0x1])
[    0.000000] ACPI: LAPIC_NMI (acpi_id[0x06] high edge lint[0x1])
[    0.000000] ACPI: LAPIC_NMI (acpi_id[0x07] high edge lint[0x1])
[    0.000000] ACPI: LAPIC_NMI (acpi_id[0x08] high edge lint[0x1])
[    0.000000] ACPI: LAPIC_NMI (acpi_id[0x09] high edge lint[0x1])
[    0.000000] ACPI: LAPIC_NMI (acpi_id[0x0a] high edge lint[0x1])
[    0.000000] ACPI: LAPIC_NMI (acpi_id[0x0b] high edge lint[0x1])
[    0.000000] ACPI: LAPIC_NMI (acpi_id[0x0c] high edge lint[0x1])
[    0.000000] ACPI: LAPIC_NMI (acpi_id[0x0d] high edge lint[0x1])
[    0.000000] ACPI: LAPIC_NMI (acpi_id[0x0e] high edge lint[0x1])
[    0.000000] ACPI: LAPIC_NMI (acpi_id[0x0f] high edge lint[0x1])
[    0.000000] ACPI: LAPIC_NMI (acpi_id[0x10] high edge lint[0x1])
[    0.000000] ACPI: LAPIC_NMI (acpi_id[0x11] high edge lint[0x1])
[    0.000000] ACPI: LAPIC_NMI (acpi_id[0x12] high edge lint[0x1])
[    0.000000] ACPI: LAPIC_NMI (acpi_id[0x13] high edge lint[0x1])
[    0.000000] ACPI: LAPIC_NMI (acpi_id[0x14] high edge lint[0x1])
[    0.000000] ACPI: LAPIC_NMI (acpi_id[0x15] high edge lint[0x1])
[    0.000000] ACPI: LAPIC_NMI (acpi_id[0x16] high edge lint[0x1])
[    0.000000] ACPI: LAPIC_NMI (acpi_id[0x17] high edge lint[0x1])
[    0.000000] ACPI: LAPIC_NMI (acpi_id[0x18] high edge lint[0x1])
[    0.000000] ACPI: LAPIC_NMI (acpi_id[0x19] high edge lint[0x1])
[    0.000000] ACPI: LAPIC_NMI (acpi_id[0x1a] high edge lint[0x1])
[    0.000000] ACPI: LAPIC_NMI (acpi_id[0x1b] high edge lint[0x1])
[    0.000000] ACPI: LAPIC_NMI (acpi_id[0x1c] high edge lint[0x1])
[    0.000000] ACPI: LAPIC_NMI (acpi_id[0x1d] high edge lint[0x1])
[    0.000000] ACPI: LAPIC_NMI (acpi_id[0x1e] high edge lint[0x1])
[    0.000000] ACPI: LAPIC_NMI (acpi_id[0x1f] high edge lint[0x1])
[    0.000000] ACPI: LAPIC_NMI (acpi_id[0x20] high edge lint[0x1])
[    0.000000] ACPI: LAPIC_NMI (acpi_id[0x21] high edge lint[0x1])
[    0.000000] ACPI: LAPIC_NMI (acpi_id[0x22] high edge lint[0x1])
[    0.000000] ACPI: LAPIC_NMI (acpi_id[0x23] high edge lint[0x1])
[    0.000000] ACPI: LAPIC_NMI (acpi_id[0x24] high edge lint[0x1])
[    0.000000] ACPI: LAPIC_NMI (acpi_id[0x25] high edge lint[0x1])
[    0.000000] ACPI: LAPIC_NMI (acpi_id[0x26] high edge lint[0x1])
[    0.000000] ACPI: LAPIC_NMI (acpi_id[0x27] high edge lint[0x1])
[    0.000000] ACPI: LAPIC_NMI (acpi_id[0x28] high edge lint[0x1])
[    0.000000] ACPI: LAPIC_NMI (acpi_id[0x29] high edge lint[0x1])
[    0.000000] ACPI: LAPIC_NMI (acpi_id[0x2a] high edge lint[0x1])
[    0.000000] ACPI: LAPIC_NMI (acpi_id[0x2b] high edge lint[0x1])
[    0.000000] ACPI: LAPIC_NMI (acpi_id[0x2c] high edge lint[0x1])
[    0.000000] ACPI: LAPIC_NMI (acpi_id[0x2d] high edge lint[0x1])
[    0.000000] ACPI: LAPIC_NMI (acpi_id[0x2e] high edge lint[0x1])
[    0.000000] ACPI: LAPIC_NMI (acpi_id[0x2f] high edge lint[0x1])
[    0.000000] ACPI: LAPIC_NMI (acpi_id[0x30] high edge lint[0x1])
[    0.000000] ACPI: LAPIC_NMI (acpi_id[0x31] high edge lint[0x1])
[    0.000000] ACPI: LAPIC_NMI (acpi_id[0x32] high edge lint[0x1])
[    0.000000] ACPI: LAPIC_NMI (acpi_id[0x33] high edge lint[0x1])
[    0.000000] ACPI: LAPIC_NMI (acpi_id[0x34] high edge lint[0x1])
[    0.000000] ACPI: LAPIC_NMI (acpi_id[0x35] high edge lint[0x1])
[    0.000000] ACPI: LAPIC_NMI (acpi_id[0x36] high edge lint[0x1])
[    0.000000] ACPI: LAPIC_NMI (acpi_id[0x37] high edge lint[0x1])
[    0.000000] ACPI: LAPIC_NMI (acpi_id[0x38] high edge lint[0x1])
[    0.000000] ACPI: LAPIC_NMI (acpi_id[0x39] high edge lint[0x1])
[    0.000000] ACPI: LAPIC_NMI (acpi_id[0x3a] high edge lint[0x1])
[    0.000000] ACPI: LAPIC_NMI (acpi_id[0x3b] high edge lint[0x1])
[    0.000000] ACPI: LAPIC_NMI (acpi_id[0x3c] high edge lint[0x1])
[    0.000000] ACPI: LAPIC_NMI (acpi_id[0x3d] high edge lint[0x1])
[    0.000000] ACPI: LAPIC_NMI (acpi_id[0x3e] high edge lint[0x1])
[    0.000000] ACPI: LAPIC_NMI (acpi_id[0x3f] high edge lint[0x1])
[    0.000000] ACPI: Skipping IOAPIC probe due to 'noapic' option.
[    0.000000] Using ACPI for processor (LAPIC) configuration information
[    0.000000] ACPI: HPET id: 0x8086af01 base: 0xfed00000
[    0.000000] Intel MultiProcessor Specification v1.4
[    0.000000]     Virtual Wire compatibility mode.
[    0.000000] MPTABLE: OEM ID: INTEL   
[    0.000000] MPTABLE: Product ID: 440BX       
[    0.000000] MPTABLE: APIC at: 0xFEE00000
[    0.000000] I/O APIC #1 Version 17 at 0xFEC00000.
[    0.000000] Processors: 1
[    0.000000] 64 Processors exceeds NR_CPUS limit of 8
[    0.000000] SMP: Allowing 8 CPUs, 7 hotplug CPUs
[    0.000000] nr_irqs_gsi: 24
[    0.000000] PM: Registered nosave memory: 000000000009f000 - 00000000000a0000
[    0.000000] PM: Registered nosave memory: 00000000000a0000 - 00000000000ca000
[    0.000000] PM: Registered nosave memory: 00000000000ca000 - 00000000000cc000
[    0.000000] PM: Registered nosave memory: 00000000000cc000 - 00000000000dc000
[    0.000000] PM: Registered nosave memory: 00000000000dc000 - 0000000000100000
[    0.000000] Allocating PCI resources starting at 40000000 (gap: 40000000:a0000000)
[    0.000000] Booting paravirtualized kernel on bare hardware
[    0.000000] NR_CPUS:8 nr_cpumask_bits:8 nr_cpu_ids:8 nr_node_ids:1
[    0.000000] PERCPU: Embedded 15 pages/cpu @c2400000 s39320 r0 d22120 u262144
[    0.000000] pcpu-alloc: s39320 r0 d22120 u262144 alloc=1*2097152
[    0.000000] pcpu-alloc: [0] 0 1 2 3 4 5 6 7 
[    0.000000] Built 1 zonelists in Zone order, mobility grouping on.  Total pages: 259950
[    0.000000] Kernel command line: BOOT_IMAGE=/boot/vmlinuz-2.6.32.57 root=UUID=007b598c-390d-4c65-84a1-4ff752d48633 ro quiet splash maxcpus=0
[    0.000000] PID hash table entries: 4096 (order: 2, 16384 bytes)
[    0.000000] Dentry cache hash table entries: 131072 (order: 7, 524288 bytes)
[    0.000000] Inode-cache hash table entries: 65536 (order: 6, 262144 bytes)
[    0.000000] Enabling fast FPU save and restore... done.
[    0.000000] Enabling unmasked SIMD FPU exception support... done.
[    0.000000] Initializing CPU#0
[    0.000000] xsave/xrstor: enabled xstate_bv 0x7, cntxt size 0x340
[    0.000000] allocated 5242560 bytes of page_cgroup
[    0.000000] please try 'cgroup_disable=memory' option if you don't want memory cgroups
[    0.000000] Initializing HighMem for node 0 (000379fe:00040000)
[    0.000000] Memory: 938260k/1048576k available (4839k kernel code, 108848k reserved, 2518k data, 652k init, 137096k highmem)
[    0.000000] virtual kernel memory layout:
[    0.000000]     fixmap  : 0xfff1e000 - 0xfffff000   ( 900 kB)
[    0.000000]     pkmap   : 0xffa00000 - 0xffc00000   (2048 kB)
[    0.000000]     vmalloc : 0xf81fe000 - 0xff9fe000   ( 120 MB)
[    0.000000]     lowmem  : 0xc0000000 - 0xf79fe000   ( 889 MB)
[    0.000000]       .init : 0xc1730000 - 0xc17d3000   ( 652 kB)
[    0.000000]       .data : 0xc14b9cce - 0xc172f764   (2518 kB)
[    0.000000]       .text : 0xc1000000 - 0xc14b9cce   (4839 kB)
[    0.000000] Checking if this processor honours the WP bit even in supervisor mode...Ok.
[    0.000000] SLUB: Genslabs=13, HWalign=64, Order=0-3, MinObjects=0, CPUs=8, Nodes=1
[    0.000000] Hierarchical RCU implementation.
[    0.000000] NR_IRQS:2304 nr_irqs:472
[    0.000000] Extended CMOS year: 2000
[    0.000000] Console: colour VGA+ 80x25
[    0.000000] console [tty0] enabled
[    0.000000] hpet clockevent registered
[    0.000000] TSC freq read from hypervisor : 2394.620 MHz
[    0.000000] Detected 2394.620 MHz processor.
[    0.000003] Calibrating delay loop (skipped) preset value.. 4789.24 BogoMIPS (lpj=9578480)
[    0.000016] Security Framework initialized
[    0.000020] SELinux:  Disabled at boot.
[    0.000026] Mount-cache hash table entries: 512
[    0.000145] Initializing cgroup subsys cpuacct
[    0.000148] Initializing cgroup subsys memory
[    0.000151] Initializing cgroup subsys devices
[    0.000153] Initializing cgroup subsys freezer
[    0.000179] CPU: Physical Processor ID: 0
[    0.000186] CPU: L1 I cache: 32K, L1 D cache: 32K
[    0.000187] CPU: L2 cache: 256K
[    0.000188] CPU: L3 cache: 4096K
[    0.000193] mce: CPU supports 0 MCE banks
[    0.000204] Performance Events: no PMU driver, software events only.
[    0.000214] Checking 'hlt' instruction... OK.
[    0.017450] SMP alternatives: switching to UP code
[    0.031681] ACPI: Core revision 20090903
[    0.038042] ACPI: setting ELCR to 0200 (from 0e20)
[    0.039699] ftrace: converting mcount calls to 0f 1f 44 00 00
[    0.039705] ftrace: allocating 22631 entries in 45 pages
[    0.057041] CANARY value: 7b3fbb44 for PID: 1
[    0.057115] Not enabling x2apic, Intr-remapping init failed.
[    0.057117] Enabling APIC mode:  Flat.  Using 1 I/O APICs
[    0.057138] SMP mode deactivated.
[    0.057163] SMP disabled
[    0.057220] Brought up 1 CPUs
[    0.057221] Total of 1 processors activated (4789.24 BogoMIPS).
[    0.057225] CPU0 attaching NULL sched-domain.
[    0.057294] devtmpfs: initialized
[    0.057401] sysctl table check failed: /kernel/random/now_input .1.40.7 Unknown sysctl binary path
[    0.057681] Pid: 1, comm: swapper Not tainted 2.6.32.57 #4
[    0.057682] Call Trace:
[    0.057686]  [<c14a8a0e>] ? printk+0x1d/0x1f
[    0.057689]  [<c107b56f>] set_fail+0x4f/0x60
[    0.057691]  [<c107b8b3>] sysctl_check_table+0x333/0x620
[    0.057692]  [<c107b8cc>] sysctl_check_table+0x34c/0x620
[    0.057694]  [<c107b8cc>] sysctl_check_table+0x34c/0x620
[    0.057698]  [<c1746d48>] sysctl_init+0x25/0x29
[    0.057700]  [<c1003042>] do_one_initcall+0x32/0x1a0
[    0.057702]  [<c1746d23>] ? sysctl_init+0x0/0x29
[    0.057704]  [<c17308e7>] kernel_init+0x12d/0x17a
[    0.057706]  [<c17307ba>] ? kernel_init+0x0/0x17a
[    0.057708]  [<c1009b07>] kernel_thread_helper+0x7/0x10
[    0.057710] sysctl table check failed: /kernel/random/now_blocking .1.40.8 Unknown sysctl binary path
[    0.057973] Pid: 1, comm: swapper Not tainted 2.6.32.57 #4
[    0.057973] Call Trace:
[    0.057975]  [<c14a8a0e>] ? printk+0x1d/0x1f
[    0.057977]  [<c107b56f>] set_fail+0x4f/0x60
[    0.057978]  [<c107b8b3>] sysctl_check_table+0x333/0x620
[    0.057980]  [<c107b8cc>] sysctl_check_table+0x34c/0x620
[    0.057982]  [<c107b8cc>] sysctl_check_table+0x34c/0x620
[    0.057984]  [<c1746d48>] sysctl_init+0x25/0x29
[    0.057985]  [<c1003042>] do_one_initcall+0x32/0x1a0
[    0.057988]  [<c1746d23>] ? sysctl_init+0x0/0x29
[    0.057989]  [<c17308e7>] kernel_init+0x12d/0x17a
[    0.057991]  [<c17307ba>] ? kernel_init+0x0/0x17a
[    0.057992]  [<c1009b07>] kernel_thread_helper+0x7/0x10
[    0.057994] sysctl table check failed: /kernel/random/now_nonblocking .1.40.9 Unknown sysctl binary path
[    0.058225] Pid: 1, comm: swapper Not tainted 2.6.32.57 #4
[    0.058226] Call Trace:
[    0.058227]  [<c14a8a0e>] ? printk+0x1d/0x1f
[    0.058229]  [<c107b56f>] set_fail+0x4f/0x60
[    0.058230]  [<c107b8b3>] sysctl_check_table+0x333/0x620
[    0.058232]  [<c107b8cc>] sysctl_check_table+0x34c/0x620
[    0.058233]  [<c107b8cc>] sysctl_check_table+0x34c/0x620
[    0.058236]  [<c1746d48>] sysctl_init+0x25/0x29
[    0.058237]  [<c1003042>] do_one_initcall+0x32/0x1a0
[    0.058239]  [<c1746d23>] ? sysctl_init+0x0/0x29
[    0.058241]  [<c17308e7>] kernel_init+0x12d/0x17a
[    0.058242]  [<c17307ba>] ? kernel_init+0x0/0x17a
[    0.058244]  [<c1009b07>] kernel_thread_helper+0x7/0x10
[    0.058245] sysctl table check failed: /kernel/random/nb_input_bytes .1.40.10 Unknown sysctl binary path
[    0.058476] Pid: 1, comm: swapper Not tainted 2.6.32.57 #4
[    0.058477] Call Trace:
[    0.058478]  [<c14a8a0e>] ? printk+0x1d/0x1f
[    0.058479]  [<c107b56f>] set_fail+0x4f/0x60
[    0.058481]  [<c107b8b3>] sysctl_check_table+0x333/0x620
[    0.058482]  [<c107b8cc>] sysctl_check_table+0x34c/0x620
[    0.058484]  [<c107b8cc>] sysctl_check_table+0x34c/0x620
[    0.058486]  [<c1746d48>] sysctl_init+0x25/0x29
[    0.058488]  [<c1003042>] do_one_initcall+0x32/0x1a0
[    0.058490]  [<c1746d23>] ? sysctl_init+0x0/0x29
[    0.058491]  [<c17308e7>] kernel_init+0x12d/0x17a
[    0.058493]  [<c17307ba>] ? kernel_init+0x0/0x17a
[    0.058494]  [<c1009b07>] kernel_thread_helper+0x7/0x10
[    0.058496] sysctl table check failed: /kernel/random/nb_stir_count .1.40.11 Unknown sysctl binary path
[    0.058726] Pid: 1, comm: swapper Not tainted 2.6.32.57 #4
[    0.058726] Call Trace:
[    0.058728]  [<c14a8a0e>] ? printk+0x1d/0x1f
[    0.058729]  [<c107b56f>] set_fail+0x4f/0x60
[    0.058731]  [<c107b8b3>] sysctl_check_table+0x333/0x620
[    0.058732]  [<c107b8cc>] sysctl_check_table+0x34c/0x620
[    0.058734]  [<c107b8cc>] sysctl_check_table+0x34c/0x620
[    0.058736]  [<c1746d48>] sysctl_init+0x25/0x29
[    0.058738]  [<c1003042>] do_one_initcall+0x32/0x1a0
[    0.058740]  [<c1746d23>] ? sysctl_init+0x0/0x29
[    0.058741]  [<c17308e7>] kernel_init+0x12d/0x17a
[    0.058743]  [<c17307ba>] ? kernel_init+0x0/0x17a
[    0.058744]  [<c1009b07>] kernel_thread_helper+0x7/0x10
[    0.058745] sysctl table check failed: /kernel/random/nb_reentry_count .1.40.12 Unknown sysctl binary path
[    0.059016] Pid: 1, comm: swapper Not tainted 2.6.32.57 #4
[    0.059017] Call Trace:
[    0.059018]  [<c14a8a0e>] ? printk+0x1d/0x1f
[    0.059020]  [<c107b56f>] set_fail+0x4f/0x60
[    0.059021]  [<c107b8b3>] sysctl_check_table+0x333/0x620
[    0.059023]  [<c107b8cc>] sysctl_check_table+0x34c/0x620
[    0.059025]  [<c107b8cc>] sysctl_check_table+0x34c/0x620
[    0.059027]  [<c1746d48>] sysctl_init+0x25/0x29
[    0.059028]  [<c1003042>] do_one_initcall+0x32/0x1a0
[    0.059030]  [<c1746d23>] ? sysctl_init+0x0/0x29
[    0.059032]  [<c17308e7>] kernel_init+0x12d/0x17a
[    0.059033]  [<c17307ba>] ? kernel_init+0x0/0x17a
[    0.059035]  [<c1009b07>] kernel_thread_helper+0x7/0x10
[    0.059148] RANDOM - __seed init called.
[    0.059149] RANDOM - __seed init called.
[    0.059149] RANDOM - __seed init called.
[    0.059151] RANDOM - __random32 called. Change num 1.  Value: 7576a435	efb61e22	b7f78320
[    0.059152] RANDOM - __random32 called. Change num 2.  Value: 6a43543e	fb61e228	6410973
[    0.059153] RANDOM - __random32 called. Change num 3.  Value: 3543e018	b61e228b	12e68928
[    0.059154] RANDOM - __random32 called. Change num 4.  Value: 3e018928	61e228b7	1250ba58
[    0.059156] RANDOM - __random32 called. Change num 5.  Value: 189281e4	1e228b73	74b01aad
[    0.059157] RANDOM - __random32 called. Change num 6.  Value: 281e4915	e228b733	355a2619
[    0.059158] RANDOM - random32 init called.  Value: 281e4915	e228b733	355a2619
[    0.059164] regulator: core version 0.5
[    0.059228] Time:  0:43:52  Date: 05/25/13
[    0.059263] NET: Registered protocol family 16
[    0.059324] EISA bus registered
[    0.060109] ACPI: bus type pci registered
[    0.060269] PCI: MCFG configuration 0: base e0000000 segment 0 buses 0 - 255
[    0.060271] PCI: MCFG area at e0000000 reserved in E820
[    0.060272] PCI: Using MMCONFIG for extended config space
[    0.060273] PCI: Using configuration type 1 for base access
[    0.060719] bio: create slab <bio-0> at 0
[    0.061955] ACPI: EC: Look up EC in DSDT
[    0.100038] ACPI: BIOS _OSI(Linux) query ignored
[    0.106365] ACPI: Interpreter enabled
[    0.106369] ACPI: (supports S0 S1 S4 S5)
[    0.106381] ACPI: Using PIC for interrupt routing
[    0.190469] ACPI: No dock devices found.
[    0.191338] ACPI: PCI Root Bridge [PCI0] (0000:00)
[    0.193005] pci 0000:00:07.1: reg 20 io port: [0x10c0-0x10cf]
[    0.193541] pci 0000:00:07.3: quirk: region 1000-103f claimed by PIIX4 ACPI
[    0.193553] pci 0000:00:07.3: quirk: region 1040-104f claimed by PIIX4 SMB
[    0.194166] pci 0000:00:07.7: reg 10 io port: [0x1080-0x10bf]
[    0.194543] pci 0000:00:07.7: reg 14 64bit mmio: [0xc8000000-0xc8001fff]
[    0.195771] pci 0000:00:0f.0: reg 10 io port: [0x10d0-0x10df]
[    0.195812] pci 0000:00:0f.0: reg 14 32bit mmio pref: [0xd0000000-0xd7ffffff]
[    0.195852] pci 0000:00:0f.0: reg 18 32bit mmio: [0xc8800000-0xc8ffffff]
[    0.196004] pci 0000:00:0f.0: reg 30 32bit mmio pref: [0x000000-0x007fff]
[    0.196565] pci 0000:00:10.0: reg 10 io port: [0x1400-0x14ff]
[    0.196950] pci 0000:00:10.0: reg 14 64bit mmio: [0xc8040000-0xc805ffff]
[    0.197306] pci 0000:00:10.0: reg 1c 64bit mmio: [0xc8020000-0xc803ffff]
[    0.197385] pci 0000:00:10.0: reg 30 32bit mmio pref: [0x000000-0x003fff]
[    0.198896] pci 0000:00:15.0: PME# supported from D0 D3hot D3cold
[    0.198917] pci 0000:00:15.0: PME# disabled
[    0.199889] pci 0000:00:15.1: PME# supported from D0 D3hot D3cold
[    0.199912] pci 0000:00:15.1: PME# disabled
[    0.200778] pci 0000:00:15.2: PME# supported from D0 D3hot D3cold
[    0.200799] pci 0000:00:15.2: PME# disabled
[    0.201662] pci 0000:00:15.3: PME# supported from D0 D3hot D3cold
[    0.201689] pci 0000:00:15.3: PME# disabled
[    0.202542] pci 0000:00:15.4: PME# supported from D0 D3hot D3cold
[    0.202561] pci 0000:00:15.4: PME# disabled
[    0.203448] pci 0000:00:15.5: PME# supported from D0 D3hot D3cold
[    0.203468] pci 0000:00:15.5: PME# disabled
[    0.204377] pci 0000:00:15.6: PME# supported from D0 D3hot D3cold
[    0.204397] pci 0000:00:15.6: PME# disabled
[    0.205258] pci 0000:00:15.7: PME# supported from D0 D3hot D3cold
[    0.205278] pci 0000:00:15.7: PME# disabled
[    0.206137] pci 0000:00:16.0: PME# supported from D0 D3hot D3cold
[    0.206156] pci 0000:00:16.0: PME# disabled
[    0.207020] pci 0000:00:16.1: PME# supported from D0 D3hot D3cold
[    0.207040] pci 0000:00:16.1: PME# disabled
[    0.207909] pci 0000:00:16.2: PME# supported from D0 D3hot D3cold
[    0.207929] pci 0000:00:16.2: PME# disabled
[    0.208802] pci 0000:00:16.3: PME# supported from D0 D3hot D3cold
[    0.208822] pci 0000:00:16.3: PME# disabled
[    0.209675] pci 0000:00:16.4: PME# supported from D0 D3hot D3cold
[    0.209695] pci 0000:00:16.4: PME# disabled
[    0.210546] pci 0000:00:16.5: PME# supported from D0 D3hot D3cold
[    0.210566] pci 0000:00:16.5: PME# disabled
[    0.211487] pci 0000:00:16.6: PME# supported from D0 D3hot D3cold
[    0.211509] pci 0000:00:16.6: PME# disabled
[    0.212437] pci 0000:00:16.7: PME# supported from D0 D3hot D3cold
[    0.212458] pci 0000:00:16.7: PME# disabled
[    0.213400] pci 0000:00:17.0: PME# supported from D0 D3hot D3cold
[    0.213421] pci 0000:00:17.0: PME# disabled
[    0.214341] pci 0000:00:17.1: PME# supported from D0 D3hot D3cold
[    0.214362] pci 0000:00:17.1: PME# disabled
[    0.215291] pci 0000:00:17.2: PME# supported from D0 D3hot D3cold
[    0.215312] pci 0000:00:17.2: PME# disabled
[    0.216248] pci 0000:00:17.3: PME# supported from D0 D3hot D3cold
[    0.216270] pci 0000:00:17.3: PME# disabled
[    0.217184] pci 0000:00:17.4: PME# supported from D0 D3hot D3cold
[    0.217206] pci 0000:00:17.4: PME# disabled
[    0.218132] pci 0000:00:17.5: PME# supported from D0 D3hot D3cold
[    0.218153] pci 0000:00:17.5: PME# disabled
[    0.219081] pci 0000:00:17.6: PME# supported from D0 D3hot D3cold
[    0.219102] pci 0000:00:17.6: PME# disabled
[    0.220047] pci 0000:00:17.7: PME# supported from D0 D3hot D3cold
[    0.220068] pci 0000:00:17.7: PME# disabled
[    0.220993] pci 0000:00:18.0: PME# supported from D0 D3hot D3cold
[    0.221014] pci 0000:00:18.0: PME# disabled
[    0.221938] pci 0000:00:18.1: PME# supported from D0 D3hot D3cold
[    0.221958] pci 0000:00:18.1: PME# disabled
[    0.222893] pci 0000:00:18.2: PME# supported from D0 D3hot D3cold
[    0.222914] pci 0000:00:18.2: PME# disabled
[    0.223846] pci 0000:00:18.3: PME# supported from D0 D3hot D3cold
[    0.223866] pci 0000:00:18.3: PME# disabled
[    0.224784] pci 0000:00:18.4: PME# supported from D0 D3hot D3cold
[    0.224805] pci 0000:00:18.4: PME# disabled
[    0.225727] pci 0000:00:18.5: PME# supported from D0 D3hot D3cold
[    0.225748] pci 0000:00:18.5: PME# disabled
[    0.226653] pci 0000:00:18.6: PME# supported from D0 D3hot D3cold
[    0.226691] pci 0000:00:18.6: PME# disabled
[    0.227599] pci 0000:00:18.7: PME# supported from D0 D3hot D3cold
[    0.227627] pci 0000:00:18.7: PME# disabled
[    0.228816] pci 0000:02:00.0: reg 20 io port: [0x20c0-0x20df]
[    0.229308] pci 0000:02:01.0: reg 10 io port: [0x2000-0x207f]
[    0.229547] pci 0000:02:01.0: reg 30 32bit mmio pref: [0x000000-0x00ffff]
[    0.230128] pci 0000:02:02.0: reg 10 io port: [0x2080-0x20bf]
[    0.230812] pci 0000:02:03.0: reg 10 32bit mmio: [0xc9000000-0xc9000fff]
[    0.231373] pci 0000:00:11.0: transparent bridge
[    0.231393] pci 0000:00:11.0: bridge io port: [0x2000-0x3fff]
[    0.231414] pci 0000:00:11.0: bridge 32bit mmio: [0xc9000000-0xca3fffff]
[    0.231452] pci 0000:00:11.0: bridge 64bit mmio pref: [0xd8400000-0xd89fffff]
[    0.231865] pci 0000:00:15.0: bridge io port: [0x4000-0x4fff]
[    0.231886] pci 0000:00:15.0: bridge 32bit mmio: [0xca400000-0xca4fffff]
[    0.231925] pci 0000:00:15.0: bridge 64bit mmio pref: [0xd8a00000-0xd8afffff]
[    0.232287] pci 0000:00:15.1: bridge io port: [0x8000-0x8fff]
[    0.232307] pci 0000:00:15.1: bridge 32bit mmio: [0xca800000-0xca8fffff]
[    0.232345] pci 0000:00:15.1: bridge 64bit mmio pref: [0xd8e00000-0xd8efffff]
[    0.232708] pci 0000:00:15.2: bridge io port: [0xc000-0xcfff]
[    0.232728] pci 0000:00:15.2: bridge 32bit mmio: [0xcac00000-0xcacfffff]
[    0.232766] pci 0000:00:15.2: bridge 64bit mmio pref: [0xd9200000-0xd92fffff]
[    0.233150] pci 0000:00:15.3: bridge 32bit mmio: [0xcb000000-0xcb0fffff]
[    0.233188] pci 0000:00:15.3: bridge 64bit mmio pref: [0xd9600000-0xd96fffff]
[    0.233561] pci 0000:00:15.4: bridge 32bit mmio: [0xcb400000-0xcb4fffff]
[    0.233599] pci 0000:00:15.4: bridge 64bit mmio pref: [0xd9a00000-0xd9afffff]
[    0.233999] pci 0000:00:15.5: bridge 32bit mmio: [0xcb800000-0xcb8fffff]
[    0.234038] pci 0000:00:15.5: bridge 64bit mmio pref: [0xd9e00000-0xd9efffff]
[    0.234411] pci 0000:00:15.6: bridge 32bit mmio: [0xcbc00000-0xcbcfffff]
[    0.234449] pci 0000:00:15.6: bridge 64bit mmio pref: [0xda200000-0xda2fffff]
[    0.234872] pci 0000:00:15.7: bridge 32bit mmio: [0xcc000000-0xcc0fffff]
[    0.234910] pci 0000:00:15.7: bridge 64bit mmio pref: [0xda600000-0xda6fffff]
[    0.235266] pci 0000:00:16.0: bridge io port: [0x5000-0x5fff]
[    0.235286] pci 0000:00:16.0: bridge 32bit mmio: [0xca500000-0xca5fffff]
[    0.235324] pci 0000:00:16.0: bridge 64bit mmio pref: [0xd8b00000-0xd8bfffff]
[    0.235693] pci 0000:00:16.1: bridge io port: [0x9000-0x9fff]
[    0.235713] pci 0000:00:16.1: bridge 32bit mmio: [0xca900000-0xca9fffff]
[    0.235751] pci 0000:00:16.1: bridge 64bit mmio pref: [0xd8f00000-0xd8ffffff]
[    0.236107] pci 0000:00:16.2: bridge io port: [0xd000-0xdfff]
[    0.236127] pci 0000:00:16.2: bridge 32bit mmio: [0xcad00000-0xcadfffff]
[    0.236165] pci 0000:00:16.2: bridge 64bit mmio pref: [0xd9300000-0xd93fffff]
[    0.236539] pci 0000:00:16.3: bridge 32bit mmio: [0xcb100000-0xcb1fffff]
[    0.236577] pci 0000:00:16.3: bridge 64bit mmio pref: [0xd9700000-0xd97fffff]
[    0.236960] pci 0000:00:16.4: bridge 32bit mmio: [0xcb500000-0xcb5fffff]
[    0.236998] pci 0000:00:16.4: bridge 64bit mmio pref: [0xd9b00000-0xd9bfffff]
[    0.237375] pci 0000:00:16.5: bridge 32bit mmio: [0xcb900000-0xcb9fffff]
[    0.237413] pci 0000:00:16.5: bridge 64bit mmio pref: [0xd9f00000-0xd9ffffff]
[    0.237789] pci 0000:00:16.6: bridge 32bit mmio: [0xcbd00000-0xcbdfffff]
[    0.237827] pci 0000:00:16.6: bridge 64bit mmio pref: [0xda300000-0xda3fffff]
[    0.238202] pci 0000:00:16.7: bridge 32bit mmio: [0xcc100000-0xcc1fffff]
[    0.238240] pci 0000:00:16.7: bridge 64bit mmio pref: [0xda700000-0xda7fffff]
[    0.238596] pci 0000:00:17.0: bridge io port: [0x6000-0x6fff]
[    0.238616] pci 0000:00:17.0: bridge 32bit mmio: [0xca600000-0xca6fffff]
[    0.238684] pci 0000:00:17.0: bridge 64bit mmio pref: [0xd8c00000-0xd8cfffff]
[    0.239040] pci 0000:00:17.1: bridge io port: [0xa000-0xafff]
[    0.239061] pci 0000:00:17.1: bridge 32bit mmio: [0xcaa00000-0xcaafffff]
[    0.239099] pci 0000:00:17.1: bridge 64bit mmio pref: [0xd9000000-0xd90fffff]
[    0.239456] pci 0000:00:17.2: bridge io port: [0xe000-0xefff]
[    0.239476] pci 0000:00:17.2: bridge 32bit mmio: [0xcae00000-0xcaefffff]
[    0.239514] pci 0000:00:17.2: bridge 64bit mmio pref: [0xd9400000-0xd94fffff]
[    0.239906] pci 0000:00:17.3: bridge 32bit mmio: [0xcb200000-0xcb2fffff]
[    0.239945] pci 0000:00:17.3: bridge 64bit mmio pref: [0xd9800000-0xd98fffff]
[    0.240321] pci 0000:00:17.4: bridge 32bit mmio: [0xcb600000-0xcb6fffff]
[    0.240359] pci 0000:00:17.4: bridge 64bit mmio pref: [0xd9c00000-0xd9cfffff]
[    0.240741] pci 0000:00:17.5: bridge 32bit mmio: [0xcba00000-0xcbafffff]
[    0.240779] pci 0000:00:17.5: bridge 64bit mmio pref: [0xda000000-0xda0fffff]
[    0.241153] pci 0000:00:17.6: bridge 32bit mmio: [0xcbe00000-0xcbefffff]
[    0.241191] pci 0000:00:17.6: bridge 64bit mmio pref: [0xda400000-0xda4fffff]
[    0.241564] pci 0000:00:17.7: bridge 32bit mmio: [0xcc200000-0xcc2fffff]
[    0.241602] pci 0000:00:17.7: bridge 64bit mmio pref: [0xda800000-0xda8fffff]
[    0.241957] pci 0000:00:18.0: bridge io port: [0x7000-0x7fff]
[    0.241978] pci 0000:00:18.0: bridge 32bit mmio: [0xca700000-0xca7fffff]
[    0.242016] pci 0000:00:18.0: bridge 64bit mmio pref: [0xd8d00000-0xd8dfffff]
[    0.242371] pci 0000:00:18.1: bridge io port: [0xb000-0xbfff]
[    0.242391] pci 0000:00:18.1: bridge 32bit mmio: [0xcab00000-0xcabfffff]
[    0.242429] pci 0000:00:18.1: bridge 64bit mmio pref: [0xd9100000-0xd91fffff]
[    0.242792] pci 0000:00:18.2: bridge io port: [0xf000-0xffff]
[    0.242812] pci 0000:00:18.2: bridge 32bit mmio: [0xcaf00000-0xcaffffff]
[    0.242850] pci 0000:00:18.2: bridge 64bit mmio pref: [0xd9500000-0xd95fffff]
[    0.243225] pci 0000:00:18.3: bridge 32bit mmio: [0xcb300000-0xcb3fffff]
[    0.243263] pci 0000:00:18.3: bridge 64bit mmio pref: [0xd9900000-0xd99fffff]
[    0.243655] pci 0000:00:18.4: bridge 32bit mmio: [0xcb700000-0xcb7fffff]
[    0.243694] pci 0000:00:18.4: bridge 64bit mmio pref: [0xd9d00000-0xd9dfffff]
[    0.244068] pci 0000:00:18.5: bridge 32bit mmio: [0xcbb00000-0xcbbfffff]
[    0.244106] pci 0000:00:18.5: bridge 64bit mmio pref: [0xda100000-0xda1fffff]
[    0.244480] pci 0000:00:18.6: bridge 32bit mmio: [0xcbf00000-0xcbffffff]
[    0.244518] pci 0000:00:18.6: bridge 64bit mmio pref: [0xda500000-0xda5fffff]
[    0.244900] pci 0000:00:18.7: bridge 32bit mmio: [0xcc300000-0xcc3fffff]
[    0.244938] pci 0000:00:18.7: bridge 64bit mmio pref: [0xda900000-0xda9fffff]
[    0.246412] pci_bus 0000:00: on NUMA node 0
[    0.246421] ACPI: PCI Interrupt Routing Table [\_SB_.PCI0._PRT]
[    0.471432] ACPI: PCI Interrupt Link [LNKA] (IRQs 3 4 5 6 7 *9 10 11 14 15)
[    0.471587] ACPI: PCI Interrupt Link [LNKB] (IRQs 3 4 5 6 7 9 10 *11 14 15)
[    0.471738] ACPI: PCI Interrupt Link [LNKC] (IRQs 3 4 5 6 7 9 *10 11 14 15)
[    0.471887] ACPI: PCI Interrupt Link [LNKD] (IRQs 3 4 *5 6 7 9 10 11 14 15)
[    0.472023] vgaarb: device added: PCI:0000:00:0f.0,decodes=io+mem,owns=io+mem,locks=none
[    0.472033] vgaarb: loaded
[    0.472128] SCSI subsystem initialized
[    0.472173] libata version 3.00 loaded.
[    0.472213] usbcore: registered new interface driver usbfs
[    0.472225] usbcore: registered new interface driver hub
[    0.472241] usbcore: registered new device driver usb
[    0.472323] PCI: Using ACPI for IRQ routing
[    0.473278] NetLabel: Initializing
[    0.473279] NetLabel:  domain hash size = 128
[    0.473280] NetLabel:  protocols = UNLABELED CIPSOv4
[    0.473287] NetLabel:  unlabeled traffic allowed by default
[    0.473408] hpet0: at MMIO 0xfed00000, IRQs 2, 8, 0, 0, 0, 0, 0, 0, 0, 0, 0, 0, 0, 0, 0, 0
[    0.473415] hpet0: 16 comparators, 64-bit 14.318180 MHz counter
[    0.475494] Switching to clocksource tsc
[    0.482704] pnp: PnP ACPI init
[    0.482714] ACPI: bus type pnp registered
[    0.525476] pnp: PnP ACPI: found 14 devices
[    0.525478] ACPI: ACPI bus type pnp unregistered
[    0.525481] PnPBIOS: Disabled by ACPI PNP
[    0.525491] system 00:01: ioport range 0x1000-0x103f has been reserved
[    0.525493] system 00:01: ioport range 0x1040-0x104f has been reserved
[    0.525494] system 00:01: ioport range 0xcf0-0xcf1 has been reserved
[    0.525500] system 00:08: iomem range 0xfed00000-0xfed003ff has been reserved
[    0.525504] system 00:0d: ioport range 0x1060-0x107f has been reserved
[    0.525506] system 00:0d: iomem range 0xe0000000-0xefffffff has been reserved
[    0.525508] system 00:0d: iomem range 0xc8200000-0xc83fffff has been reserved
[    0.560415] pci 0000:00:15.3: BAR 13: can't allocate I/O resource [0x10000-0xffff]
[    0.560419] pci 0000:00:15.4: BAR 13: can't allocate I/O resource [0x10000-0xffff]
[    0.560422] pci 0000:00:15.5: BAR 13: can't allocate I/O resource [0x10000-0xffff]
[    0.560424] pci 0000:00:15.6: BAR 13: can't allocate I/O resource [0x10000-0xffff]
[    0.560427] pci 0000:00:15.7: BAR 13: can't allocate I/O resource [0x10000-0xffff]
[    0.560430] pci 0000:00:16.3: BAR 13: can't allocate I/O resource [0x10000-0xffff]
[    0.560432] pci 0000:00:16.4: BAR 13: can't allocate I/O resource [0x10000-0xffff]
[    0.560435] pci 0000:00:16.5: BAR 13: can't allocate I/O resource [0x10000-0xffff]
[    0.560438] pci 0000:00:16.6: BAR 13: can't allocate I/O resource [0x10000-0xffff]
[    0.560440] pci 0000:00:16.7: BAR 13: can't allocate I/O resource [0x10000-0xffff]
[    0.560443] pci 0000:00:17.3: BAR 13: can't allocate I/O resource [0x10000-0xffff]
[    0.560446] pci 0000:00:17.4: BAR 13: can't allocate I/O resource [0x10000-0xffff]
[    0.560448] pci 0000:00:17.5: BAR 13: can't allocate I/O resource [0x10000-0xffff]
[    0.560451] pci 0000:00:17.6: BAR 13: can't allocate I/O resource [0x10000-0xffff]
[    0.560453] pci 0000:00:17.7: BAR 13: can't allocate I/O resource [0x10000-0xffff]
[    0.560456] pci 0000:00:18.3: BAR 13: can't allocate I/O resource [0x10000-0xffff]
[    0.560459] pci 0000:00:18.4: BAR 13: can't allocate I/O resource [0x10000-0xffff]
[    0.560461] pci 0000:00:18.5: BAR 13: can't allocate I/O resource [0x10000-0xffff]
[    0.560464] pci 0000:00:18.6: BAR 13: can't allocate I/O resource [0x10000-0xffff]
[    0.560467] pci 0000:00:18.7: BAR 13: can't allocate I/O resource [0x10000-0xffff]
[    0.560469] pci 0000:00:01.0: PCI bridge, secondary bus 0000:01
[    0.560470] pci 0000:00:01.0:   IO window: disabled
[    0.560502] pci 0000:00:01.0:   MEM window: disabled
[    0.560523] pci 0000:00:01.0:   PREFETCH window: disabled
[    0.560564] pci 0000:00:11.0: PCI bridge, secondary bus 0000:02
[    0.560576] pci 0000:00:11.0:   IO window: 0x2000-0x3fff
[    0.560608] pci 0000:00:11.0:   MEM window: 0xc9000000-0xca3fffff
[    0.560629] pci 0000:00:11.0:   PREFETCH window: 0x000000d8400000-0x000000d89fffff
[    0.560669] pci 0000:00:15.0: PCI bridge, secondary bus 0000:03
[    0.560681] pci 0000:00:15.0:   IO window: 0x4000-0x4fff
[    0.560712] pci 0000:00:15.0:   MEM window: 0xca400000-0xca4fffff
[    0.560751] pci 0000:00:15.0:   PREFETCH window: 0x000000d8a00000-0x000000d8afffff
[    0.560815] pci 0000:00:15.1: PCI bridge, secondary bus 0000:04
[    0.560827] pci 0000:00:15.1:   IO window: 0x8000-0x8fff
[    0.560858] pci 0000:00:15.1:   MEM window: 0xca800000-0xca8fffff
[    0.560880] pci 0000:00:15.1:   PREFETCH window: 0x000000d8e00000-0x000000d8efffff
[    0.560924] pci 0000:00:15.2: PCI bridge, secondary bus 0000:05
[    0.560936] pci 0000:00:15.2:   IO window: 0xc000-0xcfff
[    0.560967] pci 0000:00:15.2:   MEM window: 0xcac00000-0xcacfffff
[    0.560989] pci 0000:00:15.2:   PREFETCH window: 0x000000d9200000-0x000000d92fffff
[    0.561033] pci 0000:00:15.3: PCI bridge, secondary bus 0000:06
[    0.561035] pci 0000:00:15.3:   IO window: disabled
[    0.561066] pci 0000:00:15.3:   MEM window: 0xcb000000-0xcb0fffff
[    0.561088] pci 0000:00:15.3:   PREFETCH window: 0x000000d9600000-0x000000d96fffff
[    0.561132] pci 0000:00:15.4: PCI bridge, secondary bus 0000:07
[    0.561134] pci 0000:00:15.4:   IO window: disabled
[    0.561165] pci 0000:00:15.4:   MEM window: 0xcb400000-0xcb4fffff
[    0.561186] pci 0000:00:15.4:   PREFETCH window: 0x000000d9a00000-0x000000d9afffff
[    0.561230] pci 0000:00:15.5: PCI bridge, secondary bus 0000:08
[    0.561232] pci 0000:00:15.5:   IO window: disabled
[    0.561263] pci 0000:00:15.5:   MEM window: 0xcb800000-0xcb8fffff
[    0.561284] pci 0000:00:15.5:   PREFETCH window: 0x000000d9e00000-0x000000d9efffff
[    0.561329] pci 0000:00:15.6: PCI bridge, secondary bus 0000:09
[    0.561330] pci 0000:00:15.6:   IO window: disabled
[    0.561361] pci 0000:00:15.6:   MEM window: 0xcbc00000-0xcbcfffff
[    0.561383] pci 0000:00:15.6:   PREFETCH window: 0x000000da200000-0x000000da2fffff
[    0.561427] pci 0000:00:15.7: PCI bridge, secondary bus 0000:0a
[    0.561428] pci 0000:00:15.7:   IO window: disabled
[    0.561459] pci 0000:00:15.7:   MEM window: 0xcc000000-0xcc0fffff
[    0.561481] pci 0000:00:15.7:   PREFETCH window: 0x000000da600000-0x000000da6fffff
[    0.561525] pci 0000:00:16.0: PCI bridge, secondary bus 0000:0b
[    0.561537] pci 0000:00:16.0:   IO window: 0x5000-0x5fff
[    0.561568] pci 0000:00:16.0:   MEM window: 0xca500000-0xca5fffff
[    0.561589] pci 0000:00:16.0:   PREFETCH window: 0x000000d8b00000-0x000000d8bfffff
[    0.561633] pci 0000:00:16.1: PCI bridge, secondary bus 0000:0c
[    0.561646] pci 0000:00:16.1:   IO window: 0x9000-0x9fff
[    0.561676] pci 0000:00:16.1:   MEM window: 0xca900000-0xca9fffff
[    0.561698] pci 0000:00:16.1:   PREFETCH window: 0x000000d8f00000-0x000000d8ffffff
[    0.561762] pci 0000:00:16.2: PCI bridge, secondary bus 0000:0d
[    0.561776] pci 0000:00:16.2:   IO window: 0xd000-0xdfff
[    0.561817] pci 0000:00:16.2:   MEM window: 0xcad00000-0xcadfffff
[    0.561839] pci 0000:00:16.2:   PREFETCH window: 0x000000d9300000-0x000000d93fffff
[    0.561883] pci 0000:00:16.3: PCI bridge, secondary bus 0000:0e
[    0.561885] pci 0000:00:16.3:   IO window: disabled
[    0.561915] pci 0000:00:16.3:   MEM window: 0xcb100000-0xcb1fffff
[    0.561937] pci 0000:00:16.3:   PREFETCH window: 0x000000d9700000-0x000000d97fffff
[    0.561981] pci 0000:00:16.4: PCI bridge, secondary bus 0000:0f
[    0.561983] pci 0000:00:16.4:   IO window: disabled
[    0.562014] pci 0000:00:16.4:   MEM window: 0xcb500000-0xcb5fffff
[    0.562035] pci 0000:00:16.4:   PREFETCH window: 0x000000d9b00000-0x000000d9bfffff
[    0.562079] pci 0000:00:16.5: PCI bridge, secondary bus 0000:10
[    0.562081] pci 0000:00:16.5:   IO window: disabled
[    0.562112] pci 0000:00:16.5:   MEM window: 0xcb900000-0xcb9fffff
[    0.562133] pci 0000:00:16.5:   PREFETCH window: 0x000000d9f00000-0x000000d9ffffff
[    0.562177] pci 0000:00:16.6: PCI bridge, secondary bus 0000:11
[    0.562179] pci 0000:00:16.6:   IO window: disabled
[    0.562210] pci 0000:00:16.6:   MEM window: 0xcbd00000-0xcbdfffff
[    0.562231] pci 0000:00:16.6:   PREFETCH window: 0x000000da300000-0x000000da3fffff
[    0.562276] pci 0000:00:16.7: PCI bridge, secondary bus 0000:12
[    0.562277] pci 0000:00:16.7:   IO window: disabled
[    0.562308] pci 0000:00:16.7:   MEM window: 0xcc100000-0xcc1fffff
[    0.562330] pci 0000:00:16.7:   PREFETCH window: 0x000000da700000-0x000000da7fffff
[    0.562374] pci 0000:00:17.0: PCI bridge, secondary bus 0000:13
[    0.562386] pci 0000:00:17.0:   IO window: 0x6000-0x6fff
[    0.562417] pci 0000:00:17.0:   MEM window: 0xca600000-0xca6fffff
[    0.562438] pci 0000:00:17.0:   PREFETCH window: 0x000000d8c00000-0x000000d8cfffff
[    0.562482] pci 0000:00:17.1: PCI bridge, secondary bus 0000:14
[    0.562494] pci 0000:00:17.1:   IO window: 0xa000-0xafff
[    0.562525] pci 0000:00:17.1:   MEM window: 0xcaa00000-0xcaafffff
[    0.562546] pci 0000:00:17.1:   PREFETCH window: 0x000000d9000000-0x000000d90fffff
[    0.562590] pci 0000:00:17.2: PCI bridge, secondary bus 0000:15
[    0.562602] pci 0000:00:17.2:   IO window: 0xe000-0xefff
[    0.562633] pci 0000:00:17.2:   MEM window: 0xcae00000-0xcaefffff
[    0.562655] pci 0000:00:17.2:   PREFETCH window: 0x000000d9400000-0x000000d94fffff
[    0.562699] pci 0000:00:17.3: PCI bridge, secondary bus 0000:16
[    0.562700] pci 0000:00:17.3:   IO window: disabled
[    0.562752] pci 0000:00:17.3:   MEM window: 0xcb200000-0xcb2fffff
[    0.562783] pci 0000:00:17.3:   PREFETCH window: 0x000000d9800000-0x000000d98fffff
[    0.562827] pci 0000:00:17.4: PCI bridge, secondary bus 0000:17
[    0.562829] pci 0000:00:17.4:   IO window: disabled
[    0.562860] pci 0000:00:17.4:   MEM window: 0xcb600000-0xcb6fffff
[    0.562881] pci 0000:00:17.4:   PREFETCH window: 0x000000d9c00000-0x000000d9cfffff
[    0.562926] pci 0000:00:17.5: PCI bridge, secondary bus 0000:18
[    0.562927] pci 0000:00:17.5:   IO window: disabled
[    0.562958] pci 0000:00:17.5:   MEM window: 0xcba00000-0xcbafffff
[    0.562980] pci 0000:00:17.5:   PREFETCH window: 0x000000da000000-0x000000da0fffff
[    0.563024] pci 0000:00:17.6: PCI bridge, secondary bus 0000:19
[    0.563025] pci 0000:00:17.6:   IO window: disabled
[    0.563056] pci 0000:00:17.6:   MEM window: 0xcbe00000-0xcbefffff
[    0.563078] pci 0000:00:17.6:   PREFETCH window: 0x000000da400000-0x000000da4fffff
[    0.563122] pci 0000:00:17.7: PCI bridge, secondary bus 0000:1a
[    0.563123] pci 0000:00:17.7:   IO window: disabled
[    0.563154] pci 0000:00:17.7:   MEM window: 0xcc200000-0xcc2fffff
[    0.563176] pci 0000:00:17.7:   PREFETCH window: 0x000000da800000-0x000000da8fffff
[    0.563220] pci 0000:00:18.0: PCI bridge, secondary bus 0000:1b
[    0.563232] pci 0000:00:18.0:   IO window: 0x7000-0x7fff
[    0.563263] pci 0000:00:18.0:   MEM window: 0xca700000-0xca7fffff
[    0.563284] pci 0000:00:18.0:   PREFETCH window: 0x000000d8d00000-0x000000d8dfffff
[    0.563328] pci 0000:00:18.1: PCI bridge, secondary bus 0000:1c
[    0.563340] pci 0000:00:18.1:   IO window: 0xb000-0xbfff
[    0.563371] pci 0000:00:18.1:   MEM window: 0xcab00000-0xcabfffff
[    0.563374] pci 0000:00:18.1:   PREFETCH window: 0x000000d9100000-0x000000d91fffff
[    0.563440] pci 0000:00:18.2: PCI bridge, secondary bus 0000:1d
[    0.563453] pci 0000:00:18.2:   IO window: 0xf000-0xffff
[    0.563484] pci 0000:00:18.2:   MEM window: 0xcaf00000-0xcaffffff
[    0.563505] pci 0000:00:18.2:   PREFETCH window: 0x000000d9500000-0x000000d95fffff
[    0.563549] pci 0000:00:18.3: PCI bridge, secondary bus 0000:1e
[    0.563551] pci 0000:00:18.3:   IO window: disabled
[    0.563582] pci 0000:00:18.3:   MEM window: 0xcb300000-0xcb3fffff
[    0.563603] pci 0000:00:18.3:   PREFETCH window: 0x000000d9900000-0x000000d99fffff
[    0.563647] pci 0000:00:18.4: PCI bridge, secondary bus 0000:1f
[    0.563649] pci 0000:00:18.4:   IO window: disabled
[    0.563680] pci 0000:00:18.4:   MEM window: 0xcb700000-0xcb7fffff
[    0.563701] pci 0000:00:18.4:   PREFETCH window: 0x000000d9d00000-0x000000d9dfffff
[    0.563874] pci 0000:00:18.5: PCI bridge, secondary bus 0000:20
[    0.563877] pci 0000:00:18.5:   IO window: disabled
[    0.563908] pci 0000:00:18.5:   MEM window: 0xcbb00000-0xcbbfffff
[    0.563929] pci 0000:00:18.5:   PREFETCH window: 0x000000da100000-0x000000da1fffff
[    0.563972] pci 0000:00:18.6: PCI bridge, secondary bus 0000:21
[    0.563974] pci 0000:00:18.6:   IO window: disabled
[    0.564004] pci 0000:00:18.6:   MEM window: 0xcbf00000-0xcbffffff
[    0.564025] pci 0000:00:18.6:   PREFETCH window: 0x000000da500000-0x000000da5fffff
[    0.564074] pci 0000:00:18.7: PCI bridge, secondary bus 0000:22
[    0.564076] pci 0000:00:18.7:   IO window: disabled
[    0.564103] pci 0000:00:18.7:   MEM window: 0xcc300000-0xcc3fffff
[    0.564123] pci 0000:00:18.7:   PREFETCH window: 0x000000da900000-0x000000da9fffff
[    0.564192] pci 0000:00:01.0: setting latency timer to 64
[    0.564283] pci 0000:00:15.0: setting latency timer to 64
[    0.564345] pci 0000:00:15.1: setting latency timer to 64
[    0.564407] pci 0000:00:15.2: setting latency timer to 64
[    0.564469] pci 0000:00:15.3: setting latency timer to 64
[    0.564531] pci 0000:00:15.4: setting latency timer to 64
[    0.564593] pci 0000:00:15.5: setting latency timer to 64
[    0.564655] pci 0000:00:15.6: setting latency timer to 64
[    0.564726] pci 0000:00:15.7: setting latency timer to 64
[    0.564826] pci 0000:00:16.0: setting latency timer to 64
[    0.564888] pci 0000:00:16.1: setting latency timer to 64
[    0.564951] pci 0000:00:16.2: setting latency timer to 64
[    0.565013] pci 0000:00:16.3: setting latency timer to 64
[    0.565075] pci 0000:00:16.4: setting latency timer to 64
[    0.565137] pci 0000:00:16.5: setting latency timer to 64
[    0.565199] pci 0000:00:16.6: setting latency timer to 64
[    0.565261] pci 0000:00:16.7: setting latency timer to 64
[    0.565322] pci 0000:00:17.0: setting latency timer to 64
[    0.565384] pci 0000:00:17.1: setting latency timer to 64
[    0.565446] pci 0000:00:17.2: setting latency timer to 64
[    0.565508] pci 0000:00:17.3: setting latency timer to 64
[    0.565570] pci 0000:00:17.4: setting latency timer to 64
[    0.565632] pci 0000:00:17.5: setting latency timer to 64
[    0.565694] pci 0000:00:17.6: setting latency timer to 64
[    0.565782] pci 0000:00:17.7: setting latency timer to 64
[    0.565844] pci 0000:00:18.0: setting latency timer to 64
[    0.565906] pci 0000:00:18.1: setting latency timer to 64
[    0.565968] pci 0000:00:18.2: setting latency timer to 64
[    0.566029] pci 0000:00:18.3: setting latency timer to 64
[    0.566091] pci 0000:00:18.4: setting latency timer to 64
[    0.566153] pci 0000:00:18.5: setting latency timer to 64
[    0.566215] pci 0000:00:18.6: setting latency timer to 64
[    0.566277] pci 0000:00:18.7: setting latency timer to 64
[    0.566289] pci_bus 0000:00: resource 0 io:  [0x00-0xffff]
[    0.566291] pci_bus 0000:00: resource 1 mem: [0x000000-0xffffffffffffffff]
[    0.566293] pci_bus 0000:02: resource 0 io:  [0x2000-0x3fff]
[    0.566295] pci_bus 0000:02: resource 1 mem: [0xc9000000-0xca3fffff]
[    0.566297] pci_bus 0000:02: resource 2 pref mem [0xd8400000-0xd89fffff]
[    0.566299] pci_bus 0000:02: resource 3 io:  [0x00-0xffff]
[    0.566301] pci_bus 0000:02: resource 4 mem: [0x000000-0xffffffffffffffff]
[    0.566303] pci_bus 0000:03: resource 0 io:  [0x4000-0x4fff]
[    0.566304] pci_bus 0000:03: resource 1 mem: [0xca400000-0xca4fffff]
[    0.566306] pci_bus 0000:03: resource 2 pref mem [0xd8a00000-0xd8afffff]
[    0.566308] pci_bus 0000:04: resource 0 io:  [0x8000-0x8fff]
[    0.566310] pci_bus 0000:04: resource 1 mem: [0xca800000-0xca8fffff]
[    0.566311] pci_bus 0000:04: resource 2 pref mem [0xd8e00000-0xd8efffff]
[    0.566313] pci_bus 0000:05: resource 0 io:  [0xc000-0xcfff]
[    0.566315] pci_bus 0000:05: resource 1 mem: [0xcac00000-0xcacfffff]
[    0.566317] pci_bus 0000:05: resource 2 pref mem [0xd9200000-0xd92fffff]
[    0.566319] pci_bus 0000:06: resource 1 mem: [0xcb000000-0xcb0fffff]
[    0.566320] pci_bus 0000:06: resource 2 pref mem [0xd9600000-0xd96fffff]
[    0.566322] pci_bus 0000:07: resource 1 mem: [0xcb400000-0xcb4fffff]
[    0.566324] pci_bus 0000:07: resource 2 pref mem [0xd9a00000-0xd9afffff]
[    0.566326] pci_bus 0000:08: resource 1 mem: [0xcb800000-0xcb8fffff]
[    0.566328] pci_bus 0000:08: resource 2 pref mem [0xd9e00000-0xd9efffff]
[    0.566330] pci_bus 0000:09: resource 1 mem: [0xcbc00000-0xcbcfffff]
[    0.566331] pci_bus 0000:09: resource 2 pref mem [0xda200000-0xda2fffff]
[    0.566333] pci_bus 0000:0a: resource 1 mem: [0xcc000000-0xcc0fffff]
[    0.566335] pci_bus 0000:0a: resource 2 pref mem [0xda600000-0xda6fffff]
[    0.566337] pci_bus 0000:0b: resource 0 io:  [0x5000-0x5fff]
[    0.566339] pci_bus 0000:0b: resource 1 mem: [0xca500000-0xca5fffff]
[    0.566340] pci_bus 0000:0b: resource 2 pref mem [0xd8b00000-0xd8bfffff]
[    0.566342] pci_bus 0000:0c: resource 0 io:  [0x9000-0x9fff]
[    0.566344] pci_bus 0000:0c: resource 1 mem: [0xca900000-0xca9fffff]
[    0.566346] pci_bus 0000:0c: resource 2 pref mem [0xd8f00000-0xd8ffffff]
[    0.566347] pci_bus 0000:0d: resource 0 io:  [0xd000-0xdfff]
[    0.566349] pci_bus 0000:0d: resource 1 mem: [0xcad00000-0xcadfffff]
[    0.566351] pci_bus 0000:0d: resource 2 pref mem [0xd9300000-0xd93fffff]
[    0.566353] pci_bus 0000:0e: resource 1 mem: [0xcb100000-0xcb1fffff]
[    0.566355] pci_bus 0000:0e: resource 2 pref mem [0xd9700000-0xd97fffff]
[    0.566357] pci_bus 0000:0f: resource 1 mem: [0xcb500000-0xcb5fffff]
[    0.566358] pci_bus 0000:0f: resource 2 pref mem [0xd9b00000-0xd9bfffff]
[    0.566360] pci_bus 0000:10: resource 1 mem: [0xcb900000-0xcb9fffff]
[    0.566362] pci_bus 0000:10: resource 2 pref mem [0xd9f00000-0xd9ffffff]
[    0.566364] pci_bus 0000:11: resource 1 mem: [0xcbd00000-0xcbdfffff]
[    0.566366] pci_bus 0000:11: resource 2 pref mem [0xda300000-0xda3fffff]
[    0.566368] pci_bus 0000:12: resource 1 mem: [0xcc100000-0xcc1fffff]
[    0.566369] pci_bus 0000:12: resource 2 pref mem [0xda700000-0xda7fffff]
[    0.566371] pci_bus 0000:13: resource 0 io:  [0x6000-0x6fff]
[    0.566373] pci_bus 0000:13: resource 1 mem: [0xca600000-0xca6fffff]
[    0.566375] pci_bus 0000:13: resource 2 pref mem [0xd8c00000-0xd8cfffff]
[    0.566376] pci_bus 0000:14: resource 0 io:  [0xa000-0xafff]
[    0.566378] pci_bus 0000:14: resource 1 mem: [0xcaa00000-0xcaafffff]
[    0.566380] pci_bus 0000:14: resource 2 pref mem [0xd9000000-0xd90fffff]
[    0.566382] pci_bus 0000:15: resource 0 io:  [0xe000-0xefff]
[    0.566383] pci_bus 0000:15: resource 1 mem: [0xcae00000-0xcaefffff]
[    0.566385] pci_bus 0000:15: resource 2 pref mem [0xd9400000-0xd94fffff]
[    0.566387] pci_bus 0000:16: resource 1 mem: [0xcb200000-0xcb2fffff]
[    0.566389] pci_bus 0000:16: resource 2 pref mem [0xd9800000-0xd98fffff]
[    0.566391] pci_bus 0000:17: resource 1 mem: [0xcb600000-0xcb6fffff]
[    0.566393] pci_bus 0000:17: resource 2 pref mem [0xd9c00000-0xd9cfffff]
[    0.566395] pci_bus 0000:18: resource 1 mem: [0xcba00000-0xcbafffff]
[    0.566396] pci_bus 0000:18: resource 2 pref mem [0xda000000-0xda0fffff]
[    0.566398] pci_bus 0000:19: resource 1 mem: [0xcbe00000-0xcbefffff]
[    0.566400] pci_bus 0000:19: resource 2 pref mem [0xda400000-0xda4fffff]
[    0.566402] pci_bus 0000:1a: resource 1 mem: [0xcc200000-0xcc2fffff]
[    0.566404] pci_bus 0000:1a: resource 2 pref mem [0xda800000-0xda8fffff]
[    0.566405] pci_bus 0000:1b: resource 0 io:  [0x7000-0x7fff]
[    0.566407] pci_bus 0000:1b: resource 1 mem: [0xca700000-0xca7fffff]
[    0.566409] pci_bus 0000:1b: resource 2 pref mem [0xd8d00000-0xd8dfffff]
[    0.566411] pci_bus 0000:1c: resource 0 io:  [0xb000-0xbfff]
[    0.566412] pci_bus 0000:1c: resource 1 mem: [0xcab00000-0xcabfffff]
[    0.566414] pci_bus 0000:1c: resource 2 pref mem [0xd9100000-0xd91fffff]
[    0.566416] pci_bus 0000:1d: resource 0 io:  [0xf000-0xffff]
[    0.566418] pci_bus 0000:1d: resource 1 mem: [0xcaf00000-0xcaffffff]
[    0.566420] pci_bus 0000:1d: resource 2 pref mem [0xd9500000-0xd95fffff]
[    0.566421] pci_bus 0000:1e: resource 1 mem: [0xcb300000-0xcb3fffff]
[    0.566423] pci_bus 0000:1e: resource 2 pref mem [0xd9900000-0xd99fffff]
[    0.566425] pci_bus 0000:1f: resource 1 mem: [0xcb700000-0xcb7fffff]
[    0.566427] pci_bus 0000:1f: resource 2 pref mem [0xd9d00000-0xd9dfffff]
[    0.566429] pci_bus 0000:20: resource 1 mem: [0xcbb00000-0xcbbfffff]
[    0.566431] pci_bus 0000:20: resource 2 pref mem [0xda100000-0xda1fffff]
[    0.566432] pci_bus 0000:21: resource 1 mem: [0xcbf00000-0xcbffffff]
[    0.566434] pci_bus 0000:21: resource 2 pref mem [0xda500000-0xda5fffff]
[    0.566436] pci_bus 0000:22: resource 1 mem: [0xcc300000-0xcc3fffff]
[    0.566438] pci_bus 0000:22: resource 2 pref mem [0xda900000-0xda9fffff]
[    0.566461] NET: Registered protocol family 2
[    0.566478] RANDOM - __random32 called. Change num 7.  Value: e4915c27	228b7335	4c33f162
[    0.566480] RANDOM - random32 called.  Value: e4915c27	228b7335	4c33f162
[    0.566488] random 0000 0000 0000 00000000 00000000: rand_read_num 2 get_random_bytes(4): sig fffffe1a 00000000 00000000
[    0.566490] random 0000 0000 0000 00000000 00000000: extract_entropy(.. 4 ..)
[    0.566493] random 0000 0000 0000 00000000 00000000: going to reseed nonblocking with 64 bits (32 of 0 requested)
[    0.566495] random 0000 0000 0000 00000000 00000000: extract_entropy(.. 8 ..)
[    0.566497] random 0000 0000 0000 00000000 00000000: trying to extract 64 bits from input
[    0.566499] random 0000 0000 0000 00000000 00000000: debiting 0 entropy credits from input
[    0.566501] random 0000 0000 0000 00000000 00000000: extract_entropy account returned: 0 
[    0.566504] random 0000 0000 0000 00000000 00000000: urand_change_num 3 xfer_secondary_pool(4): pool_sig fffffe1a, data_sig 00000000, bytes_mixed 0 00000000 00000000
[    0.566506] random 0000 0000 0000 00000000 00000000: trying to extract 32 bits from nonblocking
[    0.566509] random 0000 0000 0000 00000000 00000000: debiting 32 entropy credits from nonblocking (unlimited)
[    0.566511] random 0000 0000 0000 00000000 00000000: extract_entropy account returned: 4 
[    0.566515] random 0000 0000 0000 00000000 00000000: urand_change_num 4 extract_buf: pool_sig fffffe1a, data_sig fffffed7, bytes_mixed 20 00000000 00000000
[    0.566544] IP route cache hash table entries: 32768 (order: 5, 131072 bytes)
[    0.566671] RANDOM - __random32 called. Change num 8.  Value: 15c279e2	28b73354	e2c5b58f
[    0.566673] RANDOM - random32 called.  Value: 15c279e2	28b73354	e2c5b58f
[    0.566764] RANDOM - __random32 called. Change num 9.  Value: 279e2b5f	8b733545	6b1e9d03
[    0.566766] RANDOM - random32 called.  Value: 279e2b5f	8b733545	6b1e9d03
[    0.566769] RANDOM - __random32 called. Change num 10.  Value: e2b5fc5e	b7335453	3a067d4e
[    0.566771] RANDOM - random32 called.  Value: e2b5fc5e	b7335453	3a067d4e
[    0.566802] RANDOM - __random32 called. Change num 11.  Value: 5fc5eba7	73354535	fa9d46b2
[    0.566804] RANDOM - random32 called.  Value: 5fc5eba7	73354535	fa9d46b2
[    0.566815] TCP established hash table entries: 131072 (order: 8, 1048576 bytes)
[    0.567113] TCP bind hash table entries: 65536 (order: 7, 524288 bytes)
[    0.567289] TCP: Hash tables configured (established 131072 bind 65536)
[    0.567291] TCP reno registered
[    0.567327] NET: Registered protocol family 1
[    0.567336] pci 0000:00:00.0: Limiting direct PCI/PCI transfers
[    0.567355] pci 0000:00:0f.0: Boot video device
[    0.567668] Trying to unpack rootfs image as initramfs...
[    1.689798] Freeing initrd memory: 83430k freed
[    1.693818] Simple Boot Flag at 0x36 set to 0x1
[    1.693862] cpufreq-nforce2: No nForce2 chipset.
[    1.693875] Scanning for low memory corruption every 60 seconds
[    1.693995] audit: initializing netlink socket (disabled)
[    1.694003] type=2000 audit(1369442633.680:1): initialized
[    1.697916] highmem bounce pool size: 64 pages
[    1.697921] HugeTLB registered 2 MB page size, pre-allocated 0 pages
[    1.698014] VFS: Disk quotas dquot_6.5.2
[    1.698046] Dquot-cache hash table entries: 1024 (order 0, 4096 bytes)
[    1.698126] fuse init (API version 7.13)
[    1.698170] msgmni has been set to 1729
[    1.698447] alg: No test for stdrng (krng)
[    1.698481] Block layer SCSI generic (bsg) driver version 0.4 loaded (major 253)
[    1.698484] io scheduler noop registered
[    1.698486] io scheduler anticipatory registered
[    1.698487] io scheduler deadline registered
[    1.698508] io scheduler cfq registered (default)
[    1.698552]   alloc irq_desc for 24 on node -1
[    1.698554]   alloc kstat_irqs on node -1
[    1.698599] pcieport 0000:00:15.0: irq 24 for MSI/MSI-X
[    1.698643] pcieport 0000:00:15.0: setting latency timer to 64
[    1.698687]   alloc irq_desc for 25 on node -1
[    1.698689]   alloc kstat_irqs on node -1
[    1.698734] pcieport 0000:00:15.1: irq 25 for MSI/MSI-X
[    1.698778] pcieport 0000:00:15.1: setting latency timer to 64
[    1.698822]   alloc irq_desc for 26 on node -1
[    1.698824]   alloc kstat_irqs on node -1
[    1.698868] pcieport 0000:00:15.2: irq 26 for MSI/MSI-X
[    1.698913] pcieport 0000:00:15.2: setting latency timer to 64
[    1.698957]   alloc irq_desc for 27 on node -1
[    1.698959]   alloc kstat_irqs on node -1
[    1.699003] pcieport 0000:00:15.3: irq 27 for MSI/MSI-X
[    1.699048] pcieport 0000:00:15.3: setting latency timer to 64
[    1.699092]   alloc irq_desc for 28 on node -1
[    1.699095]   alloc kstat_irqs on node -1
[    1.699139] pcieport 0000:00:15.4: irq 28 for MSI/MSI-X
[    1.699184] pcieport 0000:00:15.4: setting latency timer to 64
[    1.699228]   alloc irq_desc for 29 on node -1
[    1.699230]   alloc kstat_irqs on node -1
[    1.699274] pcieport 0000:00:15.5: irq 29 for MSI/MSI-X
[    1.699319] pcieport 0000:00:15.5: setting latency timer to 64
[    1.699363]   alloc irq_desc for 30 on node -1
[    1.699365]   alloc kstat_irqs on node -1
[    1.699409] pcieport 0000:00:15.6: irq 30 for MSI/MSI-X
[    1.699453] pcieport 0000:00:15.6: setting latency timer to 64
[    1.699498]   alloc irq_desc for 31 on node -1
[    1.699499]   alloc kstat_irqs on node -1
[    1.699544] pcieport 0000:00:15.7: irq 31 for MSI/MSI-X
[    1.699588] pcieport 0000:00:15.7: setting latency timer to 64
[    1.699632]   alloc irq_desc for 32 on node -1
[    1.699634]   alloc kstat_irqs on node -1
[    1.699678] pcieport 0000:00:16.0: irq 32 for MSI/MSI-X
[    1.699722] pcieport 0000:00:16.0: setting latency timer to 64
[    1.699767]   alloc irq_desc for 33 on node -1
[    1.699769]   alloc kstat_irqs on node -1
[    1.699813] pcieport 0000:00:16.1: irq 33 for MSI/MSI-X
[    1.699857] pcieport 0000:00:16.1: setting latency timer to 64
[    1.699901]   alloc irq_desc for 34 on node -1
[    1.699905]   alloc kstat_irqs on node -1
[    1.699949] pcieport 0000:00:16.2: irq 34 for MSI/MSI-X
[    1.699993] pcieport 0000:00:16.2: setting latency timer to 64
[    1.700038]   alloc irq_desc for 35 on node -1
[    1.700040]   alloc kstat_irqs on node -1
[    1.700084] pcieport 0000:00:16.3: irq 35 for MSI/MSI-X
[    1.700128] pcieport 0000:00:16.3: setting latency timer to 64
[    1.700173]   alloc irq_desc for 36 on node -1
[    1.700175]   alloc kstat_irqs on node -1
[    1.700219] pcieport 0000:00:16.4: irq 36 for MSI/MSI-X
[    1.700263] pcieport 0000:00:16.4: setting latency timer to 64
[    1.700307]   alloc irq_desc for 37 on node -1
[    1.700309]   alloc kstat_irqs on node -1
[    1.700354] pcieport 0000:00:16.5: irq 37 for MSI/MSI-X
[    1.700398] pcieport 0000:00:16.5: setting latency timer to 64
[    1.700442]   alloc irq_desc for 38 on node -1
[    1.700444]   alloc kstat_irqs on node -1
[    1.700488] pcieport 0000:00:16.6: irq 38 for MSI/MSI-X
[    1.700533] pcieport 0000:00:16.6: setting latency timer to 64
[    1.700577]   alloc irq_desc for 39 on node -1
[    1.700579]   alloc kstat_irqs on node -1
[    1.700623] pcieport 0000:00:16.7: irq 39 for MSI/MSI-X
[    1.700667] pcieport 0000:00:16.7: setting latency timer to 64
[    1.700712]   alloc irq_desc for 40 on node -1
[    1.700714]   alloc kstat_irqs on node -1
[    1.700758] pcieport 0000:00:17.0: irq 40 for MSI/MSI-X
[    1.700802] pcieport 0000:00:17.0: setting latency timer to 64
[    1.701851]   alloc irq_desc for 41 on node -1
[    1.701853]   alloc kstat_irqs on node -1
[    1.701897] pcieport 0000:00:17.1: irq 41 for MSI/MSI-X
[    1.701941] pcieport 0000:00:17.1: setting latency timer to 64
[    1.701985]   alloc irq_desc for 42 on node -1
[    1.701987]   alloc kstat_irqs on node -1
[    1.702032] pcieport 0000:00:17.2: irq 42 for MSI/MSI-X
[    1.702076] pcieport 0000:00:17.2: setting latency timer to 64
[    1.702120]   alloc irq_desc for 43 on node -1
[    1.702122]   alloc kstat_irqs on node -1
[    1.702166] pcieport 0000:00:17.3: irq 43 for MSI/MSI-X
[    1.702210] pcieport 0000:00:17.3: setting latency timer to 64
[    1.702255]   alloc irq_desc for 44 on node -1
[    1.702256]   alloc kstat_irqs on node -1
[    1.702301] pcieport 0000:00:17.4: irq 44 for MSI/MSI-X
[    1.702345] pcieport 0000:00:17.4: setting latency timer to 64
[    1.702389]   alloc irq_desc for 45 on node -1
[    1.702391]   alloc kstat_irqs on node -1
[    1.702435] pcieport 0000:00:17.5: irq 45 for MSI/MSI-X
[    1.702480] pcieport 0000:00:17.5: setting latency timer to 64
[    1.702524]   alloc irq_desc for 46 on node -1
[    1.702526]   alloc kstat_irqs on node -1
[    1.702570] pcieport 0000:00:17.6: irq 46 for MSI/MSI-X
[    1.702614] pcieport 0000:00:17.6: setting latency timer to 64
[    1.702658]   alloc irq_desc for 47 on node -1
[    1.702660]   alloc kstat_irqs on node -1
[    1.702705] pcieport 0000:00:17.7: irq 47 for MSI/MSI-X
[    1.702749] pcieport 0000:00:17.7: setting latency timer to 64
[    1.702793]   alloc irq_desc for 48 on node -1
[    1.702795]   alloc kstat_irqs on node -1
[    1.702839] pcieport 0000:00:18.0: irq 48 for MSI/MSI-X
[    1.702883] pcieport 0000:00:18.0: setting latency timer to 64
[    1.702928]   alloc irq_desc for 49 on node -1
[    1.702929]   alloc kstat_irqs on node -1
[    1.702974] pcieport 0000:00:18.1: irq 49 for MSI/MSI-X
[    1.703018] pcieport 0000:00:18.1: setting latency timer to 64
[    1.703062]   alloc irq_desc for 50 on node -1
[    1.703064]   alloc kstat_irqs on node -1
[    1.703108] pcieport 0000:00:18.2: irq 50 for MSI/MSI-X
[    1.703153] pcieport 0000:00:18.2: setting latency timer to 64
[    1.703197]   alloc irq_desc for 51 on node -1
[    1.703199]   alloc kstat_irqs on node -1
[    1.703243] pcieport 0000:00:18.3: irq 51 for MSI/MSI-X
[    1.703287] pcieport 0000:00:18.3: setting latency timer to 64
[    1.703331]   alloc irq_desc for 52 on node -1
[    1.703333]   alloc kstat_irqs on node -1
[    1.703377] pcieport 0000:00:18.4: irq 52 for MSI/MSI-X
[    1.703422] pcieport 0000:00:18.4: setting latency timer to 64
[    1.703466]   alloc irq_desc for 53 on node -1
[    1.703468]   alloc kstat_irqs on node -1
[    1.703512] pcieport 0000:00:18.5: irq 53 for MSI/MSI-X
[    1.703556] pcieport 0000:00:18.5: setting latency timer to 64
[    1.703601]   alloc irq_desc for 54 on node -1
[    1.703602]   alloc kstat_irqs on node -1
[    1.703647] pcieport 0000:00:18.6: irq 54 for MSI/MSI-X
[    1.703691] pcieport 0000:00:18.6: setting latency timer to 64
[    1.703735]   alloc irq_desc for 55 on node -1
[    1.703737]   alloc kstat_irqs on node -1
[    1.703781] pcieport 0000:00:18.7: irq 55 for MSI/MSI-X
[    1.703825] pcieport 0000:00:18.7: setting latency timer to 64
[    1.703870] pci_hotplug: PCI Hot Plug PCI Core version: 0.5
[    1.705845] pciehp 0000:00:15.0:pcie04: HPC vendor_id 15ad device_id 7a0 ss_vid 0 ss_did 0
[    1.705890] pciehp 0000:00:15.0:pcie04: service driver pciehp loaded
[    1.705934] pciehp 0000:00:15.1:pcie04: HPC vendor_id 15ad device_id 7a0 ss_vid 0 ss_did 0
[    1.705978] pciehp 0000:00:15.1:pcie04: service driver pciehp loaded
[    1.706022] pciehp 0000:00:15.2:pcie04: HPC vendor_id 15ad device_id 7a0 ss_vid 0 ss_did 0
[    1.706067] pciehp 0000:00:15.2:pcie04: service driver pciehp loaded
[    1.706111] pciehp 0000:00:15.3:pcie04: HPC vendor_id 15ad device_id 7a0 ss_vid 0 ss_did 0
[    1.706155] pciehp 0000:00:15.3:pcie04: service driver pciehp loaded
[    1.706199] pciehp 0000:00:15.4:pcie04: HPC vendor_id 15ad device_id 7a0 ss_vid 0 ss_did 0
[    1.706244] pciehp 0000:00:15.4:pcie04: service driver pciehp loaded
[    1.706288] pciehp 0000:00:15.5:pcie04: HPC vendor_id 15ad device_id 7a0 ss_vid 0 ss_did 0
[    1.706332] pciehp 0000:00:15.5:pcie04: service driver pciehp loaded
[    1.706376] pciehp 0000:00:15.6:pcie04: HPC vendor_id 15ad device_id 7a0 ss_vid 0 ss_did 0
[    1.706421] pciehp 0000:00:15.6:pcie04: service driver pciehp loaded
[    1.706465] pciehp 0000:00:15.7:pcie04: HPC vendor_id 15ad device_id 7a0 ss_vid 0 ss_did 0
[    1.706509] pciehp 0000:00:15.7:pcie04: service driver pciehp loaded
[    1.706553] pciehp 0000:00:16.0:pcie04: HPC vendor_id 15ad device_id 7a0 ss_vid 0 ss_did 0
[    1.706598] pciehp 0000:00:16.0:pcie04: service driver pciehp loaded
[    1.706642] pciehp 0000:00:16.1:pcie04: HPC vendor_id 15ad device_id 7a0 ss_vid 0 ss_did 0
[    1.706686] pciehp 0000:00:16.1:pcie04: service driver pciehp loaded
[    1.706731] pciehp 0000:00:16.2:pcie04: HPC vendor_id 15ad device_id 7a0 ss_vid 0 ss_did 0
[    1.706775] pciehp 0000:00:16.2:pcie04: service driver pciehp loaded
[    1.706819] pciehp 0000:00:16.3:pcie04: HPC vendor_id 15ad device_id 7a0 ss_vid 0 ss_did 0
[    1.706863] pciehp 0000:00:16.3:pcie04: service driver pciehp loaded
[    1.706908] pciehp 0000:00:16.4:pcie04: HPC vendor_id 15ad device_id 7a0 ss_vid 0 ss_did 0
[    1.706952] pciehp 0000:00:16.4:pcie04: service driver pciehp loaded
[    1.706996] pciehp 0000:00:16.5:pcie04: HPC vendor_id 15ad device_id 7a0 ss_vid 0 ss_did 0
[    1.707040] pciehp 0000:00:16.5:pcie04: service driver pciehp loaded
[    1.707085] pciehp 0000:00:16.6:pcie04: HPC vendor_id 15ad device_id 7a0 ss_vid 0 ss_did 0
[    1.707129] pciehp 0000:00:16.6:pcie04: service driver pciehp loaded
[    1.707173] pciehp 0000:00:16.7:pcie04: HPC vendor_id 15ad device_id 7a0 ss_vid 0 ss_did 0
[    1.707217] pciehp 0000:00:16.7:pcie04: service driver pciehp loaded
[    1.707262] pciehp 0000:00:17.0:pcie04: HPC vendor_id 15ad device_id 7a0 ss_vid 0 ss_did 0
[    1.707306] pciehp 0000:00:17.0:pcie04: service driver pciehp loaded
[    1.707350] pciehp 0000:00:17.1:pcie04: HPC vendor_id 15ad device_id 7a0 ss_vid 0 ss_did 0
[    1.707394] pciehp 0000:00:17.1:pcie04: service driver pciehp loaded
[    1.707439] pciehp 0000:00:17.2:pcie04: HPC vendor_id 15ad device_id 7a0 ss_vid 0 ss_did 0
[    1.707483] pciehp 0000:00:17.2:pcie04: service driver pciehp loaded
[    1.707527] pciehp 0000:00:17.3:pcie04: HPC vendor_id 15ad device_id 7a0 ss_vid 0 ss_did 0
[    1.707571] pciehp 0000:00:17.3:pcie04: service driver pciehp loaded
[    1.707616] pciehp 0000:00:17.4:pcie04: HPC vendor_id 15ad device_id 7a0 ss_vid 0 ss_did 0
[    1.707660] pciehp 0000:00:17.4:pcie04: service driver pciehp loaded
[    1.707704] pciehp 0000:00:17.5:pcie04: HPC vendor_id 15ad device_id 7a0 ss_vid 0 ss_did 0
[    1.707749] pciehp 0000:00:17.5:pcie04: service driver pciehp loaded
[    1.707793] pciehp 0000:00:17.6:pcie04: HPC vendor_id 15ad device_id 7a0 ss_vid 0 ss_did 0
[    1.707837] pciehp 0000:00:17.6:pcie04: service driver pciehp loaded
[    1.707881] pciehp 0000:00:17.7:pcie04: HPC vendor_id 15ad device_id 7a0 ss_vid 0 ss_did 0
[    1.707926] pciehp 0000:00:17.7:pcie04: service driver pciehp loaded
[    1.707970] pciehp 0000:00:18.0:pcie04: HPC vendor_id 15ad device_id 7a0 ss_vid 0 ss_did 0
[    1.708014] pciehp 0000:00:18.0:pcie04: service driver pciehp loaded
[    1.708058] pciehp 0000:00:18.1:pcie04: HPC vendor_id 15ad device_id 7a0 ss_vid 0 ss_did 0
[    1.708103] pciehp 0000:00:18.1:pcie04: service driver pciehp loaded
[    1.708147] pciehp 0000:00:18.2:pcie04: HPC vendor_id 15ad device_id 7a0 ss_vid 0 ss_did 0
[    1.708191] pciehp 0000:00:18.2:pcie04: service driver pciehp loaded
[    1.708235] pciehp 0000:00:18.3:pcie04: HPC vendor_id 15ad device_id 7a0 ss_vid 0 ss_did 0
[    1.708280] pciehp 0000:00:18.3:pcie04: service driver pciehp loaded
[    1.708324] pciehp 0000:00:18.4:pcie04: HPC vendor_id 15ad device_id 7a0 ss_vid 0 ss_did 0
[    1.708368] pciehp 0000:00:18.4:pcie04: service driver pciehp loaded
[    1.708412] pciehp 0000:00:18.5:pcie04: HPC vendor_id 15ad device_id 7a0 ss_vid 0 ss_did 0
[    1.708457] pciehp 0000:00:18.5:pcie04: service driver pciehp loaded
[    1.708501] pciehp 0000:00:18.6:pcie04: HPC vendor_id 15ad device_id 7a0 ss_vid 0 ss_did 0
[    1.708545] pciehp 0000:00:18.6:pcie04: service driver pciehp loaded
[    1.708590] pciehp 0000:00:18.7:pcie04: HPC vendor_id 15ad device_id 7a0 ss_vid 0 ss_did 0
[    1.708634] pciehp 0000:00:18.7:pcie04: service driver pciehp loaded
[    1.708642] pciehp: PCI Express Hot Plug Controller Driver version: 0.4
[    1.708692] ACPI: AC Adapter [ACAD] (on-line)
[    1.708748] input: Power Button as /devices/LNXSYSTM:00/LNXPWRBN:00/input/input0
[    1.708751] ACPI: Power Button [PWRF]
[    1.708795] processor LNXCPU:00: registered as cooling_device0
[    1.749758] isapnp: Scanning for PnP cards...
[    2.103705] isapnp: No Plug & Play device found
[    2.103736] random 0000 0000 0000 5f8db4e5 4cfdf2a8: initializing
[    2.103860] Linux agpgart interface v0.103
[    2.103902] agpgart-intel 0000:00:00.0: Intel 440BX Chipset
[    2.103953] agpgart-intel 0000:00:00.0: AGP aperture is 256M @ 0x0
[    2.103985] Serial: 8250/16550 driver, 32 ports, IRQ sharing enabled
[    2.104036] serial8250: ttyS0 at I/O 0x3f8 (irq = 4) is a 16550A
[    2.104088] serial8250: ttyS1 at I/O 0x2f8 (irq = 3) is a 16550A
[    2.104139] 00:0a: ttyS0 at I/O 0x3f8 (irq = 4) is a 16550A
[    2.104191] 00:0b: ttyS1 at I/O 0x2f8 (irq = 3) is a 16550A
[    2.104242] brd: module loaded
[    2.104294] loop: module loaded
[    2.104345] ata_piix 0000:00:07.1: version 2.13
[    2.104426] scsi0 : ata_piix
[    2.104474] scsi1 : ata_piix
[    2.104493] ata1: PATA max UDMA/33 cmd 0x1f0 ctl 0x3f6 bmdma 0x10c0 irq 14
[    2.104495] ata2: PATA max UDMA/33 cmd 0x170 ctl 0x376 bmdma 0x10c8 irq 15
[    2.104542] PPP generic driver version 2.4.2
[    2.104562] tun: Universal TUN/TAP device driver, 1.6
[    2.104564] tun: (C) 1999-2004 Max Krasnyansky <maxk@qualcomm.com>
[    2.104615] ehci_hcd: USB 2.0 'Enhanced' Host Controller (EHCI) Driver
[    2.104667] ACPI: PCI Interrupt Link [LNKB] enabled at IRQ 11
[    2.104669] PCI: setting IRQ 11 as level-triggered
[    2.104691] ehci_hcd 0000:02:03.0: PCI INT A -> Link[LNKB] -> GSI 11 (level, low) -> IRQ 11
[    2.104731] ehci_hcd 0000:02:03.0: EHCI Host Controller
[    2.104754] ehci_hcd 0000:02:03.0: new USB bus registered, assigned bus number 1
[    2.104805] ehci_hcd 0000:02:03.0: cache line size of 32 is not supported
[    2.104812] ehci_hcd 0000:02:03.0: irq 11, io mem 0xc9000000
[    2.105131] random 0000 0000 0000 00000000 00000000: rand_read_num 3 get_random_bytes(8): sig 00000000 00000000 00000000
[    2.105131] random 0000 0000 0000 00000000 00000000: extract_entropy(.. 8 ..)
[    2.105131] random 0000 0000 0000 00000000 00000000: going to reseed nonblocking with 64 bits (64 of 0 requested)
[    2.105131] random 0000 0000 0000 00000000 00000000: extract_entropy(.. 8 ..)
[    2.105131] random 0000 0000 0000 00000000 00000000: trying to extract 64 bits from input
[    2.105131] random 0000 0000 0000 00000000 00000000: debiting 0 entropy credits from input
[    2.105131] random 0000 0000 0000 00000000 00000000: extract_entropy account returned: 0 
[    2.105131] random 0000 0000 0000 00000000 00000000: urand_change_num 5 xfer_secondary_pool(8): pool_sig 00000000, data_sig 00000000, bytes_mixed 0 00000000 00000000
[    2.105131] random 0000 0000 0000 00000000 00000000: trying to extract 64 bits from nonblocking
[    2.105131] random 0000 0000 0000 00000000 00000000: debiting 64 entropy credits from nonblocking (unlimited)
[    2.105131] random 0000 0000 0000 00000000 00000000: extract_entropy account returned: 8 
[    2.105131] random 0000 0000 0000 00000000 00000000: urand_change_num 6 extract_buf: pool_sig 00000000, data_sig fffffff9, bytes_mixed 20 00000000 00000000
[    2.113219] ehci_hcd 0000:02:03.0: USB 2.0 started, EHCI 1.00
[    2.113270] usb usb1: configuration #1 chosen from 1 choice
[    2.113290] hub 1-0:1.0: USB hub found
[    2.113295] hub 1-0:1.0: 6 ports detected
[    2.113346] ohci_hcd: USB 1.1 'Open' Host Controller (OHCI) Driver
[    2.113358] uhci_hcd: USB Universal Host Controller Interface driver
[    2.113409] ACPI: PCI Interrupt Link [LNKC] enabled at IRQ 10
[    2.113412] PCI: setting IRQ 10 as level-triggered
[    2.113416] uhci_hcd 0000:02:00.0: PCI INT A -> Link[LNKC] -> GSI 10 (level, low) -> IRQ 10
[    2.113451] uhci_hcd 0000:02:00.0: UHCI Host Controller
[    2.113479] uhci_hcd 0000:02:00.0: new USB bus registered, assigned bus number 2
[    2.113587] uhci_hcd 0000:02:00.0: irq 10, io base 0x000020c0
[    2.113638] usb usb2: configuration #1 chosen from 1 choice
[    2.113654] hub 2-0:1.0: USB hub found
[    2.113659] hub 2-0:1.0: 2 ports detected
[    2.113711] usbcore: registered new interface driver libusual
[    2.113738] PNP: PS/2 Controller [PNP0303:KBC,PNP0f13:MOUS] at 0x60,0x64 irq 1,12
[    2.114068] serio: i8042 KBD port at 0x60,0x64 irq 1
[    2.114076] serio: i8042 AUX port at 0x60,0x64 irq 12
[    2.114122] mice: PS/2 mouse device common for all mice
[    2.114174] rtc_cmos 00:04: rtc core: registered rtc_cmos as rtc0
[    2.114251] rtc0: alarms up to one month, y3k, 114 bytes nvram, hpet irqs
[    2.114303] device-mapper: uevent: version 1.0.3
[    2.114424] device-mapper: ioctl: 4.15.0-ioctl (2009-04-01) initialised: dm-devel@redhat.com
[    2.114442] EISA: Probing bus 0 at eisa.0
[    2.114472] Cannot allocate resource for EISA slot 1
[    2.114474] Cannot allocate resource for EISA slot 2
[    2.114475] Cannot allocate resource for EISA slot 3
[    2.114477] Cannot allocate resource for EISA slot 4
[    2.114479] Cannot allocate resource for EISA slot 5
[    2.114481] Cannot allocate resource for EISA slot 6
[    2.114483] Cannot allocate resource for EISA slot 7
[    2.114485] Cannot allocate resource for EISA slot 8
[    2.114487] EISA: Detected 0 cards.
[    2.114534] cpuidle: using governor ladder
[    2.114536] cpuidle: using governor menu
[    2.114588] random 0000 0000 0000 00000000 00000000: rand_read_num 4 get_random_bytes(136): sig 0000021d 00000000 00000000
[    2.114590] random 0000 0000 0000 00000000 00000000: extract_entropy(.. 136 ..)
[    2.114593] random 0000 0000 0000 00000000 00000000: going to reseed nonblocking with 1024 bits (1088 of 0 requested)
[    2.114595] random 0000 0000 0000 00000000 00000000: extract_entropy(.. 128 ..)
[    2.114597] random 0000 0000 0000 00000000 00000000: trying to extract 1024 bits from input
[    2.114600] random 0000 0000 0000 00000000 00000000: debiting 0 entropy credits from input
[    2.114602] random 0000 0000 0000 00000000 00000000: extract_entropy account returned: 0 
[    2.114605] random 0000 0000 0000 00000000 00000000: urand_change_num 7 xfer_secondary_pool(136): pool_sig 0000021d, data_sig 00000000, bytes_mixed 0 00000000 00000000
[    2.114608] random 0000 0000 0000 00000000 00000000: trying to extract 1088 bits from nonblocking
[    2.114610] random 0000 0000 0000 00000000 00000000: debiting 1088 entropy credits from nonblocking (unlimited)
[    2.114612] random 0000 0000 0000 00000000 00000000: extract_entropy account returned: 136 
[    2.114616] random 0000 0000 0000 00000000 00000000: urand_change_num 8 extract_buf: pool_sig 0000021d, data_sig fffffff7, bytes_mixed 20 00000000 00000000
[    2.114621] random 0000 0000 0000 f961ee50 ba9cb1aa: urand_change_num 9 extract_buf: pool_sig 00000230, data_sig fffffeb4, bytes_mixed 20 f961ee50 ba9cb1aa
[    2.114625] random 0000 0000 0000 9748bdd6 56fb8af6: urand_change_num 10 extract_buf: pool_sig 00000373, data_sig 000000cf, bytes_mixed 20 9748bdd6 56fb8af6
[    2.114630] random 0000 0000 0000 9748bdd6 56fb8af6: urand_change_num 11 extract_buf: pool_sig fffffe49, data_sig 0000023f, bytes_mixed 20 9748bdd6 56fb8af6
[    2.114634] random 0000 0000 0000 a135be86 4777650e: urand_change_num 12 extract_buf: pool_sig fffffcce, data_sig 000000c6, bytes_mixed 20 a135be86 4777650e
[    2.114639] random 0000 0000 0000 4a6ea85d 170e00dd: urand_change_num 13 extract_buf: pool_sig ffffff97, data_sig ffffff7d, bytes_mixed 20 4a6ea85d 170e00dd
[    2.114643] random 0000 0000 0000 4a6ea85d 170e00dd: urand_change_num 14 extract_buf: pool_sig 00000160, data_sig fffffeea, bytes_mixed 20 4a6ea85d 170e00dd
[    2.114648] random 0000 0000 0000 6e87c3cb da668c73: urand_change_num 15 extract_buf: pool_sig 0000034f, data_sig ffffff54, bytes_mixed 20 6e87c3cb da668c73
[    2.114652] random 0000 0000 0000 6e87c3cb da668c73: urand_change_num 16 extract_buf: pool_sig fffffdc5, data_sig 00000205, bytes_mixed 20 6e87c3cb da668c73
[    2.114656] random 0000 0000 0000 39f531e6 461eb249: urand_change_num 17 extract_buf: pool_sig fffffc1d, data_sig ffffff5e, bytes_mixed 20 39f531e6 461eb249
[    2.114661] random 0000 0000 0000 7e1538a2 3e661182: urand_change_num 18 extract_buf: pool_sig 000006ef, data_sig ffffff2e, bytes_mixed 20 7e1538a2 3e661182
[    2.114665] random 0000 0000 0000 7e1538a2 3e661182: urand_change_num 19 extract_buf: pool_sig 00000317, data_sig fffffccb, bytes_mixed 20 7e1538a2 3e661182
[    2.114670] random 0000 0000 0000 76af506b 9b57305e: urand_change_num 20 extract_buf: pool_sig 00000227, data_sig ffffffd2, bytes_mixed 20 76af506b 9b57305e
[    2.114674] random 0000 0000 0000 37d49d89 e20417cc: urand_change_num 21 extract_buf: pool_sig 0000080b, data_sig 000001e9, bytes_mixed 20 37d49d89 e20417cc
[    2.114678] TCP cubic registered
[    2.114730] NET: Registered protocol family 10
[    2.114764] RANDOM - __random32 called. Change num 12.  Value: 5eba7c56	3354535f	8d65ceee
[    2.114766] RANDOM - random32 called.  Value: 5eba7c56	3354535f	8d65ceee
[    2.114775] random 0000 0000 0000 37d49d89 e20417cc: rand_read_num 5 get_random_bytes(4): sig 00000298 37d49d89 e20417cc
[    2.114778] random 0000 0000 0000 37d49d89 e20417cc: extract_entropy(.. 4 ..)
[    2.114780] random 0000 0000 0000 37d49d89 e20417cc: going to reseed nonblocking with 64 bits (32 of 0 requested)
[    2.114782] random 0000 0000 0000 37d49d89 e20417cc: extract_entropy(.. 8 ..)
[    2.114784] random 0000 0000 0000 37d49d89 e20417cc: trying to extract 64 bits from input
[    2.114787] random 0000 0000 0000 37d49d89 e20417cc: debiting 0 entropy credits from input
[    2.114789] random 0000 0000 0000 37d49d89 e20417cc: extract_entropy account returned: 0 
[    2.114792] random 0000 0000 0000 37d49d89 e20417cc: urand_change_num 22 xfer_secondary_pool(4): pool_sig 00000298, data_sig 00000000, bytes_mixed 0 37d49d89 e20417cc
[    2.114794] random 0000 0000 0000 37d49d89 e20417cc: trying to extract 32 bits from nonblocking
[    2.114797] random 0000 0000 0000 37d49d89 e20417cc: debiting 32 entropy credits from nonblocking (unlimited)
[    2.114799] random 0000 0000 0000 37d49d89 e20417cc: extract_entropy account returned: 4 
[    2.114803] random 0000 0000 0000 37d49d89 e20417cc: urand_change_num 23 extract_buf: pool_sig 00000298, data_sig 00000092, bytes_mixed 20 37d49d89 e20417cc
[    2.114854] RANDOM - __random32 called. Change num 13.  Value: a7c56226	354535ff	9ddcc977
[    2.114880] RANDOM - random32 called.  Value: a7c56226	354535ff	9ddcc977
[    2.114932] NET: Registered protocol family 17
[    2.114954] Using IPI No-Shortcut mode
[    2.114959] random 0000 0000 0000 2ee4c4fc 167bdb15: rand_read_num 6 get_random_bytes(8): sig fffffcbf 2ee4c4fc 167bdb15
[    2.114961] random 0000 0000 0000 2ee4c4fc 167bdb15: extract_entropy(.. 8 ..)
[    2.114964] random 0000 0000 0000 2ee4c4fc 167bdb15: going to reseed nonblocking with 64 bits (64 of 0 requested)
[    2.114966] random 0000 0000 0000 2ee4c4fc 167bdb15: extract_entropy(.. 8 ..)
[    2.114968] random 0000 0000 0000 2ee4c4fc 167bdb15: trying to extract 64 bits from input
[    2.114970] random 0000 0000 0000 2ee4c4fc 167bdb15: debiting 0 entropy credits from input
[    2.114973] random 0000 0000 0000 2ee4c4fc 167bdb15: extract_entropy account returned: 0 
[    2.114976] random 0000 0000 0000 2ee4c4fc 167bdb15: urand_change_num 24 xfer_secondary_pool(8): pool_sig fffffcbf, data_sig 00000000, bytes_mixed 0 2ee4c4fc 167bdb15
[    2.114978] random 0000 0000 0000 2ee4c4fc 167bdb15: trying to extract 64 bits from nonblocking
[    2.114981] random 0000 0000 0000 2ee4c4fc 167bdb15: debiting 64 entropy credits from nonblocking (unlimited)
[    2.114983] random 0000 0000 0000 2ee4c4fc 167bdb15: extract_entropy account returned: 8 
[    2.114986] random 0000 0000 0000 2ee4c4fc 167bdb15: urand_change_num 25 extract_buf: pool_sig fffffcbf, data_sig ffffff83, bytes_mixed 20 2ee4c4fc 167bdb15
[    2.115028] PM: Resume from disk failed.
[    2.115035] registered taskstats version 1
[    2.115038] random 0000 0000 0000 2ee4c4fc 167bdb15: rand_read_num 7 get_random_bytes(12): sig fffffc69 2ee4c4fc 167bdb15
[    2.115041] random 0000 0000 0000 2ee4c4fc 167bdb15: extract_entropy(.. 12 ..)
[    2.115043] random 0000 0000 0000 2ee4c4fc 167bdb15: going to reseed nonblocking with 96 bits (96 of 0 requested)
[    2.115045] random 0000 0000 0000 2ee4c4fc 167bdb15: extract_entropy(.. 12 ..)
[    2.115047] random 0000 0000 0000 2ee4c4fc 167bdb15: trying to extract 96 bits from input
[    2.115049] random 0000 0000 0000 2ee4c4fc 167bdb15: debiting 0 entropy credits from input
[    2.115051] random 0000 0000 0000 2ee4c4fc 167bdb15: extract_entropy account returned: 0 
[    2.115054] random 0000 0000 0000 2ee4c4fc 167bdb15: urand_change_num 26 xfer_secondary_pool(12): pool_sig fffffc69, data_sig 00000000, bytes_mixed 0 2ee4c4fc 167bdb15
[    2.115057] random 0000 0000 0000 2ee4c4fc 167bdb15: trying to extract 96 bits from nonblocking
[    2.115059] random 0000 0000 0000 2ee4c4fc 167bdb15: debiting 96 entropy credits from nonblocking (unlimited)
[    2.115062] random 0000 0000 0000 2ee4c4fc 167bdb15: extract_entropy account returned: 12 
[    2.115065] random 0000 0000 0000 2ee4c4fc 167bdb15: urand_change_num 27 extract_buf: pool_sig fffffc69, data_sig ffffff7d, bytes_mixed 20 2ee4c4fc 167bdb15
[    2.115070] random 0000 0000 0000 83b7c1ab 94697f48: urand_change_num 28 extract_buf: pool_sig fffffe30, data_sig fffffdd6, bytes_mixed 20 83b7c1ab 94697f48
[    2.115072] RANDOM - __seed init called.
[    2.115074] RANDOM - __seed init called.
[    2.115075] RANDOM - __seed init called.
[    2.115077] RANDOM - __random32 called. Change num 14.  Value: fc007995	feca4f80	21b38ad2
[    2.115079] RANDOM - random32_reseed called.  Value: fc007995	feca4f80	21b38ad2
[    2.115081] Pid: 1, comm: swapper Not tainted 2.6.32.57 #4
[    2.115083] Call Trace:
[    2.115092]  [<c14a8a0e>] ? printk+0x1d/0x1f
[    2.115097]  [<c17537e5>] random32_reseed+0x89/0xbd
[    2.115101]  [<c1003042>] do_one_initcall+0x32/0x1a0
[    2.115103]  [<c175375c>] ? random32_reseed+0x0/0xbd
[    2.115107]  [<c17308e7>] kernel_init+0x12d/0x17a
[    2.115109]  [<c17307ba>] ? kernel_init+0x0/0x17a
[    2.115112]  [<c1009b07>] kernel_thread_helper+0x7/0x10
[    2.117678] input: AT Translated Set 2 keyboard as /devices/platform/i8042/serio0/input/input1
[    2.117953] random 0000 0000 0000 6db70b00 b30ce96b: rand_read_num 8 get_random_bytes(64): sig fffffb38 6db70b00 b30ce96b
[    2.117957] random 0000 0000 0000 6db70b00 b30ce96b: extract_entropy(.. 64 ..)
[    2.117959] random 0000 0000 0000 6db70b00 b30ce96b: going to reseed nonblocking with 512 bits (512 of 0 requested)
[    2.117962] random 0000 0000 0000 6db70b00 b30ce96b: extract_entropy(.. 64 ..)
[    2.117964] random 0000 0000 0000 6db70b00 b30ce96b: trying to extract 512 bits from input
[    2.117966] random 0000 0000 0000 6db70b00 b30ce96b: debiting 0 entropy credits from input
[    2.117968] random 0000 0000 0000 6db70b00 b30ce96b: extract_entropy account returned: 0 
[    2.117971] random 0000 0000 0000 6db70b00 b30ce96b: urand_change_num 29 xfer_secondary_pool(64): pool_sig fffffb38, data_sig 00000000, bytes_mixed 0 6db70b00 b30ce96b
[    2.117974] random 0000 0000 0000 6db70b00 b30ce96b: trying to extract 512 bits from nonblocking
[    2.117977] random 0000 0000 0000 6db70b00 b30ce96b: debiting 512 entropy credits from nonblocking (unlimited)
[    2.117979] random 0000 0000 0000 6db70b00 b30ce96b: extract_entropy account returned: 64 
[    2.117983] random 0000 0000 0000 6db70b00 b30ce96b: urand_change_num 30 extract_buf: pool_sig fffffb38, data_sig 00000151, bytes_mixed 20 6db70b00 b30ce96b
[    2.117987] random 0000 0000 0000 6db70b00 b30ce96b: urand_change_num 31 extract_buf: pool_sig fffffdb8, data_sig 00000379, bytes_mixed 20 6db70b00 b30ce96b
[    2.117992] random 0000 0000 0000 6b83001e d4b6c0d3: urand_change_num 32 extract_buf: pool_sig ffffffc9, data_sig 00000198, bytes_mixed 20 6b83001e d4b6c0d3
[    2.117996] random 0000 0000 0000 79d3e3c7 be564518: urand_change_num 33 extract_buf: pool_sig 000002b9, data_sig ffffff84, bytes_mixed 20 79d3e3c7 be564518
[    2.118001] random 0000 0000 0000 79d3e3c7 be564518: urand_change_num 34 extract_buf: pool_sig ffffff55, data_sig ffffff5a, bytes_mixed 20 79d3e3c7 be564518
[    2.118005] random 0000 0000 0000 89c03cb2 0d353228: urand_change_num 35 extract_buf: pool_sig 00000007, data_sig ffffff17, bytes_mixed 20 89c03cb2 0d353228
[    2.118010] random 0000 0000 0000 89c03cb2 0d353228: urand_change_num 36 extract_buf: pool_sig fffffdae, data_sig 000000db, bytes_mixed 20 89c03cb2 0d353228  Magic number: 13:552:709
[    2.118107] rtc_cmos 00:04: setting system clock to 2013-05-25 00:43:55 UTC (1369442635)
[    2.118109] BIOS EDD facility v0.16 2004-Jun-25, 0 devices found
[    2.118111] EDD information not available.
[    2.118135] random 0000 0000 0000 8ca62387 b120332c: rand_read_num 9 get_random_bytes(64): sig fffffed6 8ca62387 b120332c
[    2.118137] random 0000 0000 0000 8ca62387 b120332c: extract_entropy(.. 64 ..)
[    2.118140] random 0000 0000 0000 8ca62387 b120332c: going to reseed nonblocking with 512 bits (512 of 0 requested)
[    2.118142] random 0000 0000 0000 8ca62387 b120332c: extract_entropy(.. 64 ..)
[    2.118144] random 0000 0000 0000 8ca62387 b120332c: trying to extract 512 bits from input
[    2.118146] random 0000 0000 0000 8ca62387 b120332c: debiting 0 entropy credits from input
[    2.118148] random 0000 0000 0000 8ca62387 b120332c: extract_entropy account returned: 0 
[    2.118151] random 0000 0000 0000 8ca62387 b120332c: urand_change_num 37 xfer_secondary_pool(64): pool_sig fffffed6, data_sig 00000000, bytes_mixed 0 8ca62387 b120332c
[    2.118154] random 0000 0000 0000 8ca62387 b120332c: trying to extract 512 bits from nonblocking
[    2.118156] random 0000 0000 0000 8ca62387 b120332c: debiting 512 entropy credits from nonblocking (unlimited)
[    2.118159] random 0000 0000 0000 8ca62387 b120332c: extract_entropy account returned: 64 
[    2.118162] random 0000 0000 0000 8ca62387 b120332c: urand_change_num 38 extract_buf: pool_sig fffffed6, data_sig fffffeb6, bytes_mixed 20 8ca62387 b120332c
[    2.118167] random 0000 0000 0000 90702413 e2a66c2e: urand_change_num 39 extract_buf: pool_sig fffffbb0, data_sig 0000012e, bytes_mixed 20 90702413 e2a66c2e
[    2.118171] random 0000 0000 0000 90702413 e2a66c2e: urand_change_num 40 extract_buf: pool_sig fffffaf1, data_sig ffffff3c, bytes_mixed 20 90702413 e2a66c2e
[    2.118176] random 0000 0000 0000 3f58038b c77aecb6: urand_change_num 41 extract_buf: pool_sig 00000234, data_sig fffffdec, bytes_mixed 20 3f58038b c77aecb6
[    2.118180] random 0000 0000 0000 47187b9d 03f21510: urand_change_num 42 extract_buf: pool_sig 00000192, data_sig 00000075, bytes_mixed 20 47187b9d 03f21510
[    2.118184] random 0000 0000 0000 47187b9d 03f21510: urand_change_num 43 extract_buf: pool_sig 0000018e, data_sig ffffffbf, bytes_mixed 20 47187b9d 03f21510
[    2.118189] random 0000 0000 0000 3180b1fc 0fa9c973: urand_change_num 44 extract_buf: pool_sig fffffecf, data_sig ffffff2a, bytes_mixed 20 3180b1fc 0fa9c973
[    2.118192] BEGIN NET_SECRET:
[    2.118193] \xffffff87
[    2.118194] \xffffff8d
[    2.118195] \xfffffff4
[    2.118197] \xffffffae
[    2.118198] \xffffffc3
[    2.118199] \xffffffb7
[    2.118200] \x31
[    2.118201] \x65
[    2.118202] \xffffffda
[    2.118203] \xffffffa2
[    2.118205] \x31
[    2.118206] \xffffffc8
[    2.118207] \xffffffa9
[    2.118208] \x76
[    2.118209] \x76
[    2.118210] \xffffff90
[    2.118212] \x55
[    2.118213] \xfffffff3
[    2.118214] \xffffffb1
[    2.118215] \x3
[    2.118216] \xffffffb3
[    2.118217] \xffffffa7
[    2.118219] \x5a
[    2.118220] \x71
[    2.118221] \x70
[    2.118222] \xffffff8c
[    2.118223] \x56
[    2.118224] \x25
[    2.118225] \xffffffe1
[    2.118226] \x4c
[    2.118228] \xffffffe6
[    2.118229] \xffffff95
[    2.118230] \x67
[    2.118231] \x4c
[    2.118232] \xffffffb9
[    2.118233] \x1d
[    2.118234] \xe
[    2.118236] \x34
[    2.118237] \xffffffbe
[    2.118238] \x12
[    2.118239] \x5
[    2.118240] \xffffff98
[    2.118241] \xffffffa0
[    2.118242] \xf
[    2.118244] \xffffffb2
[    2.118245] \xffffffde
[    2.118246] \xffffff99
[    2.118247] \xf
[    2.118248] \xffffffe8
[    2.118249] \xffffffc8
[    2.118251] \x1f
[    2.118252] \x54
[    2.118253] \x2c
[    2.118254] \xffffffee
[    2.118255] \x2e
[    2.118256] \x0
[    2.118257] \xffffff95
[    2.118258] \x0
[    2.118260] \xffffffe3
[    2.118261] \xffffffa7
[    2.118262] \xfffffffd
[    2.118263] \x66
[    2.118264] \xffffff92
[    2.118265] \xfffffff0
[    2.118267] 
[    2.118267] END NET_SECRET
[    2.118270] random 0000 0000 0000 3180b1fc 0fa9c973: rand_read_num 10 get_random_bytes(4): sig ffffff46 3180b1fc 0fa9c973
[    2.118273] random 0000 0000 0000 3180b1fc 0fa9c973: extract_entropy(.. 4 ..)
[    2.118275] random 0000 0000 0000 3180b1fc 0fa9c973: going to reseed nonblocking with 64 bits (32 of 0 requested)
[    2.118277] random 0000 0000 0000 3180b1fc 0fa9c973: extract_entropy(.. 8 ..)
[    2.118279] random 0000 0000 0000 3180b1fc 0fa9c973: trying to extract 64 bits from input
[    2.118281] random 0000 0000 0000 3180b1fc 0fa9c973: debiting 0 entropy credits from input
[    2.118283] random 0000 0000 0000 3180b1fc 0fa9c973: extract_entropy account returned: 0 
[    2.118286] random 0000 0000 0000 3180b1fc 0fa9c973: urand_change_num 45 xfer_secondary_pool(4): pool_sig ffffff46, data_sig 00000000, bytes_mixed 0 3180b1fc 0fa9c973
[    2.118289] random 0000 0000 0000 3180b1fc 0fa9c973: trying to extract 32 bits from nonblocking
[    2.118291] random 0000 0000 0000 3180b1fc 0fa9c973: debiting 32 entropy credits from nonblocking (unlimited)
[    2.118294] random 0000 0000 0000 3180b1fc 0fa9c973: extract_entropy account returned: 4 
[    2.118297] random 0000 0000 0000 3180b1fc 0fa9c973: urand_change_num 46 extract_buf: pool_sig ffffff46, data_sig 0000001b, bytes_mixed 20 3180b1fc 0fa9c973
[    2.291487] ata2.00: ATAPI: VMware Virtual IDE CDROM Drive, 00000001, max UDMA/33
[    2.291782] ata2.00: configured for UDMA/33
[    2.292152] scsi 1:0:0:0: CD-ROM            NECVMWar VMware IDE CDR10 1.00 PQ: 0 ANSI: 5
[    2.293455] sr0: scsi3-mmc drive: 306x/306x cd/rw xa/form2 cdda tray
[    2.293459] Uniform CD-ROM driver Revision: 3.20
[    2.293511] sr 1:0:0:0: Attached scsi CD-ROM sr0
[    2.293548] sr 1:0:0:0: Attached scsi generic sg0 type 5
[    2.293584] Freeing unused kernel memory: 652k freed
[    2.293636] Write protecting the kernel text: 4840k
[    2.293666] Write protecting the kernel read-only data: 1968k
[    2.293753] random 0000 0000 0000 38974d2b 1d8d6de0: rand_read_num 11 get_random_bytes(16): sig 000001c6 38974d2b 1d8d6de0
