[    0.000000] random 0000 0000 0000 00000000 00000000: rand_read_num 1 get_random_bytes(8): sig 00000000 00000000 00000000
[    0.000000] random 0000 0000 0000 00000000 00000000: extract_entropy(.. 8 ..)
[    0.000000] random 0000 0000 0000 00000000 00000000: going to reseed nonblocking with 64 bits (64 of 0 requested)
[    0.000000] random 0000 0000 0000 00000000 00000000: extract_entropy(.. 8 ..)
[    0.000000] random 0000 0000 0000 00000000 00000000: trying to extract 64 bits from input
[    0.000000] random 0000 0000 0000 00000000 00000000: debiting 0 entropy credits from input
[    0.000000] random 0000 0000 0000 00000000 00000000: extract_entropy account returned: 0 
[    0.000000] random 0000 0000 0000 00000000 00000000: urand_change_num 1 xfer_secondary_pool(8): pool_sig 00000000, data_sig 00000000, bytes_mixed 0 00000000 00000000
[    0.000000] random 0000 0000 0000 00000000 00000000: trying to extract 64 bits from nonblocking
[    0.000000] random 0000 0000 0000 00000000 00000000: debiting 64 entropy credits from nonblocking (unlimited)
[    0.000000] random 0000 0000 0000 00000000 00000000: extract_entropy account returned: 8 
[    0.000000] random 0000 0000 0000 00000000 00000000: urand_change_num 2 extract_buf: pool_sig 00000000, data_sig fffffff9, bytes_mixed 20 00000000 00000000
[    0.000000] Initializing cgroup subsys cpuset
[    0.000000] Initializing cgroup subsys cpu
[    0.000000] Linux version 2.6.32.57 (dcashman@ubuntu) (gcc version 4.6.3 (Ubuntu/Linaro 4.6.3-1ubuntu5) ) #4 SMP Fri May 24 11:09:26 PDT 2013
[    0.000000] KERNEL supported cpus:
[    0.000000]   Intel GenuineIntel
[    0.000000]   AMD AuthenticAMD
[    0.000000]   NSC Geode by NSC
[    0.000000]   Cyrix CyrixInstead
[    0.000000]   Centaur CentaurHauls
[    0.000000]   Transmeta GenuineTMx86
[    0.000000]   Transmeta TransmetaCPU
[    0.000000]   UMC UMC UMC UMC
[    0.000000] BIOS-provided physical RAM map:
[    0.000000]  BIOS-e820: 0000000000000000 - 000000000009f000 (usable)
[    0.000000]  BIOS-e820: 000000000009f000 - 00000000000a0000 (reserved)
[    0.000000]  BIOS-e820: 00000000000ca000 - 00000000000cc000 (reserved)
[    0.000000]  BIOS-e820: 00000000000dc000 - 0000000000100000 (reserved)
[    0.000000]  BIOS-e820: 0000000000100000 - 000000003fee0000 (usable)
[    0.000000]  BIOS-e820: 000000003fee0000 - 000000003feff000 (ACPI data)
[    0.000000]  BIOS-e820: 000000003feff000 - 000000003ff00000 (ACPI NVS)
[    0.000000]  BIOS-e820: 000000003ff00000 - 0000000040000000 (usable)
[    0.000000]  BIOS-e820: 00000000e0000000 - 00000000f0000000 (reserved)
[    0.000000]  BIOS-e820: 00000000fec00000 - 00000000fec10000 (reserved)
[    0.000000]  BIOS-e820: 00000000fee00000 - 00000000fee01000 (reserved)
[    0.000000]  BIOS-e820: 00000000fffe0000 - 0000000100000000 (reserved)
[    0.000000] DMI present.
[    0.000000] Phoenix BIOS detected: BIOS may corrupt low RAM, working around it.
[    0.000000] e820 update range: 0000000000000000 - 0000000000010000 (usable) ==> (reserved)
[    0.000000] last_pfn = 0x40000 max_arch_pfn = 0x1000000
[    0.000000] MTRR default type: uncachable
[    0.000000] MTRR fixed ranges enabled:
[    0.000000]   00000-9FFFF write-back
[    0.000000]   A0000-BFFFF uncachable
[    0.000000]   C0000-CBFFF write-protect
[    0.000000]   CC000-EFFFF uncachable
[    0.000000]   F0000-FFFFF write-protect
[    0.000000] MTRR variable ranges enabled:
[    0.000000]   0 base 0000000000 mask FFC0000000 write-back
[    0.000000]   1 disabled
[    0.000000]   2 disabled
[    0.000000]   3 disabled
[    0.000000]   4 disabled
[    0.000000]   5 disabled
[    0.000000]   6 disabled
[    0.000000]   7 disabled
[    0.000000] x86 PAT enabled: cpu 0, old 0x0, new 0x7010600070106
[    0.000000] Scanning 0 areas for low memory corruption
[    0.000000] modified physical RAM map:
[    0.000000]  modified: 0000000000000000 - 0000000000010000 (reserved)
[    0.000000]  modified: 0000000000010000 - 000000000009f000 (usable)
[    0.000000]  modified: 000000000009f000 - 00000000000a0000 (reserved)
[    0.000000]  modified: 00000000000ca000 - 00000000000cc000 (reserved)
[    0.000000]  modified: 00000000000dc000 - 0000000000100000 (reserved)
[    0.000000]  modified: 0000000000100000 - 000000003fee0000 (usable)
[    0.000000]  modified: 000000003fee0000 - 000000003feff000 (ACPI data)
[    0.000000]  modified: 000000003feff000 - 000000003ff00000 (ACPI NVS)
[    0.000000]  modified: 000000003ff00000 - 0000000040000000 (usable)
[    0.000000]  modified: 00000000e0000000 - 00000000f0000000 (reserved)
[    0.000000]  modified: 00000000fec00000 - 00000000fec10000 (reserved)
[    0.000000]  modified: 00000000fee00000 - 00000000fee01000 (reserved)
[    0.000000]  modified: 00000000fffe0000 - 0000000100000000 (reserved)
[    0.000000] initial memory mapped : 0 - 01e00000
[    0.000000] init_memory_mapping: 0000000000000000-00000000379fe000
[    0.000000] NX (Execute Disable) protection: active
[    0.000000]  0000000000 - 0000200000 page 4k
[    0.000000]  0000200000 - 0037800000 page 2M
[    0.000000]  0037800000 - 00379fe000 page 4k
[    0.000000] kernel direct mapping tables up to 379fe000 @ 10000-16000
[    0.000000] RAMDISK: 2dcfc000 - 32e758c3
[    0.000000] ACPI: RSDP 000f6b80 00024 (v02 PTLTD )
[    0.000000] ACPI: XSDT 3feed636 0005C (v01 INTEL  440BX    06040000 VMW  01324272)
[    0.000000] ACPI: FACP 3fefee98 000F4 (v04 INTEL  440BX    06040000 PTL  000F4240)
[    0.000000] ACPI: DSDT 3feee366 10B32 (v01 PTLTD  Custom   06040000 MSFT 03000001)
[    0.000000] ACPI: FACS 3fefffc0 00040
[    0.000000] ACPI: BOOT 3feee33e 00028 (v01 PTLTD  $SBFTBL$ 06040000  LTP 00000001)
[    0.000000] ACPI: APIC 3feedc3e 003C2 (v01 PTLTD  ? APIC   06040000  LTP 00000000)
[    0.000000] ACPI: MCFG 3feedc02 0003C (v01 PTLTD  $PCITBL$ 06040000  LTP 00000001)
[    0.000000] ACPI: SRAT 3feed732 004D0 (v02 VMWARE MEMPLUG  06040000 VMW  00000001)
[    0.000000] ACPI: HPET 3feed6fa 00038 (v01 VMWARE VMW HPET 06040000 VMW  00000001)
[    0.000000] ACPI: WAET 3feed6d2 00028 (v01 VMWARE VMW WAET 06040000 VMW  00000001)
[    0.000000] ACPI: Local APIC address 0xfee00000
[    0.000000] 134MB HIGHMEM available.
[    0.000000] 889MB LOWMEM available.
[    0.000000]   mapped low ram: 0 - 379fe000
[    0.000000]   low ram: 0 - 379fe000
[    0.000000]   node 0 low ram: 00000000 - 379fe000
[    0.000000]   node 0 bootmap 00012000 - 00018f40
[    0.000000] (9 early reservations) ==> bootmem [0000000000 - 00379fe000]
[    0.000000]   #0 [0000000000 - 0000001000]   BIOS data page ==> [0000000000 - 0000001000]
[    0.000000]   #1 [0000001000 - 0000002000]    EX TRAMPOLINE ==> [0000001000 - 0000002000]
[    0.000000]   #2 [0000006000 - 0000007000]       TRAMPOLINE ==> [0000006000 - 0000007000]
[    0.000000]   #3 [0001000000 - 0001a75ff8]    TEXT DATA BSS ==> [0001000000 - 0001a75ff8]
[    0.000000]   #4 [002dcfc000 - 0032e758c3]          RAMDISK ==> [002dcfc000 - 0032e758c3]
[    0.000000]   #5 [000009f000 - 0000100000]    BIOS reserved ==> [000009f000 - 0000100000]
[    0.000000]   #6 [0001a76000 - 0001a851c0]              BRK ==> [0001a76000 - 0001a851c0]
[    0.000000]   #7 [0000010000 - 0000012000]          PGTABLE ==> [0000010000 - 0000012000]
[    0.000000]   #8 [0000012000 - 0000019000]          BOOTMAP ==> [0000012000 - 0000019000]
[    0.000000] found SMP MP-table at [c00f6bf0] f6bf0
[    0.000000] Zone PFN ranges:
[    0.000000]   DMA      0x00000010 -> 0x00001000
[    0.000000]   Normal   0x00001000 -> 0x000379fe
[    0.000000]   HighMem  0x000379fe -> 0x00040000
[    0.000000] Movable zone start PFN for each node
[    0.000000] early_node_map[3] active PFN ranges
[    0.000000]     0: 0x00000010 -> 0x0000009f
[    0.000000]     0: 0x00000100 -> 0x0003fee0
[    0.000000]     0: 0x0003ff00 -> 0x00040000
[    0.000000] On node 0 totalpages: 261999
[    0.000000] free_area_init_node: node 0, pgdat c1715200, node_mem_map c1a87200
[    0.000000]   DMA zone: 32 pages used for memmap
[    0.000000]   DMA zone: 0 pages reserved
[    0.000000]   DMA zone: 3951 pages, LIFO batch:0
[    0.000000]   Normal zone: 1748 pages used for memmap
[    0.000000]   Normal zone: 221994 pages, LIFO batch:31
[    0.000000]   HighMem zone: 269 pages used for memmap
[    0.000000]   HighMem zone: 34005 pages, LIFO batch:7
[    0.000000] Using APIC driver default
[    0.000000] ACPI: PM-Timer IO Port: 0x1008
[    0.000000] ACPI: Local APIC address 0xfee00000
[    0.000000] ACPI: LAPIC (acpi_id[0x00] lapic_id[0x00] enabled)
[    0.000000] ACPI: LAPIC (acpi_id[0x01] lapic_id[0x02] disabled)
[    0.000000] ACPI: LAPIC (acpi_id[0x02] lapic_id[0x04] disabled)
[    0.000000] ACPI: LAPIC (acpi_id[0x03] lapic_id[0x06] disabled)
[    0.000000] ACPI: LAPIC (acpi_id[0x04] lapic_id[0x08] disabled)
[    0.000000] ACPI: LAPIC (acpi_id[0x05] lapic_id[0x0a] disabled)
[    0.000000] ACPI: LAPIC (acpi_id[0x06] lapic_id[0x0c] disabled)
[    0.000000] ACPI: LAPIC (acpi_id[0x07] lapic_id[0x0e] disabled)
[    0.000000] ACPI: LAPIC (acpi_id[0x08] lapic_id[0x10] disabled)
[    0.000000] ACPI: LAPIC (acpi_id[0x09] lapic_id[0x12] disabled)
[    0.000000] ACPI: LAPIC (acpi_id[0x0a] lapic_id[0x14] disabled)
[    0.000000] ACPI: LAPIC (acpi_id[0x0b] lapic_id[0x16] disabled)
[    0.000000] ACPI: LAPIC (acpi_id[0x0c] lapic_id[0x18] disabled)
[    0.000000] ACPI: LAPIC (acpi_id[0x0d] lapic_id[0x1a] disabled)
[    0.000000] ACPI: LAPIC (acpi_id[0x0e] lapic_id[0x1c] disabled)
[    0.000000] ACPI: LAPIC (acpi_id[0x0f] lapic_id[0x1e] disabled)
[    0.000000] ACPI: LAPIC (acpi_id[0x10] lapic_id[0x20] disabled)
[    0.000000] ACPI: LAPIC (acpi_id[0x11] lapic_id[0x22] disabled)
[    0.000000] ACPI: LAPIC (acpi_id[0x12] lapic_id[0x24] disabled)
[    0.000000] ACPI: LAPIC (acpi_id[0x13] lapic_id[0x26] disabled)
[    0.000000] ACPI: LAPIC (acpi_id[0x14] lapic_id[0x28] disabled)
[    0.000000] ACPI: LAPIC (acpi_id[0x15] lapic_id[0x2a] disabled)
[    0.000000] ACPI: LAPIC (acpi_id[0x16] lapic_id[0x2c] disabled)
[    0.000000] ACPI: LAPIC (acpi_id[0x17] lapic_id[0x2e] disabled)
[    0.000000] ACPI: LAPIC (acpi_id[0x18] lapic_id[0x30] disabled)
[    0.000000] ACPI: LAPIC (acpi_id[0x19] lapic_id[0x32] disabled)
[    0.000000] ACPI: LAPIC (acpi_id[0x1a] lapic_id[0x34] disabled)
[    0.000000] ACPI: LAPIC (acpi_id[0x1b] lapic_id[0x36] disabled)
[    0.000000] ACPI: LAPIC (acpi_id[0x1c] lapic_id[0x38] disabled)
[    0.000000] ACPI: LAPIC (acpi_id[0x1d] lapic_id[0x3a] disabled)
[    0.000000] ACPI: LAPIC (acpi_id[0x1e] lapic_id[0x3c] disabled)
[    0.000000] ACPI: LAPIC (acpi_id[0x1f] lapic_id[0x3e] disabled)
[    0.000000] ACPI: LAPIC (acpi_id[0x20] lapic_id[0x40] disabled)
[    0.000000] ACPI: LAPIC (acpi_id[0x21] lapic_id[0x42] disabled)
[    0.000000] ACPI: LAPIC (acpi_id[0x22] lapic_id[0x44] disabled)
[    0.000000] ACPI: LAPIC (acpi_id[0x23] lapic_id[0x46] disabled)
[    0.000000] ACPI: LAPIC (acpi_id[0x24] lapic_id[0x48] disabled)
[    0.000000] ACPI: LAPIC (acpi_id[0x25] lapic_id[0x4a] disabled)
[    0.000000] ACPI: LAPIC (acpi_id[0x26] lapic_id[0x4c] disabled)
[    0.000000] ACPI: LAPIC (acpi_id[0x27] lapic_id[0x4e] disabled)
[    0.000000] ACPI: LAPIC (acpi_id[0x28] lapic_id[0x50] disabled)
[    0.000000] ACPI: LAPIC (acpi_id[0x29] lapic_id[0x52] disabled)
[    0.000000] ACPI: LAPIC (acpi_id[0x2a] lapic_id[0x54] disabled)
[    0.000000] ACPI: LAPIC (acpi_id[0x2b] lapic_id[0x56] disabled)
[    0.000000] ACPI: LAPIC (acpi_id[0x2c] lapic_id[0x58] disabled)
[    0.000000] ACPI: LAPIC (acpi_id[0x2d] lapic_id[0x5a] disabled)
[    0.000000] ACPI: LAPIC (acpi_id[0x2e] lapic_id[0x5c] disabled)
[    0.000000] ACPI: LAPIC (acpi_id[0x2f] lapic_id[0x5e] disabled)
[    0.000000] ACPI: LAPIC (acpi_id[0x30] lapic_id[0x60] disabled)
[    0.000000] ACPI: LAPIC (acpi_id[0x31] lapic_id[0x62] disabled)
[    0.000000] ACPI: LAPIC (acpi_id[0x32] lapic_id[0x64] disabled)
[    0.000000] ACPI: LAPIC (acpi_id[0x33] lapic_id[0x66] disabled)
[    0.000000] ACPI: LAPIC (acpi_id[0x34] lapic_id[0x68] disabled)
[    0.000000] ACPI: LAPIC (acpi_id[0x35] lapic_id[0x6a] disabled)
[    0.000000] ACPI: LAPIC (acpi_id[0x36] lapic_id[0x6c] disabled)
[    0.000000] ACPI: LAPIC (acpi_id[0x37] lapic_id[0x6e] disabled)
[    0.000000] ACPI: LAPIC (acpi_id[0x38] lapic_id[0x70] disabled)
[    0.000000] ACPI: LAPIC (acpi_id[0x39] lapic_id[0x72] disabled)
[    0.000000] ACPI: LAPIC (acpi_id[0x3a] lapic_id[0x74] disabled)
[    0.000000] ACPI: LAPIC (acpi_id[0x3b] lapic_id[0x76] disabled)
[    0.000000] ACPI: LAPIC (acpi_id[0x3c] lapic_id[0x78] disabled)
[    0.000000] ACPI: LAPIC (acpi_id[0x3d] lapic_id[0x7a] disabled)
[    0.000000] ACPI: LAPIC (acpi_id[0x3e] lapic_id[0x7c] disabled)
[    0.000000] ACPI: LAPIC (acpi_id[0x3f] lapic_id[0x7e] disabled)
[    0.000000] ACPI: LAPIC_NMI (acpi_id[0x00] high edge lint[0x1])
[    0.000000] ACPI: LAPIC_NMI (acpi_id[0x01] high edge lint[0x1])
[    0.000000] ACPI: LAPIC_NMI (acpi_id[0x02] high edge lint[0x1])
[    0.000000] ACPI: LAPIC_NMI (acpi_id[0x03] high edge lint[0x1])
[    0.000000] ACPI: LAPIC_NMI (acpi_id[0x04] high edge lint[0x1])
[    0.000000] ACPI: LAPIC_NMI (acpi_id[0x05] high edge lint[0x1])
[    0.000000] ACPI: LAPIC_NMI (acpi_id[0x06] high edge lint[0x1])
[    0.000000] ACPI: LAPIC_NMI (acpi_id[0x07] high edge lint[0x1])
[    0.000000] ACPI: LAPIC_NMI (acpi_id[0x08] high edge lint[0x1])
[    0.000000] ACPI: LAPIC_NMI (acpi_id[0x09] high edge lint[0x1])
[    0.000000] ACPI: LAPIC_NMI (acpi_id[0x0a] high edge lint[0x1])
[    0.000000] ACPI: LAPIC_NMI (acpi_id[0x0b] high edge lint[0x1])
[    0.000000] ACPI: LAPIC_NMI (acpi_id[0x0c] high edge lint[0x1])
[    0.000000] ACPI: LAPIC_NMI (acpi_id[0x0d] high edge lint[0x1])
[    0.000000] ACPI: LAPIC_NMI (acpi_id[0x0e] high edge lint[0x1])
[    0.000000] ACPI: LAPIC_NMI (acpi_id[0x0f] high edge lint[0x1])
[    0.000000] ACPI: LAPIC_NMI (acpi_id[0x10] high edge lint[0x1])
[    0.000000] ACPI: LAPIC_NMI (acpi_id[0x11] high edge lint[0x1])
[    0.000000] ACPI: LAPIC_NMI (acpi_id[0x12] high edge lint[0x1])
[    0.000000] ACPI: LAPIC_NMI (acpi_id[0x13] high edge lint[0x1])
[    0.000000] ACPI: LAPIC_NMI (acpi_id[0x14] high edge lint[0x1])
[    0.000000] ACPI: LAPIC_NMI (acpi_id[0x15] high edge lint[0x1])
[    0.000000] ACPI: LAPIC_NMI (acpi_id[0x16] high edge lint[0x1])
[    0.000000] ACPI: LAPIC_NMI (acpi_id[0x17] high edge lint[0x1])
[    0.000000] ACPI: LAPIC_NMI (acpi_id[0x18] high edge lint[0x1])
[    0.000000] ACPI: LAPIC_NMI (acpi_id[0x19] high edge lint[0x1])
[    0.000000] ACPI: LAPIC_NMI (acpi_id[0x1a] high edge lint[0x1])
[    0.000000] ACPI: LAPIC_NMI (acpi_id[0x1b] high edge lint[0x1])
[    0.000000] ACPI: LAPIC_NMI (acpi_id[0x1c] high edge lint[0x1])
[    0.000000] ACPI: LAPIC_NMI (acpi_id[0x1d] high edge lint[0x1])
[    0.000000] ACPI: LAPIC_NMI (acpi_id[0x1e] high edge lint[0x1])
[    0.000000] ACPI: LAPIC_NMI (acpi_id[0x1f] high edge lint[0x1])
[    0.000000] ACPI: LAPIC_NMI (acpi_id[0x20] high edge lint[0x1])
[    0.000000] ACPI: LAPIC_NMI (acpi_id[0x21] high edge lint[0x1])
[    0.000000] ACPI: LAPIC_NMI (acpi_id[0x22] high edge lint[0x1])
[    0.000000] ACPI: LAPIC_NMI (acpi_id[0x23] high edge lint[0x1])
[    0.000000] ACPI: LAPIC_NMI (acpi_id[0x24] high edge lint[0x1])
[    0.000000] ACPI: LAPIC_NMI (acpi_id[0x25] high edge lint[0x1])
[    0.000000] ACPI: LAPIC_NMI (acpi_id[0x26] high edge lint[0x1])
[    0.000000] ACPI: LAPIC_NMI (acpi_id[0x27] high edge lint[0x1])
[    0.000000] ACPI: LAPIC_NMI (acpi_id[0x28] high edge lint[0x1])
[    0.000000] ACPI: LAPIC_NMI (acpi_id[0x29] high edge lint[0x1])
[    0.000000] ACPI: LAPIC_NMI (acpi_id[0x2a] high edge lint[0x1])
[    0.000000] ACPI: LAPIC_NMI (acpi_id[0x2b] high edge lint[0x1])
[    0.000000] ACPI: LAPIC_NMI (acpi_id[0x2c] high edge lint[0x1])
[    0.000000] ACPI: LAPIC_NMI (acpi_id[0x2d] high edge lint[0x1])
[    0.000000] ACPI: LAPIC_NMI (acpi_id[0x2e] high edge lint[0x1])
[    0.000000] ACPI: LAPIC_NMI (acpi_id[0x2f] high edge lint[0x1])
[    0.000000] ACPI: LAPIC_NMI (acpi_id[0x30] high edge lint[0x1])
[    0.000000] ACPI: LAPIC_NMI (acpi_id[0x31] high edge lint[0x1])
[    0.000000] ACPI: LAPIC_NMI (acpi_id[0x32] high edge lint[0x1])
[    0.000000] ACPI: LAPIC_NMI (acpi_id[0x33] high edge lint[0x1])
[    0.000000] ACPI: LAPIC_NMI (acpi_id[0x34] high edge lint[0x1])
[    0.000000] ACPI: LAPIC_NMI (acpi_id[0x35] high edge lint[0x1])
[    0.000000] ACPI: LAPIC_NMI (acpi_id[0x36] high edge lint[0x1])
[    0.000000] ACPI: LAPIC_NMI (acpi_id[0x37] high edge lint[0x1])
[    0.000000] ACPI: LAPIC_NMI (acpi_id[0x38] high edge lint[0x1])
[    0.000000] ACPI: LAPIC_NMI (acpi_id[0x39] high edge lint[0x1])
[    0.000000] ACPI: LAPIC_NMI (acpi_id[0x3a] high edge lint[0x1])
[    0.000000] ACPI: LAPIC_NMI (acpi_id[0x3b] high edge lint[0x1])
[    0.000000] ACPI: LAPIC_NMI (acpi_id[0x3c] high edge lint[0x1])
[    0.000000] ACPI: LAPIC_NMI (acpi_id[0x3d] high edge lint[0x1])
[    0.000000] ACPI: LAPIC_NMI (acpi_id[0x3e] high edge lint[0x1])
[    0.000000] ACPI: LAPIC_NMI (acpi_id[0x3f] high edge lint[0x1])
[    0.000000] ACPI: Skipping IOAPIC probe due to 'noapic' option.
[    0.000000] Using ACPI for processor (LAPIC) configuration information
[    0.000000] ACPI: HPET id: 0x8086af01 base: 0xfed00000
[    0.000000] Intel MultiProcessor Specification v1.4
[    0.000000]     Virtual Wire compatibility mode.
[    0.000000] MPTABLE: OEM ID: INTEL   
[    0.000000] MPTABLE: Product ID: 440BX       
[    0.000000] MPTABLE: APIC at: 0xFEE00000
[    0.000000] I/O APIC #1 Version 17 at 0xFEC00000.
[    0.000000] Processors: 1
[    0.000000] 64 Processors exceeds NR_CPUS limit of 8
[    0.000000] SMP: Allowing 8 CPUs, 7 hotplug CPUs
[    0.000000] nr_irqs_gsi: 24
[    0.000000] PM: Registered nosave memory: 000000000009f000 - 00000000000a0000
[    0.000000] PM: Registered nosave memory: 00000000000a0000 - 00000000000ca000
[    0.000000] PM: Registered nosave memory: 00000000000ca000 - 00000000000cc000
[    0.000000] PM: Registered nosave memory: 00000000000cc000 - 00000000000dc000
[    0.000000] PM: Registered nosave memory: 00000000000dc000 - 0000000000100000
[    0.000000] Allocating PCI resources starting at 40000000 (gap: 40000000:a0000000)
[    0.000000] Booting paravirtualized kernel on bare hardware
[    0.000000] NR_CPUS:8 nr_cpumask_bits:8 nr_cpu_ids:8 nr_node_ids:1
[    0.000000] PERCPU: Embedded 15 pages/cpu @c2400000 s39320 r0 d22120 u262144
[    0.000000] pcpu-alloc: s39320 r0 d22120 u262144 alloc=1*2097152
[    0.000000] pcpu-alloc: [0] 0 1 2 3 4 5 6 7 
[    0.000000] Built 1 zonelists in Zone order, mobility grouping on.  Total pages: 259950
[    0.000000] Kernel command line: BOOT_IMAGE=/boot/vmlinuz-2.6.32.57 root=UUID=007b598c-390d-4c65-84a1-4ff752d48633 ro quiet splash maxcpus=0
[    0.000000] PID hash table entries: 4096 (order: 2, 16384 bytes)
[    0.000000] Dentry cache hash table entries: 131072 (order: 7, 524288 bytes)
[    0.000000] Inode-cache hash table entries: 65536 (order: 6, 262144 bytes)
[    0.000000] Enabling fast FPU save and restore... done.
[    0.000000] Enabling unmasked SIMD FPU exception support... done.
[    0.000000] Initializing CPU#0
[    0.000000] xsave/xrstor: enabled xstate_bv 0x7, cntxt size 0x340
[    0.000000] allocated 5242560 bytes of page_cgroup
[    0.000000] please try 'cgroup_disable=memory' option if you don't want memory cgroups
[    0.000000] Initializing HighMem for node 0 (000379fe:00040000)
[    0.000000] Memory: 938260k/1048576k available (4839k kernel code, 108848k reserved, 2518k data, 652k init, 137096k highmem)
[    0.000000] virtual kernel memory layout:
[    0.000000]     fixmap  : 0xfff1e000 - 0xfffff000   ( 900 kB)
[    0.000000]     pkmap   : 0xffa00000 - 0xffc00000   (2048 kB)
[    0.000000]     vmalloc : 0xf81fe000 - 0xff9fe000   ( 120 MB)
[    0.000000]     lowmem  : 0xc0000000 - 0xf79fe000   ( 889 MB)
[    0.000000]       .init : 0xc1730000 - 0xc17d3000   ( 652 kB)
[    0.000000]       .data : 0xc14b9cce - 0xc172f764   (2518 kB)
[    0.000000]       .text : 0xc1000000 - 0xc14b9cce   (4839 kB)
[    0.000000] Checking if this processor honours the WP bit even in supervisor mode...Ok.
[    0.000000] SLUB: Genslabs=13, HWalign=64, Order=0-3, MinObjects=0, CPUs=8, Nodes=1
[    0.000000] Hierarchical RCU implementation.
[    0.000000] NR_IRQS:2304 nr_irqs:472
[    0.000000] Extended CMOS year: 2000
[    0.000000] Console: colour VGA+ 80x25
[    0.000000] console [tty0] enabled
[    0.000000] hpet clockevent registered
[    0.000000] TSC freq read from hypervisor : 2394.620 MHz
[    0.000000] Detected 2394.620 MHz processor.
[    0.000003] Calibrating delay loop (skipped) preset value.. 4789.24 BogoMIPS (lpj=9578480)
[    0.000011] Security Framework initialized
[    0.000015] SELinux:  Disabled at boot.
[    0.000019] Mount-cache hash table entries: 512
[    0.000121] Initializing cgroup subsys cpuacct
[    0.000124] Initializing cgroup subsys memory
[    0.000128] Initializing cgroup subsys devices
[    0.000129] Initializing cgroup subsys freezer
[    0.000157] CPU: Physical Processor ID: 0
[    0.000164] CPU: L1 I cache: 32K, L1 D cache: 32K
[    0.000165] CPU: L2 cache: 256K
[    0.000166] CPU: L3 cache: 4096K
[    0.000171] mce: CPU supports 0 MCE banks
[    0.000185] Performance Events: no PMU driver, software events only.
[    0.000196] Checking 'hlt' instruction... OK.
[    0.018021] SMP alternatives: switching to UP code
[    0.032232] ACPI: Core revision 20090903
[    0.038302] ACPI: setting ELCR to 0200 (from 0e20)
[    0.039338] ftrace: converting mcount calls to 0f 1f 44 00 00
[    0.039343] ftrace: allocating 22631 entries in 45 pages
[    0.056682] CANARY value: 3a128a2 for PID: 1
[    0.056710] Not enabling x2apic, Intr-remapping init failed.
[    0.056712] Enabling APIC mode:  Flat.  Using 1 I/O APICs
[    0.056719] SMP mode deactivated.
[    0.056744] SMP disabled
[    0.056797] Brought up 1 CPUs
[    0.056799] Total of 1 processors activated (4789.24 BogoMIPS).
[    0.056803] CPU0 attaching NULL sched-domain.
[    0.056870] devtmpfs: initialized
[    0.056974] sysctl table check failed: /kernel/random/now_input .1.40.7 Unknown sysctl binary path
[    0.057214] Pid: 1, comm: swapper Not tainted 2.6.32.57 #4
[    0.057215] Call Trace:
[    0.057219]  [<c14a8a0e>] ? printk+0x1d/0x1f
[    0.057222]  [<c107b56f>] set_fail+0x4f/0x60
[    0.057224]  [<c107b8b3>] sysctl_check_table+0x333/0x620
[    0.057226]  [<c107b8cc>] sysctl_check_table+0x34c/0x620
[    0.057227]  [<c107b8cc>] sysctl_check_table+0x34c/0x620
[    0.057231]  [<c1746d48>] sysctl_init+0x25/0x29
[    0.057233]  [<c1003042>] do_one_initcall+0x32/0x1a0
[    0.057235]  [<c1746d23>] ? sysctl_init+0x0/0x29
[    0.057238]  [<c17308e7>] kernel_init+0x12d/0x17a
[    0.057239]  [<c17307ba>] ? kernel_init+0x0/0x17a
[    0.057241]  [<c1009b07>] kernel_thread_helper+0x7/0x10
[    0.057243] sysctl table check failed: /kernel/random/now_blocking .1.40.8 Unknown sysctl binary path
[    0.057472] Pid: 1, comm: swapper Not tainted 2.6.32.57 #4
[    0.057473] Call Trace:
[    0.057474]  [<c14a8a0e>] ? printk+0x1d/0x1f
[    0.057476]  [<c107b56f>] set_fail+0x4f/0x60
[    0.057477]  [<c107b8b3>] sysctl_check_table+0x333/0x620
[    0.057479]  [<c107b8cc>] sysctl_check_table+0x34c/0x620
[    0.057480]  [<c107b8cc>] sysctl_check_table+0x34c/0x620
[    0.057483]  [<c1746d48>] sysctl_init+0x25/0x29
[    0.057484]  [<c1003042>] do_one_initcall+0x32/0x1a0
[    0.057486]  [<c1746d23>] ? sysctl_init+0x0/0x29
[    0.057488]  [<c17308e7>] kernel_init+0x12d/0x17a
[    0.057489]  [<c17307ba>] ? kernel_init+0x0/0x17a
[    0.057491]  [<c1009b07>] kernel_thread_helper+0x7/0x10
[    0.057492] sysctl table check failed: /kernel/random/now_nonblocking .1.40.9 Unknown sysctl binary path
[    0.057757] Pid: 1, comm: swapper Not tainted 2.6.32.57 #4
[    0.057758] Call Trace:
[    0.057759]  [<c14a8a0e>] ? printk+0x1d/0x1f
[    0.057761]  [<c107b56f>] set_fail+0x4f/0x60
[    0.057762]  [<c107b8b3>] sysctl_check_table+0x333/0x620
[    0.057764]  [<c107b8cc>] sysctl_check_table+0x34c/0x620
[    0.057766]  [<c107b8cc>] sysctl_check_table+0x34c/0x620
[    0.057768]  [<c1746d48>] sysctl_init+0x25/0x29
[    0.057769]  [<c1003042>] do_one_initcall+0x32/0x1a0
[    0.057771]  [<c1746d23>] ? sysctl_init+0x0/0x29
[    0.057773]  [<c17308e7>] kernel_init+0x12d/0x17a
[    0.057774]  [<c17307ba>] ? kernel_init+0x0/0x17a
[    0.057776]  [<c1009b07>] kernel_thread_helper+0x7/0x10
[    0.057777] sysctl table check failed: /kernel/random/nb_input_bytes .1.40.10 Unknown sysctl binary path
[    0.058007] Pid: 1, comm: swapper Not tainted 2.6.32.57 #4
[    0.058008] Call Trace:
[    0.058009]  [<c14a8a0e>] ? printk+0x1d/0x1f
[    0.058011]  [<c107b56f>] set_fail+0x4f/0x60
[    0.058012]  [<c107b8b3>] sysctl_check_table+0x333/0x620
[    0.058014]  [<c107b8cc>] sysctl_check_table+0x34c/0x620
[    0.058015]  [<c107b8cc>] sysctl_check_table+0x34c/0x620
[    0.058018]  [<c1746d48>] sysctl_init+0x25/0x29
[    0.058019]  [<c1003042>] do_one_initcall+0x32/0x1a0
[    0.058021]  [<c1746d23>] ? sysctl_init+0x0/0x29
[    0.058023]  [<c17308e7>] kernel_init+0x12d/0x17a
[    0.058024]  [<c17307ba>] ? kernel_init+0x0/0x17a
[    0.058026]  [<c1009b07>] kernel_thread_helper+0x7/0x10
[    0.058027] sysctl table check failed: /kernel/random/nb_stir_count .1.40.11 Unknown sysctl binary path
[    0.058256] Pid: 1, comm: swapper Not tainted 2.6.32.57 #4
[    0.058257] Call Trace:
[    0.058258]  [<c14a8a0e>] ? printk+0x1d/0x1f
[    0.058260]  [<c107b56f>] set_fail+0x4f/0x60
[    0.058261]  [<c107b8b3>] sysctl_check_table+0x333/0x620
[    0.058263]  [<c107b8cc>] sysctl_check_table+0x34c/0x620
[    0.058264]  [<c107b8cc>] sysctl_check_table+0x34c/0x620
[    0.058266]  [<c1746d48>] sysctl_init+0x25/0x29
[    0.058268]  [<c1003042>] do_one_initcall+0x32/0x1a0
[    0.058270]  [<c1746d23>] ? sysctl_init+0x0/0x29
[    0.058271]  [<c17308e7>] kernel_init+0x12d/0x17a
[    0.058273]  [<c17307ba>] ? kernel_init+0x0/0x17a
[    0.058274]  [<c1009b07>] kernel_thread_helper+0x7/0x10
[    0.058276] sysctl table check failed: /kernel/random/nb_reentry_count .1.40.12 Unknown sysctl binary path
[    0.058525] Pid: 1, comm: swapper Not tainted 2.6.32.57 #4
[    0.058526] Call Trace:
[    0.058527]  [<c14a8a0e>] ? printk+0x1d/0x1f
[    0.058529]  [<c107b56f>] set_fail+0x4f/0x60
[    0.058531]  [<c107b8b3>] sysctl_check_table+0x333/0x620
[    0.058532]  [<c107b8cc>] sysctl_check_table+0x34c/0x620
[    0.058534]  [<c107b8cc>] sysctl_check_table+0x34c/0x620
[    0.058536]  [<c1746d48>] sysctl_init+0x25/0x29
[    0.058538]  [<c1003042>] do_one_initcall+0x32/0x1a0
[    0.058549]  [<c1746d23>] ? sysctl_init+0x0/0x29
[    0.058551]  [<c17308e7>] kernel_init+0x12d/0x17a
[    0.058552]  [<c17307ba>] ? kernel_init+0x0/0x17a
[    0.058554]  [<c1009b07>] kernel_thread_helper+0x7/0x10
[    0.058664] RANDOM - __seed init called.
[    0.058665] RANDOM - __seed init called.
[    0.058666] RANDOM - __seed init called.
[    0.058667] RANDOM - __random32 called. Change num 1.  Value: 7576a435	efb61e22	b7f78320
[    0.058668] RANDOM - __random32 called. Change num 2.  Value: 6a43543e	fb61e228	6410973
[    0.058670] RANDOM - __random32 called. Change num 3.  Value: 3543e018	b61e228b	12e68928
[    0.058671] RANDOM - __random32 called. Change num 4.  Value: 3e018928	61e228b7	1250ba58
[    0.058672] RANDOM - __random32 called. Change num 5.  Value: 189281e4	1e228b73	74b01aad
[    0.058674] RANDOM - __random32 called. Change num 6.  Value: 281e4915	e228b733	355a2619
[    0.058675] RANDOM - random32 init called.  Value: 281e4915	e228b733	355a2619
[    0.058680] regulator: core version 0.5
[    0.058738] Time: 23:00:11  Date: 05/24/13
[    0.058772] NET: Registered protocol family 16
[    0.058832] EISA bus registered
[    0.059586] ACPI: bus type pci registered
[    0.059674] PCI: MCFG configuration 0: base e0000000 segment 0 buses 0 - 255
[    0.059675] PCI: MCFG area at e0000000 reserved in E820
[    0.059676] PCI: Using MMCONFIG for extended config space
[    0.059677] PCI: Using configuration type 1 for base access
[    0.060117] bio: create slab <bio-0> at 0
[    0.061302] ACPI: EC: Look up EC in DSDT
[    0.098528] ACPI: BIOS _OSI(Linux) query ignored
[    0.104468] ACPI: Interpreter enabled
[    0.104473] ACPI: (supports S0 S1 S4 S5)
[    0.104485] ACPI: Using PIC for interrupt routing
[    0.185457] ACPI: No dock devices found.
[    0.186239] ACPI: PCI Root Bridge [PCI0] (0000:00)
[    0.187756] pci 0000:00:07.1: reg 20 io port: [0x10c0-0x10cf]
[    0.188241] pci 0000:00:07.3: quirk: region 1000-103f claimed by PIIX4 ACPI
[    0.188251] pci 0000:00:07.3: quirk: region 1040-104f claimed by PIIX4 SMB
[    0.188812] pci 0000:00:07.7: reg 10 io port: [0x1080-0x10bf]
[    0.189182] pci 0000:00:07.7: reg 14 64bit mmio: [0xc8000000-0xc8001fff]
[    0.190278] pci 0000:00:0f.0: reg 10 io port: [0x10d0-0x10df]
[    0.190331] pci 0000:00:0f.0: reg 14 32bit mmio pref: [0xd0000000-0xd7ffffff]
[    0.190376] pci 0000:00:0f.0: reg 18 32bit mmio: [0xc8800000-0xc8ffffff]
[    0.190512] pci 0000:00:0f.0: reg 30 32bit mmio pref: [0x000000-0x007fff]
[    0.191005] pci 0000:00:10.0: reg 10 io port: [0x1400-0x14ff]
[    0.191376] pci 0000:00:10.0: reg 14 64bit mmio: [0xc8040000-0xc805ffff]
[    0.191729] pci 0000:00:10.0: reg 1c 64bit mmio: [0xc8020000-0xc803ffff]
[    0.191799] pci 0000:00:10.0: reg 30 32bit mmio pref: [0x000000-0x003fff]
[    0.193097] pci 0000:00:15.0: PME# supported from D0 D3hot D3cold
[    0.193116] pci 0000:00:15.0: PME# disabled
[    0.193964] pci 0000:00:15.1: PME# supported from D0 D3hot D3cold
[    0.193983] pci 0000:00:15.1: PME# disabled
[    0.194827] pci 0000:00:15.2: PME# supported from D0 D3hot D3cold
[    0.194848] pci 0000:00:15.2: PME# disabled
[    0.195688] pci 0000:00:15.3: PME# supported from D0 D3hot D3cold
[    0.195716] pci 0000:00:15.3: PME# disabled
[    0.196539] pci 0000:00:15.4: PME# supported from D0 D3hot D3cold
[    0.196558] pci 0000:00:15.4: PME# disabled
[    0.197389] pci 0000:00:15.5: PME# supported from D0 D3hot D3cold
[    0.197408] pci 0000:00:15.5: PME# disabled
[    0.198203] pci 0000:00:15.6: PME# supported from D0 D3hot D3cold
[    0.198222] pci 0000:00:15.6: PME# disabled
[    0.199047] pci 0000:00:15.7: PME# supported from D0 D3hot D3cold
[    0.199065] pci 0000:00:15.7: PME# disabled
[    0.199922] pci 0000:00:16.0: PME# supported from D0 D3hot D3cold
[    0.199942] pci 0000:00:16.0: PME# disabled
[    0.200778] pci 0000:00:16.1: PME# supported from D0 D3hot D3cold
[    0.200797] pci 0000:00:16.1: PME# disabled
[    0.201620] pci 0000:00:16.2: PME# supported from D0 D3hot D3cold
[    0.201638] pci 0000:00:16.2: PME# disabled
[    0.202461] pci 0000:00:16.3: PME# supported from D0 D3hot D3cold
[    0.202480] pci 0000:00:16.3: PME# disabled
[    0.203277] pci 0000:00:16.4: PME# supported from D0 D3hot D3cold
[    0.203317] pci 0000:00:16.4: PME# disabled
[    0.204131] pci 0000:00:16.5: PME# supported from D0 D3hot D3cold
[    0.204150] pci 0000:00:16.5: PME# disabled
[    0.204969] pci 0000:00:16.6: PME# supported from D0 D3hot D3cold
[    0.204988] pci 0000:00:16.6: PME# disabled
[    0.205846] pci 0000:00:16.7: PME# supported from D0 D3hot D3cold
[    0.205865] pci 0000:00:16.7: PME# disabled
[    0.206687] pci 0000:00:17.0: PME# supported from D0 D3hot D3cold
[    0.206705] pci 0000:00:17.0: PME# disabled
[    0.207532] pci 0000:00:17.1: PME# supported from D0 D3hot D3cold
[    0.207550] pci 0000:00:17.1: PME# disabled
[    0.208386] pci 0000:00:17.2: PME# supported from D0 D3hot D3cold
[    0.208413] pci 0000:00:17.2: PME# disabled
[    0.209216] pci 0000:00:17.3: PME# supported from D0 D3hot D3cold
[    0.209235] pci 0000:00:17.3: PME# disabled
[    0.210081] pci 0000:00:17.4: PME# supported from D0 D3hot D3cold
[    0.210099] pci 0000:00:17.4: PME# disabled
[    0.210915] pci 0000:00:17.5: PME# supported from D0 D3hot D3cold
[    0.210933] pci 0000:00:17.5: PME# disabled
[    0.211768] pci 0000:00:17.6: PME# supported from D0 D3hot D3cold
[    0.211787] pci 0000:00:17.6: PME# disabled
[    0.212609] pci 0000:00:17.7: PME# supported from D0 D3hot D3cold
[    0.212628] pci 0000:00:17.7: PME# disabled
[    0.214171] pci 0000:00:18.0: PME# supported from D0 D3hot D3cold
[    0.214193] pci 0000:00:18.0: PME# disabled
[    0.215065] pci 0000:00:18.1: PME# supported from D0 D3hot D3cold
[    0.215085] pci 0000:00:18.1: PME# disabled
[    0.215967] pci 0000:00:18.2: PME# supported from D0 D3hot D3cold
[    0.215987] pci 0000:00:18.2: PME# disabled
[    0.217203] pci 0000:00:18.3: PME# supported from D0 D3hot D3cold
[    0.217223] pci 0000:00:18.3: PME# disabled
[    0.218253] pci 0000:00:18.4: PME# supported from D0 D3hot D3cold
[    0.218281] pci 0000:00:18.4: PME# disabled
[    0.219153] pci 0000:00:18.5: PME# supported from D0 D3hot D3cold
[    0.219173] pci 0000:00:18.5: PME# disabled
[    0.220054] pci 0000:00:18.6: PME# supported from D0 D3hot D3cold
[    0.220073] pci 0000:00:18.6: PME# disabled
[    0.220877] pci 0000:00:18.7: PME# supported from D0 D3hot D3cold
[    0.220896] pci 0000:00:18.7: PME# disabled
[    0.221946] pci 0000:02:00.0: reg 20 io port: [0x20c0-0x20df]
[    0.222428] pci 0000:02:01.0: reg 10 io port: [0x2000-0x207f]
[    0.222631] pci 0000:02:01.0: reg 30 32bit mmio pref: [0x000000-0x00ffff]
[    0.223146] pci 0000:02:02.0: reg 10 io port: [0x2080-0x20bf]
[    0.223760] pci 0000:02:03.0: reg 10 32bit mmio: [0xc9000000-0xc9000fff]
[    0.224317] pci 0000:00:11.0: transparent bridge
[    0.224336] pci 0000:00:11.0: bridge io port: [0x2000-0x3fff]
[    0.224355] pci 0000:00:11.0: bridge 32bit mmio: [0xc9000000-0xca3fffff]
[    0.224391] pci 0000:00:11.0: bridge 64bit mmio pref: [0xd8400000-0xd89fffff]
[    0.224732] pci 0000:00:15.0: bridge io port: [0x4000-0x4fff]
[    0.224751] pci 0000:00:15.0: bridge 32bit mmio: [0xca400000-0xca4fffff]
[    0.224786] pci 0000:00:15.0: bridge 64bit mmio pref: [0xd8a00000-0xd8afffff]
[    0.225120] pci 0000:00:15.1: bridge io port: [0x8000-0x8fff]
[    0.225139] pci 0000:00:15.1: bridge 32bit mmio: [0xca800000-0xca8fffff]
[    0.225174] pci 0000:00:15.1: bridge 64bit mmio pref: [0xd8e00000-0xd8efffff]
[    0.225528] pci 0000:00:15.2: bridge io port: [0xc000-0xcfff]
[    0.225547] pci 0000:00:15.2: bridge 32bit mmio: [0xcac00000-0xcacfffff]
[    0.225582] pci 0000:00:15.2: bridge 64bit mmio pref: [0xd9200000-0xd92fffff]
[    0.225943] pci 0000:00:15.3: bridge 32bit mmio: [0xcb000000-0xcb0fffff]
[    0.225979] pci 0000:00:15.3: bridge 64bit mmio pref: [0xd9600000-0xd96fffff]
[    0.226779] pci 0000:00:15.4: bridge 32bit mmio: [0xcb400000-0xcb4fffff]
[    0.226815] pci 0000:00:15.4: bridge 64bit mmio pref: [0xd9a00000-0xd9afffff]
[    0.227170] pci 0000:00:15.5: bridge 32bit mmio: [0xcb800000-0xcb8fffff]
[    0.227206] pci 0000:00:15.5: bridge 64bit mmio pref: [0xd9e00000-0xd9efffff]
[    0.227579] pci 0000:00:15.6: bridge 32bit mmio: [0xcbc00000-0xcbcfffff]
[    0.227615] pci 0000:00:15.6: bridge 64bit mmio pref: [0xda200000-0xda2fffff]
[    0.227981] pci 0000:00:15.7: bridge 32bit mmio: [0xcc000000-0xcc0fffff]
[    0.228016] pci 0000:00:15.7: bridge 64bit mmio pref: [0xda600000-0xda6fffff]
[    0.228371] pci 0000:00:16.0: bridge io port: [0x5000-0x5fff]
[    0.228390] pci 0000:00:16.0: bridge 32bit mmio: [0xca500000-0xca5fffff]
[    0.228425] pci 0000:00:16.0: bridge 64bit mmio pref: [0xd8b00000-0xd8bfffff]
[    0.228760] pci 0000:00:16.1: bridge io port: [0x9000-0x9fff]
[    0.228778] pci 0000:00:16.1: bridge 32bit mmio: [0xca900000-0xca9fffff]
[    0.228814] pci 0000:00:16.1: bridge 64bit mmio pref: [0xd8f00000-0xd8ffffff]
[    0.229152] pci 0000:00:16.2: bridge io port: [0xd000-0xdfff]
[    0.229170] pci 0000:00:16.2: bridge 32bit mmio: [0xcad00000-0xcadfffff]
[    0.229206] pci 0000:00:16.2: bridge 64bit mmio pref: [0xd9300000-0xd93fffff]
[    0.229581] pci 0000:00:16.3: bridge 32bit mmio: [0xcb100000-0xcb1fffff]
[    0.229616] pci 0000:00:16.3: bridge 64bit mmio pref: [0xd9700000-0xd97fffff]
[    0.229967] pci 0000:00:16.4: bridge 32bit mmio: [0xcb500000-0xcb5fffff]
[    0.230003] pci 0000:00:16.4: bridge 64bit mmio pref: [0xd9b00000-0xd9bfffff]
[    0.230380] pci 0000:00:16.5: bridge 32bit mmio: [0xcb900000-0xcb9fffff]
[    0.230416] pci 0000:00:16.5: bridge 64bit mmio pref: [0xd9f00000-0xd9ffffff]
[    0.230767] pci 0000:00:16.6: bridge 32bit mmio: [0xcbd00000-0xcbdfffff]
[    0.230802] pci 0000:00:16.6: bridge 64bit mmio pref: [0xda300000-0xda3fffff]
[    0.231153] pci 0000:00:16.7: bridge 32bit mmio: [0xcc100000-0xcc1fffff]
[    0.231189] pci 0000:00:16.7: bridge 64bit mmio pref: [0xda700000-0xda7fffff]
[    0.231577] pci 0000:00:17.0: bridge io port: [0x6000-0x6fff]
[    0.231597] pci 0000:00:17.0: bridge 32bit mmio: [0xca600000-0xca6fffff]
[    0.231701] pci 0000:00:17.0: bridge 64bit mmio pref: [0xd8c00000-0xd8cfffff]
[    0.232138] pci 0000:00:17.1: bridge io port: [0xa000-0xafff]
[    0.232159] pci 0000:00:17.1: bridge 32bit mmio: [0xcaa00000-0xcaafffff]
[    0.232197] pci 0000:00:17.1: bridge 64bit mmio pref: [0xd9000000-0xd90fffff]
[    0.232622] pci 0000:00:17.2: bridge io port: [0xe000-0xefff]
[    0.232641] pci 0000:00:17.2: bridge 32bit mmio: [0xcae00000-0xcaefffff]
[    0.232677] pci 0000:00:17.2: bridge 64bit mmio pref: [0xd9400000-0xd94fffff]
[    0.233034] pci 0000:00:17.3: bridge 32bit mmio: [0xcb200000-0xcb2fffff]
[    0.233070] pci 0000:00:17.3: bridge 64bit mmio pref: [0xd9800000-0xd98fffff]
[    0.233475] pci 0000:00:17.4: bridge 32bit mmio: [0xcb600000-0xcb6fffff]
[    0.233511] pci 0000:00:17.4: bridge 64bit mmio pref: [0xd9c00000-0xd9cfffff]
[    0.233872] pci 0000:00:17.5: bridge 32bit mmio: [0xcba00000-0xcbafffff]
[    0.233908] pci 0000:00:17.5: bridge 64bit mmio pref: [0xda000000-0xda0fffff]
[    0.234278] pci 0000:00:17.6: bridge 32bit mmio: [0xcbe00000-0xcbefffff]
[    0.234334] pci 0000:00:17.6: bridge 64bit mmio pref: [0xda400000-0xda4fffff]
[    0.234756] pci 0000:00:17.7: bridge 32bit mmio: [0xcc200000-0xcc2fffff]
[    0.234796] pci 0000:00:17.7: bridge 64bit mmio pref: [0xda800000-0xda8fffff]
[    0.235165] pci 0000:00:18.0: bridge io port: [0x7000-0x7fff]
[    0.235186] pci 0000:00:18.0: bridge 32bit mmio: [0xca700000-0xca7fffff]
[    0.235224] pci 0000:00:18.0: bridge 64bit mmio pref: [0xd8d00000-0xd8dfffff]
[    0.235591] pci 0000:00:18.1: bridge io port: [0xb000-0xbfff]
[    0.235611] pci 0000:00:18.1: bridge 32bit mmio: [0xcab00000-0xcabfffff]
[    0.235674] pci 0000:00:18.1: bridge 64bit mmio pref: [0xd9100000-0xd91fffff]
[    0.236044] pci 0000:00:18.2: bridge io port: [0xf000-0xffff]
[    0.236065] pci 0000:00:18.2: bridge 32bit mmio: [0xcaf00000-0xcaffffff]
[    0.236104] pci 0000:00:18.2: bridge 64bit mmio pref: [0xd9500000-0xd95fffff]
[    0.236556] pci 0000:00:18.3: bridge 32bit mmio: [0xcb300000-0xcb3fffff]
[    0.236594] pci 0000:00:18.3: bridge 64bit mmio pref: [0xd9900000-0xd99fffff]
[    0.236973] pci 0000:00:18.4: bridge 32bit mmio: [0xcb700000-0xcb7fffff]
[    0.237011] pci 0000:00:18.4: bridge 64bit mmio pref: [0xd9d00000-0xd9dfffff]
[    0.237416] pci 0000:00:18.5: bridge 32bit mmio: [0xcbb00000-0xcbbfffff]
[    0.237454] pci 0000:00:18.5: bridge 64bit mmio pref: [0xda100000-0xda1fffff]
[    0.237832] pci 0000:00:18.6: bridge 32bit mmio: [0xcbf00000-0xcbffffff]
[    0.237870] pci 0000:00:18.6: bridge 64bit mmio pref: [0xda500000-0xda5fffff]
[    0.238254] pci 0000:00:18.7: bridge 32bit mmio: [0xcc300000-0xcc3fffff]
[    0.238293] pci 0000:00:18.7: bridge 64bit mmio pref: [0xda900000-0xda9fffff]
[    0.239762] pci_bus 0000:00: on NUMA node 0
[    0.239771] ACPI: PCI Interrupt Routing Table [\_SB_.PCI0._PRT]
[    0.471495] ACPI: PCI Interrupt Link [LNKA] (IRQs 3 4 5 6 7 *9 10 11 14 15)
[    0.471697] ACPI: PCI Interrupt Link [LNKB] (IRQs 3 4 5 6 7 9 10 *11 14 15)
[    0.471895] ACPI: PCI Interrupt Link [LNKC] (IRQs 3 4 5 6 7 9 *10 11 14 15)
[    0.472077] ACPI: PCI Interrupt Link [LNKD] (IRQs 3 4 *5 6 7 9 10 11 14 15)
[    0.472218] vgaarb: device added: PCI:0000:00:0f.0,decodes=io+mem,owns=io+mem,locks=none
[    0.472230] vgaarb: loaded
[    0.472321] SCSI subsystem initialized
[    0.472391] libata version 3.00 loaded.
[    0.472433] usbcore: registered new interface driver usbfs
[    0.472444] usbcore: registered new interface driver hub
[    0.472460] usbcore: registered new device driver usb
[    0.472528] PCI: Using ACPI for IRQ routing
[    0.473493] NetLabel: Initializing
[    0.473494] NetLabel:  domain hash size = 128
[    0.473494] NetLabel:  protocols = UNLABELED CIPSOv4
[    0.473501] NetLabel:  unlabeled traffic allowed by default
[    0.473534] hpet0: at MMIO 0xfed00000, IRQs 2, 8, 0, 0, 0, 0, 0, 0, 0, 0, 0, 0, 0, 0, 0, 0
[    0.473540] hpet0: 16 comparators, 64-bit 14.318180 MHz counter
[    0.475570] Switching to clocksource tsc
[    0.482612] pnp: PnP ACPI init
[    0.482623] ACPI: bus type pnp registered
[    0.528977] pnp: PnP ACPI: found 14 devices
[    0.528980] ACPI: ACPI bus type pnp unregistered
[    0.528984] PnPBIOS: Disabled by ACPI PNP
[    0.529000] system 00:01: ioport range 0x1000-0x103f has been reserved
[    0.529002] system 00:01: ioport range 0x1040-0x104f has been reserved
[    0.529003] system 00:01: ioport range 0xcf0-0xcf1 has been reserved
[    0.529011] system 00:08: iomem range 0xfed00000-0xfed003ff has been reserved
[    0.529015] system 00:0d: ioport range 0x1060-0x107f has been reserved
[    0.529017] system 00:0d: iomem range 0xe0000000-0xefffffff has been reserved
[    0.529019] system 00:0d: iomem range 0xc8200000-0xc83fffff has been reserved
[    0.563778] pci 0000:00:15.3: BAR 13: can't allocate I/O resource [0x10000-0xffff]
[    0.563782] pci 0000:00:15.4: BAR 13: can't allocate I/O resource [0x10000-0xffff]
[    0.563785] pci 0000:00:15.5: BAR 13: can't allocate I/O resource [0x10000-0xffff]
[    0.563788] pci 0000:00:15.6: BAR 13: can't allocate I/O resource [0x10000-0xffff]
[    0.563791] pci 0000:00:15.7: BAR 13: can't allocate I/O resource [0x10000-0xffff]
[    0.563793] pci 0000:00:16.3: BAR 13: can't allocate I/O resource [0x10000-0xffff]
[    0.563796] pci 0000:00:16.4: BAR 13: can't allocate I/O resource [0x10000-0xffff]
[    0.563798] pci 0000:00:16.5: BAR 13: can't allocate I/O resource [0x10000-0xffff]
[    0.563801] pci 0000:00:16.6: BAR 13: can't allocate I/O resource [0x10000-0xffff]
[    0.563804] pci 0000:00:16.7: BAR 13: can't allocate I/O resource [0x10000-0xffff]
[    0.563806] pci 0000:00:17.3: BAR 13: can't allocate I/O resource [0x10000-0xffff]
[    0.563809] pci 0000:00:17.4: BAR 13: can't allocate I/O resource [0x10000-0xffff]
[    0.563812] pci 0000:00:17.5: BAR 13: can't allocate I/O resource [0x10000-0xffff]
[    0.563814] pci 0000:00:17.6: BAR 13: can't allocate I/O resource [0x10000-0xffff]
[    0.563817] pci 0000:00:17.7: BAR 13: can't allocate I/O resource [0x10000-0xffff]
[    0.563819] pci 0000:00:18.3: BAR 13: can't allocate I/O resource [0x10000-0xffff]
[    0.563822] pci 0000:00:18.4: BAR 13: can't allocate I/O resource [0x10000-0xffff]
[    0.563825] pci 0000:00:18.5: BAR 13: can't allocate I/O resource [0x10000-0xffff]
[    0.563827] pci 0000:00:18.6: BAR 13: can't allocate I/O resource [0x10000-0xffff]
[    0.563830] pci 0000:00:18.7: BAR 13: can't allocate I/O resource [0x10000-0xffff]
[    0.563832] pci 0000:00:01.0: PCI bridge, secondary bus 0000:01
[    0.563834] pci 0000:00:01.0:   IO window: disabled
[    0.563862] pci 0000:00:01.0:   MEM window: disabled
[    0.563881] pci 0000:00:01.0:   PREFETCH window: disabled
[    0.563918] pci 0000:00:11.0: PCI bridge, secondary bus 0000:02
[    0.563930] pci 0000:00:11.0:   IO window: 0x2000-0x3fff
[    0.563958] pci 0000:00:11.0:   MEM window: 0xc9000000-0xca3fffff
[    0.563977] pci 0000:00:11.0:   PREFETCH window: 0x000000d8400000-0x000000d89fffff
[    0.564013] pci 0000:00:15.0: PCI bridge, secondary bus 0000:03
[    0.564024] pci 0000:00:15.0:   IO window: 0x4000-0x4fff
[    0.564052] pci 0000:00:15.0:   MEM window: 0xca400000-0xca4fffff
[    0.564071] pci 0000:00:15.0:   PREFETCH window: 0x000000d8a00000-0x000000d8afffff
[    0.564120] pci 0000:00:15.1: PCI bridge, secondary bus 0000:04
[    0.564132] pci 0000:00:15.1:   IO window: 0x8000-0x8fff
[    0.564160] pci 0000:00:15.1:   MEM window: 0xca800000-0xca8fffff
[    0.564179] pci 0000:00:15.1:   PREFETCH window: 0x000000d8e00000-0x000000d8efffff
[    0.564219] pci 0000:00:15.2: PCI bridge, secondary bus 0000:05
[    0.564230] pci 0000:00:15.2:   IO window: 0xc000-0xcfff
[    0.564258] pci 0000:00:15.2:   MEM window: 0xcac00000-0xcacfffff
[    0.564277] pci 0000:00:15.2:   PREFETCH window: 0x000000d9200000-0x000000d92fffff
[    0.564316] pci 0000:00:15.3: PCI bridge, secondary bus 0000:06
[    0.564318] pci 0000:00:15.3:   IO window: disabled
[    0.564346] pci 0000:00:15.3:   MEM window: 0xcb000000-0xcb0fffff
[    0.564365] pci 0000:00:15.3:   PREFETCH window: 0x000000d9600000-0x000000d96fffff
[    0.564405] pci 0000:00:15.4: PCI bridge, secondary bus 0000:07
[    0.564407] pci 0000:00:15.4:   IO window: disabled
[    0.564435] pci 0000:00:15.4:   MEM window: 0xcb400000-0xcb4fffff
[    0.564454] pci 0000:00:15.4:   PREFETCH window: 0x000000d9a00000-0x000000d9afffff
[    0.564494] pci 0000:00:15.5: PCI bridge, secondary bus 0000:08
[    0.564495] pci 0000:00:15.5:   IO window: disabled
[    0.564523] pci 0000:00:15.5:   MEM window: 0xcb800000-0xcb8fffff
[    0.564542] pci 0000:00:15.5:   PREFETCH window: 0x000000d9e00000-0x000000d9efffff
[    0.564582] pci 0000:00:15.6: PCI bridge, secondary bus 0000:09
[    0.564583] pci 0000:00:15.6:   IO window: disabled
[    0.564611] pci 0000:00:15.6:   MEM window: 0xcbc00000-0xcbcfffff
[    0.564630] pci 0000:00:15.6:   PREFETCH window: 0x000000da200000-0x000000da2fffff
[    0.564706] pci 0000:00:15.7: PCI bridge, secondary bus 0000:0a
[    0.564708] pci 0000:00:15.7:   IO window: disabled
[    0.564752] pci 0000:00:15.7:   MEM window: 0xcc000000-0xcc0fffff
[    0.564773] pci 0000:00:15.7:   PREFETCH window: 0x000000da600000-0x000000da6fffff
[    0.564822] pci 0000:00:16.0: PCI bridge, secondary bus 0000:0b
[    0.564833] pci 0000:00:16.0:   IO window: 0x5000-0x5fff
[    0.564861] pci 0000:00:16.0:   MEM window: 0xca500000-0xca5fffff
[    0.564880] pci 0000:00:16.0:   PREFETCH window: 0x000000d8b00000-0x000000d8bfffff
[    0.564920] pci 0000:00:16.1: PCI bridge, secondary bus 0000:0c
[    0.564931] pci 0000:00:16.1:   IO window: 0x9000-0x9fff
[    0.564959] pci 0000:00:16.1:   MEM window: 0xca900000-0xca9fffff
[    0.564978] pci 0000:00:16.1:   PREFETCH window: 0x000000d8f00000-0x000000d8ffffff
[    0.565017] pci 0000:00:16.2: PCI bridge, secondary bus 0000:0d
[    0.565028] pci 0000:00:16.2:   IO window: 0xd000-0xdfff
[    0.565055] pci 0000:00:16.2:   MEM window: 0xcad00000-0xcadfffff
[    0.565075] pci 0000:00:16.2:   PREFETCH window: 0x000000d9300000-0x000000d93fffff
[    0.565114] pci 0000:00:16.3: PCI bridge, secondary bus 0000:0e
[    0.565116] pci 0000:00:16.3:   IO window: disabled
[    0.565143] pci 0000:00:16.3:   MEM window: 0xcb100000-0xcb1fffff
[    0.565163] pci 0000:00:16.3:   PREFETCH window: 0x000000d9700000-0x000000d97fffff
[    0.565202] pci 0000:00:16.4: PCI bridge, secondary bus 0000:0f
[    0.565204] pci 0000:00:16.4:   IO window: disabled
[    0.565231] pci 0000:00:16.4:   MEM window: 0xcb500000-0xcb5fffff
[    0.565251] pci 0000:00:16.4:   PREFETCH window: 0x000000d9b00000-0x000000d9bfffff
[    0.565293] pci 0000:00:16.5: PCI bridge, secondary bus 0000:10
[    0.565295] pci 0000:00:16.5:   IO window: disabled
[    0.565322] pci 0000:00:16.5:   MEM window: 0xcb900000-0xcb9fffff
[    0.565342] pci 0000:00:16.5:   PREFETCH window: 0x000000d9f00000-0x000000d9ffffff
[    0.565381] pci 0000:00:16.6: PCI bridge, secondary bus 0000:11
[    0.565382] pci 0000:00:16.6:   IO window: disabled
[    0.565410] pci 0000:00:16.6:   MEM window: 0xcbd00000-0xcbdfffff
[    0.565429] pci 0000:00:16.6:   PREFETCH window: 0x000000da300000-0x000000da3fffff
[    0.565469] pci 0000:00:16.7: PCI bridge, secondary bus 0000:12
[    0.565470] pci 0000:00:16.7:   IO window: disabled
[    0.565498] pci 0000:00:16.7:   MEM window: 0xcc100000-0xcc1fffff
[    0.565517] pci 0000:00:16.7:   PREFETCH window: 0x000000da700000-0x000000da7fffff
[    0.565557] pci 0000:00:17.0: PCI bridge, secondary bus 0000:13
[    0.565568] pci 0000:00:17.0:   IO window: 0x6000-0x6fff
[    0.565596] pci 0000:00:17.0:   MEM window: 0xca600000-0xca6fffff
[    0.565615] pci 0000:00:17.0:   PREFETCH window: 0x000000d8c00000-0x000000d8cfffff
[    0.565680] pci 0000:00:17.1: PCI bridge, secondary bus 0000:14
[    0.565691] pci 0000:00:17.1:   IO window: 0xa000-0xafff
[    0.565718] pci 0000:00:17.1:   MEM window: 0xcaa00000-0xcaafffff
[    0.565738] pci 0000:00:17.1:   PREFETCH window: 0x000000d9000000-0x000000d90fffff
[    0.565777] pci 0000:00:17.2: PCI bridge, secondary bus 0000:15
[    0.565788] pci 0000:00:17.2:   IO window: 0xe000-0xefff
[    0.565815] pci 0000:00:17.2:   MEM window: 0xcae00000-0xcaefffff
[    0.565835] pci 0000:00:17.2:   PREFETCH window: 0x000000d9400000-0x000000d94fffff
[    0.565874] pci 0000:00:17.3: PCI bridge, secondary bus 0000:16
[    0.565875] pci 0000:00:17.3:   IO window: disabled
[    0.565903] pci 0000:00:17.3:   MEM window: 0xcb200000-0xcb2fffff
[    0.565923] pci 0000:00:17.3:   PREFETCH window: 0x000000d9800000-0x000000d98fffff
[    0.565962] pci 0000:00:17.4: PCI bridge, secondary bus 0000:17
[    0.565963] pci 0000:00:17.4:   IO window: disabled
[    0.565991] pci 0000:00:17.4:   MEM window: 0xcb600000-0xcb6fffff
[    0.566010] pci 0000:00:17.4:   PREFETCH window: 0x000000d9c00000-0x000000d9cfffff
[    0.566050] pci 0000:00:17.5: PCI bridge, secondary bus 0000:18
[    0.566051] pci 0000:00:17.5:   IO window: disabled
[    0.566079] pci 0000:00:17.5:   MEM window: 0xcba00000-0xcbafffff
[    0.566098] pci 0000:00:17.5:   PREFETCH window: 0x000000da000000-0x000000da0fffff
[    0.566138] pci 0000:00:17.6: PCI bridge, secondary bus 0000:19
[    0.566139] pci 0000:00:17.6:   IO window: disabled
[    0.566167] pci 0000:00:17.6:   MEM window: 0xcbe00000-0xcbefffff
[    0.566186] pci 0000:00:17.6:   PREFETCH window: 0x000000da400000-0x000000da4fffff
[    0.566225] pci 0000:00:17.7: PCI bridge, secondary bus 0000:1a
[    0.566227] pci 0000:00:17.7:   IO window: disabled
[    0.566255] pci 0000:00:17.7:   MEM window: 0xcc200000-0xcc2fffff
[    0.566274] pci 0000:00:17.7:   PREFETCH window: 0x000000da800000-0x000000da8fffff
[    0.566313] pci 0000:00:18.0: PCI bridge, secondary bus 0000:1b
[    0.566324] pci 0000:00:18.0:   IO window: 0x7000-0x7fff
[    0.566352] pci 0000:00:18.0:   MEM window: 0xca700000-0xca7fffff
[    0.566371] pci 0000:00:18.0:   PREFETCH window: 0x000000d8d00000-0x000000d8dfffff
[    0.566410] pci 0000:00:18.1: PCI bridge, secondary bus 0000:1c
[    0.566421] pci 0000:00:18.1:   IO window: 0xb000-0xbfff
[    0.566449] pci 0000:00:18.1:   MEM window: 0xcab00000-0xcabfffff
[    0.566468] pci 0000:00:18.1:   PREFETCH window: 0x000000d9100000-0x000000d91fffff
[    0.566508] pci 0000:00:18.2: PCI bridge, secondary bus 0000:1d
[    0.566519] pci 0000:00:18.2:   IO window: 0xf000-0xffff
[    0.566546] pci 0000:00:18.2:   MEM window: 0xcaf00000-0xcaffffff
[    0.566566] pci 0000:00:18.2:   PREFETCH window: 0x000000d9500000-0x000000d95fffff
[    0.566605] pci 0000:00:18.3: PCI bridge, secondary bus 0000:1e
[    0.566606] pci 0000:00:18.3:   IO window: disabled
[    0.566635] pci 0000:00:18.3:   MEM window: 0xcb300000-0xcb3fffff
[    0.566664] pci 0000:00:18.3:   PREFETCH window: 0x000000d9900000-0x000000d99fffff
[    0.566712] pci 0000:00:18.4: PCI bridge, secondary bus 0000:1f
[    0.566714] pci 0000:00:18.4:   IO window: disabled
[    0.566741] pci 0000:00:18.4:   MEM window: 0xcb700000-0xcb7fffff
[    0.566760] pci 0000:00:18.4:   PREFETCH window: 0x000000d9d00000-0x000000d9dfffff
[    0.566800] pci 0000:00:18.5: PCI bridge, secondary bus 0000:20
[    0.566801] pci 0000:00:18.5:   IO window: disabled
[    0.566829] pci 0000:00:18.5:   MEM window: 0xcbb00000-0xcbbfffff
[    0.566848] pci 0000:00:18.5:   PREFETCH window: 0x000000da100000-0x000000da1fffff
[    0.566887] pci 0000:00:18.6: PCI bridge, secondary bus 0000:21
[    0.566889] pci 0000:00:18.6:   IO window: disabled
[    0.566917] pci 0000:00:18.6:   MEM window: 0xcbf00000-0xcbffffff
[    0.566936] pci 0000:00:18.6:   PREFETCH window: 0x000000da500000-0x000000da5fffff
[    0.566975] pci 0000:00:18.7: PCI bridge, secondary bus 0000:22
[    0.566977] pci 0000:00:18.7:   IO window: disabled
[    0.567005] pci 0000:00:18.7:   MEM window: 0xcc300000-0xcc3fffff
[    0.567024] pci 0000:00:18.7:   PREFETCH window: 0x000000da900000-0x000000da9fffff
[    0.567093] pci 0000:00:01.0: setting latency timer to 64
[    0.567202] pci 0000:00:15.0: setting latency timer to 64
[    0.567274] pci 0000:00:15.1: setting latency timer to 64
[    0.567336] pci 0000:00:15.2: setting latency timer to 64
[    0.567400] pci 0000:00:15.3: setting latency timer to 64
[    0.567408] pci 0000:00:15.4: setting latency timer to 64
[    0.567531] pci 0000:00:15.5: setting latency timer to 64
[    0.567593] pci 0000:00:15.6: setting latency timer to 64
[    0.567678] pci 0000:00:15.7: setting latency timer to 64
[    0.567740] pci 0000:00:16.0: setting latency timer to 64
[    0.567802] pci 0000:00:16.1: setting latency timer to 64
[    0.567864] pci 0000:00:16.2: setting latency timer to 64
[    0.567926] pci 0000:00:16.3: setting latency timer to 64
[    0.567987] pci 0000:00:16.4: setting latency timer to 64
[    0.568049] pci 0000:00:16.5: setting latency timer to 64
[    0.568111] pci 0000:00:16.6: setting latency timer to 64
[    0.568173] pci 0000:00:16.7: setting latency timer to 64
[    0.568234] pci 0000:00:17.0: setting latency timer to 64
[    0.568296] pci 0000:00:17.1: setting latency timer to 64
[    0.568358] pci 0000:00:17.2: setting latency timer to 64
[    0.568420] pci 0000:00:17.3: setting latency timer to 64
[    0.568483] pci 0000:00:17.4: setting latency timer to 64
[    0.568545] pci 0000:00:17.5: setting latency timer to 64
[    0.568607] pci 0000:00:17.6: setting latency timer to 64
[    0.568696] pci 0000:00:17.7: setting latency timer to 64
[    0.568758] pci 0000:00:18.0: setting latency timer to 64
[    0.568820] pci 0000:00:18.1: setting latency timer to 64
[    0.568882] pci 0000:00:18.2: setting latency timer to 64
[    0.568944] pci 0000:00:18.3: setting latency timer to 64
[    0.569006] pci 0000:00:18.4: setting latency timer to 64
[    0.569068] pci 0000:00:18.5: setting latency timer to 64
[    0.569129] pci 0000:00:18.6: setting latency timer to 64
[    0.569191] pci 0000:00:18.7: setting latency timer to 64
[    0.569203] pci_bus 0000:00: resource 0 io:  [0x00-0xffff]
[    0.569205] pci_bus 0000:00: resource 1 mem: [0x000000-0xffffffffffffffff]
[    0.569207] pci_bus 0000:02: resource 0 io:  [0x2000-0x3fff]
[    0.569209] pci_bus 0000:02: resource 1 mem: [0xc9000000-0xca3fffff]
[    0.569211] pci_bus 0000:02: resource 2 pref mem [0xd8400000-0xd89fffff]
[    0.569213] pci_bus 0000:02: resource 3 io:  [0x00-0xffff]
[    0.569215] pci_bus 0000:02: resource 4 mem: [0x000000-0xffffffffffffffff]
[    0.569217] pci_bus 0000:03: resource 0 io:  [0x4000-0x4fff]
[    0.569219] pci_bus 0000:03: resource 1 mem: [0xca400000-0xca4fffff]
[    0.569220] pci_bus 0000:03: resource 2 pref mem [0xd8a00000-0xd8afffff]
[    0.569222] pci_bus 0000:04: resource 0 io:  [0x8000-0x8fff]
[    0.569224] pci_bus 0000:04: resource 1 mem: [0xca800000-0xca8fffff]
[    0.569226] pci_bus 0000:04: resource 2 pref mem [0xd8e00000-0xd8efffff]
[    0.569228] pci_bus 0000:05: resource 0 io:  [0xc000-0xcfff]
[    0.569229] pci_bus 0000:05: resource 1 mem: [0xcac00000-0xcacfffff]
[    0.569231] pci_bus 0000:05: resource 2 pref mem [0xd9200000-0xd92fffff]
[    0.569233] pci_bus 0000:06: resource 1 mem: [0xcb000000-0xcb0fffff]
[    0.569235] pci_bus 0000:06: resource 2 pref mem [0xd9600000-0xd96fffff]
[    0.569237] pci_bus 0000:07: resource 1 mem: [0xcb400000-0xcb4fffff]
[    0.569239] pci_bus 0000:07: resource 2 pref mem [0xd9a00000-0xd9afffff]
[    0.569240] pci_bus 0000:08: resource 1 mem: [0xcb800000-0xcb8fffff]
[    0.569242] pci_bus 0000:08: resource 2 pref mem [0xd9e00000-0xd9efffff]
[    0.569244] pci_bus 0000:09: resource 1 mem: [0xcbc00000-0xcbcfffff]
[    0.569246] pci_bus 0000:09: resource 2 pref mem [0xda200000-0xda2fffff]
[    0.569248] pci_bus 0000:0a: resource 1 mem: [0xcc000000-0xcc0fffff]
[    0.569249] pci_bus 0000:0a: resource 2 pref mem [0xda600000-0xda6fffff]
[    0.569251] pci_bus 0000:0b: resource 0 io:  [0x5000-0x5fff]
[    0.569253] pci_bus 0000:0b: resource 1 mem: [0xca500000-0xca5fffff]
[    0.569255] pci_bus 0000:0b: resource 2 pref mem [0xd8b00000-0xd8bfffff]
[    0.569257] pci_bus 0000:0c: resource 0 io:  [0x9000-0x9fff]
[    0.569258] pci_bus 0000:0c: resource 1 mem: [0xca900000-0xca9fffff]
[    0.569260] pci_bus 0000:0c: resource 2 pref mem [0xd8f00000-0xd8ffffff]
[    0.569262] pci_bus 0000:0d: resource 0 io:  [0xd000-0xdfff]
[    0.569264] pci_bus 0000:0d: resource 1 mem: [0xcad00000-0xcadfffff]
[    0.569265] pci_bus 0000:0d: resource 2 pref mem [0xd9300000-0xd93fffff]
[    0.569267] pci_bus 0000:0e: resource 1 mem: [0xcb100000-0xcb1fffff]
[    0.569269] pci_bus 0000:0e: resource 2 pref mem [0xd9700000-0xd97fffff]
[    0.569271] pci_bus 0000:0f: resource 1 mem: [0xcb500000-0xcb5fffff]
[    0.569273] pci_bus 0000:0f: resource 2 pref mem [0xd9b00000-0xd9bfffff]
[    0.569275] pci_bus 0000:10: resource 1 mem: [0xcb900000-0xcb9fffff]
[    0.569276] pci_bus 0000:10: resource 2 pref mem [0xd9f00000-0xd9ffffff]
[    0.569278] pci_bus 0000:11: resource 1 mem: [0xcbd00000-0xcbdfffff]
[    0.569280] pci_bus 0000:11: resource 2 pref mem [0xda300000-0xda3fffff]
[    0.569282] pci_bus 0000:12: resource 1 mem: [0xcc100000-0xcc1fffff]
[    0.569284] pci_bus 0000:12: resource 2 pref mem [0xda700000-0xda7fffff]
[    0.569285] pci_bus 0000:13: resource 0 io:  [0x6000-0x6fff]
[    0.569287] pci_bus 0000:13: resource 1 mem: [0xca600000-0xca6fffff]
[    0.569289] pci_bus 0000:13: resource 2 pref mem [0xd8c00000-0xd8cfffff]
[    0.569291] pci_bus 0000:14: resource 0 io:  [0xa000-0xafff]
[    0.569292] pci_bus 0000:14: resource 1 mem: [0xcaa00000-0xcaafffff]
[    0.569294] pci_bus 0000:14: resource 2 pref mem [0xd9000000-0xd90fffff]
[    0.569296] pci_bus 0000:15: resource 0 io:  [0xe000-0xefff]
[    0.569298] pci_bus 0000:15: resource 1 mem: [0xcae00000-0xcaefffff]
[    0.569299] pci_bus 0000:15: resource 2 pref mem [0xd9400000-0xd94fffff]
[    0.569301] pci_bus 0000:16: resource 1 mem: [0xcb200000-0xcb2fffff]
[    0.569303] pci_bus 0000:16: resource 2 pref mem [0xd9800000-0xd98fffff]
[    0.569305] pci_bus 0000:17: resource 1 mem: [0xcb600000-0xcb6fffff]
[    0.569307] pci_bus 0000:17: resource 2 pref mem [0xd9c00000-0xd9cfffff]
[    0.569309] pci_bus 0000:18: resource 1 mem: [0xcba00000-0xcbafffff]
[    0.569310] pci_bus 0000:18: resource 2 pref mem [0xda000000-0xda0fffff]
[    0.569312] pci_bus 0000:19: resource 1 mem: [0xcbe00000-0xcbefffff]
[    0.569314] pci_bus 0000:19: resource 2 pref mem [0xda400000-0xda4fffff]
[    0.569316] pci_bus 0000:1a: resource 1 mem: [0xcc200000-0xcc2fffff]
[    0.569318] pci_bus 0000:1a: resource 2 pref mem [0xda800000-0xda8fffff]
[    0.569319] pci_bus 0000:1b: resource 0 io:  [0x7000-0x7fff]
[    0.569321] pci_bus 0000:1b: resource 1 mem: [0xca700000-0xca7fffff]
[    0.569323] pci_bus 0000:1b: resource 2 pref mem [0xd8d00000-0xd8dfffff]
[    0.569325] pci_bus 0000:1c: resource 0 io:  [0xb000-0xbfff]
[    0.569327] pci_bus 0000:1c: resource 1 mem: [0xcab00000-0xcabfffff]
[    0.569328] pci_bus 0000:1c: resource 2 pref mem [0xd9100000-0xd91fffff]
[    0.569330] pci_bus 0000:1d: resource 0 io:  [0xf000-0xffff]
[    0.569332] pci_bus 0000:1d: resource 1 mem: [0xcaf00000-0xcaffffff]
[    0.569334] pci_bus 0000:1d: resource 2 pref mem [0xd9500000-0xd95fffff]
[    0.569335] pci_bus 0000:1e: resource 1 mem: [0xcb300000-0xcb3fffff]
[    0.569337] pci_bus 0000:1e: resource 2 pref mem [0xd9900000-0xd99fffff]
[    0.569339] pci_bus 0000:1f: resource 1 mem: [0xcb700000-0xcb7fffff]
[    0.569341] pci_bus 0000:1f: resource 2 pref mem [0xd9d00000-0xd9dfffff]
[    0.569343] pci_bus 0000:20: resource 1 mem: [0xcbb00000-0xcbbfffff]
[    0.569344] pci_bus 0000:20: resource 2 pref mem [0xda100000-0xda1fffff]
[    0.569346] pci_bus 0000:21: resource 1 mem: [0xcbf00000-0xcbffffff]
[    0.569348] pci_bus 0000:21: resource 2 pref mem [0xda500000-0xda5fffff]
[    0.569350] pci_bus 0000:22: resource 1 mem: [0xcc300000-0xcc3fffff]
[    0.569352] pci_bus 0000:22: resource 2 pref mem [0xda900000-0xda9fffff]
[    0.569373] NET: Registered protocol family 2
[    0.569390] RANDOM - __random32 called. Change num 7.  Value: e4915c27	228b7335	4c33f162
[    0.569392] RANDOM - random32 called.  Value: e4915c27	228b7335	4c33f162
[    0.569401] random 0000 0000 0000 00000000 00000000: rand_read_num 2 get_random_bytes(4): sig fffffe1a 00000000 00000000
[    0.569403] random 0000 0000 0000 00000000 00000000: extract_entropy(.. 4 ..)
[    0.569406] random 0000 0000 0000 00000000 00000000: going to reseed nonblocking with 64 bits (32 of 0 requested)
[    0.569408] random 0000 0000 0000 00000000 00000000: extract_entropy(.. 8 ..)
[    0.569410] random 0000 0000 0000 00000000 00000000: trying to extract 64 bits from input
[    0.569412] random 0000 0000 0000 00000000 00000000: debiting 0 entropy credits from input
[    0.569414] random 0000 0000 0000 00000000 00000000: extract_entropy account returned: 0 
[    0.569417] random 0000 0000 0000 00000000 00000000: urand_change_num 3 xfer_secondary_pool(4): pool_sig fffffe1a, data_sig 00000000, bytes_mixed 0 00000000 00000000
[    0.569419] random 0000 0000 0000 00000000 00000000: trying to extract 32 bits from nonblocking
[    0.569422] random 0000 0000 0000 00000000 00000000: debiting 32 entropy credits from nonblocking (unlimited)
[    0.569424] random 0000 0000 0000 00000000 00000000: extract_entropy account returned: 4 
[    0.569428] random 0000 0000 0000 00000000 00000000: urand_change_num 4 extract_buf: pool_sig fffffe1a, data_sig fffffed7, bytes_mixed 20 00000000 00000000
[    0.569457] IP route cache hash table entries: 32768 (order: 5, 131072 bytes)
[    0.569545] RANDOM - __random32 called. Change num 8.  Value: 15c279e2	28b73354	e2c5b58f
[    0.569547] RANDOM - random32 called.  Value: 15c279e2	28b73354	e2c5b58f
[    0.569603] RANDOM - __random32 called. Change num 9.  Value: 279e2b5f	8b733545	6b1e9d03
[    0.569605] RANDOM - random32 called.  Value: 279e2b5f	8b733545	6b1e9d03
[    0.569608] RANDOM - __random32 called. Change num 10.  Value: e2b5fc5e	b7335453	3a067d4e
[    0.569631] RANDOM - random32 called.  Value: e2b5fc5e	b7335453	3a067d4e
[    0.569695] RANDOM - __random32 called. Change num 11.  Value: 5fc5eba7	73354535	fa9d46b2
[    0.569698] RANDOM - random32 called.  Value: 5fc5eba7	73354535	fa9d46b2
[    0.569713] TCP established hash table entries: 131072 (order: 8, 1048576 bytes)
[    0.569884] TCP bind hash table entries: 65536 (order: 7, 524288 bytes)
[    0.570034] TCP: Hash tables configured (established 131072 bind 65536)
[    0.570036] TCP reno registered
[    0.570072] NET: Registered protocol family 1
[    0.570081] pci 0000:00:00.0: Limiting direct PCI/PCI transfers
[    0.570102] pci 0000:00:0f.0: Boot video device
[    0.570294] Trying to unpack rootfs image as initramfs...
[    1.705855] Freeing initrd memory: 83430k freed
[    1.709875] Simple Boot Flag at 0x36 set to 0x1
[    1.709919] cpufreq-nforce2: No nForce2 chipset.
[    1.709932] Scanning for low memory corruption every 60 seconds
[    1.710047] audit: initializing netlink socket (disabled)
[    1.710055] type=2000 audit(1369436412.696:1): initialized
[    1.713971] highmem bounce pool size: 64 pages
[    1.713976] HugeTLB registered 2 MB page size, pre-allocated 0 pages
[    1.714072] VFS: Disk quotas dquot_6.5.2
[    1.714104] Dquot-cache hash table entries: 1024 (order 0, 4096 bytes)
[    1.714185] fuse init (API version 7.13)
[    1.714229] msgmni has been set to 1729
[    1.714504] alg: No test for stdrng (krng)
[    1.714538] Block layer SCSI generic (bsg) driver version 0.4 loaded (major 253)
[    1.714540] io scheduler noop registered
[    1.714542] io scheduler anticipatory registered
[    1.714544] io scheduler deadline registered
[    1.714564] io scheduler cfq registered (default)
[    1.714609]   alloc irq_desc for 24 on node -1
[    1.714611]   alloc kstat_irqs on node -1
[    1.714656] pcieport 0000:00:15.0: irq 24 for MSI/MSI-X
[    1.714701] pcieport 0000:00:15.0: setting latency timer to 64
[    1.714746]   alloc irq_desc for 25 on node -1
[    1.714748]   alloc kstat_irqs on node -1
[    1.714793] pcieport 0000:00:15.1: irq 25 for MSI/MSI-X
[    1.714838] pcieport 0000:00:15.1: setting latency timer to 64
[    1.714883]   alloc irq_desc for 26 on node -1
[    1.714886]   alloc kstat_irqs on node -1
[    1.714930] pcieport 0000:00:15.2: irq 26 for MSI/MSI-X
[    1.714975] pcieport 0000:00:15.2: setting latency timer to 64
[    1.715020]   alloc irq_desc for 27 on node -1
[    1.715022]   alloc kstat_irqs on node -1
[    1.715067] pcieport 0000:00:15.3: irq 27 for MSI/MSI-X
[    1.715112] pcieport 0000:00:15.3: setting latency timer to 64
[    1.715157]   alloc irq_desc for 28 on node -1
[    1.715159]   alloc kstat_irqs on node -1
[    1.715203] pcieport 0000:00:15.4: irq 28 for MSI/MSI-X
[    1.715248] pcieport 0000:00:15.4: setting latency timer to 64
[    1.715293]   alloc irq_desc for 29 on node -1
[    1.715295]   alloc kstat_irqs on node -1
[    1.715340] pcieport 0000:00:15.5: irq 29 for MSI/MSI-X
[    1.715385] pcieport 0000:00:15.5: setting latency timer to 64
[    1.715429]   alloc irq_desc for 30 on node -1
[    1.715431]   alloc kstat_irqs on node -1
[    1.715476] pcieport 0000:00:15.6: irq 30 for MSI/MSI-X
[    1.715521] pcieport 0000:00:15.6: setting latency timer to 64
[    1.715566]   alloc irq_desc for 31 on node -1
[    1.715568]   alloc kstat_irqs on node -1
[    1.715612] pcieport 0000:00:15.7: irq 31 for MSI/MSI-X
[    1.715657] pcieport 0000:00:15.7: setting latency timer to 64
[    1.715702]   alloc irq_desc for 32 on node -1
[    1.715704]   alloc kstat_irqs on node -1
[    1.715749] pcieport 0000:00:16.0: irq 32 for MSI/MSI-X
[    1.715794] pcieport 0000:00:16.0: setting latency timer to 64
[    1.715838]   alloc irq_desc for 33 on node -1
[    1.715840]   alloc kstat_irqs on node -1
[    1.715885] pcieport 0000:00:16.1: irq 33 for MSI/MSI-X
[    1.715930] pcieport 0000:00:16.1: setting latency timer to 64
[    1.715975]   alloc irq_desc for 34 on node -1
[    1.715977]   alloc kstat_irqs on node -1
[    1.716022] pcieport 0000:00:16.2: irq 34 for MSI/MSI-X
[    1.716066] pcieport 0000:00:16.2: setting latency timer to 64
[    1.716111]   alloc irq_desc for 35 on node -1
[    1.716113]   alloc kstat_irqs on node -1
[    1.716158] pcieport 0000:00:16.3: irq 35 for MSI/MSI-X
[    1.716203] pcieport 0000:00:16.3: setting latency timer to 64
[    1.716248]   alloc irq_desc for 36 on node -1
[    1.716250]   alloc kstat_irqs on node -1
[    1.716294] pcieport 0000:00:16.4: irq 36 for MSI/MSI-X
[    1.716339] pcieport 0000:00:16.4: setting latency timer to 64
[    1.716384]   alloc irq_desc for 37 on node -1
[    1.716386]   alloc kstat_irqs on node -1
[    1.716431] pcieport 0000:00:16.5: irq 37 for MSI/MSI-X
[    1.716476] pcieport 0000:00:16.5: setting latency timer to 64
[    1.716520]   alloc irq_desc for 38 on node -1
[    1.716522]   alloc kstat_irqs on node -1
[    1.716567] pcieport 0000:00:16.6: irq 38 for MSI/MSI-X
[    1.716612] pcieport 0000:00:16.6: setting latency timer to 64
[    1.716657]   alloc irq_desc for 39 on node -1
[    1.716659]   alloc kstat_irqs on node -1
[    1.716703] pcieport 0000:00:16.7: irq 39 for MSI/MSI-X
[    1.716748] pcieport 0000:00:16.7: setting latency timer to 64
[    1.717895]   alloc irq_desc for 40 on node -1
[    1.717896]   alloc kstat_irqs on node -1
[    1.717941] pcieport 0000:00:17.0: irq 40 for MSI/MSI-X
[    1.717986] pcieport 0000:00:17.0: setting latency timer to 64
[    1.718031]   alloc irq_desc for 41 on node -1
[    1.718033]   alloc kstat_irqs on node -1
[    1.718078] pcieport 0000:00:17.1: irq 41 for MSI/MSI-X
[    1.718122] pcieport 0000:00:17.1: setting latency timer to 64
[    1.718167]   alloc irq_desc for 42 on node -1
[    1.718169]   alloc kstat_irqs on node -1
[    1.718214] pcieport 0000:00:17.2: irq 42 for MSI/MSI-X
[    1.718259] pcieport 0000:00:17.2: setting latency timer to 64
[    1.718304]   alloc irq_desc for 43 on node -1
[    1.718305]   alloc kstat_irqs on node -1
[    1.718350] pcieport 0000:00:17.3: irq 43 for MSI/MSI-X
[    1.718395] pcieport 0000:00:17.3: setting latency timer to 64
[    1.718440]   alloc irq_desc for 44 on node -1
[    1.718442]   alloc kstat_irqs on node -1
[    1.718487] pcieport 0000:00:17.4: irq 44 for MSI/MSI-X
[    1.718531] pcieport 0000:00:17.4: setting latency timer to 64
[    1.718576]   alloc irq_desc for 45 on node -1
[    1.718578]   alloc kstat_irqs on node -1
[    1.718623] pcieport 0000:00:17.5: irq 45 for MSI/MSI-X
[    1.718668] pcieport 0000:00:17.5: setting latency timer to 64
[    1.718713]   alloc irq_desc for 46 on node -1
[    1.718715]   alloc kstat_irqs on node -1
[    1.718760] pcieport 0000:00:17.6: irq 46 for MSI/MSI-X
[    1.718805] pcieport 0000:00:17.6: setting latency timer to 64
[    1.718849]   alloc irq_desc for 47 on node -1
[    1.718851]   alloc kstat_irqs on node -1
[    1.718896] pcieport 0000:00:17.7: irq 47 for MSI/MSI-X
[    1.718941] pcieport 0000:00:17.7: setting latency timer to 64
[    1.718986]   alloc irq_desc for 48 on node -1
[    1.718988]   alloc kstat_irqs on node -1
[    1.719032] pcieport 0000:00:18.0: irq 48 for MSI/MSI-X
[    1.719077] pcieport 0000:00:18.0: setting latency timer to 64
[    1.719122]   alloc irq_desc for 49 on node -1
[    1.719124]   alloc kstat_irqs on node -1
[    1.719169] pcieport 0000:00:18.1: irq 49 for MSI/MSI-X
[    1.719214] pcieport 0000:00:18.1: setting latency timer to 64
[    1.719259]   alloc irq_desc for 50 on node -1
[    1.719260]   alloc kstat_irqs on node -1
[    1.719305] pcieport 0000:00:18.2: irq 50 for MSI/MSI-X
[    1.719350] pcieport 0000:00:18.2: setting latency timer to 64
[    1.719395]   alloc irq_desc for 51 on node -1
[    1.719397]   alloc kstat_irqs on node -1
[    1.719442] pcieport 0000:00:18.3: irq 51 for MSI/MSI-X
[    1.719486] pcieport 0000:00:18.3: setting latency timer to 64
[    1.719531]   alloc irq_desc for 52 on node -1
[    1.719533]   alloc kstat_irqs on node -1
[    1.719578] pcieport 0000:00:18.4: irq 52 for MSI/MSI-X
[    1.719623] pcieport 0000:00:18.4: setting latency timer to 64
[    1.719668]   alloc irq_desc for 53 on node -1
[    1.719669]   alloc kstat_irqs on node -1
[    1.719714] pcieport 0000:00:18.5: irq 53 for MSI/MSI-X
[    1.719759] pcieport 0000:00:18.5: setting latency timer to 64
[    1.719804]   alloc irq_desc for 54 on node -1
[    1.719806]   alloc kstat_irqs on node -1
[    1.719851] pcieport 0000:00:18.6: irq 54 for MSI/MSI-X
[    1.719896] pcieport 0000:00:18.6: setting latency timer to 64
[    1.719940]   alloc irq_desc for 55 on node -1
[    1.719942]   alloc kstat_irqs on node -1
[    1.719987] pcieport 0000:00:18.7: irq 55 for MSI/MSI-X
[    1.720032] pcieport 0000:00:18.7: setting latency timer to 64
[    1.720077] pci_hotplug: PCI Hot Plug PCI Core version: 0.5
[    1.721906] pciehp 0000:00:15.0:pcie04: HPC vendor_id 15ad device_id 7a0 ss_vid 0 ss_did 0
[    1.721951] pciehp 0000:00:15.0:pcie04: service driver pciehp loaded
[    1.721995] pciehp 0000:00:15.1:pcie04: HPC vendor_id 15ad device_id 7a0 ss_vid 0 ss_did 0
[    1.722040] pciehp 0000:00:15.1:pcie04: service driver pciehp loaded
[    1.722085] pciehp 0000:00:15.2:pcie04: HPC vendor_id 15ad device_id 7a0 ss_vid 0 ss_did 0
[    1.722130] pciehp 0000:00:15.2:pcie04: service driver pciehp loaded
[    1.722175] pciehp 0000:00:15.3:pcie04: HPC vendor_id 15ad device_id 7a0 ss_vid 0 ss_did 0
[    1.722220] pciehp 0000:00:15.3:pcie04: service driver pciehp loaded
[    1.722264] pciehp 0000:00:15.4:pcie04: HPC vendor_id 15ad device_id 7a0 ss_vid 0 ss_did 0
[    1.722309] pciehp 0000:00:15.4:pcie04: service driver pciehp loaded
[    1.722354] pciehp 0000:00:15.5:pcie04: HPC vendor_id 15ad device_id 7a0 ss_vid 0 ss_did 0
[    1.722399] pciehp 0000:00:15.5:pcie04: service driver pciehp loaded
[    1.722444] pciehp 0000:00:15.6:pcie04: HPC vendor_id 15ad device_id 7a0 ss_vid 0 ss_did 0
[    1.722489] pciehp 0000:00:15.6:pcie04: service driver pciehp loaded
[    1.722533] pciehp 0000:00:15.7:pcie04: HPC vendor_id 15ad device_id 7a0 ss_vid 0 ss_did 0
[    1.722578] pciehp 0000:00:15.7:pcie04: service driver pciehp loaded
[    1.722623] pciehp 0000:00:16.0:pcie04: HPC vendor_id 15ad device_id 7a0 ss_vid 0 ss_did 0
[    1.722668] pciehp 0000:00:16.0:pcie04: service driver pciehp loaded
[    1.722713] pciehp 0000:00:16.1:pcie04: HPC vendor_id 15ad device_id 7a0 ss_vid 0 ss_did 0
[    1.722758] pciehp 0000:00:16.1:pcie04: service driver pciehp loaded
[    1.722803] pciehp 0000:00:16.2:pcie04: HPC vendor_id 15ad device_id 7a0 ss_vid 0 ss_did 0
[    1.722847] pciehp 0000:00:16.2:pcie04: service driver pciehp loaded
[    1.722892] pciehp 0000:00:16.3:pcie04: HPC vendor_id 15ad device_id 7a0 ss_vid 0 ss_did 0
[    1.722937] pciehp 0000:00:16.3:pcie04: service driver pciehp loaded
[    1.722982] pciehp 0000:00:16.4:pcie04: HPC vendor_id 15ad device_id 7a0 ss_vid 0 ss_did 0
[    1.723027] pciehp 0000:00:16.4:pcie04: service driver pciehp loaded
[    1.723072] pciehp 0000:00:16.5:pcie04: HPC vendor_id 15ad device_id 7a0 ss_vid 0 ss_did 0
[    1.723116] pciehp 0000:00:16.5:pcie04: service driver pciehp loaded
[    1.723161] pciehp 0000:00:16.6:pcie04: HPC vendor_id 15ad device_id 7a0 ss_vid 0 ss_did 0
[    1.723206] pciehp 0000:00:16.6:pcie04: service driver pciehp loaded
[    1.723251] pciehp 0000:00:16.7:pcie04: HPC vendor_id 15ad device_id 7a0 ss_vid 0 ss_did 0
[    1.723296] pciehp 0000:00:16.7:pcie04: service driver pciehp loaded
[    1.723341] pciehp 0000:00:17.0:pcie04: HPC vendor_id 15ad device_id 7a0 ss_vid 0 ss_did 0
[    1.723385] pciehp 0000:00:17.0:pcie04: service driver pciehp loaded
[    1.723430] pciehp 0000:00:17.1:pcie04: HPC vendor_id 15ad device_id 7a0 ss_vid 0 ss_did 0
[    1.723475] pciehp 0000:00:17.1:pcie04: service driver pciehp loaded
[    1.723520] pciehp 0000:00:17.2:pcie04: HPC vendor_id 15ad device_id 7a0 ss_vid 0 ss_did 0
[    1.723565] pciehp 0000:00:17.2:pcie04: service driver pciehp loaded
[    1.723610] pciehp 0000:00:17.3:pcie04: HPC vendor_id 15ad device_id 7a0 ss_vid 0 ss_did 0
[    1.723654] pciehp 0000:00:17.3:pcie04: service driver pciehp loaded
[    1.723699] pciehp 0000:00:17.4:pcie04: HPC vendor_id 15ad device_id 7a0 ss_vid 0 ss_did 0
[    1.723744] pciehp 0000:00:17.4:pcie04: service driver pciehp loaded
[    1.723789] pciehp 0000:00:17.5:pcie04: HPC vendor_id 15ad device_id 7a0 ss_vid 0 ss_did 0
[    1.723834] pciehp 0000:00:17.5:pcie04: service driver pciehp loaded
[    1.723879] pciehp 0000:00:17.6:pcie04: HPC vendor_id 15ad device_id 7a0 ss_vid 0 ss_did 0
[    1.723923] pciehp 0000:00:17.6:pcie04: service driver pciehp loaded
[    1.723968] pciehp 0000:00:17.7:pcie04: HPC vendor_id 15ad device_id 7a0 ss_vid 0 ss_did 0
[    1.724013] pciehp 0000:00:17.7:pcie04: service driver pciehp loaded
[    1.724058] pciehp 0000:00:18.0:pcie04: HPC vendor_id 15ad device_id 7a0 ss_vid 0 ss_did 0
[    1.724103] pciehp 0000:00:18.0:pcie04: service driver pciehp loaded
[    1.724148] pciehp 0000:00:18.1:pcie04: HPC vendor_id 15ad device_id 7a0 ss_vid 0 ss_did 0
[    1.724192] pciehp 0000:00:18.1:pcie04: service driver pciehp loaded
[    1.724237] pciehp 0000:00:18.2:pcie04: HPC vendor_id 15ad device_id 7a0 ss_vid 0 ss_did 0
[    1.724282] pciehp 0000:00:18.2:pcie04: service driver pciehp loaded
[    1.724327] pciehp 0000:00:18.3:pcie04: HPC vendor_id 15ad device_id 7a0 ss_vid 0 ss_did 0
[    1.724372] pciehp 0000:00:18.3:pcie04: service driver pciehp loaded
[    1.724417] pciehp 0000:00:18.4:pcie04: HPC vendor_id 15ad device_id 7a0 ss_vid 0 ss_did 0
[    1.724461] pciehp 0000:00:18.4:pcie04: service driver pciehp loaded
[    1.724506] pciehp 0000:00:18.5:pcie04: HPC vendor_id 15ad device_id 7a0 ss_vid 0 ss_did 0
[    1.724551] pciehp 0000:00:18.5:pcie04: service driver pciehp loaded
[    1.724596] pciehp 0000:00:18.6:pcie04: HPC vendor_id 15ad device_id 7a0 ss_vid 0 ss_did 0
[    1.724641] pciehp 0000:00:18.6:pcie04: service driver pciehp loaded
[    1.724686] pciehp 0000:00:18.7:pcie04: HPC vendor_id 15ad device_id 7a0 ss_vid 0 ss_did 0
[    1.724730] pciehp 0000:00:18.7:pcie04: service driver pciehp loaded
[    1.724738] pciehp: PCI Express Hot Plug Controller Driver version: 0.4
[    1.724787] ACPI: AC Adapter [ACAD] (on-line)
[    1.724841] input: Power Button as /devices/LNXSYSTM:00/LNXPWRBN:00/input/input0
[    1.724843] ACPI: Power Button [PWRF]
[    1.724888] processor LNXCPU:00: registered as cooling_device0
[    1.765808] isapnp: Scanning for PnP cards...
[    2.119820] isapnp: No Plug & Play device found
[    2.119850] random 0000 0000 0000 5f8db4e5 4cfdf2a8: initializing
[    2.119975] Linux agpgart interface v0.103
[    2.120014] agpgart-intel 0000:00:00.0: Intel 440BX Chipset
[    2.120066] agpgart-intel 0000:00:00.0: AGP aperture is 256M @ 0x0
[    2.120096] Serial: 8250/16550 driver, 32 ports, IRQ sharing enabled
[    2.120148] serial8250: ttyS0 at I/O 0x3f8 (irq = 4) is a 16550A
[    2.120200] serial8250: ttyS1 at I/O 0x2f8 (irq = 3) is a 16550A
[    2.120252] 00:0a: ttyS0 at I/O 0x3f8 (irq = 4) is a 16550A
[    2.120304] 00:0b: ttyS1 at I/O 0x2f8 (irq = 3) is a 16550A
[    2.120356] brd: module loaded
[    2.120408] loop: module loaded
[    2.120460] ata_piix 0000:00:07.1: version 2.13
[    2.120541] scsi0 : ata_piix
[    2.120587] scsi1 : ata_piix
[    2.120607] ata1: PATA max UDMA/33 cmd 0x1f0 ctl 0x3f6 bmdma 0x10c0 irq 14
[    2.120609] ata2: PATA max UDMA/33 cmd 0x170 ctl 0x376 bmdma 0x10c8 irq 15
[    2.120667] PPP generic driver version 2.4.2
[    2.120696] tun: Universal TUN/TAP device driver, 1.6
[    2.120698] tun: (C) 1999-2004 Max Krasnyansky <maxk@qualcomm.com>
[    2.120750] ehci_hcd: USB 2.0 'Enhanced' Host Controller (EHCI) Driver
[    2.120802] ACPI: PCI Interrupt Link [LNKB] enabled at IRQ 11
[    2.120804] PCI: setting IRQ 11 as level-triggered
[    2.120812] ehci_hcd 0000:02:03.0: PCI INT A -> Link[LNKB] -> GSI 11 (level, low) -> IRQ 11
[    2.120848] ehci_hcd 0000:02:03.0: EHCI Host Controller
[    2.120869] ehci_hcd 0000:02:03.0: new USB bus registered, assigned bus number 1
[    2.120921] ehci_hcd 0000:02:03.0: cache line size of 32 is not supported
[    2.120927] ehci_hcd 0000:02:03.0: irq 11, io mem 0xc9000000
[    2.121305] random 0000 0000 0000 00000000 00000000: rand_read_num 3 get_random_bytes(8): sig 00000000 00000000 00000000
[    2.121308] random 0000 0000 0000 00000000 00000000: extract_entropy(.. 8 ..)
[    2.121311] random 0000 0000 0000 00000000 00000000: going to reseed nonblocking with 64 bits (64 of 0 requested)
[    2.121313] random 0000 0000 0000 00000000 00000000: extract_entropy(.. 8 ..)
[    2.121315] random 0000 0000 0000 00000000 00000000: trying to extract 64 bits from input
[    2.121317] random 0000 0000 0000 00000000 00000000: debiting 0 entropy credits from input
[    2.121319] random 0000 0000 0000 00000000 00000000: extract_entropy account returned: 0 
[    2.121339] random 0000 0000 0000 00000000 00000000: urand_change_num 5 xfer_secondary_pool(8): pool_sig 00000000, data_sig 00000000, bytes_mixed 0 00000000 00000000
[    2.121342] random 0000 0000 0000 00000000 00000000: trying to extract 64 bits from nonblocking
[    2.121345] random 0000 0000 0000 00000000 00000000: debiting 64 entropy credits from nonblocking (unlimited)
[    2.121347] random 0000 0000 0000 00000000 00000000: extract_entropy account returned: 8 
[    2.121351] random 0000 0000 0000 00000000 00000000: urand_change_num 6 extract_buf: pool_sig 00000000, data_sig fffffff9, bytes_mixed 20 00000000 00000000
[    2.129255] ehci_hcd 0000:02:03.0: USB 2.0 started, EHCI 1.00
[    2.129307] usb usb1: configuration #1 chosen from 1 choice
[    2.129325] hub 1-0:1.0: USB hub found
[    2.129330] hub 1-0:1.0: 6 ports detected
[    2.129364] ohci_hcd: USB 1.1 'Open' Host Controller (OHCI) Driver
[    2.129373] uhci_hcd: USB Universal Host Controller Interface driver
[    2.129425] ACPI: PCI Interrupt Link [LNKC] enabled at IRQ 10
[    2.129428] PCI: setting IRQ 10 as level-triggered
[    2.129432] uhci_hcd 0000:02:00.0: PCI INT A -> Link[LNKC] -> GSI 10 (level, low) -> IRQ 10
[    2.129466] uhci_hcd 0000:02:00.0: UHCI Host Controller
[    2.129494] uhci_hcd 0000:02:00.0: new USB bus registered, assigned bus number 2
[    2.129597] uhci_hcd 0000:02:00.0: irq 10, io base 0x000020c0
[    2.129649] usb usb2: configuration #1 chosen from 1 choice
[    2.129664] hub 2-0:1.0: USB hub found
[    2.129669] hub 2-0:1.0: 2 ports detected
[    2.129721] usbcore: registered new interface driver libusual
[    2.129758] PNP: PS/2 Controller [PNP0303:KBC,PNP0f13:MOUS] at 0x60,0x64 irq 1,12
[    2.130089] serio: i8042 KBD port at 0x60,0x64 irq 1
[    2.130096] serio: i8042 AUX port at 0x60,0x64 irq 12
[    2.130130] mice: PS/2 mouse device common for all mice
[    2.130182] rtc_cmos 00:04: rtc core: registered rtc_cmos as rtc0
[    2.130198] rtc0: alarms up to one month, y3k, 114 bytes nvram, hpet irqs
[    2.130250] device-mapper: uevent: version 1.0.3
[    2.130365] device-mapper: ioctl: 4.15.0-ioctl (2009-04-01) initialised: dm-devel@redhat.com
[    2.130382] EISA: Probing bus 0 at eisa.0
[    2.130389] Cannot allocate resource for EISA slot 1
[    2.130391] Cannot allocate resource for EISA slot 2
[    2.130393] Cannot allocate resource for EISA slot 3
[    2.130394] Cannot allocate resource for EISA slot 4
[    2.130396] Cannot allocate resource for EISA slot 5
[    2.130398] Cannot allocate resource for EISA slot 6
[    2.130400] Cannot allocate resource for EISA slot 7
[    2.130402] Cannot allocate resource for EISA slot 8
[    2.130404] EISA: Detected 0 cards.
[    2.130471] cpuidle: using governor ladder
[    2.130473] cpuidle: using governor menu
[    2.130525] random 0000 0000 0000 00000000 00000000: rand_read_num 4 get_random_bytes(136): sig 0000021d 00000000 00000000
[    2.130549] random 0000 0000 0000 00000000 00000000: extract_entropy(.. 136 ..)
[    2.130552] random 0000 0000 0000 00000000 00000000: going to reseed nonblocking with 1024 bits (1088 of 0 requested)
[    2.130554] random 0000 0000 0000 00000000 00000000: extract_entropy(.. 128 ..)
[    2.130556] random 0000 0000 0000 00000000 00000000: trying to extract 1024 bits from input
[    2.130558] random 0000 0000 0000 00000000 00000000: debiting 0 entropy credits from input
[    2.130561] random 0000 0000 0000 00000000 00000000: extract_entropy account returned: 0 
[    2.130564] random 0000 0000 0000 00000000 00000000: urand_change_num 7 xfer_secondary_pool(136): pool_sig 0000021d, data_sig 00000000, bytes_mixed 0 00000000 00000000
[    2.130566] random 0000 0000 0000 00000000 00000000: trying to extract 1088 bits from nonblocking
[    2.130569] random 0000 0000 0000 00000000 00000000: debiting 1088 entropy credits from nonblocking (unlimited)
[    2.130571] random 0000 0000 0000 00000000 00000000: extract_entropy account returned: 136 
[    2.130575] random 0000 0000 0000 00000000 00000000: urand_change_num 8 extract_buf: pool_sig 0000021d, data_sig fffffff7, bytes_mixed 20 00000000 00000000
[    2.130579] random 0000 0000 0000 f961ee50 ba9cb1aa: urand_change_num 9 extract_buf: pool_sig 00000230, data_sig fffffeb4, bytes_mixed 20 f961ee50 ba9cb1aa
[    2.130584] random 0000 0000 0000 9748bdd6 56fb8af6: urand_change_num 10 extract_buf: pool_sig 00000373, data_sig 000000cf, bytes_mixed 20 9748bdd6 56fb8af6
[    2.130588] random 0000 0000 0000 9748bdd6 56fb8af6: urand_change_num 11 extract_buf: pool_sig fffffe49, data_sig 0000023f, bytes_mixed 20 9748bdd6 56fb8af6
[    2.130593] random 0000 0000 0000 a135be86 4777650e: urand_change_num 12 extract_buf: pool_sig fffffcce, data_sig 000000c6, bytes_mixed 20 a135be86 4777650e
[    2.130597] random 0000 0000 0000 4a6ea85d 170e00dd: urand_change_num 13 extract_buf: pool_sig ffffff97, data_sig ffffff7d, bytes_mixed 20 4a6ea85d 170e00dd
[    2.130602] random 0000 0000 0000 4a6ea85d 170e00dd: urand_change_num 14 extract_buf: pool_sig 00000160, data_sig fffffeea, bytes_mixed 20 4a6ea85d 170e00dd
[    2.130606] random 0000 0000 0000 6e87c3cb da668c73: urand_change_num 15 extract_buf: pool_sig 0000034f, data_sig ffffff54, bytes_mixed 20 6e87c3cb da668c73
[    2.130611] random 0000 0000 0000 6e87c3cb da668c73: urand_change_num 16 extract_buf: pool_sig fffffdc5, data_sig 00000205, bytes_mixed 20 6e87c3cb da668c73
[    2.130615] random 0000 0000 0000 39f531e6 461eb249: urand_change_num 17 extract_buf: pool_sig fffffc1d, data_sig ffffff5e, bytes_mixed 20 39f531e6 461eb249
[    2.130620] random 0000 0000 0000 7e1538a2 3e661182: urand_change_num 18 extract_buf: pool_sig 000006ef, data_sig ffffff2e, bytes_mixed 20 7e1538a2 3e661182
[    2.130624] random 0000 0000 0000 7e1538a2 3e661182: urand_change_num 19 extract_buf: pool_sig 00000317, data_sig fffffccb, bytes_mixed 20 7e1538a2 3e661182
[    2.130629] random 0000 0000 0000 76af506b 9b57305e: urand_change_num 20 extract_buf: pool_sig 00000227, data_sig ffffffd2, bytes_mixed 20 76af506b 9b57305e
[    2.130633] random 0000 0000 0000 37d49d89 e20417cc: urand_change_num 21 extract_buf: pool_sig 0000080b, data_sig 000001e9, bytes_mixed 20 37d49d89 e20417cc
[    2.130637] TCP cubic registered
[    2.130689] NET: Registered protocol family 10
[    2.130724] RANDOM - __random32 called. Change num 12.  Value: 5eba7c56	3354535f	8d65ceee
[    2.130726] RANDOM - random32 called.  Value: 5eba7c56	3354535f	8d65ceee
[    2.130736] random 0000 0000 0000 37d49d89 e20417cc: rand_read_num 5 get_random_bytes(4): sig 00000298 37d49d89 e20417cc
[    2.130738] random 0000 0000 0000 37d49d89 e20417cc: extract_entropy(.. 4 ..)
[    2.130740] random 0000 0000 0000 37d49d89 e20417cc: going to reseed nonblocking with 64 bits (32 of 0 requested)
[    2.130743] random 0000 0000 0000 37d49d89 e20417cc: extract_entropy(.. 8 ..)
[    2.130745] random 0000 0000 0000 37d49d89 e20417cc: trying to extract 64 bits from input
[    2.130747] random 0000 0000 0000 37d49d89 e20417cc: debiting 0 entropy credits from input
[    2.130749] random 0000 0000 0000 37d49d89 e20417cc: extract_entropy account returned: 0 
[    2.130752] random 0000 0000 0000 37d49d89 e20417cc: urand_change_num 22 xfer_secondary_pool(4): pool_sig 00000298, data_sig 00000000, bytes_mixed 0 37d49d89 e20417cc
[    2.130755] random 0000 0000 0000 37d49d89 e20417cc: trying to extract 32 bits from nonblocking
[    2.130757] random 0000 0000 0000 37d49d89 e20417cc: debiting 32 entropy credits from nonblocking (unlimited)
[    2.130759] random 0000 0000 0000 37d49d89 e20417cc: extract_entropy account returned: 4 
[    2.130763] random 0000 0000 0000 37d49d89 e20417cc: urand_change_num 23 extract_buf: pool_sig 00000298, data_sig 00000092, bytes_mixed 20 37d49d89 e20417cc
[    2.130815] RANDOM - __random32 called. Change num 13.  Value: a7c56226	354535ff	9ddcc977
[    2.130817] RANDOM - random32 called.  Value: a7c56226	354535ff	9ddcc977
[    2.130869] NET: Registered protocol family 17
[    2.130889] Using IPI No-Shortcut mode
[    2.130895] random 0000 0000 0000 2ee4c4fc 167bdb15: rand_read_num 6 get_random_bytes(8): sig fffffcbf 2ee4c4fc 167bdb15
[    2.130897] random 0000 0000 0000 2ee4c4fc 167bdb15: extract_entropy(.. 8 ..)
[    2.130900] random 0000 0000 0000 2ee4c4fc 167bdb15: going to reseed nonblocking with 64 bits (64 of 0 requested)
[    2.130902] random 0000 0000 0000 2ee4c4fc 167bdb15: extract_entropy(.. 8 ..)
[    2.130904] random 0000 0000 0000 2ee4c4fc 167bdb15: trying to extract 64 bits from input
[    2.130906] random 0000 0000 0000 2ee4c4fc 167bdb15: debiting 0 entropy credits from input
[    2.130908] random 0000 0000 0000 2ee4c4fc 167bdb15: extract_entropy account returned: 0 
[    2.130911] random 0000 0000 0000 2ee4c4fc 167bdb15: urand_change_num 24 xfer_secondary_pool(8): pool_sig fffffcbf, data_sig 00000000, bytes_mixed 0 2ee4c4fc 167bdb15
[    2.130914] random 0000 0000 0000 2ee4c4fc 167bdb15: trying to extract 64 bits from nonblocking
[    2.130917] random 0000 0000 0000 2ee4c4fc 167bdb15: debiting 64 entropy credits from nonblocking (unlimited)
[    2.130919] random 0000 0000 0000 2ee4c4fc 167bdb15: extract_entropy account returned: 8 
[    2.130922] random 0000 0000 0000 2ee4c4fc 167bdb15: urand_change_num 25 extract_buf: pool_sig fffffcbf, data_sig ffffff83, bytes_mixed 20 2ee4c4fc 167bdb15
[    2.130963] PM: Resume from disk failed.
[    2.130970] registered taskstats version 1
[    2.130973] random 0000 0000 0000 2ee4c4fc 167bdb15: rand_read_num 7 get_random_bytes(12): sig fffffc69 2ee4c4fc 167bdb15
[    2.130976] random 0000 0000 0000 2ee4c4fc 167bdb15: extract_entropy(.. 12 ..)
[    2.130978] random 0000 0000 0000 2ee4c4fc 167bdb15: going to reseed nonblocking with 96 bits (96 of 0 requested)
[    2.130980] random 0000 0000 0000 2ee4c4fc 167bdb15: extract_entropy(.. 12 ..)
[    2.130982] random 0000 0000 0000 2ee4c4fc 167bdb15: trying to extract 96 bits from input
[    2.130985] random 0000 0000 0000 2ee4c4fc 167bdb15: debiting 0 entropy credits from input
[    2.130987] random 0000 0000 0000 2ee4c4fc 167bdb15: extract_entropy account returned: 0 
[    2.130990] random 0000 0000 0000 2ee4c4fc 167bdb15: urand_change_num 26 xfer_secondary_pool(12): pool_sig fffffc69, data_sig 00000000, bytes_mixed 0 2ee4c4fc 167bdb15
[    2.130992] random 0000 0000 0000 2ee4c4fc 167bdb15: trying to extract 96 bits from nonblocking
[    2.130995] random 0000 0000 0000 2ee4c4fc 167bdb15: debiting 96 entropy credits from nonblocking (unlimited)
[    2.130997] random 0000 0000 0000 2ee4c4fc 167bdb15: extract_entropy account returned: 12 
[    2.131000] random 0000 0000 0000 2ee4c4fc 167bdb15: urand_change_num 27 extract_buf: pool_sig fffffc69, data_sig ffffff7d, bytes_mixed 20 2ee4c4fc 167bdb15
[    2.131005] random 0000 0000 0000 83b7c1ab 94697f48: urand_change_num 28 extract_buf: pool_sig fffffe30, data_sig fffffdd6, bytes_mixed 20 83b7c1ab 94697f48
[    2.131008] RANDOM - __seed init called.
[    2.131009] RANDOM - __seed init called.
[    2.131010] RANDOM - __seed init called.
[    2.131012] RANDOM - __random32 called. Change num 14.  Value: fc007995	feca4f80	21b38ad2
[    2.131014] RANDOM - random32_reseed called.  Value: fc007995	feca4f80	21b38ad2
[    2.131016] Pid: 1, comm: swapper Not tainted 2.6.32.57 #4
[    2.131018] Call Trace:
[    2.131024]  [<c14a8a0e>] ? printk+0x1d/0x1f
[    2.131029]  [<c17537e5>] random32_reseed+0x89/0xbd
[    2.131032]  [<c1003042>] do_one_initcall+0x32/0x1a0
[    2.131035]  [<c175375c>] ? random32_reseed+0x0/0xbd
[    2.131038]  [<c17308e7>] kernel_init+0x12d/0x17a
[    2.131040]  [<c17307ba>] ? kernel_init+0x0/0x17a
[    2.131044]  [<c1009b07>] kernel_thread_helper+0x7/0x10
[    2.133763] input: AT Translated Set 2 keyboard as /devices/platform/i8042/serio0/input/input1
[    2.134040] random 0000 0000 0000 6db70b00 b30ce96b: rand_read_num 8 get_random_bytes(64): sig fffffb38 6db70b00 b30ce96b
[    2.134043] random 0000 0000 0000 6db70b00 b30ce96b: extract_entropy(.. 64 ..)
[    2.134045] random 0000 0000 0000 6db70b00 b30ce96b: going to reseed nonblocking with 512 bits (512 of 0 requested)
[    2.134048] random 0000 0000 0000 6db70b00 b30ce96b: extract_entropy(.. 64 ..)
[    2.134050] random 0000 0000 0000 6db70b00 b30ce96b: trying to extract 512 bits from input
[    2.134052] random 0000 0000 0000 6db70b00 b30ce96b: debiting 0 entropy credits from input
[    2.134054] random 0000 0000 0000 6db70b00 b30ce96b: extract_entropy account returned: 0 
[    2.134057] random 0000 0000 0000 6db70b00 b30ce96b: urand_change_num 29 xfer_secondary_pool(64): pool_sig fffffb38, data_sig 00000000, bytes_mixed 0 6db70b00 b30ce96b
[    2.134060] random 0000 0000 0000 6db70b00 b30ce96b: trying to extract 512 bits from nonblocking
[    2.134062] random 0000 0000 0000 6db70b00 b30ce96b: debiting 512 entropy credits from nonblocking (unlimited)
[    2.134065] random 0000 0000 0000 6db70b00 b30ce96b: extract_entropy account returned: 64 
[    2.134068] random 0000 0000 0000 6db70b00 b30ce96b: urand_change_num 30 extract_buf: pool_sig fffffb38, data_sig 00000151, bytes_mixed 20 6db70b00 b30ce96b
[    2.134073] random 0000 0000 0000 6db70b00 b30ce96b: urand_change_num 31 extract_buf: pool_sig fffffdb8, data_sig 00000379, bytes_mixed 20 6db70b00 b30ce96b
[    2.134077] random 0000 0000 0000 6b83001e d4b6c0d3: urand_change_num 32 extract_buf: pool_sig ffffffc9, data_sig 00000198, bytes_mixed 20 6b83001e d4b6c0d3
[    2.134082] random 0000 0000 0000 79d3e3c7 be564518: urand_change_num 33 extract_buf: pool_sig 000002b9, data_sig ffffff84, bytes_mixed 20 79d3e3c7 be564518
[    2.134086] random 0000 0000 0000 79d3e3c7 be564518: urand_change_num 34 extract_buf: pool_sig ffffff55, data_sig ffffff5a, bytes_mixed 20 79d3e3c7 be564518
[    2.134091] random 0000 0000 0000 89c03cb2 0d353228: urand_change_num 35 extract_buf: pool_sig 00000007, data_sig ffffff17, bytes_mixed 20 89c03cb2 0d353228
[    2.134095] random 0000 0000 0000 89c03cb2 0d353228: urand_change_num 36 extract_buf: pool_sig fffffdae, data_sig 000000db, bytes_mixed 20 89c03cb2 0d353228  Magic number: 13:200:50
[    2.134186] rtc_cmos 00:04: setting system clock to 2013-05-24 23:00:13 UTC (1369436413)
[    2.134188] BIOS EDD facility v0.16 2004-Jun-25, 0 devices found
[    2.134190] EDD information not available.
[    2.134214] random 0000 0000 0000 8ca62387 b120332c: rand_read_num 9 get_random_bytes(64): sig fffffed6 8ca62387 b120332c
[    2.134216] random 0000 0000 0000 8ca62387 b120332c: extract_entropy(.. 64 ..)
[    2.134218] random 0000 0000 0000 8ca62387 b120332c: going to reseed nonblocking with 512 bits (512 of 0 requested)
[    2.134221] random 0000 0000 0000 8ca62387 b120332c: extract_entropy(.. 64 ..)
[    2.134223] random 0000 0000 0000 8ca62387 b120332c: trying to extract 512 bits from input
[    2.134225] random 0000 0000 0000 8ca62387 b120332c: debiting 0 entropy credits from input
[    2.134227] random 0000 0000 0000 8ca62387 b120332c: extract_entropy account returned: 0 
[    2.134230] random 0000 0000 0000 8ca62387 b120332c: urand_change_num 37 xfer_secondary_pool(64): pool_sig fffffed6, data_sig 00000000, bytes_mixed 0 8ca62387 b120332c
[    2.134233] random 0000 0000 0000 8ca62387 b120332c: trying to extract 512 bits from nonblocking
[    2.134235] random 0000 0000 0000 8ca62387 b120332c: debiting 512 entropy credits from nonblocking (unlimited)
[    2.134237] random 0000 0000 0000 8ca62387 b120332c: extract_entropy account returned: 64 
[    2.134241] random 0000 0000 0000 8ca62387 b120332c: urand_change_num 38 extract_buf: pool_sig fffffed6, data_sig fffffeb6, bytes_mixed 20 8ca62387 b120332c
[    2.134245] random 0000 0000 0000 90702413 e2a66c2e: urand_change_num 39 extract_buf: pool_sig fffffbb0, data_sig 0000012e, bytes_mixed 20 90702413 e2a66c2e
[    2.134250] random 0000 0000 0000 90702413 e2a66c2e: urand_change_num 40 extract_buf: pool_sig fffffaf1, data_sig ffffff3c, bytes_mixed 20 90702413 e2a66c2e
[    2.134254] random 0000 0000 0000 3f58038b c77aecb6: urand_change_num 41 extract_buf: pool_sig 00000234, data_sig fffffdec, bytes_mixed 20 3f58038b c77aecb6
[    2.134258] random 0000 0000 0000 47187b9d 03f21510: urand_change_num 42 extract_buf: pool_sig 00000192, data_sig 00000075, bytes_mixed 20 47187b9d 03f21510
[    2.134263] random 0000 0000 0000 47187b9d 03f21510: urand_change_num 43 extract_buf: pool_sig 0000018e, data_sig ffffffbf, bytes_mixed 20 47187b9d 03f21510
[    2.134267] random 0000 0000 0000 3180b1fc 0fa9c973: urand_change_num 44 extract_buf: pool_sig fffffecf, data_sig ffffff2a, bytes_mixed 20 3180b1fc 0fa9c973
[    2.134270] BEGIN NET_SECRET:
[    2.134271] \xffffff87
[    2.134272] \xffffff8d
[    2.134274] \xfffffff4
[    2.134275] \xffffffae
[    2.134276] \xffffffc3
[    2.134277] \xffffffb7
[    2.134278] \x31
[    2.134279] \x65
[    2.134281] \xffffffda
[    2.134282] \xffffffa2
[    2.134283] \x31
[    2.134284] \xffffffc8
[    2.134285] \xffffffa9
[    2.134286] \x76
[    2.134287] \x76
[    2.134289] \xffffff90
[    2.134290] \x55
[    2.134291] \xfffffff3
[    2.134292] \xffffffb1
[    2.134293] \x3
[    2.134294] \xffffffb3
[    2.134296] \xffffffa7
[    2.134297] \x5a
[    2.134298] \x71
[    2.134299] \x70
[    2.134300] \xffffff8c
[    2.134301] \x56
[    2.134302] \x25
[    2.134304] \xffffffe1
[    2.134305] \x4c
[    2.134306] \xffffffe6
[    2.134307] \xffffff95
[    2.134308] \x67
[    2.134309] \x4c
[    2.134310] \xffffffb9
[    2.134312] \x1d
[    2.134313] \xe
[    2.134314] \x34
[    2.134315] \xffffffbe
[    2.134316] \x12
[    2.134317] \x5
[    2.134318] \xffffff98
[    2.134320] \xffffffa0
[    2.134321] \xf
[    2.134322] \xffffffb2
[    2.134323] \xffffffde
[    2.134324] \xffffff99
[    2.134325] \xf
[    2.134326] \xffffffe8
[    2.134328] \xffffffc8
[    2.134329] \x1f
[    2.134330] \x54
[    2.134331] \x2c
[    2.134332] \xffffffee
[    2.134333] \x2e
[    2.134334] \x0
[    2.134336] \xffffff95
[    2.134337] \x0
[    2.134338] \xffffffe3
[    2.134339] \xffffffa7
[    2.134340] \xfffffffd
[    2.134341] \x66
[    2.134342] \xffffff92
[    2.134344] \xfffffff0
[    2.134345] 
[    2.134346] END NET_SECRET
[    2.134349] random 0000 0000 0000 3180b1fc 0fa9c973: rand_read_num 10 get_random_bytes(4): sig ffffff46 3180b1fc 0fa9c973
[    2.134351] random 0000 0000 0000 3180b1fc 0fa9c973: extract_entropy(.. 4 ..)
[    2.134353] random 0000 0000 0000 3180b1fc 0fa9c973: going to reseed nonblocking with 64 bits (32 of 0 requested)
[    2.134355] random 0000 0000 0000 3180b1fc 0fa9c973: extract_entropy(.. 8 ..)
[    2.134358] random 0000 0000 0000 3180b1fc 0fa9c973: trying to extract 64 bits from input
[    2.134360] random 0000 0000 0000 3180b1fc 0fa9c973: debiting 0 entropy credits from input
[    2.134362] random 0000 0000 0000 3180b1fc 0fa9c973: extract_entropy account returned: 0 
[    2.134365] random 0000 0000 0000 3180b1fc 0fa9c973: urand_change_num 45 xfer_secondary_pool(4): pool_sig ffffff46, data_sig 00000000, bytes_mixed 0 3180b1fc 0fa9c973
[    2.134367] random 0000 0000 0000 3180b1fc 0fa9c973: trying to extract 32 bits from nonblocking
[    2.134370] random 0000 0000 0000 3180b1fc 0fa9c973: debiting 32 entropy credits from nonblocking (unlimited)
[    2.134372] random 0000 0000 0000 3180b1fc 0fa9c973: extract_entropy account returned: 4 
[    2.134375] random 0000 0000 0000 3180b1fc 0fa9c973: urand_change_num 46 extract_buf: pool_sig ffffff46, data_sig 0000001b, bytes_mixed 20 3180b1fc 0fa9c973
[    2.311455] ata2.00: ATAPI: VMware Virtual IDE CDROM Drive, 00000001, max UDMA/33
[    2.311735] ata2.00: configured for UDMA/33
[    2.312166] scsi 1:0:0:0: CD-ROM            NECVMWar VMware IDE CDR10 1.00 PQ: 0 ANSI: 5
[    2.313414] sr0: scsi3-mmc drive: 306x/306x cd/rw xa/form2 cdda tray
[    2.313417] Uniform CD-ROM driver Revision: 3.20
[    2.313469] sr 1:0:0:0: Attached scsi CD-ROM sr0
[    2.313506] sr 1:0:0:0: Attached scsi generic sg0 type 5
[    2.313543] Freeing unused kernel memory: 652k freed
[    2.313595] Write protecting the kernel text: 4840k
[    2.313626] Write protecting the kernel read-only data: 1968k
[    2.313715] random 0000 0000 0000 38974d2b 1d8d6de0: rand_read_num 11 get_random_bytes(16): sig 000001c6 38974d2b 1d8d6de0
