[    0.000000] random 0000 0000 0000 00000000 00000000: rand_read_num 1 get_random_bytes(8): sig 00000000 00000000 00000000
[    0.000000] random 0000 0000 0000 00000000 00000000: extract_entropy(.. 8 ..)
[    0.000000] random 0000 0000 0000 00000000 00000000: going to reseed nonblocking with 64 bits (64 of 0 requested)
[    0.000000] random 0000 0000 0000 00000000 00000000: extract_entropy(.. 8 ..)
[    0.000000] random 0000 0000 0000 00000000 00000000: trying to extract 64 bits from input
[    0.000000] random 0000 0000 0000 00000000 00000000: debiting 0 entropy credits from input
[    0.000000] random 0000 0000 0000 00000000 00000000: extract_entropy account returned: 0 
[    0.000000] random 0000 0000 0000 00000000 00000000: urand_change_num 1 xfer_secondary_pool(8): pool_sig 00000000, data_sig 00000000, bytes_mixed 0 00000000 00000000
[    0.000000] random 0000 0000 0000 00000000 00000000: trying to extract 64 bits from nonblocking
[    0.000000] random 0000 0000 0000 00000000 00000000: debiting 64 entropy credits from nonblocking (unlimited)
[    0.000000] random 0000 0000 0000 00000000 00000000: extract_entropy account returned: 8 
[    0.000000] random 0000 0000 0000 00000000 00000000: urand_change_num 2 extract_buf: pool_sig 00000000, data_sig fffffff9, bytes_mixed 20 00000000 00000000
[    0.000000] Initializing cgroup subsys cpuset
[    0.000000] Initializing cgroup subsys cpu
[    0.000000] Linux version 2.6.32.57 (dcashman@ubuntu) (gcc version 4.6.3 (Ubuntu/Linaro 4.6.3-1ubuntu5) ) #4 SMP Fri May 24 11:09:26 PDT 2013
[    0.000000] KERNEL supported cpus:
[    0.000000]   Intel GenuineIntel
[    0.000000]   AMD AuthenticAMD
[    0.000000]   NSC Geode by NSC
[    0.000000]   Cyrix CyrixInstead
[    0.000000]   Centaur CentaurHauls
[    0.000000]   Transmeta GenuineTMx86
[    0.000000]   Transmeta TransmetaCPU
[    0.000000]   UMC UMC UMC UMC
[    0.000000] BIOS-provided physical RAM map:
[    0.000000]  BIOS-e820: 0000000000000000 - 000000000009f000 (usable)
[    0.000000]  BIOS-e820: 000000000009f000 - 00000000000a0000 (reserved)
[    0.000000]  BIOS-e820: 00000000000ca000 - 00000000000cc000 (reserved)
[    0.000000]  BIOS-e820: 00000000000dc000 - 0000000000100000 (reserved)
[    0.000000]  BIOS-e820: 0000000000100000 - 000000003fee0000 (usable)
[    0.000000]  BIOS-e820: 000000003fee0000 - 000000003feff000 (ACPI data)
[    0.000000]  BIOS-e820: 000000003feff000 - 000000003ff00000 (ACPI NVS)
[    0.000000]  BIOS-e820: 000000003ff00000 - 0000000040000000 (usable)
[    0.000000]  BIOS-e820: 00000000e0000000 - 00000000f0000000 (reserved)
[    0.000000]  BIOS-e820: 00000000fec00000 - 00000000fec10000 (reserved)
[    0.000000]  BIOS-e820: 00000000fee00000 - 00000000fee01000 (reserved)
[    0.000000]  BIOS-e820: 00000000fffe0000 - 0000000100000000 (reserved)
[    0.000000] DMI present.
[    0.000000] Phoenix BIOS detected: BIOS may corrupt low RAM, working around it.
[    0.000000] e820 update range: 0000000000000000 - 0000000000010000 (usable) ==> (reserved)
[    0.000000] last_pfn = 0x40000 max_arch_pfn = 0x1000000
[    0.000000] MTRR default type: uncachable
[    0.000000] MTRR fixed ranges enabled:
[    0.000000]   00000-9FFFF write-back
[    0.000000]   A0000-BFFFF uncachable
[    0.000000]   C0000-CBFFF write-protect
[    0.000000]   CC000-EFFFF uncachable
[    0.000000]   F0000-FFFFF write-protect
[    0.000000] MTRR variable ranges enabled:
[    0.000000]   0 base 0000000000 mask FFC0000000 write-back
[    0.000000]   1 disabled
[    0.000000]   2 disabled
[    0.000000]   3 disabled
[    0.000000]   4 disabled
[    0.000000]   5 disabled
[    0.000000]   6 disabled
[    0.000000]   7 disabled
[    0.000000] x86 PAT enabled: cpu 0, old 0x0, new 0x7010600070106
[    0.000000] Scanning 0 areas for low memory corruption
[    0.000000] modified physical RAM map:
[    0.000000]  modified: 0000000000000000 - 0000000000010000 (reserved)
[    0.000000]  modified: 0000000000010000 - 000000000009f000 (usable)
[    0.000000]  modified: 000000000009f000 - 00000000000a0000 (reserved)
[    0.000000]  modified: 00000000000ca000 - 00000000000cc000 (reserved)
[    0.000000]  modified: 00000000000dc000 - 0000000000100000 (reserved)
[    0.000000]  modified: 0000000000100000 - 000000003fee0000 (usable)
[    0.000000]  modified: 000000003fee0000 - 000000003feff000 (ACPI data)
[    0.000000]  modified: 000000003feff000 - 000000003ff00000 (ACPI NVS)
[    0.000000]  modified: 000000003ff00000 - 0000000040000000 (usable)
[    0.000000]  modified: 00000000e0000000 - 00000000f0000000 (reserved)
[    0.000000]  modified: 00000000fec00000 - 00000000fec10000 (reserved)
[    0.000000]  modified: 00000000fee00000 - 00000000fee01000 (reserved)
[    0.000000]  modified: 00000000fffe0000 - 0000000100000000 (reserved)
[    0.000000] initial memory mapped : 0 - 01e00000
[    0.000000] init_memory_mapping: 0000000000000000-00000000379fe000
[    0.000000] NX (Execute Disable) protection: active
[    0.000000]  0000000000 - 0000200000 page 4k
[    0.000000]  0000200000 - 0037800000 page 2M
[    0.000000]  0037800000 - 00379fe000 page 4k
[    0.000000] kernel direct mapping tables up to 379fe000 @ 10000-16000
[    0.000000] RAMDISK: 2dcfc000 - 32e758c3
[    0.000000] ACPI: RSDP 000f6b80 00024 (v02 PTLTD )
[    0.000000] ACPI: XSDT 3feed636 0005C (v01 INTEL  440BX    06040000 VMW  01324272)
[    0.000000] ACPI: FACP 3fefee98 000F4 (v04 INTEL  440BX    06040000 PTL  000F4240)
[    0.000000] ACPI: DSDT 3feee366 10B32 (v01 PTLTD  Custom   06040000 MSFT 03000001)
[    0.000000] ACPI: FACS 3fefffc0 00040
[    0.000000] ACPI: BOOT 3feee33e 00028 (v01 PTLTD  $SBFTBL$ 06040000  LTP 00000001)
[    0.000000] ACPI: APIC 3feedc3e 003C2 (v01 PTLTD  ? APIC   06040000  LTP 00000000)
[    0.000000] ACPI: MCFG 3feedc02 0003C (v01 PTLTD  $PCITBL$ 06040000  LTP 00000001)
[    0.000000] ACPI: SRAT 3feed732 004D0 (v02 VMWARE MEMPLUG  06040000 VMW  00000001)
[    0.000000] ACPI: HPET 3feed6fa 00038 (v01 VMWARE VMW HPET 06040000 VMW  00000001)
[    0.000000] ACPI: WAET 3feed6d2 00028 (v01 VMWARE VMW WAET 06040000 VMW  00000001)
[    0.000000] ACPI: Local APIC address 0xfee00000
[    0.000000] 134MB HIGHMEM available.
[    0.000000] 889MB LOWMEM available.
[    0.000000]   mapped low ram: 0 - 379fe000
[    0.000000]   low ram: 0 - 379fe000
[    0.000000]   node 0 low ram: 00000000 - 379fe000
[    0.000000]   node 0 bootmap 00012000 - 00018f40
[    0.000000] (9 early reservations) ==> bootmem [0000000000 - 00379fe000]
[    0.000000]   #0 [0000000000 - 0000001000]   BIOS data page ==> [0000000000 - 0000001000]
[    0.000000]   #1 [0000001000 - 0000002000]    EX TRAMPOLINE ==> [0000001000 - 0000002000]
[    0.000000]   #2 [0000006000 - 0000007000]       TRAMPOLINE ==> [0000006000 - 0000007000]
[    0.000000]   #3 [0001000000 - 0001a75ff8]    TEXT DATA BSS ==> [0001000000 - 0001a75ff8]
[    0.000000]   #4 [002dcfc000 - 0032e758c3]          RAMDISK ==> [002dcfc000 - 0032e758c3]
[    0.000000]   #5 [000009f000 - 0000100000]    BIOS reserved ==> [000009f000 - 0000100000]
[    0.000000]   #6 [0001a76000 - 0001a851c0]              BRK ==> [0001a76000 - 0001a851c0]
[    0.000000]   #7 [0000010000 - 0000012000]          PGTABLE ==> [0000010000 - 0000012000]
[    0.000000]   #8 [0000012000 - 0000019000]          BOOTMAP ==> [0000012000 - 0000019000]
[    0.000000] found SMP MP-table at [c00f6bf0] f6bf0
[    0.000000] Zone PFN ranges:
[    0.000000]   DMA      0x00000010 -> 0x00001000
[    0.000000]   Normal   0x00001000 -> 0x000379fe
[    0.000000]   HighMem  0x000379fe -> 0x00040000
[    0.000000] Movable zone start PFN for each node
[    0.000000] early_node_map[3] active PFN ranges
[    0.000000]     0: 0x00000010 -> 0x0000009f
[    0.000000]     0: 0x00000100 -> 0x0003fee0
[    0.000000]     0: 0x0003ff00 -> 0x00040000
[    0.000000] On node 0 totalpages: 261999
[    0.000000] free_area_init_node: node 0, pgdat c1715200, node_mem_map c1a87200
[    0.000000]   DMA zone: 32 pages used for memmap
[    0.000000]   DMA zone: 0 pages reserved
[    0.000000]   DMA zone: 3951 pages, LIFO batch:0
[    0.000000]   Normal zone: 1748 pages used for memmap
[    0.000000]   Normal zone: 221994 pages, LIFO batch:31
[    0.000000]   HighMem zone: 269 pages used for memmap
[    0.000000]   HighMem zone: 34005 pages, LIFO batch:7
[    0.000000] Using APIC driver default
[    0.000000] ACPI: PM-Timer IO Port: 0x1008
[    0.000000] ACPI: Local APIC address 0xfee00000
[    0.000000] ACPI: LAPIC (acpi_id[0x00] lapic_id[0x00] enabled)
[    0.000000] ACPI: LAPIC (acpi_id[0x01] lapic_id[0x02] disabled)
[    0.000000] ACPI: LAPIC (acpi_id[0x02] lapic_id[0x04] disabled)
[    0.000000] ACPI: LAPIC (acpi_id[0x03] lapic_id[0x06] disabled)
[    0.000000] ACPI: LAPIC (acpi_id[0x04] lapic_id[0x08] disabled)
[    0.000000] ACPI: LAPIC (acpi_id[0x05] lapic_id[0x0a] disabled)
[    0.000000] ACPI: LAPIC (acpi_id[0x06] lapic_id[0x0c] disabled)
[    0.000000] ACPI: LAPIC (acpi_id[0x07] lapic_id[0x0e] disabled)
[    0.000000] ACPI: LAPIC (acpi_id[0x08] lapic_id[0x10] disabled)
[    0.000000] ACPI: LAPIC (acpi_id[0x09] lapic_id[0x12] disabled)
[    0.000000] ACPI: LAPIC (acpi_id[0x0a] lapic_id[0x14] disabled)
[    0.000000] ACPI: LAPIC (acpi_id[0x0b] lapic_id[0x16] disabled)
[    0.000000] ACPI: LAPIC (acpi_id[0x0c] lapic_id[0x18] disabled)
[    0.000000] ACPI: LAPIC (acpi_id[0x0d] lapic_id[0x1a] disabled)
[    0.000000] ACPI: LAPIC (acpi_id[0x0e] lapic_id[0x1c] disabled)
[    0.000000] ACPI: LAPIC (acpi_id[0x0f] lapic_id[0x1e] disabled)
[    0.000000] ACPI: LAPIC (acpi_id[0x10] lapic_id[0x20] disabled)
[    0.000000] ACPI: LAPIC (acpi_id[0x11] lapic_id[0x22] disabled)
[    0.000000] ACPI: LAPIC (acpi_id[0x12] lapic_id[0x24] disabled)
[    0.000000] ACPI: LAPIC (acpi_id[0x13] lapic_id[0x26] disabled)
[    0.000000] ACPI: LAPIC (acpi_id[0x14] lapic_id[0x28] disabled)
[    0.000000] ACPI: LAPIC (acpi_id[0x15] lapic_id[0x2a] disabled)
[    0.000000] ACPI: LAPIC (acpi_id[0x16] lapic_id[0x2c] disabled)
[    0.000000] ACPI: LAPIC (acpi_id[0x17] lapic_id[0x2e] disabled)
[    0.000000] ACPI: LAPIC (acpi_id[0x18] lapic_id[0x30] disabled)
[    0.000000] ACPI: LAPIC (acpi_id[0x19] lapic_id[0x32] disabled)
[    0.000000] ACPI: LAPIC (acpi_id[0x1a] lapic_id[0x34] disabled)
[    0.000000] ACPI: LAPIC (acpi_id[0x1b] lapic_id[0x36] disabled)
[    0.000000] ACPI: LAPIC (acpi_id[0x1c] lapic_id[0x38] disabled)
[    0.000000] ACPI: LAPIC (acpi_id[0x1d] lapic_id[0x3a] disabled)
[    0.000000] ACPI: LAPIC (acpi_id[0x1e] lapic_id[0x3c] disabled)
[    0.000000] ACPI: LAPIC (acpi_id[0x1f] lapic_id[0x3e] disabled)
[    0.000000] ACPI: LAPIC (acpi_id[0x20] lapic_id[0x40] disabled)
[    0.000000] ACPI: LAPIC (acpi_id[0x21] lapic_id[0x42] disabled)
[    0.000000] ACPI: LAPIC (acpi_id[0x22] lapic_id[0x44] disabled)
[    0.000000] ACPI: LAPIC (acpi_id[0x23] lapic_id[0x46] disabled)
[    0.000000] ACPI: LAPIC (acpi_id[0x24] lapic_id[0x48] disabled)
[    0.000000] ACPI: LAPIC (acpi_id[0x25] lapic_id[0x4a] disabled)
[    0.000000] ACPI: LAPIC (acpi_id[0x26] lapic_id[0x4c] disabled)
[    0.000000] ACPI: LAPIC (acpi_id[0x27] lapic_id[0x4e] disabled)
[    0.000000] ACPI: LAPIC (acpi_id[0x28] lapic_id[0x50] disabled)
[    0.000000] ACPI: LAPIC (acpi_id[0x29] lapic_id[0x52] disabled)
[    0.000000] ACPI: LAPIC (acpi_id[0x2a] lapic_id[0x54] disabled)
[    0.000000] ACPI: LAPIC (acpi_id[0x2b] lapic_id[0x56] disabled)
[    0.000000] ACPI: LAPIC (acpi_id[0x2c] lapic_id[0x58] disabled)
[    0.000000] ACPI: LAPIC (acpi_id[0x2d] lapic_id[0x5a] disabled)
[    0.000000] ACPI: LAPIC (acpi_id[0x2e] lapic_id[0x5c] disabled)
[    0.000000] ACPI: LAPIC (acpi_id[0x2f] lapic_id[0x5e] disabled)
[    0.000000] ACPI: LAPIC (acpi_id[0x30] lapic_id[0x60] disabled)
[    0.000000] ACPI: LAPIC (acpi_id[0x31] lapic_id[0x62] disabled)
[    0.000000] ACPI: LAPIC (acpi_id[0x32] lapic_id[0x64] disabled)
[    0.000000] ACPI: LAPIC (acpi_id[0x33] lapic_id[0x66] disabled)
[    0.000000] ACPI: LAPIC (acpi_id[0x34] lapic_id[0x68] disabled)
[    0.000000] ACPI: LAPIC (acpi_id[0x35] lapic_id[0x6a] disabled)
[    0.000000] ACPI: LAPIC (acpi_id[0x36] lapic_id[0x6c] disabled)
[    0.000000] ACPI: LAPIC (acpi_id[0x37] lapic_id[0x6e] disabled)
[    0.000000] ACPI: LAPIC (acpi_id[0x38] lapic_id[0x70] disabled)
[    0.000000] ACPI: LAPIC (acpi_id[0x39] lapic_id[0x72] disabled)
[    0.000000] ACPI: LAPIC (acpi_id[0x3a] lapic_id[0x74] disabled)
[    0.000000] ACPI: LAPIC (acpi_id[0x3b] lapic_id[0x76] disabled)
[    0.000000] ACPI: LAPIC (acpi_id[0x3c] lapic_id[0x78] disabled)
[    0.000000] ACPI: LAPIC (acpi_id[0x3d] lapic_id[0x7a] disabled)
[    0.000000] ACPI: LAPIC (acpi_id[0x3e] lapic_id[0x7c] disabled)
[    0.000000] ACPI: LAPIC (acpi_id[0x3f] lapic_id[0x7e] disabled)
[    0.000000] ACPI: LAPIC_NMI (acpi_id[0x00] high edge lint[0x1])
[    0.000000] ACPI: LAPIC_NMI (acpi_id[0x01] high edge lint[0x1])
[    0.000000] ACPI: LAPIC_NMI (acpi_id[0x02] high edge lint[0x1])
[    0.000000] ACPI: LAPIC_NMI (acpi_id[0x03] high edge lint[0x1])
[    0.000000] ACPI: LAPIC_NMI (acpi_id[0x04] high edge lint[0x1])
[    0.000000] ACPI: LAPIC_NMI (acpi_id[0x05] high edge lint[0x1])
[    0.000000] ACPI: LAPIC_NMI (acpi_id[0x06] high edge lint[0x1])
[    0.000000] ACPI: LAPIC_NMI (acpi_id[0x07] high edge lint[0x1])
[    0.000000] ACPI: LAPIC_NMI (acpi_id[0x08] high edge lint[0x1])
[    0.000000] ACPI: LAPIC_NMI (acpi_id[0x09] high edge lint[0x1])
[    0.000000] ACPI: LAPIC_NMI (acpi_id[0x0a] high edge lint[0x1])
[    0.000000] ACPI: LAPIC_NMI (acpi_id[0x0b] high edge lint[0x1])
[    0.000000] ACPI: LAPIC_NMI (acpi_id[0x0c] high edge lint[0x1])
[    0.000000] ACPI: LAPIC_NMI (acpi_id[0x0d] high edge lint[0x1])
[    0.000000] ACPI: LAPIC_NMI (acpi_id[0x0e] high edge lint[0x1])
[    0.000000] ACPI: LAPIC_NMI (acpi_id[0x0f] high edge lint[0x1])
[    0.000000] ACPI: LAPIC_NMI (acpi_id[0x10] high edge lint[0x1])
[    0.000000] ACPI: LAPIC_NMI (acpi_id[0x11] high edge lint[0x1])
[    0.000000] ACPI: LAPIC_NMI (acpi_id[0x12] high edge lint[0x1])
[    0.000000] ACPI: LAPIC_NMI (acpi_id[0x13] high edge lint[0x1])
[    0.000000] ACPI: LAPIC_NMI (acpi_id[0x14] high edge lint[0x1])
[    0.000000] ACPI: LAPIC_NMI (acpi_id[0x15] high edge lint[0x1])
[    0.000000] ACPI: LAPIC_NMI (acpi_id[0x16] high edge lint[0x1])
[    0.000000] ACPI: LAPIC_NMI (acpi_id[0x17] high edge lint[0x1])
[    0.000000] ACPI: LAPIC_NMI (acpi_id[0x18] high edge lint[0x1])
[    0.000000] ACPI: LAPIC_NMI (acpi_id[0x19] high edge lint[0x1])
[    0.000000] ACPI: LAPIC_NMI (acpi_id[0x1a] high edge lint[0x1])
[    0.000000] ACPI: LAPIC_NMI (acpi_id[0x1b] high edge lint[0x1])
[    0.000000] ACPI: LAPIC_NMI (acpi_id[0x1c] high edge lint[0x1])
[    0.000000] ACPI: LAPIC_NMI (acpi_id[0x1d] high edge lint[0x1])
[    0.000000] ACPI: LAPIC_NMI (acpi_id[0x1e] high edge lint[0x1])
[    0.000000] ACPI: LAPIC_NMI (acpi_id[0x1f] high edge lint[0x1])
[    0.000000] ACPI: LAPIC_NMI (acpi_id[0x20] high edge lint[0x1])
[    0.000000] ACPI: LAPIC_NMI (acpi_id[0x21] high edge lint[0x1])
[    0.000000] ACPI: LAPIC_NMI (acpi_id[0x22] high edge lint[0x1])
[    0.000000] ACPI: LAPIC_NMI (acpi_id[0x23] high edge lint[0x1])
[    0.000000] ACPI: LAPIC_NMI (acpi_id[0x24] high edge lint[0x1])
[    0.000000] ACPI: LAPIC_NMI (acpi_id[0x25] high edge lint[0x1])
[    0.000000] ACPI: LAPIC_NMI (acpi_id[0x26] high edge lint[0x1])
[    0.000000] ACPI: LAPIC_NMI (acpi_id[0x27] high edge lint[0x1])
[    0.000000] ACPI: LAPIC_NMI (acpi_id[0x28] high edge lint[0x1])
[    0.000000] ACPI: LAPIC_NMI (acpi_id[0x29] high edge lint[0x1])
[    0.000000] ACPI: LAPIC_NMI (acpi_id[0x2a] high edge lint[0x1])
[    0.000000] ACPI: LAPIC_NMI (acpi_id[0x2b] high edge lint[0x1])
[    0.000000] ACPI: LAPIC_NMI (acpi_id[0x2c] high edge lint[0x1])
[    0.000000] ACPI: LAPIC_NMI (acpi_id[0x2d] high edge lint[0x1])
[    0.000000] ACPI: LAPIC_NMI (acpi_id[0x2e] high edge lint[0x1])
[    0.000000] ACPI: LAPIC_NMI (acpi_id[0x2f] high edge lint[0x1])
[    0.000000] ACPI: LAPIC_NMI (acpi_id[0x30] high edge lint[0x1])
[    0.000000] ACPI: LAPIC_NMI (acpi_id[0x31] high edge lint[0x1])
[    0.000000] ACPI: LAPIC_NMI (acpi_id[0x32] high edge lint[0x1])
[    0.000000] ACPI: LAPIC_NMI (acpi_id[0x33] high edge lint[0x1])
[    0.000000] ACPI: LAPIC_NMI (acpi_id[0x34] high edge lint[0x1])
[    0.000000] ACPI: LAPIC_NMI (acpi_id[0x35] high edge lint[0x1])
[    0.000000] ACPI: LAPIC_NMI (acpi_id[0x36] high edge lint[0x1])
[    0.000000] ACPI: LAPIC_NMI (acpi_id[0x37] high edge lint[0x1])
[    0.000000] ACPI: LAPIC_NMI (acpi_id[0x38] high edge lint[0x1])
[    0.000000] ACPI: LAPIC_NMI (acpi_id[0x39] high edge lint[0x1])
[    0.000000] ACPI: LAPIC_NMI (acpi_id[0x3a] high edge lint[0x1])
[    0.000000] ACPI: LAPIC_NMI (acpi_id[0x3b] high edge lint[0x1])
[    0.000000] ACPI: LAPIC_NMI (acpi_id[0x3c] high edge lint[0x1])
[    0.000000] ACPI: LAPIC_NMI (acpi_id[0x3d] high edge lint[0x1])
[    0.000000] ACPI: LAPIC_NMI (acpi_id[0x3e] high edge lint[0x1])
[    0.000000] ACPI: LAPIC_NMI (acpi_id[0x3f] high edge lint[0x1])
[    0.000000] ACPI: Skipping IOAPIC probe due to 'noapic' option.
[    0.000000] Using ACPI for processor (LAPIC) configuration information
[    0.000000] ACPI: HPET id: 0x8086af01 base: 0xfed00000
[    0.000000] Intel MultiProcessor Specification v1.4
[    0.000000]     Virtual Wire compatibility mode.
[    0.000000] MPTABLE: OEM ID: INTEL   
[    0.000000] MPTABLE: Product ID: 440BX       
[    0.000000] MPTABLE: APIC at: 0xFEE00000
[    0.000000] I/O APIC #1 Version 17 at 0xFEC00000.
[    0.000000] Processors: 1
[    0.000000] 64 Processors exceeds NR_CPUS limit of 8
[    0.000000] SMP: Allowing 8 CPUs, 7 hotplug CPUs
[    0.000000] nr_irqs_gsi: 24
[    0.000000] PM: Registered nosave memory: 000000000009f000 - 00000000000a0000
[    0.000000] PM: Registered nosave memory: 00000000000a0000 - 00000000000ca000
[    0.000000] PM: Registered nosave memory: 00000000000ca000 - 00000000000cc000
[    0.000000] PM: Registered nosave memory: 00000000000cc000 - 00000000000dc000
[    0.000000] PM: Registered nosave memory: 00000000000dc000 - 0000000000100000
[    0.000000] Allocating PCI resources starting at 40000000 (gap: 40000000:a0000000)
[    0.000000] Booting paravirtualized kernel on bare hardware
[    0.000000] NR_CPUS:8 nr_cpumask_bits:8 nr_cpu_ids:8 nr_node_ids:1
[    0.000000] PERCPU: Embedded 15 pages/cpu @c2400000 s39320 r0 d22120 u262144
[    0.000000] pcpu-alloc: s39320 r0 d22120 u262144 alloc=1*2097152
[    0.000000] pcpu-alloc: [0] 0 1 2 3 4 5 6 7 
[    0.000000] Built 1 zonelists in Zone order, mobility grouping on.  Total pages: 259950
[    0.000000] Kernel command line: BOOT_IMAGE=/boot/vmlinuz-2.6.32.57 root=UUID=007b598c-390d-4c65-84a1-4ff752d48633 ro quiet splash maxcpus=0
[    0.000000] PID hash table entries: 4096 (order: 2, 16384 bytes)
[    0.000000] Dentry cache hash table entries: 131072 (order: 7, 524288 bytes)
[    0.000000] Inode-cache hash table entries: 65536 (order: 6, 262144 bytes)
[    0.000000] Enabling fast FPU save and restore... done.
[    0.000000] Enabling unmasked SIMD FPU exception support... done.
[    0.000000] Initializing CPU#0
[    0.000000] xsave/xrstor: enabled xstate_bv 0x7, cntxt size 0x340
[    0.000000] allocated 5242560 bytes of page_cgroup
[    0.000000] please try 'cgroup_disable=memory' option if you don't want memory cgroups
[    0.000000] Initializing HighMem for node 0 (000379fe:00040000)
[    0.000000] Memory: 938260k/1048576k available (4839k kernel code, 108848k reserved, 2518k data, 652k init, 137096k highmem)
[    0.000000] virtual kernel memory layout:
[    0.000000]     fixmap  : 0xfff1e000 - 0xfffff000   ( 900 kB)
[    0.000000]     pkmap   : 0xffa00000 - 0xffc00000   (2048 kB)
[    0.000000]     vmalloc : 0xf81fe000 - 0xff9fe000   ( 120 MB)
[    0.000000]     lowmem  : 0xc0000000 - 0xf79fe000   ( 889 MB)
[    0.000000]       .init : 0xc1730000 - 0xc17d3000   ( 652 kB)
[    0.000000]       .data : 0xc14b9cce - 0xc172f764   (2518 kB)
[    0.000000]       .text : 0xc1000000 - 0xc14b9cce   (4839 kB)
[    0.000000] Checking if this processor honours the WP bit even in supervisor mode...Ok.
[    0.000000] SLUB: Genslabs=13, HWalign=64, Order=0-3, MinObjects=0, CPUs=8, Nodes=1
[    0.000000] Hierarchical RCU implementation.
[    0.000000] NR_IRQS:2304 nr_irqs:472
[    0.000000] Extended CMOS year: 2000
[    0.000000] Console: colour VGA+ 80x25
[    0.000000] console [tty0] enabled
[    0.000000] hpet clockevent registered
[    0.000000] TSC freq read from hypervisor : 2394.620 MHz
[    0.000000] Detected 2394.620 MHz processor.
[    0.000002] Calibrating delay loop (skipped) preset value.. 4789.24 BogoMIPS (lpj=9578480)
[    0.000011] Security Framework initialized
[    0.000014] SELinux:  Disabled at boot.
[    0.000018] Mount-cache hash table entries: 512
[    0.000115] Initializing cgroup subsys cpuacct
[    0.000118] Initializing cgroup subsys memory
[    0.000121] Initializing cgroup subsys devices
[    0.000122] Initializing cgroup subsys freezer
[    0.000149] CPU: Physical Processor ID: 0
[    0.000155] CPU: L1 I cache: 32K, L1 D cache: 32K
[    0.000157] CPU: L2 cache: 256K
[    0.000158] CPU: L3 cache: 4096K
[    0.000163] mce: CPU supports 0 MCE banks
[    0.000175] Performance Events: no PMU driver, software events only.
[    0.000185] Checking 'hlt' instruction... OK.
[    0.017644] SMP alternatives: switching to UP code
[    0.032220] ACPI: Core revision 20090903
[    0.038675] ACPI: setting ELCR to 0200 (from 0e20)
[    0.039725] ftrace: converting mcount calls to 0f 1f 44 00 00
[    0.039731] ftrace: allocating 22631 entries in 45 pages
[    0.057233] CANARY value: 4d5238e5 for PID: 1
[    0.057277] Not enabling x2apic, Intr-remapping init failed.
[    0.057279] Enabling APIC mode:  Flat.  Using 1 I/O APICs
[    0.057287] SMP mode deactivated.
[    0.057311] SMP disabled
[    0.057366] Brought up 1 CPUs
[    0.057368] Total of 1 processors activated (4789.24 BogoMIPS).
[    0.057372] CPU0 attaching NULL sched-domain.
[    0.057439] devtmpfs: initialized
[    0.057545] sysctl table check failed: /kernel/random/now_input .1.40.7 Unknown sysctl binary path
[    0.057785] Pid: 1, comm: swapper Not tainted 2.6.32.57 #4
[    0.057786] Call Trace:
[    0.057790]  [<c14a8a0e>] ? printk+0x1d/0x1f
[    0.057793]  [<c107b56f>] set_fail+0x4f/0x60
[    0.057795]  [<c107b8b3>] sysctl_check_table+0x333/0x620
[    0.057797]  [<c107b8cc>] sysctl_check_table+0x34c/0x620
[    0.057798]  [<c107b8cc>] sysctl_check_table+0x34c/0x620
[    0.057802]  [<c1746d48>] sysctl_init+0x25/0x29
[    0.057804]  [<c1003042>] do_one_initcall+0x32/0x1a0
[    0.057806]  [<c1746d23>] ? sysctl_init+0x0/0x29
[    0.057809]  [<c17308e7>] kernel_init+0x12d/0x17a
[    0.057810]  [<c17307ba>] ? kernel_init+0x0/0x17a
[    0.057813]  [<c1009b07>] kernel_thread_helper+0x7/0x10
[    0.057814] sysctl table check failed: /kernel/random/now_blocking .1.40.8 Unknown sysctl binary path
[    0.058043] Pid: 1, comm: swapper Not tainted 2.6.32.57 #4
[    0.058044] Call Trace:
[    0.058045]  [<c14a8a0e>] ? printk+0x1d/0x1f
[    0.058047]  [<c107b56f>] set_fail+0x4f/0x60
[    0.058048]  [<c107b8b3>] sysctl_check_table+0x333/0x620
[    0.058050]  [<c107b8cc>] sysctl_check_table+0x34c/0x620
[    0.058051]  [<c107b8cc>] sysctl_check_table+0x34c/0x620
[    0.058054]  [<c1746d48>] sysctl_init+0x25/0x29
[    0.058055]  [<c1003042>] do_one_initcall+0x32/0x1a0
[    0.058057]  [<c1746d23>] ? sysctl_init+0x0/0x29
[    0.058059]  [<c17308e7>] kernel_init+0x12d/0x17a
[    0.058060]  [<c17307ba>] ? kernel_init+0x0/0x17a
[    0.058062]  [<c1009b07>] kernel_thread_helper+0x7/0x10
[    0.058063] sysctl table check failed: /kernel/random/now_nonblocking .1.40.9 Unknown sysctl binary path
[    0.058323] Pid: 1, comm: swapper Not tainted 2.6.32.57 #4
[    0.058324] Call Trace:
[    0.058326]  [<c14a8a0e>] ? printk+0x1d/0x1f
[    0.058327]  [<c107b56f>] set_fail+0x4f/0x60
[    0.058329]  [<c107b8b3>] sysctl_check_table+0x333/0x620
[    0.058330]  [<c107b8cc>] sysctl_check_table+0x34c/0x620
[    0.058332]  [<c107b8cc>] sysctl_check_table+0x34c/0x620
[    0.058334]  [<c1746d48>] sysctl_init+0x25/0x29
[    0.058336]  [<c1003042>] do_one_initcall+0x32/0x1a0
[    0.058338]  [<c1746d23>] ? sysctl_init+0x0/0x29
[    0.058339]  [<c17308e7>] kernel_init+0x12d/0x17a
[    0.058341]  [<c17307ba>] ? kernel_init+0x0/0x17a
[    0.058342]  [<c1009b07>] kernel_thread_helper+0x7/0x10
[    0.058344] sysctl table check failed: /kernel/random/nb_input_bytes .1.40.10 Unknown sysctl binary path
[    0.058574] Pid: 1, comm: swapper Not tainted 2.6.32.57 #4
[    0.058574] Call Trace:
[    0.058576]  [<c14a8a0e>] ? printk+0x1d/0x1f
[    0.058577]  [<c107b56f>] set_fail+0x4f/0x60
[    0.058579]  [<c107b8b3>] sysctl_check_table+0x333/0x620
[    0.058580]  [<c107b8cc>] sysctl_check_table+0x34c/0x620
[    0.058582]  [<c107b8cc>] sysctl_check_table+0x34c/0x620
[    0.058584]  [<c1746d48>] sysctl_init+0x25/0x29
[    0.058585]  [<c1003042>] do_one_initcall+0x32/0x1a0
[    0.058588]  [<c1746d23>] ? sysctl_init+0x0/0x29
[    0.058589]  [<c17308e7>] kernel_init+0x12d/0x17a
[    0.058591]  [<c17307ba>] ? kernel_init+0x0/0x17a
[    0.058592]  [<c1009b07>] kernel_thread_helper+0x7/0x10
[    0.058593] sysctl table check failed: /kernel/random/nb_stir_count .1.40.11 Unknown sysctl binary path
[    0.058822] Pid: 1, comm: swapper Not tainted 2.6.32.57 #4
[    0.058823] Call Trace:
[    0.058824]  [<c14a8a0e>] ? printk+0x1d/0x1f
[    0.058826]  [<c107b56f>] set_fail+0x4f/0x60
[    0.058827]  [<c107b8b3>] sysctl_check_table+0x333/0x620
[    0.058829]  [<c107b8cc>] sysctl_check_table+0x34c/0x620
[    0.058831]  [<c107b8cc>] sysctl_check_table+0x34c/0x620
[    0.058833]  [<c1746d48>] sysctl_init+0x25/0x29
[    0.058834]  [<c1003042>] do_one_initcall+0x32/0x1a0
[    0.058836]  [<c1746d23>] ? sysctl_init+0x0/0x29
[    0.058838]  [<c17308e7>] kernel_init+0x12d/0x17a
[    0.058839]  [<c17307ba>] ? kernel_init+0x0/0x17a
[    0.058841]  [<c1009b07>] kernel_thread_helper+0x7/0x10
[    0.058842] sysctl table check failed: /kernel/random/nb_reentry_count .1.40.12 Unknown sysctl binary path
[    0.059073] Pid: 1, comm: swapper Not tainted 2.6.32.57 #4
[    0.059073] Call Trace:
[    0.059075]  [<c14a8a0e>] ? printk+0x1d/0x1f
[    0.059076]  [<c107b56f>] set_fail+0x4f/0x60
[    0.059078]  [<c107b8b3>] sysctl_check_table+0x333/0x620
[    0.059079]  [<c107b8cc>] sysctl_check_table+0x34c/0x620
[    0.059081]  [<c107b8cc>] sysctl_check_table+0x34c/0x620
[    0.059083]  [<c1746d48>] sysctl_init+0x25/0x29
[    0.059084]  [<c1003042>] do_one_initcall+0x32/0x1a0
[    0.059086]  [<c1746d23>] ? sysctl_init+0x0/0x29
[    0.059088]  [<c17308e7>] kernel_init+0x12d/0x17a
[    0.059089]  [<c17307ba>] ? kernel_init+0x0/0x17a
[    0.059091]  [<c1009b07>] kernel_thread_helper+0x7/0x10
[    0.059229] RANDOM - __seed init called.
[    0.059230] RANDOM - __seed init called.
[    0.059231] RANDOM - __seed init called.
[    0.059232] RANDOM - __random32 called. Change num 1.  Value: 7576a435	efb61e22	b7f78320
[    0.059233] RANDOM - __random32 called. Change num 2.  Value: 6a43543e	fb61e228	6410973
[    0.059235] RANDOM - __random32 called. Change num 3.  Value: 3543e018	b61e228b	12e68928
[    0.059236] RANDOM - __random32 called. Change num 4.  Value: 3e018928	61e228b7	1250ba58
[    0.059237] RANDOM - __random32 called. Change num 5.  Value: 189281e4	1e228b73	74b01aad
[    0.059238] RANDOM - __random32 called. Change num 6.  Value: 281e4915	e228b733	355a2619
[    0.059240] RANDOM - random32 init called.  Value: 281e4915	e228b733	355a2619
[    0.059245] regulator: core version 0.5
[    0.059304] Time: 23:53:51  Date: 05/24/13
[    0.059338] NET: Registered protocol family 16
[    0.059398] EISA bus registered
[    0.060132] ACPI: bus type pci registered
[    0.060252] PCI: MCFG configuration 0: base e0000000 segment 0 buses 0 - 255
[    0.060254] PCI: MCFG area at e0000000 reserved in E820
[    0.060255] PCI: Using MMCONFIG for extended config space
[    0.060256] PCI: Using configuration type 1 for base access
[    0.060696] bio: create slab <bio-0> at 0
[    0.061917] ACPI: EC: Look up EC in DSDT
[    0.098298] ACPI: BIOS _OSI(Linux) query ignored
[    0.104025] ACPI: Interpreter enabled
[    0.104029] ACPI: (supports S0 S1 S4 S5)
[    0.104040] ACPI: Using PIC for interrupt routing
[    0.185333] ACPI: No dock devices found.
[    0.186174] ACPI: PCI Root Bridge [PCI0] (0000:00)
[    0.187755] pci 0000:00:07.1: reg 20 io port: [0x10c0-0x10cf]
[    0.188269] pci 0000:00:07.3: quirk: region 1000-103f claimed by PIIX4 ACPI
[    0.188281] pci 0000:00:07.3: quirk: region 1040-104f claimed by PIIX4 SMB
[    0.188841] pci 0000:00:07.7: reg 10 io port: [0x1080-0x10bf]
[    0.189242] pci 0000:00:07.7: reg 14 64bit mmio: [0xc8000000-0xc8001fff]
[    0.190617] pci 0000:00:0f.0: reg 10 io port: [0x10d0-0x10df]
[    0.190657] pci 0000:00:0f.0: reg 14 32bit mmio pref: [0xd0000000-0xd7ffffff]
[    0.190695] pci 0000:00:0f.0: reg 18 32bit mmio: [0xc8800000-0xc8ffffff]
[    0.190841] pci 0000:00:0f.0: reg 30 32bit mmio pref: [0x000000-0x007fff]
[    0.191387] pci 0000:00:10.0: reg 10 io port: [0x1400-0x14ff]
[    0.191782] pci 0000:00:10.0: reg 14 64bit mmio: [0xc8040000-0xc805ffff]
[    0.192156] pci 0000:00:10.0: reg 1c 64bit mmio: [0xc8020000-0xc803ffff]
[    0.192231] pci 0000:00:10.0: reg 30 32bit mmio pref: [0x000000-0x003fff]
[    0.193574] pci 0000:00:15.0: PME# supported from D0 D3hot D3cold
[    0.193594] pci 0000:00:15.0: PME# disabled
[    0.194419] pci 0000:00:15.1: PME# supported from D0 D3hot D3cold
[    0.194437] pci 0000:00:15.1: PME# disabled
[    0.195256] pci 0000:00:15.2: PME# supported from D0 D3hot D3cold
[    0.195275] pci 0000:00:15.2: PME# disabled
[    0.196112] pci 0000:00:15.3: PME# supported from D0 D3hot D3cold
[    0.196132] pci 0000:00:15.3: PME# disabled
[    0.196952] pci 0000:00:15.4: PME# supported from D0 D3hot D3cold
[    0.196973] pci 0000:00:15.4: PME# disabled
[    0.197781] pci 0000:00:15.5: PME# supported from D0 D3hot D3cold
[    0.197799] pci 0000:00:15.5: PME# disabled
[    0.198615] pci 0000:00:15.6: PME# supported from D0 D3hot D3cold
[    0.198634] pci 0000:00:15.6: PME# disabled
[    0.199455] pci 0000:00:15.7: PME# supported from D0 D3hot D3cold
[    0.199474] pci 0000:00:15.7: PME# disabled
[    0.200313] pci 0000:00:16.0: PME# supported from D0 D3hot D3cold
[    0.200331] pci 0000:00:16.0: PME# disabled
[    0.201165] pci 0000:00:16.1: PME# supported from D0 D3hot D3cold
[    0.201184] pci 0000:00:16.1: PME# disabled
[    0.202029] pci 0000:00:16.2: PME# supported from D0 D3hot D3cold
[    0.202048] pci 0000:00:16.2: PME# disabled
[    0.202844] pci 0000:00:16.3: PME# supported from D0 D3hot D3cold
[    0.202863] pci 0000:00:16.3: PME# disabled
[    0.203691] pci 0000:00:16.4: PME# supported from D0 D3hot D3cold
[    0.203710] pci 0000:00:16.4: PME# disabled
[    0.204533] pci 0000:00:16.5: PME# supported from D0 D3hot D3cold
[    0.204551] pci 0000:00:16.5: PME# disabled
[    0.205397] pci 0000:00:16.6: PME# supported from D0 D3hot D3cold
[    0.205415] pci 0000:00:16.6: PME# disabled
[    0.206247] pci 0000:00:16.7: PME# supported from D0 D3hot D3cold
[    0.206266] pci 0000:00:16.7: PME# disabled
[    0.207090] pci 0000:00:17.0: PME# supported from D0 D3hot D3cold
[    0.207109] pci 0000:00:17.0: PME# disabled
[    0.207931] pci 0000:00:17.1: PME# supported from D0 D3hot D3cold
[    0.207960] pci 0000:00:17.1: PME# disabled
[    0.208756] pci 0000:00:17.2: PME# supported from D0 D3hot D3cold
[    0.208775] pci 0000:00:17.2: PME# disabled
[    0.209694] pci 0000:00:17.3: PME# supported from D0 D3hot D3cold
[    0.209715] pci 0000:00:17.3: PME# disabled
[    0.210860] pci 0000:00:17.4: PME# supported from D0 D3hot D3cold
[    0.210880] pci 0000:00:17.4: PME# disabled
[    0.211756] pci 0000:00:17.5: PME# supported from D0 D3hot D3cold
[    0.211777] pci 0000:00:17.5: PME# disabled
[    0.212632] pci 0000:00:17.6: PME# supported from D0 D3hot D3cold
[    0.212652] pci 0000:00:17.6: PME# disabled
[    0.213544] pci 0000:00:17.7: PME# supported from D0 D3hot D3cold
[    0.213564] pci 0000:00:17.7: PME# disabled
[    0.214425] pci 0000:00:18.0: PME# supported from D0 D3hot D3cold
[    0.214445] pci 0000:00:18.0: PME# disabled
[    0.215299] pci 0000:00:18.1: PME# supported from D0 D3hot D3cold
[    0.215319] pci 0000:00:18.1: PME# disabled
[    0.216185] pci 0000:00:18.2: PME# supported from D0 D3hot D3cold
[    0.216205] pci 0000:00:18.2: PME# disabled
[    0.217085] pci 0000:00:18.3: PME# supported from D0 D3hot D3cold
[    0.217105] pci 0000:00:18.3: PME# disabled
[    0.217915] pci 0000:00:18.4: PME# supported from D0 D3hot D3cold
[    0.217935] pci 0000:00:18.4: PME# disabled
[    0.218775] pci 0000:00:18.5: PME# supported from D0 D3hot D3cold
[    0.218794] pci 0000:00:18.5: PME# disabled
[    0.219609] pci 0000:00:18.6: PME# supported from D0 D3hot D3cold
[    0.219628] pci 0000:00:18.6: PME# disabled
[    0.220479] pci 0000:00:18.7: PME# supported from D0 D3hot D3cold
[    0.220498] pci 0000:00:18.7: PME# disabled
[    0.221623] pci 0000:02:00.0: reg 20 io port: [0x20c0-0x20df]
[    0.222119] pci 0000:02:01.0: reg 10 io port: [0x2000-0x207f]
[    0.222336] pci 0000:02:01.0: reg 30 32bit mmio pref: [0x000000-0x00ffff]
[    0.222890] pci 0000:02:02.0: reg 10 io port: [0x2080-0x20bf]
[    0.223476] pci 0000:02:03.0: reg 10 32bit mmio: [0xc9000000-0xc9000fff]
[    0.224058] pci 0000:00:11.0: transparent bridge
[    0.224078] pci 0000:00:11.0: bridge io port: [0x2000-0x3fff]
[    0.224098] pci 0000:00:11.0: bridge 32bit mmio: [0xc9000000-0xca3fffff]
[    0.224136] pci 0000:00:11.0: bridge 64bit mmio pref: [0xd8400000-0xd89fffff]
[    0.224495] pci 0000:00:15.0: bridge io port: [0x4000-0x4fff]
[    0.224515] pci 0000:00:15.0: bridge 32bit mmio: [0xca400000-0xca4fffff]
[    0.224553] pci 0000:00:15.0: bridge 64bit mmio pref: [0xd8a00000-0xd8afffff]
[    0.224936] pci 0000:00:15.1: bridge io port: [0x8000-0x8fff]
[    0.224955] pci 0000:00:15.1: bridge 32bit mmio: [0xca800000-0xca8fffff]
[    0.224991] pci 0000:00:15.1: bridge 64bit mmio pref: [0xd8e00000-0xd8efffff]
[    0.225328] pci 0000:00:15.2: bridge io port: [0xc000-0xcfff]
[    0.225347] pci 0000:00:15.2: bridge 32bit mmio: [0xcac00000-0xcacfffff]
[    0.225382] pci 0000:00:15.2: bridge 64bit mmio pref: [0xd9200000-0xd92fffff]
[    0.225739] pci 0000:00:15.3: bridge 32bit mmio: [0xcb000000-0xcb0fffff]
[    0.225774] pci 0000:00:15.3: bridge 64bit mmio pref: [0xd9600000-0xd96fffff]
[    0.226158] pci 0000:00:15.4: bridge 32bit mmio: [0xcb400000-0xcb4fffff]
[    0.226193] pci 0000:00:15.4: bridge 64bit mmio pref: [0xd9a00000-0xd9afffff]
[    0.226543] pci 0000:00:15.5: bridge 32bit mmio: [0xcb800000-0xcb8fffff]
[    0.226578] pci 0000:00:15.5: bridge 64bit mmio pref: [0xd9e00000-0xd9efffff]
[    0.226947] pci 0000:00:15.6: bridge 32bit mmio: [0xcbc00000-0xcbcfffff]
[    0.226985] pci 0000:00:15.6: bridge 64bit mmio pref: [0xda200000-0xda2fffff]
[    0.227348] pci 0000:00:15.7: bridge 32bit mmio: [0xcc000000-0xcc0fffff]
[    0.227384] pci 0000:00:15.7: bridge 64bit mmio pref: [0xda600000-0xda6fffff]
[    0.227725] pci 0000:00:16.0: bridge io port: [0x5000-0x5fff]
[    0.227744] pci 0000:00:16.0: bridge 32bit mmio: [0xca500000-0xca5fffff]
[    0.227780] pci 0000:00:16.0: bridge 64bit mmio pref: [0xd8b00000-0xd8bfffff]
[    0.228140] pci 0000:00:16.1: bridge io port: [0x9000-0x9fff]
[    0.228159] pci 0000:00:16.1: bridge 32bit mmio: [0xca900000-0xca9fffff]
[    0.228194] pci 0000:00:16.1: bridge 64bit mmio pref: [0xd8f00000-0xd8ffffff]
[    0.228527] pci 0000:00:16.2: bridge io port: [0xd000-0xdfff]
[    0.228545] pci 0000:00:16.2: bridge 32bit mmio: [0xcad00000-0xcadfffff]
[    0.228581] pci 0000:00:16.2: bridge 64bit mmio pref: [0xd9300000-0xd93fffff]
[    0.228994] pci 0000:00:16.3: bridge 32bit mmio: [0xcb100000-0xcb1fffff]
[    0.229034] pci 0000:00:16.3: bridge 64bit mmio pref: [0xd9700000-0xd97fffff]
[    0.229417] pci 0000:00:16.4: bridge 32bit mmio: [0xcb500000-0xcb5fffff]
[    0.229455] pci 0000:00:16.4: bridge 64bit mmio pref: [0xd9b00000-0xd9bfffff]
[    0.229831] pci 0000:00:16.5: bridge 32bit mmio: [0xcb900000-0xcb9fffff]
[    0.229900] pci 0000:00:16.5: bridge 64bit mmio pref: [0xd9f00000-0xd9ffffff]
[    0.230264] pci 0000:00:16.6: bridge 32bit mmio: [0xcbd00000-0xcbdfffff]
[    0.230300] pci 0000:00:16.6: bridge 64bit mmio pref: [0xda300000-0xda3fffff]
[    0.230648] pci 0000:00:16.7: bridge 32bit mmio: [0xcc100000-0xcc1fffff]
[    0.230684] pci 0000:00:16.7: bridge 64bit mmio pref: [0xda700000-0xda7fffff]
[    0.231042] pci 0000:00:17.0: bridge io port: [0x6000-0x6fff]
[    0.231061] pci 0000:00:17.0: bridge 32bit mmio: [0xca600000-0xca6fffff]
[    0.231096] pci 0000:00:17.0: bridge 64bit mmio pref: [0xd8c00000-0xd8cfffff]
[    0.231428] pci 0000:00:17.1: bridge io port: [0xa000-0xafff]
[    0.231447] pci 0000:00:17.1: bridge 32bit mmio: [0xcaa00000-0xcaafffff]
[    0.231482] pci 0000:00:17.1: bridge 64bit mmio pref: [0xd9000000-0xd90fffff]
[    0.231824] pci 0000:00:17.2: bridge io port: [0xe000-0xefff]
[    0.231842] pci 0000:00:17.2: bridge 32bit mmio: [0xcae00000-0xcaefffff]
[    0.231887] pci 0000:00:17.2: bridge 64bit mmio pref: [0xd9400000-0xd94fffff]
[    0.232257] pci 0000:00:17.3: bridge 32bit mmio: [0xcb200000-0xcb2fffff]
[    0.232292] pci 0000:00:17.3: bridge 64bit mmio pref: [0xd9800000-0xd98fffff]
[    0.232643] pci 0000:00:17.4: bridge 32bit mmio: [0xcb600000-0xcb6fffff]
[    0.232678] pci 0000:00:17.4: bridge 64bit mmio pref: [0xd9c00000-0xd9cfffff]
[    0.233050] pci 0000:00:17.5: bridge 32bit mmio: [0xcba00000-0xcbafffff]
[    0.233086] pci 0000:00:17.5: bridge 64bit mmio pref: [0xda000000-0xda0fffff]
[    0.233435] pci 0000:00:17.6: bridge 32bit mmio: [0xcbe00000-0xcbefffff]
[    0.233470] pci 0000:00:17.6: bridge 64bit mmio pref: [0xda400000-0xda4fffff]
[    0.233820] pci 0000:00:17.7: bridge 32bit mmio: [0xcc200000-0xcc2fffff]
[    0.233855] pci 0000:00:17.7: bridge 64bit mmio pref: [0xda800000-0xda8fffff]
[    0.234213] pci 0000:00:18.0: bridge io port: [0x7000-0x7fff]
[    0.234232] pci 0000:00:18.0: bridge 32bit mmio: [0xca700000-0xca7fffff]
[    0.234268] pci 0000:00:18.0: bridge 64bit mmio pref: [0xd8d00000-0xd8dfffff]
[    0.234599] pci 0000:00:18.1: bridge io port: [0xb000-0xbfff]
[    0.234618] pci 0000:00:18.1: bridge 32bit mmio: [0xcab00000-0xcabfffff]
[    0.234653] pci 0000:00:18.1: bridge 64bit mmio pref: [0xd9100000-0xd91fffff]
[    0.235012] pci 0000:00:18.2: bridge io port: [0xf000-0xffff]
[    0.235031] pci 0000:00:18.2: bridge 32bit mmio: [0xcaf00000-0xcaffffff]
[    0.235067] pci 0000:00:18.2: bridge 64bit mmio pref: [0xd9500000-0xd95fffff]
[    0.235416] pci 0000:00:18.3: bridge 32bit mmio: [0xcb300000-0xcb3fffff]
[    0.235451] pci 0000:00:18.3: bridge 64bit mmio pref: [0xd9900000-0xd99fffff]
[    0.235811] pci 0000:00:18.4: bridge 32bit mmio: [0xcb700000-0xcb7fffff]
[    0.235847] pci 0000:00:18.4: bridge 64bit mmio pref: [0xd9d00000-0xd9dfffff]
[    0.236229] pci 0000:00:18.5: bridge 32bit mmio: [0xcbb00000-0xcbbfffff]
[    0.236265] pci 0000:00:18.5: bridge 64bit mmio pref: [0xda100000-0xda1fffff]
[    0.236615] pci 0000:00:18.6: bridge 32bit mmio: [0xcbf00000-0xcbffffff]
[    0.236650] pci 0000:00:18.6: bridge 64bit mmio pref: [0xda500000-0xda5fffff]
[    0.237060] pci 0000:00:18.7: bridge 32bit mmio: [0xcc300000-0xcc3fffff]
[    0.237099] pci 0000:00:18.7: bridge 64bit mmio pref: [0xda900000-0xda9fffff]
[    0.238592] pci_bus 0000:00: on NUMA node 0
[    0.238599] ACPI: PCI Interrupt Routing Table [\_SB_.PCI0._PRT]
[    0.457650] ACPI: PCI Interrupt Link [LNKA] (IRQs 3 4 5 6 7 *9 10 11 14 15)
[    0.457796] ACPI: PCI Interrupt Link [LNKB] (IRQs 3 4 5 6 7 9 10 *11 14 15)
[    0.457936] ACPI: PCI Interrupt Link [LNKC] (IRQs 3 4 5 6 7 9 *10 11 14 15)
[    0.458075] ACPI: PCI Interrupt Link [LNKD] (IRQs 3 4 *5 6 7 9 10 11 14 15)
[    0.458200] vgaarb: device added: PCI:0000:00:0f.0,decodes=io+mem,owns=io+mem,locks=none
[    0.458209] vgaarb: loaded
[    0.458293] SCSI subsystem initialized
[    0.458334] libata version 3.00 loaded.
[    0.458372] usbcore: registered new interface driver usbfs
[    0.458383] usbcore: registered new interface driver hub
[    0.458397] usbcore: registered new device driver usb
[    0.458460] PCI: Using ACPI for IRQ routing
[    0.459381] NetLabel: Initializing
[    0.459382] NetLabel:  domain hash size = 128
[    0.459384] NetLabel:  protocols = UNLABELED CIPSOv4
[    0.459391] NetLabel:  unlabeled traffic allowed by default
[    0.459447] hpet0: at MMIO 0xfed00000, IRQs 2, 8, 0, 0, 0, 0, 0, 0, 0, 0, 0, 0, 0, 0, 0, 0
[    0.459453] hpet0: 16 comparators, 64-bit 14.318180 MHz counter
[    0.461468] Switching to clocksource tsc
[    0.468515] pnp: PnP ACPI init
[    0.468545] ACPI: bus type pnp registered
[    0.510964] pnp: PnP ACPI: found 14 devices
[    0.510966] ACPI: ACPI bus type pnp unregistered
[    0.510970] PnPBIOS: Disabled by ACPI PNP
[    0.510981] system 00:01: ioport range 0x1000-0x103f has been reserved
[    0.510983] system 00:01: ioport range 0x1040-0x104f has been reserved
[    0.510985] system 00:01: ioport range 0xcf0-0xcf1 has been reserved
[    0.510991] system 00:08: iomem range 0xfed00000-0xfed003ff has been reserved
[    0.510995] system 00:0d: ioport range 0x1060-0x107f has been reserved
[    0.510998] system 00:0d: iomem range 0xe0000000-0xefffffff has been reserved
[    0.510999] system 00:0d: iomem range 0xc8200000-0xc83fffff has been reserved
[    0.545626] pci 0000:00:15.3: BAR 13: can't allocate I/O resource [0x10000-0xffff]
[    0.545631] pci 0000:00:15.4: BAR 13: can't allocate I/O resource [0x10000-0xffff]
[    0.545634] pci 0000:00:15.5: BAR 13: can't allocate I/O resource [0x10000-0xffff]
[    0.545637] pci 0000:00:15.6: BAR 13: can't allocate I/O resource [0x10000-0xffff]
[    0.545640] pci 0000:00:15.7: BAR 13: can't allocate I/O resource [0x10000-0xffff]
[    0.545643] pci 0000:00:16.3: BAR 13: can't allocate I/O resource [0x10000-0xffff]
[    0.545645] pci 0000:00:16.4: BAR 13: can't allocate I/O resource [0x10000-0xffff]
[    0.545648] pci 0000:00:16.5: BAR 13: can't allocate I/O resource [0x10000-0xffff]
[    0.545651] pci 0000:00:16.6: BAR 13: can't allocate I/O resource [0x10000-0xffff]
[    0.545654] pci 0000:00:16.7: BAR 13: can't allocate I/O resource [0x10000-0xffff]
[    0.545657] pci 0000:00:17.3: BAR 13: can't allocate I/O resource [0x10000-0xffff]
[    0.545660] pci 0000:00:17.4: BAR 13: can't allocate I/O resource [0x10000-0xffff]
[    0.545662] pci 0000:00:17.5: BAR 13: can't allocate I/O resource [0x10000-0xffff]
[    0.545665] pci 0000:00:17.6: BAR 13: can't allocate I/O resource [0x10000-0xffff]
[    0.545668] pci 0000:00:17.7: BAR 13: can't allocate I/O resource [0x10000-0xffff]
[    0.545671] pci 0000:00:18.3: BAR 13: can't allocate I/O resource [0x10000-0xffff]
[    0.545674] pci 0000:00:18.4: BAR 13: can't allocate I/O resource [0x10000-0xffff]
[    0.545676] pci 0000:00:18.5: BAR 13: can't allocate I/O resource [0x10000-0xffff]
[    0.545679] pci 0000:00:18.6: BAR 13: can't allocate I/O resource [0x10000-0xffff]
[    0.545682] pci 0000:00:18.7: BAR 13: can't allocate I/O resource [0x10000-0xffff]
[    0.545685] pci 0000:00:01.0: PCI bridge, secondary bus 0000:01
[    0.545686] pci 0000:00:01.0:   IO window: disabled
[    0.545716] pci 0000:00:01.0:   MEM window: disabled
[    0.545737] pci 0000:00:01.0:   PREFETCH window: disabled
[    0.545777] pci 0000:00:11.0: PCI bridge, secondary bus 0000:02
[    0.545789] pci 0000:00:11.0:   IO window: 0x2000-0x3fff
[    0.545818] pci 0000:00:11.0:   MEM window: 0xc9000000-0xca3fffff
[    0.545839] pci 0000:00:11.0:   PREFETCH window: 0x000000d8400000-0x000000d89fffff
[    0.545878] pci 0000:00:15.0: PCI bridge, secondary bus 0000:03
[    0.545889] pci 0000:00:15.0:   IO window: 0x4000-0x4fff
[    0.545919] pci 0000:00:15.0:   MEM window: 0xca400000-0xca4fffff
[    0.545939] pci 0000:00:15.0:   PREFETCH window: 0x000000d8a00000-0x000000d8afffff
[    0.545990] pci 0000:00:15.1: PCI bridge, secondary bus 0000:04
[    0.546002] pci 0000:00:15.1:   IO window: 0x8000-0x8fff
[    0.546032] pci 0000:00:15.1:   MEM window: 0xca800000-0xca8fffff
[    0.546052] pci 0000:00:15.1:   PREFETCH window: 0x000000d8e00000-0x000000d8efffff
[    0.546095] pci 0000:00:15.2: PCI bridge, secondary bus 0000:05
[    0.546107] pci 0000:00:15.2:   IO window: 0xc000-0xcfff
[    0.546137] pci 0000:00:15.2:   MEM window: 0xcac00000-0xcacfffff
[    0.546157] pci 0000:00:15.2:   PREFETCH window: 0x000000d9200000-0x000000d92fffff
[    0.546200] pci 0000:00:15.3: PCI bridge, secondary bus 0000:06
[    0.546201] pci 0000:00:15.3:   IO window: disabled
[    0.546231] pci 0000:00:15.3:   MEM window: 0xcb000000-0xcb0fffff
[    0.546252] pci 0000:00:15.3:   PREFETCH window: 0x000000d9600000-0x000000d96fffff
[    0.546294] pci 0000:00:15.4: PCI bridge, secondary bus 0000:07
[    0.546296] pci 0000:00:15.4:   IO window: disabled
[    0.546325] pci 0000:00:15.4:   MEM window: 0xcb400000-0xcb4fffff
[    0.546346] pci 0000:00:15.4:   PREFETCH window: 0x000000d9a00000-0x000000d9afffff
[    0.546388] pci 0000:00:15.5: PCI bridge, secondary bus 0000:08
[    0.546390] pci 0000:00:15.5:   IO window: disabled
[    0.546419] pci 0000:00:15.5:   MEM window: 0xcb800000-0xcb8fffff
[    0.546440] pci 0000:00:15.5:   PREFETCH window: 0x000000d9e00000-0x000000d9efffff
[    0.546482] pci 0000:00:15.6: PCI bridge, secondary bus 0000:09
[    0.546484] pci 0000:00:15.6:   IO window: disabled
[    0.546534] pci 0000:00:15.6:   MEM window: 0xcbc00000-0xcbcfffff
[    0.546563] pci 0000:00:15.6:   PREFETCH window: 0x000000da200000-0x000000da2fffff
[    0.546607] pci 0000:00:15.7: PCI bridge, secondary bus 0000:0a
[    0.546609] pci 0000:00:15.7:   IO window: disabled
[    0.546637] pci 0000:00:15.7:   MEM window: 0xcc000000-0xcc0fffff
[    0.546656] pci 0000:00:15.7:   PREFETCH window: 0x000000da600000-0x000000da6fffff
[    0.546696] pci 0000:00:16.0: PCI bridge, secondary bus 0000:0b
[    0.546708] pci 0000:00:16.0:   IO window: 0x5000-0x5fff
[    0.546735] pci 0000:00:16.0:   MEM window: 0xca500000-0xca5fffff
[    0.546755] pci 0000:00:16.0:   PREFETCH window: 0x000000d8b00000-0x000000d8bfffff
[    0.546794] pci 0000:00:16.1: PCI bridge, secondary bus 0000:0c
[    0.546805] pci 0000:00:16.1:   IO window: 0x9000-0x9fff
[    0.546833] pci 0000:00:16.1:   MEM window: 0xca900000-0xca9fffff
[    0.546852] pci 0000:00:16.1:   PREFETCH window: 0x000000d8f00000-0x000000d8ffffff
[    0.546892] pci 0000:00:16.2: PCI bridge, secondary bus 0000:0d
[    0.546903] pci 0000:00:16.2:   IO window: 0xd000-0xdfff
[    0.546930] pci 0000:00:16.2:   MEM window: 0xcad00000-0xcadfffff
[    0.546949] pci 0000:00:16.2:   PREFETCH window: 0x000000d9300000-0x000000d93fffff
[    0.546989] pci 0000:00:16.3: PCI bridge, secondary bus 0000:0e
[    0.546991] pci 0000:00:16.3:   IO window: disabled
[    0.547018] pci 0000:00:16.3:   MEM window: 0xcb100000-0xcb1fffff
[    0.547037] pci 0000:00:16.3:   PREFETCH window: 0x000000d9700000-0x000000d97fffff
[    0.547077] pci 0000:00:16.4: PCI bridge, secondary bus 0000:0f
[    0.547078] pci 0000:00:16.4:   IO window: disabled
[    0.547106] pci 0000:00:16.4:   MEM window: 0xcb500000-0xcb5fffff
[    0.547125] pci 0000:00:16.4:   PREFETCH window: 0x000000d9b00000-0x000000d9bfffff
[    0.547165] pci 0000:00:16.5: PCI bridge, secondary bus 0000:10
[    0.547166] pci 0000:00:16.5:   IO window: disabled
[    0.547194] pci 0000:00:16.5:   MEM window: 0xcb900000-0xcb9fffff
[    0.547213] pci 0000:00:16.5:   PREFETCH window: 0x000000d9f00000-0x000000d9ffffff
[    0.547252] pci 0000:00:16.6: PCI bridge, secondary bus 0000:11
[    0.547254] pci 0000:00:16.6:   IO window: disabled
[    0.547282] pci 0000:00:16.6:   MEM window: 0xcbd00000-0xcbdfffff
[    0.547301] pci 0000:00:16.6:   PREFETCH window: 0x000000da300000-0x000000da3fffff
[    0.547340] pci 0000:00:16.7: PCI bridge, secondary bus 0000:12
[    0.547342] pci 0000:00:16.7:   IO window: disabled
[    0.547369] pci 0000:00:16.7:   MEM window: 0xcc100000-0xcc1fffff
[    0.547389] pci 0000:00:16.7:   PREFETCH window: 0x000000da700000-0x000000da7fffff
[    0.547428] pci 0000:00:17.0: PCI bridge, secondary bus 0000:13
[    0.547439] pci 0000:00:17.0:   IO window: 0x6000-0x6fff
[    0.547467] pci 0000:00:17.0:   MEM window: 0xca600000-0xca6fffff
[    0.547486] pci 0000:00:17.0:   PREFETCH window: 0x000000d8c00000-0x000000d8cfffff
[    0.547544] pci 0000:00:17.1: PCI bridge, secondary bus 0000:14
[    0.547556] pci 0000:00:17.1:   IO window: 0xa000-0xafff
[    0.547593] pci 0000:00:17.1:   MEM window: 0xcaa00000-0xcaafffff
[    0.547612] pci 0000:00:17.1:   PREFETCH window: 0x000000d9000000-0x000000d90fffff
[    0.547652] pci 0000:00:17.2: PCI bridge, secondary bus 0000:15
[    0.547663] pci 0000:00:17.2:   IO window: 0xe000-0xefff
[    0.547690] pci 0000:00:17.2:   MEM window: 0xcae00000-0xcaefffff
[    0.547709] pci 0000:00:17.2:   PREFETCH window: 0x000000d9400000-0x000000d94fffff
[    0.547749] pci 0000:00:17.3: PCI bridge, secondary bus 0000:16
[    0.547750] pci 0000:00:17.3:   IO window: disabled
[    0.547778] pci 0000:00:17.3:   MEM window: 0xcb200000-0xcb2fffff
[    0.547797] pci 0000:00:17.3:   PREFETCH window: 0x000000d9800000-0x000000d98fffff
[    0.547836] pci 0000:00:17.4: PCI bridge, secondary bus 0000:17
[    0.547838] pci 0000:00:17.4:   IO window: disabled
[    0.547865] pci 0000:00:17.4:   MEM window: 0xcb600000-0xcb6fffff
[    0.547885] pci 0000:00:17.4:   PREFETCH window: 0x000000d9c00000-0x000000d9cfffff
[    0.547924] pci 0000:00:17.5: PCI bridge, secondary bus 0000:18
[    0.547926] pci 0000:00:17.5:   IO window: disabled
[    0.547953] pci 0000:00:17.5:   MEM window: 0xcba00000-0xcbafffff
[    0.547972] pci 0000:00:17.5:   PREFETCH window: 0x000000da000000-0x000000da0fffff
[    0.548012] pci 0000:00:17.6: PCI bridge, secondary bus 0000:19
[    0.548013] pci 0000:00:17.6:   IO window: disabled
[    0.548041] pci 0000:00:17.6:   MEM window: 0xcbe00000-0xcbefffff
[    0.548060] pci 0000:00:17.6:   PREFETCH window: 0x000000da400000-0x000000da4fffff
[    0.548099] pci 0000:00:17.7: PCI bridge, secondary bus 0000:1a
[    0.548101] pci 0000:00:17.7:   IO window: disabled
[    0.548128] pci 0000:00:17.7:   MEM window: 0xcc200000-0xcc2fffff
[    0.548147] pci 0000:00:17.7:   PREFETCH window: 0x000000da800000-0x000000da8fffff
[    0.548187] pci 0000:00:18.0: PCI bridge, secondary bus 0000:1b
[    0.548198] pci 0000:00:18.0:   IO window: 0x7000-0x7fff
[    0.548225] pci 0000:00:18.0:   MEM window: 0xca700000-0xca7fffff
[    0.548244] pci 0000:00:18.0:   PREFETCH window: 0x000000d8d00000-0x000000d8dfffff
[    0.548284] pci 0000:00:18.1: PCI bridge, secondary bus 0000:1c
[    0.548295] pci 0000:00:18.1:   IO window: 0xb000-0xbfff
[    0.548322] pci 0000:00:18.1:   MEM window: 0xcab00000-0xcabfffff
[    0.548341] pci 0000:00:18.1:   PREFETCH window: 0x000000d9100000-0x000000d91fffff
[    0.548381] pci 0000:00:18.2: PCI bridge, secondary bus 0000:1d
[    0.548392] pci 0000:00:18.2:   IO window: 0xf000-0xffff
[    0.548419] pci 0000:00:18.2:   MEM window: 0xcaf00000-0xcaffffff
[    0.548438] pci 0000:00:18.2:   PREFETCH window: 0x000000d9500000-0x000000d95fffff
[    0.548477] pci 0000:00:18.3: PCI bridge, secondary bus 0000:1e
[    0.548479] pci 0000:00:18.3:   IO window: disabled
[    0.548523] pci 0000:00:18.3:   MEM window: 0xcb300000-0xcb3fffff
[    0.548551] pci 0000:00:18.3:   PREFETCH window: 0x000000d9900000-0x000000d99fffff
[    0.548591] pci 0000:00:18.4: PCI bridge, secondary bus 0000:1f
[    0.548592] pci 0000:00:18.4:   IO window: disabled
[    0.548620] pci 0000:00:18.4:   MEM window: 0xcb700000-0xcb7fffff
[    0.548639] pci 0000:00:18.4:   PREFETCH window: 0x000000d9d00000-0x000000d9dfffff
[    0.548678] pci 0000:00:18.5: PCI bridge, secondary bus 0000:20
[    0.548680] pci 0000:00:18.5:   IO window: disabled
[    0.548707] pci 0000:00:18.5:   MEM window: 0xcbb00000-0xcbbfffff
[    0.548726] pci 0000:00:18.5:   PREFETCH window: 0x000000da100000-0x000000da1fffff
[    0.548765] pci 0000:00:18.6: PCI bridge, secondary bus 0000:21
[    0.548767] pci 0000:00:18.6:   IO window: disabled
[    0.548794] pci 0000:00:18.6:   MEM window: 0xcbf00000-0xcbffffff
[    0.548813] pci 0000:00:18.6:   PREFETCH window: 0x000000da500000-0x000000da5fffff
[    0.548853] pci 0000:00:18.7: PCI bridge, secondary bus 0000:22
[    0.548854] pci 0000:00:18.7:   IO window: disabled
[    0.548882] pci 0000:00:18.7:   MEM window: 0xcc300000-0xcc3fffff
[    0.548901] pci 0000:00:18.7:   PREFETCH window: 0x000000da900000-0x000000da9fffff
[    0.548968] pci 0000:00:01.0: setting latency timer to 64
[    0.549035] pci 0000:00:15.0: setting latency timer to 64
[    0.549098] pci 0000:00:15.1: setting latency timer to 64
[    0.549159] pci 0000:00:15.2: setting latency timer to 64
[    0.549221] pci 0000:00:15.3: setting latency timer to 64
[    0.549283] pci 0000:00:15.4: setting latency timer to 64
[    0.549345] pci 0000:00:15.5: setting latency timer to 64
[    0.549414] pci 0000:00:15.6: setting latency timer to 64
[    0.549537] pci 0000:00:15.7: setting latency timer to 64
[    0.549604] pci 0000:00:16.0: setting latency timer to 64
[    0.549671] pci 0000:00:16.1: setting latency timer to 64
[    0.549739] pci 0000:00:16.2: setting latency timer to 64
[    0.549805] pci 0000:00:16.3: setting latency timer to 64
[    0.549872] pci 0000:00:16.4: setting latency timer to 64
[    0.549938] pci 0000:00:16.5: setting latency timer to 64
[    0.550005] pci 0000:00:16.6: setting latency timer to 64
[    0.550071] pci 0000:00:16.7: setting latency timer to 64
[    0.550137] pci 0000:00:17.0: setting latency timer to 64
[    0.550204] pci 0000:00:17.1: setting latency timer to 64
[    0.550270] pci 0000:00:17.2: setting latency timer to 64
[    0.550336] pci 0000:00:17.3: setting latency timer to 64
[    0.550403] pci 0000:00:17.4: setting latency timer to 64
[    0.550470] pci 0000:00:17.5: setting latency timer to 64
[    0.550536] pci 0000:00:17.6: setting latency timer to 64
[    0.550603] pci 0000:00:17.7: setting latency timer to 64
[    0.550669] pci 0000:00:18.0: setting latency timer to 64
[    0.550736] pci 0000:00:18.1: setting latency timer to 64
[    0.550802] pci 0000:00:18.2: setting latency timer to 64
[    0.550869] pci 0000:00:18.3: setting latency timer to 64
[    0.550936] pci 0000:00:18.4: setting latency timer to 64
[    0.551002] pci 0000:00:18.5: setting latency timer to 64
[    0.551069] pci 0000:00:18.6: setting latency timer to 64
[    0.551135] pci 0000:00:18.7: setting latency timer to 64
[    0.551147] pci_bus 0000:00: resource 0 io:  [0x00-0xffff]
[    0.551150] pci_bus 0000:00: resource 1 mem: [0x000000-0xffffffffffffffff]
[    0.551152] pci_bus 0000:02: resource 0 io:  [0x2000-0x3fff]
[    0.551154] pci_bus 0000:02: resource 1 mem: [0xc9000000-0xca3fffff]
[    0.551156] pci_bus 0000:02: resource 2 pref mem [0xd8400000-0xd89fffff]
[    0.551158] pci_bus 0000:02: resource 3 io:  [0x00-0xffff]
[    0.551160] pci_bus 0000:02: resource 4 mem: [0x000000-0xffffffffffffffff]
[    0.551163] pci_bus 0000:03: resource 0 io:  [0x4000-0x4fff]
[    0.551164] pci_bus 0000:03: resource 1 mem: [0xca400000-0xca4fffff]
[    0.551166] pci_bus 0000:03: resource 2 pref mem [0xd8a00000-0xd8afffff]
[    0.551168] pci_bus 0000:04: resource 0 io:  [0x8000-0x8fff]
[    0.551170] pci_bus 0000:04: resource 1 mem: [0xca800000-0xca8fffff]
[    0.551172] pci_bus 0000:04: resource 2 pref mem [0xd8e00000-0xd8efffff]
[    0.551174] pci_bus 0000:05: resource 0 io:  [0xc000-0xcfff]
[    0.551176] pci_bus 0000:05: resource 1 mem: [0xcac00000-0xcacfffff]
[    0.551178] pci_bus 0000:05: resource 2 pref mem [0xd9200000-0xd92fffff]
[    0.551180] pci_bus 0000:06: resource 1 mem: [0xcb000000-0xcb0fffff]
[    0.551182] pci_bus 0000:06: resource 2 pref mem [0xd9600000-0xd96fffff]
[    0.551184] pci_bus 0000:07: resource 1 mem: [0xcb400000-0xcb4fffff]
[    0.551186] pci_bus 0000:07: resource 2 pref mem [0xd9a00000-0xd9afffff]
[    0.551188] pci_bus 0000:08: resource 1 mem: [0xcb800000-0xcb8fffff]
[    0.551190] pci_bus 0000:08: resource 2 pref mem [0xd9e00000-0xd9efffff]
[    0.551191] pci_bus 0000:09: resource 1 mem: [0xcbc00000-0xcbcfffff]
[    0.551193] pci_bus 0000:09: resource 2 pref mem [0xda200000-0xda2fffff]
[    0.551195] pci_bus 0000:0a: resource 1 mem: [0xcc000000-0xcc0fffff]
[    0.551197] pci_bus 0000:0a: resource 2 pref mem [0xda600000-0xda6fffff]
[    0.551199] pci_bus 0000:0b: resource 0 io:  [0x5000-0x5fff]
[    0.551201] pci_bus 0000:0b: resource 1 mem: [0xca500000-0xca5fffff]
[    0.551203] pci_bus 0000:0b: resource 2 pref mem [0xd8b00000-0xd8bfffff]
[    0.551205] pci_bus 0000:0c: resource 0 io:  [0x9000-0x9fff]
[    0.551207] pci_bus 0000:0c: resource 1 mem: [0xca900000-0xca9fffff]
[    0.551209] pci_bus 0000:0c: resource 2 pref mem [0xd8f00000-0xd8ffffff]
[    0.551211] pci_bus 0000:0d: resource 0 io:  [0xd000-0xdfff]
[    0.551212] pci_bus 0000:0d: resource 1 mem: [0xcad00000-0xcadfffff]
[    0.551214] pci_bus 0000:0d: resource 2 pref mem [0xd9300000-0xd93fffff]
[    0.551216] pci_bus 0000:0e: resource 1 mem: [0xcb100000-0xcb1fffff]
[    0.551218] pci_bus 0000:0e: resource 2 pref mem [0xd9700000-0xd97fffff]
[    0.551220] pci_bus 0000:0f: resource 1 mem: [0xcb500000-0xcb5fffff]
[    0.551222] pci_bus 0000:0f: resource 2 pref mem [0xd9b00000-0xd9bfffff]
[    0.551224] pci_bus 0000:10: resource 1 mem: [0xcb900000-0xcb9fffff]
[    0.551226] pci_bus 0000:10: resource 2 pref mem [0xd9f00000-0xd9ffffff]
[    0.551228] pci_bus 0000:11: resource 1 mem: [0xcbd00000-0xcbdfffff]
[    0.551230] pci_bus 0000:11: resource 2 pref mem [0xda300000-0xda3fffff]
[    0.551232] pci_bus 0000:12: resource 1 mem: [0xcc100000-0xcc1fffff]
[    0.551234] pci_bus 0000:12: resource 2 pref mem [0xda700000-0xda7fffff]
[    0.551236] pci_bus 0000:13: resource 0 io:  [0x6000-0x6fff]
[    0.551238] pci_bus 0000:13: resource 1 mem: [0xca600000-0xca6fffff]
[    0.551240] pci_bus 0000:13: resource 2 pref mem [0xd8c00000-0xd8cfffff]
[    0.551241] pci_bus 0000:14: resource 0 io:  [0xa000-0xafff]
[    0.551243] pci_bus 0000:14: resource 1 mem: [0xcaa00000-0xcaafffff]
[    0.551245] pci_bus 0000:14: resource 2 pref mem [0xd9000000-0xd90fffff]
[    0.551247] pci_bus 0000:15: resource 0 io:  [0xe000-0xefff]
[    0.551249] pci_bus 0000:15: resource 1 mem: [0xcae00000-0xcaefffff]
[    0.551251] pci_bus 0000:15: resource 2 pref mem [0xd9400000-0xd94fffff]
[    0.551253] pci_bus 0000:16: resource 1 mem: [0xcb200000-0xcb2fffff]
[    0.551255] pci_bus 0000:16: resource 2 pref mem [0xd9800000-0xd98fffff]
[    0.551257] pci_bus 0000:17: resource 1 mem: [0xcb600000-0xcb6fffff]
[    0.551259] pci_bus 0000:17: resource 2 pref mem [0xd9c00000-0xd9cfffff]
[    0.551261] pci_bus 0000:18: resource 1 mem: [0xcba00000-0xcbafffff]
[    0.551263] pci_bus 0000:18: resource 2 pref mem [0xda000000-0xda0fffff]
[    0.551265] pci_bus 0000:19: resource 1 mem: [0xcbe00000-0xcbefffff]
[    0.551266] pci_bus 0000:19: resource 2 pref mem [0xda400000-0xda4fffff]
[    0.551268] pci_bus 0000:1a: resource 1 mem: [0xcc200000-0xcc2fffff]
[    0.551270] pci_bus 0000:1a: resource 2 pref mem [0xda800000-0xda8fffff]
[    0.551272] pci_bus 0000:1b: resource 0 io:  [0x7000-0x7fff]
[    0.551274] pci_bus 0000:1b: resource 1 mem: [0xca700000-0xca7fffff]
[    0.551276] pci_bus 0000:1b: resource 2 pref mem [0xd8d00000-0xd8dfffff]
[    0.551278] pci_bus 0000:1c: resource 0 io:  [0xb000-0xbfff]
[    0.551280] pci_bus 0000:1c: resource 1 mem: [0xcab00000-0xcabfffff]
[    0.551282] pci_bus 0000:1c: resource 2 pref mem [0xd9100000-0xd91fffff]
[    0.551284] pci_bus 0000:1d: resource 0 io:  [0xf000-0xffff]
[    0.551285] pci_bus 0000:1d: resource 1 mem: [0xcaf00000-0xcaffffff]
[    0.551287] pci_bus 0000:1d: resource 2 pref mem [0xd9500000-0xd95fffff]
[    0.551289] pci_bus 0000:1e: resource 1 mem: [0xcb300000-0xcb3fffff]
[    0.551291] pci_bus 0000:1e: resource 2 pref mem [0xd9900000-0xd99fffff]
[    0.551293] pci_bus 0000:1f: resource 1 mem: [0xcb700000-0xcb7fffff]
[    0.551295] pci_bus 0000:1f: resource 2 pref mem [0xd9d00000-0xd9dfffff]
[    0.551297] pci_bus 0000:20: resource 1 mem: [0xcbb00000-0xcbbfffff]
[    0.551299] pci_bus 0000:20: resource 2 pref mem [0xda100000-0xda1fffff]
[    0.551301] pci_bus 0000:21: resource 1 mem: [0xcbf00000-0xcbffffff]
[    0.551303] pci_bus 0000:21: resource 2 pref mem [0xda500000-0xda5fffff]
[    0.551305] pci_bus 0000:22: resource 1 mem: [0xcc300000-0xcc3fffff]
[    0.551307] pci_bus 0000:22: resource 2 pref mem [0xda900000-0xda9fffff]
[    0.551331] NET: Registered protocol family 2
[    0.551349] RANDOM - __random32 called. Change num 7.  Value: e4915c27	228b7335	4c33f162
[    0.551351] RANDOM - random32 called.  Value: e4915c27	228b7335	4c33f162
[    0.551358] random 0000 0000 0000 00000000 00000000: rand_read_num 2 get_random_bytes(4): sig fffffe1a 00000000 00000000
[    0.551361] random 0000 0000 0000 00000000 00000000: extract_entropy(.. 4 ..)
[    0.551364] random 0000 0000 0000 00000000 00000000: going to reseed nonblocking with 64 bits (32 of 0 requested)
[    0.551366] random 0000 0000 0000 00000000 00000000: extract_entropy(.. 8 ..)
[    0.551368] random 0000 0000 0000 00000000 00000000: trying to extract 64 bits from input
[    0.551370] random 0000 0000 0000 00000000 00000000: debiting 0 entropy credits from input
[    0.551373] random 0000 0000 0000 00000000 00000000: extract_entropy account returned: 0 
[    0.551376] random 0000 0000 0000 00000000 00000000: urand_change_num 3 xfer_secondary_pool(4): pool_sig fffffe1a, data_sig 00000000, bytes_mixed 0 00000000 00000000
[    0.551378] random 0000 0000 0000 00000000 00000000: trying to extract 32 bits from nonblocking
[    0.551381] random 0000 0000 0000 00000000 00000000: debiting 32 entropy credits from nonblocking (unlimited)
[    0.551383] random 0000 0000 0000 00000000 00000000: extract_entropy account returned: 4 
[    0.551387] random 0000 0000 0000 00000000 00000000: urand_change_num 4 extract_buf: pool_sig fffffe1a, data_sig fffffed7, bytes_mixed 20 00000000 00000000
[    0.551447] IP route cache hash table entries: 32768 (order: 5, 131072 bytes)
[    0.551514] RANDOM - __random32 called. Change num 8.  Value: 15c279e2	28b73354	e2c5b58f
[    0.551516] RANDOM - random32 called.  Value: 15c279e2	28b73354	e2c5b58f
[    0.551572] RANDOM - __random32 called. Change num 9.  Value: 279e2b5f	8b733545	6b1e9d03
[    0.551574] RANDOM - random32 called.  Value: 279e2b5f	8b733545	6b1e9d03
[    0.551577] RANDOM - __random32 called. Change num 10.  Value: e2b5fc5e	b7335453	3a067d4e
[    0.551579] RANDOM - random32 called.  Value: e2b5fc5e	b7335453	3a067d4e
[    0.551601] RANDOM - __random32 called. Change num 11.  Value: 5fc5eba7	73354535	fa9d46b2
[    0.551603] RANDOM - random32 called.  Value: 5fc5eba7	73354535	fa9d46b2
[    0.551612] TCP established hash table entries: 131072 (order: 8, 1048576 bytes)
[    0.551680] TCP bind hash table entries: 65536 (order: 7, 524288 bytes)
[    0.551747] TCP: Hash tables configured (established 131072 bind 65536)
[    0.551749] TCP reno registered
[    0.551785] NET: Registered protocol family 1
[    0.551793] pci 0000:00:00.0: Limiting direct PCI/PCI transfers
[    0.551812] pci 0000:00:0f.0: Boot video device
[    0.551951] Trying to unpack rootfs image as initramfs...
[    1.623857] Freeing initrd memory: 83430k freed
[    1.631890] Simple Boot Flag at 0x36 set to 0x1
[    1.631935] cpufreq-nforce2: No nForce2 chipset.
[    1.631948] Scanning for low memory corruption every 60 seconds
[    1.632060] audit: initializing netlink socket (disabled)
[    1.632069] type=2000 audit(1369439632.616:1): initialized
[    1.635955] highmem bounce pool size: 64 pages
[    1.635959] HugeTLB registered 2 MB page size, pre-allocated 0 pages
[    1.636051] VFS: Disk quotas dquot_6.5.2
[    1.636080] Dquot-cache hash table entries: 1024 (order 0, 4096 bytes)
[    1.636157] fuse init (API version 7.13)
[    1.636201] msgmni has been set to 1729
[    1.636463] alg: No test for stdrng (krng)
[    1.636495] Block layer SCSI generic (bsg) driver version 0.4 loaded (major 253)
[    1.636497] io scheduler noop registered
[    1.636499] io scheduler anticipatory registered
[    1.636501] io scheduler deadline registered
[    1.636520] io scheduler cfq registered (default)
[    1.636565]   alloc irq_desc for 24 on node -1
[    1.636567]   alloc kstat_irqs on node -1
[    1.636612] pcieport 0000:00:15.0: irq 24 for MSI/MSI-X
[    1.636657] pcieport 0000:00:15.0: setting latency timer to 64
[    1.636703]   alloc irq_desc for 25 on node -1
[    1.636705]   alloc kstat_irqs on node -1
[    1.636750] pcieport 0000:00:15.1: irq 25 for MSI/MSI-X
[    1.636795] pcieport 0000:00:15.1: setting latency timer to 64
[    1.636840]   alloc irq_desc for 26 on node -1
[    1.636842]   alloc kstat_irqs on node -1
[    1.636887] pcieport 0000:00:15.2: irq 26 for MSI/MSI-X
[    1.636933] pcieport 0000:00:15.2: setting latency timer to 64
[    1.636978]   alloc irq_desc for 27 on node -1
[    1.636980]   alloc kstat_irqs on node -1
[    1.637025] pcieport 0000:00:15.3: irq 27 for MSI/MSI-X
[    1.637070] pcieport 0000:00:15.3: setting latency timer to 64
[    1.637115]   alloc irq_desc for 28 on node -1
[    1.637117]   alloc kstat_irqs on node -1
[    1.637162] pcieport 0000:00:15.4: irq 28 for MSI/MSI-X
[    1.637208] pcieport 0000:00:15.4: setting latency timer to 64
[    1.637253]   alloc irq_desc for 29 on node -1
[    1.637255]   alloc kstat_irqs on node -1
[    1.637300] pcieport 0000:00:15.5: irq 29 for MSI/MSI-X
[    1.637345] pcieport 0000:00:15.5: setting latency timer to 64
[    1.637390]   alloc irq_desc for 30 on node -1
[    1.637392]   alloc kstat_irqs on node -1
[    1.637437] pcieport 0000:00:15.6: irq 30 for MSI/MSI-X
[    1.637483] pcieport 0000:00:15.6: setting latency timer to 64
[    1.637528]   alloc irq_desc for 31 on node -1
[    1.637530]   alloc kstat_irqs on node -1
[    1.637575] pcieport 0000:00:15.7: irq 31 for MSI/MSI-X
[    1.637620] pcieport 0000:00:15.7: setting latency timer to 64
[    1.637665]   alloc irq_desc for 32 on node -1
[    1.637667]   alloc kstat_irqs on node -1
[    1.637712] pcieport 0000:00:16.0: irq 32 for MSI/MSI-X
[    1.637758] pcieport 0000:00:16.0: setting latency timer to 64
[    1.637803]   alloc irq_desc for 33 on node -1
[    1.637805]   alloc kstat_irqs on node -1
[    1.637850] pcieport 0000:00:16.1: irq 33 for MSI/MSI-X
[    1.637895] pcieport 0000:00:16.1: setting latency timer to 64
[    1.637940]   alloc irq_desc for 34 on node -1
[    1.637942]   alloc kstat_irqs on node -1
[    1.637987] pcieport 0000:00:16.2: irq 34 for MSI/MSI-X
[    1.638033] pcieport 0000:00:16.2: setting latency timer to 64
[    1.638078]   alloc irq_desc for 35 on node -1
[    1.638080]   alloc kstat_irqs on node -1
[    1.638125] pcieport 0000:00:16.3: irq 35 for MSI/MSI-X
[    1.638170] pcieport 0000:00:16.3: setting latency timer to 64
[    1.638215]   alloc irq_desc for 36 on node -1
[    1.638217]   alloc kstat_irqs on node -1
[    1.638262] pcieport 0000:00:16.4: irq 36 for MSI/MSI-X
[    1.638308] pcieport 0000:00:16.4: setting latency timer to 64
[    1.638353]   alloc irq_desc for 37 on node -1
[    1.638355]   alloc kstat_irqs on node -1
[    1.638400] pcieport 0000:00:16.5: irq 37 for MSI/MSI-X
[    1.638445] pcieport 0000:00:16.5: setting latency timer to 64
[    1.638490]   alloc irq_desc for 38 on node -1
[    1.638492]   alloc kstat_irqs on node -1
[    1.638537] pcieport 0000:00:16.6: irq 38 for MSI/MSI-X
[    1.638583] pcieport 0000:00:16.6: setting latency timer to 64
[    1.638628]   alloc irq_desc for 39 on node -1
[    1.638630]   alloc kstat_irqs on node -1
[    1.638675] pcieport 0000:00:16.7: irq 39 for MSI/MSI-X
[    1.638720] pcieport 0000:00:16.7: setting latency timer to 64
[    1.639887]   alloc irq_desc for 40 on node -1
[    1.639888]   alloc kstat_irqs on node -1
[    1.639934] pcieport 0000:00:17.0: irq 40 for MSI/MSI-X
[    1.639979] pcieport 0000:00:17.0: setting latency timer to 64
[    1.640024]   alloc irq_desc for 41 on node -1
[    1.640026]   alloc kstat_irqs on node -1
[    1.640071] pcieport 0000:00:17.1: irq 41 for MSI/MSI-X
[    1.640117] pcieport 0000:00:17.1: setting latency timer to 64
[    1.640162]   alloc irq_desc for 42 on node -1
[    1.640164]   alloc kstat_irqs on node -1
[    1.640209] pcieport 0000:00:17.2: irq 42 for MSI/MSI-X
[    1.640254] pcieport 0000:00:17.2: setting latency timer to 64
[    1.640299]   alloc irq_desc for 43 on node -1
[    1.640301]   alloc kstat_irqs on node -1
[    1.640346] pcieport 0000:00:17.3: irq 43 for MSI/MSI-X
[    1.640392] pcieport 0000:00:17.3: setting latency timer to 64
[    1.640437]   alloc irq_desc for 44 on node -1
[    1.640439]   alloc kstat_irqs on node -1
[    1.640484] pcieport 0000:00:17.4: irq 44 for MSI/MSI-X
[    1.640529] pcieport 0000:00:17.4: setting latency timer to 64
[    1.640574]   alloc irq_desc for 45 on node -1
[    1.640576]   alloc kstat_irqs on node -1
[    1.640621] pcieport 0000:00:17.5: irq 45 for MSI/MSI-X
[    1.640667] pcieport 0000:00:17.5: setting latency timer to 64
[    1.640712]   alloc irq_desc for 46 on node -1
[    1.640714]   alloc kstat_irqs on node -1
[    1.640759] pcieport 0000:00:17.6: irq 46 for MSI/MSI-X
[    1.640804] pcieport 0000:00:17.6: setting latency timer to 64
[    1.640849]   alloc irq_desc for 47 on node -1
[    1.640851]   alloc kstat_irqs on node -1
[    1.640896] pcieport 0000:00:17.7: irq 47 for MSI/MSI-X
[    1.640941] pcieport 0000:00:17.7: setting latency timer to 64
[    1.640987]   alloc irq_desc for 48 on node -1
[    1.640989]   alloc kstat_irqs on node -1
[    1.641034] pcieport 0000:00:18.0: irq 48 for MSI/MSI-X
[    1.641079] pcieport 0000:00:18.0: setting latency timer to 64
[    1.641124]   alloc irq_desc for 49 on node -1
[    1.641126]   alloc kstat_irqs on node -1
[    1.641171] pcieport 0000:00:18.1: irq 49 for MSI/MSI-X
[    1.641217] pcieport 0000:00:18.1: setting latency timer to 64
[    1.641262]   alloc irq_desc for 50 on node -1
[    1.641264]   alloc kstat_irqs on node -1
[    1.641309] pcieport 0000:00:18.2: irq 50 for MSI/MSI-X
[    1.641354] pcieport 0000:00:18.2: setting latency timer to 64
[    1.641399]   alloc irq_desc for 51 on node -1
[    1.641401]   alloc kstat_irqs on node -1
[    1.641446] pcieport 0000:00:18.3: irq 51 for MSI/MSI-X
[    1.641492] pcieport 0000:00:18.3: setting latency timer to 64
[    1.641537]   alloc irq_desc for 52 on node -1
[    1.641539]   alloc kstat_irqs on node -1
[    1.641584] pcieport 0000:00:18.4: irq 52 for MSI/MSI-X
[    1.641629] pcieport 0000:00:18.4: setting latency timer to 64
[    1.641674]   alloc irq_desc for 53 on node -1
[    1.641676]   alloc kstat_irqs on node -1
[    1.641721] pcieport 0000:00:18.5: irq 53 for MSI/MSI-X
[    1.641767] pcieport 0000:00:18.5: setting latency timer to 64
[    1.641812]   alloc irq_desc for 54 on node -1
[    1.641814]   alloc kstat_irqs on node -1
[    1.641859] pcieport 0000:00:18.6: irq 54 for MSI/MSI-X
[    1.641904] pcieport 0000:00:18.6: setting latency timer to 64
[    1.641949]   alloc irq_desc for 55 on node -1
[    1.641951]   alloc kstat_irqs on node -1
[    1.641996] pcieport 0000:00:18.7: irq 55 for MSI/MSI-X
[    1.642042] pcieport 0000:00:18.7: setting latency timer to 64
[    1.642087] pci_hotplug: PCI Hot Plug PCI Core version: 0.5
[    1.643889] pciehp 0000:00:15.0:pcie04: HPC vendor_id 15ad device_id 7a0 ss_vid 0 ss_did 0
[    1.643934] pciehp 0000:00:15.0:pcie04: service driver pciehp loaded
[    1.643979] pciehp 0000:00:15.1:pcie04: HPC vendor_id 15ad device_id 7a0 ss_vid 0 ss_did 0
[    1.644024] pciehp 0000:00:15.1:pcie04: service driver pciehp loaded
[    1.644070] pciehp 0000:00:15.2:pcie04: HPC vendor_id 15ad device_id 7a0 ss_vid 0 ss_did 0
[    1.644115] pciehp 0000:00:15.2:pcie04: service driver pciehp loaded
[    1.644160] pciehp 0000:00:15.3:pcie04: HPC vendor_id 15ad device_id 7a0 ss_vid 0 ss_did 0
[    1.644205] pciehp 0000:00:15.3:pcie04: service driver pciehp loaded
[    1.644250] pciehp 0000:00:15.4:pcie04: HPC vendor_id 15ad device_id 7a0 ss_vid 0 ss_did 0
[    1.644296] pciehp 0000:00:15.4:pcie04: service driver pciehp loaded
[    1.644341] pciehp 0000:00:15.5:pcie04: HPC vendor_id 15ad device_id 7a0 ss_vid 0 ss_did 0
[    1.644386] pciehp 0000:00:15.5:pcie04: service driver pciehp loaded
[    1.644431] pciehp 0000:00:15.6:pcie04: HPC vendor_id 15ad device_id 7a0 ss_vid 0 ss_did 0
[    1.644477] pciehp 0000:00:15.6:pcie04: service driver pciehp loaded
[    1.644522] pciehp 0000:00:15.7:pcie04: HPC vendor_id 15ad device_id 7a0 ss_vid 0 ss_did 0
[    1.644567] pciehp 0000:00:15.7:pcie04: service driver pciehp loaded
[    1.644612] pciehp 0000:00:16.0:pcie04: HPC vendor_id 15ad device_id 7a0 ss_vid 0 ss_did 0
[    1.644657] pciehp 0000:00:16.0:pcie04: service driver pciehp loaded
[    1.644703] pciehp 0000:00:16.1:pcie04: HPC vendor_id 15ad device_id 7a0 ss_vid 0 ss_did 0
[    1.644748] pciehp 0000:00:16.1:pcie04: service driver pciehp loaded
[    1.644793] pciehp 0000:00:16.2:pcie04: HPC vendor_id 15ad device_id 7a0 ss_vid 0 ss_did 0
[    1.644838] pciehp 0000:00:16.2:pcie04: service driver pciehp loaded
[    1.644884] pciehp 0000:00:16.3:pcie04: HPC vendor_id 15ad device_id 7a0 ss_vid 0 ss_did 0
[    1.644929] pciehp 0000:00:16.3:pcie04: service driver pciehp loaded
[    1.644974] pciehp 0000:00:16.4:pcie04: HPC vendor_id 15ad device_id 7a0 ss_vid 0 ss_did 0
[    1.645019] pciehp 0000:00:16.4:pcie04: service driver pciehp loaded
[    1.645064] pciehp 0000:00:16.5:pcie04: HPC vendor_id 15ad device_id 7a0 ss_vid 0 ss_did 0
[    1.645110] pciehp 0000:00:16.5:pcie04: service driver pciehp loaded
[    1.645155] pciehp 0000:00:16.6:pcie04: HPC vendor_id 15ad device_id 7a0 ss_vid 0 ss_did 0
[    1.645200] pciehp 0000:00:16.6:pcie04: service driver pciehp loaded
[    1.645245] pciehp 0000:00:16.7:pcie04: HPC vendor_id 15ad device_id 7a0 ss_vid 0 ss_did 0
[    1.645291] pciehp 0000:00:16.7:pcie04: service driver pciehp loaded
[    1.645336] pciehp 0000:00:17.0:pcie04: HPC vendor_id 15ad device_id 7a0 ss_vid 0 ss_did 0
[    1.645381] pciehp 0000:00:17.0:pcie04: service driver pciehp loaded
[    1.645426] pciehp 0000:00:17.1:pcie04: HPC vendor_id 15ad device_id 7a0 ss_vid 0 ss_did 0
[    1.645471] pciehp 0000:00:17.1:pcie04: service driver pciehp loaded
[    1.645517] pciehp 0000:00:17.2:pcie04: HPC vendor_id 15ad device_id 7a0 ss_vid 0 ss_did 0
[    1.645562] pciehp 0000:00:17.2:pcie04: service driver pciehp loaded
[    1.645607] pciehp 0000:00:17.3:pcie04: HPC vendor_id 15ad device_id 7a0 ss_vid 0 ss_did 0
[    1.645652] pciehp 0000:00:17.3:pcie04: service driver pciehp loaded
[    1.645698] pciehp 0000:00:17.4:pcie04: HPC vendor_id 15ad device_id 7a0 ss_vid 0 ss_did 0
[    1.645743] pciehp 0000:00:17.4:pcie04: service driver pciehp loaded
[    1.645788] pciehp 0000:00:17.5:pcie04: HPC vendor_id 15ad device_id 7a0 ss_vid 0 ss_did 0
[    1.645833] pciehp 0000:00:17.5:pcie04: service driver pciehp loaded
[    1.645878] pciehp 0000:00:17.6:pcie04: HPC vendor_id 15ad device_id 7a0 ss_vid 0 ss_did 0
[    1.645924] pciehp 0000:00:17.6:pcie04: service driver pciehp loaded
[    1.645969] pciehp 0000:00:17.7:pcie04: HPC vendor_id 15ad device_id 7a0 ss_vid 0 ss_did 0
[    1.646014] pciehp 0000:00:17.7:pcie04: service driver pciehp loaded
[    1.646059] pciehp 0000:00:18.0:pcie04: HPC vendor_id 15ad device_id 7a0 ss_vid 0 ss_did 0
[    1.646105] pciehp 0000:00:18.0:pcie04: service driver pciehp loaded
[    1.646150] pciehp 0000:00:18.1:pcie04: HPC vendor_id 15ad device_id 7a0 ss_vid 0 ss_did 0
[    1.646195] pciehp 0000:00:18.1:pcie04: service driver pciehp loaded
[    1.646240] pciehp 0000:00:18.2:pcie04: HPC vendor_id 15ad device_id 7a0 ss_vid 0 ss_did 0
[    1.646286] pciehp 0000:00:18.2:pcie04: service driver pciehp loaded
[    1.646331] pciehp 0000:00:18.3:pcie04: HPC vendor_id 15ad device_id 7a0 ss_vid 0 ss_did 0
[    1.646376] pciehp 0000:00:18.3:pcie04: service driver pciehp loaded
[    1.646421] pciehp 0000:00:18.4:pcie04: HPC vendor_id 15ad device_id 7a0 ss_vid 0 ss_did 0
[    1.646466] pciehp 0000:00:18.4:pcie04: service driver pciehp loaded
[    1.646512] pciehp 0000:00:18.5:pcie04: HPC vendor_id 15ad device_id 7a0 ss_vid 0 ss_did 0
[    1.646557] pciehp 0000:00:18.5:pcie04: service driver pciehp loaded
[    1.646602] pciehp 0000:00:18.6:pcie04: HPC vendor_id 15ad device_id 7a0 ss_vid 0 ss_did 0
[    1.646647] pciehp 0000:00:18.6:pcie04: service driver pciehp loaded
[    1.646693] pciehp 0000:00:18.7:pcie04: HPC vendor_id 15ad device_id 7a0 ss_vid 0 ss_did 0
[    1.646738] pciehp 0000:00:18.7:pcie04: service driver pciehp loaded
[    1.646745] pciehp: PCI Express Hot Plug Controller Driver version: 0.4
[    1.646795] ACPI: AC Adapter [ACAD] (on-line)
[    1.646848] input: Power Button as /devices/LNXSYSTM:00/LNXPWRBN:00/input/input0
[    1.646851] ACPI: Power Button [PWRF]
[    1.646896] processor LNXCPU:00: registered as cooling_device0
[    1.687790] isapnp: Scanning for PnP cards...
[    2.041288] isapnp: No Plug & Play device found
[    2.041334] random 0000 0000 0000 5f8db4e5 4cfdf2a8: initializing
[    2.041461] Linux agpgart interface v0.103
[    2.041514] agpgart-intel 0000:00:00.0: Intel 440BX Chipset
[    2.041567] agpgart-intel 0000:00:00.0: AGP aperture is 256M @ 0x0
[    2.041598] Serial: 8250/16550 driver, 32 ports, IRQ sharing enabled
[    2.041651] serial8250: ttyS0 at I/O 0x3f8 (irq = 4) is a 16550A
[    2.041704] serial8250: ttyS1 at I/O 0x2f8 (irq = 3) is a 16550A
[    2.041757] 00:0a: ttyS0 at I/O 0x3f8 (irq = 4) is a 16550A
[    2.041809] 00:0b: ttyS1 at I/O 0x2f8 (irq = 3) is a 16550A
[    2.041862] brd: module loaded
[    2.041915] loop: module loaded
[    2.041968] ata_piix 0000:00:07.1: version 2.13
[    2.042050] scsi0 : ata_piix
[    2.042097] scsi1 : ata_piix
[    2.042116] ata1: PATA max UDMA/33 cmd 0x1f0 ctl 0x3f6 bmdma 0x10c0 irq 14
[    2.042118] ata2: PATA max UDMA/33 cmd 0x170 ctl 0x376 bmdma 0x10c8 irq 15
[    2.042165] PPP generic driver version 2.4.2
[    2.042184] tun: Universal TUN/TAP device driver, 1.6
[    2.042186] tun: (C) 1999-2004 Max Krasnyansky <maxk@qualcomm.com>
[    2.042239] ehci_hcd: USB 2.0 'Enhanced' Host Controller (EHCI) Driver
[    2.042292] ACPI: PCI Interrupt Link [LNKB] enabled at IRQ 11
[    2.042294] PCI: setting IRQ 11 as level-triggered
[    2.042303] ehci_hcd 0000:02:03.0: PCI INT A -> Link[LNKB] -> GSI 11 (level, low) -> IRQ 11
[    2.042352] ehci_hcd 0000:02:03.0: EHCI Host Controller
[    2.042374] ehci_hcd 0000:02:03.0: new USB bus registered, assigned bus number 1
[    2.042427] ehci_hcd 0000:02:03.0: cache line size of 32 is not supported
[    2.042433] ehci_hcd 0000:02:03.0: irq 11, io mem 0xc9000000
[    2.042743] random 0000 0000 0000 00000000 00000000: rand_read_num 3 get_random_bytes(8): sig 00000000 00000000 00000000
[    2.042746] random 0000 0000 0000 00000000 00000000: extract_entropy(.. 8 ..)
[    2.042749] random 0000 0000 0000 00000000 00000000: going to reseed nonblocking with 64 bits (64 of 0 requested)
[    2.042751] random 0000 0000 0000 00000000 00000000: extract_entropy(.. 8 ..)
[    2.042753] random 0000 0000 0000 00000000 00000000: trying to extract 64 bits from input
[    2.042755] random 0000 0000 0000 00000000 00000000: debiting 0 entropy credits from input
[    2.042757] random 0000 0000 0000 00000000 00000000: extract_entropy account returned: 0 
[    2.042760] random 0000 0000 0000 00000000 00000000: urand_change_num 5 xfer_secondary_pool(8): pool_sig 00000000, data_sig 00000000, bytes_mixed 0 00000000 00000000
[    2.042763] random 0000 0000 0000 00000000 00000000: trying to extract 64 bits from nonblocking
[    2.042765] random 0000 0000 0000 00000000 00000000: debiting 64 entropy credits from nonblocking (unlimited)
[    2.042767] random 0000 0000 0000 00000000 00000000: extract_entropy account returned: 8 
[    2.042771] random 0000 0000 0000 00000000 00000000: urand_change_num 6 extract_buf: pool_sig 00000000, data_sig fffffff9, bytes_mixed 20 00000000 00000000
[    2.051268] ehci_hcd 0000:02:03.0: USB 2.0 started, EHCI 1.00
[    2.051321] usb usb1: configuration #1 chosen from 1 choice
[    2.051339] hub 1-0:1.0: USB hub found
[    2.051344] hub 1-0:1.0: 6 ports detected
[    2.051376] ohci_hcd: USB 1.1 'Open' Host Controller (OHCI) Driver
[    2.051386] uhci_hcd: USB Universal Host Controller Interface driver
[    2.051439] ACPI: PCI Interrupt Link [LNKC] enabled at IRQ 10
[    2.051441] PCI: setting IRQ 10 as level-triggered
[    2.051445] uhci_hcd 0000:02:00.0: PCI INT A -> Link[LNKC] -> GSI 10 (level, low) -> IRQ 10
[    2.051480] uhci_hcd 0000:02:00.0: UHCI Host Controller
[    2.051506] uhci_hcd 0000:02:00.0: new USB bus registered, assigned bus number 2
[    2.051611] uhci_hcd 0000:02:00.0: irq 10, io base 0x000020c0
[    2.051664] usb usb2: configuration #1 chosen from 1 choice
[    2.051678] hub 2-0:1.0: USB hub found
[    2.051683] hub 2-0:1.0: 2 ports detected
[    2.051736] usbcore: registered new interface driver libusual
[    2.051783] PNP: PS/2 Controller [PNP0303:KBC,PNP0f13:MOUS] at 0x60,0x64 irq 1,12
[    2.052119] serio: i8042 KBD port at 0x60,0x64 irq 1
[    2.052126] serio: i8042 AUX port at 0x60,0x64 irq 12
[    2.052159] mice: PS/2 mouse device common for all mice
[    2.052212] rtc_cmos 00:04: rtc core: registered rtc_cmos as rtc0
[    2.052227] rtc0: alarms up to one month, y3k, 114 bytes nvram, hpet irqs
[    2.052280] device-mapper: uevent: version 1.0.3
[    2.052391] device-mapper: ioctl: 4.15.0-ioctl (2009-04-01) initialised: dm-devel@redhat.com
[    2.052431] EISA: Probing bus 0 at eisa.0
[    2.052458] Cannot allocate resource for EISA slot 1
[    2.052460] Cannot allocate resource for EISA slot 2
[    2.052462] Cannot allocate resource for EISA slot 3
[    2.052464] Cannot allocate resource for EISA slot 4
[    2.052475] Cannot allocate resource for EISA slot 5
[    2.052477] Cannot allocate resource for EISA slot 6
[    2.052478] Cannot allocate resource for EISA slot 7
[    2.052480] Cannot allocate resource for EISA slot 8
[    2.052482] EISA: Detected 0 cards.
[    2.052527] cpuidle: using governor ladder
[    2.052529] cpuidle: using governor menu
[    2.052582] random 0000 0000 0000 00000000 00000000: rand_read_num 4 get_random_bytes(136): sig 0000021d 00000000 00000000
[    2.052584] random 0000 0000 0000 00000000 00000000: extract_entropy(.. 136 ..)
[    2.052587] random 0000 0000 0000 00000000 00000000: going to reseed nonblocking with 1024 bits (1088 of 0 requested)
[    2.052589] random 0000 0000 0000 00000000 00000000: extract_entropy(.. 128 ..)
[    2.052591] random 0000 0000 0000 00000000 00000000: trying to extract 1024 bits from input
[    2.052593] random 0000 0000 0000 00000000 00000000: debiting 0 entropy credits from input
[    2.052595] random 0000 0000 0000 00000000 00000000: extract_entropy account returned: 0 
[    2.052598] random 0000 0000 0000 00000000 00000000: urand_change_num 7 xfer_secondary_pool(136): pool_sig 0000021d, data_sig 00000000, bytes_mixed 0 00000000 00000000
[    2.052600] random 0000 0000 0000 00000000 00000000: trying to extract 1088 bits from nonblocking
[    2.052603] random 0000 0000 0000 00000000 00000000: debiting 1088 entropy credits from nonblocking (unlimited)
[    2.052605] random 0000 0000 0000 00000000 00000000: extract_entropy account returned: 136 
[    2.052608] random 0000 0000 0000 00000000 00000000: urand_change_num 8 extract_buf: pool_sig 0000021d, data_sig fffffff7, bytes_mixed 20 00000000 00000000
[    2.052612] random 0000 0000 0000 f961ee50 ba9cb1aa: urand_change_num 9 extract_buf: pool_sig 00000230, data_sig fffffeb4, bytes_mixed 20 f961ee50 ba9cb1aa
[    2.052617] random 0000 0000 0000 9748bdd6 56fb8af6: urand_change_num 10 extract_buf: pool_sig 00000373, data_sig 000000cf, bytes_mixed 20 9748bdd6 56fb8af6
[    2.052621] random 0000 0000 0000 9748bdd6 56fb8af6: urand_change_num 11 extract_buf: pool_sig fffffe49, data_sig 0000023f, bytes_mixed 20 9748bdd6 56fb8af6
[    2.052625] random 0000 0000 0000 a135be86 4777650e: urand_change_num 12 extract_buf: pool_sig fffffcce, data_sig 000000c6, bytes_mixed 20 a135be86 4777650e
[    2.052629] random 0000 0000 0000 4a6ea85d 170e00dd: urand_change_num 13 extract_buf: pool_sig ffffff97, data_sig ffffff7d, bytes_mixed 20 4a6ea85d 170e00dd
[    2.052633] random 0000 0000 0000 4a6ea85d 170e00dd: urand_change_num 14 extract_buf: pool_sig 00000160, data_sig fffffeea, bytes_mixed 20 4a6ea85d 170e00dd
[    2.052637] random 0000 0000 0000 6e87c3cb da668c73: urand_change_num 15 extract_buf: pool_sig 0000034f, data_sig ffffff54, bytes_mixed 20 6e87c3cb da668c73
[    2.052642] random 0000 0000 0000 6e87c3cb da668c73: urand_change_num 16 extract_buf: pool_sig fffffdc5, data_sig 00000205, bytes_mixed 20 6e87c3cb da668c73
[    2.052646] random 0000 0000 0000 39f531e6 461eb249: urand_change_num 17 extract_buf: pool_sig fffffc1d, data_sig ffffff5e, bytes_mixed 20 39f531e6 461eb249
[    2.052650] random 0000 0000 0000 7e1538a2 3e661182: urand_change_num 18 extract_buf: pool_sig 000006ef, data_sig ffffff2e, bytes_mixed 20 7e1538a2 3e661182
[    2.052654] random 0000 0000 0000 7e1538a2 3e661182: urand_change_num 19 extract_buf: pool_sig 00000317, data_sig fffffccb, bytes_mixed 20 7e1538a2 3e661182
[    2.052658] random 0000 0000 0000 76af506b 9b57305e: urand_change_num 20 extract_buf: pool_sig 00000227, data_sig ffffffd2, bytes_mixed 20 76af506b 9b57305e
[    2.052662] random 0000 0000 0000 37d49d89 e20417cc: urand_change_num 21 extract_buf: pool_sig 0000080b, data_sig 000001e9, bytes_mixed 20 37d49d89 e20417cc
[    2.052666] TCP cubic registered
[    2.052719] NET: Registered protocol family 10
[    2.052752] RANDOM - __random32 called. Change num 12.  Value: 5eba7c56	3354535f	8d65ceee
[    2.052754] RANDOM - random32 called.  Value: 5eba7c56	3354535f	8d65ceee
[    2.052763] random 0000 0000 0000 37d49d89 e20417cc: rand_read_num 5 get_random_bytes(4): sig 00000298 37d49d89 e20417cc
[    2.052765] random 0000 0000 0000 37d49d89 e20417cc: extract_entropy(.. 4 ..)
[    2.052767] random 0000 0000 0000 37d49d89 e20417cc: going to reseed nonblocking with 64 bits (32 of 0 requested)
[    2.052769] random 0000 0000 0000 37d49d89 e20417cc: extract_entropy(.. 8 ..)
[    2.052771] random 0000 0000 0000 37d49d89 e20417cc: trying to extract 64 bits from input
[    2.052773] random 0000 0000 0000 37d49d89 e20417cc: debiting 0 entropy credits from input
[    2.052775] random 0000 0000 0000 37d49d89 e20417cc: extract_entropy account returned: 0 
[    2.052778] random 0000 0000 0000 37d49d89 e20417cc: urand_change_num 22 xfer_secondary_pool(4): pool_sig 00000298, data_sig 00000000, bytes_mixed 0 37d49d89 e20417cc
[    2.052780] random 0000 0000 0000 37d49d89 e20417cc: trying to extract 32 bits from nonblocking
[    2.052783] random 0000 0000 0000 37d49d89 e20417cc: debiting 32 entropy credits from nonblocking (unlimited)
[    2.052785] random 0000 0000 0000 37d49d89 e20417cc: extract_entropy account returned: 4 
[    2.052788] random 0000 0000 0000 37d49d89 e20417cc: urand_change_num 23 extract_buf: pool_sig 00000298, data_sig 00000092, bytes_mixed 20 37d49d89 e20417cc
[    2.052841] RANDOM - __random32 called. Change num 13.  Value: a7c56226	354535ff	9ddcc977
[    2.052843] RANDOM - random32 called.  Value: a7c56226	354535ff	9ddcc977
[    2.052896] NET: Registered protocol family 17
[    2.052916] Using IPI No-Shortcut mode
[    2.052921] random 0000 0000 0000 2ee4c4fc 167bdb15: rand_read_num 6 get_random_bytes(8): sig fffffcbf 2ee4c4fc 167bdb15
[    2.052924] random 0000 0000 0000 2ee4c4fc 167bdb15: extract_entropy(.. 8 ..)
[    2.052926] random 0000 0000 0000 2ee4c4fc 167bdb15: going to reseed nonblocking with 64 bits (64 of 0 requested)
[    2.052928] random 0000 0000 0000 2ee4c4fc 167bdb15: extract_entropy(.. 8 ..)
[    2.052930] random 0000 0000 0000 2ee4c4fc 167bdb15: trying to extract 64 bits from input
[    2.052932] random 0000 0000 0000 2ee4c4fc 167bdb15: debiting 0 entropy credits from input
[    2.052934] random 0000 0000 0000 2ee4c4fc 167bdb15: extract_entropy account returned: 0 
[    2.052937] random 0000 0000 0000 2ee4c4fc 167bdb15: urand_change_num 24 xfer_secondary_pool(8): pool_sig fffffcbf, data_sig 00000000, bytes_mixed 0 2ee4c4fc 167bdb15
[    2.052939] random 0000 0000 0000 2ee4c4fc 167bdb15: trying to extract 64 bits from nonblocking
[    2.052941] random 0000 0000 0000 2ee4c4fc 167bdb15: debiting 64 entropy credits from nonblocking (unlimited)
[    2.052944] random 0000 0000 0000 2ee4c4fc 167bdb15: extract_entropy account returned: 8 
[    2.052947] random 0000 0000 0000 2ee4c4fc 167bdb15: urand_change_num 25 extract_buf: pool_sig fffffcbf, data_sig ffffff83, bytes_mixed 20 2ee4c4fc 167bdb15
[    2.052986] PM: Resume from disk failed.
[    2.052993] registered taskstats version 1
[    2.052996] random 0000 0000 0000 2ee4c4fc 167bdb15: rand_read_num 7 get_random_bytes(12): sig fffffc69 2ee4c4fc 167bdb15
[    2.052998] random 0000 0000 0000 2ee4c4fc 167bdb15: extract_entropy(.. 12 ..)
[    2.053000] random 0000 0000 0000 2ee4c4fc 167bdb15: going to reseed nonblocking with 96 bits (96 of 0 requested)
[    2.053002] random 0000 0000 0000 2ee4c4fc 167bdb15: extract_entropy(.. 12 ..)
[    2.053004] random 0000 0000 0000 2ee4c4fc 167bdb15: trying to extract 96 bits from input
[    2.053006] random 0000 0000 0000 2ee4c4fc 167bdb15: debiting 0 entropy credits from input
[    2.053008] random 0000 0000 0000 2ee4c4fc 167bdb15: extract_entropy account returned: 0 
[    2.053011] random 0000 0000 0000 2ee4c4fc 167bdb15: urand_change_num 26 xfer_secondary_pool(12): pool_sig fffffc69, data_sig 00000000, bytes_mixed 0 2ee4c4fc 167bdb15
[    2.053013] random 0000 0000 0000 2ee4c4fc 167bdb15: trying to extract 96 bits from nonblocking
[    2.053015] random 0000 0000 0000 2ee4c4fc 167bdb15: debiting 96 entropy credits from nonblocking (unlimited)
[    2.053018] random 0000 0000 0000 2ee4c4fc 167bdb15: extract_entropy account returned: 12 
[    2.053021] random 0000 0000 0000 2ee4c4fc 167bdb15: urand_change_num 27 extract_buf: pool_sig fffffc69, data_sig ffffff7d, bytes_mixed 20 2ee4c4fc 167bdb15
[    2.053025] random 0000 0000 0000 83b7c1ab 94697f48: urand_change_num 28 extract_buf: pool_sig fffffe30, data_sig fffffdd6, bytes_mixed 20 83b7c1ab 94697f48
[    2.053027] RANDOM - __seed init called.
[    2.053029] RANDOM - __seed init called.
[    2.053030] RANDOM - __seed init called.
[    2.053031] RANDOM - __random32 called. Change num 14.  Value: fc007995	feca4f80	21b38ad2
[    2.053033] RANDOM - random32_reseed called.  Value: fc007995	feca4f80	21b38ad2
[    2.053036] Pid: 1, comm: swapper Not tainted 2.6.32.57 #4
[    2.053037] Call Trace:
[    2.053044]  [<c14a8a0e>] ? printk+0x1d/0x1f
[    2.053088]  [<c17537e5>] random32_reseed+0x89/0xbd
[    2.053094]  [<c1003042>] do_one_initcall+0x32/0x1a0
[    2.053098]  [<c175375c>] ? random32_reseed+0x0/0xbd
[    2.053134]  [<c17308e7>] kernel_init+0x12d/0x17a
[    2.053137]  [<c17307ba>] ? kernel_init+0x0/0x17a
[    2.053141]  [<c1009b07>] kernel_thread_helper+0x7/0x10
[    2.055765] input: AT Translated Set 2 keyboard as /devices/platform/i8042/serio0/input/input1
[    2.056046] random 0000 0000 0000 6db70b00 b30ce96b: rand_read_num 8 get_random_bytes(64): sig fffffb38 6db70b00 b30ce96b
[    2.056048] random 0000 0000 0000 6db70b00 b30ce96b: extract_entropy(.. 64 ..)
[    2.056051] random 0000 0000 0000 6db70b00 b30ce96b: going to reseed nonblocking with 512 bits (512 of 0 requested)
[    2.056053] random 0000 0000 0000 6db70b00 b30ce96b: extract_entropy(.. 64 ..)
[    2.056056] random 0000 0000 0000 6db70b00 b30ce96b: trying to extract 512 bits from input
[    2.056058] random 0000 0000 0000 6db70b00 b30ce96b: debiting 0 entropy credits from input
[    2.056060] random 0000 0000 0000 6db70b00 b30ce96b: extract_entropy account returned: 0 
[    2.056063] random 0000 0000 0000 6db70b00 b30ce96b: urand_change_num 29 xfer_secondary_pool(64): pool_sig fffffb38, data_sig 00000000, bytes_mixed 0 6db70b00 b30ce96b
[    2.056066] random 0000 0000 0000 6db70b00 b30ce96b: trying to extract 512 bits from nonblocking
[    2.056068] random 0000 0000 0000 6db70b00 b30ce96b: debiting 512 entropy credits from nonblocking (unlimited)
[    2.056071] random 0000 0000 0000 6db70b00 b30ce96b: extract_entropy account returned: 64 
[    2.056074] random 0000 0000 0000 6db70b00 b30ce96b: urand_change_num 30 extract_buf: pool_sig fffffb38, data_sig 00000151, bytes_mixed 20 6db70b00 b30ce96b
[    2.056079] random 0000 0000 0000 6db70b00 b30ce96b: urand_change_num 31 extract_buf: pool_sig fffffdb8, data_sig 00000379, bytes_mixed 20 6db70b00 b30ce96b
[    2.056083] random 0000 0000 0000 6b83001e d4b6c0d3: urand_change_num 32 extract_buf: pool_sig ffffffc9, data_sig 00000198, bytes_mixed 20 6b83001e d4b6c0d3
[    2.056088] random 0000 0000 0000 79d3e3c7 be564518: urand_change_num 33 extract_buf: pool_sig 000002b9, data_sig ffffff84, bytes_mixed 20 79d3e3c7 be564518
[    2.056092] random 0000 0000 0000 79d3e3c7 be564518: urand_change_num 34 extract_buf: pool_sig ffffff55, data_sig ffffff5a, bytes_mixed 20 79d3e3c7 be564518
[    2.056097] random 0000 0000 0000 89c03cb2 0d353228: urand_change_num 35 extract_buf: pool_sig 00000007, data_sig ffffff17, bytes_mixed 20 89c03cb2 0d353228
[    2.056101] random 0000 0000 0000 89c03cb2 0d353228: urand_change_num 36 extract_buf: pool_sig fffffdae, data_sig 000000db, bytes_mixed 20 89c03cb2 0d353228  Magic number: 13:577:909
[    2.056194] rtc_cmos 00:04: setting system clock to 2013-05-24 23:53:53 UTC (1369439633)
[    2.056197] BIOS EDD facility v0.16 2004-Jun-25, 0 devices found
[    2.056199] EDD information not available.
[    2.056223] random 0000 0000 0000 8ca62387 b120332c: rand_read_num 9 get_random_bytes(64): sig fffffed6 8ca62387 b120332c
[    2.056225] random 0000 0000 0000 8ca62387 b120332c: extract_entropy(.. 64 ..)
[    2.056228] random 0000 0000 0000 8ca62387 b120332c: going to reseed nonblocking with 512 bits (512 of 0 requested)
[    2.056230] random 0000 0000 0000 8ca62387 b120332c: extract_entropy(.. 64 ..)
[    2.056232] random 0000 0000 0000 8ca62387 b120332c: trying to extract 512 bits from input
[    2.056234] random 0000 0000 0000 8ca62387 b120332c: debiting 0 entropy credits from input
[    2.056236] random 0000 0000 0000 8ca62387 b120332c: extract_entropy account returned: 0 
[    2.056239] random 0000 0000 0000 8ca62387 b120332c: urand_change_num 37 xfer_secondary_pool(64): pool_sig fffffed6, data_sig 00000000, bytes_mixed 0 8ca62387 b120332c
[    2.056242] random 0000 0000 0000 8ca62387 b120332c: trying to extract 512 bits from nonblocking
[    2.056244] random 0000 0000 0000 8ca62387 b120332c: debiting 512 entropy credits from nonblocking (unlimited)
[    2.056247] random 0000 0000 0000 8ca62387 b120332c: extract_entropy account returned: 64 
[    2.056250] random 0000 0000 0000 8ca62387 b120332c: urand_change_num 38 extract_buf: pool_sig fffffed6, data_sig fffffeb6, bytes_mixed 20 8ca62387 b120332c
[    2.056255] random 0000 0000 0000 90702413 e2a66c2e: urand_change_num 39 extract_buf: pool_sig fffffbb0, data_sig 0000012e, bytes_mixed 20 90702413 e2a66c2e
[    2.056259] random 0000 0000 0000 90702413 e2a66c2e: urand_change_num 40 extract_buf: pool_sig fffffaf1, data_sig ffffff3c, bytes_mixed 20 90702413 e2a66c2e
[    2.056263] random 0000 0000 0000 3f58038b c77aecb6: urand_change_num 41 extract_buf: pool_sig 00000234, data_sig fffffdec, bytes_mixed 20 3f58038b c77aecb6
[    2.056268] random 0000 0000 0000 47187b9d 03f21510: urand_change_num 42 extract_buf: pool_sig 00000192, data_sig 00000075, bytes_mixed 20 47187b9d 03f21510
[    2.056272] random 0000 0000 0000 47187b9d 03f21510: urand_change_num 43 extract_buf: pool_sig 0000018e, data_sig ffffffbf, bytes_mixed 20 47187b9d 03f21510
[    2.056277] random 0000 0000 0000 3180b1fc 0fa9c973: urand_change_num 44 extract_buf: pool_sig fffffecf, data_sig ffffff2a, bytes_mixed 20 3180b1fc 0fa9c973
[    2.056279] BEGIN NET_SECRET:
[    2.056281] \xffffff87
[    2.056282] \xffffff8d
[    2.056283] \xfffffff4
[    2.056284] \xffffffae
[    2.056285] \xffffffc3
[    2.056287] \xffffffb7
[    2.056288] \x31
[    2.056289] \x65
[    2.056290] \xffffffda
[    2.056291] \xffffffa2
[    2.056292] \x31
[    2.056293] \xffffffc8
[    2.056295] \xffffffa9
[    2.056296] \x76
[    2.056297] \x76
[    2.056298] \xffffff90
[    2.056299] \x55
[    2.056300] \xfffffff3
[    2.056301] \xffffffb1
[    2.056303] \x3
[    2.056304] \xffffffb3
[    2.056305] \xffffffa7
[    2.056306] \x5a
[    2.056307] \x71
[    2.056308] \x70
[    2.056309] \xffffff8c
[    2.056311] \x56
[    2.056312] \x25
[    2.056313] \xffffffe1
[    2.056314] \x4c
[    2.056315] \xffffffe6
[    2.056316] \xffffff95
[    2.056317] \x67
[    2.056319] \x4c
[    2.056320] \xffffffb9
[    2.056321] \x1d
[    2.056322] \xe
[    2.056323] \x34
[    2.056324] \xffffffbe
[    2.056325] \x12
[    2.056327] \x5
[    2.056328] \xffffff98
[    2.056329] \xffffffa0
[    2.056330] \xf
[    2.056331] \xffffffb2
[    2.056332] \xffffffde
[    2.056333] \xffffff99
[    2.056335] \xf
[    2.056336] \xffffffe8
[    2.056337] \xffffffc8
[    2.056338] \x1f
[    2.056339] \x54
[    2.056340] \x2c
[    2.056341] \xffffffee
[    2.056343] \x2e
[    2.056344] \x0
[    2.056345] \xffffff95
[    2.056346] \x0
[    2.056347] \xffffffe3
[    2.056348] \xffffffa7
[    2.056349] \xfffffffd
[    2.056351] \x66
[    2.056352] \xffffff92
[    2.056353] \xfffffff0
[    2.056354] 
[    2.056355] END NET_SECRET
[    2.056358] random 0000 0000 0000 3180b1fc 0fa9c973: rand_read_num 10 get_random_bytes(4): sig ffffff46 3180b1fc 0fa9c973
[    2.056360] random 0000 0000 0000 3180b1fc 0fa9c973: extract_entropy(.. 4 ..)
[    2.056362] random 0000 0000 0000 3180b1fc 0fa9c973: going to reseed nonblocking with 64 bits (32 of 0 requested)
[    2.056364] random 0000 0000 0000 3180b1fc 0fa9c973: extract_entropy(.. 8 ..)
[    2.056366] random 0000 0000 0000 3180b1fc 0fa9c973: trying to extract 64 bits from input
[    2.056369] random 0000 0000 0000 3180b1fc 0fa9c973: debiting 0 entropy credits from input
[    2.056371] random 0000 0000 0000 3180b1fc 0fa9c973: extract_entropy account returned: 0 
[    2.056374] random 0000 0000 0000 3180b1fc 0fa9c973: urand_change_num 45 xfer_secondary_pool(4): pool_sig ffffff46, data_sig 00000000, bytes_mixed 0 3180b1fc 0fa9c973
[    2.056376] random 0000 0000 0000 3180b1fc 0fa9c973: trying to extract 32 bits from nonblocking
[    2.056379] random 0000 0000 0000 3180b1fc 0fa9c973: debiting 32 entropy credits from nonblocking (unlimited)
[    2.056381] random 0000 0000 0000 3180b1fc 0fa9c973: extract_entropy account returned: 4 
[    2.056384] random 0000 0000 0000 3180b1fc 0fa9c973: urand_change_num 46 extract_buf: pool_sig ffffff46, data_sig 0000001b, bytes_mixed 20 3180b1fc 0fa9c973
[    2.231843] ata2.00: ATAPI: VMware Virtual IDE CDROM Drive, 00000001, max UDMA/33
[    2.232124] ata2.00: configured for UDMA/33
[    2.232514] scsi 1:0:0:0: CD-ROM            NECVMWar VMware IDE CDR10 1.00 PQ: 0 ANSI: 5
[    2.233757] sr0: scsi3-mmc drive: 306x/306x cd/rw xa/form2 cdda tray
[    2.233761] Uniform CD-ROM driver Revision: 3.20
[    2.233813] sr 1:0:0:0: Attached scsi CD-ROM sr0
[    2.233850] sr 1:0:0:0: Attached scsi generic sg0 type 5
[    2.233885] Freeing unused kernel memory: 652k freed
[    2.233938] Write protecting the kernel text: 4840k
[    2.233969] Write protecting the kernel read-only data: 1968k
[    2.234058] random 0000 0000 0000 38974d2b 1d8d6de0: rand_read_num 11 get_random_bytes(16): sig 000001c6 38974d2b 1d8d6de0
