[    0.000000] random 0000 0000 0000 00000000 00000000: rand_read_num 1 get_random_bytes(8): sig 00000000 00000000 00000000
[    0.000000] random 0000 0000 0000 00000000 00000000: extract_entropy(.. 8 ..)
[    0.000000] random 0000 0000 0000 00000000 00000000: going to reseed nonblocking with 64 bits (64 of 0 requested)
[    0.000000] random 0000 0000 0000 00000000 00000000: extract_entropy(.. 8 ..)
[    0.000000] random 0000 0000 0000 00000000 00000000: trying to extract 64 bits from input
[    0.000000] random 0000 0000 0000 00000000 00000000: debiting 0 entropy credits from input
[    0.000000] random 0000 0000 0000 00000000 00000000: extract_entropy account returned: 0 
[    0.000000] random 0000 0000 0000 00000000 00000000: urand_change_num 1 xfer_secondary_pool(8): pool_sig 00000000, data_sig 00000000, bytes_mixed 0 00000000 00000000
[    0.000000] random 0000 0000 0000 00000000 00000000: trying to extract 64 bits from nonblocking
[    0.000000] random 0000 0000 0000 00000000 00000000: debiting 64 entropy credits from nonblocking (unlimited)
[    0.000000] random 0000 0000 0000 00000000 00000000: extract_entropy account returned: 8 
[    0.000000] random 0000 0000 0000 00000000 00000000: urand_change_num 2 extract_buf: pool_sig 00000000, data_sig fffffff9, bytes_mixed 20 00000000 00000000
[    0.000000] Initializing cgroup subsys cpuset
[    0.000000] Initializing cgroup subsys cpu
[    0.000000] Linux version 2.6.32.57 (dcashman@ubuntu) (gcc version 4.6.3 (Ubuntu/Linaro 4.6.3-1ubuntu5) ) #4 SMP Fri May 24 11:09:26 PDT 2013
[    0.000000] KERNEL supported cpus:
[    0.000000]   Intel GenuineIntel
[    0.000000]   AMD AuthenticAMD
[    0.000000]   NSC Geode by NSC
[    0.000000]   Cyrix CyrixInstead
[    0.000000]   Centaur CentaurHauls
[    0.000000]   Transmeta GenuineTMx86
[    0.000000]   Transmeta TransmetaCPU
[    0.000000]   UMC UMC UMC UMC
[    0.000000] BIOS-provided physical RAM map:
[    0.000000]  BIOS-e820: 0000000000000000 - 000000000009f000 (usable)
[    0.000000]  BIOS-e820: 000000000009f000 - 00000000000a0000 (reserved)
[    0.000000]  BIOS-e820: 00000000000ca000 - 00000000000cc000 (reserved)
[    0.000000]  BIOS-e820: 00000000000dc000 - 0000000000100000 (reserved)
[    0.000000]  BIOS-e820: 0000000000100000 - 000000003fee0000 (usable)
[    0.000000]  BIOS-e820: 000000003fee0000 - 000000003feff000 (ACPI data)
[    0.000000]  BIOS-e820: 000000003feff000 - 000000003ff00000 (ACPI NVS)
[    0.000000]  BIOS-e820: 000000003ff00000 - 0000000040000000 (usable)
[    0.000000]  BIOS-e820: 00000000e0000000 - 00000000f0000000 (reserved)
[    0.000000]  BIOS-e820: 00000000fec00000 - 00000000fec10000 (reserved)
[    0.000000]  BIOS-e820: 00000000fee00000 - 00000000fee01000 (reserved)
[    0.000000]  BIOS-e820: 00000000fffe0000 - 0000000100000000 (reserved)
[    0.000000] DMI present.
[    0.000000] Phoenix BIOS detected: BIOS may corrupt low RAM, working around it.
[    0.000000] e820 update range: 0000000000000000 - 0000000000010000 (usable) ==> (reserved)
[    0.000000] last_pfn = 0x40000 max_arch_pfn = 0x1000000
[    0.000000] MTRR default type: uncachable
[    0.000000] MTRR fixed ranges enabled:
[    0.000000]   00000-9FFFF write-back
[    0.000000]   A0000-BFFFF uncachable
[    0.000000]   C0000-CBFFF write-protect
[    0.000000]   CC000-EFFFF uncachable
[    0.000000]   F0000-FFFFF write-protect
[    0.000000] MTRR variable ranges enabled:
[    0.000000]   0 base 0000000000 mask FFC0000000 write-back
[    0.000000]   1 disabled
[    0.000000]   2 disabled
[    0.000000]   3 disabled
[    0.000000]   4 disabled
[    0.000000]   5 disabled
[    0.000000]   6 disabled
[    0.000000]   7 disabled
[    0.000000] x86 PAT enabled: cpu 0, old 0x0, new 0x7010600070106
[    0.000000] Scanning 0 areas for low memory corruption
[    0.000000] modified physical RAM map:
[    0.000000]  modified: 0000000000000000 - 0000000000010000 (reserved)
[    0.000000]  modified: 0000000000010000 - 000000000009f000 (usable)
[    0.000000]  modified: 000000000009f000 - 00000000000a0000 (reserved)
[    0.000000]  modified: 00000000000ca000 - 00000000000cc000 (reserved)
[    0.000000]  modified: 00000000000dc000 - 0000000000100000 (reserved)
[    0.000000]  modified: 0000000000100000 - 000000003fee0000 (usable)
[    0.000000]  modified: 000000003fee0000 - 000000003feff000 (ACPI data)
[    0.000000]  modified: 000000003feff000 - 000000003ff00000 (ACPI NVS)
[    0.000000]  modified: 000000003ff00000 - 0000000040000000 (usable)
[    0.000000]  modified: 00000000e0000000 - 00000000f0000000 (reserved)
[    0.000000]  modified: 00000000fec00000 - 00000000fec10000 (reserved)
[    0.000000]  modified: 00000000fee00000 - 00000000fee01000 (reserved)
[    0.000000]  modified: 00000000fffe0000 - 0000000100000000 (reserved)
[    0.000000] initial memory mapped : 0 - 01e00000
[    0.000000] init_memory_mapping: 0000000000000000-00000000379fe000
[    0.000000] NX (Execute Disable) protection: active
[    0.000000]  0000000000 - 0000200000 page 4k
[    0.000000]  0000200000 - 0037800000 page 2M
[    0.000000]  0037800000 - 00379fe000 page 4k
[    0.000000] kernel direct mapping tables up to 379fe000 @ 10000-16000
[    0.000000] RAMDISK: 2dcfc000 - 32e758c3
[    0.000000] ACPI: RSDP 000f6b80 00024 (v02 PTLTD )
[    0.000000] ACPI: XSDT 3feed636 0005C (v01 INTEL  440BX    06040000 VMW  01324272)
[    0.000000] ACPI: FACP 3fefee98 000F4 (v04 INTEL  440BX    06040000 PTL  000F4240)
[    0.000000] ACPI: DSDT 3feee366 10B32 (v01 PTLTD  Custom   06040000 MSFT 03000001)
[    0.000000] ACPI: FACS 3fefffc0 00040
[    0.000000] ACPI: BOOT 3feee33e 00028 (v01 PTLTD  $SBFTBL$ 06040000  LTP 00000001)
[    0.000000] ACPI: APIC 3feedc3e 003C2 (v01 PTLTD  ? APIC   06040000  LTP 00000000)
[    0.000000] ACPI: MCFG 3feedc02 0003C (v01 PTLTD  $PCITBL$ 06040000  LTP 00000001)
[    0.000000] ACPI: SRAT 3feed732 004D0 (v02 VMWARE MEMPLUG  06040000 VMW  00000001)
[    0.000000] ACPI: HPET 3feed6fa 00038 (v01 VMWARE VMW HPET 06040000 VMW  00000001)
[    0.000000] ACPI: WAET 3feed6d2 00028 (v01 VMWARE VMW WAET 06040000 VMW  00000001)
[    0.000000] ACPI: Local APIC address 0xfee00000
[    0.000000] 134MB HIGHMEM available.
[    0.000000] 889MB LOWMEM available.
[    0.000000]   mapped low ram: 0 - 379fe000
[    0.000000]   low ram: 0 - 379fe000
[    0.000000]   node 0 low ram: 00000000 - 379fe000
[    0.000000]   node 0 bootmap 00012000 - 00018f40
[    0.000000] (9 early reservations) ==> bootmem [0000000000 - 00379fe000]
[    0.000000]   #0 [0000000000 - 0000001000]   BIOS data page ==> [0000000000 - 0000001000]
[    0.000000]   #1 [0000001000 - 0000002000]    EX TRAMPOLINE ==> [0000001000 - 0000002000]
[    0.000000]   #2 [0000006000 - 0000007000]       TRAMPOLINE ==> [0000006000 - 0000007000]
[    0.000000]   #3 [0001000000 - 0001a75ff8]    TEXT DATA BSS ==> [0001000000 - 0001a75ff8]
[    0.000000]   #4 [002dcfc000 - 0032e758c3]          RAMDISK ==> [002dcfc000 - 0032e758c3]
[    0.000000]   #5 [000009f000 - 0000100000]    BIOS reserved ==> [000009f000 - 0000100000]
[    0.000000]   #6 [0001a76000 - 0001a851c0]              BRK ==> [0001a76000 - 0001a851c0]
[    0.000000]   #7 [0000010000 - 0000012000]          PGTABLE ==> [0000010000 - 0000012000]
[    0.000000]   #8 [0000012000 - 0000019000]          BOOTMAP ==> [0000012000 - 0000019000]
[    0.000000] found SMP MP-table at [c00f6bf0] f6bf0
[    0.000000] Zone PFN ranges:
[    0.000000]   DMA      0x00000010 -> 0x00001000
[    0.000000]   Normal   0x00001000 -> 0x000379fe
[    0.000000]   HighMem  0x000379fe -> 0x00040000
[    0.000000] Movable zone start PFN for each node
[    0.000000] early_node_map[3] active PFN ranges
[    0.000000]     0: 0x00000010 -> 0x0000009f
[    0.000000]     0: 0x00000100 -> 0x0003fee0
[    0.000000]     0: 0x0003ff00 -> 0x00040000
[    0.000000] On node 0 totalpages: 261999
[    0.000000] free_area_init_node: node 0, pgdat c1715200, node_mem_map c1a87200
[    0.000000]   DMA zone: 32 pages used for memmap
[    0.000000]   DMA zone: 0 pages reserved
[    0.000000]   DMA zone: 3951 pages, LIFO batch:0
[    0.000000]   Normal zone: 1748 pages used for memmap
[    0.000000]   Normal zone: 221994 pages, LIFO batch:31
[    0.000000]   HighMem zone: 269 pages used for memmap
[    0.000000]   HighMem zone: 34005 pages, LIFO batch:7
[    0.000000] Using APIC driver default
[    0.000000] ACPI: PM-Timer IO Port: 0x1008
[    0.000000] ACPI: Local APIC address 0xfee00000
[    0.000000] ACPI: LAPIC (acpi_id[0x00] lapic_id[0x00] enabled)
[    0.000000] ACPI: LAPIC (acpi_id[0x01] lapic_id[0x02] disabled)
[    0.000000] ACPI: LAPIC (acpi_id[0x02] lapic_id[0x04] disabled)
[    0.000000] ACPI: LAPIC (acpi_id[0x03] lapic_id[0x06] disabled)
[    0.000000] ACPI: LAPIC (acpi_id[0x04] lapic_id[0x08] disabled)
[    0.000000] ACPI: LAPIC (acpi_id[0x05] lapic_id[0x0a] disabled)
[    0.000000] ACPI: LAPIC (acpi_id[0x06] lapic_id[0x0c] disabled)
[    0.000000] ACPI: LAPIC (acpi_id[0x07] lapic_id[0x0e] disabled)
[    0.000000] ACPI: LAPIC (acpi_id[0x08] lapic_id[0x10] disabled)
[    0.000000] ACPI: LAPIC (acpi_id[0x09] lapic_id[0x12] disabled)
[    0.000000] ACPI: LAPIC (acpi_id[0x0a] lapic_id[0x14] disabled)
[    0.000000] ACPI: LAPIC (acpi_id[0x0b] lapic_id[0x16] disabled)
[    0.000000] ACPI: LAPIC (acpi_id[0x0c] lapic_id[0x18] disabled)
[    0.000000] ACPI: LAPIC (acpi_id[0x0d] lapic_id[0x1a] disabled)
[    0.000000] ACPI: LAPIC (acpi_id[0x0e] lapic_id[0x1c] disabled)
[    0.000000] ACPI: LAPIC (acpi_id[0x0f] lapic_id[0x1e] disabled)
[    0.000000] ACPI: LAPIC (acpi_id[0x10] lapic_id[0x20] disabled)
[    0.000000] ACPI: LAPIC (acpi_id[0x11] lapic_id[0x22] disabled)
[    0.000000] ACPI: LAPIC (acpi_id[0x12] lapic_id[0x24] disabled)
[    0.000000] ACPI: LAPIC (acpi_id[0x13] lapic_id[0x26] disabled)
[    0.000000] ACPI: LAPIC (acpi_id[0x14] lapic_id[0x28] disabled)
[    0.000000] ACPI: LAPIC (acpi_id[0x15] lapic_id[0x2a] disabled)
[    0.000000] ACPI: LAPIC (acpi_id[0x16] lapic_id[0x2c] disabled)
[    0.000000] ACPI: LAPIC (acpi_id[0x17] lapic_id[0x2e] disabled)
[    0.000000] ACPI: LAPIC (acpi_id[0x18] lapic_id[0x30] disabled)
[    0.000000] ACPI: LAPIC (acpi_id[0x19] lapic_id[0x32] disabled)
[    0.000000] ACPI: LAPIC (acpi_id[0x1a] lapic_id[0x34] disabled)
[    0.000000] ACPI: LAPIC (acpi_id[0x1b] lapic_id[0x36] disabled)
[    0.000000] ACPI: LAPIC (acpi_id[0x1c] lapic_id[0x38] disabled)
[    0.000000] ACPI: LAPIC (acpi_id[0x1d] lapic_id[0x3a] disabled)
[    0.000000] ACPI: LAPIC (acpi_id[0x1e] lapic_id[0x3c] disabled)
[    0.000000] ACPI: LAPIC (acpi_id[0x1f] lapic_id[0x3e] disabled)
[    0.000000] ACPI: LAPIC (acpi_id[0x20] lapic_id[0x40] disabled)
[    0.000000] ACPI: LAPIC (acpi_id[0x21] lapic_id[0x42] disabled)
[    0.000000] ACPI: LAPIC (acpi_id[0x22] lapic_id[0x44] disabled)
[    0.000000] ACPI: LAPIC (acpi_id[0x23] lapic_id[0x46] disabled)
[    0.000000] ACPI: LAPIC (acpi_id[0x24] lapic_id[0x48] disabled)
[    0.000000] ACPI: LAPIC (acpi_id[0x25] lapic_id[0x4a] disabled)
[    0.000000] ACPI: LAPIC (acpi_id[0x26] lapic_id[0x4c] disabled)
[    0.000000] ACPI: LAPIC (acpi_id[0x27] lapic_id[0x4e] disabled)
[    0.000000] ACPI: LAPIC (acpi_id[0x28] lapic_id[0x50] disabled)
[    0.000000] ACPI: LAPIC (acpi_id[0x29] lapic_id[0x52] disabled)
[    0.000000] ACPI: LAPIC (acpi_id[0x2a] lapic_id[0x54] disabled)
[    0.000000] ACPI: LAPIC (acpi_id[0x2b] lapic_id[0x56] disabled)
[    0.000000] ACPI: LAPIC (acpi_id[0x2c] lapic_id[0x58] disabled)
[    0.000000] ACPI: LAPIC (acpi_id[0x2d] lapic_id[0x5a] disabled)
[    0.000000] ACPI: LAPIC (acpi_id[0x2e] lapic_id[0x5c] disabled)
[    0.000000] ACPI: LAPIC (acpi_id[0x2f] lapic_id[0x5e] disabled)
[    0.000000] ACPI: LAPIC (acpi_id[0x30] lapic_id[0x60] disabled)
[    0.000000] ACPI: LAPIC (acpi_id[0x31] lapic_id[0x62] disabled)
[    0.000000] ACPI: LAPIC (acpi_id[0x32] lapic_id[0x64] disabled)
[    0.000000] ACPI: LAPIC (acpi_id[0x33] lapic_id[0x66] disabled)
[    0.000000] ACPI: LAPIC (acpi_id[0x34] lapic_id[0x68] disabled)
[    0.000000] ACPI: LAPIC (acpi_id[0x35] lapic_id[0x6a] disabled)
[    0.000000] ACPI: LAPIC (acpi_id[0x36] lapic_id[0x6c] disabled)
[    0.000000] ACPI: LAPIC (acpi_id[0x37] lapic_id[0x6e] disabled)
[    0.000000] ACPI: LAPIC (acpi_id[0x38] lapic_id[0x70] disabled)
[    0.000000] ACPI: LAPIC (acpi_id[0x39] lapic_id[0x72] disabled)
[    0.000000] ACPI: LAPIC (acpi_id[0x3a] lapic_id[0x74] disabled)
[    0.000000] ACPI: LAPIC (acpi_id[0x3b] lapic_id[0x76] disabled)
[    0.000000] ACPI: LAPIC (acpi_id[0x3c] lapic_id[0x78] disabled)
[    0.000000] ACPI: LAPIC (acpi_id[0x3d] lapic_id[0x7a] disabled)
[    0.000000] ACPI: LAPIC (acpi_id[0x3e] lapic_id[0x7c] disabled)
[    0.000000] ACPI: LAPIC (acpi_id[0x3f] lapic_id[0x7e] disabled)
[    0.000000] ACPI: LAPIC_NMI (acpi_id[0x00] high edge lint[0x1])
[    0.000000] ACPI: LAPIC_NMI (acpi_id[0x01] high edge lint[0x1])
[    0.000000] ACPI: LAPIC_NMI (acpi_id[0x02] high edge lint[0x1])
[    0.000000] ACPI: LAPIC_NMI (acpi_id[0x03] high edge lint[0x1])
[    0.000000] ACPI: LAPIC_NMI (acpi_id[0x04] high edge lint[0x1])
[    0.000000] ACPI: LAPIC_NMI (acpi_id[0x05] high edge lint[0x1])
[    0.000000] ACPI: LAPIC_NMI (acpi_id[0x06] high edge lint[0x1])
[    0.000000] ACPI: LAPIC_NMI (acpi_id[0x07] high edge lint[0x1])
[    0.000000] ACPI: LAPIC_NMI (acpi_id[0x08] high edge lint[0x1])
[    0.000000] ACPI: LAPIC_NMI (acpi_id[0x09] high edge lint[0x1])
[    0.000000] ACPI: LAPIC_NMI (acpi_id[0x0a] high edge lint[0x1])
[    0.000000] ACPI: LAPIC_NMI (acpi_id[0x0b] high edge lint[0x1])
[    0.000000] ACPI: LAPIC_NMI (acpi_id[0x0c] high edge lint[0x1])
[    0.000000] ACPI: LAPIC_NMI (acpi_id[0x0d] high edge lint[0x1])
[    0.000000] ACPI: LAPIC_NMI (acpi_id[0x0e] high edge lint[0x1])
[    0.000000] ACPI: LAPIC_NMI (acpi_id[0x0f] high edge lint[0x1])
[    0.000000] ACPI: LAPIC_NMI (acpi_id[0x10] high edge lint[0x1])
[    0.000000] ACPI: LAPIC_NMI (acpi_id[0x11] high edge lint[0x1])
[    0.000000] ACPI: LAPIC_NMI (acpi_id[0x12] high edge lint[0x1])
[    0.000000] ACPI: LAPIC_NMI (acpi_id[0x13] high edge lint[0x1])
[    0.000000] ACPI: LAPIC_NMI (acpi_id[0x14] high edge lint[0x1])
[    0.000000] ACPI: LAPIC_NMI (acpi_id[0x15] high edge lint[0x1])
[    0.000000] ACPI: LAPIC_NMI (acpi_id[0x16] high edge lint[0x1])
[    0.000000] ACPI: LAPIC_NMI (acpi_id[0x17] high edge lint[0x1])
[    0.000000] ACPI: LAPIC_NMI (acpi_id[0x18] high edge lint[0x1])
[    0.000000] ACPI: LAPIC_NMI (acpi_id[0x19] high edge lint[0x1])
[    0.000000] ACPI: LAPIC_NMI (acpi_id[0x1a] high edge lint[0x1])
[    0.000000] ACPI: LAPIC_NMI (acpi_id[0x1b] high edge lint[0x1])
[    0.000000] ACPI: LAPIC_NMI (acpi_id[0x1c] high edge lint[0x1])
[    0.000000] ACPI: LAPIC_NMI (acpi_id[0x1d] high edge lint[0x1])
[    0.000000] ACPI: LAPIC_NMI (acpi_id[0x1e] high edge lint[0x1])
[    0.000000] ACPI: LAPIC_NMI (acpi_id[0x1f] high edge lint[0x1])
[    0.000000] ACPI: LAPIC_NMI (acpi_id[0x20] high edge lint[0x1])
[    0.000000] ACPI: LAPIC_NMI (acpi_id[0x21] high edge lint[0x1])
[    0.000000] ACPI: LAPIC_NMI (acpi_id[0x22] high edge lint[0x1])
[    0.000000] ACPI: LAPIC_NMI (acpi_id[0x23] high edge lint[0x1])
[    0.000000] ACPI: LAPIC_NMI (acpi_id[0x24] high edge lint[0x1])
[    0.000000] ACPI: LAPIC_NMI (acpi_id[0x25] high edge lint[0x1])
[    0.000000] ACPI: LAPIC_NMI (acpi_id[0x26] high edge lint[0x1])
[    0.000000] ACPI: LAPIC_NMI (acpi_id[0x27] high edge lint[0x1])
[    0.000000] ACPI: LAPIC_NMI (acpi_id[0x28] high edge lint[0x1])
[    0.000000] ACPI: LAPIC_NMI (acpi_id[0x29] high edge lint[0x1])
[    0.000000] ACPI: LAPIC_NMI (acpi_id[0x2a] high edge lint[0x1])
[    0.000000] ACPI: LAPIC_NMI (acpi_id[0x2b] high edge lint[0x1])
[    0.000000] ACPI: LAPIC_NMI (acpi_id[0x2c] high edge lint[0x1])
[    0.000000] ACPI: LAPIC_NMI (acpi_id[0x2d] high edge lint[0x1])
[    0.000000] ACPI: LAPIC_NMI (acpi_id[0x2e] high edge lint[0x1])
[    0.000000] ACPI: LAPIC_NMI (acpi_id[0x2f] high edge lint[0x1])
[    0.000000] ACPI: LAPIC_NMI (acpi_id[0x30] high edge lint[0x1])
[    0.000000] ACPI: LAPIC_NMI (acpi_id[0x31] high edge lint[0x1])
[    0.000000] ACPI: LAPIC_NMI (acpi_id[0x32] high edge lint[0x1])
[    0.000000] ACPI: LAPIC_NMI (acpi_id[0x33] high edge lint[0x1])
[    0.000000] ACPI: LAPIC_NMI (acpi_id[0x34] high edge lint[0x1])
[    0.000000] ACPI: LAPIC_NMI (acpi_id[0x35] high edge lint[0x1])
[    0.000000] ACPI: LAPIC_NMI (acpi_id[0x36] high edge lint[0x1])
[    0.000000] ACPI: LAPIC_NMI (acpi_id[0x37] high edge lint[0x1])
[    0.000000] ACPI: LAPIC_NMI (acpi_id[0x38] high edge lint[0x1])
[    0.000000] ACPI: LAPIC_NMI (acpi_id[0x39] high edge lint[0x1])
[    0.000000] ACPI: LAPIC_NMI (acpi_id[0x3a] high edge lint[0x1])
[    0.000000] ACPI: LAPIC_NMI (acpi_id[0x3b] high edge lint[0x1])
[    0.000000] ACPI: LAPIC_NMI (acpi_id[0x3c] high edge lint[0x1])
[    0.000000] ACPI: LAPIC_NMI (acpi_id[0x3d] high edge lint[0x1])
[    0.000000] ACPI: LAPIC_NMI (acpi_id[0x3e] high edge lint[0x1])
[    0.000000] ACPI: LAPIC_NMI (acpi_id[0x3f] high edge lint[0x1])
[    0.000000] ACPI: Skipping IOAPIC probe due to 'noapic' option.
[    0.000000] Using ACPI for processor (LAPIC) configuration information
[    0.000000] ACPI: HPET id: 0x8086af01 base: 0xfed00000
[    0.000000] Intel MultiProcessor Specification v1.4
[    0.000000]     Virtual Wire compatibility mode.
[    0.000000] MPTABLE: OEM ID: INTEL   
[    0.000000] MPTABLE: Product ID: 440BX       
[    0.000000] MPTABLE: APIC at: 0xFEE00000
[    0.000000] I/O APIC #1 Version 17 at 0xFEC00000.
[    0.000000] Processors: 1
[    0.000000] 64 Processors exceeds NR_CPUS limit of 8
[    0.000000] SMP: Allowing 8 CPUs, 7 hotplug CPUs
[    0.000000] nr_irqs_gsi: 24
[    0.000000] PM: Registered nosave memory: 000000000009f000 - 00000000000a0000
[    0.000000] PM: Registered nosave memory: 00000000000a0000 - 00000000000ca000
[    0.000000] PM: Registered nosave memory: 00000000000ca000 - 00000000000cc000
[    0.000000] PM: Registered nosave memory: 00000000000cc000 - 00000000000dc000
[    0.000000] PM: Registered nosave memory: 00000000000dc000 - 0000000000100000
[    0.000000] Allocating PCI resources starting at 40000000 (gap: 40000000:a0000000)
[    0.000000] Booting paravirtualized kernel on bare hardware
[    0.000000] NR_CPUS:8 nr_cpumask_bits:8 nr_cpu_ids:8 nr_node_ids:1
[    0.000000] PERCPU: Embedded 15 pages/cpu @c2400000 s39320 r0 d22120 u262144
[    0.000000] pcpu-alloc: s39320 r0 d22120 u262144 alloc=1*2097152
[    0.000000] pcpu-alloc: [0] 0 1 2 3 4 5 6 7 
[    0.000000] Built 1 zonelists in Zone order, mobility grouping on.  Total pages: 259950
[    0.000000] Kernel command line: BOOT_IMAGE=/boot/vmlinuz-2.6.32.57 root=UUID=007b598c-390d-4c65-84a1-4ff752d48633 ro quiet splash maxcpus=0
[    0.000000] PID hash table entries: 4096 (order: 2, 16384 bytes)
[    0.000000] Dentry cache hash table entries: 131072 (order: 7, 524288 bytes)
[    0.000000] Inode-cache hash table entries: 65536 (order: 6, 262144 bytes)
[    0.000000] Enabling fast FPU save and restore... done.
[    0.000000] Enabling unmasked SIMD FPU exception support... done.
[    0.000000] Initializing CPU#0
[    0.000000] xsave/xrstor: enabled xstate_bv 0x7, cntxt size 0x340
[    0.000000] allocated 5242560 bytes of page_cgroup
[    0.000000] please try 'cgroup_disable=memory' option if you don't want memory cgroups
[    0.000000] Initializing HighMem for node 0 (000379fe:00040000)
[    0.000000] Memory: 938260k/1048576k available (4839k kernel code, 108848k reserved, 2518k data, 652k init, 137096k highmem)
[    0.000000] virtual kernel memory layout:
[    0.000000]     fixmap  : 0xfff1e000 - 0xfffff000   ( 900 kB)
[    0.000000]     pkmap   : 0xffa00000 - 0xffc00000   (2048 kB)
[    0.000000]     vmalloc : 0xf81fe000 - 0xff9fe000   ( 120 MB)
[    0.000000]     lowmem  : 0xc0000000 - 0xf79fe000   ( 889 MB)
[    0.000000]       .init : 0xc1730000 - 0xc17d3000   ( 652 kB)
[    0.000000]       .data : 0xc14b9cce - 0xc172f764   (2518 kB)
[    0.000000]       .text : 0xc1000000 - 0xc14b9cce   (4839 kB)
[    0.000000] Checking if this processor honours the WP bit even in supervisor mode...Ok.
[    0.000000] SLUB: Genslabs=13, HWalign=64, Order=0-3, MinObjects=0, CPUs=8, Nodes=1
[    0.000000] Hierarchical RCU implementation.
[    0.000000] NR_IRQS:2304 nr_irqs:472
[    0.000000] Extended CMOS year: 2000
[    0.000000] Console: colour VGA+ 80x25
[    0.000000] console [tty0] enabled
[    0.000000] hpet clockevent registered
[    0.000000] TSC freq read from hypervisor : 2394.620 MHz
[    0.000000] Detected 2394.620 MHz processor.
[    0.000003] Calibrating delay loop (skipped) preset value.. 4789.24 BogoMIPS (lpj=9578480)
[    0.000011] Security Framework initialized
[    0.000015] SELinux:  Disabled at boot.
[    0.000019] Mount-cache hash table entries: 512
[    0.000115] Initializing cgroup subsys cpuacct
[    0.000119] Initializing cgroup subsys memory
[    0.000122] Initializing cgroup subsys devices
[    0.000124] Initializing cgroup subsys freezer
[    0.000150] CPU: Physical Processor ID: 0
[    0.000157] CPU: L1 I cache: 32K, L1 D cache: 32K
[    0.000158] CPU: L2 cache: 256K
[    0.000159] CPU: L3 cache: 4096K
[    0.000164] mce: CPU supports 0 MCE banks
[    0.000176] Performance Events: no PMU driver, software events only.
[    0.000186] Checking 'hlt' instruction... OK.
[    0.017745] SMP alternatives: switching to UP code
[    0.033311] ACPI: Core revision 20090903
[    0.039433] ACPI: setting ELCR to 0200 (from 0e20)
[    0.040519] ftrace: converting mcount calls to 0f 1f 44 00 00
[    0.040524] ftrace: allocating 22631 entries in 45 pages
[    0.057940] CANARY value: 5b919f5e for PID: 1
[    0.057970] Not enabling x2apic, Intr-remapping init failed.
[    0.057972] Enabling APIC mode:  Flat.  Using 1 I/O APICs
[    0.057980] SMP mode deactivated.
[    0.058004] SMP disabled
[    0.058060] Brought up 1 CPUs
[    0.058062] Total of 1 processors activated (4789.24 BogoMIPS).
[    0.058066] CPU0 attaching NULL sched-domain.
[    0.058136] devtmpfs: initialized
[    0.058273] sysctl table check failed: /kernel/random/now_input .1.40.7 Unknown sysctl binary path
[    0.058514] Pid: 1, comm: swapper Not tainted 2.6.32.57 #4
[    0.058516] Call Trace:
[    0.058520]  [<c14a8a0e>] ? printk+0x1d/0x1f
[    0.058523]  [<c107b56f>] set_fail+0x4f/0x60
[    0.058525]  [<c107b8b3>] sysctl_check_table+0x333/0x620
[    0.058527]  [<c107b8cc>] sysctl_check_table+0x34c/0x620
[    0.058528]  [<c107b8cc>] sysctl_check_table+0x34c/0x620
[    0.058532]  [<c1746d48>] sysctl_init+0x25/0x29
[    0.058534]  [<c1003042>] do_one_initcall+0x32/0x1a0
[    0.058536]  [<c1746d23>] ? sysctl_init+0x0/0x29
[    0.058539]  [<c17308e7>] kernel_init+0x12d/0x17a
[    0.058540]  [<c17307ba>] ? kernel_init+0x0/0x17a
[    0.058542]  [<c1009b07>] kernel_thread_helper+0x7/0x10
[    0.058544] sysctl table check failed: /kernel/random/now_blocking .1.40.8 Unknown sysctl binary path
[    0.058773] Pid: 1, comm: swapper Not tainted 2.6.32.57 #4
[    0.058774] Call Trace:
[    0.058775]  [<c14a8a0e>] ? printk+0x1d/0x1f
[    0.058777]  [<c107b56f>] set_fail+0x4f/0x60
[    0.058779]  [<c107b8b3>] sysctl_check_table+0x333/0x620
[    0.058780]  [<c107b8cc>] sysctl_check_table+0x34c/0x620
[    0.058782]  [<c107b8cc>] sysctl_check_table+0x34c/0x620
[    0.058784]  [<c1746d48>] sysctl_init+0x25/0x29
[    0.058785]  [<c1003042>] do_one_initcall+0x32/0x1a0
[    0.058788]  [<c1746d23>] ? sysctl_init+0x0/0x29
[    0.058789]  [<c17308e7>] kernel_init+0x12d/0x17a
[    0.058791]  [<c17307ba>] ? kernel_init+0x0/0x17a
[    0.058792]  [<c1009b07>] kernel_thread_helper+0x7/0x10
[    0.058793] sysctl table check failed: /kernel/random/now_nonblocking .1.40.9 Unknown sysctl binary path
[    0.059024] Pid: 1, comm: swapper Not tainted 2.6.32.57 #4
[    0.059025] Call Trace:
[    0.059026]  [<c14a8a0e>] ? printk+0x1d/0x1f
[    0.059027]  [<c107b56f>] set_fail+0x4f/0x60
[    0.059029]  [<c107b8b3>] sysctl_check_table+0x333/0x620
[    0.059031]  [<c107b8cc>] sysctl_check_table+0x34c/0x620
[    0.059032]  [<c107b8cc>] sysctl_check_table+0x34c/0x620
[    0.059034]  [<c1746d48>] sysctl_init+0x25/0x29
[    0.059036]  [<c1003042>] do_one_initcall+0x32/0x1a0
[    0.059038]  [<c1746d23>] ? sysctl_init+0x0/0x29
[    0.059039]  [<c17308e7>] kernel_init+0x12d/0x17a
[    0.059041]  [<c17307ba>] ? kernel_init+0x0/0x17a
[    0.059042]  [<c1009b07>] kernel_thread_helper+0x7/0x10
[    0.059044] sysctl table check failed: /kernel/random/nb_input_bytes .1.40.10 Unknown sysctl binary path
[    0.059308] Pid: 1, comm: swapper Not tainted 2.6.32.57 #4
[    0.059308] Call Trace:
[    0.059310]  [<c14a8a0e>] ? printk+0x1d/0x1f
[    0.059312]  [<c107b56f>] set_fail+0x4f/0x60
[    0.059313]  [<c107b8b3>] sysctl_check_table+0x333/0x620
[    0.059315]  [<c107b8cc>] sysctl_check_table+0x34c/0x620
[    0.059316]  [<c107b8cc>] sysctl_check_table+0x34c/0x620
[    0.059319]  [<c1746d48>] sysctl_init+0x25/0x29
[    0.059320]  [<c1003042>] do_one_initcall+0x32/0x1a0
[    0.059322]  [<c1746d23>] ? sysctl_init+0x0/0x29
[    0.059324]  [<c17308e7>] kernel_init+0x12d/0x17a
[    0.059325]  [<c17307ba>] ? kernel_init+0x0/0x17a
[    0.059327]  [<c1009b07>] kernel_thread_helper+0x7/0x10
[    0.059328] sysctl table check failed: /kernel/random/nb_stir_count .1.40.11 Unknown sysctl binary path
[    0.059557] Pid: 1, comm: swapper Not tainted 2.6.32.57 #4
[    0.059558] Call Trace:
[    0.059559]  [<c14a8a0e>] ? printk+0x1d/0x1f
[    0.059561]  [<c107b56f>] set_fail+0x4f/0x60
[    0.059562]  [<c107b8b3>] sysctl_check_table+0x333/0x620
[    0.059564]  [<c107b8cc>] sysctl_check_table+0x34c/0x620
[    0.059565]  [<c107b8cc>] sysctl_check_table+0x34c/0x620
[    0.059568]  [<c1746d48>] sysctl_init+0x25/0x29
[    0.059569]  [<c1003042>] do_one_initcall+0x32/0x1a0
[    0.059571]  [<c1746d23>] ? sysctl_init+0x0/0x29
[    0.059573]  [<c17308e7>] kernel_init+0x12d/0x17a
[    0.059574]  [<c17307ba>] ? kernel_init+0x0/0x17a
[    0.059576]  [<c1009b07>] kernel_thread_helper+0x7/0x10
[    0.059577] sysctl table check failed: /kernel/random/nb_reentry_count .1.40.12 Unknown sysctl binary path
[    0.059808] Pid: 1, comm: swapper Not tainted 2.6.32.57 #4
[    0.059809] Call Trace:
[    0.059810]  [<c14a8a0e>] ? printk+0x1d/0x1f
[    0.059812]  [<c107b56f>] set_fail+0x4f/0x60
[    0.059813]  [<c107b8b3>] sysctl_check_table+0x333/0x620
[    0.059815]  [<c107b8cc>] sysctl_check_table+0x34c/0x620
[    0.059817]  [<c107b8cc>] sysctl_check_table+0x34c/0x620
[    0.059819]  [<c1746d48>] sysctl_init+0x25/0x29
[    0.059820]  [<c1003042>] do_one_initcall+0x32/0x1a0
[    0.059822]  [<c1746d23>] ? sysctl_init+0x0/0x29
[    0.059824]  [<c17308e7>] kernel_init+0x12d/0x17a
[    0.059825]  [<c17307ba>] ? kernel_init+0x0/0x17a
[    0.059827]  [<c1009b07>] kernel_thread_helper+0x7/0x10
[    0.059938] RANDOM - __seed init called.
[    0.059939] RANDOM - __seed init called.
[    0.059940] RANDOM - __seed init called.
[    0.059941] RANDOM - __random32 called. Change num 1.  Value: 865378fd	b53d80db	1f8ba37e
[    0.059942] RANDOM - __random32 called. Change num 2.  Value: 378fdd29	53d80db0	46fc7ad7
[    0.059943] RANDOM - __random32 called. Change num 3.  Value: fdd29985	3d80db0e	f5ae23f5
[    0.059945] RANDOM - __random32 called. Change num 4.  Value: 299855dc	d80db0e5	47eb1be7
[    0.059946] RANDOM - __random32 called. Change num 5.  Value: 855dc464	80db0e5c	37cf1678
[    0.059947] RANDOM - __random32 called. Change num 6.  Value: dc4647ba	db0e5c1	2cf136f4
[    0.059948] RANDOM - random32 init called.  Value: dc4647ba	db0e5c1	2cf136f4
[    0.059954] regulator: core version 0.5
[    0.060030] Time: 23:44:01  Date: 05/24/13
[    0.060066] NET: Registered protocol family 16
[    0.060129] EISA bus registered
[    0.060893] ACPI: bus type pci registered
[    0.061008] PCI: MCFG configuration 0: base e0000000 segment 0 buses 0 - 255
[    0.061010] PCI: MCFG area at e0000000 reserved in E820
[    0.061011] PCI: Using MMCONFIG for extended config space
[    0.061012] PCI: Using configuration type 1 for base access
[    0.061515] bio: create slab <bio-0> at 0
[    0.062735] ACPI: EC: Look up EC in DSDT
[    0.100366] ACPI: BIOS _OSI(Linux) query ignored
[    0.106662] ACPI: Interpreter enabled
[    0.106666] ACPI: (supports S0 S1 S4 S5)
[    0.106678] ACPI: Using PIC for interrupt routing
[    0.191701] ACPI: No dock devices found.
[    0.192564] ACPI: PCI Root Bridge [PCI0] (0000:00)
[    0.194221] pci 0000:00:07.1: reg 20 io port: [0x10c0-0x10cf]
[    0.194756] pci 0000:00:07.3: quirk: region 1000-103f claimed by PIIX4 ACPI
[    0.194768] pci 0000:00:07.3: quirk: region 1040-104f claimed by PIIX4 SMB
[    0.195364] pci 0000:00:07.7: reg 10 io port: [0x1080-0x10bf]
[    0.195752] pci 0000:00:07.7: reg 14 64bit mmio: [0xc8000000-0xc8001fff]
[    0.196940] pci 0000:00:0f.0: reg 10 io port: [0x10d0-0x10df]
[    0.196980] pci 0000:00:0f.0: reg 14 32bit mmio pref: [0xd0000000-0xd7ffffff]
[    0.197045] pci 0000:00:0f.0: reg 18 32bit mmio: [0xc8800000-0xc8ffffff]
[    0.197206] pci 0000:00:0f.0: reg 30 32bit mmio pref: [0x000000-0x007fff]
[    0.197741] pci 0000:00:10.0: reg 10 io port: [0x1400-0x14ff]
[    0.198250] pci 0000:00:10.0: reg 14 64bit mmio: [0xc8040000-0xc805ffff]
[    0.198625] pci 0000:00:10.0: reg 1c 64bit mmio: [0xc8020000-0xc803ffff]
[    0.198701] pci 0000:00:10.0: reg 30 32bit mmio pref: [0x000000-0x003fff]
[    0.200119] pci 0000:00:15.0: PME# supported from D0 D3hot D3cold
[    0.200140] pci 0000:00:15.0: PME# disabled
[    0.201001] pci 0000:00:15.1: PME# supported from D0 D3hot D3cold
[    0.201023] pci 0000:00:15.1: PME# disabled
[    0.201878] pci 0000:00:15.2: PME# supported from D0 D3hot D3cold
[    0.201897] pci 0000:00:15.2: PME# disabled
[    0.202763] pci 0000:00:15.3: PME# supported from D0 D3hot D3cold
[    0.202783] pci 0000:00:15.3: PME# disabled
[    0.203705] pci 0000:00:15.4: PME# supported from D0 D3hot D3cold
[    0.203728] pci 0000:00:15.4: PME# disabled
[    0.204661] pci 0000:00:15.5: PME# supported from D0 D3hot D3cold
[    0.204683] pci 0000:00:15.5: PME# disabled
[    0.205605] pci 0000:00:15.6: PME# supported from D0 D3hot D3cold
[    0.205625] pci 0000:00:15.6: PME# disabled
[    0.206555] pci 0000:00:15.7: PME# supported from D0 D3hot D3cold
[    0.206575] pci 0000:00:15.7: PME# disabled
[    0.207518] pci 0000:00:16.0: PME# supported from D0 D3hot D3cold
[    0.207539] pci 0000:00:16.0: PME# disabled
[    0.208468] pci 0000:00:16.1: PME# supported from D0 D3hot D3cold
[    0.208488] pci 0000:00:16.1: PME# disabled
[    0.209423] pci 0000:00:16.2: PME# supported from D0 D3hot D3cold
[    0.209444] pci 0000:00:16.2: PME# disabled
[    0.210371] pci 0000:00:16.3: PME# supported from D0 D3hot D3cold
[    0.210392] pci 0000:00:16.3: PME# disabled
[    0.211315] pci 0000:00:16.4: PME# supported from D0 D3hot D3cold
[    0.211336] pci 0000:00:16.4: PME# disabled
[    0.212264] pci 0000:00:16.5: PME# supported from D0 D3hot D3cold
[    0.212285] pci 0000:00:16.5: PME# disabled
[    0.213210] pci 0000:00:16.6: PME# supported from D0 D3hot D3cold
[    0.213231] pci 0000:00:16.6: PME# disabled
[    0.214151] pci 0000:00:16.7: PME# supported from D0 D3hot D3cold
[    0.214172] pci 0000:00:16.7: PME# disabled
[    0.215109] pci 0000:00:17.0: PME# supported from D0 D3hot D3cold
[    0.215131] pci 0000:00:17.0: PME# disabled
[    0.216076] pci 0000:00:17.1: PME# supported from D0 D3hot D3cold
[    0.216097] pci 0000:00:17.1: PME# disabled
[    0.217011] pci 0000:00:17.2: PME# supported from D0 D3hot D3cold
[    0.217042] pci 0000:00:17.2: PME# disabled
[    0.217949] pci 0000:00:17.3: PME# supported from D0 D3hot D3cold
[    0.217978] pci 0000:00:17.3: PME# disabled
[    0.218896] pci 0000:00:17.4: PME# supported from D0 D3hot D3cold
[    0.218917] pci 0000:00:17.4: PME# disabled
[    0.219907] pci 0000:00:17.5: PME# supported from D0 D3hot D3cold
[    0.219928] pci 0000:00:17.5: PME# disabled
[    0.220787] pci 0000:00:17.6: PME# supported from D0 D3hot D3cold
[    0.220807] pci 0000:00:17.6: PME# disabled
[    0.221768] pci 0000:00:17.7: PME# supported from D0 D3hot D3cold
[    0.221789] pci 0000:00:17.7: PME# disabled
[    0.222720] pci 0000:00:18.0: PME# supported from D0 D3hot D3cold
[    0.222741] pci 0000:00:18.0: PME# disabled
[    0.223674] pci 0000:00:18.1: PME# supported from D0 D3hot D3cold
[    0.223695] pci 0000:00:18.1: PME# disabled
[    0.224625] pci 0000:00:18.2: PME# supported from D0 D3hot D3cold
[    0.224645] pci 0000:00:18.2: PME# disabled
[    0.225567] pci 0000:00:18.3: PME# supported from D0 D3hot D3cold
[    0.225588] pci 0000:00:18.3: PME# disabled
[    0.226509] pci 0000:00:18.4: PME# supported from D0 D3hot D3cold
[    0.226530] pci 0000:00:18.4: PME# disabled
[    0.227462] pci 0000:00:18.5: PME# supported from D0 D3hot D3cold
[    0.227484] pci 0000:00:18.5: PME# disabled
[    0.228367] pci 0000:00:18.6: PME# supported from D0 D3hot D3cold
[    0.228387] pci 0000:00:18.6: PME# disabled
[    0.229287] pci 0000:00:18.7: PME# supported from D0 D3hot D3cold
[    0.229308] pci 0000:00:18.7: PME# disabled
[    0.230468] pci 0000:02:00.0: reg 20 io port: [0x20c0-0x20df]
[    0.230960] pci 0000:02:01.0: reg 10 io port: [0x2000-0x207f]
[    0.231210] pci 0000:02:01.0: reg 30 32bit mmio pref: [0x000000-0x00ffff]
[    0.231758] pci 0000:02:02.0: reg 10 io port: [0x2080-0x20bf]
[    0.232377] pci 0000:02:03.0: reg 10 32bit mmio: [0xc9000000-0xc9000fff]
[    0.232974] pci 0000:00:11.0: transparent bridge
[    0.232996] pci 0000:00:11.0: bridge io port: [0x2000-0x3fff]
[    0.233019] pci 0000:00:11.0: bridge 32bit mmio: [0xc9000000-0xca3fffff]
[    0.233061] pci 0000:00:11.0: bridge 64bit mmio pref: [0xd8400000-0xd89fffff]
[    0.233486] pci 0000:00:15.0: bridge io port: [0x4000-0x4fff]
[    0.233507] pci 0000:00:15.0: bridge 32bit mmio: [0xca400000-0xca4fffff]
[    0.233546] pci 0000:00:15.0: bridge 64bit mmio pref: [0xd8a00000-0xd8afffff]
[    0.233911] pci 0000:00:15.1: bridge io port: [0x8000-0x8fff]
[    0.233931] pci 0000:00:15.1: bridge 32bit mmio: [0xca800000-0xca8fffff]
[    0.233977] pci 0000:00:15.1: bridge 64bit mmio pref: [0xd8e00000-0xd8efffff]
[    0.234334] pci 0000:00:15.2: bridge io port: [0xc000-0xcfff]
[    0.234354] pci 0000:00:15.2: bridge 32bit mmio: [0xcac00000-0xcacfffff]
[    0.234392] pci 0000:00:15.2: bridge 64bit mmio pref: [0xd9200000-0xd92fffff]
[    0.234774] pci 0000:00:15.3: bridge 32bit mmio: [0xcb000000-0xcb0fffff]
[    0.234812] pci 0000:00:15.3: bridge 64bit mmio pref: [0xd9600000-0xd96fffff]
[    0.235238] pci 0000:00:15.4: bridge 32bit mmio: [0xcb400000-0xcb4fffff]
[    0.235278] pci 0000:00:15.4: bridge 64bit mmio pref: [0xd9a00000-0xd9afffff]
[    0.235687] pci 0000:00:15.5: bridge 32bit mmio: [0xcb800000-0xcb8fffff]
[    0.235727] pci 0000:00:15.5: bridge 64bit mmio pref: [0xd9e00000-0xd9efffff]
[    0.236147] pci 0000:00:15.6: bridge 32bit mmio: [0xcbc00000-0xcbcfffff]
[    0.236187] pci 0000:00:15.6: bridge 64bit mmio pref: [0xda200000-0xda2fffff]
[    0.236580] pci 0000:00:15.7: bridge 32bit mmio: [0xcc000000-0xcc0fffff]
[    0.236620] pci 0000:00:15.7: bridge 64bit mmio pref: [0xda600000-0xda6fffff]
[    0.237014] pci 0000:00:16.0: bridge io port: [0x5000-0x5fff]
[    0.237043] pci 0000:00:16.0: bridge 32bit mmio: [0xca500000-0xca5fffff]
[    0.237083] pci 0000:00:16.0: bridge 64bit mmio pref: [0xd8b00000-0xd8bfffff]
[    0.237485] pci 0000:00:16.1: bridge io port: [0x9000-0x9fff]
[    0.237506] pci 0000:00:16.1: bridge 32bit mmio: [0xca900000-0xca9fffff]
[    0.237545] pci 0000:00:16.1: bridge 64bit mmio pref: [0xd8f00000-0xd8ffffff]
[    0.237921] pci 0000:00:16.2: bridge io port: [0xd000-0xdfff]
[    0.237951] pci 0000:00:16.2: bridge 32bit mmio: [0xcad00000-0xcadfffff]
[    0.238010] pci 0000:00:16.2: bridge 64bit mmio pref: [0xd9300000-0xd93fffff]
[    0.238405] pci 0000:00:16.3: bridge 32bit mmio: [0xcb100000-0xcb1fffff]
[    0.238444] pci 0000:00:16.3: bridge 64bit mmio pref: [0xd9700000-0xd97fffff]
[    0.238837] pci 0000:00:16.4: bridge 32bit mmio: [0xcb500000-0xcb5fffff]
[    0.238877] pci 0000:00:16.4: bridge 64bit mmio pref: [0xd9b00000-0xd9bfffff]
[    0.239301] pci 0000:00:16.5: bridge 32bit mmio: [0xcb900000-0xcb9fffff]
[    0.239341] pci 0000:00:16.5: bridge 64bit mmio pref: [0xd9f00000-0xd9ffffff]
[    0.239746] pci 0000:00:16.6: bridge 32bit mmio: [0xcbd00000-0xcbdfffff]
[    0.239785] pci 0000:00:16.6: bridge 64bit mmio pref: [0xda300000-0xda3fffff]
[    0.240203] pci 0000:00:16.7: bridge 32bit mmio: [0xcc100000-0xcc1fffff]
[    0.240243] pci 0000:00:16.7: bridge 64bit mmio pref: [0xda700000-0xda7fffff]
[    0.240617] pci 0000:00:17.0: bridge io port: [0x6000-0x6fff]
[    0.240638] pci 0000:00:17.0: bridge 32bit mmio: [0xca600000-0xca6fffff]
[    0.240678] pci 0000:00:17.0: bridge 64bit mmio pref: [0xd8c00000-0xd8cfffff]
[    0.241096] pci 0000:00:17.1: bridge io port: [0xa000-0xafff]
[    0.241117] pci 0000:00:17.1: bridge 32bit mmio: [0xcaa00000-0xcaafffff]
[    0.241157] pci 0000:00:17.1: bridge 64bit mmio pref: [0xd9000000-0xd90fffff]
[    0.241532] pci 0000:00:17.2: bridge io port: [0xe000-0xefff]
[    0.241553] pci 0000:00:17.2: bridge 32bit mmio: [0xcae00000-0xcaefffff]
[    0.241592] pci 0000:00:17.2: bridge 64bit mmio pref: [0xd9400000-0xd94fffff]
[    0.242006] pci 0000:00:17.3: bridge 32bit mmio: [0xcb200000-0xcb2fffff]
[    0.242048] pci 0000:00:17.3: bridge 64bit mmio pref: [0xd9800000-0xd98fffff]
[    0.242472] pci 0000:00:17.4: bridge 32bit mmio: [0xcb600000-0xcb6fffff]
[    0.242512] pci 0000:00:17.4: bridge 64bit mmio pref: [0xd9c00000-0xd9cfffff]
[    0.242905] pci 0000:00:17.5: bridge 32bit mmio: [0xcba00000-0xcbafffff]
[    0.242978] pci 0000:00:17.5: bridge 64bit mmio pref: [0xda000000-0xda0fffff]
[    0.243384] pci 0000:00:17.6: bridge 32bit mmio: [0xcbe00000-0xcbefffff]
[    0.243424] pci 0000:00:17.6: bridge 64bit mmio pref: [0xda400000-0xda4fffff]
[    0.243826] pci 0000:00:17.7: bridge 32bit mmio: [0xcc200000-0xcc2fffff]
[    0.243866] pci 0000:00:17.7: bridge 64bit mmio pref: [0xda800000-0xda8fffff]
[    0.244248] pci 0000:00:18.0: bridge io port: [0x7000-0x7fff]
[    0.244269] pci 0000:00:18.0: bridge 32bit mmio: [0xca700000-0xca7fffff]
[    0.244308] pci 0000:00:18.0: bridge 64bit mmio pref: [0xd8d00000-0xd8dfffff]
[    0.244683] pci 0000:00:18.1: bridge io port: [0xb000-0xbfff]
[    0.244704] pci 0000:00:18.1: bridge 32bit mmio: [0xcab00000-0xcabfffff]
[    0.244743] pci 0000:00:18.1: bridge 64bit mmio pref: [0xd9100000-0xd91fffff]
[    0.245139] pci 0000:00:18.2: bridge io port: [0xf000-0xffff]
[    0.245160] pci 0000:00:18.2: bridge 32bit mmio: [0xcaf00000-0xcaffffff]
[    0.245199] pci 0000:00:18.2: bridge 64bit mmio pref: [0xd9500000-0xd95fffff]
[    0.245593] pci 0000:00:18.3: bridge 32bit mmio: [0xcb300000-0xcb3fffff]
[    0.245633] pci 0000:00:18.3: bridge 64bit mmio pref: [0xd9900000-0xd99fffff]
[    0.246054] pci 0000:00:18.4: bridge 32bit mmio: [0xcb700000-0xcb7fffff]
[    0.246093] pci 0000:00:18.4: bridge 64bit mmio pref: [0xd9d00000-0xd9dfffff]
[    0.246487] pci 0000:00:18.5: bridge 32bit mmio: [0xcbb00000-0xcbbfffff]
[    0.246526] pci 0000:00:18.5: bridge 64bit mmio pref: [0xda100000-0xda1fffff]
[    0.246919] pci 0000:00:18.6: bridge 32bit mmio: [0xcbf00000-0xcbffffff]
[    0.246992] pci 0000:00:18.6: bridge 64bit mmio pref: [0xda500000-0xda5fffff]
[    0.247397] pci 0000:00:18.7: bridge 32bit mmio: [0xcc300000-0xcc3fffff]
[    0.247437] pci 0000:00:18.7: bridge 64bit mmio pref: [0xda900000-0xda9fffff]
[    0.249039] pci_bus 0000:00: on NUMA node 0
[    0.249047] ACPI: PCI Interrupt Routing Table [\_SB_.PCI0._PRT]
[    0.471084] ACPI: PCI Interrupt Link [LNKA] (IRQs 3 4 5 6 7 *9 10 11 14 15)
[    0.471233] ACPI: PCI Interrupt Link [LNKB] (IRQs 3 4 5 6 7 9 10 *11 14 15)
[    0.471389] ACPI: PCI Interrupt Link [LNKC] (IRQs 3 4 5 6 7 9 *10 11 14 15)
[    0.471534] ACPI: PCI Interrupt Link [LNKD] (IRQs 3 4 *5 6 7 9 10 11 14 15)
[    0.471697] vgaarb: device added: PCI:0000:00:0f.0,decodes=io+mem,owns=io+mem,locks=none
[    0.471706] vgaarb: loaded
[    0.471791] SCSI subsystem initialized
[    0.471834] libata version 3.00 loaded.
[    0.471873] usbcore: registered new interface driver usbfs
[    0.471884] usbcore: registered new interface driver hub
[    0.471899] usbcore: registered new device driver usb
[    0.471964] PCI: Using ACPI for IRQ routing
[    0.472984] NetLabel: Initializing
[    0.472985] NetLabel:  domain hash size = 128
[    0.472985] NetLabel:  protocols = UNLABELED CIPSOv4
[    0.472992] NetLabel:  unlabeled traffic allowed by default
[    0.473025] hpet0: at MMIO 0xfed00000, IRQs 2, 8, 0, 0, 0, 0, 0, 0, 0, 0, 0, 0, 0, 0, 0, 0
[    0.473030] hpet0: 16 comparators, 64-bit 14.318180 MHz counter
[    0.475047] Switching to clocksource tsc
[    0.482088] pnp: PnP ACPI init
[    0.482098] ACPI: bus type pnp registered
[    0.525628] pnp: PnP ACPI: found 14 devices
[    0.525631] ACPI: ACPI bus type pnp unregistered
[    0.525634] PnPBIOS: Disabled by ACPI PNP
[    0.525644] system 00:01: ioport range 0x1000-0x103f has been reserved
[    0.525646] system 00:01: ioport range 0x1040-0x104f has been reserved
[    0.525647] system 00:01: ioport range 0xcf0-0xcf1 has been reserved
[    0.525653] system 00:08: iomem range 0xfed00000-0xfed003ff has been reserved
[    0.525657] system 00:0d: ioport range 0x1060-0x107f has been reserved
[    0.525659] system 00:0d: iomem range 0xe0000000-0xefffffff has been reserved
[    0.525661] system 00:0d: iomem range 0xc8200000-0xc83fffff has been reserved
[    0.560407] pci 0000:00:15.3: BAR 13: can't allocate I/O resource [0x10000-0xffff]
[    0.560411] pci 0000:00:15.4: BAR 13: can't allocate I/O resource [0x10000-0xffff]
[    0.560414] pci 0000:00:15.5: BAR 13: can't allocate I/O resource [0x10000-0xffff]
[    0.560417] pci 0000:00:15.6: BAR 13: can't allocate I/O resource [0x10000-0xffff]
[    0.560420] pci 0000:00:15.7: BAR 13: can't allocate I/O resource [0x10000-0xffff]
[    0.560422] pci 0000:00:16.3: BAR 13: can't allocate I/O resource [0x10000-0xffff]
[    0.560425] pci 0000:00:16.4: BAR 13: can't allocate I/O resource [0x10000-0xffff]
[    0.560428] pci 0000:00:16.5: BAR 13: can't allocate I/O resource [0x10000-0xffff]
[    0.560430] pci 0000:00:16.6: BAR 13: can't allocate I/O resource [0x10000-0xffff]
[    0.560433] pci 0000:00:16.7: BAR 13: can't allocate I/O resource [0x10000-0xffff]
[    0.560435] pci 0000:00:17.3: BAR 13: can't allocate I/O resource [0x10000-0xffff]
[    0.560438] pci 0000:00:17.4: BAR 13: can't allocate I/O resource [0x10000-0xffff]
[    0.560441] pci 0000:00:17.5: BAR 13: can't allocate I/O resource [0x10000-0xffff]
[    0.560443] pci 0000:00:17.6: BAR 13: can't allocate I/O resource [0x10000-0xffff]
[    0.560446] pci 0000:00:17.7: BAR 13: can't allocate I/O resource [0x10000-0xffff]
[    0.560449] pci 0000:00:18.3: BAR 13: can't allocate I/O resource [0x10000-0xffff]
[    0.560451] pci 0000:00:18.4: BAR 13: can't allocate I/O resource [0x10000-0xffff]
[    0.560454] pci 0000:00:18.5: BAR 13: can't allocate I/O resource [0x10000-0xffff]
[    0.560456] pci 0000:00:18.6: BAR 13: can't allocate I/O resource [0x10000-0xffff]
[    0.560459] pci 0000:00:18.7: BAR 13: can't allocate I/O resource [0x10000-0xffff]
[    0.560461] pci 0000:00:01.0: PCI bridge, secondary bus 0000:01
[    0.560463] pci 0000:00:01.0:   IO window: disabled
[    0.560494] pci 0000:00:01.0:   MEM window: disabled
[    0.560516] pci 0000:00:01.0:   PREFETCH window: disabled
[    0.560557] pci 0000:00:11.0: PCI bridge, secondary bus 0000:02
[    0.560569] pci 0000:00:11.0:   IO window: 0x2000-0x3fff
[    0.560600] pci 0000:00:11.0:   MEM window: 0xc9000000-0xca3fffff
[    0.560622] pci 0000:00:11.0:   PREFETCH window: 0x000000d8400000-0x000000d89fffff
[    0.560662] pci 0000:00:15.0: PCI bridge, secondary bus 0000:03
[    0.560674] pci 0000:00:15.0:   IO window: 0x4000-0x4fff
[    0.560705] pci 0000:00:15.0:   MEM window: 0xca400000-0xca4fffff
[    0.560726] pci 0000:00:15.0:   PREFETCH window: 0x000000d8a00000-0x000000d8afffff
[    0.560780] pci 0000:00:15.1: PCI bridge, secondary bus 0000:04
[    0.560792] pci 0000:00:15.1:   IO window: 0x8000-0x8fff
[    0.560823] pci 0000:00:15.1:   MEM window: 0xca800000-0xca8fffff
[    0.560844] pci 0000:00:15.1:   PREFETCH window: 0x000000d8e00000-0x000000d8efffff
[    0.560889] pci 0000:00:15.2: PCI bridge, secondary bus 0000:05
[    0.560901] pci 0000:00:15.2:   IO window: 0xc000-0xcfff
[    0.560931] pci 0000:00:15.2:   MEM window: 0xcac00000-0xcacfffff
[    0.560953] pci 0000:00:15.2:   PREFETCH window: 0x000000d9200000-0x000000d92fffff
[    0.561011] pci 0000:00:15.3: PCI bridge, secondary bus 0000:06
[    0.561012] pci 0000:00:15.3:   IO window: disabled
[    0.561046] pci 0000:00:15.3:   MEM window: 0xcb000000-0xcb0fffff
[    0.561076] pci 0000:00:15.3:   PREFETCH window: 0x000000d9600000-0x000000d96fffff
[    0.561120] pci 0000:00:15.4: PCI bridge, secondary bus 0000:07
[    0.561122] pci 0000:00:15.4:   IO window: disabled
[    0.561160] pci 0000:00:15.4:   MEM window: 0xcb400000-0xcb4fffff
[    0.561191] pci 0000:00:15.4:   PREFETCH window: 0x000000d9a00000-0x000000d9afffff
[    0.561246] pci 0000:00:15.5: PCI bridge, secondary bus 0000:08
[    0.561247] pci 0000:00:15.5:   IO window: disabled
[    0.561278] pci 0000:00:15.5:   MEM window: 0xcb800000-0xcb8fffff
[    0.561299] pci 0000:00:15.5:   PREFETCH window: 0x000000d9e00000-0x000000d9efffff
[    0.561343] pci 0000:00:15.6: PCI bridge, secondary bus 0000:09
[    0.561345] pci 0000:00:15.6:   IO window: disabled
[    0.561376] pci 0000:00:15.6:   MEM window: 0xcbc00000-0xcbcfffff
[    0.561397] pci 0000:00:15.6:   PREFETCH window: 0x000000da200000-0x000000da2fffff
[    0.561442] pci 0000:00:15.7: PCI bridge, secondary bus 0000:0a
[    0.561443] pci 0000:00:15.7:   IO window: disabled
[    0.561474] pci 0000:00:15.7:   MEM window: 0xcc000000-0xcc0fffff
[    0.561495] pci 0000:00:15.7:   PREFETCH window: 0x000000da600000-0x000000da6fffff
[    0.561539] pci 0000:00:16.0: PCI bridge, secondary bus 0000:0b
[    0.561551] pci 0000:00:16.0:   IO window: 0x5000-0x5fff
[    0.561582] pci 0000:00:16.0:   MEM window: 0xca500000-0xca5fffff
[    0.561604] pci 0000:00:16.0:   PREFETCH window: 0x000000d8b00000-0x000000d8bfffff
[    0.561647] pci 0000:00:16.1: PCI bridge, secondary bus 0000:0c
[    0.561660] pci 0000:00:16.1:   IO window: 0x9000-0x9fff
[    0.561690] pci 0000:00:16.1:   MEM window: 0xca900000-0xca9fffff
[    0.561712] pci 0000:00:16.1:   PREFETCH window: 0x000000d8f00000-0x000000d8ffffff
[    0.561756] pci 0000:00:16.2: PCI bridge, secondary bus 0000:0d
[    0.561768] pci 0000:00:16.2:   IO window: 0xd000-0xdfff
[    0.561798] pci 0000:00:16.2:   MEM window: 0xcad00000-0xcadfffff
[    0.561820] pci 0000:00:16.2:   PREFETCH window: 0x000000d9300000-0x000000d93fffff
[    0.561864] pci 0000:00:16.3: PCI bridge, secondary bus 0000:0e
[    0.561865] pci 0000:00:16.3:   IO window: disabled
[    0.561896] pci 0000:00:16.3:   MEM window: 0xcb100000-0xcb1fffff
[    0.561917] pci 0000:00:16.3:   PREFETCH window: 0x000000d9700000-0x000000d97fffff
[    0.561961] pci 0000:00:16.4: PCI bridge, secondary bus 0000:0f
[    0.561963] pci 0000:00:16.4:   IO window: disabled
[    0.561994] pci 0000:00:16.4:   MEM window: 0xcb500000-0xcb5fffff
[    0.562015] pci 0000:00:16.4:   PREFETCH window: 0x000000d9b00000-0x000000d9bfffff
[    0.562059] pci 0000:00:16.5: PCI bridge, secondary bus 0000:10
[    0.562060] pci 0000:00:16.5:   IO window: disabled
[    0.562092] pci 0000:00:16.5:   MEM window: 0xcb900000-0xcb9fffff
[    0.562113] pci 0000:00:16.5:   PREFETCH window: 0x000000d9f00000-0x000000d9ffffff
[    0.562179] pci 0000:00:16.6: PCI bridge, secondary bus 0000:11
[    0.562180] pci 0000:00:16.6:   IO window: disabled
[    0.562214] pci 0000:00:16.6:   MEM window: 0xcbd00000-0xcbdfffff
[    0.562237] pci 0000:00:16.6:   PREFETCH window: 0x000000da300000-0x000000da3fffff
[    0.562293] pci 0000:00:16.7: PCI bridge, secondary bus 0000:12
[    0.562294] pci 0000:00:16.7:   IO window: disabled
[    0.562325] pci 0000:00:16.7:   MEM window: 0xcc100000-0xcc1fffff
[    0.562346] pci 0000:00:16.7:   PREFETCH window: 0x000000da700000-0x000000da7fffff
[    0.562390] pci 0000:00:17.0: PCI bridge, secondary bus 0000:13
[    0.562403] pci 0000:00:17.0:   IO window: 0x6000-0x6fff
[    0.562433] pci 0000:00:17.0:   MEM window: 0xca600000-0xca6fffff
[    0.562454] pci 0000:00:17.0:   PREFETCH window: 0x000000d8c00000-0x000000d8cfffff
[    0.562498] pci 0000:00:17.1: PCI bridge, secondary bus 0000:14
[    0.562511] pci 0000:00:17.1:   IO window: 0xa000-0xafff
[    0.562541] pci 0000:00:17.1:   MEM window: 0xcaa00000-0xcaafffff
[    0.562562] pci 0000:00:17.1:   PREFETCH window: 0x000000d9000000-0x000000d90fffff
[    0.562607] pci 0000:00:17.2: PCI bridge, secondary bus 0000:15
[    0.562619] pci 0000:00:17.2:   IO window: 0xe000-0xefff
[    0.562649] pci 0000:00:17.2:   MEM window: 0xcae00000-0xcaefffff
[    0.562671] pci 0000:00:17.2:   PREFETCH window: 0x000000d9400000-0x000000d94fffff
[    0.562715] pci 0000:00:17.3: PCI bridge, secondary bus 0000:16
[    0.562716] pci 0000:00:17.3:   IO window: disabled
[    0.562747] pci 0000:00:17.3:   MEM window: 0xcb200000-0xcb2fffff
[    0.562768] pci 0000:00:17.3:   PREFETCH window: 0x000000d9800000-0x000000d98fffff
[    0.562812] pci 0000:00:17.4: PCI bridge, secondary bus 0000:17
[    0.562814] pci 0000:00:17.4:   IO window: disabled
[    0.562845] pci 0000:00:17.4:   MEM window: 0xcb600000-0xcb6fffff
[    0.562866] pci 0000:00:17.4:   PREFETCH window: 0x000000d9c00000-0x000000d9cfffff
[    0.562910] pci 0000:00:17.5: PCI bridge, secondary bus 0000:18
[    0.562911] pci 0000:00:17.5:   IO window: disabled
[    0.562915] pci 0000:00:17.5:   MEM window: 0xcba00000-0xcbafffff
[    0.562970] pci 0000:00:17.5:   PREFETCH window: 0x000000da000000-0x000000da0fffff
[    0.563015] pci 0000:00:17.6: PCI bridge, secondary bus 0000:19
[    0.563017] pci 0000:00:17.6:   IO window: disabled
[    0.563047] pci 0000:00:17.6:   MEM window: 0xcbe00000-0xcbefffff
[    0.563069] pci 0000:00:17.6:   PREFETCH window: 0x000000da400000-0x000000da4fffff
[    0.563113] pci 0000:00:17.7: PCI bridge, secondary bus 0000:1a
[    0.563114] pci 0000:00:17.7:   IO window: disabled
[    0.563163] pci 0000:00:17.7:   MEM window: 0xcc200000-0xcc2fffff
[    0.563200] pci 0000:00:17.7:   PREFETCH window: 0x000000da800000-0x000000da8fffff
[    0.563255] pci 0000:00:18.0: PCI bridge, secondary bus 0000:1b
[    0.563267] pci 0000:00:18.0:   IO window: 0x7000-0x7fff
[    0.563298] pci 0000:00:18.0:   MEM window: 0xca700000-0xca7fffff
[    0.563319] pci 0000:00:18.0:   PREFETCH window: 0x000000d8d00000-0x000000d8dfffff
[    0.563363] pci 0000:00:18.1: PCI bridge, secondary bus 0000:1c
[    0.563375] pci 0000:00:18.1:   IO window: 0xb000-0xbfff
[    0.563406] pci 0000:00:18.1:   MEM window: 0xcab00000-0xcabfffff
[    0.563427] pci 0000:00:18.1:   PREFETCH window: 0x000000d9100000-0x000000d91fffff
[    0.563471] pci 0000:00:18.2: PCI bridge, secondary bus 0000:1d
[    0.563483] pci 0000:00:18.2:   IO window: 0xf000-0xffff
[    0.563514] pci 0000:00:18.2:   MEM window: 0xcaf00000-0xcaffffff
[    0.563535] pci 0000:00:18.2:   PREFETCH window: 0x000000d9500000-0x000000d95fffff
[    0.563579] pci 0000:00:18.3: PCI bridge, secondary bus 0000:1e
[    0.563581] pci 0000:00:18.3:   IO window: disabled
[    0.563612] pci 0000:00:18.3:   MEM window: 0xcb300000-0xcb3fffff
[    0.563633] pci 0000:00:18.3:   PREFETCH window: 0x000000d9900000-0x000000d99fffff
[    0.563677] pci 0000:00:18.4: PCI bridge, secondary bus 0000:1f
[    0.563679] pci 0000:00:18.4:   IO window: disabled
[    0.563709] pci 0000:00:18.4:   MEM window: 0xcb700000-0xcb7fffff
[    0.563731] pci 0000:00:18.4:   PREFETCH window: 0x000000d9d00000-0x000000d9dfffff
[    0.563775] pci 0000:00:18.5: PCI bridge, secondary bus 0000:20
[    0.563776] pci 0000:00:18.5:   IO window: disabled
[    0.563807] pci 0000:00:18.5:   MEM window: 0xcbb00000-0xcbbfffff
[    0.563828] pci 0000:00:18.5:   PREFETCH window: 0x000000da100000-0x000000da1fffff
[    0.563872] pci 0000:00:18.6: PCI bridge, secondary bus 0000:21
[    0.563874] pci 0000:00:18.6:   IO window: disabled
[    0.563904] pci 0000:00:18.6:   MEM window: 0xcbf00000-0xcbffffff
[    0.563926] pci 0000:00:18.6:   PREFETCH window: 0x000000da500000-0x000000da5fffff
[    0.563970] pci 0000:00:18.7: PCI bridge, secondary bus 0000:22
[    0.563971] pci 0000:00:18.7:   IO window: disabled
[    0.564002] pci 0000:00:18.7:   MEM window: 0xcc300000-0xcc3fffff
[    0.564023] pci 0000:00:18.7:   PREFETCH window: 0x000000da900000-0x000000da9fffff
[    0.564100] pci 0000:00:01.0: setting latency timer to 64
[    0.564228] pci 0000:00:15.0: setting latency timer to 64
[    0.564298] pci 0000:00:15.1: setting latency timer to 64
[    0.564368] pci 0000:00:15.2: setting latency timer to 64
[    0.564438] pci 0000:00:15.3: setting latency timer to 64
[    0.564507] pci 0000:00:15.4: setting latency timer to 64
[    0.564577] pci 0000:00:15.5: setting latency timer to 64
[    0.564647] pci 0000:00:15.6: setting latency timer to 64
[    0.564716] pci 0000:00:15.7: setting latency timer to 64
[    0.564786] pci 0000:00:16.0: setting latency timer to 64
[    0.564855] pci 0000:00:16.1: setting latency timer to 64
[    0.564925] pci 0000:00:16.2: setting latency timer to 64
[    0.564995] pci 0000:00:16.3: setting latency timer to 64
[    0.565064] pci 0000:00:16.4: setting latency timer to 64
[    0.565141] pci 0000:00:16.5: setting latency timer to 64
[    0.565230] pci 0000:00:16.6: setting latency timer to 64
[    0.565300] pci 0000:00:16.7: setting latency timer to 64
[    0.565369] pci 0000:00:17.0: setting latency timer to 64
[    0.565439] pci 0000:00:17.1: setting latency timer to 64
[    0.565509] pci 0000:00:17.2: setting latency timer to 64
[    0.565578] pci 0000:00:17.3: setting latency timer to 64
[    0.565648] pci 0000:00:17.4: setting latency timer to 64
[    0.565717] pci 0000:00:17.5: setting latency timer to 64
[    0.565787] pci 0000:00:17.6: setting latency timer to 64
[    0.565856] pci 0000:00:17.7: setting latency timer to 64
[    0.565926] pci 0000:00:18.0: setting latency timer to 64
[    0.565996] pci 0000:00:18.1: setting latency timer to 64
[    0.566065] pci 0000:00:18.2: setting latency timer to 64
[    0.566142] pci 0000:00:18.3: setting latency timer to 64
[    0.566233] pci 0000:00:18.4: setting latency timer to 64
[    0.566303] pci 0000:00:18.5: setting latency timer to 64
[    0.566373] pci 0000:00:18.6: setting latency timer to 64
[    0.566442] pci 0000:00:18.7: setting latency timer to 64
[    0.566455] pci_bus 0000:00: resource 0 io:  [0x00-0xffff]
[    0.566457] pci_bus 0000:00: resource 1 mem: [0x000000-0xffffffffffffffff]
[    0.566459] pci_bus 0000:02: resource 0 io:  [0x2000-0x3fff]
[    0.566461] pci_bus 0000:02: resource 1 mem: [0xc9000000-0xca3fffff]
[    0.566463] pci_bus 0000:02: resource 2 pref mem [0xd8400000-0xd89fffff]
[    0.566465] pci_bus 0000:02: resource 3 io:  [0x00-0xffff]
[    0.566467] pci_bus 0000:02: resource 4 mem: [0x000000-0xffffffffffffffff]
[    0.566469] pci_bus 0000:03: resource 0 io:  [0x4000-0x4fff]
[    0.566470] pci_bus 0000:03: resource 1 mem: [0xca400000-0xca4fffff]
[    0.566472] pci_bus 0000:03: resource 2 pref mem [0xd8a00000-0xd8afffff]
[    0.566474] pci_bus 0000:04: resource 0 io:  [0x8000-0x8fff]
[    0.566476] pci_bus 0000:04: resource 1 mem: [0xca800000-0xca8fffff]
[    0.566478] pci_bus 0000:04: resource 2 pref mem [0xd8e00000-0xd8efffff]
[    0.566479] pci_bus 0000:05: resource 0 io:  [0xc000-0xcfff]
[    0.566481] pci_bus 0000:05: resource 1 mem: [0xcac00000-0xcacfffff]
[    0.566483] pci_bus 0000:05: resource 2 pref mem [0xd9200000-0xd92fffff]
[    0.566485] pci_bus 0000:06: resource 1 mem: [0xcb000000-0xcb0fffff]
[    0.566487] pci_bus 0000:06: resource 2 pref mem [0xd9600000-0xd96fffff]
[    0.566488] pci_bus 0000:07: resource 1 mem: [0xcb400000-0xcb4fffff]
[    0.566490] pci_bus 0000:07: resource 2 pref mem [0xd9a00000-0xd9afffff]
[    0.566492] pci_bus 0000:08: resource 1 mem: [0xcb800000-0xcb8fffff]
[    0.566494] pci_bus 0000:08: resource 2 pref mem [0xd9e00000-0xd9efffff]
[    0.566496] pci_bus 0000:09: resource 1 mem: [0xcbc00000-0xcbcfffff]
[    0.566497] pci_bus 0000:09: resource 2 pref mem [0xda200000-0xda2fffff]
[    0.566499] pci_bus 0000:0a: resource 1 mem: [0xcc000000-0xcc0fffff]
[    0.566501] pci_bus 0000:0a: resource 2 pref mem [0xda600000-0xda6fffff]
[    0.566503] pci_bus 0000:0b: resource 0 io:  [0x5000-0x5fff]
[    0.566505] pci_bus 0000:0b: resource 1 mem: [0xca500000-0xca5fffff]
[    0.566506] pci_bus 0000:0b: resource 2 pref mem [0xd8b00000-0xd8bfffff]
[    0.566508] pci_bus 0000:0c: resource 0 io:  [0x9000-0x9fff]
[    0.566510] pci_bus 0000:0c: resource 1 mem: [0xca900000-0xca9fffff]
[    0.566512] pci_bus 0000:0c: resource 2 pref mem [0xd8f00000-0xd8ffffff]
[    0.566514] pci_bus 0000:0d: resource 0 io:  [0xd000-0xdfff]
[    0.566515] pci_bus 0000:0d: resource 1 mem: [0xcad00000-0xcadfffff]
[    0.566517] pci_bus 0000:0d: resource 2 pref mem [0xd9300000-0xd93fffff]
[    0.566519] pci_bus 0000:0e: resource 1 mem: [0xcb100000-0xcb1fffff]
[    0.566521] pci_bus 0000:0e: resource 2 pref mem [0xd9700000-0xd97fffff]
[    0.566523] pci_bus 0000:0f: resource 1 mem: [0xcb500000-0xcb5fffff]
[    0.566524] pci_bus 0000:0f: resource 2 pref mem [0xd9b00000-0xd9bfffff]
[    0.566526] pci_bus 0000:10: resource 1 mem: [0xcb900000-0xcb9fffff]
[    0.566528] pci_bus 0000:10: resource 2 pref mem [0xd9f00000-0xd9ffffff]
[    0.566530] pci_bus 0000:11: resource 1 mem: [0xcbd00000-0xcbdfffff]
[    0.566532] pci_bus 0000:11: resource 2 pref mem [0xda300000-0xda3fffff]
[    0.566533] pci_bus 0000:12: resource 1 mem: [0xcc100000-0xcc1fffff]
[    0.566535] pci_bus 0000:12: resource 2 pref mem [0xda700000-0xda7fffff]
[    0.566537] pci_bus 0000:13: resource 0 io:  [0x6000-0x6fff]
[    0.566539] pci_bus 0000:13: resource 1 mem: [0xca600000-0xca6fffff]
[    0.566541] pci_bus 0000:13: resource 2 pref mem [0xd8c00000-0xd8cfffff]
[    0.566542] pci_bus 0000:14: resource 0 io:  [0xa000-0xafff]
[    0.566544] pci_bus 0000:14: resource 1 mem: [0xcaa00000-0xcaafffff]
[    0.566546] pci_bus 0000:14: resource 2 pref mem [0xd9000000-0xd90fffff]
[    0.566548] pci_bus 0000:15: resource 0 io:  [0xe000-0xefff]
[    0.566549] pci_bus 0000:15: resource 1 mem: [0xcae00000-0xcaefffff]
[    0.566551] pci_bus 0000:15: resource 2 pref mem [0xd9400000-0xd94fffff]
[    0.566553] pci_bus 0000:16: resource 1 mem: [0xcb200000-0xcb2fffff]
[    0.566555] pci_bus 0000:16: resource 2 pref mem [0xd9800000-0xd98fffff]
[    0.566557] pci_bus 0000:17: resource 1 mem: [0xcb600000-0xcb6fffff]
[    0.566558] pci_bus 0000:17: resource 2 pref mem [0xd9c00000-0xd9cfffff]
[    0.566560] pci_bus 0000:18: resource 1 mem: [0xcba00000-0xcbafffff]
[    0.566562] pci_bus 0000:18: resource 2 pref mem [0xda000000-0xda0fffff]
[    0.566564] pci_bus 0000:19: resource 1 mem: [0xcbe00000-0xcbefffff]
[    0.566566] pci_bus 0000:19: resource 2 pref mem [0xda400000-0xda4fffff]
[    0.566568] pci_bus 0000:1a: resource 1 mem: [0xcc200000-0xcc2fffff]
[    0.566569] pci_bus 0000:1a: resource 2 pref mem [0xda800000-0xda8fffff]
[    0.566571] pci_bus 0000:1b: resource 0 io:  [0x7000-0x7fff]
[    0.566573] pci_bus 0000:1b: resource 1 mem: [0xca700000-0xca7fffff]
[    0.566575] pci_bus 0000:1b: resource 2 pref mem [0xd8d00000-0xd8dfffff]
[    0.566576] pci_bus 0000:1c: resource 0 io:  [0xb000-0xbfff]
[    0.566578] pci_bus 0000:1c: resource 1 mem: [0xcab00000-0xcabfffff]
[    0.566580] pci_bus 0000:1c: resource 2 pref mem [0xd9100000-0xd91fffff]
[    0.566582] pci_bus 0000:1d: resource 0 io:  [0xf000-0xffff]
[    0.566583] pci_bus 0000:1d: resource 1 mem: [0xcaf00000-0xcaffffff]
[    0.566585] pci_bus 0000:1d: resource 2 pref mem [0xd9500000-0xd95fffff]
[    0.566587] pci_bus 0000:1e: resource 1 mem: [0xcb300000-0xcb3fffff]
[    0.566589] pci_bus 0000:1e: resource 2 pref mem [0xd9900000-0xd99fffff]
[    0.566591] pci_bus 0000:1f: resource 1 mem: [0xcb700000-0xcb7fffff]
[    0.566592] pci_bus 0000:1f: resource 2 pref mem [0xd9d00000-0xd9dfffff]
[    0.566594] pci_bus 0000:20: resource 1 mem: [0xcbb00000-0xcbbfffff]
[    0.566596] pci_bus 0000:20: resource 2 pref mem [0xda100000-0xda1fffff]
[    0.566598] pci_bus 0000:21: resource 1 mem: [0xcbf00000-0xcbffffff]
[    0.566600] pci_bus 0000:21: resource 2 pref mem [0xda500000-0xda5fffff]
[    0.566602] pci_bus 0000:22: resource 1 mem: [0xcc300000-0xcc3fffff]
[    0.566603] pci_bus 0000:22: resource 2 pref mem [0xda900000-0xda9fffff]
[    0.566628] NET: Registered protocol family 2
[    0.566644] RANDOM - __random32 called. Change num 7.  Value: 647ba296	db0e5c1d	6de96f10
[    0.566646] RANDOM - random32 called.  Value: 647ba296	db0e5c1d	6de96f10
[    0.566654] random 0000 0000 0000 00000000 00000000: rand_read_num 2 get_random_bytes(4): sig fffffe1a 00000000 00000000
[    0.566656] random 0000 0000 0000 00000000 00000000: extract_entropy(.. 4 ..)
[    0.566659] random 0000 0000 0000 00000000 00000000: going to reseed nonblocking with 64 bits (32 of 0 requested)
[    0.566661] random 0000 0000 0000 00000000 00000000: extract_entropy(.. 8 ..)
[    0.566663] random 0000 0000 0000 00000000 00000000: trying to extract 64 bits from input
[    0.566666] random 0000 0000 0000 00000000 00000000: debiting 0 entropy credits from input
[    0.566668] random 0000 0000 0000 00000000 00000000: extract_entropy account returned: 0 
[    0.566670] random 0000 0000 0000 00000000 00000000: urand_change_num 3 xfer_secondary_pool(4): pool_sig fffffe1a, data_sig 00000000, bytes_mixed 0 00000000 00000000
[    0.566673] random 0000 0000 0000 00000000 00000000: trying to extract 32 bits from nonblocking
[    0.566676] random 0000 0000 0000 00000000 00000000: debiting 32 entropy credits from nonblocking (unlimited)
[    0.566678] random 0000 0000 0000 00000000 00000000: extract_entropy account returned: 4 
[    0.566681] random 0000 0000 0000 00000000 00000000: urand_change_num 4 extract_buf: pool_sig fffffe1a, data_sig fffffed7, bytes_mixed 20 00000000 00000000
[    0.566712] IP route cache hash table entries: 32768 (order: 5, 131072 bytes)
[    0.566801] RANDOM - __random32 called. Change num 8.  Value: ba296205	b0e5c1db	de205442
[    0.566802] RANDOM - random32 called.  Value: ba296205	b0e5c1db	de205442
[    0.566860] RANDOM - __random32 called. Change num 9.  Value: 962052cd	e5c1db9	a885e45e
[    0.566862] RANDOM - random32 called.  Value: 962052cd	e5c1db9	a885e45e
[    0.566864] RANDOM - __random32 called. Change num 10.  Value: 52cd38f	e5c1db9b	c8bd9558
[    0.566866] RANDOM - random32 called.  Value: 52cd38f	e5c1db9b	c8bd9558
[    0.566888] RANDOM - __random32 called. Change num 11.  Value: cd38f3eb	5c1db9b9	2ab1aa27
[    0.566889] RANDOM - random32 called.  Value: cd38f3eb	5c1db9b9	2ab1aa27
[    0.566899] TCP established hash table entries: 131072 (order: 8, 1048576 bytes)
[    0.567045] TCP bind hash table entries: 65536 (order: 7, 524288 bytes)
[    0.567195] TCP: Hash tables configured (established 131072 bind 65536)
[    0.567197] TCP reno registered
[    0.567233] NET: Registered protocol family 1
[    0.567242] pci 0000:00:00.0: Limiting direct PCI/PCI transfers
[    0.567263] pci 0000:00:0f.0: Boot video device
[    0.567460] Trying to unpack rootfs image as initramfs...
[    1.657410] Freeing initrd memory: 83430k freed
[    1.661423] Simple Boot Flag at 0x36 set to 0x1
[    1.661468] cpufreq-nforce2: No nForce2 chipset.
[    1.661481] Scanning for low memory corruption every 60 seconds
[    1.661646] audit: initializing netlink socket (disabled)
[    1.661655] type=2000 audit(1369439042.648:1): initialized
[    1.665533] highmem bounce pool size: 64 pages
[    1.665537] HugeTLB registered 2 MB page size, pre-allocated 0 pages
[    1.665628] VFS: Disk quotas dquot_6.5.2
[    1.665657] Dquot-cache hash table entries: 1024 (order 0, 4096 bytes)
[    1.665736] fuse init (API version 7.13)
[    1.665780] msgmni has been set to 1729
[    1.666043] alg: No test for stdrng (krng)
[    1.666076] Block layer SCSI generic (bsg) driver version 0.4 loaded (major 253)
[    1.666079] io scheduler noop registered
[    1.666080] io scheduler anticipatory registered
[    1.666082] io scheduler deadline registered
[    1.666101] io scheduler cfq registered (default)
[    1.666146]   alloc irq_desc for 24 on node -1
[    1.666149]   alloc kstat_irqs on node -1
[    1.666194] pcieport 0000:00:15.0: irq 24 for MSI/MSI-X
[    1.666240] pcieport 0000:00:15.0: setting latency timer to 64
[    1.666285]   alloc irq_desc for 25 on node -1
[    1.666287]   alloc kstat_irqs on node -1
[    1.666333] pcieport 0000:00:15.1: irq 25 for MSI/MSI-X
[    1.666378] pcieport 0000:00:15.1: setting latency timer to 64
[    1.666423]   alloc irq_desc for 26 on node -1
[    1.666425]   alloc kstat_irqs on node -1
[    1.666471] pcieport 0000:00:15.2: irq 26 for MSI/MSI-X
[    1.666516] pcieport 0000:00:15.2: setting latency timer to 64
[    1.666562]   alloc irq_desc for 27 on node -1
[    1.666564]   alloc kstat_irqs on node -1
[    1.666609] pcieport 0000:00:15.3: irq 27 for MSI/MSI-X
[    1.666654] pcieport 0000:00:15.3: setting latency timer to 64
[    1.666700]   alloc irq_desc for 28 on node -1
[    1.666702]   alloc kstat_irqs on node -1
[    1.666747] pcieport 0000:00:15.4: irq 28 for MSI/MSI-X
[    1.666793] pcieport 0000:00:15.4: setting latency timer to 64
[    1.666838]   alloc irq_desc for 29 on node -1
[    1.666840]   alloc kstat_irqs on node -1
[    1.666885] pcieport 0000:00:15.5: irq 29 for MSI/MSI-X
[    1.666931] pcieport 0000:00:15.5: setting latency timer to 64
[    1.666976]   alloc irq_desc for 30 on node -1
[    1.666978]   alloc kstat_irqs on node -1
[    1.667024] pcieport 0000:00:15.6: irq 30 for MSI/MSI-X
[    1.667069] pcieport 0000:00:15.6: setting latency timer to 64
[    1.667114]   alloc irq_desc for 31 on node -1
[    1.667116]   alloc kstat_irqs on node -1
[    1.667162] pcieport 0000:00:15.7: irq 31 for MSI/MSI-X
[    1.667207] pcieport 0000:00:15.7: setting latency timer to 64
[    1.667253]   alloc irq_desc for 32 on node -1
[    1.667254]   alloc kstat_irqs on node -1
[    1.667300] pcieport 0000:00:16.0: irq 32 for MSI/MSI-X
[    1.667345] pcieport 0000:00:16.0: setting latency timer to 64
[    1.667391]   alloc irq_desc for 33 on node -1
[    1.667392]   alloc kstat_irqs on node -1
[    1.667438] pcieport 0000:00:16.1: irq 33 for MSI/MSI-X
[    1.667483] pcieport 0000:00:16.1: setting latency timer to 64
[    1.667529]   alloc irq_desc for 34 on node -1
[    1.667531]   alloc kstat_irqs on node -1
[    1.667576] pcieport 0000:00:16.2: irq 34 for MSI/MSI-X
[    1.667621] pcieport 0000:00:16.2: setting latency timer to 64
[    1.667667]   alloc irq_desc for 35 on node -1
[    1.667669]   alloc kstat_irqs on node -1
[    1.667714] pcieport 0000:00:16.3: irq 35 for MSI/MSI-X
[    1.667760] pcieport 0000:00:16.3: setting latency timer to 64
[    1.667805]   alloc irq_desc for 36 on node -1
[    1.667807]   alloc kstat_irqs on node -1
[    1.667852] pcieport 0000:00:16.4: irq 36 for MSI/MSI-X
[    1.667898] pcieport 0000:00:16.4: setting latency timer to 64
[    1.667943]   alloc irq_desc for 37 on node -1
[    1.667945]   alloc kstat_irqs on node -1
[    1.667990] pcieport 0000:00:16.5: irq 37 for MSI/MSI-X
[    1.668036] pcieport 0000:00:16.5: setting latency timer to 64
[    1.668081]   alloc irq_desc for 38 on node -1
[    1.668083]   alloc kstat_irqs on node -1
[    1.668128] pcieport 0000:00:16.6: irq 38 for MSI/MSI-X
[    1.668174] pcieport 0000:00:16.6: setting latency timer to 64
[    1.668219]   alloc irq_desc for 39 on node -1
[    1.668221]   alloc kstat_irqs on node -1
[    1.668267] pcieport 0000:00:16.7: irq 39 for MSI/MSI-X
[    1.668312] pcieport 0000:00:16.7: setting latency timer to 64
[    1.669448]   alloc irq_desc for 40 on node -1
[    1.669450]   alloc kstat_irqs on node -1
[    1.669495] pcieport 0000:00:17.0: irq 40 for MSI/MSI-X
[    1.669541] pcieport 0000:00:17.0: setting latency timer to 64
[    1.669586]   alloc irq_desc for 41 on node -1
[    1.669588]   alloc kstat_irqs on node -1
[    1.669634] pcieport 0000:00:17.1: irq 41 for MSI/MSI-X
[    1.669679] pcieport 0000:00:17.1: setting latency timer to 64
[    1.669724]   alloc irq_desc for 42 on node -1
[    1.669726]   alloc kstat_irqs on node -1
[    1.669772] pcieport 0000:00:17.2: irq 42 for MSI/MSI-X
[    1.669817] pcieport 0000:00:17.2: setting latency timer to 64
[    1.669863]   alloc irq_desc for 43 on node -1
[    1.669865]   alloc kstat_irqs on node -1
[    1.669910] pcieport 0000:00:17.3: irq 43 for MSI/MSI-X
[    1.669955] pcieport 0000:00:17.3: setting latency timer to 64
[    1.670001]   alloc irq_desc for 44 on node -1
[    1.670003]   alloc kstat_irqs on node -1
[    1.670048] pcieport 0000:00:17.4: irq 44 for MSI/MSI-X
[    1.670093] pcieport 0000:00:17.4: setting latency timer to 64
[    1.670139]   alloc irq_desc for 45 on node -1
[    1.670141]   alloc kstat_irqs on node -1
[    1.670186] pcieport 0000:00:17.5: irq 45 for MSI/MSI-X
[    1.670232] pcieport 0000:00:17.5: setting latency timer to 64
[    1.670277]   alloc irq_desc for 46 on node -1
[    1.670279]   alloc kstat_irqs on node -1
[    1.670324] pcieport 0000:00:17.6: irq 46 for MSI/MSI-X
[    1.670370] pcieport 0000:00:17.6: setting latency timer to 64
[    1.670415]   alloc irq_desc for 47 on node -1
[    1.670417]   alloc kstat_irqs on node -1
[    1.670462] pcieport 0000:00:17.7: irq 47 for MSI/MSI-X
[    1.670508] pcieport 0000:00:17.7: setting latency timer to 64
[    1.670553]   alloc irq_desc for 48 on node -1
[    1.670555]   alloc kstat_irqs on node -1
[    1.670601] pcieport 0000:00:18.0: irq 48 for MSI/MSI-X
[    1.670646] pcieport 0000:00:18.0: setting latency timer to 64
[    1.670691]   alloc irq_desc for 49 on node -1
[    1.670693]   alloc kstat_irqs on node -1
[    1.670739] pcieport 0000:00:18.1: irq 49 for MSI/MSI-X
[    1.670784] pcieport 0000:00:18.1: setting latency timer to 64
[    1.670830]   alloc irq_desc for 50 on node -1
[    1.670831]   alloc kstat_irqs on node -1
[    1.670877] pcieport 0000:00:18.2: irq 50 for MSI/MSI-X
[    1.670922] pcieport 0000:00:18.2: setting latency timer to 64
[    1.670968]   alloc irq_desc for 51 on node -1
[    1.670970]   alloc kstat_irqs on node -1
[    1.671015] pcieport 0000:00:18.3: irq 51 for MSI/MSI-X
[    1.671060] pcieport 0000:00:18.3: setting latency timer to 64
[    1.671106]   alloc irq_desc for 52 on node -1
[    1.671108]   alloc kstat_irqs on node -1
[    1.671153] pcieport 0000:00:18.4: irq 52 for MSI/MSI-X
[    1.671199] pcieport 0000:00:18.4: setting latency timer to 64
[    1.671244]   alloc irq_desc for 53 on node -1
[    1.671246]   alloc kstat_irqs on node -1
[    1.671291] pcieport 0000:00:18.5: irq 53 for MSI/MSI-X
[    1.671337] pcieport 0000:00:18.5: setting latency timer to 64
[    1.671382]   alloc irq_desc for 54 on node -1
[    1.671384]   alloc kstat_irqs on node -1
[    1.671429] pcieport 0000:00:18.6: irq 54 for MSI/MSI-X
[    1.671475] pcieport 0000:00:18.6: setting latency timer to 64
[    1.671520]   alloc irq_desc for 55 on node -1
[    1.671522]   alloc kstat_irqs on node -1
[    1.671567] pcieport 0000:00:18.7: irq 55 for MSI/MSI-X
[    1.671613] pcieport 0000:00:18.7: setting latency timer to 64
[    1.671658] pci_hotplug: PCI Hot Plug PCI Core version: 0.5
[    1.673449] pciehp 0000:00:15.0:pcie04: HPC vendor_id 15ad device_id 7a0 ss_vid 0 ss_did 0
[    1.673494] pciehp 0000:00:15.0:pcie04: service driver pciehp loaded
[    1.673540] pciehp 0000:00:15.1:pcie04: HPC vendor_id 15ad device_id 7a0 ss_vid 0 ss_did 0
[    1.673585] pciehp 0000:00:15.1:pcie04: service driver pciehp loaded
[    1.673631] pciehp 0000:00:15.2:pcie04: HPC vendor_id 15ad device_id 7a0 ss_vid 0 ss_did 0
[    1.673676] pciehp 0000:00:15.2:pcie04: service driver pciehp loaded
[    1.673722] pciehp 0000:00:15.3:pcie04: HPC vendor_id 15ad device_id 7a0 ss_vid 0 ss_did 0
[    1.673767] pciehp 0000:00:15.3:pcie04: service driver pciehp loaded
[    1.673812] pciehp 0000:00:15.4:pcie04: HPC vendor_id 15ad device_id 7a0 ss_vid 0 ss_did 0
[    1.673858] pciehp 0000:00:15.4:pcie04: service driver pciehp loaded
[    1.673903] pciehp 0000:00:15.5:pcie04: HPC vendor_id 15ad device_id 7a0 ss_vid 0 ss_did 0
[    1.673949] pciehp 0000:00:15.5:pcie04: service driver pciehp loaded
[    1.673994] pciehp 0000:00:15.6:pcie04: HPC vendor_id 15ad device_id 7a0 ss_vid 0 ss_did 0
[    1.674039] pciehp 0000:00:15.6:pcie04: service driver pciehp loaded
[    1.674085] pciehp 0000:00:15.7:pcie04: HPC vendor_id 15ad device_id 7a0 ss_vid 0 ss_did 0
[    1.674130] pciehp 0000:00:15.7:pcie04: service driver pciehp loaded
[    1.674176] pciehp 0000:00:16.0:pcie04: HPC vendor_id 15ad device_id 7a0 ss_vid 0 ss_did 0
[    1.674221] pciehp 0000:00:16.0:pcie04: service driver pciehp loaded
[    1.674267] pciehp 0000:00:16.1:pcie04: HPC vendor_id 15ad device_id 7a0 ss_vid 0 ss_did 0
[    1.674312] pciehp 0000:00:16.1:pcie04: service driver pciehp loaded
[    1.674357] pciehp 0000:00:16.2:pcie04: HPC vendor_id 15ad device_id 7a0 ss_vid 0 ss_did 0
[    1.674403] pciehp 0000:00:16.2:pcie04: service driver pciehp loaded
[    1.674448] pciehp 0000:00:16.3:pcie04: HPC vendor_id 15ad device_id 7a0 ss_vid 0 ss_did 0
[    1.674494] pciehp 0000:00:16.3:pcie04: service driver pciehp loaded
[    1.674539] pciehp 0000:00:16.4:pcie04: HPC vendor_id 15ad device_id 7a0 ss_vid 0 ss_did 0
[    1.674585] pciehp 0000:00:16.4:pcie04: service driver pciehp loaded
[    1.674630] pciehp 0000:00:16.5:pcie04: HPC vendor_id 15ad device_id 7a0 ss_vid 0 ss_did 0
[    1.674675] pciehp 0000:00:16.5:pcie04: service driver pciehp loaded
[    1.674721] pciehp 0000:00:16.6:pcie04: HPC vendor_id 15ad device_id 7a0 ss_vid 0 ss_did 0
[    1.674766] pciehp 0000:00:16.6:pcie04: service driver pciehp loaded
[    1.674812] pciehp 0000:00:16.7:pcie04: HPC vendor_id 15ad device_id 7a0 ss_vid 0 ss_did 0
[    1.674857] pciehp 0000:00:16.7:pcie04: service driver pciehp loaded
[    1.674902] pciehp 0000:00:17.0:pcie04: HPC vendor_id 15ad device_id 7a0 ss_vid 0 ss_did 0
[    1.674948] pciehp 0000:00:17.0:pcie04: service driver pciehp loaded
[    1.674993] pciehp 0000:00:17.1:pcie04: HPC vendor_id 15ad device_id 7a0 ss_vid 0 ss_did 0
[    1.675039] pciehp 0000:00:17.1:pcie04: service driver pciehp loaded
[    1.675084] pciehp 0000:00:17.2:pcie04: HPC vendor_id 15ad device_id 7a0 ss_vid 0 ss_did 0
[    1.675130] pciehp 0000:00:17.2:pcie04: service driver pciehp loaded
[    1.675175] pciehp 0000:00:17.3:pcie04: HPC vendor_id 15ad device_id 7a0 ss_vid 0 ss_did 0
[    1.675220] pciehp 0000:00:17.3:pcie04: service driver pciehp loaded
[    1.675266] pciehp 0000:00:17.4:pcie04: HPC vendor_id 15ad device_id 7a0 ss_vid 0 ss_did 0
[    1.675311] pciehp 0000:00:17.4:pcie04: service driver pciehp loaded
[    1.675357] pciehp 0000:00:17.5:pcie04: HPC vendor_id 15ad device_id 7a0 ss_vid 0 ss_did 0
[    1.675402] pciehp 0000:00:17.5:pcie04: service driver pciehp loaded
[    1.675448] pciehp 0000:00:17.6:pcie04: HPC vendor_id 15ad device_id 7a0 ss_vid 0 ss_did 0
[    1.675493] pciehp 0000:00:17.6:pcie04: service driver pciehp loaded
[    1.675538] pciehp 0000:00:17.7:pcie04: HPC vendor_id 15ad device_id 7a0 ss_vid 0 ss_did 0
[    1.675584] pciehp 0000:00:17.7:pcie04: service driver pciehp loaded
[    1.675629] pciehp 0000:00:18.0:pcie04: HPC vendor_id 15ad device_id 7a0 ss_vid 0 ss_did 0
[    1.675675] pciehp 0000:00:18.0:pcie04: service driver pciehp loaded
[    1.675720] pciehp 0000:00:18.1:pcie04: HPC vendor_id 15ad device_id 7a0 ss_vid 0 ss_did 0
[    1.675765] pciehp 0000:00:18.1:pcie04: service driver pciehp loaded
[    1.675811] pciehp 0000:00:18.2:pcie04: HPC vendor_id 15ad device_id 7a0 ss_vid 0 ss_did 0
[    1.675856] pciehp 0000:00:18.2:pcie04: service driver pciehp loaded
[    1.675902] pciehp 0000:00:18.3:pcie04: HPC vendor_id 15ad device_id 7a0 ss_vid 0 ss_did 0
[    1.675947] pciehp 0000:00:18.3:pcie04: service driver pciehp loaded
[    1.675993] pciehp 0000:00:18.4:pcie04: HPC vendor_id 15ad device_id 7a0 ss_vid 0 ss_did 0
[    1.676038] pciehp 0000:00:18.4:pcie04: service driver pciehp loaded
[    1.676083] pciehp 0000:00:18.5:pcie04: HPC vendor_id 15ad device_id 7a0 ss_vid 0 ss_did 0
[    1.676129] pciehp 0000:00:18.5:pcie04: service driver pciehp loaded
[    1.676174] pciehp 0000:00:18.6:pcie04: HPC vendor_id 15ad device_id 7a0 ss_vid 0 ss_did 0
[    1.676220] pciehp 0000:00:18.6:pcie04: service driver pciehp loaded
[    1.676265] pciehp 0000:00:18.7:pcie04: HPC vendor_id 15ad device_id 7a0 ss_vid 0 ss_did 0
[    1.676311] pciehp 0000:00:18.7:pcie04: service driver pciehp loaded
[    1.676319] pciehp: PCI Express Hot Plug Controller Driver version: 0.4
[    1.676369] ACPI: AC Adapter [ACAD] (on-line)
[    1.676425] input: Power Button as /devices/LNXSYSTM:00/LNXPWRBN:00/input/input0
[    1.676428] ACPI: Power Button [PWRF]
[    1.676473] processor LNXCPU:00: registered as cooling_device0
[    1.721351] isapnp: Scanning for PnP cards...
[    2.075043] isapnp: No Plug & Play device found
[    2.075073] random 0000 0000 0000 5f8db4e5 4cfdf2a8: initializing
[    2.075198] Linux agpgart interface v0.103
[    2.075236] agpgart-intel 0000:00:00.0: Intel 440BX Chipset
[    2.075289] agpgart-intel 0000:00:00.0: AGP aperture is 256M @ 0x0
[    2.075319] Serial: 8250/16550 driver, 32 ports, IRQ sharing enabled
[    2.075371] serial8250: ttyS0 at I/O 0x3f8 (irq = 4) is a 16550A
[    2.075424] serial8250: ttyS1 at I/O 0x2f8 (irq = 3) is a 16550A
[    2.075476] 00:0a: ttyS0 at I/O 0x3f8 (irq = 4) is a 16550A
[    2.075528] 00:0b: ttyS1 at I/O 0x2f8 (irq = 3) is a 16550A
[    2.075580] brd: module loaded
[    2.075633] loop: module loaded
[    2.075685] ata_piix 0000:00:07.1: version 2.13
[    2.075766] scsi0 : ata_piix
[    2.075813] scsi1 : ata_piix
[    2.075832] ata1: PATA max UDMA/33 cmd 0x1f0 ctl 0x3f6 bmdma 0x10c0 irq 14
[    2.075834] ata2: PATA max UDMA/33 cmd 0x170 ctl 0x376 bmdma 0x10c8 irq 15
[    2.075881] PPP generic driver version 2.4.2
[    2.075900] tun: Universal TUN/TAP device driver, 1.6
[    2.075902] tun: (C) 1999-2004 Max Krasnyansky <maxk@qualcomm.com>
[    2.075954] ehci_hcd: USB 2.0 'Enhanced' Host Controller (EHCI) Driver
[    2.076006] ACPI: PCI Interrupt Link [LNKB] enabled at IRQ 11
[    2.076009] PCI: setting IRQ 11 as level-triggered
[    2.076017] ehci_hcd 0000:02:03.0: PCI INT A -> Link[LNKB] -> GSI 11 (level, low) -> IRQ 11
[    2.076055] ehci_hcd 0000:02:03.0: EHCI Host Controller
[    2.076087] ehci_hcd 0000:02:03.0: new USB bus registered, assigned bus number 1
[    2.076139] ehci_hcd 0000:02:03.0: cache line size of 32 is not supported
[    2.076145] ehci_hcd 0000:02:03.0: irq 11, io mem 0xc9000000
[    2.076450] random 0000 0000 0000 00000000 00000000: rand_read_num 3 get_random_bytes(8): sig 00000000 00000000 00000000
[    2.076453] random 0000 0000 0000 00000000 00000000: extract_entropy(.. 8 ..)
[    2.076455] random 0000 0000 0000 00000000 00000000: going to reseed nonblocking with 64 bits (64 of 0 requested)
[    2.076457] random 0000 0000 0000 00000000 00000000: extract_entropy(.. 8 ..)
[    2.076460] random 0000 0000 0000 00000000 00000000: trying to extract 64 bits from input
[    2.076462] random 0000 0000 0000 00000000 00000000: debiting 0 entropy credits from input
[    2.076464] random 0000 0000 0000 00000000 00000000: extract_entropy account returned: 0 
[    2.076467] random 0000 0000 0000 00000000 00000000: urand_change_num 5 xfer_secondary_pool(8): pool_sig 00000000, data_sig 00000000, bytes_mixed 0 00000000 00000000
[    2.076469] random 0000 0000 0000 00000000 00000000: trying to extract 64 bits from nonblocking
[    2.076472] random 0000 0000 0000 00000000 00000000: debiting 64 entropy credits from nonblocking (unlimited)
[    2.076474] random 0000 0000 0000 00000000 00000000: extract_entropy account returned: 8 
[    2.076477] random 0000 0000 0000 00000000 00000000: urand_change_num 6 extract_buf: pool_sig 00000000, data_sig fffffff9, bytes_mixed 20 00000000 00000000
[    2.084748] ehci_hcd 0000:02:03.0: USB 2.0 started, EHCI 1.00
[    2.084801] usb usb1: configuration #1 chosen from 1 choice
[    2.084820] hub 1-0:1.0: USB hub found
[    2.084825] hub 1-0:1.0: 6 ports detected
[    2.084861] ohci_hcd: USB 1.1 'Open' Host Controller (OHCI) Driver
[    2.084872] uhci_hcd: USB Universal Host Controller Interface driver
[    2.084924] ACPI: PCI Interrupt Link [LNKC] enabled at IRQ 10
[    2.084927] PCI: setting IRQ 10 as level-triggered
[    2.084931] uhci_hcd 0000:02:00.0: PCI INT A -> Link[LNKC] -> GSI 10 (level, low) -> IRQ 10
[    2.084965] uhci_hcd 0000:02:00.0: UHCI Host Controller
[    2.084993] uhci_hcd 0000:02:00.0: new USB bus registered, assigned bus number 2
[    2.085096] uhci_hcd 0000:02:00.0: irq 10, io base 0x000020c0
[    2.085148] usb usb2: configuration #1 chosen from 1 choice
[    2.085163] hub 2-0:1.0: USB hub found
[    2.085168] hub 2-0:1.0: 2 ports detected
[    2.085220] usbcore: registered new interface driver libusual
[    2.085257] PNP: PS/2 Controller [PNP0303:KBC,PNP0f13:MOUS] at 0x60,0x64 irq 1,12
[    2.085589] serio: i8042 KBD port at 0x60,0x64 irq 1
[    2.085596] serio: i8042 AUX port at 0x60,0x64 irq 12
[    2.085630] mice: PS/2 mouse device common for all mice
[    2.085682] rtc_cmos 00:04: rtc core: registered rtc_cmos as rtc0
[    2.085698] rtc0: alarms up to one month, y3k, 114 bytes nvram, hpet irqs
[    2.085751] device-mapper: uevent: version 1.0.3
[    2.085865] device-mapper: ioctl: 4.15.0-ioctl (2009-04-01) initialised: dm-devel@redhat.com
[    2.085882] EISA: Probing bus 0 at eisa.0
[    2.085889] Cannot allocate resource for EISA slot 1
[    2.085891] Cannot allocate resource for EISA slot 2
[    2.085893] Cannot allocate resource for EISA slot 3
[    2.085895] Cannot allocate resource for EISA slot 4
[    2.085897] Cannot allocate resource for EISA slot 5
[    2.085899] Cannot allocate resource for EISA slot 6
[    2.085901] Cannot allocate resource for EISA slot 7
[    2.085902] Cannot allocate resource for EISA slot 8
[    2.085904] EISA: Detected 0 cards.
[    2.085949] cpuidle: using governor ladder
[    2.085951] cpuidle: using governor menu
[    2.086057] random 0000 0000 0000 00000000 00000000: rand_read_num 4 get_random_bytes(136): sig 0000021d 00000000 00000000
[    2.086060] random 0000 0000 0000 00000000 00000000: extract_entropy(.. 136 ..)
[    2.086062] random 0000 0000 0000 00000000 00000000: going to reseed nonblocking with 1024 bits (1088 of 0 requested)
[    2.086065] random 0000 0000 0000 00000000 00000000: extract_entropy(.. 128 ..)
[    2.086067] random 0000 0000 0000 00000000 00000000: trying to extract 1024 bits from input
[    2.086069] random 0000 0000 0000 00000000 00000000: debiting 0 entropy credits from input
[    2.086071] random 0000 0000 0000 00000000 00000000: extract_entropy account returned: 0 
[    2.086074] random 0000 0000 0000 00000000 00000000: urand_change_num 7 xfer_secondary_pool(136): pool_sig 0000021d, data_sig 00000000, bytes_mixed 0 00000000 00000000
[    2.086077] random 0000 0000 0000 00000000 00000000: trying to extract 1088 bits from nonblocking
[    2.086079] random 0000 0000 0000 00000000 00000000: debiting 1088 entropy credits from nonblocking (unlimited)
[    2.086081] random 0000 0000 0000 00000000 00000000: extract_entropy account returned: 136 
[    2.086085] random 0000 0000 0000 00000000 00000000: urand_change_num 8 extract_buf: pool_sig 0000021d, data_sig fffffff7, bytes_mixed 20 00000000 00000000
[    2.086090] random 0000 0000 0000 f961ee50 ba9cb1aa: urand_change_num 9 extract_buf: pool_sig 00000230, data_sig fffffeb4, bytes_mixed 20 f961ee50 ba9cb1aa
[    2.086094] random 0000 0000 0000 9748bdd6 56fb8af6: urand_change_num 10 extract_buf: pool_sig 00000373, data_sig 000000cf, bytes_mixed 20 9748bdd6 56fb8af6
[    2.086099] random 0000 0000 0000 9748bdd6 56fb8af6: urand_change_num 11 extract_buf: pool_sig fffffe49, data_sig 0000023f, bytes_mixed 20 9748bdd6 56fb8af6
[    2.086103] random 0000 0000 0000 a135be86 4777650e: urand_change_num 12 extract_buf: pool_sig fffffcce, data_sig 000000c6, bytes_mixed 20 a135be86 4777650e
[    2.086108] random 0000 0000 0000 4a6ea85d 170e00dd: urand_change_num 13 extract_buf: pool_sig ffffff97, data_sig ffffff7d, bytes_mixed 20 4a6ea85d 170e00dd
[    2.086112] random 0000 0000 0000 4a6ea85d 170e00dd: urand_change_num 14 extract_buf: pool_sig 00000160, data_sig fffffeea, bytes_mixed 20 4a6ea85d 170e00dd
[    2.086117] random 0000 0000 0000 6e87c3cb da668c73: urand_change_num 15 extract_buf: pool_sig 0000034f, data_sig ffffff54, bytes_mixed 20 6e87c3cb da668c73
[    2.086121] random 0000 0000 0000 6e87c3cb da668c73: urand_change_num 16 extract_buf: pool_sig fffffdc5, data_sig 00000205, bytes_mixed 20 6e87c3cb da668c73
[    2.086125] random 0000 0000 0000 39f531e6 461eb249: urand_change_num 17 extract_buf: pool_sig fffffc1d, data_sig ffffff5e, bytes_mixed 20 39f531e6 461eb249
[    2.086130] random 0000 0000 0000 7e1538a2 3e661182: urand_change_num 18 extract_buf: pool_sig 000006ef, data_sig ffffff2e, bytes_mixed 20 7e1538a2 3e661182
[    2.086134] random 0000 0000 0000 7e1538a2 3e661182: urand_change_num 19 extract_buf: pool_sig 00000317, data_sig fffffccb, bytes_mixed 20 7e1538a2 3e661182
[    2.086139] random 0000 0000 0000 76af506b 9b57305e: urand_change_num 20 extract_buf: pool_sig 00000227, data_sig ffffffd2, bytes_mixed 20 76af506b 9b57305e
[    2.086143] random 0000 0000 0000 37d49d89 e20417cc: urand_change_num 21 extract_buf: pool_sig 0000080b, data_sig 000001e9, bytes_mixed 20 37d49d89 e20417cc
[    2.086147] TCP cubic registered
[    2.086199] NET: Registered protocol family 10
[    2.086233] RANDOM - __random32 called. Change num 12.  Value: 8f3eba68	c1db9b96	544fe79f
[    2.086235] RANDOM - random32 called.  Value: 8f3eba68	c1db9b96	544fe79f
[    2.086244] random 0000 0000 0000 37d49d89 e20417cc: rand_read_num 5 get_random_bytes(4): sig 00000298 37d49d89 e20417cc
[    2.086247] random 0000 0000 0000 37d49d89 e20417cc: extract_entropy(.. 4 ..)
[    2.086249] random 0000 0000 0000 37d49d89 e20417cc: going to reseed nonblocking with 64 bits (32 of 0 requested)
[    2.086251] random 0000 0000 0000 37d49d89 e20417cc: extract_entropy(.. 8 ..)
[    2.086253] random 0000 0000 0000 37d49d89 e20417cc: trying to extract 64 bits from input
[    2.086256] random 0000 0000 0000 37d49d89 e20417cc: debiting 0 entropy credits from input
[    2.086258] random 0000 0000 0000 37d49d89 e20417cc: extract_entropy account returned: 0 
[    2.086261] random 0000 0000 0000 37d49d89 e20417cc: urand_change_num 22 xfer_secondary_pool(4): pool_sig 00000298, data_sig 00000000, bytes_mixed 0 37d49d89 e20417cc
[    2.086263] random 0000 0000 0000 37d49d89 e20417cc: trying to extract 32 bits from nonblocking
[    2.086266] random 0000 0000 0000 37d49d89 e20417cc: debiting 32 entropy credits from nonblocking (unlimited)
[    2.086268] random 0000 0000 0000 37d49d89 e20417cc: extract_entropy account returned: 4 
[    2.086271] random 0000 0000 0000 37d49d89 e20417cc: urand_change_num 23 extract_buf: pool_sig 00000298, data_sig 00000092, bytes_mixed 20 37d49d89 e20417cc
[    2.086324] RANDOM - __random32 called. Change num 13.  Value: eba68b0e	1db9b963	cf3ec61b
[    2.086326] RANDOM - random32 called.  Value: eba68b0e	1db9b963	cf3ec61b
[    2.086378] NET: Registered protocol family 17
[    2.086399] Using IPI No-Shortcut mode
[    2.086405] random 0000 0000 0000 2ee4c4fc 167bdb15: rand_read_num 6 get_random_bytes(8): sig fffffcbf 2ee4c4fc 167bdb15
[    2.086407] random 0000 0000 0000 2ee4c4fc 167bdb15: extract_entropy(.. 8 ..)
[    2.086409] random 0000 0000 0000 2ee4c4fc 167bdb15: going to reseed nonblocking with 64 bits (64 of 0 requested)
[    2.086411] random 0000 0000 0000 2ee4c4fc 167bdb15: extract_entropy(.. 8 ..)
[    2.086414] random 0000 0000 0000 2ee4c4fc 167bdb15: trying to extract 64 bits from input
[    2.086416] random 0000 0000 0000 2ee4c4fc 167bdb15: debiting 0 entropy credits from input
[    2.086418] random 0000 0000 0000 2ee4c4fc 167bdb15: extract_entropy account returned: 0 
[    2.086421] random 0000 0000 0000 2ee4c4fc 167bdb15: urand_change_num 24 xfer_secondary_pool(8): pool_sig fffffcbf, data_sig 00000000, bytes_mixed 0 2ee4c4fc 167bdb15
[    2.086424] random 0000 0000 0000 2ee4c4fc 167bdb15: trying to extract 64 bits from nonblocking
[    2.086426] random 0000 0000 0000 2ee4c4fc 167bdb15: debiting 64 entropy credits from nonblocking (unlimited)
[    2.086428] random 0000 0000 0000 2ee4c4fc 167bdb15: extract_entropy account returned: 8 
[    2.086432] random 0000 0000 0000 2ee4c4fc 167bdb15: urand_change_num 25 extract_buf: pool_sig fffffcbf, data_sig ffffff83, bytes_mixed 20 2ee4c4fc 167bdb15
[    2.086472] PM: Resume from disk failed.
[    2.086480] registered taskstats version 1
[    2.086483] random 0000 0000 0000 2ee4c4fc 167bdb15: rand_read_num 7 get_random_bytes(12): sig fffffc69 2ee4c4fc 167bdb15
[    2.086485] random 0000 0000 0000 2ee4c4fc 167bdb15: extract_entropy(.. 12 ..)
[    2.086487] random 0000 0000 0000 2ee4c4fc 167bdb15: going to reseed nonblocking with 96 bits (96 of 0 requested)
[    2.086490] random 0000 0000 0000 2ee4c4fc 167bdb15: extract_entropy(.. 12 ..)
[    2.086492] random 0000 0000 0000 2ee4c4fc 167bdb15: trying to extract 96 bits from input
[    2.086494] random 0000 0000 0000 2ee4c4fc 167bdb15: debiting 0 entropy credits from input
[    2.086496] random 0000 0000 0000 2ee4c4fc 167bdb15: extract_entropy account returned: 0 
[    2.086499] random 0000 0000 0000 2ee4c4fc 167bdb15: urand_change_num 26 xfer_secondary_pool(12): pool_sig fffffc69, data_sig 00000000, bytes_mixed 0 2ee4c4fc 167bdb15
[    2.086502] random 0000 0000 0000 2ee4c4fc 167bdb15: trying to extract 96 bits from nonblocking
[    2.086504] random 0000 0000 0000 2ee4c4fc 167bdb15: debiting 96 entropy credits from nonblocking (unlimited)
[    2.086506] random 0000 0000 0000 2ee4c4fc 167bdb15: extract_entropy account returned: 12 
[    2.086510] random 0000 0000 0000 2ee4c4fc 167bdb15: urand_change_num 27 extract_buf: pool_sig fffffc69, data_sig ffffff7d, bytes_mixed 20 2ee4c4fc 167bdb15
[    2.086514] random 0000 0000 0000 83b7c1ab 94697f48: urand_change_num 28 extract_buf: pool_sig fffffe30, data_sig fffffdd6, bytes_mixed 20 83b7c1ab 94697f48
[    2.086517] RANDOM - __seed init called.
[    2.086518] RANDOM - __seed init called.
[    2.086519] RANDOM - __seed init called.
[    2.086521] RANDOM - __random32 called. Change num 14.  Value: fc007995	feca4f80	21b38ad2
[    2.086523] RANDOM - random32_reseed called.  Value: fc007995	feca4f80	21b38ad2
[    2.086526] Pid: 1, comm: swapper Not tainted 2.6.32.57 #4
[    2.086527] Call Trace:
[    2.086533]  [<c14a8a0e>] ? printk+0x1d/0x1f
[    2.086537]  [<c17537e5>] random32_reseed+0x89/0xbd
[    2.086541]  [<c1003042>] do_one_initcall+0x32/0x1a0
[    2.086564]  [<c175375c>] ? random32_reseed+0x0/0xbd
[    2.086587]  [<c17308e7>] kernel_init+0x12d/0x17a
[    2.086589]  [<c17307ba>] ? kernel_init+0x0/0x17a
[    2.086593]  [<c1009b07>] kernel_thread_helper+0x7/0x10
[    2.089304] input: AT Translated Set 2 keyboard as /devices/platform/i8042/serio0/input/input1
[    2.089580] random 0000 0000 0000 6db70b00 b30ce96b: rand_read_num 8 get_random_bytes(64): sig fffffb38 6db70b00 b30ce96b
[    2.089583] random 0000 0000 0000 6db70b00 b30ce96b: extract_entropy(.. 64 ..)
[    2.089586] random 0000 0000 0000 6db70b00 b30ce96b: going to reseed nonblocking with 512 bits (512 of 0 requested)
[    2.089588] random 0000 0000 0000 6db70b00 b30ce96b: extract_entropy(.. 64 ..)
[    2.089590] random 0000 0000 0000 6db70b00 b30ce96b: trying to extract 512 bits from input
[    2.089592] random 0000 0000 0000 6db70b00 b30ce96b: debiting 0 entropy credits from input
[    2.089594] random 0000 0000 0000 6db70b00 b30ce96b: extract_entropy account returned: 0 
[    2.089597] random 0000 0000 0000 6db70b00 b30ce96b: urand_change_num 29 xfer_secondary_pool(64): pool_sig fffffb38, data_sig 00000000, bytes_mixed 0 6db70b00 b30ce96b
[    2.089600] random 0000 0000 0000 6db70b00 b30ce96b: trying to extract 512 bits from nonblocking
[    2.089603] random 0000 0000 0000 6db70b00 b30ce96b: debiting 512 entropy credits from nonblocking (unlimited)
[    2.089605] random 0000 0000 0000 6db70b00 b30ce96b: extract_entropy account returned: 64 
[    2.089609] random 0000 0000 0000 6db70b00 b30ce96b: urand_change_num 30 extract_buf: pool_sig fffffb38, data_sig 00000151, bytes_mixed 20 6db70b00 b30ce96b
[    2.089613] random 0000 0000 0000 6db70b00 b30ce96b: urand_change_num 31 extract_buf: pool_sig fffffdb8, data_sig 00000379, bytes_mixed 20 6db70b00 b30ce96b
[    2.089618] random 0000 0000 0000 6b83001e d4b6c0d3: urand_change_num 32 extract_buf: pool_sig ffffffc9, data_sig 00000198, bytes_mixed 20 6b83001e d4b6c0d3
[    2.089622] random 0000 0000 0000 79d3e3c7 be564518: urand_change_num 33 extract_buf: pool_sig 000002b9, data_sig ffffff84, bytes_mixed 20 79d3e3c7 be564518
[    2.089627] random 0000 0000 0000 79d3e3c7 be564518: urand_change_num 34 extract_buf: pool_sig ffffff55, data_sig ffffff5a, bytes_mixed 20 79d3e3c7 be564518
[    2.089631] random 0000 0000 0000 89c03cb2 0d353228: urand_change_num 35 extract_buf: pool_sig 00000007, data_sig ffffff17, bytes_mixed 20 89c03cb2 0d353228
[    2.089636] random 0000 0000 0000 89c03cb2 0d353228: urand_change_num 36 extract_buf: pool_sig fffffdae, data_sig 000000db, bytes_mixed 20 89c03cb2 0d353228  Magic number: 13:921:757
[    2.089645] tty ttyS8: hash matches
[    2.089730] rtc_cmos 00:04: setting system clock to 2013-05-24 23:44:03 UTC (1369439043)
[    2.089732] BIOS EDD facility v0.16 2004-Jun-25, 0 devices found
[    2.089734] EDD information not available.
[    2.089758] random 0000 0000 0000 8ca62387 b120332c: rand_read_num 9 get_random_bytes(64): sig fffffed6 8ca62387 b120332c
[    2.089760] random 0000 0000 0000 8ca62387 b120332c: extract_entropy(.. 64 ..)
[    2.089763] random 0000 0000 0000 8ca62387 b120332c: going to reseed nonblocking with 512 bits (512 of 0 requested)
[    2.089765] random 0000 0000 0000 8ca62387 b120332c: extract_entropy(.. 64 ..)
[    2.089767] random 0000 0000 0000 8ca62387 b120332c: trying to extract 512 bits from input
[    2.089769] random 0000 0000 0000 8ca62387 b120332c: debiting 0 entropy credits from input
[    2.089771] random 0000 0000 0000 8ca62387 b120332c: extract_entropy account returned: 0 
[    2.089774] random 0000 0000 0000 8ca62387 b120332c: urand_change_num 37 xfer_secondary_pool(64): pool_sig fffffed6, data_sig 00000000, bytes_mixed 0 8ca62387 b120332c
[    2.089777] random 0000 0000 0000 8ca62387 b120332c: trying to extract 512 bits from nonblocking
[    2.089779] random 0000 0000 0000 8ca62387 b120332c: debiting 512 entropy credits from nonblocking (unlimited)
[    2.089781] random 0000 0000 0000 8ca62387 b120332c: extract_entropy account returned: 64 
[    2.089785] random 0000 0000 0000 8ca62387 b120332c: urand_change_num 38 extract_buf: pool_sig fffffed6, data_sig fffffeb6, bytes_mixed 20 8ca62387 b120332c
[    2.089789] random 0000 0000 0000 90702413 e2a66c2e: urand_change_num 39 extract_buf: pool_sig fffffbb0, data_sig 0000012e, bytes_mixed 20 90702413 e2a66c2e
[    2.089794] random 0000 0000 0000 90702413 e2a66c2e: urand_change_num 40 extract_buf: pool_sig fffffaf1, data_sig ffffff3c, bytes_mixed 20 90702413 e2a66c2e
[    2.089798] random 0000 0000 0000 3f58038b c77aecb6: urand_change_num 41 extract_buf: pool_sig 00000234, data_sig fffffdec, bytes_mixed 20 3f58038b c77aecb6
[    2.089803] random 0000 0000 0000 47187b9d 03f21510: urand_change_num 42 extract_buf: pool_sig 00000192, data_sig 00000075, bytes_mixed 20 47187b9d 03f21510
[    2.089807] random 0000 0000 0000 47187b9d 03f21510: urand_change_num 43 extract_buf: pool_sig 0000018e, data_sig ffffffbf, bytes_mixed 20 47187b9d 03f21510
[    2.089811] random 0000 0000 0000 3180b1fc 0fa9c973: urand_change_num 44 extract_buf: pool_sig fffffecf, data_sig ffffff2a, bytes_mixed 20 3180b1fc 0fa9c973
[    2.089814] BEGIN NET_SECRET:
[    2.089815] \xffffff87
[    2.089817] \xffffff8d
[    2.089818] \xfffffff4
[    2.089837] \xffffffae
[    2.089839] \xffffffc3
[    2.089840] \xffffffb7
[    2.089841] \x31
[    2.089842] \x65
[    2.089843] \xffffffda
[    2.089844] \xffffffa2
[    2.089845] \x31
[    2.089847] \xffffffc8
[    2.089848] \xffffffa9
[    2.089849] \x76
[    2.089850] \x76
[    2.089851] \xffffff90
[    2.089852] \x55
[    2.089853] \xfffffff3
[    2.089855] \xffffffb1
[    2.089856] \x3
[    2.089857] \xffffffb3
[    2.089858] \xffffffa7
[    2.089859] \x5a
[    2.089860] \x71
[    2.089861] \x70
[    2.089863] \xffffff8c
[    2.089864] \x56
[    2.089865] \x25
[    2.089866] \xffffffe1
[    2.089867] \x4c
[    2.089868] \xffffffe6
[    2.089869] \xffffff95
[    2.089871] \x67
[    2.089872] \x4c
[    2.089873] \xffffffb9
[    2.089874] \x1d
[    2.089875] \xe
[    2.089876] \x34
[    2.089877] \xffffffbe
[    2.089878] \x12
[    2.089880] \x5
[    2.089881] \xffffff98
[    2.089882] \xffffffa0
[    2.089883] \xf
[    2.089884] \xffffffb2
[    2.089885] \xffffffde
[    2.089886] \xffffff99
[    2.089888] \xf
[    2.089889] \xffffffe8
[    2.089890] \xffffffc8
[    2.089891] \x1f
[    2.089892] \x54
[    2.089893] \x2c
[    2.089894] \xffffffee
[    2.089896] \x2e
[    2.089897] \x0
[    2.089898] \xffffff95
[    2.089899] \x0
[    2.089900] \xffffffe3
[    2.089901] \xffffffa7
[    2.089902] \xfffffffd
[    2.089904] \x66
[    2.089905] \xffffff92
[    2.089906] \xfffffff0
[    2.089907] 
[    2.089908] END NET_SECRET
[    2.089911] random 0000 0000 0000 3180b1fc 0fa9c973: rand_read_num 10 get_random_bytes(4): sig ffffff46 3180b1fc 0fa9c973
[    2.089913] random 0000 0000 0000 3180b1fc 0fa9c973: extract_entropy(.. 4 ..)
[    2.089916] random 0000 0000 0000 3180b1fc 0fa9c973: going to reseed nonblocking with 64 bits (32 of 0 requested)
[    2.089918] random 0000 0000 0000 3180b1fc 0fa9c973: extract_entropy(.. 8 ..)
[    2.089920] random 0000 0000 0000 3180b1fc 0fa9c973: trying to extract 64 bits from input
[    2.089922] random 0000 0000 0000 3180b1fc 0fa9c973: debiting 0 entropy credits from input
[    2.089924] random 0000 0000 0000 3180b1fc 0fa9c973: extract_entropy account returned: 0 
[    2.089927] random 0000 0000 0000 3180b1fc 0fa9c973: urand_change_num 45 xfer_secondary_pool(4): pool_sig ffffff46, data_sig 00000000, bytes_mixed 0 3180b1fc 0fa9c973
[    2.089930] random 0000 0000 0000 3180b1fc 0fa9c973: trying to extract 32 bits from nonblocking
[    2.089932] random 0000 0000 0000 3180b1fc 0fa9c973: debiting 32 entropy credits from nonblocking (unlimited)
[    2.089934] random 0000 0000 0000 3180b1fc 0fa9c973: extract_entropy account returned: 4 
[    2.089938] random 0000 0000 0000 3180b1fc 0fa9c973: urand_change_num 46 extract_buf: pool_sig ffffff46, data_sig 0000001b, bytes_mixed 20 3180b1fc 0fa9c973
[    2.264813] ata2.00: ATAPI: VMware Virtual IDE CDROM Drive, 00000001, max UDMA/33
[    2.265094] ata2.00: configured for UDMA/33
[    2.265481] scsi 1:0:0:0: CD-ROM            NECVMWar VMware IDE CDR10 1.00 PQ: 0 ANSI: 5
[    2.266700] sr0: scsi3-mmc drive: 306x/306x cd/rw xa/form2 cdda tray
[    2.266703] Uniform CD-ROM driver Revision: 3.20
[    2.266756] sr 1:0:0:0: Attached scsi CD-ROM sr0
[    2.266790] sr 1:0:0:0: Attached scsi generic sg0 type 5
[    2.266826] Freeing unused kernel memory: 652k freed
[    2.266878] Write protecting the kernel text: 4840k
[    2.266909] Write protecting the kernel read-only data: 1968k
