[    0.000000] random 0000 0000 0000 00000000 00000000: rand_read_num 1 get_random_bytes(8): sig 00000000 00000000 00000000
[    0.000000] random 0000 0000 0000 00000000 00000000: extract_entropy(.. 8 ..)
[    0.000000] random 0000 0000 0000 00000000 00000000: going to reseed nonblocking with 64 bits (64 of 0 requested)
[    0.000000] random 0000 0000 0000 00000000 00000000: extract_entropy(.. 8 ..)
[    0.000000] random 0000 0000 0000 00000000 00000000: trying to extract 64 bits from input
[    0.000000] random 0000 0000 0000 00000000 00000000: debiting 0 entropy credits from input
[    0.000000] random 0000 0000 0000 00000000 00000000: extract_entropy account returned: 0 
[    0.000000] random 0000 0000 0000 00000000 00000000: urand_change_num 1 xfer_secondary_pool(8): pool_sig 00000000, data_sig 00000000, bytes_mixed 0 00000000 00000000
[    0.000000] random 0000 0000 0000 00000000 00000000: trying to extract 64 bits from nonblocking
[    0.000000] random 0000 0000 0000 00000000 00000000: debiting 64 entropy credits from nonblocking (unlimited)
[    0.000000] random 0000 0000 0000 00000000 00000000: extract_entropy account returned: 8 
[    0.000000] random 0000 0000 0000 00000000 00000000: urand_change_num 2 extract_buf: pool_sig 00000000, data_sig fffffff9, bytes_mixed 20 00000000 00000000
[    0.000000] Initializing cgroup subsys cpuset
[    0.000000] Initializing cgroup subsys cpu
[    0.000000] Linux version 2.6.32.57 (dcashman@ubuntu) (gcc version 4.6.3 (Ubuntu/Linaro 4.6.3-1ubuntu5) ) #4 SMP Fri May 24 11:09:26 PDT 2013
[    0.000000] KERNEL supported cpus:
[    0.000000]   Intel GenuineIntel
[    0.000000]   AMD AuthenticAMD
[    0.000000]   NSC Geode by NSC
[    0.000000]   Cyrix CyrixInstead
[    0.000000]   Centaur CentaurHauls
[    0.000000]   Transmeta GenuineTMx86
[    0.000000]   Transmeta TransmetaCPU
[    0.000000]   UMC UMC UMC UMC
[    0.000000] BIOS-provided physical RAM map:
[    0.000000]  BIOS-e820: 0000000000000000 - 000000000009f000 (usable)
[    0.000000]  BIOS-e820: 000000000009f000 - 00000000000a0000 (reserved)
[    0.000000]  BIOS-e820: 00000000000ca000 - 00000000000cc000 (reserved)
[    0.000000]  BIOS-e820: 00000000000dc000 - 0000000000100000 (reserved)
[    0.000000]  BIOS-e820: 0000000000100000 - 000000003fee0000 (usable)
[    0.000000]  BIOS-e820: 000000003fee0000 - 000000003feff000 (ACPI data)
[    0.000000]  BIOS-e820: 000000003feff000 - 000000003ff00000 (ACPI NVS)
[    0.000000]  BIOS-e820: 000000003ff00000 - 0000000040000000 (usable)
[    0.000000]  BIOS-e820: 00000000e0000000 - 00000000f0000000 (reserved)
[    0.000000]  BIOS-e820: 00000000fec00000 - 00000000fec10000 (reserved)
[    0.000000]  BIOS-e820: 00000000fee00000 - 00000000fee01000 (reserved)
[    0.000000]  BIOS-e820: 00000000fffe0000 - 0000000100000000 (reserved)
[    0.000000] DMI present.
[    0.000000] Phoenix BIOS detected: BIOS may corrupt low RAM, working around it.
[    0.000000] e820 update range: 0000000000000000 - 0000000000010000 (usable) ==> (reserved)
[    0.000000] last_pfn = 0x40000 max_arch_pfn = 0x1000000
[    0.000000] MTRR default type: uncachable
[    0.000000] MTRR fixed ranges enabled:
[    0.000000]   00000-9FFFF write-back
[    0.000000]   A0000-BFFFF uncachable
[    0.000000]   C0000-CBFFF write-protect
[    0.000000]   CC000-EFFFF uncachable
[    0.000000]   F0000-FFFFF write-protect
[    0.000000] MTRR variable ranges enabled:
[    0.000000]   0 base 0000000000 mask FFC0000000 write-back
[    0.000000]   1 disabled
[    0.000000]   2 disabled
[    0.000000]   3 disabled
[    0.000000]   4 disabled
[    0.000000]   5 disabled
[    0.000000]   6 disabled
[    0.000000]   7 disabled
[    0.000000] x86 PAT enabled: cpu 0, old 0x0, new 0x7010600070106
[    0.000000] Scanning 0 areas for low memory corruption
[    0.000000] modified physical RAM map:
[    0.000000]  modified: 0000000000000000 - 0000000000010000 (reserved)
[    0.000000]  modified: 0000000000010000 - 000000000009f000 (usable)
[    0.000000]  modified: 000000000009f000 - 00000000000a0000 (reserved)
[    0.000000]  modified: 00000000000ca000 - 00000000000cc000 (reserved)
[    0.000000]  modified: 00000000000dc000 - 0000000000100000 (reserved)
[    0.000000]  modified: 0000000000100000 - 000000003fee0000 (usable)
[    0.000000]  modified: 000000003fee0000 - 000000003feff000 (ACPI data)
[    0.000000]  modified: 000000003feff000 - 000000003ff00000 (ACPI NVS)
[    0.000000]  modified: 000000003ff00000 - 0000000040000000 (usable)
[    0.000000]  modified: 00000000e0000000 - 00000000f0000000 (reserved)
[    0.000000]  modified: 00000000fec00000 - 00000000fec10000 (reserved)
[    0.000000]  modified: 00000000fee00000 - 00000000fee01000 (reserved)
[    0.000000]  modified: 00000000fffe0000 - 0000000100000000 (reserved)
[    0.000000] initial memory mapped : 0 - 01e00000
[    0.000000] init_memory_mapping: 0000000000000000-00000000379fe000
[    0.000000] NX (Execute Disable) protection: active
[    0.000000]  0000000000 - 0000200000 page 4k
[    0.000000]  0000200000 - 0037800000 page 2M
[    0.000000]  0037800000 - 00379fe000 page 4k
[    0.000000] kernel direct mapping tables up to 379fe000 @ 10000-16000
[    0.000000] RAMDISK: 2dcfc000 - 32e758c3
[    0.000000] ACPI: RSDP 000f6b80 00024 (v02 PTLTD )
[    0.000000] ACPI: XSDT 3feed636 0005C (v01 INTEL  440BX    06040000 VMW  01324272)
[    0.000000] ACPI: FACP 3fefee98 000F4 (v04 INTEL  440BX    06040000 PTL  000F4240)
[    0.000000] ACPI: DSDT 3feee366 10B32 (v01 PTLTD  Custom   06040000 MSFT 03000001)
[    0.000000] ACPI: FACS 3fefffc0 00040
[    0.000000] ACPI: BOOT 3feee33e 00028 (v01 PTLTD  $SBFTBL$ 06040000  LTP 00000001)
[    0.000000] ACPI: APIC 3feedc3e 003C2 (v01 PTLTD  ? APIC   06040000  LTP 00000000)
[    0.000000] ACPI: MCFG 3feedc02 0003C (v01 PTLTD  $PCITBL$ 06040000  LTP 00000001)
[    0.000000] ACPI: SRAT 3feed732 004D0 (v02 VMWARE MEMPLUG  06040000 VMW  00000001)
[    0.000000] ACPI: HPET 3feed6fa 00038 (v01 VMWARE VMW HPET 06040000 VMW  00000001)
[    0.000000] ACPI: WAET 3feed6d2 00028 (v01 VMWARE VMW WAET 06040000 VMW  00000001)
[    0.000000] ACPI: Local APIC address 0xfee00000
[    0.000000] 134MB HIGHMEM available.
[    0.000000] 889MB LOWMEM available.
[    0.000000]   mapped low ram: 0 - 379fe000
[    0.000000]   low ram: 0 - 379fe000
[    0.000000]   node 0 low ram: 00000000 - 379fe000
[    0.000000]   node 0 bootmap 00012000 - 00018f40
[    0.000000] (9 early reservations) ==> bootmem [0000000000 - 00379fe000]
[    0.000000]   #0 [0000000000 - 0000001000]   BIOS data page ==> [0000000000 - 0000001000]
[    0.000000]   #1 [0000001000 - 0000002000]    EX TRAMPOLINE ==> [0000001000 - 0000002000]
[    0.000000]   #2 [0000006000 - 0000007000]       TRAMPOLINE ==> [0000006000 - 0000007000]
[    0.000000]   #3 [0001000000 - 0001a75ff8]    TEXT DATA BSS ==> [0001000000 - 0001a75ff8]
[    0.000000]   #4 [002dcfc000 - 0032e758c3]          RAMDISK ==> [002dcfc000 - 0032e758c3]
[    0.000000]   #5 [000009f000 - 0000100000]    BIOS reserved ==> [000009f000 - 0000100000]
[    0.000000]   #6 [0001a76000 - 0001a851c0]              BRK ==> [0001a76000 - 0001a851c0]
[    0.000000]   #7 [0000010000 - 0000012000]          PGTABLE ==> [0000010000 - 0000012000]
[    0.000000]   #8 [0000012000 - 0000019000]          BOOTMAP ==> [0000012000 - 0000019000]
[    0.000000] found SMP MP-table at [c00f6bf0] f6bf0
[    0.000000] Zone PFN ranges:
[    0.000000]   DMA      0x00000010 -> 0x00001000
[    0.000000]   Normal   0x00001000 -> 0x000379fe
[    0.000000]   HighMem  0x000379fe -> 0x00040000
[    0.000000] Movable zone start PFN for each node
[    0.000000] early_node_map[3] active PFN ranges
[    0.000000]     0: 0x00000010 -> 0x0000009f
[    0.000000]     0: 0x00000100 -> 0x0003fee0
[    0.000000]     0: 0x0003ff00 -> 0x00040000
[    0.000000] On node 0 totalpages: 261999
[    0.000000] free_area_init_node: node 0, pgdat c1715200, node_mem_map c1a87200
[    0.000000]   DMA zone: 32 pages used for memmap
[    0.000000]   DMA zone: 0 pages reserved
[    0.000000]   DMA zone: 3951 pages, LIFO batch:0
[    0.000000]   Normal zone: 1748 pages used for memmap
[    0.000000]   Normal zone: 221994 pages, LIFO batch:31
[    0.000000]   HighMem zone: 269 pages used for memmap
[    0.000000]   HighMem zone: 34005 pages, LIFO batch:7
[    0.000000] Using APIC driver default
[    0.000000] ACPI: PM-Timer IO Port: 0x1008
[    0.000000] ACPI: Local APIC address 0xfee00000
[    0.000000] ACPI: LAPIC (acpi_id[0x00] lapic_id[0x00] enabled)
[    0.000000] ACPI: LAPIC (acpi_id[0x01] lapic_id[0x02] disabled)
[    0.000000] ACPI: LAPIC (acpi_id[0x02] lapic_id[0x04] disabled)
[    0.000000] ACPI: LAPIC (acpi_id[0x03] lapic_id[0x06] disabled)
[    0.000000] ACPI: LAPIC (acpi_id[0x04] lapic_id[0x08] disabled)
[    0.000000] ACPI: LAPIC (acpi_id[0x05] lapic_id[0x0a] disabled)
[    0.000000] ACPI: LAPIC (acpi_id[0x06] lapic_id[0x0c] disabled)
[    0.000000] ACPI: LAPIC (acpi_id[0x07] lapic_id[0x0e] disabled)
[    0.000000] ACPI: LAPIC (acpi_id[0x08] lapic_id[0x10] disabled)
[    0.000000] ACPI: LAPIC (acpi_id[0x09] lapic_id[0x12] disabled)
[    0.000000] ACPI: LAPIC (acpi_id[0x0a] lapic_id[0x14] disabled)
[    0.000000] ACPI: LAPIC (acpi_id[0x0b] lapic_id[0x16] disabled)
[    0.000000] ACPI: LAPIC (acpi_id[0x0c] lapic_id[0x18] disabled)
[    0.000000] ACPI: LAPIC (acpi_id[0x0d] lapic_id[0x1a] disabled)
[    0.000000] ACPI: LAPIC (acpi_id[0x0e] lapic_id[0x1c] disabled)
[    0.000000] ACPI: LAPIC (acpi_id[0x0f] lapic_id[0x1e] disabled)
[    0.000000] ACPI: LAPIC (acpi_id[0x10] lapic_id[0x20] disabled)
[    0.000000] ACPI: LAPIC (acpi_id[0x11] lapic_id[0x22] disabled)
[    0.000000] ACPI: LAPIC (acpi_id[0x12] lapic_id[0x24] disabled)
[    0.000000] ACPI: LAPIC (acpi_id[0x13] lapic_id[0x26] disabled)
[    0.000000] ACPI: LAPIC (acpi_id[0x14] lapic_id[0x28] disabled)
[    0.000000] ACPI: LAPIC (acpi_id[0x15] lapic_id[0x2a] disabled)
[    0.000000] ACPI: LAPIC (acpi_id[0x16] lapic_id[0x2c] disabled)
[    0.000000] ACPI: LAPIC (acpi_id[0x17] lapic_id[0x2e] disabled)
[    0.000000] ACPI: LAPIC (acpi_id[0x18] lapic_id[0x30] disabled)
[    0.000000] ACPI: LAPIC (acpi_id[0x19] lapic_id[0x32] disabled)
[    0.000000] ACPI: LAPIC (acpi_id[0x1a] lapic_id[0x34] disabled)
[    0.000000] ACPI: LAPIC (acpi_id[0x1b] lapic_id[0x36] disabled)
[    0.000000] ACPI: LAPIC (acpi_id[0x1c] lapic_id[0x38] disabled)
[    0.000000] ACPI: LAPIC (acpi_id[0x1d] lapic_id[0x3a] disabled)
[    0.000000] ACPI: LAPIC (acpi_id[0x1e] lapic_id[0x3c] disabled)
[    0.000000] ACPI: LAPIC (acpi_id[0x1f] lapic_id[0x3e] disabled)
[    0.000000] ACPI: LAPIC (acpi_id[0x20] lapic_id[0x40] disabled)
[    0.000000] ACPI: LAPIC (acpi_id[0x21] lapic_id[0x42] disabled)
[    0.000000] ACPI: LAPIC (acpi_id[0x22] lapic_id[0x44] disabled)
[    0.000000] ACPI: LAPIC (acpi_id[0x23] lapic_id[0x46] disabled)
[    0.000000] ACPI: LAPIC (acpi_id[0x24] lapic_id[0x48] disabled)
[    0.000000] ACPI: LAPIC (acpi_id[0x25] lapic_id[0x4a] disabled)
[    0.000000] ACPI: LAPIC (acpi_id[0x26] lapic_id[0x4c] disabled)
[    0.000000] ACPI: LAPIC (acpi_id[0x27] lapic_id[0x4e] disabled)
[    0.000000] ACPI: LAPIC (acpi_id[0x28] lapic_id[0x50] disabled)
[    0.000000] ACPI: LAPIC (acpi_id[0x29] lapic_id[0x52] disabled)
[    0.000000] ACPI: LAPIC (acpi_id[0x2a] lapic_id[0x54] disabled)
[    0.000000] ACPI: LAPIC (acpi_id[0x2b] lapic_id[0x56] disabled)
[    0.000000] ACPI: LAPIC (acpi_id[0x2c] lapic_id[0x58] disabled)
[    0.000000] ACPI: LAPIC (acpi_id[0x2d] lapic_id[0x5a] disabled)
[    0.000000] ACPI: LAPIC (acpi_id[0x2e] lapic_id[0x5c] disabled)
[    0.000000] ACPI: LAPIC (acpi_id[0x2f] lapic_id[0x5e] disabled)
[    0.000000] ACPI: LAPIC (acpi_id[0x30] lapic_id[0x60] disabled)
[    0.000000] ACPI: LAPIC (acpi_id[0x31] lapic_id[0x62] disabled)
[    0.000000] ACPI: LAPIC (acpi_id[0x32] lapic_id[0x64] disabled)
[    0.000000] ACPI: LAPIC (acpi_id[0x33] lapic_id[0x66] disabled)
[    0.000000] ACPI: LAPIC (acpi_id[0x34] lapic_id[0x68] disabled)
[    0.000000] ACPI: LAPIC (acpi_id[0x35] lapic_id[0x6a] disabled)
[    0.000000] ACPI: LAPIC (acpi_id[0x36] lapic_id[0x6c] disabled)
[    0.000000] ACPI: LAPIC (acpi_id[0x37] lapic_id[0x6e] disabled)
[    0.000000] ACPI: LAPIC (acpi_id[0x38] lapic_id[0x70] disabled)
[    0.000000] ACPI: LAPIC (acpi_id[0x39] lapic_id[0x72] disabled)
[    0.000000] ACPI: LAPIC (acpi_id[0x3a] lapic_id[0x74] disabled)
[    0.000000] ACPI: LAPIC (acpi_id[0x3b] lapic_id[0x76] disabled)
[    0.000000] ACPI: LAPIC (acpi_id[0x3c] lapic_id[0x78] disabled)
[    0.000000] ACPI: LAPIC (acpi_id[0x3d] lapic_id[0x7a] disabled)
[    0.000000] ACPI: LAPIC (acpi_id[0x3e] lapic_id[0x7c] disabled)
[    0.000000] ACPI: LAPIC (acpi_id[0x3f] lapic_id[0x7e] disabled)
[    0.000000] ACPI: LAPIC_NMI (acpi_id[0x00] high edge lint[0x1])
[    0.000000] ACPI: LAPIC_NMI (acpi_id[0x01] high edge lint[0x1])
[    0.000000] ACPI: LAPIC_NMI (acpi_id[0x02] high edge lint[0x1])
[    0.000000] ACPI: LAPIC_NMI (acpi_id[0x03] high edge lint[0x1])
[    0.000000] ACPI: LAPIC_NMI (acpi_id[0x04] high edge lint[0x1])
[    0.000000] ACPI: LAPIC_NMI (acpi_id[0x05] high edge lint[0x1])
[    0.000000] ACPI: LAPIC_NMI (acpi_id[0x06] high edge lint[0x1])
[    0.000000] ACPI: LAPIC_NMI (acpi_id[0x07] high edge lint[0x1])
[    0.000000] ACPI: LAPIC_NMI (acpi_id[0x08] high edge lint[0x1])
[    0.000000] ACPI: LAPIC_NMI (acpi_id[0x09] high edge lint[0x1])
[    0.000000] ACPI: LAPIC_NMI (acpi_id[0x0a] high edge lint[0x1])
[    0.000000] ACPI: LAPIC_NMI (acpi_id[0x0b] high edge lint[0x1])
[    0.000000] ACPI: LAPIC_NMI (acpi_id[0x0c] high edge lint[0x1])
[    0.000000] ACPI: LAPIC_NMI (acpi_id[0x0d] high edge lint[0x1])
[    0.000000] ACPI: LAPIC_NMI (acpi_id[0x0e] high edge lint[0x1])
[    0.000000] ACPI: LAPIC_NMI (acpi_id[0x0f] high edge lint[0x1])
[    0.000000] ACPI: LAPIC_NMI (acpi_id[0x10] high edge lint[0x1])
[    0.000000] ACPI: LAPIC_NMI (acpi_id[0x11] high edge lint[0x1])
[    0.000000] ACPI: LAPIC_NMI (acpi_id[0x12] high edge lint[0x1])
[    0.000000] ACPI: LAPIC_NMI (acpi_id[0x13] high edge lint[0x1])
[    0.000000] ACPI: LAPIC_NMI (acpi_id[0x14] high edge lint[0x1])
[    0.000000] ACPI: LAPIC_NMI (acpi_id[0x15] high edge lint[0x1])
[    0.000000] ACPI: LAPIC_NMI (acpi_id[0x16] high edge lint[0x1])
[    0.000000] ACPI: LAPIC_NMI (acpi_id[0x17] high edge lint[0x1])
[    0.000000] ACPI: LAPIC_NMI (acpi_id[0x18] high edge lint[0x1])
[    0.000000] ACPI: LAPIC_NMI (acpi_id[0x19] high edge lint[0x1])
[    0.000000] ACPI: LAPIC_NMI (acpi_id[0x1a] high edge lint[0x1])
[    0.000000] ACPI: LAPIC_NMI (acpi_id[0x1b] high edge lint[0x1])
[    0.000000] ACPI: LAPIC_NMI (acpi_id[0x1c] high edge lint[0x1])
[    0.000000] ACPI: LAPIC_NMI (acpi_id[0x1d] high edge lint[0x1])
[    0.000000] ACPI: LAPIC_NMI (acpi_id[0x1e] high edge lint[0x1])
[    0.000000] ACPI: LAPIC_NMI (acpi_id[0x1f] high edge lint[0x1])
[    0.000000] ACPI: LAPIC_NMI (acpi_id[0x20] high edge lint[0x1])
[    0.000000] ACPI: LAPIC_NMI (acpi_id[0x21] high edge lint[0x1])
[    0.000000] ACPI: LAPIC_NMI (acpi_id[0x22] high edge lint[0x1])
[    0.000000] ACPI: LAPIC_NMI (acpi_id[0x23] high edge lint[0x1])
[    0.000000] ACPI: LAPIC_NMI (acpi_id[0x24] high edge lint[0x1])
[    0.000000] ACPI: LAPIC_NMI (acpi_id[0x25] high edge lint[0x1])
[    0.000000] ACPI: LAPIC_NMI (acpi_id[0x26] high edge lint[0x1])
[    0.000000] ACPI: LAPIC_NMI (acpi_id[0x27] high edge lint[0x1])
[    0.000000] ACPI: LAPIC_NMI (acpi_id[0x28] high edge lint[0x1])
[    0.000000] ACPI: LAPIC_NMI (acpi_id[0x29] high edge lint[0x1])
[    0.000000] ACPI: LAPIC_NMI (acpi_id[0x2a] high edge lint[0x1])
[    0.000000] ACPI: LAPIC_NMI (acpi_id[0x2b] high edge lint[0x1])
[    0.000000] ACPI: LAPIC_NMI (acpi_id[0x2c] high edge lint[0x1])
[    0.000000] ACPI: LAPIC_NMI (acpi_id[0x2d] high edge lint[0x1])
[    0.000000] ACPI: LAPIC_NMI (acpi_id[0x2e] high edge lint[0x1])
[    0.000000] ACPI: LAPIC_NMI (acpi_id[0x2f] high edge lint[0x1])
[    0.000000] ACPI: LAPIC_NMI (acpi_id[0x30] high edge lint[0x1])
[    0.000000] ACPI: LAPIC_NMI (acpi_id[0x31] high edge lint[0x1])
[    0.000000] ACPI: LAPIC_NMI (acpi_id[0x32] high edge lint[0x1])
[    0.000000] ACPI: LAPIC_NMI (acpi_id[0x33] high edge lint[0x1])
[    0.000000] ACPI: LAPIC_NMI (acpi_id[0x34] high edge lint[0x1])
[    0.000000] ACPI: LAPIC_NMI (acpi_id[0x35] high edge lint[0x1])
[    0.000000] ACPI: LAPIC_NMI (acpi_id[0x36] high edge lint[0x1])
[    0.000000] ACPI: LAPIC_NMI (acpi_id[0x37] high edge lint[0x1])
[    0.000000] ACPI: LAPIC_NMI (acpi_id[0x38] high edge lint[0x1])
[    0.000000] ACPI: LAPIC_NMI (acpi_id[0x39] high edge lint[0x1])
[    0.000000] ACPI: LAPIC_NMI (acpi_id[0x3a] high edge lint[0x1])
[    0.000000] ACPI: LAPIC_NMI (acpi_id[0x3b] high edge lint[0x1])
[    0.000000] ACPI: LAPIC_NMI (acpi_id[0x3c] high edge lint[0x1])
[    0.000000] ACPI: LAPIC_NMI (acpi_id[0x3d] high edge lint[0x1])
[    0.000000] ACPI: LAPIC_NMI (acpi_id[0x3e] high edge lint[0x1])
[    0.000000] ACPI: LAPIC_NMI (acpi_id[0x3f] high edge lint[0x1])
[    0.000000] ACPI: Skipping IOAPIC probe due to 'noapic' option.
[    0.000000] Using ACPI for processor (LAPIC) configuration information
[    0.000000] ACPI: HPET id: 0x8086af01 base: 0xfed00000
[    0.000000] Intel MultiProcessor Specification v1.4
[    0.000000]     Virtual Wire compatibility mode.
[    0.000000] MPTABLE: OEM ID: INTEL   
[    0.000000] MPTABLE: Product ID: 440BX       
[    0.000000] MPTABLE: APIC at: 0xFEE00000
[    0.000000] I/O APIC #1 Version 17 at 0xFEC00000.
[    0.000000] Processors: 1
[    0.000000] 64 Processors exceeds NR_CPUS limit of 8
[    0.000000] SMP: Allowing 8 CPUs, 7 hotplug CPUs
[    0.000000] nr_irqs_gsi: 24
[    0.000000] PM: Registered nosave memory: 000000000009f000 - 00000000000a0000
[    0.000000] PM: Registered nosave memory: 00000000000a0000 - 00000000000ca000
[    0.000000] PM: Registered nosave memory: 00000000000ca000 - 00000000000cc000
[    0.000000] PM: Registered nosave memory: 00000000000cc000 - 00000000000dc000
[    0.000000] PM: Registered nosave memory: 00000000000dc000 - 0000000000100000
[    0.000000] Allocating PCI resources starting at 40000000 (gap: 40000000:a0000000)
[    0.000000] Booting paravirtualized kernel on bare hardware
[    0.000000] NR_CPUS:8 nr_cpumask_bits:8 nr_cpu_ids:8 nr_node_ids:1
[    0.000000] PERCPU: Embedded 15 pages/cpu @c2400000 s39320 r0 d22120 u262144
[    0.000000] pcpu-alloc: s39320 r0 d22120 u262144 alloc=1*2097152
[    0.000000] pcpu-alloc: [0] 0 1 2 3 4 5 6 7 
[    0.000000] Built 1 zonelists in Zone order, mobility grouping on.  Total pages: 259950
[    0.000000] Kernel command line: BOOT_IMAGE=/boot/vmlinuz-2.6.32.57 root=UUID=007b598c-390d-4c65-84a1-4ff752d48633 ro quiet splash maxcpus=0
[    0.000000] PID hash table entries: 4096 (order: 2, 16384 bytes)
[    0.000000] Dentry cache hash table entries: 131072 (order: 7, 524288 bytes)
[    0.000000] Inode-cache hash table entries: 65536 (order: 6, 262144 bytes)
[    0.000000] Enabling fast FPU save and restore... done.
[    0.000000] Enabling unmasked SIMD FPU exception support... done.
[    0.000000] Initializing CPU#0
[    0.000000] xsave/xrstor: enabled xstate_bv 0x7, cntxt size 0x340
[    0.000000] allocated 5242560 bytes of page_cgroup
[    0.000000] please try 'cgroup_disable=memory' option if you don't want memory cgroups
[    0.000000] Initializing HighMem for node 0 (000379fe:00040000)
[    0.000000] Memory: 938260k/1048576k available (4839k kernel code, 108848k reserved, 2518k data, 652k init, 137096k highmem)
[    0.000000] virtual kernel memory layout:
[    0.000000]     fixmap  : 0xfff1e000 - 0xfffff000   ( 900 kB)
[    0.000000]     pkmap   : 0xffa00000 - 0xffc00000   (2048 kB)
[    0.000000]     vmalloc : 0xf81fe000 - 0xff9fe000   ( 120 MB)
[    0.000000]     lowmem  : 0xc0000000 - 0xf79fe000   ( 889 MB)
[    0.000000]       .init : 0xc1730000 - 0xc17d3000   ( 652 kB)
[    0.000000]       .data : 0xc14b9cce - 0xc172f764   (2518 kB)
[    0.000000]       .text : 0xc1000000 - 0xc14b9cce   (4839 kB)
[    0.000000] Checking if this processor honours the WP bit even in supervisor mode...Ok.
[    0.000000] SLUB: Genslabs=13, HWalign=64, Order=0-3, MinObjects=0, CPUs=8, Nodes=1
[    0.000000] Hierarchical RCU implementation.
[    0.000000] NR_IRQS:2304 nr_irqs:472
[    0.000000] Extended CMOS year: 2000
[    0.000000] Console: colour VGA+ 80x25
[    0.000000] console [tty0] enabled
[    0.000000] hpet clockevent registered
[    0.000000] TSC freq read from hypervisor : 2394.620 MHz
[    0.000000] Detected 2394.620 MHz processor.
[    0.000003] Calibrating delay loop (skipped) preset value.. 4789.24 BogoMIPS (lpj=9578480)
[    0.000012] Security Framework initialized
[    0.000015] SELinux:  Disabled at boot.
[    0.000020] Mount-cache hash table entries: 512
[    0.000122] Initializing cgroup subsys cpuacct
[    0.000125] Initializing cgroup subsys memory
[    0.000129] Initializing cgroup subsys devices
[    0.000130] Initializing cgroup subsys freezer
[    0.000158] CPU: Physical Processor ID: 0
[    0.000165] CPU: L1 I cache: 32K, L1 D cache: 32K
[    0.000167] CPU: L2 cache: 256K
[    0.000168] CPU: L3 cache: 4096K
[    0.000173] mce: CPU supports 0 MCE banks
[    0.000185] Performance Events: no PMU driver, software events only.
[    0.000195] Checking 'hlt' instruction... OK.
[    0.017672] SMP alternatives: switching to UP code
[    0.032668] ACPI: Core revision 20090903
[    0.040077] ACPI: setting ELCR to 0200 (from 0e20)
[    0.041176] ftrace: converting mcount calls to 0f 1f 44 00 00
[    0.041182] ftrace: allocating 22631 entries in 45 pages
[    0.059569] CANARY value: 8c1f91f3 for PID: 1
[    0.059601] Not enabling x2apic, Intr-remapping init failed.
[    0.059603] Enabling APIC mode:  Flat.  Using 1 I/O APICs
[    0.059611] SMP mode deactivated.
[    0.059638] SMP disabled
[    0.059698] Brought up 1 CPUs
[    0.059700] Total of 1 processors activated (4789.24 BogoMIPS).
[    0.059704] CPU0 attaching NULL sched-domain.
[    0.059776] devtmpfs: initialized
[    0.059889] sysctl table check failed: /kernel/random/now_input .1.40.7 Unknown sysctl binary path
[    0.060416] Pid: 1, comm: swapper Not tainted 2.6.32.57 #4
[    0.060418] Call Trace:
[    0.060423]  [<c14a8a0e>] ? printk+0x1d/0x1f
[    0.060427]  [<c107b56f>] set_fail+0x4f/0x60
[    0.060429]  [<c107b8b3>] sysctl_check_table+0x333/0x620
[    0.060431]  [<c107b8cc>] sysctl_check_table+0x34c/0x620
[    0.060433]  [<c107b8cc>] sysctl_check_table+0x34c/0x620
[    0.060437]  [<c1746d48>] sysctl_init+0x25/0x29
[    0.060439]  [<c1003042>] do_one_initcall+0x32/0x1a0
[    0.060441]  [<c1746d23>] ? sysctl_init+0x0/0x29
[    0.060444]  [<c17308e7>] kernel_init+0x12d/0x17a
[    0.060446]  [<c17307ba>] ? kernel_init+0x0/0x17a
[    0.060448]  [<c1009b07>] kernel_thread_helper+0x7/0x10
[    0.060451] sysctl table check failed: /kernel/random/now_blocking .1.40.8 Unknown sysctl binary path
[    0.060699] Pid: 1, comm: swapper Not tainted 2.6.32.57 #4
[    0.060700] Call Trace:
[    0.060702]  [<c14a8a0e>] ? printk+0x1d/0x1f
[    0.060703]  [<c107b56f>] set_fail+0x4f/0x60
[    0.060705]  [<c107b8b3>] sysctl_check_table+0x333/0x620
[    0.060707]  [<c107b8cc>] sysctl_check_table+0x34c/0x620
[    0.060709]  [<c107b8cc>] sysctl_check_table+0x34c/0x620
[    0.060711]  [<c1746d48>] sysctl_init+0x25/0x29
[    0.060713]  [<c1003042>] do_one_initcall+0x32/0x1a0
[    0.060715]  [<c1746d23>] ? sysctl_init+0x0/0x29
[    0.060717]  [<c17308e7>] kernel_init+0x12d/0x17a
[    0.060719]  [<c17307ba>] ? kernel_init+0x0/0x17a
[    0.060720]  [<c1009b07>] kernel_thread_helper+0x7/0x10
[    0.060722] sysctl table check failed: /kernel/random/now_nonblocking .1.40.9 Unknown sysctl binary path
[    0.060970] Pid: 1, comm: swapper Not tainted 2.6.32.57 #4
[    0.060970] Call Trace:
[    0.060972]  [<c14a8a0e>] ? printk+0x1d/0x1f
[    0.060974]  [<c107b56f>] set_fail+0x4f/0x60
[    0.060975]  [<c107b8b3>] sysctl_check_table+0x333/0x620
[    0.060977]  [<c107b8cc>] sysctl_check_table+0x34c/0x620
[    0.060979]  [<c107b8cc>] sysctl_check_table+0x34c/0x620
[    0.060981]  [<c1746d48>] sysctl_init+0x25/0x29
[    0.060983]  [<c1003042>] do_one_initcall+0x32/0x1a0
[    0.060985]  [<c1746d23>] ? sysctl_init+0x0/0x29
[    0.060987]  [<c17308e7>] kernel_init+0x12d/0x17a
[    0.060988]  [<c17307ba>] ? kernel_init+0x0/0x17a
[    0.060990]  [<c1009b07>] kernel_thread_helper+0x7/0x10
[    0.060992] sysctl table check failed: /kernel/random/nb_input_bytes .1.40.10 Unknown sysctl binary path
[    0.061261] Pid: 1, comm: swapper Not tainted 2.6.32.57 #4
[    0.061262] Call Trace:
[    0.061264]  [<c14a8a0e>] ? printk+0x1d/0x1f
[    0.061265]  [<c107b56f>] set_fail+0x4f/0x60
[    0.061267]  [<c107b8b3>] sysctl_check_table+0x333/0x620
[    0.061269]  [<c107b8cc>] sysctl_check_table+0x34c/0x620
[    0.061270]  [<c107b8cc>] sysctl_check_table+0x34c/0x620
[    0.061273]  [<c1746d48>] sysctl_init+0x25/0x29
[    0.061275]  [<c1003042>] do_one_initcall+0x32/0x1a0
[    0.061277]  [<c1746d23>] ? sysctl_init+0x0/0x29
[    0.061278]  [<c17308e7>] kernel_init+0x12d/0x17a
[    0.061280]  [<c17307ba>] ? kernel_init+0x0/0x17a
[    0.061282]  [<c1009b07>] kernel_thread_helper+0x7/0x10
[    0.061283] sysctl table check failed: /kernel/random/nb_stir_count .1.40.11 Unknown sysctl binary path
[    0.061529] Pid: 1, comm: swapper Not tainted 2.6.32.57 #4
[    0.061530] Call Trace:
[    0.061531]  [<c14a8a0e>] ? printk+0x1d/0x1f
[    0.061533]  [<c107b56f>] set_fail+0x4f/0x60
[    0.061534]  [<c107b8b3>] sysctl_check_table+0x333/0x620
[    0.061536]  [<c107b8cc>] sysctl_check_table+0x34c/0x620
[    0.061538]  [<c107b8cc>] sysctl_check_table+0x34c/0x620
[    0.061540]  [<c1746d48>] sysctl_init+0x25/0x29
[    0.061542]  [<c1003042>] do_one_initcall+0x32/0x1a0
[    0.061544]  [<c1746d23>] ? sysctl_init+0x0/0x29
[    0.061546]  [<c17308e7>] kernel_init+0x12d/0x17a
[    0.061547]  [<c17307ba>] ? kernel_init+0x0/0x17a
[    0.061549]  [<c1009b07>] kernel_thread_helper+0x7/0x10
[    0.061550] sysctl table check failed: /kernel/random/nb_reentry_count .1.40.12 Unknown sysctl binary path
[    0.061798] Pid: 1, comm: swapper Not tainted 2.6.32.57 #4
[    0.061798] Call Trace:
[    0.061800]  [<c14a8a0e>] ? printk+0x1d/0x1f
[    0.061801]  [<c107b56f>] set_fail+0x4f/0x60
[    0.061803]  [<c107b8b3>] sysctl_check_table+0x333/0x620
[    0.061805]  [<c107b8cc>] sysctl_check_table+0x34c/0x620
[    0.061806]  [<c107b8cc>] sysctl_check_table+0x34c/0x620
[    0.061809]  [<c1746d48>] sysctl_init+0x25/0x29
[    0.061810]  [<c1003042>] do_one_initcall+0x32/0x1a0
[    0.061812]  [<c1746d23>] ? sysctl_init+0x0/0x29
[    0.061814]  [<c17308e7>] kernel_init+0x12d/0x17a
[    0.061816]  [<c17307ba>] ? kernel_init+0x0/0x17a
[    0.061817]  [<c1009b07>] kernel_thread_helper+0x7/0x10
[    0.061960] RANDOM - __seed init called.
[    0.061961] RANDOM - __seed init called.
[    0.061962] RANDOM - __seed init called.
[    0.061963] RANDOM - __random32 called. Change num 1.  Value: 97305ca5	7ac4e314	874f43ab
[    0.061965] RANDOM - __random32 called. Change num 2.  Value: 5ca5394	ac4e3148	8757a6ab
[    0.061966] RANDOM - __random32 called. Change num 3.  Value: a53949f7	c4e3148e	4d57bd52
[    0.061968] RANDOM - __random32 called. Change num 4.  Value: 949f7180	4e3148eb	7aa4fd4a
[    0.061969] RANDOM - __random32 called. Change num 5.  Value: f7180f55	e3148ebb	fa95f062
[    0.061970] RANDOM - __random32 called. Change num 6.  Value: 80f55ede	3148ebb7	e0c5c74e
[    0.061972] RANDOM - random32 init called.  Value: 80f55ede	3148ebb7	e0c5c74e
[    0.061980] regulator: core version 0.5
[    0.062044] Time: 20:58:20  Date: 05/24/13
[    0.062084] NET: Registered protocol family 16
[    0.062153] EISA bus registered
[    0.062963] ACPI: bus type pci registered
[    0.063062] PCI: MCFG configuration 0: base e0000000 segment 0 buses 0 - 255
[    0.063064] PCI: MCFG area at e0000000 reserved in E820
[    0.063065] PCI: Using MMCONFIG for extended config space
[    0.063066] PCI: Using configuration type 1 for base access
[    0.063554] bio: create slab <bio-0> at 0
[    0.064864] ACPI: EC: Look up EC in DSDT
[    0.107932] ACPI: BIOS _OSI(Linux) query ignored
[    0.114132] ACPI: Interpreter enabled
[    0.114163] ACPI: (supports S0 S1 S4 S5)
[    0.114179] ACPI: Using PIC for interrupt routing
[    0.208019] ACPI: No dock devices found.
[    0.208871] ACPI: PCI Root Bridge [PCI0] (0000:00)
[    0.210571] pci 0000:00:07.1: reg 20 io port: [0x10c0-0x10cf]
[    0.211092] pci 0000:00:07.3: quirk: region 1000-103f claimed by PIIX4 ACPI
[    0.211104] pci 0000:00:07.3: quirk: region 1040-104f claimed by PIIX4 SMB
[    0.211665] pci 0000:00:07.7: reg 10 io port: [0x1080-0x10bf]
[    0.212078] pci 0000:00:07.7: reg 14 64bit mmio: [0xc8000000-0xc8001fff]
[    0.213224] pci 0000:00:0f.0: reg 10 io port: [0x10d0-0x10df]
[    0.213263] pci 0000:00:0f.0: reg 14 32bit mmio pref: [0xd0000000-0xd7ffffff]
[    0.213301] pci 0000:00:0f.0: reg 18 32bit mmio: [0xc8800000-0xc8ffffff]
[    0.213447] pci 0000:00:0f.0: reg 30 32bit mmio pref: [0x000000-0x007fff]
[    0.213981] pci 0000:00:10.0: reg 10 io port: [0x1400-0x14ff]
[    0.214378] pci 0000:00:10.0: reg 14 64bit mmio: [0xc8040000-0xc805ffff]
[    0.214806] pci 0000:00:10.0: reg 1c 64bit mmio: [0xc8020000-0xc803ffff]
[    0.214884] pci 0000:00:10.0: reg 30 32bit mmio pref: [0x000000-0x003fff]
[    0.216395] pci 0000:00:15.0: PME# supported from D0 D3hot D3cold
[    0.216417] pci 0000:00:15.0: PME# disabled
[    0.217286] pci 0000:00:15.1: PME# supported from D0 D3hot D3cold
[    0.217308] pci 0000:00:15.1: PME# disabled
[    0.218338] pci 0000:00:15.2: PME# supported from D0 D3hot D3cold
[    0.218370] pci 0000:00:15.2: PME# disabled
[    0.219494] pci 0000:00:15.3: PME# supported from D0 D3hot D3cold
[    0.219516] pci 0000:00:15.3: PME# disabled
[    0.220645] pci 0000:00:15.4: PME# supported from D0 D3hot D3cold
[    0.220667] pci 0000:00:15.4: PME# disabled
[    0.221655] pci 0000:00:15.5: PME# supported from D0 D3hot D3cold
[    0.221684] pci 0000:00:15.5: PME# disabled
[    0.222583] pci 0000:00:15.6: PME# supported from D0 D3hot D3cold
[    0.222604] pci 0000:00:15.6: PME# disabled
[    0.223466] pci 0000:00:15.7: PME# supported from D0 D3hot D3cold
[    0.223487] pci 0000:00:15.7: PME# disabled
[    0.224383] pci 0000:00:16.0: PME# supported from D0 D3hot D3cold
[    0.224404] pci 0000:00:16.0: PME# disabled
[    0.225280] pci 0000:00:16.1: PME# supported from D0 D3hot D3cold
[    0.225300] pci 0000:00:16.1: PME# disabled
[    0.226176] pci 0000:00:16.2: PME# supported from D0 D3hot D3cold
[    0.226196] pci 0000:00:16.2: PME# disabled
[    0.227111] pci 0000:00:16.3: PME# supported from D0 D3hot D3cold
[    0.227132] pci 0000:00:16.3: PME# disabled
[    0.228156] pci 0000:00:16.4: PME# supported from D0 D3hot D3cold
[    0.228176] pci 0000:00:16.4: PME# disabled
[    0.229033] pci 0000:00:16.5: PME# supported from D0 D3hot D3cold
[    0.229053] pci 0000:00:16.5: PME# disabled
[    0.229985] pci 0000:00:16.6: PME# supported from D0 D3hot D3cold
[    0.230012] pci 0000:00:16.6: PME# disabled
[    0.231043] pci 0000:00:16.7: PME# supported from D0 D3hot D3cold
[    0.231063] pci 0000:00:16.7: PME# disabled
[    0.232086] pci 0000:00:17.0: PME# supported from D0 D3hot D3cold
[    0.232107] pci 0000:00:17.0: PME# disabled
[    0.233202] pci 0000:00:17.1: PME# supported from D0 D3hot D3cold
[    0.233223] pci 0000:00:17.1: PME# disabled
[    0.234385] pci 0000:00:17.2: PME# supported from D0 D3hot D3cold
[    0.234415] pci 0000:00:17.2: PME# disabled
[    0.235735] pci 0000:00:17.3: PME# supported from D0 D3hot D3cold
[    0.235764] pci 0000:00:17.3: PME# disabled
[    0.236684] pci 0000:00:17.4: PME# supported from D0 D3hot D3cold
[    0.236704] pci 0000:00:17.4: PME# disabled
[    0.237565] pci 0000:00:17.5: PME# supported from D0 D3hot D3cold
[    0.237585] pci 0000:00:17.5: PME# disabled
[    0.238450] pci 0000:00:17.6: PME# supported from D0 D3hot D3cold
[    0.238470] pci 0000:00:17.6: PME# disabled
[    0.239335] pci 0000:00:17.7: PME# supported from D0 D3hot D3cold
[    0.239355] pci 0000:00:17.7: PME# disabled
[    0.240248] pci 0000:00:18.0: PME# supported from D0 D3hot D3cold
[    0.240269] pci 0000:00:18.0: PME# disabled
[    0.241134] pci 0000:00:18.1: PME# supported from D0 D3hot D3cold
[    0.241154] pci 0000:00:18.1: PME# disabled
[    0.242016] pci 0000:00:18.2: PME# supported from D0 D3hot D3cold
[    0.242036] pci 0000:00:18.2: PME# disabled
[    0.242892] pci 0000:00:18.3: PME# supported from D0 D3hot D3cold
[    0.242913] pci 0000:00:18.3: PME# disabled
[    0.243780] pci 0000:00:18.4: PME# supported from D0 D3hot D3cold
[    0.243800] pci 0000:00:18.4: PME# disabled
[    0.244668] pci 0000:00:18.5: PME# supported from D0 D3hot D3cold
[    0.244688] pci 0000:00:18.5: PME# disabled
[    0.245796] pci 0000:00:18.6: PME# supported from D0 D3hot D3cold
[    0.245825] pci 0000:00:18.6: PME# disabled
[    0.247071] pci 0000:00:18.7: PME# supported from D0 D3hot D3cold
[    0.247098] pci 0000:00:18.7: PME# disabled
[    0.248683] pci 0000:02:00.0: reg 20 io port: [0x20c0-0x20df]
[    0.249403] pci 0000:02:01.0: reg 10 io port: [0x2000-0x207f]
[    0.249649] pci 0000:02:01.0: reg 30 32bit mmio pref: [0x000000-0x00ffff]
[    0.250384] pci 0000:02:02.0: reg 10 io port: [0x2080-0x20bf]
[    0.251183] pci 0000:02:03.0: reg 10 32bit mmio: [0xc9000000-0xc9000fff]
[    0.251854] pci 0000:00:11.0: transparent bridge
[    0.251885] pci 0000:00:11.0: bridge io port: [0x2000-0x3fff]
[    0.251936] pci 0000:00:11.0: bridge 32bit mmio: [0xc9000000-0xca3fffff]
[    0.252052] pci 0000:00:11.0: bridge 64bit mmio pref: [0xd8400000-0xd89fffff]
[    0.252565] pci 0000:00:15.0: bridge io port: [0x4000-0x4fff]
[    0.252592] pci 0000:00:15.0: bridge 32bit mmio: [0xca400000-0xca4fffff]
[    0.252643] pci 0000:00:15.0: bridge 64bit mmio pref: [0xd8a00000-0xd8afffff]
[    0.253055] pci 0000:00:15.1: bridge io port: [0x8000-0x8fff]
[    0.253077] pci 0000:00:15.1: bridge 32bit mmio: [0xca800000-0xca8fffff]
[    0.253115] pci 0000:00:15.1: bridge 64bit mmio pref: [0xd8e00000-0xd8efffff]
[    0.253480] pci 0000:00:15.2: bridge io port: [0xc000-0xcfff]
[    0.253501] pci 0000:00:15.2: bridge 32bit mmio: [0xcac00000-0xcacfffff]
[    0.253540] pci 0000:00:15.2: bridge 64bit mmio pref: [0xd9200000-0xd92fffff]
[    0.253991] pci 0000:00:15.3: bridge 32bit mmio: [0xcb000000-0xcb0fffff]
[    0.254030] pci 0000:00:15.3: bridge 64bit mmio pref: [0xd9600000-0xd96fffff]
[    0.254412] pci 0000:00:15.4: bridge 32bit mmio: [0xcb400000-0xcb4fffff]
[    0.254450] pci 0000:00:15.4: bridge 64bit mmio pref: [0xd9a00000-0xd9afffff]
[    0.254827] pci 0000:00:15.5: bridge 32bit mmio: [0xcb800000-0xcb8fffff]
[    0.254865] pci 0000:00:15.5: bridge 64bit mmio pref: [0xd9e00000-0xd9efffff]
[    0.255250] pci 0000:00:15.6: bridge 32bit mmio: [0xcbc00000-0xcbcfffff]
[    0.255288] pci 0000:00:15.6: bridge 64bit mmio pref: [0xda200000-0xda2fffff]
[    0.255686] pci 0000:00:15.7: bridge 32bit mmio: [0xcc000000-0xcc0fffff]
[    0.255724] pci 0000:00:15.7: bridge 64bit mmio pref: [0xda600000-0xda6fffff]
[    0.256090] pci 0000:00:16.0: bridge io port: [0x5000-0x5fff]
[    0.256110] pci 0000:00:16.0: bridge 32bit mmio: [0xca500000-0xca5fffff]
[    0.256148] pci 0000:00:16.0: bridge 64bit mmio pref: [0xd8b00000-0xd8bfffff]
[    0.256505] pci 0000:00:16.1: bridge io port: [0x9000-0x9fff]
[    0.256525] pci 0000:00:16.1: bridge 32bit mmio: [0xca900000-0xca9fffff]
[    0.256563] pci 0000:00:16.1: bridge 64bit mmio pref: [0xd8f00000-0xd8ffffff]
[    0.256921] pci 0000:00:16.2: bridge io port: [0xd000-0xdfff]
[    0.256941] pci 0000:00:16.2: bridge 32bit mmio: [0xcad00000-0xcadfffff]
[    0.256979] pci 0000:00:16.2: bridge 64bit mmio pref: [0xd9300000-0xd93fffff]
[    0.257430] pci 0000:00:16.3: bridge 32bit mmio: [0xcb100000-0xcb1fffff]
[    0.257476] pci 0000:00:16.3: bridge 64bit mmio pref: [0xd9700000-0xd97fffff]
[    0.257981] pci 0000:00:16.4: bridge 32bit mmio: [0xcb500000-0xcb5fffff]
[    0.258029] pci 0000:00:16.4: bridge 64bit mmio pref: [0xd9b00000-0xd9bfffff]
[    0.258526] pci 0000:00:16.5: bridge 32bit mmio: [0xcb900000-0xcb9fffff]
[    0.258573] pci 0000:00:16.5: bridge 64bit mmio pref: [0xd9f00000-0xd9ffffff]
[    0.259295] pci 0000:00:16.6: bridge 32bit mmio: [0xcbd00000-0xcbdfffff]
[    0.259347] pci 0000:00:16.6: bridge 64bit mmio pref: [0xda300000-0xda3fffff]
[    0.259879] pci 0000:00:16.7: bridge 32bit mmio: [0xcc100000-0xcc1fffff]
[    0.259997] pci 0000:00:16.7: bridge 64bit mmio pref: [0xda700000-0xda7fffff]
[    0.260471] pci 0000:00:17.0: bridge io port: [0x6000-0x6fff]
[    0.260494] pci 0000:00:17.0: bridge 32bit mmio: [0xca600000-0xca6fffff]
[    0.260549] pci 0000:00:17.0: bridge 64bit mmio pref: [0xd8c00000-0xd8cfffff]
[    0.261000] pci 0000:00:17.1: bridge io port: [0xa000-0xafff]
[    0.261028] pci 0000:00:17.1: bridge 32bit mmio: [0xcaa00000-0xcaafffff]
[    0.261080] pci 0000:00:17.1: bridge 64bit mmio pref: [0xd9000000-0xd90fffff]
[    0.261559] pci 0000:00:17.2: bridge io port: [0xe000-0xefff]
[    0.261580] pci 0000:00:17.2: bridge 32bit mmio: [0xcae00000-0xcaefffff]
[    0.261618] pci 0000:00:17.2: bridge 64bit mmio pref: [0xd9400000-0xd94fffff]
[    0.262079] pci 0000:00:17.3: bridge 32bit mmio: [0xcb200000-0xcb2fffff]
[    0.262117] pci 0000:00:17.3: bridge 64bit mmio pref: [0xd9800000-0xd98fffff]
[    0.262574] pci 0000:00:17.4: bridge 32bit mmio: [0xcb600000-0xcb6fffff]
[    0.262625] pci 0000:00:17.4: bridge 64bit mmio pref: [0xd9c00000-0xd9cfffff]
[    0.263139] pci 0000:00:17.5: bridge 32bit mmio: [0xcba00000-0xcbafffff]
[    0.263178] pci 0000:00:17.5: bridge 64bit mmio pref: [0xda000000-0xda0fffff]
[    0.263654] pci 0000:00:17.6: bridge 32bit mmio: [0xcbe00000-0xcbefffff]
[    0.263692] pci 0000:00:17.6: bridge 64bit mmio pref: [0xda400000-0xda4fffff]
[    0.264196] pci 0000:00:17.7: bridge 32bit mmio: [0xcc200000-0xcc2fffff]
[    0.264250] pci 0000:00:17.7: bridge 64bit mmio pref: [0xda800000-0xda8fffff]
[    0.264657] pci 0000:00:18.0: bridge io port: [0x7000-0x7fff]
[    0.264684] pci 0000:00:18.0: bridge 32bit mmio: [0xca700000-0xca7fffff]
[    0.264732] pci 0000:00:18.0: bridge 64bit mmio pref: [0xd8d00000-0xd8dfffff]
[    0.265296] pci 0000:00:18.1: bridge io port: [0xb000-0xbfff]
[    0.265326] pci 0000:00:18.1: bridge 32bit mmio: [0xcab00000-0xcabfffff]
[    0.265381] pci 0000:00:18.1: bridge 64bit mmio pref: [0xd9100000-0xd91fffff]
[    0.265851] pci 0000:00:18.2: bridge io port: [0xf000-0xffff]
[    0.265899] pci 0000:00:18.2: bridge 32bit mmio: [0xcaf00000-0xcaffffff]
[    0.265958] pci 0000:00:18.2: bridge 64bit mmio pref: [0xd9500000-0xd95fffff]
[    0.266436] pci 0000:00:18.3: bridge 32bit mmio: [0xcb300000-0xcb3fffff]
[    0.266490] pci 0000:00:18.3: bridge 64bit mmio pref: [0xd9900000-0xd99fffff]
[    0.267007] pci 0000:00:18.4: bridge 32bit mmio: [0xcb700000-0xcb7fffff]
[    0.267053] pci 0000:00:18.4: bridge 64bit mmio pref: [0xd9d00000-0xd9dfffff]
[    0.267751] pci 0000:00:18.5: bridge 32bit mmio: [0xcbb00000-0xcbbfffff]
[    0.267833] pci 0000:00:18.5: bridge 64bit mmio pref: [0xda100000-0xda1fffff]
[    0.268312] pci 0000:00:18.6: bridge 32bit mmio: [0xcbf00000-0xcbffffff]
[    0.268351] pci 0000:00:18.6: bridge 64bit mmio pref: [0xda500000-0xda5fffff]
[    0.268733] pci 0000:00:18.7: bridge 32bit mmio: [0xcc300000-0xcc3fffff]
[    0.268771] pci 0000:00:18.7: bridge 64bit mmio pref: [0xda900000-0xda9fffff]
[    0.270650] pci_bus 0000:00: on NUMA node 0
[    0.270663] ACPI: PCI Interrupt Routing Table [\_SB_.PCI0._PRT]
[    0.528926] ACPI: PCI Interrupt Link [LNKA] (IRQs 3 4 5 6 7 *9 10 11 14 15)
[    0.529082] ACPI: PCI Interrupt Link [LNKB] (IRQs 3 4 5 6 7 9 10 *11 14 15)
[    0.529233] ACPI: PCI Interrupt Link [LNKC] (IRQs 3 4 5 6 7 9 *10 11 14 15)
[    0.529383] ACPI: PCI Interrupt Link [LNKD] (IRQs 3 4 *5 6 7 9 10 11 14 15)
[    0.529526] vgaarb: device added: PCI:0000:00:0f.0,decodes=io+mem,owns=io+mem,locks=none
[    0.529536] vgaarb: loaded
[    0.529626] SCSI subsystem initialized
[    0.529670] libata version 3.00 loaded.
[    0.529710] usbcore: registered new interface driver usbfs
[    0.529722] usbcore: registered new interface driver hub
[    0.529738] usbcore: registered new device driver usb
[    0.529806] PCI: Using ACPI for IRQ routing
[    0.530771] NetLabel: Initializing
[    0.530772] NetLabel:  domain hash size = 128
[    0.530773] NetLabel:  protocols = UNLABELED CIPSOv4
[    0.530781] NetLabel:  unlabeled traffic allowed by default
[    0.530843] hpet0: at MMIO 0xfed00000, IRQs 2, 8, 0, 0, 0, 0, 0, 0, 0, 0, 0, 0, 0, 0, 0, 0
[    0.530849] hpet0: 16 comparators, 64-bit 14.318180 MHz counter
[    0.532881] Switching to clocksource tsc
[    0.542702] pnp: PnP ACPI init
[    0.542716] ACPI: bus type pnp registered
[    0.594998] pnp: PnP ACPI: found 14 devices
[    0.595001] ACPI: ACPI bus type pnp unregistered
[    0.595004] PnPBIOS: Disabled by ACPI PNP
[    0.595020] system 00:01: ioport range 0x1000-0x103f has been reserved
[    0.595022] system 00:01: ioport range 0x1040-0x104f has been reserved
[    0.595024] system 00:01: ioport range 0xcf0-0xcf1 has been reserved
[    0.595032] system 00:08: iomem range 0xfed00000-0xfed003ff has been reserved
[    0.595036] system 00:0d: ioport range 0x1060-0x107f has been reserved
[    0.595038] system 00:0d: iomem range 0xe0000000-0xefffffff has been reserved
[    0.595040] system 00:0d: iomem range 0xc8200000-0xc83fffff has been reserved
[    0.629820] pci 0000:00:15.3: BAR 13: can't allocate I/O resource [0x10000-0xffff]
[    0.629826] pci 0000:00:15.4: BAR 13: can't allocate I/O resource [0x10000-0xffff]
[    0.629830] pci 0000:00:15.5: BAR 13: can't allocate I/O resource [0x10000-0xffff]
[    0.629833] pci 0000:00:15.6: BAR 13: can't allocate I/O resource [0x10000-0xffff]
[    0.629835] pci 0000:00:15.7: BAR 13: can't allocate I/O resource [0x10000-0xffff]
[    0.629838] pci 0000:00:16.3: BAR 13: can't allocate I/O resource [0x10000-0xffff]
[    0.629841] pci 0000:00:16.4: BAR 13: can't allocate I/O resource [0x10000-0xffff]
[    0.629844] pci 0000:00:16.5: BAR 13: can't allocate I/O resource [0x10000-0xffff]
[    0.629847] pci 0000:00:16.6: BAR 13: can't allocate I/O resource [0x10000-0xffff]
[    0.629850] pci 0000:00:16.7: BAR 13: can't allocate I/O resource [0x10000-0xffff]
[    0.629853] pci 0000:00:17.3: BAR 13: can't allocate I/O resource [0x10000-0xffff]
[    0.629856] pci 0000:00:17.4: BAR 13: can't allocate I/O resource [0x10000-0xffff]
[    0.629859] pci 0000:00:17.5: BAR 13: can't allocate I/O resource [0x10000-0xffff]
[    0.629861] pci 0000:00:17.6: BAR 13: can't allocate I/O resource [0x10000-0xffff]
[    0.629864] pci 0000:00:17.7: BAR 13: can't allocate I/O resource [0x10000-0xffff]
[    0.629867] pci 0000:00:18.3: BAR 13: can't allocate I/O resource [0x10000-0xffff]
[    0.629870] pci 0000:00:18.4: BAR 13: can't allocate I/O resource [0x10000-0xffff]
[    0.629873] pci 0000:00:18.5: BAR 13: can't allocate I/O resource [0x10000-0xffff]
[    0.629876] pci 0000:00:18.6: BAR 13: can't allocate I/O resource [0x10000-0xffff]
[    0.629878] pci 0000:00:18.7: BAR 13: can't allocate I/O resource [0x10000-0xffff]
[    0.629881] pci 0000:00:01.0: PCI bridge, secondary bus 0000:01
[    0.629883] pci 0000:00:01.0:   IO window: disabled
[    0.629913] pci 0000:00:01.0:   MEM window: disabled
[    0.629934] pci 0000:00:01.0:   PREFETCH window: disabled
[    0.629974] pci 0000:00:11.0: PCI bridge, secondary bus 0000:02
[    0.629986] pci 0000:00:11.0:   IO window: 0x2000-0x3fff
[    0.630016] pci 0000:00:11.0:   MEM window: 0xc9000000-0xca3fffff
[    0.630037] pci 0000:00:11.0:   PREFETCH window: 0x000000d8400000-0x000000d89fffff
[    0.630076] pci 0000:00:15.0: PCI bridge, secondary bus 0000:03
[    0.630088] pci 0000:00:15.0:   IO window: 0x4000-0x4fff
[    0.630118] pci 0000:00:15.0:   MEM window: 0xca400000-0xca4fffff
[    0.630139] pci 0000:00:15.0:   PREFETCH window: 0x000000d8a00000-0x000000d8afffff
[    0.630192] pci 0000:00:15.1: PCI bridge, secondary bus 0000:04
[    0.630204] pci 0000:00:15.1:   IO window: 0x8000-0x8fff
[    0.630234] pci 0000:00:15.1:   MEM window: 0xca800000-0xca8fffff
[    0.630255] pci 0000:00:15.1:   PREFETCH window: 0x000000d8e00000-0x000000d8efffff
[    0.630297] pci 0000:00:15.2: PCI bridge, secondary bus 0000:05
[    0.630309] pci 0000:00:15.2:   IO window: 0xc000-0xcfff
[    0.630339] pci 0000:00:15.2:   MEM window: 0xcac00000-0xcacfffff
[    0.630360] pci 0000:00:15.2:   PREFETCH window: 0x000000d9200000-0x000000d92fffff
[    0.630411] pci 0000:00:15.3: PCI bridge, secondary bus 0000:06
[    0.630414] pci 0000:00:15.3:   IO window: disabled
[    0.630454] pci 0000:00:15.3:   MEM window: 0xcb000000-0xcb0fffff
[    0.630477] pci 0000:00:15.3:   PREFETCH window: 0x000000d9600000-0x000000d96fffff
[    0.630521] pci 0000:00:15.4: PCI bridge, secondary bus 0000:07
[    0.630523] pci 0000:00:15.4:   IO window: disabled
[    0.630553] pci 0000:00:15.4:   MEM window: 0xcb400000-0xcb4fffff
[    0.630574] pci 0000:00:15.4:   PREFETCH window: 0x000000d9a00000-0x000000d9afffff
[    0.630616] pci 0000:00:15.5: PCI bridge, secondary bus 0000:08
[    0.630618] pci 0000:00:15.5:   IO window: disabled
[    0.630648] pci 0000:00:15.5:   MEM window: 0xcb800000-0xcb8fffff
[    0.630669] pci 0000:00:15.5:   PREFETCH window: 0x000000d9e00000-0x000000d9efffff
[    0.630711] pci 0000:00:15.6: PCI bridge, secondary bus 0000:09
[    0.630713] pci 0000:00:15.6:   IO window: disabled
[    0.630743] pci 0000:00:15.6:   MEM window: 0xcbc00000-0xcbcfffff
[    0.630764] pci 0000:00:15.6:   PREFETCH window: 0x000000da200000-0x000000da2fffff
[    0.630806] pci 0000:00:15.7: PCI bridge, secondary bus 0000:0a
[    0.630808] pci 0000:00:15.7:   IO window: disabled
[    0.630838] pci 0000:00:15.7:   MEM window: 0xcc000000-0xcc0fffff
[    0.630858] pci 0000:00:15.7:   PREFETCH window: 0x000000da600000-0x000000da6fffff
[    0.630901] pci 0000:00:16.0: PCI bridge, secondary bus 0000:0b
[    0.630913] pci 0000:00:16.0:   IO window: 0x5000-0x5fff
[    0.630942] pci 0000:00:16.0:   MEM window: 0xca500000-0xca5fffff
[    0.630963] pci 0000:00:16.0:   PREFETCH window: 0x000000d8b00000-0x000000d8bfffff
[    0.631005] pci 0000:00:16.1: PCI bridge, secondary bus 0000:0c
[    0.631017] pci 0000:00:16.1:   IO window: 0x9000-0x9fff
[    0.631047] pci 0000:00:16.1:   MEM window: 0xca900000-0xca9fffff
[    0.631067] pci 0000:00:16.1:   PREFETCH window: 0x000000d8f00000-0x000000d8ffffff
[    0.631109] pci 0000:00:16.2: PCI bridge, secondary bus 0000:0d
[    0.631121] pci 0000:00:16.2:   IO window: 0xd000-0xdfff
[    0.631151] pci 0000:00:16.2:   MEM window: 0xcad00000-0xcadfffff
[    0.631172] pci 0000:00:16.2:   PREFETCH window: 0x000000d9300000-0x000000d93fffff
[    0.631214] pci 0000:00:16.3: PCI bridge, secondary bus 0000:0e
[    0.631216] pci 0000:00:16.3:   IO window: disabled
[    0.631245] pci 0000:00:16.3:   MEM window: 0xcb100000-0xcb1fffff
[    0.631266] pci 0000:00:16.3:   PREFETCH window: 0x000000d9700000-0x000000d97fffff
[    0.631308] pci 0000:00:16.4: PCI bridge, secondary bus 0000:0f
[    0.631310] pci 0000:00:16.4:   IO window: disabled
[    0.631339] pci 0000:00:16.4:   MEM window: 0xcb500000-0xcb5fffff
[    0.631360] pci 0000:00:16.4:   PREFETCH window: 0x000000d9b00000-0x000000d9bfffff
[    0.631406] pci 0000:00:16.5: PCI bridge, secondary bus 0000:10
[    0.631408] pci 0000:00:16.5:   IO window: disabled
[    0.631437] pci 0000:00:16.5:   MEM window: 0xcb900000-0xcb9fffff
[    0.631458] pci 0000:00:16.5:   PREFETCH window: 0x000000d9f00000-0x000000d9ffffff
[    0.631500] pci 0000:00:16.6: PCI bridge, secondary bus 0000:11
[    0.631502] pci 0000:00:16.6:   IO window: disabled
[    0.631532] pci 0000:00:16.6:   MEM window: 0xcbd00000-0xcbdfffff
[    0.631552] pci 0000:00:16.6:   PREFETCH window: 0x000000da300000-0x000000da3fffff
[    0.631594] pci 0000:00:16.7: PCI bridge, secondary bus 0000:12
[    0.631596] pci 0000:00:16.7:   IO window: disabled
[    0.631626] pci 0000:00:16.7:   MEM window: 0xcc100000-0xcc1fffff
[    0.631647] pci 0000:00:16.7:   PREFETCH window: 0x000000da700000-0x000000da7fffff
[    0.631689] pci 0000:00:17.0: PCI bridge, secondary bus 0000:13
[    0.631700] pci 0000:00:17.0:   IO window: 0x6000-0x6fff
[    0.631730] pci 0000:00:17.0:   MEM window: 0xca600000-0xca6fffff
[    0.631751] pci 0000:00:17.0:   PREFETCH window: 0x000000d8c00000-0x000000d8cfffff
[    0.631794] pci 0000:00:17.1: PCI bridge, secondary bus 0000:14
[    0.631808] pci 0000:00:17.1:   IO window: 0xa000-0xafff
[    0.631841] pci 0000:00:17.1:   MEM window: 0xcaa00000-0xcaafffff
[    0.631861] pci 0000:00:17.1:   PREFETCH window: 0x000000d9000000-0x000000d90fffff
[    0.631904] pci 0000:00:17.2: PCI bridge, secondary bus 0000:15
[    0.631916] pci 0000:00:17.2:   IO window: 0xe000-0xefff
[    0.631946] pci 0000:00:17.2:   MEM window: 0xcae00000-0xcaefffff
[    0.631966] pci 0000:00:17.2:   PREFETCH window: 0x000000d9400000-0x000000d94fffff
[    0.632009] pci 0000:00:17.3: PCI bridge, secondary bus 0000:16
[    0.632010] pci 0000:00:17.3:   IO window: disabled
[    0.632040] pci 0000:00:17.3:   MEM window: 0xcb200000-0xcb2fffff
[    0.632061] pci 0000:00:17.3:   PREFETCH window: 0x000000d9800000-0x000000d98fffff
[    0.632103] pci 0000:00:17.4: PCI bridge, secondary bus 0000:17
[    0.632105] pci 0000:00:17.4:   IO window: disabled
[    0.632135] pci 0000:00:17.4:   MEM window: 0xcb600000-0xcb6fffff
[    0.632155] pci 0000:00:17.4:   PREFETCH window: 0x000000d9c00000-0x000000d9cfffff
[    0.632197] pci 0000:00:17.5: PCI bridge, secondary bus 0000:18
[    0.632199] pci 0000:00:17.5:   IO window: disabled
[    0.632229] pci 0000:00:17.5:   MEM window: 0xcba00000-0xcbafffff
[    0.632249] pci 0000:00:17.5:   PREFETCH window: 0x000000da000000-0x000000da0fffff
[    0.632292] pci 0000:00:17.6: PCI bridge, secondary bus 0000:19
[    0.632293] pci 0000:00:17.6:   IO window: disabled
[    0.632323] pci 0000:00:17.6:   MEM window: 0xcbe00000-0xcbefffff
[    0.632344] pci 0000:00:17.6:   PREFETCH window: 0x000000da400000-0x000000da4fffff
[    0.632395] pci 0000:00:17.7: PCI bridge, secondary bus 0000:1a
[    0.632396] pci 0000:00:17.7:   IO window: disabled
[    0.632426] pci 0000:00:17.7:   MEM window: 0xcc200000-0xcc2fffff
[    0.632447] pci 0000:00:17.7:   PREFETCH window: 0x000000da800000-0x000000da8fffff
[    0.632489] pci 0000:00:18.0: PCI bridge, secondary bus 0000:1b
[    0.632501] pci 0000:00:18.0:   IO window: 0x7000-0x7fff
[    0.632530] pci 0000:00:18.0:   MEM window: 0xca700000-0xca7fffff
[    0.632551] pci 0000:00:18.0:   PREFETCH window: 0x000000d8d00000-0x000000d8dfffff
[    0.632593] pci 0000:00:18.1: PCI bridge, secondary bus 0000:1c
[    0.632605] pci 0000:00:18.1:   IO window: 0xb000-0xbfff
[    0.632635] pci 0000:00:18.1:   MEM window: 0xcab00000-0xcabfffff
[    0.632655] pci 0000:00:18.1:   PREFETCH window: 0x000000d9100000-0x000000d91fffff
[    0.632698] pci 0000:00:18.2: PCI bridge, secondary bus 0000:1d
[    0.632710] pci 0000:00:18.2:   IO window: 0xf000-0xffff
[    0.632740] pci 0000:00:18.2:   MEM window: 0xcaf00000-0xcaffffff
[    0.632760] pci 0000:00:18.2:   PREFETCH window: 0x000000d9500000-0x000000d95fffff
[    0.632824] pci 0000:00:18.3: PCI bridge, secondary bus 0000:1e
[    0.632826] pci 0000:00:18.3:   IO window: disabled
[    0.632856] pci 0000:00:18.3:   MEM window: 0xcb300000-0xcb3fffff
[    0.632876] pci 0000:00:18.3:   PREFETCH window: 0x000000d9900000-0x000000d99fffff
[    0.632918] pci 0000:00:18.4: PCI bridge, secondary bus 0000:1f
[    0.632920] pci 0000:00:18.4:   IO window: disabled
[    0.632950] pci 0000:00:18.4:   MEM window: 0xcb700000-0xcb7fffff
[    0.632971] pci 0000:00:18.4:   PREFETCH window: 0x000000d9d00000-0x000000d9dfffff
[    0.633013] pci 0000:00:18.5: PCI bridge, secondary bus 0000:20
[    0.633015] pci 0000:00:18.5:   IO window: disabled
[    0.633044] pci 0000:00:18.5:   MEM window: 0xcbb00000-0xcbbfffff
[    0.633065] pci 0000:00:18.5:   PREFETCH window: 0x000000da100000-0x000000da1fffff
[    0.633108] pci 0000:00:18.6: PCI bridge, secondary bus 0000:21
[    0.633109] pci 0000:00:18.6:   IO window: disabled
[    0.633139] pci 0000:00:18.6:   MEM window: 0xcbf00000-0xcbffffff
[    0.633160] pci 0000:00:18.6:   PREFETCH window: 0x000000da500000-0x000000da5fffff
[    0.633202] pci 0000:00:18.7: PCI bridge, secondary bus 0000:22
[    0.633204] pci 0000:00:18.7:   IO window: disabled
[    0.633233] pci 0000:00:18.7:   MEM window: 0xcc300000-0xcc3fffff
[    0.633254] pci 0000:00:18.7:   PREFETCH window: 0x000000da900000-0x000000da9fffff
[    0.633343] pci 0000:00:01.0: setting latency timer to 64
[    0.633502] pci 0000:00:15.0: setting latency timer to 64
[    0.633644] pci 0000:00:15.1: setting latency timer to 64
[    0.633766] pci 0000:00:15.2: setting latency timer to 64
[    0.633893] pci 0000:00:15.3: setting latency timer to 64
[    0.633984] pci 0000:00:15.4: setting latency timer to 64
[    0.634076] pci 0000:00:15.5: setting latency timer to 64
[    0.634193] pci 0000:00:15.6: setting latency timer to 64
[    0.634345] pci 0000:00:15.7: setting latency timer to 64
[    0.634497] pci 0000:00:16.0: setting latency timer to 64
[    0.634591] pci 0000:00:16.1: setting latency timer to 64
[    0.634682] pci 0000:00:16.2: setting latency timer to 64
[    0.634778] pci 0000:00:16.3: setting latency timer to 64
[    0.634869] pci 0000:00:16.4: setting latency timer to 64
[    0.634960] pci 0000:00:16.5: setting latency timer to 64
[    0.635042] pci 0000:00:16.6: setting latency timer to 64
[    0.635110] pci 0000:00:16.7: setting latency timer to 64
[    0.635176] pci 0000:00:17.0: setting latency timer to 64
[    0.635243] pci 0000:00:17.1: setting latency timer to 64
[    0.635311] pci 0000:00:17.2: setting latency timer to 64
[    0.635400] pci 0000:00:17.3: setting latency timer to 64
[    0.635468] pci 0000:00:17.4: setting latency timer to 64
[    0.635553] pci 0000:00:17.5: setting latency timer to 64
[    0.635643] pci 0000:00:17.6: setting latency timer to 64
[    0.635719] pci 0000:00:17.7: setting latency timer to 64
[    0.635786] pci 0000:00:18.0: setting latency timer to 64
[    0.635853] pci 0000:00:18.1: setting latency timer to 64
[    0.635938] pci 0000:00:18.2: setting latency timer to 64
[    0.636028] pci 0000:00:18.3: setting latency timer to 64
[    0.636096] pci 0000:00:18.4: setting latency timer to 64
[    0.636163] pci 0000:00:18.5: setting latency timer to 64
[    0.636237] pci 0000:00:18.6: setting latency timer to 64
[    0.636334] pci 0000:00:18.7: setting latency timer to 64
[    0.636361] pci_bus 0000:00: resource 0 io:  [0x00-0xffff]
[    0.636364] pci_bus 0000:00: resource 1 mem: [0x000000-0xffffffffffffffff]
[    0.636368] pci_bus 0000:02: resource 0 io:  [0x2000-0x3fff]
[    0.636371] pci_bus 0000:02: resource 1 mem: [0xc9000000-0xca3fffff]
[    0.636374] pci_bus 0000:02: resource 2 pref mem [0xd8400000-0xd89fffff]
[    0.636377] pci_bus 0000:02: resource 3 io:  [0x00-0xffff]
[    0.636379] pci_bus 0000:02: resource 4 mem: [0x000000-0xffffffffffffffff]
[    0.636430] pci_bus 0000:03: resource 0 io:  [0x4000-0x4fff]
[    0.636436] pci_bus 0000:03: resource 1 mem: [0xca400000-0xca4fffff]
[    0.636439] pci_bus 0000:03: resource 2 pref mem [0xd8a00000-0xd8afffff]
[    0.636442] pci_bus 0000:04: resource 0 io:  [0x8000-0x8fff]
[    0.636445] pci_bus 0000:04: resource 1 mem: [0xca800000-0xca8fffff]
[    0.636447] pci_bus 0000:04: resource 2 pref mem [0xd8e00000-0xd8efffff]
[    0.636451] pci_bus 0000:05: resource 0 io:  [0xc000-0xcfff]
[    0.636453] pci_bus 0000:05: resource 1 mem: [0xcac00000-0xcacfffff]
[    0.636456] pci_bus 0000:05: resource 2 pref mem [0xd9200000-0xd92fffff]
[    0.636459] pci_bus 0000:06: resource 1 mem: [0xcb000000-0xcb0fffff]
[    0.636462] pci_bus 0000:06: resource 2 pref mem [0xd9600000-0xd96fffff]
[    0.636465] pci_bus 0000:07: resource 1 mem: [0xcb400000-0xcb4fffff]
[    0.636467] pci_bus 0000:07: resource 2 pref mem [0xd9a00000-0xd9afffff]
[    0.636471] pci_bus 0000:08: resource 1 mem: [0xcb800000-0xcb8fffff]
[    0.636474] pci_bus 0000:08: resource 2 pref mem [0xd9e00000-0xd9efffff]
[    0.636477] pci_bus 0000:09: resource 1 mem: [0xcbc00000-0xcbcfffff]
[    0.636480] pci_bus 0000:09: resource 2 pref mem [0xda200000-0xda2fffff]
[    0.636483] pci_bus 0000:0a: resource 1 mem: [0xcc000000-0xcc0fffff]
[    0.636485] pci_bus 0000:0a: resource 2 pref mem [0xda600000-0xda6fffff]
[    0.636488] pci_bus 0000:0b: resource 0 io:  [0x5000-0x5fff]
[    0.636491] pci_bus 0000:0b: resource 1 mem: [0xca500000-0xca5fffff]
[    0.636494] pci_bus 0000:0b: resource 2 pref mem [0xd8b00000-0xd8bfffff]
[    0.636497] pci_bus 0000:0c: resource 0 io:  [0x9000-0x9fff]
[    0.636500] pci_bus 0000:0c: resource 1 mem: [0xca900000-0xca9fffff]
[    0.636503] pci_bus 0000:0c: resource 2 pref mem [0xd8f00000-0xd8ffffff]
[    0.636506] pci_bus 0000:0d: resource 0 io:  [0xd000-0xdfff]
[    0.636509] pci_bus 0000:0d: resource 1 mem: [0xcad00000-0xcadfffff]
[    0.636512] pci_bus 0000:0d: resource 2 pref mem [0xd9300000-0xd93fffff]
[    0.636514] pci_bus 0000:0e: resource 1 mem: [0xcb100000-0xcb1fffff]
[    0.636517] pci_bus 0000:0e: resource 2 pref mem [0xd9700000-0xd97fffff]
[    0.636521] pci_bus 0000:0f: resource 1 mem: [0xcb500000-0xcb5fffff]
[    0.636524] pci_bus 0000:0f: resource 2 pref mem [0xd9b00000-0xd9bfffff]
[    0.636527] pci_bus 0000:10: resource 1 mem: [0xcb900000-0xcb9fffff]
[    0.636530] pci_bus 0000:10: resource 2 pref mem [0xd9f00000-0xd9ffffff]
[    0.636533] pci_bus 0000:11: resource 1 mem: [0xcbd00000-0xcbdfffff]
[    0.636536] pci_bus 0000:11: resource 2 pref mem [0xda300000-0xda3fffff]
[    0.636539] pci_bus 0000:12: resource 1 mem: [0xcc100000-0xcc1fffff]
[    0.636542] pci_bus 0000:12: resource 2 pref mem [0xda700000-0xda7fffff]
[    0.636545] pci_bus 0000:13: resource 0 io:  [0x6000-0x6fff]
[    0.636548] pci_bus 0000:13: resource 1 mem: [0xca600000-0xca6fffff]
[    0.636550] pci_bus 0000:13: resource 2 pref mem [0xd8c00000-0xd8cfffff]
[    0.636553] pci_bus 0000:14: resource 0 io:  [0xa000-0xafff]
[    0.636556] pci_bus 0000:14: resource 1 mem: [0xcaa00000-0xcaafffff]
[    0.636558] pci_bus 0000:14: resource 2 pref mem [0xd9000000-0xd90fffff]
[    0.636562] pci_bus 0000:15: resource 0 io:  [0xe000-0xefff]
[    0.636564] pci_bus 0000:15: resource 1 mem: [0xcae00000-0xcaefffff]
[    0.636568] pci_bus 0000:15: resource 2 pref mem [0xd9400000-0xd94fffff]
[    0.636571] pci_bus 0000:16: resource 1 mem: [0xcb200000-0xcb2fffff]
[    0.636574] pci_bus 0000:16: resource 2 pref mem [0xd9800000-0xd98fffff]
[    0.636602] pci_bus 0000:17: resource 1 mem: [0xcb600000-0xcb6fffff]
[    0.636606] pci_bus 0000:17: resource 2 pref mem [0xd9c00000-0xd9cfffff]
[    0.636609] pci_bus 0000:18: resource 1 mem: [0xcba00000-0xcbafffff]
[    0.636612] pci_bus 0000:18: resource 2 pref mem [0xda000000-0xda0fffff]
[    0.636615] pci_bus 0000:19: resource 1 mem: [0xcbe00000-0xcbefffff]
[    0.636618] pci_bus 0000:19: resource 2 pref mem [0xda400000-0xda4fffff]
[    0.636621] pci_bus 0000:1a: resource 1 mem: [0xcc200000-0xcc2fffff]
[    0.636662] pci_bus 0000:1a: resource 2 pref mem [0xda800000-0xda8fffff]
[    0.636666] pci_bus 0000:1b: resource 0 io:  [0x7000-0x7fff]
[    0.636669] pci_bus 0000:1b: resource 1 mem: [0xca700000-0xca7fffff]
[    0.636672] pci_bus 0000:1b: resource 2 pref mem [0xd8d00000-0xd8dfffff]
[    0.636675] pci_bus 0000:1c: resource 0 io:  [0xb000-0xbfff]
[    0.636678] pci_bus 0000:1c: resource 1 mem: [0xcab00000-0xcabfffff]
[    0.636681] pci_bus 0000:1c: resource 2 pref mem [0xd9100000-0xd91fffff]
[    0.636684] pci_bus 0000:1d: resource 0 io:  [0xf000-0xffff]
[    0.636686] pci_bus 0000:1d: resource 1 mem: [0xcaf00000-0xcaffffff]
[    0.636689] pci_bus 0000:1d: resource 2 pref mem [0xd9500000-0xd95fffff]
[    0.636692] pci_bus 0000:1e: resource 1 mem: [0xcb300000-0xcb3fffff]
[    0.636695] pci_bus 0000:1e: resource 2 pref mem [0xd9900000-0xd99fffff]
[    0.636698] pci_bus 0000:1f: resource 1 mem: [0xcb700000-0xcb7fffff]
[    0.636701] pci_bus 0000:1f: resource 2 pref mem [0xd9d00000-0xd9dfffff]
[    0.636704] pci_bus 0000:20: resource 1 mem: [0xcbb00000-0xcbbfffff]
[    0.636707] pci_bus 0000:20: resource 2 pref mem [0xda100000-0xda1fffff]
[    0.636710] pci_bus 0000:21: resource 1 mem: [0xcbf00000-0xcbffffff]
[    0.636713] pci_bus 0000:21: resource 2 pref mem [0xda500000-0xda5fffff]
[    0.636717] pci_bus 0000:22: resource 1 mem: [0xcc300000-0xcc3fffff]
[    0.636720] pci_bus 0000:22: resource 2 pref mem [0xda900000-0xda9fffff]
[    0.636754] NET: Registered protocol family 2
[    0.636756] RANDOM - __random32 called. Change num 7.  Value: 55ede565	148ebb7a	8e9cdd7f
[    0.636758] RANDOM - random32 called.  Value: 55ede565	148ebb7a	8e9cdd7f
[    0.636760] random 0000 0000 0000 00000000 00000000: rand_read_num 2 get_random_bytes(4): sig fffffe1a 00000000 00000000
[    0.636762] random 0000 0000 0000 00000000 00000000: extract_entropy(.. 4 ..)
[    0.636763] random 0000 0000 0000 00000000 00000000: going to reseed nonblocking with 64 bits (32 of 0 requested)
[    0.636764] random 0000 0000 0000 00000000 00000000: extract_entropy(.. 8 ..)
[    0.636765] random 0000 0000 0000 00000000 00000000: trying to extract 64 bits from input
[    0.636782] random 0000 0000 0000 00000000 00000000: debiting 0 entropy credits from input
[    0.636853] random 0000 0000 0000 00000000 00000000: extract_entropy account returned: 0 
[    0.636932] random 0000 0000 0000 00000000 00000000: urand_change_num 3 xfer_secondary_pool(4): pool_sig fffffe1a, data_sig 00000000, bytes_mixed 0 00000000 00000000
[    0.636937] random 0000 0000 0000 00000000 00000000: trying to extract 32 bits from nonblocking
[    0.636942] random 0000 0000 0000 00000000 00000000: debiting 32 entropy credits from nonblocking (unlimited)
[    0.636945] random 0000 0000 0000 00000000 00000000: extract_entropy account returned: 4 
[    0.636951] random 0000 0000 0000 00000000 00000000: urand_change_num 4 extract_buf: pool_sig fffffe1a, data_sig fffffed7, bytes_mixed 20 00000000 00000000
[    0.636998] IP route cache hash table entries: 32768 (order: 5, 131072 bytes)
[    0.637165] RANDOM - __random32 called. Change num 8.  Value: de565d28	48ebb7a3	baff4f46
[    0.637169] RANDOM - random32 called.  Value: de565d28	48ebb7a3	baff4f46
[    0.637307] RANDOM - __random32 called. Change num 9.  Value: 65d282be	8ebb7a35	9e8da0a6
[    0.637310] RANDOM - random32 called.  Value: 65d282be	8ebb7a35	9e8da0a6
[    0.637314] RANDOM - __random32 called. Change num 10.  Value: 282be6b0	ebb7a35a	414d5c14
[    0.637318] RANDOM - random32 called.  Value: 282be6b0	ebb7a35a	414d5c14
[    0.637364] RANDOM - __random32 called. Change num 11.  Value: be6b0a9f	bb7a35a2	b82964f7
[    0.637367] RANDOM - random32 called.  Value: be6b0a9f	bb7a35a2	b82964f7
[    0.637535] TCP established hash table entries: 131072 (order: 8, 1048576 bytes)
[    0.637703] TCP bind hash table entries: 65536 (order: 7, 524288 bytes)
[    0.637871] TCP: Hash tables configured (established 131072 bind 65536)
[    0.637874] TCP reno registered
[    0.637927] NET: Registered protocol family 1
[    0.637939] pci 0000:00:00.0: Limiting direct PCI/PCI transfers
[    0.637964] pci 0000:00:0f.0: Boot video device
[    0.638182] Trying to unpack rootfs image as initramfs...
[    1.855089] Freeing initrd memory: 83430k freed
[    1.863090] Simple Boot Flag at 0x36 set to 0x1
[    1.863138] cpufreq-nforce2: No nForce2 chipset.
[    1.863151] Scanning for low memory corruption every 60 seconds
[    1.863269] audit: initializing netlink socket (disabled)
[    1.863277] type=2000 audit(1369429101.852:1): initialized
[    1.867174] highmem bounce pool size: 64 pages
[    1.867178] HugeTLB registered 2 MB page size, pre-allocated 0 pages
[    1.867274] VFS: Disk quotas dquot_6.5.2
[    1.867304] Dquot-cache hash table entries: 1024 (order 0, 4096 bytes)
[    1.867385] fuse init (API version 7.13)
[    1.867428] msgmni has been set to 1729
[    1.867749] alg: No test for stdrng (krng)
[    1.867786] Block layer SCSI generic (bsg) driver version 0.4 loaded (major 253)
[    1.867788] io scheduler noop registered
[    1.867790] io scheduler anticipatory registered
[    1.867792] io scheduler deadline registered
[    1.867812] io scheduler cfq registered (default)
[    1.867860]   alloc irq_desc for 24 on node -1
[    1.867863]   alloc kstat_irqs on node -1
[    1.867911] pcieport 0000:00:15.0: irq 24 for MSI/MSI-X
[    1.867960] pcieport 0000:00:15.0: setting latency timer to 64
[    1.868008]   alloc irq_desc for 25 on node -1
[    1.868010]   alloc kstat_irqs on node -1
[    1.868058] pcieport 0000:00:15.1: irq 25 for MSI/MSI-X
[    1.868107] pcieport 0000:00:15.1: setting latency timer to 64
[    1.868155]   alloc irq_desc for 26 on node -1
[    1.868157]   alloc kstat_irqs on node -1
[    1.868206] pcieport 0000:00:15.2: irq 26 for MSI/MSI-X
[    1.868254] pcieport 0000:00:15.2: setting latency timer to 64
[    1.868302]   alloc irq_desc for 27 on node -1
[    1.868304]   alloc kstat_irqs on node -1
[    1.868352] pcieport 0000:00:15.3: irq 27 for MSI/MSI-X
[    1.868401] pcieport 0000:00:15.3: setting latency timer to 64
[    1.868449]   alloc irq_desc for 28 on node -1
[    1.868451]   alloc kstat_irqs on node -1
[    1.868499] pcieport 0000:00:15.4: irq 28 for MSI/MSI-X
[    1.868548] pcieport 0000:00:15.4: setting latency timer to 64
[    1.868596]   alloc irq_desc for 29 on node -1
[    1.868598]   alloc kstat_irqs on node -1
[    1.868647] pcieport 0000:00:15.5: irq 29 for MSI/MSI-X
[    1.868695] pcieport 0000:00:15.5: setting latency timer to 64
[    1.868743]   alloc irq_desc for 30 on node -1
[    1.868745]   alloc kstat_irqs on node -1
[    1.868793] pcieport 0000:00:15.6: irq 30 for MSI/MSI-X
[    1.868842] pcieport 0000:00:15.6: setting latency timer to 64
[    1.868890]   alloc irq_desc for 31 on node -1
[    1.868892]   alloc kstat_irqs on node -1
[    1.868940] pcieport 0000:00:15.7: irq 31 for MSI/MSI-X
[    1.868989] pcieport 0000:00:15.7: setting latency timer to 64
[    1.869037]   alloc irq_desc for 32 on node -1
[    1.869039]   alloc kstat_irqs on node -1
[    1.869088] pcieport 0000:00:16.0: irq 32 for MSI/MSI-X
[    1.869136] pcieport 0000:00:16.0: setting latency timer to 64
[    1.871154]   alloc irq_desc for 33 on node -1
[    1.871158]   alloc kstat_irqs on node -1
[    1.871206] pcieport 0000:00:16.1: irq 33 for MSI/MSI-X
[    1.871255] pcieport 0000:00:16.1: setting latency timer to 64
[    1.871303]   alloc irq_desc for 34 on node -1
[    1.871305]   alloc kstat_irqs on node -1
[    1.871353] pcieport 0000:00:16.2: irq 34 for MSI/MSI-X
[    1.871402] pcieport 0000:00:16.2: setting latency timer to 64
[    1.871450]   alloc irq_desc for 35 on node -1
[    1.871454]   alloc kstat_irqs on node -1
[    1.871502] pcieport 0000:00:16.3: irq 35 for MSI/MSI-X
[    1.871550] pcieport 0000:00:16.3: setting latency timer to 64
[    1.871599]   alloc irq_desc for 36 on node -1
[    1.871602]   alloc kstat_irqs on node -1
[    1.871650] pcieport 0000:00:16.4: irq 36 for MSI/MSI-X
[    1.871699] pcieport 0000:00:16.4: setting latency timer to 64
[    1.871747]   alloc irq_desc for 37 on node -1
[    1.871795]   alloc kstat_irqs on node -1
[    1.871844] pcieport 0000:00:16.5: irq 37 for MSI/MSI-X
[    1.871892] pcieport 0000:00:16.5: setting latency timer to 64
[    1.871940]   alloc irq_desc for 38 on node -1
[    1.871943]   alloc kstat_irqs on node -1
[    1.871991] pcieport 0000:00:16.6: irq 38 for MSI/MSI-X
[    1.872039] pcieport 0000:00:16.6: setting latency timer to 64
[    1.872088]   alloc irq_desc for 39 on node -1
[    1.872090]   alloc kstat_irqs on node -1
[    1.872138] pcieport 0000:00:16.7: irq 39 for MSI/MSI-X
[    1.872187] pcieport 0000:00:16.7: setting latency timer to 64
[    1.872235]   alloc irq_desc for 40 on node -1
[    1.872237]   alloc kstat_irqs on node -1
[    1.872285] pcieport 0000:00:17.0: irq 40 for MSI/MSI-X
[    1.872334] pcieport 0000:00:17.0: setting latency timer to 64
[    1.872382]   alloc irq_desc for 41 on node -1
[    1.872384]   alloc kstat_irqs on node -1
[    1.872432] pcieport 0000:00:17.1: irq 41 for MSI/MSI-X
[    1.872481] pcieport 0000:00:17.1: setting latency timer to 64
[    1.872529]   alloc irq_desc for 42 on node -1
[    1.872531]   alloc kstat_irqs on node -1
[    1.872579] pcieport 0000:00:17.2: irq 42 for MSI/MSI-X
[    1.872628] pcieport 0000:00:17.2: setting latency timer to 64
[    1.872676]   alloc irq_desc for 43 on node -1
[    1.872678]   alloc kstat_irqs on node -1
[    1.872726] pcieport 0000:00:17.3: irq 43 for MSI/MSI-X
[    1.872775] pcieport 0000:00:17.3: setting latency timer to 64
[    1.872823]   alloc irq_desc for 44 on node -1
[    1.872825]   alloc kstat_irqs on node -1
[    1.872874] pcieport 0000:00:17.4: irq 44 for MSI/MSI-X
[    1.872922] pcieport 0000:00:17.4: setting latency timer to 64
[    1.872970]   alloc irq_desc for 45 on node -1
[    1.872974]   alloc kstat_irqs on node -1
[    1.873022] pcieport 0000:00:17.5: irq 45 for MSI/MSI-X
[    1.873070] pcieport 0000:00:17.5: setting latency timer to 64
[    1.873119]   alloc irq_desc for 46 on node -1
[    1.873121]   alloc kstat_irqs on node -1
[    1.873169] pcieport 0000:00:17.6: irq 46 for MSI/MSI-X
[    1.873218] pcieport 0000:00:17.6: setting latency timer to 64
[    1.873266]   alloc irq_desc for 47 on node -1
[    1.873268]   alloc kstat_irqs on node -1
[    1.873316] pcieport 0000:00:17.7: irq 47 for MSI/MSI-X
[    1.873365] pcieport 0000:00:17.7: setting latency timer to 64
[    1.873413]   alloc irq_desc for 48 on node -1
[    1.873415]   alloc kstat_irqs on node -1
[    1.873464] pcieport 0000:00:18.0: irq 48 for MSI/MSI-X
[    1.873512] pcieport 0000:00:18.0: setting latency timer to 64
[    1.873560]   alloc irq_desc for 49 on node -1
[    1.873562]   alloc kstat_irqs on node -1
[    1.873611] pcieport 0000:00:18.1: irq 49 for MSI/MSI-X
[    1.873659] pcieport 0000:00:18.1: setting latency timer to 64
[    1.873708]   alloc irq_desc for 50 on node -1
[    1.873709]   alloc kstat_irqs on node -1
[    1.873758] pcieport 0000:00:18.2: irq 50 for MSI/MSI-X
[    1.873806] pcieport 0000:00:18.2: setting latency timer to 64
[    1.873855]   alloc irq_desc for 51 on node -1
[    1.873856]   alloc kstat_irqs on node -1
[    1.873905] pcieport 0000:00:18.3: irq 51 for MSI/MSI-X
[    1.873953] pcieport 0000:00:18.3: setting latency timer to 64
[    1.875036]   alloc irq_desc for 52 on node -1
[    1.875038]   alloc kstat_irqs on node -1
[    1.875087] pcieport 0000:00:18.4: irq 52 for MSI/MSI-X
[    1.875135] pcieport 0000:00:18.4: setting latency timer to 64
[    1.875183]   alloc irq_desc for 53 on node -1
[    1.875185]   alloc kstat_irqs on node -1
[    1.875234] pcieport 0000:00:18.5: irq 53 for MSI/MSI-X
[    1.875282] pcieport 0000:00:18.5: setting latency timer to 64
[    1.875330]   alloc irq_desc for 54 on node -1
[    1.875332]   alloc kstat_irqs on node -1
[    1.875381] pcieport 0000:00:18.6: irq 54 for MSI/MSI-X
[    1.875429] pcieport 0000:00:18.6: setting latency timer to 64
[    1.875477]   alloc irq_desc for 55 on node -1
[    1.875479]   alloc kstat_irqs on node -1
[    1.875528] pcieport 0000:00:18.7: irq 55 for MSI/MSI-X
[    1.875576] pcieport 0000:00:18.7: setting latency timer to 64
[    1.875624] pci_hotplug: PCI Hot Plug PCI Core version: 0.5
[    1.875817] pciehp 0000:00:15.0:pcie04: HPC vendor_id 15ad device_id 7a0 ss_vid 0 ss_did 0
[    1.875865] pciehp 0000:00:15.0:pcie04: service driver pciehp loaded
[    1.875913] pciehp 0000:00:15.1:pcie04: HPC vendor_id 15ad device_id 7a0 ss_vid 0 ss_did 0
[    1.875962] pciehp 0000:00:15.1:pcie04: service driver pciehp loaded
[    1.876010] pciehp 0000:00:15.2:pcie04: HPC vendor_id 15ad device_id 7a0 ss_vid 0 ss_did 0
[    1.876059] pciehp 0000:00:15.2:pcie04: service driver pciehp loaded
[    1.876107] pciehp 0000:00:15.3:pcie04: HPC vendor_id 15ad device_id 7a0 ss_vid 0 ss_did 0
[    1.876155] pciehp 0000:00:15.3:pcie04: service driver pciehp loaded
[    1.876204] pciehp 0000:00:15.4:pcie04: HPC vendor_id 15ad device_id 7a0 ss_vid 0 ss_did 0
[    1.876252] pciehp 0000:00:15.4:pcie04: service driver pciehp loaded
[    1.876301] pciehp 0000:00:15.5:pcie04: HPC vendor_id 15ad device_id 7a0 ss_vid 0 ss_did 0
[    1.876349] pciehp 0000:00:15.5:pcie04: service driver pciehp loaded
[    1.876397] pciehp 0000:00:15.6:pcie04: HPC vendor_id 15ad device_id 7a0 ss_vid 0 ss_did 0
[    1.876446] pciehp 0000:00:15.6:pcie04: service driver pciehp loaded
[    1.876494] pciehp 0000:00:15.7:pcie04: HPC vendor_id 15ad device_id 7a0 ss_vid 0 ss_did 0
[    1.876542] pciehp 0000:00:15.7:pcie04: service driver pciehp loaded
[    1.876591] pciehp 0000:00:16.0:pcie04: HPC vendor_id 15ad device_id 7a0 ss_vid 0 ss_did 0
[    1.876639] pciehp 0000:00:16.0:pcie04: service driver pciehp loaded
[    1.876688] pciehp 0000:00:16.1:pcie04: HPC vendor_id 15ad device_id 7a0 ss_vid 0 ss_did 0
[    1.876736] pciehp 0000:00:16.1:pcie04: service driver pciehp loaded
[    1.876784] pciehp 0000:00:16.2:pcie04: HPC vendor_id 15ad device_id 7a0 ss_vid 0 ss_did 0
[    1.876833] pciehp 0000:00:16.2:pcie04: service driver pciehp loaded
[    1.876881] pciehp 0000:00:16.3:pcie04: HPC vendor_id 15ad device_id 7a0 ss_vid 0 ss_did 0
[    1.876929] pciehp 0000:00:16.3:pcie04: service driver pciehp loaded
[    1.876978] pciehp 0000:00:16.4:pcie04: HPC vendor_id 15ad device_id 7a0 ss_vid 0 ss_did 0
[    1.877026] pciehp 0000:00:16.4:pcie04: service driver pciehp loaded
[    1.877075] pciehp 0000:00:16.5:pcie04: HPC vendor_id 15ad device_id 7a0 ss_vid 0 ss_did 0
[    1.877123] pciehp 0000:00:16.5:pcie04: service driver pciehp loaded
[    1.877171] pciehp 0000:00:16.6:pcie04: HPC vendor_id 15ad device_id 7a0 ss_vid 0 ss_did 0
[    1.877220] pciehp 0000:00:16.6:pcie04: service driver pciehp loaded
[    1.877268] pciehp 0000:00:16.7:pcie04: HPC vendor_id 15ad device_id 7a0 ss_vid 0 ss_did 0
[    1.877316] pciehp 0000:00:16.7:pcie04: service driver pciehp loaded
[    1.877365] pciehp 0000:00:17.0:pcie04: HPC vendor_id 15ad device_id 7a0 ss_vid 0 ss_did 0
[    1.877413] pciehp 0000:00:17.0:pcie04: service driver pciehp loaded
[    1.877462] pciehp 0000:00:17.1:pcie04: HPC vendor_id 15ad device_id 7a0 ss_vid 0 ss_did 0
[    1.877510] pciehp 0000:00:17.1:pcie04: service driver pciehp loaded
[    1.877558] pciehp 0000:00:17.2:pcie04: HPC vendor_id 15ad device_id 7a0 ss_vid 0 ss_did 0
[    1.877607] pciehp 0000:00:17.2:pcie04: service driver pciehp loaded
[    1.877655] pciehp 0000:00:17.3:pcie04: HPC vendor_id 15ad device_id 7a0 ss_vid 0 ss_did 0
[    1.877703] pciehp 0000:00:17.3:pcie04: service driver pciehp loaded
[    1.877752] pciehp 0000:00:17.4:pcie04: HPC vendor_id 15ad device_id 7a0 ss_vid 0 ss_did 0
[    1.877800] pciehp 0000:00:17.4:pcie04: service driver pciehp loaded
[    1.877849] pciehp 0000:00:17.5:pcie04: HPC vendor_id 15ad device_id 7a0 ss_vid 0 ss_did 0
[    1.877897] pciehp 0000:00:17.5:pcie04: service driver pciehp loaded
[    1.877945] pciehp 0000:00:17.6:pcie04: HPC vendor_id 15ad device_id 7a0 ss_vid 0 ss_did 0
[    1.877994] pciehp 0000:00:17.6:pcie04: service driver pciehp loaded
[    1.878042] pciehp 0000:00:17.7:pcie04: HPC vendor_id 15ad device_id 7a0 ss_vid 0 ss_did 0
[    1.878091] pciehp 0000:00:17.7:pcie04: service driver pciehp loaded
[    1.878139] pciehp 0000:00:18.0:pcie04: HPC vendor_id 15ad device_id 7a0 ss_vid 0 ss_did 0
[    1.878187] pciehp 0000:00:18.0:pcie04: service driver pciehp loaded
[    1.878236] pciehp 0000:00:18.1:pcie04: HPC vendor_id 15ad device_id 7a0 ss_vid 0 ss_did 0
[    1.878284] pciehp 0000:00:18.1:pcie04: service driver pciehp loaded
[    1.878332] pciehp 0000:00:18.2:pcie04: HPC vendor_id 15ad device_id 7a0 ss_vid 0 ss_did 0
[    1.878381] pciehp 0000:00:18.2:pcie04: service driver pciehp loaded
[    1.878429] pciehp 0000:00:18.3:pcie04: HPC vendor_id 15ad device_id 7a0 ss_vid 0 ss_did 0
[    1.878478] pciehp 0000:00:18.3:pcie04: service driver pciehp loaded
[    1.878526] pciehp 0000:00:18.4:pcie04: HPC vendor_id 15ad device_id 7a0 ss_vid 0 ss_did 0
[    1.878574] pciehp 0000:00:18.4:pcie04: service driver pciehp loaded
[    1.878623] pciehp 0000:00:18.5:pcie04: HPC vendor_id 15ad device_id 7a0 ss_vid 0 ss_did 0
[    1.878671] pciehp 0000:00:18.5:pcie04: service driver pciehp loaded
[    1.878719] pciehp 0000:00:18.6:pcie04: HPC vendor_id 15ad device_id 7a0 ss_vid 0 ss_did 0
[    1.878768] pciehp 0000:00:18.6:pcie04: service driver pciehp loaded
[    1.878816] pciehp 0000:00:18.7:pcie04: HPC vendor_id 15ad device_id 7a0 ss_vid 0 ss_did 0
[    1.879041] pciehp 0000:00:18.7:pcie04: service driver pciehp loaded
[    1.879050] pciehp: PCI Express Hot Plug Controller Driver version: 0.4
[    1.879104] ACPI: AC Adapter [ACAD] (on-line)
[    1.879164] input: Power Button as /devices/LNXSYSTM:00/LNXPWRBN:00/input/input0
[    1.879167] ACPI: Power Button [PWRF]
[    1.879215] processor LNXCPU:00: registered as cooling_device0
[    1.922999] isapnp: Scanning for PnP cards...
[    2.277515] isapnp: No Plug & Play device found
[    2.277545] random 0000 0000 0000 5f8db4e5 4cfdf2a8: initializing
[    2.277663] Linux agpgart interface v0.103
[    2.277711] agpgart-intel 0000:00:00.0: Intel 440BX Chipset
[    2.277759] agpgart-intel 0000:00:00.0: AGP aperture is 256M @ 0x0
[    2.277790] Serial: 8250/16550 driver, 32 ports, IRQ sharing enabled
[    2.277839] serial8250: ttyS0 at I/O 0x3f8 (irq = 4) is a 16550A
[    2.277887] serial8250: ttyS1 at I/O 0x2f8 (irq = 3) is a 16550A
[    2.278435] 00:0a: ttyS0 at I/O 0x3f8 (irq = 4) is a 16550A
[    2.278484] 00:0b: ttyS1 at I/O 0x2f8 (irq = 3) is a 16550A
[    2.278532] brd: module loaded
[    2.278580] loop: module loaded
[    2.278629] ata_piix 0000:00:07.1: version 2.13
[    2.278709] scsi0 : ata_piix
[    2.278759] scsi1 : ata_piix
[    2.278781] ata1: PATA max UDMA/33 cmd 0x1f0 ctl 0x3f6 bmdma 0x10c0 irq 14
[    2.278783] ata2: PATA max UDMA/33 cmd 0x170 ctl 0x376 bmdma 0x10c8 irq 15
[    2.278833] PPP generic driver version 2.4.2
[    2.278853] tun: Universal TUN/TAP device driver, 1.6
[    2.278855] tun: (C) 1999-2004 Max Krasnyansky <maxk@qualcomm.com>
[    2.278903] ehci_hcd: USB 2.0 'Enhanced' Host Controller (EHCI) Driver
[    2.278952] ACPI: PCI Interrupt Link [LNKB] enabled at IRQ 11
[    2.278955] PCI: setting IRQ 11 as level-triggered
[    2.278962] ehci_hcd 0000:02:03.0: PCI INT A -> Link[LNKB] -> GSI 11 (level, low) -> IRQ 11
[    2.279004] ehci_hcd 0000:02:03.0: EHCI Host Controller
[    2.279027] ehci_hcd 0000:02:03.0: new USB bus registered, assigned bus number 1
[    2.279075] ehci_hcd 0000:02:03.0: cache line size of 32 is not supported
[    2.279082] ehci_hcd 0000:02:03.0: irq 11, io mem 0xc9000000
[    2.279381] random 0000 0000 0000 00000000 00000000: rand_read_num 3 get_random_bytes(8): sig 00000000 00000000 00000000
[    2.279384] random 0000 0000 0000 00000000 00000000: extract_entropy(.. 8 ..)
[    2.279387] random 0000 0000 0000 00000000 00000000: going to reseed nonblocking with 64 bits (64 of 0 requested)
[    2.279390] random 0000 0000 0000 00000000 00000000: extract_entropy(.. 8 ..)
[    2.279392] random 0000 0000 0000 00000000 00000000: trying to extract 64 bits from input
[    2.279395] random 0000 0000 0000 00000000 00000000: debiting 0 entropy credits from input
[    2.279397] random 0000 0000 0000 00000000 00000000: extract_entropy account returned: 0 
[    2.279400] random 0000 0000 0000 00000000 00000000: urand_change_num 5 xfer_secondary_pool(8): pool_sig 00000000, data_sig 00000000, bytes_mixed 0 00000000 00000000
[    2.279403] random 0000 0000 0000 00000000 00000000: trying to extract 64 bits from nonblocking
[    2.279405] random 0000 0000 0000 00000000 00000000: debiting 64 entropy credits from nonblocking (unlimited)
[    2.279407] random 0000 0000 0000 00000000 00000000: extract_entropy account returned: 8 
[    2.279411] random 0000 0000 0000 00000000 00000000: urand_change_num 6 extract_buf: pool_sig 00000000, data_sig fffffff9, bytes_mixed 20 00000000 00000000
[    2.290422] ehci_hcd 0000:02:03.0: USB 2.0 started, EHCI 1.00
[    2.290470] usb usb1: configuration #1 chosen from 1 choice
[    2.290491] hub 1-0:1.0: USB hub found
[    2.290497] hub 1-0:1.0: 6 ports detected
[    2.290538] ohci_hcd: USB 1.1 'Open' Host Controller (OHCI) Driver
[    2.290552] uhci_hcd: USB Universal Host Controller Interface driver
[    2.290600] ACPI: PCI Interrupt Link [LNKC] enabled at IRQ 10
[    2.290603] PCI: setting IRQ 10 as level-triggered
[    2.290608] uhci_hcd 0000:02:00.0: PCI INT A -> Link[LNKC] -> GSI 10 (level, low) -> IRQ 10
[    2.290647] uhci_hcd 0000:02:00.0: UHCI Host Controller
[    2.290681] uhci_hcd 0000:02:00.0: new USB bus registered, assigned bus number 2
[    2.290783] uhci_hcd 0000:02:00.0: irq 10, io base 0x000020c0
[    2.290832] usb usb2: configuration #1 chosen from 1 choice
[    2.290848] hub 2-0:1.0: USB hub found
[    2.290852] hub 2-0:1.0: 2 ports detected
[    2.290901] usbcore: registered new interface driver libusual
[    2.290930] PNP: PS/2 Controller [PNP0303:KBC,PNP0f13:MOUS] at 0x60,0x64 irq 1,12
[    2.291254] serio: i8042 KBD port at 0x60,0x64 irq 1
[    2.291263] serio: i8042 AUX port at 0x60,0x64 irq 12
[    2.291302] mice: PS/2 mouse device common for all mice
[    2.291350] rtc_cmos 00:04: rtc core: registered rtc_cmos as rtc0
[    2.291370] rtc0: alarms up to one month, y3k, 114 bytes nvram, hpet irqs
[    2.291418] device-mapper: uevent: version 1.0.3
[    2.291545] device-mapper: ioctl: 4.15.0-ioctl (2009-04-01) initialised: dm-devel@redhat.com
[    2.291564] EISA: Probing bus 0 at eisa.0
[    2.291571] Cannot allocate resource for EISA slot 1
[    2.291573] Cannot allocate resource for EISA slot 2
[    2.291575] Cannot allocate resource for EISA slot 3
[    2.291577] Cannot allocate resource for EISA slot 4
[    2.291579] Cannot allocate resource for EISA slot 5
[    2.291581] Cannot allocate resource for EISA slot 6
[    2.291583] Cannot allocate resource for EISA slot 7
[    2.291585] Cannot allocate resource for EISA slot 8
[    2.291587] EISA: Detected 0 cards.
[    2.291634] cpuidle: using governor ladder
[    2.291636] cpuidle: using governor menu
[    2.291684] random 0000 0000 0000 00000000 00000000: rand_read_num 4 get_random_bytes(136): sig 0000021d 00000000 00000000
[    2.291687] random 0000 0000 0000 00000000 00000000: extract_entropy(.. 136 ..)
[    2.291690] random 0000 0000 0000 00000000 00000000: going to reseed nonblocking with 1024 bits (1088 of 0 requested)
[    2.291692] random 0000 0000 0000 00000000 00000000: extract_entropy(.. 128 ..)
[    2.291694] random 0000 0000 0000 00000000 00000000: trying to extract 1024 bits from input
[    2.291697] random 0000 0000 0000 00000000 00000000: debiting 0 entropy credits from input
[    2.291699] random 0000 0000 0000 00000000 00000000: extract_entropy account returned: 0 
[    2.291702] random 0000 0000 0000 00000000 00000000: urand_change_num 7 xfer_secondary_pool(136): pool_sig 0000021d, data_sig 00000000, bytes_mixed 0 00000000 00000000
[    2.291705] random 0000 0000 0000 00000000 00000000: trying to extract 1088 bits from nonblocking
[    2.291707] random 0000 0000 0000 00000000 00000000: debiting 1088 entropy credits from nonblocking (unlimited)
[    2.291710] random 0000 0000 0000 00000000 00000000: extract_entropy account returned: 136 
[    2.291713] random 0000 0000 0000 00000000 00000000: urand_change_num 8 extract_buf: pool_sig 0000021d, data_sig fffffff7, bytes_mixed 20 00000000 00000000
[    2.291721] random 0000 0000 0000 f961ee50 ba9cb1aa: urand_change_num 9 extract_buf: pool_sig 00000230, data_sig fffffeb4, bytes_mixed 20 f961ee50 ba9cb1aa
[    2.291726] random 0000 0000 0000 9748bdd6 56fb8af6: urand_change_num 10 extract_buf: pool_sig 00000373, data_sig 000000cf, bytes_mixed 20 9748bdd6 56fb8af6
[    2.291730] random 0000 0000 0000 9748bdd6 56fb8af6: urand_change_num 11 extract_buf: pool_sig fffffe49, data_sig 0000023f, bytes_mixed 20 9748bdd6 56fb8af6
[    2.291735] random 0000 0000 0000 a135be86 4777650e: urand_change_num 12 extract_buf: pool_sig fffffcce, data_sig 000000c6, bytes_mixed 20 a135be86 4777650e
[    2.291739] random 0000 0000 0000 4a6ea85d 170e00dd: urand_change_num 13 extract_buf: pool_sig ffffff97, data_sig ffffff7d, bytes_mixed 20 4a6ea85d 170e00dd
[    2.291744] random 0000 0000 0000 4a6ea85d 170e00dd: urand_change_num 14 extract_buf: pool_sig 00000160, data_sig fffffeea, bytes_mixed 20 4a6ea85d 170e00dd
[    2.291748] random 0000 0000 0000 6e87c3cb da668c73: urand_change_num 15 extract_buf: pool_sig 0000034f, data_sig ffffff54, bytes_mixed 20 6e87c3cb da668c73
[    2.291752] random 0000 0000 0000 6e87c3cb da668c73: urand_change_num 16 extract_buf: pool_sig fffffdc5, data_sig 00000205, bytes_mixed 20 6e87c3cb da668c73
[    2.291757] random 0000 0000 0000 39f531e6 461eb249: urand_change_num 17 extract_buf: pool_sig fffffc1d, data_sig ffffff5e, bytes_mixed 20 39f531e6 461eb249
[    2.291761] random 0000 0000 0000 7e1538a2 3e661182: urand_change_num 18 extract_buf: pool_sig 000006ef, data_sig ffffff2e, bytes_mixed 20 7e1538a2 3e661182
[    2.291766] random 0000 0000 0000 7e1538a2 3e661182: urand_change_num 19 extract_buf: pool_sig 00000317, data_sig fffffccb, bytes_mixed 20 7e1538a2 3e661182
[    2.291770] random 0000 0000 0000 76af506b 9b57305e: urand_change_num 20 extract_buf: pool_sig 00000227, data_sig ffffffd2, bytes_mixed 20 76af506b 9b57305e
[    2.291775] random 0000 0000 0000 37d49d89 e20417cc: urand_change_num 21 extract_buf: pool_sig 0000080b, data_sig 000001e9, bytes_mixed 20 37d49d89 e20417cc
[    2.291779] TCP cubic registered
[    2.291871] NET: Registered protocol family 10
[    2.291907] RANDOM - __random32 called. Change num 12.  Value: b0a9fbe7	b7a35a2b	c9ef2c48
[    2.291909] RANDOM - random32 called.  Value: b0a9fbe7	b7a35a2b	c9ef2c48
[    2.291919] random 0000 0000 0000 37d49d89 e20417cc: rand_read_num 5 get_random_bytes(4): sig 00000298 37d49d89 e20417cc
[    2.291921] random 0000 0000 0000 37d49d89 e20417cc: extract_entropy(.. 4 ..)
[    2.291924] random 0000 0000 0000 37d49d89 e20417cc: going to reseed nonblocking with 64 bits (32 of 0 requested)
[    2.291926] random 0000 0000 0000 37d49d89 e20417cc: extract_entropy(.. 8 ..)
[    2.291928] random 0000 0000 0000 37d49d89 e20417cc: trying to extract 64 bits from input
[    2.291930] random 0000 0000 0000 37d49d89 e20417cc: debiting 0 entropy credits from input
[    2.291933] random 0000 0000 0000 37d49d89 e20417cc: extract_entropy account returned: 0 
[    2.291936] random 0000 0000 0000 37d49d89 e20417cc: urand_change_num 22 xfer_secondary_pool(4): pool_sig 00000298, data_sig 00000000, bytes_mixed 0 37d49d89 e20417cc
[    2.291938] random 0000 0000 0000 37d49d89 e20417cc: trying to extract 32 bits from nonblocking
[    2.291941] random 0000 0000 0000 37d49d89 e20417cc: debiting 32 entropy credits from nonblocking (unlimited)
[    2.291943] random 0000 0000 0000 37d49d89 e20417cc: extract_entropy account returned: 4 
[    2.291946] random 0000 0000 0000 37d49d89 e20417cc: urand_change_num 23 extract_buf: pool_sig 00000298, data_sig 00000092, bytes_mixed 20 37d49d89 e20417cc
[    2.291995] RANDOM - __random32 called. Change num 13.  Value: 9fbe71fa	7a35a2b4	5890d2c9
[    2.291997] RANDOM - random32 called.  Value: 9fbe71fa	7a35a2b4	5890d2c9
[    2.292046] NET: Registered protocol family 17
[    2.292070] Using IPI No-Shortcut mode
[    2.292076] random 0000 0000 0000 2ee4c4fc 167bdb15: rand_read_num 6 get_random_bytes(8): sig fffffcbf 2ee4c4fc 167bdb15
[    2.292078] random 0000 0000 0000 2ee4c4fc 167bdb15: extract_entropy(.. 8 ..)
[    2.292080] random 0000 0000 0000 2ee4c4fc 167bdb15: going to reseed nonblocking with 64 bits (64 of 0 requested)
[    2.292082] random 0000 0000 0000 2ee4c4fc 167bdb15: extract_entropy(.. 8 ..)
[    2.292085] random 0000 0000 0000 2ee4c4fc 167bdb15: trying to extract 64 bits from input
[    2.292087] random 0000 0000 0000 2ee4c4fc 167bdb15: debiting 0 entropy credits from input
[    2.292089] random 0000 0000 0000 2ee4c4fc 167bdb15: extract_entropy account returned: 0 
[    2.292092] random 0000 0000 0000 2ee4c4fc 167bdb15: urand_change_num 24 xfer_secondary_pool(8): pool_sig fffffcbf, data_sig 00000000, bytes_mixed 0 2ee4c4fc 167bdb15
[    2.292095] random 0000 0000 0000 2ee4c4fc 167bdb15: trying to extract 64 bits from nonblocking
[    2.292097] random 0000 0000 0000 2ee4c4fc 167bdb15: debiting 64 entropy credits from nonblocking (unlimited)
[    2.292099] random 0000 0000 0000 2ee4c4fc 167bdb15: extract_entropy account returned: 8 
[    2.292103] random 0000 0000 0000 2ee4c4fc 167bdb15: urand_change_num 25 extract_buf: pool_sig fffffcbf, data_sig ffffff83, bytes_mixed 20 2ee4c4fc 167bdb15
[    2.292145] PM: Resume from disk failed.
[    2.292153] registered taskstats version 1
[    2.292156] random 0000 0000 0000 2ee4c4fc 167bdb15: rand_read_num 7 get_random_bytes(12): sig fffffc69 2ee4c4fc 167bdb15
[    2.292158] random 0000 0000 0000 2ee4c4fc 167bdb15: extract_entropy(.. 12 ..)
[    2.292160] random 0000 0000 0000 2ee4c4fc 167bdb15: going to reseed nonblocking with 96 bits (96 of 0 requested)
[    2.292163] random 0000 0000 0000 2ee4c4fc 167bdb15: extract_entropy(.. 12 ..)
[    2.292165] random 0000 0000 0000 2ee4c4fc 167bdb15: trying to extract 96 bits from input
[    2.292167] random 0000 0000 0000 2ee4c4fc 167bdb15: debiting 0 entropy credits from input
[    2.292169] random 0000 0000 0000 2ee4c4fc 167bdb15: extract_entropy account returned: 0 
[    2.292172] random 0000 0000 0000 2ee4c4fc 167bdb15: urand_change_num 26 xfer_secondary_pool(12): pool_sig fffffc69, data_sig 00000000, bytes_mixed 0 2ee4c4fc 167bdb15
[    2.292175] random 0000 0000 0000 2ee4c4fc 167bdb15: trying to extract 96 bits from nonblocking
[    2.292177] random 0000 0000 0000 2ee4c4fc 167bdb15: debiting 96 entropy credits from nonblocking (unlimited)
[    2.292179] random 0000 0000 0000 2ee4c4fc 167bdb15: extract_entropy account returned: 12 
[    2.292183] random 0000 0000 0000 2ee4c4fc 167bdb15: urand_change_num 27 extract_buf: pool_sig fffffc69, data_sig ffffff7d, bytes_mixed 20 2ee4c4fc 167bdb15
[    2.292187] random 0000 0000 0000 83b7c1ab 94697f48: urand_change_num 28 extract_buf: pool_sig fffffe30, data_sig fffffdd6, bytes_mixed 20 83b7c1ab 94697f48
[    2.292190] RANDOM - __seed init called.
[    2.292191] RANDOM - __seed init called.
[    2.292193] RANDOM - __seed init called.
[    2.292194] RANDOM - __random32 called. Change num 14.  Value: fc007995	feca4f80	21b38ad2
[    2.292196] RANDOM - random32_reseed called.  Value: fc007995	feca4f80	21b38ad2
[    2.292199] Pid: 1, comm: swapper Not tainted 2.6.32.57 #4
[    2.292201] Call Trace:
[    2.292207]  [<c14a8a0e>] ? printk+0x1d/0x1f
[    2.292212]  [<c17537e5>] random32_reseed+0x89/0xbd
[    2.292215]  [<c1003042>] do_one_initcall+0x32/0x1a0
[    2.292218]  [<c175375c>] ? random32_reseed+0x0/0xbd
[    2.292221]  [<c17308e7>] kernel_init+0x12d/0x17a
[    2.292223]  [<c17307ba>] ? kernel_init+0x0/0x17a
[    2.292226]  [<c1009b07>] kernel_thread_helper+0x7/0x10
[    2.294961] input: AT Translated Set 2 keyboard as /devices/platform/i8042/serio0/input/input1
[    2.295230] random 0000 0000 0000 6db70b00 b30ce96b: rand_read_num 8 get_random_bytes(64): sig fffffb38 6db70b00 b30ce96b
[    2.295232] random 0000 0000 0000 6db70b00 b30ce96b: extract_entropy(.. 64 ..)
[    2.295235] random 0000 0000 0000 6db70b00 b30ce96b: going to reseed nonblocking with 512 bits (512 of 0 requested)
[    2.295237] random 0000 0000 0000 6db70b00 b30ce96b: extract_entropy(.. 64 ..)
[    2.295239] random 0000 0000 0000 6db70b00 b30ce96b: trying to extract 512 bits from input
[    2.295242] random 0000 0000 0000 6db70b00 b30ce96b: debiting 0 entropy credits from input
[    2.295244] random 0000 0000 0000 6db70b00 b30ce96b: extract_entropy account returned: 0 
[    2.295247] random 0000 0000 0000 6db70b00 b30ce96b: urand_change_num 29 xfer_secondary_pool(64): pool_sig fffffb38, data_sig 00000000, bytes_mixed 0 6db70b00 b30ce96b
[    2.295249] random 0000 0000 0000 6db70b00 b30ce96b: trying to extract 512 bits from nonblocking
[    2.295252] random 0000 0000 0000 6db70b00 b30ce96b: debiting 512 entropy credits from nonblocking (unlimited)
[    2.295254] random 0000 0000 0000 6db70b00 b30ce96b: extract_entropy account returned: 64 
[    2.295257] random 0000 0000 0000 6db70b00 b30ce96b: urand_change_num 30 extract_buf: pool_sig fffffb38, data_sig 00000151, bytes_mixed 20 6db70b00 b30ce96b
[    2.295262] random 0000 0000 0000 6db70b00 b30ce96b: urand_change_num 31 extract_buf: pool_sig fffffdb8, data_sig 00000379, bytes_mixed 20 6db70b00 b30ce96b
[    2.295266] random 0000 0000 0000 6b83001e d4b6c0d3: urand_change_num 32 extract_buf: pool_sig ffffffc9, data_sig 00000198, bytes_mixed 20 6b83001e d4b6c0d3
[    2.295270] random 0000 0000 0000 79d3e3c7 be564518: urand_change_num 33 extract_buf: pool_sig 000002b9, data_sig ffffff84, bytes_mixed 20 79d3e3c7 be564518
[    2.295274] random 0000 0000 0000 79d3e3c7 be564518: urand_change_num 34 extract_buf: pool_sig ffffff55, data_sig ffffff5a, bytes_mixed 20 79d3e3c7 be564518
[    2.295278] random 0000 0000 0000 89c03cb2 0d353228: urand_change_num 35 extract_buf: pool_sig 00000007, data_sig ffffff17, bytes_mixed 20 89c03cb2 0d353228
[    2.295282] random 0000 0000 0000 89c03cb2 0d353228: urand_change_num 36 extract_buf: pool_sig fffffdae, data_sig 000000db, bytes_mixed 20 89c03cb2 0d353228  Magic number: 13:362:1004
[    2.295287] input input1: hash matches
[    2.295318] i8042 kbd 00:06: hash matches
[    2.295407] rtc_cmos 00:04: setting system clock to 2013-05-24 20:58:23 UTC (1369429103)
[    2.295409] BIOS EDD facility v0.16 2004-Jun-25, 0 devices found
[    2.295411] EDD information not available.
[    2.295435] random 0000 0000 0000 8ca62387 b120332c: rand_read_num 9 get_random_bytes(64): sig fffffed6 8ca62387 b120332c
[    2.295438] random 0000 0000 0000 8ca62387 b120332c: extract_entropy(.. 64 ..)
[    2.295440] random 0000 0000 0000 8ca62387 b120332c: going to reseed nonblocking with 512 bits (512 of 0 requested)
[    2.295442] random 0000 0000 0000 8ca62387 b120332c: extract_entropy(.. 64 ..)
[    2.295444] random 0000 0000 0000 8ca62387 b120332c: trying to extract 512 bits from input
[    2.295446] random 0000 0000 0000 8ca62387 b120332c: debiting 0 entropy credits from input
[    2.295448] random 0000 0000 0000 8ca62387 b120332c: extract_entropy account returned: 0 
[    2.295451] random 0000 0000 0000 8ca62387 b120332c: urand_change_num 37 xfer_secondary_pool(64): pool_sig fffffed6, data_sig 00000000, bytes_mixed 0 8ca62387 b120332c
[    2.295453] random 0000 0000 0000 8ca62387 b120332c: trying to extract 512 bits from nonblocking
[    2.295456] random 0000 0000 0000 8ca62387 b120332c: debiting 512 entropy credits from nonblocking (unlimited)
[    2.295458] random 0000 0000 0000 8ca62387 b120332c: extract_entropy account returned: 64 
[    2.295461] random 0000 0000 0000 8ca62387 b120332c: urand_change_num 38 extract_buf: pool_sig fffffed6, data_sig fffffeb6, bytes_mixed 20 8ca62387 b120332c
[    2.295465] random 0000 0000 0000 90702413 e2a66c2e: urand_change_num 39 extract_buf: pool_sig fffffbb0, data_sig 0000012e, bytes_mixed 20 90702413 e2a66c2e
[    2.295469] random 0000 0000 0000 90702413 e2a66c2e: urand_change_num 40 extract_buf: pool_sig fffffaf1, data_sig ffffff3c, bytes_mixed 20 90702413 e2a66c2e
[    2.295473] random 0000 0000 0000 3f58038b c77aecb6: urand_change_num 41 extract_buf: pool_sig 00000234, data_sig fffffdec, bytes_mixed 20 3f58038b c77aecb6
[    2.295477] random 0000 0000 0000 47187b9d 03f21510: urand_change_num 42 extract_buf: pool_sig 00000192, data_sig 00000075, bytes_mixed 20 47187b9d 03f21510
[    2.295482] random 0000 0000 0000 47187b9d 03f21510: urand_change_num 43 extract_buf: pool_sig 0000018e, data_sig ffffffbf, bytes_mixed 20 47187b9d 03f21510
[    2.295486] random 0000 0000 0000 3180b1fc 0fa9c973: urand_change_num 44 extract_buf: pool_sig fffffecf, data_sig ffffff2a, bytes_mixed 20 3180b1fc 0fa9c973
[    2.295488] BEGIN NET_SECRET:
[    2.295490] \xffffff87
[    2.295491] \xffffff8d
[    2.295492] \xfffffff4
[    2.295493] \xffffffae
[    2.295494] \xffffffc3
[    2.295495] \xffffffb7
[    2.295496] \x31
[    2.295497] \x65
[    2.295498] \xffffffda
[    2.295500] \xffffffa2
[    2.295501] \x31
[    2.295502] \xffffffc8
[    2.295503] \xffffffa9
[    2.295504] \x76
[    2.295505] \x76
[    2.295506] \xffffff90
[    2.295507] \x55
[    2.295508] \xfffffff3
[    2.295509] \xffffffb1
[    2.295510] \x3
[    2.295511] \xffffffb3
[    2.295512] \xffffffa7
[    2.295514] \x5a
[    2.295515] \x71
[    2.295516] \x70
[    2.295517] \xffffff8c
[    2.295518] \x56
[    2.295519] \x25
[    2.295520] \xffffffe1
[    2.295521] \x4c
[    2.295522] \xffffffe6
[    2.295523] \xffffff95
[    2.295524] \x67
[    2.295525] \x4c
[    2.295526] \xffffffb9
[    2.295527] \x1d
[    2.295528] \xe
[    2.295530] \x34
[    2.295531] \xffffffbe
[    2.295532] \x12
[    2.295533] \x5
[    2.295534] \xffffff98
[    2.295535] \xffffffa0
[    2.295536] \xf
[    2.295537] \xffffffb2
[    2.295538] \xffffffde
[    2.295539] \xffffff99
[    2.295540] \xf
[    2.295541] \xffffffe8
[    2.295542] \xffffffc8
[    2.295544] \x1f
[    2.295545] \x54
[    2.295546] \x2c
[    2.295547] \xffffffee
[    2.295548] \x2e
[    2.295549] \x0
[    2.295550] \xffffff95
[    2.295551] \x0
[    2.295552] \xffffffe3
[    2.295553] \xffffffa7
[    2.295554] \xfffffffd
[    2.295555] \x66
[    2.295556] \xffffff92
[    2.295557] \xfffffff0
[    2.295558] 
[    2.295559] END NET_SECRET
[    2.295562] random 0000 0000 0000 3180b1fc 0fa9c973: rand_read_num 10 get_random_bytes(4): sig ffffff46 3180b1fc 0fa9c973
[    2.295564] random 0000 0000 0000 3180b1fc 0fa9c973: extract_entropy(.. 4 ..)
[    2.295567] random 0000 0000 0000 3180b1fc 0fa9c973: going to reseed nonblocking with 64 bits (32 of 0 requested)
[    2.295569] random 0000 0000 0000 3180b1fc 0fa9c973: extract_entropy(.. 8 ..)
[    2.295571] random 0000 0000 0000 3180b1fc 0fa9c973: trying to extract 64 bits from input
[    2.295573] random 0000 0000 0000 3180b1fc 0fa9c973: debiting 0 entropy credits from input
[    2.295575] random 0000 0000 0000 3180b1fc 0fa9c973: extract_entropy account returned: 0 
[    2.295577] random 0000 0000 0000 3180b1fc 0fa9c973: urand_change_num 45 xfer_secondary_pool(4): pool_sig ffffff46, data_sig 00000000, bytes_mixed 0 3180b1fc 0fa9c973
[    2.295580] random 0000 0000 0000 3180b1fc 0fa9c973: trying to extract 32 bits from nonblocking
[    2.295582] random 0000 0000 0000 3180b1fc 0fa9c973: debiting 32 entropy credits from nonblocking (unlimited)
[    2.295584] random 0000 0000 0000 3180b1fc 0fa9c973: extract_entropy account returned: 4 
[    2.295587] random 0000 0000 0000 3180b1fc 0fa9c973: urand_change_num 46 extract_buf: pool_sig ffffff46, data_sig 0000001b, bytes_mixed 20 3180b1fc 0fa9c973
[    2.468844] ata2.00: ATAPI: VMware Virtual IDE CDROM Drive, 00000001, max UDMA/33
[    2.469144] ata2.00: configured for UDMA/33
[    2.469528] scsi 1:0:0:0: CD-ROM            NECVMWar VMware IDE CDR10 1.00 PQ: 0 ANSI: 5
[    2.470771] sr0: scsi3-mmc drive: 306x/306x cd/rw xa/form2 cdda tray
[    2.470775] Uniform CD-ROM driver Revision: 3.20
[    2.470823] sr 1:0:0:0: Attached scsi CD-ROM sr0
[    2.470859] sr 1:0:0:0: Attached scsi generic sg0 type 5
[    2.470895] Freeing unused kernel memory: 652k freed
[    2.470943] Write protecting the kernel text: 4840k
[    2.470973] Write protecting the kernel read-only data: 1968k
