[    0.000000] random 0000 0000 0000 00000000 00000000: rand_read_num 1 get_random_bytes(8): sig 00000000 00000000 00000000
[    0.000000] random 0000 0000 0000 00000000 00000000: extract_entropy(.. 8 ..)
[    0.000000] random 0000 0000 0000 00000000 00000000: going to reseed nonblocking with 64 bits (64 of 0 requested)
[    0.000000] random 0000 0000 0000 00000000 00000000: extract_entropy(.. 8 ..)
[    0.000000] random 0000 0000 0000 00000000 00000000: trying to extract 64 bits from input
[    0.000000] random 0000 0000 0000 00000000 00000000: debiting 0 entropy credits from input
[    0.000000] random 0000 0000 0000 00000000 00000000: extract_entropy account returned: 0 
[    0.000000] random 0000 0000 0000 00000000 00000000: urand_change_num 1 xfer_secondary_pool(8): pool_sig 00000000, data_sig 00000000, bytes_mixed 0 00000000 00000000
[    0.000000] random 0000 0000 0000 00000000 00000000: trying to extract 64 bits from nonblocking
[    0.000000] random 0000 0000 0000 00000000 00000000: debiting 64 entropy credits from nonblocking (unlimited)
[    0.000000] random 0000 0000 0000 00000000 00000000: extract_entropy account returned: 8 
[    0.000000] random 0000 0000 0000 00000000 00000000: urand_change_num 2 extract_buf: pool_sig 00000000, data_sig fffffff9, bytes_mixed 20 00000000 00000000
[    0.000000] Initializing cgroup subsys cpuset
[    0.000000] Initializing cgroup subsys cpu
[    0.000000] Linux version 2.6.32.57 (dcashman@ubuntu) (gcc version 4.6.3 (Ubuntu/Linaro 4.6.3-1ubuntu5) ) #4 SMP Fri May 24 11:09:26 PDT 2013
[    0.000000] KERNEL supported cpus:
[    0.000000]   Intel GenuineIntel
[    0.000000]   AMD AuthenticAMD
[    0.000000]   NSC Geode by NSC
[    0.000000]   Cyrix CyrixInstead
[    0.000000]   Centaur CentaurHauls
[    0.000000]   Transmeta GenuineTMx86
[    0.000000]   Transmeta TransmetaCPU
[    0.000000]   UMC UMC UMC UMC
[    0.000000] BIOS-provided physical RAM map:
[    0.000000]  BIOS-e820: 0000000000000000 - 000000000009f000 (usable)
[    0.000000]  BIOS-e820: 000000000009f000 - 00000000000a0000 (reserved)
[    0.000000]  BIOS-e820: 00000000000ca000 - 00000000000cc000 (reserved)
[    0.000000]  BIOS-e820: 00000000000dc000 - 0000000000100000 (reserved)
[    0.000000]  BIOS-e820: 0000000000100000 - 000000003fee0000 (usable)
[    0.000000]  BIOS-e820: 000000003fee0000 - 000000003feff000 (ACPI data)
[    0.000000]  BIOS-e820: 000000003feff000 - 000000003ff00000 (ACPI NVS)
[    0.000000]  BIOS-e820: 000000003ff00000 - 0000000040000000 (usable)
[    0.000000]  BIOS-e820: 00000000e0000000 - 00000000f0000000 (reserved)
[    0.000000]  BIOS-e820: 00000000fec00000 - 00000000fec10000 (reserved)
[    0.000000]  BIOS-e820: 00000000fee00000 - 00000000fee01000 (reserved)
[    0.000000]  BIOS-e820: 00000000fffe0000 - 0000000100000000 (reserved)
[    0.000000] DMI present.
[    0.000000] Phoenix BIOS detected: BIOS may corrupt low RAM, working around it.
[    0.000000] e820 update range: 0000000000000000 - 0000000000010000 (usable) ==> (reserved)
[    0.000000] last_pfn = 0x40000 max_arch_pfn = 0x1000000
[    0.000000] MTRR default type: uncachable
[    0.000000] MTRR fixed ranges enabled:
[    0.000000]   00000-9FFFF write-back
[    0.000000]   A0000-BFFFF uncachable
[    0.000000]   C0000-CBFFF write-protect
[    0.000000]   CC000-EFFFF uncachable
[    0.000000]   F0000-FFFFF write-protect
[    0.000000] MTRR variable ranges enabled:
[    0.000000]   0 base 0000000000 mask FFC0000000 write-back
[    0.000000]   1 disabled
[    0.000000]   2 disabled
[    0.000000]   3 disabled
[    0.000000]   4 disabled
[    0.000000]   5 disabled
[    0.000000]   6 disabled
[    0.000000]   7 disabled
[    0.000000] x86 PAT enabled: cpu 0, old 0x0, new 0x7010600070106
[    0.000000] Scanning 0 areas for low memory corruption
[    0.000000] modified physical RAM map:
[    0.000000]  modified: 0000000000000000 - 0000000000010000 (reserved)
[    0.000000]  modified: 0000000000010000 - 000000000009f000 (usable)
[    0.000000]  modified: 000000000009f000 - 00000000000a0000 (reserved)
[    0.000000]  modified: 00000000000ca000 - 00000000000cc000 (reserved)
[    0.000000]  modified: 00000000000dc000 - 0000000000100000 (reserved)
[    0.000000]  modified: 0000000000100000 - 000000003fee0000 (usable)
[    0.000000]  modified: 000000003fee0000 - 000000003feff000 (ACPI data)
[    0.000000]  modified: 000000003feff000 - 000000003ff00000 (ACPI NVS)
[    0.000000]  modified: 000000003ff00000 - 0000000040000000 (usable)
[    0.000000]  modified: 00000000e0000000 - 00000000f0000000 (reserved)
[    0.000000]  modified: 00000000fec00000 - 00000000fec10000 (reserved)
[    0.000000]  modified: 00000000fee00000 - 00000000fee01000 (reserved)
[    0.000000]  modified: 00000000fffe0000 - 0000000100000000 (reserved)
[    0.000000] initial memory mapped : 0 - 01e00000
[    0.000000] init_memory_mapping: 0000000000000000-00000000379fe000
[    0.000000] NX (Execute Disable) protection: active
[    0.000000]  0000000000 - 0000200000 page 4k
[    0.000000]  0000200000 - 0037800000 page 2M
[    0.000000]  0037800000 - 00379fe000 page 4k
[    0.000000] kernel direct mapping tables up to 379fe000 @ 10000-16000
[    0.000000] RAMDISK: 2dcfc000 - 32e758c3
[    0.000000] ACPI: RSDP 000f6b80 00024 (v02 PTLTD )
[    0.000000] ACPI: XSDT 3feed636 0005C (v01 INTEL  440BX    06040000 VMW  01324272)
[    0.000000] ACPI: FACP 3fefee98 000F4 (v04 INTEL  440BX    06040000 PTL  000F4240)
[    0.000000] ACPI: DSDT 3feee366 10B32 (v01 PTLTD  Custom   06040000 MSFT 03000001)
[    0.000000] ACPI: FACS 3fefffc0 00040
[    0.000000] ACPI: BOOT 3feee33e 00028 (v01 PTLTD  $SBFTBL$ 06040000  LTP 00000001)
[    0.000000] ACPI: APIC 3feedc3e 003C2 (v01 PTLTD  ? APIC   06040000  LTP 00000000)
[    0.000000] ACPI: MCFG 3feedc02 0003C (v01 PTLTD  $PCITBL$ 06040000  LTP 00000001)
[    0.000000] ACPI: SRAT 3feed732 004D0 (v02 VMWARE MEMPLUG  06040000 VMW  00000001)
[    0.000000] ACPI: HPET 3feed6fa 00038 (v01 VMWARE VMW HPET 06040000 VMW  00000001)
[    0.000000] ACPI: WAET 3feed6d2 00028 (v01 VMWARE VMW WAET 06040000 VMW  00000001)
[    0.000000] ACPI: Local APIC address 0xfee00000
[    0.000000] 134MB HIGHMEM available.
[    0.000000] 889MB LOWMEM available.
[    0.000000]   mapped low ram: 0 - 379fe000
[    0.000000]   low ram: 0 - 379fe000
[    0.000000]   node 0 low ram: 00000000 - 379fe000
[    0.000000]   node 0 bootmap 00012000 - 00018f40
[    0.000000] (9 early reservations) ==> bootmem [0000000000 - 00379fe000]
[    0.000000]   #0 [0000000000 - 0000001000]   BIOS data page ==> [0000000000 - 0000001000]
[    0.000000]   #1 [0000001000 - 0000002000]    EX TRAMPOLINE ==> [0000001000 - 0000002000]
[    0.000000]   #2 [0000006000 - 0000007000]       TRAMPOLINE ==> [0000006000 - 0000007000]
[    0.000000]   #3 [0001000000 - 0001a75ff8]    TEXT DATA BSS ==> [0001000000 - 0001a75ff8]
[    0.000000]   #4 [002dcfc000 - 0032e758c3]          RAMDISK ==> [002dcfc000 - 0032e758c3]
[    0.000000]   #5 [000009f000 - 0000100000]    BIOS reserved ==> [000009f000 - 0000100000]
[    0.000000]   #6 [0001a76000 - 0001a851c0]              BRK ==> [0001a76000 - 0001a851c0]
[    0.000000]   #7 [0000010000 - 0000012000]          PGTABLE ==> [0000010000 - 0000012000]
[    0.000000]   #8 [0000012000 - 0000019000]          BOOTMAP ==> [0000012000 - 0000019000]
[    0.000000] found SMP MP-table at [c00f6bf0] f6bf0
[    0.000000] Zone PFN ranges:
[    0.000000]   DMA      0x00000010 -> 0x00001000
[    0.000000]   Normal   0x00001000 -> 0x000379fe
[    0.000000]   HighMem  0x000379fe -> 0x00040000
[    0.000000] Movable zone start PFN for each node
[    0.000000] early_node_map[3] active PFN ranges
[    0.000000]     0: 0x00000010 -> 0x0000009f
[    0.000000]     0: 0x00000100 -> 0x0003fee0
[    0.000000]     0: 0x0003ff00 -> 0x00040000
[    0.000000] On node 0 totalpages: 261999
[    0.000000] free_area_init_node: node 0, pgdat c1715200, node_mem_map c1a87200
[    0.000000]   DMA zone: 32 pages used for memmap
[    0.000000]   DMA zone: 0 pages reserved
[    0.000000]   DMA zone: 3951 pages, LIFO batch:0
[    0.000000]   Normal zone: 1748 pages used for memmap
[    0.000000]   Normal zone: 221994 pages, LIFO batch:31
[    0.000000]   HighMem zone: 269 pages used for memmap
[    0.000000]   HighMem zone: 34005 pages, LIFO batch:7
[    0.000000] Using APIC driver default
[    0.000000] ACPI: PM-Timer IO Port: 0x1008
[    0.000000] ACPI: Local APIC address 0xfee00000
[    0.000000] ACPI: LAPIC (acpi_id[0x00] lapic_id[0x00] enabled)
[    0.000000] ACPI: LAPIC (acpi_id[0x01] lapic_id[0x02] disabled)
[    0.000000] ACPI: LAPIC (acpi_id[0x02] lapic_id[0x04] disabled)
[    0.000000] ACPI: LAPIC (acpi_id[0x03] lapic_id[0x06] disabled)
[    0.000000] ACPI: LAPIC (acpi_id[0x04] lapic_id[0x08] disabled)
[    0.000000] ACPI: LAPIC (acpi_id[0x05] lapic_id[0x0a] disabled)
[    0.000000] ACPI: LAPIC (acpi_id[0x06] lapic_id[0x0c] disabled)
[    0.000000] ACPI: LAPIC (acpi_id[0x07] lapic_id[0x0e] disabled)
[    0.000000] ACPI: LAPIC (acpi_id[0x08] lapic_id[0x10] disabled)
[    0.000000] ACPI: LAPIC (acpi_id[0x09] lapic_id[0x12] disabled)
[    0.000000] ACPI: LAPIC (acpi_id[0x0a] lapic_id[0x14] disabled)
[    0.000000] ACPI: LAPIC (acpi_id[0x0b] lapic_id[0x16] disabled)
[    0.000000] ACPI: LAPIC (acpi_id[0x0c] lapic_id[0x18] disabled)
[    0.000000] ACPI: LAPIC (acpi_id[0x0d] lapic_id[0x1a] disabled)
[    0.000000] ACPI: LAPIC (acpi_id[0x0e] lapic_id[0x1c] disabled)
[    0.000000] ACPI: LAPIC (acpi_id[0x0f] lapic_id[0x1e] disabled)
[    0.000000] ACPI: LAPIC (acpi_id[0x10] lapic_id[0x20] disabled)
[    0.000000] ACPI: LAPIC (acpi_id[0x11] lapic_id[0x22] disabled)
[    0.000000] ACPI: LAPIC (acpi_id[0x12] lapic_id[0x24] disabled)
[    0.000000] ACPI: LAPIC (acpi_id[0x13] lapic_id[0x26] disabled)
[    0.000000] ACPI: LAPIC (acpi_id[0x14] lapic_id[0x28] disabled)
[    0.000000] ACPI: LAPIC (acpi_id[0x15] lapic_id[0x2a] disabled)
[    0.000000] ACPI: LAPIC (acpi_id[0x16] lapic_id[0x2c] disabled)
[    0.000000] ACPI: LAPIC (acpi_id[0x17] lapic_id[0x2e] disabled)
[    0.000000] ACPI: LAPIC (acpi_id[0x18] lapic_id[0x30] disabled)
[    0.000000] ACPI: LAPIC (acpi_id[0x19] lapic_id[0x32] disabled)
[    0.000000] ACPI: LAPIC (acpi_id[0x1a] lapic_id[0x34] disabled)
[    0.000000] ACPI: LAPIC (acpi_id[0x1b] lapic_id[0x36] disabled)
[    0.000000] ACPI: LAPIC (acpi_id[0x1c] lapic_id[0x38] disabled)
[    0.000000] ACPI: LAPIC (acpi_id[0x1d] lapic_id[0x3a] disabled)
[    0.000000] ACPI: LAPIC (acpi_id[0x1e] lapic_id[0x3c] disabled)
[    0.000000] ACPI: LAPIC (acpi_id[0x1f] lapic_id[0x3e] disabled)
[    0.000000] ACPI: LAPIC (acpi_id[0x20] lapic_id[0x40] disabled)
[    0.000000] ACPI: LAPIC (acpi_id[0x21] lapic_id[0x42] disabled)
[    0.000000] ACPI: LAPIC (acpi_id[0x22] lapic_id[0x44] disabled)
[    0.000000] ACPI: LAPIC (acpi_id[0x23] lapic_id[0x46] disabled)
[    0.000000] ACPI: LAPIC (acpi_id[0x24] lapic_id[0x48] disabled)
[    0.000000] ACPI: LAPIC (acpi_id[0x25] lapic_id[0x4a] disabled)
[    0.000000] ACPI: LAPIC (acpi_id[0x26] lapic_id[0x4c] disabled)
[    0.000000] ACPI: LAPIC (acpi_id[0x27] lapic_id[0x4e] disabled)
[    0.000000] ACPI: LAPIC (acpi_id[0x28] lapic_id[0x50] disabled)
[    0.000000] ACPI: LAPIC (acpi_id[0x29] lapic_id[0x52] disabled)
[    0.000000] ACPI: LAPIC (acpi_id[0x2a] lapic_id[0x54] disabled)
[    0.000000] ACPI: LAPIC (acpi_id[0x2b] lapic_id[0x56] disabled)
[    0.000000] ACPI: LAPIC (acpi_id[0x2c] lapic_id[0x58] disabled)
[    0.000000] ACPI: LAPIC (acpi_id[0x2d] lapic_id[0x5a] disabled)
[    0.000000] ACPI: LAPIC (acpi_id[0x2e] lapic_id[0x5c] disabled)
[    0.000000] ACPI: LAPIC (acpi_id[0x2f] lapic_id[0x5e] disabled)
[    0.000000] ACPI: LAPIC (acpi_id[0x30] lapic_id[0x60] disabled)
[    0.000000] ACPI: LAPIC (acpi_id[0x31] lapic_id[0x62] disabled)
[    0.000000] ACPI: LAPIC (acpi_id[0x32] lapic_id[0x64] disabled)
[    0.000000] ACPI: LAPIC (acpi_id[0x33] lapic_id[0x66] disabled)
[    0.000000] ACPI: LAPIC (acpi_id[0x34] lapic_id[0x68] disabled)
[    0.000000] ACPI: LAPIC (acpi_id[0x35] lapic_id[0x6a] disabled)
[    0.000000] ACPI: LAPIC (acpi_id[0x36] lapic_id[0x6c] disabled)
[    0.000000] ACPI: LAPIC (acpi_id[0x37] lapic_id[0x6e] disabled)
[    0.000000] ACPI: LAPIC (acpi_id[0x38] lapic_id[0x70] disabled)
[    0.000000] ACPI: LAPIC (acpi_id[0x39] lapic_id[0x72] disabled)
[    0.000000] ACPI: LAPIC (acpi_id[0x3a] lapic_id[0x74] disabled)
[    0.000000] ACPI: LAPIC (acpi_id[0x3b] lapic_id[0x76] disabled)
[    0.000000] ACPI: LAPIC (acpi_id[0x3c] lapic_id[0x78] disabled)
[    0.000000] ACPI: LAPIC (acpi_id[0x3d] lapic_id[0x7a] disabled)
[    0.000000] ACPI: LAPIC (acpi_id[0x3e] lapic_id[0x7c] disabled)
[    0.000000] ACPI: LAPIC (acpi_id[0x3f] lapic_id[0x7e] disabled)
[    0.000000] ACPI: LAPIC_NMI (acpi_id[0x00] high edge lint[0x1])
[    0.000000] ACPI: LAPIC_NMI (acpi_id[0x01] high edge lint[0x1])
[    0.000000] ACPI: LAPIC_NMI (acpi_id[0x02] high edge lint[0x1])
[    0.000000] ACPI: LAPIC_NMI (acpi_id[0x03] high edge lint[0x1])
[    0.000000] ACPI: LAPIC_NMI (acpi_id[0x04] high edge lint[0x1])
[    0.000000] ACPI: LAPIC_NMI (acpi_id[0x05] high edge lint[0x1])
[    0.000000] ACPI: LAPIC_NMI (acpi_id[0x06] high edge lint[0x1])
[    0.000000] ACPI: LAPIC_NMI (acpi_id[0x07] high edge lint[0x1])
[    0.000000] ACPI: LAPIC_NMI (acpi_id[0x08] high edge lint[0x1])
[    0.000000] ACPI: LAPIC_NMI (acpi_id[0x09] high edge lint[0x1])
[    0.000000] ACPI: LAPIC_NMI (acpi_id[0x0a] high edge lint[0x1])
[    0.000000] ACPI: LAPIC_NMI (acpi_id[0x0b] high edge lint[0x1])
[    0.000000] ACPI: LAPIC_NMI (acpi_id[0x0c] high edge lint[0x1])
[    0.000000] ACPI: LAPIC_NMI (acpi_id[0x0d] high edge lint[0x1])
[    0.000000] ACPI: LAPIC_NMI (acpi_id[0x0e] high edge lint[0x1])
[    0.000000] ACPI: LAPIC_NMI (acpi_id[0x0f] high edge lint[0x1])
[    0.000000] ACPI: LAPIC_NMI (acpi_id[0x10] high edge lint[0x1])
[    0.000000] ACPI: LAPIC_NMI (acpi_id[0x11] high edge lint[0x1])
[    0.000000] ACPI: LAPIC_NMI (acpi_id[0x12] high edge lint[0x1])
[    0.000000] ACPI: LAPIC_NMI (acpi_id[0x13] high edge lint[0x1])
[    0.000000] ACPI: LAPIC_NMI (acpi_id[0x14] high edge lint[0x1])
[    0.000000] ACPI: LAPIC_NMI (acpi_id[0x15] high edge lint[0x1])
[    0.000000] ACPI: LAPIC_NMI (acpi_id[0x16] high edge lint[0x1])
[    0.000000] ACPI: LAPIC_NMI (acpi_id[0x17] high edge lint[0x1])
[    0.000000] ACPI: LAPIC_NMI (acpi_id[0x18] high edge lint[0x1])
[    0.000000] ACPI: LAPIC_NMI (acpi_id[0x19] high edge lint[0x1])
[    0.000000] ACPI: LAPIC_NMI (acpi_id[0x1a] high edge lint[0x1])
[    0.000000] ACPI: LAPIC_NMI (acpi_id[0x1b] high edge lint[0x1])
[    0.000000] ACPI: LAPIC_NMI (acpi_id[0x1c] high edge lint[0x1])
[    0.000000] ACPI: LAPIC_NMI (acpi_id[0x1d] high edge lint[0x1])
[    0.000000] ACPI: LAPIC_NMI (acpi_id[0x1e] high edge lint[0x1])
[    0.000000] ACPI: LAPIC_NMI (acpi_id[0x1f] high edge lint[0x1])
[    0.000000] ACPI: LAPIC_NMI (acpi_id[0x20] high edge lint[0x1])
[    0.000000] ACPI: LAPIC_NMI (acpi_id[0x21] high edge lint[0x1])
[    0.000000] ACPI: LAPIC_NMI (acpi_id[0x22] high edge lint[0x1])
[    0.000000] ACPI: LAPIC_NMI (acpi_id[0x23] high edge lint[0x1])
[    0.000000] ACPI: LAPIC_NMI (acpi_id[0x24] high edge lint[0x1])
[    0.000000] ACPI: LAPIC_NMI (acpi_id[0x25] high edge lint[0x1])
[    0.000000] ACPI: LAPIC_NMI (acpi_id[0x26] high edge lint[0x1])
[    0.000000] ACPI: LAPIC_NMI (acpi_id[0x27] high edge lint[0x1])
[    0.000000] ACPI: LAPIC_NMI (acpi_id[0x28] high edge lint[0x1])
[    0.000000] ACPI: LAPIC_NMI (acpi_id[0x29] high edge lint[0x1])
[    0.000000] ACPI: LAPIC_NMI (acpi_id[0x2a] high edge lint[0x1])
[    0.000000] ACPI: LAPIC_NMI (acpi_id[0x2b] high edge lint[0x1])
[    0.000000] ACPI: LAPIC_NMI (acpi_id[0x2c] high edge lint[0x1])
[    0.000000] ACPI: LAPIC_NMI (acpi_id[0x2d] high edge lint[0x1])
[    0.000000] ACPI: LAPIC_NMI (acpi_id[0x2e] high edge lint[0x1])
[    0.000000] ACPI: LAPIC_NMI (acpi_id[0x2f] high edge lint[0x1])
[    0.000000] ACPI: LAPIC_NMI (acpi_id[0x30] high edge lint[0x1])
[    0.000000] ACPI: LAPIC_NMI (acpi_id[0x31] high edge lint[0x1])
[    0.000000] ACPI: LAPIC_NMI (acpi_id[0x32] high edge lint[0x1])
[    0.000000] ACPI: LAPIC_NMI (acpi_id[0x33] high edge lint[0x1])
[    0.000000] ACPI: LAPIC_NMI (acpi_id[0x34] high edge lint[0x1])
[    0.000000] ACPI: LAPIC_NMI (acpi_id[0x35] high edge lint[0x1])
[    0.000000] ACPI: LAPIC_NMI (acpi_id[0x36] high edge lint[0x1])
[    0.000000] ACPI: LAPIC_NMI (acpi_id[0x37] high edge lint[0x1])
[    0.000000] ACPI: LAPIC_NMI (acpi_id[0x38] high edge lint[0x1])
[    0.000000] ACPI: LAPIC_NMI (acpi_id[0x39] high edge lint[0x1])
[    0.000000] ACPI: LAPIC_NMI (acpi_id[0x3a] high edge lint[0x1])
[    0.000000] ACPI: LAPIC_NMI (acpi_id[0x3b] high edge lint[0x1])
[    0.000000] ACPI: LAPIC_NMI (acpi_id[0x3c] high edge lint[0x1])
[    0.000000] ACPI: LAPIC_NMI (acpi_id[0x3d] high edge lint[0x1])
[    0.000000] ACPI: LAPIC_NMI (acpi_id[0x3e] high edge lint[0x1])
[    0.000000] ACPI: LAPIC_NMI (acpi_id[0x3f] high edge lint[0x1])
[    0.000000] ACPI: Skipping IOAPIC probe due to 'noapic' option.
[    0.000000] Using ACPI for processor (LAPIC) configuration information
[    0.000000] ACPI: HPET id: 0x8086af01 base: 0xfed00000
[    0.000000] Intel MultiProcessor Specification v1.4
[    0.000000]     Virtual Wire compatibility mode.
[    0.000000] MPTABLE: OEM ID: INTEL   
[    0.000000] MPTABLE: Product ID: 440BX       
[    0.000000] MPTABLE: APIC at: 0xFEE00000
[    0.000000] I/O APIC #1 Version 17 at 0xFEC00000.
[    0.000000] Processors: 1
[    0.000000] 64 Processors exceeds NR_CPUS limit of 8
[    0.000000] SMP: Allowing 8 CPUs, 7 hotplug CPUs
[    0.000000] nr_irqs_gsi: 24
[    0.000000] PM: Registered nosave memory: 000000000009f000 - 00000000000a0000
[    0.000000] PM: Registered nosave memory: 00000000000a0000 - 00000000000ca000
[    0.000000] PM: Registered nosave memory: 00000000000ca000 - 00000000000cc000
[    0.000000] PM: Registered nosave memory: 00000000000cc000 - 00000000000dc000
[    0.000000] PM: Registered nosave memory: 00000000000dc000 - 0000000000100000
[    0.000000] Allocating PCI resources starting at 40000000 (gap: 40000000:a0000000)
[    0.000000] Booting paravirtualized kernel on bare hardware
[    0.000000] NR_CPUS:8 nr_cpumask_bits:8 nr_cpu_ids:8 nr_node_ids:1
[    0.000000] PERCPU: Embedded 15 pages/cpu @c2400000 s39320 r0 d22120 u262144
[    0.000000] pcpu-alloc: s39320 r0 d22120 u262144 alloc=1*2097152
[    0.000000] pcpu-alloc: [0] 0 1 2 3 4 5 6 7 
[    0.000000] Built 1 zonelists in Zone order, mobility grouping on.  Total pages: 259950
[    0.000000] Kernel command line: BOOT_IMAGE=/boot/vmlinuz-2.6.32.57 root=UUID=007b598c-390d-4c65-84a1-4ff752d48633 ro quiet splash maxcpus=0
[    0.000000] PID hash table entries: 4096 (order: 2, 16384 bytes)
[    0.000000] Dentry cache hash table entries: 131072 (order: 7, 524288 bytes)
[    0.000000] Inode-cache hash table entries: 65536 (order: 6, 262144 bytes)
[    0.000000] Enabling fast FPU save and restore... done.
[    0.000000] Enabling unmasked SIMD FPU exception support... done.
[    0.000000] Initializing CPU#0
[    0.000000] xsave/xrstor: enabled xstate_bv 0x7, cntxt size 0x340
[    0.000000] allocated 5242560 bytes of page_cgroup
[    0.000000] please try 'cgroup_disable=memory' option if you don't want memory cgroups
[    0.000000] Initializing HighMem for node 0 (000379fe:00040000)
[    0.000000] Memory: 938260k/1048576k available (4839k kernel code, 108848k reserved, 2518k data, 652k init, 137096k highmem)
[    0.000000] virtual kernel memory layout:
[    0.000000]     fixmap  : 0xfff1e000 - 0xfffff000   ( 900 kB)
[    0.000000]     pkmap   : 0xffa00000 - 0xffc00000   (2048 kB)
[    0.000000]     vmalloc : 0xf81fe000 - 0xff9fe000   ( 120 MB)
[    0.000000]     lowmem  : 0xc0000000 - 0xf79fe000   ( 889 MB)
[    0.000000]       .init : 0xc1730000 - 0xc17d3000   ( 652 kB)
[    0.000000]       .data : 0xc14b9cce - 0xc172f764   (2518 kB)
[    0.000000]       .text : 0xc1000000 - 0xc14b9cce   (4839 kB)
[    0.000000] Checking if this processor honours the WP bit even in supervisor mode...Ok.
[    0.000000] SLUB: Genslabs=13, HWalign=64, Order=0-3, MinObjects=0, CPUs=8, Nodes=1
[    0.000000] Hierarchical RCU implementation.
[    0.000000] NR_IRQS:2304 nr_irqs:472
[    0.000000] Extended CMOS year: 2000
[    0.000000] Console: colour VGA+ 80x25
[    0.000000] console [tty0] enabled
[    0.000000] hpet clockevent registered
[    0.004000] TSC freq read from hypervisor : 2394.620 MHz
[    0.004000] Detected 2394.620 MHz processor.
[    0.000003] Calibrating delay loop (skipped) preset value.. 4789.24 BogoMIPS (lpj=9578480)
[    0.000011] Security Framework initialized
[    0.000014] SELinux:  Disabled at boot.
[    0.000018] Mount-cache hash table entries: 512
[    0.000113] Initializing cgroup subsys cpuacct
[    0.000116] Initializing cgroup subsys memory
[    0.000120] Initializing cgroup subsys devices
[    0.000121] Initializing cgroup subsys freezer
[    0.000147] CPU: Physical Processor ID: 0
[    0.000154] CPU: L1 I cache: 32K, L1 D cache: 32K
[    0.000156] CPU: L2 cache: 256K
[    0.000156] CPU: L3 cache: 4096K
[    0.000161] mce: CPU supports 0 MCE banks
[    0.000173] Performance Events: no PMU driver, software events only.
[    0.000202] Checking 'hlt' instruction... OK.
[    0.017916] SMP alternatives: switching to UP code
[    0.032538] ACPI: Core revision 20090903
[    0.038622] ACPI: setting ELCR to 0200 (from 0e20)
[    0.039603] ftrace: converting mcount calls to 0f 1f 44 00 00
[    0.039608] ftrace: allocating 22631 entries in 45 pages
[    0.056644] CANARY value: 2d383a71 for PID: 1
[    0.056672] Not enabling x2apic, Intr-remapping init failed.
[    0.056674] Enabling APIC mode:  Flat.  Using 1 I/O APICs
[    0.056681] SMP mode deactivated.
[    0.056706] SMP disabled
[    0.056760] Brought up 1 CPUs
[    0.056762] Total of 1 processors activated (4789.24 BogoMIPS).
[    0.056766] CPU0 attaching NULL sched-domain.
[    0.056833] devtmpfs: initialized
[    0.056937] sysctl table check failed: /kernel/random/now_input .1.40.7 Unknown sysctl binary path
[    0.057209] Pid: 1, comm: swapper Not tainted 2.6.32.57 #4
[    0.057210] Call Trace:
[    0.057214]  [<c14a8a0e>] ? printk+0x1d/0x1f
[    0.057218]  [<c107b56f>] set_fail+0x4f/0x60
[    0.057219]  [<c107b8b3>] sysctl_check_table+0x333/0x620
[    0.057221]  [<c107b8cc>] sysctl_check_table+0x34c/0x620
[    0.057223]  [<c107b8cc>] sysctl_check_table+0x34c/0x620
[    0.057227]  [<c1746d48>] sysctl_init+0x25/0x29
[    0.057229]  [<c1003042>] do_one_initcall+0x32/0x1a0
[    0.057231]  [<c1746d23>] ? sysctl_init+0x0/0x29
[    0.057233]  [<c17308e7>] kernel_init+0x12d/0x17a
[    0.057235]  [<c17307ba>] ? kernel_init+0x0/0x17a
[    0.057237]  [<c1009b07>] kernel_thread_helper+0x7/0x10
[    0.057239] sysctl table check failed: /kernel/random/now_blocking .1.40.8 Unknown sysctl binary path
[    0.057468] Pid: 1, comm: swapper Not tainted 2.6.32.57 #4
[    0.057468] Call Trace:
[    0.057470]  [<c14a8a0e>] ? printk+0x1d/0x1f
[    0.057471]  [<c107b56f>] set_fail+0x4f/0x60
[    0.057473]  [<c107b8b3>] sysctl_check_table+0x333/0x620
[    0.057475]  [<c107b8cc>] sysctl_check_table+0x34c/0x620
[    0.057476]  [<c107b8cc>] sysctl_check_table+0x34c/0x620
[    0.057478]  [<c1746d48>] sysctl_init+0x25/0x29
[    0.057480]  [<c1003042>] do_one_initcall+0x32/0x1a0
[    0.057482]  [<c1746d23>] ? sysctl_init+0x0/0x29
[    0.057484]  [<c17308e7>] kernel_init+0x12d/0x17a
[    0.057485]  [<c17307ba>] ? kernel_init+0x0/0x17a
[    0.057487]  [<c1009b07>] kernel_thread_helper+0x7/0x10
[    0.057488] sysctl table check failed: /kernel/random/now_nonblocking .1.40.9 Unknown sysctl binary path
[    0.057718] Pid: 1, comm: swapper Not tainted 2.6.32.57 #4
[    0.057719] Call Trace:
[    0.057720]  [<c14a8a0e>] ? printk+0x1d/0x1f
[    0.057722]  [<c107b56f>] set_fail+0x4f/0x60
[    0.057723]  [<c107b8b3>] sysctl_check_table+0x333/0x620
[    0.057725]  [<c107b8cc>] sysctl_check_table+0x34c/0x620
[    0.057726]  [<c107b8cc>] sysctl_check_table+0x34c/0x620
[    0.057728]  [<c1746d48>] sysctl_init+0x25/0x29
[    0.057730]  [<c1003042>] do_one_initcall+0x32/0x1a0
[    0.057732]  [<c1746d23>] ? sysctl_init+0x0/0x29
[    0.057733]  [<c17308e7>] kernel_init+0x12d/0x17a
[    0.057735]  [<c17307ba>] ? kernel_init+0x0/0x17a
[    0.057736]  [<c1009b07>] kernel_thread_helper+0x7/0x10
[    0.057738] sysctl table check failed: /kernel/random/nb_input_bytes .1.40.10 Unknown sysctl binary path
[    0.057967] Pid: 1, comm: swapper Not tainted 2.6.32.57 #4
[    0.057968] Call Trace:
[    0.057969]  [<c14a8a0e>] ? printk+0x1d/0x1f
[    0.057971]  [<c107b56f>] set_fail+0x4f/0x60
[    0.057972]  [<c107b8b3>] sysctl_check_table+0x333/0x620
[    0.057974]  [<c107b8cc>] sysctl_check_table+0x34c/0x620
[    0.057976]  [<c107b8cc>] sysctl_check_table+0x34c/0x620
[    0.057978]  [<c1746d48>] sysctl_init+0x25/0x29
[    0.057979]  [<c1003042>] do_one_initcall+0x32/0x1a0
[    0.057981]  [<c1746d23>] ? sysctl_init+0x0/0x29
[    0.057983]  [<c17308e7>] kernel_init+0x12d/0x17a
[    0.057984]  [<c17307ba>] ? kernel_init+0x0/0x17a
[    0.057986]  [<c1009b07>] kernel_thread_helper+0x7/0x10
[    0.057987] sysctl table check failed: /kernel/random/nb_stir_count .1.40.11 Unknown sysctl binary path
[    0.058246] Pid: 1, comm: swapper Not tainted 2.6.32.57 #4
[    0.058247] Call Trace:
[    0.058249]  [<c14a8a0e>] ? printk+0x1d/0x1f
[    0.058250]  [<c107b56f>] set_fail+0x4f/0x60
[    0.058252]  [<c107b8b3>] sysctl_check_table+0x333/0x620
[    0.058253]  [<c107b8cc>] sysctl_check_table+0x34c/0x620
[    0.058255]  [<c107b8cc>] sysctl_check_table+0x34c/0x620
[    0.058257]  [<c1746d48>] sysctl_init+0x25/0x29
[    0.058258]  [<c1003042>] do_one_initcall+0x32/0x1a0
[    0.058261]  [<c1746d23>] ? sysctl_init+0x0/0x29
[    0.058262]  [<c17308e7>] kernel_init+0x12d/0x17a
[    0.058263]  [<c17307ba>] ? kernel_init+0x0/0x17a
[    0.058265]  [<c1009b07>] kernel_thread_helper+0x7/0x10
[    0.058266] sysctl table check failed: /kernel/random/nb_reentry_count .1.40.12 Unknown sysctl binary path
[    0.058497] Pid: 1, comm: swapper Not tainted 2.6.32.57 #4
[    0.058498] Call Trace:
[    0.058499]  [<c14a8a0e>] ? printk+0x1d/0x1f
[    0.058501]  [<c107b56f>] set_fail+0x4f/0x60
[    0.058502]  [<c107b8b3>] sysctl_check_table+0x333/0x620
[    0.058504]  [<c107b8cc>] sysctl_check_table+0x34c/0x620
[    0.058505]  [<c107b8cc>] sysctl_check_table+0x34c/0x620
[    0.058508]  [<c1746d48>] sysctl_init+0x25/0x29
[    0.058509]  [<c1003042>] do_one_initcall+0x32/0x1a0
[    0.058511]  [<c1746d23>] ? sysctl_init+0x0/0x29
[    0.058513]  [<c17308e7>] kernel_init+0x12d/0x17a
[    0.058514]  [<c17307ba>] ? kernel_init+0x0/0x17a
[    0.058516]  [<c1009b07>] kernel_thread_helper+0x7/0x10
[    0.058625] RANDOM - __seed init called.
[    0.058626] RANDOM - __seed init called.
[    0.058627] RANDOM - __seed init called.
[    0.058628] RANDOM - __random32 called. Change num 1.  Value: 865378fd	b53d80db	1f8ba37e
[    0.058629] RANDOM - __random32 called. Change num 2.  Value: 378fdd29	53d80db0	46fc7ad7
[    0.058631] RANDOM - __random32 called. Change num 3.  Value: fdd29985	3d80db0e	f5ae23f5
[    0.058632] RANDOM - __random32 called. Change num 4.  Value: 299855dc	d80db0e5	47eb1be7
[    0.058633] RANDOM - __random32 called. Change num 5.  Value: 855dc464	80db0e5c	37cf1678
[    0.058634] RANDOM - __random32 called. Change num 6.  Value: dc4647ba	db0e5c1	2cf136f4
[    0.058636] RANDOM - random32 init called.  Value: dc4647ba	db0e5c1	2cf136f4
[    0.058641] regulator: core version 0.5
[    0.058721] Time: 22:09:32  Date: 05/24/13
[    0.058757] NET: Registered protocol family 16
[    0.058821] EISA bus registered
[    0.059596] ACPI: bus type pci registered
[    0.059689] PCI: MCFG configuration 0: base e0000000 segment 0 buses 0 - 255
[    0.059691] PCI: MCFG area at e0000000 reserved in E820
[    0.059692] PCI: Using MMCONFIG for extended config space
[    0.059693] PCI: Using configuration type 1 for base access
[    0.060209] bio: create slab <bio-0> at 0
[    0.061386] ACPI: EC: Look up EC in DSDT
[    0.096919] ACPI: BIOS _OSI(Linux) query ignored
[    0.102557] ACPI: Interpreter enabled
[    0.102561] ACPI: (supports S0 S1 S4 S5)
[    0.102572] ACPI: Using PIC for interrupt routing
[    0.182465] ACPI: No dock devices found.
[    0.183255] ACPI: PCI Root Bridge [PCI0] (0000:00)
[    0.184740] pci 0000:00:07.1: reg 20 io port: [0x10c0-0x10cf]
[    0.185240] pci 0000:00:07.3: quirk: region 1000-103f claimed by PIIX4 ACPI
[    0.185251] pci 0000:00:07.3: quirk: region 1040-104f claimed by PIIX4 SMB
[    0.185773] pci 0000:00:07.7: reg 10 io port: [0x1080-0x10bf]
[    0.186161] pci 0000:00:07.7: reg 14 64bit mmio: [0xc8000000-0xc8001fff]
[    0.187263] pci 0000:00:0f.0: reg 10 io port: [0x10d0-0x10df]
[    0.187299] pci 0000:00:0f.0: reg 14 32bit mmio pref: [0xd0000000-0xd7ffffff]
[    0.187334] pci 0000:00:0f.0: reg 18 32bit mmio: [0xc8800000-0xc8ffffff]
[    0.187470] pci 0000:00:0f.0: reg 30 32bit mmio pref: [0x000000-0x007fff]
[    0.187995] pci 0000:00:10.0: reg 10 io port: [0x1400-0x14ff]
[    0.188342] pci 0000:00:10.0: reg 14 64bit mmio: [0xc8040000-0xc805ffff]
[    0.188685] pci 0000:00:10.0: reg 1c 64bit mmio: [0xc8020000-0xc803ffff]
[    0.188755] pci 0000:00:10.0: reg 30 32bit mmio pref: [0x000000-0x003fff]
[    0.190081] pci 0000:00:15.0: PME# supported from D0 D3hot D3cold
[    0.190100] pci 0000:00:15.0: PME# disabled
[    0.190894] pci 0000:00:15.1: PME# supported from D0 D3hot D3cold
[    0.190913] pci 0000:00:15.1: PME# disabled
[    0.191746] pci 0000:00:15.2: PME# supported from D0 D3hot D3cold
[    0.191765] pci 0000:00:15.2: PME# disabled
[    0.192598] pci 0000:00:15.3: PME# supported from D0 D3hot D3cold
[    0.192617] pci 0000:00:15.3: PME# disabled
[    0.193462] pci 0000:00:15.4: PME# supported from D0 D3hot D3cold
[    0.193483] pci 0000:00:15.4: PME# disabled
[    0.194302] pci 0000:00:15.5: PME# supported from D0 D3hot D3cold
[    0.194321] pci 0000:00:15.5: PME# disabled
[    0.195141] pci 0000:00:15.6: PME# supported from D0 D3hot D3cold
[    0.195160] pci 0000:00:15.6: PME# disabled
[    0.196029] pci 0000:00:15.7: PME# supported from D0 D3hot D3cold
[    0.196048] pci 0000:00:15.7: PME# disabled
[    0.196846] pci 0000:00:16.0: PME# supported from D0 D3hot D3cold
[    0.196864] pci 0000:00:16.0: PME# disabled
[    0.197712] pci 0000:00:16.1: PME# supported from D0 D3hot D3cold
[    0.197731] pci 0000:00:16.1: PME# disabled
[    0.198555] pci 0000:00:16.2: PME# supported from D0 D3hot D3cold
[    0.198573] pci 0000:00:16.2: PME# disabled
[    0.199394] pci 0000:00:16.3: PME# supported from D0 D3hot D3cold
[    0.199413] pci 0000:00:16.3: PME# disabled
[    0.200269] pci 0000:00:16.4: PME# supported from D0 D3hot D3cold
[    0.200289] pci 0000:00:16.4: PME# disabled
[    0.201129] pci 0000:00:16.5: PME# supported from D0 D3hot D3cold
[    0.201148] pci 0000:00:16.5: PME# disabled
[    0.201976] pci 0000:00:16.6: PME# supported from D0 D3hot D3cold
[    0.201995] pci 0000:00:16.6: PME# disabled
[    0.202793] pci 0000:00:16.7: PME# supported from D0 D3hot D3cold
[    0.202811] pci 0000:00:16.7: PME# disabled
[    0.203629] pci 0000:00:17.0: PME# supported from D0 D3hot D3cold
[    0.203647] pci 0000:00:17.0: PME# disabled
[    0.204487] pci 0000:00:17.1: PME# supported from D0 D3hot D3cold
[    0.204506] pci 0000:00:17.1: PME# disabled
[    0.205335] pci 0000:00:17.2: PME# supported from D0 D3hot D3cold
[    0.205354] pci 0000:00:17.2: PME# disabled
[    0.206200] pci 0000:00:17.3: PME# supported from D0 D3hot D3cold
[    0.206218] pci 0000:00:17.3: PME# disabled
[    0.207036] pci 0000:00:17.4: PME# supported from D0 D3hot D3cold
[    0.207055] pci 0000:00:17.4: PME# disabled
[    0.207860] pci 0000:00:17.5: PME# supported from D0 D3hot D3cold
[    0.207880] pci 0000:00:17.5: PME# disabled
[    0.208709] pci 0000:00:17.6: PME# supported from D0 D3hot D3cold
[    0.208728] pci 0000:00:17.6: PME# disabled
[    0.209550] pci 0000:00:17.7: PME# supported from D0 D3hot D3cold
[    0.209568] pci 0000:00:17.7: PME# disabled
[    0.210386] pci 0000:00:18.0: PME# supported from D0 D3hot D3cold
[    0.210404] pci 0000:00:18.0: PME# disabled
[    0.211228] pci 0000:00:18.1: PME# supported from D0 D3hot D3cold
[    0.211246] pci 0000:00:18.1: PME# disabled
[    0.212072] pci 0000:00:18.2: PME# supported from D0 D3hot D3cold
[    0.212091] pci 0000:00:18.2: PME# disabled
[    0.212927] pci 0000:00:18.3: PME# supported from D0 D3hot D3cold
[    0.212954] pci 0000:00:18.3: PME# disabled
[    0.213751] pci 0000:00:18.4: PME# supported from D0 D3hot D3cold
[    0.213770] pci 0000:00:18.4: PME# disabled
[    0.214591] pci 0000:00:18.5: PME# supported from D0 D3hot D3cold
[    0.214610] pci 0000:00:18.5: PME# disabled
[    0.215510] pci 0000:00:18.6: PME# supported from D0 D3hot D3cold
[    0.215530] pci 0000:00:18.6: PME# disabled
[    0.216387] pci 0000:00:18.7: PME# supported from D0 D3hot D3cold
[    0.216406] pci 0000:00:18.7: PME# disabled
[    0.217446] pci 0000:02:00.0: reg 20 io port: [0x20c0-0x20df]
[    0.217929] pci 0000:02:01.0: reg 10 io port: [0x2000-0x207f]
[    0.218150] pci 0000:02:01.0: reg 30 32bit mmio pref: [0x000000-0x00ffff]
[    0.218680] pci 0000:02:02.0: reg 10 io port: [0x2080-0x20bf]
[    0.219242] pci 0000:02:03.0: reg 10 32bit mmio: [0xc9000000-0xc9000fff]
[    0.219774] pci 0000:00:11.0: transparent bridge
[    0.219794] pci 0000:00:11.0: bridge io port: [0x2000-0x3fff]
[    0.219813] pci 0000:00:11.0: bridge 32bit mmio: [0xc9000000-0xca3fffff]
[    0.219849] pci 0000:00:11.0: bridge 64bit mmio pref: [0xd8400000-0xd89fffff]
[    0.220210] pci 0000:00:15.0: bridge io port: [0x4000-0x4fff]
[    0.220229] pci 0000:00:15.0: bridge 32bit mmio: [0xca400000-0xca4fffff]
[    0.220264] pci 0000:00:15.0: bridge 64bit mmio pref: [0xd8a00000-0xd8afffff]
[    0.220598] pci 0000:00:15.1: bridge io port: [0x8000-0x8fff]
[    0.220616] pci 0000:00:15.1: bridge 32bit mmio: [0xca800000-0xca8fffff]
[    0.220652] pci 0000:00:15.1: bridge 64bit mmio pref: [0xd8e00000-0xd8efffff]
[    0.221012] pci 0000:00:15.2: bridge io port: [0xc000-0xcfff]
[    0.221031] pci 0000:00:15.2: bridge 32bit mmio: [0xcac00000-0xcacfffff]
[    0.221067] pci 0000:00:15.2: bridge 64bit mmio pref: [0xd9200000-0xd92fffff]
[    0.221423] pci 0000:00:15.3: bridge 32bit mmio: [0xcb000000-0xcb0fffff]
[    0.221458] pci 0000:00:15.3: bridge 64bit mmio pref: [0xd9600000-0xd96fffff]
[    0.221808] pci 0000:00:15.4: bridge 32bit mmio: [0xcb400000-0xcb4fffff]
[    0.221843] pci 0000:00:15.4: bridge 64bit mmio pref: [0xd9a00000-0xd9afffff]
[    0.222214] pci 0000:00:15.5: bridge 32bit mmio: [0xcb800000-0xcb8fffff]
[    0.222250] pci 0000:00:15.5: bridge 64bit mmio pref: [0xd9e00000-0xd9efffff]
[    0.222598] pci 0000:00:15.6: bridge 32bit mmio: [0xcbc00000-0xcbcfffff]
[    0.222634] pci 0000:00:15.6: bridge 64bit mmio pref: [0xda200000-0xda2fffff]
[    0.223011] pci 0000:00:15.7: bridge 32bit mmio: [0xcc000000-0xcc0fffff]
[    0.223047] pci 0000:00:15.7: bridge 64bit mmio pref: [0xda600000-0xda6fffff]
[    0.223379] pci 0000:00:16.0: bridge io port: [0x5000-0x5fff]
[    0.223398] pci 0000:00:16.0: bridge 32bit mmio: [0xca500000-0xca5fffff]
[    0.223434] pci 0000:00:16.0: bridge 64bit mmio pref: [0xd8b00000-0xd8bfffff]
[    0.223776] pci 0000:00:16.1: bridge io port: [0x9000-0x9fff]
[    0.223796] pci 0000:00:16.1: bridge 32bit mmio: [0xca900000-0xca9fffff]
[    0.223832] pci 0000:00:16.1: bridge 64bit mmio pref: [0xd8f00000-0xd8ffffff]
[    0.224192] pci 0000:00:16.2: bridge io port: [0xd000-0xdfff]
[    0.224211] pci 0000:00:16.2: bridge 32bit mmio: [0xcad00000-0xcadfffff]
[    0.224247] pci 0000:00:16.2: bridge 64bit mmio pref: [0xd9300000-0xd93fffff]
[    0.224597] pci 0000:00:16.3: bridge 32bit mmio: [0xcb100000-0xcb1fffff]
[    0.224632] pci 0000:00:16.3: bridge 64bit mmio pref: [0xd9700000-0xd97fffff]
[    0.225008] pci 0000:00:16.4: bridge 32bit mmio: [0xcb500000-0xcb5fffff]
[    0.225044] pci 0000:00:16.4: bridge 64bit mmio pref: [0xd9b00000-0xd9bfffff]
[    0.225393] pci 0000:00:16.5: bridge 32bit mmio: [0xcb900000-0xcb9fffff]
[    0.225428] pci 0000:00:16.5: bridge 64bit mmio pref: [0xd9f00000-0xd9ffffff]
[    0.225778] pci 0000:00:16.6: bridge 32bit mmio: [0xcbd00000-0xcbdfffff]
[    0.225813] pci 0000:00:16.6: bridge 64bit mmio pref: [0xda300000-0xda3fffff]
[    0.226189] pci 0000:00:16.7: bridge 32bit mmio: [0xcc100000-0xcc1fffff]
[    0.226224] pci 0000:00:16.7: bridge 64bit mmio pref: [0xda700000-0xda7fffff]
[    0.226558] pci 0000:00:17.0: bridge io port: [0x6000-0x6fff]
[    0.226576] pci 0000:00:17.0: bridge 32bit mmio: [0xca600000-0xca6fffff]
[    0.226612] pci 0000:00:17.0: bridge 64bit mmio pref: [0xd8c00000-0xd8cfffff]
[    0.226964] pci 0000:00:17.1: bridge io port: [0xa000-0xafff]
[    0.226984] pci 0000:00:17.1: bridge 32bit mmio: [0xcaa00000-0xcaafffff]
[    0.227023] pci 0000:00:17.1: bridge 64bit mmio pref: [0xd9000000-0xd90fffff]
[    0.227374] pci 0000:00:17.2: bridge io port: [0xe000-0xefff]
[    0.227393] pci 0000:00:17.2: bridge 32bit mmio: [0xcae00000-0xcaefffff]
[    0.227428] pci 0000:00:17.2: bridge 64bit mmio pref: [0xd9400000-0xd94fffff]
[    0.227788] pci 0000:00:17.3: bridge 32bit mmio: [0xcb200000-0xcb2fffff]
[    0.227824] pci 0000:00:17.3: bridge 64bit mmio pref: [0xd9800000-0xd98fffff]
[    0.228195] pci 0000:00:17.4: bridge 32bit mmio: [0xcb600000-0xcb6fffff]
[    0.228231] pci 0000:00:17.4: bridge 64bit mmio pref: [0xd9c00000-0xd9cfffff]
[    0.228580] pci 0000:00:17.5: bridge 32bit mmio: [0xcba00000-0xcbafffff]
[    0.228616] pci 0000:00:17.5: bridge 64bit mmio pref: [0xda000000-0xda0fffff]
[    0.229038] pci 0000:00:17.6: bridge 32bit mmio: [0xcbe00000-0xcbefffff]
[    0.229077] pci 0000:00:17.6: bridge 64bit mmio pref: [0xda400000-0xda4fffff]
[    0.229439] pci 0000:00:17.7: bridge 32bit mmio: [0xcc200000-0xcc2fffff]
[    0.229474] pci 0000:00:17.7: bridge 64bit mmio pref: [0xda800000-0xda8fffff]
[    0.229807] pci 0000:00:18.0: bridge io port: [0x7000-0x7fff]
[    0.229826] pci 0000:00:18.0: bridge 32bit mmio: [0xca700000-0xca7fffff]
[    0.229870] pci 0000:00:18.0: bridge 64bit mmio pref: [0xd8d00000-0xd8dfffff]
[    0.230243] pci 0000:00:18.1: bridge io port: [0xb000-0xbfff]
[    0.230263] pci 0000:00:18.1: bridge 32bit mmio: [0xcab00000-0xcabfffff]
[    0.230299] pci 0000:00:18.1: bridge 64bit mmio pref: [0xd9100000-0xd91fffff]
[    0.230633] pci 0000:00:18.2: bridge io port: [0xf000-0xffff]
[    0.230652] pci 0000:00:18.2: bridge 32bit mmio: [0xcaf00000-0xcaffffff]
[    0.230688] pci 0000:00:18.2: bridge 64bit mmio pref: [0xd9500000-0xd95fffff]
[    0.231071] pci 0000:00:18.3: bridge 32bit mmio: [0xcb300000-0xcb3fffff]
[    0.231110] pci 0000:00:18.3: bridge 64bit mmio pref: [0xd9900000-0xd99fffff]
[    0.231476] pci 0000:00:18.4: bridge 32bit mmio: [0xcb700000-0xcb7fffff]
[    0.231511] pci 0000:00:18.4: bridge 64bit mmio pref: [0xd9d00000-0xd9dfffff]
[    0.231895] pci 0000:00:18.5: bridge 32bit mmio: [0xcbb00000-0xcbbfffff]
[    0.231939] pci 0000:00:18.5: bridge 64bit mmio pref: [0xda100000-0xda1fffff]
[    0.232290] pci 0000:00:18.6: bridge 32bit mmio: [0xcbf00000-0xcbffffff]
[    0.232326] pci 0000:00:18.6: bridge 64bit mmio pref: [0xda500000-0xda5fffff]
[    0.232677] pci 0000:00:18.7: bridge 32bit mmio: [0xcc300000-0xcc3fffff]
[    0.232713] pci 0000:00:18.7: bridge 64bit mmio pref: [0xda900000-0xda9fffff]
[    0.234148] pci_bus 0000:00: on NUMA node 0
[    0.234156] ACPI: PCI Interrupt Routing Table [\_SB_.PCI0._PRT]
[    0.457033] ACPI: PCI Interrupt Link [LNKA] (IRQs 3 4 5 6 7 *9 10 11 14 15)
[    0.457191] ACPI: PCI Interrupt Link [LNKB] (IRQs 3 4 5 6 7 9 10 *11 14 15)
[    0.457342] ACPI: PCI Interrupt Link [LNKC] (IRQs 3 4 5 6 7 9 *10 11 14 15)
[    0.457492] ACPI: PCI Interrupt Link [LNKD] (IRQs 3 4 *5 6 7 9 10 11 14 15)
[    0.457692] vgaarb: device added: PCI:0000:00:0f.0,decodes=io+mem,owns=io+mem,locks=none
[    0.457703] vgaarb: loaded
[    0.457818] SCSI subsystem initialized
[    0.457862] libata version 3.00 loaded.
[    0.457902] usbcore: registered new interface driver usbfs
[    0.457914] usbcore: registered new interface driver hub
[    0.457930] usbcore: registered new device driver usb
[    0.457998] PCI: Using ACPI for IRQ routing
[    0.458959] NetLabel: Initializing
[    0.458960] NetLabel:  domain hash size = 128
[    0.458961] NetLabel:  protocols = UNLABELED CIPSOv4
[    0.458969] NetLabel:  unlabeled traffic allowed by default
[    0.459003] hpet0: at MMIO 0xfed00000, IRQs 2, 8, 0, 0, 0, 0, 0, 0, 0, 0, 0, 0, 0, 0, 0, 0
[    0.459009] hpet0: 16 comparators, 64-bit 14.318180 MHz counter
[    0.462039] Switching to clocksource tsc
[    0.469223] pnp: PnP ACPI init
[    0.469233] ACPI: bus type pnp registered
[    0.512841] pnp: PnP ACPI: found 14 devices
[    0.512843] ACPI: ACPI bus type pnp unregistered
[    0.512846] PnPBIOS: Disabled by ACPI PNP
[    0.512857] system 00:01: ioport range 0x1000-0x103f has been reserved
[    0.512859] system 00:01: ioport range 0x1040-0x104f has been reserved
[    0.512860] system 00:01: ioport range 0xcf0-0xcf1 has been reserved
[    0.512867] system 00:08: iomem range 0xfed00000-0xfed003ff has been reserved
[    0.512870] system 00:0d: ioport range 0x1060-0x107f has been reserved
[    0.512872] system 00:0d: iomem range 0xe0000000-0xefffffff has been reserved
[    0.512874] system 00:0d: iomem range 0xc8200000-0xc83fffff has been reserved
[    0.547559] pci 0000:00:15.3: BAR 13: can't allocate I/O resource [0x10000-0xffff]
[    0.547564] pci 0000:00:15.4: BAR 13: can't allocate I/O resource [0x10000-0xffff]
[    0.547566] pci 0000:00:15.5: BAR 13: can't allocate I/O resource [0x10000-0xffff]
[    0.547569] pci 0000:00:15.6: BAR 13: can't allocate I/O resource [0x10000-0xffff]
[    0.547572] pci 0000:00:15.7: BAR 13: can't allocate I/O resource [0x10000-0xffff]
[    0.547574] pci 0000:00:16.3: BAR 13: can't allocate I/O resource [0x10000-0xffff]
[    0.547577] pci 0000:00:16.4: BAR 13: can't allocate I/O resource [0x10000-0xffff]
[    0.547580] pci 0000:00:16.5: BAR 13: can't allocate I/O resource [0x10000-0xffff]
[    0.547582] pci 0000:00:16.6: BAR 13: can't allocate I/O resource [0x10000-0xffff]
[    0.547585] pci 0000:00:16.7: BAR 13: can't allocate I/O resource [0x10000-0xffff]
[    0.547587] pci 0000:00:17.3: BAR 13: can't allocate I/O resource [0x10000-0xffff]
[    0.547590] pci 0000:00:17.4: BAR 13: can't allocate I/O resource [0x10000-0xffff]
[    0.547593] pci 0000:00:17.5: BAR 13: can't allocate I/O resource [0x10000-0xffff]
[    0.547595] pci 0000:00:17.6: BAR 13: can't allocate I/O resource [0x10000-0xffff]
[    0.547598] pci 0000:00:17.7: BAR 13: can't allocate I/O resource [0x10000-0xffff]
[    0.547601] pci 0000:00:18.3: BAR 13: can't allocate I/O resource [0x10000-0xffff]
[    0.547603] pci 0000:00:18.4: BAR 13: can't allocate I/O resource [0x10000-0xffff]
[    0.547606] pci 0000:00:18.5: BAR 13: can't allocate I/O resource [0x10000-0xffff]
[    0.547608] pci 0000:00:18.6: BAR 13: can't allocate I/O resource [0x10000-0xffff]
[    0.547611] pci 0000:00:18.7: BAR 13: can't allocate I/O resource [0x10000-0xffff]
[    0.547613] pci 0000:00:01.0: PCI bridge, secondary bus 0000:01
[    0.547615] pci 0000:00:01.0:   IO window: disabled
[    0.547643] pci 0000:00:01.0:   MEM window: disabled
[    0.547662] pci 0000:00:01.0:   PREFETCH window: disabled
[    0.547700] pci 0000:00:11.0: PCI bridge, secondary bus 0000:02
[    0.547711] pci 0000:00:11.0:   IO window: 0x2000-0x3fff
[    0.547739] pci 0000:00:11.0:   MEM window: 0xc9000000-0xca3fffff
[    0.547759] pci 0000:00:11.0:   PREFETCH window: 0x000000d8400000-0x000000d89fffff
[    0.547795] pci 0000:00:15.0: PCI bridge, secondary bus 0000:03
[    0.547805] pci 0000:00:15.0:   IO window: 0x4000-0x4fff
[    0.547833] pci 0000:00:15.0:   MEM window: 0xca400000-0xca4fffff
[    0.547852] pci 0000:00:15.0:   PREFETCH window: 0x000000d8a00000-0x000000d8afffff
[    0.547901] pci 0000:00:15.1: PCI bridge, secondary bus 0000:04
[    0.547912] pci 0000:00:15.1:   IO window: 0x8000-0x8fff
[    0.547940] pci 0000:00:15.1:   MEM window: 0xca800000-0xca8fffff
[    0.547959] pci 0000:00:15.1:   PREFETCH window: 0x000000d8e00000-0x000000d8efffff
[    0.547999] pci 0000:00:15.2: PCI bridge, secondary bus 0000:05
[    0.548010] pci 0000:00:15.2:   IO window: 0xc000-0xcfff
[    0.548038] pci 0000:00:15.2:   MEM window: 0xcac00000-0xcacfffff
[    0.548057] pci 0000:00:15.2:   PREFETCH window: 0x000000d9200000-0x000000d92fffff
[    0.548097] pci 0000:00:15.3: PCI bridge, secondary bus 0000:06
[    0.548098] pci 0000:00:15.3:   IO window: disabled
[    0.548126] pci 0000:00:15.3:   MEM window: 0xcb000000-0xcb0fffff
[    0.548146] pci 0000:00:15.3:   PREFETCH window: 0x000000d9600000-0x000000d96fffff
[    0.548185] pci 0000:00:15.4: PCI bridge, secondary bus 0000:07
[    0.548186] pci 0000:00:15.4:   IO window: disabled
[    0.548223] pci 0000:00:15.4:   MEM window: 0xcb400000-0xcb4fffff
[    0.548260] pci 0000:00:15.4:   PREFETCH window: 0x000000d9a00000-0x000000d9afffff
[    0.548299] pci 0000:00:15.5: PCI bridge, secondary bus 0000:08
[    0.548301] pci 0000:00:15.5:   IO window: disabled
[    0.548328] pci 0000:00:15.5:   MEM window: 0xcb800000-0xcb8fffff
[    0.548348] pci 0000:00:15.5:   PREFETCH window: 0x000000d9e00000-0x000000d9efffff
[    0.548387] pci 0000:00:15.6: PCI bridge, secondary bus 0000:09
[    0.548389] pci 0000:00:15.6:   IO window: disabled
[    0.548416] pci 0000:00:15.6:   MEM window: 0xcbc00000-0xcbcfffff
[    0.548435] pci 0000:00:15.6:   PREFETCH window: 0x000000da200000-0x000000da2fffff
[    0.548475] pci 0000:00:15.7: PCI bridge, secondary bus 0000:0a
[    0.548476] pci 0000:00:15.7:   IO window: disabled
[    0.548504] pci 0000:00:15.7:   MEM window: 0xcc000000-0xcc0fffff
[    0.548523] pci 0000:00:15.7:   PREFETCH window: 0x000000da600000-0x000000da6fffff
[    0.548563] pci 0000:00:16.0: PCI bridge, secondary bus 0000:0b
[    0.548574] pci 0000:00:16.0:   IO window: 0x5000-0x5fff
[    0.548601] pci 0000:00:16.0:   MEM window: 0xca500000-0xca5fffff
[    0.548620] pci 0000:00:16.0:   PREFETCH window: 0x000000d8b00000-0x000000d8bfffff
[    0.548660] pci 0000:00:16.1: PCI bridge, secondary bus 0000:0c
[    0.548671] pci 0000:00:16.1:   IO window: 0x9000-0x9fff
[    0.548698] pci 0000:00:16.1:   MEM window: 0xca900000-0xca9fffff
[    0.548717] pci 0000:00:16.1:   PREFETCH window: 0x000000d8f00000-0x000000d8ffffff
[    0.548757] pci 0000:00:16.2: PCI bridge, secondary bus 0000:0d
[    0.548768] pci 0000:00:16.2:   IO window: 0xd000-0xdfff
[    0.548795] pci 0000:00:16.2:   MEM window: 0xcad00000-0xcadfffff
[    0.548815] pci 0000:00:16.2:   PREFETCH window: 0x000000d9300000-0x000000d93fffff
[    0.548854] pci 0000:00:16.3: PCI bridge, secondary bus 0000:0e
[    0.548856] pci 0000:00:16.3:   IO window: disabled
[    0.548883] pci 0000:00:16.3:   MEM window: 0xcb100000-0xcb1fffff
[    0.548903] pci 0000:00:16.3:   PREFETCH window: 0x000000d9700000-0x000000d97fffff
[    0.548942] pci 0000:00:16.4: PCI bridge, secondary bus 0000:0f
[    0.548943] pci 0000:00:16.4:   IO window: disabled
[    0.548971] pci 0000:00:16.4:   MEM window: 0xcb500000-0xcb5fffff
[    0.548990] pci 0000:00:16.4:   PREFETCH window: 0x000000d9b00000-0x000000d9bfffff
[    0.549030] pci 0000:00:16.5: PCI bridge, secondary bus 0000:10
[    0.549031] pci 0000:00:16.5:   IO window: disabled
[    0.549059] pci 0000:00:16.5:   MEM window: 0xcb900000-0xcb9fffff
[    0.549078] pci 0000:00:16.5:   PREFETCH window: 0x000000d9f00000-0x000000d9ffffff
[    0.549117] pci 0000:00:16.6: PCI bridge, secondary bus 0000:11
[    0.549119] pci 0000:00:16.6:   IO window: disabled
[    0.549147] pci 0000:00:16.6:   MEM window: 0xcbd00000-0xcbdfffff
[    0.549166] pci 0000:00:16.6:   PREFETCH window: 0x000000da300000-0x000000da3fffff
[    0.549205] pci 0000:00:16.7: PCI bridge, secondary bus 0000:12
[    0.549207] pci 0000:00:16.7:   IO window: disabled
[    0.549252] pci 0000:00:16.7:   MEM window: 0xcc100000-0xcc1fffff
[    0.549280] pci 0000:00:16.7:   PREFETCH window: 0x000000da700000-0x000000da7fffff
[    0.549319] pci 0000:00:17.0: PCI bridge, secondary bus 0000:13
[    0.549330] pci 0000:00:17.0:   IO window: 0x6000-0x6fff
[    0.549358] pci 0000:00:17.0:   MEM window: 0xca600000-0xca6fffff
[    0.549377] pci 0000:00:17.0:   PREFETCH window: 0x000000d8c00000-0x000000d8cfffff
[    0.549416] pci 0000:00:17.1: PCI bridge, secondary bus 0000:14
[    0.549427] pci 0000:00:17.1:   IO window: 0xa000-0xafff
[    0.549455] pci 0000:00:17.1:   MEM window: 0xcaa00000-0xcaafffff
[    0.549474] pci 0000:00:17.1:   PREFETCH window: 0x000000d9000000-0x000000d90fffff
[    0.549513] pci 0000:00:17.2: PCI bridge, secondary bus 0000:15
[    0.549524] pci 0000:00:17.2:   IO window: 0xe000-0xefff
[    0.549552] pci 0000:00:17.2:   MEM window: 0xcae00000-0xcaefffff
[    0.549571] pci 0000:00:17.2:   PREFETCH window: 0x000000d9400000-0x000000d94fffff
[    0.549611] pci 0000:00:17.3: PCI bridge, secondary bus 0000:16
[    0.549612] pci 0000:00:17.3:   IO window: disabled
[    0.549640] pci 0000:00:17.3:   MEM window: 0xcb200000-0xcb2fffff
[    0.549660] pci 0000:00:17.3:   PREFETCH window: 0x000000d9800000-0x000000d98fffff
[    0.549699] pci 0000:00:17.4: PCI bridge, secondary bus 0000:17
[    0.549701] pci 0000:00:17.4:   IO window: disabled
[    0.549728] pci 0000:00:17.4:   MEM window: 0xcb600000-0xcb6fffff
[    0.549748] pci 0000:00:17.4:   PREFETCH window: 0x000000d9c00000-0x000000d9cfffff
[    0.549787] pci 0000:00:17.5: PCI bridge, secondary bus 0000:18
[    0.549788] pci 0000:00:17.5:   IO window: disabled
[    0.549816] pci 0000:00:17.5:   MEM window: 0xcba00000-0xcbafffff
[    0.549835] pci 0000:00:17.5:   PREFETCH window: 0x000000da000000-0x000000da0fffff
[    0.549875] pci 0000:00:17.6: PCI bridge, secondary bus 0000:19
[    0.549876] pci 0000:00:17.6:   IO window: disabled
[    0.549904] pci 0000:00:17.6:   MEM window: 0xcbe00000-0xcbefffff
[    0.549923] pci 0000:00:17.6:   PREFETCH window: 0x000000da400000-0x000000da4fffff
[    0.549975] pci 0000:00:17.7: PCI bridge, secondary bus 0000:1a
[    0.549977] pci 0000:00:17.7:   IO window: disabled
[    0.550004] pci 0000:00:17.7:   MEM window: 0xcc200000-0xcc2fffff
[    0.550024] pci 0000:00:17.7:   PREFETCH window: 0x000000da800000-0x000000da8fffff
[    0.550063] pci 0000:00:18.0: PCI bridge, secondary bus 0000:1b
[    0.550074] pci 0000:00:18.0:   IO window: 0x7000-0x7fff
[    0.550102] pci 0000:00:18.0:   MEM window: 0xca700000-0xca7fffff
[    0.550121] pci 0000:00:18.0:   PREFETCH window: 0x000000d8d00000-0x000000d8dfffff
[    0.550160] pci 0000:00:18.1: PCI bridge, secondary bus 0000:1c
[    0.550171] pci 0000:00:18.1:   IO window: 0xb000-0xbfff
[    0.550199] pci 0000:00:18.1:   MEM window: 0xcab00000-0xcabfffff
[    0.550235] pci 0000:00:18.1:   PREFETCH window: 0x000000d9100000-0x000000d91fffff
[    0.550285] pci 0000:00:18.2: PCI bridge, secondary bus 0000:1d
[    0.550295] pci 0000:00:18.2:   IO window: 0xf000-0xffff
[    0.550323] pci 0000:00:18.2:   MEM window: 0xcaf00000-0xcaffffff
[    0.550342] pci 0000:00:18.2:   PREFETCH window: 0x000000d9500000-0x000000d95fffff
[    0.550382] pci 0000:00:18.3: PCI bridge, secondary bus 0000:1e
[    0.550383] pci 0000:00:18.3:   IO window: disabled
[    0.550411] pci 0000:00:18.3:   MEM window: 0xcb300000-0xcb3fffff
[    0.550430] pci 0000:00:18.3:   PREFETCH window: 0x000000d9900000-0x000000d99fffff
[    0.550469] pci 0000:00:18.4: PCI bridge, secondary bus 0000:1f
[    0.550471] pci 0000:00:18.4:   IO window: disabled
[    0.550499] pci 0000:00:18.4:   MEM window: 0xcb700000-0xcb7fffff
[    0.550518] pci 0000:00:18.4:   PREFETCH window: 0x000000d9d00000-0x000000d9dfffff
[    0.550557] pci 0000:00:18.5: PCI bridge, secondary bus 0000:20
[    0.550559] pci 0000:00:18.5:   IO window: disabled
[    0.550586] pci 0000:00:18.5:   MEM window: 0xcbb00000-0xcbbfffff
[    0.550605] pci 0000:00:18.5:   PREFETCH window: 0x000000da100000-0x000000da1fffff
[    0.550645] pci 0000:00:18.6: PCI bridge, secondary bus 0000:21
[    0.550646] pci 0000:00:18.6:   IO window: disabled
[    0.550674] pci 0000:00:18.6:   MEM window: 0xcbf00000-0xcbffffff
[    0.550693] pci 0000:00:18.6:   PREFETCH window: 0x000000da500000-0x000000da5fffff
[    0.550733] pci 0000:00:18.7: PCI bridge, secondary bus 0000:22
[    0.550734] pci 0000:00:18.7:   IO window: disabled
[    0.550762] pci 0000:00:18.7:   MEM window: 0xcc300000-0xcc3fffff
[    0.550781] pci 0000:00:18.7:   PREFETCH window: 0x000000da900000-0x000000da9fffff
[    0.550850] pci 0000:00:01.0: setting latency timer to 64
[    0.550940] pci 0000:00:15.0: setting latency timer to 64
[    0.551002] pci 0000:00:15.1: setting latency timer to 64
[    0.551064] pci 0000:00:15.2: setting latency timer to 64
[    0.551126] pci 0000:00:15.3: setting latency timer to 64
[    0.551188] pci 0000:00:15.4: setting latency timer to 64
[    0.551274] pci 0000:00:15.5: setting latency timer to 64
[    0.551337] pci 0000:00:15.6: setting latency timer to 64
[    0.551398] pci 0000:00:15.7: setting latency timer to 64
[    0.551460] pci 0000:00:16.0: setting latency timer to 64
[    0.551522] pci 0000:00:16.1: setting latency timer to 64
[    0.551584] pci 0000:00:16.2: setting latency timer to 64
[    0.551646] pci 0000:00:16.3: setting latency timer to 64
[    0.551707] pci 0000:00:16.4: setting latency timer to 64
[    0.551769] pci 0000:00:16.5: setting latency timer to 64
[    0.551842] pci 0000:00:16.6: setting latency timer to 64
[    0.551908] pci 0000:00:16.7: setting latency timer to 64
[    0.551974] pci 0000:00:17.0: setting latency timer to 64
[    0.552041] pci 0000:00:17.1: setting latency timer to 64
[    0.552107] pci 0000:00:17.2: setting latency timer to 64
[    0.552173] pci 0000:00:17.3: setting latency timer to 64
[    0.552258] pci 0000:00:17.4: setting latency timer to 64
[    0.552324] pci 0000:00:17.5: setting latency timer to 64
[    0.552391] pci 0000:00:17.6: setting latency timer to 64
[    0.552457] pci 0000:00:17.7: setting latency timer to 64
[    0.552524] pci 0000:00:18.0: setting latency timer to 64
[    0.552590] pci 0000:00:18.1: setting latency timer to 64
[    0.552656] pci 0000:00:18.2: setting latency timer to 64
[    0.552722] pci 0000:00:18.3: setting latency timer to 64
[    0.552789] pci 0000:00:18.4: setting latency timer to 64
[    0.552855] pci 0000:00:18.5: setting latency timer to 64
[    0.552921] pci 0000:00:18.6: setting latency timer to 64
[    0.552987] pci 0000:00:18.7: setting latency timer to 64
[    0.552999] pci_bus 0000:00: resource 0 io:  [0x00-0xffff]
[    0.553002] pci_bus 0000:00: resource 1 mem: [0x000000-0xffffffffffffffff]
[    0.553004] pci_bus 0000:02: resource 0 io:  [0x2000-0x3fff]
[    0.553006] pci_bus 0000:02: resource 1 mem: [0xc9000000-0xca3fffff]
[    0.553008] pci_bus 0000:02: resource 2 pref mem [0xd8400000-0xd89fffff]
[    0.553010] pci_bus 0000:02: resource 3 io:  [0x00-0xffff]
[    0.553012] pci_bus 0000:02: resource 4 mem: [0x000000-0xffffffffffffffff]
[    0.553014] pci_bus 0000:03: resource 0 io:  [0x4000-0x4fff]
[    0.553016] pci_bus 0000:03: resource 1 mem: [0xca400000-0xca4fffff]
[    0.553018] pci_bus 0000:03: resource 2 pref mem [0xd8a00000-0xd8afffff]
[    0.553020] pci_bus 0000:04: resource 0 io:  [0x8000-0x8fff]
[    0.553022] pci_bus 0000:04: resource 1 mem: [0xca800000-0xca8fffff]
[    0.553024] pci_bus 0000:04: resource 2 pref mem [0xd8e00000-0xd8efffff]
[    0.553026] pci_bus 0000:05: resource 0 io:  [0xc000-0xcfff]
[    0.553028] pci_bus 0000:05: resource 1 mem: [0xcac00000-0xcacfffff]
[    0.553030] pci_bus 0000:05: resource 2 pref mem [0xd9200000-0xd92fffff]
[    0.553032] pci_bus 0000:06: resource 1 mem: [0xcb000000-0xcb0fffff]
[    0.553034] pci_bus 0000:06: resource 2 pref mem [0xd9600000-0xd96fffff]
[    0.553036] pci_bus 0000:07: resource 1 mem: [0xcb400000-0xcb4fffff]
[    0.553038] pci_bus 0000:07: resource 2 pref mem [0xd9a00000-0xd9afffff]
[    0.553040] pci_bus 0000:08: resource 1 mem: [0xcb800000-0xcb8fffff]
[    0.553041] pci_bus 0000:08: resource 2 pref mem [0xd9e00000-0xd9efffff]
[    0.553043] pci_bus 0000:09: resource 1 mem: [0xcbc00000-0xcbcfffff]
[    0.553045] pci_bus 0000:09: resource 2 pref mem [0xda200000-0xda2fffff]
[    0.553047] pci_bus 0000:0a: resource 1 mem: [0xcc000000-0xcc0fffff]
[    0.553049] pci_bus 0000:0a: resource 2 pref mem [0xda600000-0xda6fffff]
[    0.553051] pci_bus 0000:0b: resource 0 io:  [0x5000-0x5fff]
[    0.553053] pci_bus 0000:0b: resource 1 mem: [0xca500000-0xca5fffff]
[    0.553055] pci_bus 0000:0b: resource 2 pref mem [0xd8b00000-0xd8bfffff]
[    0.553057] pci_bus 0000:0c: resource 0 io:  [0x9000-0x9fff]
[    0.553059] pci_bus 0000:0c: resource 1 mem: [0xca900000-0xca9fffff]
[    0.553061] pci_bus 0000:0c: resource 2 pref mem [0xd8f00000-0xd8ffffff]
[    0.553062] pci_bus 0000:0d: resource 0 io:  [0xd000-0xdfff]
[    0.553064] pci_bus 0000:0d: resource 1 mem: [0xcad00000-0xcadfffff]
[    0.553066] pci_bus 0000:0d: resource 2 pref mem [0xd9300000-0xd93fffff]
[    0.553068] pci_bus 0000:0e: resource 1 mem: [0xcb100000-0xcb1fffff]
[    0.553070] pci_bus 0000:0e: resource 2 pref mem [0xd9700000-0xd97fffff]
[    0.553072] pci_bus 0000:0f: resource 1 mem: [0xcb500000-0xcb5fffff]
[    0.553074] pci_bus 0000:0f: resource 2 pref mem [0xd9b00000-0xd9bfffff]
[    0.553076] pci_bus 0000:10: resource 1 mem: [0xcb900000-0xcb9fffff]
[    0.553078] pci_bus 0000:10: resource 2 pref mem [0xd9f00000-0xd9ffffff]
[    0.553080] pci_bus 0000:11: resource 1 mem: [0xcbd00000-0xcbdfffff]
[    0.553082] pci_bus 0000:11: resource 2 pref mem [0xda300000-0xda3fffff]
[    0.553084] pci_bus 0000:12: resource 1 mem: [0xcc100000-0xcc1fffff]
[    0.553086] pci_bus 0000:12: resource 2 pref mem [0xda700000-0xda7fffff]
[    0.553088] pci_bus 0000:13: resource 0 io:  [0x6000-0x6fff]
[    0.553090] pci_bus 0000:13: resource 1 mem: [0xca600000-0xca6fffff]
[    0.553091] pci_bus 0000:13: resource 2 pref mem [0xd8c00000-0xd8cfffff]
[    0.553093] pci_bus 0000:14: resource 0 io:  [0xa000-0xafff]
[    0.553095] pci_bus 0000:14: resource 1 mem: [0xcaa00000-0xcaafffff]
[    0.553097] pci_bus 0000:14: resource 2 pref mem [0xd9000000-0xd90fffff]
[    0.553099] pci_bus 0000:15: resource 0 io:  [0xe000-0xefff]
[    0.553101] pci_bus 0000:15: resource 1 mem: [0xcae00000-0xcaefffff]
[    0.553103] pci_bus 0000:15: resource 2 pref mem [0xd9400000-0xd94fffff]
[    0.553105] pci_bus 0000:16: resource 1 mem: [0xcb200000-0xcb2fffff]
[    0.553107] pci_bus 0000:16: resource 2 pref mem [0xd9800000-0xd98fffff]
[    0.553109] pci_bus 0000:17: resource 1 mem: [0xcb600000-0xcb6fffff]
[    0.553111] pci_bus 0000:17: resource 2 pref mem [0xd9c00000-0xd9cfffff]
[    0.553113] pci_bus 0000:18: resource 1 mem: [0xcba00000-0xcbafffff]
[    0.553114] pci_bus 0000:18: resource 2 pref mem [0xda000000-0xda0fffff]
[    0.553116] pci_bus 0000:19: resource 1 mem: [0xcbe00000-0xcbefffff]
[    0.553118] pci_bus 0000:19: resource 2 pref mem [0xda400000-0xda4fffff]
[    0.553120] pci_bus 0000:1a: resource 1 mem: [0xcc200000-0xcc2fffff]
[    0.553122] pci_bus 0000:1a: resource 2 pref mem [0xda800000-0xda8fffff]
[    0.553124] pci_bus 0000:1b: resource 0 io:  [0x7000-0x7fff]
[    0.553126] pci_bus 0000:1b: resource 1 mem: [0xca700000-0xca7fffff]
[    0.553128] pci_bus 0000:1b: resource 2 pref mem [0xd8d00000-0xd8dfffff]
[    0.553130] pci_bus 0000:1c: resource 0 io:  [0xb000-0xbfff]
[    0.553132] pci_bus 0000:1c: resource 1 mem: [0xcab00000-0xcabfffff]
[    0.553134] pci_bus 0000:1c: resource 2 pref mem [0xd9100000-0xd91fffff]
[    0.553136] pci_bus 0000:1d: resource 0 io:  [0xf000-0xffff]
[    0.553137] pci_bus 0000:1d: resource 1 mem: [0xcaf00000-0xcaffffff]
[    0.553139] pci_bus 0000:1d: resource 2 pref mem [0xd9500000-0xd95fffff]
[    0.553141] pci_bus 0000:1e: resource 1 mem: [0xcb300000-0xcb3fffff]
[    0.553143] pci_bus 0000:1e: resource 2 pref mem [0xd9900000-0xd99fffff]
[    0.553145] pci_bus 0000:1f: resource 1 mem: [0xcb700000-0xcb7fffff]
[    0.553147] pci_bus 0000:1f: resource 2 pref mem [0xd9d00000-0xd9dfffff]
[    0.553149] pci_bus 0000:20: resource 1 mem: [0xcbb00000-0xcbbfffff]
[    0.553151] pci_bus 0000:20: resource 2 pref mem [0xda100000-0xda1fffff]
[    0.553153] pci_bus 0000:21: resource 1 mem: [0xcbf00000-0xcbffffff]
[    0.553155] pci_bus 0000:21: resource 2 pref mem [0xda500000-0xda5fffff]
[    0.553157] pci_bus 0000:22: resource 1 mem: [0xcc300000-0xcc3fffff]
[    0.553159] pci_bus 0000:22: resource 2 pref mem [0xda900000-0xda9fffff]
[    0.553183] NET: Registered protocol family 2
[    0.553209] RANDOM - __random32 called. Change num 7.  Value: 647ba296	db0e5c1d	6de96f10
[    0.553212] RANDOM - random32 called.  Value: 647ba296	db0e5c1d	6de96f10
[    0.553221] random 0000 0000 0000 00000000 00000000: rand_read_num 2 get_random_bytes(4): sig fffffe1a 00000000 00000000
[    0.553223] random 0000 0000 0000 00000000 00000000: extract_entropy(.. 4 ..)
[    0.553226] random 0000 0000 0000 00000000 00000000: going to reseed nonblocking with 64 bits (32 of 0 requested)
[    0.553228] random 0000 0000 0000 00000000 00000000: extract_entropy(.. 8 ..)
[    0.553231] random 0000 0000 0000 00000000 00000000: trying to extract 64 bits from input
[    0.553233] random 0000 0000 0000 00000000 00000000: debiting 0 entropy credits from input
[    0.553235] random 0000 0000 0000 00000000 00000000: extract_entropy account returned: 0 
[    0.553238] random 0000 0000 0000 00000000 00000000: urand_change_num 3 xfer_secondary_pool(4): pool_sig fffffe1a, data_sig 00000000, bytes_mixed 0 00000000 00000000
[    0.553241] random 0000 0000 0000 00000000 00000000: trying to extract 32 bits from nonblocking
[    0.553244] random 0000 0000 0000 00000000 00000000: debiting 32 entropy credits from nonblocking (unlimited)
[    0.553246] random 0000 0000 0000 00000000 00000000: extract_entropy account returned: 4 
[    0.553250] random 0000 0000 0000 00000000 00000000: urand_change_num 4 extract_buf: pool_sig fffffe1a, data_sig fffffed7, bytes_mixed 20 00000000 00000000
[    0.553281] IP route cache hash table entries: 32768 (order: 5, 131072 bytes)
[    0.553375] RANDOM - __random32 called. Change num 8.  Value: ba296205	b0e5c1db	de205442
[    0.553377] RANDOM - random32 called.  Value: ba296205	b0e5c1db	de205442
[    0.553437] RANDOM - __random32 called. Change num 9.  Value: 962052cd	e5c1db9	a885e45e
[    0.553439] RANDOM - random32 called.  Value: 962052cd	e5c1db9	a885e45e
[    0.553442] RANDOM - __random32 called. Change num 10.  Value: 52cd38f	e5c1db9b	c8bd9558
[    0.553444] RANDOM - random32 called.  Value: 52cd38f	e5c1db9b	c8bd9558
[    0.553467] RANDOM - __random32 called. Change num 11.  Value: cd38f3eb	5c1db9b9	2ab1aa27
[    0.553469] RANDOM - random32 called.  Value: cd38f3eb	5c1db9b9	2ab1aa27
[    0.553479] TCP established hash table entries: 131072 (order: 8, 1048576 bytes)
[    0.553579] TCP bind hash table entries: 65536 (order: 7, 524288 bytes)
[    0.553679] TCP: Hash tables configured (established 131072 bind 65536)
[    0.553682] TCP reno registered
[    0.553718] NET: Registered protocol family 1
[    0.553727] pci 0000:00:00.0: Limiting direct PCI/PCI transfers
[    0.553749] pci 0000:00:0f.0: Boot video device
[    0.553845] Trying to unpack rootfs image as initramfs...
[    1.644395] Freeing initrd memory: 83430k freed
[    1.648407] Simple Boot Flag at 0x36 set to 0x1
[    1.648452] cpufreq-nforce2: No nForce2 chipset.
[    1.648465] Scanning for low memory corruption every 60 seconds
[    1.648605] audit: initializing netlink socket (disabled)
[    1.648613] type=2000 audit(1369433373.636:1): initialized
[    1.652508] highmem bounce pool size: 64 pages
[    1.652512] HugeTLB registered 2 MB page size, pre-allocated 0 pages
[    1.652608] VFS: Disk quotas dquot_6.5.2
[    1.652640] Dquot-cache hash table entries: 1024 (order 0, 4096 bytes)
[    1.652720] fuse init (API version 7.13)
[    1.652765] msgmni has been set to 1729
[    1.653042] alg: No test for stdrng (krng)
[    1.653078] Block layer SCSI generic (bsg) driver version 0.4 loaded (major 253)
[    1.653081] io scheduler noop registered
[    1.653082] io scheduler anticipatory registered
[    1.653084] io scheduler deadline registered
[    1.653105] io scheduler cfq registered (default)
[    1.653150]   alloc irq_desc for 24 on node -1
[    1.653152]   alloc kstat_irqs on node -1
[    1.653198] pcieport 0000:00:15.0: irq 24 for MSI/MSI-X
[    1.653243] pcieport 0000:00:15.0: setting latency timer to 64
[    1.653288]   alloc irq_desc for 25 on node -1
[    1.653290]   alloc kstat_irqs on node -1
[    1.653335] pcieport 0000:00:15.1: irq 25 for MSI/MSI-X
[    1.653381] pcieport 0000:00:15.1: setting latency timer to 64
[    1.653426]   alloc irq_desc for 26 on node -1
[    1.653428]   alloc kstat_irqs on node -1
[    1.653473] pcieport 0000:00:15.2: irq 26 for MSI/MSI-X
[    1.653518] pcieport 0000:00:15.2: setting latency timer to 64
[    1.653564]   alloc irq_desc for 27 on node -1
[    1.653566]   alloc kstat_irqs on node -1
[    1.653611] pcieport 0000:00:15.3: irq 27 for MSI/MSI-X
[    1.653656] pcieport 0000:00:15.3: setting latency timer to 64
[    1.653701]   alloc irq_desc for 28 on node -1
[    1.653703]   alloc kstat_irqs on node -1
[    1.653748] pcieport 0000:00:15.4: irq 28 for MSI/MSI-X
[    1.653794] pcieport 0000:00:15.4: setting latency timer to 64
[    1.653839]   alloc irq_desc for 29 on node -1
[    1.653841]   alloc kstat_irqs on node -1
[    1.653886] pcieport 0000:00:15.5: irq 29 for MSI/MSI-X
[    1.653931] pcieport 0000:00:15.5: setting latency timer to 64
[    1.653976]   alloc irq_desc for 30 on node -1
[    1.653978]   alloc kstat_irqs on node -1
[    1.654024] pcieport 0000:00:15.6: irq 30 for MSI/MSI-X
[    1.654069] pcieport 0000:00:15.6: setting latency timer to 64
[    1.654114]   alloc irq_desc for 31 on node -1
[    1.654116]   alloc kstat_irqs on node -1
[    1.654161] pcieport 0000:00:15.7: irq 31 for MSI/MSI-X
[    1.654206] pcieport 0000:00:15.7: setting latency timer to 64
[    1.654252]   alloc irq_desc for 32 on node -1
[    1.654255]   alloc kstat_irqs on node -1
[    1.654300] pcieport 0000:00:16.0: irq 32 for MSI/MSI-X
[    1.654345] pcieport 0000:00:16.0: setting latency timer to 64
[    1.654391]   alloc irq_desc for 33 on node -1
[    1.654393]   alloc kstat_irqs on node -1
[    1.654438] pcieport 0000:00:16.1: irq 33 for MSI/MSI-X
[    1.654483] pcieport 0000:00:16.1: setting latency timer to 64
[    1.654528]   alloc irq_desc for 34 on node -1
[    1.654530]   alloc kstat_irqs on node -1
[    1.654576] pcieport 0000:00:16.2: irq 34 for MSI/MSI-X
[    1.654621] pcieport 0000:00:16.2: setting latency timer to 64
[    1.654666]   alloc irq_desc for 35 on node -1
[    1.654668]   alloc kstat_irqs on node -1
[    1.654713] pcieport 0000:00:16.3: irq 35 for MSI/MSI-X
[    1.654759] pcieport 0000:00:16.3: setting latency timer to 64
[    1.654804]   alloc irq_desc for 36 on node -1
[    1.654806]   alloc kstat_irqs on node -1
[    1.654851] pcieport 0000:00:16.4: irq 36 for MSI/MSI-X
[    1.654896] pcieport 0000:00:16.4: setting latency timer to 64
[    1.654942]   alloc irq_desc for 37 on node -1
[    1.654944]   alloc kstat_irqs on node -1
[    1.654989] pcieport 0000:00:16.5: irq 37 for MSI/MSI-X
[    1.655034] pcieport 0000:00:16.5: setting latency timer to 64
[    1.655079]   alloc irq_desc for 38 on node -1
[    1.655081]   alloc kstat_irqs on node -1
[    1.655127] pcieport 0000:00:16.6: irq 38 for MSI/MSI-X
[    1.655172] pcieport 0000:00:16.6: setting latency timer to 64
[    1.656354]   alloc irq_desc for 39 on node -1
[    1.656356]   alloc kstat_irqs on node -1
[    1.656401] pcieport 0000:00:16.7: irq 39 for MSI/MSI-X
[    1.656446] pcieport 0000:00:16.7: setting latency timer to 64
[    1.656531]   alloc irq_desc for 40 on node -1
[    1.656533]   alloc kstat_irqs on node -1
[    1.656578] pcieport 0000:00:17.0: irq 40 for MSI/MSI-X
[    1.656623] pcieport 0000:00:17.0: setting latency timer to 64
[    1.656668]   alloc irq_desc for 41 on node -1
[    1.656670]   alloc kstat_irqs on node -1
[    1.656715] pcieport 0000:00:17.1: irq 41 for MSI/MSI-X
[    1.656761] pcieport 0000:00:17.1: setting latency timer to 64
[    1.656806]   alloc irq_desc for 42 on node -1
[    1.656808]   alloc kstat_irqs on node -1
[    1.656853] pcieport 0000:00:17.2: irq 42 for MSI/MSI-X
[    1.656898] pcieport 0000:00:17.2: setting latency timer to 64
[    1.656944]   alloc irq_desc for 43 on node -1
[    1.656946]   alloc kstat_irqs on node -1
[    1.656991] pcieport 0000:00:17.3: irq 43 for MSI/MSI-X
[    1.657036] pcieport 0000:00:17.3: setting latency timer to 64
[    1.657081]   alloc irq_desc for 44 on node -1
[    1.657083]   alloc kstat_irqs on node -1
[    1.657128] pcieport 0000:00:17.4: irq 44 for MSI/MSI-X
[    1.657174] pcieport 0000:00:17.4: setting latency timer to 64
[    1.657219]   alloc irq_desc for 45 on node -1
[    1.657221]   alloc kstat_irqs on node -1
[    1.657266] pcieport 0000:00:17.5: irq 45 for MSI/MSI-X
[    1.657311] pcieport 0000:00:17.5: setting latency timer to 64
[    1.657357]   alloc irq_desc for 46 on node -1
[    1.657358]   alloc kstat_irqs on node -1
[    1.657404] pcieport 0000:00:17.6: irq 46 for MSI/MSI-X
[    1.657449] pcieport 0000:00:17.6: setting latency timer to 64
[    1.657494]   alloc irq_desc for 47 on node -1
[    1.657496]   alloc kstat_irqs on node -1
[    1.657542] pcieport 0000:00:17.7: irq 47 for MSI/MSI-X
[    1.657587] pcieport 0000:00:17.7: setting latency timer to 64
[    1.657632]   alloc irq_desc for 48 on node -1
[    1.657634]   alloc kstat_irqs on node -1
[    1.657680] pcieport 0000:00:18.0: irq 48 for MSI/MSI-X
[    1.657725] pcieport 0000:00:18.0: setting latency timer to 64
[    1.657770]   alloc irq_desc for 49 on node -1
[    1.657772]   alloc kstat_irqs on node -1
[    1.657817] pcieport 0000:00:18.1: irq 49 for MSI/MSI-X
[    1.657862] pcieport 0000:00:18.1: setting latency timer to 64
[    1.657908]   alloc irq_desc for 50 on node -1
[    1.657910]   alloc kstat_irqs on node -1
[    1.657955] pcieport 0000:00:18.2: irq 50 for MSI/MSI-X
[    1.658000] pcieport 0000:00:18.2: setting latency timer to 64
[    1.658045]   alloc irq_desc for 51 on node -1
[    1.658047]   alloc kstat_irqs on node -1
[    1.658093] pcieport 0000:00:18.3: irq 51 for MSI/MSI-X
[    1.658138] pcieport 0000:00:18.3: setting latency timer to 64
[    1.658183]   alloc irq_desc for 52 on node -1
[    1.658185]   alloc kstat_irqs on node -1
[    1.658230] pcieport 0000:00:18.4: irq 52 for MSI/MSI-X
[    1.658276] pcieport 0000:00:18.4: setting latency timer to 64
[    1.658321]   alloc irq_desc for 53 on node -1
[    1.658323]   alloc kstat_irqs on node -1
[    1.658368] pcieport 0000:00:18.5: irq 53 for MSI/MSI-X
[    1.658413] pcieport 0000:00:18.5: setting latency timer to 64
[    1.658458]   alloc irq_desc for 54 on node -1
[    1.658460]   alloc kstat_irqs on node -1
[    1.658506] pcieport 0000:00:18.6: irq 54 for MSI/MSI-X
[    1.658551] pcieport 0000:00:18.6: setting latency timer to 64
[    1.658596]   alloc irq_desc for 55 on node -1
[    1.658598]   alloc kstat_irqs on node -1
[    1.658643] pcieport 0000:00:18.7: irq 55 for MSI/MSI-X
[    1.658689] pcieport 0000:00:18.7: setting latency timer to 64
[    1.658734] pci_hotplug: PCI Hot Plug PCI Core version: 0.5
[    1.660453] pciehp 0000:00:15.0:pcie04: HPC vendor_id 15ad device_id 7a0 ss_vid 0 ss_did 0
[    1.660498] pciehp 0000:00:15.0:pcie04: service driver pciehp loaded
[    1.660543] pciehp 0000:00:15.1:pcie04: HPC vendor_id 15ad device_id 7a0 ss_vid 0 ss_did 0
[    1.660589] pciehp 0000:00:15.1:pcie04: service driver pciehp loaded
[    1.660634] pciehp 0000:00:15.2:pcie04: HPC vendor_id 15ad device_id 7a0 ss_vid 0 ss_did 0
[    1.660679] pciehp 0000:00:15.2:pcie04: service driver pciehp loaded
[    1.660724] pciehp 0000:00:15.3:pcie04: HPC vendor_id 15ad device_id 7a0 ss_vid 0 ss_did 0
[    1.660770] pciehp 0000:00:15.3:pcie04: service driver pciehp loaded
[    1.660815] pciehp 0000:00:15.4:pcie04: HPC vendor_id 15ad device_id 7a0 ss_vid 0 ss_did 0
[    1.660860] pciehp 0000:00:15.4:pcie04: service driver pciehp loaded
[    1.660905] pciehp 0000:00:15.5:pcie04: HPC vendor_id 15ad device_id 7a0 ss_vid 0 ss_did 0
[    1.660950] pciehp 0000:00:15.5:pcie04: service driver pciehp loaded
[    1.660996] pciehp 0000:00:15.6:pcie04: HPC vendor_id 15ad device_id 7a0 ss_vid 0 ss_did 0
[    1.661041] pciehp 0000:00:15.6:pcie04: service driver pciehp loaded
[    1.661086] pciehp 0000:00:15.7:pcie04: HPC vendor_id 15ad device_id 7a0 ss_vid 0 ss_did 0
[    1.661131] pciehp 0000:00:15.7:pcie04: service driver pciehp loaded
[    1.661177] pciehp 0000:00:16.0:pcie04: HPC vendor_id 15ad device_id 7a0 ss_vid 0 ss_did 0
[    1.661222] pciehp 0000:00:16.0:pcie04: service driver pciehp loaded
[    1.661267] pciehp 0000:00:16.1:pcie04: HPC vendor_id 15ad device_id 7a0 ss_vid 0 ss_did 0
[    1.661312] pciehp 0000:00:16.1:pcie04: service driver pciehp loaded
[    1.661357] pciehp 0000:00:16.2:pcie04: HPC vendor_id 15ad device_id 7a0 ss_vid 0 ss_did 0
[    1.661403] pciehp 0000:00:16.2:pcie04: service driver pciehp loaded
[    1.661448] pciehp 0000:00:16.3:pcie04: HPC vendor_id 15ad device_id 7a0 ss_vid 0 ss_did 0
[    1.661493] pciehp 0000:00:16.3:pcie04: service driver pciehp loaded
[    1.661538] pciehp 0000:00:16.4:pcie04: HPC vendor_id 15ad device_id 7a0 ss_vid 0 ss_did 0
[    1.661584] pciehp 0000:00:16.4:pcie04: service driver pciehp loaded
[    1.661629] pciehp 0000:00:16.5:pcie04: HPC vendor_id 15ad device_id 7a0 ss_vid 0 ss_did 0
[    1.661674] pciehp 0000:00:16.5:pcie04: service driver pciehp loaded
[    1.661719] pciehp 0000:00:16.6:pcie04: HPC vendor_id 15ad device_id 7a0 ss_vid 0 ss_did 0
[    1.661764] pciehp 0000:00:16.6:pcie04: service driver pciehp loaded
[    1.661810] pciehp 0000:00:16.7:pcie04: HPC vendor_id 15ad device_id 7a0 ss_vid 0 ss_did 0
[    1.661855] pciehp 0000:00:16.7:pcie04: service driver pciehp loaded
[    1.661900] pciehp 0000:00:17.0:pcie04: HPC vendor_id 15ad device_id 7a0 ss_vid 0 ss_did 0
[    1.661945] pciehp 0000:00:17.0:pcie04: service driver pciehp loaded
[    1.661991] pciehp 0000:00:17.1:pcie04: HPC vendor_id 15ad device_id 7a0 ss_vid 0 ss_did 0
[    1.662036] pciehp 0000:00:17.1:pcie04: service driver pciehp loaded
[    1.662081] pciehp 0000:00:17.2:pcie04: HPC vendor_id 15ad device_id 7a0 ss_vid 0 ss_did 0
[    1.662126] pciehp 0000:00:17.2:pcie04: service driver pciehp loaded
[    1.662171] pciehp 0000:00:17.3:pcie04: HPC vendor_id 15ad device_id 7a0 ss_vid 0 ss_did 0
[    1.662217] pciehp 0000:00:17.3:pcie04: service driver pciehp loaded
[    1.662262] pciehp 0000:00:17.4:pcie04: HPC vendor_id 15ad device_id 7a0 ss_vid 0 ss_did 0
[    1.662307] pciehp 0000:00:17.4:pcie04: service driver pciehp loaded
[    1.662352] pciehp 0000:00:17.5:pcie04: HPC vendor_id 15ad device_id 7a0 ss_vid 0 ss_did 0
[    1.662398] pciehp 0000:00:17.5:pcie04: service driver pciehp loaded
[    1.662443] pciehp 0000:00:17.6:pcie04: HPC vendor_id 15ad device_id 7a0 ss_vid 0 ss_did 0
[    1.662488] pciehp 0000:00:17.6:pcie04: service driver pciehp loaded
[    1.662533] pciehp 0000:00:17.7:pcie04: HPC vendor_id 15ad device_id 7a0 ss_vid 0 ss_did 0
[    1.662579] pciehp 0000:00:17.7:pcie04: service driver pciehp loaded
[    1.662624] pciehp 0000:00:18.0:pcie04: HPC vendor_id 15ad device_id 7a0 ss_vid 0 ss_did 0
[    1.662669] pciehp 0000:00:18.0:pcie04: service driver pciehp loaded
[    1.662714] pciehp 0000:00:18.1:pcie04: HPC vendor_id 15ad device_id 7a0 ss_vid 0 ss_did 0
[    1.662759] pciehp 0000:00:18.1:pcie04: service driver pciehp loaded
[    1.662805] pciehp 0000:00:18.2:pcie04: HPC vendor_id 15ad device_id 7a0 ss_vid 0 ss_did 0
[    1.662850] pciehp 0000:00:18.2:pcie04: service driver pciehp loaded
[    1.662895] pciehp 0000:00:18.3:pcie04: HPC vendor_id 15ad device_id 7a0 ss_vid 0 ss_did 0
[    1.662940] pciehp 0000:00:18.3:pcie04: service driver pciehp loaded
[    1.662986] pciehp 0000:00:18.4:pcie04: HPC vendor_id 15ad device_id 7a0 ss_vid 0 ss_did 0
[    1.663031] pciehp 0000:00:18.4:pcie04: service driver pciehp loaded
[    1.663076] pciehp 0000:00:18.5:pcie04: HPC vendor_id 15ad device_id 7a0 ss_vid 0 ss_did 0
[    1.663121] pciehp 0000:00:18.5:pcie04: service driver pciehp loaded
[    1.663166] pciehp 0000:00:18.6:pcie04: HPC vendor_id 15ad device_id 7a0 ss_vid 0 ss_did 0
[    1.663212] pciehp 0000:00:18.6:pcie04: service driver pciehp loaded
[    1.663257] pciehp 0000:00:18.7:pcie04: HPC vendor_id 15ad device_id 7a0 ss_vid 0 ss_did 0
[    1.663302] pciehp 0000:00:18.7:pcie04: service driver pciehp loaded
[    1.663310] pciehp: PCI Express Hot Plug Controller Driver version: 0.4
[    1.663360] ACPI: AC Adapter [ACAD] (on-line)
[    1.663414] input: Power Button as /devices/LNXSYSTM:00/LNXPWRBN:00/input/input0
[    1.663417] ACPI: Power Button [PWRF]
[    1.663462] processor LNXCPU:00: registered as cooling_device0
[    1.704339] isapnp: Scanning for PnP cards...
[    2.057880] isapnp: No Plug & Play device found
[    2.057912] random 0000 0000 0000 5f8db4e5 4cfdf2a8: initializing
[    2.058039] Linux agpgart interface v0.103
[    2.058080] agpgart-intel 0000:00:00.0: Intel 440BX Chipset
[    2.058133] agpgart-intel 0000:00:00.0: AGP aperture is 256M @ 0x0
[    2.058165] Serial: 8250/16550 driver, 32 ports, IRQ sharing enabled
[    2.058218] serial8250: ttyS0 at I/O 0x3f8 (irq = 4) is a 16550A
[    2.058270] serial8250: ttyS1 at I/O 0x2f8 (irq = 3) is a 16550A
[    2.058323] 00:0a: ttyS0 at I/O 0x3f8 (irq = 4) is a 16550A
[    2.058376] 00:0b: ttyS1 at I/O 0x2f8 (irq = 3) is a 16550A
[    2.058429] brd: module loaded
[    2.058482] loop: module loaded
[    2.058534] ata_piix 0000:00:07.1: version 2.13
[    2.058617] scsi0 : ata_piix
[    2.058666] scsi1 : ata_piix
[    2.058686] ata1: PATA max UDMA/33 cmd 0x1f0 ctl 0x3f6 bmdma 0x10c0 irq 14
[    2.058688] ata2: PATA max UDMA/33 cmd 0x170 ctl 0x376 bmdma 0x10c8 irq 15
[    2.058738] PPP generic driver version 2.4.2
[    2.058758] tun: Universal TUN/TAP device driver, 1.6
[    2.058760] tun: (C) 1999-2004 Max Krasnyansky <maxk@qualcomm.com>
[    2.058813] ehci_hcd: USB 2.0 'Enhanced' Host Controller (EHCI) Driver
[    2.058866] ACPI: PCI Interrupt Link [LNKB] enabled at IRQ 11
[    2.058868] PCI: setting IRQ 11 as level-triggered
[    2.058876] ehci_hcd 0000:02:03.0: PCI INT A -> Link[LNKB] -> GSI 11 (level, low) -> IRQ 11
[    2.058925] ehci_hcd 0000:02:03.0: EHCI Host Controller
[    2.058958] ehci_hcd 0000:02:03.0: new USB bus registered, assigned bus number 1
[    2.059011] ehci_hcd 0000:02:03.0: cache line size of 32 is not supported
[    2.059020] ehci_hcd 0000:02:03.0: irq 11, io mem 0xc9000000
[    2.059334] random 0000 0000 0000 00000000 00000000: rand_read_num 3 get_random_bytes(8): sig 00000000 00000000 00000000
[    2.059337] random 0000 0000 0000 00000000 00000000: extract_entropy(.. 8 ..)
[    2.059340] random 0000 0000 0000 00000000 00000000: going to reseed nonblocking with 64 bits (64 of 0 requested)
[    2.059342] random 0000 0000 0000 00000000 00000000: extract_entropy(.. 8 ..)
[    2.059345] random 0000 0000 0000 00000000 00000000: trying to extract 64 bits from input
[    2.059347] random 0000 0000 0000 00000000 00000000: debiting 0 entropy credits from input
[    2.059349] random 0000 0000 0000 00000000 00000000: extract_entropy account returned: 0 
[    2.059352] random 0000 0000 0000 00000000 00000000: urand_change_num 5 xfer_secondary_pool(8): pool_sig 00000000, data_sig 00000000, bytes_mixed 0 00000000 00000000
[    2.059355] random 0000 0000 0000 00000000 00000000: trying to extract 64 bits from nonblocking
[    2.059358] random 0000 0000 0000 00000000 00000000: debiting 64 entropy credits from nonblocking (unlimited)
[    2.059360] random 0000 0000 0000 00000000 00000000: extract_entropy account returned: 8 
[    2.059364] random 0000 0000 0000 00000000 00000000: urand_change_num 6 extract_buf: pool_sig 00000000, data_sig fffffff9, bytes_mixed 20 00000000 00000000
[    2.067799] ehci_hcd 0000:02:03.0: USB 2.0 started, EHCI 1.00
[    2.067852] usb usb1: configuration #1 chosen from 1 choice
[    2.067872] hub 1-0:1.0: USB hub found
[    2.067877] hub 1-0:1.0: 6 ports detected
[    2.067912] ohci_hcd: USB 1.1 'Open' Host Controller (OHCI) Driver
[    2.067923] uhci_hcd: USB Universal Host Controller Interface driver
[    2.067976] ACPI: PCI Interrupt Link [LNKC] enabled at IRQ 10
[    2.067978] PCI: setting IRQ 10 as level-triggered
[    2.067982] uhci_hcd 0000:02:00.0: PCI INT A -> Link[LNKC] -> GSI 10 (level, low) -> IRQ 10
[    2.068016] uhci_hcd 0000:02:00.0: UHCI Host Controller
[    2.068044] uhci_hcd 0000:02:00.0: new USB bus registered, assigned bus number 2
[    2.068147] uhci_hcd 0000:02:00.0: irq 10, io base 0x000020c0
[    2.068200] usb usb2: configuration #1 chosen from 1 choice
[    2.068216] hub 2-0:1.0: USB hub found
[    2.068220] hub 2-0:1.0: 2 ports detected
[    2.068273] usbcore: registered new interface driver libusual
[    2.068310] PNP: PS/2 Controller [PNP0303:KBC,PNP0f13:MOUS] at 0x60,0x64 irq 1,12
[    2.068644] serio: i8042 KBD port at 0x60,0x64 irq 1
[    2.068651] serio: i8042 AUX port at 0x60,0x64 irq 12
[    2.068685] mice: PS/2 mouse device common for all mice
[    2.068738] rtc_cmos 00:04: rtc core: registered rtc_cmos as rtc0
[    2.068776] rtc0: alarms up to one month, y3k, 114 bytes nvram, hpet irqs
[    2.068829] device-mapper: uevent: version 1.0.3
[    2.068944] device-mapper: ioctl: 4.15.0-ioctl (2009-04-01) initialised: dm-devel@redhat.com
[    2.068962] EISA: Probing bus 0 at eisa.0
[    2.068969] Cannot allocate resource for EISA slot 1
[    2.068971] Cannot allocate resource for EISA slot 2
[    2.068973] Cannot allocate resource for EISA slot 3
[    2.068975] Cannot allocate resource for EISA slot 4
[    2.068976] Cannot allocate resource for EISA slot 5
[    2.068978] Cannot allocate resource for EISA slot 6
[    2.068980] Cannot allocate resource for EISA slot 7
[    2.068982] Cannot allocate resource for EISA slot 8
[    2.068984] EISA: Detected 0 cards.
[    2.069124] cpuidle: using governor ladder
[    2.069127] cpuidle: using governor menu
[    2.069180] random 0000 0000 0000 00000000 00000000: rand_read_num 4 get_random_bytes(136): sig 0000021d 00000000 00000000
[    2.069183] random 0000 0000 0000 00000000 00000000: extract_entropy(.. 136 ..)
[    2.069185] random 0000 0000 0000 00000000 00000000: going to reseed nonblocking with 1024 bits (1088 of 0 requested)
[    2.069188] random 0000 0000 0000 00000000 00000000: extract_entropy(.. 128 ..)
[    2.069190] random 0000 0000 0000 00000000 00000000: trying to extract 1024 bits from input
[    2.069192] random 0000 0000 0000 00000000 00000000: debiting 0 entropy credits from input
[    2.069194] random 0000 0000 0000 00000000 00000000: extract_entropy account returned: 0 
[    2.069197] random 0000 0000 0000 00000000 00000000: urand_change_num 7 xfer_secondary_pool(136): pool_sig 0000021d, data_sig 00000000, bytes_mixed 0 00000000 00000000
[    2.069200] random 0000 0000 0000 00000000 00000000: trying to extract 1088 bits from nonblocking
[    2.069203] random 0000 0000 0000 00000000 00000000: debiting 1088 entropy credits from nonblocking (unlimited)
[    2.069205] random 0000 0000 0000 00000000 00000000: extract_entropy account returned: 136 
[    2.069209] random 0000 0000 0000 00000000 00000000: urand_change_num 8 extract_buf: pool_sig 0000021d, data_sig fffffff7, bytes_mixed 20 00000000 00000000
[    2.069213] random 0000 0000 0000 f961ee50 ba9cb1aa: urand_change_num 9 extract_buf: pool_sig 00000230, data_sig fffffeb4, bytes_mixed 20 f961ee50 ba9cb1aa
[    2.069218] random 0000 0000 0000 9748bdd6 56fb8af6: urand_change_num 10 extract_buf: pool_sig 00000373, data_sig 000000cf, bytes_mixed 20 9748bdd6 56fb8af6
[    2.069222] random 0000 0000 0000 9748bdd6 56fb8af6: urand_change_num 11 extract_buf: pool_sig fffffe49, data_sig 0000023f, bytes_mixed 20 9748bdd6 56fb8af6
[    2.069227] random 0000 0000 0000 a135be86 4777650e: urand_change_num 12 extract_buf: pool_sig fffffcce, data_sig 000000c6, bytes_mixed 20 a135be86 4777650e
[    2.069231] random 0000 0000 0000 4a6ea85d 170e00dd: urand_change_num 13 extract_buf: pool_sig ffffff97, data_sig ffffff7d, bytes_mixed 20 4a6ea85d 170e00dd
[    2.069236] random 0000 0000 0000 4a6ea85d 170e00dd: urand_change_num 14 extract_buf: pool_sig 00000160, data_sig fffffeea, bytes_mixed 20 4a6ea85d 170e00dd
[    2.069240] random 0000 0000 0000 6e87c3cb da668c73: urand_change_num 15 extract_buf: pool_sig 0000034f, data_sig ffffff54, bytes_mixed 20 6e87c3cb da668c73
[    2.069245] random 0000 0000 0000 6e87c3cb da668c73: urand_change_num 16 extract_buf: pool_sig fffffdc5, data_sig 00000205, bytes_mixed 20 6e87c3cb da668c73
[    2.069249] random 0000 0000 0000 39f531e6 461eb249: urand_change_num 17 extract_buf: pool_sig fffffc1d, data_sig ffffff5e, bytes_mixed 20 39f531e6 461eb249
[    2.069254] random 0000 0000 0000 7e1538a2 3e661182: urand_change_num 18 extract_buf: pool_sig 000006ef, data_sig ffffff2e, bytes_mixed 20 7e1538a2 3e661182
[    2.069258] random 0000 0000 0000 7e1538a2 3e661182: urand_change_num 19 extract_buf: pool_sig 00000317, data_sig fffffccb, bytes_mixed 20 7e1538a2 3e661182
[    2.069262] random 0000 0000 0000 76af506b 9b57305e: urand_change_num 20 extract_buf: pool_sig 00000227, data_sig ffffffd2, bytes_mixed 20 76af506b 9b57305e
[    2.069267] random 0000 0000 0000 37d49d89 e20417cc: urand_change_num 21 extract_buf: pool_sig 0000080b, data_sig 000001e9, bytes_mixed 20 37d49d89 e20417cc
[    2.069271] TCP cubic registered
[    2.069324] NET: Registered protocol family 10
[    2.069384] RANDOM - __random32 called. Change num 12.  Value: 8f3eba68	c1db9b96	544fe79f
[    2.069386] RANDOM - random32 called.  Value: 8f3eba68	c1db9b96	544fe79f
[    2.069396] random 0000 0000 0000 37d49d89 e20417cc: rand_read_num 5 get_random_bytes(4): sig 00000298 37d49d89 e20417cc
[    2.069398] random 0000 0000 0000 37d49d89 e20417cc: extract_entropy(.. 4 ..)
[    2.069400] random 0000 0000 0000 37d49d89 e20417cc: going to reseed nonblocking with 64 bits (32 of 0 requested)
[    2.069403] random 0000 0000 0000 37d49d89 e20417cc: extract_entropy(.. 8 ..)
[    2.069405] random 0000 0000 0000 37d49d89 e20417cc: trying to extract 64 bits from input
[    2.069407] random 0000 0000 0000 37d49d89 e20417cc: debiting 0 entropy credits from input
[    2.069409] random 0000 0000 0000 37d49d89 e20417cc: extract_entropy account returned: 0 
[    2.069412] random 0000 0000 0000 37d49d89 e20417cc: urand_change_num 22 xfer_secondary_pool(4): pool_sig 00000298, data_sig 00000000, bytes_mixed 0 37d49d89 e20417cc
[    2.069415] random 0000 0000 0000 37d49d89 e20417cc: trying to extract 32 bits from nonblocking
[    2.069417] random 0000 0000 0000 37d49d89 e20417cc: debiting 32 entropy credits from nonblocking (unlimited)
[    2.069420] random 0000 0000 0000 37d49d89 e20417cc: extract_entropy account returned: 4 
[    2.069423] random 0000 0000 0000 37d49d89 e20417cc: urand_change_num 23 extract_buf: pool_sig 00000298, data_sig 00000092, bytes_mixed 20 37d49d89 e20417cc
[    2.069476] RANDOM - __random32 called. Change num 13.  Value: eba68b0e	1db9b963	cf3ec61b
[    2.069478] RANDOM - random32 called.  Value: eba68b0e	1db9b963	cf3ec61b
[    2.069531] NET: Registered protocol family 17
[    2.069554] Using IPI No-Shortcut mode
[    2.069559] random 0000 0000 0000 2ee4c4fc 167bdb15: rand_read_num 6 get_random_bytes(8): sig fffffcbf 2ee4c4fc 167bdb15
[    2.069562] random 0000 0000 0000 2ee4c4fc 167bdb15: extract_entropy(.. 8 ..)
[    2.069564] random 0000 0000 0000 2ee4c4fc 167bdb15: going to reseed nonblocking with 64 bits (64 of 0 requested)
[    2.069566] random 0000 0000 0000 2ee4c4fc 167bdb15: extract_entropy(.. 8 ..)
[    2.069568] random 0000 0000 0000 2ee4c4fc 167bdb15: trying to extract 64 bits from input
[    2.069571] random 0000 0000 0000 2ee4c4fc 167bdb15: debiting 0 entropy credits from input
[    2.069573] random 0000 0000 0000 2ee4c4fc 167bdb15: extract_entropy account returned: 0 
[    2.069576] random 0000 0000 0000 2ee4c4fc 167bdb15: urand_change_num 24 xfer_secondary_pool(8): pool_sig fffffcbf, data_sig 00000000, bytes_mixed 0 2ee4c4fc 167bdb15
[    2.069578] random 0000 0000 0000 2ee4c4fc 167bdb15: trying to extract 64 bits from nonblocking
[    2.069581] random 0000 0000 0000 2ee4c4fc 167bdb15: debiting 64 entropy credits from nonblocking (unlimited)
[    2.069583] random 0000 0000 0000 2ee4c4fc 167bdb15: extract_entropy account returned: 8 
[    2.069587] random 0000 0000 0000 2ee4c4fc 167bdb15: urand_change_num 25 extract_buf: pool_sig fffffcbf, data_sig ffffff83, bytes_mixed 20 2ee4c4fc 167bdb15
[    2.069629] PM: Resume from disk failed.
[    2.069637] registered taskstats version 1
[    2.069640] random 0000 0000 0000 2ee4c4fc 167bdb15: rand_read_num 7 get_random_bytes(12): sig fffffc69 2ee4c4fc 167bdb15
[    2.069643] random 0000 0000 0000 2ee4c4fc 167bdb15: extract_entropy(.. 12 ..)
[    2.069645] random 0000 0000 0000 2ee4c4fc 167bdb15: going to reseed nonblocking with 96 bits (96 of 0 requested)
[    2.069647] random 0000 0000 0000 2ee4c4fc 167bdb15: extract_entropy(.. 12 ..)
[    2.069649] random 0000 0000 0000 2ee4c4fc 167bdb15: trying to extract 96 bits from input
[    2.069651] random 0000 0000 0000 2ee4c4fc 167bdb15: debiting 0 entropy credits from input
[    2.069653] random 0000 0000 0000 2ee4c4fc 167bdb15: extract_entropy account returned: 0 
[    2.069656] random 0000 0000 0000 2ee4c4fc 167bdb15: urand_change_num 26 xfer_secondary_pool(12): pool_sig fffffc69, data_sig 00000000, bytes_mixed 0 2ee4c4fc 167bdb15
[    2.069659] random 0000 0000 0000 2ee4c4fc 167bdb15: trying to extract 96 bits from nonblocking
[    2.069661] random 0000 0000 0000 2ee4c4fc 167bdb15: debiting 96 entropy credits from nonblocking (unlimited)
[    2.069664] random 0000 0000 0000 2ee4c4fc 167bdb15: extract_entropy account returned: 12 
[    2.069667] random 0000 0000 0000 2ee4c4fc 167bdb15: urand_change_num 27 extract_buf: pool_sig fffffc69, data_sig ffffff7d, bytes_mixed 20 2ee4c4fc 167bdb15
[    2.069672] random 0000 0000 0000 83b7c1ab 94697f48: urand_change_num 28 extract_buf: pool_sig fffffe30, data_sig fffffdd6, bytes_mixed 20 83b7c1ab 94697f48
[    2.069674] RANDOM - __seed init called.
[    2.069676] RANDOM - __seed init called.
[    2.069677] RANDOM - __seed init called.
[    2.069679] RANDOM - __random32 called. Change num 14.  Value: fc007995	feca4f80	21b38ad2
[    2.069680] RANDOM - random32_reseed called.  Value: fc007995	feca4f80	21b38ad2
[    2.069683] Pid: 1, comm: swapper Not tainted 2.6.32.57 #4
[    2.069685] Call Trace:
[    2.069691]  [<c14a8a0e>] ? printk+0x1d/0x1f
[    2.069696]  [<c17537e5>] random32_reseed+0x89/0xbd
[    2.069700]  [<c1003042>] do_one_initcall+0x32/0x1a0
[    2.069702]  [<c175375c>] ? random32_reseed+0x0/0xbd
[    2.069706]  [<c17308e7>] kernel_init+0x12d/0x17a
[    2.069708]  [<c17307ba>] ? kernel_init+0x0/0x17a
[    2.069711]  [<c1009b07>] kernel_thread_helper+0x7/0x10
[    2.072355] input: AT Translated Set 2 keyboard as /devices/platform/i8042/serio0/input/input1
[    2.072637] random 0000 0000 0000 6db70b00 b30ce96b: rand_read_num 8 get_random_bytes(64): sig fffffb38 6db70b00 b30ce96b
[    2.072640] random 0000 0000 0000 6db70b00 b30ce96b: extract_entropy(.. 64 ..)
[    2.072642] random 0000 0000 0000 6db70b00 b30ce96b: going to reseed nonblocking with 512 bits (512 of 0 requested)
[    2.072645] random 0000 0000 0000 6db70b00 b30ce96b: extract_entropy(.. 64 ..)
[    2.072647] random 0000 0000 0000 6db70b00 b30ce96b: trying to extract 512 bits from input
[    2.072649] random 0000 0000 0000 6db70b00 b30ce96b: debiting 0 entropy credits from input
[    2.072651] random 0000 0000 0000 6db70b00 b30ce96b: extract_entropy account returned: 0 
[    2.072654] random 0000 0000 0000 6db70b00 b30ce96b: urand_change_num 29 xfer_secondary_pool(64): pool_sig fffffb38, data_sig 00000000, bytes_mixed 0 6db70b00 b30ce96b
[    2.072657] random 0000 0000 0000 6db70b00 b30ce96b: trying to extract 512 bits from nonblocking
[    2.072659] random 0000 0000 0000 6db70b00 b30ce96b: debiting 512 entropy credits from nonblocking (unlimited)
[    2.072662] random 0000 0000 0000 6db70b00 b30ce96b: extract_entropy account returned: 64 
[    2.072665] random 0000 0000 0000 6db70b00 b30ce96b: urand_change_num 30 extract_buf: pool_sig fffffb38, data_sig 00000151, bytes_mixed 20 6db70b00 b30ce96b
[    2.072670] random 0000 0000 0000 6db70b00 b30ce96b: urand_change_num 31 extract_buf: pool_sig fffffdb8, data_sig 00000379, bytes_mixed 20 6db70b00 b30ce96b
[    2.072674] random 0000 0000 0000 6b83001e d4b6c0d3: urand_change_num 32 extract_buf: pool_sig ffffffc9, data_sig 00000198, bytes_mixed 20 6b83001e d4b6c0d3
[    2.072679] random 0000 0000 0000 79d3e3c7 be564518: urand_change_num 33 extract_buf: pool_sig 000002b9, data_sig ffffff84, bytes_mixed 20 79d3e3c7 be564518
[    2.072683] random 0000 0000 0000 79d3e3c7 be564518: urand_change_num 34 extract_buf: pool_sig ffffff55, data_sig ffffff5a, bytes_mixed 20 79d3e3c7 be564518
[    2.072688] random 0000 0000 0000 89c03cb2 0d353228: urand_change_num 35 extract_buf: pool_sig 00000007, data_sig ffffff17, bytes_mixed 20 89c03cb2 0d353228
[    2.072692] random 0000 0000 0000 89c03cb2 0d353228: urand_change_num 36 extract_buf: pool_sig fffffdae, data_sig 000000db, bytes_mixed 20 89c03cb2 0d353228  Magic number: 13:747:199
[    2.072790] rtc_cmos 00:04: setting system clock to 2013-05-24 22:09:34 UTC (1369433374)
[    2.072793] BIOS EDD facility v0.16 2004-Jun-25, 0 devices found
[    2.072795] EDD information not available.
[    2.072819] random 0000 0000 0000 8ca62387 b120332c: rand_read_num 9 get_random_bytes(64): sig fffffed6 8ca62387 b120332c
[    2.072821] random 0000 0000 0000 8ca62387 b120332c: extract_entropy(.. 64 ..)
[    2.072823] random 0000 0000 0000 8ca62387 b120332c: going to reseed nonblocking with 512 bits (512 of 0 requested)
[    2.072826] random 0000 0000 0000 8ca62387 b120332c: extract_entropy(.. 64 ..)
[    2.072828] random 0000 0000 0000 8ca62387 b120332c: trying to extract 512 bits from input
[    2.072830] random 0000 0000 0000 8ca62387 b120332c: debiting 0 entropy credits from input
[    2.072832] random 0000 0000 0000 8ca62387 b120332c: extract_entropy account returned: 0 
[    2.072835] random 0000 0000 0000 8ca62387 b120332c: urand_change_num 37 xfer_secondary_pool(64): pool_sig fffffed6, data_sig 00000000, bytes_mixed 0 8ca62387 b120332c
[    2.072838] random 0000 0000 0000 8ca62387 b120332c: trying to extract 512 bits from nonblocking
[    2.072840] random 0000 0000 0000 8ca62387 b120332c: debiting 512 entropy credits from nonblocking (unlimited)
[    2.072842] random 0000 0000 0000 8ca62387 b120332c: extract_entropy account returned: 64 
[    2.072846] random 0000 0000 0000 8ca62387 b120332c: urand_change_num 38 extract_buf: pool_sig fffffed6, data_sig fffffeb6, bytes_mixed 20 8ca62387 b120332c
[    2.072850] random 0000 0000 0000 90702413 e2a66c2e: urand_change_num 39 extract_buf: pool_sig fffffbb0, data_sig 0000012e, bytes_mixed 20 90702413 e2a66c2e
[    2.072855] random 0000 0000 0000 90702413 e2a66c2e: urand_change_num 40 extract_buf: pool_sig fffffaf1, data_sig ffffff3c, bytes_mixed 20 90702413 e2a66c2e
[    2.072859] random 0000 0000 0000 3f58038b c77aecb6: urand_change_num 41 extract_buf: pool_sig 00000234, data_sig fffffdec, bytes_mixed 20 3f58038b c77aecb6
[    2.072863] random 0000 0000 0000 47187b9d 03f21510: urand_change_num 42 extract_buf: pool_sig 00000192, data_sig 00000075, bytes_mixed 20 47187b9d 03f21510
[    2.072868] random 0000 0000 0000 47187b9d 03f21510: urand_change_num 43 extract_buf: pool_sig 0000018e, data_sig ffffffbf, bytes_mixed 20 47187b9d 03f21510
[    2.072872] random 0000 0000 0000 3180b1fc 0fa9c973: urand_change_num 44 extract_buf: pool_sig fffffecf, data_sig ffffff2a, bytes_mixed 20 3180b1fc 0fa9c973
[    2.072875] BEGIN NET_SECRET:
[    2.072876] \xffffff87
[    2.072878] \xffffff8d
[    2.072879] \xfffffff4
[    2.072880] \xffffffae
[    2.072881] \xffffffc3
[    2.072882] \xffffffb7
[    2.072883] \x31
[    2.072884] \x65
[    2.072886] \xffffffda
[    2.072887] \xffffffa2
[    2.072888] \x31
[    2.072889] \xffffffc8
[    2.072890] \xffffffa9
[    2.072891] \x76
[    2.072892] \x76
[    2.072894] \xffffff90
[    2.072895] \x55
[    2.072896] \xfffffff3
[    2.072897] \xffffffb1
[    2.072898] \x3
[    2.072899] \xffffffb3
[    2.072901] \xffffffa7
[    2.072902] \x5a
[    2.072903] \x71
[    2.072904] \x70
[    2.072905] \xffffff8c
[    2.072906] \x56
[    2.072907] \x25
[    2.072908] \xffffffe1
[    2.072910] \x4c
[    2.072911] \xffffffe6
[    2.072912] \xffffff95
[    2.072913] \x67
[    2.072914] \x4c
[    2.072915] \xffffffb9
[    2.072916] \x1d
[    2.072918] \xe
[    2.072919] \x34
[    2.072920] \xffffffbe
[    2.072921] \x12
[    2.072922] \x5
[    2.072923] \xffffff98
[    2.072924] \xffffffa0
[    2.072925] \xf
[    2.072927] \xffffffb2
[    2.072928] \xffffffde
[    2.072929] \xffffff99
[    2.072930] \xf
[    2.072931] \xffffffe8
[    2.072932] \xffffffc8
[    2.072933] \x1f
[    2.072935] \x54
[    2.072936] \x2c
[    2.072937] \xffffffee
[    2.072938] \x2e
[    2.072939] \x0
[    2.072940] \xffffff95
[    2.072941] \x0
[    2.072943] \xffffffe3
[    2.072944] \xffffffa7
[    2.072945] \xfffffffd
[    2.072946] \x66
[    2.072947] \xffffff92
[    2.072948] \xfffffff0
[    2.072949] 
[    2.072950] END NET_SECRET
[    2.072953] random 0000 0000 0000 3180b1fc 0fa9c973: rand_read_num 10 get_random_bytes(4): sig ffffff46 3180b1fc 0fa9c973
[    2.072955] random 0000 0000 0000 3180b1fc 0fa9c973: extract_entropy(.. 4 ..)
[    2.072958] random 0000 0000 0000 3180b1fc 0fa9c973: going to reseed nonblocking with 64 bits (32 of 0 requested)
[    2.072960] random 0000 0000 0000 3180b1fc 0fa9c973: extract_entropy(.. 8 ..)
[    2.072962] random 0000 0000 0000 3180b1fc 0fa9c973: trying to extract 64 bits from input
[    2.072964] random 0000 0000 0000 3180b1fc 0fa9c973: debiting 0 entropy credits from input
[    2.072966] random 0000 0000 0000 3180b1fc 0fa9c973: extract_entropy account returned: 0 
[    2.072969] random 0000 0000 0000 3180b1fc 0fa9c973: urand_change_num 45 xfer_secondary_pool(4): pool_sig ffffff46, data_sig 00000000, bytes_mixed 0 3180b1fc 0fa9c973
[    2.072972] random 0000 0000 0000 3180b1fc 0fa9c973: trying to extract 32 bits from nonblocking
[    2.072974] random 0000 0000 0000 3180b1fc 0fa9c973: debiting 32 entropy credits from nonblocking (unlimited)
[    2.072976] random 0000 0000 0000 3180b1fc 0fa9c973: extract_entropy account returned: 4 
[    2.072980] random 0000 0000 0000 3180b1fc 0fa9c973: urand_change_num 46 extract_buf: pool_sig ffffff46, data_sig 0000001b, bytes_mixed 20 3180b1fc 0fa9c973
[    2.245979] ata2.00: ATAPI: VMware Virtual IDE CDROM Drive, 00000001, max UDMA/33
[    2.246260] ata2.00: configured for UDMA/33
[    2.246696] scsi 1:0:0:0: CD-ROM            NECVMWar VMware IDE CDR10 1.00 PQ: 0 ANSI: 5
[    2.247970] sr0: scsi3-mmc drive: 306x/306x cd/rw xa/form2 cdda tray
[    2.247973] Uniform CD-ROM driver Revision: 3.20
[    2.248026] sr 1:0:0:0: Attached scsi CD-ROM sr0
[    2.248062] sr 1:0:0:0: Attached scsi generic sg0 type 5
[    2.248100] Freeing unused kernel memory: 652k freed
[    2.248153] Write protecting the kernel text: 4840k
[    2.248183] Write protecting the kernel read-only data: 1968k
[    2.248272] random 0000 0000 0000 38974d2b 1d8d6de0: rand_read_num 11 get_random_bytes(16): sig 000001c6 38974d2b 1d8d6de0
