[    0.000000] random 0000 0000 0000 00000000 00000000: rand_read_num 1 get_random_bytes(8): sig 00000000 00000000 00000000
[    0.000000] random 0000 0000 0000 00000000 00000000: extract_entropy(.. 8 ..)
[    0.000000] random 0000 0000 0000 00000000 00000000: going to reseed nonblocking with 64 bits (64 of 0 requested)
[    0.000000] random 0000 0000 0000 00000000 00000000: extract_entropy(.. 8 ..)
[    0.000000] random 0000 0000 0000 00000000 00000000: trying to extract 64 bits from input
[    0.000000] random 0000 0000 0000 00000000 00000000: debiting 0 entropy credits from input
[    0.000000] random 0000 0000 0000 00000000 00000000: extract_entropy account returned: 0 
[    0.000000] random 0000 0000 0000 00000000 00000000: urand_change_num 1 xfer_secondary_pool(8): pool_sig 00000000, data_sig 00000000, bytes_mixed 0 00000000 00000000
[    0.000000] random 0000 0000 0000 00000000 00000000: trying to extract 64 bits from nonblocking
[    0.000000] random 0000 0000 0000 00000000 00000000: debiting 64 entropy credits from nonblocking (unlimited)
[    0.000000] random 0000 0000 0000 00000000 00000000: extract_entropy account returned: 8 
[    0.000000] random 0000 0000 0000 00000000 00000000: urand_change_num 2 extract_buf: pool_sig 00000000, data_sig fffffff9, bytes_mixed 20 00000000 00000000
[    0.000000] Initializing cgroup subsys cpuset
[    0.000000] Initializing cgroup subsys cpu
[    0.000000] Linux version 2.6.32.57 (dcashman@ubuntu) (gcc version 4.6.3 (Ubuntu/Linaro 4.6.3-1ubuntu5) ) #4 SMP Fri May 24 11:09:26 PDT 2013
[    0.000000] KERNEL supported cpus:
[    0.000000]   Intel GenuineIntel
[    0.000000]   AMD AuthenticAMD
[    0.000000]   NSC Geode by NSC
[    0.000000]   Cyrix CyrixInstead
[    0.000000]   Centaur CentaurHauls
[    0.000000]   Transmeta GenuineTMx86
[    0.000000]   Transmeta TransmetaCPU
[    0.000000]   UMC UMC UMC UMC
[    0.000000] BIOS-provided physical RAM map:
[    0.000000]  BIOS-e820: 0000000000000000 - 000000000009f000 (usable)
[    0.000000]  BIOS-e820: 000000000009f000 - 00000000000a0000 (reserved)
[    0.000000]  BIOS-e820: 00000000000ca000 - 00000000000cc000 (reserved)
[    0.000000]  BIOS-e820: 00000000000dc000 - 0000000000100000 (reserved)
[    0.000000]  BIOS-e820: 0000000000100000 - 000000003fee0000 (usable)
[    0.000000]  BIOS-e820: 000000003fee0000 - 000000003feff000 (ACPI data)
[    0.000000]  BIOS-e820: 000000003feff000 - 000000003ff00000 (ACPI NVS)
[    0.000000]  BIOS-e820: 000000003ff00000 - 0000000040000000 (usable)
[    0.000000]  BIOS-e820: 00000000e0000000 - 00000000f0000000 (reserved)
[    0.000000]  BIOS-e820: 00000000fec00000 - 00000000fec10000 (reserved)
[    0.000000]  BIOS-e820: 00000000fee00000 - 00000000fee01000 (reserved)
[    0.000000]  BIOS-e820: 00000000fffe0000 - 0000000100000000 (reserved)
[    0.000000] DMI present.
[    0.000000] Phoenix BIOS detected: BIOS may corrupt low RAM, working around it.
[    0.000000] e820 update range: 0000000000000000 - 0000000000010000 (usable) ==> (reserved)
[    0.000000] last_pfn = 0x40000 max_arch_pfn = 0x1000000
[    0.000000] MTRR default type: uncachable
[    0.000000] MTRR fixed ranges enabled:
[    0.000000]   00000-9FFFF write-back
[    0.000000]   A0000-BFFFF uncachable
[    0.000000]   C0000-CBFFF write-protect
[    0.000000]   CC000-EFFFF uncachable
[    0.000000]   F0000-FFFFF write-protect
[    0.000000] MTRR variable ranges enabled:
[    0.000000]   0 base 0000000000 mask FFC0000000 write-back
[    0.000000]   1 disabled
[    0.000000]   2 disabled
[    0.000000]   3 disabled
[    0.000000]   4 disabled
[    0.000000]   5 disabled
[    0.000000]   6 disabled
[    0.000000]   7 disabled
[    0.000000] x86 PAT enabled: cpu 0, old 0x0, new 0x7010600070106
[    0.000000] Scanning 0 areas for low memory corruption
[    0.000000] modified physical RAM map:
[    0.000000]  modified: 0000000000000000 - 0000000000010000 (reserved)
[    0.000000]  modified: 0000000000010000 - 000000000009f000 (usable)
[    0.000000]  modified: 000000000009f000 - 00000000000a0000 (reserved)
[    0.000000]  modified: 00000000000ca000 - 00000000000cc000 (reserved)
[    0.000000]  modified: 00000000000dc000 - 0000000000100000 (reserved)
[    0.000000]  modified: 0000000000100000 - 000000003fee0000 (usable)
[    0.000000]  modified: 000000003fee0000 - 000000003feff000 (ACPI data)
[    0.000000]  modified: 000000003feff000 - 000000003ff00000 (ACPI NVS)
[    0.000000]  modified: 000000003ff00000 - 0000000040000000 (usable)
[    0.000000]  modified: 00000000e0000000 - 00000000f0000000 (reserved)
[    0.000000]  modified: 00000000fec00000 - 00000000fec10000 (reserved)
[    0.000000]  modified: 00000000fee00000 - 00000000fee01000 (reserved)
[    0.000000]  modified: 00000000fffe0000 - 0000000100000000 (reserved)
[    0.000000] initial memory mapped : 0 - 01e00000
[    0.000000] init_memory_mapping: 0000000000000000-00000000379fe000
[    0.000000] NX (Execute Disable) protection: active
[    0.000000]  0000000000 - 0000200000 page 4k
[    0.000000]  0000200000 - 0037800000 page 2M
[    0.000000]  0037800000 - 00379fe000 page 4k
[    0.000000] kernel direct mapping tables up to 379fe000 @ 10000-16000
[    0.000000] RAMDISK: 2dcfc000 - 32e758c3
[    0.000000] ACPI: RSDP 000f6b80 00024 (v02 PTLTD )
[    0.000000] ACPI: XSDT 3feed636 0005C (v01 INTEL  440BX    06040000 VMW  01324272)
[    0.000000] ACPI: FACP 3fefee98 000F4 (v04 INTEL  440BX    06040000 PTL  000F4240)
[    0.000000] ACPI: DSDT 3feee366 10B32 (v01 PTLTD  Custom   06040000 MSFT 03000001)
[    0.000000] ACPI: FACS 3fefffc0 00040
[    0.000000] ACPI: BOOT 3feee33e 00028 (v01 PTLTD  $SBFTBL$ 06040000  LTP 00000001)
[    0.000000] ACPI: APIC 3feedc3e 003C2 (v01 PTLTD  ? APIC   06040000  LTP 00000000)
[    0.000000] ACPI: MCFG 3feedc02 0003C (v01 PTLTD  $PCITBL$ 06040000  LTP 00000001)
[    0.000000] ACPI: SRAT 3feed732 004D0 (v02 VMWARE MEMPLUG  06040000 VMW  00000001)
[    0.000000] ACPI: HPET 3feed6fa 00038 (v01 VMWARE VMW HPET 06040000 VMW  00000001)
[    0.000000] ACPI: WAET 3feed6d2 00028 (v01 VMWARE VMW WAET 06040000 VMW  00000001)
[    0.000000] ACPI: Local APIC address 0xfee00000
[    0.000000] 134MB HIGHMEM available.
[    0.000000] 889MB LOWMEM available.
[    0.000000]   mapped low ram: 0 - 379fe000
[    0.000000]   low ram: 0 - 379fe000
[    0.000000]   node 0 low ram: 00000000 - 379fe000
[    0.000000]   node 0 bootmap 00012000 - 00018f40
[    0.000000] (9 early reservations) ==> bootmem [0000000000 - 00379fe000]
[    0.000000]   #0 [0000000000 - 0000001000]   BIOS data page ==> [0000000000 - 0000001000]
[    0.000000]   #1 [0000001000 - 0000002000]    EX TRAMPOLINE ==> [0000001000 - 0000002000]
[    0.000000]   #2 [0000006000 - 0000007000]       TRAMPOLINE ==> [0000006000 - 0000007000]
[    0.000000]   #3 [0001000000 - 0001a75ff8]    TEXT DATA BSS ==> [0001000000 - 0001a75ff8]
[    0.000000]   #4 [002dcfc000 - 0032e758c3]          RAMDISK ==> [002dcfc000 - 0032e758c3]
[    0.000000]   #5 [000009f000 - 0000100000]    BIOS reserved ==> [000009f000 - 0000100000]
[    0.000000]   #6 [0001a76000 - 0001a851c0]              BRK ==> [0001a76000 - 0001a851c0]
[    0.000000]   #7 [0000010000 - 0000012000]          PGTABLE ==> [0000010000 - 0000012000]
[    0.000000]   #8 [0000012000 - 0000019000]          BOOTMAP ==> [0000012000 - 0000019000]
[    0.000000] found SMP MP-table at [c00f6bf0] f6bf0
[    0.000000] Zone PFN ranges:
[    0.000000]   DMA      0x00000010 -> 0x00001000
[    0.000000]   Normal   0x00001000 -> 0x000379fe
[    0.000000]   HighMem  0x000379fe -> 0x00040000
[    0.000000] Movable zone start PFN for each node
[    0.000000] early_node_map[3] active PFN ranges
[    0.000000]     0: 0x00000010 -> 0x0000009f
[    0.000000]     0: 0x00000100 -> 0x0003fee0
[    0.000000]     0: 0x0003ff00 -> 0x00040000
[    0.000000] On node 0 totalpages: 261999
[    0.000000] free_area_init_node: node 0, pgdat c1715200, node_mem_map c1a87200
[    0.000000]   DMA zone: 32 pages used for memmap
[    0.000000]   DMA zone: 0 pages reserved
[    0.000000]   DMA zone: 3951 pages, LIFO batch:0
[    0.000000]   Normal zone: 1748 pages used for memmap
[    0.000000]   Normal zone: 221994 pages, LIFO batch:31
[    0.000000]   HighMem zone: 269 pages used for memmap
[    0.000000]   HighMem zone: 34005 pages, LIFO batch:7
[    0.000000] Using APIC driver default
[    0.000000] ACPI: PM-Timer IO Port: 0x1008
[    0.000000] ACPI: Local APIC address 0xfee00000
[    0.000000] ACPI: LAPIC (acpi_id[0x00] lapic_id[0x00] enabled)
[    0.000000] ACPI: LAPIC (acpi_id[0x01] lapic_id[0x02] disabled)
[    0.000000] ACPI: LAPIC (acpi_id[0x02] lapic_id[0x04] disabled)
[    0.000000] ACPI: LAPIC (acpi_id[0x03] lapic_id[0x06] disabled)
[    0.000000] ACPI: LAPIC (acpi_id[0x04] lapic_id[0x08] disabled)
[    0.000000] ACPI: LAPIC (acpi_id[0x05] lapic_id[0x0a] disabled)
[    0.000000] ACPI: LAPIC (acpi_id[0x06] lapic_id[0x0c] disabled)
[    0.000000] ACPI: LAPIC (acpi_id[0x07] lapic_id[0x0e] disabled)
[    0.000000] ACPI: LAPIC (acpi_id[0x08] lapic_id[0x10] disabled)
[    0.000000] ACPI: LAPIC (acpi_id[0x09] lapic_id[0x12] disabled)
[    0.000000] ACPI: LAPIC (acpi_id[0x0a] lapic_id[0x14] disabled)
[    0.000000] ACPI: LAPIC (acpi_id[0x0b] lapic_id[0x16] disabled)
[    0.000000] ACPI: LAPIC (acpi_id[0x0c] lapic_id[0x18] disabled)
[    0.000000] ACPI: LAPIC (acpi_id[0x0d] lapic_id[0x1a] disabled)
[    0.000000] ACPI: LAPIC (acpi_id[0x0e] lapic_id[0x1c] disabled)
[    0.000000] ACPI: LAPIC (acpi_id[0x0f] lapic_id[0x1e] disabled)
[    0.000000] ACPI: LAPIC (acpi_id[0x10] lapic_id[0x20] disabled)
[    0.000000] ACPI: LAPIC (acpi_id[0x11] lapic_id[0x22] disabled)
[    0.000000] ACPI: LAPIC (acpi_id[0x12] lapic_id[0x24] disabled)
[    0.000000] ACPI: LAPIC (acpi_id[0x13] lapic_id[0x26] disabled)
[    0.000000] ACPI: LAPIC (acpi_id[0x14] lapic_id[0x28] disabled)
[    0.000000] ACPI: LAPIC (acpi_id[0x15] lapic_id[0x2a] disabled)
[    0.000000] ACPI: LAPIC (acpi_id[0x16] lapic_id[0x2c] disabled)
[    0.000000] ACPI: LAPIC (acpi_id[0x17] lapic_id[0x2e] disabled)
[    0.000000] ACPI: LAPIC (acpi_id[0x18] lapic_id[0x30] disabled)
[    0.000000] ACPI: LAPIC (acpi_id[0x19] lapic_id[0x32] disabled)
[    0.000000] ACPI: LAPIC (acpi_id[0x1a] lapic_id[0x34] disabled)
[    0.000000] ACPI: LAPIC (acpi_id[0x1b] lapic_id[0x36] disabled)
[    0.000000] ACPI: LAPIC (acpi_id[0x1c] lapic_id[0x38] disabled)
[    0.000000] ACPI: LAPIC (acpi_id[0x1d] lapic_id[0x3a] disabled)
[    0.000000] ACPI: LAPIC (acpi_id[0x1e] lapic_id[0x3c] disabled)
[    0.000000] ACPI: LAPIC (acpi_id[0x1f] lapic_id[0x3e] disabled)
[    0.000000] ACPI: LAPIC (acpi_id[0x20] lapic_id[0x40] disabled)
[    0.000000] ACPI: LAPIC (acpi_id[0x21] lapic_id[0x42] disabled)
[    0.000000] ACPI: LAPIC (acpi_id[0x22] lapic_id[0x44] disabled)
[    0.000000] ACPI: LAPIC (acpi_id[0x23] lapic_id[0x46] disabled)
[    0.000000] ACPI: LAPIC (acpi_id[0x24] lapic_id[0x48] disabled)
[    0.000000] ACPI: LAPIC (acpi_id[0x25] lapic_id[0x4a] disabled)
[    0.000000] ACPI: LAPIC (acpi_id[0x26] lapic_id[0x4c] disabled)
[    0.000000] ACPI: LAPIC (acpi_id[0x27] lapic_id[0x4e] disabled)
[    0.000000] ACPI: LAPIC (acpi_id[0x28] lapic_id[0x50] disabled)
[    0.000000] ACPI: LAPIC (acpi_id[0x29] lapic_id[0x52] disabled)
[    0.000000] ACPI: LAPIC (acpi_id[0x2a] lapic_id[0x54] disabled)
[    0.000000] ACPI: LAPIC (acpi_id[0x2b] lapic_id[0x56] disabled)
[    0.000000] ACPI: LAPIC (acpi_id[0x2c] lapic_id[0x58] disabled)
[    0.000000] ACPI: LAPIC (acpi_id[0x2d] lapic_id[0x5a] disabled)
[    0.000000] ACPI: LAPIC (acpi_id[0x2e] lapic_id[0x5c] disabled)
[    0.000000] ACPI: LAPIC (acpi_id[0x2f] lapic_id[0x5e] disabled)
[    0.000000] ACPI: LAPIC (acpi_id[0x30] lapic_id[0x60] disabled)
[    0.000000] ACPI: LAPIC (acpi_id[0x31] lapic_id[0x62] disabled)
[    0.000000] ACPI: LAPIC (acpi_id[0x32] lapic_id[0x64] disabled)
[    0.000000] ACPI: LAPIC (acpi_id[0x33] lapic_id[0x66] disabled)
[    0.000000] ACPI: LAPIC (acpi_id[0x34] lapic_id[0x68] disabled)
[    0.000000] ACPI: LAPIC (acpi_id[0x35] lapic_id[0x6a] disabled)
[    0.000000] ACPI: LAPIC (acpi_id[0x36] lapic_id[0x6c] disabled)
[    0.000000] ACPI: LAPIC (acpi_id[0x37] lapic_id[0x6e] disabled)
[    0.000000] ACPI: LAPIC (acpi_id[0x38] lapic_id[0x70] disabled)
[    0.000000] ACPI: LAPIC (acpi_id[0x39] lapic_id[0x72] disabled)
[    0.000000] ACPI: LAPIC (acpi_id[0x3a] lapic_id[0x74] disabled)
[    0.000000] ACPI: LAPIC (acpi_id[0x3b] lapic_id[0x76] disabled)
[    0.000000] ACPI: LAPIC (acpi_id[0x3c] lapic_id[0x78] disabled)
[    0.000000] ACPI: LAPIC (acpi_id[0x3d] lapic_id[0x7a] disabled)
[    0.000000] ACPI: LAPIC (acpi_id[0x3e] lapic_id[0x7c] disabled)
[    0.000000] ACPI: LAPIC (acpi_id[0x3f] lapic_id[0x7e] disabled)
[    0.000000] ACPI: LAPIC_NMI (acpi_id[0x00] high edge lint[0x1])
[    0.000000] ACPI: LAPIC_NMI (acpi_id[0x01] high edge lint[0x1])
[    0.000000] ACPI: LAPIC_NMI (acpi_id[0x02] high edge lint[0x1])
[    0.000000] ACPI: LAPIC_NMI (acpi_id[0x03] high edge lint[0x1])
[    0.000000] ACPI: LAPIC_NMI (acpi_id[0x04] high edge lint[0x1])
[    0.000000] ACPI: LAPIC_NMI (acpi_id[0x05] high edge lint[0x1])
[    0.000000] ACPI: LAPIC_NMI (acpi_id[0x06] high edge lint[0x1])
[    0.000000] ACPI: LAPIC_NMI (acpi_id[0x07] high edge lint[0x1])
[    0.000000] ACPI: LAPIC_NMI (acpi_id[0x08] high edge lint[0x1])
[    0.000000] ACPI: LAPIC_NMI (acpi_id[0x09] high edge lint[0x1])
[    0.000000] ACPI: LAPIC_NMI (acpi_id[0x0a] high edge lint[0x1])
[    0.000000] ACPI: LAPIC_NMI (acpi_id[0x0b] high edge lint[0x1])
[    0.000000] ACPI: LAPIC_NMI (acpi_id[0x0c] high edge lint[0x1])
[    0.000000] ACPI: LAPIC_NMI (acpi_id[0x0d] high edge lint[0x1])
[    0.000000] ACPI: LAPIC_NMI (acpi_id[0x0e] high edge lint[0x1])
[    0.000000] ACPI: LAPIC_NMI (acpi_id[0x0f] high edge lint[0x1])
[    0.000000] ACPI: LAPIC_NMI (acpi_id[0x10] high edge lint[0x1])
[    0.000000] ACPI: LAPIC_NMI (acpi_id[0x11] high edge lint[0x1])
[    0.000000] ACPI: LAPIC_NMI (acpi_id[0x12] high edge lint[0x1])
[    0.000000] ACPI: LAPIC_NMI (acpi_id[0x13] high edge lint[0x1])
[    0.000000] ACPI: LAPIC_NMI (acpi_id[0x14] high edge lint[0x1])
[    0.000000] ACPI: LAPIC_NMI (acpi_id[0x15] high edge lint[0x1])
[    0.000000] ACPI: LAPIC_NMI (acpi_id[0x16] high edge lint[0x1])
[    0.000000] ACPI: LAPIC_NMI (acpi_id[0x17] high edge lint[0x1])
[    0.000000] ACPI: LAPIC_NMI (acpi_id[0x18] high edge lint[0x1])
[    0.000000] ACPI: LAPIC_NMI (acpi_id[0x19] high edge lint[0x1])
[    0.000000] ACPI: LAPIC_NMI (acpi_id[0x1a] high edge lint[0x1])
[    0.000000] ACPI: LAPIC_NMI (acpi_id[0x1b] high edge lint[0x1])
[    0.000000] ACPI: LAPIC_NMI (acpi_id[0x1c] high edge lint[0x1])
[    0.000000] ACPI: LAPIC_NMI (acpi_id[0x1d] high edge lint[0x1])
[    0.000000] ACPI: LAPIC_NMI (acpi_id[0x1e] high edge lint[0x1])
[    0.000000] ACPI: LAPIC_NMI (acpi_id[0x1f] high edge lint[0x1])
[    0.000000] ACPI: LAPIC_NMI (acpi_id[0x20] high edge lint[0x1])
[    0.000000] ACPI: LAPIC_NMI (acpi_id[0x21] high edge lint[0x1])
[    0.000000] ACPI: LAPIC_NMI (acpi_id[0x22] high edge lint[0x1])
[    0.000000] ACPI: LAPIC_NMI (acpi_id[0x23] high edge lint[0x1])
[    0.000000] ACPI: LAPIC_NMI (acpi_id[0x24] high edge lint[0x1])
[    0.000000] ACPI: LAPIC_NMI (acpi_id[0x25] high edge lint[0x1])
[    0.000000] ACPI: LAPIC_NMI (acpi_id[0x26] high edge lint[0x1])
[    0.000000] ACPI: LAPIC_NMI (acpi_id[0x27] high edge lint[0x1])
[    0.000000] ACPI: LAPIC_NMI (acpi_id[0x28] high edge lint[0x1])
[    0.000000] ACPI: LAPIC_NMI (acpi_id[0x29] high edge lint[0x1])
[    0.000000] ACPI: LAPIC_NMI (acpi_id[0x2a] high edge lint[0x1])
[    0.000000] ACPI: LAPIC_NMI (acpi_id[0x2b] high edge lint[0x1])
[    0.000000] ACPI: LAPIC_NMI (acpi_id[0x2c] high edge lint[0x1])
[    0.000000] ACPI: LAPIC_NMI (acpi_id[0x2d] high edge lint[0x1])
[    0.000000] ACPI: LAPIC_NMI (acpi_id[0x2e] high edge lint[0x1])
[    0.000000] ACPI: LAPIC_NMI (acpi_id[0x2f] high edge lint[0x1])
[    0.000000] ACPI: LAPIC_NMI (acpi_id[0x30] high edge lint[0x1])
[    0.000000] ACPI: LAPIC_NMI (acpi_id[0x31] high edge lint[0x1])
[    0.000000] ACPI: LAPIC_NMI (acpi_id[0x32] high edge lint[0x1])
[    0.000000] ACPI: LAPIC_NMI (acpi_id[0x33] high edge lint[0x1])
[    0.000000] ACPI: LAPIC_NMI (acpi_id[0x34] high edge lint[0x1])
[    0.000000] ACPI: LAPIC_NMI (acpi_id[0x35] high edge lint[0x1])
[    0.000000] ACPI: LAPIC_NMI (acpi_id[0x36] high edge lint[0x1])
[    0.000000] ACPI: LAPIC_NMI (acpi_id[0x37] high edge lint[0x1])
[    0.000000] ACPI: LAPIC_NMI (acpi_id[0x38] high edge lint[0x1])
[    0.000000] ACPI: LAPIC_NMI (acpi_id[0x39] high edge lint[0x1])
[    0.000000] ACPI: LAPIC_NMI (acpi_id[0x3a] high edge lint[0x1])
[    0.000000] ACPI: LAPIC_NMI (acpi_id[0x3b] high edge lint[0x1])
[    0.000000] ACPI: LAPIC_NMI (acpi_id[0x3c] high edge lint[0x1])
[    0.000000] ACPI: LAPIC_NMI (acpi_id[0x3d] high edge lint[0x1])
[    0.000000] ACPI: LAPIC_NMI (acpi_id[0x3e] high edge lint[0x1])
[    0.000000] ACPI: LAPIC_NMI (acpi_id[0x3f] high edge lint[0x1])
[    0.000000] ACPI: Skipping IOAPIC probe due to 'noapic' option.
[    0.000000] Using ACPI for processor (LAPIC) configuration information
[    0.000000] ACPI: HPET id: 0x8086af01 base: 0xfed00000
[    0.000000] Intel MultiProcessor Specification v1.4
[    0.000000]     Virtual Wire compatibility mode.
[    0.000000] MPTABLE: OEM ID: INTEL   
[    0.000000] MPTABLE: Product ID: 440BX       
[    0.000000] MPTABLE: APIC at: 0xFEE00000
[    0.000000] I/O APIC #1 Version 17 at 0xFEC00000.
[    0.000000] Processors: 1
[    0.000000] 64 Processors exceeds NR_CPUS limit of 8
[    0.000000] SMP: Allowing 8 CPUs, 7 hotplug CPUs
[    0.000000] nr_irqs_gsi: 24
[    0.000000] PM: Registered nosave memory: 000000000009f000 - 00000000000a0000
[    0.000000] PM: Registered nosave memory: 00000000000a0000 - 00000000000ca000
[    0.000000] PM: Registered nosave memory: 00000000000ca000 - 00000000000cc000
[    0.000000] PM: Registered nosave memory: 00000000000cc000 - 00000000000dc000
[    0.000000] PM: Registered nosave memory: 00000000000dc000 - 0000000000100000
[    0.000000] Allocating PCI resources starting at 40000000 (gap: 40000000:a0000000)
[    0.000000] Booting paravirtualized kernel on bare hardware
[    0.000000] NR_CPUS:8 nr_cpumask_bits:8 nr_cpu_ids:8 nr_node_ids:1
[    0.000000] PERCPU: Embedded 15 pages/cpu @c2400000 s39320 r0 d22120 u262144
[    0.000000] pcpu-alloc: s39320 r0 d22120 u262144 alloc=1*2097152
[    0.000000] pcpu-alloc: [0] 0 1 2 3 4 5 6 7 
[    0.000000] Built 1 zonelists in Zone order, mobility grouping on.  Total pages: 259950
[    0.000000] Kernel command line: BOOT_IMAGE=/boot/vmlinuz-2.6.32.57 root=UUID=007b598c-390d-4c65-84a1-4ff752d48633 ro quiet splash maxcpus=0
[    0.000000] PID hash table entries: 4096 (order: 2, 16384 bytes)
[    0.000000] Dentry cache hash table entries: 131072 (order: 7, 524288 bytes)
[    0.000000] Inode-cache hash table entries: 65536 (order: 6, 262144 bytes)
[    0.000000] Enabling fast FPU save and restore... done.
[    0.000000] Enabling unmasked SIMD FPU exception support... done.
[    0.000000] Initializing CPU#0
[    0.000000] xsave/xrstor: enabled xstate_bv 0x7, cntxt size 0x340
[    0.000000] allocated 5242560 bytes of page_cgroup
[    0.000000] please try 'cgroup_disable=memory' option if you don't want memory cgroups
[    0.000000] Initializing HighMem for node 0 (000379fe:00040000)
[    0.000000] Memory: 938260k/1048576k available (4839k kernel code, 108848k reserved, 2518k data, 652k init, 137096k highmem)
[    0.000000] virtual kernel memory layout:
[    0.000000]     fixmap  : 0xfff1e000 - 0xfffff000   ( 900 kB)
[    0.000000]     pkmap   : 0xffa00000 - 0xffc00000   (2048 kB)
[    0.000000]     vmalloc : 0xf81fe000 - 0xff9fe000   ( 120 MB)
[    0.000000]     lowmem  : 0xc0000000 - 0xf79fe000   ( 889 MB)
[    0.000000]       .init : 0xc1730000 - 0xc17d3000   ( 652 kB)
[    0.000000]       .data : 0xc14b9cce - 0xc172f764   (2518 kB)
[    0.000000]       .text : 0xc1000000 - 0xc14b9cce   (4839 kB)
[    0.000000] Checking if this processor honours the WP bit even in supervisor mode...Ok.
[    0.000000] SLUB: Genslabs=13, HWalign=64, Order=0-3, MinObjects=0, CPUs=8, Nodes=1
[    0.000000] Hierarchical RCU implementation.
[    0.000000] NR_IRQS:2304 nr_irqs:472
[    0.000000] Extended CMOS year: 2000
[    0.000000] Console: colour VGA+ 80x25
[    0.000000] console [tty0] enabled
[    0.000000] hpet clockevent registered
[    0.000000] TSC freq read from hypervisor : 2394.620 MHz
[    0.000000] Detected 2394.620 MHz processor.
[    0.000002] Calibrating delay loop (skipped) preset value.. 4789.24 BogoMIPS (lpj=9578480)
[    0.000011] Security Framework initialized
[    0.000014] SELinux:  Disabled at boot.
[    0.000018] Mount-cache hash table entries: 512
[    0.000143] Initializing cgroup subsys cpuacct
[    0.000146] Initializing cgroup subsys memory
[    0.000149] Initializing cgroup subsys devices
[    0.000151] Initializing cgroup subsys freezer
[    0.000176] CPU: Physical Processor ID: 0
[    0.000183] CPU: L1 I cache: 32K, L1 D cache: 32K
[    0.000185] CPU: L2 cache: 256K
[    0.000186] CPU: L3 cache: 4096K
[    0.000191] mce: CPU supports 0 MCE banks
[    0.000202] Performance Events: no PMU driver, software events only.
[    0.000212] Checking 'hlt' instruction... OK.
[    0.017446] SMP alternatives: switching to UP code
[    0.031865] ACPI: Core revision 20090903
[    0.038003] ACPI: setting ELCR to 0200 (from 0e20)
[    0.038960] ftrace: converting mcount calls to 0f 1f 44 00 00
[    0.038965] ftrace: allocating 22631 entries in 45 pages
[    0.056534] CANARY value: 494e180e for PID: 1
[    0.056566] Not enabling x2apic, Intr-remapping init failed.
[    0.056568] Enabling APIC mode:  Flat.  Using 1 I/O APICs
[    0.056576] SMP mode deactivated.
[    0.056602] SMP disabled
[    0.056659] Brought up 1 CPUs
[    0.056661] Total of 1 processors activated (4789.24 BogoMIPS).
[    0.056665] CPU0 attaching NULL sched-domain.
[    0.056737] devtmpfs: initialized
[    0.056849] sysctl table check failed: /kernel/random/now_input .1.40.7 Unknown sysctl binary path
[    0.057135] Pid: 1, comm: swapper Not tainted 2.6.32.57 #4
[    0.057136] Call Trace:
[    0.057141]  [<c14a8a0e>] ? printk+0x1d/0x1f
[    0.057144]  [<c107b56f>] set_fail+0x4f/0x60
[    0.057146]  [<c107b8b3>] sysctl_check_table+0x333/0x620
[    0.057148]  [<c107b8cc>] sysctl_check_table+0x34c/0x620
[    0.057150]  [<c107b8cc>] sysctl_check_table+0x34c/0x620
[    0.057154]  [<c1746d48>] sysctl_init+0x25/0x29
[    0.057156]  [<c1003042>] do_one_initcall+0x32/0x1a0
[    0.057159]  [<c1746d23>] ? sysctl_init+0x0/0x29
[    0.057161]  [<c17308e7>] kernel_init+0x12d/0x17a
[    0.057163]  [<c17307ba>] ? kernel_init+0x0/0x17a
[    0.057165]  [<c1009b07>] kernel_thread_helper+0x7/0x10
[    0.057167] sysctl table check failed: /kernel/random/now_blocking .1.40.8 Unknown sysctl binary path
[    0.057412] Pid: 1, comm: swapper Not tainted 2.6.32.57 #4
[    0.057413] Call Trace:
[    0.057414]  [<c14a8a0e>] ? printk+0x1d/0x1f
[    0.057416]  [<c107b56f>] set_fail+0x4f/0x60
[    0.057418]  [<c107b8b3>] sysctl_check_table+0x333/0x620
[    0.057419]  [<c107b8cc>] sysctl_check_table+0x34c/0x620
[    0.057421]  [<c107b8cc>] sysctl_check_table+0x34c/0x620
[    0.057424]  [<c1746d48>] sysctl_init+0x25/0x29
[    0.057425]  [<c1003042>] do_one_initcall+0x32/0x1a0
[    0.057427]  [<c1746d23>] ? sysctl_init+0x0/0x29
[    0.057429]  [<c17308e7>] kernel_init+0x12d/0x17a
[    0.057431]  [<c17307ba>] ? kernel_init+0x0/0x17a
[    0.057432]  [<c1009b07>] kernel_thread_helper+0x7/0x10
[    0.057434] sysctl table check failed: /kernel/random/now_nonblocking .1.40.9 Unknown sysctl binary path
[    0.057680] Pid: 1, comm: swapper Not tainted 2.6.32.57 #4
[    0.057681] Call Trace:
[    0.057682]  [<c14a8a0e>] ? printk+0x1d/0x1f
[    0.057684]  [<c107b56f>] set_fail+0x4f/0x60
[    0.057685]  [<c107b8b3>] sysctl_check_table+0x333/0x620
[    0.057687]  [<c107b8cc>] sysctl_check_table+0x34c/0x620
[    0.057689]  [<c107b8cc>] sysctl_check_table+0x34c/0x620
[    0.057691]  [<c1746d48>] sysctl_init+0x25/0x29
[    0.057693]  [<c1003042>] do_one_initcall+0x32/0x1a0
[    0.057695]  [<c1746d23>] ? sysctl_init+0x0/0x29
[    0.057697]  [<c17308e7>] kernel_init+0x12d/0x17a
[    0.057698]  [<c17307ba>] ? kernel_init+0x0/0x17a
[    0.057700]  [<c1009b07>] kernel_thread_helper+0x7/0x10
[    0.057701] sysctl table check failed: /kernel/random/nb_input_bytes .1.40.10 Unknown sysctl binary path
[    0.057956] Pid: 1, comm: swapper Not tainted 2.6.32.57 #4
[    0.057956] Call Trace:
[    0.057958]  [<c14a8a0e>] ? printk+0x1d/0x1f
[    0.057960]  [<c107b56f>] set_fail+0x4f/0x60
[    0.057961]  [<c107b8b3>] sysctl_check_table+0x333/0x620
[    0.057963]  [<c107b8cc>] sysctl_check_table+0x34c/0x620
[    0.057965]  [<c107b8cc>] sysctl_check_table+0x34c/0x620
[    0.057967]  [<c1746d48>] sysctl_init+0x25/0x29
[    0.057969]  [<c1003042>] do_one_initcall+0x32/0x1a0
[    0.057971]  [<c1746d23>] ? sysctl_init+0x0/0x29
[    0.057972]  [<c17308e7>] kernel_init+0x12d/0x17a
[    0.057974]  [<c17307ba>] ? kernel_init+0x0/0x17a
[    0.057976]  [<c1009b07>] kernel_thread_helper+0x7/0x10
[    0.057977] sysctl table check failed: /kernel/random/nb_stir_count .1.40.11 Unknown sysctl binary path
[    0.058223] Pid: 1, comm: swapper Not tainted 2.6.32.57 #4
[    0.058224] Call Trace:
[    0.058225]  [<c14a8a0e>] ? printk+0x1d/0x1f
[    0.058227]  [<c107b56f>] set_fail+0x4f/0x60
[    0.058229]  [<c107b8b3>] sysctl_check_table+0x333/0x620
[    0.058230]  [<c107b8cc>] sysctl_check_table+0x34c/0x620
[    0.058232]  [<c107b8cc>] sysctl_check_table+0x34c/0x620
[    0.058235]  [<c1746d48>] sysctl_init+0x25/0x29
[    0.058236]  [<c1003042>] do_one_initcall+0x32/0x1a0
[    0.058238]  [<c1746d23>] ? sysctl_init+0x0/0x29
[    0.058240]  [<c17308e7>] kernel_init+0x12d/0x17a
[    0.058241]  [<c17307ba>] ? kernel_init+0x0/0x17a
[    0.058243]  [<c1009b07>] kernel_thread_helper+0x7/0x10
[    0.058245] sysctl table check failed: /kernel/random/nb_reentry_count .1.40.12 Unknown sysctl binary path
[    0.058492] Pid: 1, comm: swapper Not tainted 2.6.32.57 #4
[    0.058492] Call Trace:
[    0.058494]  [<c14a8a0e>] ? printk+0x1d/0x1f
[    0.058495]  [<c107b56f>] set_fail+0x4f/0x60
[    0.058497]  [<c107b8b3>] sysctl_check_table+0x333/0x620
[    0.058499]  [<c107b8cc>] sysctl_check_table+0x34c/0x620
[    0.058500]  [<c107b8cc>] sysctl_check_table+0x34c/0x620
[    0.058503]  [<c1746d48>] sysctl_init+0x25/0x29
[    0.058504]  [<c1003042>] do_one_initcall+0x32/0x1a0
[    0.058507]  [<c1746d23>] ? sysctl_init+0x0/0x29
[    0.058508]  [<c17308e7>] kernel_init+0x12d/0x17a
[    0.058510]  [<c17307ba>] ? kernel_init+0x0/0x17a
[    0.058511]  [<c1009b07>] kernel_thread_helper+0x7/0x10
[    0.058629] RANDOM - __seed init called.
[    0.058630] RANDOM - __seed init called.
[    0.058631] RANDOM - __seed init called.
[    0.058632] RANDOM - __random32 called. Change num 1.  Value: 7576a435	efb61e22	b7f78320
[    0.058634] RANDOM - __random32 called. Change num 2.  Value: 6a43543e	fb61e228	6410973
[    0.058635] RANDOM - __random32 called. Change num 3.  Value: 3543e018	b61e228b	12e68928
[    0.058636] RANDOM - __random32 called. Change num 4.  Value: 3e018928	61e228b7	1250ba58
[    0.058638] RANDOM - __random32 called. Change num 5.  Value: 189281e4	1e228b73	74b01aad
[    0.058639] RANDOM - __random32 called. Change num 6.  Value: 281e4915	e228b733	355a2619
[    0.058640] RANDOM - random32 init called.  Value: 281e4915	e228b733	355a2619
[    0.058646] regulator: core version 0.5
[    0.058709] Time: 23:38:44  Date: 05/24/13
[    0.058745] NET: Registered protocol family 16
[    0.058811] EISA bus registered
[    0.059598] ACPI: bus type pci registered
[    0.059693] PCI: MCFG configuration 0: base e0000000 segment 0 buses 0 - 255
[    0.059695] PCI: MCFG area at e0000000 reserved in E820
[    0.059696] PCI: Using MMCONFIG for extended config space
[    0.059697] PCI: Using configuration type 1 for base access
[    0.060191] bio: create slab <bio-0> at 0
[    0.061424] ACPI: EC: Look up EC in DSDT
[    0.099230] ACPI: BIOS _OSI(Linux) query ignored
[    0.106275] ACPI: Interpreter enabled
[    0.106282] ACPI: (supports S0 S1 S4 S5)
[    0.106299] ACPI: Using PIC for interrupt routing
[    0.191053] ACPI: No dock devices found.
[    0.191913] ACPI: PCI Root Bridge [PCI0] (0000:00)
[    0.193550] pci 0000:00:07.1: reg 20 io port: [0x10c0-0x10cf]
[    0.194126] pci 0000:00:07.3: quirk: region 1000-103f claimed by PIIX4 ACPI
[    0.194138] pci 0000:00:07.3: quirk: region 1040-104f claimed by PIIX4 SMB
[    0.194707] pci 0000:00:07.7: reg 10 io port: [0x1080-0x10bf]
[    0.195106] pci 0000:00:07.7: reg 14 64bit mmio: [0xc8000000-0xc8001fff]
[    0.196305] pci 0000:00:0f.0: reg 10 io port: [0x10d0-0x10df]
[    0.196345] pci 0000:00:0f.0: reg 14 32bit mmio pref: [0xd0000000-0xd7ffffff]
[    0.196385] pci 0000:00:0f.0: reg 18 32bit mmio: [0xc8800000-0xc8ffffff]
[    0.196537] pci 0000:00:0f.0: reg 30 32bit mmio pref: [0x000000-0x007fff]
[    0.197082] pci 0000:00:10.0: reg 10 io port: [0x1400-0x14ff]
[    0.197444] pci 0000:00:10.0: reg 14 64bit mmio: [0xc8040000-0xc805ffff]
[    0.197821] pci 0000:00:10.0: reg 1c 64bit mmio: [0xc8020000-0xc803ffff]
[    0.197900] pci 0000:00:10.0: reg 30 32bit mmio pref: [0x000000-0x003fff]
[    0.199360] pci 0000:00:15.0: PME# supported from D0 D3hot D3cold
[    0.199381] pci 0000:00:15.0: PME# disabled
[    0.200308] pci 0000:00:15.1: PME# supported from D0 D3hot D3cold
[    0.200329] pci 0000:00:15.1: PME# disabled
[    0.201254] pci 0000:00:15.2: PME# supported from D0 D3hot D3cold
[    0.201275] pci 0000:00:15.2: PME# disabled
[    0.202211] pci 0000:00:15.3: PME# supported from D0 D3hot D3cold
[    0.202232] pci 0000:00:15.3: PME# disabled
[    0.203157] pci 0000:00:15.4: PME# supported from D0 D3hot D3cold
[    0.203178] pci 0000:00:15.4: PME# disabled
[    0.204116] pci 0000:00:15.5: PME# supported from D0 D3hot D3cold
[    0.204137] pci 0000:00:15.5: PME# disabled
[    0.205057] pci 0000:00:15.6: PME# supported from D0 D3hot D3cold
[    0.205078] pci 0000:00:15.6: PME# disabled
[    0.206002] pci 0000:00:15.7: PME# supported from D0 D3hot D3cold
[    0.206023] pci 0000:00:15.7: PME# disabled
[    0.206954] pci 0000:00:16.0: PME# supported from D0 D3hot D3cold
[    0.206975] pci 0000:00:16.0: PME# disabled
[    0.207903] pci 0000:00:16.1: PME# supported from D0 D3hot D3cold
[    0.207924] pci 0000:00:16.1: PME# disabled
[    0.208876] pci 0000:00:16.2: PME# supported from D0 D3hot D3cold
[    0.208898] pci 0000:00:16.2: PME# disabled
[    0.209830] pci 0000:00:16.3: PME# supported from D0 D3hot D3cold
[    0.209850] pci 0000:00:16.3: PME# disabled
[    0.210775] pci 0000:00:16.4: PME# supported from D0 D3hot D3cold
[    0.210805] pci 0000:00:16.4: PME# disabled
[    0.211713] pci 0000:00:16.5: PME# supported from D0 D3hot D3cold
[    0.211752] pci 0000:00:16.5: PME# disabled
[    0.212691] pci 0000:00:16.6: PME# supported from D0 D3hot D3cold
[    0.212712] pci 0000:00:16.6: PME# disabled
[    0.213621] pci 0000:00:16.7: PME# supported from D0 D3hot D3cold
[    0.213642] pci 0000:00:16.7: PME# disabled
[    0.214573] pci 0000:00:17.0: PME# supported from D0 D3hot D3cold
[    0.214594] pci 0000:00:17.0: PME# disabled
[    0.215518] pci 0000:00:17.1: PME# supported from D0 D3hot D3cold
[    0.215539] pci 0000:00:17.1: PME# disabled
[    0.216479] pci 0000:00:17.2: PME# supported from D0 D3hot D3cold
[    0.216501] pci 0000:00:17.2: PME# disabled
[    0.217434] pci 0000:00:17.3: PME# supported from D0 D3hot D3cold
[    0.217455] pci 0000:00:17.3: PME# disabled
[    0.218686] pci 0000:00:17.4: PME# supported from D0 D3hot D3cold
[    0.218708] pci 0000:00:17.4: PME# disabled
[    0.219641] pci 0000:00:17.5: PME# supported from D0 D3hot D3cold
[    0.219673] pci 0000:00:17.5: PME# disabled
[    0.220601] pci 0000:00:17.6: PME# supported from D0 D3hot D3cold
[    0.220622] pci 0000:00:17.6: PME# disabled
[    0.221541] pci 0000:00:17.7: PME# supported from D0 D3hot D3cold
[    0.221562] pci 0000:00:17.7: PME# disabled
[    0.222491] pci 0000:00:18.0: PME# supported from D0 D3hot D3cold
[    0.222511] pci 0000:00:18.0: PME# disabled
[    0.223440] pci 0000:00:18.1: PME# supported from D0 D3hot D3cold
[    0.223461] pci 0000:00:18.1: PME# disabled
[    0.224403] pci 0000:00:18.2: PME# supported from D0 D3hot D3cold
[    0.224427] pci 0000:00:18.2: PME# disabled
[    0.225359] pci 0000:00:18.3: PME# supported from D0 D3hot D3cold
[    0.225380] pci 0000:00:18.3: PME# disabled
[    0.226306] pci 0000:00:18.4: PME# supported from D0 D3hot D3cold
[    0.226327] pci 0000:00:18.4: PME# disabled
[    0.227250] pci 0000:00:18.5: PME# supported from D0 D3hot D3cold
[    0.227270] pci 0000:00:18.5: PME# disabled
[    0.228203] pci 0000:00:18.6: PME# supported from D0 D3hot D3cold
[    0.228224] pci 0000:00:18.6: PME# disabled
[    0.229180] pci 0000:00:18.7: PME# supported from D0 D3hot D3cold
[    0.229201] pci 0000:00:18.7: PME# disabled
[    0.230383] pci 0000:02:00.0: reg 20 io port: [0x20c0-0x20df]
[    0.230900] pci 0000:02:01.0: reg 10 io port: [0x2000-0x207f]
[    0.231127] pci 0000:02:01.0: reg 30 32bit mmio pref: [0x000000-0x00ffff]
[    0.231676] pci 0000:02:02.0: reg 10 io port: [0x2080-0x20bf]
[    0.232303] pci 0000:02:03.0: reg 10 32bit mmio: [0xc9000000-0xc9000fff]
[    0.232917] pci 0000:00:11.0: transparent bridge
[    0.232937] pci 0000:00:11.0: bridge io port: [0x2000-0x3fff]
[    0.232958] pci 0000:00:11.0: bridge 32bit mmio: [0xc9000000-0xca3fffff]
[    0.232998] pci 0000:00:11.0: bridge 64bit mmio pref: [0xd8400000-0xd89fffff]
[    0.233378] pci 0000:00:15.0: bridge io port: [0x4000-0x4fff]
[    0.233399] pci 0000:00:15.0: bridge 32bit mmio: [0xca400000-0xca4fffff]
[    0.233439] pci 0000:00:15.0: bridge 64bit mmio pref: [0xd8a00000-0xd8afffff]
[    0.233837] pci 0000:00:15.1: bridge io port: [0x8000-0x8fff]
[    0.233868] pci 0000:00:15.1: bridge 32bit mmio: [0xca800000-0xca8fffff]
[    0.233908] pci 0000:00:15.1: bridge 64bit mmio pref: [0xd8e00000-0xd8efffff]
[    0.234285] pci 0000:00:15.2: bridge io port: [0xc000-0xcfff]
[    0.234306] pci 0000:00:15.2: bridge 32bit mmio: [0xcac00000-0xcacfffff]
[    0.234346] pci 0000:00:15.2: bridge 64bit mmio pref: [0xd9200000-0xd92fffff]
[    0.234767] pci 0000:00:15.3: bridge 32bit mmio: [0xcb000000-0xcb0fffff]
[    0.234807] pci 0000:00:15.3: bridge 64bit mmio pref: [0xd9600000-0xd96fffff]
[    0.235201] pci 0000:00:15.4: bridge 32bit mmio: [0xcb400000-0xcb4fffff]
[    0.235241] pci 0000:00:15.4: bridge 64bit mmio pref: [0xd9a00000-0xd9afffff]
[    0.235646] pci 0000:00:15.5: bridge 32bit mmio: [0xcb800000-0xcb8fffff]
[    0.235687] pci 0000:00:15.5: bridge 64bit mmio pref: [0xd9e00000-0xd9efffff]
[    0.236113] pci 0000:00:15.6: bridge 32bit mmio: [0xcbc00000-0xcbcfffff]
[    0.236153] pci 0000:00:15.6: bridge 64bit mmio pref: [0xda200000-0xda2fffff]
[    0.236547] pci 0000:00:15.7: bridge 32bit mmio: [0xcc000000-0xcc0fffff]
[    0.236587] pci 0000:00:15.7: bridge 64bit mmio pref: [0xda600000-0xda6fffff]
[    0.236994] pci 0000:00:16.0: bridge io port: [0x5000-0x5fff]
[    0.237015] pci 0000:00:16.0: bridge 32bit mmio: [0xca500000-0xca5fffff]
[    0.237054] pci 0000:00:16.0: bridge 64bit mmio pref: [0xd8b00000-0xd8bfffff]
[    0.237430] pci 0000:00:16.1: bridge io port: [0x9000-0x9fff]
[    0.237451] pci 0000:00:16.1: bridge 32bit mmio: [0xca900000-0xca9fffff]
[    0.237491] pci 0000:00:16.1: bridge 64bit mmio pref: [0xd8f00000-0xd8ffffff]
[    0.237889] pci 0000:00:16.2: bridge io port: [0xd000-0xdfff]
[    0.237910] pci 0000:00:16.2: bridge 32bit mmio: [0xcad00000-0xcadfffff]
[    0.237950] pci 0000:00:16.2: bridge 64bit mmio pref: [0xd9300000-0xd93fffff]
[    0.238345] pci 0000:00:16.3: bridge 32bit mmio: [0xcb100000-0xcb1fffff]
[    0.238385] pci 0000:00:16.3: bridge 64bit mmio pref: [0xd9700000-0xd97fffff]
[    0.238801] pci 0000:00:16.4: bridge 32bit mmio: [0xcb500000-0xcb5fffff]
[    0.238841] pci 0000:00:16.4: bridge 64bit mmio pref: [0xd9b00000-0xd9bfffff]
[    0.239238] pci 0000:00:16.5: bridge 32bit mmio: [0xcb900000-0xcb9fffff]
[    0.239278] pci 0000:00:16.5: bridge 64bit mmio pref: [0xd9f00000-0xd9ffffff]
[    0.239681] pci 0000:00:16.6: bridge 32bit mmio: [0xcbd00000-0xcbdfffff]
[    0.239733] pci 0000:00:16.6: bridge 64bit mmio pref: [0xda300000-0xda3fffff]
[    0.240137] pci 0000:00:16.7: bridge 32bit mmio: [0xcc100000-0xcc1fffff]
[    0.240178] pci 0000:00:16.7: bridge 64bit mmio pref: [0xda700000-0xda7fffff]
[    0.240553] pci 0000:00:17.0: bridge io port: [0x6000-0x6fff]
[    0.240574] pci 0000:00:17.0: bridge 32bit mmio: [0xca600000-0xca6fffff]
[    0.240613] pci 0000:00:17.0: bridge 64bit mmio pref: [0xd8c00000-0xd8cfffff]
[    0.241016] pci 0000:00:17.1: bridge io port: [0xa000-0xafff]
[    0.241037] pci 0000:00:17.1: bridge 32bit mmio: [0xcaa00000-0xcaafffff]
[    0.241076] pci 0000:00:17.1: bridge 64bit mmio pref: [0xd9000000-0xd90fffff]
[    0.241454] pci 0000:00:17.2: bridge io port: [0xe000-0xefff]
[    0.241475] pci 0000:00:17.2: bridge 32bit mmio: [0xcae00000-0xcaefffff]
[    0.241515] pci 0000:00:17.2: bridge 64bit mmio pref: [0xd9400000-0xd94fffff]
[    0.241939] pci 0000:00:17.3: bridge 32bit mmio: [0xcb200000-0xcb2fffff]
[    0.241979] pci 0000:00:17.3: bridge 64bit mmio pref: [0xd9800000-0xd98fffff]
[    0.242374] pci 0000:00:17.4: bridge 32bit mmio: [0xcb600000-0xcb6fffff]
[    0.242413] pci 0000:00:17.4: bridge 64bit mmio pref: [0xd9c00000-0xd9cfffff]
[    0.242835] pci 0000:00:17.5: bridge 32bit mmio: [0xcba00000-0xcbafffff]
[    0.242875] pci 0000:00:17.5: bridge 64bit mmio pref: [0xda000000-0xda0fffff]
[    0.243269] pci 0000:00:17.6: bridge 32bit mmio: [0xcbe00000-0xcbefffff]
[    0.243309] pci 0000:00:17.6: bridge 64bit mmio pref: [0xda400000-0xda4fffff]
[    0.243735] pci 0000:00:17.7: bridge 32bit mmio: [0xcc200000-0xcc2fffff]
[    0.243778] pci 0000:00:17.7: bridge 64bit mmio pref: [0xda800000-0xda8fffff]
[    0.244208] pci 0000:00:18.0: bridge io port: [0x7000-0x7fff]
[    0.244230] pci 0000:00:18.0: bridge 32bit mmio: [0xca700000-0xca7fffff]
[    0.244269] pci 0000:00:18.0: bridge 64bit mmio pref: [0xd8d00000-0xd8dfffff]
[    0.244647] pci 0000:00:18.1: bridge io port: [0xb000-0xbfff]
[    0.244668] pci 0000:00:18.1: bridge 32bit mmio: [0xcab00000-0xcabfffff]
[    0.244727] pci 0000:00:18.1: bridge 64bit mmio pref: [0xd9100000-0xd91fffff]
[    0.245112] pci 0000:00:18.2: bridge io port: [0xf000-0xffff]
[    0.245133] pci 0000:00:18.2: bridge 32bit mmio: [0xcaf00000-0xcaffffff]
[    0.245172] pci 0000:00:18.2: bridge 64bit mmio pref: [0xd9500000-0xd95fffff]
[    0.245581] pci 0000:00:18.3: bridge 32bit mmio: [0xcb300000-0xcb3fffff]
[    0.245624] pci 0000:00:18.3: bridge 64bit mmio pref: [0xd9900000-0xd99fffff]
[    0.246049] pci 0000:00:18.4: bridge 32bit mmio: [0xcb700000-0xcb7fffff]
[    0.246089] pci 0000:00:18.4: bridge 64bit mmio pref: [0xd9d00000-0xd9dfffff]
[    0.246483] pci 0000:00:18.5: bridge 32bit mmio: [0xcbb00000-0xcbbfffff]
[    0.246523] pci 0000:00:18.5: bridge 64bit mmio pref: [0xda100000-0xda1fffff]
[    0.246946] pci 0000:00:18.6: bridge 32bit mmio: [0xcbf00000-0xcbffffff]
[    0.246986] pci 0000:00:18.6: bridge 64bit mmio pref: [0xda500000-0xda5fffff]
[    0.247380] pci 0000:00:18.7: bridge 32bit mmio: [0xcc300000-0xcc3fffff]
[    0.247420] pci 0000:00:18.7: bridge 64bit mmio pref: [0xda900000-0xda9fffff]
[    0.249026] pci_bus 0000:00: on NUMA node 0
[    0.249033] ACPI: PCI Interrupt Routing Table [\_SB_.PCI0._PRT]
[    0.471813] ACPI: PCI Interrupt Link [LNKA] (IRQs 3 4 5 6 7 *9 10 11 14 15)
[    0.471957] ACPI: PCI Interrupt Link [LNKB] (IRQs 3 4 5 6 7 9 10 *11 14 15)
[    0.472098] ACPI: PCI Interrupt Link [LNKC] (IRQs 3 4 5 6 7 9 *10 11 14 15)
[    0.472238] ACPI: PCI Interrupt Link [LNKD] (IRQs 3 4 *5 6 7 9 10 11 14 15)
[    0.472413] vgaarb: device added: PCI:0000:00:0f.0,decodes=io+mem,owns=io+mem,locks=none
[    0.472421] vgaarb: loaded
[    0.472505] SCSI subsystem initialized
[    0.472546] libata version 3.00 loaded.
[    0.472584] usbcore: registered new interface driver usbfs
[    0.472595] usbcore: registered new interface driver hub
[    0.472610] usbcore: registered new device driver usb
[    0.472674] PCI: Using ACPI for IRQ routing
[    0.473604] NetLabel: Initializing
[    0.473605] NetLabel:  domain hash size = 128
[    0.473606] NetLabel:  protocols = UNLABELED CIPSOv4
[    0.473613] NetLabel:  unlabeled traffic allowed by default
[    0.473643] hpet0: at MMIO 0xfed00000, IRQs 2, 8, 0, 0, 0, 0, 0, 0, 0, 0, 0, 0, 0, 0, 0, 0
[    0.473649] hpet0: 16 comparators, 64-bit 14.318180 MHz counter
[    0.475685] Switching to clocksource tsc
[    0.482975] pnp: PnP ACPI init
[    0.482986] ACPI: bus type pnp registered
[    0.527413] pnp: PnP ACPI: found 14 devices
[    0.527415] ACPI: ACPI bus type pnp unregistered
[    0.527419] PnPBIOS: Disabled by ACPI PNP
[    0.527430] system 00:01: ioport range 0x1000-0x103f has been reserved
[    0.527431] system 00:01: ioport range 0x1040-0x104f has been reserved
[    0.527433] system 00:01: ioport range 0xcf0-0xcf1 has been reserved
[    0.527439] system 00:08: iomem range 0xfed00000-0xfed003ff has been reserved
[    0.527443] system 00:0d: ioport range 0x1060-0x107f has been reserved
[    0.527446] system 00:0d: iomem range 0xe0000000-0xefffffff has been reserved
[    0.527447] system 00:0d: iomem range 0xc8200000-0xc83fffff has been reserved
[    0.563736] pci 0000:00:15.3: BAR 13: can't allocate I/O resource [0x10000-0xffff]
[    0.563740] pci 0000:00:15.4: BAR 13: can't allocate I/O resource [0x10000-0xffff]
[    0.563743] pci 0000:00:15.5: BAR 13: can't allocate I/O resource [0x10000-0xffff]
[    0.563746] pci 0000:00:15.6: BAR 13: can't allocate I/O resource [0x10000-0xffff]
[    0.563749] pci 0000:00:15.7: BAR 13: can't allocate I/O resource [0x10000-0xffff]
[    0.563752] pci 0000:00:16.3: BAR 13: can't allocate I/O resource [0x10000-0xffff]
[    0.563755] pci 0000:00:16.4: BAR 13: can't allocate I/O resource [0x10000-0xffff]
[    0.563758] pci 0000:00:16.5: BAR 13: can't allocate I/O resource [0x10000-0xffff]
[    0.563761] pci 0000:00:16.6: BAR 13: can't allocate I/O resource [0x10000-0xffff]
[    0.563764] pci 0000:00:16.7: BAR 13: can't allocate I/O resource [0x10000-0xffff]
[    0.563767] pci 0000:00:17.3: BAR 13: can't allocate I/O resource [0x10000-0xffff]
[    0.563770] pci 0000:00:17.4: BAR 13: can't allocate I/O resource [0x10000-0xffff]
[    0.563772] pci 0000:00:17.5: BAR 13: can't allocate I/O resource [0x10000-0xffff]
[    0.563775] pci 0000:00:17.6: BAR 13: can't allocate I/O resource [0x10000-0xffff]
[    0.563778] pci 0000:00:17.7: BAR 13: can't allocate I/O resource [0x10000-0xffff]
[    0.563781] pci 0000:00:18.3: BAR 13: can't allocate I/O resource [0x10000-0xffff]
[    0.563784] pci 0000:00:18.4: BAR 13: can't allocate I/O resource [0x10000-0xffff]
[    0.563787] pci 0000:00:18.5: BAR 13: can't allocate I/O resource [0x10000-0xffff]
[    0.563789] pci 0000:00:18.6: BAR 13: can't allocate I/O resource [0x10000-0xffff]
[    0.563792] pci 0000:00:18.7: BAR 13: can't allocate I/O resource [0x10000-0xffff]
[    0.563795] pci 0000:00:01.0: PCI bridge, secondary bus 0000:01
[    0.563796] pci 0000:00:01.0:   IO window: disabled
[    0.563827] pci 0000:00:01.0:   MEM window: disabled
[    0.563848] pci 0000:00:01.0:   PREFETCH window: disabled
[    0.563888] pci 0000:00:11.0: PCI bridge, secondary bus 0000:02
[    0.563901] pci 0000:00:11.0:   IO window: 0x2000-0x3fff
[    0.563931] pci 0000:00:11.0:   MEM window: 0xc9000000-0xca3fffff
[    0.563952] pci 0000:00:11.0:   PREFETCH window: 0x000000d8400000-0x000000d89fffff
[    0.563991] pci 0000:00:15.0: PCI bridge, secondary bus 0000:03
[    0.564002] pci 0000:00:15.0:   IO window: 0x4000-0x4fff
[    0.564032] pci 0000:00:15.0:   MEM window: 0xca400000-0xca4fffff
[    0.564053] pci 0000:00:15.0:   PREFETCH window: 0x000000d8a00000-0x000000d8afffff
[    0.564138] pci 0000:00:15.1: PCI bridge, secondary bus 0000:04
[    0.564158] pci 0000:00:15.1:   IO window: 0x8000-0x8fff
[    0.564219] pci 0000:00:15.1:   MEM window: 0xca800000-0xca8fffff
[    0.564245] pci 0000:00:15.1:   PREFETCH window: 0x000000d8e00000-0x000000d8efffff
[    0.564314] pci 0000:00:15.2: PCI bridge, secondary bus 0000:05
[    0.564328] pci 0000:00:15.2:   IO window: 0xc000-0xcfff
[    0.564367] pci 0000:00:15.2:   MEM window: 0xcac00000-0xcacfffff
[    0.564392] pci 0000:00:15.2:   PREFETCH window: 0x000000d9200000-0x000000d92fffff
[    0.564443] pci 0000:00:15.3: PCI bridge, secondary bus 0000:06
[    0.564445] pci 0000:00:15.3:   IO window: disabled
[    0.564483] pci 0000:00:15.3:   MEM window: 0xcb000000-0xcb0fffff
[    0.564509] pci 0000:00:15.3:   PREFETCH window: 0x000000d9600000-0x000000d96fffff
[    0.564565] pci 0000:00:15.4: PCI bridge, secondary bus 0000:07
[    0.564568] pci 0000:00:15.4:   IO window: disabled
[    0.564605] pci 0000:00:15.4:   MEM window: 0xcb400000-0xcb4fffff
[    0.564633] pci 0000:00:15.4:   PREFETCH window: 0x000000d9a00000-0x000000d9afffff
[    0.564687] pci 0000:00:15.5: PCI bridge, secondary bus 0000:08
[    0.564690] pci 0000:00:15.5:   IO window: disabled
[    0.564728] pci 0000:00:15.5:   MEM window: 0xcb800000-0xcb8fffff
[    0.564754] pci 0000:00:15.5:   PREFETCH window: 0x000000d9e00000-0x000000d9efffff
[    0.564807] pci 0000:00:15.6: PCI bridge, secondary bus 0000:09
[    0.564810] pci 0000:00:15.6:   IO window: disabled
[    0.564850] pci 0000:00:15.6:   MEM window: 0xcbc00000-0xcbcfffff
[    0.564876] pci 0000:00:15.6:   PREFETCH window: 0x000000da200000-0x000000da2fffff
[    0.564930] pci 0000:00:15.7: PCI bridge, secondary bus 0000:0a
[    0.564932] pci 0000:00:15.7:   IO window: disabled
[    0.564972] pci 0000:00:15.7:   MEM window: 0xcc000000-0xcc0fffff
[    0.564998] pci 0000:00:15.7:   PREFETCH window: 0x000000da600000-0x000000da6fffff
[    0.565052] pci 0000:00:16.0: PCI bridge, secondary bus 0000:0b
[    0.565069] pci 0000:00:16.0:   IO window: 0x5000-0x5fff
[    0.565107] pci 0000:00:16.0:   MEM window: 0xca500000-0xca5fffff
[    0.565134] pci 0000:00:16.0:   PREFETCH window: 0x000000d8b00000-0x000000d8bfffff
[    0.565190] pci 0000:00:16.1: PCI bridge, secondary bus 0000:0c
[    0.565207] pci 0000:00:16.1:   IO window: 0x9000-0x9fff
[    0.565244] pci 0000:00:16.1:   MEM window: 0xca900000-0xca9fffff
[    0.565270] pci 0000:00:16.1:   PREFETCH window: 0x000000d8f00000-0x000000d8ffffff
[    0.565324] pci 0000:00:16.2: PCI bridge, secondary bus 0000:0d
[    0.565339] pci 0000:00:16.2:   IO window: 0xd000-0xdfff
[    0.565377] pci 0000:00:16.2:   MEM window: 0xcad00000-0xcadfffff
[    0.565403] pci 0000:00:16.2:   PREFETCH window: 0x000000d9300000-0x000000d93fffff
[    0.565460] pci 0000:00:16.3: PCI bridge, secondary bus 0000:0e
[    0.565462] pci 0000:00:16.3:   IO window: disabled
[    0.565500] pci 0000:00:16.3:   MEM window: 0xcb100000-0xcb1fffff
[    0.565528] pci 0000:00:16.3:   PREFETCH window: 0x000000d9700000-0x000000d97fffff
[    0.565586] pci 0000:00:16.4: PCI bridge, secondary bus 0000:0f
[    0.565588] pci 0000:00:16.4:   IO window: disabled
[    0.565624] pci 0000:00:16.4:   MEM window: 0xcb500000-0xcb5fffff
[    0.565646] pci 0000:00:16.4:   PREFETCH window: 0x000000d9b00000-0x000000d9bfffff
[    0.565694] pci 0000:00:16.5: PCI bridge, secondary bus 0000:10
[    0.565696] pci 0000:00:16.5:   IO window: disabled
[    0.565733] pci 0000:00:16.5:   MEM window: 0xcb900000-0xcb9fffff
[    0.565756] pci 0000:00:16.5:   PREFETCH window: 0x000000d9f00000-0x000000d9ffffff
[    0.565811] pci 0000:00:16.6: PCI bridge, secondary bus 0000:11
[    0.565813] pci 0000:00:16.6:   IO window: disabled
[    0.565851] pci 0000:00:16.6:   MEM window: 0xcbd00000-0xcbdfffff
[    0.565875] pci 0000:00:16.6:   PREFETCH window: 0x000000da300000-0x000000da3fffff
[    0.565928] pci 0000:00:16.7: PCI bridge, secondary bus 0000:12
[    0.565930] pci 0000:00:16.7:   IO window: disabled
[    0.565971] pci 0000:00:16.7:   MEM window: 0xcc100000-0xcc1fffff
[    0.565996] pci 0000:00:16.7:   PREFETCH window: 0x000000da700000-0x000000da7fffff
[    0.566049] pci 0000:00:17.0: PCI bridge, secondary bus 0000:13
[    0.566075] pci 0000:00:17.0:   IO window: 0x6000-0x6fff
[    0.566116] pci 0000:00:17.0:   MEM window: 0xca600000-0xca6fffff
[    0.566144] pci 0000:00:17.0:   PREFETCH window: 0x000000d8c00000-0x000000d8cfffff
[    0.566204] pci 0000:00:17.1: PCI bridge, secondary bus 0000:14
[    0.566221] pci 0000:00:17.1:   IO window: 0xa000-0xafff
[    0.566262] pci 0000:00:17.1:   MEM window: 0xcaa00000-0xcaafffff
[    0.566289] pci 0000:00:17.1:   PREFETCH window: 0x000000d9000000-0x000000d90fffff
[    0.566351] pci 0000:00:17.2: PCI bridge, secondary bus 0000:15
[    0.566367] pci 0000:00:17.2:   IO window: 0xe000-0xefff
[    0.566406] pci 0000:00:17.2:   MEM window: 0xcae00000-0xcaefffff
[    0.566436] pci 0000:00:17.2:   PREFETCH window: 0x000000d9400000-0x000000d94fffff
[    0.566516] pci 0000:00:17.3: PCI bridge, secondary bus 0000:16
[    0.566519] pci 0000:00:17.3:   IO window: disabled
[    0.566559] pci 0000:00:17.3:   MEM window: 0xcb200000-0xcb2fffff
[    0.566586] pci 0000:00:17.3:   PREFETCH window: 0x000000d9800000-0x000000d98fffff
[    0.566643] pci 0000:00:17.4: PCI bridge, secondary bus 0000:17
[    0.566646] pci 0000:00:17.4:   IO window: disabled
[    0.566684] pci 0000:00:17.4:   MEM window: 0xcb600000-0xcb6fffff
[    0.566711] pci 0000:00:17.4:   PREFETCH window: 0x000000d9c00000-0x000000d9cfffff
[    0.566767] pci 0000:00:17.5: PCI bridge, secondary bus 0000:18
[    0.566770] pci 0000:00:17.5:   IO window: disabled
[    0.566808] pci 0000:00:17.5:   MEM window: 0xcba00000-0xcbafffff
[    0.566835] pci 0000:00:17.5:   PREFETCH window: 0x000000da000000-0x000000da0fffff
[    0.566896] pci 0000:00:17.6: PCI bridge, secondary bus 0000:19
[    0.566899] pci 0000:00:17.6:   IO window: disabled
[    0.566940] pci 0000:00:17.6:   MEM window: 0xcbe00000-0xcbefffff
[    0.566970] pci 0000:00:17.6:   PREFETCH window: 0x000000da400000-0x000000da4fffff
[    0.567030] pci 0000:00:17.7: PCI bridge, secondary bus 0000:1a
[    0.567034] pci 0000:00:17.7:   IO window: disabled
[    0.567141] pci 0000:00:17.7:   MEM window: 0xcc200000-0xcc2fffff
[    0.567168] pci 0000:00:17.7:   PREFETCH window: 0x000000da800000-0x000000da8fffff
[    0.567223] pci 0000:00:18.0: PCI bridge, secondary bus 0000:1b
[    0.567237] pci 0000:00:18.0:   IO window: 0x7000-0x7fff
[    0.567274] pci 0000:00:18.0:   MEM window: 0xca700000-0xca7fffff
[    0.567299] pci 0000:00:18.0:   PREFETCH window: 0x000000d8d00000-0x000000d8dfffff
[    0.567352] pci 0000:00:18.1: PCI bridge, secondary bus 0000:1c
[    0.567366] pci 0000:00:18.1:   IO window: 0xb000-0xbfff
[    0.567402] pci 0000:00:18.1:   MEM window: 0xcab00000-0xcabfffff
[    0.567428] pci 0000:00:18.1:   PREFETCH window: 0x000000d9100000-0x000000d91fffff
[    0.567481] pci 0000:00:18.2: PCI bridge, secondary bus 0000:1d
[    0.567495] pci 0000:00:18.2:   IO window: 0xf000-0xffff
[    0.567530] pci 0000:00:18.2:   MEM window: 0xcaf00000-0xcaffffff
[    0.567554] pci 0000:00:18.2:   PREFETCH window: 0x000000d9500000-0x000000d95fffff
[    0.567628] pci 0000:00:18.3: PCI bridge, secondary bus 0000:1e
[    0.567631] pci 0000:00:18.3:   IO window: disabled
[    0.567667] pci 0000:00:18.3:   MEM window: 0xcb300000-0xcb3fffff
[    0.567693] pci 0000:00:18.3:   PREFETCH window: 0x000000d9900000-0x000000d99fffff
[    0.567745] pci 0000:00:18.4: PCI bridge, secondary bus 0000:1f
[    0.567747] pci 0000:00:18.4:   IO window: disabled
[    0.567783] pci 0000:00:18.4:   MEM window: 0xcb700000-0xcb7fffff
[    0.567808] pci 0000:00:18.4:   PREFETCH window: 0x000000d9d00000-0x000000d9dfffff
[    0.567862] pci 0000:00:18.5: PCI bridge, secondary bus 0000:20
[    0.567863] pci 0000:00:18.5:   IO window: disabled
[    0.567899] pci 0000:00:18.5:   MEM window: 0xcbb00000-0xcbbfffff
[    0.567924] pci 0000:00:18.5:   PREFETCH window: 0x000000da100000-0x000000da1fffff
[    0.567976] pci 0000:00:18.6: PCI bridge, secondary bus 0000:21
[    0.567978] pci 0000:00:18.6:   IO window: disabled
[    0.568015] pci 0000:00:18.6:   MEM window: 0xcbf00000-0xcbffffff
[    0.568040] pci 0000:00:18.6:   PREFETCH window: 0x000000da500000-0x000000da5fffff
[    0.568098] pci 0000:00:18.7: PCI bridge, secondary bus 0000:22
[    0.568100] pci 0000:00:18.7:   IO window: disabled
[    0.568130] pci 0000:00:18.7:   MEM window: 0xcc300000-0xcc3fffff
[    0.568151] pci 0000:00:18.7:   PREFETCH window: 0x000000da900000-0x000000da9fffff
[    0.568227] pci 0000:00:01.0: setting latency timer to 64
[    0.568324] pci 0000:00:15.0: setting latency timer to 64
[    0.568391] pci 0000:00:15.1: setting latency timer to 64
[    0.568458] pci 0000:00:15.2: setting latency timer to 64
[    0.568524] pci 0000:00:15.3: setting latency timer to 64
[    0.568591] pci 0000:00:15.4: setting latency timer to 64
[    0.568657] pci 0000:00:15.5: setting latency timer to 64
[    0.568724] pci 0000:00:15.6: setting latency timer to 64
[    0.568791] pci 0000:00:15.7: setting latency timer to 64
[    0.568857] pci 0000:00:16.0: setting latency timer to 64
[    0.568924] pci 0000:00:16.1: setting latency timer to 64
[    0.568990] pci 0000:00:16.2: setting latency timer to 64
[    0.569066] pci 0000:00:16.3: setting latency timer to 64
[    0.569132] pci 0000:00:16.4: setting latency timer to 64
[    0.569199] pci 0000:00:16.5: setting latency timer to 64
[    0.569265] pci 0000:00:16.6: setting latency timer to 64
[    0.569332] pci 0000:00:16.7: setting latency timer to 64
[    0.569398] pci 0000:00:17.0: setting latency timer to 64
[    0.569465] pci 0000:00:17.1: setting latency timer to 64
[    0.569532] pci 0000:00:17.2: setting latency timer to 64
[    0.569598] pci 0000:00:17.3: setting latency timer to 64
[    0.569664] pci 0000:00:17.4: setting latency timer to 64
[    0.569730] pci 0000:00:17.5: setting latency timer to 64
[    0.569797] pci 0000:00:17.6: setting latency timer to 64
[    0.569863] pci 0000:00:17.7: setting latency timer to 64
[    0.569929] pci 0000:00:18.0: setting latency timer to 64
[    0.569995] pci 0000:00:18.1: setting latency timer to 64
[    0.570065] pci 0000:00:18.2: setting latency timer to 64
[    0.570162] pci 0000:00:18.3: setting latency timer to 64
[    0.570245] pci 0000:00:18.4: setting latency timer to 64
[    0.570333] pci 0000:00:18.5: setting latency timer to 64
[    0.570419] pci 0000:00:18.6: setting latency timer to 64
[    0.570502] pci 0000:00:18.7: setting latency timer to 64
[    0.570517] pci_bus 0000:00: resource 0 io:  [0x00-0xffff]
[    0.570520] pci_bus 0000:00: resource 1 mem: [0x000000-0xffffffffffffffff]
[    0.570524] pci_bus 0000:02: resource 0 io:  [0x2000-0x3fff]
[    0.570527] pci_bus 0000:02: resource 1 mem: [0xc9000000-0xca3fffff]
[    0.570529] pci_bus 0000:02: resource 2 pref mem [0xd8400000-0xd89fffff]
[    0.570531] pci_bus 0000:02: resource 3 io:  [0x00-0xffff]
[    0.570534] pci_bus 0000:02: resource 4 mem: [0x000000-0xffffffffffffffff]
[    0.570537] pci_bus 0000:03: resource 0 io:  [0x4000-0x4fff]
[    0.570540] pci_bus 0000:03: resource 1 mem: [0xca400000-0xca4fffff]
[    0.570543] pci_bus 0000:03: resource 2 pref mem [0xd8a00000-0xd8afffff]
[    0.570545] pci_bus 0000:04: resource 0 io:  [0x8000-0x8fff]
[    0.570548] pci_bus 0000:04: resource 1 mem: [0xca800000-0xca8fffff]
[    0.570551] pci_bus 0000:04: resource 2 pref mem [0xd8e00000-0xd8efffff]
[    0.570554] pci_bus 0000:05: resource 0 io:  [0xc000-0xcfff]
[    0.570556] pci_bus 0000:05: resource 1 mem: [0xcac00000-0xcacfffff]
[    0.570558] pci_bus 0000:05: resource 2 pref mem [0xd9200000-0xd92fffff]
[    0.570560] pci_bus 0000:06: resource 1 mem: [0xcb000000-0xcb0fffff]
[    0.570563] pci_bus 0000:06: resource 2 pref mem [0xd9600000-0xd96fffff]
[    0.570566] pci_bus 0000:07: resource 1 mem: [0xcb400000-0xcb4fffff]
[    0.570569] pci_bus 0000:07: resource 2 pref mem [0xd9a00000-0xd9afffff]
[    0.570572] pci_bus 0000:08: resource 1 mem: [0xcb800000-0xcb8fffff]
[    0.570574] pci_bus 0000:08: resource 2 pref mem [0xd9e00000-0xd9efffff]
[    0.570577] pci_bus 0000:09: resource 1 mem: [0xcbc00000-0xcbcfffff]
[    0.570580] pci_bus 0000:09: resource 2 pref mem [0xda200000-0xda2fffff]
[    0.570583] pci_bus 0000:0a: resource 1 mem: [0xcc000000-0xcc0fffff]
[    0.570585] pci_bus 0000:0a: resource 2 pref mem [0xda600000-0xda6fffff]
[    0.570587] pci_bus 0000:0b: resource 0 io:  [0x5000-0x5fff]
[    0.570589] pci_bus 0000:0b: resource 1 mem: [0xca500000-0xca5fffff]
[    0.570592] pci_bus 0000:0b: resource 2 pref mem [0xd8b00000-0xd8bfffff]
[    0.570595] pci_bus 0000:0c: resource 0 io:  [0x9000-0x9fff]
[    0.570597] pci_bus 0000:0c: resource 1 mem: [0xca900000-0xca9fffff]
[    0.570600] pci_bus 0000:0c: resource 2 pref mem [0xd8f00000-0xd8ffffff]
[    0.570603] pci_bus 0000:0d: resource 0 io:  [0xd000-0xdfff]
[    0.570606] pci_bus 0000:0d: resource 1 mem: [0xcad00000-0xcadfffff]
[    0.570609] pci_bus 0000:0d: resource 2 pref mem [0xd9300000-0xd93fffff]
[    0.570612] pci_bus 0000:0e: resource 1 mem: [0xcb100000-0xcb1fffff]
[    0.570614] pci_bus 0000:0e: resource 2 pref mem [0xd9700000-0xd97fffff]
[    0.570616] pci_bus 0000:0f: resource 1 mem: [0xcb500000-0xcb5fffff]
[    0.570618] pci_bus 0000:0f: resource 2 pref mem [0xd9b00000-0xd9bfffff]
[    0.570621] pci_bus 0000:10: resource 1 mem: [0xcb900000-0xcb9fffff]
[    0.570624] pci_bus 0000:10: resource 2 pref mem [0xd9f00000-0xd9ffffff]
[    0.570626] pci_bus 0000:11: resource 1 mem: [0xcbd00000-0xcbdfffff]
[    0.570629] pci_bus 0000:11: resource 2 pref mem [0xda300000-0xda3fffff]
[    0.570632] pci_bus 0000:12: resource 1 mem: [0xcc100000-0xcc1fffff]
[    0.570635] pci_bus 0000:12: resource 2 pref mem [0xda700000-0xda7fffff]
[    0.570638] pci_bus 0000:13: resource 0 io:  [0x6000-0x6fff]
[    0.570642] pci_bus 0000:13: resource 1 mem: [0xca600000-0xca6fffff]
[    0.570644] pci_bus 0000:13: resource 2 pref mem [0xd8c00000-0xd8cfffff]
[    0.570646] pci_bus 0000:14: resource 0 io:  [0xa000-0xafff]
[    0.570648] pci_bus 0000:14: resource 1 mem: [0xcaa00000-0xcaafffff]
[    0.570649] pci_bus 0000:14: resource 2 pref mem [0xd9000000-0xd90fffff]
[    0.570651] pci_bus 0000:15: resource 0 io:  [0xe000-0xefff]
[    0.570653] pci_bus 0000:15: resource 1 mem: [0xcae00000-0xcaefffff]
[    0.570655] pci_bus 0000:15: resource 2 pref mem [0xd9400000-0xd94fffff]
[    0.570658] pci_bus 0000:16: resource 1 mem: [0xcb200000-0xcb2fffff]
[    0.570661] pci_bus 0000:16: resource 2 pref mem [0xd9800000-0xd98fffff]
[    0.570664] pci_bus 0000:17: resource 1 mem: [0xcb600000-0xcb6fffff]
[    0.570667] pci_bus 0000:17: resource 2 pref mem [0xd9c00000-0xd9cfffff]
[    0.570670] pci_bus 0000:18: resource 1 mem: [0xcba00000-0xcbafffff]
[    0.570673] pci_bus 0000:18: resource 2 pref mem [0xda000000-0xda0fffff]
[    0.570676] pci_bus 0000:19: resource 1 mem: [0xcbe00000-0xcbefffff]
[    0.570678] pci_bus 0000:19: resource 2 pref mem [0xda400000-0xda4fffff]
[    0.570681] pci_bus 0000:1a: resource 1 mem: [0xcc200000-0xcc2fffff]
[    0.570683] pci_bus 0000:1a: resource 2 pref mem [0xda800000-0xda8fffff]
[    0.570685] pci_bus 0000:1b: resource 0 io:  [0x7000-0x7fff]
[    0.570687] pci_bus 0000:1b: resource 1 mem: [0xca700000-0xca7fffff]
[    0.570690] pci_bus 0000:1b: resource 2 pref mem [0xd8d00000-0xd8dfffff]
[    0.570693] pci_bus 0000:1c: resource 0 io:  [0xb000-0xbfff]
[    0.570696] pci_bus 0000:1c: resource 1 mem: [0xcab00000-0xcabfffff]
[    0.570698] pci_bus 0000:1c: resource 2 pref mem [0xd9100000-0xd91fffff]
[    0.570701] pci_bus 0000:1d: resource 0 io:  [0xf000-0xffff]
[    0.570704] pci_bus 0000:1d: resource 1 mem: [0xcaf00000-0xcaffffff]
[    0.570707] pci_bus 0000:1d: resource 2 pref mem [0xd9500000-0xd95fffff]
[    0.570709] pci_bus 0000:1e: resource 1 mem: [0xcb300000-0xcb3fffff]
[    0.570711] pci_bus 0000:1e: resource 2 pref mem [0xd9900000-0xd99fffff]
[    0.570713] pci_bus 0000:1f: resource 1 mem: [0xcb700000-0xcb7fffff]
[    0.570716] pci_bus 0000:1f: resource 2 pref mem [0xd9d00000-0xd9dfffff]
[    0.570719] pci_bus 0000:20: resource 1 mem: [0xcbb00000-0xcbbfffff]
[    0.570721] pci_bus 0000:20: resource 2 pref mem [0xda100000-0xda1fffff]
[    0.570724] pci_bus 0000:21: resource 1 mem: [0xcbf00000-0xcbffffff]
[    0.570727] pci_bus 0000:21: resource 2 pref mem [0xda500000-0xda5fffff]
[    0.570730] pci_bus 0000:22: resource 1 mem: [0xcc300000-0xcc3fffff]
[    0.570733] pci_bus 0000:22: resource 2 pref mem [0xda900000-0xda9fffff]
[    0.570764] NET: Registered protocol family 2
[    0.570787] RANDOM - __random32 called. Change num 7.  Value: e4915c27	228b7335	4c33f162
[    0.570790] RANDOM - random32 called.  Value: e4915c27	228b7335	4c33f162
[    0.570801] random 0000 0000 0000 00000000 00000000: rand_read_num 2 get_random_bytes(4): sig fffffe1a 00000000 00000000
[    0.570805] random 0000 0000 0000 00000000 00000000: extract_entropy(.. 4 ..)
[    0.570809] random 0000 0000 0000 00000000 00000000: going to reseed nonblocking with 64 bits (32 of 0 requested)
[    0.570812] random 0000 0000 0000 00000000 00000000: extract_entropy(.. 8 ..)
[    0.570815] random 0000 0000 0000 00000000 00000000: trying to extract 64 bits from input
[    0.570818] random 0000 0000 0000 00000000 00000000: debiting 0 entropy credits from input
[    0.570822] random 0000 0000 0000 00000000 00000000: extract_entropy account returned: 0 
[    0.570825] random 0000 0000 0000 00000000 00000000: urand_change_num 3 xfer_secondary_pool(4): pool_sig fffffe1a, data_sig 00000000, bytes_mixed 0 00000000 00000000
[    0.570828] random 0000 0000 0000 00000000 00000000: trying to extract 32 bits from nonblocking
[    0.570832] random 0000 0000 0000 00000000 00000000: debiting 32 entropy credits from nonblocking (unlimited)
[    0.570835] random 0000 0000 0000 00000000 00000000: extract_entropy account returned: 4 
[    0.570840] random 0000 0000 0000 00000000 00000000: urand_change_num 4 extract_buf: pool_sig fffffe1a, data_sig fffffed7, bytes_mixed 20 00000000 00000000
[    0.570882] IP route cache hash table entries: 32768 (order: 5, 131072 bytes)
[    0.570991] RANDOM - __random32 called. Change num 8.  Value: 15c279e2	28b73354	e2c5b58f
[    0.570995] RANDOM - random32 called.  Value: 15c279e2	28b73354	e2c5b58f
[    0.571104] RANDOM - __random32 called. Change num 9.  Value: 279e2b5f	8b733545	6b1e9d03
[    0.571107] RANDOM - random32 called.  Value: 279e2b5f	8b733545	6b1e9d03
[    0.571110] RANDOM - __random32 called. Change num 10.  Value: e2b5fc5e	b7335453	3a067d4e
[    0.571113] RANDOM - random32 called.  Value: e2b5fc5e	b7335453	3a067d4e
[    0.571143] RANDOM - __random32 called. Change num 11.  Value: 5fc5eba7	73354535	fa9d46b2
[    0.571146] RANDOM - random32 called.  Value: 5fc5eba7	73354535	fa9d46b2
[    0.571162] TCP established hash table entries: 131072 (order: 8, 1048576 bytes)
[    0.571272] TCP bind hash table entries: 65536 (order: 7, 524288 bytes)
[    0.571381] TCP: Hash tables configured (established 131072 bind 65536)
[    0.571384] TCP reno registered
[    0.571433] NET: Registered protocol family 1
[    0.571447] pci 0000:00:00.0: Limiting direct PCI/PCI transfers
[    0.571475] pci 0000:00:0f.0: Boot video device
[    0.571704] Trying to unpack rootfs image as initramfs...
[    1.753909] Freeing initrd memory: 83430k freed
[    1.757916] Simple Boot Flag at 0x36 set to 0x1
[    1.757961] cpufreq-nforce2: No nForce2 chipset.
[    1.757974] Scanning for low memory corruption every 60 seconds
[    1.758090] audit: initializing netlink socket (disabled)
[    1.758098] type=2000 audit(1369438725.744:1): initialized
[    1.762019] highmem bounce pool size: 64 pages
[    1.762024] HugeTLB registered 2 MB page size, pre-allocated 0 pages
[    1.762116] VFS: Disk quotas dquot_6.5.2
[    1.762146] Dquot-cache hash table entries: 1024 (order 0, 4096 bytes)
[    1.762222] fuse init (API version 7.13)
[    1.762266] msgmni has been set to 1729
[    1.762553] alg: No test for stdrng (krng)
[    1.762586] Block layer SCSI generic (bsg) driver version 0.4 loaded (major 253)
[    1.762589] io scheduler noop registered
[    1.762590] io scheduler anticipatory registered
[    1.762592] io scheduler deadline registered
[    1.762611] io scheduler cfq registered (default)
[    1.762655]   alloc irq_desc for 24 on node -1
[    1.762658]   alloc kstat_irqs on node -1
[    1.762702] pcieport 0000:00:15.0: irq 24 for MSI/MSI-X
[    1.762746] pcieport 0000:00:15.0: setting latency timer to 64
[    1.762790]   alloc irq_desc for 25 on node -1
[    1.762794]   alloc kstat_irqs on node -1
[    1.762838] pcieport 0000:00:15.1: irq 25 for MSI/MSI-X
[    1.762882] pcieport 0000:00:15.1: setting latency timer to 64
[    1.762927]   alloc irq_desc for 26 on node -1
[    1.762929]   alloc kstat_irqs on node -1
[    1.762973] pcieport 0000:00:15.2: irq 26 for MSI/MSI-X
[    1.763017] pcieport 0000:00:15.2: setting latency timer to 64
[    1.763062]   alloc irq_desc for 27 on node -1
[    1.763064]   alloc kstat_irqs on node -1
[    1.763108] pcieport 0000:00:15.3: irq 27 for MSI/MSI-X
[    1.763152] pcieport 0000:00:15.3: setting latency timer to 64
[    1.763197]   alloc irq_desc for 28 on node -1
[    1.763199]   alloc kstat_irqs on node -1
[    1.763243] pcieport 0000:00:15.4: irq 28 for MSI/MSI-X
[    1.763287] pcieport 0000:00:15.4: setting latency timer to 64
[    1.763332]   alloc irq_desc for 29 on node -1
[    1.763334]   alloc kstat_irqs on node -1
[    1.763378] pcieport 0000:00:15.5: irq 29 for MSI/MSI-X
[    1.763422] pcieport 0000:00:15.5: setting latency timer to 64
[    1.763466]   alloc irq_desc for 30 on node -1
[    1.763468]   alloc kstat_irqs on node -1
[    1.763513] pcieport 0000:00:15.6: irq 30 for MSI/MSI-X
[    1.763557] pcieport 0000:00:15.6: setting latency timer to 64
[    1.763601]   alloc irq_desc for 31 on node -1
[    1.763603]   alloc kstat_irqs on node -1
[    1.763647] pcieport 0000:00:15.7: irq 31 for MSI/MSI-X
[    1.763692] pcieport 0000:00:15.7: setting latency timer to 64
[    1.763736]   alloc irq_desc for 32 on node -1
[    1.763738]   alloc kstat_irqs on node -1
[    1.763782] pcieport 0000:00:16.0: irq 32 for MSI/MSI-X
[    1.763826] pcieport 0000:00:16.0: setting latency timer to 64
[    1.763871]   alloc irq_desc for 33 on node -1
[    1.763873]   alloc kstat_irqs on node -1
[    1.763917] pcieport 0000:00:16.1: irq 33 for MSI/MSI-X
[    1.763961] pcieport 0000:00:16.1: setting latency timer to 64
[    1.764006]   alloc irq_desc for 34 on node -1
[    1.764008]   alloc kstat_irqs on node -1
[    1.764052] pcieport 0000:00:16.2: irq 34 for MSI/MSI-X
[    1.764096] pcieport 0000:00:16.2: setting latency timer to 64
[    1.764140]   alloc irq_desc for 35 on node -1
[    1.764142]   alloc kstat_irqs on node -1
[    1.764187] pcieport 0000:00:16.3: irq 35 for MSI/MSI-X
[    1.764231] pcieport 0000:00:16.3: setting latency timer to 64
[    1.764275]   alloc irq_desc for 36 on node -1
[    1.764277]   alloc kstat_irqs on node -1
[    1.764321] pcieport 0000:00:16.4: irq 36 for MSI/MSI-X
[    1.764366] pcieport 0000:00:16.4: setting latency timer to 64
[    1.764410]   alloc irq_desc for 37 on node -1
[    1.764412]   alloc kstat_irqs on node -1
[    1.764456] pcieport 0000:00:16.5: irq 37 for MSI/MSI-X
[    1.764500] pcieport 0000:00:16.5: setting latency timer to 64
[    1.764545]   alloc irq_desc for 38 on node -1
[    1.764547]   alloc kstat_irqs on node -1
[    1.764591] pcieport 0000:00:16.6: irq 38 for MSI/MSI-X
[    1.764635] pcieport 0000:00:16.6: setting latency timer to 64
[    1.764680]   alloc irq_desc for 39 on node -1
[    1.764682]   alloc kstat_irqs on node -1
[    1.764726] pcieport 0000:00:16.7: irq 39 for MSI/MSI-X
[    1.764770] pcieport 0000:00:16.7: setting latency timer to 64
[    1.765954]   alloc irq_desc for 40 on node -1
[    1.765956]   alloc kstat_irqs on node -1
[    1.766006] pcieport 0000:00:17.0: irq 40 for MSI/MSI-X
[    1.766056] pcieport 0000:00:17.0: setting latency timer to 64
[    1.766107]   alloc irq_desc for 41 on node -1
[    1.766109]   alloc kstat_irqs on node -1
[    1.766159] pcieport 0000:00:17.1: irq 41 for MSI/MSI-X
[    1.766209] pcieport 0000:00:17.1: setting latency timer to 64
[    1.766259]   alloc irq_desc for 42 on node -1
[    1.766262]   alloc kstat_irqs on node -1
[    1.766312] pcieport 0000:00:17.2: irq 42 for MSI/MSI-X
[    1.766362] pcieport 0000:00:17.2: setting latency timer to 64
[    1.766413]   alloc irq_desc for 43 on node -1
[    1.766415]   alloc kstat_irqs on node -1
[    1.766465] pcieport 0000:00:17.3: irq 43 for MSI/MSI-X
[    1.766515] pcieport 0000:00:17.3: setting latency timer to 64
[    1.766565]   alloc irq_desc for 44 on node -1
[    1.766567]   alloc kstat_irqs on node -1
[    1.766618] pcieport 0000:00:17.4: irq 44 for MSI/MSI-X
[    1.766668] pcieport 0000:00:17.4: setting latency timer to 64
[    1.766718]   alloc irq_desc for 45 on node -1
[    1.766720]   alloc kstat_irqs on node -1
[    1.766770] pcieport 0000:00:17.5: irq 45 for MSI/MSI-X
[    1.766821] pcieport 0000:00:17.5: setting latency timer to 64
[    1.766871]   alloc irq_desc for 46 on node -1
[    1.766873]   alloc kstat_irqs on node -1
[    1.766923] pcieport 0000:00:17.6: irq 46 for MSI/MSI-X
[    1.766973] pcieport 0000:00:17.6: setting latency timer to 64
[    1.767024]   alloc irq_desc for 47 on node -1
[    1.767026]   alloc kstat_irqs on node -1
[    1.767076] pcieport 0000:00:17.7: irq 47 for MSI/MSI-X
[    1.767126] pcieport 0000:00:17.7: setting latency timer to 64
[    1.767176]   alloc irq_desc for 48 on node -1
[    1.767178]   alloc kstat_irqs on node -1
[    1.767229] pcieport 0000:00:18.0: irq 48 for MSI/MSI-X
[    1.767279] pcieport 0000:00:18.0: setting latency timer to 64
[    1.767329]   alloc irq_desc for 49 on node -1
[    1.767331]   alloc kstat_irqs on node -1
[    1.767381] pcieport 0000:00:18.1: irq 49 for MSI/MSI-X
[    1.767432] pcieport 0000:00:18.1: setting latency timer to 64
[    1.767482]   alloc irq_desc for 50 on node -1
[    1.767484]   alloc kstat_irqs on node -1
[    1.767534] pcieport 0000:00:18.2: irq 50 for MSI/MSI-X
[    1.767584] pcieport 0000:00:18.2: setting latency timer to 64
[    1.767635]   alloc irq_desc for 51 on node -1
[    1.767637]   alloc kstat_irqs on node -1
[    1.767687] pcieport 0000:00:18.3: irq 51 for MSI/MSI-X
[    1.767737] pcieport 0000:00:18.3: setting latency timer to 64
[    1.767787]   alloc irq_desc for 52 on node -1
[    1.767790]   alloc kstat_irqs on node -1
[    1.767840] pcieport 0000:00:18.4: irq 52 for MSI/MSI-X
[    1.767890] pcieport 0000:00:18.4: setting latency timer to 64
[    1.767941]   alloc irq_desc for 53 on node -1
[    1.767943]   alloc kstat_irqs on node -1
[    1.767993] pcieport 0000:00:18.5: irq 53 for MSI/MSI-X
[    1.768043] pcieport 0000:00:18.5: setting latency timer to 64
[    1.768093]   alloc irq_desc for 54 on node -1
[    1.768095]   alloc kstat_irqs on node -1
[    1.768146] pcieport 0000:00:18.6: irq 54 for MSI/MSI-X
[    1.768196] pcieport 0000:00:18.6: setting latency timer to 64
[    1.768246]   alloc irq_desc for 55 on node -1
[    1.768248]   alloc kstat_irqs on node -1
[    1.768298] pcieport 0000:00:18.7: irq 55 for MSI/MSI-X
[    1.768348] pcieport 0000:00:18.7: setting latency timer to 64
[    1.768399] pci_hotplug: PCI Hot Plug PCI Core version: 0.5
[    1.769969] pciehp 0000:00:15.0:pcie04: HPC vendor_id 15ad device_id 7a0 ss_vid 0 ss_did 0
[    1.770019] pciehp 0000:00:15.0:pcie04: service driver pciehp loaded
[    1.770069] pciehp 0000:00:15.1:pcie04: HPC vendor_id 15ad device_id 7a0 ss_vid 0 ss_did 0
[    1.770119] pciehp 0000:00:15.1:pcie04: service driver pciehp loaded
[    1.770170] pciehp 0000:00:15.2:pcie04: HPC vendor_id 15ad device_id 7a0 ss_vid 0 ss_did 0
[    1.770220] pciehp 0000:00:15.2:pcie04: service driver pciehp loaded
[    1.770270] pciehp 0000:00:15.3:pcie04: HPC vendor_id 15ad device_id 7a0 ss_vid 0 ss_did 0
[    1.770320] pciehp 0000:00:15.3:pcie04: service driver pciehp loaded
[    1.770371] pciehp 0000:00:15.4:pcie04: HPC vendor_id 15ad device_id 7a0 ss_vid 0 ss_did 0
[    1.770421] pciehp 0000:00:15.4:pcie04: service driver pciehp loaded
[    1.770471] pciehp 0000:00:15.5:pcie04: HPC vendor_id 15ad device_id 7a0 ss_vid 0 ss_did 0
[    1.770521] pciehp 0000:00:15.5:pcie04: service driver pciehp loaded
[    1.770572] pciehp 0000:00:15.6:pcie04: HPC vendor_id 15ad device_id 7a0 ss_vid 0 ss_did 0
[    1.770622] pciehp 0000:00:15.6:pcie04: service driver pciehp loaded
[    1.770672] pciehp 0000:00:15.7:pcie04: HPC vendor_id 15ad device_id 7a0 ss_vid 0 ss_did 0
[    1.770722] pciehp 0000:00:15.7:pcie04: service driver pciehp loaded
[    1.770773] pciehp 0000:00:16.0:pcie04: HPC vendor_id 15ad device_id 7a0 ss_vid 0 ss_did 0
[    1.770823] pciehp 0000:00:16.0:pcie04: service driver pciehp loaded
[    1.770873] pciehp 0000:00:16.1:pcie04: HPC vendor_id 15ad device_id 7a0 ss_vid 0 ss_did 0
[    1.770923] pciehp 0000:00:16.1:pcie04: service driver pciehp loaded
[    1.770974] pciehp 0000:00:16.2:pcie04: HPC vendor_id 15ad device_id 7a0 ss_vid 0 ss_did 0
[    1.771024] pciehp 0000:00:16.2:pcie04: service driver pciehp loaded
[    1.771074] pciehp 0000:00:16.3:pcie04: HPC vendor_id 15ad device_id 7a0 ss_vid 0 ss_did 0
[    1.771124] pciehp 0000:00:16.3:pcie04: service driver pciehp loaded
[    1.771175] pciehp 0000:00:16.4:pcie04: HPC vendor_id 15ad device_id 7a0 ss_vid 0 ss_did 0
[    1.771225] pciehp 0000:00:16.4:pcie04: service driver pciehp loaded
[    1.771275] pciehp 0000:00:16.5:pcie04: HPC vendor_id 15ad device_id 7a0 ss_vid 0 ss_did 0
[    1.771325] pciehp 0000:00:16.5:pcie04: service driver pciehp loaded
[    1.771375] pciehp 0000:00:16.6:pcie04: HPC vendor_id 15ad device_id 7a0 ss_vid 0 ss_did 0
[    1.771426] pciehp 0000:00:16.6:pcie04: service driver pciehp loaded
[    1.771476] pciehp 0000:00:16.7:pcie04: HPC vendor_id 15ad device_id 7a0 ss_vid 0 ss_did 0
[    1.771526] pciehp 0000:00:16.7:pcie04: service driver pciehp loaded
[    1.771576] pciehp 0000:00:17.0:pcie04: HPC vendor_id 15ad device_id 7a0 ss_vid 0 ss_did 0
[    1.771627] pciehp 0000:00:17.0:pcie04: service driver pciehp loaded
[    1.771677] pciehp 0000:00:17.1:pcie04: HPC vendor_id 15ad device_id 7a0 ss_vid 0 ss_did 0
[    1.771727] pciehp 0000:00:17.1:pcie04: service driver pciehp loaded
[    1.771777] pciehp 0000:00:17.2:pcie04: HPC vendor_id 15ad device_id 7a0 ss_vid 0 ss_did 0
[    1.771828] pciehp 0000:00:17.2:pcie04: service driver pciehp loaded
[    1.771878] pciehp 0000:00:17.3:pcie04: HPC vendor_id 15ad device_id 7a0 ss_vid 0 ss_did 0
[    1.771928] pciehp 0000:00:17.3:pcie04: service driver pciehp loaded
[    1.771978] pciehp 0000:00:17.4:pcie04: HPC vendor_id 15ad device_id 7a0 ss_vid 0 ss_did 0
[    1.772029] pciehp 0000:00:17.4:pcie04: service driver pciehp loaded
[    1.772079] pciehp 0000:00:17.5:pcie04: HPC vendor_id 15ad device_id 7a0 ss_vid 0 ss_did 0
[    1.772129] pciehp 0000:00:17.5:pcie04: service driver pciehp loaded
[    1.772179] pciehp 0000:00:17.6:pcie04: HPC vendor_id 15ad device_id 7a0 ss_vid 0 ss_did 0
[    1.772230] pciehp 0000:00:17.6:pcie04: service driver pciehp loaded
[    1.772280] pciehp 0000:00:17.7:pcie04: HPC vendor_id 15ad device_id 7a0 ss_vid 0 ss_did 0
[    1.772330] pciehp 0000:00:17.7:pcie04: service driver pciehp loaded
[    1.772380] pciehp 0000:00:18.0:pcie04: HPC vendor_id 15ad device_id 7a0 ss_vid 0 ss_did 0
[    1.772431] pciehp 0000:00:18.0:pcie04: service driver pciehp loaded
[    1.772481] pciehp 0000:00:18.1:pcie04: HPC vendor_id 15ad device_id 7a0 ss_vid 0 ss_did 0
[    1.772531] pciehp 0000:00:18.1:pcie04: service driver pciehp loaded
[    1.772581] pciehp 0000:00:18.2:pcie04: HPC vendor_id 15ad device_id 7a0 ss_vid 0 ss_did 0
[    1.772632] pciehp 0000:00:18.2:pcie04: service driver pciehp loaded
[    1.772682] pciehp 0000:00:18.3:pcie04: HPC vendor_id 15ad device_id 7a0 ss_vid 0 ss_did 0
[    1.772732] pciehp 0000:00:18.3:pcie04: service driver pciehp loaded
[    1.772782] pciehp 0000:00:18.4:pcie04: HPC vendor_id 15ad device_id 7a0 ss_vid 0 ss_did 0
[    1.772833] pciehp 0000:00:18.4:pcie04: service driver pciehp loaded
[    1.772883] pciehp 0000:00:18.5:pcie04: HPC vendor_id 15ad device_id 7a0 ss_vid 0 ss_did 0
[    1.772933] pciehp 0000:00:18.5:pcie04: service driver pciehp loaded
[    1.772983] pciehp 0000:00:18.6:pcie04: HPC vendor_id 15ad device_id 7a0 ss_vid 0 ss_did 0
[    1.773034] pciehp 0000:00:18.6:pcie04: service driver pciehp loaded
[    1.773084] pciehp 0000:00:18.7:pcie04: HPC vendor_id 15ad device_id 7a0 ss_vid 0 ss_did 0
[    1.773134] pciehp 0000:00:18.7:pcie04: service driver pciehp loaded
[    1.773142] pciehp: PCI Express Hot Plug Controller Driver version: 0.4
[    1.773196] ACPI: AC Adapter [ACAD] (on-line)
[    1.773250] input: Power Button as /devices/LNXSYSTM:00/LNXPWRBN:00/input/input0
[    1.773253] ACPI: Power Button [PWRF]
[    1.773303] processor LNXCPU:00: registered as cooling_device0
[    1.813851] isapnp: Scanning for PnP cards...
[    2.167431] isapnp: No Plug & Play device found
[    2.167462] random 0000 0000 0000 5f8db4e5 4cfdf2a8: initializing
[    2.167584] Linux agpgart interface v0.103
[    2.167625] agpgart-intel 0000:00:00.0: Intel 440BX Chipset
[    2.167675] agpgart-intel 0000:00:00.0: AGP aperture is 256M @ 0x0
[    2.167708] Serial: 8250/16550 driver, 32 ports, IRQ sharing enabled
[    2.167758] serial8250: ttyS0 at I/O 0x3f8 (irq = 4) is a 16550A
[    2.167808] serial8250: ttyS1 at I/O 0x2f8 (irq = 3) is a 16550A
[    2.167858] 00:0a: ttyS0 at I/O 0x3f8 (irq = 4) is a 16550A
[    2.167909] 00:0b: ttyS1 at I/O 0x2f8 (irq = 3) is a 16550A
[    2.167959] brd: module loaded
[    2.168009] loop: module loaded
[    2.168059] ata_piix 0000:00:07.1: version 2.13
[    2.168140] scsi0 : ata_piix
[    2.168189] scsi1 : ata_piix
[    2.168209] ata1: PATA max UDMA/33 cmd 0x1f0 ctl 0x3f6 bmdma 0x10c0 irq 14
[    2.168212] ata2: PATA max UDMA/33 cmd 0x170 ctl 0x376 bmdma 0x10c8 irq 15
[    2.168262] PPP generic driver version 2.4.2
[    2.168282] tun: Universal TUN/TAP device driver, 1.6
[    2.168284] tun: (C) 1999-2004 Max Krasnyansky <maxk@qualcomm.com>
[    2.168334] ehci_hcd: USB 2.0 'Enhanced' Host Controller (EHCI) Driver
[    2.168385] ACPI: PCI Interrupt Link [LNKB] enabled at IRQ 11
[    2.168387] PCI: setting IRQ 11 as level-triggered
[    2.168395] ehci_hcd 0000:02:03.0: PCI INT A -> Link[LNKB] -> GSI 11 (level, low) -> IRQ 11
[    2.168433] ehci_hcd 0000:02:03.0: EHCI Host Controller
[    2.168456] ehci_hcd 0000:02:03.0: new USB bus registered, assigned bus number 1
[    2.168506] ehci_hcd 0000:02:03.0: cache line size of 32 is not supported
[    2.168513] ehci_hcd 0000:02:03.0: irq 11, io mem 0xc9000000
[    2.168817] random 0000 0000 0000 00000000 00000000: rand_read_num 3 get_random_bytes(8): sig 00000000 00000000 00000000
[    2.168820] random 0000 0000 0000 00000000 00000000: extract_entropy(.. 8 ..)
[    2.168823] random 0000 0000 0000 00000000 00000000: going to reseed nonblocking with 64 bits (64 of 0 requested)
[    2.168825] random 0000 0000 0000 00000000 00000000: extract_entropy(.. 8 ..)
[    2.168828] random 0000 0000 0000 00000000 00000000: trying to extract 64 bits from input
[    2.168830] random 0000 0000 0000 00000000 00000000: debiting 0 entropy credits from input
[    2.168832] random 0000 0000 0000 00000000 00000000: extract_entropy account returned: 0 
[    2.168835] random 0000 0000 0000 00000000 00000000: urand_change_num 5 xfer_secondary_pool(8): pool_sig 00000000, data_sig 00000000, bytes_mixed 0 00000000 00000000
[    2.168838] random 0000 0000 0000 00000000 00000000: trying to extract 64 bits from nonblocking
[    2.168841] random 0000 0000 0000 00000000 00000000: debiting 64 entropy credits from nonblocking (unlimited)
[    2.168843] random 0000 0000 0000 00000000 00000000: extract_entropy account returned: 8 
[    2.168846] random 0000 0000 0000 00000000 00000000: urand_change_num 6 extract_buf: pool_sig 00000000, data_sig fffffff9, bytes_mixed 20 00000000 00000000
[    2.177311] ehci_hcd 0000:02:03.0: USB 2.0 started, EHCI 1.00
[    2.177361] usb usb1: configuration #1 chosen from 1 choice
[    2.177379] hub 1-0:1.0: USB hub found
[    2.177384] hub 1-0:1.0: 6 ports detected
[    2.177418] ohci_hcd: USB 1.1 'Open' Host Controller (OHCI) Driver
[    2.177429] uhci_hcd: USB Universal Host Controller Interface driver
[    2.177479] ACPI: PCI Interrupt Link [LNKC] enabled at IRQ 10
[    2.177481] PCI: setting IRQ 10 as level-triggered
[    2.177485] uhci_hcd 0000:02:00.0: PCI INT A -> Link[LNKC] -> GSI 10 (level, low) -> IRQ 10
[    2.177517] uhci_hcd 0000:02:00.0: UHCI Host Controller
[    2.177544] uhci_hcd 0000:02:00.0: new USB bus registered, assigned bus number 2
[    2.177642] uhci_hcd 0000:02:00.0: irq 10, io base 0x000020c0
[    2.177692] usb usb2: configuration #1 chosen from 1 choice
[    2.177707] hub 2-0:1.0: USB hub found
[    2.177711] hub 2-0:1.0: 2 ports detected
[    2.177761] usbcore: registered new interface driver libusual
[    2.177797] PNP: PS/2 Controller [PNP0303:KBC,PNP0f13:MOUS] at 0x60,0x64 irq 1,12
[    2.178121] serio: i8042 KBD port at 0x60,0x64 irq 1
[    2.178128] serio: i8042 AUX port at 0x60,0x64 irq 12
[    2.178160] mice: PS/2 mouse device common for all mice
[    2.178210] rtc_cmos 00:04: rtc core: registered rtc_cmos as rtc0
[    2.178225] rtc0: alarms up to one month, y3k, 114 bytes nvram, hpet irqs
[    2.178276] device-mapper: uevent: version 1.0.3
[    2.178382] device-mapper: ioctl: 4.15.0-ioctl (2009-04-01) initialised: dm-devel@redhat.com
[    2.178399] EISA: Probing bus 0 at eisa.0
[    2.178405] Cannot allocate resource for EISA slot 1
[    2.178407] Cannot allocate resource for EISA slot 2
[    2.178409] Cannot allocate resource for EISA slot 3
[    2.178411] Cannot allocate resource for EISA slot 4
[    2.178412] Cannot allocate resource for EISA slot 5
[    2.178414] Cannot allocate resource for EISA slot 6
[    2.178416] Cannot allocate resource for EISA slot 7
[    2.178418] Cannot allocate resource for EISA slot 8
[    2.178419] EISA: Detected 0 cards.
[    2.178462] cpuidle: using governor ladder
[    2.178463] cpuidle: using governor menu
[    2.178514] random 0000 0000 0000 00000000 00000000: rand_read_num 4 get_random_bytes(136): sig 0000021d 00000000 00000000
[    2.178536] random 0000 0000 0000 00000000 00000000: extract_entropy(.. 136 ..)
[    2.178539] random 0000 0000 0000 00000000 00000000: going to reseed nonblocking with 1024 bits (1088 of 0 requested)
[    2.178541] random 0000 0000 0000 00000000 00000000: extract_entropy(.. 128 ..)
[    2.178543] random 0000 0000 0000 00000000 00000000: trying to extract 1024 bits from input
[    2.178545] random 0000 0000 0000 00000000 00000000: debiting 0 entropy credits from input
[    2.178547] random 0000 0000 0000 00000000 00000000: extract_entropy account returned: 0 
[    2.178550] random 0000 0000 0000 00000000 00000000: urand_change_num 7 xfer_secondary_pool(136): pool_sig 0000021d, data_sig 00000000, bytes_mixed 0 00000000 00000000
[    2.178552] random 0000 0000 0000 00000000 00000000: trying to extract 1088 bits from nonblocking
[    2.178555] random 0000 0000 0000 00000000 00000000: debiting 1088 entropy credits from nonblocking (unlimited)
[    2.178557] random 0000 0000 0000 00000000 00000000: extract_entropy account returned: 136 
[    2.178560] random 0000 0000 0000 00000000 00000000: urand_change_num 8 extract_buf: pool_sig 0000021d, data_sig fffffff7, bytes_mixed 20 00000000 00000000
[    2.178565] random 0000 0000 0000 f961ee50 ba9cb1aa: urand_change_num 9 extract_buf: pool_sig 00000230, data_sig fffffeb4, bytes_mixed 20 f961ee50 ba9cb1aa
[    2.178569] random 0000 0000 0000 9748bdd6 56fb8af6: urand_change_num 10 extract_buf: pool_sig 00000373, data_sig 000000cf, bytes_mixed 20 9748bdd6 56fb8af6
[    2.178573] random 0000 0000 0000 9748bdd6 56fb8af6: urand_change_num 11 extract_buf: pool_sig fffffe49, data_sig 0000023f, bytes_mixed 20 9748bdd6 56fb8af6
[    2.178578] random 0000 0000 0000 a135be86 4777650e: urand_change_num 12 extract_buf: pool_sig fffffcce, data_sig 000000c6, bytes_mixed 20 a135be86 4777650e
[    2.178583] random 0000 0000 0000 4a6ea85d 170e00dd: urand_change_num 13 extract_buf: pool_sig ffffff97, data_sig ffffff7d, bytes_mixed 20 4a6ea85d 170e00dd
[    2.178587] random 0000 0000 0000 4a6ea85d 170e00dd: urand_change_num 14 extract_buf: pool_sig 00000160, data_sig fffffeea, bytes_mixed 20 4a6ea85d 170e00dd
[    2.178595] random 0000 0000 0000 6e87c3cb da668c73: urand_change_num 15 extract_buf: pool_sig 0000034f, data_sig ffffff54, bytes_mixed 20 6e87c3cb da668c73
[    2.178599] random 0000 0000 0000 6e87c3cb da668c73: urand_change_num 16 extract_buf: pool_sig fffffdc5, data_sig 00000205, bytes_mixed 20 6e87c3cb da668c73
[    2.178603] random 0000 0000 0000 39f531e6 461eb249: urand_change_num 17 extract_buf: pool_sig fffffc1d, data_sig ffffff5e, bytes_mixed 20 39f531e6 461eb249
[    2.178607] random 0000 0000 0000 7e1538a2 3e661182: urand_change_num 18 extract_buf: pool_sig 000006ef, data_sig ffffff2e, bytes_mixed 20 7e1538a2 3e661182
[    2.178611] random 0000 0000 0000 7e1538a2 3e661182: urand_change_num 19 extract_buf: pool_sig 00000317, data_sig fffffccb, bytes_mixed 20 7e1538a2 3e661182
[    2.178616] random 0000 0000 0000 76af506b 9b57305e: urand_change_num 20 extract_buf: pool_sig 00000227, data_sig ffffffd2, bytes_mixed 20 76af506b 9b57305e
[    2.178620] random 0000 0000 0000 37d49d89 e20417cc: urand_change_num 21 extract_buf: pool_sig 0000080b, data_sig 000001e9, bytes_mixed 20 37d49d89 e20417cc
[    2.178624] TCP cubic registered
[    2.178674] NET: Registered protocol family 10
[    2.178707] RANDOM - __random32 called. Change num 12.  Value: 5eba7c56	3354535f	8d65ceee
[    2.178709] RANDOM - random32 called.  Value: 5eba7c56	3354535f	8d65ceee
[    2.178717] random 0000 0000 0000 37d49d89 e20417cc: rand_read_num 5 get_random_bytes(4): sig 00000298 37d49d89 e20417cc
[    2.178720] random 0000 0000 0000 37d49d89 e20417cc: extract_entropy(.. 4 ..)
[    2.178722] random 0000 0000 0000 37d49d89 e20417cc: going to reseed nonblocking with 64 bits (32 of 0 requested)
[    2.178724] random 0000 0000 0000 37d49d89 e20417cc: extract_entropy(.. 8 ..)
[    2.178726] random 0000 0000 0000 37d49d89 e20417cc: trying to extract 64 bits from input
[    2.178728] random 0000 0000 0000 37d49d89 e20417cc: debiting 0 entropy credits from input
[    2.178730] random 0000 0000 0000 37d49d89 e20417cc: extract_entropy account returned: 0 
[    2.178733] random 0000 0000 0000 37d49d89 e20417cc: urand_change_num 22 xfer_secondary_pool(4): pool_sig 00000298, data_sig 00000000, bytes_mixed 0 37d49d89 e20417cc
[    2.178736] random 0000 0000 0000 37d49d89 e20417cc: trying to extract 32 bits from nonblocking
[    2.178738] random 0000 0000 0000 37d49d89 e20417cc: debiting 32 entropy credits from nonblocking (unlimited)
[    2.178740] random 0000 0000 0000 37d49d89 e20417cc: extract_entropy account returned: 4 
[    2.178743] random 0000 0000 0000 37d49d89 e20417cc: urand_change_num 23 extract_buf: pool_sig 00000298, data_sig 00000092, bytes_mixed 20 37d49d89 e20417cc
[    2.178793] RANDOM - __random32 called. Change num 13.  Value: a7c56226	354535ff	9ddcc977
[    2.178795] RANDOM - random32 called.  Value: a7c56226	354535ff	9ddcc977
[    2.178846] NET: Registered protocol family 17
[    2.178865] Using IPI No-Shortcut mode
[    2.178870] random 0000 0000 0000 2ee4c4fc 167bdb15: rand_read_num 6 get_random_bytes(8): sig fffffcbf 2ee4c4fc 167bdb15
[    2.178873] random 0000 0000 0000 2ee4c4fc 167bdb15: extract_entropy(.. 8 ..)
[    2.178875] random 0000 0000 0000 2ee4c4fc 167bdb15: going to reseed nonblocking with 64 bits (64 of 0 requested)
[    2.178877] random 0000 0000 0000 2ee4c4fc 167bdb15: extract_entropy(.. 8 ..)
[    2.178879] random 0000 0000 0000 2ee4c4fc 167bdb15: trying to extract 64 bits from input
[    2.178881] random 0000 0000 0000 2ee4c4fc 167bdb15: debiting 0 entropy credits from input
[    2.178883] random 0000 0000 0000 2ee4c4fc 167bdb15: extract_entropy account returned: 0 
[    2.178886] random 0000 0000 0000 2ee4c4fc 167bdb15: urand_change_num 24 xfer_secondary_pool(8): pool_sig fffffcbf, data_sig 00000000, bytes_mixed 0 2ee4c4fc 167bdb15
[    2.178888] random 0000 0000 0000 2ee4c4fc 167bdb15: trying to extract 64 bits from nonblocking
[    2.178890] random 0000 0000 0000 2ee4c4fc 167bdb15: debiting 64 entropy credits from nonblocking (unlimited)
[    2.178893] random 0000 0000 0000 2ee4c4fc 167bdb15: extract_entropy account returned: 8 
[    2.178896] random 0000 0000 0000 2ee4c4fc 167bdb15: urand_change_num 25 extract_buf: pool_sig fffffcbf, data_sig ffffff83, bytes_mixed 20 2ee4c4fc 167bdb15
[    2.178934] PM: Resume from disk failed.
[    2.178941] registered taskstats version 1
[    2.178944] random 0000 0000 0000 2ee4c4fc 167bdb15: rand_read_num 7 get_random_bytes(12): sig fffffc69 2ee4c4fc 167bdb15
[    2.178946] random 0000 0000 0000 2ee4c4fc 167bdb15: extract_entropy(.. 12 ..)
[    2.178948] random 0000 0000 0000 2ee4c4fc 167bdb15: going to reseed nonblocking with 96 bits (96 of 0 requested)
[    2.178950] random 0000 0000 0000 2ee4c4fc 167bdb15: extract_entropy(.. 12 ..)
[    2.178952] random 0000 0000 0000 2ee4c4fc 167bdb15: trying to extract 96 bits from input
[    2.178954] random 0000 0000 0000 2ee4c4fc 167bdb15: debiting 0 entropy credits from input
[    2.178956] random 0000 0000 0000 2ee4c4fc 167bdb15: extract_entropy account returned: 0 
[    2.178959] random 0000 0000 0000 2ee4c4fc 167bdb15: urand_change_num 26 xfer_secondary_pool(12): pool_sig fffffc69, data_sig 00000000, bytes_mixed 0 2ee4c4fc 167bdb15
[    2.178961] random 0000 0000 0000 2ee4c4fc 167bdb15: trying to extract 96 bits from nonblocking
[    2.178964] random 0000 0000 0000 2ee4c4fc 167bdb15: debiting 96 entropy credits from nonblocking (unlimited)
[    2.178966] random 0000 0000 0000 2ee4c4fc 167bdb15: extract_entropy account returned: 12 
[    2.178969] random 0000 0000 0000 2ee4c4fc 167bdb15: urand_change_num 27 extract_buf: pool_sig fffffc69, data_sig ffffff7d, bytes_mixed 20 2ee4c4fc 167bdb15
[    2.178973] random 0000 0000 0000 83b7c1ab 94697f48: urand_change_num 28 extract_buf: pool_sig fffffe30, data_sig fffffdd6, bytes_mixed 20 83b7c1ab 94697f48
[    2.178976] RANDOM - __seed init called.
[    2.178977] RANDOM - __seed init called.
[    2.178978] RANDOM - __seed init called.
[    2.178980] RANDOM - __random32 called. Change num 14.  Value: fc007995	feca4f80	21b38ad2
[    2.178981] RANDOM - random32_reseed called.  Value: fc007995	feca4f80	21b38ad2
[    2.178984] Pid: 1, comm: swapper Not tainted 2.6.32.57 #4
[    2.178985] Call Trace:
[    2.178991]  [<c14a8a0e>] ? printk+0x1d/0x1f
[    2.178995]  [<c17537e5>] random32_reseed+0x89/0xbd
[    2.178998]  [<c1003042>] do_one_initcall+0x32/0x1a0
[    2.179001]  [<c175375c>] ? random32_reseed+0x0/0xbd
[    2.179004]  [<c17308e7>] kernel_init+0x12d/0x17a
[    2.179006]  [<c17307ba>] ? kernel_init+0x0/0x17a
[    2.179009]  [<c1009b07>] kernel_thread_helper+0x7/0x10
[    2.181809] input: AT Translated Set 2 keyboard as /devices/platform/i8042/serio0/input/input1
[    2.182080] random 0000 0000 0000 6db70b00 b30ce96b: rand_read_num 8 get_random_bytes(64): sig fffffb38 6db70b00 b30ce96b
[    2.182083] random 0000 0000 0000 6db70b00 b30ce96b: extract_entropy(.. 64 ..)
[    2.182086] random 0000 0000 0000 6db70b00 b30ce96b: going to reseed nonblocking with 512 bits (512 of 0 requested)
[    2.182088] random 0000 0000 0000 6db70b00 b30ce96b: extract_entropy(.. 64 ..)
[    2.182090] random 0000 0000 0000 6db70b00 b30ce96b: trying to extract 512 bits from input
[    2.182093] random 0000 0000 0000 6db70b00 b30ce96b: debiting 0 entropy credits from input
[    2.182095] random 0000 0000 0000 6db70b00 b30ce96b: extract_entropy account returned: 0 
[    2.182098] random 0000 0000 0000 6db70b00 b30ce96b: urand_change_num 29 xfer_secondary_pool(64): pool_sig fffffb38, data_sig 00000000, bytes_mixed 0 6db70b00 b30ce96b
[    2.182101] random 0000 0000 0000 6db70b00 b30ce96b: trying to extract 512 bits from nonblocking
[    2.182103] random 0000 0000 0000 6db70b00 b30ce96b: debiting 512 entropy credits from nonblocking (unlimited)
[    2.182105] random 0000 0000 0000 6db70b00 b30ce96b: extract_entropy account returned: 64 
[    2.182109] random 0000 0000 0000 6db70b00 b30ce96b: urand_change_num 30 extract_buf: pool_sig fffffb38, data_sig 00000151, bytes_mixed 20 6db70b00 b30ce96b
[    2.182113] random 0000 0000 0000 6db70b00 b30ce96b: urand_change_num 31 extract_buf: pool_sig fffffdb8, data_sig 00000379, bytes_mixed 20 6db70b00 b30ce96b
[    2.182118] random 0000 0000 0000 6b83001e d4b6c0d3: urand_change_num 32 extract_buf: pool_sig ffffffc9, data_sig 00000198, bytes_mixed 20 6b83001e d4b6c0d3
[    2.182122] random 0000 0000 0000 79d3e3c7 be564518: urand_change_num 33 extract_buf: pool_sig 000002b9, data_sig ffffff84, bytes_mixed 20 79d3e3c7 be564518
[    2.182127] random 0000 0000 0000 79d3e3c7 be564518: urand_change_num 34 extract_buf: pool_sig ffffff55, data_sig ffffff5a, bytes_mixed 20 79d3e3c7 be564518
[    2.182131] random 0000 0000 0000 89c03cb2 0d353228: urand_change_num 35 extract_buf: pool_sig 00000007, data_sig ffffff17, bytes_mixed 20 89c03cb2 0d353228
[    2.182136] random 0000 0000 0000 89c03cb2 0d353228: urand_change_num 36 extract_buf: pool_sig fffffdae, data_sig 000000db, bytes_mixed 20 89c03cb2 0d353228  Magic number: 13:818:656
[    2.182227] rtc_cmos 00:04: setting system clock to 2013-05-24 23:38:47 UTC (1369438727)
[    2.182230] BIOS EDD facility v0.16 2004-Jun-25, 0 devices found
[    2.182231] EDD information not available.
[    2.182255] random 0000 0000 0000 8ca62387 b120332c: rand_read_num 9 get_random_bytes(64): sig fffffed6 8ca62387 b120332c
[    2.182257] random 0000 0000 0000 8ca62387 b120332c: extract_entropy(.. 64 ..)
[    2.182260] random 0000 0000 0000 8ca62387 b120332c: going to reseed nonblocking with 512 bits (512 of 0 requested)
[    2.182262] random 0000 0000 0000 8ca62387 b120332c: extract_entropy(.. 64 ..)
[    2.182264] random 0000 0000 0000 8ca62387 b120332c: trying to extract 512 bits from input
[    2.182266] random 0000 0000 0000 8ca62387 b120332c: debiting 0 entropy credits from input
[    2.182268] random 0000 0000 0000 8ca62387 b120332c: extract_entropy account returned: 0 
[    2.182271] random 0000 0000 0000 8ca62387 b120332c: urand_change_num 37 xfer_secondary_pool(64): pool_sig fffffed6, data_sig 00000000, bytes_mixed 0 8ca62387 b120332c
[    2.182274] random 0000 0000 0000 8ca62387 b120332c: trying to extract 512 bits from nonblocking
[    2.182277] random 0000 0000 0000 8ca62387 b120332c: debiting 512 entropy credits from nonblocking (unlimited)
[    2.182279] random 0000 0000 0000 8ca62387 b120332c: extract_entropy account returned: 64 
[    2.182282] random 0000 0000 0000 8ca62387 b120332c: urand_change_num 38 extract_buf: pool_sig fffffed6, data_sig fffffeb6, bytes_mixed 20 8ca62387 b120332c
[    2.182287] random 0000 0000 0000 90702413 e2a66c2e: urand_change_num 39 extract_buf: pool_sig fffffbb0, data_sig 0000012e, bytes_mixed 20 90702413 e2a66c2e
[    2.182291] random 0000 0000 0000 90702413 e2a66c2e: urand_change_num 40 extract_buf: pool_sig fffffaf1, data_sig ffffff3c, bytes_mixed 20 90702413 e2a66c2e
[    2.182295] random 0000 0000 0000 3f58038b c77aecb6: urand_change_num 41 extract_buf: pool_sig 00000234, data_sig fffffdec, bytes_mixed 20 3f58038b c77aecb6
[    2.182300] random 0000 0000 0000 47187b9d 03f21510: urand_change_num 42 extract_buf: pool_sig 00000192, data_sig 00000075, bytes_mixed 20 47187b9d 03f21510
[    2.182304] random 0000 0000 0000 47187b9d 03f21510: urand_change_num 43 extract_buf: pool_sig 0000018e, data_sig ffffffbf, bytes_mixed 20 47187b9d 03f21510
[    2.182309] random 0000 0000 0000 3180b1fc 0fa9c973: urand_change_num 44 extract_buf: pool_sig fffffecf, data_sig ffffff2a, bytes_mixed 20 3180b1fc 0fa9c973
[    2.182312] BEGIN NET_SECRET:
[    2.182313] \xffffff87
[    2.182314] \xffffff8d
[    2.182315] \xfffffff4
[    2.182317] \xffffffae
[    2.182318] \xffffffc3
[    2.182319] \xffffffb7
[    2.182320] \x31
[    2.182321] \x65
[    2.182322] \xffffffda
[    2.182324] \xffffffa2
[    2.182325] \x31
[    2.182326] \xffffffc8
[    2.182327] \xffffffa9
[    2.182328] \x76
[    2.182329] \x76
[    2.182330] \xffffff90
[    2.182332] \x55
[    2.182333] \xfffffff3
[    2.182334] \xffffffb1
[    2.182335] \x3
[    2.182336] \xffffffb3
[    2.182337] \xffffffa7
[    2.182339] \x5a
[    2.182340] \x71
[    2.182341] \x70
[    2.182342] \xffffff8c
[    2.182343] \x56
[    2.182344] \x25
[    2.182345] \xffffffe1
[    2.182347] \x4c
[    2.182348] \xffffffe6
[    2.182349] \xffffff95
[    2.182350] \x67
[    2.182351] \x4c
[    2.182352] \xffffffb9
[    2.182353] \x1d
[    2.182355] \xe
[    2.182356] \x34
[    2.182357] \xffffffbe
[    2.182358] \x12
[    2.182359] \x5
[    2.182360] \xffffff98
[    2.182361] \xffffffa0
[    2.182363] \xf
[    2.182364] \xffffffb2
[    2.182365] \xffffffde
[    2.182366] \xffffff99
[    2.182367] \xf
[    2.182368] \xffffffe8
[    2.182369] \xffffffc8
[    2.182371] \x1f
[    2.182372] \x54
[    2.182373] \x2c
[    2.182374] \xffffffee
[    2.182375] \x2e
[    2.182376] \x0
[    2.182377] \xffffff95
[    2.182378] \x0
[    2.182380] \xffffffe3
[    2.182381] \xffffffa7
[    2.182382] \xfffffffd
[    2.182383] \x66
[    2.182384] \xffffff92
[    2.182385] \xfffffff0
[    2.182387] 
[    2.182387] END NET_SECRET
[    2.182390] random 0000 0000 0000 3180b1fc 0fa9c973: rand_read_num 10 get_random_bytes(4): sig ffffff46 3180b1fc 0fa9c973
[    2.182392] random 0000 0000 0000 3180b1fc 0fa9c973: extract_entropy(.. 4 ..)
[    2.182395] random 0000 0000 0000 3180b1fc 0fa9c973: going to reseed nonblocking with 64 bits (32 of 0 requested)
[    2.182397] random 0000 0000 0000 3180b1fc 0fa9c973: extract_entropy(.. 8 ..)
[    2.182399] random 0000 0000 0000 3180b1fc 0fa9c973: trying to extract 64 bits from input
[    2.182401] random 0000 0000 0000 3180b1fc 0fa9c973: debiting 0 entropy credits from input
[    2.182403] random 0000 0000 0000 3180b1fc 0fa9c973: extract_entropy account returned: 0 
[    2.182406] random 0000 0000 0000 3180b1fc 0fa9c973: urand_change_num 45 xfer_secondary_pool(4): pool_sig ffffff46, data_sig 00000000, bytes_mixed 0 3180b1fc 0fa9c973
[    2.182409] random 0000 0000 0000 3180b1fc 0fa9c973: trying to extract 32 bits from nonblocking
[    2.182411] random 0000 0000 0000 3180b1fc 0fa9c973: debiting 32 entropy credits from nonblocking (unlimited)
[    2.182414] random 0000 0000 0000 3180b1fc 0fa9c973: extract_entropy account returned: 4 
[    2.182417] random 0000 0000 0000 3180b1fc 0fa9c973: urand_change_num 46 extract_buf: pool_sig ffffff46, data_sig 0000001b, bytes_mixed 20 3180b1fc 0fa9c973
[    2.355251] ata2.00: ATAPI: VMware Virtual IDE CDROM Drive, 00000001, max UDMA/33
[    2.355529] ata2.00: configured for UDMA/33
[    2.355924] scsi 1:0:0:0: CD-ROM            NECVMWar VMware IDE CDR10 1.00 PQ: 0 ANSI: 5
[    2.357174] sr0: scsi3-mmc drive: 306x/306x cd/rw xa/form2 cdda tray
[    2.357178] Uniform CD-ROM driver Revision: 3.20
[    2.357228] sr 1:0:0:0: Attached scsi CD-ROM sr0
[    2.357266] sr 1:0:0:0: Attached scsi generic sg0 type 5
[    2.357303] Freeing unused kernel memory: 652k freed
[    2.357353] Write protecting the kernel text: 4840k
[    2.357384] Write protecting the kernel read-only data: 1968k
[    2.357472] random 0000 0000 0000 38974d2b 1d8d6de0: rand_read_num 11 get_random_bytes(16): sig 000001c6 38974d2b 1d8d6de0
