[    0.000000] random 0000 0000 0000 00000000 00000000: rand_read_num 1 get_random_bytes(8): sig 00000000 00000000 00000000
[    0.000000] random 0000 0000 0000 00000000 00000000: extract_entropy(.. 8 ..)
[    0.000000] random 0000 0000 0000 00000000 00000000: going to reseed nonblocking with 64 bits (64 of 0 requested)
[    0.000000] random 0000 0000 0000 00000000 00000000: extract_entropy(.. 8 ..)
[    0.000000] random 0000 0000 0000 00000000 00000000: trying to extract 64 bits from input
[    0.000000] random 0000 0000 0000 00000000 00000000: debiting 0 entropy credits from input
[    0.000000] random 0000 0000 0000 00000000 00000000: extract_entropy account returned: 0 
[    0.000000] random 0000 0000 0000 00000000 00000000: urand_change_num 1 xfer_secondary_pool(8): pool_sig 00000000, data_sig 00000000, bytes_mixed 0 00000000 00000000
[    0.000000] random 0000 0000 0000 00000000 00000000: trying to extract 64 bits from nonblocking
[    0.000000] random 0000 0000 0000 00000000 00000000: debiting 64 entropy credits from nonblocking (unlimited)
[    0.000000] random 0000 0000 0000 00000000 00000000: extract_entropy account returned: 8 
[    0.000000] random 0000 0000 0000 00000000 00000000: urand_change_num 2 extract_buf: pool_sig 00000000, data_sig fffffff9, bytes_mixed 20 00000000 00000000
[    0.000000] Initializing cgroup subsys cpuset
[    0.000000] Initializing cgroup subsys cpu
[    0.000000] Linux version 2.6.32.57 (dcashman@ubuntu) (gcc version 4.6.3 (Ubuntu/Linaro 4.6.3-1ubuntu5) ) #4 SMP Fri May 24 11:09:26 PDT 2013
[    0.000000] KERNEL supported cpus:
[    0.000000]   Intel GenuineIntel
[    0.000000]   AMD AuthenticAMD
[    0.000000]   NSC Geode by NSC
[    0.000000]   Cyrix CyrixInstead
[    0.000000]   Centaur CentaurHauls
[    0.000000]   Transmeta GenuineTMx86
[    0.000000]   Transmeta TransmetaCPU
[    0.000000]   UMC UMC UMC UMC
[    0.000000] BIOS-provided physical RAM map:
[    0.000000]  BIOS-e820: 0000000000000000 - 000000000009f000 (usable)
[    0.000000]  BIOS-e820: 000000000009f000 - 00000000000a0000 (reserved)
[    0.000000]  BIOS-e820: 00000000000ca000 - 00000000000cc000 (reserved)
[    0.000000]  BIOS-e820: 00000000000dc000 - 0000000000100000 (reserved)
[    0.000000]  BIOS-e820: 0000000000100000 - 000000003fee0000 (usable)
[    0.000000]  BIOS-e820: 000000003fee0000 - 000000003feff000 (ACPI data)
[    0.000000]  BIOS-e820: 000000003feff000 - 000000003ff00000 (ACPI NVS)
[    0.000000]  BIOS-e820: 000000003ff00000 - 0000000040000000 (usable)
[    0.000000]  BIOS-e820: 00000000e0000000 - 00000000f0000000 (reserved)
[    0.000000]  BIOS-e820: 00000000fec00000 - 00000000fec10000 (reserved)
[    0.000000]  BIOS-e820: 00000000fee00000 - 00000000fee01000 (reserved)
[    0.000000]  BIOS-e820: 00000000fffe0000 - 0000000100000000 (reserved)
[    0.000000] DMI present.
[    0.000000] Phoenix BIOS detected: BIOS may corrupt low RAM, working around it.
[    0.000000] e820 update range: 0000000000000000 - 0000000000010000 (usable) ==> (reserved)
[    0.000000] last_pfn = 0x40000 max_arch_pfn = 0x1000000
[    0.000000] MTRR default type: uncachable
[    0.000000] MTRR fixed ranges enabled:
[    0.000000]   00000-9FFFF write-back
[    0.000000]   A0000-BFFFF uncachable
[    0.000000]   C0000-CBFFF write-protect
[    0.000000]   CC000-EFFFF uncachable
[    0.000000]   F0000-FFFFF write-protect
[    0.000000] MTRR variable ranges enabled:
[    0.000000]   0 base 0000000000 mask FFC0000000 write-back
[    0.000000]   1 disabled
[    0.000000]   2 disabled
[    0.000000]   3 disabled
[    0.000000]   4 disabled
[    0.000000]   5 disabled
[    0.000000]   6 disabled
[    0.000000]   7 disabled
[    0.000000] x86 PAT enabled: cpu 0, old 0x0, new 0x7010600070106
[    0.000000] Scanning 0 areas for low memory corruption
[    0.000000] modified physical RAM map:
[    0.000000]  modified: 0000000000000000 - 0000000000010000 (reserved)
[    0.000000]  modified: 0000000000010000 - 000000000009f000 (usable)
[    0.000000]  modified: 000000000009f000 - 00000000000a0000 (reserved)
[    0.000000]  modified: 00000000000ca000 - 00000000000cc000 (reserved)
[    0.000000]  modified: 00000000000dc000 - 0000000000100000 (reserved)
[    0.000000]  modified: 0000000000100000 - 000000003fee0000 (usable)
[    0.000000]  modified: 000000003fee0000 - 000000003feff000 (ACPI data)
[    0.000000]  modified: 000000003feff000 - 000000003ff00000 (ACPI NVS)
[    0.000000]  modified: 000000003ff00000 - 0000000040000000 (usable)
[    0.000000]  modified: 00000000e0000000 - 00000000f0000000 (reserved)
[    0.000000]  modified: 00000000fec00000 - 00000000fec10000 (reserved)
[    0.000000]  modified: 00000000fee00000 - 00000000fee01000 (reserved)
[    0.000000]  modified: 00000000fffe0000 - 0000000100000000 (reserved)
[    0.000000] initial memory mapped : 0 - 01e00000
[    0.000000] init_memory_mapping: 0000000000000000-00000000379fe000
[    0.000000] NX (Execute Disable) protection: active
[    0.000000]  0000000000 - 0000200000 page 4k
[    0.000000]  0000200000 - 0037800000 page 2M
[    0.000000]  0037800000 - 00379fe000 page 4k
[    0.000000] kernel direct mapping tables up to 379fe000 @ 10000-16000
[    0.000000] RAMDISK: 2dcfc000 - 32e758c3
[    0.000000] ACPI: RSDP 000f6b80 00024 (v02 PTLTD )
[    0.000000] ACPI: XSDT 3feed636 0005C (v01 INTEL  440BX    06040000 VMW  01324272)
[    0.000000] ACPI: FACP 3fefee98 000F4 (v04 INTEL  440BX    06040000 PTL  000F4240)
[    0.000000] ACPI: DSDT 3feee366 10B32 (v01 PTLTD  Custom   06040000 MSFT 03000001)
[    0.000000] ACPI: FACS 3fefffc0 00040
[    0.000000] ACPI: BOOT 3feee33e 00028 (v01 PTLTD  $SBFTBL$ 06040000  LTP 00000001)
[    0.000000] ACPI: APIC 3feedc3e 003C2 (v01 PTLTD  ? APIC   06040000  LTP 00000000)
[    0.000000] ACPI: MCFG 3feedc02 0003C (v01 PTLTD  $PCITBL$ 06040000  LTP 00000001)
[    0.000000] ACPI: SRAT 3feed732 004D0 (v02 VMWARE MEMPLUG  06040000 VMW  00000001)
[    0.000000] ACPI: HPET 3feed6fa 00038 (v01 VMWARE VMW HPET 06040000 VMW  00000001)
[    0.000000] ACPI: WAET 3feed6d2 00028 (v01 VMWARE VMW WAET 06040000 VMW  00000001)
[    0.000000] ACPI: Local APIC address 0xfee00000
[    0.000000] 134MB HIGHMEM available.
[    0.000000] 889MB LOWMEM available.
[    0.000000]   mapped low ram: 0 - 379fe000
[    0.000000]   low ram: 0 - 379fe000
[    0.000000]   node 0 low ram: 00000000 - 379fe000
[    0.000000]   node 0 bootmap 00012000 - 00018f40
[    0.000000] (9 early reservations) ==> bootmem [0000000000 - 00379fe000]
[    0.000000]   #0 [0000000000 - 0000001000]   BIOS data page ==> [0000000000 - 0000001000]
[    0.000000]   #1 [0000001000 - 0000002000]    EX TRAMPOLINE ==> [0000001000 - 0000002000]
[    0.000000]   #2 [0000006000 - 0000007000]       TRAMPOLINE ==> [0000006000 - 0000007000]
[    0.000000]   #3 [0001000000 - 0001a75ff8]    TEXT DATA BSS ==> [0001000000 - 0001a75ff8]
[    0.000000]   #4 [002dcfc000 - 0032e758c3]          RAMDISK ==> [002dcfc000 - 0032e758c3]
[    0.000000]   #5 [000009f000 - 0000100000]    BIOS reserved ==> [000009f000 - 0000100000]
[    0.000000]   #6 [0001a76000 - 0001a851c0]              BRK ==> [0001a76000 - 0001a851c0]
[    0.000000]   #7 [0000010000 - 0000012000]          PGTABLE ==> [0000010000 - 0000012000]
[    0.000000]   #8 [0000012000 - 0000019000]          BOOTMAP ==> [0000012000 - 0000019000]
[    0.000000] found SMP MP-table at [c00f6bf0] f6bf0
[    0.000000] Zone PFN ranges:
[    0.000000]   DMA      0x00000010 -> 0x00001000
[    0.000000]   Normal   0x00001000 -> 0x000379fe
[    0.000000]   HighMem  0x000379fe -> 0x00040000
[    0.000000] Movable zone start PFN for each node
[    0.000000] early_node_map[3] active PFN ranges
[    0.000000]     0: 0x00000010 -> 0x0000009f
[    0.000000]     0: 0x00000100 -> 0x0003fee0
[    0.000000]     0: 0x0003ff00 -> 0x00040000
[    0.000000] On node 0 totalpages: 261999
[    0.000000] free_area_init_node: node 0, pgdat c1715200, node_mem_map c1a87200
[    0.000000]   DMA zone: 32 pages used for memmap
[    0.000000]   DMA zone: 0 pages reserved
[    0.000000]   DMA zone: 3951 pages, LIFO batch:0
[    0.000000]   Normal zone: 1748 pages used for memmap
[    0.000000]   Normal zone: 221994 pages, LIFO batch:31
[    0.000000]   HighMem zone: 269 pages used for memmap
[    0.000000]   HighMem zone: 34005 pages, LIFO batch:7
[    0.000000] Using APIC driver default
[    0.000000] ACPI: PM-Timer IO Port: 0x1008
[    0.000000] ACPI: Local APIC address 0xfee00000
[    0.000000] ACPI: LAPIC (acpi_id[0x00] lapic_id[0x00] enabled)
[    0.000000] ACPI: LAPIC (acpi_id[0x01] lapic_id[0x02] disabled)
[    0.000000] ACPI: LAPIC (acpi_id[0x02] lapic_id[0x04] disabled)
[    0.000000] ACPI: LAPIC (acpi_id[0x03] lapic_id[0x06] disabled)
[    0.000000] ACPI: LAPIC (acpi_id[0x04] lapic_id[0x08] disabled)
[    0.000000] ACPI: LAPIC (acpi_id[0x05] lapic_id[0x0a] disabled)
[    0.000000] ACPI: LAPIC (acpi_id[0x06] lapic_id[0x0c] disabled)
[    0.000000] ACPI: LAPIC (acpi_id[0x07] lapic_id[0x0e] disabled)
[    0.000000] ACPI: LAPIC (acpi_id[0x08] lapic_id[0x10] disabled)
[    0.000000] ACPI: LAPIC (acpi_id[0x09] lapic_id[0x12] disabled)
[    0.000000] ACPI: LAPIC (acpi_id[0x0a] lapic_id[0x14] disabled)
[    0.000000] ACPI: LAPIC (acpi_id[0x0b] lapic_id[0x16] disabled)
[    0.000000] ACPI: LAPIC (acpi_id[0x0c] lapic_id[0x18] disabled)
[    0.000000] ACPI: LAPIC (acpi_id[0x0d] lapic_id[0x1a] disabled)
[    0.000000] ACPI: LAPIC (acpi_id[0x0e] lapic_id[0x1c] disabled)
[    0.000000] ACPI: LAPIC (acpi_id[0x0f] lapic_id[0x1e] disabled)
[    0.000000] ACPI: LAPIC (acpi_id[0x10] lapic_id[0x20] disabled)
[    0.000000] ACPI: LAPIC (acpi_id[0x11] lapic_id[0x22] disabled)
[    0.000000] ACPI: LAPIC (acpi_id[0x12] lapic_id[0x24] disabled)
[    0.000000] ACPI: LAPIC (acpi_id[0x13] lapic_id[0x26] disabled)
[    0.000000] ACPI: LAPIC (acpi_id[0x14] lapic_id[0x28] disabled)
[    0.000000] ACPI: LAPIC (acpi_id[0x15] lapic_id[0x2a] disabled)
[    0.000000] ACPI: LAPIC (acpi_id[0x16] lapic_id[0x2c] disabled)
[    0.000000] ACPI: LAPIC (acpi_id[0x17] lapic_id[0x2e] disabled)
[    0.000000] ACPI: LAPIC (acpi_id[0x18] lapic_id[0x30] disabled)
[    0.000000] ACPI: LAPIC (acpi_id[0x19] lapic_id[0x32] disabled)
[    0.000000] ACPI: LAPIC (acpi_id[0x1a] lapic_id[0x34] disabled)
[    0.000000] ACPI: LAPIC (acpi_id[0x1b] lapic_id[0x36] disabled)
[    0.000000] ACPI: LAPIC (acpi_id[0x1c] lapic_id[0x38] disabled)
[    0.000000] ACPI: LAPIC (acpi_id[0x1d] lapic_id[0x3a] disabled)
[    0.000000] ACPI: LAPIC (acpi_id[0x1e] lapic_id[0x3c] disabled)
[    0.000000] ACPI: LAPIC (acpi_id[0x1f] lapic_id[0x3e] disabled)
[    0.000000] ACPI: LAPIC (acpi_id[0x20] lapic_id[0x40] disabled)
[    0.000000] ACPI: LAPIC (acpi_id[0x21] lapic_id[0x42] disabled)
[    0.000000] ACPI: LAPIC (acpi_id[0x22] lapic_id[0x44] disabled)
[    0.000000] ACPI: LAPIC (acpi_id[0x23] lapic_id[0x46] disabled)
[    0.000000] ACPI: LAPIC (acpi_id[0x24] lapic_id[0x48] disabled)
[    0.000000] ACPI: LAPIC (acpi_id[0x25] lapic_id[0x4a] disabled)
[    0.000000] ACPI: LAPIC (acpi_id[0x26] lapic_id[0x4c] disabled)
[    0.000000] ACPI: LAPIC (acpi_id[0x27] lapic_id[0x4e] disabled)
[    0.000000] ACPI: LAPIC (acpi_id[0x28] lapic_id[0x50] disabled)
[    0.000000] ACPI: LAPIC (acpi_id[0x29] lapic_id[0x52] disabled)
[    0.000000] ACPI: LAPIC (acpi_id[0x2a] lapic_id[0x54] disabled)
[    0.000000] ACPI: LAPIC (acpi_id[0x2b] lapic_id[0x56] disabled)
[    0.000000] ACPI: LAPIC (acpi_id[0x2c] lapic_id[0x58] disabled)
[    0.000000] ACPI: LAPIC (acpi_id[0x2d] lapic_id[0x5a] disabled)
[    0.000000] ACPI: LAPIC (acpi_id[0x2e] lapic_id[0x5c] disabled)
[    0.000000] ACPI: LAPIC (acpi_id[0x2f] lapic_id[0x5e] disabled)
[    0.000000] ACPI: LAPIC (acpi_id[0x30] lapic_id[0x60] disabled)
[    0.000000] ACPI: LAPIC (acpi_id[0x31] lapic_id[0x62] disabled)
[    0.000000] ACPI: LAPIC (acpi_id[0x32] lapic_id[0x64] disabled)
[    0.000000] ACPI: LAPIC (acpi_id[0x33] lapic_id[0x66] disabled)
[    0.000000] ACPI: LAPIC (acpi_id[0x34] lapic_id[0x68] disabled)
[    0.000000] ACPI: LAPIC (acpi_id[0x35] lapic_id[0x6a] disabled)
[    0.000000] ACPI: LAPIC (acpi_id[0x36] lapic_id[0x6c] disabled)
[    0.000000] ACPI: LAPIC (acpi_id[0x37] lapic_id[0x6e] disabled)
[    0.000000] ACPI: LAPIC (acpi_id[0x38] lapic_id[0x70] disabled)
[    0.000000] ACPI: LAPIC (acpi_id[0x39] lapic_id[0x72] disabled)
[    0.000000] ACPI: LAPIC (acpi_id[0x3a] lapic_id[0x74] disabled)
[    0.000000] ACPI: LAPIC (acpi_id[0x3b] lapic_id[0x76] disabled)
[    0.000000] ACPI: LAPIC (acpi_id[0x3c] lapic_id[0x78] disabled)
[    0.000000] ACPI: LAPIC (acpi_id[0x3d] lapic_id[0x7a] disabled)
[    0.000000] ACPI: LAPIC (acpi_id[0x3e] lapic_id[0x7c] disabled)
[    0.000000] ACPI: LAPIC (acpi_id[0x3f] lapic_id[0x7e] disabled)
[    0.000000] ACPI: LAPIC_NMI (acpi_id[0x00] high edge lint[0x1])
[    0.000000] ACPI: LAPIC_NMI (acpi_id[0x01] high edge lint[0x1])
[    0.000000] ACPI: LAPIC_NMI (acpi_id[0x02] high edge lint[0x1])
[    0.000000] ACPI: LAPIC_NMI (acpi_id[0x03] high edge lint[0x1])
[    0.000000] ACPI: LAPIC_NMI (acpi_id[0x04] high edge lint[0x1])
[    0.000000] ACPI: LAPIC_NMI (acpi_id[0x05] high edge lint[0x1])
[    0.000000] ACPI: LAPIC_NMI (acpi_id[0x06] high edge lint[0x1])
[    0.000000] ACPI: LAPIC_NMI (acpi_id[0x07] high edge lint[0x1])
[    0.000000] ACPI: LAPIC_NMI (acpi_id[0x08] high edge lint[0x1])
[    0.000000] ACPI: LAPIC_NMI (acpi_id[0x09] high edge lint[0x1])
[    0.000000] ACPI: LAPIC_NMI (acpi_id[0x0a] high edge lint[0x1])
[    0.000000] ACPI: LAPIC_NMI (acpi_id[0x0b] high edge lint[0x1])
[    0.000000] ACPI: LAPIC_NMI (acpi_id[0x0c] high edge lint[0x1])
[    0.000000] ACPI: LAPIC_NMI (acpi_id[0x0d] high edge lint[0x1])
[    0.000000] ACPI: LAPIC_NMI (acpi_id[0x0e] high edge lint[0x1])
[    0.000000] ACPI: LAPIC_NMI (acpi_id[0x0f] high edge lint[0x1])
[    0.000000] ACPI: LAPIC_NMI (acpi_id[0x10] high edge lint[0x1])
[    0.000000] ACPI: LAPIC_NMI (acpi_id[0x11] high edge lint[0x1])
[    0.000000] ACPI: LAPIC_NMI (acpi_id[0x12] high edge lint[0x1])
[    0.000000] ACPI: LAPIC_NMI (acpi_id[0x13] high edge lint[0x1])
[    0.000000] ACPI: LAPIC_NMI (acpi_id[0x14] high edge lint[0x1])
[    0.000000] ACPI: LAPIC_NMI (acpi_id[0x15] high edge lint[0x1])
[    0.000000] ACPI: LAPIC_NMI (acpi_id[0x16] high edge lint[0x1])
[    0.000000] ACPI: LAPIC_NMI (acpi_id[0x17] high edge lint[0x1])
[    0.000000] ACPI: LAPIC_NMI (acpi_id[0x18] high edge lint[0x1])
[    0.000000] ACPI: LAPIC_NMI (acpi_id[0x19] high edge lint[0x1])
[    0.000000] ACPI: LAPIC_NMI (acpi_id[0x1a] high edge lint[0x1])
[    0.000000] ACPI: LAPIC_NMI (acpi_id[0x1b] high edge lint[0x1])
[    0.000000] ACPI: LAPIC_NMI (acpi_id[0x1c] high edge lint[0x1])
[    0.000000] ACPI: LAPIC_NMI (acpi_id[0x1d] high edge lint[0x1])
[    0.000000] ACPI: LAPIC_NMI (acpi_id[0x1e] high edge lint[0x1])
[    0.000000] ACPI: LAPIC_NMI (acpi_id[0x1f] high edge lint[0x1])
[    0.000000] ACPI: LAPIC_NMI (acpi_id[0x20] high edge lint[0x1])
[    0.000000] ACPI: LAPIC_NMI (acpi_id[0x21] high edge lint[0x1])
[    0.000000] ACPI: LAPIC_NMI (acpi_id[0x22] high edge lint[0x1])
[    0.000000] ACPI: LAPIC_NMI (acpi_id[0x23] high edge lint[0x1])
[    0.000000] ACPI: LAPIC_NMI (acpi_id[0x24] high edge lint[0x1])
[    0.000000] ACPI: LAPIC_NMI (acpi_id[0x25] high edge lint[0x1])
[    0.000000] ACPI: LAPIC_NMI (acpi_id[0x26] high edge lint[0x1])
[    0.000000] ACPI: LAPIC_NMI (acpi_id[0x27] high edge lint[0x1])
[    0.000000] ACPI: LAPIC_NMI (acpi_id[0x28] high edge lint[0x1])
[    0.000000] ACPI: LAPIC_NMI (acpi_id[0x29] high edge lint[0x1])
[    0.000000] ACPI: LAPIC_NMI (acpi_id[0x2a] high edge lint[0x1])
[    0.000000] ACPI: LAPIC_NMI (acpi_id[0x2b] high edge lint[0x1])
[    0.000000] ACPI: LAPIC_NMI (acpi_id[0x2c] high edge lint[0x1])
[    0.000000] ACPI: LAPIC_NMI (acpi_id[0x2d] high edge lint[0x1])
[    0.000000] ACPI: LAPIC_NMI (acpi_id[0x2e] high edge lint[0x1])
[    0.000000] ACPI: LAPIC_NMI (acpi_id[0x2f] high edge lint[0x1])
[    0.000000] ACPI: LAPIC_NMI (acpi_id[0x30] high edge lint[0x1])
[    0.000000] ACPI: LAPIC_NMI (acpi_id[0x31] high edge lint[0x1])
[    0.000000] ACPI: LAPIC_NMI (acpi_id[0x32] high edge lint[0x1])
[    0.000000] ACPI: LAPIC_NMI (acpi_id[0x33] high edge lint[0x1])
[    0.000000] ACPI: LAPIC_NMI (acpi_id[0x34] high edge lint[0x1])
[    0.000000] ACPI: LAPIC_NMI (acpi_id[0x35] high edge lint[0x1])
[    0.000000] ACPI: LAPIC_NMI (acpi_id[0x36] high edge lint[0x1])
[    0.000000] ACPI: LAPIC_NMI (acpi_id[0x37] high edge lint[0x1])
[    0.000000] ACPI: LAPIC_NMI (acpi_id[0x38] high edge lint[0x1])
[    0.000000] ACPI: LAPIC_NMI (acpi_id[0x39] high edge lint[0x1])
[    0.000000] ACPI: LAPIC_NMI (acpi_id[0x3a] high edge lint[0x1])
[    0.000000] ACPI: LAPIC_NMI (acpi_id[0x3b] high edge lint[0x1])
[    0.000000] ACPI: LAPIC_NMI (acpi_id[0x3c] high edge lint[0x1])
[    0.000000] ACPI: LAPIC_NMI (acpi_id[0x3d] high edge lint[0x1])
[    0.000000] ACPI: LAPIC_NMI (acpi_id[0x3e] high edge lint[0x1])
[    0.000000] ACPI: LAPIC_NMI (acpi_id[0x3f] high edge lint[0x1])
[    0.000000] ACPI: Skipping IOAPIC probe due to 'noapic' option.
[    0.000000] Using ACPI for processor (LAPIC) configuration information
[    0.000000] ACPI: HPET id: 0x8086af01 base: 0xfed00000
[    0.000000] Intel MultiProcessor Specification v1.4
[    0.000000]     Virtual Wire compatibility mode.
[    0.000000] MPTABLE: OEM ID: INTEL   
[    0.000000] MPTABLE: Product ID: 440BX       
[    0.000000] MPTABLE: APIC at: 0xFEE00000
[    0.000000] I/O APIC #1 Version 17 at 0xFEC00000.
[    0.000000] Processors: 1
[    0.000000] 64 Processors exceeds NR_CPUS limit of 8
[    0.000000] SMP: Allowing 8 CPUs, 7 hotplug CPUs
[    0.000000] nr_irqs_gsi: 24
[    0.000000] PM: Registered nosave memory: 000000000009f000 - 00000000000a0000
[    0.000000] PM: Registered nosave memory: 00000000000a0000 - 00000000000ca000
[    0.000000] PM: Registered nosave memory: 00000000000ca000 - 00000000000cc000
[    0.000000] PM: Registered nosave memory: 00000000000cc000 - 00000000000dc000
[    0.000000] PM: Registered nosave memory: 00000000000dc000 - 0000000000100000
[    0.000000] Allocating PCI resources starting at 40000000 (gap: 40000000:a0000000)
[    0.000000] Booting paravirtualized kernel on bare hardware
[    0.000000] NR_CPUS:8 nr_cpumask_bits:8 nr_cpu_ids:8 nr_node_ids:1
[    0.000000] PERCPU: Embedded 15 pages/cpu @c2400000 s39320 r0 d22120 u262144
[    0.000000] pcpu-alloc: s39320 r0 d22120 u262144 alloc=1*2097152
[    0.000000] pcpu-alloc: [0] 0 1 2 3 4 5 6 7 
[    0.000000] Built 1 zonelists in Zone order, mobility grouping on.  Total pages: 259950
[    0.000000] Kernel command line: BOOT_IMAGE=/boot/vmlinuz-2.6.32.57 root=UUID=007b598c-390d-4c65-84a1-4ff752d48633 ro quiet splash maxcpus=0
[    0.000000] PID hash table entries: 4096 (order: 2, 16384 bytes)
[    0.000000] Dentry cache hash table entries: 131072 (order: 7, 524288 bytes)
[    0.000000] Inode-cache hash table entries: 65536 (order: 6, 262144 bytes)
[    0.000000] Enabling fast FPU save and restore... done.
[    0.000000] Enabling unmasked SIMD FPU exception support... done.
[    0.000000] Initializing CPU#0
[    0.000000] xsave/xrstor: enabled xstate_bv 0x7, cntxt size 0x340
[    0.000000] allocated 5242560 bytes of page_cgroup
[    0.000000] please try 'cgroup_disable=memory' option if you don't want memory cgroups
[    0.000000] Initializing HighMem for node 0 (000379fe:00040000)
[    0.000000] Memory: 938260k/1048576k available (4839k kernel code, 108848k reserved, 2518k data, 652k init, 137096k highmem)
[    0.000000] virtual kernel memory layout:
[    0.000000]     fixmap  : 0xfff1e000 - 0xfffff000   ( 900 kB)
[    0.000000]     pkmap   : 0xffa00000 - 0xffc00000   (2048 kB)
[    0.000000]     vmalloc : 0xf81fe000 - 0xff9fe000   ( 120 MB)
[    0.000000]     lowmem  : 0xc0000000 - 0xf79fe000   ( 889 MB)
[    0.000000]       .init : 0xc1730000 - 0xc17d3000   ( 652 kB)
[    0.000000]       .data : 0xc14b9cce - 0xc172f764   (2518 kB)
[    0.000000]       .text : 0xc1000000 - 0xc14b9cce   (4839 kB)
[    0.000000] Checking if this processor honours the WP bit even in supervisor mode...Ok.
[    0.000000] SLUB: Genslabs=13, HWalign=64, Order=0-3, MinObjects=0, CPUs=8, Nodes=1
[    0.000000] Hierarchical RCU implementation.
[    0.000000] NR_IRQS:2304 nr_irqs:472
[    0.000000] Extended CMOS year: 2000
[    0.000000] Console: colour VGA+ 80x25
[    0.000000] console [tty0] enabled
[    0.000000] hpet clockevent registered
[    0.000000] TSC freq read from hypervisor : 2394.620 MHz
[    0.000000] Detected 2394.620 MHz processor.
[    0.000003] Calibrating delay loop (skipped) preset value.. 4789.24 BogoMIPS (lpj=9578480)
[    0.000012] Security Framework initialized
[    0.000015] SELinux:  Disabled at boot.
[    0.000020] Mount-cache hash table entries: 512
[    0.000138] Initializing cgroup subsys cpuacct
[    0.000141] Initializing cgroup subsys memory
[    0.000145] Initializing cgroup subsys devices
[    0.000147] Initializing cgroup subsys freezer
[    0.000174] CPU: Physical Processor ID: 0
[    0.000182] CPU: L1 I cache: 32K, L1 D cache: 32K
[    0.000183] CPU: L2 cache: 256K
[    0.000184] CPU: L3 cache: 4096K
[    0.000189] mce: CPU supports 0 MCE banks
[    0.000202] Performance Events: no PMU driver, software events only.
[    0.000213] Checking 'hlt' instruction... OK.
[    0.017601] SMP alternatives: switching to UP code
[    0.032710] ACPI: Core revision 20090903
[    0.039095] ACPI: setting ELCR to 0200 (from 0e20)
[    0.040728] ftrace: converting mcount calls to 0f 1f 44 00 00
[    0.040734] ftrace: allocating 22631 entries in 45 pages
[    0.058445] CANARY value: d8d8b5d2 for PID: 1
[    0.058519] Not enabling x2apic, Intr-remapping init failed.
[    0.058521] Enabling APIC mode:  Flat.  Using 1 I/O APICs
[    0.058530] SMP mode deactivated.
[    0.058555] SMP disabled
[    0.058613] Brought up 1 CPUs
[    0.058615] Total of 1 processors activated (4789.24 BogoMIPS).
[    0.058619] CPU0 attaching NULL sched-domain.
[    0.058689] devtmpfs: initialized
[    0.058797] sysctl table check failed: /kernel/random/now_input .1.40.7 Unknown sysctl binary path
[    0.059070] Pid: 1, comm: swapper Not tainted 2.6.32.57 #4
[    0.059071] Call Trace:
[    0.059076]  [<c14a8a0e>] ? printk+0x1d/0x1f
[    0.059079]  [<c107b56f>] set_fail+0x4f/0x60
[    0.059081]  [<c107b8b3>] sysctl_check_table+0x333/0x620
[    0.059082]  [<c107b8cc>] sysctl_check_table+0x34c/0x620
[    0.059084]  [<c107b8cc>] sysctl_check_table+0x34c/0x620
[    0.059088]  [<c1746d48>] sysctl_init+0x25/0x29
[    0.059090]  [<c1003042>] do_one_initcall+0x32/0x1a0
[    0.059092]  [<c1746d23>] ? sysctl_init+0x0/0x29
[    0.059094]  [<c17308e7>] kernel_init+0x12d/0x17a
[    0.059096]  [<c17307ba>] ? kernel_init+0x0/0x17a
[    0.059098]  [<c1009b07>] kernel_thread_helper+0x7/0x10
[    0.059100] sysctl table check failed: /kernel/random/now_blocking .1.40.8 Unknown sysctl binary path
[    0.059329] Pid: 1, comm: swapper Not tainted 2.6.32.57 #4
[    0.059330] Call Trace:
[    0.059331]  [<c14a8a0e>] ? printk+0x1d/0x1f
[    0.059333]  [<c107b56f>] set_fail+0x4f/0x60
[    0.059334]  [<c107b8b3>] sysctl_check_table+0x333/0x620
[    0.059336]  [<c107b8cc>] sysctl_check_table+0x34c/0x620
[    0.059337]  [<c107b8cc>] sysctl_check_table+0x34c/0x620
[    0.059340]  [<c1746d48>] sysctl_init+0x25/0x29
[    0.059341]  [<c1003042>] do_one_initcall+0x32/0x1a0
[    0.059343]  [<c1746d23>] ? sysctl_init+0x0/0x29
[    0.059345]  [<c17308e7>] kernel_init+0x12d/0x17a
[    0.059346]  [<c17307ba>] ? kernel_init+0x0/0x17a
[    0.059348]  [<c1009b07>] kernel_thread_helper+0x7/0x10
[    0.059349] sysctl table check failed: /kernel/random/now_nonblocking .1.40.9 Unknown sysctl binary path
[    0.059579] Pid: 1, comm: swapper Not tainted 2.6.32.57 #4
[    0.059580] Call Trace:
[    0.059581]  [<c14a8a0e>] ? printk+0x1d/0x1f
[    0.059583]  [<c107b56f>] set_fail+0x4f/0x60
[    0.059584]  [<c107b8b3>] sysctl_check_table+0x333/0x620
[    0.059586]  [<c107b8cc>] sysctl_check_table+0x34c/0x620
[    0.059587]  [<c107b8cc>] sysctl_check_table+0x34c/0x620
[    0.059590]  [<c1746d48>] sysctl_init+0x25/0x29
[    0.059591]  [<c1003042>] do_one_initcall+0x32/0x1a0
[    0.059593]  [<c1746d23>] ? sysctl_init+0x0/0x29
[    0.059595]  [<c17308e7>] kernel_init+0x12d/0x17a
[    0.059596]  [<c17307ba>] ? kernel_init+0x0/0x17a
[    0.059598]  [<c1009b07>] kernel_thread_helper+0x7/0x10
[    0.059599] sysctl table check failed: /kernel/random/nb_input_bytes .1.40.10 Unknown sysctl binary path
[    0.059829] Pid: 1, comm: swapper Not tainted 2.6.32.57 #4
[    0.059830] Call Trace:
[    0.059831]  [<c14a8a0e>] ? printk+0x1d/0x1f
[    0.059832]  [<c107b56f>] set_fail+0x4f/0x60
[    0.059834]  [<c107b8b3>] sysctl_check_table+0x333/0x620
[    0.059835]  [<c107b8cc>] sysctl_check_table+0x34c/0x620
[    0.059837]  [<c107b8cc>] sysctl_check_table+0x34c/0x620
[    0.059839]  [<c1746d48>] sysctl_init+0x25/0x29
[    0.059841]  [<c1003042>] do_one_initcall+0x32/0x1a0
[    0.059843]  [<c1746d23>] ? sysctl_init+0x0/0x29
[    0.059844]  [<c17308e7>] kernel_init+0x12d/0x17a
[    0.059846]  [<c17307ba>] ? kernel_init+0x0/0x17a
[    0.059847]  [<c1009b07>] kernel_thread_helper+0x7/0x10
[    0.059848] sysctl table check failed: /kernel/random/nb_stir_count .1.40.11 Unknown sysctl binary path
[    0.060120] Pid: 1, comm: swapper Not tainted 2.6.32.57 #4
[    0.060121] Call Trace:
[    0.060123]  [<c14a8a0e>] ? printk+0x1d/0x1f
[    0.060124]  [<c107b56f>] set_fail+0x4f/0x60
[    0.060126]  [<c107b8b3>] sysctl_check_table+0x333/0x620
[    0.060127]  [<c107b8cc>] sysctl_check_table+0x34c/0x620
[    0.060129]  [<c107b8cc>] sysctl_check_table+0x34c/0x620
[    0.060131]  [<c1746d48>] sysctl_init+0x25/0x29
[    0.060133]  [<c1003042>] do_one_initcall+0x32/0x1a0
[    0.060135]  [<c1746d23>] ? sysctl_init+0x0/0x29
[    0.060136]  [<c17308e7>] kernel_init+0x12d/0x17a
[    0.060138]  [<c17307ba>] ? kernel_init+0x0/0x17a
[    0.060139]  [<c1009b07>] kernel_thread_helper+0x7/0x10
[    0.060141] sysctl table check failed: /kernel/random/nb_reentry_count .1.40.12 Unknown sysctl binary path
[    0.060372] Pid: 1, comm: swapper Not tainted 2.6.32.57 #4
[    0.060373] Call Trace:
[    0.060374]  [<c14a8a0e>] ? printk+0x1d/0x1f
[    0.060376]  [<c107b56f>] set_fail+0x4f/0x60
[    0.060377]  [<c107b8b3>] sysctl_check_table+0x333/0x620
[    0.060379]  [<c107b8cc>] sysctl_check_table+0x34c/0x620
[    0.060380]  [<c107b8cc>] sysctl_check_table+0x34c/0x620
[    0.060382]  [<c1746d48>] sysctl_init+0x25/0x29
[    0.060384]  [<c1003042>] do_one_initcall+0x32/0x1a0
[    0.060386]  [<c1746d23>] ? sysctl_init+0x0/0x29
[    0.060387]  [<c17308e7>] kernel_init+0x12d/0x17a
[    0.060389]  [<c17307ba>] ? kernel_init+0x0/0x17a
[    0.060390]  [<c1009b07>] kernel_thread_helper+0x7/0x10
[    0.060503] RANDOM - __seed init called.
[    0.060504] RANDOM - __seed init called.
[    0.060505] RANDOM - __seed init called.
[    0.060506] RANDOM - __random32 called. Change num 1.  Value: 97305ca5	7ac4e314	874f43ab
[    0.060507] RANDOM - __random32 called. Change num 2.  Value: 5ca5394	ac4e3148	8757a6ab
[    0.060509] RANDOM - __random32 called. Change num 3.  Value: a53949f7	c4e3148e	4d57bd52
[    0.060510] RANDOM - __random32 called. Change num 4.  Value: 949f7180	4e3148eb	7aa4fd4a
[    0.060511] RANDOM - __random32 called. Change num 5.  Value: f7180f55	e3148ebb	fa95f062
[    0.060512] RANDOM - __random32 called. Change num 6.  Value: 80f55ede	3148ebb7	e0c5c74e
[    0.060514] RANDOM - random32 init called.  Value: 80f55ede	3148ebb7	e0c5c74e
[    0.060520] regulator: core version 0.5
[    0.060585] Time: 23:41:48  Date: 05/24/13
[    0.060620] NET: Registered protocol family 16
[    0.060683] EISA bus registered
[    0.061447] ACPI: bus type pci registered
[    0.061568] PCI: MCFG configuration 0: base e0000000 segment 0 buses 0 - 255
[    0.061570] PCI: MCFG area at e0000000 reserved in E820
[    0.061571] PCI: Using MMCONFIG for extended config space
[    0.061572] PCI: Using configuration type 1 for base access
[    0.062059] bio: create slab <bio-0> at 0
[    0.063259] ACPI: EC: Look up EC in DSDT
[    0.103303] ACPI: BIOS _OSI(Linux) query ignored
[    0.110849] ACPI: Interpreter enabled
[    0.110853] ACPI: (supports S0 S1 S4 S5)
[    0.110865] ACPI: Using PIC for interrupt routing
[    0.195030] ACPI: No dock devices found.
[    0.195901] ACPI: PCI Root Bridge [PCI0] (0000:00)
[    0.197476] pci 0000:00:07.1: reg 20 io port: [0x10c0-0x10cf]
[    0.197996] pci 0000:00:07.3: quirk: region 1000-103f claimed by PIIX4 ACPI
[    0.198007] pci 0000:00:07.3: quirk: region 1040-104f claimed by PIIX4 SMB
[    0.198567] pci 0000:00:07.7: reg 10 io port: [0x1080-0x10bf]
[    0.198990] pci 0000:00:07.7: reg 14 64bit mmio: [0xc8000000-0xc8001fff]
[    0.200191] pci 0000:00:0f.0: reg 10 io port: [0x10d0-0x10df]
[    0.200232] pci 0000:00:0f.0: reg 14 32bit mmio pref: [0xd0000000-0xd7ffffff]
[    0.200271] pci 0000:00:0f.0: reg 18 32bit mmio: [0xc8800000-0xc8ffffff]
[    0.200423] pci 0000:00:0f.0: reg 30 32bit mmio pref: [0x000000-0x007fff]
[    0.200981] pci 0000:00:10.0: reg 10 io port: [0x1400-0x14ff]
[    0.201345] pci 0000:00:10.0: reg 14 64bit mmio: [0xc8040000-0xc805ffff]
[    0.201702] pci 0000:00:10.0: reg 1c 64bit mmio: [0xc8020000-0xc803ffff]
[    0.201800] pci 0000:00:10.0: reg 30 32bit mmio pref: [0x000000-0x003fff]
[    0.203266] pci 0000:00:15.0: PME# supported from D0 D3hot D3cold
[    0.203287] pci 0000:00:15.0: PME# disabled
[    0.204228] pci 0000:00:15.1: PME# supported from D0 D3hot D3cold
[    0.204250] pci 0000:00:15.1: PME# disabled
[    0.205338] pci 0000:00:15.2: PME# supported from D0 D3hot D3cold
[    0.205360] pci 0000:00:15.2: PME# disabled
[    0.206234] pci 0000:00:15.3: PME# supported from D0 D3hot D3cold
[    0.206254] pci 0000:00:15.3: PME# disabled
[    0.207149] pci 0000:00:15.4: PME# supported from D0 D3hot D3cold
[    0.207170] pci 0000:00:15.4: PME# disabled
[    0.209097] pci 0000:00:15.5: PME# supported from D0 D3hot D3cold
[    0.209118] pci 0000:00:15.5: PME# disabled
[    0.209993] pci 0000:00:15.6: PME# supported from D0 D3hot D3cold
[    0.210013] pci 0000:00:15.6: PME# disabled
[    0.211059] pci 0000:00:15.7: PME# supported from D0 D3hot D3cold
[    0.211081] pci 0000:00:15.7: PME# disabled
[    0.212023] pci 0000:00:16.0: PME# supported from D0 D3hot D3cold
[    0.212045] pci 0000:00:16.0: PME# disabled
[    0.212979] pci 0000:00:16.1: PME# supported from D0 D3hot D3cold
[    0.213000] pci 0000:00:16.1: PME# disabled
[    0.213861] pci 0000:00:16.2: PME# supported from D0 D3hot D3cold
[    0.213881] pci 0000:00:16.2: PME# disabled
[    0.214737] pci 0000:00:16.3: PME# supported from D0 D3hot D3cold
[    0.214764] pci 0000:00:16.3: PME# disabled
[    0.215617] pci 0000:00:16.4: PME# supported from D0 D3hot D3cold
[    0.215637] pci 0000:00:16.4: PME# disabled
[    0.216511] pci 0000:00:16.5: PME# supported from D0 D3hot D3cold
[    0.216532] pci 0000:00:16.5: PME# disabled
[    0.217400] pci 0000:00:16.6: PME# supported from D0 D3hot D3cold
[    0.217420] pci 0000:00:16.6: PME# disabled
[    0.218284] pci 0000:00:16.7: PME# supported from D0 D3hot D3cold
[    0.218304] pci 0000:00:16.7: PME# disabled
[    0.219164] pci 0000:00:17.0: PME# supported from D0 D3hot D3cold
[    0.219184] pci 0000:00:17.0: PME# disabled
[    0.220056] pci 0000:00:17.1: PME# supported from D0 D3hot D3cold
[    0.220077] pci 0000:00:17.1: PME# disabled
[    0.220937] pci 0000:00:17.2: PME# supported from D0 D3hot D3cold
[    0.220957] pci 0000:00:17.2: PME# disabled
[    0.221964] pci 0000:00:17.3: PME# supported from D0 D3hot D3cold
[    0.221985] pci 0000:00:17.3: PME# disabled
[    0.222928] pci 0000:00:17.4: PME# supported from D0 D3hot D3cold
[    0.222950] pci 0000:00:17.4: PME# disabled
[    0.223830] pci 0000:00:17.5: PME# supported from D0 D3hot D3cold
[    0.223851] pci 0000:00:17.5: PME# disabled
[    0.224707] pci 0000:00:17.6: PME# supported from D0 D3hot D3cold
[    0.224728] pci 0000:00:17.6: PME# disabled
[    0.225585] pci 0000:00:17.7: PME# supported from D0 D3hot D3cold
[    0.225604] pci 0000:00:17.7: PME# disabled
[    0.226574] pci 0000:00:18.0: PME# supported from D0 D3hot D3cold
[    0.226594] pci 0000:00:18.0: PME# disabled
[    0.227522] pci 0000:00:18.1: PME# supported from D0 D3hot D3cold
[    0.227544] pci 0000:00:18.1: PME# disabled
[    0.228488] pci 0000:00:18.2: PME# supported from D0 D3hot D3cold
[    0.228510] pci 0000:00:18.2: PME# disabled
[    0.229437] pci 0000:00:18.3: PME# supported from D0 D3hot D3cold
[    0.229459] pci 0000:00:18.3: PME# disabled
[    0.230378] pci 0000:00:18.4: PME# supported from D0 D3hot D3cold
[    0.230399] pci 0000:00:18.4: PME# disabled
[    0.231549] pci 0000:00:18.5: PME# supported from D0 D3hot D3cold
[    0.231570] pci 0000:00:18.5: PME# disabled
[    0.232511] pci 0000:00:18.6: PME# supported from D0 D3hot D3cold
[    0.232531] pci 0000:00:18.6: PME# disabled
[    0.233461] pci 0000:00:18.7: PME# supported from D0 D3hot D3cold
[    0.233481] pci 0000:00:18.7: PME# disabled
[    0.234626] pci 0000:02:00.0: reg 20 io port: [0x20c0-0x20df]
[    0.235119] pci 0000:02:01.0: reg 10 io port: [0x2000-0x207f]
[    0.235346] pci 0000:02:01.0: reg 30 32bit mmio pref: [0x000000-0x00ffff]
[    0.235922] pci 0000:02:02.0: reg 10 io port: [0x2080-0x20bf]
[    0.236528] pci 0000:02:03.0: reg 10 32bit mmio: [0xc9000000-0xc9000fff]
[    0.237138] pci 0000:00:11.0: transparent bridge
[    0.237159] pci 0000:00:11.0: bridge io port: [0x2000-0x3fff]
[    0.237180] pci 0000:00:11.0: bridge 32bit mmio: [0xc9000000-0xca3fffff]
[    0.237220] pci 0000:00:11.0: bridge 64bit mmio pref: [0xd8400000-0xd89fffff]
[    0.237604] pci 0000:00:15.0: bridge io port: [0x4000-0x4fff]
[    0.237625] pci 0000:00:15.0: bridge 32bit mmio: [0xca400000-0xca4fffff]
[    0.237677] pci 0000:00:15.0: bridge 64bit mmio pref: [0xd8a00000-0xd8afffff]
[    0.238090] pci 0000:00:15.1: bridge io port: [0x8000-0x8fff]
[    0.238120] pci 0000:00:15.1: bridge 32bit mmio: [0xca800000-0xca8fffff]
[    0.238159] pci 0000:00:15.1: bridge 64bit mmio pref: [0xd8e00000-0xd8efffff]
[    0.238541] pci 0000:00:15.2: bridge io port: [0xc000-0xcfff]
[    0.238562] pci 0000:00:15.2: bridge 32bit mmio: [0xcac00000-0xcacfffff]
[    0.238602] pci 0000:00:15.2: bridge 64bit mmio pref: [0xd9200000-0xd92fffff]
[    0.239029] pci 0000:00:15.3: bridge 32bit mmio: [0xcb000000-0xcb0fffff]
[    0.239069] pci 0000:00:15.3: bridge 64bit mmio pref: [0xd9600000-0xd96fffff]
[    0.239467] pci 0000:00:15.4: bridge 32bit mmio: [0xcb400000-0xcb4fffff]
[    0.239507] pci 0000:00:15.4: bridge 64bit mmio pref: [0xd9a00000-0xd9afffff]
[    0.239938] pci 0000:00:15.5: bridge 32bit mmio: [0xcb800000-0xcb8fffff]
[    0.239978] pci 0000:00:15.5: bridge 64bit mmio pref: [0xd9e00000-0xd9efffff]
[    0.240372] pci 0000:00:15.6: bridge 32bit mmio: [0xcbc00000-0xcbcfffff]
[    0.240412] pci 0000:00:15.6: bridge 64bit mmio pref: [0xda200000-0xda2fffff]
[    0.240837] pci 0000:00:15.7: bridge 32bit mmio: [0xcc000000-0xcc0fffff]
[    0.240877] pci 0000:00:15.7: bridge 64bit mmio pref: [0xda600000-0xda6fffff]
[    0.241252] pci 0000:00:16.0: bridge io port: [0x5000-0x5fff]
[    0.241273] pci 0000:00:16.0: bridge 32bit mmio: [0xca500000-0xca5fffff]
[    0.241313] pci 0000:00:16.0: bridge 64bit mmio pref: [0xd8b00000-0xd8bfffff]
[    0.241688] pci 0000:00:16.1: bridge io port: [0x9000-0x9fff]
[    0.241716] pci 0000:00:16.1: bridge 32bit mmio: [0xca900000-0xca9fffff]
[    0.241796] pci 0000:00:16.1: bridge 64bit mmio pref: [0xd8f00000-0xd8ffffff]
[    0.242164] pci 0000:00:16.2: bridge io port: [0xd000-0xdfff]
[    0.242185] pci 0000:00:16.2: bridge 32bit mmio: [0xcad00000-0xcadfffff]
[    0.242223] pci 0000:00:16.2: bridge 64bit mmio pref: [0xd9300000-0xd93fffff]
[    0.242598] pci 0000:00:16.3: bridge 32bit mmio: [0xcb100000-0xcb1fffff]
[    0.242636] pci 0000:00:16.3: bridge 64bit mmio pref: [0xd9700000-0xd97fffff]
[    0.243216] pci 0000:00:16.4: bridge 32bit mmio: [0xcb500000-0xcb5fffff]
[    0.243256] pci 0000:00:16.4: bridge 64bit mmio pref: [0xd9b00000-0xd9bfffff]
[    0.243667] pci 0000:00:16.5: bridge 32bit mmio: [0xcb900000-0xcb9fffff]
[    0.243716] pci 0000:00:16.5: bridge 64bit mmio pref: [0xd9f00000-0xd9ffffff]
[    0.244129] pci 0000:00:16.6: bridge 32bit mmio: [0xcbd00000-0xcbdfffff]
[    0.244170] pci 0000:00:16.6: bridge 64bit mmio pref: [0xda300000-0xda3fffff]
[    0.244563] pci 0000:00:16.7: bridge 32bit mmio: [0xcc100000-0xcc1fffff]
[    0.244603] pci 0000:00:16.7: bridge 64bit mmio pref: [0xda700000-0xda7fffff]
[    0.244997] pci 0000:00:17.0: bridge io port: [0x6000-0x6fff]
[    0.245018] pci 0000:00:17.0: bridge 32bit mmio: [0xca600000-0xca6fffff]
[    0.245057] pci 0000:00:17.0: bridge 64bit mmio pref: [0xd8c00000-0xd8cfffff]
[    0.245431] pci 0000:00:17.1: bridge io port: [0xa000-0xafff]
[    0.245452] pci 0000:00:17.1: bridge 32bit mmio: [0xcaa00000-0xcaafffff]
[    0.245491] pci 0000:00:17.1: bridge 64bit mmio pref: [0xd9000000-0xd90fffff]
[    0.245893] pci 0000:00:17.2: bridge io port: [0xe000-0xefff]
[    0.245913] pci 0000:00:17.2: bridge 32bit mmio: [0xcae00000-0xcaefffff]
[    0.245953] pci 0000:00:17.2: bridge 64bit mmio pref: [0xd9400000-0xd94fffff]
[    0.246347] pci 0000:00:17.3: bridge 32bit mmio: [0xcb200000-0xcb2fffff]
[    0.246386] pci 0000:00:17.3: bridge 64bit mmio pref: [0xd9800000-0xd98fffff]
[    0.246807] pci 0000:00:17.4: bridge 32bit mmio: [0xcb600000-0xcb6fffff]
[    0.246847] pci 0000:00:17.4: bridge 64bit mmio pref: [0xd9c00000-0xd9cfffff]
[    0.247240] pci 0000:00:17.5: bridge 32bit mmio: [0xcba00000-0xcbafffff]
[    0.247279] pci 0000:00:17.5: bridge 64bit mmio pref: [0xda000000-0xda0fffff]
[    0.247681] pci 0000:00:17.6: bridge 32bit mmio: [0xcbe00000-0xcbefffff]
[    0.247734] pci 0000:00:17.6: bridge 64bit mmio pref: [0xda400000-0xda4fffff]
[    0.248140] pci 0000:00:17.7: bridge 32bit mmio: [0xcc200000-0xcc2fffff]
[    0.248179] pci 0000:00:17.7: bridge 64bit mmio pref: [0xda800000-0xda8fffff]
[    0.248556] pci 0000:00:18.0: bridge io port: [0x7000-0x7fff]
[    0.248577] pci 0000:00:18.0: bridge 32bit mmio: [0xca700000-0xca7fffff]
[    0.248617] pci 0000:00:18.0: bridge 64bit mmio pref: [0xd8d00000-0xd8dfffff]
[    0.249013] pci 0000:00:18.1: bridge io port: [0xb000-0xbfff]
[    0.249034] pci 0000:00:18.1: bridge 32bit mmio: [0xcab00000-0xcabfffff]
[    0.249074] pci 0000:00:18.1: bridge 64bit mmio pref: [0xd9100000-0xd91fffff]
[    0.249448] pci 0000:00:18.2: bridge io port: [0xf000-0xffff]
[    0.249469] pci 0000:00:18.2: bridge 32bit mmio: [0xcaf00000-0xcaffffff]
[    0.249509] pci 0000:00:18.2: bridge 64bit mmio pref: [0xd9500000-0xd95fffff]
[    0.249925] pci 0000:00:18.3: bridge 32bit mmio: [0xcb300000-0xcb3fffff]
[    0.249965] pci 0000:00:18.3: bridge 64bit mmio pref: [0xd9900000-0xd99fffff]
[    0.250358] pci 0000:00:18.4: bridge 32bit mmio: [0xcb700000-0xcb7fffff]
[    0.250398] pci 0000:00:18.4: bridge 64bit mmio pref: [0xd9d00000-0xd9dfffff]
[    0.251843] pci 0000:00:18.5: bridge 32bit mmio: [0xcbb00000-0xcbbfffff]
[    0.251883] pci 0000:00:18.5: bridge 64bit mmio pref: [0xda100000-0xda1fffff]
[    0.252268] pci 0000:00:18.6: bridge 32bit mmio: [0xcbf00000-0xcbffffff]
[    0.252306] pci 0000:00:18.6: bridge 64bit mmio pref: [0xda500000-0xda5fffff]
[    0.252715] pci 0000:00:18.7: bridge 32bit mmio: [0xcc300000-0xcc3fffff]
[    0.252756] pci 0000:00:18.7: bridge 64bit mmio pref: [0xda900000-0xda9fffff]
[    0.254235] pci_bus 0000:00: on NUMA node 0
[    0.254244] ACPI: PCI Interrupt Routing Table [\_SB_.PCI0._PRT]
[    0.479035] ACPI: PCI Interrupt Link [LNKA] (IRQs 3 4 5 6 7 *9 10 11 14 15)
[    0.479191] ACPI: PCI Interrupt Link [LNKB] (IRQs 3 4 5 6 7 9 10 *11 14 15)
[    0.479355] ACPI: PCI Interrupt Link [LNKC] (IRQs 3 4 5 6 7 9 *10 11 14 15)
[    0.479515] ACPI: PCI Interrupt Link [LNKD] (IRQs 3 4 *5 6 7 9 10 11 14 15)
[    0.479649] vgaarb: device added: PCI:0000:00:0f.0,decodes=io+mem,owns=io+mem,locks=none
[    0.479659] vgaarb: loaded
[    0.479772] SCSI subsystem initialized
[    0.479816] libata version 3.00 loaded.
[    0.479857] usbcore: registered new interface driver usbfs
[    0.479869] usbcore: registered new interface driver hub
[    0.479885] usbcore: registered new device driver usb
[    0.479952] PCI: Using ACPI for IRQ routing
[    0.480914] NetLabel: Initializing
[    0.480916] NetLabel:  domain hash size = 128
[    0.480916] NetLabel:  protocols = UNLABELED CIPSOv4
[    0.480924] NetLabel:  unlabeled traffic allowed by default
[    0.481051] hpet0: at MMIO 0xfed00000, IRQs 2, 8, 0, 0, 0, 0, 0, 0, 0, 0, 0, 0, 0, 0, 0, 0
[    0.481057] hpet0: 16 comparators, 64-bit 14.318180 MHz counter
[    0.484135] Switching to clocksource tsc
[    0.491178] pnp: PnP ACPI init
[    0.491188] ACPI: bus type pnp registered
[    0.534768] pnp: PnP ACPI: found 14 devices
[    0.534770] ACPI: ACPI bus type pnp unregistered
[    0.534773] PnPBIOS: Disabled by ACPI PNP
[    0.534785] system 00:01: ioport range 0x1000-0x103f has been reserved
[    0.534786] system 00:01: ioport range 0x1040-0x104f has been reserved
[    0.534788] system 00:01: ioport range 0xcf0-0xcf1 has been reserved
[    0.534794] system 00:08: iomem range 0xfed00000-0xfed003ff has been reserved
[    0.534798] system 00:0d: ioport range 0x1060-0x107f has been reserved
[    0.534800] system 00:0d: iomem range 0xe0000000-0xefffffff has been reserved
[    0.534802] system 00:0d: iomem range 0xc8200000-0xc83fffff has been reserved
[    0.569528] pci 0000:00:15.3: BAR 13: can't allocate I/O resource [0x10000-0xffff]
[    0.569532] pci 0000:00:15.4: BAR 13: can't allocate I/O resource [0x10000-0xffff]
[    0.569535] pci 0000:00:15.5: BAR 13: can't allocate I/O resource [0x10000-0xffff]
[    0.569537] pci 0000:00:15.6: BAR 13: can't allocate I/O resource [0x10000-0xffff]
[    0.569540] pci 0000:00:15.7: BAR 13: can't allocate I/O resource [0x10000-0xffff]
[    0.569543] pci 0000:00:16.3: BAR 13: can't allocate I/O resource [0x10000-0xffff]
[    0.569545] pci 0000:00:16.4: BAR 13: can't allocate I/O resource [0x10000-0xffff]
[    0.569548] pci 0000:00:16.5: BAR 13: can't allocate I/O resource [0x10000-0xffff]
[    0.569551] pci 0000:00:16.6: BAR 13: can't allocate I/O resource [0x10000-0xffff]
[    0.569553] pci 0000:00:16.7: BAR 13: can't allocate I/O resource [0x10000-0xffff]
[    0.569556] pci 0000:00:17.3: BAR 13: can't allocate I/O resource [0x10000-0xffff]
[    0.569558] pci 0000:00:17.4: BAR 13: can't allocate I/O resource [0x10000-0xffff]
[    0.569561] pci 0000:00:17.5: BAR 13: can't allocate I/O resource [0x10000-0xffff]
[    0.569564] pci 0000:00:17.6: BAR 13: can't allocate I/O resource [0x10000-0xffff]
[    0.569566] pci 0000:00:17.7: BAR 13: can't allocate I/O resource [0x10000-0xffff]
[    0.569569] pci 0000:00:18.3: BAR 13: can't allocate I/O resource [0x10000-0xffff]
[    0.569572] pci 0000:00:18.4: BAR 13: can't allocate I/O resource [0x10000-0xffff]
[    0.569574] pci 0000:00:18.5: BAR 13: can't allocate I/O resource [0x10000-0xffff]
[    0.569577] pci 0000:00:18.6: BAR 13: can't allocate I/O resource [0x10000-0xffff]
[    0.569579] pci 0000:00:18.7: BAR 13: can't allocate I/O resource [0x10000-0xffff]
[    0.569582] pci 0000:00:01.0: PCI bridge, secondary bus 0000:01
[    0.569583] pci 0000:00:01.0:   IO window: disabled
[    0.569614] pci 0000:00:01.0:   MEM window: disabled
[    0.569635] pci 0000:00:01.0:   PREFETCH window: disabled
[    0.569677] pci 0000:00:11.0: PCI bridge, secondary bus 0000:02
[    0.569689] pci 0000:00:11.0:   IO window: 0x2000-0x3fff
[    0.569720] pci 0000:00:11.0:   MEM window: 0xc9000000-0xca3fffff
[    0.569742] pci 0000:00:11.0:   PREFETCH window: 0x000000d8400000-0x000000d89fffff
[    0.569782] pci 0000:00:15.0: PCI bridge, secondary bus 0000:03
[    0.569794] pci 0000:00:15.0:   IO window: 0x4000-0x4fff
[    0.569824] pci 0000:00:15.0:   MEM window: 0xca400000-0xca4fffff
[    0.569846] pci 0000:00:15.0:   PREFETCH window: 0x000000d8a00000-0x000000d8afffff
[    0.569897] pci 0000:00:15.1: PCI bridge, secondary bus 0000:04
[    0.569909] pci 0000:00:15.1:   IO window: 0x8000-0x8fff
[    0.569940] pci 0000:00:15.1:   MEM window: 0xca800000-0xca8fffff
[    0.569961] pci 0000:00:15.1:   PREFETCH window: 0x000000d8e00000-0x000000d8efffff
[    0.570006] pci 0000:00:15.2: PCI bridge, secondary bus 0000:05
[    0.570018] pci 0000:00:15.2:   IO window: 0xc000-0xcfff
[    0.570048] pci 0000:00:15.2:   MEM window: 0xcac00000-0xcacfffff
[    0.570070] pci 0000:00:15.2:   PREFETCH window: 0x000000d9200000-0x000000d92fffff
[    0.570114] pci 0000:00:15.3: PCI bridge, secondary bus 0000:06
[    0.570115] pci 0000:00:15.3:   IO window: disabled
[    0.570146] pci 0000:00:15.3:   MEM window: 0xcb000000-0xcb0fffff
[    0.570167] pci 0000:00:15.3:   PREFETCH window: 0x000000d9600000-0x000000d96fffff
[    0.570211] pci 0000:00:15.4: PCI bridge, secondary bus 0000:07
[    0.570213] pci 0000:00:15.4:   IO window: disabled
[    0.570244] pci 0000:00:15.4:   MEM window: 0xcb400000-0xcb4fffff
[    0.570265] pci 0000:00:15.4:   PREFETCH window: 0x000000d9a00000-0x000000d9afffff
[    0.570321] pci 0000:00:15.5: PCI bridge, secondary bus 0000:08
[    0.570323] pci 0000:00:15.5:   IO window: disabled
[    0.570356] pci 0000:00:15.5:   MEM window: 0xcb800000-0xcb8fffff
[    0.570378] pci 0000:00:15.5:   PREFETCH window: 0x000000d9e00000-0x000000d9efffff
[    0.570426] pci 0000:00:15.6: PCI bridge, secondary bus 0000:09
[    0.570427] pci 0000:00:15.6:   IO window: disabled
[    0.570467] pci 0000:00:15.6:   MEM window: 0xcbc00000-0xcbcfffff
[    0.570489] pci 0000:00:15.6:   PREFETCH window: 0x000000da200000-0x000000da2fffff
[    0.570533] pci 0000:00:15.7: PCI bridge, secondary bus 0000:0a
[    0.570534] pci 0000:00:15.7:   IO window: disabled
[    0.570565] pci 0000:00:15.7:   MEM window: 0xcc000000-0xcc0fffff
[    0.570586] pci 0000:00:15.7:   PREFETCH window: 0x000000da600000-0x000000da6fffff
[    0.570630] pci 0000:00:16.0: PCI bridge, secondary bus 0000:0b
[    0.570642] pci 0000:00:16.0:   IO window: 0x5000-0x5fff
[    0.570673] pci 0000:00:16.0:   MEM window: 0xca500000-0xca5fffff
[    0.570694] pci 0000:00:16.0:   PREFETCH window: 0x000000d8b00000-0x000000d8bfffff
[    0.570738] pci 0000:00:16.1: PCI bridge, secondary bus 0000:0c
[    0.570750] pci 0000:00:16.1:   IO window: 0x9000-0x9fff
[    0.570785] pci 0000:00:16.1:   MEM window: 0xca900000-0xca9fffff
[    0.570828] pci 0000:00:16.1:   PREFETCH window: 0x000000d8f00000-0x000000d8ffffff
[    0.570877] pci 0000:00:16.2: PCI bridge, secondary bus 0000:0d
[    0.570890] pci 0000:00:16.2:   IO window: 0xd000-0xdfff
[    0.570929] pci 0000:00:16.2:   MEM window: 0xcad00000-0xcadfffff
[    0.570951] pci 0000:00:16.2:   PREFETCH window: 0x000000d9300000-0x000000d93fffff
[    0.570995] pci 0000:00:16.3: PCI bridge, secondary bus 0000:0e
[    0.570996] pci 0000:00:16.3:   IO window: disabled
[    0.571027] pci 0000:00:16.3:   MEM window: 0xcb100000-0xcb1fffff
[    0.571049] pci 0000:00:16.3:   PREFETCH window: 0x000000d9700000-0x000000d97fffff
[    0.571093] pci 0000:00:16.4: PCI bridge, secondary bus 0000:0f
[    0.571094] pci 0000:00:16.4:   IO window: disabled
[    0.571125] pci 0000:00:16.4:   MEM window: 0xcb500000-0xcb5fffff
[    0.571146] pci 0000:00:16.4:   PREFETCH window: 0x000000d9b00000-0x000000d9bfffff
[    0.571190] pci 0000:00:16.5: PCI bridge, secondary bus 0000:10
[    0.571192] pci 0000:00:16.5:   IO window: disabled
[    0.571223] pci 0000:00:16.5:   MEM window: 0xcb900000-0xcb9fffff
[    0.571244] pci 0000:00:16.5:   PREFETCH window: 0x000000d9f00000-0x000000d9ffffff
[    0.571299] pci 0000:00:16.6: PCI bridge, secondary bus 0000:11
[    0.571301] pci 0000:00:16.6:   IO window: disabled
[    0.571342] pci 0000:00:16.6:   MEM window: 0xcbd00000-0xcbdfffff
[    0.571363] pci 0000:00:16.6:   PREFETCH window: 0x000000da300000-0x000000da3fffff
[    0.571407] pci 0000:00:16.7: PCI bridge, secondary bus 0000:12
[    0.571409] pci 0000:00:16.7:   IO window: disabled
[    0.571440] pci 0000:00:16.7:   MEM window: 0xcc100000-0xcc1fffff
[    0.571461] pci 0000:00:16.7:   PREFETCH window: 0x000000da700000-0x000000da7fffff
[    0.571505] pci 0000:00:17.0: PCI bridge, secondary bus 0000:13
[    0.571517] pci 0000:00:17.0:   IO window: 0x6000-0x6fff
[    0.571548] pci 0000:00:17.0:   MEM window: 0xca600000-0xca6fffff
[    0.571569] pci 0000:00:17.0:   PREFETCH window: 0x000000d8c00000-0x000000d8cfffff
[    0.571613] pci 0000:00:17.1: PCI bridge, secondary bus 0000:14
[    0.571625] pci 0000:00:17.1:   IO window: 0xa000-0xafff
[    0.571656] pci 0000:00:17.1:   MEM window: 0xcaa00000-0xcaafffff
[    0.571677] pci 0000:00:17.1:   PREFETCH window: 0x000000d9000000-0x000000d90fffff
[    0.571721] pci 0000:00:17.2: PCI bridge, secondary bus 0000:15
[    0.571733] pci 0000:00:17.2:   IO window: 0xe000-0xefff
[    0.571764] pci 0000:00:17.2:   MEM window: 0xcae00000-0xcaefffff
[    0.571785] pci 0000:00:17.2:   PREFETCH window: 0x000000d9400000-0x000000d94fffff
[    0.571829] pci 0000:00:17.3: PCI bridge, secondary bus 0000:16
[    0.571831] pci 0000:00:17.3:   IO window: disabled
[    0.571862] pci 0000:00:17.3:   MEM window: 0xcb200000-0xcb2fffff
[    0.571883] pci 0000:00:17.3:   PREFETCH window: 0x000000d9800000-0x000000d98fffff
[    0.571927] pci 0000:00:17.4: PCI bridge, secondary bus 0000:17
[    0.571928] pci 0000:00:17.4:   IO window: disabled
[    0.571959] pci 0000:00:17.4:   MEM window: 0xcb600000-0xcb6fffff
[    0.571980] pci 0000:00:17.4:   PREFETCH window: 0x000000d9c00000-0x000000d9cfffff
[    0.572024] pci 0000:00:17.5: PCI bridge, secondary bus 0000:18
[    0.572026] pci 0000:00:17.5:   IO window: disabled
[    0.572060] pci 0000:00:17.5:   MEM window: 0xcba00000-0xcbafffff
[    0.572081] pci 0000:00:17.5:   PREFETCH window: 0x000000da000000-0x000000da0fffff
[    0.572126] pci 0000:00:17.6: PCI bridge, secondary bus 0000:19
[    0.572128] pci 0000:00:17.6:   IO window: disabled
[    0.572158] pci 0000:00:17.6:   MEM window: 0xcbe00000-0xcbefffff
[    0.572179] pci 0000:00:17.6:   PREFETCH window: 0x000000da400000-0x000000da4fffff
[    0.572223] pci 0000:00:17.7: PCI bridge, secondary bus 0000:1a
[    0.572225] pci 0000:00:17.7:   IO window: disabled
[    0.572264] pci 0000:00:17.7:   MEM window: 0xcc200000-0xcc2fffff
[    0.572295] pci 0000:00:17.7:   PREFETCH window: 0x000000da800000-0x000000da8fffff
[    0.572350] pci 0000:00:18.0: PCI bridge, secondary bus 0000:1b
[    0.572362] pci 0000:00:18.0:   IO window: 0x7000-0x7fff
[    0.572393] pci 0000:00:18.0:   MEM window: 0xca700000-0xca7fffff
[    0.572414] pci 0000:00:18.0:   PREFETCH window: 0x000000d8d00000-0x000000d8dfffff
[    0.572459] pci 0000:00:18.1: PCI bridge, secondary bus 0000:1c
[    0.572471] pci 0000:00:18.1:   IO window: 0xb000-0xbfff
[    0.572501] pci 0000:00:18.1:   MEM window: 0xcab00000-0xcabfffff
[    0.572523] pci 0000:00:18.1:   PREFETCH window: 0x000000d9100000-0x000000d91fffff
[    0.572567] pci 0000:00:18.2: PCI bridge, secondary bus 0000:1d
[    0.572579] pci 0000:00:18.2:   IO window: 0xf000-0xffff
[    0.572610] pci 0000:00:18.2:   MEM window: 0xcaf00000-0xcaffffff
[    0.572631] pci 0000:00:18.2:   PREFETCH window: 0x000000d9500000-0x000000d95fffff
[    0.572675] pci 0000:00:18.3: PCI bridge, secondary bus 0000:1e
[    0.572676] pci 0000:00:18.3:   IO window: disabled
[    0.572707] pci 0000:00:18.3:   MEM window: 0xcb300000-0xcb3fffff
[    0.572729] pci 0000:00:18.3:   PREFETCH window: 0x000000d9900000-0x000000d99fffff
[    0.572773] pci 0000:00:18.4: PCI bridge, secondary bus 0000:1f
[    0.572774] pci 0000:00:18.4:   IO window: disabled
[    0.572805] pci 0000:00:18.4:   MEM window: 0xcb700000-0xcb7fffff
[    0.572826] pci 0000:00:18.4:   PREFETCH window: 0x000000d9d00000-0x000000d9dfffff
[    0.572870] pci 0000:00:18.5: PCI bridge, secondary bus 0000:20
[    0.572872] pci 0000:00:18.5:   IO window: disabled
[    0.572903] pci 0000:00:18.5:   MEM window: 0xcbb00000-0xcbbfffff
[    0.572924] pci 0000:00:18.5:   PREFETCH window: 0x000000da100000-0x000000da1fffff
[    0.572968] pci 0000:00:18.6: PCI bridge, secondary bus 0000:21
[    0.572970] pci 0000:00:18.6:   IO window: disabled
[    0.573000] pci 0000:00:18.6:   MEM window: 0xcbf00000-0xcbffffff
[    0.573022] pci 0000:00:18.6:   PREFETCH window: 0x000000da500000-0x000000da5fffff
[    0.573066] pci 0000:00:18.7: PCI bridge, secondary bus 0000:22
[    0.573067] pci 0000:00:18.7:   IO window: disabled
[    0.573098] pci 0000:00:18.7:   MEM window: 0xcc300000-0xcc3fffff
[    0.573119] pci 0000:00:18.7:   PREFETCH window: 0x000000da900000-0x000000da9fffff
[    0.573195] pci 0000:00:01.0: setting latency timer to 64
[    0.573309] pci 0000:00:15.0: setting latency timer to 64
[    0.573384] pci 0000:00:15.1: setting latency timer to 64
[    0.573462] pci 0000:00:15.2: setting latency timer to 64
[    0.573532] pci 0000:00:15.3: setting latency timer to 64
[    0.573601] pci 0000:00:15.4: setting latency timer to 64
[    0.573671] pci 0000:00:15.5: setting latency timer to 64
[    0.573740] pci 0000:00:15.6: setting latency timer to 64
[    0.573809] pci 0000:00:15.7: setting latency timer to 64
[    0.573890] pci 0000:00:16.0: setting latency timer to 64
[    0.573979] pci 0000:00:16.1: setting latency timer to 64
[    0.574057] pci 0000:00:16.2: setting latency timer to 64
[    0.574127] pci 0000:00:16.3: setting latency timer to 64
[    0.574196] pci 0000:00:16.4: setting latency timer to 64
[    0.574283] pci 0000:00:16.5: setting latency timer to 64
[    0.574366] pci 0000:00:16.6: setting latency timer to 64
[    0.574436] pci 0000:00:16.7: setting latency timer to 64
[    0.574505] pci 0000:00:17.0: setting latency timer to 64
[    0.574574] pci 0000:00:17.1: setting latency timer to 64
[    0.574644] pci 0000:00:17.2: setting latency timer to 64
[    0.574713] pci 0000:00:17.3: setting latency timer to 64
[    0.574783] pci 0000:00:17.4: setting latency timer to 64
[    0.574852] pci 0000:00:17.5: setting latency timer to 64
[    0.574922] pci 0000:00:17.6: setting latency timer to 64
[    0.574991] pci 0000:00:17.7: setting latency timer to 64
[    0.575061] pci 0000:00:18.0: setting latency timer to 64
[    0.575130] pci 0000:00:18.1: setting latency timer to 64
[    0.575199] pci 0000:00:18.2: setting latency timer to 64
[    0.575286] pci 0000:00:18.3: setting latency timer to 64
[    0.575366] pci 0000:00:18.4: setting latency timer to 64
[    0.575436] pci 0000:00:18.5: setting latency timer to 64
[    0.575505] pci 0000:00:18.6: setting latency timer to 64
[    0.575575] pci 0000:00:18.7: setting latency timer to 64
[    0.575588] pci_bus 0000:00: resource 0 io:  [0x00-0xffff]
[    0.575590] pci_bus 0000:00: resource 1 mem: [0x000000-0xffffffffffffffff]
[    0.575592] pci_bus 0000:02: resource 0 io:  [0x2000-0x3fff]
[    0.575594] pci_bus 0000:02: resource 1 mem: [0xc9000000-0xca3fffff]
[    0.575596] pci_bus 0000:02: resource 2 pref mem [0xd8400000-0xd89fffff]
[    0.575598] pci_bus 0000:02: resource 3 io:  [0x00-0xffff]
[    0.575600] pci_bus 0000:02: resource 4 mem: [0x000000-0xffffffffffffffff]
[    0.575602] pci_bus 0000:03: resource 0 io:  [0x4000-0x4fff]
[    0.575603] pci_bus 0000:03: resource 1 mem: [0xca400000-0xca4fffff]
[    0.575605] pci_bus 0000:03: resource 2 pref mem [0xd8a00000-0xd8afffff]
[    0.575607] pci_bus 0000:04: resource 0 io:  [0x8000-0x8fff]
[    0.575609] pci_bus 0000:04: resource 1 mem: [0xca800000-0xca8fffff]
[    0.575611] pci_bus 0000:04: resource 2 pref mem [0xd8e00000-0xd8efffff]
[    0.575612] pci_bus 0000:05: resource 0 io:  [0xc000-0xcfff]
[    0.575614] pci_bus 0000:05: resource 1 mem: [0xcac00000-0xcacfffff]
[    0.575616] pci_bus 0000:05: resource 2 pref mem [0xd9200000-0xd92fffff]
[    0.575618] pci_bus 0000:06: resource 1 mem: [0xcb000000-0xcb0fffff]
[    0.575620] pci_bus 0000:06: resource 2 pref mem [0xd9600000-0xd96fffff]
[    0.575622] pci_bus 0000:07: resource 1 mem: [0xcb400000-0xcb4fffff]
[    0.575623] pci_bus 0000:07: resource 2 pref mem [0xd9a00000-0xd9afffff]
[    0.575625] pci_bus 0000:08: resource 1 mem: [0xcb800000-0xcb8fffff]
[    0.575627] pci_bus 0000:08: resource 2 pref mem [0xd9e00000-0xd9efffff]
[    0.575629] pci_bus 0000:09: resource 1 mem: [0xcbc00000-0xcbcfffff]
[    0.575631] pci_bus 0000:09: resource 2 pref mem [0xda200000-0xda2fffff]
[    0.575633] pci_bus 0000:0a: resource 1 mem: [0xcc000000-0xcc0fffff]
[    0.575634] pci_bus 0000:0a: resource 2 pref mem [0xda600000-0xda6fffff]
[    0.575636] pci_bus 0000:0b: resource 0 io:  [0x5000-0x5fff]
[    0.575638] pci_bus 0000:0b: resource 1 mem: [0xca500000-0xca5fffff]
[    0.575640] pci_bus 0000:0b: resource 2 pref mem [0xd8b00000-0xd8bfffff]
[    0.575641] pci_bus 0000:0c: resource 0 io:  [0x9000-0x9fff]
[    0.575643] pci_bus 0000:0c: resource 1 mem: [0xca900000-0xca9fffff]
[    0.575645] pci_bus 0000:0c: resource 2 pref mem [0xd8f00000-0xd8ffffff]
[    0.575647] pci_bus 0000:0d: resource 0 io:  [0xd000-0xdfff]
[    0.575649] pci_bus 0000:0d: resource 1 mem: [0xcad00000-0xcadfffff]
[    0.575650] pci_bus 0000:0d: resource 2 pref mem [0xd9300000-0xd93fffff]
[    0.575652] pci_bus 0000:0e: resource 1 mem: [0xcb100000-0xcb1fffff]
[    0.575654] pci_bus 0000:0e: resource 2 pref mem [0xd9700000-0xd97fffff]
[    0.575656] pci_bus 0000:0f: resource 1 mem: [0xcb500000-0xcb5fffff]
[    0.575658] pci_bus 0000:0f: resource 2 pref mem [0xd9b00000-0xd9bfffff]
[    0.575659] pci_bus 0000:10: resource 1 mem: [0xcb900000-0xcb9fffff]
[    0.575661] pci_bus 0000:10: resource 2 pref mem [0xd9f00000-0xd9ffffff]
[    0.575663] pci_bus 0000:11: resource 1 mem: [0xcbd00000-0xcbdfffff]
[    0.575665] pci_bus 0000:11: resource 2 pref mem [0xda300000-0xda3fffff]
[    0.575667] pci_bus 0000:12: resource 1 mem: [0xcc100000-0xcc1fffff]
[    0.575669] pci_bus 0000:12: resource 2 pref mem [0xda700000-0xda7fffff]
[    0.575670] pci_bus 0000:13: resource 0 io:  [0x6000-0x6fff]
[    0.575672] pci_bus 0000:13: resource 1 mem: [0xca600000-0xca6fffff]
[    0.575674] pci_bus 0000:13: resource 2 pref mem [0xd8c00000-0xd8cfffff]
[    0.575676] pci_bus 0000:14: resource 0 io:  [0xa000-0xafff]
[    0.575677] pci_bus 0000:14: resource 1 mem: [0xcaa00000-0xcaafffff]
[    0.575679] pci_bus 0000:14: resource 2 pref mem [0xd9000000-0xd90fffff]
[    0.575681] pci_bus 0000:15: resource 0 io:  [0xe000-0xefff]
[    0.575683] pci_bus 0000:15: resource 1 mem: [0xcae00000-0xcaefffff]
[    0.575684] pci_bus 0000:15: resource 2 pref mem [0xd9400000-0xd94fffff]
[    0.575686] pci_bus 0000:16: resource 1 mem: [0xcb200000-0xcb2fffff]
[    0.575688] pci_bus 0000:16: resource 2 pref mem [0xd9800000-0xd98fffff]
[    0.575690] pci_bus 0000:17: resource 1 mem: [0xcb600000-0xcb6fffff]
[    0.575692] pci_bus 0000:17: resource 2 pref mem [0xd9c00000-0xd9cfffff]
[    0.575694] pci_bus 0000:18: resource 1 mem: [0xcba00000-0xcbafffff]
[    0.575695] pci_bus 0000:18: resource 2 pref mem [0xda000000-0xda0fffff]
[    0.575697] pci_bus 0000:19: resource 1 mem: [0xcbe00000-0xcbefffff]
[    0.575699] pci_bus 0000:19: resource 2 pref mem [0xda400000-0xda4fffff]
[    0.575701] pci_bus 0000:1a: resource 1 mem: [0xcc200000-0xcc2fffff]
[    0.575703] pci_bus 0000:1a: resource 2 pref mem [0xda800000-0xda8fffff]
[    0.575704] pci_bus 0000:1b: resource 0 io:  [0x7000-0x7fff]
[    0.575706] pci_bus 0000:1b: resource 1 mem: [0xca700000-0xca7fffff]
[    0.575708] pci_bus 0000:1b: resource 2 pref mem [0xd8d00000-0xd8dfffff]
[    0.575710] pci_bus 0000:1c: resource 0 io:  [0xb000-0xbfff]
[    0.575712] pci_bus 0000:1c: resource 1 mem: [0xcab00000-0xcabfffff]
[    0.575713] pci_bus 0000:1c: resource 2 pref mem [0xd9100000-0xd91fffff]
[    0.575715] pci_bus 0000:1d: resource 0 io:  [0xf000-0xffff]
[    0.575717] pci_bus 0000:1d: resource 1 mem: [0xcaf00000-0xcaffffff]
[    0.575719] pci_bus 0000:1d: resource 2 pref mem [0xd9500000-0xd95fffff]
[    0.575720] pci_bus 0000:1e: resource 1 mem: [0xcb300000-0xcb3fffff]
[    0.575722] pci_bus 0000:1e: resource 2 pref mem [0xd9900000-0xd99fffff]
[    0.575724] pci_bus 0000:1f: resource 1 mem: [0xcb700000-0xcb7fffff]
[    0.575726] pci_bus 0000:1f: resource 2 pref mem [0xd9d00000-0xd9dfffff]
[    0.575728] pci_bus 0000:20: resource 1 mem: [0xcbb00000-0xcbbfffff]
[    0.575730] pci_bus 0000:20: resource 2 pref mem [0xda100000-0xda1fffff]
[    0.575731] pci_bus 0000:21: resource 1 mem: [0xcbf00000-0xcbffffff]
[    0.575733] pci_bus 0000:21: resource 2 pref mem [0xda500000-0xda5fffff]
[    0.575735] pci_bus 0000:22: resource 1 mem: [0xcc300000-0xcc3fffff]
[    0.575737] pci_bus 0000:22: resource 2 pref mem [0xda900000-0xda9fffff]
[    0.575760] NET: Registered protocol family 2
[    0.575777] RANDOM - __random32 called. Change num 7.  Value: 55ede565	148ebb7a	8e9cdd7f
[    0.575779] RANDOM - random32 called.  Value: 55ede565	148ebb7a	8e9cdd7f
[    0.575786] random 0000 0000 0000 00000000 00000000: rand_read_num 2 get_random_bytes(4): sig fffffe1a 00000000 00000000
[    0.575788] random 0000 0000 0000 00000000 00000000: extract_entropy(.. 4 ..)
[    0.575790] random 0000 0000 0000 00000000 00000000: going to reseed nonblocking with 64 bits (32 of 0 requested)
[    0.575792] random 0000 0000 0000 00000000 00000000: extract_entropy(.. 8 ..)
[    0.575795] random 0000 0000 0000 00000000 00000000: trying to extract 64 bits from input
[    0.575797] random 0000 0000 0000 00000000 00000000: debiting 0 entropy credits from input
[    0.575799] random 0000 0000 0000 00000000 00000000: extract_entropy account returned: 0 
[    0.575801] random 0000 0000 0000 00000000 00000000: urand_change_num 3 xfer_secondary_pool(4): pool_sig fffffe1a, data_sig 00000000, bytes_mixed 0 00000000 00000000
[    0.575804] random 0000 0000 0000 00000000 00000000: trying to extract 32 bits from nonblocking
[    0.575806] random 0000 0000 0000 00000000 00000000: debiting 32 entropy credits from nonblocking (unlimited)
[    0.575808] random 0000 0000 0000 00000000 00000000: extract_entropy account returned: 4 
[    0.575812] random 0000 0000 0000 00000000 00000000: urand_change_num 4 extract_buf: pool_sig fffffe1a, data_sig fffffed7, bytes_mixed 20 00000000 00000000
[    0.575841] IP route cache hash table entries: 32768 (order: 5, 131072 bytes)
[    0.575927] RANDOM - __random32 called. Change num 8.  Value: de565d28	48ebb7a3	baff4f46
[    0.575929] RANDOM - random32 called.  Value: de565d28	48ebb7a3	baff4f46
[    0.575985] RANDOM - __random32 called. Change num 9.  Value: 65d282be	8ebb7a35	9e8da0a6
[    0.575986] RANDOM - random32 called.  Value: 65d282be	8ebb7a35	9e8da0a6
[    0.575989] RANDOM - __random32 called. Change num 10.  Value: 282be6b0	ebb7a35a	414d5c14
[    0.575991] RANDOM - random32 called.  Value: 282be6b0	ebb7a35a	414d5c14
[    0.576012] RANDOM - __random32 called. Change num 11.  Value: be6b0a9f	bb7a35a2	b82964f7
[    0.576014] RANDOM - random32 called.  Value: be6b0a9f	bb7a35a2	b82964f7
[    0.576024] TCP established hash table entries: 131072 (order: 8, 1048576 bytes)
[    0.576141] TCP bind hash table entries: 65536 (order: 7, 524288 bytes)
[    0.576291] TCP: Hash tables configured (established 131072 bind 65536)
[    0.576293] TCP reno registered
[    0.576329] NET: Registered protocol family 1
[    0.576339] pci 0000:00:00.0: Limiting direct PCI/PCI transfers
[    0.576361] pci 0000:00:0f.0: Boot video device
[    0.576581] Trying to unpack rootfs image as initramfs...
[    1.670485] Freeing initrd memory: 83430k freed
[    1.674499] Simple Boot Flag at 0x36 set to 0x1
[    1.674544] cpufreq-nforce2: No nForce2 chipset.
[    1.674557] Scanning for low memory corruption every 60 seconds
[    1.674684] audit: initializing netlink socket (disabled)
[    1.674729] type=2000 audit(1369438909.664:1): initialized
[    1.678603] highmem bounce pool size: 64 pages
[    1.678618] HugeTLB registered 2 MB page size, pre-allocated 0 pages
[    1.678723] VFS: Disk quotas dquot_6.5.2
[    1.678752] Dquot-cache hash table entries: 1024 (order 0, 4096 bytes)
[    1.678861] fuse init (API version 7.13)
[    1.678906] msgmni has been set to 1729
[    1.679169] alg: No test for stdrng (krng)
[    1.679201] Block layer SCSI generic (bsg) driver version 0.4 loaded (major 253)
[    1.679204] io scheduler noop registered
[    1.679205] io scheduler anticipatory registered
[    1.679207] io scheduler deadline registered
[    1.679226] io scheduler cfq registered (default)
[    1.679271]   alloc irq_desc for 24 on node -1
[    1.679273]   alloc kstat_irqs on node -1
[    1.679318] pcieport 0000:00:15.0: irq 24 for MSI/MSI-X
[    1.679363] pcieport 0000:00:15.0: setting latency timer to 64
[    1.679408]   alloc irq_desc for 25 on node -1
[    1.679410]   alloc kstat_irqs on node -1
[    1.679455] pcieport 0000:00:15.1: irq 25 for MSI/MSI-X
[    1.679500] pcieport 0000:00:15.1: setting latency timer to 64
[    1.679545]   alloc irq_desc for 26 on node -1
[    1.679547]   alloc kstat_irqs on node -1
[    1.679592] pcieport 0000:00:15.2: irq 26 for MSI/MSI-X
[    1.679637] pcieport 0000:00:15.2: setting latency timer to 64
[    1.679682]   alloc irq_desc for 27 on node -1
[    1.679684]   alloc kstat_irqs on node -1
[    1.679729] pcieport 0000:00:15.3: irq 27 for MSI/MSI-X
[    1.679774] pcieport 0000:00:15.3: setting latency timer to 64
[    1.679819]   alloc irq_desc for 28 on node -1
[    1.679821]   alloc kstat_irqs on node -1
[    1.679866] pcieport 0000:00:15.4: irq 28 for MSI/MSI-X
[    1.679911] pcieport 0000:00:15.4: setting latency timer to 64
[    1.679956]   alloc irq_desc for 29 on node -1
[    1.679958]   alloc kstat_irqs on node -1
[    1.680003] pcieport 0000:00:15.5: irq 29 for MSI/MSI-X
[    1.680048] pcieport 0000:00:15.5: setting latency timer to 64
[    1.680093]   alloc irq_desc for 30 on node -1
[    1.680095]   alloc kstat_irqs on node -1
[    1.680140] pcieport 0000:00:15.6: irq 30 for MSI/MSI-X
[    1.680185] pcieport 0000:00:15.6: setting latency timer to 64
[    1.680230]   alloc irq_desc for 31 on node -1
[    1.680232]   alloc kstat_irqs on node -1
[    1.680277] pcieport 0000:00:15.7: irq 31 for MSI/MSI-X
[    1.680322] pcieport 0000:00:15.7: setting latency timer to 64
[    1.680367]   alloc irq_desc for 32 on node -1
[    1.680369]   alloc kstat_irqs on node -1
[    1.680414] pcieport 0000:00:16.0: irq 32 for MSI/MSI-X
[    1.680459] pcieport 0000:00:16.0: setting latency timer to 64
[    1.680504]   alloc irq_desc for 33 on node -1
[    1.680506]   alloc kstat_irqs on node -1
[    1.680551] pcieport 0000:00:16.1: irq 33 for MSI/MSI-X
[    1.680596] pcieport 0000:00:16.1: setting latency timer to 64
[    1.680641]   alloc irq_desc for 34 on node -1
[    1.680643]   alloc kstat_irqs on node -1
[    1.680688] pcieport 0000:00:16.2: irq 34 for MSI/MSI-X
[    1.680733] pcieport 0000:00:16.2: setting latency timer to 64
[    1.680778]   alloc irq_desc for 35 on node -1
[    1.680779]   alloc kstat_irqs on node -1
[    1.680824] pcieport 0000:00:16.3: irq 35 for MSI/MSI-X
[    1.680870] pcieport 0000:00:16.3: setting latency timer to 64
[    1.680915]   alloc irq_desc for 36 on node -1
[    1.680916]   alloc kstat_irqs on node -1
[    1.680961] pcieport 0000:00:16.4: irq 36 for MSI/MSI-X
[    1.681006] pcieport 0000:00:16.4: setting latency timer to 64
[    1.681051]   alloc irq_desc for 37 on node -1
[    1.681053]   alloc kstat_irqs on node -1
[    1.681098] pcieport 0000:00:16.5: irq 37 for MSI/MSI-X
[    1.681143] pcieport 0000:00:16.5: setting latency timer to 64
[    1.681188]   alloc irq_desc for 38 on node -1
[    1.681190]   alloc kstat_irqs on node -1
[    1.681235] pcieport 0000:00:16.6: irq 38 for MSI/MSI-X
[    1.681280] pcieport 0000:00:16.6: setting latency timer to 64
[    1.681325]   alloc irq_desc for 39 on node -1
[    1.681327]   alloc kstat_irqs on node -1
[    1.681372] pcieport 0000:00:16.7: irq 39 for MSI/MSI-X
[    1.681417] pcieport 0000:00:16.7: setting latency timer to 64
[    1.682541]   alloc irq_desc for 40 on node -1
[    1.682543]   alloc kstat_irqs on node -1
[    1.682588] pcieport 0000:00:17.0: irq 40 for MSI/MSI-X
[    1.682633] pcieport 0000:00:17.0: setting latency timer to 64
[    1.682678]   alloc irq_desc for 41 on node -1
[    1.682680]   alloc kstat_irqs on node -1
[    1.682725] pcieport 0000:00:17.1: irq 41 for MSI/MSI-X
[    1.682770] pcieport 0000:00:17.1: setting latency timer to 64
[    1.682815]   alloc irq_desc for 42 on node -1
[    1.682816]   alloc kstat_irqs on node -1
[    1.682861] pcieport 0000:00:17.2: irq 42 for MSI/MSI-X
[    1.682906] pcieport 0000:00:17.2: setting latency timer to 64
[    1.682951]   alloc irq_desc for 43 on node -1
[    1.682953]   alloc kstat_irqs on node -1
[    1.682998] pcieport 0000:00:17.3: irq 43 for MSI/MSI-X
[    1.683043] pcieport 0000:00:17.3: setting latency timer to 64
[    1.683088]   alloc irq_desc for 44 on node -1
[    1.683090]   alloc kstat_irqs on node -1
[    1.683135] pcieport 0000:00:17.4: irq 44 for MSI/MSI-X
[    1.683180] pcieport 0000:00:17.4: setting latency timer to 64
[    1.683225]   alloc irq_desc for 45 on node -1
[    1.683227]   alloc kstat_irqs on node -1
[    1.683272] pcieport 0000:00:17.5: irq 45 for MSI/MSI-X
[    1.683317] pcieport 0000:00:17.5: setting latency timer to 64
[    1.683362]   alloc irq_desc for 46 on node -1
[    1.683364]   alloc kstat_irqs on node -1
[    1.683409] pcieport 0000:00:17.6: irq 46 for MSI/MSI-X
[    1.683454] pcieport 0000:00:17.6: setting latency timer to 64
[    1.683499]   alloc irq_desc for 47 on node -1
[    1.683501]   alloc kstat_irqs on node -1
[    1.683546] pcieport 0000:00:17.7: irq 47 for MSI/MSI-X
[    1.683591] pcieport 0000:00:17.7: setting latency timer to 64
[    1.683636]   alloc irq_desc for 48 on node -1
[    1.683638]   alloc kstat_irqs on node -1
[    1.683683] pcieport 0000:00:18.0: irq 48 for MSI/MSI-X
[    1.683728] pcieport 0000:00:18.0: setting latency timer to 64
[    1.683773]   alloc irq_desc for 49 on node -1
[    1.683775]   alloc kstat_irqs on node -1
[    1.683820] pcieport 0000:00:18.1: irq 49 for MSI/MSI-X
[    1.683865] pcieport 0000:00:18.1: setting latency timer to 64
[    1.683910]   alloc irq_desc for 50 on node -1
[    1.683911]   alloc kstat_irqs on node -1
[    1.683956] pcieport 0000:00:18.2: irq 50 for MSI/MSI-X
[    1.684002] pcieport 0000:00:18.2: setting latency timer to 64
[    1.684047]   alloc irq_desc for 51 on node -1
[    1.684048]   alloc kstat_irqs on node -1
[    1.684093] pcieport 0000:00:18.3: irq 51 for MSI/MSI-X
[    1.684138] pcieport 0000:00:18.3: setting latency timer to 64
[    1.684183]   alloc irq_desc for 52 on node -1
[    1.684185]   alloc kstat_irqs on node -1
[    1.684230] pcieport 0000:00:18.4: irq 52 for MSI/MSI-X
[    1.684275] pcieport 0000:00:18.4: setting latency timer to 64
[    1.684320]   alloc irq_desc for 53 on node -1
[    1.684322]   alloc kstat_irqs on node -1
[    1.684367] pcieport 0000:00:18.5: irq 53 for MSI/MSI-X
[    1.684412] pcieport 0000:00:18.5: setting latency timer to 64
[    1.684457]   alloc irq_desc for 54 on node -1
[    1.684459]   alloc kstat_irqs on node -1
[    1.684504] pcieport 0000:00:18.6: irq 54 for MSI/MSI-X
[    1.684549] pcieport 0000:00:18.6: setting latency timer to 64
[    1.684594]   alloc irq_desc for 55 on node -1
[    1.684596]   alloc kstat_irqs on node -1
[    1.684641] pcieport 0000:00:18.7: irq 55 for MSI/MSI-X
[    1.684686] pcieport 0000:00:18.7: setting latency timer to 64
[    1.684731] pci_hotplug: PCI Hot Plug PCI Core version: 0.5
[    1.686535] pciehp 0000:00:15.0:pcie04: HPC vendor_id 15ad device_id 7a0 ss_vid 0 ss_did 0
[    1.686580] pciehp 0000:00:15.0:pcie04: service driver pciehp loaded
[    1.686625] pciehp 0000:00:15.1:pcie04: HPC vendor_id 15ad device_id 7a0 ss_vid 0 ss_did 0
[    1.686670] pciehp 0000:00:15.1:pcie04: service driver pciehp loaded
[    1.686715] pciehp 0000:00:15.2:pcie04: HPC vendor_id 15ad device_id 7a0 ss_vid 0 ss_did 0
[    1.686760] pciehp 0000:00:15.2:pcie04: service driver pciehp loaded
[    1.686805] pciehp 0000:00:15.3:pcie04: HPC vendor_id 15ad device_id 7a0 ss_vid 0 ss_did 0
[    1.686850] pciehp 0000:00:15.3:pcie04: service driver pciehp loaded
[    1.686895] pciehp 0000:00:15.4:pcie04: HPC vendor_id 15ad device_id 7a0 ss_vid 0 ss_did 0
[    1.686940] pciehp 0000:00:15.4:pcie04: service driver pciehp loaded
[    1.686985] pciehp 0000:00:15.5:pcie04: HPC vendor_id 15ad device_id 7a0 ss_vid 0 ss_did 0
[    1.687030] pciehp 0000:00:15.5:pcie04: service driver pciehp loaded
[    1.687075] pciehp 0000:00:15.6:pcie04: HPC vendor_id 15ad device_id 7a0 ss_vid 0 ss_did 0
[    1.687120] pciehp 0000:00:15.6:pcie04: service driver pciehp loaded
[    1.687165] pciehp 0000:00:15.7:pcie04: HPC vendor_id 15ad device_id 7a0 ss_vid 0 ss_did 0
[    1.687210] pciehp 0000:00:15.7:pcie04: service driver pciehp loaded
[    1.687255] pciehp 0000:00:16.0:pcie04: HPC vendor_id 15ad device_id 7a0 ss_vid 0 ss_did 0
[    1.687300] pciehp 0000:00:16.0:pcie04: service driver pciehp loaded
[    1.687345] pciehp 0000:00:16.1:pcie04: HPC vendor_id 15ad device_id 7a0 ss_vid 0 ss_did 0
[    1.687390] pciehp 0000:00:16.1:pcie04: service driver pciehp loaded
[    1.687435] pciehp 0000:00:16.2:pcie04: HPC vendor_id 15ad device_id 7a0 ss_vid 0 ss_did 0
[    1.687480] pciehp 0000:00:16.2:pcie04: service driver pciehp loaded
[    1.687525] pciehp 0000:00:16.3:pcie04: HPC vendor_id 15ad device_id 7a0 ss_vid 0 ss_did 0
[    1.687570] pciehp 0000:00:16.3:pcie04: service driver pciehp loaded
[    1.687615] pciehp 0000:00:16.4:pcie04: HPC vendor_id 15ad device_id 7a0 ss_vid 0 ss_did 0
[    1.687660] pciehp 0000:00:16.4:pcie04: service driver pciehp loaded
[    1.687705] pciehp 0000:00:16.5:pcie04: HPC vendor_id 15ad device_id 7a0 ss_vid 0 ss_did 0
[    1.687750] pciehp 0000:00:16.5:pcie04: service driver pciehp loaded
[    1.687795] pciehp 0000:00:16.6:pcie04: HPC vendor_id 15ad device_id 7a0 ss_vid 0 ss_did 0
[    1.687840] pciehp 0000:00:16.6:pcie04: service driver pciehp loaded
[    1.687886] pciehp 0000:00:16.7:pcie04: HPC vendor_id 15ad device_id 7a0 ss_vid 0 ss_did 0
[    1.687931] pciehp 0000:00:16.7:pcie04: service driver pciehp loaded
[    1.687976] pciehp 0000:00:17.0:pcie04: HPC vendor_id 15ad device_id 7a0 ss_vid 0 ss_did 0
[    1.688021] pciehp 0000:00:17.0:pcie04: service driver pciehp loaded
[    1.688066] pciehp 0000:00:17.1:pcie04: HPC vendor_id 15ad device_id 7a0 ss_vid 0 ss_did 0
[    1.688111] pciehp 0000:00:17.1:pcie04: service driver pciehp loaded
[    1.688156] pciehp 0000:00:17.2:pcie04: HPC vendor_id 15ad device_id 7a0 ss_vid 0 ss_did 0
[    1.688201] pciehp 0000:00:17.2:pcie04: service driver pciehp loaded
[    1.688246] pciehp 0000:00:17.3:pcie04: HPC vendor_id 15ad device_id 7a0 ss_vid 0 ss_did 0
[    1.688291] pciehp 0000:00:17.3:pcie04: service driver pciehp loaded
[    1.688336] pciehp 0000:00:17.4:pcie04: HPC vendor_id 15ad device_id 7a0 ss_vid 0 ss_did 0
[    1.688381] pciehp 0000:00:17.4:pcie04: service driver pciehp loaded
[    1.688426] pciehp 0000:00:17.5:pcie04: HPC vendor_id 15ad device_id 7a0 ss_vid 0 ss_did 0
[    1.688471] pciehp 0000:00:17.5:pcie04: service driver pciehp loaded
[    1.688516] pciehp 0000:00:17.6:pcie04: HPC vendor_id 15ad device_id 7a0 ss_vid 0 ss_did 0
[    1.688561] pciehp 0000:00:17.6:pcie04: service driver pciehp loaded
[    1.688606] pciehp 0000:00:17.7:pcie04: HPC vendor_id 15ad device_id 7a0 ss_vid 0 ss_did 0
[    1.688651] pciehp 0000:00:17.7:pcie04: service driver pciehp loaded
[    1.688696] pciehp 0000:00:18.0:pcie04: HPC vendor_id 15ad device_id 7a0 ss_vid 0 ss_did 0
[    1.688741] pciehp 0000:00:18.0:pcie04: service driver pciehp loaded
[    1.688786] pciehp 0000:00:18.1:pcie04: HPC vendor_id 15ad device_id 7a0 ss_vid 0 ss_did 0
[    1.688831] pciehp 0000:00:18.1:pcie04: service driver pciehp loaded
[    1.688876] pciehp 0000:00:18.2:pcie04: HPC vendor_id 15ad device_id 7a0 ss_vid 0 ss_did 0
[    1.688921] pciehp 0000:00:18.2:pcie04: service driver pciehp loaded
[    1.688966] pciehp 0000:00:18.3:pcie04: HPC vendor_id 15ad device_id 7a0 ss_vid 0 ss_did 0
[    1.689011] pciehp 0000:00:18.3:pcie04: service driver pciehp loaded
[    1.689056] pciehp 0000:00:18.4:pcie04: HPC vendor_id 15ad device_id 7a0 ss_vid 0 ss_did 0
[    1.689101] pciehp 0000:00:18.4:pcie04: service driver pciehp loaded
[    1.689146] pciehp 0000:00:18.5:pcie04: HPC vendor_id 15ad device_id 7a0 ss_vid 0 ss_did 0
[    1.689191] pciehp 0000:00:18.5:pcie04: service driver pciehp loaded
[    1.689236] pciehp 0000:00:18.6:pcie04: HPC vendor_id 15ad device_id 7a0 ss_vid 0 ss_did 0
[    1.689281] pciehp 0000:00:18.6:pcie04: service driver pciehp loaded
[    1.689326] pciehp 0000:00:18.7:pcie04: HPC vendor_id 15ad device_id 7a0 ss_vid 0 ss_did 0
[    1.689371] pciehp 0000:00:18.7:pcie04: service driver pciehp loaded
[    1.689379] pciehp: PCI Express Hot Plug Controller Driver version: 0.4
[    1.689429] ACPI: AC Adapter [ACAD] (on-line)
[    1.689486] input: Power Button as /devices/LNXSYSTM:00/LNXPWRBN:00/input/input0
[    1.689488] ACPI: Power Button [PWRF]
[    1.689533] processor LNXCPU:00: registered as cooling_device0
[    1.730440] isapnp: Scanning for PnP cards...
[    2.083934] isapnp: No Plug & Play device found
[    2.083963] random 0000 0000 0000 5f8db4e5 4cfdf2a8: initializing
[    2.084091] Linux agpgart interface v0.103
[    2.084129] agpgart-intel 0000:00:00.0: Intel 440BX Chipset
[    2.084182] agpgart-intel 0000:00:00.0: AGP aperture is 256M @ 0x0
[    2.084212] Serial: 8250/16550 driver, 32 ports, IRQ sharing enabled
[    2.084266] serial8250: ttyS0 at I/O 0x3f8 (irq = 4) is a 16550A
[    2.084319] serial8250: ttyS1 at I/O 0x2f8 (irq = 3) is a 16550A
[    2.084372] 00:0a: ttyS0 at I/O 0x3f8 (irq = 4) is a 16550A
[    2.084426] 00:0b: ttyS1 at I/O 0x2f8 (irq = 3) is a 16550A
[    2.084479] brd: module loaded
[    2.084532] loop: module loaded
[    2.084586] ata_piix 0000:00:07.1: version 2.13
[    2.084667] scsi0 : ata_piix
[    2.084713] scsi1 : ata_piix
[    2.084733] ata1: PATA max UDMA/33 cmd 0x1f0 ctl 0x3f6 bmdma 0x10c0 irq 14
[    2.084735] ata2: PATA max UDMA/33 cmd 0x170 ctl 0x376 bmdma 0x10c8 irq 15
[    2.084782] PPP generic driver version 2.4.2
[    2.084801] tun: Universal TUN/TAP device driver, 1.6
[    2.084802] tun: (C) 1999-2004 Max Krasnyansky <maxk@qualcomm.com>
[    2.084856] ehci_hcd: USB 2.0 'Enhanced' Host Controller (EHCI) Driver
[    2.084909] ACPI: PCI Interrupt Link [LNKB] enabled at IRQ 11
[    2.084912] PCI: setting IRQ 11 as level-triggered
[    2.084919] ehci_hcd 0000:02:03.0: PCI INT A -> Link[LNKB] -> GSI 11 (level, low) -> IRQ 11
[    2.084955] ehci_hcd 0000:02:03.0: EHCI Host Controller
[    2.084976] ehci_hcd 0000:02:03.0: new USB bus registered, assigned bus number 1
[    2.085029] ehci_hcd 0000:02:03.0: cache line size of 32 is not supported
[    2.085035] ehci_hcd 0000:02:03.0: irq 11, io mem 0xc9000000
[    2.085346] random 0000 0000 0000 00000000 00000000: rand_read_num 3 get_random_bytes(8): sig 00000000 00000000 00000000
[    2.085348] random 0000 0000 0000 00000000 00000000: extract_entropy(.. 8 ..)
[    2.085351] random 0000 0000 0000 00000000 00000000: going to reseed nonblocking with 64 bits (64 of 0 requested)
[    2.085353] random 0000 0000 0000 00000000 00000000: extract_entropy(.. 8 ..)
[    2.085356] random 0000 0000 0000 00000000 00000000: trying to extract 64 bits from input
[    2.085358] random 0000 0000 0000 00000000 00000000: debiting 0 entropy credits from input
[    2.085360] random 0000 0000 0000 00000000 00000000: extract_entropy account returned: 0 
[    2.085362] random 0000 0000 0000 00000000 00000000: urand_change_num 5 xfer_secondary_pool(8): pool_sig 00000000, data_sig 00000000, bytes_mixed 0 00000000 00000000
[    2.085365] random 0000 0000 0000 00000000 00000000: trying to extract 64 bits from nonblocking
[    2.085368] random 0000 0000 0000 00000000 00000000: debiting 64 entropy credits from nonblocking (unlimited)
[    2.085370] random 0000 0000 0000 00000000 00000000: extract_entropy account returned: 8 
[    2.085373] random 0000 0000 0000 00000000 00000000: urand_change_num 6 extract_buf: pool_sig 00000000, data_sig fffffff9, bytes_mixed 20 00000000 00000000
[    2.093894] ehci_hcd 0000:02:03.0: USB 2.0 started, EHCI 1.00
[    2.093947] usb usb1: configuration #1 chosen from 1 choice
[    2.093965] hub 1-0:1.0: USB hub found
[    2.093969] hub 1-0:1.0: 6 ports detected
[    2.094001] ohci_hcd: USB 1.1 'Open' Host Controller (OHCI) Driver
[    2.094011] uhci_hcd: USB Universal Host Controller Interface driver
[    2.094064] ACPI: PCI Interrupt Link [LNKC] enabled at IRQ 10
[    2.094066] PCI: setting IRQ 10 as level-triggered
[    2.094070] uhci_hcd 0000:02:00.0: PCI INT A -> Link[LNKC] -> GSI 10 (level, low) -> IRQ 10
[    2.094101] uhci_hcd 0000:02:00.0: UHCI Host Controller
[    2.094126] uhci_hcd 0000:02:00.0: new USB bus registered, assigned bus number 2
[    2.094226] uhci_hcd 0000:02:00.0: irq 10, io base 0x000020c0
[    2.094279] usb usb2: configuration #1 chosen from 1 choice
[    2.094294] hub 2-0:1.0: USB hub found
[    2.094298] hub 2-0:1.0: 2 ports detected
[    2.094351] usbcore: registered new interface driver libusual
[    2.094376] PNP: PS/2 Controller [PNP0303:KBC,PNP0f13:MOUS] at 0x60,0x64 irq 1,12
[    2.094715] serio: i8042 KBD port at 0x60,0x64 irq 1
[    2.094722] serio: i8042 AUX port at 0x60,0x64 irq 12
[    2.094753] mice: PS/2 mouse device common for all mice
[    2.094807] rtc_cmos 00:04: rtc core: registered rtc_cmos as rtc0
[    2.094837] rtc0: alarms up to one month, y3k, 114 bytes nvram, hpet irqs
[    2.094891] device-mapper: uevent: version 1.0.3
[    2.094998] device-mapper: ioctl: 4.15.0-ioctl (2009-04-01) initialised: dm-devel@redhat.com
[    2.095014] EISA: Probing bus 0 at eisa.0
[    2.095021] Cannot allocate resource for EISA slot 1
[    2.095022] Cannot allocate resource for EISA slot 2
[    2.095024] Cannot allocate resource for EISA slot 3
[    2.095026] Cannot allocate resource for EISA slot 4
[    2.095027] Cannot allocate resource for EISA slot 5
[    2.095029] Cannot allocate resource for EISA slot 6
[    2.095031] Cannot allocate resource for EISA slot 7
[    2.095033] Cannot allocate resource for EISA slot 8
[    2.095034] EISA: Detected 0 cards.
[    2.095077] cpuidle: using governor ladder
[    2.095079] cpuidle: using governor menu
[    2.095132] random 0000 0000 0000 00000000 00000000: rand_read_num 4 get_random_bytes(136): sig 0000021d 00000000 00000000
[    2.095163] random 0000 0000 0000 00000000 00000000: extract_entropy(.. 136 ..)
[    2.095166] random 0000 0000 0000 00000000 00000000: going to reseed nonblocking with 1024 bits (1088 of 0 requested)
[    2.095168] random 0000 0000 0000 00000000 00000000: extract_entropy(.. 128 ..)
[    2.095170] random 0000 0000 0000 00000000 00000000: trying to extract 1024 bits from input
[    2.095172] random 0000 0000 0000 00000000 00000000: debiting 0 entropy credits from input
[    2.095174] random 0000 0000 0000 00000000 00000000: extract_entropy account returned: 0 
[    2.095176] random 0000 0000 0000 00000000 00000000: urand_change_num 7 xfer_secondary_pool(136): pool_sig 0000021d, data_sig 00000000, bytes_mixed 0 00000000 00000000
[    2.095179] random 0000 0000 0000 00000000 00000000: trying to extract 1088 bits from nonblocking
[    2.095181] random 0000 0000 0000 00000000 00000000: debiting 1088 entropy credits from nonblocking (unlimited)
[    2.095183] random 0000 0000 0000 00000000 00000000: extract_entropy account returned: 136 
[    2.095187] random 0000 0000 0000 00000000 00000000: urand_change_num 8 extract_buf: pool_sig 0000021d, data_sig fffffff7, bytes_mixed 20 00000000 00000000
[    2.095191] random 0000 0000 0000 f961ee50 ba9cb1aa: urand_change_num 9 extract_buf: pool_sig 00000230, data_sig fffffeb4, bytes_mixed 20 f961ee50 ba9cb1aa
[    2.095195] random 0000 0000 0000 9748bdd6 56fb8af6: urand_change_num 10 extract_buf: pool_sig 00000373, data_sig 000000cf, bytes_mixed 20 9748bdd6 56fb8af6
[    2.095199] random 0000 0000 0000 9748bdd6 56fb8af6: urand_change_num 11 extract_buf: pool_sig fffffe49, data_sig 0000023f, bytes_mixed 20 9748bdd6 56fb8af6
[    2.095204] random 0000 0000 0000 a135be86 4777650e: urand_change_num 12 extract_buf: pool_sig fffffcce, data_sig 000000c6, bytes_mixed 20 a135be86 4777650e
[    2.095208] random 0000 0000 0000 4a6ea85d 170e00dd: urand_change_num 13 extract_buf: pool_sig ffffff97, data_sig ffffff7d, bytes_mixed 20 4a6ea85d 170e00dd
[    2.095212] random 0000 0000 0000 4a6ea85d 170e00dd: urand_change_num 14 extract_buf: pool_sig 00000160, data_sig fffffeea, bytes_mixed 20 4a6ea85d 170e00dd
[    2.095216] random 0000 0000 0000 6e87c3cb da668c73: urand_change_num 15 extract_buf: pool_sig 0000034f, data_sig ffffff54, bytes_mixed 20 6e87c3cb da668c73
[    2.095220] random 0000 0000 0000 6e87c3cb da668c73: urand_change_num 16 extract_buf: pool_sig fffffdc5, data_sig 00000205, bytes_mixed 20 6e87c3cb da668c73
[    2.095224] random 0000 0000 0000 39f531e6 461eb249: urand_change_num 17 extract_buf: pool_sig fffffc1d, data_sig ffffff5e, bytes_mixed 20 39f531e6 461eb249
[    2.095229] random 0000 0000 0000 7e1538a2 3e661182: urand_change_num 18 extract_buf: pool_sig 000006ef, data_sig ffffff2e, bytes_mixed 20 7e1538a2 3e661182
[    2.095233] random 0000 0000 0000 7e1538a2 3e661182: urand_change_num 19 extract_buf: pool_sig 00000317, data_sig fffffccb, bytes_mixed 20 7e1538a2 3e661182
[    2.095237] random 0000 0000 0000 76af506b 9b57305e: urand_change_num 20 extract_buf: pool_sig 00000227, data_sig ffffffd2, bytes_mixed 20 76af506b 9b57305e
[    2.095241] random 0000 0000 0000 37d49d89 e20417cc: urand_change_num 21 extract_buf: pool_sig 0000080b, data_sig 000001e9, bytes_mixed 20 37d49d89 e20417cc
[    2.095245] TCP cubic registered
[    2.095298] NET: Registered protocol family 10
[    2.095331] RANDOM - __random32 called. Change num 12.  Value: b0a9fbe7	b7a35a2b	c9ef2c48
[    2.095333] RANDOM - random32 called.  Value: b0a9fbe7	b7a35a2b	c9ef2c48
[    2.095341] random 0000 0000 0000 37d49d89 e20417cc: rand_read_num 5 get_random_bytes(4): sig 00000298 37d49d89 e20417cc
[    2.095344] random 0000 0000 0000 37d49d89 e20417cc: extract_entropy(.. 4 ..)
[    2.095346] random 0000 0000 0000 37d49d89 e20417cc: going to reseed nonblocking with 64 bits (32 of 0 requested)
[    2.095348] random 0000 0000 0000 37d49d89 e20417cc: extract_entropy(.. 8 ..)
[    2.095350] random 0000 0000 0000 37d49d89 e20417cc: trying to extract 64 bits from input
[    2.095352] random 0000 0000 0000 37d49d89 e20417cc: debiting 0 entropy credits from input
[    2.095354] random 0000 0000 0000 37d49d89 e20417cc: extract_entropy account returned: 0 
[    2.095357] random 0000 0000 0000 37d49d89 e20417cc: urand_change_num 22 xfer_secondary_pool(4): pool_sig 00000298, data_sig 00000000, bytes_mixed 0 37d49d89 e20417cc
[    2.095359] random 0000 0000 0000 37d49d89 e20417cc: trying to extract 32 bits from nonblocking
[    2.095361] random 0000 0000 0000 37d49d89 e20417cc: debiting 32 entropy credits from nonblocking (unlimited)
[    2.095363] random 0000 0000 0000 37d49d89 e20417cc: extract_entropy account returned: 4 
[    2.095367] random 0000 0000 0000 37d49d89 e20417cc: urand_change_num 23 extract_buf: pool_sig 00000298, data_sig 00000092, bytes_mixed 20 37d49d89 e20417cc
[    2.095420] RANDOM - __random32 called. Change num 13.  Value: 9fbe71fa	7a35a2b4	5890d2c9
[    2.095422] RANDOM - random32 called.  Value: 9fbe71fa	7a35a2b4	5890d2c9
[    2.095475] NET: Registered protocol family 17
[    2.095494] Using IPI No-Shortcut mode
[    2.095499] random 0000 0000 0000 2ee4c4fc 167bdb15: rand_read_num 6 get_random_bytes(8): sig fffffcbf 2ee4c4fc 167bdb15
[    2.095501] random 0000 0000 0000 2ee4c4fc 167bdb15: extract_entropy(.. 8 ..)
[    2.095504] random 0000 0000 0000 2ee4c4fc 167bdb15: going to reseed nonblocking with 64 bits (64 of 0 requested)
[    2.095506] random 0000 0000 0000 2ee4c4fc 167bdb15: extract_entropy(.. 8 ..)
[    2.095508] random 0000 0000 0000 2ee4c4fc 167bdb15: trying to extract 64 bits from input
[    2.095510] random 0000 0000 0000 2ee4c4fc 167bdb15: debiting 0 entropy credits from input
[    2.095512] random 0000 0000 0000 2ee4c4fc 167bdb15: extract_entropy account returned: 0 
[    2.095514] random 0000 0000 0000 2ee4c4fc 167bdb15: urand_change_num 24 xfer_secondary_pool(8): pool_sig fffffcbf, data_sig 00000000, bytes_mixed 0 2ee4c4fc 167bdb15
[    2.095517] random 0000 0000 0000 2ee4c4fc 167bdb15: trying to extract 64 bits from nonblocking
[    2.095519] random 0000 0000 0000 2ee4c4fc 167bdb15: debiting 64 entropy credits from nonblocking (unlimited)
[    2.095521] random 0000 0000 0000 2ee4c4fc 167bdb15: extract_entropy account returned: 8 
[    2.095524] random 0000 0000 0000 2ee4c4fc 167bdb15: urand_change_num 25 extract_buf: pool_sig fffffcbf, data_sig ffffff83, bytes_mixed 20 2ee4c4fc 167bdb15
[    2.095563] PM: Resume from disk failed.
[    2.095570] registered taskstats version 1
[    2.095573] random 0000 0000 0000 2ee4c4fc 167bdb15: rand_read_num 7 get_random_bytes(12): sig fffffc69 2ee4c4fc 167bdb15
[    2.095575] random 0000 0000 0000 2ee4c4fc 167bdb15: extract_entropy(.. 12 ..)
[    2.095577] random 0000 0000 0000 2ee4c4fc 167bdb15: going to reseed nonblocking with 96 bits (96 of 0 requested)
[    2.095579] random 0000 0000 0000 2ee4c4fc 167bdb15: extract_entropy(.. 12 ..)
[    2.095581] random 0000 0000 0000 2ee4c4fc 167bdb15: trying to extract 96 bits from input
[    2.095583] random 0000 0000 0000 2ee4c4fc 167bdb15: debiting 0 entropy credits from input
[    2.095585] random 0000 0000 0000 2ee4c4fc 167bdb15: extract_entropy account returned: 0 
[    2.095588] random 0000 0000 0000 2ee4c4fc 167bdb15: urand_change_num 26 xfer_secondary_pool(12): pool_sig fffffc69, data_sig 00000000, bytes_mixed 0 2ee4c4fc 167bdb15
[    2.095590] random 0000 0000 0000 2ee4c4fc 167bdb15: trying to extract 96 bits from nonblocking
[    2.095592] random 0000 0000 0000 2ee4c4fc 167bdb15: debiting 96 entropy credits from nonblocking (unlimited)
[    2.095594] random 0000 0000 0000 2ee4c4fc 167bdb15: extract_entropy account returned: 12 
[    2.095597] random 0000 0000 0000 2ee4c4fc 167bdb15: urand_change_num 27 extract_buf: pool_sig fffffc69, data_sig ffffff7d, bytes_mixed 20 2ee4c4fc 167bdb15
[    2.095602] random 0000 0000 0000 83b7c1ab 94697f48: urand_change_num 28 extract_buf: pool_sig fffffe30, data_sig fffffdd6, bytes_mixed 20 83b7c1ab 94697f48
[    2.095604] RANDOM - __seed init called.
[    2.095605] RANDOM - __seed init called.
[    2.095607] RANDOM - __seed init called.
[    2.095608] RANDOM - __random32 called. Change num 14.  Value: fc007995	feca4f80	21b38ad2
[    2.095610] RANDOM - random32_reseed called.  Value: fc007995	feca4f80	21b38ad2
[    2.095612] Pid: 1, comm: swapper Not tainted 2.6.32.57 #4
[    2.095614] Call Trace:
[    2.095620]  [<c14a8a0e>] ? printk+0x1d/0x1f
[    2.095624]  [<c17537e5>] random32_reseed+0x89/0xbd
[    2.095628]  [<c1003042>] do_one_initcall+0x32/0x1a0
[    2.095630]  [<c175375c>] ? random32_reseed+0x0/0xbd
[    2.095633]  [<c17308e7>] kernel_init+0x12d/0x17a
[    2.095635]  [<c17307ba>] ? kernel_init+0x0/0x17a
[    2.095638]  [<c1009b07>] kernel_thread_helper+0x7/0x10
[    2.098434] input: AT Translated Set 2 keyboard as /devices/platform/i8042/serio0/input/input1
[    2.098715] random 0000 0000 0000 6db70b00 b30ce96b: rand_read_num 8 get_random_bytes(64): sig fffffb38 6db70b00 b30ce96b
[    2.098719] random 0000 0000 0000 6db70b00 b30ce96b: extract_entropy(.. 64 ..)
[    2.098722] random 0000 0000 0000 6db70b00 b30ce96b: going to reseed nonblocking with 512 bits (512 of 0 requested)
[    2.098724] random 0000 0000 0000 6db70b00 b30ce96b: extract_entropy(.. 64 ..)
[    2.098726] random 0000 0000 0000 6db70b00 b30ce96b: trying to extract 512 bits from input
[    2.098729] random 0000 0000 0000 6db70b00 b30ce96b: debiting 0 entropy credits from input
[    2.098731] random 0000 0000 0000 6db70b00 b30ce96b: extract_entropy account returned: 0 
[    2.098734] random 0000 0000 0000 6db70b00 b30ce96b: urand_change_num 29 xfer_secondary_pool(64): pool_sig fffffb38, data_sig 00000000, bytes_mixed 0 6db70b00 b30ce96b
[    2.098737] random 0000 0000 0000 6db70b00 b30ce96b: trying to extract 512 bits from nonblocking
[    2.098739] random 0000 0000 0000 6db70b00 b30ce96b: debiting 512 entropy credits from nonblocking (unlimited)
[    2.098742] random 0000 0000 0000 6db70b00 b30ce96b: extract_entropy account returned: 64 
[    2.098745] random 0000 0000 0000 6db70b00 b30ce96b: urand_change_num 30 extract_buf: pool_sig fffffb38, data_sig 00000151, bytes_mixed 20 6db70b00 b30ce96b
[    2.098750] random 0000 0000 0000 6db70b00 b30ce96b: urand_change_num 31 extract_buf: pool_sig fffffdb8, data_sig 00000379, bytes_mixed 20 6db70b00 b30ce96b
[    2.098754] random 0000 0000 0000 6b83001e d4b6c0d3: urand_change_num 32 extract_buf: pool_sig ffffffc9, data_sig 00000198, bytes_mixed 20 6b83001e d4b6c0d3
[    2.098759] random 0000 0000 0000 79d3e3c7 be564518: urand_change_num 33 extract_buf: pool_sig 000002b9, data_sig ffffff84, bytes_mixed 20 79d3e3c7 be564518
[    2.098763] random 0000 0000 0000 79d3e3c7 be564518: urand_change_num 34 extract_buf: pool_sig ffffff55, data_sig ffffff5a, bytes_mixed 20 79d3e3c7 be564518
[    2.098768] random 0000 0000 0000 89c03cb2 0d353228: urand_change_num 35 extract_buf: pool_sig 00000007, data_sig ffffff17, bytes_mixed 20 89c03cb2 0d353228
[    2.098772] random 0000 0000 0000 89c03cb2 0d353228: urand_change_num 36 extract_buf: pool_sig fffffdae, data_sig 000000db, bytes_mixed 20 89c03cb2 0d353228  Magic number: 13:371:707
[    2.098871] rtc_cmos 00:04: setting system clock to 2013-05-24 23:41:50 UTC (1369438910)
[    2.098874] BIOS EDD facility v0.16 2004-Jun-25, 0 devices found
[    2.098875] EDD information not available.
[    2.098901] random 0000 0000 0000 8ca62387 b120332c: rand_read_num 9 get_random_bytes(64): sig fffffed6 8ca62387 b120332c
[    2.098903] random 0000 0000 0000 8ca62387 b120332c: extract_entropy(.. 64 ..)
[    2.098906] random 0000 0000 0000 8ca62387 b120332c: going to reseed nonblocking with 512 bits (512 of 0 requested)
[    2.098908] random 0000 0000 0000 8ca62387 b120332c: extract_entropy(.. 64 ..)
[    2.098910] random 0000 0000 0000 8ca62387 b120332c: trying to extract 512 bits from input
[    2.098912] random 0000 0000 0000 8ca62387 b120332c: debiting 0 entropy credits from input
[    2.098914] random 0000 0000 0000 8ca62387 b120332c: extract_entropy account returned: 0 
[    2.098917] random 0000 0000 0000 8ca62387 b120332c: urand_change_num 37 xfer_secondary_pool(64): pool_sig fffffed6, data_sig 00000000, bytes_mixed 0 8ca62387 b120332c
[    2.098920] random 0000 0000 0000 8ca62387 b120332c: trying to extract 512 bits from nonblocking
[    2.098923] random 0000 0000 0000 8ca62387 b120332c: debiting 512 entropy credits from nonblocking (unlimited)
[    2.098925] random 0000 0000 0000 8ca62387 b120332c: extract_entropy account returned: 64 
[    2.098928] random 0000 0000 0000 8ca62387 b120332c: urand_change_num 38 extract_buf: pool_sig fffffed6, data_sig fffffeb6, bytes_mixed 20 8ca62387 b120332c
[    2.098933] random 0000 0000 0000 90702413 e2a66c2e: urand_change_num 39 extract_buf: pool_sig fffffbb0, data_sig 0000012e, bytes_mixed 20 90702413 e2a66c2e
[    2.098937] random 0000 0000 0000 90702413 e2a66c2e: urand_change_num 40 extract_buf: pool_sig fffffaf1, data_sig ffffff3c, bytes_mixed 20 90702413 e2a66c2e
[    2.098942] random 0000 0000 0000 3f58038b c77aecb6: urand_change_num 41 extract_buf: pool_sig 00000234, data_sig fffffdec, bytes_mixed 20 3f58038b c77aecb6
[    2.098946] random 0000 0000 0000 47187b9d 03f21510: urand_change_num 42 extract_buf: pool_sig 00000192, data_sig 00000075, bytes_mixed 20 47187b9d 03f21510
[    2.098950] random 0000 0000 0000 47187b9d 03f21510: urand_change_num 43 extract_buf: pool_sig 0000018e, data_sig ffffffbf, bytes_mixed 20 47187b9d 03f21510
[    2.098955] random 0000 0000 0000 3180b1fc 0fa9c973: urand_change_num 44 extract_buf: pool_sig fffffecf, data_sig ffffff2a, bytes_mixed 20 3180b1fc 0fa9c973
[    2.098958] BEGIN NET_SECRET:
[    2.098959] \xffffff87
[    2.098960] \xffffff8d
[    2.098961] \xfffffff4
[    2.098962] \xffffffae
[    2.098964] \xffffffc3
[    2.098965] \xffffffb7
[    2.098966] \x31
[    2.098967] \x65
[    2.098968] \xffffffda
[    2.098969] \xffffffa2
[    2.098970] \x31
[    2.098972] \xffffffc8
[    2.098973] \xffffffa9
[    2.098974] \x76
[    2.098975] \x76
[    2.098976] \xffffff90
[    2.098977] \x55
[    2.098978] \xfffffff3
[    2.098980] \xffffffb1
[    2.098981] \x3
[    2.098982] \xffffffb3
[    2.098983] \xffffffa7
[    2.098984] \x5a
[    2.098985] \x71
[    2.098986] \x70
[    2.098988] \xffffff8c
[    2.098989] \x56
[    2.098990] \x25
[    2.098991] \xffffffe1
[    2.098992] \x4c
[    2.098993] \xffffffe6
[    2.098994] \xffffff95
[    2.098996] \x67
[    2.098997] \x4c
[    2.098998] \xffffffb9
[    2.098999] \x1d
[    2.099000] \xe
[    2.099001] \x34
[    2.099002] \xffffffbe
[    2.099003] \x12
[    2.099005] \x5
[    2.099006] \xffffff98
[    2.099007] \xffffffa0
[    2.099008] \xf
[    2.099009] \xffffffb2
[    2.099010] \xffffffde
[    2.099011] \xffffff99
[    2.099013] \xf
[    2.099014] \xffffffe8
[    2.099015] \xffffffc8
[    2.099016] \x1f
[    2.099017] \x54
[    2.099018] \x2c
[    2.099019] \xffffffee
[    2.099021] \x2e
[    2.099022] \x0
[    2.099023] \xffffff95
[    2.099024] \x0
[    2.099025] \xffffffe3
[    2.099026] \xffffffa7
[    2.099027] \xfffffffd
[    2.099028] \x66
[    2.099030] \xffffff92
[    2.099031] \xfffffff0
[    2.099032] 
[    2.099033] END NET_SECRET
[    2.099036] random 0000 0000 0000 3180b1fc 0fa9c973: rand_read_num 10 get_random_bytes(4): sig ffffff46 3180b1fc 0fa9c973
[    2.099038] random 0000 0000 0000 3180b1fc 0fa9c973: extract_entropy(.. 4 ..)
[    2.099040] random 0000 0000 0000 3180b1fc 0fa9c973: going to reseed nonblocking with 64 bits (32 of 0 requested)
[    2.099042] random 0000 0000 0000 3180b1fc 0fa9c973: extract_entropy(.. 8 ..)
[    2.099045] random 0000 0000 0000 3180b1fc 0fa9c973: trying to extract 64 bits from input
[    2.099047] random 0000 0000 0000 3180b1fc 0fa9c973: debiting 0 entropy credits from input
[    2.099049] random 0000 0000 0000 3180b1fc 0fa9c973: extract_entropy account returned: 0 
[    2.099052] random 0000 0000 0000 3180b1fc 0fa9c973: urand_change_num 45 xfer_secondary_pool(4): pool_sig ffffff46, data_sig 00000000, bytes_mixed 0 3180b1fc 0fa9c973
[    2.099054] random 0000 0000 0000 3180b1fc 0fa9c973: trying to extract 32 bits from nonblocking
[    2.099057] random 0000 0000 0000 3180b1fc 0fa9c973: debiting 32 entropy credits from nonblocking (unlimited)
[    2.099059] random 0000 0000 0000 3180b1fc 0fa9c973: extract_entropy account returned: 4 
[    2.099062] random 0000 0000 0000 3180b1fc 0fa9c973: urand_change_num 46 extract_buf: pool_sig ffffff46, data_sig 0000001b, bytes_mixed 20 3180b1fc 0fa9c973
[    2.274335] ata2.00: ATAPI: VMware Virtual IDE CDROM Drive, 00000001, max UDMA/33
[    2.274641] ata2.00: configured for UDMA/33
[    2.275013] scsi 1:0:0:0: CD-ROM            NECVMWar VMware IDE CDR10 1.00 PQ: 0 ANSI: 5
[    2.276202] sr0: scsi3-mmc drive: 306x/306x cd/rw xa/form2 cdda tray
[    2.276205] Uniform CD-ROM driver Revision: 3.20
[    2.276258] sr 1:0:0:0: Attached scsi CD-ROM sr0
[    2.276293] sr 1:0:0:0: Attached scsi generic sg0 type 5
[    2.276328] Freeing unused kernel memory: 652k freed
[    2.276382] Write protecting the kernel text: 4840k
[    2.276412] Write protecting the kernel read-only data: 1968k
[    2.276501] random 0000 0000 0000 38974d2b 1d8d6de0: rand_read_num 11 get_random_bytes(16): sig 000001c6 38974d2b 1d8d6de0
