[    0.000000] random 0000 0000 0000 00000000 00000000: rand_read_num 1 get_random_bytes(8): sig 00000000 00000000 00000000
[    0.000000] random 0000 0000 0000 00000000 00000000: extract_entropy(.. 8 ..)
[    0.000000] random 0000 0000 0000 00000000 00000000: going to reseed nonblocking with 64 bits (64 of 0 requested)
[    0.000000] random 0000 0000 0000 00000000 00000000: extract_entropy(.. 8 ..)
[    0.000000] random 0000 0000 0000 00000000 00000000: trying to extract 64 bits from input
[    0.000000] random 0000 0000 0000 00000000 00000000: debiting 0 entropy credits from input
[    0.000000] random 0000 0000 0000 00000000 00000000: extract_entropy account returned: 0 
[    0.000000] random 0000 0000 0000 00000000 00000000: urand_change_num 1 xfer_secondary_pool(8): pool_sig 00000000, data_sig 00000000, bytes_mixed 0 00000000 00000000
[    0.000000] random 0000 0000 0000 00000000 00000000: trying to extract 64 bits from nonblocking
[    0.000000] random 0000 0000 0000 00000000 00000000: debiting 64 entropy credits from nonblocking (unlimited)
[    0.000000] random 0000 0000 0000 00000000 00000000: extract_entropy account returned: 8 
[    0.000000] random 0000 0000 0000 00000000 00000000: urand_change_num 2 extract_buf: pool_sig 00000000, data_sig fffffff9, bytes_mixed 20 00000000 00000000
[    0.000000] Initializing cgroup subsys cpuset
[    0.000000] Initializing cgroup subsys cpu
[    0.000000] Linux version 2.6.32.57 (dcashman@ubuntu) (gcc version 4.6.3 (Ubuntu/Linaro 4.6.3-1ubuntu5) ) #4 SMP Fri May 24 11:09:26 PDT 2013
[    0.000000] KERNEL supported cpus:
[    0.000000]   Intel GenuineIntel
[    0.000000]   AMD AuthenticAMD
[    0.000000]   NSC Geode by NSC
[    0.000000]   Cyrix CyrixInstead
[    0.000000]   Centaur CentaurHauls
[    0.000000]   Transmeta GenuineTMx86
[    0.000000]   Transmeta TransmetaCPU
[    0.000000]   UMC UMC UMC UMC
[    0.000000] BIOS-provided physical RAM map:
[    0.000000]  BIOS-e820: 0000000000000000 - 000000000009f000 (usable)
[    0.000000]  BIOS-e820: 000000000009f000 - 00000000000a0000 (reserved)
[    0.000000]  BIOS-e820: 00000000000ca000 - 00000000000cc000 (reserved)
[    0.000000]  BIOS-e820: 00000000000dc000 - 0000000000100000 (reserved)
[    0.000000]  BIOS-e820: 0000000000100000 - 000000003fee0000 (usable)
[    0.000000]  BIOS-e820: 000000003fee0000 - 000000003feff000 (ACPI data)
[    0.000000]  BIOS-e820: 000000003feff000 - 000000003ff00000 (ACPI NVS)
[    0.000000]  BIOS-e820: 000000003ff00000 - 0000000040000000 (usable)
[    0.000000]  BIOS-e820: 00000000e0000000 - 00000000f0000000 (reserved)
[    0.000000]  BIOS-e820: 00000000fec00000 - 00000000fec10000 (reserved)
[    0.000000]  BIOS-e820: 00000000fee00000 - 00000000fee01000 (reserved)
[    0.000000]  BIOS-e820: 00000000fffe0000 - 0000000100000000 (reserved)
[    0.000000] DMI present.
[    0.000000] Phoenix BIOS detected: BIOS may corrupt low RAM, working around it.
[    0.000000] e820 update range: 0000000000000000 - 0000000000010000 (usable) ==> (reserved)
[    0.000000] last_pfn = 0x40000 max_arch_pfn = 0x1000000
[    0.000000] MTRR default type: uncachable
[    0.000000] MTRR fixed ranges enabled:
[    0.000000]   00000-9FFFF write-back
[    0.000000]   A0000-BFFFF uncachable
[    0.000000]   C0000-CBFFF write-protect
[    0.000000]   CC000-EFFFF uncachable
[    0.000000]   F0000-FFFFF write-protect
[    0.000000] MTRR variable ranges enabled:
[    0.000000]   0 base 0000000000 mask FFC0000000 write-back
[    0.000000]   1 disabled
[    0.000000]   2 disabled
[    0.000000]   3 disabled
[    0.000000]   4 disabled
[    0.000000]   5 disabled
[    0.000000]   6 disabled
[    0.000000]   7 disabled
[    0.000000] x86 PAT enabled: cpu 0, old 0x0, new 0x7010600070106
[    0.000000] Scanning 0 areas for low memory corruption
[    0.000000] modified physical RAM map:
[    0.000000]  modified: 0000000000000000 - 0000000000010000 (reserved)
[    0.000000]  modified: 0000000000010000 - 000000000009f000 (usable)
[    0.000000]  modified: 000000000009f000 - 00000000000a0000 (reserved)
[    0.000000]  modified: 00000000000ca000 - 00000000000cc000 (reserved)
[    0.000000]  modified: 00000000000dc000 - 0000000000100000 (reserved)
[    0.000000]  modified: 0000000000100000 - 000000003fee0000 (usable)
[    0.000000]  modified: 000000003fee0000 - 000000003feff000 (ACPI data)
[    0.000000]  modified: 000000003feff000 - 000000003ff00000 (ACPI NVS)
[    0.000000]  modified: 000000003ff00000 - 0000000040000000 (usable)
[    0.000000]  modified: 00000000e0000000 - 00000000f0000000 (reserved)
[    0.000000]  modified: 00000000fec00000 - 00000000fec10000 (reserved)
[    0.000000]  modified: 00000000fee00000 - 00000000fee01000 (reserved)
[    0.000000]  modified: 00000000fffe0000 - 0000000100000000 (reserved)
[    0.000000] initial memory mapped : 0 - 01e00000
[    0.000000] init_memory_mapping: 0000000000000000-00000000379fe000
[    0.000000] NX (Execute Disable) protection: active
[    0.000000]  0000000000 - 0000200000 page 4k
[    0.000000]  0000200000 - 0037800000 page 2M
[    0.000000]  0037800000 - 00379fe000 page 4k
[    0.000000] kernel direct mapping tables up to 379fe000 @ 10000-16000
[    0.000000] RAMDISK: 2dcfc000 - 32e758c3
[    0.000000] ACPI: RSDP 000f6b80 00024 (v02 PTLTD )
[    0.000000] ACPI: XSDT 3feed636 0005C (v01 INTEL  440BX    06040000 VMW  01324272)
[    0.000000] ACPI: FACP 3fefee98 000F4 (v04 INTEL  440BX    06040000 PTL  000F4240)
[    0.000000] ACPI: DSDT 3feee366 10B32 (v01 PTLTD  Custom   06040000 MSFT 03000001)
[    0.000000] ACPI: FACS 3fefffc0 00040
[    0.000000] ACPI: BOOT 3feee33e 00028 (v01 PTLTD  $SBFTBL$ 06040000  LTP 00000001)
[    0.000000] ACPI: APIC 3feedc3e 003C2 (v01 PTLTD  ? APIC   06040000  LTP 00000000)
[    0.000000] ACPI: MCFG 3feedc02 0003C (v01 PTLTD  $PCITBL$ 06040000  LTP 00000001)
[    0.000000] ACPI: SRAT 3feed732 004D0 (v02 VMWARE MEMPLUG  06040000 VMW  00000001)
[    0.000000] ACPI: HPET 3feed6fa 00038 (v01 VMWARE VMW HPET 06040000 VMW  00000001)
[    0.000000] ACPI: WAET 3feed6d2 00028 (v01 VMWARE VMW WAET 06040000 VMW  00000001)
[    0.000000] ACPI: Local APIC address 0xfee00000
[    0.000000] 134MB HIGHMEM available.
[    0.000000] 889MB LOWMEM available.
[    0.000000]   mapped low ram: 0 - 379fe000
[    0.000000]   low ram: 0 - 379fe000
[    0.000000]   node 0 low ram: 00000000 - 379fe000
[    0.000000]   node 0 bootmap 00012000 - 00018f40
[    0.000000] (9 early reservations) ==> bootmem [0000000000 - 00379fe000]
[    0.000000]   #0 [0000000000 - 0000001000]   BIOS data page ==> [0000000000 - 0000001000]
[    0.000000]   #1 [0000001000 - 0000002000]    EX TRAMPOLINE ==> [0000001000 - 0000002000]
[    0.000000]   #2 [0000006000 - 0000007000]       TRAMPOLINE ==> [0000006000 - 0000007000]
[    0.000000]   #3 [0001000000 - 0001a75ff8]    TEXT DATA BSS ==> [0001000000 - 0001a75ff8]
[    0.000000]   #4 [002dcfc000 - 0032e758c3]          RAMDISK ==> [002dcfc000 - 0032e758c3]
[    0.000000]   #5 [000009f000 - 0000100000]    BIOS reserved ==> [000009f000 - 0000100000]
[    0.000000]   #6 [0001a76000 - 0001a851c0]              BRK ==> [0001a76000 - 0001a851c0]
[    0.000000]   #7 [0000010000 - 0000012000]          PGTABLE ==> [0000010000 - 0000012000]
[    0.000000]   #8 [0000012000 - 0000019000]          BOOTMAP ==> [0000012000 - 0000019000]
[    0.000000] found SMP MP-table at [c00f6bf0] f6bf0
[    0.000000] Zone PFN ranges:
[    0.000000]   DMA      0x00000010 -> 0x00001000
[    0.000000]   Normal   0x00001000 -> 0x000379fe
[    0.000000]   HighMem  0x000379fe -> 0x00040000
[    0.000000] Movable zone start PFN for each node
[    0.000000] early_node_map[3] active PFN ranges
[    0.000000]     0: 0x00000010 -> 0x0000009f
[    0.000000]     0: 0x00000100 -> 0x0003fee0
[    0.000000]     0: 0x0003ff00 -> 0x00040000
[    0.000000] On node 0 totalpages: 261999
[    0.000000] free_area_init_node: node 0, pgdat c1715200, node_mem_map c1a87200
[    0.000000]   DMA zone: 32 pages used for memmap
[    0.000000]   DMA zone: 0 pages reserved
[    0.000000]   DMA zone: 3951 pages, LIFO batch:0
[    0.000000]   Normal zone: 1748 pages used for memmap
[    0.000000]   Normal zone: 221994 pages, LIFO batch:31
[    0.000000]   HighMem zone: 269 pages used for memmap
[    0.000000]   HighMem zone: 34005 pages, LIFO batch:7
[    0.000000] Using APIC driver default
[    0.000000] ACPI: PM-Timer IO Port: 0x1008
[    0.000000] ACPI: Local APIC address 0xfee00000
[    0.000000] ACPI: LAPIC (acpi_id[0x00] lapic_id[0x00] enabled)
[    0.000000] ACPI: LAPIC (acpi_id[0x01] lapic_id[0x02] disabled)
[    0.000000] ACPI: LAPIC (acpi_id[0x02] lapic_id[0x04] disabled)
[    0.000000] ACPI: LAPIC (acpi_id[0x03] lapic_id[0x06] disabled)
[    0.000000] ACPI: LAPIC (acpi_id[0x04] lapic_id[0x08] disabled)
[    0.000000] ACPI: LAPIC (acpi_id[0x05] lapic_id[0x0a] disabled)
[    0.000000] ACPI: LAPIC (acpi_id[0x06] lapic_id[0x0c] disabled)
[    0.000000] ACPI: LAPIC (acpi_id[0x07] lapic_id[0x0e] disabled)
[    0.000000] ACPI: LAPIC (acpi_id[0x08] lapic_id[0x10] disabled)
[    0.000000] ACPI: LAPIC (acpi_id[0x09] lapic_id[0x12] disabled)
[    0.000000] ACPI: LAPIC (acpi_id[0x0a] lapic_id[0x14] disabled)
[    0.000000] ACPI: LAPIC (acpi_id[0x0b] lapic_id[0x16] disabled)
[    0.000000] ACPI: LAPIC (acpi_id[0x0c] lapic_id[0x18] disabled)
[    0.000000] ACPI: LAPIC (acpi_id[0x0d] lapic_id[0x1a] disabled)
[    0.000000] ACPI: LAPIC (acpi_id[0x0e] lapic_id[0x1c] disabled)
[    0.000000] ACPI: LAPIC (acpi_id[0x0f] lapic_id[0x1e] disabled)
[    0.000000] ACPI: LAPIC (acpi_id[0x10] lapic_id[0x20] disabled)
[    0.000000] ACPI: LAPIC (acpi_id[0x11] lapic_id[0x22] disabled)
[    0.000000] ACPI: LAPIC (acpi_id[0x12] lapic_id[0x24] disabled)
[    0.000000] ACPI: LAPIC (acpi_id[0x13] lapic_id[0x26] disabled)
[    0.000000] ACPI: LAPIC (acpi_id[0x14] lapic_id[0x28] disabled)
[    0.000000] ACPI: LAPIC (acpi_id[0x15] lapic_id[0x2a] disabled)
[    0.000000] ACPI: LAPIC (acpi_id[0x16] lapic_id[0x2c] disabled)
[    0.000000] ACPI: LAPIC (acpi_id[0x17] lapic_id[0x2e] disabled)
[    0.000000] ACPI: LAPIC (acpi_id[0x18] lapic_id[0x30] disabled)
[    0.000000] ACPI: LAPIC (acpi_id[0x19] lapic_id[0x32] disabled)
[    0.000000] ACPI: LAPIC (acpi_id[0x1a] lapic_id[0x34] disabled)
[    0.000000] ACPI: LAPIC (acpi_id[0x1b] lapic_id[0x36] disabled)
[    0.000000] ACPI: LAPIC (acpi_id[0x1c] lapic_id[0x38] disabled)
[    0.000000] ACPI: LAPIC (acpi_id[0x1d] lapic_id[0x3a] disabled)
[    0.000000] ACPI: LAPIC (acpi_id[0x1e] lapic_id[0x3c] disabled)
[    0.000000] ACPI: LAPIC (acpi_id[0x1f] lapic_id[0x3e] disabled)
[    0.000000] ACPI: LAPIC (acpi_id[0x20] lapic_id[0x40] disabled)
[    0.000000] ACPI: LAPIC (acpi_id[0x21] lapic_id[0x42] disabled)
[    0.000000] ACPI: LAPIC (acpi_id[0x22] lapic_id[0x44] disabled)
[    0.000000] ACPI: LAPIC (acpi_id[0x23] lapic_id[0x46] disabled)
[    0.000000] ACPI: LAPIC (acpi_id[0x24] lapic_id[0x48] disabled)
[    0.000000] ACPI: LAPIC (acpi_id[0x25] lapic_id[0x4a] disabled)
[    0.000000] ACPI: LAPIC (acpi_id[0x26] lapic_id[0x4c] disabled)
[    0.000000] ACPI: LAPIC (acpi_id[0x27] lapic_id[0x4e] disabled)
[    0.000000] ACPI: LAPIC (acpi_id[0x28] lapic_id[0x50] disabled)
[    0.000000] ACPI: LAPIC (acpi_id[0x29] lapic_id[0x52] disabled)
[    0.000000] ACPI: LAPIC (acpi_id[0x2a] lapic_id[0x54] disabled)
[    0.000000] ACPI: LAPIC (acpi_id[0x2b] lapic_id[0x56] disabled)
[    0.000000] ACPI: LAPIC (acpi_id[0x2c] lapic_id[0x58] disabled)
[    0.000000] ACPI: LAPIC (acpi_id[0x2d] lapic_id[0x5a] disabled)
[    0.000000] ACPI: LAPIC (acpi_id[0x2e] lapic_id[0x5c] disabled)
[    0.000000] ACPI: LAPIC (acpi_id[0x2f] lapic_id[0x5e] disabled)
[    0.000000] ACPI: LAPIC (acpi_id[0x30] lapic_id[0x60] disabled)
[    0.000000] ACPI: LAPIC (acpi_id[0x31] lapic_id[0x62] disabled)
[    0.000000] ACPI: LAPIC (acpi_id[0x32] lapic_id[0x64] disabled)
[    0.000000] ACPI: LAPIC (acpi_id[0x33] lapic_id[0x66] disabled)
[    0.000000] ACPI: LAPIC (acpi_id[0x34] lapic_id[0x68] disabled)
[    0.000000] ACPI: LAPIC (acpi_id[0x35] lapic_id[0x6a] disabled)
[    0.000000] ACPI: LAPIC (acpi_id[0x36] lapic_id[0x6c] disabled)
[    0.000000] ACPI: LAPIC (acpi_id[0x37] lapic_id[0x6e] disabled)
[    0.000000] ACPI: LAPIC (acpi_id[0x38] lapic_id[0x70] disabled)
[    0.000000] ACPI: LAPIC (acpi_id[0x39] lapic_id[0x72] disabled)
[    0.000000] ACPI: LAPIC (acpi_id[0x3a] lapic_id[0x74] disabled)
[    0.000000] ACPI: LAPIC (acpi_id[0x3b] lapic_id[0x76] disabled)
[    0.000000] ACPI: LAPIC (acpi_id[0x3c] lapic_id[0x78] disabled)
[    0.000000] ACPI: LAPIC (acpi_id[0x3d] lapic_id[0x7a] disabled)
[    0.000000] ACPI: LAPIC (acpi_id[0x3e] lapic_id[0x7c] disabled)
[    0.000000] ACPI: LAPIC (acpi_id[0x3f] lapic_id[0x7e] disabled)
[    0.000000] ACPI: LAPIC_NMI (acpi_id[0x00] high edge lint[0x1])
[    0.000000] ACPI: LAPIC_NMI (acpi_id[0x01] high edge lint[0x1])
[    0.000000] ACPI: LAPIC_NMI (acpi_id[0x02] high edge lint[0x1])
[    0.000000] ACPI: LAPIC_NMI (acpi_id[0x03] high edge lint[0x1])
[    0.000000] ACPI: LAPIC_NMI (acpi_id[0x04] high edge lint[0x1])
[    0.000000] ACPI: LAPIC_NMI (acpi_id[0x05] high edge lint[0x1])
[    0.000000] ACPI: LAPIC_NMI (acpi_id[0x06] high edge lint[0x1])
[    0.000000] ACPI: LAPIC_NMI (acpi_id[0x07] high edge lint[0x1])
[    0.000000] ACPI: LAPIC_NMI (acpi_id[0x08] high edge lint[0x1])
[    0.000000] ACPI: LAPIC_NMI (acpi_id[0x09] high edge lint[0x1])
[    0.000000] ACPI: LAPIC_NMI (acpi_id[0x0a] high edge lint[0x1])
[    0.000000] ACPI: LAPIC_NMI (acpi_id[0x0b] high edge lint[0x1])
[    0.000000] ACPI: LAPIC_NMI (acpi_id[0x0c] high edge lint[0x1])
[    0.000000] ACPI: LAPIC_NMI (acpi_id[0x0d] high edge lint[0x1])
[    0.000000] ACPI: LAPIC_NMI (acpi_id[0x0e] high edge lint[0x1])
[    0.000000] ACPI: LAPIC_NMI (acpi_id[0x0f] high edge lint[0x1])
[    0.000000] ACPI: LAPIC_NMI (acpi_id[0x10] high edge lint[0x1])
[    0.000000] ACPI: LAPIC_NMI (acpi_id[0x11] high edge lint[0x1])
[    0.000000] ACPI: LAPIC_NMI (acpi_id[0x12] high edge lint[0x1])
[    0.000000] ACPI: LAPIC_NMI (acpi_id[0x13] high edge lint[0x1])
[    0.000000] ACPI: LAPIC_NMI (acpi_id[0x14] high edge lint[0x1])
[    0.000000] ACPI: LAPIC_NMI (acpi_id[0x15] high edge lint[0x1])
[    0.000000] ACPI: LAPIC_NMI (acpi_id[0x16] high edge lint[0x1])
[    0.000000] ACPI: LAPIC_NMI (acpi_id[0x17] high edge lint[0x1])
[    0.000000] ACPI: LAPIC_NMI (acpi_id[0x18] high edge lint[0x1])
[    0.000000] ACPI: LAPIC_NMI (acpi_id[0x19] high edge lint[0x1])
[    0.000000] ACPI: LAPIC_NMI (acpi_id[0x1a] high edge lint[0x1])
[    0.000000] ACPI: LAPIC_NMI (acpi_id[0x1b] high edge lint[0x1])
[    0.000000] ACPI: LAPIC_NMI (acpi_id[0x1c] high edge lint[0x1])
[    0.000000] ACPI: LAPIC_NMI (acpi_id[0x1d] high edge lint[0x1])
[    0.000000] ACPI: LAPIC_NMI (acpi_id[0x1e] high edge lint[0x1])
[    0.000000] ACPI: LAPIC_NMI (acpi_id[0x1f] high edge lint[0x1])
[    0.000000] ACPI: LAPIC_NMI (acpi_id[0x20] high edge lint[0x1])
[    0.000000] ACPI: LAPIC_NMI (acpi_id[0x21] high edge lint[0x1])
[    0.000000] ACPI: LAPIC_NMI (acpi_id[0x22] high edge lint[0x1])
[    0.000000] ACPI: LAPIC_NMI (acpi_id[0x23] high edge lint[0x1])
[    0.000000] ACPI: LAPIC_NMI (acpi_id[0x24] high edge lint[0x1])
[    0.000000] ACPI: LAPIC_NMI (acpi_id[0x25] high edge lint[0x1])
[    0.000000] ACPI: LAPIC_NMI (acpi_id[0x26] high edge lint[0x1])
[    0.000000] ACPI: LAPIC_NMI (acpi_id[0x27] high edge lint[0x1])
[    0.000000] ACPI: LAPIC_NMI (acpi_id[0x28] high edge lint[0x1])
[    0.000000] ACPI: LAPIC_NMI (acpi_id[0x29] high edge lint[0x1])
[    0.000000] ACPI: LAPIC_NMI (acpi_id[0x2a] high edge lint[0x1])
[    0.000000] ACPI: LAPIC_NMI (acpi_id[0x2b] high edge lint[0x1])
[    0.000000] ACPI: LAPIC_NMI (acpi_id[0x2c] high edge lint[0x1])
[    0.000000] ACPI: LAPIC_NMI (acpi_id[0x2d] high edge lint[0x1])
[    0.000000] ACPI: LAPIC_NMI (acpi_id[0x2e] high edge lint[0x1])
[    0.000000] ACPI: LAPIC_NMI (acpi_id[0x2f] high edge lint[0x1])
[    0.000000] ACPI: LAPIC_NMI (acpi_id[0x30] high edge lint[0x1])
[    0.000000] ACPI: LAPIC_NMI (acpi_id[0x31] high edge lint[0x1])
[    0.000000] ACPI: LAPIC_NMI (acpi_id[0x32] high edge lint[0x1])
[    0.000000] ACPI: LAPIC_NMI (acpi_id[0x33] high edge lint[0x1])
[    0.000000] ACPI: LAPIC_NMI (acpi_id[0x34] high edge lint[0x1])
[    0.000000] ACPI: LAPIC_NMI (acpi_id[0x35] high edge lint[0x1])
[    0.000000] ACPI: LAPIC_NMI (acpi_id[0x36] high edge lint[0x1])
[    0.000000] ACPI: LAPIC_NMI (acpi_id[0x37] high edge lint[0x1])
[    0.000000] ACPI: LAPIC_NMI (acpi_id[0x38] high edge lint[0x1])
[    0.000000] ACPI: LAPIC_NMI (acpi_id[0x39] high edge lint[0x1])
[    0.000000] ACPI: LAPIC_NMI (acpi_id[0x3a] high edge lint[0x1])
[    0.000000] ACPI: LAPIC_NMI (acpi_id[0x3b] high edge lint[0x1])
[    0.000000] ACPI: LAPIC_NMI (acpi_id[0x3c] high edge lint[0x1])
[    0.000000] ACPI: LAPIC_NMI (acpi_id[0x3d] high edge lint[0x1])
[    0.000000] ACPI: LAPIC_NMI (acpi_id[0x3e] high edge lint[0x1])
[    0.000000] ACPI: LAPIC_NMI (acpi_id[0x3f] high edge lint[0x1])
[    0.000000] ACPI: Skipping IOAPIC probe due to 'noapic' option.
[    0.000000] Using ACPI for processor (LAPIC) configuration information
[    0.000000] ACPI: HPET id: 0x8086af01 base: 0xfed00000
[    0.000000] Intel MultiProcessor Specification v1.4
[    0.000000]     Virtual Wire compatibility mode.
[    0.000000] MPTABLE: OEM ID: INTEL   
[    0.000000] MPTABLE: Product ID: 440BX       
[    0.000000] MPTABLE: APIC at: 0xFEE00000
[    0.000000] I/O APIC #1 Version 17 at 0xFEC00000.
[    0.000000] Processors: 1
[    0.000000] 64 Processors exceeds NR_CPUS limit of 8
[    0.000000] SMP: Allowing 8 CPUs, 7 hotplug CPUs
[    0.000000] nr_irqs_gsi: 24
[    0.000000] PM: Registered nosave memory: 000000000009f000 - 00000000000a0000
[    0.000000] PM: Registered nosave memory: 00000000000a0000 - 00000000000ca000
[    0.000000] PM: Registered nosave memory: 00000000000ca000 - 00000000000cc000
[    0.000000] PM: Registered nosave memory: 00000000000cc000 - 00000000000dc000
[    0.000000] PM: Registered nosave memory: 00000000000dc000 - 0000000000100000
[    0.000000] Allocating PCI resources starting at 40000000 (gap: 40000000:a0000000)
[    0.000000] Booting paravirtualized kernel on bare hardware
[    0.000000] NR_CPUS:8 nr_cpumask_bits:8 nr_cpu_ids:8 nr_node_ids:1
[    0.000000] PERCPU: Embedded 15 pages/cpu @c2400000 s39320 r0 d22120 u262144
[    0.000000] pcpu-alloc: s39320 r0 d22120 u262144 alloc=1*2097152
[    0.000000] pcpu-alloc: [0] 0 1 2 3 4 5 6 7 
[    0.000000] Built 1 zonelists in Zone order, mobility grouping on.  Total pages: 259950
[    0.000000] Kernel command line: BOOT_IMAGE=/boot/vmlinuz-2.6.32.57 root=UUID=007b598c-390d-4c65-84a1-4ff752d48633 ro quiet splash maxcpus=0
[    0.000000] PID hash table entries: 4096 (order: 2, 16384 bytes)
[    0.000000] Dentry cache hash table entries: 131072 (order: 7, 524288 bytes)
[    0.000000] Inode-cache hash table entries: 65536 (order: 6, 262144 bytes)
[    0.000000] Enabling fast FPU save and restore... done.
[    0.000000] Enabling unmasked SIMD FPU exception support... done.
[    0.000000] Initializing CPU#0
[    0.000000] xsave/xrstor: enabled xstate_bv 0x7, cntxt size 0x340
[    0.000000] allocated 5242560 bytes of page_cgroup
[    0.000000] please try 'cgroup_disable=memory' option if you don't want memory cgroups
[    0.000000] Initializing HighMem for node 0 (000379fe:00040000)
[    0.000000] Memory: 938260k/1048576k available (4839k kernel code, 108848k reserved, 2518k data, 652k init, 137096k highmem)
[    0.000000] virtual kernel memory layout:
[    0.000000]     fixmap  : 0xfff1e000 - 0xfffff000   ( 900 kB)
[    0.000000]     pkmap   : 0xffa00000 - 0xffc00000   (2048 kB)
[    0.000000]     vmalloc : 0xf81fe000 - 0xff9fe000   ( 120 MB)
[    0.000000]     lowmem  : 0xc0000000 - 0xf79fe000   ( 889 MB)
[    0.000000]       .init : 0xc1730000 - 0xc17d3000   ( 652 kB)
[    0.000000]       .data : 0xc14b9cce - 0xc172f764   (2518 kB)
[    0.000000]       .text : 0xc1000000 - 0xc14b9cce   (4839 kB)
[    0.000000] Checking if this processor honours the WP bit even in supervisor mode...Ok.
[    0.000000] SLUB: Genslabs=13, HWalign=64, Order=0-3, MinObjects=0, CPUs=8, Nodes=1
[    0.000000] Hierarchical RCU implementation.
[    0.000000] NR_IRQS:2304 nr_irqs:472
[    0.000000] Extended CMOS year: 2000
[    0.000000] Console: colour VGA+ 80x25
[    0.000000] console [tty0] enabled
[    0.000000] hpet clockevent registered
[    0.000000] TSC freq read from hypervisor : 2394.620 MHz
[    0.000000] Detected 2394.620 MHz processor.
[    0.000003] Calibrating delay loop (skipped) preset value.. 4789.24 BogoMIPS (lpj=9578480)
[    0.000021] Security Framework initialized
[    0.000024] SELinux:  Disabled at boot.
[    0.000028] Mount-cache hash table entries: 512
[    0.000124] Initializing cgroup subsys cpuacct
[    0.000127] Initializing cgroup subsys memory
[    0.000131] Initializing cgroup subsys devices
[    0.000132] Initializing cgroup subsys freezer
[    0.000159] CPU: Physical Processor ID: 0
[    0.000165] CPU: L1 I cache: 32K, L1 D cache: 32K
[    0.000167] CPU: L2 cache: 256K
[    0.000168] CPU: L3 cache: 4096K
[    0.000173] mce: CPU supports 0 MCE banks
[    0.000185] Performance Events: no PMU driver, software events only.
[    0.000194] Checking 'hlt' instruction... OK.
[    0.018276] SMP alternatives: switching to UP code
[    0.032251] ACPI: Core revision 20090903
[    0.038596] ACPI: setting ELCR to 0200 (from 0e20)
[    0.039604] ftrace: converting mcount calls to 0f 1f 44 00 00
[    0.039609] ftrace: allocating 22631 entries in 45 pages
[    0.057806] CANARY value: 874bbe97 for PID: 1
[    0.057837] Not enabling x2apic, Intr-remapping init failed.
[    0.057839] Enabling APIC mode:  Flat.  Using 1 I/O APICs
[    0.057847] SMP mode deactivated.
[    0.057871] SMP disabled
[    0.057925] Brought up 1 CPUs
[    0.057927] Total of 1 processors activated (4789.24 BogoMIPS).
[    0.057931] CPU0 attaching NULL sched-domain.
[    0.058001] devtmpfs: initialized
[    0.058108] sysctl table check failed: /kernel/random/now_input .1.40.7 Unknown sysctl binary path
[    0.058350] Pid: 1, comm: swapper Not tainted 2.6.32.57 #4
[    0.058351] Call Trace:
[    0.058355]  [<c14a8a0e>] ? printk+0x1d/0x1f
[    0.058358]  [<c107b56f>] set_fail+0x4f/0x60
[    0.058360]  [<c107b8b3>] sysctl_check_table+0x333/0x620
[    0.058362]  [<c107b8cc>] sysctl_check_table+0x34c/0x620
[    0.058364]  [<c107b8cc>] sysctl_check_table+0x34c/0x620
[    0.058367]  [<c1746d48>] sysctl_init+0x25/0x29
[    0.058370]  [<c1003042>] do_one_initcall+0x32/0x1a0
[    0.058372]  [<c1746d23>] ? sysctl_init+0x0/0x29
[    0.058374]  [<c17308e7>] kernel_init+0x12d/0x17a
[    0.058376]  [<c17307ba>] ? kernel_init+0x0/0x17a
[    0.058378]  [<c1009b07>] kernel_thread_helper+0x7/0x10
[    0.058379] sysctl table check failed: /kernel/random/now_blocking .1.40.8 Unknown sysctl binary path
[    0.058609] Pid: 1, comm: swapper Not tainted 2.6.32.57 #4
[    0.058610] Call Trace:
[    0.058611]  [<c14a8a0e>] ? printk+0x1d/0x1f
[    0.058613]  [<c107b56f>] set_fail+0x4f/0x60
[    0.058614]  [<c107b8b3>] sysctl_check_table+0x333/0x620
[    0.058616]  [<c107b8cc>] sysctl_check_table+0x34c/0x620
[    0.058617]  [<c107b8cc>] sysctl_check_table+0x34c/0x620
[    0.058620]  [<c1746d48>] sysctl_init+0x25/0x29
[    0.058621]  [<c1003042>] do_one_initcall+0x32/0x1a0
[    0.058623]  [<c1746d23>] ? sysctl_init+0x0/0x29
[    0.058625]  [<c17308e7>] kernel_init+0x12d/0x17a
[    0.058626]  [<c17307ba>] ? kernel_init+0x0/0x17a
[    0.058628]  [<c1009b07>] kernel_thread_helper+0x7/0x10
[    0.058629] sysctl table check failed: /kernel/random/now_nonblocking .1.40.9 Unknown sysctl binary path
[    0.058891] Pid: 1, comm: swapper Not tainted 2.6.32.57 #4
[    0.058892] Call Trace:
[    0.058894]  [<c14a8a0e>] ? printk+0x1d/0x1f
[    0.058895]  [<c107b56f>] set_fail+0x4f/0x60
[    0.058897]  [<c107b8b3>] sysctl_check_table+0x333/0x620
[    0.058898]  [<c107b8cc>] sysctl_check_table+0x34c/0x620
[    0.058900]  [<c107b8cc>] sysctl_check_table+0x34c/0x620
[    0.058902]  [<c1746d48>] sysctl_init+0x25/0x29
[    0.058904]  [<c1003042>] do_one_initcall+0x32/0x1a0
[    0.058906]  [<c1746d23>] ? sysctl_init+0x0/0x29
[    0.058907]  [<c17308e7>] kernel_init+0x12d/0x17a
[    0.058909]  [<c17307ba>] ? kernel_init+0x0/0x17a
[    0.058910]  [<c1009b07>] kernel_thread_helper+0x7/0x10
[    0.058912] sysctl table check failed: /kernel/random/nb_input_bytes .1.40.10 Unknown sysctl binary path
[    0.059142] Pid: 1, comm: swapper Not tainted 2.6.32.57 #4
[    0.059143] Call Trace:
[    0.059144]  [<c14a8a0e>] ? printk+0x1d/0x1f
[    0.059146]  [<c107b56f>] set_fail+0x4f/0x60
[    0.059147]  [<c107b8b3>] sysctl_check_table+0x333/0x620
[    0.059149]  [<c107b8cc>] sysctl_check_table+0x34c/0x620
[    0.059150]  [<c107b8cc>] sysctl_check_table+0x34c/0x620
[    0.059152]  [<c1746d48>] sysctl_init+0x25/0x29
[    0.059154]  [<c1003042>] do_one_initcall+0x32/0x1a0
[    0.059156]  [<c1746d23>] ? sysctl_init+0x0/0x29
[    0.059157]  [<c17308e7>] kernel_init+0x12d/0x17a
[    0.059159]  [<c17307ba>] ? kernel_init+0x0/0x17a
[    0.059160]  [<c1009b07>] kernel_thread_helper+0x7/0x10
[    0.059162] sysctl table check failed: /kernel/random/nb_stir_count .1.40.11 Unknown sysctl binary path
[    0.059391] Pid: 1, comm: swapper Not tainted 2.6.32.57 #4
[    0.059392] Call Trace:
[    0.059394]  [<c14a8a0e>] ? printk+0x1d/0x1f
[    0.059395]  [<c107b56f>] set_fail+0x4f/0x60
[    0.059396]  [<c107b8b3>] sysctl_check_table+0x333/0x620
[    0.059398]  [<c107b8cc>] sysctl_check_table+0x34c/0x620
[    0.059400]  [<c107b8cc>] sysctl_check_table+0x34c/0x620
[    0.059402]  [<c1746d48>] sysctl_init+0x25/0x29
[    0.059403]  [<c1003042>] do_one_initcall+0x32/0x1a0
[    0.059405]  [<c1746d23>] ? sysctl_init+0x0/0x29
[    0.059407]  [<c17308e7>] kernel_init+0x12d/0x17a
[    0.059408]  [<c17307ba>] ? kernel_init+0x0/0x17a
[    0.059410]  [<c1009b07>] kernel_thread_helper+0x7/0x10
[    0.059411] sysctl table check failed: /kernel/random/nb_reentry_count .1.40.12 Unknown sysctl binary path
[    0.059642] Pid: 1, comm: swapper Not tainted 2.6.32.57 #4
[    0.059643] Call Trace:
[    0.059644]  [<c14a8a0e>] ? printk+0x1d/0x1f
[    0.059646]  [<c107b56f>] set_fail+0x4f/0x60
[    0.059647]  [<c107b8b3>] sysctl_check_table+0x333/0x620
[    0.059649]  [<c107b8cc>] sysctl_check_table+0x34c/0x620
[    0.059650]  [<c107b8cc>] sysctl_check_table+0x34c/0x620
[    0.059652]  [<c1746d48>] sysctl_init+0x25/0x29
[    0.059654]  [<c1003042>] do_one_initcall+0x32/0x1a0
[    0.059656]  [<c1746d23>] ? sysctl_init+0x0/0x29
[    0.059657]  [<c17308e7>] kernel_init+0x12d/0x17a
[    0.059659]  [<c17307ba>] ? kernel_init+0x0/0x17a
[    0.059660]  [<c1009b07>] kernel_thread_helper+0x7/0x10
[    0.059794] RANDOM - __seed init called.
[    0.059794] RANDOM - __seed init called.
[    0.059795] RANDOM - __seed init called.
[    0.059797] RANDOM - __random32 called. Change num 1.  Value: 7576a435	efb61e22	b7f78320
[    0.059798] RANDOM - __random32 called. Change num 2.  Value: 6a43543e	fb61e228	6410973
[    0.059799] RANDOM - __random32 called. Change num 3.  Value: 3543e018	b61e228b	12e68928
[    0.059801] RANDOM - __random32 called. Change num 4.  Value: 3e018928	61e228b7	1250ba58
[    0.059802] RANDOM - __random32 called. Change num 5.  Value: 189281e4	1e228b73	74b01aad
[    0.059803] RANDOM - __random32 called. Change num 6.  Value: 281e4915	e228b733	355a2619
[    0.059805] RANDOM - random32 init called.  Value: 281e4915	e228b733	355a2619
[    0.059811] regulator: core version 0.5
[    0.059876] Time: 22:25:09  Date: 05/24/13
[    0.059912] NET: Registered protocol family 16
[    0.059985] EISA bus registered
[    0.060765] ACPI: bus type pci registered
[    0.060869] PCI: MCFG configuration 0: base e0000000 segment 0 buses 0 - 255
[    0.060871] PCI: MCFG area at e0000000 reserved in E820
[    0.060872] PCI: Using MMCONFIG for extended config space
[    0.060873] PCI: Using configuration type 1 for base access
[    0.061315] bio: create slab <bio-0> at 0
[    0.062489] ACPI: EC: Look up EC in DSDT
[    0.099849] ACPI: BIOS _OSI(Linux) query ignored
[    0.105624] ACPI: Interpreter enabled
[    0.105636] ACPI: (supports S0 S1 S4 S5)
[    0.105649] ACPI: Using PIC for interrupt routing
[    0.190192] ACPI: No dock devices found.
[    0.191929] ACPI: PCI Root Bridge [PCI0] (0000:00)
[    0.193526] pci 0000:00:07.1: reg 20 io port: [0x10c0-0x10cf]
[    0.194153] pci 0000:00:07.3: quirk: region 1000-103f claimed by PIIX4 ACPI
[    0.194166] pci 0000:00:07.3: quirk: region 1040-104f claimed by PIIX4 SMB
[    0.194847] pci 0000:00:07.7: reg 10 io port: [0x1080-0x10bf]
[    0.195241] pci 0000:00:07.7: reg 14 64bit mmio: [0xc8000000-0xc8001fff]
[    0.196413] pci 0000:00:0f.0: reg 10 io port: [0x10d0-0x10df]
[    0.196452] pci 0000:00:0f.0: reg 14 32bit mmio pref: [0xd0000000-0xd7ffffff]
[    0.196500] pci 0000:00:0f.0: reg 18 32bit mmio: [0xc8800000-0xc8ffffff]
[    0.196645] pci 0000:00:0f.0: reg 30 32bit mmio pref: [0x000000-0x007fff]
[    0.197174] pci 0000:00:10.0: reg 10 io port: [0x1400-0x14ff]
[    0.197552] pci 0000:00:10.0: reg 14 64bit mmio: [0xc8040000-0xc805ffff]
[    0.197919] pci 0000:00:10.0: reg 1c 64bit mmio: [0xc8020000-0xc803ffff]
[    0.197994] pci 0000:00:10.0: reg 30 32bit mmio pref: [0x000000-0x003fff]
[    0.199364] pci 0000:00:15.0: PME# supported from D0 D3hot D3cold
[    0.199385] pci 0000:00:15.0: PME# disabled
[    0.200258] pci 0000:00:15.1: PME# supported from D0 D3hot D3cold
[    0.200278] pci 0000:00:15.1: PME# disabled
[    0.201129] pci 0000:00:15.2: PME# supported from D0 D3hot D3cold
[    0.201149] pci 0000:00:15.2: PME# disabled
[    0.201977] pci 0000:00:15.3: PME# supported from D0 D3hot D3cold
[    0.201995] pci 0000:00:15.3: PME# disabled
[    0.202809] pci 0000:00:15.4: PME# supported from D0 D3hot D3cold
[    0.202828] pci 0000:00:15.4: PME# disabled
[    0.203650] pci 0000:00:15.5: PME# supported from D0 D3hot D3cold
[    0.203669] pci 0000:00:15.5: PME# disabled
[    0.204680] pci 0000:00:15.6: PME# supported from D0 D3hot D3cold
[    0.204701] pci 0000:00:15.6: PME# disabled
[    0.205547] pci 0000:00:15.7: PME# supported from D0 D3hot D3cold
[    0.205568] pci 0000:00:15.7: PME# disabled
[    0.206409] pci 0000:00:16.0: PME# supported from D0 D3hot D3cold
[    0.206428] pci 0000:00:16.0: PME# disabled
[    0.207243] pci 0000:00:16.1: PME# supported from D0 D3hot D3cold
[    0.207261] pci 0000:00:16.1: PME# disabled
[    0.208108] pci 0000:00:16.2: PME# supported from D0 D3hot D3cold
[    0.208127] pci 0000:00:16.2: PME# disabled
[    0.208964] pci 0000:00:16.3: PME# supported from D0 D3hot D3cold
[    0.208983] pci 0000:00:16.3: PME# disabled
[    0.209802] pci 0000:00:16.4: PME# supported from D0 D3hot D3cold
[    0.209820] pci 0000:00:16.4: PME# disabled
[    0.210662] pci 0000:00:16.5: PME# supported from D0 D3hot D3cold
[    0.210681] pci 0000:00:16.5: PME# disabled
[    0.211493] pci 0000:00:16.6: PME# supported from D0 D3hot D3cold
[    0.211521] pci 0000:00:16.6: PME# disabled
[    0.212322] pci 0000:00:16.7: PME# supported from D0 D3hot D3cold
[    0.212341] pci 0000:00:16.7: PME# disabled
[    0.213161] pci 0000:00:17.0: PME# supported from D0 D3hot D3cold
[    0.213179] pci 0000:00:17.0: PME# disabled
[    0.214018] pci 0000:00:17.1: PME# supported from D0 D3hot D3cold
[    0.214038] pci 0000:00:17.1: PME# disabled
[    0.215027] pci 0000:00:17.2: PME# supported from D0 D3hot D3cold
[    0.215046] pci 0000:00:17.2: PME# disabled
[    0.215952] pci 0000:00:17.3: PME# supported from D0 D3hot D3cold
[    0.215975] pci 0000:00:17.3: PME# disabled
[    0.216849] pci 0000:00:17.4: PME# supported from D0 D3hot D3cold
[    0.216870] pci 0000:00:17.4: PME# disabled
[    0.217732] pci 0000:00:17.5: PME# supported from D0 D3hot D3cold
[    0.217752] pci 0000:00:17.5: PME# disabled
[    0.218615] pci 0000:00:17.6: PME# supported from D0 D3hot D3cold
[    0.218635] pci 0000:00:17.6: PME# disabled
[    0.219629] pci 0000:00:17.7: PME# supported from D0 D3hot D3cold
[    0.219649] pci 0000:00:17.7: PME# disabled
[    0.220480] pci 0000:00:18.0: PME# supported from D0 D3hot D3cold
[    0.220510] pci 0000:00:18.0: PME# disabled
[    0.221373] pci 0000:00:18.1: PME# supported from D0 D3hot D3cold
[    0.221393] pci 0000:00:18.1: PME# disabled
[    0.222255] pci 0000:00:18.2: PME# supported from D0 D3hot D3cold
[    0.222275] pci 0000:00:18.2: PME# disabled
[    0.223143] pci 0000:00:18.3: PME# supported from D0 D3hot D3cold
[    0.223163] pci 0000:00:18.3: PME# disabled
[    0.224040] pci 0000:00:18.4: PME# supported from D0 D3hot D3cold
[    0.224060] pci 0000:00:18.4: PME# disabled
[    0.225063] pci 0000:00:18.5: PME# supported from D0 D3hot D3cold
[    0.225083] pci 0000:00:18.5: PME# disabled
[    0.225907] pci 0000:00:18.6: PME# supported from D0 D3hot D3cold
[    0.225926] pci 0000:00:18.6: PME# disabled
[    0.226742] pci 0000:00:18.7: PME# supported from D0 D3hot D3cold
[    0.226760] pci 0000:00:18.7: PME# disabled
[    0.227835] pci 0000:02:00.0: reg 20 io port: [0x20c0-0x20df]
[    0.228294] pci 0000:02:01.0: reg 10 io port: [0x2000-0x207f]
[    0.228525] pci 0000:02:01.0: reg 30 32bit mmio pref: [0x000000-0x00ffff]
[    0.229039] pci 0000:02:02.0: reg 10 io port: [0x2080-0x20bf]
[    0.229610] pci 0000:02:03.0: reg 10 32bit mmio: [0xc9000000-0xc9000fff]
[    0.230130] pci 0000:00:11.0: transparent bridge
[    0.230149] pci 0000:00:11.0: bridge io port: [0x2000-0x3fff]
[    0.230167] pci 0000:00:11.0: bridge 32bit mmio: [0xc9000000-0xca3fffff]
[    0.230203] pci 0000:00:11.0: bridge 64bit mmio pref: [0xd8400000-0xd89fffff]
[    0.230586] pci 0000:00:15.0: bridge io port: [0x4000-0x4fff]
[    0.230604] pci 0000:00:15.0: bridge 32bit mmio: [0xca400000-0xca4fffff]
[    0.230640] pci 0000:00:15.0: bridge 64bit mmio pref: [0xd8a00000-0xd8afffff]
[    0.230973] pci 0000:00:15.1: bridge io port: [0x8000-0x8fff]
[    0.230991] pci 0000:00:15.1: bridge 32bit mmio: [0xca800000-0xca8fffff]
[    0.231027] pci 0000:00:15.1: bridge 64bit mmio pref: [0xd8e00000-0xd8efffff]
[    0.231358] pci 0000:00:15.2: bridge io port: [0xc000-0xcfff]
[    0.231376] pci 0000:00:15.2: bridge 32bit mmio: [0xcac00000-0xcacfffff]
[    0.231412] pci 0000:00:15.2: bridge 64bit mmio pref: [0xd9200000-0xd92fffff]
[    0.231796] pci 0000:00:15.3: bridge 32bit mmio: [0xcb000000-0xcb0fffff]
[    0.231832] pci 0000:00:15.3: bridge 64bit mmio pref: [0xd9600000-0xd96fffff]
[    0.232205] pci 0000:00:15.4: bridge 32bit mmio: [0xcb400000-0xcb4fffff]
[    0.232240] pci 0000:00:15.4: bridge 64bit mmio pref: [0xd9a00000-0xd9afffff]
[    0.232618] pci 0000:00:15.5: bridge 32bit mmio: [0xcb800000-0xcb8fffff]
[    0.232653] pci 0000:00:15.5: bridge 64bit mmio pref: [0xd9e00000-0xd9efffff]
[    0.233001] pci 0000:00:15.6: bridge 32bit mmio: [0xcbc00000-0xcbcfffff]
[    0.233036] pci 0000:00:15.6: bridge 64bit mmio pref: [0xda200000-0xda2fffff]
[    0.233386] pci 0000:00:15.7: bridge 32bit mmio: [0xcc000000-0xcc0fffff]
[    0.233421] pci 0000:00:15.7: bridge 64bit mmio pref: [0xda600000-0xda6fffff]
[    0.233781] pci 0000:00:16.0: bridge io port: [0x5000-0x5fff]
[    0.233800] pci 0000:00:16.0: bridge 32bit mmio: [0xca500000-0xca5fffff]
[    0.233844] pci 0000:00:16.0: bridge 64bit mmio pref: [0xd8b00000-0xd8bfffff]
[    0.234200] pci 0000:00:16.1: bridge io port: [0x9000-0x9fff]
[    0.234220] pci 0000:00:16.1: bridge 32bit mmio: [0xca900000-0xca9fffff]
[    0.234258] pci 0000:00:16.1: bridge 64bit mmio pref: [0xd8f00000-0xd8ffffff]
[    0.234746] pci 0000:00:16.2: bridge io port: [0xd000-0xdfff]
[    0.234766] pci 0000:00:16.2: bridge 32bit mmio: [0xcad00000-0xcadfffff]
[    0.234804] pci 0000:00:16.2: bridge 64bit mmio pref: [0xd9300000-0xd93fffff]
[    0.235168] pci 0000:00:16.3: bridge 32bit mmio: [0xcb100000-0xcb1fffff]
[    0.235203] pci 0000:00:16.3: bridge 64bit mmio pref: [0xd9700000-0xd97fffff]
[    0.235582] pci 0000:00:16.4: bridge 32bit mmio: [0xcb500000-0xcb5fffff]
[    0.235617] pci 0000:00:16.4: bridge 64bit mmio pref: [0xd9b00000-0xd9bfffff]
[    0.235979] pci 0000:00:16.5: bridge 32bit mmio: [0xcb900000-0xcb9fffff]
[    0.236015] pci 0000:00:16.5: bridge 64bit mmio pref: [0xd9f00000-0xd9ffffff]
[    0.236364] pci 0000:00:16.6: bridge 32bit mmio: [0xcbd00000-0xcbdfffff]
[    0.236400] pci 0000:00:16.6: bridge 64bit mmio pref: [0xda300000-0xda3fffff]
[    0.236775] pci 0000:00:16.7: bridge 32bit mmio: [0xcc100000-0xcc1fffff]
[    0.236810] pci 0000:00:16.7: bridge 64bit mmio pref: [0xda700000-0xda7fffff]
[    0.237142] pci 0000:00:17.0: bridge io port: [0x6000-0x6fff]
[    0.237160] pci 0000:00:17.0: bridge 32bit mmio: [0xca600000-0xca6fffff]
[    0.237196] pci 0000:00:17.0: bridge 64bit mmio pref: [0xd8c00000-0xd8cfffff]
[    0.237558] pci 0000:00:17.1: bridge io port: [0xa000-0xafff]
[    0.237578] pci 0000:00:17.1: bridge 32bit mmio: [0xcaa00000-0xcaafffff]
[    0.237615] pci 0000:00:17.1: bridge 64bit mmio pref: [0xd9000000-0xd90fffff]
[    0.237959] pci 0000:00:17.2: bridge io port: [0xe000-0xefff]
[    0.237977] pci 0000:00:17.2: bridge 32bit mmio: [0xcae00000-0xcaefffff]
[    0.238013] pci 0000:00:17.2: bridge 64bit mmio pref: [0xd9400000-0xd94fffff]
[    0.238361] pci 0000:00:17.3: bridge 32bit mmio: [0xcb200000-0xcb2fffff]
[    0.238397] pci 0000:00:17.3: bridge 64bit mmio pref: [0xd9800000-0xd98fffff]
[    0.238772] pci 0000:00:17.4: bridge 32bit mmio: [0xcb600000-0xcb6fffff]
[    0.238807] pci 0000:00:17.4: bridge 64bit mmio pref: [0xd9c00000-0xd9cfffff]
[    0.239156] pci 0000:00:17.5: bridge 32bit mmio: [0xcba00000-0xcbafffff]
[    0.239191] pci 0000:00:17.5: bridge 64bit mmio pref: [0xda000000-0xda0fffff]
[    0.239561] pci 0000:00:17.6: bridge 32bit mmio: [0xcbe00000-0xcbefffff]
[    0.239599] pci 0000:00:17.6: bridge 64bit mmio pref: [0xda400000-0xda4fffff]
[    0.239970] pci 0000:00:17.7: bridge 32bit mmio: [0xcc200000-0xcc2fffff]
[    0.240006] pci 0000:00:17.7: bridge 64bit mmio pref: [0xda800000-0xda8fffff]
[    0.240339] pci 0000:00:18.0: bridge io port: [0x7000-0x7fff]
[    0.240358] pci 0000:00:18.0: bridge 32bit mmio: [0xca700000-0xca7fffff]
[    0.240393] pci 0000:00:18.0: bridge 64bit mmio pref: [0xd8d00000-0xd8dfffff]
[    0.240784] pci 0000:00:18.1: bridge io port: [0xb000-0xbfff]
[    0.240805] pci 0000:00:18.1: bridge 32bit mmio: [0xcab00000-0xcabfffff]
[    0.240844] pci 0000:00:18.1: bridge 64bit mmio pref: [0xd9100000-0xd91fffff]
[    0.241204] pci 0000:00:18.2: bridge io port: [0xf000-0xffff]
[    0.241224] pci 0000:00:18.2: bridge 32bit mmio: [0xcaf00000-0xcaffffff]
[    0.241262] pci 0000:00:18.2: bridge 64bit mmio pref: [0xd9500000-0xd95fffff]
[    0.241640] pci 0000:00:18.3: bridge 32bit mmio: [0xcb300000-0xcb3fffff]
[    0.241678] pci 0000:00:18.3: bridge 64bit mmio pref: [0xd9900000-0xd99fffff]
[    0.242053] pci 0000:00:18.4: bridge 32bit mmio: [0xcb700000-0xcb7fffff]
[    0.242091] pci 0000:00:18.4: bridge 64bit mmio pref: [0xd9d00000-0xd9dfffff]
[    0.242468] pci 0000:00:18.5: bridge 32bit mmio: [0xcbb00000-0xcbbfffff]
[    0.242506] pci 0000:00:18.5: bridge 64bit mmio pref: [0xda100000-0xda1fffff]
[    0.242882] pci 0000:00:18.6: bridge 32bit mmio: [0xcbf00000-0xcbffffff]
[    0.242920] pci 0000:00:18.6: bridge 64bit mmio pref: [0xda500000-0xda5fffff]
[    0.243298] pci 0000:00:18.7: bridge 32bit mmio: [0xcc300000-0xcc3fffff]
[    0.243336] pci 0000:00:18.7: bridge 64bit mmio pref: [0xda900000-0xda9fffff]
[    0.245098] pci_bus 0000:00: on NUMA node 0
[    0.245106] ACPI: PCI Interrupt Routing Table [\_SB_.PCI0._PRT]
[    0.472399] ACPI: PCI Interrupt Link [LNKA] (IRQs 3 4 5 6 7 *9 10 11 14 15)
[    0.472555] ACPI: PCI Interrupt Link [LNKB] (IRQs 3 4 5 6 7 9 10 *11 14 15)
[    0.472705] ACPI: PCI Interrupt Link [LNKC] (IRQs 3 4 5 6 7 9 *10 11 14 15)
[    0.472855] ACPI: PCI Interrupt Link [LNKD] (IRQs 3 4 *5 6 7 9 10 11 14 15)
[    0.472990] vgaarb: device added: PCI:0000:00:0f.0,decodes=io+mem,owns=io+mem,locks=none
[    0.473000] vgaarb: loaded
[    0.473115] SCSI subsystem initialized
[    0.473180] libata version 3.00 loaded.
[    0.473223] usbcore: registered new interface driver usbfs
[    0.473235] usbcore: registered new interface driver hub
[    0.473251] usbcore: registered new device driver usb
[    0.473321] PCI: Using ACPI for IRQ routing
[    0.474438] NetLabel: Initializing
[    0.474439] NetLabel:  domain hash size = 128
[    0.474440] NetLabel:  protocols = UNLABELED CIPSOv4
[    0.474446] NetLabel:  unlabeled traffic allowed by default
[    0.474479] hpet0: at MMIO 0xfed00000, IRQs 2, 8, 0, 0, 0, 0, 0, 0, 0, 0, 0, 0, 0, 0, 0, 0
[    0.474484] hpet0: 16 comparators, 64-bit 14.318180 MHz counter
[    0.476511] Switching to clocksource tsc
[    0.483400] pnp: PnP ACPI init
[    0.483410] ACPI: bus type pnp registered
[    0.527115] pnp: PnP ACPI: found 14 devices
[    0.527117] ACPI: ACPI bus type pnp unregistered
[    0.527121] PnPBIOS: Disabled by ACPI PNP
[    0.527136] system 00:01: ioport range 0x1000-0x103f has been reserved
[    0.527138] system 00:01: ioport range 0x1040-0x104f has been reserved
[    0.527139] system 00:01: ioport range 0xcf0-0xcf1 has been reserved
[    0.527147] system 00:08: iomem range 0xfed00000-0xfed003ff has been reserved
[    0.527151] system 00:0d: ioport range 0x1060-0x107f has been reserved
[    0.527153] system 00:0d: iomem range 0xe0000000-0xefffffff has been reserved
[    0.527155] system 00:0d: iomem range 0xc8200000-0xc83fffff has been reserved
[    0.561842] pci 0000:00:15.3: BAR 13: can't allocate I/O resource [0x10000-0xffff]
[    0.561846] pci 0000:00:15.4: BAR 13: can't allocate I/O resource [0x10000-0xffff]
[    0.561849] pci 0000:00:15.5: BAR 13: can't allocate I/O resource [0x10000-0xffff]
[    0.561852] pci 0000:00:15.6: BAR 13: can't allocate I/O resource [0x10000-0xffff]
[    0.561855] pci 0000:00:15.7: BAR 13: can't allocate I/O resource [0x10000-0xffff]
[    0.561857] pci 0000:00:16.3: BAR 13: can't allocate I/O resource [0x10000-0xffff]
[    0.561860] pci 0000:00:16.4: BAR 13: can't allocate I/O resource [0x10000-0xffff]
[    0.561862] pci 0000:00:16.5: BAR 13: can't allocate I/O resource [0x10000-0xffff]
[    0.561865] pci 0000:00:16.6: BAR 13: can't allocate I/O resource [0x10000-0xffff]
[    0.561868] pci 0000:00:16.7: BAR 13: can't allocate I/O resource [0x10000-0xffff]
[    0.561870] pci 0000:00:17.3: BAR 13: can't allocate I/O resource [0x10000-0xffff]
[    0.561873] pci 0000:00:17.4: BAR 13: can't allocate I/O resource [0x10000-0xffff]
[    0.561876] pci 0000:00:17.5: BAR 13: can't allocate I/O resource [0x10000-0xffff]
[    0.561878] pci 0000:00:17.6: BAR 13: can't allocate I/O resource [0x10000-0xffff]
[    0.561881] pci 0000:00:17.7: BAR 13: can't allocate I/O resource [0x10000-0xffff]
[    0.561883] pci 0000:00:18.3: BAR 13: can't allocate I/O resource [0x10000-0xffff]
[    0.561886] pci 0000:00:18.4: BAR 13: can't allocate I/O resource [0x10000-0xffff]
[    0.561889] pci 0000:00:18.5: BAR 13: can't allocate I/O resource [0x10000-0xffff]
[    0.561891] pci 0000:00:18.6: BAR 13: can't allocate I/O resource [0x10000-0xffff]
[    0.561894] pci 0000:00:18.7: BAR 13: can't allocate I/O resource [0x10000-0xffff]
[    0.561896] pci 0000:00:01.0: PCI bridge, secondary bus 0000:01
[    0.561898] pci 0000:00:01.0:   IO window: disabled
[    0.561926] pci 0000:00:01.0:   MEM window: disabled
[    0.561945] pci 0000:00:01.0:   PREFETCH window: disabled
[    0.561982] pci 0000:00:11.0: PCI bridge, secondary bus 0000:02
[    0.561993] pci 0000:00:11.0:   IO window: 0x2000-0x3fff
[    0.562021] pci 0000:00:11.0:   MEM window: 0xc9000000-0xca3fffff
[    0.562040] pci 0000:00:11.0:   PREFETCH window: 0x000000d8400000-0x000000d89fffff
[    0.562076] pci 0000:00:15.0: PCI bridge, secondary bus 0000:03
[    0.562087] pci 0000:00:15.0:   IO window: 0x4000-0x4fff
[    0.562115] pci 0000:00:15.0:   MEM window: 0xca400000-0xca4fffff
[    0.562134] pci 0000:00:15.0:   PREFETCH window: 0x000000d8a00000-0x000000d8afffff
[    0.562183] pci 0000:00:15.1: PCI bridge, secondary bus 0000:04
[    0.562194] pci 0000:00:15.1:   IO window: 0x8000-0x8fff
[    0.562221] pci 0000:00:15.1:   MEM window: 0xca800000-0xca8fffff
[    0.562240] pci 0000:00:15.1:   PREFETCH window: 0x000000d8e00000-0x000000d8efffff
[    0.562280] pci 0000:00:15.2: PCI bridge, secondary bus 0000:05
[    0.562291] pci 0000:00:15.2:   IO window: 0xc000-0xcfff
[    0.562319] pci 0000:00:15.2:   MEM window: 0xcac00000-0xcacfffff
[    0.562338] pci 0000:00:15.2:   PREFETCH window: 0x000000d9200000-0x000000d92fffff
[    0.562378] pci 0000:00:15.3: PCI bridge, secondary bus 0000:06
[    0.562388] pci 0000:00:15.3:   IO window: disabled
[    0.562418] pci 0000:00:15.3:   MEM window: 0xcb000000-0xcb0fffff
[    0.562447] pci 0000:00:15.3:   PREFETCH window: 0x000000d9600000-0x000000d96fffff
[    0.562487] pci 0000:00:15.4: PCI bridge, secondary bus 0000:07
[    0.562488] pci 0000:00:15.4:   IO window: disabled
[    0.562516] pci 0000:00:15.4:   MEM window: 0xcb400000-0xcb4fffff
[    0.562535] pci 0000:00:15.4:   PREFETCH window: 0x000000d9a00000-0x000000d9afffff
[    0.562575] pci 0000:00:15.5: PCI bridge, secondary bus 0000:08
[    0.562576] pci 0000:00:15.5:   IO window: disabled
[    0.562604] pci 0000:00:15.5:   MEM window: 0xcb800000-0xcb8fffff
[    0.562623] pci 0000:00:15.5:   PREFETCH window: 0x000000d9e00000-0x000000d9efffff
[    0.562662] pci 0000:00:15.6: PCI bridge, secondary bus 0000:09
[    0.562664] pci 0000:00:15.6:   IO window: disabled
[    0.562692] pci 0000:00:15.6:   MEM window: 0xcbc00000-0xcbcfffff
[    0.562720] pci 0000:00:15.6:   PREFETCH window: 0x000000da200000-0x000000da2fffff
[    0.562772] pci 0000:00:15.7: PCI bridge, secondary bus 0000:0a
[    0.562774] pci 0000:00:15.7:   IO window: disabled
[    0.562801] pci 0000:00:15.7:   MEM window: 0xcc000000-0xcc0fffff
[    0.562820] pci 0000:00:15.7:   PREFETCH window: 0x000000da600000-0x000000da6fffff
[    0.562860] pci 0000:00:16.0: PCI bridge, secondary bus 0000:0b
[    0.562871] pci 0000:00:16.0:   IO window: 0x5000-0x5fff
[    0.562898] pci 0000:00:16.0:   MEM window: 0xca500000-0xca5fffff
[    0.562918] pci 0000:00:16.0:   PREFETCH window: 0x000000d8b00000-0x000000d8bfffff
[    0.562957] pci 0000:00:16.1: PCI bridge, secondary bus 0000:0c
[    0.562968] pci 0000:00:16.1:   IO window: 0x9000-0x9fff
[    0.562996] pci 0000:00:16.1:   MEM window: 0xca900000-0xca9fffff
[    0.563015] pci 0000:00:16.1:   PREFETCH window: 0x000000d8f00000-0x000000d8ffffff
[    0.563054] pci 0000:00:16.2: PCI bridge, secondary bus 0000:0d
[    0.563065] pci 0000:00:16.2:   IO window: 0xd000-0xdfff
[    0.563092] pci 0000:00:16.2:   MEM window: 0xcad00000-0xcadfffff
[    0.563112] pci 0000:00:16.2:   PREFETCH window: 0x000000d9300000-0x000000d93fffff
[    0.563151] pci 0000:00:16.3: PCI bridge, secondary bus 0000:0e
[    0.563153] pci 0000:00:16.3:   IO window: disabled
[    0.563180] pci 0000:00:16.3:   MEM window: 0xcb100000-0xcb1fffff
[    0.563199] pci 0000:00:16.3:   PREFETCH window: 0x000000d9700000-0x000000d97fffff
[    0.563239] pci 0000:00:16.4: PCI bridge, secondary bus 0000:0f
[    0.563240] pci 0000:00:16.4:   IO window: disabled
[    0.563268] pci 0000:00:16.4:   MEM window: 0xcb500000-0xcb5fffff
[    0.563287] pci 0000:00:16.4:   PREFETCH window: 0x000000d9b00000-0x000000d9bfffff
[    0.563326] pci 0000:00:16.5: PCI bridge, secondary bus 0000:10
[    0.563328] pci 0000:00:16.5:   IO window: disabled
[    0.563355] pci 0000:00:16.5:   MEM window: 0xcb900000-0xcb9fffff
[    0.563374] pci 0000:00:16.5:   PREFETCH window: 0x000000d9f00000-0x000000d9ffffff
[    0.563414] pci 0000:00:16.6: PCI bridge, secondary bus 0000:11
[    0.563415] pci 0000:00:16.6:   IO window: disabled
[    0.563443] pci 0000:00:16.6:   MEM window: 0xcbd00000-0xcbdfffff
[    0.563462] pci 0000:00:16.6:   PREFETCH window: 0x000000da300000-0x000000da3fffff
[    0.563501] pci 0000:00:16.7: PCI bridge, secondary bus 0000:12
[    0.563503] pci 0000:00:16.7:   IO window: disabled
[    0.563531] pci 0000:00:16.7:   MEM window: 0xcc100000-0xcc1fffff
[    0.563550] pci 0000:00:16.7:   PREFETCH window: 0x000000da700000-0x000000da7fffff
[    0.563589] pci 0000:00:17.0: PCI bridge, secondary bus 0000:13
[    0.563600] pci 0000:00:17.0:   IO window: 0x6000-0x6fff
[    0.563627] pci 0000:00:17.0:   MEM window: 0xca600000-0xca6fffff
[    0.563647] pci 0000:00:17.0:   PREFETCH window: 0x000000d8c00000-0x000000d8cfffff
[    0.563686] pci 0000:00:17.1: PCI bridge, secondary bus 0000:14
[    0.563697] pci 0000:00:17.1:   IO window: 0xa000-0xafff
[    0.563741] pci 0000:00:17.1:   MEM window: 0xcaa00000-0xcaafffff
[    0.563770] pci 0000:00:17.1:   PREFETCH window: 0x000000d9000000-0x000000d90fffff
[    0.563809] pci 0000:00:17.2: PCI bridge, secondary bus 0000:15
[    0.563820] pci 0000:00:17.2:   IO window: 0xe000-0xefff
[    0.563847] pci 0000:00:17.2:   MEM window: 0xcae00000-0xcaefffff
[    0.563866] pci 0000:00:17.2:   PREFETCH window: 0x000000d9400000-0x000000d94fffff
[    0.563906] pci 0000:00:17.3: PCI bridge, secondary bus 0000:16
[    0.563907] pci 0000:00:17.3:   IO window: disabled
[    0.563935] pci 0000:00:17.3:   MEM window: 0xcb200000-0xcb2fffff
[    0.563954] pci 0000:00:17.3:   PREFETCH window: 0x000000d9800000-0x000000d98fffff
[    0.563994] pci 0000:00:17.4: PCI bridge, secondary bus 0000:17
[    0.563995] pci 0000:00:17.4:   IO window: disabled
[    0.564023] pci 0000:00:17.4:   MEM window: 0xcb600000-0xcb6fffff
[    0.564042] pci 0000:00:17.4:   PREFETCH window: 0x000000d9c00000-0x000000d9cfffff
[    0.564081] pci 0000:00:17.5: PCI bridge, secondary bus 0000:18
[    0.564083] pci 0000:00:17.5:   IO window: disabled
[    0.564111] pci 0000:00:17.5:   MEM window: 0xcba00000-0xcbafffff
[    0.564130] pci 0000:00:17.5:   PREFETCH window: 0x000000da000000-0x000000da0fffff
[    0.564169] pci 0000:00:17.6: PCI bridge, secondary bus 0000:19
[    0.564171] pci 0000:00:17.6:   IO window: disabled
[    0.564198] pci 0000:00:17.6:   MEM window: 0xcbe00000-0xcbefffff
[    0.564217] pci 0000:00:17.6:   PREFETCH window: 0x000000da400000-0x000000da4fffff
[    0.564257] pci 0000:00:17.7: PCI bridge, secondary bus 0000:1a
[    0.564258] pci 0000:00:17.7:   IO window: disabled
[    0.564286] pci 0000:00:17.7:   MEM window: 0xcc200000-0xcc2fffff
[    0.564305] pci 0000:00:17.7:   PREFETCH window: 0x000000da800000-0x000000da8fffff
[    0.564344] pci 0000:00:18.0: PCI bridge, secondary bus 0000:1b
[    0.564355] pci 0000:00:18.0:   IO window: 0x7000-0x7fff
[    0.564383] pci 0000:00:18.0:   MEM window: 0xca700000-0xca7fffff
[    0.564402] pci 0000:00:18.0:   PREFETCH window: 0x000000d8d00000-0x000000d8dfffff
[    0.564453] pci 0000:00:18.1: PCI bridge, secondary bus 0000:1c
[    0.564464] pci 0000:00:18.1:   IO window: 0xb000-0xbfff
[    0.564492] pci 0000:00:18.1:   MEM window: 0xcab00000-0xcabfffff
[    0.564521] pci 0000:00:18.1:   PREFETCH window: 0x000000d9100000-0x000000d91fffff
[    0.564563] pci 0000:00:18.2: PCI bridge, secondary bus 0000:1d
[    0.564575] pci 0000:00:18.2:   IO window: 0xf000-0xffff
[    0.564605] pci 0000:00:18.2:   MEM window: 0xcaf00000-0xcaffffff
[    0.564625] pci 0000:00:18.2:   PREFETCH window: 0x000000d9500000-0x000000d95fffff
[    0.564667] pci 0000:00:18.3: PCI bridge, secondary bus 0000:1e
[    0.564669] pci 0000:00:18.3:   IO window: disabled
[    0.564716] pci 0000:00:18.3:   MEM window: 0xcb300000-0xcb3fffff
[    0.564737] pci 0000:00:18.3:   PREFETCH window: 0x000000d9900000-0x000000d99fffff
[    0.564779] pci 0000:00:18.4: PCI bridge, secondary bus 0000:1f
[    0.564781] pci 0000:00:18.4:   IO window: disabled
[    0.564811] pci 0000:00:18.4:   MEM window: 0xcb700000-0xcb7fffff
[    0.564831] pci 0000:00:18.4:   PREFETCH window: 0x000000d9d00000-0x000000d9dfffff
[    0.564873] pci 0000:00:18.5: PCI bridge, secondary bus 0000:20
[    0.564875] pci 0000:00:18.5:   IO window: disabled
[    0.564905] pci 0000:00:18.5:   MEM window: 0xcbb00000-0xcbbfffff
[    0.564925] pci 0000:00:18.5:   PREFETCH window: 0x000000da100000-0x000000da1fffff
[    0.564967] pci 0000:00:18.6: PCI bridge, secondary bus 0000:21
[    0.564969] pci 0000:00:18.6:   IO window: disabled
[    0.564998] pci 0000:00:18.6:   MEM window: 0xcbf00000-0xcbffffff
[    0.565019] pci 0000:00:18.6:   PREFETCH window: 0x000000da500000-0x000000da5fffff
[    0.565061] pci 0000:00:18.7: PCI bridge, secondary bus 0000:22
[    0.565063] pci 0000:00:18.7:   IO window: disabled
[    0.565174] pci 0000:00:18.7:   MEM window: 0xcc300000-0xcc3fffff
[    0.565196] pci 0000:00:18.7:   PREFETCH window: 0x000000da900000-0x000000da9fffff
[    0.565271] pci 0000:00:01.0: setting latency timer to 64
[    0.565368] pci 0000:00:15.0: setting latency timer to 64
[    0.565435] pci 0000:00:15.1: setting latency timer to 64
[    0.565501] pci 0000:00:15.2: setting latency timer to 64
[    0.565567] pci 0000:00:15.3: setting latency timer to 64
[    0.565640] pci 0000:00:15.4: setting latency timer to 64
[    0.565737] pci 0000:00:15.5: setting latency timer to 64
[    0.565799] pci 0000:00:15.6: setting latency timer to 64
[    0.565861] pci 0000:00:15.7: setting latency timer to 64
[    0.565923] pci 0000:00:16.0: setting latency timer to 64
[    0.565985] pci 0000:00:16.1: setting latency timer to 64
[    0.566046] pci 0000:00:16.2: setting latency timer to 64
[    0.566108] pci 0000:00:16.3: setting latency timer to 64
[    0.566170] pci 0000:00:16.4: setting latency timer to 64
[    0.566231] pci 0000:00:16.5: setting latency timer to 64
[    0.566293] pci 0000:00:16.6: setting latency timer to 64
[    0.566355] pci 0000:00:16.7: setting latency timer to 64
[    0.566417] pci 0000:00:17.0: setting latency timer to 64
[    0.566478] pci 0000:00:17.1: setting latency timer to 64
[    0.566540] pci 0000:00:17.2: setting latency timer to 64
[    0.566601] pci 0000:00:17.3: setting latency timer to 64
[    0.566679] pci 0000:00:17.4: setting latency timer to 64
[    0.566746] pci 0000:00:17.5: setting latency timer to 64
[    0.566812] pci 0000:00:17.6: setting latency timer to 64
[    0.566878] pci 0000:00:17.7: setting latency timer to 64
[    0.566944] pci 0000:00:18.0: setting latency timer to 64
[    0.567011] pci 0000:00:18.1: setting latency timer to 64
[    0.567077] pci 0000:00:18.2: setting latency timer to 64
[    0.567144] pci 0000:00:18.3: setting latency timer to 64
[    0.567211] pci 0000:00:18.4: setting latency timer to 64
[    0.567278] pci 0000:00:18.5: setting latency timer to 64
[    0.567344] pci 0000:00:18.6: setting latency timer to 64
[    0.567410] pci 0000:00:18.7: setting latency timer to 64
[    0.567422] pci_bus 0000:00: resource 0 io:  [0x00-0xffff]
[    0.567425] pci_bus 0000:00: resource 1 mem: [0x000000-0xffffffffffffffff]
[    0.567427] pci_bus 0000:02: resource 0 io:  [0x2000-0x3fff]
[    0.567429] pci_bus 0000:02: resource 1 mem: [0xc9000000-0xca3fffff]
[    0.567431] pci_bus 0000:02: resource 2 pref mem [0xd8400000-0xd89fffff]
[    0.567433] pci_bus 0000:02: resource 3 io:  [0x00-0xffff]
[    0.567435] pci_bus 0000:02: resource 4 mem: [0x000000-0xffffffffffffffff]
[    0.567438] pci_bus 0000:03: resource 0 io:  [0x4000-0x4fff]
[    0.567440] pci_bus 0000:03: resource 1 mem: [0xca400000-0xca4fffff]
[    0.567441] pci_bus 0000:03: resource 2 pref mem [0xd8a00000-0xd8afffff]
[    0.567444] pci_bus 0000:04: resource 0 io:  [0x8000-0x8fff]
[    0.567445] pci_bus 0000:04: resource 1 mem: [0xca800000-0xca8fffff]
[    0.567447] pci_bus 0000:04: resource 2 pref mem [0xd8e00000-0xd8efffff]
[    0.567449] pci_bus 0000:05: resource 0 io:  [0xc000-0xcfff]
[    0.567451] pci_bus 0000:05: resource 1 mem: [0xcac00000-0xcacfffff]
[    0.567453] pci_bus 0000:05: resource 2 pref mem [0xd9200000-0xd92fffff]
[    0.567455] pci_bus 0000:06: resource 1 mem: [0xcb000000-0xcb0fffff]
[    0.567457] pci_bus 0000:06: resource 2 pref mem [0xd9600000-0xd96fffff]
[    0.567459] pci_bus 0000:07: resource 1 mem: [0xcb400000-0xcb4fffff]
[    0.567461] pci_bus 0000:07: resource 2 pref mem [0xd9a00000-0xd9afffff]
[    0.567463] pci_bus 0000:08: resource 1 mem: [0xcb800000-0xcb8fffff]
[    0.567465] pci_bus 0000:08: resource 2 pref mem [0xd9e00000-0xd9efffff]
[    0.567467] pci_bus 0000:09: resource 1 mem: [0xcbc00000-0xcbcfffff]
[    0.567469] pci_bus 0000:09: resource 2 pref mem [0xda200000-0xda2fffff]
[    0.567471] pci_bus 0000:0a: resource 1 mem: [0xcc000000-0xcc0fffff]
[    0.567473] pci_bus 0000:0a: resource 2 pref mem [0xda600000-0xda6fffff]
[    0.567475] pci_bus 0000:0b: resource 0 io:  [0x5000-0x5fff]
[    0.567476] pci_bus 0000:0b: resource 1 mem: [0xca500000-0xca5fffff]
[    0.567478] pci_bus 0000:0b: resource 2 pref mem [0xd8b00000-0xd8bfffff]
[    0.567480] pci_bus 0000:0c: resource 0 io:  [0x9000-0x9fff]
[    0.567482] pci_bus 0000:0c: resource 1 mem: [0xca900000-0xca9fffff]
[    0.567484] pci_bus 0000:0c: resource 2 pref mem [0xd8f00000-0xd8ffffff]
[    0.567486] pci_bus 0000:0d: resource 0 io:  [0xd000-0xdfff]
[    0.567488] pci_bus 0000:0d: resource 1 mem: [0xcad00000-0xcadfffff]
[    0.567490] pci_bus 0000:0d: resource 2 pref mem [0xd9300000-0xd93fffff]
[    0.567492] pci_bus 0000:0e: resource 1 mem: [0xcb100000-0xcb1fffff]
[    0.567494] pci_bus 0000:0e: resource 2 pref mem [0xd9700000-0xd97fffff]
[    0.567496] pci_bus 0000:0f: resource 1 mem: [0xcb500000-0xcb5fffff]
[    0.567498] pci_bus 0000:0f: resource 2 pref mem [0xd9b00000-0xd9bfffff]
[    0.567500] pci_bus 0000:10: resource 1 mem: [0xcb900000-0xcb9fffff]
[    0.567502] pci_bus 0000:10: resource 2 pref mem [0xd9f00000-0xd9ffffff]
[    0.567504] pci_bus 0000:11: resource 1 mem: [0xcbd00000-0xcbdfffff]
[    0.567505] pci_bus 0000:11: resource 2 pref mem [0xda300000-0xda3fffff]
[    0.567507] pci_bus 0000:12: resource 1 mem: [0xcc100000-0xcc1fffff]
[    0.567509] pci_bus 0000:12: resource 2 pref mem [0xda700000-0xda7fffff]
[    0.567511] pci_bus 0000:13: resource 0 io:  [0x6000-0x6fff]
[    0.567513] pci_bus 0000:13: resource 1 mem: [0xca600000-0xca6fffff]
[    0.567515] pci_bus 0000:13: resource 2 pref mem [0xd8c00000-0xd8cfffff]
[    0.567517] pci_bus 0000:14: resource 0 io:  [0xa000-0xafff]
[    0.567519] pci_bus 0000:14: resource 1 mem: [0xcaa00000-0xcaafffff]
[    0.567521] pci_bus 0000:14: resource 2 pref mem [0xd9000000-0xd90fffff]
[    0.567523] pci_bus 0000:15: resource 0 io:  [0xe000-0xefff]
[    0.567525] pci_bus 0000:15: resource 1 mem: [0xcae00000-0xcaefffff]
[    0.567527] pci_bus 0000:15: resource 2 pref mem [0xd9400000-0xd94fffff]
[    0.567529] pci_bus 0000:16: resource 1 mem: [0xcb200000-0xcb2fffff]
[    0.567531] pci_bus 0000:16: resource 2 pref mem [0xd9800000-0xd98fffff]
[    0.567533] pci_bus 0000:17: resource 1 mem: [0xcb600000-0xcb6fffff]
[    0.567534] pci_bus 0000:17: resource 2 pref mem [0xd9c00000-0xd9cfffff]
[    0.567537] pci_bus 0000:18: resource 1 mem: [0xcba00000-0xcbafffff]
[    0.567538] pci_bus 0000:18: resource 2 pref mem [0xda000000-0xda0fffff]
[    0.567540] pci_bus 0000:19: resource 1 mem: [0xcbe00000-0xcbefffff]
[    0.567542] pci_bus 0000:19: resource 2 pref mem [0xda400000-0xda4fffff]
[    0.567544] pci_bus 0000:1a: resource 1 mem: [0xcc200000-0xcc2fffff]
[    0.567546] pci_bus 0000:1a: resource 2 pref mem [0xda800000-0xda8fffff]
[    0.567548] pci_bus 0000:1b: resource 0 io:  [0x7000-0x7fff]
[    0.567550] pci_bus 0000:1b: resource 1 mem: [0xca700000-0xca7fffff]
[    0.567552] pci_bus 0000:1b: resource 2 pref mem [0xd8d00000-0xd8dfffff]
[    0.567554] pci_bus 0000:1c: resource 0 io:  [0xb000-0xbfff]
[    0.567556] pci_bus 0000:1c: resource 1 mem: [0xcab00000-0xcabfffff]
[    0.567558] pci_bus 0000:1c: resource 2 pref mem [0xd9100000-0xd91fffff]
[    0.567559] pci_bus 0000:1d: resource 0 io:  [0xf000-0xffff]
[    0.567561] pci_bus 0000:1d: resource 1 mem: [0xcaf00000-0xcaffffff]
[    0.567563] pci_bus 0000:1d: resource 2 pref mem [0xd9500000-0xd95fffff]
[    0.567565] pci_bus 0000:1e: resource 1 mem: [0xcb300000-0xcb3fffff]
[    0.567567] pci_bus 0000:1e: resource 2 pref mem [0xd9900000-0xd99fffff]
[    0.567569] pci_bus 0000:1f: resource 1 mem: [0xcb700000-0xcb7fffff]
[    0.567571] pci_bus 0000:1f: resource 2 pref mem [0xd9d00000-0xd9dfffff]
[    0.567573] pci_bus 0000:20: resource 1 mem: [0xcbb00000-0xcbbfffff]
[    0.567575] pci_bus 0000:20: resource 2 pref mem [0xda100000-0xda1fffff]
[    0.567577] pci_bus 0000:21: resource 1 mem: [0xcbf00000-0xcbffffff]
[    0.567579] pci_bus 0000:21: resource 2 pref mem [0xda500000-0xda5fffff]
[    0.567581] pci_bus 0000:22: resource 1 mem: [0xcc300000-0xcc3fffff]
[    0.567583] pci_bus 0000:22: resource 2 pref mem [0xda900000-0xda9fffff]
[    0.567609] NET: Registered protocol family 2
[    0.567627] RANDOM - __random32 called. Change num 7.  Value: e4915c27	228b7335	4c33f162
[    0.567629] RANDOM - random32 called.  Value: e4915c27	228b7335	4c33f162
[    0.567638] random 0000 0000 0000 00000000 00000000: rand_read_num 2 get_random_bytes(4): sig fffffe1a 00000000 00000000
[    0.567649] random 0000 0000 0000 00000000 00000000: extract_entropy(.. 4 ..)
[    0.567652] random 0000 0000 0000 00000000 00000000: going to reseed nonblocking with 64 bits (32 of 0 requested)
[    0.567655] random 0000 0000 0000 00000000 00000000: extract_entropy(.. 8 ..)
[    0.567657] random 0000 0000 0000 00000000 00000000: trying to extract 64 bits from input
[    0.567659] random 0000 0000 0000 00000000 00000000: debiting 0 entropy credits from input
[    0.567661] random 0000 0000 0000 00000000 00000000: extract_entropy account returned: 0 
[    0.567665] random 0000 0000 0000 00000000 00000000: urand_change_num 3 xfer_secondary_pool(4): pool_sig fffffe1a, data_sig 00000000, bytes_mixed 0 00000000 00000000
[    0.567668] random 0000 0000 0000 00000000 00000000: trying to extract 32 bits from nonblocking
[    0.567670] random 0000 0000 0000 00000000 00000000: debiting 32 entropy credits from nonblocking (unlimited)
[    0.567673] random 0000 0000 0000 00000000 00000000: extract_entropy account returned: 4 
[    0.567676] random 0000 0000 0000 00000000 00000000: urand_change_num 4 extract_buf: pool_sig fffffe1a, data_sig fffffed7, bytes_mixed 20 00000000 00000000
[    0.567709] IP route cache hash table entries: 32768 (order: 5, 131072 bytes)
[    0.567802] RANDOM - __random32 called. Change num 8.  Value: 15c279e2	28b73354	e2c5b58f
[    0.567804] RANDOM - random32 called.  Value: 15c279e2	28b73354	e2c5b58f
[    0.567864] RANDOM - __random32 called. Change num 9.  Value: 279e2b5f	8b733545	6b1e9d03
[    0.567866] RANDOM - random32 called.  Value: 279e2b5f	8b733545	6b1e9d03
[    0.567868] RANDOM - __random32 called. Change num 10.  Value: e2b5fc5e	b7335453	3a067d4e
[    0.567870] RANDOM - random32 called.  Value: e2b5fc5e	b7335453	3a067d4e
[    0.567902] RANDOM - __random32 called. Change num 11.  Value: 5fc5eba7	73354535	fa9d46b2
[    0.567904] RANDOM - random32 called.  Value: 5fc5eba7	73354535	fa9d46b2
[    0.567915] TCP established hash table entries: 131072 (order: 8, 1048576 bytes)
[    0.568025] TCP bind hash table entries: 65536 (order: 7, 524288 bytes)
[    0.568136] TCP: Hash tables configured (established 131072 bind 65536)
[    0.568138] TCP reno registered
[    0.568173] NET: Registered protocol family 1
[    0.568182] pci 0000:00:00.0: Limiting direct PCI/PCI transfers
[    0.568209] pci 0000:00:0f.0: Boot video device
[    0.568308] Trying to unpack rootfs image as initramfs...
[    1.734763] Freeing initrd memory: 83430k freed
[    1.742772] Simple Boot Flag at 0x36 set to 0x1
[    1.742816] cpufreq-nforce2: No nForce2 chipset.
[    1.742829] Scanning for low memory corruption every 60 seconds
[    1.742943] audit: initializing netlink socket (disabled)
[    1.742951] type=2000 audit(1369434310.728:1): initialized
[    1.746864] highmem bounce pool size: 64 pages
[    1.746869] HugeTLB registered 2 MB page size, pre-allocated 0 pages
[    1.746964] VFS: Disk quotas dquot_6.5.2
[    1.746995] Dquot-cache hash table entries: 1024 (order 0, 4096 bytes)
[    1.747077] fuse init (API version 7.13)
[    1.747122] msgmni has been set to 1729
[    1.747405] alg: No test for stdrng (krng)
[    1.747441] Block layer SCSI generic (bsg) driver version 0.4 loaded (major 253)
[    1.747444] io scheduler noop registered
[    1.747445] io scheduler anticipatory registered
[    1.747447] io scheduler deadline registered
[    1.747468] io scheduler cfq registered (default)
[    1.747512]   alloc irq_desc for 24 on node -1
[    1.747516]   alloc kstat_irqs on node -1
[    1.747561] pcieport 0000:00:15.0: irq 24 for MSI/MSI-X
[    1.747606] pcieport 0000:00:15.0: setting latency timer to 64
[    1.747650]   alloc irq_desc for 25 on node -1
[    1.747655]   alloc kstat_irqs on node -1
[    1.747700] pcieport 0000:00:15.1: irq 25 for MSI/MSI-X
[    1.747744] pcieport 0000:00:15.1: setting latency timer to 64
[    1.747789]   alloc irq_desc for 26 on node -1
[    1.747793]   alloc kstat_irqs on node -1
[    1.747837] pcieport 0000:00:15.2: irq 26 for MSI/MSI-X
[    1.747882] pcieport 0000:00:15.2: setting latency timer to 64
[    1.747927]   alloc irq_desc for 27 on node -1
[    1.747929]   alloc kstat_irqs on node -1
[    1.747974] pcieport 0000:00:15.3: irq 27 for MSI/MSI-X
[    1.748019] pcieport 0000:00:15.3: setting latency timer to 64
[    1.748063]   alloc irq_desc for 28 on node -1
[    1.748067]   alloc kstat_irqs on node -1
[    1.748112] pcieport 0000:00:15.4: irq 28 for MSI/MSI-X
[    1.748157] pcieport 0000:00:15.4: setting latency timer to 64
[    1.748201]   alloc irq_desc for 29 on node -1
[    1.748204]   alloc kstat_irqs on node -1
[    1.748249] pcieport 0000:00:15.5: irq 29 for MSI/MSI-X
[    1.748294] pcieport 0000:00:15.5: setting latency timer to 64
[    1.748338]   alloc irq_desc for 30 on node -1
[    1.748341]   alloc kstat_irqs on node -1
[    1.748386] pcieport 0000:00:15.6: irq 30 for MSI/MSI-X
[    1.748430] pcieport 0000:00:15.6: setting latency timer to 64
[    1.748475]   alloc irq_desc for 31 on node -1
[    1.748477]   alloc kstat_irqs on node -1
[    1.748522] pcieport 0000:00:15.7: irq 31 for MSI/MSI-X
[    1.748566] pcieport 0000:00:15.7: setting latency timer to 64
[    1.748611]   alloc irq_desc for 32 on node -1
[    1.748613]   alloc kstat_irqs on node -1
[    1.748658] pcieport 0000:00:16.0: irq 32 for MSI/MSI-X
[    1.748702] pcieport 0000:00:16.0: setting latency timer to 64
[    1.748747]   alloc irq_desc for 33 on node -1
[    1.748749]   alloc kstat_irqs on node -1
[    1.748793] pcieport 0000:00:16.1: irq 33 for MSI/MSI-X
[    1.748838] pcieport 0000:00:16.1: setting latency timer to 64
[    1.748883]   alloc irq_desc for 34 on node -1
[    1.748885]   alloc kstat_irqs on node -1
[    1.748929] pcieport 0000:00:16.2: irq 34 for MSI/MSI-X
[    1.748974] pcieport 0000:00:16.2: setting latency timer to 64
[    1.749018]   alloc irq_desc for 35 on node -1
[    1.749020]   alloc kstat_irqs on node -1
[    1.749065] pcieport 0000:00:16.3: irq 35 for MSI/MSI-X
[    1.749110] pcieport 0000:00:16.3: setting latency timer to 64
[    1.749154]   alloc irq_desc for 36 on node -1
[    1.749156]   alloc kstat_irqs on node -1
[    1.749201] pcieport 0000:00:16.4: irq 36 for MSI/MSI-X
[    1.749245] pcieport 0000:00:16.4: setting latency timer to 64
[    1.749290]   alloc irq_desc for 37 on node -1
[    1.749292]   alloc kstat_irqs on node -1
[    1.749336] pcieport 0000:00:16.5: irq 37 for MSI/MSI-X
[    1.749381] pcieport 0000:00:16.5: setting latency timer to 64
[    1.749426]   alloc irq_desc for 38 on node -1
[    1.749427]   alloc kstat_irqs on node -1
[    1.749472] pcieport 0000:00:16.6: irq 38 for MSI/MSI-X
[    1.749517] pcieport 0000:00:16.6: setting latency timer to 64
[    1.750828]   alloc irq_desc for 39 on node -1
[    1.750830]   alloc kstat_irqs on node -1
[    1.750874] pcieport 0000:00:16.7: irq 39 for MSI/MSI-X
[    1.750919] pcieport 0000:00:16.7: setting latency timer to 64
[    1.750964]   alloc irq_desc for 40 on node -1
[    1.750966]   alloc kstat_irqs on node -1
[    1.751010] pcieport 0000:00:17.0: irq 40 for MSI/MSI-X
[    1.751055] pcieport 0000:00:17.0: setting latency timer to 64
[    1.751099]   alloc irq_desc for 41 on node -1
[    1.751101]   alloc kstat_irqs on node -1
[    1.751146] pcieport 0000:00:17.1: irq 41 for MSI/MSI-X
[    1.751191] pcieport 0000:00:17.1: setting latency timer to 64
[    1.751235]   alloc irq_desc for 42 on node -1
[    1.751237]   alloc kstat_irqs on node -1
[    1.751282] pcieport 0000:00:17.2: irq 42 for MSI/MSI-X
[    1.751326] pcieport 0000:00:17.2: setting latency timer to 64
[    1.751371]   alloc irq_desc for 43 on node -1
[    1.751373]   alloc kstat_irqs on node -1
[    1.751417] pcieport 0000:00:17.3: irq 43 for MSI/MSI-X
[    1.751462] pcieport 0000:00:17.3: setting latency timer to 64
[    1.751507]   alloc irq_desc for 44 on node -1
[    1.751510]   alloc kstat_irqs on node -1
[    1.751555] pcieport 0000:00:17.4: irq 44 for MSI/MSI-X
[    1.751599] pcieport 0000:00:17.4: setting latency timer to 64
[    1.751644]   alloc irq_desc for 45 on node -1
[    1.751646]   alloc kstat_irqs on node -1
[    1.751691] pcieport 0000:00:17.5: irq 45 for MSI/MSI-X
[    1.751735] pcieport 0000:00:17.5: setting latency timer to 64
[    1.751780]   alloc irq_desc for 46 on node -1
[    1.751782]   alloc kstat_irqs on node -1
[    1.751827] pcieport 0000:00:17.6: irq 46 for MSI/MSI-X
[    1.751872] pcieport 0000:00:17.6: setting latency timer to 64
[    1.751916]   alloc irq_desc for 47 on node -1
[    1.751919]   alloc kstat_irqs on node -1
[    1.751963] pcieport 0000:00:17.7: irq 47 for MSI/MSI-X
[    1.752008] pcieport 0000:00:17.7: setting latency timer to 64
[    1.752053]   alloc irq_desc for 48 on node -1
[    1.752063]   alloc kstat_irqs on node -1
[    1.752108] pcieport 0000:00:18.0: irq 48 for MSI/MSI-X
[    1.752153] pcieport 0000:00:18.0: setting latency timer to 64
[    1.752197]   alloc irq_desc for 49 on node -1
[    1.752199]   alloc kstat_irqs on node -1
[    1.752244] pcieport 0000:00:18.1: irq 49 for MSI/MSI-X
[    1.752288] pcieport 0000:00:18.1: setting latency timer to 64
[    1.752333]   alloc irq_desc for 50 on node -1
[    1.752335]   alloc kstat_irqs on node -1
[    1.752379] pcieport 0000:00:18.2: irq 50 for MSI/MSI-X
[    1.752424] pcieport 0000:00:18.2: setting latency timer to 64
[    1.752469]   alloc irq_desc for 51 on node -1
[    1.752471]   alloc kstat_irqs on node -1
[    1.752515] pcieport 0000:00:18.3: irq 51 for MSI/MSI-X
[    1.752560] pcieport 0000:00:18.3: setting latency timer to 64
[    1.752604]   alloc irq_desc for 52 on node -1
[    1.752606]   alloc kstat_irqs on node -1
[    1.752651] pcieport 0000:00:18.4: irq 52 for MSI/MSI-X
[    1.752696] pcieport 0000:00:18.4: setting latency timer to 64
[    1.752740]   alloc irq_desc for 53 on node -1
[    1.752745]   alloc kstat_irqs on node -1
[    1.752789] pcieport 0000:00:18.5: irq 53 for MSI/MSI-X
[    1.752834] pcieport 0000:00:18.5: setting latency timer to 64
[    1.752879]   alloc irq_desc for 54 on node -1
[    1.752883]   alloc kstat_irqs on node -1
[    1.752927] pcieport 0000:00:18.6: irq 54 for MSI/MSI-X
[    1.752972] pcieport 0000:00:18.6: setting latency timer to 64
[    1.754746]   alloc irq_desc for 55 on node -1
[    1.754749]   alloc kstat_irqs on node -1
[    1.754800] pcieport 0000:00:18.7: irq 55 for MSI/MSI-X
[    1.754850] pcieport 0000:00:18.7: setting latency timer to 64
[    1.754901] pci_hotplug: PCI Hot Plug PCI Core version: 0.5
[    1.755038] pciehp 0000:00:15.0:pcie04: HPC vendor_id 15ad device_id 7a0 ss_vid 0 ss_did 0
[    1.755088] pciehp 0000:00:15.0:pcie04: service driver pciehp loaded
[    1.755139] pciehp 0000:00:15.1:pcie04: HPC vendor_id 15ad device_id 7a0 ss_vid 0 ss_did 0
[    1.755189] pciehp 0000:00:15.1:pcie04: service driver pciehp loaded
[    1.755240] pciehp 0000:00:15.2:pcie04: HPC vendor_id 15ad device_id 7a0 ss_vid 0 ss_did 0
[    1.755290] pciehp 0000:00:15.2:pcie04: service driver pciehp loaded
[    1.755341] pciehp 0000:00:15.3:pcie04: HPC vendor_id 15ad device_id 7a0 ss_vid 0 ss_did 0
[    1.755391] pciehp 0000:00:15.3:pcie04: service driver pciehp loaded
[    1.755442] pciehp 0000:00:15.4:pcie04: HPC vendor_id 15ad device_id 7a0 ss_vid 0 ss_did 0
[    1.755492] pciehp 0000:00:15.4:pcie04: service driver pciehp loaded
[    1.755543] pciehp 0000:00:15.5:pcie04: HPC vendor_id 15ad device_id 7a0 ss_vid 0 ss_did 0
[    1.755593] pciehp 0000:00:15.5:pcie04: service driver pciehp loaded
[    1.755644] pciehp 0000:00:15.6:pcie04: HPC vendor_id 15ad device_id 7a0 ss_vid 0 ss_did 0
[    1.755694] pciehp 0000:00:15.6:pcie04: service driver pciehp loaded
[    1.755745] pciehp 0000:00:15.7:pcie04: HPC vendor_id 15ad device_id 7a0 ss_vid 0 ss_did 0
[    1.755795] pciehp 0000:00:15.7:pcie04: service driver pciehp loaded
[    1.755846] pciehp 0000:00:16.0:pcie04: HPC vendor_id 15ad device_id 7a0 ss_vid 0 ss_did 0
[    1.755896] pciehp 0000:00:16.0:pcie04: service driver pciehp loaded
[    1.755947] pciehp 0000:00:16.1:pcie04: HPC vendor_id 15ad device_id 7a0 ss_vid 0 ss_did 0
[    1.755997] pciehp 0000:00:16.1:pcie04: service driver pciehp loaded
[    1.756048] pciehp 0000:00:16.2:pcie04: HPC vendor_id 15ad device_id 7a0 ss_vid 0 ss_did 0
[    1.756098] pciehp 0000:00:16.2:pcie04: service driver pciehp loaded
[    1.756149] pciehp 0000:00:16.3:pcie04: HPC vendor_id 15ad device_id 7a0 ss_vid 0 ss_did 0
[    1.756199] pciehp 0000:00:16.3:pcie04: service driver pciehp loaded
[    1.756250] pciehp 0000:00:16.4:pcie04: HPC vendor_id 15ad device_id 7a0 ss_vid 0 ss_did 0
[    1.756300] pciehp 0000:00:16.4:pcie04: service driver pciehp loaded
[    1.756351] pciehp 0000:00:16.5:pcie04: HPC vendor_id 15ad device_id 7a0 ss_vid 0 ss_did 0
[    1.756401] pciehp 0000:00:16.5:pcie04: service driver pciehp loaded
[    1.756452] pciehp 0000:00:16.6:pcie04: HPC vendor_id 15ad device_id 7a0 ss_vid 0 ss_did 0
[    1.756502] pciehp 0000:00:16.6:pcie04: service driver pciehp loaded
[    1.756552] pciehp 0000:00:16.7:pcie04: HPC vendor_id 15ad device_id 7a0 ss_vid 0 ss_did 0
[    1.756603] pciehp 0000:00:16.7:pcie04: service driver pciehp loaded
[    1.756653] pciehp 0000:00:17.0:pcie04: HPC vendor_id 15ad device_id 7a0 ss_vid 0 ss_did 0
[    1.756704] pciehp 0000:00:17.0:pcie04: service driver pciehp loaded
[    1.756754] pciehp 0000:00:17.1:pcie04: HPC vendor_id 15ad device_id 7a0 ss_vid 0 ss_did 0
[    1.756805] pciehp 0000:00:17.1:pcie04: service driver pciehp loaded
[    1.756855] pciehp 0000:00:17.2:pcie04: HPC vendor_id 15ad device_id 7a0 ss_vid 0 ss_did 0
[    1.756906] pciehp 0000:00:17.2:pcie04: service driver pciehp loaded
[    1.756956] pciehp 0000:00:17.3:pcie04: HPC vendor_id 15ad device_id 7a0 ss_vid 0 ss_did 0
[    1.757007] pciehp 0000:00:17.3:pcie04: service driver pciehp loaded
[    1.757057] pciehp 0000:00:17.4:pcie04: HPC vendor_id 15ad device_id 7a0 ss_vid 0 ss_did 0
[    1.757108] pciehp 0000:00:17.4:pcie04: service driver pciehp loaded
[    1.757158] pciehp 0000:00:17.5:pcie04: HPC vendor_id 15ad device_id 7a0 ss_vid 0 ss_did 0
[    1.757209] pciehp 0000:00:17.5:pcie04: service driver pciehp loaded
[    1.757259] pciehp 0000:00:17.6:pcie04: HPC vendor_id 15ad device_id 7a0 ss_vid 0 ss_did 0
[    1.757310] pciehp 0000:00:17.6:pcie04: service driver pciehp loaded
[    1.757360] pciehp 0000:00:17.7:pcie04: HPC vendor_id 15ad device_id 7a0 ss_vid 0 ss_did 0
[    1.757411] pciehp 0000:00:17.7:pcie04: service driver pciehp loaded
[    1.757461] pciehp 0000:00:18.0:pcie04: HPC vendor_id 15ad device_id 7a0 ss_vid 0 ss_did 0
[    1.757512] pciehp 0000:00:18.0:pcie04: service driver pciehp loaded
[    1.757562] pciehp 0000:00:18.1:pcie04: HPC vendor_id 15ad device_id 7a0 ss_vid 0 ss_did 0
[    1.757613] pciehp 0000:00:18.1:pcie04: service driver pciehp loaded
[    1.757663] pciehp 0000:00:18.2:pcie04: HPC vendor_id 15ad device_id 7a0 ss_vid 0 ss_did 0
[    1.757714] pciehp 0000:00:18.2:pcie04: service driver pciehp loaded
[    1.757764] pciehp 0000:00:18.3:pcie04: HPC vendor_id 15ad device_id 7a0 ss_vid 0 ss_did 0
[    1.757815] pciehp 0000:00:18.3:pcie04: service driver pciehp loaded
[    1.757865] pciehp 0000:00:18.4:pcie04: HPC vendor_id 15ad device_id 7a0 ss_vid 0 ss_did 0
[    1.757916] pciehp 0000:00:18.4:pcie04: service driver pciehp loaded
[    1.757966] pciehp 0000:00:18.5:pcie04: HPC vendor_id 15ad device_id 7a0 ss_vid 0 ss_did 0
[    1.758017] pciehp 0000:00:18.5:pcie04: service driver pciehp loaded
[    1.758067] pciehp 0000:00:18.6:pcie04: HPC vendor_id 15ad device_id 7a0 ss_vid 0 ss_did 0
[    1.758118] pciehp 0000:00:18.6:pcie04: service driver pciehp loaded
[    1.758168] pciehp 0000:00:18.7:pcie04: HPC vendor_id 15ad device_id 7a0 ss_vid 0 ss_did 0
[    1.758219] pciehp 0000:00:18.7:pcie04: service driver pciehp loaded
[    1.758227] pciehp: PCI Express Hot Plug Controller Driver version: 0.4
[    1.758283] ACPI: AC Adapter [ACAD] (on-line)
[    1.758341] input: Power Button as /devices/LNXSYSTM:00/LNXPWRBN:00/input/input0
[    1.758344] ACPI: Power Button [PWRF]
[    1.758710] processor LNXCPU:00: registered as cooling_device0
[    1.798706] isapnp: Scanning for PnP cards...
[    2.152924] isapnp: No Plug & Play device found
[    2.152954] random 0000 0000 0000 5f8db4e5 4cfdf2a8: initializing
[    2.153075] Linux agpgart interface v0.103
[    2.153114] agpgart-intel 0000:00:00.0: Intel 440BX Chipset
[    2.153165] agpgart-intel 0000:00:00.0: AGP aperture is 256M @ 0x0
[    2.153196] Serial: 8250/16550 driver, 32 ports, IRQ sharing enabled
[    2.153246] serial8250: ttyS0 at I/O 0x3f8 (irq = 4) is a 16550A
[    2.153297] serial8250: ttyS1 at I/O 0x2f8 (irq = 3) is a 16550A
[    2.154146] 00:0a: ttyS0 at I/O 0x3f8 (irq = 4) is a 16550A
[    2.154197] 00:0b: ttyS1 at I/O 0x2f8 (irq = 3) is a 16550A
[    2.154247] brd: module loaded
[    2.154298] loop: module loaded
[    2.154348] ata_piix 0000:00:07.1: version 2.13
[    2.154428] scsi0 : ata_piix
[    2.154475] scsi1 : ata_piix
[    2.154495] ata1: PATA max UDMA/33 cmd 0x1f0 ctl 0x3f6 bmdma 0x10c0 irq 14
[    2.154497] ata2: PATA max UDMA/33 cmd 0x170 ctl 0x376 bmdma 0x10c8 irq 15
[    2.154544] PPP generic driver version 2.4.2
[    2.154564] tun: Universal TUN/TAP device driver, 1.6
[    2.154565] tun: (C) 1999-2004 Max Krasnyansky <maxk@qualcomm.com>
[    2.154616] ehci_hcd: USB 2.0 'Enhanced' Host Controller (EHCI) Driver
[    2.154666] ACPI: PCI Interrupt Link [LNKB] enabled at IRQ 11
[    2.154668] PCI: setting IRQ 11 as level-triggered
[    2.154676] ehci_hcd 0000:02:03.0: PCI INT A -> Link[LNKB] -> GSI 11 (level, low) -> IRQ 11
[    2.154714] ehci_hcd 0000:02:03.0: EHCI Host Controller
[    2.154735] ehci_hcd 0000:02:03.0: new USB bus registered, assigned bus number 1
[    2.154786] ehci_hcd 0000:02:03.0: cache line size of 32 is not supported
[    2.154793] ehci_hcd 0000:02:03.0: irq 11, io mem 0xc9000000
[    2.155098] random 0000 0000 0000 00000000 00000000: rand_read_num 3 get_random_bytes(8): sig 00000000 00000000 00000000
[    2.155101] random 0000 0000 0000 00000000 00000000: extract_entropy(.. 8 ..)
[    2.155104] random 0000 0000 0000 00000000 00000000: going to reseed nonblocking with 64 bits (64 of 0 requested)
[    2.155106] random 0000 0000 0000 00000000 00000000: extract_entropy(.. 8 ..)
[    2.155108] random 0000 0000 0000 00000000 00000000: trying to extract 64 bits from input
[    2.155110] random 0000 0000 0000 00000000 00000000: debiting 0 entropy credits from input
[    2.155112] random 0000 0000 0000 00000000 00000000: extract_entropy account returned: 0 
[    2.155115] random 0000 0000 0000 00000000 00000000: urand_change_num 5 xfer_secondary_pool(8): pool_sig 00000000, data_sig 00000000, bytes_mixed 0 00000000 00000000
[    2.155117] random 0000 0000 0000 00000000 00000000: trying to extract 64 bits from nonblocking
[    2.155120] random 0000 0000 0000 00000000 00000000: debiting 64 entropy credits from nonblocking (unlimited)
[    2.155122] random 0000 0000 0000 00000000 00000000: extract_entropy account returned: 8 
[    2.155125] random 0000 0000 0000 00000000 00000000: urand_change_num 6 extract_buf: pool_sig 00000000, data_sig fffffff9, bytes_mixed 20 00000000 00000000
[    2.166155] ehci_hcd 0000:02:03.0: USB 2.0 started, EHCI 1.00
[    2.166206] usb usb1: configuration #1 chosen from 1 choice
[    2.166226] hub 1-0:1.0: USB hub found
[    2.166232] hub 1-0:1.0: 6 ports detected
[    2.166273] ohci_hcd: USB 1.1 'Open' Host Controller (OHCI) Driver
[    2.166288] uhci_hcd: USB Universal Host Controller Interface driver
[    2.166338] ACPI: PCI Interrupt Link [LNKC] enabled at IRQ 10
[    2.166341] PCI: setting IRQ 10 as level-triggered
[    2.166346] uhci_hcd 0000:02:00.0: PCI INT A -> Link[LNKC] -> GSI 10 (level, low) -> IRQ 10
[    2.166382] uhci_hcd 0000:02:00.0: UHCI Host Controller
[    2.166416] uhci_hcd 0000:02:00.0: new USB bus registered, assigned bus number 2
[    2.166519] uhci_hcd 0000:02:00.0: irq 10, io base 0x000020c0
[    2.166569] usb usb2: configuration #1 chosen from 1 choice
[    2.166585] hub 2-0:1.0: USB hub found
[    2.166590] hub 2-0:1.0: 2 ports detected
[    2.166640] usbcore: registered new interface driver libusual
[    2.166670] PNP: PS/2 Controller [PNP0303:KBC,PNP0f13:MOUS] at 0x60,0x64 irq 1,12
[    2.166996] serio: i8042 KBD port at 0x60,0x64 irq 1
[    2.167004] serio: i8042 AUX port at 0x60,0x64 irq 12
[    2.167042] mice: PS/2 mouse device common for all mice
[    2.167092] rtc_cmos 00:04: rtc core: registered rtc_cmos as rtc0
[    2.167108] rtc0: alarms up to one month, y3k, 114 bytes nvram, hpet irqs
[    2.167159] device-mapper: uevent: version 1.0.3
[    2.167287] device-mapper: ioctl: 4.15.0-ioctl (2009-04-01) initialised: dm-devel@redhat.com
[    2.167314] EISA: Probing bus 0 at eisa.0
[    2.167321] Cannot allocate resource for EISA slot 1
[    2.167322] Cannot allocate resource for EISA slot 2
[    2.167324] Cannot allocate resource for EISA slot 3
[    2.167326] Cannot allocate resource for EISA slot 4
[    2.167328] Cannot allocate resource for EISA slot 5
[    2.167330] Cannot allocate resource for EISA slot 6
[    2.167331] Cannot allocate resource for EISA slot 7
[    2.167333] Cannot allocate resource for EISA slot 8
[    2.167335] EISA: Detected 0 cards.
[    2.167379] cpuidle: using governor ladder
[    2.167380] cpuidle: using governor menu
[    2.167431] random 0000 0000 0000 00000000 00000000: rand_read_num 4 get_random_bytes(136): sig 0000021d 00000000 00000000
[    2.167433] random 0000 0000 0000 00000000 00000000: extract_entropy(.. 136 ..)
[    2.167436] random 0000 0000 0000 00000000 00000000: going to reseed nonblocking with 1024 bits (1088 of 0 requested)
[    2.167438] random 0000 0000 0000 00000000 00000000: extract_entropy(.. 128 ..)
[    2.167440] random 0000 0000 0000 00000000 00000000: trying to extract 1024 bits from input
[    2.167443] random 0000 0000 0000 00000000 00000000: debiting 0 entropy credits from input
[    2.167445] random 0000 0000 0000 00000000 00000000: extract_entropy account returned: 0 
[    2.167447] random 0000 0000 0000 00000000 00000000: urand_change_num 7 xfer_secondary_pool(136): pool_sig 0000021d, data_sig 00000000, bytes_mixed 0 00000000 00000000
[    2.167450] random 0000 0000 0000 00000000 00000000: trying to extract 1088 bits from nonblocking
[    2.167453] random 0000 0000 0000 00000000 00000000: debiting 1088 entropy credits from nonblocking (unlimited)
[    2.167455] random 0000 0000 0000 00000000 00000000: extract_entropy account returned: 136 
[    2.167458] random 0000 0000 0000 00000000 00000000: urand_change_num 8 extract_buf: pool_sig 0000021d, data_sig fffffff7, bytes_mixed 20 00000000 00000000
[    2.167463] random 0000 0000 0000 f961ee50 ba9cb1aa: urand_change_num 9 extract_buf: pool_sig 00000230, data_sig fffffeb4, bytes_mixed 20 f961ee50 ba9cb1aa
[    2.167467] random 0000 0000 0000 9748bdd6 56fb8af6: urand_change_num 10 extract_buf: pool_sig 00000373, data_sig 000000cf, bytes_mixed 20 9748bdd6 56fb8af6
[    2.167471] random 0000 0000 0000 9748bdd6 56fb8af6: urand_change_num 11 extract_buf: pool_sig fffffe49, data_sig 0000023f, bytes_mixed 20 9748bdd6 56fb8af6
[    2.167475] random 0000 0000 0000 a135be86 4777650e: urand_change_num 12 extract_buf: pool_sig fffffcce, data_sig 000000c6, bytes_mixed 20 a135be86 4777650e
[    2.167480] random 0000 0000 0000 4a6ea85d 170e00dd: urand_change_num 13 extract_buf: pool_sig ffffff97, data_sig ffffff7d, bytes_mixed 20 4a6ea85d 170e00dd
[    2.167484] random 0000 0000 0000 4a6ea85d 170e00dd: urand_change_num 14 extract_buf: pool_sig 00000160, data_sig fffffeea, bytes_mixed 20 4a6ea85d 170e00dd
[    2.167488] random 0000 0000 0000 6e87c3cb da668c73: urand_change_num 15 extract_buf: pool_sig 0000034f, data_sig ffffff54, bytes_mixed 20 6e87c3cb da668c73
[    2.167492] random 0000 0000 0000 6e87c3cb da668c73: urand_change_num 16 extract_buf: pool_sig fffffdc5, data_sig 00000205, bytes_mixed 20 6e87c3cb da668c73
[    2.167496] random 0000 0000 0000 39f531e6 461eb249: urand_change_num 17 extract_buf: pool_sig fffffc1d, data_sig ffffff5e, bytes_mixed 20 39f531e6 461eb249
[    2.167500] random 0000 0000 0000 7e1538a2 3e661182: urand_change_num 18 extract_buf: pool_sig 000006ef, data_sig ffffff2e, bytes_mixed 20 7e1538a2 3e661182
[    2.167504] random 0000 0000 0000 7e1538a2 3e661182: urand_change_num 19 extract_buf: pool_sig 00000317, data_sig fffffccb, bytes_mixed 20 7e1538a2 3e661182
[    2.167509] random 0000 0000 0000 76af506b 9b57305e: urand_change_num 20 extract_buf: pool_sig 00000227, data_sig ffffffd2, bytes_mixed 20 76af506b 9b57305e
[    2.167513] random 0000 0000 0000 37d49d89 e20417cc: urand_change_num 21 extract_buf: pool_sig 0000080b, data_sig 000001e9, bytes_mixed 20 37d49d89 e20417cc
[    2.167517] TCP cubic registered
[    2.167567] NET: Registered protocol family 10
[    2.167600] RANDOM - __random32 called. Change num 12.  Value: 5eba7c56	3354535f	8d65ceee
[    2.167601] RANDOM - random32 called.  Value: 5eba7c56	3354535f	8d65ceee
[    2.167610] random 0000 0000 0000 37d49d89 e20417cc: rand_read_num 5 get_random_bytes(4): sig 00000298 37d49d89 e20417cc
[    2.167612] random 0000 0000 0000 37d49d89 e20417cc: extract_entropy(.. 4 ..)
[    2.167614] random 0000 0000 0000 37d49d89 e20417cc: going to reseed nonblocking with 64 bits (32 of 0 requested)
[    2.167616] random 0000 0000 0000 37d49d89 e20417cc: extract_entropy(.. 8 ..)
[    2.167618] random 0000 0000 0000 37d49d89 e20417cc: trying to extract 64 bits from input
[    2.167620] random 0000 0000 0000 37d49d89 e20417cc: debiting 0 entropy credits from input
[    2.167622] random 0000 0000 0000 37d49d89 e20417cc: extract_entropy account returned: 0 
[    2.167625] random 0000 0000 0000 37d49d89 e20417cc: urand_change_num 22 xfer_secondary_pool(4): pool_sig 00000298, data_sig 00000000, bytes_mixed 0 37d49d89 e20417cc
[    2.167628] random 0000 0000 0000 37d49d89 e20417cc: trying to extract 32 bits from nonblocking
[    2.167630] random 0000 0000 0000 37d49d89 e20417cc: debiting 32 entropy credits from nonblocking (unlimited)
[    2.167632] random 0000 0000 0000 37d49d89 e20417cc: extract_entropy account returned: 4 
[    2.167635] random 0000 0000 0000 37d49d89 e20417cc: urand_change_num 23 extract_buf: pool_sig 00000298, data_sig 00000092, bytes_mixed 20 37d49d89 e20417cc
[    2.167686] RANDOM - __random32 called. Change num 13.  Value: a7c56226	354535ff	9ddcc977
[    2.167688] RANDOM - random32 called.  Value: a7c56226	354535ff	9ddcc977
[    2.167738] NET: Registered protocol family 17
[    2.167760] Using IPI No-Shortcut mode
[    2.167765] random 0000 0000 0000 2ee4c4fc 167bdb15: rand_read_num 6 get_random_bytes(8): sig fffffcbf 2ee4c4fc 167bdb15
[    2.167767] random 0000 0000 0000 2ee4c4fc 167bdb15: extract_entropy(.. 8 ..)
[    2.167769] random 0000 0000 0000 2ee4c4fc 167bdb15: going to reseed nonblocking with 64 bits (64 of 0 requested)
[    2.167771] random 0000 0000 0000 2ee4c4fc 167bdb15: extract_entropy(.. 8 ..)
[    2.167773] random 0000 0000 0000 2ee4c4fc 167bdb15: trying to extract 64 bits from input
[    2.167776] random 0000 0000 0000 2ee4c4fc 167bdb15: debiting 0 entropy credits from input
[    2.167777] random 0000 0000 0000 2ee4c4fc 167bdb15: extract_entropy account returned: 0 
[    2.167780] random 0000 0000 0000 2ee4c4fc 167bdb15: urand_change_num 24 xfer_secondary_pool(8): pool_sig fffffcbf, data_sig 00000000, bytes_mixed 0 2ee4c4fc 167bdb15
[    2.167783] random 0000 0000 0000 2ee4c4fc 167bdb15: trying to extract 64 bits from nonblocking
[    2.167785] random 0000 0000 0000 2ee4c4fc 167bdb15: debiting 64 entropy credits from nonblocking (unlimited)
[    2.167787] random 0000 0000 0000 2ee4c4fc 167bdb15: extract_entropy account returned: 8 
[    2.167790] random 0000 0000 0000 2ee4c4fc 167bdb15: urand_change_num 25 extract_buf: pool_sig fffffcbf, data_sig ffffff83, bytes_mixed 20 2ee4c4fc 167bdb15
[    2.167841] PM: Resume from disk failed.
[    2.167880] registered taskstats version 1
[    2.167883] random 0000 0000 0000 2ee4c4fc 167bdb15: rand_read_num 7 get_random_bytes(12): sig fffffc69 2ee4c4fc 167bdb15
[    2.167885] random 0000 0000 0000 2ee4c4fc 167bdb15: extract_entropy(.. 12 ..)
[    2.167887] random 0000 0000 0000 2ee4c4fc 167bdb15: going to reseed nonblocking with 96 bits (96 of 0 requested)
[    2.167890] random 0000 0000 0000 2ee4c4fc 167bdb15: extract_entropy(.. 12 ..)
[    2.167892] random 0000 0000 0000 2ee4c4fc 167bdb15: trying to extract 96 bits from input
[    2.167894] random 0000 0000 0000 2ee4c4fc 167bdb15: debiting 0 entropy credits from input
[    2.167896] random 0000 0000 0000 2ee4c4fc 167bdb15: extract_entropy account returned: 0 
[    2.167898] random 0000 0000 0000 2ee4c4fc 167bdb15: urand_change_num 26 xfer_secondary_pool(12): pool_sig fffffc69, data_sig 00000000, bytes_mixed 0 2ee4c4fc 167bdb15
[    2.167901] random 0000 0000 0000 2ee4c4fc 167bdb15: trying to extract 96 bits from nonblocking
[    2.167903] random 0000 0000 0000 2ee4c4fc 167bdb15: debiting 96 entropy credits from nonblocking (unlimited)
[    2.167905] random 0000 0000 0000 2ee4c4fc 167bdb15: extract_entropy account returned: 12 
[    2.167908] random 0000 0000 0000 2ee4c4fc 167bdb15: urand_change_num 27 extract_buf: pool_sig fffffc69, data_sig ffffff7d, bytes_mixed 20 2ee4c4fc 167bdb15
[    2.167913] random 0000 0000 0000 83b7c1ab 94697f48: urand_change_num 28 extract_buf: pool_sig fffffe30, data_sig fffffdd6, bytes_mixed 20 83b7c1ab 94697f48
[    2.167915] RANDOM - __seed init called.
[    2.167917] RANDOM - __seed init called.
[    2.167918] RANDOM - __seed init called.
[    2.167919] RANDOM - __random32 called. Change num 14.  Value: fc007995	feca4f80	21b38ad2
[    2.167921] RANDOM - random32_reseed called.  Value: fc007995	feca4f80	21b38ad2
[    2.167924] Pid: 1, comm: swapper Not tainted 2.6.32.57 #4
[    2.167925] Call Trace:
[    2.167931]  [<c14a8a0e>] ? printk+0x1d/0x1f
[    2.167935]  [<c17537e5>] random32_reseed+0x89/0xbd
[    2.167938]  [<c1003042>] do_one_initcall+0x32/0x1a0
[    2.167941]  [<c175375c>] ? random32_reseed+0x0/0xbd
[    2.167944]  [<c17308e7>] kernel_init+0x12d/0x17a
[    2.167946]  [<c17307ba>] ? kernel_init+0x0/0x17a
[    2.167950]  [<c1009b07>] kernel_thread_helper+0x7/0x10
[    2.170643] input: AT Translated Set 2 keyboard as /devices/platform/i8042/serio0/input/input1
[    2.170916] random 0000 0000 0000 6db70b00 b30ce96b: rand_read_num 8 get_random_bytes(64): sig fffffb38 6db70b00 b30ce96b
[    2.170920] random 0000 0000 0000 6db70b00 b30ce96b: extract_entropy(.. 64 ..)
[    2.170923] random 0000 0000 0000 6db70b00 b30ce96b: going to reseed nonblocking with 512 bits (512 of 0 requested)
[    2.170925] random 0000 0000 0000 6db70b00 b30ce96b: extract_entropy(.. 64 ..)
[    2.170927] random 0000 0000 0000 6db70b00 b30ce96b: trying to extract 512 bits from input
[    2.170930] random 0000 0000 0000 6db70b00 b30ce96b: debiting 0 entropy credits from input
[    2.170932] random 0000 0000 0000 6db70b00 b30ce96b: extract_entropy account returned: 0 
[    2.170937] random 0000 0000 0000 6db70b00 b30ce96b: urand_change_num 29 xfer_secondary_pool(64): pool_sig fffffb38, data_sig 00000000, bytes_mixed 0 6db70b00 b30ce96b
[    2.170941] random 0000 0000 0000 6db70b00 b30ce96b: trying to extract 512 bits from nonblocking
[    2.170944] random 0000 0000 0000 6db70b00 b30ce96b: debiting 512 entropy credits from nonblocking (unlimited)
[    2.170947] random 0000 0000 0000 6db70b00 b30ce96b: extract_entropy account returned: 64 
[    2.170950] random 0000 0000 0000 6db70b00 b30ce96b: urand_change_num 30 extract_buf: pool_sig fffffb38, data_sig 00000151, bytes_mixed 20 6db70b00 b30ce96b
[    2.170955] random 0000 0000 0000 6db70b00 b30ce96b: urand_change_num 31 extract_buf: pool_sig fffffdb8, data_sig 00000379, bytes_mixed 20 6db70b00 b30ce96b
[    2.170959] random 0000 0000 0000 6b83001e d4b6c0d3: urand_change_num 32 extract_buf: pool_sig ffffffc9, data_sig 00000198, bytes_mixed 20 6b83001e d4b6c0d3
[    2.170964] random 0000 0000 0000 79d3e3c7 be564518: urand_change_num 33 extract_buf: pool_sig 000002b9, data_sig ffffff84, bytes_mixed 20 79d3e3c7 be564518
[    2.170968] random 0000 0000 0000 79d3e3c7 be564518: urand_change_num 34 extract_buf: pool_sig ffffff55, data_sig ffffff5a, bytes_mixed 20 79d3e3c7 be564518
[    2.170973] random 0000 0000 0000 89c03cb2 0d353228: urand_change_num 35 extract_buf: pool_sig 00000007, data_sig ffffff17, bytes_mixed 20 89c03cb2 0d353228
[    2.170977] random 0000 0000 0000 89c03cb2 0d353228: urand_change_num 36 extract_buf: pool_sig fffffdae, data_sig 000000db, bytes_mixed 20 89c03cb2 0d353228  Magic number: 13:506:452
[    2.171078] rtc_cmos 00:04: setting system clock to 2013-05-24 22:25:11 UTC (1369434311)
[    2.171080] BIOS EDD facility v0.16 2004-Jun-25, 0 devices found
[    2.171082] EDD information not available.
[    2.171107] random 0000 0000 0000 8ca62387 b120332c: rand_read_num 9 get_random_bytes(64): sig fffffed6 8ca62387 b120332c
[    2.171110] random 0000 0000 0000 8ca62387 b120332c: extract_entropy(.. 64 ..)
[    2.171112] random 0000 0000 0000 8ca62387 b120332c: going to reseed nonblocking with 512 bits (512 of 0 requested)
[    2.171115] random 0000 0000 0000 8ca62387 b120332c: extract_entropy(.. 64 ..)
[    2.171117] random 0000 0000 0000 8ca62387 b120332c: trying to extract 512 bits from input
[    2.171119] random 0000 0000 0000 8ca62387 b120332c: debiting 0 entropy credits from input
[    2.171121] random 0000 0000 0000 8ca62387 b120332c: extract_entropy account returned: 0 
[    2.171124] random 0000 0000 0000 8ca62387 b120332c: urand_change_num 37 xfer_secondary_pool(64): pool_sig fffffed6, data_sig 00000000, bytes_mixed 0 8ca62387 b120332c
[    2.171127] random 0000 0000 0000 8ca62387 b120332c: trying to extract 512 bits from nonblocking
[    2.171129] random 0000 0000 0000 8ca62387 b120332c: debiting 512 entropy credits from nonblocking (unlimited)
[    2.171132] random 0000 0000 0000 8ca62387 b120332c: extract_entropy account returned: 64 
[    2.171135] random 0000 0000 0000 8ca62387 b120332c: urand_change_num 38 extract_buf: pool_sig fffffed6, data_sig fffffeb6, bytes_mixed 20 8ca62387 b120332c
[    2.171139] random 0000 0000 0000 90702413 e2a66c2e: urand_change_num 39 extract_buf: pool_sig fffffbb0, data_sig 0000012e, bytes_mixed 20 90702413 e2a66c2e
[    2.171144] random 0000 0000 0000 90702413 e2a66c2e: urand_change_num 40 extract_buf: pool_sig fffffaf1, data_sig ffffff3c, bytes_mixed 20 90702413 e2a66c2e
[    2.171148] random 0000 0000 0000 3f58038b c77aecb6: urand_change_num 41 extract_buf: pool_sig 00000234, data_sig fffffdec, bytes_mixed 20 3f58038b c77aecb6
[    2.171153] random 0000 0000 0000 47187b9d 03f21510: urand_change_num 42 extract_buf: pool_sig 00000192, data_sig 00000075, bytes_mixed 20 47187b9d 03f21510
[    2.171157] random 0000 0000 0000 47187b9d 03f21510: urand_change_num 43 extract_buf: pool_sig 0000018e, data_sig ffffffbf, bytes_mixed 20 47187b9d 03f21510
[    2.171162] random 0000 0000 0000 3180b1fc 0fa9c973: urand_change_num 44 extract_buf: pool_sig fffffecf, data_sig ffffff2a, bytes_mixed 20 3180b1fc 0fa9c973
[    2.171164] BEGIN NET_SECRET:
[    2.171166] \xffffff87
[    2.171167] \xffffff8d
[    2.171168] \xfffffff4
[    2.171169] \xffffffae
[    2.171170] \xffffffc3
[    2.171172] \xffffffb7
[    2.171173] \x31
[    2.171174] \x65
[    2.171175] \xffffffda
[    2.171176] \xffffffa2
[    2.171177] \x31
[    2.171179] \xffffffc8
[    2.171180] \xffffffa9
[    2.171181] \x76
[    2.171182] \x76
[    2.171183] \xffffff90
[    2.171184] \x55
[    2.171185] \xfffffff3
[    2.171187] \xffffffb1
[    2.171188] \x3
[    2.171189] \xffffffb3
[    2.171190] \xffffffa7
[    2.171191] \x5a
[    2.171192] \x71
[    2.171194] \x70
[    2.171195] \xffffff8c
[    2.171196] \x56
[    2.171197] \x25
[    2.171198] \xffffffe1
[    2.171199] \x4c
[    2.171200] \xffffffe6
[    2.171202] \xffffff95
[    2.171203] \x67
[    2.171204] \x4c
[    2.171205] \xffffffb9
[    2.171206] \x1d
[    2.171207] \xe
[    2.171208] \x34
[    2.171209] \xffffffbe
[    2.171211] \x12
[    2.171212] \x5
[    2.171213] \xffffff98
[    2.171214] \xffffffa0
[    2.171215] \xf
[    2.171216] \xffffffb2
[    2.171218] \xffffffde
[    2.171219] \xffffff99
[    2.171220] \xf
[    2.171221] \xffffffe8
[    2.171222] \xffffffc8
[    2.171223] \x1f
[    2.171224] \x54
[    2.171226] \x2c
[    2.171227] \xffffffee
[    2.171228] \x2e
[    2.171229] \x0
[    2.171230] \xffffff95
[    2.171231] \x0
[    2.171232] \xffffffe3
[    2.171234] \xffffffa7
[    2.171235] \xfffffffd
[    2.171236] \x66
[    2.171237] \xffffff92
[    2.171238] \xfffffff0
[    2.171239] 
[    2.171240] END NET_SECRET
[    2.171243] random 0000 0000 0000 3180b1fc 0fa9c973: rand_read_num 10 get_random_bytes(4): sig ffffff46 3180b1fc 0fa9c973
[    2.171245] random 0000 0000 0000 3180b1fc 0fa9c973: extract_entropy(.. 4 ..)
[    2.171248] random 0000 0000 0000 3180b1fc 0fa9c973: going to reseed nonblocking with 64 bits (32 of 0 requested)
[    2.171250] random 0000 0000 0000 3180b1fc 0fa9c973: extract_entropy(.. 8 ..)
[    2.171252] random 0000 0000 0000 3180b1fc 0fa9c973: trying to extract 64 bits from input
[    2.171254] random 0000 0000 0000 3180b1fc 0fa9c973: debiting 0 entropy credits from input
[    2.171256] random 0000 0000 0000 3180b1fc 0fa9c973: extract_entropy account returned: 0 
[    2.171259] random 0000 0000 0000 3180b1fc 0fa9c973: urand_change_num 45 xfer_secondary_pool(4): pool_sig ffffff46, data_sig 00000000, bytes_mixed 0 3180b1fc 0fa9c973
[    2.171262] random 0000 0000 0000 3180b1fc 0fa9c973: trying to extract 32 bits from nonblocking
[    2.171264] random 0000 0000 0000 3180b1fc 0fa9c973: debiting 32 entropy credits from nonblocking (unlimited)
[    2.171267] random 0000 0000 0000 3180b1fc 0fa9c973: extract_entropy account returned: 4 
[    2.171270] random 0000 0000 0000 3180b1fc 0fa9c973: urand_change_num 46 extract_buf: pool_sig ffffff46, data_sig 0000001b, bytes_mixed 20 3180b1fc 0fa9c973
[    2.343925] ata2.00: ATAPI: VMware Virtual IDE CDROM Drive, 00000001, max UDMA/33
[    2.344204] ata2.00: configured for UDMA/33
[    2.344584] scsi 1:0:0:0: CD-ROM            NECVMWar VMware IDE CDR10 1.00 PQ: 0 ANSI: 5
[    2.345815] sr0: scsi3-mmc drive: 306x/306x cd/rw xa/form2 cdda tray
[    2.345818] Uniform CD-ROM driver Revision: 3.20
[    2.345869] sr 1:0:0:0: Attached scsi CD-ROM sr0
[    2.345906] sr 1:0:0:0: Attached scsi generic sg0 type 5
[    2.345944] Freeing unused kernel memory: 652k freed
[    2.345994] Write protecting the kernel text: 4840k
[    2.346025] Write protecting the kernel read-only data: 1968k
[    2.346112] random 0000 0000 0000 38974d2b 1d8d6de0: rand_read_num 11 get_random_bytes(16): sig 000001c6 38974d2b 1d8d6de0
