[    0.000000] random 0000 0000 0000 00000000 00000000: rand_read_num 1 get_random_bytes(8): sig 00000000 00000000 00000000
[    0.000000] random 0000 0000 0000 00000000 00000000: extract_entropy(.. 8 ..)
[    0.000000] random 0000 0000 0000 00000000 00000000: going to reseed nonblocking with 64 bits (64 of 0 requested)
[    0.000000] random 0000 0000 0000 00000000 00000000: extract_entropy(.. 8 ..)
[    0.000000] random 0000 0000 0000 00000000 00000000: trying to extract 64 bits from input
[    0.000000] random 0000 0000 0000 00000000 00000000: debiting 0 entropy credits from input
[    0.000000] random 0000 0000 0000 00000000 00000000: extract_entropy account returned: 0 
[    0.000000] random 0000 0000 0000 00000000 00000000: urand_change_num 1 xfer_secondary_pool(8): pool_sig 00000000, data_sig 00000000, bytes_mixed 0 00000000 00000000
[    0.000000] random 0000 0000 0000 00000000 00000000: trying to extract 64 bits from nonblocking
[    0.000000] random 0000 0000 0000 00000000 00000000: debiting 64 entropy credits from nonblocking (unlimited)
[    0.000000] random 0000 0000 0000 00000000 00000000: extract_entropy account returned: 8 
[    0.000000] random 0000 0000 0000 00000000 00000000: urand_change_num 2 extract_buf: pool_sig 00000000, data_sig fffffff9, bytes_mixed 20 00000000 00000000
[    0.000000] Initializing cgroup subsys cpuset
[    0.000000] Initializing cgroup subsys cpu
[    0.000000] Linux version 2.6.32.57 (dcashman@ubuntu) (gcc version 4.6.3 (Ubuntu/Linaro 4.6.3-1ubuntu5) ) #4 SMP Fri May 24 11:09:26 PDT 2013
[    0.000000] KERNEL supported cpus:
[    0.000000]   Intel GenuineIntel
[    0.000000]   AMD AuthenticAMD
[    0.000000]   NSC Geode by NSC
[    0.000000]   Cyrix CyrixInstead
[    0.000000]   Centaur CentaurHauls
[    0.000000]   Transmeta GenuineTMx86
[    0.000000]   Transmeta TransmetaCPU
[    0.000000]   UMC UMC UMC UMC
[    0.000000] BIOS-provided physical RAM map:
[    0.000000]  BIOS-e820: 0000000000000000 - 000000000009f000 (usable)
[    0.000000]  BIOS-e820: 000000000009f000 - 00000000000a0000 (reserved)
[    0.000000]  BIOS-e820: 00000000000ca000 - 00000000000cc000 (reserved)
[    0.000000]  BIOS-e820: 00000000000dc000 - 0000000000100000 (reserved)
[    0.000000]  BIOS-e820: 0000000000100000 - 000000003fee0000 (usable)
[    0.000000]  BIOS-e820: 000000003fee0000 - 000000003feff000 (ACPI data)
[    0.000000]  BIOS-e820: 000000003feff000 - 000000003ff00000 (ACPI NVS)
[    0.000000]  BIOS-e820: 000000003ff00000 - 0000000040000000 (usable)
[    0.000000]  BIOS-e820: 00000000e0000000 - 00000000f0000000 (reserved)
[    0.000000]  BIOS-e820: 00000000fec00000 - 00000000fec10000 (reserved)
[    0.000000]  BIOS-e820: 00000000fee00000 - 00000000fee01000 (reserved)
[    0.000000]  BIOS-e820: 00000000fffe0000 - 0000000100000000 (reserved)
[    0.000000] DMI present.
[    0.000000] Phoenix BIOS detected: BIOS may corrupt low RAM, working around it.
[    0.000000] e820 update range: 0000000000000000 - 0000000000010000 (usable) ==> (reserved)
[    0.000000] last_pfn = 0x40000 max_arch_pfn = 0x1000000
[    0.000000] MTRR default type: uncachable
[    0.000000] MTRR fixed ranges enabled:
[    0.000000]   00000-9FFFF write-back
[    0.000000]   A0000-BFFFF uncachable
[    0.000000]   C0000-CBFFF write-protect
[    0.000000]   CC000-EFFFF uncachable
[    0.000000]   F0000-FFFFF write-protect
[    0.000000] MTRR variable ranges enabled:
[    0.000000]   0 base 0000000000 mask FFC0000000 write-back
[    0.000000]   1 disabled
[    0.000000]   2 disabled
[    0.000000]   3 disabled
[    0.000000]   4 disabled
[    0.000000]   5 disabled
[    0.000000]   6 disabled
[    0.000000]   7 disabled
[    0.000000] x86 PAT enabled: cpu 0, old 0x0, new 0x7010600070106
[    0.000000] Scanning 0 areas for low memory corruption
[    0.000000] modified physical RAM map:
[    0.000000]  modified: 0000000000000000 - 0000000000010000 (reserved)
[    0.000000]  modified: 0000000000010000 - 000000000009f000 (usable)
[    0.000000]  modified: 000000000009f000 - 00000000000a0000 (reserved)
[    0.000000]  modified: 00000000000ca000 - 00000000000cc000 (reserved)
[    0.000000]  modified: 00000000000dc000 - 0000000000100000 (reserved)
[    0.000000]  modified: 0000000000100000 - 000000003fee0000 (usable)
[    0.000000]  modified: 000000003fee0000 - 000000003feff000 (ACPI data)
[    0.000000]  modified: 000000003feff000 - 000000003ff00000 (ACPI NVS)
[    0.000000]  modified: 000000003ff00000 - 0000000040000000 (usable)
[    0.000000]  modified: 00000000e0000000 - 00000000f0000000 (reserved)
[    0.000000]  modified: 00000000fec00000 - 00000000fec10000 (reserved)
[    0.000000]  modified: 00000000fee00000 - 00000000fee01000 (reserved)
[    0.000000]  modified: 00000000fffe0000 - 0000000100000000 (reserved)
[    0.000000] initial memory mapped : 0 - 01e00000
[    0.000000] init_memory_mapping: 0000000000000000-00000000379fe000
[    0.000000] NX (Execute Disable) protection: active
[    0.000000]  0000000000 - 0000200000 page 4k
[    0.000000]  0000200000 - 0037800000 page 2M
[    0.000000]  0037800000 - 00379fe000 page 4k
[    0.000000] kernel direct mapping tables up to 379fe000 @ 10000-16000
[    0.000000] RAMDISK: 2dcfc000 - 32e758c3
[    0.000000] ACPI: RSDP 000f6b80 00024 (v02 PTLTD )
[    0.000000] ACPI: XSDT 3feed636 0005C (v01 INTEL  440BX    06040000 VMW  01324272)
[    0.000000] ACPI: FACP 3fefee98 000F4 (v04 INTEL  440BX    06040000 PTL  000F4240)
[    0.000000] ACPI: DSDT 3feee366 10B32 (v01 PTLTD  Custom   06040000 MSFT 03000001)
[    0.000000] ACPI: FACS 3fefffc0 00040
[    0.000000] ACPI: BOOT 3feee33e 00028 (v01 PTLTD  $SBFTBL$ 06040000  LTP 00000001)
[    0.000000] ACPI: APIC 3feedc3e 003C2 (v01 PTLTD  ? APIC   06040000  LTP 00000000)
[    0.000000] ACPI: MCFG 3feedc02 0003C (v01 PTLTD  $PCITBL$ 06040000  LTP 00000001)
[    0.000000] ACPI: SRAT 3feed732 004D0 (v02 VMWARE MEMPLUG  06040000 VMW  00000001)
[    0.000000] ACPI: HPET 3feed6fa 00038 (v01 VMWARE VMW HPET 06040000 VMW  00000001)
[    0.000000] ACPI: WAET 3feed6d2 00028 (v01 VMWARE VMW WAET 06040000 VMW  00000001)
[    0.000000] ACPI: Local APIC address 0xfee00000
[    0.000000] 134MB HIGHMEM available.
[    0.000000] 889MB LOWMEM available.
[    0.000000]   mapped low ram: 0 - 379fe000
[    0.000000]   low ram: 0 - 379fe000
[    0.000000]   node 0 low ram: 00000000 - 379fe000
[    0.000000]   node 0 bootmap 00012000 - 00018f40
[    0.000000] (9 early reservations) ==> bootmem [0000000000 - 00379fe000]
[    0.000000]   #0 [0000000000 - 0000001000]   BIOS data page ==> [0000000000 - 0000001000]
[    0.000000]   #1 [0000001000 - 0000002000]    EX TRAMPOLINE ==> [0000001000 - 0000002000]
[    0.000000]   #2 [0000006000 - 0000007000]       TRAMPOLINE ==> [0000006000 - 0000007000]
[    0.000000]   #3 [0001000000 - 0001a75ff8]    TEXT DATA BSS ==> [0001000000 - 0001a75ff8]
[    0.000000]   #4 [002dcfc000 - 0032e758c3]          RAMDISK ==> [002dcfc000 - 0032e758c3]
[    0.000000]   #5 [000009f000 - 0000100000]    BIOS reserved ==> [000009f000 - 0000100000]
[    0.000000]   #6 [0001a76000 - 0001a851c0]              BRK ==> [0001a76000 - 0001a851c0]
[    0.000000]   #7 [0000010000 - 0000012000]          PGTABLE ==> [0000010000 - 0000012000]
[    0.000000]   #8 [0000012000 - 0000019000]          BOOTMAP ==> [0000012000 - 0000019000]
[    0.000000] found SMP MP-table at [c00f6bf0] f6bf0
[    0.000000] Zone PFN ranges:
[    0.000000]   DMA      0x00000010 -> 0x00001000
[    0.000000]   Normal   0x00001000 -> 0x000379fe
[    0.000000]   HighMem  0x000379fe -> 0x00040000
[    0.000000] Movable zone start PFN for each node
[    0.000000] early_node_map[3] active PFN ranges
[    0.000000]     0: 0x00000010 -> 0x0000009f
[    0.000000]     0: 0x00000100 -> 0x0003fee0
[    0.000000]     0: 0x0003ff00 -> 0x00040000
[    0.000000] On node 0 totalpages: 261999
[    0.000000] free_area_init_node: node 0, pgdat c1715200, node_mem_map c1a87200
[    0.000000]   DMA zone: 32 pages used for memmap
[    0.000000]   DMA zone: 0 pages reserved
[    0.000000]   DMA zone: 3951 pages, LIFO batch:0
[    0.000000]   Normal zone: 1748 pages used for memmap
[    0.000000]   Normal zone: 221994 pages, LIFO batch:31
[    0.000000]   HighMem zone: 269 pages used for memmap
[    0.000000]   HighMem zone: 34005 pages, LIFO batch:7
[    0.000000] Using APIC driver default
[    0.000000] ACPI: PM-Timer IO Port: 0x1008
[    0.000000] ACPI: Local APIC address 0xfee00000
[    0.000000] ACPI: LAPIC (acpi_id[0x00] lapic_id[0x00] enabled)
[    0.000000] ACPI: LAPIC (acpi_id[0x01] lapic_id[0x02] disabled)
[    0.000000] ACPI: LAPIC (acpi_id[0x02] lapic_id[0x04] disabled)
[    0.000000] ACPI: LAPIC (acpi_id[0x03] lapic_id[0x06] disabled)
[    0.000000] ACPI: LAPIC (acpi_id[0x04] lapic_id[0x08] disabled)
[    0.000000] ACPI: LAPIC (acpi_id[0x05] lapic_id[0x0a] disabled)
[    0.000000] ACPI: LAPIC (acpi_id[0x06] lapic_id[0x0c] disabled)
[    0.000000] ACPI: LAPIC (acpi_id[0x07] lapic_id[0x0e] disabled)
[    0.000000] ACPI: LAPIC (acpi_id[0x08] lapic_id[0x10] disabled)
[    0.000000] ACPI: LAPIC (acpi_id[0x09] lapic_id[0x12] disabled)
[    0.000000] ACPI: LAPIC (acpi_id[0x0a] lapic_id[0x14] disabled)
[    0.000000] ACPI: LAPIC (acpi_id[0x0b] lapic_id[0x16] disabled)
[    0.000000] ACPI: LAPIC (acpi_id[0x0c] lapic_id[0x18] disabled)
[    0.000000] ACPI: LAPIC (acpi_id[0x0d] lapic_id[0x1a] disabled)
[    0.000000] ACPI: LAPIC (acpi_id[0x0e] lapic_id[0x1c] disabled)
[    0.000000] ACPI: LAPIC (acpi_id[0x0f] lapic_id[0x1e] disabled)
[    0.000000] ACPI: LAPIC (acpi_id[0x10] lapic_id[0x20] disabled)
[    0.000000] ACPI: LAPIC (acpi_id[0x11] lapic_id[0x22] disabled)
[    0.000000] ACPI: LAPIC (acpi_id[0x12] lapic_id[0x24] disabled)
[    0.000000] ACPI: LAPIC (acpi_id[0x13] lapic_id[0x26] disabled)
[    0.000000] ACPI: LAPIC (acpi_id[0x14] lapic_id[0x28] disabled)
[    0.000000] ACPI: LAPIC (acpi_id[0x15] lapic_id[0x2a] disabled)
[    0.000000] ACPI: LAPIC (acpi_id[0x16] lapic_id[0x2c] disabled)
[    0.000000] ACPI: LAPIC (acpi_id[0x17] lapic_id[0x2e] disabled)
[    0.000000] ACPI: LAPIC (acpi_id[0x18] lapic_id[0x30] disabled)
[    0.000000] ACPI: LAPIC (acpi_id[0x19] lapic_id[0x32] disabled)
[    0.000000] ACPI: LAPIC (acpi_id[0x1a] lapic_id[0x34] disabled)
[    0.000000] ACPI: LAPIC (acpi_id[0x1b] lapic_id[0x36] disabled)
[    0.000000] ACPI: LAPIC (acpi_id[0x1c] lapic_id[0x38] disabled)
[    0.000000] ACPI: LAPIC (acpi_id[0x1d] lapic_id[0x3a] disabled)
[    0.000000] ACPI: LAPIC (acpi_id[0x1e] lapic_id[0x3c] disabled)
[    0.000000] ACPI: LAPIC (acpi_id[0x1f] lapic_id[0x3e] disabled)
[    0.000000] ACPI: LAPIC (acpi_id[0x20] lapic_id[0x40] disabled)
[    0.000000] ACPI: LAPIC (acpi_id[0x21] lapic_id[0x42] disabled)
[    0.000000] ACPI: LAPIC (acpi_id[0x22] lapic_id[0x44] disabled)
[    0.000000] ACPI: LAPIC (acpi_id[0x23] lapic_id[0x46] disabled)
[    0.000000] ACPI: LAPIC (acpi_id[0x24] lapic_id[0x48] disabled)
[    0.000000] ACPI: LAPIC (acpi_id[0x25] lapic_id[0x4a] disabled)
[    0.000000] ACPI: LAPIC (acpi_id[0x26] lapic_id[0x4c] disabled)
[    0.000000] ACPI: LAPIC (acpi_id[0x27] lapic_id[0x4e] disabled)
[    0.000000] ACPI: LAPIC (acpi_id[0x28] lapic_id[0x50] disabled)
[    0.000000] ACPI: LAPIC (acpi_id[0x29] lapic_id[0x52] disabled)
[    0.000000] ACPI: LAPIC (acpi_id[0x2a] lapic_id[0x54] disabled)
[    0.000000] ACPI: LAPIC (acpi_id[0x2b] lapic_id[0x56] disabled)
[    0.000000] ACPI: LAPIC (acpi_id[0x2c] lapic_id[0x58] disabled)
[    0.000000] ACPI: LAPIC (acpi_id[0x2d] lapic_id[0x5a] disabled)
[    0.000000] ACPI: LAPIC (acpi_id[0x2e] lapic_id[0x5c] disabled)
[    0.000000] ACPI: LAPIC (acpi_id[0x2f] lapic_id[0x5e] disabled)
[    0.000000] ACPI: LAPIC (acpi_id[0x30] lapic_id[0x60] disabled)
[    0.000000] ACPI: LAPIC (acpi_id[0x31] lapic_id[0x62] disabled)
[    0.000000] ACPI: LAPIC (acpi_id[0x32] lapic_id[0x64] disabled)
[    0.000000] ACPI: LAPIC (acpi_id[0x33] lapic_id[0x66] disabled)
[    0.000000] ACPI: LAPIC (acpi_id[0x34] lapic_id[0x68] disabled)
[    0.000000] ACPI: LAPIC (acpi_id[0x35] lapic_id[0x6a] disabled)
[    0.000000] ACPI: LAPIC (acpi_id[0x36] lapic_id[0x6c] disabled)
[    0.000000] ACPI: LAPIC (acpi_id[0x37] lapic_id[0x6e] disabled)
[    0.000000] ACPI: LAPIC (acpi_id[0x38] lapic_id[0x70] disabled)
[    0.000000] ACPI: LAPIC (acpi_id[0x39] lapic_id[0x72] disabled)
[    0.000000] ACPI: LAPIC (acpi_id[0x3a] lapic_id[0x74] disabled)
[    0.000000] ACPI: LAPIC (acpi_id[0x3b] lapic_id[0x76] disabled)
[    0.000000] ACPI: LAPIC (acpi_id[0x3c] lapic_id[0x78] disabled)
[    0.000000] ACPI: LAPIC (acpi_id[0x3d] lapic_id[0x7a] disabled)
[    0.000000] ACPI: LAPIC (acpi_id[0x3e] lapic_id[0x7c] disabled)
[    0.000000] ACPI: LAPIC (acpi_id[0x3f] lapic_id[0x7e] disabled)
[    0.000000] ACPI: LAPIC_NMI (acpi_id[0x00] high edge lint[0x1])
[    0.000000] ACPI: LAPIC_NMI (acpi_id[0x01] high edge lint[0x1])
[    0.000000] ACPI: LAPIC_NMI (acpi_id[0x02] high edge lint[0x1])
[    0.000000] ACPI: LAPIC_NMI (acpi_id[0x03] high edge lint[0x1])
[    0.000000] ACPI: LAPIC_NMI (acpi_id[0x04] high edge lint[0x1])
[    0.000000] ACPI: LAPIC_NMI (acpi_id[0x05] high edge lint[0x1])
[    0.000000] ACPI: LAPIC_NMI (acpi_id[0x06] high edge lint[0x1])
[    0.000000] ACPI: LAPIC_NMI (acpi_id[0x07] high edge lint[0x1])
[    0.000000] ACPI: LAPIC_NMI (acpi_id[0x08] high edge lint[0x1])
[    0.000000] ACPI: LAPIC_NMI (acpi_id[0x09] high edge lint[0x1])
[    0.000000] ACPI: LAPIC_NMI (acpi_id[0x0a] high edge lint[0x1])
[    0.000000] ACPI: LAPIC_NMI (acpi_id[0x0b] high edge lint[0x1])
[    0.000000] ACPI: LAPIC_NMI (acpi_id[0x0c] high edge lint[0x1])
[    0.000000] ACPI: LAPIC_NMI (acpi_id[0x0d] high edge lint[0x1])
[    0.000000] ACPI: LAPIC_NMI (acpi_id[0x0e] high edge lint[0x1])
[    0.000000] ACPI: LAPIC_NMI (acpi_id[0x0f] high edge lint[0x1])
[    0.000000] ACPI: LAPIC_NMI (acpi_id[0x10] high edge lint[0x1])
[    0.000000] ACPI: LAPIC_NMI (acpi_id[0x11] high edge lint[0x1])
[    0.000000] ACPI: LAPIC_NMI (acpi_id[0x12] high edge lint[0x1])
[    0.000000] ACPI: LAPIC_NMI (acpi_id[0x13] high edge lint[0x1])
[    0.000000] ACPI: LAPIC_NMI (acpi_id[0x14] high edge lint[0x1])
[    0.000000] ACPI: LAPIC_NMI (acpi_id[0x15] high edge lint[0x1])
[    0.000000] ACPI: LAPIC_NMI (acpi_id[0x16] high edge lint[0x1])
[    0.000000] ACPI: LAPIC_NMI (acpi_id[0x17] high edge lint[0x1])
[    0.000000] ACPI: LAPIC_NMI (acpi_id[0x18] high edge lint[0x1])
[    0.000000] ACPI: LAPIC_NMI (acpi_id[0x19] high edge lint[0x1])
[    0.000000] ACPI: LAPIC_NMI (acpi_id[0x1a] high edge lint[0x1])
[    0.000000] ACPI: LAPIC_NMI (acpi_id[0x1b] high edge lint[0x1])
[    0.000000] ACPI: LAPIC_NMI (acpi_id[0x1c] high edge lint[0x1])
[    0.000000] ACPI: LAPIC_NMI (acpi_id[0x1d] high edge lint[0x1])
[    0.000000] ACPI: LAPIC_NMI (acpi_id[0x1e] high edge lint[0x1])
[    0.000000] ACPI: LAPIC_NMI (acpi_id[0x1f] high edge lint[0x1])
[    0.000000] ACPI: LAPIC_NMI (acpi_id[0x20] high edge lint[0x1])
[    0.000000] ACPI: LAPIC_NMI (acpi_id[0x21] high edge lint[0x1])
[    0.000000] ACPI: LAPIC_NMI (acpi_id[0x22] high edge lint[0x1])
[    0.000000] ACPI: LAPIC_NMI (acpi_id[0x23] high edge lint[0x1])
[    0.000000] ACPI: LAPIC_NMI (acpi_id[0x24] high edge lint[0x1])
[    0.000000] ACPI: LAPIC_NMI (acpi_id[0x25] high edge lint[0x1])
[    0.000000] ACPI: LAPIC_NMI (acpi_id[0x26] high edge lint[0x1])
[    0.000000] ACPI: LAPIC_NMI (acpi_id[0x27] high edge lint[0x1])
[    0.000000] ACPI: LAPIC_NMI (acpi_id[0x28] high edge lint[0x1])
[    0.000000] ACPI: LAPIC_NMI (acpi_id[0x29] high edge lint[0x1])
[    0.000000] ACPI: LAPIC_NMI (acpi_id[0x2a] high edge lint[0x1])
[    0.000000] ACPI: LAPIC_NMI (acpi_id[0x2b] high edge lint[0x1])
[    0.000000] ACPI: LAPIC_NMI (acpi_id[0x2c] high edge lint[0x1])
[    0.000000] ACPI: LAPIC_NMI (acpi_id[0x2d] high edge lint[0x1])
[    0.000000] ACPI: LAPIC_NMI (acpi_id[0x2e] high edge lint[0x1])
[    0.000000] ACPI: LAPIC_NMI (acpi_id[0x2f] high edge lint[0x1])
[    0.000000] ACPI: LAPIC_NMI (acpi_id[0x30] high edge lint[0x1])
[    0.000000] ACPI: LAPIC_NMI (acpi_id[0x31] high edge lint[0x1])
[    0.000000] ACPI: LAPIC_NMI (acpi_id[0x32] high edge lint[0x1])
[    0.000000] ACPI: LAPIC_NMI (acpi_id[0x33] high edge lint[0x1])
[    0.000000] ACPI: LAPIC_NMI (acpi_id[0x34] high edge lint[0x1])
[    0.000000] ACPI: LAPIC_NMI (acpi_id[0x35] high edge lint[0x1])
[    0.000000] ACPI: LAPIC_NMI (acpi_id[0x36] high edge lint[0x1])
[    0.000000] ACPI: LAPIC_NMI (acpi_id[0x37] high edge lint[0x1])
[    0.000000] ACPI: LAPIC_NMI (acpi_id[0x38] high edge lint[0x1])
[    0.000000] ACPI: LAPIC_NMI (acpi_id[0x39] high edge lint[0x1])
[    0.000000] ACPI: LAPIC_NMI (acpi_id[0x3a] high edge lint[0x1])
[    0.000000] ACPI: LAPIC_NMI (acpi_id[0x3b] high edge lint[0x1])
[    0.000000] ACPI: LAPIC_NMI (acpi_id[0x3c] high edge lint[0x1])
[    0.000000] ACPI: LAPIC_NMI (acpi_id[0x3d] high edge lint[0x1])
[    0.000000] ACPI: LAPIC_NMI (acpi_id[0x3e] high edge lint[0x1])
[    0.000000] ACPI: LAPIC_NMI (acpi_id[0x3f] high edge lint[0x1])
[    0.000000] ACPI: Skipping IOAPIC probe due to 'noapic' option.
[    0.000000] Using ACPI for processor (LAPIC) configuration information
[    0.000000] ACPI: HPET id: 0x8086af01 base: 0xfed00000
[    0.000000] Intel MultiProcessor Specification v1.4
[    0.000000]     Virtual Wire compatibility mode.
[    0.000000] MPTABLE: OEM ID: INTEL   
[    0.000000] MPTABLE: Product ID: 440BX       
[    0.000000] MPTABLE: APIC at: 0xFEE00000
[    0.000000] I/O APIC #1 Version 17 at 0xFEC00000.
[    0.000000] Processors: 1
[    0.000000] 64 Processors exceeds NR_CPUS limit of 8
[    0.000000] SMP: Allowing 8 CPUs, 7 hotplug CPUs
[    0.000000] nr_irqs_gsi: 24
[    0.000000] PM: Registered nosave memory: 000000000009f000 - 00000000000a0000
[    0.000000] PM: Registered nosave memory: 00000000000a0000 - 00000000000ca000
[    0.000000] PM: Registered nosave memory: 00000000000ca000 - 00000000000cc000
[    0.000000] PM: Registered nosave memory: 00000000000cc000 - 00000000000dc000
[    0.000000] PM: Registered nosave memory: 00000000000dc000 - 0000000000100000
[    0.000000] Allocating PCI resources starting at 40000000 (gap: 40000000:a0000000)
[    0.000000] Booting paravirtualized kernel on bare hardware
[    0.000000] NR_CPUS:8 nr_cpumask_bits:8 nr_cpu_ids:8 nr_node_ids:1
[    0.000000] PERCPU: Embedded 15 pages/cpu @c2400000 s39320 r0 d22120 u262144
[    0.000000] pcpu-alloc: s39320 r0 d22120 u262144 alloc=1*2097152
[    0.000000] pcpu-alloc: [0] 0 1 2 3 4 5 6 7 
[    0.000000] Built 1 zonelists in Zone order, mobility grouping on.  Total pages: 259950
[    0.000000] Kernel command line: BOOT_IMAGE=/boot/vmlinuz-2.6.32.57 root=UUID=007b598c-390d-4c65-84a1-4ff752d48633 ro quiet splash maxcpus=0
[    0.000000] PID hash table entries: 4096 (order: 2, 16384 bytes)
[    0.000000] Dentry cache hash table entries: 131072 (order: 7, 524288 bytes)
[    0.000000] Inode-cache hash table entries: 65536 (order: 6, 262144 bytes)
[    0.000000] Enabling fast FPU save and restore... done.
[    0.000000] Enabling unmasked SIMD FPU exception support... done.
[    0.000000] Initializing CPU#0
[    0.000000] xsave/xrstor: enabled xstate_bv 0x7, cntxt size 0x340
[    0.000000] allocated 5242560 bytes of page_cgroup
[    0.000000] please try 'cgroup_disable=memory' option if you don't want memory cgroups
[    0.000000] Initializing HighMem for node 0 (000379fe:00040000)
[    0.000000] Memory: 938260k/1048576k available (4839k kernel code, 108848k reserved, 2518k data, 652k init, 137096k highmem)
[    0.000000] virtual kernel memory layout:
[    0.000000]     fixmap  : 0xfff1e000 - 0xfffff000   ( 900 kB)
[    0.000000]     pkmap   : 0xffa00000 - 0xffc00000   (2048 kB)
[    0.000000]     vmalloc : 0xf81fe000 - 0xff9fe000   ( 120 MB)
[    0.000000]     lowmem  : 0xc0000000 - 0xf79fe000   ( 889 MB)
[    0.000000]       .init : 0xc1730000 - 0xc17d3000   ( 652 kB)
[    0.000000]       .data : 0xc14b9cce - 0xc172f764   (2518 kB)
[    0.000000]       .text : 0xc1000000 - 0xc14b9cce   (4839 kB)
[    0.000000] Checking if this processor honours the WP bit even in supervisor mode...Ok.
[    0.000000] SLUB: Genslabs=13, HWalign=64, Order=0-3, MinObjects=0, CPUs=8, Nodes=1
[    0.000000] Hierarchical RCU implementation.
[    0.000000] NR_IRQS:2304 nr_irqs:472
[    0.000000] Extended CMOS year: 2000
[    0.000000] Console: colour VGA+ 80x25
[    0.000000] console [tty0] enabled
[    0.000000] hpet clockevent registered
[    0.000000] TSC freq read from hypervisor : 2394.620 MHz
[    0.000000] Detected 2394.620 MHz processor.
[    0.000003] Calibrating delay loop (skipped) preset value.. 4789.24 BogoMIPS (lpj=9578480)
[    0.000011] Security Framework initialized
[    0.000014] SELinux:  Disabled at boot.
[    0.000018] Mount-cache hash table entries: 512
[    0.000115] Initializing cgroup subsys cpuacct
[    0.000118] Initializing cgroup subsys memory
[    0.000121] Initializing cgroup subsys devices
[    0.000123] Initializing cgroup subsys freezer
[    0.000148] CPU: Physical Processor ID: 0
[    0.000155] CPU: L1 I cache: 32K, L1 D cache: 32K
[    0.000156] CPU: L2 cache: 256K
[    0.000157] CPU: L3 cache: 4096K
[    0.000162] mce: CPU supports 0 MCE banks
[    0.000174] Performance Events: no PMU driver, software events only.
[    0.000184] Checking 'hlt' instruction... OK.
[    0.017863] SMP alternatives: switching to UP code
[    0.032038] ACPI: Core revision 20090903
[    0.038125] ACPI: setting ELCR to 0200 (from 0e20)
[    0.039136] ftrace: converting mcount calls to 0f 1f 44 00 00
[    0.039142] ftrace: allocating 22631 entries in 45 pages
[    0.056367] CANARY value: adefc3a8 for PID: 1
[    0.056399] Not enabling x2apic, Intr-remapping init failed.
[    0.056401] Enabling APIC mode:  Flat.  Using 1 I/O APICs
[    0.056409] SMP mode deactivated.
[    0.056435] SMP disabled
[    0.056493] Brought up 1 CPUs
[    0.056494] Total of 1 processors activated (4789.24 BogoMIPS).
[    0.056498] CPU0 attaching NULL sched-domain.
[    0.056570] devtmpfs: initialized
[    0.056680] sysctl table check failed: /kernel/random/now_input .1.40.7 Unknown sysctl binary path
[    0.056937] Pid: 1, comm: swapper Not tainted 2.6.32.57 #4
[    0.056938] Call Trace:
[    0.056943]  [<c14a8a0e>] ? printk+0x1d/0x1f
[    0.056946]  [<c107b56f>] set_fail+0x4f/0x60
[    0.056948]  [<c107b8b3>] sysctl_check_table+0x333/0x620
[    0.056950]  [<c107b8cc>] sysctl_check_table+0x34c/0x620
[    0.056951]  [<c107b8cc>] sysctl_check_table+0x34c/0x620
[    0.056955]  [<c1746d48>] sysctl_init+0x25/0x29
[    0.056958]  [<c1003042>] do_one_initcall+0x32/0x1a0
[    0.056960]  [<c1746d23>] ? sysctl_init+0x0/0x29
[    0.056962]  [<c17308e7>] kernel_init+0x12d/0x17a
[    0.056964]  [<c17307ba>] ? kernel_init+0x0/0x17a
[    0.056967]  [<c1009b07>] kernel_thread_helper+0x7/0x10
[    0.056968] sysctl table check failed: /kernel/random/now_blocking .1.40.8 Unknown sysctl binary path
[    0.057213] Pid: 1, comm: swapper Not tainted 2.6.32.57 #4
[    0.057214] Call Trace:
[    0.057216]  [<c14a8a0e>] ? printk+0x1d/0x1f
[    0.057218]  [<c107b56f>] set_fail+0x4f/0x60
[    0.057219]  [<c107b8b3>] sysctl_check_table+0x333/0x620
[    0.057221]  [<c107b8cc>] sysctl_check_table+0x34c/0x620
[    0.057223]  [<c107b8cc>] sysctl_check_table+0x34c/0x620
[    0.057225]  [<c1746d48>] sysctl_init+0x25/0x29
[    0.057227]  [<c1003042>] do_one_initcall+0x32/0x1a0
[    0.057229]  [<c1746d23>] ? sysctl_init+0x0/0x29
[    0.057230]  [<c17308e7>] kernel_init+0x12d/0x17a
[    0.057232]  [<c17307ba>] ? kernel_init+0x0/0x17a
[    0.057234]  [<c1009b07>] kernel_thread_helper+0x7/0x10
[    0.057235] sysctl table check failed: /kernel/random/now_nonblocking .1.40.9 Unknown sysctl binary path
[    0.057494] Pid: 1, comm: swapper Not tainted 2.6.32.57 #4
[    0.057495] Call Trace:
[    0.057497]  [<c14a8a0e>] ? printk+0x1d/0x1f
[    0.057499]  [<c107b56f>] set_fail+0x4f/0x60
[    0.057500]  [<c107b8b3>] sysctl_check_table+0x333/0x620
[    0.057502]  [<c107b8cc>] sysctl_check_table+0x34c/0x620
[    0.057504]  [<c107b8cc>] sysctl_check_table+0x34c/0x620
[    0.057506]  [<c1746d48>] sysctl_init+0x25/0x29
[    0.057508]  [<c1003042>] do_one_initcall+0x32/0x1a0
[    0.057510]  [<c1746d23>] ? sysctl_init+0x0/0x29
[    0.057512]  [<c17308e7>] kernel_init+0x12d/0x17a
[    0.057513]  [<c17307ba>] ? kernel_init+0x0/0x17a
[    0.057515]  [<c1009b07>] kernel_thread_helper+0x7/0x10
[    0.057516] sysctl table check failed: /kernel/random/nb_input_bytes .1.40.10 Unknown sysctl binary path
[    0.057763] Pid: 1, comm: swapper Not tainted 2.6.32.57 #4
[    0.057763] Call Trace:
[    0.057765]  [<c14a8a0e>] ? printk+0x1d/0x1f
[    0.057766]  [<c107b56f>] set_fail+0x4f/0x60
[    0.057768]  [<c107b8b3>] sysctl_check_table+0x333/0x620
[    0.057770]  [<c107b8cc>] sysctl_check_table+0x34c/0x620
[    0.057771]  [<c107b8cc>] sysctl_check_table+0x34c/0x620
[    0.057774]  [<c1746d48>] sysctl_init+0x25/0x29
[    0.057775]  [<c1003042>] do_one_initcall+0x32/0x1a0
[    0.057777]  [<c1746d23>] ? sysctl_init+0x0/0x29
[    0.057779]  [<c17308e7>] kernel_init+0x12d/0x17a
[    0.057780]  [<c17307ba>] ? kernel_init+0x0/0x17a
[    0.057782]  [<c1009b07>] kernel_thread_helper+0x7/0x10
[    0.057783] sysctl table check failed: /kernel/random/nb_stir_count .1.40.11 Unknown sysctl binary path
[    0.058029] Pid: 1, comm: swapper Not tainted 2.6.32.57 #4
[    0.058030] Call Trace:
[    0.058031]  [<c14a8a0e>] ? printk+0x1d/0x1f
[    0.058033]  [<c107b56f>] set_fail+0x4f/0x60
[    0.058034]  [<c107b8b3>] sysctl_check_table+0x333/0x620
[    0.058036]  [<c107b8cc>] sysctl_check_table+0x34c/0x620
[    0.058038]  [<c107b8cc>] sysctl_check_table+0x34c/0x620
[    0.058040]  [<c1746d48>] sysctl_init+0x25/0x29
[    0.058041]  [<c1003042>] do_one_initcall+0x32/0x1a0
[    0.058044]  [<c1746d23>] ? sysctl_init+0x0/0x29
[    0.058045]  [<c17308e7>] kernel_init+0x12d/0x17a
[    0.058047]  [<c17307ba>] ? kernel_init+0x0/0x17a
[    0.058048]  [<c1009b07>] kernel_thread_helper+0x7/0x10
[    0.058050] sysctl table check failed: /kernel/random/nb_reentry_count .1.40.12 Unknown sysctl binary path
[    0.058306] Pid: 1, comm: swapper Not tainted 2.6.32.57 #4
[    0.058307] Call Trace:
[    0.058309]  [<c14a8a0e>] ? printk+0x1d/0x1f
[    0.058310]  [<c107b56f>] set_fail+0x4f/0x60
[    0.058312]  [<c107b8b3>] sysctl_check_table+0x333/0x620
[    0.058314]  [<c107b8cc>] sysctl_check_table+0x34c/0x620
[    0.058315]  [<c107b8cc>] sysctl_check_table+0x34c/0x620
[    0.058318]  [<c1746d48>] sysctl_init+0x25/0x29
[    0.058319]  [<c1003042>] do_one_initcall+0x32/0x1a0
[    0.058322]  [<c1746d23>] ? sysctl_init+0x0/0x29
[    0.058323]  [<c17308e7>] kernel_init+0x12d/0x17a
[    0.058325]  [<c17307ba>] ? kernel_init+0x0/0x17a
[    0.058326]  [<c1009b07>] kernel_thread_helper+0x7/0x10
[    0.058442] RANDOM - __seed init called.
[    0.058443] RANDOM - __seed init called.
[    0.058444] RANDOM - __seed init called.
[    0.058445] RANDOM - __random32 called. Change num 1.  Value: 7576a435	efb61e22	b7f78320
[    0.058447] RANDOM - __random32 called. Change num 2.  Value: 6a43543e	fb61e228	6410973
[    0.058448] RANDOM - __random32 called. Change num 3.  Value: 3543e018	b61e228b	12e68928
[    0.058449] RANDOM - __random32 called. Change num 4.  Value: 3e018928	61e228b7	1250ba58
[    0.058451] RANDOM - __random32 called. Change num 5.  Value: 189281e4	1e228b73	74b01aad
[    0.058452] RANDOM - __random32 called. Change num 6.  Value: 281e4915	e228b733	355a2619
[    0.058453] RANDOM - random32 init called.  Value: 281e4915	e228b733	355a2619
[    0.058459] regulator: core version 0.5
[    0.058522] Time: 21:07:37  Date: 05/24/13
[    0.058558] NET: Registered protocol family 16
[    0.058623] EISA bus registered
[    0.059408] ACPI: bus type pci registered
[    0.059503] PCI: MCFG configuration 0: base e0000000 segment 0 buses 0 - 255
[    0.059505] PCI: MCFG area at e0000000 reserved in E820
[    0.059506] PCI: Using MMCONFIG for extended config space
[    0.059507] PCI: Using configuration type 1 for base access
[    0.059978] bio: create slab <bio-0> at 0
[    0.062220] ACPI: EC: Look up EC in DSDT
[    0.099155] ACPI: BIOS _OSI(Linux) query ignored
[    0.104997] ACPI: Interpreter enabled
[    0.105000] ACPI: (supports S0 S1 S4 S5)
[    0.105012] ACPI: Using PIC for interrupt routing
[    0.186338] ACPI: No dock devices found.
[    0.187184] ACPI: PCI Root Bridge [PCI0] (0000:00)
[    0.188769] pci 0000:00:07.1: reg 20 io port: [0x10c0-0x10cf]
[    0.189289] pci 0000:00:07.3: quirk: region 1000-103f claimed by PIIX4 ACPI
[    0.189301] pci 0000:00:07.3: quirk: region 1040-104f claimed by PIIX4 SMB
[    0.189860] pci 0000:00:07.7: reg 10 io port: [0x1080-0x10bf]
[    0.190251] pci 0000:00:07.7: reg 14 64bit mmio: [0xc8000000-0xc8001fff]
[    0.191411] pci 0000:00:0f.0: reg 10 io port: [0x10d0-0x10df]
[    0.191449] pci 0000:00:0f.0: reg 14 32bit mmio pref: [0xd0000000-0xd7ffffff]
[    0.191485] pci 0000:00:0f.0: reg 18 32bit mmio: [0xc8800000-0xc8ffffff]
[    0.191621] pci 0000:00:0f.0: reg 30 32bit mmio pref: [0x000000-0x007fff]
[    0.192146] pci 0000:00:10.0: reg 10 io port: [0x1400-0x14ff]
[    0.192520] pci 0000:00:10.0: reg 14 64bit mmio: [0xc8040000-0xc805ffff]
[    0.192867] pci 0000:00:10.0: reg 1c 64bit mmio: [0xc8020000-0xc803ffff]
[    0.192938] pci 0000:00:10.0: reg 30 32bit mmio pref: [0x000000-0x003fff]
[    0.194280] pci 0000:00:15.0: PME# supported from D0 D3hot D3cold
[    0.194299] pci 0000:00:15.0: PME# disabled
[    0.195109] pci 0000:00:15.1: PME# supported from D0 D3hot D3cold
[    0.195129] pci 0000:00:15.1: PME# disabled
[    0.195943] pci 0000:00:15.2: PME# supported from D0 D3hot D3cold
[    0.195962] pci 0000:00:15.2: PME# disabled
[    0.196793] pci 0000:00:15.3: PME# supported from D0 D3hot D3cold
[    0.196812] pci 0000:00:15.3: PME# disabled
[    0.197646] pci 0000:00:15.4: PME# supported from D0 D3hot D3cold
[    0.197665] pci 0000:00:15.4: PME# disabled
[    0.198485] pci 0000:00:15.5: PME# supported from D0 D3hot D3cold
[    0.198503] pci 0000:00:15.5: PME# disabled
[    0.199324] pci 0000:00:15.6: PME# supported from D0 D3hot D3cold
[    0.199342] pci 0000:00:15.6: PME# disabled
[    0.200167] pci 0000:00:15.7: PME# supported from D0 D3hot D3cold
[    0.200185] pci 0000:00:15.7: PME# disabled
[    0.200980] pci 0000:00:16.0: PME# supported from D0 D3hot D3cold
[    0.200999] pci 0000:00:16.0: PME# disabled
[    0.201837] pci 0000:00:16.1: PME# supported from D0 D3hot D3cold
[    0.201856] pci 0000:00:16.1: PME# disabled
[    0.202677] pci 0000:00:16.2: PME# supported from D0 D3hot D3cold
[    0.202696] pci 0000:00:16.2: PME# disabled
[    0.203519] pci 0000:00:16.3: PME# supported from D0 D3hot D3cold
[    0.203538] pci 0000:00:16.3: PME# disabled
[    0.204362] pci 0000:00:16.4: PME# supported from D0 D3hot D3cold
[    0.204381] pci 0000:00:16.4: PME# disabled
[    0.205200] pci 0000:00:16.5: PME# supported from D0 D3hot D3cold
[    0.205219] pci 0000:00:16.5: PME# disabled
[    0.206013] pci 0000:00:16.6: PME# supported from D0 D3hot D3cold
[    0.206032] pci 0000:00:16.6: PME# disabled
[    0.206852] pci 0000:00:16.7: PME# supported from D0 D3hot D3cold
[    0.206870] pci 0000:00:16.7: PME# disabled
[    0.207722] pci 0000:00:17.0: PME# supported from D0 D3hot D3cold
[    0.207741] pci 0000:00:17.0: PME# disabled
[    0.208557] pci 0000:00:17.1: PME# supported from D0 D3hot D3cold
[    0.208575] pci 0000:00:17.1: PME# disabled
[    0.209431] pci 0000:00:17.2: PME# supported from D0 D3hot D3cold
[    0.209452] pci 0000:00:17.2: PME# disabled
[    0.210326] pci 0000:00:17.3: PME# supported from D0 D3hot D3cold
[    0.210346] pci 0000:00:17.3: PME# disabled
[    0.211207] pci 0000:00:17.4: PME# supported from D0 D3hot D3cold
[    0.211226] pci 0000:00:17.4: PME# disabled
[    0.212033] pci 0000:00:17.5: PME# supported from D0 D3hot D3cold
[    0.212052] pci 0000:00:17.5: PME# disabled
[    0.212874] pci 0000:00:17.6: PME# supported from D0 D3hot D3cold
[    0.212893] pci 0000:00:17.6: PME# disabled
[    0.213713] pci 0000:00:17.7: PME# supported from D0 D3hot D3cold
[    0.213732] pci 0000:00:17.7: PME# disabled
[    0.214590] pci 0000:00:18.0: PME# supported from D0 D3hot D3cold
[    0.214608] pci 0000:00:18.0: PME# disabled
[    0.215424] pci 0000:00:18.1: PME# supported from D0 D3hot D3cold
[    0.215442] pci 0000:00:18.1: PME# disabled
[    0.216272] pci 0000:00:18.2: PME# supported from D0 D3hot D3cold
[    0.216290] pci 0000:00:18.2: PME# disabled
[    0.217096] pci 0000:00:18.3: PME# supported from D0 D3hot D3cold
[    0.217124] pci 0000:00:18.3: PME# disabled
[    0.217918] pci 0000:00:18.4: PME# supported from D0 D3hot D3cold
[    0.217937] pci 0000:00:18.4: PME# disabled
[    0.219081] pci 0000:00:18.5: PME# supported from D0 D3hot D3cold
[    0.219102] pci 0000:00:18.5: PME# disabled
[    0.220099] pci 0000:00:18.6: PME# supported from D0 D3hot D3cold
[    0.220119] pci 0000:00:18.6: PME# disabled
[    0.221041] pci 0000:00:18.7: PME# supported from D0 D3hot D3cold
[    0.221108] pci 0000:00:18.7: PME# disabled
[    0.222466] pci 0000:02:00.0: reg 20 io port: [0x20c0-0x20df]
[    0.222956] pci 0000:02:01.0: reg 10 io port: [0x2000-0x207f]
[    0.223182] pci 0000:02:01.0: reg 30 32bit mmio pref: [0x000000-0x00ffff]
[    0.223739] pci 0000:02:02.0: reg 10 io port: [0x2080-0x20bf]
[    0.224333] pci 0000:02:03.0: reg 10 32bit mmio: [0xc9000000-0xc9000fff]
[    0.224890] pci 0000:00:11.0: transparent bridge
[    0.224910] pci 0000:00:11.0: bridge io port: [0x2000-0x3fff]
[    0.224930] pci 0000:00:11.0: bridge 32bit mmio: [0xc9000000-0xca3fffff]
[    0.224969] pci 0000:00:11.0: bridge 64bit mmio pref: [0xd8400000-0xd89fffff]
[    0.225319] pci 0000:00:15.0: bridge io port: [0x4000-0x4fff]
[    0.225338] pci 0000:00:15.0: bridge 32bit mmio: [0xca400000-0xca4fffff]
[    0.225373] pci 0000:00:15.0: bridge 64bit mmio pref: [0xd8a00000-0xd8afffff]
[    0.225707] pci 0000:00:15.1: bridge io port: [0x8000-0x8fff]
[    0.225726] pci 0000:00:15.1: bridge 32bit mmio: [0xca800000-0xca8fffff]
[    0.225761] pci 0000:00:15.1: bridge 64bit mmio pref: [0xd8e00000-0xd8efffff]
[    0.226121] pci 0000:00:15.2: bridge io port: [0xc000-0xcfff]
[    0.226139] pci 0000:00:15.2: bridge 32bit mmio: [0xcac00000-0xcacfffff]
[    0.226175] pci 0000:00:15.2: bridge 64bit mmio pref: [0xd9200000-0xd92fffff]
[    0.226531] pci 0000:00:15.3: bridge 32bit mmio: [0xcb000000-0xcb0fffff]
[    0.226566] pci 0000:00:15.3: bridge 64bit mmio pref: [0xd9600000-0xd96fffff]
[    0.226917] pci 0000:00:15.4: bridge 32bit mmio: [0xcb400000-0xcb4fffff]
[    0.226952] pci 0000:00:15.4: bridge 64bit mmio pref: [0xd9a00000-0xd9afffff]
[    0.227353] pci 0000:00:15.5: bridge 32bit mmio: [0xcb800000-0xcb8fffff]
[    0.227389] pci 0000:00:15.5: bridge 64bit mmio pref: [0xd9e00000-0xd9efffff]
[    0.227749] pci 0000:00:15.6: bridge 32bit mmio: [0xcbc00000-0xcbcfffff]
[    0.227785] pci 0000:00:15.6: bridge 64bit mmio pref: [0xda200000-0xda2fffff]
[    0.228156] pci 0000:00:15.7: bridge 32bit mmio: [0xcc000000-0xcc0fffff]
[    0.228192] pci 0000:00:15.7: bridge 64bit mmio pref: [0xda600000-0xda6fffff]
[    0.228524] pci 0000:00:16.0: bridge io port: [0x5000-0x5fff]
[    0.228543] pci 0000:00:16.0: bridge 32bit mmio: [0xca500000-0xca5fffff]
[    0.228579] pci 0000:00:16.0: bridge 64bit mmio pref: [0xd8b00000-0xd8bfffff]
[    0.228911] pci 0000:00:16.1: bridge io port: [0x9000-0x9fff]
[    0.228930] pci 0000:00:16.1: bridge 32bit mmio: [0xca900000-0xca9fffff]
[    0.228966] pci 0000:00:16.1: bridge 64bit mmio pref: [0xd8f00000-0xd8ffffff]
[    0.229326] pci 0000:00:16.2: bridge io port: [0xd000-0xdfff]
[    0.229344] pci 0000:00:16.2: bridge 32bit mmio: [0xcad00000-0xcadfffff]
[    0.229380] pci 0000:00:16.2: bridge 64bit mmio pref: [0xd9300000-0xd93fffff]
[    0.229729] pci 0000:00:16.3: bridge 32bit mmio: [0xcb100000-0xcb1fffff]
[    0.229765] pci 0000:00:16.3: bridge 64bit mmio pref: [0xd9700000-0xd97fffff]
[    0.230136] pci 0000:00:16.4: bridge 32bit mmio: [0xcb500000-0xcb5fffff]
[    0.230174] pci 0000:00:16.4: bridge 64bit mmio pref: [0xd9b00000-0xd9bfffff]
[    0.230543] pci 0000:00:16.5: bridge 32bit mmio: [0xcb900000-0xcb9fffff]
[    0.230579] pci 0000:00:16.5: bridge 64bit mmio pref: [0xd9f00000-0xd9ffffff]
[    0.230928] pci 0000:00:16.6: bridge 32bit mmio: [0xcbd00000-0xcbdfffff]
[    0.230964] pci 0000:00:16.6: bridge 64bit mmio pref: [0xda300000-0xda3fffff]
[    0.231339] pci 0000:00:16.7: bridge 32bit mmio: [0xcc100000-0xcc1fffff]
[    0.231375] pci 0000:00:16.7: bridge 64bit mmio pref: [0xda700000-0xda7fffff]
[    0.231717] pci 0000:00:17.0: bridge io port: [0x6000-0x6fff]
[    0.231736] pci 0000:00:17.0: bridge 32bit mmio: [0xca600000-0xca6fffff]
[    0.231772] pci 0000:00:17.0: bridge 64bit mmio pref: [0xd8c00000-0xd8cfffff]
[    0.232128] pci 0000:00:17.1: bridge io port: [0xa000-0xafff]
[    0.232146] pci 0000:00:17.1: bridge 32bit mmio: [0xcaa00000-0xcaafffff]
[    0.232182] pci 0000:00:17.1: bridge 64bit mmio pref: [0xd9000000-0xd90fffff]
[    0.232515] pci 0000:00:17.2: bridge io port: [0xe000-0xefff]
[    0.232534] pci 0000:00:17.2: bridge 32bit mmio: [0xcae00000-0xcaefffff]
[    0.232569] pci 0000:00:17.2: bridge 64bit mmio pref: [0xd9400000-0xd94fffff]
[    0.232920] pci 0000:00:17.3: bridge 32bit mmio: [0xcb200000-0xcb2fffff]
[    0.232955] pci 0000:00:17.3: bridge 64bit mmio pref: [0xd9800000-0xd98fffff]
[    0.233336] pci 0000:00:17.4: bridge 32bit mmio: [0xcb600000-0xcb6fffff]
[    0.233371] pci 0000:00:17.4: bridge 64bit mmio pref: [0xd9c00000-0xd9cfffff]
[    0.233723] pci 0000:00:17.5: bridge 32bit mmio: [0xcba00000-0xcbafffff]
[    0.233759] pci 0000:00:17.5: bridge 64bit mmio pref: [0xda000000-0xda0fffff]
[    0.234159] pci 0000:00:17.6: bridge 32bit mmio: [0xcbe00000-0xcbefffff]
[    0.234195] pci 0000:00:17.6: bridge 64bit mmio pref: [0xda400000-0xda4fffff]
[    0.234552] pci 0000:00:17.7: bridge 32bit mmio: [0xcc200000-0xcc2fffff]
[    0.234587] pci 0000:00:17.7: bridge 64bit mmio pref: [0xda800000-0xda8fffff]
[    0.234922] pci 0000:00:18.0: bridge io port: [0x7000-0x7fff]
[    0.234940] pci 0000:00:18.0: bridge 32bit mmio: [0xca700000-0xca7fffff]
[    0.234976] pci 0000:00:18.0: bridge 64bit mmio pref: [0xd8d00000-0xd8dfffff]
[    0.235337] pci 0000:00:18.1: bridge io port: [0xb000-0xbfff]
[    0.235355] pci 0000:00:18.1: bridge 32bit mmio: [0xcab00000-0xcabfffff]
[    0.235391] pci 0000:00:18.1: bridge 64bit mmio pref: [0xd9100000-0xd91fffff]
[    0.235738] pci 0000:00:18.2: bridge io port: [0xf000-0xffff]
[    0.235758] pci 0000:00:18.2: bridge 32bit mmio: [0xcaf00000-0xcaffffff]
[    0.235794] pci 0000:00:18.2: bridge 64bit mmio pref: [0xd9500000-0xd95fffff]
[    0.236169] pci 0000:00:18.3: bridge 32bit mmio: [0xcb300000-0xcb3fffff]
[    0.236205] pci 0000:00:18.3: bridge 64bit mmio pref: [0xd9900000-0xd99fffff]
[    0.236556] pci 0000:00:18.4: bridge 32bit mmio: [0xcb700000-0xcb7fffff]
[    0.236592] pci 0000:00:18.4: bridge 64bit mmio pref: [0xd9d00000-0xd9dfffff]
[    0.236941] pci 0000:00:18.5: bridge 32bit mmio: [0xcbb00000-0xcbbfffff]
[    0.236976] pci 0000:00:18.5: bridge 64bit mmio pref: [0xda100000-0xda1fffff]
[    0.237354] pci 0000:00:18.6: bridge 32bit mmio: [0xcbf00000-0xcbffffff]
[    0.237390] pci 0000:00:18.6: bridge 64bit mmio pref: [0xda500000-0xda5fffff]
[    0.237741] pci 0000:00:18.7: bridge 32bit mmio: [0xcc300000-0xcc3fffff]
[    0.237776] pci 0000:00:18.7: bridge 64bit mmio pref: [0xda900000-0xda9fffff]
[    0.239198] pci_bus 0000:00: on NUMA node 0
[    0.239205] ACPI: PCI Interrupt Routing Table [\_SB_.PCI0._PRT]
[    0.462079] ACPI: PCI Interrupt Link [LNKA] (IRQs 3 4 5 6 7 *9 10 11 14 15)
[    0.462235] ACPI: PCI Interrupt Link [LNKB] (IRQs 3 4 5 6 7 9 10 *11 14 15)
[    0.462385] ACPI: PCI Interrupt Link [LNKC] (IRQs 3 4 5 6 7 9 *10 11 14 15)
[    0.462535] ACPI: PCI Interrupt Link [LNKD] (IRQs 3 4 *5 6 7 9 10 11 14 15)
[    0.462669] vgaarb: device added: PCI:0000:00:0f.0,decodes=io+mem,owns=io+mem,locks=none
[    0.462679] vgaarb: loaded
[    0.462778] SCSI subsystem initialized
[    0.462822] libata version 3.00 loaded.
[    0.462863] usbcore: registered new interface driver usbfs
[    0.462874] usbcore: registered new interface driver hub
[    0.462890] usbcore: registered new device driver usb
[    0.462957] PCI: Using ACPI for IRQ routing
[    0.463939] NetLabel: Initializing
[    0.463941] NetLabel:  domain hash size = 128
[    0.463942] NetLabel:  protocols = UNLABELED CIPSOv4
[    0.463949] NetLabel:  unlabeled traffic allowed by default
[    0.463983] hpet0: at MMIO 0xfed00000, IRQs 2, 8, 0, 0, 0, 0, 0, 0, 0, 0, 0, 0, 0, 0, 0, 0
[    0.463988] hpet0: 16 comparators, 64-bit 14.318180 MHz counter
[    0.466004] Switching to clocksource tsc
[    0.472865] pnp: PnP ACPI init
[    0.472874] ACPI: bus type pnp registered
[    0.514172] pnp: PnP ACPI: found 14 devices
[    0.514174] ACPI: ACPI bus type pnp unregistered
[    0.514177] PnPBIOS: Disabled by ACPI PNP
[    0.514187] system 00:01: ioport range 0x1000-0x103f has been reserved
[    0.514188] system 00:01: ioport range 0x1040-0x104f has been reserved
[    0.514190] system 00:01: ioport range 0xcf0-0xcf1 has been reserved
[    0.514196] system 00:08: iomem range 0xfed00000-0xfed003ff has been reserved
[    0.514199] system 00:0d: ioport range 0x1060-0x107f has been reserved
[    0.514202] system 00:0d: iomem range 0xe0000000-0xefffffff has been reserved
[    0.514203] system 00:0d: iomem range 0xc8200000-0xc83fffff has been reserved
[    0.549975] pci 0000:00:15.3: BAR 13: can't allocate I/O resource [0x10000-0xffff]
[    0.549979] pci 0000:00:15.4: BAR 13: can't allocate I/O resource [0x10000-0xffff]
[    0.549982] pci 0000:00:15.5: BAR 13: can't allocate I/O resource [0x10000-0xffff]
[    0.549985] pci 0000:00:15.6: BAR 13: can't allocate I/O resource [0x10000-0xffff]
[    0.549987] pci 0000:00:15.7: BAR 13: can't allocate I/O resource [0x10000-0xffff]
[    0.549990] pci 0000:00:16.3: BAR 13: can't allocate I/O resource [0x10000-0xffff]
[    0.549993] pci 0000:00:16.4: BAR 13: can't allocate I/O resource [0x10000-0xffff]
[    0.549995] pci 0000:00:16.5: BAR 13: can't allocate I/O resource [0x10000-0xffff]
[    0.549998] pci 0000:00:16.6: BAR 13: can't allocate I/O resource [0x10000-0xffff]
[    0.550001] pci 0000:00:16.7: BAR 13: can't allocate I/O resource [0x10000-0xffff]
[    0.550003] pci 0000:00:17.3: BAR 13: can't allocate I/O resource [0x10000-0xffff]
[    0.550006] pci 0000:00:17.4: BAR 13: can't allocate I/O resource [0x10000-0xffff]
[    0.550008] pci 0000:00:17.5: BAR 13: can't allocate I/O resource [0x10000-0xffff]
[    0.550011] pci 0000:00:17.6: BAR 13: can't allocate I/O resource [0x10000-0xffff]
[    0.550014] pci 0000:00:17.7: BAR 13: can't allocate I/O resource [0x10000-0xffff]
[    0.550016] pci 0000:00:18.3: BAR 13: can't allocate I/O resource [0x10000-0xffff]
[    0.550019] pci 0000:00:18.4: BAR 13: can't allocate I/O resource [0x10000-0xffff]
[    0.550022] pci 0000:00:18.5: BAR 13: can't allocate I/O resource [0x10000-0xffff]
[    0.550024] pci 0000:00:18.6: BAR 13: can't allocate I/O resource [0x10000-0xffff]
[    0.550027] pci 0000:00:18.7: BAR 13: can't allocate I/O resource [0x10000-0xffff]
[    0.550029] pci 0000:00:01.0: PCI bridge, secondary bus 0000:01
[    0.550031] pci 0000:00:01.0:   IO window: disabled
[    0.550059] pci 0000:00:01.0:   MEM window: disabled
[    0.550078] pci 0000:00:01.0:   PREFETCH window: disabled
[    0.550115] pci 0000:00:11.0: PCI bridge, secondary bus 0000:02
[    0.550126] pci 0000:00:11.0:   IO window: 0x2000-0x3fff
[    0.550154] pci 0000:00:11.0:   MEM window: 0xc9000000-0xca3fffff
[    0.550173] pci 0000:00:11.0:   PREFETCH window: 0x000000d8400000-0x000000d89fffff
[    0.550209] pci 0000:00:15.0: PCI bridge, secondary bus 0000:03
[    0.550220] pci 0000:00:15.0:   IO window: 0x4000-0x4fff
[    0.550248] pci 0000:00:15.0:   MEM window: 0xca400000-0xca4fffff
[    0.550267] pci 0000:00:15.0:   PREFETCH window: 0x000000d8a00000-0x000000d8afffff
[    0.550315] pci 0000:00:15.1: PCI bridge, secondary bus 0000:04
[    0.550326] pci 0000:00:15.1:   IO window: 0x8000-0x8fff
[    0.550383] pci 0000:00:15.1:   MEM window: 0xca800000-0xca8fffff
[    0.550404] pci 0000:00:15.1:   PREFETCH window: 0x000000d8e00000-0x000000d8efffff
[    0.550448] pci 0000:00:15.2: PCI bridge, secondary bus 0000:05
[    0.550460] pci 0000:00:15.2:   IO window: 0xc000-0xcfff
[    0.550489] pci 0000:00:15.2:   MEM window: 0xcac00000-0xcacfffff
[    0.550510] pci 0000:00:15.2:   PREFETCH window: 0x000000d9200000-0x000000d92fffff
[    0.550561] pci 0000:00:15.3: PCI bridge, secondary bus 0000:06
[    0.550562] pci 0000:00:15.3:   IO window: disabled
[    0.550590] pci 0000:00:15.3:   MEM window: 0xcb000000-0xcb0fffff
[    0.550609] pci 0000:00:15.3:   PREFETCH window: 0x000000d9600000-0x000000d96fffff
[    0.550649] pci 0000:00:15.4: PCI bridge, secondary bus 0000:07
[    0.550650] pci 0000:00:15.4:   IO window: disabled
[    0.550678] pci 0000:00:15.4:   MEM window: 0xcb400000-0xcb4fffff
[    0.550697] pci 0000:00:15.4:   PREFETCH window: 0x000000d9a00000-0x000000d9afffff
[    0.550746] pci 0000:00:15.5: PCI bridge, secondary bus 0000:08
[    0.550748] pci 0000:00:15.5:   IO window: disabled
[    0.550777] pci 0000:00:15.5:   MEM window: 0xcb800000-0xcb8fffff
[    0.550805] pci 0000:00:15.5:   PREFETCH window: 0x000000d9e00000-0x000000d9efffff
[    0.550845] pci 0000:00:15.6: PCI bridge, secondary bus 0000:09
[    0.550847] pci 0000:00:15.6:   IO window: disabled
[    0.550874] pci 0000:00:15.6:   MEM window: 0xcbc00000-0xcbcfffff
[    0.550893] pci 0000:00:15.6:   PREFETCH window: 0x000000da200000-0x000000da2fffff
[    0.550933] pci 0000:00:15.7: PCI bridge, secondary bus 0000:0a
[    0.550934] pci 0000:00:15.7:   IO window: disabled
[    0.550962] pci 0000:00:15.7:   MEM window: 0xcc000000-0xcc0fffff
[    0.550982] pci 0000:00:15.7:   PREFETCH window: 0x000000da600000-0x000000da6fffff
[    0.551021] pci 0000:00:16.0: PCI bridge, secondary bus 0000:0b
[    0.551032] pci 0000:00:16.0:   IO window: 0x5000-0x5fff
[    0.551060] pci 0000:00:16.0:   MEM window: 0xca500000-0xca5fffff
[    0.551079] pci 0000:00:16.0:   PREFETCH window: 0x000000d8b00000-0x000000d8bfffff
[    0.551119] pci 0000:00:16.1: PCI bridge, secondary bus 0000:0c
[    0.551130] pci 0000:00:16.1:   IO window: 0x9000-0x9fff
[    0.551157] pci 0000:00:16.1:   MEM window: 0xca900000-0xca9fffff
[    0.551176] pci 0000:00:16.1:   PREFETCH window: 0x000000d8f00000-0x000000d8ffffff
[    0.551216] pci 0000:00:16.2: PCI bridge, secondary bus 0000:0d
[    0.551227] pci 0000:00:16.2:   IO window: 0xd000-0xdfff
[    0.551254] pci 0000:00:16.2:   MEM window: 0xcad00000-0xcadfffff
[    0.551273] pci 0000:00:16.2:   PREFETCH window: 0x000000d9300000-0x000000d93fffff
[    0.551322] pci 0000:00:16.3: PCI bridge, secondary bus 0000:0e
[    0.551324] pci 0000:00:16.3:   IO window: disabled
[    0.551354] pci 0000:00:16.3:   MEM window: 0xcb100000-0xcb1fffff
[    0.551374] pci 0000:00:16.3:   PREFETCH window: 0x000000d9700000-0x000000d97fffff
[    0.551423] pci 0000:00:16.4: PCI bridge, secondary bus 0000:0f
[    0.551424] pci 0000:00:16.4:   IO window: disabled
[    0.551452] pci 0000:00:16.4:   MEM window: 0xcb500000-0xcb5fffff
[    0.551471] pci 0000:00:16.4:   PREFETCH window: 0x000000d9b00000-0x000000d9bfffff
[    0.551511] pci 0000:00:16.5: PCI bridge, secondary bus 0000:10
[    0.551512] pci 0000:00:16.5:   IO window: disabled
[    0.551540] pci 0000:00:16.5:   MEM window: 0xcb900000-0xcb9fffff
[    0.551559] pci 0000:00:16.5:   PREFETCH window: 0x000000d9f00000-0x000000d9ffffff
[    0.551599] pci 0000:00:16.6: PCI bridge, secondary bus 0000:11
[    0.551600] pci 0000:00:16.6:   IO window: disabled
[    0.551628] pci 0000:00:16.6:   MEM window: 0xcbd00000-0xcbdfffff
[    0.551647] pci 0000:00:16.6:   PREFETCH window: 0x000000da300000-0x000000da3fffff
[    0.551686] pci 0000:00:16.7: PCI bridge, secondary bus 0000:12
[    0.551688] pci 0000:00:16.7:   IO window: disabled
[    0.551715] pci 0000:00:16.7:   MEM window: 0xcc100000-0xcc1fffff
[    0.551734] pci 0000:00:16.7:   PREFETCH window: 0x000000da700000-0x000000da7fffff
[    0.551774] pci 0000:00:17.0: PCI bridge, secondary bus 0000:13
[    0.551785] pci 0000:00:17.0:   IO window: 0x6000-0x6fff
[    0.551813] pci 0000:00:17.0:   MEM window: 0xca600000-0xca6fffff
[    0.551832] pci 0000:00:17.0:   PREFETCH window: 0x000000d8c00000-0x000000d8cfffff
[    0.551871] pci 0000:00:17.1: PCI bridge, secondary bus 0000:14
[    0.551882] pci 0000:00:17.1:   IO window: 0xa000-0xafff
[    0.551910] pci 0000:00:17.1:   MEM window: 0xcaa00000-0xcaafffff
[    0.551929] pci 0000:00:17.1:   PREFETCH window: 0x000000d9000000-0x000000d90fffff
[    0.551968] pci 0000:00:17.2: PCI bridge, secondary bus 0000:15
[    0.551979] pci 0000:00:17.2:   IO window: 0xe000-0xefff
[    0.552007] pci 0000:00:17.2:   MEM window: 0xcae00000-0xcaefffff
[    0.552026] pci 0000:00:17.2:   PREFETCH window: 0x000000d9400000-0x000000d94fffff
[    0.552066] pci 0000:00:17.3: PCI bridge, secondary bus 0000:16
[    0.552067] pci 0000:00:17.3:   IO window: disabled
[    0.552095] pci 0000:00:17.3:   MEM window: 0xcb200000-0xcb2fffff
[    0.552114] pci 0000:00:17.3:   PREFETCH window: 0x000000d9800000-0x000000d98fffff
[    0.552154] pci 0000:00:17.4: PCI bridge, secondary bus 0000:17
[    0.552155] pci 0000:00:17.4:   IO window: disabled
[    0.552183] pci 0000:00:17.4:   MEM window: 0xcb600000-0xcb6fffff
[    0.552202] pci 0000:00:17.4:   PREFETCH window: 0x000000d9c00000-0x000000d9cfffff
[    0.552242] pci 0000:00:17.5: PCI bridge, secondary bus 0000:18
[    0.552243] pci 0000:00:17.5:   IO window: disabled
[    0.552271] pci 0000:00:17.5:   MEM window: 0xcba00000-0xcbafffff
[    0.552290] pci 0000:00:17.5:   PREFETCH window: 0x000000da000000-0x000000da0fffff
[    0.552340] pci 0000:00:17.6: PCI bridge, secondary bus 0000:19
[    0.552341] pci 0000:00:17.6:   IO window: disabled
[    0.552379] pci 0000:00:17.6:   MEM window: 0xcbe00000-0xcbefffff
[    0.552398] pci 0000:00:17.6:   PREFETCH window: 0x000000da400000-0x000000da4fffff
[    0.552438] pci 0000:00:17.7: PCI bridge, secondary bus 0000:1a
[    0.552440] pci 0000:00:17.7:   IO window: disabled
[    0.552467] pci 0000:00:17.7:   MEM window: 0xcc200000-0xcc2fffff
[    0.552486] pci 0000:00:17.7:   PREFETCH window: 0x000000da800000-0x000000da8fffff
[    0.552526] pci 0000:00:18.0: PCI bridge, secondary bus 0000:1b
[    0.552537] pci 0000:00:18.0:   IO window: 0x7000-0x7fff
[    0.552565] pci 0000:00:18.0:   MEM window: 0xca700000-0xca7fffff
[    0.552584] pci 0000:00:18.0:   PREFETCH window: 0x000000d8d00000-0x000000d8dfffff
[    0.552623] pci 0000:00:18.1: PCI bridge, secondary bus 0000:1c
[    0.552634] pci 0000:00:18.1:   IO window: 0xb000-0xbfff
[    0.552662] pci 0000:00:18.1:   MEM window: 0xcab00000-0xcabfffff
[    0.552681] pci 0000:00:18.1:   PREFETCH window: 0x000000d9100000-0x000000d91fffff
[    0.552721] pci 0000:00:18.2: PCI bridge, secondary bus 0000:1d
[    0.552732] pci 0000:00:18.2:   IO window: 0xf000-0xffff
[    0.552759] pci 0000:00:18.2:   MEM window: 0xcaf00000-0xcaffffff
[    0.552778] pci 0000:00:18.2:   PREFETCH window: 0x000000d9500000-0x000000d95fffff
[    0.552818] pci 0000:00:18.3: PCI bridge, secondary bus 0000:1e
[    0.552820] pci 0000:00:18.3:   IO window: disabled
[    0.552847] pci 0000:00:18.3:   MEM window: 0xcb300000-0xcb3fffff
[    0.552866] pci 0000:00:18.3:   PREFETCH window: 0x000000d9900000-0x000000d99fffff
[    0.552906] pci 0000:00:18.4: PCI bridge, secondary bus 0000:1f
[    0.552907] pci 0000:00:18.4:   IO window: disabled
[    0.552935] pci 0000:00:18.4:   MEM window: 0xcb700000-0xcb7fffff
[    0.552954] pci 0000:00:18.4:   PREFETCH window: 0x000000d9d00000-0x000000d9dfffff
[    0.553003] pci 0000:00:18.5: PCI bridge, secondary bus 0000:20
[    0.553004] pci 0000:00:18.5:   IO window: disabled
[    0.553034] pci 0000:00:18.5:   MEM window: 0xcbb00000-0xcbbfffff
[    0.553055] pci 0000:00:18.5:   PREFETCH window: 0x000000da100000-0x000000da1fffff
[    0.553104] pci 0000:00:18.6: PCI bridge, secondary bus 0000:21
[    0.553106] pci 0000:00:18.6:   IO window: disabled
[    0.553133] pci 0000:00:18.6:   MEM window: 0xcbf00000-0xcbffffff
[    0.553152] pci 0000:00:18.6:   PREFETCH window: 0x000000da500000-0x000000da5fffff
[    0.553192] pci 0000:00:18.7: PCI bridge, secondary bus 0000:22
[    0.553193] pci 0000:00:18.7:   IO window: disabled
[    0.553221] pci 0000:00:18.7:   MEM window: 0xcc300000-0xcc3fffff
[    0.553240] pci 0000:00:18.7:   PREFETCH window: 0x000000da900000-0x000000da9fffff
[    0.553298] pci 0000:00:01.0: setting latency timer to 64
[    0.553355] pci 0000:00:15.0: setting latency timer to 64
[    0.553413] pci 0000:00:15.1: setting latency timer to 64
[    0.553470] pci 0000:00:15.2: setting latency timer to 64
[    0.553528] pci 0000:00:15.3: setting latency timer to 64
[    0.553585] pci 0000:00:15.4: setting latency timer to 64
[    0.553642] pci 0000:00:15.5: setting latency timer to 64
[    0.553700] pci 0000:00:15.6: setting latency timer to 64
[    0.553757] pci 0000:00:15.7: setting latency timer to 64
[    0.553815] pci 0000:00:16.0: setting latency timer to 64
[    0.553872] pci 0000:00:16.1: setting latency timer to 64
[    0.553951] pci 0000:00:16.2: setting latency timer to 64
[    0.554009] pci 0000:00:16.3: setting latency timer to 64
[    0.554066] pci 0000:00:16.4: setting latency timer to 64
[    0.554124] pci 0000:00:16.5: setting latency timer to 64
[    0.554181] pci 0000:00:16.6: setting latency timer to 64
[    0.554238] pci 0000:00:16.7: setting latency timer to 64
[    0.554296] pci 0000:00:17.0: setting latency timer to 64
[    0.554353] pci 0000:00:17.1: setting latency timer to 64
[    0.554411] pci 0000:00:17.2: setting latency timer to 64
[    0.554468] pci 0000:00:17.3: setting latency timer to 64
[    0.554526] pci 0000:00:17.4: setting latency timer to 64
[    0.554583] pci 0000:00:17.5: setting latency timer to 64
[    0.554641] pci 0000:00:17.6: setting latency timer to 64
[    0.554698] pci 0000:00:17.7: setting latency timer to 64
[    0.554756] pci 0000:00:18.0: setting latency timer to 64
[    0.554813] pci 0000:00:18.1: setting latency timer to 64
[    0.554871] pci 0000:00:18.2: setting latency timer to 64
[    0.554928] pci 0000:00:18.3: setting latency timer to 64
[    0.554986] pci 0000:00:18.4: setting latency timer to 64
[    0.555043] pci 0000:00:18.5: setting latency timer to 64
[    0.555100] pci 0000:00:18.6: setting latency timer to 64
[    0.555158] pci 0000:00:18.7: setting latency timer to 64
[    0.555170] pci_bus 0000:00: resource 0 io:  [0x00-0xffff]
[    0.555172] pci_bus 0000:00: resource 1 mem: [0x000000-0xffffffffffffffff]
[    0.555174] pci_bus 0000:02: resource 0 io:  [0x2000-0x3fff]
[    0.555176] pci_bus 0000:02: resource 1 mem: [0xc9000000-0xca3fffff]
[    0.555178] pci_bus 0000:02: resource 2 pref mem [0xd8400000-0xd89fffff]
[    0.555180] pci_bus 0000:02: resource 3 io:  [0x00-0xffff]
[    0.555182] pci_bus 0000:02: resource 4 mem: [0x000000-0xffffffffffffffff]
[    0.555184] pci_bus 0000:03: resource 0 io:  [0x4000-0x4fff]
[    0.555186] pci_bus 0000:03: resource 1 mem: [0xca400000-0xca4fffff]
[    0.555187] pci_bus 0000:03: resource 2 pref mem [0xd8a00000-0xd8afffff]
[    0.555189] pci_bus 0000:04: resource 0 io:  [0x8000-0x8fff]
[    0.555191] pci_bus 0000:04: resource 1 mem: [0xca800000-0xca8fffff]
[    0.555193] pci_bus 0000:04: resource 2 pref mem [0xd8e00000-0xd8efffff]
[    0.555195] pci_bus 0000:05: resource 0 io:  [0xc000-0xcfff]
[    0.555196] pci_bus 0000:05: resource 1 mem: [0xcac00000-0xcacfffff]
[    0.555198] pci_bus 0000:05: resource 2 pref mem [0xd9200000-0xd92fffff]
[    0.555200] pci_bus 0000:06: resource 1 mem: [0xcb000000-0xcb0fffff]
[    0.555202] pci_bus 0000:06: resource 2 pref mem [0xd9600000-0xd96fffff]
[    0.555204] pci_bus 0000:07: resource 1 mem: [0xcb400000-0xcb4fffff]
[    0.555205] pci_bus 0000:07: resource 2 pref mem [0xd9a00000-0xd9afffff]
[    0.555207] pci_bus 0000:08: resource 1 mem: [0xcb800000-0xcb8fffff]
[    0.555209] pci_bus 0000:08: resource 2 pref mem [0xd9e00000-0xd9efffff]
[    0.555211] pci_bus 0000:09: resource 1 mem: [0xcbc00000-0xcbcfffff]
[    0.555213] pci_bus 0000:09: resource 2 pref mem [0xda200000-0xda2fffff]
[    0.555215] pci_bus 0000:0a: resource 1 mem: [0xcc000000-0xcc0fffff]
[    0.555216] pci_bus 0000:0a: resource 2 pref mem [0xda600000-0xda6fffff]
[    0.555218] pci_bus 0000:0b: resource 0 io:  [0x5000-0x5fff]
[    0.555220] pci_bus 0000:0b: resource 1 mem: [0xca500000-0xca5fffff]
[    0.555222] pci_bus 0000:0b: resource 2 pref mem [0xd8b00000-0xd8bfffff]
[    0.555223] pci_bus 0000:0c: resource 0 io:  [0x9000-0x9fff]
[    0.555225] pci_bus 0000:0c: resource 1 mem: [0xca900000-0xca9fffff]
[    0.555227] pci_bus 0000:0c: resource 2 pref mem [0xd8f00000-0xd8ffffff]
[    0.555229] pci_bus 0000:0d: resource 0 io:  [0xd000-0xdfff]
[    0.555230] pci_bus 0000:0d: resource 1 mem: [0xcad00000-0xcadfffff]
[    0.555232] pci_bus 0000:0d: resource 2 pref mem [0xd9300000-0xd93fffff]
[    0.555234] pci_bus 0000:0e: resource 1 mem: [0xcb100000-0xcb1fffff]
[    0.555236] pci_bus 0000:0e: resource 2 pref mem [0xd9700000-0xd97fffff]
[    0.555238] pci_bus 0000:0f: resource 1 mem: [0xcb500000-0xcb5fffff]
[    0.555240] pci_bus 0000:0f: resource 2 pref mem [0xd9b00000-0xd9bfffff]
[    0.555241] pci_bus 0000:10: resource 1 mem: [0xcb900000-0xcb9fffff]
[    0.555243] pci_bus 0000:10: resource 2 pref mem [0xd9f00000-0xd9ffffff]
[    0.555245] pci_bus 0000:11: resource 1 mem: [0xcbd00000-0xcbdfffff]
[    0.555247] pci_bus 0000:11: resource 2 pref mem [0xda300000-0xda3fffff]
[    0.555249] pci_bus 0000:12: resource 1 mem: [0xcc100000-0xcc1fffff]
[    0.555250] pci_bus 0000:12: resource 2 pref mem [0xda700000-0xda7fffff]
[    0.555252] pci_bus 0000:13: resource 0 io:  [0x6000-0x6fff]
[    0.555254] pci_bus 0000:13: resource 1 mem: [0xca600000-0xca6fffff]
[    0.555256] pci_bus 0000:13: resource 2 pref mem [0xd8c00000-0xd8cfffff]
[    0.555258] pci_bus 0000:14: resource 0 io:  [0xa000-0xafff]
[    0.555259] pci_bus 0000:14: resource 1 mem: [0xcaa00000-0xcaafffff]
[    0.555261] pci_bus 0000:14: resource 2 pref mem [0xd9000000-0xd90fffff]
[    0.555263] pci_bus 0000:15: resource 0 io:  [0xe000-0xefff]
[    0.555265] pci_bus 0000:15: resource 1 mem: [0xcae00000-0xcaefffff]
[    0.555266] pci_bus 0000:15: resource 2 pref mem [0xd9400000-0xd94fffff]
[    0.555268] pci_bus 0000:16: resource 1 mem: [0xcb200000-0xcb2fffff]
[    0.555270] pci_bus 0000:16: resource 2 pref mem [0xd9800000-0xd98fffff]
[    0.555272] pci_bus 0000:17: resource 1 mem: [0xcb600000-0xcb6fffff]
[    0.555274] pci_bus 0000:17: resource 2 pref mem [0xd9c00000-0xd9cfffff]
[    0.555276] pci_bus 0000:18: resource 1 mem: [0xcba00000-0xcbafffff]
[    0.555277] pci_bus 0000:18: resource 2 pref mem [0xda000000-0xda0fffff]
[    0.555279] pci_bus 0000:19: resource 1 mem: [0xcbe00000-0xcbefffff]
[    0.555281] pci_bus 0000:19: resource 2 pref mem [0xda400000-0xda4fffff]
[    0.555283] pci_bus 0000:1a: resource 1 mem: [0xcc200000-0xcc2fffff]
[    0.555285] pci_bus 0000:1a: resource 2 pref mem [0xda800000-0xda8fffff]
[    0.555286] pci_bus 0000:1b: resource 0 io:  [0x7000-0x7fff]
[    0.555288] pci_bus 0000:1b: resource 1 mem: [0xca700000-0xca7fffff]
[    0.555290] pci_bus 0000:1b: resource 2 pref mem [0xd8d00000-0xd8dfffff]
[    0.555292] pci_bus 0000:1c: resource 0 io:  [0xb000-0xbfff]
[    0.555294] pci_bus 0000:1c: resource 1 mem: [0xcab00000-0xcabfffff]
[    0.555295] pci_bus 0000:1c: resource 2 pref mem [0xd9100000-0xd91fffff]
[    0.555297] pci_bus 0000:1d: resource 0 io:  [0xf000-0xffff]
[    0.555299] pci_bus 0000:1d: resource 1 mem: [0xcaf00000-0xcaffffff]
[    0.555301] pci_bus 0000:1d: resource 2 pref mem [0xd9500000-0xd95fffff]
[    0.555303] pci_bus 0000:1e: resource 1 mem: [0xcb300000-0xcb3fffff]
[    0.555304] pci_bus 0000:1e: resource 2 pref mem [0xd9900000-0xd99fffff]
[    0.555306] pci_bus 0000:1f: resource 1 mem: [0xcb700000-0xcb7fffff]
[    0.555308] pci_bus 0000:1f: resource 2 pref mem [0xd9d00000-0xd9dfffff]
[    0.555310] pci_bus 0000:20: resource 1 mem: [0xcbb00000-0xcbbfffff]
[    0.555312] pci_bus 0000:20: resource 2 pref mem [0xda100000-0xda1fffff]
[    0.555313] pci_bus 0000:21: resource 1 mem: [0xcbf00000-0xcbffffff]
[    0.555315] pci_bus 0000:21: resource 2 pref mem [0xda500000-0xda5fffff]
[    0.555317] pci_bus 0000:22: resource 1 mem: [0xcc300000-0xcc3fffff]
[    0.555319] pci_bus 0000:22: resource 2 pref mem [0xda900000-0xda9fffff]
[    0.555341] NET: Registered protocol family 2
[    0.555358] RANDOM - __random32 called. Change num 7.  Value: e4915c27	228b7335	4c33f162
[    0.555360] RANDOM - random32 called.  Value: e4915c27	228b7335	4c33f162
[    0.555367] random 0000 0000 0000 00000000 00000000: rand_read_num 2 get_random_bytes(4): sig fffffe1a 00000000 00000000
[    0.555370] random 0000 0000 0000 00000000 00000000: extract_entropy(.. 4 ..)
[    0.555372] random 0000 0000 0000 00000000 00000000: going to reseed nonblocking with 64 bits (32 of 0 requested)
[    0.555374] random 0000 0000 0000 00000000 00000000: extract_entropy(.. 8 ..)
[    0.555377] random 0000 0000 0000 00000000 00000000: trying to extract 64 bits from input
[    0.555379] random 0000 0000 0000 00000000 00000000: debiting 0 entropy credits from input
[    0.555381] random 0000 0000 0000 00000000 00000000: extract_entropy account returned: 0 
[    0.555384] random 0000 0000 0000 00000000 00000000: urand_change_num 3 xfer_secondary_pool(4): pool_sig fffffe1a, data_sig 00000000, bytes_mixed 0 00000000 00000000
[    0.555386] random 0000 0000 0000 00000000 00000000: trying to extract 32 bits from nonblocking
[    0.555389] random 0000 0000 0000 00000000 00000000: debiting 32 entropy credits from nonblocking (unlimited)
[    0.555391] random 0000 0000 0000 00000000 00000000: extract_entropy account returned: 4 
[    0.555395] random 0000 0000 0000 00000000 00000000: urand_change_num 4 extract_buf: pool_sig fffffe1a, data_sig fffffed7, bytes_mixed 20 00000000 00000000
[    0.555424] IP route cache hash table entries: 32768 (order: 5, 131072 bytes)
[    0.555481] RANDOM - __random32 called. Change num 8.  Value: 15c279e2	28b73354	e2c5b58f
[    0.555483] RANDOM - random32 called.  Value: 15c279e2	28b73354	e2c5b58f
[    0.555539] RANDOM - __random32 called. Change num 9.  Value: 279e2b5f	8b733545	6b1e9d03
[    0.555541] RANDOM - random32 called.  Value: 279e2b5f	8b733545	6b1e9d03
[    0.555544] RANDOM - __random32 called. Change num 10.  Value: e2b5fc5e	b7335453	3a067d4e
[    0.555546] RANDOM - random32 called.  Value: e2b5fc5e	b7335453	3a067d4e
[    0.555567] RANDOM - __random32 called. Change num 11.  Value: 5fc5eba7	73354535	fa9d46b2
[    0.555569] RANDOM - random32 called.  Value: 5fc5eba7	73354535	fa9d46b2
[    0.555579] TCP established hash table entries: 131072 (order: 8, 1048576 bytes)
[    0.555636] TCP bind hash table entries: 65536 (order: 7, 524288 bytes)
[    0.555694] TCP: Hash tables configured (established 131072 bind 65536)
[    0.555696] TCP reno registered
[    0.555731] NET: Registered protocol family 1
[    0.555740] pci 0000:00:00.0: Limiting direct PCI/PCI transfers
[    0.555761] pci 0000:00:0f.0: Boot video device
[    0.555881] Trying to unpack rootfs image as initramfs...
[    1.648357] Freeing initrd memory: 83430k freed
[    1.652374] Simple Boot Flag at 0x36 set to 0x1
[    1.652419] cpufreq-nforce2: No nForce2 chipset.
[    1.652432] Scanning for low memory corruption every 60 seconds
[    1.652549] audit: initializing netlink socket (disabled)
[    1.652557] type=2000 audit(1369429658.636:1): initialized
[    1.656479] highmem bounce pool size: 64 pages
[    1.656483] HugeTLB registered 2 MB page size, pre-allocated 0 pages
[    1.656576] VFS: Disk quotas dquot_6.5.2
[    1.656606] Dquot-cache hash table entries: 1024 (order 0, 4096 bytes)
[    1.656683] fuse init (API version 7.13)
[    1.656727] msgmni has been set to 1729
[    1.657024] alg: No test for stdrng (krng)
[    1.657058] Block layer SCSI generic (bsg) driver version 0.4 loaded (major 253)
[    1.657060] io scheduler noop registered
[    1.657062] io scheduler anticipatory registered
[    1.657063] io scheduler deadline registered
[    1.657082] io scheduler cfq registered (default)
[    1.657127]   alloc irq_desc for 24 on node -1
[    1.657130]   alloc kstat_irqs on node -1
[    1.657175] pcieport 0000:00:15.0: irq 24 for MSI/MSI-X
[    1.657221] pcieport 0000:00:15.0: setting latency timer to 64
[    1.657266]   alloc irq_desc for 25 on node -1
[    1.657268]   alloc kstat_irqs on node -1
[    1.657313] pcieport 0000:00:15.1: irq 25 for MSI/MSI-X
[    1.657358] pcieport 0000:00:15.1: setting latency timer to 64
[    1.657403]   alloc irq_desc for 26 on node -1
[    1.657405]   alloc kstat_irqs on node -1
[    1.657451] pcieport 0000:00:15.2: irq 26 for MSI/MSI-X
[    1.657496] pcieport 0000:00:15.2: setting latency timer to 64
[    1.657541]   alloc irq_desc for 27 on node -1
[    1.657543]   alloc kstat_irqs on node -1
[    1.657588] pcieport 0000:00:15.3: irq 27 for MSI/MSI-X
[    1.657633] pcieport 0000:00:15.3: setting latency timer to 64
[    1.657679]   alloc irq_desc for 28 on node -1
[    1.657680]   alloc kstat_irqs on node -1
[    1.657726] pcieport 0000:00:15.4: irq 28 for MSI/MSI-X
[    1.657771] pcieport 0000:00:15.4: setting latency timer to 64
[    1.657816]   alloc irq_desc for 29 on node -1
[    1.657818]   alloc kstat_irqs on node -1
[    1.657863] pcieport 0000:00:15.5: irq 29 for MSI/MSI-X
[    1.657908] pcieport 0000:00:15.5: setting latency timer to 64
[    1.657953]   alloc irq_desc for 30 on node -1
[    1.657955]   alloc kstat_irqs on node -1
[    1.658000] pcieport 0000:00:15.6: irq 30 for MSI/MSI-X
[    1.658046] pcieport 0000:00:15.6: setting latency timer to 64
[    1.658091]   alloc irq_desc for 31 on node -1
[    1.658093]   alloc kstat_irqs on node -1
[    1.658138] pcieport 0000:00:15.7: irq 31 for MSI/MSI-X
[    1.658183] pcieport 0000:00:15.7: setting latency timer to 64
[    1.658228]   alloc irq_desc for 32 on node -1
[    1.658230]   alloc kstat_irqs on node -1
[    1.658275] pcieport 0000:00:16.0: irq 32 for MSI/MSI-X
[    1.658321] pcieport 0000:00:16.0: setting latency timer to 64
[    1.658366]   alloc irq_desc for 33 on node -1
[    1.658368]   alloc kstat_irqs on node -1
[    1.658413] pcieport 0000:00:16.1: irq 33 for MSI/MSI-X
[    1.658458] pcieport 0000:00:16.1: setting latency timer to 64
[    1.658503]   alloc irq_desc for 34 on node -1
[    1.658505]   alloc kstat_irqs on node -1
[    1.658550] pcieport 0000:00:16.2: irq 34 for MSI/MSI-X
[    1.658596] pcieport 0000:00:16.2: setting latency timer to 64
[    1.658641]   alloc irq_desc for 35 on node -1
[    1.658643]   alloc kstat_irqs on node -1
[    1.658688] pcieport 0000:00:16.3: irq 35 for MSI/MSI-X
[    1.658733] pcieport 0000:00:16.3: setting latency timer to 64
[    1.658778]   alloc irq_desc for 36 on node -1
[    1.658780]   alloc kstat_irqs on node -1
[    1.658825] pcieport 0000:00:16.4: irq 36 for MSI/MSI-X
[    1.658871] pcieport 0000:00:16.4: setting latency timer to 64
[    1.658916]   alloc irq_desc for 37 on node -1
[    1.658918]   alloc kstat_irqs on node -1
[    1.658963] pcieport 0000:00:16.5: irq 37 for MSI/MSI-X
[    1.659008] pcieport 0000:00:16.5: setting latency timer to 64
[    1.659053]   alloc irq_desc for 38 on node -1
[    1.659055]   alloc kstat_irqs on node -1
[    1.659100] pcieport 0000:00:16.6: irq 38 for MSI/MSI-X
[    1.659145] pcieport 0000:00:16.6: setting latency timer to 64
[    1.659191]   alloc irq_desc for 39 on node -1
[    1.659193]   alloc kstat_irqs on node -1
[    1.659238] pcieport 0000:00:16.7: irq 39 for MSI/MSI-X
[    1.659283] pcieport 0000:00:16.7: setting latency timer to 64
[    1.660400]   alloc irq_desc for 40 on node -1
[    1.660402]   alloc kstat_irqs on node -1
[    1.660447] pcieport 0000:00:17.0: irq 40 for MSI/MSI-X
[    1.660492] pcieport 0000:00:17.0: setting latency timer to 64
[    1.660538]   alloc irq_desc for 41 on node -1
[    1.660539]   alloc kstat_irqs on node -1
[    1.660585] pcieport 0000:00:17.1: irq 41 for MSI/MSI-X
[    1.660630] pcieport 0000:00:17.1: setting latency timer to 64
[    1.660675]   alloc irq_desc for 42 on node -1
[    1.660677]   alloc kstat_irqs on node -1
[    1.660722] pcieport 0000:00:17.2: irq 42 for MSI/MSI-X
[    1.660767] pcieport 0000:00:17.2: setting latency timer to 64
[    1.660813]   alloc irq_desc for 43 on node -1
[    1.660814]   alloc kstat_irqs on node -1
[    1.660860] pcieport 0000:00:17.3: irq 43 for MSI/MSI-X
[    1.660905] pcieport 0000:00:17.3: setting latency timer to 64
[    1.660950]   alloc irq_desc for 44 on node -1
[    1.660952]   alloc kstat_irqs on node -1
[    1.660997] pcieport 0000:00:17.4: irq 44 for MSI/MSI-X
[    1.661042] pcieport 0000:00:17.4: setting latency timer to 64
[    1.661088]   alloc irq_desc for 45 on node -1
[    1.661089]   alloc kstat_irqs on node -1
[    1.661135] pcieport 0000:00:17.5: irq 45 for MSI/MSI-X
[    1.661180] pcieport 0000:00:17.5: setting latency timer to 64
[    1.661225]   alloc irq_desc for 46 on node -1
[    1.661227]   alloc kstat_irqs on node -1
[    1.661272] pcieport 0000:00:17.6: irq 46 for MSI/MSI-X
[    1.661317] pcieport 0000:00:17.6: setting latency timer to 64
[    1.661363]   alloc irq_desc for 47 on node -1
[    1.661364]   alloc kstat_irqs on node -1
[    1.661410] pcieport 0000:00:17.7: irq 47 for MSI/MSI-X
[    1.661455] pcieport 0000:00:17.7: setting latency timer to 64
[    1.661500]   alloc irq_desc for 48 on node -1
[    1.661504]   alloc kstat_irqs on node -1
[    1.661549] pcieport 0000:00:18.0: irq 48 for MSI/MSI-X
[    1.661594] pcieport 0000:00:18.0: setting latency timer to 64
[    1.661639]   alloc irq_desc for 49 on node -1
[    1.661641]   alloc kstat_irqs on node -1
[    1.661686] pcieport 0000:00:18.1: irq 49 for MSI/MSI-X
[    1.661732] pcieport 0000:00:18.1: setting latency timer to 64
[    1.661777]   alloc irq_desc for 50 on node -1
[    1.661779]   alloc kstat_irqs on node -1
[    1.661824] pcieport 0000:00:18.2: irq 50 for MSI/MSI-X
[    1.661869] pcieport 0000:00:18.2: setting latency timer to 64
[    1.661914]   alloc irq_desc for 51 on node -1
[    1.661916]   alloc kstat_irqs on node -1
[    1.661961] pcieport 0000:00:18.3: irq 51 for MSI/MSI-X
[    1.662007] pcieport 0000:00:18.3: setting latency timer to 64
[    1.662052]   alloc irq_desc for 52 on node -1
[    1.662054]   alloc kstat_irqs on node -1
[    1.662099] pcieport 0000:00:18.4: irq 52 for MSI/MSI-X
[    1.662144] pcieport 0000:00:18.4: setting latency timer to 64
[    1.662189]   alloc irq_desc for 53 on node -1
[    1.662191]   alloc kstat_irqs on node -1
[    1.662236] pcieport 0000:00:18.5: irq 53 for MSI/MSI-X
[    1.662282] pcieport 0000:00:18.5: setting latency timer to 64
[    1.662327]   alloc irq_desc for 54 on node -1
[    1.662329]   alloc kstat_irqs on node -1
[    1.662374] pcieport 0000:00:18.6: irq 54 for MSI/MSI-X
[    1.662419] pcieport 0000:00:18.6: setting latency timer to 64
[    1.662464]   alloc irq_desc for 55 on node -1
[    1.662466]   alloc kstat_irqs on node -1
[    1.662511] pcieport 0000:00:18.7: irq 55 for MSI/MSI-X
[    1.662556] pcieport 0000:00:18.7: setting latency timer to 64
[    1.662602] pci_hotplug: PCI Hot Plug PCI Core version: 0.5
[    1.664412] pciehp 0000:00:15.0:pcie04: HPC vendor_id 15ad device_id 7a0 ss_vid 0 ss_did 0
[    1.664457] pciehp 0000:00:15.0:pcie04: service driver pciehp loaded
[    1.664503] pciehp 0000:00:15.1:pcie04: HPC vendor_id 15ad device_id 7a0 ss_vid 0 ss_did 0
[    1.664548] pciehp 0000:00:15.1:pcie04: service driver pciehp loaded
[    1.664593] pciehp 0000:00:15.2:pcie04: HPC vendor_id 15ad device_id 7a0 ss_vid 0 ss_did 0
[    1.664638] pciehp 0000:00:15.2:pcie04: service driver pciehp loaded
[    1.664683] pciehp 0000:00:15.3:pcie04: HPC vendor_id 15ad device_id 7a0 ss_vid 0 ss_did 0
[    1.664729] pciehp 0000:00:15.3:pcie04: service driver pciehp loaded
[    1.664774] pciehp 0000:00:15.4:pcie04: HPC vendor_id 15ad device_id 7a0 ss_vid 0 ss_did 0
[    1.664819] pciehp 0000:00:15.4:pcie04: service driver pciehp loaded
[    1.664864] pciehp 0000:00:15.5:pcie04: HPC vendor_id 15ad device_id 7a0 ss_vid 0 ss_did 0
[    1.664910] pciehp 0000:00:15.5:pcie04: service driver pciehp loaded
[    1.664955] pciehp 0000:00:15.6:pcie04: HPC vendor_id 15ad device_id 7a0 ss_vid 0 ss_did 0
[    1.665000] pciehp 0000:00:15.6:pcie04: service driver pciehp loaded
[    1.665045] pciehp 0000:00:15.7:pcie04: HPC vendor_id 15ad device_id 7a0 ss_vid 0 ss_did 0
[    1.665090] pciehp 0000:00:15.7:pcie04: service driver pciehp loaded
[    1.665136] pciehp 0000:00:16.0:pcie04: HPC vendor_id 15ad device_id 7a0 ss_vid 0 ss_did 0
[    1.665181] pciehp 0000:00:16.0:pcie04: service driver pciehp loaded
[    1.665226] pciehp 0000:00:16.1:pcie04: HPC vendor_id 15ad device_id 7a0 ss_vid 0 ss_did 0
[    1.665271] pciehp 0000:00:16.1:pcie04: service driver pciehp loaded
[    1.665317] pciehp 0000:00:16.2:pcie04: HPC vendor_id 15ad device_id 7a0 ss_vid 0 ss_did 0
[    1.665362] pciehp 0000:00:16.2:pcie04: service driver pciehp loaded
[    1.665407] pciehp 0000:00:16.3:pcie04: HPC vendor_id 15ad device_id 7a0 ss_vid 0 ss_did 0
[    1.665452] pciehp 0000:00:16.3:pcie04: service driver pciehp loaded
[    1.665497] pciehp 0000:00:16.4:pcie04: HPC vendor_id 15ad device_id 7a0 ss_vid 0 ss_did 0
[    1.665543] pciehp 0000:00:16.4:pcie04: service driver pciehp loaded
[    1.665588] pciehp 0000:00:16.5:pcie04: HPC vendor_id 15ad device_id 7a0 ss_vid 0 ss_did 0
[    1.665633] pciehp 0000:00:16.5:pcie04: service driver pciehp loaded
[    1.665678] pciehp 0000:00:16.6:pcie04: HPC vendor_id 15ad device_id 7a0 ss_vid 0 ss_did 0
[    1.665724] pciehp 0000:00:16.6:pcie04: service driver pciehp loaded
[    1.665769] pciehp 0000:00:16.7:pcie04: HPC vendor_id 15ad device_id 7a0 ss_vid 0 ss_did 0
[    1.665814] pciehp 0000:00:16.7:pcie04: service driver pciehp loaded
[    1.665859] pciehp 0000:00:17.0:pcie04: HPC vendor_id 15ad device_id 7a0 ss_vid 0 ss_did 0
[    1.665904] pciehp 0000:00:17.0:pcie04: service driver pciehp loaded
[    1.665950] pciehp 0000:00:17.1:pcie04: HPC vendor_id 15ad device_id 7a0 ss_vid 0 ss_did 0
[    1.665995] pciehp 0000:00:17.1:pcie04: service driver pciehp loaded
[    1.666040] pciehp 0000:00:17.2:pcie04: HPC vendor_id 15ad device_id 7a0 ss_vid 0 ss_did 0
[    1.666085] pciehp 0000:00:17.2:pcie04: service driver pciehp loaded
[    1.666131] pciehp 0000:00:17.3:pcie04: HPC vendor_id 15ad device_id 7a0 ss_vid 0 ss_did 0
[    1.666176] pciehp 0000:00:17.3:pcie04: service driver pciehp loaded
[    1.666221] pciehp 0000:00:17.4:pcie04: HPC vendor_id 15ad device_id 7a0 ss_vid 0 ss_did 0
[    1.666266] pciehp 0000:00:17.4:pcie04: service driver pciehp loaded
[    1.666311] pciehp 0000:00:17.5:pcie04: HPC vendor_id 15ad device_id 7a0 ss_vid 0 ss_did 0
[    1.666357] pciehp 0000:00:17.5:pcie04: service driver pciehp loaded
[    1.666402] pciehp 0000:00:17.6:pcie04: HPC vendor_id 15ad device_id 7a0 ss_vid 0 ss_did 0
[    1.666447] pciehp 0000:00:17.6:pcie04: service driver pciehp loaded
[    1.666492] pciehp 0000:00:17.7:pcie04: HPC vendor_id 15ad device_id 7a0 ss_vid 0 ss_did 0
[    1.666538] pciehp 0000:00:17.7:pcie04: service driver pciehp loaded
[    1.666583] pciehp 0000:00:18.0:pcie04: HPC vendor_id 15ad device_id 7a0 ss_vid 0 ss_did 0
[    1.666628] pciehp 0000:00:18.0:pcie04: service driver pciehp loaded
[    1.666673] pciehp 0000:00:18.1:pcie04: HPC vendor_id 15ad device_id 7a0 ss_vid 0 ss_did 0
[    1.666718] pciehp 0000:00:18.1:pcie04: service driver pciehp loaded
[    1.666764] pciehp 0000:00:18.2:pcie04: HPC vendor_id 15ad device_id 7a0 ss_vid 0 ss_did 0
[    1.666809] pciehp 0000:00:18.2:pcie04: service driver pciehp loaded
[    1.666854] pciehp 0000:00:18.3:pcie04: HPC vendor_id 15ad device_id 7a0 ss_vid 0 ss_did 0
[    1.666899] pciehp 0000:00:18.3:pcie04: service driver pciehp loaded
[    1.666945] pciehp 0000:00:18.4:pcie04: HPC vendor_id 15ad device_id 7a0 ss_vid 0 ss_did 0
[    1.666990] pciehp 0000:00:18.4:pcie04: service driver pciehp loaded
[    1.667035] pciehp 0000:00:18.5:pcie04: HPC vendor_id 15ad device_id 7a0 ss_vid 0 ss_did 0
[    1.667080] pciehp 0000:00:18.5:pcie04: service driver pciehp loaded
[    1.667125] pciehp 0000:00:18.6:pcie04: HPC vendor_id 15ad device_id 7a0 ss_vid 0 ss_did 0
[    1.667171] pciehp 0000:00:18.6:pcie04: service driver pciehp loaded
[    1.667216] pciehp 0000:00:18.7:pcie04: HPC vendor_id 15ad device_id 7a0 ss_vid 0 ss_did 0
[    1.667261] pciehp 0000:00:18.7:pcie04: service driver pciehp loaded
[    1.667268] pciehp: PCI Express Hot Plug Controller Driver version: 0.4
[    1.667317] ACPI: AC Adapter [ACAD] (on-line)
[    1.667371] input: Power Button as /devices/LNXSYSTM:00/LNXPWRBN:00/input/input0
[    1.667373] ACPI: Power Button [PWRF]
[    1.667418] processor LNXCPU:00: registered as cooling_device0
[    1.708308] isapnp: Scanning for PnP cards...
[    2.061782] isapnp: No Plug & Play device found
[    2.061811] random 0000 0000 0000 5f8db4e5 4cfdf2a8: initializing
[    2.061938] Linux agpgart interface v0.103
[    2.061978] agpgart-intel 0000:00:00.0: Intel 440BX Chipset
[    2.062030] agpgart-intel 0000:00:00.0: AGP aperture is 256M @ 0x0
[    2.062061] Serial: 8250/16550 driver, 32 ports, IRQ sharing enabled
[    2.062114] serial8250: ttyS0 at I/O 0x3f8 (irq = 4) is a 16550A
[    2.062167] serial8250: ttyS1 at I/O 0x2f8 (irq = 3) is a 16550A
[    2.062219] 00:0a: ttyS0 at I/O 0x3f8 (irq = 4) is a 16550A
[    2.062272] 00:0b: ttyS1 at I/O 0x2f8 (irq = 3) is a 16550A
[    2.062324] brd: module loaded
[    2.062377] loop: module loaded
[    2.062429] ata_piix 0000:00:07.1: version 2.13
[    2.062511] scsi0 : ata_piix
[    2.062558] scsi1 : ata_piix
[    2.062577] ata1: PATA max UDMA/33 cmd 0x1f0 ctl 0x3f6 bmdma 0x10c0 irq 14
[    2.062579] ata2: PATA max UDMA/33 cmd 0x170 ctl 0x376 bmdma 0x10c8 irq 15
[    2.062626] PPP generic driver version 2.4.2
[    2.062646] tun: Universal TUN/TAP device driver, 1.6
[    2.062647] tun: (C) 1999-2004 Max Krasnyansky <maxk@qualcomm.com>
[    2.062700] ehci_hcd: USB 2.0 'Enhanced' Host Controller (EHCI) Driver
[    2.062752] ACPI: PCI Interrupt Link [LNKB] enabled at IRQ 11
[    2.062755] PCI: setting IRQ 11 as level-triggered
[    2.062762] ehci_hcd 0000:02:03.0: PCI INT A -> Link[LNKB] -> GSI 11 (level, low) -> IRQ 11
[    2.062815] ehci_hcd 0000:02:03.0: EHCI Host Controller
[    2.062839] ehci_hcd 0000:02:03.0: new USB bus registered, assigned bus number 1
[    2.062891] ehci_hcd 0000:02:03.0: cache line size of 32 is not supported
[    2.062898] ehci_hcd 0000:02:03.0: irq 11, io mem 0xc9000000
[    2.063207] random 0000 0000 0000 00000000 00000000: rand_read_num 3 get_random_bytes(8): sig 00000000 00000000 00000000
[    2.063210] random 0000 0000 0000 00000000 00000000: extract_entropy(.. 8 ..)
[    2.063212] random 0000 0000 0000 00000000 00000000: going to reseed nonblocking with 64 bits (64 of 0 requested)
[    2.063214] random 0000 0000 0000 00000000 00000000: extract_entropy(.. 8 ..)
[    2.063217] random 0000 0000 0000 00000000 00000000: trying to extract 64 bits from input
[    2.063219] random 0000 0000 0000 00000000 00000000: debiting 0 entropy credits from input
[    2.063221] random 0000 0000 0000 00000000 00000000: extract_entropy account returned: 0 
[    2.063224] random 0000 0000 0000 00000000 00000000: urand_change_num 5 xfer_secondary_pool(8): pool_sig 00000000, data_sig 00000000, bytes_mixed 0 00000000 00000000
[    2.063226] random 0000 0000 0000 00000000 00000000: trying to extract 64 bits from nonblocking
[    2.063229] random 0000 0000 0000 00000000 00000000: debiting 64 entropy credits from nonblocking (unlimited)
[    2.063231] random 0000 0000 0000 00000000 00000000: extract_entropy account returned: 8 
[    2.063234] random 0000 0000 0000 00000000 00000000: urand_change_num 6 extract_buf: pool_sig 00000000, data_sig fffffff9, bytes_mixed 20 00000000 00000000
[    2.071801] ehci_hcd 0000:02:03.0: USB 2.0 started, EHCI 1.00
[    2.071853] usb usb1: configuration #1 chosen from 1 choice
[    2.071874] hub 1-0:1.0: USB hub found
[    2.071879] hub 1-0:1.0: 6 ports detected
[    2.071915] ohci_hcd: USB 1.1 'Open' Host Controller (OHCI) Driver
[    2.071928] uhci_hcd: USB Universal Host Controller Interface driver
[    2.071981] ACPI: PCI Interrupt Link [LNKC] enabled at IRQ 10
[    2.071983] PCI: setting IRQ 10 as level-triggered
[    2.071988] uhci_hcd 0000:02:00.0: PCI INT A -> Link[LNKC] -> GSI 10 (level, low) -> IRQ 10
[    2.072022] uhci_hcd 0000:02:00.0: UHCI Host Controller
[    2.072052] uhci_hcd 0000:02:00.0: new USB bus registered, assigned bus number 2
[    2.072155] uhci_hcd 0000:02:00.0: irq 10, io base 0x000020c0
[    2.072208] usb usb2: configuration #1 chosen from 1 choice
[    2.072224] hub 2-0:1.0: USB hub found
[    2.072229] hub 2-0:1.0: 2 ports detected
[    2.072281] usbcore: registered new interface driver libusual
[    2.072309] PNP: PS/2 Controller [PNP0303:KBC,PNP0f13:MOUS] at 0x60,0x64 irq 1,12
[    2.072643] serio: i8042 KBD port at 0x60,0x64 irq 1
[    2.072650] serio: i8042 AUX port at 0x60,0x64 irq 12
[    2.072685] mice: PS/2 mouse device common for all mice
[    2.072738] rtc_cmos 00:04: rtc core: registered rtc_cmos as rtc0
[    2.072754] rtc0: alarms up to one month, y3k, 114 bytes nvram, hpet irqs
[    2.072807] device-mapper: uevent: version 1.0.3
[    2.072924] device-mapper: ioctl: 4.15.0-ioctl (2009-04-01) initialised: dm-devel@redhat.com
[    2.072941] EISA: Probing bus 0 at eisa.0
[    2.072949] Cannot allocate resource for EISA slot 1
[    2.072951] Cannot allocate resource for EISA slot 2
[    2.072963] Cannot allocate resource for EISA slot 3
[    2.072965] Cannot allocate resource for EISA slot 4
[    2.072967] Cannot allocate resource for EISA slot 5
[    2.072969] Cannot allocate resource for EISA slot 6
[    2.072971] Cannot allocate resource for EISA slot 7
[    2.072973] Cannot allocate resource for EISA slot 8
[    2.072975] EISA: Detected 0 cards.
[    2.073021] cpuidle: using governor ladder
[    2.073023] cpuidle: using governor menu
[    2.073076] random 0000 0000 0000 00000000 00000000: rand_read_num 4 get_random_bytes(136): sig 0000021d 00000000 00000000
[    2.073078] random 0000 0000 0000 00000000 00000000: extract_entropy(.. 136 ..)
[    2.073081] random 0000 0000 0000 00000000 00000000: going to reseed nonblocking with 1024 bits (1088 of 0 requested)
[    2.073083] random 0000 0000 0000 00000000 00000000: extract_entropy(.. 128 ..)
[    2.073086] random 0000 0000 0000 00000000 00000000: trying to extract 1024 bits from input
[    2.073088] random 0000 0000 0000 00000000 00000000: debiting 0 entropy credits from input
[    2.073090] random 0000 0000 0000 00000000 00000000: extract_entropy account returned: 0 
[    2.073093] random 0000 0000 0000 00000000 00000000: urand_change_num 7 xfer_secondary_pool(136): pool_sig 0000021d, data_sig 00000000, bytes_mixed 0 00000000 00000000
[    2.073096] random 0000 0000 0000 00000000 00000000: trying to extract 1088 bits from nonblocking
[    2.073098] random 0000 0000 0000 00000000 00000000: debiting 1088 entropy credits from nonblocking (unlimited)
[    2.073100] random 0000 0000 0000 00000000 00000000: extract_entropy account returned: 136 
[    2.073104] random 0000 0000 0000 00000000 00000000: urand_change_num 8 extract_buf: pool_sig 0000021d, data_sig fffffff7, bytes_mixed 20 00000000 00000000
[    2.073109] random 0000 0000 0000 f961ee50 ba9cb1aa: urand_change_num 9 extract_buf: pool_sig 00000230, data_sig fffffeb4, bytes_mixed 20 f961ee50 ba9cb1aa
[    2.073113] random 0000 0000 0000 9748bdd6 56fb8af6: urand_change_num 10 extract_buf: pool_sig 00000373, data_sig 000000cf, bytes_mixed 20 9748bdd6 56fb8af6
[    2.073118] random 0000 0000 0000 9748bdd6 56fb8af6: urand_change_num 11 extract_buf: pool_sig fffffe49, data_sig 0000023f, bytes_mixed 20 9748bdd6 56fb8af6
[    2.073122] random 0000 0000 0000 a135be86 4777650e: urand_change_num 12 extract_buf: pool_sig fffffcce, data_sig 000000c6, bytes_mixed 20 a135be86 4777650e
[    2.073127] random 0000 0000 0000 4a6ea85d 170e00dd: urand_change_num 13 extract_buf: pool_sig ffffff97, data_sig ffffff7d, bytes_mixed 20 4a6ea85d 170e00dd
[    2.073131] random 0000 0000 0000 4a6ea85d 170e00dd: urand_change_num 14 extract_buf: pool_sig 00000160, data_sig fffffeea, bytes_mixed 20 4a6ea85d 170e00dd
[    2.073135] random 0000 0000 0000 6e87c3cb da668c73: urand_change_num 15 extract_buf: pool_sig 0000034f, data_sig ffffff54, bytes_mixed 20 6e87c3cb da668c73
[    2.073140] random 0000 0000 0000 6e87c3cb da668c73: urand_change_num 16 extract_buf: pool_sig fffffdc5, data_sig 00000205, bytes_mixed 20 6e87c3cb da668c73
[    2.073144] random 0000 0000 0000 39f531e6 461eb249: urand_change_num 17 extract_buf: pool_sig fffffc1d, data_sig ffffff5e, bytes_mixed 20 39f531e6 461eb249
[    2.073149] random 0000 0000 0000 7e1538a2 3e661182: urand_change_num 18 extract_buf: pool_sig 000006ef, data_sig ffffff2e, bytes_mixed 20 7e1538a2 3e661182
[    2.073153] random 0000 0000 0000 7e1538a2 3e661182: urand_change_num 19 extract_buf: pool_sig 00000317, data_sig fffffccb, bytes_mixed 20 7e1538a2 3e661182
[    2.073158] random 0000 0000 0000 76af506b 9b57305e: urand_change_num 20 extract_buf: pool_sig 00000227, data_sig ffffffd2, bytes_mixed 20 76af506b 9b57305e
[    2.073162] random 0000 0000 0000 37d49d89 e20417cc: urand_change_num 21 extract_buf: pool_sig 0000080b, data_sig 000001e9, bytes_mixed 20 37d49d89 e20417cc
[    2.073166] TCP cubic registered
[    2.073219] NET: Registered protocol family 10
[    2.073253] RANDOM - __random32 called. Change num 12.  Value: 5eba7c56	3354535f	8d65ceee
[    2.073255] RANDOM - random32 called.  Value: 5eba7c56	3354535f	8d65ceee
[    2.073264] random 0000 0000 0000 37d49d89 e20417cc: rand_read_num 5 get_random_bytes(4): sig 00000298 37d49d89 e20417cc
[    2.073266] random 0000 0000 0000 37d49d89 e20417cc: extract_entropy(.. 4 ..)
[    2.073269] random 0000 0000 0000 37d49d89 e20417cc: going to reseed nonblocking with 64 bits (32 of 0 requested)
[    2.073271] random 0000 0000 0000 37d49d89 e20417cc: extract_entropy(.. 8 ..)
[    2.073273] random 0000 0000 0000 37d49d89 e20417cc: trying to extract 64 bits from input
[    2.073275] random 0000 0000 0000 37d49d89 e20417cc: debiting 0 entropy credits from input
[    2.073277] random 0000 0000 0000 37d49d89 e20417cc: extract_entropy account returned: 0 
[    2.073280] random 0000 0000 0000 37d49d89 e20417cc: urand_change_num 22 xfer_secondary_pool(4): pool_sig 00000298, data_sig 00000000, bytes_mixed 0 37d49d89 e20417cc
[    2.073283] random 0000 0000 0000 37d49d89 e20417cc: trying to extract 32 bits from nonblocking
[    2.073286] random 0000 0000 0000 37d49d89 e20417cc: debiting 32 entropy credits from nonblocking (unlimited)
[    2.073288] random 0000 0000 0000 37d49d89 e20417cc: extract_entropy account returned: 4 
[    2.073291] random 0000 0000 0000 37d49d89 e20417cc: urand_change_num 23 extract_buf: pool_sig 00000298, data_sig 00000092, bytes_mixed 20 37d49d89 e20417cc
[    2.073344] RANDOM - __random32 called. Change num 13.  Value: a7c56226	354535ff	9ddcc977
[    2.073346] RANDOM - random32 called.  Value: a7c56226	354535ff	9ddcc977
[    2.073398] NET: Registered protocol family 17
[    2.073420] Using IPI No-Shortcut mode
[    2.073426] random 0000 0000 0000 2ee4c4fc 167bdb15: rand_read_num 6 get_random_bytes(8): sig fffffcbf 2ee4c4fc 167bdb15
[    2.073428] random 0000 0000 0000 2ee4c4fc 167bdb15: extract_entropy(.. 8 ..)
[    2.073430] random 0000 0000 0000 2ee4c4fc 167bdb15: going to reseed nonblocking with 64 bits (64 of 0 requested)
[    2.073432] random 0000 0000 0000 2ee4c4fc 167bdb15: extract_entropy(.. 8 ..)
[    2.073435] random 0000 0000 0000 2ee4c4fc 167bdb15: trying to extract 64 bits from input
[    2.073437] random 0000 0000 0000 2ee4c4fc 167bdb15: debiting 0 entropy credits from input
[    2.073439] random 0000 0000 0000 2ee4c4fc 167bdb15: extract_entropy account returned: 0 
[    2.073442] random 0000 0000 0000 2ee4c4fc 167bdb15: urand_change_num 24 xfer_secondary_pool(8): pool_sig fffffcbf, data_sig 00000000, bytes_mixed 0 2ee4c4fc 167bdb15
[    2.073444] random 0000 0000 0000 2ee4c4fc 167bdb15: trying to extract 64 bits from nonblocking
[    2.073447] random 0000 0000 0000 2ee4c4fc 167bdb15: debiting 64 entropy credits from nonblocking (unlimited)
[    2.073449] random 0000 0000 0000 2ee4c4fc 167bdb15: extract_entropy account returned: 8 
[    2.073453] random 0000 0000 0000 2ee4c4fc 167bdb15: urand_change_num 25 extract_buf: pool_sig fffffcbf, data_sig ffffff83, bytes_mixed 20 2ee4c4fc 167bdb15
[    2.073493] PM: Resume from disk failed.
[    2.073501] registered taskstats version 1
[    2.073504] random 0000 0000 0000 2ee4c4fc 167bdb15: rand_read_num 7 get_random_bytes(12): sig fffffc69 2ee4c4fc 167bdb15
[    2.073506] random 0000 0000 0000 2ee4c4fc 167bdb15: extract_entropy(.. 12 ..)
[    2.073509] random 0000 0000 0000 2ee4c4fc 167bdb15: going to reseed nonblocking with 96 bits (96 of 0 requested)
[    2.073511] random 0000 0000 0000 2ee4c4fc 167bdb15: extract_entropy(.. 12 ..)
[    2.073513] random 0000 0000 0000 2ee4c4fc 167bdb15: trying to extract 96 bits from input
[    2.073515] random 0000 0000 0000 2ee4c4fc 167bdb15: debiting 0 entropy credits from input
[    2.073517] random 0000 0000 0000 2ee4c4fc 167bdb15: extract_entropy account returned: 0 
[    2.073520] random 0000 0000 0000 2ee4c4fc 167bdb15: urand_change_num 26 xfer_secondary_pool(12): pool_sig fffffc69, data_sig 00000000, bytes_mixed 0 2ee4c4fc 167bdb15
[    2.073523] random 0000 0000 0000 2ee4c4fc 167bdb15: trying to extract 96 bits from nonblocking
[    2.073525] random 0000 0000 0000 2ee4c4fc 167bdb15: debiting 96 entropy credits from nonblocking (unlimited)
[    2.073527] random 0000 0000 0000 2ee4c4fc 167bdb15: extract_entropy account returned: 12 
[    2.073531] random 0000 0000 0000 2ee4c4fc 167bdb15: urand_change_num 27 extract_buf: pool_sig fffffc69, data_sig ffffff7d, bytes_mixed 20 2ee4c4fc 167bdb15
[    2.073535] random 0000 0000 0000 83b7c1ab 94697f48: urand_change_num 28 extract_buf: pool_sig fffffe30, data_sig fffffdd6, bytes_mixed 20 83b7c1ab 94697f48
[    2.073538] RANDOM - __seed init called.
[    2.073539] RANDOM - __seed init called.
[    2.073541] RANDOM - __seed init called.
[    2.073542] RANDOM - __random32 called. Change num 14.  Value: fc007995	feca4f80	21b38ad2
[    2.073544] RANDOM - random32_reseed called.  Value: fc007995	feca4f80	21b38ad2
[    2.073547] Pid: 1, comm: swapper Not tainted 2.6.32.57 #4
[    2.073548] Call Trace:
[    2.073554]  [<c14a8a0e>] ? printk+0x1d/0x1f
[    2.073559]  [<c17537e5>] random32_reseed+0x89/0xbd
[    2.073563]  [<c1003042>] do_one_initcall+0x32/0x1a0
[    2.073566]  [<c175375c>] ? random32_reseed+0x0/0xbd
[    2.073612]  [<c17308e7>] kernel_init+0x12d/0x17a
[    2.073614]  [<c17307ba>] ? kernel_init+0x0/0x17a
[    2.073617]  [<c1009b07>] kernel_thread_helper+0x7/0x10
[    2.076313] input: AT Translated Set 2 keyboard as /devices/platform/i8042/serio0/input/input1
[    2.076591] random 0000 0000 0000 6db70b00 b30ce96b: rand_read_num 8 get_random_bytes(64): sig fffffb38 6db70b00 b30ce96b
[    2.076594] random 0000 0000 0000 6db70b00 b30ce96b: extract_entropy(.. 64 ..)
[    2.076597] random 0000 0000 0000 6db70b00 b30ce96b: going to reseed nonblocking with 512 bits (512 of 0 requested)
[    2.076599] random 0000 0000 0000 6db70b00 b30ce96b: extract_entropy(.. 64 ..)
[    2.076601] random 0000 0000 0000 6db70b00 b30ce96b: trying to extract 512 bits from input
[    2.076604] random 0000 0000 0000 6db70b00 b30ce96b: debiting 0 entropy credits from input
[    2.076606] random 0000 0000 0000 6db70b00 b30ce96b: extract_entropy account returned: 0 
[    2.076609] random 0000 0000 0000 6db70b00 b30ce96b: urand_change_num 29 xfer_secondary_pool(64): pool_sig fffffb38, data_sig 00000000, bytes_mixed 0 6db70b00 b30ce96b
[    2.076611] random 0000 0000 0000 6db70b00 b30ce96b: trying to extract 512 bits from nonblocking
[    2.076614] random 0000 0000 0000 6db70b00 b30ce96b: debiting 512 entropy credits from nonblocking (unlimited)
[    2.076616] random 0000 0000 0000 6db70b00 b30ce96b: extract_entropy account returned: 64 
[    2.076620] random 0000 0000 0000 6db70b00 b30ce96b: urand_change_num 30 extract_buf: pool_sig fffffb38, data_sig 00000151, bytes_mixed 20 6db70b00 b30ce96b
[    2.076624] random 0000 0000 0000 6db70b00 b30ce96b: urand_change_num 31 extract_buf: pool_sig fffffdb8, data_sig 00000379, bytes_mixed 20 6db70b00 b30ce96b
[    2.076629] random 0000 0000 0000 6b83001e d4b6c0d3: urand_change_num 32 extract_buf: pool_sig ffffffc9, data_sig 00000198, bytes_mixed 20 6b83001e d4b6c0d3
[    2.076633] random 0000 0000 0000 79d3e3c7 be564518: urand_change_num 33 extract_buf: pool_sig 000002b9, data_sig ffffff84, bytes_mixed 20 79d3e3c7 be564518
[    2.076638] random 0000 0000 0000 79d3e3c7 be564518: urand_change_num 34 extract_buf: pool_sig ffffff55, data_sig ffffff5a, bytes_mixed 20 79d3e3c7 be564518
[    2.076642] random 0000 0000 0000 89c03cb2 0d353228: urand_change_num 35 extract_buf: pool_sig 00000007, data_sig ffffff17, bytes_mixed 20 89c03cb2 0d353228
[    2.076647] random 0000 0000 0000 89c03cb2 0d353228: urand_change_num 36 extract_buf: pool_sig fffffdae, data_sig 000000db, bytes_mixed 20 89c03cb2 0d353228  Magic number: 13:91:147
[    2.076676] acpi device:18: hash matches
[    2.076745] rtc_cmos 00:04: setting system clock to 2013-05-24 21:07:40 UTC (1369429660)
[    2.076748] BIOS EDD facility v0.16 2004-Jun-25, 0 devices found
[    2.076749] EDD information not available.
[    2.076773] random 0000 0000 0000 8ca62387 b120332c: rand_read_num 9 get_random_bytes(64): sig fffffed6 8ca62387 b120332c
[    2.076776] random 0000 0000 0000 8ca62387 b120332c: extract_entropy(.. 64 ..)
[    2.076778] random 0000 0000 0000 8ca62387 b120332c: going to reseed nonblocking with 512 bits (512 of 0 requested)
[    2.076780] random 0000 0000 0000 8ca62387 b120332c: extract_entropy(.. 64 ..)
[    2.076782] random 0000 0000 0000 8ca62387 b120332c: trying to extract 512 bits from input
[    2.076784] random 0000 0000 0000 8ca62387 b120332c: debiting 0 entropy credits from input
[    2.076787] random 0000 0000 0000 8ca62387 b120332c: extract_entropy account returned: 0 
[    2.076789] random 0000 0000 0000 8ca62387 b120332c: urand_change_num 37 xfer_secondary_pool(64): pool_sig fffffed6, data_sig 00000000, bytes_mixed 0 8ca62387 b120332c
[    2.076792] random 0000 0000 0000 8ca62387 b120332c: trying to extract 512 bits from nonblocking
[    2.076795] random 0000 0000 0000 8ca62387 b120332c: debiting 512 entropy credits from nonblocking (unlimited)
[    2.076797] random 0000 0000 0000 8ca62387 b120332c: extract_entropy account returned: 64 
[    2.076800] random 0000 0000 0000 8ca62387 b120332c: urand_change_num 38 extract_buf: pool_sig fffffed6, data_sig fffffeb6, bytes_mixed 20 8ca62387 b120332c
[    2.076805] random 0000 0000 0000 90702413 e2a66c2e: urand_change_num 39 extract_buf: pool_sig fffffbb0, data_sig 0000012e, bytes_mixed 20 90702413 e2a66c2e
[    2.076809] random 0000 0000 0000 90702413 e2a66c2e: urand_change_num 40 extract_buf: pool_sig fffffaf1, data_sig ffffff3c, bytes_mixed 20 90702413 e2a66c2e
[    2.076813] random 0000 0000 0000 3f58038b c77aecb6: urand_change_num 41 extract_buf: pool_sig 00000234, data_sig fffffdec, bytes_mixed 20 3f58038b c77aecb6
[    2.076818] random 0000 0000 0000 47187b9d 03f21510: urand_change_num 42 extract_buf: pool_sig 00000192, data_sig 00000075, bytes_mixed 20 47187b9d 03f21510
[    2.076822] random 0000 0000 0000 47187b9d 03f21510: urand_change_num 43 extract_buf: pool_sig 0000018e, data_sig ffffffbf, bytes_mixed 20 47187b9d 03f21510
[    2.076840] random 0000 0000 0000 3180b1fc 0fa9c973: urand_change_num 44 extract_buf: pool_sig fffffecf, data_sig ffffff2a, bytes_mixed 20 3180b1fc 0fa9c973
[    2.076843] BEGIN NET_SECRET:
[    2.076844] \xffffff87
[    2.076846] \xffffff8d
[    2.076847] \xfffffff4
[    2.076848] \xffffffae
[    2.076849] \xffffffc3
[    2.076850] \xffffffb7
[    2.076851] \x31
[    2.076853] \x65
[    2.076854] \xffffffda
[    2.076855] \xffffffa2
[    2.076856] \x31
[    2.076857] \xffffffc8
[    2.076858] \xffffffa9
[    2.076860] \x76
[    2.076861] \x76
[    2.076862] \xffffff90
[    2.076863] \x55
[    2.076864] \xfffffff3
[    2.076865] \xffffffb1
[    2.076866] \x3
[    2.076868] \xffffffb3
[    2.076869] \xffffffa7
[    2.076870] \x5a
[    2.076871] \x71
[    2.076872] \x70
[    2.076873] \xffffff8c
[    2.076874] \x56
[    2.076875] \x25
[    2.076877] \xffffffe1
[    2.076878] \x4c
[    2.076879] \xffffffe6
[    2.076880] \xffffff95
[    2.076881] \x67
[    2.076882] \x4c
[    2.076883] \xffffffb9
[    2.076885] \x1d
[    2.076886] \xe
[    2.076887] \x34
[    2.076888] \xffffffbe
[    2.076889] \x12
[    2.076890] \x5
[    2.076891] \xffffff98
[    2.076892] \xffffffa0
[    2.076894] \xf
[    2.076895] \xffffffb2
[    2.076896] \xffffffde
[    2.076897] \xffffff99
[    2.076898] \xf
[    2.076899] \xffffffe8
[    2.076900] \xffffffc8
[    2.076902] \x1f
[    2.076903] \x54
[    2.076904] \x2c
[    2.076905] \xffffffee
[    2.076906] \x2e
[    2.076907] \x0
[    2.076908] \xffffff95
[    2.076910] \x0
[    2.076911] \xffffffe3
[    2.076912] \xffffffa7
[    2.076913] \xfffffffd
[    2.076914] \x66
[    2.076915] \xffffff92
[    2.076916] \xfffffff0
[    2.076918] 
[    2.076918] END NET_SECRET
[    2.076921] random 0000 0000 0000 3180b1fc 0fa9c973: rand_read_num 10 get_random_bytes(4): sig ffffff46 3180b1fc 0fa9c973
[    2.076924] random 0000 0000 0000 3180b1fc 0fa9c973: extract_entropy(.. 4 ..)
[    2.076926] random 0000 0000 0000 3180b1fc 0fa9c973: going to reseed nonblocking with 64 bits (32 of 0 requested)
[    2.076928] random 0000 0000 0000 3180b1fc 0fa9c973: extract_entropy(.. 8 ..)
[    2.076930] random 0000 0000 0000 3180b1fc 0fa9c973: trying to extract 64 bits from input
[    2.076932] random 0000 0000 0000 3180b1fc 0fa9c973: debiting 0 entropy credits from input
[    2.076934] random 0000 0000 0000 3180b1fc 0fa9c973: extract_entropy account returned: 0 
[    2.076937] random 0000 0000 0000 3180b1fc 0fa9c973: urand_change_num 45 xfer_secondary_pool(4): pool_sig ffffff46, data_sig 00000000, bytes_mixed 0 3180b1fc 0fa9c973
[    2.076940] random 0000 0000 0000 3180b1fc 0fa9c973: trying to extract 32 bits from nonblocking
[    2.076942] random 0000 0000 0000 3180b1fc 0fa9c973: debiting 32 entropy credits from nonblocking (unlimited)
[    2.076945] random 0000 0000 0000 3180b1fc 0fa9c973: extract_entropy account returned: 4 
[    2.076948] random 0000 0000 0000 3180b1fc 0fa9c973: urand_change_num 46 extract_buf: pool_sig ffffff46, data_sig 0000001b, bytes_mixed 20 3180b1fc 0fa9c973
[    2.249691] ata2.00: ATAPI: VMware Virtual IDE CDROM Drive, 00000001, max UDMA/33
[    2.249972] ata2.00: configured for UDMA/33
[    2.250387] scsi 1:0:0:0: CD-ROM            NECVMWar VMware IDE CDR10 1.00 PQ: 0 ANSI: 5
[    2.251620] sr0: scsi3-mmc drive: 306x/306x cd/rw xa/form2 cdda tray
[    2.251624] Uniform CD-ROM driver Revision: 3.20
[    2.251676] sr 1:0:0:0: Attached scsi CD-ROM sr0
[    2.251714] sr 1:0:0:0: Attached scsi generic sg0 type 5
[    2.251751] Freeing unused kernel memory: 652k freed
[    2.251804] Write protecting the kernel text: 4840k
[    2.251834] Write protecting the kernel read-only data: 1968k
