[    0.000000] random 0000 0000 0000 00000000 00000000: rand_read_num 1 get_random_bytes(8): sig 00000000 00000000 00000000
[    0.000000] random 0000 0000 0000 00000000 00000000: extract_entropy(.. 8 ..)
[    0.000000] random 0000 0000 0000 00000000 00000000: going to reseed nonblocking with 64 bits (64 of 0 requested)
[    0.000000] random 0000 0000 0000 00000000 00000000: extract_entropy(.. 8 ..)
[    0.000000] random 0000 0000 0000 00000000 00000000: trying to extract 64 bits from input
[    0.000000] random 0000 0000 0000 00000000 00000000: debiting 0 entropy credits from input
[    0.000000] random 0000 0000 0000 00000000 00000000: extract_entropy account returned: 0 
[    0.000000] random 0000 0000 0000 00000000 00000000: urand_change_num 1 xfer_secondary_pool(8): pool_sig 00000000, data_sig 00000000, bytes_mixed 0 00000000 00000000
[    0.000000] random 0000 0000 0000 00000000 00000000: trying to extract 64 bits from nonblocking
[    0.000000] random 0000 0000 0000 00000000 00000000: debiting 64 entropy credits from nonblocking (unlimited)
[    0.000000] random 0000 0000 0000 00000000 00000000: extract_entropy account returned: 8 
[    0.000000] random 0000 0000 0000 00000000 00000000: urand_change_num 2 extract_buf: pool_sig 00000000, data_sig fffffff9, bytes_mixed 20 00000000 00000000
[    0.000000] Initializing cgroup subsys cpuset
[    0.000000] Initializing cgroup subsys cpu
[    0.000000] Linux version 2.6.32.57 (dcashman@ubuntu) (gcc version 4.6.3 (Ubuntu/Linaro 4.6.3-1ubuntu5) ) #4 SMP Fri May 24 11:09:26 PDT 2013
[    0.000000] KERNEL supported cpus:
[    0.000000]   Intel GenuineIntel
[    0.000000]   AMD AuthenticAMD
[    0.000000]   NSC Geode by NSC
[    0.000000]   Cyrix CyrixInstead
[    0.000000]   Centaur CentaurHauls
[    0.000000]   Transmeta GenuineTMx86
[    0.000000]   Transmeta TransmetaCPU
[    0.000000]   UMC UMC UMC UMC
[    0.000000] BIOS-provided physical RAM map:
[    0.000000]  BIOS-e820: 0000000000000000 - 000000000009f000 (usable)
[    0.000000]  BIOS-e820: 000000000009f000 - 00000000000a0000 (reserved)
[    0.000000]  BIOS-e820: 00000000000ca000 - 00000000000cc000 (reserved)
[    0.000000]  BIOS-e820: 00000000000dc000 - 0000000000100000 (reserved)
[    0.000000]  BIOS-e820: 0000000000100000 - 000000003fee0000 (usable)
[    0.000000]  BIOS-e820: 000000003fee0000 - 000000003feff000 (ACPI data)
[    0.000000]  BIOS-e820: 000000003feff000 - 000000003ff00000 (ACPI NVS)
[    0.000000]  BIOS-e820: 000000003ff00000 - 0000000040000000 (usable)
[    0.000000]  BIOS-e820: 00000000e0000000 - 00000000f0000000 (reserved)
[    0.000000]  BIOS-e820: 00000000fec00000 - 00000000fec10000 (reserved)
[    0.000000]  BIOS-e820: 00000000fee00000 - 00000000fee01000 (reserved)
[    0.000000]  BIOS-e820: 00000000fffe0000 - 0000000100000000 (reserved)
[    0.000000] DMI present.
[    0.000000] Phoenix BIOS detected: BIOS may corrupt low RAM, working around it.
[    0.000000] e820 update range: 0000000000000000 - 0000000000010000 (usable) ==> (reserved)
[    0.000000] last_pfn = 0x40000 max_arch_pfn = 0x1000000
[    0.000000] MTRR default type: uncachable
[    0.000000] MTRR fixed ranges enabled:
[    0.000000]   00000-9FFFF write-back
[    0.000000]   A0000-BFFFF uncachable
[    0.000000]   C0000-CBFFF write-protect
[    0.000000]   CC000-EFFFF uncachable
[    0.000000]   F0000-FFFFF write-protect
[    0.000000] MTRR variable ranges enabled:
[    0.000000]   0 base 0000000000 mask FFC0000000 write-back
[    0.000000]   1 disabled
[    0.000000]   2 disabled
[    0.000000]   3 disabled
[    0.000000]   4 disabled
[    0.000000]   5 disabled
[    0.000000]   6 disabled
[    0.000000]   7 disabled
[    0.000000] x86 PAT enabled: cpu 0, old 0x0, new 0x7010600070106
[    0.000000] Scanning 0 areas for low memory corruption
[    0.000000] modified physical RAM map:
[    0.000000]  modified: 0000000000000000 - 0000000000010000 (reserved)
[    0.000000]  modified: 0000000000010000 - 000000000009f000 (usable)
[    0.000000]  modified: 000000000009f000 - 00000000000a0000 (reserved)
[    0.000000]  modified: 00000000000ca000 - 00000000000cc000 (reserved)
[    0.000000]  modified: 00000000000dc000 - 0000000000100000 (reserved)
[    0.000000]  modified: 0000000000100000 - 000000003fee0000 (usable)
[    0.000000]  modified: 000000003fee0000 - 000000003feff000 (ACPI data)
[    0.000000]  modified: 000000003feff000 - 000000003ff00000 (ACPI NVS)
[    0.000000]  modified: 000000003ff00000 - 0000000040000000 (usable)
[    0.000000]  modified: 00000000e0000000 - 00000000f0000000 (reserved)
[    0.000000]  modified: 00000000fec00000 - 00000000fec10000 (reserved)
[    0.000000]  modified: 00000000fee00000 - 00000000fee01000 (reserved)
[    0.000000]  modified: 00000000fffe0000 - 0000000100000000 (reserved)
[    0.000000] initial memory mapped : 0 - 01e00000
[    0.000000] init_memory_mapping: 0000000000000000-00000000379fe000
[    0.000000] NX (Execute Disable) protection: active
[    0.000000]  0000000000 - 0000200000 page 4k
[    0.000000]  0000200000 - 0037800000 page 2M
[    0.000000]  0037800000 - 00379fe000 page 4k
[    0.000000] kernel direct mapping tables up to 379fe000 @ 10000-16000
[    0.000000] RAMDISK: 2dcfc000 - 32e758c3
[    0.000000] ACPI: RSDP 000f6b80 00024 (v02 PTLTD )
[    0.000000] ACPI: XSDT 3feed636 0005C (v01 INTEL  440BX    06040000 VMW  01324272)
[    0.000000] ACPI: FACP 3fefee98 000F4 (v04 INTEL  440BX    06040000 PTL  000F4240)
[    0.000000] ACPI: DSDT 3feee366 10B32 (v01 PTLTD  Custom   06040000 MSFT 03000001)
[    0.000000] ACPI: FACS 3fefffc0 00040
[    0.000000] ACPI: BOOT 3feee33e 00028 (v01 PTLTD  $SBFTBL$ 06040000  LTP 00000001)
[    0.000000] ACPI: APIC 3feedc3e 003C2 (v01 PTLTD  ? APIC   06040000  LTP 00000000)
[    0.000000] ACPI: MCFG 3feedc02 0003C (v01 PTLTD  $PCITBL$ 06040000  LTP 00000001)
[    0.000000] ACPI: SRAT 3feed732 004D0 (v02 VMWARE MEMPLUG  06040000 VMW  00000001)
[    0.000000] ACPI: HPET 3feed6fa 00038 (v01 VMWARE VMW HPET 06040000 VMW  00000001)
[    0.000000] ACPI: WAET 3feed6d2 00028 (v01 VMWARE VMW WAET 06040000 VMW  00000001)
[    0.000000] ACPI: Local APIC address 0xfee00000
[    0.000000] 134MB HIGHMEM available.
[    0.000000] 889MB LOWMEM available.
[    0.000000]   mapped low ram: 0 - 379fe000
[    0.000000]   low ram: 0 - 379fe000
[    0.000000]   node 0 low ram: 00000000 - 379fe000
[    0.000000]   node 0 bootmap 00012000 - 00018f40
[    0.000000] (9 early reservations) ==> bootmem [0000000000 - 00379fe000]
[    0.000000]   #0 [0000000000 - 0000001000]   BIOS data page ==> [0000000000 - 0000001000]
[    0.000000]   #1 [0000001000 - 0000002000]    EX TRAMPOLINE ==> [0000001000 - 0000002000]
[    0.000000]   #2 [0000006000 - 0000007000]       TRAMPOLINE ==> [0000006000 - 0000007000]
[    0.000000]   #3 [0001000000 - 0001a75ff8]    TEXT DATA BSS ==> [0001000000 - 0001a75ff8]
[    0.000000]   #4 [002dcfc000 - 0032e758c3]          RAMDISK ==> [002dcfc000 - 0032e758c3]
[    0.000000]   #5 [000009f000 - 0000100000]    BIOS reserved ==> [000009f000 - 0000100000]
[    0.000000]   #6 [0001a76000 - 0001a851c0]              BRK ==> [0001a76000 - 0001a851c0]
[    0.000000]   #7 [0000010000 - 0000012000]          PGTABLE ==> [0000010000 - 0000012000]
[    0.000000]   #8 [0000012000 - 0000019000]          BOOTMAP ==> [0000012000 - 0000019000]
[    0.000000] found SMP MP-table at [c00f6bf0] f6bf0
[    0.000000] Zone PFN ranges:
[    0.000000]   DMA      0x00000010 -> 0x00001000
[    0.000000]   Normal   0x00001000 -> 0x000379fe
[    0.000000]   HighMem  0x000379fe -> 0x00040000
[    0.000000] Movable zone start PFN for each node
[    0.000000] early_node_map[3] active PFN ranges
[    0.000000]     0: 0x00000010 -> 0x0000009f
[    0.000000]     0: 0x00000100 -> 0x0003fee0
[    0.000000]     0: 0x0003ff00 -> 0x00040000
[    0.000000] On node 0 totalpages: 261999
[    0.000000] free_area_init_node: node 0, pgdat c1715200, node_mem_map c1a87200
[    0.000000]   DMA zone: 32 pages used for memmap
[    0.000000]   DMA zone: 0 pages reserved
[    0.000000]   DMA zone: 3951 pages, LIFO batch:0
[    0.000000]   Normal zone: 1748 pages used for memmap
[    0.000000]   Normal zone: 221994 pages, LIFO batch:31
[    0.000000]   HighMem zone: 269 pages used for memmap
[    0.000000]   HighMem zone: 34005 pages, LIFO batch:7
[    0.000000] Using APIC driver default
[    0.000000] ACPI: PM-Timer IO Port: 0x1008
[    0.000000] ACPI: Local APIC address 0xfee00000
[    0.000000] ACPI: LAPIC (acpi_id[0x00] lapic_id[0x00] enabled)
[    0.000000] ACPI: LAPIC (acpi_id[0x01] lapic_id[0x02] disabled)
[    0.000000] ACPI: LAPIC (acpi_id[0x02] lapic_id[0x04] disabled)
[    0.000000] ACPI: LAPIC (acpi_id[0x03] lapic_id[0x06] disabled)
[    0.000000] ACPI: LAPIC (acpi_id[0x04] lapic_id[0x08] disabled)
[    0.000000] ACPI: LAPIC (acpi_id[0x05] lapic_id[0x0a] disabled)
[    0.000000] ACPI: LAPIC (acpi_id[0x06] lapic_id[0x0c] disabled)
[    0.000000] ACPI: LAPIC (acpi_id[0x07] lapic_id[0x0e] disabled)
[    0.000000] ACPI: LAPIC (acpi_id[0x08] lapic_id[0x10] disabled)
[    0.000000] ACPI: LAPIC (acpi_id[0x09] lapic_id[0x12] disabled)
[    0.000000] ACPI: LAPIC (acpi_id[0x0a] lapic_id[0x14] disabled)
[    0.000000] ACPI: LAPIC (acpi_id[0x0b] lapic_id[0x16] disabled)
[    0.000000] ACPI: LAPIC (acpi_id[0x0c] lapic_id[0x18] disabled)
[    0.000000] ACPI: LAPIC (acpi_id[0x0d] lapic_id[0x1a] disabled)
[    0.000000] ACPI: LAPIC (acpi_id[0x0e] lapic_id[0x1c] disabled)
[    0.000000] ACPI: LAPIC (acpi_id[0x0f] lapic_id[0x1e] disabled)
[    0.000000] ACPI: LAPIC (acpi_id[0x10] lapic_id[0x20] disabled)
[    0.000000] ACPI: LAPIC (acpi_id[0x11] lapic_id[0x22] disabled)
[    0.000000] ACPI: LAPIC (acpi_id[0x12] lapic_id[0x24] disabled)
[    0.000000] ACPI: LAPIC (acpi_id[0x13] lapic_id[0x26] disabled)
[    0.000000] ACPI: LAPIC (acpi_id[0x14] lapic_id[0x28] disabled)
[    0.000000] ACPI: LAPIC (acpi_id[0x15] lapic_id[0x2a] disabled)
[    0.000000] ACPI: LAPIC (acpi_id[0x16] lapic_id[0x2c] disabled)
[    0.000000] ACPI: LAPIC (acpi_id[0x17] lapic_id[0x2e] disabled)
[    0.000000] ACPI: LAPIC (acpi_id[0x18] lapic_id[0x30] disabled)
[    0.000000] ACPI: LAPIC (acpi_id[0x19] lapic_id[0x32] disabled)
[    0.000000] ACPI: LAPIC (acpi_id[0x1a] lapic_id[0x34] disabled)
[    0.000000] ACPI: LAPIC (acpi_id[0x1b] lapic_id[0x36] disabled)
[    0.000000] ACPI: LAPIC (acpi_id[0x1c] lapic_id[0x38] disabled)
[    0.000000] ACPI: LAPIC (acpi_id[0x1d] lapic_id[0x3a] disabled)
[    0.000000] ACPI: LAPIC (acpi_id[0x1e] lapic_id[0x3c] disabled)
[    0.000000] ACPI: LAPIC (acpi_id[0x1f] lapic_id[0x3e] disabled)
[    0.000000] ACPI: LAPIC (acpi_id[0x20] lapic_id[0x40] disabled)
[    0.000000] ACPI: LAPIC (acpi_id[0x21] lapic_id[0x42] disabled)
[    0.000000] ACPI: LAPIC (acpi_id[0x22] lapic_id[0x44] disabled)
[    0.000000] ACPI: LAPIC (acpi_id[0x23] lapic_id[0x46] disabled)
[    0.000000] ACPI: LAPIC (acpi_id[0x24] lapic_id[0x48] disabled)
[    0.000000] ACPI: LAPIC (acpi_id[0x25] lapic_id[0x4a] disabled)
[    0.000000] ACPI: LAPIC (acpi_id[0x26] lapic_id[0x4c] disabled)
[    0.000000] ACPI: LAPIC (acpi_id[0x27] lapic_id[0x4e] disabled)
[    0.000000] ACPI: LAPIC (acpi_id[0x28] lapic_id[0x50] disabled)
[    0.000000] ACPI: LAPIC (acpi_id[0x29] lapic_id[0x52] disabled)
[    0.000000] ACPI: LAPIC (acpi_id[0x2a] lapic_id[0x54] disabled)
[    0.000000] ACPI: LAPIC (acpi_id[0x2b] lapic_id[0x56] disabled)
[    0.000000] ACPI: LAPIC (acpi_id[0x2c] lapic_id[0x58] disabled)
[    0.000000] ACPI: LAPIC (acpi_id[0x2d] lapic_id[0x5a] disabled)
[    0.000000] ACPI: LAPIC (acpi_id[0x2e] lapic_id[0x5c] disabled)
[    0.000000] ACPI: LAPIC (acpi_id[0x2f] lapic_id[0x5e] disabled)
[    0.000000] ACPI: LAPIC (acpi_id[0x30] lapic_id[0x60] disabled)
[    0.000000] ACPI: LAPIC (acpi_id[0x31] lapic_id[0x62] disabled)
[    0.000000] ACPI: LAPIC (acpi_id[0x32] lapic_id[0x64] disabled)
[    0.000000] ACPI: LAPIC (acpi_id[0x33] lapic_id[0x66] disabled)
[    0.000000] ACPI: LAPIC (acpi_id[0x34] lapic_id[0x68] disabled)
[    0.000000] ACPI: LAPIC (acpi_id[0x35] lapic_id[0x6a] disabled)
[    0.000000] ACPI: LAPIC (acpi_id[0x36] lapic_id[0x6c] disabled)
[    0.000000] ACPI: LAPIC (acpi_id[0x37] lapic_id[0x6e] disabled)
[    0.000000] ACPI: LAPIC (acpi_id[0x38] lapic_id[0x70] disabled)
[    0.000000] ACPI: LAPIC (acpi_id[0x39] lapic_id[0x72] disabled)
[    0.000000] ACPI: LAPIC (acpi_id[0x3a] lapic_id[0x74] disabled)
[    0.000000] ACPI: LAPIC (acpi_id[0x3b] lapic_id[0x76] disabled)
[    0.000000] ACPI: LAPIC (acpi_id[0x3c] lapic_id[0x78] disabled)
[    0.000000] ACPI: LAPIC (acpi_id[0x3d] lapic_id[0x7a] disabled)
[    0.000000] ACPI: LAPIC (acpi_id[0x3e] lapic_id[0x7c] disabled)
[    0.000000] ACPI: LAPIC (acpi_id[0x3f] lapic_id[0x7e] disabled)
[    0.000000] ACPI: LAPIC_NMI (acpi_id[0x00] high edge lint[0x1])
[    0.000000] ACPI: LAPIC_NMI (acpi_id[0x01] high edge lint[0x1])
[    0.000000] ACPI: LAPIC_NMI (acpi_id[0x02] high edge lint[0x1])
[    0.000000] ACPI: LAPIC_NMI (acpi_id[0x03] high edge lint[0x1])
[    0.000000] ACPI: LAPIC_NMI (acpi_id[0x04] high edge lint[0x1])
[    0.000000] ACPI: LAPIC_NMI (acpi_id[0x05] high edge lint[0x1])
[    0.000000] ACPI: LAPIC_NMI (acpi_id[0x06] high edge lint[0x1])
[    0.000000] ACPI: LAPIC_NMI (acpi_id[0x07] high edge lint[0x1])
[    0.000000] ACPI: LAPIC_NMI (acpi_id[0x08] high edge lint[0x1])
[    0.000000] ACPI: LAPIC_NMI (acpi_id[0x09] high edge lint[0x1])
[    0.000000] ACPI: LAPIC_NMI (acpi_id[0x0a] high edge lint[0x1])
[    0.000000] ACPI: LAPIC_NMI (acpi_id[0x0b] high edge lint[0x1])
[    0.000000] ACPI: LAPIC_NMI (acpi_id[0x0c] high edge lint[0x1])
[    0.000000] ACPI: LAPIC_NMI (acpi_id[0x0d] high edge lint[0x1])
[    0.000000] ACPI: LAPIC_NMI (acpi_id[0x0e] high edge lint[0x1])
[    0.000000] ACPI: LAPIC_NMI (acpi_id[0x0f] high edge lint[0x1])
[    0.000000] ACPI: LAPIC_NMI (acpi_id[0x10] high edge lint[0x1])
[    0.000000] ACPI: LAPIC_NMI (acpi_id[0x11] high edge lint[0x1])
[    0.000000] ACPI: LAPIC_NMI (acpi_id[0x12] high edge lint[0x1])
[    0.000000] ACPI: LAPIC_NMI (acpi_id[0x13] high edge lint[0x1])
[    0.000000] ACPI: LAPIC_NMI (acpi_id[0x14] high edge lint[0x1])
[    0.000000] ACPI: LAPIC_NMI (acpi_id[0x15] high edge lint[0x1])
[    0.000000] ACPI: LAPIC_NMI (acpi_id[0x16] high edge lint[0x1])
[    0.000000] ACPI: LAPIC_NMI (acpi_id[0x17] high edge lint[0x1])
[    0.000000] ACPI: LAPIC_NMI (acpi_id[0x18] high edge lint[0x1])
[    0.000000] ACPI: LAPIC_NMI (acpi_id[0x19] high edge lint[0x1])
[    0.000000] ACPI: LAPIC_NMI (acpi_id[0x1a] high edge lint[0x1])
[    0.000000] ACPI: LAPIC_NMI (acpi_id[0x1b] high edge lint[0x1])
[    0.000000] ACPI: LAPIC_NMI (acpi_id[0x1c] high edge lint[0x1])
[    0.000000] ACPI: LAPIC_NMI (acpi_id[0x1d] high edge lint[0x1])
[    0.000000] ACPI: LAPIC_NMI (acpi_id[0x1e] high edge lint[0x1])
[    0.000000] ACPI: LAPIC_NMI (acpi_id[0x1f] high edge lint[0x1])
[    0.000000] ACPI: LAPIC_NMI (acpi_id[0x20] high edge lint[0x1])
[    0.000000] ACPI: LAPIC_NMI (acpi_id[0x21] high edge lint[0x1])
[    0.000000] ACPI: LAPIC_NMI (acpi_id[0x22] high edge lint[0x1])
[    0.000000] ACPI: LAPIC_NMI (acpi_id[0x23] high edge lint[0x1])
[    0.000000] ACPI: LAPIC_NMI (acpi_id[0x24] high edge lint[0x1])
[    0.000000] ACPI: LAPIC_NMI (acpi_id[0x25] high edge lint[0x1])
[    0.000000] ACPI: LAPIC_NMI (acpi_id[0x26] high edge lint[0x1])
[    0.000000] ACPI: LAPIC_NMI (acpi_id[0x27] high edge lint[0x1])
[    0.000000] ACPI: LAPIC_NMI (acpi_id[0x28] high edge lint[0x1])
[    0.000000] ACPI: LAPIC_NMI (acpi_id[0x29] high edge lint[0x1])
[    0.000000] ACPI: LAPIC_NMI (acpi_id[0x2a] high edge lint[0x1])
[    0.000000] ACPI: LAPIC_NMI (acpi_id[0x2b] high edge lint[0x1])
[    0.000000] ACPI: LAPIC_NMI (acpi_id[0x2c] high edge lint[0x1])
[    0.000000] ACPI: LAPIC_NMI (acpi_id[0x2d] high edge lint[0x1])
[    0.000000] ACPI: LAPIC_NMI (acpi_id[0x2e] high edge lint[0x1])
[    0.000000] ACPI: LAPIC_NMI (acpi_id[0x2f] high edge lint[0x1])
[    0.000000] ACPI: LAPIC_NMI (acpi_id[0x30] high edge lint[0x1])
[    0.000000] ACPI: LAPIC_NMI (acpi_id[0x31] high edge lint[0x1])
[    0.000000] ACPI: LAPIC_NMI (acpi_id[0x32] high edge lint[0x1])
[    0.000000] ACPI: LAPIC_NMI (acpi_id[0x33] high edge lint[0x1])
[    0.000000] ACPI: LAPIC_NMI (acpi_id[0x34] high edge lint[0x1])
[    0.000000] ACPI: LAPIC_NMI (acpi_id[0x35] high edge lint[0x1])
[    0.000000] ACPI: LAPIC_NMI (acpi_id[0x36] high edge lint[0x1])
[    0.000000] ACPI: LAPIC_NMI (acpi_id[0x37] high edge lint[0x1])
[    0.000000] ACPI: LAPIC_NMI (acpi_id[0x38] high edge lint[0x1])
[    0.000000] ACPI: LAPIC_NMI (acpi_id[0x39] high edge lint[0x1])
[    0.000000] ACPI: LAPIC_NMI (acpi_id[0x3a] high edge lint[0x1])
[    0.000000] ACPI: LAPIC_NMI (acpi_id[0x3b] high edge lint[0x1])
[    0.000000] ACPI: LAPIC_NMI (acpi_id[0x3c] high edge lint[0x1])
[    0.000000] ACPI: LAPIC_NMI (acpi_id[0x3d] high edge lint[0x1])
[    0.000000] ACPI: LAPIC_NMI (acpi_id[0x3e] high edge lint[0x1])
[    0.000000] ACPI: LAPIC_NMI (acpi_id[0x3f] high edge lint[0x1])
[    0.000000] ACPI: Skipping IOAPIC probe due to 'noapic' option.
[    0.000000] Using ACPI for processor (LAPIC) configuration information
[    0.000000] ACPI: HPET id: 0x8086af01 base: 0xfed00000
[    0.000000] Intel MultiProcessor Specification v1.4
[    0.000000]     Virtual Wire compatibility mode.
[    0.000000] MPTABLE: OEM ID: INTEL   
[    0.000000] MPTABLE: Product ID: 440BX       
[    0.000000] MPTABLE: APIC at: 0xFEE00000
[    0.000000] I/O APIC #1 Version 17 at 0xFEC00000.
[    0.000000] Processors: 1
[    0.000000] 64 Processors exceeds NR_CPUS limit of 8
[    0.000000] SMP: Allowing 8 CPUs, 7 hotplug CPUs
[    0.000000] nr_irqs_gsi: 24
[    0.000000] PM: Registered nosave memory: 000000000009f000 - 00000000000a0000
[    0.000000] PM: Registered nosave memory: 00000000000a0000 - 00000000000ca000
[    0.000000] PM: Registered nosave memory: 00000000000ca000 - 00000000000cc000
[    0.000000] PM: Registered nosave memory: 00000000000cc000 - 00000000000dc000
[    0.000000] PM: Registered nosave memory: 00000000000dc000 - 0000000000100000
[    0.000000] Allocating PCI resources starting at 40000000 (gap: 40000000:a0000000)
[    0.000000] Booting paravirtualized kernel on bare hardware
[    0.000000] NR_CPUS:8 nr_cpumask_bits:8 nr_cpu_ids:8 nr_node_ids:1
[    0.000000] PERCPU: Embedded 15 pages/cpu @c2400000 s39320 r0 d22120 u262144
[    0.000000] pcpu-alloc: s39320 r0 d22120 u262144 alloc=1*2097152
[    0.000000] pcpu-alloc: [0] 0 1 2 3 4 5 6 7 
[    0.000000] Built 1 zonelists in Zone order, mobility grouping on.  Total pages: 259950
[    0.000000] Kernel command line: BOOT_IMAGE=/boot/vmlinuz-2.6.32.57 root=UUID=007b598c-390d-4c65-84a1-4ff752d48633 ro quiet splash maxcpus=0
[    0.000000] PID hash table entries: 4096 (order: 2, 16384 bytes)
[    0.000000] Dentry cache hash table entries: 131072 (order: 7, 524288 bytes)
[    0.000000] Inode-cache hash table entries: 65536 (order: 6, 262144 bytes)
[    0.000000] Enabling fast FPU save and restore... done.
[    0.000000] Enabling unmasked SIMD FPU exception support... done.
[    0.000000] Initializing CPU#0
[    0.000000] xsave/xrstor: enabled xstate_bv 0x7, cntxt size 0x340
[    0.000000] allocated 5242560 bytes of page_cgroup
[    0.000000] please try 'cgroup_disable=memory' option if you don't want memory cgroups
[    0.000000] Initializing HighMem for node 0 (000379fe:00040000)
[    0.000000] Memory: 938260k/1048576k available (4839k kernel code, 108848k reserved, 2518k data, 652k init, 137096k highmem)
[    0.000000] virtual kernel memory layout:
[    0.000000]     fixmap  : 0xfff1e000 - 0xfffff000   ( 900 kB)
[    0.000000]     pkmap   : 0xffa00000 - 0xffc00000   (2048 kB)
[    0.000000]     vmalloc : 0xf81fe000 - 0xff9fe000   ( 120 MB)
[    0.000000]     lowmem  : 0xc0000000 - 0xf79fe000   ( 889 MB)
[    0.000000]       .init : 0xc1730000 - 0xc17d3000   ( 652 kB)
[    0.000000]       .data : 0xc14b9cce - 0xc172f764   (2518 kB)
[    0.000000]       .text : 0xc1000000 - 0xc14b9cce   (4839 kB)
[    0.000000] Checking if this processor honours the WP bit even in supervisor mode...Ok.
[    0.000000] SLUB: Genslabs=13, HWalign=64, Order=0-3, MinObjects=0, CPUs=8, Nodes=1
[    0.000000] Hierarchical RCU implementation.
[    0.000000] NR_IRQS:2304 nr_irqs:472
[    0.000000] Extended CMOS year: 2000
[    0.000000] Console: colour VGA+ 80x25
[    0.000000] console [tty0] enabled
[    0.000000] hpet clockevent registered
[    0.000000] TSC freq read from hypervisor : 2394.620 MHz
[    0.000000] Detected 2394.620 MHz processor.
[    0.000003] Calibrating delay loop (skipped) preset value.. 4789.24 BogoMIPS (lpj=9578480)
[    0.000011] Security Framework initialized
[    0.000014] SELinux:  Disabled at boot.
[    0.000019] Mount-cache hash table entries: 512
[    0.000118] Initializing cgroup subsys cpuacct
[    0.000121] Initializing cgroup subsys memory
[    0.000124] Initializing cgroup subsys devices
[    0.000126] Initializing cgroup subsys freezer
[    0.000152] CPU: Physical Processor ID: 0
[    0.000181] CPU: L1 I cache: 32K, L1 D cache: 32K
[    0.000184] CPU: L2 cache: 256K
[    0.000185] CPU: L3 cache: 4096K
[    0.000194] mce: CPU supports 0 MCE banks
[    0.000217] Performance Events: no PMU driver, software events only.
[    0.000229] Checking 'hlt' instruction... OK.
[    0.017575] SMP alternatives: switching to UP code
[    0.033485] ACPI: Core revision 20090903
[    0.039539] ACPI: setting ELCR to 0200 (from 0e20)
[    0.040661] ftrace: converting mcount calls to 0f 1f 44 00 00
[    0.040667] ftrace: allocating 22631 entries in 45 pages
[    0.058594] CANARY value: 89dad28b for PID: 1
[    0.058629] Not enabling x2apic, Intr-remapping init failed.
[    0.058631] Enabling APIC mode:  Flat.  Using 1 I/O APICs
[    0.058640] SMP mode deactivated.
[    0.058666] SMP disabled
[    0.058726] Brought up 1 CPUs
[    0.058727] Total of 1 processors activated (4789.24 BogoMIPS).
[    0.058732] CPU0 attaching NULL sched-domain.
[    0.058808] devtmpfs: initialized
[    0.058921] sysctl table check failed: /kernel/random/now_input .1.40.7 Unknown sysctl binary path
[    0.059192] Pid: 1, comm: swapper Not tainted 2.6.32.57 #4
[    0.059193] Call Trace:
[    0.059198]  [<c14a8a0e>] ? printk+0x1d/0x1f
[    0.059202]  [<c107b56f>] set_fail+0x4f/0x60
[    0.059204]  [<c107b8b3>] sysctl_check_table+0x333/0x620
[    0.059206]  [<c107b8cc>] sysctl_check_table+0x34c/0x620
[    0.059207]  [<c107b8cc>] sysctl_check_table+0x34c/0x620
[    0.059211]  [<c1746d48>] sysctl_init+0x25/0x29
[    0.059213]  [<c1003042>] do_one_initcall+0x32/0x1a0
[    0.059216]  [<c1746d23>] ? sysctl_init+0x0/0x29
[    0.059218]  [<c17308e7>] kernel_init+0x12d/0x17a
[    0.059220]  [<c17307ba>] ? kernel_init+0x0/0x17a
[    0.059222]  [<c1009b07>] kernel_thread_helper+0x7/0x10
[    0.059224] sysctl table check failed: /kernel/random/now_blocking .1.40.8 Unknown sysctl binary path
[    0.059469] Pid: 1, comm: swapper Not tainted 2.6.32.57 #4
[    0.059470] Call Trace:
[    0.059471]  [<c14a8a0e>] ? printk+0x1d/0x1f
[    0.059473]  [<c107b56f>] set_fail+0x4f/0x60
[    0.059475]  [<c107b8b3>] sysctl_check_table+0x333/0x620
[    0.059476]  [<c107b8cc>] sysctl_check_table+0x34c/0x620
[    0.059478]  [<c107b8cc>] sysctl_check_table+0x34c/0x620
[    0.059481]  [<c1746d48>] sysctl_init+0x25/0x29
[    0.059482]  [<c1003042>] do_one_initcall+0x32/0x1a0
[    0.059484]  [<c1746d23>] ? sysctl_init+0x0/0x29
[    0.059486]  [<c17308e7>] kernel_init+0x12d/0x17a
[    0.059487]  [<c17307ba>] ? kernel_init+0x0/0x17a
[    0.059489]  [<c1009b07>] kernel_thread_helper+0x7/0x10
[    0.059491] sysctl table check failed: /kernel/random/now_nonblocking .1.40.9 Unknown sysctl binary path
[    0.059737] Pid: 1, comm: swapper Not tainted 2.6.32.57 #4
[    0.059738] Call Trace:
[    0.059739]  [<c14a8a0e>] ? printk+0x1d/0x1f
[    0.059741]  [<c107b56f>] set_fail+0x4f/0x60
[    0.059742]  [<c107b8b3>] sysctl_check_table+0x333/0x620
[    0.059744]  [<c107b8cc>] sysctl_check_table+0x34c/0x620
[    0.059746]  [<c107b8cc>] sysctl_check_table+0x34c/0x620
[    0.059748]  [<c1746d48>] sysctl_init+0x25/0x29
[    0.059750]  [<c1003042>] do_one_initcall+0x32/0x1a0
[    0.059752]  [<c1746d23>] ? sysctl_init+0x0/0x29
[    0.059753]  [<c17308e7>] kernel_init+0x12d/0x17a
[    0.059755]  [<c17307ba>] ? kernel_init+0x0/0x17a
[    0.059757]  [<c1009b07>] kernel_thread_helper+0x7/0x10
[    0.059758] sysctl table check failed: /kernel/random/nb_input_bytes .1.40.10 Unknown sysctl binary path
[    0.060004] Pid: 1, comm: swapper Not tainted 2.6.32.57 #4
[    0.060005] Call Trace:
[    0.060006]  [<c14a8a0e>] ? printk+0x1d/0x1f
[    0.060008]  [<c107b56f>] set_fail+0x4f/0x60
[    0.060009]  [<c107b8b3>] sysctl_check_table+0x333/0x620
[    0.060011]  [<c107b8cc>] sysctl_check_table+0x34c/0x620
[    0.060013]  [<c107b8cc>] sysctl_check_table+0x34c/0x620
[    0.060015]  [<c1746d48>] sysctl_init+0x25/0x29
[    0.060017]  [<c1003042>] do_one_initcall+0x32/0x1a0
[    0.060019]  [<c1746d23>] ? sysctl_init+0x0/0x29
[    0.060021]  [<c17308e7>] kernel_init+0x12d/0x17a
[    0.060022]  [<c17307ba>] ? kernel_init+0x0/0x17a
[    0.060024]  [<c1009b07>] kernel_thread_helper+0x7/0x10
[    0.060025] sysctl table check failed: /kernel/random/nb_stir_count .1.40.11 Unknown sysctl binary path
[    0.060555] Pid: 1, comm: swapper Not tainted 2.6.32.57 #4
[    0.060557] Call Trace:
[    0.060560]  [<c14a8a0e>] ? printk+0x1d/0x1f
[    0.060562]  [<c107b56f>] set_fail+0x4f/0x60
[    0.060564]  [<c107b8b3>] sysctl_check_table+0x333/0x620
[    0.060566]  [<c107b8cc>] sysctl_check_table+0x34c/0x620
[    0.060567]  [<c107b8cc>] sysctl_check_table+0x34c/0x620
[    0.060570]  [<c1746d48>] sysctl_init+0x25/0x29
[    0.060572]  [<c1003042>] do_one_initcall+0x32/0x1a0
[    0.060574]  [<c1746d23>] ? sysctl_init+0x0/0x29
[    0.060576]  [<c17308e7>] kernel_init+0x12d/0x17a
[    0.060578]  [<c17307ba>] ? kernel_init+0x0/0x17a
[    0.060580]  [<c1009b07>] kernel_thread_helper+0x7/0x10
[    0.060582] sysctl table check failed: /kernel/random/nb_reentry_count .1.40.12 Unknown sysctl binary path
[    0.060831] Pid: 1, comm: swapper Not tainted 2.6.32.57 #4
[    0.060831] Call Trace:
[    0.060833]  [<c14a8a0e>] ? printk+0x1d/0x1f
[    0.060835]  [<c107b56f>] set_fail+0x4f/0x60
[    0.060836]  [<c107b8b3>] sysctl_check_table+0x333/0x620
[    0.060838]  [<c107b8cc>] sysctl_check_table+0x34c/0x620
[    0.060840]  [<c107b8cc>] sysctl_check_table+0x34c/0x620
[    0.060842]  [<c1746d48>] sysctl_init+0x25/0x29
[    0.060844]  [<c1003042>] do_one_initcall+0x32/0x1a0
[    0.060846]  [<c1746d23>] ? sysctl_init+0x0/0x29
[    0.060848]  [<c17308e7>] kernel_init+0x12d/0x17a
[    0.060849]  [<c17307ba>] ? kernel_init+0x0/0x17a
[    0.060851]  [<c1009b07>] kernel_thread_helper+0x7/0x10
[    0.060980] RANDOM - __seed init called.
[    0.060981] RANDOM - __seed init called.
[    0.060982] RANDOM - __seed init called.
[    0.060984] RANDOM - __random32 called. Change num 1.  Value: 97305ca5	7ac4e314	874f43ab
[    0.060985] RANDOM - __random32 called. Change num 2.  Value: 5ca5394	ac4e3148	8757a6ab
[    0.060986] RANDOM - __random32 called. Change num 3.  Value: a53949f7	c4e3148e	4d57bd52
[    0.060988] RANDOM - __random32 called. Change num 4.  Value: 949f7180	4e3148eb	7aa4fd4a
[    0.060989] RANDOM - __random32 called. Change num 5.  Value: f7180f55	e3148ebb	fa95f062
[    0.060990] RANDOM - __random32 called. Change num 6.  Value: 80f55ede	3148ebb7	e0c5c74e
[    0.060992] RANDOM - random32 init called.  Value: 80f55ede	3148ebb7	e0c5c74e
[    0.060999] regulator: core version 0.5
[    0.061063] Time:  1:09:08  Date: 05/25/13
[    0.061109] NET: Registered protocol family 16
[    0.061177] EISA bus registered
[    0.061952] ACPI: bus type pci registered
[    0.062049] PCI: MCFG configuration 0: base e0000000 segment 0 buses 0 - 255
[    0.062051] PCI: MCFG area at e0000000 reserved in E820
[    0.062052] PCI: Using MMCONFIG for extended config space
[    0.062053] PCI: Using configuration type 1 for base access
[    0.062536] bio: create slab <bio-0> at 0
[    0.063780] ACPI: EC: Look up EC in DSDT
[    0.100993] ACPI: BIOS _OSI(Linux) query ignored
[    0.107230] ACPI: Interpreter enabled
[    0.107234] ACPI: (supports S0 S1 S4 S5)
[    0.107245] ACPI: Using PIC for interrupt routing
[    0.190973] ACPI: No dock devices found.
[    0.191820] ACPI: PCI Root Bridge [PCI0] (0000:00)
[    0.193527] pci 0000:00:07.1: reg 20 io port: [0x10c0-0x10cf]
[    0.194085] pci 0000:00:07.3: quirk: region 1000-103f claimed by PIIX4 ACPI
[    0.194097] pci 0000:00:07.3: quirk: region 1040-104f claimed by PIIX4 SMB
[    0.194665] pci 0000:00:07.7: reg 10 io port: [0x1080-0x10bf]
[    0.195063] pci 0000:00:07.7: reg 14 64bit mmio: [0xc8000000-0xc8001fff]
[    0.196340] pci 0000:00:0f.0: reg 10 io port: [0x10d0-0x10df]
[    0.196382] pci 0000:00:0f.0: reg 14 32bit mmio pref: [0xd0000000-0xd7ffffff]
[    0.196422] pci 0000:00:0f.0: reg 18 32bit mmio: [0xc8800000-0xc8ffffff]
[    0.196575] pci 0000:00:0f.0: reg 30 32bit mmio pref: [0x000000-0x007fff]
[    0.197134] pci 0000:00:10.0: reg 10 io port: [0x1400-0x14ff]
[    0.197496] pci 0000:00:10.0: reg 14 64bit mmio: [0xc8040000-0xc805ffff]
[    0.197853] pci 0000:00:10.0: reg 1c 64bit mmio: [0xc8020000-0xc803ffff]
[    0.197966] pci 0000:00:10.0: reg 30 32bit mmio pref: [0x000000-0x003fff]
[    0.199426] pci 0000:00:15.0: PME# supported from D0 D3hot D3cold
[    0.199447] pci 0000:00:15.0: PME# disabled
[    0.200382] pci 0000:00:15.1: PME# supported from D0 D3hot D3cold
[    0.200403] pci 0000:00:15.1: PME# disabled
[    0.201328] pci 0000:00:15.2: PME# supported from D0 D3hot D3cold
[    0.201348] pci 0000:00:15.2: PME# disabled
[    0.202285] pci 0000:00:15.3: PME# supported from D0 D3hot D3cold
[    0.202305] pci 0000:00:15.3: PME# disabled
[    0.203232] pci 0000:00:15.4: PME# supported from D0 D3hot D3cold
[    0.203252] pci 0000:00:15.4: PME# disabled
[    0.204188] pci 0000:00:15.5: PME# supported from D0 D3hot D3cold
[    0.204209] pci 0000:00:15.5: PME# disabled
[    0.205134] pci 0000:00:15.6: PME# supported from D0 D3hot D3cold
[    0.205155] pci 0000:00:15.6: PME# disabled
[    0.206073] pci 0000:00:15.7: PME# supported from D0 D3hot D3cold
[    0.206094] pci 0000:00:15.7: PME# disabled
[    0.207023] pci 0000:00:16.0: PME# supported from D0 D3hot D3cold
[    0.207044] pci 0000:00:16.0: PME# disabled
[    0.208003] pci 0000:00:16.1: PME# supported from D0 D3hot D3cold
[    0.208024] pci 0000:00:16.1: PME# disabled
[    0.208951] pci 0000:00:16.2: PME# supported from D0 D3hot D3cold
[    0.208972] pci 0000:00:16.2: PME# disabled
[    0.209922] pci 0000:00:16.3: PME# supported from D0 D3hot D3cold
[    0.209943] pci 0000:00:16.3: PME# disabled
[    0.210840] pci 0000:00:16.4: PME# supported from D0 D3hot D3cold
[    0.210862] pci 0000:00:16.4: PME# disabled
[    0.211787] pci 0000:00:16.5: PME# supported from D0 D3hot D3cold
[    0.211808] pci 0000:00:16.5: PME# disabled
[    0.212736] pci 0000:00:16.6: PME# supported from D0 D3hot D3cold
[    0.212757] pci 0000:00:16.6: PME# disabled
[    0.213683] pci 0000:00:16.7: PME# supported from D0 D3hot D3cold
[    0.213704] pci 0000:00:16.7: PME# disabled
[    0.214622] pci 0000:00:17.0: PME# supported from D0 D3hot D3cold
[    0.214642] pci 0000:00:17.0: PME# disabled
[    0.215566] pci 0000:00:17.1: PME# supported from D0 D3hot D3cold
[    0.215587] pci 0000:00:17.1: PME# disabled
[    0.216515] pci 0000:00:17.2: PME# supported from D0 D3hot D3cold
[    0.216537] pci 0000:00:17.2: PME# disabled
[    0.217469] pci 0000:00:17.3: PME# supported from D0 D3hot D3cold
[    0.217490] pci 0000:00:17.3: PME# disabled
[    0.218428] pci 0000:00:17.4: PME# supported from D0 D3hot D3cold
[    0.218449] pci 0000:00:17.4: PME# disabled
[    0.219367] pci 0000:00:17.5: PME# supported from D0 D3hot D3cold
[    0.219388] pci 0000:00:17.5: PME# disabled
[    0.220314] pci 0000:00:17.6: PME# supported from D0 D3hot D3cold
[    0.220335] pci 0000:00:17.6: PME# disabled
[    0.221259] pci 0000:00:17.7: PME# supported from D0 D3hot D3cold
[    0.221280] pci 0000:00:17.7: PME# disabled
[    0.222203] pci 0000:00:18.0: PME# supported from D0 D3hot D3cold
[    0.222224] pci 0000:00:18.0: PME# disabled
[    0.223142] pci 0000:00:18.1: PME# supported from D0 D3hot D3cold
[    0.223163] pci 0000:00:18.1: PME# disabled
[    0.224099] pci 0000:00:18.2: PME# supported from D0 D3hot D3cold
[    0.224121] pci 0000:00:18.2: PME# disabled
[    0.225042] pci 0000:00:18.3: PME# supported from D0 D3hot D3cold
[    0.225065] pci 0000:00:18.3: PME# disabled
[    0.226212] pci 0000:00:18.4: PME# supported from D0 D3hot D3cold
[    0.226233] pci 0000:00:18.4: PME# disabled
[    0.227155] pci 0000:00:18.5: PME# supported from D0 D3hot D3cold
[    0.227176] pci 0000:00:18.5: PME# disabled
[    0.228126] pci 0000:00:18.6: PME# supported from D0 D3hot D3cold
[    0.228148] pci 0000:00:18.6: PME# disabled
[    0.229083] pci 0000:00:18.7: PME# supported from D0 D3hot D3cold
[    0.229104] pci 0000:00:18.7: PME# disabled
[    0.230240] pci 0000:02:00.0: reg 20 io port: [0x20c0-0x20df]
[    0.230732] pci 0000:02:01.0: reg 10 io port: [0x2000-0x207f]
[    0.230980] pci 0000:02:01.0: reg 30 32bit mmio pref: [0x000000-0x00ffff]
[    0.231519] pci 0000:02:02.0: reg 10 io port: [0x2080-0x20bf]
[    0.232153] pci 0000:02:03.0: reg 10 32bit mmio: [0xc9000000-0xc9000fff]
[    0.232739] pci 0000:00:11.0: transparent bridge
[    0.232759] pci 0000:00:11.0: bridge io port: [0x2000-0x3fff]
[    0.232781] pci 0000:00:11.0: bridge 32bit mmio: [0xc9000000-0xca3fffff]
[    0.232821] pci 0000:00:11.0: bridge 64bit mmio pref: [0xd8400000-0xd89fffff]
[    0.233257] pci 0000:00:15.0: bridge io port: [0x4000-0x4fff]
[    0.233278] pci 0000:00:15.0: bridge 32bit mmio: [0xca400000-0xca4fffff]
[    0.233317] pci 0000:00:15.0: bridge 64bit mmio pref: [0xd8a00000-0xd8afffff]
[    0.233698] pci 0000:00:15.1: bridge io port: [0x8000-0x8fff]
[    0.233718] pci 0000:00:15.1: bridge 32bit mmio: [0xca800000-0xca8fffff]
[    0.233756] pci 0000:00:15.1: bridge 64bit mmio pref: [0xd8e00000-0xd8efffff]
[    0.234133] pci 0000:00:15.2: bridge io port: [0xc000-0xcfff]
[    0.234153] pci 0000:00:15.2: bridge 32bit mmio: [0xcac00000-0xcacfffff]
[    0.234191] pci 0000:00:15.2: bridge 64bit mmio pref: [0xd9200000-0xd92fffff]
[    0.234593] pci 0000:00:15.3: bridge 32bit mmio: [0xcb000000-0xcb0fffff]
[    0.234632] pci 0000:00:15.3: bridge 64bit mmio pref: [0xd9600000-0xd96fffff]
[    0.235034] pci 0000:00:15.4: bridge 32bit mmio: [0xcb400000-0xcb4fffff]
[    0.235072] pci 0000:00:15.4: bridge 64bit mmio pref: [0xd9a00000-0xd9afffff]
[    0.235467] pci 0000:00:15.5: bridge 32bit mmio: [0xcb800000-0xcb8fffff]
[    0.235506] pci 0000:00:15.5: bridge 64bit mmio pref: [0xd9e00000-0xd9efffff]
[    0.235943] pci 0000:00:15.6: bridge 32bit mmio: [0xcbc00000-0xcbcfffff]
[    0.235981] pci 0000:00:15.6: bridge 64bit mmio pref: [0xda200000-0xda2fffff]
[    0.236377] pci 0000:00:15.7: bridge 32bit mmio: [0xcc000000-0xcc0fffff]
[    0.236415] pci 0000:00:15.7: bridge 64bit mmio pref: [0xda600000-0xda6fffff]
[    0.236791] pci 0000:00:16.0: bridge io port: [0x5000-0x5fff]
[    0.236811] pci 0000:00:16.0: bridge 32bit mmio: [0xca500000-0xca5fffff]
[    0.236875] pci 0000:00:16.0: bridge 64bit mmio pref: [0xd8b00000-0xd8bfffff]
[    0.237253] pci 0000:00:16.1: bridge io port: [0x9000-0x9fff]
[    0.237273] pci 0000:00:16.1: bridge 32bit mmio: [0xca900000-0xca9fffff]
[    0.237311] pci 0000:00:16.1: bridge 64bit mmio pref: [0xd8f00000-0xd8ffffff]
[    0.237686] pci 0000:00:16.2: bridge io port: [0xd000-0xdfff]
[    0.237706] pci 0000:00:16.2: bridge 32bit mmio: [0xcad00000-0xcadfffff]
[    0.237744] pci 0000:00:16.2: bridge 64bit mmio pref: [0xd9300000-0xd93fffff]
[    0.238165] pci 0000:00:16.3: bridge 32bit mmio: [0xcb100000-0xcb1fffff]
[    0.238203] pci 0000:00:16.3: bridge 64bit mmio pref: [0xd9700000-0xd97fffff]
[    0.238600] pci 0000:00:16.4: bridge 32bit mmio: [0xcb500000-0xcb5fffff]
[    0.238638] pci 0000:00:16.4: bridge 64bit mmio pref: [0xd9b00000-0xd9bfffff]
[    0.239039] pci 0000:00:16.5: bridge 32bit mmio: [0xcb900000-0xcb9fffff]
[    0.239077] pci 0000:00:16.5: bridge 64bit mmio pref: [0xd9f00000-0xd9ffffff]
[    0.239470] pci 0000:00:16.6: bridge 32bit mmio: [0xcbd00000-0xcbdfffff]
[    0.239508] pci 0000:00:16.6: bridge 64bit mmio pref: [0xda300000-0xda3fffff]
[    0.239938] pci 0000:00:16.7: bridge 32bit mmio: [0xcc100000-0xcc1fffff]
[    0.239976] pci 0000:00:16.7: bridge 64bit mmio pref: [0xda700000-0xda7fffff]
[    0.240354] pci 0000:00:17.0: bridge io port: [0x6000-0x6fff]
[    0.240374] pci 0000:00:17.0: bridge 32bit mmio: [0xca600000-0xca6fffff]
[    0.240412] pci 0000:00:17.0: bridge 64bit mmio pref: [0xd8c00000-0xd8cfffff]
[    0.240786] pci 0000:00:17.1: bridge io port: [0xa000-0xafff]
[    0.240807] pci 0000:00:17.1: bridge 32bit mmio: [0xcaa00000-0xcaafffff]
[    0.240869] pci 0000:00:17.1: bridge 64bit mmio pref: [0xd9000000-0xd90fffff]
[    0.241245] pci 0000:00:17.2: bridge io port: [0xe000-0xefff]
[    0.241266] pci 0000:00:17.2: bridge 32bit mmio: [0xcae00000-0xcaefffff]
[    0.241304] pci 0000:00:17.2: bridge 64bit mmio pref: [0xd9400000-0xd94fffff]
[    0.241698] pci 0000:00:17.3: bridge 32bit mmio: [0xcb200000-0xcb2fffff]
[    0.241736] pci 0000:00:17.3: bridge 64bit mmio pref: [0xd9800000-0xd98fffff]
[    0.242195] pci 0000:00:17.4: bridge 32bit mmio: [0xcb600000-0xcb6fffff]
[    0.242234] pci 0000:00:17.4: bridge 64bit mmio pref: [0xd9c00000-0xd9cfffff]
[    0.242675] pci 0000:00:17.5: bridge 32bit mmio: [0xcba00000-0xcbafffff]
[    0.242714] pci 0000:00:17.5: bridge 64bit mmio pref: [0xda000000-0xda0fffff]
[    0.243174] pci 0000:00:17.6: bridge 32bit mmio: [0xcbe00000-0xcbefffff]
[    0.243213] pci 0000:00:17.6: bridge 64bit mmio pref: [0xda400000-0xda4fffff]
[    0.243611] pci 0000:00:17.7: bridge 32bit mmio: [0xcc200000-0xcc2fffff]
[    0.243663] pci 0000:00:17.7: bridge 64bit mmio pref: [0xda800000-0xda8fffff]
[    0.244065] pci 0000:00:18.0: bridge io port: [0x7000-0x7fff]
[    0.244086] pci 0000:00:18.0: bridge 32bit mmio: [0xca700000-0xca7fffff]
[    0.244124] pci 0000:00:18.0: bridge 64bit mmio pref: [0xd8d00000-0xd8dfffff]
[    0.244502] pci 0000:00:18.1: bridge io port: [0xb000-0xbfff]
[    0.244522] pci 0000:00:18.1: bridge 32bit mmio: [0xcab00000-0xcabfffff]
[    0.244560] pci 0000:00:18.1: bridge 64bit mmio pref: [0xd9100000-0xd91fffff]
[    0.244944] pci 0000:00:18.2: bridge io port: [0xf000-0xffff]
[    0.244965] pci 0000:00:18.2: bridge 32bit mmio: [0xcaf00000-0xcaffffff]
[    0.245003] pci 0000:00:18.2: bridge 64bit mmio pref: [0xd9500000-0xd95fffff]
[    0.245396] pci 0000:00:18.3: bridge 32bit mmio: [0xcb300000-0xcb3fffff]
[    0.245434] pci 0000:00:18.3: bridge 64bit mmio pref: [0xd9900000-0xd99fffff]
[    0.245854] pci 0000:00:18.4: bridge 32bit mmio: [0xcb700000-0xcb7fffff]
[    0.245892] pci 0000:00:18.4: bridge 64bit mmio pref: [0xd9d00000-0xd9dfffff]
[    0.246287] pci 0000:00:18.5: bridge 32bit mmio: [0xcbb00000-0xcbbfffff]
[    0.246325] pci 0000:00:18.5: bridge 64bit mmio pref: [0xda100000-0xda1fffff]
[    0.246718] pci 0000:00:18.6: bridge 32bit mmio: [0xcbf00000-0xcbffffff]
[    0.246756] pci 0000:00:18.6: bridge 64bit mmio pref: [0xda500000-0xda5fffff]
[    0.247166] pci 0000:00:18.7: bridge 32bit mmio: [0xcc300000-0xcc3fffff]
[    0.247205] pci 0000:00:18.7: bridge 64bit mmio pref: [0xda900000-0xda9fffff]
[    0.249379] pci_bus 0000:00: on NUMA node 0
[    0.249388] ACPI: PCI Interrupt Routing Table [\_SB_.PCI0._PRT]
[    0.472182] ACPI: PCI Interrupt Link [LNKA] (IRQs 3 4 5 6 7 *9 10 11 14 15)
[    0.472327] ACPI: PCI Interrupt Link [LNKB] (IRQs 3 4 5 6 7 9 10 *11 14 15)
[    0.472468] ACPI: PCI Interrupt Link [LNKC] (IRQs 3 4 5 6 7 9 *10 11 14 15)
[    0.472629] ACPI: PCI Interrupt Link [LNKD] (IRQs 3 4 *5 6 7 9 10 11 14 15)
[    0.472755] vgaarb: device added: PCI:0000:00:0f.0,decodes=io+mem,owns=io+mem,locks=none
[    0.472764] vgaarb: loaded
[    0.472848] SCSI subsystem initialized
[    0.472891] libata version 3.00 loaded.
[    0.472929] usbcore: registered new interface driver usbfs
[    0.472940] usbcore: registered new interface driver hub
[    0.472955] usbcore: registered new device driver usb
[    0.473018] PCI: Using ACPI for IRQ routing
[    0.473931] NetLabel: Initializing
[    0.473932] NetLabel:  domain hash size = 128
[    0.473933] NetLabel:  protocols = UNLABELED CIPSOv4
[    0.473940] NetLabel:  unlabeled traffic allowed by default
[    0.473970] hpet0: at MMIO 0xfed00000, IRQs 2, 8, 0, 0, 0, 0, 0, 0, 0, 0, 0, 0, 0, 0, 0, 0
[    0.473976] hpet0: 16 comparators, 64-bit 14.318180 MHz counter
[    0.476004] Switching to clocksource tsc
[    0.482810] pnp: PnP ACPI init
[    0.482820] ACPI: bus type pnp registered
[    0.525381] pnp: PnP ACPI: found 14 devices
[    0.525384] ACPI: ACPI bus type pnp unregistered
[    0.525387] PnPBIOS: Disabled by ACPI PNP
[    0.525397] system 00:01: ioport range 0x1000-0x103f has been reserved
[    0.525399] system 00:01: ioport range 0x1040-0x104f has been reserved
[    0.525400] system 00:01: ioport range 0xcf0-0xcf1 has been reserved
[    0.525417] system 00:08: iomem range 0xfed00000-0xfed003ff has been reserved
[    0.525431] system 00:0d: ioport range 0x1060-0x107f has been reserved
[    0.525433] system 00:0d: iomem range 0xe0000000-0xefffffff has been reserved
[    0.525435] system 00:0d: iomem range 0xc8200000-0xc83fffff has been reserved
[    0.560111] pci 0000:00:15.3: BAR 13: can't allocate I/O resource [0x10000-0xffff]
[    0.560115] pci 0000:00:15.4: BAR 13: can't allocate I/O resource [0x10000-0xffff]
[    0.560118] pci 0000:00:15.5: BAR 13: can't allocate I/O resource [0x10000-0xffff]
[    0.560121] pci 0000:00:15.6: BAR 13: can't allocate I/O resource [0x10000-0xffff]
[    0.560124] pci 0000:00:15.7: BAR 13: can't allocate I/O resource [0x10000-0xffff]
[    0.560127] pci 0000:00:16.3: BAR 13: can't allocate I/O resource [0x10000-0xffff]
[    0.560130] pci 0000:00:16.4: BAR 13: can't allocate I/O resource [0x10000-0xffff]
[    0.560132] pci 0000:00:16.5: BAR 13: can't allocate I/O resource [0x10000-0xffff]
[    0.560135] pci 0000:00:16.6: BAR 13: can't allocate I/O resource [0x10000-0xffff]
[    0.560138] pci 0000:00:16.7: BAR 13: can't allocate I/O resource [0x10000-0xffff]
[    0.560141] pci 0000:00:17.3: BAR 13: can't allocate I/O resource [0x10000-0xffff]
[    0.560144] pci 0000:00:17.4: BAR 13: can't allocate I/O resource [0x10000-0xffff]
[    0.560146] pci 0000:00:17.5: BAR 13: can't allocate I/O resource [0x10000-0xffff]
[    0.560149] pci 0000:00:17.6: BAR 13: can't allocate I/O resource [0x10000-0xffff]
[    0.560152] pci 0000:00:17.7: BAR 13: can't allocate I/O resource [0x10000-0xffff]
[    0.560155] pci 0000:00:18.3: BAR 13: can't allocate I/O resource [0x10000-0xffff]
[    0.560158] pci 0000:00:18.4: BAR 13: can't allocate I/O resource [0x10000-0xffff]
[    0.560161] pci 0000:00:18.5: BAR 13: can't allocate I/O resource [0x10000-0xffff]
[    0.560163] pci 0000:00:18.6: BAR 13: can't allocate I/O resource [0x10000-0xffff]
[    0.560166] pci 0000:00:18.7: BAR 13: can't allocate I/O resource [0x10000-0xffff]
[    0.560188] pci 0000:00:01.0: PCI bridge, secondary bus 0000:01
[    0.560190] pci 0000:00:01.0:   IO window: disabled
[    0.560221] pci 0000:00:01.0:   MEM window: disabled
[    0.560241] pci 0000:00:01.0:   PREFETCH window: disabled
[    0.560281] pci 0000:00:11.0: PCI bridge, secondary bus 0000:02
[    0.560293] pci 0000:00:11.0:   IO window: 0x2000-0x3fff
[    0.560323] pci 0000:00:11.0:   MEM window: 0xc9000000-0xca3fffff
[    0.560344] pci 0000:00:11.0:   PREFETCH window: 0x000000d8400000-0x000000d89fffff
[    0.560383] pci 0000:00:15.0: PCI bridge, secondary bus 0000:03
[    0.560394] pci 0000:00:15.0:   IO window: 0x4000-0x4fff
[    0.560424] pci 0000:00:15.0:   MEM window: 0xca400000-0xca4fffff
[    0.560445] pci 0000:00:15.0:   PREFETCH window: 0x000000d8a00000-0x000000d8afffff
[    0.560532] pci 0000:00:15.1: PCI bridge, secondary bus 0000:04
[    0.560545] pci 0000:00:15.1:   IO window: 0x8000-0x8fff
[    0.560575] pci 0000:00:15.1:   MEM window: 0xca800000-0xca8fffff
[    0.560595] pci 0000:00:15.1:   PREFETCH window: 0x000000d8e00000-0x000000d8efffff
[    0.560649] pci 0000:00:15.2: PCI bridge, secondary bus 0000:05
[    0.560661] pci 0000:00:15.2:   IO window: 0xc000-0xcfff
[    0.560691] pci 0000:00:15.2:   MEM window: 0xcac00000-0xcacfffff
[    0.560712] pci 0000:00:15.2:   PREFETCH window: 0x000000d9200000-0x000000d92fffff
[    0.560763] pci 0000:00:15.3: PCI bridge, secondary bus 0000:06
[    0.560764] pci 0000:00:15.3:   IO window: disabled
[    0.560795] pci 0000:00:15.3:   MEM window: 0xcb000000-0xcb0fffff
[    0.560816] pci 0000:00:15.3:   PREFETCH window: 0x000000d9600000-0x000000d96fffff
[    0.560867] pci 0000:00:15.4: PCI bridge, secondary bus 0000:07
[    0.560869] pci 0000:00:15.4:   IO window: disabled
[    0.560899] pci 0000:00:15.4:   MEM window: 0xcb400000-0xcb4fffff
[    0.560919] pci 0000:00:15.4:   PREFETCH window: 0x000000d9a00000-0x000000d9afffff
[    0.560970] pci 0000:00:15.5: PCI bridge, secondary bus 0000:08
[    0.560972] pci 0000:00:15.5:   IO window: disabled
[    0.561002] pci 0000:00:15.5:   MEM window: 0xcb800000-0xcb8fffff
[    0.561023] pci 0000:00:15.5:   PREFETCH window: 0x000000d9e00000-0x000000d9efffff
[    0.561074] pci 0000:00:15.6: PCI bridge, secondary bus 0000:09
[    0.561076] pci 0000:00:15.6:   IO window: disabled
[    0.561106] pci 0000:00:15.6:   MEM window: 0xcbc00000-0xcbcfffff
[    0.561127] pci 0000:00:15.6:   PREFETCH window: 0x000000da200000-0x000000da2fffff
[    0.561219] pci 0000:00:15.7: PCI bridge, secondary bus 0000:0a
[    0.561221] pci 0000:00:15.7:   IO window: disabled
[    0.561251] pci 0000:00:15.7:   MEM window: 0xcc000000-0xcc0fffff
[    0.561272] pci 0000:00:15.7:   PREFETCH window: 0x000000da600000-0x000000da6fffff
[    0.561325] pci 0000:00:16.0: PCI bridge, secondary bus 0000:0b
[    0.561337] pci 0000:00:16.0:   IO window: 0x5000-0x5fff
[    0.561367] pci 0000:00:16.0:   MEM window: 0xca500000-0xca5fffff
[    0.561388] pci 0000:00:16.0:   PREFETCH window: 0x000000d8b00000-0x000000d8bfffff
[    0.561439] pci 0000:00:16.1: PCI bridge, secondary bus 0000:0c
[    0.561451] pci 0000:00:16.1:   IO window: 0x9000-0x9fff
[    0.561481] pci 0000:00:16.1:   MEM window: 0xca900000-0xca9fffff
[    0.561502] pci 0000:00:16.1:   PREFETCH window: 0x000000d8f00000-0x000000d8ffffff
[    0.561553] pci 0000:00:16.2: PCI bridge, secondary bus 0000:0d
[    0.561565] pci 0000:00:16.2:   IO window: 0xd000-0xdfff
[    0.561595] pci 0000:00:16.2:   MEM window: 0xcad00000-0xcadfffff
[    0.561616] pci 0000:00:16.2:   PREFETCH window: 0x000000d9300000-0x000000d93fffff
[    0.561667] pci 0000:00:16.3: PCI bridge, secondary bus 0000:0e
[    0.561668] pci 0000:00:16.3:   IO window: disabled
[    0.561699] pci 0000:00:16.3:   MEM window: 0xcb100000-0xcb1fffff
[    0.561719] pci 0000:00:16.3:   PREFETCH window: 0x000000d9700000-0x000000d97fffff
[    0.561770] pci 0000:00:16.4: PCI bridge, secondary bus 0000:0f
[    0.561772] pci 0000:00:16.4:   IO window: disabled
[    0.561802] pci 0000:00:16.4:   MEM window: 0xcb500000-0xcb5fffff
[    0.561823] pci 0000:00:16.4:   PREFETCH window: 0x000000d9b00000-0x000000d9bfffff
[    0.561873] pci 0000:00:16.5: PCI bridge, secondary bus 0000:10
[    0.561875] pci 0000:00:16.5:   IO window: disabled
[    0.561905] pci 0000:00:16.5:   MEM window: 0xcb900000-0xcb9fffff
[    0.561926] pci 0000:00:16.5:   PREFETCH window: 0x000000d9f00000-0x000000d9ffffff
[    0.561977] pci 0000:00:16.6: PCI bridge, secondary bus 0000:11
[    0.561978] pci 0000:00:16.6:   IO window: disabled
[    0.562009] pci 0000:00:16.6:   MEM window: 0xcbd00000-0xcbdfffff
[    0.562029] pci 0000:00:16.6:   PREFETCH window: 0x000000da300000-0x000000da3fffff
[    0.562080] pci 0000:00:16.7: PCI bridge, secondary bus 0000:12
[    0.562082] pci 0000:00:16.7:   IO window: disabled
[    0.562112] pci 0000:00:16.7:   MEM window: 0xcc100000-0xcc1fffff
[    0.562133] pci 0000:00:16.7:   PREFETCH window: 0x000000da700000-0x000000da7fffff
[    0.562184] pci 0000:00:17.0: PCI bridge, secondary bus 0000:13
[    0.562196] pci 0000:00:17.0:   IO window: 0x6000-0x6fff
[    0.562226] pci 0000:00:17.0:   MEM window: 0xca600000-0xca6fffff
[    0.562246] pci 0000:00:17.0:   PREFETCH window: 0x000000d8c00000-0x000000d8cfffff
[    0.562297] pci 0000:00:17.1: PCI bridge, secondary bus 0000:14
[    0.562309] pci 0000:00:17.1:   IO window: 0xa000-0xafff
[    0.562339] pci 0000:00:17.1:   MEM window: 0xcaa00000-0xcaafffff
[    0.562360] pci 0000:00:17.1:   PREFETCH window: 0x000000d9000000-0x000000d90fffff
[    0.562411] pci 0000:00:17.2: PCI bridge, secondary bus 0000:15
[    0.562423] pci 0000:00:17.2:   IO window: 0xe000-0xefff
[    0.562453] pci 0000:00:17.2:   MEM window: 0xcae00000-0xcaefffff
[    0.562474] pci 0000:00:17.2:   PREFETCH window: 0x000000d9400000-0x000000d94fffff
[    0.562524] pci 0000:00:17.3: PCI bridge, secondary bus 0000:16
[    0.562526] pci 0000:00:17.3:   IO window: disabled
[    0.562556] pci 0000:00:17.3:   MEM window: 0xcb200000-0xcb2fffff
[    0.562577] pci 0000:00:17.3:   PREFETCH window: 0x000000d9800000-0x000000d98fffff
[    0.562627] pci 0000:00:17.4: PCI bridge, secondary bus 0000:17
[    0.562629] pci 0000:00:17.4:   IO window: disabled
[    0.562659] pci 0000:00:17.4:   MEM window: 0xcb600000-0xcb6fffff
[    0.562680] pci 0000:00:17.4:   PREFETCH window: 0x000000d9c00000-0x000000d9cfffff
[    0.562731] pci 0000:00:17.5: PCI bridge, secondary bus 0000:18
[    0.562732] pci 0000:00:17.5:   IO window: disabled
[    0.562763] pci 0000:00:17.5:   MEM window: 0xcba00000-0xcbafffff
[    0.562783] pci 0000:00:17.5:   PREFETCH window: 0x000000da000000-0x000000da0fffff
[    0.562840] pci 0000:00:17.6: PCI bridge, secondary bus 0000:19
[    0.562842] pci 0000:00:17.6:   IO window: disabled
[    0.562873] pci 0000:00:17.6:   MEM window: 0xcbe00000-0xcbefffff
[    0.562893] pci 0000:00:17.6:   PREFETCH window: 0x000000da400000-0x000000da4fffff
[    0.562947] pci 0000:00:17.7: PCI bridge, secondary bus 0000:1a
[    0.562949] pci 0000:00:17.7:   IO window: disabled
[    0.562979] pci 0000:00:17.7:   MEM window: 0xcc200000-0xcc2fffff
[    0.563000] pci 0000:00:17.7:   PREFETCH window: 0x000000da800000-0x000000da8fffff
[    0.563050] pci 0000:00:18.0: PCI bridge, secondary bus 0000:1b
[    0.563062] pci 0000:00:18.0:   IO window: 0x7000-0x7fff
[    0.563092] pci 0000:00:18.0:   MEM window: 0xca700000-0xca7fffff
[    0.563113] pci 0000:00:18.0:   PREFETCH window: 0x000000d8d00000-0x000000d8dfffff
[    0.563171] pci 0000:00:18.1: PCI bridge, secondary bus 0000:1c
[    0.563183] pci 0000:00:18.1:   IO window: 0xb000-0xbfff
[    0.563213] pci 0000:00:18.1:   MEM window: 0xcab00000-0xcabfffff
[    0.563234] pci 0000:00:18.1:   PREFETCH window: 0x000000d9100000-0x000000d91fffff
[    0.563285] pci 0000:00:18.2: PCI bridge, secondary bus 0000:1d
[    0.563297] pci 0000:00:18.2:   IO window: 0xf000-0xffff
[    0.563327] pci 0000:00:18.2:   MEM window: 0xcaf00000-0xcaffffff
[    0.563347] pci 0000:00:18.2:   PREFETCH window: 0x000000d9500000-0x000000d95fffff
[    0.563398] pci 0000:00:18.3: PCI bridge, secondary bus 0000:1e
[    0.563400] pci 0000:00:18.3:   IO window: disabled
[    0.563430] pci 0000:00:18.3:   MEM window: 0xcb300000-0xcb3fffff
[    0.563451] pci 0000:00:18.3:   PREFETCH window: 0x000000d9900000-0x000000d99fffff
[    0.563501] pci 0000:00:18.4: PCI bridge, secondary bus 0000:1f
[    0.563503] pci 0000:00:18.4:   IO window: disabled
[    0.563533] pci 0000:00:18.4:   MEM window: 0xcb700000-0xcb7fffff
[    0.563554] pci 0000:00:18.4:   PREFETCH window: 0x000000d9d00000-0x000000d9dfffff
[    0.563604] pci 0000:00:18.5: PCI bridge, secondary bus 0000:20
[    0.563606] pci 0000:00:18.5:   IO window: disabled
[    0.563636] pci 0000:00:18.5:   MEM window: 0xcbb00000-0xcbbfffff
[    0.563657] pci 0000:00:18.5:   PREFETCH window: 0x000000da100000-0x000000da1fffff
[    0.563708] pci 0000:00:18.6: PCI bridge, secondary bus 0000:21
[    0.563709] pci 0000:00:18.6:   IO window: disabled
[    0.563740] pci 0000:00:18.6:   MEM window: 0xcbf00000-0xcbffffff
[    0.563760] pci 0000:00:18.6:   PREFETCH window: 0x000000da500000-0x000000da5fffff
[    0.563811] pci 0000:00:18.7: PCI bridge, secondary bus 0000:22
[    0.563813] pci 0000:00:18.7:   IO window: disabled
[    0.563843] pci 0000:00:18.7:   MEM window: 0xcc300000-0xcc3fffff
[    0.563864] pci 0000:00:18.7:   PREFETCH window: 0x000000da900000-0x000000da9fffff
[    0.563948] pci 0000:00:01.0: setting latency timer to 64
[    0.564045] pci 0000:00:15.0: setting latency timer to 64
[    0.564112] pci 0000:00:15.1: setting latency timer to 64
[    0.564179] pci 0000:00:15.2: setting latency timer to 64
[    0.564246] pci 0000:00:15.3: setting latency timer to 64
[    0.564312] pci 0000:00:15.4: setting latency timer to 64
[    0.564379] pci 0000:00:15.5: setting latency timer to 64
[    0.564445] pci 0000:00:15.6: setting latency timer to 64
[    0.564511] pci 0000:00:15.7: setting latency timer to 64
[    0.564578] pci 0000:00:16.0: setting latency timer to 64
[    0.564644] pci 0000:00:16.1: setting latency timer to 64
[    0.564710] pci 0000:00:16.2: setting latency timer to 64
[    0.564777] pci 0000:00:16.3: setting latency timer to 64
[    0.564843] pci 0000:00:16.4: setting latency timer to 64
[    0.564910] pci 0000:00:16.5: setting latency timer to 64
[    0.564976] pci 0000:00:16.6: setting latency timer to 64
[    0.565043] pci 0000:00:16.7: setting latency timer to 64
[    0.565109] pci 0000:00:17.0: setting latency timer to 64
[    0.565184] pci 0000:00:17.1: setting latency timer to 64
[    0.565251] pci 0000:00:17.2: setting latency timer to 64
[    0.565317] pci 0000:00:17.3: setting latency timer to 64
[    0.565383] pci 0000:00:17.4: setting latency timer to 64
[    0.565450] pci 0000:00:17.5: setting latency timer to 64
[    0.565516] pci 0000:00:17.6: setting latency timer to 64
[    0.565582] pci 0000:00:17.7: setting latency timer to 64
[    0.565649] pci 0000:00:18.0: setting latency timer to 64
[    0.565715] pci 0000:00:18.1: setting latency timer to 64
[    0.565781] pci 0000:00:18.2: setting latency timer to 64
[    0.565848] pci 0000:00:18.3: setting latency timer to 64
[    0.565914] pci 0000:00:18.4: setting latency timer to 64
[    0.565980] pci 0000:00:18.5: setting latency timer to 64
[    0.566047] pci 0000:00:18.6: setting latency timer to 64
[    0.566113] pci 0000:00:18.7: setting latency timer to 64
[    0.566125] pci_bus 0000:00: resource 0 io:  [0x00-0xffff]
[    0.566127] pci_bus 0000:00: resource 1 mem: [0x000000-0xffffffffffffffff]
[    0.566130] pci_bus 0000:02: resource 0 io:  [0x2000-0x3fff]
[    0.566132] pci_bus 0000:02: resource 1 mem: [0xc9000000-0xca3fffff]
[    0.566134] pci_bus 0000:02: resource 2 pref mem [0xd8400000-0xd89fffff]
[    0.566136] pci_bus 0000:02: resource 3 io:  [0x00-0xffff]
[    0.566138] pci_bus 0000:02: resource 4 mem: [0x000000-0xffffffffffffffff]
[    0.566140] pci_bus 0000:03: resource 0 io:  [0x4000-0x4fff]
[    0.566142] pci_bus 0000:03: resource 1 mem: [0xca400000-0xca4fffff]
[    0.566162] pci_bus 0000:03: resource 2 pref mem [0xd8a00000-0xd8afffff]
[    0.566164] pci_bus 0000:04: resource 0 io:  [0x8000-0x8fff]
[    0.566166] pci_bus 0000:04: resource 1 mem: [0xca800000-0xca8fffff]
[    0.566168] pci_bus 0000:04: resource 2 pref mem [0xd8e00000-0xd8efffff]
[    0.566170] pci_bus 0000:05: resource 0 io:  [0xc000-0xcfff]
[    0.566171] pci_bus 0000:05: resource 1 mem: [0xcac00000-0xcacfffff]
[    0.566173] pci_bus 0000:05: resource 2 pref mem [0xd9200000-0xd92fffff]
[    0.566175] pci_bus 0000:06: resource 1 mem: [0xcb000000-0xcb0fffff]
[    0.566177] pci_bus 0000:06: resource 2 pref mem [0xd9600000-0xd96fffff]
[    0.566179] pci_bus 0000:07: resource 1 mem: [0xcb400000-0xcb4fffff]
[    0.566181] pci_bus 0000:07: resource 2 pref mem [0xd9a00000-0xd9afffff]
[    0.566183] pci_bus 0000:08: resource 1 mem: [0xcb800000-0xcb8fffff]
[    0.566185] pci_bus 0000:08: resource 2 pref mem [0xd9e00000-0xd9efffff]
[    0.566187] pci_bus 0000:09: resource 1 mem: [0xcbc00000-0xcbcfffff]
[    0.566189] pci_bus 0000:09: resource 2 pref mem [0xda200000-0xda2fffff]
[    0.566191] pci_bus 0000:0a: resource 1 mem: [0xcc000000-0xcc0fffff]
[    0.566193] pci_bus 0000:0a: resource 2 pref mem [0xda600000-0xda6fffff]
[    0.566195] pci_bus 0000:0b: resource 0 io:  [0x5000-0x5fff]
[    0.566197] pci_bus 0000:0b: resource 1 mem: [0xca500000-0xca5fffff]
[    0.566199] pci_bus 0000:0b: resource 2 pref mem [0xd8b00000-0xd8bfffff]
[    0.566201] pci_bus 0000:0c: resource 0 io:  [0x9000-0x9fff]
[    0.566202] pci_bus 0000:0c: resource 1 mem: [0xca900000-0xca9fffff]
[    0.566204] pci_bus 0000:0c: resource 2 pref mem [0xd8f00000-0xd8ffffff]
[    0.566206] pci_bus 0000:0d: resource 0 io:  [0xd000-0xdfff]
[    0.566208] pci_bus 0000:0d: resource 1 mem: [0xcad00000-0xcadfffff]
[    0.566210] pci_bus 0000:0d: resource 2 pref mem [0xd9300000-0xd93fffff]
[    0.566212] pci_bus 0000:0e: resource 1 mem: [0xcb100000-0xcb1fffff]
[    0.566214] pci_bus 0000:0e: resource 2 pref mem [0xd9700000-0xd97fffff]
[    0.566216] pci_bus 0000:0f: resource 1 mem: [0xcb500000-0xcb5fffff]
[    0.566218] pci_bus 0000:0f: resource 2 pref mem [0xd9b00000-0xd9bfffff]
[    0.566220] pci_bus 0000:10: resource 1 mem: [0xcb900000-0xcb9fffff]
[    0.566222] pci_bus 0000:10: resource 2 pref mem [0xd9f00000-0xd9ffffff]
[    0.566224] pci_bus 0000:11: resource 1 mem: [0xcbd00000-0xcbdfffff]
[    0.566226] pci_bus 0000:11: resource 2 pref mem [0xda300000-0xda3fffff]
[    0.566228] pci_bus 0000:12: resource 1 mem: [0xcc100000-0xcc1fffff]
[    0.566230] pci_bus 0000:12: resource 2 pref mem [0xda700000-0xda7fffff]
[    0.566231] pci_bus 0000:13: resource 0 io:  [0x6000-0x6fff]
[    0.566233] pci_bus 0000:13: resource 1 mem: [0xca600000-0xca6fffff]
[    0.566235] pci_bus 0000:13: resource 2 pref mem [0xd8c00000-0xd8cfffff]
[    0.566237] pci_bus 0000:14: resource 0 io:  [0xa000-0xafff]
[    0.566239] pci_bus 0000:14: resource 1 mem: [0xcaa00000-0xcaafffff]
[    0.566241] pci_bus 0000:14: resource 2 pref mem [0xd9000000-0xd90fffff]
[    0.566243] pci_bus 0000:15: resource 0 io:  [0xe000-0xefff]
[    0.566245] pci_bus 0000:15: resource 1 mem: [0xcae00000-0xcaefffff]
[    0.566247] pci_bus 0000:15: resource 2 pref mem [0xd9400000-0xd94fffff]
[    0.566249] pci_bus 0000:16: resource 1 mem: [0xcb200000-0xcb2fffff]
[    0.566250] pci_bus 0000:16: resource 2 pref mem [0xd9800000-0xd98fffff]
[    0.566252] pci_bus 0000:17: resource 1 mem: [0xcb600000-0xcb6fffff]
[    0.566254] pci_bus 0000:17: resource 2 pref mem [0xd9c00000-0xd9cfffff]
[    0.566256] pci_bus 0000:18: resource 1 mem: [0xcba00000-0xcbafffff]
[    0.566258] pci_bus 0000:18: resource 2 pref mem [0xda000000-0xda0fffff]
[    0.566260] pci_bus 0000:19: resource 1 mem: [0xcbe00000-0xcbefffff]
[    0.566262] pci_bus 0000:19: resource 2 pref mem [0xda400000-0xda4fffff]
[    0.566264] pci_bus 0000:1a: resource 1 mem: [0xcc200000-0xcc2fffff]
[    0.566266] pci_bus 0000:1a: resource 2 pref mem [0xda800000-0xda8fffff]
[    0.566268] pci_bus 0000:1b: resource 0 io:  [0x7000-0x7fff]
[    0.566270] pci_bus 0000:1b: resource 1 mem: [0xca700000-0xca7fffff]
[    0.566272] pci_bus 0000:1b: resource 2 pref mem [0xd8d00000-0xd8dfffff]
[    0.566274] pci_bus 0000:1c: resource 0 io:  [0xb000-0xbfff]
[    0.566275] pci_bus 0000:1c: resource 1 mem: [0xcab00000-0xcabfffff]
[    0.566277] pci_bus 0000:1c: resource 2 pref mem [0xd9100000-0xd91fffff]
[    0.566279] pci_bus 0000:1d: resource 0 io:  [0xf000-0xffff]
[    0.566281] pci_bus 0000:1d: resource 1 mem: [0xcaf00000-0xcaffffff]
[    0.566283] pci_bus 0000:1d: resource 2 pref mem [0xd9500000-0xd95fffff]
[    0.566285] pci_bus 0000:1e: resource 1 mem: [0xcb300000-0xcb3fffff]
[    0.566287] pci_bus 0000:1e: resource 2 pref mem [0xd9900000-0xd99fffff]
[    0.566289] pci_bus 0000:1f: resource 1 mem: [0xcb700000-0xcb7fffff]
[    0.566291] pci_bus 0000:1f: resource 2 pref mem [0xd9d00000-0xd9dfffff]
[    0.566293] pci_bus 0000:20: resource 1 mem: [0xcbb00000-0xcbbfffff]
[    0.566295] pci_bus 0000:20: resource 2 pref mem [0xda100000-0xda1fffff]
[    0.566297] pci_bus 0000:21: resource 1 mem: [0xcbf00000-0xcbffffff]
[    0.566299] pci_bus 0000:21: resource 2 pref mem [0xda500000-0xda5fffff]
[    0.566301] pci_bus 0000:22: resource 1 mem: [0xcc300000-0xcc3fffff]
[    0.566303] pci_bus 0000:22: resource 2 pref mem [0xda900000-0xda9fffff]
[    0.566327] NET: Registered protocol family 2
[    0.566345] RANDOM - __random32 called. Change num 7.  Value: 55ede565	148ebb7a	8e9cdd7f
[    0.566347] RANDOM - random32 called.  Value: 55ede565	148ebb7a	8e9cdd7f
[    0.566355] random 0000 0000 0000 00000000 00000000: rand_read_num 2 get_random_bytes(4): sig fffffe1a 00000000 00000000
[    0.566358] random 0000 0000 0000 00000000 00000000: extract_entropy(.. 4 ..)
[    0.566361] random 0000 0000 0000 00000000 00000000: going to reseed nonblocking with 64 bits (32 of 0 requested)
[    0.566363] random 0000 0000 0000 00000000 00000000: extract_entropy(.. 8 ..)
[    0.566365] random 0000 0000 0000 00000000 00000000: trying to extract 64 bits from input
[    0.566367] random 0000 0000 0000 00000000 00000000: debiting 0 entropy credits from input
[    0.566369] random 0000 0000 0000 00000000 00000000: extract_entropy account returned: 0 
[    0.566373] random 0000 0000 0000 00000000 00000000: urand_change_num 3 xfer_secondary_pool(4): pool_sig fffffe1a, data_sig 00000000, bytes_mixed 0 00000000 00000000
[    0.566375] random 0000 0000 0000 00000000 00000000: trying to extract 32 bits from nonblocking
[    0.566378] random 0000 0000 0000 00000000 00000000: debiting 32 entropy credits from nonblocking (unlimited)
[    0.566380] random 0000 0000 0000 00000000 00000000: extract_entropy account returned: 4 
[    0.566384] random 0000 0000 0000 00000000 00000000: urand_change_num 4 extract_buf: pool_sig fffffe1a, data_sig fffffed7, bytes_mixed 20 00000000 00000000
[    0.566414] IP route cache hash table entries: 32768 (order: 5, 131072 bytes)
[    0.566507] RANDOM - __random32 called. Change num 8.  Value: de565d28	48ebb7a3	baff4f46
[    0.566509] RANDOM - random32 called.  Value: de565d28	48ebb7a3	baff4f46
[    0.566568] RANDOM - __random32 called. Change num 9.  Value: 65d282be	8ebb7a35	9e8da0a6
[    0.566570] RANDOM - random32 called.  Value: 65d282be	8ebb7a35	9e8da0a6
[    0.566573] RANDOM - __random32 called. Change num 10.  Value: 282be6b0	ebb7a35a	414d5c14
[    0.566575] RANDOM - random32 called.  Value: 282be6b0	ebb7a35a	414d5c14
[    0.566598] RANDOM - __random32 called. Change num 11.  Value: be6b0a9f	bb7a35a2	b82964f7
[    0.566600] RANDOM - random32 called.  Value: be6b0a9f	bb7a35a2	b82964f7
[    0.566611] TCP established hash table entries: 131072 (order: 8, 1048576 bytes)
[    0.566732] TCP bind hash table entries: 65536 (order: 7, 524288 bytes)
[    0.566853] TCP: Hash tables configured (established 131072 bind 65536)
[    0.566856] TCP reno registered
[    0.566903] NET: Registered protocol family 1
[    0.566913] pci 0000:00:00.0: Limiting direct PCI/PCI transfers
[    0.566933] pci 0000:00:0f.0: Boot video device
[    0.567150] Trying to unpack rootfs image as initramfs...
[    1.670343] Freeing initrd memory: 83430k freed
[    1.678344] Simple Boot Flag at 0x36 set to 0x1
[    1.678389] cpufreq-nforce2: No nForce2 chipset.
[    1.678402] Scanning for low memory corruption every 60 seconds
[    1.678516] audit: initializing netlink socket (disabled)
[    1.678524] type=2000 audit(1369444149.668:1): initialized
[    1.682441] highmem bounce pool size: 64 pages
[    1.682445] HugeTLB registered 2 MB page size, pre-allocated 0 pages
[    1.682545] VFS: Disk quotas dquot_6.5.2
[    1.682583] Dquot-cache hash table entries: 1024 (order 0, 4096 bytes)
[    1.682663] fuse init (API version 7.13)
[    1.682708] msgmni has been set to 1729
[    1.682981] alg: No test for stdrng (krng)
[    1.683016] Block layer SCSI generic (bsg) driver version 0.4 loaded (major 253)
[    1.683018] io scheduler noop registered
[    1.683020] io scheduler anticipatory registered
[    1.683022] io scheduler deadline registered
[    1.683042] io scheduler cfq registered (default)
[    1.683087]   alloc irq_desc for 24 on node -1
[    1.683090]   alloc kstat_irqs on node -1
[    1.683135] pcieport 0000:00:15.0: irq 24 for MSI/MSI-X
[    1.683179] pcieport 0000:00:15.0: setting latency timer to 64
[    1.683224]   alloc irq_desc for 25 on node -1
[    1.683234]   alloc kstat_irqs on node -1
[    1.683278] pcieport 0000:00:15.1: irq 25 for MSI/MSI-X
[    1.683323] pcieport 0000:00:15.1: setting latency timer to 64
[    1.683368]   alloc irq_desc for 26 on node -1
[    1.683369]   alloc kstat_irqs on node -1
[    1.683414] pcieport 0000:00:15.2: irq 26 for MSI/MSI-X
[    1.683459] pcieport 0000:00:15.2: setting latency timer to 64
[    1.683503]   alloc irq_desc for 27 on node -1
[    1.683505]   alloc kstat_irqs on node -1
[    1.683550] pcieport 0000:00:15.3: irq 27 for MSI/MSI-X
[    1.683594] pcieport 0000:00:15.3: setting latency timer to 64
[    1.683639]   alloc irq_desc for 28 on node -1
[    1.683641]   alloc kstat_irqs on node -1
[    1.683686] pcieport 0000:00:15.4: irq 28 for MSI/MSI-X
[    1.683730] pcieport 0000:00:15.4: setting latency timer to 64
[    1.683775]   alloc irq_desc for 29 on node -1
[    1.683777]   alloc kstat_irqs on node -1
[    1.683821] pcieport 0000:00:15.5: irq 29 for MSI/MSI-X
[    1.683866] pcieport 0000:00:15.5: setting latency timer to 64
[    1.683911]   alloc irq_desc for 30 on node -1
[    1.683913]   alloc kstat_irqs on node -1
[    1.683957] pcieport 0000:00:15.6: irq 30 for MSI/MSI-X
[    1.684002] pcieport 0000:00:15.6: setting latency timer to 64
[    1.684047]   alloc irq_desc for 31 on node -1
[    1.684049]   alloc kstat_irqs on node -1
[    1.684093] pcieport 0000:00:15.7: irq 31 for MSI/MSI-X
[    1.684138] pcieport 0000:00:15.7: setting latency timer to 64
[    1.684182]   alloc irq_desc for 32 on node -1
[    1.684184]   alloc kstat_irqs on node -1
[    1.684229] pcieport 0000:00:16.0: irq 32 for MSI/MSI-X
[    1.684274] pcieport 0000:00:16.0: setting latency timer to 64
[    1.684318]   alloc irq_desc for 33 on node -1
[    1.684320]   alloc kstat_irqs on node -1
[    1.684365] pcieport 0000:00:16.1: irq 33 for MSI/MSI-X
[    1.684409] pcieport 0000:00:16.1: setting latency timer to 64
[    1.684454]   alloc irq_desc for 34 on node -1
[    1.684456]   alloc kstat_irqs on node -1
[    1.684501] pcieport 0000:00:16.2: irq 34 for MSI/MSI-X
[    1.684545] pcieport 0000:00:16.2: setting latency timer to 64
[    1.684590]   alloc irq_desc for 35 on node -1
[    1.684592]   alloc kstat_irqs on node -1
[    1.684636] pcieport 0000:00:16.3: irq 35 for MSI/MSI-X
[    1.684681] pcieport 0000:00:16.3: setting latency timer to 64
[    1.684726]   alloc irq_desc for 36 on node -1
[    1.684727]   alloc kstat_irqs on node -1
[    1.684772] pcieport 0000:00:16.4: irq 36 for MSI/MSI-X
[    1.684817] pcieport 0000:00:16.4: setting latency timer to 64
[    1.684861]   alloc irq_desc for 37 on node -1
[    1.684863]   alloc kstat_irqs on node -1
[    1.684908] pcieport 0000:00:16.5: irq 37 for MSI/MSI-X
[    1.684952] pcieport 0000:00:16.5: setting latency timer to 64
[    1.684997]   alloc irq_desc for 38 on node -1
[    1.684999]   alloc kstat_irqs on node -1
[    1.685044] pcieport 0000:00:16.6: irq 38 for MSI/MSI-X
[    1.685088] pcieport 0000:00:16.6: setting latency timer to 64
[    1.685133]   alloc irq_desc for 39 on node -1
[    1.685135]   alloc kstat_irqs on node -1
[    1.685179] pcieport 0000:00:16.7: irq 39 for MSI/MSI-X
[    1.685224] pcieport 0000:00:16.7: setting latency timer to 64
[    1.686383]   alloc irq_desc for 40 on node -1
[    1.686385]   alloc kstat_irqs on node -1
[    1.686430] pcieport 0000:00:17.0: irq 40 for MSI/MSI-X
[    1.686474] pcieport 0000:00:17.0: setting latency timer to 64
[    1.686519]   alloc irq_desc for 41 on node -1
[    1.686521]   alloc kstat_irqs on node -1
[    1.686566] pcieport 0000:00:17.1: irq 41 for MSI/MSI-X
[    1.686610] pcieport 0000:00:17.1: setting latency timer to 64
[    1.686655]   alloc irq_desc for 42 on node -1
[    1.686657]   alloc kstat_irqs on node -1
[    1.686701] pcieport 0000:00:17.2: irq 42 for MSI/MSI-X
[    1.686746] pcieport 0000:00:17.2: setting latency timer to 64
[    1.686791]   alloc irq_desc for 43 on node -1
[    1.686792]   alloc kstat_irqs on node -1
[    1.686837] pcieport 0000:00:17.3: irq 43 for MSI/MSI-X
[    1.686882] pcieport 0000:00:17.3: setting latency timer to 64
[    1.686926]   alloc irq_desc for 44 on node -1
[    1.686928]   alloc kstat_irqs on node -1
[    1.686973] pcieport 0000:00:17.4: irq 44 for MSI/MSI-X
[    1.687017] pcieport 0000:00:17.4: setting latency timer to 64
[    1.687062]   alloc irq_desc for 45 on node -1
[    1.687064]   alloc kstat_irqs on node -1
[    1.687109] pcieport 0000:00:17.5: irq 45 for MSI/MSI-X
[    1.687153] pcieport 0000:00:17.5: setting latency timer to 64
[    1.687198]   alloc irq_desc for 46 on node -1
[    1.687200]   alloc kstat_irqs on node -1
[    1.687244] pcieport 0000:00:17.6: irq 46 for MSI/MSI-X
[    1.687289] pcieport 0000:00:17.6: setting latency timer to 64
[    1.687334]   alloc irq_desc for 47 on node -1
[    1.687336]   alloc kstat_irqs on node -1
[    1.687380] pcieport 0000:00:17.7: irq 47 for MSI/MSI-X
[    1.687425] pcieport 0000:00:17.7: setting latency timer to 64
[    1.687469]   alloc irq_desc for 48 on node -1
[    1.687471]   alloc kstat_irqs on node -1
[    1.687516] pcieport 0000:00:18.0: irq 48 for MSI/MSI-X
[    1.687561] pcieport 0000:00:18.0: setting latency timer to 64
[    1.687605]   alloc irq_desc for 49 on node -1
[    1.687607]   alloc kstat_irqs on node -1
[    1.687652] pcieport 0000:00:18.1: irq 49 for MSI/MSI-X
[    1.687696] pcieport 0000:00:18.1: setting latency timer to 64
[    1.687741]   alloc irq_desc for 50 on node -1
[    1.687743]   alloc kstat_irqs on node -1
[    1.687788] pcieport 0000:00:18.2: irq 50 for MSI/MSI-X
[    1.687832] pcieport 0000:00:18.2: setting latency timer to 64
[    1.687877]   alloc irq_desc for 51 on node -1
[    1.687879]   alloc kstat_irqs on node -1
[    1.687923] pcieport 0000:00:18.3: irq 51 for MSI/MSI-X
[    1.687968] pcieport 0000:00:18.3: setting latency timer to 64
[    1.688013]   alloc irq_desc for 52 on node -1
[    1.688016]   alloc kstat_irqs on node -1
[    1.688061] pcieport 0000:00:18.4: irq 52 for MSI/MSI-X
[    1.688105] pcieport 0000:00:18.4: setting latency timer to 64
[    1.688150]   alloc irq_desc for 53 on node -1
[    1.688152]   alloc kstat_irqs on node -1
[    1.688197] pcieport 0000:00:18.5: irq 53 for MSI/MSI-X
[    1.688241] pcieport 0000:00:18.5: setting latency timer to 64
[    1.688286]   alloc irq_desc for 54 on node -1
[    1.688288]   alloc kstat_irqs on node -1
[    1.688333] pcieport 0000:00:18.6: irq 54 for MSI/MSI-X
[    1.688378] pcieport 0000:00:18.6: setting latency timer to 64
[    1.688422]   alloc irq_desc for 55 on node -1
[    1.688424]   alloc kstat_irqs on node -1
[    1.688469] pcieport 0000:00:18.7: irq 55 for MSI/MSI-X
[    1.688513] pcieport 0000:00:18.7: setting latency timer to 64
[    1.688558] pci_hotplug: PCI Hot Plug PCI Core version: 0.5
[    1.690387] pciehp 0000:00:15.0:pcie04: HPC vendor_id 15ad device_id 7a0 ss_vid 0 ss_did 0
[    1.690432] pciehp 0000:00:15.0:pcie04: service driver pciehp loaded
[    1.690476] pciehp 0000:00:15.1:pcie04: HPC vendor_id 15ad device_id 7a0 ss_vid 0 ss_did 0
[    1.690521] pciehp 0000:00:15.1:pcie04: service driver pciehp loaded
[    1.690566] pciehp 0000:00:15.2:pcie04: HPC vendor_id 15ad device_id 7a0 ss_vid 0 ss_did 0
[    1.690610] pciehp 0000:00:15.2:pcie04: service driver pciehp loaded
[    1.690655] pciehp 0000:00:15.3:pcie04: HPC vendor_id 15ad device_id 7a0 ss_vid 0 ss_did 0
[    1.690700] pciehp 0000:00:15.3:pcie04: service driver pciehp loaded
[    1.690744] pciehp 0000:00:15.4:pcie04: HPC vendor_id 15ad device_id 7a0 ss_vid 0 ss_did 0
[    1.690789] pciehp 0000:00:15.4:pcie04: service driver pciehp loaded
[    1.690834] pciehp 0000:00:15.5:pcie04: HPC vendor_id 15ad device_id 7a0 ss_vid 0 ss_did 0
[    1.690878] pciehp 0000:00:15.5:pcie04: service driver pciehp loaded
[    1.690923] pciehp 0000:00:15.6:pcie04: HPC vendor_id 15ad device_id 7a0 ss_vid 0 ss_did 0
[    1.690967] pciehp 0000:00:15.6:pcie04: service driver pciehp loaded
[    1.691012] pciehp 0000:00:15.7:pcie04: HPC vendor_id 15ad device_id 7a0 ss_vid 0 ss_did 0
[    1.691057] pciehp 0000:00:15.7:pcie04: service driver pciehp loaded
[    1.691101] pciehp 0000:00:16.0:pcie04: HPC vendor_id 15ad device_id 7a0 ss_vid 0 ss_did 0
[    1.691146] pciehp 0000:00:16.0:pcie04: service driver pciehp loaded
[    1.691191] pciehp 0000:00:16.1:pcie04: HPC vendor_id 15ad device_id 7a0 ss_vid 0 ss_did 0
[    1.691235] pciehp 0000:00:16.1:pcie04: service driver pciehp loaded
[    1.691280] pciehp 0000:00:16.2:pcie04: HPC vendor_id 15ad device_id 7a0 ss_vid 0 ss_did 0
[    1.691325] pciehp 0000:00:16.2:pcie04: service driver pciehp loaded
[    1.691369] pciehp 0000:00:16.3:pcie04: HPC vendor_id 15ad device_id 7a0 ss_vid 0 ss_did 0
[    1.691414] pciehp 0000:00:16.3:pcie04: service driver pciehp loaded
[    1.691458] pciehp 0000:00:16.4:pcie04: HPC vendor_id 15ad device_id 7a0 ss_vid 0 ss_did 0
[    1.691503] pciehp 0000:00:16.4:pcie04: service driver pciehp loaded
[    1.691548] pciehp 0000:00:16.5:pcie04: HPC vendor_id 15ad device_id 7a0 ss_vid 0 ss_did 0
[    1.691592] pciehp 0000:00:16.5:pcie04: service driver pciehp loaded
[    1.691637] pciehp 0000:00:16.6:pcie04: HPC vendor_id 15ad device_id 7a0 ss_vid 0 ss_did 0
[    1.691682] pciehp 0000:00:16.6:pcie04: service driver pciehp loaded
[    1.691726] pciehp 0000:00:16.7:pcie04: HPC vendor_id 15ad device_id 7a0 ss_vid 0 ss_did 0
[    1.691771] pciehp 0000:00:16.7:pcie04: service driver pciehp loaded
[    1.691816] pciehp 0000:00:17.0:pcie04: HPC vendor_id 15ad device_id 7a0 ss_vid 0 ss_did 0
[    1.691860] pciehp 0000:00:17.0:pcie04: service driver pciehp loaded
[    1.691905] pciehp 0000:00:17.1:pcie04: HPC vendor_id 15ad device_id 7a0 ss_vid 0 ss_did 0
[    1.691950] pciehp 0000:00:17.1:pcie04: service driver pciehp loaded
[    1.691994] pciehp 0000:00:17.2:pcie04: HPC vendor_id 15ad device_id 7a0 ss_vid 0 ss_did 0
[    1.692039] pciehp 0000:00:17.2:pcie04: service driver pciehp loaded
[    1.692083] pciehp 0000:00:17.3:pcie04: HPC vendor_id 15ad device_id 7a0 ss_vid 0 ss_did 0
[    1.692128] pciehp 0000:00:17.3:pcie04: service driver pciehp loaded
[    1.692173] pciehp 0000:00:17.4:pcie04: HPC vendor_id 15ad device_id 7a0 ss_vid 0 ss_did 0
[    1.692217] pciehp 0000:00:17.4:pcie04: service driver pciehp loaded
[    1.692262] pciehp 0000:00:17.5:pcie04: HPC vendor_id 15ad device_id 7a0 ss_vid 0 ss_did 0
[    1.692307] pciehp 0000:00:17.5:pcie04: service driver pciehp loaded
[    1.692351] pciehp 0000:00:17.6:pcie04: HPC vendor_id 15ad device_id 7a0 ss_vid 0 ss_did 0
[    1.692396] pciehp 0000:00:17.6:pcie04: service driver pciehp loaded
[    1.692441] pciehp 0000:00:17.7:pcie04: HPC vendor_id 15ad device_id 7a0 ss_vid 0 ss_did 0
[    1.692485] pciehp 0000:00:17.7:pcie04: service driver pciehp loaded
[    1.692530] pciehp 0000:00:18.0:pcie04: HPC vendor_id 15ad device_id 7a0 ss_vid 0 ss_did 0
[    1.692575] pciehp 0000:00:18.0:pcie04: service driver pciehp loaded
[    1.692619] pciehp 0000:00:18.1:pcie04: HPC vendor_id 15ad device_id 7a0 ss_vid 0 ss_did 0
[    1.692664] pciehp 0000:00:18.1:pcie04: service driver pciehp loaded
[    1.692708] pciehp 0000:00:18.2:pcie04: HPC vendor_id 15ad device_id 7a0 ss_vid 0 ss_did 0
[    1.692753] pciehp 0000:00:18.2:pcie04: service driver pciehp loaded
[    1.692798] pciehp 0000:00:18.3:pcie04: HPC vendor_id 15ad device_id 7a0 ss_vid 0 ss_did 0
[    1.692842] pciehp 0000:00:18.3:pcie04: service driver pciehp loaded
[    1.692887] pciehp 0000:00:18.4:pcie04: HPC vendor_id 15ad device_id 7a0 ss_vid 0 ss_did 0
[    1.692932] pciehp 0000:00:18.4:pcie04: service driver pciehp loaded
[    1.692976] pciehp 0000:00:18.5:pcie04: HPC vendor_id 15ad device_id 7a0 ss_vid 0 ss_did 0
[    1.693021] pciehp 0000:00:18.5:pcie04: service driver pciehp loaded
[    1.693066] pciehp 0000:00:18.6:pcie04: HPC vendor_id 15ad device_id 7a0 ss_vid 0 ss_did 0
[    1.693110] pciehp 0000:00:18.6:pcie04: service driver pciehp loaded
[    1.693155] pciehp 0000:00:18.7:pcie04: HPC vendor_id 15ad device_id 7a0 ss_vid 0 ss_did 0
[    1.693200] pciehp 0000:00:18.7:pcie04: service driver pciehp loaded
[    1.693207] pciehp: PCI Express Hot Plug Controller Driver version: 0.4
[    1.693256] ACPI: AC Adapter [ACAD] (on-line)
[    1.693309] input: Power Button as /devices/LNXSYSTM:00/LNXPWRBN:00/input/input0
[    1.693312] ACPI: Power Button [PWRF]
[    1.693356] processor LNXCPU:00: registered as cooling_device0
[    1.734280] isapnp: Scanning for PnP cards...
[    2.088007] isapnp: No Plug & Play device found
[    2.088036] random 0000 0000 0000 5f8db4e5 4cfdf2a8: initializing
[    2.088162] Linux agpgart interface v0.103
[    2.088202] agpgart-intel 0000:00:00.0: Intel 440BX Chipset
[    2.088254] agpgart-intel 0000:00:00.0: AGP aperture is 256M @ 0x0
[    2.088285] Serial: 8250/16550 driver, 32 ports, IRQ sharing enabled
[    2.088337] serial8250: ttyS0 at I/O 0x3f8 (irq = 4) is a 16550A
[    2.088389] serial8250: ttyS1 at I/O 0x2f8 (irq = 3) is a 16550A
[    2.088441] 00:0a: ttyS0 at I/O 0x3f8 (irq = 4) is a 16550A
[    2.088493] 00:0b: ttyS1 at I/O 0x2f8 (irq = 3) is a 16550A
[    2.088545] brd: module loaded
[    2.088597] loop: module loaded
[    2.088649] ata_piix 0000:00:07.1: version 2.13
[    2.088730] scsi0 : ata_piix
[    2.088777] scsi1 : ata_piix
[    2.088797] ata1: PATA max UDMA/33 cmd 0x1f0 ctl 0x3f6 bmdma 0x10c0 irq 14
[    2.088799] ata2: PATA max UDMA/33 cmd 0x170 ctl 0x376 bmdma 0x10c8 irq 15
[    2.088846] PPP generic driver version 2.4.2
[    2.088866] tun: Universal TUN/TAP device driver, 1.6
[    2.088867] tun: (C) 1999-2004 Max Krasnyansky <maxk@qualcomm.com>
[    2.088919] ehci_hcd: USB 2.0 'Enhanced' Host Controller (EHCI) Driver
[    2.088971] ACPI: PCI Interrupt Link [LNKB] enabled at IRQ 11
[    2.088974] PCI: setting IRQ 11 as level-triggered
[    2.088981] ehci_hcd 0000:02:03.0: PCI INT A -> Link[LNKB] -> GSI 11 (level, low) -> IRQ 11
[    2.089021] ehci_hcd 0000:02:03.0: EHCI Host Controller
[    2.089043] ehci_hcd 0000:02:03.0: new USB bus registered, assigned bus number 1
[    2.089095] ehci_hcd 0000:02:03.0: cache line size of 32 is not supported
[    2.089101] ehci_hcd 0000:02:03.0: irq 11, io mem 0xc9000000
[    2.089408] random 0000 0000 0000 00000000 00000000: rand_read_num 3 get_random_bytes(8): sig 00000000 00000000 00000000
[    2.089411] random 0000 0000 0000 00000000 00000000: extract_entropy(.. 8 ..)
[    2.089414] random 0000 0000 0000 00000000 00000000: going to reseed nonblocking with 64 bits (64 of 0 requested)
[    2.089416] random 0000 0000 0000 00000000 00000000: extract_entropy(.. 8 ..)
[    2.089418] random 0000 0000 0000 00000000 00000000: trying to extract 64 bits from input
[    2.089420] random 0000 0000 0000 00000000 00000000: debiting 0 entropy credits from input
[    2.089422] random 0000 0000 0000 00000000 00000000: extract_entropy account returned: 0 
[    2.089425] random 0000 0000 0000 00000000 00000000: urand_change_num 5 xfer_secondary_pool(8): pool_sig 00000000, data_sig 00000000, bytes_mixed 0 00000000 00000000
[    2.089428] random 0000 0000 0000 00000000 00000000: trying to extract 64 bits from nonblocking
[    2.089430] random 0000 0000 0000 00000000 00000000: debiting 64 entropy credits from nonblocking (unlimited)
[    2.089432] random 0000 0000 0000 00000000 00000000: extract_entropy account returned: 8 
[    2.089436] random 0000 0000 0000 00000000 00000000: urand_change_num 6 extract_buf: pool_sig 00000000, data_sig fffffff9, bytes_mixed 20 00000000 00000000
[    2.097736] ehci_hcd 0000:02:03.0: USB 2.0 started, EHCI 1.00
[    2.097788] usb usb1: configuration #1 chosen from 1 choice
[    2.097806] hub 1-0:1.0: USB hub found
[    2.097811] hub 1-0:1.0: 6 ports detected
[    2.097844] ohci_hcd: USB 1.1 'Open' Host Controller (OHCI) Driver
[    2.097855] uhci_hcd: USB Universal Host Controller Interface driver
[    2.097907] ACPI: PCI Interrupt Link [LNKC] enabled at IRQ 10
[    2.097909] PCI: setting IRQ 10 as level-triggered
[    2.097913] uhci_hcd 0000:02:00.0: PCI INT A -> Link[LNKC] -> GSI 10 (level, low) -> IRQ 10
[    2.097948] uhci_hcd 0000:02:00.0: UHCI Host Controller
[    2.097976] uhci_hcd 0000:02:00.0: new USB bus registered, assigned bus number 2
[    2.098081] uhci_hcd 0000:02:00.0: irq 10, io base 0x000020c0
[    2.098133] usb usb2: configuration #1 chosen from 1 choice
[    2.098148] hub 2-0:1.0: USB hub found
[    2.098153] hub 2-0:1.0: 2 ports detected
[    2.098205] usbcore: registered new interface driver libusual
[    2.098232] PNP: PS/2 Controller [PNP0303:KBC,PNP0f13:MOUS] at 0x60,0x64 irq 1,12
[    2.098564] serio: i8042 KBD port at 0x60,0x64 irq 1
[    2.098571] serio: i8042 AUX port at 0x60,0x64 irq 12
[    2.098606] mice: PS/2 mouse device common for all mice
[    2.098658] rtc_cmos 00:04: rtc core: registered rtc_cmos as rtc0
[    2.098673] rtc0: alarms up to one month, y3k, 114 bytes nvram, hpet irqs
[    2.098725] device-mapper: uevent: version 1.0.3
[    2.098854] device-mapper: ioctl: 4.15.0-ioctl (2009-04-01) initialised: dm-devel@redhat.com
[    2.098891] EISA: Probing bus 0 at eisa.0
[    2.098899] Cannot allocate resource for EISA slot 1
[    2.098901] Cannot allocate resource for EISA slot 2
[    2.098903] Cannot allocate resource for EISA slot 3
[    2.098904] Cannot allocate resource for EISA slot 4
[    2.098906] Cannot allocate resource for EISA slot 5
[    2.098908] Cannot allocate resource for EISA slot 6
[    2.098910] Cannot allocate resource for EISA slot 7
[    2.098912] Cannot allocate resource for EISA slot 8
[    2.098914] EISA: Detected 0 cards.
[    2.098969] cpuidle: using governor ladder
[    2.098970] cpuidle: using governor menu
[    2.099022] random 0000 0000 0000 00000000 00000000: rand_read_num 4 get_random_bytes(136): sig 0000021d 00000000 00000000
[    2.099025] random 0000 0000 0000 00000000 00000000: extract_entropy(.. 136 ..)
[    2.099027] random 0000 0000 0000 00000000 00000000: going to reseed nonblocking with 1024 bits (1088 of 0 requested)
[    2.099030] random 0000 0000 0000 00000000 00000000: extract_entropy(.. 128 ..)
[    2.099032] random 0000 0000 0000 00000000 00000000: trying to extract 1024 bits from input
[    2.099034] random 0000 0000 0000 00000000 00000000: debiting 0 entropy credits from input
[    2.099036] random 0000 0000 0000 00000000 00000000: extract_entropy account returned: 0 
[    2.099039] random 0000 0000 0000 00000000 00000000: urand_change_num 7 xfer_secondary_pool(136): pool_sig 0000021d, data_sig 00000000, bytes_mixed 0 00000000 00000000
[    2.099041] random 0000 0000 0000 00000000 00000000: trying to extract 1088 bits from nonblocking
[    2.099044] random 0000 0000 0000 00000000 00000000: debiting 1088 entropy credits from nonblocking (unlimited)
[    2.099046] random 0000 0000 0000 00000000 00000000: extract_entropy account returned: 136 
[    2.099049] random 0000 0000 0000 00000000 00000000: urand_change_num 8 extract_buf: pool_sig 0000021d, data_sig fffffff7, bytes_mixed 20 00000000 00000000
[    2.099054] random 0000 0000 0000 f961ee50 ba9cb1aa: urand_change_num 9 extract_buf: pool_sig 00000230, data_sig fffffeb4, bytes_mixed 20 f961ee50 ba9cb1aa
[    2.099058] random 0000 0000 0000 9748bdd6 56fb8af6: urand_change_num 10 extract_buf: pool_sig 00000373, data_sig 000000cf, bytes_mixed 20 9748bdd6 56fb8af6
[    2.099062] random 0000 0000 0000 9748bdd6 56fb8af6: urand_change_num 11 extract_buf: pool_sig fffffe49, data_sig 0000023f, bytes_mixed 20 9748bdd6 56fb8af6
[    2.099066] random 0000 0000 0000 a135be86 4777650e: urand_change_num 12 extract_buf: pool_sig fffffcce, data_sig 000000c6, bytes_mixed 20 a135be86 4777650e
[    2.099071] random 0000 0000 0000 4a6ea85d 170e00dd: urand_change_num 13 extract_buf: pool_sig ffffff97, data_sig ffffff7d, bytes_mixed 20 4a6ea85d 170e00dd
[    2.099075] random 0000 0000 0000 4a6ea85d 170e00dd: urand_change_num 14 extract_buf: pool_sig 00000160, data_sig fffffeea, bytes_mixed 20 4a6ea85d 170e00dd
[    2.099079] random 0000 0000 0000 6e87c3cb da668c73: urand_change_num 15 extract_buf: pool_sig 0000034f, data_sig ffffff54, bytes_mixed 20 6e87c3cb da668c73
[    2.099083] random 0000 0000 0000 6e87c3cb da668c73: urand_change_num 16 extract_buf: pool_sig fffffdc5, data_sig 00000205, bytes_mixed 20 6e87c3cb da668c73
[    2.099087] random 0000 0000 0000 39f531e6 461eb249: urand_change_num 17 extract_buf: pool_sig fffffc1d, data_sig ffffff5e, bytes_mixed 20 39f531e6 461eb249
[    2.099091] random 0000 0000 0000 7e1538a2 3e661182: urand_change_num 18 extract_buf: pool_sig 000006ef, data_sig ffffff2e, bytes_mixed 20 7e1538a2 3e661182
[    2.099095] random 0000 0000 0000 7e1538a2 3e661182: urand_change_num 19 extract_buf: pool_sig 00000317, data_sig fffffccb, bytes_mixed 20 7e1538a2 3e661182
[    2.099100] random 0000 0000 0000 76af506b 9b57305e: urand_change_num 20 extract_buf: pool_sig 00000227, data_sig ffffffd2, bytes_mixed 20 76af506b 9b57305e
[    2.099104] random 0000 0000 0000 37d49d89 e20417cc: urand_change_num 21 extract_buf: pool_sig 0000080b, data_sig 000001e9, bytes_mixed 20 37d49d89 e20417cc
[    2.099108] TCP cubic registered
[    2.099160] NET: Registered protocol family 10
[    2.099193] RANDOM - __random32 called. Change num 12.  Value: b0a9fbe7	b7a35a2b	c9ef2c48
[    2.099195] RANDOM - random32 called.  Value: b0a9fbe7	b7a35a2b	c9ef2c48
[    2.099203] random 0000 0000 0000 37d49d89 e20417cc: rand_read_num 5 get_random_bytes(4): sig 00000298 37d49d89 e20417cc
[    2.099205] random 0000 0000 0000 37d49d89 e20417cc: extract_entropy(.. 4 ..)
[    2.099208] random 0000 0000 0000 37d49d89 e20417cc: going to reseed nonblocking with 64 bits (32 of 0 requested)
[    2.099210] random 0000 0000 0000 37d49d89 e20417cc: extract_entropy(.. 8 ..)
[    2.099212] random 0000 0000 0000 37d49d89 e20417cc: trying to extract 64 bits from input
[    2.099214] random 0000 0000 0000 37d49d89 e20417cc: debiting 0 entropy credits from input
[    2.099216] random 0000 0000 0000 37d49d89 e20417cc: extract_entropy account returned: 0 
[    2.099218] random 0000 0000 0000 37d49d89 e20417cc: urand_change_num 22 xfer_secondary_pool(4): pool_sig 00000298, data_sig 00000000, bytes_mixed 0 37d49d89 e20417cc
[    2.099221] random 0000 0000 0000 37d49d89 e20417cc: trying to extract 32 bits from nonblocking
[    2.099223] random 0000 0000 0000 37d49d89 e20417cc: debiting 32 entropy credits from nonblocking (unlimited)
[    2.099225] random 0000 0000 0000 37d49d89 e20417cc: extract_entropy account returned: 4 
[    2.099228] random 0000 0000 0000 37d49d89 e20417cc: urand_change_num 23 extract_buf: pool_sig 00000298, data_sig 00000092, bytes_mixed 20 37d49d89 e20417cc
[    2.099280] RANDOM - __random32 called. Change num 13.  Value: 9fbe71fa	7a35a2b4	5890d2c9
[    2.099282] RANDOM - random32 called.  Value: 9fbe71fa	7a35a2b4	5890d2c9
[    2.099334] NET: Registered protocol family 17
[    2.099356] Using IPI No-Shortcut mode
[    2.099361] random 0000 0000 0000 2ee4c4fc 167bdb15: rand_read_num 6 get_random_bytes(8): sig fffffcbf 2ee4c4fc 167bdb15
[    2.099363] random 0000 0000 0000 2ee4c4fc 167bdb15: extract_entropy(.. 8 ..)
[    2.099365] random 0000 0000 0000 2ee4c4fc 167bdb15: going to reseed nonblocking with 64 bits (64 of 0 requested)
[    2.099367] random 0000 0000 0000 2ee4c4fc 167bdb15: extract_entropy(.. 8 ..)
[    2.099369] random 0000 0000 0000 2ee4c4fc 167bdb15: trying to extract 64 bits from input
[    2.099371] random 0000 0000 0000 2ee4c4fc 167bdb15: debiting 0 entropy credits from input
[    2.099373] random 0000 0000 0000 2ee4c4fc 167bdb15: extract_entropy account returned: 0 
[    2.099376] random 0000 0000 0000 2ee4c4fc 167bdb15: urand_change_num 24 xfer_secondary_pool(8): pool_sig fffffcbf, data_sig 00000000, bytes_mixed 0 2ee4c4fc 167bdb15
[    2.099378] random 0000 0000 0000 2ee4c4fc 167bdb15: trying to extract 64 bits from nonblocking
[    2.099381] random 0000 0000 0000 2ee4c4fc 167bdb15: debiting 64 entropy credits from nonblocking (unlimited)
[    2.099383] random 0000 0000 0000 2ee4c4fc 167bdb15: extract_entropy account returned: 8 
[    2.099386] random 0000 0000 0000 2ee4c4fc 167bdb15: urand_change_num 25 extract_buf: pool_sig fffffcbf, data_sig ffffff83, bytes_mixed 20 2ee4c4fc 167bdb15
[    2.099424] PM: Resume from disk failed.
[    2.099433] registered taskstats version 1
[    2.099435] random 0000 0000 0000 2ee4c4fc 167bdb15: rand_read_num 7 get_random_bytes(12): sig fffffc69 2ee4c4fc 167bdb15
[    2.099438] random 0000 0000 0000 2ee4c4fc 167bdb15: extract_entropy(.. 12 ..)
[    2.099440] random 0000 0000 0000 2ee4c4fc 167bdb15: going to reseed nonblocking with 96 bits (96 of 0 requested)
[    2.099442] random 0000 0000 0000 2ee4c4fc 167bdb15: extract_entropy(.. 12 ..)
[    2.099444] random 0000 0000 0000 2ee4c4fc 167bdb15: trying to extract 96 bits from input
[    2.099446] random 0000 0000 0000 2ee4c4fc 167bdb15: debiting 0 entropy credits from input
[    2.099448] random 0000 0000 0000 2ee4c4fc 167bdb15: extract_entropy account returned: 0 
[    2.099450] random 0000 0000 0000 2ee4c4fc 167bdb15: urand_change_num 26 xfer_secondary_pool(12): pool_sig fffffc69, data_sig 00000000, bytes_mixed 0 2ee4c4fc 167bdb15
[    2.099453] random 0000 0000 0000 2ee4c4fc 167bdb15: trying to extract 96 bits from nonblocking
[    2.099455] random 0000 0000 0000 2ee4c4fc 167bdb15: debiting 96 entropy credits from nonblocking (unlimited)
[    2.099457] random 0000 0000 0000 2ee4c4fc 167bdb15: extract_entropy account returned: 12 
[    2.099460] random 0000 0000 0000 2ee4c4fc 167bdb15: urand_change_num 27 extract_buf: pool_sig fffffc69, data_sig ffffff7d, bytes_mixed 20 2ee4c4fc 167bdb15
[    2.099465] random 0000 0000 0000 83b7c1ab 94697f48: urand_change_num 28 extract_buf: pool_sig fffffe30, data_sig fffffdd6, bytes_mixed 20 83b7c1ab 94697f48
[    2.099467] RANDOM - __seed init called.
[    2.099469] RANDOM - __seed init called.
[    2.099470] RANDOM - __seed init called.
[    2.099503] RANDOM - __random32 called. Change num 14.  Value: fc007995	feca4f80	21b38ad2
[    2.099505] RANDOM - random32_reseed called.  Value: fc007995	feca4f80	21b38ad2
[    2.099507] Pid: 1, comm: swapper Not tainted 2.6.32.57 #4
[    2.099509] Call Trace:
[    2.099515]  [<c14a8a0e>] ? printk+0x1d/0x1f
[    2.099520]  [<c17537e5>] random32_reseed+0x89/0xbd
[    2.099524]  [<c1003042>] do_one_initcall+0x32/0x1a0
[    2.099527]  [<c175375c>] ? random32_reseed+0x0/0xbd
[    2.099530]  [<c17308e7>] kernel_init+0x12d/0x17a
[    2.099557]  [<c17307ba>] ? kernel_init+0x0/0x17a
[    2.099570]  [<c1009b07>] kernel_thread_helper+0x7/0x10
[    2.102325] input: AT Translated Set 2 keyboard as /devices/platform/i8042/serio0/input/input1
[    2.102602] random 0000 0000 0000 6db70b00 b30ce96b: rand_read_num 8 get_random_bytes(64): sig fffffb38 6db70b00 b30ce96b
[    2.102605] random 0000 0000 0000 6db70b00 b30ce96b: extract_entropy(.. 64 ..)
[    2.102608] random 0000 0000 0000 6db70b00 b30ce96b: going to reseed nonblocking with 512 bits (512 of 0 requested)
[    2.102610] random 0000 0000 0000 6db70b00 b30ce96b: extract_entropy(.. 64 ..)
[    2.102612] random 0000 0000 0000 6db70b00 b30ce96b: trying to extract 512 bits from input
[    2.102615] random 0000 0000 0000 6db70b00 b30ce96b: debiting 0 entropy credits from input
[    2.102617] random 0000 0000 0000 6db70b00 b30ce96b: extract_entropy account returned: 0 
[    2.102620] random 0000 0000 0000 6db70b00 b30ce96b: urand_change_num 29 xfer_secondary_pool(64): pool_sig fffffb38, data_sig 00000000, bytes_mixed 0 6db70b00 b30ce96b
[    2.102623] random 0000 0000 0000 6db70b00 b30ce96b: trying to extract 512 bits from nonblocking
[    2.102625] random 0000 0000 0000 6db70b00 b30ce96b: debiting 512 entropy credits from nonblocking (unlimited)
[    2.102628] random 0000 0000 0000 6db70b00 b30ce96b: extract_entropy account returned: 64 
[    2.102631] random 0000 0000 0000 6db70b00 b30ce96b: urand_change_num 30 extract_buf: pool_sig fffffb38, data_sig 00000151, bytes_mixed 20 6db70b00 b30ce96b
[    2.102636] random 0000 0000 0000 6db70b00 b30ce96b: urand_change_num 31 extract_buf: pool_sig fffffdb8, data_sig 00000379, bytes_mixed 20 6db70b00 b30ce96b
[    2.102640] random 0000 0000 0000 6b83001e d4b6c0d3: urand_change_num 32 extract_buf: pool_sig ffffffc9, data_sig 00000198, bytes_mixed 20 6b83001e d4b6c0d3
[    2.102645] random 0000 0000 0000 79d3e3c7 be564518: urand_change_num 33 extract_buf: pool_sig 000002b9, data_sig ffffff84, bytes_mixed 20 79d3e3c7 be564518
[    2.102649] random 0000 0000 0000 79d3e3c7 be564518: urand_change_num 34 extract_buf: pool_sig ffffff55, data_sig ffffff5a, bytes_mixed 20 79d3e3c7 be564518
[    2.102654] random 0000 0000 0000 89c03cb2 0d353228: urand_change_num 35 extract_buf: pool_sig 00000007, data_sig ffffff17, bytes_mixed 20 89c03cb2 0d353228
[    2.102658] random 0000 0000 0000 89c03cb2 0d353228: urand_change_num 36 extract_buf: pool_sig fffffdae, data_sig 000000db, bytes_mixed 20 89c03cb2 0d353228  Magic number: 13:590:155
[    2.102668] bdi 1:7: hash matches
[    2.102690] acpi device:22: hash matches
[    2.102760] rtc_cmos 00:04: setting system clock to 2013-05-25 01:09:11 UTC (1369444151)
[    2.102763] BIOS EDD facility v0.16 2004-Jun-25, 0 devices found
[    2.102764] EDD information not available.
[    2.102789] random 0000 0000 0000 8ca62387 b120332c: rand_read_num 9 get_random_bytes(64): sig fffffed6 8ca62387 b120332c
[    2.102791] random 0000 0000 0000 8ca62387 b120332c: extract_entropy(.. 64 ..)
[    2.102794] random 0000 0000 0000 8ca62387 b120332c: going to reseed nonblocking with 512 bits (512 of 0 requested)
[    2.102796] random 0000 0000 0000 8ca62387 b120332c: extract_entropy(.. 64 ..)
[    2.102798] random 0000 0000 0000 8ca62387 b120332c: trying to extract 512 bits from input
[    2.102800] random 0000 0000 0000 8ca62387 b120332c: debiting 0 entropy credits from input
[    2.102802] random 0000 0000 0000 8ca62387 b120332c: extract_entropy account returned: 0 
[    2.102805] random 0000 0000 0000 8ca62387 b120332c: urand_change_num 37 xfer_secondary_pool(64): pool_sig fffffed6, data_sig 00000000, bytes_mixed 0 8ca62387 b120332c
[    2.102808] random 0000 0000 0000 8ca62387 b120332c: trying to extract 512 bits from nonblocking
[    2.102811] random 0000 0000 0000 8ca62387 b120332c: debiting 512 entropy credits from nonblocking (unlimited)
[    2.102813] random 0000 0000 0000 8ca62387 b120332c: extract_entropy account returned: 64 
[    2.102816] random 0000 0000 0000 8ca62387 b120332c: urand_change_num 38 extract_buf: pool_sig fffffed6, data_sig fffffeb6, bytes_mixed 20 8ca62387 b120332c
[    2.102821] random 0000 0000 0000 90702413 e2a66c2e: urand_change_num 39 extract_buf: pool_sig fffffbb0, data_sig 0000012e, bytes_mixed 20 90702413 e2a66c2e
[    2.102825] random 0000 0000 0000 90702413 e2a66c2e: urand_change_num 40 extract_buf: pool_sig fffffaf1, data_sig ffffff3c, bytes_mixed 20 90702413 e2a66c2e
[    2.102830] random 0000 0000 0000 3f58038b c77aecb6: urand_change_num 41 extract_buf: pool_sig 00000234, data_sig fffffdec, bytes_mixed 20 3f58038b c77aecb6
[    2.102834] random 0000 0000 0000 47187b9d 03f21510: urand_change_num 42 extract_buf: pool_sig 00000192, data_sig 00000075, bytes_mixed 20 47187b9d 03f21510
[    2.102839] random 0000 0000 0000 47187b9d 03f21510: urand_change_num 43 extract_buf: pool_sig 0000018e, data_sig ffffffbf, bytes_mixed 20 47187b9d 03f21510
[    2.102843] random 0000 0000 0000 3180b1fc 0fa9c973: urand_change_num 44 extract_buf: pool_sig fffffecf, data_sig ffffff2a, bytes_mixed 20 3180b1fc 0fa9c973
[    2.102846] BEGIN NET_SECRET:
[    2.102847] \xffffff87
[    2.102848] \xffffff8d
[    2.102849] \xfffffff4
[    2.102851] \xffffffae
[    2.102852] \xffffffc3
[    2.102853] \xffffffb7
[    2.102854] \x31
[    2.102855] \x65
[    2.102856] \xffffffda
[    2.102858] \xffffffa2
[    2.102859] \x31
[    2.102860] \xffffffc8
[    2.102861] \xffffffa9
[    2.102862] \x76
[    2.102863] \x76
[    2.102864] \xffffff90
[    2.102866] \x55
[    2.102867] \xfffffff3
[    2.102868] \xffffffb1
[    2.102869] \x3
[    2.102870] \xffffffb3
[    2.102871] \xffffffa7
[    2.102873] \x5a
[    2.102874] \x71
[    2.102875] \x70
[    2.102876] \xffffff8c
[    2.102877] \x56
[    2.102878] \x25
[    2.102879] \xffffffe1
[    2.102880] \x4c
[    2.102882] \xffffffe6
[    2.102883] \xffffff95
[    2.102884] \x67
[    2.102885] \x4c
[    2.102886] \xffffffb9
[    2.102887] \x1d
[    2.102888] \xe
[    2.102890] \x34
[    2.102891] \xffffffbe
[    2.102892] \x12
[    2.102893] \x5
[    2.102894] \xffffff98
[    2.102895] \xffffffa0
[    2.102896] \xf
[    2.102898] \xffffffb2
[    2.102899] \xffffffde
[    2.102900] \xffffff99
[    2.102901] \xf
[    2.102902] \xffffffe8
[    2.102903] \xffffffc8
[    2.102905] \x1f
[    2.102906] \x54
[    2.102907] \x2c
[    2.102908] \xffffffee
[    2.102909] \x2e
[    2.102910] \x0
[    2.102911] \xffffff95
[    2.102913] \x0
[    2.102914] \xffffffe3
[    2.102915] \xffffffa7
[    2.102916] \xfffffffd
[    2.102917] \x66
[    2.102918] \xffffff92
[    2.102919] \xfffffff0
[    2.102921] 
[    2.102921] END NET_SECRET
[    2.102924] random 0000 0000 0000 3180b1fc 0fa9c973: rand_read_num 10 get_random_bytes(4): sig ffffff46 3180b1fc 0fa9c973
[    2.102927] random 0000 0000 0000 3180b1fc 0fa9c973: extract_entropy(.. 4 ..)
[    2.102929] random 0000 0000 0000 3180b1fc 0fa9c973: going to reseed nonblocking with 64 bits (32 of 0 requested)
[    2.102931] random 0000 0000 0000 3180b1fc 0fa9c973: extract_entropy(.. 8 ..)
[    2.102933] random 0000 0000 0000 3180b1fc 0fa9c973: trying to extract 64 bits from input
[    2.102935] random 0000 0000 0000 3180b1fc 0fa9c973: debiting 0 entropy credits from input
[    2.102938] random 0000 0000 0000 3180b1fc 0fa9c973: extract_entropy account returned: 0 
[    2.102941] random 0000 0000 0000 3180b1fc 0fa9c973: urand_change_num 45 xfer_secondary_pool(4): pool_sig ffffff46, data_sig 00000000, bytes_mixed 0 3180b1fc 0fa9c973
[    2.102943] random 0000 0000 0000 3180b1fc 0fa9c973: trying to extract 32 bits from nonblocking
[    2.102946] random 0000 0000 0000 3180b1fc 0fa9c973: debiting 32 entropy credits from nonblocking (unlimited)
[    2.102948] random 0000 0000 0000 3180b1fc 0fa9c973: extract_entropy account returned: 4 
[    2.102951] random 0000 0000 0000 3180b1fc 0fa9c973: urand_change_num 46 extract_buf: pool_sig ffffff46, data_sig 0000001b, bytes_mixed 20 3180b1fc 0fa9c973
[    2.275570] ata2.00: ATAPI: VMware Virtual IDE CDROM Drive, 00000001, max UDMA/33
[    2.275850] ata2.00: configured for UDMA/33
[    2.276233] scsi 1:0:0:0: CD-ROM            NECVMWar VMware IDE CDR10 1.00 PQ: 0 ANSI: 5
[    2.277489] sr0: scsi3-mmc drive: 306x/306x cd/rw xa/form2 cdda tray
[    2.277493] Uniform CD-ROM driver Revision: 3.20
[    2.277545] sr 1:0:0:0: Attached scsi CD-ROM sr0
[    2.277583] sr 1:0:0:0: Attached scsi generic sg0 type 5
[    2.277622] Freeing unused kernel memory: 652k freed
[    2.277674] Write protecting the kernel text: 4840k
[    2.277704] Write protecting the kernel read-only data: 1968k
