[    0.000000] random 0000 0000 0000 00000000 00000000: rand_read_num 1 get_random_bytes(8): sig 00000000 00000000 00000000
[    0.000000] random 0000 0000 0000 00000000 00000000: extract_entropy(.. 8 ..)
[    0.000000] random 0000 0000 0000 00000000 00000000: going to reseed nonblocking with 64 bits (64 of 0 requested)
[    0.000000] random 0000 0000 0000 00000000 00000000: extract_entropy(.. 8 ..)
[    0.000000] random 0000 0000 0000 00000000 00000000: trying to extract 64 bits from input
[    0.000000] random 0000 0000 0000 00000000 00000000: debiting 0 entropy credits from input
[    0.000000] random 0000 0000 0000 00000000 00000000: extract_entropy account returned: 0 
[    0.000000] random 0000 0000 0000 00000000 00000000: urand_change_num 1 xfer_secondary_pool(8): pool_sig 00000000, data_sig 00000000, bytes_mixed 0 00000000 00000000
[    0.000000] random 0000 0000 0000 00000000 00000000: trying to extract 64 bits from nonblocking
[    0.000000] random 0000 0000 0000 00000000 00000000: debiting 64 entropy credits from nonblocking (unlimited)
[    0.000000] random 0000 0000 0000 00000000 00000000: extract_entropy account returned: 8 
[    0.000000] random 0000 0000 0000 00000000 00000000: urand_change_num 2 extract_buf: pool_sig 00000000, data_sig fffffff9, bytes_mixed 20 00000000 00000000
[    0.000000] Initializing cgroup subsys cpuset
[    0.000000] Initializing cgroup subsys cpu
[    0.000000] Linux version 2.6.32.57 (dcashman@ubuntu) (gcc version 4.6.3 (Ubuntu/Linaro 4.6.3-1ubuntu5) ) #4 SMP Fri May 24 11:09:26 PDT 2013
[    0.000000] KERNEL supported cpus:
[    0.000000]   Intel GenuineIntel
[    0.000000]   AMD AuthenticAMD
[    0.000000]   NSC Geode by NSC
[    0.000000]   Cyrix CyrixInstead
[    0.000000]   Centaur CentaurHauls
[    0.000000]   Transmeta GenuineTMx86
[    0.000000]   Transmeta TransmetaCPU
[    0.000000]   UMC UMC UMC UMC
[    0.000000] BIOS-provided physical RAM map:
[    0.000000]  BIOS-e820: 0000000000000000 - 000000000009f000 (usable)
[    0.000000]  BIOS-e820: 000000000009f000 - 00000000000a0000 (reserved)
[    0.000000]  BIOS-e820: 00000000000ca000 - 00000000000cc000 (reserved)
[    0.000000]  BIOS-e820: 00000000000dc000 - 0000000000100000 (reserved)
[    0.000000]  BIOS-e820: 0000000000100000 - 000000003fee0000 (usable)
[    0.000000]  BIOS-e820: 000000003fee0000 - 000000003feff000 (ACPI data)
[    0.000000]  BIOS-e820: 000000003feff000 - 000000003ff00000 (ACPI NVS)
[    0.000000]  BIOS-e820: 000000003ff00000 - 0000000040000000 (usable)
[    0.000000]  BIOS-e820: 00000000e0000000 - 00000000f0000000 (reserved)
[    0.000000]  BIOS-e820: 00000000fec00000 - 00000000fec10000 (reserved)
[    0.000000]  BIOS-e820: 00000000fee00000 - 00000000fee01000 (reserved)
[    0.000000]  BIOS-e820: 00000000fffe0000 - 0000000100000000 (reserved)
[    0.000000] DMI present.
[    0.000000] Phoenix BIOS detected: BIOS may corrupt low RAM, working around it.
[    0.000000] e820 update range: 0000000000000000 - 0000000000010000 (usable) ==> (reserved)
[    0.000000] last_pfn = 0x40000 max_arch_pfn = 0x1000000
[    0.000000] MTRR default type: uncachable
[    0.000000] MTRR fixed ranges enabled:
[    0.000000]   00000-9FFFF write-back
[    0.000000]   A0000-BFFFF uncachable
[    0.000000]   C0000-CBFFF write-protect
[    0.000000]   CC000-EFFFF uncachable
[    0.000000]   F0000-FFFFF write-protect
[    0.000000] MTRR variable ranges enabled:
[    0.000000]   0 base 0000000000 mask FFC0000000 write-back
[    0.000000]   1 disabled
[    0.000000]   2 disabled
[    0.000000]   3 disabled
[    0.000000]   4 disabled
[    0.000000]   5 disabled
[    0.000000]   6 disabled
[    0.000000]   7 disabled
[    0.000000] x86 PAT enabled: cpu 0, old 0x0, new 0x7010600070106
[    0.000000] Scanning 0 areas for low memory corruption
[    0.000000] modified physical RAM map:
[    0.000000]  modified: 0000000000000000 - 0000000000010000 (reserved)
[    0.000000]  modified: 0000000000010000 - 000000000009f000 (usable)
[    0.000000]  modified: 000000000009f000 - 00000000000a0000 (reserved)
[    0.000000]  modified: 00000000000ca000 - 00000000000cc000 (reserved)
[    0.000000]  modified: 00000000000dc000 - 0000000000100000 (reserved)
[    0.000000]  modified: 0000000000100000 - 000000003fee0000 (usable)
[    0.000000]  modified: 000000003fee0000 - 000000003feff000 (ACPI data)
[    0.000000]  modified: 000000003feff000 - 000000003ff00000 (ACPI NVS)
[    0.000000]  modified: 000000003ff00000 - 0000000040000000 (usable)
[    0.000000]  modified: 00000000e0000000 - 00000000f0000000 (reserved)
[    0.000000]  modified: 00000000fec00000 - 00000000fec10000 (reserved)
[    0.000000]  modified: 00000000fee00000 - 00000000fee01000 (reserved)
[    0.000000]  modified: 00000000fffe0000 - 0000000100000000 (reserved)
[    0.000000] initial memory mapped : 0 - 01e00000
[    0.000000] init_memory_mapping: 0000000000000000-00000000379fe000
[    0.000000] NX (Execute Disable) protection: active
[    0.000000]  0000000000 - 0000200000 page 4k
[    0.000000]  0000200000 - 0037800000 page 2M
[    0.000000]  0037800000 - 00379fe000 page 4k
[    0.000000] kernel direct mapping tables up to 379fe000 @ 10000-16000
[    0.000000] RAMDISK: 2dcfc000 - 32e758c3
[    0.000000] ACPI: RSDP 000f6b80 00024 (v02 PTLTD )
[    0.000000] ACPI: XSDT 3feed636 0005C (v01 INTEL  440BX    06040000 VMW  01324272)
[    0.000000] ACPI: FACP 3fefee98 000F4 (v04 INTEL  440BX    06040000 PTL  000F4240)
[    0.000000] ACPI: DSDT 3feee366 10B32 (v01 PTLTD  Custom   06040000 MSFT 03000001)
[    0.000000] ACPI: FACS 3fefffc0 00040
[    0.000000] ACPI: BOOT 3feee33e 00028 (v01 PTLTD  $SBFTBL$ 06040000  LTP 00000001)
[    0.000000] ACPI: APIC 3feedc3e 003C2 (v01 PTLTD  ? APIC   06040000  LTP 00000000)
[    0.000000] ACPI: MCFG 3feedc02 0003C (v01 PTLTD  $PCITBL$ 06040000  LTP 00000001)
[    0.000000] ACPI: SRAT 3feed732 004D0 (v02 VMWARE MEMPLUG  06040000 VMW  00000001)
[    0.000000] ACPI: HPET 3feed6fa 00038 (v01 VMWARE VMW HPET 06040000 VMW  00000001)
[    0.000000] ACPI: WAET 3feed6d2 00028 (v01 VMWARE VMW WAET 06040000 VMW  00000001)
[    0.000000] ACPI: Local APIC address 0xfee00000
[    0.000000] 134MB HIGHMEM available.
[    0.000000] 889MB LOWMEM available.
[    0.000000]   mapped low ram: 0 - 379fe000
[    0.000000]   low ram: 0 - 379fe000
[    0.000000]   node 0 low ram: 00000000 - 379fe000
[    0.000000]   node 0 bootmap 00012000 - 00018f40
[    0.000000] (9 early reservations) ==> bootmem [0000000000 - 00379fe000]
[    0.000000]   #0 [0000000000 - 0000001000]   BIOS data page ==> [0000000000 - 0000001000]
[    0.000000]   #1 [0000001000 - 0000002000]    EX TRAMPOLINE ==> [0000001000 - 0000002000]
[    0.000000]   #2 [0000006000 - 0000007000]       TRAMPOLINE ==> [0000006000 - 0000007000]
[    0.000000]   #3 [0001000000 - 0001a75ff8]    TEXT DATA BSS ==> [0001000000 - 0001a75ff8]
[    0.000000]   #4 [002dcfc000 - 0032e758c3]          RAMDISK ==> [002dcfc000 - 0032e758c3]
[    0.000000]   #5 [000009f000 - 0000100000]    BIOS reserved ==> [000009f000 - 0000100000]
[    0.000000]   #6 [0001a76000 - 0001a851c0]              BRK ==> [0001a76000 - 0001a851c0]
[    0.000000]   #7 [0000010000 - 0000012000]          PGTABLE ==> [0000010000 - 0000012000]
[    0.000000]   #8 [0000012000 - 0000019000]          BOOTMAP ==> [0000012000 - 0000019000]
[    0.000000] found SMP MP-table at [c00f6bf0] f6bf0
[    0.000000] Zone PFN ranges:
[    0.000000]   DMA      0x00000010 -> 0x00001000
[    0.000000]   Normal   0x00001000 -> 0x000379fe
[    0.000000]   HighMem  0x000379fe -> 0x00040000
[    0.000000] Movable zone start PFN for each node
[    0.000000] early_node_map[3] active PFN ranges
[    0.000000]     0: 0x00000010 -> 0x0000009f
[    0.000000]     0: 0x00000100 -> 0x0003fee0
[    0.000000]     0: 0x0003ff00 -> 0x00040000
[    0.000000] On node 0 totalpages: 261999
[    0.000000] free_area_init_node: node 0, pgdat c1715200, node_mem_map c1a87200
[    0.000000]   DMA zone: 32 pages used for memmap
[    0.000000]   DMA zone: 0 pages reserved
[    0.000000]   DMA zone: 3951 pages, LIFO batch:0
[    0.000000]   Normal zone: 1748 pages used for memmap
[    0.000000]   Normal zone: 221994 pages, LIFO batch:31
[    0.000000]   HighMem zone: 269 pages used for memmap
[    0.000000]   HighMem zone: 34005 pages, LIFO batch:7
[    0.000000] Using APIC driver default
[    0.000000] ACPI: PM-Timer IO Port: 0x1008
[    0.000000] ACPI: Local APIC address 0xfee00000
[    0.000000] ACPI: LAPIC (acpi_id[0x00] lapic_id[0x00] enabled)
[    0.000000] ACPI: LAPIC (acpi_id[0x01] lapic_id[0x02] disabled)
[    0.000000] ACPI: LAPIC (acpi_id[0x02] lapic_id[0x04] disabled)
[    0.000000] ACPI: LAPIC (acpi_id[0x03] lapic_id[0x06] disabled)
[    0.000000] ACPI: LAPIC (acpi_id[0x04] lapic_id[0x08] disabled)
[    0.000000] ACPI: LAPIC (acpi_id[0x05] lapic_id[0x0a] disabled)
[    0.000000] ACPI: LAPIC (acpi_id[0x06] lapic_id[0x0c] disabled)
[    0.000000] ACPI: LAPIC (acpi_id[0x07] lapic_id[0x0e] disabled)
[    0.000000] ACPI: LAPIC (acpi_id[0x08] lapic_id[0x10] disabled)
[    0.000000] ACPI: LAPIC (acpi_id[0x09] lapic_id[0x12] disabled)
[    0.000000] ACPI: LAPIC (acpi_id[0x0a] lapic_id[0x14] disabled)
[    0.000000] ACPI: LAPIC (acpi_id[0x0b] lapic_id[0x16] disabled)
[    0.000000] ACPI: LAPIC (acpi_id[0x0c] lapic_id[0x18] disabled)
[    0.000000] ACPI: LAPIC (acpi_id[0x0d] lapic_id[0x1a] disabled)
[    0.000000] ACPI: LAPIC (acpi_id[0x0e] lapic_id[0x1c] disabled)
[    0.000000] ACPI: LAPIC (acpi_id[0x0f] lapic_id[0x1e] disabled)
[    0.000000] ACPI: LAPIC (acpi_id[0x10] lapic_id[0x20] disabled)
[    0.000000] ACPI: LAPIC (acpi_id[0x11] lapic_id[0x22] disabled)
[    0.000000] ACPI: LAPIC (acpi_id[0x12] lapic_id[0x24] disabled)
[    0.000000] ACPI: LAPIC (acpi_id[0x13] lapic_id[0x26] disabled)
[    0.000000] ACPI: LAPIC (acpi_id[0x14] lapic_id[0x28] disabled)
[    0.000000] ACPI: LAPIC (acpi_id[0x15] lapic_id[0x2a] disabled)
[    0.000000] ACPI: LAPIC (acpi_id[0x16] lapic_id[0x2c] disabled)
[    0.000000] ACPI: LAPIC (acpi_id[0x17] lapic_id[0x2e] disabled)
[    0.000000] ACPI: LAPIC (acpi_id[0x18] lapic_id[0x30] disabled)
[    0.000000] ACPI: LAPIC (acpi_id[0x19] lapic_id[0x32] disabled)
[    0.000000] ACPI: LAPIC (acpi_id[0x1a] lapic_id[0x34] disabled)
[    0.000000] ACPI: LAPIC (acpi_id[0x1b] lapic_id[0x36] disabled)
[    0.000000] ACPI: LAPIC (acpi_id[0x1c] lapic_id[0x38] disabled)
[    0.000000] ACPI: LAPIC (acpi_id[0x1d] lapic_id[0x3a] disabled)
[    0.000000] ACPI: LAPIC (acpi_id[0x1e] lapic_id[0x3c] disabled)
[    0.000000] ACPI: LAPIC (acpi_id[0x1f] lapic_id[0x3e] disabled)
[    0.000000] ACPI: LAPIC (acpi_id[0x20] lapic_id[0x40] disabled)
[    0.000000] ACPI: LAPIC (acpi_id[0x21] lapic_id[0x42] disabled)
[    0.000000] ACPI: LAPIC (acpi_id[0x22] lapic_id[0x44] disabled)
[    0.000000] ACPI: LAPIC (acpi_id[0x23] lapic_id[0x46] disabled)
[    0.000000] ACPI: LAPIC (acpi_id[0x24] lapic_id[0x48] disabled)
[    0.000000] ACPI: LAPIC (acpi_id[0x25] lapic_id[0x4a] disabled)
[    0.000000] ACPI: LAPIC (acpi_id[0x26] lapic_id[0x4c] disabled)
[    0.000000] ACPI: LAPIC (acpi_id[0x27] lapic_id[0x4e] disabled)
[    0.000000] ACPI: LAPIC (acpi_id[0x28] lapic_id[0x50] disabled)
[    0.000000] ACPI: LAPIC (acpi_id[0x29] lapic_id[0x52] disabled)
[    0.000000] ACPI: LAPIC (acpi_id[0x2a] lapic_id[0x54] disabled)
[    0.000000] ACPI: LAPIC (acpi_id[0x2b] lapic_id[0x56] disabled)
[    0.000000] ACPI: LAPIC (acpi_id[0x2c] lapic_id[0x58] disabled)
[    0.000000] ACPI: LAPIC (acpi_id[0x2d] lapic_id[0x5a] disabled)
[    0.000000] ACPI: LAPIC (acpi_id[0x2e] lapic_id[0x5c] disabled)
[    0.000000] ACPI: LAPIC (acpi_id[0x2f] lapic_id[0x5e] disabled)
[    0.000000] ACPI: LAPIC (acpi_id[0x30] lapic_id[0x60] disabled)
[    0.000000] ACPI: LAPIC (acpi_id[0x31] lapic_id[0x62] disabled)
[    0.000000] ACPI: LAPIC (acpi_id[0x32] lapic_id[0x64] disabled)
[    0.000000] ACPI: LAPIC (acpi_id[0x33] lapic_id[0x66] disabled)
[    0.000000] ACPI: LAPIC (acpi_id[0x34] lapic_id[0x68] disabled)
[    0.000000] ACPI: LAPIC (acpi_id[0x35] lapic_id[0x6a] disabled)
[    0.000000] ACPI: LAPIC (acpi_id[0x36] lapic_id[0x6c] disabled)
[    0.000000] ACPI: LAPIC (acpi_id[0x37] lapic_id[0x6e] disabled)
[    0.000000] ACPI: LAPIC (acpi_id[0x38] lapic_id[0x70] disabled)
[    0.000000] ACPI: LAPIC (acpi_id[0x39] lapic_id[0x72] disabled)
[    0.000000] ACPI: LAPIC (acpi_id[0x3a] lapic_id[0x74] disabled)
[    0.000000] ACPI: LAPIC (acpi_id[0x3b] lapic_id[0x76] disabled)
[    0.000000] ACPI: LAPIC (acpi_id[0x3c] lapic_id[0x78] disabled)
[    0.000000] ACPI: LAPIC (acpi_id[0x3d] lapic_id[0x7a] disabled)
[    0.000000] ACPI: LAPIC (acpi_id[0x3e] lapic_id[0x7c] disabled)
[    0.000000] ACPI: LAPIC (acpi_id[0x3f] lapic_id[0x7e] disabled)
[    0.000000] ACPI: LAPIC_NMI (acpi_id[0x00] high edge lint[0x1])
[    0.000000] ACPI: LAPIC_NMI (acpi_id[0x01] high edge lint[0x1])
[    0.000000] ACPI: LAPIC_NMI (acpi_id[0x02] high edge lint[0x1])
[    0.000000] ACPI: LAPIC_NMI (acpi_id[0x03] high edge lint[0x1])
[    0.000000] ACPI: LAPIC_NMI (acpi_id[0x04] high edge lint[0x1])
[    0.000000] ACPI: LAPIC_NMI (acpi_id[0x05] high edge lint[0x1])
[    0.000000] ACPI: LAPIC_NMI (acpi_id[0x06] high edge lint[0x1])
[    0.000000] ACPI: LAPIC_NMI (acpi_id[0x07] high edge lint[0x1])
[    0.000000] ACPI: LAPIC_NMI (acpi_id[0x08] high edge lint[0x1])
[    0.000000] ACPI: LAPIC_NMI (acpi_id[0x09] high edge lint[0x1])
[    0.000000] ACPI: LAPIC_NMI (acpi_id[0x0a] high edge lint[0x1])
[    0.000000] ACPI: LAPIC_NMI (acpi_id[0x0b] high edge lint[0x1])
[    0.000000] ACPI: LAPIC_NMI (acpi_id[0x0c] high edge lint[0x1])
[    0.000000] ACPI: LAPIC_NMI (acpi_id[0x0d] high edge lint[0x1])
[    0.000000] ACPI: LAPIC_NMI (acpi_id[0x0e] high edge lint[0x1])
[    0.000000] ACPI: LAPIC_NMI (acpi_id[0x0f] high edge lint[0x1])
[    0.000000] ACPI: LAPIC_NMI (acpi_id[0x10] high edge lint[0x1])
[    0.000000] ACPI: LAPIC_NMI (acpi_id[0x11] high edge lint[0x1])
[    0.000000] ACPI: LAPIC_NMI (acpi_id[0x12] high edge lint[0x1])
[    0.000000] ACPI: LAPIC_NMI (acpi_id[0x13] high edge lint[0x1])
[    0.000000] ACPI: LAPIC_NMI (acpi_id[0x14] high edge lint[0x1])
[    0.000000] ACPI: LAPIC_NMI (acpi_id[0x15] high edge lint[0x1])
[    0.000000] ACPI: LAPIC_NMI (acpi_id[0x16] high edge lint[0x1])
[    0.000000] ACPI: LAPIC_NMI (acpi_id[0x17] high edge lint[0x1])
[    0.000000] ACPI: LAPIC_NMI (acpi_id[0x18] high edge lint[0x1])
[    0.000000] ACPI: LAPIC_NMI (acpi_id[0x19] high edge lint[0x1])
[    0.000000] ACPI: LAPIC_NMI (acpi_id[0x1a] high edge lint[0x1])
[    0.000000] ACPI: LAPIC_NMI (acpi_id[0x1b] high edge lint[0x1])
[    0.000000] ACPI: LAPIC_NMI (acpi_id[0x1c] high edge lint[0x1])
[    0.000000] ACPI: LAPIC_NMI (acpi_id[0x1d] high edge lint[0x1])
[    0.000000] ACPI: LAPIC_NMI (acpi_id[0x1e] high edge lint[0x1])
[    0.000000] ACPI: LAPIC_NMI (acpi_id[0x1f] high edge lint[0x1])
[    0.000000] ACPI: LAPIC_NMI (acpi_id[0x20] high edge lint[0x1])
[    0.000000] ACPI: LAPIC_NMI (acpi_id[0x21] high edge lint[0x1])
[    0.000000] ACPI: LAPIC_NMI (acpi_id[0x22] high edge lint[0x1])
[    0.000000] ACPI: LAPIC_NMI (acpi_id[0x23] high edge lint[0x1])
[    0.000000] ACPI: LAPIC_NMI (acpi_id[0x24] high edge lint[0x1])
[    0.000000] ACPI: LAPIC_NMI (acpi_id[0x25] high edge lint[0x1])
[    0.000000] ACPI: LAPIC_NMI (acpi_id[0x26] high edge lint[0x1])
[    0.000000] ACPI: LAPIC_NMI (acpi_id[0x27] high edge lint[0x1])
[    0.000000] ACPI: LAPIC_NMI (acpi_id[0x28] high edge lint[0x1])
[    0.000000] ACPI: LAPIC_NMI (acpi_id[0x29] high edge lint[0x1])
[    0.000000] ACPI: LAPIC_NMI (acpi_id[0x2a] high edge lint[0x1])
[    0.000000] ACPI: LAPIC_NMI (acpi_id[0x2b] high edge lint[0x1])
[    0.000000] ACPI: LAPIC_NMI (acpi_id[0x2c] high edge lint[0x1])
[    0.000000] ACPI: LAPIC_NMI (acpi_id[0x2d] high edge lint[0x1])
[    0.000000] ACPI: LAPIC_NMI (acpi_id[0x2e] high edge lint[0x1])
[    0.000000] ACPI: LAPIC_NMI (acpi_id[0x2f] high edge lint[0x1])
[    0.000000] ACPI: LAPIC_NMI (acpi_id[0x30] high edge lint[0x1])
[    0.000000] ACPI: LAPIC_NMI (acpi_id[0x31] high edge lint[0x1])
[    0.000000] ACPI: LAPIC_NMI (acpi_id[0x32] high edge lint[0x1])
[    0.000000] ACPI: LAPIC_NMI (acpi_id[0x33] high edge lint[0x1])
[    0.000000] ACPI: LAPIC_NMI (acpi_id[0x34] high edge lint[0x1])
[    0.000000] ACPI: LAPIC_NMI (acpi_id[0x35] high edge lint[0x1])
[    0.000000] ACPI: LAPIC_NMI (acpi_id[0x36] high edge lint[0x1])
[    0.000000] ACPI: LAPIC_NMI (acpi_id[0x37] high edge lint[0x1])
[    0.000000] ACPI: LAPIC_NMI (acpi_id[0x38] high edge lint[0x1])
[    0.000000] ACPI: LAPIC_NMI (acpi_id[0x39] high edge lint[0x1])
[    0.000000] ACPI: LAPIC_NMI (acpi_id[0x3a] high edge lint[0x1])
[    0.000000] ACPI: LAPIC_NMI (acpi_id[0x3b] high edge lint[0x1])
[    0.000000] ACPI: LAPIC_NMI (acpi_id[0x3c] high edge lint[0x1])
[    0.000000] ACPI: LAPIC_NMI (acpi_id[0x3d] high edge lint[0x1])
[    0.000000] ACPI: LAPIC_NMI (acpi_id[0x3e] high edge lint[0x1])
[    0.000000] ACPI: LAPIC_NMI (acpi_id[0x3f] high edge lint[0x1])
[    0.000000] ACPI: Skipping IOAPIC probe due to 'noapic' option.
[    0.000000] Using ACPI for processor (LAPIC) configuration information
[    0.000000] ACPI: HPET id: 0x8086af01 base: 0xfed00000
[    0.000000] Intel MultiProcessor Specification v1.4
[    0.000000]     Virtual Wire compatibility mode.
[    0.000000] MPTABLE: OEM ID: INTEL   
[    0.000000] MPTABLE: Product ID: 440BX       
[    0.000000] MPTABLE: APIC at: 0xFEE00000
[    0.000000] I/O APIC #1 Version 17 at 0xFEC00000.
[    0.000000] Processors: 1
[    0.000000] 64 Processors exceeds NR_CPUS limit of 8
[    0.000000] SMP: Allowing 8 CPUs, 7 hotplug CPUs
[    0.000000] nr_irqs_gsi: 24
[    0.000000] PM: Registered nosave memory: 000000000009f000 - 00000000000a0000
[    0.000000] PM: Registered nosave memory: 00000000000a0000 - 00000000000ca000
[    0.000000] PM: Registered nosave memory: 00000000000ca000 - 00000000000cc000
[    0.000000] PM: Registered nosave memory: 00000000000cc000 - 00000000000dc000
[    0.000000] PM: Registered nosave memory: 00000000000dc000 - 0000000000100000
[    0.000000] Allocating PCI resources starting at 40000000 (gap: 40000000:a0000000)
[    0.000000] Booting paravirtualized kernel on bare hardware
[    0.000000] NR_CPUS:8 nr_cpumask_bits:8 nr_cpu_ids:8 nr_node_ids:1
[    0.000000] PERCPU: Embedded 15 pages/cpu @c2400000 s39320 r0 d22120 u262144
[    0.000000] pcpu-alloc: s39320 r0 d22120 u262144 alloc=1*2097152
[    0.000000] pcpu-alloc: [0] 0 1 2 3 4 5 6 7 
[    0.000000] Built 1 zonelists in Zone order, mobility grouping on.  Total pages: 259950
[    0.000000] Kernel command line: BOOT_IMAGE=/boot/vmlinuz-2.6.32.57 root=UUID=007b598c-390d-4c65-84a1-4ff752d48633 ro quiet splash maxcpus=0
[    0.000000] PID hash table entries: 4096 (order: 2, 16384 bytes)
[    0.000000] Dentry cache hash table entries: 131072 (order: 7, 524288 bytes)
[    0.000000] Inode-cache hash table entries: 65536 (order: 6, 262144 bytes)
[    0.000000] Enabling fast FPU save and restore... done.
[    0.000000] Enabling unmasked SIMD FPU exception support... done.
[    0.000000] Initializing CPU#0
[    0.000000] xsave/xrstor: enabled xstate_bv 0x7, cntxt size 0x340
[    0.000000] allocated 5242560 bytes of page_cgroup
[    0.000000] please try 'cgroup_disable=memory' option if you don't want memory cgroups
[    0.000000] Initializing HighMem for node 0 (000379fe:00040000)
[    0.000000] Memory: 938260k/1048576k available (4839k kernel code, 108848k reserved, 2518k data, 652k init, 137096k highmem)
[    0.000000] virtual kernel memory layout:
[    0.000000]     fixmap  : 0xfff1e000 - 0xfffff000   ( 900 kB)
[    0.000000]     pkmap   : 0xffa00000 - 0xffc00000   (2048 kB)
[    0.000000]     vmalloc : 0xf81fe000 - 0xff9fe000   ( 120 MB)
[    0.000000]     lowmem  : 0xc0000000 - 0xf79fe000   ( 889 MB)
[    0.000000]       .init : 0xc1730000 - 0xc17d3000   ( 652 kB)
[    0.000000]       .data : 0xc14b9cce - 0xc172f764   (2518 kB)
[    0.000000]       .text : 0xc1000000 - 0xc14b9cce   (4839 kB)
[    0.000000] Checking if this processor honours the WP bit even in supervisor mode...Ok.
[    0.000000] SLUB: Genslabs=13, HWalign=64, Order=0-3, MinObjects=0, CPUs=8, Nodes=1
[    0.000000] Hierarchical RCU implementation.
[    0.000000] NR_IRQS:2304 nr_irqs:472
[    0.000000] Extended CMOS year: 2000
[    0.000000] Console: colour VGA+ 80x25
[    0.000000] console [tty0] enabled
[    0.000000] hpet clockevent registered
[    0.000000] TSC freq read from hypervisor : 2394.620 MHz
[    0.000000] Detected 2394.620 MHz processor.
[    0.000002] Calibrating delay loop (skipped) preset value.. 4789.24 BogoMIPS (lpj=9578480)
[    0.000011] Security Framework initialized
[    0.000014] SELinux:  Disabled at boot.
[    0.000018] Mount-cache hash table entries: 512
[    0.000115] Initializing cgroup subsys cpuacct
[    0.000118] Initializing cgroup subsys memory
[    0.000121] Initializing cgroup subsys devices
[    0.000123] Initializing cgroup subsys freezer
[    0.000149] CPU: Physical Processor ID: 0
[    0.000156] CPU: L1 I cache: 32K, L1 D cache: 32K
[    0.000157] CPU: L2 cache: 256K
[    0.000158] CPU: L3 cache: 4096K
[    0.000163] mce: CPU supports 0 MCE banks
[    0.000174] Performance Events: no PMU driver, software events only.
[    0.000184] Checking 'hlt' instruction... OK.
[    0.018138] SMP alternatives: switching to UP code
[    0.032341] ACPI: Core revision 20090903
[    0.038412] ACPI: setting ELCR to 0200 (from 0e20)
[    0.039383] ftrace: converting mcount calls to 0f 1f 44 00 00
[    0.039388] ftrace: allocating 22631 entries in 45 pages
[    0.056554] CANARY value: f7eb5523 for PID: 1
[    0.056585] Not enabling x2apic, Intr-remapping init failed.
[    0.056586] Enabling APIC mode:  Flat.  Using 1 I/O APICs
[    0.056594] SMP mode deactivated.
[    0.056644] SMP disabled
[    0.056712] Brought up 1 CPUs
[    0.056714] Total of 1 processors activated (4789.24 BogoMIPS).
[    0.056718] CPU0 attaching NULL sched-domain.
[    0.056786] devtmpfs: initialized
[    0.056890] sysctl table check failed: /kernel/random/now_input .1.40.7 Unknown sysctl binary path
[    0.057130] Pid: 1, comm: swapper Not tainted 2.6.32.57 #4
[    0.057131] Call Trace:
[    0.057136]  [<c14a8a0e>] ? printk+0x1d/0x1f
[    0.057139]  [<c107b56f>] set_fail+0x4f/0x60
[    0.057141]  [<c107b8b3>] sysctl_check_table+0x333/0x620
[    0.057142]  [<c107b8cc>] sysctl_check_table+0x34c/0x620
[    0.057144]  [<c107b8cc>] sysctl_check_table+0x34c/0x620
[    0.057148]  [<c1746d48>] sysctl_init+0x25/0x29
[    0.057150]  [<c1003042>] do_one_initcall+0x32/0x1a0
[    0.057152]  [<c1746d23>] ? sysctl_init+0x0/0x29
[    0.057154]  [<c17308e7>] kernel_init+0x12d/0x17a
[    0.057156]  [<c17307ba>] ? kernel_init+0x0/0x17a
[    0.057158]  [<c1009b07>] kernel_thread_helper+0x7/0x10
[    0.057160] sysctl table check failed: /kernel/random/now_blocking .1.40.8 Unknown sysctl binary path
[    0.057388] Pid: 1, comm: swapper Not tainted 2.6.32.57 #4
[    0.057389] Call Trace:
[    0.057390]  [<c14a8a0e>] ? printk+0x1d/0x1f
[    0.057391]  [<c107b56f>] set_fail+0x4f/0x60
[    0.057393]  [<c107b8b3>] sysctl_check_table+0x333/0x620
[    0.057395]  [<c107b8cc>] sysctl_check_table+0x34c/0x620
[    0.057396]  [<c107b8cc>] sysctl_check_table+0x34c/0x620
[    0.057398]  [<c1746d48>] sysctl_init+0x25/0x29
[    0.057400]  [<c1003042>] do_one_initcall+0x32/0x1a0
[    0.057402]  [<c1746d23>] ? sysctl_init+0x0/0x29
[    0.057404]  [<c17308e7>] kernel_init+0x12d/0x17a
[    0.057405]  [<c17307ba>] ? kernel_init+0x0/0x17a
[    0.057407]  [<c1009b07>] kernel_thread_helper+0x7/0x10
[    0.057408] sysctl table check failed: /kernel/random/now_nonblocking .1.40.9 Unknown sysctl binary path
[    0.057710] Pid: 1, comm: swapper Not tainted 2.6.32.57 #4
[    0.057710] Call Trace:
[    0.057712]  [<c14a8a0e>] ? printk+0x1d/0x1f
[    0.057714]  [<c107b56f>] set_fail+0x4f/0x60
[    0.057716]  [<c107b8b3>] sysctl_check_table+0x333/0x620
[    0.057717]  [<c107b8cc>] sysctl_check_table+0x34c/0x620
[    0.057719]  [<c107b8cc>] sysctl_check_table+0x34c/0x620
[    0.057721]  [<c1746d48>] sysctl_init+0x25/0x29
[    0.057723]  [<c1003042>] do_one_initcall+0x32/0x1a0
[    0.057725]  [<c1746d23>] ? sysctl_init+0x0/0x29
[    0.057727]  [<c17308e7>] kernel_init+0x12d/0x17a
[    0.057728]  [<c17307ba>] ? kernel_init+0x0/0x17a
[    0.057730]  [<c1009b07>] kernel_thread_helper+0x7/0x10
[    0.057732] sysctl table check failed: /kernel/random/nb_input_bytes .1.40.10 Unknown sysctl binary path
[    0.057972] Pid: 1, comm: swapper Not tainted 2.6.32.57 #4
[    0.057973] Call Trace:
[    0.057974]  [<c14a8a0e>] ? printk+0x1d/0x1f
[    0.057976]  [<c107b56f>] set_fail+0x4f/0x60
[    0.057977]  [<c107b8b3>] sysctl_check_table+0x333/0x620
[    0.057979]  [<c107b8cc>] sysctl_check_table+0x34c/0x620
[    0.057980]  [<c107b8cc>] sysctl_check_table+0x34c/0x620
[    0.057982]  [<c1746d48>] sysctl_init+0x25/0x29
[    0.057984]  [<c1003042>] do_one_initcall+0x32/0x1a0
[    0.057986]  [<c1746d23>] ? sysctl_init+0x0/0x29
[    0.057987]  [<c17308e7>] kernel_init+0x12d/0x17a
[    0.057989]  [<c17307ba>] ? kernel_init+0x0/0x17a
[    0.057990]  [<c1009b07>] kernel_thread_helper+0x7/0x10
[    0.057992] sysctl table check failed: /kernel/random/nb_stir_count .1.40.11 Unknown sysctl binary path
[    0.058221] Pid: 1, comm: swapper Not tainted 2.6.32.57 #4
[    0.058222] Call Trace:
[    0.058223]  [<c14a8a0e>] ? printk+0x1d/0x1f
[    0.058224]  [<c107b56f>] set_fail+0x4f/0x60
[    0.058226]  [<c107b8b3>] sysctl_check_table+0x333/0x620
[    0.058227]  [<c107b8cc>] sysctl_check_table+0x34c/0x620
[    0.058229]  [<c107b8cc>] sysctl_check_table+0x34c/0x620
[    0.058231]  [<c1746d48>] sysctl_init+0x25/0x29
[    0.058233]  [<c1003042>] do_one_initcall+0x32/0x1a0
[    0.058235]  [<c1746d23>] ? sysctl_init+0x0/0x29
[    0.058236]  [<c17308e7>] kernel_init+0x12d/0x17a
[    0.058237]  [<c17307ba>] ? kernel_init+0x0/0x17a
[    0.058239]  [<c1009b07>] kernel_thread_helper+0x7/0x10
[    0.058240] sysctl table check failed: /kernel/random/nb_reentry_count .1.40.12 Unknown sysctl binary path
[    0.058471] Pid: 1, comm: swapper Not tainted 2.6.32.57 #4
[    0.058471] Call Trace:
[    0.058473]  [<c14a8a0e>] ? printk+0x1d/0x1f
[    0.058474]  [<c107b56f>] set_fail+0x4f/0x60
[    0.058475]  [<c107b8b3>] sysctl_check_table+0x333/0x620
[    0.058477]  [<c107b8cc>] sysctl_check_table+0x34c/0x620
[    0.058479]  [<c107b8cc>] sysctl_check_table+0x34c/0x620
[    0.058481]  [<c1746d48>] sysctl_init+0x25/0x29
[    0.058482]  [<c1003042>] do_one_initcall+0x32/0x1a0
[    0.058484]  [<c1746d23>] ? sysctl_init+0x0/0x29
[    0.058486]  [<c17308e7>] kernel_init+0x12d/0x17a
[    0.058487]  [<c17307ba>] ? kernel_init+0x0/0x17a
[    0.058489]  [<c1009b07>] kernel_thread_helper+0x7/0x10
[    0.058598] RANDOM - __seed init called.
[    0.058599] RANDOM - __seed init called.
[    0.058600] RANDOM - __seed init called.
[    0.058601] RANDOM - __random32 called. Change num 1.  Value: 865378fd	b53d80db	1f8ba37e
[    0.058602] RANDOM - __random32 called. Change num 2.  Value: 378fdd29	53d80db0	46fc7ad7
[    0.058604] RANDOM - __random32 called. Change num 3.  Value: fdd29985	3d80db0e	f5ae23f5
[    0.058605] RANDOM - __random32 called. Change num 4.  Value: 299855dc	d80db0e5	47eb1be7
[    0.058606] RANDOM - __random32 called. Change num 5.  Value: 855dc464	80db0e5c	37cf1678
[    0.058607] RANDOM - __random32 called. Change num 6.  Value: dc4647ba	db0e5c1	2cf136f4
[    0.058608] RANDOM - random32 init called.  Value: dc4647ba	db0e5c1	2cf136f4
[    0.058623] regulator: core version 0.5
[    0.058693] Time:  1:11:48  Date: 05/25/13
[    0.058729] NET: Registered protocol family 16
[    0.058801] EISA bus registered
[    0.059555] ACPI: bus type pci registered
[    0.059663] PCI: MCFG configuration 0: base e0000000 segment 0 buses 0 - 255
[    0.059665] PCI: MCFG area at e0000000 reserved in E820
[    0.059666] PCI: Using MMCONFIG for extended config space
[    0.059667] PCI: Using configuration type 1 for base access
[    0.060117] bio: create slab <bio-0> at 0
[    0.061313] ACPI: EC: Look up EC in DSDT
[    0.096836] ACPI: BIOS _OSI(Linux) query ignored
[    0.102718] ACPI: Interpreter enabled
[    0.102722] ACPI: (supports S0 S1 S4 S5)
[    0.102734] ACPI: Using PIC for interrupt routing
[    0.182589] ACPI: No dock devices found.
[    0.183354] ACPI: PCI Root Bridge [PCI0] (0000:00)
[    0.184858] pci 0000:00:07.1: reg 20 io port: [0x10c0-0x10cf]
[    0.185336] pci 0000:00:07.3: quirk: region 1000-103f claimed by PIIX4 ACPI
[    0.185347] pci 0000:00:07.3: quirk: region 1040-104f claimed by PIIX4 SMB
[    0.185894] pci 0000:00:07.7: reg 10 io port: [0x1080-0x10bf]
[    0.186258] pci 0000:00:07.7: reg 14 64bit mmio: [0xc8000000-0xc8001fff]
[    0.187350] pci 0000:00:0f.0: reg 10 io port: [0x10d0-0x10df]
[    0.187386] pci 0000:00:0f.0: reg 14 32bit mmio pref: [0xd0000000-0xd7ffffff]
[    0.187422] pci 0000:00:0f.0: reg 18 32bit mmio: [0xc8800000-0xc8ffffff]
[    0.187585] pci 0000:00:0f.0: reg 30 32bit mmio pref: [0x000000-0x007fff]
[    0.188090] pci 0000:00:10.0: reg 10 io port: [0x1400-0x14ff]
[    0.188454] pci 0000:00:10.0: reg 14 64bit mmio: [0xc8040000-0xc805ffff]
[    0.188808] pci 0000:00:10.0: reg 1c 64bit mmio: [0xc8020000-0xc803ffff]
[    0.188879] pci 0000:00:10.0: reg 30 32bit mmio pref: [0x000000-0x003fff]
[    0.190173] pci 0000:00:15.0: PME# supported from D0 D3hot D3cold
[    0.190192] pci 0000:00:15.0: PME# disabled
[    0.191014] pci 0000:00:15.1: PME# supported from D0 D3hot D3cold
[    0.191032] pci 0000:00:15.1: PME# disabled
[    0.191860] pci 0000:00:15.2: PME# supported from D0 D3hot D3cold
[    0.191879] pci 0000:00:15.2: PME# disabled
[    0.192736] pci 0000:00:15.3: PME# supported from D0 D3hot D3cold
[    0.192754] pci 0000:00:15.3: PME# disabled
[    0.193565] pci 0000:00:15.4: PME# supported from D0 D3hot D3cold
[    0.193593] pci 0000:00:15.4: PME# disabled
[    0.194387] pci 0000:00:15.5: PME# supported from D0 D3hot D3cold
[    0.194405] pci 0000:00:15.5: PME# disabled
[    0.195222] pci 0000:00:15.6: PME# supported from D0 D3hot D3cold
[    0.195240] pci 0000:00:15.6: PME# disabled
[    0.196072] pci 0000:00:15.7: PME# supported from D0 D3hot D3cold
[    0.196092] pci 0000:00:15.7: PME# disabled
[    0.196911] pci 0000:00:16.0: PME# supported from D0 D3hot D3cold
[    0.196930] pci 0000:00:16.0: PME# disabled
[    0.197745] pci 0000:00:16.1: PME# supported from D0 D3hot D3cold
[    0.197763] pci 0000:00:16.1: PME# disabled
[    0.198580] pci 0000:00:16.2: PME# supported from D0 D3hot D3cold
[    0.198598] pci 0000:00:16.2: PME# disabled
[    0.199392] pci 0000:00:16.3: PME# supported from D0 D3hot D3cold
[    0.199420] pci 0000:00:16.3: PME# disabled
[    0.200242] pci 0000:00:16.4: PME# supported from D0 D3hot D3cold
[    0.200260] pci 0000:00:16.4: PME# disabled
[    0.201088] pci 0000:00:16.5: PME# supported from D0 D3hot D3cold
[    0.201107] pci 0000:00:16.5: PME# disabled
[    0.201922] pci 0000:00:16.6: PME# supported from D0 D3hot D3cold
[    0.201941] pci 0000:00:16.6: PME# disabled
[    0.202769] pci 0000:00:16.7: PME# supported from D0 D3hot D3cold
[    0.202787] pci 0000:00:16.7: PME# disabled
[    0.203608] pci 0000:00:17.0: PME# supported from D0 D3hot D3cold
[    0.203627] pci 0000:00:17.0: PME# disabled
[    0.204451] pci 0000:00:17.1: PME# supported from D0 D3hot D3cold
[    0.204478] pci 0000:00:17.1: PME# disabled
[    0.205274] pci 0000:00:17.2: PME# supported from D0 D3hot D3cold
[    0.205292] pci 0000:00:17.2: PME# disabled
[    0.206115] pci 0000:00:17.3: PME# supported from D0 D3hot D3cold
[    0.206134] pci 0000:00:17.3: PME# disabled
[    0.207245] pci 0000:00:17.4: PME# supported from D0 D3hot D3cold
[    0.207264] pci 0000:00:17.4: PME# disabled
[    0.208111] pci 0000:00:17.5: PME# supported from D0 D3hot D3cold
[    0.208130] pci 0000:00:17.5: PME# disabled
[    0.208999] pci 0000:00:17.6: PME# supported from D0 D3hot D3cold
[    0.209017] pci 0000:00:17.6: PME# disabled
[    0.209835] pci 0000:00:17.7: PME# supported from D0 D3hot D3cold
[    0.209853] pci 0000:00:17.7: PME# disabled
[    0.210675] pci 0000:00:18.0: PME# supported from D0 D3hot D3cold
[    0.210695] pci 0000:00:18.0: PME# disabled
[    0.211526] pci 0000:00:18.1: PME# supported from D0 D3hot D3cold
[    0.211545] pci 0000:00:18.1: PME# disabled
[    0.212348] pci 0000:00:18.2: PME# supported from D0 D3hot D3cold
[    0.212367] pci 0000:00:18.2: PME# disabled
[    0.213191] pci 0000:00:18.3: PME# supported from D0 D3hot D3cold
[    0.213209] pci 0000:00:18.3: PME# disabled
[    0.214030] pci 0000:00:18.4: PME# supported from D0 D3hot D3cold
[    0.214048] pci 0000:00:18.4: PME# disabled
[    0.214871] pci 0000:00:18.5: PME# supported from D0 D3hot D3cold
[    0.214890] pci 0000:00:18.5: PME# disabled
[    0.215722] pci 0000:00:18.6: PME# supported from D0 D3hot D3cold
[    0.215742] pci 0000:00:18.6: PME# disabled
[    0.216562] pci 0000:00:18.7: PME# supported from D0 D3hot D3cold
[    0.216581] pci 0000:00:18.7: PME# disabled
[    0.217663] pci 0000:02:00.0: reg 20 io port: [0x20c0-0x20df]
[    0.218122] pci 0000:02:01.0: reg 10 io port: [0x2000-0x207f]
[    0.218324] pci 0000:02:01.0: reg 30 32bit mmio pref: [0x000000-0x00ffff]
[    0.218867] pci 0000:02:02.0: reg 10 io port: [0x2080-0x20bf]
[    0.219435] pci 0000:02:03.0: reg 10 32bit mmio: [0xc9000000-0xc9000fff]
[    0.219976] pci 0000:00:11.0: transparent bridge
[    0.219996] pci 0000:00:11.0: bridge io port: [0x2000-0x3fff]
[    0.220015] pci 0000:00:11.0: bridge 32bit mmio: [0xc9000000-0xca3fffff]
[    0.220051] pci 0000:00:11.0: bridge 64bit mmio pref: [0xd8400000-0xd89fffff]
[    0.220391] pci 0000:00:15.0: bridge io port: [0x4000-0x4fff]
[    0.220420] pci 0000:00:15.0: bridge 32bit mmio: [0xca400000-0xca4fffff]
[    0.220458] pci 0000:00:15.0: bridge 64bit mmio pref: [0xd8a00000-0xd8afffff]
[    0.220807] pci 0000:00:15.1: bridge io port: [0x8000-0x8fff]
[    0.220825] pci 0000:00:15.1: bridge 32bit mmio: [0xca800000-0xca8fffff]
[    0.220861] pci 0000:00:15.1: bridge 64bit mmio pref: [0xd8e00000-0xd8efffff]
[    0.221193] pci 0000:00:15.2: bridge io port: [0xc000-0xcfff]
[    0.221212] pci 0000:00:15.2: bridge 32bit mmio: [0xcac00000-0xcacfffff]
[    0.221247] pci 0000:00:15.2: bridge 64bit mmio pref: [0xd9200000-0xd92fffff]
[    0.221627] pci 0000:00:15.3: bridge 32bit mmio: [0xcb000000-0xcb0fffff]
[    0.221663] pci 0000:00:15.3: bridge 64bit mmio pref: [0xd9600000-0xd96fffff]
[    0.222011] pci 0000:00:15.4: bridge 32bit mmio: [0xcb400000-0xcb4fffff]
[    0.222046] pci 0000:00:15.4: bridge 64bit mmio pref: [0xd9a00000-0xd9afffff]
[    0.222412] pci 0000:00:15.5: bridge 32bit mmio: [0xcb800000-0xcb8fffff]
[    0.222451] pci 0000:00:15.5: bridge 64bit mmio pref: [0xd9e00000-0xd9efffff]
[    0.222810] pci 0000:00:15.6: bridge 32bit mmio: [0xcbc00000-0xcbcfffff]
[    0.222846] pci 0000:00:15.6: bridge 64bit mmio pref: [0xda200000-0xda2fffff]
[    0.223194] pci 0000:00:15.7: bridge 32bit mmio: [0xcc000000-0xcc0fffff]
[    0.223230] pci 0000:00:15.7: bridge 64bit mmio pref: [0xda600000-0xda6fffff]
[    0.223581] pci 0000:00:16.0: bridge io port: [0x5000-0x5fff]
[    0.223600] pci 0000:00:16.0: bridge 32bit mmio: [0xca500000-0xca5fffff]
[    0.223635] pci 0000:00:16.0: bridge 64bit mmio pref: [0xd8b00000-0xd8bfffff]
[    0.223977] pci 0000:00:16.1: bridge io port: [0x9000-0x9fff]
[    0.223995] pci 0000:00:16.1: bridge 32bit mmio: [0xca900000-0xca9fffff]
[    0.224031] pci 0000:00:16.1: bridge 64bit mmio pref: [0xd8f00000-0xd8ffffff]
[    0.224364] pci 0000:00:16.2: bridge io port: [0xd000-0xdfff]
[    0.224384] pci 0000:00:16.2: bridge 32bit mmio: [0xcad00000-0xcadfffff]
[    0.224430] pci 0000:00:16.2: bridge 64bit mmio pref: [0xd9300000-0xd93fffff]
[    0.224789] pci 0000:00:16.3: bridge 32bit mmio: [0xcb100000-0xcb1fffff]
[    0.224825] pci 0000:00:16.3: bridge 64bit mmio pref: [0xd9700000-0xd97fffff]
[    0.225176] pci 0000:00:16.4: bridge 32bit mmio: [0xcb500000-0xcb5fffff]
[    0.225225] pci 0000:00:16.4: bridge 64bit mmio pref: [0xd9b00000-0xd9bfffff]
[    0.225648] pci 0000:00:16.5: bridge 32bit mmio: [0xcb900000-0xcb9fffff]
[    0.225684] pci 0000:00:16.5: bridge 64bit mmio pref: [0xd9f00000-0xd9ffffff]
[    0.226034] pci 0000:00:16.6: bridge 32bit mmio: [0xcbd00000-0xcbdfffff]
[    0.226069] pci 0000:00:16.6: bridge 64bit mmio pref: [0xda300000-0xda3fffff]
[    0.226501] pci 0000:00:16.7: bridge 32bit mmio: [0xcc100000-0xcc1fffff]
[    0.226541] pci 0000:00:16.7: bridge 64bit mmio pref: [0xda700000-0xda7fffff]
[    0.226907] pci 0000:00:17.0: bridge io port: [0x6000-0x6fff]
[    0.226928] pci 0000:00:17.0: bridge 32bit mmio: [0xca600000-0xca6fffff]
[    0.226966] pci 0000:00:17.0: bridge 64bit mmio pref: [0xd8c00000-0xd8cfffff]
[    0.227325] pci 0000:00:17.1: bridge io port: [0xa000-0xafff]
[    0.227345] pci 0000:00:17.1: bridge 32bit mmio: [0xcaa00000-0xcaafffff]
[    0.227402] pci 0000:00:17.1: bridge 64bit mmio pref: [0xd9000000-0xd90fffff]
[    0.227761] pci 0000:00:17.2: bridge io port: [0xe000-0xefff]
[    0.227780] pci 0000:00:17.2: bridge 32bit mmio: [0xcae00000-0xcaefffff]
[    0.227816] pci 0000:00:17.2: bridge 64bit mmio pref: [0xd9400000-0xd94fffff]
[    0.228168] pci 0000:00:17.3: bridge 32bit mmio: [0xcb200000-0xcb2fffff]
[    0.228203] pci 0000:00:17.3: bridge 64bit mmio pref: [0xd9800000-0xd98fffff]
[    0.228573] pci 0000:00:17.4: bridge 32bit mmio: [0xcb600000-0xcb6fffff]
[    0.228608] pci 0000:00:17.4: bridge 64bit mmio pref: [0xd9c00000-0xd9cfffff]
[    0.228957] pci 0000:00:17.5: bridge 32bit mmio: [0xcba00000-0xcbafffff]
[    0.228992] pci 0000:00:17.5: bridge 64bit mmio pref: [0xda000000-0xda0fffff]
[    0.229341] pci 0000:00:17.6: bridge 32bit mmio: [0xcbe00000-0xcbefffff]
[    0.229392] pci 0000:00:17.6: bridge 64bit mmio pref: [0xda400000-0xda4fffff]
[    0.229752] pci 0000:00:17.7: bridge 32bit mmio: [0xcc200000-0xcc2fffff]
[    0.229788] pci 0000:00:17.7: bridge 64bit mmio pref: [0xda800000-0xda8fffff]
[    0.230120] pci 0000:00:18.0: bridge io port: [0x7000-0x7fff]
[    0.230139] pci 0000:00:18.0: bridge 32bit mmio: [0xca700000-0xca7fffff]
[    0.230174] pci 0000:00:18.0: bridge 64bit mmio pref: [0xd8d00000-0xd8dfffff]
[    0.230529] pci 0000:00:18.1: bridge io port: [0xb000-0xbfff]
[    0.230548] pci 0000:00:18.1: bridge 32bit mmio: [0xcab00000-0xcabfffff]
[    0.230583] pci 0000:00:18.1: bridge 64bit mmio pref: [0xd9100000-0xd91fffff]
[    0.230916] pci 0000:00:18.2: bridge io port: [0xf000-0xffff]
[    0.230934] pci 0000:00:18.2: bridge 32bit mmio: [0xcaf00000-0xcaffffff]
[    0.230970] pci 0000:00:18.2: bridge 64bit mmio pref: [0xd9500000-0xd95fffff]
[    0.231320] pci 0000:00:18.3: bridge 32bit mmio: [0xcb300000-0xcb3fffff]
[    0.231355] pci 0000:00:18.3: bridge 64bit mmio pref: [0xd9900000-0xd99fffff]
[    0.231738] pci 0000:00:18.4: bridge 32bit mmio: [0xcb700000-0xcb7fffff]
[    0.231774] pci 0000:00:18.4: bridge 64bit mmio pref: [0xd9d00000-0xd9dfffff]
[    0.232124] pci 0000:00:18.5: bridge 32bit mmio: [0xcbb00000-0xcbbfffff]
[    0.232160] pci 0000:00:18.5: bridge 64bit mmio pref: [0xda100000-0xda1fffff]
[    0.232537] pci 0000:00:18.6: bridge 32bit mmio: [0xcbf00000-0xcbffffff]
[    0.232572] pci 0000:00:18.6: bridge 64bit mmio pref: [0xda500000-0xda5fffff]
[    0.232922] pci 0000:00:18.7: bridge 32bit mmio: [0xcc300000-0xcc3fffff]
[    0.232958] pci 0000:00:18.7: bridge 64bit mmio pref: [0xda900000-0xda9fffff]
[    0.234336] pci_bus 0000:00: on NUMA node 0
[    0.234345] ACPI: PCI Interrupt Routing Table [\_SB_.PCI0._PRT]
[    0.449662] ACPI: PCI Interrupt Link [LNKA] (IRQs 3 4 5 6 7 *9 10 11 14 15)
[    0.449807] ACPI: PCI Interrupt Link [LNKB] (IRQs 3 4 5 6 7 9 10 *11 14 15)
[    0.449947] ACPI: PCI Interrupt Link [LNKC] (IRQs 3 4 5 6 7 9 *10 11 14 15)
[    0.450106] ACPI: PCI Interrupt Link [LNKD] (IRQs 3 4 *5 6 7 9 10 11 14 15)
[    0.450243] vgaarb: device added: PCI:0000:00:0f.0,decodes=io+mem,owns=io+mem,locks=none
[    0.450252] vgaarb: loaded
[    0.450358] SCSI subsystem initialized
[    0.450400] libata version 3.00 loaded.
[    0.450438] usbcore: registered new interface driver usbfs
[    0.450448] usbcore: registered new interface driver hub
[    0.450463] usbcore: registered new device driver usb
[    0.450527] PCI: Using ACPI for IRQ routing
[    0.451457] NetLabel: Initializing
[    0.451459] NetLabel:  domain hash size = 128
[    0.451460] NetLabel:  protocols = UNLABELED CIPSOv4
[    0.451468] NetLabel:  unlabeled traffic allowed by default
[    0.451499] hpet0: at MMIO 0xfed00000, IRQs 2, 8, 0, 0, 0, 0, 0, 0, 0, 0, 0, 0, 0, 0, 0, 0
[    0.451504] hpet0: 16 comparators, 64-bit 14.318180 MHz counter
[    0.453520] Switching to clocksource tsc
[    0.460494] pnp: PnP ACPI init
[    0.460504] ACPI: bus type pnp registered
[    0.501535] pnp: PnP ACPI: found 14 devices
[    0.501537] ACPI: ACPI bus type pnp unregistered
[    0.501540] PnPBIOS: Disabled by ACPI PNP
[    0.501551] system 00:01: ioport range 0x1000-0x103f has been reserved
[    0.501553] system 00:01: ioport range 0x1040-0x104f has been reserved
[    0.501555] system 00:01: ioport range 0xcf0-0xcf1 has been reserved
[    0.501561] system 00:08: iomem range 0xfed00000-0xfed003ff has been reserved
[    0.501564] system 00:0d: ioport range 0x1060-0x107f has been reserved
[    0.501567] system 00:0d: iomem range 0xe0000000-0xefffffff has been reserved
[    0.501568] system 00:0d: iomem range 0xc8200000-0xc83fffff has been reserved
[    0.537543] pci 0000:00:15.3: BAR 13: can't allocate I/O resource [0x10000-0xffff]
[    0.537547] pci 0000:00:15.4: BAR 13: can't allocate I/O resource [0x10000-0xffff]
[    0.537550] pci 0000:00:15.5: BAR 13: can't allocate I/O resource [0x10000-0xffff]
[    0.537553] pci 0000:00:15.6: BAR 13: can't allocate I/O resource [0x10000-0xffff]
[    0.537556] pci 0000:00:15.7: BAR 13: can't allocate I/O resource [0x10000-0xffff]
[    0.537559] pci 0000:00:16.3: BAR 13: can't allocate I/O resource [0x10000-0xffff]
[    0.537562] pci 0000:00:16.4: BAR 13: can't allocate I/O resource [0x10000-0xffff]
[    0.537565] pci 0000:00:16.5: BAR 13: can't allocate I/O resource [0x10000-0xffff]
[    0.537567] pci 0000:00:16.6: BAR 13: can't allocate I/O resource [0x10000-0xffff]
[    0.537570] pci 0000:00:16.7: BAR 13: can't allocate I/O resource [0x10000-0xffff]
[    0.537573] pci 0000:00:17.3: BAR 13: can't allocate I/O resource [0x10000-0xffff]
[    0.537576] pci 0000:00:17.4: BAR 13: can't allocate I/O resource [0x10000-0xffff]
[    0.537579] pci 0000:00:17.5: BAR 13: can't allocate I/O resource [0x10000-0xffff]
[    0.537582] pci 0000:00:17.6: BAR 13: can't allocate I/O resource [0x10000-0xffff]
[    0.537584] pci 0000:00:17.7: BAR 13: can't allocate I/O resource [0x10000-0xffff]
[    0.537587] pci 0000:00:18.3: BAR 13: can't allocate I/O resource [0x10000-0xffff]
[    0.537590] pci 0000:00:18.4: BAR 13: can't allocate I/O resource [0x10000-0xffff]
[    0.537593] pci 0000:00:18.5: BAR 13: can't allocate I/O resource [0x10000-0xffff]
[    0.537596] pci 0000:00:18.6: BAR 13: can't allocate I/O resource [0x10000-0xffff]
[    0.537598] pci 0000:00:18.7: BAR 13: can't allocate I/O resource [0x10000-0xffff]
[    0.537601] pci 0000:00:01.0: PCI bridge, secondary bus 0000:01
[    0.537602] pci 0000:00:01.0:   IO window: disabled
[    0.537633] pci 0000:00:01.0:   MEM window: disabled
[    0.537653] pci 0000:00:01.0:   PREFETCH window: disabled
[    0.537693] pci 0000:00:11.0: PCI bridge, secondary bus 0000:02
[    0.537705] pci 0000:00:11.0:   IO window: 0x2000-0x3fff
[    0.537735] pci 0000:00:11.0:   MEM window: 0xc9000000-0xca3fffff
[    0.537756] pci 0000:00:11.0:   PREFETCH window: 0x000000d8400000-0x000000d89fffff
[    0.537794] pci 0000:00:15.0: PCI bridge, secondary bus 0000:03
[    0.537806] pci 0000:00:15.0:   IO window: 0x4000-0x4fff
[    0.537836] pci 0000:00:15.0:   MEM window: 0xca400000-0xca4fffff
[    0.537856] pci 0000:00:15.0:   PREFETCH window: 0x000000d8a00000-0x000000d8afffff
[    0.537913] pci 0000:00:15.1: PCI bridge, secondary bus 0000:04
[    0.537925] pci 0000:00:15.1:   IO window: 0x8000-0x8fff
[    0.537955] pci 0000:00:15.1:   MEM window: 0xca800000-0xca8fffff
[    0.537976] pci 0000:00:15.1:   PREFETCH window: 0x000000d8e00000-0x000000d8efffff
[    0.538019] pci 0000:00:15.2: PCI bridge, secondary bus 0000:05
[    0.538031] pci 0000:00:15.2:   IO window: 0xc000-0xcfff
[    0.538060] pci 0000:00:15.2:   MEM window: 0xcac00000-0xcacfffff
[    0.538081] pci 0000:00:15.2:   PREFETCH window: 0x000000d9200000-0x000000d92fffff
[    0.538123] pci 0000:00:15.3: PCI bridge, secondary bus 0000:06
[    0.538125] pci 0000:00:15.3:   IO window: disabled
[    0.538154] pci 0000:00:15.3:   MEM window: 0xcb000000-0xcb0fffff
[    0.538175] pci 0000:00:15.3:   PREFETCH window: 0x000000d9600000-0x000000d96fffff
[    0.538217] pci 0000:00:15.4: PCI bridge, secondary bus 0000:07
[    0.538219] pci 0000:00:15.4:   IO window: disabled
[    0.538249] pci 0000:00:15.4:   MEM window: 0xcb400000-0xcb4fffff
[    0.538269] pci 0000:00:15.4:   PREFETCH window: 0x000000d9a00000-0x000000d9afffff
[    0.538312] pci 0000:00:15.5: PCI bridge, secondary bus 0000:08
[    0.538313] pci 0000:00:15.5:   IO window: disabled
[    0.538343] pci 0000:00:15.5:   MEM window: 0xcb800000-0xcb8fffff
[    0.538364] pci 0000:00:15.5:   PREFETCH window: 0x000000d9e00000-0x000000d9efffff
[    0.538406] pci 0000:00:15.6: PCI bridge, secondary bus 0000:09
[    0.538408] pci 0000:00:15.6:   IO window: disabled
[    0.538438] pci 0000:00:15.6:   MEM window: 0xcbc00000-0xcbcfffff
[    0.538459] pci 0000:00:15.6:   PREFETCH window: 0x000000da200000-0x000000da2fffff
[    0.538501] pci 0000:00:15.7: PCI bridge, secondary bus 0000:0a
[    0.538503] pci 0000:00:15.7:   IO window: disabled
[    0.538532] pci 0000:00:15.7:   MEM window: 0xcc000000-0xcc0fffff
[    0.538553] pci 0000:00:15.7:   PREFETCH window: 0x000000da600000-0x000000da6fffff
[    0.538595] pci 0000:00:16.0: PCI bridge, secondary bus 0000:0b
[    0.538607] pci 0000:00:16.0:   IO window: 0x5000-0x5fff
[    0.538637] pci 0000:00:16.0:   MEM window: 0xca500000-0xca5fffff
[    0.538657] pci 0000:00:16.0:   PREFETCH window: 0x000000d8b00000-0x000000d8bfffff
[    0.538699] pci 0000:00:16.1: PCI bridge, secondary bus 0000:0c
[    0.538711] pci 0000:00:16.1:   IO window: 0x9000-0x9fff
[    0.538741] pci 0000:00:16.1:   MEM window: 0xca900000-0xca9fffff
[    0.538762] pci 0000:00:16.1:   PREFETCH window: 0x000000d8f00000-0x000000d8ffffff
[    0.538804] pci 0000:00:16.2: PCI bridge, secondary bus 0000:0d
[    0.538816] pci 0000:00:16.2:   IO window: 0xd000-0xdfff
[    0.538845] pci 0000:00:16.2:   MEM window: 0xcad00000-0xcadfffff
[    0.538866] pci 0000:00:16.2:   PREFETCH window: 0x000000d9300000-0x000000d93fffff
[    0.538917] pci 0000:00:16.3: PCI bridge, secondary bus 0000:0e
[    0.538919] pci 0000:00:16.3:   IO window: disabled
[    0.538948] pci 0000:00:16.3:   MEM window: 0xcb100000-0xcb1fffff
[    0.538969] pci 0000:00:16.3:   PREFETCH window: 0x000000d9700000-0x000000d97fffff
[    0.539011] pci 0000:00:16.4: PCI bridge, secondary bus 0000:0f
[    0.539012] pci 0000:00:16.4:   IO window: disabled
[    0.539042] pci 0000:00:16.4:   MEM window: 0xcb500000-0xcb5fffff
[    0.539063] pci 0000:00:16.4:   PREFETCH window: 0x000000d9b00000-0x000000d9bfffff
[    0.539105] pci 0000:00:16.5: PCI bridge, secondary bus 0000:10
[    0.539106] pci 0000:00:16.5:   IO window: disabled
[    0.539136] pci 0000:00:16.5:   MEM window: 0xcb900000-0xcb9fffff
[    0.539156] pci 0000:00:16.5:   PREFETCH window: 0x000000d9f00000-0x000000d9ffffff
[    0.539199] pci 0000:00:16.6: PCI bridge, secondary bus 0000:11
[    0.539200] pci 0000:00:16.6:   IO window: disabled
[    0.539230] pci 0000:00:16.6:   MEM window: 0xcbd00000-0xcbdfffff
[    0.539250] pci 0000:00:16.6:   PREFETCH window: 0x000000da300000-0x000000da3fffff
[    0.539292] pci 0000:00:16.7: PCI bridge, secondary bus 0000:12
[    0.539294] pci 0000:00:16.7:   IO window: disabled
[    0.539324] pci 0000:00:16.7:   MEM window: 0xcc100000-0xcc1fffff
[    0.539344] pci 0000:00:16.7:   PREFETCH window: 0x000000da700000-0x000000da7fffff
[    0.539386] pci 0000:00:17.0: PCI bridge, secondary bus 0000:13
[    0.539398] pci 0000:00:17.0:   IO window: 0x6000-0x6fff
[    0.539427] pci 0000:00:17.0:   MEM window: 0xca600000-0xca6fffff
[    0.539448] pci 0000:00:17.0:   PREFETCH window: 0x000000d8c00000-0x000000d8cfffff
[    0.539489] pci 0000:00:17.1: PCI bridge, secondary bus 0000:14
[    0.539501] pci 0000:00:17.1:   IO window: 0xa000-0xafff
[    0.539531] pci 0000:00:17.1:   MEM window: 0xcaa00000-0xcaafffff
[    0.539551] pci 0000:00:17.1:   PREFETCH window: 0x000000d9000000-0x000000d90fffff
[    0.539593] pci 0000:00:17.2: PCI bridge, secondary bus 0000:15
[    0.539605] pci 0000:00:17.2:   IO window: 0xe000-0xefff
[    0.539634] pci 0000:00:17.2:   MEM window: 0xcae00000-0xcaefffff
[    0.539655] pci 0000:00:17.2:   PREFETCH window: 0x000000d9400000-0x000000d94fffff
[    0.539697] pci 0000:00:17.3: PCI bridge, secondary bus 0000:16
[    0.539699] pci 0000:00:17.3:   IO window: disabled
[    0.539728] pci 0000:00:17.3:   MEM window: 0xcb200000-0xcb2fffff
[    0.539749] pci 0000:00:17.3:   PREFETCH window: 0x000000d9800000-0x000000d98fffff
[    0.539791] pci 0000:00:17.4: PCI bridge, secondary bus 0000:17
[    0.539793] pci 0000:00:17.4:   IO window: disabled
[    0.539822] pci 0000:00:17.4:   MEM window: 0xcb600000-0xcb6fffff
[    0.539843] pci 0000:00:17.4:   PREFETCH window: 0x000000d9c00000-0x000000d9cfffff
[    0.539885] pci 0000:00:17.5: PCI bridge, secondary bus 0000:18
[    0.539894] pci 0000:00:17.5:   IO window: disabled
[    0.539924] pci 0000:00:17.5:   MEM window: 0xcba00000-0xcbafffff
[    0.539944] pci 0000:00:17.5:   PREFETCH window: 0x000000da000000-0x000000da0fffff
[    0.539986] pci 0000:00:17.6: PCI bridge, secondary bus 0000:19
[    0.539988] pci 0000:00:17.6:   IO window: disabled
[    0.540017] pci 0000:00:17.6:   MEM window: 0xcbe00000-0xcbefffff
[    0.540038] pci 0000:00:17.6:   PREFETCH window: 0x000000da400000-0x000000da4fffff
[    0.540080] pci 0000:00:17.7: PCI bridge, secondary bus 0000:1a
[    0.540082] pci 0000:00:17.7:   IO window: disabled
[    0.540111] pci 0000:00:17.7:   MEM window: 0xcc200000-0xcc2fffff
[    0.540132] pci 0000:00:17.7:   PREFETCH window: 0x000000da800000-0x000000da8fffff
[    0.540174] pci 0000:00:18.0: PCI bridge, secondary bus 0000:1b
[    0.540185] pci 0000:00:18.0:   IO window: 0x7000-0x7fff
[    0.540215] pci 0000:00:18.0:   MEM window: 0xca700000-0xca7fffff
[    0.540235] pci 0000:00:18.0:   PREFETCH window: 0x000000d8d00000-0x000000d8dfffff
[    0.540278] pci 0000:00:18.1: PCI bridge, secondary bus 0000:1c
[    0.540289] pci 0000:00:18.1:   IO window: 0xb000-0xbfff
[    0.540319] pci 0000:00:18.1:   MEM window: 0xcab00000-0xcabfffff
[    0.540339] pci 0000:00:18.1:   PREFETCH window: 0x000000d9100000-0x000000d91fffff
[    0.540381] pci 0000:00:18.2: PCI bridge, secondary bus 0000:1d
[    0.540393] pci 0000:00:18.2:   IO window: 0xf000-0xffff
[    0.540423] pci 0000:00:18.2:   MEM window: 0xcaf00000-0xcaffffff
[    0.540443] pci 0000:00:18.2:   PREFETCH window: 0x000000d9500000-0x000000d95fffff
[    0.540485] pci 0000:00:18.3: PCI bridge, secondary bus 0000:1e
[    0.540487] pci 0000:00:18.3:   IO window: disabled
[    0.540517] pci 0000:00:18.3:   MEM window: 0xcb300000-0xcb3fffff
[    0.540537] pci 0000:00:18.3:   PREFETCH window: 0x000000d9900000-0x000000d99fffff
[    0.540579] pci 0000:00:18.4: PCI bridge, secondary bus 0000:1f
[    0.540581] pci 0000:00:18.4:   IO window: disabled
[    0.540610] pci 0000:00:18.4:   MEM window: 0xcb700000-0xcb7fffff
[    0.540631] pci 0000:00:18.4:   PREFETCH window: 0x000000d9d00000-0x000000d9dfffff
[    0.540673] pci 0000:00:18.5: PCI bridge, secondary bus 0000:20
[    0.540674] pci 0000:00:18.5:   IO window: disabled
[    0.540704] pci 0000:00:18.5:   MEM window: 0xcbb00000-0xcbbfffff
[    0.540725] pci 0000:00:18.5:   PREFETCH window: 0x000000da100000-0x000000da1fffff
[    0.540766] pci 0000:00:18.6: PCI bridge, secondary bus 0000:21
[    0.540768] pci 0000:00:18.6:   IO window: disabled
[    0.540798] pci 0000:00:18.6:   MEM window: 0xcbf00000-0xcbffffff
[    0.540818] pci 0000:00:18.6:   PREFETCH window: 0x000000da500000-0x000000da5fffff
[    0.540860] pci 0000:00:18.7: PCI bridge, secondary bus 0000:22
[    0.540862] pci 0000:00:18.7:   IO window: disabled
[    0.540913] pci 0000:00:18.7:   MEM window: 0xcc300000-0xcc3fffff
[    0.540942] pci 0000:00:18.7:   PREFETCH window: 0x000000da900000-0x000000da9fffff
[    0.541022] pci 0000:00:01.0: setting latency timer to 64
[    0.541119] pci 0000:00:15.0: setting latency timer to 64
[    0.541186] pci 0000:00:15.1: setting latency timer to 64
[    0.541252] pci 0000:00:15.2: setting latency timer to 64
[    0.541322] pci 0000:00:15.3: setting latency timer to 64
[    0.541389] pci 0000:00:15.4: setting latency timer to 64
[    0.541471] pci 0000:00:15.5: setting latency timer to 64
[    0.541550] pci 0000:00:15.6: setting latency timer to 64
[    0.541612] pci 0000:00:15.7: setting latency timer to 64
[    0.541674] pci 0000:00:16.0: setting latency timer to 64
[    0.541736] pci 0000:00:16.1: setting latency timer to 64
[    0.541798] pci 0000:00:16.2: setting latency timer to 64
[    0.541860] pci 0000:00:16.3: setting latency timer to 64
[    0.541949] pci 0000:00:16.4: setting latency timer to 64
[    0.542011] pci 0000:00:16.5: setting latency timer to 64
[    0.542073] pci 0000:00:16.6: setting latency timer to 64
[    0.542134] pci 0000:00:16.7: setting latency timer to 64
[    0.542196] pci 0000:00:17.0: setting latency timer to 64
[    0.542258] pci 0000:00:17.1: setting latency timer to 64
[    0.542319] pci 0000:00:17.2: setting latency timer to 64
[    0.542381] pci 0000:00:17.3: setting latency timer to 64
[    0.542443] pci 0000:00:17.4: setting latency timer to 64
[    0.542504] pci 0000:00:17.5: setting latency timer to 64
[    0.542566] pci 0000:00:17.6: setting latency timer to 64
[    0.542627] pci 0000:00:17.7: setting latency timer to 64
[    0.542690] pci 0000:00:18.0: setting latency timer to 64
[    0.542751] pci 0000:00:18.1: setting latency timer to 64
[    0.542813] pci 0000:00:18.2: setting latency timer to 64
[    0.542883] pci 0000:00:18.3: setting latency timer to 64
[    0.542969] pci 0000:00:18.4: setting latency timer to 64
[    0.543031] pci 0000:00:18.5: setting latency timer to 64
[    0.543093] pci 0000:00:18.6: setting latency timer to 64
[    0.543155] pci 0000:00:18.7: setting latency timer to 64
[    0.543166] pci_bus 0000:00: resource 0 io:  [0x00-0xffff]
[    0.543169] pci_bus 0000:00: resource 1 mem: [0x000000-0xffffffffffffffff]
[    0.543171] pci_bus 0000:02: resource 0 io:  [0x2000-0x3fff]
[    0.543173] pci_bus 0000:02: resource 1 mem: [0xc9000000-0xca3fffff]
[    0.543175] pci_bus 0000:02: resource 2 pref mem [0xd8400000-0xd89fffff]
[    0.543177] pci_bus 0000:02: resource 3 io:  [0x00-0xffff]
[    0.543178] pci_bus 0000:02: resource 4 mem: [0x000000-0xffffffffffffffff]
[    0.543181] pci_bus 0000:03: resource 0 io:  [0x4000-0x4fff]
[    0.543182] pci_bus 0000:03: resource 1 mem: [0xca400000-0xca4fffff]
[    0.543184] pci_bus 0000:03: resource 2 pref mem [0xd8a00000-0xd8afffff]
[    0.543186] pci_bus 0000:04: resource 0 io:  [0x8000-0x8fff]
[    0.543188] pci_bus 0000:04: resource 1 mem: [0xca800000-0xca8fffff]
[    0.543190] pci_bus 0000:04: resource 2 pref mem [0xd8e00000-0xd8efffff]
[    0.543191] pci_bus 0000:05: resource 0 io:  [0xc000-0xcfff]
[    0.543193] pci_bus 0000:05: resource 1 mem: [0xcac00000-0xcacfffff]
[    0.543195] pci_bus 0000:05: resource 2 pref mem [0xd9200000-0xd92fffff]
[    0.543197] pci_bus 0000:06: resource 1 mem: [0xcb000000-0xcb0fffff]
[    0.543199] pci_bus 0000:06: resource 2 pref mem [0xd9600000-0xd96fffff]
[    0.543201] pci_bus 0000:07: resource 1 mem: [0xcb400000-0xcb4fffff]
[    0.543202] pci_bus 0000:07: resource 2 pref mem [0xd9a00000-0xd9afffff]
[    0.543204] pci_bus 0000:08: resource 1 mem: [0xcb800000-0xcb8fffff]
[    0.543206] pci_bus 0000:08: resource 2 pref mem [0xd9e00000-0xd9efffff]
[    0.543208] pci_bus 0000:09: resource 1 mem: [0xcbc00000-0xcbcfffff]
[    0.543210] pci_bus 0000:09: resource 2 pref mem [0xda200000-0xda2fffff]
[    0.543212] pci_bus 0000:0a: resource 1 mem: [0xcc000000-0xcc0fffff]
[    0.543213] pci_bus 0000:0a: resource 2 pref mem [0xda600000-0xda6fffff]
[    0.543215] pci_bus 0000:0b: resource 0 io:  [0x5000-0x5fff]
[    0.543217] pci_bus 0000:0b: resource 1 mem: [0xca500000-0xca5fffff]
[    0.543219] pci_bus 0000:0b: resource 2 pref mem [0xd8b00000-0xd8bfffff]
[    0.543220] pci_bus 0000:0c: resource 0 io:  [0x9000-0x9fff]
[    0.543222] pci_bus 0000:0c: resource 1 mem: [0xca900000-0xca9fffff]
[    0.543224] pci_bus 0000:0c: resource 2 pref mem [0xd8f00000-0xd8ffffff]
[    0.543226] pci_bus 0000:0d: resource 0 io:  [0xd000-0xdfff]
[    0.543227] pci_bus 0000:0d: resource 1 mem: [0xcad00000-0xcadfffff]
[    0.543229] pci_bus 0000:0d: resource 2 pref mem [0xd9300000-0xd93fffff]
[    0.543231] pci_bus 0000:0e: resource 1 mem: [0xcb100000-0xcb1fffff]
[    0.543233] pci_bus 0000:0e: resource 2 pref mem [0xd9700000-0xd97fffff]
[    0.543235] pci_bus 0000:0f: resource 1 mem: [0xcb500000-0xcb5fffff]
[    0.543237] pci_bus 0000:0f: resource 2 pref mem [0xd9b00000-0xd9bfffff]
[    0.543238] pci_bus 0000:10: resource 1 mem: [0xcb900000-0xcb9fffff]
[    0.543240] pci_bus 0000:10: resource 2 pref mem [0xd9f00000-0xd9ffffff]
[    0.543242] pci_bus 0000:11: resource 1 mem: [0xcbd00000-0xcbdfffff]
[    0.543244] pci_bus 0000:11: resource 2 pref mem [0xda300000-0xda3fffff]
[    0.543246] pci_bus 0000:12: resource 1 mem: [0xcc100000-0xcc1fffff]
[    0.543248] pci_bus 0000:12: resource 2 pref mem [0xda700000-0xda7fffff]
[    0.543249] pci_bus 0000:13: resource 0 io:  [0x6000-0x6fff]
[    0.543251] pci_bus 0000:13: resource 1 mem: [0xca600000-0xca6fffff]
[    0.543253] pci_bus 0000:13: resource 2 pref mem [0xd8c00000-0xd8cfffff]
[    0.543255] pci_bus 0000:14: resource 0 io:  [0xa000-0xafff]
[    0.543256] pci_bus 0000:14: resource 1 mem: [0xcaa00000-0xcaafffff]
[    0.543258] pci_bus 0000:14: resource 2 pref mem [0xd9000000-0xd90fffff]
[    0.543260] pci_bus 0000:15: resource 0 io:  [0xe000-0xefff]
[    0.543262] pci_bus 0000:15: resource 1 mem: [0xcae00000-0xcaefffff]
[    0.543263] pci_bus 0000:15: resource 2 pref mem [0xd9400000-0xd94fffff]
[    0.543265] pci_bus 0000:16: resource 1 mem: [0xcb200000-0xcb2fffff]
[    0.543267] pci_bus 0000:16: resource 2 pref mem [0xd9800000-0xd98fffff]
[    0.543269] pci_bus 0000:17: resource 1 mem: [0xcb600000-0xcb6fffff]
[    0.543271] pci_bus 0000:17: resource 2 pref mem [0xd9c00000-0xd9cfffff]
[    0.543273] pci_bus 0000:18: resource 1 mem: [0xcba00000-0xcbafffff]
[    0.543274] pci_bus 0000:18: resource 2 pref mem [0xda000000-0xda0fffff]
[    0.543276] pci_bus 0000:19: resource 1 mem: [0xcbe00000-0xcbefffff]
[    0.543278] pci_bus 0000:19: resource 2 pref mem [0xda400000-0xda4fffff]
[    0.543280] pci_bus 0000:1a: resource 1 mem: [0xcc200000-0xcc2fffff]
[    0.543282] pci_bus 0000:1a: resource 2 pref mem [0xda800000-0xda8fffff]
[    0.543284] pci_bus 0000:1b: resource 0 io:  [0x7000-0x7fff]
[    0.543285] pci_bus 0000:1b: resource 1 mem: [0xca700000-0xca7fffff]
[    0.543287] pci_bus 0000:1b: resource 2 pref mem [0xd8d00000-0xd8dfffff]
[    0.543289] pci_bus 0000:1c: resource 0 io:  [0xb000-0xbfff]
[    0.543291] pci_bus 0000:1c: resource 1 mem: [0xcab00000-0xcabfffff]
[    0.543292] pci_bus 0000:1c: resource 2 pref mem [0xd9100000-0xd91fffff]
[    0.543294] pci_bus 0000:1d: resource 0 io:  [0xf000-0xffff]
[    0.543296] pci_bus 0000:1d: resource 1 mem: [0xcaf00000-0xcaffffff]
[    0.543298] pci_bus 0000:1d: resource 2 pref mem [0xd9500000-0xd95fffff]
[    0.543300] pci_bus 0000:1e: resource 1 mem: [0xcb300000-0xcb3fffff]
[    0.543301] pci_bus 0000:1e: resource 2 pref mem [0xd9900000-0xd99fffff]
[    0.543303] pci_bus 0000:1f: resource 1 mem: [0xcb700000-0xcb7fffff]
[    0.543305] pci_bus 0000:1f: resource 2 pref mem [0xd9d00000-0xd9dfffff]
[    0.543307] pci_bus 0000:20: resource 1 mem: [0xcbb00000-0xcbbfffff]
[    0.543309] pci_bus 0000:20: resource 2 pref mem [0xda100000-0xda1fffff]
[    0.543310] pci_bus 0000:21: resource 1 mem: [0xcbf00000-0xcbffffff]
[    0.543312] pci_bus 0000:21: resource 2 pref mem [0xda500000-0xda5fffff]
[    0.543314] pci_bus 0000:22: resource 1 mem: [0xcc300000-0xcc3fffff]
[    0.543316] pci_bus 0000:22: resource 2 pref mem [0xda900000-0xda9fffff]
[    0.543338] NET: Registered protocol family 2
[    0.543355] RANDOM - __random32 called. Change num 7.  Value: 647ba296	db0e5c1d	6de96f10
[    0.543356] RANDOM - random32 called.  Value: 647ba296	db0e5c1d	6de96f10
[    0.543365] random 0000 0000 0000 00000000 00000000: rand_read_num 2 get_random_bytes(4): sig fffffe1a 00000000 00000000
[    0.543367] random 0000 0000 0000 00000000 00000000: extract_entropy(.. 4 ..)
[    0.543370] random 0000 0000 0000 00000000 00000000: going to reseed nonblocking with 64 bits (32 of 0 requested)
[    0.543372] random 0000 0000 0000 00000000 00000000: extract_entropy(.. 8 ..)
[    0.543374] random 0000 0000 0000 00000000 00000000: trying to extract 64 bits from input
[    0.543376] random 0000 0000 0000 00000000 00000000: debiting 0 entropy credits from input
[    0.543378] random 0000 0000 0000 00000000 00000000: extract_entropy account returned: 0 
[    0.543381] random 0000 0000 0000 00000000 00000000: urand_change_num 3 xfer_secondary_pool(4): pool_sig fffffe1a, data_sig 00000000, bytes_mixed 0 00000000 00000000
[    0.543384] random 0000 0000 0000 00000000 00000000: trying to extract 32 bits from nonblocking
[    0.543387] random 0000 0000 0000 00000000 00000000: debiting 32 entropy credits from nonblocking (unlimited)
[    0.543389] random 0000 0000 0000 00000000 00000000: extract_entropy account returned: 4 
[    0.543392] random 0000 0000 0000 00000000 00000000: urand_change_num 4 extract_buf: pool_sig fffffe1a, data_sig fffffed7, bytes_mixed 20 00000000 00000000
[    0.543421] IP route cache hash table entries: 32768 (order: 5, 131072 bytes)
[    0.543529] RANDOM - __random32 called. Change num 8.  Value: ba296205	b0e5c1db	de205442
[    0.543531] RANDOM - random32 called.  Value: ba296205	b0e5c1db	de205442
[    0.543587] RANDOM - __random32 called. Change num 9.  Value: 962052cd	e5c1db9	a885e45e
[    0.543589] RANDOM - random32 called.  Value: 962052cd	e5c1db9	a885e45e
[    0.543592] RANDOM - __random32 called. Change num 10.  Value: 52cd38f	e5c1db9b	c8bd9558
[    0.543593] RANDOM - random32 called.  Value: 52cd38f	e5c1db9b	c8bd9558
[    0.543615] RANDOM - __random32 called. Change num 11.  Value: cd38f3eb	5c1db9b9	2ab1aa27
[    0.543617] RANDOM - random32 called.  Value: cd38f3eb	5c1db9b9	2ab1aa27
[    0.543627] TCP established hash table entries: 131072 (order: 8, 1048576 bytes)
[    0.543738] TCP bind hash table entries: 65536 (order: 7, 524288 bytes)
[    0.543848] TCP: Hash tables configured (established 131072 bind 65536)
[    0.543851] TCP reno registered
[    0.543886] NET: Registered protocol family 1
[    0.543896] pci 0000:00:00.0: Limiting direct PCI/PCI transfers
[    0.543914] pci 0000:00:0f.0: Boot video device
[    0.544102] Trying to unpack rootfs image as initramfs...
[    1.607918] Freeing initrd memory: 83430k freed
[    1.611964] Simple Boot Flag at 0x36 set to 0x1
[    1.612009] cpufreq-nforce2: No nForce2 chipset.
[    1.612022] Scanning for low memory corruption every 60 seconds
[    1.612135] audit: initializing netlink socket (disabled)
[    1.612144] type=2000 audit(1369444309.600:1): initialized
[    1.616019] highmem bounce pool size: 64 pages
[    1.616023] HugeTLB registered 2 MB page size, pre-allocated 0 pages
[    1.616117] VFS: Disk quotas dquot_6.5.2
[    1.616149] Dquot-cache hash table entries: 1024 (order 0, 4096 bytes)
[    1.616227] fuse init (API version 7.13)
[    1.616270] msgmni has been set to 1729
[    1.616534] alg: No test for stdrng (krng)
[    1.616567] Block layer SCSI generic (bsg) driver version 0.4 loaded (major 253)
[    1.616569] io scheduler noop registered
[    1.616571] io scheduler anticipatory registered
[    1.616572] io scheduler deadline registered
[    1.616592] io scheduler cfq registered (default)
[    1.616637]   alloc irq_desc for 24 on node -1
[    1.616639]   alloc kstat_irqs on node -1
[    1.616684] pcieport 0000:00:15.0: irq 24 for MSI/MSI-X
[    1.616730] pcieport 0000:00:15.0: setting latency timer to 64
[    1.616775]   alloc irq_desc for 25 on node -1
[    1.616777]   alloc kstat_irqs on node -1
[    1.616822] pcieport 0000:00:15.1: irq 25 for MSI/MSI-X
[    1.616867] pcieport 0000:00:15.1: setting latency timer to 64
[    1.616913]   alloc irq_desc for 26 on node -1
[    1.616915]   alloc kstat_irqs on node -1
[    1.616960] pcieport 0000:00:15.2: irq 26 for MSI/MSI-X
[    1.617005] pcieport 0000:00:15.2: setting latency timer to 64
[    1.617050]   alloc irq_desc for 27 on node -1
[    1.617052]   alloc kstat_irqs on node -1
[    1.617097] pcieport 0000:00:15.3: irq 27 for MSI/MSI-X
[    1.617143] pcieport 0000:00:15.3: setting latency timer to 64
[    1.617188]   alloc irq_desc for 28 on node -1
[    1.617190]   alloc kstat_irqs on node -1
[    1.617235] pcieport 0000:00:15.4: irq 28 for MSI/MSI-X
[    1.617280] pcieport 0000:00:15.4: setting latency timer to 64
[    1.617325]   alloc irq_desc for 29 on node -1
[    1.617329]   alloc kstat_irqs on node -1
[    1.617374] pcieport 0000:00:15.5: irq 29 for MSI/MSI-X
[    1.617419] pcieport 0000:00:15.5: setting latency timer to 64
[    1.617465]   alloc irq_desc for 30 on node -1
[    1.617467]   alloc kstat_irqs on node -1
[    1.617512] pcieport 0000:00:15.6: irq 30 for MSI/MSI-X
[    1.617557] pcieport 0000:00:15.6: setting latency timer to 64
[    1.617602]   alloc irq_desc for 31 on node -1
[    1.617605]   alloc kstat_irqs on node -1
[    1.617650] pcieport 0000:00:15.7: irq 31 for MSI/MSI-X
[    1.617695] pcieport 0000:00:15.7: setting latency timer to 64
[    1.617740]   alloc irq_desc for 32 on node -1
[    1.617742]   alloc kstat_irqs on node -1
[    1.617787] pcieport 0000:00:16.0: irq 32 for MSI/MSI-X
[    1.617833] pcieport 0000:00:16.0: setting latency timer to 64
[    1.617878]   alloc irq_desc for 33 on node -1
[    1.617880]   alloc kstat_irqs on node -1
[    1.617925] pcieport 0000:00:16.1: irq 33 for MSI/MSI-X
[    1.617970] pcieport 0000:00:16.1: setting latency timer to 64
[    1.618015]   alloc irq_desc for 34 on node -1
[    1.618017]   alloc kstat_irqs on node -1
[    1.618062] pcieport 0000:00:16.2: irq 34 for MSI/MSI-X
[    1.618108] pcieport 0000:00:16.2: setting latency timer to 64
[    1.618153]   alloc irq_desc for 35 on node -1
[    1.618155]   alloc kstat_irqs on node -1
[    1.618200] pcieport 0000:00:16.3: irq 35 for MSI/MSI-X
[    1.618245] pcieport 0000:00:16.3: setting latency timer to 64
[    1.618291]   alloc irq_desc for 36 on node -1
[    1.618293]   alloc kstat_irqs on node -1
[    1.618338] pcieport 0000:00:16.4: irq 36 for MSI/MSI-X
[    1.618383] pcieport 0000:00:16.4: setting latency timer to 64
[    1.618428]   alloc irq_desc for 37 on node -1
[    1.618430]   alloc kstat_irqs on node -1
[    1.618475] pcieport 0000:00:16.5: irq 37 for MSI/MSI-X
[    1.618521] pcieport 0000:00:16.5: setting latency timer to 64
[    1.618566]   alloc irq_desc for 38 on node -1
[    1.618568]   alloc kstat_irqs on node -1
[    1.618613] pcieport 0000:00:16.6: irq 38 for MSI/MSI-X
[    1.618658] pcieport 0000:00:16.6: setting latency timer to 64
[    1.618703]   alloc irq_desc for 39 on node -1
[    1.618705]   alloc kstat_irqs on node -1
[    1.618750] pcieport 0000:00:16.7: irq 39 for MSI/MSI-X
[    1.618796] pcieport 0000:00:16.7: setting latency timer to 64
[    1.619975]   alloc irq_desc for 40 on node -1
[    1.619977]   alloc kstat_irqs on node -1
[    1.620022] pcieport 0000:00:17.0: irq 40 for MSI/MSI-X
[    1.620068] pcieport 0000:00:17.0: setting latency timer to 64
[    1.620113]   alloc irq_desc for 41 on node -1
[    1.620115]   alloc kstat_irqs on node -1
[    1.620160] pcieport 0000:00:17.1: irq 41 for MSI/MSI-X
[    1.620205] pcieport 0000:00:17.1: setting latency timer to 64
[    1.620250]   alloc irq_desc for 42 on node -1
[    1.620252]   alloc kstat_irqs on node -1
[    1.620298] pcieport 0000:00:17.2: irq 42 for MSI/MSI-X
[    1.620343] pcieport 0000:00:17.2: setting latency timer to 64
[    1.620388]   alloc irq_desc for 43 on node -1
[    1.620390]   alloc kstat_irqs on node -1
[    1.620435] pcieport 0000:00:17.3: irq 43 for MSI/MSI-X
[    1.620480] pcieport 0000:00:17.3: setting latency timer to 64
[    1.620526]   alloc irq_desc for 44 on node -1
[    1.620527]   alloc kstat_irqs on node -1
[    1.620573] pcieport 0000:00:17.4: irq 44 for MSI/MSI-X
[    1.620618] pcieport 0000:00:17.4: setting latency timer to 64
[    1.620663]   alloc irq_desc for 45 on node -1
[    1.620665]   alloc kstat_irqs on node -1
[    1.620710] pcieport 0000:00:17.5: irq 45 for MSI/MSI-X
[    1.620755] pcieport 0000:00:17.5: setting latency timer to 64
[    1.620801]   alloc irq_desc for 46 on node -1
[    1.620803]   alloc kstat_irqs on node -1
[    1.620848] pcieport 0000:00:17.6: irq 46 for MSI/MSI-X
[    1.620893] pcieport 0000:00:17.6: setting latency timer to 64
[    1.620938]   alloc irq_desc for 47 on node -1
[    1.620940]   alloc kstat_irqs on node -1
[    1.620985] pcieport 0000:00:17.7: irq 47 for MSI/MSI-X
[    1.621031] pcieport 0000:00:17.7: setting latency timer to 64
[    1.621076]   alloc irq_desc for 48 on node -1
[    1.621078]   alloc kstat_irqs on node -1
[    1.621123] pcieport 0000:00:18.0: irq 48 for MSI/MSI-X
[    1.621168] pcieport 0000:00:18.0: setting latency timer to 64
[    1.621213]   alloc irq_desc for 49 on node -1
[    1.621216]   alloc kstat_irqs on node -1
[    1.621261] pcieport 0000:00:18.1: irq 49 for MSI/MSI-X
[    1.621306] pcieport 0000:00:18.1: setting latency timer to 64
[    1.621351]   alloc irq_desc for 50 on node -1
[    1.621353]   alloc kstat_irqs on node -1
[    1.621398] pcieport 0000:00:18.2: irq 50 for MSI/MSI-X
[    1.621444] pcieport 0000:00:18.2: setting latency timer to 64
[    1.621489]   alloc irq_desc for 51 on node -1
[    1.621491]   alloc kstat_irqs on node -1
[    1.621536] pcieport 0000:00:18.3: irq 51 for MSI/MSI-X
[    1.621581] pcieport 0000:00:18.3: setting latency timer to 64
[    1.621626]   alloc irq_desc for 52 on node -1
[    1.621628]   alloc kstat_irqs on node -1
[    1.621674] pcieport 0000:00:18.4: irq 52 for MSI/MSI-X
[    1.621719] pcieport 0000:00:18.4: setting latency timer to 64
[    1.621764]   alloc irq_desc for 53 on node -1
[    1.621766]   alloc kstat_irqs on node -1
[    1.621811] pcieport 0000:00:18.5: irq 53 for MSI/MSI-X
[    1.621856] pcieport 0000:00:18.5: setting latency timer to 64
[    1.621902]   alloc irq_desc for 54 on node -1
[    1.621903]   alloc kstat_irqs on node -1
[    1.621949] pcieport 0000:00:18.6: irq 54 for MSI/MSI-X
[    1.621994] pcieport 0000:00:18.6: setting latency timer to 64
[    1.622039]   alloc irq_desc for 55 on node -1
[    1.622041]   alloc kstat_irqs on node -1
[    1.622086] pcieport 0000:00:18.7: irq 55 for MSI/MSI-X
[    1.622131] pcieport 0000:00:18.7: setting latency timer to 64
[    1.622177] pci_hotplug: PCI Hot Plug PCI Core version: 0.5
[    1.623979] pciehp 0000:00:15.0:pcie04: HPC vendor_id 15ad device_id 7a0 ss_vid 0 ss_did 0
[    1.624024] pciehp 0000:00:15.0:pcie04: service driver pciehp loaded
[    1.624069] pciehp 0000:00:15.1:pcie04: HPC vendor_id 15ad device_id 7a0 ss_vid 0 ss_did 0
[    1.624115] pciehp 0000:00:15.1:pcie04: service driver pciehp loaded
[    1.624160] pciehp 0000:00:15.2:pcie04: HPC vendor_id 15ad device_id 7a0 ss_vid 0 ss_did 0
[    1.624205] pciehp 0000:00:15.2:pcie04: service driver pciehp loaded
[    1.624250] pciehp 0000:00:15.3:pcie04: HPC vendor_id 15ad device_id 7a0 ss_vid 0 ss_did 0
[    1.624295] pciehp 0000:00:15.3:pcie04: service driver pciehp loaded
[    1.624341] pciehp 0000:00:15.4:pcie04: HPC vendor_id 15ad device_id 7a0 ss_vid 0 ss_did 0
[    1.624386] pciehp 0000:00:15.4:pcie04: service driver pciehp loaded
[    1.624431] pciehp 0000:00:15.5:pcie04: HPC vendor_id 15ad device_id 7a0 ss_vid 0 ss_did 0
[    1.624476] pciehp 0000:00:15.5:pcie04: service driver pciehp loaded
[    1.624522] pciehp 0000:00:15.6:pcie04: HPC vendor_id 15ad device_id 7a0 ss_vid 0 ss_did 0
[    1.624567] pciehp 0000:00:15.6:pcie04: service driver pciehp loaded
[    1.624612] pciehp 0000:00:15.7:pcie04: HPC vendor_id 15ad device_id 7a0 ss_vid 0 ss_did 0
[    1.624657] pciehp 0000:00:15.7:pcie04: service driver pciehp loaded
[    1.624702] pciehp 0000:00:16.0:pcie04: HPC vendor_id 15ad device_id 7a0 ss_vid 0 ss_did 0
[    1.624748] pciehp 0000:00:16.0:pcie04: service driver pciehp loaded
[    1.624793] pciehp 0000:00:16.1:pcie04: HPC vendor_id 15ad device_id 7a0 ss_vid 0 ss_did 0
[    1.624838] pciehp 0000:00:16.1:pcie04: service driver pciehp loaded
[    1.624883] pciehp 0000:00:16.2:pcie04: HPC vendor_id 15ad device_id 7a0 ss_vid 0 ss_did 0
[    1.624929] pciehp 0000:00:16.2:pcie04: service driver pciehp loaded
[    1.624974] pciehp 0000:00:16.3:pcie04: HPC vendor_id 15ad device_id 7a0 ss_vid 0 ss_did 0
[    1.625019] pciehp 0000:00:16.3:pcie04: service driver pciehp loaded
[    1.625064] pciehp 0000:00:16.4:pcie04: HPC vendor_id 15ad device_id 7a0 ss_vid 0 ss_did 0
[    1.625109] pciehp 0000:00:16.4:pcie04: service driver pciehp loaded
[    1.625155] pciehp 0000:00:16.5:pcie04: HPC vendor_id 15ad device_id 7a0 ss_vid 0 ss_did 0
[    1.625200] pciehp 0000:00:16.5:pcie04: service driver pciehp loaded
[    1.625245] pciehp 0000:00:16.6:pcie04: HPC vendor_id 15ad device_id 7a0 ss_vid 0 ss_did 0
[    1.625290] pciehp 0000:00:16.6:pcie04: service driver pciehp loaded
[    1.625336] pciehp 0000:00:16.7:pcie04: HPC vendor_id 15ad device_id 7a0 ss_vid 0 ss_did 0
[    1.625381] pciehp 0000:00:16.7:pcie04: service driver pciehp loaded
[    1.625426] pciehp 0000:00:17.0:pcie04: HPC vendor_id 15ad device_id 7a0 ss_vid 0 ss_did 0
[    1.625471] pciehp 0000:00:17.0:pcie04: service driver pciehp loaded
[    1.625516] pciehp 0000:00:17.1:pcie04: HPC vendor_id 15ad device_id 7a0 ss_vid 0 ss_did 0
[    1.625562] pciehp 0000:00:17.1:pcie04: service driver pciehp loaded
[    1.625607] pciehp 0000:00:17.2:pcie04: HPC vendor_id 15ad device_id 7a0 ss_vid 0 ss_did 0
[    1.625652] pciehp 0000:00:17.2:pcie04: service driver pciehp loaded
[    1.625697] pciehp 0000:00:17.3:pcie04: HPC vendor_id 15ad device_id 7a0 ss_vid 0 ss_did 0
[    1.625743] pciehp 0000:00:17.3:pcie04: service driver pciehp loaded
[    1.625788] pciehp 0000:00:17.4:pcie04: HPC vendor_id 15ad device_id 7a0 ss_vid 0 ss_did 0
[    1.625833] pciehp 0000:00:17.4:pcie04: service driver pciehp loaded
[    1.625878] pciehp 0000:00:17.5:pcie04: HPC vendor_id 15ad device_id 7a0 ss_vid 0 ss_did 0
[    1.625924] pciehp 0000:00:17.5:pcie04: service driver pciehp loaded
[    1.625969] pciehp 0000:00:17.6:pcie04: HPC vendor_id 15ad device_id 7a0 ss_vid 0 ss_did 0
[    1.626014] pciehp 0000:00:17.6:pcie04: service driver pciehp loaded
[    1.626059] pciehp 0000:00:17.7:pcie04: HPC vendor_id 15ad device_id 7a0 ss_vid 0 ss_did 0
[    1.626104] pciehp 0000:00:17.7:pcie04: service driver pciehp loaded
[    1.626150] pciehp 0000:00:18.0:pcie04: HPC vendor_id 15ad device_id 7a0 ss_vid 0 ss_did 0
[    1.626195] pciehp 0000:00:18.0:pcie04: service driver pciehp loaded
[    1.626240] pciehp 0000:00:18.1:pcie04: HPC vendor_id 15ad device_id 7a0 ss_vid 0 ss_did 0
[    1.626285] pciehp 0000:00:18.1:pcie04: service driver pciehp loaded
[    1.626331] pciehp 0000:00:18.2:pcie04: HPC vendor_id 15ad device_id 7a0 ss_vid 0 ss_did 0
[    1.626376] pciehp 0000:00:18.2:pcie04: service driver pciehp loaded
[    1.626421] pciehp 0000:00:18.3:pcie04: HPC vendor_id 15ad device_id 7a0 ss_vid 0 ss_did 0
[    1.626466] pciehp 0000:00:18.3:pcie04: service driver pciehp loaded
[    1.626511] pciehp 0000:00:18.4:pcie04: HPC vendor_id 15ad device_id 7a0 ss_vid 0 ss_did 0
[    1.626557] pciehp 0000:00:18.4:pcie04: service driver pciehp loaded
[    1.626602] pciehp 0000:00:18.5:pcie04: HPC vendor_id 15ad device_id 7a0 ss_vid 0 ss_did 0
[    1.626647] pciehp 0000:00:18.5:pcie04: service driver pciehp loaded
[    1.626692] pciehp 0000:00:18.6:pcie04: HPC vendor_id 15ad device_id 7a0 ss_vid 0 ss_did 0
[    1.626738] pciehp 0000:00:18.6:pcie04: service driver pciehp loaded
[    1.626783] pciehp 0000:00:18.7:pcie04: HPC vendor_id 15ad device_id 7a0 ss_vid 0 ss_did 0
[    1.626828] pciehp 0000:00:18.7:pcie04: service driver pciehp loaded
[    1.626835] pciehp: PCI Express Hot Plug Controller Driver version: 0.4
[    1.626884] ACPI: AC Adapter [ACAD] (on-line)
[    1.626938] input: Power Button as /devices/LNXSYSTM:00/LNXPWRBN:00/input/input0
[    1.626940] ACPI: Power Button [PWRF]
[    1.626986] processor LNXCPU:00: registered as cooling_device0
[    1.667853] isapnp: Scanning for PnP cards...
[    2.021565] isapnp: No Plug & Play device found
[    2.021595] random 0000 0000 0000 5f8db4e5 4cfdf2a8: initializing
[    2.021723] Linux agpgart interface v0.103
[    2.021763] agpgart-intel 0000:00:00.0: Intel 440BX Chipset
[    2.021816] agpgart-intel 0000:00:00.0: AGP aperture is 256M @ 0x0
[    2.021847] Serial: 8250/16550 driver, 32 ports, IRQ sharing enabled
[    2.021900] serial8250: ttyS0 at I/O 0x3f8 (irq = 4) is a 16550A
[    2.021952] serial8250: ttyS1 at I/O 0x2f8 (irq = 3) is a 16550A
[    2.022005] 00:0a: ttyS0 at I/O 0x3f8 (irq = 4) is a 16550A
[    2.022058] 00:0b: ttyS1 at I/O 0x2f8 (irq = 3) is a 16550A
[    2.022111] brd: module loaded
[    2.022164] loop: module loaded
[    2.022216] ata_piix 0000:00:07.1: version 2.13
[    2.022299] scsi0 : ata_piix
[    2.022345] scsi1 : ata_piix
[    2.022365] ata1: PATA max UDMA/33 cmd 0x1f0 ctl 0x3f6 bmdma 0x10c0 irq 14
[    2.022367] ata2: PATA max UDMA/33 cmd 0x170 ctl 0x376 bmdma 0x10c8 irq 15
[    2.022414] PPP generic driver version 2.4.2
[    2.022433] tun: Universal TUN/TAP device driver, 1.6
[    2.022435] tun: (C) 1999-2004 Max Krasnyansky <maxk@qualcomm.com>
[    2.022488] ehci_hcd: USB 2.0 'Enhanced' Host Controller (EHCI) Driver
[    2.022540] ACPI: PCI Interrupt Link [LNKB] enabled at IRQ 11
[    2.022543] PCI: setting IRQ 11 as level-triggered
[    2.022551] ehci_hcd 0000:02:03.0: PCI INT A -> Link[LNKB] -> GSI 11 (level, low) -> IRQ 11
[    2.022590] ehci_hcd 0000:02:03.0: EHCI Host Controller
[    2.022612] ehci_hcd 0000:02:03.0: new USB bus registered, assigned bus number 1
[    2.022665] ehci_hcd 0000:02:03.0: cache line size of 32 is not supported
[    2.022672] ehci_hcd 0000:02:03.0: irq 11, io mem 0xc9000000
[    2.022980] random 0000 0000 0000 00000000 00000000: rand_read_num 3 get_random_bytes(8): sig 00000000 00000000 00000000
[    2.022982] random 0000 0000 0000 00000000 00000000: extract_entropy(.. 8 ..)
[    2.022985] random 0000 0000 0000 00000000 00000000: going to reseed nonblocking with 64 bits (64 of 0 requested)
[    2.022987] random 0000 0000 0000 00000000 00000000: extract_entropy(.. 8 ..)
[    2.022990] random 0000 0000 0000 00000000 00000000: trying to extract 64 bits from input
[    2.022992] random 0000 0000 0000 00000000 00000000: debiting 0 entropy credits from input
[    2.022994] random 0000 0000 0000 00000000 00000000: extract_entropy account returned: 0 
[    2.022996] random 0000 0000 0000 00000000 00000000: urand_change_num 5 xfer_secondary_pool(8): pool_sig 00000000, data_sig 00000000, bytes_mixed 0 00000000 00000000
[    2.022999] random 0000 0000 0000 00000000 00000000: trying to extract 64 bits from nonblocking
[    2.023002] random 0000 0000 0000 00000000 00000000: debiting 64 entropy credits from nonblocking (unlimited)
[    2.023004] random 0000 0000 0000 00000000 00000000: extract_entropy account returned: 8 
[    2.023007] random 0000 0000 0000 00000000 00000000: urand_change_num 6 extract_buf: pool_sig 00000000, data_sig fffffff9, bytes_mixed 20 00000000 00000000
[    2.031323] ehci_hcd 0000:02:03.0: USB 2.0 started, EHCI 1.00
[    2.031376] usb usb1: configuration #1 chosen from 1 choice
[    2.031393] hub 1-0:1.0: USB hub found
[    2.031398] hub 1-0:1.0: 6 ports detected
[    2.031431] ohci_hcd: USB 1.1 'Open' Host Controller (OHCI) Driver
[    2.031441] uhci_hcd: USB Universal Host Controller Interface driver
[    2.031494] ACPI: PCI Interrupt Link [LNKC] enabled at IRQ 10
[    2.031496] PCI: setting IRQ 10 as level-triggered
[    2.031500] uhci_hcd 0000:02:00.0: PCI INT A -> Link[LNKC] -> GSI 10 (level, low) -> IRQ 10
[    2.031535] uhci_hcd 0000:02:00.0: UHCI Host Controller
[    2.031562] uhci_hcd 0000:02:00.0: new USB bus registered, assigned bus number 2
[    2.031666] uhci_hcd 0000:02:00.0: irq 10, io base 0x000020c0
[    2.031719] usb usb2: configuration #1 chosen from 1 choice
[    2.031734] hub 2-0:1.0: USB hub found
[    2.031738] hub 2-0:1.0: 2 ports detected
[    2.031791] usbcore: registered new interface driver libusual
[    2.031816] PNP: PS/2 Controller [PNP0303:KBC,PNP0f13:MOUS] at 0x60,0x64 irq 1,12
[    2.032151] serio: i8042 KBD port at 0x60,0x64 irq 1
[    2.032158] serio: i8042 AUX port at 0x60,0x64 irq 12
[    2.032190] mice: PS/2 mouse device common for all mice
[    2.032243] rtc_cmos 00:04: rtc core: registered rtc_cmos as rtc0
[    2.032258] rtc0: alarms up to one month, y3k, 114 bytes nvram, hpet irqs
[    2.032311] device-mapper: uevent: version 1.0.3
[    2.032423] device-mapper: ioctl: 4.15.0-ioctl (2009-04-01) initialised: dm-devel@redhat.com
[    2.032439] EISA: Probing bus 0 at eisa.0
[    2.032446] Cannot allocate resource for EISA slot 1
[    2.032447] Cannot allocate resource for EISA slot 2
[    2.032449] Cannot allocate resource for EISA slot 3
[    2.032451] Cannot allocate resource for EISA slot 4
[    2.032452] Cannot allocate resource for EISA slot 5
[    2.032454] Cannot allocate resource for EISA slot 6
[    2.032456] Cannot allocate resource for EISA slot 7
[    2.032458] Cannot allocate resource for EISA slot 8
[    2.032459] EISA: Detected 0 cards.
[    2.032503] cpuidle: using governor ladder
[    2.032505] cpuidle: using governor menu
[    2.032558] random 0000 0000 0000 00000000 00000000: rand_read_num 4 get_random_bytes(136): sig 0000021d 00000000 00000000
[    2.032582] random 0000 0000 0000 00000000 00000000: extract_entropy(.. 136 ..)
[    2.032584] random 0000 0000 0000 00000000 00000000: going to reseed nonblocking with 1024 bits (1088 of 0 requested)
[    2.032587] random 0000 0000 0000 00000000 00000000: extract_entropy(.. 128 ..)
[    2.032589] random 0000 0000 0000 00000000 00000000: trying to extract 1024 bits from input
[    2.032591] random 0000 0000 0000 00000000 00000000: debiting 0 entropy credits from input
[    2.032593] random 0000 0000 0000 00000000 00000000: extract_entropy account returned: 0 
[    2.032596] random 0000 0000 0000 00000000 00000000: urand_change_num 7 xfer_secondary_pool(136): pool_sig 0000021d, data_sig 00000000, bytes_mixed 0 00000000 00000000
[    2.032598] random 0000 0000 0000 00000000 00000000: trying to extract 1088 bits from nonblocking
[    2.032600] random 0000 0000 0000 00000000 00000000: debiting 1088 entropy credits from nonblocking (unlimited)
[    2.032602] random 0000 0000 0000 00000000 00000000: extract_entropy account returned: 136 
[    2.032606] random 0000 0000 0000 00000000 00000000: urand_change_num 8 extract_buf: pool_sig 0000021d, data_sig fffffff7, bytes_mixed 20 00000000 00000000
[    2.032610] random 0000 0000 0000 f961ee50 ba9cb1aa: urand_change_num 9 extract_buf: pool_sig 00000230, data_sig fffffeb4, bytes_mixed 20 f961ee50 ba9cb1aa
[    2.032614] random 0000 0000 0000 9748bdd6 56fb8af6: urand_change_num 10 extract_buf: pool_sig 00000373, data_sig 000000cf, bytes_mixed 20 9748bdd6 56fb8af6
[    2.032619] random 0000 0000 0000 9748bdd6 56fb8af6: urand_change_num 11 extract_buf: pool_sig fffffe49, data_sig 0000023f, bytes_mixed 20 9748bdd6 56fb8af6
[    2.032623] random 0000 0000 0000 a135be86 4777650e: urand_change_num 12 extract_buf: pool_sig fffffcce, data_sig 000000c6, bytes_mixed 20 a135be86 4777650e
[    2.032627] random 0000 0000 0000 4a6ea85d 170e00dd: urand_change_num 13 extract_buf: pool_sig ffffff97, data_sig ffffff7d, bytes_mixed 20 4a6ea85d 170e00dd
[    2.032631] random 0000 0000 0000 4a6ea85d 170e00dd: urand_change_num 14 extract_buf: pool_sig 00000160, data_sig fffffeea, bytes_mixed 20 4a6ea85d 170e00dd
[    2.032635] random 0000 0000 0000 6e87c3cb da668c73: urand_change_num 15 extract_buf: pool_sig 0000034f, data_sig ffffff54, bytes_mixed 20 6e87c3cb da668c73
[    2.032639] random 0000 0000 0000 6e87c3cb da668c73: urand_change_num 16 extract_buf: pool_sig fffffdc5, data_sig 00000205, bytes_mixed 20 6e87c3cb da668c73
[    2.032644] random 0000 0000 0000 39f531e6 461eb249: urand_change_num 17 extract_buf: pool_sig fffffc1d, data_sig ffffff5e, bytes_mixed 20 39f531e6 461eb249
[    2.032648] random 0000 0000 0000 7e1538a2 3e661182: urand_change_num 18 extract_buf: pool_sig 000006ef, data_sig ffffff2e, bytes_mixed 20 7e1538a2 3e661182
[    2.032652] random 0000 0000 0000 7e1538a2 3e661182: urand_change_num 19 extract_buf: pool_sig 00000317, data_sig fffffccb, bytes_mixed 20 7e1538a2 3e661182
[    2.032656] random 0000 0000 0000 76af506b 9b57305e: urand_change_num 20 extract_buf: pool_sig 00000227, data_sig ffffffd2, bytes_mixed 20 76af506b 9b57305e
[    2.032660] random 0000 0000 0000 37d49d89 e20417cc: urand_change_num 21 extract_buf: pool_sig 0000080b, data_sig 000001e9, bytes_mixed 20 37d49d89 e20417cc
[    2.032664] TCP cubic registered
[    2.032717] NET: Registered protocol family 10
[    2.032750] RANDOM - __random32 called. Change num 12.  Value: 8f3eba68	c1db9b96	544fe79f
[    2.032752] RANDOM - random32 called.  Value: 8f3eba68	c1db9b96	544fe79f
[    2.032761] random 0000 0000 0000 37d49d89 e20417cc: rand_read_num 5 get_random_bytes(4): sig 00000298 37d49d89 e20417cc
[    2.032763] random 0000 0000 0000 37d49d89 e20417cc: extract_entropy(.. 4 ..)
[    2.032765] random 0000 0000 0000 37d49d89 e20417cc: going to reseed nonblocking with 64 bits (32 of 0 requested)
[    2.032767] random 0000 0000 0000 37d49d89 e20417cc: extract_entropy(.. 8 ..)
[    2.032769] random 0000 0000 0000 37d49d89 e20417cc: trying to extract 64 bits from input
[    2.032771] random 0000 0000 0000 37d49d89 e20417cc: debiting 0 entropy credits from input
[    2.032773] random 0000 0000 0000 37d49d89 e20417cc: extract_entropy account returned: 0 
[    2.032776] random 0000 0000 0000 37d49d89 e20417cc: urand_change_num 22 xfer_secondary_pool(4): pool_sig 00000298, data_sig 00000000, bytes_mixed 0 37d49d89 e20417cc
[    2.032778] random 0000 0000 0000 37d49d89 e20417cc: trying to extract 32 bits from nonblocking
[    2.032781] random 0000 0000 0000 37d49d89 e20417cc: debiting 32 entropy credits from nonblocking (unlimited)
[    2.032783] random 0000 0000 0000 37d49d89 e20417cc: extract_entropy account returned: 4 
[    2.032786] random 0000 0000 0000 37d49d89 e20417cc: urand_change_num 23 extract_buf: pool_sig 00000298, data_sig 00000092, bytes_mixed 20 37d49d89 e20417cc
[    2.032839] RANDOM - __random32 called. Change num 13.  Value: eba68b0e	1db9b963	cf3ec61b
[    2.032841] RANDOM - random32 called.  Value: eba68b0e	1db9b963	cf3ec61b
[    2.032894] NET: Registered protocol family 17
[    2.032913] Using IPI No-Shortcut mode
[    2.032918] random 0000 0000 0000 2ee4c4fc 167bdb15: rand_read_num 6 get_random_bytes(8): sig fffffcbf 2ee4c4fc 167bdb15
[    2.032921] random 0000 0000 0000 2ee4c4fc 167bdb15: extract_entropy(.. 8 ..)
[    2.032923] random 0000 0000 0000 2ee4c4fc 167bdb15: going to reseed nonblocking with 64 bits (64 of 0 requested)
[    2.032925] random 0000 0000 0000 2ee4c4fc 167bdb15: extract_entropy(.. 8 ..)
[    2.032927] random 0000 0000 0000 2ee4c4fc 167bdb15: trying to extract 64 bits from input
[    2.032929] random 0000 0000 0000 2ee4c4fc 167bdb15: debiting 0 entropy credits from input
[    2.032931] random 0000 0000 0000 2ee4c4fc 167bdb15: extract_entropy account returned: 0 
[    2.032934] random 0000 0000 0000 2ee4c4fc 167bdb15: urand_change_num 24 xfer_secondary_pool(8): pool_sig fffffcbf, data_sig 00000000, bytes_mixed 0 2ee4c4fc 167bdb15
[    2.032936] random 0000 0000 0000 2ee4c4fc 167bdb15: trying to extract 64 bits from nonblocking
[    2.032938] random 0000 0000 0000 2ee4c4fc 167bdb15: debiting 64 entropy credits from nonblocking (unlimited)
[    2.032940] random 0000 0000 0000 2ee4c4fc 167bdb15: extract_entropy account returned: 8 
[    2.032944] random 0000 0000 0000 2ee4c4fc 167bdb15: urand_change_num 25 extract_buf: pool_sig fffffcbf, data_sig ffffff83, bytes_mixed 20 2ee4c4fc 167bdb15
[    2.032982] PM: Resume from disk failed.
[    2.032989] registered taskstats version 1
[    2.032992] random 0000 0000 0000 2ee4c4fc 167bdb15: rand_read_num 7 get_random_bytes(12): sig fffffc69 2ee4c4fc 167bdb15
[    2.032995] random 0000 0000 0000 2ee4c4fc 167bdb15: extract_entropy(.. 12 ..)
[    2.032997] random 0000 0000 0000 2ee4c4fc 167bdb15: going to reseed nonblocking with 96 bits (96 of 0 requested)
[    2.032999] random 0000 0000 0000 2ee4c4fc 167bdb15: extract_entropy(.. 12 ..)
[    2.033001] random 0000 0000 0000 2ee4c4fc 167bdb15: trying to extract 96 bits from input
[    2.033003] random 0000 0000 0000 2ee4c4fc 167bdb15: debiting 0 entropy credits from input
[    2.033005] random 0000 0000 0000 2ee4c4fc 167bdb15: extract_entropy account returned: 0 
[    2.033007] random 0000 0000 0000 2ee4c4fc 167bdb15: urand_change_num 26 xfer_secondary_pool(12): pool_sig fffffc69, data_sig 00000000, bytes_mixed 0 2ee4c4fc 167bdb15
[    2.033010] random 0000 0000 0000 2ee4c4fc 167bdb15: trying to extract 96 bits from nonblocking
[    2.033012] random 0000 0000 0000 2ee4c4fc 167bdb15: debiting 96 entropy credits from nonblocking (unlimited)
[    2.033014] random 0000 0000 0000 2ee4c4fc 167bdb15: extract_entropy account returned: 12 
[    2.033017] random 0000 0000 0000 2ee4c4fc 167bdb15: urand_change_num 27 extract_buf: pool_sig fffffc69, data_sig ffffff7d, bytes_mixed 20 2ee4c4fc 167bdb15
[    2.033022] random 0000 0000 0000 83b7c1ab 94697f48: urand_change_num 28 extract_buf: pool_sig fffffe30, data_sig fffffdd6, bytes_mixed 20 83b7c1ab 94697f48
[    2.033024] RANDOM - __seed init called.
[    2.033025] RANDOM - __seed init called.
[    2.033027] RANDOM - __seed init called.
[    2.033028] RANDOM - __random32 called. Change num 14.  Value: fc007995	feca4f80	21b38ad2
[    2.033030] RANDOM - random32_reseed called.  Value: fc007995	feca4f80	21b38ad2
[    2.033032] Pid: 1, comm: swapper Not tainted 2.6.32.57 #4
[    2.033034] Call Trace:
[    2.033040]  [<c14a8a0e>] ? printk+0x1d/0x1f
[    2.033044]  [<c17537e5>] random32_reseed+0x89/0xbd
[    2.033048]  [<c1003042>] do_one_initcall+0x32/0x1a0
[    2.033050]  [<c175375c>] ? random32_reseed+0x0/0xbd
[    2.033053]  [<c17308e7>] kernel_init+0x12d/0x17a
[    2.033055]  [<c17307ba>] ? kernel_init+0x0/0x17a
[    2.033058]  [<c1009b07>] kernel_thread_helper+0x7/0x10
[    2.035818] input: AT Translated Set 2 keyboard as /devices/platform/i8042/serio0/input/input1
[    2.036099] random 0000 0000 0000 6db70b00 b30ce96b: rand_read_num 8 get_random_bytes(64): sig fffffb38 6db70b00 b30ce96b
[    2.036102] random 0000 0000 0000 6db70b00 b30ce96b: extract_entropy(.. 64 ..)
[    2.036105] random 0000 0000 0000 6db70b00 b30ce96b: going to reseed nonblocking with 512 bits (512 of 0 requested)
[    2.036107] random 0000 0000 0000 6db70b00 b30ce96b: extract_entropy(.. 64 ..)
[    2.036109] random 0000 0000 0000 6db70b00 b30ce96b: trying to extract 512 bits from input
[    2.036111] random 0000 0000 0000 6db70b00 b30ce96b: debiting 0 entropy credits from input
[    2.036113] random 0000 0000 0000 6db70b00 b30ce96b: extract_entropy account returned: 0 
[    2.036116] random 0000 0000 0000 6db70b00 b30ce96b: urand_change_num 29 xfer_secondary_pool(64): pool_sig fffffb38, data_sig 00000000, bytes_mixed 0 6db70b00 b30ce96b
[    2.036118] random 0000 0000 0000 6db70b00 b30ce96b: trying to extract 512 bits from nonblocking
[    2.036121] random 0000 0000 0000 6db70b00 b30ce96b: debiting 512 entropy credits from nonblocking (unlimited)
[    2.036123] random 0000 0000 0000 6db70b00 b30ce96b: extract_entropy account returned: 64 
[    2.036126] random 0000 0000 0000 6db70b00 b30ce96b: urand_change_num 30 extract_buf: pool_sig fffffb38, data_sig 00000151, bytes_mixed 20 6db70b00 b30ce96b
[    2.036130] random 0000 0000 0000 6db70b00 b30ce96b: urand_change_num 31 extract_buf: pool_sig fffffdb8, data_sig 00000379, bytes_mixed 20 6db70b00 b30ce96b
[    2.036134] random 0000 0000 0000 6b83001e d4b6c0d3: urand_change_num 32 extract_buf: pool_sig ffffffc9, data_sig 00000198, bytes_mixed 20 6b83001e d4b6c0d3
[    2.036139] random 0000 0000 0000 79d3e3c7 be564518: urand_change_num 33 extract_buf: pool_sig 000002b9, data_sig ffffff84, bytes_mixed 20 79d3e3c7 be564518
[    2.036143] random 0000 0000 0000 79d3e3c7 be564518: urand_change_num 34 extract_buf: pool_sig ffffff55, data_sig ffffff5a, bytes_mixed 20 79d3e3c7 be564518
[    2.036147] random 0000 0000 0000 89c03cb2 0d353228: urand_change_num 35 extract_buf: pool_sig 00000007, data_sig ffffff17, bytes_mixed 20 89c03cb2 0d353228
[    2.036151] random 0000 0000 0000 89c03cb2 0d353228: urand_change_num 36 extract_buf: pool_sig fffffdae, data_sig 000000db, bytes_mixed 20 89c03cb2 0d353228  Magic number: 13:590:155
[    2.036159] bdi 1:7: hash matches
[    2.036179] acpi device:22: hash matches
[    2.036248] rtc_cmos 00:04: setting system clock to 2013-05-25 01:11:51 UTC (1369444311)
[    2.036250] BIOS EDD facility v0.16 2004-Jun-25, 0 devices found
[    2.036252] EDD information not available.
[    2.036275] random 0000 0000 0000 8ca62387 b120332c: rand_read_num 9 get_random_bytes(64): sig fffffed6 8ca62387 b120332c
[    2.036277] random 0000 0000 0000 8ca62387 b120332c: extract_entropy(.. 64 ..)
[    2.036279] random 0000 0000 0000 8ca62387 b120332c: going to reseed nonblocking with 512 bits (512 of 0 requested)
[    2.036281] random 0000 0000 0000 8ca62387 b120332c: extract_entropy(.. 64 ..)
[    2.036283] random 0000 0000 0000 8ca62387 b120332c: trying to extract 512 bits from input
[    2.036285] random 0000 0000 0000 8ca62387 b120332c: debiting 0 entropy credits from input
[    2.036287] random 0000 0000 0000 8ca62387 b120332c: extract_entropy account returned: 0 
[    2.036290] random 0000 0000 0000 8ca62387 b120332c: urand_change_num 37 xfer_secondary_pool(64): pool_sig fffffed6, data_sig 00000000, bytes_mixed 0 8ca62387 b120332c
[    2.036292] random 0000 0000 0000 8ca62387 b120332c: trying to extract 512 bits from nonblocking
[    2.036295] random 0000 0000 0000 8ca62387 b120332c: debiting 512 entropy credits from nonblocking (unlimited)
[    2.036297] random 0000 0000 0000 8ca62387 b120332c: extract_entropy account returned: 64 
[    2.036300] random 0000 0000 0000 8ca62387 b120332c: urand_change_num 38 extract_buf: pool_sig fffffed6, data_sig fffffeb6, bytes_mixed 20 8ca62387 b120332c
[    2.036304] random 0000 0000 0000 90702413 e2a66c2e: urand_change_num 39 extract_buf: pool_sig fffffbb0, data_sig 0000012e, bytes_mixed 20 90702413 e2a66c2e
[    2.036308] random 0000 0000 0000 90702413 e2a66c2e: urand_change_num 40 extract_buf: pool_sig fffffaf1, data_sig ffffff3c, bytes_mixed 20 90702413 e2a66c2e
[    2.036312] random 0000 0000 0000 3f58038b c77aecb6: urand_change_num 41 extract_buf: pool_sig 00000234, data_sig fffffdec, bytes_mixed 20 3f58038b c77aecb6
[    2.036316] random 0000 0000 0000 47187b9d 03f21510: urand_change_num 42 extract_buf: pool_sig 00000192, data_sig 00000075, bytes_mixed 20 47187b9d 03f21510
[    2.036321] random 0000 0000 0000 47187b9d 03f21510: urand_change_num 43 extract_buf: pool_sig 0000018e, data_sig ffffffbf, bytes_mixed 20 47187b9d 03f21510
[    2.036325] random 0000 0000 0000 3180b1fc 0fa9c973: urand_change_num 44 extract_buf: pool_sig fffffecf, data_sig ffffff2a, bytes_mixed 20 3180b1fc 0fa9c973
[    2.036327] BEGIN NET_SECRET:
[    2.036328] \xffffff87
[    2.036330] \xffffff8d
[    2.036331] \xfffffff4
[    2.036332] \xffffffae
[    2.036333] \xffffffc3
[    2.036334] \xffffffb7
[    2.036335] \x31
[    2.036336] \x65
[    2.036337] \xffffffda
[    2.036338] \xffffffa2
[    2.036339] \x31
[    2.036340] \xffffffc8
[    2.036342] \xffffffa9
[    2.036343] \x76
[    2.036344] \x76
[    2.036345] \xffffff90
[    2.036346] \x55
[    2.036347] \xfffffff3
[    2.036348] \xffffffb1
[    2.036349] \x3
[    2.036350] \xffffffb3
[    2.036351] \xffffffa7
[    2.036352] \x5a
[    2.036353] \x71
[    2.036354] \x70
[    2.036355] \xffffff8c
[    2.036356] \x56
[    2.036357] \x25
[    2.036359] \xffffffe1
[    2.036360] \x4c
[    2.036361] \xffffffe6
[    2.036362] \xffffff95
[    2.036363] \x67
[    2.036364] \x4c
[    2.036365] \xffffffb9
[    2.036366] \x1d
[    2.036367] \xe
[    2.036368] \x34
[    2.036369] \xffffffbe
[    2.036370] \x12
[    2.036371] \x5
[    2.036372] \xffffff98
[    2.036373] \xffffffa0
[    2.036375] \xf
[    2.036376] \xffffffb2
[    2.036377] \xffffffde
[    2.036378] \xffffff99
[    2.036379] \xf
[    2.036380] \xffffffe8
[    2.036381] \xffffffc8
[    2.036382] \x1f
[    2.036383] \x54
[    2.036384] \x2c
[    2.036385] \xffffffee
[    2.036386] \x2e
[    2.036387] \x0
[    2.036388] \xffffff95
[    2.036389] \x0
[    2.036390] \xffffffe3
[    2.036392] \xffffffa7
[    2.036393] \xfffffffd
[    2.036394] \x66
[    2.036395] \xffffff92
[    2.036396] \xfffffff0
[    2.036397] 
[    2.036398] END NET_SECRET
[    2.036400] random 0000 0000 0000 3180b1fc 0fa9c973: rand_read_num 10 get_random_bytes(4): sig ffffff46 3180b1fc 0fa9c973
[    2.036402] random 0000 0000 0000 3180b1fc 0fa9c973: extract_entropy(.. 4 ..)
[    2.036405] random 0000 0000 0000 3180b1fc 0fa9c973: going to reseed nonblocking with 64 bits (32 of 0 requested)
[    2.036407] random 0000 0000 0000 3180b1fc 0fa9c973: extract_entropy(.. 8 ..)
[    2.036409] random 0000 0000 0000 3180b1fc 0fa9c973: trying to extract 64 bits from input
[    2.036411] random 0000 0000 0000 3180b1fc 0fa9c973: debiting 0 entropy credits from input
[    2.036413] random 0000 0000 0000 3180b1fc 0fa9c973: extract_entropy account returned: 0 
[    2.036415] random 0000 0000 0000 3180b1fc 0fa9c973: urand_change_num 45 xfer_secondary_pool(4): pool_sig ffffff46, data_sig 00000000, bytes_mixed 0 3180b1fc 0fa9c973
[    2.036418] random 0000 0000 0000 3180b1fc 0fa9c973: trying to extract 32 bits from nonblocking
[    2.036420] random 0000 0000 0000 3180b1fc 0fa9c973: debiting 32 entropy credits from nonblocking (unlimited)
[    2.036422] random 0000 0000 0000 3180b1fc 0fa9c973: extract_entropy account returned: 4 
[    2.036425] random 0000 0000 0000 3180b1fc 0fa9c973: urand_change_num 46 extract_buf: pool_sig ffffff46, data_sig 0000001b, bytes_mixed 20 3180b1fc 0fa9c973
[    2.210666] ata2.00: ATAPI: VMware Virtual IDE CDROM Drive, 00000001, max UDMA/33
[    2.210944] ata2.00: configured for UDMA/33
[    2.211348] scsi 1:0:0:0: CD-ROM            NECVMWar VMware IDE CDR10 1.00 PQ: 0 ANSI: 5
[    2.212560] sr0: scsi3-mmc drive: 306x/306x cd/rw xa/form2 cdda tray
[    2.212563] Uniform CD-ROM driver Revision: 3.20
[    2.212616] sr 1:0:0:0: Attached scsi CD-ROM sr0
[    2.212651] sr 1:0:0:0: Attached scsi generic sg0 type 5
[    2.212685] Freeing unused kernel memory: 652k freed
[    2.212738] Write protecting the kernel text: 4840k
[    2.212768] Write protecting the kernel read-only data: 1968k
