[    0.000000] random 0000 0000 0000 00000000 00000000: rand_read_num 1 get_random_bytes(8): sig 00000000 00000000 00000000
[    0.000000] random 0000 0000 0000 00000000 00000000: extract_entropy(.. 8 ..)
[    0.000000] random 0000 0000 0000 00000000 00000000: going to reseed nonblocking with 64 bits (64 of 0 requested)
[    0.000000] random 0000 0000 0000 00000000 00000000: extract_entropy(.. 8 ..)
[    0.000000] random 0000 0000 0000 00000000 00000000: trying to extract 64 bits from input
[    0.000000] random 0000 0000 0000 00000000 00000000: debiting 0 entropy credits from input
[    0.000000] random 0000 0000 0000 00000000 00000000: extract_entropy account returned: 0 
[    0.000000] random 0000 0000 0000 00000000 00000000: urand_change_num 1 xfer_secondary_pool(8): pool_sig 00000000, data_sig 00000000, bytes_mixed 0 00000000 00000000
[    0.000000] random 0000 0000 0000 00000000 00000000: trying to extract 64 bits from nonblocking
[    0.000000] random 0000 0000 0000 00000000 00000000: debiting 64 entropy credits from nonblocking (unlimited)
[    0.000000] random 0000 0000 0000 00000000 00000000: extract_entropy account returned: 8 
[    0.000000] random 0000 0000 0000 00000000 00000000: urand_change_num 2 extract_buf: pool_sig 00000000, data_sig fffffff9, bytes_mixed 20 00000000 00000000
[    0.000000] Initializing cgroup subsys cpuset
[    0.000000] Initializing cgroup subsys cpu
[    0.000000] Linux version 2.6.32.57 (dcashman@ubuntu) (gcc version 4.6.3 (Ubuntu/Linaro 4.6.3-1ubuntu5) ) #4 SMP Fri May 24 11:09:26 PDT 2013
[    0.000000] KERNEL supported cpus:
[    0.000000]   Intel GenuineIntel
[    0.000000]   AMD AuthenticAMD
[    0.000000]   NSC Geode by NSC
[    0.000000]   Cyrix CyrixInstead
[    0.000000]   Centaur CentaurHauls
[    0.000000]   Transmeta GenuineTMx86
[    0.000000]   Transmeta TransmetaCPU
[    0.000000]   UMC UMC UMC UMC
[    0.000000] BIOS-provided physical RAM map:
[    0.000000]  BIOS-e820: 0000000000000000 - 000000000009f000 (usable)
[    0.000000]  BIOS-e820: 000000000009f000 - 00000000000a0000 (reserved)
[    0.000000]  BIOS-e820: 00000000000ca000 - 00000000000cc000 (reserved)
[    0.000000]  BIOS-e820: 00000000000dc000 - 0000000000100000 (reserved)
[    0.000000]  BIOS-e820: 0000000000100000 - 000000003fee0000 (usable)
[    0.000000]  BIOS-e820: 000000003fee0000 - 000000003feff000 (ACPI data)
[    0.000000]  BIOS-e820: 000000003feff000 - 000000003ff00000 (ACPI NVS)
[    0.000000]  BIOS-e820: 000000003ff00000 - 0000000040000000 (usable)
[    0.000000]  BIOS-e820: 00000000e0000000 - 00000000f0000000 (reserved)
[    0.000000]  BIOS-e820: 00000000fec00000 - 00000000fec10000 (reserved)
[    0.000000]  BIOS-e820: 00000000fee00000 - 00000000fee01000 (reserved)
[    0.000000]  BIOS-e820: 00000000fffe0000 - 0000000100000000 (reserved)
[    0.000000] DMI present.
[    0.000000] Phoenix BIOS detected: BIOS may corrupt low RAM, working around it.
[    0.000000] e820 update range: 0000000000000000 - 0000000000010000 (usable) ==> (reserved)
[    0.000000] last_pfn = 0x40000 max_arch_pfn = 0x1000000
[    0.000000] MTRR default type: uncachable
[    0.000000] MTRR fixed ranges enabled:
[    0.000000]   00000-9FFFF write-back
[    0.000000]   A0000-BFFFF uncachable
[    0.000000]   C0000-CBFFF write-protect
[    0.000000]   CC000-EFFFF uncachable
[    0.000000]   F0000-FFFFF write-protect
[    0.000000] MTRR variable ranges enabled:
[    0.000000]   0 base 0000000000 mask FFC0000000 write-back
[    0.000000]   1 disabled
[    0.000000]   2 disabled
[    0.000000]   3 disabled
[    0.000000]   4 disabled
[    0.000000]   5 disabled
[    0.000000]   6 disabled
[    0.000000]   7 disabled
[    0.000000] x86 PAT enabled: cpu 0, old 0x0, new 0x7010600070106
[    0.000000] Scanning 0 areas for low memory corruption
[    0.000000] modified physical RAM map:
[    0.000000]  modified: 0000000000000000 - 0000000000010000 (reserved)
[    0.000000]  modified: 0000000000010000 - 000000000009f000 (usable)
[    0.000000]  modified: 000000000009f000 - 00000000000a0000 (reserved)
[    0.000000]  modified: 00000000000ca000 - 00000000000cc000 (reserved)
[    0.000000]  modified: 00000000000dc000 - 0000000000100000 (reserved)
[    0.000000]  modified: 0000000000100000 - 000000003fee0000 (usable)
[    0.000000]  modified: 000000003fee0000 - 000000003feff000 (ACPI data)
[    0.000000]  modified: 000000003feff000 - 000000003ff00000 (ACPI NVS)
[    0.000000]  modified: 000000003ff00000 - 0000000040000000 (usable)
[    0.000000]  modified: 00000000e0000000 - 00000000f0000000 (reserved)
[    0.000000]  modified: 00000000fec00000 - 00000000fec10000 (reserved)
[    0.000000]  modified: 00000000fee00000 - 00000000fee01000 (reserved)
[    0.000000]  modified: 00000000fffe0000 - 0000000100000000 (reserved)
[    0.000000] initial memory mapped : 0 - 01e00000
[    0.000000] init_memory_mapping: 0000000000000000-00000000379fe000
[    0.000000] NX (Execute Disable) protection: active
[    0.000000]  0000000000 - 0000200000 page 4k
[    0.000000]  0000200000 - 0037800000 page 2M
[    0.000000]  0037800000 - 00379fe000 page 4k
[    0.000000] kernel direct mapping tables up to 379fe000 @ 10000-16000
[    0.000000] RAMDISK: 2dcfc000 - 32e758c3
[    0.000000] ACPI: RSDP 000f6b80 00024 (v02 PTLTD )
[    0.000000] ACPI: XSDT 3feed636 0005C (v01 INTEL  440BX    06040000 VMW  01324272)
[    0.000000] ACPI: FACP 3fefee98 000F4 (v04 INTEL  440BX    06040000 PTL  000F4240)
[    0.000000] ACPI: DSDT 3feee366 10B32 (v01 PTLTD  Custom   06040000 MSFT 03000001)
[    0.000000] ACPI: FACS 3fefffc0 00040
[    0.000000] ACPI: BOOT 3feee33e 00028 (v01 PTLTD  $SBFTBL$ 06040000  LTP 00000001)
[    0.000000] ACPI: APIC 3feedc3e 003C2 (v01 PTLTD  ? APIC   06040000  LTP 00000000)
[    0.000000] ACPI: MCFG 3feedc02 0003C (v01 PTLTD  $PCITBL$ 06040000  LTP 00000001)
[    0.000000] ACPI: SRAT 3feed732 004D0 (v02 VMWARE MEMPLUG  06040000 VMW  00000001)
[    0.000000] ACPI: HPET 3feed6fa 00038 (v01 VMWARE VMW HPET 06040000 VMW  00000001)
[    0.000000] ACPI: WAET 3feed6d2 00028 (v01 VMWARE VMW WAET 06040000 VMW  00000001)
[    0.000000] ACPI: Local APIC address 0xfee00000
[    0.000000] 134MB HIGHMEM available.
[    0.000000] 889MB LOWMEM available.
[    0.000000]   mapped low ram: 0 - 379fe000
[    0.000000]   low ram: 0 - 379fe000
[    0.000000]   node 0 low ram: 00000000 - 379fe000
[    0.000000]   node 0 bootmap 00012000 - 00018f40
[    0.000000] (9 early reservations) ==> bootmem [0000000000 - 00379fe000]
[    0.000000]   #0 [0000000000 - 0000001000]   BIOS data page ==> [0000000000 - 0000001000]
[    0.000000]   #1 [0000001000 - 0000002000]    EX TRAMPOLINE ==> [0000001000 - 0000002000]
[    0.000000]   #2 [0000006000 - 0000007000]       TRAMPOLINE ==> [0000006000 - 0000007000]
[    0.000000]   #3 [0001000000 - 0001a75ff8]    TEXT DATA BSS ==> [0001000000 - 0001a75ff8]
[    0.000000]   #4 [002dcfc000 - 0032e758c3]          RAMDISK ==> [002dcfc000 - 0032e758c3]
[    0.000000]   #5 [000009f000 - 0000100000]    BIOS reserved ==> [000009f000 - 0000100000]
[    0.000000]   #6 [0001a76000 - 0001a851c0]              BRK ==> [0001a76000 - 0001a851c0]
[    0.000000]   #7 [0000010000 - 0000012000]          PGTABLE ==> [0000010000 - 0000012000]
[    0.000000]   #8 [0000012000 - 0000019000]          BOOTMAP ==> [0000012000 - 0000019000]
[    0.000000] found SMP MP-table at [c00f6bf0] f6bf0
[    0.000000] Zone PFN ranges:
[    0.000000]   DMA      0x00000010 -> 0x00001000
[    0.000000]   Normal   0x00001000 -> 0x000379fe
[    0.000000]   HighMem  0x000379fe -> 0x00040000
[    0.000000] Movable zone start PFN for each node
[    0.000000] early_node_map[3] active PFN ranges
[    0.000000]     0: 0x00000010 -> 0x0000009f
[    0.000000]     0: 0x00000100 -> 0x0003fee0
[    0.000000]     0: 0x0003ff00 -> 0x00040000
[    0.000000] On node 0 totalpages: 261999
[    0.000000] free_area_init_node: node 0, pgdat c1715200, node_mem_map c1a87200
[    0.000000]   DMA zone: 32 pages used for memmap
[    0.000000]   DMA zone: 0 pages reserved
[    0.000000]   DMA zone: 3951 pages, LIFO batch:0
[    0.000000]   Normal zone: 1748 pages used for memmap
[    0.000000]   Normal zone: 221994 pages, LIFO batch:31
[    0.000000]   HighMem zone: 269 pages used for memmap
[    0.000000]   HighMem zone: 34005 pages, LIFO batch:7
[    0.000000] Using APIC driver default
[    0.000000] ACPI: PM-Timer IO Port: 0x1008
[    0.000000] ACPI: Local APIC address 0xfee00000
[    0.000000] ACPI: LAPIC (acpi_id[0x00] lapic_id[0x00] enabled)
[    0.000000] ACPI: LAPIC (acpi_id[0x01] lapic_id[0x02] disabled)
[    0.000000] ACPI: LAPIC (acpi_id[0x02] lapic_id[0x04] disabled)
[    0.000000] ACPI: LAPIC (acpi_id[0x03] lapic_id[0x06] disabled)
[    0.000000] ACPI: LAPIC (acpi_id[0x04] lapic_id[0x08] disabled)
[    0.000000] ACPI: LAPIC (acpi_id[0x05] lapic_id[0x0a] disabled)
[    0.000000] ACPI: LAPIC (acpi_id[0x06] lapic_id[0x0c] disabled)
[    0.000000] ACPI: LAPIC (acpi_id[0x07] lapic_id[0x0e] disabled)
[    0.000000] ACPI: LAPIC (acpi_id[0x08] lapic_id[0x10] disabled)
[    0.000000] ACPI: LAPIC (acpi_id[0x09] lapic_id[0x12] disabled)
[    0.000000] ACPI: LAPIC (acpi_id[0x0a] lapic_id[0x14] disabled)
[    0.000000] ACPI: LAPIC (acpi_id[0x0b] lapic_id[0x16] disabled)
[    0.000000] ACPI: LAPIC (acpi_id[0x0c] lapic_id[0x18] disabled)
[    0.000000] ACPI: LAPIC (acpi_id[0x0d] lapic_id[0x1a] disabled)
[    0.000000] ACPI: LAPIC (acpi_id[0x0e] lapic_id[0x1c] disabled)
[    0.000000] ACPI: LAPIC (acpi_id[0x0f] lapic_id[0x1e] disabled)
[    0.000000] ACPI: LAPIC (acpi_id[0x10] lapic_id[0x20] disabled)
[    0.000000] ACPI: LAPIC (acpi_id[0x11] lapic_id[0x22] disabled)
[    0.000000] ACPI: LAPIC (acpi_id[0x12] lapic_id[0x24] disabled)
[    0.000000] ACPI: LAPIC (acpi_id[0x13] lapic_id[0x26] disabled)
[    0.000000] ACPI: LAPIC (acpi_id[0x14] lapic_id[0x28] disabled)
[    0.000000] ACPI: LAPIC (acpi_id[0x15] lapic_id[0x2a] disabled)
[    0.000000] ACPI: LAPIC (acpi_id[0x16] lapic_id[0x2c] disabled)
[    0.000000] ACPI: LAPIC (acpi_id[0x17] lapic_id[0x2e] disabled)
[    0.000000] ACPI: LAPIC (acpi_id[0x18] lapic_id[0x30] disabled)
[    0.000000] ACPI: LAPIC (acpi_id[0x19] lapic_id[0x32] disabled)
[    0.000000] ACPI: LAPIC (acpi_id[0x1a] lapic_id[0x34] disabled)
[    0.000000] ACPI: LAPIC (acpi_id[0x1b] lapic_id[0x36] disabled)
[    0.000000] ACPI: LAPIC (acpi_id[0x1c] lapic_id[0x38] disabled)
[    0.000000] ACPI: LAPIC (acpi_id[0x1d] lapic_id[0x3a] disabled)
[    0.000000] ACPI: LAPIC (acpi_id[0x1e] lapic_id[0x3c] disabled)
[    0.000000] ACPI: LAPIC (acpi_id[0x1f] lapic_id[0x3e] disabled)
[    0.000000] ACPI: LAPIC (acpi_id[0x20] lapic_id[0x40] disabled)
[    0.000000] ACPI: LAPIC (acpi_id[0x21] lapic_id[0x42] disabled)
[    0.000000] ACPI: LAPIC (acpi_id[0x22] lapic_id[0x44] disabled)
[    0.000000] ACPI: LAPIC (acpi_id[0x23] lapic_id[0x46] disabled)
[    0.000000] ACPI: LAPIC (acpi_id[0x24] lapic_id[0x48] disabled)
[    0.000000] ACPI: LAPIC (acpi_id[0x25] lapic_id[0x4a] disabled)
[    0.000000] ACPI: LAPIC (acpi_id[0x26] lapic_id[0x4c] disabled)
[    0.000000] ACPI: LAPIC (acpi_id[0x27] lapic_id[0x4e] disabled)
[    0.000000] ACPI: LAPIC (acpi_id[0x28] lapic_id[0x50] disabled)
[    0.000000] ACPI: LAPIC (acpi_id[0x29] lapic_id[0x52] disabled)
[    0.000000] ACPI: LAPIC (acpi_id[0x2a] lapic_id[0x54] disabled)
[    0.000000] ACPI: LAPIC (acpi_id[0x2b] lapic_id[0x56] disabled)
[    0.000000] ACPI: LAPIC (acpi_id[0x2c] lapic_id[0x58] disabled)
[    0.000000] ACPI: LAPIC (acpi_id[0x2d] lapic_id[0x5a] disabled)
[    0.000000] ACPI: LAPIC (acpi_id[0x2e] lapic_id[0x5c] disabled)
[    0.000000] ACPI: LAPIC (acpi_id[0x2f] lapic_id[0x5e] disabled)
[    0.000000] ACPI: LAPIC (acpi_id[0x30] lapic_id[0x60] disabled)
[    0.000000] ACPI: LAPIC (acpi_id[0x31] lapic_id[0x62] disabled)
[    0.000000] ACPI: LAPIC (acpi_id[0x32] lapic_id[0x64] disabled)
[    0.000000] ACPI: LAPIC (acpi_id[0x33] lapic_id[0x66] disabled)
[    0.000000] ACPI: LAPIC (acpi_id[0x34] lapic_id[0x68] disabled)
[    0.000000] ACPI: LAPIC (acpi_id[0x35] lapic_id[0x6a] disabled)
[    0.000000] ACPI: LAPIC (acpi_id[0x36] lapic_id[0x6c] disabled)
[    0.000000] ACPI: LAPIC (acpi_id[0x37] lapic_id[0x6e] disabled)
[    0.000000] ACPI: LAPIC (acpi_id[0x38] lapic_id[0x70] disabled)
[    0.000000] ACPI: LAPIC (acpi_id[0x39] lapic_id[0x72] disabled)
[    0.000000] ACPI: LAPIC (acpi_id[0x3a] lapic_id[0x74] disabled)
[    0.000000] ACPI: LAPIC (acpi_id[0x3b] lapic_id[0x76] disabled)
[    0.000000] ACPI: LAPIC (acpi_id[0x3c] lapic_id[0x78] disabled)
[    0.000000] ACPI: LAPIC (acpi_id[0x3d] lapic_id[0x7a] disabled)
[    0.000000] ACPI: LAPIC (acpi_id[0x3e] lapic_id[0x7c] disabled)
[    0.000000] ACPI: LAPIC (acpi_id[0x3f] lapic_id[0x7e] disabled)
[    0.000000] ACPI: LAPIC_NMI (acpi_id[0x00] high edge lint[0x1])
[    0.000000] ACPI: LAPIC_NMI (acpi_id[0x01] high edge lint[0x1])
[    0.000000] ACPI: LAPIC_NMI (acpi_id[0x02] high edge lint[0x1])
[    0.000000] ACPI: LAPIC_NMI (acpi_id[0x03] high edge lint[0x1])
[    0.000000] ACPI: LAPIC_NMI (acpi_id[0x04] high edge lint[0x1])
[    0.000000] ACPI: LAPIC_NMI (acpi_id[0x05] high edge lint[0x1])
[    0.000000] ACPI: LAPIC_NMI (acpi_id[0x06] high edge lint[0x1])
[    0.000000] ACPI: LAPIC_NMI (acpi_id[0x07] high edge lint[0x1])
[    0.000000] ACPI: LAPIC_NMI (acpi_id[0x08] high edge lint[0x1])
[    0.000000] ACPI: LAPIC_NMI (acpi_id[0x09] high edge lint[0x1])
[    0.000000] ACPI: LAPIC_NMI (acpi_id[0x0a] high edge lint[0x1])
[    0.000000] ACPI: LAPIC_NMI (acpi_id[0x0b] high edge lint[0x1])
[    0.000000] ACPI: LAPIC_NMI (acpi_id[0x0c] high edge lint[0x1])
[    0.000000] ACPI: LAPIC_NMI (acpi_id[0x0d] high edge lint[0x1])
[    0.000000] ACPI: LAPIC_NMI (acpi_id[0x0e] high edge lint[0x1])
[    0.000000] ACPI: LAPIC_NMI (acpi_id[0x0f] high edge lint[0x1])
[    0.000000] ACPI: LAPIC_NMI (acpi_id[0x10] high edge lint[0x1])
[    0.000000] ACPI: LAPIC_NMI (acpi_id[0x11] high edge lint[0x1])
[    0.000000] ACPI: LAPIC_NMI (acpi_id[0x12] high edge lint[0x1])
[    0.000000] ACPI: LAPIC_NMI (acpi_id[0x13] high edge lint[0x1])
[    0.000000] ACPI: LAPIC_NMI (acpi_id[0x14] high edge lint[0x1])
[    0.000000] ACPI: LAPIC_NMI (acpi_id[0x15] high edge lint[0x1])
[    0.000000] ACPI: LAPIC_NMI (acpi_id[0x16] high edge lint[0x1])
[    0.000000] ACPI: LAPIC_NMI (acpi_id[0x17] high edge lint[0x1])
[    0.000000] ACPI: LAPIC_NMI (acpi_id[0x18] high edge lint[0x1])
[    0.000000] ACPI: LAPIC_NMI (acpi_id[0x19] high edge lint[0x1])
[    0.000000] ACPI: LAPIC_NMI (acpi_id[0x1a] high edge lint[0x1])
[    0.000000] ACPI: LAPIC_NMI (acpi_id[0x1b] high edge lint[0x1])
[    0.000000] ACPI: LAPIC_NMI (acpi_id[0x1c] high edge lint[0x1])
[    0.000000] ACPI: LAPIC_NMI (acpi_id[0x1d] high edge lint[0x1])
[    0.000000] ACPI: LAPIC_NMI (acpi_id[0x1e] high edge lint[0x1])
[    0.000000] ACPI: LAPIC_NMI (acpi_id[0x1f] high edge lint[0x1])
[    0.000000] ACPI: LAPIC_NMI (acpi_id[0x20] high edge lint[0x1])
[    0.000000] ACPI: LAPIC_NMI (acpi_id[0x21] high edge lint[0x1])
[    0.000000] ACPI: LAPIC_NMI (acpi_id[0x22] high edge lint[0x1])
[    0.000000] ACPI: LAPIC_NMI (acpi_id[0x23] high edge lint[0x1])
[    0.000000] ACPI: LAPIC_NMI (acpi_id[0x24] high edge lint[0x1])
[    0.000000] ACPI: LAPIC_NMI (acpi_id[0x25] high edge lint[0x1])
[    0.000000] ACPI: LAPIC_NMI (acpi_id[0x26] high edge lint[0x1])
[    0.000000] ACPI: LAPIC_NMI (acpi_id[0x27] high edge lint[0x1])
[    0.000000] ACPI: LAPIC_NMI (acpi_id[0x28] high edge lint[0x1])
[    0.000000] ACPI: LAPIC_NMI (acpi_id[0x29] high edge lint[0x1])
[    0.000000] ACPI: LAPIC_NMI (acpi_id[0x2a] high edge lint[0x1])
[    0.000000] ACPI: LAPIC_NMI (acpi_id[0x2b] high edge lint[0x1])
[    0.000000] ACPI: LAPIC_NMI (acpi_id[0x2c] high edge lint[0x1])
[    0.000000] ACPI: LAPIC_NMI (acpi_id[0x2d] high edge lint[0x1])
[    0.000000] ACPI: LAPIC_NMI (acpi_id[0x2e] high edge lint[0x1])
[    0.000000] ACPI: LAPIC_NMI (acpi_id[0x2f] high edge lint[0x1])
[    0.000000] ACPI: LAPIC_NMI (acpi_id[0x30] high edge lint[0x1])
[    0.000000] ACPI: LAPIC_NMI (acpi_id[0x31] high edge lint[0x1])
[    0.000000] ACPI: LAPIC_NMI (acpi_id[0x32] high edge lint[0x1])
[    0.000000] ACPI: LAPIC_NMI (acpi_id[0x33] high edge lint[0x1])
[    0.000000] ACPI: LAPIC_NMI (acpi_id[0x34] high edge lint[0x1])
[    0.000000] ACPI: LAPIC_NMI (acpi_id[0x35] high edge lint[0x1])
[    0.000000] ACPI: LAPIC_NMI (acpi_id[0x36] high edge lint[0x1])
[    0.000000] ACPI: LAPIC_NMI (acpi_id[0x37] high edge lint[0x1])
[    0.000000] ACPI: LAPIC_NMI (acpi_id[0x38] high edge lint[0x1])
[    0.000000] ACPI: LAPIC_NMI (acpi_id[0x39] high edge lint[0x1])
[    0.000000] ACPI: LAPIC_NMI (acpi_id[0x3a] high edge lint[0x1])
[    0.000000] ACPI: LAPIC_NMI (acpi_id[0x3b] high edge lint[0x1])
[    0.000000] ACPI: LAPIC_NMI (acpi_id[0x3c] high edge lint[0x1])
[    0.000000] ACPI: LAPIC_NMI (acpi_id[0x3d] high edge lint[0x1])
[    0.000000] ACPI: LAPIC_NMI (acpi_id[0x3e] high edge lint[0x1])
[    0.000000] ACPI: LAPIC_NMI (acpi_id[0x3f] high edge lint[0x1])
[    0.000000] ACPI: Skipping IOAPIC probe due to 'noapic' option.
[    0.000000] Using ACPI for processor (LAPIC) configuration information
[    0.000000] ACPI: HPET id: 0x8086af01 base: 0xfed00000
[    0.000000] Intel MultiProcessor Specification v1.4
[    0.000000]     Virtual Wire compatibility mode.
[    0.000000] MPTABLE: OEM ID: INTEL   
[    0.000000] MPTABLE: Product ID: 440BX       
[    0.000000] MPTABLE: APIC at: 0xFEE00000
[    0.000000] I/O APIC #1 Version 17 at 0xFEC00000.
[    0.000000] Processors: 1
[    0.000000] 64 Processors exceeds NR_CPUS limit of 8
[    0.000000] SMP: Allowing 8 CPUs, 7 hotplug CPUs
[    0.000000] nr_irqs_gsi: 24
[    0.000000] PM: Registered nosave memory: 000000000009f000 - 00000000000a0000
[    0.000000] PM: Registered nosave memory: 00000000000a0000 - 00000000000ca000
[    0.000000] PM: Registered nosave memory: 00000000000ca000 - 00000000000cc000
[    0.000000] PM: Registered nosave memory: 00000000000cc000 - 00000000000dc000
[    0.000000] PM: Registered nosave memory: 00000000000dc000 - 0000000000100000
[    0.000000] Allocating PCI resources starting at 40000000 (gap: 40000000:a0000000)
[    0.000000] Booting paravirtualized kernel on bare hardware
[    0.000000] NR_CPUS:8 nr_cpumask_bits:8 nr_cpu_ids:8 nr_node_ids:1
[    0.000000] PERCPU: Embedded 15 pages/cpu @c2400000 s39320 r0 d22120 u262144
[    0.000000] pcpu-alloc: s39320 r0 d22120 u262144 alloc=1*2097152
[    0.000000] pcpu-alloc: [0] 0 1 2 3 4 5 6 7 
[    0.000000] Built 1 zonelists in Zone order, mobility grouping on.  Total pages: 259950
[    0.000000] Kernel command line: BOOT_IMAGE=/boot/vmlinuz-2.6.32.57 root=UUID=007b598c-390d-4c65-84a1-4ff752d48633 ro quiet splash maxcpus=0
[    0.000000] PID hash table entries: 4096 (order: 2, 16384 bytes)
[    0.000000] Dentry cache hash table entries: 131072 (order: 7, 524288 bytes)
[    0.000000] Inode-cache hash table entries: 65536 (order: 6, 262144 bytes)
[    0.000000] Enabling fast FPU save and restore... done.
[    0.000000] Enabling unmasked SIMD FPU exception support... done.
[    0.000000] Initializing CPU#0
[    0.000000] xsave/xrstor: enabled xstate_bv 0x7, cntxt size 0x340
[    0.000000] allocated 5242560 bytes of page_cgroup
[    0.000000] please try 'cgroup_disable=memory' option if you don't want memory cgroups
[    0.000000] Initializing HighMem for node 0 (000379fe:00040000)
[    0.000000] Memory: 938260k/1048576k available (4839k kernel code, 108848k reserved, 2518k data, 652k init, 137096k highmem)
[    0.000000] virtual kernel memory layout:
[    0.000000]     fixmap  : 0xfff1e000 - 0xfffff000   ( 900 kB)
[    0.000000]     pkmap   : 0xffa00000 - 0xffc00000   (2048 kB)
[    0.000000]     vmalloc : 0xf81fe000 - 0xff9fe000   ( 120 MB)
[    0.000000]     lowmem  : 0xc0000000 - 0xf79fe000   ( 889 MB)
[    0.000000]       .init : 0xc1730000 - 0xc17d3000   ( 652 kB)
[    0.000000]       .data : 0xc14b9cce - 0xc172f764   (2518 kB)
[    0.000000]       .text : 0xc1000000 - 0xc14b9cce   (4839 kB)
[    0.000000] Checking if this processor honours the WP bit even in supervisor mode...Ok.
[    0.000000] SLUB: Genslabs=13, HWalign=64, Order=0-3, MinObjects=0, CPUs=8, Nodes=1
[    0.000000] Hierarchical RCU implementation.
[    0.000000] NR_IRQS:2304 nr_irqs:472
[    0.000000] Extended CMOS year: 2000
[    0.000000] Console: colour VGA+ 80x25
[    0.000000] console [tty0] enabled
[    0.000000] hpet clockevent registered
[    0.000000] TSC freq read from hypervisor : 2394.620 MHz
[    0.000000] Detected 2394.620 MHz processor.
[    0.000003] Calibrating delay loop (skipped) preset value.. 4789.24 BogoMIPS (lpj=9578480)
[    0.000011] Security Framework initialized
[    0.000014] SELinux:  Disabled at boot.
[    0.000019] Mount-cache hash table entries: 512
[    0.000118] Initializing cgroup subsys cpuacct
[    0.000121] Initializing cgroup subsys memory
[    0.000124] Initializing cgroup subsys devices
[    0.000126] Initializing cgroup subsys freezer
[    0.000152] CPU: Physical Processor ID: 0
[    0.000159] CPU: L1 I cache: 32K, L1 D cache: 32K
[    0.000161] CPU: L2 cache: 256K
[    0.000161] CPU: L3 cache: 4096K
[    0.000166] mce: CPU supports 0 MCE banks
[    0.000178] Performance Events: no PMU driver, software events only.
[    0.000188] Checking 'hlt' instruction... OK.
[    0.018258] SMP alternatives: switching to UP code
[    0.034788] ACPI: Core revision 20090903
[    0.041056] ACPI: setting ELCR to 0200 (from 0e20)
[    0.042168] ftrace: converting mcount calls to 0f 1f 44 00 00
[    0.042173] ftrace: allocating 22631 entries in 45 pages
[    0.060720] CANARY value: e4132366 for PID: 1
[    0.060752] Not enabling x2apic, Intr-remapping init failed.
[    0.060754] Enabling APIC mode:  Flat.  Using 1 I/O APICs
[    0.060761] SMP mode deactivated.
[    0.060786] SMP disabled
[    0.060842] Brought up 1 CPUs
[    0.060843] Total of 1 processors activated (4789.24 BogoMIPS).
[    0.060847] CPU0 attaching NULL sched-domain.
[    0.060917] devtmpfs: initialized
[    0.061022] sysctl table check failed: /kernel/random/now_input .1.40.7 Unknown sysctl binary path
[    0.061264] Pid: 1, comm: swapper Not tainted 2.6.32.57 #4
[    0.061265] Call Trace:
[    0.061269]  [<c14a8a0e>] ? printk+0x1d/0x1f
[    0.061272]  [<c107b56f>] set_fail+0x4f/0x60
[    0.061274]  [<c107b8b3>] sysctl_check_table+0x333/0x620
[    0.061276]  [<c107b8cc>] sysctl_check_table+0x34c/0x620
[    0.061277]  [<c107b8cc>] sysctl_check_table+0x34c/0x620
[    0.061281]  [<c1746d48>] sysctl_init+0x25/0x29
[    0.061283]  [<c1003042>] do_one_initcall+0x32/0x1a0
[    0.061285]  [<c1746d23>] ? sysctl_init+0x0/0x29
[    0.061288]  [<c17308e7>] kernel_init+0x12d/0x17a
[    0.061289]  [<c17307ba>] ? kernel_init+0x0/0x17a
[    0.061291]  [<c1009b07>] kernel_thread_helper+0x7/0x10
[    0.061293] sysctl table check failed: /kernel/random/now_blocking .1.40.8 Unknown sysctl binary path
[    0.061523] Pid: 1, comm: swapper Not tainted 2.6.32.57 #4
[    0.061524] Call Trace:
[    0.061525]  [<c14a8a0e>] ? printk+0x1d/0x1f
[    0.061527]  [<c107b56f>] set_fail+0x4f/0x60
[    0.061529]  [<c107b8b3>] sysctl_check_table+0x333/0x620
[    0.061530]  [<c107b8cc>] sysctl_check_table+0x34c/0x620
[    0.061532]  [<c107b8cc>] sysctl_check_table+0x34c/0x620
[    0.061534]  [<c1746d48>] sysctl_init+0x25/0x29
[    0.061535]  [<c1003042>] do_one_initcall+0x32/0x1a0
[    0.061538]  [<c1746d23>] ? sysctl_init+0x0/0x29
[    0.061539]  [<c17308e7>] kernel_init+0x12d/0x17a
[    0.061540]  [<c17307ba>] ? kernel_init+0x0/0x17a
[    0.061542]  [<c1009b07>] kernel_thread_helper+0x7/0x10
[    0.061543] sysctl table check failed: /kernel/random/now_nonblocking .1.40.9 Unknown sysctl binary path
[    0.061808] Pid: 1, comm: swapper Not tainted 2.6.32.57 #4
[    0.061809] Call Trace:
[    0.061811]  [<c14a8a0e>] ? printk+0x1d/0x1f
[    0.061812]  [<c107b56f>] set_fail+0x4f/0x60
[    0.061814]  [<c107b8b3>] sysctl_check_table+0x333/0x620
[    0.061815]  [<c107b8cc>] sysctl_check_table+0x34c/0x620
[    0.061817]  [<c107b8cc>] sysctl_check_table+0x34c/0x620
[    0.061819]  [<c1746d48>] sysctl_init+0x25/0x29
[    0.061821]  [<c1003042>] do_one_initcall+0x32/0x1a0
[    0.061823]  [<c1746d23>] ? sysctl_init+0x0/0x29
[    0.061824]  [<c17308e7>] kernel_init+0x12d/0x17a
[    0.061826]  [<c17307ba>] ? kernel_init+0x0/0x17a
[    0.061827]  [<c1009b07>] kernel_thread_helper+0x7/0x10
[    0.061829] sysctl table check failed: /kernel/random/nb_input_bytes .1.40.10 Unknown sysctl binary path
[    0.062060] Pid: 1, comm: swapper Not tainted 2.6.32.57 #4
[    0.062061] Call Trace:
[    0.062062]  [<c14a8a0e>] ? printk+0x1d/0x1f
[    0.062063]  [<c107b56f>] set_fail+0x4f/0x60
[    0.062065]  [<c107b8b3>] sysctl_check_table+0x333/0x620
[    0.062067]  [<c107b8cc>] sysctl_check_table+0x34c/0x620
[    0.062068]  [<c107b8cc>] sysctl_check_table+0x34c/0x620
[    0.062070]  [<c1746d48>] sysctl_init+0x25/0x29
[    0.062072]  [<c1003042>] do_one_initcall+0x32/0x1a0
[    0.062074]  [<c1746d23>] ? sysctl_init+0x0/0x29
[    0.062075]  [<c17308e7>] kernel_init+0x12d/0x17a
[    0.062077]  [<c17307ba>] ? kernel_init+0x0/0x17a
[    0.062078]  [<c1009b07>] kernel_thread_helper+0x7/0x10
[    0.062080] sysctl table check failed: /kernel/random/nb_stir_count .1.40.11 Unknown sysctl binary path
[    0.062310] Pid: 1, comm: swapper Not tainted 2.6.32.57 #4
[    0.062311] Call Trace:
[    0.062313]  [<c14a8a0e>] ? printk+0x1d/0x1f
[    0.062314]  [<c107b56f>] set_fail+0x4f/0x60
[    0.062315]  [<c107b8b3>] sysctl_check_table+0x333/0x620
[    0.062317]  [<c107b8cc>] sysctl_check_table+0x34c/0x620
[    0.062319]  [<c107b8cc>] sysctl_check_table+0x34c/0x620
[    0.062321]  [<c1746d48>] sysctl_init+0x25/0x29
[    0.062322]  [<c1003042>] do_one_initcall+0x32/0x1a0
[    0.062324]  [<c1746d23>] ? sysctl_init+0x0/0x29
[    0.062326]  [<c17308e7>] kernel_init+0x12d/0x17a
[    0.062327]  [<c17307ba>] ? kernel_init+0x0/0x17a
[    0.062329]  [<c1009b07>] kernel_thread_helper+0x7/0x10
[    0.062330] sysctl table check failed: /kernel/random/nb_reentry_count .1.40.12 Unknown sysctl binary path
[    0.062563] Pid: 1, comm: swapper Not tainted 2.6.32.57 #4
[    0.062563] Call Trace:
[    0.062565]  [<c14a8a0e>] ? printk+0x1d/0x1f
[    0.062566]  [<c107b56f>] set_fail+0x4f/0x60
[    0.062567]  [<c107b8b3>] sysctl_check_table+0x333/0x620
[    0.062569]  [<c107b8cc>] sysctl_check_table+0x34c/0x620
[    0.062571]  [<c107b8cc>] sysctl_check_table+0x34c/0x620
[    0.062573]  [<c1746d48>] sysctl_init+0x25/0x29
[    0.062574]  [<c1003042>] do_one_initcall+0x32/0x1a0
[    0.062576]  [<c1746d23>] ? sysctl_init+0x0/0x29
[    0.062578]  [<c17308e7>] kernel_init+0x12d/0x17a
[    0.062579]  [<c17307ba>] ? kernel_init+0x0/0x17a
[    0.062581]  [<c1009b07>] kernel_thread_helper+0x7/0x10
[    0.062724] RANDOM - __seed init called.
[    0.062725] RANDOM - __seed init called.
[    0.062726] RANDOM - __seed init called.
[    0.062727] RANDOM - __random32 called. Change num 1.  Value: 865378fd	b53d80db	1f8ba37e
[    0.062728] RANDOM - __random32 called. Change num 2.  Value: 378fdd29	53d80db0	46fc7ad7
[    0.062730] RANDOM - __random32 called. Change num 3.  Value: fdd29985	3d80db0e	f5ae23f5
[    0.062731] RANDOM - __random32 called. Change num 4.  Value: 299855dc	d80db0e5	47eb1be7
[    0.062732] RANDOM - __random32 called. Change num 5.  Value: 855dc464	80db0e5c	37cf1678
[    0.062733] RANDOM - __random32 called. Change num 6.  Value: dc4647ba	db0e5c1	2cf136f4
[    0.062735] RANDOM - random32 init called.  Value: dc4647ba	db0e5c1	2cf136f4
[    0.062740] regulator: core version 0.5
[    0.062806] Time: 21:07:05  Date: 05/24/13
[    0.062841] NET: Registered protocol family 16
[    0.062902] EISA bus registered
[    0.063626] ACPI: bus type pci registered
[    0.063751] PCI: MCFG configuration 0: base e0000000 segment 0 buses 0 - 255
[    0.063753] PCI: MCFG area at e0000000 reserved in E820
[    0.063754] PCI: Using MMCONFIG for extended config space
[    0.063755] PCI: Using configuration type 1 for base access
[    0.064199] bio: create slab <bio-0> at 0
[    0.065412] ACPI: EC: Look up EC in DSDT
[    0.102613] ACPI: BIOS _OSI(Linux) query ignored
[    0.108900] ACPI: Interpreter enabled
[    0.108904] ACPI: (supports S0 S1 S4 S5)
[    0.108915] ACPI: Using PIC for interrupt routing
[    0.191468] ACPI: No dock devices found.
[    0.192282] ACPI: PCI Root Bridge [PCI0] (0000:00)
[    0.193924] pci 0000:00:07.1: reg 20 io port: [0x10c0-0x10cf]
[    0.194493] pci 0000:00:07.3: quirk: region 1000-103f claimed by PIIX4 ACPI
[    0.194506] pci 0000:00:07.3: quirk: region 1040-104f claimed by PIIX4 SMB
[    0.195083] pci 0000:00:07.7: reg 10 io port: [0x1080-0x10bf]
[    0.195478] pci 0000:00:07.7: reg 14 64bit mmio: [0xc8000000-0xc8001fff]
[    0.196932] pci 0000:00:0f.0: reg 10 io port: [0x10d0-0x10df]
[    0.196974] pci 0000:00:0f.0: reg 14 32bit mmio pref: [0xd0000000-0xd7ffffff]
[    0.197014] pci 0000:00:0f.0: reg 18 32bit mmio: [0xc8800000-0xc8ffffff]
[    0.197167] pci 0000:00:0f.0: reg 30 32bit mmio pref: [0x000000-0x007fff]
[    0.197732] pci 0000:00:10.0: reg 10 io port: [0x1400-0x14ff]
[    0.198097] pci 0000:00:10.0: reg 14 64bit mmio: [0xc8040000-0xc805ffff]
[    0.198472] pci 0000:00:10.0: reg 1c 64bit mmio: [0xc8020000-0xc803ffff]
[    0.198560] pci 0000:00:10.0: reg 30 32bit mmio pref: [0x000000-0x003fff]
[    0.200044] pci 0000:00:15.0: PME# supported from D0 D3hot D3cold
[    0.200065] pci 0000:00:15.0: PME# disabled
[    0.200989] pci 0000:00:15.1: PME# supported from D0 D3hot D3cold
[    0.201009] pci 0000:00:15.1: PME# disabled
[    0.201934] pci 0000:00:15.2: PME# supported from D0 D3hot D3cold
[    0.201955] pci 0000:00:15.2: PME# disabled
[    0.202888] pci 0000:00:15.3: PME# supported from D0 D3hot D3cold
[    0.202909] pci 0000:00:15.3: PME# disabled
[    0.203862] pci 0000:00:15.4: PME# supported from D0 D3hot D3cold
[    0.203883] pci 0000:00:15.4: PME# disabled
[    0.204834] pci 0000:00:15.5: PME# supported from D0 D3hot D3cold
[    0.204855] pci 0000:00:15.5: PME# disabled
[    0.205779] pci 0000:00:15.6: PME# supported from D0 D3hot D3cold
[    0.205800] pci 0000:00:15.6: PME# disabled
[    0.206723] pci 0000:00:15.7: PME# supported from D0 D3hot D3cold
[    0.206744] pci 0000:00:15.7: PME# disabled
[    0.207661] pci 0000:00:16.0: PME# supported from D0 D3hot D3cold
[    0.207690] pci 0000:00:16.0: PME# disabled
[    0.208590] pci 0000:00:16.1: PME# supported from D0 D3hot D3cold
[    0.208611] pci 0000:00:16.1: PME# disabled
[    0.209555] pci 0000:00:16.2: PME# supported from D0 D3hot D3cold
[    0.209576] pci 0000:00:16.2: PME# disabled
[    0.210494] pci 0000:00:16.3: PME# supported from D0 D3hot D3cold
[    0.210515] pci 0000:00:16.3: PME# disabled
[    0.211411] pci 0000:00:16.4: PME# supported from D0 D3hot D3cold
[    0.211449] pci 0000:00:16.4: PME# disabled
[    0.212367] pci 0000:00:16.5: PME# supported from D0 D3hot D3cold
[    0.212388] pci 0000:00:16.5: PME# disabled
[    0.213446] pci 0000:00:16.6: PME# supported from D0 D3hot D3cold
[    0.213470] pci 0000:00:16.6: PME# disabled
[    0.214382] pci 0000:00:16.7: PME# supported from D0 D3hot D3cold
[    0.214403] pci 0000:00:16.7: PME# disabled
[    0.215354] pci 0000:00:17.0: PME# supported from D0 D3hot D3cold
[    0.215375] pci 0000:00:17.0: PME# disabled
[    0.216346] pci 0000:00:17.1: PME# supported from D0 D3hot D3cold
[    0.216367] pci 0000:00:17.1: PME# disabled
[    0.217291] pci 0000:00:17.2: PME# supported from D0 D3hot D3cold
[    0.217312] pci 0000:00:17.2: PME# disabled
[    0.218250] pci 0000:00:17.3: PME# supported from D0 D3hot D3cold
[    0.218271] pci 0000:00:17.3: PME# disabled
[    0.219188] pci 0000:00:17.4: PME# supported from D0 D3hot D3cold
[    0.219209] pci 0000:00:17.4: PME# disabled
[    0.220193] pci 0000:00:17.5: PME# supported from D0 D3hot D3cold
[    0.220214] pci 0000:00:17.5: PME# disabled
[    0.221132] pci 0000:00:17.6: PME# supported from D0 D3hot D3cold
[    0.221153] pci 0000:00:17.6: PME# disabled
[    0.222079] pci 0000:00:17.7: PME# supported from D0 D3hot D3cold
[    0.222100] pci 0000:00:17.7: PME# disabled
[    0.223025] pci 0000:00:18.0: PME# supported from D0 D3hot D3cold
[    0.223046] pci 0000:00:18.0: PME# disabled
[    0.223980] pci 0000:00:18.1: PME# supported from D0 D3hot D3cold
[    0.224001] pci 0000:00:18.1: PME# disabled
[    0.224934] pci 0000:00:18.2: PME# supported from D0 D3hot D3cold
[    0.224955] pci 0000:00:18.2: PME# disabled
[    0.225873] pci 0000:00:18.3: PME# supported from D0 D3hot D3cold
[    0.225894] pci 0000:00:18.3: PME# disabled
[    0.226811] pci 0000:00:18.4: PME# supported from D0 D3hot D3cold
[    0.226832] pci 0000:00:18.4: PME# disabled
[    0.227758] pci 0000:00:18.5: PME# supported from D0 D3hot D3cold
[    0.227779] pci 0000:00:18.5: PME# disabled
[    0.228698] pci 0000:00:18.6: PME# supported from D0 D3hot D3cold
[    0.228718] pci 0000:00:18.6: PME# disabled
[    0.229657] pci 0000:00:18.7: PME# supported from D0 D3hot D3cold
[    0.229678] pci 0000:00:18.7: PME# disabled
[    0.230823] pci 0000:02:00.0: reg 20 io port: [0x20c0-0x20df]
[    0.231314] pci 0000:02:01.0: reg 10 io port: [0x2000-0x207f]
[    0.231569] pci 0000:02:01.0: reg 30 32bit mmio pref: [0x000000-0x00ffff]
[    0.232118] pci 0000:02:02.0: reg 10 io port: [0x2080-0x20bf]
[    0.232736] pci 0000:02:03.0: reg 10 32bit mmio: [0xc9000000-0xc9000fff]
[    0.233320] pci 0000:00:11.0: transparent bridge
[    0.233341] pci 0000:00:11.0: bridge io port: [0x2000-0x3fff]
[    0.233363] pci 0000:00:11.0: bridge 32bit mmio: [0xc9000000-0xca3fffff]
[    0.233413] pci 0000:00:11.0: bridge 64bit mmio pref: [0xd8400000-0xd89fffff]
[    0.233803] pci 0000:00:15.0: bridge io port: [0x4000-0x4fff]
[    0.233824] pci 0000:00:15.0: bridge 32bit mmio: [0xca400000-0xca4fffff]
[    0.233863] pci 0000:00:15.0: bridge 64bit mmio pref: [0xd8a00000-0xd8afffff]
[    0.234238] pci 0000:00:15.1: bridge io port: [0x8000-0x8fff]
[    0.234259] pci 0000:00:15.1: bridge 32bit mmio: [0xca800000-0xca8fffff]
[    0.234298] pci 0000:00:15.1: bridge 64bit mmio pref: [0xd8e00000-0xd8efffff]
[    0.234721] pci 0000:00:15.2: bridge io port: [0xc000-0xcfff]
[    0.234742] pci 0000:00:15.2: bridge 32bit mmio: [0xcac00000-0xcacfffff]
[    0.234781] pci 0000:00:15.2: bridge 64bit mmio pref: [0xd9200000-0xd92fffff]
[    0.235181] pci 0000:00:15.3: bridge 32bit mmio: [0xcb000000-0xcb0fffff]
[    0.235221] pci 0000:00:15.3: bridge 64bit mmio pref: [0xd9600000-0xd96fffff]
[    0.235652] pci 0000:00:15.4: bridge 32bit mmio: [0xcb400000-0xcb4fffff]
[    0.235693] pci 0000:00:15.4: bridge 64bit mmio pref: [0xd9a00000-0xd9afffff]
[    0.236087] pci 0000:00:15.5: bridge 32bit mmio: [0xcb800000-0xcb8fffff]
[    0.236127] pci 0000:00:15.5: bridge 64bit mmio pref: [0xd9e00000-0xd9efffff]
[    0.236580] pci 0000:00:15.6: bridge 32bit mmio: [0xcbc00000-0xcbcfffff]
[    0.236620] pci 0000:00:15.6: bridge 64bit mmio pref: [0xda200000-0xda2fffff]
[    0.237015] pci 0000:00:15.7: bridge 32bit mmio: [0xcc000000-0xcc0fffff]
[    0.237054] pci 0000:00:15.7: bridge 64bit mmio pref: [0xda600000-0xda6fffff]
[    0.237457] pci 0000:00:16.0: bridge io port: [0x5000-0x5fff]
[    0.237478] pci 0000:00:16.0: bridge 32bit mmio: [0xca500000-0xca5fffff]
[    0.237517] pci 0000:00:16.0: bridge 64bit mmio pref: [0xd8b00000-0xd8bfffff]
[    0.237891] pci 0000:00:16.1: bridge io port: [0x9000-0x9fff]
[    0.237912] pci 0000:00:16.1: bridge 32bit mmio: [0xca900000-0xca9fffff]
[    0.237951] pci 0000:00:16.1: bridge 64bit mmio pref: [0xd8f00000-0xd8ffffff]
[    0.238326] pci 0000:00:16.2: bridge io port: [0xd000-0xdfff]
[    0.238347] pci 0000:00:16.2: bridge 32bit mmio: [0xcad00000-0xcadfffff]
[    0.238388] pci 0000:00:16.2: bridge 64bit mmio pref: [0xd9300000-0xd93fffff]
[    0.238801] pci 0000:00:16.3: bridge 32bit mmio: [0xcb100000-0xcb1fffff]
[    0.238840] pci 0000:00:16.3: bridge 64bit mmio pref: [0xd9700000-0xd97fffff]
[    0.239233] pci 0000:00:16.4: bridge 32bit mmio: [0xcb500000-0xcb5fffff]
[    0.239273] pci 0000:00:16.4: bridge 64bit mmio pref: [0xd9b00000-0xd9bfffff]
[    0.239739] pci 0000:00:16.5: bridge 32bit mmio: [0xcb900000-0xcb9fffff]
[    0.239778] pci 0000:00:16.5: bridge 64bit mmio pref: [0xd9f00000-0xd9ffffff]
[    0.240161] pci 0000:00:16.6: bridge 32bit mmio: [0xcbd00000-0xcbdfffff]
[    0.240199] pci 0000:00:16.6: bridge 64bit mmio pref: [0xda300000-0xda3fffff]
[    0.240576] pci 0000:00:16.7: bridge 32bit mmio: [0xcc100000-0xcc1fffff]
[    0.240614] pci 0000:00:16.7: bridge 64bit mmio pref: [0xda700000-0xda7fffff]
[    0.240973] pci 0000:00:17.0: bridge io port: [0x6000-0x6fff]
[    0.240993] pci 0000:00:17.0: bridge 32bit mmio: [0xca600000-0xca6fffff]
[    0.241031] pci 0000:00:17.0: bridge 64bit mmio pref: [0xd8c00000-0xd8cfffff]
[    0.241397] pci 0000:00:17.1: bridge io port: [0xa000-0xafff]
[    0.241417] pci 0000:00:17.1: bridge 32bit mmio: [0xcaa00000-0xcaafffff]
[    0.241455] pci 0000:00:17.1: bridge 64bit mmio pref: [0xd9000000-0xd90fffff]
[    0.241812] pci 0000:00:17.2: bridge io port: [0xe000-0xefff]
[    0.241832] pci 0000:00:17.2: bridge 32bit mmio: [0xcae00000-0xcaefffff]
[    0.241870] pci 0000:00:17.2: bridge 64bit mmio pref: [0xd9400000-0xd94fffff]
[    0.242246] pci 0000:00:17.3: bridge 32bit mmio: [0xcb200000-0xcb2fffff]
[    0.242284] pci 0000:00:17.3: bridge 64bit mmio pref: [0xd9800000-0xd98fffff]
[    0.242668] pci 0000:00:17.4: bridge 32bit mmio: [0xcb600000-0xcb6fffff]
[    0.242707] pci 0000:00:17.4: bridge 64bit mmio pref: [0xd9c00000-0xd9cfffff]
[    0.243083] pci 0000:00:17.5: bridge 32bit mmio: [0xcba00000-0xcbafffff]
[    0.243121] pci 0000:00:17.5: bridge 64bit mmio pref: [0xda000000-0xda0fffff]
[    0.243498] pci 0000:00:17.6: bridge 32bit mmio: [0xcbe00000-0xcbefffff]
[    0.243536] pci 0000:00:17.6: bridge 64bit mmio pref: [0xda400000-0xda4fffff]
[    0.243921] pci 0000:00:17.7: bridge 32bit mmio: [0xcc200000-0xcc2fffff]
[    0.243960] pci 0000:00:17.7: bridge 64bit mmio pref: [0xda800000-0xda8fffff]
[    0.244317] pci 0000:00:18.0: bridge io port: [0x7000-0x7fff]
[    0.244338] pci 0000:00:18.0: bridge 32bit mmio: [0xca700000-0xca7fffff]
[    0.244399] pci 0000:00:18.0: bridge 64bit mmio pref: [0xd8d00000-0xd8dfffff]
[    0.244791] pci 0000:00:18.1: bridge io port: [0xb000-0xbfff]
[    0.244812] pci 0000:00:18.1: bridge 32bit mmio: [0xcab00000-0xcabfffff]
[    0.244852] pci 0000:00:18.1: bridge 64bit mmio pref: [0xd9100000-0xd91fffff]
[    0.245227] pci 0000:00:18.2: bridge io port: [0xf000-0xffff]
[    0.245248] pci 0000:00:18.2: bridge 32bit mmio: [0xcaf00000-0xcaffffff]
[    0.245287] pci 0000:00:18.2: bridge 64bit mmio pref: [0xd9500000-0xd95fffff]
[    0.245713] pci 0000:00:18.3: bridge 32bit mmio: [0xcb300000-0xcb3fffff]
[    0.245753] pci 0000:00:18.3: bridge 64bit mmio pref: [0xd9900000-0xd99fffff]
[    0.246148] pci 0000:00:18.4: bridge 32bit mmio: [0xcb700000-0xcb7fffff]
[    0.246187] pci 0000:00:18.4: bridge 64bit mmio pref: [0xd9d00000-0xd9dfffff]
[    0.246608] pci 0000:00:18.5: bridge 32bit mmio: [0xcbb00000-0xcbbfffff]
[    0.246648] pci 0000:00:18.5: bridge 64bit mmio pref: [0xda100000-0xda1fffff]
[    0.247041] pci 0000:00:18.6: bridge 32bit mmio: [0xcbf00000-0xcbffffff]
[    0.247081] pci 0000:00:18.6: bridge 64bit mmio pref: [0xda500000-0xda5fffff]
[    0.247501] pci 0000:00:18.7: bridge 32bit mmio: [0xcc300000-0xcc3fffff]
[    0.247541] pci 0000:00:18.7: bridge 64bit mmio pref: [0xda900000-0xda9fffff]
[    0.249121] pci_bus 0000:00: on NUMA node 0
[    0.249129] ACPI: PCI Interrupt Routing Table [\_SB_.PCI0._PRT]
[    0.471811] ACPI: PCI Interrupt Link [LNKA] (IRQs 3 4 5 6 7 *9 10 11 14 15)
[    0.471960] ACPI: PCI Interrupt Link [LNKB] (IRQs 3 4 5 6 7 9 10 *11 14 15)
[    0.472136] ACPI: PCI Interrupt Link [LNKC] (IRQs 3 4 5 6 7 9 *10 11 14 15)
[    0.472281] ACPI: PCI Interrupt Link [LNKD] (IRQs 3 4 *5 6 7 9 10 11 14 15)
[    0.472416] vgaarb: device added: PCI:0000:00:0f.0,decodes=io+mem,owns=io+mem,locks=none
[    0.472425] vgaarb: loaded
[    0.472509] SCSI subsystem initialized
[    0.472552] libata version 3.00 loaded.
[    0.472590] usbcore: registered new interface driver usbfs
[    0.472601] usbcore: registered new interface driver hub
[    0.472617] usbcore: registered new device driver usb
[    0.472681] PCI: Using ACPI for IRQ routing
[    0.473698] NetLabel: Initializing
[    0.473699] NetLabel:  domain hash size = 128
[    0.473700] NetLabel:  protocols = UNLABELED CIPSOv4
[    0.473707] NetLabel:  unlabeled traffic allowed by default
[    0.473739] hpet0: at MMIO 0xfed00000, IRQs 2, 8, 0, 0, 0, 0, 0, 0, 0, 0, 0, 0, 0, 0, 0, 0
[    0.473745] hpet0: 16 comparators, 64-bit 14.318180 MHz counter
[    0.476775] Switching to clocksource tsc
[    0.484042] pnp: PnP ACPI init
[    0.484054] ACPI: bus type pnp registered
[    0.526865] pnp: PnP ACPI: found 14 devices
[    0.526868] ACPI: ACPI bus type pnp unregistered
[    0.526871] PnPBIOS: Disabled by ACPI PNP
[    0.526885] system 00:01: ioport range 0x1000-0x103f has been reserved
[    0.526886] system 00:01: ioport range 0x1040-0x104f has been reserved
[    0.526888] system 00:01: ioport range 0xcf0-0xcf1 has been reserved
[    0.526895] system 00:08: iomem range 0xfed00000-0xfed003ff has been reserved
[    0.526899] system 00:0d: ioport range 0x1060-0x107f has been reserved
[    0.526901] system 00:0d: iomem range 0xe0000000-0xefffffff has been reserved
[    0.526903] system 00:0d: iomem range 0xc8200000-0xc83fffff has been reserved
[    0.562936] pci 0000:00:15.3: BAR 13: can't allocate I/O resource [0x10000-0xffff]
[    0.562941] pci 0000:00:15.4: BAR 13: can't allocate I/O resource [0x10000-0xffff]
[    0.562943] pci 0000:00:15.5: BAR 13: can't allocate I/O resource [0x10000-0xffff]
[    0.562946] pci 0000:00:15.6: BAR 13: can't allocate I/O resource [0x10000-0xffff]
[    0.562949] pci 0000:00:15.7: BAR 13: can't allocate I/O resource [0x10000-0xffff]
[    0.562951] pci 0000:00:16.3: BAR 13: can't allocate I/O resource [0x10000-0xffff]
[    0.562954] pci 0000:00:16.4: BAR 13: can't allocate I/O resource [0x10000-0xffff]
[    0.562957] pci 0000:00:16.5: BAR 13: can't allocate I/O resource [0x10000-0xffff]
[    0.562959] pci 0000:00:16.6: BAR 13: can't allocate I/O resource [0x10000-0xffff]
[    0.562962] pci 0000:00:16.7: BAR 13: can't allocate I/O resource [0x10000-0xffff]
[    0.562965] pci 0000:00:17.3: BAR 13: can't allocate I/O resource [0x10000-0xffff]
[    0.562967] pci 0000:00:17.4: BAR 13: can't allocate I/O resource [0x10000-0xffff]
[    0.562970] pci 0000:00:17.5: BAR 13: can't allocate I/O resource [0x10000-0xffff]
[    0.562972] pci 0000:00:17.6: BAR 13: can't allocate I/O resource [0x10000-0xffff]
[    0.562975] pci 0000:00:17.7: BAR 13: can't allocate I/O resource [0x10000-0xffff]
[    0.562978] pci 0000:00:18.3: BAR 13: can't allocate I/O resource [0x10000-0xffff]
[    0.562980] pci 0000:00:18.4: BAR 13: can't allocate I/O resource [0x10000-0xffff]
[    0.562983] pci 0000:00:18.5: BAR 13: can't allocate I/O resource [0x10000-0xffff]
[    0.562986] pci 0000:00:18.6: BAR 13: can't allocate I/O resource [0x10000-0xffff]
[    0.562988] pci 0000:00:18.7: BAR 13: can't allocate I/O resource [0x10000-0xffff]
[    0.562991] pci 0000:00:01.0: PCI bridge, secondary bus 0000:01
[    0.562992] pci 0000:00:01.0:   IO window: disabled
[    0.563023] pci 0000:00:01.0:   MEM window: disabled
[    0.563044] pci 0000:00:01.0:   PREFETCH window: disabled
[    0.563086] pci 0000:00:11.0: PCI bridge, secondary bus 0000:02
[    0.563098] pci 0000:00:11.0:   IO window: 0x2000-0x3fff
[    0.563129] pci 0000:00:11.0:   MEM window: 0xc9000000-0xca3fffff
[    0.563151] pci 0000:00:11.0:   PREFETCH window: 0x000000d8400000-0x000000d89fffff
[    0.563193] pci 0000:00:15.0: PCI bridge, secondary bus 0000:03
[    0.563214] pci 0000:00:15.0:   IO window: 0x4000-0x4fff
[    0.563255] pci 0000:00:15.0:   MEM window: 0xca400000-0xca4fffff
[    0.563276] pci 0000:00:15.0:   PREFETCH window: 0x000000d8a00000-0x000000d8afffff
[    0.563328] pci 0000:00:15.1: PCI bridge, secondary bus 0000:04
[    0.563340] pci 0000:00:15.1:   IO window: 0x8000-0x8fff
[    0.563371] pci 0000:00:15.1:   MEM window: 0xca800000-0xca8fffff
[    0.563392] pci 0000:00:15.1:   PREFETCH window: 0x000000d8e00000-0x000000d8efffff
[    0.563437] pci 0000:00:15.2: PCI bridge, secondary bus 0000:05
[    0.563449] pci 0000:00:15.2:   IO window: 0xc000-0xcfff
[    0.563480] pci 0000:00:15.2:   MEM window: 0xcac00000-0xcacfffff
[    0.563501] pci 0000:00:15.2:   PREFETCH window: 0x000000d9200000-0x000000d92fffff
[    0.563546] pci 0000:00:15.3: PCI bridge, secondary bus 0000:06
[    0.563547] pci 0000:00:15.3:   IO window: disabled
[    0.563578] pci 0000:00:15.3:   MEM window: 0xcb000000-0xcb0fffff
[    0.563600] pci 0000:00:15.3:   PREFETCH window: 0x000000d9600000-0x000000d96fffff
[    0.563644] pci 0000:00:15.4: PCI bridge, secondary bus 0000:07
[    0.563645] pci 0000:00:15.4:   IO window: disabled
[    0.563676] pci 0000:00:15.4:   MEM window: 0xcb400000-0xcb4fffff
[    0.563697] pci 0000:00:15.4:   PREFETCH window: 0x000000d9a00000-0x000000d9afffff
[    0.563742] pci 0000:00:15.5: PCI bridge, secondary bus 0000:08
[    0.563743] pci 0000:00:15.5:   IO window: disabled
[    0.563774] pci 0000:00:15.5:   MEM window: 0xcb800000-0xcb8fffff
[    0.563795] pci 0000:00:15.5:   PREFETCH window: 0x000000d9e00000-0x000000d9efffff
[    0.563840] pci 0000:00:15.6: PCI bridge, secondary bus 0000:09
[    0.563841] pci 0000:00:15.6:   IO window: disabled
[    0.563872] pci 0000:00:15.6:   MEM window: 0xcbc00000-0xcbcfffff
[    0.563893] pci 0000:00:15.6:   PREFETCH window: 0x000000da200000-0x000000da2fffff
[    0.563937] pci 0000:00:15.7: PCI bridge, secondary bus 0000:0a
[    0.563939] pci 0000:00:15.7:   IO window: disabled
[    0.563970] pci 0000:00:15.7:   MEM window: 0xcc000000-0xcc0fffff
[    0.563991] pci 0000:00:15.7:   PREFETCH window: 0x000000da600000-0x000000da6fffff
[    0.564035] pci 0000:00:16.0: PCI bridge, secondary bus 0000:0b
[    0.564047] pci 0000:00:16.0:   IO window: 0x5000-0x5fff
[    0.564078] pci 0000:00:16.0:   MEM window: 0xca500000-0xca5fffff
[    0.564099] pci 0000:00:16.0:   PREFETCH window: 0x000000d8b00000-0x000000d8bfffff
[    0.564144] pci 0000:00:16.1: PCI bridge, secondary bus 0000:0c
[    0.564156] pci 0000:00:16.1:   IO window: 0x9000-0x9fff
[    0.564194] pci 0000:00:16.1:   MEM window: 0xca900000-0xca9fffff
[    0.564227] pci 0000:00:16.1:   PREFETCH window: 0x000000d8f00000-0x000000d8ffffff
[    0.564280] pci 0000:00:16.2: PCI bridge, secondary bus 0000:0d
[    0.564292] pci 0000:00:16.2:   IO window: 0xd000-0xdfff
[    0.564323] pci 0000:00:16.2:   MEM window: 0xcad00000-0xcadfffff
[    0.564344] pci 0000:00:16.2:   PREFETCH window: 0x000000d9300000-0x000000d93fffff
[    0.564388] pci 0000:00:16.3: PCI bridge, secondary bus 0000:0e
[    0.564390] pci 0000:00:16.3:   IO window: disabled
[    0.564421] pci 0000:00:16.3:   MEM window: 0xcb100000-0xcb1fffff
[    0.564442] pci 0000:00:16.3:   PREFETCH window: 0x000000d9700000-0x000000d97fffff
[    0.564486] pci 0000:00:16.4: PCI bridge, secondary bus 0000:0f
[    0.564488] pci 0000:00:16.4:   IO window: disabled
[    0.564519] pci 0000:00:16.4:   MEM window: 0xcb500000-0xcb5fffff
[    0.564540] pci 0000:00:16.4:   PREFETCH window: 0x000000d9b00000-0x000000d9bfffff
[    0.564584] pci 0000:00:16.5: PCI bridge, secondary bus 0000:10
[    0.564586] pci 0000:00:16.5:   IO window: disabled
[    0.564616] pci 0000:00:16.5:   MEM window: 0xcb900000-0xcb9fffff
[    0.564638] pci 0000:00:16.5:   PREFETCH window: 0x000000d9f00000-0x000000d9ffffff
[    0.564685] pci 0000:00:16.6: PCI bridge, secondary bus 0000:11
[    0.564686] pci 0000:00:16.6:   IO window: disabled
[    0.564718] pci 0000:00:16.6:   MEM window: 0xcbd00000-0xcbdfffff
[    0.564739] pci 0000:00:16.6:   PREFETCH window: 0x000000da300000-0x000000da3fffff
[    0.564784] pci 0000:00:16.7: PCI bridge, secondary bus 0000:12
[    0.564785] pci 0000:00:16.7:   IO window: disabled
[    0.564816] pci 0000:00:16.7:   MEM window: 0xcc100000-0xcc1fffff
[    0.564837] pci 0000:00:16.7:   PREFETCH window: 0x000000da700000-0x000000da7fffff
[    0.564882] pci 0000:00:17.0: PCI bridge, secondary bus 0000:13
[    0.564894] pci 0000:00:17.0:   IO window: 0x6000-0x6fff
[    0.564924] pci 0000:00:17.0:   MEM window: 0xca600000-0xca6fffff
[    0.564946] pci 0000:00:17.0:   PREFETCH window: 0x000000d8c00000-0x000000d8cfffff
[    0.564990] pci 0000:00:17.1: PCI bridge, secondary bus 0000:14
[    0.565002] pci 0000:00:17.1:   IO window: 0xa000-0xafff
[    0.565033] pci 0000:00:17.1:   MEM window: 0xcaa00000-0xcaafffff
[    0.565054] pci 0000:00:17.1:   PREFETCH window: 0x000000d9000000-0x000000d90fffff
[    0.565098] pci 0000:00:17.2: PCI bridge, secondary bus 0000:15
[    0.565110] pci 0000:00:17.2:   IO window: 0xe000-0xefff
[    0.565141] pci 0000:00:17.2:   MEM window: 0xcae00000-0xcaefffff
[    0.565162] pci 0000:00:17.2:   PREFETCH window: 0x000000d9400000-0x000000d94fffff
[    0.565388] pci 0000:00:17.3: PCI bridge, secondary bus 0000:16
[    0.565390] pci 0000:00:17.3:   IO window: disabled
[    0.565421] pci 0000:00:17.3:   MEM window: 0xcb200000-0xcb2fffff
[    0.565442] pci 0000:00:17.3:   PREFETCH window: 0x000000d9800000-0x000000d98fffff
[    0.565486] pci 0000:00:17.4: PCI bridge, secondary bus 0000:17
[    0.565488] pci 0000:00:17.4:   IO window: disabled
[    0.565519] pci 0000:00:17.4:   MEM window: 0xcb600000-0xcb6fffff
[    0.565540] pci 0000:00:17.4:   PREFETCH window: 0x000000d9c00000-0x000000d9cfffff
[    0.565584] pci 0000:00:17.5: PCI bridge, secondary bus 0000:18
[    0.565586] pci 0000:00:17.5:   IO window: disabled
[    0.565616] pci 0000:00:17.5:   MEM window: 0xcba00000-0xcbafffff
[    0.565638] pci 0000:00:17.5:   PREFETCH window: 0x000000da000000-0x000000da0fffff
[    0.565682] pci 0000:00:17.6: PCI bridge, secondary bus 0000:19
[    0.565683] pci 0000:00:17.6:   IO window: disabled
[    0.565714] pci 0000:00:17.6:   MEM window: 0xcbe00000-0xcbefffff
[    0.565735] pci 0000:00:17.6:   PREFETCH window: 0x000000da400000-0x000000da4fffff
[    0.565779] pci 0000:00:17.7: PCI bridge, secondary bus 0000:1a
[    0.565781] pci 0000:00:17.7:   IO window: disabled
[    0.565812] pci 0000:00:17.7:   MEM window: 0xcc200000-0xcc2fffff
[    0.565833] pci 0000:00:17.7:   PREFETCH window: 0x000000da800000-0x000000da8fffff
[    0.565878] pci 0000:00:18.0: PCI bridge, secondary bus 0000:1b
[    0.565890] pci 0000:00:18.0:   IO window: 0x7000-0x7fff
[    0.565920] pci 0000:00:18.0:   MEM window: 0xca700000-0xca7fffff
[    0.565942] pci 0000:00:18.0:   PREFETCH window: 0x000000d8d00000-0x000000d8dfffff
[    0.565986] pci 0000:00:18.1: PCI bridge, secondary bus 0000:1c
[    0.565998] pci 0000:00:18.1:   IO window: 0xb000-0xbfff
[    0.566029] pci 0000:00:18.1:   MEM window: 0xcab00000-0xcabfffff
[    0.566050] pci 0000:00:18.1:   PREFETCH window: 0x000000d9100000-0x000000d91fffff
[    0.566095] pci 0000:00:18.2: PCI bridge, secondary bus 0000:1d
[    0.566107] pci 0000:00:18.2:   IO window: 0xf000-0xffff
[    0.566137] pci 0000:00:18.2:   MEM window: 0xcaf00000-0xcaffffff
[    0.566159] pci 0000:00:18.2:   PREFETCH window: 0x000000d9500000-0x000000d95fffff
[    0.566241] pci 0000:00:18.3: PCI bridge, secondary bus 0000:1e
[    0.566243] pci 0000:00:18.3:   IO window: disabled
[    0.566273] pci 0000:00:18.3:   MEM window: 0xcb300000-0xcb3fffff
[    0.566295] pci 0000:00:18.3:   PREFETCH window: 0x000000d9900000-0x000000d99fffff
[    0.566339] pci 0000:00:18.4: PCI bridge, secondary bus 0000:1f
[    0.566341] pci 0000:00:18.4:   IO window: disabled
[    0.566371] pci 0000:00:18.4:   MEM window: 0xcb700000-0xcb7fffff
[    0.566393] pci 0000:00:18.4:   PREFETCH window: 0x000000d9d00000-0x000000d9dfffff
[    0.566437] pci 0000:00:18.5: PCI bridge, secondary bus 0000:20
[    0.566438] pci 0000:00:18.5:   IO window: disabled
[    0.566469] pci 0000:00:18.5:   MEM window: 0xcbb00000-0xcbbfffff
[    0.566491] pci 0000:00:18.5:   PREFETCH window: 0x000000da100000-0x000000da1fffff
[    0.566535] pci 0000:00:18.6: PCI bridge, secondary bus 0000:21
[    0.566536] pci 0000:00:18.6:   IO window: disabled
[    0.566567] pci 0000:00:18.6:   MEM window: 0xcbf00000-0xcbffffff
[    0.566589] pci 0000:00:18.6:   PREFETCH window: 0x000000da500000-0x000000da5fffff
[    0.566633] pci 0000:00:18.7: PCI bridge, secondary bus 0000:22
[    0.566634] pci 0000:00:18.7:   IO window: disabled
[    0.566665] pci 0000:00:18.7:   MEM window: 0xcc300000-0xcc3fffff
[    0.566686] pci 0000:00:18.7:   PREFETCH window: 0x000000da900000-0x000000da9fffff
[    0.566763] pci 0000:00:01.0: setting latency timer to 64
[    0.566864] pci 0000:00:15.0: setting latency timer to 64
[    0.566934] pci 0000:00:15.1: setting latency timer to 64
[    0.567004] pci 0000:00:15.2: setting latency timer to 64
[    0.567074] pci 0000:00:15.3: setting latency timer to 64
[    0.567144] pci 0000:00:15.4: setting latency timer to 64
[    0.567239] pci 0000:00:15.5: setting latency timer to 64
[    0.567308] pci 0000:00:15.6: setting latency timer to 64
[    0.567378] pci 0000:00:15.7: setting latency timer to 64
[    0.567448] pci 0000:00:16.0: setting latency timer to 64
[    0.567518] pci 0000:00:16.1: setting latency timer to 64
[    0.567588] pci 0000:00:16.2: setting latency timer to 64
[    0.567657] pci 0000:00:16.3: setting latency timer to 64
[    0.567727] pci 0000:00:16.4: setting latency timer to 64
[    0.567797] pci 0000:00:16.5: setting latency timer to 64
[    0.567866] pci 0000:00:16.6: setting latency timer to 64
[    0.567936] pci 0000:00:16.7: setting latency timer to 64
[    0.568006] pci 0000:00:17.0: setting latency timer to 64
[    0.568076] pci 0000:00:17.1: setting latency timer to 64
[    0.568146] pci 0000:00:17.2: setting latency timer to 64
[    0.568242] pci 0000:00:17.3: setting latency timer to 64
[    0.568312] pci 0000:00:17.4: setting latency timer to 64
[    0.568382] pci 0000:00:17.5: setting latency timer to 64
[    0.568451] pci 0000:00:17.6: setting latency timer to 64
[    0.568521] pci 0000:00:17.7: setting latency timer to 64
[    0.568591] pci 0000:00:18.0: setting latency timer to 64
[    0.568660] pci 0000:00:18.1: setting latency timer to 64
[    0.568738] pci 0000:00:18.2: setting latency timer to 64
[    0.568808] pci 0000:00:18.3: setting latency timer to 64
[    0.568878] pci 0000:00:18.4: setting latency timer to 64
[    0.568947] pci 0000:00:18.5: setting latency timer to 64
[    0.569017] pci 0000:00:18.6: setting latency timer to 64
[    0.569086] pci 0000:00:18.7: setting latency timer to 64
[    0.569099] pci_bus 0000:00: resource 0 io:  [0x00-0xffff]
[    0.569101] pci_bus 0000:00: resource 1 mem: [0x000000-0xffffffffffffffff]
[    0.569104] pci_bus 0000:02: resource 0 io:  [0x2000-0x3fff]
[    0.569106] pci_bus 0000:02: resource 1 mem: [0xc9000000-0xca3fffff]
[    0.569107] pci_bus 0000:02: resource 2 pref mem [0xd8400000-0xd89fffff]
[    0.569109] pci_bus 0000:02: resource 3 io:  [0x00-0xffff]
[    0.569111] pci_bus 0000:02: resource 4 mem: [0x000000-0xffffffffffffffff]
[    0.569113] pci_bus 0000:03: resource 0 io:  [0x4000-0x4fff]
[    0.569115] pci_bus 0000:03: resource 1 mem: [0xca400000-0xca4fffff]
[    0.569117] pci_bus 0000:03: resource 2 pref mem [0xd8a00000-0xd8afffff]
[    0.569118] pci_bus 0000:04: resource 0 io:  [0x8000-0x8fff]
[    0.569120] pci_bus 0000:04: resource 1 mem: [0xca800000-0xca8fffff]
[    0.569122] pci_bus 0000:04: resource 2 pref mem [0xd8e00000-0xd8efffff]
[    0.569124] pci_bus 0000:05: resource 0 io:  [0xc000-0xcfff]
[    0.569126] pci_bus 0000:05: resource 1 mem: [0xcac00000-0xcacfffff]
[    0.569127] pci_bus 0000:05: resource 2 pref mem [0xd9200000-0xd92fffff]
[    0.569129] pci_bus 0000:06: resource 1 mem: [0xcb000000-0xcb0fffff]
[    0.569131] pci_bus 0000:06: resource 2 pref mem [0xd9600000-0xd96fffff]
[    0.569133] pci_bus 0000:07: resource 1 mem: [0xcb400000-0xcb4fffff]
[    0.569135] pci_bus 0000:07: resource 2 pref mem [0xd9a00000-0xd9afffff]
[    0.569136] pci_bus 0000:08: resource 1 mem: [0xcb800000-0xcb8fffff]
[    0.569138] pci_bus 0000:08: resource 2 pref mem [0xd9e00000-0xd9efffff]
[    0.569140] pci_bus 0000:09: resource 1 mem: [0xcbc00000-0xcbcfffff]
[    0.569142] pci_bus 0000:09: resource 2 pref mem [0xda200000-0xda2fffff]
[    0.569144] pci_bus 0000:0a: resource 1 mem: [0xcc000000-0xcc0fffff]
[    0.569146] pci_bus 0000:0a: resource 2 pref mem [0xda600000-0xda6fffff]
[    0.569147] pci_bus 0000:0b: resource 0 io:  [0x5000-0x5fff]
[    0.569149] pci_bus 0000:0b: resource 1 mem: [0xca500000-0xca5fffff]
[    0.569151] pci_bus 0000:0b: resource 2 pref mem [0xd8b00000-0xd8bfffff]
[    0.569153] pci_bus 0000:0c: resource 0 io:  [0x9000-0x9fff]
[    0.569154] pci_bus 0000:0c: resource 1 mem: [0xca900000-0xca9fffff]
[    0.569165] pci_bus 0000:0c: resource 2 pref mem [0xd8f00000-0xd8ffffff]
[    0.569176] pci_bus 0000:0d: resource 0 io:  [0xd000-0xdfff]
[    0.569178] pci_bus 0000:0d: resource 1 mem: [0xcad00000-0xcadfffff]
[    0.569180] pci_bus 0000:0d: resource 2 pref mem [0xd9300000-0xd93fffff]
[    0.569182] pci_bus 0000:0e: resource 1 mem: [0xcb100000-0xcb1fffff]
[    0.569184] pci_bus 0000:0e: resource 2 pref mem [0xd9700000-0xd97fffff]
[    0.569186] pci_bus 0000:0f: resource 1 mem: [0xcb500000-0xcb5fffff]
[    0.569188] pci_bus 0000:0f: resource 2 pref mem [0xd9b00000-0xd9bfffff]
[    0.569190] pci_bus 0000:10: resource 1 mem: [0xcb900000-0xcb9fffff]
[    0.569192] pci_bus 0000:10: resource 2 pref mem [0xd9f00000-0xd9ffffff]
[    0.569194] pci_bus 0000:11: resource 1 mem: [0xcbd00000-0xcbdfffff]
[    0.569196] pci_bus 0000:11: resource 2 pref mem [0xda300000-0xda3fffff]
[    0.569198] pci_bus 0000:12: resource 1 mem: [0xcc100000-0xcc1fffff]
[    0.569200] pci_bus 0000:12: resource 2 pref mem [0xda700000-0xda7fffff]
[    0.569202] pci_bus 0000:13: resource 0 io:  [0x6000-0x6fff]
[    0.569203] pci_bus 0000:13: resource 1 mem: [0xca600000-0xca6fffff]
[    0.569205] pci_bus 0000:13: resource 2 pref mem [0xd8c00000-0xd8cfffff]
[    0.569207] pci_bus 0000:14: resource 0 io:  [0xa000-0xafff]
[    0.569209] pci_bus 0000:14: resource 1 mem: [0xcaa00000-0xcaafffff]
[    0.569211] pci_bus 0000:14: resource 2 pref mem [0xd9000000-0xd90fffff]
[    0.569213] pci_bus 0000:15: resource 0 io:  [0xe000-0xefff]
[    0.569223] pci_bus 0000:15: resource 1 mem: [0xcae00000-0xcaefffff]
[    0.569226] pci_bus 0000:15: resource 2 pref mem [0xd9400000-0xd94fffff]
[    0.569227] pci_bus 0000:16: resource 1 mem: [0xcb200000-0xcb2fffff]
[    0.569229] pci_bus 0000:16: resource 2 pref mem [0xd9800000-0xd98fffff]
[    0.569231] pci_bus 0000:17: resource 1 mem: [0xcb600000-0xcb6fffff]
[    0.569233] pci_bus 0000:17: resource 2 pref mem [0xd9c00000-0xd9cfffff]
[    0.569235] pci_bus 0000:18: resource 1 mem: [0xcba00000-0xcbafffff]
[    0.569236] pci_bus 0000:18: resource 2 pref mem [0xda000000-0xda0fffff]
[    0.569238] pci_bus 0000:19: resource 1 mem: [0xcbe00000-0xcbefffff]
[    0.569240] pci_bus 0000:19: resource 2 pref mem [0xda400000-0xda4fffff]
[    0.569242] pci_bus 0000:1a: resource 1 mem: [0xcc200000-0xcc2fffff]
[    0.569244] pci_bus 0000:1a: resource 2 pref mem [0xda800000-0xda8fffff]
[    0.569246] pci_bus 0000:1b: resource 0 io:  [0x7000-0x7fff]
[    0.569247] pci_bus 0000:1b: resource 1 mem: [0xca700000-0xca7fffff]
[    0.569249] pci_bus 0000:1b: resource 2 pref mem [0xd8d00000-0xd8dfffff]
[    0.569251] pci_bus 0000:1c: resource 0 io:  [0xb000-0xbfff]
[    0.569253] pci_bus 0000:1c: resource 1 mem: [0xcab00000-0xcabfffff]
[    0.569254] pci_bus 0000:1c: resource 2 pref mem [0xd9100000-0xd91fffff]
[    0.569256] pci_bus 0000:1d: resource 0 io:  [0xf000-0xffff]
[    0.569258] pci_bus 0000:1d: resource 1 mem: [0xcaf00000-0xcaffffff]
[    0.569260] pci_bus 0000:1d: resource 2 pref mem [0xd9500000-0xd95fffff]
[    0.569261] pci_bus 0000:1e: resource 1 mem: [0xcb300000-0xcb3fffff]
[    0.569263] pci_bus 0000:1e: resource 2 pref mem [0xd9900000-0xd99fffff]
[    0.569265] pci_bus 0000:1f: resource 1 mem: [0xcb700000-0xcb7fffff]
[    0.569267] pci_bus 0000:1f: resource 2 pref mem [0xd9d00000-0xd9dfffff]
[    0.569269] pci_bus 0000:20: resource 1 mem: [0xcbb00000-0xcbbfffff]
[    0.569270] pci_bus 0000:20: resource 2 pref mem [0xda100000-0xda1fffff]
[    0.569272] pci_bus 0000:21: resource 1 mem: [0xcbf00000-0xcbffffff]
[    0.569274] pci_bus 0000:21: resource 2 pref mem [0xda500000-0xda5fffff]
[    0.569276] pci_bus 0000:22: resource 1 mem: [0xcc300000-0xcc3fffff]
[    0.569278] pci_bus 0000:22: resource 2 pref mem [0xda900000-0xda9fffff]
[    0.569300] NET: Registered protocol family 2
[    0.569317] RANDOM - __random32 called. Change num 7.  Value: 647ba296	db0e5c1d	6de96f10
[    0.569319] RANDOM - random32 called.  Value: 647ba296	db0e5c1d	6de96f10
[    0.569326] random 0000 0000 0000 00000000 00000000: rand_read_num 2 get_random_bytes(4): sig fffffe1a 00000000 00000000
[    0.569328] random 0000 0000 0000 00000000 00000000: extract_entropy(.. 4 ..)
[    0.569331] random 0000 0000 0000 00000000 00000000: going to reseed nonblocking with 64 bits (32 of 0 requested)
[    0.569333] random 0000 0000 0000 00000000 00000000: extract_entropy(.. 8 ..)
[    0.569335] random 0000 0000 0000 00000000 00000000: trying to extract 64 bits from input
[    0.569337] random 0000 0000 0000 00000000 00000000: debiting 0 entropy credits from input
[    0.569339] random 0000 0000 0000 00000000 00000000: extract_entropy account returned: 0 
[    0.569342] random 0000 0000 0000 00000000 00000000: urand_change_num 3 xfer_secondary_pool(4): pool_sig fffffe1a, data_sig 00000000, bytes_mixed 0 00000000 00000000
[    0.569345] random 0000 0000 0000 00000000 00000000: trying to extract 32 bits from nonblocking
[    0.569347] random 0000 0000 0000 00000000 00000000: debiting 32 entropy credits from nonblocking (unlimited)
[    0.569349] random 0000 0000 0000 00000000 00000000: extract_entropy account returned: 4 
[    0.569353] random 0000 0000 0000 00000000 00000000: urand_change_num 4 extract_buf: pool_sig fffffe1a, data_sig fffffed7, bytes_mixed 20 00000000 00000000
[    0.569381] IP route cache hash table entries: 32768 (order: 5, 131072 bytes)
[    0.569465] RANDOM - __random32 called. Change num 8.  Value: ba296205	b0e5c1db	de205442
[    0.569467] RANDOM - random32 called.  Value: ba296205	b0e5c1db	de205442
[    0.569522] RANDOM - __random32 called. Change num 9.  Value: 962052cd	e5c1db9	a885e45e
[    0.569524] RANDOM - random32 called.  Value: 962052cd	e5c1db9	a885e45e
[    0.569526] RANDOM - __random32 called. Change num 10.  Value: 52cd38f	e5c1db9b	c8bd9558
[    0.569528] RANDOM - random32 called.  Value: 52cd38f	e5c1db9b	c8bd9558
[    0.569549] RANDOM - __random32 called. Change num 11.  Value: cd38f3eb	5c1db9b9	2ab1aa27
[    0.569551] RANDOM - random32 called.  Value: cd38f3eb	5c1db9b9	2ab1aa27
[    0.569561] TCP established hash table entries: 131072 (order: 8, 1048576 bytes)
[    0.569879] TCP bind hash table entries: 65536 (order: 7, 524288 bytes)
[    0.570056] TCP: Hash tables configured (established 131072 bind 65536)
[    0.570059] TCP reno registered
[    0.570095] NET: Registered protocol family 1
[    0.570104] pci 0000:00:00.0: Limiting direct PCI/PCI transfers
[    0.570124] pci 0000:00:0f.0: Boot video device
[    0.570367] Trying to unpack rootfs image as initramfs...
[    1.659125] Freeing initrd memory: 83430k freed
[    1.663147] Simple Boot Flag at 0x36 set to 0x1
[    1.663192] cpufreq-nforce2: No nForce2 chipset.
[    1.663205] Scanning for low memory corruption every 60 seconds
[    1.663321] audit: initializing netlink socket (disabled)
[    1.663329] type=2000 audit(1369429626.648:1): initialized
[    1.667242] highmem bounce pool size: 64 pages
[    1.667246] HugeTLB registered 2 MB page size, pre-allocated 0 pages
[    1.667340] VFS: Disk quotas dquot_6.5.2
[    1.667370] Dquot-cache hash table entries: 1024 (order 0, 4096 bytes)
[    1.667446] fuse init (API version 7.13)
[    1.667490] msgmni has been set to 1729
[    1.667755] alg: No test for stdrng (krng)
[    1.667788] Block layer SCSI generic (bsg) driver version 0.4 loaded (major 253)
[    1.667790] io scheduler noop registered
[    1.667792] io scheduler anticipatory registered
[    1.667793] io scheduler deadline registered
[    1.667813] io scheduler cfq registered (default)
[    1.667858]   alloc irq_desc for 24 on node -1
[    1.667860]   alloc kstat_irqs on node -1
[    1.667905] pcieport 0000:00:15.0: irq 24 for MSI/MSI-X
[    1.667950] pcieport 0000:00:15.0: setting latency timer to 64
[    1.667995]   alloc irq_desc for 25 on node -1
[    1.667997]   alloc kstat_irqs on node -1
[    1.668042] pcieport 0000:00:15.1: irq 25 for MSI/MSI-X
[    1.668087] pcieport 0000:00:15.1: setting latency timer to 64
[    1.668132]   alloc irq_desc for 26 on node -1
[    1.668134]   alloc kstat_irqs on node -1
[    1.668179] pcieport 0000:00:15.2: irq 26 for MSI/MSI-X
[    1.668224] pcieport 0000:00:15.2: setting latency timer to 64
[    1.668269]   alloc irq_desc for 27 on node -1
[    1.668271]   alloc kstat_irqs on node -1
[    1.668316] pcieport 0000:00:15.3: irq 27 for MSI/MSI-X
[    1.668361] pcieport 0000:00:15.3: setting latency timer to 64
[    1.668406]   alloc irq_desc for 28 on node -1
[    1.668408]   alloc kstat_irqs on node -1
[    1.668453] pcieport 0000:00:15.4: irq 28 for MSI/MSI-X
[    1.668498] pcieport 0000:00:15.4: setting latency timer to 64
[    1.668543]   alloc irq_desc for 29 on node -1
[    1.668545]   alloc kstat_irqs on node -1
[    1.668590] pcieport 0000:00:15.5: irq 29 for MSI/MSI-X
[    1.668635] pcieport 0000:00:15.5: setting latency timer to 64
[    1.668680]   alloc irq_desc for 30 on node -1
[    1.668682]   alloc kstat_irqs on node -1
[    1.668727] pcieport 0000:00:15.6: irq 30 for MSI/MSI-X
[    1.668772] pcieport 0000:00:15.6: setting latency timer to 64
[    1.668817]   alloc irq_desc for 31 on node -1
[    1.668819]   alloc kstat_irqs on node -1
[    1.668864] pcieport 0000:00:15.7: irq 31 for MSI/MSI-X
[    1.668909] pcieport 0000:00:15.7: setting latency timer to 64
[    1.668954]   alloc irq_desc for 32 on node -1
[    1.668956]   alloc kstat_irqs on node -1
[    1.669001] pcieport 0000:00:16.0: irq 32 for MSI/MSI-X
[    1.669046] pcieport 0000:00:16.0: setting latency timer to 64
[    1.669091]   alloc irq_desc for 33 on node -1
[    1.669093]   alloc kstat_irqs on node -1
[    1.669138] pcieport 0000:00:16.1: irq 33 for MSI/MSI-X
[    1.669183] pcieport 0000:00:16.1: setting latency timer to 64
[    1.669228]   alloc irq_desc for 34 on node -1
[    1.669229]   alloc kstat_irqs on node -1
[    1.669274] pcieport 0000:00:16.2: irq 34 for MSI/MSI-X
[    1.669320] pcieport 0000:00:16.2: setting latency timer to 64
[    1.669365]   alloc irq_desc for 35 on node -1
[    1.669366]   alloc kstat_irqs on node -1
[    1.669411] pcieport 0000:00:16.3: irq 35 for MSI/MSI-X
[    1.669456] pcieport 0000:00:16.3: setting latency timer to 64
[    1.669501]   alloc irq_desc for 36 on node -1
[    1.669503]   alloc kstat_irqs on node -1
[    1.669548] pcieport 0000:00:16.4: irq 36 for MSI/MSI-X
[    1.669593] pcieport 0000:00:16.4: setting latency timer to 64
[    1.669638]   alloc irq_desc for 37 on node -1
[    1.669640]   alloc kstat_irqs on node -1
[    1.669685] pcieport 0000:00:16.5: irq 37 for MSI/MSI-X
[    1.669730] pcieport 0000:00:16.5: setting latency timer to 64
[    1.669775]   alloc irq_desc for 38 on node -1
[    1.669777]   alloc kstat_irqs on node -1
[    1.669822] pcieport 0000:00:16.6: irq 38 for MSI/MSI-X
[    1.669867] pcieport 0000:00:16.6: setting latency timer to 64
[    1.669912]   alloc irq_desc for 39 on node -1
[    1.669914]   alloc kstat_irqs on node -1
[    1.669959] pcieport 0000:00:16.7: irq 39 for MSI/MSI-X
[    1.670004] pcieport 0000:00:16.7: setting latency timer to 64
[    1.671165]   alloc irq_desc for 40 on node -1
[    1.671167]   alloc kstat_irqs on node -1
[    1.671212] pcieport 0000:00:17.0: irq 40 for MSI/MSI-X
[    1.671257] pcieport 0000:00:17.0: setting latency timer to 64
[    1.671302]   alloc irq_desc for 41 on node -1
[    1.671304]   alloc kstat_irqs on node -1
[    1.671349] pcieport 0000:00:17.1: irq 41 for MSI/MSI-X
[    1.671394] pcieport 0000:00:17.1: setting latency timer to 64
[    1.671439]   alloc irq_desc for 42 on node -1
[    1.671441]   alloc kstat_irqs on node -1
[    1.671486] pcieport 0000:00:17.2: irq 42 for MSI/MSI-X
[    1.671531] pcieport 0000:00:17.2: setting latency timer to 64
[    1.671576]   alloc irq_desc for 43 on node -1
[    1.671578]   alloc kstat_irqs on node -1
[    1.671623] pcieport 0000:00:17.3: irq 43 for MSI/MSI-X
[    1.671668] pcieport 0000:00:17.3: setting latency timer to 64
[    1.671713]   alloc irq_desc for 44 on node -1
[    1.671715]   alloc kstat_irqs on node -1
[    1.671760] pcieport 0000:00:17.4: irq 44 for MSI/MSI-X
[    1.671805] pcieport 0000:00:17.4: setting latency timer to 64
[    1.671850]   alloc irq_desc for 45 on node -1
[    1.671852]   alloc kstat_irqs on node -1
[    1.671897] pcieport 0000:00:17.5: irq 45 for MSI/MSI-X
[    1.671943] pcieport 0000:00:17.5: setting latency timer to 64
[    1.671988]   alloc irq_desc for 46 on node -1
[    1.671990]   alloc kstat_irqs on node -1
[    1.672035] pcieport 0000:00:17.6: irq 46 for MSI/MSI-X
[    1.672080] pcieport 0000:00:17.6: setting latency timer to 64
[    1.672125]   alloc irq_desc for 47 on node -1
[    1.672127]   alloc kstat_irqs on node -1
[    1.672172] pcieport 0000:00:17.7: irq 47 for MSI/MSI-X
[    1.672217] pcieport 0000:00:17.7: setting latency timer to 64
[    1.672262]   alloc irq_desc for 48 on node -1
[    1.672264]   alloc kstat_irqs on node -1
[    1.672309] pcieport 0000:00:18.0: irq 48 for MSI/MSI-X
[    1.672354] pcieport 0000:00:18.0: setting latency timer to 64
[    1.672399]   alloc irq_desc for 49 on node -1
[    1.672401]   alloc kstat_irqs on node -1
[    1.672446] pcieport 0000:00:18.1: irq 49 for MSI/MSI-X
[    1.672491] pcieport 0000:00:18.1: setting latency timer to 64
[    1.672536]   alloc irq_desc for 50 on node -1
[    1.672537]   alloc kstat_irqs on node -1
[    1.672582] pcieport 0000:00:18.2: irq 50 for MSI/MSI-X
[    1.672627] pcieport 0000:00:18.2: setting latency timer to 64
[    1.672673]   alloc irq_desc for 51 on node -1
[    1.672674]   alloc kstat_irqs on node -1
[    1.672719] pcieport 0000:00:18.3: irq 51 for MSI/MSI-X
[    1.672764] pcieport 0000:00:18.3: setting latency timer to 64
[    1.672809]   alloc irq_desc for 52 on node -1
[    1.672811]   alloc kstat_irqs on node -1
[    1.672856] pcieport 0000:00:18.4: irq 52 for MSI/MSI-X
[    1.672901] pcieport 0000:00:18.4: setting latency timer to 64
[    1.672946]   alloc irq_desc for 53 on node -1
[    1.672948]   alloc kstat_irqs on node -1
[    1.672993] pcieport 0000:00:18.5: irq 53 for MSI/MSI-X
[    1.673038] pcieport 0000:00:18.5: setting latency timer to 64
[    1.673083]   alloc irq_desc for 54 on node -1
[    1.673085]   alloc kstat_irqs on node -1
[    1.673130] pcieport 0000:00:18.6: irq 54 for MSI/MSI-X
[    1.673175] pcieport 0000:00:18.6: setting latency timer to 64
[    1.673220]   alloc irq_desc for 55 on node -1
[    1.673222]   alloc kstat_irqs on node -1
[    1.673267] pcieport 0000:00:18.7: irq 55 for MSI/MSI-X
[    1.673312] pcieport 0000:00:18.7: setting latency timer to 64
[    1.673357] pci_hotplug: PCI Hot Plug PCI Core version: 0.5
[    1.675182] pciehp 0000:00:15.0:pcie04: HPC vendor_id 15ad device_id 7a0 ss_vid 0 ss_did 0
[    1.675227] pciehp 0000:00:15.0:pcie04: service driver pciehp loaded
[    1.675272] pciehp 0000:00:15.1:pcie04: HPC vendor_id 15ad device_id 7a0 ss_vid 0 ss_did 0
[    1.675317] pciehp 0000:00:15.1:pcie04: service driver pciehp loaded
[    1.675362] pciehp 0000:00:15.2:pcie04: HPC vendor_id 15ad device_id 7a0 ss_vid 0 ss_did 0
[    1.675407] pciehp 0000:00:15.2:pcie04: service driver pciehp loaded
[    1.675453] pciehp 0000:00:15.3:pcie04: HPC vendor_id 15ad device_id 7a0 ss_vid 0 ss_did 0
[    1.675498] pciehp 0000:00:15.3:pcie04: service driver pciehp loaded
[    1.675543] pciehp 0000:00:15.4:pcie04: HPC vendor_id 15ad device_id 7a0 ss_vid 0 ss_did 0
[    1.675588] pciehp 0000:00:15.4:pcie04: service driver pciehp loaded
[    1.675633] pciehp 0000:00:15.5:pcie04: HPC vendor_id 15ad device_id 7a0 ss_vid 0 ss_did 0
[    1.675678] pciehp 0000:00:15.5:pcie04: service driver pciehp loaded
[    1.675723] pciehp 0000:00:15.6:pcie04: HPC vendor_id 15ad device_id 7a0 ss_vid 0 ss_did 0
[    1.675768] pciehp 0000:00:15.6:pcie04: service driver pciehp loaded
[    1.675813] pciehp 0000:00:15.7:pcie04: HPC vendor_id 15ad device_id 7a0 ss_vid 0 ss_did 0
[    1.675858] pciehp 0000:00:15.7:pcie04: service driver pciehp loaded
[    1.675903] pciehp 0000:00:16.0:pcie04: HPC vendor_id 15ad device_id 7a0 ss_vid 0 ss_did 0
[    1.675948] pciehp 0000:00:16.0:pcie04: service driver pciehp loaded
[    1.675993] pciehp 0000:00:16.1:pcie04: HPC vendor_id 15ad device_id 7a0 ss_vid 0 ss_did 0
[    1.676038] pciehp 0000:00:16.1:pcie04: service driver pciehp loaded
[    1.676083] pciehp 0000:00:16.2:pcie04: HPC vendor_id 15ad device_id 7a0 ss_vid 0 ss_did 0
[    1.676128] pciehp 0000:00:16.2:pcie04: service driver pciehp loaded
[    1.676173] pciehp 0000:00:16.3:pcie04: HPC vendor_id 15ad device_id 7a0 ss_vid 0 ss_did 0
[    1.676218] pciehp 0000:00:16.3:pcie04: service driver pciehp loaded
[    1.676263] pciehp 0000:00:16.4:pcie04: HPC vendor_id 15ad device_id 7a0 ss_vid 0 ss_did 0
[    1.676308] pciehp 0000:00:16.4:pcie04: service driver pciehp loaded
[    1.676353] pciehp 0000:00:16.5:pcie04: HPC vendor_id 15ad device_id 7a0 ss_vid 0 ss_did 0
[    1.676398] pciehp 0000:00:16.5:pcie04: service driver pciehp loaded
[    1.676443] pciehp 0000:00:16.6:pcie04: HPC vendor_id 15ad device_id 7a0 ss_vid 0 ss_did 0
[    1.676488] pciehp 0000:00:16.6:pcie04: service driver pciehp loaded
[    1.676533] pciehp 0000:00:16.7:pcie04: HPC vendor_id 15ad device_id 7a0 ss_vid 0 ss_did 0
[    1.676578] pciehp 0000:00:16.7:pcie04: service driver pciehp loaded
[    1.676623] pciehp 0000:00:17.0:pcie04: HPC vendor_id 15ad device_id 7a0 ss_vid 0 ss_did 0
[    1.676668] pciehp 0000:00:17.0:pcie04: service driver pciehp loaded
[    1.676713] pciehp 0000:00:17.1:pcie04: HPC vendor_id 15ad device_id 7a0 ss_vid 0 ss_did 0
[    1.676758] pciehp 0000:00:17.1:pcie04: service driver pciehp loaded
[    1.676803] pciehp 0000:00:17.2:pcie04: HPC vendor_id 15ad device_id 7a0 ss_vid 0 ss_did 0
[    1.676848] pciehp 0000:00:17.2:pcie04: service driver pciehp loaded
[    1.676893] pciehp 0000:00:17.3:pcie04: HPC vendor_id 15ad device_id 7a0 ss_vid 0 ss_did 0
[    1.676938] pciehp 0000:00:17.3:pcie04: service driver pciehp loaded
[    1.676983] pciehp 0000:00:17.4:pcie04: HPC vendor_id 15ad device_id 7a0 ss_vid 0 ss_did 0
[    1.677028] pciehp 0000:00:17.4:pcie04: service driver pciehp loaded
[    1.677074] pciehp 0000:00:17.5:pcie04: HPC vendor_id 15ad device_id 7a0 ss_vid 0 ss_did 0
[    1.677119] pciehp 0000:00:17.5:pcie04: service driver pciehp loaded
[    1.677164] pciehp 0000:00:17.6:pcie04: HPC vendor_id 15ad device_id 7a0 ss_vid 0 ss_did 0
[    1.677209] pciehp 0000:00:17.6:pcie04: service driver pciehp loaded
[    1.677254] pciehp 0000:00:17.7:pcie04: HPC vendor_id 15ad device_id 7a0 ss_vid 0 ss_did 0
[    1.677299] pciehp 0000:00:17.7:pcie04: service driver pciehp loaded
[    1.677344] pciehp 0000:00:18.0:pcie04: HPC vendor_id 15ad device_id 7a0 ss_vid 0 ss_did 0
[    1.677389] pciehp 0000:00:18.0:pcie04: service driver pciehp loaded
[    1.677434] pciehp 0000:00:18.1:pcie04: HPC vendor_id 15ad device_id 7a0 ss_vid 0 ss_did 0
[    1.677479] pciehp 0000:00:18.1:pcie04: service driver pciehp loaded
[    1.677524] pciehp 0000:00:18.2:pcie04: HPC vendor_id 15ad device_id 7a0 ss_vid 0 ss_did 0
[    1.677569] pciehp 0000:00:18.2:pcie04: service driver pciehp loaded
[    1.677614] pciehp 0000:00:18.3:pcie04: HPC vendor_id 15ad device_id 7a0 ss_vid 0 ss_did 0
[    1.677659] pciehp 0000:00:18.3:pcie04: service driver pciehp loaded
[    1.677704] pciehp 0000:00:18.4:pcie04: HPC vendor_id 15ad device_id 7a0 ss_vid 0 ss_did 0
[    1.677749] pciehp 0000:00:18.4:pcie04: service driver pciehp loaded
[    1.677794] pciehp 0000:00:18.5:pcie04: HPC vendor_id 15ad device_id 7a0 ss_vid 0 ss_did 0
[    1.677839] pciehp 0000:00:18.5:pcie04: service driver pciehp loaded
[    1.677884] pciehp 0000:00:18.6:pcie04: HPC vendor_id 15ad device_id 7a0 ss_vid 0 ss_did 0
[    1.677929] pciehp 0000:00:18.6:pcie04: service driver pciehp loaded
[    1.677974] pciehp 0000:00:18.7:pcie04: HPC vendor_id 15ad device_id 7a0 ss_vid 0 ss_did 0
[    1.678019] pciehp 0000:00:18.7:pcie04: service driver pciehp loaded
[    1.678026] pciehp: PCI Express Hot Plug Controller Driver version: 0.4
[    1.678075] ACPI: AC Adapter [ACAD] (on-line)
[    1.678126] input: Power Button as /devices/LNXSYSTM:00/LNXPWRBN:00/input/input0
[    1.678129] ACPI: Power Button [PWRF]
[    1.678174] processor LNXCPU:00: registered as cooling_device0
[    1.719083] isapnp: Scanning for PnP cards...
[    2.073039] isapnp: No Plug & Play device found
[    2.073069] random 0000 0000 0000 5f8db4e5 4cfdf2a8: initializing
[    2.073194] Linux agpgart interface v0.103
[    2.073233] agpgart-intel 0000:00:00.0: Intel 440BX Chipset
[    2.073285] agpgart-intel 0000:00:00.0: AGP aperture is 256M @ 0x0
[    2.073315] Serial: 8250/16550 driver, 32 ports, IRQ sharing enabled
[    2.073367] serial8250: ttyS0 at I/O 0x3f8 (irq = 4) is a 16550A
[    2.073419] serial8250: ttyS1 at I/O 0x2f8 (irq = 3) is a 16550A
[    2.073472] 00:0a: ttyS0 at I/O 0x3f8 (irq = 4) is a 16550A
[    2.073524] 00:0b: ttyS1 at I/O 0x2f8 (irq = 3) is a 16550A
[    2.073576] brd: module loaded
[    2.073629] loop: module loaded
[    2.073681] ata_piix 0000:00:07.1: version 2.13
[    2.073762] scsi0 : ata_piix
[    2.073808] scsi1 : ata_piix
[    2.073827] ata1: PATA max UDMA/33 cmd 0x1f0 ctl 0x3f6 bmdma 0x10c0 irq 14
[    2.073829] ata2: PATA max UDMA/33 cmd 0x170 ctl 0x376 bmdma 0x10c8 irq 15
[    2.073876] PPP generic driver version 2.4.2
[    2.073895] tun: Universal TUN/TAP device driver, 1.6
[    2.073896] tun: (C) 1999-2004 Max Krasnyansky <maxk@qualcomm.com>
[    2.073949] ehci_hcd: USB 2.0 'Enhanced' Host Controller (EHCI) Driver
[    2.074001] ACPI: PCI Interrupt Link [LNKB] enabled at IRQ 11
[    2.074004] PCI: setting IRQ 11 as level-triggered
[    2.074011] ehci_hcd 0000:02:03.0: PCI INT A -> Link[LNKB] -> GSI 11 (level, low) -> IRQ 11
[    2.074047] ehci_hcd 0000:02:03.0: EHCI Host Controller
[    2.074068] ehci_hcd 0000:02:03.0: new USB bus registered, assigned bus number 1
[    2.074121] ehci_hcd 0000:02:03.0: cache line size of 32 is not supported
[    2.074127] ehci_hcd 0000:02:03.0: irq 11, io mem 0xc9000000
[    2.074431] random 0000 0000 0000 00000000 00000000: rand_read_num 3 get_random_bytes(8): sig 00000000 00000000 00000000
[    2.074434] random 0000 0000 0000 00000000 00000000: extract_entropy(.. 8 ..)
[    2.074436] random 0000 0000 0000 00000000 00000000: going to reseed nonblocking with 64 bits (64 of 0 requested)
[    2.074438] random 0000 0000 0000 00000000 00000000: extract_entropy(.. 8 ..)
[    2.074441] random 0000 0000 0000 00000000 00000000: trying to extract 64 bits from input
[    2.074443] random 0000 0000 0000 00000000 00000000: debiting 0 entropy credits from input
[    2.074445] random 0000 0000 0000 00000000 00000000: extract_entropy account returned: 0 
[    2.074448] random 0000 0000 0000 00000000 00000000: urand_change_num 5 xfer_secondary_pool(8): pool_sig 00000000, data_sig 00000000, bytes_mixed 0 00000000 00000000
[    2.074450] random 0000 0000 0000 00000000 00000000: trying to extract 64 bits from nonblocking
[    2.074453] random 0000 0000 0000 00000000 00000000: debiting 64 entropy credits from nonblocking (unlimited)
[    2.074455] random 0000 0000 0000 00000000 00000000: extract_entropy account returned: 8 
[    2.074455] random 0000 0000 0000 00000000 00000000: urand_change_num 6 extract_buf: pool_sig 00000000, data_sig fffffff9, bytes_mixed 20 00000000 00000000
[    2.082516] ehci_hcd 0000:02:03.0: USB 2.0 started, EHCI 1.00
[    2.082568] usb usb1: configuration #1 chosen from 1 choice
[    2.082587] hub 1-0:1.0: USB hub found
[    2.082592] hub 1-0:1.0: 6 ports detected
[    2.082629] ohci_hcd: USB 1.1 'Open' Host Controller (OHCI) Driver
[    2.082640] uhci_hcd: USB Universal Host Controller Interface driver
[    2.082692] ACPI: PCI Interrupt Link [LNKC] enabled at IRQ 10
[    2.082695] PCI: setting IRQ 10 as level-triggered
[    2.082699] uhci_hcd 0000:02:00.0: PCI INT A -> Link[LNKC] -> GSI 10 (level, low) -> IRQ 10
[    2.082733] uhci_hcd 0000:02:00.0: UHCI Host Controller
[    2.082762] uhci_hcd 0000:02:00.0: new USB bus registered, assigned bus number 2
[    2.082869] uhci_hcd 0000:02:00.0: irq 10, io base 0x000020c0
[    2.082921] usb usb2: configuration #1 chosen from 1 choice
[    2.082937] hub 2-0:1.0: USB hub found
[    2.082942] hub 2-0:1.0: 2 ports detected
[    2.082994] usbcore: registered new interface driver libusual
[    2.083023] PNP: PS/2 Controller [PNP0303:KBC,PNP0f13:MOUS] at 0x60,0x64 irq 1,12
[    2.083355] serio: i8042 KBD port at 0x60,0x64 irq 1
[    2.083362] serio: i8042 AUX port at 0x60,0x64 irq 12
[    2.083398] mice: PS/2 mouse device common for all mice
[    2.083451] rtc_cmos 00:04: rtc core: registered rtc_cmos as rtc0
[    2.083467] rtc0: alarms up to one month, y3k, 114 bytes nvram, hpet irqs
[    2.083519] device-mapper: uevent: version 1.0.3
[    2.083637] device-mapper: ioctl: 4.15.0-ioctl (2009-04-01) initialised: dm-devel@redhat.com
[    2.083654] EISA: Probing bus 0 at eisa.0
[    2.083662] Cannot allocate resource for EISA slot 1
[    2.083664] Cannot allocate resource for EISA slot 2
[    2.083666] Cannot allocate resource for EISA slot 3
[    2.083667] Cannot allocate resource for EISA slot 4
[    2.083669] Cannot allocate resource for EISA slot 5
[    2.083671] Cannot allocate resource for EISA slot 6
[    2.083673] Cannot allocate resource for EISA slot 7
[    2.083675] Cannot allocate resource for EISA slot 8
[    2.083677] EISA: Detected 0 cards.
[    2.083723] cpuidle: using governor ladder
[    2.083725] cpuidle: using governor menu
[    2.083778] random 0000 0000 0000 00000000 00000000: rand_read_num 4 get_random_bytes(136): sig 0000021d 00000000 00000000
[    2.083780] random 0000 0000 0000 00000000 00000000: extract_entropy(.. 136 ..)
[    2.083783] random 0000 0000 0000 00000000 00000000: going to reseed nonblocking with 1024 bits (1088 of 0 requested)
[    2.083785] random 0000 0000 0000 00000000 00000000: extract_entropy(.. 128 ..)
[    2.083788] random 0000 0000 0000 00000000 00000000: trying to extract 1024 bits from input
[    2.083790] random 0000 0000 0000 00000000 00000000: debiting 0 entropy credits from input
[    2.083792] random 0000 0000 0000 00000000 00000000: extract_entropy account returned: 0 
[    2.083795] random 0000 0000 0000 00000000 00000000: urand_change_num 7 xfer_secondary_pool(136): pool_sig 0000021d, data_sig 00000000, bytes_mixed 0 00000000 00000000
[    2.083798] random 0000 0000 0000 00000000 00000000: trying to extract 1088 bits from nonblocking
[    2.083800] random 0000 0000 0000 00000000 00000000: debiting 1088 entropy credits from nonblocking (unlimited)
[    2.083803] random 0000 0000 0000 00000000 00000000: extract_entropy account returned: 136 
[    2.083806] random 0000 0000 0000 00000000 00000000: urand_change_num 8 extract_buf: pool_sig 0000021d, data_sig fffffff7, bytes_mixed 20 00000000 00000000
[    2.083811] random 0000 0000 0000 f961ee50 ba9cb1aa: urand_change_num 9 extract_buf: pool_sig 00000230, data_sig fffffeb4, bytes_mixed 20 f961ee50 ba9cb1aa
[    2.083816] random 0000 0000 0000 9748bdd6 56fb8af6: urand_change_num 10 extract_buf: pool_sig 00000373, data_sig 000000cf, bytes_mixed 20 9748bdd6 56fb8af6
[    2.083820] random 0000 0000 0000 9748bdd6 56fb8af6: urand_change_num 11 extract_buf: pool_sig fffffe49, data_sig 0000023f, bytes_mixed 20 9748bdd6 56fb8af6
[    2.083825] random 0000 0000 0000 a135be86 4777650e: urand_change_num 12 extract_buf: pool_sig fffffcce, data_sig 000000c6, bytes_mixed 20 a135be86 4777650e
[    2.083829] random 0000 0000 0000 4a6ea85d 170e00dd: urand_change_num 13 extract_buf: pool_sig ffffff97, data_sig ffffff7d, bytes_mixed 20 4a6ea85d 170e00dd
[    2.083834] random 0000 0000 0000 4a6ea85d 170e00dd: urand_change_num 14 extract_buf: pool_sig 00000160, data_sig fffffeea, bytes_mixed 20 4a6ea85d 170e00dd
[    2.083838] random 0000 0000 0000 6e87c3cb da668c73: urand_change_num 15 extract_buf: pool_sig 0000034f, data_sig ffffff54, bytes_mixed 20 6e87c3cb da668c73
[    2.083843] random 0000 0000 0000 6e87c3cb da668c73: urand_change_num 16 extract_buf: pool_sig fffffdc5, data_sig 00000205, bytes_mixed 20 6e87c3cb da668c73
[    2.083847] random 0000 0000 0000 39f531e6 461eb249: urand_change_num 17 extract_buf: pool_sig fffffc1d, data_sig ffffff5e, bytes_mixed 20 39f531e6 461eb249
[    2.083852] random 0000 0000 0000 7e1538a2 3e661182: urand_change_num 18 extract_buf: pool_sig 000006ef, data_sig ffffff2e, bytes_mixed 20 7e1538a2 3e661182
[    2.083856] random 0000 0000 0000 7e1538a2 3e661182: urand_change_num 19 extract_buf: pool_sig 00000317, data_sig fffffccb, bytes_mixed 20 7e1538a2 3e661182
[    2.083860] random 0000 0000 0000 76af506b 9b57305e: urand_change_num 20 extract_buf: pool_sig 00000227, data_sig ffffffd2, bytes_mixed 20 76af506b 9b57305e
[    2.083865] random 0000 0000 0000 37d49d89 e20417cc: urand_change_num 21 extract_buf: pool_sig 0000080b, data_sig 000001e9, bytes_mixed 20 37d49d89 e20417cc
[    2.083869] TCP cubic registered
[    2.083921] NET: Registered protocol family 10
[    2.083999] RANDOM - __random32 called. Change num 12.  Value: 8f3eba68	c1db9b96	544fe79f
[    2.084001] RANDOM - random32 called.  Value: 8f3eba68	c1db9b96	544fe79f
[    2.084011] random 0000 0000 0000 37d49d89 e20417cc: rand_read_num 5 get_random_bytes(4): sig 00000298 37d49d89 e20417cc
[    2.084013] random 0000 0000 0000 37d49d89 e20417cc: extract_entropy(.. 4 ..)
[    2.084015] random 0000 0000 0000 37d49d89 e20417cc: going to reseed nonblocking with 64 bits (32 of 0 requested)
[    2.084018] random 0000 0000 0000 37d49d89 e20417cc: extract_entropy(.. 8 ..)
[    2.084020] random 0000 0000 0000 37d49d89 e20417cc: trying to extract 64 bits from input
[    2.084022] random 0000 0000 0000 37d49d89 e20417cc: debiting 0 entropy credits from input
[    2.084024] random 0000 0000 0000 37d49d89 e20417cc: extract_entropy account returned: 0 
[    2.084027] random 0000 0000 0000 37d49d89 e20417cc: urand_change_num 22 xfer_secondary_pool(4): pool_sig 00000298, data_sig 00000000, bytes_mixed 0 37d49d89 e20417cc
[    2.084030] random 0000 0000 0000 37d49d89 e20417cc: trying to extract 32 bits from nonblocking
[    2.084032] random 0000 0000 0000 37d49d89 e20417cc: debiting 32 entropy credits from nonblocking (unlimited)
[    2.084034] random 0000 0000 0000 37d49d89 e20417cc: extract_entropy account returned: 4 
[    2.084038] random 0000 0000 0000 37d49d89 e20417cc: urand_change_num 23 extract_buf: pool_sig 00000298, data_sig 00000092, bytes_mixed 20 37d49d89 e20417cc
[    2.084090] RANDOM - __random32 called. Change num 13.  Value: eba68b0e	1db9b963	cf3ec61b
[    2.084092] RANDOM - random32 called.  Value: eba68b0e	1db9b963	cf3ec61b
[    2.084145] NET: Registered protocol family 17
[    2.084167] Using IPI No-Shortcut mode
[    2.084172] random 0000 0000 0000 2ee4c4fc 167bdb15: rand_read_num 6 get_random_bytes(8): sig fffffcbf 2ee4c4fc 167bdb15
[    2.084175] random 0000 0000 0000 2ee4c4fc 167bdb15: extract_entropy(.. 8 ..)
[    2.084177] random 0000 0000 0000 2ee4c4fc 167bdb15: going to reseed nonblocking with 64 bits (64 of 0 requested)
[    2.084179] random 0000 0000 0000 2ee4c4fc 167bdb15: extract_entropy(.. 8 ..)
[    2.084181] random 0000 0000 0000 2ee4c4fc 167bdb15: trying to extract 64 bits from input
[    2.084183] random 0000 0000 0000 2ee4c4fc 167bdb15: debiting 0 entropy credits from input
[    2.084186] random 0000 0000 0000 2ee4c4fc 167bdb15: extract_entropy account returned: 0 
[    2.084189] random 0000 0000 0000 2ee4c4fc 167bdb15: urand_change_num 24 xfer_secondary_pool(8): pool_sig fffffcbf, data_sig 00000000, bytes_mixed 0 2ee4c4fc 167bdb15
[    2.084191] random 0000 0000 0000 2ee4c4fc 167bdb15: trying to extract 64 bits from nonblocking
[    2.084194] random 0000 0000 0000 2ee4c4fc 167bdb15: debiting 64 entropy credits from nonblocking (unlimited)
[    2.084196] random 0000 0000 0000 2ee4c4fc 167bdb15: extract_entropy account returned: 8 
[    2.084199] random 0000 0000 0000 2ee4c4fc 167bdb15: urand_change_num 25 extract_buf: pool_sig fffffcbf, data_sig ffffff83, bytes_mixed 20 2ee4c4fc 167bdb15
[    2.084241] PM: Resume from disk failed.
[    2.084248] registered taskstats version 1
[    2.084251] random 0000 0000 0000 2ee4c4fc 167bdb15: rand_read_num 7 get_random_bytes(12): sig fffffc69 2ee4c4fc 167bdb15
[    2.084254] random 0000 0000 0000 2ee4c4fc 167bdb15: extract_entropy(.. 12 ..)
[    2.084256] random 0000 0000 0000 2ee4c4fc 167bdb15: going to reseed nonblocking with 96 bits (96 of 0 requested)
[    2.084258] random 0000 0000 0000 2ee4c4fc 167bdb15: extract_entropy(.. 12 ..)
[    2.084260] random 0000 0000 0000 2ee4c4fc 167bdb15: trying to extract 96 bits from input
[    2.084262] random 0000 0000 0000 2ee4c4fc 167bdb15: debiting 0 entropy credits from input
[    2.084264] random 0000 0000 0000 2ee4c4fc 167bdb15: extract_entropy account returned: 0 
[    2.084267] random 0000 0000 0000 2ee4c4fc 167bdb15: urand_change_num 26 xfer_secondary_pool(12): pool_sig fffffc69, data_sig 00000000, bytes_mixed 0 2ee4c4fc 167bdb15
[    2.084270] random 0000 0000 0000 2ee4c4fc 167bdb15: trying to extract 96 bits from nonblocking
[    2.084272] random 0000 0000 0000 2ee4c4fc 167bdb15: debiting 96 entropy credits from nonblocking (unlimited)
[    2.084274] random 0000 0000 0000 2ee4c4fc 167bdb15: extract_entropy account returned: 12 
[    2.084278] random 0000 0000 0000 2ee4c4fc 167bdb15: urand_change_num 27 extract_buf: pool_sig fffffc69, data_sig ffffff7d, bytes_mixed 20 2ee4c4fc 167bdb15
[    2.084282] random 0000 0000 0000 83b7c1ab 94697f48: urand_change_num 28 extract_buf: pool_sig fffffe30, data_sig fffffdd6, bytes_mixed 20 83b7c1ab 94697f48
[    2.084285] RANDOM - __seed init called.
[    2.084287] RANDOM - __seed init called.
[    2.084288] RANDOM - __seed init called.
[    2.084290] RANDOM - __random32 called. Change num 14.  Value: fc007995	feca4f80	21b38ad2
[    2.084291] RANDOM - random32_reseed called.  Value: fc007995	feca4f80	21b38ad2
[    2.084294] Pid: 1, comm: swapper Not tainted 2.6.32.57 #4
[    2.084296] Call Trace:
[    2.084302]  [<c14a8a0e>] ? printk+0x1d/0x1f
[    2.084307]  [<c17537e5>] random32_reseed+0x89/0xbd
[    2.084310]  [<c1003042>] do_one_initcall+0x32/0x1a0
[    2.084313]  [<c175375c>] ? random32_reseed+0x0/0xbd
[    2.084316]  [<c17308e7>] kernel_init+0x12d/0x17a
[    2.084319]  [<c17307ba>] ? kernel_init+0x0/0x17a
[    2.084322]  [<c1009b07>] kernel_thread_helper+0x7/0x10
[    2.087049] input: AT Translated Set 2 keyboard as /devices/platform/i8042/serio0/input/input1
[    2.087326] random 0000 0000 0000 6db70b00 b30ce96b: rand_read_num 8 get_random_bytes(64): sig fffffb38 6db70b00 b30ce96b
[    2.087329] random 0000 0000 0000 6db70b00 b30ce96b: extract_entropy(.. 64 ..)
[    2.087332] random 0000 0000 0000 6db70b00 b30ce96b: going to reseed nonblocking with 512 bits (512 of 0 requested)
[    2.087334] random 0000 0000 0000 6db70b00 b30ce96b: extract_entropy(.. 64 ..)
[    2.087336] random 0000 0000 0000 6db70b00 b30ce96b: trying to extract 512 bits from input
[    2.087338] random 0000 0000 0000 6db70b00 b30ce96b: debiting 0 entropy credits from input
[    2.087341] random 0000 0000 0000 6db70b00 b30ce96b: extract_entropy account returned: 0 
[    2.087344] random 0000 0000 0000 6db70b00 b30ce96b: urand_change_num 29 xfer_secondary_pool(64): pool_sig fffffb38, data_sig 00000000, bytes_mixed 0 6db70b00 b30ce96b
[    2.087346] random 0000 0000 0000 6db70b00 b30ce96b: trying to extract 512 bits from nonblocking
[    2.087349] random 0000 0000 0000 6db70b00 b30ce96b: debiting 512 entropy credits from nonblocking (unlimited)
[    2.087351] random 0000 0000 0000 6db70b00 b30ce96b: extract_entropy account returned: 64 
[    2.087355] random 0000 0000 0000 6db70b00 b30ce96b: urand_change_num 30 extract_buf: pool_sig fffffb38, data_sig 00000151, bytes_mixed 20 6db70b00 b30ce96b
[    2.087359] random 0000 0000 0000 6db70b00 b30ce96b: urand_change_num 31 extract_buf: pool_sig fffffdb8, data_sig 00000379, bytes_mixed 20 6db70b00 b30ce96b
[    2.087364] random 0000 0000 0000 6b83001e d4b6c0d3: urand_change_num 32 extract_buf: pool_sig ffffffc9, data_sig 00000198, bytes_mixed 20 6b83001e d4b6c0d3
[    2.087368] random 0000 0000 0000 79d3e3c7 be564518: urand_change_num 33 extract_buf: pool_sig 000002b9, data_sig ffffff84, bytes_mixed 20 79d3e3c7 be564518
[    2.087372] random 0000 0000 0000 79d3e3c7 be564518: urand_change_num 34 extract_buf: pool_sig ffffff55, data_sig ffffff5a, bytes_mixed 20 79d3e3c7 be564518
[    2.087377] random 0000 0000 0000 89c03cb2 0d353228: urand_change_num 35 extract_buf: pool_sig 00000007, data_sig ffffff17, bytes_mixed 20 89c03cb2 0d353228
[    2.087381] random 0000 0000 0000 89c03cb2 0d353228: urand_change_num 36 extract_buf: pool_sig fffffdae, data_sig 000000db, bytes_mixed 20 89c03cb2 0d353228  Magic number: 13:91:147
[    2.087410] acpi device:18: hash matches
[    2.087479] rtc_cmos 00:04: setting system clock to 2013-05-24 21:07:08 UTC (1369429628)
[    2.087482] BIOS EDD facility v0.16 2004-Jun-25, 0 devices found
[    2.087483] EDD information not available.
[    2.087507] random 0000 0000 0000 8ca62387 b120332c: rand_read_num 9 get_random_bytes(64): sig fffffed6 8ca62387 b120332c
[    2.087510] random 0000 0000 0000 8ca62387 b120332c: extract_entropy(.. 64 ..)
[    2.087512] random 0000 0000 0000 8ca62387 b120332c: going to reseed nonblocking with 512 bits (512 of 0 requested)
[    2.087514] random 0000 0000 0000 8ca62387 b120332c: extract_entropy(.. 64 ..)
[    2.087516] random 0000 0000 0000 8ca62387 b120332c: trying to extract 512 bits from input
[    2.087518] random 0000 0000 0000 8ca62387 b120332c: debiting 0 entropy credits from input
[    2.087520] random 0000 0000 0000 8ca62387 b120332c: extract_entropy account returned: 0 
[    2.087523] random 0000 0000 0000 8ca62387 b120332c: urand_change_num 37 xfer_secondary_pool(64): pool_sig fffffed6, data_sig 00000000, bytes_mixed 0 8ca62387 b120332c
[    2.087526] random 0000 0000 0000 8ca62387 b120332c: trying to extract 512 bits from nonblocking
[    2.087528] random 0000 0000 0000 8ca62387 b120332c: debiting 512 entropy credits from nonblocking (unlimited)
[    2.087531] random 0000 0000 0000 8ca62387 b120332c: extract_entropy account returned: 64 
[    2.087534] random 0000 0000 0000 8ca62387 b120332c: urand_change_num 38 extract_buf: pool_sig fffffed6, data_sig fffffeb6, bytes_mixed 20 8ca62387 b120332c
[    2.087538] random 0000 0000 0000 90702413 e2a66c2e: urand_change_num 39 extract_buf: pool_sig fffffbb0, data_sig 0000012e, bytes_mixed 20 90702413 e2a66c2e
[    2.087543] random 0000 0000 0000 90702413 e2a66c2e: urand_change_num 40 extract_buf: pool_sig fffffaf1, data_sig ffffff3c, bytes_mixed 20 90702413 e2a66c2e
[    2.087547] random 0000 0000 0000 3f58038b c77aecb6: urand_change_num 41 extract_buf: pool_sig 00000234, data_sig fffffdec, bytes_mixed 20 3f58038b c77aecb6
[    2.087552] random 0000 0000 0000 47187b9d 03f21510: urand_change_num 42 extract_buf: pool_sig 00000192, data_sig 00000075, bytes_mixed 20 47187b9d 03f21510
[    2.087556] random 0000 0000 0000 47187b9d 03f21510: urand_change_num 43 extract_buf: pool_sig 0000018e, data_sig ffffffbf, bytes_mixed 20 47187b9d 03f21510
[    2.087561] random 0000 0000 0000 3180b1fc 0fa9c973: urand_change_num 44 extract_buf: pool_sig fffffecf, data_sig ffffff2a, bytes_mixed 20 3180b1fc 0fa9c973
[    2.087563] BEGIN NET_SECRET:
[    2.087565] \xffffff87
[    2.087566] \xffffff8d
[    2.087567] \xfffffff4
[    2.087568] \xffffffae
[    2.087569] \xffffffc3
[    2.087571] \xffffffb7
[    2.087572] \x31
[    2.087573] \x65
[    2.087574] \xffffffda
[    2.087575] \xffffffa2
[    2.087576] \x31
[    2.087578] \xffffffc8
[    2.087579] \xffffffa9
[    2.087580] \x76
[    2.087581] \x76
[    2.087582] \xffffff90
[    2.087583] \x55
[    2.087584] \xfffffff3
[    2.087586] \xffffffb1
[    2.087587] \x3
[    2.087588] \xffffffb3
[    2.087589] \xffffffa7
[    2.087590] \x5a
[    2.087591] \x71
[    2.087592] \x70
[    2.087594] \xffffff8c
[    2.087595] \x56
[    2.087596] \x25
[    2.087597] \xffffffe1
[    2.087598] \x4c
[    2.087599] \xffffffe6
[    2.087600] \xffffff95
[    2.087602] \x67
[    2.087603] \x4c
[    2.087604] \xffffffb9
[    2.087605] \x1d
[    2.087606] \xe
[    2.087607] \x34
[    2.087608] \xffffffbe
[    2.087609] \x12
[    2.087611] \x5
[    2.087612] \xffffff98
[    2.087613] \xffffffa0
[    2.087614] \xf
[    2.087615] \xffffffb2
[    2.087616] \xffffffde
[    2.087617] \xffffff99
[    2.087619] \xf
[    2.087620] \xffffffe8
[    2.087621] \xffffffc8
[    2.087622] \x1f
[    2.087623] \x54
[    2.087624] \x2c
[    2.087625] \xffffffee
[    2.087626] \x2e
[    2.087628] \x0
[    2.087629] \xffffff95
[    2.087630] \x0
[    2.087631] \xffffffe3
[    2.087632] \xffffffa7
[    2.087633] \xfffffffd
[    2.087634] \x66
[    2.087636] \xffffff92
[    2.087637] \xfffffff0
[    2.087638] 
[    2.087639] END NET_SECRET
[    2.087642] random 0000 0000 0000 3180b1fc 0fa9c973: rand_read_num 10 get_random_bytes(4): sig ffffff46 3180b1fc 0fa9c973
[    2.087644] random 0000 0000 0000 3180b1fc 0fa9c973: extract_entropy(.. 4 ..)
[    2.087646] random 0000 0000 0000 3180b1fc 0fa9c973: going to reseed nonblocking with 64 bits (32 of 0 requested)
[    2.087648] random 0000 0000 0000 3180b1fc 0fa9c973: extract_entropy(.. 8 ..)
[    2.087650] random 0000 0000 0000 3180b1fc 0fa9c973: trying to extract 64 bits from input
[    2.087653] random 0000 0000 0000 3180b1fc 0fa9c973: debiting 0 entropy credits from input
[    2.087655] random 0000 0000 0000 3180b1fc 0fa9c973: extract_entropy account returned: 0 
[    2.087658] random 0000 0000 0000 3180b1fc 0fa9c973: urand_change_num 45 xfer_secondary_pool(4): pool_sig ffffff46, data_sig 00000000, bytes_mixed 0 3180b1fc 0fa9c973
[    2.087660] random 0000 0000 0000 3180b1fc 0fa9c973: trying to extract 32 bits from nonblocking
[    2.087663] random 0000 0000 0000 3180b1fc 0fa9c973: debiting 32 entropy credits from nonblocking (unlimited)
[    2.087665] random 0000 0000 0000 3180b1fc 0fa9c973: extract_entropy account returned: 4 
[    2.087668] random 0000 0000 0000 3180b1fc 0fa9c973: urand_change_num 46 extract_buf: pool_sig ffffff46, data_sig 0000001b, bytes_mixed 20 3180b1fc 0fa9c973
[    2.260331] ata2.00: ATAPI: VMware Virtual IDE CDROM Drive, 00000001, max UDMA/33
[    2.260612] ata2.00: configured for UDMA/33
[    2.260981] scsi 1:0:0:0: CD-ROM            NECVMWar VMware IDE CDR10 1.00 PQ: 0 ANSI: 5
[    2.262264] sr0: scsi3-mmc drive: 306x/306x cd/rw xa/form2 cdda tray
[    2.262267] Uniform CD-ROM driver Revision: 3.20
[    2.262320] sr 1:0:0:0: Attached scsi CD-ROM sr0
[    2.262356] sr 1:0:0:0: Attached scsi generic sg0 type 5
[    2.262394] Freeing unused kernel memory: 652k freed
[    2.262446] Write protecting the kernel text: 4840k
[    2.262477] Write protecting the kernel read-only data: 1968k
