[    0.000000] random 0000 0000 0000 00000000 00000000: rand_read_num 1 get_random_bytes(8): sig 00000000 00000000 00000000
[    0.000000] random 0000 0000 0000 00000000 00000000: extract_entropy(.. 8 ..)
[    0.000000] random 0000 0000 0000 00000000 00000000: going to reseed nonblocking with 64 bits (64 of 0 requested)
[    0.000000] random 0000 0000 0000 00000000 00000000: extract_entropy(.. 8 ..)
[    0.000000] random 0000 0000 0000 00000000 00000000: trying to extract 64 bits from input
[    0.000000] random 0000 0000 0000 00000000 00000000: debiting 0 entropy credits from input
[    0.000000] random 0000 0000 0000 00000000 00000000: extract_entropy account returned: 0 
[    0.000000] random 0000 0000 0000 00000000 00000000: urand_change_num 1 xfer_secondary_pool(8): pool_sig 00000000, data_sig 00000000, bytes_mixed 0 00000000 00000000
[    0.000000] random 0000 0000 0000 00000000 00000000: trying to extract 64 bits from nonblocking
[    0.000000] random 0000 0000 0000 00000000 00000000: debiting 64 entropy credits from nonblocking (unlimited)
[    0.000000] random 0000 0000 0000 00000000 00000000: extract_entropy account returned: 8 
[    0.000000] random 0000 0000 0000 00000000 00000000: urand_change_num 2 extract_buf: pool_sig 00000000, data_sig fffffff9, bytes_mixed 20 00000000 00000000
[    0.000000] Initializing cgroup subsys cpuset
[    0.000000] Initializing cgroup subsys cpu
[    0.000000] Linux version 2.6.32.57 (dcashman@ubuntu) (gcc version 4.6.3 (Ubuntu/Linaro 4.6.3-1ubuntu5) ) #4 SMP Fri May 24 11:09:26 PDT 2013
[    0.000000] KERNEL supported cpus:
[    0.000000]   Intel GenuineIntel
[    0.000000]   AMD AuthenticAMD
[    0.000000]   NSC Geode by NSC
[    0.000000]   Cyrix CyrixInstead
[    0.000000]   Centaur CentaurHauls
[    0.000000]   Transmeta GenuineTMx86
[    0.000000]   Transmeta TransmetaCPU
[    0.000000]   UMC UMC UMC UMC
[    0.000000] BIOS-provided physical RAM map:
[    0.000000]  BIOS-e820: 0000000000000000 - 000000000009f000 (usable)
[    0.000000]  BIOS-e820: 000000000009f000 - 00000000000a0000 (reserved)
[    0.000000]  BIOS-e820: 00000000000ca000 - 00000000000cc000 (reserved)
[    0.000000]  BIOS-e820: 00000000000dc000 - 0000000000100000 (reserved)
[    0.000000]  BIOS-e820: 0000000000100000 - 000000003fee0000 (usable)
[    0.000000]  BIOS-e820: 000000003fee0000 - 000000003feff000 (ACPI data)
[    0.000000]  BIOS-e820: 000000003feff000 - 000000003ff00000 (ACPI NVS)
[    0.000000]  BIOS-e820: 000000003ff00000 - 0000000040000000 (usable)
[    0.000000]  BIOS-e820: 00000000e0000000 - 00000000f0000000 (reserved)
[    0.000000]  BIOS-e820: 00000000fec00000 - 00000000fec10000 (reserved)
[    0.000000]  BIOS-e820: 00000000fee00000 - 00000000fee01000 (reserved)
[    0.000000]  BIOS-e820: 00000000fffe0000 - 0000000100000000 (reserved)
[    0.000000] DMI present.
[    0.000000] Phoenix BIOS detected: BIOS may corrupt low RAM, working around it.
[    0.000000] e820 update range: 0000000000000000 - 0000000000010000 (usable) ==> (reserved)
[    0.000000] last_pfn = 0x40000 max_arch_pfn = 0x1000000
[    0.000000] MTRR default type: uncachable
[    0.000000] MTRR fixed ranges enabled:
[    0.000000]   00000-9FFFF write-back
[    0.000000]   A0000-BFFFF uncachable
[    0.000000]   C0000-CBFFF write-protect
[    0.000000]   CC000-EFFFF uncachable
[    0.000000]   F0000-FFFFF write-protect
[    0.000000] MTRR variable ranges enabled:
[    0.000000]   0 base 0000000000 mask FFC0000000 write-back
[    0.000000]   1 disabled
[    0.000000]   2 disabled
[    0.000000]   3 disabled
[    0.000000]   4 disabled
[    0.000000]   5 disabled
[    0.000000]   6 disabled
[    0.000000]   7 disabled
[    0.000000] x86 PAT enabled: cpu 0, old 0x0, new 0x7010600070106
[    0.000000] Scanning 0 areas for low memory corruption
[    0.000000] modified physical RAM map:
[    0.000000]  modified: 0000000000000000 - 0000000000010000 (reserved)
[    0.000000]  modified: 0000000000010000 - 000000000009f000 (usable)
[    0.000000]  modified: 000000000009f000 - 00000000000a0000 (reserved)
[    0.000000]  modified: 00000000000ca000 - 00000000000cc000 (reserved)
[    0.000000]  modified: 00000000000dc000 - 0000000000100000 (reserved)
[    0.000000]  modified: 0000000000100000 - 000000003fee0000 (usable)
[    0.000000]  modified: 000000003fee0000 - 000000003feff000 (ACPI data)
[    0.000000]  modified: 000000003feff000 - 000000003ff00000 (ACPI NVS)
[    0.000000]  modified: 000000003ff00000 - 0000000040000000 (usable)
[    0.000000]  modified: 00000000e0000000 - 00000000f0000000 (reserved)
[    0.000000]  modified: 00000000fec00000 - 00000000fec10000 (reserved)
[    0.000000]  modified: 00000000fee00000 - 00000000fee01000 (reserved)
[    0.000000]  modified: 00000000fffe0000 - 0000000100000000 (reserved)
[    0.000000] initial memory mapped : 0 - 01e00000
[    0.000000] init_memory_mapping: 0000000000000000-00000000379fe000
[    0.000000] NX (Execute Disable) protection: active
[    0.000000]  0000000000 - 0000200000 page 4k
[    0.000000]  0000200000 - 0037800000 page 2M
[    0.000000]  0037800000 - 00379fe000 page 4k
[    0.000000] kernel direct mapping tables up to 379fe000 @ 10000-16000
[    0.000000] RAMDISK: 2dcfc000 - 32e758c3
[    0.000000] ACPI: RSDP 000f6b80 00024 (v02 PTLTD )
[    0.000000] ACPI: XSDT 3feed636 0005C (v01 INTEL  440BX    06040000 VMW  01324272)
[    0.000000] ACPI: FACP 3fefee98 000F4 (v04 INTEL  440BX    06040000 PTL  000F4240)
[    0.000000] ACPI: DSDT 3feee366 10B32 (v01 PTLTD  Custom   06040000 MSFT 03000001)
[    0.000000] ACPI: FACS 3fefffc0 00040
[    0.000000] ACPI: BOOT 3feee33e 00028 (v01 PTLTD  $SBFTBL$ 06040000  LTP 00000001)
[    0.000000] ACPI: APIC 3feedc3e 003C2 (v01 PTLTD  ? APIC   06040000  LTP 00000000)
[    0.000000] ACPI: MCFG 3feedc02 0003C (v01 PTLTD  $PCITBL$ 06040000  LTP 00000001)
[    0.000000] ACPI: SRAT 3feed732 004D0 (v02 VMWARE MEMPLUG  06040000 VMW  00000001)
[    0.000000] ACPI: HPET 3feed6fa 00038 (v01 VMWARE VMW HPET 06040000 VMW  00000001)
[    0.000000] ACPI: WAET 3feed6d2 00028 (v01 VMWARE VMW WAET 06040000 VMW  00000001)
[    0.000000] ACPI: Local APIC address 0xfee00000
[    0.000000] 134MB HIGHMEM available.
[    0.000000] 889MB LOWMEM available.
[    0.000000]   mapped low ram: 0 - 379fe000
[    0.000000]   low ram: 0 - 379fe000
[    0.000000]   node 0 low ram: 00000000 - 379fe000
[    0.000000]   node 0 bootmap 00012000 - 00018f40
[    0.000000] (9 early reservations) ==> bootmem [0000000000 - 00379fe000]
[    0.000000]   #0 [0000000000 - 0000001000]   BIOS data page ==> [0000000000 - 0000001000]
[    0.000000]   #1 [0000001000 - 0000002000]    EX TRAMPOLINE ==> [0000001000 - 0000002000]
[    0.000000]   #2 [0000006000 - 0000007000]       TRAMPOLINE ==> [0000006000 - 0000007000]
[    0.000000]   #3 [0001000000 - 0001a75ff8]    TEXT DATA BSS ==> [0001000000 - 0001a75ff8]
[    0.000000]   #4 [002dcfc000 - 0032e758c3]          RAMDISK ==> [002dcfc000 - 0032e758c3]
[    0.000000]   #5 [000009f000 - 0000100000]    BIOS reserved ==> [000009f000 - 0000100000]
[    0.000000]   #6 [0001a76000 - 0001a851c0]              BRK ==> [0001a76000 - 0001a851c0]
[    0.000000]   #7 [0000010000 - 0000012000]          PGTABLE ==> [0000010000 - 0000012000]
[    0.000000]   #8 [0000012000 - 0000019000]          BOOTMAP ==> [0000012000 - 0000019000]
[    0.000000] found SMP MP-table at [c00f6bf0] f6bf0
[    0.000000] Zone PFN ranges:
[    0.000000]   DMA      0x00000010 -> 0x00001000
[    0.000000]   Normal   0x00001000 -> 0x000379fe
[    0.000000]   HighMem  0x000379fe -> 0x00040000
[    0.000000] Movable zone start PFN for each node
[    0.000000] early_node_map[3] active PFN ranges
[    0.000000]     0: 0x00000010 -> 0x0000009f
[    0.000000]     0: 0x00000100 -> 0x0003fee0
[    0.000000]     0: 0x0003ff00 -> 0x00040000
[    0.000000] On node 0 totalpages: 261999
[    0.000000] free_area_init_node: node 0, pgdat c1715200, node_mem_map c1a87200
[    0.000000]   DMA zone: 32 pages used for memmap
[    0.000000]   DMA zone: 0 pages reserved
[    0.000000]   DMA zone: 3951 pages, LIFO batch:0
[    0.000000]   Normal zone: 1748 pages used for memmap
[    0.000000]   Normal zone: 221994 pages, LIFO batch:31
[    0.000000]   HighMem zone: 269 pages used for memmap
[    0.000000]   HighMem zone: 34005 pages, LIFO batch:7
[    0.000000] Using APIC driver default
[    0.000000] ACPI: PM-Timer IO Port: 0x1008
[    0.000000] ACPI: Local APIC address 0xfee00000
[    0.000000] ACPI: LAPIC (acpi_id[0x00] lapic_id[0x00] enabled)
[    0.000000] ACPI: LAPIC (acpi_id[0x01] lapic_id[0x02] disabled)
[    0.000000] ACPI: LAPIC (acpi_id[0x02] lapic_id[0x04] disabled)
[    0.000000] ACPI: LAPIC (acpi_id[0x03] lapic_id[0x06] disabled)
[    0.000000] ACPI: LAPIC (acpi_id[0x04] lapic_id[0x08] disabled)
[    0.000000] ACPI: LAPIC (acpi_id[0x05] lapic_id[0x0a] disabled)
[    0.000000] ACPI: LAPIC (acpi_id[0x06] lapic_id[0x0c] disabled)
[    0.000000] ACPI: LAPIC (acpi_id[0x07] lapic_id[0x0e] disabled)
[    0.000000] ACPI: LAPIC (acpi_id[0x08] lapic_id[0x10] disabled)
[    0.000000] ACPI: LAPIC (acpi_id[0x09] lapic_id[0x12] disabled)
[    0.000000] ACPI: LAPIC (acpi_id[0x0a] lapic_id[0x14] disabled)
[    0.000000] ACPI: LAPIC (acpi_id[0x0b] lapic_id[0x16] disabled)
[    0.000000] ACPI: LAPIC (acpi_id[0x0c] lapic_id[0x18] disabled)
[    0.000000] ACPI: LAPIC (acpi_id[0x0d] lapic_id[0x1a] disabled)
[    0.000000] ACPI: LAPIC (acpi_id[0x0e] lapic_id[0x1c] disabled)
[    0.000000] ACPI: LAPIC (acpi_id[0x0f] lapic_id[0x1e] disabled)
[    0.000000] ACPI: LAPIC (acpi_id[0x10] lapic_id[0x20] disabled)
[    0.000000] ACPI: LAPIC (acpi_id[0x11] lapic_id[0x22] disabled)
[    0.000000] ACPI: LAPIC (acpi_id[0x12] lapic_id[0x24] disabled)
[    0.000000] ACPI: LAPIC (acpi_id[0x13] lapic_id[0x26] disabled)
[    0.000000] ACPI: LAPIC (acpi_id[0x14] lapic_id[0x28] disabled)
[    0.000000] ACPI: LAPIC (acpi_id[0x15] lapic_id[0x2a] disabled)
[    0.000000] ACPI: LAPIC (acpi_id[0x16] lapic_id[0x2c] disabled)
[    0.000000] ACPI: LAPIC (acpi_id[0x17] lapic_id[0x2e] disabled)
[    0.000000] ACPI: LAPIC (acpi_id[0x18] lapic_id[0x30] disabled)
[    0.000000] ACPI: LAPIC (acpi_id[0x19] lapic_id[0x32] disabled)
[    0.000000] ACPI: LAPIC (acpi_id[0x1a] lapic_id[0x34] disabled)
[    0.000000] ACPI: LAPIC (acpi_id[0x1b] lapic_id[0x36] disabled)
[    0.000000] ACPI: LAPIC (acpi_id[0x1c] lapic_id[0x38] disabled)
[    0.000000] ACPI: LAPIC (acpi_id[0x1d] lapic_id[0x3a] disabled)
[    0.000000] ACPI: LAPIC (acpi_id[0x1e] lapic_id[0x3c] disabled)
[    0.000000] ACPI: LAPIC (acpi_id[0x1f] lapic_id[0x3e] disabled)
[    0.000000] ACPI: LAPIC (acpi_id[0x20] lapic_id[0x40] disabled)
[    0.000000] ACPI: LAPIC (acpi_id[0x21] lapic_id[0x42] disabled)
[    0.000000] ACPI: LAPIC (acpi_id[0x22] lapic_id[0x44] disabled)
[    0.000000] ACPI: LAPIC (acpi_id[0x23] lapic_id[0x46] disabled)
[    0.000000] ACPI: LAPIC (acpi_id[0x24] lapic_id[0x48] disabled)
[    0.000000] ACPI: LAPIC (acpi_id[0x25] lapic_id[0x4a] disabled)
[    0.000000] ACPI: LAPIC (acpi_id[0x26] lapic_id[0x4c] disabled)
[    0.000000] ACPI: LAPIC (acpi_id[0x27] lapic_id[0x4e] disabled)
[    0.000000] ACPI: LAPIC (acpi_id[0x28] lapic_id[0x50] disabled)
[    0.000000] ACPI: LAPIC (acpi_id[0x29] lapic_id[0x52] disabled)
[    0.000000] ACPI: LAPIC (acpi_id[0x2a] lapic_id[0x54] disabled)
[    0.000000] ACPI: LAPIC (acpi_id[0x2b] lapic_id[0x56] disabled)
[    0.000000] ACPI: LAPIC (acpi_id[0x2c] lapic_id[0x58] disabled)
[    0.000000] ACPI: LAPIC (acpi_id[0x2d] lapic_id[0x5a] disabled)
[    0.000000] ACPI: LAPIC (acpi_id[0x2e] lapic_id[0x5c] disabled)
[    0.000000] ACPI: LAPIC (acpi_id[0x2f] lapic_id[0x5e] disabled)
[    0.000000] ACPI: LAPIC (acpi_id[0x30] lapic_id[0x60] disabled)
[    0.000000] ACPI: LAPIC (acpi_id[0x31] lapic_id[0x62] disabled)
[    0.000000] ACPI: LAPIC (acpi_id[0x32] lapic_id[0x64] disabled)
[    0.000000] ACPI: LAPIC (acpi_id[0x33] lapic_id[0x66] disabled)
[    0.000000] ACPI: LAPIC (acpi_id[0x34] lapic_id[0x68] disabled)
[    0.000000] ACPI: LAPIC (acpi_id[0x35] lapic_id[0x6a] disabled)
[    0.000000] ACPI: LAPIC (acpi_id[0x36] lapic_id[0x6c] disabled)
[    0.000000] ACPI: LAPIC (acpi_id[0x37] lapic_id[0x6e] disabled)
[    0.000000] ACPI: LAPIC (acpi_id[0x38] lapic_id[0x70] disabled)
[    0.000000] ACPI: LAPIC (acpi_id[0x39] lapic_id[0x72] disabled)
[    0.000000] ACPI: LAPIC (acpi_id[0x3a] lapic_id[0x74] disabled)
[    0.000000] ACPI: LAPIC (acpi_id[0x3b] lapic_id[0x76] disabled)
[    0.000000] ACPI: LAPIC (acpi_id[0x3c] lapic_id[0x78] disabled)
[    0.000000] ACPI: LAPIC (acpi_id[0x3d] lapic_id[0x7a] disabled)
[    0.000000] ACPI: LAPIC (acpi_id[0x3e] lapic_id[0x7c] disabled)
[    0.000000] ACPI: LAPIC (acpi_id[0x3f] lapic_id[0x7e] disabled)
[    0.000000] ACPI: LAPIC_NMI (acpi_id[0x00] high edge lint[0x1])
[    0.000000] ACPI: LAPIC_NMI (acpi_id[0x01] high edge lint[0x1])
[    0.000000] ACPI: LAPIC_NMI (acpi_id[0x02] high edge lint[0x1])
[    0.000000] ACPI: LAPIC_NMI (acpi_id[0x03] high edge lint[0x1])
[    0.000000] ACPI: LAPIC_NMI (acpi_id[0x04] high edge lint[0x1])
[    0.000000] ACPI: LAPIC_NMI (acpi_id[0x05] high edge lint[0x1])
[    0.000000] ACPI: LAPIC_NMI (acpi_id[0x06] high edge lint[0x1])
[    0.000000] ACPI: LAPIC_NMI (acpi_id[0x07] high edge lint[0x1])
[    0.000000] ACPI: LAPIC_NMI (acpi_id[0x08] high edge lint[0x1])
[    0.000000] ACPI: LAPIC_NMI (acpi_id[0x09] high edge lint[0x1])
[    0.000000] ACPI: LAPIC_NMI (acpi_id[0x0a] high edge lint[0x1])
[    0.000000] ACPI: LAPIC_NMI (acpi_id[0x0b] high edge lint[0x1])
[    0.000000] ACPI: LAPIC_NMI (acpi_id[0x0c] high edge lint[0x1])
[    0.000000] ACPI: LAPIC_NMI (acpi_id[0x0d] high edge lint[0x1])
[    0.000000] ACPI: LAPIC_NMI (acpi_id[0x0e] high edge lint[0x1])
[    0.000000] ACPI: LAPIC_NMI (acpi_id[0x0f] high edge lint[0x1])
[    0.000000] ACPI: LAPIC_NMI (acpi_id[0x10] high edge lint[0x1])
[    0.000000] ACPI: LAPIC_NMI (acpi_id[0x11] high edge lint[0x1])
[    0.000000] ACPI: LAPIC_NMI (acpi_id[0x12] high edge lint[0x1])
[    0.000000] ACPI: LAPIC_NMI (acpi_id[0x13] high edge lint[0x1])
[    0.000000] ACPI: LAPIC_NMI (acpi_id[0x14] high edge lint[0x1])
[    0.000000] ACPI: LAPIC_NMI (acpi_id[0x15] high edge lint[0x1])
[    0.000000] ACPI: LAPIC_NMI (acpi_id[0x16] high edge lint[0x1])
[    0.000000] ACPI: LAPIC_NMI (acpi_id[0x17] high edge lint[0x1])
[    0.000000] ACPI: LAPIC_NMI (acpi_id[0x18] high edge lint[0x1])
[    0.000000] ACPI: LAPIC_NMI (acpi_id[0x19] high edge lint[0x1])
[    0.000000] ACPI: LAPIC_NMI (acpi_id[0x1a] high edge lint[0x1])
[    0.000000] ACPI: LAPIC_NMI (acpi_id[0x1b] high edge lint[0x1])
[    0.000000] ACPI: LAPIC_NMI (acpi_id[0x1c] high edge lint[0x1])
[    0.000000] ACPI: LAPIC_NMI (acpi_id[0x1d] high edge lint[0x1])
[    0.000000] ACPI: LAPIC_NMI (acpi_id[0x1e] high edge lint[0x1])
[    0.000000] ACPI: LAPIC_NMI (acpi_id[0x1f] high edge lint[0x1])
[    0.000000] ACPI: LAPIC_NMI (acpi_id[0x20] high edge lint[0x1])
[    0.000000] ACPI: LAPIC_NMI (acpi_id[0x21] high edge lint[0x1])
[    0.000000] ACPI: LAPIC_NMI (acpi_id[0x22] high edge lint[0x1])
[    0.000000] ACPI: LAPIC_NMI (acpi_id[0x23] high edge lint[0x1])
[    0.000000] ACPI: LAPIC_NMI (acpi_id[0x24] high edge lint[0x1])
[    0.000000] ACPI: LAPIC_NMI (acpi_id[0x25] high edge lint[0x1])
[    0.000000] ACPI: LAPIC_NMI (acpi_id[0x26] high edge lint[0x1])
[    0.000000] ACPI: LAPIC_NMI (acpi_id[0x27] high edge lint[0x1])
[    0.000000] ACPI: LAPIC_NMI (acpi_id[0x28] high edge lint[0x1])
[    0.000000] ACPI: LAPIC_NMI (acpi_id[0x29] high edge lint[0x1])
[    0.000000] ACPI: LAPIC_NMI (acpi_id[0x2a] high edge lint[0x1])
[    0.000000] ACPI: LAPIC_NMI (acpi_id[0x2b] high edge lint[0x1])
[    0.000000] ACPI: LAPIC_NMI (acpi_id[0x2c] high edge lint[0x1])
[    0.000000] ACPI: LAPIC_NMI (acpi_id[0x2d] high edge lint[0x1])
[    0.000000] ACPI: LAPIC_NMI (acpi_id[0x2e] high edge lint[0x1])
[    0.000000] ACPI: LAPIC_NMI (acpi_id[0x2f] high edge lint[0x1])
[    0.000000] ACPI: LAPIC_NMI (acpi_id[0x30] high edge lint[0x1])
[    0.000000] ACPI: LAPIC_NMI (acpi_id[0x31] high edge lint[0x1])
[    0.000000] ACPI: LAPIC_NMI (acpi_id[0x32] high edge lint[0x1])
[    0.000000] ACPI: LAPIC_NMI (acpi_id[0x33] high edge lint[0x1])
[    0.000000] ACPI: LAPIC_NMI (acpi_id[0x34] high edge lint[0x1])
[    0.000000] ACPI: LAPIC_NMI (acpi_id[0x35] high edge lint[0x1])
[    0.000000] ACPI: LAPIC_NMI (acpi_id[0x36] high edge lint[0x1])
[    0.000000] ACPI: LAPIC_NMI (acpi_id[0x37] high edge lint[0x1])
[    0.000000] ACPI: LAPIC_NMI (acpi_id[0x38] high edge lint[0x1])
[    0.000000] ACPI: LAPIC_NMI (acpi_id[0x39] high edge lint[0x1])
[    0.000000] ACPI: LAPIC_NMI (acpi_id[0x3a] high edge lint[0x1])
[    0.000000] ACPI: LAPIC_NMI (acpi_id[0x3b] high edge lint[0x1])
[    0.000000] ACPI: LAPIC_NMI (acpi_id[0x3c] high edge lint[0x1])
[    0.000000] ACPI: LAPIC_NMI (acpi_id[0x3d] high edge lint[0x1])
[    0.000000] ACPI: LAPIC_NMI (acpi_id[0x3e] high edge lint[0x1])
[    0.000000] ACPI: LAPIC_NMI (acpi_id[0x3f] high edge lint[0x1])
[    0.000000] ACPI: Skipping IOAPIC probe due to 'noapic' option.
[    0.000000] Using ACPI for processor (LAPIC) configuration information
[    0.000000] ACPI: HPET id: 0x8086af01 base: 0xfed00000
[    0.000000] Intel MultiProcessor Specification v1.4
[    0.000000]     Virtual Wire compatibility mode.
[    0.000000] MPTABLE: OEM ID: INTEL   
[    0.000000] MPTABLE: Product ID: 440BX       
[    0.000000] MPTABLE: APIC at: 0xFEE00000
[    0.000000] I/O APIC #1 Version 17 at 0xFEC00000.
[    0.000000] Processors: 1
[    0.000000] 64 Processors exceeds NR_CPUS limit of 8
[    0.000000] SMP: Allowing 8 CPUs, 7 hotplug CPUs
[    0.000000] nr_irqs_gsi: 24
[    0.000000] PM: Registered nosave memory: 000000000009f000 - 00000000000a0000
[    0.000000] PM: Registered nosave memory: 00000000000a0000 - 00000000000ca000
[    0.000000] PM: Registered nosave memory: 00000000000ca000 - 00000000000cc000
[    0.000000] PM: Registered nosave memory: 00000000000cc000 - 00000000000dc000
[    0.000000] PM: Registered nosave memory: 00000000000dc000 - 0000000000100000
[    0.000000] Allocating PCI resources starting at 40000000 (gap: 40000000:a0000000)
[    0.000000] Booting paravirtualized kernel on bare hardware
[    0.000000] NR_CPUS:8 nr_cpumask_bits:8 nr_cpu_ids:8 nr_node_ids:1
[    0.000000] PERCPU: Embedded 15 pages/cpu @c2400000 s39320 r0 d22120 u262144
[    0.000000] pcpu-alloc: s39320 r0 d22120 u262144 alloc=1*2097152
[    0.000000] pcpu-alloc: [0] 0 1 2 3 4 5 6 7 
[    0.000000] Built 1 zonelists in Zone order, mobility grouping on.  Total pages: 259950
[    0.000000] Kernel command line: BOOT_IMAGE=/boot/vmlinuz-2.6.32.57 root=UUID=007b598c-390d-4c65-84a1-4ff752d48633 ro quiet splash maxcpus=0
[    0.000000] PID hash table entries: 4096 (order: 2, 16384 bytes)
[    0.000000] Dentry cache hash table entries: 131072 (order: 7, 524288 bytes)
[    0.000000] Inode-cache hash table entries: 65536 (order: 6, 262144 bytes)
[    0.000000] Enabling fast FPU save and restore... done.
[    0.000000] Enabling unmasked SIMD FPU exception support... done.
[    0.000000] Initializing CPU#0
[    0.000000] xsave/xrstor: enabled xstate_bv 0x7, cntxt size 0x340
[    0.000000] allocated 5242560 bytes of page_cgroup
[    0.000000] please try 'cgroup_disable=memory' option if you don't want memory cgroups
[    0.000000] Initializing HighMem for node 0 (000379fe:00040000)
[    0.000000] Memory: 938260k/1048576k available (4839k kernel code, 108848k reserved, 2518k data, 652k init, 137096k highmem)
[    0.000000] virtual kernel memory layout:
[    0.000000]     fixmap  : 0xfff1e000 - 0xfffff000   ( 900 kB)
[    0.000000]     pkmap   : 0xffa00000 - 0xffc00000   (2048 kB)
[    0.000000]     vmalloc : 0xf81fe000 - 0xff9fe000   ( 120 MB)
[    0.000000]     lowmem  : 0xc0000000 - 0xf79fe000   ( 889 MB)
[    0.000000]       .init : 0xc1730000 - 0xc17d3000   ( 652 kB)
[    0.000000]       .data : 0xc14b9cce - 0xc172f764   (2518 kB)
[    0.000000]       .text : 0xc1000000 - 0xc14b9cce   (4839 kB)
[    0.000000] Checking if this processor honours the WP bit even in supervisor mode...Ok.
[    0.000000] SLUB: Genslabs=13, HWalign=64, Order=0-3, MinObjects=0, CPUs=8, Nodes=1
[    0.000000] Hierarchical RCU implementation.
[    0.000000] NR_IRQS:2304 nr_irqs:472
[    0.000000] Extended CMOS year: 2000
[    0.000000] Console: colour VGA+ 80x25
[    0.000000] console [tty0] enabled
[    0.000000] hpet clockevent registered
[    0.000000] TSC freq read from hypervisor : 2394.620 MHz
[    0.000000] Detected 2394.620 MHz processor.
[    0.000003] Calibrating delay loop (skipped) preset value.. 4789.24 BogoMIPS (lpj=9578480)
[    0.000012] Security Framework initialized
[    0.000015] SELinux:  Disabled at boot.
[    0.000019] Mount-cache hash table entries: 512
[    0.000122] Initializing cgroup subsys cpuacct
[    0.000125] Initializing cgroup subsys memory
[    0.000128] Initializing cgroup subsys devices
[    0.000130] Initializing cgroup subsys freezer
[    0.000158] CPU: Physical Processor ID: 0
[    0.000165] CPU: L1 I cache: 32K, L1 D cache: 32K
[    0.000167] CPU: L2 cache: 256K
[    0.000168] CPU: L3 cache: 4096K
[    0.000173] mce: CPU supports 0 MCE banks
[    0.000185] Performance Events: no PMU driver, software events only.
[    0.000195] Checking 'hlt' instruction... OK.
[    0.018052] SMP alternatives: switching to UP code
[    0.032442] ACPI: Core revision 20090903
[    0.038878] ACPI: setting ELCR to 0200 (from 0e20)
[    0.040483] ftrace: converting mcount calls to 0f 1f 44 00 00
[    0.040489] ftrace: allocating 22631 entries in 45 pages
[    0.058987] CANARY value: f7585c75 for PID: 1
[    0.059062] Not enabling x2apic, Intr-remapping init failed.
[    0.059063] Enabling APIC mode:  Flat.  Using 1 I/O APICs
[    0.059072] SMP mode deactivated.
[    0.059099] SMP disabled
[    0.059159] Brought up 1 CPUs
[    0.059160] Total of 1 processors activated (4789.24 BogoMIPS).
[    0.059165] CPU0 attaching NULL sched-domain.
[    0.059240] devtmpfs: initialized
[    0.059354] sysctl table check failed: /kernel/random/now_input .1.40.7 Unknown sysctl binary path
[    0.059625] Pid: 1, comm: swapper Not tainted 2.6.32.57 #4
[    0.059626] Call Trace:
[    0.059631]  [<c14a8a0e>] ? printk+0x1d/0x1f
[    0.059634]  [<c107b56f>] set_fail+0x4f/0x60
[    0.059636]  [<c107b8b3>] sysctl_check_table+0x333/0x620
[    0.059638]  [<c107b8cc>] sysctl_check_table+0x34c/0x620
[    0.059640]  [<c107b8cc>] sysctl_check_table+0x34c/0x620
[    0.059644]  [<c1746d48>] sysctl_init+0x25/0x29
[    0.059646]  [<c1003042>] do_one_initcall+0x32/0x1a0
[    0.059648]  [<c1746d23>] ? sysctl_init+0x0/0x29
[    0.059651]  [<c17308e7>] kernel_init+0x12d/0x17a
[    0.059653]  [<c17307ba>] ? kernel_init+0x0/0x17a
[    0.059655]  [<c1009b07>] kernel_thread_helper+0x7/0x10
[    0.059657] sysctl table check failed: /kernel/random/now_blocking .1.40.8 Unknown sysctl binary path
[    0.059908] Pid: 1, comm: swapper Not tainted 2.6.32.57 #4
[    0.059909] Call Trace:
[    0.059911]  [<c14a8a0e>] ? printk+0x1d/0x1f
[    0.059913]  [<c107b56f>] set_fail+0x4f/0x60
[    0.059914]  [<c107b8b3>] sysctl_check_table+0x333/0x620
[    0.059916]  [<c107b8cc>] sysctl_check_table+0x34c/0x620
[    0.059918]  [<c107b8cc>] sysctl_check_table+0x34c/0x620
[    0.059920]  [<c1746d48>] sysctl_init+0x25/0x29
[    0.059922]  [<c1003042>] do_one_initcall+0x32/0x1a0
[    0.059924]  [<c1746d23>] ? sysctl_init+0x0/0x29
[    0.059926]  [<c17308e7>] kernel_init+0x12d/0x17a
[    0.059927]  [<c17307ba>] ? kernel_init+0x0/0x17a
[    0.059929]  [<c1009b07>] kernel_thread_helper+0x7/0x10
[    0.059931] sysctl table check failed: /kernel/random/now_nonblocking .1.40.9 Unknown sysctl binary path
[    0.060177] Pid: 1, comm: swapper Not tainted 2.6.32.57 #4
[    0.060178] Call Trace:
[    0.060179]  [<c14a8a0e>] ? printk+0x1d/0x1f
[    0.060181]  [<c107b56f>] set_fail+0x4f/0x60
[    0.060182]  [<c107b8b3>] sysctl_check_table+0x333/0x620
[    0.060184]  [<c107b8cc>] sysctl_check_table+0x34c/0x620
[    0.060186]  [<c107b8cc>] sysctl_check_table+0x34c/0x620
[    0.060188]  [<c1746d48>] sysctl_init+0x25/0x29
[    0.060190]  [<c1003042>] do_one_initcall+0x32/0x1a0
[    0.060192]  [<c1746d23>] ? sysctl_init+0x0/0x29
[    0.060193]  [<c17308e7>] kernel_init+0x12d/0x17a
[    0.060195]  [<c17307ba>] ? kernel_init+0x0/0x17a
[    0.060197]  [<c1009b07>] kernel_thread_helper+0x7/0x10
[    0.060198] sysctl table check failed: /kernel/random/nb_input_bytes .1.40.10 Unknown sysctl binary path
[    0.060444] Pid: 1, comm: swapper Not tainted 2.6.32.57 #4
[    0.060445] Call Trace:
[    0.060446]  [<c14a8a0e>] ? printk+0x1d/0x1f
[    0.060448]  [<c107b56f>] set_fail+0x4f/0x60
[    0.060449]  [<c107b8b3>] sysctl_check_table+0x333/0x620
[    0.060451]  [<c107b8cc>] sysctl_check_table+0x34c/0x620
[    0.060453]  [<c107b8cc>] sysctl_check_table+0x34c/0x620
[    0.060455]  [<c1746d48>] sysctl_init+0x25/0x29
[    0.060457]  [<c1003042>] do_one_initcall+0x32/0x1a0
[    0.060459]  [<c1746d23>] ? sysctl_init+0x0/0x29
[    0.060461]  [<c17308e7>] kernel_init+0x12d/0x17a
[    0.060462]  [<c17307ba>] ? kernel_init+0x0/0x17a
[    0.060464]  [<c1009b07>] kernel_thread_helper+0x7/0x10
[    0.060465] sysctl table check failed: /kernel/random/nb_stir_count .1.40.11 Unknown sysctl binary path
[    0.060750] Pid: 1, comm: swapper Not tainted 2.6.32.57 #4
[    0.060751] Call Trace:
[    0.060754]  [<c14a8a0e>] ? printk+0x1d/0x1f
[    0.060756]  [<c107b56f>] set_fail+0x4f/0x60
[    0.060758]  [<c107b8b3>] sysctl_check_table+0x333/0x620
[    0.060759]  [<c107b8cc>] sysctl_check_table+0x34c/0x620
[    0.060761]  [<c107b8cc>] sysctl_check_table+0x34c/0x620
[    0.060764]  [<c1746d48>] sysctl_init+0x25/0x29
[    0.060765]  [<c1003042>] do_one_initcall+0x32/0x1a0
[    0.060767]  [<c1746d23>] ? sysctl_init+0x0/0x29
[    0.060769]  [<c17308e7>] kernel_init+0x12d/0x17a
[    0.060771]  [<c17307ba>] ? kernel_init+0x0/0x17a
[    0.060772]  [<c1009b07>] kernel_thread_helper+0x7/0x10
[    0.060775] sysctl table check failed: /kernel/random/nb_reentry_count .1.40.12 Unknown sysctl binary path
[    0.061007] Pid: 1, comm: swapper Not tainted 2.6.32.57 #4
[    0.061007] Call Trace:
[    0.061009]  [<c14a8a0e>] ? printk+0x1d/0x1f
[    0.061010]  [<c107b56f>] set_fail+0x4f/0x60
[    0.061012]  [<c107b8b3>] sysctl_check_table+0x333/0x620
[    0.061014]  [<c107b8cc>] sysctl_check_table+0x34c/0x620
[    0.061015]  [<c107b8cc>] sysctl_check_table+0x34c/0x620
[    0.061017]  [<c1746d48>] sysctl_init+0x25/0x29
[    0.061019]  [<c1003042>] do_one_initcall+0x32/0x1a0
[    0.061021]  [<c1746d23>] ? sysctl_init+0x0/0x29
[    0.061023]  [<c17308e7>] kernel_init+0x12d/0x17a
[    0.061024]  [<c17307ba>] ? kernel_init+0x0/0x17a
[    0.061026]  [<c1009b07>] kernel_thread_helper+0x7/0x10
[    0.061146] RANDOM - __seed init called.
[    0.061147] RANDOM - __seed init called.
[    0.061148] RANDOM - __seed init called.
[    0.061149] RANDOM - __random32 called. Change num 1.  Value: 97305ca5	7ac4e314	874f43ab
[    0.061151] RANDOM - __random32 called. Change num 2.  Value: 5ca5394	ac4e3148	8757a6ab
[    0.061152] RANDOM - __random32 called. Change num 3.  Value: a53949f7	c4e3148e	4d57bd52
[    0.061153] RANDOM - __random32 called. Change num 4.  Value: 949f7180	4e3148eb	7aa4fd4a
[    0.061155] RANDOM - __random32 called. Change num 5.  Value: f7180f55	e3148ebb	fa95f062
[    0.061156] RANDOM - __random32 called. Change num 6.  Value: 80f55ede	3148ebb7	e0c5c74e
[    0.061157] RANDOM - random32 init called.  Value: 80f55ede	3148ebb7	e0c5c74e
[    0.061163] regulator: core version 0.5
[    0.061226] Time: 21:38:38  Date: 05/24/13
[    0.061262] NET: Registered protocol family 16
[    0.061326] EISA bus registered
[    0.062087] ACPI: bus type pci registered
[    0.062207] PCI: MCFG configuration 0: base e0000000 segment 0 buses 0 - 255
[    0.062209] PCI: MCFG area at e0000000 reserved in E820
[    0.062210] PCI: Using MMCONFIG for extended config space
[    0.062211] PCI: Using configuration type 1 for base access
[    0.062690] bio: create slab <bio-0> at 0
[    0.063862] ACPI: EC: Look up EC in DSDT
[    0.103461] ACPI: BIOS _OSI(Linux) query ignored
[    0.109655] ACPI: Interpreter enabled
[    0.109661] ACPI: (supports S0 S1 S4 S5)
[    0.109673] ACPI: Using PIC for interrupt routing
[    0.194374] ACPI: No dock devices found.
[    0.195336] ACPI: PCI Root Bridge [PCI0] (0000:00)
[    0.196925] pci 0000:00:07.1: reg 20 io port: [0x10c0-0x10cf]
[    0.197449] pci 0000:00:07.3: quirk: region 1000-103f claimed by PIIX4 ACPI
[    0.197461] pci 0000:00:07.3: quirk: region 1040-104f claimed by PIIX4 SMB
[    0.198020] pci 0000:00:07.7: reg 10 io port: [0x1080-0x10bf]
[    0.198434] pci 0000:00:07.7: reg 14 64bit mmio: [0xc8000000-0xc8001fff]
[    0.199615] pci 0000:00:0f.0: reg 10 io port: [0x10d0-0x10df]
[    0.199656] pci 0000:00:0f.0: reg 14 32bit mmio pref: [0xd0000000-0xd7ffffff]
[    0.199706] pci 0000:00:0f.0: reg 18 32bit mmio: [0xc8800000-0xc8ffffff]
[    0.199851] pci 0000:00:0f.0: reg 30 32bit mmio pref: [0x000000-0x007fff]
[    0.200390] pci 0000:00:10.0: reg 10 io port: [0x1400-0x14ff]
[    0.202333] pci 0000:00:10.0: reg 14 64bit mmio: [0xc8040000-0xc805ffff]
[    0.202735] pci 0000:00:10.0: reg 1c 64bit mmio: [0xc8020000-0xc803ffff]
[    0.202813] pci 0000:00:10.0: reg 30 32bit mmio pref: [0x000000-0x003fff]
[    0.204731] pci 0000:00:15.0: PME# supported from D0 D3hot D3cold
[    0.204753] pci 0000:00:15.0: PME# disabled
[    0.205702] pci 0000:00:15.1: PME# supported from D0 D3hot D3cold
[    0.205723] pci 0000:00:15.1: PME# disabled
[    0.206679] pci 0000:00:15.2: PME# supported from D0 D3hot D3cold
[    0.206701] pci 0000:00:15.2: PME# disabled
[    0.207683] pci 0000:00:15.3: PME# supported from D0 D3hot D3cold
[    0.207706] pci 0000:00:15.3: PME# disabled
[    0.208639] pci 0000:00:15.4: PME# supported from D0 D3hot D3cold
[    0.208660] pci 0000:00:15.4: PME# disabled
[    0.209483] pci 0000:00:15.5: PME# supported from D0 D3hot D3cold
[    0.209502] pci 0000:00:15.5: PME# disabled
[    0.210321] pci 0000:00:15.6: PME# supported from D0 D3hot D3cold
[    0.210341] pci 0000:00:15.6: PME# disabled
[    0.211147] pci 0000:00:15.7: PME# supported from D0 D3hot D3cold
[    0.211165] pci 0000:00:15.7: PME# disabled
[    0.211999] pci 0000:00:16.0: PME# supported from D0 D3hot D3cold
[    0.212018] pci 0000:00:16.0: PME# disabled
[    0.212857] pci 0000:00:16.1: PME# supported from D0 D3hot D3cold
[    0.212876] pci 0000:00:16.1: PME# disabled
[    0.213746] pci 0000:00:16.2: PME# supported from D0 D3hot D3cold
[    0.213765] pci 0000:00:16.2: PME# disabled
[    0.214606] pci 0000:00:16.3: PME# supported from D0 D3hot D3cold
[    0.214626] pci 0000:00:16.3: PME# disabled
[    0.215533] pci 0000:00:16.4: PME# supported from D0 D3hot D3cold
[    0.215551] pci 0000:00:16.4: PME# disabled
[    0.216380] pci 0000:00:16.5: PME# supported from D0 D3hot D3cold
[    0.216399] pci 0000:00:16.5: PME# disabled
[    0.217195] pci 0000:00:16.6: PME# supported from D0 D3hot D3cold
[    0.217214] pci 0000:00:16.6: PME# disabled
[    0.218047] pci 0000:00:16.7: PME# supported from D0 D3hot D3cold
[    0.218066] pci 0000:00:16.7: PME# disabled
[    0.218996] pci 0000:00:17.0: PME# supported from D0 D3hot D3cold
[    0.219017] pci 0000:00:17.0: PME# disabled
[    0.219924] pci 0000:00:17.1: PME# supported from D0 D3hot D3cold
[    0.219946] pci 0000:00:17.1: PME# disabled
[    0.220833] pci 0000:00:17.2: PME# supported from D0 D3hot D3cold
[    0.220854] pci 0000:00:17.2: PME# disabled
[    0.221733] pci 0000:00:17.3: PME# supported from D0 D3hot D3cold
[    0.221753] pci 0000:00:17.3: PME# disabled
[    0.222632] pci 0000:00:17.4: PME# supported from D0 D3hot D3cold
[    0.222652] pci 0000:00:17.4: PME# disabled
[    0.223515] pci 0000:00:17.5: PME# supported from D0 D3hot D3cold
[    0.223536] pci 0000:00:17.5: PME# disabled
[    0.224422] pci 0000:00:17.6: PME# supported from D0 D3hot D3cold
[    0.224444] pci 0000:00:17.6: PME# disabled
[    0.225377] pci 0000:00:17.7: PME# supported from D0 D3hot D3cold
[    0.225397] pci 0000:00:17.7: PME# disabled
[    0.226195] pci 0000:00:18.0: PME# supported from D0 D3hot D3cold
[    0.226213] pci 0000:00:18.0: PME# disabled
[    0.227035] pci 0000:00:18.1: PME# supported from D0 D3hot D3cold
[    0.227054] pci 0000:00:18.1: PME# disabled
[    0.227889] pci 0000:00:18.2: PME# supported from D0 D3hot D3cold
[    0.227907] pci 0000:00:18.2: PME# disabled
[    0.228750] pci 0000:00:18.3: PME# supported from D0 D3hot D3cold
[    0.228769] pci 0000:00:18.3: PME# disabled
[    0.229607] pci 0000:00:18.4: PME# supported from D0 D3hot D3cold
[    0.229627] pci 0000:00:18.4: PME# disabled
[    0.230462] pci 0000:00:18.5: PME# supported from D0 D3hot D3cold
[    0.230481] pci 0000:00:18.5: PME# disabled
[    0.231291] pci 0000:00:18.6: PME# supported from D0 D3hot D3cold
[    0.231319] pci 0000:00:18.6: PME# disabled
[    0.232125] pci 0000:00:18.7: PME# supported from D0 D3hot D3cold
[    0.232144] pci 0000:00:18.7: PME# disabled
[    0.233324] pci 0000:02:00.0: reg 20 io port: [0x20c0-0x20df]
[    0.233819] pci 0000:02:01.0: reg 10 io port: [0x2000-0x207f]
[    0.234036] pci 0000:02:01.0: reg 30 32bit mmio pref: [0x000000-0x00ffff]
[    0.234590] pci 0000:02:02.0: reg 10 io port: [0x2080-0x20bf]
[    0.235187] pci 0000:02:03.0: reg 10 32bit mmio: [0xc9000000-0xc9000fff]
[    0.235771] pci 0000:00:11.0: transparent bridge
[    0.235791] pci 0000:00:11.0: bridge io port: [0x2000-0x3fff]
[    0.235812] pci 0000:00:11.0: bridge 32bit mmio: [0xc9000000-0xca3fffff]
[    0.235851] pci 0000:00:11.0: bridge 64bit mmio pref: [0xd8400000-0xd89fffff]
[    0.236222] pci 0000:00:15.0: bridge io port: [0x4000-0x4fff]
[    0.236251] pci 0000:00:15.0: bridge 32bit mmio: [0xca400000-0xca4fffff]
[    0.236289] pci 0000:00:15.0: bridge 64bit mmio pref: [0xd8a00000-0xd8afffff]
[    0.236648] pci 0000:00:15.1: bridge io port: [0x8000-0x8fff]
[    0.236668] pci 0000:00:15.1: bridge 32bit mmio: [0xca800000-0xca8fffff]
[    0.236706] pci 0000:00:15.1: bridge 64bit mmio pref: [0xd8e00000-0xd8efffff]
[    0.237063] pci 0000:00:15.2: bridge io port: [0xc000-0xcfff]
[    0.237083] pci 0000:00:15.2: bridge 32bit mmio: [0xcac00000-0xcacfffff]
[    0.237121] pci 0000:00:15.2: bridge 64bit mmio pref: [0xd9200000-0xd92fffff]
[    0.237513] pci 0000:00:15.3: bridge 32bit mmio: [0xcb000000-0xcb0fffff]
[    0.237551] pci 0000:00:15.3: bridge 64bit mmio pref: [0xd9600000-0xd96fffff]
[    0.237927] pci 0000:00:15.4: bridge 32bit mmio: [0xcb400000-0xcb4fffff]
[    0.237965] pci 0000:00:15.4: bridge 64bit mmio pref: [0xd9a00000-0xd9afffff]
[    0.238356] pci 0000:00:15.5: bridge 32bit mmio: [0xcb800000-0xcb8fffff]
[    0.238394] pci 0000:00:15.5: bridge 64bit mmio pref: [0xd9e00000-0xd9efffff]
[    0.238770] pci 0000:00:15.6: bridge 32bit mmio: [0xcbc00000-0xcbcfffff]
[    0.238808] pci 0000:00:15.6: bridge 64bit mmio pref: [0xda200000-0xda2fffff]
[    0.239183] pci 0000:00:15.7: bridge 32bit mmio: [0xcc000000-0xcc0fffff]
[    0.239222] pci 0000:00:15.7: bridge 64bit mmio pref: [0xda600000-0xda6fffff]
[    0.239600] pci 0000:00:16.0: bridge io port: [0x5000-0x5fff]
[    0.239632] pci 0000:00:16.0: bridge 32bit mmio: [0xca500000-0xca5fffff]
[    0.239671] pci 0000:00:16.0: bridge 64bit mmio pref: [0xd8b00000-0xd8bfffff]
[    0.240028] pci 0000:00:16.1: bridge io port: [0x9000-0x9fff]
[    0.240049] pci 0000:00:16.1: bridge 32bit mmio: [0xca900000-0xca9fffff]
[    0.240087] pci 0000:00:16.1: bridge 64bit mmio pref: [0xd8f00000-0xd8ffffff]
[    0.240453] pci 0000:00:16.2: bridge io port: [0xd000-0xdfff]
[    0.240473] pci 0000:00:16.2: bridge 32bit mmio: [0xcad00000-0xcadfffff]
[    0.240511] pci 0000:00:16.2: bridge 64bit mmio pref: [0xd9300000-0xd93fffff]
[    0.240887] pci 0000:00:16.3: bridge 32bit mmio: [0xcb100000-0xcb1fffff]
[    0.240925] pci 0000:00:16.3: bridge 64bit mmio pref: [0xd9700000-0xd97fffff]
[    0.241309] pci 0000:00:16.4: bridge 32bit mmio: [0xcb500000-0xcb5fffff]
[    0.241347] pci 0000:00:16.4: bridge 64bit mmio pref: [0xd9b00000-0xd9bfffff]
[    0.241724] pci 0000:00:16.5: bridge 32bit mmio: [0xcb900000-0xcb9fffff]
[    0.241762] pci 0000:00:16.5: bridge 64bit mmio pref: [0xd9f00000-0xd9ffffff]
[    0.242136] pci 0000:00:16.6: bridge 32bit mmio: [0xcbd00000-0xcbdfffff]
[    0.242175] pci 0000:00:16.6: bridge 64bit mmio pref: [0xda300000-0xda3fffff]
[    0.242761] pci 0000:00:16.7: bridge 32bit mmio: [0xcc100000-0xcc1fffff]
[    0.242801] pci 0000:00:16.7: bridge 64bit mmio pref: [0xda700000-0xda7fffff]
[    0.243169] pci 0000:00:17.0: bridge io port: [0x6000-0x6fff]
[    0.243189] pci 0000:00:17.0: bridge 32bit mmio: [0xca600000-0xca6fffff]
[    0.243249] pci 0000:00:17.0: bridge 64bit mmio pref: [0xd8c00000-0xd8cfffff]
[    0.243625] pci 0000:00:17.1: bridge io port: [0xa000-0xafff]
[    0.243646] pci 0000:00:17.1: bridge 32bit mmio: [0xcaa00000-0xcaafffff]
[    0.243685] pci 0000:00:17.1: bridge 64bit mmio pref: [0xd9000000-0xd90fffff]
[    0.244074] pci 0000:00:17.2: bridge io port: [0xe000-0xefff]
[    0.244096] pci 0000:00:17.2: bridge 32bit mmio: [0xcae00000-0xcaefffff]
[    0.244134] pci 0000:00:17.2: bridge 64bit mmio pref: [0xd9400000-0xd94fffff]
[    0.244514] pci 0000:00:17.3: bridge 32bit mmio: [0xcb200000-0xcb2fffff]
[    0.244553] pci 0000:00:17.3: bridge 64bit mmio pref: [0xd9800000-0xd98fffff]
[    0.244929] pci 0000:00:17.4: bridge 32bit mmio: [0xcb600000-0xcb6fffff]
[    0.244968] pci 0000:00:17.4: bridge 64bit mmio pref: [0xd9c00000-0xd9cfffff]
[    0.245548] pci 0000:00:17.5: bridge 32bit mmio: [0xcba00000-0xcbafffff]
[    0.245587] pci 0000:00:17.5: bridge 64bit mmio pref: [0xda000000-0xda0fffff]
[    0.245975] pci 0000:00:17.6: bridge 32bit mmio: [0xcbe00000-0xcbefffff]
[    0.246021] pci 0000:00:17.6: bridge 64bit mmio pref: [0xda400000-0xda4fffff]
[    0.246392] pci 0000:00:17.7: bridge 32bit mmio: [0xcc200000-0xcc2fffff]
[    0.246427] pci 0000:00:17.7: bridge 64bit mmio pref: [0xda800000-0xda8fffff]
[    0.246761] pci 0000:00:18.0: bridge io port: [0x7000-0x7fff]
[    0.246780] pci 0000:00:18.0: bridge 32bit mmio: [0xca700000-0xca7fffff]
[    0.246816] pci 0000:00:18.0: bridge 64bit mmio pref: [0xd8d00000-0xd8dfffff]
[    0.247149] pci 0000:00:18.1: bridge io port: [0xb000-0xbfff]
[    0.247168] pci 0000:00:18.1: bridge 32bit mmio: [0xcab00000-0xcabfffff]
[    0.247204] pci 0000:00:18.1: bridge 64bit mmio pref: [0xd9100000-0xd91fffff]
[    0.247571] pci 0000:00:18.2: bridge io port: [0xf000-0xffff]
[    0.247589] pci 0000:00:18.2: bridge 32bit mmio: [0xcaf00000-0xcaffffff]
[    0.247644] pci 0000:00:18.2: bridge 64bit mmio pref: [0xd9500000-0xd95fffff]
[    0.247998] pci 0000:00:18.3: bridge 32bit mmio: [0xcb300000-0xcb3fffff]
[    0.248034] pci 0000:00:18.3: bridge 64bit mmio pref: [0xd9900000-0xd99fffff]
[    0.248444] pci 0000:00:18.4: bridge 32bit mmio: [0xcb700000-0xcb7fffff]
[    0.248484] pci 0000:00:18.4: bridge 64bit mmio pref: [0xd9d00000-0xd9dfffff]
[    0.248869] pci 0000:00:18.5: bridge 32bit mmio: [0xcbb00000-0xcbbfffff]
[    0.248908] pci 0000:00:18.5: bridge 64bit mmio pref: [0xda100000-0xda1fffff]
[    0.249294] pci 0000:00:18.6: bridge 32bit mmio: [0xcbf00000-0xcbffffff]
[    0.249333] pci 0000:00:18.6: bridge 64bit mmio pref: [0xda500000-0xda5fffff]
[    0.249709] pci 0000:00:18.7: bridge 32bit mmio: [0xcc300000-0xcc3fffff]
[    0.249747] pci 0000:00:18.7: bridge 64bit mmio pref: [0xda900000-0xda9fffff]
[    0.251235] pci_bus 0000:00: on NUMA node 0
[    0.251244] ACPI: PCI Interrupt Routing Table [\_SB_.PCI0._PRT]
[    0.487182] ACPI: PCI Interrupt Link [LNKA] (IRQs 3 4 5 6 7 *9 10 11 14 15)
[    0.487353] ACPI: PCI Interrupt Link [LNKB] (IRQs 3 4 5 6 7 9 10 *11 14 15)
[    0.487505] ACPI: PCI Interrupt Link [LNKC] (IRQs 3 4 5 6 7 9 *10 11 14 15)
[    0.487654] ACPI: PCI Interrupt Link [LNKD] (IRQs 3 4 *5 6 7 9 10 11 14 15)
[    0.487789] vgaarb: device added: PCI:0000:00:0f.0,decodes=io+mem,owns=io+mem,locks=none
[    0.487799] vgaarb: loaded
[    0.487911] SCSI subsystem initialized
[    0.487955] libata version 3.00 loaded.
[    0.487996] usbcore: registered new interface driver usbfs
[    0.488007] usbcore: registered new interface driver hub
[    0.488023] usbcore: registered new device driver usb
[    0.488091] PCI: Using ACPI for IRQ routing
[    0.489060] NetLabel: Initializing
[    0.489061] NetLabel:  domain hash size = 128
[    0.489062] NetLabel:  protocols = UNLABELED CIPSOv4
[    0.489069] NetLabel:  unlabeled traffic allowed by default
[    0.489179] hpet0: at MMIO 0xfed00000, IRQs 2, 8, 0, 0, 0, 0, 0, 0, 0, 0, 0, 0, 0, 0, 0, 0
[    0.489185] hpet0: 16 comparators, 64-bit 14.318180 MHz counter
[    0.491327] Switching to clocksource tsc
[    0.498321] pnp: PnP ACPI init
[    0.498333] ACPI: bus type pnp registered
[    0.542698] pnp: PnP ACPI: found 14 devices
[    0.542701] ACPI: ACPI bus type pnp unregistered
[    0.542704] PnPBIOS: Disabled by ACPI PNP
[    0.542720] system 00:01: ioport range 0x1000-0x103f has been reserved
[    0.542722] system 00:01: ioport range 0x1040-0x104f has been reserved
[    0.542723] system 00:01: ioport range 0xcf0-0xcf1 has been reserved
[    0.542731] system 00:08: iomem range 0xfed00000-0xfed003ff has been reserved
[    0.542735] system 00:0d: ioport range 0x1060-0x107f has been reserved
[    0.542738] system 00:0d: iomem range 0xe0000000-0xefffffff has been reserved
[    0.542739] system 00:0d: iomem range 0xc8200000-0xc83fffff has been reserved
[    0.577478] pci 0000:00:15.3: BAR 13: can't allocate I/O resource [0x10000-0xffff]
[    0.577483] pci 0000:00:15.4: BAR 13: can't allocate I/O resource [0x10000-0xffff]
[    0.577486] pci 0000:00:15.5: BAR 13: can't allocate I/O resource [0x10000-0xffff]
[    0.577489] pci 0000:00:15.6: BAR 13: can't allocate I/O resource [0x10000-0xffff]
[    0.577492] pci 0000:00:15.7: BAR 13: can't allocate I/O resource [0x10000-0xffff]
[    0.577495] pci 0000:00:16.3: BAR 13: can't allocate I/O resource [0x10000-0xffff]
[    0.577497] pci 0000:00:16.4: BAR 13: can't allocate I/O resource [0x10000-0xffff]
[    0.577500] pci 0000:00:16.5: BAR 13: can't allocate I/O resource [0x10000-0xffff]
[    0.577503] pci 0000:00:16.6: BAR 13: can't allocate I/O resource [0x10000-0xffff]
[    0.577506] pci 0000:00:16.7: BAR 13: can't allocate I/O resource [0x10000-0xffff]
[    0.577509] pci 0000:00:17.3: BAR 13: can't allocate I/O resource [0x10000-0xffff]
[    0.577512] pci 0000:00:17.4: BAR 13: can't allocate I/O resource [0x10000-0xffff]
[    0.577514] pci 0000:00:17.5: BAR 13: can't allocate I/O resource [0x10000-0xffff]
[    0.577517] pci 0000:00:17.6: BAR 13: can't allocate I/O resource [0x10000-0xffff]
[    0.577520] pci 0000:00:17.7: BAR 13: can't allocate I/O resource [0x10000-0xffff]
[    0.577523] pci 0000:00:18.3: BAR 13: can't allocate I/O resource [0x10000-0xffff]
[    0.577526] pci 0000:00:18.4: BAR 13: can't allocate I/O resource [0x10000-0xffff]
[    0.577529] pci 0000:00:18.5: BAR 13: can't allocate I/O resource [0x10000-0xffff]
[    0.577531] pci 0000:00:18.6: BAR 13: can't allocate I/O resource [0x10000-0xffff]
[    0.577534] pci 0000:00:18.7: BAR 13: can't allocate I/O resource [0x10000-0xffff]
[    0.577537] pci 0000:00:01.0: PCI bridge, secondary bus 0000:01
[    0.577538] pci 0000:00:01.0:   IO window: disabled
[    0.577576] pci 0000:00:01.0:   MEM window: disabled
[    0.577597] pci 0000:00:01.0:   PREFETCH window: disabled
[    0.577637] pci 0000:00:11.0: PCI bridge, secondary bus 0000:02
[    0.577649] pci 0000:00:11.0:   IO window: 0x2000-0x3fff
[    0.577679] pci 0000:00:11.0:   MEM window: 0xc9000000-0xca3fffff
[    0.577700] pci 0000:00:11.0:   PREFETCH window: 0x000000d8400000-0x000000d89fffff
[    0.577739] pci 0000:00:15.0: PCI bridge, secondary bus 0000:03
[    0.577750] pci 0000:00:15.0:   IO window: 0x4000-0x4fff
[    0.577787] pci 0000:00:15.0:   MEM window: 0xca400000-0xca4fffff
[    0.577807] pci 0000:00:15.0:   PREFETCH window: 0x000000d8a00000-0x000000d8afffff
[    0.577856] pci 0000:00:15.1: PCI bridge, secondary bus 0000:04
[    0.577868] pci 0000:00:15.1:   IO window: 0x8000-0x8fff
[    0.577895] pci 0000:00:15.1:   MEM window: 0xca800000-0xca8fffff
[    0.577914] pci 0000:00:15.1:   PREFETCH window: 0x000000d8e00000-0x000000d8efffff
[    0.577954] pci 0000:00:15.2: PCI bridge, secondary bus 0000:05
[    0.577965] pci 0000:00:15.2:   IO window: 0xc000-0xcfff
[    0.577993] pci 0000:00:15.2:   MEM window: 0xcac00000-0xcacfffff
[    0.578012] pci 0000:00:15.2:   PREFETCH window: 0x000000d9200000-0x000000d92fffff
[    0.578052] pci 0000:00:15.3: PCI bridge, secondary bus 0000:06
[    0.578054] pci 0000:00:15.3:   IO window: disabled
[    0.578081] pci 0000:00:15.3:   MEM window: 0xcb000000-0xcb0fffff
[    0.578100] pci 0000:00:15.3:   PREFETCH window: 0x000000d9600000-0x000000d96fffff
[    0.578140] pci 0000:00:15.4: PCI bridge, secondary bus 0000:07
[    0.578142] pci 0000:00:15.4:   IO window: disabled
[    0.578169] pci 0000:00:15.4:   MEM window: 0xcb400000-0xcb4fffff
[    0.578189] pci 0000:00:15.4:   PREFETCH window: 0x000000d9a00000-0x000000d9afffff
[    0.578228] pci 0000:00:15.5: PCI bridge, secondary bus 0000:08
[    0.578230] pci 0000:00:15.5:   IO window: disabled
[    0.578258] pci 0000:00:15.5:   MEM window: 0xcb800000-0xcb8fffff
[    0.578277] pci 0000:00:15.5:   PREFETCH window: 0x000000d9e00000-0x000000d9efffff
[    0.578317] pci 0000:00:15.6: PCI bridge, secondary bus 0000:09
[    0.578318] pci 0000:00:15.6:   IO window: disabled
[    0.578346] pci 0000:00:15.6:   MEM window: 0xcbc00000-0xcbcfffff
[    0.578365] pci 0000:00:15.6:   PREFETCH window: 0x000000da200000-0x000000da2fffff
[    0.578405] pci 0000:00:15.7: PCI bridge, secondary bus 0000:0a
[    0.578407] pci 0000:00:15.7:   IO window: disabled
[    0.578434] pci 0000:00:15.7:   MEM window: 0xcc000000-0xcc0fffff
[    0.578454] pci 0000:00:15.7:   PREFETCH window: 0x000000da600000-0x000000da6fffff
[    0.578493] pci 0000:00:16.0: PCI bridge, secondary bus 0000:0b
[    0.578505] pci 0000:00:16.0:   IO window: 0x5000-0x5fff
[    0.578532] pci 0000:00:16.0:   MEM window: 0xca500000-0xca5fffff
[    0.578573] pci 0000:00:16.0:   PREFETCH window: 0x000000d8b00000-0x000000d8bfffff
[    0.578628] pci 0000:00:16.1: PCI bridge, secondary bus 0000:0c
[    0.578639] pci 0000:00:16.1:   IO window: 0x9000-0x9fff
[    0.578666] pci 0000:00:16.1:   MEM window: 0xca900000-0xca9fffff
[    0.578685] pci 0000:00:16.1:   PREFETCH window: 0x000000d8f00000-0x000000d8ffffff
[    0.578725] pci 0000:00:16.2: PCI bridge, secondary bus 0000:0d
[    0.578749] pci 0000:00:16.2:   IO window: 0xd000-0xdfff
[    0.578778] pci 0000:00:16.2:   MEM window: 0xcad00000-0xcadfffff
[    0.578807] pci 0000:00:16.2:   PREFETCH window: 0x000000d9300000-0x000000d93fffff
[    0.578847] pci 0000:00:16.3: PCI bridge, secondary bus 0000:0e
[    0.578848] pci 0000:00:16.3:   IO window: disabled
[    0.578876] pci 0000:00:16.3:   MEM window: 0xcb100000-0xcb1fffff
[    0.578895] pci 0000:00:16.3:   PREFETCH window: 0x000000d9700000-0x000000d97fffff
[    0.578935] pci 0000:00:16.4: PCI bridge, secondary bus 0000:0f
[    0.578936] pci 0000:00:16.4:   IO window: disabled
[    0.578964] pci 0000:00:16.4:   MEM window: 0xcb500000-0xcb5fffff
[    0.578983] pci 0000:00:16.4:   PREFETCH window: 0x000000d9b00000-0x000000d9bfffff
[    0.579023] pci 0000:00:16.5: PCI bridge, secondary bus 0000:10
[    0.579024] pci 0000:00:16.5:   IO window: disabled
[    0.579052] pci 0000:00:16.5:   MEM window: 0xcb900000-0xcb9fffff
[    0.579071] pci 0000:00:16.5:   PREFETCH window: 0x000000d9f00000-0x000000d9ffffff
[    0.579111] pci 0000:00:16.6: PCI bridge, secondary bus 0000:11
[    0.579112] pci 0000:00:16.6:   IO window: disabled
[    0.579140] pci 0000:00:16.6:   MEM window: 0xcbd00000-0xcbdfffff
[    0.579159] pci 0000:00:16.6:   PREFETCH window: 0x000000da300000-0x000000da3fffff
[    0.579198] pci 0000:00:16.7: PCI bridge, secondary bus 0000:12
[    0.579200] pci 0000:00:16.7:   IO window: disabled
[    0.579228] pci 0000:00:16.7:   MEM window: 0xcc100000-0xcc1fffff
[    0.579254] pci 0000:00:16.7:   PREFETCH window: 0x000000da700000-0x000000da7fffff
[    0.579296] pci 0000:00:17.0: PCI bridge, secondary bus 0000:13
[    0.579307] pci 0000:00:17.0:   IO window: 0x6000-0x6fff
[    0.579334] pci 0000:00:17.0:   MEM window: 0xca600000-0xca6fffff
[    0.579353] pci 0000:00:17.0:   PREFETCH window: 0x000000d8c00000-0x000000d8cfffff
[    0.579393] pci 0000:00:17.1: PCI bridge, secondary bus 0000:14
[    0.579404] pci 0000:00:17.1:   IO window: 0xa000-0xafff
[    0.579431] pci 0000:00:17.1:   MEM window: 0xcaa00000-0xcaafffff
[    0.579451] pci 0000:00:17.1:   PREFETCH window: 0x000000d9000000-0x000000d90fffff
[    0.579490] pci 0000:00:17.2: PCI bridge, secondary bus 0000:15
[    0.579501] pci 0000:00:17.2:   IO window: 0xe000-0xefff
[    0.579529] pci 0000:00:17.2:   MEM window: 0xcae00000-0xcaefffff
[    0.579565] pci 0000:00:17.2:   PREFETCH window: 0x000000d9400000-0x000000d94fffff
[    0.579615] pci 0000:00:17.3: PCI bridge, secondary bus 0000:16
[    0.579617] pci 0000:00:17.3:   IO window: disabled
[    0.579644] pci 0000:00:17.3:   MEM window: 0xcb200000-0xcb2fffff
[    0.579663] pci 0000:00:17.3:   PREFETCH window: 0x000000d9800000-0x000000d98fffff
[    0.579703] pci 0000:00:17.4: PCI bridge, secondary bus 0000:17
[    0.579704] pci 0000:00:17.4:   IO window: disabled
[    0.579732] pci 0000:00:17.4:   MEM window: 0xcb600000-0xcb6fffff
[    0.579751] pci 0000:00:17.4:   PREFETCH window: 0x000000d9c00000-0x000000d9cfffff
[    0.579790] pci 0000:00:17.5: PCI bridge, secondary bus 0000:18
[    0.579792] pci 0000:00:17.5:   IO window: disabled
[    0.579819] pci 0000:00:17.5:   MEM window: 0xcba00000-0xcbafffff
[    0.579839] pci 0000:00:17.5:   PREFETCH window: 0x000000da000000-0x000000da0fffff
[    0.579878] pci 0000:00:17.6: PCI bridge, secondary bus 0000:19
[    0.579879] pci 0000:00:17.6:   IO window: disabled
[    0.579907] pci 0000:00:17.6:   MEM window: 0xcbe00000-0xcbefffff
[    0.579926] pci 0000:00:17.6:   PREFETCH window: 0x000000da400000-0x000000da4fffff
[    0.579966] pci 0000:00:17.7: PCI bridge, secondary bus 0000:1a
[    0.579967] pci 0000:00:17.7:   IO window: disabled
[    0.579995] pci 0000:00:17.7:   MEM window: 0xcc200000-0xcc2fffff
[    0.580014] pci 0000:00:17.7:   PREFETCH window: 0x000000da800000-0x000000da8fffff
[    0.580054] pci 0000:00:18.0: PCI bridge, secondary bus 0000:1b
[    0.580065] pci 0000:00:18.0:   IO window: 0x7000-0x7fff
[    0.580092] pci 0000:00:18.0:   MEM window: 0xca700000-0xca7fffff
[    0.580112] pci 0000:00:18.0:   PREFETCH window: 0x000000d8d00000-0x000000d8dfffff
[    0.580151] pci 0000:00:18.1: PCI bridge, secondary bus 0000:1c
[    0.580162] pci 0000:00:18.1:   IO window: 0xb000-0xbfff
[    0.580190] pci 0000:00:18.1:   MEM window: 0xcab00000-0xcabfffff
[    0.580209] pci 0000:00:18.1:   PREFETCH window: 0x000000d9100000-0x000000d91fffff
[    0.580248] pci 0000:00:18.2: PCI bridge, secondary bus 0000:1d
[    0.580259] pci 0000:00:18.2:   IO window: 0xf000-0xffff
[    0.580287] pci 0000:00:18.2:   MEM window: 0xcaf00000-0xcaffffff
[    0.580306] pci 0000:00:18.2:   PREFETCH window: 0x000000d9500000-0x000000d95fffff
[    0.580346] pci 0000:00:18.3: PCI bridge, secondary bus 0000:1e
[    0.580347] pci 0000:00:18.3:   IO window: disabled
[    0.580375] pci 0000:00:18.3:   MEM window: 0xcb300000-0xcb3fffff
[    0.580394] pci 0000:00:18.3:   PREFETCH window: 0x000000d9900000-0x000000d99fffff
[    0.580433] pci 0000:00:18.4: PCI bridge, secondary bus 0000:1f
[    0.580435] pci 0000:00:18.4:   IO window: disabled
[    0.580463] pci 0000:00:18.4:   MEM window: 0xcb700000-0xcb7fffff
[    0.580482] pci 0000:00:18.4:   PREFETCH window: 0x000000d9d00000-0x000000d9dfffff
[    0.580521] pci 0000:00:18.5: PCI bridge, secondary bus 0000:20
[    0.580523] pci 0000:00:18.5:   IO window: disabled
[    0.580562] pci 0000:00:18.5:   MEM window: 0xcbb00000-0xcbbfffff
[    0.580583] pci 0000:00:18.5:   PREFETCH window: 0x000000da100000-0x000000da1fffff
[    0.580631] pci 0000:00:18.6: PCI bridge, secondary bus 0000:21
[    0.580633] pci 0000:00:18.6:   IO window: disabled
[    0.580661] pci 0000:00:18.6:   MEM window: 0xcbf00000-0xcbffffff
[    0.580680] pci 0000:00:18.6:   PREFETCH window: 0x000000da500000-0x000000da5fffff
[    0.580719] pci 0000:00:18.7: PCI bridge, secondary bus 0000:22
[    0.580721] pci 0000:00:18.7:   IO window: disabled
[    0.580748] pci 0000:00:18.7:   MEM window: 0xcc300000-0xcc3fffff
[    0.580767] pci 0000:00:18.7:   PREFETCH window: 0x000000da900000-0x000000da9fffff
[    0.580836] pci 0000:00:01.0: setting latency timer to 64
[    0.580926] pci 0000:00:15.0: setting latency timer to 64
[    0.580989] pci 0000:00:15.1: setting latency timer to 64
[    0.581050] pci 0000:00:15.2: setting latency timer to 64
[    0.581112] pci 0000:00:15.3: setting latency timer to 64
[    0.581174] pci 0000:00:15.4: setting latency timer to 64
[    0.581236] pci 0000:00:15.5: setting latency timer to 64
[    0.581298] pci 0000:00:15.6: setting latency timer to 64
[    0.581360] pci 0000:00:15.7: setting latency timer to 64
[    0.581422] pci 0000:00:16.0: setting latency timer to 64
[    0.581484] pci 0000:00:16.1: setting latency timer to 64
[    0.581562] pci 0000:00:16.2: setting latency timer to 64
[    0.581629] pci 0000:00:16.3: setting latency timer to 64
[    0.581703] pci 0000:00:16.4: setting latency timer to 64
[    0.581764] pci 0000:00:16.5: setting latency timer to 64
[    0.581827] pci 0000:00:16.6: setting latency timer to 64
[    0.581889] pci 0000:00:16.7: setting latency timer to 64
[    0.581951] pci 0000:00:17.0: setting latency timer to 64
[    0.582013] pci 0000:00:17.1: setting latency timer to 64
[    0.582075] pci 0000:00:17.2: setting latency timer to 64
[    0.582137] pci 0000:00:17.3: setting latency timer to 64
[    0.582199] pci 0000:00:17.4: setting latency timer to 64
[    0.582261] pci 0000:00:17.5: setting latency timer to 64
[    0.582323] pci 0000:00:17.6: setting latency timer to 64
[    0.582385] pci 0000:00:17.7: setting latency timer to 64
[    0.582447] pci 0000:00:18.0: setting latency timer to 64
[    0.582509] pci 0000:00:18.1: setting latency timer to 64
[    0.582590] pci 0000:00:18.2: setting latency timer to 64
[    0.582662] pci 0000:00:18.3: setting latency timer to 64
[    0.582724] pci 0000:00:18.4: setting latency timer to 64
[    0.582786] pci 0000:00:18.5: setting latency timer to 64
[    0.582848] pci 0000:00:18.6: setting latency timer to 64
[    0.582910] pci 0000:00:18.7: setting latency timer to 64
[    0.582921] pci_bus 0000:00: resource 0 io:  [0x00-0xffff]
[    0.582923] pci_bus 0000:00: resource 1 mem: [0x000000-0xffffffffffffffff]
[    0.582926] pci_bus 0000:02: resource 0 io:  [0x2000-0x3fff]
[    0.582928] pci_bus 0000:02: resource 1 mem: [0xc9000000-0xca3fffff]
[    0.582929] pci_bus 0000:02: resource 2 pref mem [0xd8400000-0xd89fffff]
[    0.582931] pci_bus 0000:02: resource 3 io:  [0x00-0xffff]
[    0.582933] pci_bus 0000:02: resource 4 mem: [0x000000-0xffffffffffffffff]
[    0.582935] pci_bus 0000:03: resource 0 io:  [0x4000-0x4fff]
[    0.582937] pci_bus 0000:03: resource 1 mem: [0xca400000-0xca4fffff]
[    0.582939] pci_bus 0000:03: resource 2 pref mem [0xd8a00000-0xd8afffff]
[    0.582940] pci_bus 0000:04: resource 0 io:  [0x8000-0x8fff]
[    0.582942] pci_bus 0000:04: resource 1 mem: [0xca800000-0xca8fffff]
[    0.582944] pci_bus 0000:04: resource 2 pref mem [0xd8e00000-0xd8efffff]
[    0.582946] pci_bus 0000:05: resource 0 io:  [0xc000-0xcfff]
[    0.582948] pci_bus 0000:05: resource 1 mem: [0xcac00000-0xcacfffff]
[    0.582949] pci_bus 0000:05: resource 2 pref mem [0xd9200000-0xd92fffff]
[    0.582951] pci_bus 0000:06: resource 1 mem: [0xcb000000-0xcb0fffff]
[    0.582953] pci_bus 0000:06: resource 2 pref mem [0xd9600000-0xd96fffff]
[    0.582955] pci_bus 0000:07: resource 1 mem: [0xcb400000-0xcb4fffff]
[    0.582957] pci_bus 0000:07: resource 2 pref mem [0xd9a00000-0xd9afffff]
[    0.582958] pci_bus 0000:08: resource 1 mem: [0xcb800000-0xcb8fffff]
[    0.582960] pci_bus 0000:08: resource 2 pref mem [0xd9e00000-0xd9efffff]
[    0.582962] pci_bus 0000:09: resource 1 mem: [0xcbc00000-0xcbcfffff]
[    0.582964] pci_bus 0000:09: resource 2 pref mem [0xda200000-0xda2fffff]
[    0.582966] pci_bus 0000:0a: resource 1 mem: [0xcc000000-0xcc0fffff]
[    0.582968] pci_bus 0000:0a: resource 2 pref mem [0xda600000-0xda6fffff]
[    0.582969] pci_bus 0000:0b: resource 0 io:  [0x5000-0x5fff]
[    0.582971] pci_bus 0000:0b: resource 1 mem: [0xca500000-0xca5fffff]
[    0.582973] pci_bus 0000:0b: resource 2 pref mem [0xd8b00000-0xd8bfffff]
[    0.582975] pci_bus 0000:0c: resource 0 io:  [0x9000-0x9fff]
[    0.582976] pci_bus 0000:0c: resource 1 mem: [0xca900000-0xca9fffff]
[    0.582978] pci_bus 0000:0c: resource 2 pref mem [0xd8f00000-0xd8ffffff]
[    0.582980] pci_bus 0000:0d: resource 0 io:  [0xd000-0xdfff]
[    0.582982] pci_bus 0000:0d: resource 1 mem: [0xcad00000-0xcadfffff]
[    0.582983] pci_bus 0000:0d: resource 2 pref mem [0xd9300000-0xd93fffff]
[    0.582985] pci_bus 0000:0e: resource 1 mem: [0xcb100000-0xcb1fffff]
[    0.582987] pci_bus 0000:0e: resource 2 pref mem [0xd9700000-0xd97fffff]
[    0.582989] pci_bus 0000:0f: resource 1 mem: [0xcb500000-0xcb5fffff]
[    0.582991] pci_bus 0000:0f: resource 2 pref mem [0xd9b00000-0xd9bfffff]
[    0.582993] pci_bus 0000:10: resource 1 mem: [0xcb900000-0xcb9fffff]
[    0.582994] pci_bus 0000:10: resource 2 pref mem [0xd9f00000-0xd9ffffff]
[    0.582996] pci_bus 0000:11: resource 1 mem: [0xcbd00000-0xcbdfffff]
[    0.582998] pci_bus 0000:11: resource 2 pref mem [0xda300000-0xda3fffff]
[    0.583000] pci_bus 0000:12: resource 1 mem: [0xcc100000-0xcc1fffff]
[    0.583002] pci_bus 0000:12: resource 2 pref mem [0xda700000-0xda7fffff]
[    0.583003] pci_bus 0000:13: resource 0 io:  [0x6000-0x6fff]
[    0.583005] pci_bus 0000:13: resource 1 mem: [0xca600000-0xca6fffff]
[    0.583007] pci_bus 0000:13: resource 2 pref mem [0xd8c00000-0xd8cfffff]
[    0.583009] pci_bus 0000:14: resource 0 io:  [0xa000-0xafff]
[    0.583011] pci_bus 0000:14: resource 1 mem: [0xcaa00000-0xcaafffff]
[    0.583012] pci_bus 0000:14: resource 2 pref mem [0xd9000000-0xd90fffff]
[    0.583014] pci_bus 0000:15: resource 0 io:  [0xe000-0xefff]
[    0.583016] pci_bus 0000:15: resource 1 mem: [0xcae00000-0xcaefffff]
[    0.583018] pci_bus 0000:15: resource 2 pref mem [0xd9400000-0xd94fffff]
[    0.583020] pci_bus 0000:16: resource 1 mem: [0xcb200000-0xcb2fffff]
[    0.583021] pci_bus 0000:16: resource 2 pref mem [0xd9800000-0xd98fffff]
[    0.583023] pci_bus 0000:17: resource 1 mem: [0xcb600000-0xcb6fffff]
[    0.583025] pci_bus 0000:17: resource 2 pref mem [0xd9c00000-0xd9cfffff]
[    0.583027] pci_bus 0000:18: resource 1 mem: [0xcba00000-0xcbafffff]
[    0.583029] pci_bus 0000:18: resource 2 pref mem [0xda000000-0xda0fffff]
[    0.583030] pci_bus 0000:19: resource 1 mem: [0xcbe00000-0xcbefffff]
[    0.583032] pci_bus 0000:19: resource 2 pref mem [0xda400000-0xda4fffff]
[    0.583034] pci_bus 0000:1a: resource 1 mem: [0xcc200000-0xcc2fffff]
[    0.583036] pci_bus 0000:1a: resource 2 pref mem [0xda800000-0xda8fffff]
[    0.583038] pci_bus 0000:1b: resource 0 io:  [0x7000-0x7fff]
[    0.583039] pci_bus 0000:1b: resource 1 mem: [0xca700000-0xca7fffff]
[    0.583041] pci_bus 0000:1b: resource 2 pref mem [0xd8d00000-0xd8dfffff]
[    0.583043] pci_bus 0000:1c: resource 0 io:  [0xb000-0xbfff]
[    0.583045] pci_bus 0000:1c: resource 1 mem: [0xcab00000-0xcabfffff]
[    0.583047] pci_bus 0000:1c: resource 2 pref mem [0xd9100000-0xd91fffff]
[    0.583048] pci_bus 0000:1d: resource 0 io:  [0xf000-0xffff]
[    0.583050] pci_bus 0000:1d: resource 1 mem: [0xcaf00000-0xcaffffff]
[    0.583052] pci_bus 0000:1d: resource 2 pref mem [0xd9500000-0xd95fffff]
[    0.583054] pci_bus 0000:1e: resource 1 mem: [0xcb300000-0xcb3fffff]
[    0.583055] pci_bus 0000:1e: resource 2 pref mem [0xd9900000-0xd99fffff]
[    0.583057] pci_bus 0000:1f: resource 1 mem: [0xcb700000-0xcb7fffff]
[    0.583059] pci_bus 0000:1f: resource 2 pref mem [0xd9d00000-0xd9dfffff]
[    0.583061] pci_bus 0000:20: resource 1 mem: [0xcbb00000-0xcbbfffff]
[    0.583063] pci_bus 0000:20: resource 2 pref mem [0xda100000-0xda1fffff]
[    0.583065] pci_bus 0000:21: resource 1 mem: [0xcbf00000-0xcbffffff]
[    0.583066] pci_bus 0000:21: resource 2 pref mem [0xda500000-0xda5fffff]
[    0.583068] pci_bus 0000:22: resource 1 mem: [0xcc300000-0xcc3fffff]
[    0.583070] pci_bus 0000:22: resource 2 pref mem [0xda900000-0xda9fffff]
[    0.583094] NET: Registered protocol family 2
[    0.583111] RANDOM - __random32 called. Change num 7.  Value: 55ede565	148ebb7a	8e9cdd7f
[    0.583112] RANDOM - random32 called.  Value: 55ede565	148ebb7a	8e9cdd7f
[    0.583121] random 0000 0000 0000 00000000 00000000: rand_read_num 2 get_random_bytes(4): sig fffffe1a 00000000 00000000
[    0.583123] random 0000 0000 0000 00000000 00000000: extract_entropy(.. 4 ..)
[    0.583126] random 0000 0000 0000 00000000 00000000: going to reseed nonblocking with 64 bits (32 of 0 requested)
[    0.583128] random 0000 0000 0000 00000000 00000000: extract_entropy(.. 8 ..)
[    0.583130] random 0000 0000 0000 00000000 00000000: trying to extract 64 bits from input
[    0.583133] random 0000 0000 0000 00000000 00000000: debiting 0 entropy credits from input
[    0.583134] random 0000 0000 0000 00000000 00000000: extract_entropy account returned: 0 
[    0.583137] random 0000 0000 0000 00000000 00000000: urand_change_num 3 xfer_secondary_pool(4): pool_sig fffffe1a, data_sig 00000000, bytes_mixed 0 00000000 00000000
[    0.583140] random 0000 0000 0000 00000000 00000000: trying to extract 32 bits from nonblocking
[    0.583143] random 0000 0000 0000 00000000 00000000: debiting 32 entropy credits from nonblocking (unlimited)
[    0.583145] random 0000 0000 0000 00000000 00000000: extract_entropy account returned: 4 
[    0.583148] random 0000 0000 0000 00000000 00000000: urand_change_num 4 extract_buf: pool_sig fffffe1a, data_sig fffffed7, bytes_mixed 20 00000000 00000000
[    0.583178] IP route cache hash table entries: 32768 (order: 5, 131072 bytes)
[    0.583185] RANDOM - __random32 called. Change num 8.  Value: de565d28	48ebb7a3	baff4f46
[    0.583190] RANDOM - random32 called.  Value: de565d28	48ebb7a3	baff4f46
[    0.583195] RANDOM - __random32 called. Change num 9.  Value: 65d282be	8ebb7a35	9e8da0a6
[    0.583200] RANDOM - random32 called.  Value: 65d282be	8ebb7a35	9e8da0a6
[    0.583204] RANDOM - __random32 called. Change num 10.  Value: 282be6b0	ebb7a35a	414d5c14
[    0.583207] RANDOM - random32 called.  Value: 282be6b0	ebb7a35a	414d5c14
[    0.583210] RANDOM - __random32 called. Change num 11.  Value: be6b0a9f	bb7a35a2	b82964f7
[    0.583212] RANDOM - random32 called.  Value: be6b0a9f	bb7a35a2	b82964f7
[    0.583215] TCP established hash table entries: 131072 (order: 8, 1048576 bytes)
[    0.583377] TCP bind hash table entries: 65536 (order: 7, 524288 bytes)
[    0.583508] TCP: Hash tables configured (established 131072 bind 65536)
[    0.583511] TCP reno registered
[    0.583546] NET: Registered protocol family 1
[    0.583555] pci 0000:00:00.0: Limiting direct PCI/PCI transfers
[    0.583574] pci 0000:00:0f.0: Boot video device
[    0.583787] Trying to unpack rootfs image as initramfs...
[    1.793481] Freeing initrd memory: 83430k freed
[    1.801569] Simple Boot Flag at 0x36 set to 0x1
[    1.801613] cpufreq-nforce2: No nForce2 chipset.
[    1.801627] Scanning for low memory corruption every 60 seconds
[    1.801747] audit: initializing netlink socket (disabled)
[    1.801756] type=2000 audit(1369431519.792:1): initialized
[    1.805652] highmem bounce pool size: 64 pages
[    1.805656] HugeTLB registered 2 MB page size, pre-allocated 0 pages
[    1.805757] VFS: Disk quotas dquot_6.5.2
[    1.805790] Dquot-cache hash table entries: 1024 (order 0, 4096 bytes)
[    1.805876] fuse init (API version 7.13)
[    1.805924] msgmni has been set to 1729
[    1.806229] alg: No test for stdrng (krng)
[    1.806265] Block layer SCSI generic (bsg) driver version 0.4 loaded (major 253)
[    1.806267] io scheduler noop registered
[    1.806269] io scheduler anticipatory registered
[    1.806271] io scheduler deadline registered
[    1.806292] io scheduler cfq registered (default)
[    1.806339]   alloc irq_desc for 24 on node -1
[    1.806342]   alloc kstat_irqs on node -1
[    1.806390] pcieport 0000:00:15.0: irq 24 for MSI/MSI-X
[    1.806438] pcieport 0000:00:15.0: setting latency timer to 64
[    1.806486]   alloc irq_desc for 25 on node -1
[    1.806489]   alloc kstat_irqs on node -1
[    1.806537] pcieport 0000:00:15.1: irq 25 for MSI/MSI-X
[    1.806585] pcieport 0000:00:15.1: setting latency timer to 64
[    1.806633]   alloc irq_desc for 26 on node -1
[    1.806635]   alloc kstat_irqs on node -1
[    1.806683] pcieport 0000:00:15.2: irq 26 for MSI/MSI-X
[    1.806731] pcieport 0000:00:15.2: setting latency timer to 64
[    1.806779]   alloc irq_desc for 27 on node -1
[    1.806781]   alloc kstat_irqs on node -1
[    1.806829] pcieport 0000:00:15.3: irq 27 for MSI/MSI-X
[    1.806877] pcieport 0000:00:15.3: setting latency timer to 64
[    1.806925]   alloc irq_desc for 28 on node -1
[    1.806927]   alloc kstat_irqs on node -1
[    1.806975] pcieport 0000:00:15.4: irq 28 for MSI/MSI-X
[    1.807023] pcieport 0000:00:15.4: setting latency timer to 64
[    1.807071]   alloc irq_desc for 29 on node -1
[    1.807074]   alloc kstat_irqs on node -1
[    1.807122] pcieport 0000:00:15.5: irq 29 for MSI/MSI-X
[    1.807170] pcieport 0000:00:15.5: setting latency timer to 64
[    1.807218]   alloc irq_desc for 30 on node -1
[    1.807220]   alloc kstat_irqs on node -1
[    1.807268] pcieport 0000:00:15.6: irq 30 for MSI/MSI-X
[    1.807316] pcieport 0000:00:15.6: setting latency timer to 64
[    1.807364]   alloc irq_desc for 31 on node -1
[    1.807367]   alloc kstat_irqs on node -1
[    1.807415] pcieport 0000:00:15.7: irq 31 for MSI/MSI-X
[    1.807463] pcieport 0000:00:15.7: setting latency timer to 64
[    1.807510]   alloc irq_desc for 32 on node -1
[    1.807513]   alloc kstat_irqs on node -1
[    1.807561] pcieport 0000:00:16.0: irq 32 for MSI/MSI-X
[    1.807609] pcieport 0000:00:16.0: setting latency timer to 64
[    1.807657]   alloc irq_desc for 33 on node -1
[    1.807659]   alloc kstat_irqs on node -1
[    1.807707] pcieport 0000:00:16.1: irq 33 for MSI/MSI-X
[    1.807755] pcieport 0000:00:16.1: setting latency timer to 64
[    1.807803]   alloc irq_desc for 34 on node -1
[    1.807805]   alloc kstat_irqs on node -1
[    1.807852] pcieport 0000:00:16.2: irq 34 for MSI/MSI-X
[    1.807900] pcieport 0000:00:16.2: setting latency timer to 64
[    1.807948]   alloc irq_desc for 35 on node -1
[    1.807950]   alloc kstat_irqs on node -1
[    1.807998] pcieport 0000:00:16.3: irq 35 for MSI/MSI-X
[    1.808046] pcieport 0000:00:16.3: setting latency timer to 64
[    1.808094]   alloc irq_desc for 36 on node -1
[    1.808096]   alloc kstat_irqs on node -1
[    1.808144] pcieport 0000:00:16.4: irq 36 for MSI/MSI-X
[    1.808192] pcieport 0000:00:16.4: setting latency timer to 64
[    1.808240]   alloc irq_desc for 37 on node -1
[    1.808242]   alloc kstat_irqs on node -1
[    1.808290] pcieport 0000:00:16.5: irq 37 for MSI/MSI-X
[    1.808338] pcieport 0000:00:16.5: setting latency timer to 64
[    1.808386]   alloc irq_desc for 38 on node -1
[    1.808388]   alloc kstat_irqs on node -1
[    1.808436] pcieport 0000:00:16.6: irq 38 for MSI/MSI-X
[    1.808483] pcieport 0000:00:16.6: setting latency timer to 64
[    1.809580]   alloc irq_desc for 39 on node -1
[    1.809581]   alloc kstat_irqs on node -1
[    1.809629] pcieport 0000:00:16.7: irq 39 for MSI/MSI-X
[    1.809677] pcieport 0000:00:16.7: setting latency timer to 64
[    1.809725]   alloc irq_desc for 40 on node -1
[    1.809727]   alloc kstat_irqs on node -1
[    1.809775] pcieport 0000:00:17.0: irq 40 for MSI/MSI-X
[    1.809823] pcieport 0000:00:17.0: setting latency timer to 64
[    1.809871]   alloc irq_desc for 41 on node -1
[    1.809873]   alloc kstat_irqs on node -1
[    1.809921] pcieport 0000:00:17.1: irq 41 for MSI/MSI-X
[    1.809969] pcieport 0000:00:17.1: setting latency timer to 64
[    1.810017]   alloc irq_desc for 42 on node -1
[    1.810021]   alloc kstat_irqs on node -1
[    1.810069] pcieport 0000:00:17.2: irq 42 for MSI/MSI-X
[    1.810117] pcieport 0000:00:17.2: setting latency timer to 64
[    1.810165]   alloc irq_desc for 43 on node -1
[    1.810168]   alloc kstat_irqs on node -1
[    1.810216] pcieport 0000:00:17.3: irq 43 for MSI/MSI-X
[    1.810264] pcieport 0000:00:17.3: setting latency timer to 64
[    1.810311]   alloc irq_desc for 44 on node -1
[    1.810314]   alloc kstat_irqs on node -1
[    1.810362] pcieport 0000:00:17.4: irq 44 for MSI/MSI-X
[    1.810410] pcieport 0000:00:17.4: setting latency timer to 64
[    1.810458]   alloc irq_desc for 45 on node -1
[    1.810461]   alloc kstat_irqs on node -1
[    1.810509] pcieport 0000:00:17.5: irq 45 for MSI/MSI-X
[    1.810557] pcieport 0000:00:17.5: setting latency timer to 64
[    1.810605]   alloc irq_desc for 46 on node -1
[    1.810607]   alloc kstat_irqs on node -1
[    1.810655] pcieport 0000:00:17.6: irq 46 for MSI/MSI-X
[    1.810703] pcieport 0000:00:17.6: setting latency timer to 64
[    1.810751]   alloc irq_desc for 47 on node -1
[    1.810753]   alloc kstat_irqs on node -1
[    1.810801] pcieport 0000:00:17.7: irq 47 for MSI/MSI-X
[    1.810848] pcieport 0000:00:17.7: setting latency timer to 64
[    1.810896]   alloc irq_desc for 48 on node -1
[    1.810898]   alloc kstat_irqs on node -1
[    1.810946] pcieport 0000:00:18.0: irq 48 for MSI/MSI-X
[    1.810994] pcieport 0000:00:18.0: setting latency timer to 64
[    1.811042]   alloc irq_desc for 49 on node -1
[    1.811044]   alloc kstat_irqs on node -1
[    1.811092] pcieport 0000:00:18.1: irq 49 for MSI/MSI-X
[    1.811140] pcieport 0000:00:18.1: setting latency timer to 64
[    1.811188]   alloc irq_desc for 50 on node -1
[    1.811191]   alloc kstat_irqs on node -1
[    1.811239] pcieport 0000:00:18.2: irq 50 for MSI/MSI-X
[    1.811287] pcieport 0000:00:18.2: setting latency timer to 64
[    1.811334]   alloc irq_desc for 51 on node -1
[    1.811337]   alloc kstat_irqs on node -1
[    1.811384] pcieport 0000:00:18.3: irq 51 for MSI/MSI-X
[    1.811432] pcieport 0000:00:18.3: setting latency timer to 64
[    1.811480]   alloc irq_desc for 52 on node -1
[    1.811482]   alloc kstat_irqs on node -1
[    1.811530] pcieport 0000:00:18.4: irq 52 for MSI/MSI-X
[    1.811578] pcieport 0000:00:18.4: setting latency timer to 64
[    1.811626]   alloc irq_desc for 53 on node -1
[    1.811630]   alloc kstat_irqs on node -1
[    1.811678] pcieport 0000:00:18.5: irq 53 for MSI/MSI-X
[    1.811726] pcieport 0000:00:18.5: setting latency timer to 64
[    1.811773]   alloc irq_desc for 54 on node -1
[    1.811776]   alloc kstat_irqs on node -1
[    1.811824] pcieport 0000:00:18.6: irq 54 for MSI/MSI-X
[    1.811872] pcieport 0000:00:18.6: setting latency timer to 64
[    1.811920]   alloc irq_desc for 55 on node -1
[    1.811922]   alloc kstat_irqs on node -1
[    1.811970] pcieport 0000:00:18.7: irq 55 for MSI/MSI-X
[    1.812018] pcieport 0000:00:18.7: setting latency timer to 64
[    1.812065] pci_hotplug: PCI Hot Plug PCI Core version: 0.5
[    1.813599] pciehp 0000:00:15.0:pcie04: HPC vendor_id 15ad device_id 7a0 ss_vid 0 ss_did 0
[    1.813647] pciehp 0000:00:15.0:pcie04: service driver pciehp loaded
[    1.813695] pciehp 0000:00:15.1:pcie04: HPC vendor_id 15ad device_id 7a0 ss_vid 0 ss_did 0
[    1.813743] pciehp 0000:00:15.1:pcie04: service driver pciehp loaded
[    1.813791] pciehp 0000:00:15.2:pcie04: HPC vendor_id 15ad device_id 7a0 ss_vid 0 ss_did 0
[    1.813839] pciehp 0000:00:15.2:pcie04: service driver pciehp loaded
[    1.813887] pciehp 0000:00:15.3:pcie04: HPC vendor_id 15ad device_id 7a0 ss_vid 0 ss_did 0
[    1.813935] pciehp 0000:00:15.3:pcie04: service driver pciehp loaded
[    1.813983] pciehp 0000:00:15.4:pcie04: HPC vendor_id 15ad device_id 7a0 ss_vid 0 ss_did 0
[    1.814031] pciehp 0000:00:15.4:pcie04: service driver pciehp loaded
[    1.814079] pciehp 0000:00:15.5:pcie04: HPC vendor_id 15ad device_id 7a0 ss_vid 0 ss_did 0
[    1.814127] pciehp 0000:00:15.5:pcie04: service driver pciehp loaded
[    1.814174] pciehp 0000:00:15.6:pcie04: HPC vendor_id 15ad device_id 7a0 ss_vid 0 ss_did 0
[    1.814222] pciehp 0000:00:15.6:pcie04: service driver pciehp loaded
[    1.814270] pciehp 0000:00:15.7:pcie04: HPC vendor_id 15ad device_id 7a0 ss_vid 0 ss_did 0
[    1.814318] pciehp 0000:00:15.7:pcie04: service driver pciehp loaded
[    1.814366] pciehp 0000:00:16.0:pcie04: HPC vendor_id 15ad device_id 7a0 ss_vid 0 ss_did 0
[    1.814414] pciehp 0000:00:16.0:pcie04: service driver pciehp loaded
[    1.814462] pciehp 0000:00:16.1:pcie04: HPC vendor_id 15ad device_id 7a0 ss_vid 0 ss_did 0
[    1.814510] pciehp 0000:00:16.1:pcie04: service driver pciehp loaded
[    1.814558] pciehp 0000:00:16.2:pcie04: HPC vendor_id 15ad device_id 7a0 ss_vid 0 ss_did 0
[    1.814606] pciehp 0000:00:16.2:pcie04: service driver pciehp loaded
[    1.814654] pciehp 0000:00:16.3:pcie04: HPC vendor_id 15ad device_id 7a0 ss_vid 0 ss_did 0
[    1.814702] pciehp 0000:00:16.3:pcie04: service driver pciehp loaded
[    1.814750] pciehp 0000:00:16.4:pcie04: HPC vendor_id 15ad device_id 7a0 ss_vid 0 ss_did 0
[    1.814798] pciehp 0000:00:16.4:pcie04: service driver pciehp loaded
[    1.814846] pciehp 0000:00:16.5:pcie04: HPC vendor_id 15ad device_id 7a0 ss_vid 0 ss_did 0
[    1.814893] pciehp 0000:00:16.5:pcie04: service driver pciehp loaded
[    1.814941] pciehp 0000:00:16.6:pcie04: HPC vendor_id 15ad device_id 7a0 ss_vid 0 ss_did 0
[    1.814989] pciehp 0000:00:16.6:pcie04: service driver pciehp loaded
[    1.815037] pciehp 0000:00:16.7:pcie04: HPC vendor_id 15ad device_id 7a0 ss_vid 0 ss_did 0
[    1.815085] pciehp 0000:00:16.7:pcie04: service driver pciehp loaded
[    1.815133] pciehp 0000:00:17.0:pcie04: HPC vendor_id 15ad device_id 7a0 ss_vid 0 ss_did 0
[    1.815181] pciehp 0000:00:17.0:pcie04: service driver pciehp loaded
[    1.815229] pciehp 0000:00:17.1:pcie04: HPC vendor_id 15ad device_id 7a0 ss_vid 0 ss_did 0
[    1.815277] pciehp 0000:00:17.1:pcie04: service driver pciehp loaded
[    1.815325] pciehp 0000:00:17.2:pcie04: HPC vendor_id 15ad device_id 7a0 ss_vid 0 ss_did 0
[    1.815373] pciehp 0000:00:17.2:pcie04: service driver pciehp loaded
[    1.815421] pciehp 0000:00:17.3:pcie04: HPC vendor_id 15ad device_id 7a0 ss_vid 0 ss_did 0
[    1.815469] pciehp 0000:00:17.3:pcie04: service driver pciehp loaded
[    1.815517] pciehp 0000:00:17.4:pcie04: HPC vendor_id 15ad device_id 7a0 ss_vid 0 ss_did 0
[    1.815565] pciehp 0000:00:17.4:pcie04: service driver pciehp loaded
[    1.815612] pciehp 0000:00:17.5:pcie04: HPC vendor_id 15ad device_id 7a0 ss_vid 0 ss_did 0
[    1.815660] pciehp 0000:00:17.5:pcie04: service driver pciehp loaded
[    1.815708] pciehp 0000:00:17.6:pcie04: HPC vendor_id 15ad device_id 7a0 ss_vid 0 ss_did 0
[    1.815756] pciehp 0000:00:17.6:pcie04: service driver pciehp loaded
[    1.815804] pciehp 0000:00:17.7:pcie04: HPC vendor_id 15ad device_id 7a0 ss_vid 0 ss_did 0
[    1.815852] pciehp 0000:00:17.7:pcie04: service driver pciehp loaded
[    1.815900] pciehp 0000:00:18.0:pcie04: HPC vendor_id 15ad device_id 7a0 ss_vid 0 ss_did 0
[    1.815948] pciehp 0000:00:18.0:pcie04: service driver pciehp loaded
[    1.815996] pciehp 0000:00:18.1:pcie04: HPC vendor_id 15ad device_id 7a0 ss_vid 0 ss_did 0
[    1.816044] pciehp 0000:00:18.1:pcie04: service driver pciehp loaded
[    1.816092] pciehp 0000:00:18.2:pcie04: HPC vendor_id 15ad device_id 7a0 ss_vid 0 ss_did 0
[    1.816140] pciehp 0000:00:18.2:pcie04: service driver pciehp loaded
[    1.816188] pciehp 0000:00:18.3:pcie04: HPC vendor_id 15ad device_id 7a0 ss_vid 0 ss_did 0
[    1.816236] pciehp 0000:00:18.3:pcie04: service driver pciehp loaded
[    1.816284] pciehp 0000:00:18.4:pcie04: HPC vendor_id 15ad device_id 7a0 ss_vid 0 ss_did 0
[    1.816331] pciehp 0000:00:18.4:pcie04: service driver pciehp loaded
[    1.816379] pciehp 0000:00:18.5:pcie04: HPC vendor_id 15ad device_id 7a0 ss_vid 0 ss_did 0
[    1.816427] pciehp 0000:00:18.5:pcie04: service driver pciehp loaded
[    1.816475] pciehp 0000:00:18.6:pcie04: HPC vendor_id 15ad device_id 7a0 ss_vid 0 ss_did 0
[    1.816523] pciehp 0000:00:18.6:pcie04: service driver pciehp loaded
[    1.816571] pciehp 0000:00:18.7:pcie04: HPC vendor_id 15ad device_id 7a0 ss_vid 0 ss_did 0
[    1.816619] pciehp 0000:00:18.7:pcie04: service driver pciehp loaded
[    1.816626] pciehp: PCI Express Hot Plug Controller Driver version: 0.4
[    1.816679] ACPI: AC Adapter [ACAD] (on-line)
[    1.816734] input: Power Button as /devices/LNXSYSTM:00/LNXPWRBN:00/input/input0
[    1.816736] ACPI: Power Button [PWRF]
[    1.816784] processor LNXCPU:00: registered as cooling_device0
[    1.857464] isapnp: Scanning for PnP cards...
[    2.211992] isapnp: No Plug & Play device found
[    2.212023] random 0000 0000 0000 5f8db4e5 4cfdf2a8: initializing
[    2.212140] Linux agpgart interface v0.103
[    2.212181] agpgart-intel 0000:00:00.0: Intel 440BX Chipset
[    2.212229] agpgart-intel 0000:00:00.0: AGP aperture is 256M @ 0x0
[    2.212261] Serial: 8250/16550 driver, 32 ports, IRQ sharing enabled
[    2.212309] serial8250: ttyS0 at I/O 0x3f8 (irq = 4) is a 16550A
[    2.212357] serial8250: ttyS1 at I/O 0x2f8 (irq = 3) is a 16550A
[    2.212906] 00:0a: ttyS0 at I/O 0x3f8 (irq = 4) is a 16550A
[    2.212954] 00:0b: ttyS1 at I/O 0x2f8 (irq = 3) is a 16550A
[    2.213002] brd: module loaded
[    2.213050] loop: module loaded
[    2.213098] ata_piix 0000:00:07.1: version 2.13
[    2.213175] scsi0 : ata_piix
[    2.213222] scsi1 : ata_piix
[    2.213242] ata1: PATA max UDMA/33 cmd 0x1f0 ctl 0x3f6 bmdma 0x10c0 irq 14
[    2.213244] ata2: PATA max UDMA/33 cmd 0x170 ctl 0x376 bmdma 0x10c8 irq 15
[    2.213291] PPP generic driver version 2.4.2
[    2.213330] tun: Universal TUN/TAP device driver, 1.6
[    2.213332] tun: (C) 1999-2004 Max Krasnyansky <maxk@qualcomm.com>
[    2.213380] ehci_hcd: USB 2.0 'Enhanced' Host Controller (EHCI) Driver
[    2.213428] ACPI: PCI Interrupt Link [LNKB] enabled at IRQ 11
[    2.213431] PCI: setting IRQ 11 as level-triggered
[    2.213438] ehci_hcd 0000:02:03.0: PCI INT A -> Link[LNKB] -> GSI 11 (level, low) -> IRQ 11
[    2.213482] ehci_hcd 0000:02:03.0: EHCI Host Controller
[    2.213506] ehci_hcd 0000:02:03.0: new USB bus registered, assigned bus number 1
[    2.213554] ehci_hcd 0000:02:03.0: cache line size of 32 is not supported
[    2.213561] ehci_hcd 0000:02:03.0: irq 11, io mem 0xc9000000
[    2.213865] random 0000 0000 0000 00000000 00000000: rand_read_num 3 get_random_bytes(8): sig 00000000 00000000 00000000
[    2.213869] random 0000 0000 0000 00000000 00000000: extract_entropy(.. 8 ..)
[    2.213872] random 0000 0000 0000 00000000 00000000: going to reseed nonblocking with 64 bits (64 of 0 requested)
[    2.213874] random 0000 0000 0000 00000000 00000000: extract_entropy(.. 8 ..)
[    2.213877] random 0000 0000 0000 00000000 00000000: trying to extract 64 bits from input
[    2.213879] random 0000 0000 0000 00000000 00000000: debiting 0 entropy credits from input
[    2.213881] random 0000 0000 0000 00000000 00000000: extract_entropy account returned: 0 
[    2.213884] random 0000 0000 0000 00000000 00000000: urand_change_num 5 xfer_secondary_pool(8): pool_sig 00000000, data_sig 00000000, bytes_mixed 0 00000000 00000000
[    2.213887] random 0000 0000 0000 00000000 00000000: trying to extract 64 bits from nonblocking
[    2.213890] random 0000 0000 0000 00000000 00000000: debiting 64 entropy credits from nonblocking (unlimited)
[    2.213892] random 0000 0000 0000 00000000 00000000: extract_entropy account returned: 8 
[    2.213896] random 0000 0000 0000 00000000 00000000: urand_change_num 6 extract_buf: pool_sig 00000000, data_sig fffffff9, bytes_mixed 20 00000000 00000000
[    2.224911] ehci_hcd 0000:02:03.0: USB 2.0 started, EHCI 1.00
[    2.224959] usb usb1: configuration #1 chosen from 1 choice
[    2.224979] hub 1-0:1.0: USB hub found
[    2.224985] hub 1-0:1.0: 6 ports detected
[    2.225023] ohci_hcd: USB 1.1 'Open' Host Controller (OHCI) Driver
[    2.225037] uhci_hcd: USB Universal Host Controller Interface driver
[    2.225085] ACPI: PCI Interrupt Link [LNKC] enabled at IRQ 10
[    2.225088] PCI: setting IRQ 10 as level-triggered
[    2.225092] uhci_hcd 0000:02:00.0: PCI INT A -> Link[LNKC] -> GSI 10 (level, low) -> IRQ 10
[    2.225127] uhci_hcd 0000:02:00.0: UHCI Host Controller
[    2.225158] uhci_hcd 0000:02:00.0: new USB bus registered, assigned bus number 2
[    2.225257] uhci_hcd 0000:02:00.0: irq 10, io base 0x000020c0
[    2.225305] usb usb2: configuration #1 chosen from 1 choice
[    2.225321] hub 2-0:1.0: USB hub found
[    2.225325] hub 2-0:1.0: 2 ports detected
[    2.225373] usbcore: registered new interface driver libusual
[    2.225403] PNP: PS/2 Controller [PNP0303:KBC,PNP0f13:MOUS] at 0x60,0x64 irq 1,12
[    2.225722] serio: i8042 KBD port at 0x60,0x64 irq 1
[    2.225730] serio: i8042 AUX port at 0x60,0x64 irq 12
[    2.225769] mice: PS/2 mouse device common for all mice
[    2.225817] rtc_cmos 00:04: rtc core: registered rtc_cmos as rtc0
[    2.225864] rtc0: alarms up to one month, y3k, 114 bytes nvram, hpet irqs
[    2.225912] device-mapper: uevent: version 1.0.3
[    2.226035] device-mapper: ioctl: 4.15.0-ioctl (2009-04-01) initialised: dm-devel@redhat.com
[    2.226054] EISA: Probing bus 0 at eisa.0
[    2.226061] Cannot allocate resource for EISA slot 1
[    2.226063] Cannot allocate resource for EISA slot 2
[    2.226065] Cannot allocate resource for EISA slot 3
[    2.226067] Cannot allocate resource for EISA slot 4
[    2.226069] Cannot allocate resource for EISA slot 5
[    2.226071] Cannot allocate resource for EISA slot 6
[    2.226073] Cannot allocate resource for EISA slot 7
[    2.226075] Cannot allocate resource for EISA slot 8
[    2.226076] EISA: Detected 0 cards.
[    2.226123] cpuidle: using governor ladder
[    2.226124] cpuidle: using governor menu
[    2.226221] random 0000 0000 0000 00000000 00000000: rand_read_num 4 get_random_bytes(136): sig 0000021d 00000000 00000000
[    2.226224] random 0000 0000 0000 00000000 00000000: extract_entropy(.. 136 ..)
[    2.226227] random 0000 0000 0000 00000000 00000000: going to reseed nonblocking with 1024 bits (1088 of 0 requested)
[    2.226230] random 0000 0000 0000 00000000 00000000: extract_entropy(.. 128 ..)
[    2.226232] random 0000 0000 0000 00000000 00000000: trying to extract 1024 bits from input
[    2.226234] random 0000 0000 0000 00000000 00000000: debiting 0 entropy credits from input
[    2.226236] random 0000 0000 0000 00000000 00000000: extract_entropy account returned: 0 
[    2.226240] random 0000 0000 0000 00000000 00000000: urand_change_num 7 xfer_secondary_pool(136): pool_sig 0000021d, data_sig 00000000, bytes_mixed 0 00000000 00000000
[    2.226243] random 0000 0000 0000 00000000 00000000: trying to extract 1088 bits from nonblocking
[    2.226245] random 0000 0000 0000 00000000 00000000: debiting 1088 entropy credits from nonblocking (unlimited)
[    2.226247] random 0000 0000 0000 00000000 00000000: extract_entropy account returned: 136 
[    2.226251] random 0000 0000 0000 00000000 00000000: urand_change_num 8 extract_buf: pool_sig 0000021d, data_sig fffffff7, bytes_mixed 20 00000000 00000000
[    2.226256] random 0000 0000 0000 f961ee50 ba9cb1aa: urand_change_num 9 extract_buf: pool_sig 00000230, data_sig fffffeb4, bytes_mixed 20 f961ee50 ba9cb1aa
[    2.226260] random 0000 0000 0000 9748bdd6 56fb8af6: urand_change_num 10 extract_buf: pool_sig 00000373, data_sig 000000cf, bytes_mixed 20 9748bdd6 56fb8af6
[    2.226265] random 0000 0000 0000 9748bdd6 56fb8af6: urand_change_num 11 extract_buf: pool_sig fffffe49, data_sig 0000023f, bytes_mixed 20 9748bdd6 56fb8af6
[    2.226269] random 0000 0000 0000 a135be86 4777650e: urand_change_num 12 extract_buf: pool_sig fffffcce, data_sig 000000c6, bytes_mixed 20 a135be86 4777650e
[    2.226274] random 0000 0000 0000 4a6ea85d 170e00dd: urand_change_num 13 extract_buf: pool_sig ffffff97, data_sig ffffff7d, bytes_mixed 20 4a6ea85d 170e00dd
[    2.226278] random 0000 0000 0000 4a6ea85d 170e00dd: urand_change_num 14 extract_buf: pool_sig 00000160, data_sig fffffeea, bytes_mixed 20 4a6ea85d 170e00dd
[    2.226283] random 0000 0000 0000 6e87c3cb da668c73: urand_change_num 15 extract_buf: pool_sig 0000034f, data_sig ffffff54, bytes_mixed 20 6e87c3cb da668c73
[    2.226287] random 0000 0000 0000 6e87c3cb da668c73: urand_change_num 16 extract_buf: pool_sig fffffdc5, data_sig 00000205, bytes_mixed 20 6e87c3cb da668c73
[    2.226292] random 0000 0000 0000 39f531e6 461eb249: urand_change_num 17 extract_buf: pool_sig fffffc1d, data_sig ffffff5e, bytes_mixed 20 39f531e6 461eb249
[    2.226296] random 0000 0000 0000 7e1538a2 3e661182: urand_change_num 18 extract_buf: pool_sig 000006ef, data_sig ffffff2e, bytes_mixed 20 7e1538a2 3e661182
[    2.226300] random 0000 0000 0000 7e1538a2 3e661182: urand_change_num 19 extract_buf: pool_sig 00000317, data_sig fffffccb, bytes_mixed 20 7e1538a2 3e661182
[    2.226305] random 0000 0000 0000 76af506b 9b57305e: urand_change_num 20 extract_buf: pool_sig 00000227, data_sig ffffffd2, bytes_mixed 20 76af506b 9b57305e
[    2.226309] random 0000 0000 0000 37d49d89 e20417cc: urand_change_num 21 extract_buf: pool_sig 0000080b, data_sig 000001e9, bytes_mixed 20 37d49d89 e20417cc
[    2.226314] TCP cubic registered
[    2.226361] NET: Registered protocol family 10
[    2.226397] RANDOM - __random32 called. Change num 12.  Value: b0a9fbe7	b7a35a2b	c9ef2c48
[    2.226399] RANDOM - random32 called.  Value: b0a9fbe7	b7a35a2b	c9ef2c48
[    2.226408] random 0000 0000 0000 37d49d89 e20417cc: rand_read_num 5 get_random_bytes(4): sig 00000298 37d49d89 e20417cc
[    2.226410] random 0000 0000 0000 37d49d89 e20417cc: extract_entropy(.. 4 ..)
[    2.226412] random 0000 0000 0000 37d49d89 e20417cc: going to reseed nonblocking with 64 bits (32 of 0 requested)
[    2.226415] random 0000 0000 0000 37d49d89 e20417cc: extract_entropy(.. 8 ..)
[    2.226417] random 0000 0000 0000 37d49d89 e20417cc: trying to extract 64 bits from input
[    2.226419] random 0000 0000 0000 37d49d89 e20417cc: debiting 0 entropy credits from input
[    2.226421] random 0000 0000 0000 37d49d89 e20417cc: extract_entropy account returned: 0 
[    2.226424] random 0000 0000 0000 37d49d89 e20417cc: urand_change_num 22 xfer_secondary_pool(4): pool_sig 00000298, data_sig 00000000, bytes_mixed 0 37d49d89 e20417cc
[    2.226427] random 0000 0000 0000 37d49d89 e20417cc: trying to extract 32 bits from nonblocking
[    2.226429] random 0000 0000 0000 37d49d89 e20417cc: debiting 32 entropy credits from nonblocking (unlimited)
[    2.226431] random 0000 0000 0000 37d49d89 e20417cc: extract_entropy account returned: 4 
[    2.226435] random 0000 0000 0000 37d49d89 e20417cc: urand_change_num 23 extract_buf: pool_sig 00000298, data_sig 00000092, bytes_mixed 20 37d49d89 e20417cc
[    2.226483] RANDOM - __random32 called. Change num 13.  Value: 9fbe71fa	7a35a2b4	5890d2c9
[    2.226485] RANDOM - random32 called.  Value: 9fbe71fa	7a35a2b4	5890d2c9
[    2.226533] NET: Registered protocol family 17
[    2.226558] Using IPI No-Shortcut mode
[    2.226563] random 0000 0000 0000 2ee4c4fc 167bdb15: rand_read_num 6 get_random_bytes(8): sig fffffcbf 2ee4c4fc 167bdb15
[    2.226565] random 0000 0000 0000 2ee4c4fc 167bdb15: extract_entropy(.. 8 ..)
[    2.226568] random 0000 0000 0000 2ee4c4fc 167bdb15: going to reseed nonblocking with 64 bits (64 of 0 requested)
[    2.226570] random 0000 0000 0000 2ee4c4fc 167bdb15: extract_entropy(.. 8 ..)
[    2.226572] random 0000 0000 0000 2ee4c4fc 167bdb15: trying to extract 64 bits from input
[    2.226574] random 0000 0000 0000 2ee4c4fc 167bdb15: debiting 0 entropy credits from input
[    2.226576] random 0000 0000 0000 2ee4c4fc 167bdb15: extract_entropy account returned: 0 
[    2.226579] random 0000 0000 0000 2ee4c4fc 167bdb15: urand_change_num 24 xfer_secondary_pool(8): pool_sig fffffcbf, data_sig 00000000, bytes_mixed 0 2ee4c4fc 167bdb15
[    2.226582] random 0000 0000 0000 2ee4c4fc 167bdb15: trying to extract 64 bits from nonblocking
[    2.226585] random 0000 0000 0000 2ee4c4fc 167bdb15: debiting 64 entropy credits from nonblocking (unlimited)
[    2.226587] random 0000 0000 0000 2ee4c4fc 167bdb15: extract_entropy account returned: 8 
[    2.226590] random 0000 0000 0000 2ee4c4fc 167bdb15: urand_change_num 25 extract_buf: pool_sig fffffcbf, data_sig ffffff83, bytes_mixed 20 2ee4c4fc 167bdb15
[    2.226633] PM: Resume from disk failed.
[    2.226641] registered taskstats version 1
[    2.226644] random 0000 0000 0000 2ee4c4fc 167bdb15: rand_read_num 7 get_random_bytes(12): sig fffffc69 2ee4c4fc 167bdb15
[    2.226646] random 0000 0000 0000 2ee4c4fc 167bdb15: extract_entropy(.. 12 ..)
[    2.226648] random 0000 0000 0000 2ee4c4fc 167bdb15: going to reseed nonblocking with 96 bits (96 of 0 requested)
[    2.226651] random 0000 0000 0000 2ee4c4fc 167bdb15: extract_entropy(.. 12 ..)
[    2.226653] random 0000 0000 0000 2ee4c4fc 167bdb15: trying to extract 96 bits from input
[    2.226655] random 0000 0000 0000 2ee4c4fc 167bdb15: debiting 0 entropy credits from input
[    2.226657] random 0000 0000 0000 2ee4c4fc 167bdb15: extract_entropy account returned: 0 
[    2.226660] random 0000 0000 0000 2ee4c4fc 167bdb15: urand_change_num 26 xfer_secondary_pool(12): pool_sig fffffc69, data_sig 00000000, bytes_mixed 0 2ee4c4fc 167bdb15
[    2.226663] random 0000 0000 0000 2ee4c4fc 167bdb15: trying to extract 96 bits from nonblocking
[    2.226665] random 0000 0000 0000 2ee4c4fc 167bdb15: debiting 96 entropy credits from nonblocking (unlimited)
[    2.226667] random 0000 0000 0000 2ee4c4fc 167bdb15: extract_entropy account returned: 12 
[    2.226671] random 0000 0000 0000 2ee4c4fc 167bdb15: urand_change_num 27 extract_buf: pool_sig fffffc69, data_sig ffffff7d, bytes_mixed 20 2ee4c4fc 167bdb15
[    2.226675] random 0000 0000 0000 83b7c1ab 94697f48: urand_change_num 28 extract_buf: pool_sig fffffe30, data_sig fffffdd6, bytes_mixed 20 83b7c1ab 94697f48
[    2.226678] RANDOM - __seed init called.
[    2.226679] RANDOM - __seed init called.
[    2.226681] RANDOM - __seed init called.
[    2.226682] RANDOM - __random32 called. Change num 14.  Value: fc007995	feca4f80	21b38ad2
[    2.226684] RANDOM - random32_reseed called.  Value: fc007995	feca4f80	21b38ad2
[    2.226687] Pid: 1, comm: swapper Not tainted 2.6.32.57 #4
[    2.226689] Call Trace:
[    2.226694]  [<c14a8a0e>] ? printk+0x1d/0x1f
[    2.226699]  [<c17537e5>] random32_reseed+0x89/0xbd
[    2.226702]  [<c1003042>] do_one_initcall+0x32/0x1a0
[    2.226705]  [<c175375c>] ? random32_reseed+0x0/0xbd
[    2.226709]  [<c17308e7>] kernel_init+0x12d/0x17a
[    2.226711]  [<c17307ba>] ? kernel_init+0x0/0x17a
[    2.226714]  [<c1009b07>] kernel_thread_helper+0x7/0x10
[    2.229383] input: AT Translated Set 2 keyboard as /devices/platform/i8042/serio0/input/input1
[    2.229648] random 0000 0000 0000 6db70b00 b30ce96b: rand_read_num 8 get_random_bytes(64): sig fffffb38 6db70b00 b30ce96b
[    2.229652] random 0000 0000 0000 6db70b00 b30ce96b: extract_entropy(.. 64 ..)
[    2.229655] random 0000 0000 0000 6db70b00 b30ce96b: going to reseed nonblocking with 512 bits (512 of 0 requested)
[    2.229657] random 0000 0000 0000 6db70b00 b30ce96b: extract_entropy(.. 64 ..)
[    2.229660] random 0000 0000 0000 6db70b00 b30ce96b: trying to extract 512 bits from input
[    2.229662] random 0000 0000 0000 6db70b00 b30ce96b: debiting 0 entropy credits from input
[    2.229664] random 0000 0000 0000 6db70b00 b30ce96b: extract_entropy account returned: 0 
[    2.229667] random 0000 0000 0000 6db70b00 b30ce96b: urand_change_num 29 xfer_secondary_pool(64): pool_sig fffffb38, data_sig 00000000, bytes_mixed 0 6db70b00 b30ce96b
[    2.229670] random 0000 0000 0000 6db70b00 b30ce96b: trying to extract 512 bits from nonblocking
[    2.229673] random 0000 0000 0000 6db70b00 b30ce96b: debiting 512 entropy credits from nonblocking (unlimited)
[    2.229675] random 0000 0000 0000 6db70b00 b30ce96b: extract_entropy account returned: 64 
[    2.229679] random 0000 0000 0000 6db70b00 b30ce96b: urand_change_num 30 extract_buf: pool_sig fffffb38, data_sig 00000151, bytes_mixed 20 6db70b00 b30ce96b
[    2.229684] random 0000 0000 0000 6db70b00 b30ce96b: urand_change_num 31 extract_buf: pool_sig fffffdb8, data_sig 00000379, bytes_mixed 20 6db70b00 b30ce96b
[    2.229688] random 0000 0000 0000 6b83001e d4b6c0d3: urand_change_num 32 extract_buf: pool_sig ffffffc9, data_sig 00000198, bytes_mixed 20 6b83001e d4b6c0d3
[    2.229692] random 0000 0000 0000 79d3e3c7 be564518: urand_change_num 33 extract_buf: pool_sig 000002b9, data_sig ffffff84, bytes_mixed 20 79d3e3c7 be564518
[    2.229697] random 0000 0000 0000 79d3e3c7 be564518: urand_change_num 34 extract_buf: pool_sig ffffff55, data_sig ffffff5a, bytes_mixed 20 79d3e3c7 be564518
[    2.229702] random 0000 0000 0000 89c03cb2 0d353228: urand_change_num 35 extract_buf: pool_sig 00000007, data_sig ffffff17, bytes_mixed 20 89c03cb2 0d353228
[    2.229706] random 0000 0000 0000 89c03cb2 0d353228: urand_change_num 36 extract_buf: pool_sig fffffdae, data_sig 000000db, bytes_mixed 20 89c03cb2 0d353228  Magic number: 13:606:652
[    2.229813] rtc_cmos 00:04: setting system clock to 2013-05-24 21:38:41 UTC (1369431521)
[    2.229816] BIOS EDD facility v0.16 2004-Jun-25, 0 devices found
[    2.229817] EDD information not available.
[    2.229845] random 0000 0000 0000 8ca62387 b120332c: rand_read_num 9 get_random_bytes(64): sig fffffed6 8ca62387 b120332c
[    2.229847] random 0000 0000 0000 8ca62387 b120332c: extract_entropy(.. 64 ..)
[    2.229849] random 0000 0000 0000 8ca62387 b120332c: going to reseed nonblocking with 512 bits (512 of 0 requested)
[    2.229852] random 0000 0000 0000 8ca62387 b120332c: extract_entropy(.. 64 ..)
[    2.229854] random 0000 0000 0000 8ca62387 b120332c: trying to extract 512 bits from input
[    2.229856] random 0000 0000 0000 8ca62387 b120332c: debiting 0 entropy credits from input
[    2.229858] random 0000 0000 0000 8ca62387 b120332c: extract_entropy account returned: 0 
[    2.229861] random 0000 0000 0000 8ca62387 b120332c: urand_change_num 37 xfer_secondary_pool(64): pool_sig fffffed6, data_sig 00000000, bytes_mixed 0 8ca62387 b120332c
[    2.229864] random 0000 0000 0000 8ca62387 b120332c: trying to extract 512 bits from nonblocking
[    2.229866] random 0000 0000 0000 8ca62387 b120332c: debiting 512 entropy credits from nonblocking (unlimited)
[    2.229868] random 0000 0000 0000 8ca62387 b120332c: extract_entropy account returned: 64 
[    2.229872] random 0000 0000 0000 8ca62387 b120332c: urand_change_num 38 extract_buf: pool_sig fffffed6, data_sig fffffeb6, bytes_mixed 20 8ca62387 b120332c
[    2.229876] random 0000 0000 0000 90702413 e2a66c2e: urand_change_num 39 extract_buf: pool_sig fffffbb0, data_sig 0000012e, bytes_mixed 20 90702413 e2a66c2e
[    2.229881] random 0000 0000 0000 90702413 e2a66c2e: urand_change_num 40 extract_buf: pool_sig fffffaf1, data_sig ffffff3c, bytes_mixed 20 90702413 e2a66c2e
[    2.229885] random 0000 0000 0000 3f58038b c77aecb6: urand_change_num 41 extract_buf: pool_sig 00000234, data_sig fffffdec, bytes_mixed 20 3f58038b c77aecb6
[    2.229890] random 0000 0000 0000 47187b9d 03f21510: urand_change_num 42 extract_buf: pool_sig 00000192, data_sig 00000075, bytes_mixed 20 47187b9d 03f21510
[    2.229894] random 0000 0000 0000 47187b9d 03f21510: urand_change_num 43 extract_buf: pool_sig 0000018e, data_sig ffffffbf, bytes_mixed 20 47187b9d 03f21510
[    2.229899] random 0000 0000 0000 3180b1fc 0fa9c973: urand_change_num 44 extract_buf: pool_sig fffffecf, data_sig ffffff2a, bytes_mixed 20 3180b1fc 0fa9c973
[    2.229901] BEGIN NET_SECRET:
[    2.229903] \xffffff87
[    2.229904] \xffffff8d
[    2.229905] \xfffffff4
[    2.229906] \xffffffae
[    2.229907] \xffffffc3
[    2.229909] \xffffffb7
[    2.229910] \x31
[    2.229911] \x65
[    2.229912] \xffffffda
[    2.229913] \xffffffa2
[    2.229914] \x31
[    2.229915] \xffffffc8
[    2.229917] \xffffffa9
[    2.229918] \x76
[    2.229919] \x76
[    2.229920] \xffffff90
[    2.229921] \x55
[    2.229922] \xfffffff3
[    2.229924] \xffffffb1
[    2.229925] \x3
[    2.229926] \xffffffb3
[    2.229927] \xffffffa7
[    2.229928] \x5a
[    2.229929] \x71
[    2.229930] \x70
[    2.229932] \xffffff8c
[    2.229933] \x56
[    2.229934] \x25
[    2.229935] \xffffffe1
[    2.229936] \x4c
[    2.229937] \xffffffe6
[    2.229938] \xffffff95
[    2.229940] \x67
[    2.229941] \x4c
[    2.229942] \xffffffb9
[    2.229943] \x1d
[    2.229944] \xe
[    2.229945] \x34
[    2.229946] \xffffffbe
[    2.229948] \x12
[    2.229949] \x5
[    2.229950] \xffffff98
[    2.229951] \xffffffa0
[    2.229952] \xf
[    2.229953] \xffffffb2
[    2.229954] \xffffffde
[    2.229956] \xffffff99
[    2.229957] \xf
[    2.229958] \xffffffe8
[    2.229959] \xffffffc8
[    2.229960] \x1f
[    2.229961] \x54
[    2.229962] \x2c
[    2.229964] \xffffffee
[    2.229965] \x2e
[    2.229966] \x0
[    2.229967] \xffffff95
[    2.229968] \x0
[    2.229969] \xffffffe3
[    2.229970] \xffffffa7
[    2.229972] \xfffffffd
[    2.229973] \x66
[    2.229974] \xffffff92
[    2.229975] \xfffffff0
[    2.229976] 
[    2.229977] END NET_SECRET
[    2.229980] random 0000 0000 0000 3180b1fc 0fa9c973: rand_read_num 10 get_random_bytes(4): sig ffffff46 3180b1fc 0fa9c973
[    2.229982] random 0000 0000 0000 3180b1fc 0fa9c973: extract_entropy(.. 4 ..)
[    2.229985] random 0000 0000 0000 3180b1fc 0fa9c973: going to reseed nonblocking with 64 bits (32 of 0 requested)
[    2.229987] random 0000 0000 0000 3180b1fc 0fa9c973: extract_entropy(.. 8 ..)
[    2.229989] random 0000 0000 0000 3180b1fc 0fa9c973: trying to extract 64 bits from input
[    2.229991] random 0000 0000 0000 3180b1fc 0fa9c973: debiting 0 entropy credits from input
[    2.229993] random 0000 0000 0000 3180b1fc 0fa9c973: extract_entropy account returned: 0 
[    2.229996] random 0000 0000 0000 3180b1fc 0fa9c973: urand_change_num 45 xfer_secondary_pool(4): pool_sig ffffff46, data_sig 00000000, bytes_mixed 0 3180b1fc 0fa9c973
[    2.229999] random 0000 0000 0000 3180b1fc 0fa9c973: trying to extract 32 bits from nonblocking
[    2.230001] random 0000 0000 0000 3180b1fc 0fa9c973: debiting 32 entropy credits from nonblocking (unlimited)
[    2.230004] random 0000 0000 0000 3180b1fc 0fa9c973: extract_entropy account returned: 4 
[    2.230007] random 0000 0000 0000 3180b1fc 0fa9c973: urand_change_num 46 extract_buf: pool_sig ffffff46, data_sig 0000001b, bytes_mixed 20 3180b1fc 0fa9c973
[    2.403248] ata2.00: ATAPI: VMware Virtual IDE CDROM Drive, 00000001, max UDMA/33
[    2.403561] ata2.00: configured for UDMA/33
[    2.403935] scsi 1:0:0:0: CD-ROM            NECVMWar VMware IDE CDR10 1.00 PQ: 0 ANSI: 5
[    2.405158] sr0: scsi3-mmc drive: 306x/306x cd/rw xa/form2 cdda tray
[    2.405161] Uniform CD-ROM driver Revision: 3.20
[    2.405209] sr 1:0:0:0: Attached scsi CD-ROM sr0
[    2.405247] sr 1:0:0:0: Attached scsi generic sg0 type 5
[    2.405284] Freeing unused kernel memory: 652k freed
[    2.405332] Write protecting the kernel text: 4840k
[    2.405362] Write protecting the kernel read-only data: 1968k
[    2.405446] random 0000 0000 0000 38974d2b 1d8d6de0: rand_read_num 11 get_random_bytes(16): sig 000001c6 38974d2b 1d8d6de0
