[    0.000000] random 0000 0000 0000 00000000 00000000: rand_read_num 1 get_random_bytes(8): sig 00000000 00000000 00000000
[    0.000000] random 0000 0000 0000 00000000 00000000: extract_entropy(.. 8 ..)
[    0.000000] random 0000 0000 0000 00000000 00000000: going to reseed nonblocking with 64 bits (64 of 0 requested)
[    0.000000] random 0000 0000 0000 00000000 00000000: extract_entropy(.. 8 ..)
[    0.000000] random 0000 0000 0000 00000000 00000000: trying to extract 64 bits from input
[    0.000000] random 0000 0000 0000 00000000 00000000: debiting 0 entropy credits from input
[    0.000000] random 0000 0000 0000 00000000 00000000: extract_entropy account returned: 0 
[    0.000000] random 0000 0000 0000 00000000 00000000: urand_change_num 1 xfer_secondary_pool(8): pool_sig 00000000, data_sig 00000000, bytes_mixed 0 00000000 00000000
[    0.000000] random 0000 0000 0000 00000000 00000000: trying to extract 64 bits from nonblocking
[    0.000000] random 0000 0000 0000 00000000 00000000: debiting 64 entropy credits from nonblocking (unlimited)
[    0.000000] random 0000 0000 0000 00000000 00000000: extract_entropy account returned: 8 
[    0.000000] random 0000 0000 0000 00000000 00000000: urand_change_num 2 extract_buf: pool_sig 00000000, data_sig fffffff9, bytes_mixed 20 00000000 00000000
[    0.000000] Initializing cgroup subsys cpuset
[    0.000000] Initializing cgroup subsys cpu
[    0.000000] Linux version 2.6.32.57 (dcashman@ubuntu) (gcc version 4.6.3 (Ubuntu/Linaro 4.6.3-1ubuntu5) ) #4 SMP Fri May 24 11:09:26 PDT 2013
[    0.000000] KERNEL supported cpus:
[    0.000000]   Intel GenuineIntel
[    0.000000]   AMD AuthenticAMD
[    0.000000]   NSC Geode by NSC
[    0.000000]   Cyrix CyrixInstead
[    0.000000]   Centaur CentaurHauls
[    0.000000]   Transmeta GenuineTMx86
[    0.000000]   Transmeta TransmetaCPU
[    0.000000]   UMC UMC UMC UMC
[    0.000000] BIOS-provided physical RAM map:
[    0.000000]  BIOS-e820: 0000000000000000 - 000000000009f000 (usable)
[    0.000000]  BIOS-e820: 000000000009f000 - 00000000000a0000 (reserved)
[    0.000000]  BIOS-e820: 00000000000ca000 - 00000000000cc000 (reserved)
[    0.000000]  BIOS-e820: 00000000000dc000 - 0000000000100000 (reserved)
[    0.000000]  BIOS-e820: 0000000000100000 - 000000003fee0000 (usable)
[    0.000000]  BIOS-e820: 000000003fee0000 - 000000003feff000 (ACPI data)
[    0.000000]  BIOS-e820: 000000003feff000 - 000000003ff00000 (ACPI NVS)
[    0.000000]  BIOS-e820: 000000003ff00000 - 0000000040000000 (usable)
[    0.000000]  BIOS-e820: 00000000e0000000 - 00000000f0000000 (reserved)
[    0.000000]  BIOS-e820: 00000000fec00000 - 00000000fec10000 (reserved)
[    0.000000]  BIOS-e820: 00000000fee00000 - 00000000fee01000 (reserved)
[    0.000000]  BIOS-e820: 00000000fffe0000 - 0000000100000000 (reserved)
[    0.000000] DMI present.
[    0.000000] Phoenix BIOS detected: BIOS may corrupt low RAM, working around it.
[    0.000000] e820 update range: 0000000000000000 - 0000000000010000 (usable) ==> (reserved)
[    0.000000] last_pfn = 0x40000 max_arch_pfn = 0x1000000
[    0.000000] MTRR default type: uncachable
[    0.000000] MTRR fixed ranges enabled:
[    0.000000]   00000-9FFFF write-back
[    0.000000]   A0000-BFFFF uncachable
[    0.000000]   C0000-CBFFF write-protect
[    0.000000]   CC000-EFFFF uncachable
[    0.000000]   F0000-FFFFF write-protect
[    0.000000] MTRR variable ranges enabled:
[    0.000000]   0 base 0000000000 mask FFC0000000 write-back
[    0.000000]   1 disabled
[    0.000000]   2 disabled
[    0.000000]   3 disabled
[    0.000000]   4 disabled
[    0.000000]   5 disabled
[    0.000000]   6 disabled
[    0.000000]   7 disabled
[    0.000000] x86 PAT enabled: cpu 0, old 0x0, new 0x7010600070106
[    0.000000] Scanning 0 areas for low memory corruption
[    0.000000] modified physical RAM map:
[    0.000000]  modified: 0000000000000000 - 0000000000010000 (reserved)
[    0.000000]  modified: 0000000000010000 - 000000000009f000 (usable)
[    0.000000]  modified: 000000000009f000 - 00000000000a0000 (reserved)
[    0.000000]  modified: 00000000000ca000 - 00000000000cc000 (reserved)
[    0.000000]  modified: 00000000000dc000 - 0000000000100000 (reserved)
[    0.000000]  modified: 0000000000100000 - 000000003fee0000 (usable)
[    0.000000]  modified: 000000003fee0000 - 000000003feff000 (ACPI data)
[    0.000000]  modified: 000000003feff000 - 000000003ff00000 (ACPI NVS)
[    0.000000]  modified: 000000003ff00000 - 0000000040000000 (usable)
[    0.000000]  modified: 00000000e0000000 - 00000000f0000000 (reserved)
[    0.000000]  modified: 00000000fec00000 - 00000000fec10000 (reserved)
[    0.000000]  modified: 00000000fee00000 - 00000000fee01000 (reserved)
[    0.000000]  modified: 00000000fffe0000 - 0000000100000000 (reserved)
[    0.000000] initial memory mapped : 0 - 01e00000
[    0.000000] init_memory_mapping: 0000000000000000-00000000379fe000
[    0.000000] NX (Execute Disable) protection: active
[    0.000000]  0000000000 - 0000200000 page 4k
[    0.000000]  0000200000 - 0037800000 page 2M
[    0.000000]  0037800000 - 00379fe000 page 4k
[    0.000000] kernel direct mapping tables up to 379fe000 @ 10000-16000
[    0.000000] RAMDISK: 2dcfc000 - 32e758c3
[    0.000000] ACPI: RSDP 000f6b80 00024 (v02 PTLTD )
[    0.000000] ACPI: XSDT 3feed636 0005C (v01 INTEL  440BX    06040000 VMW  01324272)
[    0.000000] ACPI: FACP 3fefee98 000F4 (v04 INTEL  440BX    06040000 PTL  000F4240)
[    0.000000] ACPI: DSDT 3feee366 10B32 (v01 PTLTD  Custom   06040000 MSFT 03000001)
[    0.000000] ACPI: FACS 3fefffc0 00040
[    0.000000] ACPI: BOOT 3feee33e 00028 (v01 PTLTD  $SBFTBL$ 06040000  LTP 00000001)
[    0.000000] ACPI: APIC 3feedc3e 003C2 (v01 PTLTD  ? APIC   06040000  LTP 00000000)
[    0.000000] ACPI: MCFG 3feedc02 0003C (v01 PTLTD  $PCITBL$ 06040000  LTP 00000001)
[    0.000000] ACPI: SRAT 3feed732 004D0 (v02 VMWARE MEMPLUG  06040000 VMW  00000001)
[    0.000000] ACPI: HPET 3feed6fa 00038 (v01 VMWARE VMW HPET 06040000 VMW  00000001)
[    0.000000] ACPI: WAET 3feed6d2 00028 (v01 VMWARE VMW WAET 06040000 VMW  00000001)
[    0.000000] ACPI: Local APIC address 0xfee00000
[    0.000000] 134MB HIGHMEM available.
[    0.000000] 889MB LOWMEM available.
[    0.000000]   mapped low ram: 0 - 379fe000
[    0.000000]   low ram: 0 - 379fe000
[    0.000000]   node 0 low ram: 00000000 - 379fe000
[    0.000000]   node 0 bootmap 00012000 - 00018f40
[    0.000000] (9 early reservations) ==> bootmem [0000000000 - 00379fe000]
[    0.000000]   #0 [0000000000 - 0000001000]   BIOS data page ==> [0000000000 - 0000001000]
[    0.000000]   #1 [0000001000 - 0000002000]    EX TRAMPOLINE ==> [0000001000 - 0000002000]
[    0.000000]   #2 [0000006000 - 0000007000]       TRAMPOLINE ==> [0000006000 - 0000007000]
[    0.000000]   #3 [0001000000 - 0001a75ff8]    TEXT DATA BSS ==> [0001000000 - 0001a75ff8]
[    0.000000]   #4 [002dcfc000 - 0032e758c3]          RAMDISK ==> [002dcfc000 - 0032e758c3]
[    0.000000]   #5 [000009f000 - 0000100000]    BIOS reserved ==> [000009f000 - 0000100000]
[    0.000000]   #6 [0001a76000 - 0001a851c0]              BRK ==> [0001a76000 - 0001a851c0]
[    0.000000]   #7 [0000010000 - 0000012000]          PGTABLE ==> [0000010000 - 0000012000]
[    0.000000]   #8 [0000012000 - 0000019000]          BOOTMAP ==> [0000012000 - 0000019000]
[    0.000000] found SMP MP-table at [c00f6bf0] f6bf0
[    0.000000] Zone PFN ranges:
[    0.000000]   DMA      0x00000010 -> 0x00001000
[    0.000000]   Normal   0x00001000 -> 0x000379fe
[    0.000000]   HighMem  0x000379fe -> 0x00040000
[    0.000000] Movable zone start PFN for each node
[    0.000000] early_node_map[3] active PFN ranges
[    0.000000]     0: 0x00000010 -> 0x0000009f
[    0.000000]     0: 0x00000100 -> 0x0003fee0
[    0.000000]     0: 0x0003ff00 -> 0x00040000
[    0.000000] On node 0 totalpages: 261999
[    0.000000] free_area_init_node: node 0, pgdat c1715200, node_mem_map c1a87200
[    0.000000]   DMA zone: 32 pages used for memmap
[    0.000000]   DMA zone: 0 pages reserved
[    0.000000]   DMA zone: 3951 pages, LIFO batch:0
[    0.000000]   Normal zone: 1748 pages used for memmap
[    0.000000]   Normal zone: 221994 pages, LIFO batch:31
[    0.000000]   HighMem zone: 269 pages used for memmap
[    0.000000]   HighMem zone: 34005 pages, LIFO batch:7
[    0.000000] Using APIC driver default
[    0.000000] ACPI: PM-Timer IO Port: 0x1008
[    0.000000] ACPI: Local APIC address 0xfee00000
[    0.000000] ACPI: LAPIC (acpi_id[0x00] lapic_id[0x00] enabled)
[    0.000000] ACPI: LAPIC (acpi_id[0x01] lapic_id[0x02] disabled)
[    0.000000] ACPI: LAPIC (acpi_id[0x02] lapic_id[0x04] disabled)
[    0.000000] ACPI: LAPIC (acpi_id[0x03] lapic_id[0x06] disabled)
[    0.000000] ACPI: LAPIC (acpi_id[0x04] lapic_id[0x08] disabled)
[    0.000000] ACPI: LAPIC (acpi_id[0x05] lapic_id[0x0a] disabled)
[    0.000000] ACPI: LAPIC (acpi_id[0x06] lapic_id[0x0c] disabled)
[    0.000000] ACPI: LAPIC (acpi_id[0x07] lapic_id[0x0e] disabled)
[    0.000000] ACPI: LAPIC (acpi_id[0x08] lapic_id[0x10] disabled)
[    0.000000] ACPI: LAPIC (acpi_id[0x09] lapic_id[0x12] disabled)
[    0.000000] ACPI: LAPIC (acpi_id[0x0a] lapic_id[0x14] disabled)
[    0.000000] ACPI: LAPIC (acpi_id[0x0b] lapic_id[0x16] disabled)
[    0.000000] ACPI: LAPIC (acpi_id[0x0c] lapic_id[0x18] disabled)
[    0.000000] ACPI: LAPIC (acpi_id[0x0d] lapic_id[0x1a] disabled)
[    0.000000] ACPI: LAPIC (acpi_id[0x0e] lapic_id[0x1c] disabled)
[    0.000000] ACPI: LAPIC (acpi_id[0x0f] lapic_id[0x1e] disabled)
[    0.000000] ACPI: LAPIC (acpi_id[0x10] lapic_id[0x20] disabled)
[    0.000000] ACPI: LAPIC (acpi_id[0x11] lapic_id[0x22] disabled)
[    0.000000] ACPI: LAPIC (acpi_id[0x12] lapic_id[0x24] disabled)
[    0.000000] ACPI: LAPIC (acpi_id[0x13] lapic_id[0x26] disabled)
[    0.000000] ACPI: LAPIC (acpi_id[0x14] lapic_id[0x28] disabled)
[    0.000000] ACPI: LAPIC (acpi_id[0x15] lapic_id[0x2a] disabled)
[    0.000000] ACPI: LAPIC (acpi_id[0x16] lapic_id[0x2c] disabled)
[    0.000000] ACPI: LAPIC (acpi_id[0x17] lapic_id[0x2e] disabled)
[    0.000000] ACPI: LAPIC (acpi_id[0x18] lapic_id[0x30] disabled)
[    0.000000] ACPI: LAPIC (acpi_id[0x19] lapic_id[0x32] disabled)
[    0.000000] ACPI: LAPIC (acpi_id[0x1a] lapic_id[0x34] disabled)
[    0.000000] ACPI: LAPIC (acpi_id[0x1b] lapic_id[0x36] disabled)
[    0.000000] ACPI: LAPIC (acpi_id[0x1c] lapic_id[0x38] disabled)
[    0.000000] ACPI: LAPIC (acpi_id[0x1d] lapic_id[0x3a] disabled)
[    0.000000] ACPI: LAPIC (acpi_id[0x1e] lapic_id[0x3c] disabled)
[    0.000000] ACPI: LAPIC (acpi_id[0x1f] lapic_id[0x3e] disabled)
[    0.000000] ACPI: LAPIC (acpi_id[0x20] lapic_id[0x40] disabled)
[    0.000000] ACPI: LAPIC (acpi_id[0x21] lapic_id[0x42] disabled)
[    0.000000] ACPI: LAPIC (acpi_id[0x22] lapic_id[0x44] disabled)
[    0.000000] ACPI: LAPIC (acpi_id[0x23] lapic_id[0x46] disabled)
[    0.000000] ACPI: LAPIC (acpi_id[0x24] lapic_id[0x48] disabled)
[    0.000000] ACPI: LAPIC (acpi_id[0x25] lapic_id[0x4a] disabled)
[    0.000000] ACPI: LAPIC (acpi_id[0x26] lapic_id[0x4c] disabled)
[    0.000000] ACPI: LAPIC (acpi_id[0x27] lapic_id[0x4e] disabled)
[    0.000000] ACPI: LAPIC (acpi_id[0x28] lapic_id[0x50] disabled)
[    0.000000] ACPI: LAPIC (acpi_id[0x29] lapic_id[0x52] disabled)
[    0.000000] ACPI: LAPIC (acpi_id[0x2a] lapic_id[0x54] disabled)
[    0.000000] ACPI: LAPIC (acpi_id[0x2b] lapic_id[0x56] disabled)
[    0.000000] ACPI: LAPIC (acpi_id[0x2c] lapic_id[0x58] disabled)
[    0.000000] ACPI: LAPIC (acpi_id[0x2d] lapic_id[0x5a] disabled)
[    0.000000] ACPI: LAPIC (acpi_id[0x2e] lapic_id[0x5c] disabled)
[    0.000000] ACPI: LAPIC (acpi_id[0x2f] lapic_id[0x5e] disabled)
[    0.000000] ACPI: LAPIC (acpi_id[0x30] lapic_id[0x60] disabled)
[    0.000000] ACPI: LAPIC (acpi_id[0x31] lapic_id[0x62] disabled)
[    0.000000] ACPI: LAPIC (acpi_id[0x32] lapic_id[0x64] disabled)
[    0.000000] ACPI: LAPIC (acpi_id[0x33] lapic_id[0x66] disabled)
[    0.000000] ACPI: LAPIC (acpi_id[0x34] lapic_id[0x68] disabled)
[    0.000000] ACPI: LAPIC (acpi_id[0x35] lapic_id[0x6a] disabled)
[    0.000000] ACPI: LAPIC (acpi_id[0x36] lapic_id[0x6c] disabled)
[    0.000000] ACPI: LAPIC (acpi_id[0x37] lapic_id[0x6e] disabled)
[    0.000000] ACPI: LAPIC (acpi_id[0x38] lapic_id[0x70] disabled)
[    0.000000] ACPI: LAPIC (acpi_id[0x39] lapic_id[0x72] disabled)
[    0.000000] ACPI: LAPIC (acpi_id[0x3a] lapic_id[0x74] disabled)
[    0.000000] ACPI: LAPIC (acpi_id[0x3b] lapic_id[0x76] disabled)
[    0.000000] ACPI: LAPIC (acpi_id[0x3c] lapic_id[0x78] disabled)
[    0.000000] ACPI: LAPIC (acpi_id[0x3d] lapic_id[0x7a] disabled)
[    0.000000] ACPI: LAPIC (acpi_id[0x3e] lapic_id[0x7c] disabled)
[    0.000000] ACPI: LAPIC (acpi_id[0x3f] lapic_id[0x7e] disabled)
[    0.000000] ACPI: LAPIC_NMI (acpi_id[0x00] high edge lint[0x1])
[    0.000000] ACPI: LAPIC_NMI (acpi_id[0x01] high edge lint[0x1])
[    0.000000] ACPI: LAPIC_NMI (acpi_id[0x02] high edge lint[0x1])
[    0.000000] ACPI: LAPIC_NMI (acpi_id[0x03] high edge lint[0x1])
[    0.000000] ACPI: LAPIC_NMI (acpi_id[0x04] high edge lint[0x1])
[    0.000000] ACPI: LAPIC_NMI (acpi_id[0x05] high edge lint[0x1])
[    0.000000] ACPI: LAPIC_NMI (acpi_id[0x06] high edge lint[0x1])
[    0.000000] ACPI: LAPIC_NMI (acpi_id[0x07] high edge lint[0x1])
[    0.000000] ACPI: LAPIC_NMI (acpi_id[0x08] high edge lint[0x1])
[    0.000000] ACPI: LAPIC_NMI (acpi_id[0x09] high edge lint[0x1])
[    0.000000] ACPI: LAPIC_NMI (acpi_id[0x0a] high edge lint[0x1])
[    0.000000] ACPI: LAPIC_NMI (acpi_id[0x0b] high edge lint[0x1])
[    0.000000] ACPI: LAPIC_NMI (acpi_id[0x0c] high edge lint[0x1])
[    0.000000] ACPI: LAPIC_NMI (acpi_id[0x0d] high edge lint[0x1])
[    0.000000] ACPI: LAPIC_NMI (acpi_id[0x0e] high edge lint[0x1])
[    0.000000] ACPI: LAPIC_NMI (acpi_id[0x0f] high edge lint[0x1])
[    0.000000] ACPI: LAPIC_NMI (acpi_id[0x10] high edge lint[0x1])
[    0.000000] ACPI: LAPIC_NMI (acpi_id[0x11] high edge lint[0x1])
[    0.000000] ACPI: LAPIC_NMI (acpi_id[0x12] high edge lint[0x1])
[    0.000000] ACPI: LAPIC_NMI (acpi_id[0x13] high edge lint[0x1])
[    0.000000] ACPI: LAPIC_NMI (acpi_id[0x14] high edge lint[0x1])
[    0.000000] ACPI: LAPIC_NMI (acpi_id[0x15] high edge lint[0x1])
[    0.000000] ACPI: LAPIC_NMI (acpi_id[0x16] high edge lint[0x1])
[    0.000000] ACPI: LAPIC_NMI (acpi_id[0x17] high edge lint[0x1])
[    0.000000] ACPI: LAPIC_NMI (acpi_id[0x18] high edge lint[0x1])
[    0.000000] ACPI: LAPIC_NMI (acpi_id[0x19] high edge lint[0x1])
[    0.000000] ACPI: LAPIC_NMI (acpi_id[0x1a] high edge lint[0x1])
[    0.000000] ACPI: LAPIC_NMI (acpi_id[0x1b] high edge lint[0x1])
[    0.000000] ACPI: LAPIC_NMI (acpi_id[0x1c] high edge lint[0x1])
[    0.000000] ACPI: LAPIC_NMI (acpi_id[0x1d] high edge lint[0x1])
[    0.000000] ACPI: LAPIC_NMI (acpi_id[0x1e] high edge lint[0x1])
[    0.000000] ACPI: LAPIC_NMI (acpi_id[0x1f] high edge lint[0x1])
[    0.000000] ACPI: LAPIC_NMI (acpi_id[0x20] high edge lint[0x1])
[    0.000000] ACPI: LAPIC_NMI (acpi_id[0x21] high edge lint[0x1])
[    0.000000] ACPI: LAPIC_NMI (acpi_id[0x22] high edge lint[0x1])
[    0.000000] ACPI: LAPIC_NMI (acpi_id[0x23] high edge lint[0x1])
[    0.000000] ACPI: LAPIC_NMI (acpi_id[0x24] high edge lint[0x1])
[    0.000000] ACPI: LAPIC_NMI (acpi_id[0x25] high edge lint[0x1])
[    0.000000] ACPI: LAPIC_NMI (acpi_id[0x26] high edge lint[0x1])
[    0.000000] ACPI: LAPIC_NMI (acpi_id[0x27] high edge lint[0x1])
[    0.000000] ACPI: LAPIC_NMI (acpi_id[0x28] high edge lint[0x1])
[    0.000000] ACPI: LAPIC_NMI (acpi_id[0x29] high edge lint[0x1])
[    0.000000] ACPI: LAPIC_NMI (acpi_id[0x2a] high edge lint[0x1])
[    0.000000] ACPI: LAPIC_NMI (acpi_id[0x2b] high edge lint[0x1])
[    0.000000] ACPI: LAPIC_NMI (acpi_id[0x2c] high edge lint[0x1])
[    0.000000] ACPI: LAPIC_NMI (acpi_id[0x2d] high edge lint[0x1])
[    0.000000] ACPI: LAPIC_NMI (acpi_id[0x2e] high edge lint[0x1])
[    0.000000] ACPI: LAPIC_NMI (acpi_id[0x2f] high edge lint[0x1])
[    0.000000] ACPI: LAPIC_NMI (acpi_id[0x30] high edge lint[0x1])
[    0.000000] ACPI: LAPIC_NMI (acpi_id[0x31] high edge lint[0x1])
[    0.000000] ACPI: LAPIC_NMI (acpi_id[0x32] high edge lint[0x1])
[    0.000000] ACPI: LAPIC_NMI (acpi_id[0x33] high edge lint[0x1])
[    0.000000] ACPI: LAPIC_NMI (acpi_id[0x34] high edge lint[0x1])
[    0.000000] ACPI: LAPIC_NMI (acpi_id[0x35] high edge lint[0x1])
[    0.000000] ACPI: LAPIC_NMI (acpi_id[0x36] high edge lint[0x1])
[    0.000000] ACPI: LAPIC_NMI (acpi_id[0x37] high edge lint[0x1])
[    0.000000] ACPI: LAPIC_NMI (acpi_id[0x38] high edge lint[0x1])
[    0.000000] ACPI: LAPIC_NMI (acpi_id[0x39] high edge lint[0x1])
[    0.000000] ACPI: LAPIC_NMI (acpi_id[0x3a] high edge lint[0x1])
[    0.000000] ACPI: LAPIC_NMI (acpi_id[0x3b] high edge lint[0x1])
[    0.000000] ACPI: LAPIC_NMI (acpi_id[0x3c] high edge lint[0x1])
[    0.000000] ACPI: LAPIC_NMI (acpi_id[0x3d] high edge lint[0x1])
[    0.000000] ACPI: LAPIC_NMI (acpi_id[0x3e] high edge lint[0x1])
[    0.000000] ACPI: LAPIC_NMI (acpi_id[0x3f] high edge lint[0x1])
[    0.000000] ACPI: Skipping IOAPIC probe due to 'noapic' option.
[    0.000000] Using ACPI for processor (LAPIC) configuration information
[    0.000000] ACPI: HPET id: 0x8086af01 base: 0xfed00000
[    0.000000] Intel MultiProcessor Specification v1.4
[    0.000000]     Virtual Wire compatibility mode.
[    0.000000] MPTABLE: OEM ID: INTEL   
[    0.000000] MPTABLE: Product ID: 440BX       
[    0.000000] MPTABLE: APIC at: 0xFEE00000
[    0.000000] I/O APIC #1 Version 17 at 0xFEC00000.
[    0.000000] Processors: 1
[    0.000000] 64 Processors exceeds NR_CPUS limit of 8
[    0.000000] SMP: Allowing 8 CPUs, 7 hotplug CPUs
[    0.000000] nr_irqs_gsi: 24
[    0.000000] PM: Registered nosave memory: 000000000009f000 - 00000000000a0000
[    0.000000] PM: Registered nosave memory: 00000000000a0000 - 00000000000ca000
[    0.000000] PM: Registered nosave memory: 00000000000ca000 - 00000000000cc000
[    0.000000] PM: Registered nosave memory: 00000000000cc000 - 00000000000dc000
[    0.000000] PM: Registered nosave memory: 00000000000dc000 - 0000000000100000
[    0.000000] Allocating PCI resources starting at 40000000 (gap: 40000000:a0000000)
[    0.000000] Booting paravirtualized kernel on bare hardware
[    0.000000] NR_CPUS:8 nr_cpumask_bits:8 nr_cpu_ids:8 nr_node_ids:1
[    0.000000] PERCPU: Embedded 15 pages/cpu @c2400000 s39320 r0 d22120 u262144
[    0.000000] pcpu-alloc: s39320 r0 d22120 u262144 alloc=1*2097152
[    0.000000] pcpu-alloc: [0] 0 1 2 3 4 5 6 7 
[    0.000000] Built 1 zonelists in Zone order, mobility grouping on.  Total pages: 259950
[    0.000000] Kernel command line: BOOT_IMAGE=/boot/vmlinuz-2.6.32.57 root=UUID=007b598c-390d-4c65-84a1-4ff752d48633 ro quiet splash maxcpus=0
[    0.000000] PID hash table entries: 4096 (order: 2, 16384 bytes)
[    0.000000] Dentry cache hash table entries: 131072 (order: 7, 524288 bytes)
[    0.000000] Inode-cache hash table entries: 65536 (order: 6, 262144 bytes)
[    0.000000] Enabling fast FPU save and restore... done.
[    0.000000] Enabling unmasked SIMD FPU exception support... done.
[    0.000000] Initializing CPU#0
[    0.000000] xsave/xrstor: enabled xstate_bv 0x7, cntxt size 0x340
[    0.000000] allocated 5242560 bytes of page_cgroup
[    0.000000] please try 'cgroup_disable=memory' option if you don't want memory cgroups
[    0.000000] Initializing HighMem for node 0 (000379fe:00040000)
[    0.000000] Memory: 938260k/1048576k available (4839k kernel code, 108848k reserved, 2518k data, 652k init, 137096k highmem)
[    0.000000] virtual kernel memory layout:
[    0.000000]     fixmap  : 0xfff1e000 - 0xfffff000   ( 900 kB)
[    0.000000]     pkmap   : 0xffa00000 - 0xffc00000   (2048 kB)
[    0.000000]     vmalloc : 0xf81fe000 - 0xff9fe000   ( 120 MB)
[    0.000000]     lowmem  : 0xc0000000 - 0xf79fe000   ( 889 MB)
[    0.000000]       .init : 0xc1730000 - 0xc17d3000   ( 652 kB)
[    0.000000]       .data : 0xc14b9cce - 0xc172f764   (2518 kB)
[    0.000000]       .text : 0xc1000000 - 0xc14b9cce   (4839 kB)
[    0.000000] Checking if this processor honours the WP bit even in supervisor mode...Ok.
[    0.000000] SLUB: Genslabs=13, HWalign=64, Order=0-3, MinObjects=0, CPUs=8, Nodes=1
[    0.000000] Hierarchical RCU implementation.
[    0.000000] NR_IRQS:2304 nr_irqs:472
[    0.000000] Extended CMOS year: 2000
[    0.000000] Console: colour VGA+ 80x25
[    0.000000] console [tty0] enabled
[    0.000000] hpet clockevent registered
[    0.000000] TSC freq read from hypervisor : 2394.620 MHz
[    0.000000] Detected 2394.620 MHz processor.
[    0.000002] Calibrating delay loop (skipped) preset value.. 4789.24 BogoMIPS (lpj=9578480)
[    0.000011] Security Framework initialized
[    0.000014] SELinux:  Disabled at boot.
[    0.000018] Mount-cache hash table entries: 512
[    0.000115] Initializing cgroup subsys cpuacct
[    0.000118] Initializing cgroup subsys memory
[    0.000121] Initializing cgroup subsys devices
[    0.000123] Initializing cgroup subsys freezer
[    0.000149] CPU: Physical Processor ID: 0
[    0.000156] CPU: L1 I cache: 32K, L1 D cache: 32K
[    0.000157] CPU: L2 cache: 256K
[    0.000158] CPU: L3 cache: 4096K
[    0.000163] mce: CPU supports 0 MCE banks
[    0.000174] Performance Events: no PMU driver, software events only.
[    0.000184] Checking 'hlt' instruction... OK.
[    0.018327] SMP alternatives: switching to UP code
[    0.032175] ACPI: Core revision 20090903
[    0.038896] ACPI: setting ELCR to 0200 (from 0e20)
[    0.040587] ftrace: converting mcount calls to 0f 1f 44 00 00
[    0.040594] ftrace: allocating 22631 entries in 45 pages
[    0.058687] CANARY value: 88014cfd for PID: 1
[    0.058718] Not enabling x2apic, Intr-remapping init failed.
[    0.058719] Enabling APIC mode:  Flat.  Using 1 I/O APICs
[    0.058727] SMP mode deactivated.
[    0.058771] SMP disabled
[    0.058839] Brought up 1 CPUs
[    0.058840] Total of 1 processors activated (4789.24 BogoMIPS).
[    0.058844] CPU0 attaching NULL sched-domain.
[    0.058913] devtmpfs: initialized
[    0.059018] sysctl table check failed: /kernel/random/now_input .1.40.7 Unknown sysctl binary path
[    0.059259] Pid: 1, comm: swapper Not tainted 2.6.32.57 #4
[    0.059260] Call Trace:
[    0.059265]  [<c14a8a0e>] ? printk+0x1d/0x1f
[    0.059268]  [<c107b56f>] set_fail+0x4f/0x60
[    0.059270]  [<c107b8b3>] sysctl_check_table+0x333/0x620
[    0.059272]  [<c107b8cc>] sysctl_check_table+0x34c/0x620
[    0.059273]  [<c107b8cc>] sysctl_check_table+0x34c/0x620
[    0.059277]  [<c1746d48>] sysctl_init+0x25/0x29
[    0.059279]  [<c1003042>] do_one_initcall+0x32/0x1a0
[    0.059281]  [<c1746d23>] ? sysctl_init+0x0/0x29
[    0.059284]  [<c17308e7>] kernel_init+0x12d/0x17a
[    0.059285]  [<c17307ba>] ? kernel_init+0x0/0x17a
[    0.059287]  [<c1009b07>] kernel_thread_helper+0x7/0x10
[    0.059289] sysctl table check failed: /kernel/random/now_blocking .1.40.8 Unknown sysctl binary path
[    0.059518] Pid: 1, comm: swapper Not tainted 2.6.32.57 #4
[    0.059519] Call Trace:
[    0.059520]  [<c14a8a0e>] ? printk+0x1d/0x1f
[    0.059522]  [<c107b56f>] set_fail+0x4f/0x60
[    0.059523]  [<c107b8b3>] sysctl_check_table+0x333/0x620
[    0.059525]  [<c107b8cc>] sysctl_check_table+0x34c/0x620
[    0.059527]  [<c107b8cc>] sysctl_check_table+0x34c/0x620
[    0.059529]  [<c1746d48>] sysctl_init+0x25/0x29
[    0.059530]  [<c1003042>] do_one_initcall+0x32/0x1a0
[    0.059532]  [<c1746d23>] ? sysctl_init+0x0/0x29
[    0.059534]  [<c17308e7>] kernel_init+0x12d/0x17a
[    0.059535]  [<c17307ba>] ? kernel_init+0x0/0x17a
[    0.059537]  [<c1009b07>] kernel_thread_helper+0x7/0x10
[    0.059538] sysctl table check failed: /kernel/random/now_nonblocking .1.40.9 Unknown sysctl binary path
[    0.059792] Pid: 1, comm: swapper Not tainted 2.6.32.57 #4
[    0.059793] Call Trace:
[    0.059795]  [<c14a8a0e>] ? printk+0x1d/0x1f
[    0.059797]  [<c107b56f>] set_fail+0x4f/0x60
[    0.059798]  [<c107b8b3>] sysctl_check_table+0x333/0x620
[    0.059800]  [<c107b8cc>] sysctl_check_table+0x34c/0x620
[    0.059801]  [<c107b8cc>] sysctl_check_table+0x34c/0x620
[    0.059804]  [<c1746d48>] sysctl_init+0x25/0x29
[    0.059805]  [<c1003042>] do_one_initcall+0x32/0x1a0
[    0.059808]  [<c1746d23>] ? sysctl_init+0x0/0x29
[    0.059809]  [<c17308e7>] kernel_init+0x12d/0x17a
[    0.059811]  [<c17307ba>] ? kernel_init+0x0/0x17a
[    0.059813]  [<c1009b07>] kernel_thread_helper+0x7/0x10
[    0.059814] sysctl table check failed: /kernel/random/nb_input_bytes .1.40.10 Unknown sysctl binary path
[    0.060058] Pid: 1, comm: swapper Not tainted 2.6.32.57 #4
[    0.060059] Call Trace:
[    0.060060]  [<c14a8a0e>] ? printk+0x1d/0x1f
[    0.060062]  [<c107b56f>] set_fail+0x4f/0x60
[    0.060063]  [<c107b8b3>] sysctl_check_table+0x333/0x620
[    0.060065]  [<c107b8cc>] sysctl_check_table+0x34c/0x620
[    0.060066]  [<c107b8cc>] sysctl_check_table+0x34c/0x620
[    0.060069]  [<c1746d48>] sysctl_init+0x25/0x29
[    0.060070]  [<c1003042>] do_one_initcall+0x32/0x1a0
[    0.060072]  [<c1746d23>] ? sysctl_init+0x0/0x29
[    0.060074]  [<c17308e7>] kernel_init+0x12d/0x17a
[    0.060075]  [<c17307ba>] ? kernel_init+0x0/0x17a
[    0.060077]  [<c1009b07>] kernel_thread_helper+0x7/0x10
[    0.060078] sysctl table check failed: /kernel/random/nb_stir_count .1.40.11 Unknown sysctl binary path
[    0.060307] Pid: 1, comm: swapper Not tainted 2.6.32.57 #4
[    0.060308] Call Trace:
[    0.060309]  [<c14a8a0e>] ? printk+0x1d/0x1f
[    0.060311]  [<c107b56f>] set_fail+0x4f/0x60
[    0.060312]  [<c107b8b3>] sysctl_check_table+0x333/0x620
[    0.060314]  [<c107b8cc>] sysctl_check_table+0x34c/0x620
[    0.060315]  [<c107b8cc>] sysctl_check_table+0x34c/0x620
[    0.060318]  [<c1746d48>] sysctl_init+0x25/0x29
[    0.060319]  [<c1003042>] do_one_initcall+0x32/0x1a0
[    0.060321]  [<c1746d23>] ? sysctl_init+0x0/0x29
[    0.060323]  [<c17308e7>] kernel_init+0x12d/0x17a
[    0.060324]  [<c17307ba>] ? kernel_init+0x0/0x17a
[    0.060326]  [<c1009b07>] kernel_thread_helper+0x7/0x10
[    0.060327] sysctl table check failed: /kernel/random/nb_reentry_count .1.40.12 Unknown sysctl binary path
[    0.060558] Pid: 1, comm: swapper Not tainted 2.6.32.57 #4
[    0.060558] Call Trace:
[    0.060560]  [<c14a8a0e>] ? printk+0x1d/0x1f
[    0.060561]  [<c107b56f>] set_fail+0x4f/0x60
[    0.060563]  [<c107b8b3>] sysctl_check_table+0x333/0x620
[    0.060564]  [<c107b8cc>] sysctl_check_table+0x34c/0x620
[    0.060566]  [<c107b8cc>] sysctl_check_table+0x34c/0x620
[    0.060568]  [<c1746d48>] sysctl_init+0x25/0x29
[    0.060570]  [<c1003042>] do_one_initcall+0x32/0x1a0
[    0.060572]  [<c1746d23>] ? sysctl_init+0x0/0x29
[    0.060573]  [<c17308e7>] kernel_init+0x12d/0x17a
[    0.060574]  [<c17307ba>] ? kernel_init+0x0/0x17a
[    0.060576]  [<c1009b07>] kernel_thread_helper+0x7/0x10
[    0.060686] RANDOM - __seed init called.
[    0.060687] RANDOM - __seed init called.
[    0.060688] RANDOM - __seed init called.
[    0.060689] RANDOM - __random32 called. Change num 1.  Value: 865378fd	b53d80db	1f8ba37e
[    0.060690] RANDOM - __random32 called. Change num 2.  Value: 378fdd29	53d80db0	46fc7ad7
[    0.060692] RANDOM - __random32 called. Change num 3.  Value: fdd29985	3d80db0e	f5ae23f5
[    0.060693] RANDOM - __random32 called. Change num 4.  Value: 299855dc	d80db0e5	47eb1be7
[    0.060694] RANDOM - __random32 called. Change num 5.  Value: 855dc464	80db0e5c	37cf1678
[    0.060696] RANDOM - __random32 called. Change num 6.  Value: dc4647ba	db0e5c1	2cf136f4
[    0.060697] RANDOM - random32 init called.  Value: dc4647ba	db0e5c1	2cf136f4
[    0.060702] regulator: core version 0.5
[    0.060794] Time: 23:59:00  Date: 05/24/13
[    0.060831] NET: Registered protocol family 16
[    0.060897] EISA bus registered
[    0.061631] ACPI: bus type pci registered
[    0.061720] PCI: MCFG configuration 0: base e0000000 segment 0 buses 0 - 255
[    0.061722] PCI: MCFG area at e0000000 reserved in E820
[    0.061723] PCI: Using MMCONFIG for extended config space
[    0.061724] PCI: Using configuration type 1 for base access
[    0.062204] bio: create slab <bio-0> at 0
[    0.063403] ACPI: EC: Look up EC in DSDT
[    0.099127] ACPI: BIOS _OSI(Linux) query ignored
[    0.105094] ACPI: Interpreter enabled
[    0.105098] ACPI: (supports S0 S1 S4 S5)
[    0.105110] ACPI: Using PIC for interrupt routing
[    0.184776] ACPI: No dock devices found.
[    0.185536] ACPI: PCI Root Bridge [PCI0] (0000:00)
[    0.187038] pci 0000:00:07.1: reg 20 io port: [0x10c0-0x10cf]
[    0.187515] pci 0000:00:07.3: quirk: region 1000-103f claimed by PIIX4 ACPI
[    0.187526] pci 0000:00:07.3: quirk: region 1040-104f claimed by PIIX4 SMB
[    0.188087] pci 0000:00:07.7: reg 10 io port: [0x1080-0x10bf]
[    0.188447] pci 0000:00:07.7: reg 14 64bit mmio: [0xc8000000-0xc8001fff]
[    0.189540] pci 0000:00:0f.0: reg 10 io port: [0x10d0-0x10df]
[    0.189593] pci 0000:00:0f.0: reg 14 32bit mmio pref: [0xd0000000-0xd7ffffff]
[    0.189638] pci 0000:00:0f.0: reg 18 32bit mmio: [0xc8800000-0xc8ffffff]
[    0.189774] pci 0000:00:0f.0: reg 30 32bit mmio pref: [0x000000-0x007fff]
[    0.190267] pci 0000:00:10.0: reg 10 io port: [0x1400-0x14ff]
[    0.190634] pci 0000:00:10.0: reg 14 64bit mmio: [0xc8040000-0xc805ffff]
[    0.190977] pci 0000:00:10.0: reg 1c 64bit mmio: [0xc8020000-0xc803ffff]
[    0.191048] pci 0000:00:10.0: reg 30 32bit mmio pref: [0x000000-0x003fff]
[    0.192360] pci 0000:00:15.0: PME# supported from D0 D3hot D3cold
[    0.192379] pci 0000:00:15.0: PME# disabled
[    0.193213] pci 0000:00:15.1: PME# supported from D0 D3hot D3cold
[    0.193232] pci 0000:00:15.1: PME# disabled
[    0.194055] pci 0000:00:15.2: PME# supported from D0 D3hot D3cold
[    0.194073] pci 0000:00:15.2: PME# disabled
[    0.194904] pci 0000:00:15.3: PME# supported from D0 D3hot D3cold
[    0.194922] pci 0000:00:15.3: PME# disabled
[    0.195754] pci 0000:00:15.4: PME# supported from D0 D3hot D3cold
[    0.195773] pci 0000:00:15.4: PME# disabled
[    0.196584] pci 0000:00:15.5: PME# supported from D0 D3hot D3cold
[    0.196628] pci 0000:00:15.5: PME# disabled
[    0.197475] pci 0000:00:15.6: PME# supported from D0 D3hot D3cold
[    0.197494] pci 0000:00:15.6: PME# disabled
[    0.198327] pci 0000:00:15.7: PME# supported from D0 D3hot D3cold
[    0.198346] pci 0000:00:15.7: PME# disabled
[    0.199194] pci 0000:00:16.0: PME# supported from D0 D3hot D3cold
[    0.199212] pci 0000:00:16.0: PME# disabled
[    0.200045] pci 0000:00:16.1: PME# supported from D0 D3hot D3cold
[    0.200063] pci 0000:00:16.1: PME# disabled
[    0.200880] pci 0000:00:16.2: PME# supported from D0 D3hot D3cold
[    0.200898] pci 0000:00:16.2: PME# disabled
[    0.201715] pci 0000:00:16.3: PME# supported from D0 D3hot D3cold
[    0.201734] pci 0000:00:16.3: PME# disabled
[    0.202529] pci 0000:00:16.4: PME# supported from D0 D3hot D3cold
[    0.202564] pci 0000:00:16.4: PME# disabled
[    0.203370] pci 0000:00:16.5: PME# supported from D0 D3hot D3cold
[    0.203389] pci 0000:00:16.5: PME# disabled
[    0.204221] pci 0000:00:16.6: PME# supported from D0 D3hot D3cold
[    0.204239] pci 0000:00:16.6: PME# disabled
[    0.205056] pci 0000:00:16.7: PME# supported from D0 D3hot D3cold
[    0.205075] pci 0000:00:16.7: PME# disabled
[    0.205897] pci 0000:00:17.0: PME# supported from D0 D3hot D3cold
[    0.205916] pci 0000:00:17.0: PME# disabled
[    0.206739] pci 0000:00:17.1: PME# supported from D0 D3hot D3cold
[    0.206758] pci 0000:00:17.1: PME# disabled
[    0.207564] pci 0000:00:17.2: PME# supported from D0 D3hot D3cold
[    0.207584] pci 0000:00:17.2: PME# disabled
[    0.208406] pci 0000:00:17.3: PME# supported from D0 D3hot D3cold
[    0.208425] pci 0000:00:17.3: PME# disabled
[    0.209241] pci 0000:00:17.4: PME# supported from D0 D3hot D3cold
[    0.209259] pci 0000:00:17.4: PME# disabled
[    0.210076] pci 0000:00:17.5: PME# supported from D0 D3hot D3cold
[    0.210095] pci 0000:00:17.5: PME# disabled
[    0.210915] pci 0000:00:17.6: PME# supported from D0 D3hot D3cold
[    0.210934] pci 0000:00:17.6: PME# disabled
[    0.211761] pci 0000:00:17.7: PME# supported from D0 D3hot D3cold
[    0.211781] pci 0000:00:17.7: PME# disabled
[    0.212607] pci 0000:00:18.0: PME# supported from D0 D3hot D3cold
[    0.212626] pci 0000:00:18.0: PME# disabled
[    0.213423] pci 0000:00:18.1: PME# supported from D0 D3hot D3cold
[    0.213441] pci 0000:00:18.1: PME# disabled
[    0.214256] pci 0000:00:18.2: PME# supported from D0 D3hot D3cold
[    0.214275] pci 0000:00:18.2: PME# disabled
[    0.215097] pci 0000:00:18.3: PME# supported from D0 D3hot D3cold
[    0.215116] pci 0000:00:18.3: PME# disabled
[    0.215973] pci 0000:00:18.4: PME# supported from D0 D3hot D3cold
[    0.215992] pci 0000:00:18.4: PME# disabled
[    0.216817] pci 0000:00:18.5: PME# supported from D0 D3hot D3cold
[    0.216835] pci 0000:00:18.5: PME# disabled
[    0.217659] pci 0000:00:18.6: PME# supported from D0 D3hot D3cold
[    0.217678] pci 0000:00:18.6: PME# disabled
[    0.218475] pci 0000:00:18.7: PME# supported from D0 D3hot D3cold
[    0.218494] pci 0000:00:18.7: PME# disabled
[    0.219564] pci 0000:02:00.0: reg 20 io port: [0x20c0-0x20df]
[    0.220042] pci 0000:02:01.0: reg 10 io port: [0x2000-0x207f]
[    0.220245] pci 0000:02:01.0: reg 30 32bit mmio pref: [0x000000-0x00ffff]
[    0.220782] pci 0000:02:02.0: reg 10 io port: [0x2080-0x20bf]
[    0.221322] pci 0000:02:03.0: reg 10 32bit mmio: [0xc9000000-0xc9000fff]
[    0.221870] pci 0000:00:11.0: transparent bridge
[    0.221889] pci 0000:00:11.0: bridge io port: [0x2000-0x3fff]
[    0.221907] pci 0000:00:11.0: bridge 32bit mmio: [0xc9000000-0xca3fffff]
[    0.221943] pci 0000:00:11.0: bridge 64bit mmio pref: [0xd8400000-0xd89fffff]
[    0.222278] pci 0000:00:15.0: bridge io port: [0x4000-0x4fff]
[    0.222296] pci 0000:00:15.0: bridge 32bit mmio: [0xca400000-0xca4fffff]
[    0.222332] pci 0000:00:15.0: bridge 64bit mmio pref: [0xd8a00000-0xd8afffff]
[    0.222694] pci 0000:00:15.1: bridge io port: [0x8000-0x8fff]
[    0.222712] pci 0000:00:15.1: bridge 32bit mmio: [0xca800000-0xca8fffff]
[    0.222748] pci 0000:00:15.1: bridge 64bit mmio pref: [0xd8e00000-0xd8efffff]
[    0.223082] pci 0000:00:15.2: bridge io port: [0xc000-0xcfff]
[    0.223100] pci 0000:00:15.2: bridge 32bit mmio: [0xcac00000-0xcacfffff]
[    0.223136] pci 0000:00:15.2: bridge 64bit mmio pref: [0xd9200000-0xd92fffff]
[    0.223492] pci 0000:00:15.3: bridge 32bit mmio: [0xcb000000-0xcb0fffff]
[    0.223545] pci 0000:00:15.3: bridge 64bit mmio pref: [0xd9600000-0xd96fffff]
[    0.223918] pci 0000:00:15.4: bridge 32bit mmio: [0xcb400000-0xcb4fffff]
[    0.223954] pci 0000:00:15.4: bridge 64bit mmio pref: [0xd9a00000-0xd9afffff]
[    0.224305] pci 0000:00:15.5: bridge 32bit mmio: [0xcb800000-0xcb8fffff]
[    0.224340] pci 0000:00:15.5: bridge 64bit mmio pref: [0xd9e00000-0xd9efffff]
[    0.225011] pci 0000:00:15.6: bridge 32bit mmio: [0xcbc00000-0xcbcfffff]
[    0.225047] pci 0000:00:15.6: bridge 64bit mmio pref: [0xda200000-0xda2fffff]
[    0.225402] pci 0000:00:15.7: bridge 32bit mmio: [0xcc000000-0xcc0fffff]
[    0.225437] pci 0000:00:15.7: bridge 64bit mmio pref: [0xda600000-0xda6fffff]
[    0.225798] pci 0000:00:16.0: bridge io port: [0x5000-0x5fff]
[    0.225817] pci 0000:00:16.0: bridge 32bit mmio: [0xca500000-0xca5fffff]
[    0.225853] pci 0000:00:16.0: bridge 64bit mmio pref: [0xd8b00000-0xd8bfffff]
[    0.226187] pci 0000:00:16.1: bridge io port: [0x9000-0x9fff]
[    0.226205] pci 0000:00:16.1: bridge 32bit mmio: [0xca900000-0xca9fffff]
[    0.226241] pci 0000:00:16.1: bridge 64bit mmio pref: [0xd8f00000-0xd8ffffff]
[    0.226601] pci 0000:00:16.2: bridge io port: [0xd000-0xdfff]
[    0.226620] pci 0000:00:16.2: bridge 32bit mmio: [0xcad00000-0xcadfffff]
[    0.226655] pci 0000:00:16.2: bridge 64bit mmio pref: [0xd9300000-0xd93fffff]
[    0.227007] pci 0000:00:16.3: bridge 32bit mmio: [0xcb100000-0xcb1fffff]
[    0.227043] pci 0000:00:16.3: bridge 64bit mmio pref: [0xd9700000-0xd97fffff]
[    0.227392] pci 0000:00:16.4: bridge 32bit mmio: [0xcb500000-0xcb5fffff]
[    0.227428] pci 0000:00:16.4: bridge 64bit mmio pref: [0xd9b00000-0xd9bfffff]
[    0.227829] pci 0000:00:16.5: bridge 32bit mmio: [0xcb900000-0xcb9fffff]
[    0.227865] pci 0000:00:16.5: bridge 64bit mmio pref: [0xd9f00000-0xd9ffffff]
[    0.228217] pci 0000:00:16.6: bridge 32bit mmio: [0xcbd00000-0xcbdfffff]
[    0.228253] pci 0000:00:16.6: bridge 64bit mmio pref: [0xda300000-0xda3fffff]
[    0.228632] pci 0000:00:16.7: bridge 32bit mmio: [0xcc100000-0xcc1fffff]
[    0.228668] pci 0000:00:16.7: bridge 64bit mmio pref: [0xda700000-0xda7fffff]
[    0.229001] pci 0000:00:17.0: bridge io port: [0x6000-0x6fff]
[    0.229020] pci 0000:00:17.0: bridge 32bit mmio: [0xca600000-0xca6fffff]
[    0.229055] pci 0000:00:17.0: bridge 64bit mmio pref: [0xd8c00000-0xd8cfffff]
[    0.229389] pci 0000:00:17.1: bridge io port: [0xa000-0xafff]
[    0.229408] pci 0000:00:17.1: bridge 32bit mmio: [0xcaa00000-0xcaafffff]
[    0.229443] pci 0000:00:17.1: bridge 64bit mmio pref: [0xd9000000-0xd90fffff]
[    0.229797] pci 0000:00:17.2: bridge io port: [0xe000-0xefff]
[    0.229816] pci 0000:00:17.2: bridge 32bit mmio: [0xcae00000-0xcaefffff]
[    0.229852] pci 0000:00:17.2: bridge 64bit mmio pref: [0xd9400000-0xd94fffff]
[    0.230203] pci 0000:00:17.3: bridge 32bit mmio: [0xcb200000-0xcb2fffff]
[    0.230238] pci 0000:00:17.3: bridge 64bit mmio pref: [0xd9800000-0xd98fffff]
[    0.230610] pci 0000:00:17.4: bridge 32bit mmio: [0xcb600000-0xcb6fffff]
[    0.230646] pci 0000:00:17.4: bridge 64bit mmio pref: [0xd9c00000-0xd9cfffff]
[    0.230997] pci 0000:00:17.5: bridge 32bit mmio: [0xcba00000-0xcbafffff]
[    0.231033] pci 0000:00:17.5: bridge 64bit mmio pref: [0xda000000-0xda0fffff]
[    0.231384] pci 0000:00:17.6: bridge 32bit mmio: [0xcbe00000-0xcbefffff]
[    0.231420] pci 0000:00:17.6: bridge 64bit mmio pref: [0xda400000-0xda4fffff]
[    0.231807] pci 0000:00:17.7: bridge 32bit mmio: [0xcc200000-0xcc2fffff]
[    0.231842] pci 0000:00:17.7: bridge 64bit mmio pref: [0xda800000-0xda8fffff]
[    0.232204] pci 0000:00:18.0: bridge io port: [0x7000-0x7fff]
[    0.232223] pci 0000:00:18.0: bridge 32bit mmio: [0xca700000-0xca7fffff]
[    0.232259] pci 0000:00:18.0: bridge 64bit mmio pref: [0xd8d00000-0xd8dfffff]
[    0.232618] pci 0000:00:18.1: bridge io port: [0xb000-0xbfff]
[    0.232637] pci 0000:00:18.1: bridge 32bit mmio: [0xcab00000-0xcabfffff]
[    0.232672] pci 0000:00:18.1: bridge 64bit mmio pref: [0xd9100000-0xd91fffff]
[    0.233005] pci 0000:00:18.2: bridge io port: [0xf000-0xffff]
[    0.233024] pci 0000:00:18.2: bridge 32bit mmio: [0xcaf00000-0xcaffffff]
[    0.233059] pci 0000:00:18.2: bridge 64bit mmio pref: [0xd9500000-0xd95fffff]
[    0.233411] pci 0000:00:18.3: bridge 32bit mmio: [0xcb300000-0xcb3fffff]
[    0.233446] pci 0000:00:18.3: bridge 64bit mmio pref: [0xd9900000-0xd99fffff]
[    0.233823] pci 0000:00:18.4: bridge 32bit mmio: [0xcb700000-0xcb7fffff]
[    0.233859] pci 0000:00:18.4: bridge 64bit mmio pref: [0xd9d00000-0xd9dfffff]
[    0.234210] pci 0000:00:18.5: bridge 32bit mmio: [0xcbb00000-0xcbbfffff]
[    0.234246] pci 0000:00:18.5: bridge 64bit mmio pref: [0xda100000-0xda1fffff]
[    0.234624] pci 0000:00:18.6: bridge 32bit mmio: [0xcbf00000-0xcbffffff]
[    0.234659] pci 0000:00:18.6: bridge 64bit mmio pref: [0xda500000-0xda5fffff]
[    0.235010] pci 0000:00:18.7: bridge 32bit mmio: [0xcc300000-0xcc3fffff]
[    0.235046] pci 0000:00:18.7: bridge 64bit mmio pref: [0xda900000-0xda9fffff]
[    0.236534] pci_bus 0000:00: on NUMA node 0
[    0.236552] ACPI: PCI Interrupt Routing Table [\_SB_.PCI0._PRT]
[    0.452119] ACPI: PCI Interrupt Link [LNKA] (IRQs 3 4 5 6 7 *9 10 11 14 15)
[    0.452301] ACPI: PCI Interrupt Link [LNKB] (IRQs 3 4 5 6 7 9 10 *11 14 15)
[    0.452442] ACPI: PCI Interrupt Link [LNKC] (IRQs 3 4 5 6 7 9 *10 11 14 15)
[    0.452582] ACPI: PCI Interrupt Link [LNKD] (IRQs 3 4 *5 6 7 9 10 11 14 15)
[    0.452708] vgaarb: device added: PCI:0000:00:0f.0,decodes=io+mem,owns=io+mem,locks=none
[    0.452717] vgaarb: loaded
[    0.452801] SCSI subsystem initialized
[    0.452842] libata version 3.00 loaded.
[    0.452880] usbcore: registered new interface driver usbfs
[    0.452890] usbcore: registered new interface driver hub
[    0.452905] usbcore: registered new device driver usb
[    0.452968] PCI: Using ACPI for IRQ routing
[    0.453857] NetLabel: Initializing
[    0.453858] NetLabel:  domain hash size = 128
[    0.453859] NetLabel:  protocols = UNLABELED CIPSOv4
[    0.453866] NetLabel:  unlabeled traffic allowed by default
[    0.453896] hpet0: at MMIO 0xfed00000, IRQs 2, 8, 0, 0, 0, 0, 0, 0, 0, 0, 0, 0, 0, 0, 0, 0
[    0.453901] hpet0: 16 comparators, 64-bit 14.318180 MHz counter
[    0.455929] Switching to clocksource tsc
[    0.463112] pnp: PnP ACPI init
[    0.463123] ACPI: bus type pnp registered
[    0.504045] pnp: PnP ACPI: found 14 devices
[    0.504047] ACPI: ACPI bus type pnp unregistered
[    0.504050] PnPBIOS: Disabled by ACPI PNP
[    0.504059] system 00:01: ioport range 0x1000-0x103f has been reserved
[    0.504061] system 00:01: ioport range 0x1040-0x104f has been reserved
[    0.504062] system 00:01: ioport range 0xcf0-0xcf1 has been reserved
[    0.504068] system 00:08: iomem range 0xfed00000-0xfed003ff has been reserved
[    0.504071] system 00:0d: ioport range 0x1060-0x107f has been reserved
[    0.504074] system 00:0d: iomem range 0xe0000000-0xefffffff has been reserved
[    0.504075] system 00:0d: iomem range 0xc8200000-0xc83fffff has been reserved
[    0.539930] pci 0000:00:15.3: BAR 13: can't allocate I/O resource [0x10000-0xffff]
[    0.539934] pci 0000:00:15.4: BAR 13: can't allocate I/O resource [0x10000-0xffff]
[    0.539937] pci 0000:00:15.5: BAR 13: can't allocate I/O resource [0x10000-0xffff]
[    0.539940] pci 0000:00:15.6: BAR 13: can't allocate I/O resource [0x10000-0xffff]
[    0.539942] pci 0000:00:15.7: BAR 13: can't allocate I/O resource [0x10000-0xffff]
[    0.539945] pci 0000:00:16.3: BAR 13: can't allocate I/O resource [0x10000-0xffff]
[    0.539948] pci 0000:00:16.4: BAR 13: can't allocate I/O resource [0x10000-0xffff]
[    0.539950] pci 0000:00:16.5: BAR 13: can't allocate I/O resource [0x10000-0xffff]
[    0.539953] pci 0000:00:16.6: BAR 13: can't allocate I/O resource [0x10000-0xffff]
[    0.539956] pci 0000:00:16.7: BAR 13: can't allocate I/O resource [0x10000-0xffff]
[    0.539958] pci 0000:00:17.3: BAR 13: can't allocate I/O resource [0x10000-0xffff]
[    0.539961] pci 0000:00:17.4: BAR 13: can't allocate I/O resource [0x10000-0xffff]
[    0.539964] pci 0000:00:17.5: BAR 13: can't allocate I/O resource [0x10000-0xffff]
[    0.539966] pci 0000:00:17.6: BAR 13: can't allocate I/O resource [0x10000-0xffff]
[    0.539969] pci 0000:00:17.7: BAR 13: can't allocate I/O resource [0x10000-0xffff]
[    0.539971] pci 0000:00:18.3: BAR 13: can't allocate I/O resource [0x10000-0xffff]
[    0.539974] pci 0000:00:18.4: BAR 13: can't allocate I/O resource [0x10000-0xffff]
[    0.539977] pci 0000:00:18.5: BAR 13: can't allocate I/O resource [0x10000-0xffff]
[    0.539979] pci 0000:00:18.6: BAR 13: can't allocate I/O resource [0x10000-0xffff]
[    0.539982] pci 0000:00:18.7: BAR 13: can't allocate I/O resource [0x10000-0xffff]
[    0.539984] pci 0000:00:01.0: PCI bridge, secondary bus 0000:01
[    0.539986] pci 0000:00:01.0:   IO window: disabled
[    0.540014] pci 0000:00:01.0:   MEM window: disabled
[    0.540033] pci 0000:00:01.0:   PREFETCH window: disabled
[    0.540071] pci 0000:00:11.0: PCI bridge, secondary bus 0000:02
[    0.540082] pci 0000:00:11.0:   IO window: 0x2000-0x3fff
[    0.540110] pci 0000:00:11.0:   MEM window: 0xc9000000-0xca3fffff
[    0.540129] pci 0000:00:11.0:   PREFETCH window: 0x000000d8400000-0x000000d89fffff
[    0.540165] pci 0000:00:15.0: PCI bridge, secondary bus 0000:03
[    0.540176] pci 0000:00:15.0:   IO window: 0x4000-0x4fff
[    0.540203] pci 0000:00:15.0:   MEM window: 0xca400000-0xca4fffff
[    0.540223] pci 0000:00:15.0:   PREFETCH window: 0x000000d8a00000-0x000000d8afffff
[    0.540282] pci 0000:00:15.1: PCI bridge, secondary bus 0000:04
[    0.540294] pci 0000:00:15.1:   IO window: 0x8000-0x8fff
[    0.540331] pci 0000:00:15.1:   MEM window: 0xca800000-0xca8fffff
[    0.540350] pci 0000:00:15.1:   PREFETCH window: 0x000000d8e00000-0x000000d8efffff
[    0.540391] pci 0000:00:15.2: PCI bridge, secondary bus 0000:05
[    0.540402] pci 0000:00:15.2:   IO window: 0xc000-0xcfff
[    0.540430] pci 0000:00:15.2:   MEM window: 0xcac00000-0xcacfffff
[    0.540449] pci 0000:00:15.2:   PREFETCH window: 0x000000d9200000-0x000000d92fffff
[    0.540488] pci 0000:00:15.3: PCI bridge, secondary bus 0000:06
[    0.540490] pci 0000:00:15.3:   IO window: disabled
[    0.540518] pci 0000:00:15.3:   MEM window: 0xcb000000-0xcb0fffff
[    0.540537] pci 0000:00:15.3:   PREFETCH window: 0x000000d9600000-0x000000d96fffff
[    0.540576] pci 0000:00:15.4: PCI bridge, secondary bus 0000:07
[    0.540578] pci 0000:00:15.4:   IO window: disabled
[    0.540606] pci 0000:00:15.4:   MEM window: 0xcb400000-0xcb4fffff
[    0.540625] pci 0000:00:15.4:   PREFETCH window: 0x000000d9a00000-0x000000d9afffff
[    0.540665] pci 0000:00:15.5: PCI bridge, secondary bus 0000:08
[    0.540667] pci 0000:00:15.5:   IO window: disabled
[    0.540695] pci 0000:00:15.5:   MEM window: 0xcb800000-0xcb8fffff
[    0.540714] pci 0000:00:15.5:   PREFETCH window: 0x000000d9e00000-0x000000d9efffff
[    0.540754] pci 0000:00:15.6: PCI bridge, secondary bus 0000:09
[    0.540755] pci 0000:00:15.6:   IO window: disabled
[    0.540783] pci 0000:00:15.6:   MEM window: 0xcbc00000-0xcbcfffff
[    0.540802] pci 0000:00:15.6:   PREFETCH window: 0x000000da200000-0x000000da2fffff
[    0.540842] pci 0000:00:15.7: PCI bridge, secondary bus 0000:0a
[    0.540843] pci 0000:00:15.7:   IO window: disabled
[    0.540871] pci 0000:00:15.7:   MEM window: 0xcc000000-0xcc0fffff
[    0.540890] pci 0000:00:15.7:   PREFETCH window: 0x000000da600000-0x000000da6fffff
[    0.540930] pci 0000:00:16.0: PCI bridge, secondary bus 0000:0b
[    0.540941] pci 0000:00:16.0:   IO window: 0x5000-0x5fff
[    0.540968] pci 0000:00:16.0:   MEM window: 0xca500000-0xca5fffff
[    0.540988] pci 0000:00:16.0:   PREFETCH window: 0x000000d8b00000-0x000000d8bfffff
[    0.541027] pci 0000:00:16.1: PCI bridge, secondary bus 0000:0c
[    0.541038] pci 0000:00:16.1:   IO window: 0x9000-0x9fff
[    0.541066] pci 0000:00:16.1:   MEM window: 0xca900000-0xca9fffff
[    0.541085] pci 0000:00:16.1:   PREFETCH window: 0x000000d8f00000-0x000000d8ffffff
[    0.541125] pci 0000:00:16.2: PCI bridge, secondary bus 0000:0d
[    0.541136] pci 0000:00:16.2:   IO window: 0xd000-0xdfff
[    0.541163] pci 0000:00:16.2:   MEM window: 0xcad00000-0xcadfffff
[    0.541182] pci 0000:00:16.2:   PREFETCH window: 0x000000d9300000-0x000000d93fffff
[    0.541222] pci 0000:00:16.3: PCI bridge, secondary bus 0000:0e
[    0.541224] pci 0000:00:16.3:   IO window: disabled
[    0.541267] pci 0000:00:16.3:   MEM window: 0xcb100000-0xcb1fffff
[    0.541288] pci 0000:00:16.3:   PREFETCH window: 0x000000d9700000-0x000000d97fffff
[    0.541337] pci 0000:00:16.4: PCI bridge, secondary bus 0000:0f
[    0.541339] pci 0000:00:16.4:   IO window: disabled
[    0.541367] pci 0000:00:16.4:   MEM window: 0xcb500000-0xcb5fffff
[    0.541386] pci 0000:00:16.4:   PREFETCH window: 0x000000d9b00000-0x000000d9bfffff
[    0.541426] pci 0000:00:16.5: PCI bridge, secondary bus 0000:10
[    0.541427] pci 0000:00:16.5:   IO window: disabled
[    0.541455] pci 0000:00:16.5:   MEM window: 0xcb900000-0xcb9fffff
[    0.541474] pci 0000:00:16.5:   PREFETCH window: 0x000000d9f00000-0x000000d9ffffff
[    0.541513] pci 0000:00:16.6: PCI bridge, secondary bus 0000:11
[    0.541515] pci 0000:00:16.6:   IO window: disabled
[    0.541543] pci 0000:00:16.6:   MEM window: 0xcbd00000-0xcbdfffff
[    0.541562] pci 0000:00:16.6:   PREFETCH window: 0x000000da300000-0x000000da3fffff
[    0.541601] pci 0000:00:16.7: PCI bridge, secondary bus 0000:12
[    0.541603] pci 0000:00:16.7:   IO window: disabled
[    0.541631] pci 0000:00:16.7:   MEM window: 0xcc100000-0xcc1fffff
[    0.541650] pci 0000:00:16.7:   PREFETCH window: 0x000000da700000-0x000000da7fffff
[    0.541689] pci 0000:00:17.0: PCI bridge, secondary bus 0000:13
[    0.541700] pci 0000:00:17.0:   IO window: 0x6000-0x6fff
[    0.541728] pci 0000:00:17.0:   MEM window: 0xca600000-0xca6fffff
[    0.541747] pci 0000:00:17.0:   PREFETCH window: 0x000000d8c00000-0x000000d8cfffff
[    0.541787] pci 0000:00:17.1: PCI bridge, secondary bus 0000:14
[    0.541798] pci 0000:00:17.1:   IO window: 0xa000-0xafff
[    0.541825] pci 0000:00:17.1:   MEM window: 0xcaa00000-0xcaafffff
[    0.541845] pci 0000:00:17.1:   PREFETCH window: 0x000000d9000000-0x000000d90fffff
[    0.541884] pci 0000:00:17.2: PCI bridge, secondary bus 0000:15
[    0.541895] pci 0000:00:17.2:   IO window: 0xe000-0xefff
[    0.541923] pci 0000:00:17.2:   MEM window: 0xcae00000-0xcaefffff
[    0.541942] pci 0000:00:17.2:   PREFETCH window: 0x000000d9400000-0x000000d94fffff
[    0.541982] pci 0000:00:17.3: PCI bridge, secondary bus 0000:16
[    0.541983] pci 0000:00:17.3:   IO window: disabled
[    0.542011] pci 0000:00:17.3:   MEM window: 0xcb200000-0xcb2fffff
[    0.542030] pci 0000:00:17.3:   PREFETCH window: 0x000000d9800000-0x000000d98fffff
[    0.542070] pci 0000:00:17.4: PCI bridge, secondary bus 0000:17
[    0.542071] pci 0000:00:17.4:   IO window: disabled
[    0.542099] pci 0000:00:17.4:   MEM window: 0xcb600000-0xcb6fffff
[    0.542118] pci 0000:00:17.4:   PREFETCH window: 0x000000d9c00000-0x000000d9cfffff
[    0.542158] pci 0000:00:17.5: PCI bridge, secondary bus 0000:18
[    0.542159] pci 0000:00:17.5:   IO window: disabled
[    0.542187] pci 0000:00:17.5:   MEM window: 0xcba00000-0xcbafffff
[    0.542206] pci 0000:00:17.5:   PREFETCH window: 0x000000da000000-0x000000da0fffff
[    0.542248] pci 0000:00:17.6: PCI bridge, secondary bus 0000:19
[    0.542250] pci 0000:00:17.6:   IO window: disabled
[    0.542288] pci 0000:00:17.6:   MEM window: 0xcbe00000-0xcbefffff
[    0.542309] pci 0000:00:17.6:   PREFETCH window: 0x000000da400000-0x000000da4fffff
[    0.542359] pci 0000:00:17.7: PCI bridge, secondary bus 0000:1a
[    0.542360] pci 0000:00:17.7:   IO window: disabled
[    0.542388] pci 0000:00:17.7:   MEM window: 0xcc200000-0xcc2fffff
[    0.542407] pci 0000:00:17.7:   PREFETCH window: 0x000000da800000-0x000000da8fffff
[    0.542447] pci 0000:00:18.0: PCI bridge, secondary bus 0000:1b
[    0.542458] pci 0000:00:18.0:   IO window: 0x7000-0x7fff
[    0.542485] pci 0000:00:18.0:   MEM window: 0xca700000-0xca7fffff
[    0.542505] pci 0000:00:18.0:   PREFETCH window: 0x000000d8d00000-0x000000d8dfffff
[    0.542544] pci 0000:00:18.1: PCI bridge, secondary bus 0000:1c
[    0.542560] pci 0000:00:18.1:   IO window: 0xb000-0xbfff
[    0.542599] pci 0000:00:18.1:   MEM window: 0xcab00000-0xcabfffff
[    0.542619] pci 0000:00:18.1:   PREFETCH window: 0x000000d9100000-0x000000d91fffff
[    0.542669] pci 0000:00:18.2: PCI bridge, secondary bus 0000:1d
[    0.542680] pci 0000:00:18.2:   IO window: 0xf000-0xffff
[    0.542708] pci 0000:00:18.2:   MEM window: 0xcaf00000-0xcaffffff
[    0.542727] pci 0000:00:18.2:   PREFETCH window: 0x000000d9500000-0x000000d95fffff
[    0.542767] pci 0000:00:18.3: PCI bridge, secondary bus 0000:1e
[    0.542768] pci 0000:00:18.3:   IO window: disabled
[    0.542796] pci 0000:00:18.3:   MEM window: 0xcb300000-0xcb3fffff
[    0.542816] pci 0000:00:18.3:   PREFETCH window: 0x000000d9900000-0x000000d99fffff
[    0.542855] pci 0000:00:18.4: PCI bridge, secondary bus 0000:1f
[    0.542857] pci 0000:00:18.4:   IO window: disabled
[    0.542885] pci 0000:00:18.4:   MEM window: 0xcb700000-0xcb7fffff
[    0.542904] pci 0000:00:18.4:   PREFETCH window: 0x000000d9d00000-0x000000d9dfffff
[    0.542944] pci 0000:00:18.5: PCI bridge, secondary bus 0000:20
[    0.542945] pci 0000:00:18.5:   IO window: disabled
[    0.542973] pci 0000:00:18.5:   MEM window: 0xcbb00000-0xcbbfffff
[    0.542992] pci 0000:00:18.5:   PREFETCH window: 0x000000da100000-0x000000da1fffff
[    0.543032] pci 0000:00:18.6: PCI bridge, secondary bus 0000:21
[    0.543033] pci 0000:00:18.6:   IO window: disabled
[    0.543061] pci 0000:00:18.6:   MEM window: 0xcbf00000-0xcbffffff
[    0.543080] pci 0000:00:18.6:   PREFETCH window: 0x000000da500000-0x000000da5fffff
[    0.543119] pci 0000:00:18.7: PCI bridge, secondary bus 0000:22
[    0.543121] pci 0000:00:18.7:   IO window: disabled
[    0.543149] pci 0000:00:18.7:   MEM window: 0xcc300000-0xcc3fffff
[    0.543168] pci 0000:00:18.7:   PREFETCH window: 0x000000da900000-0x000000da9fffff
[    0.543236] pci 0000:00:01.0: setting latency timer to 64
[    0.543326] pci 0000:00:15.0: setting latency timer to 64
[    0.543389] pci 0000:00:15.1: setting latency timer to 64
[    0.543451] pci 0000:00:15.2: setting latency timer to 64
[    0.543512] pci 0000:00:15.3: setting latency timer to 64
[    0.543575] pci 0000:00:15.4: setting latency timer to 64
[    0.543636] pci 0000:00:15.5: setting latency timer to 64
[    0.543698] pci 0000:00:15.6: setting latency timer to 64
[    0.543760] pci 0000:00:15.7: setting latency timer to 64
[    0.543768] pci 0000:00:16.0: setting latency timer to 64
[    0.543889] pci 0000:00:16.1: setting latency timer to 64
[    0.543951] pci 0000:00:16.2: setting latency timer to 64
[    0.544013] pci 0000:00:16.3: setting latency timer to 64
[    0.544074] pci 0000:00:16.4: setting latency timer to 64
[    0.544136] pci 0000:00:16.5: setting latency timer to 64
[    0.544198] pci 0000:00:16.6: setting latency timer to 64
[    0.544287] pci 0000:00:16.7: setting latency timer to 64
[    0.544349] pci 0000:00:17.0: setting latency timer to 64
[    0.544411] pci 0000:00:17.1: setting latency timer to 64
[    0.544472] pci 0000:00:17.2: setting latency timer to 64
[    0.544534] pci 0000:00:17.3: setting latency timer to 64
[    0.544596] pci 0000:00:17.4: setting latency timer to 64
[    0.544658] pci 0000:00:17.5: setting latency timer to 64
[    0.544720] pci 0000:00:17.6: setting latency timer to 64
[    0.544782] pci 0000:00:17.7: setting latency timer to 64
[    0.544844] pci 0000:00:18.0: setting latency timer to 64
[    0.544906] pci 0000:00:18.1: setting latency timer to 64
[    0.544968] pci 0000:00:18.2: setting latency timer to 64
[    0.545029] pci 0000:00:18.3: setting latency timer to 64
[    0.545091] pci 0000:00:18.4: setting latency timer to 64
[    0.545153] pci 0000:00:18.5: setting latency timer to 64
[    0.545232] pci 0000:00:18.6: setting latency timer to 64
[    0.545307] pci 0000:00:18.7: setting latency timer to 64
[    0.545318] pci_bus 0000:00: resource 0 io:  [0x00-0xffff]
[    0.545321] pci_bus 0000:00: resource 1 mem: [0x000000-0xffffffffffffffff]
[    0.545323] pci_bus 0000:02: resource 0 io:  [0x2000-0x3fff]
[    0.545325] pci_bus 0000:02: resource 1 mem: [0xc9000000-0xca3fffff]
[    0.545327] pci_bus 0000:02: resource 2 pref mem [0xd8400000-0xd89fffff]
[    0.545328] pci_bus 0000:02: resource 3 io:  [0x00-0xffff]
[    0.545330] pci_bus 0000:02: resource 4 mem: [0x000000-0xffffffffffffffff]
[    0.545332] pci_bus 0000:03: resource 0 io:  [0x4000-0x4fff]
[    0.545334] pci_bus 0000:03: resource 1 mem: [0xca400000-0xca4fffff]
[    0.545336] pci_bus 0000:03: resource 2 pref mem [0xd8a00000-0xd8afffff]
[    0.545337] pci_bus 0000:04: resource 0 io:  [0x8000-0x8fff]
[    0.545339] pci_bus 0000:04: resource 1 mem: [0xca800000-0xca8fffff]
[    0.545341] pci_bus 0000:04: resource 2 pref mem [0xd8e00000-0xd8efffff]
[    0.545343] pci_bus 0000:05: resource 0 io:  [0xc000-0xcfff]
[    0.545345] pci_bus 0000:05: resource 1 mem: [0xcac00000-0xcacfffff]
[    0.545346] pci_bus 0000:05: resource 2 pref mem [0xd9200000-0xd92fffff]
[    0.545348] pci_bus 0000:06: resource 1 mem: [0xcb000000-0xcb0fffff]
[    0.545350] pci_bus 0000:06: resource 2 pref mem [0xd9600000-0xd96fffff]
[    0.545352] pci_bus 0000:07: resource 1 mem: [0xcb400000-0xcb4fffff]
[    0.545354] pci_bus 0000:07: resource 2 pref mem [0xd9a00000-0xd9afffff]
[    0.545356] pci_bus 0000:08: resource 1 mem: [0xcb800000-0xcb8fffff]
[    0.545357] pci_bus 0000:08: resource 2 pref mem [0xd9e00000-0xd9efffff]
[    0.545359] pci_bus 0000:09: resource 1 mem: [0xcbc00000-0xcbcfffff]
[    0.545361] pci_bus 0000:09: resource 2 pref mem [0xda200000-0xda2fffff]
[    0.545363] pci_bus 0000:0a: resource 1 mem: [0xcc000000-0xcc0fffff]
[    0.545365] pci_bus 0000:0a: resource 2 pref mem [0xda600000-0xda6fffff]
[    0.545367] pci_bus 0000:0b: resource 0 io:  [0x5000-0x5fff]
[    0.545368] pci_bus 0000:0b: resource 1 mem: [0xca500000-0xca5fffff]
[    0.545370] pci_bus 0000:0b: resource 2 pref mem [0xd8b00000-0xd8bfffff]
[    0.545372] pci_bus 0000:0c: resource 0 io:  [0x9000-0x9fff]
[    0.545374] pci_bus 0000:0c: resource 1 mem: [0xca900000-0xca9fffff]
[    0.545375] pci_bus 0000:0c: resource 2 pref mem [0xd8f00000-0xd8ffffff]
[    0.545377] pci_bus 0000:0d: resource 0 io:  [0xd000-0xdfff]
[    0.545379] pci_bus 0000:0d: resource 1 mem: [0xcad00000-0xcadfffff]
[    0.545381] pci_bus 0000:0d: resource 2 pref mem [0xd9300000-0xd93fffff]
[    0.545383] pci_bus 0000:0e: resource 1 mem: [0xcb100000-0xcb1fffff]
[    0.545384] pci_bus 0000:0e: resource 2 pref mem [0xd9700000-0xd97fffff]
[    0.545386] pci_bus 0000:0f: resource 1 mem: [0xcb500000-0xcb5fffff]
[    0.545388] pci_bus 0000:0f: resource 2 pref mem [0xd9b00000-0xd9bfffff]
[    0.545390] pci_bus 0000:10: resource 1 mem: [0xcb900000-0xcb9fffff]
[    0.545392] pci_bus 0000:10: resource 2 pref mem [0xd9f00000-0xd9ffffff]
[    0.545393] pci_bus 0000:11: resource 1 mem: [0xcbd00000-0xcbdfffff]
[    0.545395] pci_bus 0000:11: resource 2 pref mem [0xda300000-0xda3fffff]
[    0.545397] pci_bus 0000:12: resource 1 mem: [0xcc100000-0xcc1fffff]
[    0.545399] pci_bus 0000:12: resource 2 pref mem [0xda700000-0xda7fffff]
[    0.545401] pci_bus 0000:13: resource 0 io:  [0x6000-0x6fff]
[    0.545402] pci_bus 0000:13: resource 1 mem: [0xca600000-0xca6fffff]
[    0.545404] pci_bus 0000:13: resource 2 pref mem [0xd8c00000-0xd8cfffff]
[    0.545406] pci_bus 0000:14: resource 0 io:  [0xa000-0xafff]
[    0.545408] pci_bus 0000:14: resource 1 mem: [0xcaa00000-0xcaafffff]
[    0.545409] pci_bus 0000:14: resource 2 pref mem [0xd9000000-0xd90fffff]
[    0.545411] pci_bus 0000:15: resource 0 io:  [0xe000-0xefff]
[    0.545413] pci_bus 0000:15: resource 1 mem: [0xcae00000-0xcaefffff]
[    0.545415] pci_bus 0000:15: resource 2 pref mem [0xd9400000-0xd94fffff]
[    0.545417] pci_bus 0000:16: resource 1 mem: [0xcb200000-0xcb2fffff]
[    0.545418] pci_bus 0000:16: resource 2 pref mem [0xd9800000-0xd98fffff]
[    0.545420] pci_bus 0000:17: resource 1 mem: [0xcb600000-0xcb6fffff]
[    0.545422] pci_bus 0000:17: resource 2 pref mem [0xd9c00000-0xd9cfffff]
[    0.545424] pci_bus 0000:18: resource 1 mem: [0xcba00000-0xcbafffff]
[    0.545426] pci_bus 0000:18: resource 2 pref mem [0xda000000-0xda0fffff]
[    0.545428] pci_bus 0000:19: resource 1 mem: [0xcbe00000-0xcbefffff]
[    0.545429] pci_bus 0000:19: resource 2 pref mem [0xda400000-0xda4fffff]
[    0.545431] pci_bus 0000:1a: resource 1 mem: [0xcc200000-0xcc2fffff]
[    0.545433] pci_bus 0000:1a: resource 2 pref mem [0xda800000-0xda8fffff]
[    0.545435] pci_bus 0000:1b: resource 0 io:  [0x7000-0x7fff]
[    0.545436] pci_bus 0000:1b: resource 1 mem: [0xca700000-0xca7fffff]
[    0.545438] pci_bus 0000:1b: resource 2 pref mem [0xd8d00000-0xd8dfffff]
[    0.545440] pci_bus 0000:1c: resource 0 io:  [0xb000-0xbfff]
[    0.545442] pci_bus 0000:1c: resource 1 mem: [0xcab00000-0xcabfffff]
[    0.545444] pci_bus 0000:1c: resource 2 pref mem [0xd9100000-0xd91fffff]
[    0.545445] pci_bus 0000:1d: resource 0 io:  [0xf000-0xffff]
[    0.545447] pci_bus 0000:1d: resource 1 mem: [0xcaf00000-0xcaffffff]
[    0.545449] pci_bus 0000:1d: resource 2 pref mem [0xd9500000-0xd95fffff]
[    0.545451] pci_bus 0000:1e: resource 1 mem: [0xcb300000-0xcb3fffff]
[    0.545453] pci_bus 0000:1e: resource 2 pref mem [0xd9900000-0xd99fffff]
[    0.545454] pci_bus 0000:1f: resource 1 mem: [0xcb700000-0xcb7fffff]
[    0.545456] pci_bus 0000:1f: resource 2 pref mem [0xd9d00000-0xd9dfffff]
[    0.545458] pci_bus 0000:20: resource 1 mem: [0xcbb00000-0xcbbfffff]
[    0.545460] pci_bus 0000:20: resource 2 pref mem [0xda100000-0xda1fffff]
[    0.545462] pci_bus 0000:21: resource 1 mem: [0xcbf00000-0xcbffffff]
[    0.545463] pci_bus 0000:21: resource 2 pref mem [0xda500000-0xda5fffff]
[    0.545465] pci_bus 0000:22: resource 1 mem: [0xcc300000-0xcc3fffff]
[    0.545467] pci_bus 0000:22: resource 2 pref mem [0xda900000-0xda9fffff]
[    0.545487] NET: Registered protocol family 2
[    0.545503] RANDOM - __random32 called. Change num 7.  Value: 647ba296	db0e5c1d	6de96f10
[    0.545505] RANDOM - random32 called.  Value: 647ba296	db0e5c1d	6de96f10
[    0.545511] random 0000 0000 0000 00000000 00000000: rand_read_num 2 get_random_bytes(4): sig fffffe1a 00000000 00000000
[    0.545513] random 0000 0000 0000 00000000 00000000: extract_entropy(.. 4 ..)
[    0.545516] random 0000 0000 0000 00000000 00000000: going to reseed nonblocking with 64 bits (32 of 0 requested)
[    0.545518] random 0000 0000 0000 00000000 00000000: extract_entropy(.. 8 ..)
[    0.545520] random 0000 0000 0000 00000000 00000000: trying to extract 64 bits from input
[    0.545522] random 0000 0000 0000 00000000 00000000: debiting 0 entropy credits from input
[    0.545524] random 0000 0000 0000 00000000 00000000: extract_entropy account returned: 0 
[    0.545527] random 0000 0000 0000 00000000 00000000: urand_change_num 3 xfer_secondary_pool(4): pool_sig fffffe1a, data_sig 00000000, bytes_mixed 0 00000000 00000000
[    0.545530] random 0000 0000 0000 00000000 00000000: trying to extract 32 bits from nonblocking
[    0.545532] random 0000 0000 0000 00000000 00000000: debiting 32 entropy credits from nonblocking (unlimited)
[    0.545534] random 0000 0000 0000 00000000 00000000: extract_entropy account returned: 4 
[    0.545538] random 0000 0000 0000 00000000 00000000: urand_change_num 4 extract_buf: pool_sig fffffe1a, data_sig fffffed7, bytes_mixed 20 00000000 00000000
[    0.545566] IP route cache hash table entries: 32768 (order: 5, 131072 bytes)
[    0.545656] RANDOM - __random32 called. Change num 8.  Value: ba296205	b0e5c1db	de205442
[    0.545658] RANDOM - random32 called.  Value: ba296205	b0e5c1db	de205442
[    0.545714] RANDOM - __random32 called. Change num 9.  Value: 962052cd	e5c1db9	a885e45e
[    0.545716] RANDOM - random32 called.  Value: 962052cd	e5c1db9	a885e45e
[    0.545718] RANDOM - __random32 called. Change num 10.  Value: 52cd38f	e5c1db9b	c8bd9558
[    0.545720] RANDOM - random32 called.  Value: 52cd38f	e5c1db9b	c8bd9558
[    0.545741] RANDOM - __random32 called. Change num 11.  Value: cd38f3eb	5c1db9b9	2ab1aa27
[    0.545742] RANDOM - random32 called.  Value: cd38f3eb	5c1db9b9	2ab1aa27
[    0.545752] TCP established hash table entries: 131072 (order: 8, 1048576 bytes)
[    0.545842] TCP bind hash table entries: 65536 (order: 7, 524288 bytes)
[    0.545931] TCP: Hash tables configured (established 131072 bind 65536)
[    0.545934] TCP reno registered
[    0.545979] NET: Registered protocol family 1
[    0.545988] pci 0000:00:00.0: Limiting direct PCI/PCI transfers
[    0.546008] pci 0000:00:0f.0: Boot video device
[    0.546175] Trying to unpack rootfs image as initramfs...
[    1.610329] Freeing initrd memory: 83430k freed
[    1.614364] Simple Boot Flag at 0x36 set to 0x1
[    1.614410] cpufreq-nforce2: No nForce2 chipset.
[    1.614422] Scanning for low memory corruption every 60 seconds
[    1.614536] audit: initializing netlink socket (disabled)
[    1.614544] type=2000 audit(1369439941.604:1): initialized
[    1.618445] highmem bounce pool size: 64 pages
[    1.618449] HugeTLB registered 2 MB page size, pre-allocated 0 pages
[    1.618543] VFS: Disk quotas dquot_6.5.2
[    1.618572] Dquot-cache hash table entries: 1024 (order 0, 4096 bytes)
[    1.618651] fuse init (API version 7.13)
[    1.618695] msgmni has been set to 1729
[    1.618959] alg: No test for stdrng (krng)
[    1.618992] Block layer SCSI generic (bsg) driver version 0.4 loaded (major 253)
[    1.618994] io scheduler noop registered
[    1.618996] io scheduler anticipatory registered
[    1.618997] io scheduler deadline registered
[    1.619016] io scheduler cfq registered (default)
[    1.619062]   alloc irq_desc for 24 on node -1
[    1.619064]   alloc kstat_irqs on node -1
[    1.619109] pcieport 0000:00:15.0: irq 24 for MSI/MSI-X
[    1.619155] pcieport 0000:00:15.0: setting latency timer to 64
[    1.619200]   alloc irq_desc for 25 on node -1
[    1.619202]   alloc kstat_irqs on node -1
[    1.619247] pcieport 0000:00:15.1: irq 25 for MSI/MSI-X
[    1.619293] pcieport 0000:00:15.1: setting latency timer to 64
[    1.619338]   alloc irq_desc for 26 on node -1
[    1.619340]   alloc kstat_irqs on node -1
[    1.619386] pcieport 0000:00:15.2: irq 26 for MSI/MSI-X
[    1.619431] pcieport 0000:00:15.2: setting latency timer to 64
[    1.619476]   alloc irq_desc for 27 on node -1
[    1.619478]   alloc kstat_irqs on node -1
[    1.619524] pcieport 0000:00:15.3: irq 27 for MSI/MSI-X
[    1.619569] pcieport 0000:00:15.3: setting latency timer to 64
[    1.619615]   alloc irq_desc for 28 on node -1
[    1.619616]   alloc kstat_irqs on node -1
[    1.619662] pcieport 0000:00:15.4: irq 28 for MSI/MSI-X
[    1.619707] pcieport 0000:00:15.4: setting latency timer to 64
[    1.619753]   alloc irq_desc for 29 on node -1
[    1.619754]   alloc kstat_irqs on node -1
[    1.619800] pcieport 0000:00:15.5: irq 29 for MSI/MSI-X
[    1.619845] pcieport 0000:00:15.5: setting latency timer to 64
[    1.619891]   alloc irq_desc for 30 on node -1
[    1.619892]   alloc kstat_irqs on node -1
[    1.619938] pcieport 0000:00:15.6: irq 30 for MSI/MSI-X
[    1.619983] pcieport 0000:00:15.6: setting latency timer to 64
[    1.620029]   alloc irq_desc for 31 on node -1
[    1.620031]   alloc kstat_irqs on node -1
[    1.620076] pcieport 0000:00:15.7: irq 31 for MSI/MSI-X
[    1.620121] pcieport 0000:00:15.7: setting latency timer to 64
[    1.620167]   alloc irq_desc for 32 on node -1
[    1.620169]   alloc kstat_irqs on node -1
[    1.620214] pcieport 0000:00:16.0: irq 32 for MSI/MSI-X
[    1.620260] pcieport 0000:00:16.0: setting latency timer to 64
[    1.620305]   alloc irq_desc for 33 on node -1
[    1.620307]   alloc kstat_irqs on node -1
[    1.620352] pcieport 0000:00:16.1: irq 33 for MSI/MSI-X
[    1.620398] pcieport 0000:00:16.1: setting latency timer to 64
[    1.620443]   alloc irq_desc for 34 on node -1
[    1.620445]   alloc kstat_irqs on node -1
[    1.620490] pcieport 0000:00:16.2: irq 34 for MSI/MSI-X
[    1.620536] pcieport 0000:00:16.2: setting latency timer to 64
[    1.620581]   alloc irq_desc for 35 on node -1
[    1.620583]   alloc kstat_irqs on node -1
[    1.620628] pcieport 0000:00:16.3: irq 35 for MSI/MSI-X
[    1.620674] pcieport 0000:00:16.3: setting latency timer to 64
[    1.622387]   alloc irq_desc for 36 on node -1
[    1.622389]   alloc kstat_irqs on node -1
[    1.622434] pcieport 0000:00:16.4: irq 36 for MSI/MSI-X
[    1.622480] pcieport 0000:00:16.4: setting latency timer to 64
[    1.622525]   alloc irq_desc for 37 on node -1
[    1.622527]   alloc kstat_irqs on node -1
[    1.622572] pcieport 0000:00:16.5: irq 37 for MSI/MSI-X
[    1.622618] pcieport 0000:00:16.5: setting latency timer to 64
[    1.622663]   alloc irq_desc for 38 on node -1
[    1.622665]   alloc kstat_irqs on node -1
[    1.622710] pcieport 0000:00:16.6: irq 38 for MSI/MSI-X
[    1.622756] pcieport 0000:00:16.6: setting latency timer to 64
[    1.622801]   alloc irq_desc for 39 on node -1
[    1.622803]   alloc kstat_irqs on node -1
[    1.622848] pcieport 0000:00:16.7: irq 39 for MSI/MSI-X
[    1.622894] pcieport 0000:00:16.7: setting latency timer to 64
[    1.622939]   alloc irq_desc for 40 on node -1
[    1.622941]   alloc kstat_irqs on node -1
[    1.622987] pcieport 0000:00:17.0: irq 40 for MSI/MSI-X
[    1.623032] pcieport 0000:00:17.0: setting latency timer to 64
[    1.623078]   alloc irq_desc for 41 on node -1
[    1.623079]   alloc kstat_irqs on node -1
[    1.623125] pcieport 0000:00:17.1: irq 41 for MSI/MSI-X
[    1.623170] pcieport 0000:00:17.1: setting latency timer to 64
[    1.623216]   alloc irq_desc for 42 on node -1
[    1.623217]   alloc kstat_irqs on node -1
[    1.623263] pcieport 0000:00:17.2: irq 42 for MSI/MSI-X
[    1.623308] pcieport 0000:00:17.2: setting latency timer to 64
[    1.623354]   alloc irq_desc for 43 on node -1
[    1.623355]   alloc kstat_irqs on node -1
[    1.623401] pcieport 0000:00:17.3: irq 43 for MSI/MSI-X
[    1.623446] pcieport 0000:00:17.3: setting latency timer to 64
[    1.623492]   alloc irq_desc for 44 on node -1
[    1.623494]   alloc kstat_irqs on node -1
[    1.623539] pcieport 0000:00:17.4: irq 44 for MSI/MSI-X
[    1.623584] pcieport 0000:00:17.4: setting latency timer to 64
[    1.623630]   alloc irq_desc for 45 on node -1
[    1.623632]   alloc kstat_irqs on node -1
[    1.623677] pcieport 0000:00:17.5: irq 45 for MSI/MSI-X
[    1.623723] pcieport 0000:00:17.5: setting latency timer to 64
[    1.623768]   alloc irq_desc for 46 on node -1
[    1.623770]   alloc kstat_irqs on node -1
[    1.623815] pcieport 0000:00:17.6: irq 46 for MSI/MSI-X
[    1.623861] pcieport 0000:00:17.6: setting latency timer to 64
[    1.623906]   alloc irq_desc for 47 on node -1
[    1.623908]   alloc kstat_irqs on node -1
[    1.623954] pcieport 0000:00:17.7: irq 47 for MSI/MSI-X
[    1.623999] pcieport 0000:00:17.7: setting latency timer to 64
[    1.624044]   alloc irq_desc for 48 on node -1
[    1.624046]   alloc kstat_irqs on node -1
[    1.624092] pcieport 0000:00:18.0: irq 48 for MSI/MSI-X
[    1.624137] pcieport 0000:00:18.0: setting latency timer to 64
[    1.624182]   alloc irq_desc for 49 on node -1
[    1.624184]   alloc kstat_irqs on node -1
[    1.624230] pcieport 0000:00:18.1: irq 49 for MSI/MSI-X
[    1.624275] pcieport 0000:00:18.1: setting latency timer to 64
[    1.624320]   alloc irq_desc for 50 on node -1
[    1.624322]   alloc kstat_irqs on node -1
[    1.624368] pcieport 0000:00:18.2: irq 50 for MSI/MSI-X
[    1.624413] pcieport 0000:00:18.2: setting latency timer to 64
[    1.624458]   alloc irq_desc for 51 on node -1
[    1.624460]   alloc kstat_irqs on node -1
[    1.624506] pcieport 0000:00:18.3: irq 51 for MSI/MSI-X
[    1.624551] pcieport 0000:00:18.3: setting latency timer to 64
[    1.624597]   alloc irq_desc for 52 on node -1
[    1.624598]   alloc kstat_irqs on node -1
[    1.624644] pcieport 0000:00:18.4: irq 52 for MSI/MSI-X
[    1.624689] pcieport 0000:00:18.4: setting latency timer to 64
[    1.624735]   alloc irq_desc for 53 on node -1
[    1.624736]   alloc kstat_irqs on node -1
[    1.624782] pcieport 0000:00:18.5: irq 53 for MSI/MSI-X
[    1.624827] pcieport 0000:00:18.5: setting latency timer to 64
[    1.624873]   alloc irq_desc for 54 on node -1
[    1.624874]   alloc kstat_irqs on node -1
[    1.624920] pcieport 0000:00:18.6: irq 54 for MSI/MSI-X
[    1.624965] pcieport 0000:00:18.6: setting latency timer to 64
[    1.625011]   alloc irq_desc for 55 on node -1
[    1.625013]   alloc kstat_irqs on node -1
[    1.625058] pcieport 0000:00:18.7: irq 55 for MSI/MSI-X
[    1.625103] pcieport 0000:00:18.7: setting latency timer to 64
[    1.625149] pci_hotplug: PCI Hot Plug PCI Core version: 0.5
[    1.626376] pciehp 0000:00:15.0:pcie04: HPC vendor_id 15ad device_id 7a0 ss_vid 0 ss_did 0
[    1.626422] pciehp 0000:00:15.0:pcie04: service driver pciehp loaded
[    1.626467] pciehp 0000:00:15.1:pcie04: HPC vendor_id 15ad device_id 7a0 ss_vid 0 ss_did 0
[    1.626512] pciehp 0000:00:15.1:pcie04: service driver pciehp loaded
[    1.626558] pciehp 0000:00:15.2:pcie04: HPC vendor_id 15ad device_id 7a0 ss_vid 0 ss_did 0
[    1.626603] pciehp 0000:00:15.2:pcie04: service driver pciehp loaded
[    1.626649] pciehp 0000:00:15.3:pcie04: HPC vendor_id 15ad device_id 7a0 ss_vid 0 ss_did 0
[    1.626694] pciehp 0000:00:15.3:pcie04: service driver pciehp loaded
[    1.626740] pciehp 0000:00:15.4:pcie04: HPC vendor_id 15ad device_id 7a0 ss_vid 0 ss_did 0
[    1.626785] pciehp 0000:00:15.4:pcie04: service driver pciehp loaded
[    1.626830] pciehp 0000:00:15.5:pcie04: HPC vendor_id 15ad device_id 7a0 ss_vid 0 ss_did 0
[    1.626876] pciehp 0000:00:15.5:pcie04: service driver pciehp loaded
[    1.626921] pciehp 0000:00:15.6:pcie04: HPC vendor_id 15ad device_id 7a0 ss_vid 0 ss_did 0
[    1.626967] pciehp 0000:00:15.6:pcie04: service driver pciehp loaded
[    1.627012] pciehp 0000:00:15.7:pcie04: HPC vendor_id 15ad device_id 7a0 ss_vid 0 ss_did 0
[    1.627058] pciehp 0000:00:15.7:pcie04: service driver pciehp loaded
[    1.627103] pciehp 0000:00:16.0:pcie04: HPC vendor_id 15ad device_id 7a0 ss_vid 0 ss_did 0
[    1.627148] pciehp 0000:00:16.0:pcie04: service driver pciehp loaded
[    1.627194] pciehp 0000:00:16.1:pcie04: HPC vendor_id 15ad device_id 7a0 ss_vid 0 ss_did 0
[    1.627239] pciehp 0000:00:16.1:pcie04: service driver pciehp loaded
[    1.627285] pciehp 0000:00:16.2:pcie04: HPC vendor_id 15ad device_id 7a0 ss_vid 0 ss_did 0
[    1.627330] pciehp 0000:00:16.2:pcie04: service driver pciehp loaded
[    1.627375] pciehp 0000:00:16.3:pcie04: HPC vendor_id 15ad device_id 7a0 ss_vid 0 ss_did 0
[    1.627421] pciehp 0000:00:16.3:pcie04: service driver pciehp loaded
[    1.627466] pciehp 0000:00:16.4:pcie04: HPC vendor_id 15ad device_id 7a0 ss_vid 0 ss_did 0
[    1.627512] pciehp 0000:00:16.4:pcie04: service driver pciehp loaded
[    1.627557] pciehp 0000:00:16.5:pcie04: HPC vendor_id 15ad device_id 7a0 ss_vid 0 ss_did 0
[    1.627603] pciehp 0000:00:16.5:pcie04: service driver pciehp loaded
[    1.627648] pciehp 0000:00:16.6:pcie04: HPC vendor_id 15ad device_id 7a0 ss_vid 0 ss_did 0
[    1.627693] pciehp 0000:00:16.6:pcie04: service driver pciehp loaded
[    1.627739] pciehp 0000:00:16.7:pcie04: HPC vendor_id 15ad device_id 7a0 ss_vid 0 ss_did 0
[    1.627784] pciehp 0000:00:16.7:pcie04: service driver pciehp loaded
[    1.627830] pciehp 0000:00:17.0:pcie04: HPC vendor_id 15ad device_id 7a0 ss_vid 0 ss_did 0
[    1.627875] pciehp 0000:00:17.0:pcie04: service driver pciehp loaded
[    1.627921] pciehp 0000:00:17.1:pcie04: HPC vendor_id 15ad device_id 7a0 ss_vid 0 ss_did 0
[    1.627966] pciehp 0000:00:17.1:pcie04: service driver pciehp loaded
[    1.628011] pciehp 0000:00:17.2:pcie04: HPC vendor_id 15ad device_id 7a0 ss_vid 0 ss_did 0
[    1.628057] pciehp 0000:00:17.2:pcie04: service driver pciehp loaded
[    1.628102] pciehp 0000:00:17.3:pcie04: HPC vendor_id 15ad device_id 7a0 ss_vid 0 ss_did 0
[    1.628148] pciehp 0000:00:17.3:pcie04: service driver pciehp loaded
[    1.628193] pciehp 0000:00:17.4:pcie04: HPC vendor_id 15ad device_id 7a0 ss_vid 0 ss_did 0
[    1.628238] pciehp 0000:00:17.4:pcie04: service driver pciehp loaded
[    1.628284] pciehp 0000:00:17.5:pcie04: HPC vendor_id 15ad device_id 7a0 ss_vid 0 ss_did 0
[    1.628329] pciehp 0000:00:17.5:pcie04: service driver pciehp loaded
[    1.628375] pciehp 0000:00:17.6:pcie04: HPC vendor_id 15ad device_id 7a0 ss_vid 0 ss_did 0
[    1.628420] pciehp 0000:00:17.6:pcie04: service driver pciehp loaded
[    1.628466] pciehp 0000:00:17.7:pcie04: HPC vendor_id 15ad device_id 7a0 ss_vid 0 ss_did 0
[    1.628511] pciehp 0000:00:17.7:pcie04: service driver pciehp loaded
[    1.628556] pciehp 0000:00:18.0:pcie04: HPC vendor_id 15ad device_id 7a0 ss_vid 0 ss_did 0
[    1.628602] pciehp 0000:00:18.0:pcie04: service driver pciehp loaded
[    1.628647] pciehp 0000:00:18.1:pcie04: HPC vendor_id 15ad device_id 7a0 ss_vid 0 ss_did 0
[    1.628693] pciehp 0000:00:18.1:pcie04: service driver pciehp loaded
[    1.628738] pciehp 0000:00:18.2:pcie04: HPC vendor_id 15ad device_id 7a0 ss_vid 0 ss_did 0
[    1.628784] pciehp 0000:00:18.2:pcie04: service driver pciehp loaded
[    1.628829] pciehp 0000:00:18.3:pcie04: HPC vendor_id 15ad device_id 7a0 ss_vid 0 ss_did 0
[    1.628874] pciehp 0000:00:18.3:pcie04: service driver pciehp loaded
[    1.628920] pciehp 0000:00:18.4:pcie04: HPC vendor_id 15ad device_id 7a0 ss_vid 0 ss_did 0
[    1.628965] pciehp 0000:00:18.4:pcie04: service driver pciehp loaded
[    1.629011] pciehp 0000:00:18.5:pcie04: HPC vendor_id 15ad device_id 7a0 ss_vid 0 ss_did 0
[    1.629056] pciehp 0000:00:18.5:pcie04: service driver pciehp loaded
[    1.629101] pciehp 0000:00:18.6:pcie04: HPC vendor_id 15ad device_id 7a0 ss_vid 0 ss_did 0
[    1.629147] pciehp 0000:00:18.6:pcie04: service driver pciehp loaded
[    1.629192] pciehp 0000:00:18.7:pcie04: HPC vendor_id 15ad device_id 7a0 ss_vid 0 ss_did 0
[    1.629238] pciehp 0000:00:18.7:pcie04: service driver pciehp loaded
[    1.629245] pciehp: PCI Express Hot Plug Controller Driver version: 0.4
[    1.629294] ACPI: AC Adapter [ACAD] (on-line)
[    1.629348] input: Power Button as /devices/LNXSYSTM:00/LNXPWRBN:00/input/input0
[    1.629350] ACPI: Power Button [PWRF]
[    1.629396] processor LNXCPU:00: registered as cooling_device0
[    1.670272] isapnp: Scanning for PnP cards...
[    2.023958] isapnp: No Plug & Play device found
[    2.023988] random 0000 0000 0000 5f8db4e5 4cfdf2a8: initializing
[    2.024115] Linux agpgart interface v0.103
[    2.024155] agpgart-intel 0000:00:00.0: Intel 440BX Chipset
[    2.024208] agpgart-intel 0000:00:00.0: AGP aperture is 256M @ 0x0
[    2.024239] Serial: 8250/16550 driver, 32 ports, IRQ sharing enabled
[    2.024292] serial8250: ttyS0 at I/O 0x3f8 (irq = 4) is a 16550A
[    2.024345] serial8250: ttyS1 at I/O 0x2f8 (irq = 3) is a 16550A
[    2.024398] 00:0a: ttyS0 at I/O 0x3f8 (irq = 4) is a 16550A
[    2.024451] 00:0b: ttyS1 at I/O 0x2f8 (irq = 3) is a 16550A
[    2.024504] brd: module loaded
[    2.024557] loop: module loaded
[    2.024610] ata_piix 0000:00:07.1: version 2.13
[    2.024695] scsi0 : ata_piix
[    2.024744] scsi1 : ata_piix
[    2.024765] ata1: PATA max UDMA/33 cmd 0x1f0 ctl 0x3f6 bmdma 0x10c0 irq 14
[    2.024767] ata2: PATA max UDMA/33 cmd 0x170 ctl 0x376 bmdma 0x10c8 irq 15
[    2.024818] PPP generic driver version 2.4.2
[    2.024839] tun: Universal TUN/TAP device driver, 1.6
[    2.024841] tun: (C) 1999-2004 Max Krasnyansky <maxk@qualcomm.com>
[    2.024894] ehci_hcd: USB 2.0 'Enhanced' Host Controller (EHCI) Driver
[    2.024947] ACPI: PCI Interrupt Link [LNKB] enabled at IRQ 11
[    2.024950] PCI: setting IRQ 11 as level-triggered
[    2.024957] ehci_hcd 0000:02:03.0: PCI INT A -> Link[LNKB] -> GSI 11 (level, low) -> IRQ 11
[    2.025010] ehci_hcd 0000:02:03.0: EHCI Host Controller
[    2.025033] ehci_hcd 0000:02:03.0: new USB bus registered, assigned bus number 1
[    2.025086] ehci_hcd 0000:02:03.0: cache line size of 32 is not supported
[    2.025093] ehci_hcd 0000:02:03.0: irq 11, io mem 0xc9000000
[    2.025407] random 0000 0000 0000 00000000 00000000: rand_read_num 3 get_random_bytes(8): sig 00000000 00000000 00000000
[    2.025410] random 0000 0000 0000 00000000 00000000: extract_entropy(.. 8 ..)
[    2.025413] random 0000 0000 0000 00000000 00000000: going to reseed nonblocking with 64 bits (64 of 0 requested)
[    2.025415] random 0000 0000 0000 00000000 00000000: extract_entropy(.. 8 ..)
[    2.025417] random 0000 0000 0000 00000000 00000000: trying to extract 64 bits from input
[    2.025420] random 0000 0000 0000 00000000 00000000: debiting 0 entropy credits from input
[    2.025422] random 0000 0000 0000 00000000 00000000: extract_entropy account returned: 0 
[    2.025425] random 0000 0000 0000 00000000 00000000: urand_change_num 5 xfer_secondary_pool(8): pool_sig 00000000, data_sig 00000000, bytes_mixed 0 00000000 00000000
[    2.025428] random 0000 0000 0000 00000000 00000000: trying to extract 64 bits from nonblocking
[    2.025430] random 0000 0000 0000 00000000 00000000: debiting 64 entropy credits from nonblocking (unlimited)
[    2.025432] random 0000 0000 0000 00000000 00000000: extract_entropy account returned: 8 
[    2.025436] random 0000 0000 0000 00000000 00000000: urand_change_num 6 extract_buf: pool_sig 00000000, data_sig fffffff9, bytes_mixed 20 00000000 00000000
[    2.033710] ehci_hcd 0000:02:03.0: USB 2.0 started, EHCI 1.00
[    2.033763] usb usb1: configuration #1 chosen from 1 choice
[    2.033811] hub 1-0:1.0: USB hub found
[    2.033816] hub 1-0:1.0: 6 ports detected
[    2.033852] ohci_hcd: USB 1.1 'Open' Host Controller (OHCI) Driver
[    2.033862] uhci_hcd: USB Universal Host Controller Interface driver
[    2.033915] ACPI: PCI Interrupt Link [LNKC] enabled at IRQ 10
[    2.033918] PCI: setting IRQ 10 as level-triggered
[    2.033922] uhci_hcd 0000:02:00.0: PCI INT A -> Link[LNKC] -> GSI 10 (level, low) -> IRQ 10
[    2.033956] uhci_hcd 0000:02:00.0: UHCI Host Controller
[    2.033984] uhci_hcd 0000:02:00.0: new USB bus registered, assigned bus number 2
[    2.034088] uhci_hcd 0000:02:00.0: irq 10, io base 0x000020c0
[    2.034141] usb usb2: configuration #1 chosen from 1 choice
[    2.034156] hub 2-0:1.0: USB hub found
[    2.034161] hub 2-0:1.0: 2 ports detected
[    2.034214] usbcore: registered new interface driver libusual
[    2.034253] PNP: PS/2 Controller [PNP0303:KBC,PNP0f13:MOUS] at 0x60,0x64 irq 1,12
[    2.034588] serio: i8042 KBD port at 0x60,0x64 irq 1
[    2.034595] serio: i8042 AUX port at 0x60,0x64 irq 12
[    2.034629] mice: PS/2 mouse device common for all mice
[    2.034682] rtc_cmos 00:04: rtc core: registered rtc_cmos as rtc0
[    2.034698] rtc0: alarms up to one month, y3k, 114 bytes nvram, hpet irqs
[    2.034751] device-mapper: uevent: version 1.0.3
[    2.034866] device-mapper: ioctl: 4.15.0-ioctl (2009-04-01) initialised: dm-devel@redhat.com
[    2.034883] EISA: Probing bus 0 at eisa.0
[    2.034891] Cannot allocate resource for EISA slot 1
[    2.034893] Cannot allocate resource for EISA slot 2
[    2.034894] Cannot allocate resource for EISA slot 3
[    2.034896] Cannot allocate resource for EISA slot 4
[    2.034898] Cannot allocate resource for EISA slot 5
[    2.034900] Cannot allocate resource for EISA slot 6
[    2.034902] Cannot allocate resource for EISA slot 7
[    2.034904] Cannot allocate resource for EISA slot 8
[    2.034905] EISA: Detected 0 cards.
[    2.035020] cpuidle: using governor ladder
[    2.035022] cpuidle: using governor menu
[    2.035075] random 0000 0000 0000 00000000 00000000: rand_read_num 4 get_random_bytes(136): sig 0000021d 00000000 00000000
[    2.035078] random 0000 0000 0000 00000000 00000000: extract_entropy(.. 136 ..)
[    2.035081] random 0000 0000 0000 00000000 00000000: going to reseed nonblocking with 1024 bits (1088 of 0 requested)
[    2.035083] random 0000 0000 0000 00000000 00000000: extract_entropy(.. 128 ..)
[    2.035085] random 0000 0000 0000 00000000 00000000: trying to extract 1024 bits from input
[    2.035087] random 0000 0000 0000 00000000 00000000: debiting 0 entropy credits from input
[    2.035089] random 0000 0000 0000 00000000 00000000: extract_entropy account returned: 0 
[    2.035092] random 0000 0000 0000 00000000 00000000: urand_change_num 7 xfer_secondary_pool(136): pool_sig 0000021d, data_sig 00000000, bytes_mixed 0 00000000 00000000
[    2.035095] random 0000 0000 0000 00000000 00000000: trying to extract 1088 bits from nonblocking
[    2.035098] random 0000 0000 0000 00000000 00000000: debiting 1088 entropy credits from nonblocking (unlimited)
[    2.035100] random 0000 0000 0000 00000000 00000000: extract_entropy account returned: 136 
[    2.035103] random 0000 0000 0000 00000000 00000000: urand_change_num 8 extract_buf: pool_sig 0000021d, data_sig fffffff7, bytes_mixed 20 00000000 00000000
[    2.035108] random 0000 0000 0000 f961ee50 ba9cb1aa: urand_change_num 9 extract_buf: pool_sig 00000230, data_sig fffffeb4, bytes_mixed 20 f961ee50 ba9cb1aa
[    2.035113] random 0000 0000 0000 9748bdd6 56fb8af6: urand_change_num 10 extract_buf: pool_sig 00000373, data_sig 000000cf, bytes_mixed 20 9748bdd6 56fb8af6
[    2.035117] random 0000 0000 0000 9748bdd6 56fb8af6: urand_change_num 11 extract_buf: pool_sig fffffe49, data_sig 0000023f, bytes_mixed 20 9748bdd6 56fb8af6
[    2.035122] random 0000 0000 0000 a135be86 4777650e: urand_change_num 12 extract_buf: pool_sig fffffcce, data_sig 000000c6, bytes_mixed 20 a135be86 4777650e
[    2.035126] random 0000 0000 0000 4a6ea85d 170e00dd: urand_change_num 13 extract_buf: pool_sig ffffff97, data_sig ffffff7d, bytes_mixed 20 4a6ea85d 170e00dd
[    2.035131] random 0000 0000 0000 4a6ea85d 170e00dd: urand_change_num 14 extract_buf: pool_sig 00000160, data_sig fffffeea, bytes_mixed 20 4a6ea85d 170e00dd
[    2.035135] random 0000 0000 0000 6e87c3cb da668c73: urand_change_num 15 extract_buf: pool_sig 0000034f, data_sig ffffff54, bytes_mixed 20 6e87c3cb da668c73
[    2.035139] random 0000 0000 0000 6e87c3cb da668c73: urand_change_num 16 extract_buf: pool_sig fffffdc5, data_sig 00000205, bytes_mixed 20 6e87c3cb da668c73
[    2.035144] random 0000 0000 0000 39f531e6 461eb249: urand_change_num 17 extract_buf: pool_sig fffffc1d, data_sig ffffff5e, bytes_mixed 20 39f531e6 461eb249
[    2.035148] random 0000 0000 0000 7e1538a2 3e661182: urand_change_num 18 extract_buf: pool_sig 000006ef, data_sig ffffff2e, bytes_mixed 20 7e1538a2 3e661182
[    2.035153] random 0000 0000 0000 7e1538a2 3e661182: urand_change_num 19 extract_buf: pool_sig 00000317, data_sig fffffccb, bytes_mixed 20 7e1538a2 3e661182
[    2.035157] random 0000 0000 0000 76af506b 9b57305e: urand_change_num 20 extract_buf: pool_sig 00000227, data_sig ffffffd2, bytes_mixed 20 76af506b 9b57305e
[    2.035162] random 0000 0000 0000 37d49d89 e20417cc: urand_change_num 21 extract_buf: pool_sig 0000080b, data_sig 000001e9, bytes_mixed 20 37d49d89 e20417cc
[    2.035166] TCP cubic registered
[    2.035219] NET: Registered protocol family 10
[    2.035253] RANDOM - __random32 called. Change num 12.  Value: 8f3eba68	c1db9b96	544fe79f
[    2.035255] RANDOM - random32 called.  Value: 8f3eba68	c1db9b96	544fe79f
[    2.035264] random 0000 0000 0000 37d49d89 e20417cc: rand_read_num 5 get_random_bytes(4): sig 00000298 37d49d89 e20417cc
[    2.035266] random 0000 0000 0000 37d49d89 e20417cc: extract_entropy(.. 4 ..)
[    2.035269] random 0000 0000 0000 37d49d89 e20417cc: going to reseed nonblocking with 64 bits (32 of 0 requested)
[    2.035271] random 0000 0000 0000 37d49d89 e20417cc: extract_entropy(.. 8 ..)
[    2.035273] random 0000 0000 0000 37d49d89 e20417cc: trying to extract 64 bits from input
[    2.035275] random 0000 0000 0000 37d49d89 e20417cc: debiting 0 entropy credits from input
[    2.035277] random 0000 0000 0000 37d49d89 e20417cc: extract_entropy account returned: 0 
[    2.035280] random 0000 0000 0000 37d49d89 e20417cc: urand_change_num 22 xfer_secondary_pool(4): pool_sig 00000298, data_sig 00000000, bytes_mixed 0 37d49d89 e20417cc
[    2.035283] random 0000 0000 0000 37d49d89 e20417cc: trying to extract 32 bits from nonblocking
[    2.035285] random 0000 0000 0000 37d49d89 e20417cc: debiting 32 entropy credits from nonblocking (unlimited)
[    2.035288] random 0000 0000 0000 37d49d89 e20417cc: extract_entropy account returned: 4 
[    2.035291] random 0000 0000 0000 37d49d89 e20417cc: urand_change_num 23 extract_buf: pool_sig 00000298, data_sig 00000092, bytes_mixed 20 37d49d89 e20417cc
[    2.035344] RANDOM - __random32 called. Change num 13.  Value: eba68b0e	1db9b963	cf3ec61b
[    2.035346] RANDOM - random32 called.  Value: eba68b0e	1db9b963	cf3ec61b
[    2.035399] NET: Registered protocol family 17
[    2.035420] Using IPI No-Shortcut mode
[    2.035425] random 0000 0000 0000 2ee4c4fc 167bdb15: rand_read_num 6 get_random_bytes(8): sig fffffcbf 2ee4c4fc 167bdb15
[    2.035427] random 0000 0000 0000 2ee4c4fc 167bdb15: extract_entropy(.. 8 ..)
[    2.035430] random 0000 0000 0000 2ee4c4fc 167bdb15: going to reseed nonblocking with 64 bits (64 of 0 requested)
[    2.035432] random 0000 0000 0000 2ee4c4fc 167bdb15: extract_entropy(.. 8 ..)
[    2.035434] random 0000 0000 0000 2ee4c4fc 167bdb15: trying to extract 64 bits from input
[    2.035436] random 0000 0000 0000 2ee4c4fc 167bdb15: debiting 0 entropy credits from input
[    2.035438] random 0000 0000 0000 2ee4c4fc 167bdb15: extract_entropy account returned: 0 
[    2.035441] random 0000 0000 0000 2ee4c4fc 167bdb15: urand_change_num 24 xfer_secondary_pool(8): pool_sig fffffcbf, data_sig 00000000, bytes_mixed 0 2ee4c4fc 167bdb15
[    2.035444] random 0000 0000 0000 2ee4c4fc 167bdb15: trying to extract 64 bits from nonblocking
[    2.035447] random 0000 0000 0000 2ee4c4fc 167bdb15: debiting 64 entropy credits from nonblocking (unlimited)
[    2.035449] random 0000 0000 0000 2ee4c4fc 167bdb15: extract_entropy account returned: 8 
[    2.035452] random 0000 0000 0000 2ee4c4fc 167bdb15: urand_change_num 25 extract_buf: pool_sig fffffcbf, data_sig ffffff83, bytes_mixed 20 2ee4c4fc 167bdb15
[    2.035493] PM: Resume from disk failed.
[    2.035500] registered taskstats version 1
[    2.035503] random 0000 0000 0000 2ee4c4fc 167bdb15: rand_read_num 7 get_random_bytes(12): sig fffffc69 2ee4c4fc 167bdb15
[    2.035506] random 0000 0000 0000 2ee4c4fc 167bdb15: extract_entropy(.. 12 ..)
[    2.035508] random 0000 0000 0000 2ee4c4fc 167bdb15: going to reseed nonblocking with 96 bits (96 of 0 requested)
[    2.035510] random 0000 0000 0000 2ee4c4fc 167bdb15: extract_entropy(.. 12 ..)
[    2.035512] random 0000 0000 0000 2ee4c4fc 167bdb15: trying to extract 96 bits from input
[    2.035515] random 0000 0000 0000 2ee4c4fc 167bdb15: debiting 0 entropy credits from input
[    2.035517] random 0000 0000 0000 2ee4c4fc 167bdb15: extract_entropy account returned: 0 
[    2.035520] random 0000 0000 0000 2ee4c4fc 167bdb15: urand_change_num 26 xfer_secondary_pool(12): pool_sig fffffc69, data_sig 00000000, bytes_mixed 0 2ee4c4fc 167bdb15
[    2.035522] random 0000 0000 0000 2ee4c4fc 167bdb15: trying to extract 96 bits from nonblocking
[    2.035525] random 0000 0000 0000 2ee4c4fc 167bdb15: debiting 96 entropy credits from nonblocking (unlimited)
[    2.035527] random 0000 0000 0000 2ee4c4fc 167bdb15: extract_entropy account returned: 12 
[    2.035530] random 0000 0000 0000 2ee4c4fc 167bdb15: urand_change_num 27 extract_buf: pool_sig fffffc69, data_sig ffffff7d, bytes_mixed 20 2ee4c4fc 167bdb15
[    2.035535] random 0000 0000 0000 83b7c1ab 94697f48: urand_change_num 28 extract_buf: pool_sig fffffe30, data_sig fffffdd6, bytes_mixed 20 83b7c1ab 94697f48
[    2.035537] RANDOM - __seed init called.
[    2.035539] RANDOM - __seed init called.
[    2.035540] RANDOM - __seed init called.
[    2.035542] RANDOM - __random32 called. Change num 14.  Value: fc007995	feca4f80	21b38ad2
[    2.035544] RANDOM - random32_reseed called.  Value: fc007995	feca4f80	21b38ad2
[    2.035546] Pid: 1, comm: swapper Not tainted 2.6.32.57 #4
[    2.035548] Call Trace:
[    2.035554]  [<c14a8a0e>] ? printk+0x1d/0x1f
[    2.035579]  [<c17537e5>] random32_reseed+0x89/0xbd
[    2.035605]  [<c1003042>] do_one_initcall+0x32/0x1a0
[    2.035608]  [<c175375c>] ? random32_reseed+0x0/0xbd
[    2.035611]  [<c17308e7>] kernel_init+0x12d/0x17a
[    2.035614]  [<c17307ba>] ? kernel_init+0x0/0x17a
[    2.035617]  [<c1009b07>] kernel_thread_helper+0x7/0x10
[    2.038281] input: AT Translated Set 2 keyboard as /devices/platform/i8042/serio0/input/input1
[    2.038562] random 0000 0000 0000 6db70b00 b30ce96b: rand_read_num 8 get_random_bytes(64): sig fffffb38 6db70b00 b30ce96b
[    2.038565] random 0000 0000 0000 6db70b00 b30ce96b: extract_entropy(.. 64 ..)
[    2.038568] random 0000 0000 0000 6db70b00 b30ce96b: going to reseed nonblocking with 512 bits (512 of 0 requested)
[    2.038570] random 0000 0000 0000 6db70b00 b30ce96b: extract_entropy(.. 64 ..)
[    2.038573] random 0000 0000 0000 6db70b00 b30ce96b: trying to extract 512 bits from input
[    2.038575] random 0000 0000 0000 6db70b00 b30ce96b: debiting 0 entropy credits from input
[    2.038577] random 0000 0000 0000 6db70b00 b30ce96b: extract_entropy account returned: 0 
[    2.038580] random 0000 0000 0000 6db70b00 b30ce96b: urand_change_num 29 xfer_secondary_pool(64): pool_sig fffffb38, data_sig 00000000, bytes_mixed 0 6db70b00 b30ce96b
[    2.038583] random 0000 0000 0000 6db70b00 b30ce96b: trying to extract 512 bits from nonblocking
[    2.038586] random 0000 0000 0000 6db70b00 b30ce96b: debiting 512 entropy credits from nonblocking (unlimited)
[    2.038588] random 0000 0000 0000 6db70b00 b30ce96b: extract_entropy account returned: 64 
[    2.038592] random 0000 0000 0000 6db70b00 b30ce96b: urand_change_num 30 extract_buf: pool_sig fffffb38, data_sig 00000151, bytes_mixed 20 6db70b00 b30ce96b
[    2.038596] random 0000 0000 0000 6db70b00 b30ce96b: urand_change_num 31 extract_buf: pool_sig fffffdb8, data_sig 00000379, bytes_mixed 20 6db70b00 b30ce96b
[    2.038609] random 0000 0000 0000 6b83001e d4b6c0d3: urand_change_num 32 extract_buf: pool_sig ffffffc9, data_sig 00000198, bytes_mixed 20 6b83001e d4b6c0d3
[    2.038614] random 0000 0000 0000 79d3e3c7 be564518: urand_change_num 33 extract_buf: pool_sig 000002b9, data_sig ffffff84, bytes_mixed 20 79d3e3c7 be564518
[    2.038618] random 0000 0000 0000 79d3e3c7 be564518: urand_change_num 34 extract_buf: pool_sig ffffff55, data_sig ffffff5a, bytes_mixed 20 79d3e3c7 be564518
[    2.038622] random 0000 0000 0000 89c03cb2 0d353228: urand_change_num 35 extract_buf: pool_sig 00000007, data_sig ffffff17, bytes_mixed 20 89c03cb2 0d353228
[    2.038626] random 0000 0000 0000 89c03cb2 0d353228: urand_change_num 36 extract_buf: pool_sig fffffdae, data_sig 000000db, bytes_mixed 20 89c03cb2 0d353228  Magic number: 13:680:1010
[    2.038719] rtc_cmos 00:04: setting system clock to 2013-05-24 23:59:03 UTC (1369439943)
[    2.038722] BIOS EDD facility v0.16 2004-Jun-25, 0 devices found
[    2.038723] EDD information not available.
[    2.038746] random 0000 0000 0000 8ca62387 b120332c: rand_read_num 9 get_random_bytes(64): sig fffffed6 8ca62387 b120332c
[    2.038748] random 0000 0000 0000 8ca62387 b120332c: extract_entropy(.. 64 ..)
[    2.038751] random 0000 0000 0000 8ca62387 b120332c: going to reseed nonblocking with 512 bits (512 of 0 requested)
[    2.038753] random 0000 0000 0000 8ca62387 b120332c: extract_entropy(.. 64 ..)
[    2.038755] random 0000 0000 0000 8ca62387 b120332c: trying to extract 512 bits from input
[    2.038757] random 0000 0000 0000 8ca62387 b120332c: debiting 0 entropy credits from input
[    2.038759] random 0000 0000 0000 8ca62387 b120332c: extract_entropy account returned: 0 
[    2.038762] random 0000 0000 0000 8ca62387 b120332c: urand_change_num 37 xfer_secondary_pool(64): pool_sig fffffed6, data_sig 00000000, bytes_mixed 0 8ca62387 b120332c
[    2.038764] random 0000 0000 0000 8ca62387 b120332c: trying to extract 512 bits from nonblocking
[    2.038766] random 0000 0000 0000 8ca62387 b120332c: debiting 512 entropy credits from nonblocking (unlimited)
[    2.038769] random 0000 0000 0000 8ca62387 b120332c: extract_entropy account returned: 64 
[    2.038772] random 0000 0000 0000 8ca62387 b120332c: urand_change_num 38 extract_buf: pool_sig fffffed6, data_sig fffffeb6, bytes_mixed 20 8ca62387 b120332c
[    2.038776] random 0000 0000 0000 90702413 e2a66c2e: urand_change_num 39 extract_buf: pool_sig fffffbb0, data_sig 0000012e, bytes_mixed 20 90702413 e2a66c2e
[    2.038780] random 0000 0000 0000 90702413 e2a66c2e: urand_change_num 40 extract_buf: pool_sig fffffaf1, data_sig ffffff3c, bytes_mixed 20 90702413 e2a66c2e
[    2.038784] random 0000 0000 0000 3f58038b c77aecb6: urand_change_num 41 extract_buf: pool_sig 00000234, data_sig fffffdec, bytes_mixed 20 3f58038b c77aecb6
[    2.038788] random 0000 0000 0000 47187b9d 03f21510: urand_change_num 42 extract_buf: pool_sig 00000192, data_sig 00000075, bytes_mixed 20 47187b9d 03f21510
[    2.038792] random 0000 0000 0000 47187b9d 03f21510: urand_change_num 43 extract_buf: pool_sig 0000018e, data_sig ffffffbf, bytes_mixed 20 47187b9d 03f21510
[    2.038797] random 0000 0000 0000 3180b1fc 0fa9c973: urand_change_num 44 extract_buf: pool_sig fffffecf, data_sig ffffff2a, bytes_mixed 20 3180b1fc 0fa9c973
[    2.038799] BEGIN NET_SECRET:
[    2.038800] \xffffff87
[    2.038802] \xffffff8d
[    2.038803] \xfffffff4
[    2.038804] \xffffffae
[    2.038805] \xffffffc3
[    2.038806] \xffffffb7
[    2.038807] \x31
[    2.038808] \x65
[    2.038809] \xffffffda
[    2.038810] \xffffffa2
[    2.038811] \x31
[    2.038812] \xffffffc8
[    2.038813] \xffffffa9
[    2.038815] \x76
[    2.038816] \x76
[    2.038817] \xffffff90
[    2.038818] \x55
[    2.038819] \xfffffff3
[    2.038820] \xffffffb1
[    2.038821] \x3
[    2.038822] \xffffffb3
[    2.038823] \xffffffa7
[    2.038824] \x5a
[    2.038825] \x71
[    2.038826] \x70
[    2.038827] \xffffff8c
[    2.038828] \x56
[    2.038829] \x25
[    2.038831] \xffffffe1
[    2.038832] \x4c
[    2.038833] \xffffffe6
[    2.038834] \xffffff95
[    2.038835] \x67
[    2.038836] \x4c
[    2.038837] \xffffffb9
[    2.038838] \x1d
[    2.038839] \xe
[    2.038840] \x34
[    2.038841] \xffffffbe
[    2.038842] \x12
[    2.038843] \x5
[    2.038844] \xffffff98
[    2.038845] \xffffffa0
[    2.038846] \xf
[    2.038848] \xffffffb2
[    2.038849] \xffffffde
[    2.038850] \xffffff99
[    2.038851] \xf
[    2.038852] \xffffffe8
[    2.038853] \xffffffc8
[    2.038854] \x1f
[    2.038855] \x54
[    2.038856] \x2c
[    2.038857] \xffffffee
[    2.038858] \x2e
[    2.038859] \x0
[    2.038860] \xffffff95
[    2.038861] \x0
[    2.038862] \xffffffe3
[    2.038864] \xffffffa7
[    2.038865] \xfffffffd
[    2.038866] \x66
[    2.038867] \xffffff92
[    2.038868] \xfffffff0
[    2.038869] 
[    2.038870] END NET_SECRET
[    2.038872] random 0000 0000 0000 3180b1fc 0fa9c973: rand_read_num 10 get_random_bytes(4): sig ffffff46 3180b1fc 0fa9c973
[    2.038875] random 0000 0000 0000 3180b1fc 0fa9c973: extract_entropy(.. 4 ..)
[    2.038877] random 0000 0000 0000 3180b1fc 0fa9c973: going to reseed nonblocking with 64 bits (32 of 0 requested)
[    2.038879] random 0000 0000 0000 3180b1fc 0fa9c973: extract_entropy(.. 8 ..)
[    2.038881] random 0000 0000 0000 3180b1fc 0fa9c973: trying to extract 64 bits from input
[    2.038883] random 0000 0000 0000 3180b1fc 0fa9c973: debiting 0 entropy credits from input
[    2.038885] random 0000 0000 0000 3180b1fc 0fa9c973: extract_entropy account returned: 0 
[    2.038888] random 0000 0000 0000 3180b1fc 0fa9c973: urand_change_num 45 xfer_secondary_pool(4): pool_sig ffffff46, data_sig 00000000, bytes_mixed 0 3180b1fc 0fa9c973
[    2.038890] random 0000 0000 0000 3180b1fc 0fa9c973: trying to extract 32 bits from nonblocking
[    2.038892] random 0000 0000 0000 3180b1fc 0fa9c973: debiting 32 entropy credits from nonblocking (unlimited)
[    2.038894] random 0000 0000 0000 3180b1fc 0fa9c973: extract_entropy account returned: 4 
[    2.038897] random 0000 0000 0000 3180b1fc 0fa9c973: urand_change_num 46 extract_buf: pool_sig ffffff46, data_sig 0000001b, bytes_mixed 20 3180b1fc 0fa9c973
[    2.213008] ata2.00: ATAPI: VMware Virtual IDE CDROM Drive, 00000001, max UDMA/33
[    2.213290] ata2.00: configured for UDMA/33
[    2.213666] scsi 1:0:0:0: CD-ROM            NECVMWar VMware IDE CDR10 1.00 PQ: 0 ANSI: 5
[    2.214865] sr0: scsi3-mmc drive: 306x/306x cd/rw xa/form2 cdda tray
[    2.214868] Uniform CD-ROM driver Revision: 3.20
[    2.214921] sr 1:0:0:0: Attached scsi CD-ROM sr0
[    2.214956] sr 1:0:0:0: Attached scsi generic sg0 type 5
[    2.214992] Freeing unused kernel memory: 652k freed
[    2.215045] Write protecting the kernel text: 4840k
[    2.215075] Write protecting the kernel read-only data: 1968k
[    2.215164] random 0000 0000 0000 38974d2b 1d8d6de0: rand_read_num 11 get_random_bytes(16): sig 000001c6 38974d2b 1d8d6de0
