[    0.000000] random 0000 0000 0000 00000000 00000000: rand_read_num 1 get_random_bytes(8): sig 00000000 00000000 00000000
[    0.000000] random 0000 0000 0000 00000000 00000000: extract_entropy(.. 8 ..)
[    0.000000] random 0000 0000 0000 00000000 00000000: going to reseed nonblocking with 64 bits (64 of 0 requested)
[    0.000000] random 0000 0000 0000 00000000 00000000: extract_entropy(.. 8 ..)
[    0.000000] random 0000 0000 0000 00000000 00000000: trying to extract 64 bits from input
[    0.000000] random 0000 0000 0000 00000000 00000000: debiting 0 entropy credits from input
[    0.000000] random 0000 0000 0000 00000000 00000000: extract_entropy account returned: 0 
[    0.000000] random 0000 0000 0000 00000000 00000000: urand_change_num 1 xfer_secondary_pool(8): pool_sig 00000000, data_sig 00000000, bytes_mixed 0 00000000 00000000
[    0.000000] random 0000 0000 0000 00000000 00000000: trying to extract 64 bits from nonblocking
[    0.000000] random 0000 0000 0000 00000000 00000000: debiting 64 entropy credits from nonblocking (unlimited)
[    0.000000] random 0000 0000 0000 00000000 00000000: extract_entropy account returned: 8 
[    0.000000] random 0000 0000 0000 00000000 00000000: urand_change_num 2 extract_buf: pool_sig 00000000, data_sig fffffff9, bytes_mixed 20 00000000 00000000
[    0.000000] Initializing cgroup subsys cpuset
[    0.000000] Initializing cgroup subsys cpu
[    0.000000] Linux version 2.6.32.57 (dcashman@ubuntu) (gcc version 4.6.3 (Ubuntu/Linaro 4.6.3-1ubuntu5) ) #4 SMP Fri May 24 11:09:26 PDT 2013
[    0.000000] KERNEL supported cpus:
[    0.000000]   Intel GenuineIntel
[    0.000000]   AMD AuthenticAMD
[    0.000000]   NSC Geode by NSC
[    0.000000]   Cyrix CyrixInstead
[    0.000000]   Centaur CentaurHauls
[    0.000000]   Transmeta GenuineTMx86
[    0.000000]   Transmeta TransmetaCPU
[    0.000000]   UMC UMC UMC UMC
[    0.000000] BIOS-provided physical RAM map:
[    0.000000]  BIOS-e820: 0000000000000000 - 000000000009f000 (usable)
[    0.000000]  BIOS-e820: 000000000009f000 - 00000000000a0000 (reserved)
[    0.000000]  BIOS-e820: 00000000000ca000 - 00000000000cc000 (reserved)
[    0.000000]  BIOS-e820: 00000000000dc000 - 0000000000100000 (reserved)
[    0.000000]  BIOS-e820: 0000000000100000 - 000000003fee0000 (usable)
[    0.000000]  BIOS-e820: 000000003fee0000 - 000000003feff000 (ACPI data)
[    0.000000]  BIOS-e820: 000000003feff000 - 000000003ff00000 (ACPI NVS)
[    0.000000]  BIOS-e820: 000000003ff00000 - 0000000040000000 (usable)
[    0.000000]  BIOS-e820: 00000000e0000000 - 00000000f0000000 (reserved)
[    0.000000]  BIOS-e820: 00000000fec00000 - 00000000fec10000 (reserved)
[    0.000000]  BIOS-e820: 00000000fee00000 - 00000000fee01000 (reserved)
[    0.000000]  BIOS-e820: 00000000fffe0000 - 0000000100000000 (reserved)
[    0.000000] DMI present.
[    0.000000] Phoenix BIOS detected: BIOS may corrupt low RAM, working around it.
[    0.000000] e820 update range: 0000000000000000 - 0000000000010000 (usable) ==> (reserved)
[    0.000000] last_pfn = 0x40000 max_arch_pfn = 0x1000000
[    0.000000] MTRR default type: uncachable
[    0.000000] MTRR fixed ranges enabled:
[    0.000000]   00000-9FFFF write-back
[    0.000000]   A0000-BFFFF uncachable
[    0.000000]   C0000-CBFFF write-protect
[    0.000000]   CC000-EFFFF uncachable
[    0.000000]   F0000-FFFFF write-protect
[    0.000000] MTRR variable ranges enabled:
[    0.000000]   0 base 0000000000 mask FFC0000000 write-back
[    0.000000]   1 disabled
[    0.000000]   2 disabled
[    0.000000]   3 disabled
[    0.000000]   4 disabled
[    0.000000]   5 disabled
[    0.000000]   6 disabled
[    0.000000]   7 disabled
[    0.000000] x86 PAT enabled: cpu 0, old 0x0, new 0x7010600070106
[    0.000000] Scanning 0 areas for low memory corruption
[    0.000000] modified physical RAM map:
[    0.000000]  modified: 0000000000000000 - 0000000000010000 (reserved)
[    0.000000]  modified: 0000000000010000 - 000000000009f000 (usable)
[    0.000000]  modified: 000000000009f000 - 00000000000a0000 (reserved)
[    0.000000]  modified: 00000000000ca000 - 00000000000cc000 (reserved)
[    0.000000]  modified: 00000000000dc000 - 0000000000100000 (reserved)
[    0.000000]  modified: 0000000000100000 - 000000003fee0000 (usable)
[    0.000000]  modified: 000000003fee0000 - 000000003feff000 (ACPI data)
[    0.000000]  modified: 000000003feff000 - 000000003ff00000 (ACPI NVS)
[    0.000000]  modified: 000000003ff00000 - 0000000040000000 (usable)
[    0.000000]  modified: 00000000e0000000 - 00000000f0000000 (reserved)
[    0.000000]  modified: 00000000fec00000 - 00000000fec10000 (reserved)
[    0.000000]  modified: 00000000fee00000 - 00000000fee01000 (reserved)
[    0.000000]  modified: 00000000fffe0000 - 0000000100000000 (reserved)
[    0.000000] initial memory mapped : 0 - 01e00000
[    0.000000] init_memory_mapping: 0000000000000000-00000000379fe000
[    0.000000] NX (Execute Disable) protection: active
[    0.000000]  0000000000 - 0000200000 page 4k
[    0.000000]  0000200000 - 0037800000 page 2M
[    0.000000]  0037800000 - 00379fe000 page 4k
[    0.000000] kernel direct mapping tables up to 379fe000 @ 10000-16000
[    0.000000] RAMDISK: 2dcfc000 - 32e758c3
[    0.000000] ACPI: RSDP 000f6b80 00024 (v02 PTLTD )
[    0.000000] ACPI: XSDT 3feed636 0005C (v01 INTEL  440BX    06040000 VMW  01324272)
[    0.000000] ACPI: FACP 3fefee98 000F4 (v04 INTEL  440BX    06040000 PTL  000F4240)
[    0.000000] ACPI: DSDT 3feee366 10B32 (v01 PTLTD  Custom   06040000 MSFT 03000001)
[    0.000000] ACPI: FACS 3fefffc0 00040
[    0.000000] ACPI: BOOT 3feee33e 00028 (v01 PTLTD  $SBFTBL$ 06040000  LTP 00000001)
[    0.000000] ACPI: APIC 3feedc3e 003C2 (v01 PTLTD  ? APIC   06040000  LTP 00000000)
[    0.000000] ACPI: MCFG 3feedc02 0003C (v01 PTLTD  $PCITBL$ 06040000  LTP 00000001)
[    0.000000] ACPI: SRAT 3feed732 004D0 (v02 VMWARE MEMPLUG  06040000 VMW  00000001)
[    0.000000] ACPI: HPET 3feed6fa 00038 (v01 VMWARE VMW HPET 06040000 VMW  00000001)
[    0.000000] ACPI: WAET 3feed6d2 00028 (v01 VMWARE VMW WAET 06040000 VMW  00000001)
[    0.000000] ACPI: Local APIC address 0xfee00000
[    0.000000] 134MB HIGHMEM available.
[    0.000000] 889MB LOWMEM available.
[    0.000000]   mapped low ram: 0 - 379fe000
[    0.000000]   low ram: 0 - 379fe000
[    0.000000]   node 0 low ram: 00000000 - 379fe000
[    0.000000]   node 0 bootmap 00012000 - 00018f40
[    0.000000] (9 early reservations) ==> bootmem [0000000000 - 00379fe000]
[    0.000000]   #0 [0000000000 - 0000001000]   BIOS data page ==> [0000000000 - 0000001000]
[    0.000000]   #1 [0000001000 - 0000002000]    EX TRAMPOLINE ==> [0000001000 - 0000002000]
[    0.000000]   #2 [0000006000 - 0000007000]       TRAMPOLINE ==> [0000006000 - 0000007000]
[    0.000000]   #3 [0001000000 - 0001a75ff8]    TEXT DATA BSS ==> [0001000000 - 0001a75ff8]
[    0.000000]   #4 [002dcfc000 - 0032e758c3]          RAMDISK ==> [002dcfc000 - 0032e758c3]
[    0.000000]   #5 [000009f000 - 0000100000]    BIOS reserved ==> [000009f000 - 0000100000]
[    0.000000]   #6 [0001a76000 - 0001a851c0]              BRK ==> [0001a76000 - 0001a851c0]
[    0.000000]   #7 [0000010000 - 0000012000]          PGTABLE ==> [0000010000 - 0000012000]
[    0.000000]   #8 [0000012000 - 0000019000]          BOOTMAP ==> [0000012000 - 0000019000]
[    0.000000] found SMP MP-table at [c00f6bf0] f6bf0
[    0.000000] Zone PFN ranges:
[    0.000000]   DMA      0x00000010 -> 0x00001000
[    0.000000]   Normal   0x00001000 -> 0x000379fe
[    0.000000]   HighMem  0x000379fe -> 0x00040000
[    0.000000] Movable zone start PFN for each node
[    0.000000] early_node_map[3] active PFN ranges
[    0.000000]     0: 0x00000010 -> 0x0000009f
[    0.000000]     0: 0x00000100 -> 0x0003fee0
[    0.000000]     0: 0x0003ff00 -> 0x00040000
[    0.000000] On node 0 totalpages: 261999
[    0.000000] free_area_init_node: node 0, pgdat c1715200, node_mem_map c1a87200
[    0.000000]   DMA zone: 32 pages used for memmap
[    0.000000]   DMA zone: 0 pages reserved
[    0.000000]   DMA zone: 3951 pages, LIFO batch:0
[    0.000000]   Normal zone: 1748 pages used for memmap
[    0.000000]   Normal zone: 221994 pages, LIFO batch:31
[    0.000000]   HighMem zone: 269 pages used for memmap
[    0.000000]   HighMem zone: 34005 pages, LIFO batch:7
[    0.000000] Using APIC driver default
[    0.000000] ACPI: PM-Timer IO Port: 0x1008
[    0.000000] ACPI: Local APIC address 0xfee00000
[    0.000000] ACPI: LAPIC (acpi_id[0x00] lapic_id[0x00] enabled)
[    0.000000] ACPI: LAPIC (acpi_id[0x01] lapic_id[0x02] disabled)
[    0.000000] ACPI: LAPIC (acpi_id[0x02] lapic_id[0x04] disabled)
[    0.000000] ACPI: LAPIC (acpi_id[0x03] lapic_id[0x06] disabled)
[    0.000000] ACPI: LAPIC (acpi_id[0x04] lapic_id[0x08] disabled)
[    0.000000] ACPI: LAPIC (acpi_id[0x05] lapic_id[0x0a] disabled)
[    0.000000] ACPI: LAPIC (acpi_id[0x06] lapic_id[0x0c] disabled)
[    0.000000] ACPI: LAPIC (acpi_id[0x07] lapic_id[0x0e] disabled)
[    0.000000] ACPI: LAPIC (acpi_id[0x08] lapic_id[0x10] disabled)
[    0.000000] ACPI: LAPIC (acpi_id[0x09] lapic_id[0x12] disabled)
[    0.000000] ACPI: LAPIC (acpi_id[0x0a] lapic_id[0x14] disabled)
[    0.000000] ACPI: LAPIC (acpi_id[0x0b] lapic_id[0x16] disabled)
[    0.000000] ACPI: LAPIC (acpi_id[0x0c] lapic_id[0x18] disabled)
[    0.000000] ACPI: LAPIC (acpi_id[0x0d] lapic_id[0x1a] disabled)
[    0.000000] ACPI: LAPIC (acpi_id[0x0e] lapic_id[0x1c] disabled)
[    0.000000] ACPI: LAPIC (acpi_id[0x0f] lapic_id[0x1e] disabled)
[    0.000000] ACPI: LAPIC (acpi_id[0x10] lapic_id[0x20] disabled)
[    0.000000] ACPI: LAPIC (acpi_id[0x11] lapic_id[0x22] disabled)
[    0.000000] ACPI: LAPIC (acpi_id[0x12] lapic_id[0x24] disabled)
[    0.000000] ACPI: LAPIC (acpi_id[0x13] lapic_id[0x26] disabled)
[    0.000000] ACPI: LAPIC (acpi_id[0x14] lapic_id[0x28] disabled)
[    0.000000] ACPI: LAPIC (acpi_id[0x15] lapic_id[0x2a] disabled)
[    0.000000] ACPI: LAPIC (acpi_id[0x16] lapic_id[0x2c] disabled)
[    0.000000] ACPI: LAPIC (acpi_id[0x17] lapic_id[0x2e] disabled)
[    0.000000] ACPI: LAPIC (acpi_id[0x18] lapic_id[0x30] disabled)
[    0.000000] ACPI: LAPIC (acpi_id[0x19] lapic_id[0x32] disabled)
[    0.000000] ACPI: LAPIC (acpi_id[0x1a] lapic_id[0x34] disabled)
[    0.000000] ACPI: LAPIC (acpi_id[0x1b] lapic_id[0x36] disabled)
[    0.000000] ACPI: LAPIC (acpi_id[0x1c] lapic_id[0x38] disabled)
[    0.000000] ACPI: LAPIC (acpi_id[0x1d] lapic_id[0x3a] disabled)
[    0.000000] ACPI: LAPIC (acpi_id[0x1e] lapic_id[0x3c] disabled)
[    0.000000] ACPI: LAPIC (acpi_id[0x1f] lapic_id[0x3e] disabled)
[    0.000000] ACPI: LAPIC (acpi_id[0x20] lapic_id[0x40] disabled)
[    0.000000] ACPI: LAPIC (acpi_id[0x21] lapic_id[0x42] disabled)
[    0.000000] ACPI: LAPIC (acpi_id[0x22] lapic_id[0x44] disabled)
[    0.000000] ACPI: LAPIC (acpi_id[0x23] lapic_id[0x46] disabled)
[    0.000000] ACPI: LAPIC (acpi_id[0x24] lapic_id[0x48] disabled)
[    0.000000] ACPI: LAPIC (acpi_id[0x25] lapic_id[0x4a] disabled)
[    0.000000] ACPI: LAPIC (acpi_id[0x26] lapic_id[0x4c] disabled)
[    0.000000] ACPI: LAPIC (acpi_id[0x27] lapic_id[0x4e] disabled)
[    0.000000] ACPI: LAPIC (acpi_id[0x28] lapic_id[0x50] disabled)
[    0.000000] ACPI: LAPIC (acpi_id[0x29] lapic_id[0x52] disabled)
[    0.000000] ACPI: LAPIC (acpi_id[0x2a] lapic_id[0x54] disabled)
[    0.000000] ACPI: LAPIC (acpi_id[0x2b] lapic_id[0x56] disabled)
[    0.000000] ACPI: LAPIC (acpi_id[0x2c] lapic_id[0x58] disabled)
[    0.000000] ACPI: LAPIC (acpi_id[0x2d] lapic_id[0x5a] disabled)
[    0.000000] ACPI: LAPIC (acpi_id[0x2e] lapic_id[0x5c] disabled)
[    0.000000] ACPI: LAPIC (acpi_id[0x2f] lapic_id[0x5e] disabled)
[    0.000000] ACPI: LAPIC (acpi_id[0x30] lapic_id[0x60] disabled)
[    0.000000] ACPI: LAPIC (acpi_id[0x31] lapic_id[0x62] disabled)
[    0.000000] ACPI: LAPIC (acpi_id[0x32] lapic_id[0x64] disabled)
[    0.000000] ACPI: LAPIC (acpi_id[0x33] lapic_id[0x66] disabled)
[    0.000000] ACPI: LAPIC (acpi_id[0x34] lapic_id[0x68] disabled)
[    0.000000] ACPI: LAPIC (acpi_id[0x35] lapic_id[0x6a] disabled)
[    0.000000] ACPI: LAPIC (acpi_id[0x36] lapic_id[0x6c] disabled)
[    0.000000] ACPI: LAPIC (acpi_id[0x37] lapic_id[0x6e] disabled)
[    0.000000] ACPI: LAPIC (acpi_id[0x38] lapic_id[0x70] disabled)
[    0.000000] ACPI: LAPIC (acpi_id[0x39] lapic_id[0x72] disabled)
[    0.000000] ACPI: LAPIC (acpi_id[0x3a] lapic_id[0x74] disabled)
[    0.000000] ACPI: LAPIC (acpi_id[0x3b] lapic_id[0x76] disabled)
[    0.000000] ACPI: LAPIC (acpi_id[0x3c] lapic_id[0x78] disabled)
[    0.000000] ACPI: LAPIC (acpi_id[0x3d] lapic_id[0x7a] disabled)
[    0.000000] ACPI: LAPIC (acpi_id[0x3e] lapic_id[0x7c] disabled)
[    0.000000] ACPI: LAPIC (acpi_id[0x3f] lapic_id[0x7e] disabled)
[    0.000000] ACPI: LAPIC_NMI (acpi_id[0x00] high edge lint[0x1])
[    0.000000] ACPI: LAPIC_NMI (acpi_id[0x01] high edge lint[0x1])
[    0.000000] ACPI: LAPIC_NMI (acpi_id[0x02] high edge lint[0x1])
[    0.000000] ACPI: LAPIC_NMI (acpi_id[0x03] high edge lint[0x1])
[    0.000000] ACPI: LAPIC_NMI (acpi_id[0x04] high edge lint[0x1])
[    0.000000] ACPI: LAPIC_NMI (acpi_id[0x05] high edge lint[0x1])
[    0.000000] ACPI: LAPIC_NMI (acpi_id[0x06] high edge lint[0x1])
[    0.000000] ACPI: LAPIC_NMI (acpi_id[0x07] high edge lint[0x1])
[    0.000000] ACPI: LAPIC_NMI (acpi_id[0x08] high edge lint[0x1])
[    0.000000] ACPI: LAPIC_NMI (acpi_id[0x09] high edge lint[0x1])
[    0.000000] ACPI: LAPIC_NMI (acpi_id[0x0a] high edge lint[0x1])
[    0.000000] ACPI: LAPIC_NMI (acpi_id[0x0b] high edge lint[0x1])
[    0.000000] ACPI: LAPIC_NMI (acpi_id[0x0c] high edge lint[0x1])
[    0.000000] ACPI: LAPIC_NMI (acpi_id[0x0d] high edge lint[0x1])
[    0.000000] ACPI: LAPIC_NMI (acpi_id[0x0e] high edge lint[0x1])
[    0.000000] ACPI: LAPIC_NMI (acpi_id[0x0f] high edge lint[0x1])
[    0.000000] ACPI: LAPIC_NMI (acpi_id[0x10] high edge lint[0x1])
[    0.000000] ACPI: LAPIC_NMI (acpi_id[0x11] high edge lint[0x1])
[    0.000000] ACPI: LAPIC_NMI (acpi_id[0x12] high edge lint[0x1])
[    0.000000] ACPI: LAPIC_NMI (acpi_id[0x13] high edge lint[0x1])
[    0.000000] ACPI: LAPIC_NMI (acpi_id[0x14] high edge lint[0x1])
[    0.000000] ACPI: LAPIC_NMI (acpi_id[0x15] high edge lint[0x1])
[    0.000000] ACPI: LAPIC_NMI (acpi_id[0x16] high edge lint[0x1])
[    0.000000] ACPI: LAPIC_NMI (acpi_id[0x17] high edge lint[0x1])
[    0.000000] ACPI: LAPIC_NMI (acpi_id[0x18] high edge lint[0x1])
[    0.000000] ACPI: LAPIC_NMI (acpi_id[0x19] high edge lint[0x1])
[    0.000000] ACPI: LAPIC_NMI (acpi_id[0x1a] high edge lint[0x1])
[    0.000000] ACPI: LAPIC_NMI (acpi_id[0x1b] high edge lint[0x1])
[    0.000000] ACPI: LAPIC_NMI (acpi_id[0x1c] high edge lint[0x1])
[    0.000000] ACPI: LAPIC_NMI (acpi_id[0x1d] high edge lint[0x1])
[    0.000000] ACPI: LAPIC_NMI (acpi_id[0x1e] high edge lint[0x1])
[    0.000000] ACPI: LAPIC_NMI (acpi_id[0x1f] high edge lint[0x1])
[    0.000000] ACPI: LAPIC_NMI (acpi_id[0x20] high edge lint[0x1])
[    0.000000] ACPI: LAPIC_NMI (acpi_id[0x21] high edge lint[0x1])
[    0.000000] ACPI: LAPIC_NMI (acpi_id[0x22] high edge lint[0x1])
[    0.000000] ACPI: LAPIC_NMI (acpi_id[0x23] high edge lint[0x1])
[    0.000000] ACPI: LAPIC_NMI (acpi_id[0x24] high edge lint[0x1])
[    0.000000] ACPI: LAPIC_NMI (acpi_id[0x25] high edge lint[0x1])
[    0.000000] ACPI: LAPIC_NMI (acpi_id[0x26] high edge lint[0x1])
[    0.000000] ACPI: LAPIC_NMI (acpi_id[0x27] high edge lint[0x1])
[    0.000000] ACPI: LAPIC_NMI (acpi_id[0x28] high edge lint[0x1])
[    0.000000] ACPI: LAPIC_NMI (acpi_id[0x29] high edge lint[0x1])
[    0.000000] ACPI: LAPIC_NMI (acpi_id[0x2a] high edge lint[0x1])
[    0.000000] ACPI: LAPIC_NMI (acpi_id[0x2b] high edge lint[0x1])
[    0.000000] ACPI: LAPIC_NMI (acpi_id[0x2c] high edge lint[0x1])
[    0.000000] ACPI: LAPIC_NMI (acpi_id[0x2d] high edge lint[0x1])
[    0.000000] ACPI: LAPIC_NMI (acpi_id[0x2e] high edge lint[0x1])
[    0.000000] ACPI: LAPIC_NMI (acpi_id[0x2f] high edge lint[0x1])
[    0.000000] ACPI: LAPIC_NMI (acpi_id[0x30] high edge lint[0x1])
[    0.000000] ACPI: LAPIC_NMI (acpi_id[0x31] high edge lint[0x1])
[    0.000000] ACPI: LAPIC_NMI (acpi_id[0x32] high edge lint[0x1])
[    0.000000] ACPI: LAPIC_NMI (acpi_id[0x33] high edge lint[0x1])
[    0.000000] ACPI: LAPIC_NMI (acpi_id[0x34] high edge lint[0x1])
[    0.000000] ACPI: LAPIC_NMI (acpi_id[0x35] high edge lint[0x1])
[    0.000000] ACPI: LAPIC_NMI (acpi_id[0x36] high edge lint[0x1])
[    0.000000] ACPI: LAPIC_NMI (acpi_id[0x37] high edge lint[0x1])
[    0.000000] ACPI: LAPIC_NMI (acpi_id[0x38] high edge lint[0x1])
[    0.000000] ACPI: LAPIC_NMI (acpi_id[0x39] high edge lint[0x1])
[    0.000000] ACPI: LAPIC_NMI (acpi_id[0x3a] high edge lint[0x1])
[    0.000000] ACPI: LAPIC_NMI (acpi_id[0x3b] high edge lint[0x1])
[    0.000000] ACPI: LAPIC_NMI (acpi_id[0x3c] high edge lint[0x1])
[    0.000000] ACPI: LAPIC_NMI (acpi_id[0x3d] high edge lint[0x1])
[    0.000000] ACPI: LAPIC_NMI (acpi_id[0x3e] high edge lint[0x1])
[    0.000000] ACPI: LAPIC_NMI (acpi_id[0x3f] high edge lint[0x1])
[    0.000000] ACPI: Skipping IOAPIC probe due to 'noapic' option.
[    0.000000] Using ACPI for processor (LAPIC) configuration information
[    0.000000] ACPI: HPET id: 0x8086af01 base: 0xfed00000
[    0.000000] Intel MultiProcessor Specification v1.4
[    0.000000]     Virtual Wire compatibility mode.
[    0.000000] MPTABLE: OEM ID: INTEL   
[    0.000000] MPTABLE: Product ID: 440BX       
[    0.000000] MPTABLE: APIC at: 0xFEE00000
[    0.000000] I/O APIC #1 Version 17 at 0xFEC00000.
[    0.000000] Processors: 1
[    0.000000] 64 Processors exceeds NR_CPUS limit of 8
[    0.000000] SMP: Allowing 8 CPUs, 7 hotplug CPUs
[    0.000000] nr_irqs_gsi: 24
[    0.000000] PM: Registered nosave memory: 000000000009f000 - 00000000000a0000
[    0.000000] PM: Registered nosave memory: 00000000000a0000 - 00000000000ca000
[    0.000000] PM: Registered nosave memory: 00000000000ca000 - 00000000000cc000
[    0.000000] PM: Registered nosave memory: 00000000000cc000 - 00000000000dc000
[    0.000000] PM: Registered nosave memory: 00000000000dc000 - 0000000000100000
[    0.000000] Allocating PCI resources starting at 40000000 (gap: 40000000:a0000000)
[    0.000000] Booting paravirtualized kernel on bare hardware
[    0.000000] NR_CPUS:8 nr_cpumask_bits:8 nr_cpu_ids:8 nr_node_ids:1
[    0.000000] PERCPU: Embedded 15 pages/cpu @c2400000 s39320 r0 d22120 u262144
[    0.000000] pcpu-alloc: s39320 r0 d22120 u262144 alloc=1*2097152
[    0.000000] pcpu-alloc: [0] 0 1 2 3 4 5 6 7 
[    0.000000] Built 1 zonelists in Zone order, mobility grouping on.  Total pages: 259950
[    0.000000] Kernel command line: BOOT_IMAGE=/boot/vmlinuz-2.6.32.57 root=UUID=007b598c-390d-4c65-84a1-4ff752d48633 ro quiet splash maxcpus=0
[    0.000000] PID hash table entries: 4096 (order: 2, 16384 bytes)
[    0.000000] Dentry cache hash table entries: 131072 (order: 7, 524288 bytes)
[    0.000000] Inode-cache hash table entries: 65536 (order: 6, 262144 bytes)
[    0.000000] Enabling fast FPU save and restore... done.
[    0.000000] Enabling unmasked SIMD FPU exception support... done.
[    0.000000] Initializing CPU#0
[    0.000000] xsave/xrstor: enabled xstate_bv 0x7, cntxt size 0x340
[    0.000000] allocated 5242560 bytes of page_cgroup
[    0.000000] please try 'cgroup_disable=memory' option if you don't want memory cgroups
[    0.000000] Initializing HighMem for node 0 (000379fe:00040000)
[    0.000000] Memory: 938260k/1048576k available (4839k kernel code, 108848k reserved, 2518k data, 652k init, 137096k highmem)
[    0.000000] virtual kernel memory layout:
[    0.000000]     fixmap  : 0xfff1e000 - 0xfffff000   ( 900 kB)
[    0.000000]     pkmap   : 0xffa00000 - 0xffc00000   (2048 kB)
[    0.000000]     vmalloc : 0xf81fe000 - 0xff9fe000   ( 120 MB)
[    0.000000]     lowmem  : 0xc0000000 - 0xf79fe000   ( 889 MB)
[    0.000000]       .init : 0xc1730000 - 0xc17d3000   ( 652 kB)
[    0.000000]       .data : 0xc14b9cce - 0xc172f764   (2518 kB)
[    0.000000]       .text : 0xc1000000 - 0xc14b9cce   (4839 kB)
[    0.000000] Checking if this processor honours the WP bit even in supervisor mode...Ok.
[    0.000000] SLUB: Genslabs=13, HWalign=64, Order=0-3, MinObjects=0, CPUs=8, Nodes=1
[    0.000000] Hierarchical RCU implementation.
[    0.000000] NR_IRQS:2304 nr_irqs:472
[    0.000000] Extended CMOS year: 2000
[    0.000000] Console: colour VGA+ 80x25
[    0.000000] console [tty0] enabled
[    0.000000] hpet clockevent registered
[    0.000000] TSC freq read from hypervisor : 2394.620 MHz
[    0.000000] Detected 2394.620 MHz processor.
[    0.000003] Calibrating delay loop (skipped) preset value.. 4789.24 BogoMIPS (lpj=9578480)
[    0.000011] Security Framework initialized
[    0.000014] SELinux:  Disabled at boot.
[    0.000018] Mount-cache hash table entries: 512
[    0.000114] Initializing cgroup subsys cpuacct
[    0.000117] Initializing cgroup subsys memory
[    0.000121] Initializing cgroup subsys devices
[    0.000122] Initializing cgroup subsys freezer
[    0.000148] CPU: Physical Processor ID: 0
[    0.000155] CPU: L1 I cache: 32K, L1 D cache: 32K
[    0.000156] CPU: L2 cache: 256K
[    0.000157] CPU: L3 cache: 4096K
[    0.000162] mce: CPU supports 0 MCE banks
[    0.000174] Performance Events: no PMU driver, software events only.
[    0.000183] Checking 'hlt' instruction... OK.
[    0.017773] SMP alternatives: switching to UP code
[    0.032380] ACPI: Core revision 20090903
[    0.038472] ACPI: setting ELCR to 0200 (from 0e20)
[    0.039464] ftrace: converting mcount calls to 0f 1f 44 00 00
[    0.039479] ftrace: allocating 22631 entries in 45 pages
[    0.056609] CANARY value: 59c95f6 for PID: 1
[    0.056640] Not enabling x2apic, Intr-remapping init failed.
[    0.056642] Enabling APIC mode:  Flat.  Using 1 I/O APICs
[    0.056649] SMP mode deactivated.
[    0.056674] SMP disabled
[    0.056729] Brought up 1 CPUs
[    0.056730] Total of 1 processors activated (4789.24 BogoMIPS).
[    0.056734] CPU0 attaching NULL sched-domain.
[    0.056802] devtmpfs: initialized
[    0.056905] sysctl table check failed: /kernel/random/now_input .1.40.7 Unknown sysctl binary path
[    0.057146] Pid: 1, comm: swapper Not tainted 2.6.32.57 #4
[    0.057147] Call Trace:
[    0.057151]  [<c14a8a0e>] ? printk+0x1d/0x1f
[    0.057154]  [<c107b56f>] set_fail+0x4f/0x60
[    0.057156]  [<c107b8b3>] sysctl_check_table+0x333/0x620
[    0.057158]  [<c107b8cc>] sysctl_check_table+0x34c/0x620
[    0.057160]  [<c107b8cc>] sysctl_check_table+0x34c/0x620
[    0.057163]  [<c1746d48>] sysctl_init+0x25/0x29
[    0.057165]  [<c1003042>] do_one_initcall+0x32/0x1a0
[    0.057167]  [<c1746d23>] ? sysctl_init+0x0/0x29
[    0.057170]  [<c17308e7>] kernel_init+0x12d/0x17a
[    0.057171]  [<c17307ba>] ? kernel_init+0x0/0x17a
[    0.057173]  [<c1009b07>] kernel_thread_helper+0x7/0x10
[    0.057175] sysctl table check failed: /kernel/random/now_blocking .1.40.8 Unknown sysctl binary path
[    0.057452] Pid: 1, comm: swapper Not tainted 2.6.32.57 #4
[    0.057453] Call Trace:
[    0.057456]  [<c14a8a0e>] ? printk+0x1d/0x1f
[    0.057459]  [<c107b56f>] set_fail+0x4f/0x60
[    0.057461]  [<c107b8b3>] sysctl_check_table+0x333/0x620
[    0.057463]  [<c107b8cc>] sysctl_check_table+0x34c/0x620
[    0.057465]  [<c107b8cc>] sysctl_check_table+0x34c/0x620
[    0.057468]  [<c1746d48>] sysctl_init+0x25/0x29
[    0.057469]  [<c1003042>] do_one_initcall+0x32/0x1a0
[    0.057471]  [<c1746d23>] ? sysctl_init+0x0/0x29
[    0.057473]  [<c17308e7>] kernel_init+0x12d/0x17a
[    0.057475]  [<c17307ba>] ? kernel_init+0x0/0x17a
[    0.057476]  [<c1009b07>] kernel_thread_helper+0x7/0x10
[    0.057478] sysctl table check failed: /kernel/random/now_nonblocking .1.40.9 Unknown sysctl binary path
[    0.057751] Pid: 1, comm: swapper Not tainted 2.6.32.57 #4
[    0.057753] Call Trace:
[    0.057757]  [<c14a8a0e>] ? printk+0x1d/0x1f
[    0.057759]  [<c107b56f>] set_fail+0x4f/0x60
[    0.057761]  [<c107b8b3>] sysctl_check_table+0x333/0x620
[    0.057763]  [<c107b8cc>] sysctl_check_table+0x34c/0x620
[    0.057765]  [<c107b8cc>] sysctl_check_table+0x34c/0x620
[    0.057768]  [<c1746d48>] sysctl_init+0x25/0x29
[    0.057769]  [<c1003042>] do_one_initcall+0x32/0x1a0
[    0.057772]  [<c1746d23>] ? sysctl_init+0x0/0x29
[    0.057774]  [<c17308e7>] kernel_init+0x12d/0x17a
[    0.057775]  [<c17307ba>] ? kernel_init+0x0/0x17a
[    0.057777]  [<c1009b07>] kernel_thread_helper+0x7/0x10
[    0.057780] sysctl table check failed: /kernel/random/nb_input_bytes .1.40.10 Unknown sysctl binary path
[    0.058074] Pid: 1, comm: swapper Not tainted 2.6.32.57 #4
[    0.058075] Call Trace:
[    0.058077]  [<c14a8a0e>] ? printk+0x1d/0x1f
[    0.058079]  [<c107b56f>] set_fail+0x4f/0x60
[    0.058081]  [<c107b8b3>] sysctl_check_table+0x333/0x620
[    0.058082]  [<c107b8cc>] sysctl_check_table+0x34c/0x620
[    0.058084]  [<c107b8cc>] sysctl_check_table+0x34c/0x620
[    0.058086]  [<c1746d48>] sysctl_init+0x25/0x29
[    0.058088]  [<c1003042>] do_one_initcall+0x32/0x1a0
[    0.058090]  [<c1746d23>] ? sysctl_init+0x0/0x29
[    0.058091]  [<c17308e7>] kernel_init+0x12d/0x17a
[    0.058093]  [<c17307ba>] ? kernel_init+0x0/0x17a
[    0.058095]  [<c1009b07>] kernel_thread_helper+0x7/0x10
[    0.058097] sysctl table check failed: /kernel/random/nb_stir_count .1.40.11 Unknown sysctl binary path
[    0.058361] Pid: 1, comm: swapper Not tainted 2.6.32.57 #4
[    0.058362] Call Trace:
[    0.058363]  [<c14a8a0e>] ? printk+0x1d/0x1f
[    0.058365]  [<c107b56f>] set_fail+0x4f/0x60
[    0.058367]  [<c107b8b3>] sysctl_check_table+0x333/0x620
[    0.058368]  [<c107b8cc>] sysctl_check_table+0x34c/0x620
[    0.058370]  [<c107b8cc>] sysctl_check_table+0x34c/0x620
[    0.058373]  [<c1746d48>] sysctl_init+0x25/0x29
[    0.058374]  [<c1003042>] do_one_initcall+0x32/0x1a0
[    0.058376]  [<c1746d23>] ? sysctl_init+0x0/0x29
[    0.058378]  [<c17308e7>] kernel_init+0x12d/0x17a
[    0.058379]  [<c17307ba>] ? kernel_init+0x0/0x17a
[    0.058381]  [<c1009b07>] kernel_thread_helper+0x7/0x10
[    0.058383] sysctl table check failed: /kernel/random/nb_reentry_count .1.40.12 Unknown sysctl binary path
[    0.058853] Pid: 1, comm: swapper Not tainted 2.6.32.57 #4
[    0.058855] Call Trace:
[    0.058858]  [<c14a8a0e>] ? printk+0x1d/0x1f
[    0.058860]  [<c107b56f>] set_fail+0x4f/0x60
[    0.058862]  [<c107b8b3>] sysctl_check_table+0x333/0x620
[    0.058863]  [<c107b8cc>] sysctl_check_table+0x34c/0x620
[    0.058865]  [<c107b8cc>] sysctl_check_table+0x34c/0x620
[    0.058868]  [<c1746d48>] sysctl_init+0x25/0x29
[    0.058869]  [<c1003042>] do_one_initcall+0x32/0x1a0
[    0.058871]  [<c1746d23>] ? sysctl_init+0x0/0x29
[    0.058873]  [<c17308e7>] kernel_init+0x12d/0x17a
[    0.058875]  [<c17307ba>] ? kernel_init+0x0/0x17a
[    0.058876]  [<c1009b07>] kernel_thread_helper+0x7/0x10
[    0.059009] RANDOM - __seed init called.
[    0.059010] RANDOM - __seed init called.
[    0.059010] RANDOM - __seed init called.
[    0.059012] RANDOM - __random32 called. Change num 1.  Value: 7576a435	efb61e22	b7f78320
[    0.059013] RANDOM - __random32 called. Change num 2.  Value: 6a43543e	fb61e228	6410973
[    0.059014] RANDOM - __random32 called. Change num 3.  Value: 3543e018	b61e228b	12e68928
[    0.059016] RANDOM - __random32 called. Change num 4.  Value: 3e018928	61e228b7	1250ba58
[    0.059017] RANDOM - __random32 called. Change num 5.  Value: 189281e4	1e228b73	74b01aad
[    0.059018] RANDOM - __random32 called. Change num 6.  Value: 281e4915	e228b733	355a2619
[    0.059019] RANDOM - random32 init called.  Value: 281e4915	e228b733	355a2619
[    0.059026] regulator: core version 0.5
[    0.059087] Time: 22:21:10  Date: 05/24/13
[    0.059124] NET: Registered protocol family 16
[    0.059189] EISA bus registered
[    0.059949] ACPI: bus type pci registered
[    0.060059] PCI: MCFG configuration 0: base e0000000 segment 0 buses 0 - 255
[    0.060061] PCI: MCFG area at e0000000 reserved in E820
[    0.060062] PCI: Using MMCONFIG for extended config space
[    0.060063] PCI: Using configuration type 1 for base access
[    0.060581] bio: create slab <bio-0> at 0
[    0.061790] ACPI: EC: Look up EC in DSDT
[    0.098051] ACPI: BIOS _OSI(Linux) query ignored
[    0.103749] ACPI: Interpreter enabled
[    0.103753] ACPI: (supports S0 S1 S4 S5)
[    0.103764] ACPI: Using PIC for interrupt routing
[    0.184070] ACPI: No dock devices found.
[    0.184882] ACPI: PCI Root Bridge [PCI0] (0000:00)
[    0.186384] pci 0000:00:07.1: reg 20 io port: [0x10c0-0x10cf]
[    0.186862] pci 0000:00:07.3: quirk: region 1000-103f claimed by PIIX4 ACPI
[    0.186873] pci 0000:00:07.3: quirk: region 1040-104f claimed by PIIX4 SMB
[    0.187416] pci 0000:00:07.7: reg 10 io port: [0x1080-0x10bf]
[    0.187793] pci 0000:00:07.7: reg 14 64bit mmio: [0xc8000000-0xc8001fff]
[    0.188889] pci 0000:00:0f.0: reg 10 io port: [0x10d0-0x10df]
[    0.188926] pci 0000:00:0f.0: reg 14 32bit mmio pref: [0xd0000000-0xd7ffffff]
[    0.188962] pci 0000:00:0f.0: reg 18 32bit mmio: [0xc8800000-0xc8ffffff]
[    0.189098] pci 0000:00:0f.0: reg 30 32bit mmio pref: [0x000000-0x007fff]
[    0.189623] pci 0000:00:10.0: reg 10 io port: [0x1400-0x14ff]
[    0.189971] pci 0000:00:10.0: reg 14 64bit mmio: [0xc8040000-0xc805ffff]
[    0.190335] pci 0000:00:10.0: reg 1c 64bit mmio: [0xc8020000-0xc803ffff]
[    0.190405] pci 0000:00:10.0: reg 30 32bit mmio pref: [0x000000-0x003fff]
[    0.191727] pci 0000:00:15.0: PME# supported from D0 D3hot D3cold
[    0.191747] pci 0000:00:15.0: PME# disabled
[    0.192565] pci 0000:00:15.1: PME# supported from D0 D3hot D3cold
[    0.192585] pci 0000:00:15.1: PME# disabled
[    0.193414] pci 0000:00:15.2: PME# supported from D0 D3hot D3cold
[    0.193433] pci 0000:00:15.2: PME# disabled
[    0.194292] pci 0000:00:15.3: PME# supported from D0 D3hot D3cold
[    0.194313] pci 0000:00:15.3: PME# disabled
[    0.195139] pci 0000:00:15.4: PME# supported from D0 D3hot D3cold
[    0.195159] pci 0000:00:15.4: PME# disabled
[    0.195974] pci 0000:00:15.5: PME# supported from D0 D3hot D3cold
[    0.195994] pci 0000:00:15.5: PME# disabled
[    0.196816] pci 0000:00:15.6: PME# supported from D0 D3hot D3cold
[    0.196835] pci 0000:00:15.6: PME# disabled
[    0.197662] pci 0000:00:15.7: PME# supported from D0 D3hot D3cold
[    0.197680] pci 0000:00:15.7: PME# disabled
[    0.198497] pci 0000:00:16.0: PME# supported from D0 D3hot D3cold
[    0.198516] pci 0000:00:16.0: PME# disabled
[    0.199342] pci 0000:00:16.1: PME# supported from D0 D3hot D3cold
[    0.199360] pci 0000:00:16.1: PME# disabled
[    0.200315] pci 0000:00:16.2: PME# supported from D0 D3hot D3cold
[    0.200344] pci 0000:00:16.2: PME# disabled
[    0.201162] pci 0000:00:16.3: PME# supported from D0 D3hot D3cold
[    0.201190] pci 0000:00:16.3: PME# disabled
[    0.201987] pci 0000:00:16.4: PME# supported from D0 D3hot D3cold
[    0.202006] pci 0000:00:16.4: PME# disabled
[    0.202831] pci 0000:00:16.5: PME# supported from D0 D3hot D3cold
[    0.202849] pci 0000:00:16.5: PME# disabled
[    0.203674] pci 0000:00:16.6: PME# supported from D0 D3hot D3cold
[    0.203694] pci 0000:00:16.6: PME# disabled
[    0.204523] pci 0000:00:16.7: PME# supported from D0 D3hot D3cold
[    0.204542] pci 0000:00:16.7: PME# disabled
[    0.205366] pci 0000:00:17.0: PME# supported from D0 D3hot D3cold
[    0.205385] pci 0000:00:17.0: PME# disabled
[    0.206208] pci 0000:00:17.1: PME# supported from D0 D3hot D3cold
[    0.206236] pci 0000:00:17.1: PME# disabled
[    0.207032] pci 0000:00:17.2: PME# supported from D0 D3hot D3cold
[    0.207051] pci 0000:00:17.2: PME# disabled
[    0.208182] pci 0000:00:17.3: PME# supported from D0 D3hot D3cold
[    0.208203] pci 0000:00:17.3: PME# disabled
[    0.209025] pci 0000:00:17.4: PME# supported from D0 D3hot D3cold
[    0.209044] pci 0000:00:17.4: PME# disabled
[    0.209909] pci 0000:00:17.5: PME# supported from D0 D3hot D3cold
[    0.209927] pci 0000:00:17.5: PME# disabled
[    0.210750] pci 0000:00:17.6: PME# supported from D0 D3hot D3cold
[    0.210772] pci 0000:00:17.6: PME# disabled
[    0.211596] pci 0000:00:17.7: PME# supported from D0 D3hot D3cold
[    0.211614] pci 0000:00:17.7: PME# disabled
[    0.212443] pci 0000:00:18.0: PME# supported from D0 D3hot D3cold
[    0.212462] pci 0000:00:18.0: PME# disabled
[    0.213287] pci 0000:00:18.1: PME# supported from D0 D3hot D3cold
[    0.213306] pci 0000:00:18.1: PME# disabled
[    0.214113] pci 0000:00:18.2: PME# supported from D0 D3hot D3cold
[    0.214173] pci 0000:00:18.2: PME# disabled
[    0.215005] pci 0000:00:18.3: PME# supported from D0 D3hot D3cold
[    0.215024] pci 0000:00:18.3: PME# disabled
[    0.215885] pci 0000:00:18.4: PME# supported from D0 D3hot D3cold
[    0.215905] pci 0000:00:18.4: PME# disabled
[    0.216743] pci 0000:00:18.5: PME# supported from D0 D3hot D3cold
[    0.216762] pci 0000:00:18.5: PME# disabled
[    0.217599] pci 0000:00:18.6: PME# supported from D0 D3hot D3cold
[    0.217618] pci 0000:00:18.6: PME# disabled
[    0.218485] pci 0000:00:18.7: PME# supported from D0 D3hot D3cold
[    0.218504] pci 0000:00:18.7: PME# disabled
[    0.219601] pci 0000:02:00.0: reg 20 io port: [0x20c0-0x20df]
[    0.220080] pci 0000:02:01.0: reg 10 io port: [0x2000-0x207f]
[    0.220302] pci 0000:02:01.0: reg 30 32bit mmio pref: [0x000000-0x00ffff]
[    0.220817] pci 0000:02:02.0: reg 10 io port: [0x2080-0x20bf]
[    0.221402] pci 0000:02:03.0: reg 10 32bit mmio: [0xc9000000-0xc9000fff]
[    0.221921] pci 0000:00:11.0: transparent bridge
[    0.221939] pci 0000:00:11.0: bridge io port: [0x2000-0x3fff]
[    0.221958] pci 0000:00:11.0: bridge 32bit mmio: [0xc9000000-0xca3fffff]
[    0.221994] pci 0000:00:11.0: bridge 64bit mmio pref: [0xd8400000-0xd89fffff]
[    0.222360] pci 0000:00:15.0: bridge io port: [0x4000-0x4fff]
[    0.222379] pci 0000:00:15.0: bridge 32bit mmio: [0xca400000-0xca4fffff]
[    0.222415] pci 0000:00:15.0: bridge 64bit mmio pref: [0xd8a00000-0xd8afffff]
[    0.222751] pci 0000:00:15.1: bridge io port: [0x8000-0x8fff]
[    0.222770] pci 0000:00:15.1: bridge 32bit mmio: [0xca800000-0xca8fffff]
[    0.222805] pci 0000:00:15.1: bridge 64bit mmio pref: [0xd8e00000-0xd8efffff]
[    0.223160] pci 0000:00:15.2: bridge io port: [0xc000-0xcfff]
[    0.223178] pci 0000:00:15.2: bridge 32bit mmio: [0xcac00000-0xcacfffff]
[    0.223214] pci 0000:00:15.2: bridge 64bit mmio pref: [0xd9200000-0xd92fffff]
[    0.223575] pci 0000:00:15.3: bridge 32bit mmio: [0xcb000000-0xcb0fffff]
[    0.223611] pci 0000:00:15.3: bridge 64bit mmio pref: [0xd9600000-0xd96fffff]
[    0.223973] pci 0000:00:15.4: bridge 32bit mmio: [0xcb400000-0xcb4fffff]
[    0.224009] pci 0000:00:15.4: bridge 64bit mmio pref: [0xd9a00000-0xd9afffff]
[    0.224389] pci 0000:00:15.5: bridge 32bit mmio: [0xcb800000-0xcb8fffff]
[    0.224425] pci 0000:00:15.5: bridge 64bit mmio pref: [0xd9e00000-0xd9efffff]
[    0.224776] pci 0000:00:15.6: bridge 32bit mmio: [0xcbc00000-0xcbcfffff]
[    0.224812] pci 0000:00:15.6: bridge 64bit mmio pref: [0xda200000-0xda2fffff]
[    0.225183] pci 0000:00:15.7: bridge 32bit mmio: [0xcc000000-0xcc0fffff]
[    0.225219] pci 0000:00:15.7: bridge 64bit mmio pref: [0xda600000-0xda6fffff]
[    0.225552] pci 0000:00:16.0: bridge io port: [0x5000-0x5fff]
[    0.225570] pci 0000:00:16.0: bridge 32bit mmio: [0xca500000-0xca5fffff]
[    0.225606] pci 0000:00:16.0: bridge 64bit mmio pref: [0xd8b00000-0xd8bfffff]
[    0.225939] pci 0000:00:16.1: bridge io port: [0x9000-0x9fff]
[    0.225958] pci 0000:00:16.1: bridge 32bit mmio: [0xca900000-0xca9fffff]
[    0.225994] pci 0000:00:16.1: bridge 64bit mmio pref: [0xd8f00000-0xd8ffffff]
[    0.226386] pci 0000:00:16.2: bridge io port: [0xd000-0xdfff]
[    0.226406] pci 0000:00:16.2: bridge 32bit mmio: [0xcad00000-0xcadfffff]
[    0.226453] pci 0000:00:16.2: bridge 64bit mmio pref: [0xd9300000-0xd93fffff]
[    0.226806] pci 0000:00:16.3: bridge 32bit mmio: [0xcb100000-0xcb1fffff]
[    0.226842] pci 0000:00:16.3: bridge 64bit mmio pref: [0xd9700000-0xd97fffff]
[    0.227212] pci 0000:00:16.4: bridge 32bit mmio: [0xcb500000-0xcb5fffff]
[    0.227248] pci 0000:00:16.4: bridge 64bit mmio pref: [0xd9b00000-0xd9bfffff]
[    0.227598] pci 0000:00:16.5: bridge 32bit mmio: [0xcb900000-0xcb9fffff]
[    0.227641] pci 0000:00:16.5: bridge 64bit mmio pref: [0xd9f00000-0xd9ffffff]
[    0.227993] pci 0000:00:16.6: bridge 32bit mmio: [0xcbd00000-0xcbdfffff]
[    0.228029] pci 0000:00:16.6: bridge 64bit mmio pref: [0xda300000-0xda3fffff]
[    0.228414] pci 0000:00:16.7: bridge 32bit mmio: [0xcc100000-0xcc1fffff]
[    0.228450] pci 0000:00:16.7: bridge 64bit mmio pref: [0xda700000-0xda7fffff]
[    0.228784] pci 0000:00:17.0: bridge io port: [0x6000-0x6fff]
[    0.228802] pci 0000:00:17.0: bridge 32bit mmio: [0xca600000-0xca6fffff]
[    0.228838] pci 0000:00:17.0: bridge 64bit mmio pref: [0xd8c00000-0xd8cfffff]
[    0.229199] pci 0000:00:17.1: bridge io port: [0xa000-0xafff]
[    0.229218] pci 0000:00:17.1: bridge 32bit mmio: [0xcaa00000-0xcaafffff]
[    0.229254] pci 0000:00:17.1: bridge 64bit mmio pref: [0xd9000000-0xd90fffff]
[    0.229586] pci 0000:00:17.2: bridge io port: [0xe000-0xefff]
[    0.229605] pci 0000:00:17.2: bridge 32bit mmio: [0xcae00000-0xcaefffff]
[    0.229641] pci 0000:00:17.2: bridge 64bit mmio pref: [0xd9400000-0xd94fffff]
[    0.229991] pci 0000:00:17.3: bridge 32bit mmio: [0xcb200000-0xcb2fffff]
[    0.230027] pci 0000:00:17.3: bridge 64bit mmio pref: [0xd9800000-0xd98fffff]
[    0.230403] pci 0000:00:17.4: bridge 32bit mmio: [0xcb600000-0xcb6fffff]
[    0.230439] pci 0000:00:17.4: bridge 64bit mmio pref: [0xd9c00000-0xd9cfffff]
[    0.230790] pci 0000:00:17.5: bridge 32bit mmio: [0xcba00000-0xcbafffff]
[    0.230825] pci 0000:00:17.5: bridge 64bit mmio pref: [0xda000000-0xda0fffff]
[    0.231204] pci 0000:00:17.6: bridge 32bit mmio: [0xcbe00000-0xcbefffff]
[    0.231239] pci 0000:00:17.6: bridge 64bit mmio pref: [0xda400000-0xda4fffff]
[    0.231589] pci 0000:00:17.7: bridge 32bit mmio: [0xcc200000-0xcc2fffff]
[    0.231632] pci 0000:00:17.7: bridge 64bit mmio pref: [0xda800000-0xda8fffff]
[    0.231967] pci 0000:00:18.0: bridge io port: [0x7000-0x7fff]
[    0.231985] pci 0000:00:18.0: bridge 32bit mmio: [0xca700000-0xca7fffff]
[    0.232021] pci 0000:00:18.0: bridge 64bit mmio pref: [0xd8d00000-0xd8dfffff]
[    0.232443] pci 0000:00:18.1: bridge io port: [0xb000-0xbfff]
[    0.232464] pci 0000:00:18.1: bridge 32bit mmio: [0xcab00000-0xcabfffff]
[    0.232503] pci 0000:00:18.1: bridge 64bit mmio pref: [0xd9100000-0xd91fffff]
[    0.233060] pci 0000:00:18.2: bridge io port: [0xf000-0xffff]
[    0.233090] pci 0000:00:18.2: bridge 32bit mmio: [0xcaf00000-0xcaffffff]
[    0.233216] pci 0000:00:18.2: bridge 64bit mmio pref: [0xd9500000-0xd95fffff]
[    0.233585] pci 0000:00:18.3: bridge 32bit mmio: [0xcb300000-0xcb3fffff]
[    0.233620] pci 0000:00:18.3: bridge 64bit mmio pref: [0xd9900000-0xd99fffff]
[    0.234004] pci 0000:00:18.4: bridge 32bit mmio: [0xcb700000-0xcb7fffff]
[    0.234042] pci 0000:00:18.4: bridge 64bit mmio pref: [0xd9d00000-0xd9dfffff]
[    0.234419] pci 0000:00:18.5: bridge 32bit mmio: [0xcbb00000-0xcbbfffff]
[    0.234458] pci 0000:00:18.5: bridge 64bit mmio pref: [0xda100000-0xda1fffff]
[    0.234838] pci 0000:00:18.6: bridge 32bit mmio: [0xcbf00000-0xcbffffff]
[    0.234876] pci 0000:00:18.6: bridge 64bit mmio pref: [0xda500000-0xda5fffff]
[    0.235259] pci 0000:00:18.7: bridge 32bit mmio: [0xcc300000-0xcc3fffff]
[    0.235297] pci 0000:00:18.7: bridge 64bit mmio pref: [0xda900000-0xda9fffff]
[    0.236801] pci_bus 0000:00: on NUMA node 0
[    0.236810] ACPI: PCI Interrupt Routing Table [\_SB_.PCI0._PRT]
[    0.459046] ACPI: PCI Interrupt Link [LNKA] (IRQs 3 4 5 6 7 *9 10 11 14 15)
[    0.459648] ACPI: PCI Interrupt Link [LNKB] (IRQs 3 4 5 6 7 9 10 *11 14 15)
[    0.459872] ACPI: PCI Interrupt Link [LNKC] (IRQs 3 4 5 6 7 9 *10 11 14 15)
[    0.460066] ACPI: PCI Interrupt Link [LNKD] (IRQs 3 4 *5 6 7 9 10 11 14 15)
[    0.460240] vgaarb: device added: PCI:0000:00:0f.0,decodes=io+mem,owns=io+mem,locks=none
[    0.460257] vgaarb: loaded
[    0.460382] SCSI subsystem initialized
[    0.460440] libata version 3.00 loaded.
[    0.460500] usbcore: registered new interface driver usbfs
[    0.460520] usbcore: registered new interface driver hub
[    0.460545] usbcore: registered new device driver usb
[    0.460649] PCI: Using ACPI for IRQ routing
[    0.461965] NetLabel: Initializing
[    0.461967] NetLabel:  domain hash size = 128
[    0.461968] NetLabel:  protocols = UNLABELED CIPSOv4
[    0.461993] NetLabel:  unlabeled traffic allowed by default
[    0.462037] hpet0: at MMIO 0xfed00000, IRQs 2, 8, 0, 0, 0, 0, 0, 0, 0, 0, 0, 0, 0, 0, 0, 0
[    0.462043] hpet0: 16 comparators, 64-bit 14.318180 MHz counter
[    0.466100] Switching to clocksource tsc
[    0.473265] pnp: PnP ACPI init
[    0.473278] ACPI: bus type pnp registered
[    0.517577] pnp: PnP ACPI: found 14 devices
[    0.517579] ACPI: ACPI bus type pnp unregistered
[    0.517583] PnPBIOS: Disabled by ACPI PNP
[    0.517597] system 00:01: ioport range 0x1000-0x103f has been reserved
[    0.517598] system 00:01: ioport range 0x1040-0x104f has been reserved
[    0.517600] system 00:01: ioport range 0xcf0-0xcf1 has been reserved
[    0.517607] system 00:08: iomem range 0xfed00000-0xfed003ff has been reserved
[    0.517611] system 00:0d: ioport range 0x1060-0x107f has been reserved
[    0.517614] system 00:0d: iomem range 0xe0000000-0xefffffff has been reserved
[    0.517615] system 00:0d: iomem range 0xc8200000-0xc83fffff has been reserved
[    0.554109] pci 0000:00:15.3: BAR 13: can't allocate I/O resource [0x10000-0xffff]
[    0.554113] pci 0000:00:15.4: BAR 13: can't allocate I/O resource [0x10000-0xffff]
[    0.554116] pci 0000:00:15.5: BAR 13: can't allocate I/O resource [0x10000-0xffff]
[    0.554119] pci 0000:00:15.6: BAR 13: can't allocate I/O resource [0x10000-0xffff]
[    0.554122] pci 0000:00:15.7: BAR 13: can't allocate I/O resource [0x10000-0xffff]
[    0.554125] pci 0000:00:16.3: BAR 13: can't allocate I/O resource [0x10000-0xffff]
[    0.554128] pci 0000:00:16.4: BAR 13: can't allocate I/O resource [0x10000-0xffff]
[    0.554131] pci 0000:00:16.5: BAR 13: can't allocate I/O resource [0x10000-0xffff]
[    0.554133] pci 0000:00:16.6: BAR 13: can't allocate I/O resource [0x10000-0xffff]
[    0.554136] pci 0000:00:16.7: BAR 13: can't allocate I/O resource [0x10000-0xffff]
[    0.554139] pci 0000:00:17.3: BAR 13: can't allocate I/O resource [0x10000-0xffff]
[    0.554142] pci 0000:00:17.4: BAR 13: can't allocate I/O resource [0x10000-0xffff]
[    0.554145] pci 0000:00:17.5: BAR 13: can't allocate I/O resource [0x10000-0xffff]
[    0.554147] pci 0000:00:17.6: BAR 13: can't allocate I/O resource [0x10000-0xffff]
[    0.554150] pci 0000:00:17.7: BAR 13: can't allocate I/O resource [0x10000-0xffff]
[    0.554153] pci 0000:00:18.3: BAR 13: can't allocate I/O resource [0x10000-0xffff]
[    0.554156] pci 0000:00:18.4: BAR 13: can't allocate I/O resource [0x10000-0xffff]
[    0.554159] pci 0000:00:18.5: BAR 13: can't allocate I/O resource [0x10000-0xffff]
[    0.554161] pci 0000:00:18.6: BAR 13: can't allocate I/O resource [0x10000-0xffff]
[    0.554164] pci 0000:00:18.7: BAR 13: can't allocate I/O resource [0x10000-0xffff]
[    0.554167] pci 0000:00:01.0: PCI bridge, secondary bus 0000:01
[    0.554168] pci 0000:00:01.0:   IO window: disabled
[    0.554199] pci 0000:00:01.0:   MEM window: disabled
[    0.554219] pci 0000:00:01.0:   PREFETCH window: disabled
[    0.554261] pci 0000:00:11.0: PCI bridge, secondary bus 0000:02
[    0.554277] pci 0000:00:11.0:   IO window: 0x2000-0x3fff
[    0.554314] pci 0000:00:11.0:   MEM window: 0xc9000000-0xca3fffff
[    0.554342] pci 0000:00:11.0:   PREFETCH window: 0x000000d8400000-0x000000d89fffff
[    0.554392] pci 0000:00:15.0: PCI bridge, secondary bus 0000:03
[    0.554405] pci 0000:00:15.0:   IO window: 0x4000-0x4fff
[    0.554435] pci 0000:00:15.0:   MEM window: 0xca400000-0xca4fffff
[    0.554455] pci 0000:00:15.0:   PREFETCH window: 0x000000d8a00000-0x000000d8afffff
[    0.554508] pci 0000:00:15.1: PCI bridge, secondary bus 0000:04
[    0.554520] pci 0000:00:15.1:   IO window: 0x8000-0x8fff
[    0.554550] pci 0000:00:15.1:   MEM window: 0xca800000-0xca8fffff
[    0.554570] pci 0000:00:15.1:   PREFETCH window: 0x000000d8e00000-0x000000d8efffff
[    0.554614] pci 0000:00:15.2: PCI bridge, secondary bus 0000:05
[    0.554626] pci 0000:00:15.2:   IO window: 0xc000-0xcfff
[    0.554655] pci 0000:00:15.2:   MEM window: 0xcac00000-0xcacfffff
[    0.554676] pci 0000:00:15.2:   PREFETCH window: 0x000000d9200000-0x000000d92fffff
[    0.554719] pci 0000:00:15.3: PCI bridge, secondary bus 0000:06
[    0.554720] pci 0000:00:15.3:   IO window: disabled
[    0.554751] pci 0000:00:15.3:   MEM window: 0xcb000000-0xcb0fffff
[    0.554771] pci 0000:00:15.3:   PREFETCH window: 0x000000d9600000-0x000000d96fffff
[    0.554814] pci 0000:00:15.4: PCI bridge, secondary bus 0000:07
[    0.554816] pci 0000:00:15.4:   IO window: disabled
[    0.554846] pci 0000:00:15.4:   MEM window: 0xcb400000-0xcb4fffff
[    0.554866] pci 0000:00:15.4:   PREFETCH window: 0x000000d9a00000-0x000000d9afffff
[    0.554909] pci 0000:00:15.5: PCI bridge, secondary bus 0000:08
[    0.554911] pci 0000:00:15.5:   IO window: disabled
[    0.554940] pci 0000:00:15.5:   MEM window: 0xcb800000-0xcb8fffff
[    0.554961] pci 0000:00:15.5:   PREFETCH window: 0x000000d9e00000-0x000000d9efffff
[    0.555017] pci 0000:00:15.6: PCI bridge, secondary bus 0000:09
[    0.555019] pci 0000:00:15.6:   IO window: disabled
[    0.555049] pci 0000:00:15.6:   MEM window: 0xcbc00000-0xcbcfffff
[    0.555070] pci 0000:00:15.6:   PREFETCH window: 0x000000da200000-0x000000da2fffff
[    0.555113] pci 0000:00:15.7: PCI bridge, secondary bus 0000:0a
[    0.555114] pci 0000:00:15.7:   IO window: disabled
[    0.555144] pci 0000:00:15.7:   MEM window: 0xcc000000-0xcc0fffff
[    0.555165] pci 0000:00:15.7:   PREFETCH window: 0x000000da600000-0x000000da6fffff
[    0.555208] pci 0000:00:16.0: PCI bridge, secondary bus 0000:0b
[    0.555219] pci 0000:00:16.0:   IO window: 0x5000-0x5fff
[    0.555249] pci 0000:00:16.0:   MEM window: 0xca500000-0xca5fffff
[    0.555270] pci 0000:00:16.0:   PREFETCH window: 0x000000d8b00000-0x000000d8bfffff
[    0.555312] pci 0000:00:16.1: PCI bridge, secondary bus 0000:0c
[    0.555324] pci 0000:00:16.1:   IO window: 0x9000-0x9fff
[    0.555354] pci 0000:00:16.1:   MEM window: 0xca900000-0xca9fffff
[    0.555374] pci 0000:00:16.1:   PREFETCH window: 0x000000d8f00000-0x000000d8ffffff
[    0.555417] pci 0000:00:16.2: PCI bridge, secondary bus 0000:0d
[    0.555429] pci 0000:00:16.2:   IO window: 0xd000-0xdfff
[    0.555458] pci 0000:00:16.2:   MEM window: 0xcad00000-0xcadfffff
[    0.555479] pci 0000:00:16.2:   PREFETCH window: 0x000000d9300000-0x000000d93fffff
[    0.555522] pci 0000:00:16.3: PCI bridge, secondary bus 0000:0e
[    0.555524] pci 0000:00:16.3:   IO window: disabled
[    0.555553] pci 0000:00:16.3:   MEM window: 0xcb100000-0xcb1fffff
[    0.555574] pci 0000:00:16.3:   PREFETCH window: 0x000000d9700000-0x000000d97fffff
[    0.555617] pci 0000:00:16.4: PCI bridge, secondary bus 0000:0f
[    0.555619] pci 0000:00:16.4:   IO window: disabled
[    0.555648] pci 0000:00:16.4:   MEM window: 0xcb500000-0xcb5fffff
[    0.555669] pci 0000:00:16.4:   PREFETCH window: 0x000000d9b00000-0x000000d9bfffff
[    0.555711] pci 0000:00:16.5: PCI bridge, secondary bus 0000:10
[    0.555713] pci 0000:00:16.5:   IO window: disabled
[    0.555743] pci 0000:00:16.5:   MEM window: 0xcb900000-0xcb9fffff
[    0.555763] pci 0000:00:16.5:   PREFETCH window: 0x000000d9f00000-0x000000d9ffffff
[    0.555806] pci 0000:00:16.6: PCI bridge, secondary bus 0000:11
[    0.555808] pci 0000:00:16.6:   IO window: disabled
[    0.555837] pci 0000:00:16.6:   MEM window: 0xcbd00000-0xcbdfffff
[    0.555858] pci 0000:00:16.6:   PREFETCH window: 0x000000da300000-0x000000da3fffff
[    0.555900] pci 0000:00:16.7: PCI bridge, secondary bus 0000:12
[    0.555902] pci 0000:00:16.7:   IO window: disabled
[    0.555932] pci 0000:00:16.7:   MEM window: 0xcc100000-0xcc1fffff
[    0.555952] pci 0000:00:16.7:   PREFETCH window: 0x000000da700000-0x000000da7fffff
[    0.556023] pci 0000:00:17.0: PCI bridge, secondary bus 0000:13
[    0.556038] pci 0000:00:17.0:   IO window: 0x6000-0x6fff
[    0.556078] pci 0000:00:17.0:   MEM window: 0xca600000-0xca6fffff
[    0.556105] pci 0000:00:17.0:   PREFETCH window: 0x000000d8c00000-0x000000d8cfffff
[    0.556163] pci 0000:00:17.1: PCI bridge, secondary bus 0000:14
[    0.556180] pci 0000:00:17.1:   IO window: 0xa000-0xafff
[    0.556219] pci 0000:00:17.1:   MEM window: 0xcaa00000-0xcaafffff
[    0.556246] pci 0000:00:17.1:   PREFETCH window: 0x000000d9000000-0x000000d90fffff
[    0.556304] pci 0000:00:17.2: PCI bridge, secondary bus 0000:15
[    0.556320] pci 0000:00:17.2:   IO window: 0xe000-0xefff
[    0.556359] pci 0000:00:17.2:   MEM window: 0xcae00000-0xcaefffff
[    0.556387] pci 0000:00:17.2:   PREFETCH window: 0x000000d9400000-0x000000d94fffff
[    0.556445] pci 0000:00:17.3: PCI bridge, secondary bus 0000:16
[    0.556448] pci 0000:00:17.3:   IO window: disabled
[    0.556488] pci 0000:00:17.3:   MEM window: 0xcb200000-0xcb2fffff
[    0.556515] pci 0000:00:17.3:   PREFETCH window: 0x000000d9800000-0x000000d98fffff
[    0.556568] pci 0000:00:17.4: PCI bridge, secondary bus 0000:17
[    0.556571] pci 0000:00:17.4:   IO window: disabled
[    0.556608] pci 0000:00:17.4:   MEM window: 0xcb600000-0xcb6fffff
[    0.556635] pci 0000:00:17.4:   PREFETCH window: 0x000000d9c00000-0x000000d9cfffff
[    0.556692] pci 0000:00:17.5: PCI bridge, secondary bus 0000:18
[    0.556695] pci 0000:00:17.5:   IO window: disabled
[    0.556735] pci 0000:00:17.5:   MEM window: 0xcba00000-0xcbafffff
[    0.556763] pci 0000:00:17.5:   PREFETCH window: 0x000000da000000-0x000000da0fffff
[    0.556821] pci 0000:00:17.6: PCI bridge, secondary bus 0000:19
[    0.556824] pci 0000:00:17.6:   IO window: disabled
[    0.556864] pci 0000:00:17.6:   MEM window: 0xcbe00000-0xcbefffff
[    0.556891] pci 0000:00:17.6:   PREFETCH window: 0x000000da400000-0x000000da4fffff
[    0.556949] pci 0000:00:17.7: PCI bridge, secondary bus 0000:1a
[    0.556951] pci 0000:00:17.7:   IO window: disabled
[    0.556999] pci 0000:00:17.7:   MEM window: 0xcc200000-0xcc2fffff
[    0.557027] pci 0000:00:17.7:   PREFETCH window: 0x000000da800000-0x000000da8fffff
[    0.557085] pci 0000:00:18.0: PCI bridge, secondary bus 0000:1b
[    0.557101] pci 0000:00:18.0:   IO window: 0x7000-0x7fff
[    0.557140] pci 0000:00:18.0:   MEM window: 0xca700000-0xca7fffff
[    0.557168] pci 0000:00:18.0:   PREFETCH window: 0x000000d8d00000-0x000000d8dfffff
[    0.557225] pci 0000:00:18.1: PCI bridge, secondary bus 0000:1c
[    0.557241] pci 0000:00:18.1:   IO window: 0xb000-0xbfff
[    0.557280] pci 0000:00:18.1:   MEM window: 0xcab00000-0xcabfffff
[    0.557307] pci 0000:00:18.1:   PREFETCH window: 0x000000d9100000-0x000000d91fffff
[    0.557366] pci 0000:00:18.2: PCI bridge, secondary bus 0000:1d
[    0.557382] pci 0000:00:18.2:   IO window: 0xf000-0xffff
[    0.557422] pci 0000:00:18.2:   MEM window: 0xcaf00000-0xcaffffff
[    0.557450] pci 0000:00:18.2:   PREFETCH window: 0x000000d9500000-0x000000d95fffff
[    0.557508] pci 0000:00:18.3: PCI bridge, secondary bus 0000:1e
[    0.557511] pci 0000:00:18.3:   IO window: disabled
[    0.557551] pci 0000:00:18.3:   MEM window: 0xcb300000-0xcb3fffff
[    0.557578] pci 0000:00:18.3:   PREFETCH window: 0x000000d9900000-0x000000d99fffff
[    0.557636] pci 0000:00:18.4: PCI bridge, secondary bus 0000:1f
[    0.557639] pci 0000:00:18.4:   IO window: disabled
[    0.557679] pci 0000:00:18.4:   MEM window: 0xcb700000-0xcb7fffff
[    0.557707] pci 0000:00:18.4:   PREFETCH window: 0x000000d9d00000-0x000000d9dfffff
[    0.557765] pci 0000:00:18.5: PCI bridge, secondary bus 0000:20
[    0.557768] pci 0000:00:18.5:   IO window: disabled
[    0.557807] pci 0000:00:18.5:   MEM window: 0xcbb00000-0xcbbfffff
[    0.557835] pci 0000:00:18.5:   PREFETCH window: 0x000000da100000-0x000000da1fffff
[    0.557892] pci 0000:00:18.6: PCI bridge, secondary bus 0000:21
[    0.557895] pci 0000:00:18.6:   IO window: disabled
[    0.557935] pci 0000:00:18.6:   MEM window: 0xcbf00000-0xcbffffff
[    0.557963] pci 0000:00:18.6:   PREFETCH window: 0x000000da500000-0x000000da5fffff
[    0.558061] pci 0000:00:18.7: PCI bridge, secondary bus 0000:22
[    0.558064] pci 0000:00:18.7:   IO window: disabled
[    0.558102] pci 0000:00:18.7:   MEM window: 0xcc300000-0xcc3fffff
[    0.558130] pci 0000:00:18.7:   PREFETCH window: 0x000000da900000-0x000000da9fffff
[    0.558231] pci 0000:00:01.0: setting latency timer to 64
[    0.558334] pci 0000:00:15.0: setting latency timer to 64
[    0.558422] pci 0000:00:15.1: setting latency timer to 64
[    0.558510] pci 0000:00:15.2: setting latency timer to 64
[    0.558598] pci 0000:00:15.3: setting latency timer to 64
[    0.558684] pci 0000:00:15.4: setting latency timer to 64
[    0.558767] pci 0000:00:15.5: setting latency timer to 64
[    0.558853] pci 0000:00:15.6: setting latency timer to 64
[    0.558944] pci 0000:00:15.7: setting latency timer to 64
[    0.559043] pci 0000:00:16.0: setting latency timer to 64
[    0.559131] pci 0000:00:16.1: setting latency timer to 64
[    0.559217] pci 0000:00:16.2: setting latency timer to 64
[    0.559304] pci 0000:00:16.3: setting latency timer to 64
[    0.559393] pci 0000:00:16.4: setting latency timer to 64
[    0.559481] pci 0000:00:16.5: setting latency timer to 64
[    0.559573] pci 0000:00:16.6: setting latency timer to 64
[    0.559665] pci 0000:00:16.7: setting latency timer to 64
[    0.559758] pci 0000:00:17.0: setting latency timer to 64
[    0.559838] pci 0000:00:17.1: setting latency timer to 64
[    0.559905] pci 0000:00:17.2: setting latency timer to 64
[    0.560007] pci 0000:00:17.3: setting latency timer to 64
[    0.560095] pci 0000:00:17.4: setting latency timer to 64
[    0.560170] pci 0000:00:17.5: setting latency timer to 64
[    0.560236] pci 0000:00:17.6: setting latency timer to 64
[    0.560303] pci 0000:00:17.7: setting latency timer to 64
[    0.560370] pci 0000:00:18.0: setting latency timer to 64
[    0.560437] pci 0000:00:18.1: setting latency timer to 64
[    0.560504] pci 0000:00:18.2: setting latency timer to 64
[    0.560570] pci 0000:00:18.3: setting latency timer to 64
[    0.560637] pci 0000:00:18.4: setting latency timer to 64
[    0.560704] pci 0000:00:18.5: setting latency timer to 64
[    0.560770] pci 0000:00:18.6: setting latency timer to 64
[    0.560836] pci 0000:00:18.7: setting latency timer to 64
[    0.560849] pci_bus 0000:00: resource 0 io:  [0x00-0xffff]
[    0.560852] pci_bus 0000:00: resource 1 mem: [0x000000-0xffffffffffffffff]
[    0.560854] pci_bus 0000:02: resource 0 io:  [0x2000-0x3fff]
[    0.560856] pci_bus 0000:02: resource 1 mem: [0xc9000000-0xca3fffff]
[    0.560858] pci_bus 0000:02: resource 2 pref mem [0xd8400000-0xd89fffff]
[    0.560860] pci_bus 0000:02: resource 3 io:  [0x00-0xffff]
[    0.560862] pci_bus 0000:02: resource 4 mem: [0x000000-0xffffffffffffffff]
[    0.560864] pci_bus 0000:03: resource 0 io:  [0x4000-0x4fff]
[    0.560866] pci_bus 0000:03: resource 1 mem: [0xca400000-0xca4fffff]
[    0.560868] pci_bus 0000:03: resource 2 pref mem [0xd8a00000-0xd8afffff]
[    0.560870] pci_bus 0000:04: resource 0 io:  [0x8000-0x8fff]
[    0.560872] pci_bus 0000:04: resource 1 mem: [0xca800000-0xca8fffff]
[    0.560874] pci_bus 0000:04: resource 2 pref mem [0xd8e00000-0xd8efffff]
[    0.560876] pci_bus 0000:05: resource 0 io:  [0xc000-0xcfff]
[    0.560878] pci_bus 0000:05: resource 1 mem: [0xcac00000-0xcacfffff]
[    0.560880] pci_bus 0000:05: resource 2 pref mem [0xd9200000-0xd92fffff]
[    0.560882] pci_bus 0000:06: resource 1 mem: [0xcb000000-0xcb0fffff]
[    0.560884] pci_bus 0000:06: resource 2 pref mem [0xd9600000-0xd96fffff]
[    0.560886] pci_bus 0000:07: resource 1 mem: [0xcb400000-0xcb4fffff]
[    0.560888] pci_bus 0000:07: resource 2 pref mem [0xd9a00000-0xd9afffff]
[    0.560890] pci_bus 0000:08: resource 1 mem: [0xcb800000-0xcb8fffff]
[    0.560892] pci_bus 0000:08: resource 2 pref mem [0xd9e00000-0xd9efffff]
[    0.560893] pci_bus 0000:09: resource 1 mem: [0xcbc00000-0xcbcfffff]
[    0.560895] pci_bus 0000:09: resource 2 pref mem [0xda200000-0xda2fffff]
[    0.560897] pci_bus 0000:0a: resource 1 mem: [0xcc000000-0xcc0fffff]
[    0.560899] pci_bus 0000:0a: resource 2 pref mem [0xda600000-0xda6fffff]
[    0.560901] pci_bus 0000:0b: resource 0 io:  [0x5000-0x5fff]
[    0.560903] pci_bus 0000:0b: resource 1 mem: [0xca500000-0xca5fffff]
[    0.560905] pci_bus 0000:0b: resource 2 pref mem [0xd8b00000-0xd8bfffff]
[    0.560907] pci_bus 0000:0c: resource 0 io:  [0x9000-0x9fff]
[    0.560909] pci_bus 0000:0c: resource 1 mem: [0xca900000-0xca9fffff]
[    0.560911] pci_bus 0000:0c: resource 2 pref mem [0xd8f00000-0xd8ffffff]
[    0.560913] pci_bus 0000:0d: resource 0 io:  [0xd000-0xdfff]
[    0.560914] pci_bus 0000:0d: resource 1 mem: [0xcad00000-0xcadfffff]
[    0.560916] pci_bus 0000:0d: resource 2 pref mem [0xd9300000-0xd93fffff]
[    0.560918] pci_bus 0000:0e: resource 1 mem: [0xcb100000-0xcb1fffff]
[    0.560920] pci_bus 0000:0e: resource 2 pref mem [0xd9700000-0xd97fffff]
[    0.560922] pci_bus 0000:0f: resource 1 mem: [0xcb500000-0xcb5fffff]
[    0.560924] pci_bus 0000:0f: resource 2 pref mem [0xd9b00000-0xd9bfffff]
[    0.560926] pci_bus 0000:10: resource 1 mem: [0xcb900000-0xcb9fffff]
[    0.560928] pci_bus 0000:10: resource 2 pref mem [0xd9f00000-0xd9ffffff]
[    0.560930] pci_bus 0000:11: resource 1 mem: [0xcbd00000-0xcbdfffff]
[    0.560932] pci_bus 0000:11: resource 2 pref mem [0xda300000-0xda3fffff]
[    0.560934] pci_bus 0000:12: resource 1 mem: [0xcc100000-0xcc1fffff]
[    0.560936] pci_bus 0000:12: resource 2 pref mem [0xda700000-0xda7fffff]
[    0.560938] pci_bus 0000:13: resource 0 io:  [0x6000-0x6fff]
[    0.560940] pci_bus 0000:13: resource 1 mem: [0xca600000-0xca6fffff]
[    0.560951] pci_bus 0000:13: resource 2 pref mem [0xd8c00000-0xd8cfffff]
[    0.560954] pci_bus 0000:14: resource 0 io:  [0xa000-0xafff]
[    0.560955] pci_bus 0000:14: resource 1 mem: [0xcaa00000-0xcaafffff]
[    0.560957] pci_bus 0000:14: resource 2 pref mem [0xd9000000-0xd90fffff]
[    0.560959] pci_bus 0000:15: resource 0 io:  [0xe000-0xefff]
[    0.560961] pci_bus 0000:15: resource 1 mem: [0xcae00000-0xcaefffff]
[    0.560963] pci_bus 0000:15: resource 2 pref mem [0xd9400000-0xd94fffff]
[    0.560965] pci_bus 0000:16: resource 1 mem: [0xcb200000-0xcb2fffff]
[    0.560967] pci_bus 0000:16: resource 2 pref mem [0xd9800000-0xd98fffff]
[    0.560969] pci_bus 0000:17: resource 1 mem: [0xcb600000-0xcb6fffff]
[    0.560971] pci_bus 0000:17: resource 2 pref mem [0xd9c00000-0xd9cfffff]
[    0.560973] pci_bus 0000:18: resource 1 mem: [0xcba00000-0xcbafffff]
[    0.560975] pci_bus 0000:18: resource 2 pref mem [0xda000000-0xda0fffff]
[    0.560977] pci_bus 0000:19: resource 1 mem: [0xcbe00000-0xcbefffff]
[    0.560979] pci_bus 0000:19: resource 2 pref mem [0xda400000-0xda4fffff]
[    0.560981] pci_bus 0000:1a: resource 1 mem: [0xcc200000-0xcc2fffff]
[    0.560983] pci_bus 0000:1a: resource 2 pref mem [0xda800000-0xda8fffff]
[    0.560985] pci_bus 0000:1b: resource 0 io:  [0x7000-0x7fff]
[    0.560986] pci_bus 0000:1b: resource 1 mem: [0xca700000-0xca7fffff]
[    0.560988] pci_bus 0000:1b: resource 2 pref mem [0xd8d00000-0xd8dfffff]
[    0.560991] pci_bus 0000:1c: resource 0 io:  [0xb000-0xbfff]
[    0.560993] pci_bus 0000:1c: resource 1 mem: [0xcab00000-0xcabfffff]
[    0.560995] pci_bus 0000:1c: resource 2 pref mem [0xd9100000-0xd91fffff]
[    0.560996] pci_bus 0000:1d: resource 0 io:  [0xf000-0xffff]
[    0.560998] pci_bus 0000:1d: resource 1 mem: [0xcaf00000-0xcaffffff]
[    0.561000] pci_bus 0000:1d: resource 2 pref mem [0xd9500000-0xd95fffff]
[    0.561002] pci_bus 0000:1e: resource 1 mem: [0xcb300000-0xcb3fffff]
[    0.561004] pci_bus 0000:1e: resource 2 pref mem [0xd9900000-0xd99fffff]
[    0.561006] pci_bus 0000:1f: resource 1 mem: [0xcb700000-0xcb7fffff]
[    0.561008] pci_bus 0000:1f: resource 2 pref mem [0xd9d00000-0xd9dfffff]
[    0.561010] pci_bus 0000:20: resource 1 mem: [0xcbb00000-0xcbbfffff]
[    0.561012] pci_bus 0000:20: resource 2 pref mem [0xda100000-0xda1fffff]
[    0.561014] pci_bus 0000:21: resource 1 mem: [0xcbf00000-0xcbffffff]
[    0.561016] pci_bus 0000:21: resource 2 pref mem [0xda500000-0xda5fffff]
[    0.561018] pci_bus 0000:22: resource 1 mem: [0xcc300000-0xcc3fffff]
[    0.561020] pci_bus 0000:22: resource 2 pref mem [0xda900000-0xda9fffff]
[    0.561046] NET: Registered protocol family 2
[    0.561064] RANDOM - __random32 called. Change num 7.  Value: e4915c27	228b7335	4c33f162
[    0.561066] RANDOM - random32 called.  Value: e4915c27	228b7335	4c33f162
[    0.561075] random 0000 0000 0000 00000000 00000000: rand_read_num 2 get_random_bytes(4): sig fffffe1a 00000000 00000000
[    0.561078] random 0000 0000 0000 00000000 00000000: extract_entropy(.. 4 ..)
[    0.561080] random 0000 0000 0000 00000000 00000000: going to reseed nonblocking with 64 bits (32 of 0 requested)
[    0.561083] random 0000 0000 0000 00000000 00000000: extract_entropy(.. 8 ..)
[    0.561085] random 0000 0000 0000 00000000 00000000: trying to extract 64 bits from input
[    0.561087] random 0000 0000 0000 00000000 00000000: debiting 0 entropy credits from input
[    0.561089] random 0000 0000 0000 00000000 00000000: extract_entropy account returned: 0 
[    0.561092] random 0000 0000 0000 00000000 00000000: urand_change_num 3 xfer_secondary_pool(4): pool_sig fffffe1a, data_sig 00000000, bytes_mixed 0 00000000 00000000
[    0.561095] random 0000 0000 0000 00000000 00000000: trying to extract 32 bits from nonblocking
[    0.561098] random 0000 0000 0000 00000000 00000000: debiting 32 entropy credits from nonblocking (unlimited)
[    0.561100] random 0000 0000 0000 00000000 00000000: extract_entropy account returned: 4 
[    0.561104] random 0000 0000 0000 00000000 00000000: urand_change_num 4 extract_buf: pool_sig fffffe1a, data_sig fffffed7, bytes_mixed 20 00000000 00000000
[    0.561137] IP route cache hash table entries: 32768 (order: 5, 131072 bytes)
[    0.561232] RANDOM - __random32 called. Change num 8.  Value: 15c279e2	28b73354	e2c5b58f
[    0.561234] RANDOM - random32 called.  Value: 15c279e2	28b73354	e2c5b58f
[    0.561295] RANDOM - __random32 called. Change num 9.  Value: 279e2b5f	8b733545	6b1e9d03
[    0.561297] RANDOM - random32 called.  Value: 279e2b5f	8b733545	6b1e9d03
[    0.561300] RANDOM - __random32 called. Change num 10.  Value: e2b5fc5e	b7335453	3a067d4e
[    0.561301] RANDOM - random32 called.  Value: e2b5fc5e	b7335453	3a067d4e
[    0.561324] RANDOM - __random32 called. Change num 11.  Value: 5fc5eba7	73354535	fa9d46b2
[    0.561326] RANDOM - random32 called.  Value: 5fc5eba7	73354535	fa9d46b2
[    0.561338] TCP established hash table entries: 131072 (order: 8, 1048576 bytes)
[    0.561441] TCP bind hash table entries: 65536 (order: 7, 524288 bytes)
[    0.561544] TCP: Hash tables configured (established 131072 bind 65536)
[    0.561546] TCP reno registered
[    0.561584] NET: Registered protocol family 1
[    0.561595] pci 0000:00:00.0: Limiting direct PCI/PCI transfers
[    0.561617] pci 0000:00:0f.0: Boot video device
[    0.561828] Trying to unpack rootfs image as initramfs...
[    1.684407] Freeing initrd memory: 83430k freed
[    1.688421] Simple Boot Flag at 0x36 set to 0x1
[    1.688466] cpufreq-nforce2: No nForce2 chipset.
[    1.688482] Scanning for low memory corruption every 60 seconds
[    1.688606] audit: initializing netlink socket (disabled)
[    1.688615] type=2000 audit(1369434071.672:1): initialized
[    1.692537] highmem bounce pool size: 64 pages
[    1.692542] HugeTLB registered 2 MB page size, pre-allocated 0 pages
[    1.692639] VFS: Disk quotas dquot_6.5.2
[    1.692670] Dquot-cache hash table entries: 1024 (order 0, 4096 bytes)
[    1.692752] fuse init (API version 7.13)
[    1.692797] msgmni has been set to 1729
[    1.693072] alg: No test for stdrng (krng)
[    1.693106] Block layer SCSI generic (bsg) driver version 0.4 loaded (major 253)
[    1.693108] io scheduler noop registered
[    1.693109] io scheduler anticipatory registered
[    1.693111] io scheduler deadline registered
[    1.693130] io scheduler cfq registered (default)
[    1.693175]   alloc irq_desc for 24 on node -1
[    1.693177]   alloc kstat_irqs on node -1
[    1.693222] pcieport 0000:00:15.0: irq 24 for MSI/MSI-X
[    1.693267] pcieport 0000:00:15.0: setting latency timer to 64
[    1.693312]   alloc irq_desc for 25 on node -1
[    1.693314]   alloc kstat_irqs on node -1
[    1.693359] pcieport 0000:00:15.1: irq 25 for MSI/MSI-X
[    1.693404] pcieport 0000:00:15.1: setting latency timer to 64
[    1.693449]   alloc irq_desc for 26 on node -1
[    1.693451]   alloc kstat_irqs on node -1
[    1.693496] pcieport 0000:00:15.2: irq 26 for MSI/MSI-X
[    1.693540] pcieport 0000:00:15.2: setting latency timer to 64
[    1.693585]   alloc irq_desc for 27 on node -1
[    1.693588]   alloc kstat_irqs on node -1
[    1.693633] pcieport 0000:00:15.3: irq 27 for MSI/MSI-X
[    1.693677] pcieport 0000:00:15.3: setting latency timer to 64
[    1.693722]   alloc irq_desc for 28 on node -1
[    1.693725]   alloc kstat_irqs on node -1
[    1.693769] pcieport 0000:00:15.4: irq 28 for MSI/MSI-X
[    1.693814] pcieport 0000:00:15.4: setting latency timer to 64
[    1.693859]   alloc irq_desc for 29 on node -1
[    1.693861]   alloc kstat_irqs on node -1
[    1.693906] pcieport 0000:00:15.5: irq 29 for MSI/MSI-X
[    1.693951] pcieport 0000:00:15.5: setting latency timer to 64
[    1.693996]   alloc irq_desc for 30 on node -1
[    1.693999]   alloc kstat_irqs on node -1
[    1.694044] pcieport 0000:00:15.6: irq 30 for MSI/MSI-X
[    1.694089] pcieport 0000:00:15.6: setting latency timer to 64
[    1.694133]   alloc irq_desc for 31 on node -1
[    1.694135]   alloc kstat_irqs on node -1
[    1.694180] pcieport 0000:00:15.7: irq 31 for MSI/MSI-X
[    1.694225] pcieport 0000:00:15.7: setting latency timer to 64
[    1.694270]   alloc irq_desc for 32 on node -1
[    1.694272]   alloc kstat_irqs on node -1
[    1.694317] pcieport 0000:00:16.0: irq 32 for MSI/MSI-X
[    1.694362] pcieport 0000:00:16.0: setting latency timer to 64
[    1.694406]   alloc irq_desc for 33 on node -1
[    1.694408]   alloc kstat_irqs on node -1
[    1.694453] pcieport 0000:00:16.1: irq 33 for MSI/MSI-X
[    1.694498] pcieport 0000:00:16.1: setting latency timer to 64
[    1.694543]   alloc irq_desc for 34 on node -1
[    1.694545]   alloc kstat_irqs on node -1
[    1.694589] pcieport 0000:00:16.2: irq 34 for MSI/MSI-X
[    1.694634] pcieport 0000:00:16.2: setting latency timer to 64
[    1.694679]   alloc irq_desc for 35 on node -1
[    1.694683]   alloc kstat_irqs on node -1
[    1.694728] pcieport 0000:00:16.3: irq 35 for MSI/MSI-X
[    1.694773] pcieport 0000:00:16.3: setting latency timer to 64
[    1.694817]   alloc irq_desc for 36 on node -1
[    1.694820]   alloc kstat_irqs on node -1
[    1.694865] pcieport 0000:00:16.4: irq 36 for MSI/MSI-X
[    1.694909] pcieport 0000:00:16.4: setting latency timer to 64
[    1.694954]   alloc irq_desc for 37 on node -1
[    1.694956]   alloc kstat_irqs on node -1
[    1.695001] pcieport 0000:00:16.5: irq 37 for MSI/MSI-X
[    1.695046] pcieport 0000:00:16.5: setting latency timer to 64
[    1.695091]   alloc irq_desc for 38 on node -1
[    1.695094]   alloc kstat_irqs on node -1
[    1.695139] pcieport 0000:00:16.6: irq 38 for MSI/MSI-X
[    1.695184] pcieport 0000:00:16.6: setting latency timer to 64
[    1.695229]   alloc irq_desc for 39 on node -1
[    1.695231]   alloc kstat_irqs on node -1
[    1.695276] pcieport 0000:00:16.7: irq 39 for MSI/MSI-X
[    1.695321] pcieport 0000:00:16.7: setting latency timer to 64
[    1.696510]   alloc irq_desc for 40 on node -1
[    1.696512]   alloc kstat_irqs on node -1
[    1.696557] pcieport 0000:00:17.0: irq 40 for MSI/MSI-X
[    1.696601] pcieport 0000:00:17.0: setting latency timer to 64
[    1.696646]   alloc irq_desc for 41 on node -1
[    1.696650]   alloc kstat_irqs on node -1
[    1.696695] pcieport 0000:00:17.1: irq 41 for MSI/MSI-X
[    1.696740] pcieport 0000:00:17.1: setting latency timer to 64
[    1.696784]   alloc irq_desc for 42 on node -1
[    1.696786]   alloc kstat_irqs on node -1
[    1.696831] pcieport 0000:00:17.2: irq 42 for MSI/MSI-X
[    1.696876] pcieport 0000:00:17.2: setting latency timer to 64
[    1.696921]   alloc irq_desc for 43 on node -1
[    1.696923]   alloc kstat_irqs on node -1
[    1.696968] pcieport 0000:00:17.3: irq 43 for MSI/MSI-X
[    1.697012] pcieport 0000:00:17.3: setting latency timer to 64
[    1.697057]   alloc irq_desc for 44 on node -1
[    1.697059]   alloc kstat_irqs on node -1
[    1.697104] pcieport 0000:00:17.4: irq 44 for MSI/MSI-X
[    1.697149] pcieport 0000:00:17.4: setting latency timer to 64
[    1.697194]   alloc irq_desc for 45 on node -1
[    1.697197]   alloc kstat_irqs on node -1
[    1.697242] pcieport 0000:00:17.5: irq 45 for MSI/MSI-X
[    1.697287] pcieport 0000:00:17.5: setting latency timer to 64
[    1.697332]   alloc irq_desc for 46 on node -1
[    1.697334]   alloc kstat_irqs on node -1
[    1.697379] pcieport 0000:00:17.6: irq 46 for MSI/MSI-X
[    1.697424] pcieport 0000:00:17.6: setting latency timer to 64
[    1.697468]   alloc irq_desc for 47 on node -1
[    1.697472]   alloc kstat_irqs on node -1
[    1.697517] pcieport 0000:00:17.7: irq 47 for MSI/MSI-X
[    1.697562] pcieport 0000:00:17.7: setting latency timer to 64
[    1.697607]   alloc irq_desc for 48 on node -1
[    1.697609]   alloc kstat_irqs on node -1
[    1.697653] pcieport 0000:00:18.0: irq 48 for MSI/MSI-X
[    1.697698] pcieport 0000:00:18.0: setting latency timer to 64
[    1.697743]   alloc irq_desc for 49 on node -1
[    1.697745]   alloc kstat_irqs on node -1
[    1.697790] pcieport 0000:00:18.1: irq 49 for MSI/MSI-X
[    1.697835] pcieport 0000:00:18.1: setting latency timer to 64
[    1.697880]   alloc irq_desc for 50 on node -1
[    1.697882]   alloc kstat_irqs on node -1
[    1.697927] pcieport 0000:00:18.2: irq 50 for MSI/MSI-X
[    1.697971] pcieport 0000:00:18.2: setting latency timer to 64
[    1.698016]   alloc irq_desc for 51 on node -1
[    1.698018]   alloc kstat_irqs on node -1
[    1.698063] pcieport 0000:00:18.3: irq 51 for MSI/MSI-X
[    1.698108] pcieport 0000:00:18.3: setting latency timer to 64
[    1.698153]   alloc irq_desc for 52 on node -1
[    1.698156]   alloc kstat_irqs on node -1
[    1.698201] pcieport 0000:00:18.4: irq 52 for MSI/MSI-X
[    1.698245] pcieport 0000:00:18.4: setting latency timer to 64
[    1.698290]   alloc irq_desc for 53 on node -1
[    1.698292]   alloc kstat_irqs on node -1
[    1.698337] pcieport 0000:00:18.5: irq 53 for MSI/MSI-X
[    1.698382] pcieport 0000:00:18.5: setting latency timer to 64
[    1.698427]   alloc irq_desc for 54 on node -1
[    1.698429]   alloc kstat_irqs on node -1
[    1.698473] pcieport 0000:00:18.6: irq 54 for MSI/MSI-X
[    1.698518] pcieport 0000:00:18.6: setting latency timer to 64
[    1.698563]   alloc irq_desc for 55 on node -1
[    1.698565]   alloc kstat_irqs on node -1
[    1.698610] pcieport 0000:00:18.7: irq 55 for MSI/MSI-X
[    1.698655] pcieport 0000:00:18.7: setting latency timer to 64
[    1.698700] pci_hotplug: PCI Hot Plug PCI Core version: 0.5
[    1.700492] pciehp 0000:00:15.0:pcie04: HPC vendor_id 15ad device_id 7a0 ss_vid 0 ss_did 0
[    1.700537] pciehp 0000:00:15.0:pcie04: service driver pciehp loaded
[    1.700581] pciehp 0000:00:15.1:pcie04: HPC vendor_id 15ad device_id 7a0 ss_vid 0 ss_did 0
[    1.700626] pciehp 0000:00:15.1:pcie04: service driver pciehp loaded
[    1.700671] pciehp 0000:00:15.2:pcie04: HPC vendor_id 15ad device_id 7a0 ss_vid 0 ss_did 0
[    1.700716] pciehp 0000:00:15.2:pcie04: service driver pciehp loaded
[    1.700761] pciehp 0000:00:15.3:pcie04: HPC vendor_id 15ad device_id 7a0 ss_vid 0 ss_did 0
[    1.700806] pciehp 0000:00:15.3:pcie04: service driver pciehp loaded
[    1.700850] pciehp 0000:00:15.4:pcie04: HPC vendor_id 15ad device_id 7a0 ss_vid 0 ss_did 0
[    1.700895] pciehp 0000:00:15.4:pcie04: service driver pciehp loaded
[    1.700940] pciehp 0000:00:15.5:pcie04: HPC vendor_id 15ad device_id 7a0 ss_vid 0 ss_did 0
[    1.700985] pciehp 0000:00:15.5:pcie04: service driver pciehp loaded
[    1.701030] pciehp 0000:00:15.6:pcie04: HPC vendor_id 15ad device_id 7a0 ss_vid 0 ss_did 0
[    1.701075] pciehp 0000:00:15.6:pcie04: service driver pciehp loaded
[    1.701119] pciehp 0000:00:15.7:pcie04: HPC vendor_id 15ad device_id 7a0 ss_vid 0 ss_did 0
[    1.701164] pciehp 0000:00:15.7:pcie04: service driver pciehp loaded
[    1.701209] pciehp 0000:00:16.0:pcie04: HPC vendor_id 15ad device_id 7a0 ss_vid 0 ss_did 0
[    1.701254] pciehp 0000:00:16.0:pcie04: service driver pciehp loaded
[    1.701299] pciehp 0000:00:16.1:pcie04: HPC vendor_id 15ad device_id 7a0 ss_vid 0 ss_did 0
[    1.701344] pciehp 0000:00:16.1:pcie04: service driver pciehp loaded
[    1.701388] pciehp 0000:00:16.2:pcie04: HPC vendor_id 15ad device_id 7a0 ss_vid 0 ss_did 0
[    1.701433] pciehp 0000:00:16.2:pcie04: service driver pciehp loaded
[    1.701478] pciehp 0000:00:16.3:pcie04: HPC vendor_id 15ad device_id 7a0 ss_vid 0 ss_did 0
[    1.701523] pciehp 0000:00:16.3:pcie04: service driver pciehp loaded
[    1.701568] pciehp 0000:00:16.4:pcie04: HPC vendor_id 15ad device_id 7a0 ss_vid 0 ss_did 0
[    1.701613] pciehp 0000:00:16.4:pcie04: service driver pciehp loaded
[    1.701657] pciehp 0000:00:16.5:pcie04: HPC vendor_id 15ad device_id 7a0 ss_vid 0 ss_did 0
[    1.701702] pciehp 0000:00:16.5:pcie04: service driver pciehp loaded
[    1.701747] pciehp 0000:00:16.6:pcie04: HPC vendor_id 15ad device_id 7a0 ss_vid 0 ss_did 0
[    1.701792] pciehp 0000:00:16.6:pcie04: service driver pciehp loaded
[    1.701837] pciehp 0000:00:16.7:pcie04: HPC vendor_id 15ad device_id 7a0 ss_vid 0 ss_did 0
[    1.701882] pciehp 0000:00:16.7:pcie04: service driver pciehp loaded
[    1.701926] pciehp 0000:00:17.0:pcie04: HPC vendor_id 15ad device_id 7a0 ss_vid 0 ss_did 0
[    1.701971] pciehp 0000:00:17.0:pcie04: service driver pciehp loaded
[    1.702016] pciehp 0000:00:17.1:pcie04: HPC vendor_id 15ad device_id 7a0 ss_vid 0 ss_did 0
[    1.702061] pciehp 0000:00:17.1:pcie04: service driver pciehp loaded
[    1.702106] pciehp 0000:00:17.2:pcie04: HPC vendor_id 15ad device_id 7a0 ss_vid 0 ss_did 0
[    1.702151] pciehp 0000:00:17.2:pcie04: service driver pciehp loaded
[    1.702196] pciehp 0000:00:17.3:pcie04: HPC vendor_id 15ad device_id 7a0 ss_vid 0 ss_did 0
[    1.702240] pciehp 0000:00:17.3:pcie04: service driver pciehp loaded
[    1.702285] pciehp 0000:00:17.4:pcie04: HPC vendor_id 15ad device_id 7a0 ss_vid 0 ss_did 0
[    1.702330] pciehp 0000:00:17.4:pcie04: service driver pciehp loaded
[    1.702375] pciehp 0000:00:17.5:pcie04: HPC vendor_id 15ad device_id 7a0 ss_vid 0 ss_did 0
[    1.702420] pciehp 0000:00:17.5:pcie04: service driver pciehp loaded
[    1.702465] pciehp 0000:00:17.6:pcie04: HPC vendor_id 15ad device_id 7a0 ss_vid 0 ss_did 0
[    1.702509] pciehp 0000:00:17.6:pcie04: service driver pciehp loaded
[    1.702554] pciehp 0000:00:17.7:pcie04: HPC vendor_id 15ad device_id 7a0 ss_vid 0 ss_did 0
[    1.702599] pciehp 0000:00:17.7:pcie04: service driver pciehp loaded
[    1.702644] pciehp 0000:00:18.0:pcie04: HPC vendor_id 15ad device_id 7a0 ss_vid 0 ss_did 0
[    1.702689] pciehp 0000:00:18.0:pcie04: service driver pciehp loaded
[    1.702734] pciehp 0000:00:18.1:pcie04: HPC vendor_id 15ad device_id 7a0 ss_vid 0 ss_did 0
[    1.702778] pciehp 0000:00:18.1:pcie04: service driver pciehp loaded
[    1.702823] pciehp 0000:00:18.2:pcie04: HPC vendor_id 15ad device_id 7a0 ss_vid 0 ss_did 0
[    1.702868] pciehp 0000:00:18.2:pcie04: service driver pciehp loaded
[    1.702913] pciehp 0000:00:18.3:pcie04: HPC vendor_id 15ad device_id 7a0 ss_vid 0 ss_did 0
[    1.702958] pciehp 0000:00:18.3:pcie04: service driver pciehp loaded
[    1.703003] pciehp 0000:00:18.4:pcie04: HPC vendor_id 15ad device_id 7a0 ss_vid 0 ss_did 0
[    1.703047] pciehp 0000:00:18.4:pcie04: service driver pciehp loaded
[    1.703092] pciehp 0000:00:18.5:pcie04: HPC vendor_id 15ad device_id 7a0 ss_vid 0 ss_did 0
[    1.703137] pciehp 0000:00:18.5:pcie04: service driver pciehp loaded
[    1.703182] pciehp 0000:00:18.6:pcie04: HPC vendor_id 15ad device_id 7a0 ss_vid 0 ss_did 0
[    1.703227] pciehp 0000:00:18.6:pcie04: service driver pciehp loaded
[    1.703272] pciehp 0000:00:18.7:pcie04: HPC vendor_id 15ad device_id 7a0 ss_vid 0 ss_did 0
[    1.703316] pciehp 0000:00:18.7:pcie04: service driver pciehp loaded
[    1.703324] pciehp: PCI Express Hot Plug Controller Driver version: 0.4
[    1.703374] ACPI: AC Adapter [ACAD] (on-line)
[    1.703432] input: Power Button as /devices/LNXSYSTM:00/LNXPWRBN:00/input/input0
[    1.703435] ACPI: Power Button [PWRF]
[    1.703479] processor LNXCPU:00: registered as cooling_device0
[    1.748367] isapnp: Scanning for PnP cards...
[    2.103849] isapnp: No Plug & Play device found
[    2.103882] random 0000 0000 0000 5f8db4e5 4cfdf2a8: initializing
[    2.104008] Linux agpgart interface v0.103
[    2.104060] agpgart-intel 0000:00:00.0: Intel 440BX Chipset
[    2.104112] agpgart-intel 0000:00:00.0: AGP aperture is 256M @ 0x0
[    2.104147] Serial: 8250/16550 driver, 32 ports, IRQ sharing enabled
[    2.104199] serial8250: ttyS0 at I/O 0x3f8 (irq = 4) is a 16550A
[    2.104251] serial8250: ttyS1 at I/O 0x2f8 (irq = 3) is a 16550A
[    2.104303] 00:0a: ttyS0 at I/O 0x3f8 (irq = 4) is a 16550A
[    2.104355] 00:0b: ttyS1 at I/O 0x2f8 (irq = 3) is a 16550A
[    2.104407] brd: module loaded
[    2.104459] loop: module loaded
[    2.104511] ata_piix 0000:00:07.1: version 2.13
[    2.104596] scsi0 : ata_piix
[    2.104654] scsi1 : ata_piix
[    2.104677] ata1: PATA max UDMA/33 cmd 0x1f0 ctl 0x3f6 bmdma 0x10c0 irq 14
[    2.104679] ata2: PATA max UDMA/33 cmd 0x170 ctl 0x376 bmdma 0x10c8 irq 15
[    2.104730] PPP generic driver version 2.4.2
[    2.104751] tun: Universal TUN/TAP device driver, 1.6
[    2.104753] tun: (C) 1999-2004 Max Krasnyansky <maxk@qualcomm.com>
[    2.104805] ehci_hcd: USB 2.0 'Enhanced' Host Controller (EHCI) Driver
[    2.104857] ACPI: PCI Interrupt Link [LNKB] enabled at IRQ 11
[    2.104860] PCI: setting IRQ 11 as level-triggered
[    2.104868] ehci_hcd 0000:02:03.0: PCI INT A -> Link[LNKB] -> GSI 11 (level, low) -> IRQ 11
[    2.104913] ehci_hcd 0000:02:03.0: EHCI Host Controller
[    2.104937] ehci_hcd 0000:02:03.0: new USB bus registered, assigned bus number 1
[    2.104989] ehci_hcd 0000:02:03.0: cache line size of 32 is not supported
[    2.104997] ehci_hcd 0000:02:03.0: irq 11, io mem 0xc9000000
[    2.105324] random 0000 0000 0000 00000000 00000000: rand_read_num 3 get_random_bytes(8): sig 00000000 00000000 00000000
[    2.105327] random 0000 0000 0000 00000000 00000000: extract_entropy(.. 8 ..)
[    2.105330] random 0000 0000 0000 00000000 00000000: going to reseed nonblocking with 64 bits (64 of 0 requested)
[    2.105332] random 0000 0000 0000 00000000 00000000: extract_entropy(.. 8 ..)
[    2.105335] random 0000 0000 0000 00000000 00000000: trying to extract 64 bits from input
[    2.105337] random 0000 0000 0000 00000000 00000000: debiting 0 entropy credits from input
[    2.105339] random 0000 0000 0000 00000000 00000000: extract_entropy account returned: 0 
[    2.105342] random 0000 0000 0000 00000000 00000000: urand_change_num 5 xfer_secondary_pool(8): pool_sig 00000000, data_sig 00000000, bytes_mixed 0 00000000 00000000
[    2.105345] random 0000 0000 0000 00000000 00000000: trying to extract 64 bits from nonblocking
[    2.105348] random 0000 0000 0000 00000000 00000000: debiting 64 entropy credits from nonblocking (unlimited)
[    2.105350] random 0000 0000 0000 00000000 00000000: extract_entropy account returned: 8 
[    2.105354] random 0000 0000 0000 00000000 00000000: urand_change_num 6 extract_buf: pool_sig 00000000, data_sig fffffff9, bytes_mixed 20 00000000 00000000
[    2.115808] ehci_hcd 0000:02:03.0: USB 2.0 started, EHCI 1.00
[    2.115860] usb usb1: configuration #1 chosen from 1 choice
[    2.115880] hub 1-0:1.0: USB hub found
[    2.115885] hub 1-0:1.0: 6 ports detected
[    2.115923] ohci_hcd: USB 1.1 'Open' Host Controller (OHCI) Driver
[    2.115934] uhci_hcd: USB Universal Host Controller Interface driver
[    2.115986] ACPI: PCI Interrupt Link [LNKC] enabled at IRQ 10
[    2.115989] PCI: setting IRQ 10 as level-triggered
[    2.115993] uhci_hcd 0000:02:00.0: PCI INT A -> Link[LNKC] -> GSI 10 (level, low) -> IRQ 10
[    2.116028] uhci_hcd 0000:02:00.0: UHCI Host Controller
[    2.116058] uhci_hcd 0000:02:00.0: new USB bus registered, assigned bus number 2
[    2.116162] uhci_hcd 0000:02:00.0: irq 10, io base 0x000020c0
[    2.116214] usb usb2: configuration #1 chosen from 1 choice
[    2.116230] hub 2-0:1.0: USB hub found
[    2.116235] hub 2-0:1.0: 2 ports detected
[    2.116287] usbcore: registered new interface driver libusual
[    2.116326] PNP: PS/2 Controller [PNP0303:KBC,PNP0f13:MOUS] at 0x60,0x64 irq 1,12
[    2.116657] serio: i8042 KBD port at 0x60,0x64 irq 1
[    2.116664] serio: i8042 AUX port at 0x60,0x64 irq 12
[    2.116701] mice: PS/2 mouse device common for all mice
[    2.116753] rtc_cmos 00:04: rtc core: registered rtc_cmos as rtc0
[    2.116771] rtc0: alarms up to one month, y3k, 114 bytes nvram, hpet irqs
[    2.116823] device-mapper: uevent: version 1.0.3
[    2.116941] device-mapper: ioctl: 4.15.0-ioctl (2009-04-01) initialised: dm-devel@redhat.com
[    2.116959] EISA: Probing bus 0 at eisa.0
[    2.116966] Cannot allocate resource for EISA slot 1
[    2.116969] Cannot allocate resource for EISA slot 2
[    2.116971] Cannot allocate resource for EISA slot 3
[    2.116972] Cannot allocate resource for EISA slot 4
[    2.116974] Cannot allocate resource for EISA slot 5
[    2.116976] Cannot allocate resource for EISA slot 6
[    2.116978] Cannot allocate resource for EISA slot 7
[    2.116980] Cannot allocate resource for EISA slot 8
[    2.116982] EISA: Detected 0 cards.
[    2.117076] cpuidle: using governor ladder
[    2.117078] cpuidle: using governor menu
[    2.117130] random 0000 0000 0000 00000000 00000000: rand_read_num 4 get_random_bytes(136): sig 0000021d 00000000 00000000
[    2.117133] random 0000 0000 0000 00000000 00000000: extract_entropy(.. 136 ..)
[    2.117135] random 0000 0000 0000 00000000 00000000: going to reseed nonblocking with 1024 bits (1088 of 0 requested)
[    2.117138] random 0000 0000 0000 00000000 00000000: extract_entropy(.. 128 ..)
[    2.117140] random 0000 0000 0000 00000000 00000000: trying to extract 1024 bits from input
[    2.117142] random 0000 0000 0000 00000000 00000000: debiting 0 entropy credits from input
[    2.117144] random 0000 0000 0000 00000000 00000000: extract_entropy account returned: 0 
[    2.117147] random 0000 0000 0000 00000000 00000000: urand_change_num 7 xfer_secondary_pool(136): pool_sig 0000021d, data_sig 00000000, bytes_mixed 0 00000000 00000000
[    2.117150] random 0000 0000 0000 00000000 00000000: trying to extract 1088 bits from nonblocking
[    2.117153] random 0000 0000 0000 00000000 00000000: debiting 1088 entropy credits from nonblocking (unlimited)
[    2.117155] random 0000 0000 0000 00000000 00000000: extract_entropy account returned: 136 
[    2.117159] random 0000 0000 0000 00000000 00000000: urand_change_num 8 extract_buf: pool_sig 0000021d, data_sig fffffff7, bytes_mixed 20 00000000 00000000
[    2.117163] random 0000 0000 0000 f961ee50 ba9cb1aa: urand_change_num 9 extract_buf: pool_sig 00000230, data_sig fffffeb4, bytes_mixed 20 f961ee50 ba9cb1aa
[    2.117168] random 0000 0000 0000 9748bdd6 56fb8af6: urand_change_num 10 extract_buf: pool_sig 00000373, data_sig 000000cf, bytes_mixed 20 9748bdd6 56fb8af6
[    2.117172] random 0000 0000 0000 9748bdd6 56fb8af6: urand_change_num 11 extract_buf: pool_sig fffffe49, data_sig 0000023f, bytes_mixed 20 9748bdd6 56fb8af6
[    2.117177] random 0000 0000 0000 a135be86 4777650e: urand_change_num 12 extract_buf: pool_sig fffffcce, data_sig 000000c6, bytes_mixed 20 a135be86 4777650e
[    2.117181] random 0000 0000 0000 4a6ea85d 170e00dd: urand_change_num 13 extract_buf: pool_sig ffffff97, data_sig ffffff7d, bytes_mixed 20 4a6ea85d 170e00dd
[    2.117186] random 0000 0000 0000 4a6ea85d 170e00dd: urand_change_num 14 extract_buf: pool_sig 00000160, data_sig fffffeea, bytes_mixed 20 4a6ea85d 170e00dd
[    2.117190] random 0000 0000 0000 6e87c3cb da668c73: urand_change_num 15 extract_buf: pool_sig 0000034f, data_sig ffffff54, bytes_mixed 20 6e87c3cb da668c73
[    2.117195] random 0000 0000 0000 6e87c3cb da668c73: urand_change_num 16 extract_buf: pool_sig fffffdc5, data_sig 00000205, bytes_mixed 20 6e87c3cb da668c73
[    2.117199] random 0000 0000 0000 39f531e6 461eb249: urand_change_num 17 extract_buf: pool_sig fffffc1d, data_sig ffffff5e, bytes_mixed 20 39f531e6 461eb249
[    2.117204] random 0000 0000 0000 7e1538a2 3e661182: urand_change_num 18 extract_buf: pool_sig 000006ef, data_sig ffffff2e, bytes_mixed 20 7e1538a2 3e661182
[    2.117208] random 0000 0000 0000 7e1538a2 3e661182: urand_change_num 19 extract_buf: pool_sig 00000317, data_sig fffffccb, bytes_mixed 20 7e1538a2 3e661182
[    2.117212] random 0000 0000 0000 76af506b 9b57305e: urand_change_num 20 extract_buf: pool_sig 00000227, data_sig ffffffd2, bytes_mixed 20 76af506b 9b57305e
[    2.117217] random 0000 0000 0000 37d49d89 e20417cc: urand_change_num 21 extract_buf: pool_sig 0000080b, data_sig 000001e9, bytes_mixed 20 37d49d89 e20417cc
[    2.117221] TCP cubic registered
[    2.117273] NET: Registered protocol family 10
[    2.117309] RANDOM - __random32 called. Change num 12.  Value: 5eba7c56	3354535f	8d65ceee
[    2.117311] RANDOM - random32 called.  Value: 5eba7c56	3354535f	8d65ceee
[    2.117320] random 0000 0000 0000 37d49d89 e20417cc: rand_read_num 5 get_random_bytes(4): sig 00000298 37d49d89 e20417cc
[    2.117322] random 0000 0000 0000 37d49d89 e20417cc: extract_entropy(.. 4 ..)
[    2.117325] random 0000 0000 0000 37d49d89 e20417cc: going to reseed nonblocking with 64 bits (32 of 0 requested)
[    2.117327] random 0000 0000 0000 37d49d89 e20417cc: extract_entropy(.. 8 ..)
[    2.117329] random 0000 0000 0000 37d49d89 e20417cc: trying to extract 64 bits from input
[    2.117332] random 0000 0000 0000 37d49d89 e20417cc: debiting 0 entropy credits from input
[    2.117334] random 0000 0000 0000 37d49d89 e20417cc: extract_entropy account returned: 0 
[    2.117337] random 0000 0000 0000 37d49d89 e20417cc: urand_change_num 22 xfer_secondary_pool(4): pool_sig 00000298, data_sig 00000000, bytes_mixed 0 37d49d89 e20417cc
[    2.117339] random 0000 0000 0000 37d49d89 e20417cc: trying to extract 32 bits from nonblocking
[    2.117342] random 0000 0000 0000 37d49d89 e20417cc: debiting 32 entropy credits from nonblocking (unlimited)
[    2.117344] random 0000 0000 0000 37d49d89 e20417cc: extract_entropy account returned: 4 
[    2.117348] random 0000 0000 0000 37d49d89 e20417cc: urand_change_num 23 extract_buf: pool_sig 00000298, data_sig 00000092, bytes_mixed 20 37d49d89 e20417cc
[    2.117400] RANDOM - __random32 called. Change num 13.  Value: a7c56226	354535ff	9ddcc977
[    2.117402] RANDOM - random32 called.  Value: a7c56226	354535ff	9ddcc977
[    2.117454] NET: Registered protocol family 17
[    2.117477] Using IPI No-Shortcut mode
[    2.117483] random 0000 0000 0000 2ee4c4fc 167bdb15: rand_read_num 6 get_random_bytes(8): sig fffffcbf 2ee4c4fc 167bdb15
[    2.117485] random 0000 0000 0000 2ee4c4fc 167bdb15: extract_entropy(.. 8 ..)
[    2.117487] random 0000 0000 0000 2ee4c4fc 167bdb15: going to reseed nonblocking with 64 bits (64 of 0 requested)
[    2.117490] random 0000 0000 0000 2ee4c4fc 167bdb15: extract_entropy(.. 8 ..)
[    2.117492] random 0000 0000 0000 2ee4c4fc 167bdb15: trying to extract 64 bits from input
[    2.117494] random 0000 0000 0000 2ee4c4fc 167bdb15: debiting 0 entropy credits from input
[    2.117496] random 0000 0000 0000 2ee4c4fc 167bdb15: extract_entropy account returned: 0 
[    2.117499] random 0000 0000 0000 2ee4c4fc 167bdb15: urand_change_num 24 xfer_secondary_pool(8): pool_sig fffffcbf, data_sig 00000000, bytes_mixed 0 2ee4c4fc 167bdb15
[    2.117502] random 0000 0000 0000 2ee4c4fc 167bdb15: trying to extract 64 bits from nonblocking
[    2.117504] random 0000 0000 0000 2ee4c4fc 167bdb15: debiting 64 entropy credits from nonblocking (unlimited)
[    2.117507] random 0000 0000 0000 2ee4c4fc 167bdb15: extract_entropy account returned: 8 
[    2.117510] random 0000 0000 0000 2ee4c4fc 167bdb15: urand_change_num 25 extract_buf: pool_sig fffffcbf, data_sig ffffff83, bytes_mixed 20 2ee4c4fc 167bdb15
[    2.117556] PM: Resume from disk failed.
[    2.117564] registered taskstats version 1
[    2.117567] random 0000 0000 0000 2ee4c4fc 167bdb15: rand_read_num 7 get_random_bytes(12): sig fffffc69 2ee4c4fc 167bdb15
[    2.117570] random 0000 0000 0000 2ee4c4fc 167bdb15: extract_entropy(.. 12 ..)
[    2.117572] random 0000 0000 0000 2ee4c4fc 167bdb15: going to reseed nonblocking with 96 bits (96 of 0 requested)
[    2.117574] random 0000 0000 0000 2ee4c4fc 167bdb15: extract_entropy(.. 12 ..)
[    2.117576] random 0000 0000 0000 2ee4c4fc 167bdb15: trying to extract 96 bits from input
[    2.117578] random 0000 0000 0000 2ee4c4fc 167bdb15: debiting 0 entropy credits from input
[    2.117580] random 0000 0000 0000 2ee4c4fc 167bdb15: extract_entropy account returned: 0 
[    2.117583] random 0000 0000 0000 2ee4c4fc 167bdb15: urand_change_num 26 xfer_secondary_pool(12): pool_sig fffffc69, data_sig 00000000, bytes_mixed 0 2ee4c4fc 167bdb15
[    2.117586] random 0000 0000 0000 2ee4c4fc 167bdb15: trying to extract 96 bits from nonblocking
[    2.117588] random 0000 0000 0000 2ee4c4fc 167bdb15: debiting 96 entropy credits from nonblocking (unlimited)
[    2.117591] random 0000 0000 0000 2ee4c4fc 167bdb15: extract_entropy account returned: 12 
[    2.117594] random 0000 0000 0000 2ee4c4fc 167bdb15: urand_change_num 27 extract_buf: pool_sig fffffc69, data_sig ffffff7d, bytes_mixed 20 2ee4c4fc 167bdb15
[    2.117599] random 0000 0000 0000 83b7c1ab 94697f48: urand_change_num 28 extract_buf: pool_sig fffffe30, data_sig fffffdd6, bytes_mixed 20 83b7c1ab 94697f48
[    2.117601] RANDOM - __seed init called.
[    2.117603] RANDOM - __seed init called.
[    2.117604] RANDOM - __seed init called.
[    2.117606] RANDOM - __random32 called. Change num 14.  Value: fc007995	feca4f80	21b38ad2
[    2.117608] RANDOM - random32_reseed called.  Value: fc007995	feca4f80	21b38ad2
[    2.117610] Pid: 1, comm: swapper Not tainted 2.6.32.57 #4
[    2.117612] Call Trace:
[    2.117618]  [<c14a8a0e>] ? printk+0x1d/0x1f
[    2.117623]  [<c17537e5>] random32_reseed+0x89/0xbd
[    2.117626]  [<c1003042>] do_one_initcall+0x32/0x1a0
[    2.117650]  [<c175375c>] ? random32_reseed+0x0/0xbd
[    2.117654]  [<c17308e7>] kernel_init+0x12d/0x17a
[    2.117679]  [<c17307ba>] ? kernel_init+0x0/0x17a
[    2.117682]  [<c1009b07>] kernel_thread_helper+0x7/0x10
[    2.120354] input: AT Translated Set 2 keyboard as /devices/platform/i8042/serio0/input/input1
[    2.120630] random 0000 0000 0000 6db70b00 b30ce96b: rand_read_num 8 get_random_bytes(64): sig fffffb38 6db70b00 b30ce96b
[    2.120633] random 0000 0000 0000 6db70b00 b30ce96b: extract_entropy(.. 64 ..)
[    2.120636] random 0000 0000 0000 6db70b00 b30ce96b: going to reseed nonblocking with 512 bits (512 of 0 requested)
[    2.120638] random 0000 0000 0000 6db70b00 b30ce96b: extract_entropy(.. 64 ..)
[    2.120640] random 0000 0000 0000 6db70b00 b30ce96b: trying to extract 512 bits from input
[    2.120642] random 0000 0000 0000 6db70b00 b30ce96b: debiting 0 entropy credits from input
[    2.120644] random 0000 0000 0000 6db70b00 b30ce96b: extract_entropy account returned: 0 
[    2.120647] random 0000 0000 0000 6db70b00 b30ce96b: urand_change_num 29 xfer_secondary_pool(64): pool_sig fffffb38, data_sig 00000000, bytes_mixed 0 6db70b00 b30ce96b
[    2.120650] random 0000 0000 0000 6db70b00 b30ce96b: trying to extract 512 bits from nonblocking
[    2.120653] random 0000 0000 0000 6db70b00 b30ce96b: debiting 512 entropy credits from nonblocking (unlimited)
[    2.120655] random 0000 0000 0000 6db70b00 b30ce96b: extract_entropy account returned: 64 
[    2.120659] random 0000 0000 0000 6db70b00 b30ce96b: urand_change_num 30 extract_buf: pool_sig fffffb38, data_sig 00000151, bytes_mixed 20 6db70b00 b30ce96b
[    2.120663] random 0000 0000 0000 6db70b00 b30ce96b: urand_change_num 31 extract_buf: pool_sig fffffdb8, data_sig 00000379, bytes_mixed 20 6db70b00 b30ce96b
[    2.120667] random 0000 0000 0000 6b83001e d4b6c0d3: urand_change_num 32 extract_buf: pool_sig ffffffc9, data_sig 00000198, bytes_mixed 20 6b83001e d4b6c0d3
[    2.120672] random 0000 0000 0000 79d3e3c7 be564518: urand_change_num 33 extract_buf: pool_sig 000002b9, data_sig ffffff84, bytes_mixed 20 79d3e3c7 be564518
[    2.120676] random 0000 0000 0000 79d3e3c7 be564518: urand_change_num 34 extract_buf: pool_sig ffffff55, data_sig ffffff5a, bytes_mixed 20 79d3e3c7 be564518
[    2.120681] random 0000 0000 0000 89c03cb2 0d353228: urand_change_num 35 extract_buf: pool_sig 00000007, data_sig ffffff17, bytes_mixed 20 89c03cb2 0d353228
[    2.120685] random 0000 0000 0000 89c03cb2 0d353228: urand_change_num 36 extract_buf: pool_sig fffffdae, data_sig 000000db, bytes_mixed 20 89c03cb2 0d353228  Magic number: 13:953:401
[    2.120784] rtc_cmos 00:04: setting system clock to 2013-05-24 22:21:13 UTC (1369434073)
[    2.120787] BIOS EDD facility v0.16 2004-Jun-25, 0 devices found
[    2.120788] EDD information not available.
[    2.120813] random 0000 0000 0000 8ca62387 b120332c: rand_read_num 9 get_random_bytes(64): sig fffffed6 8ca62387 b120332c
[    2.120815] random 0000 0000 0000 8ca62387 b120332c: extract_entropy(.. 64 ..)
[    2.120818] random 0000 0000 0000 8ca62387 b120332c: going to reseed nonblocking with 512 bits (512 of 0 requested)
[    2.120820] random 0000 0000 0000 8ca62387 b120332c: extract_entropy(.. 64 ..)
[    2.120822] random 0000 0000 0000 8ca62387 b120332c: trying to extract 512 bits from input
[    2.120824] random 0000 0000 0000 8ca62387 b120332c: debiting 0 entropy credits from input
[    2.120827] random 0000 0000 0000 8ca62387 b120332c: extract_entropy account returned: 0 
[    2.120829] random 0000 0000 0000 8ca62387 b120332c: urand_change_num 37 xfer_secondary_pool(64): pool_sig fffffed6, data_sig 00000000, bytes_mixed 0 8ca62387 b120332c
[    2.120832] random 0000 0000 0000 8ca62387 b120332c: trying to extract 512 bits from nonblocking
[    2.120835] random 0000 0000 0000 8ca62387 b120332c: debiting 512 entropy credits from nonblocking (unlimited)
[    2.120837] random 0000 0000 0000 8ca62387 b120332c: extract_entropy account returned: 64 
[    2.120840] random 0000 0000 0000 8ca62387 b120332c: urand_change_num 38 extract_buf: pool_sig fffffed6, data_sig fffffeb6, bytes_mixed 20 8ca62387 b120332c
[    2.120845] random 0000 0000 0000 90702413 e2a66c2e: urand_change_num 39 extract_buf: pool_sig fffffbb0, data_sig 0000012e, bytes_mixed 20 90702413 e2a66c2e
[    2.120849] random 0000 0000 0000 90702413 e2a66c2e: urand_change_num 40 extract_buf: pool_sig fffffaf1, data_sig ffffff3c, bytes_mixed 20 90702413 e2a66c2e
[    2.120853] random 0000 0000 0000 3f58038b c77aecb6: urand_change_num 41 extract_buf: pool_sig 00000234, data_sig fffffdec, bytes_mixed 20 3f58038b c77aecb6
[    2.120858] random 0000 0000 0000 47187b9d 03f21510: urand_change_num 42 extract_buf: pool_sig 00000192, data_sig 00000075, bytes_mixed 20 47187b9d 03f21510
[    2.120862] random 0000 0000 0000 47187b9d 03f21510: urand_change_num 43 extract_buf: pool_sig 0000018e, data_sig ffffffbf, bytes_mixed 20 47187b9d 03f21510
[    2.120867] random 0000 0000 0000 3180b1fc 0fa9c973: urand_change_num 44 extract_buf: pool_sig fffffecf, data_sig ffffff2a, bytes_mixed 20 3180b1fc 0fa9c973
[    2.120870] BEGIN NET_SECRET:
[    2.120871] \xffffff87
[    2.120872] \xffffff8d
[    2.120873] \xfffffff4
[    2.120874] \xffffffae
[    2.120876] \xffffffc3
[    2.120885] \xffffffb7
[    2.120886] \x31
[    2.120887] \x65
[    2.120888] \xffffffda
[    2.120890] \xffffffa2
[    2.120891] \x31
[    2.120892] \xffffffc8
[    2.120893] \xffffffa9
[    2.120894] \x76
[    2.120895] \x76
[    2.120896] \xffffff90
[    2.120898] \x55
[    2.120899] \xfffffff3
[    2.120900] \xffffffb1
[    2.120901] \x3
[    2.120902] \xffffffb3
[    2.120903] \xffffffa7
[    2.120905] \x5a
[    2.120906] \x71
[    2.120907] \x70
[    2.120908] \xffffff8c
[    2.120909] \x56
[    2.120910] \x25
[    2.120911] \xffffffe1
[    2.120912] \x4c
[    2.120914] \xffffffe6
[    2.120915] \xffffff95
[    2.120916] \x67
[    2.120917] \x4c
[    2.120918] \xffffffb9
[    2.120919] \x1d
[    2.120920] \xe
[    2.120922] \x34
[    2.120923] \xffffffbe
[    2.120924] \x12
[    2.120925] \x5
[    2.120926] \xffffff98
[    2.120927] \xffffffa0
[    2.120928] \xf
[    2.120930] \xffffffb2
[    2.120931] \xffffffde
[    2.120932] \xffffff99
[    2.120933] \xf
[    2.120934] \xffffffe8
[    2.120935] \xffffffc8
[    2.120937] \x1f
[    2.120938] \x54
[    2.120939] \x2c
[    2.120940] \xffffffee
[    2.120941] \x2e
[    2.120942] \x0
[    2.120943] \xffffff95
[    2.120945] \x0
[    2.120946] \xffffffe3
[    2.120947] \xffffffa7
[    2.120948] \xfffffffd
[    2.120949] \x66
[    2.120950] \xffffff92
[    2.120951] \xfffffff0
[    2.120953] 
[    2.120953] END NET_SECRET
[    2.120956] random 0000 0000 0000 3180b1fc 0fa9c973: rand_read_num 10 get_random_bytes(4): sig ffffff46 3180b1fc 0fa9c973
[    2.120959] random 0000 0000 0000 3180b1fc 0fa9c973: extract_entropy(.. 4 ..)
[    2.120961] random 0000 0000 0000 3180b1fc 0fa9c973: going to reseed nonblocking with 64 bits (32 of 0 requested)
[    2.120963] random 0000 0000 0000 3180b1fc 0fa9c973: extract_entropy(.. 8 ..)
[    2.120965] random 0000 0000 0000 3180b1fc 0fa9c973: trying to extract 64 bits from input
[    2.120968] random 0000 0000 0000 3180b1fc 0fa9c973: debiting 0 entropy credits from input
[    2.120970] random 0000 0000 0000 3180b1fc 0fa9c973: extract_entropy account returned: 0 
[    2.120973] random 0000 0000 0000 3180b1fc 0fa9c973: urand_change_num 45 xfer_secondary_pool(4): pool_sig ffffff46, data_sig 00000000, bytes_mixed 0 3180b1fc 0fa9c973
[    2.120975] random 0000 0000 0000 3180b1fc 0fa9c973: trying to extract 32 bits from nonblocking
[    2.120978] random 0000 0000 0000 3180b1fc 0fa9c973: debiting 32 entropy credits from nonblocking (unlimited)
[    2.120980] random 0000 0000 0000 3180b1fc 0fa9c973: extract_entropy account returned: 4 
[    2.120983] random 0000 0000 0000 3180b1fc 0fa9c973: urand_change_num 46 extract_buf: pool_sig ffffff46, data_sig 0000001b, bytes_mixed 20 3180b1fc 0fa9c973
[    2.295183] ata2.00: ATAPI: VMware Virtual IDE CDROM Drive, 00000001, max UDMA/33
[    2.295573] ata2.00: configured for UDMA/33
[    2.295967] scsi 1:0:0:0: CD-ROM            NECVMWar VMware IDE CDR10 1.00 PQ: 0 ANSI: 5
[    2.297221] sr0: scsi3-mmc drive: 306x/306x cd/rw xa/form2 cdda tray
[    2.297224] Uniform CD-ROM driver Revision: 3.20
[    2.297276] sr 1:0:0:0: Attached scsi CD-ROM sr0
[    2.297313] sr 1:0:0:0: Attached scsi generic sg0 type 5
[    2.297351] Freeing unused kernel memory: 652k freed
[    2.297403] Write protecting the kernel text: 4840k
[    2.297434] Write protecting the kernel read-only data: 1968k
[    2.297520] random 0000 0000 0000 38974d2b 1d8d6de0: rand_read_num 11 get_random_bytes(16): sig 000001c6 38974d2b 1d8d6de0
