[    0.000000] random 0000 0000 0000 00000000 00000000: rand_read_num 1 get_random_bytes(8): sig 00000000 00000000 00000000
[    0.000000] random 0000 0000 0000 00000000 00000000: extract_entropy(.. 8 ..)
[    0.000000] random 0000 0000 0000 00000000 00000000: going to reseed nonblocking with 64 bits (64 of 0 requested)
[    0.000000] random 0000 0000 0000 00000000 00000000: extract_entropy(.. 8 ..)
[    0.000000] random 0000 0000 0000 00000000 00000000: trying to extract 64 bits from input
[    0.000000] random 0000 0000 0000 00000000 00000000: debiting 0 entropy credits from input
[    0.000000] random 0000 0000 0000 00000000 00000000: extract_entropy account returned: 0 
[    0.000000] random 0000 0000 0000 00000000 00000000: urand_change_num 1 xfer_secondary_pool(8): pool_sig 00000000, data_sig 00000000, bytes_mixed 0 00000000 00000000
[    0.000000] random 0000 0000 0000 00000000 00000000: trying to extract 64 bits from nonblocking
[    0.000000] random 0000 0000 0000 00000000 00000000: debiting 64 entropy credits from nonblocking (unlimited)
[    0.000000] random 0000 0000 0000 00000000 00000000: extract_entropy account returned: 8 
[    0.000000] random 0000 0000 0000 00000000 00000000: urand_change_num 2 extract_buf: pool_sig 00000000, data_sig fffffff9, bytes_mixed 20 00000000 00000000
[    0.000000] Initializing cgroup subsys cpuset
[    0.000000] Initializing cgroup subsys cpu
[    0.000000] Linux version 2.6.32.57 (dcashman@ubuntu) (gcc version 4.6.3 (Ubuntu/Linaro 4.6.3-1ubuntu5) ) #4 SMP Fri May 24 11:09:26 PDT 2013
[    0.000000] KERNEL supported cpus:
[    0.000000]   Intel GenuineIntel
[    0.000000]   AMD AuthenticAMD
[    0.000000]   NSC Geode by NSC
[    0.000000]   Cyrix CyrixInstead
[    0.000000]   Centaur CentaurHauls
[    0.000000]   Transmeta GenuineTMx86
[    0.000000]   Transmeta TransmetaCPU
[    0.000000]   UMC UMC UMC UMC
[    0.000000] BIOS-provided physical RAM map:
[    0.000000]  BIOS-e820: 0000000000000000 - 000000000009f000 (usable)
[    0.000000]  BIOS-e820: 000000000009f000 - 00000000000a0000 (reserved)
[    0.000000]  BIOS-e820: 00000000000ca000 - 00000000000cc000 (reserved)
[    0.000000]  BIOS-e820: 00000000000dc000 - 0000000000100000 (reserved)
[    0.000000]  BIOS-e820: 0000000000100000 - 000000003fee0000 (usable)
[    0.000000]  BIOS-e820: 000000003fee0000 - 000000003feff000 (ACPI data)
[    0.000000]  BIOS-e820: 000000003feff000 - 000000003ff00000 (ACPI NVS)
[    0.000000]  BIOS-e820: 000000003ff00000 - 0000000040000000 (usable)
[    0.000000]  BIOS-e820: 00000000e0000000 - 00000000f0000000 (reserved)
[    0.000000]  BIOS-e820: 00000000fec00000 - 00000000fec10000 (reserved)
[    0.000000]  BIOS-e820: 00000000fee00000 - 00000000fee01000 (reserved)
[    0.000000]  BIOS-e820: 00000000fffe0000 - 0000000100000000 (reserved)
[    0.000000] DMI present.
[    0.000000] Phoenix BIOS detected: BIOS may corrupt low RAM, working around it.
[    0.000000] e820 update range: 0000000000000000 - 0000000000010000 (usable) ==> (reserved)
[    0.000000] last_pfn = 0x40000 max_arch_pfn = 0x1000000
[    0.000000] MTRR default type: uncachable
[    0.000000] MTRR fixed ranges enabled:
[    0.000000]   00000-9FFFF write-back
[    0.000000]   A0000-BFFFF uncachable
[    0.000000]   C0000-CBFFF write-protect
[    0.000000]   CC000-EFFFF uncachable
[    0.000000]   F0000-FFFFF write-protect
[    0.000000] MTRR variable ranges enabled:
[    0.000000]   0 base 0000000000 mask FFC0000000 write-back
[    0.000000]   1 disabled
[    0.000000]   2 disabled
[    0.000000]   3 disabled
[    0.000000]   4 disabled
[    0.000000]   5 disabled
[    0.000000]   6 disabled
[    0.000000]   7 disabled
[    0.000000] x86 PAT enabled: cpu 0, old 0x0, new 0x7010600070106
[    0.000000] Scanning 0 areas for low memory corruption
[    0.000000] modified physical RAM map:
[    0.000000]  modified: 0000000000000000 - 0000000000010000 (reserved)
[    0.000000]  modified: 0000000000010000 - 000000000009f000 (usable)
[    0.000000]  modified: 000000000009f000 - 00000000000a0000 (reserved)
[    0.000000]  modified: 00000000000ca000 - 00000000000cc000 (reserved)
[    0.000000]  modified: 00000000000dc000 - 0000000000100000 (reserved)
[    0.000000]  modified: 0000000000100000 - 000000003fee0000 (usable)
[    0.000000]  modified: 000000003fee0000 - 000000003feff000 (ACPI data)
[    0.000000]  modified: 000000003feff000 - 000000003ff00000 (ACPI NVS)
[    0.000000]  modified: 000000003ff00000 - 0000000040000000 (usable)
[    0.000000]  modified: 00000000e0000000 - 00000000f0000000 (reserved)
[    0.000000]  modified: 00000000fec00000 - 00000000fec10000 (reserved)
[    0.000000]  modified: 00000000fee00000 - 00000000fee01000 (reserved)
[    0.000000]  modified: 00000000fffe0000 - 0000000100000000 (reserved)
[    0.000000] initial memory mapped : 0 - 01e00000
[    0.000000] init_memory_mapping: 0000000000000000-00000000379fe000
[    0.000000] NX (Execute Disable) protection: active
[    0.000000]  0000000000 - 0000200000 page 4k
[    0.000000]  0000200000 - 0037800000 page 2M
[    0.000000]  0037800000 - 00379fe000 page 4k
[    0.000000] kernel direct mapping tables up to 379fe000 @ 10000-16000
[    0.000000] RAMDISK: 2dcfc000 - 32e758c3
[    0.000000] ACPI: RSDP 000f6b80 00024 (v02 PTLTD )
[    0.000000] ACPI: XSDT 3feed636 0005C (v01 INTEL  440BX    06040000 VMW  01324272)
[    0.000000] ACPI: FACP 3fefee98 000F4 (v04 INTEL  440BX    06040000 PTL  000F4240)
[    0.000000] ACPI: DSDT 3feee366 10B32 (v01 PTLTD  Custom   06040000 MSFT 03000001)
[    0.000000] ACPI: FACS 3fefffc0 00040
[    0.000000] ACPI: BOOT 3feee33e 00028 (v01 PTLTD  $SBFTBL$ 06040000  LTP 00000001)
[    0.000000] ACPI: APIC 3feedc3e 003C2 (v01 PTLTD  ? APIC   06040000  LTP 00000000)
[    0.000000] ACPI: MCFG 3feedc02 0003C (v01 PTLTD  $PCITBL$ 06040000  LTP 00000001)
[    0.000000] ACPI: SRAT 3feed732 004D0 (v02 VMWARE MEMPLUG  06040000 VMW  00000001)
[    0.000000] ACPI: HPET 3feed6fa 00038 (v01 VMWARE VMW HPET 06040000 VMW  00000001)
[    0.000000] ACPI: WAET 3feed6d2 00028 (v01 VMWARE VMW WAET 06040000 VMW  00000001)
[    0.000000] ACPI: Local APIC address 0xfee00000
[    0.000000] 134MB HIGHMEM available.
[    0.000000] 889MB LOWMEM available.
[    0.000000]   mapped low ram: 0 - 379fe000
[    0.000000]   low ram: 0 - 379fe000
[    0.000000]   node 0 low ram: 00000000 - 379fe000
[    0.000000]   node 0 bootmap 00012000 - 00018f40
[    0.000000] (9 early reservations) ==> bootmem [0000000000 - 00379fe000]
[    0.000000]   #0 [0000000000 - 0000001000]   BIOS data page ==> [0000000000 - 0000001000]
[    0.000000]   #1 [0000001000 - 0000002000]    EX TRAMPOLINE ==> [0000001000 - 0000002000]
[    0.000000]   #2 [0000006000 - 0000007000]       TRAMPOLINE ==> [0000006000 - 0000007000]
[    0.000000]   #3 [0001000000 - 0001a75ff8]    TEXT DATA BSS ==> [0001000000 - 0001a75ff8]
[    0.000000]   #4 [002dcfc000 - 0032e758c3]          RAMDISK ==> [002dcfc000 - 0032e758c3]
[    0.000000]   #5 [000009f000 - 0000100000]    BIOS reserved ==> [000009f000 - 0000100000]
[    0.000000]   #6 [0001a76000 - 0001a851c0]              BRK ==> [0001a76000 - 0001a851c0]
[    0.000000]   #7 [0000010000 - 0000012000]          PGTABLE ==> [0000010000 - 0000012000]
[    0.000000]   #8 [0000012000 - 0000019000]          BOOTMAP ==> [0000012000 - 0000019000]
[    0.000000] found SMP MP-table at [c00f6bf0] f6bf0
[    0.000000] Zone PFN ranges:
[    0.000000]   DMA      0x00000010 -> 0x00001000
[    0.000000]   Normal   0x00001000 -> 0x000379fe
[    0.000000]   HighMem  0x000379fe -> 0x00040000
[    0.000000] Movable zone start PFN for each node
[    0.000000] early_node_map[3] active PFN ranges
[    0.000000]     0: 0x00000010 -> 0x0000009f
[    0.000000]     0: 0x00000100 -> 0x0003fee0
[    0.000000]     0: 0x0003ff00 -> 0x00040000
[    0.000000] On node 0 totalpages: 261999
[    0.000000] free_area_init_node: node 0, pgdat c1715200, node_mem_map c1a87200
[    0.000000]   DMA zone: 32 pages used for memmap
[    0.000000]   DMA zone: 0 pages reserved
[    0.000000]   DMA zone: 3951 pages, LIFO batch:0
[    0.000000]   Normal zone: 1748 pages used for memmap
[    0.000000]   Normal zone: 221994 pages, LIFO batch:31
[    0.000000]   HighMem zone: 269 pages used for memmap
[    0.000000]   HighMem zone: 34005 pages, LIFO batch:7
[    0.000000] Using APIC driver default
[    0.000000] ACPI: PM-Timer IO Port: 0x1008
[    0.000000] ACPI: Local APIC address 0xfee00000
[    0.000000] ACPI: LAPIC (acpi_id[0x00] lapic_id[0x00] enabled)
[    0.000000] ACPI: LAPIC (acpi_id[0x01] lapic_id[0x02] disabled)
[    0.000000] ACPI: LAPIC (acpi_id[0x02] lapic_id[0x04] disabled)
[    0.000000] ACPI: LAPIC (acpi_id[0x03] lapic_id[0x06] disabled)
[    0.000000] ACPI: LAPIC (acpi_id[0x04] lapic_id[0x08] disabled)
[    0.000000] ACPI: LAPIC (acpi_id[0x05] lapic_id[0x0a] disabled)
[    0.000000] ACPI: LAPIC (acpi_id[0x06] lapic_id[0x0c] disabled)
[    0.000000] ACPI: LAPIC (acpi_id[0x07] lapic_id[0x0e] disabled)
[    0.000000] ACPI: LAPIC (acpi_id[0x08] lapic_id[0x10] disabled)
[    0.000000] ACPI: LAPIC (acpi_id[0x09] lapic_id[0x12] disabled)
[    0.000000] ACPI: LAPIC (acpi_id[0x0a] lapic_id[0x14] disabled)
[    0.000000] ACPI: LAPIC (acpi_id[0x0b] lapic_id[0x16] disabled)
[    0.000000] ACPI: LAPIC (acpi_id[0x0c] lapic_id[0x18] disabled)
[    0.000000] ACPI: LAPIC (acpi_id[0x0d] lapic_id[0x1a] disabled)
[    0.000000] ACPI: LAPIC (acpi_id[0x0e] lapic_id[0x1c] disabled)
[    0.000000] ACPI: LAPIC (acpi_id[0x0f] lapic_id[0x1e] disabled)
[    0.000000] ACPI: LAPIC (acpi_id[0x10] lapic_id[0x20] disabled)
[    0.000000] ACPI: LAPIC (acpi_id[0x11] lapic_id[0x22] disabled)
[    0.000000] ACPI: LAPIC (acpi_id[0x12] lapic_id[0x24] disabled)
[    0.000000] ACPI: LAPIC (acpi_id[0x13] lapic_id[0x26] disabled)
[    0.000000] ACPI: LAPIC (acpi_id[0x14] lapic_id[0x28] disabled)
[    0.000000] ACPI: LAPIC (acpi_id[0x15] lapic_id[0x2a] disabled)
[    0.000000] ACPI: LAPIC (acpi_id[0x16] lapic_id[0x2c] disabled)
[    0.000000] ACPI: LAPIC (acpi_id[0x17] lapic_id[0x2e] disabled)
[    0.000000] ACPI: LAPIC (acpi_id[0x18] lapic_id[0x30] disabled)
[    0.000000] ACPI: LAPIC (acpi_id[0x19] lapic_id[0x32] disabled)
[    0.000000] ACPI: LAPIC (acpi_id[0x1a] lapic_id[0x34] disabled)
[    0.000000] ACPI: LAPIC (acpi_id[0x1b] lapic_id[0x36] disabled)
[    0.000000] ACPI: LAPIC (acpi_id[0x1c] lapic_id[0x38] disabled)
[    0.000000] ACPI: LAPIC (acpi_id[0x1d] lapic_id[0x3a] disabled)
[    0.000000] ACPI: LAPIC (acpi_id[0x1e] lapic_id[0x3c] disabled)
[    0.000000] ACPI: LAPIC (acpi_id[0x1f] lapic_id[0x3e] disabled)
[    0.000000] ACPI: LAPIC (acpi_id[0x20] lapic_id[0x40] disabled)
[    0.000000] ACPI: LAPIC (acpi_id[0x21] lapic_id[0x42] disabled)
[    0.000000] ACPI: LAPIC (acpi_id[0x22] lapic_id[0x44] disabled)
[    0.000000] ACPI: LAPIC (acpi_id[0x23] lapic_id[0x46] disabled)
[    0.000000] ACPI: LAPIC (acpi_id[0x24] lapic_id[0x48] disabled)
[    0.000000] ACPI: LAPIC (acpi_id[0x25] lapic_id[0x4a] disabled)
[    0.000000] ACPI: LAPIC (acpi_id[0x26] lapic_id[0x4c] disabled)
[    0.000000] ACPI: LAPIC (acpi_id[0x27] lapic_id[0x4e] disabled)
[    0.000000] ACPI: LAPIC (acpi_id[0x28] lapic_id[0x50] disabled)
[    0.000000] ACPI: LAPIC (acpi_id[0x29] lapic_id[0x52] disabled)
[    0.000000] ACPI: LAPIC (acpi_id[0x2a] lapic_id[0x54] disabled)
[    0.000000] ACPI: LAPIC (acpi_id[0x2b] lapic_id[0x56] disabled)
[    0.000000] ACPI: LAPIC (acpi_id[0x2c] lapic_id[0x58] disabled)
[    0.000000] ACPI: LAPIC (acpi_id[0x2d] lapic_id[0x5a] disabled)
[    0.000000] ACPI: LAPIC (acpi_id[0x2e] lapic_id[0x5c] disabled)
[    0.000000] ACPI: LAPIC (acpi_id[0x2f] lapic_id[0x5e] disabled)
[    0.000000] ACPI: LAPIC (acpi_id[0x30] lapic_id[0x60] disabled)
[    0.000000] ACPI: LAPIC (acpi_id[0x31] lapic_id[0x62] disabled)
[    0.000000] ACPI: LAPIC (acpi_id[0x32] lapic_id[0x64] disabled)
[    0.000000] ACPI: LAPIC (acpi_id[0x33] lapic_id[0x66] disabled)
[    0.000000] ACPI: LAPIC (acpi_id[0x34] lapic_id[0x68] disabled)
[    0.000000] ACPI: LAPIC (acpi_id[0x35] lapic_id[0x6a] disabled)
[    0.000000] ACPI: LAPIC (acpi_id[0x36] lapic_id[0x6c] disabled)
[    0.000000] ACPI: LAPIC (acpi_id[0x37] lapic_id[0x6e] disabled)
[    0.000000] ACPI: LAPIC (acpi_id[0x38] lapic_id[0x70] disabled)
[    0.000000] ACPI: LAPIC (acpi_id[0x39] lapic_id[0x72] disabled)
[    0.000000] ACPI: LAPIC (acpi_id[0x3a] lapic_id[0x74] disabled)
[    0.000000] ACPI: LAPIC (acpi_id[0x3b] lapic_id[0x76] disabled)
[    0.000000] ACPI: LAPIC (acpi_id[0x3c] lapic_id[0x78] disabled)
[    0.000000] ACPI: LAPIC (acpi_id[0x3d] lapic_id[0x7a] disabled)
[    0.000000] ACPI: LAPIC (acpi_id[0x3e] lapic_id[0x7c] disabled)
[    0.000000] ACPI: LAPIC (acpi_id[0x3f] lapic_id[0x7e] disabled)
[    0.000000] ACPI: LAPIC_NMI (acpi_id[0x00] high edge lint[0x1])
[    0.000000] ACPI: LAPIC_NMI (acpi_id[0x01] high edge lint[0x1])
[    0.000000] ACPI: LAPIC_NMI (acpi_id[0x02] high edge lint[0x1])
[    0.000000] ACPI: LAPIC_NMI (acpi_id[0x03] high edge lint[0x1])
[    0.000000] ACPI: LAPIC_NMI (acpi_id[0x04] high edge lint[0x1])
[    0.000000] ACPI: LAPIC_NMI (acpi_id[0x05] high edge lint[0x1])
[    0.000000] ACPI: LAPIC_NMI (acpi_id[0x06] high edge lint[0x1])
[    0.000000] ACPI: LAPIC_NMI (acpi_id[0x07] high edge lint[0x1])
[    0.000000] ACPI: LAPIC_NMI (acpi_id[0x08] high edge lint[0x1])
[    0.000000] ACPI: LAPIC_NMI (acpi_id[0x09] high edge lint[0x1])
[    0.000000] ACPI: LAPIC_NMI (acpi_id[0x0a] high edge lint[0x1])
[    0.000000] ACPI: LAPIC_NMI (acpi_id[0x0b] high edge lint[0x1])
[    0.000000] ACPI: LAPIC_NMI (acpi_id[0x0c] high edge lint[0x1])
[    0.000000] ACPI: LAPIC_NMI (acpi_id[0x0d] high edge lint[0x1])
[    0.000000] ACPI: LAPIC_NMI (acpi_id[0x0e] high edge lint[0x1])
[    0.000000] ACPI: LAPIC_NMI (acpi_id[0x0f] high edge lint[0x1])
[    0.000000] ACPI: LAPIC_NMI (acpi_id[0x10] high edge lint[0x1])
[    0.000000] ACPI: LAPIC_NMI (acpi_id[0x11] high edge lint[0x1])
[    0.000000] ACPI: LAPIC_NMI (acpi_id[0x12] high edge lint[0x1])
[    0.000000] ACPI: LAPIC_NMI (acpi_id[0x13] high edge lint[0x1])
[    0.000000] ACPI: LAPIC_NMI (acpi_id[0x14] high edge lint[0x1])
[    0.000000] ACPI: LAPIC_NMI (acpi_id[0x15] high edge lint[0x1])
[    0.000000] ACPI: LAPIC_NMI (acpi_id[0x16] high edge lint[0x1])
[    0.000000] ACPI: LAPIC_NMI (acpi_id[0x17] high edge lint[0x1])
[    0.000000] ACPI: LAPIC_NMI (acpi_id[0x18] high edge lint[0x1])
[    0.000000] ACPI: LAPIC_NMI (acpi_id[0x19] high edge lint[0x1])
[    0.000000] ACPI: LAPIC_NMI (acpi_id[0x1a] high edge lint[0x1])
[    0.000000] ACPI: LAPIC_NMI (acpi_id[0x1b] high edge lint[0x1])
[    0.000000] ACPI: LAPIC_NMI (acpi_id[0x1c] high edge lint[0x1])
[    0.000000] ACPI: LAPIC_NMI (acpi_id[0x1d] high edge lint[0x1])
[    0.000000] ACPI: LAPIC_NMI (acpi_id[0x1e] high edge lint[0x1])
[    0.000000] ACPI: LAPIC_NMI (acpi_id[0x1f] high edge lint[0x1])
[    0.000000] ACPI: LAPIC_NMI (acpi_id[0x20] high edge lint[0x1])
[    0.000000] ACPI: LAPIC_NMI (acpi_id[0x21] high edge lint[0x1])
[    0.000000] ACPI: LAPIC_NMI (acpi_id[0x22] high edge lint[0x1])
[    0.000000] ACPI: LAPIC_NMI (acpi_id[0x23] high edge lint[0x1])
[    0.000000] ACPI: LAPIC_NMI (acpi_id[0x24] high edge lint[0x1])
[    0.000000] ACPI: LAPIC_NMI (acpi_id[0x25] high edge lint[0x1])
[    0.000000] ACPI: LAPIC_NMI (acpi_id[0x26] high edge lint[0x1])
[    0.000000] ACPI: LAPIC_NMI (acpi_id[0x27] high edge lint[0x1])
[    0.000000] ACPI: LAPIC_NMI (acpi_id[0x28] high edge lint[0x1])
[    0.000000] ACPI: LAPIC_NMI (acpi_id[0x29] high edge lint[0x1])
[    0.000000] ACPI: LAPIC_NMI (acpi_id[0x2a] high edge lint[0x1])
[    0.000000] ACPI: LAPIC_NMI (acpi_id[0x2b] high edge lint[0x1])
[    0.000000] ACPI: LAPIC_NMI (acpi_id[0x2c] high edge lint[0x1])
[    0.000000] ACPI: LAPIC_NMI (acpi_id[0x2d] high edge lint[0x1])
[    0.000000] ACPI: LAPIC_NMI (acpi_id[0x2e] high edge lint[0x1])
[    0.000000] ACPI: LAPIC_NMI (acpi_id[0x2f] high edge lint[0x1])
[    0.000000] ACPI: LAPIC_NMI (acpi_id[0x30] high edge lint[0x1])
[    0.000000] ACPI: LAPIC_NMI (acpi_id[0x31] high edge lint[0x1])
[    0.000000] ACPI: LAPIC_NMI (acpi_id[0x32] high edge lint[0x1])
[    0.000000] ACPI: LAPIC_NMI (acpi_id[0x33] high edge lint[0x1])
[    0.000000] ACPI: LAPIC_NMI (acpi_id[0x34] high edge lint[0x1])
[    0.000000] ACPI: LAPIC_NMI (acpi_id[0x35] high edge lint[0x1])
[    0.000000] ACPI: LAPIC_NMI (acpi_id[0x36] high edge lint[0x1])
[    0.000000] ACPI: LAPIC_NMI (acpi_id[0x37] high edge lint[0x1])
[    0.000000] ACPI: LAPIC_NMI (acpi_id[0x38] high edge lint[0x1])
[    0.000000] ACPI: LAPIC_NMI (acpi_id[0x39] high edge lint[0x1])
[    0.000000] ACPI: LAPIC_NMI (acpi_id[0x3a] high edge lint[0x1])
[    0.000000] ACPI: LAPIC_NMI (acpi_id[0x3b] high edge lint[0x1])
[    0.000000] ACPI: LAPIC_NMI (acpi_id[0x3c] high edge lint[0x1])
[    0.000000] ACPI: LAPIC_NMI (acpi_id[0x3d] high edge lint[0x1])
[    0.000000] ACPI: LAPIC_NMI (acpi_id[0x3e] high edge lint[0x1])
[    0.000000] ACPI: LAPIC_NMI (acpi_id[0x3f] high edge lint[0x1])
[    0.000000] ACPI: Skipping IOAPIC probe due to 'noapic' option.
[    0.000000] Using ACPI for processor (LAPIC) configuration information
[    0.000000] ACPI: HPET id: 0x8086af01 base: 0xfed00000
[    0.000000] Intel MultiProcessor Specification v1.4
[    0.000000]     Virtual Wire compatibility mode.
[    0.000000] MPTABLE: OEM ID: INTEL   
[    0.000000] MPTABLE: Product ID: 440BX       
[    0.000000] MPTABLE: APIC at: 0xFEE00000
[    0.000000] I/O APIC #1 Version 17 at 0xFEC00000.
[    0.000000] Processors: 1
[    0.000000] 64 Processors exceeds NR_CPUS limit of 8
[    0.000000] SMP: Allowing 8 CPUs, 7 hotplug CPUs
[    0.000000] nr_irqs_gsi: 24
[    0.000000] PM: Registered nosave memory: 000000000009f000 - 00000000000a0000
[    0.000000] PM: Registered nosave memory: 00000000000a0000 - 00000000000ca000
[    0.000000] PM: Registered nosave memory: 00000000000ca000 - 00000000000cc000
[    0.000000] PM: Registered nosave memory: 00000000000cc000 - 00000000000dc000
[    0.000000] PM: Registered nosave memory: 00000000000dc000 - 0000000000100000
[    0.000000] Allocating PCI resources starting at 40000000 (gap: 40000000:a0000000)
[    0.000000] Booting paravirtualized kernel on bare hardware
[    0.000000] NR_CPUS:8 nr_cpumask_bits:8 nr_cpu_ids:8 nr_node_ids:1
[    0.000000] PERCPU: Embedded 15 pages/cpu @c2400000 s39320 r0 d22120 u262144
[    0.000000] pcpu-alloc: s39320 r0 d22120 u262144 alloc=1*2097152
[    0.000000] pcpu-alloc: [0] 0 1 2 3 4 5 6 7 
[    0.000000] Built 1 zonelists in Zone order, mobility grouping on.  Total pages: 259950
[    0.000000] Kernel command line: BOOT_IMAGE=/boot/vmlinuz-2.6.32.57 root=UUID=007b598c-390d-4c65-84a1-4ff752d48633 ro quiet splash maxcpus=0
[    0.000000] PID hash table entries: 4096 (order: 2, 16384 bytes)
[    0.000000] Dentry cache hash table entries: 131072 (order: 7, 524288 bytes)
[    0.000000] Inode-cache hash table entries: 65536 (order: 6, 262144 bytes)
[    0.000000] Enabling fast FPU save and restore... done.
[    0.000000] Enabling unmasked SIMD FPU exception support... done.
[    0.000000] Initializing CPU#0
[    0.000000] xsave/xrstor: enabled xstate_bv 0x7, cntxt size 0x340
[    0.000000] allocated 5242560 bytes of page_cgroup
[    0.000000] please try 'cgroup_disable=memory' option if you don't want memory cgroups
[    0.000000] Initializing HighMem for node 0 (000379fe:00040000)
[    0.000000] Memory: 938260k/1048576k available (4839k kernel code, 108848k reserved, 2518k data, 652k init, 137096k highmem)
[    0.000000] virtual kernel memory layout:
[    0.000000]     fixmap  : 0xfff1e000 - 0xfffff000   ( 900 kB)
[    0.000000]     pkmap   : 0xffa00000 - 0xffc00000   (2048 kB)
[    0.000000]     vmalloc : 0xf81fe000 - 0xff9fe000   ( 120 MB)
[    0.000000]     lowmem  : 0xc0000000 - 0xf79fe000   ( 889 MB)
[    0.000000]       .init : 0xc1730000 - 0xc17d3000   ( 652 kB)
[    0.000000]       .data : 0xc14b9cce - 0xc172f764   (2518 kB)
[    0.000000]       .text : 0xc1000000 - 0xc14b9cce   (4839 kB)
[    0.000000] Checking if this processor honours the WP bit even in supervisor mode...Ok.
[    0.000000] SLUB: Genslabs=13, HWalign=64, Order=0-3, MinObjects=0, CPUs=8, Nodes=1
[    0.000000] Hierarchical RCU implementation.
[    0.000000] NR_IRQS:2304 nr_irqs:472
[    0.000000] Extended CMOS year: 2000
[    0.000000] Console: colour VGA+ 80x25
[    0.000000] console [tty0] enabled
[    0.000000] hpet clockevent registered
[    0.000000] TSC freq read from hypervisor : 2394.620 MHz
[    0.000000] Detected 2394.620 MHz processor.
[    0.000003] Calibrating delay loop (skipped) preset value.. 4789.24 BogoMIPS (lpj=9578480)
[    0.000011] Security Framework initialized
[    0.000014] SELinux:  Disabled at boot.
[    0.000019] Mount-cache hash table entries: 512
[    0.000167] Initializing cgroup subsys cpuacct
[    0.000170] Initializing cgroup subsys memory
[    0.000174] Initializing cgroup subsys devices
[    0.000175] Initializing cgroup subsys freezer
[    0.000203] CPU: Physical Processor ID: 0
[    0.000210] CPU: L1 I cache: 32K, L1 D cache: 32K
[    0.000212] CPU: L2 cache: 256K
[    0.000213] CPU: L3 cache: 4096K
[    0.000218] mce: CPU supports 0 MCE banks
[    0.000240] Performance Events: no PMU driver, software events only.
[    0.000251] Checking 'hlt' instruction... OK.
[    0.017893] SMP alternatives: switching to UP code
[    0.033855] ACPI: Core revision 20090903
[    0.040029] ACPI: setting ELCR to 0200 (from 0e20)
[    0.041189] ftrace: converting mcount calls to 0f 1f 44 00 00
[    0.041195] ftrace: allocating 22631 entries in 45 pages
[    0.059115] CANARY value: 2bfbb07e for PID: 1
[    0.059147] Not enabling x2apic, Intr-remapping init failed.
[    0.059149] Enabling APIC mode:  Flat.  Using 1 I/O APICs
[    0.059157] SMP mode deactivated.
[    0.059181] SMP disabled
[    0.059236] Brought up 1 CPUs
[    0.059238] Total of 1 processors activated (4789.24 BogoMIPS).
[    0.059242] CPU0 attaching NULL sched-domain.
[    0.059312] devtmpfs: initialized
[    0.059460] sysctl table check failed: /kernel/random/now_input .1.40.7 Unknown sysctl binary path
[    0.059706] Pid: 1, comm: swapper Not tainted 2.6.32.57 #4
[    0.059707] Call Trace:
[    0.059712]  [<c14a8a0e>] ? printk+0x1d/0x1f
[    0.059715]  [<c107b56f>] set_fail+0x4f/0x60
[    0.059717]  [<c107b8b3>] sysctl_check_table+0x333/0x620
[    0.059718]  [<c107b8cc>] sysctl_check_table+0x34c/0x620
[    0.059720]  [<c107b8cc>] sysctl_check_table+0x34c/0x620
[    0.059724]  [<c1746d48>] sysctl_init+0x25/0x29
[    0.059726]  [<c1003042>] do_one_initcall+0x32/0x1a0
[    0.059728]  [<c1746d23>] ? sysctl_init+0x0/0x29
[    0.059730]  [<c17308e7>] kernel_init+0x12d/0x17a
[    0.059732]  [<c17307ba>] ? kernel_init+0x0/0x17a
[    0.059734]  [<c1009b07>] kernel_thread_helper+0x7/0x10
[    0.059736] sysctl table check failed: /kernel/random/now_blocking .1.40.8 Unknown sysctl binary path
[    0.059965] Pid: 1, comm: swapper Not tainted 2.6.32.57 #4
[    0.059966] Call Trace:
[    0.059968]  [<c14a8a0e>] ? printk+0x1d/0x1f
[    0.059969]  [<c107b56f>] set_fail+0x4f/0x60
[    0.059971]  [<c107b8b3>] sysctl_check_table+0x333/0x620
[    0.059972]  [<c107b8cc>] sysctl_check_table+0x34c/0x620
[    0.059974]  [<c107b8cc>] sysctl_check_table+0x34c/0x620
[    0.059976]  [<c1746d48>] sysctl_init+0x25/0x29
[    0.059978]  [<c1003042>] do_one_initcall+0x32/0x1a0
[    0.059980]  [<c1746d23>] ? sysctl_init+0x0/0x29
[    0.059981]  [<c17308e7>] kernel_init+0x12d/0x17a
[    0.059983]  [<c17307ba>] ? kernel_init+0x0/0x17a
[    0.059984]  [<c1009b07>] kernel_thread_helper+0x7/0x10
[    0.059986] sysctl table check failed: /kernel/random/now_nonblocking .1.40.9 Unknown sysctl binary path
[    0.060216] Pid: 1, comm: swapper Not tainted 2.6.32.57 #4
[    0.060217] Call Trace:
[    0.060219]  [<c14a8a0e>] ? printk+0x1d/0x1f
[    0.060220]  [<c107b56f>] set_fail+0x4f/0x60
[    0.060221]  [<c107b8b3>] sysctl_check_table+0x333/0x620
[    0.060223]  [<c107b8cc>] sysctl_check_table+0x34c/0x620
[    0.060225]  [<c107b8cc>] sysctl_check_table+0x34c/0x620
[    0.060227]  [<c1746d48>] sysctl_init+0x25/0x29
[    0.060228]  [<c1003042>] do_one_initcall+0x32/0x1a0
[    0.060230]  [<c1746d23>] ? sysctl_init+0x0/0x29
[    0.060232]  [<c17308e7>] kernel_init+0x12d/0x17a
[    0.060233]  [<c17307ba>] ? kernel_init+0x0/0x17a
[    0.060235]  [<c1009b07>] kernel_thread_helper+0x7/0x10
[    0.060236] sysctl table check failed: /kernel/random/nb_input_bytes .1.40.10 Unknown sysctl binary path
[    0.060516] Pid: 1, comm: swapper Not tainted 2.6.32.57 #4
[    0.060517] Call Trace:
[    0.060519]  [<c14a8a0e>] ? printk+0x1d/0x1f
[    0.060520]  [<c107b56f>] set_fail+0x4f/0x60
[    0.060522]  [<c107b8b3>] sysctl_check_table+0x333/0x620
[    0.060523]  [<c107b8cc>] sysctl_check_table+0x34c/0x620
[    0.060525]  [<c107b8cc>] sysctl_check_table+0x34c/0x620
[    0.060527]  [<c1746d48>] sysctl_init+0x25/0x29
[    0.060529]  [<c1003042>] do_one_initcall+0x32/0x1a0
[    0.060531]  [<c1746d23>] ? sysctl_init+0x0/0x29
[    0.060532]  [<c17308e7>] kernel_init+0x12d/0x17a
[    0.060534]  [<c17307ba>] ? kernel_init+0x0/0x17a
[    0.060535]  [<c1009b07>] kernel_thread_helper+0x7/0x10
[    0.060537] sysctl table check failed: /kernel/random/nb_stir_count .1.40.11 Unknown sysctl binary path
[    0.060767] Pid: 1, comm: swapper Not tainted 2.6.32.57 #4
[    0.060768] Call Trace:
[    0.060769]  [<c14a8a0e>] ? printk+0x1d/0x1f
[    0.060771]  [<c107b56f>] set_fail+0x4f/0x60
[    0.060772]  [<c107b8b3>] sysctl_check_table+0x333/0x620
[    0.060774]  [<c107b8cc>] sysctl_check_table+0x34c/0x620
[    0.060775]  [<c107b8cc>] sysctl_check_table+0x34c/0x620
[    0.060778]  [<c1746d48>] sysctl_init+0x25/0x29
[    0.060779]  [<c1003042>] do_one_initcall+0x32/0x1a0
[    0.060781]  [<c1746d23>] ? sysctl_init+0x0/0x29
[    0.060783]  [<c17308e7>] kernel_init+0x12d/0x17a
[    0.060784]  [<c17307ba>] ? kernel_init+0x0/0x17a
[    0.060786]  [<c1009b07>] kernel_thread_helper+0x7/0x10
[    0.060787] sysctl table check failed: /kernel/random/nb_reentry_count .1.40.12 Unknown sysctl binary path
[    0.061086] Pid: 1, comm: swapper Not tainted 2.6.32.57 #4
[    0.061087] Call Trace:
[    0.061089]  [<c14a8a0e>] ? printk+0x1d/0x1f
[    0.061091]  [<c107b56f>] set_fail+0x4f/0x60
[    0.061093]  [<c107b8b3>] sysctl_check_table+0x333/0x620
[    0.061094]  [<c107b8cc>] sysctl_check_table+0x34c/0x620
[    0.061096]  [<c107b8cc>] sysctl_check_table+0x34c/0x620
[    0.061099]  [<c1746d48>] sysctl_init+0x25/0x29
[    0.061100]  [<c1003042>] do_one_initcall+0x32/0x1a0
[    0.061102]  [<c1746d23>] ? sysctl_init+0x0/0x29
[    0.061104]  [<c17308e7>] kernel_init+0x12d/0x17a
[    0.061106]  [<c17307ba>] ? kernel_init+0x0/0x17a
[    0.061107]  [<c1009b07>] kernel_thread_helper+0x7/0x10
[    0.061230] RANDOM - __seed init called.
[    0.061231] RANDOM - __seed init called.
[    0.061232] RANDOM - __seed init called.
[    0.061233] RANDOM - __random32 called. Change num 1.  Value: 97305ca5	7ac4e314	874f43ab
[    0.061235] RANDOM - __random32 called. Change num 2.  Value: 5ca5394	ac4e3148	8757a6ab
[    0.061236] RANDOM - __random32 called. Change num 3.  Value: a53949f7	c4e3148e	4d57bd52
[    0.061237] RANDOM - __random32 called. Change num 4.  Value: 949f7180	4e3148eb	7aa4fd4a
[    0.061239] RANDOM - __random32 called. Change num 5.  Value: f7180f55	e3148ebb	fa95f062
[    0.061240] RANDOM - __random32 called. Change num 6.  Value: 80f55ede	3148ebb7	e0c5c74e
[    0.061241] RANDOM - random32 init called.  Value: 80f55ede	3148ebb7	e0c5c74e
[    0.061247] regulator: core version 0.5
[    0.061318] Time: 22:52:29  Date: 05/24/13
[    0.061366] NET: Registered protocol family 16
[    0.061435] EISA bus registered
[    0.062195] ACPI: bus type pci registered
[    0.062293] PCI: MCFG configuration 0: base e0000000 segment 0 buses 0 - 255
[    0.062295] PCI: MCFG area at e0000000 reserved in E820
[    0.062296] PCI: Using MMCONFIG for extended config space
[    0.062297] PCI: Using configuration type 1 for base access
[    0.062778] bio: create slab <bio-0> at 0
[    0.063991] ACPI: EC: Look up EC in DSDT
[    0.102230] ACPI: BIOS _OSI(Linux) query ignored
[    0.108510] ACPI: Interpreter enabled
[    0.108515] ACPI: (supports S0 S1 S4 S5)
[    0.108526] ACPI: Using PIC for interrupt routing
[    0.191893] ACPI: No dock devices found.
[    0.192748] ACPI: PCI Root Bridge [PCI0] (0000:00)
[    0.194509] pci 0000:00:07.1: reg 20 io port: [0x10c0-0x10cf]
[    0.195050] pci 0000:00:07.3: quirk: region 1000-103f claimed by PIIX4 ACPI
[    0.195062] pci 0000:00:07.3: quirk: region 1040-104f claimed by PIIX4 SMB
[    0.195665] pci 0000:00:07.7: reg 10 io port: [0x1080-0x10bf]
[    0.196059] pci 0000:00:07.7: reg 14 64bit mmio: [0xc8000000-0xc8001fff]
[    0.197278] pci 0000:00:0f.0: reg 10 io port: [0x10d0-0x10df]
[    0.197319] pci 0000:00:0f.0: reg 14 32bit mmio pref: [0xd0000000-0xd7ffffff]
[    0.197359] pci 0000:00:0f.0: reg 18 32bit mmio: [0xc8800000-0xc8ffffff]
[    0.197512] pci 0000:00:0f.0: reg 30 32bit mmio pref: [0x000000-0x007fff]
[    0.198048] pci 0000:00:10.0: reg 10 io port: [0x1400-0x14ff]
[    0.198453] pci 0000:00:10.0: reg 14 64bit mmio: [0xc8040000-0xc805ffff]
[    0.198809] pci 0000:00:10.0: reg 1c 64bit mmio: [0xc8020000-0xc803ffff]
[    0.198888] pci 0000:00:10.0: reg 30 32bit mmio pref: [0x000000-0x003fff]
[    0.200384] pci 0000:00:15.0: PME# supported from D0 D3hot D3cold
[    0.200406] pci 0000:00:15.0: PME# disabled
[    0.201330] pci 0000:00:15.1: PME# supported from D0 D3hot D3cold
[    0.201351] pci 0000:00:15.1: PME# disabled
[    0.202280] pci 0000:00:15.2: PME# supported from D0 D3hot D3cold
[    0.202300] pci 0000:00:15.2: PME# disabled
[    0.203238] pci 0000:00:15.3: PME# supported from D0 D3hot D3cold
[    0.203259] pci 0000:00:15.3: PME# disabled
[    0.204184] pci 0000:00:15.4: PME# supported from D0 D3hot D3cold
[    0.204206] pci 0000:00:15.4: PME# disabled
[    0.205118] pci 0000:00:15.5: PME# supported from D0 D3hot D3cold
[    0.205138] pci 0000:00:15.5: PME# disabled
[    0.206066] pci 0000:00:15.6: PME# supported from D0 D3hot D3cold
[    0.206087] pci 0000:00:15.6: PME# disabled
[    0.207037] pci 0000:00:15.7: PME# supported from D0 D3hot D3cold
[    0.207060] pci 0000:00:15.7: PME# disabled
[    0.208004] pci 0000:00:16.0: PME# supported from D0 D3hot D3cold
[    0.208025] pci 0000:00:16.0: PME# disabled
[    0.208945] pci 0000:00:16.1: PME# supported from D0 D3hot D3cold
[    0.208965] pci 0000:00:16.1: PME# disabled
[    0.209889] pci 0000:00:16.2: PME# supported from D0 D3hot D3cold
[    0.209910] pci 0000:00:16.2: PME# disabled
[    0.210881] pci 0000:00:16.3: PME# supported from D0 D3hot D3cold
[    0.210902] pci 0000:00:16.3: PME# disabled
[    0.211838] pci 0000:00:16.4: PME# supported from D0 D3hot D3cold
[    0.211859] pci 0000:00:16.4: PME# disabled
[    0.212758] pci 0000:00:16.5: PME# supported from D0 D3hot D3cold
[    0.212779] pci 0000:00:16.5: PME# disabled
[    0.213697] pci 0000:00:16.6: PME# supported from D0 D3hot D3cold
[    0.213718] pci 0000:00:16.6: PME# disabled
[    0.214653] pci 0000:00:16.7: PME# supported from D0 D3hot D3cold
[    0.214673] pci 0000:00:16.7: PME# disabled
[    0.215603] pci 0000:00:17.0: PME# supported from D0 D3hot D3cold
[    0.215624] pci 0000:00:17.0: PME# disabled
[    0.216562] pci 0000:00:17.1: PME# supported from D0 D3hot D3cold
[    0.216584] pci 0000:00:17.1: PME# disabled
[    0.217508] pci 0000:00:17.2: PME# supported from D0 D3hot D3cold
[    0.217530] pci 0000:00:17.2: PME# disabled
[    0.218462] pci 0000:00:17.3: PME# supported from D0 D3hot D3cold
[    0.218483] pci 0000:00:17.3: PME# disabled
[    0.219403] pci 0000:00:17.4: PME# supported from D0 D3hot D3cold
[    0.219424] pci 0000:00:17.4: PME# disabled
[    0.220362] pci 0000:00:17.5: PME# supported from D0 D3hot D3cold
[    0.220383] pci 0000:00:17.5: PME# disabled
[    0.221308] pci 0000:00:17.6: PME# supported from D0 D3hot D3cold
[    0.221332] pci 0000:00:17.6: PME# disabled
[    0.222347] pci 0000:00:17.7: PME# supported from D0 D3hot D3cold
[    0.222368] pci 0000:00:17.7: PME# disabled
[    0.223296] pci 0000:00:18.0: PME# supported from D0 D3hot D3cold
[    0.223317] pci 0000:00:18.0: PME# disabled
[    0.224321] pci 0000:00:18.1: PME# supported from D0 D3hot D3cold
[    0.224342] pci 0000:00:18.1: PME# disabled
[    0.225269] pci 0000:00:18.2: PME# supported from D0 D3hot D3cold
[    0.225290] pci 0000:00:18.2: PME# disabled
[    0.226209] pci 0000:00:18.3: PME# supported from D0 D3hot D3cold
[    0.226230] pci 0000:00:18.3: PME# disabled
[    0.227142] pci 0000:00:18.4: PME# supported from D0 D3hot D3cold
[    0.227164] pci 0000:00:18.4: PME# disabled
[    0.228082] pci 0000:00:18.5: PME# supported from D0 D3hot D3cold
[    0.228103] pci 0000:00:18.5: PME# disabled
[    0.229034] pci 0000:00:18.6: PME# supported from D0 D3hot D3cold
[    0.229056] pci 0000:00:18.6: PME# disabled
[    0.229990] pci 0000:00:18.7: PME# supported from D0 D3hot D3cold
[    0.230011] pci 0000:00:18.7: PME# disabled
[    0.231171] pci 0000:02:00.0: reg 20 io port: [0x20c0-0x20df]
[    0.231672] pci 0000:02:01.0: reg 10 io port: [0x2000-0x207f]
[    0.231899] pci 0000:02:01.0: reg 30 32bit mmio pref: [0x000000-0x00ffff]
[    0.232463] pci 0000:02:02.0: reg 10 io port: [0x2080-0x20bf]
[    0.233056] pci 0000:02:03.0: reg 10 32bit mmio: [0xc9000000-0xc9000fff]
[    0.233675] pci 0000:00:11.0: transparent bridge
[    0.233695] pci 0000:00:11.0: bridge io port: [0x2000-0x3fff]
[    0.233716] pci 0000:00:11.0: bridge 32bit mmio: [0xc9000000-0xca3fffff]
[    0.233756] pci 0000:00:11.0: bridge 64bit mmio pref: [0xd8400000-0xd89fffff]
[    0.234153] pci 0000:00:15.0: bridge io port: [0x4000-0x4fff]
[    0.234175] pci 0000:00:15.0: bridge 32bit mmio: [0xca400000-0xca4fffff]
[    0.234224] pci 0000:00:15.0: bridge 64bit mmio pref: [0xd8a00000-0xd8afffff]
[    0.234602] pci 0000:00:15.1: bridge io port: [0x8000-0x8fff]
[    0.234623] pci 0000:00:15.1: bridge 32bit mmio: [0xca800000-0xca8fffff]
[    0.234663] pci 0000:00:15.1: bridge 64bit mmio pref: [0xd8e00000-0xd8efffff]
[    0.235039] pci 0000:00:15.2: bridge io port: [0xc000-0xcfff]
[    0.235060] pci 0000:00:15.2: bridge 32bit mmio: [0xcac00000-0xcacfffff]
[    0.235100] pci 0000:00:15.2: bridge 64bit mmio pref: [0xd9200000-0xd92fffff]
[    0.235568] pci 0000:00:15.3: bridge 32bit mmio: [0xcb000000-0xcb0fffff]
[    0.235612] pci 0000:00:15.3: bridge 64bit mmio pref: [0xd9600000-0xd96fffff]
[    0.236050] pci 0000:00:15.4: bridge 32bit mmio: [0xcb400000-0xcb4fffff]
[    0.236093] pci 0000:00:15.4: bridge 64bit mmio pref: [0xd9a00000-0xd9afffff]
[    0.236518] pci 0000:00:15.5: bridge 32bit mmio: [0xcb800000-0xcb8fffff]
[    0.236557] pci 0000:00:15.5: bridge 64bit mmio pref: [0xd9e00000-0xd9efffff]
[    0.236952] pci 0000:00:15.6: bridge 32bit mmio: [0xcbc00000-0xcbcfffff]
[    0.236992] pci 0000:00:15.6: bridge 64bit mmio pref: [0xda200000-0xda2fffff]
[    0.237417] pci 0000:00:15.7: bridge 32bit mmio: [0xcc000000-0xcc0fffff]
[    0.237456] pci 0000:00:15.7: bridge 64bit mmio pref: [0xda600000-0xda6fffff]
[    0.237833] pci 0000:00:16.0: bridge io port: [0x5000-0x5fff]
[    0.237854] pci 0000:00:16.0: bridge 32bit mmio: [0xca500000-0xca5fffff]
[    0.237893] pci 0000:00:16.0: bridge 64bit mmio pref: [0xd8b00000-0xd8bfffff]
[    0.238294] pci 0000:00:16.1: bridge io port: [0x9000-0x9fff]
[    0.238315] pci 0000:00:16.1: bridge 32bit mmio: [0xca900000-0xca9fffff]
[    0.238354] pci 0000:00:16.1: bridge 64bit mmio pref: [0xd8f00000-0xd8ffffff]
[    0.238731] pci 0000:00:16.2: bridge io port: [0xd000-0xdfff]
[    0.238752] pci 0000:00:16.2: bridge 32bit mmio: [0xcad00000-0xcadfffff]
[    0.238792] pci 0000:00:16.2: bridge 64bit mmio pref: [0xd9300000-0xd93fffff]
[    0.239214] pci 0000:00:16.3: bridge 32bit mmio: [0xcb100000-0xcb1fffff]
[    0.239254] pci 0000:00:16.3: bridge 64bit mmio pref: [0xd9700000-0xd97fffff]
[    0.239658] pci 0000:00:16.4: bridge 32bit mmio: [0xcb500000-0xcb5fffff]
[    0.239698] pci 0000:00:16.4: bridge 64bit mmio pref: [0xd9b00000-0xd9bfffff]
[    0.240101] pci 0000:00:16.5: bridge 32bit mmio: [0xcb900000-0xcb9fffff]
[    0.240153] pci 0000:00:16.5: bridge 64bit mmio pref: [0xd9f00000-0xd9ffffff]
[    0.240584] pci 0000:00:16.6: bridge 32bit mmio: [0xcbd00000-0xcbdfffff]
[    0.240624] pci 0000:00:16.6: bridge 64bit mmio pref: [0xda300000-0xda3fffff]
[    0.241019] pci 0000:00:16.7: bridge 32bit mmio: [0xcc100000-0xcc1fffff]
[    0.241059] pci 0000:00:16.7: bridge 64bit mmio pref: [0xda700000-0xda7fffff]
[    0.241462] pci 0000:00:17.0: bridge io port: [0x6000-0x6fff]
[    0.241483] pci 0000:00:17.0: bridge 32bit mmio: [0xca600000-0xca6fffff]
[    0.241523] pci 0000:00:17.0: bridge 64bit mmio pref: [0xd8c00000-0xd8cfffff]
[    0.241898] pci 0000:00:17.1: bridge io port: [0xa000-0xafff]
[    0.241919] pci 0000:00:17.1: bridge 32bit mmio: [0xcaa00000-0xcaafffff]
[    0.241958] pci 0000:00:17.1: bridge 64bit mmio pref: [0xd9000000-0xd90fffff]
[    0.242341] pci 0000:00:17.2: bridge io port: [0xe000-0xefff]
[    0.242362] pci 0000:00:17.2: bridge 32bit mmio: [0xcae00000-0xcaefffff]
[    0.242402] pci 0000:00:17.2: bridge 64bit mmio pref: [0xd9400000-0xd94fffff]
[    0.242797] pci 0000:00:17.3: bridge 32bit mmio: [0xcb200000-0xcb2fffff]
[    0.242836] pci 0000:00:17.3: bridge 64bit mmio pref: [0xd9800000-0xd98fffff]
[    0.243232] pci 0000:00:17.4: bridge 32bit mmio: [0xcb600000-0xcb6fffff]
[    0.243272] pci 0000:00:17.4: bridge 64bit mmio pref: [0xd9c00000-0xd9cfffff]
[    0.243679] pci 0000:00:17.5: bridge 32bit mmio: [0xcba00000-0xcbafffff]
[    0.243720] pci 0000:00:17.5: bridge 64bit mmio pref: [0xda000000-0xda0fffff]
[    0.244132] pci 0000:00:17.6: bridge 32bit mmio: [0xcbe00000-0xcbefffff]
[    0.244175] pci 0000:00:17.6: bridge 64bit mmio pref: [0xda400000-0xda4fffff]
[    0.244581] pci 0000:00:17.7: bridge 32bit mmio: [0xcc200000-0xcc2fffff]
[    0.244620] pci 0000:00:17.7: bridge 64bit mmio pref: [0xda800000-0xda8fffff]
[    0.244996] pci 0000:00:18.0: bridge io port: [0x7000-0x7fff]
[    0.245017] pci 0000:00:18.0: bridge 32bit mmio: [0xca700000-0xca7fffff]
[    0.245057] pci 0000:00:18.0: bridge 64bit mmio pref: [0xd8d00000-0xd8dfffff]
[    0.245462] pci 0000:00:18.1: bridge io port: [0xb000-0xbfff]
[    0.245483] pci 0000:00:18.1: bridge 32bit mmio: [0xcab00000-0xcabfffff]
[    0.245522] pci 0000:00:18.1: bridge 64bit mmio pref: [0xd9100000-0xd91fffff]
[    0.245899] pci 0000:00:18.2: bridge io port: [0xf000-0xffff]
[    0.245920] pci 0000:00:18.2: bridge 32bit mmio: [0xcaf00000-0xcaffffff]
[    0.245959] pci 0000:00:18.2: bridge 64bit mmio pref: [0xd9500000-0xd95fffff]
[    0.246382] pci 0000:00:18.3: bridge 32bit mmio: [0xcb300000-0xcb3fffff]
[    0.246421] pci 0000:00:18.3: bridge 64bit mmio pref: [0xd9900000-0xd99fffff]
[    0.246816] pci 0000:00:18.4: bridge 32bit mmio: [0xcb700000-0xcb7fffff]
[    0.246856] pci 0000:00:18.4: bridge 64bit mmio pref: [0xd9d00000-0xd9dfffff]
[    0.247278] pci 0000:00:18.5: bridge 32bit mmio: [0xcbb00000-0xcbbfffff]
[    0.247318] pci 0000:00:18.5: bridge 64bit mmio pref: [0xda100000-0xda1fffff]
[    0.247722] pci 0000:00:18.6: bridge 32bit mmio: [0xcbf00000-0xcbffffff]
[    0.247762] pci 0000:00:18.6: bridge 64bit mmio pref: [0xda500000-0xda5fffff]
[    0.248177] pci 0000:00:18.7: bridge 32bit mmio: [0xcc300000-0xcc3fffff]
[    0.248217] pci 0000:00:18.7: bridge 64bit mmio pref: [0xda900000-0xda9fffff]
[    0.249794] pci_bus 0000:00: on NUMA node 0
[    0.249802] ACPI: PCI Interrupt Routing Table [\_SB_.PCI0._PRT]
[    0.474323] ACPI: PCI Interrupt Link [LNKA] (IRQs 3 4 5 6 7 *9 10 11 14 15)
[    0.474472] ACPI: PCI Interrupt Link [LNKB] (IRQs 3 4 5 6 7 9 10 *11 14 15)
[    0.474617] ACPI: PCI Interrupt Link [LNKC] (IRQs 3 4 5 6 7 9 *10 11 14 15)
[    0.474771] ACPI: PCI Interrupt Link [LNKD] (IRQs 3 4 *5 6 7 9 10 11 14 15)
[    0.474924] vgaarb: device added: PCI:0000:00:0f.0,decodes=io+mem,owns=io+mem,locks=none
[    0.474934] vgaarb: loaded
[    0.475020] SCSI subsystem initialized
[    0.475063] libata version 3.00 loaded.
[    0.475101] usbcore: registered new interface driver usbfs
[    0.475112] usbcore: registered new interface driver hub
[    0.475128] usbcore: registered new device driver usb
[    0.475192] PCI: Using ACPI for IRQ routing
[    0.476231] NetLabel: Initializing
[    0.476232] NetLabel:  domain hash size = 128
[    0.476233] NetLabel:  protocols = UNLABELED CIPSOv4
[    0.476240] NetLabel:  unlabeled traffic allowed by default
[    0.476272] hpet0: at MMIO 0xfed00000, IRQs 2, 8, 0, 0, 0, 0, 0, 0, 0, 0, 0, 0, 0, 0, 0, 0
[    0.476278] hpet0: 16 comparators, 64-bit 14.318180 MHz counter
[    0.479307] Switching to clocksource tsc
[    0.486334] pnp: PnP ACPI init
[    0.486346] ACPI: bus type pnp registered
[    0.531798] pnp: PnP ACPI: found 14 devices
[    0.531801] ACPI: ACPI bus type pnp unregistered
[    0.531804] PnPBIOS: Disabled by ACPI PNP
[    0.531819] system 00:01: ioport range 0x1000-0x103f has been reserved
[    0.531821] system 00:01: ioport range 0x1040-0x104f has been reserved
[    0.531823] system 00:01: ioport range 0xcf0-0xcf1 has been reserved
[    0.531830] system 00:08: iomem range 0xfed00000-0xfed003ff has been reserved
[    0.531834] system 00:0d: ioport range 0x1060-0x107f has been reserved
[    0.531836] system 00:0d: iomem range 0xe0000000-0xefffffff has been reserved
[    0.531838] system 00:0d: iomem range 0xc8200000-0xc83fffff has been reserved
[    0.567325] pci 0000:00:15.3: BAR 13: can't allocate I/O resource [0x10000-0xffff]
[    0.567329] pci 0000:00:15.4: BAR 13: can't allocate I/O resource [0x10000-0xffff]
[    0.567331] pci 0000:00:15.5: BAR 13: can't allocate I/O resource [0x10000-0xffff]
[    0.567334] pci 0000:00:15.6: BAR 13: can't allocate I/O resource [0x10000-0xffff]
[    0.567337] pci 0000:00:15.7: BAR 13: can't allocate I/O resource [0x10000-0xffff]
[    0.567340] pci 0000:00:16.3: BAR 13: can't allocate I/O resource [0x10000-0xffff]
[    0.567343] pci 0000:00:16.4: BAR 13: can't allocate I/O resource [0x10000-0xffff]
[    0.567346] pci 0000:00:16.5: BAR 13: can't allocate I/O resource [0x10000-0xffff]
[    0.567348] pci 0000:00:16.6: BAR 13: can't allocate I/O resource [0x10000-0xffff]
[    0.567351] pci 0000:00:16.7: BAR 13: can't allocate I/O resource [0x10000-0xffff]
[    0.567354] pci 0000:00:17.3: BAR 13: can't allocate I/O resource [0x10000-0xffff]
[    0.567357] pci 0000:00:17.4: BAR 13: can't allocate I/O resource [0x10000-0xffff]
[    0.567360] pci 0000:00:17.5: BAR 13: can't allocate I/O resource [0x10000-0xffff]
[    0.567363] pci 0000:00:17.6: BAR 13: can't allocate I/O resource [0x10000-0xffff]
[    0.567365] pci 0000:00:17.7: BAR 13: can't allocate I/O resource [0x10000-0xffff]
[    0.567368] pci 0000:00:18.3: BAR 13: can't allocate I/O resource [0x10000-0xffff]
[    0.567371] pci 0000:00:18.4: BAR 13: can't allocate I/O resource [0x10000-0xffff]
[    0.567374] pci 0000:00:18.5: BAR 13: can't allocate I/O resource [0x10000-0xffff]
[    0.567377] pci 0000:00:18.6: BAR 13: can't allocate I/O resource [0x10000-0xffff]
[    0.567380] pci 0000:00:18.7: BAR 13: can't allocate I/O resource [0x10000-0xffff]
[    0.567382] pci 0000:00:01.0: PCI bridge, secondary bus 0000:01
[    0.567384] pci 0000:00:01.0:   IO window: disabled
[    0.567414] pci 0000:00:01.0:   MEM window: disabled
[    0.567435] pci 0000:00:01.0:   PREFETCH window: disabled
[    0.567475] pci 0000:00:11.0: PCI bridge, secondary bus 0000:02
[    0.567487] pci 0000:00:11.0:   IO window: 0x2000-0x3fff
[    0.567516] pci 0000:00:11.0:   MEM window: 0xc9000000-0xca3fffff
[    0.567537] pci 0000:00:11.0:   PREFETCH window: 0x000000d8400000-0x000000d89fffff
[    0.567576] pci 0000:00:15.0: PCI bridge, secondary bus 0000:03
[    0.567587] pci 0000:00:15.0:   IO window: 0x4000-0x4fff
[    0.567617] pci 0000:00:15.0:   MEM window: 0xca400000-0xca4fffff
[    0.567637] pci 0000:00:15.0:   PREFETCH window: 0x000000d8a00000-0x000000d8afffff
[    0.567688] pci 0000:00:15.1: PCI bridge, secondary bus 0000:04
[    0.567700] pci 0000:00:15.1:   IO window: 0x8000-0x8fff
[    0.567730] pci 0000:00:15.1:   MEM window: 0xca800000-0xca8fffff
[    0.567750] pci 0000:00:15.1:   PREFETCH window: 0x000000d8e00000-0x000000d8efffff
[    0.567793] pci 0000:00:15.2: PCI bridge, secondary bus 0000:05
[    0.567805] pci 0000:00:15.2:   IO window: 0xc000-0xcfff
[    0.567835] pci 0000:00:15.2:   MEM window: 0xcac00000-0xcacfffff
[    0.567855] pci 0000:00:15.2:   PREFETCH window: 0x000000d9200000-0x000000d92fffff
[    0.567898] pci 0000:00:15.3: PCI bridge, secondary bus 0000:06
[    0.567899] pci 0000:00:15.3:   IO window: disabled
[    0.567929] pci 0000:00:15.3:   MEM window: 0xcb000000-0xcb0fffff
[    0.567950] pci 0000:00:15.3:   PREFETCH window: 0x000000d9600000-0x000000d96fffff
[    0.567992] pci 0000:00:15.4: PCI bridge, secondary bus 0000:07
[    0.567994] pci 0000:00:15.4:   IO window: disabled
[    0.568023] pci 0000:00:15.4:   MEM window: 0xcb400000-0xcb4fffff
[    0.568044] pci 0000:00:15.4:   PREFETCH window: 0x000000d9a00000-0x000000d9afffff
[    0.568087] pci 0000:00:15.5: PCI bridge, secondary bus 0000:08
[    0.568088] pci 0000:00:15.5:   IO window: disabled
[    0.568118] pci 0000:00:15.5:   MEM window: 0xcb800000-0xcb8fffff
[    0.568138] pci 0000:00:15.5:   PREFETCH window: 0x000000d9e00000-0x000000d9efffff
[    0.568181] pci 0000:00:15.6: PCI bridge, secondary bus 0000:09
[    0.568183] pci 0000:00:15.6:   IO window: disabled
[    0.568212] pci 0000:00:15.6:   MEM window: 0xcbc00000-0xcbcfffff
[    0.568233] pci 0000:00:15.6:   PREFETCH window: 0x000000da200000-0x000000da2fffff
[    0.568282] pci 0000:00:15.7: PCI bridge, secondary bus 0000:0a
[    0.568284] pci 0000:00:15.7:   IO window: disabled
[    0.568314] pci 0000:00:15.7:   MEM window: 0xcc000000-0xcc0fffff
[    0.568334] pci 0000:00:15.7:   PREFETCH window: 0x000000da600000-0x000000da6fffff
[    0.568377] pci 0000:00:16.0: PCI bridge, secondary bus 0000:0b
[    0.568389] pci 0000:00:16.0:   IO window: 0x5000-0x5fff
[    0.568418] pci 0000:00:16.0:   MEM window: 0xca500000-0xca5fffff
[    0.568439] pci 0000:00:16.0:   PREFETCH window: 0x000000d8b00000-0x000000d8bfffff
[    0.568481] pci 0000:00:16.1: PCI bridge, secondary bus 0000:0c
[    0.568493] pci 0000:00:16.1:   IO window: 0x9000-0x9fff
[    0.568523] pci 0000:00:16.1:   MEM window: 0xca900000-0xca9fffff
[    0.568543] pci 0000:00:16.1:   PREFETCH window: 0x000000d8f00000-0x000000d8ffffff
[    0.568585] pci 0000:00:16.2: PCI bridge, secondary bus 0000:0d
[    0.568597] pci 0000:00:16.2:   IO window: 0xd000-0xdfff
[    0.568627] pci 0000:00:16.2:   MEM window: 0xcad00000-0xcadfffff
[    0.568648] pci 0000:00:16.2:   PREFETCH window: 0x000000d9300000-0x000000d93fffff
[    0.568690] pci 0000:00:16.3: PCI bridge, secondary bus 0000:0e
[    0.568692] pci 0000:00:16.3:   IO window: disabled
[    0.568721] pci 0000:00:16.3:   MEM window: 0xcb100000-0xcb1fffff
[    0.568742] pci 0000:00:16.3:   PREFETCH window: 0x000000d9700000-0x000000d97fffff
[    0.568784] pci 0000:00:16.4: PCI bridge, secondary bus 0000:0f
[    0.568786] pci 0000:00:16.4:   IO window: disabled
[    0.568816] pci 0000:00:16.4:   MEM window: 0xcb500000-0xcb5fffff
[    0.568836] pci 0000:00:16.4:   PREFETCH window: 0x000000d9b00000-0x000000d9bfffff
[    0.568879] pci 0000:00:16.5: PCI bridge, secondary bus 0000:10
[    0.568880] pci 0000:00:16.5:   IO window: disabled
[    0.568910] pci 0000:00:16.5:   MEM window: 0xcb900000-0xcb9fffff
[    0.568931] pci 0000:00:16.5:   PREFETCH window: 0x000000d9f00000-0x000000d9ffffff
[    0.568973] pci 0000:00:16.6: PCI bridge, secondary bus 0000:11
[    0.568975] pci 0000:00:16.6:   IO window: disabled
[    0.569004] pci 0000:00:16.6:   MEM window: 0xcbd00000-0xcbdfffff
[    0.569025] pci 0000:00:16.6:   PREFETCH window: 0x000000da300000-0x000000da3fffff
[    0.569067] pci 0000:00:16.7: PCI bridge, secondary bus 0000:12
[    0.569069] pci 0000:00:16.7:   IO window: disabled
[    0.569098] pci 0000:00:16.7:   MEM window: 0xcc100000-0xcc1fffff
[    0.569119] pci 0000:00:16.7:   PREFETCH window: 0x000000da700000-0x000000da7fffff
[    0.569161] pci 0000:00:17.0: PCI bridge, secondary bus 0000:13
[    0.569173] pci 0000:00:17.0:   IO window: 0x6000-0x6fff
[    0.569203] pci 0000:00:17.0:   MEM window: 0xca600000-0xca6fffff
[    0.569223] pci 0000:00:17.0:   PREFETCH window: 0x000000d8c00000-0x000000d8cfffff
[    0.569272] pci 0000:00:17.1: PCI bridge, secondary bus 0000:14
[    0.569284] pci 0000:00:17.1:   IO window: 0xa000-0xafff
[    0.569313] pci 0000:00:17.1:   MEM window: 0xcaa00000-0xcaafffff
[    0.569334] pci 0000:00:17.1:   PREFETCH window: 0x000000d9000000-0x000000d90fffff
[    0.569376] pci 0000:00:17.2: PCI bridge, secondary bus 0000:15
[    0.569388] pci 0000:00:17.2:   IO window: 0xe000-0xefff
[    0.569417] pci 0000:00:17.2:   MEM window: 0xcae00000-0xcaefffff
[    0.569438] pci 0000:00:17.2:   PREFETCH window: 0x000000d9400000-0x000000d94fffff
[    0.569481] pci 0000:00:17.3: PCI bridge, secondary bus 0000:16
[    0.569482] pci 0000:00:17.3:   IO window: disabled
[    0.569512] pci 0000:00:17.3:   MEM window: 0xcb200000-0xcb2fffff
[    0.569532] pci 0000:00:17.3:   PREFETCH window: 0x000000d9800000-0x000000d98fffff
[    0.569575] pci 0000:00:17.4: PCI bridge, secondary bus 0000:17
[    0.569576] pci 0000:00:17.4:   IO window: disabled
[    0.569606] pci 0000:00:17.4:   MEM window: 0xcb600000-0xcb6fffff
[    0.569627] pci 0000:00:17.4:   PREFETCH window: 0x000000d9c00000-0x000000d9cfffff
[    0.569669] pci 0000:00:17.5: PCI bridge, secondary bus 0000:18
[    0.569671] pci 0000:00:17.5:   IO window: disabled
[    0.569700] pci 0000:00:17.5:   MEM window: 0xcba00000-0xcbafffff
[    0.569721] pci 0000:00:17.5:   PREFETCH window: 0x000000da000000-0x000000da0fffff
[    0.569763] pci 0000:00:17.6: PCI bridge, secondary bus 0000:19
[    0.569765] pci 0000:00:17.6:   IO window: disabled
[    0.569794] pci 0000:00:17.6:   MEM window: 0xcbe00000-0xcbefffff
[    0.569815] pci 0000:00:17.6:   PREFETCH window: 0x000000da400000-0x000000da4fffff
[    0.569857] pci 0000:00:17.7: PCI bridge, secondary bus 0000:1a
[    0.569859] pci 0000:00:17.7:   IO window: disabled
[    0.569888] pci 0000:00:17.7:   MEM window: 0xcc200000-0xcc2fffff
[    0.569909] pci 0000:00:17.7:   PREFETCH window: 0x000000da800000-0x000000da8fffff
[    0.569951] pci 0000:00:18.0: PCI bridge, secondary bus 0000:1b
[    0.569963] pci 0000:00:18.0:   IO window: 0x7000-0x7fff
[    0.569993] pci 0000:00:18.0:   MEM window: 0xca700000-0xca7fffff
[    0.570013] pci 0000:00:18.0:   PREFETCH window: 0x000000d8d00000-0x000000d8dfffff
[    0.570055] pci 0000:00:18.1: PCI bridge, secondary bus 0000:1c
[    0.570067] pci 0000:00:18.1:   IO window: 0xb000-0xbfff
[    0.570097] pci 0000:00:18.1:   MEM window: 0xcab00000-0xcabfffff
[    0.570117] pci 0000:00:18.1:   PREFETCH window: 0x000000d9100000-0x000000d91fffff
[    0.570159] pci 0000:00:18.2: PCI bridge, secondary bus 0000:1d
[    0.570171] pci 0000:00:18.2:   IO window: 0xf000-0xffff
[    0.570201] pci 0000:00:18.2:   MEM window: 0xcaf00000-0xcaffffff
[    0.570221] pci 0000:00:18.2:   PREFETCH window: 0x000000d9500000-0x000000d95fffff
[    0.570264] pci 0000:00:18.3: PCI bridge, secondary bus 0000:1e
[    0.570266] pci 0000:00:18.3:   IO window: disabled
[    0.570295] pci 0000:00:18.3:   MEM window: 0xcb300000-0xcb3fffff
[    0.570316] pci 0000:00:18.3:   PREFETCH window: 0x000000d9900000-0x000000d99fffff
[    0.570358] pci 0000:00:18.4: PCI bridge, secondary bus 0000:1f
[    0.570360] pci 0000:00:18.4:   IO window: disabled
[    0.570390] pci 0000:00:18.4:   MEM window: 0xcb700000-0xcb7fffff
[    0.570410] pci 0000:00:18.4:   PREFETCH window: 0x000000d9d00000-0x000000d9dfffff
[    0.570452] pci 0000:00:18.5: PCI bridge, secondary bus 0000:20
[    0.570454] pci 0000:00:18.5:   IO window: disabled
[    0.570484] pci 0000:00:18.5:   MEM window: 0xcbb00000-0xcbbfffff
[    0.570504] pci 0000:00:18.5:   PREFETCH window: 0x000000da100000-0x000000da1fffff
[    0.570546] pci 0000:00:18.6: PCI bridge, secondary bus 0000:21
[    0.570548] pci 0000:00:18.6:   IO window: disabled
[    0.570578] pci 0000:00:18.6:   MEM window: 0xcbf00000-0xcbffffff
[    0.570598] pci 0000:00:18.6:   PREFETCH window: 0x000000da500000-0x000000da5fffff
[    0.570640] pci 0000:00:18.7: PCI bridge, secondary bus 0000:22
[    0.570642] pci 0000:00:18.7:   IO window: disabled
[    0.570672] pci 0000:00:18.7:   MEM window: 0xcc300000-0xcc3fffff
[    0.570692] pci 0000:00:18.7:   PREFETCH window: 0x000000da900000-0x000000da9fffff
[    0.570766] pci 0000:00:01.0: setting latency timer to 64
[    0.570862] pci 0000:00:15.0: setting latency timer to 64
[    0.570929] pci 0000:00:15.1: setting latency timer to 64
[    0.570995] pci 0000:00:15.2: setting latency timer to 64
[    0.571061] pci 0000:00:15.3: setting latency timer to 64
[    0.571127] pci 0000:00:15.4: setting latency timer to 64
[    0.571194] pci 0000:00:15.5: setting latency timer to 64
[    0.571277] pci 0000:00:15.6: setting latency timer to 64
[    0.571344] pci 0000:00:15.7: setting latency timer to 64
[    0.571410] pci 0000:00:16.0: setting latency timer to 64
[    0.571476] pci 0000:00:16.1: setting latency timer to 64
[    0.571543] pci 0000:00:16.2: setting latency timer to 64
[    0.571609] pci 0000:00:16.3: setting latency timer to 64
[    0.571675] pci 0000:00:16.4: setting latency timer to 64
[    0.571742] pci 0000:00:16.5: setting latency timer to 64
[    0.571808] pci 0000:00:16.6: setting latency timer to 64
[    0.571874] pci 0000:00:16.7: setting latency timer to 64
[    0.571940] pci 0000:00:17.0: setting latency timer to 64
[    0.572007] pci 0000:00:17.1: setting latency timer to 64
[    0.572073] pci 0000:00:17.2: setting latency timer to 64
[    0.572139] pci 0000:00:17.3: setting latency timer to 64
[    0.572205] pci 0000:00:17.4: setting latency timer to 64
[    0.572279] pci 0000:00:17.5: setting latency timer to 64
[    0.572345] pci 0000:00:17.6: setting latency timer to 64
[    0.572411] pci 0000:00:17.7: setting latency timer to 64
[    0.572478] pci 0000:00:18.0: setting latency timer to 64
[    0.572544] pci 0000:00:18.1: setting latency timer to 64
[    0.572610] pci 0000:00:18.2: setting latency timer to 64
[    0.572677] pci 0000:00:18.3: setting latency timer to 64
[    0.572743] pci 0000:00:18.4: setting latency timer to 64
[    0.572809] pci 0000:00:18.5: setting latency timer to 64
[    0.572876] pci 0000:00:18.6: setting latency timer to 64
[    0.572942] pci 0000:00:18.7: setting latency timer to 64
[    0.572954] pci_bus 0000:00: resource 0 io:  [0x00-0xffff]
[    0.572956] pci_bus 0000:00: resource 1 mem: [0x000000-0xffffffffffffffff]
[    0.572959] pci_bus 0000:02: resource 0 io:  [0x2000-0x3fff]
[    0.572961] pci_bus 0000:02: resource 1 mem: [0xc9000000-0xca3fffff]
[    0.572963] pci_bus 0000:02: resource 2 pref mem [0xd8400000-0xd89fffff]
[    0.572965] pci_bus 0000:02: resource 3 io:  [0x00-0xffff]
[    0.572967] pci_bus 0000:02: resource 4 mem: [0x000000-0xffffffffffffffff]
[    0.572969] pci_bus 0000:03: resource 0 io:  [0x4000-0x4fff]
[    0.572971] pci_bus 0000:03: resource 1 mem: [0xca400000-0xca4fffff]
[    0.572973] pci_bus 0000:03: resource 2 pref mem [0xd8a00000-0xd8afffff]
[    0.572975] pci_bus 0000:04: resource 0 io:  [0x8000-0x8fff]
[    0.572977] pci_bus 0000:04: resource 1 mem: [0xca800000-0xca8fffff]
[    0.572978] pci_bus 0000:04: resource 2 pref mem [0xd8e00000-0xd8efffff]
[    0.572980] pci_bus 0000:05: resource 0 io:  [0xc000-0xcfff]
[    0.572982] pci_bus 0000:05: resource 1 mem: [0xcac00000-0xcacfffff]
[    0.572984] pci_bus 0000:05: resource 2 pref mem [0xd9200000-0xd92fffff]
[    0.572986] pci_bus 0000:06: resource 1 mem: [0xcb000000-0xcb0fffff]
[    0.572988] pci_bus 0000:06: resource 2 pref mem [0xd9600000-0xd96fffff]
[    0.572990] pci_bus 0000:07: resource 1 mem: [0xcb400000-0xcb4fffff]
[    0.572992] pci_bus 0000:07: resource 2 pref mem [0xd9a00000-0xd9afffff]
[    0.572994] pci_bus 0000:08: resource 1 mem: [0xcb800000-0xcb8fffff]
[    0.572996] pci_bus 0000:08: resource 2 pref mem [0xd9e00000-0xd9efffff]
[    0.572998] pci_bus 0000:09: resource 1 mem: [0xcbc00000-0xcbcfffff]
[    0.573000] pci_bus 0000:09: resource 2 pref mem [0xda200000-0xda2fffff]
[    0.573002] pci_bus 0000:0a: resource 1 mem: [0xcc000000-0xcc0fffff]
[    0.573004] pci_bus 0000:0a: resource 2 pref mem [0xda600000-0xda6fffff]
[    0.573006] pci_bus 0000:0b: resource 0 io:  [0x5000-0x5fff]
[    0.573007] pci_bus 0000:0b: resource 1 mem: [0xca500000-0xca5fffff]
[    0.573009] pci_bus 0000:0b: resource 2 pref mem [0xd8b00000-0xd8bfffff]
[    0.573011] pci_bus 0000:0c: resource 0 io:  [0x9000-0x9fff]
[    0.573013] pci_bus 0000:0c: resource 1 mem: [0xca900000-0xca9fffff]
[    0.573015] pci_bus 0000:0c: resource 2 pref mem [0xd8f00000-0xd8ffffff]
[    0.573017] pci_bus 0000:0d: resource 0 io:  [0xd000-0xdfff]
[    0.573019] pci_bus 0000:0d: resource 1 mem: [0xcad00000-0xcadfffff]
[    0.573021] pci_bus 0000:0d: resource 2 pref mem [0xd9300000-0xd93fffff]
[    0.573023] pci_bus 0000:0e: resource 1 mem: [0xcb100000-0xcb1fffff]
[    0.573025] pci_bus 0000:0e: resource 2 pref mem [0xd9700000-0xd97fffff]
[    0.573027] pci_bus 0000:0f: resource 1 mem: [0xcb500000-0xcb5fffff]
[    0.573029] pci_bus 0000:0f: resource 2 pref mem [0xd9b00000-0xd9bfffff]
[    0.573031] pci_bus 0000:10: resource 1 mem: [0xcb900000-0xcb9fffff]
[    0.573032] pci_bus 0000:10: resource 2 pref mem [0xd9f00000-0xd9ffffff]
[    0.573034] pci_bus 0000:11: resource 1 mem: [0xcbd00000-0xcbdfffff]
[    0.573036] pci_bus 0000:11: resource 2 pref mem [0xda300000-0xda3fffff]
[    0.573038] pci_bus 0000:12: resource 1 mem: [0xcc100000-0xcc1fffff]
[    0.573040] pci_bus 0000:12: resource 2 pref mem [0xda700000-0xda7fffff]
[    0.573042] pci_bus 0000:13: resource 0 io:  [0x6000-0x6fff]
[    0.573044] pci_bus 0000:13: resource 1 mem: [0xca600000-0xca6fffff]
[    0.573046] pci_bus 0000:13: resource 2 pref mem [0xd8c00000-0xd8cfffff]
[    0.573048] pci_bus 0000:14: resource 0 io:  [0xa000-0xafff]
[    0.573050] pci_bus 0000:14: resource 1 mem: [0xcaa00000-0xcaafffff]
[    0.573052] pci_bus 0000:14: resource 2 pref mem [0xd9000000-0xd90fffff]
[    0.573054] pci_bus 0000:15: resource 0 io:  [0xe000-0xefff]
[    0.573055] pci_bus 0000:15: resource 1 mem: [0xcae00000-0xcaefffff]
[    0.573057] pci_bus 0000:15: resource 2 pref mem [0xd9400000-0xd94fffff]
[    0.573059] pci_bus 0000:16: resource 1 mem: [0xcb200000-0xcb2fffff]
[    0.573061] pci_bus 0000:16: resource 2 pref mem [0xd9800000-0xd98fffff]
[    0.573063] pci_bus 0000:17: resource 1 mem: [0xcb600000-0xcb6fffff]
[    0.573065] pci_bus 0000:17: resource 2 pref mem [0xd9c00000-0xd9cfffff]
[    0.573067] pci_bus 0000:18: resource 1 mem: [0xcba00000-0xcbafffff]
[    0.573069] pci_bus 0000:18: resource 2 pref mem [0xda000000-0xda0fffff]
[    0.573071] pci_bus 0000:19: resource 1 mem: [0xcbe00000-0xcbefffff]
[    0.573073] pci_bus 0000:19: resource 2 pref mem [0xda400000-0xda4fffff]
[    0.573075] pci_bus 0000:1a: resource 1 mem: [0xcc200000-0xcc2fffff]
[    0.573077] pci_bus 0000:1a: resource 2 pref mem [0xda800000-0xda8fffff]
[    0.573079] pci_bus 0000:1b: resource 0 io:  [0x7000-0x7fff]
[    0.573081] pci_bus 0000:1b: resource 1 mem: [0xca700000-0xca7fffff]
[    0.573082] pci_bus 0000:1b: resource 2 pref mem [0xd8d00000-0xd8dfffff]
[    0.573084] pci_bus 0000:1c: resource 0 io:  [0xb000-0xbfff]
[    0.573086] pci_bus 0000:1c: resource 1 mem: [0xcab00000-0xcabfffff]
[    0.573088] pci_bus 0000:1c: resource 2 pref mem [0xd9100000-0xd91fffff]
[    0.573090] pci_bus 0000:1d: resource 0 io:  [0xf000-0xffff]
[    0.573092] pci_bus 0000:1d: resource 1 mem: [0xcaf00000-0xcaffffff]
[    0.573094] pci_bus 0000:1d: resource 2 pref mem [0xd9500000-0xd95fffff]
[    0.573096] pci_bus 0000:1e: resource 1 mem: [0xcb300000-0xcb3fffff]
[    0.573098] pci_bus 0000:1e: resource 2 pref mem [0xd9900000-0xd99fffff]
[    0.573100] pci_bus 0000:1f: resource 1 mem: [0xcb700000-0xcb7fffff]
[    0.573102] pci_bus 0000:1f: resource 2 pref mem [0xd9d00000-0xd9dfffff]
[    0.573104] pci_bus 0000:20: resource 1 mem: [0xcbb00000-0xcbbfffff]
[    0.573105] pci_bus 0000:20: resource 2 pref mem [0xda100000-0xda1fffff]
[    0.573107] pci_bus 0000:21: resource 1 mem: [0xcbf00000-0xcbffffff]
[    0.573109] pci_bus 0000:21: resource 2 pref mem [0xda500000-0xda5fffff]
[    0.573111] pci_bus 0000:22: resource 1 mem: [0xcc300000-0xcc3fffff]
[    0.573113] pci_bus 0000:22: resource 2 pref mem [0xda900000-0xda9fffff]
[    0.573136] NET: Registered protocol family 2
[    0.573153] RANDOM - __random32 called. Change num 7.  Value: 55ede565	148ebb7a	8e9cdd7f
[    0.573155] RANDOM - random32 called.  Value: 55ede565	148ebb7a	8e9cdd7f
[    0.573163] random 0000 0000 0000 00000000 00000000: rand_read_num 2 get_random_bytes(4): sig fffffe1a 00000000 00000000
[    0.573165] random 0000 0000 0000 00000000 00000000: extract_entropy(.. 4 ..)
[    0.573168] random 0000 0000 0000 00000000 00000000: going to reseed nonblocking with 64 bits (32 of 0 requested)
[    0.573170] random 0000 0000 0000 00000000 00000000: extract_entropy(.. 8 ..)
[    0.573173] random 0000 0000 0000 00000000 00000000: trying to extract 64 bits from input
[    0.573175] random 0000 0000 0000 00000000 00000000: debiting 0 entropy credits from input
[    0.573177] random 0000 0000 0000 00000000 00000000: extract_entropy account returned: 0 
[    0.573180] random 0000 0000 0000 00000000 00000000: urand_change_num 3 xfer_secondary_pool(4): pool_sig fffffe1a, data_sig 00000000, bytes_mixed 0 00000000 00000000
[    0.573183] random 0000 0000 0000 00000000 00000000: trying to extract 32 bits from nonblocking
[    0.573186] random 0000 0000 0000 00000000 00000000: debiting 32 entropy credits from nonblocking (unlimited)
[    0.573188] random 0000 0000 0000 00000000 00000000: extract_entropy account returned: 4 
[    0.573192] random 0000 0000 0000 00000000 00000000: urand_change_num 4 extract_buf: pool_sig fffffe1a, data_sig fffffed7, bytes_mixed 20 00000000 00000000
[    0.573231] IP route cache hash table entries: 32768 (order: 5, 131072 bytes)
[    0.573324] RANDOM - __random32 called. Change num 8.  Value: de565d28	48ebb7a3	baff4f46
[    0.573326] RANDOM - random32 called.  Value: de565d28	48ebb7a3	baff4f46
[    0.573385] RANDOM - __random32 called. Change num 9.  Value: 65d282be	8ebb7a35	9e8da0a6
[    0.573387] RANDOM - random32 called.  Value: 65d282be	8ebb7a35	9e8da0a6
[    0.573390] RANDOM - __random32 called. Change num 10.  Value: 282be6b0	ebb7a35a	414d5c14
[    0.573392] RANDOM - random32 called.  Value: 282be6b0	ebb7a35a	414d5c14
[    0.573415] RANDOM - __random32 called. Change num 11.  Value: be6b0a9f	bb7a35a2	b82964f7
[    0.573417] RANDOM - random32 called.  Value: be6b0a9f	bb7a35a2	b82964f7
[    0.573427] TCP established hash table entries: 131072 (order: 8, 1048576 bytes)
[    0.573525] TCP bind hash table entries: 65536 (order: 7, 524288 bytes)
[    0.573623] TCP: Hash tables configured (established 131072 bind 65536)
[    0.573626] TCP reno registered
[    0.573663] NET: Registered protocol family 1
[    0.573671] pci 0000:00:00.0: Limiting direct PCI/PCI transfers
[    0.573695] pci 0000:00:0f.0: Boot video device
[    0.573877] Trying to unpack rootfs image as initramfs...
[    1.673650] Freeing initrd memory: 83430k freed
[    1.677665] Simple Boot Flag at 0x36 set to 0x1
[    1.677710] cpufreq-nforce2: No nForce2 chipset.
[    1.677723] Scanning for low memory corruption every 60 seconds
[    1.677837] audit: initializing netlink socket (disabled)
[    1.677847] type=2000 audit(1369435950.668:1): initialized
[    1.681761] highmem bounce pool size: 64 pages
[    1.681765] HugeTLB registered 2 MB page size, pre-allocated 0 pages
[    1.681864] VFS: Disk quotas dquot_6.5.2
[    1.681898] Dquot-cache hash table entries: 1024 (order 0, 4096 bytes)
[    1.681989] fuse init (API version 7.13)
[    1.682034] msgmni has been set to 1729
[    1.682306] alg: No test for stdrng (krng)
[    1.682340] Block layer SCSI generic (bsg) driver version 0.4 loaded (major 253)
[    1.682343] io scheduler noop registered
[    1.682345] io scheduler anticipatory registered
[    1.682346] io scheduler deadline registered
[    1.682367] io scheduler cfq registered (default)
[    1.682412]   alloc irq_desc for 24 on node -1
[    1.682414]   alloc kstat_irqs on node -1
[    1.682459] pcieport 0000:00:15.0: irq 24 for MSI/MSI-X
[    1.682504] pcieport 0000:00:15.0: setting latency timer to 64
[    1.682548]   alloc irq_desc for 25 on node -1
[    1.682550]   alloc kstat_irqs on node -1
[    1.682595] pcieport 0000:00:15.1: irq 25 for MSI/MSI-X
[    1.682640] pcieport 0000:00:15.1: setting latency timer to 64
[    1.682685]   alloc irq_desc for 26 on node -1
[    1.682687]   alloc kstat_irqs on node -1
[    1.682731] pcieport 0000:00:15.2: irq 26 for MSI/MSI-X
[    1.682776] pcieport 0000:00:15.2: setting latency timer to 64
[    1.682821]   alloc irq_desc for 27 on node -1
[    1.682823]   alloc kstat_irqs on node -1
[    1.682868] pcieport 0000:00:15.3: irq 27 for MSI/MSI-X
[    1.682913] pcieport 0000:00:15.3: setting latency timer to 64
[    1.682958]   alloc irq_desc for 28 on node -1
[    1.682959]   alloc kstat_irqs on node -1
[    1.683004] pcieport 0000:00:15.4: irq 28 for MSI/MSI-X
[    1.683049] pcieport 0000:00:15.4: setting latency timer to 64
[    1.683094]   alloc irq_desc for 29 on node -1
[    1.683096]   alloc kstat_irqs on node -1
[    1.683141] pcieport 0000:00:15.5: irq 29 for MSI/MSI-X
[    1.683186] pcieport 0000:00:15.5: setting latency timer to 64
[    1.683230]   alloc irq_desc for 30 on node -1
[    1.683232]   alloc kstat_irqs on node -1
[    1.683277] pcieport 0000:00:15.6: irq 30 for MSI/MSI-X
[    1.683322] pcieport 0000:00:15.6: setting latency timer to 64
[    1.683367]   alloc irq_desc for 31 on node -1
[    1.683369]   alloc kstat_irqs on node -1
[    1.683414] pcieport 0000:00:15.7: irq 31 for MSI/MSI-X
[    1.683458] pcieport 0000:00:15.7: setting latency timer to 64
[    1.683503]   alloc irq_desc for 32 on node -1
[    1.683505]   alloc kstat_irqs on node -1
[    1.683550] pcieport 0000:00:16.0: irq 32 for MSI/MSI-X
[    1.683595] pcieport 0000:00:16.0: setting latency timer to 64
[    1.683640]   alloc irq_desc for 33 on node -1
[    1.683642]   alloc kstat_irqs on node -1
[    1.683686] pcieport 0000:00:16.1: irq 33 for MSI/MSI-X
[    1.683731] pcieport 0000:00:16.1: setting latency timer to 64
[    1.683776]   alloc irq_desc for 34 on node -1
[    1.683778]   alloc kstat_irqs on node -1
[    1.683823] pcieport 0000:00:16.2: irq 34 for MSI/MSI-X
[    1.683868] pcieport 0000:00:16.2: setting latency timer to 64
[    1.683912]   alloc irq_desc for 35 on node -1
[    1.683914]   alloc kstat_irqs on node -1
[    1.683959] pcieport 0000:00:16.3: irq 35 for MSI/MSI-X
[    1.684004] pcieport 0000:00:16.3: setting latency timer to 64
[    1.684049]   alloc irq_desc for 36 on node -1
[    1.684051]   alloc kstat_irqs on node -1
[    1.684096] pcieport 0000:00:16.4: irq 36 for MSI/MSI-X
[    1.684140] pcieport 0000:00:16.4: setting latency timer to 64
[    1.684185]   alloc irq_desc for 37 on node -1
[    1.684187]   alloc kstat_irqs on node -1
[    1.684232] pcieport 0000:00:16.5: irq 37 for MSI/MSI-X
[    1.684277] pcieport 0000:00:16.5: setting latency timer to 64
[    1.684322]   alloc irq_desc for 38 on node -1
[    1.684323]   alloc kstat_irqs on node -1
[    1.684368] pcieport 0000:00:16.6: irq 38 for MSI/MSI-X
[    1.684413] pcieport 0000:00:16.6: setting latency timer to 64
[    1.684458]   alloc irq_desc for 39 on node -1
[    1.684460]   alloc kstat_irqs on node -1
[    1.684505] pcieport 0000:00:16.7: irq 39 for MSI/MSI-X
[    1.684550] pcieport 0000:00:16.7: setting latency timer to 64
[    1.684595]   alloc irq_desc for 40 on node -1
[    1.684596]   alloc kstat_irqs on node -1
[    1.684641] pcieport 0000:00:17.0: irq 40 for MSI/MSI-X
[    1.684686] pcieport 0000:00:17.0: setting latency timer to 64
[    1.685695]   alloc irq_desc for 41 on node -1
[    1.685696]   alloc kstat_irqs on node -1
[    1.685741] pcieport 0000:00:17.1: irq 41 for MSI/MSI-X
[    1.685786] pcieport 0000:00:17.1: setting latency timer to 64
[    1.685831]   alloc irq_desc for 42 on node -1
[    1.685833]   alloc kstat_irqs on node -1
[    1.685878] pcieport 0000:00:17.2: irq 42 for MSI/MSI-X
[    1.685923] pcieport 0000:00:17.2: setting latency timer to 64
[    1.685967]   alloc irq_desc for 43 on node -1
[    1.685969]   alloc kstat_irqs on node -1
[    1.686014] pcieport 0000:00:17.3: irq 43 for MSI/MSI-X
[    1.686059] pcieport 0000:00:17.3: setting latency timer to 64
[    1.686104]   alloc irq_desc for 44 on node -1
[    1.686106]   alloc kstat_irqs on node -1
[    1.686150] pcieport 0000:00:17.4: irq 44 for MSI/MSI-X
[    1.686195] pcieport 0000:00:17.4: setting latency timer to 64
[    1.686240]   alloc irq_desc for 45 on node -1
[    1.686242]   alloc kstat_irqs on node -1
[    1.686287] pcieport 0000:00:17.5: irq 45 for MSI/MSI-X
[    1.686332] pcieport 0000:00:17.5: setting latency timer to 64
[    1.686376]   alloc irq_desc for 46 on node -1
[    1.686378]   alloc kstat_irqs on node -1
[    1.686423] pcieport 0000:00:17.6: irq 46 for MSI/MSI-X
[    1.686468] pcieport 0000:00:17.6: setting latency timer to 64
[    1.686513]   alloc irq_desc for 47 on node -1
[    1.686515]   alloc kstat_irqs on node -1
[    1.686560] pcieport 0000:00:17.7: irq 47 for MSI/MSI-X
[    1.686604] pcieport 0000:00:17.7: setting latency timer to 64
[    1.686649]   alloc irq_desc for 48 on node -1
[    1.686651]   alloc kstat_irqs on node -1
[    1.686696] pcieport 0000:00:18.0: irq 48 for MSI/MSI-X
[    1.686741] pcieport 0000:00:18.0: setting latency timer to 64
[    1.686786]   alloc irq_desc for 49 on node -1
[    1.686788]   alloc kstat_irqs on node -1
[    1.686832] pcieport 0000:00:18.1: irq 49 for MSI/MSI-X
[    1.686877] pcieport 0000:00:18.1: setting latency timer to 64
[    1.686922]   alloc irq_desc for 50 on node -1
[    1.686924]   alloc kstat_irqs on node -1
[    1.686969] pcieport 0000:00:18.2: irq 50 for MSI/MSI-X
[    1.687014] pcieport 0000:00:18.2: setting latency timer to 64
[    1.687058]   alloc irq_desc for 51 on node -1
[    1.687060]   alloc kstat_irqs on node -1
[    1.687105] pcieport 0000:00:18.3: irq 51 for MSI/MSI-X
[    1.687150] pcieport 0000:00:18.3: setting latency timer to 64
[    1.687195]   alloc irq_desc for 52 on node -1
[    1.687197]   alloc kstat_irqs on node -1
[    1.687242] pcieport 0000:00:18.4: irq 52 for MSI/MSI-X
[    1.687286] pcieport 0000:00:18.4: setting latency timer to 64
[    1.687331]   alloc irq_desc for 53 on node -1
[    1.687333]   alloc kstat_irqs on node -1
[    1.687378] pcieport 0000:00:18.5: irq 53 for MSI/MSI-X
[    1.687423] pcieport 0000:00:18.5: setting latency timer to 64
[    1.687468]   alloc irq_desc for 54 on node -1
[    1.687469]   alloc kstat_irqs on node -1
[    1.687514] pcieport 0000:00:18.6: irq 54 for MSI/MSI-X
[    1.687559] pcieport 0000:00:18.6: setting latency timer to 64
[    1.687604]   alloc irq_desc for 55 on node -1
[    1.687606]   alloc kstat_irqs on node -1
[    1.687651] pcieport 0000:00:18.7: irq 55 for MSI/MSI-X
[    1.687696] pcieport 0000:00:18.7: setting latency timer to 64
[    1.687740] pci_hotplug: PCI Hot Plug PCI Core version: 0.5
[    1.689689] pciehp 0000:00:15.0:pcie04: HPC vendor_id 15ad device_id 7a0 ss_vid 0 ss_did 0
[    1.689734] pciehp 0000:00:15.0:pcie04: service driver pciehp loaded
[    1.689779] pciehp 0000:00:15.1:pcie04: HPC vendor_id 15ad device_id 7a0 ss_vid 0 ss_did 0
[    1.689824] pciehp 0000:00:15.1:pcie04: service driver pciehp loaded
[    1.689869] pciehp 0000:00:15.2:pcie04: HPC vendor_id 15ad device_id 7a0 ss_vid 0 ss_did 0
[    1.689914] pciehp 0000:00:15.2:pcie04: service driver pciehp loaded
[    1.689958] pciehp 0000:00:15.3:pcie04: HPC vendor_id 15ad device_id 7a0 ss_vid 0 ss_did 0
[    1.690003] pciehp 0000:00:15.3:pcie04: service driver pciehp loaded
[    1.690048] pciehp 0000:00:15.4:pcie04: HPC vendor_id 15ad device_id 7a0 ss_vid 0 ss_did 0
[    1.690093] pciehp 0000:00:15.4:pcie04: service driver pciehp loaded
[    1.690138] pciehp 0000:00:15.5:pcie04: HPC vendor_id 15ad device_id 7a0 ss_vid 0 ss_did 0
[    1.690183] pciehp 0000:00:15.5:pcie04: service driver pciehp loaded
[    1.690227] pciehp 0000:00:15.6:pcie04: HPC vendor_id 15ad device_id 7a0 ss_vid 0 ss_did 0
[    1.690272] pciehp 0000:00:15.6:pcie04: service driver pciehp loaded
[    1.690317] pciehp 0000:00:15.7:pcie04: HPC vendor_id 15ad device_id 7a0 ss_vid 0 ss_did 0
[    1.690362] pciehp 0000:00:15.7:pcie04: service driver pciehp loaded
[    1.690407] pciehp 0000:00:16.0:pcie04: HPC vendor_id 15ad device_id 7a0 ss_vid 0 ss_did 0
[    1.690452] pciehp 0000:00:16.0:pcie04: service driver pciehp loaded
[    1.690496] pciehp 0000:00:16.1:pcie04: HPC vendor_id 15ad device_id 7a0 ss_vid 0 ss_did 0
[    1.690541] pciehp 0000:00:16.1:pcie04: service driver pciehp loaded
[    1.690586] pciehp 0000:00:16.2:pcie04: HPC vendor_id 15ad device_id 7a0 ss_vid 0 ss_did 0
[    1.690631] pciehp 0000:00:16.2:pcie04: service driver pciehp loaded
[    1.690676] pciehp 0000:00:16.3:pcie04: HPC vendor_id 15ad device_id 7a0 ss_vid 0 ss_did 0
[    1.690721] pciehp 0000:00:16.3:pcie04: service driver pciehp loaded
[    1.690765] pciehp 0000:00:16.4:pcie04: HPC vendor_id 15ad device_id 7a0 ss_vid 0 ss_did 0
[    1.690810] pciehp 0000:00:16.4:pcie04: service driver pciehp loaded
[    1.690855] pciehp 0000:00:16.5:pcie04: HPC vendor_id 15ad device_id 7a0 ss_vid 0 ss_did 0
[    1.690900] pciehp 0000:00:16.5:pcie04: service driver pciehp loaded
[    1.690945] pciehp 0000:00:16.6:pcie04: HPC vendor_id 15ad device_id 7a0 ss_vid 0 ss_did 0
[    1.690990] pciehp 0000:00:16.6:pcie04: service driver pciehp loaded
[    1.691034] pciehp 0000:00:16.7:pcie04: HPC vendor_id 15ad device_id 7a0 ss_vid 0 ss_did 0
[    1.691079] pciehp 0000:00:16.7:pcie04: service driver pciehp loaded
[    1.691124] pciehp 0000:00:17.0:pcie04: HPC vendor_id 15ad device_id 7a0 ss_vid 0 ss_did 0
[    1.691169] pciehp 0000:00:17.0:pcie04: service driver pciehp loaded
[    1.691214] pciehp 0000:00:17.1:pcie04: HPC vendor_id 15ad device_id 7a0 ss_vid 0 ss_did 0
[    1.691259] pciehp 0000:00:17.1:pcie04: service driver pciehp loaded
[    1.691303] pciehp 0000:00:17.2:pcie04: HPC vendor_id 15ad device_id 7a0 ss_vid 0 ss_did 0
[    1.691348] pciehp 0000:00:17.2:pcie04: service driver pciehp loaded
[    1.691393] pciehp 0000:00:17.3:pcie04: HPC vendor_id 15ad device_id 7a0 ss_vid 0 ss_did 0
[    1.691438] pciehp 0000:00:17.3:pcie04: service driver pciehp loaded
[    1.691483] pciehp 0000:00:17.4:pcie04: HPC vendor_id 15ad device_id 7a0 ss_vid 0 ss_did 0
[    1.691528] pciehp 0000:00:17.4:pcie04: service driver pciehp loaded
[    1.691572] pciehp 0000:00:17.5:pcie04: HPC vendor_id 15ad device_id 7a0 ss_vid 0 ss_did 0
[    1.691617] pciehp 0000:00:17.5:pcie04: service driver pciehp loaded
[    1.691662] pciehp 0000:00:17.6:pcie04: HPC vendor_id 15ad device_id 7a0 ss_vid 0 ss_did 0
[    1.691707] pciehp 0000:00:17.6:pcie04: service driver pciehp loaded
[    1.691752] pciehp 0000:00:17.7:pcie04: HPC vendor_id 15ad device_id 7a0 ss_vid 0 ss_did 0
[    1.691797] pciehp 0000:00:17.7:pcie04: service driver pciehp loaded
[    1.691842] pciehp 0000:00:18.0:pcie04: HPC vendor_id 15ad device_id 7a0 ss_vid 0 ss_did 0
[    1.691886] pciehp 0000:00:18.0:pcie04: service driver pciehp loaded
[    1.691931] pciehp 0000:00:18.1:pcie04: HPC vendor_id 15ad device_id 7a0 ss_vid 0 ss_did 0
[    1.691976] pciehp 0000:00:18.1:pcie04: service driver pciehp loaded
[    1.692021] pciehp 0000:00:18.2:pcie04: HPC vendor_id 15ad device_id 7a0 ss_vid 0 ss_did 0
[    1.692066] pciehp 0000:00:18.2:pcie04: service driver pciehp loaded
[    1.692111] pciehp 0000:00:18.3:pcie04: HPC vendor_id 15ad device_id 7a0 ss_vid 0 ss_did 0
[    1.692155] pciehp 0000:00:18.3:pcie04: service driver pciehp loaded
[    1.692200] pciehp 0000:00:18.4:pcie04: HPC vendor_id 15ad device_id 7a0 ss_vid 0 ss_did 0
[    1.692245] pciehp 0000:00:18.4:pcie04: service driver pciehp loaded
[    1.692290] pciehp 0000:00:18.5:pcie04: HPC vendor_id 15ad device_id 7a0 ss_vid 0 ss_did 0
[    1.692335] pciehp 0000:00:18.5:pcie04: service driver pciehp loaded
[    1.692380] pciehp 0000:00:18.6:pcie04: HPC vendor_id 15ad device_id 7a0 ss_vid 0 ss_did 0
[    1.692424] pciehp 0000:00:18.6:pcie04: service driver pciehp loaded
[    1.692469] pciehp 0000:00:18.7:pcie04: HPC vendor_id 15ad device_id 7a0 ss_vid 0 ss_did 0
[    1.692514] pciehp 0000:00:18.7:pcie04: service driver pciehp loaded
[    1.692521] pciehp: PCI Express Hot Plug Controller Driver version: 0.4
[    1.692570] ACPI: AC Adapter [ACAD] (on-line)
[    1.692625] input: Power Button as /devices/LNXSYSTM:00/LNXPWRBN:00/input/input0
[    1.692628] ACPI: Power Button [PWRF]
[    1.692673] processor LNXCPU:00: registered as cooling_device0
[    1.733591] isapnp: Scanning for PnP cards...
[    2.087279] isapnp: No Plug & Play device found
[    2.087308] random 0000 0000 0000 5f8db4e5 4cfdf2a8: initializing
[    2.087435] Linux agpgart interface v0.103
[    2.087474] agpgart-intel 0000:00:00.0: Intel 440BX Chipset
[    2.087526] agpgart-intel 0000:00:00.0: AGP aperture is 256M @ 0x0
[    2.087556] Serial: 8250/16550 driver, 32 ports, IRQ sharing enabled
[    2.087609] serial8250: ttyS0 at I/O 0x3f8 (irq = 4) is a 16550A
[    2.087661] serial8250: ttyS1 at I/O 0x2f8 (irq = 3) is a 16550A
[    2.087713] 00:0a: ttyS0 at I/O 0x3f8 (irq = 4) is a 16550A
[    2.087765] 00:0b: ttyS1 at I/O 0x2f8 (irq = 3) is a 16550A
[    2.087818] brd: module loaded
[    2.087870] loop: module loaded
[    2.087922] ata_piix 0000:00:07.1: version 2.13
[    2.088003] scsi0 : ata_piix
[    2.088048] scsi1 : ata_piix
[    2.088068] ata1: PATA max UDMA/33 cmd 0x1f0 ctl 0x3f6 bmdma 0x10c0 irq 14
[    2.088070] ata2: PATA max UDMA/33 cmd 0x170 ctl 0x376 bmdma 0x10c8 irq 15
[    2.088117] PPP generic driver version 2.4.2
[    2.088136] tun: Universal TUN/TAP device driver, 1.6
[    2.088137] tun: (C) 1999-2004 Max Krasnyansky <maxk@qualcomm.com>
[    2.088189] ehci_hcd: USB 2.0 'Enhanced' Host Controller (EHCI) Driver
[    2.088242] ACPI: PCI Interrupt Link [LNKB] enabled at IRQ 11
[    2.088244] PCI: setting IRQ 11 as level-triggered
[    2.088252] ehci_hcd 0000:02:03.0: PCI INT A -> Link[LNKB] -> GSI 11 (level, low) -> IRQ 11
[    2.088288] ehci_hcd 0000:02:03.0: EHCI Host Controller
[    2.088309] ehci_hcd 0000:02:03.0: new USB bus registered, assigned bus number 1
[    2.088361] ehci_hcd 0000:02:03.0: cache line size of 32 is not supported
[    2.088368] ehci_hcd 0000:02:03.0: irq 11, io mem 0xc9000000
[    2.088673] random 0000 0000 0000 00000000 00000000: rand_read_num 3 get_random_bytes(8): sig 00000000 00000000 00000000
[    2.088676] random 0000 0000 0000 00000000 00000000: extract_entropy(.. 8 ..)
[    2.088678] random 0000 0000 0000 00000000 00000000: going to reseed nonblocking with 64 bits (64 of 0 requested)
[    2.088680] random 0000 0000 0000 00000000 00000000: extract_entropy(.. 8 ..)
[    2.088683] random 0000 0000 0000 00000000 00000000: trying to extract 64 bits from input
[    2.088685] random 0000 0000 0000 00000000 00000000: debiting 0 entropy credits from input
[    2.088687] random 0000 0000 0000 00000000 00000000: extract_entropy account returned: 0 
[    2.088689] random 0000 0000 0000 00000000 00000000: urand_change_num 5 xfer_secondary_pool(8): pool_sig 00000000, data_sig 00000000, bytes_mixed 0 00000000 00000000
[    2.088692] random 0000 0000 0000 00000000 00000000: trying to extract 64 bits from nonblocking
[    2.088695] random 0000 0000 0000 00000000 00000000: debiting 64 entropy credits from nonblocking (unlimited)
[    2.088697] random 0000 0000 0000 00000000 00000000: extract_entropy account returned: 8 
[    2.088700] random 0000 0000 0000 00000000 00000000: urand_change_num 6 extract_buf: pool_sig 00000000, data_sig fffffff9, bytes_mixed 20 00000000 00000000
[    2.097047] ehci_hcd 0000:02:03.0: USB 2.0 started, EHCI 1.00
[    2.097100] usb usb1: configuration #1 chosen from 1 choice
[    2.097119] hub 1-0:1.0: USB hub found
[    2.097123] hub 1-0:1.0: 6 ports detected
[    2.097158] ohci_hcd: USB 1.1 'Open' Host Controller (OHCI) Driver
[    2.097168] uhci_hcd: USB Universal Host Controller Interface driver
[    2.097220] ACPI: PCI Interrupt Link [LNKC] enabled at IRQ 10
[    2.097222] PCI: setting IRQ 10 as level-triggered
[    2.097226] uhci_hcd 0000:02:00.0: PCI INT A -> Link[LNKC] -> GSI 10 (level, low) -> IRQ 10
[    2.097260] uhci_hcd 0000:02:00.0: UHCI Host Controller
[    2.097287] uhci_hcd 0000:02:00.0: new USB bus registered, assigned bus number 2
[    2.097389] uhci_hcd 0000:02:00.0: irq 10, io base 0x000020c0
[    2.097441] usb usb2: configuration #1 chosen from 1 choice
[    2.097457] hub 2-0:1.0: USB hub found
[    2.097461] hub 2-0:1.0: 2 ports detected
[    2.097514] usbcore: registered new interface driver libusual
[    2.097539] PNP: PS/2 Controller [PNP0303:KBC,PNP0f13:MOUS] at 0x60,0x64 irq 1,12
[    2.097869] serio: i8042 KBD port at 0x60,0x64 irq 1
[    2.097876] serio: i8042 AUX port at 0x60,0x64 irq 12
[    2.097906] mice: PS/2 mouse device common for all mice
[    2.097959] rtc_cmos 00:04: rtc core: registered rtc_cmos as rtc0
[    2.097974] rtc0: alarms up to one month, y3k, 114 bytes nvram, hpet irqs
[    2.098026] device-mapper: uevent: version 1.0.3
[    2.098132] device-mapper: ioctl: 4.15.0-ioctl (2009-04-01) initialised: dm-devel@redhat.com
[    2.098148] EISA: Probing bus 0 at eisa.0
[    2.098155] Cannot allocate resource for EISA slot 1
[    2.098156] Cannot allocate resource for EISA slot 2
[    2.098158] Cannot allocate resource for EISA slot 3
[    2.098160] Cannot allocate resource for EISA slot 4
[    2.098162] Cannot allocate resource for EISA slot 5
[    2.098163] Cannot allocate resource for EISA slot 6
[    2.098165] Cannot allocate resource for EISA slot 7
[    2.098167] Cannot allocate resource for EISA slot 8
[    2.098168] EISA: Detected 0 cards.
[    2.098210] cpuidle: using governor ladder
[    2.098212] cpuidle: using governor menu
[    2.098264] random 0000 0000 0000 00000000 00000000: rand_read_num 4 get_random_bytes(136): sig 0000021d 00000000 00000000
[    2.098286] random 0000 0000 0000 00000000 00000000: extract_entropy(.. 136 ..)
[    2.098289] random 0000 0000 0000 00000000 00000000: going to reseed nonblocking with 1024 bits (1088 of 0 requested)
[    2.098291] random 0000 0000 0000 00000000 00000000: extract_entropy(.. 128 ..)
[    2.098293] random 0000 0000 0000 00000000 00000000: trying to extract 1024 bits from input
[    2.098295] random 0000 0000 0000 00000000 00000000: debiting 0 entropy credits from input
[    2.098297] random 0000 0000 0000 00000000 00000000: extract_entropy account returned: 0 
[    2.098300] random 0000 0000 0000 00000000 00000000: urand_change_num 7 xfer_secondary_pool(136): pool_sig 0000021d, data_sig 00000000, bytes_mixed 0 00000000 00000000
[    2.098302] random 0000 0000 0000 00000000 00000000: trying to extract 1088 bits from nonblocking
[    2.098304] random 0000 0000 0000 00000000 00000000: debiting 1088 entropy credits from nonblocking (unlimited)
[    2.098306] random 0000 0000 0000 00000000 00000000: extract_entropy account returned: 136 
[    2.098310] random 0000 0000 0000 00000000 00000000: urand_change_num 8 extract_buf: pool_sig 0000021d, data_sig fffffff7, bytes_mixed 20 00000000 00000000
[    2.098314] random 0000 0000 0000 f961ee50 ba9cb1aa: urand_change_num 9 extract_buf: pool_sig 00000230, data_sig fffffeb4, bytes_mixed 20 f961ee50 ba9cb1aa
[    2.098318] random 0000 0000 0000 9748bdd6 56fb8af6: urand_change_num 10 extract_buf: pool_sig 00000373, data_sig 000000cf, bytes_mixed 20 9748bdd6 56fb8af6
[    2.098323] random 0000 0000 0000 9748bdd6 56fb8af6: urand_change_num 11 extract_buf: pool_sig fffffe49, data_sig 0000023f, bytes_mixed 20 9748bdd6 56fb8af6
[    2.098327] random 0000 0000 0000 a135be86 4777650e: urand_change_num 12 extract_buf: pool_sig fffffcce, data_sig 000000c6, bytes_mixed 20 a135be86 4777650e
[    2.098331] random 0000 0000 0000 4a6ea85d 170e00dd: urand_change_num 13 extract_buf: pool_sig ffffff97, data_sig ffffff7d, bytes_mixed 20 4a6ea85d 170e00dd
[    2.098335] random 0000 0000 0000 4a6ea85d 170e00dd: urand_change_num 14 extract_buf: pool_sig 00000160, data_sig fffffeea, bytes_mixed 20 4a6ea85d 170e00dd
[    2.098339] random 0000 0000 0000 6e87c3cb da668c73: urand_change_num 15 extract_buf: pool_sig 0000034f, data_sig ffffff54, bytes_mixed 20 6e87c3cb da668c73
[    2.098343] random 0000 0000 0000 6e87c3cb da668c73: urand_change_num 16 extract_buf: pool_sig fffffdc5, data_sig 00000205, bytes_mixed 20 6e87c3cb da668c73
[    2.098347] random 0000 0000 0000 39f531e6 461eb249: urand_change_num 17 extract_buf: pool_sig fffffc1d, data_sig ffffff5e, bytes_mixed 20 39f531e6 461eb249
[    2.098352] random 0000 0000 0000 7e1538a2 3e661182: urand_change_num 18 extract_buf: pool_sig 000006ef, data_sig ffffff2e, bytes_mixed 20 7e1538a2 3e661182
[    2.098356] random 0000 0000 0000 7e1538a2 3e661182: urand_change_num 19 extract_buf: pool_sig 00000317, data_sig fffffccb, bytes_mixed 20 7e1538a2 3e661182
[    2.098360] random 0000 0000 0000 76af506b 9b57305e: urand_change_num 20 extract_buf: pool_sig 00000227, data_sig ffffffd2, bytes_mixed 20 76af506b 9b57305e
[    2.098364] random 0000 0000 0000 37d49d89 e20417cc: urand_change_num 21 extract_buf: pool_sig 0000080b, data_sig 000001e9, bytes_mixed 20 37d49d89 e20417cc
[    2.098368] TCP cubic registered
[    2.098420] NET: Registered protocol family 10
[    2.098453] RANDOM - __random32 called. Change num 12.  Value: b0a9fbe7	b7a35a2b	c9ef2c48
[    2.098455] RANDOM - random32 called.  Value: b0a9fbe7	b7a35a2b	c9ef2c48
[    2.098464] random 0000 0000 0000 37d49d89 e20417cc: rand_read_num 5 get_random_bytes(4): sig 00000298 37d49d89 e20417cc
[    2.098466] random 0000 0000 0000 37d49d89 e20417cc: extract_entropy(.. 4 ..)
[    2.098468] random 0000 0000 0000 37d49d89 e20417cc: going to reseed nonblocking with 64 bits (32 of 0 requested)
[    2.098470] random 0000 0000 0000 37d49d89 e20417cc: extract_entropy(.. 8 ..)
[    2.098472] random 0000 0000 0000 37d49d89 e20417cc: trying to extract 64 bits from input
[    2.098474] random 0000 0000 0000 37d49d89 e20417cc: debiting 0 entropy credits from input
[    2.098476] random 0000 0000 0000 37d49d89 e20417cc: extract_entropy account returned: 0 
[    2.098479] random 0000 0000 0000 37d49d89 e20417cc: urand_change_num 22 xfer_secondary_pool(4): pool_sig 00000298, data_sig 00000000, bytes_mixed 0 37d49d89 e20417cc
[    2.098482] random 0000 0000 0000 37d49d89 e20417cc: trying to extract 32 bits from nonblocking
[    2.098484] random 0000 0000 0000 37d49d89 e20417cc: debiting 32 entropy credits from nonblocking (unlimited)
[    2.098486] random 0000 0000 0000 37d49d89 e20417cc: extract_entropy account returned: 4 
[    2.098489] random 0000 0000 0000 37d49d89 e20417cc: urand_change_num 23 extract_buf: pool_sig 00000298, data_sig 00000092, bytes_mixed 20 37d49d89 e20417cc
[    2.098541] RANDOM - __random32 called. Change num 13.  Value: 9fbe71fa	7a35a2b4	5890d2c9
[    2.098543] RANDOM - random32 called.  Value: 9fbe71fa	7a35a2b4	5890d2c9
[    2.098596] NET: Registered protocol family 17
[    2.098615] Using IPI No-Shortcut mode
[    2.098620] random 0000 0000 0000 2ee4c4fc 167bdb15: rand_read_num 6 get_random_bytes(8): sig fffffcbf 2ee4c4fc 167bdb15
[    2.098622] random 0000 0000 0000 2ee4c4fc 167bdb15: extract_entropy(.. 8 ..)
[    2.098625] random 0000 0000 0000 2ee4c4fc 167bdb15: going to reseed nonblocking with 64 bits (64 of 0 requested)
[    2.098627] random 0000 0000 0000 2ee4c4fc 167bdb15: extract_entropy(.. 8 ..)
[    2.098629] random 0000 0000 0000 2ee4c4fc 167bdb15: trying to extract 64 bits from input
[    2.098631] random 0000 0000 0000 2ee4c4fc 167bdb15: debiting 0 entropy credits from input
[    2.098633] random 0000 0000 0000 2ee4c4fc 167bdb15: extract_entropy account returned: 0 
[    2.098635] random 0000 0000 0000 2ee4c4fc 167bdb15: urand_change_num 24 xfer_secondary_pool(8): pool_sig fffffcbf, data_sig 00000000, bytes_mixed 0 2ee4c4fc 167bdb15
[    2.098638] random 0000 0000 0000 2ee4c4fc 167bdb15: trying to extract 64 bits from nonblocking
[    2.098640] random 0000 0000 0000 2ee4c4fc 167bdb15: debiting 64 entropy credits from nonblocking (unlimited)
[    2.098642] random 0000 0000 0000 2ee4c4fc 167bdb15: extract_entropy account returned: 8 
[    2.098646] random 0000 0000 0000 2ee4c4fc 167bdb15: urand_change_num 25 extract_buf: pool_sig fffffcbf, data_sig ffffff83, bytes_mixed 20 2ee4c4fc 167bdb15
[    2.098683] PM: Resume from disk failed.
[    2.098690] registered taskstats version 1
[    2.098693] random 0000 0000 0000 2ee4c4fc 167bdb15: rand_read_num 7 get_random_bytes(12): sig fffffc69 2ee4c4fc 167bdb15
[    2.098695] random 0000 0000 0000 2ee4c4fc 167bdb15: extract_entropy(.. 12 ..)
[    2.098697] random 0000 0000 0000 2ee4c4fc 167bdb15: going to reseed nonblocking with 96 bits (96 of 0 requested)
[    2.098699] random 0000 0000 0000 2ee4c4fc 167bdb15: extract_entropy(.. 12 ..)
[    2.098701] random 0000 0000 0000 2ee4c4fc 167bdb15: trying to extract 96 bits from input
[    2.098703] random 0000 0000 0000 2ee4c4fc 167bdb15: debiting 0 entropy credits from input
[    2.098705] random 0000 0000 0000 2ee4c4fc 167bdb15: extract_entropy account returned: 0 
[    2.098707] random 0000 0000 0000 2ee4c4fc 167bdb15: urand_change_num 26 xfer_secondary_pool(12): pool_sig fffffc69, data_sig 00000000, bytes_mixed 0 2ee4c4fc 167bdb15
[    2.098710] random 0000 0000 0000 2ee4c4fc 167bdb15: trying to extract 96 bits from nonblocking
[    2.098712] random 0000 0000 0000 2ee4c4fc 167bdb15: debiting 96 entropy credits from nonblocking (unlimited)
[    2.098714] random 0000 0000 0000 2ee4c4fc 167bdb15: extract_entropy account returned: 12 
[    2.098717] random 0000 0000 0000 2ee4c4fc 167bdb15: urand_change_num 27 extract_buf: pool_sig fffffc69, data_sig ffffff7d, bytes_mixed 20 2ee4c4fc 167bdb15
[    2.098722] random 0000 0000 0000 83b7c1ab 94697f48: urand_change_num 28 extract_buf: pool_sig fffffe30, data_sig fffffdd6, bytes_mixed 20 83b7c1ab 94697f48
[    2.098724] RANDOM - __seed init called.
[    2.098725] RANDOM - __seed init called.
[    2.098727] RANDOM - __seed init called.
[    2.098728] RANDOM - __random32 called. Change num 14.  Value: fc007995	feca4f80	21b38ad2
[    2.098730] RANDOM - random32_reseed called.  Value: fc007995	feca4f80	21b38ad2
[    2.098732] Pid: 1, comm: swapper Not tainted 2.6.32.57 #4
[    2.098734] Call Trace:
[    2.098739]  [<c14a8a0e>] ? printk+0x1d/0x1f
[    2.098744]  [<c17537e5>] random32_reseed+0x89/0xbd
[    2.098747]  [<c1003042>] do_one_initcall+0x32/0x1a0
[    2.098750]  [<c175375c>] ? random32_reseed+0x0/0xbd
[    2.098753]  [<c17308e7>] kernel_init+0x12d/0x17a
[    2.098755]  [<c17307ba>] ? kernel_init+0x0/0x17a
[    2.098758]  [<c1009b07>] kernel_thread_helper+0x7/0x10
[    2.101561] input: AT Translated Set 2 keyboard as /devices/platform/i8042/serio0/input/input1
[    2.101839] random 0000 0000 0000 6db70b00 b30ce96b: rand_read_num 8 get_random_bytes(64): sig fffffb38 6db70b00 b30ce96b
[    2.101842] random 0000 0000 0000 6db70b00 b30ce96b: extract_entropy(.. 64 ..)
[    2.101845] random 0000 0000 0000 6db70b00 b30ce96b: going to reseed nonblocking with 512 bits (512 of 0 requested)
[    2.101847] random 0000 0000 0000 6db70b00 b30ce96b: extract_entropy(.. 64 ..)
[    2.101849] random 0000 0000 0000 6db70b00 b30ce96b: trying to extract 512 bits from input
[    2.101851] random 0000 0000 0000 6db70b00 b30ce96b: debiting 0 entropy credits from input
[    2.101853] random 0000 0000 0000 6db70b00 b30ce96b: extract_entropy account returned: 0 
[    2.101856] random 0000 0000 0000 6db70b00 b30ce96b: urand_change_num 29 xfer_secondary_pool(64): pool_sig fffffb38, data_sig 00000000, bytes_mixed 0 6db70b00 b30ce96b
[    2.101859] random 0000 0000 0000 6db70b00 b30ce96b: trying to extract 512 bits from nonblocking
[    2.101862] random 0000 0000 0000 6db70b00 b30ce96b: debiting 512 entropy credits from nonblocking (unlimited)
[    2.101864] random 0000 0000 0000 6db70b00 b30ce96b: extract_entropy account returned: 64 
[    2.101867] random 0000 0000 0000 6db70b00 b30ce96b: urand_change_num 30 extract_buf: pool_sig fffffb38, data_sig 00000151, bytes_mixed 20 6db70b00 b30ce96b
[    2.101872] random 0000 0000 0000 6db70b00 b30ce96b: urand_change_num 31 extract_buf: pool_sig fffffdb8, data_sig 00000379, bytes_mixed 20 6db70b00 b30ce96b
[    2.101876] random 0000 0000 0000 6b83001e d4b6c0d3: urand_change_num 32 extract_buf: pool_sig ffffffc9, data_sig 00000198, bytes_mixed 20 6b83001e d4b6c0d3
[    2.101881] random 0000 0000 0000 79d3e3c7 be564518: urand_change_num 33 extract_buf: pool_sig 000002b9, data_sig ffffff84, bytes_mixed 20 79d3e3c7 be564518
[    2.101885] random 0000 0000 0000 79d3e3c7 be564518: urand_change_num 34 extract_buf: pool_sig ffffff55, data_sig ffffff5a, bytes_mixed 20 79d3e3c7 be564518
[    2.101890] random 0000 0000 0000 89c03cb2 0d353228: urand_change_num 35 extract_buf: pool_sig 00000007, data_sig ffffff17, bytes_mixed 20 89c03cb2 0d353228
[    2.101894] random 0000 0000 0000 89c03cb2 0d353228: urand_change_num 36 extract_buf: pool_sig fffffdae, data_sig 000000db, bytes_mixed 20 89c03cb2 0d353228  Magic number: 13:471:907
[    2.101985] rtc_cmos 00:04: setting system clock to 2013-05-24 22:52:31 UTC (1369435951)
[    2.101988] BIOS EDD facility v0.16 2004-Jun-25, 0 devices found
[    2.101990] EDD information not available.
[    2.102013] random 0000 0000 0000 8ca62387 b120332c: rand_read_num 9 get_random_bytes(64): sig fffffed6 8ca62387 b120332c
[    2.102016] random 0000 0000 0000 8ca62387 b120332c: extract_entropy(.. 64 ..)
[    2.102018] random 0000 0000 0000 8ca62387 b120332c: going to reseed nonblocking with 512 bits (512 of 0 requested)
[    2.102020] random 0000 0000 0000 8ca62387 b120332c: extract_entropy(.. 64 ..)
[    2.102022] random 0000 0000 0000 8ca62387 b120332c: trying to extract 512 bits from input
[    2.102024] random 0000 0000 0000 8ca62387 b120332c: debiting 0 entropy credits from input
[    2.102027] random 0000 0000 0000 8ca62387 b120332c: extract_entropy account returned: 0 
[    2.102030] random 0000 0000 0000 8ca62387 b120332c: urand_change_num 37 xfer_secondary_pool(64): pool_sig fffffed6, data_sig 00000000, bytes_mixed 0 8ca62387 b120332c
[    2.102032] random 0000 0000 0000 8ca62387 b120332c: trying to extract 512 bits from nonblocking
[    2.102035] random 0000 0000 0000 8ca62387 b120332c: debiting 512 entropy credits from nonblocking (unlimited)
[    2.102037] random 0000 0000 0000 8ca62387 b120332c: extract_entropy account returned: 64 
[    2.102040] random 0000 0000 0000 8ca62387 b120332c: urand_change_num 38 extract_buf: pool_sig fffffed6, data_sig fffffeb6, bytes_mixed 20 8ca62387 b120332c
[    2.102045] random 0000 0000 0000 90702413 e2a66c2e: urand_change_num 39 extract_buf: pool_sig fffffbb0, data_sig 0000012e, bytes_mixed 20 90702413 e2a66c2e
[    2.102049] random 0000 0000 0000 90702413 e2a66c2e: urand_change_num 40 extract_buf: pool_sig fffffaf1, data_sig ffffff3c, bytes_mixed 20 90702413 e2a66c2e
[    2.102054] random 0000 0000 0000 3f58038b c77aecb6: urand_change_num 41 extract_buf: pool_sig 00000234, data_sig fffffdec, bytes_mixed 20 3f58038b c77aecb6
[    2.102058] random 0000 0000 0000 47187b9d 03f21510: urand_change_num 42 extract_buf: pool_sig 00000192, data_sig 00000075, bytes_mixed 20 47187b9d 03f21510
[    2.102063] random 0000 0000 0000 47187b9d 03f21510: urand_change_num 43 extract_buf: pool_sig 0000018e, data_sig ffffffbf, bytes_mixed 20 47187b9d 03f21510
[    2.102067] random 0000 0000 0000 3180b1fc 0fa9c973: urand_change_num 44 extract_buf: pool_sig fffffecf, data_sig ffffff2a, bytes_mixed 20 3180b1fc 0fa9c973
[    2.102070] BEGIN NET_SECRET:
[    2.102071] \xffffff87
[    2.102072] \xffffff8d
[    2.102073] \xfffffff4
[    2.102075] \xffffffae
[    2.102076] \xffffffc3
[    2.102077] \xffffffb7
[    2.102078] \x31
[    2.102079] \x65
[    2.102080] \xffffffda
[    2.102082] \xffffffa2
[    2.102083] \x31
[    2.102084] \xffffffc8
[    2.102085] \xffffffa9
[    2.102086] \x76
[    2.102087] \x76
[    2.102088] \xffffff90
[    2.102090] \x55
[    2.102091] \xfffffff3
[    2.102092] \xffffffb1
[    2.102093] \x3
[    2.102094] \xffffffb3
[    2.102095] \xffffffa7
[    2.102097] \x5a
[    2.102098] \x71
[    2.102099] \x70
[    2.102100] \xffffff8c
[    2.102101] \x56
[    2.102102] \x25
[    2.102103] \xffffffe1
[    2.102105] \x4c
[    2.102106] \xffffffe6
[    2.102107] \xffffff95
[    2.102108] \x67
[    2.102109] \x4c
[    2.102110] \xffffffb9
[    2.102111] \x1d
[    2.102113] \xe
[    2.102114] \x34
[    2.102115] \xffffffbe
[    2.102116] \x12
[    2.102117] \x5
[    2.102118] \xffffff98
[    2.102119] \xffffffa0
[    2.102121] \xf
[    2.102122] \xffffffb2
[    2.102123] \xffffffde
[    2.102124] \xffffff99
[    2.102125] \xf
[    2.102126] \xffffffe8
[    2.102127] \xffffffc8
[    2.102129] \x1f
[    2.102130] \x54
[    2.102131] \x2c
[    2.102132] \xffffffee
[    2.102133] \x2e
[    2.102134] \x0
[    2.102135] \xffffff95
[    2.102137] \x0
[    2.102138] \xffffffe3
[    2.102139] \xffffffa7
[    2.102140] \xfffffffd
[    2.102141] \x66
[    2.102142] \xffffff92
[    2.102143] \xfffffff0
[    2.102145] 
[    2.102145] END NET_SECRET
[    2.102148] random 0000 0000 0000 3180b1fc 0fa9c973: rand_read_num 10 get_random_bytes(4): sig ffffff46 3180b1fc 0fa9c973
[    2.102150] random 0000 0000 0000 3180b1fc 0fa9c973: extract_entropy(.. 4 ..)
[    2.102153] random 0000 0000 0000 3180b1fc 0fa9c973: going to reseed nonblocking with 64 bits (32 of 0 requested)
[    2.102155] random 0000 0000 0000 3180b1fc 0fa9c973: extract_entropy(.. 8 ..)
[    2.102157] random 0000 0000 0000 3180b1fc 0fa9c973: trying to extract 64 bits from input
[    2.102159] random 0000 0000 0000 3180b1fc 0fa9c973: debiting 0 entropy credits from input
[    2.102161] random 0000 0000 0000 3180b1fc 0fa9c973: extract_entropy account returned: 0 
[    2.102164] random 0000 0000 0000 3180b1fc 0fa9c973: urand_change_num 45 xfer_secondary_pool(4): pool_sig ffffff46, data_sig 00000000, bytes_mixed 0 3180b1fc 0fa9c973
[    2.102167] random 0000 0000 0000 3180b1fc 0fa9c973: trying to extract 32 bits from nonblocking
[    2.102170] random 0000 0000 0000 3180b1fc 0fa9c973: debiting 32 entropy credits from nonblocking (unlimited)
[    2.102172] random 0000 0000 0000 3180b1fc 0fa9c973: extract_entropy account returned: 4 
[    2.102175] random 0000 0000 0000 3180b1fc 0fa9c973: urand_change_num 46 extract_buf: pool_sig ffffff46, data_sig 0000001b, bytes_mixed 20 3180b1fc 0fa9c973
[    2.279136] ata2.00: ATAPI: VMware Virtual IDE CDROM Drive, 00000001, max UDMA/33
[    2.279416] ata2.00: configured for UDMA/33
[    2.279787] scsi 1:0:0:0: CD-ROM            NECVMWar VMware IDE CDR10 1.00 PQ: 0 ANSI: 5
[    2.280982] sr0: scsi3-mmc drive: 306x/306x cd/rw xa/form2 cdda tray
[    2.280985] Uniform CD-ROM driver Revision: 3.20
[    2.281037] sr 1:0:0:0: Attached scsi CD-ROM sr0
[    2.281071] sr 1:0:0:0: Attached scsi generic sg0 type 5
[    2.281106] Freeing unused kernel memory: 652k freed
[    2.281158] Write protecting the kernel text: 4840k
[    2.281189] Write protecting the kernel read-only data: 1968k
[    2.281278] random 0000 0000 0000 38974d2b 1d8d6de0: rand_read_num 11 get_random_bytes(16): sig 000001c6 38974d2b 1d8d6de0
