[    0.000000] random 0000 0000 0000 00000000 00000000: rand_read_num 1 get_random_bytes(8): sig 00000000 00000000 00000000
[    0.000000] random 0000 0000 0000 00000000 00000000: extract_entropy(.. 8 ..)
[    0.000000] random 0000 0000 0000 00000000 00000000: going to reseed nonblocking with 64 bits (64 of 0 requested)
[    0.000000] random 0000 0000 0000 00000000 00000000: extract_entropy(.. 8 ..)
[    0.000000] random 0000 0000 0000 00000000 00000000: trying to extract 64 bits from input
[    0.000000] random 0000 0000 0000 00000000 00000000: debiting 0 entropy credits from input
[    0.000000] random 0000 0000 0000 00000000 00000000: extract_entropy account returned: 0 
[    0.000000] random 0000 0000 0000 00000000 00000000: urand_change_num 1 xfer_secondary_pool(8): pool_sig 00000000, data_sig 00000000, bytes_mixed 0 00000000 00000000
[    0.000000] random 0000 0000 0000 00000000 00000000: trying to extract 64 bits from nonblocking
[    0.000000] random 0000 0000 0000 00000000 00000000: debiting 64 entropy credits from nonblocking (unlimited)
[    0.000000] random 0000 0000 0000 00000000 00000000: extract_entropy account returned: 8 
[    0.000000] random 0000 0000 0000 00000000 00000000: urand_change_num 2 extract_buf: pool_sig 00000000, data_sig fffffff9, bytes_mixed 20 00000000 00000000
[    0.000000] Initializing cgroup subsys cpuset
[    0.000000] Initializing cgroup subsys cpu
[    0.000000] Linux version 2.6.32.57 (dcashman@ubuntu) (gcc version 4.6.3 (Ubuntu/Linaro 4.6.3-1ubuntu5) ) #4 SMP Fri May 24 11:09:26 PDT 2013
[    0.000000] KERNEL supported cpus:
[    0.000000]   Intel GenuineIntel
[    0.000000]   AMD AuthenticAMD
[    0.000000]   NSC Geode by NSC
[    0.000000]   Cyrix CyrixInstead
[    0.000000]   Centaur CentaurHauls
[    0.000000]   Transmeta GenuineTMx86
[    0.000000]   Transmeta TransmetaCPU
[    0.000000]   UMC UMC UMC UMC
[    0.000000] BIOS-provided physical RAM map:
[    0.000000]  BIOS-e820: 0000000000000000 - 000000000009f000 (usable)
[    0.000000]  BIOS-e820: 000000000009f000 - 00000000000a0000 (reserved)
[    0.000000]  BIOS-e820: 00000000000ca000 - 00000000000cc000 (reserved)
[    0.000000]  BIOS-e820: 00000000000dc000 - 0000000000100000 (reserved)
[    0.000000]  BIOS-e820: 0000000000100000 - 000000003fee0000 (usable)
[    0.000000]  BIOS-e820: 000000003fee0000 - 000000003feff000 (ACPI data)
[    0.000000]  BIOS-e820: 000000003feff000 - 000000003ff00000 (ACPI NVS)
[    0.000000]  BIOS-e820: 000000003ff00000 - 0000000040000000 (usable)
[    0.000000]  BIOS-e820: 00000000e0000000 - 00000000f0000000 (reserved)
[    0.000000]  BIOS-e820: 00000000fec00000 - 00000000fec10000 (reserved)
[    0.000000]  BIOS-e820: 00000000fee00000 - 00000000fee01000 (reserved)
[    0.000000]  BIOS-e820: 00000000fffe0000 - 0000000100000000 (reserved)
[    0.000000] DMI present.
[    0.000000] Phoenix BIOS detected: BIOS may corrupt low RAM, working around it.
[    0.000000] e820 update range: 0000000000000000 - 0000000000010000 (usable) ==> (reserved)
[    0.000000] last_pfn = 0x40000 max_arch_pfn = 0x1000000
[    0.000000] MTRR default type: uncachable
[    0.000000] MTRR fixed ranges enabled:
[    0.000000]   00000-9FFFF write-back
[    0.000000]   A0000-BFFFF uncachable
[    0.000000]   C0000-CBFFF write-protect
[    0.000000]   CC000-EFFFF uncachable
[    0.000000]   F0000-FFFFF write-protect
[    0.000000] MTRR variable ranges enabled:
[    0.000000]   0 base 0000000000 mask FFC0000000 write-back
[    0.000000]   1 disabled
[    0.000000]   2 disabled
[    0.000000]   3 disabled
[    0.000000]   4 disabled
[    0.000000]   5 disabled
[    0.000000]   6 disabled
[    0.000000]   7 disabled
[    0.000000] x86 PAT enabled: cpu 0, old 0x0, new 0x7010600070106
[    0.000000] Scanning 0 areas for low memory corruption
[    0.000000] modified physical RAM map:
[    0.000000]  modified: 0000000000000000 - 0000000000010000 (reserved)
[    0.000000]  modified: 0000000000010000 - 000000000009f000 (usable)
[    0.000000]  modified: 000000000009f000 - 00000000000a0000 (reserved)
[    0.000000]  modified: 00000000000ca000 - 00000000000cc000 (reserved)
[    0.000000]  modified: 00000000000dc000 - 0000000000100000 (reserved)
[    0.000000]  modified: 0000000000100000 - 000000003fee0000 (usable)
[    0.000000]  modified: 000000003fee0000 - 000000003feff000 (ACPI data)
[    0.000000]  modified: 000000003feff000 - 000000003ff00000 (ACPI NVS)
[    0.000000]  modified: 000000003ff00000 - 0000000040000000 (usable)
[    0.000000]  modified: 00000000e0000000 - 00000000f0000000 (reserved)
[    0.000000]  modified: 00000000fec00000 - 00000000fec10000 (reserved)
[    0.000000]  modified: 00000000fee00000 - 00000000fee01000 (reserved)
[    0.000000]  modified: 00000000fffe0000 - 0000000100000000 (reserved)
[    0.000000] initial memory mapped : 0 - 01e00000
[    0.000000] init_memory_mapping: 0000000000000000-00000000379fe000
[    0.000000] NX (Execute Disable) protection: active
[    0.000000]  0000000000 - 0000200000 page 4k
[    0.000000]  0000200000 - 0037800000 page 2M
[    0.000000]  0037800000 - 00379fe000 page 4k
[    0.000000] kernel direct mapping tables up to 379fe000 @ 10000-16000
[    0.000000] RAMDISK: 2dcfc000 - 32e758c3
[    0.000000] ACPI: RSDP 000f6b80 00024 (v02 PTLTD )
[    0.000000] ACPI: XSDT 3feed636 0005C (v01 INTEL  440BX    06040000 VMW  01324272)
[    0.000000] ACPI: FACP 3fefee98 000F4 (v04 INTEL  440BX    06040000 PTL  000F4240)
[    0.000000] ACPI: DSDT 3feee366 10B32 (v01 PTLTD  Custom   06040000 MSFT 03000001)
[    0.000000] ACPI: FACS 3fefffc0 00040
[    0.000000] ACPI: BOOT 3feee33e 00028 (v01 PTLTD  $SBFTBL$ 06040000  LTP 00000001)
[    0.000000] ACPI: APIC 3feedc3e 003C2 (v01 PTLTD  ? APIC   06040000  LTP 00000000)
[    0.000000] ACPI: MCFG 3feedc02 0003C (v01 PTLTD  $PCITBL$ 06040000  LTP 00000001)
[    0.000000] ACPI: SRAT 3feed732 004D0 (v02 VMWARE MEMPLUG  06040000 VMW  00000001)
[    0.000000] ACPI: HPET 3feed6fa 00038 (v01 VMWARE VMW HPET 06040000 VMW  00000001)
[    0.000000] ACPI: WAET 3feed6d2 00028 (v01 VMWARE VMW WAET 06040000 VMW  00000001)
[    0.000000] ACPI: Local APIC address 0xfee00000
[    0.000000] 134MB HIGHMEM available.
[    0.000000] 889MB LOWMEM available.
[    0.000000]   mapped low ram: 0 - 379fe000
[    0.000000]   low ram: 0 - 379fe000
[    0.000000]   node 0 low ram: 00000000 - 379fe000
[    0.000000]   node 0 bootmap 00012000 - 00018f40
[    0.000000] (9 early reservations) ==> bootmem [0000000000 - 00379fe000]
[    0.000000]   #0 [0000000000 - 0000001000]   BIOS data page ==> [0000000000 - 0000001000]
[    0.000000]   #1 [0000001000 - 0000002000]    EX TRAMPOLINE ==> [0000001000 - 0000002000]
[    0.000000]   #2 [0000006000 - 0000007000]       TRAMPOLINE ==> [0000006000 - 0000007000]
[    0.000000]   #3 [0001000000 - 0001a75ff8]    TEXT DATA BSS ==> [0001000000 - 0001a75ff8]
[    0.000000]   #4 [002dcfc000 - 0032e758c3]          RAMDISK ==> [002dcfc000 - 0032e758c3]
[    0.000000]   #5 [000009f000 - 0000100000]    BIOS reserved ==> [000009f000 - 0000100000]
[    0.000000]   #6 [0001a76000 - 0001a851c0]              BRK ==> [0001a76000 - 0001a851c0]
[    0.000000]   #7 [0000010000 - 0000012000]          PGTABLE ==> [0000010000 - 0000012000]
[    0.000000]   #8 [0000012000 - 0000019000]          BOOTMAP ==> [0000012000 - 0000019000]
[    0.000000] found SMP MP-table at [c00f6bf0] f6bf0
[    0.000000] Zone PFN ranges:
[    0.000000]   DMA      0x00000010 -> 0x00001000
[    0.000000]   Normal   0x00001000 -> 0x000379fe
[    0.000000]   HighMem  0x000379fe -> 0x00040000
[    0.000000] Movable zone start PFN for each node
[    0.000000] early_node_map[3] active PFN ranges
[    0.000000]     0: 0x00000010 -> 0x0000009f
[    0.000000]     0: 0x00000100 -> 0x0003fee0
[    0.000000]     0: 0x0003ff00 -> 0x00040000
[    0.000000] On node 0 totalpages: 261999
[    0.000000] free_area_init_node: node 0, pgdat c1715200, node_mem_map c1a87200
[    0.000000]   DMA zone: 32 pages used for memmap
[    0.000000]   DMA zone: 0 pages reserved
[    0.000000]   DMA zone: 3951 pages, LIFO batch:0
[    0.000000]   Normal zone: 1748 pages used for memmap
[    0.000000]   Normal zone: 221994 pages, LIFO batch:31
[    0.000000]   HighMem zone: 269 pages used for memmap
[    0.000000]   HighMem zone: 34005 pages, LIFO batch:7
[    0.000000] Using APIC driver default
[    0.000000] ACPI: PM-Timer IO Port: 0x1008
[    0.000000] ACPI: Local APIC address 0xfee00000
[    0.000000] ACPI: LAPIC (acpi_id[0x00] lapic_id[0x00] enabled)
[    0.000000] ACPI: LAPIC (acpi_id[0x01] lapic_id[0x02] disabled)
[    0.000000] ACPI: LAPIC (acpi_id[0x02] lapic_id[0x04] disabled)
[    0.000000] ACPI: LAPIC (acpi_id[0x03] lapic_id[0x06] disabled)
[    0.000000] ACPI: LAPIC (acpi_id[0x04] lapic_id[0x08] disabled)
[    0.000000] ACPI: LAPIC (acpi_id[0x05] lapic_id[0x0a] disabled)
[    0.000000] ACPI: LAPIC (acpi_id[0x06] lapic_id[0x0c] disabled)
[    0.000000] ACPI: LAPIC (acpi_id[0x07] lapic_id[0x0e] disabled)
[    0.000000] ACPI: LAPIC (acpi_id[0x08] lapic_id[0x10] disabled)
[    0.000000] ACPI: LAPIC (acpi_id[0x09] lapic_id[0x12] disabled)
[    0.000000] ACPI: LAPIC (acpi_id[0x0a] lapic_id[0x14] disabled)
[    0.000000] ACPI: LAPIC (acpi_id[0x0b] lapic_id[0x16] disabled)
[    0.000000] ACPI: LAPIC (acpi_id[0x0c] lapic_id[0x18] disabled)
[    0.000000] ACPI: LAPIC (acpi_id[0x0d] lapic_id[0x1a] disabled)
[    0.000000] ACPI: LAPIC (acpi_id[0x0e] lapic_id[0x1c] disabled)
[    0.000000] ACPI: LAPIC (acpi_id[0x0f] lapic_id[0x1e] disabled)
[    0.000000] ACPI: LAPIC (acpi_id[0x10] lapic_id[0x20] disabled)
[    0.000000] ACPI: LAPIC (acpi_id[0x11] lapic_id[0x22] disabled)
[    0.000000] ACPI: LAPIC (acpi_id[0x12] lapic_id[0x24] disabled)
[    0.000000] ACPI: LAPIC (acpi_id[0x13] lapic_id[0x26] disabled)
[    0.000000] ACPI: LAPIC (acpi_id[0x14] lapic_id[0x28] disabled)
[    0.000000] ACPI: LAPIC (acpi_id[0x15] lapic_id[0x2a] disabled)
[    0.000000] ACPI: LAPIC (acpi_id[0x16] lapic_id[0x2c] disabled)
[    0.000000] ACPI: LAPIC (acpi_id[0x17] lapic_id[0x2e] disabled)
[    0.000000] ACPI: LAPIC (acpi_id[0x18] lapic_id[0x30] disabled)
[    0.000000] ACPI: LAPIC (acpi_id[0x19] lapic_id[0x32] disabled)
[    0.000000] ACPI: LAPIC (acpi_id[0x1a] lapic_id[0x34] disabled)
[    0.000000] ACPI: LAPIC (acpi_id[0x1b] lapic_id[0x36] disabled)
[    0.000000] ACPI: LAPIC (acpi_id[0x1c] lapic_id[0x38] disabled)
[    0.000000] ACPI: LAPIC (acpi_id[0x1d] lapic_id[0x3a] disabled)
[    0.000000] ACPI: LAPIC (acpi_id[0x1e] lapic_id[0x3c] disabled)
[    0.000000] ACPI: LAPIC (acpi_id[0x1f] lapic_id[0x3e] disabled)
[    0.000000] ACPI: LAPIC (acpi_id[0x20] lapic_id[0x40] disabled)
[    0.000000] ACPI: LAPIC (acpi_id[0x21] lapic_id[0x42] disabled)
[    0.000000] ACPI: LAPIC (acpi_id[0x22] lapic_id[0x44] disabled)
[    0.000000] ACPI: LAPIC (acpi_id[0x23] lapic_id[0x46] disabled)
[    0.000000] ACPI: LAPIC (acpi_id[0x24] lapic_id[0x48] disabled)
[    0.000000] ACPI: LAPIC (acpi_id[0x25] lapic_id[0x4a] disabled)
[    0.000000] ACPI: LAPIC (acpi_id[0x26] lapic_id[0x4c] disabled)
[    0.000000] ACPI: LAPIC (acpi_id[0x27] lapic_id[0x4e] disabled)
[    0.000000] ACPI: LAPIC (acpi_id[0x28] lapic_id[0x50] disabled)
[    0.000000] ACPI: LAPIC (acpi_id[0x29] lapic_id[0x52] disabled)
[    0.000000] ACPI: LAPIC (acpi_id[0x2a] lapic_id[0x54] disabled)
[    0.000000] ACPI: LAPIC (acpi_id[0x2b] lapic_id[0x56] disabled)
[    0.000000] ACPI: LAPIC (acpi_id[0x2c] lapic_id[0x58] disabled)
[    0.000000] ACPI: LAPIC (acpi_id[0x2d] lapic_id[0x5a] disabled)
[    0.000000] ACPI: LAPIC (acpi_id[0x2e] lapic_id[0x5c] disabled)
[    0.000000] ACPI: LAPIC (acpi_id[0x2f] lapic_id[0x5e] disabled)
[    0.000000] ACPI: LAPIC (acpi_id[0x30] lapic_id[0x60] disabled)
[    0.000000] ACPI: LAPIC (acpi_id[0x31] lapic_id[0x62] disabled)
[    0.000000] ACPI: LAPIC (acpi_id[0x32] lapic_id[0x64] disabled)
[    0.000000] ACPI: LAPIC (acpi_id[0x33] lapic_id[0x66] disabled)
[    0.000000] ACPI: LAPIC (acpi_id[0x34] lapic_id[0x68] disabled)
[    0.000000] ACPI: LAPIC (acpi_id[0x35] lapic_id[0x6a] disabled)
[    0.000000] ACPI: LAPIC (acpi_id[0x36] lapic_id[0x6c] disabled)
[    0.000000] ACPI: LAPIC (acpi_id[0x37] lapic_id[0x6e] disabled)
[    0.000000] ACPI: LAPIC (acpi_id[0x38] lapic_id[0x70] disabled)
[    0.000000] ACPI: LAPIC (acpi_id[0x39] lapic_id[0x72] disabled)
[    0.000000] ACPI: LAPIC (acpi_id[0x3a] lapic_id[0x74] disabled)
[    0.000000] ACPI: LAPIC (acpi_id[0x3b] lapic_id[0x76] disabled)
[    0.000000] ACPI: LAPIC (acpi_id[0x3c] lapic_id[0x78] disabled)
[    0.000000] ACPI: LAPIC (acpi_id[0x3d] lapic_id[0x7a] disabled)
[    0.000000] ACPI: LAPIC (acpi_id[0x3e] lapic_id[0x7c] disabled)
[    0.000000] ACPI: LAPIC (acpi_id[0x3f] lapic_id[0x7e] disabled)
[    0.000000] ACPI: LAPIC_NMI (acpi_id[0x00] high edge lint[0x1])
[    0.000000] ACPI: LAPIC_NMI (acpi_id[0x01] high edge lint[0x1])
[    0.000000] ACPI: LAPIC_NMI (acpi_id[0x02] high edge lint[0x1])
[    0.000000] ACPI: LAPIC_NMI (acpi_id[0x03] high edge lint[0x1])
[    0.000000] ACPI: LAPIC_NMI (acpi_id[0x04] high edge lint[0x1])
[    0.000000] ACPI: LAPIC_NMI (acpi_id[0x05] high edge lint[0x1])
[    0.000000] ACPI: LAPIC_NMI (acpi_id[0x06] high edge lint[0x1])
[    0.000000] ACPI: LAPIC_NMI (acpi_id[0x07] high edge lint[0x1])
[    0.000000] ACPI: LAPIC_NMI (acpi_id[0x08] high edge lint[0x1])
[    0.000000] ACPI: LAPIC_NMI (acpi_id[0x09] high edge lint[0x1])
[    0.000000] ACPI: LAPIC_NMI (acpi_id[0x0a] high edge lint[0x1])
[    0.000000] ACPI: LAPIC_NMI (acpi_id[0x0b] high edge lint[0x1])
[    0.000000] ACPI: LAPIC_NMI (acpi_id[0x0c] high edge lint[0x1])
[    0.000000] ACPI: LAPIC_NMI (acpi_id[0x0d] high edge lint[0x1])
[    0.000000] ACPI: LAPIC_NMI (acpi_id[0x0e] high edge lint[0x1])
[    0.000000] ACPI: LAPIC_NMI (acpi_id[0x0f] high edge lint[0x1])
[    0.000000] ACPI: LAPIC_NMI (acpi_id[0x10] high edge lint[0x1])
[    0.000000] ACPI: LAPIC_NMI (acpi_id[0x11] high edge lint[0x1])
[    0.000000] ACPI: LAPIC_NMI (acpi_id[0x12] high edge lint[0x1])
[    0.000000] ACPI: LAPIC_NMI (acpi_id[0x13] high edge lint[0x1])
[    0.000000] ACPI: LAPIC_NMI (acpi_id[0x14] high edge lint[0x1])
[    0.000000] ACPI: LAPIC_NMI (acpi_id[0x15] high edge lint[0x1])
[    0.000000] ACPI: LAPIC_NMI (acpi_id[0x16] high edge lint[0x1])
[    0.000000] ACPI: LAPIC_NMI (acpi_id[0x17] high edge lint[0x1])
[    0.000000] ACPI: LAPIC_NMI (acpi_id[0x18] high edge lint[0x1])
[    0.000000] ACPI: LAPIC_NMI (acpi_id[0x19] high edge lint[0x1])
[    0.000000] ACPI: LAPIC_NMI (acpi_id[0x1a] high edge lint[0x1])
[    0.000000] ACPI: LAPIC_NMI (acpi_id[0x1b] high edge lint[0x1])
[    0.000000] ACPI: LAPIC_NMI (acpi_id[0x1c] high edge lint[0x1])
[    0.000000] ACPI: LAPIC_NMI (acpi_id[0x1d] high edge lint[0x1])
[    0.000000] ACPI: LAPIC_NMI (acpi_id[0x1e] high edge lint[0x1])
[    0.000000] ACPI: LAPIC_NMI (acpi_id[0x1f] high edge lint[0x1])
[    0.000000] ACPI: LAPIC_NMI (acpi_id[0x20] high edge lint[0x1])
[    0.000000] ACPI: LAPIC_NMI (acpi_id[0x21] high edge lint[0x1])
[    0.000000] ACPI: LAPIC_NMI (acpi_id[0x22] high edge lint[0x1])
[    0.000000] ACPI: LAPIC_NMI (acpi_id[0x23] high edge lint[0x1])
[    0.000000] ACPI: LAPIC_NMI (acpi_id[0x24] high edge lint[0x1])
[    0.000000] ACPI: LAPIC_NMI (acpi_id[0x25] high edge lint[0x1])
[    0.000000] ACPI: LAPIC_NMI (acpi_id[0x26] high edge lint[0x1])
[    0.000000] ACPI: LAPIC_NMI (acpi_id[0x27] high edge lint[0x1])
[    0.000000] ACPI: LAPIC_NMI (acpi_id[0x28] high edge lint[0x1])
[    0.000000] ACPI: LAPIC_NMI (acpi_id[0x29] high edge lint[0x1])
[    0.000000] ACPI: LAPIC_NMI (acpi_id[0x2a] high edge lint[0x1])
[    0.000000] ACPI: LAPIC_NMI (acpi_id[0x2b] high edge lint[0x1])
[    0.000000] ACPI: LAPIC_NMI (acpi_id[0x2c] high edge lint[0x1])
[    0.000000] ACPI: LAPIC_NMI (acpi_id[0x2d] high edge lint[0x1])
[    0.000000] ACPI: LAPIC_NMI (acpi_id[0x2e] high edge lint[0x1])
[    0.000000] ACPI: LAPIC_NMI (acpi_id[0x2f] high edge lint[0x1])
[    0.000000] ACPI: LAPIC_NMI (acpi_id[0x30] high edge lint[0x1])
[    0.000000] ACPI: LAPIC_NMI (acpi_id[0x31] high edge lint[0x1])
[    0.000000] ACPI: LAPIC_NMI (acpi_id[0x32] high edge lint[0x1])
[    0.000000] ACPI: LAPIC_NMI (acpi_id[0x33] high edge lint[0x1])
[    0.000000] ACPI: LAPIC_NMI (acpi_id[0x34] high edge lint[0x1])
[    0.000000] ACPI: LAPIC_NMI (acpi_id[0x35] high edge lint[0x1])
[    0.000000] ACPI: LAPIC_NMI (acpi_id[0x36] high edge lint[0x1])
[    0.000000] ACPI: LAPIC_NMI (acpi_id[0x37] high edge lint[0x1])
[    0.000000] ACPI: LAPIC_NMI (acpi_id[0x38] high edge lint[0x1])
[    0.000000] ACPI: LAPIC_NMI (acpi_id[0x39] high edge lint[0x1])
[    0.000000] ACPI: LAPIC_NMI (acpi_id[0x3a] high edge lint[0x1])
[    0.000000] ACPI: LAPIC_NMI (acpi_id[0x3b] high edge lint[0x1])
[    0.000000] ACPI: LAPIC_NMI (acpi_id[0x3c] high edge lint[0x1])
[    0.000000] ACPI: LAPIC_NMI (acpi_id[0x3d] high edge lint[0x1])
[    0.000000] ACPI: LAPIC_NMI (acpi_id[0x3e] high edge lint[0x1])
[    0.000000] ACPI: LAPIC_NMI (acpi_id[0x3f] high edge lint[0x1])
[    0.000000] ACPI: Skipping IOAPIC probe due to 'noapic' option.
[    0.000000] Using ACPI for processor (LAPIC) configuration information
[    0.000000] ACPI: HPET id: 0x8086af01 base: 0xfed00000
[    0.000000] Intel MultiProcessor Specification v1.4
[    0.000000]     Virtual Wire compatibility mode.
[    0.000000] MPTABLE: OEM ID: INTEL   
[    0.000000] MPTABLE: Product ID: 440BX       
[    0.000000] MPTABLE: APIC at: 0xFEE00000
[    0.000000] I/O APIC #1 Version 17 at 0xFEC00000.
[    0.000000] Processors: 1
[    0.000000] 64 Processors exceeds NR_CPUS limit of 8
[    0.000000] SMP: Allowing 8 CPUs, 7 hotplug CPUs
[    0.000000] nr_irqs_gsi: 24
[    0.000000] PM: Registered nosave memory: 000000000009f000 - 00000000000a0000
[    0.000000] PM: Registered nosave memory: 00000000000a0000 - 00000000000ca000
[    0.000000] PM: Registered nosave memory: 00000000000ca000 - 00000000000cc000
[    0.000000] PM: Registered nosave memory: 00000000000cc000 - 00000000000dc000
[    0.000000] PM: Registered nosave memory: 00000000000dc000 - 0000000000100000
[    0.000000] Allocating PCI resources starting at 40000000 (gap: 40000000:a0000000)
[    0.000000] Booting paravirtualized kernel on bare hardware
[    0.000000] NR_CPUS:8 nr_cpumask_bits:8 nr_cpu_ids:8 nr_node_ids:1
[    0.000000] PERCPU: Embedded 15 pages/cpu @c2400000 s39320 r0 d22120 u262144
[    0.000000] pcpu-alloc: s39320 r0 d22120 u262144 alloc=1*2097152
[    0.000000] pcpu-alloc: [0] 0 1 2 3 4 5 6 7 
[    0.000000] Built 1 zonelists in Zone order, mobility grouping on.  Total pages: 259950
[    0.000000] Kernel command line: BOOT_IMAGE=/boot/vmlinuz-2.6.32.57 root=UUID=007b598c-390d-4c65-84a1-4ff752d48633 ro quiet splash maxcpus=0
[    0.000000] PID hash table entries: 4096 (order: 2, 16384 bytes)
[    0.000000] Dentry cache hash table entries: 131072 (order: 7, 524288 bytes)
[    0.000000] Inode-cache hash table entries: 65536 (order: 6, 262144 bytes)
[    0.000000] Enabling fast FPU save and restore... done.
[    0.000000] Enabling unmasked SIMD FPU exception support... done.
[    0.000000] Initializing CPU#0
[    0.000000] xsave/xrstor: enabled xstate_bv 0x7, cntxt size 0x340
[    0.000000] allocated 5242560 bytes of page_cgroup
[    0.000000] please try 'cgroup_disable=memory' option if you don't want memory cgroups
[    0.000000] Initializing HighMem for node 0 (000379fe:00040000)
[    0.000000] Memory: 938260k/1048576k available (4839k kernel code, 108848k reserved, 2518k data, 652k init, 137096k highmem)
[    0.000000] virtual kernel memory layout:
[    0.000000]     fixmap  : 0xfff1e000 - 0xfffff000   ( 900 kB)
[    0.000000]     pkmap   : 0xffa00000 - 0xffc00000   (2048 kB)
[    0.000000]     vmalloc : 0xf81fe000 - 0xff9fe000   ( 120 MB)
[    0.000000]     lowmem  : 0xc0000000 - 0xf79fe000   ( 889 MB)
[    0.000000]       .init : 0xc1730000 - 0xc17d3000   ( 652 kB)
[    0.000000]       .data : 0xc14b9cce - 0xc172f764   (2518 kB)
[    0.000000]       .text : 0xc1000000 - 0xc14b9cce   (4839 kB)
[    0.000000] Checking if this processor honours the WP bit even in supervisor mode...Ok.
[    0.000000] SLUB: Genslabs=13, HWalign=64, Order=0-3, MinObjects=0, CPUs=8, Nodes=1
[    0.000000] Hierarchical RCU implementation.
[    0.000000] NR_IRQS:2304 nr_irqs:472
[    0.000000] Extended CMOS year: 2000
[    0.000000] Console: colour VGA+ 80x25
[    0.000000] console [tty0] enabled
[    0.000000] hpet clockevent registered
[    0.000000] TSC freq read from hypervisor : 2394.620 MHz
[    0.000000] Detected 2394.620 MHz processor.
[    0.000002] Calibrating delay loop (skipped) preset value.. 4789.24 BogoMIPS (lpj=9578480)
[    0.000011] Security Framework initialized
[    0.000014] SELinux:  Disabled at boot.
[    0.000018] Mount-cache hash table entries: 512
[    0.000114] Initializing cgroup subsys cpuacct
[    0.000117] Initializing cgroup subsys memory
[    0.000121] Initializing cgroup subsys devices
[    0.000122] Initializing cgroup subsys freezer
[    0.000148] CPU: Physical Processor ID: 0
[    0.000155] CPU: L1 I cache: 32K, L1 D cache: 32K
[    0.000156] CPU: L2 cache: 256K
[    0.000157] CPU: L3 cache: 4096K
[    0.000162] mce: CPU supports 0 MCE banks
[    0.000174] Performance Events: no PMU driver, software events only.
[    0.000184] Checking 'hlt' instruction... OK.
[    0.017738] SMP alternatives: switching to UP code
[    0.031656] ACPI: Core revision 20090903
[    0.037823] ACPI: setting ELCR to 0200 (from 0e20)
[    0.038764] ftrace: converting mcount calls to 0f 1f 44 00 00
[    0.038769] ftrace: allocating 22631 entries in 45 pages
[    0.055828] CANARY value: 4a25b6e8 for PID: 1
[    0.055857] Not enabling x2apic, Intr-remapping init failed.
[    0.055859] Enabling APIC mode:  Flat.  Using 1 I/O APICs
[    0.055866] SMP mode deactivated.
[    0.055891] SMP disabled
[    0.055945] Brought up 1 CPUs
[    0.055946] Total of 1 processors activated (4789.24 BogoMIPS).
[    0.055950] CPU0 attaching NULL sched-domain.
[    0.056017] devtmpfs: initialized
[    0.056122] sysctl table check failed: /kernel/random/now_input .1.40.7 Unknown sysctl binary path
[    0.056403] Pid: 1, comm: swapper Not tainted 2.6.32.57 #4
[    0.056404] Call Trace:
[    0.056408]  [<c14a8a0e>] ? printk+0x1d/0x1f
[    0.056412]  [<c107b56f>] set_fail+0x4f/0x60
[    0.056413]  [<c107b8b3>] sysctl_check_table+0x333/0x620
[    0.056415]  [<c107b8cc>] sysctl_check_table+0x34c/0x620
[    0.056417]  [<c107b8cc>] sysctl_check_table+0x34c/0x620
[    0.056420]  [<c1746d48>] sysctl_init+0x25/0x29
[    0.056422]  [<c1003042>] do_one_initcall+0x32/0x1a0
[    0.056424]  [<c1746d23>] ? sysctl_init+0x0/0x29
[    0.056427]  [<c17308e7>] kernel_init+0x12d/0x17a
[    0.056428]  [<c17307ba>] ? kernel_init+0x0/0x17a
[    0.056431]  [<c1009b07>] kernel_thread_helper+0x7/0x10
[    0.056432] sysctl table check failed: /kernel/random/now_blocking .1.40.8 Unknown sysctl binary path
[    0.056663] Pid: 1, comm: swapper Not tainted 2.6.32.57 #4
[    0.056663] Call Trace:
[    0.056665]  [<c14a8a0e>] ? printk+0x1d/0x1f
[    0.056666]  [<c107b56f>] set_fail+0x4f/0x60
[    0.056668]  [<c107b8b3>] sysctl_check_table+0x333/0x620
[    0.056670]  [<c107b8cc>] sysctl_check_table+0x34c/0x620
[    0.056671]  [<c107b8cc>] sysctl_check_table+0x34c/0x620
[    0.056674]  [<c1746d48>] sysctl_init+0x25/0x29
[    0.056675]  [<c1003042>] do_one_initcall+0x32/0x1a0
[    0.056677]  [<c1746d23>] ? sysctl_init+0x0/0x29
[    0.056679]  [<c17308e7>] kernel_init+0x12d/0x17a
[    0.056680]  [<c17307ba>] ? kernel_init+0x0/0x17a
[    0.056682]  [<c1009b07>] kernel_thread_helper+0x7/0x10
[    0.056683] sysctl table check failed: /kernel/random/now_nonblocking .1.40.9 Unknown sysctl binary path
[    0.056915] Pid: 1, comm: swapper Not tainted 2.6.32.57 #4
[    0.056915] Call Trace:
[    0.056917]  [<c14a8a0e>] ? printk+0x1d/0x1f
[    0.056918]  [<c107b56f>] set_fail+0x4f/0x60
[    0.056920]  [<c107b8b3>] sysctl_check_table+0x333/0x620
[    0.056921]  [<c107b8cc>] sysctl_check_table+0x34c/0x620
[    0.056923]  [<c107b8cc>] sysctl_check_table+0x34c/0x620
[    0.056925]  [<c1746d48>] sysctl_init+0x25/0x29
[    0.056927]  [<c1003042>] do_one_initcall+0x32/0x1a0
[    0.056929]  [<c1746d23>] ? sysctl_init+0x0/0x29
[    0.056930]  [<c17308e7>] kernel_init+0x12d/0x17a
[    0.056932]  [<c17307ba>] ? kernel_init+0x0/0x17a
[    0.056933]  [<c1009b07>] kernel_thread_helper+0x7/0x10
[    0.056934] sysctl table check failed: /kernel/random/nb_input_bytes .1.40.10 Unknown sysctl binary path
[    0.057344] Pid: 1, comm: swapper Not tainted 2.6.32.57 #4
[    0.057345] Call Trace:
[    0.057346]  [<c14a8a0e>] ? printk+0x1d/0x1f
[    0.057348]  [<c107b56f>] set_fail+0x4f/0x60
[    0.057350]  [<c107b8b3>] sysctl_check_table+0x333/0x620
[    0.057351]  [<c107b8cc>] sysctl_check_table+0x34c/0x620
[    0.057353]  [<c107b8cc>] sysctl_check_table+0x34c/0x620
[    0.057356]  [<c1746d48>] sysctl_init+0x25/0x29
[    0.057357]  [<c1003042>] do_one_initcall+0x32/0x1a0
[    0.057359]  [<c1746d23>] ? sysctl_init+0x0/0x29
[    0.057361]  [<c17308e7>] kernel_init+0x12d/0x17a
[    0.057363]  [<c17307ba>] ? kernel_init+0x0/0x17a
[    0.057364]  [<c1009b07>] kernel_thread_helper+0x7/0x10
[    0.057366] sysctl table check failed: /kernel/random/nb_stir_count .1.40.11 Unknown sysctl binary path
[    0.057618] Pid: 1, comm: swapper Not tainted 2.6.32.57 #4
[    0.057619] Call Trace:
[    0.057620]  [<c14a8a0e>] ? printk+0x1d/0x1f
[    0.057622]  [<c107b56f>] set_fail+0x4f/0x60
[    0.057623]  [<c107b8b3>] sysctl_check_table+0x333/0x620
[    0.057625]  [<c107b8cc>] sysctl_check_table+0x34c/0x620
[    0.057626]  [<c107b8cc>] sysctl_check_table+0x34c/0x620
[    0.057629]  [<c1746d48>] sysctl_init+0x25/0x29
[    0.057630]  [<c1003042>] do_one_initcall+0x32/0x1a0
[    0.057632]  [<c1746d23>] ? sysctl_init+0x0/0x29
[    0.057634]  [<c17308e7>] kernel_init+0x12d/0x17a
[    0.057635]  [<c17307ba>] ? kernel_init+0x0/0x17a
[    0.057637]  [<c1009b07>] kernel_thread_helper+0x7/0x10
[    0.057638] sysctl table check failed: /kernel/random/nb_reentry_count .1.40.12 Unknown sysctl binary path
[    0.057870] Pid: 1, comm: swapper Not tainted 2.6.32.57 #4
[    0.057871] Call Trace:
[    0.057872]  [<c14a8a0e>] ? printk+0x1d/0x1f
[    0.057873]  [<c107b56f>] set_fail+0x4f/0x60
[    0.057875]  [<c107b8b3>] sysctl_check_table+0x333/0x620
[    0.057876]  [<c107b8cc>] sysctl_check_table+0x34c/0x620
[    0.057878]  [<c107b8cc>] sysctl_check_table+0x34c/0x620
[    0.057880]  [<c1746d48>] sysctl_init+0x25/0x29
[    0.057882]  [<c1003042>] do_one_initcall+0x32/0x1a0
[    0.057884]  [<c1746d23>] ? sysctl_init+0x0/0x29
[    0.057885]  [<c17308e7>] kernel_init+0x12d/0x17a
[    0.057887]  [<c17307ba>] ? kernel_init+0x0/0x17a
[    0.057888]  [<c1009b07>] kernel_thread_helper+0x7/0x10
[    0.058000] RANDOM - __seed init called.
[    0.058001] RANDOM - __seed init called.
[    0.058001] RANDOM - __seed init called.
[    0.058003] RANDOM - __random32 called. Change num 1.  Value: 865378fd	b53d80db	1f8ba37e
[    0.058004] RANDOM - __random32 called. Change num 2.  Value: 378fdd29	53d80db0	46fc7ad7
[    0.058005] RANDOM - __random32 called. Change num 3.  Value: fdd29985	3d80db0e	f5ae23f5
[    0.058007] RANDOM - __random32 called. Change num 4.  Value: 299855dc	d80db0e5	47eb1be7
[    0.058008] RANDOM - __random32 called. Change num 5.  Value: 855dc464	80db0e5c	37cf1678
[    0.058009] RANDOM - __random32 called. Change num 6.  Value: dc4647ba	db0e5c1	2cf136f4
[    0.058010] RANDOM - random32 init called.  Value: dc4647ba	db0e5c1	2cf136f4
[    0.058016] regulator: core version 0.5
[    0.058074] Time: 23:05:23  Date: 05/24/13
[    0.058108] NET: Registered protocol family 16
[    0.058202] EISA bus registered
[    0.058927] ACPI: bus type pci registered
[    0.059015] PCI: MCFG configuration 0: base e0000000 segment 0 buses 0 - 255
[    0.059017] PCI: MCFG area at e0000000 reserved in E820
[    0.059018] PCI: Using MMCONFIG for extended config space
[    0.059019] PCI: Using configuration type 1 for base access
[    0.059500] bio: create slab <bio-0> at 0
[    0.060692] ACPI: EC: Look up EC in DSDT
[    0.097009] ACPI: BIOS _OSI(Linux) query ignored
[    0.102914] ACPI: Interpreter enabled
[    0.102918] ACPI: (supports S0 S1 S4 S5)
[    0.102929] ACPI: Using PIC for interrupt routing
[    0.183931] ACPI: No dock devices found.
[    0.184727] ACPI: PCI Root Bridge [PCI0] (0000:00)
[    0.186241] pci 0000:00:07.1: reg 20 io port: [0x10c0-0x10cf]
[    0.186721] pci 0000:00:07.3: quirk: region 1000-103f claimed by PIIX4 ACPI
[    0.186732] pci 0000:00:07.3: quirk: region 1040-104f claimed by PIIX4 SMB
[    0.187280] pci 0000:00:07.7: reg 10 io port: [0x1080-0x10bf]
[    0.187644] pci 0000:00:07.7: reg 14 64bit mmio: [0xc8000000-0xc8001fff]
[    0.188745] pci 0000:00:0f.0: reg 10 io port: [0x10d0-0x10df]
[    0.188782] pci 0000:00:0f.0: reg 14 32bit mmio pref: [0xd0000000-0xd7ffffff]
[    0.188818] pci 0000:00:0f.0: reg 18 32bit mmio: [0xc8800000-0xc8ffffff]
[    0.188969] pci 0000:00:0f.0: reg 30 32bit mmio pref: [0x000000-0x007fff]
[    0.189474] pci 0000:00:10.0: reg 10 io port: [0x1400-0x14ff]
[    0.189822] pci 0000:00:10.0: reg 14 64bit mmio: [0xc8040000-0xc805ffff]
[    0.190187] pci 0000:00:10.0: reg 1c 64bit mmio: [0xc8020000-0xc803ffff]
[    0.190257] pci 0000:00:10.0: reg 30 32bit mmio pref: [0x000000-0x003fff]
[    0.191553] pci 0000:00:15.0: PME# supported from D0 D3hot D3cold
[    0.191572] pci 0000:00:15.0: PME# disabled
[    0.192405] pci 0000:00:15.1: PME# supported from D0 D3hot D3cold
[    0.192425] pci 0000:00:15.1: PME# disabled
[    0.193247] pci 0000:00:15.2: PME# supported from D0 D3hot D3cold
[    0.193267] pci 0000:00:15.2: PME# disabled
[    0.194103] pci 0000:00:15.3: PME# supported from D0 D3hot D3cold
[    0.194122] pci 0000:00:15.3: PME# disabled
[    0.194940] pci 0000:00:15.4: PME# supported from D0 D3hot D3cold
[    0.194973] pci 0000:00:15.4: PME# disabled
[    0.195789] pci 0000:00:15.5: PME# supported from D0 D3hot D3cold
[    0.195808] pci 0000:00:15.5: PME# disabled
[    0.196634] pci 0000:00:15.6: PME# supported from D0 D3hot D3cold
[    0.196653] pci 0000:00:15.6: PME# disabled
[    0.197479] pci 0000:00:15.7: PME# supported from D0 D3hot D3cold
[    0.197498] pci 0000:00:15.7: PME# disabled
[    0.198319] pci 0000:00:16.0: PME# supported from D0 D3hot D3cold
[    0.198338] pci 0000:00:16.0: PME# disabled
[    0.199164] pci 0000:00:16.1: PME# supported from D0 D3hot D3cold
[    0.199183] pci 0000:00:16.1: PME# disabled
[    0.200015] pci 0000:00:16.2: PME# supported from D0 D3hot D3cold
[    0.200033] pci 0000:00:16.2: PME# disabled
[    0.200832] pci 0000:00:16.3: PME# supported from D0 D3hot D3cold
[    0.200851] pci 0000:00:16.3: PME# disabled
[    0.201676] pci 0000:00:16.4: PME# supported from D0 D3hot D3cold
[    0.201695] pci 0000:00:16.4: PME# disabled
[    0.202515] pci 0000:00:16.5: PME# supported from D0 D3hot D3cold
[    0.202533] pci 0000:00:16.5: PME# disabled
[    0.203354] pci 0000:00:16.6: PME# supported from D0 D3hot D3cold
[    0.203373] pci 0000:00:16.6: PME# disabled
[    0.204207] pci 0000:00:16.7: PME# supported from D0 D3hot D3cold
[    0.204226] pci 0000:00:16.7: PME# disabled
[    0.205049] pci 0000:00:17.0: PME# supported from D0 D3hot D3cold
[    0.205067] pci 0000:00:17.0: PME# disabled
[    0.205866] pci 0000:00:17.1: PME# supported from D0 D3hot D3cold
[    0.205884] pci 0000:00:17.1: PME# disabled
[    0.206711] pci 0000:00:17.2: PME# supported from D0 D3hot D3cold
[    0.206729] pci 0000:00:17.2: PME# disabled
[    0.207566] pci 0000:00:17.3: PME# supported from D0 D3hot D3cold
[    0.207585] pci 0000:00:17.3: PME# disabled
[    0.208413] pci 0000:00:17.4: PME# supported from D0 D3hot D3cold
[    0.208432] pci 0000:00:17.4: PME# disabled
[    0.209261] pci 0000:00:17.5: PME# supported from D0 D3hot D3cold
[    0.209280] pci 0000:00:17.5: PME# disabled
[    0.210107] pci 0000:00:17.6: PME# supported from D0 D3hot D3cold
[    0.210125] pci 0000:00:17.6: PME# disabled
[    0.210932] pci 0000:00:17.7: PME# supported from D0 D3hot D3cold
[    0.210952] pci 0000:00:17.7: PME# disabled
[    0.211792] pci 0000:00:18.0: PME# supported from D0 D3hot D3cold
[    0.211812] pci 0000:00:18.0: PME# disabled
[    0.212699] pci 0000:00:18.1: PME# supported from D0 D3hot D3cold
[    0.212718] pci 0000:00:18.1: PME# disabled
[    0.213544] pci 0000:00:18.2: PME# supported from D0 D3hot D3cold
[    0.213563] pci 0000:00:18.2: PME# disabled
[    0.214388] pci 0000:00:18.3: PME# supported from D0 D3hot D3cold
[    0.214407] pci 0000:00:18.3: PME# disabled
[    0.215271] pci 0000:00:18.4: PME# supported from D0 D3hot D3cold
[    0.215291] pci 0000:00:18.4: PME# disabled
[    0.216241] pci 0000:00:18.5: PME# supported from D0 D3hot D3cold
[    0.216261] pci 0000:00:18.5: PME# disabled
[    0.217119] pci 0000:00:18.6: PME# supported from D0 D3hot D3cold
[    0.217139] pci 0000:00:18.6: PME# disabled
[    0.218026] pci 0000:00:18.7: PME# supported from D0 D3hot D3cold
[    0.218048] pci 0000:00:18.7: PME# disabled
[    0.219145] pci 0000:02:00.0: reg 20 io port: [0x20c0-0x20df]
[    0.219638] pci 0000:02:01.0: reg 10 io port: [0x2000-0x207f]
[    0.219871] pci 0000:02:01.0: reg 30 32bit mmio pref: [0x000000-0x00ffff]
[    0.220427] pci 0000:02:02.0: reg 10 io port: [0x2080-0x20bf]
[    0.221020] pci 0000:02:03.0: reg 10 32bit mmio: [0xc9000000-0xc9000fff]
[    0.221580] pci 0000:00:11.0: transparent bridge
[    0.221601] pci 0000:00:11.0: bridge io port: [0x2000-0x3fff]
[    0.221621] pci 0000:00:11.0: bridge 32bit mmio: [0xc9000000-0xca3fffff]
[    0.221660] pci 0000:00:11.0: bridge 64bit mmio pref: [0xd8400000-0xd89fffff]
[    0.222028] pci 0000:00:15.0: bridge io port: [0x4000-0x4fff]
[    0.222048] pci 0000:00:15.0: bridge 32bit mmio: [0xca400000-0xca4fffff]
[    0.222086] pci 0000:00:15.0: bridge 64bit mmio pref: [0xd8a00000-0xd8afffff]
[    0.222446] pci 0000:00:15.1: bridge io port: [0x8000-0x8fff]
[    0.222466] pci 0000:00:15.1: bridge 32bit mmio: [0xca800000-0xca8fffff]
[    0.222505] pci 0000:00:15.1: bridge 64bit mmio pref: [0xd8e00000-0xd8efffff]
[    0.222861] pci 0000:00:15.2: bridge io port: [0xc000-0xcfff]
[    0.222882] pci 0000:00:15.2: bridge 32bit mmio: [0xcac00000-0xcacfffff]
[    0.222927] pci 0000:00:15.2: bridge 64bit mmio pref: [0xd9200000-0xd92fffff]
[    0.223308] pci 0000:00:15.3: bridge 32bit mmio: [0xcb000000-0xcb0fffff]
[    0.223346] pci 0000:00:15.3: bridge 64bit mmio pref: [0xd9600000-0xd96fffff]
[    0.223732] pci 0000:00:15.4: bridge 32bit mmio: [0xcb400000-0xcb4fffff]
[    0.223770] pci 0000:00:15.4: bridge 64bit mmio pref: [0xd9a00000-0xd9afffff]
[    0.224158] pci 0000:00:15.5: bridge 32bit mmio: [0xcb800000-0xcb8fffff]
[    0.224196] pci 0000:00:15.5: bridge 64bit mmio pref: [0xd9e00000-0xd9efffff]
[    0.224572] pci 0000:00:15.6: bridge 32bit mmio: [0xcbc00000-0xcbcfffff]
[    0.224610] pci 0000:00:15.6: bridge 64bit mmio pref: [0xda200000-0xda2fffff]
[    0.224988] pci 0000:00:15.7: bridge 32bit mmio: [0xcc000000-0xcc0fffff]
[    0.225026] pci 0000:00:15.7: bridge 64bit mmio pref: [0xda600000-0xda6fffff]
[    0.225383] pci 0000:00:16.0: bridge io port: [0x5000-0x5fff]
[    0.225403] pci 0000:00:16.0: bridge 32bit mmio: [0xca500000-0xca5fffff]
[    0.225442] pci 0000:00:16.0: bridge 64bit mmio pref: [0xd8b00000-0xd8bfffff]
[    0.225799] pci 0000:00:16.1: bridge io port: [0x9000-0x9fff]
[    0.225819] pci 0000:00:16.1: bridge 32bit mmio: [0xca900000-0xca9fffff]
[    0.225857] pci 0000:00:16.1: bridge 64bit mmio pref: [0xd8f00000-0xd8ffffff]
[    0.226224] pci 0000:00:16.2: bridge io port: [0xd000-0xdfff]
[    0.226244] pci 0000:00:16.2: bridge 32bit mmio: [0xcad00000-0xcadfffff]
[    0.226282] pci 0000:00:16.2: bridge 64bit mmio pref: [0xd9300000-0xd93fffff]
[    0.226659] pci 0000:00:16.3: bridge 32bit mmio: [0xcb100000-0xcb1fffff]
[    0.226697] pci 0000:00:16.3: bridge 64bit mmio pref: [0xd9700000-0xd97fffff]
[    0.227080] pci 0000:00:16.4: bridge 32bit mmio: [0xcb500000-0xcb5fffff]
[    0.227118] pci 0000:00:16.4: bridge 64bit mmio pref: [0xd9b00000-0xd9bfffff]
[    0.227494] pci 0000:00:16.5: bridge 32bit mmio: [0xcb900000-0xcb9fffff]
[    0.227532] pci 0000:00:16.5: bridge 64bit mmio pref: [0xd9f00000-0xd9ffffff]
[    0.227937] pci 0000:00:16.6: bridge 32bit mmio: [0xcbd00000-0xcbdfffff]
[    0.227976] pci 0000:00:16.6: bridge 64bit mmio pref: [0xda300000-0xda3fffff]
[    0.228359] pci 0000:00:16.7: bridge 32bit mmio: [0xcc100000-0xcc1fffff]
[    0.228398] pci 0000:00:16.7: bridge 64bit mmio pref: [0xda700000-0xda7fffff]
[    0.228756] pci 0000:00:17.0: bridge io port: [0x6000-0x6fff]
[    0.228776] pci 0000:00:17.0: bridge 32bit mmio: [0xca600000-0xca6fffff]
[    0.228814] pci 0000:00:17.0: bridge 64bit mmio pref: [0xd8c00000-0xd8cfffff]
[    0.229173] pci 0000:00:17.1: bridge io port: [0xa000-0xafff]
[    0.229193] pci 0000:00:17.1: bridge 32bit mmio: [0xcaa00000-0xcaafffff]
[    0.229232] pci 0000:00:17.1: bridge 64bit mmio pref: [0xd9000000-0xd90fffff]
[    0.229590] pci 0000:00:17.2: bridge io port: [0xe000-0xefff]
[    0.229610] pci 0000:00:17.2: bridge 32bit mmio: [0xcae00000-0xcaefffff]
[    0.229648] pci 0000:00:17.2: bridge 64bit mmio pref: [0xd9400000-0xd94fffff]
[    0.230028] pci 0000:00:17.3: bridge 32bit mmio: [0xcb200000-0xcb2fffff]
[    0.230066] pci 0000:00:17.3: bridge 64bit mmio pref: [0xd9800000-0xd98fffff]
[    0.230442] pci 0000:00:17.4: bridge 32bit mmio: [0xcb600000-0xcb6fffff]
[    0.230480] pci 0000:00:17.4: bridge 64bit mmio pref: [0xd9c00000-0xd9cfffff]
[    0.230855] pci 0000:00:17.5: bridge 32bit mmio: [0xcba00000-0xcbafffff]
[    0.230901] pci 0000:00:17.5: bridge 64bit mmio pref: [0xda000000-0xda0fffff]
[    0.231277] pci 0000:00:17.6: bridge 32bit mmio: [0xcbe00000-0xcbefffff]
[    0.231315] pci 0000:00:17.6: bridge 64bit mmio pref: [0xda400000-0xda4fffff]
[    0.231699] pci 0000:00:17.7: bridge 32bit mmio: [0xcc200000-0xcc2fffff]
[    0.231738] pci 0000:00:17.7: bridge 64bit mmio pref: [0xda800000-0xda8fffff]
[    0.232105] pci 0000:00:18.0: bridge io port: [0x7000-0x7fff]
[    0.232125] pci 0000:00:18.0: bridge 32bit mmio: [0xca700000-0xca7fffff]
[    0.232163] pci 0000:00:18.0: bridge 64bit mmio pref: [0xd8d00000-0xd8dfffff]
[    0.232522] pci 0000:00:18.1: bridge io port: [0xb000-0xbfff]
[    0.232542] pci 0000:00:18.1: bridge 32bit mmio: [0xcab00000-0xcabfffff]
[    0.232580] pci 0000:00:18.1: bridge 64bit mmio pref: [0xd9100000-0xd91fffff]
[    0.232939] pci 0000:00:18.2: bridge io port: [0xf000-0xffff]
[    0.232960] pci 0000:00:18.2: bridge 32bit mmio: [0xcaf00000-0xcaffffff]
[    0.232998] pci 0000:00:18.2: bridge 64bit mmio pref: [0xd9500000-0xd95fffff]
[    0.233374] pci 0000:00:18.3: bridge 32bit mmio: [0xcb300000-0xcb3fffff]
[    0.233412] pci 0000:00:18.3: bridge 64bit mmio pref: [0xd9900000-0xd99fffff]
[    0.233787] pci 0000:00:18.4: bridge 32bit mmio: [0xcb700000-0xcb7fffff]
[    0.233826] pci 0000:00:18.4: bridge 64bit mmio pref: [0xd9d00000-0xd9dfffff]
[    0.234204] pci 0000:00:18.5: bridge 32bit mmio: [0xcbb00000-0xcbbfffff]
[    0.234242] pci 0000:00:18.5: bridge 64bit mmio pref: [0xda100000-0xda1fffff]
[    0.234618] pci 0000:00:18.6: bridge 32bit mmio: [0xcbf00000-0xcbffffff]
[    0.234656] pci 0000:00:18.6: bridge 64bit mmio pref: [0xda500000-0xda5fffff]
[    0.235039] pci 0000:00:18.7: bridge 32bit mmio: [0xcc300000-0xcc3fffff]
[    0.235077] pci 0000:00:18.7: bridge 64bit mmio pref: [0xda900000-0xda9fffff]
[    0.236557] pci_bus 0000:00: on NUMA node 0
[    0.236565] ACPI: PCI Interrupt Routing Table [\_SB_.PCI0._PRT]
[    0.456378] ACPI: PCI Interrupt Link [LNKA] (IRQs 3 4 5 6 7 *9 10 11 14 15)
[    0.456523] ACPI: PCI Interrupt Link [LNKB] (IRQs 3 4 5 6 7 9 10 *11 14 15)
[    0.456692] ACPI: PCI Interrupt Link [LNKC] (IRQs 3 4 5 6 7 9 *10 11 14 15)
[    0.456832] ACPI: PCI Interrupt Link [LNKD] (IRQs 3 4 *5 6 7 9 10 11 14 15)
[    0.456958] vgaarb: device added: PCI:0000:00:0f.0,decodes=io+mem,owns=io+mem,locks=none
[    0.456967] vgaarb: loaded
[    0.457050] SCSI subsystem initialized
[    0.457092] libata version 3.00 loaded.
[    0.457130] usbcore: registered new interface driver usbfs
[    0.457141] usbcore: registered new interface driver hub
[    0.457156] usbcore: registered new device driver usb
[    0.457218] PCI: Using ACPI for IRQ routing
[    0.458135] NetLabel: Initializing
[    0.458136] NetLabel:  domain hash size = 128
[    0.458136] NetLabel:  protocols = UNLABELED CIPSOv4
[    0.458143] NetLabel:  unlabeled traffic allowed by default
[    0.458174] hpet0: at MMIO 0xfed00000, IRQs 2, 8, 0, 0, 0, 0, 0, 0, 0, 0, 0, 0, 0, 0, 0, 0
[    0.458180] hpet0: 16 comparators, 64-bit 14.318180 MHz counter
[    0.460207] Switching to clocksource tsc
[    0.467038] pnp: PnP ACPI init
[    0.467048] ACPI: bus type pnp registered
[    0.508536] pnp: PnP ACPI: found 14 devices
[    0.508538] ACPI: ACPI bus type pnp unregistered
[    0.508541] PnPBIOS: Disabled by ACPI PNP
[    0.508559] system 00:01: ioport range 0x1000-0x103f has been reserved
[    0.508561] system 00:01: ioport range 0x1040-0x104f has been reserved
[    0.508563] system 00:01: ioport range 0xcf0-0xcf1 has been reserved
[    0.508569] system 00:08: iomem range 0xfed00000-0xfed003ff has been reserved
[    0.508572] system 00:0d: ioport range 0x1060-0x107f has been reserved
[    0.508574] system 00:0d: iomem range 0xe0000000-0xefffffff has been reserved
[    0.508576] system 00:0d: iomem range 0xc8200000-0xc83fffff has been reserved
[    0.544963] pci 0000:00:15.3: BAR 13: can't allocate I/O resource [0x10000-0xffff]
[    0.544967] pci 0000:00:15.4: BAR 13: can't allocate I/O resource [0x10000-0xffff]
[    0.544970] pci 0000:00:15.5: BAR 13: can't allocate I/O resource [0x10000-0xffff]
[    0.544973] pci 0000:00:15.6: BAR 13: can't allocate I/O resource [0x10000-0xffff]
[    0.544975] pci 0000:00:15.7: BAR 13: can't allocate I/O resource [0x10000-0xffff]
[    0.544978] pci 0000:00:16.3: BAR 13: can't allocate I/O resource [0x10000-0xffff]
[    0.544981] pci 0000:00:16.4: BAR 13: can't allocate I/O resource [0x10000-0xffff]
[    0.544984] pci 0000:00:16.5: BAR 13: can't allocate I/O resource [0x10000-0xffff]
[    0.544987] pci 0000:00:16.6: BAR 13: can't allocate I/O resource [0x10000-0xffff]
[    0.544990] pci 0000:00:16.7: BAR 13: can't allocate I/O resource [0x10000-0xffff]
[    0.544992] pci 0000:00:17.3: BAR 13: can't allocate I/O resource [0x10000-0xffff]
[    0.544995] pci 0000:00:17.4: BAR 13: can't allocate I/O resource [0x10000-0xffff]
[    0.544998] pci 0000:00:17.5: BAR 13: can't allocate I/O resource [0x10000-0xffff]
[    0.545001] pci 0000:00:17.6: BAR 13: can't allocate I/O resource [0x10000-0xffff]
[    0.545004] pci 0000:00:17.7: BAR 13: can't allocate I/O resource [0x10000-0xffff]
[    0.545006] pci 0000:00:18.3: BAR 13: can't allocate I/O resource [0x10000-0xffff]
[    0.545009] pci 0000:00:18.4: BAR 13: can't allocate I/O resource [0x10000-0xffff]
[    0.545012] pci 0000:00:18.5: BAR 13: can't allocate I/O resource [0x10000-0xffff]
[    0.545015] pci 0000:00:18.6: BAR 13: can't allocate I/O resource [0x10000-0xffff]
[    0.545018] pci 0000:00:18.7: BAR 13: can't allocate I/O resource [0x10000-0xffff]
[    0.545020] pci 0000:00:01.0: PCI bridge, secondary bus 0000:01
[    0.545022] pci 0000:00:01.0:   IO window: disabled
[    0.545052] pci 0000:00:01.0:   MEM window: disabled
[    0.545073] pci 0000:00:01.0:   PREFETCH window: disabled
[    0.545120] pci 0000:00:11.0: PCI bridge, secondary bus 0000:02
[    0.545132] pci 0000:00:11.0:   IO window: 0x2000-0x3fff
[    0.545162] pci 0000:00:11.0:   MEM window: 0xc9000000-0xca3fffff
[    0.545182] pci 0000:00:11.0:   PREFETCH window: 0x000000d8400000-0x000000d89fffff
[    0.545221] pci 0000:00:15.0: PCI bridge, secondary bus 0000:03
[    0.545233] pci 0000:00:15.0:   IO window: 0x4000-0x4fff
[    0.545262] pci 0000:00:15.0:   MEM window: 0xca400000-0xca4fffff
[    0.545283] pci 0000:00:15.0:   PREFETCH window: 0x000000d8a00000-0x000000d8afffff
[    0.545333] pci 0000:00:15.1: PCI bridge, secondary bus 0000:04
[    0.545345] pci 0000:00:15.1:   IO window: 0x8000-0x8fff
[    0.545375] pci 0000:00:15.1:   MEM window: 0xca800000-0xca8fffff
[    0.545396] pci 0000:00:15.1:   PREFETCH window: 0x000000d8e00000-0x000000d8efffff
[    0.545438] pci 0000:00:15.2: PCI bridge, secondary bus 0000:05
[    0.545450] pci 0000:00:15.2:   IO window: 0xc000-0xcfff
[    0.545480] pci 0000:00:15.2:   MEM window: 0xcac00000-0xcacfffff
[    0.545501] pci 0000:00:15.2:   PREFETCH window: 0x000000d9200000-0x000000d92fffff
[    0.545543] pci 0000:00:15.3: PCI bridge, secondary bus 0000:06
[    0.545545] pci 0000:00:15.3:   IO window: disabled
[    0.545575] pci 0000:00:15.3:   MEM window: 0xcb000000-0xcb0fffff
[    0.545596] pci 0000:00:15.3:   PREFETCH window: 0x000000d9600000-0x000000d96fffff
[    0.545638] pci 0000:00:15.4: PCI bridge, secondary bus 0000:07
[    0.545640] pci 0000:00:15.4:   IO window: disabled
[    0.545669] pci 0000:00:15.4:   MEM window: 0xcb400000-0xcb4fffff
[    0.545690] pci 0000:00:15.4:   PREFETCH window: 0x000000d9a00000-0x000000d9afffff
[    0.545733] pci 0000:00:15.5: PCI bridge, secondary bus 0000:08
[    0.545734] pci 0000:00:15.5:   IO window: disabled
[    0.545764] pci 0000:00:15.5:   MEM window: 0xcb800000-0xcb8fffff
[    0.545785] pci 0000:00:15.5:   PREFETCH window: 0x000000d9e00000-0x000000d9efffff
[    0.545827] pci 0000:00:15.6: PCI bridge, secondary bus 0000:09
[    0.545829] pci 0000:00:15.6:   IO window: disabled
[    0.545859] pci 0000:00:15.6:   MEM window: 0xcbc00000-0xcbcfffff
[    0.545880] pci 0000:00:15.6:   PREFETCH window: 0x000000da200000-0x000000da2fffff
[    0.545922] pci 0000:00:15.7: PCI bridge, secondary bus 0000:0a
[    0.545924] pci 0000:00:15.7:   IO window: disabled
[    0.545954] pci 0000:00:15.7:   MEM window: 0xcc000000-0xcc0fffff
[    0.545975] pci 0000:00:15.7:   PREFETCH window: 0x000000da600000-0x000000da6fffff
[    0.546017] pci 0000:00:16.0: PCI bridge, secondary bus 0000:0b
[    0.546029] pci 0000:00:16.0:   IO window: 0x5000-0x5fff
[    0.546059] pci 0000:00:16.0:   MEM window: 0xca500000-0xca5fffff
[    0.546079] pci 0000:00:16.0:   PREFETCH window: 0x000000d8b00000-0x000000d8bfffff
[    0.546122] pci 0000:00:16.1: PCI bridge, secondary bus 0000:0c
[    0.546134] pci 0000:00:16.1:   IO window: 0x9000-0x9fff
[    0.546164] pci 0000:00:16.1:   MEM window: 0xca900000-0xca9fffff
[    0.546184] pci 0000:00:16.1:   PREFETCH window: 0x000000d8f00000-0x000000d8ffffff
[    0.546227] pci 0000:00:16.2: PCI bridge, secondary bus 0000:0d
[    0.546239] pci 0000:00:16.2:   IO window: 0xd000-0xdfff
[    0.546268] pci 0000:00:16.2:   MEM window: 0xcad00000-0xcadfffff
[    0.546289] pci 0000:00:16.2:   PREFETCH window: 0x000000d9300000-0x000000d93fffff
[    0.546331] pci 0000:00:16.3: PCI bridge, secondary bus 0000:0e
[    0.546333] pci 0000:00:16.3:   IO window: disabled
[    0.546363] pci 0000:00:16.3:   MEM window: 0xcb100000-0xcb1fffff
[    0.546383] pci 0000:00:16.3:   PREFETCH window: 0x000000d9700000-0x000000d97fffff
[    0.546426] pci 0000:00:16.4: PCI bridge, secondary bus 0000:0f
[    0.546428] pci 0000:00:16.4:   IO window: disabled
[    0.546457] pci 0000:00:16.4:   MEM window: 0xcb500000-0xcb5fffff
[    0.546478] pci 0000:00:16.4:   PREFETCH window: 0x000000d9b00000-0x000000d9bfffff
[    0.546521] pci 0000:00:16.5: PCI bridge, secondary bus 0000:10
[    0.546522] pci 0000:00:16.5:   IO window: disabled
[    0.546552] pci 0000:00:16.5:   MEM window: 0xcb900000-0xcb9fffff
[    0.546573] pci 0000:00:16.5:   PREFETCH window: 0x000000d9f00000-0x000000d9ffffff
[    0.546615] pci 0000:00:16.6: PCI bridge, secondary bus 0000:11
[    0.546617] pci 0000:00:16.6:   IO window: disabled
[    0.546646] pci 0000:00:16.6:   MEM window: 0xcbd00000-0xcbdfffff
[    0.546667] pci 0000:00:16.6:   PREFETCH window: 0x000000da300000-0x000000da3fffff
[    0.546710] pci 0000:00:16.7: PCI bridge, secondary bus 0000:12
[    0.546711] pci 0000:00:16.7:   IO window: disabled
[    0.546741] pci 0000:00:16.7:   MEM window: 0xcc100000-0xcc1fffff
[    0.546762] pci 0000:00:16.7:   PREFETCH window: 0x000000da700000-0x000000da7fffff
[    0.546804] pci 0000:00:17.0: PCI bridge, secondary bus 0000:13
[    0.546816] pci 0000:00:17.0:   IO window: 0x6000-0x6fff
[    0.546846] pci 0000:00:17.0:   MEM window: 0xca600000-0xca6fffff
[    0.546866] pci 0000:00:17.0:   PREFETCH window: 0x000000d8c00000-0x000000d8cfffff
[    0.546909] pci 0000:00:17.1: PCI bridge, secondary bus 0000:14
[    0.546921] pci 0000:00:17.1:   IO window: 0xa000-0xafff
[    0.546950] pci 0000:00:17.1:   MEM window: 0xcaa00000-0xcaafffff
[    0.546971] pci 0000:00:17.1:   PREFETCH window: 0x000000d9000000-0x000000d90fffff
[    0.547013] pci 0000:00:17.2: PCI bridge, secondary bus 0000:15
[    0.547025] pci 0000:00:17.2:   IO window: 0xe000-0xefff
[    0.547055] pci 0000:00:17.2:   MEM window: 0xcae00000-0xcaefffff
[    0.547075] pci 0000:00:17.2:   PREFETCH window: 0x000000d9400000-0x000000d94fffff
[    0.547130] pci 0000:00:17.3: PCI bridge, secondary bus 0000:16
[    0.547132] pci 0000:00:17.3:   IO window: disabled
[    0.547162] pci 0000:00:17.3:   MEM window: 0xcb200000-0xcb2fffff
[    0.547182] pci 0000:00:17.3:   PREFETCH window: 0x000000d9800000-0x000000d98fffff
[    0.547225] pci 0000:00:17.4: PCI bridge, secondary bus 0000:17
[    0.547226] pci 0000:00:17.4:   IO window: disabled
[    0.547256] pci 0000:00:17.4:   MEM window: 0xcb600000-0xcb6fffff
[    0.547277] pci 0000:00:17.4:   PREFETCH window: 0x000000d9c00000-0x000000d9cfffff
[    0.547319] pci 0000:00:17.5: PCI bridge, secondary bus 0000:18
[    0.547321] pci 0000:00:17.5:   IO window: disabled
[    0.547351] pci 0000:00:17.5:   MEM window: 0xcba00000-0xcbafffff
[    0.547371] pci 0000:00:17.5:   PREFETCH window: 0x000000da000000-0x000000da0fffff
[    0.547414] pci 0000:00:17.6: PCI bridge, secondary bus 0000:19
[    0.547415] pci 0000:00:17.6:   IO window: disabled
[    0.547445] pci 0000:00:17.6:   MEM window: 0xcbe00000-0xcbefffff
[    0.547466] pci 0000:00:17.6:   PREFETCH window: 0x000000da400000-0x000000da4fffff
[    0.547508] pci 0000:00:17.7: PCI bridge, secondary bus 0000:1a
[    0.547510] pci 0000:00:17.7:   IO window: disabled
[    0.547539] pci 0000:00:17.7:   MEM window: 0xcc200000-0xcc2fffff
[    0.547560] pci 0000:00:17.7:   PREFETCH window: 0x000000da800000-0x000000da8fffff
[    0.547602] pci 0000:00:18.0: PCI bridge, secondary bus 0000:1b
[    0.547614] pci 0000:00:18.0:   IO window: 0x7000-0x7fff
[    0.547644] pci 0000:00:18.0:   MEM window: 0xca700000-0xca7fffff
[    0.547664] pci 0000:00:18.0:   PREFETCH window: 0x000000d8d00000-0x000000d8dfffff
[    0.547707] pci 0000:00:18.1: PCI bridge, secondary bus 0000:1c
[    0.547719] pci 0000:00:18.1:   IO window: 0xb000-0xbfff
[    0.547748] pci 0000:00:18.1:   MEM window: 0xcab00000-0xcabfffff
[    0.547769] pci 0000:00:18.1:   PREFETCH window: 0x000000d9100000-0x000000d91fffff
[    0.547811] pci 0000:00:18.2: PCI bridge, secondary bus 0000:1d
[    0.547823] pci 0000:00:18.2:   IO window: 0xf000-0xffff
[    0.547853] pci 0000:00:18.2:   MEM window: 0xcaf00000-0xcaffffff
[    0.547873] pci 0000:00:18.2:   PREFETCH window: 0x000000d9500000-0x000000d95fffff
[    0.547916] pci 0000:00:18.3: PCI bridge, secondary bus 0000:1e
[    0.547917] pci 0000:00:18.3:   IO window: disabled
[    0.547947] pci 0000:00:18.3:   MEM window: 0xcb300000-0xcb3fffff
[    0.547968] pci 0000:00:18.3:   PREFETCH window: 0x000000d9900000-0x000000d99fffff
[    0.548010] pci 0000:00:18.4: PCI bridge, secondary bus 0000:1f
[    0.548012] pci 0000:00:18.4:   IO window: disabled
[    0.548041] pci 0000:00:18.4:   MEM window: 0xcb700000-0xcb7fffff
[    0.548062] pci 0000:00:18.4:   PREFETCH window: 0x000000d9d00000-0x000000d9dfffff
[    0.548115] pci 0000:00:18.5: PCI bridge, secondary bus 0000:20
[    0.548116] pci 0000:00:18.5:   IO window: disabled
[    0.548147] pci 0000:00:18.5:   MEM window: 0xcbb00000-0xcbbfffff
[    0.548168] pci 0000:00:18.5:   PREFETCH window: 0x000000da100000-0x000000da1fffff
[    0.548211] pci 0000:00:18.6: PCI bridge, secondary bus 0000:21
[    0.548212] pci 0000:00:18.6:   IO window: disabled
[    0.548242] pci 0000:00:18.6:   MEM window: 0xcbf00000-0xcbffffff
[    0.548263] pci 0000:00:18.6:   PREFETCH window: 0x000000da500000-0x000000da5fffff
[    0.548305] pci 0000:00:18.7: PCI bridge, secondary bus 0000:22
[    0.548307] pci 0000:00:18.7:   IO window: disabled
[    0.548336] pci 0000:00:18.7:   MEM window: 0xcc300000-0xcc3fffff
[    0.548357] pci 0000:00:18.7:   PREFETCH window: 0x000000da900000-0x000000da9fffff
[    0.548430] pci 0000:00:01.0: setting latency timer to 64
[    0.548526] pci 0000:00:15.0: setting latency timer to 64
[    0.548593] pci 0000:00:15.1: setting latency timer to 64
[    0.548659] pci 0000:00:15.2: setting latency timer to 64
[    0.548726] pci 0000:00:15.3: setting latency timer to 64
[    0.548792] pci 0000:00:15.4: setting latency timer to 64
[    0.548859] pci 0000:00:15.5: setting latency timer to 64
[    0.548925] pci 0000:00:15.6: setting latency timer to 64
[    0.548992] pci 0000:00:15.7: setting latency timer to 64
[    0.549058] pci 0000:00:16.0: setting latency timer to 64
[    0.549132] pci 0000:00:16.1: setting latency timer to 64
[    0.549199] pci 0000:00:16.2: setting latency timer to 64
[    0.549265] pci 0000:00:16.3: setting latency timer to 64
[    0.549331] pci 0000:00:16.4: setting latency timer to 64
[    0.549398] pci 0000:00:16.5: setting latency timer to 64
[    0.549464] pci 0000:00:16.6: setting latency timer to 64
[    0.549530] pci 0000:00:16.7: setting latency timer to 64
[    0.549597] pci 0000:00:17.0: setting latency timer to 64
[    0.549663] pci 0000:00:17.1: setting latency timer to 64
[    0.549729] pci 0000:00:17.2: setting latency timer to 64
[    0.549796] pci 0000:00:17.3: setting latency timer to 64
[    0.549862] pci 0000:00:17.4: setting latency timer to 64
[    0.549929] pci 0000:00:17.5: setting latency timer to 64
[    0.549995] pci 0000:00:17.6: setting latency timer to 64
[    0.550061] pci 0000:00:17.7: setting latency timer to 64
[    0.550135] pci 0000:00:18.0: setting latency timer to 64
[    0.550202] pci 0000:00:18.1: setting latency timer to 64
[    0.550268] pci 0000:00:18.2: setting latency timer to 64
[    0.550335] pci 0000:00:18.3: setting latency timer to 64
[    0.550401] pci 0000:00:18.4: setting latency timer to 64
[    0.550468] pci 0000:00:18.5: setting latency timer to 64
[    0.550534] pci 0000:00:18.6: setting latency timer to 64
[    0.550600] pci 0000:00:18.7: setting latency timer to 64
[    0.550613] pci_bus 0000:00: resource 0 io:  [0x00-0xffff]
[    0.550615] pci_bus 0000:00: resource 1 mem: [0x000000-0xffffffffffffffff]
[    0.550617] pci_bus 0000:02: resource 0 io:  [0x2000-0x3fff]
[    0.550619] pci_bus 0000:02: resource 1 mem: [0xc9000000-0xca3fffff]
[    0.550621] pci_bus 0000:02: resource 2 pref mem [0xd8400000-0xd89fffff]
[    0.550623] pci_bus 0000:02: resource 3 io:  [0x00-0xffff]
[    0.550625] pci_bus 0000:02: resource 4 mem: [0x000000-0xffffffffffffffff]
[    0.550627] pci_bus 0000:03: resource 0 io:  [0x4000-0x4fff]
[    0.550629] pci_bus 0000:03: resource 1 mem: [0xca400000-0xca4fffff]
[    0.550631] pci_bus 0000:03: resource 2 pref mem [0xd8a00000-0xd8afffff]
[    0.550633] pci_bus 0000:04: resource 0 io:  [0x8000-0x8fff]
[    0.550635] pci_bus 0000:04: resource 1 mem: [0xca800000-0xca8fffff]
[    0.550637] pci_bus 0000:04: resource 2 pref mem [0xd8e00000-0xd8efffff]
[    0.550639] pci_bus 0000:05: resource 0 io:  [0xc000-0xcfff]
[    0.550641] pci_bus 0000:05: resource 1 mem: [0xcac00000-0xcacfffff]
[    0.550642] pci_bus 0000:05: resource 2 pref mem [0xd9200000-0xd92fffff]
[    0.550644] pci_bus 0000:06: resource 1 mem: [0xcb000000-0xcb0fffff]
[    0.550646] pci_bus 0000:06: resource 2 pref mem [0xd9600000-0xd96fffff]
[    0.550648] pci_bus 0000:07: resource 1 mem: [0xcb400000-0xcb4fffff]
[    0.550650] pci_bus 0000:07: resource 2 pref mem [0xd9a00000-0xd9afffff]
[    0.550652] pci_bus 0000:08: resource 1 mem: [0xcb800000-0xcb8fffff]
[    0.550654] pci_bus 0000:08: resource 2 pref mem [0xd9e00000-0xd9efffff]
[    0.550656] pci_bus 0000:09: resource 1 mem: [0xcbc00000-0xcbcfffff]
[    0.550658] pci_bus 0000:09: resource 2 pref mem [0xda200000-0xda2fffff]
[    0.550660] pci_bus 0000:0a: resource 1 mem: [0xcc000000-0xcc0fffff]
[    0.550662] pci_bus 0000:0a: resource 2 pref mem [0xda600000-0xda6fffff]
[    0.550664] pci_bus 0000:0b: resource 0 io:  [0x5000-0x5fff]
[    0.550666] pci_bus 0000:0b: resource 1 mem: [0xca500000-0xca5fffff]
[    0.550668] pci_bus 0000:0b: resource 2 pref mem [0xd8b00000-0xd8bfffff]
[    0.550670] pci_bus 0000:0c: resource 0 io:  [0x9000-0x9fff]
[    0.550671] pci_bus 0000:0c: resource 1 mem: [0xca900000-0xca9fffff]
[    0.550673] pci_bus 0000:0c: resource 2 pref mem [0xd8f00000-0xd8ffffff]
[    0.550675] pci_bus 0000:0d: resource 0 io:  [0xd000-0xdfff]
[    0.550677] pci_bus 0000:0d: resource 1 mem: [0xcad00000-0xcadfffff]
[    0.550679] pci_bus 0000:0d: resource 2 pref mem [0xd9300000-0xd93fffff]
[    0.550681] pci_bus 0000:0e: resource 1 mem: [0xcb100000-0xcb1fffff]
[    0.550683] pci_bus 0000:0e: resource 2 pref mem [0xd9700000-0xd97fffff]
[    0.550685] pci_bus 0000:0f: resource 1 mem: [0xcb500000-0xcb5fffff]
[    0.550687] pci_bus 0000:0f: resource 2 pref mem [0xd9b00000-0xd9bfffff]
[    0.550689] pci_bus 0000:10: resource 1 mem: [0xcb900000-0xcb9fffff]
[    0.550691] pci_bus 0000:10: resource 2 pref mem [0xd9f00000-0xd9ffffff]
[    0.550693] pci_bus 0000:11: resource 1 mem: [0xcbd00000-0xcbdfffff]
[    0.550695] pci_bus 0000:11: resource 2 pref mem [0xda300000-0xda3fffff]
[    0.550697] pci_bus 0000:12: resource 1 mem: [0xcc100000-0xcc1fffff]
[    0.550698] pci_bus 0000:12: resource 2 pref mem [0xda700000-0xda7fffff]
[    0.550700] pci_bus 0000:13: resource 0 io:  [0x6000-0x6fff]
[    0.550702] pci_bus 0000:13: resource 1 mem: [0xca600000-0xca6fffff]
[    0.550704] pci_bus 0000:13: resource 2 pref mem [0xd8c00000-0xd8cfffff]
[    0.550706] pci_bus 0000:14: resource 0 io:  [0xa000-0xafff]
[    0.550708] pci_bus 0000:14: resource 1 mem: [0xcaa00000-0xcaafffff]
[    0.550710] pci_bus 0000:14: resource 2 pref mem [0xd9000000-0xd90fffff]
[    0.550712] pci_bus 0000:15: resource 0 io:  [0xe000-0xefff]
[    0.550714] pci_bus 0000:15: resource 1 mem: [0xcae00000-0xcaefffff]
[    0.550716] pci_bus 0000:15: resource 2 pref mem [0xd9400000-0xd94fffff]
[    0.550718] pci_bus 0000:16: resource 1 mem: [0xcb200000-0xcb2fffff]
[    0.550719] pci_bus 0000:16: resource 2 pref mem [0xd9800000-0xd98fffff]
[    0.550721] pci_bus 0000:17: resource 1 mem: [0xcb600000-0xcb6fffff]
[    0.550723] pci_bus 0000:17: resource 2 pref mem [0xd9c00000-0xd9cfffff]
[    0.550725] pci_bus 0000:18: resource 1 mem: [0xcba00000-0xcbafffff]
[    0.550727] pci_bus 0000:18: resource 2 pref mem [0xda000000-0xda0fffff]
[    0.550729] pci_bus 0000:19: resource 1 mem: [0xcbe00000-0xcbefffff]
[    0.550731] pci_bus 0000:19: resource 2 pref mem [0xda400000-0xda4fffff]
[    0.550733] pci_bus 0000:1a: resource 1 mem: [0xcc200000-0xcc2fffff]
[    0.550735] pci_bus 0000:1a: resource 2 pref mem [0xda800000-0xda8fffff]
[    0.550737] pci_bus 0000:1b: resource 0 io:  [0x7000-0x7fff]
[    0.550739] pci_bus 0000:1b: resource 1 mem: [0xca700000-0xca7fffff]
[    0.550741] pci_bus 0000:1b: resource 2 pref mem [0xd8d00000-0xd8dfffff]
[    0.550743] pci_bus 0000:1c: resource 0 io:  [0xb000-0xbfff]
[    0.550745] pci_bus 0000:1c: resource 1 mem: [0xcab00000-0xcabfffff]
[    0.550746] pci_bus 0000:1c: resource 2 pref mem [0xd9100000-0xd91fffff]
[    0.550748] pci_bus 0000:1d: resource 0 io:  [0xf000-0xffff]
[    0.550750] pci_bus 0000:1d: resource 1 mem: [0xcaf00000-0xcaffffff]
[    0.550752] pci_bus 0000:1d: resource 2 pref mem [0xd9500000-0xd95fffff]
[    0.550754] pci_bus 0000:1e: resource 1 mem: [0xcb300000-0xcb3fffff]
[    0.550756] pci_bus 0000:1e: resource 2 pref mem [0xd9900000-0xd99fffff]
[    0.550758] pci_bus 0000:1f: resource 1 mem: [0xcb700000-0xcb7fffff]
[    0.550760] pci_bus 0000:1f: resource 2 pref mem [0xd9d00000-0xd9dfffff]
[    0.550762] pci_bus 0000:20: resource 1 mem: [0xcbb00000-0xcbbfffff]
[    0.550764] pci_bus 0000:20: resource 2 pref mem [0xda100000-0xda1fffff]
[    0.550766] pci_bus 0000:21: resource 1 mem: [0xcbf00000-0xcbffffff]
[    0.550768] pci_bus 0000:21: resource 2 pref mem [0xda500000-0xda5fffff]
[    0.550770] pci_bus 0000:22: resource 1 mem: [0xcc300000-0xcc3fffff]
[    0.550771] pci_bus 0000:22: resource 2 pref mem [0xda900000-0xda9fffff]
[    0.550794] NET: Registered protocol family 2
[    0.550811] RANDOM - __random32 called. Change num 7.  Value: 647ba296	db0e5c1d	6de96f10
[    0.550813] RANDOM - random32 called.  Value: 647ba296	db0e5c1d	6de96f10
[    0.550821] random 0000 0000 0000 00000000 00000000: rand_read_num 2 get_random_bytes(4): sig fffffe1a 00000000 00000000
[    0.550823] random 0000 0000 0000 00000000 00000000: extract_entropy(.. 4 ..)
[    0.550826] random 0000 0000 0000 00000000 00000000: going to reseed nonblocking with 64 bits (32 of 0 requested)
[    0.550828] random 0000 0000 0000 00000000 00000000: extract_entropy(.. 8 ..)
[    0.550831] random 0000 0000 0000 00000000 00000000: trying to extract 64 bits from input
[    0.550833] random 0000 0000 0000 00000000 00000000: debiting 0 entropy credits from input
[    0.550835] random 0000 0000 0000 00000000 00000000: extract_entropy account returned: 0 
[    0.550838] random 0000 0000 0000 00000000 00000000: urand_change_num 3 xfer_secondary_pool(4): pool_sig fffffe1a, data_sig 00000000, bytes_mixed 0 00000000 00000000
[    0.550841] random 0000 0000 0000 00000000 00000000: trying to extract 32 bits from nonblocking
[    0.550844] random 0000 0000 0000 00000000 00000000: debiting 32 entropy credits from nonblocking (unlimited)
[    0.550846] random 0000 0000 0000 00000000 00000000: extract_entropy account returned: 4 
[    0.550850] random 0000 0000 0000 00000000 00000000: urand_change_num 4 extract_buf: pool_sig fffffe1a, data_sig fffffed7, bytes_mixed 20 00000000 00000000
[    0.550880] IP route cache hash table entries: 32768 (order: 5, 131072 bytes)
[    0.550970] RANDOM - __random32 called. Change num 8.  Value: ba296205	b0e5c1db	de205442
[    0.550972] RANDOM - random32 called.  Value: ba296205	b0e5c1db	de205442
[    0.551030] RANDOM - __random32 called. Change num 9.  Value: 962052cd	e5c1db9	a885e45e
[    0.551032] RANDOM - random32 called.  Value: 962052cd	e5c1db9	a885e45e
[    0.551035] RANDOM - __random32 called. Change num 10.  Value: 52cd38f	e5c1db9b	c8bd9558
[    0.551037] RANDOM - random32 called.  Value: 52cd38f	e5c1db9b	c8bd9558
[    0.551059] RANDOM - __random32 called. Change num 11.  Value: cd38f3eb	5c1db9b9	2ab1aa27
[    0.551061] RANDOM - random32 called.  Value: cd38f3eb	5c1db9b9	2ab1aa27
[    0.551082] TCP established hash table entries: 131072 (order: 8, 1048576 bytes)
[    0.551401] TCP bind hash table entries: 65536 (order: 7, 524288 bytes)
[    0.551583] TCP: Hash tables configured (established 131072 bind 65536)
[    0.551586] TCP reno registered
[    0.551624] NET: Registered protocol family 1
[    0.551633] pci 0000:00:00.0: Limiting direct PCI/PCI transfers
[    0.551654] pci 0000:00:0f.0: Boot video device
[    0.551848] Trying to unpack rootfs image as initramfs...
[    1.642560] Freeing initrd memory: 83430k freed
[    1.646579] Simple Boot Flag at 0x36 set to 0x1
[    1.646624] cpufreq-nforce2: No nForce2 chipset.
[    1.646637] Scanning for low memory corruption every 60 seconds
[    1.646782] audit: initializing netlink socket (disabled)
[    1.646790] type=2000 audit(1369436724.636:1): initialized
[    1.650708] highmem bounce pool size: 64 pages
[    1.650713] HugeTLB registered 2 MB page size, pre-allocated 0 pages
[    1.650805] VFS: Disk quotas dquot_6.5.2
[    1.650834] Dquot-cache hash table entries: 1024 (order 0, 4096 bytes)
[    1.650913] fuse init (API version 7.13)
[    1.650957] msgmni has been set to 1729
[    1.651219] alg: No test for stdrng (krng)
[    1.651252] Block layer SCSI generic (bsg) driver version 0.4 loaded (major 253)
[    1.651254] io scheduler noop registered
[    1.651256] io scheduler anticipatory registered
[    1.651258] io scheduler deadline registered
[    1.651277] io scheduler cfq registered (default)
[    1.651322]   alloc irq_desc for 24 on node -1
[    1.651324]   alloc kstat_irqs on node -1
[    1.651369] pcieport 0000:00:15.0: irq 24 for MSI/MSI-X
[    1.651414] pcieport 0000:00:15.0: setting latency timer to 64
[    1.651459]   alloc irq_desc for 25 on node -1
[    1.651461]   alloc kstat_irqs on node -1
[    1.651506] pcieport 0000:00:15.1: irq 25 for MSI/MSI-X
[    1.651551] pcieport 0000:00:15.1: setting latency timer to 64
[    1.651596]   alloc irq_desc for 26 on node -1
[    1.651598]   alloc kstat_irqs on node -1
[    1.651643] pcieport 0000:00:15.2: irq 26 for MSI/MSI-X
[    1.651688] pcieport 0000:00:15.2: setting latency timer to 64
[    1.651733]   alloc irq_desc for 27 on node -1
[    1.651735]   alloc kstat_irqs on node -1
[    1.651780] pcieport 0000:00:15.3: irq 27 for MSI/MSI-X
[    1.651825] pcieport 0000:00:15.3: setting latency timer to 64
[    1.651870]   alloc irq_desc for 28 on node -1
[    1.651872]   alloc kstat_irqs on node -1
[    1.651917] pcieport 0000:00:15.4: irq 28 for MSI/MSI-X
[    1.651962] pcieport 0000:00:15.4: setting latency timer to 64
[    1.652007]   alloc irq_desc for 29 on node -1
[    1.652009]   alloc kstat_irqs on node -1
[    1.652054] pcieport 0000:00:15.5: irq 29 for MSI/MSI-X
[    1.652099] pcieport 0000:00:15.5: setting latency timer to 64
[    1.652144]   alloc irq_desc for 30 on node -1
[    1.652146]   alloc kstat_irqs on node -1
[    1.652191] pcieport 0000:00:15.6: irq 30 for MSI/MSI-X
[    1.652236] pcieport 0000:00:15.6: setting latency timer to 64
[    1.652281]   alloc irq_desc for 31 on node -1
[    1.652282]   alloc kstat_irqs on node -1
[    1.652328] pcieport 0000:00:15.7: irq 31 for MSI/MSI-X
[    1.652373] pcieport 0000:00:15.7: setting latency timer to 64
[    1.652418]   alloc irq_desc for 32 on node -1
[    1.652419]   alloc kstat_irqs on node -1
[    1.652464] pcieport 0000:00:16.0: irq 32 for MSI/MSI-X
[    1.652509] pcieport 0000:00:16.0: setting latency timer to 64
[    1.652554]   alloc irq_desc for 33 on node -1
[    1.652556]   alloc kstat_irqs on node -1
[    1.652601] pcieport 0000:00:16.1: irq 33 for MSI/MSI-X
[    1.652646] pcieport 0000:00:16.1: setting latency timer to 64
[    1.652691]   alloc irq_desc for 34 on node -1
[    1.652693]   alloc kstat_irqs on node -1
[    1.652738] pcieport 0000:00:16.2: irq 34 for MSI/MSI-X
[    1.652783] pcieport 0000:00:16.2: setting latency timer to 64
[    1.652828]   alloc irq_desc for 35 on node -1
[    1.652830]   alloc kstat_irqs on node -1
[    1.652875] pcieport 0000:00:16.3: irq 35 for MSI/MSI-X
[    1.652920] pcieport 0000:00:16.3: setting latency timer to 64
[    1.652965]   alloc irq_desc for 36 on node -1
[    1.652967]   alloc kstat_irqs on node -1
[    1.653012] pcieport 0000:00:16.4: irq 36 for MSI/MSI-X
[    1.653057] pcieport 0000:00:16.4: setting latency timer to 64
[    1.653102]   alloc irq_desc for 37 on node -1
[    1.653104]   alloc kstat_irqs on node -1
[    1.653149] pcieport 0000:00:16.5: irq 37 for MSI/MSI-X
[    1.653194] pcieport 0000:00:16.5: setting latency timer to 64
[    1.653239]   alloc irq_desc for 38 on node -1
[    1.653241]   alloc kstat_irqs on node -1
[    1.653286] pcieport 0000:00:16.6: irq 38 for MSI/MSI-X
[    1.653331] pcieport 0000:00:16.6: setting latency timer to 64
[    1.653376]   alloc irq_desc for 39 on node -1
[    1.653378]   alloc kstat_irqs on node -1
[    1.653423] pcieport 0000:00:16.7: irq 39 for MSI/MSI-X
[    1.653468] pcieport 0000:00:16.7: setting latency timer to 64
[    1.654603]   alloc irq_desc for 40 on node -1
[    1.654605]   alloc kstat_irqs on node -1
[    1.654650] pcieport 0000:00:17.0: irq 40 for MSI/MSI-X
[    1.654695] pcieport 0000:00:17.0: setting latency timer to 64
[    1.654740]   alloc irq_desc for 41 on node -1
[    1.654742]   alloc kstat_irqs on node -1
[    1.654787] pcieport 0000:00:17.1: irq 41 for MSI/MSI-X
[    1.654832] pcieport 0000:00:17.1: setting latency timer to 64
[    1.654877]   alloc irq_desc for 42 on node -1
[    1.654879]   alloc kstat_irqs on node -1
[    1.654924] pcieport 0000:00:17.2: irq 42 for MSI/MSI-X
[    1.654969] pcieport 0000:00:17.2: setting latency timer to 64
[    1.655014]   alloc irq_desc for 43 on node -1
[    1.655016]   alloc kstat_irqs on node -1
[    1.655061] pcieport 0000:00:17.3: irq 43 for MSI/MSI-X
[    1.655106] pcieport 0000:00:17.3: setting latency timer to 64
[    1.655151]   alloc irq_desc for 44 on node -1
[    1.655153]   alloc kstat_irqs on node -1
[    1.655198] pcieport 0000:00:17.4: irq 44 for MSI/MSI-X
[    1.655243] pcieport 0000:00:17.4: setting latency timer to 64
[    1.655288]   alloc irq_desc for 45 on node -1
[    1.655289]   alloc kstat_irqs on node -1
[    1.655334] pcieport 0000:00:17.5: irq 45 for MSI/MSI-X
[    1.655380] pcieport 0000:00:17.5: setting latency timer to 64
[    1.655425]   alloc irq_desc for 46 on node -1
[    1.655426]   alloc kstat_irqs on node -1
[    1.655471] pcieport 0000:00:17.6: irq 46 for MSI/MSI-X
[    1.655516] pcieport 0000:00:17.6: setting latency timer to 64
[    1.655562]   alloc irq_desc for 47 on node -1
[    1.655563]   alloc kstat_irqs on node -1
[    1.655608] pcieport 0000:00:17.7: irq 47 for MSI/MSI-X
[    1.655653] pcieport 0000:00:17.7: setting latency timer to 64
[    1.655698]   alloc irq_desc for 48 on node -1
[    1.655700]   alloc kstat_irqs on node -1
[    1.655745] pcieport 0000:00:18.0: irq 48 for MSI/MSI-X
[    1.655790] pcieport 0000:00:18.0: setting latency timer to 64
[    1.655835]   alloc irq_desc for 49 on node -1
[    1.655837]   alloc kstat_irqs on node -1
[    1.655882] pcieport 0000:00:18.1: irq 49 for MSI/MSI-X
[    1.655927] pcieport 0000:00:18.1: setting latency timer to 64
[    1.655972]   alloc irq_desc for 50 on node -1
[    1.655974]   alloc kstat_irqs on node -1
[    1.656019] pcieport 0000:00:18.2: irq 50 for MSI/MSI-X
[    1.656064] pcieport 0000:00:18.2: setting latency timer to 64
[    1.656109]   alloc irq_desc for 51 on node -1
[    1.656111]   alloc kstat_irqs on node -1
[    1.656156] pcieport 0000:00:18.3: irq 51 for MSI/MSI-X
[    1.656201] pcieport 0000:00:18.3: setting latency timer to 64
[    1.656246]   alloc irq_desc for 52 on node -1
[    1.656248]   alloc kstat_irqs on node -1
[    1.656293] pcieport 0000:00:18.4: irq 52 for MSI/MSI-X
[    1.656338] pcieport 0000:00:18.4: setting latency timer to 64
[    1.656383]   alloc irq_desc for 53 on node -1
[    1.656385]   alloc kstat_irqs on node -1
[    1.656430] pcieport 0000:00:18.5: irq 53 for MSI/MSI-X
[    1.656475] pcieport 0000:00:18.5: setting latency timer to 64
[    1.656520]   alloc irq_desc for 54 on node -1
[    1.656522]   alloc kstat_irqs on node -1
[    1.656567] pcieport 0000:00:18.6: irq 54 for MSI/MSI-X
[    1.656612] pcieport 0000:00:18.6: setting latency timer to 64
[    1.656657]   alloc irq_desc for 55 on node -1
[    1.656658]   alloc kstat_irqs on node -1
[    1.656703] pcieport 0000:00:18.7: irq 55 for MSI/MSI-X
[    1.656748] pcieport 0000:00:18.7: setting latency timer to 64
[    1.656794] pci_hotplug: PCI Hot Plug PCI Core version: 0.5
[    1.658612] pciehp 0000:00:15.0:pcie04: HPC vendor_id 15ad device_id 7a0 ss_vid 0 ss_did 0
[    1.658657] pciehp 0000:00:15.0:pcie04: service driver pciehp loaded
[    1.658702] pciehp 0000:00:15.1:pcie04: HPC vendor_id 15ad device_id 7a0 ss_vid 0 ss_did 0
[    1.658747] pciehp 0000:00:15.1:pcie04: service driver pciehp loaded
[    1.658792] pciehp 0000:00:15.2:pcie04: HPC vendor_id 15ad device_id 7a0 ss_vid 0 ss_did 0
[    1.658837] pciehp 0000:00:15.2:pcie04: service driver pciehp loaded
[    1.658882] pciehp 0000:00:15.3:pcie04: HPC vendor_id 15ad device_id 7a0 ss_vid 0 ss_did 0
[    1.658927] pciehp 0000:00:15.3:pcie04: service driver pciehp loaded
[    1.658972] pciehp 0000:00:15.4:pcie04: HPC vendor_id 15ad device_id 7a0 ss_vid 0 ss_did 0
[    1.659017] pciehp 0000:00:15.4:pcie04: service driver pciehp loaded
[    1.659062] pciehp 0000:00:15.5:pcie04: HPC vendor_id 15ad device_id 7a0 ss_vid 0 ss_did 0
[    1.659107] pciehp 0000:00:15.5:pcie04: service driver pciehp loaded
[    1.659152] pciehp 0000:00:15.6:pcie04: HPC vendor_id 15ad device_id 7a0 ss_vid 0 ss_did 0
[    1.659197] pciehp 0000:00:15.6:pcie04: service driver pciehp loaded
[    1.659242] pciehp 0000:00:15.7:pcie04: HPC vendor_id 15ad device_id 7a0 ss_vid 0 ss_did 0
[    1.659287] pciehp 0000:00:15.7:pcie04: service driver pciehp loaded
[    1.659332] pciehp 0000:00:16.0:pcie04: HPC vendor_id 15ad device_id 7a0 ss_vid 0 ss_did 0
[    1.659377] pciehp 0000:00:16.0:pcie04: service driver pciehp loaded
[    1.659422] pciehp 0000:00:16.1:pcie04: HPC vendor_id 15ad device_id 7a0 ss_vid 0 ss_did 0
[    1.659467] pciehp 0000:00:16.1:pcie04: service driver pciehp loaded
[    1.659512] pciehp 0000:00:16.2:pcie04: HPC vendor_id 15ad device_id 7a0 ss_vid 0 ss_did 0
[    1.659557] pciehp 0000:00:16.2:pcie04: service driver pciehp loaded
[    1.659602] pciehp 0000:00:16.3:pcie04: HPC vendor_id 15ad device_id 7a0 ss_vid 0 ss_did 0
[    1.659647] pciehp 0000:00:16.3:pcie04: service driver pciehp loaded
[    1.659692] pciehp 0000:00:16.4:pcie04: HPC vendor_id 15ad device_id 7a0 ss_vid 0 ss_did 0
[    1.659737] pciehp 0000:00:16.4:pcie04: service driver pciehp loaded
[    1.659782] pciehp 0000:00:16.5:pcie04: HPC vendor_id 15ad device_id 7a0 ss_vid 0 ss_did 0
[    1.659827] pciehp 0000:00:16.5:pcie04: service driver pciehp loaded
[    1.659872] pciehp 0000:00:16.6:pcie04: HPC vendor_id 15ad device_id 7a0 ss_vid 0 ss_did 0
[    1.659917] pciehp 0000:00:16.6:pcie04: service driver pciehp loaded
[    1.659962] pciehp 0000:00:16.7:pcie04: HPC vendor_id 15ad device_id 7a0 ss_vid 0 ss_did 0
[    1.660007] pciehp 0000:00:16.7:pcie04: service driver pciehp loaded
[    1.660053] pciehp 0000:00:17.0:pcie04: HPC vendor_id 15ad device_id 7a0 ss_vid 0 ss_did 0
[    1.660098] pciehp 0000:00:17.0:pcie04: service driver pciehp loaded
[    1.660143] pciehp 0000:00:17.1:pcie04: HPC vendor_id 15ad device_id 7a0 ss_vid 0 ss_did 0
[    1.660188] pciehp 0000:00:17.1:pcie04: service driver pciehp loaded
[    1.660233] pciehp 0000:00:17.2:pcie04: HPC vendor_id 15ad device_id 7a0 ss_vid 0 ss_did 0
[    1.660278] pciehp 0000:00:17.2:pcie04: service driver pciehp loaded
[    1.660323] pciehp 0000:00:17.3:pcie04: HPC vendor_id 15ad device_id 7a0 ss_vid 0 ss_did 0
[    1.660368] pciehp 0000:00:17.3:pcie04: service driver pciehp loaded
[    1.660413] pciehp 0000:00:17.4:pcie04: HPC vendor_id 15ad device_id 7a0 ss_vid 0 ss_did 0
[    1.660458] pciehp 0000:00:17.4:pcie04: service driver pciehp loaded
[    1.660503] pciehp 0000:00:17.5:pcie04: HPC vendor_id 15ad device_id 7a0 ss_vid 0 ss_did 0
[    1.660548] pciehp 0000:00:17.5:pcie04: service driver pciehp loaded
[    1.660593] pciehp 0000:00:17.6:pcie04: HPC vendor_id 15ad device_id 7a0 ss_vid 0 ss_did 0
[    1.660638] pciehp 0000:00:17.6:pcie04: service driver pciehp loaded
[    1.660683] pciehp 0000:00:17.7:pcie04: HPC vendor_id 15ad device_id 7a0 ss_vid 0 ss_did 0
[    1.660728] pciehp 0000:00:17.7:pcie04: service driver pciehp loaded
[    1.660773] pciehp 0000:00:18.0:pcie04: HPC vendor_id 15ad device_id 7a0 ss_vid 0 ss_did 0
[    1.660818] pciehp 0000:00:18.0:pcie04: service driver pciehp loaded
[    1.660863] pciehp 0000:00:18.1:pcie04: HPC vendor_id 15ad device_id 7a0 ss_vid 0 ss_did 0
[    1.660908] pciehp 0000:00:18.1:pcie04: service driver pciehp loaded
[    1.660953] pciehp 0000:00:18.2:pcie04: HPC vendor_id 15ad device_id 7a0 ss_vid 0 ss_did 0
[    1.660998] pciehp 0000:00:18.2:pcie04: service driver pciehp loaded
[    1.661043] pciehp 0000:00:18.3:pcie04: HPC vendor_id 15ad device_id 7a0 ss_vid 0 ss_did 0
[    1.661088] pciehp 0000:00:18.3:pcie04: service driver pciehp loaded
[    1.661133] pciehp 0000:00:18.4:pcie04: HPC vendor_id 15ad device_id 7a0 ss_vid 0 ss_did 0
[    1.661178] pciehp 0000:00:18.4:pcie04: service driver pciehp loaded
[    1.661223] pciehp 0000:00:18.5:pcie04: HPC vendor_id 15ad device_id 7a0 ss_vid 0 ss_did 0
[    1.661268] pciehp 0000:00:18.5:pcie04: service driver pciehp loaded
[    1.661313] pciehp 0000:00:18.6:pcie04: HPC vendor_id 15ad device_id 7a0 ss_vid 0 ss_did 0
[    1.661358] pciehp 0000:00:18.6:pcie04: service driver pciehp loaded
[    1.661403] pciehp 0000:00:18.7:pcie04: HPC vendor_id 15ad device_id 7a0 ss_vid 0 ss_did 0
[    1.661448] pciehp 0000:00:18.7:pcie04: service driver pciehp loaded
[    1.661460] pciehp: PCI Express Hot Plug Controller Driver version: 0.4
[    1.661511] ACPI: AC Adapter [ACAD] (on-line)
[    1.661571] input: Power Button as /devices/LNXSYSTM:00/LNXPWRBN:00/input/input0
[    1.661574] ACPI: Power Button [PWRF]
[    1.661619] processor LNXCPU:00: registered as cooling_device0
[    1.702516] isapnp: Scanning for PnP cards...
[    2.056667] isapnp: No Plug & Play device found
[    2.056696] random 0000 0000 0000 5f8db4e5 4cfdf2a8: initializing
[    2.056823] Linux agpgart interface v0.103
[    2.056862] agpgart-intel 0000:00:00.0: Intel 440BX Chipset
[    2.056914] agpgart-intel 0000:00:00.0: AGP aperture is 256M @ 0x0
[    2.056964] Serial: 8250/16550 driver, 32 ports, IRQ sharing enabled
[    2.057016] serial8250: ttyS0 at I/O 0x3f8 (irq = 4) is a 16550A
[    2.057069] serial8250: ttyS1 at I/O 0x2f8 (irq = 3) is a 16550A
[    2.057121] 00:0a: ttyS0 at I/O 0x3f8 (irq = 4) is a 16550A
[    2.057174] 00:0b: ttyS1 at I/O 0x2f8 (irq = 3) is a 16550A
[    2.057227] brd: module loaded
[    2.057279] loop: module loaded
[    2.057332] ata_piix 0000:00:07.1: version 2.13
[    2.057423] scsi0 : ata_piix
[    2.057470] scsi1 : ata_piix
[    2.057489] ata1: PATA max UDMA/33 cmd 0x1f0 ctl 0x3f6 bmdma 0x10c0 irq 14
[    2.057491] ata2: PATA max UDMA/33 cmd 0x170 ctl 0x376 bmdma 0x10c8 irq 15
[    2.057538] PPP generic driver version 2.4.2
[    2.057557] tun: Universal TUN/TAP device driver, 1.6
[    2.057559] tun: (C) 1999-2004 Max Krasnyansky <maxk@qualcomm.com>
[    2.057611] ehci_hcd: USB 2.0 'Enhanced' Host Controller (EHCI) Driver
[    2.057664] ACPI: PCI Interrupt Link [LNKB] enabled at IRQ 11
[    2.057666] PCI: setting IRQ 11 as level-triggered
[    2.057674] ehci_hcd 0000:02:03.0: PCI INT A -> Link[LNKB] -> GSI 11 (level, low) -> IRQ 11
[    2.057710] ehci_hcd 0000:02:03.0: EHCI Host Controller
[    2.057732] ehci_hcd 0000:02:03.0: new USB bus registered, assigned bus number 1
[    2.057784] ehci_hcd 0000:02:03.0: cache line size of 32 is not supported
[    2.057790] ehci_hcd 0000:02:03.0: irq 11, io mem 0xc9000000
[    2.058155] random 0000 0000 0000 00000000 00000000: rand_read_num 3 get_random_bytes(8): sig 00000000 00000000 00000000
[    2.058157] random 0000 0000 0000 00000000 00000000: extract_entropy(.. 8 ..)
[    2.058160] random 0000 0000 0000 00000000 00000000: going to reseed nonblocking with 64 bits (64 of 0 requested)
[    2.058162] random 0000 0000 0000 00000000 00000000: extract_entropy(.. 8 ..)
[    2.058164] random 0000 0000 0000 00000000 00000000: trying to extract 64 bits from input
[    2.058166] random 0000 0000 0000 00000000 00000000: debiting 0 entropy credits from input
[    2.058168] random 0000 0000 0000 00000000 00000000: extract_entropy account returned: 0 
[    2.058171] random 0000 0000 0000 00000000 00000000: urand_change_num 5 xfer_secondary_pool(8): pool_sig 00000000, data_sig 00000000, bytes_mixed 0 00000000 00000000
[    2.058174] random 0000 0000 0000 00000000 00000000: trying to extract 64 bits from nonblocking
[    2.058176] random 0000 0000 0000 00000000 00000000: debiting 64 entropy credits from nonblocking (unlimited)
[    2.058178] random 0000 0000 0000 00000000 00000000: extract_entropy account returned: 8 
[    2.058182] random 0000 0000 0000 00000000 00000000: urand_change_num 6 extract_buf: pool_sig 00000000, data_sig fffffff9, bytes_mixed 20 00000000 00000000
[    2.065947] ehci_hcd 0000:02:03.0: USB 2.0 started, EHCI 1.00
[    2.066000] usb usb1: configuration #1 chosen from 1 choice
[    2.066018] hub 1-0:1.0: USB hub found
[    2.066022] hub 1-0:1.0: 6 ports detected
[    2.066055] ohci_hcd: USB 1.1 'Open' Host Controller (OHCI) Driver
[    2.066064] uhci_hcd: USB Universal Host Controller Interface driver
[    2.066116] ACPI: PCI Interrupt Link [LNKC] enabled at IRQ 10
[    2.066119] PCI: setting IRQ 10 as level-triggered
[    2.066122] uhci_hcd 0000:02:00.0: PCI INT A -> Link[LNKC] -> GSI 10 (level, low) -> IRQ 10
[    2.066157] uhci_hcd 0000:02:00.0: UHCI Host Controller
[    2.066183] uhci_hcd 0000:02:00.0: new USB bus registered, assigned bus number 2
[    2.066288] uhci_hcd 0000:02:00.0: irq 10, io base 0x000020c0
[    2.066340] usb usb2: configuration #1 chosen from 1 choice
[    2.066355] hub 2-0:1.0: USB hub found
[    2.066359] hub 2-0:1.0: 2 ports detected
[    2.066412] usbcore: registered new interface driver libusual
[    2.066464] PNP: PS/2 Controller [PNP0303:KBC,PNP0f13:MOUS] at 0x60,0x64 irq 1,12
[    2.066798] serio: i8042 KBD port at 0x60,0x64 irq 1
[    2.066805] serio: i8042 AUX port at 0x60,0x64 irq 12
[    2.066837] mice: PS/2 mouse device common for all mice
[    2.066889] rtc_cmos 00:04: rtc core: registered rtc_cmos as rtc0
[    2.066905] rtc0: alarms up to one month, y3k, 114 bytes nvram, hpet irqs
[    2.066957] device-mapper: uevent: version 1.0.3
[    2.067067] device-mapper: ioctl: 4.15.0-ioctl (2009-04-01) initialised: dm-devel@redhat.com
[    2.067084] EISA: Probing bus 0 at eisa.0
[    2.067090] Cannot allocate resource for EISA slot 1
[    2.067092] Cannot allocate resource for EISA slot 2
[    2.067094] Cannot allocate resource for EISA slot 3
[    2.067096] Cannot allocate resource for EISA slot 4
[    2.067097] Cannot allocate resource for EISA slot 5
[    2.067099] Cannot allocate resource for EISA slot 6
[    2.067101] Cannot allocate resource for EISA slot 7
[    2.067103] Cannot allocate resource for EISA slot 8
[    2.067104] EISA: Detected 0 cards.
[    2.067209] cpuidle: using governor ladder
[    2.067211] cpuidle: using governor menu
[    2.067263] random 0000 0000 0000 00000000 00000000: rand_read_num 4 get_random_bytes(136): sig 0000021d 00000000 00000000
[    2.067266] random 0000 0000 0000 00000000 00000000: extract_entropy(.. 136 ..)
[    2.067268] random 0000 0000 0000 00000000 00000000: going to reseed nonblocking with 1024 bits (1088 of 0 requested)
[    2.067270] random 0000 0000 0000 00000000 00000000: extract_entropy(.. 128 ..)
[    2.067272] random 0000 0000 0000 00000000 00000000: trying to extract 1024 bits from input
[    2.067274] random 0000 0000 0000 00000000 00000000: debiting 0 entropy credits from input
[    2.067276] random 0000 0000 0000 00000000 00000000: extract_entropy account returned: 0 
[    2.067279] random 0000 0000 0000 00000000 00000000: urand_change_num 7 xfer_secondary_pool(136): pool_sig 0000021d, data_sig 00000000, bytes_mixed 0 00000000 00000000
[    2.067282] random 0000 0000 0000 00000000 00000000: trying to extract 1088 bits from nonblocking
[    2.067284] random 0000 0000 0000 00000000 00000000: debiting 1088 entropy credits from nonblocking (unlimited)
[    2.067286] random 0000 0000 0000 00000000 00000000: extract_entropy account returned: 136 
[    2.067289] random 0000 0000 0000 00000000 00000000: urand_change_num 8 extract_buf: pool_sig 0000021d, data_sig fffffff7, bytes_mixed 20 00000000 00000000
[    2.067294] random 0000 0000 0000 f961ee50 ba9cb1aa: urand_change_num 9 extract_buf: pool_sig 00000230, data_sig fffffeb4, bytes_mixed 20 f961ee50 ba9cb1aa
[    2.067298] random 0000 0000 0000 9748bdd6 56fb8af6: urand_change_num 10 extract_buf: pool_sig 00000373, data_sig 000000cf, bytes_mixed 20 9748bdd6 56fb8af6
[    2.067302] random 0000 0000 0000 9748bdd6 56fb8af6: urand_change_num 11 extract_buf: pool_sig fffffe49, data_sig 0000023f, bytes_mixed 20 9748bdd6 56fb8af6
[    2.067306] random 0000 0000 0000 a135be86 4777650e: urand_change_num 12 extract_buf: pool_sig fffffcce, data_sig 000000c6, bytes_mixed 20 a135be86 4777650e
[    2.067310] random 0000 0000 0000 4a6ea85d 170e00dd: urand_change_num 13 extract_buf: pool_sig ffffff97, data_sig ffffff7d, bytes_mixed 20 4a6ea85d 170e00dd
[    2.067315] random 0000 0000 0000 4a6ea85d 170e00dd: urand_change_num 14 extract_buf: pool_sig 00000160, data_sig fffffeea, bytes_mixed 20 4a6ea85d 170e00dd
[    2.067319] random 0000 0000 0000 6e87c3cb da668c73: urand_change_num 15 extract_buf: pool_sig 0000034f, data_sig ffffff54, bytes_mixed 20 6e87c3cb da668c73
[    2.067323] random 0000 0000 0000 6e87c3cb da668c73: urand_change_num 16 extract_buf: pool_sig fffffdc5, data_sig 00000205, bytes_mixed 20 6e87c3cb da668c73
[    2.067327] random 0000 0000 0000 39f531e6 461eb249: urand_change_num 17 extract_buf: pool_sig fffffc1d, data_sig ffffff5e, bytes_mixed 20 39f531e6 461eb249
[    2.067331] random 0000 0000 0000 7e1538a2 3e661182: urand_change_num 18 extract_buf: pool_sig 000006ef, data_sig ffffff2e, bytes_mixed 20 7e1538a2 3e661182
[    2.067335] random 0000 0000 0000 7e1538a2 3e661182: urand_change_num 19 extract_buf: pool_sig 00000317, data_sig fffffccb, bytes_mixed 20 7e1538a2 3e661182
[    2.067339] random 0000 0000 0000 76af506b 9b57305e: urand_change_num 20 extract_buf: pool_sig 00000227, data_sig ffffffd2, bytes_mixed 20 76af506b 9b57305e
[    2.067344] random 0000 0000 0000 37d49d89 e20417cc: urand_change_num 21 extract_buf: pool_sig 0000080b, data_sig 000001e9, bytes_mixed 20 37d49d89 e20417cc
[    2.067348] TCP cubic registered
[    2.067400] NET: Registered protocol family 10
[    2.067432] RANDOM - __random32 called. Change num 12.  Value: 8f3eba68	c1db9b96	544fe79f
[    2.067434] RANDOM - random32 called.  Value: 8f3eba68	c1db9b96	544fe79f
[    2.067443] random 0000 0000 0000 37d49d89 e20417cc: rand_read_num 5 get_random_bytes(4): sig 00000298 37d49d89 e20417cc
[    2.067445] random 0000 0000 0000 37d49d89 e20417cc: extract_entropy(.. 4 ..)
[    2.067447] random 0000 0000 0000 37d49d89 e20417cc: going to reseed nonblocking with 64 bits (32 of 0 requested)
[    2.067449] random 0000 0000 0000 37d49d89 e20417cc: extract_entropy(.. 8 ..)
[    2.067451] random 0000 0000 0000 37d49d89 e20417cc: trying to extract 64 bits from input
[    2.067453] random 0000 0000 0000 37d49d89 e20417cc: debiting 0 entropy credits from input
[    2.067455] random 0000 0000 0000 37d49d89 e20417cc: extract_entropy account returned: 0 
[    2.067458] random 0000 0000 0000 37d49d89 e20417cc: urand_change_num 22 xfer_secondary_pool(4): pool_sig 00000298, data_sig 00000000, bytes_mixed 0 37d49d89 e20417cc
[    2.067460] random 0000 0000 0000 37d49d89 e20417cc: trying to extract 32 bits from nonblocking
[    2.067463] random 0000 0000 0000 37d49d89 e20417cc: debiting 32 entropy credits from nonblocking (unlimited)
[    2.067465] random 0000 0000 0000 37d49d89 e20417cc: extract_entropy account returned: 4 
[    2.067468] random 0000 0000 0000 37d49d89 e20417cc: urand_change_num 23 extract_buf: pool_sig 00000298, data_sig 00000092, bytes_mixed 20 37d49d89 e20417cc
[    2.067520] RANDOM - __random32 called. Change num 13.  Value: eba68b0e	1db9b963	cf3ec61b
[    2.067522] RANDOM - random32 called.  Value: eba68b0e	1db9b963	cf3ec61b
[    2.067575] NET: Registered protocol family 17
[    2.067595] Using IPI No-Shortcut mode
[    2.067600] random 0000 0000 0000 2ee4c4fc 167bdb15: rand_read_num 6 get_random_bytes(8): sig fffffcbf 2ee4c4fc 167bdb15
[    2.067602] random 0000 0000 0000 2ee4c4fc 167bdb15: extract_entropy(.. 8 ..)
[    2.067604] random 0000 0000 0000 2ee4c4fc 167bdb15: going to reseed nonblocking with 64 bits (64 of 0 requested)
[    2.067606] random 0000 0000 0000 2ee4c4fc 167bdb15: extract_entropy(.. 8 ..)
[    2.067608] random 0000 0000 0000 2ee4c4fc 167bdb15: trying to extract 64 bits from input
[    2.067610] random 0000 0000 0000 2ee4c4fc 167bdb15: debiting 0 entropy credits from input
[    2.067612] random 0000 0000 0000 2ee4c4fc 167bdb15: extract_entropy account returned: 0 
[    2.067615] random 0000 0000 0000 2ee4c4fc 167bdb15: urand_change_num 24 xfer_secondary_pool(8): pool_sig fffffcbf, data_sig 00000000, bytes_mixed 0 2ee4c4fc 167bdb15
[    2.067617] random 0000 0000 0000 2ee4c4fc 167bdb15: trying to extract 64 bits from nonblocking
[    2.067620] random 0000 0000 0000 2ee4c4fc 167bdb15: debiting 64 entropy credits from nonblocking (unlimited)
[    2.067622] random 0000 0000 0000 2ee4c4fc 167bdb15: extract_entropy account returned: 8 
[    2.067625] random 0000 0000 0000 2ee4c4fc 167bdb15: urand_change_num 25 extract_buf: pool_sig fffffcbf, data_sig ffffff83, bytes_mixed 20 2ee4c4fc 167bdb15
[    2.067663] PM: Resume from disk failed.
[    2.067670] registered taskstats version 1
[    2.067673] random 0000 0000 0000 2ee4c4fc 167bdb15: rand_read_num 7 get_random_bytes(12): sig fffffc69 2ee4c4fc 167bdb15
[    2.067675] random 0000 0000 0000 2ee4c4fc 167bdb15: extract_entropy(.. 12 ..)
[    2.067677] random 0000 0000 0000 2ee4c4fc 167bdb15: going to reseed nonblocking with 96 bits (96 of 0 requested)
[    2.067679] random 0000 0000 0000 2ee4c4fc 167bdb15: extract_entropy(.. 12 ..)
[    2.067681] random 0000 0000 0000 2ee4c4fc 167bdb15: trying to extract 96 bits from input
[    2.067683] random 0000 0000 0000 2ee4c4fc 167bdb15: debiting 0 entropy credits from input
[    2.067685] random 0000 0000 0000 2ee4c4fc 167bdb15: extract_entropy account returned: 0 
[    2.067688] random 0000 0000 0000 2ee4c4fc 167bdb15: urand_change_num 26 xfer_secondary_pool(12): pool_sig fffffc69, data_sig 00000000, bytes_mixed 0 2ee4c4fc 167bdb15
[    2.067690] random 0000 0000 0000 2ee4c4fc 167bdb15: trying to extract 96 bits from nonblocking
[    2.067693] random 0000 0000 0000 2ee4c4fc 167bdb15: debiting 96 entropy credits from nonblocking (unlimited)
[    2.067695] random 0000 0000 0000 2ee4c4fc 167bdb15: extract_entropy account returned: 12 
[    2.067698] random 0000 0000 0000 2ee4c4fc 167bdb15: urand_change_num 27 extract_buf: pool_sig fffffc69, data_sig ffffff7d, bytes_mixed 20 2ee4c4fc 167bdb15
[    2.067702] random 0000 0000 0000 83b7c1ab 94697f48: urand_change_num 28 extract_buf: pool_sig fffffe30, data_sig fffffdd6, bytes_mixed 20 83b7c1ab 94697f48
[    2.067705] RANDOM - __seed init called.
[    2.067706] RANDOM - __seed init called.
[    2.067708] RANDOM - __seed init called.
[    2.067709] RANDOM - __random32 called. Change num 14.  Value: fc007995	feca4f80	21b38ad2
[    2.067711] RANDOM - random32_reseed called.  Value: fc007995	feca4f80	21b38ad2
[    2.067713] Pid: 1, comm: swapper Not tainted 2.6.32.57 #4
[    2.067715] Call Trace:
[    2.067720]  [<c14a8a0e>] ? printk+0x1d/0x1f
[    2.067725]  [<c17537e5>] random32_reseed+0x89/0xbd
[    2.067728]  [<c1003042>] do_one_initcall+0x32/0x1a0
[    2.067731]  [<c175375c>] ? random32_reseed+0x0/0xbd
[    2.067734]  [<c17308e7>] kernel_init+0x12d/0x17a
[    2.067736]  [<c17307ba>] ? kernel_init+0x0/0x17a
[    2.067739]  [<c1009b07>] kernel_thread_helper+0x7/0x10
[    2.070461] input: AT Translated Set 2 keyboard as /devices/platform/i8042/serio0/input/input1
[    2.070739] random 0000 0000 0000 6db70b00 b30ce96b: rand_read_num 8 get_random_bytes(64): sig fffffb38 6db70b00 b30ce96b
[    2.070742] random 0000 0000 0000 6db70b00 b30ce96b: extract_entropy(.. 64 ..)
[    2.070745] random 0000 0000 0000 6db70b00 b30ce96b: going to reseed nonblocking with 512 bits (512 of 0 requested)
[    2.070747] random 0000 0000 0000 6db70b00 b30ce96b: extract_entropy(.. 64 ..)
[    2.070749] random 0000 0000 0000 6db70b00 b30ce96b: trying to extract 512 bits from input
[    2.070751] random 0000 0000 0000 6db70b00 b30ce96b: debiting 0 entropy credits from input
[    2.070753] random 0000 0000 0000 6db70b00 b30ce96b: extract_entropy account returned: 0 
[    2.070756] random 0000 0000 0000 6db70b00 b30ce96b: urand_change_num 29 xfer_secondary_pool(64): pool_sig fffffb38, data_sig 00000000, bytes_mixed 0 6db70b00 b30ce96b
[    2.070758] random 0000 0000 0000 6db70b00 b30ce96b: trying to extract 512 bits from nonblocking
[    2.070761] random 0000 0000 0000 6db70b00 b30ce96b: debiting 512 entropy credits from nonblocking (unlimited)
[    2.070763] random 0000 0000 0000 6db70b00 b30ce96b: extract_entropy account returned: 64 
[    2.070766] random 0000 0000 0000 6db70b00 b30ce96b: urand_change_num 30 extract_buf: pool_sig fffffb38, data_sig 00000151, bytes_mixed 20 6db70b00 b30ce96b
[    2.070771] random 0000 0000 0000 6db70b00 b30ce96b: urand_change_num 31 extract_buf: pool_sig fffffdb8, data_sig 00000379, bytes_mixed 20 6db70b00 b30ce96b
[    2.070775] random 0000 0000 0000 6b83001e d4b6c0d3: urand_change_num 32 extract_buf: pool_sig ffffffc9, data_sig 00000198, bytes_mixed 20 6b83001e d4b6c0d3
[    2.070779] random 0000 0000 0000 79d3e3c7 be564518: urand_change_num 33 extract_buf: pool_sig 000002b9, data_sig ffffff84, bytes_mixed 20 79d3e3c7 be564518
[    2.070783] random 0000 0000 0000 79d3e3c7 be564518: urand_change_num 34 extract_buf: pool_sig ffffff55, data_sig ffffff5a, bytes_mixed 20 79d3e3c7 be564518
[    2.070787] random 0000 0000 0000 89c03cb2 0d353228: urand_change_num 35 extract_buf: pool_sig 00000007, data_sig ffffff17, bytes_mixed 20 89c03cb2 0d353228
[    2.070791] random 0000 0000 0000 89c03cb2 0d353228: urand_change_num 36 extract_buf: pool_sig fffffdae, data_sig 000000db, bytes_mixed 20 89c03cb2 0d353228  Magic number: 13:750:100
[    2.070884] rtc_cmos 00:04: setting system clock to 2013-05-24 23:05:26 UTC (1369436726)
[    2.070887] BIOS EDD facility v0.16 2004-Jun-25, 0 devices found
[    2.070888] EDD information not available.
[    2.070911] random 0000 0000 0000 8ca62387 b120332c: rand_read_num 9 get_random_bytes(64): sig fffffed6 8ca62387 b120332c
[    2.070913] random 0000 0000 0000 8ca62387 b120332c: extract_entropy(.. 64 ..)
[    2.070915] random 0000 0000 0000 8ca62387 b120332c: going to reseed nonblocking with 512 bits (512 of 0 requested)
[    2.070917] random 0000 0000 0000 8ca62387 b120332c: extract_entropy(.. 64 ..)
[    2.070919] random 0000 0000 0000 8ca62387 b120332c: trying to extract 512 bits from input
[    2.070921] random 0000 0000 0000 8ca62387 b120332c: debiting 0 entropy credits from input
[    2.070923] random 0000 0000 0000 8ca62387 b120332c: extract_entropy account returned: 0 
[    2.070926] random 0000 0000 0000 8ca62387 b120332c: urand_change_num 37 xfer_secondary_pool(64): pool_sig fffffed6, data_sig 00000000, bytes_mixed 0 8ca62387 b120332c
[    2.070929] random 0000 0000 0000 8ca62387 b120332c: trying to extract 512 bits from nonblocking
[    2.070931] random 0000 0000 0000 8ca62387 b120332c: debiting 512 entropy credits from nonblocking (unlimited)
[    2.070933] random 0000 0000 0000 8ca62387 b120332c: extract_entropy account returned: 64 
[    2.070936] random 0000 0000 0000 8ca62387 b120332c: urand_change_num 38 extract_buf: pool_sig fffffed6, data_sig fffffeb6, bytes_mixed 20 8ca62387 b120332c
[    2.070940] random 0000 0000 0000 90702413 e2a66c2e: urand_change_num 39 extract_buf: pool_sig fffffbb0, data_sig 0000012e, bytes_mixed 20 90702413 e2a66c2e
[    2.070945] random 0000 0000 0000 90702413 e2a66c2e: urand_change_num 40 extract_buf: pool_sig fffffaf1, data_sig ffffff3c, bytes_mixed 20 90702413 e2a66c2e
[    2.070949] random 0000 0000 0000 3f58038b c77aecb6: urand_change_num 41 extract_buf: pool_sig 00000234, data_sig fffffdec, bytes_mixed 20 3f58038b c77aecb6
[    2.070953] random 0000 0000 0000 47187b9d 03f21510: urand_change_num 42 extract_buf: pool_sig 00000192, data_sig 00000075, bytes_mixed 20 47187b9d 03f21510
[    2.070957] random 0000 0000 0000 47187b9d 03f21510: urand_change_num 43 extract_buf: pool_sig 0000018e, data_sig ffffffbf, bytes_mixed 20 47187b9d 03f21510
[    2.070961] random 0000 0000 0000 3180b1fc 0fa9c973: urand_change_num 44 extract_buf: pool_sig fffffecf, data_sig ffffff2a, bytes_mixed 20 3180b1fc 0fa9c973
[    2.070964] BEGIN NET_SECRET:
[    2.070965] \xffffff87
[    2.070966] \xffffff8d
[    2.070967] \xfffffff4
[    2.070968] \xffffffae
[    2.070969] \xffffffc3
[    2.070970] \xffffffb7
[    2.070971] \x31
[    2.070972] \x65
[    2.070973] \xffffffda
[    2.070975] \xffffffa2
[    2.070976] \x31
[    2.070977] \xffffffc8
[    2.070978] \xffffffa9
[    2.070979] \x76
[    2.070980] \x76
[    2.070981] \xffffff90
[    2.070982] \x55
[    2.070983] \xfffffff3
[    2.070984] \xffffffb1
[    2.070985] \x3
[    2.070986] \xffffffb3
[    2.070987] \xffffffa7
[    2.070988] \x5a
[    2.070989] \x71
[    2.070991] \x70
[    2.070992] \xffffff8c
[    2.070993] \x56
[    2.070994] \x25
[    2.070995] \xffffffe1
[    2.070996] \x4c
[    2.070997] \xffffffe6
[    2.070998] \xffffff95
[    2.070999] \x67
[    2.071000] \x4c
[    2.071001] \xffffffb9
[    2.071002] \x1d
[    2.071003] \xe
[    2.071004] \x34
[    2.071005] \xffffffbe
[    2.071006] \x12
[    2.071007] \x5
[    2.071009] \xffffff98
[    2.071010] \xffffffa0
[    2.071011] \xf
[    2.071012] \xffffffb2
[    2.071013] \xffffffde
[    2.071014] \xffffff99
[    2.071015] \xf
[    2.071016] \xffffffe8
[    2.071017] \xffffffc8
[    2.071018] \x1f
[    2.071019] \x54
[    2.071020] \x2c
[    2.071021] \xffffffee
[    2.071022] \x2e
[    2.071023] \x0
[    2.071024] \xffffff95
[    2.071026] \x0
[    2.071027] \xffffffe3
[    2.071028] \xffffffa7
[    2.071029] \xfffffffd
[    2.071030] \x66
[    2.071031] \xffffff92
[    2.071032] \xfffffff0
[    2.071033] 
[    2.071034] END NET_SECRET
[    2.071036] random 0000 0000 0000 3180b1fc 0fa9c973: rand_read_num 10 get_random_bytes(4): sig ffffff46 3180b1fc 0fa9c973
[    2.071039] random 0000 0000 0000 3180b1fc 0fa9c973: extract_entropy(.. 4 ..)
[    2.071041] random 0000 0000 0000 3180b1fc 0fa9c973: going to reseed nonblocking with 64 bits (32 of 0 requested)
[    2.071043] random 0000 0000 0000 3180b1fc 0fa9c973: extract_entropy(.. 8 ..)
[    2.071045] random 0000 0000 0000 3180b1fc 0fa9c973: trying to extract 64 bits from input
[    2.071047] random 0000 0000 0000 3180b1fc 0fa9c973: debiting 0 entropy credits from input
[    2.071049] random 0000 0000 0000 3180b1fc 0fa9c973: extract_entropy account returned: 0 
[    2.071052] random 0000 0000 0000 3180b1fc 0fa9c973: urand_change_num 45 xfer_secondary_pool(4): pool_sig ffffff46, data_sig 00000000, bytes_mixed 0 3180b1fc 0fa9c973
[    2.071054] random 0000 0000 0000 3180b1fc 0fa9c973: trying to extract 32 bits from nonblocking
[    2.071056] random 0000 0000 0000 3180b1fc 0fa9c973: debiting 32 entropy credits from nonblocking (unlimited)
[    2.071058] random 0000 0000 0000 3180b1fc 0fa9c973: extract_entropy account returned: 4 
[    2.071061] random 0000 0000 0000 3180b1fc 0fa9c973: urand_change_num 46 extract_buf: pool_sig ffffff46, data_sig 0000001b, bytes_mixed 20 3180b1fc 0fa9c973
[    2.252874] ata2.00: ATAPI: VMware Virtual IDE CDROM Drive, 00000001, max UDMA/33
[    2.253214] ata2.00: configured for UDMA/33
[    2.253584] scsi 1:0:0:0: CD-ROM            NECVMWar VMware IDE CDR10 1.00 PQ: 0 ANSI: 5
[    2.254811] sr0: scsi3-mmc drive: 306x/306x cd/rw xa/form2 cdda tray
[    2.254814] Uniform CD-ROM driver Revision: 3.20
[    2.254867] sr 1:0:0:0: Attached scsi CD-ROM sr0
[    2.254903] sr 1:0:0:0: Attached scsi generic sg0 type 5
[    2.254939] Freeing unused kernel memory: 652k freed
[    2.254991] Write protecting the kernel text: 4840k
[    2.255022] Write protecting the kernel read-only data: 1968k
[    2.255107] random 0000 0000 0000 38974d2b 1d8d6de0: rand_read_num 11 get_random_bytes(16): sig 000001c6 38974d2b 1d8d6de0
