[    0.000000] random 0000 0000 0000 00000000 00000000: rand_read_num 1 get_random_bytes(8): sig 00000000 00000000 00000000
[    0.000000] random 0000 0000 0000 00000000 00000000: extract_entropy(.. 8 ..)
[    0.000000] random 0000 0000 0000 00000000 00000000: going to reseed nonblocking with 64 bits (64 of 0 requested)
[    0.000000] random 0000 0000 0000 00000000 00000000: extract_entropy(.. 8 ..)
[    0.000000] random 0000 0000 0000 00000000 00000000: trying to extract 64 bits from input
[    0.000000] random 0000 0000 0000 00000000 00000000: debiting 0 entropy credits from input
[    0.000000] random 0000 0000 0000 00000000 00000000: extract_entropy account returned: 0 
[    0.000000] random 0000 0000 0000 00000000 00000000: urand_change_num 1 xfer_secondary_pool(8): pool_sig 00000000, data_sig 00000000, bytes_mixed 0 00000000 00000000
[    0.000000] random 0000 0000 0000 00000000 00000000: trying to extract 64 bits from nonblocking
[    0.000000] random 0000 0000 0000 00000000 00000000: debiting 64 entropy credits from nonblocking (unlimited)
[    0.000000] random 0000 0000 0000 00000000 00000000: extract_entropy account returned: 8 
[    0.000000] random 0000 0000 0000 00000000 00000000: urand_change_num 2 extract_buf: pool_sig 00000000, data_sig fffffff9, bytes_mixed 20 00000000 00000000
[    0.000000] Initializing cgroup subsys cpuset
[    0.000000] Initializing cgroup subsys cpu
[    0.000000] Linux version 2.6.32.57 (dcashman@ubuntu) (gcc version 4.6.3 (Ubuntu/Linaro 4.6.3-1ubuntu5) ) #4 SMP Fri May 24 11:09:26 PDT 2013
[    0.000000] KERNEL supported cpus:
[    0.000000]   Intel GenuineIntel
[    0.000000]   AMD AuthenticAMD
[    0.000000]   NSC Geode by NSC
[    0.000000]   Cyrix CyrixInstead
[    0.000000]   Centaur CentaurHauls
[    0.000000]   Transmeta GenuineTMx86
[    0.000000]   Transmeta TransmetaCPU
[    0.000000]   UMC UMC UMC UMC
[    0.000000] BIOS-provided physical RAM map:
[    0.000000]  BIOS-e820: 0000000000000000 - 000000000009f000 (usable)
[    0.000000]  BIOS-e820: 000000000009f000 - 00000000000a0000 (reserved)
[    0.000000]  BIOS-e820: 00000000000ca000 - 00000000000cc000 (reserved)
[    0.000000]  BIOS-e820: 00000000000dc000 - 0000000000100000 (reserved)
[    0.000000]  BIOS-e820: 0000000000100000 - 000000003fee0000 (usable)
[    0.000000]  BIOS-e820: 000000003fee0000 - 000000003feff000 (ACPI data)
[    0.000000]  BIOS-e820: 000000003feff000 - 000000003ff00000 (ACPI NVS)
[    0.000000]  BIOS-e820: 000000003ff00000 - 0000000040000000 (usable)
[    0.000000]  BIOS-e820: 00000000e0000000 - 00000000f0000000 (reserved)
[    0.000000]  BIOS-e820: 00000000fec00000 - 00000000fec10000 (reserved)
[    0.000000]  BIOS-e820: 00000000fee00000 - 00000000fee01000 (reserved)
[    0.000000]  BIOS-e820: 00000000fffe0000 - 0000000100000000 (reserved)
[    0.000000] DMI present.
[    0.000000] Phoenix BIOS detected: BIOS may corrupt low RAM, working around it.
[    0.000000] e820 update range: 0000000000000000 - 0000000000010000 (usable) ==> (reserved)
[    0.000000] last_pfn = 0x40000 max_arch_pfn = 0x1000000
[    0.000000] MTRR default type: uncachable
[    0.000000] MTRR fixed ranges enabled:
[    0.000000]   00000-9FFFF write-back
[    0.000000]   A0000-BFFFF uncachable
[    0.000000]   C0000-CBFFF write-protect
[    0.000000]   CC000-EFFFF uncachable
[    0.000000]   F0000-FFFFF write-protect
[    0.000000] MTRR variable ranges enabled:
[    0.000000]   0 base 0000000000 mask FFC0000000 write-back
[    0.000000]   1 disabled
[    0.000000]   2 disabled
[    0.000000]   3 disabled
[    0.000000]   4 disabled
[    0.000000]   5 disabled
[    0.000000]   6 disabled
[    0.000000]   7 disabled
[    0.000000] x86 PAT enabled: cpu 0, old 0x0, new 0x7010600070106
[    0.000000] Scanning 0 areas for low memory corruption
[    0.000000] modified physical RAM map:
[    0.000000]  modified: 0000000000000000 - 0000000000010000 (reserved)
[    0.000000]  modified: 0000000000010000 - 000000000009f000 (usable)
[    0.000000]  modified: 000000000009f000 - 00000000000a0000 (reserved)
[    0.000000]  modified: 00000000000ca000 - 00000000000cc000 (reserved)
[    0.000000]  modified: 00000000000dc000 - 0000000000100000 (reserved)
[    0.000000]  modified: 0000000000100000 - 000000003fee0000 (usable)
[    0.000000]  modified: 000000003fee0000 - 000000003feff000 (ACPI data)
[    0.000000]  modified: 000000003feff000 - 000000003ff00000 (ACPI NVS)
[    0.000000]  modified: 000000003ff00000 - 0000000040000000 (usable)
[    0.000000]  modified: 00000000e0000000 - 00000000f0000000 (reserved)
[    0.000000]  modified: 00000000fec00000 - 00000000fec10000 (reserved)
[    0.000000]  modified: 00000000fee00000 - 00000000fee01000 (reserved)
[    0.000000]  modified: 00000000fffe0000 - 0000000100000000 (reserved)
[    0.000000] initial memory mapped : 0 - 01e00000
[    0.000000] init_memory_mapping: 0000000000000000-00000000379fe000
[    0.000000] NX (Execute Disable) protection: active
[    0.000000]  0000000000 - 0000200000 page 4k
[    0.000000]  0000200000 - 0037800000 page 2M
[    0.000000]  0037800000 - 00379fe000 page 4k
[    0.000000] kernel direct mapping tables up to 379fe000 @ 10000-16000
[    0.000000] RAMDISK: 2dcfc000 - 32e758c3
[    0.000000] ACPI: RSDP 000f6b80 00024 (v02 PTLTD )
[    0.000000] ACPI: XSDT 3feed636 0005C (v01 INTEL  440BX    06040000 VMW  01324272)
[    0.000000] ACPI: FACP 3fefee98 000F4 (v04 INTEL  440BX    06040000 PTL  000F4240)
[    0.000000] ACPI: DSDT 3feee366 10B32 (v01 PTLTD  Custom   06040000 MSFT 03000001)
[    0.000000] ACPI: FACS 3fefffc0 00040
[    0.000000] ACPI: BOOT 3feee33e 00028 (v01 PTLTD  $SBFTBL$ 06040000  LTP 00000001)
[    0.000000] ACPI: APIC 3feedc3e 003C2 (v01 PTLTD  ? APIC   06040000  LTP 00000000)
[    0.000000] ACPI: MCFG 3feedc02 0003C (v01 PTLTD  $PCITBL$ 06040000  LTP 00000001)
[    0.000000] ACPI: SRAT 3feed732 004D0 (v02 VMWARE MEMPLUG  06040000 VMW  00000001)
[    0.000000] ACPI: HPET 3feed6fa 00038 (v01 VMWARE VMW HPET 06040000 VMW  00000001)
[    0.000000] ACPI: WAET 3feed6d2 00028 (v01 VMWARE VMW WAET 06040000 VMW  00000001)
[    0.000000] ACPI: Local APIC address 0xfee00000
[    0.000000] 134MB HIGHMEM available.
[    0.000000] 889MB LOWMEM available.
[    0.000000]   mapped low ram: 0 - 379fe000
[    0.000000]   low ram: 0 - 379fe000
[    0.000000]   node 0 low ram: 00000000 - 379fe000
[    0.000000]   node 0 bootmap 00012000 - 00018f40
[    0.000000] (9 early reservations) ==> bootmem [0000000000 - 00379fe000]
[    0.000000]   #0 [0000000000 - 0000001000]   BIOS data page ==> [0000000000 - 0000001000]
[    0.000000]   #1 [0000001000 - 0000002000]    EX TRAMPOLINE ==> [0000001000 - 0000002000]
[    0.000000]   #2 [0000006000 - 0000007000]       TRAMPOLINE ==> [0000006000 - 0000007000]
[    0.000000]   #3 [0001000000 - 0001a75ff8]    TEXT DATA BSS ==> [0001000000 - 0001a75ff8]
[    0.000000]   #4 [002dcfc000 - 0032e758c3]          RAMDISK ==> [002dcfc000 - 0032e758c3]
[    0.000000]   #5 [000009f000 - 0000100000]    BIOS reserved ==> [000009f000 - 0000100000]
[    0.000000]   #6 [0001a76000 - 0001a851c0]              BRK ==> [0001a76000 - 0001a851c0]
[    0.000000]   #7 [0000010000 - 0000012000]          PGTABLE ==> [0000010000 - 0000012000]
[    0.000000]   #8 [0000012000 - 0000019000]          BOOTMAP ==> [0000012000 - 0000019000]
[    0.000000] found SMP MP-table at [c00f6bf0] f6bf0
[    0.000000] Zone PFN ranges:
[    0.000000]   DMA      0x00000010 -> 0x00001000
[    0.000000]   Normal   0x00001000 -> 0x000379fe
[    0.000000]   HighMem  0x000379fe -> 0x00040000
[    0.000000] Movable zone start PFN for each node
[    0.000000] early_node_map[3] active PFN ranges
[    0.000000]     0: 0x00000010 -> 0x0000009f
[    0.000000]     0: 0x00000100 -> 0x0003fee0
[    0.000000]     0: 0x0003ff00 -> 0x00040000
[    0.000000] On node 0 totalpages: 261999
[    0.000000] free_area_init_node: node 0, pgdat c1715200, node_mem_map c1a87200
[    0.000000]   DMA zone: 32 pages used for memmap
[    0.000000]   DMA zone: 0 pages reserved
[    0.000000]   DMA zone: 3951 pages, LIFO batch:0
[    0.000000]   Normal zone: 1748 pages used for memmap
[    0.000000]   Normal zone: 221994 pages, LIFO batch:31
[    0.000000]   HighMem zone: 269 pages used for memmap
[    0.000000]   HighMem zone: 34005 pages, LIFO batch:7
[    0.000000] Using APIC driver default
[    0.000000] ACPI: PM-Timer IO Port: 0x1008
[    0.000000] ACPI: Local APIC address 0xfee00000
[    0.000000] ACPI: LAPIC (acpi_id[0x00] lapic_id[0x00] enabled)
[    0.000000] ACPI: LAPIC (acpi_id[0x01] lapic_id[0x02] disabled)
[    0.000000] ACPI: LAPIC (acpi_id[0x02] lapic_id[0x04] disabled)
[    0.000000] ACPI: LAPIC (acpi_id[0x03] lapic_id[0x06] disabled)
[    0.000000] ACPI: LAPIC (acpi_id[0x04] lapic_id[0x08] disabled)
[    0.000000] ACPI: LAPIC (acpi_id[0x05] lapic_id[0x0a] disabled)
[    0.000000] ACPI: LAPIC (acpi_id[0x06] lapic_id[0x0c] disabled)
[    0.000000] ACPI: LAPIC (acpi_id[0x07] lapic_id[0x0e] disabled)
[    0.000000] ACPI: LAPIC (acpi_id[0x08] lapic_id[0x10] disabled)
[    0.000000] ACPI: LAPIC (acpi_id[0x09] lapic_id[0x12] disabled)
[    0.000000] ACPI: LAPIC (acpi_id[0x0a] lapic_id[0x14] disabled)
[    0.000000] ACPI: LAPIC (acpi_id[0x0b] lapic_id[0x16] disabled)
[    0.000000] ACPI: LAPIC (acpi_id[0x0c] lapic_id[0x18] disabled)
[    0.000000] ACPI: LAPIC (acpi_id[0x0d] lapic_id[0x1a] disabled)
[    0.000000] ACPI: LAPIC (acpi_id[0x0e] lapic_id[0x1c] disabled)
[    0.000000] ACPI: LAPIC (acpi_id[0x0f] lapic_id[0x1e] disabled)
[    0.000000] ACPI: LAPIC (acpi_id[0x10] lapic_id[0x20] disabled)
[    0.000000] ACPI: LAPIC (acpi_id[0x11] lapic_id[0x22] disabled)
[    0.000000] ACPI: LAPIC (acpi_id[0x12] lapic_id[0x24] disabled)
[    0.000000] ACPI: LAPIC (acpi_id[0x13] lapic_id[0x26] disabled)
[    0.000000] ACPI: LAPIC (acpi_id[0x14] lapic_id[0x28] disabled)
[    0.000000] ACPI: LAPIC (acpi_id[0x15] lapic_id[0x2a] disabled)
[    0.000000] ACPI: LAPIC (acpi_id[0x16] lapic_id[0x2c] disabled)
[    0.000000] ACPI: LAPIC (acpi_id[0x17] lapic_id[0x2e] disabled)
[    0.000000] ACPI: LAPIC (acpi_id[0x18] lapic_id[0x30] disabled)
[    0.000000] ACPI: LAPIC (acpi_id[0x19] lapic_id[0x32] disabled)
[    0.000000] ACPI: LAPIC (acpi_id[0x1a] lapic_id[0x34] disabled)
[    0.000000] ACPI: LAPIC (acpi_id[0x1b] lapic_id[0x36] disabled)
[    0.000000] ACPI: LAPIC (acpi_id[0x1c] lapic_id[0x38] disabled)
[    0.000000] ACPI: LAPIC (acpi_id[0x1d] lapic_id[0x3a] disabled)
[    0.000000] ACPI: LAPIC (acpi_id[0x1e] lapic_id[0x3c] disabled)
[    0.000000] ACPI: LAPIC (acpi_id[0x1f] lapic_id[0x3e] disabled)
[    0.000000] ACPI: LAPIC (acpi_id[0x20] lapic_id[0x40] disabled)
[    0.000000] ACPI: LAPIC (acpi_id[0x21] lapic_id[0x42] disabled)
[    0.000000] ACPI: LAPIC (acpi_id[0x22] lapic_id[0x44] disabled)
[    0.000000] ACPI: LAPIC (acpi_id[0x23] lapic_id[0x46] disabled)
[    0.000000] ACPI: LAPIC (acpi_id[0x24] lapic_id[0x48] disabled)
[    0.000000] ACPI: LAPIC (acpi_id[0x25] lapic_id[0x4a] disabled)
[    0.000000] ACPI: LAPIC (acpi_id[0x26] lapic_id[0x4c] disabled)
[    0.000000] ACPI: LAPIC (acpi_id[0x27] lapic_id[0x4e] disabled)
[    0.000000] ACPI: LAPIC (acpi_id[0x28] lapic_id[0x50] disabled)
[    0.000000] ACPI: LAPIC (acpi_id[0x29] lapic_id[0x52] disabled)
[    0.000000] ACPI: LAPIC (acpi_id[0x2a] lapic_id[0x54] disabled)
[    0.000000] ACPI: LAPIC (acpi_id[0x2b] lapic_id[0x56] disabled)
[    0.000000] ACPI: LAPIC (acpi_id[0x2c] lapic_id[0x58] disabled)
[    0.000000] ACPI: LAPIC (acpi_id[0x2d] lapic_id[0x5a] disabled)
[    0.000000] ACPI: LAPIC (acpi_id[0x2e] lapic_id[0x5c] disabled)
[    0.000000] ACPI: LAPIC (acpi_id[0x2f] lapic_id[0x5e] disabled)
[    0.000000] ACPI: LAPIC (acpi_id[0x30] lapic_id[0x60] disabled)
[    0.000000] ACPI: LAPIC (acpi_id[0x31] lapic_id[0x62] disabled)
[    0.000000] ACPI: LAPIC (acpi_id[0x32] lapic_id[0x64] disabled)
[    0.000000] ACPI: LAPIC (acpi_id[0x33] lapic_id[0x66] disabled)
[    0.000000] ACPI: LAPIC (acpi_id[0x34] lapic_id[0x68] disabled)
[    0.000000] ACPI: LAPIC (acpi_id[0x35] lapic_id[0x6a] disabled)
[    0.000000] ACPI: LAPIC (acpi_id[0x36] lapic_id[0x6c] disabled)
[    0.000000] ACPI: LAPIC (acpi_id[0x37] lapic_id[0x6e] disabled)
[    0.000000] ACPI: LAPIC (acpi_id[0x38] lapic_id[0x70] disabled)
[    0.000000] ACPI: LAPIC (acpi_id[0x39] lapic_id[0x72] disabled)
[    0.000000] ACPI: LAPIC (acpi_id[0x3a] lapic_id[0x74] disabled)
[    0.000000] ACPI: LAPIC (acpi_id[0x3b] lapic_id[0x76] disabled)
[    0.000000] ACPI: LAPIC (acpi_id[0x3c] lapic_id[0x78] disabled)
[    0.000000] ACPI: LAPIC (acpi_id[0x3d] lapic_id[0x7a] disabled)
[    0.000000] ACPI: LAPIC (acpi_id[0x3e] lapic_id[0x7c] disabled)
[    0.000000] ACPI: LAPIC (acpi_id[0x3f] lapic_id[0x7e] disabled)
[    0.000000] ACPI: LAPIC_NMI (acpi_id[0x00] high edge lint[0x1])
[    0.000000] ACPI: LAPIC_NMI (acpi_id[0x01] high edge lint[0x1])
[    0.000000] ACPI: LAPIC_NMI (acpi_id[0x02] high edge lint[0x1])
[    0.000000] ACPI: LAPIC_NMI (acpi_id[0x03] high edge lint[0x1])
[    0.000000] ACPI: LAPIC_NMI (acpi_id[0x04] high edge lint[0x1])
[    0.000000] ACPI: LAPIC_NMI (acpi_id[0x05] high edge lint[0x1])
[    0.000000] ACPI: LAPIC_NMI (acpi_id[0x06] high edge lint[0x1])
[    0.000000] ACPI: LAPIC_NMI (acpi_id[0x07] high edge lint[0x1])
[    0.000000] ACPI: LAPIC_NMI (acpi_id[0x08] high edge lint[0x1])
[    0.000000] ACPI: LAPIC_NMI (acpi_id[0x09] high edge lint[0x1])
[    0.000000] ACPI: LAPIC_NMI (acpi_id[0x0a] high edge lint[0x1])
[    0.000000] ACPI: LAPIC_NMI (acpi_id[0x0b] high edge lint[0x1])
[    0.000000] ACPI: LAPIC_NMI (acpi_id[0x0c] high edge lint[0x1])
[    0.000000] ACPI: LAPIC_NMI (acpi_id[0x0d] high edge lint[0x1])
[    0.000000] ACPI: LAPIC_NMI (acpi_id[0x0e] high edge lint[0x1])
[    0.000000] ACPI: LAPIC_NMI (acpi_id[0x0f] high edge lint[0x1])
[    0.000000] ACPI: LAPIC_NMI (acpi_id[0x10] high edge lint[0x1])
[    0.000000] ACPI: LAPIC_NMI (acpi_id[0x11] high edge lint[0x1])
[    0.000000] ACPI: LAPIC_NMI (acpi_id[0x12] high edge lint[0x1])
[    0.000000] ACPI: LAPIC_NMI (acpi_id[0x13] high edge lint[0x1])
[    0.000000] ACPI: LAPIC_NMI (acpi_id[0x14] high edge lint[0x1])
[    0.000000] ACPI: LAPIC_NMI (acpi_id[0x15] high edge lint[0x1])
[    0.000000] ACPI: LAPIC_NMI (acpi_id[0x16] high edge lint[0x1])
[    0.000000] ACPI: LAPIC_NMI (acpi_id[0x17] high edge lint[0x1])
[    0.000000] ACPI: LAPIC_NMI (acpi_id[0x18] high edge lint[0x1])
[    0.000000] ACPI: LAPIC_NMI (acpi_id[0x19] high edge lint[0x1])
[    0.000000] ACPI: LAPIC_NMI (acpi_id[0x1a] high edge lint[0x1])
[    0.000000] ACPI: LAPIC_NMI (acpi_id[0x1b] high edge lint[0x1])
[    0.000000] ACPI: LAPIC_NMI (acpi_id[0x1c] high edge lint[0x1])
[    0.000000] ACPI: LAPIC_NMI (acpi_id[0x1d] high edge lint[0x1])
[    0.000000] ACPI: LAPIC_NMI (acpi_id[0x1e] high edge lint[0x1])
[    0.000000] ACPI: LAPIC_NMI (acpi_id[0x1f] high edge lint[0x1])
[    0.000000] ACPI: LAPIC_NMI (acpi_id[0x20] high edge lint[0x1])
[    0.000000] ACPI: LAPIC_NMI (acpi_id[0x21] high edge lint[0x1])
[    0.000000] ACPI: LAPIC_NMI (acpi_id[0x22] high edge lint[0x1])
[    0.000000] ACPI: LAPIC_NMI (acpi_id[0x23] high edge lint[0x1])
[    0.000000] ACPI: LAPIC_NMI (acpi_id[0x24] high edge lint[0x1])
[    0.000000] ACPI: LAPIC_NMI (acpi_id[0x25] high edge lint[0x1])
[    0.000000] ACPI: LAPIC_NMI (acpi_id[0x26] high edge lint[0x1])
[    0.000000] ACPI: LAPIC_NMI (acpi_id[0x27] high edge lint[0x1])
[    0.000000] ACPI: LAPIC_NMI (acpi_id[0x28] high edge lint[0x1])
[    0.000000] ACPI: LAPIC_NMI (acpi_id[0x29] high edge lint[0x1])
[    0.000000] ACPI: LAPIC_NMI (acpi_id[0x2a] high edge lint[0x1])
[    0.000000] ACPI: LAPIC_NMI (acpi_id[0x2b] high edge lint[0x1])
[    0.000000] ACPI: LAPIC_NMI (acpi_id[0x2c] high edge lint[0x1])
[    0.000000] ACPI: LAPIC_NMI (acpi_id[0x2d] high edge lint[0x1])
[    0.000000] ACPI: LAPIC_NMI (acpi_id[0x2e] high edge lint[0x1])
[    0.000000] ACPI: LAPIC_NMI (acpi_id[0x2f] high edge lint[0x1])
[    0.000000] ACPI: LAPIC_NMI (acpi_id[0x30] high edge lint[0x1])
[    0.000000] ACPI: LAPIC_NMI (acpi_id[0x31] high edge lint[0x1])
[    0.000000] ACPI: LAPIC_NMI (acpi_id[0x32] high edge lint[0x1])
[    0.000000] ACPI: LAPIC_NMI (acpi_id[0x33] high edge lint[0x1])
[    0.000000] ACPI: LAPIC_NMI (acpi_id[0x34] high edge lint[0x1])
[    0.000000] ACPI: LAPIC_NMI (acpi_id[0x35] high edge lint[0x1])
[    0.000000] ACPI: LAPIC_NMI (acpi_id[0x36] high edge lint[0x1])
[    0.000000] ACPI: LAPIC_NMI (acpi_id[0x37] high edge lint[0x1])
[    0.000000] ACPI: LAPIC_NMI (acpi_id[0x38] high edge lint[0x1])
[    0.000000] ACPI: LAPIC_NMI (acpi_id[0x39] high edge lint[0x1])
[    0.000000] ACPI: LAPIC_NMI (acpi_id[0x3a] high edge lint[0x1])
[    0.000000] ACPI: LAPIC_NMI (acpi_id[0x3b] high edge lint[0x1])
[    0.000000] ACPI: LAPIC_NMI (acpi_id[0x3c] high edge lint[0x1])
[    0.000000] ACPI: LAPIC_NMI (acpi_id[0x3d] high edge lint[0x1])
[    0.000000] ACPI: LAPIC_NMI (acpi_id[0x3e] high edge lint[0x1])
[    0.000000] ACPI: LAPIC_NMI (acpi_id[0x3f] high edge lint[0x1])
[    0.000000] ACPI: Skipping IOAPIC probe due to 'noapic' option.
[    0.000000] Using ACPI for processor (LAPIC) configuration information
[    0.000000] ACPI: HPET id: 0x8086af01 base: 0xfed00000
[    0.000000] Intel MultiProcessor Specification v1.4
[    0.000000]     Virtual Wire compatibility mode.
[    0.000000] MPTABLE: OEM ID: INTEL   
[    0.000000] MPTABLE: Product ID: 440BX       
[    0.000000] MPTABLE: APIC at: 0xFEE00000
[    0.000000] I/O APIC #1 Version 17 at 0xFEC00000.
[    0.000000] Processors: 1
[    0.000000] 64 Processors exceeds NR_CPUS limit of 8
[    0.000000] SMP: Allowing 8 CPUs, 7 hotplug CPUs
[    0.000000] nr_irqs_gsi: 24
[    0.000000] PM: Registered nosave memory: 000000000009f000 - 00000000000a0000
[    0.000000] PM: Registered nosave memory: 00000000000a0000 - 00000000000ca000
[    0.000000] PM: Registered nosave memory: 00000000000ca000 - 00000000000cc000
[    0.000000] PM: Registered nosave memory: 00000000000cc000 - 00000000000dc000
[    0.000000] PM: Registered nosave memory: 00000000000dc000 - 0000000000100000
[    0.000000] Allocating PCI resources starting at 40000000 (gap: 40000000:a0000000)
[    0.000000] Booting paravirtualized kernel on bare hardware
[    0.000000] NR_CPUS:8 nr_cpumask_bits:8 nr_cpu_ids:8 nr_node_ids:1
[    0.000000] PERCPU: Embedded 15 pages/cpu @c2400000 s39320 r0 d22120 u262144
[    0.000000] pcpu-alloc: s39320 r0 d22120 u262144 alloc=1*2097152
[    0.000000] pcpu-alloc: [0] 0 1 2 3 4 5 6 7 
[    0.000000] Built 1 zonelists in Zone order, mobility grouping on.  Total pages: 259950
[    0.000000] Kernel command line: BOOT_IMAGE=/boot/vmlinuz-2.6.32.57 root=UUID=007b598c-390d-4c65-84a1-4ff752d48633 ro quiet splash maxcpus=0
[    0.000000] PID hash table entries: 4096 (order: 2, 16384 bytes)
[    0.000000] Dentry cache hash table entries: 131072 (order: 7, 524288 bytes)
[    0.000000] Inode-cache hash table entries: 65536 (order: 6, 262144 bytes)
[    0.000000] Enabling fast FPU save and restore... done.
[    0.000000] Enabling unmasked SIMD FPU exception support... done.
[    0.000000] Initializing CPU#0
[    0.000000] xsave/xrstor: enabled xstate_bv 0x7, cntxt size 0x340
[    0.000000] allocated 5242560 bytes of page_cgroup
[    0.000000] please try 'cgroup_disable=memory' option if you don't want memory cgroups
[    0.000000] Initializing HighMem for node 0 (000379fe:00040000)
[    0.000000] Memory: 938260k/1048576k available (4839k kernel code, 108848k reserved, 2518k data, 652k init, 137096k highmem)
[    0.000000] virtual kernel memory layout:
[    0.000000]     fixmap  : 0xfff1e000 - 0xfffff000   ( 900 kB)
[    0.000000]     pkmap   : 0xffa00000 - 0xffc00000   (2048 kB)
[    0.000000]     vmalloc : 0xf81fe000 - 0xff9fe000   ( 120 MB)
[    0.000000]     lowmem  : 0xc0000000 - 0xf79fe000   ( 889 MB)
[    0.000000]       .init : 0xc1730000 - 0xc17d3000   ( 652 kB)
[    0.000000]       .data : 0xc14b9cce - 0xc172f764   (2518 kB)
[    0.000000]       .text : 0xc1000000 - 0xc14b9cce   (4839 kB)
[    0.000000] Checking if this processor honours the WP bit even in supervisor mode...Ok.
[    0.000000] SLUB: Genslabs=13, HWalign=64, Order=0-3, MinObjects=0, CPUs=8, Nodes=1
[    0.000000] Hierarchical RCU implementation.
[    0.000000] NR_IRQS:2304 nr_irqs:472
[    0.000000] Extended CMOS year: 2000
[    0.000000] Console: colour VGA+ 80x25
[    0.000000] console [tty0] enabled
[    0.000000] hpet clockevent registered
[    0.000000] TSC freq read from hypervisor : 2394.620 MHz
[    0.000000] Detected 2394.620 MHz processor.
[    0.000002] Calibrating delay loop (skipped) preset value.. 4789.24 BogoMIPS (lpj=9578480)
[    0.000011] Security Framework initialized
[    0.000014] SELinux:  Disabled at boot.
[    0.000018] Mount-cache hash table entries: 512
[    0.000114] Initializing cgroup subsys cpuacct
[    0.000117] Initializing cgroup subsys memory
[    0.000120] Initializing cgroup subsys devices
[    0.000122] Initializing cgroup subsys freezer
[    0.000148] CPU: Physical Processor ID: 0
[    0.000155] CPU: L1 I cache: 32K, L1 D cache: 32K
[    0.000156] CPU: L2 cache: 256K
[    0.000157] CPU: L3 cache: 4096K
[    0.000162] mce: CPU supports 0 MCE banks
[    0.000174] Performance Events: no PMU driver, software events only.
[    0.000184] Checking 'hlt' instruction... OK.
[    0.017678] SMP alternatives: switching to UP code
[    0.032064] ACPI: Core revision 20090903
[    0.038136] ACPI: setting ELCR to 0200 (from 0e20)
[    0.039106] ftrace: converting mcount calls to 0f 1f 44 00 00
[    0.039111] ftrace: allocating 22631 entries in 45 pages
[    0.056443] CANARY value: f407d57e for PID: 1
[    0.056475] Not enabling x2apic, Intr-remapping init failed.
[    0.056476] Enabling APIC mode:  Flat.  Using 1 I/O APICs
[    0.056485] SMP mode deactivated.
[    0.056520] SMP disabled
[    0.056574] Brought up 1 CPUs
[    0.056575] Total of 1 processors activated (4789.24 BogoMIPS).
[    0.056579] CPU0 attaching NULL sched-domain.
[    0.056647] devtmpfs: initialized
[    0.056752] sysctl table check failed: /kernel/random/now_input .1.40.7 Unknown sysctl binary path
[    0.056991] Pid: 1, comm: swapper Not tainted 2.6.32.57 #4
[    0.056992] Call Trace:
[    0.056997]  [<c14a8a0e>] ? printk+0x1d/0x1f
[    0.057000]  [<c107b56f>] set_fail+0x4f/0x60
[    0.057002]  [<c107b8b3>] sysctl_check_table+0x333/0x620
[    0.057003]  [<c107b8cc>] sysctl_check_table+0x34c/0x620
[    0.057005]  [<c107b8cc>] sysctl_check_table+0x34c/0x620
[    0.057009]  [<c1746d48>] sysctl_init+0x25/0x29
[    0.057011]  [<c1003042>] do_one_initcall+0x32/0x1a0
[    0.057013]  [<c1746d23>] ? sysctl_init+0x0/0x29
[    0.057016]  [<c17308e7>] kernel_init+0x12d/0x17a
[    0.057017]  [<c17307ba>] ? kernel_init+0x0/0x17a
[    0.057020]  [<c1009b07>] kernel_thread_helper+0x7/0x10
[    0.057021] sysctl table check failed: /kernel/random/now_blocking .1.40.8 Unknown sysctl binary path
[    0.057282] Pid: 1, comm: swapper Not tainted 2.6.32.57 #4
[    0.057283] Call Trace:
[    0.057284]  [<c14a8a0e>] ? printk+0x1d/0x1f
[    0.057286]  [<c107b56f>] set_fail+0x4f/0x60
[    0.057287]  [<c107b8b3>] sysctl_check_table+0x333/0x620
[    0.057289]  [<c107b8cc>] sysctl_check_table+0x34c/0x620
[    0.057291]  [<c107b8cc>] sysctl_check_table+0x34c/0x620
[    0.057293]  [<c1746d48>] sysctl_init+0x25/0x29
[    0.057294]  [<c1003042>] do_one_initcall+0x32/0x1a0
[    0.057296]  [<c1746d23>] ? sysctl_init+0x0/0x29
[    0.057298]  [<c17308e7>] kernel_init+0x12d/0x17a
[    0.057299]  [<c17307ba>] ? kernel_init+0x0/0x17a
[    0.057301]  [<c1009b07>] kernel_thread_helper+0x7/0x10
[    0.057303] sysctl table check failed: /kernel/random/now_nonblocking .1.40.9 Unknown sysctl binary path
[    0.057532] Pid: 1, comm: swapper Not tainted 2.6.32.57 #4
[    0.057533] Call Trace:
[    0.057535]  [<c14a8a0e>] ? printk+0x1d/0x1f
[    0.057536]  [<c107b56f>] set_fail+0x4f/0x60
[    0.057538]  [<c107b8b3>] sysctl_check_table+0x333/0x620
[    0.057539]  [<c107b8cc>] sysctl_check_table+0x34c/0x620
[    0.057541]  [<c107b8cc>] sysctl_check_table+0x34c/0x620
[    0.057543]  [<c1746d48>] sysctl_init+0x25/0x29
[    0.057544]  [<c1003042>] do_one_initcall+0x32/0x1a0
[    0.057546]  [<c1746d23>] ? sysctl_init+0x0/0x29
[    0.057548]  [<c17308e7>] kernel_init+0x12d/0x17a
[    0.057549]  [<c17307ba>] ? kernel_init+0x0/0x17a
[    0.057551]  [<c1009b07>] kernel_thread_helper+0x7/0x10
[    0.057552] sysctl table check failed: /kernel/random/nb_input_bytes .1.40.10 Unknown sysctl binary path
[    0.057782] Pid: 1, comm: swapper Not tainted 2.6.32.57 #4
[    0.057783] Call Trace:
[    0.057784]  [<c14a8a0e>] ? printk+0x1d/0x1f
[    0.057785]  [<c107b56f>] set_fail+0x4f/0x60
[    0.057787]  [<c107b8b3>] sysctl_check_table+0x333/0x620
[    0.057788]  [<c107b8cc>] sysctl_check_table+0x34c/0x620
[    0.057790]  [<c107b8cc>] sysctl_check_table+0x34c/0x620
[    0.057792]  [<c1746d48>] sysctl_init+0x25/0x29
[    0.057794]  [<c1003042>] do_one_initcall+0x32/0x1a0
[    0.057796]  [<c1746d23>] ? sysctl_init+0x0/0x29
[    0.057797]  [<c17308e7>] kernel_init+0x12d/0x17a
[    0.057799]  [<c17307ba>] ? kernel_init+0x0/0x17a
[    0.057800]  [<c1009b07>] kernel_thread_helper+0x7/0x10
[    0.057802] sysctl table check failed: /kernel/random/nb_stir_count .1.40.11 Unknown sysctl binary path
[    0.058030] Pid: 1, comm: swapper Not tainted 2.6.32.57 #4
[    0.058031] Call Trace:
[    0.058032]  [<c14a8a0e>] ? printk+0x1d/0x1f
[    0.058034]  [<c107b56f>] set_fail+0x4f/0x60
[    0.058035]  [<c107b8b3>] sysctl_check_table+0x333/0x620
[    0.058037]  [<c107b8cc>] sysctl_check_table+0x34c/0x620
[    0.058039]  [<c107b8cc>] sysctl_check_table+0x34c/0x620
[    0.058041]  [<c1746d48>] sysctl_init+0x25/0x29
[    0.058042]  [<c1003042>] do_one_initcall+0x32/0x1a0
[    0.058044]  [<c1746d23>] ? sysctl_init+0x0/0x29
[    0.058046]  [<c17308e7>] kernel_init+0x12d/0x17a
[    0.058047]  [<c17307ba>] ? kernel_init+0x0/0x17a
[    0.058049]  [<c1009b07>] kernel_thread_helper+0x7/0x10
[    0.058050] sysctl table check failed: /kernel/random/nb_reentry_count .1.40.12 Unknown sysctl binary path
[    0.058310] Pid: 1, comm: swapper Not tainted 2.6.32.57 #4
[    0.058311] Call Trace:
[    0.058313]  [<c14a8a0e>] ? printk+0x1d/0x1f
[    0.058314]  [<c107b56f>] set_fail+0x4f/0x60
[    0.058316]  [<c107b8b3>] sysctl_check_table+0x333/0x620
[    0.058317]  [<c107b8cc>] sysctl_check_table+0x34c/0x620
[    0.058319]  [<c107b8cc>] sysctl_check_table+0x34c/0x620
[    0.058321]  [<c1746d48>] sysctl_init+0x25/0x29
[    0.058322]  [<c1003042>] do_one_initcall+0x32/0x1a0
[    0.058324]  [<c1746d23>] ? sysctl_init+0x0/0x29
[    0.058326]  [<c17308e7>] kernel_init+0x12d/0x17a
[    0.058327]  [<c17307ba>] ? kernel_init+0x0/0x17a
[    0.058329]  [<c1009b07>] kernel_thread_helper+0x7/0x10
[    0.058439] RANDOM - __seed init called.
[    0.058440] RANDOM - __seed init called.
[    0.058440] RANDOM - __seed init called.
[    0.058442] RANDOM - __random32 called. Change num 1.  Value: 7576a435	efb61e22	b7f78320
[    0.058443] RANDOM - __random32 called. Change num 2.  Value: 6a43543e	fb61e228	6410973
[    0.058444] RANDOM - __random32 called. Change num 3.  Value: 3543e018	b61e228b	12e68928
[    0.058446] RANDOM - __random32 called. Change num 4.  Value: 3e018928	61e228b7	1250ba58
[    0.058447] RANDOM - __random32 called. Change num 5.  Value: 189281e4	1e228b73	74b01aad
[    0.058448] RANDOM - __random32 called. Change num 6.  Value: 281e4915	e228b733	355a2619
[    0.058449] RANDOM - random32 init called.  Value: 281e4915	e228b733	355a2619
[    0.058455] regulator: core version 0.5
[    0.058513] Time: 22:02:27  Date: 05/24/13
[    0.058547] NET: Registered protocol family 16
[    0.058608] EISA bus registered
[    0.059363] ACPI: bus type pci registered
[    0.059452] PCI: MCFG configuration 0: base e0000000 segment 0 buses 0 - 255
[    0.059454] PCI: MCFG area at e0000000 reserved in E820
[    0.059455] PCI: Using MMCONFIG for extended config space
[    0.059456] PCI: Using configuration type 1 for base access
[    0.059896] bio: create slab <bio-0> at 0
[    0.061076] ACPI: EC: Look up EC in DSDT
[    0.096704] ACPI: BIOS _OSI(Linux) query ignored
[    0.102544] ACPI: Interpreter enabled
[    0.102549] ACPI: (supports S0 S1 S4 S5)
[    0.102560] ACPI: Using PIC for interrupt routing
[    0.183582] ACPI: No dock devices found.
[    0.184438] ACPI: PCI Root Bridge [PCI0] (0000:00)
[    0.186015] pci 0000:00:07.1: reg 20 io port: [0x10c0-0x10cf]
[    0.186527] pci 0000:00:07.3: quirk: region 1000-103f claimed by PIIX4 ACPI
[    0.186539] pci 0000:00:07.3: quirk: region 1040-104f claimed by PIIX4 SMB
[    0.187100] pci 0000:00:07.7: reg 10 io port: [0x1080-0x10bf]
[    0.187491] pci 0000:00:07.7: reg 14 64bit mmio: [0xc8000000-0xc8001fff]
[    0.188653] pci 0000:00:0f.0: reg 10 io port: [0x10d0-0x10df]
[    0.188692] pci 0000:00:0f.0: reg 14 32bit mmio pref: [0xd0000000-0xd7ffffff]
[    0.188731] pci 0000:00:0f.0: reg 18 32bit mmio: [0xc8800000-0xc8ffffff]
[    0.188877] pci 0000:00:0f.0: reg 30 32bit mmio pref: [0x000000-0x007fff]
[    0.189414] pci 0000:00:10.0: reg 10 io port: [0x1400-0x14ff]
[    0.189788] pci 0000:00:10.0: reg 14 64bit mmio: [0xc8040000-0xc805ffff]
[    0.190165] pci 0000:00:10.0: reg 1c 64bit mmio: [0xc8020000-0xc803ffff]
[    0.190240] pci 0000:00:10.0: reg 30 32bit mmio pref: [0x000000-0x003fff]
[    0.191617] pci 0000:00:15.0: PME# supported from D0 D3hot D3cold
[    0.191638] pci 0000:00:15.0: PME# disabled
[    0.192502] pci 0000:00:15.1: PME# supported from D0 D3hot D3cold
[    0.192523] pci 0000:00:15.1: PME# disabled
[    0.193359] pci 0000:00:15.2: PME# supported from D0 D3hot D3cold
[    0.193378] pci 0000:00:15.2: PME# disabled
[    0.194202] pci 0000:00:15.3: PME# supported from D0 D3hot D3cold
[    0.194220] pci 0000:00:15.3: PME# disabled
[    0.195063] pci 0000:00:15.4: PME# supported from D0 D3hot D3cold
[    0.195082] pci 0000:00:15.4: PME# disabled
[    0.195887] pci 0000:00:15.5: PME# supported from D0 D3hot D3cold
[    0.195907] pci 0000:00:15.5: PME# disabled
[    0.196722] pci 0000:00:15.6: PME# supported from D0 D3hot D3cold
[    0.196741] pci 0000:00:15.6: PME# disabled
[    0.197562] pci 0000:00:15.7: PME# supported from D0 D3hot D3cold
[    0.197580] pci 0000:00:15.7: PME# disabled
[    0.198397] pci 0000:00:16.0: PME# supported from D0 D3hot D3cold
[    0.198415] pci 0000:00:16.0: PME# disabled
[    0.199237] pci 0000:00:16.1: PME# supported from D0 D3hot D3cold
[    0.199256] pci 0000:00:16.1: PME# disabled
[    0.200078] pci 0000:00:16.2: PME# supported from D0 D3hot D3cold
[    0.200097] pci 0000:00:16.2: PME# disabled
[    0.200893] pci 0000:00:16.3: PME# supported from D0 D3hot D3cold
[    0.200912] pci 0000:00:16.3: PME# disabled
[    0.201752] pci 0000:00:16.4: PME# supported from D0 D3hot D3cold
[    0.201771] pci 0000:00:16.4: PME# disabled
[    0.202592] pci 0000:00:16.5: PME# supported from D0 D3hot D3cold
[    0.202610] pci 0000:00:16.5: PME# disabled
[    0.203430] pci 0000:00:16.6: PME# supported from D0 D3hot D3cold
[    0.203449] pci 0000:00:16.6: PME# disabled
[    0.204271] pci 0000:00:16.7: PME# supported from D0 D3hot D3cold
[    0.204290] pci 0000:00:16.7: PME# disabled
[    0.205110] pci 0000:00:17.0: PME# supported from D0 D3hot D3cold
[    0.205129] pci 0000:00:17.0: PME# disabled
[    0.205924] pci 0000:00:17.1: PME# supported from D0 D3hot D3cold
[    0.205942] pci 0000:00:17.1: PME# disabled
[    0.206783] pci 0000:00:17.2: PME# supported from D0 D3hot D3cold
[    0.206801] pci 0000:00:17.2: PME# disabled
[    0.207625] pci 0000:00:17.3: PME# supported from D0 D3hot D3cold
[    0.207644] pci 0000:00:17.3: PME# disabled
[    0.208474] pci 0000:00:17.4: PME# supported from D0 D3hot D3cold
[    0.208493] pci 0000:00:17.4: PME# disabled
[    0.209311] pci 0000:00:17.5: PME# supported from D0 D3hot D3cold
[    0.209330] pci 0000:00:17.5: PME# disabled
[    0.210145] pci 0000:00:17.6: PME# supported from D0 D3hot D3cold
[    0.210163] pci 0000:00:17.6: PME# disabled
[    0.211001] pci 0000:00:17.7: PME# supported from D0 D3hot D3cold
[    0.211020] pci 0000:00:17.7: PME# disabled
[    0.211825] pci 0000:00:18.0: PME# supported from D0 D3hot D3cold
[    0.211844] pci 0000:00:18.0: PME# disabled
[    0.212664] pci 0000:00:18.1: PME# supported from D0 D3hot D3cold
[    0.212683] pci 0000:00:18.1: PME# disabled
[    0.213499] pci 0000:00:18.2: PME# supported from D0 D3hot D3cold
[    0.213518] pci 0000:00:18.2: PME# disabled
[    0.214338] pci 0000:00:18.3: PME# supported from D0 D3hot D3cold
[    0.214357] pci 0000:00:18.3: PME# disabled
[    0.215176] pci 0000:00:18.4: PME# supported from D0 D3hot D3cold
[    0.215194] pci 0000:00:18.4: PME# disabled
[    0.216024] pci 0000:00:18.5: PME# supported from D0 D3hot D3cold
[    0.216042] pci 0000:00:18.5: PME# disabled
[    0.216838] pci 0000:00:18.6: PME# supported from D0 D3hot D3cold
[    0.216856] pci 0000:00:18.6: PME# disabled
[    0.217676] pci 0000:00:18.7: PME# supported from D0 D3hot D3cold
[    0.217695] pci 0000:00:18.7: PME# disabled
[    0.218726] pci 0000:02:00.0: reg 20 io port: [0x20c0-0x20df]
[    0.219201] pci 0000:02:01.0: reg 10 io port: [0x2000-0x207f]
[    0.219403] pci 0000:02:01.0: reg 30 32bit mmio pref: [0x000000-0x00ffff]
[    0.219943] pci 0000:02:02.0: reg 10 io port: [0x2080-0x20bf]
[    0.220745] pci 0000:02:03.0: reg 10 32bit mmio: [0xc9000000-0xc9000fff]
[    0.221321] pci 0000:00:11.0: transparent bridge
[    0.221341] pci 0000:00:11.0: bridge io port: [0x2000-0x3fff]
[    0.221361] pci 0000:00:11.0: bridge 32bit mmio: [0xc9000000-0xca3fffff]
[    0.221399] pci 0000:00:11.0: bridge 64bit mmio pref: [0xd8400000-0xd89fffff]
[    0.221757] pci 0000:00:15.0: bridge io port: [0x4000-0x4fff]
[    0.221777] pci 0000:00:15.0: bridge 32bit mmio: [0xca400000-0xca4fffff]
[    0.221861] pci 0000:00:15.0: bridge 64bit mmio pref: [0xd8a00000-0xd8afffff]
[    0.222259] pci 0000:00:15.1: bridge io port: [0x8000-0x8fff]
[    0.222279] pci 0000:00:15.1: bridge 32bit mmio: [0xca800000-0xca8fffff]
[    0.222317] pci 0000:00:15.1: bridge 64bit mmio pref: [0xd8e00000-0xd8efffff]
[    0.222716] pci 0000:00:15.2: bridge io port: [0xc000-0xcfff]
[    0.222736] pci 0000:00:15.2: bridge 32bit mmio: [0xcac00000-0xcacfffff]
[    0.222774] pci 0000:00:15.2: bridge 64bit mmio pref: [0xd9200000-0xd92fffff]
[    0.223257] pci 0000:00:15.3: bridge 32bit mmio: [0xcb000000-0xcb0fffff]
[    0.223295] pci 0000:00:15.3: bridge 64bit mmio pref: [0xd9600000-0xd96fffff]
[    0.223805] pci 0000:00:15.4: bridge 32bit mmio: [0xcb400000-0xcb4fffff]
[    0.223843] pci 0000:00:15.4: bridge 64bit mmio pref: [0xd9a00000-0xd9afffff]
[    0.224225] pci 0000:00:15.5: bridge 32bit mmio: [0xcb800000-0xcb8fffff]
[    0.224263] pci 0000:00:15.5: bridge 64bit mmio pref: [0xd9e00000-0xd9efffff]
[    0.224639] pci 0000:00:15.6: bridge 32bit mmio: [0xcbc00000-0xcbcfffff]
[    0.224677] pci 0000:00:15.6: bridge 64bit mmio pref: [0xda200000-0xda2fffff]
[    0.225057] pci 0000:00:15.7: bridge 32bit mmio: [0xcc000000-0xcc0fffff]
[    0.225095] pci 0000:00:15.7: bridge 64bit mmio pref: [0xda600000-0xda6fffff]
[    0.225450] pci 0000:00:16.0: bridge io port: [0x5000-0x5fff]
[    0.225470] pci 0000:00:16.0: bridge 32bit mmio: [0xca500000-0xca5fffff]
[    0.225508] pci 0000:00:16.0: bridge 64bit mmio pref: [0xd8b00000-0xd8bfffff]
[    0.225864] pci 0000:00:16.1: bridge io port: [0x9000-0x9fff]
[    0.225884] pci 0000:00:16.1: bridge 32bit mmio: [0xca900000-0xca9fffff]
[    0.225926] pci 0000:00:16.1: bridge 64bit mmio pref: [0xd8f00000-0xd8ffffff]
[    0.226281] pci 0000:00:16.2: bridge io port: [0xd000-0xdfff]
[    0.226301] pci 0000:00:16.2: bridge 32bit mmio: [0xcad00000-0xcadfffff]
[    0.226339] pci 0000:00:16.2: bridge 64bit mmio pref: [0xd9300000-0xd93fffff]
[    0.226713] pci 0000:00:16.3: bridge 32bit mmio: [0xcb100000-0xcb1fffff]
[    0.226751] pci 0000:00:16.3: bridge 64bit mmio pref: [0xd9700000-0xd97fffff]
[    0.227126] pci 0000:00:16.4: bridge 32bit mmio: [0xcb500000-0xcb5fffff]
[    0.227161] pci 0000:00:16.4: bridge 64bit mmio pref: [0xd9b00000-0xd9bfffff]
[    0.227532] pci 0000:00:16.5: bridge 32bit mmio: [0xcb900000-0xcb9fffff]
[    0.227567] pci 0000:00:16.5: bridge 64bit mmio pref: [0xd9f00000-0xd9ffffff]
[    0.227943] pci 0000:00:16.6: bridge 32bit mmio: [0xcbd00000-0xcbdfffff]
[    0.227989] pci 0000:00:16.6: bridge 64bit mmio pref: [0xda300000-0xda3fffff]
[    0.228340] pci 0000:00:16.7: bridge 32bit mmio: [0xcc100000-0xcc1fffff]
[    0.228375] pci 0000:00:16.7: bridge 64bit mmio pref: [0xda700000-0xda7fffff]
[    0.228707] pci 0000:00:17.0: bridge io port: [0x6000-0x6fff]
[    0.228725] pci 0000:00:17.0: bridge 32bit mmio: [0xca600000-0xca6fffff]
[    0.228761] pci 0000:00:17.0: bridge 64bit mmio pref: [0xd8c00000-0xd8cfffff]
[    0.229118] pci 0000:00:17.1: bridge io port: [0xa000-0xafff]
[    0.229137] pci 0000:00:17.1: bridge 32bit mmio: [0xcaa00000-0xcaafffff]
[    0.229172] pci 0000:00:17.1: bridge 64bit mmio pref: [0xd9000000-0xd90fffff]
[    0.229504] pci 0000:00:17.2: bridge io port: [0xe000-0xefff]
[    0.229522] pci 0000:00:17.2: bridge 32bit mmio: [0xcae00000-0xcaefffff]
[    0.229558] pci 0000:00:17.2: bridge 64bit mmio pref: [0xd9400000-0xd94fffff]
[    0.229908] pci 0000:00:17.3: bridge 32bit mmio: [0xcb200000-0xcb2fffff]
[    0.229963] pci 0000:00:17.3: bridge 64bit mmio pref: [0xd9800000-0xd98fffff]
[    0.230312] pci 0000:00:17.4: bridge 32bit mmio: [0xcb600000-0xcb6fffff]
[    0.230347] pci 0000:00:17.4: bridge 64bit mmio pref: [0xd9c00000-0xd9cfffff]
[    0.230698] pci 0000:00:17.5: bridge 32bit mmio: [0xcba00000-0xcbafffff]
[    0.230733] pci 0000:00:17.5: bridge 64bit mmio pref: [0xda000000-0xda0fffff]
[    0.231113] pci 0000:00:17.6: bridge 32bit mmio: [0xcbe00000-0xcbefffff]
[    0.231151] pci 0000:00:17.6: bridge 64bit mmio pref: [0xda400000-0xda4fffff]
[    0.231510] pci 0000:00:17.7: bridge 32bit mmio: [0xcc200000-0xcc2fffff]
[    0.231546] pci 0000:00:17.7: bridge 64bit mmio pref: [0xda800000-0xda8fffff]
[    0.231887] pci 0000:00:18.0: bridge io port: [0x7000-0x7fff]
[    0.231914] pci 0000:00:18.0: bridge 32bit mmio: [0xca700000-0xca7fffff]
[    0.232033] pci 0000:00:18.0: bridge 64bit mmio pref: [0xd8d00000-0xd8dfffff]
[    0.232369] pci 0000:00:18.1: bridge io port: [0xb000-0xbfff]
[    0.232388] pci 0000:00:18.1: bridge 32bit mmio: [0xcab00000-0xcabfffff]
[    0.232423] pci 0000:00:18.1: bridge 64bit mmio pref: [0xd9100000-0xd91fffff]
[    0.232756] pci 0000:00:18.2: bridge io port: [0xf000-0xffff]
[    0.232774] pci 0000:00:18.2: bridge 32bit mmio: [0xcaf00000-0xcaffffff]
[    0.232810] pci 0000:00:18.2: bridge 64bit mmio pref: [0xd9500000-0xd95fffff]
[    0.233181] pci 0000:00:18.3: bridge 32bit mmio: [0xcb300000-0xcb3fffff]
[    0.233216] pci 0000:00:18.3: bridge 64bit mmio pref: [0xd9900000-0xd99fffff]
[    0.233565] pci 0000:00:18.4: bridge 32bit mmio: [0xcb700000-0xcb7fffff]
[    0.233601] pci 0000:00:18.4: bridge 64bit mmio pref: [0xd9d00000-0xd9dfffff]
[    0.234457] pci 0000:00:18.5: bridge 32bit mmio: [0xcbb00000-0xcbbfffff]
[    0.234493] pci 0000:00:18.5: bridge 64bit mmio pref: [0xda100000-0xda1fffff]
[    0.234846] pci 0000:00:18.6: bridge 32bit mmio: [0xcbf00000-0xcbffffff]
[    0.234882] pci 0000:00:18.6: bridge 64bit mmio pref: [0xda500000-0xda5fffff]
[    0.235258] pci 0000:00:18.7: bridge 32bit mmio: [0xcc300000-0xcc3fffff]
[    0.235293] pci 0000:00:18.7: bridge 64bit mmio pref: [0xda900000-0xda9fffff]
[    0.236787] pci_bus 0000:00: on NUMA node 0
[    0.236794] ACPI: PCI Interrupt Routing Table [\_SB_.PCI0._PRT]
[    0.452073] ACPI: PCI Interrupt Link [LNKA] (IRQs 3 4 5 6 7 *9 10 11 14 15)
[    0.452228] ACPI: PCI Interrupt Link [LNKB] (IRQs 3 4 5 6 7 9 10 *11 14 15)
[    0.452379] ACPI: PCI Interrupt Link [LNKC] (IRQs 3 4 5 6 7 9 *10 11 14 15)
[    0.452528] ACPI: PCI Interrupt Link [LNKD] (IRQs 3 4 *5 6 7 9 10 11 14 15)
[    0.452686] vgaarb: device added: PCI:0000:00:0f.0,decodes=io+mem,owns=io+mem,locks=none
[    0.452696] vgaarb: loaded
[    0.452784] SCSI subsystem initialized
[    0.452828] libata version 3.00 loaded.
[    0.452868] usbcore: registered new interface driver usbfs
[    0.452879] usbcore: registered new interface driver hub
[    0.452895] usbcore: registered new device driver usb
[    0.452962] PCI: Using ACPI for IRQ routing
[    0.453921] NetLabel: Initializing
[    0.453922] NetLabel:  domain hash size = 128
[    0.453923] NetLabel:  protocols = UNLABELED CIPSOv4
[    0.453930] NetLabel:  unlabeled traffic allowed by default
[    0.453963] hpet0: at MMIO 0xfed00000, IRQs 2, 8, 0, 0, 0, 0, 0, 0, 0, 0, 0, 0, 0, 0, 0, 0
[    0.453969] hpet0: 16 comparators, 64-bit 14.318180 MHz counter
[    0.455998] Switching to clocksource tsc
[    0.464469] pnp: PnP ACPI init
[    0.464483] ACPI: bus type pnp registered
[    0.514273] pnp: PnP ACPI: found 14 devices
[    0.514275] ACPI: ACPI bus type pnp unregistered
[    0.514278] PnPBIOS: Disabled by ACPI PNP
[    0.514289] system 00:01: ioport range 0x1000-0x103f has been reserved
[    0.514291] system 00:01: ioport range 0x1040-0x104f has been reserved
[    0.514293] system 00:01: ioport range 0xcf0-0xcf1 has been reserved
[    0.514299] system 00:08: iomem range 0xfed00000-0xfed003ff has been reserved
[    0.514303] system 00:0d: ioport range 0x1060-0x107f has been reserved
[    0.514305] system 00:0d: iomem range 0xe0000000-0xefffffff has been reserved
[    0.514306] system 00:0d: iomem range 0xc8200000-0xc83fffff has been reserved
[    0.548970] pci 0000:00:15.3: BAR 13: can't allocate I/O resource [0x10000-0xffff]
[    0.548974] pci 0000:00:15.4: BAR 13: can't allocate I/O resource [0x10000-0xffff]
[    0.548977] pci 0000:00:15.5: BAR 13: can't allocate I/O resource [0x10000-0xffff]
[    0.548980] pci 0000:00:15.6: BAR 13: can't allocate I/O resource [0x10000-0xffff]
[    0.548982] pci 0000:00:15.7: BAR 13: can't allocate I/O resource [0x10000-0xffff]
[    0.548985] pci 0000:00:16.3: BAR 13: can't allocate I/O resource [0x10000-0xffff]
[    0.548987] pci 0000:00:16.4: BAR 13: can't allocate I/O resource [0x10000-0xffff]
[    0.548990] pci 0000:00:16.5: BAR 13: can't allocate I/O resource [0x10000-0xffff]
[    0.548993] pci 0000:00:16.6: BAR 13: can't allocate I/O resource [0x10000-0xffff]
[    0.548995] pci 0000:00:16.7: BAR 13: can't allocate I/O resource [0x10000-0xffff]
[    0.548998] pci 0000:00:17.3: BAR 13: can't allocate I/O resource [0x10000-0xffff]
[    0.549001] pci 0000:00:17.4: BAR 13: can't allocate I/O resource [0x10000-0xffff]
[    0.549003] pci 0000:00:17.5: BAR 13: can't allocate I/O resource [0x10000-0xffff]
[    0.549006] pci 0000:00:17.6: BAR 13: can't allocate I/O resource [0x10000-0xffff]
[    0.549009] pci 0000:00:17.7: BAR 13: can't allocate I/O resource [0x10000-0xffff]
[    0.549011] pci 0000:00:18.3: BAR 13: can't allocate I/O resource [0x10000-0xffff]
[    0.549014] pci 0000:00:18.4: BAR 13: can't allocate I/O resource [0x10000-0xffff]
[    0.549016] pci 0000:00:18.5: BAR 13: can't allocate I/O resource [0x10000-0xffff]
[    0.549019] pci 0000:00:18.6: BAR 13: can't allocate I/O resource [0x10000-0xffff]
[    0.549022] pci 0000:00:18.7: BAR 13: can't allocate I/O resource [0x10000-0xffff]
[    0.549024] pci 0000:00:01.0: PCI bridge, secondary bus 0000:01
[    0.549025] pci 0000:00:01.0:   IO window: disabled
[    0.549054] pci 0000:00:01.0:   MEM window: disabled
[    0.549073] pci 0000:00:01.0:   PREFETCH window: disabled
[    0.549110] pci 0000:00:11.0: PCI bridge, secondary bus 0000:02
[    0.549121] pci 0000:00:11.0:   IO window: 0x2000-0x3fff
[    0.549149] pci 0000:00:11.0:   MEM window: 0xc9000000-0xca3fffff
[    0.549168] pci 0000:00:11.0:   PREFETCH window: 0x000000d8400000-0x000000d89fffff
[    0.549216] pci 0000:00:15.0: PCI bridge, secondary bus 0000:03
[    0.549230] pci 0000:00:15.0:   IO window: 0x4000-0x4fff
[    0.549270] pci 0000:00:15.0:   MEM window: 0xca400000-0xca4fffff
[    0.549289] pci 0000:00:15.0:   PREFETCH window: 0x000000d8a00000-0x000000d8afffff
[    0.549337] pci 0000:00:15.1: PCI bridge, secondary bus 0000:04
[    0.549348] pci 0000:00:15.1:   IO window: 0x8000-0x8fff
[    0.549376] pci 0000:00:15.1:   MEM window: 0xca800000-0xca8fffff
[    0.549395] pci 0000:00:15.1:   PREFETCH window: 0x000000d8e00000-0x000000d8efffff
[    0.549435] pci 0000:00:15.2: PCI bridge, secondary bus 0000:05
[    0.549446] pci 0000:00:15.2:   IO window: 0xc000-0xcfff
[    0.549474] pci 0000:00:15.2:   MEM window: 0xcac00000-0xcacfffff
[    0.549493] pci 0000:00:15.2:   PREFETCH window: 0x000000d9200000-0x000000d92fffff
[    0.549533] pci 0000:00:15.3: PCI bridge, secondary bus 0000:06
[    0.549534] pci 0000:00:15.3:   IO window: disabled
[    0.549562] pci 0000:00:15.3:   MEM window: 0xcb000000-0xcb0fffff
[    0.549581] pci 0000:00:15.3:   PREFETCH window: 0x000000d9600000-0x000000d96fffff
[    0.549620] pci 0000:00:15.4: PCI bridge, secondary bus 0000:07
[    0.549622] pci 0000:00:15.4:   IO window: disabled
[    0.549650] pci 0000:00:15.4:   MEM window: 0xcb400000-0xcb4fffff
[    0.549669] pci 0000:00:15.4:   PREFETCH window: 0x000000d9a00000-0x000000d9afffff
[    0.549709] pci 0000:00:15.5: PCI bridge, secondary bus 0000:08
[    0.549710] pci 0000:00:15.5:   IO window: disabled
[    0.549738] pci 0000:00:15.5:   MEM window: 0xcb800000-0xcb8fffff
[    0.549757] pci 0000:00:15.5:   PREFETCH window: 0x000000d9e00000-0x000000d9efffff
[    0.549797] pci 0000:00:15.6: PCI bridge, secondary bus 0000:09
[    0.549798] pci 0000:00:15.6:   IO window: disabled
[    0.549826] pci 0000:00:15.6:   MEM window: 0xcbc00000-0xcbcfffff
[    0.549845] pci 0000:00:15.6:   PREFETCH window: 0x000000da200000-0x000000da2fffff
[    0.549884] pci 0000:00:15.7: PCI bridge, secondary bus 0000:0a
[    0.549886] pci 0000:00:15.7:   IO window: disabled
[    0.549913] pci 0000:00:15.7:   MEM window: 0xcc000000-0xcc0fffff
[    0.549933] pci 0000:00:15.7:   PREFETCH window: 0x000000da600000-0x000000da6fffff
[    0.549972] pci 0000:00:16.0: PCI bridge, secondary bus 0000:0b
[    0.549983] pci 0000:00:16.0:   IO window: 0x5000-0x5fff
[    0.550011] pci 0000:00:16.0:   MEM window: 0xca500000-0xca5fffff
[    0.550030] pci 0000:00:16.0:   PREFETCH window: 0x000000d8b00000-0x000000d8bfffff
[    0.550070] pci 0000:00:16.1: PCI bridge, secondary bus 0000:0c
[    0.550081] pci 0000:00:16.1:   IO window: 0x9000-0x9fff
[    0.550109] pci 0000:00:16.1:   MEM window: 0xca900000-0xca9fffff
[    0.550128] pci 0000:00:16.1:   PREFETCH window: 0x000000d8f00000-0x000000d8ffffff
[    0.550167] pci 0000:00:16.2: PCI bridge, secondary bus 0000:0d
[    0.550178] pci 0000:00:16.2:   IO window: 0xd000-0xdfff
[    0.550223] pci 0000:00:16.2:   MEM window: 0xcad00000-0xcadfffff
[    0.550244] pci 0000:00:16.2:   PREFETCH window: 0x000000d9300000-0x000000d93fffff
[    0.550308] pci 0000:00:16.3: PCI bridge, secondary bus 0000:0e
[    0.550309] pci 0000:00:16.3:   IO window: disabled
[    0.550339] pci 0000:00:16.3:   MEM window: 0xcb100000-0xcb1fffff
[    0.550368] pci 0000:00:16.3:   PREFETCH window: 0x000000d9700000-0x000000d97fffff
[    0.550407] pci 0000:00:16.4: PCI bridge, secondary bus 0000:0f
[    0.550409] pci 0000:00:16.4:   IO window: disabled
[    0.550436] pci 0000:00:16.4:   MEM window: 0xcb500000-0xcb5fffff
[    0.550456] pci 0000:00:16.4:   PREFETCH window: 0x000000d9b00000-0x000000d9bfffff
[    0.550495] pci 0000:00:16.5: PCI bridge, secondary bus 0000:10
[    0.550497] pci 0000:00:16.5:   IO window: disabled
[    0.550524] pci 0000:00:16.5:   MEM window: 0xcb900000-0xcb9fffff
[    0.550543] pci 0000:00:16.5:   PREFETCH window: 0x000000d9f00000-0x000000d9ffffff
[    0.550583] pci 0000:00:16.6: PCI bridge, secondary bus 0000:11
[    0.550584] pci 0000:00:16.6:   IO window: disabled
[    0.550612] pci 0000:00:16.6:   MEM window: 0xcbd00000-0xcbdfffff
[    0.550631] pci 0000:00:16.6:   PREFETCH window: 0x000000da300000-0x000000da3fffff
[    0.550671] pci 0000:00:16.7: PCI bridge, secondary bus 0000:12
[    0.550672] pci 0000:00:16.7:   IO window: disabled
[    0.550700] pci 0000:00:16.7:   MEM window: 0xcc100000-0xcc1fffff
[    0.550719] pci 0000:00:16.7:   PREFETCH window: 0x000000da700000-0x000000da7fffff
[    0.550759] pci 0000:00:17.0: PCI bridge, secondary bus 0000:13
[    0.550770] pci 0000:00:17.0:   IO window: 0x6000-0x6fff
[    0.550797] pci 0000:00:17.0:   MEM window: 0xca600000-0xca6fffff
[    0.550816] pci 0000:00:17.0:   PREFETCH window: 0x000000d8c00000-0x000000d8cfffff
[    0.550856] pci 0000:00:17.1: PCI bridge, secondary bus 0000:14
[    0.550867] pci 0000:00:17.1:   IO window: 0xa000-0xafff
[    0.550895] pci 0000:00:17.1:   MEM window: 0xcaa00000-0xcaafffff
[    0.550914] pci 0000:00:17.1:   PREFETCH window: 0x000000d9000000-0x000000d90fffff
[    0.550954] pci 0000:00:17.2: PCI bridge, secondary bus 0000:15
[    0.550965] pci 0000:00:17.2:   IO window: 0xe000-0xefff
[    0.550992] pci 0000:00:17.2:   MEM window: 0xcae00000-0xcaefffff
[    0.551011] pci 0000:00:17.2:   PREFETCH window: 0x000000d9400000-0x000000d94fffff
[    0.551051] pci 0000:00:17.3: PCI bridge, secondary bus 0000:16
[    0.551053] pci 0000:00:17.3:   IO window: disabled
[    0.551080] pci 0000:00:17.3:   MEM window: 0xcb200000-0xcb2fffff
[    0.551099] pci 0000:00:17.3:   PREFETCH window: 0x000000d9800000-0x000000d98fffff
[    0.551139] pci 0000:00:17.4: PCI bridge, secondary bus 0000:17
[    0.551140] pci 0000:00:17.4:   IO window: disabled
[    0.551168] pci 0000:00:17.4:   MEM window: 0xcb600000-0xcb6fffff
[    0.551196] pci 0000:00:17.4:   PREFETCH window: 0x000000d9c00000-0x000000d9cfffff
[    0.551252] pci 0000:00:17.5: PCI bridge, secondary bus 0000:18
[    0.551254] pci 0000:00:17.5:   IO window: disabled
[    0.551283] pci 0000:00:17.5:   MEM window: 0xcba00000-0xcbafffff
[    0.551304] pci 0000:00:17.5:   PREFETCH window: 0x000000da000000-0x000000da0fffff
[    0.551353] pci 0000:00:17.6: PCI bridge, secondary bus 0000:19
[    0.551355] pci 0000:00:17.6:   IO window: disabled
[    0.551383] pci 0000:00:17.6:   MEM window: 0xcbe00000-0xcbefffff
[    0.551402] pci 0000:00:17.6:   PREFETCH window: 0x000000da400000-0x000000da4fffff
[    0.551441] pci 0000:00:17.7: PCI bridge, secondary bus 0000:1a
[    0.551443] pci 0000:00:17.7:   IO window: disabled
[    0.551470] pci 0000:00:17.7:   MEM window: 0xcc200000-0xcc2fffff
[    0.551489] pci 0000:00:17.7:   PREFETCH window: 0x000000da800000-0x000000da8fffff
[    0.551529] pci 0000:00:18.0: PCI bridge, secondary bus 0000:1b
[    0.551540] pci 0000:00:18.0:   IO window: 0x7000-0x7fff
[    0.551567] pci 0000:00:18.0:   MEM window: 0xca700000-0xca7fffff
[    0.551586] pci 0000:00:18.0:   PREFETCH window: 0x000000d8d00000-0x000000d8dfffff
[    0.551626] pci 0000:00:18.1: PCI bridge, secondary bus 0000:1c
[    0.551636] pci 0000:00:18.1:   IO window: 0xb000-0xbfff
[    0.551664] pci 0000:00:18.1:   MEM window: 0xcab00000-0xcabfffff
[    0.551683] pci 0000:00:18.1:   PREFETCH window: 0x000000d9100000-0x000000d91fffff
[    0.551722] pci 0000:00:18.2: PCI bridge, secondary bus 0000:1d
[    0.551733] pci 0000:00:18.2:   IO window: 0xf000-0xffff
[    0.551761] pci 0000:00:18.2:   MEM window: 0xcaf00000-0xcaffffff
[    0.551780] pci 0000:00:18.2:   PREFETCH window: 0x000000d9500000-0x000000d95fffff
[    0.551819] pci 0000:00:18.3: PCI bridge, secondary bus 0000:1e
[    0.551821] pci 0000:00:18.3:   IO window: disabled
[    0.551848] pci 0000:00:18.3:   MEM window: 0xcb300000-0xcb3fffff
[    0.551867] pci 0000:00:18.3:   PREFETCH window: 0x000000d9900000-0x000000d99fffff
[    0.551918] pci 0000:00:18.4: PCI bridge, secondary bus 0000:1f
[    0.551920] pci 0000:00:18.4:   IO window: disabled
[    0.551947] pci 0000:00:18.4:   MEM window: 0xcb700000-0xcb7fffff
[    0.551966] pci 0000:00:18.4:   PREFETCH window: 0x000000d9d00000-0x000000d9dfffff
[    0.552006] pci 0000:00:18.5: PCI bridge, secondary bus 0000:20
[    0.552007] pci 0000:00:18.5:   IO window: disabled
[    0.552035] pci 0000:00:18.5:   MEM window: 0xcbb00000-0xcbbfffff
[    0.552054] pci 0000:00:18.5:   PREFETCH window: 0x000000da100000-0x000000da1fffff
[    0.552094] pci 0000:00:18.6: PCI bridge, secondary bus 0000:21
[    0.552095] pci 0000:00:18.6:   IO window: disabled
[    0.552123] pci 0000:00:18.6:   MEM window: 0xcbf00000-0xcbffffff
[    0.552142] pci 0000:00:18.6:   PREFETCH window: 0x000000da500000-0x000000da5fffff
[    0.552189] pci 0000:00:18.7: PCI bridge, secondary bus 0000:22
[    0.552191] pci 0000:00:18.7:   IO window: disabled
[    0.552229] pci 0000:00:18.7:   MEM window: 0xcc300000-0xcc3fffff
[    0.552257] pci 0000:00:18.7:   PREFETCH window: 0x000000da900000-0x000000da9fffff
[    0.552326] pci 0000:00:01.0: setting latency timer to 64
[    0.552416] pci 0000:00:15.0: setting latency timer to 64
[    0.552478] pci 0000:00:15.1: setting latency timer to 64
[    0.552540] pci 0000:00:15.2: setting latency timer to 64
[    0.552602] pci 0000:00:15.3: setting latency timer to 64
[    0.552664] pci 0000:00:15.4: setting latency timer to 64
[    0.552726] pci 0000:00:15.5: setting latency timer to 64
[    0.552788] pci 0000:00:15.6: setting latency timer to 64
[    0.552850] pci 0000:00:15.7: setting latency timer to 64
[    0.552912] pci 0000:00:16.0: setting latency timer to 64
[    0.552974] pci 0000:00:16.1: setting latency timer to 64
[    0.553035] pci 0000:00:16.2: setting latency timer to 64
[    0.553097] pci 0000:00:16.3: setting latency timer to 64
[    0.553159] pci 0000:00:16.4: setting latency timer to 64
[    0.553239] pci 0000:00:16.5: setting latency timer to 64
[    0.553323] pci 0000:00:16.6: setting latency timer to 64
[    0.553386] pci 0000:00:16.7: setting latency timer to 64
[    0.553447] pci 0000:00:17.0: setting latency timer to 64
[    0.553509] pci 0000:00:17.1: setting latency timer to 64
[    0.553571] pci 0000:00:17.2: setting latency timer to 64
[    0.553633] pci 0000:00:17.3: setting latency timer to 64
[    0.553695] pci 0000:00:17.4: setting latency timer to 64
[    0.553757] pci 0000:00:17.5: setting latency timer to 64
[    0.553819] pci 0000:00:17.6: setting latency timer to 64
[    0.553881] pci 0000:00:17.7: setting latency timer to 64
[    0.553943] pci 0000:00:18.0: setting latency timer to 64
[    0.554005] pci 0000:00:18.1: setting latency timer to 64
[    0.554067] pci 0000:00:18.2: setting latency timer to 64
[    0.554128] pci 0000:00:18.3: setting latency timer to 64
[    0.554207] pci 0000:00:18.4: setting latency timer to 64
[    0.554286] pci 0000:00:18.5: setting latency timer to 64
[    0.554348] pci 0000:00:18.6: setting latency timer to 64
[    0.554410] pci 0000:00:18.7: setting latency timer to 64
[    0.554421] pci_bus 0000:00: resource 0 io:  [0x00-0xffff]
[    0.554423] pci_bus 0000:00: resource 1 mem: [0x000000-0xffffffffffffffff]
[    0.554426] pci_bus 0000:02: resource 0 io:  [0x2000-0x3fff]
[    0.554428] pci_bus 0000:02: resource 1 mem: [0xc9000000-0xca3fffff]
[    0.554429] pci_bus 0000:02: resource 2 pref mem [0xd8400000-0xd89fffff]
[    0.554431] pci_bus 0000:02: resource 3 io:  [0x00-0xffff]
[    0.554433] pci_bus 0000:02: resource 4 mem: [0x000000-0xffffffffffffffff]
[    0.554435] pci_bus 0000:03: resource 0 io:  [0x4000-0x4fff]
[    0.554437] pci_bus 0000:03: resource 1 mem: [0xca400000-0xca4fffff]
[    0.554439] pci_bus 0000:03: resource 2 pref mem [0xd8a00000-0xd8afffff]
[    0.554440] pci_bus 0000:04: resource 0 io:  [0x8000-0x8fff]
[    0.554442] pci_bus 0000:04: resource 1 mem: [0xca800000-0xca8fffff]
[    0.554444] pci_bus 0000:04: resource 2 pref mem [0xd8e00000-0xd8efffff]
[    0.554446] pci_bus 0000:05: resource 0 io:  [0xc000-0xcfff]
[    0.554448] pci_bus 0000:05: resource 1 mem: [0xcac00000-0xcacfffff]
[    0.554449] pci_bus 0000:05: resource 2 pref mem [0xd9200000-0xd92fffff]
[    0.554451] pci_bus 0000:06: resource 1 mem: [0xcb000000-0xcb0fffff]
[    0.554453] pci_bus 0000:06: resource 2 pref mem [0xd9600000-0xd96fffff]
[    0.554455] pci_bus 0000:07: resource 1 mem: [0xcb400000-0xcb4fffff]
[    0.554457] pci_bus 0000:07: resource 2 pref mem [0xd9a00000-0xd9afffff]
[    0.554459] pci_bus 0000:08: resource 1 mem: [0xcb800000-0xcb8fffff]
[    0.554460] pci_bus 0000:08: resource 2 pref mem [0xd9e00000-0xd9efffff]
[    0.554462] pci_bus 0000:09: resource 1 mem: [0xcbc00000-0xcbcfffff]
[    0.554464] pci_bus 0000:09: resource 2 pref mem [0xda200000-0xda2fffff]
[    0.554466] pci_bus 0000:0a: resource 1 mem: [0xcc000000-0xcc0fffff]
[    0.554468] pci_bus 0000:0a: resource 2 pref mem [0xda600000-0xda6fffff]
[    0.554469] pci_bus 0000:0b: resource 0 io:  [0x5000-0x5fff]
[    0.554471] pci_bus 0000:0b: resource 1 mem: [0xca500000-0xca5fffff]
[    0.554473] pci_bus 0000:0b: resource 2 pref mem [0xd8b00000-0xd8bfffff]
[    0.554475] pci_bus 0000:0c: resource 0 io:  [0x9000-0x9fff]
[    0.554476] pci_bus 0000:0c: resource 1 mem: [0xca900000-0xca9fffff]
[    0.554478] pci_bus 0000:0c: resource 2 pref mem [0xd8f00000-0xd8ffffff]
[    0.554480] pci_bus 0000:0d: resource 0 io:  [0xd000-0xdfff]
[    0.554482] pci_bus 0000:0d: resource 1 mem: [0xcad00000-0xcadfffff]
[    0.554484] pci_bus 0000:0d: resource 2 pref mem [0xd9300000-0xd93fffff]
[    0.554485] pci_bus 0000:0e: resource 1 mem: [0xcb100000-0xcb1fffff]
[    0.554487] pci_bus 0000:0e: resource 2 pref mem [0xd9700000-0xd97fffff]
[    0.554489] pci_bus 0000:0f: resource 1 mem: [0xcb500000-0xcb5fffff]
[    0.554491] pci_bus 0000:0f: resource 2 pref mem [0xd9b00000-0xd9bfffff]
[    0.554493] pci_bus 0000:10: resource 1 mem: [0xcb900000-0xcb9fffff]
[    0.554494] pci_bus 0000:10: resource 2 pref mem [0xd9f00000-0xd9ffffff]
[    0.554496] pci_bus 0000:11: resource 1 mem: [0xcbd00000-0xcbdfffff]
[    0.554498] pci_bus 0000:11: resource 2 pref mem [0xda300000-0xda3fffff]
[    0.554500] pci_bus 0000:12: resource 1 mem: [0xcc100000-0xcc1fffff]
[    0.554502] pci_bus 0000:12: resource 2 pref mem [0xda700000-0xda7fffff]
[    0.554504] pci_bus 0000:13: resource 0 io:  [0x6000-0x6fff]
[    0.554505] pci_bus 0000:13: resource 1 mem: [0xca600000-0xca6fffff]
[    0.554507] pci_bus 0000:13: resource 2 pref mem [0xd8c00000-0xd8cfffff]
[    0.554509] pci_bus 0000:14: resource 0 io:  [0xa000-0xafff]
[    0.554511] pci_bus 0000:14: resource 1 mem: [0xcaa00000-0xcaafffff]
[    0.554512] pci_bus 0000:14: resource 2 pref mem [0xd9000000-0xd90fffff]
[    0.554514] pci_bus 0000:15: resource 0 io:  [0xe000-0xefff]
[    0.554516] pci_bus 0000:15: resource 1 mem: [0xcae00000-0xcaefffff]
[    0.554518] pci_bus 0000:15: resource 2 pref mem [0xd9400000-0xd94fffff]
[    0.554520] pci_bus 0000:16: resource 1 mem: [0xcb200000-0xcb2fffff]
[    0.554521] pci_bus 0000:16: resource 2 pref mem [0xd9800000-0xd98fffff]
[    0.554523] pci_bus 0000:17: resource 1 mem: [0xcb600000-0xcb6fffff]
[    0.554525] pci_bus 0000:17: resource 2 pref mem [0xd9c00000-0xd9cfffff]
[    0.554527] pci_bus 0000:18: resource 1 mem: [0xcba00000-0xcbafffff]
[    0.554529] pci_bus 0000:18: resource 2 pref mem [0xda000000-0xda0fffff]
[    0.554530] pci_bus 0000:19: resource 1 mem: [0xcbe00000-0xcbefffff]
[    0.554532] pci_bus 0000:19: resource 2 pref mem [0xda400000-0xda4fffff]
[    0.554534] pci_bus 0000:1a: resource 1 mem: [0xcc200000-0xcc2fffff]
[    0.554536] pci_bus 0000:1a: resource 2 pref mem [0xda800000-0xda8fffff]
[    0.554538] pci_bus 0000:1b: resource 0 io:  [0x7000-0x7fff]
[    0.554539] pci_bus 0000:1b: resource 1 mem: [0xca700000-0xca7fffff]
[    0.554541] pci_bus 0000:1b: resource 2 pref mem [0xd8d00000-0xd8dfffff]
[    0.554543] pci_bus 0000:1c: resource 0 io:  [0xb000-0xbfff]
[    0.554545] pci_bus 0000:1c: resource 1 mem: [0xcab00000-0xcabfffff]
[    0.554547] pci_bus 0000:1c: resource 2 pref mem [0xd9100000-0xd91fffff]
[    0.554548] pci_bus 0000:1d: resource 0 io:  [0xf000-0xffff]
[    0.554550] pci_bus 0000:1d: resource 1 mem: [0xcaf00000-0xcaffffff]
[    0.554552] pci_bus 0000:1d: resource 2 pref mem [0xd9500000-0xd95fffff]
[    0.554554] pci_bus 0000:1e: resource 1 mem: [0xcb300000-0xcb3fffff]
[    0.554556] pci_bus 0000:1e: resource 2 pref mem [0xd9900000-0xd99fffff]
[    0.554557] pci_bus 0000:1f: resource 1 mem: [0xcb700000-0xcb7fffff]
[    0.554559] pci_bus 0000:1f: resource 2 pref mem [0xd9d00000-0xd9dfffff]
[    0.554561] pci_bus 0000:20: resource 1 mem: [0xcbb00000-0xcbbfffff]
[    0.554563] pci_bus 0000:20: resource 2 pref mem [0xda100000-0xda1fffff]
[    0.554565] pci_bus 0000:21: resource 1 mem: [0xcbf00000-0xcbffffff]
[    0.554566] pci_bus 0000:21: resource 2 pref mem [0xda500000-0xda5fffff]
[    0.554568] pci_bus 0000:22: resource 1 mem: [0xcc300000-0xcc3fffff]
[    0.554570] pci_bus 0000:22: resource 2 pref mem [0xda900000-0xda9fffff]
[    0.554591] NET: Registered protocol family 2
[    0.554608] RANDOM - __random32 called. Change num 7.  Value: e4915c27	228b7335	4c33f162
[    0.554610] RANDOM - random32 called.  Value: e4915c27	228b7335	4c33f162
[    0.554618] random 0000 0000 0000 00000000 00000000: rand_read_num 2 get_random_bytes(4): sig fffffe1a 00000000 00000000
[    0.554620] random 0000 0000 0000 00000000 00000000: extract_entropy(.. 4 ..)
[    0.554623] random 0000 0000 0000 00000000 00000000: going to reseed nonblocking with 64 bits (32 of 0 requested)
[    0.554625] random 0000 0000 0000 00000000 00000000: extract_entropy(.. 8 ..)
[    0.554627] random 0000 0000 0000 00000000 00000000: trying to extract 64 bits from input
[    0.554629] random 0000 0000 0000 00000000 00000000: debiting 0 entropy credits from input
[    0.554631] random 0000 0000 0000 00000000 00000000: extract_entropy account returned: 0 
[    0.554634] random 0000 0000 0000 00000000 00000000: urand_change_num 3 xfer_secondary_pool(4): pool_sig fffffe1a, data_sig 00000000, bytes_mixed 0 00000000 00000000
[    0.554637] random 0000 0000 0000 00000000 00000000: trying to extract 32 bits from nonblocking
[    0.554639] random 0000 0000 0000 00000000 00000000: debiting 32 entropy credits from nonblocking (unlimited)
[    0.554641] random 0000 0000 0000 00000000 00000000: extract_entropy account returned: 4 
[    0.554645] random 0000 0000 0000 00000000 00000000: urand_change_num 4 extract_buf: pool_sig fffffe1a, data_sig fffffed7, bytes_mixed 20 00000000 00000000
[    0.554674] IP route cache hash table entries: 32768 (order: 5, 131072 bytes)
[    0.554760] RANDOM - __random32 called. Change num 8.  Value: 15c279e2	28b73354	e2c5b58f
[    0.554762] RANDOM - random32 called.  Value: 15c279e2	28b73354	e2c5b58f
[    0.554818] RANDOM - __random32 called. Change num 9.  Value: 279e2b5f	8b733545	6b1e9d03
[    0.554820] RANDOM - random32 called.  Value: 279e2b5f	8b733545	6b1e9d03
[    0.554823] RANDOM - __random32 called. Change num 10.  Value: e2b5fc5e	b7335453	3a067d4e
[    0.554824] RANDOM - random32 called.  Value: e2b5fc5e	b7335453	3a067d4e
[    0.554845] RANDOM - __random32 called. Change num 11.  Value: 5fc5eba7	73354535	fa9d46b2
[    0.554847] RANDOM - random32 called.  Value: 5fc5eba7	73354535	fa9d46b2
[    0.554857] TCP established hash table entries: 131072 (order: 8, 1048576 bytes)
[    0.554966] TCP bind hash table entries: 65536 (order: 7, 524288 bytes)
[    0.555076] TCP: Hash tables configured (established 131072 bind 65536)
[    0.555078] TCP reno registered
[    0.555113] NET: Registered protocol family 1
[    0.555122] pci 0000:00:00.0: Limiting direct PCI/PCI transfers
[    0.555141] pci 0000:00:0f.0: Boot video device
[    0.555328] Trying to unpack rootfs image as initramfs...
[    1.618382] Freeing initrd memory: 83430k freed
[    1.622394] Simple Boot Flag at 0x36 set to 0x1
[    1.622440] cpufreq-nforce2: No nForce2 chipset.
[    1.622454] Scanning for low memory corruption every 60 seconds
[    1.622576] audit: initializing netlink socket (disabled)
[    1.622584] type=2000 audit(1369432948.608:1): initialized
[    1.626490] highmem bounce pool size: 64 pages
[    1.626495] HugeTLB registered 2 MB page size, pre-allocated 0 pages
[    1.626586] VFS: Disk quotas dquot_6.5.2
[    1.626616] Dquot-cache hash table entries: 1024 (order 0, 4096 bytes)
[    1.626693] fuse init (API version 7.13)
[    1.626737] msgmni has been set to 1729
[    1.627030] alg: No test for stdrng (krng)
[    1.627062] Block layer SCSI generic (bsg) driver version 0.4 loaded (major 253)
[    1.627065] io scheduler noop registered
[    1.627066] io scheduler anticipatory registered
[    1.627068] io scheduler deadline registered
[    1.627087] io scheduler cfq registered (default)
[    1.627133]   alloc irq_desc for 24 on node -1
[    1.627135]   alloc kstat_irqs on node -1
[    1.627181] pcieport 0000:00:15.0: irq 24 for MSI/MSI-X
[    1.627226] pcieport 0000:00:15.0: setting latency timer to 64
[    1.627272]   alloc irq_desc for 25 on node -1
[    1.627274]   alloc kstat_irqs on node -1
[    1.627319] pcieport 0000:00:15.1: irq 25 for MSI/MSI-X
[    1.627365] pcieport 0000:00:15.1: setting latency timer to 64
[    1.627411]   alloc irq_desc for 26 on node -1
[    1.627413]   alloc kstat_irqs on node -1
[    1.627458] pcieport 0000:00:15.2: irq 26 for MSI/MSI-X
[    1.627504] pcieport 0000:00:15.2: setting latency timer to 64
[    1.627549]   alloc irq_desc for 27 on node -1
[    1.627551]   alloc kstat_irqs on node -1
[    1.627597] pcieport 0000:00:15.3: irq 27 for MSI/MSI-X
[    1.627642] pcieport 0000:00:15.3: setting latency timer to 64
[    1.627688]   alloc irq_desc for 28 on node -1
[    1.627690]   alloc kstat_irqs on node -1
[    1.627735] pcieport 0000:00:15.4: irq 28 for MSI/MSI-X
[    1.627781] pcieport 0000:00:15.4: setting latency timer to 64
[    1.627827]   alloc irq_desc for 29 on node -1
[    1.627828]   alloc kstat_irqs on node -1
[    1.627874] pcieport 0000:00:15.5: irq 29 for MSI/MSI-X
[    1.627920] pcieport 0000:00:15.5: setting latency timer to 64
[    1.627965]   alloc irq_desc for 30 on node -1
[    1.627967]   alloc kstat_irqs on node -1
[    1.628013] pcieport 0000:00:15.6: irq 30 for MSI/MSI-X
[    1.628058] pcieport 0000:00:15.6: setting latency timer to 64
[    1.628104]   alloc irq_desc for 31 on node -1
[    1.628106]   alloc kstat_irqs on node -1
[    1.628151] pcieport 0000:00:15.7: irq 31 for MSI/MSI-X
[    1.628197] pcieport 0000:00:15.7: setting latency timer to 64
[    1.628242]   alloc irq_desc for 32 on node -1
[    1.628244]   alloc kstat_irqs on node -1
[    1.628290] pcieport 0000:00:16.0: irq 32 for MSI/MSI-X
[    1.628335] pcieport 0000:00:16.0: setting latency timer to 64
[    1.628381]   alloc irq_desc for 33 on node -1
[    1.628383]   alloc kstat_irqs on node -1
[    1.628428] pcieport 0000:00:16.1: irq 33 for MSI/MSI-X
[    1.628474] pcieport 0000:00:16.1: setting latency timer to 64
[    1.628520]   alloc irq_desc for 34 on node -1
[    1.628521]   alloc kstat_irqs on node -1
[    1.628567] pcieport 0000:00:16.2: irq 34 for MSI/MSI-X
[    1.628613] pcieport 0000:00:16.2: setting latency timer to 64
[    1.628658]   alloc irq_desc for 35 on node -1
[    1.628660]   alloc kstat_irqs on node -1
[    1.628706] pcieport 0000:00:16.3: irq 35 for MSI/MSI-X
[    1.628751] pcieport 0000:00:16.3: setting latency timer to 64
[    1.628797]   alloc irq_desc for 36 on node -1
[    1.628799]   alloc kstat_irqs on node -1
[    1.628844] pcieport 0000:00:16.4: irq 36 for MSI/MSI-X
[    1.628890] pcieport 0000:00:16.4: setting latency timer to 64
[    1.628935]   alloc irq_desc for 37 on node -1
[    1.628937]   alloc kstat_irqs on node -1
[    1.628983] pcieport 0000:00:16.5: irq 37 for MSI/MSI-X
[    1.629028] pcieport 0000:00:16.5: setting latency timer to 64
[    1.629074]   alloc irq_desc for 38 on node -1
[    1.629076]   alloc kstat_irqs on node -1
[    1.629121] pcieport 0000:00:16.6: irq 38 for MSI/MSI-X
[    1.629167] pcieport 0000:00:16.6: setting latency timer to 64
[    1.629213]   alloc irq_desc for 39 on node -1
[    1.629214]   alloc kstat_irqs on node -1
[    1.629260] pcieport 0000:00:16.7: irq 39 for MSI/MSI-X
[    1.629306] pcieport 0000:00:16.7: setting latency timer to 64
[    1.629351]   alloc irq_desc for 40 on node -1
[    1.629353]   alloc kstat_irqs on node -1
[    1.629399] pcieport 0000:00:17.0: irq 40 for MSI/MSI-X
[    1.629444] pcieport 0000:00:17.0: setting latency timer to 64
[    1.630418]   alloc irq_desc for 41 on node -1
[    1.630419]   alloc kstat_irqs on node -1
[    1.630465] pcieport 0000:00:17.1: irq 41 for MSI/MSI-X
[    1.630510] pcieport 0000:00:17.1: setting latency timer to 64
[    1.630556]   alloc irq_desc for 42 on node -1
[    1.630558]   alloc kstat_irqs on node -1
[    1.630604] pcieport 0000:00:17.2: irq 42 for MSI/MSI-X
[    1.630649] pcieport 0000:00:17.2: setting latency timer to 64
[    1.630695]   alloc irq_desc for 43 on node -1
[    1.630697]   alloc kstat_irqs on node -1
[    1.630742] pcieport 0000:00:17.3: irq 43 for MSI/MSI-X
[    1.630788] pcieport 0000:00:17.3: setting latency timer to 64
[    1.630833]   alloc irq_desc for 44 on node -1
[    1.630835]   alloc kstat_irqs on node -1
[    1.630881] pcieport 0000:00:17.4: irq 44 for MSI/MSI-X
[    1.630926] pcieport 0000:00:17.4: setting latency timer to 64
[    1.630972]   alloc irq_desc for 45 on node -1
[    1.630974]   alloc kstat_irqs on node -1
[    1.631019] pcieport 0000:00:17.5: irq 45 for MSI/MSI-X
[    1.631065] pcieport 0000:00:17.5: setting latency timer to 64
[    1.631111]   alloc irq_desc for 46 on node -1
[    1.631112]   alloc kstat_irqs on node -1
[    1.631158] pcieport 0000:00:17.6: irq 46 for MSI/MSI-X
[    1.631204] pcieport 0000:00:17.6: setting latency timer to 64
[    1.631249]   alloc irq_desc for 47 on node -1
[    1.631251]   alloc kstat_irqs on node -1
[    1.631297] pcieport 0000:00:17.7: irq 47 for MSI/MSI-X
[    1.631342] pcieport 0000:00:17.7: setting latency timer to 64
[    1.631388]   alloc irq_desc for 48 on node -1
[    1.631390]   alloc kstat_irqs on node -1
[    1.631435] pcieport 0000:00:18.0: irq 48 for MSI/MSI-X
[    1.631481] pcieport 0000:00:18.0: setting latency timer to 64
[    1.631526]   alloc irq_desc for 49 on node -1
[    1.631530]   alloc kstat_irqs on node -1
[    1.631575] pcieport 0000:00:18.1: irq 49 for MSI/MSI-X
[    1.631621] pcieport 0000:00:18.1: setting latency timer to 64
[    1.631667]   alloc irq_desc for 50 on node -1
[    1.631669]   alloc kstat_irqs on node -1
[    1.631714] pcieport 0000:00:18.2: irq 50 for MSI/MSI-X
[    1.631760] pcieport 0000:00:18.2: setting latency timer to 64
[    1.631806]   alloc irq_desc for 51 on node -1
[    1.631808]   alloc kstat_irqs on node -1
[    1.631853] pcieport 0000:00:18.3: irq 51 for MSI/MSI-X
[    1.631899] pcieport 0000:00:18.3: setting latency timer to 64
[    1.631944]   alloc irq_desc for 52 on node -1
[    1.631946]   alloc kstat_irqs on node -1
[    1.631992] pcieport 0000:00:18.4: irq 52 for MSI/MSI-X
[    1.632038] pcieport 0000:00:18.4: setting latency timer to 64
[    1.632083]   alloc irq_desc for 53 on node -1
[    1.632085]   alloc kstat_irqs on node -1
[    1.632131] pcieport 0000:00:18.5: irq 53 for MSI/MSI-X
[    1.632176] pcieport 0000:00:18.5: setting latency timer to 64
[    1.632222]   alloc irq_desc for 54 on node -1
[    1.632224]   alloc kstat_irqs on node -1
[    1.632269] pcieport 0000:00:18.6: irq 54 for MSI/MSI-X
[    1.632315] pcieport 0000:00:18.6: setting latency timer to 64
[    1.632361]   alloc irq_desc for 55 on node -1
[    1.632363]   alloc kstat_irqs on node -1
[    1.632408] pcieport 0000:00:18.7: irq 55 for MSI/MSI-X
[    1.632454] pcieport 0000:00:18.7: setting latency timer to 64
[    1.632499] pci_hotplug: PCI Hot Plug PCI Core version: 0.5
[    1.634426] pciehp 0000:00:15.0:pcie04: HPC vendor_id 15ad device_id 7a0 ss_vid 0 ss_did 0
[    1.634471] pciehp 0000:00:15.0:pcie04: service driver pciehp loaded
[    1.634517] pciehp 0000:00:15.1:pcie04: HPC vendor_id 15ad device_id 7a0 ss_vid 0 ss_did 0
[    1.634562] pciehp 0000:00:15.1:pcie04: service driver pciehp loaded
[    1.634608] pciehp 0000:00:15.2:pcie04: HPC vendor_id 15ad device_id 7a0 ss_vid 0 ss_did 0
[    1.634654] pciehp 0000:00:15.2:pcie04: service driver pciehp loaded
[    1.634699] pciehp 0000:00:15.3:pcie04: HPC vendor_id 15ad device_id 7a0 ss_vid 0 ss_did 0
[    1.634745] pciehp 0000:00:15.3:pcie04: service driver pciehp loaded
[    1.634791] pciehp 0000:00:15.4:pcie04: HPC vendor_id 15ad device_id 7a0 ss_vid 0 ss_did 0
[    1.634836] pciehp 0000:00:15.4:pcie04: service driver pciehp loaded
[    1.634882] pciehp 0000:00:15.5:pcie04: HPC vendor_id 15ad device_id 7a0 ss_vid 0 ss_did 0
[    1.634927] pciehp 0000:00:15.5:pcie04: service driver pciehp loaded
[    1.634973] pciehp 0000:00:15.6:pcie04: HPC vendor_id 15ad device_id 7a0 ss_vid 0 ss_did 0
[    1.635019] pciehp 0000:00:15.6:pcie04: service driver pciehp loaded
[    1.635064] pciehp 0000:00:15.7:pcie04: HPC vendor_id 15ad device_id 7a0 ss_vid 0 ss_did 0
[    1.635110] pciehp 0000:00:15.7:pcie04: service driver pciehp loaded
[    1.635156] pciehp 0000:00:16.0:pcie04: HPC vendor_id 15ad device_id 7a0 ss_vid 0 ss_did 0
[    1.635201] pciehp 0000:00:16.0:pcie04: service driver pciehp loaded
[    1.635247] pciehp 0000:00:16.1:pcie04: HPC vendor_id 15ad device_id 7a0 ss_vid 0 ss_did 0
[    1.635292] pciehp 0000:00:16.1:pcie04: service driver pciehp loaded
[    1.635338] pciehp 0000:00:16.2:pcie04: HPC vendor_id 15ad device_id 7a0 ss_vid 0 ss_did 0
[    1.635384] pciehp 0000:00:16.2:pcie04: service driver pciehp loaded
[    1.635429] pciehp 0000:00:16.3:pcie04: HPC vendor_id 15ad device_id 7a0 ss_vid 0 ss_did 0
[    1.635475] pciehp 0000:00:16.3:pcie04: service driver pciehp loaded
[    1.635520] pciehp 0000:00:16.4:pcie04: HPC vendor_id 15ad device_id 7a0 ss_vid 0 ss_did 0
[    1.635566] pciehp 0000:00:16.4:pcie04: service driver pciehp loaded
[    1.635612] pciehp 0000:00:16.5:pcie04: HPC vendor_id 15ad device_id 7a0 ss_vid 0 ss_did 0
[    1.635657] pciehp 0000:00:16.5:pcie04: service driver pciehp loaded
[    1.635703] pciehp 0000:00:16.6:pcie04: HPC vendor_id 15ad device_id 7a0 ss_vid 0 ss_did 0
[    1.635749] pciehp 0000:00:16.6:pcie04: service driver pciehp loaded
[    1.635794] pciehp 0000:00:16.7:pcie04: HPC vendor_id 15ad device_id 7a0 ss_vid 0 ss_did 0
[    1.635840] pciehp 0000:00:16.7:pcie04: service driver pciehp loaded
[    1.635885] pciehp 0000:00:17.0:pcie04: HPC vendor_id 15ad device_id 7a0 ss_vid 0 ss_did 0
[    1.635931] pciehp 0000:00:17.0:pcie04: service driver pciehp loaded
[    1.635977] pciehp 0000:00:17.1:pcie04: HPC vendor_id 15ad device_id 7a0 ss_vid 0 ss_did 0
[    1.636022] pciehp 0000:00:17.1:pcie04: service driver pciehp loaded
[    1.636068] pciehp 0000:00:17.2:pcie04: HPC vendor_id 15ad device_id 7a0 ss_vid 0 ss_did 0
[    1.636114] pciehp 0000:00:17.2:pcie04: service driver pciehp loaded
[    1.636159] pciehp 0000:00:17.3:pcie04: HPC vendor_id 15ad device_id 7a0 ss_vid 0 ss_did 0
[    1.636205] pciehp 0000:00:17.3:pcie04: service driver pciehp loaded
[    1.636250] pciehp 0000:00:17.4:pcie04: HPC vendor_id 15ad device_id 7a0 ss_vid 0 ss_did 0
[    1.636296] pciehp 0000:00:17.4:pcie04: service driver pciehp loaded
[    1.636342] pciehp 0000:00:17.5:pcie04: HPC vendor_id 15ad device_id 7a0 ss_vid 0 ss_did 0
[    1.636387] pciehp 0000:00:17.5:pcie04: service driver pciehp loaded
[    1.636433] pciehp 0000:00:17.6:pcie04: HPC vendor_id 15ad device_id 7a0 ss_vid 0 ss_did 0
[    1.636479] pciehp 0000:00:17.6:pcie04: service driver pciehp loaded
[    1.636524] pciehp 0000:00:17.7:pcie04: HPC vendor_id 15ad device_id 7a0 ss_vid 0 ss_did 0
[    1.636570] pciehp 0000:00:17.7:pcie04: service driver pciehp loaded
[    1.636615] pciehp 0000:00:18.0:pcie04: HPC vendor_id 15ad device_id 7a0 ss_vid 0 ss_did 0
[    1.636661] pciehp 0000:00:18.0:pcie04: service driver pciehp loaded
[    1.636707] pciehp 0000:00:18.1:pcie04: HPC vendor_id 15ad device_id 7a0 ss_vid 0 ss_did 0
[    1.636752] pciehp 0000:00:18.1:pcie04: service driver pciehp loaded
[    1.636798] pciehp 0000:00:18.2:pcie04: HPC vendor_id 15ad device_id 7a0 ss_vid 0 ss_did 0
[    1.636843] pciehp 0000:00:18.2:pcie04: service driver pciehp loaded
[    1.636889] pciehp 0000:00:18.3:pcie04: HPC vendor_id 15ad device_id 7a0 ss_vid 0 ss_did 0
[    1.636935] pciehp 0000:00:18.3:pcie04: service driver pciehp loaded
[    1.636980] pciehp 0000:00:18.4:pcie04: HPC vendor_id 15ad device_id 7a0 ss_vid 0 ss_did 0
[    1.637026] pciehp 0000:00:18.4:pcie04: service driver pciehp loaded
[    1.637072] pciehp 0000:00:18.5:pcie04: HPC vendor_id 15ad device_id 7a0 ss_vid 0 ss_did 0
[    1.637117] pciehp 0000:00:18.5:pcie04: service driver pciehp loaded
[    1.637163] pciehp 0000:00:18.6:pcie04: HPC vendor_id 15ad device_id 7a0 ss_vid 0 ss_did 0
[    1.637208] pciehp 0000:00:18.6:pcie04: service driver pciehp loaded
[    1.637254] pciehp 0000:00:18.7:pcie04: HPC vendor_id 15ad device_id 7a0 ss_vid 0 ss_did 0
[    1.637300] pciehp 0000:00:18.7:pcie04: service driver pciehp loaded
[    1.637307] pciehp: PCI Express Hot Plug Controller Driver version: 0.4
[    1.637356] ACPI: AC Adapter [ACAD] (on-line)
[    1.637409] input: Power Button as /devices/LNXSYSTM:00/LNXPWRBN:00/input/input0
[    1.637411] ACPI: Power Button [PWRF]
[    1.637457] processor LNXCPU:00: registered as cooling_device0
[    1.678326] isapnp: Scanning for PnP cards...
[    2.031831] isapnp: No Plug & Play device found
[    2.031862] random 0000 0000 0000 5f8db4e5 4cfdf2a8: initializing
[    2.031990] Linux agpgart interface v0.103
[    2.032031] agpgart-intel 0000:00:00.0: Intel 440BX Chipset
[    2.032084] agpgart-intel 0000:00:00.0: AGP aperture is 256M @ 0x0
[    2.032116] Serial: 8250/16550 driver, 32 ports, IRQ sharing enabled
[    2.032169] serial8250: ttyS0 at I/O 0x3f8 (irq = 4) is a 16550A
[    2.032222] serial8250: ttyS1 at I/O 0x2f8 (irq = 3) is a 16550A
[    2.032275] 00:0a: ttyS0 at I/O 0x3f8 (irq = 4) is a 16550A
[    2.032328] 00:0b: ttyS1 at I/O 0x2f8 (irq = 3) is a 16550A
[    2.032380] brd: module loaded
[    2.032433] loop: module loaded
[    2.032486] ata_piix 0000:00:07.1: version 2.13
[    2.032568] scsi0 : ata_piix
[    2.032617] scsi1 : ata_piix
[    2.032638] ata1: PATA max UDMA/33 cmd 0x1f0 ctl 0x3f6 bmdma 0x10c0 irq 14
[    2.032640] ata2: PATA max UDMA/33 cmd 0x170 ctl 0x376 bmdma 0x10c8 irq 15
[    2.032690] PPP generic driver version 2.4.2
[    2.032710] tun: Universal TUN/TAP device driver, 1.6
[    2.032712] tun: (C) 1999-2004 Max Krasnyansky <maxk@qualcomm.com>
[    2.032765] ehci_hcd: USB 2.0 'Enhanced' Host Controller (EHCI) Driver
[    2.032817] ACPI: PCI Interrupt Link [LNKB] enabled at IRQ 11
[    2.032820] PCI: setting IRQ 11 as level-triggered
[    2.032828] ehci_hcd 0000:02:03.0: PCI INT A -> Link[LNKB] -> GSI 11 (level, low) -> IRQ 11
[    2.032874] ehci_hcd 0000:02:03.0: EHCI Host Controller
[    2.032896] ehci_hcd 0000:02:03.0: new USB bus registered, assigned bus number 1
[    2.032949] ehci_hcd 0000:02:03.0: cache line size of 32 is not supported
[    2.032956] ehci_hcd 0000:02:03.0: irq 11, io mem 0xc9000000
[    2.033269] random 0000 0000 0000 00000000 00000000: rand_read_num 3 get_random_bytes(8): sig 00000000 00000000 00000000
[    2.033272] random 0000 0000 0000 00000000 00000000: extract_entropy(.. 8 ..)
[    2.033274] random 0000 0000 0000 00000000 00000000: going to reseed nonblocking with 64 bits (64 of 0 requested)
[    2.033277] random 0000 0000 0000 00000000 00000000: extract_entropy(.. 8 ..)
[    2.033279] random 0000 0000 0000 00000000 00000000: trying to extract 64 bits from input
[    2.033281] random 0000 0000 0000 00000000 00000000: debiting 0 entropy credits from input
[    2.033283] random 0000 0000 0000 00000000 00000000: extract_entropy account returned: 0 
[    2.033286] random 0000 0000 0000 00000000 00000000: urand_change_num 5 xfer_secondary_pool(8): pool_sig 00000000, data_sig 00000000, bytes_mixed 0 00000000 00000000
[    2.033289] random 0000 0000 0000 00000000 00000000: trying to extract 64 bits from nonblocking
[    2.033292] random 0000 0000 0000 00000000 00000000: debiting 64 entropy credits from nonblocking (unlimited)
[    2.033294] random 0000 0000 0000 00000000 00000000: extract_entropy account returned: 8 
[    2.033298] random 0000 0000 0000 00000000 00000000: urand_change_num 6 extract_buf: pool_sig 00000000, data_sig fffffff9, bytes_mixed 20 00000000 00000000
[    2.041786] ehci_hcd 0000:02:03.0: USB 2.0 started, EHCI 1.00
[    2.041839] usb usb1: configuration #1 chosen from 1 choice
[    2.041859] hub 1-0:1.0: USB hub found
[    2.041864] hub 1-0:1.0: 6 ports detected
[    2.041899] ohci_hcd: USB 1.1 'Open' Host Controller (OHCI) Driver
[    2.041911] uhci_hcd: USB Universal Host Controller Interface driver
[    2.041964] ACPI: PCI Interrupt Link [LNKC] enabled at IRQ 10
[    2.041966] PCI: setting IRQ 10 as level-triggered
[    2.041970] uhci_hcd 0000:02:00.0: PCI INT A -> Link[LNKC] -> GSI 10 (level, low) -> IRQ 10
[    2.042004] uhci_hcd 0000:02:00.0: UHCI Host Controller
[    2.042032] uhci_hcd 0000:02:00.0: new USB bus registered, assigned bus number 2
[    2.042136] uhci_hcd 0000:02:00.0: irq 10, io base 0x000020c0
[    2.042189] usb usb2: configuration #1 chosen from 1 choice
[    2.042203] hub 2-0:1.0: USB hub found
[    2.042207] hub 2-0:1.0: 2 ports detected
[    2.042260] usbcore: registered new interface driver libusual
[    2.042308] PNP: PS/2 Controller [PNP0303:KBC,PNP0f13:MOUS] at 0x60,0x64 irq 1,12
[    2.042640] serio: i8042 KBD port at 0x60,0x64 irq 1
[    2.042647] serio: i8042 AUX port at 0x60,0x64 irq 12
[    2.042679] mice: PS/2 mouse device common for all mice
[    2.042732] rtc_cmos 00:04: rtc core: registered rtc_cmos as rtc0
[    2.042747] rtc0: alarms up to one month, y3k, 114 bytes nvram, hpet irqs
[    2.042800] device-mapper: uevent: version 1.0.3
[    2.042930] device-mapper: ioctl: 4.15.0-ioctl (2009-04-01) initialised: dm-devel@redhat.com
[    2.042947] EISA: Probing bus 0 at eisa.0
[    2.042953] Cannot allocate resource for EISA slot 1
[    2.042955] Cannot allocate resource for EISA slot 2
[    2.042957] Cannot allocate resource for EISA slot 3
[    2.042959] Cannot allocate resource for EISA slot 4
[    2.042961] Cannot allocate resource for EISA slot 5
[    2.042962] Cannot allocate resource for EISA slot 6
[    2.042964] Cannot allocate resource for EISA slot 7
[    2.042966] Cannot allocate resource for EISA slot 8
[    2.042968] EISA: Detected 0 cards.
[    2.043010] cpuidle: using governor ladder
[    2.043012] cpuidle: using governor menu
[    2.043119] random 0000 0000 0000 00000000 00000000: rand_read_num 4 get_random_bytes(136): sig 0000021d 00000000 00000000
[    2.043122] random 0000 0000 0000 00000000 00000000: extract_entropy(.. 136 ..)
[    2.043125] random 0000 0000 0000 00000000 00000000: going to reseed nonblocking with 1024 bits (1088 of 0 requested)
[    2.043128] random 0000 0000 0000 00000000 00000000: extract_entropy(.. 128 ..)
[    2.043130] random 0000 0000 0000 00000000 00000000: trying to extract 1024 bits from input
[    2.043132] random 0000 0000 0000 00000000 00000000: debiting 0 entropy credits from input
[    2.043134] random 0000 0000 0000 00000000 00000000: extract_entropy account returned: 0 
[    2.043137] random 0000 0000 0000 00000000 00000000: urand_change_num 7 xfer_secondary_pool(136): pool_sig 0000021d, data_sig 00000000, bytes_mixed 0 00000000 00000000
[    2.043140] random 0000 0000 0000 00000000 00000000: trying to extract 1088 bits from nonblocking
[    2.043143] random 0000 0000 0000 00000000 00000000: debiting 1088 entropy credits from nonblocking (unlimited)
[    2.043145] random 0000 0000 0000 00000000 00000000: extract_entropy account returned: 136 
[    2.043149] random 0000 0000 0000 00000000 00000000: urand_change_num 8 extract_buf: pool_sig 0000021d, data_sig fffffff7, bytes_mixed 20 00000000 00000000
[    2.043154] random 0000 0000 0000 f961ee50 ba9cb1aa: urand_change_num 9 extract_buf: pool_sig 00000230, data_sig fffffeb4, bytes_mixed 20 f961ee50 ba9cb1aa
[    2.043158] random 0000 0000 0000 9748bdd6 56fb8af6: urand_change_num 10 extract_buf: pool_sig 00000373, data_sig 000000cf, bytes_mixed 20 9748bdd6 56fb8af6
[    2.043163] random 0000 0000 0000 9748bdd6 56fb8af6: urand_change_num 11 extract_buf: pool_sig fffffe49, data_sig 0000023f, bytes_mixed 20 9748bdd6 56fb8af6
[    2.043167] random 0000 0000 0000 a135be86 4777650e: urand_change_num 12 extract_buf: pool_sig fffffcce, data_sig 000000c6, bytes_mixed 20 a135be86 4777650e
[    2.043172] random 0000 0000 0000 4a6ea85d 170e00dd: urand_change_num 13 extract_buf: pool_sig ffffff97, data_sig ffffff7d, bytes_mixed 20 4a6ea85d 170e00dd
[    2.043176] random 0000 0000 0000 4a6ea85d 170e00dd: urand_change_num 14 extract_buf: pool_sig 00000160, data_sig fffffeea, bytes_mixed 20 4a6ea85d 170e00dd
[    2.043181] random 0000 0000 0000 6e87c3cb da668c73: urand_change_num 15 extract_buf: pool_sig 0000034f, data_sig ffffff54, bytes_mixed 20 6e87c3cb da668c73
[    2.043185] random 0000 0000 0000 6e87c3cb da668c73: urand_change_num 16 extract_buf: pool_sig fffffdc5, data_sig 00000205, bytes_mixed 20 6e87c3cb da668c73
[    2.043189] random 0000 0000 0000 39f531e6 461eb249: urand_change_num 17 extract_buf: pool_sig fffffc1d, data_sig ffffff5e, bytes_mixed 20 39f531e6 461eb249
[    2.043194] random 0000 0000 0000 7e1538a2 3e661182: urand_change_num 18 extract_buf: pool_sig 000006ef, data_sig ffffff2e, bytes_mixed 20 7e1538a2 3e661182
[    2.043198] random 0000 0000 0000 7e1538a2 3e661182: urand_change_num 19 extract_buf: pool_sig 00000317, data_sig fffffccb, bytes_mixed 20 7e1538a2 3e661182
[    2.043203] random 0000 0000 0000 76af506b 9b57305e: urand_change_num 20 extract_buf: pool_sig 00000227, data_sig ffffffd2, bytes_mixed 20 76af506b 9b57305e
[    2.043207] random 0000 0000 0000 37d49d89 e20417cc: urand_change_num 21 extract_buf: pool_sig 0000080b, data_sig 000001e9, bytes_mixed 20 37d49d89 e20417cc
[    2.043211] TCP cubic registered
[    2.043264] NET: Registered protocol family 10
[    2.043298] RANDOM - __random32 called. Change num 12.  Value: 5eba7c56	3354535f	8d65ceee
[    2.043300] RANDOM - random32 called.  Value: 5eba7c56	3354535f	8d65ceee
[    2.043309] random 0000 0000 0000 37d49d89 e20417cc: rand_read_num 5 get_random_bytes(4): sig 00000298 37d49d89 e20417cc
[    2.043311] random 0000 0000 0000 37d49d89 e20417cc: extract_entropy(.. 4 ..)
[    2.043313] random 0000 0000 0000 37d49d89 e20417cc: going to reseed nonblocking with 64 bits (32 of 0 requested)
[    2.043315] random 0000 0000 0000 37d49d89 e20417cc: extract_entropy(.. 8 ..)
[    2.043317] random 0000 0000 0000 37d49d89 e20417cc: trying to extract 64 bits from input
[    2.043319] random 0000 0000 0000 37d49d89 e20417cc: debiting 0 entropy credits from input
[    2.043321] random 0000 0000 0000 37d49d89 e20417cc: extract_entropy account returned: 0 
[    2.043324] random 0000 0000 0000 37d49d89 e20417cc: urand_change_num 22 xfer_secondary_pool(4): pool_sig 00000298, data_sig 00000000, bytes_mixed 0 37d49d89 e20417cc
[    2.043327] random 0000 0000 0000 37d49d89 e20417cc: trying to extract 32 bits from nonblocking
[    2.043329] random 0000 0000 0000 37d49d89 e20417cc: debiting 32 entropy credits from nonblocking (unlimited)
[    2.043331] random 0000 0000 0000 37d49d89 e20417cc: extract_entropy account returned: 4 
[    2.043334] random 0000 0000 0000 37d49d89 e20417cc: urand_change_num 23 extract_buf: pool_sig 00000298, data_sig 00000092, bytes_mixed 20 37d49d89 e20417cc
[    2.043387] RANDOM - __random32 called. Change num 13.  Value: a7c56226	354535ff	9ddcc977
[    2.043389] RANDOM - random32 called.  Value: a7c56226	354535ff	9ddcc977
[    2.043442] NET: Registered protocol family 17
[    2.043464] Using IPI No-Shortcut mode
[    2.043469] random 0000 0000 0000 2ee4c4fc 167bdb15: rand_read_num 6 get_random_bytes(8): sig fffffcbf 2ee4c4fc 167bdb15
[    2.043471] random 0000 0000 0000 2ee4c4fc 167bdb15: extract_entropy(.. 8 ..)
[    2.043473] random 0000 0000 0000 2ee4c4fc 167bdb15: going to reseed nonblocking with 64 bits (64 of 0 requested)
[    2.043475] random 0000 0000 0000 2ee4c4fc 167bdb15: extract_entropy(.. 8 ..)
[    2.043477] random 0000 0000 0000 2ee4c4fc 167bdb15: trying to extract 64 bits from input
[    2.043479] random 0000 0000 0000 2ee4c4fc 167bdb15: debiting 0 entropy credits from input
[    2.043481] random 0000 0000 0000 2ee4c4fc 167bdb15: extract_entropy account returned: 0 
[    2.043484] random 0000 0000 0000 2ee4c4fc 167bdb15: urand_change_num 24 xfer_secondary_pool(8): pool_sig fffffcbf, data_sig 00000000, bytes_mixed 0 2ee4c4fc 167bdb15
[    2.043487] random 0000 0000 0000 2ee4c4fc 167bdb15: trying to extract 64 bits from nonblocking
[    2.043489] random 0000 0000 0000 2ee4c4fc 167bdb15: debiting 64 entropy credits from nonblocking (unlimited)
[    2.043491] random 0000 0000 0000 2ee4c4fc 167bdb15: extract_entropy account returned: 8 
[    2.043494] random 0000 0000 0000 2ee4c4fc 167bdb15: urand_change_num 25 extract_buf: pool_sig fffffcbf, data_sig ffffff83, bytes_mixed 20 2ee4c4fc 167bdb15
[    2.043534] PM: Resume from disk failed.
[    2.043542] registered taskstats version 1
[    2.043544] random 0000 0000 0000 2ee4c4fc 167bdb15: rand_read_num 7 get_random_bytes(12): sig fffffc69 2ee4c4fc 167bdb15
[    2.043547] random 0000 0000 0000 2ee4c4fc 167bdb15: extract_entropy(.. 12 ..)
[    2.043549] random 0000 0000 0000 2ee4c4fc 167bdb15: going to reseed nonblocking with 96 bits (96 of 0 requested)
[    2.043551] random 0000 0000 0000 2ee4c4fc 167bdb15: extract_entropy(.. 12 ..)
[    2.043553] random 0000 0000 0000 2ee4c4fc 167bdb15: trying to extract 96 bits from input
[    2.043555] random 0000 0000 0000 2ee4c4fc 167bdb15: debiting 0 entropy credits from input
[    2.043557] random 0000 0000 0000 2ee4c4fc 167bdb15: extract_entropy account returned: 0 
[    2.043579] random 0000 0000 0000 2ee4c4fc 167bdb15: urand_change_num 26 xfer_secondary_pool(12): pool_sig fffffc69, data_sig 00000000, bytes_mixed 0 2ee4c4fc 167bdb15
[    2.043582] random 0000 0000 0000 2ee4c4fc 167bdb15: trying to extract 96 bits from nonblocking
[    2.043592] random 0000 0000 0000 2ee4c4fc 167bdb15: debiting 96 entropy credits from nonblocking (unlimited)
[    2.043595] random 0000 0000 0000 2ee4c4fc 167bdb15: extract_entropy account returned: 12 
[    2.043598] random 0000 0000 0000 2ee4c4fc 167bdb15: urand_change_num 27 extract_buf: pool_sig fffffc69, data_sig ffffff7d, bytes_mixed 20 2ee4c4fc 167bdb15
[    2.043603] random 0000 0000 0000 83b7c1ab 94697f48: urand_change_num 28 extract_buf: pool_sig fffffe30, data_sig fffffdd6, bytes_mixed 20 83b7c1ab 94697f48
[    2.043625] RANDOM - __seed init called.
[    2.043627] RANDOM - __seed init called.
[    2.043637] RANDOM - __seed init called.
[    2.043639] RANDOM - __random32 called. Change num 14.  Value: fc007995	feca4f80	21b38ad2
[    2.043640] RANDOM - random32_reseed called.  Value: fc007995	feca4f80	21b38ad2
[    2.043643] Pid: 1, comm: swapper Not tainted 2.6.32.57 #4
[    2.043644] Call Trace:
[    2.043650]  [<c14a8a0e>] ? printk+0x1d/0x1f
[    2.043655]  [<c17537e5>] random32_reseed+0x89/0xbd
[    2.043658]  [<c1003042>] do_one_initcall+0x32/0x1a0
[    2.043661]  [<c175375c>] ? random32_reseed+0x0/0xbd
[    2.043664]  [<c17308e7>] kernel_init+0x12d/0x17a
[    2.043666]  [<c17307ba>] ? kernel_init+0x0/0x17a
[    2.043669]  [<c1009b07>] kernel_thread_helper+0x7/0x10
[    2.046320] input: AT Translated Set 2 keyboard as /devices/platform/i8042/serio0/input/input1
[    2.046599] random 0000 0000 0000 6db70b00 b30ce96b: rand_read_num 8 get_random_bytes(64): sig fffffb38 6db70b00 b30ce96b
[    2.046602] random 0000 0000 0000 6db70b00 b30ce96b: extract_entropy(.. 64 ..)
[    2.046605] random 0000 0000 0000 6db70b00 b30ce96b: going to reseed nonblocking with 512 bits (512 of 0 requested)
[    2.046607] random 0000 0000 0000 6db70b00 b30ce96b: extract_entropy(.. 64 ..)
[    2.046609] random 0000 0000 0000 6db70b00 b30ce96b: trying to extract 512 bits from input
[    2.046612] random 0000 0000 0000 6db70b00 b30ce96b: debiting 0 entropy credits from input
[    2.046614] random 0000 0000 0000 6db70b00 b30ce96b: extract_entropy account returned: 0 
[    2.046617] random 0000 0000 0000 6db70b00 b30ce96b: urand_change_num 29 xfer_secondary_pool(64): pool_sig fffffb38, data_sig 00000000, bytes_mixed 0 6db70b00 b30ce96b
[    2.046620] random 0000 0000 0000 6db70b00 b30ce96b: trying to extract 512 bits from nonblocking
[    2.046622] random 0000 0000 0000 6db70b00 b30ce96b: debiting 512 entropy credits from nonblocking (unlimited)
[    2.046624] random 0000 0000 0000 6db70b00 b30ce96b: extract_entropy account returned: 64 
[    2.046628] random 0000 0000 0000 6db70b00 b30ce96b: urand_change_num 30 extract_buf: pool_sig fffffb38, data_sig 00000151, bytes_mixed 20 6db70b00 b30ce96b
[    2.046633] random 0000 0000 0000 6db70b00 b30ce96b: urand_change_num 31 extract_buf: pool_sig fffffdb8, data_sig 00000379, bytes_mixed 20 6db70b00 b30ce96b
[    2.046637] random 0000 0000 0000 6b83001e d4b6c0d3: urand_change_num 32 extract_buf: pool_sig ffffffc9, data_sig 00000198, bytes_mixed 20 6b83001e d4b6c0d3
[    2.046642] random 0000 0000 0000 79d3e3c7 be564518: urand_change_num 33 extract_buf: pool_sig 000002b9, data_sig ffffff84, bytes_mixed 20 79d3e3c7 be564518
[    2.046646] random 0000 0000 0000 79d3e3c7 be564518: urand_change_num 34 extract_buf: pool_sig ffffff55, data_sig ffffff5a, bytes_mixed 20 79d3e3c7 be564518
[    2.046650] random 0000 0000 0000 89c03cb2 0d353228: urand_change_num 35 extract_buf: pool_sig 00000007, data_sig ffffff17, bytes_mixed 20 89c03cb2 0d353228
[    2.046655] random 0000 0000 0000 89c03cb2 0d353228: urand_change_num 36 extract_buf: pool_sig fffffdae, data_sig 000000db, bytes_mixed 20 89c03cb2 0d353228  Magic number: 13:94:48
[    2.046751] rtc_cmos 00:04: setting system clock to 2013-05-24 22:02:29 UTC (1369432949)
[    2.046754] BIOS EDD facility v0.16 2004-Jun-25, 0 devices found
[    2.046755] EDD information not available.
[    2.046779] random 0000 0000 0000 8ca62387 b120332c: rand_read_num 9 get_random_bytes(64): sig fffffed6 8ca62387 b120332c
[    2.046782] random 0000 0000 0000 8ca62387 b120332c: extract_entropy(.. 64 ..)
[    2.046784] random 0000 0000 0000 8ca62387 b120332c: going to reseed nonblocking with 512 bits (512 of 0 requested)
[    2.046786] random 0000 0000 0000 8ca62387 b120332c: extract_entropy(.. 64 ..)
[    2.046788] random 0000 0000 0000 8ca62387 b120332c: trying to extract 512 bits from input
[    2.046791] random 0000 0000 0000 8ca62387 b120332c: debiting 0 entropy credits from input
[    2.046793] random 0000 0000 0000 8ca62387 b120332c: extract_entropy account returned: 0 
[    2.046796] random 0000 0000 0000 8ca62387 b120332c: urand_change_num 37 xfer_secondary_pool(64): pool_sig fffffed6, data_sig 00000000, bytes_mixed 0 8ca62387 b120332c
[    2.046798] random 0000 0000 0000 8ca62387 b120332c: trying to extract 512 bits from nonblocking
[    2.046802] random 0000 0000 0000 8ca62387 b120332c: debiting 512 entropy credits from nonblocking (unlimited)
[    2.046805] random 0000 0000 0000 8ca62387 b120332c: extract_entropy account returned: 64 
[    2.046810] random 0000 0000 0000 8ca62387 b120332c: urand_change_num 38 extract_buf: pool_sig fffffed6, data_sig fffffeb6, bytes_mixed 20 8ca62387 b120332c
[    2.046816] random 0000 0000 0000 90702413 e2a66c2e: urand_change_num 39 extract_buf: pool_sig fffffbb0, data_sig 0000012e, bytes_mixed 20 90702413 e2a66c2e
[    2.046822] random 0000 0000 0000 90702413 e2a66c2e: urand_change_num 40 extract_buf: pool_sig fffffaf1, data_sig ffffff3c, bytes_mixed 20 90702413 e2a66c2e
[    2.046827] random 0000 0000 0000 3f58038b c77aecb6: urand_change_num 41 extract_buf: pool_sig 00000234, data_sig fffffdec, bytes_mixed 20 3f58038b c77aecb6
[    2.046840] random 0000 0000 0000 47187b9d 03f21510: urand_change_num 42 extract_buf: pool_sig 00000192, data_sig 00000075, bytes_mixed 20 47187b9d 03f21510
[    2.046845] random 0000 0000 0000 47187b9d 03f21510: urand_change_num 43 extract_buf: pool_sig 0000018e, data_sig ffffffbf, bytes_mixed 20 47187b9d 03f21510
[    2.046849] random 0000 0000 0000 3180b1fc 0fa9c973: urand_change_num 44 extract_buf: pool_sig fffffecf, data_sig ffffff2a, bytes_mixed 20 3180b1fc 0fa9c973
[    2.046852] BEGIN NET_SECRET:
[    2.046853] \xffffff87
[    2.046854] \xffffff8d
[    2.046855] \xfffffff4
[    2.046857] \xffffffae
[    2.046858] \xffffffc3
[    2.046859] \xffffffb7
[    2.046860] \x31
[    2.046861] \x65
[    2.046862] \xffffffda
[    2.046864] \xffffffa2
[    2.046865] \x31
[    2.046866] \xffffffc8
[    2.046867] \xffffffa9
[    2.046868] \x76
[    2.046869] \x76
[    2.046870] \xffffff90
[    2.046872] \x55
[    2.046873] \xfffffff3
[    2.046874] \xffffffb1
[    2.046875] \x3
[    2.046876] \xffffffb3
[    2.046877] \xffffffa7
[    2.046879] \x5a
[    2.046880] \x71
[    2.046881] \x70
[    2.046882] \xffffff8c
[    2.046883] \x56
[    2.046884] \x25
[    2.046885] \xffffffe1
[    2.046886] \x4c
[    2.046888] \xffffffe6
[    2.046889] \xffffff95
[    2.046890] \x67
[    2.046891] \x4c
[    2.046892] \xffffffb9
[    2.046893] \x1d
[    2.046894] \xe
[    2.046896] \x34
[    2.046897] \xffffffbe
[    2.046898] \x12
[    2.046899] \x5
[    2.046900] \xffffff98
[    2.046901] \xffffffa0
[    2.046902] \xf
[    2.046904] \xffffffb2
[    2.046905] \xffffffde
[    2.046906] \xffffff99
[    2.046907] \xf
[    2.046908] \xffffffe8
[    2.046909] \xffffffc8
[    2.046910] \x1f
[    2.046912] \x54
[    2.046913] \x2c
[    2.046914] \xffffffee
[    2.046915] \x2e
[    2.046916] \x0
[    2.046917] \xffffff95
[    2.046918] \x0
[    2.046919] \xffffffe3
[    2.046921] \xffffffa7
[    2.046922] \xfffffffd
[    2.046923] \x66
[    2.046924] \xffffff92
[    2.046925] \xfffffff0
[    2.046926] 
[    2.046927] END NET_SECRET
[    2.046930] random 0000 0000 0000 3180b1fc 0fa9c973: rand_read_num 10 get_random_bytes(4): sig ffffff46 3180b1fc 0fa9c973
[    2.046932] random 0000 0000 0000 3180b1fc 0fa9c973: extract_entropy(.. 4 ..)
[    2.046935] random 0000 0000 0000 3180b1fc 0fa9c973: going to reseed nonblocking with 64 bits (32 of 0 requested)
[    2.046937] random 0000 0000 0000 3180b1fc 0fa9c973: extract_entropy(.. 8 ..)
[    2.046939] random 0000 0000 0000 3180b1fc 0fa9c973: trying to extract 64 bits from input
[    2.046941] random 0000 0000 0000 3180b1fc 0fa9c973: debiting 0 entropy credits from input
[    2.046943] random 0000 0000 0000 3180b1fc 0fa9c973: extract_entropy account returned: 0 
[    2.046946] random 0000 0000 0000 3180b1fc 0fa9c973: urand_change_num 45 xfer_secondary_pool(4): pool_sig ffffff46, data_sig 00000000, bytes_mixed 0 3180b1fc 0fa9c973
[    2.046949] random 0000 0000 0000 3180b1fc 0fa9c973: trying to extract 32 bits from nonblocking
[    2.046951] random 0000 0000 0000 3180b1fc 0fa9c973: debiting 32 entropy credits from nonblocking (unlimited)
[    2.046953] random 0000 0000 0000 3180b1fc 0fa9c973: extract_entropy account returned: 4 
[    2.046957] random 0000 0000 0000 3180b1fc 0fa9c973: urand_change_num 46 extract_buf: pool_sig ffffff46, data_sig 0000001b, bytes_mixed 20 3180b1fc 0fa9c973
[    2.219612] ata2.00: ATAPI: VMware Virtual IDE CDROM Drive, 00000001, max UDMA/33
[    2.219893] ata2.00: configured for UDMA/33
[    2.220273] scsi 1:0:0:0: CD-ROM            NECVMWar VMware IDE CDR10 1.00 PQ: 0 ANSI: 5
[    2.221533] sr0: scsi3-mmc drive: 306x/306x cd/rw xa/form2 cdda tray
[    2.221537] Uniform CD-ROM driver Revision: 3.20
[    2.221589] sr 1:0:0:0: Attached scsi CD-ROM sr0
[    2.221631] sr 1:0:0:0: Attached scsi generic sg0 type 5
[    2.221677] Freeing unused kernel memory: 652k freed
[    2.221730] Write protecting the kernel text: 4840k
[    2.221761] Write protecting the kernel read-only data: 1968k
[    2.221851] random 0000 0000 0000 38974d2b 1d8d6de0: rand_read_num 11 get_random_bytes(16): sig 000001c6 38974d2b 1d8d6de0
