[    0.000000] random 0000 0000 0000 00000000 00000000: rand_read_num 1 get_random_bytes(8): sig 00000000 00000000 00000000
[    0.000000] random 0000 0000 0000 00000000 00000000: extract_entropy(.. 8 ..)
[    0.000000] random 0000 0000 0000 00000000 00000000: going to reseed nonblocking with 64 bits (64 of 0 requested)
[    0.000000] random 0000 0000 0000 00000000 00000000: extract_entropy(.. 8 ..)
[    0.000000] random 0000 0000 0000 00000000 00000000: trying to extract 64 bits from input
[    0.000000] random 0000 0000 0000 00000000 00000000: debiting 0 entropy credits from input
[    0.000000] random 0000 0000 0000 00000000 00000000: extract_entropy account returned: 0 
[    0.000000] random 0000 0000 0000 00000000 00000000: urand_change_num 1 xfer_secondary_pool(8): pool_sig 00000000, data_sig 00000000, bytes_mixed 0 00000000 00000000
[    0.000000] random 0000 0000 0000 00000000 00000000: trying to extract 64 bits from nonblocking
[    0.000000] random 0000 0000 0000 00000000 00000000: debiting 64 entropy credits from nonblocking (unlimited)
[    0.000000] random 0000 0000 0000 00000000 00000000: extract_entropy account returned: 8 
[    0.000000] random 0000 0000 0000 00000000 00000000: urand_change_num 2 extract_buf: pool_sig 00000000, data_sig fffffff9, bytes_mixed 20 00000000 00000000
[    0.000000] Initializing cgroup subsys cpuset
[    0.000000] Initializing cgroup subsys cpu
[    0.000000] Linux version 2.6.32.57 (dcashman@ubuntu) (gcc version 4.6.3 (Ubuntu/Linaro 4.6.3-1ubuntu5) ) #4 SMP Fri May 24 11:09:26 PDT 2013
[    0.000000] KERNEL supported cpus:
[    0.000000]   Intel GenuineIntel
[    0.000000]   AMD AuthenticAMD
[    0.000000]   NSC Geode by NSC
[    0.000000]   Cyrix CyrixInstead
[    0.000000]   Centaur CentaurHauls
[    0.000000]   Transmeta GenuineTMx86
[    0.000000]   Transmeta TransmetaCPU
[    0.000000]   UMC UMC UMC UMC
[    0.000000] BIOS-provided physical RAM map:
[    0.000000]  BIOS-e820: 0000000000000000 - 000000000009f000 (usable)
[    0.000000]  BIOS-e820: 000000000009f000 - 00000000000a0000 (reserved)
[    0.000000]  BIOS-e820: 00000000000ca000 - 00000000000cc000 (reserved)
[    0.000000]  BIOS-e820: 00000000000dc000 - 0000000000100000 (reserved)
[    0.000000]  BIOS-e820: 0000000000100000 - 000000003fee0000 (usable)
[    0.000000]  BIOS-e820: 000000003fee0000 - 000000003feff000 (ACPI data)
[    0.000000]  BIOS-e820: 000000003feff000 - 000000003ff00000 (ACPI NVS)
[    0.000000]  BIOS-e820: 000000003ff00000 - 0000000040000000 (usable)
[    0.000000]  BIOS-e820: 00000000e0000000 - 00000000f0000000 (reserved)
[    0.000000]  BIOS-e820: 00000000fec00000 - 00000000fec10000 (reserved)
[    0.000000]  BIOS-e820: 00000000fee00000 - 00000000fee01000 (reserved)
[    0.000000]  BIOS-e820: 00000000fffe0000 - 0000000100000000 (reserved)
[    0.000000] DMI present.
[    0.000000] Phoenix BIOS detected: BIOS may corrupt low RAM, working around it.
[    0.000000] e820 update range: 0000000000000000 - 0000000000010000 (usable) ==> (reserved)
[    0.000000] last_pfn = 0x40000 max_arch_pfn = 0x1000000
[    0.000000] MTRR default type: uncachable
[    0.000000] MTRR fixed ranges enabled:
[    0.000000]   00000-9FFFF write-back
[    0.000000]   A0000-BFFFF uncachable
[    0.000000]   C0000-CBFFF write-protect
[    0.000000]   CC000-EFFFF uncachable
[    0.000000]   F0000-FFFFF write-protect
[    0.000000] MTRR variable ranges enabled:
[    0.000000]   0 base 0000000000 mask FFC0000000 write-back
[    0.000000]   1 disabled
[    0.000000]   2 disabled
[    0.000000]   3 disabled
[    0.000000]   4 disabled
[    0.000000]   5 disabled
[    0.000000]   6 disabled
[    0.000000]   7 disabled
[    0.000000] x86 PAT enabled: cpu 0, old 0x0, new 0x7010600070106
[    0.000000] Scanning 0 areas for low memory corruption
[    0.000000] modified physical RAM map:
[    0.000000]  modified: 0000000000000000 - 0000000000010000 (reserved)
[    0.000000]  modified: 0000000000010000 - 000000000009f000 (usable)
[    0.000000]  modified: 000000000009f000 - 00000000000a0000 (reserved)
[    0.000000]  modified: 00000000000ca000 - 00000000000cc000 (reserved)
[    0.000000]  modified: 00000000000dc000 - 0000000000100000 (reserved)
[    0.000000]  modified: 0000000000100000 - 000000003fee0000 (usable)
[    0.000000]  modified: 000000003fee0000 - 000000003feff000 (ACPI data)
[    0.000000]  modified: 000000003feff000 - 000000003ff00000 (ACPI NVS)
[    0.000000]  modified: 000000003ff00000 - 0000000040000000 (usable)
[    0.000000]  modified: 00000000e0000000 - 00000000f0000000 (reserved)
[    0.000000]  modified: 00000000fec00000 - 00000000fec10000 (reserved)
[    0.000000]  modified: 00000000fee00000 - 00000000fee01000 (reserved)
[    0.000000]  modified: 00000000fffe0000 - 0000000100000000 (reserved)
[    0.000000] initial memory mapped : 0 - 01e00000
[    0.000000] init_memory_mapping: 0000000000000000-00000000379fe000
[    0.000000] NX (Execute Disable) protection: active
[    0.000000]  0000000000 - 0000200000 page 4k
[    0.000000]  0000200000 - 0037800000 page 2M
[    0.000000]  0037800000 - 00379fe000 page 4k
[    0.000000] kernel direct mapping tables up to 379fe000 @ 10000-16000
[    0.000000] RAMDISK: 2dcfc000 - 32e758c3
[    0.000000] ACPI: RSDP 000f6b80 00024 (v02 PTLTD )
[    0.000000] ACPI: XSDT 3feed636 0005C (v01 INTEL  440BX    06040000 VMW  01324272)
[    0.000000] ACPI: FACP 3fefee98 000F4 (v04 INTEL  440BX    06040000 PTL  000F4240)
[    0.000000] ACPI: DSDT 3feee366 10B32 (v01 PTLTD  Custom   06040000 MSFT 03000001)
[    0.000000] ACPI: FACS 3fefffc0 00040
[    0.000000] ACPI: BOOT 3feee33e 00028 (v01 PTLTD  $SBFTBL$ 06040000  LTP 00000001)
[    0.000000] ACPI: APIC 3feedc3e 003C2 (v01 PTLTD  ? APIC   06040000  LTP 00000000)
[    0.000000] ACPI: MCFG 3feedc02 0003C (v01 PTLTD  $PCITBL$ 06040000  LTP 00000001)
[    0.000000] ACPI: SRAT 3feed732 004D0 (v02 VMWARE MEMPLUG  06040000 VMW  00000001)
[    0.000000] ACPI: HPET 3feed6fa 00038 (v01 VMWARE VMW HPET 06040000 VMW  00000001)
[    0.000000] ACPI: WAET 3feed6d2 00028 (v01 VMWARE VMW WAET 06040000 VMW  00000001)
[    0.000000] ACPI: Local APIC address 0xfee00000
[    0.000000] 134MB HIGHMEM available.
[    0.000000] 889MB LOWMEM available.
[    0.000000]   mapped low ram: 0 - 379fe000
[    0.000000]   low ram: 0 - 379fe000
[    0.000000]   node 0 low ram: 00000000 - 379fe000
[    0.000000]   node 0 bootmap 00012000 - 00018f40
[    0.000000] (9 early reservations) ==> bootmem [0000000000 - 00379fe000]
[    0.000000]   #0 [0000000000 - 0000001000]   BIOS data page ==> [0000000000 - 0000001000]
[    0.000000]   #1 [0000001000 - 0000002000]    EX TRAMPOLINE ==> [0000001000 - 0000002000]
[    0.000000]   #2 [0000006000 - 0000007000]       TRAMPOLINE ==> [0000006000 - 0000007000]
[    0.000000]   #3 [0001000000 - 0001a75ff8]    TEXT DATA BSS ==> [0001000000 - 0001a75ff8]
[    0.000000]   #4 [002dcfc000 - 0032e758c3]          RAMDISK ==> [002dcfc000 - 0032e758c3]
[    0.000000]   #5 [000009f000 - 0000100000]    BIOS reserved ==> [000009f000 - 0000100000]
[    0.000000]   #6 [0001a76000 - 0001a851c0]              BRK ==> [0001a76000 - 0001a851c0]
[    0.000000]   #7 [0000010000 - 0000012000]          PGTABLE ==> [0000010000 - 0000012000]
[    0.000000]   #8 [0000012000 - 0000019000]          BOOTMAP ==> [0000012000 - 0000019000]
[    0.000000] found SMP MP-table at [c00f6bf0] f6bf0
[    0.000000] Zone PFN ranges:
[    0.000000]   DMA      0x00000010 -> 0x00001000
[    0.000000]   Normal   0x00001000 -> 0x000379fe
[    0.000000]   HighMem  0x000379fe -> 0x00040000
[    0.000000] Movable zone start PFN for each node
[    0.000000] early_node_map[3] active PFN ranges
[    0.000000]     0: 0x00000010 -> 0x0000009f
[    0.000000]     0: 0x00000100 -> 0x0003fee0
[    0.000000]     0: 0x0003ff00 -> 0x00040000
[    0.000000] On node 0 totalpages: 261999
[    0.000000] free_area_init_node: node 0, pgdat c1715200, node_mem_map c1a87200
[    0.000000]   DMA zone: 32 pages used for memmap
[    0.000000]   DMA zone: 0 pages reserved
[    0.000000]   DMA zone: 3951 pages, LIFO batch:0
[    0.000000]   Normal zone: 1748 pages used for memmap
[    0.000000]   Normal zone: 221994 pages, LIFO batch:31
[    0.000000]   HighMem zone: 269 pages used for memmap
[    0.000000]   HighMem zone: 34005 pages, LIFO batch:7
[    0.000000] Using APIC driver default
[    0.000000] ACPI: PM-Timer IO Port: 0x1008
[    0.000000] ACPI: Local APIC address 0xfee00000
[    0.000000] ACPI: LAPIC (acpi_id[0x00] lapic_id[0x00] enabled)
[    0.000000] ACPI: LAPIC (acpi_id[0x01] lapic_id[0x02] disabled)
[    0.000000] ACPI: LAPIC (acpi_id[0x02] lapic_id[0x04] disabled)
[    0.000000] ACPI: LAPIC (acpi_id[0x03] lapic_id[0x06] disabled)
[    0.000000] ACPI: LAPIC (acpi_id[0x04] lapic_id[0x08] disabled)
[    0.000000] ACPI: LAPIC (acpi_id[0x05] lapic_id[0x0a] disabled)
[    0.000000] ACPI: LAPIC (acpi_id[0x06] lapic_id[0x0c] disabled)
[    0.000000] ACPI: LAPIC (acpi_id[0x07] lapic_id[0x0e] disabled)
[    0.000000] ACPI: LAPIC (acpi_id[0x08] lapic_id[0x10] disabled)
[    0.000000] ACPI: LAPIC (acpi_id[0x09] lapic_id[0x12] disabled)
[    0.000000] ACPI: LAPIC (acpi_id[0x0a] lapic_id[0x14] disabled)
[    0.000000] ACPI: LAPIC (acpi_id[0x0b] lapic_id[0x16] disabled)
[    0.000000] ACPI: LAPIC (acpi_id[0x0c] lapic_id[0x18] disabled)
[    0.000000] ACPI: LAPIC (acpi_id[0x0d] lapic_id[0x1a] disabled)
[    0.000000] ACPI: LAPIC (acpi_id[0x0e] lapic_id[0x1c] disabled)
[    0.000000] ACPI: LAPIC (acpi_id[0x0f] lapic_id[0x1e] disabled)
[    0.000000] ACPI: LAPIC (acpi_id[0x10] lapic_id[0x20] disabled)
[    0.000000] ACPI: LAPIC (acpi_id[0x11] lapic_id[0x22] disabled)
[    0.000000] ACPI: LAPIC (acpi_id[0x12] lapic_id[0x24] disabled)
[    0.000000] ACPI: LAPIC (acpi_id[0x13] lapic_id[0x26] disabled)
[    0.000000] ACPI: LAPIC (acpi_id[0x14] lapic_id[0x28] disabled)
[    0.000000] ACPI: LAPIC (acpi_id[0x15] lapic_id[0x2a] disabled)
[    0.000000] ACPI: LAPIC (acpi_id[0x16] lapic_id[0x2c] disabled)
[    0.000000] ACPI: LAPIC (acpi_id[0x17] lapic_id[0x2e] disabled)
[    0.000000] ACPI: LAPIC (acpi_id[0x18] lapic_id[0x30] disabled)
[    0.000000] ACPI: LAPIC (acpi_id[0x19] lapic_id[0x32] disabled)
[    0.000000] ACPI: LAPIC (acpi_id[0x1a] lapic_id[0x34] disabled)
[    0.000000] ACPI: LAPIC (acpi_id[0x1b] lapic_id[0x36] disabled)
[    0.000000] ACPI: LAPIC (acpi_id[0x1c] lapic_id[0x38] disabled)
[    0.000000] ACPI: LAPIC (acpi_id[0x1d] lapic_id[0x3a] disabled)
[    0.000000] ACPI: LAPIC (acpi_id[0x1e] lapic_id[0x3c] disabled)
[    0.000000] ACPI: LAPIC (acpi_id[0x1f] lapic_id[0x3e] disabled)
[    0.000000] ACPI: LAPIC (acpi_id[0x20] lapic_id[0x40] disabled)
[    0.000000] ACPI: LAPIC (acpi_id[0x21] lapic_id[0x42] disabled)
[    0.000000] ACPI: LAPIC (acpi_id[0x22] lapic_id[0x44] disabled)
[    0.000000] ACPI: LAPIC (acpi_id[0x23] lapic_id[0x46] disabled)
[    0.000000] ACPI: LAPIC (acpi_id[0x24] lapic_id[0x48] disabled)
[    0.000000] ACPI: LAPIC (acpi_id[0x25] lapic_id[0x4a] disabled)
[    0.000000] ACPI: LAPIC (acpi_id[0x26] lapic_id[0x4c] disabled)
[    0.000000] ACPI: LAPIC (acpi_id[0x27] lapic_id[0x4e] disabled)
[    0.000000] ACPI: LAPIC (acpi_id[0x28] lapic_id[0x50] disabled)
[    0.000000] ACPI: LAPIC (acpi_id[0x29] lapic_id[0x52] disabled)
[    0.000000] ACPI: LAPIC (acpi_id[0x2a] lapic_id[0x54] disabled)
[    0.000000] ACPI: LAPIC (acpi_id[0x2b] lapic_id[0x56] disabled)
[    0.000000] ACPI: LAPIC (acpi_id[0x2c] lapic_id[0x58] disabled)
[    0.000000] ACPI: LAPIC (acpi_id[0x2d] lapic_id[0x5a] disabled)
[    0.000000] ACPI: LAPIC (acpi_id[0x2e] lapic_id[0x5c] disabled)
[    0.000000] ACPI: LAPIC (acpi_id[0x2f] lapic_id[0x5e] disabled)
[    0.000000] ACPI: LAPIC (acpi_id[0x30] lapic_id[0x60] disabled)
[    0.000000] ACPI: LAPIC (acpi_id[0x31] lapic_id[0x62] disabled)
[    0.000000] ACPI: LAPIC (acpi_id[0x32] lapic_id[0x64] disabled)
[    0.000000] ACPI: LAPIC (acpi_id[0x33] lapic_id[0x66] disabled)
[    0.000000] ACPI: LAPIC (acpi_id[0x34] lapic_id[0x68] disabled)
[    0.000000] ACPI: LAPIC (acpi_id[0x35] lapic_id[0x6a] disabled)
[    0.000000] ACPI: LAPIC (acpi_id[0x36] lapic_id[0x6c] disabled)
[    0.000000] ACPI: LAPIC (acpi_id[0x37] lapic_id[0x6e] disabled)
[    0.000000] ACPI: LAPIC (acpi_id[0x38] lapic_id[0x70] disabled)
[    0.000000] ACPI: LAPIC (acpi_id[0x39] lapic_id[0x72] disabled)
[    0.000000] ACPI: LAPIC (acpi_id[0x3a] lapic_id[0x74] disabled)
[    0.000000] ACPI: LAPIC (acpi_id[0x3b] lapic_id[0x76] disabled)
[    0.000000] ACPI: LAPIC (acpi_id[0x3c] lapic_id[0x78] disabled)
[    0.000000] ACPI: LAPIC (acpi_id[0x3d] lapic_id[0x7a] disabled)
[    0.000000] ACPI: LAPIC (acpi_id[0x3e] lapic_id[0x7c] disabled)
[    0.000000] ACPI: LAPIC (acpi_id[0x3f] lapic_id[0x7e] disabled)
[    0.000000] ACPI: LAPIC_NMI (acpi_id[0x00] high edge lint[0x1])
[    0.000000] ACPI: LAPIC_NMI (acpi_id[0x01] high edge lint[0x1])
[    0.000000] ACPI: LAPIC_NMI (acpi_id[0x02] high edge lint[0x1])
[    0.000000] ACPI: LAPIC_NMI (acpi_id[0x03] high edge lint[0x1])
[    0.000000] ACPI: LAPIC_NMI (acpi_id[0x04] high edge lint[0x1])
[    0.000000] ACPI: LAPIC_NMI (acpi_id[0x05] high edge lint[0x1])
[    0.000000] ACPI: LAPIC_NMI (acpi_id[0x06] high edge lint[0x1])
[    0.000000] ACPI: LAPIC_NMI (acpi_id[0x07] high edge lint[0x1])
[    0.000000] ACPI: LAPIC_NMI (acpi_id[0x08] high edge lint[0x1])
[    0.000000] ACPI: LAPIC_NMI (acpi_id[0x09] high edge lint[0x1])
[    0.000000] ACPI: LAPIC_NMI (acpi_id[0x0a] high edge lint[0x1])
[    0.000000] ACPI: LAPIC_NMI (acpi_id[0x0b] high edge lint[0x1])
[    0.000000] ACPI: LAPIC_NMI (acpi_id[0x0c] high edge lint[0x1])
[    0.000000] ACPI: LAPIC_NMI (acpi_id[0x0d] high edge lint[0x1])
[    0.000000] ACPI: LAPIC_NMI (acpi_id[0x0e] high edge lint[0x1])
[    0.000000] ACPI: LAPIC_NMI (acpi_id[0x0f] high edge lint[0x1])
[    0.000000] ACPI: LAPIC_NMI (acpi_id[0x10] high edge lint[0x1])
[    0.000000] ACPI: LAPIC_NMI (acpi_id[0x11] high edge lint[0x1])
[    0.000000] ACPI: LAPIC_NMI (acpi_id[0x12] high edge lint[0x1])
[    0.000000] ACPI: LAPIC_NMI (acpi_id[0x13] high edge lint[0x1])
[    0.000000] ACPI: LAPIC_NMI (acpi_id[0x14] high edge lint[0x1])
[    0.000000] ACPI: LAPIC_NMI (acpi_id[0x15] high edge lint[0x1])
[    0.000000] ACPI: LAPIC_NMI (acpi_id[0x16] high edge lint[0x1])
[    0.000000] ACPI: LAPIC_NMI (acpi_id[0x17] high edge lint[0x1])
[    0.000000] ACPI: LAPIC_NMI (acpi_id[0x18] high edge lint[0x1])
[    0.000000] ACPI: LAPIC_NMI (acpi_id[0x19] high edge lint[0x1])
[    0.000000] ACPI: LAPIC_NMI (acpi_id[0x1a] high edge lint[0x1])
[    0.000000] ACPI: LAPIC_NMI (acpi_id[0x1b] high edge lint[0x1])
[    0.000000] ACPI: LAPIC_NMI (acpi_id[0x1c] high edge lint[0x1])
[    0.000000] ACPI: LAPIC_NMI (acpi_id[0x1d] high edge lint[0x1])
[    0.000000] ACPI: LAPIC_NMI (acpi_id[0x1e] high edge lint[0x1])
[    0.000000] ACPI: LAPIC_NMI (acpi_id[0x1f] high edge lint[0x1])
[    0.000000] ACPI: LAPIC_NMI (acpi_id[0x20] high edge lint[0x1])
[    0.000000] ACPI: LAPIC_NMI (acpi_id[0x21] high edge lint[0x1])
[    0.000000] ACPI: LAPIC_NMI (acpi_id[0x22] high edge lint[0x1])
[    0.000000] ACPI: LAPIC_NMI (acpi_id[0x23] high edge lint[0x1])
[    0.000000] ACPI: LAPIC_NMI (acpi_id[0x24] high edge lint[0x1])
[    0.000000] ACPI: LAPIC_NMI (acpi_id[0x25] high edge lint[0x1])
[    0.000000] ACPI: LAPIC_NMI (acpi_id[0x26] high edge lint[0x1])
[    0.000000] ACPI: LAPIC_NMI (acpi_id[0x27] high edge lint[0x1])
[    0.000000] ACPI: LAPIC_NMI (acpi_id[0x28] high edge lint[0x1])
[    0.000000] ACPI: LAPIC_NMI (acpi_id[0x29] high edge lint[0x1])
[    0.000000] ACPI: LAPIC_NMI (acpi_id[0x2a] high edge lint[0x1])
[    0.000000] ACPI: LAPIC_NMI (acpi_id[0x2b] high edge lint[0x1])
[    0.000000] ACPI: LAPIC_NMI (acpi_id[0x2c] high edge lint[0x1])
[    0.000000] ACPI: LAPIC_NMI (acpi_id[0x2d] high edge lint[0x1])
[    0.000000] ACPI: LAPIC_NMI (acpi_id[0x2e] high edge lint[0x1])
[    0.000000] ACPI: LAPIC_NMI (acpi_id[0x2f] high edge lint[0x1])
[    0.000000] ACPI: LAPIC_NMI (acpi_id[0x30] high edge lint[0x1])
[    0.000000] ACPI: LAPIC_NMI (acpi_id[0x31] high edge lint[0x1])
[    0.000000] ACPI: LAPIC_NMI (acpi_id[0x32] high edge lint[0x1])
[    0.000000] ACPI: LAPIC_NMI (acpi_id[0x33] high edge lint[0x1])
[    0.000000] ACPI: LAPIC_NMI (acpi_id[0x34] high edge lint[0x1])
[    0.000000] ACPI: LAPIC_NMI (acpi_id[0x35] high edge lint[0x1])
[    0.000000] ACPI: LAPIC_NMI (acpi_id[0x36] high edge lint[0x1])
[    0.000000] ACPI: LAPIC_NMI (acpi_id[0x37] high edge lint[0x1])
[    0.000000] ACPI: LAPIC_NMI (acpi_id[0x38] high edge lint[0x1])
[    0.000000] ACPI: LAPIC_NMI (acpi_id[0x39] high edge lint[0x1])
[    0.000000] ACPI: LAPIC_NMI (acpi_id[0x3a] high edge lint[0x1])
[    0.000000] ACPI: LAPIC_NMI (acpi_id[0x3b] high edge lint[0x1])
[    0.000000] ACPI: LAPIC_NMI (acpi_id[0x3c] high edge lint[0x1])
[    0.000000] ACPI: LAPIC_NMI (acpi_id[0x3d] high edge lint[0x1])
[    0.000000] ACPI: LAPIC_NMI (acpi_id[0x3e] high edge lint[0x1])
[    0.000000] ACPI: LAPIC_NMI (acpi_id[0x3f] high edge lint[0x1])
[    0.000000] ACPI: Skipping IOAPIC probe due to 'noapic' option.
[    0.000000] Using ACPI for processor (LAPIC) configuration information
[    0.000000] ACPI: HPET id: 0x8086af01 base: 0xfed00000
[    0.000000] Intel MultiProcessor Specification v1.4
[    0.000000]     Virtual Wire compatibility mode.
[    0.000000] MPTABLE: OEM ID: INTEL   
[    0.000000] MPTABLE: Product ID: 440BX       
[    0.000000] MPTABLE: APIC at: 0xFEE00000
[    0.000000] I/O APIC #1 Version 17 at 0xFEC00000.
[    0.000000] Processors: 1
[    0.000000] 64 Processors exceeds NR_CPUS limit of 8
[    0.000000] SMP: Allowing 8 CPUs, 7 hotplug CPUs
[    0.000000] nr_irqs_gsi: 24
[    0.000000] PM: Registered nosave memory: 000000000009f000 - 00000000000a0000
[    0.000000] PM: Registered nosave memory: 00000000000a0000 - 00000000000ca000
[    0.000000] PM: Registered nosave memory: 00000000000ca000 - 00000000000cc000
[    0.000000] PM: Registered nosave memory: 00000000000cc000 - 00000000000dc000
[    0.000000] PM: Registered nosave memory: 00000000000dc000 - 0000000000100000
[    0.000000] Allocating PCI resources starting at 40000000 (gap: 40000000:a0000000)
[    0.000000] Booting paravirtualized kernel on bare hardware
[    0.000000] NR_CPUS:8 nr_cpumask_bits:8 nr_cpu_ids:8 nr_node_ids:1
[    0.000000] PERCPU: Embedded 15 pages/cpu @c2400000 s39320 r0 d22120 u262144
[    0.000000] pcpu-alloc: s39320 r0 d22120 u262144 alloc=1*2097152
[    0.000000] pcpu-alloc: [0] 0 1 2 3 4 5 6 7 
[    0.000000] Built 1 zonelists in Zone order, mobility grouping on.  Total pages: 259950
[    0.000000] Kernel command line: BOOT_IMAGE=/boot/vmlinuz-2.6.32.57 root=UUID=007b598c-390d-4c65-84a1-4ff752d48633 ro quiet splash maxcpus=0
[    0.000000] PID hash table entries: 4096 (order: 2, 16384 bytes)
[    0.000000] Dentry cache hash table entries: 131072 (order: 7, 524288 bytes)
[    0.000000] Inode-cache hash table entries: 65536 (order: 6, 262144 bytes)
[    0.000000] Enabling fast FPU save and restore... done.
[    0.000000] Enabling unmasked SIMD FPU exception support... done.
[    0.000000] Initializing CPU#0
[    0.000000] xsave/xrstor: enabled xstate_bv 0x7, cntxt size 0x340
[    0.000000] allocated 5242560 bytes of page_cgroup
[    0.000000] please try 'cgroup_disable=memory' option if you don't want memory cgroups
[    0.000000] Initializing HighMem for node 0 (000379fe:00040000)
[    0.000000] Memory: 938260k/1048576k available (4839k kernel code, 108848k reserved, 2518k data, 652k init, 137096k highmem)
[    0.000000] virtual kernel memory layout:
[    0.000000]     fixmap  : 0xfff1e000 - 0xfffff000   ( 900 kB)
[    0.000000]     pkmap   : 0xffa00000 - 0xffc00000   (2048 kB)
[    0.000000]     vmalloc : 0xf81fe000 - 0xff9fe000   ( 120 MB)
[    0.000000]     lowmem  : 0xc0000000 - 0xf79fe000   ( 889 MB)
[    0.000000]       .init : 0xc1730000 - 0xc17d3000   ( 652 kB)
[    0.000000]       .data : 0xc14b9cce - 0xc172f764   (2518 kB)
[    0.000000]       .text : 0xc1000000 - 0xc14b9cce   (4839 kB)
[    0.000000] Checking if this processor honours the WP bit even in supervisor mode...Ok.
[    0.000000] SLUB: Genslabs=13, HWalign=64, Order=0-3, MinObjects=0, CPUs=8, Nodes=1
[    0.000000] Hierarchical RCU implementation.
[    0.000000] NR_IRQS:2304 nr_irqs:472
[    0.000000] Extended CMOS year: 2000
[    0.000000] Console: colour VGA+ 80x25
[    0.000000] console [tty0] enabled
[    0.000000] hpet clockevent registered
[    0.000000] TSC freq read from hypervisor : 2394.620 MHz
[    0.000000] Detected 2394.620 MHz processor.
[    0.000002] Calibrating delay loop (skipped) preset value.. 4789.24 BogoMIPS (lpj=9578480)
[    0.000011] Security Framework initialized
[    0.000014] SELinux:  Disabled at boot.
[    0.000018] Mount-cache hash table entries: 512
[    0.000114] Initializing cgroup subsys cpuacct
[    0.000117] Initializing cgroup subsys memory
[    0.000120] Initializing cgroup subsys devices
[    0.000121] Initializing cgroup subsys freezer
[    0.000147] CPU: Physical Processor ID: 0
[    0.000154] CPU: L1 I cache: 32K, L1 D cache: 32K
[    0.000156] CPU: L2 cache: 256K
[    0.000156] CPU: L3 cache: 4096K
[    0.000161] mce: CPU supports 0 MCE banks
[    0.000173] Performance Events: no PMU driver, software events only.
[    0.000183] Checking 'hlt' instruction... OK.
[    0.017856] SMP alternatives: switching to UP code
[    0.032186] ACPI: Core revision 20090903
[    0.038483] ACPI: setting ELCR to 0200 (from 0e20)
[    0.039482] ftrace: converting mcount calls to 0f 1f 44 00 00
[    0.039488] ftrace: allocating 22631 entries in 45 pages
[    0.056596] CANARY value: 708ff1a1 for PID: 1
[    0.056626] Not enabling x2apic, Intr-remapping init failed.
[    0.056627] Enabling APIC mode:  Flat.  Using 1 I/O APICs
[    0.056635] SMP mode deactivated.
[    0.056660] SMP disabled
[    0.056713] Brought up 1 CPUs
[    0.056715] Total of 1 processors activated (4789.24 BogoMIPS).
[    0.056719] CPU0 attaching NULL sched-domain.
[    0.056788] devtmpfs: initialized
[    0.056894] sysctl table check failed: /kernel/random/now_input .1.40.7 Unknown sysctl binary path
[    0.057134] Pid: 1, comm: swapper Not tainted 2.6.32.57 #4
[    0.057135] Call Trace:
[    0.057139]  [<c14a8a0e>] ? printk+0x1d/0x1f
[    0.057143]  [<c107b56f>] set_fail+0x4f/0x60
[    0.057145]  [<c107b8b3>] sysctl_check_table+0x333/0x620
[    0.057147]  [<c107b8cc>] sysctl_check_table+0x34c/0x620
[    0.057148]  [<c107b8cc>] sysctl_check_table+0x34c/0x620
[    0.057152]  [<c1746d48>] sysctl_init+0x25/0x29
[    0.057154]  [<c1003042>] do_one_initcall+0x32/0x1a0
[    0.057156]  [<c1746d23>] ? sysctl_init+0x0/0x29
[    0.057159]  [<c17308e7>] kernel_init+0x12d/0x17a
[    0.057160]  [<c17307ba>] ? kernel_init+0x0/0x17a
[    0.057162]  [<c1009b07>] kernel_thread_helper+0x7/0x10
[    0.057164] sysctl table check failed: /kernel/random/now_blocking .1.40.8 Unknown sysctl binary path
[    0.057426] Pid: 1, comm: swapper Not tainted 2.6.32.57 #4
[    0.057427] Call Trace:
[    0.057429]  [<c14a8a0e>] ? printk+0x1d/0x1f
[    0.057430]  [<c107b56f>] set_fail+0x4f/0x60
[    0.057432]  [<c107b8b3>] sysctl_check_table+0x333/0x620
[    0.057433]  [<c107b8cc>] sysctl_check_table+0x34c/0x620
[    0.057435]  [<c107b8cc>] sysctl_check_table+0x34c/0x620
[    0.057437]  [<c1746d48>] sysctl_init+0x25/0x29
[    0.057439]  [<c1003042>] do_one_initcall+0x32/0x1a0
[    0.057441]  [<c1746d23>] ? sysctl_init+0x0/0x29
[    0.057442]  [<c17308e7>] kernel_init+0x12d/0x17a
[    0.057444]  [<c17307ba>] ? kernel_init+0x0/0x17a
[    0.057446]  [<c1009b07>] kernel_thread_helper+0x7/0x10
[    0.057447] sysctl table check failed: /kernel/random/now_nonblocking .1.40.9 Unknown sysctl binary path
[    0.057677] Pid: 1, comm: swapper Not tainted 2.6.32.57 #4
[    0.057678] Call Trace:
[    0.057679]  [<c14a8a0e>] ? printk+0x1d/0x1f
[    0.057681]  [<c107b56f>] set_fail+0x4f/0x60
[    0.057682]  [<c107b8b3>] sysctl_check_table+0x333/0x620
[    0.057684]  [<c107b8cc>] sysctl_check_table+0x34c/0x620
[    0.057685]  [<c107b8cc>] sysctl_check_table+0x34c/0x620
[    0.057688]  [<c1746d48>] sysctl_init+0x25/0x29
[    0.057689]  [<c1003042>] do_one_initcall+0x32/0x1a0
[    0.057691]  [<c1746d23>] ? sysctl_init+0x0/0x29
[    0.057693]  [<c17308e7>] kernel_init+0x12d/0x17a
[    0.057694]  [<c17307ba>] ? kernel_init+0x0/0x17a
[    0.057696]  [<c1009b07>] kernel_thread_helper+0x7/0x10
[    0.057697] sysctl table check failed: /kernel/random/nb_input_bytes .1.40.10 Unknown sysctl binary path
[    0.057927] Pid: 1, comm: swapper Not tainted 2.6.32.57 #4
[    0.057928] Call Trace:
[    0.057929]  [<c14a8a0e>] ? printk+0x1d/0x1f
[    0.057930]  [<c107b56f>] set_fail+0x4f/0x60
[    0.057932]  [<c107b8b3>] sysctl_check_table+0x333/0x620
[    0.057933]  [<c107b8cc>] sysctl_check_table+0x34c/0x620
[    0.057935]  [<c107b8cc>] sysctl_check_table+0x34c/0x620
[    0.057937]  [<c1746d48>] sysctl_init+0x25/0x29
[    0.057939]  [<c1003042>] do_one_initcall+0x32/0x1a0
[    0.057941]  [<c1746d23>] ? sysctl_init+0x0/0x29
[    0.057942]  [<c17308e7>] kernel_init+0x12d/0x17a
[    0.057944]  [<c17307ba>] ? kernel_init+0x0/0x17a
[    0.057945]  [<c1009b07>] kernel_thread_helper+0x7/0x10
[    0.057947] sysctl table check failed: /kernel/random/nb_stir_count .1.40.11 Unknown sysctl binary path
[    0.058176] Pid: 1, comm: swapper Not tainted 2.6.32.57 #4
[    0.058176] Call Trace:
[    0.058178]  [<c14a8a0e>] ? printk+0x1d/0x1f
[    0.058179]  [<c107b56f>] set_fail+0x4f/0x60
[    0.058181]  [<c107b8b3>] sysctl_check_table+0x333/0x620
[    0.058182]  [<c107b8cc>] sysctl_check_table+0x34c/0x620
[    0.058184]  [<c107b8cc>] sysctl_check_table+0x34c/0x620
[    0.058186]  [<c1746d48>] sysctl_init+0x25/0x29
[    0.058187]  [<c1003042>] do_one_initcall+0x32/0x1a0
[    0.058189]  [<c1746d23>] ? sysctl_init+0x0/0x29
[    0.058191]  [<c17308e7>] kernel_init+0x12d/0x17a
[    0.058192]  [<c17307ba>] ? kernel_init+0x0/0x17a
[    0.058194]  [<c1009b07>] kernel_thread_helper+0x7/0x10
[    0.058195] sysctl table check failed: /kernel/random/nb_reentry_count .1.40.12 Unknown sysctl binary path
[    0.058463] Pid: 1, comm: swapper Not tainted 2.6.32.57 #4
[    0.058464] Call Trace:
[    0.058466]  [<c14a8a0e>] ? printk+0x1d/0x1f
[    0.058467]  [<c107b56f>] set_fail+0x4f/0x60
[    0.058469]  [<c107b8b3>] sysctl_check_table+0x333/0x620
[    0.058470]  [<c107b8cc>] sysctl_check_table+0x34c/0x620
[    0.058472]  [<c107b8cc>] sysctl_check_table+0x34c/0x620
[    0.058474]  [<c1746d48>] sysctl_init+0x25/0x29
[    0.058476]  [<c1003042>] do_one_initcall+0x32/0x1a0
[    0.058478]  [<c1746d23>] ? sysctl_init+0x0/0x29
[    0.058479]  [<c17308e7>] kernel_init+0x12d/0x17a
[    0.058481]  [<c17307ba>] ? kernel_init+0x0/0x17a
[    0.058482]  [<c1009b07>] kernel_thread_helper+0x7/0x10
[    0.058592] RANDOM - __seed init called.
[    0.058593] RANDOM - __seed init called.
[    0.058594] RANDOM - __seed init called.
[    0.058595] RANDOM - __random32 called. Change num 1.  Value: 7576a435	efb61e22	b7f78320
[    0.058596] RANDOM - __random32 called. Change num 2.  Value: 6a43543e	fb61e228	6410973
[    0.058598] RANDOM - __random32 called. Change num 3.  Value: 3543e018	b61e228b	12e68928
[    0.058599] RANDOM - __random32 called. Change num 4.  Value: 3e018928	61e228b7	1250ba58
[    0.058600] RANDOM - __random32 called. Change num 5.  Value: 189281e4	1e228b73	74b01aad
[    0.058602] RANDOM - __random32 called. Change num 6.  Value: 281e4915	e228b733	355a2619
[    0.058603] RANDOM - random32 init called.  Value: 281e4915	e228b733	355a2619
[    0.058608] regulator: core version 0.5
[    0.058667] Time: 23:57:28  Date: 05/24/13
[    0.058701] NET: Registered protocol family 16
[    0.058762] EISA bus registered
[    0.059525] ACPI: bus type pci registered
[    0.059621] PCI: MCFG configuration 0: base e0000000 segment 0 buses 0 - 255
[    0.059623] PCI: MCFG area at e0000000 reserved in E820
[    0.059624] PCI: Using MMCONFIG for extended config space
[    0.059625] PCI: Using configuration type 1 for base access
[    0.060101] bio: create slab <bio-0> at 0
[    0.061303] ACPI: EC: Look up EC in DSDT
[    0.096969] ACPI: BIOS _OSI(Linux) query ignored
[    0.102635] ACPI: Interpreter enabled
[    0.102639] ACPI: (supports S0 S1 S4 S5)
[    0.102649] ACPI: Using PIC for interrupt routing
[    0.182505] ACPI: No dock devices found.
[    0.183312] ACPI: PCI Root Bridge [PCI0] (0000:00)
[    0.184798] pci 0000:00:07.1: reg 20 io port: [0x10c0-0x10cf]
[    0.185300] pci 0000:00:07.3: quirk: region 1000-103f claimed by PIIX4 ACPI
[    0.185311] pci 0000:00:07.3: quirk: region 1040-104f claimed by PIIX4 SMB
[    0.185834] pci 0000:00:07.7: reg 10 io port: [0x1080-0x10bf]
[    0.186225] pci 0000:00:07.7: reg 14 64bit mmio: [0xc8000000-0xc8001fff]
[    0.187365] pci 0000:00:0f.0: reg 10 io port: [0x10d0-0x10df]
[    0.187401] pci 0000:00:0f.0: reg 14 32bit mmio pref: [0xd0000000-0xd7ffffff]
[    0.187437] pci 0000:00:0f.0: reg 18 32bit mmio: [0xc8800000-0xc8ffffff]
[    0.187573] pci 0000:00:0f.0: reg 30 32bit mmio pref: [0x000000-0x007fff]
[    0.188078] pci 0000:00:10.0: reg 10 io port: [0x1400-0x14ff]
[    0.188449] pci 0000:00:10.0: reg 14 64bit mmio: [0xc8040000-0xc805ffff]
[    0.188792] pci 0000:00:10.0: reg 1c 64bit mmio: [0xc8020000-0xc803ffff]
[    0.188862] pci 0000:00:10.0: reg 30 32bit mmio pref: [0x000000-0x003fff]
[    0.190670] pci 0000:00:15.0: PME# supported from D0 D3hot D3cold
[    0.190689] pci 0000:00:15.0: PME# disabled
[    0.191508] pci 0000:00:15.1: PME# supported from D0 D3hot D3cold
[    0.191527] pci 0000:00:15.1: PME# disabled
[    0.192402] pci 0000:00:15.2: PME# supported from D0 D3hot D3cold
[    0.192422] pci 0000:00:15.2: PME# disabled
[    0.193290] pci 0000:00:15.3: PME# supported from D0 D3hot D3cold
[    0.193311] pci 0000:00:15.3: PME# disabled
[    0.194171] pci 0000:00:15.4: PME# supported from D0 D3hot D3cold
[    0.194191] pci 0000:00:15.4: PME# disabled
[    0.195050] pci 0000:00:15.5: PME# supported from D0 D3hot D3cold
[    0.195070] pci 0000:00:15.5: PME# disabled
[    0.195900] pci 0000:00:15.6: PME# supported from D0 D3hot D3cold
[    0.195919] pci 0000:00:15.6: PME# disabled
[    0.196757] pci 0000:00:15.7: PME# supported from D0 D3hot D3cold
[    0.196776] pci 0000:00:15.7: PME# disabled
[    0.197679] pci 0000:00:16.0: PME# supported from D0 D3hot D3cold
[    0.197701] pci 0000:00:16.0: PME# disabled
[    0.198554] pci 0000:00:16.1: PME# supported from D0 D3hot D3cold
[    0.198573] pci 0000:00:16.1: PME# disabled
[    0.199399] pci 0000:00:16.2: PME# supported from D0 D3hot D3cold
[    0.199418] pci 0000:00:16.2: PME# disabled
[    0.200259] pci 0000:00:16.3: PME# supported from D0 D3hot D3cold
[    0.200279] pci 0000:00:16.3: PME# disabled
[    0.201075] pci 0000:00:16.4: PME# supported from D0 D3hot D3cold
[    0.201095] pci 0000:00:16.4: PME# disabled
[    0.201969] pci 0000:00:16.5: PME# supported from D0 D3hot D3cold
[    0.201988] pci 0000:00:16.5: PME# disabled
[    0.202810] pci 0000:00:16.6: PME# supported from D0 D3hot D3cold
[    0.202829] pci 0000:00:16.6: PME# disabled
[    0.203652] pci 0000:00:16.7: PME# supported from D0 D3hot D3cold
[    0.203671] pci 0000:00:16.7: PME# disabled
[    0.204498] pci 0000:00:17.0: PME# supported from D0 D3hot D3cold
[    0.204518] pci 0000:00:17.0: PME# disabled
[    0.205342] pci 0000:00:17.1: PME# supported from D0 D3hot D3cold
[    0.205361] pci 0000:00:17.1: PME# disabled
[    0.206183] pci 0000:00:17.2: PME# supported from D0 D3hot D3cold
[    0.206202] pci 0000:00:17.2: PME# disabled
[    0.207007] pci 0000:00:17.3: PME# supported from D0 D3hot D3cold
[    0.207025] pci 0000:00:17.3: PME# disabled
[    0.207850] pci 0000:00:17.4: PME# supported from D0 D3hot D3cold
[    0.207869] pci 0000:00:17.4: PME# disabled
[    0.208746] pci 0000:00:17.5: PME# supported from D0 D3hot D3cold
[    0.208765] pci 0000:00:17.5: PME# disabled
[    0.209593] pci 0000:00:17.6: PME# supported from D0 D3hot D3cold
[    0.209612] pci 0000:00:17.6: PME# disabled
[    0.210431] pci 0000:00:17.7: PME# supported from D0 D3hot D3cold
[    0.210450] pci 0000:00:17.7: PME# disabled
[    0.211273] pci 0000:00:18.0: PME# supported from D0 D3hot D3cold
[    0.211292] pci 0000:00:18.0: PME# disabled
[    0.212152] pci 0000:00:18.1: PME# supported from D0 D3hot D3cold
[    0.212171] pci 0000:00:18.1: PME# disabled
[    0.212968] pci 0000:00:18.2: PME# supported from D0 D3hot D3cold
[    0.212986] pci 0000:00:18.2: PME# disabled
[    0.213806] pci 0000:00:18.3: PME# supported from D0 D3hot D3cold
[    0.213825] pci 0000:00:18.3: PME# disabled
[    0.214642] pci 0000:00:18.4: PME# supported from D0 D3hot D3cold
[    0.214661] pci 0000:00:18.4: PME# disabled
[    0.215485] pci 0000:00:18.5: PME# supported from D0 D3hot D3cold
[    0.215503] pci 0000:00:18.5: PME# disabled
[    0.216331] pci 0000:00:18.6: PME# supported from D0 D3hot D3cold
[    0.216350] pci 0000:00:18.6: PME# disabled
[    0.217176] pci 0000:00:18.7: PME# supported from D0 D3hot D3cold
[    0.217195] pci 0000:00:18.7: PME# disabled
[    0.218241] pci 0000:02:00.0: reg 20 io port: [0x20c0-0x20df]
[    0.218700] pci 0000:02:01.0: reg 10 io port: [0x2000-0x207f]
[    0.218903] pci 0000:02:01.0: reg 30 32bit mmio pref: [0x000000-0x00ffff]
[    0.219452] pci 0000:02:02.0: reg 10 io port: [0x2080-0x20bf]
[    0.220008] pci 0000:02:03.0: reg 10 32bit mmio: [0xc9000000-0xc9000fff]
[    0.220556] pci 0000:00:11.0: transparent bridge
[    0.220575] pci 0000:00:11.0: bridge io port: [0x2000-0x3fff]
[    0.220594] pci 0000:00:11.0: bridge 32bit mmio: [0xc9000000-0xca3fffff]
[    0.220629] pci 0000:00:11.0: bridge 64bit mmio pref: [0xd8400000-0xd89fffff]
[    0.220994] pci 0000:00:15.0: bridge io port: [0x4000-0x4fff]
[    0.221013] pci 0000:00:15.0: bridge 32bit mmio: [0xca400000-0xca4fffff]
[    0.221049] pci 0000:00:15.0: bridge 64bit mmio pref: [0xd8a00000-0xd8afffff]
[    0.221425] pci 0000:00:15.1: bridge io port: [0x8000-0x8fff]
[    0.221444] pci 0000:00:15.1: bridge 32bit mmio: [0xca800000-0xca8fffff]
[    0.221479] pci 0000:00:15.1: bridge 64bit mmio pref: [0xd8e00000-0xd8efffff]
[    0.221830] pci 0000:00:15.2: bridge io port: [0xc000-0xcfff]
[    0.221849] pci 0000:00:15.2: bridge 32bit mmio: [0xcac00000-0xcacfffff]
[    0.221884] pci 0000:00:15.2: bridge 64bit mmio pref: [0xd9200000-0xd92fffff]
[    0.222282] pci 0000:00:15.3: bridge 32bit mmio: [0xcb000000-0xcb0fffff]
[    0.222318] pci 0000:00:15.3: bridge 64bit mmio pref: [0xd9600000-0xd96fffff]
[    0.222686] pci 0000:00:15.4: bridge 32bit mmio: [0xcb400000-0xcb4fffff]
[    0.222722] pci 0000:00:15.4: bridge 64bit mmio pref: [0xd9a00000-0xd9afffff]
[    0.223106] pci 0000:00:15.5: bridge 32bit mmio: [0xcb800000-0xcb8fffff]
[    0.223152] pci 0000:00:15.5: bridge 64bit mmio pref: [0xd9e00000-0xd9efffff]
[    0.223520] pci 0000:00:15.6: bridge 32bit mmio: [0xcbc00000-0xcbcfffff]
[    0.223555] pci 0000:00:15.6: bridge 64bit mmio pref: [0xda200000-0xda2fffff]
[    0.223934] pci 0000:00:15.7: bridge 32bit mmio: [0xcc000000-0xcc0fffff]
[    0.223970] pci 0000:00:15.7: bridge 64bit mmio pref: [0xda600000-0xda6fffff]
[    0.224349] pci 0000:00:16.0: bridge io port: [0x5000-0x5fff]
[    0.224368] pci 0000:00:16.0: bridge 32bit mmio: [0xca500000-0xca5fffff]
[    0.224404] pci 0000:00:16.0: bridge 64bit mmio pref: [0xd8b00000-0xd8bfffff]
[    0.224755] pci 0000:00:16.1: bridge io port: [0x9000-0x9fff]
[    0.224774] pci 0000:00:16.1: bridge 32bit mmio: [0xca900000-0xca9fffff]
[    0.224810] pci 0000:00:16.1: bridge 64bit mmio pref: [0xd8f00000-0xd8ffffff]
[    0.225190] pci 0000:00:16.2: bridge io port: [0xd000-0xdfff]
[    0.225209] pci 0000:00:16.2: bridge 32bit mmio: [0xcad00000-0xcadfffff]
[    0.225244] pci 0000:00:16.2: bridge 64bit mmio pref: [0xd9300000-0xd93fffff]
[    0.225612] pci 0000:00:16.3: bridge 32bit mmio: [0xcb100000-0xcb1fffff]
[    0.225648] pci 0000:00:16.3: bridge 64bit mmio pref: [0xd9700000-0xd97fffff]
[    0.226015] pci 0000:00:16.4: bridge 32bit mmio: [0xcb500000-0xcb5fffff]
[    0.226051] pci 0000:00:16.4: bridge 64bit mmio pref: [0xd9b00000-0xd9bfffff]
[    0.226447] pci 0000:00:16.5: bridge 32bit mmio: [0xcb900000-0xcb9fffff]
[    0.226482] pci 0000:00:16.5: bridge 64bit mmio pref: [0xd9f00000-0xd9ffffff]
[    0.226849] pci 0000:00:16.6: bridge 32bit mmio: [0xcbd00000-0xcbdfffff]
[    0.226885] pci 0000:00:16.6: bridge 64bit mmio pref: [0xda300000-0xda3fffff]
[    0.227272] pci 0000:00:16.7: bridge 32bit mmio: [0xcc100000-0xcc1fffff]
[    0.227308] pci 0000:00:16.7: bridge 64bit mmio pref: [0xda700000-0xda7fffff]
[    0.227672] pci 0000:00:17.0: bridge io port: [0x6000-0x6fff]
[    0.227692] pci 0000:00:17.0: bridge 32bit mmio: [0xca600000-0xca6fffff]
[    0.227728] pci 0000:00:17.0: bridge 64bit mmio pref: [0xd8c00000-0xd8cfffff]
[    0.228117] pci 0000:00:17.1: bridge io port: [0xa000-0xafff]
[    0.228138] pci 0000:00:17.1: bridge 32bit mmio: [0xcaa00000-0xcaafffff]
[    0.228183] pci 0000:00:17.1: bridge 64bit mmio pref: [0xd9000000-0xd90fffff]
[    0.228535] pci 0000:00:17.2: bridge io port: [0xe000-0xefff]
[    0.228554] pci 0000:00:17.2: bridge 32bit mmio: [0xcae00000-0xcaefffff]
[    0.228589] pci 0000:00:17.2: bridge 64bit mmio pref: [0xd9400000-0xd94fffff]
[    0.228957] pci 0000:00:17.3: bridge 32bit mmio: [0xcb200000-0xcb2fffff]
[    0.228993] pci 0000:00:17.3: bridge 64bit mmio pref: [0xd9800000-0xd98fffff]
[    0.229389] pci 0000:00:17.4: bridge 32bit mmio: [0xcb600000-0xcb6fffff]
[    0.229425] pci 0000:00:17.4: bridge 64bit mmio pref: [0xd9c00000-0xd9cfffff]
[    0.229792] pci 0000:00:17.5: bridge 32bit mmio: [0xcba00000-0xcbafffff]
[    0.229828] pci 0000:00:17.5: bridge 64bit mmio pref: [0xda000000-0xda0fffff]
[    0.230228] pci 0000:00:17.6: bridge 32bit mmio: [0xcbe00000-0xcbefffff]
[    0.230263] pci 0000:00:17.6: bridge 64bit mmio pref: [0xda400000-0xda4fffff]
[    0.230633] pci 0000:00:17.7: bridge 32bit mmio: [0xcc200000-0xcc2fffff]
[    0.230669] pci 0000:00:17.7: bridge 64bit mmio pref: [0xda800000-0xda8fffff]
[    0.231019] pci 0000:00:18.0: bridge io port: [0x7000-0x7fff]
[    0.231038] pci 0000:00:18.0: bridge 32bit mmio: [0xca700000-0xca7fffff]
[    0.231090] pci 0000:00:18.0: bridge 64bit mmio pref: [0xd8d00000-0xd8dfffff]
[    0.231451] pci 0000:00:18.1: bridge io port: [0xb000-0xbfff]
[    0.231470] pci 0000:00:18.1: bridge 32bit mmio: [0xcab00000-0xcabfffff]
[    0.231506] pci 0000:00:18.1: bridge 64bit mmio pref: [0xd9100000-0xd91fffff]
[    0.231864] pci 0000:00:18.2: bridge io port: [0xf000-0xffff]
[    0.231883] pci 0000:00:18.2: bridge 32bit mmio: [0xcaf00000-0xcaffffff]
[    0.231919] pci 0000:00:18.2: bridge 64bit mmio pref: [0xd9500000-0xd95fffff]
[    0.232308] pci 0000:00:18.3: bridge 32bit mmio: [0xcb300000-0xcb3fffff]
[    0.232343] pci 0000:00:18.3: bridge 64bit mmio pref: [0xd9900000-0xd99fffff]
[    0.232712] pci 0000:00:18.4: bridge 32bit mmio: [0xcb700000-0xcb7fffff]
[    0.232747] pci 0000:00:18.4: bridge 64bit mmio pref: [0xd9d00000-0xd9dfffff]
[    0.233135] pci 0000:00:18.5: bridge 32bit mmio: [0xcbb00000-0xcbbfffff]
[    0.233181] pci 0000:00:18.5: bridge 64bit mmio pref: [0xda100000-0xda1fffff]
[    0.233549] pci 0000:00:18.6: bridge 32bit mmio: [0xcbf00000-0xcbffffff]
[    0.233584] pci 0000:00:18.6: bridge 64bit mmio pref: [0xda500000-0xda5fffff]
[    0.233951] pci 0000:00:18.7: bridge 32bit mmio: [0xcc300000-0xcc3fffff]
[    0.233987] pci 0000:00:18.7: bridge 64bit mmio pref: [0xda900000-0xda9fffff]
[    0.235918] pci_bus 0000:00: on NUMA node 0
[    0.235926] ACPI: PCI Interrupt Routing Table [\_SB_.PCI0._PRT]
[    0.452071] ACPI: PCI Interrupt Link [LNKA] (IRQs 3 4 5 6 7 *9 10 11 14 15)
[    0.452234] ACPI: PCI Interrupt Link [LNKB] (IRQs 3 4 5 6 7 9 10 *11 14 15)
[    0.452375] ACPI: PCI Interrupt Link [LNKC] (IRQs 3 4 5 6 7 9 *10 11 14 15)
[    0.452514] ACPI: PCI Interrupt Link [LNKD] (IRQs 3 4 *5 6 7 9 10 11 14 15)
[    0.452641] vgaarb: device added: PCI:0000:00:0f.0,decodes=io+mem,owns=io+mem,locks=none
[    0.452650] vgaarb: loaded
[    0.452756] SCSI subsystem initialized
[    0.452800] libata version 3.00 loaded.
[    0.452849] usbcore: registered new interface driver usbfs
[    0.452860] usbcore: registered new interface driver hub
[    0.452876] usbcore: registered new device driver usb
[    0.452939] PCI: Using ACPI for IRQ routing
[    0.453847] NetLabel: Initializing
[    0.453849] NetLabel:  domain hash size = 128
[    0.453849] NetLabel:  protocols = UNLABELED CIPSOv4
[    0.453856] NetLabel:  unlabeled traffic allowed by default
[    0.453886] hpet0: at MMIO 0xfed00000, IRQs 2, 8, 0, 0, 0, 0, 0, 0, 0, 0, 0, 0, 0, 0, 0, 0
[    0.453892] hpet0: 16 comparators, 64-bit 14.318180 MHz counter
[    0.455979] Switching to clocksource tsc
[    0.462873] pnp: PnP ACPI init
[    0.462883] ACPI: bus type pnp registered
[    0.504116] pnp: PnP ACPI: found 14 devices
[    0.504118] ACPI: ACPI bus type pnp unregistered
[    0.504121] PnPBIOS: Disabled by ACPI PNP
[    0.504131] system 00:01: ioport range 0x1000-0x103f has been reserved
[    0.504133] system 00:01: ioport range 0x1040-0x104f has been reserved
[    0.504134] system 00:01: ioport range 0xcf0-0xcf1 has been reserved
[    0.504141] system 00:08: iomem range 0xfed00000-0xfed003ff has been reserved
[    0.504144] system 00:0d: ioport range 0x1060-0x107f has been reserved
[    0.504147] system 00:0d: iomem range 0xe0000000-0xefffffff has been reserved
[    0.504148] system 00:0d: iomem range 0xc8200000-0xc83fffff has been reserved
[    0.540244] pci 0000:00:15.3: BAR 13: can't allocate I/O resource [0x10000-0xffff]
[    0.540248] pci 0000:00:15.4: BAR 13: can't allocate I/O resource [0x10000-0xffff]
[    0.540251] pci 0000:00:15.5: BAR 13: can't allocate I/O resource [0x10000-0xffff]
[    0.540254] pci 0000:00:15.6: BAR 13: can't allocate I/O resource [0x10000-0xffff]
[    0.540256] pci 0000:00:15.7: BAR 13: can't allocate I/O resource [0x10000-0xffff]
[    0.540259] pci 0000:00:16.3: BAR 13: can't allocate I/O resource [0x10000-0xffff]
[    0.540262] pci 0000:00:16.4: BAR 13: can't allocate I/O resource [0x10000-0xffff]
[    0.540264] pci 0000:00:16.5: BAR 13: can't allocate I/O resource [0x10000-0xffff]
[    0.540267] pci 0000:00:16.6: BAR 13: can't allocate I/O resource [0x10000-0xffff]
[    0.540269] pci 0000:00:16.7: BAR 13: can't allocate I/O resource [0x10000-0xffff]
[    0.540272] pci 0000:00:17.3: BAR 13: can't allocate I/O resource [0x10000-0xffff]
[    0.540275] pci 0000:00:17.4: BAR 13: can't allocate I/O resource [0x10000-0xffff]
[    0.540277] pci 0000:00:17.5: BAR 13: can't allocate I/O resource [0x10000-0xffff]
[    0.540280] pci 0000:00:17.6: BAR 13: can't allocate I/O resource [0x10000-0xffff]
[    0.540283] pci 0000:00:17.7: BAR 13: can't allocate I/O resource [0x10000-0xffff]
[    0.540285] pci 0000:00:18.3: BAR 13: can't allocate I/O resource [0x10000-0xffff]
[    0.540288] pci 0000:00:18.4: BAR 13: can't allocate I/O resource [0x10000-0xffff]
[    0.540291] pci 0000:00:18.5: BAR 13: can't allocate I/O resource [0x10000-0xffff]
[    0.540293] pci 0000:00:18.6: BAR 13: can't allocate I/O resource [0x10000-0xffff]
[    0.540296] pci 0000:00:18.7: BAR 13: can't allocate I/O resource [0x10000-0xffff]
[    0.540298] pci 0000:00:01.0: PCI bridge, secondary bus 0000:01
[    0.540300] pci 0000:00:01.0:   IO window: disabled
[    0.540328] pci 0000:00:01.0:   MEM window: disabled
[    0.540347] pci 0000:00:01.0:   PREFETCH window: disabled
[    0.540384] pci 0000:00:11.0: PCI bridge, secondary bus 0000:02
[    0.540395] pci 0000:00:11.0:   IO window: 0x2000-0x3fff
[    0.540423] pci 0000:00:11.0:   MEM window: 0xc9000000-0xca3fffff
[    0.540443] pci 0000:00:11.0:   PREFETCH window: 0x000000d8400000-0x000000d89fffff
[    0.540479] pci 0000:00:15.0: PCI bridge, secondary bus 0000:03
[    0.540490] pci 0000:00:15.0:   IO window: 0x4000-0x4fff
[    0.540517] pci 0000:00:15.0:   MEM window: 0xca400000-0xca4fffff
[    0.540537] pci 0000:00:15.0:   PREFETCH window: 0x000000d8a00000-0x000000d8afffff
[    0.540615] pci 0000:00:15.1: PCI bridge, secondary bus 0000:04
[    0.540627] pci 0000:00:15.1:   IO window: 0x8000-0x8fff
[    0.540655] pci 0000:00:15.1:   MEM window: 0xca800000-0xca8fffff
[    0.540681] pci 0000:00:15.1:   PREFETCH window: 0x000000d8e00000-0x000000d8efffff
[    0.540743] pci 0000:00:15.2: PCI bridge, secondary bus 0000:05
[    0.540756] pci 0000:00:15.2:   IO window: 0xc000-0xcfff
[    0.540785] pci 0000:00:15.2:   MEM window: 0xcac00000-0xcacfffff
[    0.540806] pci 0000:00:15.2:   PREFETCH window: 0x000000d9200000-0x000000d92fffff
[    0.540858] pci 0000:00:15.3: PCI bridge, secondary bus 0000:06
[    0.540859] pci 0000:00:15.3:   IO window: disabled
[    0.540898] pci 0000:00:15.3:   MEM window: 0xcb000000-0xcb0fffff
[    0.540917] pci 0000:00:15.3:   PREFETCH window: 0x000000d9600000-0x000000d96fffff
[    0.540964] pci 0000:00:15.4: PCI bridge, secondary bus 0000:07
[    0.540966] pci 0000:00:15.4:   IO window: disabled
[    0.540994] pci 0000:00:15.4:   MEM window: 0xcb400000-0xcb4fffff
[    0.541014] pci 0000:00:15.4:   PREFETCH window: 0x000000d9a00000-0x000000d9afffff
[    0.541061] pci 0000:00:15.5: PCI bridge, secondary bus 0000:08
[    0.541063] pci 0000:00:15.5:   IO window: disabled
[    0.541091] pci 0000:00:15.5:   MEM window: 0xcb800000-0xcb8fffff
[    0.541110] pci 0000:00:15.5:   PREFETCH window: 0x000000d9e00000-0x000000d9efffff
[    0.541157] pci 0000:00:15.6: PCI bridge, secondary bus 0000:09
[    0.541159] pci 0000:00:15.6:   IO window: disabled
[    0.541187] pci 0000:00:15.6:   MEM window: 0xcbc00000-0xcbcfffff
[    0.541206] pci 0000:00:15.6:   PREFETCH window: 0x000000da200000-0x000000da2fffff
[    0.541254] pci 0000:00:15.7: PCI bridge, secondary bus 0000:0a
[    0.541255] pci 0000:00:15.7:   IO window: disabled
[    0.541283] pci 0000:00:15.7:   MEM window: 0xcc000000-0xcc0fffff
[    0.541303] pci 0000:00:15.7:   PREFETCH window: 0x000000da600000-0x000000da6fffff
[    0.541350] pci 0000:00:16.0: PCI bridge, secondary bus 0000:0b
[    0.541362] pci 0000:00:16.0:   IO window: 0x5000-0x5fff
[    0.541389] pci 0000:00:16.0:   MEM window: 0xca500000-0xca5fffff
[    0.541409] pci 0000:00:16.0:   PREFETCH window: 0x000000d8b00000-0x000000d8bfffff
[    0.541456] pci 0000:00:16.1: PCI bridge, secondary bus 0000:0c
[    0.541468] pci 0000:00:16.1:   IO window: 0x9000-0x9fff
[    0.541495] pci 0000:00:16.1:   MEM window: 0xca900000-0xca9fffff
[    0.541515] pci 0000:00:16.1:   PREFETCH window: 0x000000d8f00000-0x000000d8ffffff
[    0.541562] pci 0000:00:16.2: PCI bridge, secondary bus 0000:0d
[    0.541574] pci 0000:00:16.2:   IO window: 0xd000-0xdfff
[    0.541601] pci 0000:00:16.2:   MEM window: 0xcad00000-0xcadfffff
[    0.541621] pci 0000:00:16.2:   PREFETCH window: 0x000000d9300000-0x000000d93fffff
[    0.541668] pci 0000:00:16.3: PCI bridge, secondary bus 0000:0e
[    0.541695] pci 0000:00:16.3:   IO window: disabled
[    0.541726] pci 0000:00:16.3:   MEM window: 0xcb100000-0xcb1fffff
[    0.541755] pci 0000:00:16.3:   PREFETCH window: 0x000000d9700000-0x000000d97fffff
[    0.541804] pci 0000:00:16.4: PCI bridge, secondary bus 0000:0f
[    0.541805] pci 0000:00:16.4:   IO window: disabled
[    0.541834] pci 0000:00:16.4:   MEM window: 0xcb500000-0xcb5fffff
[    0.541853] pci 0000:00:16.4:   PREFETCH window: 0x000000d9b00000-0x000000d9bfffff
[    0.541901] pci 0000:00:16.5: PCI bridge, secondary bus 0000:10
[    0.541902] pci 0000:00:16.5:   IO window: disabled
[    0.541931] pci 0000:00:16.5:   MEM window: 0xcb900000-0xcb9fffff
[    0.541950] pci 0000:00:16.5:   PREFETCH window: 0x000000d9f00000-0x000000d9ffffff
[    0.541997] pci 0000:00:16.6: PCI bridge, secondary bus 0000:11
[    0.541999] pci 0000:00:16.6:   IO window: disabled
[    0.542027] pci 0000:00:16.6:   MEM window: 0xcbd00000-0xcbdfffff
[    0.542046] pci 0000:00:16.6:   PREFETCH window: 0x000000da300000-0x000000da3fffff
[    0.542094] pci 0000:00:16.7: PCI bridge, secondary bus 0000:12
[    0.542095] pci 0000:00:16.7:   IO window: disabled
[    0.542123] pci 0000:00:16.7:   MEM window: 0xcc100000-0xcc1fffff
[    0.542143] pci 0000:00:16.7:   PREFETCH window: 0x000000da700000-0x000000da7fffff
[    0.542190] pci 0000:00:17.0: PCI bridge, secondary bus 0000:13
[    0.542201] pci 0000:00:17.0:   IO window: 0x6000-0x6fff
[    0.542229] pci 0000:00:17.0:   MEM window: 0xca600000-0xca6fffff
[    0.542248] pci 0000:00:17.0:   PREFETCH window: 0x000000d8c00000-0x000000d8cfffff
[    0.542296] pci 0000:00:17.1: PCI bridge, secondary bus 0000:14
[    0.542307] pci 0000:00:17.1:   IO window: 0xa000-0xafff
[    0.542335] pci 0000:00:17.1:   MEM window: 0xcaa00000-0xcaafffff
[    0.542354] pci 0000:00:17.1:   PREFETCH window: 0x000000d9000000-0x000000d90fffff
[    0.542401] pci 0000:00:17.2: PCI bridge, secondary bus 0000:15
[    0.542413] pci 0000:00:17.2:   IO window: 0xe000-0xefff
[    0.542441] pci 0000:00:17.2:   MEM window: 0xcae00000-0xcaefffff
[    0.542460] pci 0000:00:17.2:   PREFETCH window: 0x000000d9400000-0x000000d94fffff
[    0.542507] pci 0000:00:17.3: PCI bridge, secondary bus 0000:16
[    0.542509] pci 0000:00:17.3:   IO window: disabled
[    0.542537] pci 0000:00:17.3:   MEM window: 0xcb200000-0xcb2fffff
[    0.542556] pci 0000:00:17.3:   PREFETCH window: 0x000000d9800000-0x000000d98fffff
[    0.542604] pci 0000:00:17.4: PCI bridge, secondary bus 0000:17
[    0.542605] pci 0000:00:17.4:   IO window: disabled
[    0.542633] pci 0000:00:17.4:   MEM window: 0xcb600000-0xcb6fffff
[    0.542653] pci 0000:00:17.4:   PREFETCH window: 0x000000d9c00000-0x000000d9cfffff
[    0.542717] pci 0000:00:17.5: PCI bridge, secondary bus 0000:18
[    0.542719] pci 0000:00:17.5:   IO window: disabled
[    0.542749] pci 0000:00:17.5:   MEM window: 0xcba00000-0xcbafffff
[    0.542778] pci 0000:00:17.5:   PREFETCH window: 0x000000da000000-0x000000da0fffff
[    0.542825] pci 0000:00:17.6: PCI bridge, secondary bus 0000:19
[    0.542826] pci 0000:00:17.6:   IO window: disabled
[    0.542855] pci 0000:00:17.6:   MEM window: 0xcbe00000-0xcbefffff
[    0.542874] pci 0000:00:17.6:   PREFETCH window: 0x000000da400000-0x000000da4fffff
[    0.542921] pci 0000:00:17.7: PCI bridge, secondary bus 0000:1a
[    0.542923] pci 0000:00:17.7:   IO window: disabled
[    0.542951] pci 0000:00:17.7:   MEM window: 0xcc200000-0xcc2fffff
[    0.542970] pci 0000:00:17.7:   PREFETCH window: 0x000000da800000-0x000000da8fffff
[    0.543018] pci 0000:00:18.0: PCI bridge, secondary bus 0000:1b
[    0.543029] pci 0000:00:18.0:   IO window: 0x7000-0x7fff
[    0.543057] pci 0000:00:18.0:   MEM window: 0xca700000-0xca7fffff
[    0.543076] pci 0000:00:18.0:   PREFETCH window: 0x000000d8d00000-0x000000d8dfffff
[    0.543123] pci 0000:00:18.1: PCI bridge, secondary bus 0000:1c
[    0.543135] pci 0000:00:18.1:   IO window: 0xb000-0xbfff
[    0.543163] pci 0000:00:18.1:   MEM window: 0xcab00000-0xcabfffff
[    0.543182] pci 0000:00:18.1:   PREFETCH window: 0x000000d9100000-0x000000d91fffff
[    0.543229] pci 0000:00:18.2: PCI bridge, secondary bus 0000:1d
[    0.543240] pci 0000:00:18.2:   IO window: 0xf000-0xffff
[    0.543268] pci 0000:00:18.2:   MEM window: 0xcaf00000-0xcaffffff
[    0.543288] pci 0000:00:18.2:   PREFETCH window: 0x000000d9500000-0x000000d95fffff
[    0.543335] pci 0000:00:18.3: PCI bridge, secondary bus 0000:1e
[    0.543337] pci 0000:00:18.3:   IO window: disabled
[    0.543365] pci 0000:00:18.3:   MEM window: 0xcb300000-0xcb3fffff
[    0.543384] pci 0000:00:18.3:   PREFETCH window: 0x000000d9900000-0x000000d99fffff
[    0.543431] pci 0000:00:18.4: PCI bridge, secondary bus 0000:1f
[    0.543433] pci 0000:00:18.4:   IO window: disabled
[    0.543461] pci 0000:00:18.4:   MEM window: 0xcb700000-0xcb7fffff
[    0.543481] pci 0000:00:18.4:   PREFETCH window: 0x000000d9d00000-0x000000d9dfffff
[    0.543528] pci 0000:00:18.5: PCI bridge, secondary bus 0000:20
[    0.543530] pci 0000:00:18.5:   IO window: disabled
[    0.543558] pci 0000:00:18.5:   MEM window: 0xcbb00000-0xcbbfffff
[    0.543577] pci 0000:00:18.5:   PREFETCH window: 0x000000da100000-0x000000da1fffff
[    0.543624] pci 0000:00:18.6: PCI bridge, secondary bus 0000:21
[    0.543626] pci 0000:00:18.6:   IO window: disabled
[    0.543654] pci 0000:00:18.6:   MEM window: 0xcbf00000-0xcbffffff
[    0.543674] pci 0000:00:18.6:   PREFETCH window: 0x000000da500000-0x000000da5fffff
[    0.543741] pci 0000:00:18.7: PCI bridge, secondary bus 0000:22
[    0.543743] pci 0000:00:18.7:   IO window: disabled
[    0.543771] pci 0000:00:18.7:   MEM window: 0xcc300000-0xcc3fffff
[    0.543790] pci 0000:00:18.7:   PREFETCH window: 0x000000da900000-0x000000da9fffff
[    0.543800] pci 0000:00:01.0: setting latency timer to 64
[    0.543967] pci 0000:00:15.0: setting latency timer to 64
[    0.544030] pci 0000:00:15.1: setting latency timer to 64
[    0.544091] pci 0000:00:15.2: setting latency timer to 64
[    0.544153] pci 0000:00:15.3: setting latency timer to 64
[    0.544215] pci 0000:00:15.4: setting latency timer to 64
[    0.544277] pci 0000:00:15.5: setting latency timer to 64
[    0.544339] pci 0000:00:15.6: setting latency timer to 64
[    0.544401] pci 0000:00:15.7: setting latency timer to 64
[    0.544463] pci 0000:00:16.0: setting latency timer to 64
[    0.544524] pci 0000:00:16.1: setting latency timer to 64
[    0.544586] pci 0000:00:16.2: setting latency timer to 64
[    0.544648] pci 0000:00:16.3: setting latency timer to 64
[    0.544736] pci 0000:00:16.4: setting latency timer to 64
[    0.544798] pci 0000:00:16.5: setting latency timer to 64
[    0.544860] pci 0000:00:16.6: setting latency timer to 64
[    0.544922] pci 0000:00:16.7: setting latency timer to 64
[    0.544983] pci 0000:00:17.0: setting latency timer to 64
[    0.545045] pci 0000:00:17.1: setting latency timer to 64
[    0.545107] pci 0000:00:17.2: setting latency timer to 64
[    0.545169] pci 0000:00:17.3: setting latency timer to 64
[    0.545231] pci 0000:00:17.4: setting latency timer to 64
[    0.545293] pci 0000:00:17.5: setting latency timer to 64
[    0.545355] pci 0000:00:17.6: setting latency timer to 64
[    0.545416] pci 0000:00:17.7: setting latency timer to 64
[    0.545478] pci 0000:00:18.0: setting latency timer to 64
[    0.545540] pci 0000:00:18.1: setting latency timer to 64
[    0.545602] pci 0000:00:18.2: setting latency timer to 64
[    0.545679] pci 0000:00:18.3: setting latency timer to 64
[    0.545751] pci 0000:00:18.4: setting latency timer to 64
[    0.545813] pci 0000:00:18.5: setting latency timer to 64
[    0.545875] pci 0000:00:18.6: setting latency timer to 64
[    0.545937] pci 0000:00:18.7: setting latency timer to 64
[    0.545949] pci_bus 0000:00: resource 0 io:  [0x00-0xffff]
[    0.545951] pci_bus 0000:00: resource 1 mem: [0x000000-0xffffffffffffffff]
[    0.545953] pci_bus 0000:02: resource 0 io:  [0x2000-0x3fff]
[    0.545955] pci_bus 0000:02: resource 1 mem: [0xc9000000-0xca3fffff]
[    0.545957] pci_bus 0000:02: resource 2 pref mem [0xd8400000-0xd89fffff]
[    0.545959] pci_bus 0000:02: resource 3 io:  [0x00-0xffff]
[    0.545960] pci_bus 0000:02: resource 4 mem: [0x000000-0xffffffffffffffff]
[    0.545962] pci_bus 0000:03: resource 0 io:  [0x4000-0x4fff]
[    0.545964] pci_bus 0000:03: resource 1 mem: [0xca400000-0xca4fffff]
[    0.545966] pci_bus 0000:03: resource 2 pref mem [0xd8a00000-0xd8afffff]
[    0.545968] pci_bus 0000:04: resource 0 io:  [0x8000-0x8fff]
[    0.545969] pci_bus 0000:04: resource 1 mem: [0xca800000-0xca8fffff]
[    0.545971] pci_bus 0000:04: resource 2 pref mem [0xd8e00000-0xd8efffff]
[    0.545973] pci_bus 0000:05: resource 0 io:  [0xc000-0xcfff]
[    0.545975] pci_bus 0000:05: resource 1 mem: [0xcac00000-0xcacfffff]
[    0.545977] pci_bus 0000:05: resource 2 pref mem [0xd9200000-0xd92fffff]
[    0.545978] pci_bus 0000:06: resource 1 mem: [0xcb000000-0xcb0fffff]
[    0.545980] pci_bus 0000:06: resource 2 pref mem [0xd9600000-0xd96fffff]
[    0.545982] pci_bus 0000:07: resource 1 mem: [0xcb400000-0xcb4fffff]
[    0.545984] pci_bus 0000:07: resource 2 pref mem [0xd9a00000-0xd9afffff]
[    0.545986] pci_bus 0000:08: resource 1 mem: [0xcb800000-0xcb8fffff]
[    0.545988] pci_bus 0000:08: resource 2 pref mem [0xd9e00000-0xd9efffff]
[    0.545989] pci_bus 0000:09: resource 1 mem: [0xcbc00000-0xcbcfffff]
[    0.545991] pci_bus 0000:09: resource 2 pref mem [0xda200000-0xda2fffff]
[    0.545993] pci_bus 0000:0a: resource 1 mem: [0xcc000000-0xcc0fffff]
[    0.545995] pci_bus 0000:0a: resource 2 pref mem [0xda600000-0xda6fffff]
[    0.545997] pci_bus 0000:0b: resource 0 io:  [0x5000-0x5fff]
[    0.545998] pci_bus 0000:0b: resource 1 mem: [0xca500000-0xca5fffff]
[    0.546000] pci_bus 0000:0b: resource 2 pref mem [0xd8b00000-0xd8bfffff]
[    0.546002] pci_bus 0000:0c: resource 0 io:  [0x9000-0x9fff]
[    0.546004] pci_bus 0000:0c: resource 1 mem: [0xca900000-0xca9fffff]
[    0.546005] pci_bus 0000:0c: resource 2 pref mem [0xd8f00000-0xd8ffffff]
[    0.546007] pci_bus 0000:0d: resource 0 io:  [0xd000-0xdfff]
[    0.546009] pci_bus 0000:0d: resource 1 mem: [0xcad00000-0xcadfffff]
[    0.546011] pci_bus 0000:0d: resource 2 pref mem [0xd9300000-0xd93fffff]
[    0.546013] pci_bus 0000:0e: resource 1 mem: [0xcb100000-0xcb1fffff]
[    0.546014] pci_bus 0000:0e: resource 2 pref mem [0xd9700000-0xd97fffff]
[    0.546016] pci_bus 0000:0f: resource 1 mem: [0xcb500000-0xcb5fffff]
[    0.546018] pci_bus 0000:0f: resource 2 pref mem [0xd9b00000-0xd9bfffff]
[    0.546020] pci_bus 0000:10: resource 1 mem: [0xcb900000-0xcb9fffff]
[    0.546022] pci_bus 0000:10: resource 2 pref mem [0xd9f00000-0xd9ffffff]
[    0.546023] pci_bus 0000:11: resource 1 mem: [0xcbd00000-0xcbdfffff]
[    0.546025] pci_bus 0000:11: resource 2 pref mem [0xda300000-0xda3fffff]
[    0.546027] pci_bus 0000:12: resource 1 mem: [0xcc100000-0xcc1fffff]
[    0.546029] pci_bus 0000:12: resource 2 pref mem [0xda700000-0xda7fffff]
[    0.546031] pci_bus 0000:13: resource 0 io:  [0x6000-0x6fff]
[    0.546032] pci_bus 0000:13: resource 1 mem: [0xca600000-0xca6fffff]
[    0.546034] pci_bus 0000:13: resource 2 pref mem [0xd8c00000-0xd8cfffff]
[    0.546036] pci_bus 0000:14: resource 0 io:  [0xa000-0xafff]
[    0.546038] pci_bus 0000:14: resource 1 mem: [0xcaa00000-0xcaafffff]
[    0.546039] pci_bus 0000:14: resource 2 pref mem [0xd9000000-0xd90fffff]
[    0.546041] pci_bus 0000:15: resource 0 io:  [0xe000-0xefff]
[    0.546043] pci_bus 0000:15: resource 1 mem: [0xcae00000-0xcaefffff]
[    0.546045] pci_bus 0000:15: resource 2 pref mem [0xd9400000-0xd94fffff]
[    0.546047] pci_bus 0000:16: resource 1 mem: [0xcb200000-0xcb2fffff]
[    0.546048] pci_bus 0000:16: resource 2 pref mem [0xd9800000-0xd98fffff]
[    0.546050] pci_bus 0000:17: resource 1 mem: [0xcb600000-0xcb6fffff]
[    0.546052] pci_bus 0000:17: resource 2 pref mem [0xd9c00000-0xd9cfffff]
[    0.546054] pci_bus 0000:18: resource 1 mem: [0xcba00000-0xcbafffff]
[    0.546056] pci_bus 0000:18: resource 2 pref mem [0xda000000-0xda0fffff]
[    0.546058] pci_bus 0000:19: resource 1 mem: [0xcbe00000-0xcbefffff]
[    0.546059] pci_bus 0000:19: resource 2 pref mem [0xda400000-0xda4fffff]
[    0.546061] pci_bus 0000:1a: resource 1 mem: [0xcc200000-0xcc2fffff]
[    0.546063] pci_bus 0000:1a: resource 2 pref mem [0xda800000-0xda8fffff]
[    0.546065] pci_bus 0000:1b: resource 0 io:  [0x7000-0x7fff]
[    0.546067] pci_bus 0000:1b: resource 1 mem: [0xca700000-0xca7fffff]
[    0.546068] pci_bus 0000:1b: resource 2 pref mem [0xd8d00000-0xd8dfffff]
[    0.546070] pci_bus 0000:1c: resource 0 io:  [0xb000-0xbfff]
[    0.546072] pci_bus 0000:1c: resource 1 mem: [0xcab00000-0xcabfffff]
[    0.546074] pci_bus 0000:1c: resource 2 pref mem [0xd9100000-0xd91fffff]
[    0.546076] pci_bus 0000:1d: resource 0 io:  [0xf000-0xffff]
[    0.546077] pci_bus 0000:1d: resource 1 mem: [0xcaf00000-0xcaffffff]
[    0.546079] pci_bus 0000:1d: resource 2 pref mem [0xd9500000-0xd95fffff]
[    0.546081] pci_bus 0000:1e: resource 1 mem: [0xcb300000-0xcb3fffff]
[    0.546083] pci_bus 0000:1e: resource 2 pref mem [0xd9900000-0xd99fffff]
[    0.546084] pci_bus 0000:1f: resource 1 mem: [0xcb700000-0xcb7fffff]
[    0.546086] pci_bus 0000:1f: resource 2 pref mem [0xd9d00000-0xd9dfffff]
[    0.546088] pci_bus 0000:20: resource 1 mem: [0xcbb00000-0xcbbfffff]
[    0.546090] pci_bus 0000:20: resource 2 pref mem [0xda100000-0xda1fffff]
[    0.546092] pci_bus 0000:21: resource 1 mem: [0xcbf00000-0xcbffffff]
[    0.546093] pci_bus 0000:21: resource 2 pref mem [0xda500000-0xda5fffff]
[    0.546095] pci_bus 0000:22: resource 1 mem: [0xcc300000-0xcc3fffff]
[    0.546097] pci_bus 0000:22: resource 2 pref mem [0xda900000-0xda9fffff]
[    0.546117] NET: Registered protocol family 2
[    0.546133] RANDOM - __random32 called. Change num 7.  Value: e4915c27	228b7335	4c33f162
[    0.546135] RANDOM - random32 called.  Value: e4915c27	228b7335	4c33f162
[    0.546142] random 0000 0000 0000 00000000 00000000: rand_read_num 2 get_random_bytes(4): sig fffffe1a 00000000 00000000
[    0.546144] random 0000 0000 0000 00000000 00000000: extract_entropy(.. 4 ..)
[    0.546146] random 0000 0000 0000 00000000 00000000: going to reseed nonblocking with 64 bits (32 of 0 requested)
[    0.546149] random 0000 0000 0000 00000000 00000000: extract_entropy(.. 8 ..)
[    0.546151] random 0000 0000 0000 00000000 00000000: trying to extract 64 bits from input
[    0.546153] random 0000 0000 0000 00000000 00000000: debiting 0 entropy credits from input
[    0.546155] random 0000 0000 0000 00000000 00000000: extract_entropy account returned: 0 
[    0.546158] random 0000 0000 0000 00000000 00000000: urand_change_num 3 xfer_secondary_pool(4): pool_sig fffffe1a, data_sig 00000000, bytes_mixed 0 00000000 00000000
[    0.546160] random 0000 0000 0000 00000000 00000000: trying to extract 32 bits from nonblocking
[    0.546163] random 0000 0000 0000 00000000 00000000: debiting 32 entropy credits from nonblocking (unlimited)
[    0.546165] random 0000 0000 0000 00000000 00000000: extract_entropy account returned: 4 
[    0.546168] random 0000 0000 0000 00000000 00000000: urand_change_num 4 extract_buf: pool_sig fffffe1a, data_sig fffffed7, bytes_mixed 20 00000000 00000000
[    0.546196] IP route cache hash table entries: 32768 (order: 5, 131072 bytes)
[    0.546299] RANDOM - __random32 called. Change num 8.  Value: 15c279e2	28b73354	e2c5b58f
[    0.546301] RANDOM - random32 called.  Value: 15c279e2	28b73354	e2c5b58f
[    0.546356] RANDOM - __random32 called. Change num 9.  Value: 279e2b5f	8b733545	6b1e9d03
[    0.546358] RANDOM - random32 called.  Value: 279e2b5f	8b733545	6b1e9d03
[    0.546360] RANDOM - __random32 called. Change num 10.  Value: e2b5fc5e	b7335453	3a067d4e
[    0.546362] RANDOM - random32 called.  Value: e2b5fc5e	b7335453	3a067d4e
[    0.546383] RANDOM - __random32 called. Change num 11.  Value: 5fc5eba7	73354535	fa9d46b2
[    0.546385] RANDOM - random32 called.  Value: 5fc5eba7	73354535	fa9d46b2
[    0.546395] TCP established hash table entries: 131072 (order: 8, 1048576 bytes)
[    0.546723] TCP bind hash table entries: 65536 (order: 7, 524288 bytes)
[    0.546884] TCP: Hash tables configured (established 131072 bind 65536)
[    0.546887] TCP reno registered
[    0.546923] NET: Registered protocol family 1
[    0.546932] pci 0000:00:00.0: Limiting direct PCI/PCI transfers
[    0.546952] pci 0000:00:0f.0: Boot video device
[    0.547174] Trying to unpack rootfs image as initramfs...
[    1.614416] Freeing initrd memory: 83430k freed
[    1.618389] Simple Boot Flag at 0x36 set to 0x1
[    1.618434] cpufreq-nforce2: No nForce2 chipset.
[    1.618447] Scanning for low memory corruption every 60 seconds
[    1.618562] audit: initializing netlink socket (disabled)
[    1.618580] type=2000 audit(1369439849.604:1): initialized
[    1.622533] highmem bounce pool size: 64 pages
[    1.622537] HugeTLB registered 2 MB page size, pre-allocated 0 pages
[    1.622631] VFS: Disk quotas dquot_6.5.2
[    1.622659] Dquot-cache hash table entries: 1024 (order 0, 4096 bytes)
[    1.622736] fuse init (API version 7.13)
[    1.622781] msgmni has been set to 1729
[    1.623045] alg: No test for stdrng (krng)
[    1.623078] Block layer SCSI generic (bsg) driver version 0.4 loaded (major 253)
[    1.623080] io scheduler noop registered
[    1.623082] io scheduler anticipatory registered
[    1.623083] io scheduler deadline registered
[    1.623102] io scheduler cfq registered (default)
[    1.623148]   alloc irq_desc for 24 on node -1
[    1.623150]   alloc kstat_irqs on node -1
[    1.623195] pcieport 0000:00:15.0: irq 24 for MSI/MSI-X
[    1.623240] pcieport 0000:00:15.0: setting latency timer to 64
[    1.623286]   alloc irq_desc for 25 on node -1
[    1.623288]   alloc kstat_irqs on node -1
[    1.623333] pcieport 0000:00:15.1: irq 25 for MSI/MSI-X
[    1.623378] pcieport 0000:00:15.1: setting latency timer to 64
[    1.623423]   alloc irq_desc for 26 on node -1
[    1.623425]   alloc kstat_irqs on node -1
[    1.623470] pcieport 0000:00:15.2: irq 26 for MSI/MSI-X
[    1.623516] pcieport 0000:00:15.2: setting latency timer to 64
[    1.623561]   alloc irq_desc for 27 on node -1
[    1.623563]   alloc kstat_irqs on node -1
[    1.623608] pcieport 0000:00:15.3: irq 27 for MSI/MSI-X
[    1.623653] pcieport 0000:00:15.3: setting latency timer to 64
[    1.623698]   alloc irq_desc for 28 on node -1
[    1.623700]   alloc kstat_irqs on node -1
[    1.623746] pcieport 0000:00:15.4: irq 28 for MSI/MSI-X
[    1.623791] pcieport 0000:00:15.4: setting latency timer to 64
[    1.623836]   alloc irq_desc for 29 on node -1
[    1.623838]   alloc kstat_irqs on node -1
[    1.623883] pcieport 0000:00:15.5: irq 29 for MSI/MSI-X
[    1.623928] pcieport 0000:00:15.5: setting latency timer to 64
[    1.623974]   alloc irq_desc for 30 on node -1
[    1.623975]   alloc kstat_irqs on node -1
[    1.624021] pcieport 0000:00:15.6: irq 30 for MSI/MSI-X
[    1.624066] pcieport 0000:00:15.6: setting latency timer to 64
[    1.624111]   alloc irq_desc for 31 on node -1
[    1.624113]   alloc kstat_irqs on node -1
[    1.624158] pcieport 0000:00:15.7: irq 31 for MSI/MSI-X
[    1.624203] pcieport 0000:00:15.7: setting latency timer to 64
[    1.624249]   alloc irq_desc for 32 on node -1
[    1.624250]   alloc kstat_irqs on node -1
[    1.624296] pcieport 0000:00:16.0: irq 32 for MSI/MSI-X
[    1.624341] pcieport 0000:00:16.0: setting latency timer to 64
[    1.624386]   alloc irq_desc for 33 on node -1
[    1.624388]   alloc kstat_irqs on node -1
[    1.624433] pcieport 0000:00:16.1: irq 33 for MSI/MSI-X
[    1.624478] pcieport 0000:00:16.1: setting latency timer to 64
[    1.624524]   alloc irq_desc for 34 on node -1
[    1.624525]   alloc kstat_irqs on node -1
[    1.624571] pcieport 0000:00:16.2: irq 34 for MSI/MSI-X
[    1.624616] pcieport 0000:00:16.2: setting latency timer to 64
[    1.624661]   alloc irq_desc for 35 on node -1
[    1.624663]   alloc kstat_irqs on node -1
[    1.624708] pcieport 0000:00:16.3: irq 35 for MSI/MSI-X
[    1.624753] pcieport 0000:00:16.3: setting latency timer to 64
[    1.624799]   alloc irq_desc for 36 on node -1
[    1.624800]   alloc kstat_irqs on node -1
[    1.624846] pcieport 0000:00:16.4: irq 36 for MSI/MSI-X
[    1.624891] pcieport 0000:00:16.4: setting latency timer to 64
[    1.624936]   alloc irq_desc for 37 on node -1
[    1.624940]   alloc kstat_irqs on node -1
[    1.624985] pcieport 0000:00:16.5: irq 37 for MSI/MSI-X
[    1.625030] pcieport 0000:00:16.5: setting latency timer to 64
[    1.625075]   alloc irq_desc for 38 on node -1
[    1.625077]   alloc kstat_irqs on node -1
[    1.625123] pcieport 0000:00:16.6: irq 38 for MSI/MSI-X
[    1.625168] pcieport 0000:00:16.6: setting latency timer to 64
[    1.625213]   alloc irq_desc for 39 on node -1
[    1.625215]   alloc kstat_irqs on node -1
[    1.625260] pcieport 0000:00:16.7: irq 39 for MSI/MSI-X
[    1.625305] pcieport 0000:00:16.7: setting latency timer to 64
[    1.626345]   alloc irq_desc for 40 on node -1
[    1.626347]   alloc kstat_irqs on node -1
[    1.626392] pcieport 0000:00:17.0: irq 40 for MSI/MSI-X
[    1.626437] pcieport 0000:00:17.0: setting latency timer to 64
[    1.626483]   alloc irq_desc for 41 on node -1
[    1.626485]   alloc kstat_irqs on node -1
[    1.626530] pcieport 0000:00:17.1: irq 41 for MSI/MSI-X
[    1.626575] pcieport 0000:00:17.1: setting latency timer to 64
[    1.626621]   alloc irq_desc for 42 on node -1
[    1.626623]   alloc kstat_irqs on node -1
[    1.626668] pcieport 0000:00:17.2: irq 42 for MSI/MSI-X
[    1.626713] pcieport 0000:00:17.2: setting latency timer to 64
[    1.626758]   alloc irq_desc for 43 on node -1
[    1.626760]   alloc kstat_irqs on node -1
[    1.626805] pcieport 0000:00:17.3: irq 43 for MSI/MSI-X
[    1.626851] pcieport 0000:00:17.3: setting latency timer to 64
[    1.626896]   alloc irq_desc for 44 on node -1
[    1.626898]   alloc kstat_irqs on node -1
[    1.626943] pcieport 0000:00:17.4: irq 44 for MSI/MSI-X
[    1.626988] pcieport 0000:00:17.4: setting latency timer to 64
[    1.627033]   alloc irq_desc for 45 on node -1
[    1.627035]   alloc kstat_irqs on node -1
[    1.627081] pcieport 0000:00:17.5: irq 45 for MSI/MSI-X
[    1.627126] pcieport 0000:00:17.5: setting latency timer to 64
[    1.627171]   alloc irq_desc for 46 on node -1
[    1.627173]   alloc kstat_irqs on node -1
[    1.627218] pcieport 0000:00:17.6: irq 46 for MSI/MSI-X
[    1.627263] pcieport 0000:00:17.6: setting latency timer to 64
[    1.627309]   alloc irq_desc for 47 on node -1
[    1.627310]   alloc kstat_irqs on node -1
[    1.627356] pcieport 0000:00:17.7: irq 47 for MSI/MSI-X
[    1.627401] pcieport 0000:00:17.7: setting latency timer to 64
[    1.627446]   alloc irq_desc for 48 on node -1
[    1.627448]   alloc kstat_irqs on node -1
[    1.627493] pcieport 0000:00:18.0: irq 48 for MSI/MSI-X
[    1.627538] pcieport 0000:00:18.0: setting latency timer to 64
[    1.627584]   alloc irq_desc for 49 on node -1
[    1.627586]   alloc kstat_irqs on node -1
[    1.627631] pcieport 0000:00:18.1: irq 49 for MSI/MSI-X
[    1.627676] pcieport 0000:00:18.1: setting latency timer to 64
[    1.627721]   alloc irq_desc for 50 on node -1
[    1.627723]   alloc kstat_irqs on node -1
[    1.627768] pcieport 0000:00:18.2: irq 50 for MSI/MSI-X
[    1.627813] pcieport 0000:00:18.2: setting latency timer to 64
[    1.627859]   alloc irq_desc for 51 on node -1
[    1.627861]   alloc kstat_irqs on node -1
[    1.627906] pcieport 0000:00:18.3: irq 51 for MSI/MSI-X
[    1.627951] pcieport 0000:00:18.3: setting latency timer to 64
[    1.627996]   alloc irq_desc for 52 on node -1
[    1.627998]   alloc kstat_irqs on node -1
[    1.628043] pcieport 0000:00:18.4: irq 52 for MSI/MSI-X
[    1.628089] pcieport 0000:00:18.4: setting latency timer to 64
[    1.628134]   alloc irq_desc for 53 on node -1
[    1.628136]   alloc kstat_irqs on node -1
[    1.628181] pcieport 0000:00:18.5: irq 53 for MSI/MSI-X
[    1.628226] pcieport 0000:00:18.5: setting latency timer to 64
[    1.628271]   alloc irq_desc for 54 on node -1
[    1.628273]   alloc kstat_irqs on node -1
[    1.628319] pcieport 0000:00:18.6: irq 54 for MSI/MSI-X
[    1.628364] pcieport 0000:00:18.6: setting latency timer to 64
[    1.628409]   alloc irq_desc for 55 on node -1
[    1.628411]   alloc kstat_irqs on node -1
[    1.628456] pcieport 0000:00:18.7: irq 55 for MSI/MSI-X
[    1.628501] pcieport 0000:00:18.7: setting latency timer to 64
[    1.628547] pci_hotplug: PCI Hot Plug PCI Core version: 0.5
[    1.630416] pciehp 0000:00:15.0:pcie04: HPC vendor_id 15ad device_id 7a0 ss_vid 0 ss_did 0
[    1.630461] pciehp 0000:00:15.0:pcie04: service driver pciehp loaded
[    1.630506] pciehp 0000:00:15.1:pcie04: HPC vendor_id 15ad device_id 7a0 ss_vid 0 ss_did 0
[    1.630551] pciehp 0000:00:15.1:pcie04: service driver pciehp loaded
[    1.630596] pciehp 0000:00:15.2:pcie04: HPC vendor_id 15ad device_id 7a0 ss_vid 0 ss_did 0
[    1.630642] pciehp 0000:00:15.2:pcie04: service driver pciehp loaded
[    1.630687] pciehp 0000:00:15.3:pcie04: HPC vendor_id 15ad device_id 7a0 ss_vid 0 ss_did 0
[    1.630732] pciehp 0000:00:15.3:pcie04: service driver pciehp loaded
[    1.630777] pciehp 0000:00:15.4:pcie04: HPC vendor_id 15ad device_id 7a0 ss_vid 0 ss_did 0
[    1.630823] pciehp 0000:00:15.4:pcie04: service driver pciehp loaded
[    1.630868] pciehp 0000:00:15.5:pcie04: HPC vendor_id 15ad device_id 7a0 ss_vid 0 ss_did 0
[    1.630913] pciehp 0000:00:15.5:pcie04: service driver pciehp loaded
[    1.630958] pciehp 0000:00:15.6:pcie04: HPC vendor_id 15ad device_id 7a0 ss_vid 0 ss_did 0
[    1.631003] pciehp 0000:00:15.6:pcie04: service driver pciehp loaded
[    1.631049] pciehp 0000:00:15.7:pcie04: HPC vendor_id 15ad device_id 7a0 ss_vid 0 ss_did 0
[    1.631094] pciehp 0000:00:15.7:pcie04: service driver pciehp loaded
[    1.631139] pciehp 0000:00:16.0:pcie04: HPC vendor_id 15ad device_id 7a0 ss_vid 0 ss_did 0
[    1.631184] pciehp 0000:00:16.0:pcie04: service driver pciehp loaded
[    1.631230] pciehp 0000:00:16.1:pcie04: HPC vendor_id 15ad device_id 7a0 ss_vid 0 ss_did 0
[    1.631275] pciehp 0000:00:16.1:pcie04: service driver pciehp loaded
[    1.631320] pciehp 0000:00:16.2:pcie04: HPC vendor_id 15ad device_id 7a0 ss_vid 0 ss_did 0
[    1.631365] pciehp 0000:00:16.2:pcie04: service driver pciehp loaded
[    1.631410] pciehp 0000:00:16.3:pcie04: HPC vendor_id 15ad device_id 7a0 ss_vid 0 ss_did 0
[    1.631456] pciehp 0000:00:16.3:pcie04: service driver pciehp loaded
[    1.631501] pciehp 0000:00:16.4:pcie04: HPC vendor_id 15ad device_id 7a0 ss_vid 0 ss_did 0
[    1.631546] pciehp 0000:00:16.4:pcie04: service driver pciehp loaded
[    1.631591] pciehp 0000:00:16.5:pcie04: HPC vendor_id 15ad device_id 7a0 ss_vid 0 ss_did 0
[    1.631637] pciehp 0000:00:16.5:pcie04: service driver pciehp loaded
[    1.631682] pciehp 0000:00:16.6:pcie04: HPC vendor_id 15ad device_id 7a0 ss_vid 0 ss_did 0
[    1.631727] pciehp 0000:00:16.6:pcie04: service driver pciehp loaded
[    1.631772] pciehp 0000:00:16.7:pcie04: HPC vendor_id 15ad device_id 7a0 ss_vid 0 ss_did 0
[    1.631817] pciehp 0000:00:16.7:pcie04: service driver pciehp loaded
[    1.631863] pciehp 0000:00:17.0:pcie04: HPC vendor_id 15ad device_id 7a0 ss_vid 0 ss_did 0
[    1.631908] pciehp 0000:00:17.0:pcie04: service driver pciehp loaded
[    1.631953] pciehp 0000:00:17.1:pcie04: HPC vendor_id 15ad device_id 7a0 ss_vid 0 ss_did 0
[    1.631998] pciehp 0000:00:17.1:pcie04: service driver pciehp loaded
[    1.632044] pciehp 0000:00:17.2:pcie04: HPC vendor_id 15ad device_id 7a0 ss_vid 0 ss_did 0
[    1.632089] pciehp 0000:00:17.2:pcie04: service driver pciehp loaded
[    1.632134] pciehp 0000:00:17.3:pcie04: HPC vendor_id 15ad device_id 7a0 ss_vid 0 ss_did 0
[    1.632179] pciehp 0000:00:17.3:pcie04: service driver pciehp loaded
[    1.632224] pciehp 0000:00:17.4:pcie04: HPC vendor_id 15ad device_id 7a0 ss_vid 0 ss_did 0
[    1.632270] pciehp 0000:00:17.4:pcie04: service driver pciehp loaded
[    1.632315] pciehp 0000:00:17.5:pcie04: HPC vendor_id 15ad device_id 7a0 ss_vid 0 ss_did 0
[    1.632360] pciehp 0000:00:17.5:pcie04: service driver pciehp loaded
[    1.632405] pciehp 0000:00:17.6:pcie04: HPC vendor_id 15ad device_id 7a0 ss_vid 0 ss_did 0
[    1.632451] pciehp 0000:00:17.6:pcie04: service driver pciehp loaded
[    1.632496] pciehp 0000:00:17.7:pcie04: HPC vendor_id 15ad device_id 7a0 ss_vid 0 ss_did 0
[    1.632541] pciehp 0000:00:17.7:pcie04: service driver pciehp loaded
[    1.632586] pciehp 0000:00:18.0:pcie04: HPC vendor_id 15ad device_id 7a0 ss_vid 0 ss_did 0
[    1.632631] pciehp 0000:00:18.0:pcie04: service driver pciehp loaded
[    1.632677] pciehp 0000:00:18.1:pcie04: HPC vendor_id 15ad device_id 7a0 ss_vid 0 ss_did 0
[    1.632722] pciehp 0000:00:18.1:pcie04: service driver pciehp loaded
[    1.632767] pciehp 0000:00:18.2:pcie04: HPC vendor_id 15ad device_id 7a0 ss_vid 0 ss_did 0
[    1.632812] pciehp 0000:00:18.2:pcie04: service driver pciehp loaded
[    1.632858] pciehp 0000:00:18.3:pcie04: HPC vendor_id 15ad device_id 7a0 ss_vid 0 ss_did 0
[    1.632903] pciehp 0000:00:18.3:pcie04: service driver pciehp loaded
[    1.632948] pciehp 0000:00:18.4:pcie04: HPC vendor_id 15ad device_id 7a0 ss_vid 0 ss_did 0
[    1.632993] pciehp 0000:00:18.4:pcie04: service driver pciehp loaded
[    1.633039] pciehp 0000:00:18.5:pcie04: HPC vendor_id 15ad device_id 7a0 ss_vid 0 ss_did 0
[    1.633084] pciehp 0000:00:18.5:pcie04: service driver pciehp loaded
[    1.633129] pciehp 0000:00:18.6:pcie04: HPC vendor_id 15ad device_id 7a0 ss_vid 0 ss_did 0
[    1.633174] pciehp 0000:00:18.6:pcie04: service driver pciehp loaded
[    1.633219] pciehp 0000:00:18.7:pcie04: HPC vendor_id 15ad device_id 7a0 ss_vid 0 ss_did 0
[    1.633265] pciehp 0000:00:18.7:pcie04: service driver pciehp loaded
[    1.633272] pciehp: PCI Express Hot Plug Controller Driver version: 0.4
[    1.633323] ACPI: AC Adapter [ACAD] (on-line)
[    1.633378] input: Power Button as /devices/LNXSYSTM:00/LNXPWRBN:00/input/input0
[    1.633380] ACPI: Power Button [PWRF]
[    1.633426] processor LNXCPU:00: registered as cooling_device0
[    1.674307] isapnp: Scanning for PnP cards...
[    2.027812] isapnp: No Plug & Play device found
[    2.027843] random 0000 0000 0000 5f8db4e5 4cfdf2a8: initializing
[    2.027970] Linux agpgart interface v0.103
[    2.028009] agpgart-intel 0000:00:00.0: Intel 440BX Chipset
[    2.028062] agpgart-intel 0000:00:00.0: AGP aperture is 256M @ 0x0
[    2.028094] Serial: 8250/16550 driver, 32 ports, IRQ sharing enabled
[    2.028147] serial8250: ttyS0 at I/O 0x3f8 (irq = 4) is a 16550A
[    2.028200] serial8250: ttyS1 at I/O 0x2f8 (irq = 3) is a 16550A
[    2.028253] 00:0a: ttyS0 at I/O 0x3f8 (irq = 4) is a 16550A
[    2.028306] 00:0b: ttyS1 at I/O 0x2f8 (irq = 3) is a 16550A
[    2.028359] brd: module loaded
[    2.028412] loop: module loaded
[    2.028465] ata_piix 0000:00:07.1: version 2.13
[    2.028548] scsi0 : ata_piix
[    2.028594] scsi1 : ata_piix
[    2.028614] ata1: PATA max UDMA/33 cmd 0x1f0 ctl 0x3f6 bmdma 0x10c0 irq 14
[    2.028616] ata2: PATA max UDMA/33 cmd 0x170 ctl 0x376 bmdma 0x10c8 irq 15
[    2.028663] PPP generic driver version 2.4.2
[    2.028682] tun: Universal TUN/TAP device driver, 1.6
[    2.028684] tun: (C) 1999-2004 Max Krasnyansky <maxk@qualcomm.com>
[    2.028737] ehci_hcd: USB 2.0 'Enhanced' Host Controller (EHCI) Driver
[    2.028790] ACPI: PCI Interrupt Link [LNKB] enabled at IRQ 11
[    2.028792] PCI: setting IRQ 11 as level-triggered
[    2.028800] ehci_hcd 0000:02:03.0: PCI INT A -> Link[LNKB] -> GSI 11 (level, low) -> IRQ 11
[    2.028853] ehci_hcd 0000:02:03.0: EHCI Host Controller
[    2.028885] ehci_hcd 0000:02:03.0: new USB bus registered, assigned bus number 1
[    2.028938] ehci_hcd 0000:02:03.0: cache line size of 32 is not supported
[    2.028945] ehci_hcd 0000:02:03.0: irq 11, io mem 0xc9000000
[    2.029256] random 0000 0000 0000 00000000 00000000: rand_read_num 3 get_random_bytes(8): sig 00000000 00000000 00000000
[    2.029258] random 0000 0000 0000 00000000 00000000: extract_entropy(.. 8 ..)
[    2.029261] random 0000 0000 0000 00000000 00000000: going to reseed nonblocking with 64 bits (64 of 0 requested)
[    2.029263] random 0000 0000 0000 00000000 00000000: extract_entropy(.. 8 ..)
[    2.029265] random 0000 0000 0000 00000000 00000000: trying to extract 64 bits from input
[    2.029268] random 0000 0000 0000 00000000 00000000: debiting 0 entropy credits from input
[    2.029269] random 0000 0000 0000 00000000 00000000: extract_entropy account returned: 0 
[    2.029272] random 0000 0000 0000 00000000 00000000: urand_change_num 5 xfer_secondary_pool(8): pool_sig 00000000, data_sig 00000000, bytes_mixed 0 00000000 00000000
[    2.029275] random 0000 0000 0000 00000000 00000000: trying to extract 64 bits from nonblocking
[    2.029277] random 0000 0000 0000 00000000 00000000: debiting 64 entropy credits from nonblocking (unlimited)
[    2.029279] random 0000 0000 0000 00000000 00000000: extract_entropy account returned: 8 
[    2.029283] random 0000 0000 0000 00000000 00000000: urand_change_num 6 extract_buf: pool_sig 00000000, data_sig fffffff9, bytes_mixed 20 00000000 00000000
[    2.037782] ehci_hcd 0000:02:03.0: USB 2.0 started, EHCI 1.00
[    2.037835] usb usb1: configuration #1 chosen from 1 choice
[    2.037855] hub 1-0:1.0: USB hub found
[    2.037860] hub 1-0:1.0: 6 ports detected
[    2.037896] ohci_hcd: USB 1.1 'Open' Host Controller (OHCI) Driver
[    2.037907] uhci_hcd: USB Universal Host Controller Interface driver
[    2.037960] ACPI: PCI Interrupt Link [LNKC] enabled at IRQ 10
[    2.037963] PCI: setting IRQ 10 as level-triggered
[    2.037967] uhci_hcd 0000:02:00.0: PCI INT A -> Link[LNKC] -> GSI 10 (level, low) -> IRQ 10
[    2.038005] uhci_hcd 0000:02:00.0: UHCI Host Controller
[    2.038034] uhci_hcd 0000:02:00.0: new USB bus registered, assigned bus number 2
[    2.038144] uhci_hcd 0000:02:00.0: irq 10, io base 0x000020c0
[    2.038197] usb usb2: configuration #1 chosen from 1 choice
[    2.038213] hub 2-0:1.0: USB hub found
[    2.038217] hub 2-0:1.0: 2 ports detected
[    2.038270] usbcore: registered new interface driver libusual
[    2.038298] PNP: PS/2 Controller [PNP0303:KBC,PNP0f13:MOUS] at 0x60,0x64 irq 1,12
[    2.038636] serio: i8042 KBD port at 0x60,0x64 irq 1
[    2.038644] serio: i8042 AUX port at 0x60,0x64 irq 12
[    2.038680] mice: PS/2 mouse device common for all mice
[    2.038733] rtc_cmos 00:04: rtc core: registered rtc_cmos as rtc0
[    2.038774] rtc0: alarms up to one month, y3k, 114 bytes nvram, hpet irqs
[    2.038827] device-mapper: uevent: version 1.0.3
[    2.038983] device-mapper: ioctl: 4.15.0-ioctl (2009-04-01) initialised: dm-devel@redhat.com
[    2.038999] EISA: Probing bus 0 at eisa.0
[    2.039006] Cannot allocate resource for EISA slot 1
[    2.039008] Cannot allocate resource for EISA slot 2
[    2.039010] Cannot allocate resource for EISA slot 3
[    2.039012] Cannot allocate resource for EISA slot 4
[    2.039013] Cannot allocate resource for EISA slot 5
[    2.039015] Cannot allocate resource for EISA slot 6
[    2.039017] Cannot allocate resource for EISA slot 7
[    2.039019] Cannot allocate resource for EISA slot 8
[    2.039020] EISA: Detected 0 cards.
[    2.039064] cpuidle: using governor ladder
[    2.039066] cpuidle: using governor menu
[    2.039119] random 0000 0000 0000 00000000 00000000: rand_read_num 4 get_random_bytes(136): sig 0000021d 00000000 00000000
[    2.039122] random 0000 0000 0000 00000000 00000000: extract_entropy(.. 136 ..)
[    2.039124] random 0000 0000 0000 00000000 00000000: going to reseed nonblocking with 1024 bits (1088 of 0 requested)
[    2.039126] random 0000 0000 0000 00000000 00000000: extract_entropy(.. 128 ..)
[    2.039128] random 0000 0000 0000 00000000 00000000: trying to extract 1024 bits from input
[    2.039131] random 0000 0000 0000 00000000 00000000: debiting 0 entropy credits from input
[    2.039132] random 0000 0000 0000 00000000 00000000: extract_entropy account returned: 0 
[    2.039135] random 0000 0000 0000 00000000 00000000: urand_change_num 7 xfer_secondary_pool(136): pool_sig 0000021d, data_sig 00000000, bytes_mixed 0 00000000 00000000
[    2.039138] random 0000 0000 0000 00000000 00000000: trying to extract 1088 bits from nonblocking
[    2.039140] random 0000 0000 0000 00000000 00000000: debiting 1088 entropy credits from nonblocking (unlimited)
[    2.039142] random 0000 0000 0000 00000000 00000000: extract_entropy account returned: 136 
[    2.039146] random 0000 0000 0000 00000000 00000000: urand_change_num 8 extract_buf: pool_sig 0000021d, data_sig fffffff7, bytes_mixed 20 00000000 00000000
[    2.039150] random 0000 0000 0000 f961ee50 ba9cb1aa: urand_change_num 9 extract_buf: pool_sig 00000230, data_sig fffffeb4, bytes_mixed 20 f961ee50 ba9cb1aa
[    2.039154] random 0000 0000 0000 9748bdd6 56fb8af6: urand_change_num 10 extract_buf: pool_sig 00000373, data_sig 000000cf, bytes_mixed 20 9748bdd6 56fb8af6
[    2.039159] random 0000 0000 0000 9748bdd6 56fb8af6: urand_change_num 11 extract_buf: pool_sig fffffe49, data_sig 0000023f, bytes_mixed 20 9748bdd6 56fb8af6
[    2.039163] random 0000 0000 0000 a135be86 4777650e: urand_change_num 12 extract_buf: pool_sig fffffcce, data_sig 000000c6, bytes_mixed 20 a135be86 4777650e
[    2.039167] random 0000 0000 0000 4a6ea85d 170e00dd: urand_change_num 13 extract_buf: pool_sig ffffff97, data_sig ffffff7d, bytes_mixed 20 4a6ea85d 170e00dd
[    2.039171] random 0000 0000 0000 4a6ea85d 170e00dd: urand_change_num 14 extract_buf: pool_sig 00000160, data_sig fffffeea, bytes_mixed 20 4a6ea85d 170e00dd
[    2.039175] random 0000 0000 0000 6e87c3cb da668c73: urand_change_num 15 extract_buf: pool_sig 0000034f, data_sig ffffff54, bytes_mixed 20 6e87c3cb da668c73
[    2.039179] random 0000 0000 0000 6e87c3cb da668c73: urand_change_num 16 extract_buf: pool_sig fffffdc5, data_sig 00000205, bytes_mixed 20 6e87c3cb da668c73
[    2.039184] random 0000 0000 0000 39f531e6 461eb249: urand_change_num 17 extract_buf: pool_sig fffffc1d, data_sig ffffff5e, bytes_mixed 20 39f531e6 461eb249
[    2.039188] random 0000 0000 0000 7e1538a2 3e661182: urand_change_num 18 extract_buf: pool_sig 000006ef, data_sig ffffff2e, bytes_mixed 20 7e1538a2 3e661182
[    2.039192] random 0000 0000 0000 7e1538a2 3e661182: urand_change_num 19 extract_buf: pool_sig 00000317, data_sig fffffccb, bytes_mixed 20 7e1538a2 3e661182
[    2.039196] random 0000 0000 0000 76af506b 9b57305e: urand_change_num 20 extract_buf: pool_sig 00000227, data_sig ffffffd2, bytes_mixed 20 76af506b 9b57305e
[    2.039200] random 0000 0000 0000 37d49d89 e20417cc: urand_change_num 21 extract_buf: pool_sig 0000080b, data_sig 000001e9, bytes_mixed 20 37d49d89 e20417cc
[    2.039204] TCP cubic registered
[    2.039257] NET: Registered protocol family 10
[    2.039290] RANDOM - __random32 called. Change num 12.  Value: 5eba7c56	3354535f	8d65ceee
[    2.039292] RANDOM - random32 called.  Value: 5eba7c56	3354535f	8d65ceee
[    2.039300] random 0000 0000 0000 37d49d89 e20417cc: rand_read_num 5 get_random_bytes(4): sig 00000298 37d49d89 e20417cc
[    2.039302] random 0000 0000 0000 37d49d89 e20417cc: extract_entropy(.. 4 ..)
[    2.039304] random 0000 0000 0000 37d49d89 e20417cc: going to reseed nonblocking with 64 bits (32 of 0 requested)
[    2.039306] random 0000 0000 0000 37d49d89 e20417cc: extract_entropy(.. 8 ..)
[    2.039309] random 0000 0000 0000 37d49d89 e20417cc: trying to extract 64 bits from input
[    2.039311] random 0000 0000 0000 37d49d89 e20417cc: debiting 0 entropy credits from input
[    2.039313] random 0000 0000 0000 37d49d89 e20417cc: extract_entropy account returned: 0 
[    2.039315] random 0000 0000 0000 37d49d89 e20417cc: urand_change_num 22 xfer_secondary_pool(4): pool_sig 00000298, data_sig 00000000, bytes_mixed 0 37d49d89 e20417cc
[    2.039318] random 0000 0000 0000 37d49d89 e20417cc: trying to extract 32 bits from nonblocking
[    2.039320] random 0000 0000 0000 37d49d89 e20417cc: debiting 32 entropy credits from nonblocking (unlimited)
[    2.039322] random 0000 0000 0000 37d49d89 e20417cc: extract_entropy account returned: 4 
[    2.039325] random 0000 0000 0000 37d49d89 e20417cc: urand_change_num 23 extract_buf: pool_sig 00000298, data_sig 00000092, bytes_mixed 20 37d49d89 e20417cc
[    2.039379] RANDOM - __random32 called. Change num 13.  Value: a7c56226	354535ff	9ddcc977
[    2.039381] RANDOM - random32 called.  Value: a7c56226	354535ff	9ddcc977
[    2.039434] NET: Registered protocol family 17
[    2.039454] Using IPI No-Shortcut mode
[    2.039460] random 0000 0000 0000 2ee4c4fc 167bdb15: rand_read_num 6 get_random_bytes(8): sig fffffcbf 2ee4c4fc 167bdb15
[    2.039462] random 0000 0000 0000 2ee4c4fc 167bdb15: extract_entropy(.. 8 ..)
[    2.039464] random 0000 0000 0000 2ee4c4fc 167bdb15: going to reseed nonblocking with 64 bits (64 of 0 requested)
[    2.039466] random 0000 0000 0000 2ee4c4fc 167bdb15: extract_entropy(.. 8 ..)
[    2.039468] random 0000 0000 0000 2ee4c4fc 167bdb15: trying to extract 64 bits from input
[    2.039470] random 0000 0000 0000 2ee4c4fc 167bdb15: debiting 0 entropy credits from input
[    2.039472] random 0000 0000 0000 2ee4c4fc 167bdb15: extract_entropy account returned: 0 
[    2.039475] random 0000 0000 0000 2ee4c4fc 167bdb15: urand_change_num 24 xfer_secondary_pool(8): pool_sig fffffcbf, data_sig 00000000, bytes_mixed 0 2ee4c4fc 167bdb15
[    2.039477] random 0000 0000 0000 2ee4c4fc 167bdb15: trying to extract 64 bits from nonblocking
[    2.039480] random 0000 0000 0000 2ee4c4fc 167bdb15: debiting 64 entropy credits from nonblocking (unlimited)
[    2.039482] random 0000 0000 0000 2ee4c4fc 167bdb15: extract_entropy account returned: 8 
[    2.039485] random 0000 0000 0000 2ee4c4fc 167bdb15: urand_change_num 25 extract_buf: pool_sig fffffcbf, data_sig ffffff83, bytes_mixed 20 2ee4c4fc 167bdb15
[    2.039538] PM: Resume from disk failed.
[    2.039572] registered taskstats version 1
[    2.039576] random 0000 0000 0000 2ee4c4fc 167bdb15: rand_read_num 7 get_random_bytes(12): sig fffffc69 2ee4c4fc 167bdb15
[    2.039578] random 0000 0000 0000 2ee4c4fc 167bdb15: extract_entropy(.. 12 ..)
[    2.039580] random 0000 0000 0000 2ee4c4fc 167bdb15: going to reseed nonblocking with 96 bits (96 of 0 requested)
[    2.039583] random 0000 0000 0000 2ee4c4fc 167bdb15: extract_entropy(.. 12 ..)
[    2.039585] random 0000 0000 0000 2ee4c4fc 167bdb15: trying to extract 96 bits from input
[    2.039587] random 0000 0000 0000 2ee4c4fc 167bdb15: debiting 0 entropy credits from input
[    2.039589] random 0000 0000 0000 2ee4c4fc 167bdb15: extract_entropy account returned: 0 
[    2.039592] random 0000 0000 0000 2ee4c4fc 167bdb15: urand_change_num 26 xfer_secondary_pool(12): pool_sig fffffc69, data_sig 00000000, bytes_mixed 0 2ee4c4fc 167bdb15
[    2.039595] random 0000 0000 0000 2ee4c4fc 167bdb15: trying to extract 96 bits from nonblocking
[    2.039597] random 0000 0000 0000 2ee4c4fc 167bdb15: debiting 96 entropy credits from nonblocking (unlimited)
[    2.039599] random 0000 0000 0000 2ee4c4fc 167bdb15: extract_entropy account returned: 12 
[    2.039603] random 0000 0000 0000 2ee4c4fc 167bdb15: urand_change_num 27 extract_buf: pool_sig fffffc69, data_sig ffffff7d, bytes_mixed 20 2ee4c4fc 167bdb15
[    2.039607] random 0000 0000 0000 83b7c1ab 94697f48: urand_change_num 28 extract_buf: pool_sig fffffe30, data_sig fffffdd6, bytes_mixed 20 83b7c1ab 94697f48
[    2.039610] RANDOM - __seed init called.
[    2.039611] RANDOM - __seed init called.
[    2.039613] RANDOM - __seed init called.
[    2.039614] RANDOM - __random32 called. Change num 14.  Value: fc007995	feca4f80	21b38ad2
[    2.039616] RANDOM - random32_reseed called.  Value: fc007995	feca4f80	21b38ad2
[    2.039619] Pid: 1, comm: swapper Not tainted 2.6.32.57 #4
[    2.039620] Call Trace:
[    2.039626]  [<c14a8a0e>] ? printk+0x1d/0x1f
[    2.039630]  [<c17537e5>] random32_reseed+0x89/0xbd
[    2.039634]  [<c1003042>] do_one_initcall+0x32/0x1a0
[    2.039637]  [<c175375c>] ? random32_reseed+0x0/0xbd
[    2.039640]  [<c17308e7>] kernel_init+0x12d/0x17a
[    2.039642]  [<c17307ba>] ? kernel_init+0x0/0x17a
[    2.039645]  [<c1009b07>] kernel_thread_helper+0x7/0x10
[    2.042287] input: AT Translated Set 2 keyboard as /devices/platform/i8042/serio0/input/input1
[    2.042568] random 0000 0000 0000 6db70b00 b30ce96b: rand_read_num 8 get_random_bytes(64): sig fffffb38 6db70b00 b30ce96b
[    2.042572] random 0000 0000 0000 6db70b00 b30ce96b: extract_entropy(.. 64 ..)
[    2.042576] random 0000 0000 0000 6db70b00 b30ce96b: going to reseed nonblocking with 512 bits (512 of 0 requested)
[    2.042578] random 0000 0000 0000 6db70b00 b30ce96b: extract_entropy(.. 64 ..)
[    2.042580] random 0000 0000 0000 6db70b00 b30ce96b: trying to extract 512 bits from input
[    2.042582] random 0000 0000 0000 6db70b00 b30ce96b: debiting 0 entropy credits from input
[    2.042585] random 0000 0000 0000 6db70b00 b30ce96b: extract_entropy account returned: 0 
[    2.042588] random 0000 0000 0000 6db70b00 b30ce96b: urand_change_num 29 xfer_secondary_pool(64): pool_sig fffffb38, data_sig 00000000, bytes_mixed 0 6db70b00 b30ce96b
[    2.042591] random 0000 0000 0000 6db70b00 b30ce96b: trying to extract 512 bits from nonblocking
[    2.042593] random 0000 0000 0000 6db70b00 b30ce96b: debiting 512 entropy credits from nonblocking (unlimited)
[    2.042596] random 0000 0000 0000 6db70b00 b30ce96b: extract_entropy account returned: 64 
[    2.042599] random 0000 0000 0000 6db70b00 b30ce96b: urand_change_num 30 extract_buf: pool_sig fffffb38, data_sig 00000151, bytes_mixed 20 6db70b00 b30ce96b
[    2.042604] random 0000 0000 0000 6db70b00 b30ce96b: urand_change_num 31 extract_buf: pool_sig fffffdb8, data_sig 00000379, bytes_mixed 20 6db70b00 b30ce96b
[    2.042608] random 0000 0000 0000 6b83001e d4b6c0d3: urand_change_num 32 extract_buf: pool_sig ffffffc9, data_sig 00000198, bytes_mixed 20 6b83001e d4b6c0d3
[    2.042613] random 0000 0000 0000 79d3e3c7 be564518: urand_change_num 33 extract_buf: pool_sig 000002b9, data_sig ffffff84, bytes_mixed 20 79d3e3c7 be564518
[    2.042617] random 0000 0000 0000 79d3e3c7 be564518: urand_change_num 34 extract_buf: pool_sig ffffff55, data_sig ffffff5a, bytes_mixed 20 79d3e3c7 be564518
[    2.042622] random 0000 0000 0000 89c03cb2 0d353228: urand_change_num 35 extract_buf: pool_sig 00000007, data_sig ffffff17, bytes_mixed 20 89c03cb2 0d353228
[    2.042626] random 0000 0000 0000 89c03cb2 0d353228: urand_change_num 36 extract_buf: pool_sig fffffdae, data_sig 000000db, bytes_mixed 20 89c03cb2 0d353228  Magic number: 13:680:1010
[    2.042727] rtc_cmos 00:04: setting system clock to 2013-05-24 23:57:30 UTC (1369439850)
[    2.042730] BIOS EDD facility v0.16 2004-Jun-25, 0 devices found
[    2.042731] EDD information not available.
[    2.042757] random 0000 0000 0000 8ca62387 b120332c: rand_read_num 9 get_random_bytes(64): sig fffffed6 8ca62387 b120332c
[    2.042759] random 0000 0000 0000 8ca62387 b120332c: extract_entropy(.. 64 ..)
[    2.042762] random 0000 0000 0000 8ca62387 b120332c: going to reseed nonblocking with 512 bits (512 of 0 requested)
[    2.042764] random 0000 0000 0000 8ca62387 b120332c: extract_entropy(.. 64 ..)
[    2.042766] random 0000 0000 0000 8ca62387 b120332c: trying to extract 512 bits from input
[    2.042768] random 0000 0000 0000 8ca62387 b120332c: debiting 0 entropy credits from input
[    2.042771] random 0000 0000 0000 8ca62387 b120332c: extract_entropy account returned: 0 
[    2.042773] random 0000 0000 0000 8ca62387 b120332c: urand_change_num 37 xfer_secondary_pool(64): pool_sig fffffed6, data_sig 00000000, bytes_mixed 0 8ca62387 b120332c
[    2.042776] random 0000 0000 0000 8ca62387 b120332c: trying to extract 512 bits from nonblocking
[    2.042779] random 0000 0000 0000 8ca62387 b120332c: debiting 512 entropy credits from nonblocking (unlimited)
[    2.042781] random 0000 0000 0000 8ca62387 b120332c: extract_entropy account returned: 64 
[    2.042784] random 0000 0000 0000 8ca62387 b120332c: urand_change_num 38 extract_buf: pool_sig fffffed6, data_sig fffffeb6, bytes_mixed 20 8ca62387 b120332c
[    2.042789] random 0000 0000 0000 90702413 e2a66c2e: urand_change_num 39 extract_buf: pool_sig fffffbb0, data_sig 0000012e, bytes_mixed 20 90702413 e2a66c2e
[    2.042793] random 0000 0000 0000 90702413 e2a66c2e: urand_change_num 40 extract_buf: pool_sig fffffaf1, data_sig ffffff3c, bytes_mixed 20 90702413 e2a66c2e
[    2.042798] random 0000 0000 0000 3f58038b c77aecb6: urand_change_num 41 extract_buf: pool_sig 00000234, data_sig fffffdec, bytes_mixed 20 3f58038b c77aecb6
[    2.042802] random 0000 0000 0000 47187b9d 03f21510: urand_change_num 42 extract_buf: pool_sig 00000192, data_sig 00000075, bytes_mixed 20 47187b9d 03f21510
[    2.042806] random 0000 0000 0000 47187b9d 03f21510: urand_change_num 43 extract_buf: pool_sig 0000018e, data_sig ffffffbf, bytes_mixed 20 47187b9d 03f21510
[    2.042811] random 0000 0000 0000 3180b1fc 0fa9c973: urand_change_num 44 extract_buf: pool_sig fffffecf, data_sig ffffff2a, bytes_mixed 20 3180b1fc 0fa9c973
[    2.042814] BEGIN NET_SECRET:
[    2.042815] \xffffff87
[    2.042816] \xffffff8d
[    2.042817] \xfffffff4
[    2.042818] \xffffffae
[    2.042820] \xffffffc3
[    2.042821] \xffffffb7
[    2.042822] \x31
[    2.042823] \x65
[    2.042824] \xffffffda
[    2.042825] \xffffffa2
[    2.042827] \x31
[    2.042828] \xffffffc8
[    2.042829] \xffffffa9
[    2.042830] \x76
[    2.042831] \x76
[    2.042832] \xffffff90
[    2.042833] \x55
[    2.042835] \xfffffff3
[    2.042836] \xffffffb1
[    2.042837] \x3
[    2.042838] \xffffffb3
[    2.042839] \xffffffa7
[    2.042840] \x5a
[    2.042841] \x71
[    2.042843] \x70
[    2.042844] \xffffff8c
[    2.042845] \x56
[    2.042846] \x25
[    2.042847] \xffffffe1
[    2.042848] \x4c
[    2.042849] \xffffffe6
[    2.042850] \xffffff95
[    2.042852] \x67
[    2.042853] \x4c
[    2.042854] \xffffffb9
[    2.042855] \x1d
[    2.042856] \xe
[    2.042857] \x34
[    2.042858] \xffffffbe
[    2.042860] \x12
[    2.042861] \x5
[    2.042862] \xffffff98
[    2.042863] \xffffffa0
[    2.042864] \xf
[    2.042865] \xffffffb2
[    2.042866] \xffffffde
[    2.042868] \xffffff99
[    2.042869] \xf
[    2.042870] \xffffffe8
[    2.042871] \xffffffc8
[    2.042872] \x1f
[    2.042873] \x54
[    2.042874] \x2c
[    2.042875] \xffffffee
[    2.042877] \x2e
[    2.042878] \x0
[    2.042879] \xffffff95
[    2.042880] \x0
[    2.042881] \xffffffe3
[    2.042882] \xffffffa7
[    2.042883] \xfffffffd
[    2.042885] \x66
[    2.042886] \xffffff92
[    2.042887] \xfffffff0
[    2.042888] 
[    2.042889] END NET_SECRET
[    2.042892] random 0000 0000 0000 3180b1fc 0fa9c973: rand_read_num 10 get_random_bytes(4): sig ffffff46 3180b1fc 0fa9c973
[    2.042894] random 0000 0000 0000 3180b1fc 0fa9c973: extract_entropy(.. 4 ..)
[    2.042896] random 0000 0000 0000 3180b1fc 0fa9c973: going to reseed nonblocking with 64 bits (32 of 0 requested)
[    2.042899] random 0000 0000 0000 3180b1fc 0fa9c973: extract_entropy(.. 8 ..)
[    2.042901] random 0000 0000 0000 3180b1fc 0fa9c973: trying to extract 64 bits from input
[    2.042903] random 0000 0000 0000 3180b1fc 0fa9c973: debiting 0 entropy credits from input
[    2.042905] random 0000 0000 0000 3180b1fc 0fa9c973: extract_entropy account returned: 0 
[    2.042908] random 0000 0000 0000 3180b1fc 0fa9c973: urand_change_num 45 xfer_secondary_pool(4): pool_sig ffffff46, data_sig 00000000, bytes_mixed 0 3180b1fc 0fa9c973
[    2.042911] random 0000 0000 0000 3180b1fc 0fa9c973: trying to extract 32 bits from nonblocking
[    2.042913] random 0000 0000 0000 3180b1fc 0fa9c973: debiting 32 entropy credits from nonblocking (unlimited)
[    2.042915] random 0000 0000 0000 3180b1fc 0fa9c973: extract_entropy account returned: 4 
[    2.042918] random 0000 0000 0000 3180b1fc 0fa9c973: urand_change_num 46 extract_buf: pool_sig ffffff46, data_sig 0000001b, bytes_mixed 20 3180b1fc 0fa9c973
[    2.218781] ata2.00: ATAPI: VMware Virtual IDE CDROM Drive, 00000001, max UDMA/33
[    2.219063] ata2.00: configured for UDMA/33
[    2.219468] scsi 1:0:0:0: CD-ROM            NECVMWar VMware IDE CDR10 1.00 PQ: 0 ANSI: 5
[    2.220681] sr0: scsi3-mmc drive: 306x/306x cd/rw xa/form2 cdda tray
[    2.220684] Uniform CD-ROM driver Revision: 3.20
[    2.220737] sr 1:0:0:0: Attached scsi CD-ROM sr0
[    2.220773] sr 1:0:0:0: Attached scsi generic sg0 type 5
[    2.220807] Freeing unused kernel memory: 652k freed
[    2.220860] Write protecting the kernel text: 4840k
[    2.220891] Write protecting the kernel read-only data: 1968k
[    2.220994] random 0000 0000 0000 38974d2b 1d8d6de0: rand_read_num 11 get_random_bytes(16): sig 000001c6 38974d2b 1d8d6de0
