[    0.000000] random 0000 0000 0000 00000000 00000000: rand_read_num 1 get_random_bytes(8): sig 00000000 00000000 00000000
[    0.000000] random 0000 0000 0000 00000000 00000000: extract_entropy(.. 8 ..)
[    0.000000] random 0000 0000 0000 00000000 00000000: going to reseed nonblocking with 64 bits (64 of 0 requested)
[    0.000000] random 0000 0000 0000 00000000 00000000: extract_entropy(.. 8 ..)
[    0.000000] random 0000 0000 0000 00000000 00000000: trying to extract 64 bits from input
[    0.000000] random 0000 0000 0000 00000000 00000000: debiting 0 entropy credits from input
[    0.000000] random 0000 0000 0000 00000000 00000000: extract_entropy account returned: 0 
[    0.000000] random 0000 0000 0000 00000000 00000000: urand_change_num 1 xfer_secondary_pool(8): pool_sig 00000000, data_sig 00000000, bytes_mixed 0 00000000 00000000
[    0.000000] random 0000 0000 0000 00000000 00000000: trying to extract 64 bits from nonblocking
[    0.000000] random 0000 0000 0000 00000000 00000000: debiting 64 entropy credits from nonblocking (unlimited)
[    0.000000] random 0000 0000 0000 00000000 00000000: extract_entropy account returned: 8 
[    0.000000] random 0000 0000 0000 00000000 00000000: urand_change_num 2 extract_buf: pool_sig 00000000, data_sig fffffff9, bytes_mixed 20 00000000 00000000
[    0.000000] Initializing cgroup subsys cpuset
[    0.000000] Initializing cgroup subsys cpu
[    0.000000] Linux version 2.6.32.57 (dcashman@ubuntu) (gcc version 4.6.3 (Ubuntu/Linaro 4.6.3-1ubuntu5) ) #4 SMP Fri May 24 11:09:26 PDT 2013
[    0.000000] KERNEL supported cpus:
[    0.000000]   Intel GenuineIntel
[    0.000000]   AMD AuthenticAMD
[    0.000000]   NSC Geode by NSC
[    0.000000]   Cyrix CyrixInstead
[    0.000000]   Centaur CentaurHauls
[    0.000000]   Transmeta GenuineTMx86
[    0.000000]   Transmeta TransmetaCPU
[    0.000000]   UMC UMC UMC UMC
[    0.000000] BIOS-provided physical RAM map:
[    0.000000]  BIOS-e820: 0000000000000000 - 000000000009f000 (usable)
[    0.000000]  BIOS-e820: 000000000009f000 - 00000000000a0000 (reserved)
[    0.000000]  BIOS-e820: 00000000000ca000 - 00000000000cc000 (reserved)
[    0.000000]  BIOS-e820: 00000000000dc000 - 0000000000100000 (reserved)
[    0.000000]  BIOS-e820: 0000000000100000 - 000000003fee0000 (usable)
[    0.000000]  BIOS-e820: 000000003fee0000 - 000000003feff000 (ACPI data)
[    0.000000]  BIOS-e820: 000000003feff000 - 000000003ff00000 (ACPI NVS)
[    0.000000]  BIOS-e820: 000000003ff00000 - 0000000040000000 (usable)
[    0.000000]  BIOS-e820: 00000000e0000000 - 00000000f0000000 (reserved)
[    0.000000]  BIOS-e820: 00000000fec00000 - 00000000fec10000 (reserved)
[    0.000000]  BIOS-e820: 00000000fee00000 - 00000000fee01000 (reserved)
[    0.000000]  BIOS-e820: 00000000fffe0000 - 0000000100000000 (reserved)
[    0.000000] DMI present.
[    0.000000] Phoenix BIOS detected: BIOS may corrupt low RAM, working around it.
[    0.000000] e820 update range: 0000000000000000 - 0000000000010000 (usable) ==> (reserved)
[    0.000000] last_pfn = 0x40000 max_arch_pfn = 0x1000000
[    0.000000] MTRR default type: uncachable
[    0.000000] MTRR fixed ranges enabled:
[    0.000000]   00000-9FFFF write-back
[    0.000000]   A0000-BFFFF uncachable
[    0.000000]   C0000-CBFFF write-protect
[    0.000000]   CC000-EFFFF uncachable
[    0.000000]   F0000-FFFFF write-protect
[    0.000000] MTRR variable ranges enabled:
[    0.000000]   0 base 0000000000 mask FFC0000000 write-back
[    0.000000]   1 disabled
[    0.000000]   2 disabled
[    0.000000]   3 disabled
[    0.000000]   4 disabled
[    0.000000]   5 disabled
[    0.000000]   6 disabled
[    0.000000]   7 disabled
[    0.000000] x86 PAT enabled: cpu 0, old 0x0, new 0x7010600070106
[    0.000000] Scanning 0 areas for low memory corruption
[    0.000000] modified physical RAM map:
[    0.000000]  modified: 0000000000000000 - 0000000000010000 (reserved)
[    0.000000]  modified: 0000000000010000 - 000000000009f000 (usable)
[    0.000000]  modified: 000000000009f000 - 00000000000a0000 (reserved)
[    0.000000]  modified: 00000000000ca000 - 00000000000cc000 (reserved)
[    0.000000]  modified: 00000000000dc000 - 0000000000100000 (reserved)
[    0.000000]  modified: 0000000000100000 - 000000003fee0000 (usable)
[    0.000000]  modified: 000000003fee0000 - 000000003feff000 (ACPI data)
[    0.000000]  modified: 000000003feff000 - 000000003ff00000 (ACPI NVS)
[    0.000000]  modified: 000000003ff00000 - 0000000040000000 (usable)
[    0.000000]  modified: 00000000e0000000 - 00000000f0000000 (reserved)
[    0.000000]  modified: 00000000fec00000 - 00000000fec10000 (reserved)
[    0.000000]  modified: 00000000fee00000 - 00000000fee01000 (reserved)
[    0.000000]  modified: 00000000fffe0000 - 0000000100000000 (reserved)
[    0.000000] initial memory mapped : 0 - 01e00000
[    0.000000] init_memory_mapping: 0000000000000000-00000000379fe000
[    0.000000] NX (Execute Disable) protection: active
[    0.000000]  0000000000 - 0000200000 page 4k
[    0.000000]  0000200000 - 0037800000 page 2M
[    0.000000]  0037800000 - 00379fe000 page 4k
[    0.000000] kernel direct mapping tables up to 379fe000 @ 10000-16000
[    0.000000] RAMDISK: 2dcfc000 - 32e758c3
[    0.000000] ACPI: RSDP 000f6b80 00024 (v02 PTLTD )
[    0.000000] ACPI: XSDT 3feed636 0005C (v01 INTEL  440BX    06040000 VMW  01324272)
[    0.000000] ACPI: FACP 3fefee98 000F4 (v04 INTEL  440BX    06040000 PTL  000F4240)
[    0.000000] ACPI: DSDT 3feee366 10B32 (v01 PTLTD  Custom   06040000 MSFT 03000001)
[    0.000000] ACPI: FACS 3fefffc0 00040
[    0.000000] ACPI: BOOT 3feee33e 00028 (v01 PTLTD  $SBFTBL$ 06040000  LTP 00000001)
[    0.000000] ACPI: APIC 3feedc3e 003C2 (v01 PTLTD  ? APIC   06040000  LTP 00000000)
[    0.000000] ACPI: MCFG 3feedc02 0003C (v01 PTLTD  $PCITBL$ 06040000  LTP 00000001)
[    0.000000] ACPI: SRAT 3feed732 004D0 (v02 VMWARE MEMPLUG  06040000 VMW  00000001)
[    0.000000] ACPI: HPET 3feed6fa 00038 (v01 VMWARE VMW HPET 06040000 VMW  00000001)
[    0.000000] ACPI: WAET 3feed6d2 00028 (v01 VMWARE VMW WAET 06040000 VMW  00000001)
[    0.000000] ACPI: Local APIC address 0xfee00000
[    0.000000] 134MB HIGHMEM available.
[    0.000000] 889MB LOWMEM available.
[    0.000000]   mapped low ram: 0 - 379fe000
[    0.000000]   low ram: 0 - 379fe000
[    0.000000]   node 0 low ram: 00000000 - 379fe000
[    0.000000]   node 0 bootmap 00012000 - 00018f40
[    0.000000] (9 early reservations) ==> bootmem [0000000000 - 00379fe000]
[    0.000000]   #0 [0000000000 - 0000001000]   BIOS data page ==> [0000000000 - 0000001000]
[    0.000000]   #1 [0000001000 - 0000002000]    EX TRAMPOLINE ==> [0000001000 - 0000002000]
[    0.000000]   #2 [0000006000 - 0000007000]       TRAMPOLINE ==> [0000006000 - 0000007000]
[    0.000000]   #3 [0001000000 - 0001a75ff8]    TEXT DATA BSS ==> [0001000000 - 0001a75ff8]
[    0.000000]   #4 [002dcfc000 - 0032e758c3]          RAMDISK ==> [002dcfc000 - 0032e758c3]
[    0.000000]   #5 [000009f000 - 0000100000]    BIOS reserved ==> [000009f000 - 0000100000]
[    0.000000]   #6 [0001a76000 - 0001a851c0]              BRK ==> [0001a76000 - 0001a851c0]
[    0.000000]   #7 [0000010000 - 0000012000]          PGTABLE ==> [0000010000 - 0000012000]
[    0.000000]   #8 [0000012000 - 0000019000]          BOOTMAP ==> [0000012000 - 0000019000]
[    0.000000] found SMP MP-table at [c00f6bf0] f6bf0
[    0.000000] Zone PFN ranges:
[    0.000000]   DMA      0x00000010 -> 0x00001000
[    0.000000]   Normal   0x00001000 -> 0x000379fe
[    0.000000]   HighMem  0x000379fe -> 0x00040000
[    0.000000] Movable zone start PFN for each node
[    0.000000] early_node_map[3] active PFN ranges
[    0.000000]     0: 0x00000010 -> 0x0000009f
[    0.000000]     0: 0x00000100 -> 0x0003fee0
[    0.000000]     0: 0x0003ff00 -> 0x00040000
[    0.000000] On node 0 totalpages: 261999
[    0.000000] free_area_init_node: node 0, pgdat c1715200, node_mem_map c1a87200
[    0.000000]   DMA zone: 32 pages used for memmap
[    0.000000]   DMA zone: 0 pages reserved
[    0.000000]   DMA zone: 3951 pages, LIFO batch:0
[    0.000000]   Normal zone: 1748 pages used for memmap
[    0.000000]   Normal zone: 221994 pages, LIFO batch:31
[    0.000000]   HighMem zone: 269 pages used for memmap
[    0.000000]   HighMem zone: 34005 pages, LIFO batch:7
[    0.000000] Using APIC driver default
[    0.000000] ACPI: PM-Timer IO Port: 0x1008
[    0.000000] ACPI: Local APIC address 0xfee00000
[    0.000000] ACPI: LAPIC (acpi_id[0x00] lapic_id[0x00] enabled)
[    0.000000] ACPI: LAPIC (acpi_id[0x01] lapic_id[0x02] disabled)
[    0.000000] ACPI: LAPIC (acpi_id[0x02] lapic_id[0x04] disabled)
[    0.000000] ACPI: LAPIC (acpi_id[0x03] lapic_id[0x06] disabled)
[    0.000000] ACPI: LAPIC (acpi_id[0x04] lapic_id[0x08] disabled)
[    0.000000] ACPI: LAPIC (acpi_id[0x05] lapic_id[0x0a] disabled)
[    0.000000] ACPI: LAPIC (acpi_id[0x06] lapic_id[0x0c] disabled)
[    0.000000] ACPI: LAPIC (acpi_id[0x07] lapic_id[0x0e] disabled)
[    0.000000] ACPI: LAPIC (acpi_id[0x08] lapic_id[0x10] disabled)
[    0.000000] ACPI: LAPIC (acpi_id[0x09] lapic_id[0x12] disabled)
[    0.000000] ACPI: LAPIC (acpi_id[0x0a] lapic_id[0x14] disabled)
[    0.000000] ACPI: LAPIC (acpi_id[0x0b] lapic_id[0x16] disabled)
[    0.000000] ACPI: LAPIC (acpi_id[0x0c] lapic_id[0x18] disabled)
[    0.000000] ACPI: LAPIC (acpi_id[0x0d] lapic_id[0x1a] disabled)
[    0.000000] ACPI: LAPIC (acpi_id[0x0e] lapic_id[0x1c] disabled)
[    0.000000] ACPI: LAPIC (acpi_id[0x0f] lapic_id[0x1e] disabled)
[    0.000000] ACPI: LAPIC (acpi_id[0x10] lapic_id[0x20] disabled)
[    0.000000] ACPI: LAPIC (acpi_id[0x11] lapic_id[0x22] disabled)
[    0.000000] ACPI: LAPIC (acpi_id[0x12] lapic_id[0x24] disabled)
[    0.000000] ACPI: LAPIC (acpi_id[0x13] lapic_id[0x26] disabled)
[    0.000000] ACPI: LAPIC (acpi_id[0x14] lapic_id[0x28] disabled)
[    0.000000] ACPI: LAPIC (acpi_id[0x15] lapic_id[0x2a] disabled)
[    0.000000] ACPI: LAPIC (acpi_id[0x16] lapic_id[0x2c] disabled)
[    0.000000] ACPI: LAPIC (acpi_id[0x17] lapic_id[0x2e] disabled)
[    0.000000] ACPI: LAPIC (acpi_id[0x18] lapic_id[0x30] disabled)
[    0.000000] ACPI: LAPIC (acpi_id[0x19] lapic_id[0x32] disabled)
[    0.000000] ACPI: LAPIC (acpi_id[0x1a] lapic_id[0x34] disabled)
[    0.000000] ACPI: LAPIC (acpi_id[0x1b] lapic_id[0x36] disabled)
[    0.000000] ACPI: LAPIC (acpi_id[0x1c] lapic_id[0x38] disabled)
[    0.000000] ACPI: LAPIC (acpi_id[0x1d] lapic_id[0x3a] disabled)
[    0.000000] ACPI: LAPIC (acpi_id[0x1e] lapic_id[0x3c] disabled)
[    0.000000] ACPI: LAPIC (acpi_id[0x1f] lapic_id[0x3e] disabled)
[    0.000000] ACPI: LAPIC (acpi_id[0x20] lapic_id[0x40] disabled)
[    0.000000] ACPI: LAPIC (acpi_id[0x21] lapic_id[0x42] disabled)
[    0.000000] ACPI: LAPIC (acpi_id[0x22] lapic_id[0x44] disabled)
[    0.000000] ACPI: LAPIC (acpi_id[0x23] lapic_id[0x46] disabled)
[    0.000000] ACPI: LAPIC (acpi_id[0x24] lapic_id[0x48] disabled)
[    0.000000] ACPI: LAPIC (acpi_id[0x25] lapic_id[0x4a] disabled)
[    0.000000] ACPI: LAPIC (acpi_id[0x26] lapic_id[0x4c] disabled)
[    0.000000] ACPI: LAPIC (acpi_id[0x27] lapic_id[0x4e] disabled)
[    0.000000] ACPI: LAPIC (acpi_id[0x28] lapic_id[0x50] disabled)
[    0.000000] ACPI: LAPIC (acpi_id[0x29] lapic_id[0x52] disabled)
[    0.000000] ACPI: LAPIC (acpi_id[0x2a] lapic_id[0x54] disabled)
[    0.000000] ACPI: LAPIC (acpi_id[0x2b] lapic_id[0x56] disabled)
[    0.000000] ACPI: LAPIC (acpi_id[0x2c] lapic_id[0x58] disabled)
[    0.000000] ACPI: LAPIC (acpi_id[0x2d] lapic_id[0x5a] disabled)
[    0.000000] ACPI: LAPIC (acpi_id[0x2e] lapic_id[0x5c] disabled)
[    0.000000] ACPI: LAPIC (acpi_id[0x2f] lapic_id[0x5e] disabled)
[    0.000000] ACPI: LAPIC (acpi_id[0x30] lapic_id[0x60] disabled)
[    0.000000] ACPI: LAPIC (acpi_id[0x31] lapic_id[0x62] disabled)
[    0.000000] ACPI: LAPIC (acpi_id[0x32] lapic_id[0x64] disabled)
[    0.000000] ACPI: LAPIC (acpi_id[0x33] lapic_id[0x66] disabled)
[    0.000000] ACPI: LAPIC (acpi_id[0x34] lapic_id[0x68] disabled)
[    0.000000] ACPI: LAPIC (acpi_id[0x35] lapic_id[0x6a] disabled)
[    0.000000] ACPI: LAPIC (acpi_id[0x36] lapic_id[0x6c] disabled)
[    0.000000] ACPI: LAPIC (acpi_id[0x37] lapic_id[0x6e] disabled)
[    0.000000] ACPI: LAPIC (acpi_id[0x38] lapic_id[0x70] disabled)
[    0.000000] ACPI: LAPIC (acpi_id[0x39] lapic_id[0x72] disabled)
[    0.000000] ACPI: LAPIC (acpi_id[0x3a] lapic_id[0x74] disabled)
[    0.000000] ACPI: LAPIC (acpi_id[0x3b] lapic_id[0x76] disabled)
[    0.000000] ACPI: LAPIC (acpi_id[0x3c] lapic_id[0x78] disabled)
[    0.000000] ACPI: LAPIC (acpi_id[0x3d] lapic_id[0x7a] disabled)
[    0.000000] ACPI: LAPIC (acpi_id[0x3e] lapic_id[0x7c] disabled)
[    0.000000] ACPI: LAPIC (acpi_id[0x3f] lapic_id[0x7e] disabled)
[    0.000000] ACPI: LAPIC_NMI (acpi_id[0x00] high edge lint[0x1])
[    0.000000] ACPI: LAPIC_NMI (acpi_id[0x01] high edge lint[0x1])
[    0.000000] ACPI: LAPIC_NMI (acpi_id[0x02] high edge lint[0x1])
[    0.000000] ACPI: LAPIC_NMI (acpi_id[0x03] high edge lint[0x1])
[    0.000000] ACPI: LAPIC_NMI (acpi_id[0x04] high edge lint[0x1])
[    0.000000] ACPI: LAPIC_NMI (acpi_id[0x05] high edge lint[0x1])
[    0.000000] ACPI: LAPIC_NMI (acpi_id[0x06] high edge lint[0x1])
[    0.000000] ACPI: LAPIC_NMI (acpi_id[0x07] high edge lint[0x1])
[    0.000000] ACPI: LAPIC_NMI (acpi_id[0x08] high edge lint[0x1])
[    0.000000] ACPI: LAPIC_NMI (acpi_id[0x09] high edge lint[0x1])
[    0.000000] ACPI: LAPIC_NMI (acpi_id[0x0a] high edge lint[0x1])
[    0.000000] ACPI: LAPIC_NMI (acpi_id[0x0b] high edge lint[0x1])
[    0.000000] ACPI: LAPIC_NMI (acpi_id[0x0c] high edge lint[0x1])
[    0.000000] ACPI: LAPIC_NMI (acpi_id[0x0d] high edge lint[0x1])
[    0.000000] ACPI: LAPIC_NMI (acpi_id[0x0e] high edge lint[0x1])
[    0.000000] ACPI: LAPIC_NMI (acpi_id[0x0f] high edge lint[0x1])
[    0.000000] ACPI: LAPIC_NMI (acpi_id[0x10] high edge lint[0x1])
[    0.000000] ACPI: LAPIC_NMI (acpi_id[0x11] high edge lint[0x1])
[    0.000000] ACPI: LAPIC_NMI (acpi_id[0x12] high edge lint[0x1])
[    0.000000] ACPI: LAPIC_NMI (acpi_id[0x13] high edge lint[0x1])
[    0.000000] ACPI: LAPIC_NMI (acpi_id[0x14] high edge lint[0x1])
[    0.000000] ACPI: LAPIC_NMI (acpi_id[0x15] high edge lint[0x1])
[    0.000000] ACPI: LAPIC_NMI (acpi_id[0x16] high edge lint[0x1])
[    0.000000] ACPI: LAPIC_NMI (acpi_id[0x17] high edge lint[0x1])
[    0.000000] ACPI: LAPIC_NMI (acpi_id[0x18] high edge lint[0x1])
[    0.000000] ACPI: LAPIC_NMI (acpi_id[0x19] high edge lint[0x1])
[    0.000000] ACPI: LAPIC_NMI (acpi_id[0x1a] high edge lint[0x1])
[    0.000000] ACPI: LAPIC_NMI (acpi_id[0x1b] high edge lint[0x1])
[    0.000000] ACPI: LAPIC_NMI (acpi_id[0x1c] high edge lint[0x1])
[    0.000000] ACPI: LAPIC_NMI (acpi_id[0x1d] high edge lint[0x1])
[    0.000000] ACPI: LAPIC_NMI (acpi_id[0x1e] high edge lint[0x1])
[    0.000000] ACPI: LAPIC_NMI (acpi_id[0x1f] high edge lint[0x1])
[    0.000000] ACPI: LAPIC_NMI (acpi_id[0x20] high edge lint[0x1])
[    0.000000] ACPI: LAPIC_NMI (acpi_id[0x21] high edge lint[0x1])
[    0.000000] ACPI: LAPIC_NMI (acpi_id[0x22] high edge lint[0x1])
[    0.000000] ACPI: LAPIC_NMI (acpi_id[0x23] high edge lint[0x1])
[    0.000000] ACPI: LAPIC_NMI (acpi_id[0x24] high edge lint[0x1])
[    0.000000] ACPI: LAPIC_NMI (acpi_id[0x25] high edge lint[0x1])
[    0.000000] ACPI: LAPIC_NMI (acpi_id[0x26] high edge lint[0x1])
[    0.000000] ACPI: LAPIC_NMI (acpi_id[0x27] high edge lint[0x1])
[    0.000000] ACPI: LAPIC_NMI (acpi_id[0x28] high edge lint[0x1])
[    0.000000] ACPI: LAPIC_NMI (acpi_id[0x29] high edge lint[0x1])
[    0.000000] ACPI: LAPIC_NMI (acpi_id[0x2a] high edge lint[0x1])
[    0.000000] ACPI: LAPIC_NMI (acpi_id[0x2b] high edge lint[0x1])
[    0.000000] ACPI: LAPIC_NMI (acpi_id[0x2c] high edge lint[0x1])
[    0.000000] ACPI: LAPIC_NMI (acpi_id[0x2d] high edge lint[0x1])
[    0.000000] ACPI: LAPIC_NMI (acpi_id[0x2e] high edge lint[0x1])
[    0.000000] ACPI: LAPIC_NMI (acpi_id[0x2f] high edge lint[0x1])
[    0.000000] ACPI: LAPIC_NMI (acpi_id[0x30] high edge lint[0x1])
[    0.000000] ACPI: LAPIC_NMI (acpi_id[0x31] high edge lint[0x1])
[    0.000000] ACPI: LAPIC_NMI (acpi_id[0x32] high edge lint[0x1])
[    0.000000] ACPI: LAPIC_NMI (acpi_id[0x33] high edge lint[0x1])
[    0.000000] ACPI: LAPIC_NMI (acpi_id[0x34] high edge lint[0x1])
[    0.000000] ACPI: LAPIC_NMI (acpi_id[0x35] high edge lint[0x1])
[    0.000000] ACPI: LAPIC_NMI (acpi_id[0x36] high edge lint[0x1])
[    0.000000] ACPI: LAPIC_NMI (acpi_id[0x37] high edge lint[0x1])
[    0.000000] ACPI: LAPIC_NMI (acpi_id[0x38] high edge lint[0x1])
[    0.000000] ACPI: LAPIC_NMI (acpi_id[0x39] high edge lint[0x1])
[    0.000000] ACPI: LAPIC_NMI (acpi_id[0x3a] high edge lint[0x1])
[    0.000000] ACPI: LAPIC_NMI (acpi_id[0x3b] high edge lint[0x1])
[    0.000000] ACPI: LAPIC_NMI (acpi_id[0x3c] high edge lint[0x1])
[    0.000000] ACPI: LAPIC_NMI (acpi_id[0x3d] high edge lint[0x1])
[    0.000000] ACPI: LAPIC_NMI (acpi_id[0x3e] high edge lint[0x1])
[    0.000000] ACPI: LAPIC_NMI (acpi_id[0x3f] high edge lint[0x1])
[    0.000000] ACPI: Skipping IOAPIC probe due to 'noapic' option.
[    0.000000] Using ACPI for processor (LAPIC) configuration information
[    0.000000] ACPI: HPET id: 0x8086af01 base: 0xfed00000
[    0.000000] Intel MultiProcessor Specification v1.4
[    0.000000]     Virtual Wire compatibility mode.
[    0.000000] MPTABLE: OEM ID: INTEL   
[    0.000000] MPTABLE: Product ID: 440BX       
[    0.000000] MPTABLE: APIC at: 0xFEE00000
[    0.000000] I/O APIC #1 Version 17 at 0xFEC00000.
[    0.000000] Processors: 1
[    0.000000] 64 Processors exceeds NR_CPUS limit of 8
[    0.000000] SMP: Allowing 8 CPUs, 7 hotplug CPUs
[    0.000000] nr_irqs_gsi: 24
[    0.000000] PM: Registered nosave memory: 000000000009f000 - 00000000000a0000
[    0.000000] PM: Registered nosave memory: 00000000000a0000 - 00000000000ca000
[    0.000000] PM: Registered nosave memory: 00000000000ca000 - 00000000000cc000
[    0.000000] PM: Registered nosave memory: 00000000000cc000 - 00000000000dc000
[    0.000000] PM: Registered nosave memory: 00000000000dc000 - 0000000000100000
[    0.000000] Allocating PCI resources starting at 40000000 (gap: 40000000:a0000000)
[    0.000000] Booting paravirtualized kernel on bare hardware
[    0.000000] NR_CPUS:8 nr_cpumask_bits:8 nr_cpu_ids:8 nr_node_ids:1
[    0.000000] PERCPU: Embedded 15 pages/cpu @c2400000 s39320 r0 d22120 u262144
[    0.000000] pcpu-alloc: s39320 r0 d22120 u262144 alloc=1*2097152
[    0.000000] pcpu-alloc: [0] 0 1 2 3 4 5 6 7 
[    0.000000] Built 1 zonelists in Zone order, mobility grouping on.  Total pages: 259950
[    0.000000] Kernel command line: BOOT_IMAGE=/boot/vmlinuz-2.6.32.57 root=UUID=007b598c-390d-4c65-84a1-4ff752d48633 ro quiet splash maxcpus=0
[    0.000000] PID hash table entries: 4096 (order: 2, 16384 bytes)
[    0.000000] Dentry cache hash table entries: 131072 (order: 7, 524288 bytes)
[    0.000000] Inode-cache hash table entries: 65536 (order: 6, 262144 bytes)
[    0.000000] Enabling fast FPU save and restore... done.
[    0.000000] Enabling unmasked SIMD FPU exception support... done.
[    0.000000] Initializing CPU#0
[    0.000000] xsave/xrstor: enabled xstate_bv 0x7, cntxt size 0x340
[    0.000000] allocated 5242560 bytes of page_cgroup
[    0.000000] please try 'cgroup_disable=memory' option if you don't want memory cgroups
[    0.000000] Initializing HighMem for node 0 (000379fe:00040000)
[    0.000000] Memory: 938260k/1048576k available (4839k kernel code, 108848k reserved, 2518k data, 652k init, 137096k highmem)
[    0.000000] virtual kernel memory layout:
[    0.000000]     fixmap  : 0xfff1e000 - 0xfffff000   ( 900 kB)
[    0.000000]     pkmap   : 0xffa00000 - 0xffc00000   (2048 kB)
[    0.000000]     vmalloc : 0xf81fe000 - 0xff9fe000   ( 120 MB)
[    0.000000]     lowmem  : 0xc0000000 - 0xf79fe000   ( 889 MB)
[    0.000000]       .init : 0xc1730000 - 0xc17d3000   ( 652 kB)
[    0.000000]       .data : 0xc14b9cce - 0xc172f764   (2518 kB)
[    0.000000]       .text : 0xc1000000 - 0xc14b9cce   (4839 kB)
[    0.000000] Checking if this processor honours the WP bit even in supervisor mode...Ok.
[    0.000000] SLUB: Genslabs=13, HWalign=64, Order=0-3, MinObjects=0, CPUs=8, Nodes=1
[    0.000000] Hierarchical RCU implementation.
[    0.000000] NR_IRQS:2304 nr_irqs:472
[    0.000000] Extended CMOS year: 2000
[    0.000000] Console: colour VGA+ 80x25
[    0.000000] console [tty0] enabled
[    0.000000] hpet clockevent registered
[    0.000000] TSC freq read from hypervisor : 2394.620 MHz
[    0.000000] Detected 2394.620 MHz processor.
[    0.000003] Calibrating delay loop (skipped) preset value.. 4789.24 BogoMIPS (lpj=9578480)
[    0.000011] Security Framework initialized
[    0.000014] SELinux:  Disabled at boot.
[    0.000019] Mount-cache hash table entries: 512
[    0.000153] Initializing cgroup subsys cpuacct
[    0.000156] Initializing cgroup subsys memory
[    0.000159] Initializing cgroup subsys devices
[    0.000161] Initializing cgroup subsys freezer
[    0.000187] CPU: Physical Processor ID: 0
[    0.000194] CPU: L1 I cache: 32K, L1 D cache: 32K
[    0.000196] CPU: L2 cache: 256K
[    0.000196] CPU: L3 cache: 4096K
[    0.000202] mce: CPU supports 0 MCE banks
[    0.000214] Performance Events: no PMU driver, software events only.
[    0.000224] Checking 'hlt' instruction... OK.
[    0.017415] SMP alternatives: switching to UP code
[    0.036091] ACPI: Core revision 20090903
[    0.043366] ACPI: setting ELCR to 0200 (from 0e20)
[    0.044502] ftrace: converting mcount calls to 0f 1f 44 00 00
[    0.044508] ftrace: allocating 22631 entries in 45 pages
[    0.062149] CANARY value: 142a407f for PID: 1
[    0.062197] Not enabling x2apic, Intr-remapping init failed.
[    0.062198] Enabling APIC mode:  Flat.  Using 1 I/O APICs
[    0.062206] SMP mode deactivated.
[    0.062233] SMP disabled
[    0.062291] Brought up 1 CPUs
[    0.062293] Total of 1 processors activated (4789.24 BogoMIPS).
[    0.062297] CPU0 attaching NULL sched-domain.
[    0.062369] devtmpfs: initialized
[    0.062481] sysctl table check failed: /kernel/random/now_input .1.40.7 Unknown sysctl binary path
[    0.062739] Pid: 1, comm: swapper Not tainted 2.6.32.57 #4
[    0.062740] Call Trace:
[    0.062745]  [<c14a8a0e>] ? printk+0x1d/0x1f
[    0.062748]  [<c107b56f>] set_fail+0x4f/0x60
[    0.062750]  [<c107b8b3>] sysctl_check_table+0x333/0x620
[    0.062752]  [<c107b8cc>] sysctl_check_table+0x34c/0x620
[    0.062754]  [<c107b8cc>] sysctl_check_table+0x34c/0x620
[    0.062758]  [<c1746d48>] sysctl_init+0x25/0x29
[    0.062760]  [<c1003042>] do_one_initcall+0x32/0x1a0
[    0.062762]  [<c1746d23>] ? sysctl_init+0x0/0x29
[    0.062765]  [<c17308e7>] kernel_init+0x12d/0x17a
[    0.062767]  [<c17307ba>] ? kernel_init+0x0/0x17a
[    0.062769]  [<c1009b07>] kernel_thread_helper+0x7/0x10
[    0.062771] sysctl table check failed: /kernel/random/now_blocking .1.40.8 Unknown sysctl binary path
[    0.063072] Pid: 1, comm: swapper Not tainted 2.6.32.57 #4
[    0.063073] Call Trace:
[    0.063075]  [<c14a8a0e>] ? printk+0x1d/0x1f
[    0.063076]  [<c107b56f>] set_fail+0x4f/0x60
[    0.063078]  [<c107b8b3>] sysctl_check_table+0x333/0x620
[    0.063080]  [<c107b8cc>] sysctl_check_table+0x34c/0x620
[    0.063081]  [<c107b8cc>] sysctl_check_table+0x34c/0x620
[    0.063084]  [<c1746d48>] sysctl_init+0x25/0x29
[    0.063085]  [<c1003042>] do_one_initcall+0x32/0x1a0
[    0.063087]  [<c1746d23>] ? sysctl_init+0x0/0x29
[    0.063089]  [<c17308e7>] kernel_init+0x12d/0x17a
[    0.063090]  [<c17307ba>] ? kernel_init+0x0/0x17a
[    0.063092]  [<c1009b07>] kernel_thread_helper+0x7/0x10
[    0.063094] sysctl table check failed: /kernel/random/now_nonblocking .1.40.9 Unknown sysctl binary path
[    0.063332] Pid: 1, comm: swapper Not tainted 2.6.32.57 #4
[    0.063333] Call Trace:
[    0.063334]  [<c14a8a0e>] ? printk+0x1d/0x1f
[    0.063336]  [<c107b56f>] set_fail+0x4f/0x60
[    0.063338]  [<c107b8b3>] sysctl_check_table+0x333/0x620
[    0.063339]  [<c107b8cc>] sysctl_check_table+0x34c/0x620
[    0.063341]  [<c107b8cc>] sysctl_check_table+0x34c/0x620
[    0.063343]  [<c1746d48>] sysctl_init+0x25/0x29
[    0.063345]  [<c1003042>] do_one_initcall+0x32/0x1a0
[    0.063347]  [<c1746d23>] ? sysctl_init+0x0/0x29
[    0.063348]  [<c17308e7>] kernel_init+0x12d/0x17a
[    0.063350]  [<c17307ba>] ? kernel_init+0x0/0x17a
[    0.063351]  [<c1009b07>] kernel_thread_helper+0x7/0x10
[    0.063353] sysctl table check failed: /kernel/random/nb_input_bytes .1.40.10 Unknown sysctl binary path
[    0.063584] Pid: 1, comm: swapper Not tainted 2.6.32.57 #4
[    0.063585] Call Trace:
[    0.063586]  [<c14a8a0e>] ? printk+0x1d/0x1f
[    0.063587]  [<c107b56f>] set_fail+0x4f/0x60
[    0.063589]  [<c107b8b3>] sysctl_check_table+0x333/0x620
[    0.063591]  [<c107b8cc>] sysctl_check_table+0x34c/0x620
[    0.063592]  [<c107b8cc>] sysctl_check_table+0x34c/0x620
[    0.063594]  [<c1746d48>] sysctl_init+0x25/0x29
[    0.063596]  [<c1003042>] do_one_initcall+0x32/0x1a0
[    0.063598]  [<c1746d23>] ? sysctl_init+0x0/0x29
[    0.063599]  [<c17308e7>] kernel_init+0x12d/0x17a
[    0.063601]  [<c17307ba>] ? kernel_init+0x0/0x17a
[    0.063602]  [<c1009b07>] kernel_thread_helper+0x7/0x10
[    0.063604] sysctl table check failed: /kernel/random/nb_stir_count .1.40.11 Unknown sysctl binary path
[    0.063833] Pid: 1, comm: swapper Not tainted 2.6.32.57 #4
[    0.063834] Call Trace:
[    0.063835]  [<c14a8a0e>] ? printk+0x1d/0x1f
[    0.063837]  [<c107b56f>] set_fail+0x4f/0x60
[    0.063838]  [<c107b8b3>] sysctl_check_table+0x333/0x620
[    0.063840]  [<c107b8cc>] sysctl_check_table+0x34c/0x620
[    0.063841]  [<c107b8cc>] sysctl_check_table+0x34c/0x620
[    0.063843]  [<c1746d48>] sysctl_init+0x25/0x29
[    0.063845]  [<c1003042>] do_one_initcall+0x32/0x1a0
[    0.063847]  [<c1746d23>] ? sysctl_init+0x0/0x29
[    0.063848]  [<c17308e7>] kernel_init+0x12d/0x17a
[    0.063850]  [<c17307ba>] ? kernel_init+0x0/0x17a
[    0.063851]  [<c1009b07>] kernel_thread_helper+0x7/0x10
[    0.063853] sysctl table check failed: /kernel/random/nb_reentry_count .1.40.12 Unknown sysctl binary path
[    0.064126] Pid: 1, comm: swapper Not tainted 2.6.32.57 #4
[    0.064127] Call Trace:
[    0.064129]  [<c14a8a0e>] ? printk+0x1d/0x1f
[    0.064130]  [<c107b56f>] set_fail+0x4f/0x60
[    0.064132]  [<c107b8b3>] sysctl_check_table+0x333/0x620
[    0.064133]  [<c107b8cc>] sysctl_check_table+0x34c/0x620
[    0.064135]  [<c107b8cc>] sysctl_check_table+0x34c/0x620
[    0.064137]  [<c1746d48>] sysctl_init+0x25/0x29
[    0.064139]  [<c1003042>] do_one_initcall+0x32/0x1a0
[    0.064141]  [<c1746d23>] ? sysctl_init+0x0/0x29
[    0.064142]  [<c17308e7>] kernel_init+0x12d/0x17a
[    0.064144]  [<c17307ba>] ? kernel_init+0x0/0x17a
[    0.064145]  [<c1009b07>] kernel_thread_helper+0x7/0x10
[    0.064262] RANDOM - __seed init called.
[    0.064262] RANDOM - __seed init called.
[    0.064263] RANDOM - __seed init called.
[    0.064264] RANDOM - __random32 called. Change num 1.  Value: a80d136a	404c45a2	eeeb6229
[    0.064266] RANDOM - __random32 called. Change num 2.  Value: d136a14c	4c45a20	c453360e
[    0.064267] RANDOM - __random32 called. Change num 3.  Value: 6a14c0a3	4c45a20b	6c1cd950
[    0.064268] RANDOM - __random32 called. Change num 4.  Value: 4c0a3e40	c45a20be	b2a19f42
[    0.064269] RANDOM - __random32 called. Change num 5.  Value: a3e40178	45a20bea	3e84f5ac
[    0.064271] RANDOM - __random32 called. Change num 6.  Value: 40178479	5a20bea9	eb59546b
[    0.064272] RANDOM - random32 init called.  Value: 40178479	5a20bea9	eb59546b
[    0.064278] regulator: core version 0.5
[    0.064344] Time: 20:21:03  Date: 05/24/13
[    0.064379] NET: Registered protocol family 16
[    0.064443] EISA bus registered
[    0.065201] ACPI: bus type pci registered
[    0.065297] PCI: MCFG configuration 0: base e0000000 segment 0 buses 0 - 255
[    0.065299] PCI: MCFG area at e0000000 reserved in E820
[    0.065300] PCI: Using MMCONFIG for extended config space
[    0.065301] PCI: Using configuration type 1 for base access
[    0.065747] bio: create slab <bio-0> at 0
[    0.066948] ACPI: EC: Look up EC in DSDT
[    0.104422] ACPI: BIOS _OSI(Linux) query ignored
[    0.110622] ACPI: Interpreter enabled
[    0.110626] ACPI: (supports S0 S1 S4 S5)
[    0.110638] ACPI: Using PIC for interrupt routing
[    0.193478] ACPI: No dock devices found.
[    0.194326] ACPI: PCI Root Bridge [PCI0] (0000:00)
[    0.195913] pci 0000:00:07.1: reg 20 io port: [0x10c0-0x10cf]
[    0.196428] pci 0000:00:07.3: quirk: region 1000-103f claimed by PIIX4 ACPI
[    0.196439] pci 0000:00:07.3: quirk: region 1040-104f claimed by PIIX4 SMB
[    0.197006] pci 0000:00:07.7: reg 10 io port: [0x1080-0x10bf]
[    0.197398] pci 0000:00:07.7: reg 14 64bit mmio: [0xc8000000-0xc8001fff]
[    0.198602] pci 0000:00:0f.0: reg 10 io port: [0x10d0-0x10df]
[    0.198642] pci 0000:00:0f.0: reg 14 32bit mmio pref: [0xd0000000-0xd7ffffff]
[    0.198680] pci 0000:00:0f.0: reg 18 32bit mmio: [0xc8800000-0xc8ffffff]
[    0.198834] pci 0000:00:0f.0: reg 30 32bit mmio pref: [0x000000-0x007fff]
[    0.199365] pci 0000:00:10.0: reg 10 io port: [0x1400-0x14ff]
[    0.199760] pci 0000:00:10.0: reg 14 64bit mmio: [0xc8040000-0xc805ffff]
[    0.200130] pci 0000:00:10.0: reg 1c 64bit mmio: [0xc8020000-0xc803ffff]
[    0.200205] pci 0000:00:10.0: reg 30 32bit mmio pref: [0x000000-0x003fff]
[    0.201570] pci 0000:00:15.0: PME# supported from D0 D3hot D3cold
[    0.201590] pci 0000:00:15.0: PME# disabled
[    0.202452] pci 0000:00:15.1: PME# supported from D0 D3hot D3cold
[    0.202472] pci 0000:00:15.1: PME# disabled
[    0.203334] pci 0000:00:15.2: PME# supported from D0 D3hot D3cold
[    0.203354] pci 0000:00:15.2: PME# disabled
[    0.204238] pci 0000:00:15.3: PME# supported from D0 D3hot D3cold
[    0.204259] pci 0000:00:15.3: PME# disabled
[    0.205112] pci 0000:00:15.4: PME# supported from D0 D3hot D3cold
[    0.205133] pci 0000:00:15.4: PME# disabled
[    0.205988] pci 0000:00:15.5: PME# supported from D0 D3hot D3cold
[    0.206008] pci 0000:00:15.5: PME# disabled
[    0.206864] pci 0000:00:15.6: PME# supported from D0 D3hot D3cold
[    0.206884] pci 0000:00:15.6: PME# disabled
[    0.207758] pci 0000:00:15.7: PME# supported from D0 D3hot D3cold
[    0.207778] pci 0000:00:15.7: PME# disabled
[    0.208635] pci 0000:00:16.0: PME# supported from D0 D3hot D3cold
[    0.208655] pci 0000:00:16.0: PME# disabled
[    0.209512] pci 0000:00:16.1: PME# supported from D0 D3hot D3cold
[    0.209532] pci 0000:00:16.1: PME# disabled
[    0.210400] pci 0000:00:16.2: PME# supported from D0 D3hot D3cold
[    0.210420] pci 0000:00:16.2: PME# disabled
[    0.211275] pci 0000:00:16.3: PME# supported from D0 D3hot D3cold
[    0.211295] pci 0000:00:16.3: PME# disabled
[    0.212160] pci 0000:00:16.4: PME# supported from D0 D3hot D3cold
[    0.212180] pci 0000:00:16.4: PME# disabled
[    0.213043] pci 0000:00:16.5: PME# supported from D0 D3hot D3cold
[    0.213063] pci 0000:00:16.5: PME# disabled
[    0.213924] pci 0000:00:16.6: PME# supported from D0 D3hot D3cold
[    0.213944] pci 0000:00:16.6: PME# disabled
[    0.214807] pci 0000:00:16.7: PME# supported from D0 D3hot D3cold
[    0.214827] pci 0000:00:16.7: PME# disabled
[    0.215691] pci 0000:00:17.0: PME# supported from D0 D3hot D3cold
[    0.215711] pci 0000:00:17.0: PME# disabled
[    0.216572] pci 0000:00:17.1: PME# supported from D0 D3hot D3cold
[    0.216592] pci 0000:00:17.1: PME# disabled
[    0.217453] pci 0000:00:17.2: PME# supported from D0 D3hot D3cold
[    0.217473] pci 0000:00:17.2: PME# disabled
[    0.218337] pci 0000:00:17.3: PME# supported from D0 D3hot D3cold
[    0.218357] pci 0000:00:17.3: PME# disabled
[    0.219219] pci 0000:00:17.4: PME# supported from D0 D3hot D3cold
[    0.219239] pci 0000:00:17.4: PME# disabled
[    0.220196] pci 0000:00:17.5: PME# supported from D0 D3hot D3cold
[    0.220216] pci 0000:00:17.5: PME# disabled
[    0.221075] pci 0000:00:17.6: PME# supported from D0 D3hot D3cold
[    0.221095] pci 0000:00:17.6: PME# disabled
[    0.221957] pci 0000:00:17.7: PME# supported from D0 D3hot D3cold
[    0.221977] pci 0000:00:17.7: PME# disabled
[    0.222843] pci 0000:00:18.0: PME# supported from D0 D3hot D3cold
[    0.222863] pci 0000:00:18.0: PME# disabled
[    0.223733] pci 0000:00:18.1: PME# supported from D0 D3hot D3cold
[    0.223753] pci 0000:00:18.1: PME# disabled
[    0.224607] pci 0000:00:18.2: PME# supported from D0 D3hot D3cold
[    0.224627] pci 0000:00:18.2: PME# disabled
[    0.225490] pci 0000:00:18.3: PME# supported from D0 D3hot D3cold
[    0.225510] pci 0000:00:18.3: PME# disabled
[    0.226371] pci 0000:00:18.4: PME# supported from D0 D3hot D3cold
[    0.226391] pci 0000:00:18.4: PME# disabled
[    0.227253] pci 0000:00:18.5: PME# supported from D0 D3hot D3cold
[    0.227273] pci 0000:00:18.5: PME# disabled
[    0.228136] pci 0000:00:18.6: PME# supported from D0 D3hot D3cold
[    0.228156] pci 0000:00:18.6: PME# disabled
[    0.229020] pci 0000:00:18.7: PME# supported from D0 D3hot D3cold
[    0.229040] pci 0000:00:18.7: PME# disabled
[    0.230133] pci 0000:02:00.0: reg 20 io port: [0x20c0-0x20df]
[    0.230625] pci 0000:02:01.0: reg 10 io port: [0x2000-0x207f]
[    0.230850] pci 0000:02:01.0: reg 30 32bit mmio pref: [0x000000-0x00ffff]
[    0.231403] pci 0000:02:02.0: reg 10 io port: [0x2080-0x20bf]
[    0.231993] pci 0000:02:03.0: reg 10 32bit mmio: [0xc9000000-0xc9000fff]
[    0.232552] pci 0000:00:11.0: transparent bridge
[    0.232573] pci 0000:00:11.0: bridge io port: [0x2000-0x3fff]
[    0.232593] pci 0000:00:11.0: bridge 32bit mmio: [0xc9000000-0xca3fffff]
[    0.232632] pci 0000:00:11.0: bridge 64bit mmio pref: [0xd8400000-0xd89fffff]
[    0.233059] pci 0000:00:15.0: bridge io port: [0x4000-0x4fff]
[    0.233081] pci 0000:00:15.0: bridge 32bit mmio: [0xca400000-0xca4fffff]
[    0.233122] pci 0000:00:15.0: bridge 64bit mmio pref: [0xd8a00000-0xd8afffff]
[    0.233529] pci 0000:00:15.1: bridge io port: [0x8000-0x8fff]
[    0.233550] pci 0000:00:15.1: bridge 32bit mmio: [0xca800000-0xca8fffff]
[    0.233590] pci 0000:00:15.1: bridge 64bit mmio pref: [0xd8e00000-0xd8efffff]
[    0.234011] pci 0000:00:15.2: bridge io port: [0xc000-0xcfff]
[    0.234033] pci 0000:00:15.2: bridge 32bit mmio: [0xcac00000-0xcacfffff]
[    0.234071] pci 0000:00:15.2: bridge 64bit mmio pref: [0xd9200000-0xd92fffff]
[    0.234505] pci 0000:00:15.3: bridge 32bit mmio: [0xcb000000-0xcb0fffff]
[    0.234544] pci 0000:00:15.3: bridge 64bit mmio pref: [0xd9600000-0xd96fffff]
[    0.234956] pci 0000:00:15.4: bridge 32bit mmio: [0xcb400000-0xcb4fffff]
[    0.234995] pci 0000:00:15.4: bridge 64bit mmio pref: [0xd9a00000-0xd9afffff]
[    0.235390] pci 0000:00:15.5: bridge 32bit mmio: [0xcb800000-0xcb8fffff]
[    0.235428] pci 0000:00:15.5: bridge 64bit mmio pref: [0xd9e00000-0xd9efffff]
[    0.235836] pci 0000:00:15.6: bridge 32bit mmio: [0xcbc00000-0xcbcfffff]
[    0.235875] pci 0000:00:15.6: bridge 64bit mmio pref: [0xda200000-0xda2fffff]
[    0.236271] pci 0000:00:15.7: bridge 32bit mmio: [0xcc000000-0xcc0fffff]
[    0.236309] pci 0000:00:15.7: bridge 64bit mmio pref: [0xda600000-0xda6fffff]
[    0.236686] pci 0000:00:16.0: bridge io port: [0x5000-0x5fff]
[    0.236708] pci 0000:00:16.0: bridge 32bit mmio: [0xca500000-0xca5fffff]
[    0.236746] pci 0000:00:16.0: bridge 64bit mmio pref: [0xd8b00000-0xd8bfffff]
[    0.237124] pci 0000:00:16.1: bridge io port: [0x9000-0x9fff]
[    0.237144] pci 0000:00:16.1: bridge 32bit mmio: [0xca900000-0xca9fffff]
[    0.237182] pci 0000:00:16.1: bridge 64bit mmio pref: [0xd8f00000-0xd8ffffff]
[    0.237557] pci 0000:00:16.2: bridge io port: [0xd000-0xdfff]
[    0.237578] pci 0000:00:16.2: bridge 32bit mmio: [0xcad00000-0xcadfffff]
[    0.237616] pci 0000:00:16.2: bridge 64bit mmio pref: [0xd9300000-0xd93fffff]
[    0.238065] pci 0000:00:16.3: bridge 32bit mmio: [0xcb100000-0xcb1fffff]
[    0.238105] pci 0000:00:16.3: bridge 64bit mmio pref: [0xd9700000-0xd97fffff]
[    0.238525] pci 0000:00:16.4: bridge 32bit mmio: [0xcb500000-0xcb5fffff]
[    0.238565] pci 0000:00:16.4: bridge 64bit mmio pref: [0xd9b00000-0xd9bfffff]
[    0.239006] pci 0000:00:16.5: bridge 32bit mmio: [0xcb900000-0xcb9fffff]
[    0.239046] pci 0000:00:16.5: bridge 64bit mmio pref: [0xd9f00000-0xd9ffffff]
[    0.239459] pci 0000:00:16.6: bridge 32bit mmio: [0xcbd00000-0xcbdfffff]
[    0.239499] pci 0000:00:16.6: bridge 64bit mmio pref: [0xda300000-0xda3fffff]
[    0.239948] pci 0000:00:16.7: bridge 32bit mmio: [0xcc100000-0xcc1fffff]
[    0.239988] pci 0000:00:16.7: bridge 64bit mmio pref: [0xda700000-0xda7fffff]
[    0.240385] pci 0000:00:17.0: bridge io port: [0x6000-0x6fff]
[    0.240406] pci 0000:00:17.0: bridge 32bit mmio: [0xca600000-0xca6fffff]
[    0.240446] pci 0000:00:17.0: bridge 64bit mmio pref: [0xd8c00000-0xd8cfffff]
[    0.240868] pci 0000:00:17.1: bridge io port: [0xa000-0xafff]
[    0.240889] pci 0000:00:17.1: bridge 32bit mmio: [0xcaa00000-0xcaafffff]
[    0.240929] pci 0000:00:17.1: bridge 64bit mmio pref: [0xd9000000-0xd90fffff]
[    0.241324] pci 0000:00:17.2: bridge io port: [0xe000-0xefff]
[    0.241345] pci 0000:00:17.2: bridge 32bit mmio: [0xcae00000-0xcaefffff]
[    0.241385] pci 0000:00:17.2: bridge 64bit mmio pref: [0xd9400000-0xd94fffff]
[    0.241826] pci 0000:00:17.3: bridge 32bit mmio: [0xcb200000-0xcb2fffff]
[    0.241866] pci 0000:00:17.3: bridge 64bit mmio pref: [0xd9800000-0xd98fffff]
[    0.242281] pci 0000:00:17.4: bridge 32bit mmio: [0xcb600000-0xcb6fffff]
[    0.242321] pci 0000:00:17.4: bridge 64bit mmio pref: [0xd9c00000-0xd9cfffff]
[    0.242763] pci 0000:00:17.5: bridge 32bit mmio: [0xcba00000-0xcbafffff]
[    0.242803] pci 0000:00:17.5: bridge 64bit mmio pref: [0xda000000-0xda0fffff]
[    0.243217] pci 0000:00:17.6: bridge 32bit mmio: [0xcbe00000-0xcbefffff]
[    0.243257] pci 0000:00:17.6: bridge 64bit mmio pref: [0xda400000-0xda4fffff]
[    0.243703] pci 0000:00:17.7: bridge 32bit mmio: [0xcc200000-0xcc2fffff]
[    0.243756] pci 0000:00:17.7: bridge 64bit mmio pref: [0xda800000-0xda8fffff]
[    0.244194] pci 0000:00:18.0: bridge io port: [0x7000-0x7fff]
[    0.244216] pci 0000:00:18.0: bridge 32bit mmio: [0xca700000-0xca7fffff]
[    0.244256] pci 0000:00:18.0: bridge 64bit mmio pref: [0xd8d00000-0xd8dfffff]
[    0.244650] pci 0000:00:18.1: bridge io port: [0xb000-0xbfff]
[    0.244671] pci 0000:00:18.1: bridge 32bit mmio: [0xcab00000-0xcabfffff]
[    0.244730] pci 0000:00:18.1: bridge 64bit mmio pref: [0xd9100000-0xd91fffff]
[    0.245161] pci 0000:00:18.2: bridge io port: [0xf000-0xffff]
[    0.245182] pci 0000:00:18.2: bridge 32bit mmio: [0xcaf00000-0xcaffffff]
[    0.245222] pci 0000:00:18.2: bridge 64bit mmio pref: [0xd9500000-0xd95fffff]
[    0.245637] pci 0000:00:18.3: bridge 32bit mmio: [0xcb300000-0xcb3fffff]
[    0.245685] pci 0000:00:18.3: bridge 64bit mmio pref: [0xd9900000-0xd99fffff]
[    0.246118] pci 0000:00:18.4: bridge 32bit mmio: [0xcb700000-0xcb7fffff]
[    0.246158] pci 0000:00:18.4: bridge 64bit mmio pref: [0xd9d00000-0xd9dfffff]
[    0.246572] pci 0000:00:18.5: bridge 32bit mmio: [0xcbb00000-0xcbbfffff]
[    0.246612] pci 0000:00:18.5: bridge 64bit mmio pref: [0xda100000-0xda1fffff]
[    0.247055] pci 0000:00:18.6: bridge 32bit mmio: [0xcbf00000-0xcbffffff]
[    0.247095] pci 0000:00:18.6: bridge 64bit mmio pref: [0xda500000-0xda5fffff]
[    0.247509] pci 0000:00:18.7: bridge 32bit mmio: [0xcc300000-0xcc3fffff]
[    0.247550] pci 0000:00:18.7: bridge 64bit mmio pref: [0xda900000-0xda9fffff]
[    0.249681] pci_bus 0000:00: on NUMA node 0
[    0.249697] ACPI: PCI Interrupt Routing Table [\_SB_.PCI0._PRT]
[    0.470716] ACPI: PCI Interrupt Link [LNKA] (IRQs 3 4 5 6 7 *9 10 11 14 15)
[    0.470865] ACPI: PCI Interrupt Link [LNKB] (IRQs 3 4 5 6 7 9 10 *11 14 15)
[    0.471011] ACPI: PCI Interrupt Link [LNKC] (IRQs 3 4 5 6 7 9 *10 11 14 15)
[    0.471154] ACPI: PCI Interrupt Link [LNKD] (IRQs 3 4 *5 6 7 9 10 11 14 15)
[    0.471289] vgaarb: device added: PCI:0000:00:0f.0,decodes=io+mem,owns=io+mem,locks=none
[    0.471308] vgaarb: loaded
[    0.471428] SCSI subsystem initialized
[    0.471472] libata version 3.00 loaded.
[    0.471510] usbcore: registered new interface driver usbfs
[    0.471521] usbcore: registered new interface driver hub
[    0.471537] usbcore: registered new device driver usb
[    0.471602] PCI: Using ACPI for IRQ routing
[    0.472653] NetLabel: Initializing
[    0.472654] NetLabel:  domain hash size = 128
[    0.472655] NetLabel:  protocols = UNLABELED CIPSOv4
[    0.472662] NetLabel:  unlabeled traffic allowed by default
[    0.472694] hpet0: at MMIO 0xfed00000, IRQs 2, 8, 0, 0, 0, 0, 0, 0, 0, 0, 0, 0, 0, 0, 0, 0
[    0.472700] hpet0: 16 comparators, 64-bit 14.318180 MHz counter
[    0.474717] Switching to clocksource tsc
[    0.481680] pnp: PnP ACPI init
[    0.481689] ACPI: bus type pnp registered
[    0.524890] pnp: PnP ACPI: found 14 devices
[    0.524893] ACPI: ACPI bus type pnp unregistered
[    0.524896] PnPBIOS: Disabled by ACPI PNP
[    0.524906] system 00:01: ioport range 0x1000-0x103f has been reserved
[    0.524907] system 00:01: ioport range 0x1040-0x104f has been reserved
[    0.524909] system 00:01: ioport range 0xcf0-0xcf1 has been reserved
[    0.524915] system 00:08: iomem range 0xfed00000-0xfed003ff has been reserved
[    0.524918] system 00:0d: ioport range 0x1060-0x107f has been reserved
[    0.524920] system 00:0d: iomem range 0xe0000000-0xefffffff has been reserved
[    0.524922] system 00:0d: iomem range 0xc8200000-0xc83fffff has been reserved
[    0.559542] pci 0000:00:15.3: BAR 13: can't allocate I/O resource [0x10000-0xffff]
[    0.559546] pci 0000:00:15.4: BAR 13: can't allocate I/O resource [0x10000-0xffff]
[    0.559549] pci 0000:00:15.5: BAR 13: can't allocate I/O resource [0x10000-0xffff]
[    0.559552] pci 0000:00:15.6: BAR 13: can't allocate I/O resource [0x10000-0xffff]
[    0.559554] pci 0000:00:15.7: BAR 13: can't allocate I/O resource [0x10000-0xffff]
[    0.559557] pci 0000:00:16.3: BAR 13: can't allocate I/O resource [0x10000-0xffff]
[    0.559559] pci 0000:00:16.4: BAR 13: can't allocate I/O resource [0x10000-0xffff]
[    0.559562] pci 0000:00:16.5: BAR 13: can't allocate I/O resource [0x10000-0xffff]
[    0.559565] pci 0000:00:16.6: BAR 13: can't allocate I/O resource [0x10000-0xffff]
[    0.559567] pci 0000:00:16.7: BAR 13: can't allocate I/O resource [0x10000-0xffff]
[    0.559570] pci 0000:00:17.3: BAR 13: can't allocate I/O resource [0x10000-0xffff]
[    0.559573] pci 0000:00:17.4: BAR 13: can't allocate I/O resource [0x10000-0xffff]
[    0.559575] pci 0000:00:17.5: BAR 13: can't allocate I/O resource [0x10000-0xffff]
[    0.559578] pci 0000:00:17.6: BAR 13: can't allocate I/O resource [0x10000-0xffff]
[    0.559580] pci 0000:00:17.7: BAR 13: can't allocate I/O resource [0x10000-0xffff]
[    0.559583] pci 0000:00:18.3: BAR 13: can't allocate I/O resource [0x10000-0xffff]
[    0.559586] pci 0000:00:18.4: BAR 13: can't allocate I/O resource [0x10000-0xffff]
[    0.559588] pci 0000:00:18.5: BAR 13: can't allocate I/O resource [0x10000-0xffff]
[    0.559591] pci 0000:00:18.6: BAR 13: can't allocate I/O resource [0x10000-0xffff]
[    0.559594] pci 0000:00:18.7: BAR 13: can't allocate I/O resource [0x10000-0xffff]
[    0.559596] pci 0000:00:01.0: PCI bridge, secondary bus 0000:01
[    0.559597] pci 0000:00:01.0:   IO window: disabled
[    0.559629] pci 0000:00:01.0:   MEM window: disabled
[    0.559650] pci 0000:00:01.0:   PREFETCH window: disabled
[    0.559711] pci 0000:00:11.0: PCI bridge, secondary bus 0000:02
[    0.559724] pci 0000:00:11.0:   IO window: 0x2000-0x3fff
[    0.559764] pci 0000:00:11.0:   MEM window: 0xc9000000-0xca3fffff
[    0.559786] pci 0000:00:11.0:   PREFETCH window: 0x000000d8400000-0x000000d89fffff
[    0.559827] pci 0000:00:15.0: PCI bridge, secondary bus 0000:03
[    0.559839] pci 0000:00:15.0:   IO window: 0x4000-0x4fff
[    0.559870] pci 0000:00:15.0:   MEM window: 0xca400000-0xca4fffff
[    0.559891] pci 0000:00:15.0:   PREFETCH window: 0x000000d8a00000-0x000000d8afffff
[    0.559959] pci 0000:00:15.1: PCI bridge, secondary bus 0000:04
[    0.559972] pci 0000:00:15.1:   IO window: 0x8000-0x8fff
[    0.560004] pci 0000:00:15.1:   MEM window: 0xca800000-0xca8fffff
[    0.560025] pci 0000:00:15.1:   PREFETCH window: 0x000000d8e00000-0x000000d8efffff
[    0.560080] pci 0000:00:15.2: PCI bridge, secondary bus 0000:05
[    0.560092] pci 0000:00:15.2:   IO window: 0xc000-0xcfff
[    0.560123] pci 0000:00:15.2:   MEM window: 0xcac00000-0xcacfffff
[    0.560145] pci 0000:00:15.2:   PREFETCH window: 0x000000d9200000-0x000000d92fffff
[    0.560197] pci 0000:00:15.3: PCI bridge, secondary bus 0000:06
[    0.560199] pci 0000:00:15.3:   IO window: disabled
[    0.560230] pci 0000:00:15.3:   MEM window: 0xcb000000-0xcb0fffff
[    0.560252] pci 0000:00:15.3:   PREFETCH window: 0x000000d9600000-0x000000d96fffff
[    0.560304] pci 0000:00:15.4: PCI bridge, secondary bus 0000:07
[    0.560306] pci 0000:00:15.4:   IO window: disabled
[    0.560337] pci 0000:00:15.4:   MEM window: 0xcb400000-0xcb4fffff
[    0.560359] pci 0000:00:15.4:   PREFETCH window: 0x000000d9a00000-0x000000d9afffff
[    0.560427] pci 0000:00:15.5: PCI bridge, secondary bus 0000:08
[    0.560429] pci 0000:00:15.5:   IO window: disabled
[    0.560470] pci 0000:00:15.5:   MEM window: 0xcb800000-0xcb8fffff
[    0.560491] pci 0000:00:15.5:   PREFETCH window: 0x000000d9e00000-0x000000d9efffff
[    0.560546] pci 0000:00:15.6: PCI bridge, secondary bus 0000:09
[    0.560548] pci 0000:00:15.6:   IO window: disabled
[    0.560579] pci 0000:00:15.6:   MEM window: 0xcbc00000-0xcbcfffff
[    0.560601] pci 0000:00:15.6:   PREFETCH window: 0x000000da200000-0x000000da2fffff
[    0.560666] pci 0000:00:15.7: PCI bridge, secondary bus 0000:0a
[    0.560668] pci 0000:00:15.7:   IO window: disabled
[    0.560710] pci 0000:00:15.7:   MEM window: 0xcc000000-0xcc0fffff
[    0.560731] pci 0000:00:15.7:   PREFETCH window: 0x000000da600000-0x000000da6fffff
[    0.560784] pci 0000:00:16.0: PCI bridge, secondary bus 0000:0b
[    0.560796] pci 0000:00:16.0:   IO window: 0x5000-0x5fff
[    0.560827] pci 0000:00:16.0:   MEM window: 0xca500000-0xca5fffff
[    0.560849] pci 0000:00:16.0:   PREFETCH window: 0x000000d8b00000-0x000000d8bfffff
[    0.560901] pci 0000:00:16.1: PCI bridge, secondary bus 0000:0c
[    0.560914] pci 0000:00:16.1:   IO window: 0x9000-0x9fff
[    0.560945] pci 0000:00:16.1:   MEM window: 0xca900000-0xca9fffff
[    0.560966] pci 0000:00:16.1:   PREFETCH window: 0x000000d8f00000-0x000000d8ffffff
[    0.561019] pci 0000:00:16.2: PCI bridge, secondary bus 0000:0d
[    0.561031] pci 0000:00:16.2:   IO window: 0xd000-0xdfff
[    0.561062] pci 0000:00:16.2:   MEM window: 0xcad00000-0xcadfffff
[    0.561084] pci 0000:00:16.2:   PREFETCH window: 0x000000d9300000-0x000000d93fffff
[    0.561136] pci 0000:00:16.3: PCI bridge, secondary bus 0000:0e
[    0.561138] pci 0000:00:16.3:   IO window: disabled
[    0.561169] pci 0000:00:16.3:   MEM window: 0xcb100000-0xcb1fffff
[    0.561191] pci 0000:00:16.3:   PREFETCH window: 0x000000d9700000-0x000000d97fffff
[    0.561243] pci 0000:00:16.4: PCI bridge, secondary bus 0000:0f
[    0.561245] pci 0000:00:16.4:   IO window: disabled
[    0.561276] pci 0000:00:16.4:   MEM window: 0xcb500000-0xcb5fffff
[    0.561298] pci 0000:00:16.4:   PREFETCH window: 0x000000d9b00000-0x000000d9bfffff
[    0.561350] pci 0000:00:16.5: PCI bridge, secondary bus 0000:10
[    0.561351] pci 0000:00:16.5:   IO window: disabled
[    0.561383] pci 0000:00:16.5:   MEM window: 0xcb900000-0xcb9fffff
[    0.561404] pci 0000:00:16.5:   PREFETCH window: 0x000000d9f00000-0x000000d9ffffff
[    0.561456] pci 0000:00:16.6: PCI bridge, secondary bus 0000:11
[    0.561458] pci 0000:00:16.6:   IO window: disabled
[    0.561489] pci 0000:00:16.6:   MEM window: 0xcbd00000-0xcbdfffff
[    0.561511] pci 0000:00:16.6:   PREFETCH window: 0x000000da300000-0x000000da3fffff
[    0.561563] pci 0000:00:16.7: PCI bridge, secondary bus 0000:12
[    0.561565] pci 0000:00:16.7:   IO window: disabled
[    0.561596] pci 0000:00:16.7:   MEM window: 0xcc100000-0xcc1fffff
[    0.561617] pci 0000:00:16.7:   PREFETCH window: 0x000000da700000-0x000000da7fffff
[    0.561681] pci 0000:00:17.0: PCI bridge, secondary bus 0000:13
[    0.561703] pci 0000:00:17.0:   IO window: 0x6000-0x6fff
[    0.561734] pci 0000:00:17.0:   MEM window: 0xca600000-0xca6fffff
[    0.561755] pci 0000:00:17.0:   PREFETCH window: 0x000000d8c00000-0x000000d8cfffff
[    0.561807] pci 0000:00:17.1: PCI bridge, secondary bus 0000:14
[    0.561820] pci 0000:00:17.1:   IO window: 0xa000-0xafff
[    0.561851] pci 0000:00:17.1:   MEM window: 0xcaa00000-0xcaafffff
[    0.561872] pci 0000:00:17.1:   PREFETCH window: 0x000000d9000000-0x000000d90fffff
[    0.561924] pci 0000:00:17.2: PCI bridge, secondary bus 0000:15
[    0.561937] pci 0000:00:17.2:   IO window: 0xe000-0xefff
[    0.561968] pci 0000:00:17.2:   MEM window: 0xcae00000-0xcaefffff
[    0.561990] pci 0000:00:17.2:   PREFETCH window: 0x000000d9400000-0x000000d94fffff
[    0.562042] pci 0000:00:17.3: PCI bridge, secondary bus 0000:16
[    0.562043] pci 0000:00:17.3:   IO window: disabled
[    0.562075] pci 0000:00:17.3:   MEM window: 0xcb200000-0xcb2fffff
[    0.562096] pci 0000:00:17.3:   PREFETCH window: 0x000000d9800000-0x000000d98fffff
[    0.562148] pci 0000:00:17.4: PCI bridge, secondary bus 0000:17
[    0.562150] pci 0000:00:17.4:   IO window: disabled
[    0.562181] pci 0000:00:17.4:   MEM window: 0xcb600000-0xcb6fffff
[    0.562203] pci 0000:00:17.4:   PREFETCH window: 0x000000d9c00000-0x000000d9cfffff
[    0.562255] pci 0000:00:17.5: PCI bridge, secondary bus 0000:18
[    0.562257] pci 0000:00:17.5:   IO window: disabled
[    0.562288] pci 0000:00:17.5:   MEM window: 0xcba00000-0xcbafffff
[    0.562309] pci 0000:00:17.5:   PREFETCH window: 0x000000da000000-0x000000da0fffff
[    0.562362] pci 0000:00:17.6: PCI bridge, secondary bus 0000:19
[    0.562363] pci 0000:00:17.6:   IO window: disabled
[    0.562395] pci 0000:00:17.6:   MEM window: 0xcbe00000-0xcbefffff
[    0.562416] pci 0000:00:17.6:   PREFETCH window: 0x000000da400000-0x000000da4fffff
[    0.562468] pci 0000:00:17.7: PCI bridge, secondary bus 0000:1a
[    0.562470] pci 0000:00:17.7:   IO window: disabled
[    0.562502] pci 0000:00:17.7:   MEM window: 0xcc200000-0xcc2fffff
[    0.562523] pci 0000:00:17.7:   PREFETCH window: 0x000000da800000-0x000000da8fffff
[    0.562575] pci 0000:00:18.0: PCI bridge, secondary bus 0000:1b
[    0.562588] pci 0000:00:18.0:   IO window: 0x7000-0x7fff
[    0.562663] pci 0000:00:18.0:   MEM window: 0xca700000-0xca7fffff
[    0.562715] pci 0000:00:18.0:   PREFETCH window: 0x000000d8d00000-0x000000d8dfffff
[    0.562780] pci 0000:00:18.1: PCI bridge, secondary bus 0000:1c
[    0.562793] pci 0000:00:18.1:   IO window: 0xb000-0xbfff
[    0.562824] pci 0000:00:18.1:   MEM window: 0xcab00000-0xcabfffff
[    0.562846] pci 0000:00:18.1:   PREFETCH window: 0x000000d9100000-0x000000d91fffff
[    0.562898] pci 0000:00:18.2: PCI bridge, secondary bus 0000:1d
[    0.562911] pci 0000:00:18.2:   IO window: 0xf000-0xffff
[    0.562942] pci 0000:00:18.2:   MEM window: 0xcaf00000-0xcaffffff
[    0.562963] pci 0000:00:18.2:   PREFETCH window: 0x000000d9500000-0x000000d95fffff
[    0.563016] pci 0000:00:18.3: PCI bridge, secondary bus 0000:1e
[    0.563017] pci 0000:00:18.3:   IO window: disabled
[    0.563049] pci 0000:00:18.3:   MEM window: 0xcb300000-0xcb3fffff
[    0.563070] pci 0000:00:18.3:   PREFETCH window: 0x000000d9900000-0x000000d99fffff
[    0.563122] pci 0000:00:18.4: PCI bridge, secondary bus 0000:1f
[    0.563124] pci 0000:00:18.4:   IO window: disabled
[    0.563155] pci 0000:00:18.4:   MEM window: 0xcb700000-0xcb7fffff
[    0.563177] pci 0000:00:18.4:   PREFETCH window: 0x000000d9d00000-0x000000d9dfffff
[    0.563229] pci 0000:00:18.5: PCI bridge, secondary bus 0000:20
[    0.563231] pci 0000:00:18.5:   IO window: disabled
[    0.563262] pci 0000:00:18.5:   MEM window: 0xcbb00000-0xcbbfffff
[    0.563284] pci 0000:00:18.5:   PREFETCH window: 0x000000da100000-0x000000da1fffff
[    0.563336] pci 0000:00:18.6: PCI bridge, secondary bus 0000:21
[    0.563338] pci 0000:00:18.6:   IO window: disabled
[    0.563369] pci 0000:00:18.6:   MEM window: 0xcbf00000-0xcbffffff
[    0.563391] pci 0000:00:18.6:   PREFETCH window: 0x000000da500000-0x000000da5fffff
[    0.563443] pci 0000:00:18.7: PCI bridge, secondary bus 0000:22
[    0.563445] pci 0000:00:18.7:   IO window: disabled
[    0.563476] pci 0000:00:18.7:   MEM window: 0xcc300000-0xcc3fffff
[    0.563498] pci 0000:00:18.7:   PREFETCH window: 0x000000da900000-0x000000da9fffff
[    0.563566] pci 0000:00:01.0: setting latency timer to 64
[    0.563633] pci 0000:00:15.0: setting latency timer to 64
[    0.563701] pci 0000:00:15.1: setting latency timer to 64
[    0.563769] pci 0000:00:15.2: setting latency timer to 64
[    0.563837] pci 0000:00:15.3: setting latency timer to 64
[    0.563905] pci 0000:00:15.4: setting latency timer to 64
[    0.563973] pci 0000:00:15.5: setting latency timer to 64
[    0.564041] pci 0000:00:15.6: setting latency timer to 64
[    0.564109] pci 0000:00:15.7: setting latency timer to 64
[    0.564177] pci 0000:00:16.0: setting latency timer to 64
[    0.564245] pci 0000:00:16.1: setting latency timer to 64
[    0.564313] pci 0000:00:16.2: setting latency timer to 64
[    0.564381] pci 0000:00:16.3: setting latency timer to 64
[    0.564449] pci 0000:00:16.4: setting latency timer to 64
[    0.564517] pci 0000:00:16.5: setting latency timer to 64
[    0.564585] pci 0000:00:16.6: setting latency timer to 64
[    0.564653] pci 0000:00:16.7: setting latency timer to 64
[    0.564721] pci 0000:00:17.0: setting latency timer to 64
[    0.564789] pci 0000:00:17.1: setting latency timer to 64
[    0.564857] pci 0000:00:17.2: setting latency timer to 64
[    0.564925] pci 0000:00:17.3: setting latency timer to 64
[    0.564993] pci 0000:00:17.4: setting latency timer to 64
[    0.565061] pci 0000:00:17.5: setting latency timer to 64
[    0.565129] pci 0000:00:17.6: setting latency timer to 64
[    0.565197] pci 0000:00:17.7: setting latency timer to 64
[    0.565265] pci 0000:00:18.0: setting latency timer to 64
[    0.565333] pci 0000:00:18.1: setting latency timer to 64
[    0.565401] pci 0000:00:18.2: setting latency timer to 64
[    0.565469] pci 0000:00:18.3: setting latency timer to 64
[    0.565537] pci 0000:00:18.4: setting latency timer to 64
[    0.565605] pci 0000:00:18.5: setting latency timer to 64
[    0.565673] pci 0000:00:18.6: setting latency timer to 64
[    0.565741] pci 0000:00:18.7: setting latency timer to 64
[    0.565754] pci_bus 0000:00: resource 0 io:  [0x00-0xffff]
[    0.565756] pci_bus 0000:00: resource 1 mem: [0x000000-0xffffffffffffffff]
[    0.565758] pci_bus 0000:02: resource 0 io:  [0x2000-0x3fff]
[    0.565760] pci_bus 0000:02: resource 1 mem: [0xc9000000-0xca3fffff]
[    0.565762] pci_bus 0000:02: resource 2 pref mem [0xd8400000-0xd89fffff]
[    0.565764] pci_bus 0000:02: resource 3 io:  [0x00-0xffff]
[    0.565766] pci_bus 0000:02: resource 4 mem: [0x000000-0xffffffffffffffff]
[    0.565768] pci_bus 0000:03: resource 0 io:  [0x4000-0x4fff]
[    0.565769] pci_bus 0000:03: resource 1 mem: [0xca400000-0xca4fffff]
[    0.565771] pci_bus 0000:03: resource 2 pref mem [0xd8a00000-0xd8afffff]
[    0.565773] pci_bus 0000:04: resource 0 io:  [0x8000-0x8fff]
[    0.565775] pci_bus 0000:04: resource 1 mem: [0xca800000-0xca8fffff]
[    0.565777] pci_bus 0000:04: resource 2 pref mem [0xd8e00000-0xd8efffff]
[    0.565778] pci_bus 0000:05: resource 0 io:  [0xc000-0xcfff]
[    0.565780] pci_bus 0000:05: resource 1 mem: [0xcac00000-0xcacfffff]
[    0.565782] pci_bus 0000:05: resource 2 pref mem [0xd9200000-0xd92fffff]
[    0.565784] pci_bus 0000:06: resource 1 mem: [0xcb000000-0xcb0fffff]
[    0.565786] pci_bus 0000:06: resource 2 pref mem [0xd9600000-0xd96fffff]
[    0.565787] pci_bus 0000:07: resource 1 mem: [0xcb400000-0xcb4fffff]
[    0.565789] pci_bus 0000:07: resource 2 pref mem [0xd9a00000-0xd9afffff]
[    0.565791] pci_bus 0000:08: resource 1 mem: [0xcb800000-0xcb8fffff]
[    0.565793] pci_bus 0000:08: resource 2 pref mem [0xd9e00000-0xd9efffff]
[    0.565795] pci_bus 0000:09: resource 1 mem: [0xcbc00000-0xcbcfffff]
[    0.565797] pci_bus 0000:09: resource 2 pref mem [0xda200000-0xda2fffff]
[    0.565798] pci_bus 0000:0a: resource 1 mem: [0xcc000000-0xcc0fffff]
[    0.565800] pci_bus 0000:0a: resource 2 pref mem [0xda600000-0xda6fffff]
[    0.565802] pci_bus 0000:0b: resource 0 io:  [0x5000-0x5fff]
[    0.565804] pci_bus 0000:0b: resource 1 mem: [0xca500000-0xca5fffff]
[    0.565806] pci_bus 0000:0b: resource 2 pref mem [0xd8b00000-0xd8bfffff]
[    0.565807] pci_bus 0000:0c: resource 0 io:  [0x9000-0x9fff]
[    0.565809] pci_bus 0000:0c: resource 1 mem: [0xca900000-0xca9fffff]
[    0.565811] pci_bus 0000:0c: resource 2 pref mem [0xd8f00000-0xd8ffffff]
[    0.565813] pci_bus 0000:0d: resource 0 io:  [0xd000-0xdfff]
[    0.565814] pci_bus 0000:0d: resource 1 mem: [0xcad00000-0xcadfffff]
[    0.565816] pci_bus 0000:0d: resource 2 pref mem [0xd9300000-0xd93fffff]
[    0.565818] pci_bus 0000:0e: resource 1 mem: [0xcb100000-0xcb1fffff]
[    0.565820] pci_bus 0000:0e: resource 2 pref mem [0xd9700000-0xd97fffff]
[    0.565822] pci_bus 0000:0f: resource 1 mem: [0xcb500000-0xcb5fffff]
[    0.565823] pci_bus 0000:0f: resource 2 pref mem [0xd9b00000-0xd9bfffff]
[    0.565825] pci_bus 0000:10: resource 1 mem: [0xcb900000-0xcb9fffff]
[    0.565827] pci_bus 0000:10: resource 2 pref mem [0xd9f00000-0xd9ffffff]
[    0.565829] pci_bus 0000:11: resource 1 mem: [0xcbd00000-0xcbdfffff]
[    0.565831] pci_bus 0000:11: resource 2 pref mem [0xda300000-0xda3fffff]
[    0.565833] pci_bus 0000:12: resource 1 mem: [0xcc100000-0xcc1fffff]
[    0.565834] pci_bus 0000:12: resource 2 pref mem [0xda700000-0xda7fffff]
[    0.565836] pci_bus 0000:13: resource 0 io:  [0x6000-0x6fff]
[    0.565838] pci_bus 0000:13: resource 1 mem: [0xca600000-0xca6fffff]
[    0.565840] pci_bus 0000:13: resource 2 pref mem [0xd8c00000-0xd8cfffff]
[    0.565841] pci_bus 0000:14: resource 0 io:  [0xa000-0xafff]
[    0.565843] pci_bus 0000:14: resource 1 mem: [0xcaa00000-0xcaafffff]
[    0.565845] pci_bus 0000:14: resource 2 pref mem [0xd9000000-0xd90fffff]
[    0.565847] pci_bus 0000:15: resource 0 io:  [0xe000-0xefff]
[    0.565849] pci_bus 0000:15: resource 1 mem: [0xcae00000-0xcaefffff]
[    0.565850] pci_bus 0000:15: resource 2 pref mem [0xd9400000-0xd94fffff]
[    0.565852] pci_bus 0000:16: resource 1 mem: [0xcb200000-0xcb2fffff]
[    0.565854] pci_bus 0000:16: resource 2 pref mem [0xd9800000-0xd98fffff]
[    0.565856] pci_bus 0000:17: resource 1 mem: [0xcb600000-0xcb6fffff]
[    0.565858] pci_bus 0000:17: resource 2 pref mem [0xd9c00000-0xd9cfffff]
[    0.565860] pci_bus 0000:18: resource 1 mem: [0xcba00000-0xcbafffff]
[    0.565861] pci_bus 0000:18: resource 2 pref mem [0xda000000-0xda0fffff]
[    0.565863] pci_bus 0000:19: resource 1 mem: [0xcbe00000-0xcbefffff]
[    0.565865] pci_bus 0000:19: resource 2 pref mem [0xda400000-0xda4fffff]
[    0.565867] pci_bus 0000:1a: resource 1 mem: [0xcc200000-0xcc2fffff]
[    0.565869] pci_bus 0000:1a: resource 2 pref mem [0xda800000-0xda8fffff]
[    0.565870] pci_bus 0000:1b: resource 0 io:  [0x7000-0x7fff]
[    0.565872] pci_bus 0000:1b: resource 1 mem: [0xca700000-0xca7fffff]
[    0.565874] pci_bus 0000:1b: resource 2 pref mem [0xd8d00000-0xd8dfffff]
[    0.565876] pci_bus 0000:1c: resource 0 io:  [0xb000-0xbfff]
[    0.565877] pci_bus 0000:1c: resource 1 mem: [0xcab00000-0xcabfffff]
[    0.565879] pci_bus 0000:1c: resource 2 pref mem [0xd9100000-0xd91fffff]
[    0.565881] pci_bus 0000:1d: resource 0 io:  [0xf000-0xffff]
[    0.565883] pci_bus 0000:1d: resource 1 mem: [0xcaf00000-0xcaffffff]
[    0.565885] pci_bus 0000:1d: resource 2 pref mem [0xd9500000-0xd95fffff]
[    0.565886] pci_bus 0000:1e: resource 1 mem: [0xcb300000-0xcb3fffff]
[    0.565888] pci_bus 0000:1e: resource 2 pref mem [0xd9900000-0xd99fffff]
[    0.565890] pci_bus 0000:1f: resource 1 mem: [0xcb700000-0xcb7fffff]
[    0.565892] pci_bus 0000:1f: resource 2 pref mem [0xd9d00000-0xd9dfffff]
[    0.565894] pci_bus 0000:20: resource 1 mem: [0xcbb00000-0xcbbfffff]
[    0.565896] pci_bus 0000:20: resource 2 pref mem [0xda100000-0xda1fffff]
[    0.565897] pci_bus 0000:21: resource 1 mem: [0xcbf00000-0xcbffffff]
[    0.565899] pci_bus 0000:21: resource 2 pref mem [0xda500000-0xda5fffff]
[    0.565901] pci_bus 0000:22: resource 1 mem: [0xcc300000-0xcc3fffff]
[    0.565903] pci_bus 0000:22: resource 2 pref mem [0xda900000-0xda9fffff]
[    0.565928] NET: Registered protocol family 2
[    0.565944] RANDOM - __random32 called. Change num 7.  Value: 78479613	a20bea99	a8d6327e
[    0.565946] RANDOM - random32 called.  Value: 78479613	a20bea99	a8d6327e
[    0.565955] random 0000 0000 0000 00000000 00000000: rand_read_num 2 get_random_bytes(4): sig fffffe1a 00000000 00000000
[    0.565957] random 0000 0000 0000 00000000 00000000: extract_entropy(.. 4 ..)
[    0.565960] random 0000 0000 0000 00000000 00000000: going to reseed nonblocking with 64 bits (32 of 0 requested)
[    0.565962] random 0000 0000 0000 00000000 00000000: extract_entropy(.. 8 ..)
[    0.565964] random 0000 0000 0000 00000000 00000000: trying to extract 64 bits from input
[    0.565966] random 0000 0000 0000 00000000 00000000: debiting 0 entropy credits from input
[    0.565968] random 0000 0000 0000 00000000 00000000: extract_entropy account returned: 0 
[    0.565971] random 0000 0000 0000 00000000 00000000: urand_change_num 3 xfer_secondary_pool(4): pool_sig fffffe1a, data_sig 00000000, bytes_mixed 0 00000000 00000000
[    0.565974] random 0000 0000 0000 00000000 00000000: trying to extract 32 bits from nonblocking
[    0.565977] random 0000 0000 0000 00000000 00000000: debiting 32 entropy credits from nonblocking (unlimited)
[    0.565979] random 0000 0000 0000 00000000 00000000: extract_entropy account returned: 4 
[    0.565982] random 0000 0000 0000 00000000 00000000: urand_change_num 4 extract_buf: pool_sig fffffe1a, data_sig fffffed7, bytes_mixed 20 00000000 00000000
[    0.566013] IP route cache hash table entries: 32768 (order: 5, 131072 bytes)
[    0.566081] RANDOM - __random32 called. Change num 8.  Value: 79613150	20bea995	64fdccf4
[    0.566083] RANDOM - random32 called.  Value: 79613150	20bea995	64fdccf4
[    0.566140] RANDOM - __random32 called. Change num 9.  Value: 13150be9	bea9951	99e86275
[    0.566141] RANDOM - random32 called.  Value: 13150be9	bea9951	99e86275
[    0.566144] RANDOM - __random32 called. Change num 10.  Value: 50be964d	bea99512	c4ead56e
[    0.566146] RANDOM - random32 called.  Value: 50be964d	bea99512	c4ead56e
[    0.566167] RANDOM - __random32 called. Change num 11.  Value: e964d04e	ea995122	aadc778f
[    0.566169] RANDOM - random32 called.  Value: e964d04e	ea995122	aadc778f
[    0.566179] TCP established hash table entries: 131072 (order: 8, 1048576 bytes)
[    0.566247] TCP bind hash table entries: 65536 (order: 7, 524288 bytes)
[    0.566315] TCP: Hash tables configured (established 131072 bind 65536)
[    0.566317] TCP reno registered
[    0.566354] NET: Registered protocol family 1
[    0.566362] pci 0000:00:00.0: Limiting direct PCI/PCI transfers
[    0.566384] pci 0000:00:0f.0: Boot video device
[    0.566525] Trying to unpack rootfs image as initramfs...
[    1.653084] Freeing initrd memory: 83430k freed
[    1.657089] Simple Boot Flag at 0x36 set to 0x1
[    1.657134] cpufreq-nforce2: No nForce2 chipset.
[    1.657147] Scanning for low memory corruption every 60 seconds
[    1.657261] audit: initializing netlink socket (disabled)
[    1.657269] type=2000 audit(1369426864.644:1): initialized
[    1.661195] highmem bounce pool size: 64 pages
[    1.661199] HugeTLB registered 2 MB page size, pre-allocated 0 pages
[    1.661292] VFS: Disk quotas dquot_6.5.2
[    1.661321] Dquot-cache hash table entries: 1024 (order 0, 4096 bytes)
[    1.661399] fuse init (API version 7.13)
[    1.661442] msgmni has been set to 1729
[    1.661705] alg: No test for stdrng (krng)
[    1.661738] Block layer SCSI generic (bsg) driver version 0.4 loaded (major 253)
[    1.661741] io scheduler noop registered
[    1.661742] io scheduler anticipatory registered
[    1.661744] io scheduler deadline registered
[    1.661763] io scheduler cfq registered (default)
[    1.661808]   alloc irq_desc for 24 on node -1
[    1.661811]   alloc kstat_irqs on node -1
[    1.661856] pcieport 0000:00:15.0: irq 24 for MSI/MSI-X
[    1.661902] pcieport 0000:00:15.0: setting latency timer to 64
[    1.661947]   alloc irq_desc for 25 on node -1
[    1.661949]   alloc kstat_irqs on node -1
[    1.661994] pcieport 0000:00:15.1: irq 25 for MSI/MSI-X
[    1.662040] pcieport 0000:00:15.1: setting latency timer to 64
[    1.662085]   alloc irq_desc for 26 on node -1
[    1.662087]   alloc kstat_irqs on node -1
[    1.662133] pcieport 0000:00:15.2: irq 26 for MSI/MSI-X
[    1.662178] pcieport 0000:00:15.2: setting latency timer to 64
[    1.662224]   alloc irq_desc for 27 on node -1
[    1.662226]   alloc kstat_irqs on node -1
[    1.662271] pcieport 0000:00:15.3: irq 27 for MSI/MSI-X
[    1.662316] pcieport 0000:00:15.3: setting latency timer to 64
[    1.662362]   alloc irq_desc for 28 on node -1
[    1.662364]   alloc kstat_irqs on node -1
[    1.662409] pcieport 0000:00:15.4: irq 28 for MSI/MSI-X
[    1.662455] pcieport 0000:00:15.4: setting latency timer to 64
[    1.662500]   alloc irq_desc for 29 on node -1
[    1.662502]   alloc kstat_irqs on node -1
[    1.662547] pcieport 0000:00:15.5: irq 29 for MSI/MSI-X
[    1.662593] pcieport 0000:00:15.5: setting latency timer to 64
[    1.662638]   alloc irq_desc for 30 on node -1
[    1.662640]   alloc kstat_irqs on node -1
[    1.662686] pcieport 0000:00:15.6: irq 30 for MSI/MSI-X
[    1.662731] pcieport 0000:00:15.6: setting latency timer to 64
[    1.662777]   alloc irq_desc for 31 on node -1
[    1.662778]   alloc kstat_irqs on node -1
[    1.662824] pcieport 0000:00:15.7: irq 31 for MSI/MSI-X
[    1.662869] pcieport 0000:00:15.7: setting latency timer to 64
[    1.662915]   alloc irq_desc for 32 on node -1
[    1.662917]   alloc kstat_irqs on node -1
[    1.662962] pcieport 0000:00:16.0: irq 32 for MSI/MSI-X
[    1.663007] pcieport 0000:00:16.0: setting latency timer to 64
[    1.663053]   alloc irq_desc for 33 on node -1
[    1.663055]   alloc kstat_irqs on node -1
[    1.663100] pcieport 0000:00:16.1: irq 33 for MSI/MSI-X
[    1.663146] pcieport 0000:00:16.1: setting latency timer to 64
[    1.663191]   alloc irq_desc for 34 on node -1
[    1.663193]   alloc kstat_irqs on node -1
[    1.663238] pcieport 0000:00:16.2: irq 34 for MSI/MSI-X
[    1.663284] pcieport 0000:00:16.2: setting latency timer to 64
[    1.663329]   alloc irq_desc for 35 on node -1
[    1.663331]   alloc kstat_irqs on node -1
[    1.663376] pcieport 0000:00:16.3: irq 35 for MSI/MSI-X
[    1.663422] pcieport 0000:00:16.3: setting latency timer to 64
[    1.663467]   alloc irq_desc for 36 on node -1
[    1.663469]   alloc kstat_irqs on node -1
[    1.663514] pcieport 0000:00:16.4: irq 36 for MSI/MSI-X
[    1.663560] pcieport 0000:00:16.4: setting latency timer to 64
[    1.663605]   alloc irq_desc for 37 on node -1
[    1.663607]   alloc kstat_irqs on node -1
[    1.663653] pcieport 0000:00:16.5: irq 37 for MSI/MSI-X
[    1.663698] pcieport 0000:00:16.5: setting latency timer to 64
[    1.663743]   alloc irq_desc for 38 on node -1
[    1.663745]   alloc kstat_irqs on node -1
[    1.663791] pcieport 0000:00:16.6: irq 38 for MSI/MSI-X
[    1.663836] pcieport 0000:00:16.6: setting latency timer to 64
[    1.663881]   alloc irq_desc for 39 on node -1
[    1.663883]   alloc kstat_irqs on node -1
[    1.663929] pcieport 0000:00:16.7: irq 39 for MSI/MSI-X
[    1.663974] pcieport 0000:00:16.7: setting latency timer to 64
[    1.665118]   alloc irq_desc for 40 on node -1
[    1.665120]   alloc kstat_irqs on node -1
[    1.665165] pcieport 0000:00:17.0: irq 40 for MSI/MSI-X
[    1.665211] pcieport 0000:00:17.0: setting latency timer to 64
[    1.665256]   alloc irq_desc for 41 on node -1
[    1.665258]   alloc kstat_irqs on node -1
[    1.665303] pcieport 0000:00:17.1: irq 41 for MSI/MSI-X
[    1.665349] pcieport 0000:00:17.1: setting latency timer to 64
[    1.665394]   alloc irq_desc for 42 on node -1
[    1.665396]   alloc kstat_irqs on node -1
[    1.665442] pcieport 0000:00:17.2: irq 42 for MSI/MSI-X
[    1.665487] pcieport 0000:00:17.2: setting latency timer to 64
[    1.665533]   alloc irq_desc for 43 on node -1
[    1.665534]   alloc kstat_irqs on node -1
[    1.665580] pcieport 0000:00:17.3: irq 43 for MSI/MSI-X
[    1.665625] pcieport 0000:00:17.3: setting latency timer to 64
[    1.665671]   alloc irq_desc for 44 on node -1
[    1.665673]   alloc kstat_irqs on node -1
[    1.665718] pcieport 0000:00:17.4: irq 44 for MSI/MSI-X
[    1.665764] pcieport 0000:00:17.4: setting latency timer to 64
[    1.665809]   alloc irq_desc for 45 on node -1
[    1.665811]   alloc kstat_irqs on node -1
[    1.665856] pcieport 0000:00:17.5: irq 45 for MSI/MSI-X
[    1.665902] pcieport 0000:00:17.5: setting latency timer to 64
[    1.665947]   alloc irq_desc for 46 on node -1
[    1.665949]   alloc kstat_irqs on node -1
[    1.665994] pcieport 0000:00:17.6: irq 46 for MSI/MSI-X
[    1.666040] pcieport 0000:00:17.6: setting latency timer to 64
[    1.666085]   alloc irq_desc for 47 on node -1
[    1.666087]   alloc kstat_irqs on node -1
[    1.666133] pcieport 0000:00:17.7: irq 47 for MSI/MSI-X
[    1.666178] pcieport 0000:00:17.7: setting latency timer to 64
[    1.666223]   alloc irq_desc for 48 on node -1
[    1.666225]   alloc kstat_irqs on node -1
[    1.666271] pcieport 0000:00:18.0: irq 48 for MSI/MSI-X
[    1.666316] pcieport 0000:00:18.0: setting latency timer to 64
[    1.666362]   alloc irq_desc for 49 on node -1
[    1.666364]   alloc kstat_irqs on node -1
[    1.666409] pcieport 0000:00:18.1: irq 49 for MSI/MSI-X
[    1.666454] pcieport 0000:00:18.1: setting latency timer to 64
[    1.666500]   alloc irq_desc for 50 on node -1
[    1.666502]   alloc kstat_irqs on node -1
[    1.666547] pcieport 0000:00:18.2: irq 50 for MSI/MSI-X
[    1.666593] pcieport 0000:00:18.2: setting latency timer to 64
[    1.666638]   alloc irq_desc for 51 on node -1
[    1.666640]   alloc kstat_irqs on node -1
[    1.666685] pcieport 0000:00:18.3: irq 51 for MSI/MSI-X
[    1.666731] pcieport 0000:00:18.3: setting latency timer to 64
[    1.666776]   alloc irq_desc for 52 on node -1
[    1.666778]   alloc kstat_irqs on node -1
[    1.666824] pcieport 0000:00:18.4: irq 52 for MSI/MSI-X
[    1.666869] pcieport 0000:00:18.4: setting latency timer to 64
[    1.666914]   alloc irq_desc for 53 on node -1
[    1.666916]   alloc kstat_irqs on node -1
[    1.666962] pcieport 0000:00:18.5: irq 53 for MSI/MSI-X
[    1.667007] pcieport 0000:00:18.5: setting latency timer to 64
[    1.667052]   alloc irq_desc for 54 on node -1
[    1.667054]   alloc kstat_irqs on node -1
[    1.667100] pcieport 0000:00:18.6: irq 54 for MSI/MSI-X
[    1.667145] pcieport 0000:00:18.6: setting latency timer to 64
[    1.667191]   alloc irq_desc for 55 on node -1
[    1.667192]   alloc kstat_irqs on node -1
[    1.667238] pcieport 0000:00:18.7: irq 55 for MSI/MSI-X
[    1.667283] pcieport 0000:00:18.7: setting latency timer to 64
[    1.667329] pci_hotplug: PCI Hot Plug PCI Core version: 0.5
[    1.669126] pciehp 0000:00:15.0:pcie04: HPC vendor_id 15ad device_id 7a0 ss_vid 0 ss_did 0
[    1.669171] pciehp 0000:00:15.0:pcie04: service driver pciehp loaded
[    1.669217] pciehp 0000:00:15.1:pcie04: HPC vendor_id 15ad device_id 7a0 ss_vid 0 ss_did 0
[    1.669262] pciehp 0000:00:15.1:pcie04: service driver pciehp loaded
[    1.669308] pciehp 0000:00:15.2:pcie04: HPC vendor_id 15ad device_id 7a0 ss_vid 0 ss_did 0
[    1.669353] pciehp 0000:00:15.2:pcie04: service driver pciehp loaded
[    1.669399] pciehp 0000:00:15.3:pcie04: HPC vendor_id 15ad device_id 7a0 ss_vid 0 ss_did 0
[    1.669444] pciehp 0000:00:15.3:pcie04: service driver pciehp loaded
[    1.669489] pciehp 0000:00:15.4:pcie04: HPC vendor_id 15ad device_id 7a0 ss_vid 0 ss_did 0
[    1.669535] pciehp 0000:00:15.4:pcie04: service driver pciehp loaded
[    1.669580] pciehp 0000:00:15.5:pcie04: HPC vendor_id 15ad device_id 7a0 ss_vid 0 ss_did 0
[    1.669626] pciehp 0000:00:15.5:pcie04: service driver pciehp loaded
[    1.669671] pciehp 0000:00:15.6:pcie04: HPC vendor_id 15ad device_id 7a0 ss_vid 0 ss_did 0
[    1.669716] pciehp 0000:00:15.6:pcie04: service driver pciehp loaded
[    1.669762] pciehp 0000:00:15.7:pcie04: HPC vendor_id 15ad device_id 7a0 ss_vid 0 ss_did 0
[    1.669807] pciehp 0000:00:15.7:pcie04: service driver pciehp loaded
[    1.669853] pciehp 0000:00:16.0:pcie04: HPC vendor_id 15ad device_id 7a0 ss_vid 0 ss_did 0
[    1.669898] pciehp 0000:00:16.0:pcie04: service driver pciehp loaded
[    1.669944] pciehp 0000:00:16.1:pcie04: HPC vendor_id 15ad device_id 7a0 ss_vid 0 ss_did 0
[    1.669989] pciehp 0000:00:16.1:pcie04: service driver pciehp loaded
[    1.670034] pciehp 0000:00:16.2:pcie04: HPC vendor_id 15ad device_id 7a0 ss_vid 0 ss_did 0
[    1.670080] pciehp 0000:00:16.2:pcie04: service driver pciehp loaded
[    1.670125] pciehp 0000:00:16.3:pcie04: HPC vendor_id 15ad device_id 7a0 ss_vid 0 ss_did 0
[    1.670171] pciehp 0000:00:16.3:pcie04: service driver pciehp loaded
[    1.670216] pciehp 0000:00:16.4:pcie04: HPC vendor_id 15ad device_id 7a0 ss_vid 0 ss_did 0
[    1.670262] pciehp 0000:00:16.4:pcie04: service driver pciehp loaded
[    1.670307] pciehp 0000:00:16.5:pcie04: HPC vendor_id 15ad device_id 7a0 ss_vid 0 ss_did 0
[    1.670352] pciehp 0000:00:16.5:pcie04: service driver pciehp loaded
[    1.670398] pciehp 0000:00:16.6:pcie04: HPC vendor_id 15ad device_id 7a0 ss_vid 0 ss_did 0
[    1.670443] pciehp 0000:00:16.6:pcie04: service driver pciehp loaded
[    1.670489] pciehp 0000:00:16.7:pcie04: HPC vendor_id 15ad device_id 7a0 ss_vid 0 ss_did 0
[    1.670534] pciehp 0000:00:16.7:pcie04: service driver pciehp loaded
[    1.670579] pciehp 0000:00:17.0:pcie04: HPC vendor_id 15ad device_id 7a0 ss_vid 0 ss_did 0
[    1.670625] pciehp 0000:00:17.0:pcie04: service driver pciehp loaded
[    1.670670] pciehp 0000:00:17.1:pcie04: HPC vendor_id 15ad device_id 7a0 ss_vid 0 ss_did 0
[    1.670716] pciehp 0000:00:17.1:pcie04: service driver pciehp loaded
[    1.670761] pciehp 0000:00:17.2:pcie04: HPC vendor_id 15ad device_id 7a0 ss_vid 0 ss_did 0
[    1.670807] pciehp 0000:00:17.2:pcie04: service driver pciehp loaded
[    1.670852] pciehp 0000:00:17.3:pcie04: HPC vendor_id 15ad device_id 7a0 ss_vid 0 ss_did 0
[    1.670897] pciehp 0000:00:17.3:pcie04: service driver pciehp loaded
[    1.670943] pciehp 0000:00:17.4:pcie04: HPC vendor_id 15ad device_id 7a0 ss_vid 0 ss_did 0
[    1.670988] pciehp 0000:00:17.4:pcie04: service driver pciehp loaded
[    1.671034] pciehp 0000:00:17.5:pcie04: HPC vendor_id 15ad device_id 7a0 ss_vid 0 ss_did 0
[    1.671079] pciehp 0000:00:17.5:pcie04: service driver pciehp loaded
[    1.671125] pciehp 0000:00:17.6:pcie04: HPC vendor_id 15ad device_id 7a0 ss_vid 0 ss_did 0
[    1.671170] pciehp 0000:00:17.6:pcie04: service driver pciehp loaded
[    1.671215] pciehp 0000:00:17.7:pcie04: HPC vendor_id 15ad device_id 7a0 ss_vid 0 ss_did 0
[    1.671261] pciehp 0000:00:17.7:pcie04: service driver pciehp loaded
[    1.671306] pciehp 0000:00:18.0:pcie04: HPC vendor_id 15ad device_id 7a0 ss_vid 0 ss_did 0
[    1.671352] pciehp 0000:00:18.0:pcie04: service driver pciehp loaded
[    1.671397] pciehp 0000:00:18.1:pcie04: HPC vendor_id 15ad device_id 7a0 ss_vid 0 ss_did 0
[    1.671443] pciehp 0000:00:18.1:pcie04: service driver pciehp loaded
[    1.671488] pciehp 0000:00:18.2:pcie04: HPC vendor_id 15ad device_id 7a0 ss_vid 0 ss_did 0
[    1.671533] pciehp 0000:00:18.2:pcie04: service driver pciehp loaded
[    1.671579] pciehp 0000:00:18.3:pcie04: HPC vendor_id 15ad device_id 7a0 ss_vid 0 ss_did 0
[    1.671624] pciehp 0000:00:18.3:pcie04: service driver pciehp loaded
[    1.671670] pciehp 0000:00:18.4:pcie04: HPC vendor_id 15ad device_id 7a0 ss_vid 0 ss_did 0
[    1.671715] pciehp 0000:00:18.4:pcie04: service driver pciehp loaded
[    1.671760] pciehp 0000:00:18.5:pcie04: HPC vendor_id 15ad device_id 7a0 ss_vid 0 ss_did 0
[    1.671806] pciehp 0000:00:18.5:pcie04: service driver pciehp loaded
[    1.671851] pciehp 0000:00:18.6:pcie04: HPC vendor_id 15ad device_id 7a0 ss_vid 0 ss_did 0
[    1.671897] pciehp 0000:00:18.6:pcie04: service driver pciehp loaded
[    1.671942] pciehp 0000:00:18.7:pcie04: HPC vendor_id 15ad device_id 7a0 ss_vid 0 ss_did 0
[    1.671988] pciehp 0000:00:18.7:pcie04: service driver pciehp loaded
[    1.671995] pciehp: PCI Express Hot Plug Controller Driver version: 0.4
[    1.672044] ACPI: AC Adapter [ACAD] (on-line)
[    1.672096] input: Power Button as /devices/LNXSYSTM:00/LNXPWRBN:00/input/input0
[    1.672098] ACPI: Power Button [PWRF]
[    1.672144] processor LNXCPU:00: registered as cooling_device0
[    1.713025] isapnp: Scanning for PnP cards...
[    2.066920] isapnp: No Plug & Play device found
[    2.066950] random 0000 0000 0000 5f8db4e5 4cfdf2a8: initializing
[    2.067077] Linux agpgart interface v0.103
[    2.067116] agpgart-intel 0000:00:00.0: Intel 440BX Chipset
[    2.067169] agpgart-intel 0000:00:00.0: AGP aperture is 256M @ 0x0
[    2.067200] Serial: 8250/16550 driver, 32 ports, IRQ sharing enabled
[    2.067253] serial8250: ttyS0 at I/O 0x3f8 (irq = 4) is a 16550A
[    2.067306] serial8250: ttyS1 at I/O 0x2f8 (irq = 3) is a 16550A
[    2.067358] 00:0a: ttyS0 at I/O 0x3f8 (irq = 4) is a 16550A
[    2.067411] 00:0b: ttyS1 at I/O 0x2f8 (irq = 3) is a 16550A
[    2.067464] brd: module loaded
[    2.067517] loop: module loaded
[    2.067570] ata_piix 0000:00:07.1: version 2.13
[    2.067651] scsi0 : ata_piix
[    2.067697] scsi1 : ata_piix
[    2.067716] ata1: PATA max UDMA/33 cmd 0x1f0 ctl 0x3f6 bmdma 0x10c0 irq 14
[    2.067718] ata2: PATA max UDMA/33 cmd 0x170 ctl 0x376 bmdma 0x10c8 irq 15
[    2.067765] PPP generic driver version 2.4.2
[    2.067784] tun: Universal TUN/TAP device driver, 1.6
[    2.067786] tun: (C) 1999-2004 Max Krasnyansky <maxk@qualcomm.com>
[    2.067838] ehci_hcd: USB 2.0 'Enhanced' Host Controller (EHCI) Driver
[    2.067891] ACPI: PCI Interrupt Link [LNKB] enabled at IRQ 11
[    2.067894] PCI: setting IRQ 11 as level-triggered
[    2.067901] ehci_hcd 0000:02:03.0: PCI INT A -> Link[LNKB] -> GSI 11 (level, low) -> IRQ 11
[    2.067937] ehci_hcd 0000:02:03.0: EHCI Host Controller
[    2.067959] ehci_hcd 0000:02:03.0: new USB bus registered, assigned bus number 1
[    2.068012] ehci_hcd 0000:02:03.0: cache line size of 32 is not supported
[    2.068018] ehci_hcd 0000:02:03.0: irq 11, io mem 0xc9000000
[    2.068324] random 0000 0000 0000 00000000 00000000: rand_read_num 3 get_random_bytes(8): sig 00000000 00000000 00000000
[    2.068326] random 0000 0000 0000 00000000 00000000: extract_entropy(.. 8 ..)
[    2.068329] random 0000 0000 0000 00000000 00000000: going to reseed nonblocking with 64 bits (64 of 0 requested)
[    2.068331] random 0000 0000 0000 00000000 00000000: extract_entropy(.. 8 ..)
[    2.068333] random 0000 0000 0000 00000000 00000000: trying to extract 64 bits from input
[    2.068336] random 0000 0000 0000 00000000 00000000: debiting 0 entropy credits from input
[    2.068337] random 0000 0000 0000 00000000 00000000: extract_entropy account returned: 0 
[    2.068340] random 0000 0000 0000 00000000 00000000: urand_change_num 5 xfer_secondary_pool(8): pool_sig 00000000, data_sig 00000000, bytes_mixed 0 00000000 00000000
[    2.068343] random 0000 0000 0000 00000000 00000000: trying to extract 64 bits from nonblocking
[    2.068345] random 0000 0000 0000 00000000 00000000: debiting 64 entropy credits from nonblocking (unlimited)
[    2.068347] random 0000 0000 0000 00000000 00000000: extract_entropy account returned: 8 
[    2.068351] random 0000 0000 0000 00000000 00000000: urand_change_num 6 extract_buf: pool_sig 00000000, data_sig fffffff9, bytes_mixed 20 00000000 00000000
[    2.076477] ehci_hcd 0000:02:03.0: USB 2.0 started, EHCI 1.00
[    2.076530] usb usb1: configuration #1 chosen from 1 choice
[    2.076549] hub 1-0:1.0: USB hub found
[    2.076553] hub 1-0:1.0: 6 ports detected
[    2.076588] ohci_hcd: USB 1.1 'Open' Host Controller (OHCI) Driver
[    2.076601] uhci_hcd: USB Universal Host Controller Interface driver
[    2.076654] ACPI: PCI Interrupt Link [LNKC] enabled at IRQ 10
[    2.076656] PCI: setting IRQ 10 as level-triggered
[    2.076660] uhci_hcd 0000:02:00.0: PCI INT A -> Link[LNKC] -> GSI 10 (level, low) -> IRQ 10
[    2.076691] uhci_hcd 0000:02:00.0: UHCI Host Controller
[    2.076718] uhci_hcd 0000:02:00.0: new USB bus registered, assigned bus number 2
[    2.076818] uhci_hcd 0000:02:00.0: irq 10, io base 0x000020c0
[    2.076871] usb usb2: configuration #1 chosen from 1 choice
[    2.076886] hub 2-0:1.0: USB hub found
[    2.076890] hub 2-0:1.0: 2 ports detected
[    2.076943] usbcore: registered new interface driver libusual
[    2.076991] PNP: PS/2 Controller [PNP0303:KBC,PNP0f13:MOUS] at 0x60,0x64 irq 1,12
[    2.077323] serio: i8042 KBD port at 0x60,0x64 irq 1
[    2.077329] serio: i8042 AUX port at 0x60,0x64 irq 12
[    2.077361] mice: PS/2 mouse device common for all mice
[    2.077414] rtc_cmos 00:04: rtc core: registered rtc_cmos as rtc0
[    2.077429] rtc0: alarms up to one month, y3k, 114 bytes nvram, hpet irqs
[    2.077482] device-mapper: uevent: version 1.0.3
[    2.077591] device-mapper: ioctl: 4.15.0-ioctl (2009-04-01) initialised: dm-devel@redhat.com
[    2.077607] EISA: Probing bus 0 at eisa.0
[    2.077614] Cannot allocate resource for EISA slot 1
[    2.077615] Cannot allocate resource for EISA slot 2
[    2.077617] Cannot allocate resource for EISA slot 3
[    2.077619] Cannot allocate resource for EISA slot 4
[    2.077621] Cannot allocate resource for EISA slot 5
[    2.077622] Cannot allocate resource for EISA slot 6
[    2.077624] Cannot allocate resource for EISA slot 7
[    2.077626] Cannot allocate resource for EISA slot 8
[    2.077628] EISA: Detected 0 cards.
[    2.077670] cpuidle: using governor ladder
[    2.077672] cpuidle: using governor menu
[    2.077724] random 0000 0000 0000 00000000 00000000: rand_read_num 4 get_random_bytes(136): sig 0000021d 00000000 00000000
[    2.077747] random 0000 0000 0000 00000000 00000000: extract_entropy(.. 136 ..)
[    2.077749] random 0000 0000 0000 00000000 00000000: going to reseed nonblocking with 1024 bits (1088 of 0 requested)
[    2.077751] random 0000 0000 0000 00000000 00000000: extract_entropy(.. 128 ..)
[    2.077753] random 0000 0000 0000 00000000 00000000: trying to extract 1024 bits from input
[    2.077756] random 0000 0000 0000 00000000 00000000: debiting 0 entropy credits from input
[    2.077757] random 0000 0000 0000 00000000 00000000: extract_entropy account returned: 0 
[    2.077760] random 0000 0000 0000 00000000 00000000: urand_change_num 7 xfer_secondary_pool(136): pool_sig 0000021d, data_sig 00000000, bytes_mixed 0 00000000 00000000
[    2.077763] random 0000 0000 0000 00000000 00000000: trying to extract 1088 bits from nonblocking
[    2.077765] random 0000 0000 0000 00000000 00000000: debiting 1088 entropy credits from nonblocking (unlimited)
[    2.077767] random 0000 0000 0000 00000000 00000000: extract_entropy account returned: 136 
[    2.077771] random 0000 0000 0000 00000000 00000000: urand_change_num 8 extract_buf: pool_sig 0000021d, data_sig fffffff7, bytes_mixed 20 00000000 00000000
[    2.077775] random 0000 0000 0000 f961ee50 ba9cb1aa: urand_change_num 9 extract_buf: pool_sig 00000230, data_sig fffffeb4, bytes_mixed 20 f961ee50 ba9cb1aa
[    2.077779] random 0000 0000 0000 9748bdd6 56fb8af6: urand_change_num 10 extract_buf: pool_sig 00000373, data_sig 000000cf, bytes_mixed 20 9748bdd6 56fb8af6
[    2.077784] random 0000 0000 0000 9748bdd6 56fb8af6: urand_change_num 11 extract_buf: pool_sig fffffe49, data_sig 0000023f, bytes_mixed 20 9748bdd6 56fb8af6
[    2.077788] random 0000 0000 0000 a135be86 4777650e: urand_change_num 12 extract_buf: pool_sig fffffcce, data_sig 000000c6, bytes_mixed 20 a135be86 4777650e
[    2.077792] random 0000 0000 0000 4a6ea85d 170e00dd: urand_change_num 13 extract_buf: pool_sig ffffff97, data_sig ffffff7d, bytes_mixed 20 4a6ea85d 170e00dd
[    2.077796] random 0000 0000 0000 4a6ea85d 170e00dd: urand_change_num 14 extract_buf: pool_sig 00000160, data_sig fffffeea, bytes_mixed 20 4a6ea85d 170e00dd
[    2.077800] random 0000 0000 0000 6e87c3cb da668c73: urand_change_num 15 extract_buf: pool_sig 0000034f, data_sig ffffff54, bytes_mixed 20 6e87c3cb da668c73
[    2.077804] random 0000 0000 0000 6e87c3cb da668c73: urand_change_num 16 extract_buf: pool_sig fffffdc5, data_sig 00000205, bytes_mixed 20 6e87c3cb da668c73
[    2.077808] random 0000 0000 0000 39f531e6 461eb249: urand_change_num 17 extract_buf: pool_sig fffffc1d, data_sig ffffff5e, bytes_mixed 20 39f531e6 461eb249
[    2.077812] random 0000 0000 0000 7e1538a2 3e661182: urand_change_num 18 extract_buf: pool_sig 000006ef, data_sig ffffff2e, bytes_mixed 20 7e1538a2 3e661182
[    2.077817] random 0000 0000 0000 7e1538a2 3e661182: urand_change_num 19 extract_buf: pool_sig 00000317, data_sig fffffccb, bytes_mixed 20 7e1538a2 3e661182
[    2.077821] random 0000 0000 0000 76af506b 9b57305e: urand_change_num 20 extract_buf: pool_sig 00000227, data_sig ffffffd2, bytes_mixed 20 76af506b 9b57305e
[    2.077825] random 0000 0000 0000 37d49d89 e20417cc: urand_change_num 21 extract_buf: pool_sig 0000080b, data_sig 000001e9, bytes_mixed 20 37d49d89 e20417cc
[    2.077829] TCP cubic registered
[    2.077882] NET: Registered protocol family 10
[    2.077915] RANDOM - __random32 called. Change num 12.  Value: 4d04ee6d	a9951220	ef1f87f9
[    2.077917] RANDOM - random32 called.  Value: 4d04ee6d	a9951220	ef1f87f9
[    2.077926] random 0000 0000 0000 37d49d89 e20417cc: rand_read_num 5 get_random_bytes(4): sig 00000298 37d49d89 e20417cc
[    2.077928] random 0000 0000 0000 37d49d89 e20417cc: extract_entropy(.. 4 ..)
[    2.077930] random 0000 0000 0000 37d49d89 e20417cc: going to reseed nonblocking with 64 bits (32 of 0 requested)
[    2.077932] random 0000 0000 0000 37d49d89 e20417cc: extract_entropy(.. 8 ..)
[    2.077934] random 0000 0000 0000 37d49d89 e20417cc: trying to extract 64 bits from input
[    2.077936] random 0000 0000 0000 37d49d89 e20417cc: debiting 0 entropy credits from input
[    2.077938] random 0000 0000 0000 37d49d89 e20417cc: extract_entropy account returned: 0 
[    2.077941] random 0000 0000 0000 37d49d89 e20417cc: urand_change_num 22 xfer_secondary_pool(4): pool_sig 00000298, data_sig 00000000, bytes_mixed 0 37d49d89 e20417cc
[    2.077943] random 0000 0000 0000 37d49d89 e20417cc: trying to extract 32 bits from nonblocking
[    2.077946] random 0000 0000 0000 37d49d89 e20417cc: debiting 32 entropy credits from nonblocking (unlimited)
[    2.077948] random 0000 0000 0000 37d49d89 e20417cc: extract_entropy account returned: 4 
[    2.077951] random 0000 0000 0000 37d49d89 e20417cc: urand_change_num 23 extract_buf: pool_sig 00000298, data_sig 00000092, bytes_mixed 20 37d49d89 e20417cc
[    2.078004] RANDOM - __random32 called. Change num 13.  Value: 4ee6da19	99512207	ff2fc77
[    2.078006] RANDOM - random32 called.  Value: 4ee6da19	99512207	ff2fc77
[    2.078059] NET: Registered protocol family 17
[    2.078078] Using IPI No-Shortcut mode
[    2.078084] random 0000 0000 0000 2ee4c4fc 167bdb15: rand_read_num 6 get_random_bytes(8): sig fffffcbf 2ee4c4fc 167bdb15
[    2.078086] random 0000 0000 0000 2ee4c4fc 167bdb15: extract_entropy(.. 8 ..)
[    2.078088] random 0000 0000 0000 2ee4c4fc 167bdb15: going to reseed nonblocking with 64 bits (64 of 0 requested)
[    2.078090] random 0000 0000 0000 2ee4c4fc 167bdb15: extract_entropy(.. 8 ..)
[    2.078092] random 0000 0000 0000 2ee4c4fc 167bdb15: trying to extract 64 bits from input
[    2.078094] random 0000 0000 0000 2ee4c4fc 167bdb15: debiting 0 entropy credits from input
[    2.078096] random 0000 0000 0000 2ee4c4fc 167bdb15: extract_entropy account returned: 0 
[    2.078099] random 0000 0000 0000 2ee4c4fc 167bdb15: urand_change_num 24 xfer_secondary_pool(8): pool_sig fffffcbf, data_sig 00000000, bytes_mixed 0 2ee4c4fc 167bdb15
[    2.078102] random 0000 0000 0000 2ee4c4fc 167bdb15: trying to extract 64 bits from nonblocking
[    2.078104] random 0000 0000 0000 2ee4c4fc 167bdb15: debiting 64 entropy credits from nonblocking (unlimited)
[    2.078106] random 0000 0000 0000 2ee4c4fc 167bdb15: extract_entropy account returned: 8 
[    2.078109] random 0000 0000 0000 2ee4c4fc 167bdb15: urand_change_num 25 extract_buf: pool_sig fffffcbf, data_sig ffffff83, bytes_mixed 20 2ee4c4fc 167bdb15
[    2.078147] PM: Resume from disk failed.
[    2.078154] registered taskstats version 1
[    2.078157] random 0000 0000 0000 2ee4c4fc 167bdb15: rand_read_num 7 get_random_bytes(12): sig fffffc69 2ee4c4fc 167bdb15
[    2.078159] random 0000 0000 0000 2ee4c4fc 167bdb15: extract_entropy(.. 12 ..)
[    2.078161] random 0000 0000 0000 2ee4c4fc 167bdb15: going to reseed nonblocking with 96 bits (96 of 0 requested)
[    2.078163] random 0000 0000 0000 2ee4c4fc 167bdb15: extract_entropy(.. 12 ..)
[    2.078165] random 0000 0000 0000 2ee4c4fc 167bdb15: trying to extract 96 bits from input
[    2.078167] random 0000 0000 0000 2ee4c4fc 167bdb15: debiting 0 entropy credits from input
[    2.078169] random 0000 0000 0000 2ee4c4fc 167bdb15: extract_entropy account returned: 0 
[    2.078172] random 0000 0000 0000 2ee4c4fc 167bdb15: urand_change_num 26 xfer_secondary_pool(12): pool_sig fffffc69, data_sig 00000000, bytes_mixed 0 2ee4c4fc 167bdb15
[    2.078174] random 0000 0000 0000 2ee4c4fc 167bdb15: trying to extract 96 bits from nonblocking
[    2.078176] random 0000 0000 0000 2ee4c4fc 167bdb15: debiting 96 entropy credits from nonblocking (unlimited)
[    2.078178] random 0000 0000 0000 2ee4c4fc 167bdb15: extract_entropy account returned: 12 
[    2.078181] random 0000 0000 0000 2ee4c4fc 167bdb15: urand_change_num 27 extract_buf: pool_sig fffffc69, data_sig ffffff7d, bytes_mixed 20 2ee4c4fc 167bdb15
[    2.078186] random 0000 0000 0000 83b7c1ab 94697f48: urand_change_num 28 extract_buf: pool_sig fffffe30, data_sig fffffdd6, bytes_mixed 20 83b7c1ab 94697f48
[    2.078188] RANDOM - __seed init called.
[    2.078189] RANDOM - __seed init called.
[    2.078191] RANDOM - __seed init called.
[    2.078192] RANDOM - __random32 called. Change num 14.  Value: fc007995	feca4f80	21b38ad2
[    2.078194] RANDOM - random32_reseed called.  Value: fc007995	feca4f80	21b38ad2
[    2.078196] Pid: 1, comm: swapper Not tainted 2.6.32.57 #4
[    2.078198] Call Trace:
[    2.078203]  [<c14a8a0e>] ? printk+0x1d/0x1f
[    2.078208]  [<c17537e5>] random32_reseed+0x89/0xbd
[    2.078211]  [<c1003042>] do_one_initcall+0x32/0x1a0
[    2.078214]  [<c175375c>] ? random32_reseed+0x0/0xbd
[    2.078217]  [<c17308e7>] kernel_init+0x12d/0x17a
[    2.078219]  [<c17307ba>] ? kernel_init+0x0/0x17a
[    2.078222]  [<c1009b07>] kernel_thread_helper+0x7/0x10
[    2.081026] input: AT Translated Set 2 keyboard as /devices/platform/i8042/serio0/input/input1
[    2.081304] random 0000 0000 0000 6db70b00 b30ce96b: rand_read_num 8 get_random_bytes(64): sig fffffb38 6db70b00 b30ce96b
[    2.081307] random 0000 0000 0000 6db70b00 b30ce96b: extract_entropy(.. 64 ..)
[    2.081309] random 0000 0000 0000 6db70b00 b30ce96b: going to reseed nonblocking with 512 bits (512 of 0 requested)
[    2.081311] random 0000 0000 0000 6db70b00 b30ce96b: extract_entropy(.. 64 ..)
[    2.081313] random 0000 0000 0000 6db70b00 b30ce96b: trying to extract 512 bits from input
[    2.081315] random 0000 0000 0000 6db70b00 b30ce96b: debiting 0 entropy credits from input
[    2.081317] random 0000 0000 0000 6db70b00 b30ce96b: extract_entropy account returned: 0 
[    2.081320] random 0000 0000 0000 6db70b00 b30ce96b: urand_change_num 29 xfer_secondary_pool(64): pool_sig fffffb38, data_sig 00000000, bytes_mixed 0 6db70b00 b30ce96b
[    2.081323] random 0000 0000 0000 6db70b00 b30ce96b: trying to extract 512 bits from nonblocking
[    2.081325] random 0000 0000 0000 6db70b00 b30ce96b: debiting 512 entropy credits from nonblocking (unlimited)
[    2.081327] random 0000 0000 0000 6db70b00 b30ce96b: extract_entropy account returned: 64 
[    2.081330] random 0000 0000 0000 6db70b00 b30ce96b: urand_change_num 30 extract_buf: pool_sig fffffb38, data_sig 00000151, bytes_mixed 20 6db70b00 b30ce96b
[    2.081335] random 0000 0000 0000 6db70b00 b30ce96b: urand_change_num 31 extract_buf: pool_sig fffffdb8, data_sig 00000379, bytes_mixed 20 6db70b00 b30ce96b
[    2.081339] random 0000 0000 0000 6b83001e d4b6c0d3: urand_change_num 32 extract_buf: pool_sig ffffffc9, data_sig 00000198, bytes_mixed 20 6b83001e d4b6c0d3
[    2.081343] random 0000 0000 0000 79d3e3c7 be564518: urand_change_num 33 extract_buf: pool_sig 000002b9, data_sig ffffff84, bytes_mixed 20 79d3e3c7 be564518
[    2.081347] random 0000 0000 0000 79d3e3c7 be564518: urand_change_num 34 extract_buf: pool_sig ffffff55, data_sig ffffff5a, bytes_mixed 20 79d3e3c7 be564518
[    2.081351] random 0000 0000 0000 89c03cb2 0d353228: urand_change_num 35 extract_buf: pool_sig 00000007, data_sig ffffff17, bytes_mixed 20 89c03cb2 0d353228
[    2.081355] random 0000 0000 0000 89c03cb2 0d353228: urand_change_num 36 extract_buf: pool_sig fffffdae, data_sig 000000db, bytes_mixed 20 89c03cb2 0d353228  Magic number: 13:741:397
[    2.081376] mem random: hash matches
[    2.081450] rtc_cmos 00:04: setting system clock to 2013-05-24 20:21:06 UTC (1369426866)
[    2.081453] BIOS EDD facility v0.16 2004-Jun-25, 0 devices found
[    2.081454] EDD information not available.
[    2.081477] random 0000 0000 0000 8ca62387 b120332c: rand_read_num 9 get_random_bytes(64): sig fffffed6 8ca62387 b120332c
[    2.081479] random 0000 0000 0000 8ca62387 b120332c: extract_entropy(.. 64 ..)
[    2.081481] random 0000 0000 0000 8ca62387 b120332c: going to reseed nonblocking with 512 bits (512 of 0 requested)
[    2.081483] random 0000 0000 0000 8ca62387 b120332c: extract_entropy(.. 64 ..)
[    2.081485] random 0000 0000 0000 8ca62387 b120332c: trying to extract 512 bits from input
[    2.081487] random 0000 0000 0000 8ca62387 b120332c: debiting 0 entropy credits from input
[    2.081489] random 0000 0000 0000 8ca62387 b120332c: extract_entropy account returned: 0 
[    2.081492] random 0000 0000 0000 8ca62387 b120332c: urand_change_num 37 xfer_secondary_pool(64): pool_sig fffffed6, data_sig 00000000, bytes_mixed 0 8ca62387 b120332c
[    2.081494] random 0000 0000 0000 8ca62387 b120332c: trying to extract 512 bits from nonblocking
[    2.081497] random 0000 0000 0000 8ca62387 b120332c: debiting 512 entropy credits from nonblocking (unlimited)
[    2.081499] random 0000 0000 0000 8ca62387 b120332c: extract_entropy account returned: 64 
[    2.081502] random 0000 0000 0000 8ca62387 b120332c: urand_change_num 38 extract_buf: pool_sig fffffed6, data_sig fffffeb6, bytes_mixed 20 8ca62387 b120332c
[    2.081506] random 0000 0000 0000 90702413 e2a66c2e: urand_change_num 39 extract_buf: pool_sig fffffbb0, data_sig 0000012e, bytes_mixed 20 90702413 e2a66c2e
[    2.081510] random 0000 0000 0000 90702413 e2a66c2e: urand_change_num 40 extract_buf: pool_sig fffffaf1, data_sig ffffff3c, bytes_mixed 20 90702413 e2a66c2e
[    2.081514] random 0000 0000 0000 3f58038b c77aecb6: urand_change_num 41 extract_buf: pool_sig 00000234, data_sig fffffdec, bytes_mixed 20 3f58038b c77aecb6
[    2.081518] random 0000 0000 0000 47187b9d 03f21510: urand_change_num 42 extract_buf: pool_sig 00000192, data_sig 00000075, bytes_mixed 20 47187b9d 03f21510
[    2.081522] random 0000 0000 0000 47187b9d 03f21510: urand_change_num 43 extract_buf: pool_sig 0000018e, data_sig ffffffbf, bytes_mixed 20 47187b9d 03f21510
[    2.081527] random 0000 0000 0000 3180b1fc 0fa9c973: urand_change_num 44 extract_buf: pool_sig fffffecf, data_sig ffffff2a, bytes_mixed 20 3180b1fc 0fa9c973
[    2.081529] BEGIN NET_SECRET:
[    2.081530] \xffffff87
[    2.081531] \xffffff8d
[    2.081533] \xfffffff4
[    2.081534] \xffffffae
[    2.081535] \xffffffc3
[    2.081536] \xffffffb7
[    2.081537] \x31
[    2.081538] \x65
[    2.081539] \xffffffda
[    2.081540] \xffffffa2
[    2.081541] \x31
[    2.081542] \xffffffc8
[    2.081543] \xffffffa9
[    2.081544] \x76
[    2.081545] \x76
[    2.081546] \xffffff90
[    2.081548] \x55
[    2.081549] \xfffffff3
[    2.081550] \xffffffb1
[    2.081551] \x3
[    2.081552] \xffffffb3
[    2.081553] \xffffffa7
[    2.081554] \x5a
[    2.081555] \x71
[    2.081556] \x70
[    2.081557] \xffffff8c
[    2.081558] \x56
[    2.081559] \x25
[    2.081560] \xffffffe1
[    2.081561] \x4c
[    2.081563] \xffffffe6
[    2.081564] \xffffff95
[    2.081565] \x67
[    2.081566] \x4c
[    2.081567] \xffffffb9
[    2.081568] \x1d
[    2.081569] \xe
[    2.081570] \x34
[    2.081571] \xffffffbe
[    2.081572] \x12
[    2.081573] \x5
[    2.081574] \xffffff98
[    2.081575] \xffffffa0
[    2.081576] \xf
[    2.081577] \xffffffb2
[    2.081578] \xffffffde
[    2.081579] \xffffff99
[    2.081581] \xf
[    2.081582] \xffffffe8
[    2.081583] \xffffffc8
[    2.081584] \x1f
[    2.081585] \x54
[    2.081586] \x2c
[    2.081587] \xffffffee
[    2.081588] \x2e
[    2.081589] \x0
[    2.081590] \xffffff95
[    2.081591] \x0
[    2.081592] \xffffffe3
[    2.081593] \xffffffa7
[    2.081594] \xfffffffd
[    2.081595] \x66
[    2.081596] \xffffff92
[    2.081597] \xfffffff0
[    2.081599] 
[    2.081599] END NET_SECRET
[    2.081602] random 0000 0000 0000 3180b1fc 0fa9c973: rand_read_num 10 get_random_bytes(4): sig ffffff46 3180b1fc 0fa9c973
[    2.081604] random 0000 0000 0000 3180b1fc 0fa9c973: extract_entropy(.. 4 ..)
[    2.081606] random 0000 0000 0000 3180b1fc 0fa9c973: going to reseed nonblocking with 64 bits (32 of 0 requested)
[    2.081608] random 0000 0000 0000 3180b1fc 0fa9c973: extract_entropy(.. 8 ..)
[    2.081610] random 0000 0000 0000 3180b1fc 0fa9c973: trying to extract 64 bits from input
[    2.081612] random 0000 0000 0000 3180b1fc 0fa9c973: debiting 0 entropy credits from input
[    2.081614] random 0000 0000 0000 3180b1fc 0fa9c973: extract_entropy account returned: 0 
[    2.081617] random 0000 0000 0000 3180b1fc 0fa9c973: urand_change_num 45 xfer_secondary_pool(4): pool_sig ffffff46, data_sig 00000000, bytes_mixed 0 3180b1fc 0fa9c973
[    2.081620] random 0000 0000 0000 3180b1fc 0fa9c973: trying to extract 32 bits from nonblocking
[    2.081622] random 0000 0000 0000 3180b1fc 0fa9c973: debiting 32 entropy credits from nonblocking (unlimited)
[    2.081624] random 0000 0000 0000 3180b1fc 0fa9c973: extract_entropy account returned: 4 
[    2.081627] random 0000 0000 0000 3180b1fc 0fa9c973: urand_change_num 46 extract_buf: pool_sig ffffff46, data_sig 0000001b, bytes_mixed 20 3180b1fc 0fa9c973
[    2.254319] ata2.00: ATAPI: VMware Virtual IDE CDROM Drive, 00000001, max UDMA/33
[    2.254601] ata2.00: configured for UDMA/33
[    2.254982] scsi 1:0:0:0: CD-ROM            NECVMWar VMware IDE CDR10 1.00 PQ: 0 ANSI: 5
[    2.256175] sr0: scsi3-mmc drive: 306x/306x cd/rw xa/form2 cdda tray
[    2.256179] Uniform CD-ROM driver Revision: 3.20
[    2.256232] sr 1:0:0:0: Attached scsi CD-ROM sr0
[    2.256267] sr 1:0:0:0: Attached scsi generic sg0 type 5
[    2.256302] Freeing unused kernel memory: 652k freed
[    2.256355] Write protecting the kernel text: 4840k
[    2.256386] Write protecting the kernel read-only data: 1968k
