[    0.000000] random 0000 0000 0000 00000000 00000000: rand_read_num 1 get_random_bytes(8): sig 00000000 00000000 00000000
[    0.000000] random 0000 0000 0000 00000000 00000000: extract_entropy(.. 8 ..)
[    0.000000] random 0000 0000 0000 00000000 00000000: going to reseed nonblocking with 64 bits (64 of 0 requested)
[    0.000000] random 0000 0000 0000 00000000 00000000: extract_entropy(.. 8 ..)
[    0.000000] random 0000 0000 0000 00000000 00000000: trying to extract 64 bits from input
[    0.000000] random 0000 0000 0000 00000000 00000000: debiting 0 entropy credits from input
[    0.000000] random 0000 0000 0000 00000000 00000000: extract_entropy account returned: 0 
[    0.000000] random 0000 0000 0000 00000000 00000000: urand_change_num 1 xfer_secondary_pool(8): pool_sig 00000000, data_sig 00000000, bytes_mixed 0 00000000 00000000
[    0.000000] random 0000 0000 0000 00000000 00000000: trying to extract 64 bits from nonblocking
[    0.000000] random 0000 0000 0000 00000000 00000000: debiting 64 entropy credits from nonblocking (unlimited)
[    0.000000] random 0000 0000 0000 00000000 00000000: extract_entropy account returned: 8 
[    0.000000] random 0000 0000 0000 00000000 00000000: urand_change_num 2 extract_buf: pool_sig 00000000, data_sig fffffff9, bytes_mixed 20 00000000 00000000
[    0.000000] Initializing cgroup subsys cpuset
[    0.000000] Initializing cgroup subsys cpu
[    0.000000] Linux version 2.6.32.57 (dcashman@ubuntu) (gcc version 4.6.3 (Ubuntu/Linaro 4.6.3-1ubuntu5) ) #4 SMP Fri May 24 11:09:26 PDT 2013
[    0.000000] KERNEL supported cpus:
[    0.000000]   Intel GenuineIntel
[    0.000000]   AMD AuthenticAMD
[    0.000000]   NSC Geode by NSC
[    0.000000]   Cyrix CyrixInstead
[    0.000000]   Centaur CentaurHauls
[    0.000000]   Transmeta GenuineTMx86
[    0.000000]   Transmeta TransmetaCPU
[    0.000000]   UMC UMC UMC UMC
[    0.000000] BIOS-provided physical RAM map:
[    0.000000]  BIOS-e820: 0000000000000000 - 000000000009f000 (usable)
[    0.000000]  BIOS-e820: 000000000009f000 - 00000000000a0000 (reserved)
[    0.000000]  BIOS-e820: 00000000000ca000 - 00000000000cc000 (reserved)
[    0.000000]  BIOS-e820: 00000000000dc000 - 0000000000100000 (reserved)
[    0.000000]  BIOS-e820: 0000000000100000 - 000000003fee0000 (usable)
[    0.000000]  BIOS-e820: 000000003fee0000 - 000000003feff000 (ACPI data)
[    0.000000]  BIOS-e820: 000000003feff000 - 000000003ff00000 (ACPI NVS)
[    0.000000]  BIOS-e820: 000000003ff00000 - 0000000040000000 (usable)
[    0.000000]  BIOS-e820: 00000000e0000000 - 00000000f0000000 (reserved)
[    0.000000]  BIOS-e820: 00000000fec00000 - 00000000fec10000 (reserved)
[    0.000000]  BIOS-e820: 00000000fee00000 - 00000000fee01000 (reserved)
[    0.000000]  BIOS-e820: 00000000fffe0000 - 0000000100000000 (reserved)
[    0.000000] DMI present.
[    0.000000] Phoenix BIOS detected: BIOS may corrupt low RAM, working around it.
[    0.000000] e820 update range: 0000000000000000 - 0000000000010000 (usable) ==> (reserved)
[    0.000000] last_pfn = 0x40000 max_arch_pfn = 0x1000000
[    0.000000] MTRR default type: uncachable
[    0.000000] MTRR fixed ranges enabled:
[    0.000000]   00000-9FFFF write-back
[    0.000000]   A0000-BFFFF uncachable
[    0.000000]   C0000-CBFFF write-protect
[    0.000000]   CC000-EFFFF uncachable
[    0.000000]   F0000-FFFFF write-protect
[    0.000000] MTRR variable ranges enabled:
[    0.000000]   0 base 0000000000 mask FFC0000000 write-back
[    0.000000]   1 disabled
[    0.000000]   2 disabled
[    0.000000]   3 disabled
[    0.000000]   4 disabled
[    0.000000]   5 disabled
[    0.000000]   6 disabled
[    0.000000]   7 disabled
[    0.000000] x86 PAT enabled: cpu 0, old 0x0, new 0x7010600070106
[    0.000000] Scanning 0 areas for low memory corruption
[    0.000000] modified physical RAM map:
[    0.000000]  modified: 0000000000000000 - 0000000000010000 (reserved)
[    0.000000]  modified: 0000000000010000 - 000000000009f000 (usable)
[    0.000000]  modified: 000000000009f000 - 00000000000a0000 (reserved)
[    0.000000]  modified: 00000000000ca000 - 00000000000cc000 (reserved)
[    0.000000]  modified: 00000000000dc000 - 0000000000100000 (reserved)
[    0.000000]  modified: 0000000000100000 - 000000003fee0000 (usable)
[    0.000000]  modified: 000000003fee0000 - 000000003feff000 (ACPI data)
[    0.000000]  modified: 000000003feff000 - 000000003ff00000 (ACPI NVS)
[    0.000000]  modified: 000000003ff00000 - 0000000040000000 (usable)
[    0.000000]  modified: 00000000e0000000 - 00000000f0000000 (reserved)
[    0.000000]  modified: 00000000fec00000 - 00000000fec10000 (reserved)
[    0.000000]  modified: 00000000fee00000 - 00000000fee01000 (reserved)
[    0.000000]  modified: 00000000fffe0000 - 0000000100000000 (reserved)
[    0.000000] initial memory mapped : 0 - 01e00000
[    0.000000] init_memory_mapping: 0000000000000000-00000000379fe000
[    0.000000] NX (Execute Disable) protection: active
[    0.000000]  0000000000 - 0000200000 page 4k
[    0.000000]  0000200000 - 0037800000 page 2M
[    0.000000]  0037800000 - 00379fe000 page 4k
[    0.000000] kernel direct mapping tables up to 379fe000 @ 10000-16000
[    0.000000] RAMDISK: 2dcfc000 - 32e758c3
[    0.000000] ACPI: RSDP 000f6b80 00024 (v02 PTLTD )
[    0.000000] ACPI: XSDT 3feed636 0005C (v01 INTEL  440BX    06040000 VMW  01324272)
[    0.000000] ACPI: FACP 3fefee98 000F4 (v04 INTEL  440BX    06040000 PTL  000F4240)
[    0.000000] ACPI: DSDT 3feee366 10B32 (v01 PTLTD  Custom   06040000 MSFT 03000001)
[    0.000000] ACPI: FACS 3fefffc0 00040
[    0.000000] ACPI: BOOT 3feee33e 00028 (v01 PTLTD  $SBFTBL$ 06040000  LTP 00000001)
[    0.000000] ACPI: APIC 3feedc3e 003C2 (v01 PTLTD  ? APIC   06040000  LTP 00000000)
[    0.000000] ACPI: MCFG 3feedc02 0003C (v01 PTLTD  $PCITBL$ 06040000  LTP 00000001)
[    0.000000] ACPI: SRAT 3feed732 004D0 (v02 VMWARE MEMPLUG  06040000 VMW  00000001)
[    0.000000] ACPI: HPET 3feed6fa 00038 (v01 VMWARE VMW HPET 06040000 VMW  00000001)
[    0.000000] ACPI: WAET 3feed6d2 00028 (v01 VMWARE VMW WAET 06040000 VMW  00000001)
[    0.000000] ACPI: Local APIC address 0xfee00000
[    0.000000] 134MB HIGHMEM available.
[    0.000000] 889MB LOWMEM available.
[    0.000000]   mapped low ram: 0 - 379fe000
[    0.000000]   low ram: 0 - 379fe000
[    0.000000]   node 0 low ram: 00000000 - 379fe000
[    0.000000]   node 0 bootmap 00012000 - 00018f40
[    0.000000] (9 early reservations) ==> bootmem [0000000000 - 00379fe000]
[    0.000000]   #0 [0000000000 - 0000001000]   BIOS data page ==> [0000000000 - 0000001000]
[    0.000000]   #1 [0000001000 - 0000002000]    EX TRAMPOLINE ==> [0000001000 - 0000002000]
[    0.000000]   #2 [0000006000 - 0000007000]       TRAMPOLINE ==> [0000006000 - 0000007000]
[    0.000000]   #3 [0001000000 - 0001a75ff8]    TEXT DATA BSS ==> [0001000000 - 0001a75ff8]
[    0.000000]   #4 [002dcfc000 - 0032e758c3]          RAMDISK ==> [002dcfc000 - 0032e758c3]
[    0.000000]   #5 [000009f000 - 0000100000]    BIOS reserved ==> [000009f000 - 0000100000]
[    0.000000]   #6 [0001a76000 - 0001a851c0]              BRK ==> [0001a76000 - 0001a851c0]
[    0.000000]   #7 [0000010000 - 0000012000]          PGTABLE ==> [0000010000 - 0000012000]
[    0.000000]   #8 [0000012000 - 0000019000]          BOOTMAP ==> [0000012000 - 0000019000]
[    0.000000] found SMP MP-table at [c00f6bf0] f6bf0
[    0.000000] Zone PFN ranges:
[    0.000000]   DMA      0x00000010 -> 0x00001000
[    0.000000]   Normal   0x00001000 -> 0x000379fe
[    0.000000]   HighMem  0x000379fe -> 0x00040000
[    0.000000] Movable zone start PFN for each node
[    0.000000] early_node_map[3] active PFN ranges
[    0.000000]     0: 0x00000010 -> 0x0000009f
[    0.000000]     0: 0x00000100 -> 0x0003fee0
[    0.000000]     0: 0x0003ff00 -> 0x00040000
[    0.000000] On node 0 totalpages: 261999
[    0.000000] free_area_init_node: node 0, pgdat c1715200, node_mem_map c1a87200
[    0.000000]   DMA zone: 32 pages used for memmap
[    0.000000]   DMA zone: 0 pages reserved
[    0.000000]   DMA zone: 3951 pages, LIFO batch:0
[    0.000000]   Normal zone: 1748 pages used for memmap
[    0.000000]   Normal zone: 221994 pages, LIFO batch:31
[    0.000000]   HighMem zone: 269 pages used for memmap
[    0.000000]   HighMem zone: 34005 pages, LIFO batch:7
[    0.000000] Using APIC driver default
[    0.000000] ACPI: PM-Timer IO Port: 0x1008
[    0.000000] ACPI: Local APIC address 0xfee00000
[    0.000000] ACPI: LAPIC (acpi_id[0x00] lapic_id[0x00] enabled)
[    0.000000] ACPI: LAPIC (acpi_id[0x01] lapic_id[0x02] disabled)
[    0.000000] ACPI: LAPIC (acpi_id[0x02] lapic_id[0x04] disabled)
[    0.000000] ACPI: LAPIC (acpi_id[0x03] lapic_id[0x06] disabled)
[    0.000000] ACPI: LAPIC (acpi_id[0x04] lapic_id[0x08] disabled)
[    0.000000] ACPI: LAPIC (acpi_id[0x05] lapic_id[0x0a] disabled)
[    0.000000] ACPI: LAPIC (acpi_id[0x06] lapic_id[0x0c] disabled)
[    0.000000] ACPI: LAPIC (acpi_id[0x07] lapic_id[0x0e] disabled)
[    0.000000] ACPI: LAPIC (acpi_id[0x08] lapic_id[0x10] disabled)
[    0.000000] ACPI: LAPIC (acpi_id[0x09] lapic_id[0x12] disabled)
[    0.000000] ACPI: LAPIC (acpi_id[0x0a] lapic_id[0x14] disabled)
[    0.000000] ACPI: LAPIC (acpi_id[0x0b] lapic_id[0x16] disabled)
[    0.000000] ACPI: LAPIC (acpi_id[0x0c] lapic_id[0x18] disabled)
[    0.000000] ACPI: LAPIC (acpi_id[0x0d] lapic_id[0x1a] disabled)
[    0.000000] ACPI: LAPIC (acpi_id[0x0e] lapic_id[0x1c] disabled)
[    0.000000] ACPI: LAPIC (acpi_id[0x0f] lapic_id[0x1e] disabled)
[    0.000000] ACPI: LAPIC (acpi_id[0x10] lapic_id[0x20] disabled)
[    0.000000] ACPI: LAPIC (acpi_id[0x11] lapic_id[0x22] disabled)
[    0.000000] ACPI: LAPIC (acpi_id[0x12] lapic_id[0x24] disabled)
[    0.000000] ACPI: LAPIC (acpi_id[0x13] lapic_id[0x26] disabled)
[    0.000000] ACPI: LAPIC (acpi_id[0x14] lapic_id[0x28] disabled)
[    0.000000] ACPI: LAPIC (acpi_id[0x15] lapic_id[0x2a] disabled)
[    0.000000] ACPI: LAPIC (acpi_id[0x16] lapic_id[0x2c] disabled)
[    0.000000] ACPI: LAPIC (acpi_id[0x17] lapic_id[0x2e] disabled)
[    0.000000] ACPI: LAPIC (acpi_id[0x18] lapic_id[0x30] disabled)
[    0.000000] ACPI: LAPIC (acpi_id[0x19] lapic_id[0x32] disabled)
[    0.000000] ACPI: LAPIC (acpi_id[0x1a] lapic_id[0x34] disabled)
[    0.000000] ACPI: LAPIC (acpi_id[0x1b] lapic_id[0x36] disabled)
[    0.000000] ACPI: LAPIC (acpi_id[0x1c] lapic_id[0x38] disabled)
[    0.000000] ACPI: LAPIC (acpi_id[0x1d] lapic_id[0x3a] disabled)
[    0.000000] ACPI: LAPIC (acpi_id[0x1e] lapic_id[0x3c] disabled)
[    0.000000] ACPI: LAPIC (acpi_id[0x1f] lapic_id[0x3e] disabled)
[    0.000000] ACPI: LAPIC (acpi_id[0x20] lapic_id[0x40] disabled)
[    0.000000] ACPI: LAPIC (acpi_id[0x21] lapic_id[0x42] disabled)
[    0.000000] ACPI: LAPIC (acpi_id[0x22] lapic_id[0x44] disabled)
[    0.000000] ACPI: LAPIC (acpi_id[0x23] lapic_id[0x46] disabled)
[    0.000000] ACPI: LAPIC (acpi_id[0x24] lapic_id[0x48] disabled)
[    0.000000] ACPI: LAPIC (acpi_id[0x25] lapic_id[0x4a] disabled)
[    0.000000] ACPI: LAPIC (acpi_id[0x26] lapic_id[0x4c] disabled)
[    0.000000] ACPI: LAPIC (acpi_id[0x27] lapic_id[0x4e] disabled)
[    0.000000] ACPI: LAPIC (acpi_id[0x28] lapic_id[0x50] disabled)
[    0.000000] ACPI: LAPIC (acpi_id[0x29] lapic_id[0x52] disabled)
[    0.000000] ACPI: LAPIC (acpi_id[0x2a] lapic_id[0x54] disabled)
[    0.000000] ACPI: LAPIC (acpi_id[0x2b] lapic_id[0x56] disabled)
[    0.000000] ACPI: LAPIC (acpi_id[0x2c] lapic_id[0x58] disabled)
[    0.000000] ACPI: LAPIC (acpi_id[0x2d] lapic_id[0x5a] disabled)
[    0.000000] ACPI: LAPIC (acpi_id[0x2e] lapic_id[0x5c] disabled)
[    0.000000] ACPI: LAPIC (acpi_id[0x2f] lapic_id[0x5e] disabled)
[    0.000000] ACPI: LAPIC (acpi_id[0x30] lapic_id[0x60] disabled)
[    0.000000] ACPI: LAPIC (acpi_id[0x31] lapic_id[0x62] disabled)
[    0.000000] ACPI: LAPIC (acpi_id[0x32] lapic_id[0x64] disabled)
[    0.000000] ACPI: LAPIC (acpi_id[0x33] lapic_id[0x66] disabled)
[    0.000000] ACPI: LAPIC (acpi_id[0x34] lapic_id[0x68] disabled)
[    0.000000] ACPI: LAPIC (acpi_id[0x35] lapic_id[0x6a] disabled)
[    0.000000] ACPI: LAPIC (acpi_id[0x36] lapic_id[0x6c] disabled)
[    0.000000] ACPI: LAPIC (acpi_id[0x37] lapic_id[0x6e] disabled)
[    0.000000] ACPI: LAPIC (acpi_id[0x38] lapic_id[0x70] disabled)
[    0.000000] ACPI: LAPIC (acpi_id[0x39] lapic_id[0x72] disabled)
[    0.000000] ACPI: LAPIC (acpi_id[0x3a] lapic_id[0x74] disabled)
[    0.000000] ACPI: LAPIC (acpi_id[0x3b] lapic_id[0x76] disabled)
[    0.000000] ACPI: LAPIC (acpi_id[0x3c] lapic_id[0x78] disabled)
[    0.000000] ACPI: LAPIC (acpi_id[0x3d] lapic_id[0x7a] disabled)
[    0.000000] ACPI: LAPIC (acpi_id[0x3e] lapic_id[0x7c] disabled)
[    0.000000] ACPI: LAPIC (acpi_id[0x3f] lapic_id[0x7e] disabled)
[    0.000000] ACPI: LAPIC_NMI (acpi_id[0x00] high edge lint[0x1])
[    0.000000] ACPI: LAPIC_NMI (acpi_id[0x01] high edge lint[0x1])
[    0.000000] ACPI: LAPIC_NMI (acpi_id[0x02] high edge lint[0x1])
[    0.000000] ACPI: LAPIC_NMI (acpi_id[0x03] high edge lint[0x1])
[    0.000000] ACPI: LAPIC_NMI (acpi_id[0x04] high edge lint[0x1])
[    0.000000] ACPI: LAPIC_NMI (acpi_id[0x05] high edge lint[0x1])
[    0.000000] ACPI: LAPIC_NMI (acpi_id[0x06] high edge lint[0x1])
[    0.000000] ACPI: LAPIC_NMI (acpi_id[0x07] high edge lint[0x1])
[    0.000000] ACPI: LAPIC_NMI (acpi_id[0x08] high edge lint[0x1])
[    0.000000] ACPI: LAPIC_NMI (acpi_id[0x09] high edge lint[0x1])
[    0.000000] ACPI: LAPIC_NMI (acpi_id[0x0a] high edge lint[0x1])
[    0.000000] ACPI: LAPIC_NMI (acpi_id[0x0b] high edge lint[0x1])
[    0.000000] ACPI: LAPIC_NMI (acpi_id[0x0c] high edge lint[0x1])
[    0.000000] ACPI: LAPIC_NMI (acpi_id[0x0d] high edge lint[0x1])
[    0.000000] ACPI: LAPIC_NMI (acpi_id[0x0e] high edge lint[0x1])
[    0.000000] ACPI: LAPIC_NMI (acpi_id[0x0f] high edge lint[0x1])
[    0.000000] ACPI: LAPIC_NMI (acpi_id[0x10] high edge lint[0x1])
[    0.000000] ACPI: LAPIC_NMI (acpi_id[0x11] high edge lint[0x1])
[    0.000000] ACPI: LAPIC_NMI (acpi_id[0x12] high edge lint[0x1])
[    0.000000] ACPI: LAPIC_NMI (acpi_id[0x13] high edge lint[0x1])
[    0.000000] ACPI: LAPIC_NMI (acpi_id[0x14] high edge lint[0x1])
[    0.000000] ACPI: LAPIC_NMI (acpi_id[0x15] high edge lint[0x1])
[    0.000000] ACPI: LAPIC_NMI (acpi_id[0x16] high edge lint[0x1])
[    0.000000] ACPI: LAPIC_NMI (acpi_id[0x17] high edge lint[0x1])
[    0.000000] ACPI: LAPIC_NMI (acpi_id[0x18] high edge lint[0x1])
[    0.000000] ACPI: LAPIC_NMI (acpi_id[0x19] high edge lint[0x1])
[    0.000000] ACPI: LAPIC_NMI (acpi_id[0x1a] high edge lint[0x1])
[    0.000000] ACPI: LAPIC_NMI (acpi_id[0x1b] high edge lint[0x1])
[    0.000000] ACPI: LAPIC_NMI (acpi_id[0x1c] high edge lint[0x1])
[    0.000000] ACPI: LAPIC_NMI (acpi_id[0x1d] high edge lint[0x1])
[    0.000000] ACPI: LAPIC_NMI (acpi_id[0x1e] high edge lint[0x1])
[    0.000000] ACPI: LAPIC_NMI (acpi_id[0x1f] high edge lint[0x1])
[    0.000000] ACPI: LAPIC_NMI (acpi_id[0x20] high edge lint[0x1])
[    0.000000] ACPI: LAPIC_NMI (acpi_id[0x21] high edge lint[0x1])
[    0.000000] ACPI: LAPIC_NMI (acpi_id[0x22] high edge lint[0x1])
[    0.000000] ACPI: LAPIC_NMI (acpi_id[0x23] high edge lint[0x1])
[    0.000000] ACPI: LAPIC_NMI (acpi_id[0x24] high edge lint[0x1])
[    0.000000] ACPI: LAPIC_NMI (acpi_id[0x25] high edge lint[0x1])
[    0.000000] ACPI: LAPIC_NMI (acpi_id[0x26] high edge lint[0x1])
[    0.000000] ACPI: LAPIC_NMI (acpi_id[0x27] high edge lint[0x1])
[    0.000000] ACPI: LAPIC_NMI (acpi_id[0x28] high edge lint[0x1])
[    0.000000] ACPI: LAPIC_NMI (acpi_id[0x29] high edge lint[0x1])
[    0.000000] ACPI: LAPIC_NMI (acpi_id[0x2a] high edge lint[0x1])
[    0.000000] ACPI: LAPIC_NMI (acpi_id[0x2b] high edge lint[0x1])
[    0.000000] ACPI: LAPIC_NMI (acpi_id[0x2c] high edge lint[0x1])
[    0.000000] ACPI: LAPIC_NMI (acpi_id[0x2d] high edge lint[0x1])
[    0.000000] ACPI: LAPIC_NMI (acpi_id[0x2e] high edge lint[0x1])
[    0.000000] ACPI: LAPIC_NMI (acpi_id[0x2f] high edge lint[0x1])
[    0.000000] ACPI: LAPIC_NMI (acpi_id[0x30] high edge lint[0x1])
[    0.000000] ACPI: LAPIC_NMI (acpi_id[0x31] high edge lint[0x1])
[    0.000000] ACPI: LAPIC_NMI (acpi_id[0x32] high edge lint[0x1])
[    0.000000] ACPI: LAPIC_NMI (acpi_id[0x33] high edge lint[0x1])
[    0.000000] ACPI: LAPIC_NMI (acpi_id[0x34] high edge lint[0x1])
[    0.000000] ACPI: LAPIC_NMI (acpi_id[0x35] high edge lint[0x1])
[    0.000000] ACPI: LAPIC_NMI (acpi_id[0x36] high edge lint[0x1])
[    0.000000] ACPI: LAPIC_NMI (acpi_id[0x37] high edge lint[0x1])
[    0.000000] ACPI: LAPIC_NMI (acpi_id[0x38] high edge lint[0x1])
[    0.000000] ACPI: LAPIC_NMI (acpi_id[0x39] high edge lint[0x1])
[    0.000000] ACPI: LAPIC_NMI (acpi_id[0x3a] high edge lint[0x1])
[    0.000000] ACPI: LAPIC_NMI (acpi_id[0x3b] high edge lint[0x1])
[    0.000000] ACPI: LAPIC_NMI (acpi_id[0x3c] high edge lint[0x1])
[    0.000000] ACPI: LAPIC_NMI (acpi_id[0x3d] high edge lint[0x1])
[    0.000000] ACPI: LAPIC_NMI (acpi_id[0x3e] high edge lint[0x1])
[    0.000000] ACPI: LAPIC_NMI (acpi_id[0x3f] high edge lint[0x1])
[    0.000000] ACPI: Skipping IOAPIC probe due to 'noapic' option.
[    0.000000] Using ACPI for processor (LAPIC) configuration information
[    0.000000] ACPI: HPET id: 0x8086af01 base: 0xfed00000
[    0.000000] Intel MultiProcessor Specification v1.4
[    0.000000]     Virtual Wire compatibility mode.
[    0.000000] MPTABLE: OEM ID: INTEL   
[    0.000000] MPTABLE: Product ID: 440BX       
[    0.000000] MPTABLE: APIC at: 0xFEE00000
[    0.000000] I/O APIC #1 Version 17 at 0xFEC00000.
[    0.000000] Processors: 1
[    0.000000] 64 Processors exceeds NR_CPUS limit of 8
[    0.000000] SMP: Allowing 8 CPUs, 7 hotplug CPUs
[    0.000000] nr_irqs_gsi: 24
[    0.000000] PM: Registered nosave memory: 000000000009f000 - 00000000000a0000
[    0.000000] PM: Registered nosave memory: 00000000000a0000 - 00000000000ca000
[    0.000000] PM: Registered nosave memory: 00000000000ca000 - 00000000000cc000
[    0.000000] PM: Registered nosave memory: 00000000000cc000 - 00000000000dc000
[    0.000000] PM: Registered nosave memory: 00000000000dc000 - 0000000000100000
[    0.000000] Allocating PCI resources starting at 40000000 (gap: 40000000:a0000000)
[    0.000000] Booting paravirtualized kernel on bare hardware
[    0.000000] NR_CPUS:8 nr_cpumask_bits:8 nr_cpu_ids:8 nr_node_ids:1
[    0.000000] PERCPU: Embedded 15 pages/cpu @c2400000 s39320 r0 d22120 u262144
[    0.000000] pcpu-alloc: s39320 r0 d22120 u262144 alloc=1*2097152
[    0.000000] pcpu-alloc: [0] 0 1 2 3 4 5 6 7 
[    0.000000] Built 1 zonelists in Zone order, mobility grouping on.  Total pages: 259950
[    0.000000] Kernel command line: BOOT_IMAGE=/boot/vmlinuz-2.6.32.57 root=UUID=007b598c-390d-4c65-84a1-4ff752d48633 ro quiet splash maxcpus=0
[    0.000000] PID hash table entries: 4096 (order: 2, 16384 bytes)
[    0.000000] Dentry cache hash table entries: 131072 (order: 7, 524288 bytes)
[    0.000000] Inode-cache hash table entries: 65536 (order: 6, 262144 bytes)
[    0.000000] Enabling fast FPU save and restore... done.
[    0.000000] Enabling unmasked SIMD FPU exception support... done.
[    0.000000] Initializing CPU#0
[    0.000000] xsave/xrstor: enabled xstate_bv 0x7, cntxt size 0x340
[    0.000000] allocated 5242560 bytes of page_cgroup
[    0.000000] please try 'cgroup_disable=memory' option if you don't want memory cgroups
[    0.000000] Initializing HighMem for node 0 (000379fe:00040000)
[    0.000000] Memory: 938260k/1048576k available (4839k kernel code, 108848k reserved, 2518k data, 652k init, 137096k highmem)
[    0.000000] virtual kernel memory layout:
[    0.000000]     fixmap  : 0xfff1e000 - 0xfffff000   ( 900 kB)
[    0.000000]     pkmap   : 0xffa00000 - 0xffc00000   (2048 kB)
[    0.000000]     vmalloc : 0xf81fe000 - 0xff9fe000   ( 120 MB)
[    0.000000]     lowmem  : 0xc0000000 - 0xf79fe000   ( 889 MB)
[    0.000000]       .init : 0xc1730000 - 0xc17d3000   ( 652 kB)
[    0.000000]       .data : 0xc14b9cce - 0xc172f764   (2518 kB)
[    0.000000]       .text : 0xc1000000 - 0xc14b9cce   (4839 kB)
[    0.000000] Checking if this processor honours the WP bit even in supervisor mode...Ok.
[    0.000000] SLUB: Genslabs=13, HWalign=64, Order=0-3, MinObjects=0, CPUs=8, Nodes=1
[    0.000000] Hierarchical RCU implementation.
[    0.000000] NR_IRQS:2304 nr_irqs:472
[    0.000000] Extended CMOS year: 2000
[    0.000000] Console: colour VGA+ 80x25
[    0.000000] console [tty0] enabled
[    0.000000] hpet clockevent registered
[    0.000000] TSC freq read from hypervisor : 2394.620 MHz
[    0.000000] Detected 2394.620 MHz processor.
[    0.000002] Calibrating delay loop (skipped) preset value.. 4789.24 BogoMIPS (lpj=9578480)
[    0.000011] Security Framework initialized
[    0.000014] SELinux:  Disabled at boot.
[    0.000018] Mount-cache hash table entries: 512
[    0.000115] Initializing cgroup subsys cpuacct
[    0.000118] Initializing cgroup subsys memory
[    0.000121] Initializing cgroup subsys devices
[    0.000123] Initializing cgroup subsys freezer
[    0.000149] CPU: Physical Processor ID: 0
[    0.000155] CPU: L1 I cache: 32K, L1 D cache: 32K
[    0.000157] CPU: L2 cache: 256K
[    0.000158] CPU: L3 cache: 4096K
[    0.000163] mce: CPU supports 0 MCE banks
[    0.000174] Performance Events: no PMU driver, software events only.
[    0.000184] Checking 'hlt' instruction... OK.
[    0.017750] SMP alternatives: switching to UP code
[    0.034145] ACPI: Core revision 20090903
[    0.040378] ACPI: setting ELCR to 0200 (from 0e20)
[    0.041481] ftrace: converting mcount calls to 0f 1f 44 00 00
[    0.041487] ftrace: allocating 22631 entries in 45 pages
[    0.058854] CANARY value: 2da3c3d3 for PID: 1
[    0.058895] Not enabling x2apic, Intr-remapping init failed.
[    0.058897] Enabling APIC mode:  Flat.  Using 1 I/O APICs
[    0.058905] SMP mode deactivated.
[    0.058929] SMP disabled
[    0.058986] Brought up 1 CPUs
[    0.058987] Total of 1 processors activated (4789.24 BogoMIPS).
[    0.058992] CPU0 attaching NULL sched-domain.
[    0.059061] devtmpfs: initialized
[    0.059167] sysctl table check failed: /kernel/random/now_input .1.40.7 Unknown sysctl binary path
[    0.059439] Pid: 1, comm: swapper Not tainted 2.6.32.57 #4
[    0.059440] Call Trace:
[    0.059445]  [<c14a8a0e>] ? printk+0x1d/0x1f
[    0.059448]  [<c107b56f>] set_fail+0x4f/0x60
[    0.059450]  [<c107b8b3>] sysctl_check_table+0x333/0x620
[    0.059452]  [<c107b8cc>] sysctl_check_table+0x34c/0x620
[    0.059453]  [<c107b8cc>] sysctl_check_table+0x34c/0x620
[    0.059457]  [<c1746d48>] sysctl_init+0x25/0x29
[    0.059459]  [<c1003042>] do_one_initcall+0x32/0x1a0
[    0.059461]  [<c1746d23>] ? sysctl_init+0x0/0x29
[    0.059464]  [<c17308e7>] kernel_init+0x12d/0x17a
[    0.059465]  [<c17307ba>] ? kernel_init+0x0/0x17a
[    0.059467]  [<c1009b07>] kernel_thread_helper+0x7/0x10
[    0.059469] sysctl table check failed: /kernel/random/now_blocking .1.40.8 Unknown sysctl binary path
[    0.059698] Pid: 1, comm: swapper Not tainted 2.6.32.57 #4
[    0.059699] Call Trace:
[    0.059700]  [<c14a8a0e>] ? printk+0x1d/0x1f
[    0.059702]  [<c107b56f>] set_fail+0x4f/0x60
[    0.059703]  [<c107b8b3>] sysctl_check_table+0x333/0x620
[    0.059705]  [<c107b8cc>] sysctl_check_table+0x34c/0x620
[    0.059706]  [<c107b8cc>] sysctl_check_table+0x34c/0x620
[    0.059709]  [<c1746d48>] sysctl_init+0x25/0x29
[    0.059710]  [<c1003042>] do_one_initcall+0x32/0x1a0
[    0.059712]  [<c1746d23>] ? sysctl_init+0x0/0x29
[    0.059714]  [<c17308e7>] kernel_init+0x12d/0x17a
[    0.059715]  [<c17307ba>] ? kernel_init+0x0/0x17a
[    0.059717]  [<c1009b07>] kernel_thread_helper+0x7/0x10
[    0.059718] sysctl table check failed: /kernel/random/now_nonblocking .1.40.9 Unknown sysctl binary path
[    0.059948] Pid: 1, comm: swapper Not tainted 2.6.32.57 #4
[    0.059949] Call Trace:
[    0.059951]  [<c14a8a0e>] ? printk+0x1d/0x1f
[    0.059952]  [<c107b56f>] set_fail+0x4f/0x60
[    0.059954]  [<c107b8b3>] sysctl_check_table+0x333/0x620
[    0.059955]  [<c107b8cc>] sysctl_check_table+0x34c/0x620
[    0.059957]  [<c107b8cc>] sysctl_check_table+0x34c/0x620
[    0.059959]  [<c1746d48>] sysctl_init+0x25/0x29
[    0.059960]  [<c1003042>] do_one_initcall+0x32/0x1a0
[    0.059963]  [<c1746d23>] ? sysctl_init+0x0/0x29
[    0.059964]  [<c17308e7>] kernel_init+0x12d/0x17a
[    0.059965]  [<c17307ba>] ? kernel_init+0x0/0x17a
[    0.059967]  [<c1009b07>] kernel_thread_helper+0x7/0x10
[    0.059968] sysctl table check failed: /kernel/random/nb_input_bytes .1.40.10 Unknown sysctl binary path
[    0.060198] Pid: 1, comm: swapper Not tainted 2.6.32.57 #4
[    0.060199] Call Trace:
[    0.060200]  [<c14a8a0e>] ? printk+0x1d/0x1f
[    0.060202]  [<c107b56f>] set_fail+0x4f/0x60
[    0.060203]  [<c107b8b3>] sysctl_check_table+0x333/0x620
[    0.060205]  [<c107b8cc>] sysctl_check_table+0x34c/0x620
[    0.060206]  [<c107b8cc>] sysctl_check_table+0x34c/0x620
[    0.060209]  [<c1746d48>] sysctl_init+0x25/0x29
[    0.060210]  [<c1003042>] do_one_initcall+0x32/0x1a0
[    0.060212]  [<c1746d23>] ? sysctl_init+0x0/0x29
[    0.060214]  [<c17308e7>] kernel_init+0x12d/0x17a
[    0.060215]  [<c17307ba>] ? kernel_init+0x0/0x17a
[    0.060217]  [<c1009b07>] kernel_thread_helper+0x7/0x10
[    0.060218] sysctl table check failed: /kernel/random/nb_stir_count .1.40.11 Unknown sysctl binary path
[    0.060489] Pid: 1, comm: swapper Not tainted 2.6.32.57 #4
[    0.060490] Call Trace:
[    0.060492]  [<c14a8a0e>] ? printk+0x1d/0x1f
[    0.060493]  [<c107b56f>] set_fail+0x4f/0x60
[    0.060495]  [<c107b8b3>] sysctl_check_table+0x333/0x620
[    0.060496]  [<c107b8cc>] sysctl_check_table+0x34c/0x620
[    0.060498]  [<c107b8cc>] sysctl_check_table+0x34c/0x620
[    0.060500]  [<c1746d48>] sysctl_init+0x25/0x29
[    0.060502]  [<c1003042>] do_one_initcall+0x32/0x1a0
[    0.060504]  [<c1746d23>] ? sysctl_init+0x0/0x29
[    0.060505]  [<c17308e7>] kernel_init+0x12d/0x17a
[    0.060506]  [<c17307ba>] ? kernel_init+0x0/0x17a
[    0.060508]  [<c1009b07>] kernel_thread_helper+0x7/0x10
[    0.060509] sysctl table check failed: /kernel/random/nb_reentry_count .1.40.12 Unknown sysctl binary path
[    0.060741] Pid: 1, comm: swapper Not tainted 2.6.32.57 #4
[    0.060741] Call Trace:
[    0.060743]  [<c14a8a0e>] ? printk+0x1d/0x1f
[    0.060744]  [<c107b56f>] set_fail+0x4f/0x60
[    0.060746]  [<c107b8b3>] sysctl_check_table+0x333/0x620
[    0.060747]  [<c107b8cc>] sysctl_check_table+0x34c/0x620
[    0.060749]  [<c107b8cc>] sysctl_check_table+0x34c/0x620
[    0.060751]  [<c1746d48>] sysctl_init+0x25/0x29
[    0.060752]  [<c1003042>] do_one_initcall+0x32/0x1a0
[    0.060754]  [<c1746d23>] ? sysctl_init+0x0/0x29
[    0.060756]  [<c17308e7>] kernel_init+0x12d/0x17a
[    0.060757]  [<c17307ba>] ? kernel_init+0x0/0x17a
[    0.060759]  [<c1009b07>] kernel_thread_helper+0x7/0x10
[    0.060870] RANDOM - __seed init called.
[    0.060871] RANDOM - __seed init called.
[    0.060872] RANDOM - __seed init called.
[    0.060873] RANDOM - __random32 called. Change num 1.  Value: 97305ca5	7ac4e314	874f43ab
[    0.060874] RANDOM - __random32 called. Change num 2.  Value: 5ca5394	ac4e3148	8757a6ab
[    0.060875] RANDOM - __random32 called. Change num 3.  Value: a53949f7	c4e3148e	4d57bd52
[    0.060877] RANDOM - __random32 called. Change num 4.  Value: 949f7180	4e3148eb	7aa4fd4a
[    0.060878] RANDOM - __random32 called. Change num 5.  Value: f7180f55	e3148ebb	fa95f062
[    0.060879] RANDOM - __random32 called. Change num 6.  Value: 80f55ede	3148ebb7	e0c5c74e
[    0.060880] RANDOM - random32 init called.  Value: 80f55ede	3148ebb7	e0c5c74e
[    0.060886] regulator: core version 0.5
[    0.060951] Time: 21:42:48  Date: 05/24/13
[    0.060985] NET: Registered protocol family 16
[    0.061046] EISA bus registered
[    0.061809] ACPI: bus type pci registered
[    0.061904] PCI: MCFG configuration 0: base e0000000 segment 0 buses 0 - 255
[    0.061906] PCI: MCFG area at e0000000 reserved in E820
[    0.061907] PCI: Using MMCONFIG for extended config space
[    0.061907] PCI: Using configuration type 1 for base access
[    0.062388] bio: create slab <bio-0> at 0
[    0.063576] ACPI: EC: Look up EC in DSDT
[    0.100814] ACPI: BIOS _OSI(Linux) query ignored
[    0.107138] ACPI: Interpreter enabled
[    0.107142] ACPI: (supports S0 S1 S4 S5)
[    0.107153] ACPI: Using PIC for interrupt routing
[    0.189185] ACPI: No dock devices found.
[    0.189986] ACPI: PCI Root Bridge [PCI0] (0000:00)
[    0.191642] pci 0000:00:07.1: reg 20 io port: [0x10c0-0x10cf]
[    0.192211] pci 0000:00:07.3: quirk: region 1000-103f claimed by PIIX4 ACPI
[    0.192223] pci 0000:00:07.3: quirk: region 1040-104f claimed by PIIX4 SMB
[    0.192791] pci 0000:00:07.7: reg 10 io port: [0x1080-0x10bf]
[    0.193191] pci 0000:00:07.7: reg 14 64bit mmio: [0xc8000000-0xc8001fff]
[    0.194375] pci 0000:00:0f.0: reg 10 io port: [0x10d0-0x10df]
[    0.194415] pci 0000:00:0f.0: reg 14 32bit mmio pref: [0xd0000000-0xd7ffffff]
[    0.194455] pci 0000:00:0f.0: reg 18 32bit mmio: [0xc8800000-0xc8ffffff]
[    0.194607] pci 0000:00:0f.0: reg 30 32bit mmio pref: [0x000000-0x007fff]
[    0.195164] pci 0000:00:10.0: reg 10 io port: [0x1400-0x14ff]
[    0.195525] pci 0000:00:10.0: reg 14 64bit mmio: [0xc8040000-0xc805ffff]
[    0.195895] pci 0000:00:10.0: reg 1c 64bit mmio: [0xc8020000-0xc803ffff]
[    0.195974] pci 0000:00:10.0: reg 30 32bit mmio pref: [0x000000-0x003fff]
[    0.197452] pci 0000:00:15.0: PME# supported from D0 D3hot D3cold
[    0.197474] pci 0000:00:15.0: PME# disabled
[    0.198399] pci 0000:00:15.1: PME# supported from D0 D3hot D3cold
[    0.198420] pci 0000:00:15.1: PME# disabled
[    0.199339] pci 0000:00:15.2: PME# supported from D0 D3hot D3cold
[    0.199360] pci 0000:00:15.2: PME# disabled
[    0.200304] pci 0000:00:15.3: PME# supported from D0 D3hot D3cold
[    0.200325] pci 0000:00:15.3: PME# disabled
[    0.201245] pci 0000:00:15.4: PME# supported from D0 D3hot D3cold
[    0.201266] pci 0000:00:15.4: PME# disabled
[    0.202185] pci 0000:00:15.5: PME# supported from D0 D3hot D3cold
[    0.202206] pci 0000:00:15.5: PME# disabled
[    0.203130] pci 0000:00:15.6: PME# supported from D0 D3hot D3cold
[    0.203151] pci 0000:00:15.6: PME# disabled
[    0.204075] pci 0000:00:15.7: PME# supported from D0 D3hot D3cold
[    0.204106] pci 0000:00:15.7: PME# disabled
[    0.205008] pci 0000:00:16.0: PME# supported from D0 D3hot D3cold
[    0.205029] pci 0000:00:16.0: PME# disabled
[    0.205974] pci 0000:00:16.1: PME# supported from D0 D3hot D3cold
[    0.205995] pci 0000:00:16.1: PME# disabled
[    0.206960] pci 0000:00:16.2: PME# supported from D0 D3hot D3cold
[    0.206981] pci 0000:00:16.2: PME# disabled
[    0.207921] pci 0000:00:16.3: PME# supported from D0 D3hot D3cold
[    0.207942] pci 0000:00:16.3: PME# disabled
[    0.208842] pci 0000:00:16.4: PME# supported from D0 D3hot D3cold
[    0.208864] pci 0000:00:16.4: PME# disabled
[    0.209796] pci 0000:00:16.5: PME# supported from D0 D3hot D3cold
[    0.209817] pci 0000:00:16.5: PME# disabled
[    0.210681] pci 0000:00:16.6: PME# supported from D0 D3hot D3cold
[    0.210701] pci 0000:00:16.6: PME# disabled
[    0.211589] pci 0000:00:16.7: PME# supported from D0 D3hot D3cold
[    0.211609] pci 0000:00:16.7: PME# disabled
[    0.212484] pci 0000:00:17.0: PME# supported from D0 D3hot D3cold
[    0.212504] pci 0000:00:17.0: PME# disabled
[    0.213364] pci 0000:00:17.1: PME# supported from D0 D3hot D3cold
[    0.213384] pci 0000:00:17.1: PME# disabled
[    0.214313] pci 0000:00:17.2: PME# supported from D0 D3hot D3cold
[    0.214333] pci 0000:00:17.2: PME# disabled
[    0.215207] pci 0000:00:17.3: PME# supported from D0 D3hot D3cold
[    0.215228] pci 0000:00:17.3: PME# disabled
[    0.216126] pci 0000:00:17.4: PME# supported from D0 D3hot D3cold
[    0.216148] pci 0000:00:17.4: PME# disabled
[    0.217066] pci 0000:00:17.5: PME# supported from D0 D3hot D3cold
[    0.217096] pci 0000:00:17.5: PME# disabled
[    0.217993] pci 0000:00:17.6: PME# supported from D0 D3hot D3cold
[    0.218014] pci 0000:00:17.6: PME# disabled
[    0.218938] pci 0000:00:17.7: PME# supported from D0 D3hot D3cold
[    0.218959] pci 0000:00:17.7: PME# disabled
[    0.219897] pci 0000:00:18.0: PME# supported from D0 D3hot D3cold
[    0.219918] pci 0000:00:18.0: PME# disabled
[    0.220842] pci 0000:00:18.1: PME# supported from D0 D3hot D3cold
[    0.220863] pci 0000:00:18.1: PME# disabled
[    0.221789] pci 0000:00:18.2: PME# supported from D0 D3hot D3cold
[    0.221810] pci 0000:00:18.2: PME# disabled
[    0.222758] pci 0000:00:18.3: PME# supported from D0 D3hot D3cold
[    0.222779] pci 0000:00:18.3: PME# disabled
[    0.223717] pci 0000:00:18.4: PME# supported from D0 D3hot D3cold
[    0.223739] pci 0000:00:18.4: PME# disabled
[    0.224656] pci 0000:00:18.5: PME# supported from D0 D3hot D3cold
[    0.224677] pci 0000:00:18.5: PME# disabled
[    0.225603] pci 0000:00:18.6: PME# supported from D0 D3hot D3cold
[    0.225624] pci 0000:00:18.6: PME# disabled
[    0.226545] pci 0000:00:18.7: PME# supported from D0 D3hot D3cold
[    0.226566] pci 0000:00:18.7: PME# disabled
[    0.227712] pci 0000:02:00.0: reg 20 io port: [0x20c0-0x20df]
[    0.228226] pci 0000:02:01.0: reg 10 io port: [0x2000-0x207f]
[    0.228453] pci 0000:02:01.0: reg 30 32bit mmio pref: [0x000000-0x00ffff]
[    0.228991] pci 0000:02:02.0: reg 10 io port: [0x2080-0x20bf]
[    0.229612] pci 0000:02:03.0: reg 10 32bit mmio: [0xc9000000-0xc9000fff]
[    0.230220] pci 0000:00:11.0: transparent bridge
[    0.230241] pci 0000:00:11.0: bridge io port: [0x2000-0x3fff]
[    0.230262] pci 0000:00:11.0: bridge 32bit mmio: [0xc9000000-0xca3fffff]
[    0.230302] pci 0000:00:11.0: bridge 64bit mmio pref: [0xd8400000-0xd89fffff]
[    0.230680] pci 0000:00:15.0: bridge io port: [0x4000-0x4fff]
[    0.230701] pci 0000:00:15.0: bridge 32bit mmio: [0xca400000-0xca4fffff]
[    0.230741] pci 0000:00:15.0: bridge 64bit mmio pref: [0xd8a00000-0xd8afffff]
[    0.231140] pci 0000:00:15.1: bridge io port: [0x8000-0x8fff]
[    0.231161] pci 0000:00:15.1: bridge 32bit mmio: [0xca800000-0xca8fffff]
[    0.231201] pci 0000:00:15.1: bridge 64bit mmio pref: [0xd8e00000-0xd8efffff]
[    0.231575] pci 0000:00:15.2: bridge io port: [0xc000-0xcfff]
[    0.231596] pci 0000:00:15.2: bridge 32bit mmio: [0xcac00000-0xcacfffff]
[    0.231635] pci 0000:00:15.2: bridge 64bit mmio pref: [0xd9200000-0xd92fffff]
[    0.232086] pci 0000:00:15.3: bridge 32bit mmio: [0xcb000000-0xcb0fffff]
[    0.232127] pci 0000:00:15.3: bridge 64bit mmio pref: [0xd9600000-0xd96fffff]
[    0.232511] pci 0000:00:15.4: bridge 32bit mmio: [0xcb400000-0xcb4fffff]
[    0.232549] pci 0000:00:15.4: bridge 64bit mmio pref: [0xd9a00000-0xd9afffff]
[    0.232926] pci 0000:00:15.5: bridge 32bit mmio: [0xcb800000-0xcb8fffff]
[    0.232965] pci 0000:00:15.5: bridge 64bit mmio pref: [0xd9e00000-0xd9efffff]
[    0.233347] pci 0000:00:15.6: bridge 32bit mmio: [0xcbc00000-0xcbcfffff]
[    0.233385] pci 0000:00:15.6: bridge 64bit mmio pref: [0xda200000-0xda2fffff]
[    0.233761] pci 0000:00:15.7: bridge 32bit mmio: [0xcc000000-0xcc0fffff]
[    0.233799] pci 0000:00:15.7: bridge 64bit mmio pref: [0xda600000-0xda6fffff]
[    0.234169] pci 0000:00:16.0: bridge io port: [0x5000-0x5fff]
[    0.234189] pci 0000:00:16.0: bridge 32bit mmio: [0xca500000-0xca5fffff]
[    0.234227] pci 0000:00:16.0: bridge 64bit mmio pref: [0xd8b00000-0xd8bfffff]
[    0.234584] pci 0000:00:16.1: bridge io port: [0x9000-0x9fff]
[    0.234604] pci 0000:00:16.1: bridge 32bit mmio: [0xca900000-0xca9fffff]
[    0.234642] pci 0000:00:16.1: bridge 64bit mmio pref: [0xd8f00000-0xd8ffffff]
[    0.235003] pci 0000:00:16.2: bridge io port: [0xd000-0xdfff]
[    0.235023] pci 0000:00:16.2: bridge 32bit mmio: [0xcad00000-0xcadfffff]
[    0.235061] pci 0000:00:16.2: bridge 64bit mmio pref: [0xd9300000-0xd93fffff]
[    0.235436] pci 0000:00:16.3: bridge 32bit mmio: [0xcb100000-0xcb1fffff]
[    0.235474] pci 0000:00:16.3: bridge 64bit mmio pref: [0xd9700000-0xd97fffff]
[    0.235863] pci 0000:00:16.4: bridge 32bit mmio: [0xcb500000-0xcb5fffff]
[    0.235901] pci 0000:00:16.4: bridge 64bit mmio pref: [0xd9b00000-0xd9bfffff]
[    0.236325] pci 0000:00:16.5: bridge 32bit mmio: [0xcb900000-0xcb9fffff]
[    0.236365] pci 0000:00:16.5: bridge 64bit mmio pref: [0xd9f00000-0xd9ffffff]
[    0.236765] pci 0000:00:16.6: bridge 32bit mmio: [0xcbd00000-0xcbdfffff]
[    0.236804] pci 0000:00:16.6: bridge 64bit mmio pref: [0xda300000-0xda3fffff]
[    0.237226] pci 0000:00:16.7: bridge 32bit mmio: [0xcc100000-0xcc1fffff]
[    0.237266] pci 0000:00:16.7: bridge 64bit mmio pref: [0xda700000-0xda7fffff]
[    0.237640] pci 0000:00:17.0: bridge io port: [0x6000-0x6fff]
[    0.237661] pci 0000:00:17.0: bridge 32bit mmio: [0xca600000-0xca6fffff]
[    0.237701] pci 0000:00:17.0: bridge 64bit mmio pref: [0xd8c00000-0xd8cfffff]
[    0.238095] pci 0000:00:17.1: bridge io port: [0xa000-0xafff]
[    0.238116] pci 0000:00:17.1: bridge 32bit mmio: [0xcaa00000-0xcaafffff]
[    0.238156] pci 0000:00:17.1: bridge 64bit mmio pref: [0xd9000000-0xd90fffff]
[    0.238530] pci 0000:00:17.2: bridge io port: [0xe000-0xefff]
[    0.238551] pci 0000:00:17.2: bridge 32bit mmio: [0xcae00000-0xcaefffff]
[    0.238591] pci 0000:00:17.2: bridge 64bit mmio pref: [0xd9400000-0xd94fffff]
[    0.239021] pci 0000:00:17.3: bridge 32bit mmio: [0xcb200000-0xcb2fffff]
[    0.239070] pci 0000:00:17.3: bridge 64bit mmio pref: [0xd9800000-0xd98fffff]
[    0.239465] pci 0000:00:17.4: bridge 32bit mmio: [0xcb600000-0xcb6fffff]
[    0.239505] pci 0000:00:17.4: bridge 64bit mmio pref: [0xd9c00000-0xd9cfffff]
[    0.239909] pci 0000:00:17.5: bridge 32bit mmio: [0xcba00000-0xcbafffff]
[    0.239949] pci 0000:00:17.5: bridge 64bit mmio pref: [0xda000000-0xda0fffff]
[    0.240372] pci 0000:00:17.6: bridge 32bit mmio: [0xcbe00000-0xcbefffff]
[    0.240412] pci 0000:00:17.6: bridge 64bit mmio pref: [0xda400000-0xda4fffff]
[    0.240807] pci 0000:00:17.7: bridge 32bit mmio: [0xcc200000-0xcc2fffff]
[    0.240847] pci 0000:00:17.7: bridge 64bit mmio pref: [0xda800000-0xda8fffff]
[    0.241252] pci 0000:00:18.0: bridge io port: [0x7000-0x7fff]
[    0.241273] pci 0000:00:18.0: bridge 32bit mmio: [0xca700000-0xca7fffff]
[    0.241313] pci 0000:00:18.0: bridge 64bit mmio pref: [0xd8d00000-0xd8dfffff]
[    0.241688] pci 0000:00:18.1: bridge io port: [0xb000-0xbfff]
[    0.241709] pci 0000:00:18.1: bridge 32bit mmio: [0xcab00000-0xcabfffff]
[    0.241749] pci 0000:00:18.1: bridge 64bit mmio pref: [0xd9100000-0xd91fffff]
[    0.242132] pci 0000:00:18.2: bridge io port: [0xf000-0xffff]
[    0.242153] pci 0000:00:18.2: bridge 32bit mmio: [0xcaf00000-0xcaffffff]
[    0.242193] pci 0000:00:18.2: bridge 64bit mmio pref: [0xd9500000-0xd95fffff]
[    0.242588] pci 0000:00:18.3: bridge 32bit mmio: [0xcb300000-0xcb3fffff]
[    0.242627] pci 0000:00:18.3: bridge 64bit mmio pref: [0xd9900000-0xd99fffff]
[    0.243049] pci 0000:00:18.4: bridge 32bit mmio: [0xcb700000-0xcb7fffff]
[    0.243089] pci 0000:00:18.4: bridge 64bit mmio pref: [0xd9d00000-0xd9dfffff]
[    0.243483] pci 0000:00:18.5: bridge 32bit mmio: [0xcbb00000-0xcbbfffff]
[    0.243523] pci 0000:00:18.5: bridge 64bit mmio pref: [0xda100000-0xda1fffff]
[    0.243927] pci 0000:00:18.6: bridge 32bit mmio: [0xcbf00000-0xcbffffff]
[    0.243968] pci 0000:00:18.6: bridge 64bit mmio pref: [0xda500000-0xda5fffff]
[    0.244390] pci 0000:00:18.7: bridge 32bit mmio: [0xcc300000-0xcc3fffff]
[    0.244431] pci 0000:00:18.7: bridge 64bit mmio pref: [0xda900000-0xda9fffff]
[    0.246034] pci_bus 0000:00: on NUMA node 0
[    0.246042] ACPI: PCI Interrupt Routing Table [\_SB_.PCI0._PRT]
[    0.465725] ACPI: PCI Interrupt Link [LNKA] (IRQs 3 4 5 6 7 *9 10 11 14 15)
[    0.465887] ACPI: PCI Interrupt Link [LNKB] (IRQs 3 4 5 6 7 9 10 *11 14 15)
[    0.466044] ACPI: PCI Interrupt Link [LNKC] (IRQs 3 4 5 6 7 9 *10 11 14 15)
[    0.466188] ACPI: PCI Interrupt Link [LNKD] (IRQs 3 4 *5 6 7 9 10 11 14 15)
[    0.466319] vgaarb: device added: PCI:0000:00:0f.0,decodes=io+mem,owns=io+mem,locks=none
[    0.466328] vgaarb: loaded
[    0.466414] SCSI subsystem initialized
[    0.466457] libata version 3.00 loaded.
[    0.466495] usbcore: registered new interface driver usbfs
[    0.466506] usbcore: registered new interface driver hub
[    0.466522] usbcore: registered new device driver usb
[    0.466587] PCI: Using ACPI for IRQ routing
[    0.467646] NetLabel: Initializing
[    0.467648] NetLabel:  domain hash size = 128
[    0.467649] NetLabel:  protocols = UNLABELED CIPSOv4
[    0.467657] NetLabel:  unlabeled traffic allowed by default
[    0.467711] hpet0: at MMIO 0xfed00000, IRQs 2, 8, 0, 0, 0, 0, 0, 0, 0, 0, 0, 0, 0, 0, 0, 0
[    0.467726] hpet0: 16 comparators, 64-bit 14.318180 MHz counter
[    0.469742] Switching to clocksource tsc
[    0.476814] pnp: PnP ACPI init
[    0.476823] ACPI: bus type pnp registered
[    0.519718] pnp: PnP ACPI: found 14 devices
[    0.519720] ACPI: ACPI bus type pnp unregistered
[    0.519723] PnPBIOS: Disabled by ACPI PNP
[    0.519733] system 00:01: ioport range 0x1000-0x103f has been reserved
[    0.519735] system 00:01: ioport range 0x1040-0x104f has been reserved
[    0.519736] system 00:01: ioport range 0xcf0-0xcf1 has been reserved
[    0.519742] system 00:08: iomem range 0xfed00000-0xfed003ff has been reserved
[    0.519745] system 00:0d: ioport range 0x1060-0x107f has been reserved
[    0.519747] system 00:0d: iomem range 0xe0000000-0xefffffff has been reserved
[    0.519749] system 00:0d: iomem range 0xc8200000-0xc83fffff has been reserved
[    0.554482] pci 0000:00:15.3: BAR 13: can't allocate I/O resource [0x10000-0xffff]
[    0.554486] pci 0000:00:15.4: BAR 13: can't allocate I/O resource [0x10000-0xffff]
[    0.554489] pci 0000:00:15.5: BAR 13: can't allocate I/O resource [0x10000-0xffff]
[    0.554491] pci 0000:00:15.6: BAR 13: can't allocate I/O resource [0x10000-0xffff]
[    0.554494] pci 0000:00:15.7: BAR 13: can't allocate I/O resource [0x10000-0xffff]
[    0.554496] pci 0000:00:16.3: BAR 13: can't allocate I/O resource [0x10000-0xffff]
[    0.554499] pci 0000:00:16.4: BAR 13: can't allocate I/O resource [0x10000-0xffff]
[    0.554502] pci 0000:00:16.5: BAR 13: can't allocate I/O resource [0x10000-0xffff]
[    0.554504] pci 0000:00:16.6: BAR 13: can't allocate I/O resource [0x10000-0xffff]
[    0.554507] pci 0000:00:16.7: BAR 13: can't allocate I/O resource [0x10000-0xffff]
[    0.554510] pci 0000:00:17.3: BAR 13: can't allocate I/O resource [0x10000-0xffff]
[    0.554512] pci 0000:00:17.4: BAR 13: can't allocate I/O resource [0x10000-0xffff]
[    0.554515] pci 0000:00:17.5: BAR 13: can't allocate I/O resource [0x10000-0xffff]
[    0.554518] pci 0000:00:17.6: BAR 13: can't allocate I/O resource [0x10000-0xffff]
[    0.554520] pci 0000:00:17.7: BAR 13: can't allocate I/O resource [0x10000-0xffff]
[    0.554523] pci 0000:00:18.3: BAR 13: can't allocate I/O resource [0x10000-0xffff]
[    0.554526] pci 0000:00:18.4: BAR 13: can't allocate I/O resource [0x10000-0xffff]
[    0.554528] pci 0000:00:18.5: BAR 13: can't allocate I/O resource [0x10000-0xffff]
[    0.554531] pci 0000:00:18.6: BAR 13: can't allocate I/O resource [0x10000-0xffff]
[    0.554533] pci 0000:00:18.7: BAR 13: can't allocate I/O resource [0x10000-0xffff]
[    0.554536] pci 0000:00:01.0: PCI bridge, secondary bus 0000:01
[    0.554537] pci 0000:00:01.0:   IO window: disabled
[    0.554569] pci 0000:00:01.0:   MEM window: disabled
[    0.554590] pci 0000:00:01.0:   PREFETCH window: disabled
[    0.554632] pci 0000:00:11.0: PCI bridge, secondary bus 0000:02
[    0.554644] pci 0000:00:11.0:   IO window: 0x2000-0x3fff
[    0.554675] pci 0000:00:11.0:   MEM window: 0xc9000000-0xca3fffff
[    0.554697] pci 0000:00:11.0:   PREFETCH window: 0x000000d8400000-0x000000d89fffff
[    0.554738] pci 0000:00:15.0: PCI bridge, secondary bus 0000:03
[    0.554750] pci 0000:00:15.0:   IO window: 0x4000-0x4fff
[    0.554781] pci 0000:00:15.0:   MEM window: 0xca400000-0xca4fffff
[    0.554802] pci 0000:00:15.0:   PREFETCH window: 0x000000d8a00000-0x000000d8afffff
[    0.554866] pci 0000:00:15.1: PCI bridge, secondary bus 0000:04
[    0.554888] pci 0000:00:15.1:   IO window: 0x8000-0x8fff
[    0.554919] pci 0000:00:15.1:   MEM window: 0xca800000-0xca8fffff
[    0.554940] pci 0000:00:15.1:   PREFETCH window: 0x000000d8e00000-0x000000d8efffff
[    0.554985] pci 0000:00:15.2: PCI bridge, secondary bus 0000:05
[    0.554997] pci 0000:00:15.2:   IO window: 0xc000-0xcfff
[    0.555028] pci 0000:00:15.2:   MEM window: 0xcac00000-0xcacfffff
[    0.555050] pci 0000:00:15.2:   PREFETCH window: 0x000000d9200000-0x000000d92fffff
[    0.555094] pci 0000:00:15.3: PCI bridge, secondary bus 0000:06
[    0.555096] pci 0000:00:15.3:   IO window: disabled
[    0.555127] pci 0000:00:15.3:   MEM window: 0xcb000000-0xcb0fffff
[    0.555148] pci 0000:00:15.3:   PREFETCH window: 0x000000d9600000-0x000000d96fffff
[    0.555193] pci 0000:00:15.4: PCI bridge, secondary bus 0000:07
[    0.555195] pci 0000:00:15.4:   IO window: disabled
[    0.555226] pci 0000:00:15.4:   MEM window: 0xcb400000-0xcb4fffff
[    0.555247] pci 0000:00:15.4:   PREFETCH window: 0x000000d9a00000-0x000000d9afffff
[    0.555292] pci 0000:00:15.5: PCI bridge, secondary bus 0000:08
[    0.555294] pci 0000:00:15.5:   IO window: disabled
[    0.555325] pci 0000:00:15.5:   MEM window: 0xcb800000-0xcb8fffff
[    0.555346] pci 0000:00:15.5:   PREFETCH window: 0x000000d9e00000-0x000000d9efffff
[    0.555391] pci 0000:00:15.6: PCI bridge, secondary bus 0000:09
[    0.555392] pci 0000:00:15.6:   IO window: disabled
[    0.555423] pci 0000:00:15.6:   MEM window: 0xcbc00000-0xcbcfffff
[    0.555445] pci 0000:00:15.6:   PREFETCH window: 0x000000da200000-0x000000da2fffff
[    0.555489] pci 0000:00:15.7: PCI bridge, secondary bus 0000:0a
[    0.555491] pci 0000:00:15.7:   IO window: disabled
[    0.555522] pci 0000:00:15.7:   MEM window: 0xcc000000-0xcc0fffff
[    0.555543] pci 0000:00:15.7:   PREFETCH window: 0x000000da600000-0x000000da6fffff
[    0.555588] pci 0000:00:16.0: PCI bridge, secondary bus 0000:0b
[    0.555600] pci 0000:00:16.0:   IO window: 0x5000-0x5fff
[    0.555631] pci 0000:00:16.0:   MEM window: 0xca500000-0xca5fffff
[    0.555652] pci 0000:00:16.0:   PREFETCH window: 0x000000d8b00000-0x000000d8bfffff
[    0.555696] pci 0000:00:16.1: PCI bridge, secondary bus 0000:0c
[    0.555708] pci 0000:00:16.1:   IO window: 0x9000-0x9fff
[    0.555740] pci 0000:00:16.1:   MEM window: 0xca900000-0xca9fffff
[    0.555761] pci 0000:00:16.1:   PREFETCH window: 0x000000d8f00000-0x000000d8ffffff
[    0.555805] pci 0000:00:16.2: PCI bridge, secondary bus 0000:0d
[    0.555844] pci 0000:00:16.2:   IO window: 0xd000-0xdfff
[    0.555939] pci 0000:00:16.2:   MEM window: 0xcad00000-0xcadfffff
[    0.555961] pci 0000:00:16.2:   PREFETCH window: 0x000000d9300000-0x000000d93fffff
[    0.556007] pci 0000:00:16.3: PCI bridge, secondary bus 0000:0e
[    0.556008] pci 0000:00:16.3:   IO window: disabled
[    0.556039] pci 0000:00:16.3:   MEM window: 0xcb100000-0xcb1fffff
[    0.556061] pci 0000:00:16.3:   PREFETCH window: 0x000000d9700000-0x000000d97fffff
[    0.556105] pci 0000:00:16.4: PCI bridge, secondary bus 0000:0f
[    0.556107] pci 0000:00:16.4:   IO window: disabled
[    0.556138] pci 0000:00:16.4:   MEM window: 0xcb500000-0xcb5fffff
[    0.556159] pci 0000:00:16.4:   PREFETCH window: 0x000000d9b00000-0x000000d9bfffff
[    0.556204] pci 0000:00:16.5: PCI bridge, secondary bus 0000:10
[    0.556205] pci 0000:00:16.5:   IO window: disabled
[    0.556236] pci 0000:00:16.5:   MEM window: 0xcb900000-0xcb9fffff
[    0.556258] pci 0000:00:16.5:   PREFETCH window: 0x000000d9f00000-0x000000d9ffffff
[    0.556302] pci 0000:00:16.6: PCI bridge, secondary bus 0000:11
[    0.556304] pci 0000:00:16.6:   IO window: disabled
[    0.556335] pci 0000:00:16.6:   MEM window: 0xcbd00000-0xcbdfffff
[    0.556356] pci 0000:00:16.6:   PREFETCH window: 0x000000da300000-0x000000da3fffff
[    0.556401] pci 0000:00:16.7: PCI bridge, secondary bus 0000:12
[    0.556402] pci 0000:00:16.7:   IO window: disabled
[    0.556433] pci 0000:00:16.7:   MEM window: 0xcc100000-0xcc1fffff
[    0.556455] pci 0000:00:16.7:   PREFETCH window: 0x000000da700000-0x000000da7fffff
[    0.556499] pci 0000:00:17.0: PCI bridge, secondary bus 0000:13
[    0.556511] pci 0000:00:17.0:   IO window: 0x6000-0x6fff
[    0.556542] pci 0000:00:17.0:   MEM window: 0xca600000-0xca6fffff
[    0.556564] pci 0000:00:17.0:   PREFETCH window: 0x000000d8c00000-0x000000d8cfffff
[    0.556608] pci 0000:00:17.1: PCI bridge, secondary bus 0000:14
[    0.556620] pci 0000:00:17.1:   IO window: 0xa000-0xafff
[    0.556651] pci 0000:00:17.1:   MEM window: 0xcaa00000-0xcaafffff
[    0.556672] pci 0000:00:17.1:   PREFETCH window: 0x000000d9000000-0x000000d90fffff
[    0.556716] pci 0000:00:17.2: PCI bridge, secondary bus 0000:15
[    0.556728] pci 0000:00:17.2:   IO window: 0xe000-0xefff
[    0.556759] pci 0000:00:17.2:   MEM window: 0xcae00000-0xcaefffff
[    0.556781] pci 0000:00:17.2:   PREFETCH window: 0x000000d9400000-0x000000d94fffff
[    0.556843] pci 0000:00:17.3: PCI bridge, secondary bus 0000:16
[    0.556844] pci 0000:00:17.3:   IO window: disabled
[    0.556943] pci 0000:00:17.3:   MEM window: 0xcb200000-0xcb2fffff
[    0.556967] pci 0000:00:17.3:   PREFETCH window: 0x000000d9800000-0x000000d98fffff
[    0.557021] pci 0000:00:17.4: PCI bridge, secondary bus 0000:17
[    0.557023] pci 0000:00:17.4:   IO window: disabled
[    0.557054] pci 0000:00:17.4:   MEM window: 0xcb600000-0xcb6fffff
[    0.557075] pci 0000:00:17.4:   PREFETCH window: 0x000000d9c00000-0x000000d9cfffff
[    0.557119] pci 0000:00:17.5: PCI bridge, secondary bus 0000:18
[    0.557121] pci 0000:00:17.5:   IO window: disabled
[    0.557152] pci 0000:00:17.5:   MEM window: 0xcba00000-0xcbafffff
[    0.557173] pci 0000:00:17.5:   PREFETCH window: 0x000000da000000-0x000000da0fffff
[    0.557218] pci 0000:00:17.6: PCI bridge, secondary bus 0000:19
[    0.557219] pci 0000:00:17.6:   IO window: disabled
[    0.557250] pci 0000:00:17.6:   MEM window: 0xcbe00000-0xcbefffff
[    0.557272] pci 0000:00:17.6:   PREFETCH window: 0x000000da400000-0x000000da4fffff
[    0.557316] pci 0000:00:17.7: PCI bridge, secondary bus 0000:1a
[    0.557318] pci 0000:00:17.7:   IO window: disabled
[    0.557349] pci 0000:00:17.7:   MEM window: 0xcc200000-0xcc2fffff
[    0.557370] pci 0000:00:17.7:   PREFETCH window: 0x000000da800000-0x000000da8fffff
[    0.557415] pci 0000:00:18.0: PCI bridge, secondary bus 0000:1b
[    0.557427] pci 0000:00:18.0:   IO window: 0x7000-0x7fff
[    0.557458] pci 0000:00:18.0:   MEM window: 0xca700000-0xca7fffff
[    0.557479] pci 0000:00:18.0:   PREFETCH window: 0x000000d8d00000-0x000000d8dfffff
[    0.557523] pci 0000:00:18.1: PCI bridge, secondary bus 0000:1c
[    0.557535] pci 0000:00:18.1:   IO window: 0xb000-0xbfff
[    0.557566] pci 0000:00:18.1:   MEM window: 0xcab00000-0xcabfffff
[    0.557588] pci 0000:00:18.1:   PREFETCH window: 0x000000d9100000-0x000000d91fffff
[    0.557632] pci 0000:00:18.2: PCI bridge, secondary bus 0000:1d
[    0.557655] pci 0000:00:18.2:   IO window: 0xf000-0xffff
[    0.557687] pci 0000:00:18.2:   MEM window: 0xcaf00000-0xcaffffff
[    0.557708] pci 0000:00:18.2:   PREFETCH window: 0x000000d9500000-0x000000d95fffff
[    0.557753] pci 0000:00:18.3: PCI bridge, secondary bus 0000:1e
[    0.557755] pci 0000:00:18.3:   IO window: disabled
[    0.557786] pci 0000:00:18.3:   MEM window: 0xcb300000-0xcb3fffff
[    0.557815] pci 0000:00:18.3:   PREFETCH window: 0x000000d9900000-0x000000d99fffff
[    0.557859] pci 0000:00:18.4: PCI bridge, secondary bus 0000:1f
[    0.557861] pci 0000:00:18.4:   IO window: disabled
[    0.557892] pci 0000:00:18.4:   MEM window: 0xcb700000-0xcb7fffff
[    0.557913] pci 0000:00:18.4:   PREFETCH window: 0x000000d9d00000-0x000000d9dfffff
[    0.557958] pci 0000:00:18.5: PCI bridge, secondary bus 0000:20
[    0.557959] pci 0000:00:18.5:   IO window: disabled
[    0.557990] pci 0000:00:18.5:   MEM window: 0xcbb00000-0xcbbfffff
[    0.558012] pci 0000:00:18.5:   PREFETCH window: 0x000000da100000-0x000000da1fffff
[    0.558056] pci 0000:00:18.6: PCI bridge, secondary bus 0000:21
[    0.558058] pci 0000:00:18.6:   IO window: disabled
[    0.558089] pci 0000:00:18.6:   MEM window: 0xcbf00000-0xcbffffff
[    0.558110] pci 0000:00:18.6:   PREFETCH window: 0x000000da500000-0x000000da5fffff
[    0.558155] pci 0000:00:18.7: PCI bridge, secondary bus 0000:22
[    0.558156] pci 0000:00:18.7:   IO window: disabled
[    0.558187] pci 0000:00:18.7:   MEM window: 0xcc300000-0xcc3fffff
[    0.558209] pci 0000:00:18.7:   PREFETCH window: 0x000000da900000-0x000000da9fffff
[    0.558286] pci 0000:00:01.0: setting latency timer to 64
[    0.558387] pci 0000:00:15.0: setting latency timer to 64
[    0.558457] pci 0000:00:15.1: setting latency timer to 64
[    0.558527] pci 0000:00:15.2: setting latency timer to 64
[    0.558596] pci 0000:00:15.3: setting latency timer to 64
[    0.558666] pci 0000:00:15.4: setting latency timer to 64
[    0.558736] pci 0000:00:15.5: setting latency timer to 64
[    0.558813] pci 0000:00:15.6: setting latency timer to 64
[    0.558883] pci 0000:00:15.7: setting latency timer to 64
[    0.558952] pci 0000:00:16.0: setting latency timer to 64
[    0.559022] pci 0000:00:16.1: setting latency timer to 64
[    0.559091] pci 0000:00:16.2: setting latency timer to 64
[    0.559161] pci 0000:00:16.3: setting latency timer to 64
[    0.559231] pci 0000:00:16.4: setting latency timer to 64
[    0.559300] pci 0000:00:16.5: setting latency timer to 64
[    0.559370] pci 0000:00:16.6: setting latency timer to 64
[    0.559439] pci 0000:00:16.7: setting latency timer to 64
[    0.559509] pci 0000:00:17.0: setting latency timer to 64
[    0.559579] pci 0000:00:17.1: setting latency timer to 64
[    0.559648] pci 0000:00:17.2: setting latency timer to 64
[    0.559718] pci 0000:00:17.3: setting latency timer to 64
[    0.559787] pci 0000:00:17.4: setting latency timer to 64
[    0.559877] pci 0000:00:17.5: setting latency timer to 64
[    0.559947] pci 0000:00:17.6: setting latency timer to 64
[    0.560016] pci 0000:00:17.7: setting latency timer to 64
[    0.560086] pci 0000:00:18.0: setting latency timer to 64
[    0.560156] pci 0000:00:18.1: setting latency timer to 64
[    0.560225] pci 0000:00:18.2: setting latency timer to 64
[    0.560295] pci 0000:00:18.3: setting latency timer to 64
[    0.560365] pci 0000:00:18.4: setting latency timer to 64
[    0.560434] pci 0000:00:18.5: setting latency timer to 64
[    0.560504] pci 0000:00:18.6: setting latency timer to 64
[    0.560574] pci 0000:00:18.7: setting latency timer to 64
[    0.560586] pci_bus 0000:00: resource 0 io:  [0x00-0xffff]
[    0.560589] pci_bus 0000:00: resource 1 mem: [0x000000-0xffffffffffffffff]
[    0.560591] pci_bus 0000:02: resource 0 io:  [0x2000-0x3fff]
[    0.560593] pci_bus 0000:02: resource 1 mem: [0xc9000000-0xca3fffff]
[    0.560595] pci_bus 0000:02: resource 2 pref mem [0xd8400000-0xd89fffff]
[    0.560597] pci_bus 0000:02: resource 3 io:  [0x00-0xffff]
[    0.560598] pci_bus 0000:02: resource 4 mem: [0x000000-0xffffffffffffffff]
[    0.560600] pci_bus 0000:03: resource 0 io:  [0x4000-0x4fff]
[    0.560602] pci_bus 0000:03: resource 1 mem: [0xca400000-0xca4fffff]
[    0.560604] pci_bus 0000:03: resource 2 pref mem [0xd8a00000-0xd8afffff]
[    0.560606] pci_bus 0000:04: resource 0 io:  [0x8000-0x8fff]
[    0.560608] pci_bus 0000:04: resource 1 mem: [0xca800000-0xca8fffff]
[    0.560609] pci_bus 0000:04: resource 2 pref mem [0xd8e00000-0xd8efffff]
[    0.560611] pci_bus 0000:05: resource 0 io:  [0xc000-0xcfff]
[    0.560613] pci_bus 0000:05: resource 1 mem: [0xcac00000-0xcacfffff]
[    0.560615] pci_bus 0000:05: resource 2 pref mem [0xd9200000-0xd92fffff]
[    0.560617] pci_bus 0000:06: resource 1 mem: [0xcb000000-0xcb0fffff]
[    0.560618] pci_bus 0000:06: resource 2 pref mem [0xd9600000-0xd96fffff]
[    0.560620] pci_bus 0000:07: resource 1 mem: [0xcb400000-0xcb4fffff]
[    0.560622] pci_bus 0000:07: resource 2 pref mem [0xd9a00000-0xd9afffff]
[    0.560624] pci_bus 0000:08: resource 1 mem: [0xcb800000-0xcb8fffff]
[    0.560626] pci_bus 0000:08: resource 2 pref mem [0xd9e00000-0xd9efffff]
[    0.560628] pci_bus 0000:09: resource 1 mem: [0xcbc00000-0xcbcfffff]
[    0.560629] pci_bus 0000:09: resource 2 pref mem [0xda200000-0xda2fffff]
[    0.560631] pci_bus 0000:0a: resource 1 mem: [0xcc000000-0xcc0fffff]
[    0.560633] pci_bus 0000:0a: resource 2 pref mem [0xda600000-0xda6fffff]
[    0.560635] pci_bus 0000:0b: resource 0 io:  [0x5000-0x5fff]
[    0.560637] pci_bus 0000:0b: resource 1 mem: [0xca500000-0xca5fffff]
[    0.560638] pci_bus 0000:0b: resource 2 pref mem [0xd8b00000-0xd8bfffff]
[    0.560640] pci_bus 0000:0c: resource 0 io:  [0x9000-0x9fff]
[    0.560642] pci_bus 0000:0c: resource 1 mem: [0xca900000-0xca9fffff]
[    0.560644] pci_bus 0000:0c: resource 2 pref mem [0xd8f00000-0xd8ffffff]
[    0.560645] pci_bus 0000:0d: resource 0 io:  [0xd000-0xdfff]
[    0.560647] pci_bus 0000:0d: resource 1 mem: [0xcad00000-0xcadfffff]
[    0.560649] pci_bus 0000:0d: resource 2 pref mem [0xd9300000-0xd93fffff]
[    0.560651] pci_bus 0000:0e: resource 1 mem: [0xcb100000-0xcb1fffff]
[    0.560653] pci_bus 0000:0e: resource 2 pref mem [0xd9700000-0xd97fffff]
[    0.560655] pci_bus 0000:0f: resource 1 mem: [0xcb500000-0xcb5fffff]
[    0.560656] pci_bus 0000:0f: resource 2 pref mem [0xd9b00000-0xd9bfffff]
[    0.560658] pci_bus 0000:10: resource 1 mem: [0xcb900000-0xcb9fffff]
[    0.560660] pci_bus 0000:10: resource 2 pref mem [0xd9f00000-0xd9ffffff]
[    0.560662] pci_bus 0000:11: resource 1 mem: [0xcbd00000-0xcbdfffff]
[    0.560664] pci_bus 0000:11: resource 2 pref mem [0xda300000-0xda3fffff]
[    0.560665] pci_bus 0000:12: resource 1 mem: [0xcc100000-0xcc1fffff]
[    0.560667] pci_bus 0000:12: resource 2 pref mem [0xda700000-0xda7fffff]
[    0.560669] pci_bus 0000:13: resource 0 io:  [0x6000-0x6fff]
[    0.560671] pci_bus 0000:13: resource 1 mem: [0xca600000-0xca6fffff]
[    0.560673] pci_bus 0000:13: resource 2 pref mem [0xd8c00000-0xd8cfffff]
[    0.560674] pci_bus 0000:14: resource 0 io:  [0xa000-0xafff]
[    0.560676] pci_bus 0000:14: resource 1 mem: [0xcaa00000-0xcaafffff]
[    0.560678] pci_bus 0000:14: resource 2 pref mem [0xd9000000-0xd90fffff]
[    0.560680] pci_bus 0000:15: resource 0 io:  [0xe000-0xefff]
[    0.560681] pci_bus 0000:15: resource 1 mem: [0xcae00000-0xcaefffff]
[    0.560683] pci_bus 0000:15: resource 2 pref mem [0xd9400000-0xd94fffff]
[    0.560685] pci_bus 0000:16: resource 1 mem: [0xcb200000-0xcb2fffff]
[    0.560687] pci_bus 0000:16: resource 2 pref mem [0xd9800000-0xd98fffff]
[    0.560689] pci_bus 0000:17: resource 1 mem: [0xcb600000-0xcb6fffff]
[    0.560690] pci_bus 0000:17: resource 2 pref mem [0xd9c00000-0xd9cfffff]
[    0.560692] pci_bus 0000:18: resource 1 mem: [0xcba00000-0xcbafffff]
[    0.560694] pci_bus 0000:18: resource 2 pref mem [0xda000000-0xda0fffff]
[    0.560696] pci_bus 0000:19: resource 1 mem: [0xcbe00000-0xcbefffff]
[    0.560698] pci_bus 0000:19: resource 2 pref mem [0xda400000-0xda4fffff]
[    0.560700] pci_bus 0000:1a: resource 1 mem: [0xcc200000-0xcc2fffff]
[    0.560701] pci_bus 0000:1a: resource 2 pref mem [0xda800000-0xda8fffff]
[    0.560703] pci_bus 0000:1b: resource 0 io:  [0x7000-0x7fff]
[    0.560705] pci_bus 0000:1b: resource 1 mem: [0xca700000-0xca7fffff]
[    0.560707] pci_bus 0000:1b: resource 2 pref mem [0xd8d00000-0xd8dfffff]
[    0.560708] pci_bus 0000:1c: resource 0 io:  [0xb000-0xbfff]
[    0.560710] pci_bus 0000:1c: resource 1 mem: [0xcab00000-0xcabfffff]
[    0.560712] pci_bus 0000:1c: resource 2 pref mem [0xd9100000-0xd91fffff]
[    0.560714] pci_bus 0000:1d: resource 0 io:  [0xf000-0xffff]
[    0.560715] pci_bus 0000:1d: resource 1 mem: [0xcaf00000-0xcaffffff]
[    0.560717] pci_bus 0000:1d: resource 2 pref mem [0xd9500000-0xd95fffff]
[    0.560719] pci_bus 0000:1e: resource 1 mem: [0xcb300000-0xcb3fffff]
[    0.560721] pci_bus 0000:1e: resource 2 pref mem [0xd9900000-0xd99fffff]
[    0.560723] pci_bus 0000:1f: resource 1 mem: [0xcb700000-0xcb7fffff]
[    0.560725] pci_bus 0000:1f: resource 2 pref mem [0xd9d00000-0xd9dfffff]
[    0.560726] pci_bus 0000:20: resource 1 mem: [0xcbb00000-0xcbbfffff]
[    0.560728] pci_bus 0000:20: resource 2 pref mem [0xda100000-0xda1fffff]
[    0.560730] pci_bus 0000:21: resource 1 mem: [0xcbf00000-0xcbffffff]
[    0.560732] pci_bus 0000:21: resource 2 pref mem [0xda500000-0xda5fffff]
[    0.560734] pci_bus 0000:22: resource 1 mem: [0xcc300000-0xcc3fffff]
[    0.560735] pci_bus 0000:22: resource 2 pref mem [0xda900000-0xda9fffff]
[    0.560759] NET: Registered protocol family 2
[    0.560775] RANDOM - __random32 called. Change num 7.  Value: 55ede565	148ebb7a	8e9cdd7f
[    0.560777] RANDOM - random32 called.  Value: 55ede565	148ebb7a	8e9cdd7f
[    0.560785] random 0000 0000 0000 00000000 00000000: rand_read_num 2 get_random_bytes(4): sig fffffe1a 00000000 00000000
[    0.560787] random 0000 0000 0000 00000000 00000000: extract_entropy(.. 4 ..)
[    0.560790] random 0000 0000 0000 00000000 00000000: going to reseed nonblocking with 64 bits (32 of 0 requested)
[    0.560792] random 0000 0000 0000 00000000 00000000: extract_entropy(.. 8 ..)
[    0.560794] random 0000 0000 0000 00000000 00000000: trying to extract 64 bits from input
[    0.560796] random 0000 0000 0000 00000000 00000000: debiting 0 entropy credits from input
[    0.560798] random 0000 0000 0000 00000000 00000000: extract_entropy account returned: 0 
[    0.560810] random 0000 0000 0000 00000000 00000000: urand_change_num 3 xfer_secondary_pool(4): pool_sig fffffe1a, data_sig 00000000, bytes_mixed 0 00000000 00000000
[    0.560813] random 0000 0000 0000 00000000 00000000: trying to extract 32 bits from nonblocking
[    0.560815] random 0000 0000 0000 00000000 00000000: debiting 32 entropy credits from nonblocking (unlimited)
[    0.560827] random 0000 0000 0000 00000000 00000000: extract_entropy account returned: 4 
[    0.560830] random 0000 0000 0000 00000000 00000000: urand_change_num 4 extract_buf: pool_sig fffffe1a, data_sig fffffed7, bytes_mixed 20 00000000 00000000
[    0.560862] IP route cache hash table entries: 32768 (order: 5, 131072 bytes)
[    0.560956] RANDOM - __random32 called. Change num 8.  Value: de565d28	48ebb7a3	baff4f46
[    0.560958] RANDOM - random32 called.  Value: de565d28	48ebb7a3	baff4f46
[    0.561015] RANDOM - __random32 called. Change num 9.  Value: 65d282be	8ebb7a35	9e8da0a6
[    0.561016] RANDOM - random32 called.  Value: 65d282be	8ebb7a35	9e8da0a6
[    0.561019] RANDOM - __random32 called. Change num 10.  Value: 282be6b0	ebb7a35a	414d5c14
[    0.561021] RANDOM - random32 called.  Value: 282be6b0	ebb7a35a	414d5c14
[    0.561042] RANDOM - __random32 called. Change num 11.  Value: be6b0a9f	bb7a35a2	b82964f7
[    0.561044] RANDOM - random32 called.  Value: be6b0a9f	bb7a35a2	b82964f7
[    0.561054] TCP established hash table entries: 131072 (order: 8, 1048576 bytes)
[    0.561231] TCP bind hash table entries: 65536 (order: 7, 524288 bytes)
[    0.561405] TCP: Hash tables configured (established 131072 bind 65536)
[    0.561407] TCP reno registered
[    0.561444] NET: Registered protocol family 1
[    0.561452] pci 0000:00:00.0: Limiting direct PCI/PCI transfers
[    0.561473] pci 0000:00:0f.0: Boot video device
[    0.561721] Trying to unpack rootfs image as initramfs...
[    1.648110] Freeing initrd memory: 83430k freed
[    1.652124] Simple Boot Flag at 0x36 set to 0x1
[    1.652169] cpufreq-nforce2: No nForce2 chipset.
[    1.652182] Scanning for low memory corruption every 60 seconds
[    1.652296] audit: initializing netlink socket (disabled)
[    1.652304] type=2000 audit(1369431769.640:1): initialized
[    1.656219] highmem bounce pool size: 64 pages
[    1.656224] HugeTLB registered 2 MB page size, pre-allocated 0 pages
[    1.656317] VFS: Disk quotas dquot_6.5.2
[    1.656346] Dquot-cache hash table entries: 1024 (order 0, 4096 bytes)
[    1.656423] fuse init (API version 7.13)
[    1.656466] msgmni has been set to 1729
[    1.656730] alg: No test for stdrng (krng)
[    1.656779] Block layer SCSI generic (bsg) driver version 0.4 loaded (major 253)
[    1.656782] io scheduler noop registered
[    1.656784] io scheduler anticipatory registered
[    1.656786] io scheduler deadline registered
[    1.656807] io scheduler cfq registered (default)
[    1.656852]   alloc irq_desc for 24 on node -1
[    1.656855]   alloc kstat_irqs on node -1
[    1.656900] pcieport 0000:00:15.0: irq 24 for MSI/MSI-X
[    1.656945] pcieport 0000:00:15.0: setting latency timer to 64
[    1.656991]   alloc irq_desc for 25 on node -1
[    1.656993]   alloc kstat_irqs on node -1
[    1.657038] pcieport 0000:00:15.1: irq 25 for MSI/MSI-X
[    1.657084] pcieport 0000:00:15.1: setting latency timer to 64
[    1.657129]   alloc irq_desc for 26 on node -1
[    1.657131]   alloc kstat_irqs on node -1
[    1.657177] pcieport 0000:00:15.2: irq 26 for MSI/MSI-X
[    1.657222] pcieport 0000:00:15.2: setting latency timer to 64
[    1.657267]   alloc irq_desc for 27 on node -1
[    1.657269]   alloc kstat_irqs on node -1
[    1.657315] pcieport 0000:00:15.3: irq 27 for MSI/MSI-X
[    1.657360] pcieport 0000:00:15.3: setting latency timer to 64
[    1.657405]   alloc irq_desc for 28 on node -1
[    1.657407]   alloc kstat_irqs on node -1
[    1.657453] pcieport 0000:00:15.4: irq 28 for MSI/MSI-X
[    1.657498] pcieport 0000:00:15.4: setting latency timer to 64
[    1.657544]   alloc irq_desc for 29 on node -1
[    1.657546]   alloc kstat_irqs on node -1
[    1.657591] pcieport 0000:00:15.5: irq 29 for MSI/MSI-X
[    1.657636] pcieport 0000:00:15.5: setting latency timer to 64
[    1.657682]   alloc irq_desc for 30 on node -1
[    1.657684]   alloc kstat_irqs on node -1
[    1.657729] pcieport 0000:00:15.6: irq 30 for MSI/MSI-X
[    1.657774] pcieport 0000:00:15.6: setting latency timer to 64
[    1.657820]   alloc irq_desc for 31 on node -1
[    1.657822]   alloc kstat_irqs on node -1
[    1.657867] pcieport 0000:00:15.7: irq 31 for MSI/MSI-X
[    1.657913] pcieport 0000:00:15.7: setting latency timer to 64
[    1.657958]   alloc irq_desc for 32 on node -1
[    1.657960]   alloc kstat_irqs on node -1
[    1.658005] pcieport 0000:00:16.0: irq 32 for MSI/MSI-X
[    1.658051] pcieport 0000:00:16.0: setting latency timer to 64
[    1.658096]   alloc irq_desc for 33 on node -1
[    1.658098]   alloc kstat_irqs on node -1
[    1.658143] pcieport 0000:00:16.1: irq 33 for MSI/MSI-X
[    1.658189] pcieport 0000:00:16.1: setting latency timer to 64
[    1.658234]   alloc irq_desc for 34 on node -1
[    1.658236]   alloc kstat_irqs on node -1
[    1.658282] pcieport 0000:00:16.2: irq 34 for MSI/MSI-X
[    1.658327] pcieport 0000:00:16.2: setting latency timer to 64
[    1.658372]   alloc irq_desc for 35 on node -1
[    1.658374]   alloc kstat_irqs on node -1
[    1.658420] pcieport 0000:00:16.3: irq 35 for MSI/MSI-X
[    1.658465] pcieport 0000:00:16.3: setting latency timer to 64
[    1.658510]   alloc irq_desc for 36 on node -1
[    1.658512]   alloc kstat_irqs on node -1
[    1.658558] pcieport 0000:00:16.4: irq 36 for MSI/MSI-X
[    1.658603] pcieport 0000:00:16.4: setting latency timer to 64
[    1.658649]   alloc irq_desc for 37 on node -1
[    1.658650]   alloc kstat_irqs on node -1
[    1.658696] pcieport 0000:00:16.5: irq 37 for MSI/MSI-X
[    1.658741] pcieport 0000:00:16.5: setting latency timer to 64
[    1.658787]   alloc irq_desc for 38 on node -1
[    1.658788]   alloc kstat_irqs on node -1
[    1.658834] pcieport 0000:00:16.6: irq 38 for MSI/MSI-X
[    1.658879] pcieport 0000:00:16.6: setting latency timer to 64
[    1.658925]   alloc irq_desc for 39 on node -1
[    1.658927]   alloc kstat_irqs on node -1
[    1.658972] pcieport 0000:00:16.7: irq 39 for MSI/MSI-X
[    1.659017] pcieport 0000:00:16.7: setting latency timer to 64
[    1.660142]   alloc irq_desc for 40 on node -1
[    1.660144]   alloc kstat_irqs on node -1
[    1.660189] pcieport 0000:00:17.0: irq 40 for MSI/MSI-X
[    1.660235] pcieport 0000:00:17.0: setting latency timer to 64
[    1.660280]   alloc irq_desc for 41 on node -1
[    1.660282]   alloc kstat_irqs on node -1
[    1.660327] pcieport 0000:00:17.1: irq 41 for MSI/MSI-X
[    1.660373] pcieport 0000:00:17.1: setting latency timer to 64
[    1.660418]   alloc irq_desc for 42 on node -1
[    1.660420]   alloc kstat_irqs on node -1
[    1.660465] pcieport 0000:00:17.2: irq 42 for MSI/MSI-X
[    1.660511] pcieport 0000:00:17.2: setting latency timer to 64
[    1.660556]   alloc irq_desc for 43 on node -1
[    1.660558]   alloc kstat_irqs on node -1
[    1.660604] pcieport 0000:00:17.3: irq 43 for MSI/MSI-X
[    1.660649] pcieport 0000:00:17.3: setting latency timer to 64
[    1.660694]   alloc irq_desc for 44 on node -1
[    1.660696]   alloc kstat_irqs on node -1
[    1.660742] pcieport 0000:00:17.4: irq 44 for MSI/MSI-X
[    1.660787] pcieport 0000:00:17.4: setting latency timer to 64
[    1.660832]   alloc irq_desc for 45 on node -1
[    1.660834]   alloc kstat_irqs on node -1
[    1.660880] pcieport 0000:00:17.5: irq 45 for MSI/MSI-X
[    1.660925] pcieport 0000:00:17.5: setting latency timer to 64
[    1.660971]   alloc irq_desc for 46 on node -1
[    1.660972]   alloc kstat_irqs on node -1
[    1.661018] pcieport 0000:00:17.6: irq 46 for MSI/MSI-X
[    1.661063] pcieport 0000:00:17.6: setting latency timer to 64
[    1.661109]   alloc irq_desc for 47 on node -1
[    1.661110]   alloc kstat_irqs on node -1
[    1.661156] pcieport 0000:00:17.7: irq 47 for MSI/MSI-X
[    1.661201] pcieport 0000:00:17.7: setting latency timer to 64
[    1.661247]   alloc irq_desc for 48 on node -1
[    1.661249]   alloc kstat_irqs on node -1
[    1.661294] pcieport 0000:00:18.0: irq 48 for MSI/MSI-X
[    1.661340] pcieport 0000:00:18.0: setting latency timer to 64
[    1.661385]   alloc irq_desc for 49 on node -1
[    1.661387]   alloc kstat_irqs on node -1
[    1.661432] pcieport 0000:00:18.1: irq 49 for MSI/MSI-X
[    1.661478] pcieport 0000:00:18.1: setting latency timer to 64
[    1.661523]   alloc irq_desc for 50 on node -1
[    1.661525]   alloc kstat_irqs on node -1
[    1.661570] pcieport 0000:00:18.2: irq 50 for MSI/MSI-X
[    1.661616] pcieport 0000:00:18.2: setting latency timer to 64
[    1.661661]   alloc irq_desc for 51 on node -1
[    1.661663]   alloc kstat_irqs on node -1
[    1.661709] pcieport 0000:00:18.3: irq 51 for MSI/MSI-X
[    1.661754] pcieport 0000:00:18.3: setting latency timer to 64
[    1.661799]   alloc irq_desc for 52 on node -1
[    1.661801]   alloc kstat_irqs on node -1
[    1.661847] pcieport 0000:00:18.4: irq 52 for MSI/MSI-X
[    1.661892] pcieport 0000:00:18.4: setting latency timer to 64
[    1.661937]   alloc irq_desc for 53 on node -1
[    1.661939]   alloc kstat_irqs on node -1
[    1.661985] pcieport 0000:00:18.5: irq 53 for MSI/MSI-X
[    1.662030] pcieport 0000:00:18.5: setting latency timer to 64
[    1.662076]   alloc irq_desc for 54 on node -1
[    1.662078]   alloc kstat_irqs on node -1
[    1.662123] pcieport 0000:00:18.6: irq 54 for MSI/MSI-X
[    1.662169] pcieport 0000:00:18.6: setting latency timer to 64
[    1.662214]   alloc irq_desc for 55 on node -1
[    1.662216]   alloc kstat_irqs on node -1
[    1.662261] pcieport 0000:00:18.7: irq 55 for MSI/MSI-X
[    1.662307] pcieport 0000:00:18.7: setting latency timer to 64
[    1.662352] pci_hotplug: PCI Hot Plug PCI Core version: 0.5
[    1.664151] pciehp 0000:00:15.0:pcie04: HPC vendor_id 15ad device_id 7a0 ss_vid 0 ss_did 0
[    1.664196] pciehp 0000:00:15.0:pcie04: service driver pciehp loaded
[    1.664241] pciehp 0000:00:15.1:pcie04: HPC vendor_id 15ad device_id 7a0 ss_vid 0 ss_did 0
[    1.664287] pciehp 0000:00:15.1:pcie04: service driver pciehp loaded
[    1.664332] pciehp 0000:00:15.2:pcie04: HPC vendor_id 15ad device_id 7a0 ss_vid 0 ss_did 0
[    1.664378] pciehp 0000:00:15.2:pcie04: service driver pciehp loaded
[    1.664423] pciehp 0000:00:15.3:pcie04: HPC vendor_id 15ad device_id 7a0 ss_vid 0 ss_did 0
[    1.664469] pciehp 0000:00:15.3:pcie04: service driver pciehp loaded
[    1.664514] pciehp 0000:00:15.4:pcie04: HPC vendor_id 15ad device_id 7a0 ss_vid 0 ss_did 0
[    1.664559] pciehp 0000:00:15.4:pcie04: service driver pciehp loaded
[    1.664605] pciehp 0000:00:15.5:pcie04: HPC vendor_id 15ad device_id 7a0 ss_vid 0 ss_did 0
[    1.664650] pciehp 0000:00:15.5:pcie04: service driver pciehp loaded
[    1.664696] pciehp 0000:00:15.6:pcie04: HPC vendor_id 15ad device_id 7a0 ss_vid 0 ss_did 0
[    1.664741] pciehp 0000:00:15.6:pcie04: service driver pciehp loaded
[    1.664786] pciehp 0000:00:15.7:pcie04: HPC vendor_id 15ad device_id 7a0 ss_vid 0 ss_did 0
[    1.664832] pciehp 0000:00:15.7:pcie04: service driver pciehp loaded
[    1.664877] pciehp 0000:00:16.0:pcie04: HPC vendor_id 15ad device_id 7a0 ss_vid 0 ss_did 0
[    1.664923] pciehp 0000:00:16.0:pcie04: service driver pciehp loaded
[    1.664968] pciehp 0000:00:16.1:pcie04: HPC vendor_id 15ad device_id 7a0 ss_vid 0 ss_did 0
[    1.665014] pciehp 0000:00:16.1:pcie04: service driver pciehp loaded
[    1.665059] pciehp 0000:00:16.2:pcie04: HPC vendor_id 15ad device_id 7a0 ss_vid 0 ss_did 0
[    1.665104] pciehp 0000:00:16.2:pcie04: service driver pciehp loaded
[    1.665150] pciehp 0000:00:16.3:pcie04: HPC vendor_id 15ad device_id 7a0 ss_vid 0 ss_did 0
[    1.665195] pciehp 0000:00:16.3:pcie04: service driver pciehp loaded
[    1.665241] pciehp 0000:00:16.4:pcie04: HPC vendor_id 15ad device_id 7a0 ss_vid 0 ss_did 0
[    1.665286] pciehp 0000:00:16.4:pcie04: service driver pciehp loaded
[    1.665332] pciehp 0000:00:16.5:pcie04: HPC vendor_id 15ad device_id 7a0 ss_vid 0 ss_did 0
[    1.665377] pciehp 0000:00:16.5:pcie04: service driver pciehp loaded
[    1.665422] pciehp 0000:00:16.6:pcie04: HPC vendor_id 15ad device_id 7a0 ss_vid 0 ss_did 0
[    1.665468] pciehp 0000:00:16.6:pcie04: service driver pciehp loaded
[    1.665513] pciehp 0000:00:16.7:pcie04: HPC vendor_id 15ad device_id 7a0 ss_vid 0 ss_did 0
[    1.665559] pciehp 0000:00:16.7:pcie04: service driver pciehp loaded
[    1.665604] pciehp 0000:00:17.0:pcie04: HPC vendor_id 15ad device_id 7a0 ss_vid 0 ss_did 0
[    1.665649] pciehp 0000:00:17.0:pcie04: service driver pciehp loaded
[    1.665695] pciehp 0000:00:17.1:pcie04: HPC vendor_id 15ad device_id 7a0 ss_vid 0 ss_did 0
[    1.665740] pciehp 0000:00:17.1:pcie04: service driver pciehp loaded
[    1.665786] pciehp 0000:00:17.2:pcie04: HPC vendor_id 15ad device_id 7a0 ss_vid 0 ss_did 0
[    1.665831] pciehp 0000:00:17.2:pcie04: service driver pciehp loaded
[    1.665877] pciehp 0000:00:17.3:pcie04: HPC vendor_id 15ad device_id 7a0 ss_vid 0 ss_did 0
[    1.665922] pciehp 0000:00:17.3:pcie04: service driver pciehp loaded
[    1.665967] pciehp 0000:00:17.4:pcie04: HPC vendor_id 15ad device_id 7a0 ss_vid 0 ss_did 0
[    1.666013] pciehp 0000:00:17.4:pcie04: service driver pciehp loaded
[    1.666058] pciehp 0000:00:17.5:pcie04: HPC vendor_id 15ad device_id 7a0 ss_vid 0 ss_did 0
[    1.666104] pciehp 0000:00:17.5:pcie04: service driver pciehp loaded
[    1.666149] pciehp 0000:00:17.6:pcie04: HPC vendor_id 15ad device_id 7a0 ss_vid 0 ss_did 0
[    1.666195] pciehp 0000:00:17.6:pcie04: service driver pciehp loaded
[    1.666240] pciehp 0000:00:17.7:pcie04: HPC vendor_id 15ad device_id 7a0 ss_vid 0 ss_did 0
[    1.666285] pciehp 0000:00:17.7:pcie04: service driver pciehp loaded
[    1.666331] pciehp 0000:00:18.0:pcie04: HPC vendor_id 15ad device_id 7a0 ss_vid 0 ss_did 0
[    1.666376] pciehp 0000:00:18.0:pcie04: service driver pciehp loaded
[    1.666422] pciehp 0000:00:18.1:pcie04: HPC vendor_id 15ad device_id 7a0 ss_vid 0 ss_did 0
[    1.666467] pciehp 0000:00:18.1:pcie04: service driver pciehp loaded
[    1.666512] pciehp 0000:00:18.2:pcie04: HPC vendor_id 15ad device_id 7a0 ss_vid 0 ss_did 0
[    1.666558] pciehp 0000:00:18.2:pcie04: service driver pciehp loaded
[    1.666603] pciehp 0000:00:18.3:pcie04: HPC vendor_id 15ad device_id 7a0 ss_vid 0 ss_did 0
[    1.666649] pciehp 0000:00:18.3:pcie04: service driver pciehp loaded
[    1.666694] pciehp 0000:00:18.4:pcie04: HPC vendor_id 15ad device_id 7a0 ss_vid 0 ss_did 0
[    1.666740] pciehp 0000:00:18.4:pcie04: service driver pciehp loaded
[    1.666785] pciehp 0000:00:18.5:pcie04: HPC vendor_id 15ad device_id 7a0 ss_vid 0 ss_did 0
[    1.666830] pciehp 0000:00:18.5:pcie04: service driver pciehp loaded
[    1.666876] pciehp 0000:00:18.6:pcie04: HPC vendor_id 15ad device_id 7a0 ss_vid 0 ss_did 0
[    1.666921] pciehp 0000:00:18.6:pcie04: service driver pciehp loaded
[    1.666967] pciehp 0000:00:18.7:pcie04: HPC vendor_id 15ad device_id 7a0 ss_vid 0 ss_did 0
[    1.667012] pciehp 0000:00:18.7:pcie04: service driver pciehp loaded
[    1.667019] pciehp: PCI Express Hot Plug Controller Driver version: 0.4
[    1.667069] ACPI: AC Adapter [ACAD] (on-line)
[    1.667136] input: Power Button as /devices/LNXSYSTM:00/LNXPWRBN:00/input/input0
[    1.667139] ACPI: Power Button [PWRF]
[    1.667184] processor LNXCPU:00: registered as cooling_device0
[    1.708054] isapnp: Scanning for PnP cards...
[    2.061819] isapnp: No Plug & Play device found
[    2.061849] random 0000 0000 0000 5f8db4e5 4cfdf2a8: initializing
[    2.061995] Linux agpgart interface v0.103
[    2.062033] agpgart-intel 0000:00:00.0: Intel 440BX Chipset
[    2.062086] agpgart-intel 0000:00:00.0: AGP aperture is 256M @ 0x0
[    2.062117] Serial: 8250/16550 driver, 32 ports, IRQ sharing enabled
[    2.062170] serial8250: ttyS0 at I/O 0x3f8 (irq = 4) is a 16550A
[    2.062223] serial8250: ttyS1 at I/O 0x2f8 (irq = 3) is a 16550A
[    2.062276] 00:0a: ttyS0 at I/O 0x3f8 (irq = 4) is a 16550A
[    2.062329] 00:0b: ttyS1 at I/O 0x2f8 (irq = 3) is a 16550A
[    2.062382] brd: module loaded
[    2.062435] loop: module loaded
[    2.062488] ata_piix 0000:00:07.1: version 2.13
[    2.062570] scsi0 : ata_piix
[    2.062617] scsi1 : ata_piix
[    2.062636] ata1: PATA max UDMA/33 cmd 0x1f0 ctl 0x3f6 bmdma 0x10c0 irq 14
[    2.062637] ata2: PATA max UDMA/33 cmd 0x170 ctl 0x376 bmdma 0x10c8 irq 15
[    2.062684] PPP generic driver version 2.4.2
[    2.062703] tun: Universal TUN/TAP device driver, 1.6
[    2.062705] tun: (C) 1999-2004 Max Krasnyansky <maxk@qualcomm.com>
[    2.062758] ehci_hcd: USB 2.0 'Enhanced' Host Controller (EHCI) Driver
[    2.062811] ACPI: PCI Interrupt Link [LNKB] enabled at IRQ 11
[    2.062814] PCI: setting IRQ 11 as level-triggered
[    2.062822] ehci_hcd 0000:02:03.0: PCI INT A -> Link[LNKB] -> GSI 11 (level, low) -> IRQ 11
[    2.062867] ehci_hcd 0000:02:03.0: EHCI Host Controller
[    2.062889] ehci_hcd 0000:02:03.0: new USB bus registered, assigned bus number 1
[    2.062942] ehci_hcd 0000:02:03.0: cache line size of 32 is not supported
[    2.062948] ehci_hcd 0000:02:03.0: irq 11, io mem 0xc9000000
[    2.063255] random 0000 0000 0000 00000000 00000000: rand_read_num 3 get_random_bytes(8): sig 00000000 00000000 00000000
[    2.063257] random 0000 0000 0000 00000000 00000000: extract_entropy(.. 8 ..)
[    2.063260] random 0000 0000 0000 00000000 00000000: going to reseed nonblocking with 64 bits (64 of 0 requested)
[    2.063262] random 0000 0000 0000 00000000 00000000: extract_entropy(.. 8 ..)
[    2.063264] random 0000 0000 0000 00000000 00000000: trying to extract 64 bits from input
[    2.063266] random 0000 0000 0000 00000000 00000000: debiting 0 entropy credits from input
[    2.063268] random 0000 0000 0000 00000000 00000000: extract_entropy account returned: 0 
[    2.063271] random 0000 0000 0000 00000000 00000000: urand_change_num 5 xfer_secondary_pool(8): pool_sig 00000000, data_sig 00000000, bytes_mixed 0 00000000 00000000
[    2.063274] random 0000 0000 0000 00000000 00000000: trying to extract 64 bits from nonblocking
[    2.063276] random 0000 0000 0000 00000000 00000000: debiting 64 entropy credits from nonblocking (unlimited)
[    2.063278] random 0000 0000 0000 00000000 00000000: extract_entropy account returned: 8 
[    2.063282] random 0000 0000 0000 00000000 00000000: urand_change_num 6 extract_buf: pool_sig 00000000, data_sig fffffff9, bytes_mixed 20 00000000 00000000
[    2.071496] ehci_hcd 0000:02:03.0: USB 2.0 started, EHCI 1.00
[    2.071550] usb usb1: configuration #1 chosen from 1 choice
[    2.071569] hub 1-0:1.0: USB hub found
[    2.071573] hub 1-0:1.0: 6 ports detected
[    2.071608] ohci_hcd: USB 1.1 'Open' Host Controller (OHCI) Driver
[    2.071619] uhci_hcd: USB Universal Host Controller Interface driver
[    2.071672] ACPI: PCI Interrupt Link [LNKC] enabled at IRQ 10
[    2.071674] PCI: setting IRQ 10 as level-triggered
[    2.071678] uhci_hcd 0000:02:00.0: PCI INT A -> Link[LNKC] -> GSI 10 (level, low) -> IRQ 10
[    2.071710] uhci_hcd 0000:02:00.0: UHCI Host Controller
[    2.071735] uhci_hcd 0000:02:00.0: new USB bus registered, assigned bus number 2
[    2.071835] uhci_hcd 0000:02:00.0: irq 10, io base 0x000020c0
[    2.071888] usb usb2: configuration #1 chosen from 1 choice
[    2.071903] hub 2-0:1.0: USB hub found
[    2.071907] hub 2-0:1.0: 2 ports detected
[    2.071960] usbcore: registered new interface driver libusual
[    2.071988] PNP: PS/2 Controller [PNP0303:KBC,PNP0f13:MOUS] at 0x60,0x64 irq 1,12
[    2.072321] serio: i8042 KBD port at 0x60,0x64 irq 1
[    2.072327] serio: i8042 AUX port at 0x60,0x64 irq 12
[    2.072359] mice: PS/2 mouse device common for all mice
[    2.072413] rtc_cmos 00:04: rtc core: registered rtc_cmos as rtc0
[    2.072454] rtc0: alarms up to one month, y3k, 114 bytes nvram, hpet irqs
[    2.072507] device-mapper: uevent: version 1.0.3
[    2.072617] device-mapper: ioctl: 4.15.0-ioctl (2009-04-01) initialised: dm-devel@redhat.com
[    2.072634] EISA: Probing bus 0 at eisa.0
[    2.072659] Cannot allocate resource for EISA slot 1
[    2.072661] Cannot allocate resource for EISA slot 2
[    2.072663] Cannot allocate resource for EISA slot 3
[    2.072664] Cannot allocate resource for EISA slot 4
[    2.072666] Cannot allocate resource for EISA slot 5
[    2.072668] Cannot allocate resource for EISA slot 6
[    2.072670] Cannot allocate resource for EISA slot 7
[    2.072672] Cannot allocate resource for EISA slot 8
[    2.072674] EISA: Detected 0 cards.
[    2.072728] cpuidle: using governor ladder
[    2.072730] cpuidle: using governor menu
[    2.072783] random 0000 0000 0000 00000000 00000000: rand_read_num 4 get_random_bytes(136): sig 0000021d 00000000 00000000
[    2.072785] random 0000 0000 0000 00000000 00000000: extract_entropy(.. 136 ..)
[    2.072788] random 0000 0000 0000 00000000 00000000: going to reseed nonblocking with 1024 bits (1088 of 0 requested)
[    2.072790] random 0000 0000 0000 00000000 00000000: extract_entropy(.. 128 ..)
[    2.072792] random 0000 0000 0000 00000000 00000000: trying to extract 1024 bits from input
[    2.072794] random 0000 0000 0000 00000000 00000000: debiting 0 entropy credits from input
[    2.072796] random 0000 0000 0000 00000000 00000000: extract_entropy account returned: 0 
[    2.072799] random 0000 0000 0000 00000000 00000000: urand_change_num 7 xfer_secondary_pool(136): pool_sig 0000021d, data_sig 00000000, bytes_mixed 0 00000000 00000000
[    2.072802] random 0000 0000 0000 00000000 00000000: trying to extract 1088 bits from nonblocking
[    2.072804] random 0000 0000 0000 00000000 00000000: debiting 1088 entropy credits from nonblocking (unlimited)
[    2.072806] random 0000 0000 0000 00000000 00000000: extract_entropy account returned: 136 
[    2.072810] random 0000 0000 0000 00000000 00000000: urand_change_num 8 extract_buf: pool_sig 0000021d, data_sig fffffff7, bytes_mixed 20 00000000 00000000
[    2.072814] random 0000 0000 0000 f961ee50 ba9cb1aa: urand_change_num 9 extract_buf: pool_sig 00000230, data_sig fffffeb4, bytes_mixed 20 f961ee50 ba9cb1aa
[    2.072818] random 0000 0000 0000 9748bdd6 56fb8af6: urand_change_num 10 extract_buf: pool_sig 00000373, data_sig 000000cf, bytes_mixed 20 9748bdd6 56fb8af6
[    2.072822] random 0000 0000 0000 9748bdd6 56fb8af6: urand_change_num 11 extract_buf: pool_sig fffffe49, data_sig 0000023f, bytes_mixed 20 9748bdd6 56fb8af6
[    2.072827] random 0000 0000 0000 a135be86 4777650e: urand_change_num 12 extract_buf: pool_sig fffffcce, data_sig 000000c6, bytes_mixed 20 a135be86 4777650e
[    2.072831] random 0000 0000 0000 4a6ea85d 170e00dd: urand_change_num 13 extract_buf: pool_sig ffffff97, data_sig ffffff7d, bytes_mixed 20 4a6ea85d 170e00dd
[    2.072835] random 0000 0000 0000 4a6ea85d 170e00dd: urand_change_num 14 extract_buf: pool_sig 00000160, data_sig fffffeea, bytes_mixed 20 4a6ea85d 170e00dd
[    2.072839] random 0000 0000 0000 6e87c3cb da668c73: urand_change_num 15 extract_buf: pool_sig 0000034f, data_sig ffffff54, bytes_mixed 20 6e87c3cb da668c73
[    2.072843] random 0000 0000 0000 6e87c3cb da668c73: urand_change_num 16 extract_buf: pool_sig fffffdc5, data_sig 00000205, bytes_mixed 20 6e87c3cb da668c73
[    2.072847] random 0000 0000 0000 39f531e6 461eb249: urand_change_num 17 extract_buf: pool_sig fffffc1d, data_sig ffffff5e, bytes_mixed 20 39f531e6 461eb249
[    2.072851] random 0000 0000 0000 7e1538a2 3e661182: urand_change_num 18 extract_buf: pool_sig 000006ef, data_sig ffffff2e, bytes_mixed 20 7e1538a2 3e661182
[    2.072855] random 0000 0000 0000 7e1538a2 3e661182: urand_change_num 19 extract_buf: pool_sig 00000317, data_sig fffffccb, bytes_mixed 20 7e1538a2 3e661182
[    2.072860] random 0000 0000 0000 76af506b 9b57305e: urand_change_num 20 extract_buf: pool_sig 00000227, data_sig ffffffd2, bytes_mixed 20 76af506b 9b57305e
[    2.072864] random 0000 0000 0000 37d49d89 e20417cc: urand_change_num 21 extract_buf: pool_sig 0000080b, data_sig 000001e9, bytes_mixed 20 37d49d89 e20417cc
[    2.072868] TCP cubic registered
[    2.072921] NET: Registered protocol family 10
[    2.072953] RANDOM - __random32 called. Change num 12.  Value: b0a9fbe7	b7a35a2b	c9ef2c48
[    2.072955] RANDOM - random32 called.  Value: b0a9fbe7	b7a35a2b	c9ef2c48
[    2.072963] random 0000 0000 0000 37d49d89 e20417cc: rand_read_num 5 get_random_bytes(4): sig 00000298 37d49d89 e20417cc
[    2.072965] random 0000 0000 0000 37d49d89 e20417cc: extract_entropy(.. 4 ..)
[    2.072968] random 0000 0000 0000 37d49d89 e20417cc: going to reseed nonblocking with 64 bits (32 of 0 requested)
[    2.072970] random 0000 0000 0000 37d49d89 e20417cc: extract_entropy(.. 8 ..)
[    2.072972] random 0000 0000 0000 37d49d89 e20417cc: trying to extract 64 bits from input
[    2.072974] random 0000 0000 0000 37d49d89 e20417cc: debiting 0 entropy credits from input
[    2.072976] random 0000 0000 0000 37d49d89 e20417cc: extract_entropy account returned: 0 
[    2.072979] random 0000 0000 0000 37d49d89 e20417cc: urand_change_num 22 xfer_secondary_pool(4): pool_sig 00000298, data_sig 00000000, bytes_mixed 0 37d49d89 e20417cc
[    2.072981] random 0000 0000 0000 37d49d89 e20417cc: trying to extract 32 bits from nonblocking
[    2.072983] random 0000 0000 0000 37d49d89 e20417cc: debiting 32 entropy credits from nonblocking (unlimited)
[    2.072986] random 0000 0000 0000 37d49d89 e20417cc: extract_entropy account returned: 4 
[    2.072989] random 0000 0000 0000 37d49d89 e20417cc: urand_change_num 23 extract_buf: pool_sig 00000298, data_sig 00000092, bytes_mixed 20 37d49d89 e20417cc
[    2.073042] RANDOM - __random32 called. Change num 13.  Value: 9fbe71fa	7a35a2b4	5890d2c9
[    2.073044] RANDOM - random32 called.  Value: 9fbe71fa	7a35a2b4	5890d2c9
[    2.073097] NET: Registered protocol family 17
[    2.073117] Using IPI No-Shortcut mode
[    2.073122] random 0000 0000 0000 2ee4c4fc 167bdb15: rand_read_num 6 get_random_bytes(8): sig fffffcbf 2ee4c4fc 167bdb15
[    2.073124] random 0000 0000 0000 2ee4c4fc 167bdb15: extract_entropy(.. 8 ..)
[    2.073126] random 0000 0000 0000 2ee4c4fc 167bdb15: going to reseed nonblocking with 64 bits (64 of 0 requested)
[    2.073129] random 0000 0000 0000 2ee4c4fc 167bdb15: extract_entropy(.. 8 ..)
[    2.073131] random 0000 0000 0000 2ee4c4fc 167bdb15: trying to extract 64 bits from input
[    2.073133] random 0000 0000 0000 2ee4c4fc 167bdb15: debiting 0 entropy credits from input
[    2.073135] random 0000 0000 0000 2ee4c4fc 167bdb15: extract_entropy account returned: 0 
[    2.073137] random 0000 0000 0000 2ee4c4fc 167bdb15: urand_change_num 24 xfer_secondary_pool(8): pool_sig fffffcbf, data_sig 00000000, bytes_mixed 0 2ee4c4fc 167bdb15
[    2.073140] random 0000 0000 0000 2ee4c4fc 167bdb15: trying to extract 64 bits from nonblocking
[    2.073142] random 0000 0000 0000 2ee4c4fc 167bdb15: debiting 64 entropy credits from nonblocking (unlimited)
[    2.073144] random 0000 0000 0000 2ee4c4fc 167bdb15: extract_entropy account returned: 8 
[    2.073147] random 0000 0000 0000 2ee4c4fc 167bdb15: urand_change_num 25 extract_buf: pool_sig fffffcbf, data_sig ffffff83, bytes_mixed 20 2ee4c4fc 167bdb15
[    2.073185] PM: Resume from disk failed.
[    2.073192] registered taskstats version 1
[    2.073195] random 0000 0000 0000 2ee4c4fc 167bdb15: rand_read_num 7 get_random_bytes(12): sig fffffc69 2ee4c4fc 167bdb15
[    2.073197] random 0000 0000 0000 2ee4c4fc 167bdb15: extract_entropy(.. 12 ..)
[    2.073199] random 0000 0000 0000 2ee4c4fc 167bdb15: going to reseed nonblocking with 96 bits (96 of 0 requested)
[    2.073201] random 0000 0000 0000 2ee4c4fc 167bdb15: extract_entropy(.. 12 ..)
[    2.073203] random 0000 0000 0000 2ee4c4fc 167bdb15: trying to extract 96 bits from input
[    2.073205] random 0000 0000 0000 2ee4c4fc 167bdb15: debiting 0 entropy credits from input
[    2.073207] random 0000 0000 0000 2ee4c4fc 167bdb15: extract_entropy account returned: 0 
[    2.073210] random 0000 0000 0000 2ee4c4fc 167bdb15: urand_change_num 26 xfer_secondary_pool(12): pool_sig fffffc69, data_sig 00000000, bytes_mixed 0 2ee4c4fc 167bdb15
[    2.073212] random 0000 0000 0000 2ee4c4fc 167bdb15: trying to extract 96 bits from nonblocking
[    2.073215] random 0000 0000 0000 2ee4c4fc 167bdb15: debiting 96 entropy credits from nonblocking (unlimited)
[    2.073217] random 0000 0000 0000 2ee4c4fc 167bdb15: extract_entropy account returned: 12 
[    2.073221] random 0000 0000 0000 2ee4c4fc 167bdb15: urand_change_num 27 extract_buf: pool_sig fffffc69, data_sig ffffff7d, bytes_mixed 20 2ee4c4fc 167bdb15
[    2.073227] random 0000 0000 0000 83b7c1ab 94697f48: urand_change_num 28 extract_buf: pool_sig fffffe30, data_sig fffffdd6, bytes_mixed 20 83b7c1ab 94697f48
[    2.073230] RANDOM - __seed init called.
[    2.073232] RANDOM - __seed init called.
[    2.073233] RANDOM - __seed init called.
[    2.073236] RANDOM - __random32 called. Change num 14.  Value: fc007995	feca4f80	21b38ad2
[    2.073239] RANDOM - random32_reseed called.  Value: fc007995	feca4f80	21b38ad2
[    2.073242] Pid: 1, comm: swapper Not tainted 2.6.32.57 #4
[    2.073244] Call Trace:
[    2.073258]  [<c14a8a0e>] ? printk+0x1d/0x1f
[    2.073266]  [<c17537e5>] random32_reseed+0x89/0xbd
[    2.073270]  [<c1003042>] do_one_initcall+0x32/0x1a0
[    2.073272]  [<c175375c>] ? random32_reseed+0x0/0xbd
[    2.073275]  [<c17308e7>] kernel_init+0x12d/0x17a
[    2.073278]  [<c17307ba>] ? kernel_init+0x0/0x17a
[    2.073281]  [<c1009b07>] kernel_thread_helper+0x7/0x10
[    2.076003] input: AT Translated Set 2 keyboard as /devices/platform/i8042/serio0/input/input1
[    2.076281] random 0000 0000 0000 6db70b00 b30ce96b: rand_read_num 8 get_random_bytes(64): sig fffffb38 6db70b00 b30ce96b
[    2.076284] random 0000 0000 0000 6db70b00 b30ce96b: extract_entropy(.. 64 ..)
[    2.076286] random 0000 0000 0000 6db70b00 b30ce96b: going to reseed nonblocking with 512 bits (512 of 0 requested)
[    2.076288] random 0000 0000 0000 6db70b00 b30ce96b: extract_entropy(.. 64 ..)
[    2.076290] random 0000 0000 0000 6db70b00 b30ce96b: trying to extract 512 bits from input
[    2.076292] random 0000 0000 0000 6db70b00 b30ce96b: debiting 0 entropy credits from input
[    2.076294] random 0000 0000 0000 6db70b00 b30ce96b: extract_entropy account returned: 0 
[    2.076297] random 0000 0000 0000 6db70b00 b30ce96b: urand_change_num 29 xfer_secondary_pool(64): pool_sig fffffb38, data_sig 00000000, bytes_mixed 0 6db70b00 b30ce96b
[    2.076300] random 0000 0000 0000 6db70b00 b30ce96b: trying to extract 512 bits from nonblocking
[    2.076302] random 0000 0000 0000 6db70b00 b30ce96b: debiting 512 entropy credits from nonblocking (unlimited)
[    2.076304] random 0000 0000 0000 6db70b00 b30ce96b: extract_entropy account returned: 64 
[    2.076308] random 0000 0000 0000 6db70b00 b30ce96b: urand_change_num 30 extract_buf: pool_sig fffffb38, data_sig 00000151, bytes_mixed 20 6db70b00 b30ce96b
[    2.076312] random 0000 0000 0000 6db70b00 b30ce96b: urand_change_num 31 extract_buf: pool_sig fffffdb8, data_sig 00000379, bytes_mixed 20 6db70b00 b30ce96b
[    2.076316] random 0000 0000 0000 6b83001e d4b6c0d3: urand_change_num 32 extract_buf: pool_sig ffffffc9, data_sig 00000198, bytes_mixed 20 6b83001e d4b6c0d3
[    2.076320] random 0000 0000 0000 79d3e3c7 be564518: urand_change_num 33 extract_buf: pool_sig 000002b9, data_sig ffffff84, bytes_mixed 20 79d3e3c7 be564518
[    2.076324] random 0000 0000 0000 79d3e3c7 be564518: urand_change_num 34 extract_buf: pool_sig ffffff55, data_sig ffffff5a, bytes_mixed 20 79d3e3c7 be564518
[    2.076328] random 0000 0000 0000 89c03cb2 0d353228: urand_change_num 35 extract_buf: pool_sig 00000007, data_sig ffffff17, bytes_mixed 20 89c03cb2 0d353228
[    2.076333] random 0000 0000 0000 89c03cb2 0d353228: urand_change_num 36 extract_buf: pool_sig fffffdae, data_sig 000000db, bytes_mixed 20 89c03cb2 0d353228  Magic number: 13:709:753
[    2.076343] tty ttyS4: hash matches
[    2.076425] rtc_cmos 00:04: setting system clock to 2013-05-24 21:42:51 UTC (1369431771)
[    2.076428] BIOS EDD facility v0.16 2004-Jun-25, 0 devices found
[    2.076429] EDD information not available.
[    2.076451] random 0000 0000 0000 8ca62387 b120332c: rand_read_num 9 get_random_bytes(64): sig fffffed6 8ca62387 b120332c
[    2.076453] random 0000 0000 0000 8ca62387 b120332c: extract_entropy(.. 64 ..)
[    2.076456] random 0000 0000 0000 8ca62387 b120332c: going to reseed nonblocking with 512 bits (512 of 0 requested)
[    2.076458] random 0000 0000 0000 8ca62387 b120332c: extract_entropy(.. 64 ..)
[    2.076460] random 0000 0000 0000 8ca62387 b120332c: trying to extract 512 bits from input
[    2.076462] random 0000 0000 0000 8ca62387 b120332c: debiting 0 entropy credits from input
[    2.076464] random 0000 0000 0000 8ca62387 b120332c: extract_entropy account returned: 0 
[    2.076466] random 0000 0000 0000 8ca62387 b120332c: urand_change_num 37 xfer_secondary_pool(64): pool_sig fffffed6, data_sig 00000000, bytes_mixed 0 8ca62387 b120332c
[    2.076469] random 0000 0000 0000 8ca62387 b120332c: trying to extract 512 bits from nonblocking
[    2.076471] random 0000 0000 0000 8ca62387 b120332c: debiting 512 entropy credits from nonblocking (unlimited)
[    2.076473] random 0000 0000 0000 8ca62387 b120332c: extract_entropy account returned: 64 
[    2.076476] random 0000 0000 0000 8ca62387 b120332c: urand_change_num 38 extract_buf: pool_sig fffffed6, data_sig fffffeb6, bytes_mixed 20 8ca62387 b120332c
[    2.076480] random 0000 0000 0000 90702413 e2a66c2e: urand_change_num 39 extract_buf: pool_sig fffffbb0, data_sig 0000012e, bytes_mixed 20 90702413 e2a66c2e
[    2.076485] random 0000 0000 0000 90702413 e2a66c2e: urand_change_num 40 extract_buf: pool_sig fffffaf1, data_sig ffffff3c, bytes_mixed 20 90702413 e2a66c2e
[    2.076489] random 0000 0000 0000 3f58038b c77aecb6: urand_change_num 41 extract_buf: pool_sig 00000234, data_sig fffffdec, bytes_mixed 20 3f58038b c77aecb6
[    2.076493] random 0000 0000 0000 47187b9d 03f21510: urand_change_num 42 extract_buf: pool_sig 00000192, data_sig 00000075, bytes_mixed 20 47187b9d 03f21510
[    2.076497] random 0000 0000 0000 47187b9d 03f21510: urand_change_num 43 extract_buf: pool_sig 0000018e, data_sig ffffffbf, bytes_mixed 20 47187b9d 03f21510
[    2.076501] random 0000 0000 0000 3180b1fc 0fa9c973: urand_change_num 44 extract_buf: pool_sig fffffecf, data_sig ffffff2a, bytes_mixed 20 3180b1fc 0fa9c973
[    2.076504] BEGIN NET_SECRET:
[    2.076505] \xffffff87
[    2.076506] \xffffff8d
[    2.076507] \xfffffff4
[    2.076508] \xffffffae
[    2.076509] \xffffffc3
[    2.076510] \xffffffb7
[    2.076512] \x31
[    2.076513] \x65
[    2.076514] \xffffffda
[    2.076515] \xffffffa2
[    2.076516] \x31
[    2.076517] \xffffffc8
[    2.076518] \xffffffa9
[    2.076519] \x76
[    2.076520] \x76
[    2.076521] \xffffff90
[    2.076522] \x55
[    2.076523] \xfffffff3
[    2.076524] \xffffffb1
[    2.076525] \x3
[    2.076527] \xffffffb3
[    2.076528] \xffffffa7
[    2.076529] \x5a
[    2.076530] \x71
[    2.076531] \x70
[    2.076532] \xffffff8c
[    2.076533] \x56
[    2.076534] \x25
[    2.076535] \xffffffe1
[    2.076536] \x4c
[    2.076537] \xffffffe6
[    2.076538] \xffffff95
[    2.076539] \x67
[    2.076540] \x4c
[    2.076541] \xffffffb9
[    2.076542] \x1d
[    2.076543] \xe
[    2.076545] \x34
[    2.076546] \xffffffbe
[    2.076547] \x12
[    2.076548] \x5
[    2.076549] \xffffff98
[    2.076550] \xffffffa0
[    2.076551] \xf
[    2.076552] \xffffffb2
[    2.076553] \xffffffde
[    2.076554] \xffffff99
[    2.076555] \xf
[    2.076556] \xffffffe8
[    2.076557] \xffffffc8
[    2.076558] \x1f
[    2.076559] \x54
[    2.076561] \x2c
[    2.076562] \xffffffee
[    2.076563] \x2e
[    2.076564] \x0
[    2.076565] \xffffff95
[    2.076566] \x0
[    2.076567] \xffffffe3
[    2.076568] \xffffffa7
[    2.076569] \xfffffffd
[    2.076570] \x66
[    2.076571] \xffffff92
[    2.076572] \xfffffff0
[    2.076573] 
[    2.076574] END NET_SECRET
[    2.076577] random 0000 0000 0000 3180b1fc 0fa9c973: rand_read_num 10 get_random_bytes(4): sig ffffff46 3180b1fc 0fa9c973
[    2.076579] random 0000 0000 0000 3180b1fc 0fa9c973: extract_entropy(.. 4 ..)
[    2.076581] random 0000 0000 0000 3180b1fc 0fa9c973: going to reseed nonblocking with 64 bits (32 of 0 requested)
[    2.076583] random 0000 0000 0000 3180b1fc 0fa9c973: extract_entropy(.. 8 ..)
[    2.076585] random 0000 0000 0000 3180b1fc 0fa9c973: trying to extract 64 bits from input
[    2.076587] random 0000 0000 0000 3180b1fc 0fa9c973: debiting 0 entropy credits from input
[    2.076589] random 0000 0000 0000 3180b1fc 0fa9c973: extract_entropy account returned: 0 
[    2.076592] random 0000 0000 0000 3180b1fc 0fa9c973: urand_change_num 45 xfer_secondary_pool(4): pool_sig ffffff46, data_sig 00000000, bytes_mixed 0 3180b1fc 0fa9c973
[    2.076594] random 0000 0000 0000 3180b1fc 0fa9c973: trying to extract 32 bits from nonblocking
[    2.076596] random 0000 0000 0000 3180b1fc 0fa9c973: debiting 32 entropy credits from nonblocking (unlimited)
[    2.076598] random 0000 0000 0000 3180b1fc 0fa9c973: extract_entropy account returned: 4 
[    2.076601] random 0000 0000 0000 3180b1fc 0fa9c973: urand_change_num 46 extract_buf: pool_sig ffffff46, data_sig 0000001b, bytes_mixed 20 3180b1fc 0fa9c973
[    2.249437] ata2.00: ATAPI: VMware Virtual IDE CDROM Drive, 00000001, max UDMA/33
[    2.249718] ata2.00: configured for UDMA/33
[    2.250132] scsi 1:0:0:0: CD-ROM            NECVMWar VMware IDE CDR10 1.00 PQ: 0 ANSI: 5
[    2.251525] sr0: scsi3-mmc drive: 306x/306x cd/rw xa/form2 cdda tray
[    2.251529] Uniform CD-ROM driver Revision: 3.20
[    2.251582] sr 1:0:0:0: Attached scsi CD-ROM sr0
[    2.251620] sr 1:0:0:0: Attached scsi generic sg0 type 5
[    2.251660] Freeing unused kernel memory: 652k freed
[    2.251713] Write protecting the kernel text: 4840k
[    2.251743] Write protecting the kernel read-only data: 1968k
