[    0.000000] random 0000 0000 0000 00000000 00000000: rand_read_num 1 get_random_bytes(8): sig 00000000 00000000 00000000
[    0.000000] random 0000 0000 0000 00000000 00000000: extract_entropy(.. 8 ..)
[    0.000000] random 0000 0000 0000 00000000 00000000: going to reseed nonblocking with 64 bits (64 of 0 requested)
[    0.000000] random 0000 0000 0000 00000000 00000000: extract_entropy(.. 8 ..)
[    0.000000] random 0000 0000 0000 00000000 00000000: trying to extract 64 bits from input
[    0.000000] random 0000 0000 0000 00000000 00000000: debiting 0 entropy credits from input
[    0.000000] random 0000 0000 0000 00000000 00000000: extract_entropy account returned: 0 
[    0.000000] random 0000 0000 0000 00000000 00000000: urand_change_num 1 xfer_secondary_pool(8): pool_sig 00000000, data_sig 00000000, bytes_mixed 0 00000000 00000000
[    0.000000] random 0000 0000 0000 00000000 00000000: trying to extract 64 bits from nonblocking
[    0.000000] random 0000 0000 0000 00000000 00000000: debiting 64 entropy credits from nonblocking (unlimited)
[    0.000000] random 0000 0000 0000 00000000 00000000: extract_entropy account returned: 8 
[    0.000000] random 0000 0000 0000 00000000 00000000: urand_change_num 2 extract_buf: pool_sig 00000000, data_sig fffffff9, bytes_mixed 20 00000000 00000000
[    0.000000] Initializing cgroup subsys cpuset
[    0.000000] Initializing cgroup subsys cpu
[    0.000000] Linux version 2.6.32.57 (dcashman@ubuntu) (gcc version 4.6.3 (Ubuntu/Linaro 4.6.3-1ubuntu5) ) #4 SMP Fri May 24 11:09:26 PDT 2013
[    0.000000] KERNEL supported cpus:
[    0.000000]   Intel GenuineIntel
[    0.000000]   AMD AuthenticAMD
[    0.000000]   NSC Geode by NSC
[    0.000000]   Cyrix CyrixInstead
[    0.000000]   Centaur CentaurHauls
[    0.000000]   Transmeta GenuineTMx86
[    0.000000]   Transmeta TransmetaCPU
[    0.000000]   UMC UMC UMC UMC
[    0.000000] BIOS-provided physical RAM map:
[    0.000000]  BIOS-e820: 0000000000000000 - 000000000009f000 (usable)
[    0.000000]  BIOS-e820: 000000000009f000 - 00000000000a0000 (reserved)
[    0.000000]  BIOS-e820: 00000000000ca000 - 00000000000cc000 (reserved)
[    0.000000]  BIOS-e820: 00000000000dc000 - 0000000000100000 (reserved)
[    0.000000]  BIOS-e820: 0000000000100000 - 000000003fee0000 (usable)
[    0.000000]  BIOS-e820: 000000003fee0000 - 000000003feff000 (ACPI data)
[    0.000000]  BIOS-e820: 000000003feff000 - 000000003ff00000 (ACPI NVS)
[    0.000000]  BIOS-e820: 000000003ff00000 - 0000000040000000 (usable)
[    0.000000]  BIOS-e820: 00000000e0000000 - 00000000f0000000 (reserved)
[    0.000000]  BIOS-e820: 00000000fec00000 - 00000000fec10000 (reserved)
[    0.000000]  BIOS-e820: 00000000fee00000 - 00000000fee01000 (reserved)
[    0.000000]  BIOS-e820: 00000000fffe0000 - 0000000100000000 (reserved)
[    0.000000] DMI present.
[    0.000000] Phoenix BIOS detected: BIOS may corrupt low RAM, working around it.
[    0.000000] e820 update range: 0000000000000000 - 0000000000010000 (usable) ==> (reserved)
[    0.000000] last_pfn = 0x40000 max_arch_pfn = 0x1000000
[    0.000000] MTRR default type: uncachable
[    0.000000] MTRR fixed ranges enabled:
[    0.000000]   00000-9FFFF write-back
[    0.000000]   A0000-BFFFF uncachable
[    0.000000]   C0000-CBFFF write-protect
[    0.000000]   CC000-EFFFF uncachable
[    0.000000]   F0000-FFFFF write-protect
[    0.000000] MTRR variable ranges enabled:
[    0.000000]   0 base 0000000000 mask FFC0000000 write-back
[    0.000000]   1 disabled
[    0.000000]   2 disabled
[    0.000000]   3 disabled
[    0.000000]   4 disabled
[    0.000000]   5 disabled
[    0.000000]   6 disabled
[    0.000000]   7 disabled
[    0.000000] x86 PAT enabled: cpu 0, old 0x0, new 0x7010600070106
[    0.000000] Scanning 0 areas for low memory corruption
[    0.000000] modified physical RAM map:
[    0.000000]  modified: 0000000000000000 - 0000000000010000 (reserved)
[    0.000000]  modified: 0000000000010000 - 000000000009f000 (usable)
[    0.000000]  modified: 000000000009f000 - 00000000000a0000 (reserved)
[    0.000000]  modified: 00000000000ca000 - 00000000000cc000 (reserved)
[    0.000000]  modified: 00000000000dc000 - 0000000000100000 (reserved)
[    0.000000]  modified: 0000000000100000 - 000000003fee0000 (usable)
[    0.000000]  modified: 000000003fee0000 - 000000003feff000 (ACPI data)
[    0.000000]  modified: 000000003feff000 - 000000003ff00000 (ACPI NVS)
[    0.000000]  modified: 000000003ff00000 - 0000000040000000 (usable)
[    0.000000]  modified: 00000000e0000000 - 00000000f0000000 (reserved)
[    0.000000]  modified: 00000000fec00000 - 00000000fec10000 (reserved)
[    0.000000]  modified: 00000000fee00000 - 00000000fee01000 (reserved)
[    0.000000]  modified: 00000000fffe0000 - 0000000100000000 (reserved)
[    0.000000] initial memory mapped : 0 - 01e00000
[    0.000000] init_memory_mapping: 0000000000000000-00000000379fe000
[    0.000000] NX (Execute Disable) protection: active
[    0.000000]  0000000000 - 0000200000 page 4k
[    0.000000]  0000200000 - 0037800000 page 2M
[    0.000000]  0037800000 - 00379fe000 page 4k
[    0.000000] kernel direct mapping tables up to 379fe000 @ 10000-16000
[    0.000000] RAMDISK: 2dcfc000 - 32e758c3
[    0.000000] ACPI: RSDP 000f6b80 00024 (v02 PTLTD )
[    0.000000] ACPI: XSDT 3feed636 0005C (v01 INTEL  440BX    06040000 VMW  01324272)
[    0.000000] ACPI: FACP 3fefee98 000F4 (v04 INTEL  440BX    06040000 PTL  000F4240)
[    0.000000] ACPI: DSDT 3feee366 10B32 (v01 PTLTD  Custom   06040000 MSFT 03000001)
[    0.000000] ACPI: FACS 3fefffc0 00040
[    0.000000] ACPI: BOOT 3feee33e 00028 (v01 PTLTD  $SBFTBL$ 06040000  LTP 00000001)
[    0.000000] ACPI: APIC 3feedc3e 003C2 (v01 PTLTD  ? APIC   06040000  LTP 00000000)
[    0.000000] ACPI: MCFG 3feedc02 0003C (v01 PTLTD  $PCITBL$ 06040000  LTP 00000001)
[    0.000000] ACPI: SRAT 3feed732 004D0 (v02 VMWARE MEMPLUG  06040000 VMW  00000001)
[    0.000000] ACPI: HPET 3feed6fa 00038 (v01 VMWARE VMW HPET 06040000 VMW  00000001)
[    0.000000] ACPI: WAET 3feed6d2 00028 (v01 VMWARE VMW WAET 06040000 VMW  00000001)
[    0.000000] ACPI: Local APIC address 0xfee00000
[    0.000000] 134MB HIGHMEM available.
[    0.000000] 889MB LOWMEM available.
[    0.000000]   mapped low ram: 0 - 379fe000
[    0.000000]   low ram: 0 - 379fe000
[    0.000000]   node 0 low ram: 00000000 - 379fe000
[    0.000000]   node 0 bootmap 00012000 - 00018f40
[    0.000000] (9 early reservations) ==> bootmem [0000000000 - 00379fe000]
[    0.000000]   #0 [0000000000 - 0000001000]   BIOS data page ==> [0000000000 - 0000001000]
[    0.000000]   #1 [0000001000 - 0000002000]    EX TRAMPOLINE ==> [0000001000 - 0000002000]
[    0.000000]   #2 [0000006000 - 0000007000]       TRAMPOLINE ==> [0000006000 - 0000007000]
[    0.000000]   #3 [0001000000 - 0001a75ff8]    TEXT DATA BSS ==> [0001000000 - 0001a75ff8]
[    0.000000]   #4 [002dcfc000 - 0032e758c3]          RAMDISK ==> [002dcfc000 - 0032e758c3]
[    0.000000]   #5 [000009f000 - 0000100000]    BIOS reserved ==> [000009f000 - 0000100000]
[    0.000000]   #6 [0001a76000 - 0001a851c0]              BRK ==> [0001a76000 - 0001a851c0]
[    0.000000]   #7 [0000010000 - 0000012000]          PGTABLE ==> [0000010000 - 0000012000]
[    0.000000]   #8 [0000012000 - 0000019000]          BOOTMAP ==> [0000012000 - 0000019000]
[    0.000000] found SMP MP-table at [c00f6bf0] f6bf0
[    0.000000] Zone PFN ranges:
[    0.000000]   DMA      0x00000010 -> 0x00001000
[    0.000000]   Normal   0x00001000 -> 0x000379fe
[    0.000000]   HighMem  0x000379fe -> 0x00040000
[    0.000000] Movable zone start PFN for each node
[    0.000000] early_node_map[3] active PFN ranges
[    0.000000]     0: 0x00000010 -> 0x0000009f
[    0.000000]     0: 0x00000100 -> 0x0003fee0
[    0.000000]     0: 0x0003ff00 -> 0x00040000
[    0.000000] On node 0 totalpages: 261999
[    0.000000] free_area_init_node: node 0, pgdat c1715200, node_mem_map c1a87200
[    0.000000]   DMA zone: 32 pages used for memmap
[    0.000000]   DMA zone: 0 pages reserved
[    0.000000]   DMA zone: 3951 pages, LIFO batch:0
[    0.000000]   Normal zone: 1748 pages used for memmap
[    0.000000]   Normal zone: 221994 pages, LIFO batch:31
[    0.000000]   HighMem zone: 269 pages used for memmap
[    0.000000]   HighMem zone: 34005 pages, LIFO batch:7
[    0.000000] Using APIC driver default
[    0.000000] ACPI: PM-Timer IO Port: 0x1008
[    0.000000] ACPI: Local APIC address 0xfee00000
[    0.000000] ACPI: LAPIC (acpi_id[0x00] lapic_id[0x00] enabled)
[    0.000000] ACPI: LAPIC (acpi_id[0x01] lapic_id[0x02] disabled)
[    0.000000] ACPI: LAPIC (acpi_id[0x02] lapic_id[0x04] disabled)
[    0.000000] ACPI: LAPIC (acpi_id[0x03] lapic_id[0x06] disabled)
[    0.000000] ACPI: LAPIC (acpi_id[0x04] lapic_id[0x08] disabled)
[    0.000000] ACPI: LAPIC (acpi_id[0x05] lapic_id[0x0a] disabled)
[    0.000000] ACPI: LAPIC (acpi_id[0x06] lapic_id[0x0c] disabled)
[    0.000000] ACPI: LAPIC (acpi_id[0x07] lapic_id[0x0e] disabled)
[    0.000000] ACPI: LAPIC (acpi_id[0x08] lapic_id[0x10] disabled)
[    0.000000] ACPI: LAPIC (acpi_id[0x09] lapic_id[0x12] disabled)
[    0.000000] ACPI: LAPIC (acpi_id[0x0a] lapic_id[0x14] disabled)
[    0.000000] ACPI: LAPIC (acpi_id[0x0b] lapic_id[0x16] disabled)
[    0.000000] ACPI: LAPIC (acpi_id[0x0c] lapic_id[0x18] disabled)
[    0.000000] ACPI: LAPIC (acpi_id[0x0d] lapic_id[0x1a] disabled)
[    0.000000] ACPI: LAPIC (acpi_id[0x0e] lapic_id[0x1c] disabled)
[    0.000000] ACPI: LAPIC (acpi_id[0x0f] lapic_id[0x1e] disabled)
[    0.000000] ACPI: LAPIC (acpi_id[0x10] lapic_id[0x20] disabled)
[    0.000000] ACPI: LAPIC (acpi_id[0x11] lapic_id[0x22] disabled)
[    0.000000] ACPI: LAPIC (acpi_id[0x12] lapic_id[0x24] disabled)
[    0.000000] ACPI: LAPIC (acpi_id[0x13] lapic_id[0x26] disabled)
[    0.000000] ACPI: LAPIC (acpi_id[0x14] lapic_id[0x28] disabled)
[    0.000000] ACPI: LAPIC (acpi_id[0x15] lapic_id[0x2a] disabled)
[    0.000000] ACPI: LAPIC (acpi_id[0x16] lapic_id[0x2c] disabled)
[    0.000000] ACPI: LAPIC (acpi_id[0x17] lapic_id[0x2e] disabled)
[    0.000000] ACPI: LAPIC (acpi_id[0x18] lapic_id[0x30] disabled)
[    0.000000] ACPI: LAPIC (acpi_id[0x19] lapic_id[0x32] disabled)
[    0.000000] ACPI: LAPIC (acpi_id[0x1a] lapic_id[0x34] disabled)
[    0.000000] ACPI: LAPIC (acpi_id[0x1b] lapic_id[0x36] disabled)
[    0.000000] ACPI: LAPIC (acpi_id[0x1c] lapic_id[0x38] disabled)
[    0.000000] ACPI: LAPIC (acpi_id[0x1d] lapic_id[0x3a] disabled)
[    0.000000] ACPI: LAPIC (acpi_id[0x1e] lapic_id[0x3c] disabled)
[    0.000000] ACPI: LAPIC (acpi_id[0x1f] lapic_id[0x3e] disabled)
[    0.000000] ACPI: LAPIC (acpi_id[0x20] lapic_id[0x40] disabled)
[    0.000000] ACPI: LAPIC (acpi_id[0x21] lapic_id[0x42] disabled)
[    0.000000] ACPI: LAPIC (acpi_id[0x22] lapic_id[0x44] disabled)
[    0.000000] ACPI: LAPIC (acpi_id[0x23] lapic_id[0x46] disabled)
[    0.000000] ACPI: LAPIC (acpi_id[0x24] lapic_id[0x48] disabled)
[    0.000000] ACPI: LAPIC (acpi_id[0x25] lapic_id[0x4a] disabled)
[    0.000000] ACPI: LAPIC (acpi_id[0x26] lapic_id[0x4c] disabled)
[    0.000000] ACPI: LAPIC (acpi_id[0x27] lapic_id[0x4e] disabled)
[    0.000000] ACPI: LAPIC (acpi_id[0x28] lapic_id[0x50] disabled)
[    0.000000] ACPI: LAPIC (acpi_id[0x29] lapic_id[0x52] disabled)
[    0.000000] ACPI: LAPIC (acpi_id[0x2a] lapic_id[0x54] disabled)
[    0.000000] ACPI: LAPIC (acpi_id[0x2b] lapic_id[0x56] disabled)
[    0.000000] ACPI: LAPIC (acpi_id[0x2c] lapic_id[0x58] disabled)
[    0.000000] ACPI: LAPIC (acpi_id[0x2d] lapic_id[0x5a] disabled)
[    0.000000] ACPI: LAPIC (acpi_id[0x2e] lapic_id[0x5c] disabled)
[    0.000000] ACPI: LAPIC (acpi_id[0x2f] lapic_id[0x5e] disabled)
[    0.000000] ACPI: LAPIC (acpi_id[0x30] lapic_id[0x60] disabled)
[    0.000000] ACPI: LAPIC (acpi_id[0x31] lapic_id[0x62] disabled)
[    0.000000] ACPI: LAPIC (acpi_id[0x32] lapic_id[0x64] disabled)
[    0.000000] ACPI: LAPIC (acpi_id[0x33] lapic_id[0x66] disabled)
[    0.000000] ACPI: LAPIC (acpi_id[0x34] lapic_id[0x68] disabled)
[    0.000000] ACPI: LAPIC (acpi_id[0x35] lapic_id[0x6a] disabled)
[    0.000000] ACPI: LAPIC (acpi_id[0x36] lapic_id[0x6c] disabled)
[    0.000000] ACPI: LAPIC (acpi_id[0x37] lapic_id[0x6e] disabled)
[    0.000000] ACPI: LAPIC (acpi_id[0x38] lapic_id[0x70] disabled)
[    0.000000] ACPI: LAPIC (acpi_id[0x39] lapic_id[0x72] disabled)
[    0.000000] ACPI: LAPIC (acpi_id[0x3a] lapic_id[0x74] disabled)
[    0.000000] ACPI: LAPIC (acpi_id[0x3b] lapic_id[0x76] disabled)
[    0.000000] ACPI: LAPIC (acpi_id[0x3c] lapic_id[0x78] disabled)
[    0.000000] ACPI: LAPIC (acpi_id[0x3d] lapic_id[0x7a] disabled)
[    0.000000] ACPI: LAPIC (acpi_id[0x3e] lapic_id[0x7c] disabled)
[    0.000000] ACPI: LAPIC (acpi_id[0x3f] lapic_id[0x7e] disabled)
[    0.000000] ACPI: LAPIC_NMI (acpi_id[0x00] high edge lint[0x1])
[    0.000000] ACPI: LAPIC_NMI (acpi_id[0x01] high edge lint[0x1])
[    0.000000] ACPI: LAPIC_NMI (acpi_id[0x02] high edge lint[0x1])
[    0.000000] ACPI: LAPIC_NMI (acpi_id[0x03] high edge lint[0x1])
[    0.000000] ACPI: LAPIC_NMI (acpi_id[0x04] high edge lint[0x1])
[    0.000000] ACPI: LAPIC_NMI (acpi_id[0x05] high edge lint[0x1])
[    0.000000] ACPI: LAPIC_NMI (acpi_id[0x06] high edge lint[0x1])
[    0.000000] ACPI: LAPIC_NMI (acpi_id[0x07] high edge lint[0x1])
[    0.000000] ACPI: LAPIC_NMI (acpi_id[0x08] high edge lint[0x1])
[    0.000000] ACPI: LAPIC_NMI (acpi_id[0x09] high edge lint[0x1])
[    0.000000] ACPI: LAPIC_NMI (acpi_id[0x0a] high edge lint[0x1])
[    0.000000] ACPI: LAPIC_NMI (acpi_id[0x0b] high edge lint[0x1])
[    0.000000] ACPI: LAPIC_NMI (acpi_id[0x0c] high edge lint[0x1])
[    0.000000] ACPI: LAPIC_NMI (acpi_id[0x0d] high edge lint[0x1])
[    0.000000] ACPI: LAPIC_NMI (acpi_id[0x0e] high edge lint[0x1])
[    0.000000] ACPI: LAPIC_NMI (acpi_id[0x0f] high edge lint[0x1])
[    0.000000] ACPI: LAPIC_NMI (acpi_id[0x10] high edge lint[0x1])
[    0.000000] ACPI: LAPIC_NMI (acpi_id[0x11] high edge lint[0x1])
[    0.000000] ACPI: LAPIC_NMI (acpi_id[0x12] high edge lint[0x1])
[    0.000000] ACPI: LAPIC_NMI (acpi_id[0x13] high edge lint[0x1])
[    0.000000] ACPI: LAPIC_NMI (acpi_id[0x14] high edge lint[0x1])
[    0.000000] ACPI: LAPIC_NMI (acpi_id[0x15] high edge lint[0x1])
[    0.000000] ACPI: LAPIC_NMI (acpi_id[0x16] high edge lint[0x1])
[    0.000000] ACPI: LAPIC_NMI (acpi_id[0x17] high edge lint[0x1])
[    0.000000] ACPI: LAPIC_NMI (acpi_id[0x18] high edge lint[0x1])
[    0.000000] ACPI: LAPIC_NMI (acpi_id[0x19] high edge lint[0x1])
[    0.000000] ACPI: LAPIC_NMI (acpi_id[0x1a] high edge lint[0x1])
[    0.000000] ACPI: LAPIC_NMI (acpi_id[0x1b] high edge lint[0x1])
[    0.000000] ACPI: LAPIC_NMI (acpi_id[0x1c] high edge lint[0x1])
[    0.000000] ACPI: LAPIC_NMI (acpi_id[0x1d] high edge lint[0x1])
[    0.000000] ACPI: LAPIC_NMI (acpi_id[0x1e] high edge lint[0x1])
[    0.000000] ACPI: LAPIC_NMI (acpi_id[0x1f] high edge lint[0x1])
[    0.000000] ACPI: LAPIC_NMI (acpi_id[0x20] high edge lint[0x1])
[    0.000000] ACPI: LAPIC_NMI (acpi_id[0x21] high edge lint[0x1])
[    0.000000] ACPI: LAPIC_NMI (acpi_id[0x22] high edge lint[0x1])
[    0.000000] ACPI: LAPIC_NMI (acpi_id[0x23] high edge lint[0x1])
[    0.000000] ACPI: LAPIC_NMI (acpi_id[0x24] high edge lint[0x1])
[    0.000000] ACPI: LAPIC_NMI (acpi_id[0x25] high edge lint[0x1])
[    0.000000] ACPI: LAPIC_NMI (acpi_id[0x26] high edge lint[0x1])
[    0.000000] ACPI: LAPIC_NMI (acpi_id[0x27] high edge lint[0x1])
[    0.000000] ACPI: LAPIC_NMI (acpi_id[0x28] high edge lint[0x1])
[    0.000000] ACPI: LAPIC_NMI (acpi_id[0x29] high edge lint[0x1])
[    0.000000] ACPI: LAPIC_NMI (acpi_id[0x2a] high edge lint[0x1])
[    0.000000] ACPI: LAPIC_NMI (acpi_id[0x2b] high edge lint[0x1])
[    0.000000] ACPI: LAPIC_NMI (acpi_id[0x2c] high edge lint[0x1])
[    0.000000] ACPI: LAPIC_NMI (acpi_id[0x2d] high edge lint[0x1])
[    0.000000] ACPI: LAPIC_NMI (acpi_id[0x2e] high edge lint[0x1])
[    0.000000] ACPI: LAPIC_NMI (acpi_id[0x2f] high edge lint[0x1])
[    0.000000] ACPI: LAPIC_NMI (acpi_id[0x30] high edge lint[0x1])
[    0.000000] ACPI: LAPIC_NMI (acpi_id[0x31] high edge lint[0x1])
[    0.000000] ACPI: LAPIC_NMI (acpi_id[0x32] high edge lint[0x1])
[    0.000000] ACPI: LAPIC_NMI (acpi_id[0x33] high edge lint[0x1])
[    0.000000] ACPI: LAPIC_NMI (acpi_id[0x34] high edge lint[0x1])
[    0.000000] ACPI: LAPIC_NMI (acpi_id[0x35] high edge lint[0x1])
[    0.000000] ACPI: LAPIC_NMI (acpi_id[0x36] high edge lint[0x1])
[    0.000000] ACPI: LAPIC_NMI (acpi_id[0x37] high edge lint[0x1])
[    0.000000] ACPI: LAPIC_NMI (acpi_id[0x38] high edge lint[0x1])
[    0.000000] ACPI: LAPIC_NMI (acpi_id[0x39] high edge lint[0x1])
[    0.000000] ACPI: LAPIC_NMI (acpi_id[0x3a] high edge lint[0x1])
[    0.000000] ACPI: LAPIC_NMI (acpi_id[0x3b] high edge lint[0x1])
[    0.000000] ACPI: LAPIC_NMI (acpi_id[0x3c] high edge lint[0x1])
[    0.000000] ACPI: LAPIC_NMI (acpi_id[0x3d] high edge lint[0x1])
[    0.000000] ACPI: LAPIC_NMI (acpi_id[0x3e] high edge lint[0x1])
[    0.000000] ACPI: LAPIC_NMI (acpi_id[0x3f] high edge lint[0x1])
[    0.000000] ACPI: Skipping IOAPIC probe due to 'noapic' option.
[    0.000000] Using ACPI for processor (LAPIC) configuration information
[    0.000000] ACPI: HPET id: 0x8086af01 base: 0xfed00000
[    0.000000] Intel MultiProcessor Specification v1.4
[    0.000000]     Virtual Wire compatibility mode.
[    0.000000] MPTABLE: OEM ID: INTEL   
[    0.000000] MPTABLE: Product ID: 440BX       
[    0.000000] MPTABLE: APIC at: 0xFEE00000
[    0.000000] I/O APIC #1 Version 17 at 0xFEC00000.
[    0.000000] Processors: 1
[    0.000000] 64 Processors exceeds NR_CPUS limit of 8
[    0.000000] SMP: Allowing 8 CPUs, 7 hotplug CPUs
[    0.000000] nr_irqs_gsi: 24
[    0.000000] PM: Registered nosave memory: 000000000009f000 - 00000000000a0000
[    0.000000] PM: Registered nosave memory: 00000000000a0000 - 00000000000ca000
[    0.000000] PM: Registered nosave memory: 00000000000ca000 - 00000000000cc000
[    0.000000] PM: Registered nosave memory: 00000000000cc000 - 00000000000dc000
[    0.000000] PM: Registered nosave memory: 00000000000dc000 - 0000000000100000
[    0.000000] Allocating PCI resources starting at 40000000 (gap: 40000000:a0000000)
[    0.000000] Booting paravirtualized kernel on bare hardware
[    0.000000] NR_CPUS:8 nr_cpumask_bits:8 nr_cpu_ids:8 nr_node_ids:1
[    0.000000] PERCPU: Embedded 15 pages/cpu @c2400000 s39320 r0 d22120 u262144
[    0.000000] pcpu-alloc: s39320 r0 d22120 u262144 alloc=1*2097152
[    0.000000] pcpu-alloc: [0] 0 1 2 3 4 5 6 7 
[    0.000000] Built 1 zonelists in Zone order, mobility grouping on.  Total pages: 259950
[    0.000000] Kernel command line: BOOT_IMAGE=/boot/vmlinuz-2.6.32.57 root=UUID=007b598c-390d-4c65-84a1-4ff752d48633 ro quiet splash maxcpus=0
[    0.000000] PID hash table entries: 4096 (order: 2, 16384 bytes)
[    0.000000] Dentry cache hash table entries: 131072 (order: 7, 524288 bytes)
[    0.000000] Inode-cache hash table entries: 65536 (order: 6, 262144 bytes)
[    0.000000] Enabling fast FPU save and restore... done.
[    0.000000] Enabling unmasked SIMD FPU exception support... done.
[    0.000000] Initializing CPU#0
[    0.000000] xsave/xrstor: enabled xstate_bv 0x7, cntxt size 0x340
[    0.000000] allocated 5242560 bytes of page_cgroup
[    0.000000] please try 'cgroup_disable=memory' option if you don't want memory cgroups
[    0.000000] Initializing HighMem for node 0 (000379fe:00040000)
[    0.000000] Memory: 938260k/1048576k available (4839k kernel code, 108848k reserved, 2518k data, 652k init, 137096k highmem)
[    0.000000] virtual kernel memory layout:
[    0.000000]     fixmap  : 0xfff1e000 - 0xfffff000   ( 900 kB)
[    0.000000]     pkmap   : 0xffa00000 - 0xffc00000   (2048 kB)
[    0.000000]     vmalloc : 0xf81fe000 - 0xff9fe000   ( 120 MB)
[    0.000000]     lowmem  : 0xc0000000 - 0xf79fe000   ( 889 MB)
[    0.000000]       .init : 0xc1730000 - 0xc17d3000   ( 652 kB)
[    0.000000]       .data : 0xc14b9cce - 0xc172f764   (2518 kB)
[    0.000000]       .text : 0xc1000000 - 0xc14b9cce   (4839 kB)
[    0.000000] Checking if this processor honours the WP bit even in supervisor mode...Ok.
[    0.000000] SLUB: Genslabs=13, HWalign=64, Order=0-3, MinObjects=0, CPUs=8, Nodes=1
[    0.000000] Hierarchical RCU implementation.
[    0.000000] NR_IRQS:2304 nr_irqs:472
[    0.000000] Extended CMOS year: 2000
[    0.000000] Console: colour VGA+ 80x25
[    0.000000] console [tty0] enabled
[    0.000000] hpet clockevent registered
[    0.000000] TSC freq read from hypervisor : 2394.620 MHz
[    0.000000] Detected 2394.620 MHz processor.
[    0.000003] Calibrating delay loop (skipped) preset value.. 4789.24 BogoMIPS (lpj=9578480)
[    0.000012] Security Framework initialized
[    0.000015] SELinux:  Disabled at boot.
[    0.000019] Mount-cache hash table entries: 512
[    0.000121] Initializing cgroup subsys cpuacct
[    0.000124] Initializing cgroup subsys memory
[    0.000128] Initializing cgroup subsys devices
[    0.000130] Initializing cgroup subsys freezer
[    0.000157] CPU: Physical Processor ID: 0
[    0.000165] CPU: L1 I cache: 32K, L1 D cache: 32K
[    0.000166] CPU: L2 cache: 256K
[    0.000167] CPU: L3 cache: 4096K
[    0.000172] mce: CPU supports 0 MCE banks
[    0.000185] Performance Events: no PMU driver, software events only.
[    0.000195] Checking 'hlt' instruction... OK.
[    0.018070] SMP alternatives: switching to UP code
[    0.033342] ACPI: Core revision 20090903
[    0.039421] ACPI: setting ELCR to 0200 (from 0e20)
[    0.040436] ftrace: converting mcount calls to 0f 1f 44 00 00
[    0.040441] ftrace: allocating 22631 entries in 45 pages
[    0.057621] CANARY value: 6acdc5e2 for PID: 1
[    0.057651] Not enabling x2apic, Intr-remapping init failed.
[    0.057652] Enabling APIC mode:  Flat.  Using 1 I/O APICs
[    0.057660] SMP mode deactivated.
[    0.057685] SMP disabled
[    0.057738] Brought up 1 CPUs
[    0.057740] Total of 1 processors activated (4789.24 BogoMIPS).
[    0.057744] CPU0 attaching NULL sched-domain.
[    0.057812] devtmpfs: initialized
[    0.057916] sysctl table check failed: /kernel/random/now_input .1.40.7 Unknown sysctl binary path
[    0.058157] Pid: 1, comm: swapper Not tainted 2.6.32.57 #4
[    0.058158] Call Trace:
[    0.058162]  [<c14a8a0e>] ? printk+0x1d/0x1f
[    0.058165]  [<c107b56f>] set_fail+0x4f/0x60
[    0.058167]  [<c107b8b3>] sysctl_check_table+0x333/0x620
[    0.058169]  [<c107b8cc>] sysctl_check_table+0x34c/0x620
[    0.058170]  [<c107b8cc>] sysctl_check_table+0x34c/0x620
[    0.058174]  [<c1746d48>] sysctl_init+0x25/0x29
[    0.058176]  [<c1003042>] do_one_initcall+0x32/0x1a0
[    0.058178]  [<c1746d23>] ? sysctl_init+0x0/0x29
[    0.058181]  [<c17308e7>] kernel_init+0x12d/0x17a
[    0.058182]  [<c17307ba>] ? kernel_init+0x0/0x17a
[    0.058185]  [<c1009b07>] kernel_thread_helper+0x7/0x10
[    0.058186] sysctl table check failed: /kernel/random/now_blocking .1.40.8 Unknown sysctl binary path
[    0.058415] Pid: 1, comm: swapper Not tainted 2.6.32.57 #4
[    0.058416] Call Trace:
[    0.058417]  [<c14a8a0e>] ? printk+0x1d/0x1f
[    0.058419]  [<c107b56f>] set_fail+0x4f/0x60
[    0.058420]  [<c107b8b3>] sysctl_check_table+0x333/0x620
[    0.058422]  [<c107b8cc>] sysctl_check_table+0x34c/0x620
[    0.058424]  [<c107b8cc>] sysctl_check_table+0x34c/0x620
[    0.058426]  [<c1746d48>] sysctl_init+0x25/0x29
[    0.058427]  [<c1003042>] do_one_initcall+0x32/0x1a0
[    0.058429]  [<c1746d23>] ? sysctl_init+0x0/0x29
[    0.058431]  [<c17308e7>] kernel_init+0x12d/0x17a
[    0.058432]  [<c17307ba>] ? kernel_init+0x0/0x17a
[    0.058434]  [<c1009b07>] kernel_thread_helper+0x7/0x10
[    0.058435] sysctl table check failed: /kernel/random/now_nonblocking .1.40.9 Unknown sysctl binary path
[    0.058697] Pid: 1, comm: swapper Not tainted 2.6.32.57 #4
[    0.058697] Call Trace:
[    0.058699]  [<c14a8a0e>] ? printk+0x1d/0x1f
[    0.058701]  [<c107b56f>] set_fail+0x4f/0x60
[    0.058702]  [<c107b8b3>] sysctl_check_table+0x333/0x620
[    0.058704]  [<c107b8cc>] sysctl_check_table+0x34c/0x620
[    0.058705]  [<c107b8cc>] sysctl_check_table+0x34c/0x620
[    0.058708]  [<c1746d48>] sysctl_init+0x25/0x29
[    0.058709]  [<c1003042>] do_one_initcall+0x32/0x1a0
[    0.058711]  [<c1746d23>] ? sysctl_init+0x0/0x29
[    0.058713]  [<c17308e7>] kernel_init+0x12d/0x17a
[    0.058714]  [<c17307ba>] ? kernel_init+0x0/0x17a
[    0.058716]  [<c1009b07>] kernel_thread_helper+0x7/0x10
[    0.058717] sysctl table check failed: /kernel/random/nb_input_bytes .1.40.10 Unknown sysctl binary path
[    0.058952] Pid: 1, comm: swapper Not tainted 2.6.32.57 #4
[    0.058953] Call Trace:
[    0.058954]  [<c14a8a0e>] ? printk+0x1d/0x1f
[    0.058956]  [<c107b56f>] set_fail+0x4f/0x60
[    0.058957]  [<c107b8b3>] sysctl_check_table+0x333/0x620
[    0.058959]  [<c107b8cc>] sysctl_check_table+0x34c/0x620
[    0.058961]  [<c107b8cc>] sysctl_check_table+0x34c/0x620
[    0.058963]  [<c1746d48>] sysctl_init+0x25/0x29
[    0.058964]  [<c1003042>] do_one_initcall+0x32/0x1a0
[    0.058966]  [<c1746d23>] ? sysctl_init+0x0/0x29
[    0.058968]  [<c17308e7>] kernel_init+0x12d/0x17a
[    0.058969]  [<c17307ba>] ? kernel_init+0x0/0x17a
[    0.058971]  [<c1009b07>] kernel_thread_helper+0x7/0x10
[    0.058972] sysctl table check failed: /kernel/random/nb_stir_count .1.40.11 Unknown sysctl binary path
[    0.059201] Pid: 1, comm: swapper Not tainted 2.6.32.57 #4
[    0.059202] Call Trace:
[    0.059203]  [<c14a8a0e>] ? printk+0x1d/0x1f
[    0.059205]  [<c107b56f>] set_fail+0x4f/0x60
[    0.059206]  [<c107b8b3>] sysctl_check_table+0x333/0x620
[    0.059208]  [<c107b8cc>] sysctl_check_table+0x34c/0x620
[    0.059209]  [<c107b8cc>] sysctl_check_table+0x34c/0x620
[    0.059211]  [<c1746d48>] sysctl_init+0x25/0x29
[    0.059213]  [<c1003042>] do_one_initcall+0x32/0x1a0
[    0.059215]  [<c1746d23>] ? sysctl_init+0x0/0x29
[    0.059216]  [<c17308e7>] kernel_init+0x12d/0x17a
[    0.059218]  [<c17307ba>] ? kernel_init+0x0/0x17a
[    0.059219]  [<c1009b07>] kernel_thread_helper+0x7/0x10
[    0.059221] sysctl table check failed: /kernel/random/nb_reentry_count .1.40.12 Unknown sysctl binary path
[    0.059469] Pid: 1, comm: swapper Not tainted 2.6.32.57 #4
[    0.059470] Call Trace:
[    0.059472]  [<c14a8a0e>] ? printk+0x1d/0x1f
[    0.059474]  [<c107b56f>] set_fail+0x4f/0x60
[    0.059475]  [<c107b8b3>] sysctl_check_table+0x333/0x620
[    0.059477]  [<c107b8cc>] sysctl_check_table+0x34c/0x620
[    0.059478]  [<c107b8cc>] sysctl_check_table+0x34c/0x620
[    0.059481]  [<c1746d48>] sysctl_init+0x25/0x29
[    0.059482]  [<c1003042>] do_one_initcall+0x32/0x1a0
[    0.059485]  [<c1746d23>] ? sysctl_init+0x0/0x29
[    0.059495]  [<c17308e7>] kernel_init+0x12d/0x17a
[    0.059496]  [<c17307ba>] ? kernel_init+0x0/0x17a
[    0.059498]  [<c1009b07>] kernel_thread_helper+0x7/0x10
[    0.059609] RANDOM - __seed init called.
[    0.059609] RANDOM - __seed init called.
[    0.059610] RANDOM - __seed init called.
[    0.059611] RANDOM - __random32 called. Change num 1.  Value: 865378fd	b53d80db	1f8ba37e
[    0.059613] RANDOM - __random32 called. Change num 2.  Value: 378fdd29	53d80db0	46fc7ad7
[    0.059614] RANDOM - __random32 called. Change num 3.  Value: fdd29985	3d80db0e	f5ae23f5
[    0.059615] RANDOM - __random32 called. Change num 4.  Value: 299855dc	d80db0e5	47eb1be7
[    0.059616] RANDOM - __random32 called. Change num 5.  Value: 855dc464	80db0e5c	37cf1678
[    0.059618] RANDOM - __random32 called. Change num 6.  Value: dc4647ba	db0e5c1	2cf136f4
[    0.059619] RANDOM - random32 init called.  Value: dc4647ba	db0e5c1	2cf136f4
[    0.059625] regulator: core version 0.5
[    0.059683] Time: 22:05:31  Date: 05/24/13
[    0.059717] NET: Registered protocol family 16
[    0.059778] EISA bus registered
[    0.060542] ACPI: bus type pci registered
[    0.060631] PCI: MCFG configuration 0: base e0000000 segment 0 buses 0 - 255
[    0.060633] PCI: MCFG area at e0000000 reserved in E820
[    0.060634] PCI: Using MMCONFIG for extended config space
[    0.060635] PCI: Using configuration type 1 for base access
[    0.061076] bio: create slab <bio-0> at 0
[    0.062245] ACPI: EC: Look up EC in DSDT
[    0.099055] ACPI: BIOS _OSI(Linux) query ignored
[    0.104764] ACPI: Interpreter enabled
[    0.104769] ACPI: (supports S0 S1 S4 S5)
[    0.104780] ACPI: Using PIC for interrupt routing
[    0.186052] ACPI: No dock devices found.
[    0.186877] ACPI: PCI Root Bridge [PCI0] (0000:00)
[    0.188406] pci 0000:00:07.1: reg 20 io port: [0x10c0-0x10cf]
[    0.188885] pci 0000:00:07.3: quirk: region 1000-103f claimed by PIIX4 ACPI
[    0.188896] pci 0000:00:07.3: quirk: region 1040-104f claimed by PIIX4 SMB
[    0.189439] pci 0000:00:07.7: reg 10 io port: [0x1080-0x10bf]
[    0.189805] pci 0000:00:07.7: reg 14 64bit mmio: [0xc8000000-0xc8001fff]
[    0.190899] pci 0000:00:0f.0: reg 10 io port: [0x10d0-0x10df]
[    0.190936] pci 0000:00:0f.0: reg 14 32bit mmio pref: [0xd0000000-0xd7ffffff]
[    0.190971] pci 0000:00:0f.0: reg 18 32bit mmio: [0xc8800000-0xc8ffffff]
[    0.191107] pci 0000:00:0f.0: reg 30 32bit mmio pref: [0x000000-0x007fff]
[    0.191631] pci 0000:00:10.0: reg 10 io port: [0x1400-0x14ff]
[    0.191989] pci 0000:00:10.0: reg 14 64bit mmio: [0xc8040000-0xc805ffff]
[    0.192397] pci 0000:00:10.0: reg 1c 64bit mmio: [0xc8020000-0xc803ffff]
[    0.192494] pci 0000:00:10.0: reg 30 32bit mmio pref: [0x000000-0x003fff]
[    0.193937] pci 0000:00:15.0: PME# supported from D0 D3hot D3cold
[    0.193958] pci 0000:00:15.0: PME# disabled
[    0.194816] pci 0000:00:15.1: PME# supported from D0 D3hot D3cold
[    0.194836] pci 0000:00:15.1: PME# disabled
[    0.195830] pci 0000:00:15.2: PME# supported from D0 D3hot D3cold
[    0.195851] pci 0000:00:15.2: PME# disabled
[    0.196732] pci 0000:00:15.3: PME# supported from D0 D3hot D3cold
[    0.196752] pci 0000:00:15.3: PME# disabled
[    0.197620] pci 0000:00:15.4: PME# supported from D0 D3hot D3cold
[    0.197639] pci 0000:00:15.4: PME# disabled
[    0.198463] pci 0000:00:15.5: PME# supported from D0 D3hot D3cold
[    0.198481] pci 0000:00:15.5: PME# disabled
[    0.199287] pci 0000:00:15.6: PME# supported from D0 D3hot D3cold
[    0.199306] pci 0000:00:15.6: PME# disabled
[    0.200141] pci 0000:00:15.7: PME# supported from D0 D3hot D3cold
[    0.200160] pci 0000:00:15.7: PME# disabled
[    0.201222] pci 0000:00:16.0: PME# supported from D0 D3hot D3cold
[    0.201252] pci 0000:00:16.0: PME# disabled
[    0.202163] pci 0000:00:16.1: PME# supported from D0 D3hot D3cold
[    0.202183] pci 0000:00:16.1: PME# disabled
[    0.203091] pci 0000:00:16.2: PME# supported from D0 D3hot D3cold
[    0.203111] pci 0000:00:16.2: PME# disabled
[    0.204001] pci 0000:00:16.3: PME# supported from D0 D3hot D3cold
[    0.204022] pci 0000:00:16.3: PME# disabled
[    0.204878] pci 0000:00:16.4: PME# supported from D0 D3hot D3cold
[    0.204898] pci 0000:00:16.4: PME# disabled
[    0.205750] pci 0000:00:16.5: PME# supported from D0 D3hot D3cold
[    0.205769] pci 0000:00:16.5: PME# disabled
[    0.206608] pci 0000:00:16.6: PME# supported from D0 D3hot D3cold
[    0.206627] pci 0000:00:16.6: PME# disabled
[    0.207453] pci 0000:00:16.7: PME# supported from D0 D3hot D3cold
[    0.207471] pci 0000:00:16.7: PME# disabled
[    0.208307] pci 0000:00:17.0: PME# supported from D0 D3hot D3cold
[    0.208330] pci 0000:00:17.0: PME# disabled
[    0.209208] pci 0000:00:17.1: PME# supported from D0 D3hot D3cold
[    0.209227] pci 0000:00:17.1: PME# disabled
[    0.210053] pci 0000:00:17.2: PME# supported from D0 D3hot D3cold
[    0.210072] pci 0000:00:17.2: PME# disabled
[    0.210948] pci 0000:00:17.3: PME# supported from D0 D3hot D3cold
[    0.210968] pci 0000:00:17.3: PME# disabled
[    0.211843] pci 0000:00:17.4: PME# supported from D0 D3hot D3cold
[    0.211864] pci 0000:00:17.4: PME# disabled
[    0.212731] pci 0000:00:17.5: PME# supported from D0 D3hot D3cold
[    0.212751] pci 0000:00:17.5: PME# disabled
[    0.213622] pci 0000:00:17.6: PME# supported from D0 D3hot D3cold
[    0.213641] pci 0000:00:17.6: PME# disabled
[    0.214475] pci 0000:00:17.7: PME# supported from D0 D3hot D3cold
[    0.214494] pci 0000:00:17.7: PME# disabled
[    0.215354] pci 0000:00:18.0: PME# supported from D0 D3hot D3cold
[    0.215381] pci 0000:00:18.0: PME# disabled
[    0.216201] pci 0000:00:18.1: PME# supported from D0 D3hot D3cold
[    0.216227] pci 0000:00:18.1: PME# disabled
[    0.217070] pci 0000:00:18.2: PME# supported from D0 D3hot D3cold
[    0.217089] pci 0000:00:18.2: PME# disabled
[    0.218042] pci 0000:00:18.3: PME# supported from D0 D3hot D3cold
[    0.218062] pci 0000:00:18.3: PME# disabled
[    0.218934] pci 0000:00:18.4: PME# supported from D0 D3hot D3cold
[    0.218954] pci 0000:00:18.4: PME# disabled
[    0.219829] pci 0000:00:18.5: PME# supported from D0 D3hot D3cold
[    0.219849] pci 0000:00:18.5: PME# disabled
[    0.220711] pci 0000:00:18.6: PME# supported from D0 D3hot D3cold
[    0.220731] pci 0000:00:18.6: PME# disabled
[    0.221689] pci 0000:00:18.7: PME# supported from D0 D3hot D3cold
[    0.221708] pci 0000:00:18.7: PME# disabled
[    0.222761] pci 0000:02:00.0: reg 20 io port: [0x20c0-0x20df]
[    0.223231] pci 0000:02:01.0: reg 10 io port: [0x2000-0x207f]
[    0.223465] pci 0000:02:01.0: reg 30 32bit mmio pref: [0x000000-0x00ffff]
[    0.223996] pci 0000:02:02.0: reg 10 io port: [0x2080-0x20bf]
[    0.224577] pci 0000:02:03.0: reg 10 32bit mmio: [0xc9000000-0xc9000fff]
[    0.225099] pci 0000:00:11.0: transparent bridge
[    0.225118] pci 0000:00:11.0: bridge io port: [0x2000-0x3fff]
[    0.225137] pci 0000:00:11.0: bridge 32bit mmio: [0xc9000000-0xca3fffff]
[    0.225172] pci 0000:00:11.0: bridge 64bit mmio pref: [0xd8400000-0xd89fffff]
[    0.225537] pci 0000:00:15.0: bridge io port: [0x4000-0x4fff]
[    0.225555] pci 0000:00:15.0: bridge 32bit mmio: [0xca400000-0xca4fffff]
[    0.225591] pci 0000:00:15.0: bridge 64bit mmio pref: [0xd8a00000-0xd8afffff]
[    0.225925] pci 0000:00:15.1: bridge io port: [0x8000-0x8fff]
[    0.225944] pci 0000:00:15.1: bridge 32bit mmio: [0xca800000-0xca8fffff]
[    0.225979] pci 0000:00:15.1: bridge 64bit mmio pref: [0xd8e00000-0xd8efffff]
[    0.226361] pci 0000:00:15.2: bridge io port: [0xc000-0xcfff]
[    0.226385] pci 0000:00:15.2: bridge 32bit mmio: [0xcac00000-0xcacfffff]
[    0.226426] pci 0000:00:15.2: bridge 64bit mmio pref: [0xd9200000-0xd92fffff]
[    0.226783] pci 0000:00:15.3: bridge 32bit mmio: [0xcb000000-0xcb0fffff]
[    0.226819] pci 0000:00:15.3: bridge 64bit mmio pref: [0xd9600000-0xd96fffff]
[    0.227170] pci 0000:00:15.4: bridge 32bit mmio: [0xcb400000-0xcb4fffff]
[    0.227208] pci 0000:00:15.4: bridge 64bit mmio pref: [0xd9a00000-0xd9afffff]
[    0.227583] pci 0000:00:15.5: bridge 32bit mmio: [0xcb800000-0xcb8fffff]
[    0.227618] pci 0000:00:15.5: bridge 64bit mmio pref: [0xd9e00000-0xd9efffff]
[    0.227982] pci 0000:00:15.6: bridge 32bit mmio: [0xcbc00000-0xcbcfffff]
[    0.228017] pci 0000:00:15.6: bridge 64bit mmio pref: [0xda200000-0xda2fffff]
[    0.228479] pci 0000:00:15.7: bridge 32bit mmio: [0xcc000000-0xcc0fffff]
[    0.228526] pci 0000:00:15.7: bridge 64bit mmio pref: [0xda600000-0xda6fffff]
[    0.228887] pci 0000:00:16.0: bridge io port: [0x5000-0x5fff]
[    0.228906] pci 0000:00:16.0: bridge 32bit mmio: [0xca500000-0xca5fffff]
[    0.228942] pci 0000:00:16.0: bridge 64bit mmio pref: [0xd8b00000-0xd8bfffff]
[    0.229285] pci 0000:00:16.1: bridge io port: [0x9000-0x9fff]
[    0.229304] pci 0000:00:16.1: bridge 32bit mmio: [0xca900000-0xca9fffff]
[    0.229340] pci 0000:00:16.1: bridge 64bit mmio pref: [0xd8f00000-0xd8ffffff]
[    0.229674] pci 0000:00:16.2: bridge io port: [0xd000-0xdfff]
[    0.229692] pci 0000:00:16.2: bridge 32bit mmio: [0xcad00000-0xcadfffff]
[    0.229728] pci 0000:00:16.2: bridge 64bit mmio pref: [0xd9300000-0xd93fffff]
[    0.230078] pci 0000:00:16.3: bridge 32bit mmio: [0xcb100000-0xcb1fffff]
[    0.230114] pci 0000:00:16.3: bridge 64bit mmio pref: [0xd9700000-0xd97fffff]
[    0.230508] pci 0000:00:16.4: bridge 32bit mmio: [0xcb500000-0xcb5fffff]
[    0.230544] pci 0000:00:16.4: bridge 64bit mmio pref: [0xd9b00000-0xd9bfffff]
[    0.230897] pci 0000:00:16.5: bridge 32bit mmio: [0xcb900000-0xcb9fffff]
[    0.230933] pci 0000:00:16.5: bridge 64bit mmio pref: [0xd9f00000-0xd9ffffff]
[    0.231309] pci 0000:00:16.6: bridge 32bit mmio: [0xcbd00000-0xcbdfffff]
[    0.231345] pci 0000:00:16.6: bridge 64bit mmio pref: [0xda300000-0xda3fffff]
[    0.231706] pci 0000:00:16.7: bridge 32bit mmio: [0xcc100000-0xcc1fffff]
[    0.231742] pci 0000:00:16.7: bridge 64bit mmio pref: [0xda700000-0xda7fffff]
[    0.232075] pci 0000:00:17.0: bridge io port: [0x6000-0x6fff]
[    0.232094] pci 0000:00:17.0: bridge 32bit mmio: [0xca600000-0xca6fffff]
[    0.232129] pci 0000:00:17.0: bridge 64bit mmio pref: [0xd8c00000-0xd8cfffff]
[    0.232502] pci 0000:00:17.1: bridge io port: [0xa000-0xafff]
[    0.232521] pci 0000:00:17.1: bridge 32bit mmio: [0xcaa00000-0xcaafffff]
[    0.232557] pci 0000:00:17.1: bridge 64bit mmio pref: [0xd9000000-0xd90fffff]
[    0.232892] pci 0000:00:17.2: bridge io port: [0xe000-0xefff]
[    0.232911] pci 0000:00:17.2: bridge 32bit mmio: [0xcae00000-0xcaefffff]
[    0.232947] pci 0000:00:17.2: bridge 64bit mmio pref: [0xd9400000-0xd94fffff]
[    0.233342] pci 0000:00:17.3: bridge 32bit mmio: [0xcb200000-0xcb2fffff]
[    0.233378] pci 0000:00:17.3: bridge 64bit mmio pref: [0xd9800000-0xd98fffff]
[    0.233728] pci 0000:00:17.4: bridge 32bit mmio: [0xcb600000-0xcb6fffff]
[    0.233764] pci 0000:00:17.4: bridge 64bit mmio pref: [0xd9c00000-0xd9cfffff]
[    0.234115] pci 0000:00:17.5: bridge 32bit mmio: [0xcba00000-0xcbafffff]
[    0.234151] pci 0000:00:17.5: bridge 64bit mmio pref: [0xda000000-0xda0fffff]
[    0.234527] pci 0000:00:17.6: bridge 32bit mmio: [0xcbe00000-0xcbefffff]
[    0.234563] pci 0000:00:17.6: bridge 64bit mmio pref: [0xda400000-0xda4fffff]
[    0.234913] pci 0000:00:17.7: bridge 32bit mmio: [0xcc200000-0xcc2fffff]
[    0.234949] pci 0000:00:17.7: bridge 64bit mmio pref: [0xda800000-0xda8fffff]
[    0.235308] pci 0000:00:18.0: bridge io port: [0x7000-0x7fff]
[    0.235327] pci 0000:00:18.0: bridge 32bit mmio: [0xca700000-0xca7fffff]
[    0.235363] pci 0000:00:18.0: bridge 64bit mmio pref: [0xd8d00000-0xd8dfffff]
[    0.235707] pci 0000:00:18.1: bridge io port: [0xb000-0xbfff]
[    0.235727] pci 0000:00:18.1: bridge 32bit mmio: [0xcab00000-0xcabfffff]
[    0.235763] pci 0000:00:18.1: bridge 64bit mmio pref: [0xd9100000-0xd91fffff]
[    0.236097] pci 0000:00:18.2: bridge io port: [0xf000-0xffff]
[    0.236116] pci 0000:00:18.2: bridge 32bit mmio: [0xcaf00000-0xcaffffff]
[    0.236152] pci 0000:00:18.2: bridge 64bit mmio pref: [0xd9500000-0xd95fffff]
[    0.236523] pci 0000:00:18.3: bridge 32bit mmio: [0xcb300000-0xcb3fffff]
[    0.236559] pci 0000:00:18.3: bridge 64bit mmio pref: [0xd9900000-0xd99fffff]
[    0.236909] pci 0000:00:18.4: bridge 32bit mmio: [0xcb700000-0xcb7fffff]
[    0.236944] pci 0000:00:18.4: bridge 64bit mmio pref: [0xd9d00000-0xd9dfffff]
[    0.237320] pci 0000:00:18.5: bridge 32bit mmio: [0xcbb00000-0xcbbfffff]
[    0.237356] pci 0000:00:18.5: bridge 64bit mmio pref: [0xda100000-0xda1fffff]
[    0.237706] pci 0000:00:18.6: bridge 32bit mmio: [0xcbf00000-0xcbffffff]
[    0.237742] pci 0000:00:18.6: bridge 64bit mmio pref: [0xda500000-0xda5fffff]
[    0.238091] pci 0000:00:18.7: bridge 32bit mmio: [0xcc300000-0xcc3fffff]
[    0.238126] pci 0000:00:18.7: bridge 64bit mmio pref: [0xda900000-0xda9fffff]
[    0.239550] pci_bus 0000:00: on NUMA node 0
[    0.239558] ACPI: PCI Interrupt Routing Table [\_SB_.PCI0._PRT]
[    0.462318] ACPI: PCI Interrupt Link [LNKA] (IRQs 3 4 5 6 7 *9 10 11 14 15)
[    0.462474] ACPI: PCI Interrupt Link [LNKB] (IRQs 3 4 5 6 7 9 10 *11 14 15)
[    0.462625] ACPI: PCI Interrupt Link [LNKC] (IRQs 3 4 5 6 7 9 *10 11 14 15)
[    0.462774] ACPI: PCI Interrupt Link [LNKD] (IRQs 3 4 *5 6 7 9 10 11 14 15)
[    0.462919] vgaarb: device added: PCI:0000:00:0f.0,decodes=io+mem,owns=io+mem,locks=none
[    0.462929] vgaarb: loaded
[    0.463020] SCSI subsystem initialized
[    0.463064] libata version 3.00 loaded.
[    0.463104] usbcore: registered new interface driver usbfs
[    0.463115] usbcore: registered new interface driver hub
[    0.463131] usbcore: registered new device driver usb
[    0.463199] PCI: Using ACPI for IRQ routing
[    0.464174] NetLabel: Initializing
[    0.464176] NetLabel:  domain hash size = 128
[    0.464178] NetLabel:  protocols = UNLABELED CIPSOv4
[    0.464186] NetLabel:  unlabeled traffic allowed by default
[    0.464219] hpet0: at MMIO 0xfed00000, IRQs 2, 8, 0, 0, 0, 0, 0, 0, 0, 0, 0, 0, 0, 0, 0, 0
[    0.464225] hpet0: 16 comparators, 64-bit 14.318180 MHz counter
[    0.466243] Switching to clocksource tsc
[    0.473523] pnp: PnP ACPI init
[    0.473536] ACPI: bus type pnp registered
[    0.516919] pnp: PnP ACPI: found 14 devices
[    0.516922] ACPI: ACPI bus type pnp unregistered
[    0.516925] PnPBIOS: Disabled by ACPI PNP
[    0.516940] system 00:01: ioport range 0x1000-0x103f has been reserved
[    0.516942] system 00:01: ioport range 0x1040-0x104f has been reserved
[    0.516943] system 00:01: ioport range 0xcf0-0xcf1 has been reserved
[    0.516951] system 00:08: iomem range 0xfed00000-0xfed003ff has been reserved
[    0.516955] system 00:0d: ioport range 0x1060-0x107f has been reserved
[    0.516957] system 00:0d: iomem range 0xe0000000-0xefffffff has been reserved
[    0.516959] system 00:0d: iomem range 0xc8200000-0xc83fffff has been reserved
[    0.551873] pci 0000:00:15.3: BAR 13: can't allocate I/O resource [0x10000-0xffff]
[    0.551877] pci 0000:00:15.4: BAR 13: can't allocate I/O resource [0x10000-0xffff]
[    0.551880] pci 0000:00:15.5: BAR 13: can't allocate I/O resource [0x10000-0xffff]
[    0.551882] pci 0000:00:15.6: BAR 13: can't allocate I/O resource [0x10000-0xffff]
[    0.551885] pci 0000:00:15.7: BAR 13: can't allocate I/O resource [0x10000-0xffff]
[    0.551888] pci 0000:00:16.3: BAR 13: can't allocate I/O resource [0x10000-0xffff]
[    0.551890] pci 0000:00:16.4: BAR 13: can't allocate I/O resource [0x10000-0xffff]
[    0.551893] pci 0000:00:16.5: BAR 13: can't allocate I/O resource [0x10000-0xffff]
[    0.551896] pci 0000:00:16.6: BAR 13: can't allocate I/O resource [0x10000-0xffff]
[    0.551898] pci 0000:00:16.7: BAR 13: can't allocate I/O resource [0x10000-0xffff]
[    0.551901] pci 0000:00:17.3: BAR 13: can't allocate I/O resource [0x10000-0xffff]
[    0.551904] pci 0000:00:17.4: BAR 13: can't allocate I/O resource [0x10000-0xffff]
[    0.551906] pci 0000:00:17.5: BAR 13: can't allocate I/O resource [0x10000-0xffff]
[    0.551909] pci 0000:00:17.6: BAR 13: can't allocate I/O resource [0x10000-0xffff]
[    0.551912] pci 0000:00:17.7: BAR 13: can't allocate I/O resource [0x10000-0xffff]
[    0.551914] pci 0000:00:18.3: BAR 13: can't allocate I/O resource [0x10000-0xffff]
[    0.551917] pci 0000:00:18.4: BAR 13: can't allocate I/O resource [0x10000-0xffff]
[    0.551920] pci 0000:00:18.5: BAR 13: can't allocate I/O resource [0x10000-0xffff]
[    0.551922] pci 0000:00:18.6: BAR 13: can't allocate I/O resource [0x10000-0xffff]
[    0.551925] pci 0000:00:18.7: BAR 13: can't allocate I/O resource [0x10000-0xffff]
[    0.551927] pci 0000:00:01.0: PCI bridge, secondary bus 0000:01
[    0.551929] pci 0000:00:01.0:   IO window: disabled
[    0.551957] pci 0000:00:01.0:   MEM window: disabled
[    0.551976] pci 0000:00:01.0:   PREFETCH window: disabled
[    0.552014] pci 0000:00:11.0: PCI bridge, secondary bus 0000:02
[    0.552025] pci 0000:00:11.0:   IO window: 0x2000-0x3fff
[    0.552053] pci 0000:00:11.0:   MEM window: 0xc9000000-0xca3fffff
[    0.552072] pci 0000:00:11.0:   PREFETCH window: 0x000000d8400000-0x000000d89fffff
[    0.552108] pci 0000:00:15.0: PCI bridge, secondary bus 0000:03
[    0.552119] pci 0000:00:15.0:   IO window: 0x4000-0x4fff
[    0.552147] pci 0000:00:15.0:   MEM window: 0xca400000-0xca4fffff
[    0.552166] pci 0000:00:15.0:   PREFETCH window: 0x000000d8a00000-0x000000d8afffff
[    0.552215] pci 0000:00:15.1: PCI bridge, secondary bus 0000:04
[    0.552226] pci 0000:00:15.1:   IO window: 0x8000-0x8fff
[    0.552254] pci 0000:00:15.1:   MEM window: 0xca800000-0xca8fffff
[    0.552273] pci 0000:00:15.1:   PREFETCH window: 0x000000d8e00000-0x000000d8efffff
[    0.552313] pci 0000:00:15.2: PCI bridge, secondary bus 0000:05
[    0.552324] pci 0000:00:15.2:   IO window: 0xc000-0xcfff
[    0.552352] pci 0000:00:15.2:   MEM window: 0xcac00000-0xcacfffff
[    0.552371] pci 0000:00:15.2:   PREFETCH window: 0x000000d9200000-0x000000d92fffff
[    0.552411] pci 0000:00:15.3: PCI bridge, secondary bus 0000:06
[    0.552413] pci 0000:00:15.3:   IO window: disabled
[    0.552441] pci 0000:00:15.3:   MEM window: 0xcb000000-0xcb0fffff
[    0.552460] pci 0000:00:15.3:   PREFETCH window: 0x000000d9600000-0x000000d96fffff
[    0.552500] pci 0000:00:15.4: PCI bridge, secondary bus 0000:07
[    0.552502] pci 0000:00:15.4:   IO window: disabled
[    0.552530] pci 0000:00:15.4:   MEM window: 0xcb400000-0xcb4fffff
[    0.552549] pci 0000:00:15.4:   PREFETCH window: 0x000000d9a00000-0x000000d9afffff
[    0.552589] pci 0000:00:15.5: PCI bridge, secondary bus 0000:08
[    0.552590] pci 0000:00:15.5:   IO window: disabled
[    0.552618] pci 0000:00:15.5:   MEM window: 0xcb800000-0xcb8fffff
[    0.552637] pci 0000:00:15.5:   PREFETCH window: 0x000000d9e00000-0x000000d9efffff
[    0.552677] pci 0000:00:15.6: PCI bridge, secondary bus 0000:09
[    0.552679] pci 0000:00:15.6:   IO window: disabled
[    0.552715] pci 0000:00:15.6:   MEM window: 0xcbc00000-0xcbcfffff
[    0.552752] pci 0000:00:15.6:   PREFETCH window: 0x000000da200000-0x000000da2fffff
[    0.552792] pci 0000:00:15.7: PCI bridge, secondary bus 0000:0a
[    0.552793] pci 0000:00:15.7:   IO window: disabled
[    0.552821] pci 0000:00:15.7:   MEM window: 0xcc000000-0xcc0fffff
[    0.552840] pci 0000:00:15.7:   PREFETCH window: 0x000000da600000-0x000000da6fffff
[    0.552880] pci 0000:00:16.0: PCI bridge, secondary bus 0000:0b
[    0.552891] pci 0000:00:16.0:   IO window: 0x5000-0x5fff
[    0.552919] pci 0000:00:16.0:   MEM window: 0xca500000-0xca5fffff
[    0.552938] pci 0000:00:16.0:   PREFETCH window: 0x000000d8b00000-0x000000d8bfffff
[    0.552978] pci 0000:00:16.1: PCI bridge, secondary bus 0000:0c
[    0.552989] pci 0000:00:16.1:   IO window: 0x9000-0x9fff
[    0.553016] pci 0000:00:16.1:   MEM window: 0xca900000-0xca9fffff
[    0.553036] pci 0000:00:16.1:   PREFETCH window: 0x000000d8f00000-0x000000d8ffffff
[    0.553075] pci 0000:00:16.2: PCI bridge, secondary bus 0000:0d
[    0.553086] pci 0000:00:16.2:   IO window: 0xd000-0xdfff
[    0.553114] pci 0000:00:16.2:   MEM window: 0xcad00000-0xcadfffff
[    0.553133] pci 0000:00:16.2:   PREFETCH window: 0x000000d9300000-0x000000d93fffff
[    0.553173] pci 0000:00:16.3: PCI bridge, secondary bus 0000:0e
[    0.553174] pci 0000:00:16.3:   IO window: disabled
[    0.553202] pci 0000:00:16.3:   MEM window: 0xcb100000-0xcb1fffff
[    0.553222] pci 0000:00:16.3:   PREFETCH window: 0x000000d9700000-0x000000d97fffff
[    0.553261] pci 0000:00:16.4: PCI bridge, secondary bus 0000:0f
[    0.553263] pci 0000:00:16.4:   IO window: disabled
[    0.553291] pci 0000:00:16.4:   MEM window: 0xcb500000-0xcb5fffff
[    0.553310] pci 0000:00:16.4:   PREFETCH window: 0x000000d9b00000-0x000000d9bfffff
[    0.553349] pci 0000:00:16.5: PCI bridge, secondary bus 0000:10
[    0.553351] pci 0000:00:16.5:   IO window: disabled
[    0.553379] pci 0000:00:16.5:   MEM window: 0xcb900000-0xcb9fffff
[    0.553398] pci 0000:00:16.5:   PREFETCH window: 0x000000d9f00000-0x000000d9ffffff
[    0.553438] pci 0000:00:16.6: PCI bridge, secondary bus 0000:11
[    0.553439] pci 0000:00:16.6:   IO window: disabled
[    0.553467] pci 0000:00:16.6:   MEM window: 0xcbd00000-0xcbdfffff
[    0.553486] pci 0000:00:16.6:   PREFETCH window: 0x000000da300000-0x000000da3fffff
[    0.553526] pci 0000:00:16.7: PCI bridge, secondary bus 0000:12
[    0.553527] pci 0000:00:16.7:   IO window: disabled
[    0.553555] pci 0000:00:16.7:   MEM window: 0xcc100000-0xcc1fffff
[    0.553574] pci 0000:00:16.7:   PREFETCH window: 0x000000da700000-0x000000da7fffff
[    0.553614] pci 0000:00:17.0: PCI bridge, secondary bus 0000:13
[    0.553625] pci 0000:00:17.0:   IO window: 0x6000-0x6fff
[    0.553653] pci 0000:00:17.0:   MEM window: 0xca600000-0xca6fffff
[    0.553672] pci 0000:00:17.0:   PREFETCH window: 0x000000d8c00000-0x000000d8cfffff
[    0.553722] pci 0000:00:17.1: PCI bridge, secondary bus 0000:14
[    0.553734] pci 0000:00:17.1:   IO window: 0xa000-0xafff
[    0.553770] pci 0000:00:17.1:   MEM window: 0xcaa00000-0xcaafffff
[    0.553790] pci 0000:00:17.1:   PREFETCH window: 0x000000d9000000-0x000000d90fffff
[    0.553829] pci 0000:00:17.2: PCI bridge, secondary bus 0000:15
[    0.553841] pci 0000:00:17.2:   IO window: 0xe000-0xefff
[    0.553869] pci 0000:00:17.2:   MEM window: 0xcae00000-0xcaefffff
[    0.553888] pci 0000:00:17.2:   PREFETCH window: 0x000000d9400000-0x000000d94fffff
[    0.553928] pci 0000:00:17.3: PCI bridge, secondary bus 0000:16
[    0.553929] pci 0000:00:17.3:   IO window: disabled
[    0.553957] pci 0000:00:17.3:   MEM window: 0xcb200000-0xcb2fffff
[    0.553976] pci 0000:00:17.3:   PREFETCH window: 0x000000d9800000-0x000000d98fffff
[    0.554016] pci 0000:00:17.4: PCI bridge, secondary bus 0000:17
[    0.554017] pci 0000:00:17.4:   IO window: disabled
[    0.554045] pci 0000:00:17.4:   MEM window: 0xcb600000-0xcb6fffff
[    0.554064] pci 0000:00:17.4:   PREFETCH window: 0x000000d9c00000-0x000000d9cfffff
[    0.554104] pci 0000:00:17.5: PCI bridge, secondary bus 0000:18
[    0.554105] pci 0000:00:17.5:   IO window: disabled
[    0.554133] pci 0000:00:17.5:   MEM window: 0xcba00000-0xcbafffff
[    0.554172] pci 0000:00:17.5:   PREFETCH window: 0x000000da000000-0x000000da0fffff
[    0.554216] pci 0000:00:17.6: PCI bridge, secondary bus 0000:19
[    0.554217] pci 0000:00:17.6:   IO window: disabled
[    0.554247] pci 0000:00:17.6:   MEM window: 0xcbe00000-0xcbefffff
[    0.554268] pci 0000:00:17.6:   PREFETCH window: 0x000000da400000-0x000000da4fffff
[    0.554317] pci 0000:00:17.7: PCI bridge, secondary bus 0000:1a
[    0.554318] pci 0000:00:17.7:   IO window: disabled
[    0.554346] pci 0000:00:17.7:   MEM window: 0xcc200000-0xcc2fffff
[    0.554365] pci 0000:00:17.7:   PREFETCH window: 0x000000da800000-0x000000da8fffff
[    0.554405] pci 0000:00:18.0: PCI bridge, secondary bus 0000:1b
[    0.554416] pci 0000:00:18.0:   IO window: 0x7000-0x7fff
[    0.554444] pci 0000:00:18.0:   MEM window: 0xca700000-0xca7fffff
[    0.554463] pci 0000:00:18.0:   PREFETCH window: 0x000000d8d00000-0x000000d8dfffff
[    0.554503] pci 0000:00:18.1: PCI bridge, secondary bus 0000:1c
[    0.554514] pci 0000:00:18.1:   IO window: 0xb000-0xbfff
[    0.554541] pci 0000:00:18.1:   MEM window: 0xcab00000-0xcabfffff
[    0.554561] pci 0000:00:18.1:   PREFETCH window: 0x000000d9100000-0x000000d91fffff
[    0.554600] pci 0000:00:18.2: PCI bridge, secondary bus 0000:1d
[    0.554611] pci 0000:00:18.2:   IO window: 0xf000-0xffff
[    0.554639] pci 0000:00:18.2:   MEM window: 0xcaf00000-0xcaffffff
[    0.554658] pci 0000:00:18.2:   PREFETCH window: 0x000000d9500000-0x000000d95fffff
[    0.554706] pci 0000:00:18.3: PCI bridge, secondary bus 0000:1e
[    0.554734] pci 0000:00:18.3:   IO window: disabled
[    0.554764] pci 0000:00:18.3:   MEM window: 0xcb300000-0xcb3fffff
[    0.554785] pci 0000:00:18.3:   PREFETCH window: 0x000000d9900000-0x000000d99fffff
[    0.554828] pci 0000:00:18.4: PCI bridge, secondary bus 0000:1f
[    0.554830] pci 0000:00:18.4:   IO window: disabled
[    0.554860] pci 0000:00:18.4:   MEM window: 0xcb700000-0xcb7fffff
[    0.554888] pci 0000:00:18.4:   PREFETCH window: 0x000000d9d00000-0x000000d9dfffff
[    0.554928] pci 0000:00:18.5: PCI bridge, secondary bus 0000:20
[    0.554929] pci 0000:00:18.5:   IO window: disabled
[    0.554957] pci 0000:00:18.5:   MEM window: 0xcbb00000-0xcbbfffff
[    0.554976] pci 0000:00:18.5:   PREFETCH window: 0x000000da100000-0x000000da1fffff
[    0.555016] pci 0000:00:18.6: PCI bridge, secondary bus 0000:21
[    0.555017] pci 0000:00:18.6:   IO window: disabled
[    0.555045] pci 0000:00:18.6:   MEM window: 0xcbf00000-0xcbffffff
[    0.555064] pci 0000:00:18.6:   PREFETCH window: 0x000000da500000-0x000000da5fffff
[    0.555104] pci 0000:00:18.7: PCI bridge, secondary bus 0000:22
[    0.555106] pci 0000:00:18.7:   IO window: disabled
[    0.555134] pci 0000:00:18.7:   MEM window: 0xcc300000-0xcc3fffff
[    0.555153] pci 0000:00:18.7:   PREFETCH window: 0x000000da900000-0x000000da9fffff
[    0.555222] pci 0000:00:01.0: setting latency timer to 64
[    0.555313] pci 0000:00:15.0: setting latency timer to 64
[    0.555375] pci 0000:00:15.1: setting latency timer to 64
[    0.555437] pci 0000:00:15.2: setting latency timer to 64
[    0.555499] pci 0000:00:15.3: setting latency timer to 64
[    0.555561] pci 0000:00:15.4: setting latency timer to 64
[    0.555623] pci 0000:00:15.5: setting latency timer to 64
[    0.555685] pci 0000:00:15.6: setting latency timer to 64
[    0.555775] pci 0000:00:15.7: setting latency timer to 64
[    0.555837] pci 0000:00:16.0: setting latency timer to 64
[    0.555899] pci 0000:00:16.1: setting latency timer to 64
[    0.555961] pci 0000:00:16.2: setting latency timer to 64
[    0.556023] pci 0000:00:16.3: setting latency timer to 64
[    0.556085] pci 0000:00:16.4: setting latency timer to 64
[    0.556146] pci 0000:00:16.5: setting latency timer to 64
[    0.556208] pci 0000:00:16.6: setting latency timer to 64
[    0.556270] pci 0000:00:16.7: setting latency timer to 64
[    0.556332] pci 0000:00:17.0: setting latency timer to 64
[    0.556393] pci 0000:00:17.1: setting latency timer to 64
[    0.556455] pci 0000:00:17.2: setting latency timer to 64
[    0.556517] pci 0000:00:17.3: setting latency timer to 64
[    0.556579] pci 0000:00:17.4: setting latency timer to 64
[    0.556641] pci 0000:00:17.5: setting latency timer to 64
[    0.556712] pci 0000:00:17.6: setting latency timer to 64
[    0.556779] pci 0000:00:17.7: setting latency timer to 64
[    0.556845] pci 0000:00:18.0: setting latency timer to 64
[    0.556911] pci 0000:00:18.1: setting latency timer to 64
[    0.556978] pci 0000:00:18.2: setting latency timer to 64
[    0.557044] pci 0000:00:18.3: setting latency timer to 64
[    0.557110] pci 0000:00:18.4: setting latency timer to 64
[    0.557182] pci 0000:00:18.5: setting latency timer to 64
[    0.557244] pci 0000:00:18.6: setting latency timer to 64
[    0.557305] pci 0000:00:18.7: setting latency timer to 64
[    0.557317] pci_bus 0000:00: resource 0 io:  [0x00-0xffff]
[    0.557319] pci_bus 0000:00: resource 1 mem: [0x000000-0xffffffffffffffff]
[    0.557321] pci_bus 0000:02: resource 0 io:  [0x2000-0x3fff]
[    0.557323] pci_bus 0000:02: resource 1 mem: [0xc9000000-0xca3fffff]
[    0.557325] pci_bus 0000:02: resource 2 pref mem [0xd8400000-0xd89fffff]
[    0.557327] pci_bus 0000:02: resource 3 io:  [0x00-0xffff]
[    0.557329] pci_bus 0000:02: resource 4 mem: [0x000000-0xffffffffffffffff]
[    0.557331] pci_bus 0000:03: resource 0 io:  [0x4000-0x4fff]
[    0.557332] pci_bus 0000:03: resource 1 mem: [0xca400000-0xca4fffff]
[    0.557334] pci_bus 0000:03: resource 2 pref mem [0xd8a00000-0xd8afffff]
[    0.557336] pci_bus 0000:04: resource 0 io:  [0x8000-0x8fff]
[    0.557338] pci_bus 0000:04: resource 1 mem: [0xca800000-0xca8fffff]
[    0.557340] pci_bus 0000:04: resource 2 pref mem [0xd8e00000-0xd8efffff]
[    0.557342] pci_bus 0000:05: resource 0 io:  [0xc000-0xcfff]
[    0.557343] pci_bus 0000:05: resource 1 mem: [0xcac00000-0xcacfffff]
[    0.557345] pci_bus 0000:05: resource 2 pref mem [0xd9200000-0xd92fffff]
[    0.557347] pci_bus 0000:06: resource 1 mem: [0xcb000000-0xcb0fffff]
[    0.557349] pci_bus 0000:06: resource 2 pref mem [0xd9600000-0xd96fffff]
[    0.557351] pci_bus 0000:07: resource 1 mem: [0xcb400000-0xcb4fffff]
[    0.557352] pci_bus 0000:07: resource 2 pref mem [0xd9a00000-0xd9afffff]
[    0.557354] pci_bus 0000:08: resource 1 mem: [0xcb800000-0xcb8fffff]
[    0.557356] pci_bus 0000:08: resource 2 pref mem [0xd9e00000-0xd9efffff]
[    0.557358] pci_bus 0000:09: resource 1 mem: [0xcbc00000-0xcbcfffff]
[    0.557360] pci_bus 0000:09: resource 2 pref mem [0xda200000-0xda2fffff]
[    0.557361] pci_bus 0000:0a: resource 1 mem: [0xcc000000-0xcc0fffff]
[    0.557363] pci_bus 0000:0a: resource 2 pref mem [0xda600000-0xda6fffff]
[    0.557365] pci_bus 0000:0b: resource 0 io:  [0x5000-0x5fff]
[    0.557367] pci_bus 0000:0b: resource 1 mem: [0xca500000-0xca5fffff]
[    0.557368] pci_bus 0000:0b: resource 2 pref mem [0xd8b00000-0xd8bfffff]
[    0.557370] pci_bus 0000:0c: resource 0 io:  [0x9000-0x9fff]
[    0.557372] pci_bus 0000:0c: resource 1 mem: [0xca900000-0xca9fffff]
[    0.557374] pci_bus 0000:0c: resource 2 pref mem [0xd8f00000-0xd8ffffff]
[    0.557376] pci_bus 0000:0d: resource 0 io:  [0xd000-0xdfff]
[    0.557377] pci_bus 0000:0d: resource 1 mem: [0xcad00000-0xcadfffff]
[    0.557379] pci_bus 0000:0d: resource 2 pref mem [0xd9300000-0xd93fffff]
[    0.557381] pci_bus 0000:0e: resource 1 mem: [0xcb100000-0xcb1fffff]
[    0.557383] pci_bus 0000:0e: resource 2 pref mem [0xd9700000-0xd97fffff]
[    0.557385] pci_bus 0000:0f: resource 1 mem: [0xcb500000-0xcb5fffff]
[    0.557386] pci_bus 0000:0f: resource 2 pref mem [0xd9b00000-0xd9bfffff]
[    0.557388] pci_bus 0000:10: resource 1 mem: [0xcb900000-0xcb9fffff]
[    0.557390] pci_bus 0000:10: resource 2 pref mem [0xd9f00000-0xd9ffffff]
[    0.557392] pci_bus 0000:11: resource 1 mem: [0xcbd00000-0xcbdfffff]
[    0.557394] pci_bus 0000:11: resource 2 pref mem [0xda300000-0xda3fffff]
[    0.557396] pci_bus 0000:12: resource 1 mem: [0xcc100000-0xcc1fffff]
[    0.557397] pci_bus 0000:12: resource 2 pref mem [0xda700000-0xda7fffff]
[    0.557399] pci_bus 0000:13: resource 0 io:  [0x6000-0x6fff]
[    0.557401] pci_bus 0000:13: resource 1 mem: [0xca600000-0xca6fffff]
[    0.557403] pci_bus 0000:13: resource 2 pref mem [0xd8c00000-0xd8cfffff]
[    0.557404] pci_bus 0000:14: resource 0 io:  [0xa000-0xafff]
[    0.557406] pci_bus 0000:14: resource 1 mem: [0xcaa00000-0xcaafffff]
[    0.557408] pci_bus 0000:14: resource 2 pref mem [0xd9000000-0xd90fffff]
[    0.557410] pci_bus 0000:15: resource 0 io:  [0xe000-0xefff]
[    0.557411] pci_bus 0000:15: resource 1 mem: [0xcae00000-0xcaefffff]
[    0.557413] pci_bus 0000:15: resource 2 pref mem [0xd9400000-0xd94fffff]
[    0.557415] pci_bus 0000:16: resource 1 mem: [0xcb200000-0xcb2fffff]
[    0.557417] pci_bus 0000:16: resource 2 pref mem [0xd9800000-0xd98fffff]
[    0.557419] pci_bus 0000:17: resource 1 mem: [0xcb600000-0xcb6fffff]
[    0.557420] pci_bus 0000:17: resource 2 pref mem [0xd9c00000-0xd9cfffff]
[    0.557422] pci_bus 0000:18: resource 1 mem: [0xcba00000-0xcbafffff]
[    0.557424] pci_bus 0000:18: resource 2 pref mem [0xda000000-0xda0fffff]
[    0.557426] pci_bus 0000:19: resource 1 mem: [0xcbe00000-0xcbefffff]
[    0.557428] pci_bus 0000:19: resource 2 pref mem [0xda400000-0xda4fffff]
[    0.557429] pci_bus 0000:1a: resource 1 mem: [0xcc200000-0xcc2fffff]
[    0.557431] pci_bus 0000:1a: resource 2 pref mem [0xda800000-0xda8fffff]
[    0.557433] pci_bus 0000:1b: resource 0 io:  [0x7000-0x7fff]
[    0.557435] pci_bus 0000:1b: resource 1 mem: [0xca700000-0xca7fffff]
[    0.557437] pci_bus 0000:1b: resource 2 pref mem [0xd8d00000-0xd8dfffff]
[    0.557438] pci_bus 0000:1c: resource 0 io:  [0xb000-0xbfff]
[    0.557440] pci_bus 0000:1c: resource 1 mem: [0xcab00000-0xcabfffff]
[    0.557442] pci_bus 0000:1c: resource 2 pref mem [0xd9100000-0xd91fffff]
[    0.557444] pci_bus 0000:1d: resource 0 io:  [0xf000-0xffff]
[    0.557445] pci_bus 0000:1d: resource 1 mem: [0xcaf00000-0xcaffffff]
[    0.557447] pci_bus 0000:1d: resource 2 pref mem [0xd9500000-0xd95fffff]
[    0.557449] pci_bus 0000:1e: resource 1 mem: [0xcb300000-0xcb3fffff]
[    0.557451] pci_bus 0000:1e: resource 2 pref mem [0xd9900000-0xd99fffff]
[    0.557453] pci_bus 0000:1f: resource 1 mem: [0xcb700000-0xcb7fffff]
[    0.557454] pci_bus 0000:1f: resource 2 pref mem [0xd9d00000-0xd9dfffff]
[    0.557456] pci_bus 0000:20: resource 1 mem: [0xcbb00000-0xcbbfffff]
[    0.557458] pci_bus 0000:20: resource 2 pref mem [0xda100000-0xda1fffff]
[    0.557460] pci_bus 0000:21: resource 1 mem: [0xcbf00000-0xcbffffff]
[    0.557462] pci_bus 0000:21: resource 2 pref mem [0xda500000-0xda5fffff]
[    0.557464] pci_bus 0000:22: resource 1 mem: [0xcc300000-0xcc3fffff]
[    0.557465] pci_bus 0000:22: resource 2 pref mem [0xda900000-0xda9fffff]
[    0.557489] NET: Registered protocol family 2
[    0.557505] RANDOM - __random32 called. Change num 7.  Value: 647ba296	db0e5c1d	6de96f10
[    0.557507] RANDOM - random32 called.  Value: 647ba296	db0e5c1d	6de96f10
[    0.557515] random 0000 0000 0000 00000000 00000000: rand_read_num 2 get_random_bytes(4): sig fffffe1a 00000000 00000000
[    0.557517] random 0000 0000 0000 00000000 00000000: extract_entropy(.. 4 ..)
[    0.557520] random 0000 0000 0000 00000000 00000000: going to reseed nonblocking with 64 bits (32 of 0 requested)
[    0.557522] random 0000 0000 0000 00000000 00000000: extract_entropy(.. 8 ..)
[    0.557524] random 0000 0000 0000 00000000 00000000: trying to extract 64 bits from input
[    0.557527] random 0000 0000 0000 00000000 00000000: debiting 0 entropy credits from input
[    0.557529] random 0000 0000 0000 00000000 00000000: extract_entropy account returned: 0 
[    0.557531] random 0000 0000 0000 00000000 00000000: urand_change_num 3 xfer_secondary_pool(4): pool_sig fffffe1a, data_sig 00000000, bytes_mixed 0 00000000 00000000
[    0.557534] random 0000 0000 0000 00000000 00000000: trying to extract 32 bits from nonblocking
[    0.557537] random 0000 0000 0000 00000000 00000000: debiting 32 entropy credits from nonblocking (unlimited)
[    0.557539] random 0000 0000 0000 00000000 00000000: extract_entropy account returned: 4 
[    0.557542] random 0000 0000 0000 00000000 00000000: urand_change_num 4 extract_buf: pool_sig fffffe1a, data_sig fffffed7, bytes_mixed 20 00000000 00000000
[    0.557571] IP route cache hash table entries: 32768 (order: 5, 131072 bytes)
[    0.557657] RANDOM - __random32 called. Change num 8.  Value: ba296205	b0e5c1db	de205442
[    0.557659] RANDOM - random32 called.  Value: ba296205	b0e5c1db	de205442
[    0.557744] RANDOM - __random32 called. Change num 9.  Value: 962052cd	e5c1db9	a885e45e
[    0.557746] RANDOM - random32 called.  Value: 962052cd	e5c1db9	a885e45e
[    0.557748] RANDOM - __random32 called. Change num 10.  Value: 52cd38f	e5c1db9b	c8bd9558
[    0.557750] RANDOM - random32 called.  Value: 52cd38f	e5c1db9b	c8bd9558
[    0.557772] RANDOM - __random32 called. Change num 11.  Value: cd38f3eb	5c1db9b9	2ab1aa27
[    0.557774] RANDOM - random32 called.  Value: cd38f3eb	5c1db9b9	2ab1aa27
[    0.557784] TCP established hash table entries: 131072 (order: 8, 1048576 bytes)
[    0.558081] TCP bind hash table entries: 65536 (order: 7, 524288 bytes)
[    0.558159] TCP: Hash tables configured (established 131072 bind 65536)
[    0.558161] TCP reno registered
[    0.558197] NET: Registered protocol family 1
[    0.558206] pci 0000:00:00.0: Limiting direct PCI/PCI transfers
[    0.558225] pci 0000:00:0f.0: Boot video device
[    0.558412] Trying to unpack rootfs image as initramfs...
[    1.676611] Freeing initrd memory: 83430k freed
[    1.684565] Simple Boot Flag at 0x36 set to 0x1
[    1.684609] cpufreq-nforce2: No nForce2 chipset.
[    1.684622] Scanning for low memory corruption every 60 seconds
[    1.684734] audit: initializing netlink socket (disabled)
[    1.684743] type=2000 audit(1369433132.672:1): initialized
[    1.688663] highmem bounce pool size: 64 pages
[    1.688668] HugeTLB registered 2 MB page size, pre-allocated 0 pages
[    1.688762] VFS: Disk quotas dquot_6.5.2
[    1.688794] Dquot-cache hash table entries: 1024 (order 0, 4096 bytes)
[    1.688872] fuse init (API version 7.13)
[    1.688917] msgmni has been set to 1729
[    1.689201] alg: No test for stdrng (krng)
[    1.689239] Block layer SCSI generic (bsg) driver version 0.4 loaded (major 253)
[    1.689242] io scheduler noop registered
[    1.689244] io scheduler anticipatory registered
[    1.689246] io scheduler deadline registered
[    1.689267] io scheduler cfq registered (default)
[    1.689312]   alloc irq_desc for 24 on node -1
[    1.689314]   alloc kstat_irqs on node -1
[    1.689359] pcieport 0000:00:15.0: irq 24 for MSI/MSI-X
[    1.689404] pcieport 0000:00:15.0: setting latency timer to 64
[    1.689448]   alloc irq_desc for 25 on node -1
[    1.689450]   alloc kstat_irqs on node -1
[    1.689495] pcieport 0000:00:15.1: irq 25 for MSI/MSI-X
[    1.689540] pcieport 0000:00:15.1: setting latency timer to 64
[    1.689584]   alloc irq_desc for 26 on node -1
[    1.689586]   alloc kstat_irqs on node -1
[    1.689631] pcieport 0000:00:15.2: irq 26 for MSI/MSI-X
[    1.689676] pcieport 0000:00:15.2: setting latency timer to 64
[    1.689720]   alloc irq_desc for 27 on node -1
[    1.689722]   alloc kstat_irqs on node -1
[    1.689767] pcieport 0000:00:15.3: irq 27 for MSI/MSI-X
[    1.689811] pcieport 0000:00:15.3: setting latency timer to 64
[    1.689856]   alloc irq_desc for 28 on node -1
[    1.689858]   alloc kstat_irqs on node -1
[    1.689902] pcieport 0000:00:15.4: irq 28 for MSI/MSI-X
[    1.689947] pcieport 0000:00:15.4: setting latency timer to 64
[    1.689992]   alloc irq_desc for 29 on node -1
[    1.689994]   alloc kstat_irqs on node -1
[    1.690038] pcieport 0000:00:15.5: irq 29 for MSI/MSI-X
[    1.690083] pcieport 0000:00:15.5: setting latency timer to 64
[    1.690127]   alloc irq_desc for 30 on node -1
[    1.690129]   alloc kstat_irqs on node -1
[    1.690174] pcieport 0000:00:15.6: irq 30 for MSI/MSI-X
[    1.690219] pcieport 0000:00:15.6: setting latency timer to 64
[    1.690263]   alloc irq_desc for 31 on node -1
[    1.690265]   alloc kstat_irqs on node -1
[    1.690310] pcieport 0000:00:15.7: irq 31 for MSI/MSI-X
[    1.690354] pcieport 0000:00:15.7: setting latency timer to 64
[    1.690399]   alloc irq_desc for 32 on node -1
[    1.690401]   alloc kstat_irqs on node -1
[    1.690446] pcieport 0000:00:16.0: irq 32 for MSI/MSI-X
[    1.690490] pcieport 0000:00:16.0: setting latency timer to 64
[    1.690535]   alloc irq_desc for 33 on node -1
[    1.690537]   alloc kstat_irqs on node -1
[    1.690581] pcieport 0000:00:16.1: irq 33 for MSI/MSI-X
[    1.690626] pcieport 0000:00:16.1: setting latency timer to 64
[    1.690671]   alloc irq_desc for 34 on node -1
[    1.690673]   alloc kstat_irqs on node -1
[    1.690717] pcieport 0000:00:16.2: irq 34 for MSI/MSI-X
[    1.690762] pcieport 0000:00:16.2: setting latency timer to 64
[    1.690806]   alloc irq_desc for 35 on node -1
[    1.690808]   alloc kstat_irqs on node -1
[    1.690853] pcieport 0000:00:16.3: irq 35 for MSI/MSI-X
[    1.690898] pcieport 0000:00:16.3: setting latency timer to 64
[    1.690942]   alloc irq_desc for 36 on node -1
[    1.690944]   alloc kstat_irqs on node -1
[    1.690989] pcieport 0000:00:16.4: irq 36 for MSI/MSI-X
[    1.691033] pcieport 0000:00:16.4: setting latency timer to 64
[    1.691078]   alloc irq_desc for 37 on node -1
[    1.691080]   alloc kstat_irqs on node -1
[    1.691125] pcieport 0000:00:16.5: irq 37 for MSI/MSI-X
[    1.691169] pcieport 0000:00:16.5: setting latency timer to 64
[    1.691214]   alloc irq_desc for 38 on node -1
[    1.691216]   alloc kstat_irqs on node -1
[    1.691260] pcieport 0000:00:16.6: irq 38 for MSI/MSI-X
[    1.691305] pcieport 0000:00:16.6: setting latency timer to 64
[    1.691350]   alloc irq_desc for 39 on node -1
[    1.691353]   alloc kstat_irqs on node -1
[    1.691398] pcieport 0000:00:16.7: irq 39 for MSI/MSI-X
[    1.691443] pcieport 0000:00:16.7: setting latency timer to 64
[    1.692581]   alloc irq_desc for 40 on node -1
[    1.692583]   alloc kstat_irqs on node -1
[    1.692628] pcieport 0000:00:17.0: irq 40 for MSI/MSI-X
[    1.692673] pcieport 0000:00:17.0: setting latency timer to 64
[    1.692717]   alloc irq_desc for 41 on node -1
[    1.692719]   alloc kstat_irqs on node -1
[    1.692764] pcieport 0000:00:17.1: irq 41 for MSI/MSI-X
[    1.692809] pcieport 0000:00:17.1: setting latency timer to 64
[    1.692853]   alloc irq_desc for 42 on node -1
[    1.692855]   alloc kstat_irqs on node -1
[    1.692900] pcieport 0000:00:17.2: irq 42 for MSI/MSI-X
[    1.692944] pcieport 0000:00:17.2: setting latency timer to 64
[    1.692989]   alloc irq_desc for 43 on node -1
[    1.692991]   alloc kstat_irqs on node -1
[    1.693035] pcieport 0000:00:17.3: irq 43 for MSI/MSI-X
[    1.693080] pcieport 0000:00:17.3: setting latency timer to 64
[    1.693125]   alloc irq_desc for 44 on node -1
[    1.693127]   alloc kstat_irqs on node -1
[    1.693171] pcieport 0000:00:17.4: irq 44 for MSI/MSI-X
[    1.693216] pcieport 0000:00:17.4: setting latency timer to 64
[    1.693260]   alloc irq_desc for 45 on node -1
[    1.693262]   alloc kstat_irqs on node -1
[    1.693307] pcieport 0000:00:17.5: irq 45 for MSI/MSI-X
[    1.693352] pcieport 0000:00:17.5: setting latency timer to 64
[    1.693396]   alloc irq_desc for 46 on node -1
[    1.693398]   alloc kstat_irqs on node -1
[    1.693443] pcieport 0000:00:17.6: irq 46 for MSI/MSI-X
[    1.693487] pcieport 0000:00:17.6: setting latency timer to 64
[    1.693532]   alloc irq_desc for 47 on node -1
[    1.693534]   alloc kstat_irqs on node -1
[    1.693579] pcieport 0000:00:17.7: irq 47 for MSI/MSI-X
[    1.693623] pcieport 0000:00:17.7: setting latency timer to 64
[    1.693668]   alloc irq_desc for 48 on node -1
[    1.693670]   alloc kstat_irqs on node -1
[    1.693715] pcieport 0000:00:18.0: irq 48 for MSI/MSI-X
[    1.693759] pcieport 0000:00:18.0: setting latency timer to 64
[    1.693804]   alloc irq_desc for 49 on node -1
[    1.693806]   alloc kstat_irqs on node -1
[    1.693850] pcieport 0000:00:18.1: irq 49 for MSI/MSI-X
[    1.693895] pcieport 0000:00:18.1: setting latency timer to 64
[    1.693940]   alloc irq_desc for 50 on node -1
[    1.693942]   alloc kstat_irqs on node -1
[    1.693986] pcieport 0000:00:18.2: irq 50 for MSI/MSI-X
[    1.694031] pcieport 0000:00:18.2: setting latency timer to 64
[    1.694076]   alloc irq_desc for 51 on node -1
[    1.694078]   alloc kstat_irqs on node -1
[    1.694122] pcieport 0000:00:18.3: irq 51 for MSI/MSI-X
[    1.694167] pcieport 0000:00:18.3: setting latency timer to 64
[    1.694211]   alloc irq_desc for 52 on node -1
[    1.694213]   alloc kstat_irqs on node -1
[    1.694258] pcieport 0000:00:18.4: irq 52 for MSI/MSI-X
[    1.694303] pcieport 0000:00:18.4: setting latency timer to 64
[    1.694347]   alloc irq_desc for 53 on node -1
[    1.694349]   alloc kstat_irqs on node -1
[    1.694394] pcieport 0000:00:18.5: irq 53 for MSI/MSI-X
[    1.694439] pcieport 0000:00:18.5: setting latency timer to 64
[    1.694483]   alloc irq_desc for 54 on node -1
[    1.694485]   alloc kstat_irqs on node -1
[    1.694530] pcieport 0000:00:18.6: irq 54 for MSI/MSI-X
[    1.694574] pcieport 0000:00:18.6: setting latency timer to 64
[    1.694619]   alloc irq_desc for 55 on node -1
[    1.694621]   alloc kstat_irqs on node -1
[    1.694666] pcieport 0000:00:18.7: irq 55 for MSI/MSI-X
[    1.694710] pcieport 0000:00:18.7: setting latency timer to 64
[    1.694755] pci_hotplug: PCI Hot Plug PCI Core version: 0.5
[    1.696611] pciehp 0000:00:15.0:pcie04: HPC vendor_id 15ad device_id 7a0 ss_vid 0 ss_did 0
[    1.696656] pciehp 0000:00:15.0:pcie04: service driver pciehp loaded
[    1.696700] pciehp 0000:00:15.1:pcie04: HPC vendor_id 15ad device_id 7a0 ss_vid 0 ss_did 0
[    1.696745] pciehp 0000:00:15.1:pcie04: service driver pciehp loaded
[    1.696790] pciehp 0000:00:15.2:pcie04: HPC vendor_id 15ad device_id 7a0 ss_vid 0 ss_did 0
[    1.696834] pciehp 0000:00:15.2:pcie04: service driver pciehp loaded
[    1.696879] pciehp 0000:00:15.3:pcie04: HPC vendor_id 15ad device_id 7a0 ss_vid 0 ss_did 0
[    1.696924] pciehp 0000:00:15.3:pcie04: service driver pciehp loaded
[    1.696968] pciehp 0000:00:15.4:pcie04: HPC vendor_id 15ad device_id 7a0 ss_vid 0 ss_did 0
[    1.697013] pciehp 0000:00:15.4:pcie04: service driver pciehp loaded
[    1.697058] pciehp 0000:00:15.5:pcie04: HPC vendor_id 15ad device_id 7a0 ss_vid 0 ss_did 0
[    1.697102] pciehp 0000:00:15.5:pcie04: service driver pciehp loaded
[    1.697147] pciehp 0000:00:15.6:pcie04: HPC vendor_id 15ad device_id 7a0 ss_vid 0 ss_did 0
[    1.697191] pciehp 0000:00:15.6:pcie04: service driver pciehp loaded
[    1.697236] pciehp 0000:00:15.7:pcie04: HPC vendor_id 15ad device_id 7a0 ss_vid 0 ss_did 0
[    1.697281] pciehp 0000:00:15.7:pcie04: service driver pciehp loaded
[    1.697325] pciehp 0000:00:16.0:pcie04: HPC vendor_id 15ad device_id 7a0 ss_vid 0 ss_did 0
[    1.697370] pciehp 0000:00:16.0:pcie04: service driver pciehp loaded
[    1.697415] pciehp 0000:00:16.1:pcie04: HPC vendor_id 15ad device_id 7a0 ss_vid 0 ss_did 0
[    1.697459] pciehp 0000:00:16.1:pcie04: service driver pciehp loaded
[    1.697504] pciehp 0000:00:16.2:pcie04: HPC vendor_id 15ad device_id 7a0 ss_vid 0 ss_did 0
[    1.697549] pciehp 0000:00:16.2:pcie04: service driver pciehp loaded
[    1.697593] pciehp 0000:00:16.3:pcie04: HPC vendor_id 15ad device_id 7a0 ss_vid 0 ss_did 0
[    1.697638] pciehp 0000:00:16.3:pcie04: service driver pciehp loaded
[    1.697683] pciehp 0000:00:16.4:pcie04: HPC vendor_id 15ad device_id 7a0 ss_vid 0 ss_did 0
[    1.697727] pciehp 0000:00:16.4:pcie04: service driver pciehp loaded
[    1.697772] pciehp 0000:00:16.5:pcie04: HPC vendor_id 15ad device_id 7a0 ss_vid 0 ss_did 0
[    1.697816] pciehp 0000:00:16.5:pcie04: service driver pciehp loaded
[    1.697861] pciehp 0000:00:16.6:pcie04: HPC vendor_id 15ad device_id 7a0 ss_vid 0 ss_did 0
[    1.697906] pciehp 0000:00:16.6:pcie04: service driver pciehp loaded
[    1.697950] pciehp 0000:00:16.7:pcie04: HPC vendor_id 15ad device_id 7a0 ss_vid 0 ss_did 0
[    1.697995] pciehp 0000:00:16.7:pcie04: service driver pciehp loaded
[    1.698040] pciehp 0000:00:17.0:pcie04: HPC vendor_id 15ad device_id 7a0 ss_vid 0 ss_did 0
[    1.698084] pciehp 0000:00:17.0:pcie04: service driver pciehp loaded
[    1.698129] pciehp 0000:00:17.1:pcie04: HPC vendor_id 15ad device_id 7a0 ss_vid 0 ss_did 0
[    1.698174] pciehp 0000:00:17.1:pcie04: service driver pciehp loaded
[    1.698218] pciehp 0000:00:17.2:pcie04: HPC vendor_id 15ad device_id 7a0 ss_vid 0 ss_did 0
[    1.698263] pciehp 0000:00:17.2:pcie04: service driver pciehp loaded
[    1.698308] pciehp 0000:00:17.3:pcie04: HPC vendor_id 15ad device_id 7a0 ss_vid 0 ss_did 0
[    1.698352] pciehp 0000:00:17.3:pcie04: service driver pciehp loaded
[    1.698397] pciehp 0000:00:17.4:pcie04: HPC vendor_id 15ad device_id 7a0 ss_vid 0 ss_did 0
[    1.698441] pciehp 0000:00:17.4:pcie04: service driver pciehp loaded
[    1.698486] pciehp 0000:00:17.5:pcie04: HPC vendor_id 15ad device_id 7a0 ss_vid 0 ss_did 0
[    1.698531] pciehp 0000:00:17.5:pcie04: service driver pciehp loaded
[    1.698575] pciehp 0000:00:17.6:pcie04: HPC vendor_id 15ad device_id 7a0 ss_vid 0 ss_did 0
[    1.698620] pciehp 0000:00:17.6:pcie04: service driver pciehp loaded
[    1.698665] pciehp 0000:00:17.7:pcie04: HPC vendor_id 15ad device_id 7a0 ss_vid 0 ss_did 0
[    1.698709] pciehp 0000:00:17.7:pcie04: service driver pciehp loaded
[    1.698754] pciehp 0000:00:18.0:pcie04: HPC vendor_id 15ad device_id 7a0 ss_vid 0 ss_did 0
[    1.698799] pciehp 0000:00:18.0:pcie04: service driver pciehp loaded
[    1.698843] pciehp 0000:00:18.1:pcie04: HPC vendor_id 15ad device_id 7a0 ss_vid 0 ss_did 0
[    1.698888] pciehp 0000:00:18.1:pcie04: service driver pciehp loaded
[    1.698932] pciehp 0000:00:18.2:pcie04: HPC vendor_id 15ad device_id 7a0 ss_vid 0 ss_did 0
[    1.698977] pciehp 0000:00:18.2:pcie04: service driver pciehp loaded
[    1.699022] pciehp 0000:00:18.3:pcie04: HPC vendor_id 15ad device_id 7a0 ss_vid 0 ss_did 0
[    1.699066] pciehp 0000:00:18.3:pcie04: service driver pciehp loaded
[    1.699111] pciehp 0000:00:18.4:pcie04: HPC vendor_id 15ad device_id 7a0 ss_vid 0 ss_did 0
[    1.699156] pciehp 0000:00:18.4:pcie04: service driver pciehp loaded
[    1.699200] pciehp 0000:00:18.5:pcie04: HPC vendor_id 15ad device_id 7a0 ss_vid 0 ss_did 0
[    1.699245] pciehp 0000:00:18.5:pcie04: service driver pciehp loaded
[    1.699290] pciehp 0000:00:18.6:pcie04: HPC vendor_id 15ad device_id 7a0 ss_vid 0 ss_did 0
[    1.699334] pciehp 0000:00:18.6:pcie04: service driver pciehp loaded
[    1.699379] pciehp 0000:00:18.7:pcie04: HPC vendor_id 15ad device_id 7a0 ss_vid 0 ss_did 0
[    1.699424] pciehp 0000:00:18.7:pcie04: service driver pciehp loaded
[    1.699431] pciehp: PCI Express Hot Plug Controller Driver version: 0.4
[    1.699479] ACPI: AC Adapter [ACAD] (on-line)
[    1.699530] input: Power Button as /devices/LNXSYSTM:00/LNXPWRBN:00/input/input0
[    1.699533] ACPI: Power Button [PWRF]
[    1.699578] processor LNXCPU:00: registered as cooling_device0
[    1.740510] isapnp: Scanning for PnP cards...
[    2.094732] isapnp: No Plug & Play device found
[    2.094763] random 0000 0000 0000 5f8db4e5 4cfdf2a8: initializing
[    2.094888] Linux agpgart interface v0.103
[    2.094927] agpgart-intel 0000:00:00.0: Intel 440BX Chipset
[    2.094979] agpgart-intel 0000:00:00.0: AGP aperture is 256M @ 0x0
[    2.095012] Serial: 8250/16550 driver, 32 ports, IRQ sharing enabled
[    2.095064] serial8250: ttyS0 at I/O 0x3f8 (irq = 4) is a 16550A
[    2.095116] serial8250: ttyS1 at I/O 0x2f8 (irq = 3) is a 16550A
[    2.095951] 00:0a: ttyS0 at I/O 0x3f8 (irq = 4) is a 16550A
[    2.096003] 00:0b: ttyS1 at I/O 0x2f8 (irq = 3) is a 16550A
[    2.096054] brd: module loaded
[    2.096106] loop: module loaded
[    2.096158] ata_piix 0000:00:07.1: version 2.13
[    2.096242] scsi0 : ata_piix
[    2.096291] scsi1 : ata_piix
[    2.096314] ata1: PATA max UDMA/33 cmd 0x1f0 ctl 0x3f6 bmdma 0x10c0 irq 14
[    2.096316] ata2: PATA max UDMA/33 cmd 0x170 ctl 0x376 bmdma 0x10c8 irq 15
[    2.096366] PPP generic driver version 2.4.2
[    2.096386] tun: Universal TUN/TAP device driver, 1.6
[    2.096388] tun: (C) 1999-2004 Max Krasnyansky <maxk@qualcomm.com>
[    2.096440] ehci_hcd: USB 2.0 'Enhanced' Host Controller (EHCI) Driver
[    2.096492] ACPI: PCI Interrupt Link [LNKB] enabled at IRQ 11
[    2.096494] PCI: setting IRQ 11 as level-triggered
[    2.096502] ehci_hcd 0000:02:03.0: PCI INT A -> Link[LNKB] -> GSI 11 (level, low) -> IRQ 11
[    2.096544] ehci_hcd 0000:02:03.0: EHCI Host Controller
[    2.096567] ehci_hcd 0000:02:03.0: new USB bus registered, assigned bus number 1
[    2.096618] ehci_hcd 0000:02:03.0: cache line size of 32 is not supported
[    2.096625] ehci_hcd 0000:02:03.0: irq 11, io mem 0xc9000000
[    2.096934] random 0000 0000 0000 00000000 00000000: rand_read_num 3 get_random_bytes(8): sig 00000000 00000000 00000000
[    2.096937] random 0000 0000 0000 00000000 00000000: extract_entropy(.. 8 ..)
[    2.096940] random 0000 0000 0000 00000000 00000000: going to reseed nonblocking with 64 bits (64 of 0 requested)
[    2.096942] random 0000 0000 0000 00000000 00000000: extract_entropy(.. 8 ..)
[    2.096944] random 0000 0000 0000 00000000 00000000: trying to extract 64 bits from input
[    2.096947] random 0000 0000 0000 00000000 00000000: debiting 0 entropy credits from input
[    2.096949] random 0000 0000 0000 00000000 00000000: extract_entropy account returned: 0 
[    2.096952] random 0000 0000 0000 00000000 00000000: urand_change_num 5 xfer_secondary_pool(8): pool_sig 00000000, data_sig 00000000, bytes_mixed 0 00000000 00000000
[    2.096955] random 0000 0000 0000 00000000 00000000: trying to extract 64 bits from nonblocking
[    2.096957] random 0000 0000 0000 00000000 00000000: debiting 64 entropy credits from nonblocking (unlimited)
[    2.096959] random 0000 0000 0000 00000000 00000000: extract_entropy account returned: 8 
[    2.096963] random 0000 0000 0000 00000000 00000000: urand_change_num 6 extract_buf: pool_sig 00000000, data_sig fffffff9, bytes_mixed 20 00000000 00000000
[    2.107956] ehci_hcd 0000:02:03.0: USB 2.0 started, EHCI 1.00
[    2.108008] usb usb1: configuration #1 chosen from 1 choice
[    2.108028] hub 1-0:1.0: USB hub found
[    2.108034] hub 1-0:1.0: 6 ports detected
[    2.108073] ohci_hcd: USB 1.1 'Open' Host Controller (OHCI) Driver
[    2.108086] uhci_hcd: USB Universal Host Controller Interface driver
[    2.108137] ACPI: PCI Interrupt Link [LNKC] enabled at IRQ 10
[    2.108140] PCI: setting IRQ 10 as level-triggered
[    2.108144] uhci_hcd 0000:02:00.0: PCI INT A -> Link[LNKC] -> GSI 10 (level, low) -> IRQ 10
[    2.108183] uhci_hcd 0000:02:00.0: UHCI Host Controller
[    2.108216] uhci_hcd 0000:02:00.0: new USB bus registered, assigned bus number 2
[    2.108325] uhci_hcd 0000:02:00.0: irq 10, io base 0x000020c0
[    2.108376] usb usb2: configuration #1 chosen from 1 choice
[    2.108392] hub 2-0:1.0: USB hub found
[    2.108397] hub 2-0:1.0: 2 ports detected
[    2.108449] usbcore: registered new interface driver libusual
[    2.108478] PNP: PS/2 Controller [PNP0303:KBC,PNP0f13:MOUS] at 0x60,0x64 irq 1,12
[    2.108811] serio: i8042 KBD port at 0x60,0x64 irq 1
[    2.108819] serio: i8042 AUX port at 0x60,0x64 irq 12
[    2.108856] mice: PS/2 mouse device common for all mice
[    2.108908] rtc_cmos 00:04: rtc core: registered rtc_cmos as rtc0
[    2.108924] rtc0: alarms up to one month, y3k, 114 bytes nvram, hpet irqs
[    2.108976] device-mapper: uevent: version 1.0.3
[    2.109114] device-mapper: ioctl: 4.15.0-ioctl (2009-04-01) initialised: dm-devel@redhat.com
[    2.109132] EISA: Probing bus 0 at eisa.0
[    2.109140] Cannot allocate resource for EISA slot 1
[    2.109141] Cannot allocate resource for EISA slot 2
[    2.109143] Cannot allocate resource for EISA slot 3
[    2.109145] Cannot allocate resource for EISA slot 4
[    2.109147] Cannot allocate resource for EISA slot 5
[    2.109149] Cannot allocate resource for EISA slot 6
[    2.109151] Cannot allocate resource for EISA slot 7
[    2.109153] Cannot allocate resource for EISA slot 8
[    2.109155] EISA: Detected 0 cards.
[    2.109202] cpuidle: using governor ladder
[    2.109204] cpuidle: using governor menu
[    2.109256] random 0000 0000 0000 00000000 00000000: rand_read_num 4 get_random_bytes(136): sig 0000021d 00000000 00000000
[    2.109259] random 0000 0000 0000 00000000 00000000: extract_entropy(.. 136 ..)
[    2.109262] random 0000 0000 0000 00000000 00000000: going to reseed nonblocking with 1024 bits (1088 of 0 requested)
[    2.109264] random 0000 0000 0000 00000000 00000000: extract_entropy(.. 128 ..)
[    2.109266] random 0000 0000 0000 00000000 00000000: trying to extract 1024 bits from input
[    2.109268] random 0000 0000 0000 00000000 00000000: debiting 0 entropy credits from input
[    2.109270] random 0000 0000 0000 00000000 00000000: extract_entropy account returned: 0 
[    2.109273] random 0000 0000 0000 00000000 00000000: urand_change_num 7 xfer_secondary_pool(136): pool_sig 0000021d, data_sig 00000000, bytes_mixed 0 00000000 00000000
[    2.109276] random 0000 0000 0000 00000000 00000000: trying to extract 1088 bits from nonblocking
[    2.109278] random 0000 0000 0000 00000000 00000000: debiting 1088 entropy credits from nonblocking (unlimited)
[    2.109280] random 0000 0000 0000 00000000 00000000: extract_entropy account returned: 136 
[    2.109284] random 0000 0000 0000 00000000 00000000: urand_change_num 8 extract_buf: pool_sig 0000021d, data_sig fffffff7, bytes_mixed 20 00000000 00000000
[    2.109288] random 0000 0000 0000 f961ee50 ba9cb1aa: urand_change_num 9 extract_buf: pool_sig 00000230, data_sig fffffeb4, bytes_mixed 20 f961ee50 ba9cb1aa
[    2.109292] random 0000 0000 0000 9748bdd6 56fb8af6: urand_change_num 10 extract_buf: pool_sig 00000373, data_sig 000000cf, bytes_mixed 20 9748bdd6 56fb8af6
[    2.109297] random 0000 0000 0000 9748bdd6 56fb8af6: urand_change_num 11 extract_buf: pool_sig fffffe49, data_sig 0000023f, bytes_mixed 20 9748bdd6 56fb8af6
[    2.109301] random 0000 0000 0000 a135be86 4777650e: urand_change_num 12 extract_buf: pool_sig fffffcce, data_sig 000000c6, bytes_mixed 20 a135be86 4777650e
[    2.109305] random 0000 0000 0000 4a6ea85d 170e00dd: urand_change_num 13 extract_buf: pool_sig ffffff97, data_sig ffffff7d, bytes_mixed 20 4a6ea85d 170e00dd
[    2.109309] random 0000 0000 0000 4a6ea85d 170e00dd: urand_change_num 14 extract_buf: pool_sig 00000160, data_sig fffffeea, bytes_mixed 20 4a6ea85d 170e00dd
[    2.109313] random 0000 0000 0000 6e87c3cb da668c73: urand_change_num 15 extract_buf: pool_sig 0000034f, data_sig ffffff54, bytes_mixed 20 6e87c3cb da668c73
[    2.109318] random 0000 0000 0000 6e87c3cb da668c73: urand_change_num 16 extract_buf: pool_sig fffffdc5, data_sig 00000205, bytes_mixed 20 6e87c3cb da668c73
[    2.109322] random 0000 0000 0000 39f531e6 461eb249: urand_change_num 17 extract_buf: pool_sig fffffc1d, data_sig ffffff5e, bytes_mixed 20 39f531e6 461eb249
[    2.109326] random 0000 0000 0000 7e1538a2 3e661182: urand_change_num 18 extract_buf: pool_sig 000006ef, data_sig ffffff2e, bytes_mixed 20 7e1538a2 3e661182
[    2.109330] random 0000 0000 0000 7e1538a2 3e661182: urand_change_num 19 extract_buf: pool_sig 00000317, data_sig fffffccb, bytes_mixed 20 7e1538a2 3e661182
[    2.109334] random 0000 0000 0000 76af506b 9b57305e: urand_change_num 20 extract_buf: pool_sig 00000227, data_sig ffffffd2, bytes_mixed 20 76af506b 9b57305e
[    2.109338] random 0000 0000 0000 37d49d89 e20417cc: urand_change_num 21 extract_buf: pool_sig 0000080b, data_sig 000001e9, bytes_mixed 20 37d49d89 e20417cc
[    2.109342] TCP cubic registered
[    2.109394] NET: Registered protocol family 10
[    2.109427] RANDOM - __random32 called. Change num 12.  Value: 8f3eba68	c1db9b96	544fe79f
[    2.109429] RANDOM - random32 called.  Value: 8f3eba68	c1db9b96	544fe79f
[    2.109438] random 0000 0000 0000 37d49d89 e20417cc: rand_read_num 5 get_random_bytes(4): sig 00000298 37d49d89 e20417cc
[    2.109440] random 0000 0000 0000 37d49d89 e20417cc: extract_entropy(.. 4 ..)
[    2.109442] random 0000 0000 0000 37d49d89 e20417cc: going to reseed nonblocking with 64 bits (32 of 0 requested)
[    2.109444] random 0000 0000 0000 37d49d89 e20417cc: extract_entropy(.. 8 ..)
[    2.109446] random 0000 0000 0000 37d49d89 e20417cc: trying to extract 64 bits from input
[    2.109449] random 0000 0000 0000 37d49d89 e20417cc: debiting 0 entropy credits from input
[    2.109450] random 0000 0000 0000 37d49d89 e20417cc: extract_entropy account returned: 0 
[    2.109453] random 0000 0000 0000 37d49d89 e20417cc: urand_change_num 22 xfer_secondary_pool(4): pool_sig 00000298, data_sig 00000000, bytes_mixed 0 37d49d89 e20417cc
[    2.109456] random 0000 0000 0000 37d49d89 e20417cc: trying to extract 32 bits from nonblocking
[    2.109458] random 0000 0000 0000 37d49d89 e20417cc: debiting 32 entropy credits from nonblocking (unlimited)
[    2.109460] random 0000 0000 0000 37d49d89 e20417cc: extract_entropy account returned: 4 
[    2.109463] random 0000 0000 0000 37d49d89 e20417cc: urand_change_num 23 extract_buf: pool_sig 00000298, data_sig 00000092, bytes_mixed 20 37d49d89 e20417cc
[    2.109515] RANDOM - __random32 called. Change num 13.  Value: eba68b0e	1db9b963	cf3ec61b
[    2.109517] RANDOM - random32 called.  Value: eba68b0e	1db9b963	cf3ec61b
[    2.109569] NET: Registered protocol family 17
[    2.109591] Using IPI No-Shortcut mode
[    2.109597] random 0000 0000 0000 2ee4c4fc 167bdb15: rand_read_num 6 get_random_bytes(8): sig fffffcbf 2ee4c4fc 167bdb15
[    2.109608] random 0000 0000 0000 2ee4c4fc 167bdb15: extract_entropy(.. 8 ..)
[    2.109611] random 0000 0000 0000 2ee4c4fc 167bdb15: going to reseed nonblocking with 64 bits (64 of 0 requested)
[    2.109613] random 0000 0000 0000 2ee4c4fc 167bdb15: extract_entropy(.. 8 ..)
[    2.109615] random 0000 0000 0000 2ee4c4fc 167bdb15: trying to extract 64 bits from input
[    2.109617] random 0000 0000 0000 2ee4c4fc 167bdb15: debiting 0 entropy credits from input
[    2.109619] random 0000 0000 0000 2ee4c4fc 167bdb15: extract_entropy account returned: 0 
[    2.109622] random 0000 0000 0000 2ee4c4fc 167bdb15: urand_change_num 24 xfer_secondary_pool(8): pool_sig fffffcbf, data_sig 00000000, bytes_mixed 0 2ee4c4fc 167bdb15
[    2.109624] random 0000 0000 0000 2ee4c4fc 167bdb15: trying to extract 64 bits from nonblocking
[    2.109627] random 0000 0000 0000 2ee4c4fc 167bdb15: debiting 64 entropy credits from nonblocking (unlimited)
[    2.109629] random 0000 0000 0000 2ee4c4fc 167bdb15: extract_entropy account returned: 8 
[    2.109632] random 0000 0000 0000 2ee4c4fc 167bdb15: urand_change_num 25 extract_buf: pool_sig fffffcbf, data_sig ffffff83, bytes_mixed 20 2ee4c4fc 167bdb15
[    2.109699] PM: Resume from disk failed.
[    2.109707] registered taskstats version 1
[    2.109710] random 0000 0000 0000 2ee4c4fc 167bdb15: rand_read_num 7 get_random_bytes(12): sig fffffc69 2ee4c4fc 167bdb15
[    2.109712] random 0000 0000 0000 2ee4c4fc 167bdb15: extract_entropy(.. 12 ..)
[    2.109715] random 0000 0000 0000 2ee4c4fc 167bdb15: going to reseed nonblocking with 96 bits (96 of 0 requested)
[    2.109717] random 0000 0000 0000 2ee4c4fc 167bdb15: extract_entropy(.. 12 ..)
[    2.109719] random 0000 0000 0000 2ee4c4fc 167bdb15: trying to extract 96 bits from input
[    2.109721] random 0000 0000 0000 2ee4c4fc 167bdb15: debiting 0 entropy credits from input
[    2.109723] random 0000 0000 0000 2ee4c4fc 167bdb15: extract_entropy account returned: 0 
[    2.109726] random 0000 0000 0000 2ee4c4fc 167bdb15: urand_change_num 26 xfer_secondary_pool(12): pool_sig fffffc69, data_sig 00000000, bytes_mixed 0 2ee4c4fc 167bdb15
[    2.109729] random 0000 0000 0000 2ee4c4fc 167bdb15: trying to extract 96 bits from nonblocking
[    2.109731] random 0000 0000 0000 2ee4c4fc 167bdb15: debiting 96 entropy credits from nonblocking (unlimited)
[    2.109734] random 0000 0000 0000 2ee4c4fc 167bdb15: extract_entropy account returned: 12 
[    2.109737] random 0000 0000 0000 2ee4c4fc 167bdb15: urand_change_num 27 extract_buf: pool_sig fffffc69, data_sig ffffff7d, bytes_mixed 20 2ee4c4fc 167bdb15
[    2.109742] random 0000 0000 0000 83b7c1ab 94697f48: urand_change_num 28 extract_buf: pool_sig fffffe30, data_sig fffffdd6, bytes_mixed 20 83b7c1ab 94697f48
[    2.109744] RANDOM - __seed init called.
[    2.109746] RANDOM - __seed init called.
[    2.109747] RANDOM - __seed init called.
[    2.109749] RANDOM - __random32 called. Change num 14.  Value: fc007995	feca4f80	21b38ad2
[    2.109751] RANDOM - random32_reseed called.  Value: fc007995	feca4f80	21b38ad2
[    2.109753] Pid: 1, comm: swapper Not tainted 2.6.32.57 #4
[    2.109755] Call Trace:
[    2.109761]  [<c14a8a0e>] ? printk+0x1d/0x1f
[    2.109766]  [<c17537e5>] random32_reseed+0x89/0xbd
[    2.109769]  [<c1003042>] do_one_initcall+0x32/0x1a0
[    2.109772]  [<c175375c>] ? random32_reseed+0x0/0xbd
[    2.109775]  [<c17308e7>] kernel_init+0x12d/0x17a
[    2.109777]  [<c17307ba>] ? kernel_init+0x0/0x17a
[    2.109781]  [<c1009b07>] kernel_thread_helper+0x7/0x10
[    2.112492] input: AT Translated Set 2 keyboard as /devices/platform/i8042/serio0/input/input1
[    2.112768] random 0000 0000 0000 6db70b00 b30ce96b: rand_read_num 8 get_random_bytes(64): sig fffffb38 6db70b00 b30ce96b
[    2.112772] random 0000 0000 0000 6db70b00 b30ce96b: extract_entropy(.. 64 ..)
[    2.112775] random 0000 0000 0000 6db70b00 b30ce96b: going to reseed nonblocking with 512 bits (512 of 0 requested)
[    2.112777] random 0000 0000 0000 6db70b00 b30ce96b: extract_entropy(.. 64 ..)
[    2.112780] random 0000 0000 0000 6db70b00 b30ce96b: trying to extract 512 bits from input
[    2.112782] random 0000 0000 0000 6db70b00 b30ce96b: debiting 0 entropy credits from input
[    2.112784] random 0000 0000 0000 6db70b00 b30ce96b: extract_entropy account returned: 0 
[    2.112787] random 0000 0000 0000 6db70b00 b30ce96b: urand_change_num 29 xfer_secondary_pool(64): pool_sig fffffb38, data_sig 00000000, bytes_mixed 0 6db70b00 b30ce96b
[    2.112790] random 0000 0000 0000 6db70b00 b30ce96b: trying to extract 512 bits from nonblocking
[    2.112793] random 0000 0000 0000 6db70b00 b30ce96b: debiting 512 entropy credits from nonblocking (unlimited)
[    2.112795] random 0000 0000 0000 6db70b00 b30ce96b: extract_entropy account returned: 64 
[    2.112799] random 0000 0000 0000 6db70b00 b30ce96b: urand_change_num 30 extract_buf: pool_sig fffffb38, data_sig 00000151, bytes_mixed 20 6db70b00 b30ce96b
[    2.112804] random 0000 0000 0000 6db70b00 b30ce96b: urand_change_num 31 extract_buf: pool_sig fffffdb8, data_sig 00000379, bytes_mixed 20 6db70b00 b30ce96b
[    2.112808] random 0000 0000 0000 6b83001e d4b6c0d3: urand_change_num 32 extract_buf: pool_sig ffffffc9, data_sig 00000198, bytes_mixed 20 6b83001e d4b6c0d3
[    2.112813] random 0000 0000 0000 79d3e3c7 be564518: urand_change_num 33 extract_buf: pool_sig 000002b9, data_sig ffffff84, bytes_mixed 20 79d3e3c7 be564518
[    2.112817] random 0000 0000 0000 79d3e3c7 be564518: urand_change_num 34 extract_buf: pool_sig ffffff55, data_sig ffffff5a, bytes_mixed 20 79d3e3c7 be564518
[    2.112822] random 0000 0000 0000 89c03cb2 0d353228: urand_change_num 35 extract_buf: pool_sig 00000007, data_sig ffffff17, bytes_mixed 20 89c03cb2 0d353228
[    2.112826] random 0000 0000 0000 89c03cb2 0d353228: urand_change_num 36 extract_buf: pool_sig fffffdae, data_sig 000000db, bytes_mixed 20 89c03cb2 0d353228  Magic number: 13:644:98
[    2.112849] pci_express 0000:00:16.4:pcie01: hash matches
[    2.112936] rtc_cmos 00:04: setting system clock to 2013-05-24 22:05:33 UTC (1369433133)
[    2.112939] BIOS EDD facility v0.16 2004-Jun-25, 0 devices found
[    2.112940] EDD information not available.
[    2.112968] random 0000 0000 0000 8ca62387 b120332c: rand_read_num 9 get_random_bytes(64): sig fffffed6 8ca62387 b120332c
[    2.112970] random 0000 0000 0000 8ca62387 b120332c: extract_entropy(.. 64 ..)
[    2.112973] random 0000 0000 0000 8ca62387 b120332c: going to reseed nonblocking with 512 bits (512 of 0 requested)
[    2.112975] random 0000 0000 0000 8ca62387 b120332c: extract_entropy(.. 64 ..)
[    2.112977] random 0000 0000 0000 8ca62387 b120332c: trying to extract 512 bits from input
[    2.112979] random 0000 0000 0000 8ca62387 b120332c: debiting 0 entropy credits from input
[    2.112981] random 0000 0000 0000 8ca62387 b120332c: extract_entropy account returned: 0 
[    2.112984] random 0000 0000 0000 8ca62387 b120332c: urand_change_num 37 xfer_secondary_pool(64): pool_sig fffffed6, data_sig 00000000, bytes_mixed 0 8ca62387 b120332c
[    2.112987] random 0000 0000 0000 8ca62387 b120332c: trying to extract 512 bits from nonblocking
[    2.112989] random 0000 0000 0000 8ca62387 b120332c: debiting 512 entropy credits from nonblocking (unlimited)
[    2.112992] random 0000 0000 0000 8ca62387 b120332c: extract_entropy account returned: 64 
[    2.112995] random 0000 0000 0000 8ca62387 b120332c: urand_change_num 38 extract_buf: pool_sig fffffed6, data_sig fffffeb6, bytes_mixed 20 8ca62387 b120332c
[    2.113000] random 0000 0000 0000 90702413 e2a66c2e: urand_change_num 39 extract_buf: pool_sig fffffbb0, data_sig 0000012e, bytes_mixed 20 90702413 e2a66c2e
[    2.113004] random 0000 0000 0000 90702413 e2a66c2e: urand_change_num 40 extract_buf: pool_sig fffffaf1, data_sig ffffff3c, bytes_mixed 20 90702413 e2a66c2e
[    2.113008] random 0000 0000 0000 3f58038b c77aecb6: urand_change_num 41 extract_buf: pool_sig 00000234, data_sig fffffdec, bytes_mixed 20 3f58038b c77aecb6
[    2.113013] random 0000 0000 0000 47187b9d 03f21510: urand_change_num 42 extract_buf: pool_sig 00000192, data_sig 00000075, bytes_mixed 20 47187b9d 03f21510
[    2.113017] random 0000 0000 0000 47187b9d 03f21510: urand_change_num 43 extract_buf: pool_sig 0000018e, data_sig ffffffbf, bytes_mixed 20 47187b9d 03f21510
[    2.113022] random 0000 0000 0000 3180b1fc 0fa9c973: urand_change_num 44 extract_buf: pool_sig fffffecf, data_sig ffffff2a, bytes_mixed 20 3180b1fc 0fa9c973
[    2.113024] BEGIN NET_SECRET:
[    2.113026] \xffffff87
[    2.113027] \xffffff8d
[    2.113028] \xfffffff4
[    2.113029] \xffffffae
[    2.113030] \xffffffc3
[    2.113032] \xffffffb7
[    2.113033] \x31
[    2.113034] \x65
[    2.113035] \xffffffda
[    2.113036] \xffffffa2
[    2.113037] \x31
[    2.113039] \xffffffc8
[    2.113040] \xffffffa9
[    2.113041] \x76
[    2.113042] \x76
[    2.113043] \xffffff90
[    2.113044] \x55
[    2.113045] \xfffffff3
[    2.113047] \xffffffb1
[    2.113048] \x3
[    2.113049] \xffffffb3
[    2.113050] \xffffffa7
[    2.113051] \x5a
[    2.113052] \x71
[    2.113054] \x70
[    2.113055] \xffffff8c
[    2.113056] \x56
[    2.113057] \x25
[    2.113058] \xffffffe1
[    2.113059] \x4c
[    2.113060] \xffffffe6
[    2.113062] \xffffff95
[    2.113063] \x67
[    2.113064] \x4c
[    2.113065] \xffffffb9
[    2.113066] \x1d
[    2.113067] \xe
[    2.113068] \x34
[    2.113070] \xffffffbe
[    2.113071] \x12
[    2.113072] \x5
[    2.113073] \xffffff98
[    2.113074] \xffffffa0
[    2.113075] \xf
[    2.113076] \xffffffb2
[    2.113078] \xffffffde
[    2.113079] \xffffff99
[    2.113080] \xf
[    2.113081] \xffffffe8
[    2.113082] \xffffffc8
[    2.113083] \x1f
[    2.113085] \x54
[    2.113086] \x2c
[    2.113087] \xffffffee
[    2.113088] \x2e
[    2.113089] \x0
[    2.113090] \xffffff95
[    2.113091] \x0
[    2.113092] \xffffffe3
[    2.113094] \xffffffa7
[    2.113095] \xfffffffd
[    2.113096] \x66
[    2.113097] \xffffff92
[    2.113098] \xfffffff0
[    2.113099] 
[    2.113100] END NET_SECRET
[    2.113103] random 0000 0000 0000 3180b1fc 0fa9c973: rand_read_num 10 get_random_bytes(4): sig ffffff46 3180b1fc 0fa9c973
[    2.113106] random 0000 0000 0000 3180b1fc 0fa9c973: extract_entropy(.. 4 ..)
[    2.113108] random 0000 0000 0000 3180b1fc 0fa9c973: going to reseed nonblocking with 64 bits (32 of 0 requested)
[    2.113110] random 0000 0000 0000 3180b1fc 0fa9c973: extract_entropy(.. 8 ..)
[    2.113112] random 0000 0000 0000 3180b1fc 0fa9c973: trying to extract 64 bits from input
[    2.113114] random 0000 0000 0000 3180b1fc 0fa9c973: debiting 0 entropy credits from input
[    2.113117] random 0000 0000 0000 3180b1fc 0fa9c973: extract_entropy account returned: 0 
[    2.113120] random 0000 0000 0000 3180b1fc 0fa9c973: urand_change_num 45 xfer_secondary_pool(4): pool_sig ffffff46, data_sig 00000000, bytes_mixed 0 3180b1fc 0fa9c973
[    2.113122] random 0000 0000 0000 3180b1fc 0fa9c973: trying to extract 32 bits from nonblocking
[    2.113125] random 0000 0000 0000 3180b1fc 0fa9c973: debiting 32 entropy credits from nonblocking (unlimited)
[    2.113127] random 0000 0000 0000 3180b1fc 0fa9c973: extract_entropy account returned: 4 
[    2.113130] random 0000 0000 0000 3180b1fc 0fa9c973: urand_change_num 46 extract_buf: pool_sig ffffff46, data_sig 0000001b, bytes_mixed 20 3180b1fc 0fa9c973
[    2.285966] ata2.00: ATAPI: VMware Virtual IDE CDROM Drive, 00000001, max UDMA/33
[    2.286246] ata2.00: configured for UDMA/33
[    2.286632] scsi 1:0:0:0: CD-ROM            NECVMWar VMware IDE CDR10 1.00 PQ: 0 ANSI: 5
[    2.287891] sr0: scsi3-mmc drive: 306x/306x cd/rw xa/form2 cdda tray
[    2.287895] Uniform CD-ROM driver Revision: 3.20
[    2.287946] sr 1:0:0:0: Attached scsi CD-ROM sr0
[    2.287983] sr 1:0:0:0: Attached scsi generic sg0 type 5
[    2.288019] Freeing unused kernel memory: 652k freed
[    2.288071] Write protecting the kernel text: 4840k
[    2.288101] Write protecting the kernel read-only data: 1968k
