[    0.000000] random 0000 0000 0000 00000000 00000000: rand_read_num 1 get_random_bytes(8): sig 00000000 00000000 00000000
[    0.000000] random 0000 0000 0000 00000000 00000000: extract_entropy(.. 8 ..)
[    0.000000] random 0000 0000 0000 00000000 00000000: going to reseed nonblocking with 64 bits (64 of 0 requested)
[    0.000000] random 0000 0000 0000 00000000 00000000: extract_entropy(.. 8 ..)
[    0.000000] random 0000 0000 0000 00000000 00000000: trying to extract 64 bits from input
[    0.000000] random 0000 0000 0000 00000000 00000000: debiting 0 entropy credits from input
[    0.000000] random 0000 0000 0000 00000000 00000000: extract_entropy account returned: 0 
[    0.000000] random 0000 0000 0000 00000000 00000000: urand_change_num 1 xfer_secondary_pool(8): pool_sig 00000000, data_sig 00000000, bytes_mixed 0 00000000 00000000
[    0.000000] random 0000 0000 0000 00000000 00000000: trying to extract 64 bits from nonblocking
[    0.000000] random 0000 0000 0000 00000000 00000000: debiting 64 entropy credits from nonblocking (unlimited)
[    0.000000] random 0000 0000 0000 00000000 00000000: extract_entropy account returned: 8 
[    0.000000] random 0000 0000 0000 00000000 00000000: urand_change_num 2 extract_buf: pool_sig 00000000, data_sig fffffff9, bytes_mixed 20 00000000 00000000
[    0.000000] Initializing cgroup subsys cpuset
[    0.000000] Initializing cgroup subsys cpu
[    0.000000] Linux version 2.6.32.57 (dcashman@ubuntu) (gcc version 4.6.3 (Ubuntu/Linaro 4.6.3-1ubuntu5) ) #4 SMP Fri May 24 11:09:26 PDT 2013
[    0.000000] KERNEL supported cpus:
[    0.000000]   Intel GenuineIntel
[    0.000000]   AMD AuthenticAMD
[    0.000000]   NSC Geode by NSC
[    0.000000]   Cyrix CyrixInstead
[    0.000000]   Centaur CentaurHauls
[    0.000000]   Transmeta GenuineTMx86
[    0.000000]   Transmeta TransmetaCPU
[    0.000000]   UMC UMC UMC UMC
[    0.000000] BIOS-provided physical RAM map:
[    0.000000]  BIOS-e820: 0000000000000000 - 000000000009f000 (usable)
[    0.000000]  BIOS-e820: 000000000009f000 - 00000000000a0000 (reserved)
[    0.000000]  BIOS-e820: 00000000000ca000 - 00000000000cc000 (reserved)
[    0.000000]  BIOS-e820: 00000000000dc000 - 0000000000100000 (reserved)
[    0.000000]  BIOS-e820: 0000000000100000 - 000000003fee0000 (usable)
[    0.000000]  BIOS-e820: 000000003fee0000 - 000000003feff000 (ACPI data)
[    0.000000]  BIOS-e820: 000000003feff000 - 000000003ff00000 (ACPI NVS)
[    0.000000]  BIOS-e820: 000000003ff00000 - 0000000040000000 (usable)
[    0.000000]  BIOS-e820: 00000000e0000000 - 00000000f0000000 (reserved)
[    0.000000]  BIOS-e820: 00000000fec00000 - 00000000fec10000 (reserved)
[    0.000000]  BIOS-e820: 00000000fee00000 - 00000000fee01000 (reserved)
[    0.000000]  BIOS-e820: 00000000fffe0000 - 0000000100000000 (reserved)
[    0.000000] DMI present.
[    0.000000] Phoenix BIOS detected: BIOS may corrupt low RAM, working around it.
[    0.000000] e820 update range: 0000000000000000 - 0000000000010000 (usable) ==> (reserved)
[    0.000000] last_pfn = 0x40000 max_arch_pfn = 0x1000000
[    0.000000] MTRR default type: uncachable
[    0.000000] MTRR fixed ranges enabled:
[    0.000000]   00000-9FFFF write-back
[    0.000000]   A0000-BFFFF uncachable
[    0.000000]   C0000-CBFFF write-protect
[    0.000000]   CC000-EFFFF uncachable
[    0.000000]   F0000-FFFFF write-protect
[    0.000000] MTRR variable ranges enabled:
[    0.000000]   0 base 0000000000 mask FFC0000000 write-back
[    0.000000]   1 disabled
[    0.000000]   2 disabled
[    0.000000]   3 disabled
[    0.000000]   4 disabled
[    0.000000]   5 disabled
[    0.000000]   6 disabled
[    0.000000]   7 disabled
[    0.000000] x86 PAT enabled: cpu 0, old 0x0, new 0x7010600070106
[    0.000000] Scanning 0 areas for low memory corruption
[    0.000000] modified physical RAM map:
[    0.000000]  modified: 0000000000000000 - 0000000000010000 (reserved)
[    0.000000]  modified: 0000000000010000 - 000000000009f000 (usable)
[    0.000000]  modified: 000000000009f000 - 00000000000a0000 (reserved)
[    0.000000]  modified: 00000000000ca000 - 00000000000cc000 (reserved)
[    0.000000]  modified: 00000000000dc000 - 0000000000100000 (reserved)
[    0.000000]  modified: 0000000000100000 - 000000003fee0000 (usable)
[    0.000000]  modified: 000000003fee0000 - 000000003feff000 (ACPI data)
[    0.000000]  modified: 000000003feff000 - 000000003ff00000 (ACPI NVS)
[    0.000000]  modified: 000000003ff00000 - 0000000040000000 (usable)
[    0.000000]  modified: 00000000e0000000 - 00000000f0000000 (reserved)
[    0.000000]  modified: 00000000fec00000 - 00000000fec10000 (reserved)
[    0.000000]  modified: 00000000fee00000 - 00000000fee01000 (reserved)
[    0.000000]  modified: 00000000fffe0000 - 0000000100000000 (reserved)
[    0.000000] initial memory mapped : 0 - 01e00000
[    0.000000] init_memory_mapping: 0000000000000000-00000000379fe000
[    0.000000] NX (Execute Disable) protection: active
[    0.000000]  0000000000 - 0000200000 page 4k
[    0.000000]  0000200000 - 0037800000 page 2M
[    0.000000]  0037800000 - 00379fe000 page 4k
[    0.000000] kernel direct mapping tables up to 379fe000 @ 10000-16000
[    0.000000] RAMDISK: 2dcfc000 - 32e758c3
[    0.000000] ACPI: RSDP 000f6b80 00024 (v02 PTLTD )
[    0.000000] ACPI: XSDT 3feed636 0005C (v01 INTEL  440BX    06040000 VMW  01324272)
[    0.000000] ACPI: FACP 3fefee98 000F4 (v04 INTEL  440BX    06040000 PTL  000F4240)
[    0.000000] ACPI: DSDT 3feee366 10B32 (v01 PTLTD  Custom   06040000 MSFT 03000001)
[    0.000000] ACPI: FACS 3fefffc0 00040
[    0.000000] ACPI: BOOT 3feee33e 00028 (v01 PTLTD  $SBFTBL$ 06040000  LTP 00000001)
[    0.000000] ACPI: APIC 3feedc3e 003C2 (v01 PTLTD  ? APIC   06040000  LTP 00000000)
[    0.000000] ACPI: MCFG 3feedc02 0003C (v01 PTLTD  $PCITBL$ 06040000  LTP 00000001)
[    0.000000] ACPI: SRAT 3feed732 004D0 (v02 VMWARE MEMPLUG  06040000 VMW  00000001)
[    0.000000] ACPI: HPET 3feed6fa 00038 (v01 VMWARE VMW HPET 06040000 VMW  00000001)
[    0.000000] ACPI: WAET 3feed6d2 00028 (v01 VMWARE VMW WAET 06040000 VMW  00000001)
[    0.000000] ACPI: Local APIC address 0xfee00000
[    0.000000] 134MB HIGHMEM available.
[    0.000000] 889MB LOWMEM available.
[    0.000000]   mapped low ram: 0 - 379fe000
[    0.000000]   low ram: 0 - 379fe000
[    0.000000]   node 0 low ram: 00000000 - 379fe000
[    0.000000]   node 0 bootmap 00012000 - 00018f40
[    0.000000] (9 early reservations) ==> bootmem [0000000000 - 00379fe000]
[    0.000000]   #0 [0000000000 - 0000001000]   BIOS data page ==> [0000000000 - 0000001000]
[    0.000000]   #1 [0000001000 - 0000002000]    EX TRAMPOLINE ==> [0000001000 - 0000002000]
[    0.000000]   #2 [0000006000 - 0000007000]       TRAMPOLINE ==> [0000006000 - 0000007000]
[    0.000000]   #3 [0001000000 - 0001a75ff8]    TEXT DATA BSS ==> [0001000000 - 0001a75ff8]
[    0.000000]   #4 [002dcfc000 - 0032e758c3]          RAMDISK ==> [002dcfc000 - 0032e758c3]
[    0.000000]   #5 [000009f000 - 0000100000]    BIOS reserved ==> [000009f000 - 0000100000]
[    0.000000]   #6 [0001a76000 - 0001a851c0]              BRK ==> [0001a76000 - 0001a851c0]
[    0.000000]   #7 [0000010000 - 0000012000]          PGTABLE ==> [0000010000 - 0000012000]
[    0.000000]   #8 [0000012000 - 0000019000]          BOOTMAP ==> [0000012000 - 0000019000]
[    0.000000] found SMP MP-table at [c00f6bf0] f6bf0
[    0.000000] Zone PFN ranges:
[    0.000000]   DMA      0x00000010 -> 0x00001000
[    0.000000]   Normal   0x00001000 -> 0x000379fe
[    0.000000]   HighMem  0x000379fe -> 0x00040000
[    0.000000] Movable zone start PFN for each node
[    0.000000] early_node_map[3] active PFN ranges
[    0.000000]     0: 0x00000010 -> 0x0000009f
[    0.000000]     0: 0x00000100 -> 0x0003fee0
[    0.000000]     0: 0x0003ff00 -> 0x00040000
[    0.000000] On node 0 totalpages: 261999
[    0.000000] free_area_init_node: node 0, pgdat c1715200, node_mem_map c1a87200
[    0.000000]   DMA zone: 32 pages used for memmap
[    0.000000]   DMA zone: 0 pages reserved
[    0.000000]   DMA zone: 3951 pages, LIFO batch:0
[    0.000000]   Normal zone: 1748 pages used for memmap
[    0.000000]   Normal zone: 221994 pages, LIFO batch:31
[    0.000000]   HighMem zone: 269 pages used for memmap
[    0.000000]   HighMem zone: 34005 pages, LIFO batch:7
[    0.000000] Using APIC driver default
[    0.000000] ACPI: PM-Timer IO Port: 0x1008
[    0.000000] ACPI: Local APIC address 0xfee00000
[    0.000000] ACPI: LAPIC (acpi_id[0x00] lapic_id[0x00] enabled)
[    0.000000] ACPI: LAPIC (acpi_id[0x01] lapic_id[0x02] disabled)
[    0.000000] ACPI: LAPIC (acpi_id[0x02] lapic_id[0x04] disabled)
[    0.000000] ACPI: LAPIC (acpi_id[0x03] lapic_id[0x06] disabled)
[    0.000000] ACPI: LAPIC (acpi_id[0x04] lapic_id[0x08] disabled)
[    0.000000] ACPI: LAPIC (acpi_id[0x05] lapic_id[0x0a] disabled)
[    0.000000] ACPI: LAPIC (acpi_id[0x06] lapic_id[0x0c] disabled)
[    0.000000] ACPI: LAPIC (acpi_id[0x07] lapic_id[0x0e] disabled)
[    0.000000] ACPI: LAPIC (acpi_id[0x08] lapic_id[0x10] disabled)
[    0.000000] ACPI: LAPIC (acpi_id[0x09] lapic_id[0x12] disabled)
[    0.000000] ACPI: LAPIC (acpi_id[0x0a] lapic_id[0x14] disabled)
[    0.000000] ACPI: LAPIC (acpi_id[0x0b] lapic_id[0x16] disabled)
[    0.000000] ACPI: LAPIC (acpi_id[0x0c] lapic_id[0x18] disabled)
[    0.000000] ACPI: LAPIC (acpi_id[0x0d] lapic_id[0x1a] disabled)
[    0.000000] ACPI: LAPIC (acpi_id[0x0e] lapic_id[0x1c] disabled)
[    0.000000] ACPI: LAPIC (acpi_id[0x0f] lapic_id[0x1e] disabled)
[    0.000000] ACPI: LAPIC (acpi_id[0x10] lapic_id[0x20] disabled)
[    0.000000] ACPI: LAPIC (acpi_id[0x11] lapic_id[0x22] disabled)
[    0.000000] ACPI: LAPIC (acpi_id[0x12] lapic_id[0x24] disabled)
[    0.000000] ACPI: LAPIC (acpi_id[0x13] lapic_id[0x26] disabled)
[    0.000000] ACPI: LAPIC (acpi_id[0x14] lapic_id[0x28] disabled)
[    0.000000] ACPI: LAPIC (acpi_id[0x15] lapic_id[0x2a] disabled)
[    0.000000] ACPI: LAPIC (acpi_id[0x16] lapic_id[0x2c] disabled)
[    0.000000] ACPI: LAPIC (acpi_id[0x17] lapic_id[0x2e] disabled)
[    0.000000] ACPI: LAPIC (acpi_id[0x18] lapic_id[0x30] disabled)
[    0.000000] ACPI: LAPIC (acpi_id[0x19] lapic_id[0x32] disabled)
[    0.000000] ACPI: LAPIC (acpi_id[0x1a] lapic_id[0x34] disabled)
[    0.000000] ACPI: LAPIC (acpi_id[0x1b] lapic_id[0x36] disabled)
[    0.000000] ACPI: LAPIC (acpi_id[0x1c] lapic_id[0x38] disabled)
[    0.000000] ACPI: LAPIC (acpi_id[0x1d] lapic_id[0x3a] disabled)
[    0.000000] ACPI: LAPIC (acpi_id[0x1e] lapic_id[0x3c] disabled)
[    0.000000] ACPI: LAPIC (acpi_id[0x1f] lapic_id[0x3e] disabled)
[    0.000000] ACPI: LAPIC (acpi_id[0x20] lapic_id[0x40] disabled)
[    0.000000] ACPI: LAPIC (acpi_id[0x21] lapic_id[0x42] disabled)
[    0.000000] ACPI: LAPIC (acpi_id[0x22] lapic_id[0x44] disabled)
[    0.000000] ACPI: LAPIC (acpi_id[0x23] lapic_id[0x46] disabled)
[    0.000000] ACPI: LAPIC (acpi_id[0x24] lapic_id[0x48] disabled)
[    0.000000] ACPI: LAPIC (acpi_id[0x25] lapic_id[0x4a] disabled)
[    0.000000] ACPI: LAPIC (acpi_id[0x26] lapic_id[0x4c] disabled)
[    0.000000] ACPI: LAPIC (acpi_id[0x27] lapic_id[0x4e] disabled)
[    0.000000] ACPI: LAPIC (acpi_id[0x28] lapic_id[0x50] disabled)
[    0.000000] ACPI: LAPIC (acpi_id[0x29] lapic_id[0x52] disabled)
[    0.000000] ACPI: LAPIC (acpi_id[0x2a] lapic_id[0x54] disabled)
[    0.000000] ACPI: LAPIC (acpi_id[0x2b] lapic_id[0x56] disabled)
[    0.000000] ACPI: LAPIC (acpi_id[0x2c] lapic_id[0x58] disabled)
[    0.000000] ACPI: LAPIC (acpi_id[0x2d] lapic_id[0x5a] disabled)
[    0.000000] ACPI: LAPIC (acpi_id[0x2e] lapic_id[0x5c] disabled)
[    0.000000] ACPI: LAPIC (acpi_id[0x2f] lapic_id[0x5e] disabled)
[    0.000000] ACPI: LAPIC (acpi_id[0x30] lapic_id[0x60] disabled)
[    0.000000] ACPI: LAPIC (acpi_id[0x31] lapic_id[0x62] disabled)
[    0.000000] ACPI: LAPIC (acpi_id[0x32] lapic_id[0x64] disabled)
[    0.000000] ACPI: LAPIC (acpi_id[0x33] lapic_id[0x66] disabled)
[    0.000000] ACPI: LAPIC (acpi_id[0x34] lapic_id[0x68] disabled)
[    0.000000] ACPI: LAPIC (acpi_id[0x35] lapic_id[0x6a] disabled)
[    0.000000] ACPI: LAPIC (acpi_id[0x36] lapic_id[0x6c] disabled)
[    0.000000] ACPI: LAPIC (acpi_id[0x37] lapic_id[0x6e] disabled)
[    0.000000] ACPI: LAPIC (acpi_id[0x38] lapic_id[0x70] disabled)
[    0.000000] ACPI: LAPIC (acpi_id[0x39] lapic_id[0x72] disabled)
[    0.000000] ACPI: LAPIC (acpi_id[0x3a] lapic_id[0x74] disabled)
[    0.000000] ACPI: LAPIC (acpi_id[0x3b] lapic_id[0x76] disabled)
[    0.000000] ACPI: LAPIC (acpi_id[0x3c] lapic_id[0x78] disabled)
[    0.000000] ACPI: LAPIC (acpi_id[0x3d] lapic_id[0x7a] disabled)
[    0.000000] ACPI: LAPIC (acpi_id[0x3e] lapic_id[0x7c] disabled)
[    0.000000] ACPI: LAPIC (acpi_id[0x3f] lapic_id[0x7e] disabled)
[    0.000000] ACPI: LAPIC_NMI (acpi_id[0x00] high edge lint[0x1])
[    0.000000] ACPI: LAPIC_NMI (acpi_id[0x01] high edge lint[0x1])
[    0.000000] ACPI: LAPIC_NMI (acpi_id[0x02] high edge lint[0x1])
[    0.000000] ACPI: LAPIC_NMI (acpi_id[0x03] high edge lint[0x1])
[    0.000000] ACPI: LAPIC_NMI (acpi_id[0x04] high edge lint[0x1])
[    0.000000] ACPI: LAPIC_NMI (acpi_id[0x05] high edge lint[0x1])
[    0.000000] ACPI: LAPIC_NMI (acpi_id[0x06] high edge lint[0x1])
[    0.000000] ACPI: LAPIC_NMI (acpi_id[0x07] high edge lint[0x1])
[    0.000000] ACPI: LAPIC_NMI (acpi_id[0x08] high edge lint[0x1])
[    0.000000] ACPI: LAPIC_NMI (acpi_id[0x09] high edge lint[0x1])
[    0.000000] ACPI: LAPIC_NMI (acpi_id[0x0a] high edge lint[0x1])
[    0.000000] ACPI: LAPIC_NMI (acpi_id[0x0b] high edge lint[0x1])
[    0.000000] ACPI: LAPIC_NMI (acpi_id[0x0c] high edge lint[0x1])
[    0.000000] ACPI: LAPIC_NMI (acpi_id[0x0d] high edge lint[0x1])
[    0.000000] ACPI: LAPIC_NMI (acpi_id[0x0e] high edge lint[0x1])
[    0.000000] ACPI: LAPIC_NMI (acpi_id[0x0f] high edge lint[0x1])
[    0.000000] ACPI: LAPIC_NMI (acpi_id[0x10] high edge lint[0x1])
[    0.000000] ACPI: LAPIC_NMI (acpi_id[0x11] high edge lint[0x1])
[    0.000000] ACPI: LAPIC_NMI (acpi_id[0x12] high edge lint[0x1])
[    0.000000] ACPI: LAPIC_NMI (acpi_id[0x13] high edge lint[0x1])
[    0.000000] ACPI: LAPIC_NMI (acpi_id[0x14] high edge lint[0x1])
[    0.000000] ACPI: LAPIC_NMI (acpi_id[0x15] high edge lint[0x1])
[    0.000000] ACPI: LAPIC_NMI (acpi_id[0x16] high edge lint[0x1])
[    0.000000] ACPI: LAPIC_NMI (acpi_id[0x17] high edge lint[0x1])
[    0.000000] ACPI: LAPIC_NMI (acpi_id[0x18] high edge lint[0x1])
[    0.000000] ACPI: LAPIC_NMI (acpi_id[0x19] high edge lint[0x1])
[    0.000000] ACPI: LAPIC_NMI (acpi_id[0x1a] high edge lint[0x1])
[    0.000000] ACPI: LAPIC_NMI (acpi_id[0x1b] high edge lint[0x1])
[    0.000000] ACPI: LAPIC_NMI (acpi_id[0x1c] high edge lint[0x1])
[    0.000000] ACPI: LAPIC_NMI (acpi_id[0x1d] high edge lint[0x1])
[    0.000000] ACPI: LAPIC_NMI (acpi_id[0x1e] high edge lint[0x1])
[    0.000000] ACPI: LAPIC_NMI (acpi_id[0x1f] high edge lint[0x1])
[    0.000000] ACPI: LAPIC_NMI (acpi_id[0x20] high edge lint[0x1])
[    0.000000] ACPI: LAPIC_NMI (acpi_id[0x21] high edge lint[0x1])
[    0.000000] ACPI: LAPIC_NMI (acpi_id[0x22] high edge lint[0x1])
[    0.000000] ACPI: LAPIC_NMI (acpi_id[0x23] high edge lint[0x1])
[    0.000000] ACPI: LAPIC_NMI (acpi_id[0x24] high edge lint[0x1])
[    0.000000] ACPI: LAPIC_NMI (acpi_id[0x25] high edge lint[0x1])
[    0.000000] ACPI: LAPIC_NMI (acpi_id[0x26] high edge lint[0x1])
[    0.000000] ACPI: LAPIC_NMI (acpi_id[0x27] high edge lint[0x1])
[    0.000000] ACPI: LAPIC_NMI (acpi_id[0x28] high edge lint[0x1])
[    0.000000] ACPI: LAPIC_NMI (acpi_id[0x29] high edge lint[0x1])
[    0.000000] ACPI: LAPIC_NMI (acpi_id[0x2a] high edge lint[0x1])
[    0.000000] ACPI: LAPIC_NMI (acpi_id[0x2b] high edge lint[0x1])
[    0.000000] ACPI: LAPIC_NMI (acpi_id[0x2c] high edge lint[0x1])
[    0.000000] ACPI: LAPIC_NMI (acpi_id[0x2d] high edge lint[0x1])
[    0.000000] ACPI: LAPIC_NMI (acpi_id[0x2e] high edge lint[0x1])
[    0.000000] ACPI: LAPIC_NMI (acpi_id[0x2f] high edge lint[0x1])
[    0.000000] ACPI: LAPIC_NMI (acpi_id[0x30] high edge lint[0x1])
[    0.000000] ACPI: LAPIC_NMI (acpi_id[0x31] high edge lint[0x1])
[    0.000000] ACPI: LAPIC_NMI (acpi_id[0x32] high edge lint[0x1])
[    0.000000] ACPI: LAPIC_NMI (acpi_id[0x33] high edge lint[0x1])
[    0.000000] ACPI: LAPIC_NMI (acpi_id[0x34] high edge lint[0x1])
[    0.000000] ACPI: LAPIC_NMI (acpi_id[0x35] high edge lint[0x1])
[    0.000000] ACPI: LAPIC_NMI (acpi_id[0x36] high edge lint[0x1])
[    0.000000] ACPI: LAPIC_NMI (acpi_id[0x37] high edge lint[0x1])
[    0.000000] ACPI: LAPIC_NMI (acpi_id[0x38] high edge lint[0x1])
[    0.000000] ACPI: LAPIC_NMI (acpi_id[0x39] high edge lint[0x1])
[    0.000000] ACPI: LAPIC_NMI (acpi_id[0x3a] high edge lint[0x1])
[    0.000000] ACPI: LAPIC_NMI (acpi_id[0x3b] high edge lint[0x1])
[    0.000000] ACPI: LAPIC_NMI (acpi_id[0x3c] high edge lint[0x1])
[    0.000000] ACPI: LAPIC_NMI (acpi_id[0x3d] high edge lint[0x1])
[    0.000000] ACPI: LAPIC_NMI (acpi_id[0x3e] high edge lint[0x1])
[    0.000000] ACPI: LAPIC_NMI (acpi_id[0x3f] high edge lint[0x1])
[    0.000000] ACPI: Skipping IOAPIC probe due to 'noapic' option.
[    0.000000] Using ACPI for processor (LAPIC) configuration information
[    0.000000] ACPI: HPET id: 0x8086af01 base: 0xfed00000
[    0.000000] Intel MultiProcessor Specification v1.4
[    0.000000]     Virtual Wire compatibility mode.
[    0.000000] MPTABLE: OEM ID: INTEL   
[    0.000000] MPTABLE: Product ID: 440BX       
[    0.000000] MPTABLE: APIC at: 0xFEE00000
[    0.000000] I/O APIC #1 Version 17 at 0xFEC00000.
[    0.000000] Processors: 1
[    0.000000] 64 Processors exceeds NR_CPUS limit of 8
[    0.000000] SMP: Allowing 8 CPUs, 7 hotplug CPUs
[    0.000000] nr_irqs_gsi: 24
[    0.000000] PM: Registered nosave memory: 000000000009f000 - 00000000000a0000
[    0.000000] PM: Registered nosave memory: 00000000000a0000 - 00000000000ca000
[    0.000000] PM: Registered nosave memory: 00000000000ca000 - 00000000000cc000
[    0.000000] PM: Registered nosave memory: 00000000000cc000 - 00000000000dc000
[    0.000000] PM: Registered nosave memory: 00000000000dc000 - 0000000000100000
[    0.000000] Allocating PCI resources starting at 40000000 (gap: 40000000:a0000000)
[    0.000000] Booting paravirtualized kernel on bare hardware
[    0.000000] NR_CPUS:8 nr_cpumask_bits:8 nr_cpu_ids:8 nr_node_ids:1
[    0.000000] PERCPU: Embedded 15 pages/cpu @c2400000 s39320 r0 d22120 u262144
[    0.000000] pcpu-alloc: s39320 r0 d22120 u262144 alloc=1*2097152
[    0.000000] pcpu-alloc: [0] 0 1 2 3 4 5 6 7 
[    0.000000] Built 1 zonelists in Zone order, mobility grouping on.  Total pages: 259950
[    0.000000] Kernel command line: BOOT_IMAGE=/boot/vmlinuz-2.6.32.57 root=UUID=007b598c-390d-4c65-84a1-4ff752d48633 ro quiet splash maxcpus=0
[    0.000000] PID hash table entries: 4096 (order: 2, 16384 bytes)
[    0.000000] Dentry cache hash table entries: 131072 (order: 7, 524288 bytes)
[    0.000000] Inode-cache hash table entries: 65536 (order: 6, 262144 bytes)
[    0.000000] Enabling fast FPU save and restore... done.
[    0.000000] Enabling unmasked SIMD FPU exception support... done.
[    0.000000] Initializing CPU#0
[    0.000000] xsave/xrstor: enabled xstate_bv 0x7, cntxt size 0x340
[    0.000000] allocated 5242560 bytes of page_cgroup
[    0.000000] please try 'cgroup_disable=memory' option if you don't want memory cgroups
[    0.000000] Initializing HighMem for node 0 (000379fe:00040000)
[    0.000000] Memory: 938260k/1048576k available (4839k kernel code, 108848k reserved, 2518k data, 652k init, 137096k highmem)
[    0.000000] virtual kernel memory layout:
[    0.000000]     fixmap  : 0xfff1e000 - 0xfffff000   ( 900 kB)
[    0.000000]     pkmap   : 0xffa00000 - 0xffc00000   (2048 kB)
[    0.000000]     vmalloc : 0xf81fe000 - 0xff9fe000   ( 120 MB)
[    0.000000]     lowmem  : 0xc0000000 - 0xf79fe000   ( 889 MB)
[    0.000000]       .init : 0xc1730000 - 0xc17d3000   ( 652 kB)
[    0.000000]       .data : 0xc14b9cce - 0xc172f764   (2518 kB)
[    0.000000]       .text : 0xc1000000 - 0xc14b9cce   (4839 kB)
[    0.000000] Checking if this processor honours the WP bit even in supervisor mode...Ok.
[    0.000000] SLUB: Genslabs=13, HWalign=64, Order=0-3, MinObjects=0, CPUs=8, Nodes=1
[    0.000000] Hierarchical RCU implementation.
[    0.000000] NR_IRQS:2304 nr_irqs:472
[    0.000000] Extended CMOS year: 2000
[    0.000000] Console: colour VGA+ 80x25
[    0.000000] console [tty0] enabled
[    0.000000] hpet clockevent registered
[    0.000000] TSC freq read from hypervisor : 2394.620 MHz
[    0.000000] Detected 2394.620 MHz processor.
[    0.000002] Calibrating delay loop (skipped) preset value.. 4789.24 BogoMIPS (lpj=9578480)
[    0.000011] Security Framework initialized
[    0.000014] SELinux:  Disabled at boot.
[    0.000018] Mount-cache hash table entries: 512
[    0.000115] Initializing cgroup subsys cpuacct
[    0.000119] Initializing cgroup subsys memory
[    0.000122] Initializing cgroup subsys devices
[    0.000123] Initializing cgroup subsys freezer
[    0.000150] CPU: Physical Processor ID: 0
[    0.000156] CPU: L1 I cache: 32K, L1 D cache: 32K
[    0.000158] CPU: L2 cache: 256K
[    0.000159] CPU: L3 cache: 4096K
[    0.000164] mce: CPU supports 0 MCE banks
[    0.000202] Performance Events: no PMU driver, software events only.
[    0.000214] Checking 'hlt' instruction... OK.
[    0.017632] SMP alternatives: switching to UP code
[    0.031990] ACPI: Core revision 20090903
[    0.038014] ACPI: setting ELCR to 0200 (from 0e20)
[    0.038984] ftrace: converting mcount calls to 0f 1f 44 00 00
[    0.038989] ftrace: allocating 22631 entries in 45 pages
[    0.056584] CANARY value: d3700b9e for PID: 1
[    0.056617] Not enabling x2apic, Intr-remapping init failed.
[    0.056618] Enabling APIC mode:  Flat.  Using 1 I/O APICs
[    0.056626] SMP mode deactivated.
[    0.056652] SMP disabled
[    0.056710] Brought up 1 CPUs
[    0.056712] Total of 1 processors activated (4789.24 BogoMIPS).
[    0.056716] CPU0 attaching NULL sched-domain.
[    0.056789] devtmpfs: initialized
[    0.056900] sysctl table check failed: /kernel/random/now_input .1.40.7 Unknown sysctl binary path
[    0.057168] Pid: 1, comm: swapper Not tainted 2.6.32.57 #4
[    0.057170] Call Trace:
[    0.057174]  [<c14a8a0e>] ? printk+0x1d/0x1f
[    0.057178]  [<c107b56f>] set_fail+0x4f/0x60
[    0.057180]  [<c107b8b3>] sysctl_check_table+0x333/0x620
[    0.057181]  [<c107b8cc>] sysctl_check_table+0x34c/0x620
[    0.057183]  [<c107b8cc>] sysctl_check_table+0x34c/0x620
[    0.057187]  [<c1746d48>] sysctl_init+0x25/0x29
[    0.057189]  [<c1003042>] do_one_initcall+0x32/0x1a0
[    0.057192]  [<c1746d23>] ? sysctl_init+0x0/0x29
[    0.057194]  [<c17308e7>] kernel_init+0x12d/0x17a
[    0.057196]  [<c17307ba>] ? kernel_init+0x0/0x17a
[    0.057198]  [<c1009b07>] kernel_thread_helper+0x7/0x10
[    0.057200] sysctl table check failed: /kernel/random/now_blocking .1.40.8 Unknown sysctl binary path
[    0.057445] Pid: 1, comm: swapper Not tainted 2.6.32.57 #4
[    0.057446] Call Trace:
[    0.057447]  [<c14a8a0e>] ? printk+0x1d/0x1f
[    0.057449]  [<c107b56f>] set_fail+0x4f/0x60
[    0.057451]  [<c107b8b3>] sysctl_check_table+0x333/0x620
[    0.057452]  [<c107b8cc>] sysctl_check_table+0x34c/0x620
[    0.057454]  [<c107b8cc>] sysctl_check_table+0x34c/0x620
[    0.057457]  [<c1746d48>] sysctl_init+0x25/0x29
[    0.057458]  [<c1003042>] do_one_initcall+0x32/0x1a0
[    0.057460]  [<c1746d23>] ? sysctl_init+0x0/0x29
[    0.057462]  [<c17308e7>] kernel_init+0x12d/0x17a
[    0.057464]  [<c17307ba>] ? kernel_init+0x0/0x17a
[    0.057465]  [<c1009b07>] kernel_thread_helper+0x7/0x10
[    0.057467] sysctl table check failed: /kernel/random/now_nonblocking .1.40.9 Unknown sysctl binary path
[    0.057713] Pid: 1, comm: swapper Not tainted 2.6.32.57 #4
[    0.057714] Call Trace:
[    0.057715]  [<c14a8a0e>] ? printk+0x1d/0x1f
[    0.057717]  [<c107b56f>] set_fail+0x4f/0x60
[    0.057718]  [<c107b8b3>] sysctl_check_table+0x333/0x620
[    0.057720]  [<c107b8cc>] sysctl_check_table+0x34c/0x620
[    0.057722]  [<c107b8cc>] sysctl_check_table+0x34c/0x620
[    0.057724]  [<c1746d48>] sysctl_init+0x25/0x29
[    0.057726]  [<c1003042>] do_one_initcall+0x32/0x1a0
[    0.057728]  [<c1746d23>] ? sysctl_init+0x0/0x29
[    0.057730]  [<c17308e7>] kernel_init+0x12d/0x17a
[    0.057731]  [<c17307ba>] ? kernel_init+0x0/0x17a
[    0.057733]  [<c1009b07>] kernel_thread_helper+0x7/0x10
[    0.057734] sysctl table check failed: /kernel/random/nb_input_bytes .1.40.10 Unknown sysctl binary path
[    0.057980] Pid: 1, comm: swapper Not tainted 2.6.32.57 #4
[    0.057981] Call Trace:
[    0.057982]  [<c14a8a0e>] ? printk+0x1d/0x1f
[    0.057984]  [<c107b56f>] set_fail+0x4f/0x60
[    0.057986]  [<c107b8b3>] sysctl_check_table+0x333/0x620
[    0.057987]  [<c107b8cc>] sysctl_check_table+0x34c/0x620
[    0.057989]  [<c107b8cc>] sysctl_check_table+0x34c/0x620
[    0.057991]  [<c1746d48>] sysctl_init+0x25/0x29
[    0.057993]  [<c1003042>] do_one_initcall+0x32/0x1a0
[    0.057995]  [<c1746d23>] ? sysctl_init+0x0/0x29
[    0.057997]  [<c17308e7>] kernel_init+0x12d/0x17a
[    0.057998]  [<c17307ba>] ? kernel_init+0x0/0x17a
[    0.058000]  [<c1009b07>] kernel_thread_helper+0x7/0x10
[    0.058001] sysctl table check failed: /kernel/random/nb_stir_count .1.40.11 Unknown sysctl binary path
[    0.058256] Pid: 1, comm: swapper Not tainted 2.6.32.57 #4
[    0.058257] Call Trace:
[    0.058258]  [<c14a8a0e>] ? printk+0x1d/0x1f
[    0.058260]  [<c107b56f>] set_fail+0x4f/0x60
[    0.058262]  [<c107b8b3>] sysctl_check_table+0x333/0x620
[    0.058263]  [<c107b8cc>] sysctl_check_table+0x34c/0x620
[    0.058265]  [<c107b8cc>] sysctl_check_table+0x34c/0x620
[    0.058267]  [<c1746d48>] sysctl_init+0x25/0x29
[    0.058269]  [<c1003042>] do_one_initcall+0x32/0x1a0
[    0.058271]  [<c1746d23>] ? sysctl_init+0x0/0x29
[    0.058273]  [<c17308e7>] kernel_init+0x12d/0x17a
[    0.058274]  [<c17307ba>] ? kernel_init+0x0/0x17a
[    0.058276]  [<c1009b07>] kernel_thread_helper+0x7/0x10
[    0.058277] sysctl table check failed: /kernel/random/nb_reentry_count .1.40.12 Unknown sysctl binary path
[    0.058525] Pid: 1, comm: swapper Not tainted 2.6.32.57 #4
[    0.058525] Call Trace:
[    0.058527]  [<c14a8a0e>] ? printk+0x1d/0x1f
[    0.058528]  [<c107b56f>] set_fail+0x4f/0x60
[    0.058530]  [<c107b8b3>] sysctl_check_table+0x333/0x620
[    0.058532]  [<c107b8cc>] sysctl_check_table+0x34c/0x620
[    0.058533]  [<c107b8cc>] sysctl_check_table+0x34c/0x620
[    0.058536]  [<c1746d48>] sysctl_init+0x25/0x29
[    0.058537]  [<c1003042>] do_one_initcall+0x32/0x1a0
[    0.058539]  [<c1746d23>] ? sysctl_init+0x0/0x29
[    0.058541]  [<c17308e7>] kernel_init+0x12d/0x17a
[    0.058542]  [<c17307ba>] ? kernel_init+0x0/0x17a
[    0.058544]  [<c1009b07>] kernel_thread_helper+0x7/0x10
[    0.058662] RANDOM - __seed init called.
[    0.058663] RANDOM - __seed init called.
[    0.058663] RANDOM - __seed init called.
[    0.058665] RANDOM - __random32 called. Change num 1.  Value: 7576a435	efb61e22	b7f78320
[    0.058666] RANDOM - __random32 called. Change num 2.  Value: 6a43543e	fb61e228	6410973
[    0.058667] RANDOM - __random32 called. Change num 3.  Value: 3543e018	b61e228b	12e68928
[    0.058669] RANDOM - __random32 called. Change num 4.  Value: 3e018928	61e228b7	1250ba58
[    0.058670] RANDOM - __random32 called. Change num 5.  Value: 189281e4	1e228b73	74b01aad
[    0.058671] RANDOM - __random32 called. Change num 6.  Value: 281e4915	e228b733	355a2619
[    0.058673] RANDOM - random32 init called.  Value: 281e4915	e228b733	355a2619
[    0.058678] regulator: core version 0.5
[    0.058741] Time: 21:59:01  Date: 05/24/13
[    0.058777] NET: Registered protocol family 16
[    0.058842] EISA bus registered
[    0.059618] ACPI: bus type pci registered
[    0.059713] PCI: MCFG configuration 0: base e0000000 segment 0 buses 0 - 255
[    0.059715] PCI: MCFG area at e0000000 reserved in E820
[    0.059716] PCI: Using MMCONFIG for extended config space
[    0.059717] PCI: Using configuration type 1 for base access
[    0.060211] bio: create slab <bio-0> at 0
[    0.061426] ACPI: EC: Look up EC in DSDT
[    0.098406] ACPI: BIOS _OSI(Linux) query ignored
[    0.104741] ACPI: Interpreter enabled
[    0.104746] ACPI: (supports S0 S1 S4 S5)
[    0.104759] ACPI: Using PIC for interrupt routing
[    0.188762] ACPI: No dock devices found.
[    0.189596] ACPI: PCI Root Bridge [PCI0] (0000:00)
[    0.191175] pci 0000:00:07.1: reg 20 io port: [0x10c0-0x10cf]
[    0.191687] pci 0000:00:07.3: quirk: region 1000-103f claimed by PIIX4 ACPI
[    0.191711] pci 0000:00:07.3: quirk: region 1040-104f claimed by PIIX4 SMB
[    0.192275] pci 0000:00:07.7: reg 10 io port: [0x1080-0x10bf]
[    0.192666] pci 0000:00:07.7: reg 14 64bit mmio: [0xc8000000-0xc8001fff]
[    0.193817] pci 0000:00:0f.0: reg 10 io port: [0x10d0-0x10df]
[    0.193856] pci 0000:00:0f.0: reg 14 32bit mmio pref: [0xd0000000-0xd7ffffff]
[    0.193894] pci 0000:00:0f.0: reg 18 32bit mmio: [0xc8800000-0xc8ffffff]
[    0.194060] pci 0000:00:0f.0: reg 30 32bit mmio pref: [0x000000-0x007fff]
[    0.194598] pci 0000:00:10.0: reg 10 io port: [0x1400-0x14ff]
[    0.194991] pci 0000:00:10.0: reg 14 64bit mmio: [0xc8040000-0xc805ffff]
[    0.195360] pci 0000:00:10.0: reg 1c 64bit mmio: [0xc8020000-0xc803ffff]
[    0.195436] pci 0000:00:10.0: reg 30 32bit mmio pref: [0x000000-0x003fff]
[    0.196811] pci 0000:00:15.0: PME# supported from D0 D3hot D3cold
[    0.196833] pci 0000:00:15.0: PME# disabled
[    0.197692] pci 0000:00:15.1: PME# supported from D0 D3hot D3cold
[    0.197712] pci 0000:00:15.1: PME# disabled
[    0.198564] pci 0000:00:15.2: PME# supported from D0 D3hot D3cold
[    0.198584] pci 0000:00:15.2: PME# disabled
[    0.199454] pci 0000:00:15.3: PME# supported from D0 D3hot D3cold
[    0.199474] pci 0000:00:15.3: PME# disabled
[    0.200345] pci 0000:00:15.4: PME# supported from D0 D3hot D3cold
[    0.200365] pci 0000:00:15.4: PME# disabled
[    0.201227] pci 0000:00:15.5: PME# supported from D0 D3hot D3cold
[    0.201247] pci 0000:00:15.5: PME# disabled
[    0.202107] pci 0000:00:15.6: PME# supported from D0 D3hot D3cold
[    0.202127] pci 0000:00:15.6: PME# disabled
[    0.202980] pci 0000:00:15.7: PME# supported from D0 D3hot D3cold
[    0.203000] pci 0000:00:15.7: PME# disabled
[    0.203861] pci 0000:00:16.0: PME# supported from D0 D3hot D3cold
[    0.203881] pci 0000:00:16.0: PME# disabled
[    0.204736] pci 0000:00:16.1: PME# supported from D0 D3hot D3cold
[    0.204756] pci 0000:00:16.1: PME# disabled
[    0.205617] pci 0000:00:16.2: PME# supported from D0 D3hot D3cold
[    0.205637] pci 0000:00:16.2: PME# disabled
[    0.206496] pci 0000:00:16.3: PME# supported from D0 D3hot D3cold
[    0.206516] pci 0000:00:16.3: PME# disabled
[    0.207370] pci 0000:00:16.4: PME# supported from D0 D3hot D3cold
[    0.207390] pci 0000:00:16.4: PME# disabled
[    0.208259] pci 0000:00:16.5: PME# supported from D0 D3hot D3cold
[    0.208279] pci 0000:00:16.5: PME# disabled
[    0.209142] pci 0000:00:16.6: PME# supported from D0 D3hot D3cold
[    0.209162] pci 0000:00:16.6: PME# disabled
[    0.210029] pci 0000:00:16.7: PME# supported from D0 D3hot D3cold
[    0.210049] pci 0000:00:16.7: PME# disabled
[    0.210910] pci 0000:00:17.0: PME# supported from D0 D3hot D3cold
[    0.210930] pci 0000:00:17.0: PME# disabled
[    0.211794] pci 0000:00:17.1: PME# supported from D0 D3hot D3cold
[    0.211814] pci 0000:00:17.1: PME# disabled
[    0.212668] pci 0000:00:17.2: PME# supported from D0 D3hot D3cold
[    0.212689] pci 0000:00:17.2: PME# disabled
[    0.213552] pci 0000:00:17.3: PME# supported from D0 D3hot D3cold
[    0.213572] pci 0000:00:17.3: PME# disabled
[    0.214467] pci 0000:00:17.4: PME# supported from D0 D3hot D3cold
[    0.214487] pci 0000:00:17.4: PME# disabled
[    0.215342] pci 0000:00:17.5: PME# supported from D0 D3hot D3cold
[    0.215362] pci 0000:00:17.5: PME# disabled
[    0.216227] pci 0000:00:17.6: PME# supported from D0 D3hot D3cold
[    0.216247] pci 0000:00:17.6: PME# disabled
[    0.217102] pci 0000:00:17.7: PME# supported from D0 D3hot D3cold
[    0.217121] pci 0000:00:17.7: PME# disabled
[    0.217976] pci 0000:00:18.0: PME# supported from D0 D3hot D3cold
[    0.217996] pci 0000:00:18.0: PME# disabled
[    0.218850] pci 0000:00:18.1: PME# supported from D0 D3hot D3cold
[    0.218871] pci 0000:00:18.1: PME# disabled
[    0.219732] pci 0000:00:18.2: PME# supported from D0 D3hot D3cold
[    0.219752] pci 0000:00:18.2: PME# disabled
[    0.220605] pci 0000:00:18.3: PME# supported from D0 D3hot D3cold
[    0.220625] pci 0000:00:18.3: PME# disabled
[    0.221449] pci 0000:00:18.4: PME# supported from D0 D3hot D3cold
[    0.221468] pci 0000:00:18.4: PME# disabled
[    0.222293] pci 0000:00:18.5: PME# supported from D0 D3hot D3cold
[    0.222311] pci 0000:00:18.5: PME# disabled
[    0.223132] pci 0000:00:18.6: PME# supported from D0 D3hot D3cold
[    0.223151] pci 0000:00:18.6: PME# disabled
[    0.223977] pci 0000:00:18.7: PME# supported from D0 D3hot D3cold
[    0.223996] pci 0000:00:18.7: PME# disabled
[    0.225027] pci 0000:02:00.0: reg 20 io port: [0x20c0-0x20df]
[    0.225488] pci 0000:02:01.0: reg 10 io port: [0x2000-0x207f]
[    0.225690] pci 0000:02:01.0: reg 30 32bit mmio pref: [0x000000-0x00ffff]
[    0.226224] pci 0000:02:02.0: reg 10 io port: [0x2080-0x20bf]
[    0.226786] pci 0000:02:03.0: reg 10 32bit mmio: [0xc9000000-0xc9000fff]
[    0.227354] pci 0000:00:11.0: transparent bridge
[    0.227373] pci 0000:00:11.0: bridge io port: [0x2000-0x3fff]
[    0.227392] pci 0000:00:11.0: bridge 32bit mmio: [0xc9000000-0xca3fffff]
[    0.227428] pci 0000:00:11.0: bridge 64bit mmio pref: [0xd8400000-0xd89fffff]
[    0.227775] pci 0000:00:15.0: bridge io port: [0x4000-0x4fff]
[    0.227794] pci 0000:00:15.0: bridge 32bit mmio: [0xca400000-0xca4fffff]
[    0.227830] pci 0000:00:15.0: bridge 64bit mmio pref: [0xd8a00000-0xd8afffff]
[    0.228190] pci 0000:00:15.1: bridge io port: [0x8000-0x8fff]
[    0.228209] pci 0000:00:15.1: bridge 32bit mmio: [0xca800000-0xca8fffff]
[    0.228244] pci 0000:00:15.1: bridge 64bit mmio pref: [0xd8e00000-0xd8efffff]
[    0.228575] pci 0000:00:15.2: bridge io port: [0xc000-0xcfff]
[    0.228594] pci 0000:00:15.2: bridge 32bit mmio: [0xcac00000-0xcacfffff]
[    0.228629] pci 0000:00:15.2: bridge 64bit mmio pref: [0xd9200000-0xd92fffff]
[    0.229009] pci 0000:00:15.3: bridge 32bit mmio: [0xcb000000-0xcb0fffff]
[    0.229044] pci 0000:00:15.3: bridge 64bit mmio pref: [0xd9600000-0xd96fffff]
[    0.229394] pci 0000:00:15.4: bridge 32bit mmio: [0xcb400000-0xcb4fffff]
[    0.229429] pci 0000:00:15.4: bridge 64bit mmio pref: [0xd9a00000-0xd9afffff]
[    0.229778] pci 0000:00:15.5: bridge 32bit mmio: [0xcb800000-0xcb8fffff]
[    0.229813] pci 0000:00:15.5: bridge 64bit mmio pref: [0xd9e00000-0xd9efffff]
[    0.230181] pci 0000:00:15.6: bridge 32bit mmio: [0xcbc00000-0xcbcfffff]
[    0.230217] pci 0000:00:15.6: bridge 64bit mmio pref: [0xda200000-0xda2fffff]
[    0.230566] pci 0000:00:15.7: bridge 32bit mmio: [0xcc000000-0xcc0fffff]
[    0.230602] pci 0000:00:15.7: bridge 64bit mmio pref: [0xda600000-0xda6fffff]
[    0.230960] pci 0000:00:16.0: bridge io port: [0x5000-0x5fff]
[    0.230979] pci 0000:00:16.0: bridge 32bit mmio: [0xca500000-0xca5fffff]
[    0.231014] pci 0000:00:16.0: bridge 64bit mmio pref: [0xd8b00000-0xd8bfffff]
[    0.231347] pci 0000:00:16.1: bridge io port: [0x9000-0x9fff]
[    0.231365] pci 0000:00:16.1: bridge 32bit mmio: [0xca900000-0xca9fffff]
[    0.231401] pci 0000:00:16.1: bridge 64bit mmio pref: [0xd8f00000-0xd8ffffff]
[    0.231743] pci 0000:00:16.2: bridge io port: [0xd000-0xdfff]
[    0.231762] pci 0000:00:16.2: bridge 32bit mmio: [0xcad00000-0xcadfffff]
[    0.231799] pci 0000:00:16.2: bridge 64bit mmio pref: [0xd9300000-0xd93fffff]
[    0.232168] pci 0000:00:16.3: bridge 32bit mmio: [0xcb100000-0xcb1fffff]
[    0.232204] pci 0000:00:16.3: bridge 64bit mmio pref: [0xd9700000-0xd97fffff]
[    0.232552] pci 0000:00:16.4: bridge 32bit mmio: [0xcb500000-0xcb5fffff]
[    0.232588] pci 0000:00:16.4: bridge 64bit mmio pref: [0xd9b00000-0xd9bfffff]
[    0.232958] pci 0000:00:16.5: bridge 32bit mmio: [0xcb900000-0xcb9fffff]
[    0.232994] pci 0000:00:16.5: bridge 64bit mmio pref: [0xd9f00000-0xd9ffffff]
[    0.233342] pci 0000:00:16.6: bridge 32bit mmio: [0xcbd00000-0xcbdfffff]
[    0.233377] pci 0000:00:16.6: bridge 64bit mmio pref: [0xda300000-0xda3fffff]
[    0.233725] pci 0000:00:16.7: bridge 32bit mmio: [0xcc100000-0xcc1fffff]
[    0.233760] pci 0000:00:16.7: bridge 64bit mmio pref: [0xda700000-0xda7fffff]
[    0.234117] pci 0000:00:17.0: bridge io port: [0x6000-0x6fff]
[    0.234136] pci 0000:00:17.0: bridge 32bit mmio: [0xca600000-0xca6fffff]
[    0.234172] pci 0000:00:17.0: bridge 64bit mmio pref: [0xd8c00000-0xd8cfffff]
[    0.234503] pci 0000:00:17.1: bridge io port: [0xa000-0xafff]
[    0.234521] pci 0000:00:17.1: bridge 32bit mmio: [0xcaa00000-0xcaafffff]
[    0.234557] pci 0000:00:17.1: bridge 64bit mmio pref: [0xd9000000-0xd90fffff]
[    0.234913] pci 0000:00:17.2: bridge io port: [0xe000-0xefff]
[    0.234932] pci 0000:00:17.2: bridge 32bit mmio: [0xcae00000-0xcaefffff]
[    0.234968] pci 0000:00:17.2: bridge 64bit mmio pref: [0xd9400000-0xd94fffff]
[    0.235318] pci 0000:00:17.3: bridge 32bit mmio: [0xcb200000-0xcb2fffff]
[    0.235353] pci 0000:00:17.3: bridge 64bit mmio pref: [0xd9800000-0xd98fffff]
[    0.235711] pci 0000:00:17.4: bridge 32bit mmio: [0xcb600000-0xcb6fffff]
[    0.235747] pci 0000:00:17.4: bridge 64bit mmio pref: [0xd9c00000-0xd9cfffff]
[    0.236122] pci 0000:00:17.5: bridge 32bit mmio: [0xcba00000-0xcbafffff]
[    0.236158] pci 0000:00:17.5: bridge 64bit mmio pref: [0xda000000-0xda0fffff]
[    0.236506] pci 0000:00:17.6: bridge 32bit mmio: [0xcbe00000-0xcbefffff]
[    0.236542] pci 0000:00:17.6: bridge 64bit mmio pref: [0xda400000-0xda4fffff]
[    0.236918] pci 0000:00:17.7: bridge 32bit mmio: [0xcc200000-0xcc2fffff]
[    0.236954] pci 0000:00:17.7: bridge 64bit mmio pref: [0xda800000-0xda8fffff]
[    0.237285] pci 0000:00:18.0: bridge io port: [0x7000-0x7fff]
[    0.237304] pci 0000:00:18.0: bridge 32bit mmio: [0xca700000-0xca7fffff]
[    0.237340] pci 0000:00:18.0: bridge 64bit mmio pref: [0xd8d00000-0xd8dfffff]
[    0.237671] pci 0000:00:18.1: bridge io port: [0xb000-0xbfff]
[    0.237690] pci 0000:00:18.1: bridge 32bit mmio: [0xcab00000-0xcabfffff]
[    0.237726] pci 0000:00:18.1: bridge 64bit mmio pref: [0xd9100000-0xd91fffff]
[    0.238083] pci 0000:00:18.2: bridge io port: [0xf000-0xffff]
[    0.238102] pci 0000:00:18.2: bridge 32bit mmio: [0xcaf00000-0xcaffffff]
[    0.238137] pci 0000:00:18.2: bridge 64bit mmio pref: [0xd9500000-0xd95fffff]
[    0.238486] pci 0000:00:18.3: bridge 32bit mmio: [0xcb300000-0xcb3fffff]
[    0.238522] pci 0000:00:18.3: bridge 64bit mmio pref: [0xd9900000-0xd99fffff]
[    0.238889] pci 0000:00:18.4: bridge 32bit mmio: [0xcb700000-0xcb7fffff]
[    0.238933] pci 0000:00:18.4: bridge 64bit mmio pref: [0xd9d00000-0xd9dfffff]
[    0.239282] pci 0000:00:18.5: bridge 32bit mmio: [0xcbb00000-0xcbbfffff]
[    0.239317] pci 0000:00:18.5: bridge 64bit mmio pref: [0xda100000-0xda1fffff]
[    0.239673] pci 0000:00:18.6: bridge 32bit mmio: [0xcbf00000-0xcbffffff]
[    0.239709] pci 0000:00:18.6: bridge 64bit mmio pref: [0xda500000-0xda5fffff]
[    0.240088] pci 0000:00:18.7: bridge 32bit mmio: [0xcc300000-0xcc3fffff]
[    0.240123] pci 0000:00:18.7: bridge 64bit mmio pref: [0xda900000-0xda9fffff]
[    0.241516] pci_bus 0000:00: on NUMA node 0
[    0.241523] ACPI: PCI Interrupt Routing Table [\_SB_.PCI0._PRT]
[    0.457885] ACPI: PCI Interrupt Link [LNKA] (IRQs 3 4 5 6 7 *9 10 11 14 15)
[    0.458030] ACPI: PCI Interrupt Link [LNKB] (IRQs 3 4 5 6 7 9 10 *11 14 15)
[    0.458171] ACPI: PCI Interrupt Link [LNKC] (IRQs 3 4 5 6 7 9 *10 11 14 15)
[    0.458311] ACPI: PCI Interrupt Link [LNKD] (IRQs 3 4 *5 6 7 9 10 11 14 15)
[    0.458438] vgaarb: device added: PCI:0000:00:0f.0,decodes=io+mem,owns=io+mem,locks=none
[    0.458447] vgaarb: loaded
[    0.458587] SCSI subsystem initialized
[    0.458638] libata version 3.00 loaded.
[    0.458682] usbcore: registered new interface driver usbfs
[    0.458694] usbcore: registered new interface driver hub
[    0.458719] usbcore: registered new device driver usb
[    0.458787] PCI: Using ACPI for IRQ routing
[    0.459736] NetLabel: Initializing
[    0.459737] NetLabel:  domain hash size = 128
[    0.459738] NetLabel:  protocols = UNLABELED CIPSOv4
[    0.459745] NetLabel:  unlabeled traffic allowed by default
[    0.459777] hpet0: at MMIO 0xfed00000, IRQs 2, 8, 0, 0, 0, 0, 0, 0, 0, 0, 0, 0, 0, 0, 0, 0
[    0.459782] hpet0: 16 comparators, 64-bit 14.318180 MHz counter
[    0.461798] Switching to clocksource tsc
[    0.468759] pnp: PnP ACPI init
[    0.468770] ACPI: bus type pnp registered
[    0.510446] pnp: PnP ACPI: found 14 devices
[    0.510448] ACPI: ACPI bus type pnp unregistered
[    0.510451] PnPBIOS: Disabled by ACPI PNP
[    0.510484] system 00:01: ioport range 0x1000-0x103f has been reserved
[    0.510486] system 00:01: ioport range 0x1040-0x104f has been reserved
[    0.510487] system 00:01: ioport range 0xcf0-0xcf1 has been reserved
[    0.510494] system 00:08: iomem range 0xfed00000-0xfed003ff has been reserved
[    0.510498] system 00:0d: ioport range 0x1060-0x107f has been reserved
[    0.510500] system 00:0d: iomem range 0xe0000000-0xefffffff has been reserved
[    0.510511] system 00:0d: iomem range 0xc8200000-0xc83fffff has been reserved
[    0.546000] pci 0000:00:15.3: BAR 13: can't allocate I/O resource [0x10000-0xffff]
[    0.546003] pci 0000:00:15.4: BAR 13: can't allocate I/O resource [0x10000-0xffff]
[    0.546006] pci 0000:00:15.5: BAR 13: can't allocate I/O resource [0x10000-0xffff]
[    0.546009] pci 0000:00:15.6: BAR 13: can't allocate I/O resource [0x10000-0xffff]
[    0.546011] pci 0000:00:15.7: BAR 13: can't allocate I/O resource [0x10000-0xffff]
[    0.546014] pci 0000:00:16.3: BAR 13: can't allocate I/O resource [0x10000-0xffff]
[    0.546017] pci 0000:00:16.4: BAR 13: can't allocate I/O resource [0x10000-0xffff]
[    0.546019] pci 0000:00:16.5: BAR 13: can't allocate I/O resource [0x10000-0xffff]
[    0.546022] pci 0000:00:16.6: BAR 13: can't allocate I/O resource [0x10000-0xffff]
[    0.546025] pci 0000:00:16.7: BAR 13: can't allocate I/O resource [0x10000-0xffff]
[    0.546027] pci 0000:00:17.3: BAR 13: can't allocate I/O resource [0x10000-0xffff]
[    0.546030] pci 0000:00:17.4: BAR 13: can't allocate I/O resource [0x10000-0xffff]
[    0.546032] pci 0000:00:17.5: BAR 13: can't allocate I/O resource [0x10000-0xffff]
[    0.546035] pci 0000:00:17.6: BAR 13: can't allocate I/O resource [0x10000-0xffff]
[    0.546038] pci 0000:00:17.7: BAR 13: can't allocate I/O resource [0x10000-0xffff]
[    0.546040] pci 0000:00:18.3: BAR 13: can't allocate I/O resource [0x10000-0xffff]
[    0.546043] pci 0000:00:18.4: BAR 13: can't allocate I/O resource [0x10000-0xffff]
[    0.546045] pci 0000:00:18.5: BAR 13: can't allocate I/O resource [0x10000-0xffff]
[    0.546048] pci 0000:00:18.6: BAR 13: can't allocate I/O resource [0x10000-0xffff]
[    0.546051] pci 0000:00:18.7: BAR 13: can't allocate I/O resource [0x10000-0xffff]
[    0.546053] pci 0000:00:01.0: PCI bridge, secondary bus 0000:01
[    0.546055] pci 0000:00:01.0:   IO window: disabled
[    0.546083] pci 0000:00:01.0:   MEM window: disabled
[    0.546102] pci 0000:00:01.0:   PREFETCH window: disabled
[    0.546139] pci 0000:00:11.0: PCI bridge, secondary bus 0000:02
[    0.546150] pci 0000:00:11.0:   IO window: 0x2000-0x3fff
[    0.546178] pci 0000:00:11.0:   MEM window: 0xc9000000-0xca3fffff
[    0.546198] pci 0000:00:11.0:   PREFETCH window: 0x000000d8400000-0x000000d89fffff
[    0.546234] pci 0000:00:15.0: PCI bridge, secondary bus 0000:03
[    0.546245] pci 0000:00:15.0:   IO window: 0x4000-0x4fff
[    0.546272] pci 0000:00:15.0:   MEM window: 0xca400000-0xca4fffff
[    0.546291] pci 0000:00:15.0:   PREFETCH window: 0x000000d8a00000-0x000000d8afffff
[    0.546340] pci 0000:00:15.1: PCI bridge, secondary bus 0000:04
[    0.546351] pci 0000:00:15.1:   IO window: 0x8000-0x8fff
[    0.546378] pci 0000:00:15.1:   MEM window: 0xca800000-0xca8fffff
[    0.546397] pci 0000:00:15.1:   PREFETCH window: 0x000000d8e00000-0x000000d8efffff
[    0.546438] pci 0000:00:15.2: PCI bridge, secondary bus 0000:05
[    0.546449] pci 0000:00:15.2:   IO window: 0xc000-0xcfff
[    0.546476] pci 0000:00:15.2:   MEM window: 0xcac00000-0xcacfffff
[    0.546495] pci 0000:00:15.2:   PREFETCH window: 0x000000d9200000-0x000000d92fffff
[    0.546536] pci 0000:00:15.3: PCI bridge, secondary bus 0000:06
[    0.546537] pci 0000:00:15.3:   IO window: disabled
[    0.546565] pci 0000:00:15.3:   MEM window: 0xcb000000-0xcb0fffff
[    0.546584] pci 0000:00:15.3:   PREFETCH window: 0x000000d9600000-0x000000d96fffff
[    0.546624] pci 0000:00:15.4: PCI bridge, secondary bus 0000:07
[    0.546625] pci 0000:00:15.4:   IO window: disabled
[    0.546653] pci 0000:00:15.4:   MEM window: 0xcb400000-0xcb4fffff
[    0.546672] pci 0000:00:15.4:   PREFETCH window: 0x000000d9a00000-0x000000d9afffff
[    0.546712] pci 0000:00:15.5: PCI bridge, secondary bus 0000:08
[    0.546713] pci 0000:00:15.5:   IO window: disabled
[    0.546741] pci 0000:00:15.5:   MEM window: 0xcb800000-0xcb8fffff
[    0.546760] pci 0000:00:15.5:   PREFETCH window: 0x000000d9e00000-0x000000d9efffff
[    0.546800] pci 0000:00:15.6: PCI bridge, secondary bus 0000:09
[    0.546801] pci 0000:00:15.6:   IO window: disabled
[    0.546829] pci 0000:00:15.6:   MEM window: 0xcbc00000-0xcbcfffff
[    0.546862] pci 0000:00:15.6:   PREFETCH window: 0x000000da200000-0x000000da2fffff
[    0.546911] pci 0000:00:15.7: PCI bridge, secondary bus 0000:0a
[    0.546913] pci 0000:00:15.7:   IO window: disabled
[    0.546940] pci 0000:00:15.7:   MEM window: 0xcc000000-0xcc0fffff
[    0.546960] pci 0000:00:15.7:   PREFETCH window: 0x000000da600000-0x000000da6fffff
[    0.546999] pci 0000:00:16.0: PCI bridge, secondary bus 0000:0b
[    0.547010] pci 0000:00:16.0:   IO window: 0x5000-0x5fff
[    0.547038] pci 0000:00:16.0:   MEM window: 0xca500000-0xca5fffff
[    0.547057] pci 0000:00:16.0:   PREFETCH window: 0x000000d8b00000-0x000000d8bfffff
[    0.547097] pci 0000:00:16.1: PCI bridge, secondary bus 0000:0c
[    0.547108] pci 0000:00:16.1:   IO window: 0x9000-0x9fff
[    0.547135] pci 0000:00:16.1:   MEM window: 0xca900000-0xca9fffff
[    0.547155] pci 0000:00:16.1:   PREFETCH window: 0x000000d8f00000-0x000000d8ffffff
[    0.547195] pci 0000:00:16.2: PCI bridge, secondary bus 0000:0d
[    0.547206] pci 0000:00:16.2:   IO window: 0xd000-0xdfff
[    0.547233] pci 0000:00:16.2:   MEM window: 0xcad00000-0xcadfffff
[    0.547253] pci 0000:00:16.2:   PREFETCH window: 0x000000d9300000-0x000000d93fffff
[    0.547292] pci 0000:00:16.3: PCI bridge, secondary bus 0000:0e
[    0.547294] pci 0000:00:16.3:   IO window: disabled
[    0.547321] pci 0000:00:16.3:   MEM window: 0xcb100000-0xcb1fffff
[    0.547340] pci 0000:00:16.3:   PREFETCH window: 0x000000d9700000-0x000000d97fffff
[    0.547380] pci 0000:00:16.4: PCI bridge, secondary bus 0000:0f
[    0.547382] pci 0000:00:16.4:   IO window: disabled
[    0.547410] pci 0000:00:16.4:   MEM window: 0xcb500000-0xcb5fffff
[    0.547429] pci 0000:00:16.4:   PREFETCH window: 0x000000d9b00000-0x000000d9bfffff
[    0.547469] pci 0000:00:16.5: PCI bridge, secondary bus 0000:10
[    0.547470] pci 0000:00:16.5:   IO window: disabled
[    0.547498] pci 0000:00:16.5:   MEM window: 0xcb900000-0xcb9fffff
[    0.547517] pci 0000:00:16.5:   PREFETCH window: 0x000000d9f00000-0x000000d9ffffff
[    0.547557] pci 0000:00:16.6: PCI bridge, secondary bus 0000:11
[    0.547558] pci 0000:00:16.6:   IO window: disabled
[    0.547586] pci 0000:00:16.6:   MEM window: 0xcbd00000-0xcbdfffff
[    0.547605] pci 0000:00:16.6:   PREFETCH window: 0x000000da300000-0x000000da3fffff
[    0.547645] pci 0000:00:16.7: PCI bridge, secondary bus 0000:12
[    0.547647] pci 0000:00:16.7:   IO window: disabled
[    0.547674] pci 0000:00:16.7:   MEM window: 0xcc100000-0xcc1fffff
[    0.547694] pci 0000:00:16.7:   PREFETCH window: 0x000000da700000-0x000000da7fffff
[    0.547733] pci 0000:00:17.0: PCI bridge, secondary bus 0000:13
[    0.547744] pci 0000:00:17.0:   IO window: 0x6000-0x6fff
[    0.547772] pci 0000:00:17.0:   MEM window: 0xca600000-0xca6fffff
[    0.547791] pci 0000:00:17.0:   PREFETCH window: 0x000000d8c00000-0x000000d8cfffff
[    0.547831] pci 0000:00:17.1: PCI bridge, secondary bus 0000:14
[    0.547857] pci 0000:00:17.1:   IO window: 0xa000-0xafff
[    0.547894] pci 0000:00:17.1:   MEM window: 0xcaa00000-0xcaafffff
[    0.547914] pci 0000:00:17.1:   PREFETCH window: 0x000000d9000000-0x000000d90fffff
[    0.547953] pci 0000:00:17.2: PCI bridge, secondary bus 0000:15
[    0.547964] pci 0000:00:17.2:   IO window: 0xe000-0xefff
[    0.547992] pci 0000:00:17.2:   MEM window: 0xcae00000-0xcaefffff
[    0.548011] pci 0000:00:17.2:   PREFETCH window: 0x000000d9400000-0x000000d94fffff
[    0.548051] pci 0000:00:17.3: PCI bridge, secondary bus 0000:16
[    0.548052] pci 0000:00:17.3:   IO window: disabled
[    0.548080] pci 0000:00:17.3:   MEM window: 0xcb200000-0xcb2fffff
[    0.548099] pci 0000:00:17.3:   PREFETCH window: 0x000000d9800000-0x000000d98fffff
[    0.548139] pci 0000:00:17.4: PCI bridge, secondary bus 0000:17
[    0.548141] pci 0000:00:17.4:   IO window: disabled
[    0.548168] pci 0000:00:17.4:   MEM window: 0xcb600000-0xcb6fffff
[    0.548188] pci 0000:00:17.4:   PREFETCH window: 0x000000d9c00000-0x000000d9cfffff
[    0.548227] pci 0000:00:17.5: PCI bridge, secondary bus 0000:18
[    0.548229] pci 0000:00:17.5:   IO window: disabled
[    0.548256] pci 0000:00:17.5:   MEM window: 0xcba00000-0xcbafffff
[    0.548276] pci 0000:00:17.5:   PREFETCH window: 0x000000da000000-0x000000da0fffff
[    0.548315] pci 0000:00:17.6: PCI bridge, secondary bus 0000:19
[    0.548317] pci 0000:00:17.6:   IO window: disabled
[    0.548344] pci 0000:00:17.6:   MEM window: 0xcbe00000-0xcbefffff
[    0.548364] pci 0000:00:17.6:   PREFETCH window: 0x000000da400000-0x000000da4fffff
[    0.548404] pci 0000:00:17.7: PCI bridge, secondary bus 0000:1a
[    0.548405] pci 0000:00:17.7:   IO window: disabled
[    0.548433] pci 0000:00:17.7:   MEM window: 0xcc200000-0xcc2fffff
[    0.548452] pci 0000:00:17.7:   PREFETCH window: 0x000000da800000-0x000000da8fffff
[    0.548492] pci 0000:00:18.0: PCI bridge, secondary bus 0000:1b
[    0.548503] pci 0000:00:18.0:   IO window: 0x7000-0x7fff
[    0.548530] pci 0000:00:18.0:   MEM window: 0xca700000-0xca7fffff
[    0.548549] pci 0000:00:18.0:   PREFETCH window: 0x000000d8d00000-0x000000d8dfffff
[    0.548589] pci 0000:00:18.1: PCI bridge, secondary bus 0000:1c
[    0.548600] pci 0000:00:18.1:   IO window: 0xb000-0xbfff
[    0.548628] pci 0000:00:18.1:   MEM window: 0xcab00000-0xcabfffff
[    0.548647] pci 0000:00:18.1:   PREFETCH window: 0x000000d9100000-0x000000d91fffff
[    0.548687] pci 0000:00:18.2: PCI bridge, secondary bus 0000:1d
[    0.548698] pci 0000:00:18.2:   IO window: 0xf000-0xffff
[    0.548725] pci 0000:00:18.2:   MEM window: 0xcaf00000-0xcaffffff
[    0.548744] pci 0000:00:18.2:   PREFETCH window: 0x000000d9500000-0x000000d95fffff
[    0.548784] pci 0000:00:18.3: PCI bridge, secondary bus 0000:1e
[    0.548786] pci 0000:00:18.3:   IO window: disabled
[    0.548813] pci 0000:00:18.3:   MEM window: 0xcb300000-0xcb3fffff
[    0.548833] pci 0000:00:18.3:   PREFETCH window: 0x000000d9900000-0x000000d99fffff
[    0.548899] pci 0000:00:18.4: PCI bridge, secondary bus 0000:1f
[    0.548900] pci 0000:00:18.4:   IO window: disabled
[    0.548928] pci 0000:00:18.4:   MEM window: 0xcb700000-0xcb7fffff
[    0.548947] pci 0000:00:18.4:   PREFETCH window: 0x000000d9d00000-0x000000d9dfffff
[    0.548987] pci 0000:00:18.5: PCI bridge, secondary bus 0000:20
[    0.548988] pci 0000:00:18.5:   IO window: disabled
[    0.549016] pci 0000:00:18.5:   MEM window: 0xcbb00000-0xcbbfffff
[    0.549035] pci 0000:00:18.5:   PREFETCH window: 0x000000da100000-0x000000da1fffff
[    0.549075] pci 0000:00:18.6: PCI bridge, secondary bus 0000:21
[    0.549077] pci 0000:00:18.6:   IO window: disabled
[    0.549104] pci 0000:00:18.6:   MEM window: 0xcbf00000-0xcbffffff
[    0.549124] pci 0000:00:18.6:   PREFETCH window: 0x000000da500000-0x000000da5fffff
[    0.549163] pci 0000:00:18.7: PCI bridge, secondary bus 0000:22
[    0.549165] pci 0000:00:18.7:   IO window: disabled
[    0.549192] pci 0000:00:18.7:   MEM window: 0xcc300000-0xcc3fffff
[    0.549212] pci 0000:00:18.7:   PREFETCH window: 0x000000da900000-0x000000da9fffff
[    0.549280] pci 0000:00:01.0: setting latency timer to 64
[    0.549370] pci 0000:00:15.0: setting latency timer to 64
[    0.549432] pci 0000:00:15.1: setting latency timer to 64
[    0.549494] pci 0000:00:15.2: setting latency timer to 64
[    0.549556] pci 0000:00:15.3: setting latency timer to 64
[    0.549618] pci 0000:00:15.4: setting latency timer to 64
[    0.549679] pci 0000:00:15.5: setting latency timer to 64
[    0.549750] pci 0000:00:15.6: setting latency timer to 64
[    0.549813] pci 0000:00:15.7: setting latency timer to 64
[    0.549900] pci 0000:00:16.0: setting latency timer to 64
[    0.549962] pci 0000:00:16.1: setting latency timer to 64
[    0.550024] pci 0000:00:16.2: setting latency timer to 64
[    0.550086] pci 0000:00:16.3: setting latency timer to 64
[    0.550148] pci 0000:00:16.4: setting latency timer to 64
[    0.550210] pci 0000:00:16.5: setting latency timer to 64
[    0.550272] pci 0000:00:16.6: setting latency timer to 64
[    0.550333] pci 0000:00:16.7: setting latency timer to 64
[    0.550395] pci 0000:00:17.0: setting latency timer to 64
[    0.550457] pci 0000:00:17.1: setting latency timer to 64
[    0.550519] pci 0000:00:17.2: setting latency timer to 64
[    0.550581] pci 0000:00:17.3: setting latency timer to 64
[    0.550643] pci 0000:00:17.4: setting latency timer to 64
[    0.550704] pci 0000:00:17.5: setting latency timer to 64
[    0.550766] pci 0000:00:17.6: setting latency timer to 64
[    0.550828] pci 0000:00:17.7: setting latency timer to 64
[    0.550916] pci 0000:00:18.0: setting latency timer to 64
[    0.550978] pci 0000:00:18.1: setting latency timer to 64
[    0.551039] pci 0000:00:18.2: setting latency timer to 64
[    0.551101] pci 0000:00:18.3: setting latency timer to 64
[    0.551173] pci 0000:00:18.4: setting latency timer to 64
[    0.551246] pci 0000:00:18.5: setting latency timer to 64
[    0.551308] pci 0000:00:18.6: setting latency timer to 64
[    0.551370] pci 0000:00:18.7: setting latency timer to 64
[    0.551381] pci_bus 0000:00: resource 0 io:  [0x00-0xffff]
[    0.551383] pci_bus 0000:00: resource 1 mem: [0x000000-0xffffffffffffffff]
[    0.551385] pci_bus 0000:02: resource 0 io:  [0x2000-0x3fff]
[    0.551387] pci_bus 0000:02: resource 1 mem: [0xc9000000-0xca3fffff]
[    0.551389] pci_bus 0000:02: resource 2 pref mem [0xd8400000-0xd89fffff]
[    0.551391] pci_bus 0000:02: resource 3 io:  [0x00-0xffff]
[    0.551393] pci_bus 0000:02: resource 4 mem: [0x000000-0xffffffffffffffff]
[    0.551395] pci_bus 0000:03: resource 0 io:  [0x4000-0x4fff]
[    0.551396] pci_bus 0000:03: resource 1 mem: [0xca400000-0xca4fffff]
[    0.551398] pci_bus 0000:03: resource 2 pref mem [0xd8a00000-0xd8afffff]
[    0.551400] pci_bus 0000:04: resource 0 io:  [0x8000-0x8fff]
[    0.551402] pci_bus 0000:04: resource 1 mem: [0xca800000-0xca8fffff]
[    0.551404] pci_bus 0000:04: resource 2 pref mem [0xd8e00000-0xd8efffff]
[    0.551405] pci_bus 0000:05: resource 0 io:  [0xc000-0xcfff]
[    0.551407] pci_bus 0000:05: resource 1 mem: [0xcac00000-0xcacfffff]
[    0.551409] pci_bus 0000:05: resource 2 pref mem [0xd9200000-0xd92fffff]
[    0.551411] pci_bus 0000:06: resource 1 mem: [0xcb000000-0xcb0fffff]
[    0.551413] pci_bus 0000:06: resource 2 pref mem [0xd9600000-0xd96fffff]
[    0.551415] pci_bus 0000:07: resource 1 mem: [0xcb400000-0xcb4fffff]
[    0.551416] pci_bus 0000:07: resource 2 pref mem [0xd9a00000-0xd9afffff]
[    0.551418] pci_bus 0000:08: resource 1 mem: [0xcb800000-0xcb8fffff]
[    0.551420] pci_bus 0000:08: resource 2 pref mem [0xd9e00000-0xd9efffff]
[    0.551422] pci_bus 0000:09: resource 1 mem: [0xcbc00000-0xcbcfffff]
[    0.551424] pci_bus 0000:09: resource 2 pref mem [0xda200000-0xda2fffff]
[    0.551425] pci_bus 0000:0a: resource 1 mem: [0xcc000000-0xcc0fffff]
[    0.551427] pci_bus 0000:0a: resource 2 pref mem [0xda600000-0xda6fffff]
[    0.551429] pci_bus 0000:0b: resource 0 io:  [0x5000-0x5fff]
[    0.551431] pci_bus 0000:0b: resource 1 mem: [0xca500000-0xca5fffff]
[    0.551432] pci_bus 0000:0b: resource 2 pref mem [0xd8b00000-0xd8bfffff]
[    0.551434] pci_bus 0000:0c: resource 0 io:  [0x9000-0x9fff]
[    0.551436] pci_bus 0000:0c: resource 1 mem: [0xca900000-0xca9fffff]
[    0.551438] pci_bus 0000:0c: resource 2 pref mem [0xd8f00000-0xd8ffffff]
[    0.551440] pci_bus 0000:0d: resource 0 io:  [0xd000-0xdfff]
[    0.551441] pci_bus 0000:0d: resource 1 mem: [0xcad00000-0xcadfffff]
[    0.551443] pci_bus 0000:0d: resource 2 pref mem [0xd9300000-0xd93fffff]
[    0.551445] pci_bus 0000:0e: resource 1 mem: [0xcb100000-0xcb1fffff]
[    0.551447] pci_bus 0000:0e: resource 2 pref mem [0xd9700000-0xd97fffff]
[    0.551449] pci_bus 0000:0f: resource 1 mem: [0xcb500000-0xcb5fffff]
[    0.551450] pci_bus 0000:0f: resource 2 pref mem [0xd9b00000-0xd9bfffff]
[    0.551452] pci_bus 0000:10: resource 1 mem: [0xcb900000-0xcb9fffff]
[    0.551454] pci_bus 0000:10: resource 2 pref mem [0xd9f00000-0xd9ffffff]
[    0.551456] pci_bus 0000:11: resource 1 mem: [0xcbd00000-0xcbdfffff]
[    0.551458] pci_bus 0000:11: resource 2 pref mem [0xda300000-0xda3fffff]
[    0.551460] pci_bus 0000:12: resource 1 mem: [0xcc100000-0xcc1fffff]
[    0.551461] pci_bus 0000:12: resource 2 pref mem [0xda700000-0xda7fffff]
[    0.551463] pci_bus 0000:13: resource 0 io:  [0x6000-0x6fff]
[    0.551465] pci_bus 0000:13: resource 1 mem: [0xca600000-0xca6fffff]
[    0.551467] pci_bus 0000:13: resource 2 pref mem [0xd8c00000-0xd8cfffff]
[    0.551468] pci_bus 0000:14: resource 0 io:  [0xa000-0xafff]
[    0.551470] pci_bus 0000:14: resource 1 mem: [0xcaa00000-0xcaafffff]
[    0.551472] pci_bus 0000:14: resource 2 pref mem [0xd9000000-0xd90fffff]
[    0.551474] pci_bus 0000:15: resource 0 io:  [0xe000-0xefff]
[    0.551475] pci_bus 0000:15: resource 1 mem: [0xcae00000-0xcaefffff]
[    0.551477] pci_bus 0000:15: resource 2 pref mem [0xd9400000-0xd94fffff]
[    0.551479] pci_bus 0000:16: resource 1 mem: [0xcb200000-0xcb2fffff]
[    0.551481] pci_bus 0000:16: resource 2 pref mem [0xd9800000-0xd98fffff]
[    0.551483] pci_bus 0000:17: resource 1 mem: [0xcb600000-0xcb6fffff]
[    0.551485] pci_bus 0000:17: resource 2 pref mem [0xd9c00000-0xd9cfffff]
[    0.551486] pci_bus 0000:18: resource 1 mem: [0xcba00000-0xcbafffff]
[    0.551488] pci_bus 0000:18: resource 2 pref mem [0xda000000-0xda0fffff]
[    0.551490] pci_bus 0000:19: resource 1 mem: [0xcbe00000-0xcbefffff]
[    0.551492] pci_bus 0000:19: resource 2 pref mem [0xda400000-0xda4fffff]
[    0.551494] pci_bus 0000:1a: resource 1 mem: [0xcc200000-0xcc2fffff]
[    0.551495] pci_bus 0000:1a: resource 2 pref mem [0xda800000-0xda8fffff]
[    0.551497] pci_bus 0000:1b: resource 0 io:  [0x7000-0x7fff]
[    0.551499] pci_bus 0000:1b: resource 1 mem: [0xca700000-0xca7fffff]
[    0.551501] pci_bus 0000:1b: resource 2 pref mem [0xd8d00000-0xd8dfffff]
[    0.551502] pci_bus 0000:1c: resource 0 io:  [0xb000-0xbfff]
[    0.551504] pci_bus 0000:1c: resource 1 mem: [0xcab00000-0xcabfffff]
[    0.551506] pci_bus 0000:1c: resource 2 pref mem [0xd9100000-0xd91fffff]
[    0.551508] pci_bus 0000:1d: resource 0 io:  [0xf000-0xffff]
[    0.551510] pci_bus 0000:1d: resource 1 mem: [0xcaf00000-0xcaffffff]
[    0.551511] pci_bus 0000:1d: resource 2 pref mem [0xd9500000-0xd95fffff]
[    0.551513] pci_bus 0000:1e: resource 1 mem: [0xcb300000-0xcb3fffff]
[    0.551515] pci_bus 0000:1e: resource 2 pref mem [0xd9900000-0xd99fffff]
[    0.551517] pci_bus 0000:1f: resource 1 mem: [0xcb700000-0xcb7fffff]
[    0.551519] pci_bus 0000:1f: resource 2 pref mem [0xd9d00000-0xd9dfffff]
[    0.551520] pci_bus 0000:20: resource 1 mem: [0xcbb00000-0xcbbfffff]
[    0.551522] pci_bus 0000:20: resource 2 pref mem [0xda100000-0xda1fffff]
[    0.551524] pci_bus 0000:21: resource 1 mem: [0xcbf00000-0xcbffffff]
[    0.551526] pci_bus 0000:21: resource 2 pref mem [0xda500000-0xda5fffff]
[    0.551528] pci_bus 0000:22: resource 1 mem: [0xcc300000-0xcc3fffff]
[    0.551529] pci_bus 0000:22: resource 2 pref mem [0xda900000-0xda9fffff]
[    0.551550] NET: Registered protocol family 2
[    0.551567] RANDOM - __random32 called. Change num 7.  Value: e4915c27	228b7335	4c33f162
[    0.551568] RANDOM - random32 called.  Value: e4915c27	228b7335	4c33f162
[    0.551575] random 0000 0000 0000 00000000 00000000: rand_read_num 2 get_random_bytes(4): sig fffffe1a 00000000 00000000
[    0.551578] random 0000 0000 0000 00000000 00000000: extract_entropy(.. 4 ..)
[    0.551580] random 0000 0000 0000 00000000 00000000: going to reseed nonblocking with 64 bits (32 of 0 requested)
[    0.551582] random 0000 0000 0000 00000000 00000000: extract_entropy(.. 8 ..)
[    0.551584] random 0000 0000 0000 00000000 00000000: trying to extract 64 bits from input
[    0.551587] random 0000 0000 0000 00000000 00000000: debiting 0 entropy credits from input
[    0.551589] random 0000 0000 0000 00000000 00000000: extract_entropy account returned: 0 
[    0.551591] random 0000 0000 0000 00000000 00000000: urand_change_num 3 xfer_secondary_pool(4): pool_sig fffffe1a, data_sig 00000000, bytes_mixed 0 00000000 00000000
[    0.551594] random 0000 0000 0000 00000000 00000000: trying to extract 32 bits from nonblocking
[    0.551596] random 0000 0000 0000 00000000 00000000: debiting 32 entropy credits from nonblocking (unlimited)
[    0.551598] random 0000 0000 0000 00000000 00000000: extract_entropy account returned: 4 
[    0.551602] random 0000 0000 0000 00000000 00000000: urand_change_num 4 extract_buf: pool_sig fffffe1a, data_sig fffffed7, bytes_mixed 20 00000000 00000000
[    0.551630] IP route cache hash table entries: 32768 (order: 5, 131072 bytes)
[    0.551714] RANDOM - __random32 called. Change num 8.  Value: 15c279e2	28b73354	e2c5b58f
[    0.551716] RANDOM - random32 called.  Value: 15c279e2	28b73354	e2c5b58f
[    0.551771] RANDOM - __random32 called. Change num 9.  Value: 279e2b5f	8b733545	6b1e9d03
[    0.551773] RANDOM - random32 called.  Value: 279e2b5f	8b733545	6b1e9d03
[    0.551775] RANDOM - __random32 called. Change num 10.  Value: e2b5fc5e	b7335453	3a067d4e
[    0.551777] RANDOM - random32 called.  Value: e2b5fc5e	b7335453	3a067d4e
[    0.551798] RANDOM - __random32 called. Change num 11.  Value: 5fc5eba7	73354535	fa9d46b2
[    0.551800] RANDOM - random32 called.  Value: 5fc5eba7	73354535	fa9d46b2
[    0.551810] TCP established hash table entries: 131072 (order: 8, 1048576 bytes)
[    0.552091] TCP bind hash table entries: 65536 (order: 7, 524288 bytes)
[    0.552264] TCP: Hash tables configured (established 131072 bind 65536)
[    0.552266] TCP reno registered
[    0.552302] NET: Registered protocol family 1
[    0.552311] pci 0000:00:00.0: Limiting direct PCI/PCI transfers
[    0.552331] pci 0000:00:0f.0: Boot video device
[    0.552515] Trying to unpack rootfs image as initramfs...
[    1.644149] Freeing initrd memory: 83430k freed
[    1.648164] Simple Boot Flag at 0x36 set to 0x1
[    1.648209] cpufreq-nforce2: No nForce2 chipset.
[    1.648221] Scanning for low memory corruption every 60 seconds
[    1.648338] audit: initializing netlink socket (disabled)
[    1.648375] type=2000 audit(1369432742.632:1): initialized
[    1.652267] highmem bounce pool size: 64 pages
[    1.652271] HugeTLB registered 2 MB page size, pre-allocated 0 pages
[    1.652366] VFS: Disk quotas dquot_6.5.2
[    1.652398] Dquot-cache hash table entries: 1024 (order 0, 4096 bytes)
[    1.652505] fuse init (API version 7.13)
[    1.652550] msgmni has been set to 1729
[    1.652815] alg: No test for stdrng (krng)
[    1.652848] Block layer SCSI generic (bsg) driver version 0.4 loaded (major 253)
[    1.652851] io scheduler noop registered
[    1.652852] io scheduler anticipatory registered
[    1.652854] io scheduler deadline registered
[    1.652873] io scheduler cfq registered (default)
[    1.652918]   alloc irq_desc for 24 on node -1
[    1.652920]   alloc kstat_irqs on node -1
[    1.652965] pcieport 0000:00:15.0: irq 24 for MSI/MSI-X
[    1.653010] pcieport 0000:00:15.0: setting latency timer to 64
[    1.653055]   alloc irq_desc for 25 on node -1
[    1.653057]   alloc kstat_irqs on node -1
[    1.653102] pcieport 0000:00:15.1: irq 25 for MSI/MSI-X
[    1.653147] pcieport 0000:00:15.1: setting latency timer to 64
[    1.653192]   alloc irq_desc for 26 on node -1
[    1.653194]   alloc kstat_irqs on node -1
[    1.653239] pcieport 0000:00:15.2: irq 26 for MSI/MSI-X
[    1.653284] pcieport 0000:00:15.2: setting latency timer to 64
[    1.653329]   alloc irq_desc for 27 on node -1
[    1.653331]   alloc kstat_irqs on node -1
[    1.653376] pcieport 0000:00:15.3: irq 27 for MSI/MSI-X
[    1.653421] pcieport 0000:00:15.3: setting latency timer to 64
[    1.653466]   alloc irq_desc for 28 on node -1
[    1.653468]   alloc kstat_irqs on node -1
[    1.653513] pcieport 0000:00:15.4: irq 28 for MSI/MSI-X
[    1.653558] pcieport 0000:00:15.4: setting latency timer to 64
[    1.653603]   alloc irq_desc for 29 on node -1
[    1.653605]   alloc kstat_irqs on node -1
[    1.653650] pcieport 0000:00:15.5: irq 29 for MSI/MSI-X
[    1.653695] pcieport 0000:00:15.5: setting latency timer to 64
[    1.653740]   alloc irq_desc for 30 on node -1
[    1.653742]   alloc kstat_irqs on node -1
[    1.653787] pcieport 0000:00:15.6: irq 30 for MSI/MSI-X
[    1.653832] pcieport 0000:00:15.6: setting latency timer to 64
[    1.653877]   alloc irq_desc for 31 on node -1
[    1.653879]   alloc kstat_irqs on node -1
[    1.653924] pcieport 0000:00:15.7: irq 31 for MSI/MSI-X
[    1.653969] pcieport 0000:00:15.7: setting latency timer to 64
[    1.654014]   alloc irq_desc for 32 on node -1
[    1.654016]   alloc kstat_irqs on node -1
[    1.654061] pcieport 0000:00:16.0: irq 32 for MSI/MSI-X
[    1.654106] pcieport 0000:00:16.0: setting latency timer to 64
[    1.654151]   alloc irq_desc for 33 on node -1
[    1.654153]   alloc kstat_irqs on node -1
[    1.654198] pcieport 0000:00:16.1: irq 33 for MSI/MSI-X
[    1.654243] pcieport 0000:00:16.1: setting latency timer to 64
[    1.654288]   alloc irq_desc for 34 on node -1
[    1.654290]   alloc kstat_irqs on node -1
[    1.654335] pcieport 0000:00:16.2: irq 34 for MSI/MSI-X
[    1.654380] pcieport 0000:00:16.2: setting latency timer to 64
[    1.654425]   alloc irq_desc for 35 on node -1
[    1.654427]   alloc kstat_irqs on node -1
[    1.654472] pcieport 0000:00:16.3: irq 35 for MSI/MSI-X
[    1.654517] pcieport 0000:00:16.3: setting latency timer to 64
[    1.654562]   alloc irq_desc for 36 on node -1
[    1.654563]   alloc kstat_irqs on node -1
[    1.654609] pcieport 0000:00:16.4: irq 36 for MSI/MSI-X
[    1.654654] pcieport 0000:00:16.4: setting latency timer to 64
[    1.654699]   alloc irq_desc for 37 on node -1
[    1.654701]   alloc kstat_irqs on node -1
[    1.654746] pcieport 0000:00:16.5: irq 37 for MSI/MSI-X
[    1.654791] pcieport 0000:00:16.5: setting latency timer to 64
[    1.654836]   alloc irq_desc for 38 on node -1
[    1.654837]   alloc kstat_irqs on node -1
[    1.654882] pcieport 0000:00:16.6: irq 38 for MSI/MSI-X
[    1.654928] pcieport 0000:00:16.6: setting latency timer to 64
[    1.654973]   alloc irq_desc for 39 on node -1
[    1.654974]   alloc kstat_irqs on node -1
[    1.655019] pcieport 0000:00:16.7: irq 39 for MSI/MSI-X
[    1.655064] pcieport 0000:00:16.7: setting latency timer to 64
[    1.656197]   alloc irq_desc for 40 on node -1
[    1.656199]   alloc kstat_irqs on node -1
[    1.656244] pcieport 0000:00:17.0: irq 40 for MSI/MSI-X
[    1.656289] pcieport 0000:00:17.0: setting latency timer to 64
[    1.656334]   alloc irq_desc for 41 on node -1
[    1.656336]   alloc kstat_irqs on node -1
[    1.656381] pcieport 0000:00:17.1: irq 41 for MSI/MSI-X
[    1.656426] pcieport 0000:00:17.1: setting latency timer to 64
[    1.656471]   alloc irq_desc for 42 on node -1
[    1.656473]   alloc kstat_irqs on node -1
[    1.656518] pcieport 0000:00:17.2: irq 42 for MSI/MSI-X
[    1.656563] pcieport 0000:00:17.2: setting latency timer to 64
[    1.656608]   alloc irq_desc for 43 on node -1
[    1.656609]   alloc kstat_irqs on node -1
[    1.656655] pcieport 0000:00:17.3: irq 43 for MSI/MSI-X
[    1.656700] pcieport 0000:00:17.3: setting latency timer to 64
[    1.656745]   alloc irq_desc for 44 on node -1
[    1.656746]   alloc kstat_irqs on node -1
[    1.656791] pcieport 0000:00:17.4: irq 44 for MSI/MSI-X
[    1.656836] pcieport 0000:00:17.4: setting latency timer to 64
[    1.656881]   alloc irq_desc for 45 on node -1
[    1.656883]   alloc kstat_irqs on node -1
[    1.656928] pcieport 0000:00:17.5: irq 45 for MSI/MSI-X
[    1.656973] pcieport 0000:00:17.5: setting latency timer to 64
[    1.657018]   alloc irq_desc for 46 on node -1
[    1.657022]   alloc kstat_irqs on node -1
[    1.657067] pcieport 0000:00:17.6: irq 46 for MSI/MSI-X
[    1.657112] pcieport 0000:00:17.6: setting latency timer to 64
[    1.657157]   alloc irq_desc for 47 on node -1
[    1.657159]   alloc kstat_irqs on node -1
[    1.657204] pcieport 0000:00:17.7: irq 47 for MSI/MSI-X
[    1.657249] pcieport 0000:00:17.7: setting latency timer to 64
[    1.657294]   alloc irq_desc for 48 on node -1
[    1.657296]   alloc kstat_irqs on node -1
[    1.657341] pcieport 0000:00:18.0: irq 48 for MSI/MSI-X
[    1.657386] pcieport 0000:00:18.0: setting latency timer to 64
[    1.657431]   alloc irq_desc for 49 on node -1
[    1.657433]   alloc kstat_irqs on node -1
[    1.657478] pcieport 0000:00:18.1: irq 49 for MSI/MSI-X
[    1.657523] pcieport 0000:00:18.1: setting latency timer to 64
[    1.657568]   alloc irq_desc for 50 on node -1
[    1.657570]   alloc kstat_irqs on node -1
[    1.657615] pcieport 0000:00:18.2: irq 50 for MSI/MSI-X
[    1.657660] pcieport 0000:00:18.2: setting latency timer to 64
[    1.657705]   alloc irq_desc for 51 on node -1
[    1.657707]   alloc kstat_irqs on node -1
[    1.657752] pcieport 0000:00:18.3: irq 51 for MSI/MSI-X
[    1.657797] pcieport 0000:00:18.3: setting latency timer to 64
[    1.657842]   alloc irq_desc for 52 on node -1
[    1.657844]   alloc kstat_irqs on node -1
[    1.657889] pcieport 0000:00:18.4: irq 52 for MSI/MSI-X
[    1.657934] pcieport 0000:00:18.4: setting latency timer to 64
[    1.657979]   alloc irq_desc for 53 on node -1
[    1.657981]   alloc kstat_irqs on node -1
[    1.658026] pcieport 0000:00:18.5: irq 53 for MSI/MSI-X
[    1.658071] pcieport 0000:00:18.5: setting latency timer to 64
[    1.658116]   alloc irq_desc for 54 on node -1
[    1.658118]   alloc kstat_irqs on node -1
[    1.658163] pcieport 0000:00:18.6: irq 54 for MSI/MSI-X
[    1.658208] pcieport 0000:00:18.6: setting latency timer to 64
[    1.658253]   alloc irq_desc for 55 on node -1
[    1.658255]   alloc kstat_irqs on node -1
[    1.658300] pcieport 0000:00:18.7: irq 55 for MSI/MSI-X
[    1.658345] pcieport 0000:00:18.7: setting latency timer to 64
[    1.658390] pci_hotplug: PCI Hot Plug PCI Core version: 0.5
[    1.660197] pciehp 0000:00:15.0:pcie04: HPC vendor_id 15ad device_id 7a0 ss_vid 0 ss_did 0
[    1.660242] pciehp 0000:00:15.0:pcie04: service driver pciehp loaded
[    1.660287] pciehp 0000:00:15.1:pcie04: HPC vendor_id 15ad device_id 7a0 ss_vid 0 ss_did 0
[    1.660332] pciehp 0000:00:15.1:pcie04: service driver pciehp loaded
[    1.660377] pciehp 0000:00:15.2:pcie04: HPC vendor_id 15ad device_id 7a0 ss_vid 0 ss_did 0
[    1.660422] pciehp 0000:00:15.2:pcie04: service driver pciehp loaded
[    1.660467] pciehp 0000:00:15.3:pcie04: HPC vendor_id 15ad device_id 7a0 ss_vid 0 ss_did 0
[    1.660512] pciehp 0000:00:15.3:pcie04: service driver pciehp loaded
[    1.660558] pciehp 0000:00:15.4:pcie04: HPC vendor_id 15ad device_id 7a0 ss_vid 0 ss_did 0
[    1.660603] pciehp 0000:00:15.4:pcie04: service driver pciehp loaded
[    1.660648] pciehp 0000:00:15.5:pcie04: HPC vendor_id 15ad device_id 7a0 ss_vid 0 ss_did 0
[    1.660693] pciehp 0000:00:15.5:pcie04: service driver pciehp loaded
[    1.660738] pciehp 0000:00:15.6:pcie04: HPC vendor_id 15ad device_id 7a0 ss_vid 0 ss_did 0
[    1.660783] pciehp 0000:00:15.6:pcie04: service driver pciehp loaded
[    1.660828] pciehp 0000:00:15.7:pcie04: HPC vendor_id 15ad device_id 7a0 ss_vid 0 ss_did 0
[    1.660873] pciehp 0000:00:15.7:pcie04: service driver pciehp loaded
[    1.660918] pciehp 0000:00:16.0:pcie04: HPC vendor_id 15ad device_id 7a0 ss_vid 0 ss_did 0
[    1.660963] pciehp 0000:00:16.0:pcie04: service driver pciehp loaded
[    1.661008] pciehp 0000:00:16.1:pcie04: HPC vendor_id 15ad device_id 7a0 ss_vid 0 ss_did 0
[    1.661053] pciehp 0000:00:16.1:pcie04: service driver pciehp loaded
[    1.661098] pciehp 0000:00:16.2:pcie04: HPC vendor_id 15ad device_id 7a0 ss_vid 0 ss_did 0
[    1.661143] pciehp 0000:00:16.2:pcie04: service driver pciehp loaded
[    1.661188] pciehp 0000:00:16.3:pcie04: HPC vendor_id 15ad device_id 7a0 ss_vid 0 ss_did 0
[    1.661233] pciehp 0000:00:16.3:pcie04: service driver pciehp loaded
[    1.661278] pciehp 0000:00:16.4:pcie04: HPC vendor_id 15ad device_id 7a0 ss_vid 0 ss_did 0
[    1.661323] pciehp 0000:00:16.4:pcie04: service driver pciehp loaded
[    1.661368] pciehp 0000:00:16.5:pcie04: HPC vendor_id 15ad device_id 7a0 ss_vid 0 ss_did 0
[    1.661413] pciehp 0000:00:16.5:pcie04: service driver pciehp loaded
[    1.661458] pciehp 0000:00:16.6:pcie04: HPC vendor_id 15ad device_id 7a0 ss_vid 0 ss_did 0
[    1.661503] pciehp 0000:00:16.6:pcie04: service driver pciehp loaded
[    1.661548] pciehp 0000:00:16.7:pcie04: HPC vendor_id 15ad device_id 7a0 ss_vid 0 ss_did 0
[    1.661593] pciehp 0000:00:16.7:pcie04: service driver pciehp loaded
[    1.661638] pciehp 0000:00:17.0:pcie04: HPC vendor_id 15ad device_id 7a0 ss_vid 0 ss_did 0
[    1.661683] pciehp 0000:00:17.0:pcie04: service driver pciehp loaded
[    1.661728] pciehp 0000:00:17.1:pcie04: HPC vendor_id 15ad device_id 7a0 ss_vid 0 ss_did 0
[    1.661773] pciehp 0000:00:17.1:pcie04: service driver pciehp loaded
[    1.661818] pciehp 0000:00:17.2:pcie04: HPC vendor_id 15ad device_id 7a0 ss_vid 0 ss_did 0
[    1.661863] pciehp 0000:00:17.2:pcie04: service driver pciehp loaded
[    1.661908] pciehp 0000:00:17.3:pcie04: HPC vendor_id 15ad device_id 7a0 ss_vid 0 ss_did 0
[    1.661953] pciehp 0000:00:17.3:pcie04: service driver pciehp loaded
[    1.661998] pciehp 0000:00:17.4:pcie04: HPC vendor_id 15ad device_id 7a0 ss_vid 0 ss_did 0
[    1.662043] pciehp 0000:00:17.4:pcie04: service driver pciehp loaded
[    1.662088] pciehp 0000:00:17.5:pcie04: HPC vendor_id 15ad device_id 7a0 ss_vid 0 ss_did 0
[    1.662134] pciehp 0000:00:17.5:pcie04: service driver pciehp loaded
[    1.662179] pciehp 0000:00:17.6:pcie04: HPC vendor_id 15ad device_id 7a0 ss_vid 0 ss_did 0
[    1.662224] pciehp 0000:00:17.6:pcie04: service driver pciehp loaded
[    1.662269] pciehp 0000:00:17.7:pcie04: HPC vendor_id 15ad device_id 7a0 ss_vid 0 ss_did 0
[    1.662314] pciehp 0000:00:17.7:pcie04: service driver pciehp loaded
[    1.662359] pciehp 0000:00:18.0:pcie04: HPC vendor_id 15ad device_id 7a0 ss_vid 0 ss_did 0
[    1.662404] pciehp 0000:00:18.0:pcie04: service driver pciehp loaded
[    1.662449] pciehp 0000:00:18.1:pcie04: HPC vendor_id 15ad device_id 7a0 ss_vid 0 ss_did 0
[    1.662494] pciehp 0000:00:18.1:pcie04: service driver pciehp loaded
[    1.662539] pciehp 0000:00:18.2:pcie04: HPC vendor_id 15ad device_id 7a0 ss_vid 0 ss_did 0
[    1.662584] pciehp 0000:00:18.2:pcie04: service driver pciehp loaded
[    1.662629] pciehp 0000:00:18.3:pcie04: HPC vendor_id 15ad device_id 7a0 ss_vid 0 ss_did 0
[    1.662674] pciehp 0000:00:18.3:pcie04: service driver pciehp loaded
[    1.662719] pciehp 0000:00:18.4:pcie04: HPC vendor_id 15ad device_id 7a0 ss_vid 0 ss_did 0
[    1.662764] pciehp 0000:00:18.4:pcie04: service driver pciehp loaded
[    1.662809] pciehp 0000:00:18.5:pcie04: HPC vendor_id 15ad device_id 7a0 ss_vid 0 ss_did 0
[    1.662854] pciehp 0000:00:18.5:pcie04: service driver pciehp loaded
[    1.662899] pciehp 0000:00:18.6:pcie04: HPC vendor_id 15ad device_id 7a0 ss_vid 0 ss_did 0
[    1.662944] pciehp 0000:00:18.6:pcie04: service driver pciehp loaded
[    1.662989] pciehp 0000:00:18.7:pcie04: HPC vendor_id 15ad device_id 7a0 ss_vid 0 ss_did 0
[    1.663034] pciehp 0000:00:18.7:pcie04: service driver pciehp loaded
[    1.663041] pciehp: PCI Express Hot Plug Controller Driver version: 0.4
[    1.663090] ACPI: AC Adapter [ACAD] (on-line)
[    1.663143] input: Power Button as /devices/LNXSYSTM:00/LNXPWRBN:00/input/input0
[    1.663145] ACPI: Power Button [PWRF]
[    1.663191] processor LNXCPU:00: registered as cooling_device0
[    1.704095] isapnp: Scanning for PnP cards...
[    2.058034] isapnp: No Plug & Play device found
[    2.058065] random 0000 0000 0000 5f8db4e5 4cfdf2a8: initializing
[    2.058191] Linux agpgart interface v0.103
[    2.058231] agpgart-intel 0000:00:00.0: Intel 440BX Chipset
[    2.058283] agpgart-intel 0000:00:00.0: AGP aperture is 256M @ 0x0
[    2.058314] Serial: 8250/16550 driver, 32 ports, IRQ sharing enabled
[    2.058367] serial8250: ttyS0 at I/O 0x3f8 (irq = 4) is a 16550A
[    2.058419] serial8250: ttyS1 at I/O 0x2f8 (irq = 3) is a 16550A
[    2.058472] 00:0a: ttyS0 at I/O 0x3f8 (irq = 4) is a 16550A
[    2.058524] 00:0b: ttyS1 at I/O 0x2f8 (irq = 3) is a 16550A
[    2.058577] brd: module loaded
[    2.058629] loop: module loaded
[    2.058682] ata_piix 0000:00:07.1: version 2.13
[    2.058763] scsi0 : ata_piix
[    2.058838] scsi1 : ata_piix
[    2.058861] ata1: PATA max UDMA/33 cmd 0x1f0 ctl 0x3f6 bmdma 0x10c0 irq 14
[    2.058863] ata2: PATA max UDMA/33 cmd 0x170 ctl 0x376 bmdma 0x10c8 irq 15
[    2.058921] PPP generic driver version 2.4.2
[    2.058941] tun: Universal TUN/TAP device driver, 1.6
[    2.058943] tun: (C) 1999-2004 Max Krasnyansky <maxk@qualcomm.com>
[    2.058995] ehci_hcd: USB 2.0 'Enhanced' Host Controller (EHCI) Driver
[    2.059048] ACPI: PCI Interrupt Link [LNKB] enabled at IRQ 11
[    2.059050] PCI: setting IRQ 11 as level-triggered
[    2.059058] ehci_hcd 0000:02:03.0: PCI INT A -> Link[LNKB] -> GSI 11 (level, low) -> IRQ 11
[    2.059097] ehci_hcd 0000:02:03.0: EHCI Host Controller
[    2.059119] ehci_hcd 0000:02:03.0: new USB bus registered, assigned bus number 1
[    2.059172] ehci_hcd 0000:02:03.0: cache line size of 32 is not supported
[    2.059178] ehci_hcd 0000:02:03.0: irq 11, io mem 0xc9000000
[    2.059590] random 0000 0000 0000 00000000 00000000: rand_read_num 3 get_random_bytes(8): sig 00000000 00000000 00000000
[    2.059593] random 0000 0000 0000 00000000 00000000: extract_entropy(.. 8 ..)
[    2.059596] random 0000 0000 0000 00000000 00000000: going to reseed nonblocking with 64 bits (64 of 0 requested)
[    2.059598] random 0000 0000 0000 00000000 00000000: extract_entropy(.. 8 ..)
[    2.059600] random 0000 0000 0000 00000000 00000000: trying to extract 64 bits from input
[    2.059602] random 0000 0000 0000 00000000 00000000: debiting 0 entropy credits from input
[    2.059604] random 0000 0000 0000 00000000 00000000: extract_entropy account returned: 0 
[    2.059607] random 0000 0000 0000 00000000 00000000: urand_change_num 5 xfer_secondary_pool(8): pool_sig 00000000, data_sig 00000000, bytes_mixed 0 00000000 00000000
[    2.059610] random 0000 0000 0000 00000000 00000000: trying to extract 64 bits from nonblocking
[    2.059612] random 0000 0000 0000 00000000 00000000: debiting 64 entropy credits from nonblocking (unlimited)
[    2.059614] random 0000 0000 0000 00000000 00000000: extract_entropy account returned: 8 
[    2.059618] random 0000 0000 0000 00000000 00000000: urand_change_num 6 extract_buf: pool_sig 00000000, data_sig fffffff9, bytes_mixed 20 00000000 00000000
[    2.067563] ehci_hcd 0000:02:03.0: USB 2.0 started, EHCI 1.00
[    2.067616] usb usb1: configuration #1 chosen from 1 choice
[    2.067634] hub 1-0:1.0: USB hub found
[    2.067638] hub 1-0:1.0: 6 ports detected
[    2.067672] ohci_hcd: USB 1.1 'Open' Host Controller (OHCI) Driver
[    2.067681] uhci_hcd: USB Universal Host Controller Interface driver
[    2.067734] ACPI: PCI Interrupt Link [LNKC] enabled at IRQ 10
[    2.067736] PCI: setting IRQ 10 as level-triggered
[    2.067740] uhci_hcd 0000:02:00.0: PCI INT A -> Link[LNKC] -> GSI 10 (level, low) -> IRQ 10
[    2.067771] uhci_hcd 0000:02:00.0: UHCI Host Controller
[    2.067797] uhci_hcd 0000:02:00.0: new USB bus registered, assigned bus number 2
[    2.067898] uhci_hcd 0000:02:00.0: irq 10, io base 0x000020c0
[    2.067950] usb usb2: configuration #1 chosen from 1 choice
[    2.067965] hub 2-0:1.0: USB hub found
[    2.067969] hub 2-0:1.0: 2 ports detected
[    2.068021] usbcore: registered new interface driver libusual
[    2.068047] PNP: PS/2 Controller [PNP0303:KBC,PNP0f13:MOUS] at 0x60,0x64 irq 1,12
[    2.068381] serio: i8042 KBD port at 0x60,0x64 irq 1
[    2.068388] serio: i8042 AUX port at 0x60,0x64 irq 12
[    2.068421] mice: PS/2 mouse device common for all mice
[    2.068474] rtc_cmos 00:04: rtc core: registered rtc_cmos as rtc0
[    2.068489] rtc0: alarms up to one month, y3k, 114 bytes nvram, hpet irqs
[    2.068541] device-mapper: uevent: version 1.0.3
[    2.068650] device-mapper: ioctl: 4.15.0-ioctl (2009-04-01) initialised: dm-devel@redhat.com
[    2.068667] EISA: Probing bus 0 at eisa.0
[    2.068673] Cannot allocate resource for EISA slot 1
[    2.068675] Cannot allocate resource for EISA slot 2
[    2.068677] Cannot allocate resource for EISA slot 3
[    2.068679] Cannot allocate resource for EISA slot 4
[    2.068680] Cannot allocate resource for EISA slot 5
[    2.068682] Cannot allocate resource for EISA slot 6
[    2.068684] Cannot allocate resource for EISA slot 7
[    2.068686] Cannot allocate resource for EISA slot 8
[    2.068687] EISA: Detected 0 cards.
[    2.068786] cpuidle: using governor ladder
[    2.068788] cpuidle: using governor menu
[    2.068841] random 0000 0000 0000 00000000 00000000: rand_read_num 4 get_random_bytes(136): sig 0000021d 00000000 00000000
[    2.068843] random 0000 0000 0000 00000000 00000000: extract_entropy(.. 136 ..)
[    2.068846] random 0000 0000 0000 00000000 00000000: going to reseed nonblocking with 1024 bits (1088 of 0 requested)
[    2.068848] random 0000 0000 0000 00000000 00000000: extract_entropy(.. 128 ..)
[    2.068850] random 0000 0000 0000 00000000 00000000: trying to extract 1024 bits from input
[    2.068852] random 0000 0000 0000 00000000 00000000: debiting 0 entropy credits from input
[    2.068854] random 0000 0000 0000 00000000 00000000: extract_entropy account returned: 0 
[    2.068857] random 0000 0000 0000 00000000 00000000: urand_change_num 7 xfer_secondary_pool(136): pool_sig 0000021d, data_sig 00000000, bytes_mixed 0 00000000 00000000
[    2.068859] random 0000 0000 0000 00000000 00000000: trying to extract 1088 bits from nonblocking
[    2.068862] random 0000 0000 0000 00000000 00000000: debiting 1088 entropy credits from nonblocking (unlimited)
[    2.068864] random 0000 0000 0000 00000000 00000000: extract_entropy account returned: 136 
[    2.068867] random 0000 0000 0000 00000000 00000000: urand_change_num 8 extract_buf: pool_sig 0000021d, data_sig fffffff7, bytes_mixed 20 00000000 00000000
[    2.068871] random 0000 0000 0000 f961ee50 ba9cb1aa: urand_change_num 9 extract_buf: pool_sig 00000230, data_sig fffffeb4, bytes_mixed 20 f961ee50 ba9cb1aa
[    2.068876] random 0000 0000 0000 9748bdd6 56fb8af6: urand_change_num 10 extract_buf: pool_sig 00000373, data_sig 000000cf, bytes_mixed 20 9748bdd6 56fb8af6
[    2.068880] random 0000 0000 0000 9748bdd6 56fb8af6: urand_change_num 11 extract_buf: pool_sig fffffe49, data_sig 0000023f, bytes_mixed 20 9748bdd6 56fb8af6
[    2.068884] random 0000 0000 0000 a135be86 4777650e: urand_change_num 12 extract_buf: pool_sig fffffcce, data_sig 000000c6, bytes_mixed 20 a135be86 4777650e
[    2.068888] random 0000 0000 0000 4a6ea85d 170e00dd: urand_change_num 13 extract_buf: pool_sig ffffff97, data_sig ffffff7d, bytes_mixed 20 4a6ea85d 170e00dd
[    2.068892] random 0000 0000 0000 4a6ea85d 170e00dd: urand_change_num 14 extract_buf: pool_sig 00000160, data_sig fffffeea, bytes_mixed 20 4a6ea85d 170e00dd
[    2.068896] random 0000 0000 0000 6e87c3cb da668c73: urand_change_num 15 extract_buf: pool_sig 0000034f, data_sig ffffff54, bytes_mixed 20 6e87c3cb da668c73
[    2.068900] random 0000 0000 0000 6e87c3cb da668c73: urand_change_num 16 extract_buf: pool_sig fffffdc5, data_sig 00000205, bytes_mixed 20 6e87c3cb da668c73
[    2.068905] random 0000 0000 0000 39f531e6 461eb249: urand_change_num 17 extract_buf: pool_sig fffffc1d, data_sig ffffff5e, bytes_mixed 20 39f531e6 461eb249
[    2.068909] random 0000 0000 0000 7e1538a2 3e661182: urand_change_num 18 extract_buf: pool_sig 000006ef, data_sig ffffff2e, bytes_mixed 20 7e1538a2 3e661182
[    2.068913] random 0000 0000 0000 7e1538a2 3e661182: urand_change_num 19 extract_buf: pool_sig 00000317, data_sig fffffccb, bytes_mixed 20 7e1538a2 3e661182
[    2.068917] random 0000 0000 0000 76af506b 9b57305e: urand_change_num 20 extract_buf: pool_sig 00000227, data_sig ffffffd2, bytes_mixed 20 76af506b 9b57305e
[    2.068921] random 0000 0000 0000 37d49d89 e20417cc: urand_change_num 21 extract_buf: pool_sig 0000080b, data_sig 000001e9, bytes_mixed 20 37d49d89 e20417cc
[    2.068925] TCP cubic registered
[    2.068978] NET: Registered protocol family 10
[    2.069009] RANDOM - __random32 called. Change num 12.  Value: 5eba7c56	3354535f	8d65ceee
[    2.069011] RANDOM - random32 called.  Value: 5eba7c56	3354535f	8d65ceee
[    2.069020] random 0000 0000 0000 37d49d89 e20417cc: rand_read_num 5 get_random_bytes(4): sig 00000298 37d49d89 e20417cc
[    2.069022] random 0000 0000 0000 37d49d89 e20417cc: extract_entropy(.. 4 ..)
[    2.069024] random 0000 0000 0000 37d49d89 e20417cc: going to reseed nonblocking with 64 bits (32 of 0 requested)
[    2.069026] random 0000 0000 0000 37d49d89 e20417cc: extract_entropy(.. 8 ..)
[    2.069029] random 0000 0000 0000 37d49d89 e20417cc: trying to extract 64 bits from input
[    2.069031] random 0000 0000 0000 37d49d89 e20417cc: debiting 0 entropy credits from input
[    2.069033] random 0000 0000 0000 37d49d89 e20417cc: extract_entropy account returned: 0 
[    2.069035] random 0000 0000 0000 37d49d89 e20417cc: urand_change_num 22 xfer_secondary_pool(4): pool_sig 00000298, data_sig 00000000, bytes_mixed 0 37d49d89 e20417cc
[    2.069038] random 0000 0000 0000 37d49d89 e20417cc: trying to extract 32 bits from nonblocking
[    2.069040] random 0000 0000 0000 37d49d89 e20417cc: debiting 32 entropy credits from nonblocking (unlimited)
[    2.069042] random 0000 0000 0000 37d49d89 e20417cc: extract_entropy account returned: 4 
[    2.069045] random 0000 0000 0000 37d49d89 e20417cc: urand_change_num 23 extract_buf: pool_sig 00000298, data_sig 00000092, bytes_mixed 20 37d49d89 e20417cc
[    2.069098] RANDOM - __random32 called. Change num 13.  Value: a7c56226	354535ff	9ddcc977
[    2.069100] RANDOM - random32 called.  Value: a7c56226	354535ff	9ddcc977
[    2.069153] NET: Registered protocol family 17
[    2.069172] Using IPI No-Shortcut mode
[    2.069177] random 0000 0000 0000 2ee4c4fc 167bdb15: rand_read_num 6 get_random_bytes(8): sig fffffcbf 2ee4c4fc 167bdb15
[    2.069179] random 0000 0000 0000 2ee4c4fc 167bdb15: extract_entropy(.. 8 ..)
[    2.069182] random 0000 0000 0000 2ee4c4fc 167bdb15: going to reseed nonblocking with 64 bits (64 of 0 requested)
[    2.069184] random 0000 0000 0000 2ee4c4fc 167bdb15: extract_entropy(.. 8 ..)
[    2.069186] random 0000 0000 0000 2ee4c4fc 167bdb15: trying to extract 64 bits from input
[    2.069188] random 0000 0000 0000 2ee4c4fc 167bdb15: debiting 0 entropy credits from input
[    2.069190] random 0000 0000 0000 2ee4c4fc 167bdb15: extract_entropy account returned: 0 
[    2.069192] random 0000 0000 0000 2ee4c4fc 167bdb15: urand_change_num 24 xfer_secondary_pool(8): pool_sig fffffcbf, data_sig 00000000, bytes_mixed 0 2ee4c4fc 167bdb15
[    2.069195] random 0000 0000 0000 2ee4c4fc 167bdb15: trying to extract 64 bits from nonblocking
[    2.069197] random 0000 0000 0000 2ee4c4fc 167bdb15: debiting 64 entropy credits from nonblocking (unlimited)
[    2.069199] random 0000 0000 0000 2ee4c4fc 167bdb15: extract_entropy account returned: 8 
[    2.069203] random 0000 0000 0000 2ee4c4fc 167bdb15: urand_change_num 25 extract_buf: pool_sig fffffcbf, data_sig ffffff83, bytes_mixed 20 2ee4c4fc 167bdb15
[    2.069241] PM: Resume from disk failed.
[    2.069248] registered taskstats version 1
[    2.069251] random 0000 0000 0000 2ee4c4fc 167bdb15: rand_read_num 7 get_random_bytes(12): sig fffffc69 2ee4c4fc 167bdb15
[    2.069253] random 0000 0000 0000 2ee4c4fc 167bdb15: extract_entropy(.. 12 ..)
[    2.069255] random 0000 0000 0000 2ee4c4fc 167bdb15: going to reseed nonblocking with 96 bits (96 of 0 requested)
[    2.069257] random 0000 0000 0000 2ee4c4fc 167bdb15: extract_entropy(.. 12 ..)
[    2.069259] random 0000 0000 0000 2ee4c4fc 167bdb15: trying to extract 96 bits from input
[    2.069261] random 0000 0000 0000 2ee4c4fc 167bdb15: debiting 0 entropy credits from input
[    2.069263] random 0000 0000 0000 2ee4c4fc 167bdb15: extract_entropy account returned: 0 
[    2.069266] random 0000 0000 0000 2ee4c4fc 167bdb15: urand_change_num 26 xfer_secondary_pool(12): pool_sig fffffc69, data_sig 00000000, bytes_mixed 0 2ee4c4fc 167bdb15
[    2.069268] random 0000 0000 0000 2ee4c4fc 167bdb15: trying to extract 96 bits from nonblocking
[    2.069271] random 0000 0000 0000 2ee4c4fc 167bdb15: debiting 96 entropy credits from nonblocking (unlimited)
[    2.069273] random 0000 0000 0000 2ee4c4fc 167bdb15: extract_entropy account returned: 12 
[    2.069276] random 0000 0000 0000 2ee4c4fc 167bdb15: urand_change_num 27 extract_buf: pool_sig fffffc69, data_sig ffffff7d, bytes_mixed 20 2ee4c4fc 167bdb15
[    2.069280] random 0000 0000 0000 83b7c1ab 94697f48: urand_change_num 28 extract_buf: pool_sig fffffe30, data_sig fffffdd6, bytes_mixed 20 83b7c1ab 94697f48
[    2.069283] RANDOM - __seed init called.
[    2.069284] RANDOM - __seed init called.
[    2.069285] RANDOM - __seed init called.
[    2.069287] RANDOM - __random32 called. Change num 14.  Value: fc007995	feca4f80	21b38ad2
[    2.069288] RANDOM - random32_reseed called.  Value: fc007995	feca4f80	21b38ad2
[    2.069291] Pid: 1, comm: swapper Not tainted 2.6.32.57 #4
[    2.069293] Call Trace:
[    2.069298]  [<c14a8a0e>] ? printk+0x1d/0x1f
[    2.069302]  [<c17537e5>] random32_reseed+0x89/0xbd
[    2.069306]  [<c1003042>] do_one_initcall+0x32/0x1a0
[    2.069308]  [<c175375c>] ? random32_reseed+0x0/0xbd
[    2.069311]  [<c17308e7>] kernel_init+0x12d/0x17a
[    2.069314]  [<c17307ba>] ? kernel_init+0x0/0x17a
[    2.069317]  [<c1009b07>] kernel_thread_helper+0x7/0x10
[    2.072113] input: AT Translated Set 2 keyboard as /devices/platform/i8042/serio0/input/input1
[    2.072393] random 0000 0000 0000 6db70b00 b30ce96b: rand_read_num 8 get_random_bytes(64): sig fffffb38 6db70b00 b30ce96b
[    2.072397] random 0000 0000 0000 6db70b00 b30ce96b: extract_entropy(.. 64 ..)
[    2.072400] random 0000 0000 0000 6db70b00 b30ce96b: going to reseed nonblocking with 512 bits (512 of 0 requested)
[    2.072402] random 0000 0000 0000 6db70b00 b30ce96b: extract_entropy(.. 64 ..)
[    2.072404] random 0000 0000 0000 6db70b00 b30ce96b: trying to extract 512 bits from input
[    2.072406] random 0000 0000 0000 6db70b00 b30ce96b: debiting 0 entropy credits from input
[    2.072408] random 0000 0000 0000 6db70b00 b30ce96b: extract_entropy account returned: 0 
[    2.072411] random 0000 0000 0000 6db70b00 b30ce96b: urand_change_num 29 xfer_secondary_pool(64): pool_sig fffffb38, data_sig 00000000, bytes_mixed 0 6db70b00 b30ce96b
[    2.072414] random 0000 0000 0000 6db70b00 b30ce96b: trying to extract 512 bits from nonblocking
[    2.072416] random 0000 0000 0000 6db70b00 b30ce96b: debiting 512 entropy credits from nonblocking (unlimited)
[    2.072418] random 0000 0000 0000 6db70b00 b30ce96b: extract_entropy account returned: 64 
[    2.072422] random 0000 0000 0000 6db70b00 b30ce96b: urand_change_num 30 extract_buf: pool_sig fffffb38, data_sig 00000151, bytes_mixed 20 6db70b00 b30ce96b
[    2.072426] random 0000 0000 0000 6db70b00 b30ce96b: urand_change_num 31 extract_buf: pool_sig fffffdb8, data_sig 00000379, bytes_mixed 20 6db70b00 b30ce96b
[    2.072430] random 0000 0000 0000 6b83001e d4b6c0d3: urand_change_num 32 extract_buf: pool_sig ffffffc9, data_sig 00000198, bytes_mixed 20 6b83001e d4b6c0d3
[    2.072434] random 0000 0000 0000 79d3e3c7 be564518: urand_change_num 33 extract_buf: pool_sig 000002b9, data_sig ffffff84, bytes_mixed 20 79d3e3c7 be564518
[    2.072438] random 0000 0000 0000 79d3e3c7 be564518: urand_change_num 34 extract_buf: pool_sig ffffff55, data_sig ffffff5a, bytes_mixed 20 79d3e3c7 be564518
[    2.072443] random 0000 0000 0000 89c03cb2 0d353228: urand_change_num 35 extract_buf: pool_sig 00000007, data_sig ffffff17, bytes_mixed 20 89c03cb2 0d353228
[    2.072447] random 0000 0000 0000 89c03cb2 0d353228: urand_change_num 36 extract_buf: pool_sig fffffdae, data_sig 000000db, bytes_mixed 20 89c03cb2 0d353228  Magic number: 13:468:1006
[    2.072466] system 00:08: hash matches
[    2.072543] rtc_cmos 00:04: setting system clock to 2013-05-24 21:59:03 UTC (1369432743)
[    2.072545] BIOS EDD facility v0.16 2004-Jun-25, 0 devices found
[    2.072547] EDD information not available.
[    2.072572] random 0000 0000 0000 8ca62387 b120332c: rand_read_num 9 get_random_bytes(64): sig fffffed6 8ca62387 b120332c
[    2.072575] random 0000 0000 0000 8ca62387 b120332c: extract_entropy(.. 64 ..)
[    2.072577] random 0000 0000 0000 8ca62387 b120332c: going to reseed nonblocking with 512 bits (512 of 0 requested)
[    2.072579] random 0000 0000 0000 8ca62387 b120332c: extract_entropy(.. 64 ..)
[    2.072581] random 0000 0000 0000 8ca62387 b120332c: trying to extract 512 bits from input
[    2.072584] random 0000 0000 0000 8ca62387 b120332c: debiting 0 entropy credits from input
[    2.072586] random 0000 0000 0000 8ca62387 b120332c: extract_entropy account returned: 0 
[    2.072589] random 0000 0000 0000 8ca62387 b120332c: urand_change_num 37 xfer_secondary_pool(64): pool_sig fffffed6, data_sig 00000000, bytes_mixed 0 8ca62387 b120332c
[    2.072591] random 0000 0000 0000 8ca62387 b120332c: trying to extract 512 bits from nonblocking
[    2.072594] random 0000 0000 0000 8ca62387 b120332c: debiting 512 entropy credits from nonblocking (unlimited)
[    2.072596] random 0000 0000 0000 8ca62387 b120332c: extract_entropy account returned: 64 
[    2.072599] random 0000 0000 0000 8ca62387 b120332c: urand_change_num 38 extract_buf: pool_sig fffffed6, data_sig fffffeb6, bytes_mixed 20 8ca62387 b120332c
[    2.072604] random 0000 0000 0000 90702413 e2a66c2e: urand_change_num 39 extract_buf: pool_sig fffffbb0, data_sig 0000012e, bytes_mixed 20 90702413 e2a66c2e
[    2.072608] random 0000 0000 0000 90702413 e2a66c2e: urand_change_num 40 extract_buf: pool_sig fffffaf1, data_sig ffffff3c, bytes_mixed 20 90702413 e2a66c2e
[    2.072613] random 0000 0000 0000 3f58038b c77aecb6: urand_change_num 41 extract_buf: pool_sig 00000234, data_sig fffffdec, bytes_mixed 20 3f58038b c77aecb6
[    2.072617] random 0000 0000 0000 47187b9d 03f21510: urand_change_num 42 extract_buf: pool_sig 00000192, data_sig 00000075, bytes_mixed 20 47187b9d 03f21510
[    2.072622] random 0000 0000 0000 47187b9d 03f21510: urand_change_num 43 extract_buf: pool_sig 0000018e, data_sig ffffffbf, bytes_mixed 20 47187b9d 03f21510
[    2.072626] random 0000 0000 0000 3180b1fc 0fa9c973: urand_change_num 44 extract_buf: pool_sig fffffecf, data_sig ffffff2a, bytes_mixed 20 3180b1fc 0fa9c973
[    2.072638] BEGIN NET_SECRET:
[    2.072639] \xffffff87
[    2.072640] \xffffff8d
[    2.072641] \xfffffff4
[    2.072642] \xffffffae
[    2.072643] \xffffffc3
[    2.072644] \xffffffb7
[    2.072645] \x31
[    2.072647] \x65
[    2.072648] \xffffffda
[    2.072649] \xffffffa2
[    2.072650] \x31
[    2.072651] \xffffffc8
[    2.072652] \xffffffa9
[    2.072653] \x76
[    2.072654] \x76
[    2.072655] \xffffff90
[    2.072656] \x55
[    2.072657] \xfffffff3
[    2.072658] \xffffffb1
[    2.072659] \x3
[    2.072660] \xffffffb3
[    2.072662] \xffffffa7
[    2.072663] \x5a
[    2.072664] \x71
[    2.072665] \x70
[    2.072666] \xffffff8c
[    2.072667] \x56
[    2.072668] \x25
[    2.072669] \xffffffe1
[    2.072670] \x4c
[    2.072671] \xffffffe6
[    2.072672] \xffffff95
[    2.072673] \x67
[    2.072674] \x4c
[    2.072675] \xffffffb9
[    2.072676] \x1d
[    2.072677] \xe
[    2.072678] \x34
[    2.072679] \xffffffbe
[    2.072681] \x12
[    2.072682] \x5
[    2.072683] \xffffff98
[    2.072684] \xffffffa0
[    2.072685] \xf
[    2.072686] \xffffffb2
[    2.072687] \xffffffde
[    2.072688] \xffffff99
[    2.072689] \xf
[    2.072690] \xffffffe8
[    2.072691] \xffffffc8
[    2.072692] \x1f
[    2.072693] \x54
[    2.072694] \x2c
[    2.072695] \xffffffee
[    2.072696] \x2e
[    2.072697] \x0
[    2.072699] \xffffff95
[    2.072700] \x0
[    2.072701] \xffffffe3
[    2.072702] \xffffffa7
[    2.072703] \xfffffffd
[    2.072704] \x66
[    2.072705] \xffffff92
[    2.072706] \xfffffff0
[    2.072707] 
[    2.072708] END NET_SECRET
[    2.072710] random 0000 0000 0000 3180b1fc 0fa9c973: rand_read_num 10 get_random_bytes(4): sig ffffff46 3180b1fc 0fa9c973
[    2.072713] random 0000 0000 0000 3180b1fc 0fa9c973: extract_entropy(.. 4 ..)
[    2.072715] random 0000 0000 0000 3180b1fc 0fa9c973: going to reseed nonblocking with 64 bits (32 of 0 requested)
[    2.072717] random 0000 0000 0000 3180b1fc 0fa9c973: extract_entropy(.. 8 ..)
[    2.072719] random 0000 0000 0000 3180b1fc 0fa9c973: trying to extract 64 bits from input
[    2.072721] random 0000 0000 0000 3180b1fc 0fa9c973: debiting 0 entropy credits from input
[    2.072723] random 0000 0000 0000 3180b1fc 0fa9c973: extract_entropy account returned: 0 
[    2.072726] random 0000 0000 0000 3180b1fc 0fa9c973: urand_change_num 45 xfer_secondary_pool(4): pool_sig ffffff46, data_sig 00000000, bytes_mixed 0 3180b1fc 0fa9c973
[    2.072728] random 0000 0000 0000 3180b1fc 0fa9c973: trying to extract 32 bits from nonblocking
[    2.072730] random 0000 0000 0000 3180b1fc 0fa9c973: debiting 32 entropy credits from nonblocking (unlimited)
[    2.072732] random 0000 0000 0000 3180b1fc 0fa9c973: extract_entropy account returned: 4 
[    2.072735] random 0000 0000 0000 3180b1fc 0fa9c973: urand_change_num 46 extract_buf: pool_sig ffffff46, data_sig 0000001b, bytes_mixed 20 3180b1fc 0fa9c973
[    2.245672] ata2.00: ATAPI: VMware Virtual IDE CDROM Drive, 00000001, max UDMA/33
[    2.245955] ata2.00: configured for UDMA/33
[    2.246332] scsi 1:0:0:0: CD-ROM            NECVMWar VMware IDE CDR10 1.00 PQ: 0 ANSI: 5
[    2.247588] sr0: scsi3-mmc drive: 306x/306x cd/rw xa/form2 cdda tray
[    2.247591] Uniform CD-ROM driver Revision: 3.20
[    2.247644] sr 1:0:0:0: Attached scsi CD-ROM sr0
[    2.247681] sr 1:0:0:0: Attached scsi generic sg0 type 5
[    2.247719] Freeing unused kernel memory: 652k freed
[    2.247771] Write protecting the kernel text: 4840k
[    2.247801] Write protecting the kernel read-only data: 1968k
