[    0.000000] random 0000 0000 0000 00000000 00000000: rand_read_num 1 get_random_bytes(8): sig 00000000 00000000 00000000
[    0.000000] random 0000 0000 0000 00000000 00000000: extract_entropy(.. 8 ..)
[    0.000000] random 0000 0000 0000 00000000 00000000: going to reseed nonblocking with 64 bits (64 of 0 requested)
[    0.000000] random 0000 0000 0000 00000000 00000000: extract_entropy(.. 8 ..)
[    0.000000] random 0000 0000 0000 00000000 00000000: trying to extract 64 bits from input
[    0.000000] random 0000 0000 0000 00000000 00000000: debiting 0 entropy credits from input
[    0.000000] random 0000 0000 0000 00000000 00000000: extract_entropy account returned: 0 
[    0.000000] random 0000 0000 0000 00000000 00000000: urand_change_num 1 xfer_secondary_pool(8): pool_sig 00000000, data_sig 00000000, bytes_mixed 0 00000000 00000000
[    0.000000] random 0000 0000 0000 00000000 00000000: trying to extract 64 bits from nonblocking
[    0.000000] random 0000 0000 0000 00000000 00000000: debiting 64 entropy credits from nonblocking (unlimited)
[    0.000000] random 0000 0000 0000 00000000 00000000: extract_entropy account returned: 8 
[    0.000000] random 0000 0000 0000 00000000 00000000: urand_change_num 2 extract_buf: pool_sig 00000000, data_sig fffffff9, bytes_mixed 20 00000000 00000000
[    0.000000] Initializing cgroup subsys cpuset
[    0.000000] Initializing cgroup subsys cpu
[    0.000000] Linux version 2.6.32.57 (dcashman@ubuntu) (gcc version 4.6.3 (Ubuntu/Linaro 4.6.3-1ubuntu5) ) #4 SMP Fri May 24 11:09:26 PDT 2013
[    0.000000] KERNEL supported cpus:
[    0.000000]   Intel GenuineIntel
[    0.000000]   AMD AuthenticAMD
[    0.000000]   NSC Geode by NSC
[    0.000000]   Cyrix CyrixInstead
[    0.000000]   Centaur CentaurHauls
[    0.000000]   Transmeta GenuineTMx86
[    0.000000]   Transmeta TransmetaCPU
[    0.000000]   UMC UMC UMC UMC
[    0.000000] BIOS-provided physical RAM map:
[    0.000000]  BIOS-e820: 0000000000000000 - 000000000009f000 (usable)
[    0.000000]  BIOS-e820: 000000000009f000 - 00000000000a0000 (reserved)
[    0.000000]  BIOS-e820: 00000000000ca000 - 00000000000cc000 (reserved)
[    0.000000]  BIOS-e820: 00000000000dc000 - 0000000000100000 (reserved)
[    0.000000]  BIOS-e820: 0000000000100000 - 000000003fee0000 (usable)
[    0.000000]  BIOS-e820: 000000003fee0000 - 000000003feff000 (ACPI data)
[    0.000000]  BIOS-e820: 000000003feff000 - 000000003ff00000 (ACPI NVS)
[    0.000000]  BIOS-e820: 000000003ff00000 - 0000000040000000 (usable)
[    0.000000]  BIOS-e820: 00000000e0000000 - 00000000f0000000 (reserved)
[    0.000000]  BIOS-e820: 00000000fec00000 - 00000000fec10000 (reserved)
[    0.000000]  BIOS-e820: 00000000fee00000 - 00000000fee01000 (reserved)
[    0.000000]  BIOS-e820: 00000000fffe0000 - 0000000100000000 (reserved)
[    0.000000] DMI present.
[    0.000000] Phoenix BIOS detected: BIOS may corrupt low RAM, working around it.
[    0.000000] e820 update range: 0000000000000000 - 0000000000010000 (usable) ==> (reserved)
[    0.000000] last_pfn = 0x40000 max_arch_pfn = 0x1000000
[    0.000000] MTRR default type: uncachable
[    0.000000] MTRR fixed ranges enabled:
[    0.000000]   00000-9FFFF write-back
[    0.000000]   A0000-BFFFF uncachable
[    0.000000]   C0000-CBFFF write-protect
[    0.000000]   CC000-EFFFF uncachable
[    0.000000]   F0000-FFFFF write-protect
[    0.000000] MTRR variable ranges enabled:
[    0.000000]   0 base 0000000000 mask FFC0000000 write-back
[    0.000000]   1 disabled
[    0.000000]   2 disabled
[    0.000000]   3 disabled
[    0.000000]   4 disabled
[    0.000000]   5 disabled
[    0.000000]   6 disabled
[    0.000000]   7 disabled
[    0.000000] x86 PAT enabled: cpu 0, old 0x0, new 0x7010600070106
[    0.000000] Scanning 0 areas for low memory corruption
[    0.000000] modified physical RAM map:
[    0.000000]  modified: 0000000000000000 - 0000000000010000 (reserved)
[    0.000000]  modified: 0000000000010000 - 000000000009f000 (usable)
[    0.000000]  modified: 000000000009f000 - 00000000000a0000 (reserved)
[    0.000000]  modified: 00000000000ca000 - 00000000000cc000 (reserved)
[    0.000000]  modified: 00000000000dc000 - 0000000000100000 (reserved)
[    0.000000]  modified: 0000000000100000 - 000000003fee0000 (usable)
[    0.000000]  modified: 000000003fee0000 - 000000003feff000 (ACPI data)
[    0.000000]  modified: 000000003feff000 - 000000003ff00000 (ACPI NVS)
[    0.000000]  modified: 000000003ff00000 - 0000000040000000 (usable)
[    0.000000]  modified: 00000000e0000000 - 00000000f0000000 (reserved)
[    0.000000]  modified: 00000000fec00000 - 00000000fec10000 (reserved)
[    0.000000]  modified: 00000000fee00000 - 00000000fee01000 (reserved)
[    0.000000]  modified: 00000000fffe0000 - 0000000100000000 (reserved)
[    0.000000] initial memory mapped : 0 - 01e00000
[    0.000000] init_memory_mapping: 0000000000000000-00000000379fe000
[    0.000000] NX (Execute Disable) protection: active
[    0.000000]  0000000000 - 0000200000 page 4k
[    0.000000]  0000200000 - 0037800000 page 2M
[    0.000000]  0037800000 - 00379fe000 page 4k
[    0.000000] kernel direct mapping tables up to 379fe000 @ 10000-16000
[    0.000000] RAMDISK: 2dcfc000 - 32e758c3
[    0.000000] ACPI: RSDP 000f6b80 00024 (v02 PTLTD )
[    0.000000] ACPI: XSDT 3feed636 0005C (v01 INTEL  440BX    06040000 VMW  01324272)
[    0.000000] ACPI: FACP 3fefee98 000F4 (v04 INTEL  440BX    06040000 PTL  000F4240)
[    0.000000] ACPI: DSDT 3feee366 10B32 (v01 PTLTD  Custom   06040000 MSFT 03000001)
[    0.000000] ACPI: FACS 3fefffc0 00040
[    0.000000] ACPI: BOOT 3feee33e 00028 (v01 PTLTD  $SBFTBL$ 06040000  LTP 00000001)
[    0.000000] ACPI: APIC 3feedc3e 003C2 (v01 PTLTD  ? APIC   06040000  LTP 00000000)
[    0.000000] ACPI: MCFG 3feedc02 0003C (v01 PTLTD  $PCITBL$ 06040000  LTP 00000001)
[    0.000000] ACPI: SRAT 3feed732 004D0 (v02 VMWARE MEMPLUG  06040000 VMW  00000001)
[    0.000000] ACPI: HPET 3feed6fa 00038 (v01 VMWARE VMW HPET 06040000 VMW  00000001)
[    0.000000] ACPI: WAET 3feed6d2 00028 (v01 VMWARE VMW WAET 06040000 VMW  00000001)
[    0.000000] ACPI: Local APIC address 0xfee00000
[    0.000000] 134MB HIGHMEM available.
[    0.000000] 889MB LOWMEM available.
[    0.000000]   mapped low ram: 0 - 379fe000
[    0.000000]   low ram: 0 - 379fe000
[    0.000000]   node 0 low ram: 00000000 - 379fe000
[    0.000000]   node 0 bootmap 00012000 - 00018f40
[    0.000000] (9 early reservations) ==> bootmem [0000000000 - 00379fe000]
[    0.000000]   #0 [0000000000 - 0000001000]   BIOS data page ==> [0000000000 - 0000001000]
[    0.000000]   #1 [0000001000 - 0000002000]    EX TRAMPOLINE ==> [0000001000 - 0000002000]
[    0.000000]   #2 [0000006000 - 0000007000]       TRAMPOLINE ==> [0000006000 - 0000007000]
[    0.000000]   #3 [0001000000 - 0001a75ff8]    TEXT DATA BSS ==> [0001000000 - 0001a75ff8]
[    0.000000]   #4 [002dcfc000 - 0032e758c3]          RAMDISK ==> [002dcfc000 - 0032e758c3]
[    0.000000]   #5 [000009f000 - 0000100000]    BIOS reserved ==> [000009f000 - 0000100000]
[    0.000000]   #6 [0001a76000 - 0001a851c0]              BRK ==> [0001a76000 - 0001a851c0]
[    0.000000]   #7 [0000010000 - 0000012000]          PGTABLE ==> [0000010000 - 0000012000]
[    0.000000]   #8 [0000012000 - 0000019000]          BOOTMAP ==> [0000012000 - 0000019000]
[    0.000000] found SMP MP-table at [c00f6bf0] f6bf0
[    0.000000] Zone PFN ranges:
[    0.000000]   DMA      0x00000010 -> 0x00001000
[    0.000000]   Normal   0x00001000 -> 0x000379fe
[    0.000000]   HighMem  0x000379fe -> 0x00040000
[    0.000000] Movable zone start PFN for each node
[    0.000000] early_node_map[3] active PFN ranges
[    0.000000]     0: 0x00000010 -> 0x0000009f
[    0.000000]     0: 0x00000100 -> 0x0003fee0
[    0.000000]     0: 0x0003ff00 -> 0x00040000
[    0.000000] On node 0 totalpages: 261999
[    0.000000] free_area_init_node: node 0, pgdat c1715200, node_mem_map c1a87200
[    0.000000]   DMA zone: 32 pages used for memmap
[    0.000000]   DMA zone: 0 pages reserved
[    0.000000]   DMA zone: 3951 pages, LIFO batch:0
[    0.000000]   Normal zone: 1748 pages used for memmap
[    0.000000]   Normal zone: 221994 pages, LIFO batch:31
[    0.000000]   HighMem zone: 269 pages used for memmap
[    0.000000]   HighMem zone: 34005 pages, LIFO batch:7
[    0.000000] Using APIC driver default
[    0.000000] ACPI: PM-Timer IO Port: 0x1008
[    0.000000] ACPI: Local APIC address 0xfee00000
[    0.000000] ACPI: LAPIC (acpi_id[0x00] lapic_id[0x00] enabled)
[    0.000000] ACPI: LAPIC (acpi_id[0x01] lapic_id[0x02] disabled)
[    0.000000] ACPI: LAPIC (acpi_id[0x02] lapic_id[0x04] disabled)
[    0.000000] ACPI: LAPIC (acpi_id[0x03] lapic_id[0x06] disabled)
[    0.000000] ACPI: LAPIC (acpi_id[0x04] lapic_id[0x08] disabled)
[    0.000000] ACPI: LAPIC (acpi_id[0x05] lapic_id[0x0a] disabled)
[    0.000000] ACPI: LAPIC (acpi_id[0x06] lapic_id[0x0c] disabled)
[    0.000000] ACPI: LAPIC (acpi_id[0x07] lapic_id[0x0e] disabled)
[    0.000000] ACPI: LAPIC (acpi_id[0x08] lapic_id[0x10] disabled)
[    0.000000] ACPI: LAPIC (acpi_id[0x09] lapic_id[0x12] disabled)
[    0.000000] ACPI: LAPIC (acpi_id[0x0a] lapic_id[0x14] disabled)
[    0.000000] ACPI: LAPIC (acpi_id[0x0b] lapic_id[0x16] disabled)
[    0.000000] ACPI: LAPIC (acpi_id[0x0c] lapic_id[0x18] disabled)
[    0.000000] ACPI: LAPIC (acpi_id[0x0d] lapic_id[0x1a] disabled)
[    0.000000] ACPI: LAPIC (acpi_id[0x0e] lapic_id[0x1c] disabled)
[    0.000000] ACPI: LAPIC (acpi_id[0x0f] lapic_id[0x1e] disabled)
[    0.000000] ACPI: LAPIC (acpi_id[0x10] lapic_id[0x20] disabled)
[    0.000000] ACPI: LAPIC (acpi_id[0x11] lapic_id[0x22] disabled)
[    0.000000] ACPI: LAPIC (acpi_id[0x12] lapic_id[0x24] disabled)
[    0.000000] ACPI: LAPIC (acpi_id[0x13] lapic_id[0x26] disabled)
[    0.000000] ACPI: LAPIC (acpi_id[0x14] lapic_id[0x28] disabled)
[    0.000000] ACPI: LAPIC (acpi_id[0x15] lapic_id[0x2a] disabled)
[    0.000000] ACPI: LAPIC (acpi_id[0x16] lapic_id[0x2c] disabled)
[    0.000000] ACPI: LAPIC (acpi_id[0x17] lapic_id[0x2e] disabled)
[    0.000000] ACPI: LAPIC (acpi_id[0x18] lapic_id[0x30] disabled)
[    0.000000] ACPI: LAPIC (acpi_id[0x19] lapic_id[0x32] disabled)
[    0.000000] ACPI: LAPIC (acpi_id[0x1a] lapic_id[0x34] disabled)
[    0.000000] ACPI: LAPIC (acpi_id[0x1b] lapic_id[0x36] disabled)
[    0.000000] ACPI: LAPIC (acpi_id[0x1c] lapic_id[0x38] disabled)
[    0.000000] ACPI: LAPIC (acpi_id[0x1d] lapic_id[0x3a] disabled)
[    0.000000] ACPI: LAPIC (acpi_id[0x1e] lapic_id[0x3c] disabled)
[    0.000000] ACPI: LAPIC (acpi_id[0x1f] lapic_id[0x3e] disabled)
[    0.000000] ACPI: LAPIC (acpi_id[0x20] lapic_id[0x40] disabled)
[    0.000000] ACPI: LAPIC (acpi_id[0x21] lapic_id[0x42] disabled)
[    0.000000] ACPI: LAPIC (acpi_id[0x22] lapic_id[0x44] disabled)
[    0.000000] ACPI: LAPIC (acpi_id[0x23] lapic_id[0x46] disabled)
[    0.000000] ACPI: LAPIC (acpi_id[0x24] lapic_id[0x48] disabled)
[    0.000000] ACPI: LAPIC (acpi_id[0x25] lapic_id[0x4a] disabled)
[    0.000000] ACPI: LAPIC (acpi_id[0x26] lapic_id[0x4c] disabled)
[    0.000000] ACPI: LAPIC (acpi_id[0x27] lapic_id[0x4e] disabled)
[    0.000000] ACPI: LAPIC (acpi_id[0x28] lapic_id[0x50] disabled)
[    0.000000] ACPI: LAPIC (acpi_id[0x29] lapic_id[0x52] disabled)
[    0.000000] ACPI: LAPIC (acpi_id[0x2a] lapic_id[0x54] disabled)
[    0.000000] ACPI: LAPIC (acpi_id[0x2b] lapic_id[0x56] disabled)
[    0.000000] ACPI: LAPIC (acpi_id[0x2c] lapic_id[0x58] disabled)
[    0.000000] ACPI: LAPIC (acpi_id[0x2d] lapic_id[0x5a] disabled)
[    0.000000] ACPI: LAPIC (acpi_id[0x2e] lapic_id[0x5c] disabled)
[    0.000000] ACPI: LAPIC (acpi_id[0x2f] lapic_id[0x5e] disabled)
[    0.000000] ACPI: LAPIC (acpi_id[0x30] lapic_id[0x60] disabled)
[    0.000000] ACPI: LAPIC (acpi_id[0x31] lapic_id[0x62] disabled)
[    0.000000] ACPI: LAPIC (acpi_id[0x32] lapic_id[0x64] disabled)
[    0.000000] ACPI: LAPIC (acpi_id[0x33] lapic_id[0x66] disabled)
[    0.000000] ACPI: LAPIC (acpi_id[0x34] lapic_id[0x68] disabled)
[    0.000000] ACPI: LAPIC (acpi_id[0x35] lapic_id[0x6a] disabled)
[    0.000000] ACPI: LAPIC (acpi_id[0x36] lapic_id[0x6c] disabled)
[    0.000000] ACPI: LAPIC (acpi_id[0x37] lapic_id[0x6e] disabled)
[    0.000000] ACPI: LAPIC (acpi_id[0x38] lapic_id[0x70] disabled)
[    0.000000] ACPI: LAPIC (acpi_id[0x39] lapic_id[0x72] disabled)
[    0.000000] ACPI: LAPIC (acpi_id[0x3a] lapic_id[0x74] disabled)
[    0.000000] ACPI: LAPIC (acpi_id[0x3b] lapic_id[0x76] disabled)
[    0.000000] ACPI: LAPIC (acpi_id[0x3c] lapic_id[0x78] disabled)
[    0.000000] ACPI: LAPIC (acpi_id[0x3d] lapic_id[0x7a] disabled)
[    0.000000] ACPI: LAPIC (acpi_id[0x3e] lapic_id[0x7c] disabled)
[    0.000000] ACPI: LAPIC (acpi_id[0x3f] lapic_id[0x7e] disabled)
[    0.000000] ACPI: LAPIC_NMI (acpi_id[0x00] high edge lint[0x1])
[    0.000000] ACPI: LAPIC_NMI (acpi_id[0x01] high edge lint[0x1])
[    0.000000] ACPI: LAPIC_NMI (acpi_id[0x02] high edge lint[0x1])
[    0.000000] ACPI: LAPIC_NMI (acpi_id[0x03] high edge lint[0x1])
[    0.000000] ACPI: LAPIC_NMI (acpi_id[0x04] high edge lint[0x1])
[    0.000000] ACPI: LAPIC_NMI (acpi_id[0x05] high edge lint[0x1])
[    0.000000] ACPI: LAPIC_NMI (acpi_id[0x06] high edge lint[0x1])
[    0.000000] ACPI: LAPIC_NMI (acpi_id[0x07] high edge lint[0x1])
[    0.000000] ACPI: LAPIC_NMI (acpi_id[0x08] high edge lint[0x1])
[    0.000000] ACPI: LAPIC_NMI (acpi_id[0x09] high edge lint[0x1])
[    0.000000] ACPI: LAPIC_NMI (acpi_id[0x0a] high edge lint[0x1])
[    0.000000] ACPI: LAPIC_NMI (acpi_id[0x0b] high edge lint[0x1])
[    0.000000] ACPI: LAPIC_NMI (acpi_id[0x0c] high edge lint[0x1])
[    0.000000] ACPI: LAPIC_NMI (acpi_id[0x0d] high edge lint[0x1])
[    0.000000] ACPI: LAPIC_NMI (acpi_id[0x0e] high edge lint[0x1])
[    0.000000] ACPI: LAPIC_NMI (acpi_id[0x0f] high edge lint[0x1])
[    0.000000] ACPI: LAPIC_NMI (acpi_id[0x10] high edge lint[0x1])
[    0.000000] ACPI: LAPIC_NMI (acpi_id[0x11] high edge lint[0x1])
[    0.000000] ACPI: LAPIC_NMI (acpi_id[0x12] high edge lint[0x1])
[    0.000000] ACPI: LAPIC_NMI (acpi_id[0x13] high edge lint[0x1])
[    0.000000] ACPI: LAPIC_NMI (acpi_id[0x14] high edge lint[0x1])
[    0.000000] ACPI: LAPIC_NMI (acpi_id[0x15] high edge lint[0x1])
[    0.000000] ACPI: LAPIC_NMI (acpi_id[0x16] high edge lint[0x1])
[    0.000000] ACPI: LAPIC_NMI (acpi_id[0x17] high edge lint[0x1])
[    0.000000] ACPI: LAPIC_NMI (acpi_id[0x18] high edge lint[0x1])
[    0.000000] ACPI: LAPIC_NMI (acpi_id[0x19] high edge lint[0x1])
[    0.000000] ACPI: LAPIC_NMI (acpi_id[0x1a] high edge lint[0x1])
[    0.000000] ACPI: LAPIC_NMI (acpi_id[0x1b] high edge lint[0x1])
[    0.000000] ACPI: LAPIC_NMI (acpi_id[0x1c] high edge lint[0x1])
[    0.000000] ACPI: LAPIC_NMI (acpi_id[0x1d] high edge lint[0x1])
[    0.000000] ACPI: LAPIC_NMI (acpi_id[0x1e] high edge lint[0x1])
[    0.000000] ACPI: LAPIC_NMI (acpi_id[0x1f] high edge lint[0x1])
[    0.000000] ACPI: LAPIC_NMI (acpi_id[0x20] high edge lint[0x1])
[    0.000000] ACPI: LAPIC_NMI (acpi_id[0x21] high edge lint[0x1])
[    0.000000] ACPI: LAPIC_NMI (acpi_id[0x22] high edge lint[0x1])
[    0.000000] ACPI: LAPIC_NMI (acpi_id[0x23] high edge lint[0x1])
[    0.000000] ACPI: LAPIC_NMI (acpi_id[0x24] high edge lint[0x1])
[    0.000000] ACPI: LAPIC_NMI (acpi_id[0x25] high edge lint[0x1])
[    0.000000] ACPI: LAPIC_NMI (acpi_id[0x26] high edge lint[0x1])
[    0.000000] ACPI: LAPIC_NMI (acpi_id[0x27] high edge lint[0x1])
[    0.000000] ACPI: LAPIC_NMI (acpi_id[0x28] high edge lint[0x1])
[    0.000000] ACPI: LAPIC_NMI (acpi_id[0x29] high edge lint[0x1])
[    0.000000] ACPI: LAPIC_NMI (acpi_id[0x2a] high edge lint[0x1])
[    0.000000] ACPI: LAPIC_NMI (acpi_id[0x2b] high edge lint[0x1])
[    0.000000] ACPI: LAPIC_NMI (acpi_id[0x2c] high edge lint[0x1])
[    0.000000] ACPI: LAPIC_NMI (acpi_id[0x2d] high edge lint[0x1])
[    0.000000] ACPI: LAPIC_NMI (acpi_id[0x2e] high edge lint[0x1])
[    0.000000] ACPI: LAPIC_NMI (acpi_id[0x2f] high edge lint[0x1])
[    0.000000] ACPI: LAPIC_NMI (acpi_id[0x30] high edge lint[0x1])
[    0.000000] ACPI: LAPIC_NMI (acpi_id[0x31] high edge lint[0x1])
[    0.000000] ACPI: LAPIC_NMI (acpi_id[0x32] high edge lint[0x1])
[    0.000000] ACPI: LAPIC_NMI (acpi_id[0x33] high edge lint[0x1])
[    0.000000] ACPI: LAPIC_NMI (acpi_id[0x34] high edge lint[0x1])
[    0.000000] ACPI: LAPIC_NMI (acpi_id[0x35] high edge lint[0x1])
[    0.000000] ACPI: LAPIC_NMI (acpi_id[0x36] high edge lint[0x1])
[    0.000000] ACPI: LAPIC_NMI (acpi_id[0x37] high edge lint[0x1])
[    0.000000] ACPI: LAPIC_NMI (acpi_id[0x38] high edge lint[0x1])
[    0.000000] ACPI: LAPIC_NMI (acpi_id[0x39] high edge lint[0x1])
[    0.000000] ACPI: LAPIC_NMI (acpi_id[0x3a] high edge lint[0x1])
[    0.000000] ACPI: LAPIC_NMI (acpi_id[0x3b] high edge lint[0x1])
[    0.000000] ACPI: LAPIC_NMI (acpi_id[0x3c] high edge lint[0x1])
[    0.000000] ACPI: LAPIC_NMI (acpi_id[0x3d] high edge lint[0x1])
[    0.000000] ACPI: LAPIC_NMI (acpi_id[0x3e] high edge lint[0x1])
[    0.000000] ACPI: LAPIC_NMI (acpi_id[0x3f] high edge lint[0x1])
[    0.000000] ACPI: Skipping IOAPIC probe due to 'noapic' option.
[    0.000000] Using ACPI for processor (LAPIC) configuration information
[    0.000000] ACPI: HPET id: 0x8086af01 base: 0xfed00000
[    0.000000] Intel MultiProcessor Specification v1.4
[    0.000000]     Virtual Wire compatibility mode.
[    0.000000] MPTABLE: OEM ID: INTEL   
[    0.000000] MPTABLE: Product ID: 440BX       
[    0.000000] MPTABLE: APIC at: 0xFEE00000
[    0.000000] I/O APIC #1 Version 17 at 0xFEC00000.
[    0.000000] Processors: 1
[    0.000000] 64 Processors exceeds NR_CPUS limit of 8
[    0.000000] SMP: Allowing 8 CPUs, 7 hotplug CPUs
[    0.000000] nr_irqs_gsi: 24
[    0.000000] PM: Registered nosave memory: 000000000009f000 - 00000000000a0000
[    0.000000] PM: Registered nosave memory: 00000000000a0000 - 00000000000ca000
[    0.000000] PM: Registered nosave memory: 00000000000ca000 - 00000000000cc000
[    0.000000] PM: Registered nosave memory: 00000000000cc000 - 00000000000dc000
[    0.000000] PM: Registered nosave memory: 00000000000dc000 - 0000000000100000
[    0.000000] Allocating PCI resources starting at 40000000 (gap: 40000000:a0000000)
[    0.000000] Booting paravirtualized kernel on bare hardware
[    0.000000] NR_CPUS:8 nr_cpumask_bits:8 nr_cpu_ids:8 nr_node_ids:1
[    0.000000] PERCPU: Embedded 15 pages/cpu @c2400000 s39320 r0 d22120 u262144
[    0.000000] pcpu-alloc: s39320 r0 d22120 u262144 alloc=1*2097152
[    0.000000] pcpu-alloc: [0] 0 1 2 3 4 5 6 7 
[    0.000000] Built 1 zonelists in Zone order, mobility grouping on.  Total pages: 259950
[    0.000000] Kernel command line: BOOT_IMAGE=/boot/vmlinuz-2.6.32.57 root=UUID=007b598c-390d-4c65-84a1-4ff752d48633 ro quiet splash maxcpus=0
[    0.000000] PID hash table entries: 4096 (order: 2, 16384 bytes)
[    0.000000] Dentry cache hash table entries: 131072 (order: 7, 524288 bytes)
[    0.000000] Inode-cache hash table entries: 65536 (order: 6, 262144 bytes)
[    0.000000] Enabling fast FPU save and restore... done.
[    0.000000] Enabling unmasked SIMD FPU exception support... done.
[    0.000000] Initializing CPU#0
[    0.000000] xsave/xrstor: enabled xstate_bv 0x7, cntxt size 0x340
[    0.000000] allocated 5242560 bytes of page_cgroup
[    0.000000] please try 'cgroup_disable=memory' option if you don't want memory cgroups
[    0.000000] Initializing HighMem for node 0 (000379fe:00040000)
[    0.000000] Memory: 938260k/1048576k available (4839k kernel code, 108848k reserved, 2518k data, 652k init, 137096k highmem)
[    0.000000] virtual kernel memory layout:
[    0.000000]     fixmap  : 0xfff1e000 - 0xfffff000   ( 900 kB)
[    0.000000]     pkmap   : 0xffa00000 - 0xffc00000   (2048 kB)
[    0.000000]     vmalloc : 0xf81fe000 - 0xff9fe000   ( 120 MB)
[    0.000000]     lowmem  : 0xc0000000 - 0xf79fe000   ( 889 MB)
[    0.000000]       .init : 0xc1730000 - 0xc17d3000   ( 652 kB)
[    0.000000]       .data : 0xc14b9cce - 0xc172f764   (2518 kB)
[    0.000000]       .text : 0xc1000000 - 0xc14b9cce   (4839 kB)
[    0.000000] Checking if this processor honours the WP bit even in supervisor mode...Ok.
[    0.000000] SLUB: Genslabs=13, HWalign=64, Order=0-3, MinObjects=0, CPUs=8, Nodes=1
[    0.000000] Hierarchical RCU implementation.
[    0.000000] NR_IRQS:2304 nr_irqs:472
[    0.000000] Extended CMOS year: 2000
[    0.000000] Console: colour VGA+ 80x25
[    0.000000] console [tty0] enabled
[    0.000000] hpet clockevent registered
[    0.000000] TSC freq read from hypervisor : 2394.620 MHz
[    0.000000] Detected 2394.620 MHz processor.
[    0.000003] Calibrating delay loop (skipped) preset value.. 4789.24 BogoMIPS (lpj=9578480)
[    0.000012] Security Framework initialized
[    0.000015] SELinux:  Disabled at boot.
[    0.000019] Mount-cache hash table entries: 512
[    0.000118] Initializing cgroup subsys cpuacct
[    0.000121] Initializing cgroup subsys memory
[    0.000124] Initializing cgroup subsys devices
[    0.000126] Initializing cgroup subsys freezer
[    0.000153] CPU: Physical Processor ID: 0
[    0.000160] CPU: L1 I cache: 32K, L1 D cache: 32K
[    0.000161] CPU: L2 cache: 256K
[    0.000162] CPU: L3 cache: 4096K
[    0.000167] mce: CPU supports 0 MCE banks
[    0.000179] Performance Events: no PMU driver, software events only.
[    0.000189] Checking 'hlt' instruction... OK.
[    0.017754] SMP alternatives: switching to UP code
[    0.034053] ACPI: Core revision 20090903
[    0.040989] ACPI: setting ELCR to 0200 (from 0e20)
[    0.042152] ftrace: converting mcount calls to 0f 1f 44 00 00
[    0.042158] ftrace: allocating 22631 entries in 45 pages
[    0.060901] CANARY value: 6904b287 for PID: 1
[    0.060935] Not enabling x2apic, Intr-remapping init failed.
[    0.060937] Enabling APIC mode:  Flat.  Using 1 I/O APICs
[    0.060945] SMP mode deactivated.
[    0.060972] SMP disabled
[    0.061032] Brought up 1 CPUs
[    0.061033] Total of 1 processors activated (4789.24 BogoMIPS).
[    0.061038] CPU0 attaching NULL sched-domain.
[    0.061114] devtmpfs: initialized
[    0.061245] sysctl table check failed: /kernel/random/now_input .1.40.7 Unknown sysctl binary path
[    0.061503] Pid: 1, comm: swapper Not tainted 2.6.32.57 #4
[    0.061504] Call Trace:
[    0.061509]  [<c14a8a0e>] ? printk+0x1d/0x1f
[    0.061512]  [<c107b56f>] set_fail+0x4f/0x60
[    0.061514]  [<c107b8b3>] sysctl_check_table+0x333/0x620
[    0.061516]  [<c107b8cc>] sysctl_check_table+0x34c/0x620
[    0.061518]  [<c107b8cc>] sysctl_check_table+0x34c/0x620
[    0.061522]  [<c1746d48>] sysctl_init+0x25/0x29
[    0.061524]  [<c1003042>] do_one_initcall+0x32/0x1a0
[    0.061526]  [<c1746d23>] ? sysctl_init+0x0/0x29
[    0.061529]  [<c17308e7>] kernel_init+0x12d/0x17a
[    0.061530]  [<c17307ba>] ? kernel_init+0x0/0x17a
[    0.061533]  [<c1009b07>] kernel_thread_helper+0x7/0x10
[    0.061534] sysctl table check failed: /kernel/random/now_blocking .1.40.8 Unknown sysctl binary path
[    0.061780] Pid: 1, comm: swapper Not tainted 2.6.32.57 #4
[    0.061781] Call Trace:
[    0.061782]  [<c14a8a0e>] ? printk+0x1d/0x1f
[    0.061784]  [<c107b56f>] set_fail+0x4f/0x60
[    0.061786]  [<c107b8b3>] sysctl_check_table+0x333/0x620
[    0.061787]  [<c107b8cc>] sysctl_check_table+0x34c/0x620
[    0.061789]  [<c107b8cc>] sysctl_check_table+0x34c/0x620
[    0.061791]  [<c1746d48>] sysctl_init+0x25/0x29
[    0.061793]  [<c1003042>] do_one_initcall+0x32/0x1a0
[    0.061795]  [<c1746d23>] ? sysctl_init+0x0/0x29
[    0.061797]  [<c17308e7>] kernel_init+0x12d/0x17a
[    0.061798]  [<c17307ba>] ? kernel_init+0x0/0x17a
[    0.061800]  [<c1009b07>] kernel_thread_helper+0x7/0x10
[    0.061801] sysctl table check failed: /kernel/random/now_nonblocking .1.40.9 Unknown sysctl binary path
[    0.062048] Pid: 1, comm: swapper Not tainted 2.6.32.57 #4
[    0.062049] Call Trace:
[    0.062050]  [<c14a8a0e>] ? printk+0x1d/0x1f
[    0.062052]  [<c107b56f>] set_fail+0x4f/0x60
[    0.062053]  [<c107b8b3>] sysctl_check_table+0x333/0x620
[    0.062055]  [<c107b8cc>] sysctl_check_table+0x34c/0x620
[    0.062057]  [<c107b8cc>] sysctl_check_table+0x34c/0x620
[    0.062059]  [<c1746d48>] sysctl_init+0x25/0x29
[    0.062061]  [<c1003042>] do_one_initcall+0x32/0x1a0
[    0.062063]  [<c1746d23>] ? sysctl_init+0x0/0x29
[    0.062065]  [<c17308e7>] kernel_init+0x12d/0x17a
[    0.062066]  [<c17307ba>] ? kernel_init+0x0/0x17a
[    0.062068]  [<c1009b07>] kernel_thread_helper+0x7/0x10
[    0.062069] sysctl table check failed: /kernel/random/nb_input_bytes .1.40.10 Unknown sysctl binary path
[    0.062334] Pid: 1, comm: swapper Not tainted 2.6.32.57 #4
[    0.062335] Call Trace:
[    0.062337]  [<c14a8a0e>] ? printk+0x1d/0x1f
[    0.062339]  [<c107b56f>] set_fail+0x4f/0x60
[    0.062340]  [<c107b8b3>] sysctl_check_table+0x333/0x620
[    0.062342]  [<c107b8cc>] sysctl_check_table+0x34c/0x620
[    0.062344]  [<c107b8cc>] sysctl_check_table+0x34c/0x620
[    0.062346]  [<c1746d48>] sysctl_init+0x25/0x29
[    0.062348]  [<c1003042>] do_one_initcall+0x32/0x1a0
[    0.062350]  [<c1746d23>] ? sysctl_init+0x0/0x29
[    0.062351]  [<c17308e7>] kernel_init+0x12d/0x17a
[    0.062353]  [<c17307ba>] ? kernel_init+0x0/0x17a
[    0.062355]  [<c1009b07>] kernel_thread_helper+0x7/0x10
[    0.062356] sysctl table check failed: /kernel/random/nb_stir_count .1.40.11 Unknown sysctl binary path
[    0.062602] Pid: 1, comm: swapper Not tainted 2.6.32.57 #4
[    0.062603] Call Trace:
[    0.062604]  [<c14a8a0e>] ? printk+0x1d/0x1f
[    0.062606]  [<c107b56f>] set_fail+0x4f/0x60
[    0.062607]  [<c107b8b3>] sysctl_check_table+0x333/0x620
[    0.062609]  [<c107b8cc>] sysctl_check_table+0x34c/0x620
[    0.062611]  [<c107b8cc>] sysctl_check_table+0x34c/0x620
[    0.062613]  [<c1746d48>] sysctl_init+0x25/0x29
[    0.062615]  [<c1003042>] do_one_initcall+0x32/0x1a0
[    0.062617]  [<c1746d23>] ? sysctl_init+0x0/0x29
[    0.062619]  [<c17308e7>] kernel_init+0x12d/0x17a
[    0.062620]  [<c17307ba>] ? kernel_init+0x0/0x17a
[    0.062622]  [<c1009b07>] kernel_thread_helper+0x7/0x10
[    0.062623] sysctl table check failed: /kernel/random/nb_reentry_count .1.40.12 Unknown sysctl binary path
[    0.062871] Pid: 1, comm: swapper Not tainted 2.6.32.57 #4
[    0.062872] Call Trace:
[    0.062873]  [<c14a8a0e>] ? printk+0x1d/0x1f
[    0.062875]  [<c107b56f>] set_fail+0x4f/0x60
[    0.062876]  [<c107b8b3>] sysctl_check_table+0x333/0x620
[    0.062878]  [<c107b8cc>] sysctl_check_table+0x34c/0x620
[    0.062880]  [<c107b8cc>] sysctl_check_table+0x34c/0x620
[    0.062882]  [<c1746d48>] sysctl_init+0x25/0x29
[    0.062884]  [<c1003042>] do_one_initcall+0x32/0x1a0
[    0.062886]  [<c1746d23>] ? sysctl_init+0x0/0x29
[    0.062887]  [<c17308e7>] kernel_init+0x12d/0x17a
[    0.062889]  [<c17307ba>] ? kernel_init+0x0/0x17a
[    0.062891]  [<c1009b07>] kernel_thread_helper+0x7/0x10
[    0.063009] RANDOM - __seed init called.
[    0.063010] RANDOM - __seed init called.
[    0.063011] RANDOM - __seed init called.
[    0.063012] RANDOM - __random32 called. Change num 1.  Value: 865378fd	b53d80db	1f8ba37e
[    0.063014] RANDOM - __random32 called. Change num 2.  Value: 378fdd29	53d80db0	46fc7ad7
[    0.063015] RANDOM - __random32 called. Change num 3.  Value: fdd29985	3d80db0e	f5ae23f5
[    0.063016] RANDOM - __random32 called. Change num 4.  Value: 299855dc	d80db0e5	47eb1be7
[    0.063018] RANDOM - __random32 called. Change num 5.  Value: 855dc464	80db0e5c	37cf1678
[    0.063019] RANDOM - __random32 called. Change num 6.  Value: dc4647ba	db0e5c1	2cf136f4
[    0.063020] RANDOM - random32 init called.  Value: dc4647ba	db0e5c1	2cf136f4
[    0.063026] regulator: core version 0.5
[    0.063095] Time: 20:56:04  Date: 05/24/13
[    0.063133] NET: Registered protocol family 16
[    0.063213] EISA bus registered
[    0.063987] ACPI: bus type pci registered
[    0.064099] PCI: MCFG configuration 0: base e0000000 segment 0 buses 0 - 255
[    0.064101] PCI: MCFG area at e0000000 reserved in E820
[    0.064102] PCI: Using MMCONFIG for extended config space
[    0.064103] PCI: Using configuration type 1 for base access
[    0.064691] bio: create slab <bio-0> at 0
[    0.066721] ACPI: EC: Look up EC in DSDT
[    0.108205] ACPI: BIOS _OSI(Linux) query ignored
[    0.114828] ACPI: Interpreter enabled
[    0.114947] ACPI: (supports S0 S1 S4 S5)
[    0.114962] ACPI: Using PIC for interrupt routing
[    0.204779] ACPI: No dock devices found.
[    0.205664] ACPI: PCI Root Bridge [PCI0] (0000:00)
[    0.207391] pci 0000:00:07.1: reg 20 io port: [0x10c0-0x10cf]
[    0.208006] pci 0000:00:07.3: quirk: region 1000-103f claimed by PIIX4 ACPI
[    0.208020] pci 0000:00:07.3: quirk: region 1040-104f claimed by PIIX4 SMB
[    0.208627] pci 0000:00:07.7: reg 10 io port: [0x1080-0x10bf]
[    0.209043] pci 0000:00:07.7: reg 14 64bit mmio: [0xc8000000-0xc8001fff]
[    0.210347] pci 0000:00:0f.0: reg 10 io port: [0x10d0-0x10df]
[    0.210391] pci 0000:00:0f.0: reg 14 32bit mmio pref: [0xd0000000-0xd7ffffff]
[    0.210433] pci 0000:00:0f.0: reg 18 32bit mmio: [0xc8800000-0xc8ffffff]
[    0.210596] pci 0000:00:0f.0: reg 30 32bit mmio pref: [0x000000-0x007fff]
[    0.211273] pci 0000:00:10.0: reg 10 io port: [0x1400-0x14ff]
[    0.211704] pci 0000:00:10.0: reg 14 64bit mmio: [0xc8040000-0xc805ffff]
[    0.212133] pci 0000:00:10.0: reg 1c 64bit mmio: [0xc8020000-0xc803ffff]
[    0.212209] pci 0000:00:10.0: reg 30 32bit mmio pref: [0x000000-0x003fff]
[    0.214052] pci 0000:00:15.0: PME# supported from D0 D3hot D3cold
[    0.214076] pci 0000:00:15.0: PME# disabled
[    0.214973] pci 0000:00:15.1: PME# supported from D0 D3hot D3cold
[    0.214994] pci 0000:00:15.1: PME# disabled
[    0.215869] pci 0000:00:15.2: PME# supported from D0 D3hot D3cold
[    0.215890] pci 0000:00:15.2: PME# disabled
[    0.216870] pci 0000:00:15.3: PME# supported from D0 D3hot D3cold
[    0.216890] pci 0000:00:15.3: PME# disabled
[    0.217954] pci 0000:00:15.4: PME# supported from D0 D3hot D3cold
[    0.217978] pci 0000:00:15.4: PME# disabled
[    0.218963] pci 0000:00:15.5: PME# supported from D0 D3hot D3cold
[    0.218985] pci 0000:00:15.5: PME# disabled
[    0.219895] pci 0000:00:15.6: PME# supported from D0 D3hot D3cold
[    0.219916] pci 0000:00:15.6: PME# disabled
[    0.220770] pci 0000:00:15.7: PME# supported from D0 D3hot D3cold
[    0.220790] pci 0000:00:15.7: PME# disabled
[    0.221679] pci 0000:00:16.0: PME# supported from D0 D3hot D3cold
[    0.221700] pci 0000:00:16.0: PME# disabled
[    0.222621] pci 0000:00:16.1: PME# supported from D0 D3hot D3cold
[    0.222641] pci 0000:00:16.1: PME# disabled
[    0.223500] pci 0000:00:16.2: PME# supported from D0 D3hot D3cold
[    0.223520] pci 0000:00:16.2: PME# disabled
[    0.224391] pci 0000:00:16.3: PME# supported from D0 D3hot D3cold
[    0.224411] pci 0000:00:16.3: PME# disabled
[    0.225270] pci 0000:00:16.4: PME# supported from D0 D3hot D3cold
[    0.225290] pci 0000:00:16.4: PME# disabled
[    0.226196] pci 0000:00:16.5: PME# supported from D0 D3hot D3cold
[    0.226220] pci 0000:00:16.5: PME# disabled
[    0.227176] pci 0000:00:16.6: PME# supported from D0 D3hot D3cold
[    0.227199] pci 0000:00:16.6: PME# disabled
[    0.228186] pci 0000:00:16.7: PME# supported from D0 D3hot D3cold
[    0.228209] pci 0000:00:16.7: PME# disabled
[    0.229171] pci 0000:00:17.0: PME# supported from D0 D3hot D3cold
[    0.229194] pci 0000:00:17.0: PME# disabled
[    0.230190] pci 0000:00:17.1: PME# supported from D0 D3hot D3cold
[    0.230212] pci 0000:00:17.1: PME# disabled
[    0.231164] pci 0000:00:17.2: PME# supported from D0 D3hot D3cold
[    0.231185] pci 0000:00:17.2: PME# disabled
[    0.232069] pci 0000:00:17.3: PME# supported from D0 D3hot D3cold
[    0.232090] pci 0000:00:17.3: PME# disabled
[    0.232945] pci 0000:00:17.4: PME# supported from D0 D3hot D3cold
[    0.232966] pci 0000:00:17.4: PME# disabled
[    0.233818] pci 0000:00:17.5: PME# supported from D0 D3hot D3cold
[    0.233838] pci 0000:00:17.5: PME# disabled
[    0.234697] pci 0000:00:17.6: PME# supported from D0 D3hot D3cold
[    0.234717] pci 0000:00:17.6: PME# disabled
[    0.235569] pci 0000:00:17.7: PME# supported from D0 D3hot D3cold
[    0.235589] pci 0000:00:17.7: PME# disabled
[    0.236526] pci 0000:00:18.0: PME# supported from D0 D3hot D3cold
[    0.236546] pci 0000:00:18.0: PME# disabled
[    0.237408] pci 0000:00:18.1: PME# supported from D0 D3hot D3cold
[    0.237428] pci 0000:00:18.1: PME# disabled
[    0.238287] pci 0000:00:18.2: PME# supported from D0 D3hot D3cold
[    0.238307] pci 0000:00:18.2: PME# disabled
[    0.239166] pci 0000:00:18.3: PME# supported from D0 D3hot D3cold
[    0.239186] pci 0000:00:18.3: PME# disabled
[    0.240047] pci 0000:00:18.4: PME# supported from D0 D3hot D3cold
[    0.240067] pci 0000:00:18.4: PME# disabled
[    0.240927] pci 0000:00:18.5: PME# supported from D0 D3hot D3cold
[    0.240947] pci 0000:00:18.5: PME# disabled
[    0.241799] pci 0000:00:18.6: PME# supported from D0 D3hot D3cold
[    0.241819] pci 0000:00:18.6: PME# disabled
[    0.242796] pci 0000:00:18.7: PME# supported from D0 D3hot D3cold
[    0.242819] pci 0000:00:18.7: PME# disabled
[    0.244031] pci 0000:02:00.0: reg 20 io port: [0x20c0-0x20df]
[    0.244559] pci 0000:02:01.0: reg 10 io port: [0x2000-0x207f]
[    0.244801] pci 0000:02:01.0: reg 30 32bit mmio pref: [0x000000-0x00ffff]
[    0.248914] pci 0000:02:02.0: reg 10 io port: [0x2080-0x20bf]
[    0.249565] pci 0000:02:03.0: reg 10 32bit mmio: [0xc9000000-0xc9000fff]
[    0.250136] pci 0000:00:11.0: transparent bridge
[    0.250157] pci 0000:00:11.0: bridge io port: [0x2000-0x3fff]
[    0.250178] pci 0000:00:11.0: bridge 32bit mmio: [0xc9000000-0xca3fffff]
[    0.250217] pci 0000:00:11.0: bridge 64bit mmio pref: [0xd8400000-0xd89fffff]
[    0.250630] pci 0000:00:15.0: bridge io port: [0x4000-0x4fff]
[    0.250652] pci 0000:00:15.0: bridge 32bit mmio: [0xca400000-0xca4fffff]
[    0.250691] pci 0000:00:15.0: bridge 64bit mmio pref: [0xd8a00000-0xd8afffff]
[    0.251745] pci 0000:00:15.1: bridge io port: [0x8000-0x8fff]
[    0.251770] pci 0000:00:15.1: bridge 32bit mmio: [0xca800000-0xca8fffff]
[    0.251813] pci 0000:00:15.1: bridge 64bit mmio pref: [0xd8e00000-0xd8efffff]
[    0.252378] pci 0000:00:15.2: bridge io port: [0xc000-0xcfff]
[    0.252413] pci 0000:00:15.2: bridge 32bit mmio: [0xcac00000-0xcacfffff]
[    0.252456] pci 0000:00:15.2: bridge 64bit mmio pref: [0xd9200000-0xd92fffff]
[    0.252979] pci 0000:00:15.3: bridge 32bit mmio: [0xcb000000-0xcb0fffff]
[    0.253018] pci 0000:00:15.3: bridge 64bit mmio pref: [0xd9600000-0xd96fffff]
[    0.253424] pci 0000:00:15.4: bridge 32bit mmio: [0xcb400000-0xcb4fffff]
[    0.253463] pci 0000:00:15.4: bridge 64bit mmio pref: [0xd9a00000-0xd9afffff]
[    0.253872] pci 0000:00:15.5: bridge 32bit mmio: [0xcb800000-0xcb8fffff]
[    0.253962] pci 0000:00:15.5: bridge 64bit mmio pref: [0xd9e00000-0xd9efffff]
[    0.254360] pci 0000:00:15.6: bridge 32bit mmio: [0xcbc00000-0xcbcfffff]
[    0.254399] pci 0000:00:15.6: bridge 64bit mmio pref: [0xda200000-0xda2fffff]
[    0.254827] pci 0000:00:15.7: bridge 32bit mmio: [0xcc000000-0xcc0fffff]
[    0.254867] pci 0000:00:15.7: bridge 64bit mmio pref: [0xda600000-0xda6fffff]
[    0.255248] pci 0000:00:16.0: bridge io port: [0x5000-0x5fff]
[    0.255268] pci 0000:00:16.0: bridge 32bit mmio: [0xca500000-0xca5fffff]
[    0.255306] pci 0000:00:16.0: bridge 64bit mmio pref: [0xd8b00000-0xd8bfffff]
[    0.255701] pci 0000:00:16.1: bridge io port: [0x9000-0x9fff]
[    0.255721] pci 0000:00:16.1: bridge 32bit mmio: [0xca900000-0xca9fffff]
[    0.255759] pci 0000:00:16.1: bridge 64bit mmio pref: [0xd8f00000-0xd8ffffff]
[    0.256194] pci 0000:00:16.2: bridge io port: [0xd000-0xdfff]
[    0.256218] pci 0000:00:16.2: bridge 32bit mmio: [0xcad00000-0xcadfffff]
[    0.256260] pci 0000:00:16.2: bridge 64bit mmio pref: [0xd9300000-0xd93fffff]
[    0.256714] pci 0000:00:16.3: bridge 32bit mmio: [0xcb100000-0xcb1fffff]
[    0.256757] pci 0000:00:16.3: bridge 64bit mmio pref: [0xd9700000-0xd97fffff]
[    0.257212] pci 0000:00:16.4: bridge 32bit mmio: [0xcb500000-0xcb5fffff]
[    0.257254] pci 0000:00:16.4: bridge 64bit mmio pref: [0xd9b00000-0xd9bfffff]
[    0.257695] pci 0000:00:16.5: bridge 32bit mmio: [0xcb900000-0xcb9fffff]
[    0.257737] pci 0000:00:16.5: bridge 64bit mmio pref: [0xd9f00000-0xd9ffffff]
[    0.258179] pci 0000:00:16.6: bridge 32bit mmio: [0xcbd00000-0xcbdfffff]
[    0.258221] pci 0000:00:16.6: bridge 64bit mmio pref: [0xda300000-0xda3fffff]
[    0.258662] pci 0000:00:16.7: bridge 32bit mmio: [0xcc100000-0xcc1fffff]
[    0.258705] pci 0000:00:16.7: bridge 64bit mmio pref: [0xda700000-0xda7fffff]
[    0.259125] pci 0000:00:17.0: bridge io port: [0x6000-0x6fff]
[    0.259147] pci 0000:00:17.0: bridge 32bit mmio: [0xca600000-0xca6fffff]
[    0.259190] pci 0000:00:17.0: bridge 64bit mmio pref: [0xd8c00000-0xd8cfffff]
[    0.259622] pci 0000:00:17.1: bridge io port: [0xa000-0xafff]
[    0.259645] pci 0000:00:17.1: bridge 32bit mmio: [0xcaa00000-0xcaafffff]
[    0.259687] pci 0000:00:17.1: bridge 64bit mmio pref: [0xd9000000-0xd90fffff]
[    0.260119] pci 0000:00:17.2: bridge io port: [0xe000-0xefff]
[    0.260141] pci 0000:00:17.2: bridge 32bit mmio: [0xcae00000-0xcaefffff]
[    0.260184] pci 0000:00:17.2: bridge 64bit mmio pref: [0xd9400000-0xd94fffff]
[    0.260626] pci 0000:00:17.3: bridge 32bit mmio: [0xcb200000-0xcb2fffff]
[    0.260668] pci 0000:00:17.3: bridge 64bit mmio pref: [0xd9800000-0xd98fffff]
[    0.261105] pci 0000:00:17.4: bridge 32bit mmio: [0xcb600000-0xcb6fffff]
[    0.261143] pci 0000:00:17.4: bridge 64bit mmio pref: [0xd9c00000-0xd9cfffff]
[    0.261549] pci 0000:00:17.5: bridge 32bit mmio: [0xcba00000-0xcbafffff]
[    0.261587] pci 0000:00:17.5: bridge 64bit mmio pref: [0xda000000-0xda0fffff]
[    0.261994] pci 0000:00:17.6: bridge 32bit mmio: [0xcbe00000-0xcbefffff]
[    0.262033] pci 0000:00:17.6: bridge 64bit mmio pref: [0xda400000-0xda4fffff]
[    0.262429] pci 0000:00:17.7: bridge 32bit mmio: [0xcc200000-0xcc2fffff]
[    0.262467] pci 0000:00:17.7: bridge 64bit mmio pref: [0xda800000-0xda8fffff]
[    0.262844] pci 0000:00:18.0: bridge io port: [0x7000-0x7fff]
[    0.262868] pci 0000:00:18.0: bridge 32bit mmio: [0xca700000-0xca7fffff]
[    0.262906] pci 0000:00:18.0: bridge 64bit mmio pref: [0xd8d00000-0xd8dfffff]
[    0.263283] pci 0000:00:18.1: bridge io port: [0xb000-0xbfff]
[    0.263304] pci 0000:00:18.1: bridge 32bit mmio: [0xcab00000-0xcabfffff]
[    0.263342] pci 0000:00:18.1: bridge 64bit mmio pref: [0xd9100000-0xd91fffff]
[    0.263732] pci 0000:00:18.2: bridge io port: [0xf000-0xffff]
[    0.263753] pci 0000:00:18.2: bridge 32bit mmio: [0xcaf00000-0xcaffffff]
[    0.263791] pci 0000:00:18.2: bridge 64bit mmio pref: [0xd9500000-0xd95fffff]
[    0.264191] pci 0000:00:18.3: bridge 32bit mmio: [0xcb300000-0xcb3fffff]
[    0.264229] pci 0000:00:18.3: bridge 64bit mmio pref: [0xd9900000-0xd99fffff]
[    0.264621] pci 0000:00:18.4: bridge 32bit mmio: [0xcb700000-0xcb7fffff]
[    0.264660] pci 0000:00:18.4: bridge 64bit mmio pref: [0xd9d00000-0xd9dfffff]
[    0.265061] pci 0000:00:18.5: bridge 32bit mmio: [0xcbb00000-0xcbbfffff]
[    0.265099] pci 0000:00:18.5: bridge 64bit mmio pref: [0xda100000-0xda1fffff]
[    0.265495] pci 0000:00:18.6: bridge 32bit mmio: [0xcbf00000-0xcbffffff]
[    0.265533] pci 0000:00:18.6: bridge 64bit mmio pref: [0xda500000-0xda5fffff]
[    0.265937] pci 0000:00:18.7: bridge 32bit mmio: [0xcc300000-0xcc3fffff]
[    0.265975] pci 0000:00:18.7: bridge 64bit mmio pref: [0xda900000-0xda9fffff]
[    0.268290] pci_bus 0000:00: on NUMA node 0
[    0.268300] ACPI: PCI Interrupt Routing Table [\_SB_.PCI0._PRT]
[    0.502442] ACPI: PCI Interrupt Link [LNKA] (IRQs 3 4 5 6 7 *9 10 11 14 15)
[    0.502617] ACPI: PCI Interrupt Link [LNKB] (IRQs 3 4 5 6 7 9 10 *11 14 15)
[    0.502757] ACPI: PCI Interrupt Link [LNKC] (IRQs 3 4 5 6 7 9 *10 11 14 15)
[    0.502897] ACPI: PCI Interrupt Link [LNKD] (IRQs 3 4 *5 6 7 9 10 11 14 15)
[    0.503024] vgaarb: device added: PCI:0000:00:0f.0,decodes=io+mem,owns=io+mem,locks=none
[    0.503033] vgaarb: loaded
[    0.503117] SCSI subsystem initialized
[    0.503158] libata version 3.00 loaded.
[    0.503197] usbcore: registered new interface driver usbfs
[    0.503208] usbcore: registered new interface driver hub
[    0.503223] usbcore: registered new device driver usb
[    0.503287] PCI: Using ACPI for IRQ routing
[    0.504318] NetLabel: Initializing
[    0.504319] NetLabel:  domain hash size = 128
[    0.504320] NetLabel:  protocols = UNLABELED CIPSOv4
[    0.504326] NetLabel:  unlabeled traffic allowed by default
[    0.504359] hpet0: at MMIO 0xfed00000, IRQs 2, 8, 0, 0, 0, 0, 0, 0, 0, 0, 0, 0, 0, 0, 0, 0
[    0.504364] hpet0: 16 comparators, 64-bit 14.318180 MHz counter
[    0.506381] Switching to clocksource tsc
[    0.513345] pnp: PnP ACPI init
[    0.513398] ACPI: bus type pnp registered
[    0.557508] pnp: PnP ACPI: found 14 devices
[    0.557511] ACPI: ACPI bus type pnp unregistered
[    0.557514] PnPBIOS: Disabled by ACPI PNP
[    0.557529] system 00:01: ioport range 0x1000-0x103f has been reserved
[    0.557531] system 00:01: ioport range 0x1040-0x104f has been reserved
[    0.557533] system 00:01: ioport range 0xcf0-0xcf1 has been reserved
[    0.557540] system 00:08: iomem range 0xfed00000-0xfed003ff has been reserved
[    0.557544] system 00:0d: ioport range 0x1060-0x107f has been reserved
[    0.557546] system 00:0d: iomem range 0xe0000000-0xefffffff has been reserved
[    0.557548] system 00:0d: iomem range 0xc8200000-0xc83fffff has been reserved
[    0.592194] pci 0000:00:15.3: BAR 13: can't allocate I/O resource [0x10000-0xffff]
[    0.592199] pci 0000:00:15.4: BAR 13: can't allocate I/O resource [0x10000-0xffff]
[    0.592202] pci 0000:00:15.5: BAR 13: can't allocate I/O resource [0x10000-0xffff]
[    0.592205] pci 0000:00:15.6: BAR 13: can't allocate I/O resource [0x10000-0xffff]
[    0.592207] pci 0000:00:15.7: BAR 13: can't allocate I/O resource [0x10000-0xffff]
[    0.592210] pci 0000:00:16.3: BAR 13: can't allocate I/O resource [0x10000-0xffff]
[    0.592213] pci 0000:00:16.4: BAR 13: can't allocate I/O resource [0x10000-0xffff]
[    0.592215] pci 0000:00:16.5: BAR 13: can't allocate I/O resource [0x10000-0xffff]
[    0.592218] pci 0000:00:16.6: BAR 13: can't allocate I/O resource [0x10000-0xffff]
[    0.592221] pci 0000:00:16.7: BAR 13: can't allocate I/O resource [0x10000-0xffff]
[    0.592223] pci 0000:00:17.3: BAR 13: can't allocate I/O resource [0x10000-0xffff]
[    0.592226] pci 0000:00:17.4: BAR 13: can't allocate I/O resource [0x10000-0xffff]
[    0.592228] pci 0000:00:17.5: BAR 13: can't allocate I/O resource [0x10000-0xffff]
[    0.592231] pci 0000:00:17.6: BAR 13: can't allocate I/O resource [0x10000-0xffff]
[    0.592234] pci 0000:00:17.7: BAR 13: can't allocate I/O resource [0x10000-0xffff]
[    0.592236] pci 0000:00:18.3: BAR 13: can't allocate I/O resource [0x10000-0xffff]
[    0.592239] pci 0000:00:18.4: BAR 13: can't allocate I/O resource [0x10000-0xffff]
[    0.592242] pci 0000:00:18.5: BAR 13: can't allocate I/O resource [0x10000-0xffff]
[    0.592244] pci 0000:00:18.6: BAR 13: can't allocate I/O resource [0x10000-0xffff]
[    0.592247] pci 0000:00:18.7: BAR 13: can't allocate I/O resource [0x10000-0xffff]
[    0.592249] pci 0000:00:01.0: PCI bridge, secondary bus 0000:01
[    0.592251] pci 0000:00:01.0:   IO window: disabled
[    0.592279] pci 0000:00:01.0:   MEM window: disabled
[    0.592298] pci 0000:00:01.0:   PREFETCH window: disabled
[    0.592336] pci 0000:00:11.0: PCI bridge, secondary bus 0000:02
[    0.592347] pci 0000:00:11.0:   IO window: 0x2000-0x3fff
[    0.592375] pci 0000:00:11.0:   MEM window: 0xc9000000-0xca3fffff
[    0.592394] pci 0000:00:11.0:   PREFETCH window: 0x000000d8400000-0x000000d89fffff
[    0.592430] pci 0000:00:15.0: PCI bridge, secondary bus 0000:03
[    0.592441] pci 0000:00:15.0:   IO window: 0x4000-0x4fff
[    0.592469] pci 0000:00:15.0:   MEM window: 0xca400000-0xca4fffff
[    0.592488] pci 0000:00:15.0:   PREFETCH window: 0x000000d8a00000-0x000000d8afffff
[    0.592582] pci 0000:00:15.1: PCI bridge, secondary bus 0000:04
[    0.592608] pci 0000:00:15.1:   IO window: 0x8000-0x8fff
[    0.592699] pci 0000:00:15.1:   MEM window: 0xca800000-0xca8fffff
[    0.592723] pci 0000:00:15.1:   PREFETCH window: 0x000000d8e00000-0x000000d8efffff
[    0.592782] pci 0000:00:15.2: PCI bridge, secondary bus 0000:05
[    0.592795] pci 0000:00:15.2:   IO window: 0xc000-0xcfff
[    0.592825] pci 0000:00:15.2:   MEM window: 0xcac00000-0xcacfffff
[    0.592846] pci 0000:00:15.2:   PREFETCH window: 0x000000d9200000-0x000000d92fffff
[    0.592908] pci 0000:00:15.3: PCI bridge, secondary bus 0000:06
[    0.592911] pci 0000:00:15.3:   IO window: disabled
[    0.592944] pci 0000:00:15.3:   MEM window: 0xcb000000-0xcb0fffff
[    0.592973] pci 0000:00:15.3:   PREFETCH window: 0x000000d9600000-0x000000d96fffff
[    0.593022] pci 0000:00:15.4: PCI bridge, secondary bus 0000:07
[    0.593024] pci 0000:00:15.4:   IO window: disabled
[    0.593052] pci 0000:00:15.4:   MEM window: 0xcb400000-0xcb4fffff
[    0.593072] pci 0000:00:15.4:   PREFETCH window: 0x000000d9a00000-0x000000d9afffff
[    0.593119] pci 0000:00:15.5: PCI bridge, secondary bus 0000:08
[    0.593121] pci 0000:00:15.5:   IO window: disabled
[    0.593149] pci 0000:00:15.5:   MEM window: 0xcb800000-0xcb8fffff
[    0.593169] pci 0000:00:15.5:   PREFETCH window: 0x000000d9e00000-0x000000d9efffff
[    0.593216] pci 0000:00:15.6: PCI bridge, secondary bus 0000:09
[    0.593218] pci 0000:00:15.6:   IO window: disabled
[    0.593246] pci 0000:00:15.6:   MEM window: 0xcbc00000-0xcbcfffff
[    0.593265] pci 0000:00:15.6:   PREFETCH window: 0x000000da200000-0x000000da2fffff
[    0.593313] pci 0000:00:15.7: PCI bridge, secondary bus 0000:0a
[    0.593314] pci 0000:00:15.7:   IO window: disabled
[    0.593342] pci 0000:00:15.7:   MEM window: 0xcc000000-0xcc0fffff
[    0.593362] pci 0000:00:15.7:   PREFETCH window: 0x000000da600000-0x000000da6fffff
[    0.593409] pci 0000:00:16.0: PCI bridge, secondary bus 0000:0b
[    0.593421] pci 0000:00:16.0:   IO window: 0x5000-0x5fff
[    0.593448] pci 0000:00:16.0:   MEM window: 0xca500000-0xca5fffff
[    0.593467] pci 0000:00:16.0:   PREFETCH window: 0x000000d8b00000-0x000000d8bfffff
[    0.593515] pci 0000:00:16.1: PCI bridge, secondary bus 0000:0c
[    0.593526] pci 0000:00:16.1:   IO window: 0x9000-0x9fff
[    0.593588] pci 0000:00:16.1:   MEM window: 0xca900000-0xca9fffff
[    0.593632] pci 0000:00:16.1:   PREFETCH window: 0x000000d8f00000-0x000000d8ffffff
[    0.593707] pci 0000:00:16.2: PCI bridge, secondary bus 0000:0d
[    0.593727] pci 0000:00:16.2:   IO window: 0xd000-0xdfff
[    0.593766] pci 0000:00:16.2:   MEM window: 0xcad00000-0xcadfffff
[    0.593793] pci 0000:00:16.2:   PREFETCH window: 0x000000d9300000-0x000000d93fffff
[    0.593850] pci 0000:00:16.3: PCI bridge, secondary bus 0000:0e
[    0.593851] pci 0000:00:16.3:   IO window: disabled
[    0.593880] pci 0000:00:16.3:   MEM window: 0xcb100000-0xcb1fffff
[    0.593899] pci 0000:00:16.3:   PREFETCH window: 0x000000d9700000-0x000000d97fffff
[    0.593948] pci 0000:00:16.4: PCI bridge, secondary bus 0000:0f
[    0.593949] pci 0000:00:16.4:   IO window: disabled
[    0.593978] pci 0000:00:16.4:   MEM window: 0xcb500000-0xcb5fffff
[    0.593997] pci 0000:00:16.4:   PREFETCH window: 0x000000d9b00000-0x000000d9bfffff
[    0.594046] pci 0000:00:16.5: PCI bridge, secondary bus 0000:10
[    0.594047] pci 0000:00:16.5:   IO window: disabled
[    0.594076] pci 0000:00:16.5:   MEM window: 0xcb900000-0xcb9fffff
[    0.594095] pci 0000:00:16.5:   PREFETCH window: 0x000000d9f00000-0x000000d9ffffff
[    0.594144] pci 0000:00:16.6: PCI bridge, secondary bus 0000:11
[    0.594146] pci 0000:00:16.6:   IO window: disabled
[    0.594175] pci 0000:00:16.6:   MEM window: 0xcbd00000-0xcbdfffff
[    0.594194] pci 0000:00:16.6:   PREFETCH window: 0x000000da300000-0x000000da3fffff
[    0.594244] pci 0000:00:16.7: PCI bridge, secondary bus 0000:12
[    0.594245] pci 0000:00:16.7:   IO window: disabled
[    0.594274] pci 0000:00:16.7:   MEM window: 0xcc100000-0xcc1fffff
[    0.594322] pci 0000:00:16.7:   PREFETCH window: 0x000000da700000-0x000000da7fffff
[    0.594374] pci 0000:00:17.0: PCI bridge, secondary bus 0000:13
[    0.594386] pci 0000:00:17.0:   IO window: 0x6000-0x6fff
[    0.594413] pci 0000:00:17.0:   MEM window: 0xca600000-0xca6fffff
[    0.594434] pci 0000:00:17.0:   PREFETCH window: 0x000000d8c00000-0x000000d8cfffff
[    0.594486] pci 0000:00:17.1: PCI bridge, secondary bus 0000:14
[    0.594498] pci 0000:00:17.1:   IO window: 0xa000-0xafff
[    0.594560] pci 0000:00:17.1:   MEM window: 0xcaa00000-0xcaafffff
[    0.594661] pci 0000:00:17.1:   PREFETCH window: 0x000000d9000000-0x000000d90fffff
[    0.594732] pci 0000:00:17.2: PCI bridge, secondary bus 0000:15
[    0.594746] pci 0000:00:17.2:   IO window: 0xe000-0xefff
[    0.594776] pci 0000:00:17.2:   MEM window: 0xcae00000-0xcaefffff
[    0.594797] pci 0000:00:17.2:   PREFETCH window: 0x000000d9400000-0x000000d94fffff
[    0.594850] pci 0000:00:17.3: PCI bridge, secondary bus 0000:16
[    0.594851] pci 0000:00:17.3:   IO window: disabled
[    0.594882] pci 0000:00:17.3:   MEM window: 0xcb200000-0xcb2fffff
[    0.594902] pci 0000:00:17.3:   PREFETCH window: 0x000000d9800000-0x000000d98fffff
[    0.594954] pci 0000:00:17.4: PCI bridge, secondary bus 0000:17
[    0.594955] pci 0000:00:17.4:   IO window: disabled
[    0.594986] pci 0000:00:17.4:   MEM window: 0xcb600000-0xcb6fffff
[    0.595006] pci 0000:00:17.4:   PREFETCH window: 0x000000d9c00000-0x000000d9cfffff
[    0.595057] pci 0000:00:17.5: PCI bridge, secondary bus 0000:18
[    0.595059] pci 0000:00:17.5:   IO window: disabled
[    0.595089] pci 0000:00:17.5:   MEM window: 0xcba00000-0xcbafffff
[    0.595109] pci 0000:00:17.5:   PREFETCH window: 0x000000da000000-0x000000da0fffff
[    0.595161] pci 0000:00:17.6: PCI bridge, secondary bus 0000:19
[    0.595162] pci 0000:00:17.6:   IO window: disabled
[    0.595192] pci 0000:00:17.6:   MEM window: 0xcbe00000-0xcbefffff
[    0.595213] pci 0000:00:17.6:   PREFETCH window: 0x000000da400000-0x000000da4fffff
[    0.595264] pci 0000:00:17.7: PCI bridge, secondary bus 0000:1a
[    0.595265] pci 0000:00:17.7:   IO window: disabled
[    0.595295] pci 0000:00:17.7:   MEM window: 0xcc200000-0xcc2fffff
[    0.595316] pci 0000:00:17.7:   PREFETCH window: 0x000000da800000-0x000000da8fffff
[    0.595366] pci 0000:00:18.0: PCI bridge, secondary bus 0000:1b
[    0.595379] pci 0000:00:18.0:   IO window: 0x7000-0x7fff
[    0.595409] pci 0000:00:18.0:   MEM window: 0xca700000-0xca7fffff
[    0.595429] pci 0000:00:18.0:   PREFETCH window: 0x000000d8d00000-0x000000d8dfffff
[    0.595480] pci 0000:00:18.1: PCI bridge, secondary bus 0000:1c
[    0.595492] pci 0000:00:18.1:   IO window: 0xb000-0xbfff
[    0.595522] pci 0000:00:18.1:   MEM window: 0xcab00000-0xcabfffff
[    0.595553] pci 0000:00:18.1:   PREFETCH window: 0x000000d9100000-0x000000d91fffff
[    0.595604] pci 0000:00:18.2: PCI bridge, secondary bus 0000:1d
[    0.595616] pci 0000:00:18.2:   IO window: 0xf000-0xffff
[    0.595646] pci 0000:00:18.2:   MEM window: 0xcaf00000-0xcaffffff
[    0.595667] pci 0000:00:18.2:   PREFETCH window: 0x000000d9500000-0x000000d95fffff
[    0.595718] pci 0000:00:18.3: PCI bridge, secondary bus 0000:1e
[    0.595720] pci 0000:00:18.3:   IO window: disabled
[    0.595750] pci 0000:00:18.3:   MEM window: 0xcb300000-0xcb3fffff
[    0.595770] pci 0000:00:18.3:   PREFETCH window: 0x000000d9900000-0x000000d99fffff
[    0.595821] pci 0000:00:18.4: PCI bridge, secondary bus 0000:1f
[    0.595823] pci 0000:00:18.4:   IO window: disabled
[    0.595853] pci 0000:00:18.4:   MEM window: 0xcb700000-0xcb7fffff
[    0.595873] pci 0000:00:18.4:   PREFETCH window: 0x000000d9d00000-0x000000d9dfffff
[    0.595924] pci 0000:00:18.5: PCI bridge, secondary bus 0000:20
[    0.595926] pci 0000:00:18.5:   IO window: disabled
[    0.595956] pci 0000:00:18.5:   MEM window: 0xcbb00000-0xcbbfffff
[    0.595976] pci 0000:00:18.5:   PREFETCH window: 0x000000da100000-0x000000da1fffff
[    0.596027] pci 0000:00:18.6: PCI bridge, secondary bus 0000:21
[    0.596028] pci 0000:00:18.6:   IO window: disabled
[    0.596059] pci 0000:00:18.6:   MEM window: 0xcbf00000-0xcbffffff
[    0.596079] pci 0000:00:18.6:   PREFETCH window: 0x000000da500000-0x000000da5fffff
[    0.596130] pci 0000:00:18.7: PCI bridge, secondary bus 0000:22
[    0.596131] pci 0000:00:18.7:   IO window: disabled
[    0.596162] pci 0000:00:18.7:   MEM window: 0xcc300000-0xcc3fffff
[    0.596182] pci 0000:00:18.7:   PREFETCH window: 0x000000da900000-0x000000da9fffff
[    0.596266] pci 0000:00:01.0: setting latency timer to 64
[    0.596364] pci 0000:00:15.0: setting latency timer to 64
[    0.596431] pci 0000:00:15.1: setting latency timer to 64
[    0.596497] pci 0000:00:15.2: setting latency timer to 64
[    0.596565] pci 0000:00:15.3: setting latency timer to 64
[    0.596631] pci 0000:00:15.4: setting latency timer to 64
[    0.596697] pci 0000:00:15.5: setting latency timer to 64
[    0.596764] pci 0000:00:15.6: setting latency timer to 64
[    0.596830] pci 0000:00:15.7: setting latency timer to 64
[    0.596896] pci 0000:00:16.0: setting latency timer to 64
[    0.596963] pci 0000:00:16.1: setting latency timer to 64
[    0.597030] pci 0000:00:16.2: setting latency timer to 64
[    0.597096] pci 0000:00:16.3: setting latency timer to 64
[    0.597163] pci 0000:00:16.4: setting latency timer to 64
[    0.597229] pci 0000:00:16.5: setting latency timer to 64
[    0.597296] pci 0000:00:16.6: setting latency timer to 64
[    0.597362] pci 0000:00:16.7: setting latency timer to 64
[    0.597429] pci 0000:00:17.0: setting latency timer to 64
[    0.597495] pci 0000:00:17.1: setting latency timer to 64
[    0.597569] pci 0000:00:17.2: setting latency timer to 64
[    0.597635] pci 0000:00:17.3: setting latency timer to 64
[    0.597701] pci 0000:00:17.4: setting latency timer to 64
[    0.597768] pci 0000:00:17.5: setting latency timer to 64
[    0.597834] pci 0000:00:17.6: setting latency timer to 64
[    0.597901] pci 0000:00:17.7: setting latency timer to 64
[    0.597967] pci 0000:00:18.0: setting latency timer to 64
[    0.598033] pci 0000:00:18.1: setting latency timer to 64
[    0.598099] pci 0000:00:18.2: setting latency timer to 64
[    0.598165] pci 0000:00:18.3: setting latency timer to 64
[    0.598232] pci 0000:00:18.4: setting latency timer to 64
[    0.598318] pci 0000:00:18.5: setting latency timer to 64
[    0.598385] pci 0000:00:18.6: setting latency timer to 64
[    0.598452] pci 0000:00:18.7: setting latency timer to 64
[    0.598464] pci_bus 0000:00: resource 0 io:  [0x00-0xffff]
[    0.598467] pci_bus 0000:00: resource 1 mem: [0x000000-0xffffffffffffffff]
[    0.598469] pci_bus 0000:02: resource 0 io:  [0x2000-0x3fff]
[    0.598471] pci_bus 0000:02: resource 1 mem: [0xc9000000-0xca3fffff]
[    0.598473] pci_bus 0000:02: resource 2 pref mem [0xd8400000-0xd89fffff]
[    0.598475] pci_bus 0000:02: resource 3 io:  [0x00-0xffff]
[    0.598477] pci_bus 0000:02: resource 4 mem: [0x000000-0xffffffffffffffff]
[    0.598480] pci_bus 0000:03: resource 0 io:  [0x4000-0x4fff]
[    0.598481] pci_bus 0000:03: resource 1 mem: [0xca400000-0xca4fffff]
[    0.598483] pci_bus 0000:03: resource 2 pref mem [0xd8a00000-0xd8afffff]
[    0.598485] pci_bus 0000:04: resource 0 io:  [0x8000-0x8fff]
[    0.598487] pci_bus 0000:04: resource 1 mem: [0xca800000-0xca8fffff]
[    0.598489] pci_bus 0000:04: resource 2 pref mem [0xd8e00000-0xd8efffff]
[    0.598491] pci_bus 0000:05: resource 0 io:  [0xc000-0xcfff]
[    0.598493] pci_bus 0000:05: resource 1 mem: [0xcac00000-0xcacfffff]
[    0.598495] pci_bus 0000:05: resource 2 pref mem [0xd9200000-0xd92fffff]
[    0.598497] pci_bus 0000:06: resource 1 mem: [0xcb000000-0xcb0fffff]
[    0.598499] pci_bus 0000:06: resource 2 pref mem [0xd9600000-0xd96fffff]
[    0.598501] pci_bus 0000:07: resource 1 mem: [0xcb400000-0xcb4fffff]
[    0.598503] pci_bus 0000:07: resource 2 pref mem [0xd9a00000-0xd9afffff]
[    0.598505] pci_bus 0000:08: resource 1 mem: [0xcb800000-0xcb8fffff]
[    0.598507] pci_bus 0000:08: resource 2 pref mem [0xd9e00000-0xd9efffff]
[    0.598509] pci_bus 0000:09: resource 1 mem: [0xcbc00000-0xcbcfffff]
[    0.598510] pci_bus 0000:09: resource 2 pref mem [0xda200000-0xda2fffff]
[    0.598512] pci_bus 0000:0a: resource 1 mem: [0xcc000000-0xcc0fffff]
[    0.598533] pci_bus 0000:0a: resource 2 pref mem [0xda600000-0xda6fffff]
[    0.598535] pci_bus 0000:0b: resource 0 io:  [0x5000-0x5fff]
[    0.598537] pci_bus 0000:0b: resource 1 mem: [0xca500000-0xca5fffff]
[    0.598539] pci_bus 0000:0b: resource 2 pref mem [0xd8b00000-0xd8bfffff]
[    0.598541] pci_bus 0000:0c: resource 0 io:  [0x9000-0x9fff]
[    0.598542] pci_bus 0000:0c: resource 1 mem: [0xca900000-0xca9fffff]
[    0.598544] pci_bus 0000:0c: resource 2 pref mem [0xd8f00000-0xd8ffffff]
[    0.598546] pci_bus 0000:0d: resource 0 io:  [0xd000-0xdfff]
[    0.598548] pci_bus 0000:0d: resource 1 mem: [0xcad00000-0xcadfffff]
[    0.598550] pci_bus 0000:0d: resource 2 pref mem [0xd9300000-0xd93fffff]
[    0.598552] pci_bus 0000:0e: resource 1 mem: [0xcb100000-0xcb1fffff]
[    0.598554] pci_bus 0000:0e: resource 2 pref mem [0xd9700000-0xd97fffff]
[    0.598556] pci_bus 0000:0f: resource 1 mem: [0xcb500000-0xcb5fffff]
[    0.598558] pci_bus 0000:0f: resource 2 pref mem [0xd9b00000-0xd9bfffff]
[    0.598560] pci_bus 0000:10: resource 1 mem: [0xcb900000-0xcb9fffff]
[    0.598562] pci_bus 0000:10: resource 2 pref mem [0xd9f00000-0xd9ffffff]
[    0.598564] pci_bus 0000:11: resource 1 mem: [0xcbd00000-0xcbdfffff]
[    0.598566] pci_bus 0000:11: resource 2 pref mem [0xda300000-0xda3fffff]
[    0.598568] pci_bus 0000:12: resource 1 mem: [0xcc100000-0xcc1fffff]
[    0.598570] pci_bus 0000:12: resource 2 pref mem [0xda700000-0xda7fffff]
[    0.598572] pci_bus 0000:13: resource 0 io:  [0x6000-0x6fff]
[    0.598574] pci_bus 0000:13: resource 1 mem: [0xca600000-0xca6fffff]
[    0.598576] pci_bus 0000:13: resource 2 pref mem [0xd8c00000-0xd8cfffff]
[    0.598578] pci_bus 0000:14: resource 0 io:  [0xa000-0xafff]
[    0.598579] pci_bus 0000:14: resource 1 mem: [0xcaa00000-0xcaafffff]
[    0.598581] pci_bus 0000:14: resource 2 pref mem [0xd9000000-0xd90fffff]
[    0.598583] pci_bus 0000:15: resource 0 io:  [0xe000-0xefff]
[    0.598585] pci_bus 0000:15: resource 1 mem: [0xcae00000-0xcaefffff]
[    0.598587] pci_bus 0000:15: resource 2 pref mem [0xd9400000-0xd94fffff]
[    0.598589] pci_bus 0000:16: resource 1 mem: [0xcb200000-0xcb2fffff]
[    0.598591] pci_bus 0000:16: resource 2 pref mem [0xd9800000-0xd98fffff]
[    0.598593] pci_bus 0000:17: resource 1 mem: [0xcb600000-0xcb6fffff]
[    0.598595] pci_bus 0000:17: resource 2 pref mem [0xd9c00000-0xd9cfffff]
[    0.598597] pci_bus 0000:18: resource 1 mem: [0xcba00000-0xcbafffff]
[    0.598599] pci_bus 0000:18: resource 2 pref mem [0xda000000-0xda0fffff]
[    0.598601] pci_bus 0000:19: resource 1 mem: [0xcbe00000-0xcbefffff]
[    0.598603] pci_bus 0000:19: resource 2 pref mem [0xda400000-0xda4fffff]
[    0.598605] pci_bus 0000:1a: resource 1 mem: [0xcc200000-0xcc2fffff]
[    0.598607] pci_bus 0000:1a: resource 2 pref mem [0xda800000-0xda8fffff]
[    0.598609] pci_bus 0000:1b: resource 0 io:  [0x7000-0x7fff]
[    0.598611] pci_bus 0000:1b: resource 1 mem: [0xca700000-0xca7fffff]
[    0.598613] pci_bus 0000:1b: resource 2 pref mem [0xd8d00000-0xd8dfffff]
[    0.598615] pci_bus 0000:1c: resource 0 io:  [0xb000-0xbfff]
[    0.598616] pci_bus 0000:1c: resource 1 mem: [0xcab00000-0xcabfffff]
[    0.598618] pci_bus 0000:1c: resource 2 pref mem [0xd9100000-0xd91fffff]
[    0.598620] pci_bus 0000:1d: resource 0 io:  [0xf000-0xffff]
[    0.598622] pci_bus 0000:1d: resource 1 mem: [0xcaf00000-0xcaffffff]
[    0.598624] pci_bus 0000:1d: resource 2 pref mem [0xd9500000-0xd95fffff]
[    0.598626] pci_bus 0000:1e: resource 1 mem: [0xcb300000-0xcb3fffff]
[    0.598628] pci_bus 0000:1e: resource 2 pref mem [0xd9900000-0xd99fffff]
[    0.598630] pci_bus 0000:1f: resource 1 mem: [0xcb700000-0xcb7fffff]
[    0.598632] pci_bus 0000:1f: resource 2 pref mem [0xd9d00000-0xd9dfffff]
[    0.598634] pci_bus 0000:20: resource 1 mem: [0xcbb00000-0xcbbfffff]
[    0.598636] pci_bus 0000:20: resource 2 pref mem [0xda100000-0xda1fffff]
[    0.598638] pci_bus 0000:21: resource 1 mem: [0xcbf00000-0xcbffffff]
[    0.598640] pci_bus 0000:21: resource 2 pref mem [0xda500000-0xda5fffff]
[    0.598642] pci_bus 0000:22: resource 1 mem: [0xcc300000-0xcc3fffff]
[    0.598644] pci_bus 0000:22: resource 2 pref mem [0xda900000-0xda9fffff]
[    0.598672] NET: Registered protocol family 2
[    0.598689] RANDOM - __random32 called. Change num 7.  Value: 647ba296	db0e5c1d	6de96f10
[    0.598691] RANDOM - random32 called.  Value: 647ba296	db0e5c1d	6de96f10
[    0.598700] random 0000 0000 0000 00000000 00000000: rand_read_num 2 get_random_bytes(4): sig fffffe1a 00000000 00000000
[    0.598703] random 0000 0000 0000 00000000 00000000: extract_entropy(.. 4 ..)
[    0.598706] random 0000 0000 0000 00000000 00000000: going to reseed nonblocking with 64 bits (32 of 0 requested)
[    0.598708] random 0000 0000 0000 00000000 00000000: extract_entropy(.. 8 ..)
[    0.598710] random 0000 0000 0000 00000000 00000000: trying to extract 64 bits from input
[    0.598713] random 0000 0000 0000 00000000 00000000: debiting 0 entropy credits from input
[    0.598715] random 0000 0000 0000 00000000 00000000: extract_entropy account returned: 0 
[    0.598718] random 0000 0000 0000 00000000 00000000: urand_change_num 3 xfer_secondary_pool(4): pool_sig fffffe1a, data_sig 00000000, bytes_mixed 0 00000000 00000000
[    0.598721] random 0000 0000 0000 00000000 00000000: trying to extract 32 bits from nonblocking
[    0.598723] random 0000 0000 0000 00000000 00000000: debiting 32 entropy credits from nonblocking (unlimited)
[    0.598726] random 0000 0000 0000 00000000 00000000: extract_entropy account returned: 4 
[    0.598729] random 0000 0000 0000 00000000 00000000: urand_change_num 4 extract_buf: pool_sig fffffe1a, data_sig fffffed7, bytes_mixed 20 00000000 00000000
[    0.598761] IP route cache hash table entries: 32768 (order: 5, 131072 bytes)
[    0.598856] RANDOM - __random32 called. Change num 8.  Value: ba296205	b0e5c1db	de205442
[    0.598858] RANDOM - random32 called.  Value: ba296205	b0e5c1db	de205442
[    0.598919] RANDOM - __random32 called. Change num 9.  Value: 962052cd	e5c1db9	a885e45e
[    0.598921] RANDOM - random32 called.  Value: 962052cd	e5c1db9	a885e45e
[    0.598924] RANDOM - __random32 called. Change num 10.  Value: 52cd38f	e5c1db9b	c8bd9558
[    0.598926] RANDOM - random32 called.  Value: 52cd38f	e5c1db9b	c8bd9558
[    0.598949] RANDOM - __random32 called. Change num 11.  Value: cd38f3eb	5c1db9b9	2ab1aa27
[    0.598951] RANDOM - random32 called.  Value: cd38f3eb	5c1db9b9	2ab1aa27
[    0.598961] TCP established hash table entries: 131072 (order: 8, 1048576 bytes)
[    0.599070] TCP bind hash table entries: 65536 (order: 7, 524288 bytes)
[    0.599180] TCP: Hash tables configured (established 131072 bind 65536)
[    0.599182] TCP reno registered
[    0.599220] NET: Registered protocol family 1
[    0.599231] pci 0000:00:00.0: Limiting direct PCI/PCI transfers
[    0.599302] pci 0000:00:0f.0: Boot video device
[    0.599527] Trying to unpack rootfs image as initramfs...
[    1.816599] Freeing initrd memory: 83430k freed
[    1.824605] Simple Boot Flag at 0x36 set to 0x1
[    1.824654] cpufreq-nforce2: No nForce2 chipset.
[    1.824667] Scanning for low memory corruption every 60 seconds
[    1.824782] audit: initializing netlink socket (disabled)
[    1.824791] type=2000 audit(1369428965.808:1): initialized
[    1.828709] highmem bounce pool size: 64 pages
[    1.828716] HugeTLB registered 2 MB page size, pre-allocated 0 pages
[    1.828832] VFS: Disk quotas dquot_6.5.2
[    1.828862] Dquot-cache hash table entries: 1024 (order 0, 4096 bytes)
[    1.828949] fuse init (API version 7.13)
[    1.828993] msgmni has been set to 1729
[    1.829265] alg: No test for stdrng (krng)
[    1.829318] Block layer SCSI generic (bsg) driver version 0.4 loaded (major 253)
[    1.829321] io scheduler noop registered
[    1.829322] io scheduler anticipatory registered
[    1.829324] io scheduler deadline registered
[    1.829343] io scheduler cfq registered (default)
[    1.829392]   alloc irq_desc for 24 on node -1
[    1.829394]   alloc kstat_irqs on node -1
[    1.829443] pcieport 0000:00:15.0: irq 24 for MSI/MSI-X
[    1.829491] pcieport 0000:00:15.0: setting latency timer to 64
[    1.829540]   alloc irq_desc for 25 on node -1
[    1.829542]   alloc kstat_irqs on node -1
[    1.829591] pcieport 0000:00:15.1: irq 25 for MSI/MSI-X
[    1.829639] pcieport 0000:00:15.1: setting latency timer to 64
[    1.829688]   alloc irq_desc for 26 on node -1
[    1.829690]   alloc kstat_irqs on node -1
[    1.829739] pcieport 0000:00:15.2: irq 26 for MSI/MSI-X
[    1.829787] pcieport 0000:00:15.2: setting latency timer to 64
[    1.829836]   alloc irq_desc for 27 on node -1
[    1.829838]   alloc kstat_irqs on node -1
[    1.829886] pcieport 0000:00:15.3: irq 27 for MSI/MSI-X
[    1.829935] pcieport 0000:00:15.3: setting latency timer to 64
[    1.829984]   alloc irq_desc for 28 on node -1
[    1.829985]   alloc kstat_irqs on node -1
[    1.830034] pcieport 0000:00:15.4: irq 28 for MSI/MSI-X
[    1.830083] pcieport 0000:00:15.4: setting latency timer to 64
[    1.830131]   alloc irq_desc for 29 on node -1
[    1.830136]   alloc kstat_irqs on node -1
[    1.830184] pcieport 0000:00:15.5: irq 29 for MSI/MSI-X
[    1.830233] pcieport 0000:00:15.5: setting latency timer to 64
[    1.830281]   alloc irq_desc for 30 on node -1
[    1.830284]   alloc kstat_irqs on node -1
[    1.830333] pcieport 0000:00:15.6: irq 30 for MSI/MSI-X
[    1.830382] pcieport 0000:00:15.6: setting latency timer to 64
[    1.830430]   alloc irq_desc for 31 on node -1
[    1.830433]   alloc kstat_irqs on node -1
[    1.830482] pcieport 0000:00:15.7: irq 31 for MSI/MSI-X
[    1.830530] pcieport 0000:00:15.7: setting latency timer to 64
[    1.830579]   alloc irq_desc for 32 on node -1
[    1.830582]   alloc kstat_irqs on node -1
[    1.830631] pcieport 0000:00:16.0: irq 32 for MSI/MSI-X
[    1.830679] pcieport 0000:00:16.0: setting latency timer to 64
[    1.830728]   alloc irq_desc for 33 on node -1
[    1.830730]   alloc kstat_irqs on node -1
[    1.830779] pcieport 0000:00:16.1: irq 33 for MSI/MSI-X
[    1.830827] pcieport 0000:00:16.1: setting latency timer to 64
[    1.832678]   alloc irq_desc for 34 on node -1
[    1.832681]   alloc kstat_irqs on node -1
[    1.832729] pcieport 0000:00:16.2: irq 34 for MSI/MSI-X
[    1.832778] pcieport 0000:00:16.2: setting latency timer to 64
[    1.832826]   alloc irq_desc for 35 on node -1
[    1.832828]   alloc kstat_irqs on node -1
[    1.832877] pcieport 0000:00:16.3: irq 35 for MSI/MSI-X
[    1.832926] pcieport 0000:00:16.3: setting latency timer to 64
[    1.832974]   alloc irq_desc for 36 on node -1
[    1.832976]   alloc kstat_irqs on node -1
[    1.833025] pcieport 0000:00:16.4: irq 36 for MSI/MSI-X
[    1.833073] pcieport 0000:00:16.4: setting latency timer to 64
[    1.833122]   alloc irq_desc for 37 on node -1
[    1.833124]   alloc kstat_irqs on node -1
[    1.833173] pcieport 0000:00:16.5: irq 37 for MSI/MSI-X
[    1.833221] pcieport 0000:00:16.5: setting latency timer to 64
[    1.833270]   alloc irq_desc for 38 on node -1
[    1.833272]   alloc kstat_irqs on node -1
[    1.833320] pcieport 0000:00:16.6: irq 38 for MSI/MSI-X
[    1.833369] pcieport 0000:00:16.6: setting latency timer to 64
[    1.833417]   alloc irq_desc for 39 on node -1
[    1.833419]   alloc kstat_irqs on node -1
[    1.833468] pcieport 0000:00:16.7: irq 39 for MSI/MSI-X
[    1.833516] pcieport 0000:00:16.7: setting latency timer to 64
[    1.833565]   alloc irq_desc for 40 on node -1
[    1.833567]   alloc kstat_irqs on node -1
[    1.833616] pcieport 0000:00:17.0: irq 40 for MSI/MSI-X
[    1.833664] pcieport 0000:00:17.0: setting latency timer to 64
[    1.833713]   alloc irq_desc for 41 on node -1
[    1.833715]   alloc kstat_irqs on node -1
[    1.833763] pcieport 0000:00:17.1: irq 41 for MSI/MSI-X
[    1.833812] pcieport 0000:00:17.1: setting latency timer to 64
[    1.833860]   alloc irq_desc for 42 on node -1
[    1.833863]   alloc kstat_irqs on node -1
[    1.833911] pcieport 0000:00:17.2: irq 42 for MSI/MSI-X
[    1.833960] pcieport 0000:00:17.2: setting latency timer to 64
[    1.834009]   alloc irq_desc for 43 on node -1
[    1.834010]   alloc kstat_irqs on node -1
[    1.834059] pcieport 0000:00:17.3: irq 43 for MSI/MSI-X
[    1.834108] pcieport 0000:00:17.3: setting latency timer to 64
[    1.834156]   alloc irq_desc for 44 on node -1
[    1.834158]   alloc kstat_irqs on node -1
[    1.834207] pcieport 0000:00:17.4: irq 44 for MSI/MSI-X
[    1.834255] pcieport 0000:00:17.4: setting latency timer to 64
[    1.834304]   alloc irq_desc for 45 on node -1
[    1.834306]   alloc kstat_irqs on node -1
[    1.834354] pcieport 0000:00:17.5: irq 45 for MSI/MSI-X
[    1.834403] pcieport 0000:00:17.5: setting latency timer to 64
[    1.834452]   alloc irq_desc for 46 on node -1
[    1.834455]   alloc kstat_irqs on node -1
[    1.834503] pcieport 0000:00:17.6: irq 46 for MSI/MSI-X
[    1.834552] pcieport 0000:00:17.6: setting latency timer to 64
[    1.834601]   alloc irq_desc for 47 on node -1
[    1.834604]   alloc kstat_irqs on node -1
[    1.834653] pcieport 0000:00:17.7: irq 47 for MSI/MSI-X
[    1.834702] pcieport 0000:00:17.7: setting latency timer to 64
[    1.834750]   alloc irq_desc for 48 on node -1
[    1.834753]   alloc kstat_irqs on node -1
[    1.834802] pcieport 0000:00:18.0: irq 48 for MSI/MSI-X
[    1.834851] pcieport 0000:00:18.0: setting latency timer to 64
[    1.834899]   alloc irq_desc for 49 on node -1
[    1.834902]   alloc kstat_irqs on node -1
[    1.834950] pcieport 0000:00:18.1: irq 49 for MSI/MSI-X
[    1.834999] pcieport 0000:00:18.1: setting latency timer to 64
[    1.835048]   alloc irq_desc for 50 on node -1
[    1.835050]   alloc kstat_irqs on node -1
[    1.835098] pcieport 0000:00:18.2: irq 50 for MSI/MSI-X
[    1.835147] pcieport 0000:00:18.2: setting latency timer to 64
[    1.836567]   alloc irq_desc for 51 on node -1
[    1.836571]   alloc kstat_irqs on node -1
[    1.836620] pcieport 0000:00:18.3: irq 51 for MSI/MSI-X
[    1.836668] pcieport 0000:00:18.3: setting latency timer to 64
[    1.836717]   alloc irq_desc for 52 on node -1
[    1.836722]   alloc kstat_irqs on node -1
[    1.836770] pcieport 0000:00:18.4: irq 52 for MSI/MSI-X
[    1.836819] pcieport 0000:00:18.4: setting latency timer to 64
[    1.836867]   alloc irq_desc for 53 on node -1
[    1.836871]   alloc kstat_irqs on node -1
[    1.836920] pcieport 0000:00:18.5: irq 53 for MSI/MSI-X
[    1.836969] pcieport 0000:00:18.5: setting latency timer to 64
[    1.837017]   alloc irq_desc for 54 on node -1
[    1.837020]   alloc kstat_irqs on node -1
[    1.837069] pcieport 0000:00:18.6: irq 54 for MSI/MSI-X
[    1.837117] pcieport 0000:00:18.6: setting latency timer to 64
[    1.837166]   alloc irq_desc for 55 on node -1
[    1.837168]   alloc kstat_irqs on node -1
[    1.837217] pcieport 0000:00:18.7: irq 55 for MSI/MSI-X
[    1.837265] pcieport 0000:00:18.7: setting latency timer to 64
[    1.837314] pci_hotplug: PCI Hot Plug PCI Core version: 0.5
[    1.837466] pciehp 0000:00:15.0:pcie04: HPC vendor_id 15ad device_id 7a0 ss_vid 0 ss_did 0
[    1.837515] pciehp 0000:00:15.0:pcie04: service driver pciehp loaded
[    1.837563] pciehp 0000:00:15.1:pcie04: HPC vendor_id 15ad device_id 7a0 ss_vid 0 ss_did 0
[    1.837612] pciehp 0000:00:15.1:pcie04: service driver pciehp loaded
[    1.837661] pciehp 0000:00:15.2:pcie04: HPC vendor_id 15ad device_id 7a0 ss_vid 0 ss_did 0
[    1.837709] pciehp 0000:00:15.2:pcie04: service driver pciehp loaded
[    1.837758] pciehp 0000:00:15.3:pcie04: HPC vendor_id 15ad device_id 7a0 ss_vid 0 ss_did 0
[    1.837806] pciehp 0000:00:15.3:pcie04: service driver pciehp loaded
[    1.837855] pciehp 0000:00:15.4:pcie04: HPC vendor_id 15ad device_id 7a0 ss_vid 0 ss_did 0
[    1.837904] pciehp 0000:00:15.4:pcie04: service driver pciehp loaded
[    1.837952] pciehp 0000:00:15.5:pcie04: HPC vendor_id 15ad device_id 7a0 ss_vid 0 ss_did 0
[    1.838001] pciehp 0000:00:15.5:pcie04: service driver pciehp loaded
[    1.838050] pciehp 0000:00:15.6:pcie04: HPC vendor_id 15ad device_id 7a0 ss_vid 0 ss_did 0
[    1.838098] pciehp 0000:00:15.6:pcie04: service driver pciehp loaded
[    1.838147] pciehp 0000:00:15.7:pcie04: HPC vendor_id 15ad device_id 7a0 ss_vid 0 ss_did 0
[    1.838195] pciehp 0000:00:15.7:pcie04: service driver pciehp loaded
[    1.838244] pciehp 0000:00:16.0:pcie04: HPC vendor_id 15ad device_id 7a0 ss_vid 0 ss_did 0
[    1.838293] pciehp 0000:00:16.0:pcie04: service driver pciehp loaded
[    1.838341] pciehp 0000:00:16.1:pcie04: HPC vendor_id 15ad device_id 7a0 ss_vid 0 ss_did 0
[    1.838390] pciehp 0000:00:16.1:pcie04: service driver pciehp loaded
[    1.838438] pciehp 0000:00:16.2:pcie04: HPC vendor_id 15ad device_id 7a0 ss_vid 0 ss_did 0
[    1.838487] pciehp 0000:00:16.2:pcie04: service driver pciehp loaded
[    1.838536] pciehp 0000:00:16.3:pcie04: HPC vendor_id 15ad device_id 7a0 ss_vid 0 ss_did 0
[    1.838584] pciehp 0000:00:16.3:pcie04: service driver pciehp loaded
[    1.838633] pciehp 0000:00:16.4:pcie04: HPC vendor_id 15ad device_id 7a0 ss_vid 0 ss_did 0
[    1.838681] pciehp 0000:00:16.4:pcie04: service driver pciehp loaded
[    1.838730] pciehp 0000:00:16.5:pcie04: HPC vendor_id 15ad device_id 7a0 ss_vid 0 ss_did 0
[    1.838779] pciehp 0000:00:16.5:pcie04: service driver pciehp loaded
[    1.838827] pciehp 0000:00:16.6:pcie04: HPC vendor_id 15ad device_id 7a0 ss_vid 0 ss_did 0
[    1.838876] pciehp 0000:00:16.6:pcie04: service driver pciehp loaded
[    1.838924] pciehp 0000:00:16.7:pcie04: HPC vendor_id 15ad device_id 7a0 ss_vid 0 ss_did 0
[    1.838973] pciehp 0000:00:16.7:pcie04: service driver pciehp loaded
[    1.839022] pciehp 0000:00:17.0:pcie04: HPC vendor_id 15ad device_id 7a0 ss_vid 0 ss_did 0
[    1.839070] pciehp 0000:00:17.0:pcie04: service driver pciehp loaded
[    1.839119] pciehp 0000:00:17.1:pcie04: HPC vendor_id 15ad device_id 7a0 ss_vid 0 ss_did 0
[    1.839167] pciehp 0000:00:17.1:pcie04: service driver pciehp loaded
[    1.839216] pciehp 0000:00:17.2:pcie04: HPC vendor_id 15ad device_id 7a0 ss_vid 0 ss_did 0
[    1.839265] pciehp 0000:00:17.2:pcie04: service driver pciehp loaded
[    1.839313] pciehp 0000:00:17.3:pcie04: HPC vendor_id 15ad device_id 7a0 ss_vid 0 ss_did 0
[    1.839362] pciehp 0000:00:17.3:pcie04: service driver pciehp loaded
[    1.839410] pciehp 0000:00:17.4:pcie04: HPC vendor_id 15ad device_id 7a0 ss_vid 0 ss_did 0
[    1.839459] pciehp 0000:00:17.4:pcie04: service driver pciehp loaded
[    1.839508] pciehp 0000:00:17.5:pcie04: HPC vendor_id 15ad device_id 7a0 ss_vid 0 ss_did 0
[    1.839556] pciehp 0000:00:17.5:pcie04: service driver pciehp loaded
[    1.839605] pciehp 0000:00:17.6:pcie04: HPC vendor_id 15ad device_id 7a0 ss_vid 0 ss_did 0
[    1.839653] pciehp 0000:00:17.6:pcie04: service driver pciehp loaded
[    1.839702] pciehp 0000:00:17.7:pcie04: HPC vendor_id 15ad device_id 7a0 ss_vid 0 ss_did 0
[    1.839751] pciehp 0000:00:17.7:pcie04: service driver pciehp loaded
[    1.839799] pciehp 0000:00:18.0:pcie04: HPC vendor_id 15ad device_id 7a0 ss_vid 0 ss_did 0
[    1.839848] pciehp 0000:00:18.0:pcie04: service driver pciehp loaded
[    1.839896] pciehp 0000:00:18.1:pcie04: HPC vendor_id 15ad device_id 7a0 ss_vid 0 ss_did 0
[    1.839945] pciehp 0000:00:18.1:pcie04: service driver pciehp loaded
[    1.839994] pciehp 0000:00:18.2:pcie04: HPC vendor_id 15ad device_id 7a0 ss_vid 0 ss_did 0
[    1.840042] pciehp 0000:00:18.2:pcie04: service driver pciehp loaded
[    1.840091] pciehp 0000:00:18.3:pcie04: HPC vendor_id 15ad device_id 7a0 ss_vid 0 ss_did 0
[    1.840140] pciehp 0000:00:18.3:pcie04: service driver pciehp loaded
[    1.840188] pciehp 0000:00:18.4:pcie04: HPC vendor_id 15ad device_id 7a0 ss_vid 0 ss_did 0
[    1.840237] pciehp 0000:00:18.4:pcie04: service driver pciehp loaded
[    1.840285] pciehp 0000:00:18.5:pcie04: HPC vendor_id 15ad device_id 7a0 ss_vid 0 ss_did 0
[    1.840517] pciehp 0000:00:18.5:pcie04: service driver pciehp loaded
[    1.840571] pciehp 0000:00:18.6:pcie04: HPC vendor_id 15ad device_id 7a0 ss_vid 0 ss_did 0
[    1.840620] pciehp 0000:00:18.6:pcie04: service driver pciehp loaded
[    1.840669] pciehp 0000:00:18.7:pcie04: HPC vendor_id 15ad device_id 7a0 ss_vid 0 ss_did 0
[    1.840717] pciehp 0000:00:18.7:pcie04: service driver pciehp loaded
[    1.840729] pciehp: PCI Express Hot Plug Controller Driver version: 0.4
[    1.840782] ACPI: AC Adapter [ACAD] (on-line)
[    1.840846] input: Power Button as /devices/LNXSYSTM:00/LNXPWRBN:00/input/input0
[    1.840850] ACPI: Power Button [PWRF]
[    1.840899] processor LNXCPU:00: registered as cooling_device0
[    1.892497] isapnp: Scanning for PnP cards...
[    2.248231] isapnp: No Plug & Play device found
[    2.248272] random 0000 0000 0000 5f8db4e5 4cfdf2a8: initializing
[    2.248393] Linux agpgart interface v0.103
[    2.248437] agpgart-intel 0000:00:00.0: Intel 440BX Chipset
[    2.248486] agpgart-intel 0000:00:00.0: AGP aperture is 256M @ 0x0
[    2.248521] Serial: 8250/16550 driver, 32 ports, IRQ sharing enabled
[    2.248569] serial8250: ttyS0 at I/O 0x3f8 (irq = 4) is a 16550A
[    2.248618] serial8250: ttyS1 at I/O 0x2f8 (irq = 3) is a 16550A
[    2.248667] 00:0a: ttyS0 at I/O 0x3f8 (irq = 4) is a 16550A
[    2.248715] 00:0b: ttyS1 at I/O 0x2f8 (irq = 3) is a 16550A
[    2.248764] brd: module loaded
[    2.248813] loop: module loaded
[    2.248861] ata_piix 0000:00:07.1: version 2.13
[    2.248956] scsi0 : ata_piix
[    2.249035] scsi1 : ata_piix
[    2.249080] ata1: PATA max UDMA/33 cmd 0x1f0 ctl 0x3f6 bmdma 0x10c0 irq 14
[    2.249083] ata2: PATA max UDMA/33 cmd 0x170 ctl 0x376 bmdma 0x10c8 irq 15
[    2.249144] PPP generic driver version 2.4.2
[    2.249192] tun: Universal TUN/TAP device driver, 1.6
[    2.249195] tun: (C) 1999-2004 Max Krasnyansky <maxk@qualcomm.com>
[    2.249244] ehci_hcd: USB 2.0 'Enhanced' Host Controller (EHCI) Driver
[    2.249293] ACPI: PCI Interrupt Link [LNKB] enabled at IRQ 11
[    2.249297] PCI: setting IRQ 11 as level-triggered
[    2.249310] ehci_hcd 0000:02:03.0: PCI INT A -> Link[LNKB] -> GSI 11 (level, low) -> IRQ 11
[    2.249358] ehci_hcd 0000:02:03.0: EHCI Host Controller
[    2.249402] ehci_hcd 0000:02:03.0: new USB bus registered, assigned bus number 1
[    2.249451] ehci_hcd 0000:02:03.0: cache line size of 32 is not supported
[    2.249464] ehci_hcd 0000:02:03.0: irq 11, io mem 0xc9000000
[    2.249819] random 0000 0000 0000 00000000 00000000: rand_read_num 3 get_random_bytes(8): sig 00000000 00000000 00000000
[    2.249823] random 0000 0000 0000 00000000 00000000: extract_entropy(.. 8 ..)
[    2.249828] random 0000 0000 0000 00000000 00000000: going to reseed nonblocking with 64 bits (64 of 0 requested)
[    2.249832] random 0000 0000 0000 00000000 00000000: extract_entropy(.. 8 ..)
[    2.249836] random 0000 0000 0000 00000000 00000000: trying to extract 64 bits from input
[    2.249840] random 0000 0000 0000 00000000 00000000: debiting 0 entropy credits from input
[    2.249844] random 0000 0000 0000 00000000 00000000: extract_entropy account returned: 0 
[    2.249849] random 0000 0000 0000 00000000 00000000: urand_change_num 5 xfer_secondary_pool(8): pool_sig 00000000, data_sig 00000000, bytes_mixed 0 00000000 00000000
[    2.249854] random 0000 0000 0000 00000000 00000000: trying to extract 64 bits from nonblocking
[    2.249871] random 0000 0000 0000 00000000 00000000: debiting 64 entropy credits from nonblocking (unlimited)
[    2.249875] random 0000 0000 0000 00000000 00000000: extract_entropy account returned: 8 
[    2.249881] random 0000 0000 0000 00000000 00000000: urand_change_num 6 extract_buf: pool_sig 00000000, data_sig fffffff9, bytes_mixed 20 00000000 00000000
[    2.259925] ehci_hcd 0000:02:03.0: USB 2.0 started, EHCI 1.00
[    2.259974] usb usb1: configuration #1 chosen from 1 choice
[    2.260006] hub 1-0:1.0: USB hub found
[    2.260015] hub 1-0:1.0: 6 ports detected
[    2.260064] ohci_hcd: USB 1.1 'Open' Host Controller (OHCI) Driver
[    2.260079] uhci_hcd: USB Universal Host Controller Interface driver
[    2.260128] ACPI: PCI Interrupt Link [LNKC] enabled at IRQ 10
[    2.260131] PCI: setting IRQ 10 as level-triggered
[    2.260136] uhci_hcd 0000:02:00.0: PCI INT A -> Link[LNKC] -> GSI 10 (level, low) -> IRQ 10
[    2.260176] uhci_hcd 0000:02:00.0: UHCI Host Controller
[    2.260218] uhci_hcd 0000:02:00.0: new USB bus registered, assigned bus number 2
[    2.260320] uhci_hcd 0000:02:00.0: irq 10, io base 0x000020c0
[    2.260369] usb usb2: configuration #1 chosen from 1 choice
[    2.260396] hub 2-0:1.0: USB hub found
[    2.260403] hub 2-0:1.0: 2 ports detected
[    2.260451] usbcore: registered new interface driver libusual
[    2.260482] PNP: PS/2 Controller [PNP0303:KBC,PNP0f13:MOUS] at 0x60,0x64 irq 1,12
[    2.260812] serio: i8042 KBD port at 0x60,0x64 irq 1
[    2.260827] serio: i8042 AUX port at 0x60,0x64 irq 12
[    2.260876] mice: PS/2 mouse device common for all mice
[    2.260924] rtc_cmos 00:04: rtc core: registered rtc_cmos as rtc0
[    2.260948] rtc0: alarms up to one month, y3k, 114 bytes nvram, hpet irqs
[    2.260996] device-mapper: uevent: version 1.0.3
[    2.261141] device-mapper: ioctl: 4.15.0-ioctl (2009-04-01) initialised: dm-devel@redhat.com
[    2.261163] EISA: Probing bus 0 at eisa.0
[    2.261173] Cannot allocate resource for EISA slot 1
[    2.261175] Cannot allocate resource for EISA slot 2
[    2.261177] Cannot allocate resource for EISA slot 3
[    2.261179] Cannot allocate resource for EISA slot 4
[    2.261181] Cannot allocate resource for EISA slot 5
[    2.261183] Cannot allocate resource for EISA slot 6
[    2.261185] Cannot allocate resource for EISA slot 7
[    2.261186] Cannot allocate resource for EISA slot 8
[    2.261188] EISA: Detected 0 cards.
[    2.261247] cpuidle: using governor ladder
[    2.261249] cpuidle: using governor menu
[    2.261347] random 0000 0000 0000 00000000 00000000: rand_read_num 4 get_random_bytes(136): sig 0000021d 00000000 00000000
[    2.261350] random 0000 0000 0000 00000000 00000000: extract_entropy(.. 136 ..)
[    2.261353] random 0000 0000 0000 00000000 00000000: going to reseed nonblocking with 1024 bits (1088 of 0 requested)
[    2.261355] random 0000 0000 0000 00000000 00000000: extract_entropy(.. 128 ..)
[    2.261358] random 0000 0000 0000 00000000 00000000: trying to extract 1024 bits from input
[    2.261360] random 0000 0000 0000 00000000 00000000: debiting 0 entropy credits from input
[    2.261362] random 0000 0000 0000 00000000 00000000: extract_entropy account returned: 0 
[    2.261365] random 0000 0000 0000 00000000 00000000: urand_change_num 7 xfer_secondary_pool(136): pool_sig 0000021d, data_sig 00000000, bytes_mixed 0 00000000 00000000
[    2.261368] random 0000 0000 0000 00000000 00000000: trying to extract 1088 bits from nonblocking
[    2.261371] random 0000 0000 0000 00000000 00000000: debiting 1088 entropy credits from nonblocking (unlimited)
[    2.261373] random 0000 0000 0000 00000000 00000000: extract_entropy account returned: 136 
[    2.261377] random 0000 0000 0000 00000000 00000000: urand_change_num 8 extract_buf: pool_sig 0000021d, data_sig fffffff7, bytes_mixed 20 00000000 00000000
[    2.261382] random 0000 0000 0000 f961ee50 ba9cb1aa: urand_change_num 9 extract_buf: pool_sig 00000230, data_sig fffffeb4, bytes_mixed 20 f961ee50 ba9cb1aa
[    2.261386] random 0000 0000 0000 9748bdd6 56fb8af6: urand_change_num 10 extract_buf: pool_sig 00000373, data_sig 000000cf, bytes_mixed 20 9748bdd6 56fb8af6
[    2.261391] random 0000 0000 0000 9748bdd6 56fb8af6: urand_change_num 11 extract_buf: pool_sig fffffe49, data_sig 0000023f, bytes_mixed 20 9748bdd6 56fb8af6
[    2.261395] random 0000 0000 0000 a135be86 4777650e: urand_change_num 12 extract_buf: pool_sig fffffcce, data_sig 000000c6, bytes_mixed 20 a135be86 4777650e
[    2.261400] random 0000 0000 0000 4a6ea85d 170e00dd: urand_change_num 13 extract_buf: pool_sig ffffff97, data_sig ffffff7d, bytes_mixed 20 4a6ea85d 170e00dd
[    2.261404] random 0000 0000 0000 4a6ea85d 170e00dd: urand_change_num 14 extract_buf: pool_sig 00000160, data_sig fffffeea, bytes_mixed 20 4a6ea85d 170e00dd
[    2.261409] random 0000 0000 0000 6e87c3cb da668c73: urand_change_num 15 extract_buf: pool_sig 0000034f, data_sig ffffff54, bytes_mixed 20 6e87c3cb da668c73
[    2.261413] random 0000 0000 0000 6e87c3cb da668c73: urand_change_num 16 extract_buf: pool_sig fffffdc5, data_sig 00000205, bytes_mixed 20 6e87c3cb da668c73
[    2.261418] random 0000 0000 0000 39f531e6 461eb249: urand_change_num 17 extract_buf: pool_sig fffffc1d, data_sig ffffff5e, bytes_mixed 20 39f531e6 461eb249
[    2.261422] random 0000 0000 0000 7e1538a2 3e661182: urand_change_num 18 extract_buf: pool_sig 000006ef, data_sig ffffff2e, bytes_mixed 20 7e1538a2 3e661182
[    2.261426] random 0000 0000 0000 7e1538a2 3e661182: urand_change_num 19 extract_buf: pool_sig 00000317, data_sig fffffccb, bytes_mixed 20 7e1538a2 3e661182
[    2.261431] random 0000 0000 0000 76af506b 9b57305e: urand_change_num 20 extract_buf: pool_sig 00000227, data_sig ffffffd2, bytes_mixed 20 76af506b 9b57305e
[    2.261435] random 0000 0000 0000 37d49d89 e20417cc: urand_change_num 21 extract_buf: pool_sig 0000080b, data_sig 000001e9, bytes_mixed 20 37d49d89 e20417cc
[    2.261439] TCP cubic registered
[    2.261488] NET: Registered protocol family 10
[    2.261524] RANDOM - __random32 called. Change num 12.  Value: 8f3eba68	c1db9b96	544fe79f
[    2.261526] RANDOM - random32 called.  Value: 8f3eba68	c1db9b96	544fe79f
[    2.261535] random 0000 0000 0000 37d49d89 e20417cc: rand_read_num 5 get_random_bytes(4): sig 00000298 37d49d89 e20417cc
[    2.261537] random 0000 0000 0000 37d49d89 e20417cc: extract_entropy(.. 4 ..)
[    2.261540] random 0000 0000 0000 37d49d89 e20417cc: going to reseed nonblocking with 64 bits (32 of 0 requested)
[    2.261542] random 0000 0000 0000 37d49d89 e20417cc: extract_entropy(.. 8 ..)
[    2.261544] random 0000 0000 0000 37d49d89 e20417cc: trying to extract 64 bits from input
[    2.261546] random 0000 0000 0000 37d49d89 e20417cc: debiting 0 entropy credits from input
[    2.261549] random 0000 0000 0000 37d49d89 e20417cc: extract_entropy account returned: 0 
[    2.261552] random 0000 0000 0000 37d49d89 e20417cc: urand_change_num 22 xfer_secondary_pool(4): pool_sig 00000298, data_sig 00000000, bytes_mixed 0 37d49d89 e20417cc
[    2.261554] random 0000 0000 0000 37d49d89 e20417cc: trying to extract 32 bits from nonblocking
[    2.261557] random 0000 0000 0000 37d49d89 e20417cc: debiting 32 entropy credits from nonblocking (unlimited)
[    2.261559] random 0000 0000 0000 37d49d89 e20417cc: extract_entropy account returned: 4 
[    2.261562] random 0000 0000 0000 37d49d89 e20417cc: urand_change_num 23 extract_buf: pool_sig 00000298, data_sig 00000092, bytes_mixed 20 37d49d89 e20417cc
[    2.261611] RANDOM - __random32 called. Change num 13.  Value: eba68b0e	1db9b963	cf3ec61b
[    2.261613] RANDOM - random32 called.  Value: eba68b0e	1db9b963	cf3ec61b
[    2.261662] NET: Registered protocol family 17
[    2.261687] Using IPI No-Shortcut mode
[    2.261693] random 0000 0000 0000 2ee4c4fc 167bdb15: rand_read_num 6 get_random_bytes(8): sig fffffcbf 2ee4c4fc 167bdb15
[    2.261695] random 0000 0000 0000 2ee4c4fc 167bdb15: extract_entropy(.. 8 ..)
[    2.261698] random 0000 0000 0000 2ee4c4fc 167bdb15: going to reseed nonblocking with 64 bits (64 of 0 requested)
[    2.261700] random 0000 0000 0000 2ee4c4fc 167bdb15: extract_entropy(.. 8 ..)
[    2.261702] random 0000 0000 0000 2ee4c4fc 167bdb15: trying to extract 64 bits from input
[    2.261704] random 0000 0000 0000 2ee4c4fc 167bdb15: debiting 0 entropy credits from input
[    2.261706] random 0000 0000 0000 2ee4c4fc 167bdb15: extract_entropy account returned: 0 
[    2.261709] random 0000 0000 0000 2ee4c4fc 167bdb15: urand_change_num 24 xfer_secondary_pool(8): pool_sig fffffcbf, data_sig 00000000, bytes_mixed 0 2ee4c4fc 167bdb15
[    2.261712] random 0000 0000 0000 2ee4c4fc 167bdb15: trying to extract 64 bits from nonblocking
[    2.261715] random 0000 0000 0000 2ee4c4fc 167bdb15: debiting 64 entropy credits from nonblocking (unlimited)
[    2.261717] random 0000 0000 0000 2ee4c4fc 167bdb15: extract_entropy account returned: 8 
[    2.261720] random 0000 0000 0000 2ee4c4fc 167bdb15: urand_change_num 25 extract_buf: pool_sig fffffcbf, data_sig ffffff83, bytes_mixed 20 2ee4c4fc 167bdb15
[    2.261763] PM: Resume from disk failed.
[    2.261771] registered taskstats version 1
[    2.261774] random 0000 0000 0000 2ee4c4fc 167bdb15: rand_read_num 7 get_random_bytes(12): sig fffffc69 2ee4c4fc 167bdb15
[    2.261777] random 0000 0000 0000 2ee4c4fc 167bdb15: extract_entropy(.. 12 ..)
[    2.261779] random 0000 0000 0000 2ee4c4fc 167bdb15: going to reseed nonblocking with 96 bits (96 of 0 requested)
[    2.261781] random 0000 0000 0000 2ee4c4fc 167bdb15: extract_entropy(.. 12 ..)
[    2.261783] random 0000 0000 0000 2ee4c4fc 167bdb15: trying to extract 96 bits from input
[    2.261785] random 0000 0000 0000 2ee4c4fc 167bdb15: debiting 0 entropy credits from input
[    2.261787] random 0000 0000 0000 2ee4c4fc 167bdb15: extract_entropy account returned: 0 
[    2.261790] random 0000 0000 0000 2ee4c4fc 167bdb15: urand_change_num 26 xfer_secondary_pool(12): pool_sig fffffc69, data_sig 00000000, bytes_mixed 0 2ee4c4fc 167bdb15
[    2.261793] random 0000 0000 0000 2ee4c4fc 167bdb15: trying to extract 96 bits from nonblocking
[    2.261795] random 0000 0000 0000 2ee4c4fc 167bdb15: debiting 96 entropy credits from nonblocking (unlimited)
[    2.261798] random 0000 0000 0000 2ee4c4fc 167bdb15: extract_entropy account returned: 12 
[    2.261801] random 0000 0000 0000 2ee4c4fc 167bdb15: urand_change_num 27 extract_buf: pool_sig fffffc69, data_sig ffffff7d, bytes_mixed 20 2ee4c4fc 167bdb15
[    2.261806] random 0000 0000 0000 83b7c1ab 94697f48: urand_change_num 28 extract_buf: pool_sig fffffe30, data_sig fffffdd6, bytes_mixed 20 83b7c1ab 94697f48
[    2.261808] RANDOM - __seed init called.
[    2.261810] RANDOM - __seed init called.
[    2.261811] RANDOM - __seed init called.
[    2.261813] RANDOM - __random32 called. Change num 14.  Value: fc007995	feca4f80	21b38ad2
[    2.261815] RANDOM - random32_reseed called.  Value: fc007995	feca4f80	21b38ad2
[    2.261817] Pid: 1, comm: swapper Not tainted 2.6.32.57 #4
[    2.261819] Call Trace:
[    2.261825]  [<c14a8a0e>] ? printk+0x1d/0x1f
[    2.261830]  [<c17537e5>] random32_reseed+0x89/0xbd
[    2.261833]  [<c1003042>] do_one_initcall+0x32/0x1a0
[    2.261836]  [<c175375c>] ? random32_reseed+0x0/0xbd
[    2.261839]  [<c17308e7>] kernel_init+0x12d/0x17a
[    2.261842]  [<c17307ba>] ? kernel_init+0x0/0x17a
[    2.261845]  [<c1009b07>] kernel_thread_helper+0x7/0x10
[    2.264421] input: AT Translated Set 2 keyboard as /devices/platform/i8042/serio0/input/input1
[    2.264699] random 0000 0000 0000 6db70b00 b30ce96b: rand_read_num 8 get_random_bytes(64): sig fffffb38 6db70b00 b30ce96b
[    2.264703] random 0000 0000 0000 6db70b00 b30ce96b: extract_entropy(.. 64 ..)
[    2.264706] random 0000 0000 0000 6db70b00 b30ce96b: going to reseed nonblocking with 512 bits (512 of 0 requested)
[    2.264709] random 0000 0000 0000 6db70b00 b30ce96b: extract_entropy(.. 64 ..)
[    2.264711] random 0000 0000 0000 6db70b00 b30ce96b: trying to extract 512 bits from input
[    2.264714] random 0000 0000 0000 6db70b00 b30ce96b: debiting 0 entropy credits from input
[    2.264716] random 0000 0000 0000 6db70b00 b30ce96b: extract_entropy account returned: 0 
[    2.264719] random 0000 0000 0000 6db70b00 b30ce96b: urand_change_num 29 xfer_secondary_pool(64): pool_sig fffffb38, data_sig 00000000, bytes_mixed 0 6db70b00 b30ce96b
[    2.264722] random 0000 0000 0000 6db70b00 b30ce96b: trying to extract 512 bits from nonblocking
[    2.264725] random 0000 0000 0000 6db70b00 b30ce96b: debiting 512 entropy credits from nonblocking (unlimited)
[    2.264727] random 0000 0000 0000 6db70b00 b30ce96b: extract_entropy account returned: 64 
[    2.264731] random 0000 0000 0000 6db70b00 b30ce96b: urand_change_num 30 extract_buf: pool_sig fffffb38, data_sig 00000151, bytes_mixed 20 6db70b00 b30ce96b
[    2.264735] random 0000 0000 0000 6db70b00 b30ce96b: urand_change_num 31 extract_buf: pool_sig fffffdb8, data_sig 00000379, bytes_mixed 20 6db70b00 b30ce96b
[    2.264740] random 0000 0000 0000 6b83001e d4b6c0d3: urand_change_num 32 extract_buf: pool_sig ffffffc9, data_sig 00000198, bytes_mixed 20 6b83001e d4b6c0d3
[    2.264744] random 0000 0000 0000 79d3e3c7 be564518: urand_change_num 33 extract_buf: pool_sig 000002b9, data_sig ffffff84, bytes_mixed 20 79d3e3c7 be564518
[    2.264749] random 0000 0000 0000 79d3e3c7 be564518: urand_change_num 34 extract_buf: pool_sig ffffff55, data_sig ffffff5a, bytes_mixed 20 79d3e3c7 be564518
[    2.264753] random 0000 0000 0000 89c03cb2 0d353228: urand_change_num 35 extract_buf: pool_sig 00000007, data_sig ffffff17, bytes_mixed 20 89c03cb2 0d353228
[    2.264758] random 0000 0000 0000 89c03cb2 0d353228: urand_change_num 36 extract_buf: pool_sig fffffdae, data_sig 000000db, bytes_mixed 20 89c03cb2 0d353228  Magic number: 13:809:953
[    2.264861] rtc_cmos 00:04: setting system clock to 2013-05-24 20:56:07 UTC (1369428967)
[    2.264864] BIOS EDD facility v0.16 2004-Jun-25, 0 devices found
[    2.264865] EDD information not available.
[    2.264892] random 0000 0000 0000 8ca62387 b120332c: rand_read_num 9 get_random_bytes(64): sig fffffed6 8ca62387 b120332c
[    2.264895] random 0000 0000 0000 8ca62387 b120332c: extract_entropy(.. 64 ..)
[    2.264897] random 0000 0000 0000 8ca62387 b120332c: going to reseed nonblocking with 512 bits (512 of 0 requested)
[    2.264899] random 0000 0000 0000 8ca62387 b120332c: extract_entropy(.. 64 ..)
[    2.264901] random 0000 0000 0000 8ca62387 b120332c: trying to extract 512 bits from input
[    2.264904] random 0000 0000 0000 8ca62387 b120332c: debiting 0 entropy credits from input
[    2.264906] random 0000 0000 0000 8ca62387 b120332c: extract_entropy account returned: 0 
[    2.264909] random 0000 0000 0000 8ca62387 b120332c: urand_change_num 37 xfer_secondary_pool(64): pool_sig fffffed6, data_sig 00000000, bytes_mixed 0 8ca62387 b120332c
[    2.264912] random 0000 0000 0000 8ca62387 b120332c: trying to extract 512 bits from nonblocking
[    2.264914] random 0000 0000 0000 8ca62387 b120332c: debiting 512 entropy credits from nonblocking (unlimited)
[    2.264916] random 0000 0000 0000 8ca62387 b120332c: extract_entropy account returned: 64 
[    2.264920] random 0000 0000 0000 8ca62387 b120332c: urand_change_num 38 extract_buf: pool_sig fffffed6, data_sig fffffeb6, bytes_mixed 20 8ca62387 b120332c
[    2.264924] random 0000 0000 0000 90702413 e2a66c2e: urand_change_num 39 extract_buf: pool_sig fffffbb0, data_sig 0000012e, bytes_mixed 20 90702413 e2a66c2e
[    2.264929] random 0000 0000 0000 90702413 e2a66c2e: urand_change_num 40 extract_buf: pool_sig fffffaf1, data_sig ffffff3c, bytes_mixed 20 90702413 e2a66c2e
[    2.264933] random 0000 0000 0000 3f58038b c77aecb6: urand_change_num 41 extract_buf: pool_sig 00000234, data_sig fffffdec, bytes_mixed 20 3f58038b c77aecb6
[    2.264937] random 0000 0000 0000 47187b9d 03f21510: urand_change_num 42 extract_buf: pool_sig 00000192, data_sig 00000075, bytes_mixed 20 47187b9d 03f21510
[    2.264942] random 0000 0000 0000 47187b9d 03f21510: urand_change_num 43 extract_buf: pool_sig 0000018e, data_sig ffffffbf, bytes_mixed 20 47187b9d 03f21510
[    2.264946] random 0000 0000 0000 3180b1fc 0fa9c973: urand_change_num 44 extract_buf: pool_sig fffffecf, data_sig ffffff2a, bytes_mixed 20 3180b1fc 0fa9c973
[    2.264949] BEGIN NET_SECRET:
[    2.264950] \xffffff87
[    2.264952] \xffffff8d
[    2.264953] \xfffffff4
[    2.264954] \xffffffae
[    2.264955] \xffffffc3
[    2.264956] \xffffffb7
[    2.264958] \x31
[    2.264959] \x65
[    2.264960] \xffffffda
[    2.264961] \xffffffa2
[    2.264962] \x31
[    2.264963] \xffffffc8
[    2.264964] \xffffffa9
[    2.264966] \x76
[    2.264967] \x76
[    2.264968] \xffffff90
[    2.264969] \x55
[    2.264970] \xfffffff3
[    2.264971] \xffffffb1
[    2.264973] \x3
[    2.264984] \xffffffb3
[    2.264985] \xffffffa7
[    2.264986] \x5a
[    2.264988] \x71
[    2.264989] \x70
[    2.264990] \xffffff8c
[    2.264991] \x56
[    2.264992] \x25
[    2.264993] \xffffffe1
[    2.264994] \x4c
[    2.264996] \xffffffe6
[    2.264997] \xffffff95
[    2.264998] \x67
[    2.264999] \x4c
[    2.265000] \xffffffb9
[    2.265001] \x1d
[    2.265002] \xe
[    2.265004] \x34
[    2.265005] \xffffffbe
[    2.265006] \x12
[    2.265007] \x5
[    2.265008] \xffffff98
[    2.265009] \xffffffa0
[    2.265010] \xf
[    2.265012] \xffffffb2
[    2.265013] \xffffffde
[    2.265014] \xffffff99
[    2.265015] \xf
[    2.265016] \xffffffe8
[    2.265017] \xffffffc8
[    2.265018] \x1f
[    2.265020] \x54
[    2.265021] \x2c
[    2.265022] \xffffffee
[    2.265023] \x2e
[    2.265024] \x0
[    2.265025] \xffffff95
[    2.265026] \x0
[    2.265028] \xffffffe3
[    2.265029] \xffffffa7
[    2.265030] \xfffffffd
[    2.265031] \x66
[    2.265032] \xffffff92
[    2.265033] \xfffffff0
[    2.265034] 
[    2.265035] END NET_SECRET
[    2.265038] random 0000 0000 0000 3180b1fc 0fa9c973: rand_read_num 10 get_random_bytes(4): sig ffffff46 3180b1fc 0fa9c973
[    2.265041] random 0000 0000 0000 3180b1fc 0fa9c973: extract_entropy(.. 4 ..)
[    2.265043] random 0000 0000 0000 3180b1fc 0fa9c973: going to reseed nonblocking with 64 bits (32 of 0 requested)
[    2.265045] random 0000 0000 0000 3180b1fc 0fa9c973: extract_entropy(.. 8 ..)
[    2.265048] random 0000 0000 0000 3180b1fc 0fa9c973: trying to extract 64 bits from input
[    2.265050] random 0000 0000 0000 3180b1fc 0fa9c973: debiting 0 entropy credits from input
[    2.265052] random 0000 0000 0000 3180b1fc 0fa9c973: extract_entropy account returned: 0 
[    2.265055] random 0000 0000 0000 3180b1fc 0fa9c973: urand_change_num 45 xfer_secondary_pool(4): pool_sig ffffff46, data_sig 00000000, bytes_mixed 0 3180b1fc 0fa9c973
[    2.265058] random 0000 0000 0000 3180b1fc 0fa9c973: trying to extract 32 bits from nonblocking
[    2.265060] random 0000 0000 0000 3180b1fc 0fa9c973: debiting 32 entropy credits from nonblocking (unlimited)
[    2.265062] random 0000 0000 0000 3180b1fc 0fa9c973: extract_entropy account returned: 4 
[    2.265065] random 0000 0000 0000 3180b1fc 0fa9c973: urand_change_num 46 extract_buf: pool_sig ffffff46, data_sig 0000001b, bytes_mixed 20 3180b1fc 0fa9c973
[    2.438394] ata2.00: ATAPI: VMware Virtual IDE CDROM Drive, 00000001, max UDMA/33
[    2.438707] ata2.00: configured for UDMA/33
[    2.439207] scsi 1:0:0:0: CD-ROM            NECVMWar VMware IDE CDR10 1.00 PQ: 0 ANSI: 5
[    2.440456] sr0: scsi3-mmc drive: 306x/306x cd/rw xa/form2 cdda tray
[    2.440459] Uniform CD-ROM driver Revision: 3.20
[    2.440508] sr 1:0:0:0: Attached scsi CD-ROM sr0
[    2.440557] sr 1:0:0:0: Attached scsi generic sg0 type 5
[    2.440596] Freeing unused kernel memory: 652k freed
[    2.440645] Write protecting the kernel text: 4840k
[    2.440677] Write protecting the kernel read-only data: 1968k
[    2.440765] random 0000 0000 0000 38974d2b 1d8d6de0: rand_read_num 11 get_random_bytes(16): sig 000001c6 38974d2b 1d8d6de0
