[    0.000000] random 0000 0000 0000 00000000 00000000: rand_read_num 1 get_random_bytes(8): sig 00000000 00000000 00000000
[    0.000000] random 0000 0000 0000 00000000 00000000: extract_entropy(.. 8 ..)
[    0.000000] random 0000 0000 0000 00000000 00000000: going to reseed nonblocking with 64 bits (64 of 0 requested)
[    0.000000] random 0000 0000 0000 00000000 00000000: extract_entropy(.. 8 ..)
[    0.000000] random 0000 0000 0000 00000000 00000000: trying to extract 64 bits from input
[    0.000000] random 0000 0000 0000 00000000 00000000: debiting 0 entropy credits from input
[    0.000000] random 0000 0000 0000 00000000 00000000: extract_entropy account returned: 0 
[    0.000000] random 0000 0000 0000 00000000 00000000: urand_change_num 1 xfer_secondary_pool(8): pool_sig 00000000, data_sig 00000000, bytes_mixed 0 00000000 00000000
[    0.000000] random 0000 0000 0000 00000000 00000000: trying to extract 64 bits from nonblocking
[    0.000000] random 0000 0000 0000 00000000 00000000: debiting 64 entropy credits from nonblocking (unlimited)
[    0.000000] random 0000 0000 0000 00000000 00000000: extract_entropy account returned: 8 
[    0.000000] random 0000 0000 0000 00000000 00000000: urand_change_num 2 extract_buf: pool_sig 00000000, data_sig fffffff9, bytes_mixed 20 00000000 00000000
[    0.000000] Initializing cgroup subsys cpuset
[    0.000000] Initializing cgroup subsys cpu
[    0.000000] Linux version 2.6.32.57 (dcashman@ubuntu) (gcc version 4.6.3 (Ubuntu/Linaro 4.6.3-1ubuntu5) ) #4 SMP Fri May 24 11:09:26 PDT 2013
[    0.000000] KERNEL supported cpus:
[    0.000000]   Intel GenuineIntel
[    0.000000]   AMD AuthenticAMD
[    0.000000]   NSC Geode by NSC
[    0.000000]   Cyrix CyrixInstead
[    0.000000]   Centaur CentaurHauls
[    0.000000]   Transmeta GenuineTMx86
[    0.000000]   Transmeta TransmetaCPU
[    0.000000]   UMC UMC UMC UMC
[    0.000000] BIOS-provided physical RAM map:
[    0.000000]  BIOS-e820: 0000000000000000 - 000000000009f000 (usable)
[    0.000000]  BIOS-e820: 000000000009f000 - 00000000000a0000 (reserved)
[    0.000000]  BIOS-e820: 00000000000ca000 - 00000000000cc000 (reserved)
[    0.000000]  BIOS-e820: 00000000000dc000 - 0000000000100000 (reserved)
[    0.000000]  BIOS-e820: 0000000000100000 - 000000003fee0000 (usable)
[    0.000000]  BIOS-e820: 000000003fee0000 - 000000003feff000 (ACPI data)
[    0.000000]  BIOS-e820: 000000003feff000 - 000000003ff00000 (ACPI NVS)
[    0.000000]  BIOS-e820: 000000003ff00000 - 0000000040000000 (usable)
[    0.000000]  BIOS-e820: 00000000e0000000 - 00000000f0000000 (reserved)
[    0.000000]  BIOS-e820: 00000000fec00000 - 00000000fec10000 (reserved)
[    0.000000]  BIOS-e820: 00000000fee00000 - 00000000fee01000 (reserved)
[    0.000000]  BIOS-e820: 00000000fffe0000 - 0000000100000000 (reserved)
[    0.000000] DMI present.
[    0.000000] Phoenix BIOS detected: BIOS may corrupt low RAM, working around it.
[    0.000000] e820 update range: 0000000000000000 - 0000000000010000 (usable) ==> (reserved)
[    0.000000] last_pfn = 0x40000 max_arch_pfn = 0x1000000
[    0.000000] MTRR default type: uncachable
[    0.000000] MTRR fixed ranges enabled:
[    0.000000]   00000-9FFFF write-back
[    0.000000]   A0000-BFFFF uncachable
[    0.000000]   C0000-CBFFF write-protect
[    0.000000]   CC000-EFFFF uncachable
[    0.000000]   F0000-FFFFF write-protect
[    0.000000] MTRR variable ranges enabled:
[    0.000000]   0 base 0000000000 mask FFC0000000 write-back
[    0.000000]   1 disabled
[    0.000000]   2 disabled
[    0.000000]   3 disabled
[    0.000000]   4 disabled
[    0.000000]   5 disabled
[    0.000000]   6 disabled
[    0.000000]   7 disabled
[    0.000000] x86 PAT enabled: cpu 0, old 0x0, new 0x7010600070106
[    0.000000] Scanning 0 areas for low memory corruption
[    0.000000] modified physical RAM map:
[    0.000000]  modified: 0000000000000000 - 0000000000010000 (reserved)
[    0.000000]  modified: 0000000000010000 - 000000000009f000 (usable)
[    0.000000]  modified: 000000000009f000 - 00000000000a0000 (reserved)
[    0.000000]  modified: 00000000000ca000 - 00000000000cc000 (reserved)
[    0.000000]  modified: 00000000000dc000 - 0000000000100000 (reserved)
[    0.000000]  modified: 0000000000100000 - 000000003fee0000 (usable)
[    0.000000]  modified: 000000003fee0000 - 000000003feff000 (ACPI data)
[    0.000000]  modified: 000000003feff000 - 000000003ff00000 (ACPI NVS)
[    0.000000]  modified: 000000003ff00000 - 0000000040000000 (usable)
[    0.000000]  modified: 00000000e0000000 - 00000000f0000000 (reserved)
[    0.000000]  modified: 00000000fec00000 - 00000000fec10000 (reserved)
[    0.000000]  modified: 00000000fee00000 - 00000000fee01000 (reserved)
[    0.000000]  modified: 00000000fffe0000 - 0000000100000000 (reserved)
[    0.000000] initial memory mapped : 0 - 01e00000
[    0.000000] init_memory_mapping: 0000000000000000-00000000379fe000
[    0.000000] NX (Execute Disable) protection: active
[    0.000000]  0000000000 - 0000200000 page 4k
[    0.000000]  0000200000 - 0037800000 page 2M
[    0.000000]  0037800000 - 00379fe000 page 4k
[    0.000000] kernel direct mapping tables up to 379fe000 @ 10000-16000
[    0.000000] RAMDISK: 2dcfc000 - 32e758c3
[    0.000000] ACPI: RSDP 000f6b80 00024 (v02 PTLTD )
[    0.000000] ACPI: XSDT 3feed636 0005C (v01 INTEL  440BX    06040000 VMW  01324272)
[    0.000000] ACPI: FACP 3fefee98 000F4 (v04 INTEL  440BX    06040000 PTL  000F4240)
[    0.000000] ACPI: DSDT 3feee366 10B32 (v01 PTLTD  Custom   06040000 MSFT 03000001)
[    0.000000] ACPI: FACS 3fefffc0 00040
[    0.000000] ACPI: BOOT 3feee33e 00028 (v01 PTLTD  $SBFTBL$ 06040000  LTP 00000001)
[    0.000000] ACPI: APIC 3feedc3e 003C2 (v01 PTLTD  ? APIC   06040000  LTP 00000000)
[    0.000000] ACPI: MCFG 3feedc02 0003C (v01 PTLTD  $PCITBL$ 06040000  LTP 00000001)
[    0.000000] ACPI: SRAT 3feed732 004D0 (v02 VMWARE MEMPLUG  06040000 VMW  00000001)
[    0.000000] ACPI: HPET 3feed6fa 00038 (v01 VMWARE VMW HPET 06040000 VMW  00000001)
[    0.000000] ACPI: WAET 3feed6d2 00028 (v01 VMWARE VMW WAET 06040000 VMW  00000001)
[    0.000000] ACPI: Local APIC address 0xfee00000
[    0.000000] 134MB HIGHMEM available.
[    0.000000] 889MB LOWMEM available.
[    0.000000]   mapped low ram: 0 - 379fe000
[    0.000000]   low ram: 0 - 379fe000
[    0.000000]   node 0 low ram: 00000000 - 379fe000
[    0.000000]   node 0 bootmap 00012000 - 00018f40
[    0.000000] (9 early reservations) ==> bootmem [0000000000 - 00379fe000]
[    0.000000]   #0 [0000000000 - 0000001000]   BIOS data page ==> [0000000000 - 0000001000]
[    0.000000]   #1 [0000001000 - 0000002000]    EX TRAMPOLINE ==> [0000001000 - 0000002000]
[    0.000000]   #2 [0000006000 - 0000007000]       TRAMPOLINE ==> [0000006000 - 0000007000]
[    0.000000]   #3 [0001000000 - 0001a75ff8]    TEXT DATA BSS ==> [0001000000 - 0001a75ff8]
[    0.000000]   #4 [002dcfc000 - 0032e758c3]          RAMDISK ==> [002dcfc000 - 0032e758c3]
[    0.000000]   #5 [000009f000 - 0000100000]    BIOS reserved ==> [000009f000 - 0000100000]
[    0.000000]   #6 [0001a76000 - 0001a851c0]              BRK ==> [0001a76000 - 0001a851c0]
[    0.000000]   #7 [0000010000 - 0000012000]          PGTABLE ==> [0000010000 - 0000012000]
[    0.000000]   #8 [0000012000 - 0000019000]          BOOTMAP ==> [0000012000 - 0000019000]
[    0.000000] found SMP MP-table at [c00f6bf0] f6bf0
[    0.000000] Zone PFN ranges:
[    0.000000]   DMA      0x00000010 -> 0x00001000
[    0.000000]   Normal   0x00001000 -> 0x000379fe
[    0.000000]   HighMem  0x000379fe -> 0x00040000
[    0.000000] Movable zone start PFN for each node
[    0.000000] early_node_map[3] active PFN ranges
[    0.000000]     0: 0x00000010 -> 0x0000009f
[    0.000000]     0: 0x00000100 -> 0x0003fee0
[    0.000000]     0: 0x0003ff00 -> 0x00040000
[    0.000000] On node 0 totalpages: 261999
[    0.000000] free_area_init_node: node 0, pgdat c1715200, node_mem_map c1a87200
[    0.000000]   DMA zone: 32 pages used for memmap
[    0.000000]   DMA zone: 0 pages reserved
[    0.000000]   DMA zone: 3951 pages, LIFO batch:0
[    0.000000]   Normal zone: 1748 pages used for memmap
[    0.000000]   Normal zone: 221994 pages, LIFO batch:31
[    0.000000]   HighMem zone: 269 pages used for memmap
[    0.000000]   HighMem zone: 34005 pages, LIFO batch:7
[    0.000000] Using APIC driver default
[    0.000000] ACPI: PM-Timer IO Port: 0x1008
[    0.000000] ACPI: Local APIC address 0xfee00000
[    0.000000] ACPI: LAPIC (acpi_id[0x00] lapic_id[0x00] enabled)
[    0.000000] ACPI: LAPIC (acpi_id[0x01] lapic_id[0x02] disabled)
[    0.000000] ACPI: LAPIC (acpi_id[0x02] lapic_id[0x04] disabled)
[    0.000000] ACPI: LAPIC (acpi_id[0x03] lapic_id[0x06] disabled)
[    0.000000] ACPI: LAPIC (acpi_id[0x04] lapic_id[0x08] disabled)
[    0.000000] ACPI: LAPIC (acpi_id[0x05] lapic_id[0x0a] disabled)
[    0.000000] ACPI: LAPIC (acpi_id[0x06] lapic_id[0x0c] disabled)
[    0.000000] ACPI: LAPIC (acpi_id[0x07] lapic_id[0x0e] disabled)
[    0.000000] ACPI: LAPIC (acpi_id[0x08] lapic_id[0x10] disabled)
[    0.000000] ACPI: LAPIC (acpi_id[0x09] lapic_id[0x12] disabled)
[    0.000000] ACPI: LAPIC (acpi_id[0x0a] lapic_id[0x14] disabled)
[    0.000000] ACPI: LAPIC (acpi_id[0x0b] lapic_id[0x16] disabled)
[    0.000000] ACPI: LAPIC (acpi_id[0x0c] lapic_id[0x18] disabled)
[    0.000000] ACPI: LAPIC (acpi_id[0x0d] lapic_id[0x1a] disabled)
[    0.000000] ACPI: LAPIC (acpi_id[0x0e] lapic_id[0x1c] disabled)
[    0.000000] ACPI: LAPIC (acpi_id[0x0f] lapic_id[0x1e] disabled)
[    0.000000] ACPI: LAPIC (acpi_id[0x10] lapic_id[0x20] disabled)
[    0.000000] ACPI: LAPIC (acpi_id[0x11] lapic_id[0x22] disabled)
[    0.000000] ACPI: LAPIC (acpi_id[0x12] lapic_id[0x24] disabled)
[    0.000000] ACPI: LAPIC (acpi_id[0x13] lapic_id[0x26] disabled)
[    0.000000] ACPI: LAPIC (acpi_id[0x14] lapic_id[0x28] disabled)
[    0.000000] ACPI: LAPIC (acpi_id[0x15] lapic_id[0x2a] disabled)
[    0.000000] ACPI: LAPIC (acpi_id[0x16] lapic_id[0x2c] disabled)
[    0.000000] ACPI: LAPIC (acpi_id[0x17] lapic_id[0x2e] disabled)
[    0.000000] ACPI: LAPIC (acpi_id[0x18] lapic_id[0x30] disabled)
[    0.000000] ACPI: LAPIC (acpi_id[0x19] lapic_id[0x32] disabled)
[    0.000000] ACPI: LAPIC (acpi_id[0x1a] lapic_id[0x34] disabled)
[    0.000000] ACPI: LAPIC (acpi_id[0x1b] lapic_id[0x36] disabled)
[    0.000000] ACPI: LAPIC (acpi_id[0x1c] lapic_id[0x38] disabled)
[    0.000000] ACPI: LAPIC (acpi_id[0x1d] lapic_id[0x3a] disabled)
[    0.000000] ACPI: LAPIC (acpi_id[0x1e] lapic_id[0x3c] disabled)
[    0.000000] ACPI: LAPIC (acpi_id[0x1f] lapic_id[0x3e] disabled)
[    0.000000] ACPI: LAPIC (acpi_id[0x20] lapic_id[0x40] disabled)
[    0.000000] ACPI: LAPIC (acpi_id[0x21] lapic_id[0x42] disabled)
[    0.000000] ACPI: LAPIC (acpi_id[0x22] lapic_id[0x44] disabled)
[    0.000000] ACPI: LAPIC (acpi_id[0x23] lapic_id[0x46] disabled)
[    0.000000] ACPI: LAPIC (acpi_id[0x24] lapic_id[0x48] disabled)
[    0.000000] ACPI: LAPIC (acpi_id[0x25] lapic_id[0x4a] disabled)
[    0.000000] ACPI: LAPIC (acpi_id[0x26] lapic_id[0x4c] disabled)
[    0.000000] ACPI: LAPIC (acpi_id[0x27] lapic_id[0x4e] disabled)
[    0.000000] ACPI: LAPIC (acpi_id[0x28] lapic_id[0x50] disabled)
[    0.000000] ACPI: LAPIC (acpi_id[0x29] lapic_id[0x52] disabled)
[    0.000000] ACPI: LAPIC (acpi_id[0x2a] lapic_id[0x54] disabled)
[    0.000000] ACPI: LAPIC (acpi_id[0x2b] lapic_id[0x56] disabled)
[    0.000000] ACPI: LAPIC (acpi_id[0x2c] lapic_id[0x58] disabled)
[    0.000000] ACPI: LAPIC (acpi_id[0x2d] lapic_id[0x5a] disabled)
[    0.000000] ACPI: LAPIC (acpi_id[0x2e] lapic_id[0x5c] disabled)
[    0.000000] ACPI: LAPIC (acpi_id[0x2f] lapic_id[0x5e] disabled)
[    0.000000] ACPI: LAPIC (acpi_id[0x30] lapic_id[0x60] disabled)
[    0.000000] ACPI: LAPIC (acpi_id[0x31] lapic_id[0x62] disabled)
[    0.000000] ACPI: LAPIC (acpi_id[0x32] lapic_id[0x64] disabled)
[    0.000000] ACPI: LAPIC (acpi_id[0x33] lapic_id[0x66] disabled)
[    0.000000] ACPI: LAPIC (acpi_id[0x34] lapic_id[0x68] disabled)
[    0.000000] ACPI: LAPIC (acpi_id[0x35] lapic_id[0x6a] disabled)
[    0.000000] ACPI: LAPIC (acpi_id[0x36] lapic_id[0x6c] disabled)
[    0.000000] ACPI: LAPIC (acpi_id[0x37] lapic_id[0x6e] disabled)
[    0.000000] ACPI: LAPIC (acpi_id[0x38] lapic_id[0x70] disabled)
[    0.000000] ACPI: LAPIC (acpi_id[0x39] lapic_id[0x72] disabled)
[    0.000000] ACPI: LAPIC (acpi_id[0x3a] lapic_id[0x74] disabled)
[    0.000000] ACPI: LAPIC (acpi_id[0x3b] lapic_id[0x76] disabled)
[    0.000000] ACPI: LAPIC (acpi_id[0x3c] lapic_id[0x78] disabled)
[    0.000000] ACPI: LAPIC (acpi_id[0x3d] lapic_id[0x7a] disabled)
[    0.000000] ACPI: LAPIC (acpi_id[0x3e] lapic_id[0x7c] disabled)
[    0.000000] ACPI: LAPIC (acpi_id[0x3f] lapic_id[0x7e] disabled)
[    0.000000] ACPI: LAPIC_NMI (acpi_id[0x00] high edge lint[0x1])
[    0.000000] ACPI: LAPIC_NMI (acpi_id[0x01] high edge lint[0x1])
[    0.000000] ACPI: LAPIC_NMI (acpi_id[0x02] high edge lint[0x1])
[    0.000000] ACPI: LAPIC_NMI (acpi_id[0x03] high edge lint[0x1])
[    0.000000] ACPI: LAPIC_NMI (acpi_id[0x04] high edge lint[0x1])
[    0.000000] ACPI: LAPIC_NMI (acpi_id[0x05] high edge lint[0x1])
[    0.000000] ACPI: LAPIC_NMI (acpi_id[0x06] high edge lint[0x1])
[    0.000000] ACPI: LAPIC_NMI (acpi_id[0x07] high edge lint[0x1])
[    0.000000] ACPI: LAPIC_NMI (acpi_id[0x08] high edge lint[0x1])
[    0.000000] ACPI: LAPIC_NMI (acpi_id[0x09] high edge lint[0x1])
[    0.000000] ACPI: LAPIC_NMI (acpi_id[0x0a] high edge lint[0x1])
[    0.000000] ACPI: LAPIC_NMI (acpi_id[0x0b] high edge lint[0x1])
[    0.000000] ACPI: LAPIC_NMI (acpi_id[0x0c] high edge lint[0x1])
[    0.000000] ACPI: LAPIC_NMI (acpi_id[0x0d] high edge lint[0x1])
[    0.000000] ACPI: LAPIC_NMI (acpi_id[0x0e] high edge lint[0x1])
[    0.000000] ACPI: LAPIC_NMI (acpi_id[0x0f] high edge lint[0x1])
[    0.000000] ACPI: LAPIC_NMI (acpi_id[0x10] high edge lint[0x1])
[    0.000000] ACPI: LAPIC_NMI (acpi_id[0x11] high edge lint[0x1])
[    0.000000] ACPI: LAPIC_NMI (acpi_id[0x12] high edge lint[0x1])
[    0.000000] ACPI: LAPIC_NMI (acpi_id[0x13] high edge lint[0x1])
[    0.000000] ACPI: LAPIC_NMI (acpi_id[0x14] high edge lint[0x1])
[    0.000000] ACPI: LAPIC_NMI (acpi_id[0x15] high edge lint[0x1])
[    0.000000] ACPI: LAPIC_NMI (acpi_id[0x16] high edge lint[0x1])
[    0.000000] ACPI: LAPIC_NMI (acpi_id[0x17] high edge lint[0x1])
[    0.000000] ACPI: LAPIC_NMI (acpi_id[0x18] high edge lint[0x1])
[    0.000000] ACPI: LAPIC_NMI (acpi_id[0x19] high edge lint[0x1])
[    0.000000] ACPI: LAPIC_NMI (acpi_id[0x1a] high edge lint[0x1])
[    0.000000] ACPI: LAPIC_NMI (acpi_id[0x1b] high edge lint[0x1])
[    0.000000] ACPI: LAPIC_NMI (acpi_id[0x1c] high edge lint[0x1])
[    0.000000] ACPI: LAPIC_NMI (acpi_id[0x1d] high edge lint[0x1])
[    0.000000] ACPI: LAPIC_NMI (acpi_id[0x1e] high edge lint[0x1])
[    0.000000] ACPI: LAPIC_NMI (acpi_id[0x1f] high edge lint[0x1])
[    0.000000] ACPI: LAPIC_NMI (acpi_id[0x20] high edge lint[0x1])
[    0.000000] ACPI: LAPIC_NMI (acpi_id[0x21] high edge lint[0x1])
[    0.000000] ACPI: LAPIC_NMI (acpi_id[0x22] high edge lint[0x1])
[    0.000000] ACPI: LAPIC_NMI (acpi_id[0x23] high edge lint[0x1])
[    0.000000] ACPI: LAPIC_NMI (acpi_id[0x24] high edge lint[0x1])
[    0.000000] ACPI: LAPIC_NMI (acpi_id[0x25] high edge lint[0x1])
[    0.000000] ACPI: LAPIC_NMI (acpi_id[0x26] high edge lint[0x1])
[    0.000000] ACPI: LAPIC_NMI (acpi_id[0x27] high edge lint[0x1])
[    0.000000] ACPI: LAPIC_NMI (acpi_id[0x28] high edge lint[0x1])
[    0.000000] ACPI: LAPIC_NMI (acpi_id[0x29] high edge lint[0x1])
[    0.000000] ACPI: LAPIC_NMI (acpi_id[0x2a] high edge lint[0x1])
[    0.000000] ACPI: LAPIC_NMI (acpi_id[0x2b] high edge lint[0x1])
[    0.000000] ACPI: LAPIC_NMI (acpi_id[0x2c] high edge lint[0x1])
[    0.000000] ACPI: LAPIC_NMI (acpi_id[0x2d] high edge lint[0x1])
[    0.000000] ACPI: LAPIC_NMI (acpi_id[0x2e] high edge lint[0x1])
[    0.000000] ACPI: LAPIC_NMI (acpi_id[0x2f] high edge lint[0x1])
[    0.000000] ACPI: LAPIC_NMI (acpi_id[0x30] high edge lint[0x1])
[    0.000000] ACPI: LAPIC_NMI (acpi_id[0x31] high edge lint[0x1])
[    0.000000] ACPI: LAPIC_NMI (acpi_id[0x32] high edge lint[0x1])
[    0.000000] ACPI: LAPIC_NMI (acpi_id[0x33] high edge lint[0x1])
[    0.000000] ACPI: LAPIC_NMI (acpi_id[0x34] high edge lint[0x1])
[    0.000000] ACPI: LAPIC_NMI (acpi_id[0x35] high edge lint[0x1])
[    0.000000] ACPI: LAPIC_NMI (acpi_id[0x36] high edge lint[0x1])
[    0.000000] ACPI: LAPIC_NMI (acpi_id[0x37] high edge lint[0x1])
[    0.000000] ACPI: LAPIC_NMI (acpi_id[0x38] high edge lint[0x1])
[    0.000000] ACPI: LAPIC_NMI (acpi_id[0x39] high edge lint[0x1])
[    0.000000] ACPI: LAPIC_NMI (acpi_id[0x3a] high edge lint[0x1])
[    0.000000] ACPI: LAPIC_NMI (acpi_id[0x3b] high edge lint[0x1])
[    0.000000] ACPI: LAPIC_NMI (acpi_id[0x3c] high edge lint[0x1])
[    0.000000] ACPI: LAPIC_NMI (acpi_id[0x3d] high edge lint[0x1])
[    0.000000] ACPI: LAPIC_NMI (acpi_id[0x3e] high edge lint[0x1])
[    0.000000] ACPI: LAPIC_NMI (acpi_id[0x3f] high edge lint[0x1])
[    0.000000] ACPI: Skipping IOAPIC probe due to 'noapic' option.
[    0.000000] Using ACPI for processor (LAPIC) configuration information
[    0.000000] ACPI: HPET id: 0x8086af01 base: 0xfed00000
[    0.000000] Intel MultiProcessor Specification v1.4
[    0.000000]     Virtual Wire compatibility mode.
[    0.000000] MPTABLE: OEM ID: INTEL   
[    0.000000] MPTABLE: Product ID: 440BX       
[    0.000000] MPTABLE: APIC at: 0xFEE00000
[    0.000000] I/O APIC #1 Version 17 at 0xFEC00000.
[    0.000000] Processors: 1
[    0.000000] 64 Processors exceeds NR_CPUS limit of 8
[    0.000000] SMP: Allowing 8 CPUs, 7 hotplug CPUs
[    0.000000] nr_irqs_gsi: 24
[    0.000000] PM: Registered nosave memory: 000000000009f000 - 00000000000a0000
[    0.000000] PM: Registered nosave memory: 00000000000a0000 - 00000000000ca000
[    0.000000] PM: Registered nosave memory: 00000000000ca000 - 00000000000cc000
[    0.000000] PM: Registered nosave memory: 00000000000cc000 - 00000000000dc000
[    0.000000] PM: Registered nosave memory: 00000000000dc000 - 0000000000100000
[    0.000000] Allocating PCI resources starting at 40000000 (gap: 40000000:a0000000)
[    0.000000] Booting paravirtualized kernel on bare hardware
[    0.000000] NR_CPUS:8 nr_cpumask_bits:8 nr_cpu_ids:8 nr_node_ids:1
[    0.000000] PERCPU: Embedded 15 pages/cpu @c2400000 s39320 r0 d22120 u262144
[    0.000000] pcpu-alloc: s39320 r0 d22120 u262144 alloc=1*2097152
[    0.000000] pcpu-alloc: [0] 0 1 2 3 4 5 6 7 
[    0.000000] Built 1 zonelists in Zone order, mobility grouping on.  Total pages: 259950
[    0.000000] Kernel command line: BOOT_IMAGE=/boot/vmlinuz-2.6.32.57 root=UUID=007b598c-390d-4c65-84a1-4ff752d48633 ro quiet splash maxcpus=0
[    0.000000] PID hash table entries: 4096 (order: 2, 16384 bytes)
[    0.000000] Dentry cache hash table entries: 131072 (order: 7, 524288 bytes)
[    0.000000] Inode-cache hash table entries: 65536 (order: 6, 262144 bytes)
[    0.000000] Enabling fast FPU save and restore... done.
[    0.000000] Enabling unmasked SIMD FPU exception support... done.
[    0.000000] Initializing CPU#0
[    0.000000] xsave/xrstor: enabled xstate_bv 0x7, cntxt size 0x340
[    0.000000] allocated 5242560 bytes of page_cgroup
[    0.000000] please try 'cgroup_disable=memory' option if you don't want memory cgroups
[    0.000000] Initializing HighMem for node 0 (000379fe:00040000)
[    0.000000] Memory: 938260k/1048576k available (4839k kernel code, 108848k reserved, 2518k data, 652k init, 137096k highmem)
[    0.000000] virtual kernel memory layout:
[    0.000000]     fixmap  : 0xfff1e000 - 0xfffff000   ( 900 kB)
[    0.000000]     pkmap   : 0xffa00000 - 0xffc00000   (2048 kB)
[    0.000000]     vmalloc : 0xf81fe000 - 0xff9fe000   ( 120 MB)
[    0.000000]     lowmem  : 0xc0000000 - 0xf79fe000   ( 889 MB)
[    0.000000]       .init : 0xc1730000 - 0xc17d3000   ( 652 kB)
[    0.000000]       .data : 0xc14b9cce - 0xc172f764   (2518 kB)
[    0.000000]       .text : 0xc1000000 - 0xc14b9cce   (4839 kB)
[    0.000000] Checking if this processor honours the WP bit even in supervisor mode...Ok.
[    0.000000] SLUB: Genslabs=13, HWalign=64, Order=0-3, MinObjects=0, CPUs=8, Nodes=1
[    0.000000] Hierarchical RCU implementation.
[    0.000000] NR_IRQS:2304 nr_irqs:472
[    0.000000] Extended CMOS year: 2000
[    0.000000] Console: colour VGA+ 80x25
[    0.000000] console [tty0] enabled
[    0.000000] hpet clockevent registered
[    0.000000] TSC freq read from hypervisor : 2394.620 MHz
[    0.000000] Detected 2394.620 MHz processor.
[    0.000003] Calibrating delay loop (skipped) preset value.. 4789.24 BogoMIPS (lpj=9578480)
[    0.000012] Security Framework initialized
[    0.000015] SELinux:  Disabled at boot.
[    0.000019] Mount-cache hash table entries: 512
[    0.000116] Initializing cgroup subsys cpuacct
[    0.000120] Initializing cgroup subsys memory
[    0.000123] Initializing cgroup subsys devices
[    0.000124] Initializing cgroup subsys freezer
[    0.000150] CPU: Physical Processor ID: 0
[    0.000157] CPU: L1 I cache: 32K, L1 D cache: 32K
[    0.000158] CPU: L2 cache: 256K
[    0.000159] CPU: L3 cache: 4096K
[    0.000164] mce: CPU supports 0 MCE banks
[    0.000175] Performance Events: no PMU driver, software events only.
[    0.000185] Checking 'hlt' instruction... OK.
[    0.018746] SMP alternatives: switching to UP code
[    0.033782] ACPI: Core revision 20090903
[    0.040396] ACPI: setting ELCR to 0200 (from 0e20)
[    0.042013] ftrace: converting mcount calls to 0f 1f 44 00 00
[    0.042018] ftrace: allocating 22631 entries in 45 pages
[    0.059485] CANARY value: 21b514bc for PID: 1
[    0.059560] Not enabling x2apic, Intr-remapping init failed.
[    0.059562] Enabling APIC mode:  Flat.  Using 1 I/O APICs
[    0.059571] SMP mode deactivated.
[    0.059597] SMP disabled
[    0.059658] Brought up 1 CPUs
[    0.059659] Total of 1 processors activated (4789.24 BogoMIPS).
[    0.059664] CPU0 attaching NULL sched-domain.
[    0.059736] devtmpfs: initialized
[    0.059848] sysctl table check failed: /kernel/random/now_input .1.40.7 Unknown sysctl binary path
[    0.060106] Pid: 1, comm: swapper Not tainted 2.6.32.57 #4
[    0.060107] Call Trace:
[    0.060112]  [<c14a8a0e>] ? printk+0x1d/0x1f
[    0.060116]  [<c107b56f>] set_fail+0x4f/0x60
[    0.060118]  [<c107b8b3>] sysctl_check_table+0x333/0x620
[    0.060120]  [<c107b8cc>] sysctl_check_table+0x34c/0x620
[    0.060121]  [<c107b8cc>] sysctl_check_table+0x34c/0x620
[    0.060125]  [<c1746d48>] sysctl_init+0x25/0x29
[    0.060127]  [<c1003042>] do_one_initcall+0x32/0x1a0
[    0.060130]  [<c1746d23>] ? sysctl_init+0x0/0x29
[    0.060132]  [<c17308e7>] kernel_init+0x12d/0x17a
[    0.060134]  [<c17307ba>] ? kernel_init+0x0/0x17a
[    0.060136]  [<c1009b07>] kernel_thread_helper+0x7/0x10
[    0.060138] sysctl table check failed: /kernel/random/now_blocking .1.40.8 Unknown sysctl binary path
[    0.060403] Pid: 1, comm: swapper Not tainted 2.6.32.57 #4
[    0.060404] Call Trace:
[    0.060405]  [<c14a8a0e>] ? printk+0x1d/0x1f
[    0.060407]  [<c107b56f>] set_fail+0x4f/0x60
[    0.060409]  [<c107b8b3>] sysctl_check_table+0x333/0x620
[    0.060411]  [<c107b8cc>] sysctl_check_table+0x34c/0x620
[    0.060412]  [<c107b8cc>] sysctl_check_table+0x34c/0x620
[    0.060415]  [<c1746d48>] sysctl_init+0x25/0x29
[    0.060416]  [<c1003042>] do_one_initcall+0x32/0x1a0
[    0.060419]  [<c1746d23>] ? sysctl_init+0x0/0x29
[    0.060420]  [<c17308e7>] kernel_init+0x12d/0x17a
[    0.060422]  [<c17307ba>] ? kernel_init+0x0/0x17a
[    0.060424]  [<c1009b07>] kernel_thread_helper+0x7/0x10
[    0.060425] sysctl table check failed: /kernel/random/now_nonblocking .1.40.9 Unknown sysctl binary path
[    0.060672] Pid: 1, comm: swapper Not tainted 2.6.32.57 #4
[    0.060673] Call Trace:
[    0.060675]  [<c14a8a0e>] ? printk+0x1d/0x1f
[    0.060676]  [<c107b56f>] set_fail+0x4f/0x60
[    0.060678]  [<c107b8b3>] sysctl_check_table+0x333/0x620
[    0.060680]  [<c107b8cc>] sysctl_check_table+0x34c/0x620
[    0.060681]  [<c107b8cc>] sysctl_check_table+0x34c/0x620
[    0.060684]  [<c1746d48>] sysctl_init+0x25/0x29
[    0.060685]  [<c1003042>] do_one_initcall+0x32/0x1a0
[    0.060687]  [<c1746d23>] ? sysctl_init+0x0/0x29
[    0.060689]  [<c17308e7>] kernel_init+0x12d/0x17a
[    0.060690]  [<c17307ba>] ? kernel_init+0x0/0x17a
[    0.060692]  [<c1009b07>] kernel_thread_helper+0x7/0x10
[    0.060693] sysctl table check failed: /kernel/random/nb_input_bytes .1.40.10 Unknown sysctl binary path
[    0.060940] Pid: 1, comm: swapper Not tainted 2.6.32.57 #4
[    0.060941] Call Trace:
[    0.060942]  [<c14a8a0e>] ? printk+0x1d/0x1f
[    0.060944]  [<c107b56f>] set_fail+0x4f/0x60
[    0.060945]  [<c107b8b3>] sysctl_check_table+0x333/0x620
[    0.060947]  [<c107b8cc>] sysctl_check_table+0x34c/0x620
[    0.060949]  [<c107b8cc>] sysctl_check_table+0x34c/0x620
[    0.060951]  [<c1746d48>] sysctl_init+0x25/0x29
[    0.060953]  [<c1003042>] do_one_initcall+0x32/0x1a0
[    0.060955]  [<c1746d23>] ? sysctl_init+0x0/0x29
[    0.060956]  [<c17308e7>] kernel_init+0x12d/0x17a
[    0.060958]  [<c17307ba>] ? kernel_init+0x0/0x17a
[    0.060960]  [<c1009b07>] kernel_thread_helper+0x7/0x10
[    0.060961] sysctl table check failed: /kernel/random/nb_stir_count .1.40.11 Unknown sysctl binary path
[    0.061206] Pid: 1, comm: swapper Not tainted 2.6.32.57 #4
[    0.061207] Call Trace:
[    0.061209]  [<c14a8a0e>] ? printk+0x1d/0x1f
[    0.061210]  [<c107b56f>] set_fail+0x4f/0x60
[    0.061212]  [<c107b8b3>] sysctl_check_table+0x333/0x620
[    0.061213]  [<c107b8cc>] sysctl_check_table+0x34c/0x620
[    0.061215]  [<c107b8cc>] sysctl_check_table+0x34c/0x620
[    0.061217]  [<c1746d48>] sysctl_init+0x25/0x29
[    0.061219]  [<c1003042>] do_one_initcall+0x32/0x1a0
[    0.061221]  [<c1746d23>] ? sysctl_init+0x0/0x29
[    0.061223]  [<c17308e7>] kernel_init+0x12d/0x17a
[    0.061224]  [<c17307ba>] ? kernel_init+0x0/0x17a
[    0.061226]  [<c1009b07>] kernel_thread_helper+0x7/0x10
[    0.061227] sysctl table check failed: /kernel/random/nb_reentry_count .1.40.12 Unknown sysctl binary path
[    0.061485] Pid: 1, comm: swapper Not tainted 2.6.32.57 #4
[    0.061486] Call Trace:
[    0.061487]  [<c14a8a0e>] ? printk+0x1d/0x1f
[    0.061489]  [<c107b56f>] set_fail+0x4f/0x60
[    0.061490]  [<c107b8b3>] sysctl_check_table+0x333/0x620
[    0.061492]  [<c107b8cc>] sysctl_check_table+0x34c/0x620
[    0.061494]  [<c107b8cc>] sysctl_check_table+0x34c/0x620
[    0.061496]  [<c1746d48>] sysctl_init+0x25/0x29
[    0.061498]  [<c1003042>] do_one_initcall+0x32/0x1a0
[    0.061500]  [<c1746d23>] ? sysctl_init+0x0/0x29
[    0.061502]  [<c17308e7>] kernel_init+0x12d/0x17a
[    0.061503]  [<c17307ba>] ? kernel_init+0x0/0x17a
[    0.061505]  [<c1009b07>] kernel_thread_helper+0x7/0x10
[    0.061623] RANDOM - __seed init called.
[    0.061624] RANDOM - __seed init called.
[    0.061625] RANDOM - __seed init called.
[    0.061626] RANDOM - __random32 called. Change num 1.  Value: 97305ca5	7ac4e314	874f43ab
[    0.061628] RANDOM - __random32 called. Change num 2.  Value: 5ca5394	ac4e3148	8757a6ab
[    0.061629] RANDOM - __random32 called. Change num 3.  Value: a53949f7	c4e3148e	4d57bd52
[    0.061630] RANDOM - __random32 called. Change num 4.  Value: 949f7180	4e3148eb	7aa4fd4a
[    0.061632] RANDOM - __random32 called. Change num 5.  Value: f7180f55	e3148ebb	fa95f062
[    0.061633] RANDOM - __random32 called. Change num 6.  Value: 80f55ede	3148ebb7	e0c5c74e
[    0.061634] RANDOM - random32 init called.  Value: 80f55ede	3148ebb7	e0c5c74e
[    0.061640] regulator: core version 0.5
[    0.061706] Time: 20:23:20  Date: 05/24/13
[    0.061742] NET: Registered protocol family 16
[    0.061807] EISA bus registered
[    0.062593] ACPI: bus type pci registered
[    0.062713] PCI: MCFG configuration 0: base e0000000 segment 0 buses 0 - 255
[    0.062715] PCI: MCFG area at e0000000 reserved in E820
[    0.062716] PCI: Using MMCONFIG for extended config space
[    0.062717] PCI: Using configuration type 1 for base access
[    0.063191] bio: create slab <bio-0> at 0
[    0.064446] ACPI: EC: Look up EC in DSDT
[    0.101511] ACPI: BIOS _OSI(Linux) query ignored
[    0.107290] ACPI: Interpreter enabled
[    0.107294] ACPI: (supports S0 S1 S4 S5)
[    0.107305] ACPI: Using PIC for interrupt routing
[    0.186802] ACPI: No dock devices found.
[    0.187602] ACPI: PCI Root Bridge [PCI0] (0000:00)
[    0.189098] pci 0000:00:07.1: reg 20 io port: [0x10c0-0x10cf]
[    0.189611] pci 0000:00:07.3: quirk: region 1000-103f claimed by PIIX4 ACPI
[    0.189622] pci 0000:00:07.3: quirk: region 1040-104f claimed by PIIX4 SMB
[    0.190145] pci 0000:00:07.7: reg 10 io port: [0x1080-0x10bf]
[    0.190529] pci 0000:00:07.7: reg 14 64bit mmio: [0xc8000000-0xc8001fff]
[    0.191747] pci 0000:00:0f.0: reg 10 io port: [0x10d0-0x10df]
[    0.191785] pci 0000:00:0f.0: reg 14 32bit mmio pref: [0xd0000000-0xd7ffffff]
[    0.191821] pci 0000:00:0f.0: reg 18 32bit mmio: [0xc8800000-0xc8ffffff]
[    0.191957] pci 0000:00:0f.0: reg 30 32bit mmio pref: [0x000000-0x007fff]
[    0.192475] pci 0000:00:10.0: reg 10 io port: [0x1400-0x14ff]
[    0.192824] pci 0000:00:10.0: reg 14 64bit mmio: [0xc8040000-0xc805ffff]
[    0.193168] pci 0000:00:10.0: reg 1c 64bit mmio: [0xc8020000-0xc803ffff]
[    0.193263] pci 0000:00:10.0: reg 30 32bit mmio pref: [0x000000-0x003fff]
[    0.194666] pci 0000:00:15.0: PME# supported from D0 D3hot D3cold
[    0.194685] pci 0000:00:15.0: PME# disabled
[    0.195516] pci 0000:00:15.1: PME# supported from D0 D3hot D3cold
[    0.195536] pci 0000:00:15.1: PME# disabled
[    0.196418] pci 0000:00:15.2: PME# supported from D0 D3hot D3cold
[    0.196438] pci 0000:00:15.2: PME# disabled
[    0.197312] pci 0000:00:15.3: PME# supported from D0 D3hot D3cold
[    0.197332] pci 0000:00:15.3: PME# disabled
[    0.198194] pci 0000:00:15.4: PME# supported from D0 D3hot D3cold
[    0.198214] pci 0000:00:15.4: PME# disabled
[    0.199045] pci 0000:00:15.5: PME# supported from D0 D3hot D3cold
[    0.199063] pci 0000:00:15.5: PME# disabled
[    0.199890] pci 0000:00:15.6: PME# supported from D0 D3hot D3cold
[    0.199909] pci 0000:00:15.6: PME# disabled
[    0.200735] pci 0000:00:15.7: PME# supported from D0 D3hot D3cold
[    0.200754] pci 0000:00:15.7: PME# disabled
[    0.201610] pci 0000:00:16.0: PME# supported from D0 D3hot D3cold
[    0.201629] pci 0000:00:16.0: PME# disabled
[    0.202454] pci 0000:00:16.1: PME# supported from D0 D3hot D3cold
[    0.202473] pci 0000:00:16.1: PME# disabled
[    0.203296] pci 0000:00:16.2: PME# supported from D0 D3hot D3cold
[    0.203315] pci 0000:00:16.2: PME# disabled
[    0.204123] pci 0000:00:16.3: PME# supported from D0 D3hot D3cold
[    0.204142] pci 0000:00:16.3: PME# disabled
[    0.204966] pci 0000:00:16.4: PME# supported from D0 D3hot D3cold
[    0.204985] pci 0000:00:16.4: PME# disabled
[    0.205815] pci 0000:00:16.5: PME# supported from D0 D3hot D3cold
[    0.205834] pci 0000:00:16.5: PME# disabled
[    0.206668] pci 0000:00:16.6: PME# supported from D0 D3hot D3cold
[    0.206687] pci 0000:00:16.6: PME# disabled
[    0.207561] pci 0000:00:16.7: PME# supported from D0 D3hot D3cold
[    0.207580] pci 0000:00:16.7: PME# disabled
[    0.208423] pci 0000:00:17.0: PME# supported from D0 D3hot D3cold
[    0.208441] pci 0000:00:17.0: PME# disabled
[    0.209262] pci 0000:00:17.1: PME# supported from D0 D3hot D3cold
[    0.209282] pci 0000:00:17.1: PME# disabled
[    0.210095] pci 0000:00:17.2: PME# supported from D0 D3hot D3cold
[    0.210113] pci 0000:00:17.2: PME# disabled
[    0.210949] pci 0000:00:17.3: PME# supported from D0 D3hot D3cold
[    0.210968] pci 0000:00:17.3: PME# disabled
[    0.211833] pci 0000:00:17.4: PME# supported from D0 D3hot D3cold
[    0.211851] pci 0000:00:17.4: PME# disabled
[    0.212672] pci 0000:00:17.5: PME# supported from D0 D3hot D3cold
[    0.212690] pci 0000:00:17.5: PME# disabled
[    0.213515] pci 0000:00:17.6: PME# supported from D0 D3hot D3cold
[    0.213534] pci 0000:00:17.6: PME# disabled
[    0.214357] pci 0000:00:17.7: PME# supported from D0 D3hot D3cold
[    0.214375] pci 0000:00:17.7: PME# disabled
[    0.215556] pci 0000:00:18.0: PME# supported from D0 D3hot D3cold
[    0.215576] pci 0000:00:18.0: PME# disabled
[    0.216442] pci 0000:00:18.1: PME# supported from D0 D3hot D3cold
[    0.216461] pci 0000:00:18.1: PME# disabled
[    0.217288] pci 0000:00:18.2: PME# supported from D0 D3hot D3cold
[    0.217307] pci 0000:00:18.2: PME# disabled
[    0.218105] pci 0000:00:18.3: PME# supported from D0 D3hot D3cold
[    0.218124] pci 0000:00:18.3: PME# disabled
[    0.218953] pci 0000:00:18.4: PME# supported from D0 D3hot D3cold
[    0.218971] pci 0000:00:18.4: PME# disabled
[    0.219809] pci 0000:00:18.5: PME# supported from D0 D3hot D3cold
[    0.219829] pci 0000:00:18.5: PME# disabled
[    0.220655] pci 0000:00:18.6: PME# supported from D0 D3hot D3cold
[    0.220674] pci 0000:00:18.6: PME# disabled
[    0.221516] pci 0000:00:18.7: PME# supported from D0 D3hot D3cold
[    0.221535] pci 0000:00:18.7: PME# disabled
[    0.222570] pci 0000:02:00.0: reg 20 io port: [0x20c0-0x20df]
[    0.223030] pci 0000:02:01.0: reg 10 io port: [0x2000-0x207f]
[    0.223255] pci 0000:02:01.0: reg 30 32bit mmio pref: [0x000000-0x00ffff]
[    0.223792] pci 0000:02:02.0: reg 10 io port: [0x2080-0x20bf]
[    0.224361] pci 0000:02:03.0: reg 10 32bit mmio: [0xc9000000-0xc9000fff]
[    0.224887] pci 0000:00:11.0: transparent bridge
[    0.224906] pci 0000:00:11.0: bridge io port: [0x2000-0x3fff]
[    0.224925] pci 0000:00:11.0: bridge 32bit mmio: [0xc9000000-0xca3fffff]
[    0.224961] pci 0000:00:11.0: bridge 64bit mmio pref: [0xd8400000-0xd89fffff]
[    0.225352] pci 0000:00:15.0: bridge io port: [0x4000-0x4fff]
[    0.225372] pci 0000:00:15.0: bridge 32bit mmio: [0xca400000-0xca4fffff]
[    0.225410] pci 0000:00:15.0: bridge 64bit mmio pref: [0xd8a00000-0xd8afffff]
[    0.225776] pci 0000:00:15.1: bridge io port: [0x8000-0x8fff]
[    0.225795] pci 0000:00:15.1: bridge 32bit mmio: [0xca800000-0xca8fffff]
[    0.225831] pci 0000:00:15.1: bridge 64bit mmio pref: [0xd8e00000-0xd8efffff]
[    0.226222] pci 0000:00:15.2: bridge io port: [0xc000-0xcfff]
[    0.226241] pci 0000:00:15.2: bridge 32bit mmio: [0xcac00000-0xcacfffff]
[    0.226277] pci 0000:00:15.2: bridge 64bit mmio pref: [0xd9200000-0xd92fffff]
[    0.226652] pci 0000:00:15.3: bridge 32bit mmio: [0xcb000000-0xcb0fffff]
[    0.226688] pci 0000:00:15.3: bridge 64bit mmio pref: [0xd9600000-0xd96fffff]
[    0.227055] pci 0000:00:15.4: bridge 32bit mmio: [0xcb400000-0xcb4fffff]
[    0.227090] pci 0000:00:15.4: bridge 64bit mmio pref: [0xd9a00000-0xd9afffff]
[    0.227480] pci 0000:00:15.5: bridge 32bit mmio: [0xcb800000-0xcb8fffff]
[    0.227516] pci 0000:00:15.5: bridge 64bit mmio pref: [0xd9e00000-0xd9efffff]
[    0.227892] pci 0000:00:15.6: bridge 32bit mmio: [0xcbc00000-0xcbcfffff]
[    0.227928] pci 0000:00:15.6: bridge 64bit mmio pref: [0xda200000-0xda2fffff]
[    0.228325] pci 0000:00:15.7: bridge 32bit mmio: [0xcc000000-0xcc0fffff]
[    0.228360] pci 0000:00:15.7: bridge 64bit mmio pref: [0xda600000-0xda6fffff]
[    0.228712] pci 0000:00:16.0: bridge io port: [0x5000-0x5fff]
[    0.228731] pci 0000:00:16.0: bridge 32bit mmio: [0xca500000-0xca5fffff]
[    0.228766] pci 0000:00:16.0: bridge 64bit mmio pref: [0xd8b00000-0xd8bfffff]
[    0.229117] pci 0000:00:16.1: bridge io port: [0x9000-0x9fff]
[    0.229143] pci 0000:00:16.1: bridge 32bit mmio: [0xca900000-0xca9fffff]
[    0.229198] pci 0000:00:16.1: bridge 64bit mmio pref: [0xd8f00000-0xd8ffffff]
[    0.229596] pci 0000:00:16.2: bridge io port: [0xd000-0xdfff]
[    0.229615] pci 0000:00:16.2: bridge 32bit mmio: [0xcad00000-0xcadfffff]
[    0.229651] pci 0000:00:16.2: bridge 64bit mmio pref: [0xd9300000-0xd93fffff]
[    0.230019] pci 0000:00:16.3: bridge 32bit mmio: [0xcb100000-0xcb1fffff]
[    0.230055] pci 0000:00:16.3: bridge 64bit mmio pref: [0xd9700000-0xd97fffff]
[    0.230450] pci 0000:00:16.4: bridge 32bit mmio: [0xcb500000-0xcb5fffff]
[    0.230485] pci 0000:00:16.4: bridge 64bit mmio pref: [0xd9b00000-0xd9bfffff]
[    0.230853] pci 0000:00:16.5: bridge 32bit mmio: [0xcb900000-0xcb9fffff]
[    0.230889] pci 0000:00:16.5: bridge 64bit mmio pref: [0xd9f00000-0xd9ffffff]
[    0.231307] pci 0000:00:16.6: bridge 32bit mmio: [0xcbd00000-0xcbdfffff]
[    0.231353] pci 0000:00:16.6: bridge 64bit mmio pref: [0xda300000-0xda3fffff]
[    0.231732] pci 0000:00:16.7: bridge 32bit mmio: [0xcc100000-0xcc1fffff]
[    0.231768] pci 0000:00:16.7: bridge 64bit mmio pref: [0xda700000-0xda7fffff]
[    0.232120] pci 0000:00:17.0: bridge io port: [0x6000-0x6fff]
[    0.232156] pci 0000:00:17.0: bridge 32bit mmio: [0xca600000-0xca6fffff]
[    0.232202] pci 0000:00:17.0: bridge 64bit mmio pref: [0xd8c00000-0xd8cfffff]
[    0.232552] pci 0000:00:17.1: bridge io port: [0xa000-0xafff]
[    0.232571] pci 0000:00:17.1: bridge 32bit mmio: [0xcaa00000-0xcaafffff]
[    0.232606] pci 0000:00:17.1: bridge 64bit mmio pref: [0xd9000000-0xd90fffff]
[    0.232956] pci 0000:00:17.2: bridge io port: [0xe000-0xefff]
[    0.232975] pci 0000:00:17.2: bridge 32bit mmio: [0xcae00000-0xcaefffff]
[    0.233010] pci 0000:00:17.2: bridge 64bit mmio pref: [0xd9400000-0xd94fffff]
[    0.233406] pci 0000:00:17.3: bridge 32bit mmio: [0xcb200000-0xcb2fffff]
[    0.233442] pci 0000:00:17.3: bridge 64bit mmio pref: [0xd9800000-0xd98fffff]
[    0.233809] pci 0000:00:17.4: bridge 32bit mmio: [0xcb600000-0xcb6fffff]
[    0.233845] pci 0000:00:17.4: bridge 64bit mmio pref: [0xd9c00000-0xd9cfffff]
[    0.234239] pci 0000:00:17.5: bridge 32bit mmio: [0xcba00000-0xcbafffff]
[    0.234275] pci 0000:00:17.5: bridge 64bit mmio pref: [0xda000000-0xda0fffff]
[    0.234642] pci 0000:00:17.6: bridge 32bit mmio: [0xcbe00000-0xcbefffff]
[    0.234677] pci 0000:00:17.6: bridge 64bit mmio pref: [0xda400000-0xda4fffff]
[    0.235045] pci 0000:00:17.7: bridge 32bit mmio: [0xcc200000-0xcc2fffff]
[    0.235081] pci 0000:00:17.7: bridge 64bit mmio pref: [0xda800000-0xda8fffff]
[    0.235453] pci 0000:00:18.0: bridge io port: [0x7000-0x7fff]
[    0.235472] pci 0000:00:18.0: bridge 32bit mmio: [0xca700000-0xca7fffff]
[    0.235508] pci 0000:00:18.0: bridge 64bit mmio pref: [0xd8d00000-0xd8dfffff]
[    0.235868] pci 0000:00:18.1: bridge io port: [0xb000-0xbfff]
[    0.235888] pci 0000:00:18.1: bridge 32bit mmio: [0xcab00000-0xcabfffff]
[    0.235924] pci 0000:00:18.1: bridge 64bit mmio pref: [0xd9100000-0xd91fffff]
[    0.236315] pci 0000:00:18.2: bridge io port: [0xf000-0xffff]
[    0.236334] pci 0000:00:18.2: bridge 32bit mmio: [0xcaf00000-0xcaffffff]
[    0.236370] pci 0000:00:18.2: bridge 64bit mmio pref: [0xd9500000-0xd95fffff]
[    0.236739] pci 0000:00:18.3: bridge 32bit mmio: [0xcb300000-0xcb3fffff]
[    0.236774] pci 0000:00:18.3: bridge 64bit mmio pref: [0xd9900000-0xd99fffff]
[    0.237153] pci 0000:00:18.4: bridge 32bit mmio: [0xcb700000-0xcb7fffff]
[    0.237188] pci 0000:00:18.4: bridge 64bit mmio pref: [0xd9d00000-0xd9dfffff]
[    0.237557] pci 0000:00:18.5: bridge 32bit mmio: [0xcbb00000-0xcbbfffff]
[    0.237593] pci 0000:00:18.5: bridge 64bit mmio pref: [0xda100000-0xda1fffff]
[    0.237959] pci 0000:00:18.6: bridge 32bit mmio: [0xcbf00000-0xcbffffff]
[    0.237995] pci 0000:00:18.6: bridge 64bit mmio pref: [0xda500000-0xda5fffff]
[    0.238446] pci 0000:00:18.7: bridge 32bit mmio: [0xcc300000-0xcc3fffff]
[    0.238482] pci 0000:00:18.7: bridge 64bit mmio pref: [0xda900000-0xda9fffff]
[    0.240393] pci_bus 0000:00: on NUMA node 0
[    0.240401] ACPI: PCI Interrupt Routing Table [\_SB_.PCI0._PRT]
[    0.460387] ACPI: PCI Interrupt Link [LNKA] (IRQs 3 4 5 6 7 *9 10 11 14 15)
[    0.460542] ACPI: PCI Interrupt Link [LNKB] (IRQs 3 4 5 6 7 9 10 *11 14 15)
[    0.460693] ACPI: PCI Interrupt Link [LNKC] (IRQs 3 4 5 6 7 9 *10 11 14 15)
[    0.460863] ACPI: PCI Interrupt Link [LNKD] (IRQs 3 4 *5 6 7 9 10 11 14 15)
[    0.461000] vgaarb: device added: PCI:0000:00:0f.0,decodes=io+mem,owns=io+mem,locks=none
[    0.461010] vgaarb: loaded
[    0.461100] SCSI subsystem initialized
[    0.461145] libata version 3.00 loaded.
[    0.461186] usbcore: registered new interface driver usbfs
[    0.461197] usbcore: registered new interface driver hub
[    0.461213] usbcore: registered new device driver usb
[    0.461281] PCI: Using ACPI for IRQ routing
[    0.462236] NetLabel: Initializing
[    0.462237] NetLabel:  domain hash size = 128
[    0.462237] NetLabel:  protocols = UNLABELED CIPSOv4
[    0.462245] NetLabel:  unlabeled traffic allowed by default
[    0.462354] hpet0: at MMIO 0xfed00000, IRQs 2, 8, 0, 0, 0, 0, 0, 0, 0, 0, 0, 0, 0, 0, 0, 0
[    0.462360] hpet0: 16 comparators, 64-bit 14.318180 MHz counter
[    0.464437] Switching to clocksource tsc
[    0.471427] pnp: PnP ACPI init
[    0.471437] ACPI: bus type pnp registered
[    0.512633] pnp: PnP ACPI: found 14 devices
[    0.512635] ACPI: ACPI bus type pnp unregistered
[    0.512638] PnPBIOS: Disabled by ACPI PNP
[    0.512648] system 00:01: ioport range 0x1000-0x103f has been reserved
[    0.512649] system 00:01: ioport range 0x1040-0x104f has been reserved
[    0.512651] system 00:01: ioport range 0xcf0-0xcf1 has been reserved
[    0.512657] system 00:08: iomem range 0xfed00000-0xfed003ff has been reserved
[    0.512660] system 00:0d: ioport range 0x1060-0x107f has been reserved
[    0.512662] system 00:0d: iomem range 0xe0000000-0xefffffff has been reserved
[    0.512664] system 00:0d: iomem range 0xc8200000-0xc83fffff has been reserved
[    0.549079] pci 0000:00:15.3: BAR 13: can't allocate I/O resource [0x10000-0xffff]
[    0.549083] pci 0000:00:15.4: BAR 13: can't allocate I/O resource [0x10000-0xffff]
[    0.549086] pci 0000:00:15.5: BAR 13: can't allocate I/O resource [0x10000-0xffff]
[    0.549088] pci 0000:00:15.6: BAR 13: can't allocate I/O resource [0x10000-0xffff]
[    0.549091] pci 0000:00:15.7: BAR 13: can't allocate I/O resource [0x10000-0xffff]
[    0.549094] pci 0000:00:16.3: BAR 13: can't allocate I/O resource [0x10000-0xffff]
[    0.549096] pci 0000:00:16.4: BAR 13: can't allocate I/O resource [0x10000-0xffff]
[    0.549099] pci 0000:00:16.5: BAR 13: can't allocate I/O resource [0x10000-0xffff]
[    0.549101] pci 0000:00:16.6: BAR 13: can't allocate I/O resource [0x10000-0xffff]
[    0.549104] pci 0000:00:16.7: BAR 13: can't allocate I/O resource [0x10000-0xffff]
[    0.549107] pci 0000:00:17.3: BAR 13: can't allocate I/O resource [0x10000-0xffff]
[    0.549109] pci 0000:00:17.4: BAR 13: can't allocate I/O resource [0x10000-0xffff]
[    0.549112] pci 0000:00:17.5: BAR 13: can't allocate I/O resource [0x10000-0xffff]
[    0.549115] pci 0000:00:17.6: BAR 13: can't allocate I/O resource [0x10000-0xffff]
[    0.549117] pci 0000:00:17.7: BAR 13: can't allocate I/O resource [0x10000-0xffff]
[    0.549120] pci 0000:00:18.3: BAR 13: can't allocate I/O resource [0x10000-0xffff]
[    0.549122] pci 0000:00:18.4: BAR 13: can't allocate I/O resource [0x10000-0xffff]
[    0.549125] pci 0000:00:18.5: BAR 13: can't allocate I/O resource [0x10000-0xffff]
[    0.549128] pci 0000:00:18.6: BAR 13: can't allocate I/O resource [0x10000-0xffff]
[    0.549130] pci 0000:00:18.7: BAR 13: can't allocate I/O resource [0x10000-0xffff]
[    0.549133] pci 0000:00:01.0: PCI bridge, secondary bus 0000:01
[    0.549134] pci 0000:00:01.0:   IO window: disabled
[    0.549162] pci 0000:00:01.0:   MEM window: disabled
[    0.549181] pci 0000:00:01.0:   PREFETCH window: disabled
[    0.549219] pci 0000:00:11.0: PCI bridge, secondary bus 0000:02
[    0.549230] pci 0000:00:11.0:   IO window: 0x2000-0x3fff
[    0.549258] pci 0000:00:11.0:   MEM window: 0xc9000000-0xca3fffff
[    0.549278] pci 0000:00:11.0:   PREFETCH window: 0x000000d8400000-0x000000d89fffff
[    0.549331] pci 0000:00:15.0: PCI bridge, secondary bus 0000:03
[    0.549350] pci 0000:00:15.0:   IO window: 0x4000-0x4fff
[    0.549378] pci 0000:00:15.0:   MEM window: 0xca400000-0xca4fffff
[    0.549397] pci 0000:00:15.0:   PREFETCH window: 0x000000d8a00000-0x000000d8afffff
[    0.549476] pci 0000:00:15.1: PCI bridge, secondary bus 0000:04
[    0.549487] pci 0000:00:15.1:   IO window: 0x8000-0x8fff
[    0.549515] pci 0000:00:15.1:   MEM window: 0xca800000-0xca8fffff
[    0.549535] pci 0000:00:15.1:   PREFETCH window: 0x000000d8e00000-0x000000d8efffff
[    0.549584] pci 0000:00:15.2: PCI bridge, secondary bus 0000:05
[    0.549595] pci 0000:00:15.2:   IO window: 0xc000-0xcfff
[    0.549623] pci 0000:00:15.2:   MEM window: 0xcac00000-0xcacfffff
[    0.549642] pci 0000:00:15.2:   PREFETCH window: 0x000000d9200000-0x000000d92fffff
[    0.549690] pci 0000:00:15.3: PCI bridge, secondary bus 0000:06
[    0.549691] pci 0000:00:15.3:   IO window: disabled
[    0.549720] pci 0000:00:15.3:   MEM window: 0xcb000000-0xcb0fffff
[    0.549739] pci 0000:00:15.3:   PREFETCH window: 0x000000d9600000-0x000000d96fffff
[    0.549786] pci 0000:00:15.4: PCI bridge, secondary bus 0000:07
[    0.549788] pci 0000:00:15.4:   IO window: disabled
[    0.549816] pci 0000:00:15.4:   MEM window: 0xcb400000-0xcb4fffff
[    0.549835] pci 0000:00:15.4:   PREFETCH window: 0x000000d9a00000-0x000000d9afffff
[    0.549883] pci 0000:00:15.5: PCI bridge, secondary bus 0000:08
[    0.549884] pci 0000:00:15.5:   IO window: disabled
[    0.549912] pci 0000:00:15.5:   MEM window: 0xcb800000-0xcb8fffff
[    0.549932] pci 0000:00:15.5:   PREFETCH window: 0x000000d9e00000-0x000000d9efffff
[    0.549979] pci 0000:00:15.6: PCI bridge, secondary bus 0000:09
[    0.549980] pci 0000:00:15.6:   IO window: disabled
[    0.550008] pci 0000:00:15.6:   MEM window: 0xcbc00000-0xcbcfffff
[    0.550028] pci 0000:00:15.6:   PREFETCH window: 0x000000da200000-0x000000da2fffff
[    0.550075] pci 0000:00:15.7: PCI bridge, secondary bus 0000:0a
[    0.550076] pci 0000:00:15.7:   IO window: disabled
[    0.550105] pci 0000:00:15.7:   MEM window: 0xcc000000-0xcc0fffff
[    0.550124] pci 0000:00:15.7:   PREFETCH window: 0x000000da600000-0x000000da6fffff
[    0.550171] pci 0000:00:16.0: PCI bridge, secondary bus 0000:0b
[    0.550182] pci 0000:00:16.0:   IO window: 0x5000-0x5fff
[    0.550210] pci 0000:00:16.0:   MEM window: 0xca500000-0xca5fffff
[    0.550229] pci 0000:00:16.0:   PREFETCH window: 0x000000d8b00000-0x000000d8bfffff
[    0.550276] pci 0000:00:16.1: PCI bridge, secondary bus 0000:0c
[    0.550288] pci 0000:00:16.1:   IO window: 0x9000-0x9fff
[    0.550334] pci 0000:00:16.1:   MEM window: 0xca900000-0xca9fffff
[    0.550362] pci 0000:00:16.1:   PREFETCH window: 0x000000d8f00000-0x000000d8ffffff
[    0.550410] pci 0000:00:16.2: PCI bridge, secondary bus 0000:0d
[    0.550421] pci 0000:00:16.2:   IO window: 0xd000-0xdfff
[    0.550449] pci 0000:00:16.2:   MEM window: 0xcad00000-0xcadfffff
[    0.550468] pci 0000:00:16.2:   PREFETCH window: 0x000000d9300000-0x000000d93fffff
[    0.550516] pci 0000:00:16.3: PCI bridge, secondary bus 0000:0e
[    0.550517] pci 0000:00:16.3:   IO window: disabled
[    0.550545] pci 0000:00:16.3:   MEM window: 0xcb100000-0xcb1fffff
[    0.550565] pci 0000:00:16.3:   PREFETCH window: 0x000000d9700000-0x000000d97fffff
[    0.550612] pci 0000:00:16.4: PCI bridge, secondary bus 0000:0f
[    0.550613] pci 0000:00:16.4:   IO window: disabled
[    0.550641] pci 0000:00:16.4:   MEM window: 0xcb500000-0xcb5fffff
[    0.550661] pci 0000:00:16.4:   PREFETCH window: 0x000000d9b00000-0x000000d9bfffff
[    0.550708] pci 0000:00:16.5: PCI bridge, secondary bus 0000:10
[    0.550709] pci 0000:00:16.5:   IO window: disabled
[    0.550738] pci 0000:00:16.5:   MEM window: 0xcb900000-0xcb9fffff
[    0.550757] pci 0000:00:16.5:   PREFETCH window: 0x000000d9f00000-0x000000d9ffffff
[    0.550804] pci 0000:00:16.6: PCI bridge, secondary bus 0000:11
[    0.550805] pci 0000:00:16.6:   IO window: disabled
[    0.550833] pci 0000:00:16.6:   MEM window: 0xcbd00000-0xcbdfffff
[    0.550853] pci 0000:00:16.6:   PREFETCH window: 0x000000da300000-0x000000da3fffff
[    0.550899] pci 0000:00:16.7: PCI bridge, secondary bus 0000:12
[    0.550901] pci 0000:00:16.7:   IO window: disabled
[    0.550929] pci 0000:00:16.7:   MEM window: 0xcc100000-0xcc1fffff
[    0.550948] pci 0000:00:16.7:   PREFETCH window: 0x000000da700000-0x000000da7fffff
[    0.550995] pci 0000:00:17.0: PCI bridge, secondary bus 0000:13
[    0.551007] pci 0000:00:17.0:   IO window: 0x6000-0x6fff
[    0.551035] pci 0000:00:17.0:   MEM window: 0xca600000-0xca6fffff
[    0.551054] pci 0000:00:17.0:   PREFETCH window: 0x000000d8c00000-0x000000d8cfffff
[    0.551101] pci 0000:00:17.1: PCI bridge, secondary bus 0000:14
[    0.551112] pci 0000:00:17.1:   IO window: 0xa000-0xafff
[    0.551140] pci 0000:00:17.1:   MEM window: 0xcaa00000-0xcaafffff
[    0.551159] pci 0000:00:17.1:   PREFETCH window: 0x000000d9000000-0x000000d90fffff
[    0.551206] pci 0000:00:17.2: PCI bridge, secondary bus 0000:15
[    0.551218] pci 0000:00:17.2:   IO window: 0xe000-0xefff
[    0.551246] pci 0000:00:17.2:   MEM window: 0xcae00000-0xcaefffff
[    0.551265] pci 0000:00:17.2:   PREFETCH window: 0x000000d9400000-0x000000d94fffff
[    0.551348] pci 0000:00:17.3: PCI bridge, secondary bus 0000:16
[    0.551350] pci 0000:00:17.3:   IO window: disabled
[    0.551378] pci 0000:00:17.3:   MEM window: 0xcb200000-0xcb2fffff
[    0.551398] pci 0000:00:17.3:   PREFETCH window: 0x000000d9800000-0x000000d98fffff
[    0.551445] pci 0000:00:17.4: PCI bridge, secondary bus 0000:17
[    0.551447] pci 0000:00:17.4:   IO window: disabled
[    0.551475] pci 0000:00:17.4:   MEM window: 0xcb600000-0xcb6fffff
[    0.551494] pci 0000:00:17.4:   PREFETCH window: 0x000000d9c00000-0x000000d9cfffff
[    0.551541] pci 0000:00:17.5: PCI bridge, secondary bus 0000:18
[    0.551543] pci 0000:00:17.5:   IO window: disabled
[    0.551571] pci 0000:00:17.5:   MEM window: 0xcba00000-0xcbafffff
[    0.551591] pci 0000:00:17.5:   PREFETCH window: 0x000000da000000-0x000000da0fffff
[    0.551638] pci 0000:00:17.6: PCI bridge, secondary bus 0000:19
[    0.551639] pci 0000:00:17.6:   IO window: disabled
[    0.551667] pci 0000:00:17.6:   MEM window: 0xcbe00000-0xcbefffff
[    0.551687] pci 0000:00:17.6:   PREFETCH window: 0x000000da400000-0x000000da4fffff
[    0.551733] pci 0000:00:17.7: PCI bridge, secondary bus 0000:1a
[    0.551735] pci 0000:00:17.7:   IO window: disabled
[    0.551763] pci 0000:00:17.7:   MEM window: 0xcc200000-0xcc2fffff
[    0.551782] pci 0000:00:17.7:   PREFETCH window: 0x000000da800000-0x000000da8fffff
[    0.551829] pci 0000:00:18.0: PCI bridge, secondary bus 0000:1b
[    0.551841] pci 0000:00:18.0:   IO window: 0x7000-0x7fff
[    0.551869] pci 0000:00:18.0:   MEM window: 0xca700000-0xca7fffff
[    0.551888] pci 0000:00:18.0:   PREFETCH window: 0x000000d8d00000-0x000000d8dfffff
[    0.551935] pci 0000:00:18.1: PCI bridge, secondary bus 0000:1c
[    0.551946] pci 0000:00:18.1:   IO window: 0xb000-0xbfff
[    0.551974] pci 0000:00:18.1:   MEM window: 0xcab00000-0xcabfffff
[    0.551993] pci 0000:00:18.1:   PREFETCH window: 0x000000d9100000-0x000000d91fffff
[    0.552040] pci 0000:00:18.2: PCI bridge, secondary bus 0000:1d
[    0.552052] pci 0000:00:18.2:   IO window: 0xf000-0xffff
[    0.552079] pci 0000:00:18.2:   MEM window: 0xcaf00000-0xcaffffff
[    0.552099] pci 0000:00:18.2:   PREFETCH window: 0x000000d9500000-0x000000d95fffff
[    0.552146] pci 0000:00:18.3: PCI bridge, secondary bus 0000:1e
[    0.552148] pci 0000:00:18.3:   IO window: disabled
[    0.552176] pci 0000:00:18.3:   MEM window: 0xcb300000-0xcb3fffff
[    0.552195] pci 0000:00:18.3:   PREFETCH window: 0x000000d9900000-0x000000d99fffff
[    0.552242] pci 0000:00:18.4: PCI bridge, secondary bus 0000:1f
[    0.552244] pci 0000:00:18.4:   IO window: disabled
[    0.552272] pci 0000:00:18.4:   MEM window: 0xcb700000-0xcb7fffff
[    0.552298] pci 0000:00:18.4:   PREFETCH window: 0x000000d9d00000-0x000000d9dfffff
[    0.552371] pci 0000:00:18.5: PCI bridge, secondary bus 0000:20
[    0.552372] pci 0000:00:18.5:   IO window: disabled
[    0.552401] pci 0000:00:18.5:   MEM window: 0xcbb00000-0xcbbfffff
[    0.552420] pci 0000:00:18.5:   PREFETCH window: 0x000000da100000-0x000000da1fffff
[    0.552467] pci 0000:00:18.6: PCI bridge, secondary bus 0000:21
[    0.552469] pci 0000:00:18.6:   IO window: disabled
[    0.552497] pci 0000:00:18.6:   MEM window: 0xcbf00000-0xcbffffff
[    0.552516] pci 0000:00:18.6:   PREFETCH window: 0x000000da500000-0x000000da5fffff
[    0.552563] pci 0000:00:18.7: PCI bridge, secondary bus 0000:22
[    0.552565] pci 0000:00:18.7:   IO window: disabled
[    0.552593] pci 0000:00:18.7:   MEM window: 0xcc300000-0xcc3fffff
[    0.552612] pci 0000:00:18.7:   PREFETCH window: 0x000000da900000-0x000000da9fffff
[    0.552689] pci 0000:00:01.0: setting latency timer to 64
[    0.552779] pci 0000:00:15.0: setting latency timer to 64
[    0.552841] pci 0000:00:15.1: setting latency timer to 64
[    0.552903] pci 0000:00:15.2: setting latency timer to 64
[    0.552965] pci 0000:00:15.3: setting latency timer to 64
[    0.553027] pci 0000:00:15.4: setting latency timer to 64
[    0.553089] pci 0000:00:15.5: setting latency timer to 64
[    0.553151] pci 0000:00:15.6: setting latency timer to 64
[    0.553213] pci 0000:00:15.7: setting latency timer to 64
[    0.553275] pci 0000:00:16.0: setting latency timer to 64
[    0.553360] pci 0000:00:16.1: setting latency timer to 64
[    0.553422] pci 0000:00:16.2: setting latency timer to 64
[    0.553483] pci 0000:00:16.3: setting latency timer to 64
[    0.553545] pci 0000:00:16.4: setting latency timer to 64
[    0.553607] pci 0000:00:16.5: setting latency timer to 64
[    0.553669] pci 0000:00:16.6: setting latency timer to 64
[    0.553731] pci 0000:00:16.7: setting latency timer to 64
[    0.553793] pci 0000:00:17.0: setting latency timer to 64
[    0.553855] pci 0000:00:17.1: setting latency timer to 64
[    0.553917] pci 0000:00:17.2: setting latency timer to 64
[    0.553979] pci 0000:00:17.3: setting latency timer to 64
[    0.554041] pci 0000:00:17.4: setting latency timer to 64
[    0.554103] pci 0000:00:17.5: setting latency timer to 64
[    0.554165] pci 0000:00:17.6: setting latency timer to 64
[    0.554227] pci 0000:00:17.7: setting latency timer to 64
[    0.554306] pci 0000:00:18.0: setting latency timer to 64
[    0.554378] pci 0000:00:18.1: setting latency timer to 64
[    0.554440] pci 0000:00:18.2: setting latency timer to 64
[    0.554502] pci 0000:00:18.3: setting latency timer to 64
[    0.554564] pci 0000:00:18.4: setting latency timer to 64
[    0.554626] pci 0000:00:18.5: setting latency timer to 64
[    0.554688] pci 0000:00:18.6: setting latency timer to 64
[    0.554750] pci 0000:00:18.7: setting latency timer to 64
[    0.554761] pci_bus 0000:00: resource 0 io:  [0x00-0xffff]
[    0.554763] pci_bus 0000:00: resource 1 mem: [0x000000-0xffffffffffffffff]
[    0.554766] pci_bus 0000:02: resource 0 io:  [0x2000-0x3fff]
[    0.554767] pci_bus 0000:02: resource 1 mem: [0xc9000000-0xca3fffff]
[    0.554769] pci_bus 0000:02: resource 2 pref mem [0xd8400000-0xd89fffff]
[    0.554771] pci_bus 0000:02: resource 3 io:  [0x00-0xffff]
[    0.554773] pci_bus 0000:02: resource 4 mem: [0x000000-0xffffffffffffffff]
[    0.554775] pci_bus 0000:03: resource 0 io:  [0x4000-0x4fff]
[    0.554777] pci_bus 0000:03: resource 1 mem: [0xca400000-0xca4fffff]
[    0.554779] pci_bus 0000:03: resource 2 pref mem [0xd8a00000-0xd8afffff]
[    0.554780] pci_bus 0000:04: resource 0 io:  [0x8000-0x8fff]
[    0.554782] pci_bus 0000:04: resource 1 mem: [0xca800000-0xca8fffff]
[    0.554784] pci_bus 0000:04: resource 2 pref mem [0xd8e00000-0xd8efffff]
[    0.554786] pci_bus 0000:05: resource 0 io:  [0xc000-0xcfff]
[    0.554788] pci_bus 0000:05: resource 1 mem: [0xcac00000-0xcacfffff]
[    0.554789] pci_bus 0000:05: resource 2 pref mem [0xd9200000-0xd92fffff]
[    0.554791] pci_bus 0000:06: resource 1 mem: [0xcb000000-0xcb0fffff]
[    0.554793] pci_bus 0000:06: resource 2 pref mem [0xd9600000-0xd96fffff]
[    0.554795] pci_bus 0000:07: resource 1 mem: [0xcb400000-0xcb4fffff]
[    0.554797] pci_bus 0000:07: resource 2 pref mem [0xd9a00000-0xd9afffff]
[    0.554799] pci_bus 0000:08: resource 1 mem: [0xcb800000-0xcb8fffff]
[    0.554800] pci_bus 0000:08: resource 2 pref mem [0xd9e00000-0xd9efffff]
[    0.554802] pci_bus 0000:09: resource 1 mem: [0xcbc00000-0xcbcfffff]
[    0.554804] pci_bus 0000:09: resource 2 pref mem [0xda200000-0xda2fffff]
[    0.554806] pci_bus 0000:0a: resource 1 mem: [0xcc000000-0xcc0fffff]
[    0.554808] pci_bus 0000:0a: resource 2 pref mem [0xda600000-0xda6fffff]
[    0.554809] pci_bus 0000:0b: resource 0 io:  [0x5000-0x5fff]
[    0.554811] pci_bus 0000:0b: resource 1 mem: [0xca500000-0xca5fffff]
[    0.554813] pci_bus 0000:0b: resource 2 pref mem [0xd8b00000-0xd8bfffff]
[    0.554815] pci_bus 0000:0c: resource 0 io:  [0x9000-0x9fff]
[    0.554816] pci_bus 0000:0c: resource 1 mem: [0xca900000-0xca9fffff]
[    0.554818] pci_bus 0000:0c: resource 2 pref mem [0xd8f00000-0xd8ffffff]
[    0.554820] pci_bus 0000:0d: resource 0 io:  [0xd000-0xdfff]
[    0.554822] pci_bus 0000:0d: resource 1 mem: [0xcad00000-0xcadfffff]
[    0.554824] pci_bus 0000:0d: resource 2 pref mem [0xd9300000-0xd93fffff]
[    0.554825] pci_bus 0000:0e: resource 1 mem: [0xcb100000-0xcb1fffff]
[    0.554827] pci_bus 0000:0e: resource 2 pref mem [0xd9700000-0xd97fffff]
[    0.554829] pci_bus 0000:0f: resource 1 mem: [0xcb500000-0xcb5fffff]
[    0.554831] pci_bus 0000:0f: resource 2 pref mem [0xd9b00000-0xd9bfffff]
[    0.554833] pci_bus 0000:10: resource 1 mem: [0xcb900000-0xcb9fffff]
[    0.554835] pci_bus 0000:10: resource 2 pref mem [0xd9f00000-0xd9ffffff]
[    0.554836] pci_bus 0000:11: resource 1 mem: [0xcbd00000-0xcbdfffff]
[    0.554838] pci_bus 0000:11: resource 2 pref mem [0xda300000-0xda3fffff]
[    0.554840] pci_bus 0000:12: resource 1 mem: [0xcc100000-0xcc1fffff]
[    0.554842] pci_bus 0000:12: resource 2 pref mem [0xda700000-0xda7fffff]
[    0.554844] pci_bus 0000:13: resource 0 io:  [0x6000-0x6fff]
[    0.554845] pci_bus 0000:13: resource 1 mem: [0xca600000-0xca6fffff]
[    0.554847] pci_bus 0000:13: resource 2 pref mem [0xd8c00000-0xd8cfffff]
[    0.554849] pci_bus 0000:14: resource 0 io:  [0xa000-0xafff]
[    0.554851] pci_bus 0000:14: resource 1 mem: [0xcaa00000-0xcaafffff]
[    0.554852] pci_bus 0000:14: resource 2 pref mem [0xd9000000-0xd90fffff]
[    0.554854] pci_bus 0000:15: resource 0 io:  [0xe000-0xefff]
[    0.554856] pci_bus 0000:15: resource 1 mem: [0xcae00000-0xcaefffff]
[    0.554858] pci_bus 0000:15: resource 2 pref mem [0xd9400000-0xd94fffff]
[    0.554860] pci_bus 0000:16: resource 1 mem: [0xcb200000-0xcb2fffff]
[    0.554861] pci_bus 0000:16: resource 2 pref mem [0xd9800000-0xd98fffff]
[    0.554863] pci_bus 0000:17: resource 1 mem: [0xcb600000-0xcb6fffff]
[    0.554865] pci_bus 0000:17: resource 2 pref mem [0xd9c00000-0xd9cfffff]
[    0.554867] pci_bus 0000:18: resource 1 mem: [0xcba00000-0xcbafffff]
[    0.554869] pci_bus 0000:18: resource 2 pref mem [0xda000000-0xda0fffff]
[    0.554871] pci_bus 0000:19: resource 1 mem: [0xcbe00000-0xcbefffff]
[    0.554872] pci_bus 0000:19: resource 2 pref mem [0xda400000-0xda4fffff]
[    0.554874] pci_bus 0000:1a: resource 1 mem: [0xcc200000-0xcc2fffff]
[    0.554876] pci_bus 0000:1a: resource 2 pref mem [0xda800000-0xda8fffff]
[    0.554878] pci_bus 0000:1b: resource 0 io:  [0x7000-0x7fff]
[    0.554880] pci_bus 0000:1b: resource 1 mem: [0xca700000-0xca7fffff]
[    0.554881] pci_bus 0000:1b: resource 2 pref mem [0xd8d00000-0xd8dfffff]
[    0.554883] pci_bus 0000:1c: resource 0 io:  [0xb000-0xbfff]
[    0.554885] pci_bus 0000:1c: resource 1 mem: [0xcab00000-0xcabfffff]
[    0.554887] pci_bus 0000:1c: resource 2 pref mem [0xd9100000-0xd91fffff]
[    0.554888] pci_bus 0000:1d: resource 0 io:  [0xf000-0xffff]
[    0.554890] pci_bus 0000:1d: resource 1 mem: [0xcaf00000-0xcaffffff]
[    0.554892] pci_bus 0000:1d: resource 2 pref mem [0xd9500000-0xd95fffff]
[    0.554894] pci_bus 0000:1e: resource 1 mem: [0xcb300000-0xcb3fffff]
[    0.554896] pci_bus 0000:1e: resource 2 pref mem [0xd9900000-0xd99fffff]
[    0.554897] pci_bus 0000:1f: resource 1 mem: [0xcb700000-0xcb7fffff]
[    0.554899] pci_bus 0000:1f: resource 2 pref mem [0xd9d00000-0xd9dfffff]
[    0.554901] pci_bus 0000:20: resource 1 mem: [0xcbb00000-0xcbbfffff]
[    0.554903] pci_bus 0000:20: resource 2 pref mem [0xda100000-0xda1fffff]
[    0.554905] pci_bus 0000:21: resource 1 mem: [0xcbf00000-0xcbffffff]
[    0.554907] pci_bus 0000:21: resource 2 pref mem [0xda500000-0xda5fffff]
[    0.554908] pci_bus 0000:22: resource 1 mem: [0xcc300000-0xcc3fffff]
[    0.554910] pci_bus 0000:22: resource 2 pref mem [0xda900000-0xda9fffff]
[    0.554930] NET: Registered protocol family 2
[    0.554947] RANDOM - __random32 called. Change num 7.  Value: 55ede565	148ebb7a	8e9cdd7f
[    0.554949] RANDOM - random32 called.  Value: 55ede565	148ebb7a	8e9cdd7f
[    0.554957] random 0000 0000 0000 00000000 00000000: rand_read_num 2 get_random_bytes(4): sig fffffe1a 00000000 00000000
[    0.554959] random 0000 0000 0000 00000000 00000000: extract_entropy(.. 4 ..)
[    0.554961] random 0000 0000 0000 00000000 00000000: going to reseed nonblocking with 64 bits (32 of 0 requested)
[    0.554963] random 0000 0000 0000 00000000 00000000: extract_entropy(.. 8 ..)
[    0.554966] random 0000 0000 0000 00000000 00000000: trying to extract 64 bits from input
[    0.554968] random 0000 0000 0000 00000000 00000000: debiting 0 entropy credits from input
[    0.554970] random 0000 0000 0000 00000000 00000000: extract_entropy account returned: 0 
[    0.554973] random 0000 0000 0000 00000000 00000000: urand_change_num 3 xfer_secondary_pool(4): pool_sig fffffe1a, data_sig 00000000, bytes_mixed 0 00000000 00000000
[    0.554975] random 0000 0000 0000 00000000 00000000: trying to extract 32 bits from nonblocking
[    0.554978] random 0000 0000 0000 00000000 00000000: debiting 32 entropy credits from nonblocking (unlimited)
[    0.554980] random 0000 0000 0000 00000000 00000000: extract_entropy account returned: 4 
[    0.554984] random 0000 0000 0000 00000000 00000000: urand_change_num 4 extract_buf: pool_sig fffffe1a, data_sig fffffed7, bytes_mixed 20 00000000 00000000
[    0.555012] IP route cache hash table entries: 32768 (order: 5, 131072 bytes)
[    0.555095] RANDOM - __random32 called. Change num 8.  Value: de565d28	48ebb7a3	baff4f46
[    0.555097] RANDOM - random32 called.  Value: de565d28	48ebb7a3	baff4f46
[    0.555152] RANDOM - __random32 called. Change num 9.  Value: 65d282be	8ebb7a35	9e8da0a6
[    0.555154] RANDOM - random32 called.  Value: 65d282be	8ebb7a35	9e8da0a6
[    0.555157] RANDOM - __random32 called. Change num 10.  Value: 282be6b0	ebb7a35a	414d5c14
[    0.555159] RANDOM - random32 called.  Value: 282be6b0	ebb7a35a	414d5c14
[    0.555179] RANDOM - __random32 called. Change num 11.  Value: be6b0a9f	bb7a35a2	b82964f7
[    0.555181] RANDOM - random32 called.  Value: be6b0a9f	bb7a35a2	b82964f7
[    0.555191] TCP established hash table entries: 131072 (order: 8, 1048576 bytes)
[    0.555530] TCP bind hash table entries: 65536 (order: 7, 524288 bytes)
[    0.555701] TCP: Hash tables configured (established 131072 bind 65536)
[    0.555703] TCP reno registered
[    0.555740] NET: Registered protocol family 1
[    0.555749] pci 0000:00:00.0: Limiting direct PCI/PCI transfers
[    0.555768] pci 0000:00:0f.0: Boot video device
[    0.555986] Trying to unpack rootfs image as initramfs...
[    1.646790] Freeing initrd memory: 83430k freed
[    1.650822] Simple Boot Flag at 0x36 set to 0x1
[    1.650867] cpufreq-nforce2: No nForce2 chipset.
[    1.650880] Scanning for low memory corruption every 60 seconds
[    1.650993] audit: initializing netlink socket (disabled)
[    1.651001] type=2000 audit(1369427001.640:1): initialized
[    1.654908] highmem bounce pool size: 64 pages
[    1.654912] HugeTLB registered 2 MB page size, pre-allocated 0 pages
[    1.655002] VFS: Disk quotas dquot_6.5.2
[    1.655047] Dquot-cache hash table entries: 1024 (order 0, 4096 bytes)
[    1.655123] fuse init (API version 7.13)
[    1.655166] msgmni has been set to 1729
[    1.655424] alg: No test for stdrng (krng)
[    1.655456] Block layer SCSI generic (bsg) driver version 0.4 loaded (major 253)
[    1.655458] io scheduler noop registered
[    1.655460] io scheduler anticipatory registered
[    1.655461] io scheduler deadline registered
[    1.655481] io scheduler cfq registered (default)
[    1.655526]   alloc irq_desc for 24 on node -1
[    1.655528]   alloc kstat_irqs on node -1
[    1.655573] pcieport 0000:00:15.0: irq 24 for MSI/MSI-X
[    1.655618] pcieport 0000:00:15.0: setting latency timer to 64
[    1.655663]   alloc irq_desc for 25 on node -1
[    1.655665]   alloc kstat_irqs on node -1
[    1.655710] pcieport 0000:00:15.1: irq 25 for MSI/MSI-X
[    1.655755] pcieport 0000:00:15.1: setting latency timer to 64
[    1.655800]   alloc irq_desc for 26 on node -1
[    1.655802]   alloc kstat_irqs on node -1
[    1.655847] pcieport 0000:00:15.2: irq 26 for MSI/MSI-X
[    1.655892] pcieport 0000:00:15.2: setting latency timer to 64
[    1.655937]   alloc irq_desc for 27 on node -1
[    1.655939]   alloc kstat_irqs on node -1
[    1.655984] pcieport 0000:00:15.3: irq 27 for MSI/MSI-X
[    1.656029] pcieport 0000:00:15.3: setting latency timer to 64
[    1.656074]   alloc irq_desc for 28 on node -1
[    1.656076]   alloc kstat_irqs on node -1
[    1.656121] pcieport 0000:00:15.4: irq 28 for MSI/MSI-X
[    1.656166] pcieport 0000:00:15.4: setting latency timer to 64
[    1.656211]   alloc irq_desc for 29 on node -1
[    1.656213]   alloc kstat_irqs on node -1
[    1.656258] pcieport 0000:00:15.5: irq 29 for MSI/MSI-X
[    1.656303] pcieport 0000:00:15.5: setting latency timer to 64
[    1.656348]   alloc irq_desc for 30 on node -1
[    1.656350]   alloc kstat_irqs on node -1
[    1.656395] pcieport 0000:00:15.6: irq 30 for MSI/MSI-X
[    1.656440] pcieport 0000:00:15.6: setting latency timer to 64
[    1.656485]   alloc irq_desc for 31 on node -1
[    1.656487]   alloc kstat_irqs on node -1
[    1.656532] pcieport 0000:00:15.7: irq 31 for MSI/MSI-X
[    1.656577] pcieport 0000:00:15.7: setting latency timer to 64
[    1.656622]   alloc irq_desc for 32 on node -1
[    1.656624]   alloc kstat_irqs on node -1
[    1.656669] pcieport 0000:00:16.0: irq 32 for MSI/MSI-X
[    1.656714] pcieport 0000:00:16.0: setting latency timer to 64
[    1.656759]   alloc irq_desc for 33 on node -1
[    1.656761]   alloc kstat_irqs on node -1
[    1.656806] pcieport 0000:00:16.1: irq 33 for MSI/MSI-X
[    1.656851] pcieport 0000:00:16.1: setting latency timer to 64
[    1.656896]   alloc irq_desc for 34 on node -1
[    1.656898]   alloc kstat_irqs on node -1
[    1.656943] pcieport 0000:00:16.2: irq 34 for MSI/MSI-X
[    1.656988] pcieport 0000:00:16.2: setting latency timer to 64
[    1.657033]   alloc irq_desc for 35 on node -1
[    1.657034]   alloc kstat_irqs on node -1
[    1.657080] pcieport 0000:00:16.3: irq 35 for MSI/MSI-X
[    1.657125] pcieport 0000:00:16.3: setting latency timer to 64
[    1.657170]   alloc irq_desc for 36 on node -1
[    1.657171]   alloc kstat_irqs on node -1
[    1.657216] pcieport 0000:00:16.4: irq 36 for MSI/MSI-X
[    1.657262] pcieport 0000:00:16.4: setting latency timer to 64
[    1.657307]   alloc irq_desc for 37 on node -1
[    1.657308]   alloc kstat_irqs on node -1
[    1.657353] pcieport 0000:00:16.5: irq 37 for MSI/MSI-X
[    1.657398] pcieport 0000:00:16.5: setting latency timer to 64
[    1.657443]   alloc irq_desc for 38 on node -1
[    1.657445]   alloc kstat_irqs on node -1
[    1.657490] pcieport 0000:00:16.6: irq 38 for MSI/MSI-X
[    1.657535] pcieport 0000:00:16.6: setting latency timer to 64
[    1.657580]   alloc irq_desc for 39 on node -1
[    1.657582]   alloc kstat_irqs on node -1
[    1.657627] pcieport 0000:00:16.7: irq 39 for MSI/MSI-X
[    1.657672] pcieport 0000:00:16.7: setting latency timer to 64
[    1.657717]   alloc irq_desc for 40 on node -1
[    1.657719]   alloc kstat_irqs on node -1
[    1.657764] pcieport 0000:00:17.0: irq 40 for MSI/MSI-X
[    1.657809] pcieport 0000:00:17.0: setting latency timer to 64
[    1.658831]   alloc irq_desc for 41 on node -1
[    1.658833]   alloc kstat_irqs on node -1
[    1.658878] pcieport 0000:00:17.1: irq 41 for MSI/MSI-X
[    1.658923] pcieport 0000:00:17.1: setting latency timer to 64
[    1.658968]   alloc irq_desc for 42 on node -1
[    1.658971]   alloc kstat_irqs on node -1
[    1.659016] pcieport 0000:00:17.2: irq 42 for MSI/MSI-X
[    1.659061] pcieport 0000:00:17.2: setting latency timer to 64
[    1.659106]   alloc irq_desc for 43 on node -1
[    1.659108]   alloc kstat_irqs on node -1
[    1.659153] pcieport 0000:00:17.3: irq 43 for MSI/MSI-X
[    1.659198] pcieport 0000:00:17.3: setting latency timer to 64
[    1.659243]   alloc irq_desc for 44 on node -1
[    1.659244]   alloc kstat_irqs on node -1
[    1.659289] pcieport 0000:00:17.4: irq 44 for MSI/MSI-X
[    1.659335] pcieport 0000:00:17.4: setting latency timer to 64
[    1.659380]   alloc irq_desc for 45 on node -1
[    1.659382]   alloc kstat_irqs on node -1
[    1.659427] pcieport 0000:00:17.5: irq 45 for MSI/MSI-X
[    1.659472] pcieport 0000:00:17.5: setting latency timer to 64
[    1.659517]   alloc irq_desc for 46 on node -1
[    1.659519]   alloc kstat_irqs on node -1
[    1.659564] pcieport 0000:00:17.6: irq 46 for MSI/MSI-X
[    1.659609] pcieport 0000:00:17.6: setting latency timer to 64
[    1.659654]   alloc irq_desc for 47 on node -1
[    1.659656]   alloc kstat_irqs on node -1
[    1.659701] pcieport 0000:00:17.7: irq 47 for MSI/MSI-X
[    1.659746] pcieport 0000:00:17.7: setting latency timer to 64
[    1.659791]   alloc irq_desc for 48 on node -1
[    1.659793]   alloc kstat_irqs on node -1
[    1.659838] pcieport 0000:00:18.0: irq 48 for MSI/MSI-X
[    1.659883] pcieport 0000:00:18.0: setting latency timer to 64
[    1.659928]   alloc irq_desc for 49 on node -1
[    1.659930]   alloc kstat_irqs on node -1
[    1.659975] pcieport 0000:00:18.1: irq 49 for MSI/MSI-X
[    1.660020] pcieport 0000:00:18.1: setting latency timer to 64
[    1.660065]   alloc irq_desc for 50 on node -1
[    1.660067]   alloc kstat_irqs on node -1
[    1.660112] pcieport 0000:00:18.2: irq 50 for MSI/MSI-X
[    1.660157] pcieport 0000:00:18.2: setting latency timer to 64
[    1.660202]   alloc irq_desc for 51 on node -1
[    1.660204]   alloc kstat_irqs on node -1
[    1.660249] pcieport 0000:00:18.3: irq 51 for MSI/MSI-X
[    1.660294] pcieport 0000:00:18.3: setting latency timer to 64
[    1.660339]   alloc irq_desc for 52 on node -1
[    1.660341]   alloc kstat_irqs on node -1
[    1.660386] pcieport 0000:00:18.4: irq 52 for MSI/MSI-X
[    1.660431] pcieport 0000:00:18.4: setting latency timer to 64
[    1.660476]   alloc irq_desc for 53 on node -1
[    1.660478]   alloc kstat_irqs on node -1
[    1.660523] pcieport 0000:00:18.5: irq 53 for MSI/MSI-X
[    1.660568] pcieport 0000:00:18.5: setting latency timer to 64
[    1.660613]   alloc irq_desc for 54 on node -1
[    1.660615]   alloc kstat_irqs on node -1
[    1.660660] pcieport 0000:00:18.6: irq 54 for MSI/MSI-X
[    1.660705] pcieport 0000:00:18.6: setting latency timer to 64
[    1.660750]   alloc irq_desc for 55 on node -1
[    1.660752]   alloc kstat_irqs on node -1
[    1.660797] pcieport 0000:00:18.7: irq 55 for MSI/MSI-X
[    1.660842] pcieport 0000:00:18.7: setting latency timer to 64
[    1.660887] pci_hotplug: PCI Hot Plug PCI Core version: 0.5
[    1.662867] pciehp 0000:00:15.0:pcie04: HPC vendor_id 15ad device_id 7a0 ss_vid 0 ss_did 0
[    1.662912] pciehp 0000:00:15.0:pcie04: service driver pciehp loaded
[    1.662957] pciehp 0000:00:15.1:pcie04: HPC vendor_id 15ad device_id 7a0 ss_vid 0 ss_did 0
[    1.663002] pciehp 0000:00:15.1:pcie04: service driver pciehp loaded
[    1.663047] pciehp 0000:00:15.2:pcie04: HPC vendor_id 15ad device_id 7a0 ss_vid 0 ss_did 0
[    1.663092] pciehp 0000:00:15.2:pcie04: service driver pciehp loaded
[    1.663137] pciehp 0000:00:15.3:pcie04: HPC vendor_id 15ad device_id 7a0 ss_vid 0 ss_did 0
[    1.663182] pciehp 0000:00:15.3:pcie04: service driver pciehp loaded
[    1.663228] pciehp 0000:00:15.4:pcie04: HPC vendor_id 15ad device_id 7a0 ss_vid 0 ss_did 0
[    1.663273] pciehp 0000:00:15.4:pcie04: service driver pciehp loaded
[    1.663318] pciehp 0000:00:15.5:pcie04: HPC vendor_id 15ad device_id 7a0 ss_vid 0 ss_did 0
[    1.663363] pciehp 0000:00:15.5:pcie04: service driver pciehp loaded
[    1.663408] pciehp 0000:00:15.6:pcie04: HPC vendor_id 15ad device_id 7a0 ss_vid 0 ss_did 0
[    1.663453] pciehp 0000:00:15.6:pcie04: service driver pciehp loaded
[    1.663498] pciehp 0000:00:15.7:pcie04: HPC vendor_id 15ad device_id 7a0 ss_vid 0 ss_did 0
[    1.663543] pciehp 0000:00:15.7:pcie04: service driver pciehp loaded
[    1.663588] pciehp 0000:00:16.0:pcie04: HPC vendor_id 15ad device_id 7a0 ss_vid 0 ss_did 0
[    1.663633] pciehp 0000:00:16.0:pcie04: service driver pciehp loaded
[    1.663678] pciehp 0000:00:16.1:pcie04: HPC vendor_id 15ad device_id 7a0 ss_vid 0 ss_did 0
[    1.663723] pciehp 0000:00:16.1:pcie04: service driver pciehp loaded
[    1.663768] pciehp 0000:00:16.2:pcie04: HPC vendor_id 15ad device_id 7a0 ss_vid 0 ss_did 0
[    1.663813] pciehp 0000:00:16.2:pcie04: service driver pciehp loaded
[    1.663858] pciehp 0000:00:16.3:pcie04: HPC vendor_id 15ad device_id 7a0 ss_vid 0 ss_did 0
[    1.663903] pciehp 0000:00:16.3:pcie04: service driver pciehp loaded
[    1.663948] pciehp 0000:00:16.4:pcie04: HPC vendor_id 15ad device_id 7a0 ss_vid 0 ss_did 0
[    1.663993] pciehp 0000:00:16.4:pcie04: service driver pciehp loaded
[    1.664038] pciehp 0000:00:16.5:pcie04: HPC vendor_id 15ad device_id 7a0 ss_vid 0 ss_did 0
[    1.664083] pciehp 0000:00:16.5:pcie04: service driver pciehp loaded
[    1.664128] pciehp 0000:00:16.6:pcie04: HPC vendor_id 15ad device_id 7a0 ss_vid 0 ss_did 0
[    1.664173] pciehp 0000:00:16.6:pcie04: service driver pciehp loaded
[    1.664218] pciehp 0000:00:16.7:pcie04: HPC vendor_id 15ad device_id 7a0 ss_vid 0 ss_did 0
[    1.664263] pciehp 0000:00:16.7:pcie04: service driver pciehp loaded
[    1.664308] pciehp 0000:00:17.0:pcie04: HPC vendor_id 15ad device_id 7a0 ss_vid 0 ss_did 0
[    1.664353] pciehp 0000:00:17.0:pcie04: service driver pciehp loaded
[    1.664398] pciehp 0000:00:17.1:pcie04: HPC vendor_id 15ad device_id 7a0 ss_vid 0 ss_did 0
[    1.664443] pciehp 0000:00:17.1:pcie04: service driver pciehp loaded
[    1.664488] pciehp 0000:00:17.2:pcie04: HPC vendor_id 15ad device_id 7a0 ss_vid 0 ss_did 0
[    1.664533] pciehp 0000:00:17.2:pcie04: service driver pciehp loaded
[    1.664578] pciehp 0000:00:17.3:pcie04: HPC vendor_id 15ad device_id 7a0 ss_vid 0 ss_did 0
[    1.664623] pciehp 0000:00:17.3:pcie04: service driver pciehp loaded
[    1.664668] pciehp 0000:00:17.4:pcie04: HPC vendor_id 15ad device_id 7a0 ss_vid 0 ss_did 0
[    1.664713] pciehp 0000:00:17.4:pcie04: service driver pciehp loaded
[    1.664758] pciehp 0000:00:17.5:pcie04: HPC vendor_id 15ad device_id 7a0 ss_vid 0 ss_did 0
[    1.664803] pciehp 0000:00:17.5:pcie04: service driver pciehp loaded
[    1.664849] pciehp 0000:00:17.6:pcie04: HPC vendor_id 15ad device_id 7a0 ss_vid 0 ss_did 0
[    1.664894] pciehp 0000:00:17.6:pcie04: service driver pciehp loaded
[    1.664939] pciehp 0000:00:17.7:pcie04: HPC vendor_id 15ad device_id 7a0 ss_vid 0 ss_did 0
[    1.664984] pciehp 0000:00:17.7:pcie04: service driver pciehp loaded
[    1.665029] pciehp 0000:00:18.0:pcie04: HPC vendor_id 15ad device_id 7a0 ss_vid 0 ss_did 0
[    1.665074] pciehp 0000:00:18.0:pcie04: service driver pciehp loaded
[    1.665119] pciehp 0000:00:18.1:pcie04: HPC vendor_id 15ad device_id 7a0 ss_vid 0 ss_did 0
[    1.665164] pciehp 0000:00:18.1:pcie04: service driver pciehp loaded
[    1.665209] pciehp 0000:00:18.2:pcie04: HPC vendor_id 15ad device_id 7a0 ss_vid 0 ss_did 0
[    1.665254] pciehp 0000:00:18.2:pcie04: service driver pciehp loaded
[    1.665299] pciehp 0000:00:18.3:pcie04: HPC vendor_id 15ad device_id 7a0 ss_vid 0 ss_did 0
[    1.665344] pciehp 0000:00:18.3:pcie04: service driver pciehp loaded
[    1.665389] pciehp 0000:00:18.4:pcie04: HPC vendor_id 15ad device_id 7a0 ss_vid 0 ss_did 0
[    1.665434] pciehp 0000:00:18.4:pcie04: service driver pciehp loaded
[    1.665479] pciehp 0000:00:18.5:pcie04: HPC vendor_id 15ad device_id 7a0 ss_vid 0 ss_did 0
[    1.665524] pciehp 0000:00:18.5:pcie04: service driver pciehp loaded
[    1.665569] pciehp 0000:00:18.6:pcie04: HPC vendor_id 15ad device_id 7a0 ss_vid 0 ss_did 0
[    1.665614] pciehp 0000:00:18.6:pcie04: service driver pciehp loaded
[    1.665659] pciehp 0000:00:18.7:pcie04: HPC vendor_id 15ad device_id 7a0 ss_vid 0 ss_did 0
[    1.665704] pciehp 0000:00:18.7:pcie04: service driver pciehp loaded
[    1.665712] pciehp: PCI Express Hot Plug Controller Driver version: 0.4
[    1.665763] ACPI: AC Adapter [ACAD] (on-line)
[    1.665823] input: Power Button as /devices/LNXSYSTM:00/LNXPWRBN:00/input/input0
[    1.665826] ACPI: Power Button [PWRF]
[    1.665871] processor LNXCPU:00: registered as cooling_device0
[    1.710744] isapnp: Scanning for PnP cards...
[    2.064397] isapnp: No Plug & Play device found
[    2.064427] random 0000 0000 0000 5f8db4e5 4cfdf2a8: initializing
[    2.064552] Linux agpgart interface v0.103
[    2.064592] agpgart-intel 0000:00:00.0: Intel 440BX Chipset
[    2.064644] agpgart-intel 0000:00:00.0: AGP aperture is 256M @ 0x0
[    2.064676] Serial: 8250/16550 driver, 32 ports, IRQ sharing enabled
[    2.064728] serial8250: ttyS0 at I/O 0x3f8 (irq = 4) is a 16550A
[    2.064780] serial8250: ttyS1 at I/O 0x2f8 (irq = 3) is a 16550A
[    2.064832] 00:0a: ttyS0 at I/O 0x3f8 (irq = 4) is a 16550A
[    2.064884] 00:0b: ttyS1 at I/O 0x2f8 (irq = 3) is a 16550A
[    2.064936] brd: module loaded
[    2.064988] loop: module loaded
[    2.065040] ata_piix 0000:00:07.1: version 2.13
[    2.065121] scsi0 : ata_piix
[    2.065167] scsi1 : ata_piix
[    2.065187] ata1: PATA max UDMA/33 cmd 0x1f0 ctl 0x3f6 bmdma 0x10c0 irq 14
[    2.065188] ata2: PATA max UDMA/33 cmd 0x170 ctl 0x376 bmdma 0x10c8 irq 15
[    2.065236] PPP generic driver version 2.4.2
[    2.065255] tun: Universal TUN/TAP device driver, 1.6
[    2.065257] tun: (C) 1999-2004 Max Krasnyansky <maxk@qualcomm.com>
[    2.065309] ehci_hcd: USB 2.0 'Enhanced' Host Controller (EHCI) Driver
[    2.065361] ACPI: PCI Interrupt Link [LNKB] enabled at IRQ 11
[    2.065364] PCI: setting IRQ 11 as level-triggered
[    2.065371] ehci_hcd 0000:02:03.0: PCI INT A -> Link[LNKB] -> GSI 11 (level, low) -> IRQ 11
[    2.065411] ehci_hcd 0000:02:03.0: EHCI Host Controller
[    2.065433] ehci_hcd 0000:02:03.0: new USB bus registered, assigned bus number 1
[    2.065485] ehci_hcd 0000:02:03.0: cache line size of 32 is not supported
[    2.065492] ehci_hcd 0000:02:03.0: irq 11, io mem 0xc9000000
[    2.065799] random 0000 0000 0000 00000000 00000000: rand_read_num 3 get_random_bytes(8): sig 00000000 00000000 00000000
[    2.065802] random 0000 0000 0000 00000000 00000000: extract_entropy(.. 8 ..)
[    2.065805] random 0000 0000 0000 00000000 00000000: going to reseed nonblocking with 64 bits (64 of 0 requested)
[    2.065807] random 0000 0000 0000 00000000 00000000: extract_entropy(.. 8 ..)
[    2.065809] random 0000 0000 0000 00000000 00000000: trying to extract 64 bits from input
[    2.065812] random 0000 0000 0000 00000000 00000000: debiting 0 entropy credits from input
[    2.065814] random 0000 0000 0000 00000000 00000000: extract_entropy account returned: 0 
[    2.065816] random 0000 0000 0000 00000000 00000000: urand_change_num 5 xfer_secondary_pool(8): pool_sig 00000000, data_sig 00000000, bytes_mixed 0 00000000 00000000
[    2.065819] random 0000 0000 0000 00000000 00000000: trying to extract 64 bits from nonblocking
[    2.065821] random 0000 0000 0000 00000000 00000000: debiting 64 entropy credits from nonblocking (unlimited)
[    2.065823] random 0000 0000 0000 00000000 00000000: extract_entropy account returned: 8 
[    2.065827] random 0000 0000 0000 00000000 00000000: urand_change_num 6 extract_buf: pool_sig 00000000, data_sig fffffff9, bytes_mixed 20 00000000 00000000
[    2.074189] ehci_hcd 0000:02:03.0: USB 2.0 started, EHCI 1.00
[    2.074241] usb usb1: configuration #1 chosen from 1 choice
[    2.074260] hub 1-0:1.0: USB hub found
[    2.074265] hub 1-0:1.0: 6 ports detected
[    2.074301] ohci_hcd: USB 1.1 'Open' Host Controller (OHCI) Driver
[    2.074311] uhci_hcd: USB Universal Host Controller Interface driver
[    2.074363] ACPI: PCI Interrupt Link [LNKC] enabled at IRQ 10
[    2.074365] PCI: setting IRQ 10 as level-triggered
[    2.074370] uhci_hcd 0000:02:00.0: PCI INT A -> Link[LNKC] -> GSI 10 (level, low) -> IRQ 10
[    2.074403] uhci_hcd 0000:02:00.0: UHCI Host Controller
[    2.074432] uhci_hcd 0000:02:00.0: new USB bus registered, assigned bus number 2
[    2.074536] uhci_hcd 0000:02:00.0: irq 10, io base 0x000020c0
[    2.074588] usb usb2: configuration #1 chosen from 1 choice
[    2.074603] hub 2-0:1.0: USB hub found
[    2.074608] hub 2-0:1.0: 2 ports detected
[    2.074660] usbcore: registered new interface driver libusual
[    2.074688] PNP: PS/2 Controller [PNP0303:KBC,PNP0f13:MOUS] at 0x60,0x64 irq 1,12
[    2.075019] serio: i8042 KBD port at 0x60,0x64 irq 1
[    2.075026] serio: i8042 AUX port at 0x60,0x64 irq 12
[    2.075058] mice: PS/2 mouse device common for all mice
[    2.075110] rtc_cmos 00:04: rtc core: registered rtc_cmos as rtc0
[    2.075126] rtc0: alarms up to one month, y3k, 114 bytes nvram, hpet irqs
[    2.075178] device-mapper: uevent: version 1.0.3
[    2.075286] device-mapper: ioctl: 4.15.0-ioctl (2009-04-01) initialised: dm-devel@redhat.com
[    2.075302] EISA: Probing bus 0 at eisa.0
[    2.075309] Cannot allocate resource for EISA slot 1
[    2.075311] Cannot allocate resource for EISA slot 2
[    2.075312] Cannot allocate resource for EISA slot 3
[    2.075314] Cannot allocate resource for EISA slot 4
[    2.075316] Cannot allocate resource for EISA slot 5
[    2.075318] Cannot allocate resource for EISA slot 6
[    2.075319] Cannot allocate resource for EISA slot 7
[    2.075321] Cannot allocate resource for EISA slot 8
[    2.075323] EISA: Detected 0 cards.
[    2.075430] cpuidle: using governor ladder
[    2.075432] cpuidle: using governor menu
[    2.075484] random 0000 0000 0000 00000000 00000000: rand_read_num 4 get_random_bytes(136): sig 0000021d 00000000 00000000
[    2.075487] random 0000 0000 0000 00000000 00000000: extract_entropy(.. 136 ..)
[    2.075489] random 0000 0000 0000 00000000 00000000: going to reseed nonblocking with 1024 bits (1088 of 0 requested)
[    2.075491] random 0000 0000 0000 00000000 00000000: extract_entropy(.. 128 ..)
[    2.075493] random 0000 0000 0000 00000000 00000000: trying to extract 1024 bits from input
[    2.075495] random 0000 0000 0000 00000000 00000000: debiting 0 entropy credits from input
[    2.075497] random 0000 0000 0000 00000000 00000000: extract_entropy account returned: 0 
[    2.075500] random 0000 0000 0000 00000000 00000000: urand_change_num 7 xfer_secondary_pool(136): pool_sig 0000021d, data_sig 00000000, bytes_mixed 0 00000000 00000000
[    2.075503] random 0000 0000 0000 00000000 00000000: trying to extract 1088 bits from nonblocking
[    2.075505] random 0000 0000 0000 00000000 00000000: debiting 1088 entropy credits from nonblocking (unlimited)
[    2.075507] random 0000 0000 0000 00000000 00000000: extract_entropy account returned: 136 
[    2.075510] random 0000 0000 0000 00000000 00000000: urand_change_num 8 extract_buf: pool_sig 0000021d, data_sig fffffff7, bytes_mixed 20 00000000 00000000
[    2.075515] random 0000 0000 0000 f961ee50 ba9cb1aa: urand_change_num 9 extract_buf: pool_sig 00000230, data_sig fffffeb4, bytes_mixed 20 f961ee50 ba9cb1aa
[    2.075519] random 0000 0000 0000 9748bdd6 56fb8af6: urand_change_num 10 extract_buf: pool_sig 00000373, data_sig 000000cf, bytes_mixed 20 9748bdd6 56fb8af6
[    2.075523] random 0000 0000 0000 9748bdd6 56fb8af6: urand_change_num 11 extract_buf: pool_sig fffffe49, data_sig 0000023f, bytes_mixed 20 9748bdd6 56fb8af6
[    2.075527] random 0000 0000 0000 a135be86 4777650e: urand_change_num 12 extract_buf: pool_sig fffffcce, data_sig 000000c6, bytes_mixed 20 a135be86 4777650e
[    2.075531] random 0000 0000 0000 4a6ea85d 170e00dd: urand_change_num 13 extract_buf: pool_sig ffffff97, data_sig ffffff7d, bytes_mixed 20 4a6ea85d 170e00dd
[    2.075536] random 0000 0000 0000 4a6ea85d 170e00dd: urand_change_num 14 extract_buf: pool_sig 00000160, data_sig fffffeea, bytes_mixed 20 4a6ea85d 170e00dd
[    2.075540] random 0000 0000 0000 6e87c3cb da668c73: urand_change_num 15 extract_buf: pool_sig 0000034f, data_sig ffffff54, bytes_mixed 20 6e87c3cb da668c73
[    2.075544] random 0000 0000 0000 6e87c3cb da668c73: urand_change_num 16 extract_buf: pool_sig fffffdc5, data_sig 00000205, bytes_mixed 20 6e87c3cb da668c73
[    2.075548] random 0000 0000 0000 39f531e6 461eb249: urand_change_num 17 extract_buf: pool_sig fffffc1d, data_sig ffffff5e, bytes_mixed 20 39f531e6 461eb249
[    2.075552] random 0000 0000 0000 7e1538a2 3e661182: urand_change_num 18 extract_buf: pool_sig 000006ef, data_sig ffffff2e, bytes_mixed 20 7e1538a2 3e661182
[    2.075556] random 0000 0000 0000 7e1538a2 3e661182: urand_change_num 19 extract_buf: pool_sig 00000317, data_sig fffffccb, bytes_mixed 20 7e1538a2 3e661182
[    2.075560] random 0000 0000 0000 76af506b 9b57305e: urand_change_num 20 extract_buf: pool_sig 00000227, data_sig ffffffd2, bytes_mixed 20 76af506b 9b57305e
[    2.075564] random 0000 0000 0000 37d49d89 e20417cc: urand_change_num 21 extract_buf: pool_sig 0000080b, data_sig 000001e9, bytes_mixed 20 37d49d89 e20417cc
[    2.075568] TCP cubic registered
[    2.075620] NET: Registered protocol family 10
[    2.075652] RANDOM - __random32 called. Change num 12.  Value: b0a9fbe7	b7a35a2b	c9ef2c48
[    2.075654] RANDOM - random32 called.  Value: b0a9fbe7	b7a35a2b	c9ef2c48
[    2.075662] random 0000 0000 0000 37d49d89 e20417cc: rand_read_num 5 get_random_bytes(4): sig 00000298 37d49d89 e20417cc
[    2.075664] random 0000 0000 0000 37d49d89 e20417cc: extract_entropy(.. 4 ..)
[    2.075667] random 0000 0000 0000 37d49d89 e20417cc: going to reseed nonblocking with 64 bits (32 of 0 requested)
[    2.075669] random 0000 0000 0000 37d49d89 e20417cc: extract_entropy(.. 8 ..)
[    2.075671] random 0000 0000 0000 37d49d89 e20417cc: trying to extract 64 bits from input
[    2.075673] random 0000 0000 0000 37d49d89 e20417cc: debiting 0 entropy credits from input
[    2.075675] random 0000 0000 0000 37d49d89 e20417cc: extract_entropy account returned: 0 
[    2.075677] random 0000 0000 0000 37d49d89 e20417cc: urand_change_num 22 xfer_secondary_pool(4): pool_sig 00000298, data_sig 00000000, bytes_mixed 0 37d49d89 e20417cc
[    2.075680] random 0000 0000 0000 37d49d89 e20417cc: trying to extract 32 bits from nonblocking
[    2.075682] random 0000 0000 0000 37d49d89 e20417cc: debiting 32 entropy credits from nonblocking (unlimited)
[    2.075684] random 0000 0000 0000 37d49d89 e20417cc: extract_entropy account returned: 4 
[    2.075687] random 0000 0000 0000 37d49d89 e20417cc: urand_change_num 23 extract_buf: pool_sig 00000298, data_sig 00000092, bytes_mixed 20 37d49d89 e20417cc
[    2.075739] RANDOM - __random32 called. Change num 13.  Value: 9fbe71fa	7a35a2b4	5890d2c9
[    2.075742] RANDOM - random32 called.  Value: 9fbe71fa	7a35a2b4	5890d2c9
[    2.075794] NET: Registered protocol family 17
[    2.075813] Using IPI No-Shortcut mode
[    2.075818] random 0000 0000 0000 2ee4c4fc 167bdb15: rand_read_num 6 get_random_bytes(8): sig fffffcbf 2ee4c4fc 167bdb15
[    2.075820] random 0000 0000 0000 2ee4c4fc 167bdb15: extract_entropy(.. 8 ..)
[    2.075822] random 0000 0000 0000 2ee4c4fc 167bdb15: going to reseed nonblocking with 64 bits (64 of 0 requested)
[    2.075824] random 0000 0000 0000 2ee4c4fc 167bdb15: extract_entropy(.. 8 ..)
[    2.075826] random 0000 0000 0000 2ee4c4fc 167bdb15: trying to extract 64 bits from input
[    2.075828] random 0000 0000 0000 2ee4c4fc 167bdb15: debiting 0 entropy credits from input
[    2.075830] random 0000 0000 0000 2ee4c4fc 167bdb15: extract_entropy account returned: 0 
[    2.075833] random 0000 0000 0000 2ee4c4fc 167bdb15: urand_change_num 24 xfer_secondary_pool(8): pool_sig fffffcbf, data_sig 00000000, bytes_mixed 0 2ee4c4fc 167bdb15
[    2.075835] random 0000 0000 0000 2ee4c4fc 167bdb15: trying to extract 64 bits from nonblocking
[    2.075838] random 0000 0000 0000 2ee4c4fc 167bdb15: debiting 64 entropy credits from nonblocking (unlimited)
[    2.075840] random 0000 0000 0000 2ee4c4fc 167bdb15: extract_entropy account returned: 8 
[    2.075843] random 0000 0000 0000 2ee4c4fc 167bdb15: urand_change_num 25 extract_buf: pool_sig fffffcbf, data_sig ffffff83, bytes_mixed 20 2ee4c4fc 167bdb15
[    2.075881] PM: Resume from disk failed.
[    2.075888] registered taskstats version 1
[    2.075890] random 0000 0000 0000 2ee4c4fc 167bdb15: rand_read_num 7 get_random_bytes(12): sig fffffc69 2ee4c4fc 167bdb15
[    2.075893] random 0000 0000 0000 2ee4c4fc 167bdb15: extract_entropy(.. 12 ..)
[    2.075895] random 0000 0000 0000 2ee4c4fc 167bdb15: going to reseed nonblocking with 96 bits (96 of 0 requested)
[    2.075897] random 0000 0000 0000 2ee4c4fc 167bdb15: extract_entropy(.. 12 ..)
[    2.075899] random 0000 0000 0000 2ee4c4fc 167bdb15: trying to extract 96 bits from input
[    2.075901] random 0000 0000 0000 2ee4c4fc 167bdb15: debiting 0 entropy credits from input
[    2.075903] random 0000 0000 0000 2ee4c4fc 167bdb15: extract_entropy account returned: 0 
[    2.075906] random 0000 0000 0000 2ee4c4fc 167bdb15: urand_change_num 26 xfer_secondary_pool(12): pool_sig fffffc69, data_sig 00000000, bytes_mixed 0 2ee4c4fc 167bdb15
[    2.075908] random 0000 0000 0000 2ee4c4fc 167bdb15: trying to extract 96 bits from nonblocking
[    2.075910] random 0000 0000 0000 2ee4c4fc 167bdb15: debiting 96 entropy credits from nonblocking (unlimited)
[    2.075912] random 0000 0000 0000 2ee4c4fc 167bdb15: extract_entropy account returned: 12 
[    2.075915] random 0000 0000 0000 2ee4c4fc 167bdb15: urand_change_num 27 extract_buf: pool_sig fffffc69, data_sig ffffff7d, bytes_mixed 20 2ee4c4fc 167bdb15
[    2.075920] random 0000 0000 0000 83b7c1ab 94697f48: urand_change_num 28 extract_buf: pool_sig fffffe30, data_sig fffffdd6, bytes_mixed 20 83b7c1ab 94697f48
[    2.075922] RANDOM - __seed init called.
[    2.075923] RANDOM - __seed init called.
[    2.075925] RANDOM - __seed init called.
[    2.075926] RANDOM - __random32 called. Change num 14.  Value: fc007995	feca4f80	21b38ad2
[    2.075928] RANDOM - random32_reseed called.  Value: fc007995	feca4f80	21b38ad2
[    2.075930] Pid: 1, comm: swapper Not tainted 2.6.32.57 #4
[    2.075932] Call Trace:
[    2.075938]  [<c14a8a0e>] ? printk+0x1d/0x1f
[    2.075942]  [<c17537e5>] random32_reseed+0x89/0xbd
[    2.075945]  [<c1003042>] do_one_initcall+0x32/0x1a0
[    2.075948]  [<c175375c>] ? random32_reseed+0x0/0xbd
[    2.075951]  [<c17308e7>] kernel_init+0x12d/0x17a
[    2.075953]  [<c17307ba>] ? kernel_init+0x0/0x17a
[    2.075956]  [<c1009b07>] kernel_thread_helper+0x7/0x10
[    2.078702] input: AT Translated Set 2 keyboard as /devices/platform/i8042/serio0/input/input1
[    2.078980] random 0000 0000 0000 6db70b00 b30ce96b: rand_read_num 8 get_random_bytes(64): sig fffffb38 6db70b00 b30ce96b
[    2.078983] random 0000 0000 0000 6db70b00 b30ce96b: extract_entropy(.. 64 ..)
[    2.078985] random 0000 0000 0000 6db70b00 b30ce96b: going to reseed nonblocking with 512 bits (512 of 0 requested)
[    2.078988] random 0000 0000 0000 6db70b00 b30ce96b: extract_entropy(.. 64 ..)
[    2.078990] random 0000 0000 0000 6db70b00 b30ce96b: trying to extract 512 bits from input
[    2.078992] random 0000 0000 0000 6db70b00 b30ce96b: debiting 0 entropy credits from input
[    2.078994] random 0000 0000 0000 6db70b00 b30ce96b: extract_entropy account returned: 0 
[    2.078997] random 0000 0000 0000 6db70b00 b30ce96b: urand_change_num 29 xfer_secondary_pool(64): pool_sig fffffb38, data_sig 00000000, bytes_mixed 0 6db70b00 b30ce96b
[    2.079000] random 0000 0000 0000 6db70b00 b30ce96b: trying to extract 512 bits from nonblocking
[    2.079003] random 0000 0000 0000 6db70b00 b30ce96b: debiting 512 entropy credits from nonblocking (unlimited)
[    2.079005] random 0000 0000 0000 6db70b00 b30ce96b: extract_entropy account returned: 64 
[    2.079008] random 0000 0000 0000 6db70b00 b30ce96b: urand_change_num 30 extract_buf: pool_sig fffffb38, data_sig 00000151, bytes_mixed 20 6db70b00 b30ce96b
[    2.079013] random 0000 0000 0000 6db70b00 b30ce96b: urand_change_num 31 extract_buf: pool_sig fffffdb8, data_sig 00000379, bytes_mixed 20 6db70b00 b30ce96b
[    2.079017] random 0000 0000 0000 6b83001e d4b6c0d3: urand_change_num 32 extract_buf: pool_sig ffffffc9, data_sig 00000198, bytes_mixed 20 6b83001e d4b6c0d3
[    2.079022] random 0000 0000 0000 79d3e3c7 be564518: urand_change_num 33 extract_buf: pool_sig 000002b9, data_sig ffffff84, bytes_mixed 20 79d3e3c7 be564518
[    2.079026] random 0000 0000 0000 79d3e3c7 be564518: urand_change_num 34 extract_buf: pool_sig ffffff55, data_sig ffffff5a, bytes_mixed 20 79d3e3c7 be564518
[    2.079031] random 0000 0000 0000 89c03cb2 0d353228: urand_change_num 35 extract_buf: pool_sig 00000007, data_sig ffffff17, bytes_mixed 20 89c03cb2 0d353228
[    2.079035] random 0000 0000 0000 89c03cb2 0d353228: urand_change_num 36 extract_buf: pool_sig fffffdae, data_sig 000000db, bytes_mixed 20 89c03cb2 0d353228  Magic number: 13:741:397
[    2.079054] mem random: hash matches
[    2.079130] rtc_cmos 00:04: setting system clock to 2013-05-24 20:23:23 UTC (1369427003)
[    2.079133] BIOS EDD facility v0.16 2004-Jun-25, 0 devices found
[    2.079135] EDD information not available.
[    2.079159] random 0000 0000 0000 8ca62387 b120332c: rand_read_num 9 get_random_bytes(64): sig fffffed6 8ca62387 b120332c
[    2.079161] random 0000 0000 0000 8ca62387 b120332c: extract_entropy(.. 64 ..)
[    2.079164] random 0000 0000 0000 8ca62387 b120332c: going to reseed nonblocking with 512 bits (512 of 0 requested)
[    2.079166] random 0000 0000 0000 8ca62387 b120332c: extract_entropy(.. 64 ..)
[    2.079168] random 0000 0000 0000 8ca62387 b120332c: trying to extract 512 bits from input
[    2.079170] random 0000 0000 0000 8ca62387 b120332c: debiting 0 entropy credits from input
[    2.079172] random 0000 0000 0000 8ca62387 b120332c: extract_entropy account returned: 0 
[    2.079175] random 0000 0000 0000 8ca62387 b120332c: urand_change_num 37 xfer_secondary_pool(64): pool_sig fffffed6, data_sig 00000000, bytes_mixed 0 8ca62387 b120332c
[    2.079178] random 0000 0000 0000 8ca62387 b120332c: trying to extract 512 bits from nonblocking
[    2.079180] random 0000 0000 0000 8ca62387 b120332c: debiting 512 entropy credits from nonblocking (unlimited)
[    2.079182] random 0000 0000 0000 8ca62387 b120332c: extract_entropy account returned: 64 
[    2.079186] random 0000 0000 0000 8ca62387 b120332c: urand_change_num 38 extract_buf: pool_sig fffffed6, data_sig fffffeb6, bytes_mixed 20 8ca62387 b120332c
[    2.079190] random 0000 0000 0000 90702413 e2a66c2e: urand_change_num 39 extract_buf: pool_sig fffffbb0, data_sig 0000012e, bytes_mixed 20 90702413 e2a66c2e
[    2.079195] random 0000 0000 0000 90702413 e2a66c2e: urand_change_num 40 extract_buf: pool_sig fffffaf1, data_sig ffffff3c, bytes_mixed 20 90702413 e2a66c2e
[    2.079199] random 0000 0000 0000 3f58038b c77aecb6: urand_change_num 41 extract_buf: pool_sig 00000234, data_sig fffffdec, bytes_mixed 20 3f58038b c77aecb6
[    2.079204] random 0000 0000 0000 47187b9d 03f21510: urand_change_num 42 extract_buf: pool_sig 00000192, data_sig 00000075, bytes_mixed 20 47187b9d 03f21510
[    2.079208] random 0000 0000 0000 47187b9d 03f21510: urand_change_num 43 extract_buf: pool_sig 0000018e, data_sig ffffffbf, bytes_mixed 20 47187b9d 03f21510
[    2.079212] random 0000 0000 0000 3180b1fc 0fa9c973: urand_change_num 44 extract_buf: pool_sig fffffecf, data_sig ffffff2a, bytes_mixed 20 3180b1fc 0fa9c973
[    2.079215] BEGIN NET_SECRET:
[    2.079216] \xffffff87
[    2.079218] \xffffff8d
[    2.079219] \xfffffff4
[    2.079220] \xffffffae
[    2.079221] \xffffffc3
[    2.079222] \xffffffb7
[    2.079223] \x31
[    2.079225] \x65
[    2.079226] \xffffffda
[    2.079227] \xffffffa2
[    2.079228] \x31
[    2.079229] \xffffffc8
[    2.079230] \xffffffa9
[    2.079231] \x76
[    2.079233] \x76
[    2.079234] \xffffff90
[    2.079235] \x55
[    2.079236] \xfffffff3
[    2.079237] \xffffffb1
[    2.079238] \x3
[    2.079239] \xffffffb3
[    2.079241] \xffffffa7
[    2.079242] \x5a
[    2.079243] \x71
[    2.079244] \x70
[    2.079245] \xffffff8c
[    2.079246] \x56
[    2.079247] \x25
[    2.079249] \xffffffe1
[    2.079250] \x4c
[    2.079251] \xffffffe6
[    2.079252] \xffffff95
[    2.079253] \x67
[    2.079254] \x4c
[    2.079255] \xffffffb9
[    2.079257] \x1d
[    2.079258] \xe
[    2.079259] \x34
[    2.079260] \xffffffbe
[    2.079261] \x12
[    2.079262] \x5
[    2.079263] \xffffff98
[    2.079264] \xffffffa0
[    2.079266] \xf
[    2.079267] \xffffffb2
[    2.079268] \xffffffde
[    2.079269] \xffffff99
[    2.079270] \xf
[    2.079271] \xffffffe8
[    2.079272] \xffffffc8
[    2.079274] \x1f
[    2.079275] \x54
[    2.079276] \x2c
[    2.079277] \xffffffee
[    2.079278] \x2e
[    2.079279] \x0
[    2.079280] \xffffff95
[    2.079281] \x0
[    2.079283] \xffffffe3
[    2.079284] \xffffffa7
[    2.079285] \xfffffffd
[    2.079286] \x66
[    2.079287] \xffffff92
[    2.079288] \xfffffff0
[    2.079289] 
[    2.079290] END NET_SECRET
[    2.079293] random 0000 0000 0000 3180b1fc 0fa9c973: rand_read_num 10 get_random_bytes(4): sig ffffff46 3180b1fc 0fa9c973
[    2.079295] random 0000 0000 0000 3180b1fc 0fa9c973: extract_entropy(.. 4 ..)
[    2.079298] random 0000 0000 0000 3180b1fc 0fa9c973: going to reseed nonblocking with 64 bits (32 of 0 requested)
[    2.079300] random 0000 0000 0000 3180b1fc 0fa9c973: extract_entropy(.. 8 ..)
[    2.079302] random 0000 0000 0000 3180b1fc 0fa9c973: trying to extract 64 bits from input
[    2.079304] random 0000 0000 0000 3180b1fc 0fa9c973: debiting 0 entropy credits from input
[    2.079306] random 0000 0000 0000 3180b1fc 0fa9c973: extract_entropy account returned: 0 
[    2.079309] random 0000 0000 0000 3180b1fc 0fa9c973: urand_change_num 45 xfer_secondary_pool(4): pool_sig ffffff46, data_sig 00000000, bytes_mixed 0 3180b1fc 0fa9c973
[    2.079312] random 0000 0000 0000 3180b1fc 0fa9c973: trying to extract 32 bits from nonblocking
[    2.079314] random 0000 0000 0000 3180b1fc 0fa9c973: debiting 32 entropy credits from nonblocking (unlimited)
[    2.079316] random 0000 0000 0000 3180b1fc 0fa9c973: extract_entropy account returned: 4 
[    2.079320] random 0000 0000 0000 3180b1fc 0fa9c973: urand_change_num 46 extract_buf: pool_sig ffffff46, data_sig 0000001b, bytes_mixed 20 3180b1fc 0fa9c973
[    2.252006] ata2.00: ATAPI: VMware Virtual IDE CDROM Drive, 00000001, max UDMA/33
[    2.252286] ata2.00: configured for UDMA/33
[    2.252683] scsi 1:0:0:0: CD-ROM            NECVMWar VMware IDE CDR10 1.00 PQ: 0 ANSI: 5
[    2.253948] sr0: scsi3-mmc drive: 306x/306x cd/rw xa/form2 cdda tray
[    2.253952] Uniform CD-ROM driver Revision: 3.20
[    2.254004] sr 1:0:0:0: Attached scsi CD-ROM sr0
[    2.254040] sr 1:0:0:0: Attached scsi generic sg0 type 5
[    2.254076] Freeing unused kernel memory: 652k freed
[    2.254128] Write protecting the kernel text: 4840k
[    2.254158] Write protecting the kernel read-only data: 1968k
