[    0.000000] random 0000 0000 0000 00000000 00000000: rand_read_num 1 get_random_bytes(8): sig 00000000 00000000 00000000
[    0.000000] random 0000 0000 0000 00000000 00000000: extract_entropy(.. 8 ..)
[    0.000000] random 0000 0000 0000 00000000 00000000: going to reseed nonblocking with 64 bits (64 of 0 requested)
[    0.000000] random 0000 0000 0000 00000000 00000000: extract_entropy(.. 8 ..)
[    0.000000] random 0000 0000 0000 00000000 00000000: trying to extract 64 bits from input
[    0.000000] random 0000 0000 0000 00000000 00000000: debiting 0 entropy credits from input
[    0.000000] random 0000 0000 0000 00000000 00000000: extract_entropy account returned: 0 
[    0.000000] random 0000 0000 0000 00000000 00000000: urand_change_num 1 xfer_secondary_pool(8): pool_sig 00000000, data_sig 00000000, bytes_mixed 0 00000000 00000000
[    0.000000] random 0000 0000 0000 00000000 00000000: trying to extract 64 bits from nonblocking
[    0.000000] random 0000 0000 0000 00000000 00000000: debiting 64 entropy credits from nonblocking (unlimited)
[    0.000000] random 0000 0000 0000 00000000 00000000: extract_entropy account returned: 8 
[    0.000000] random 0000 0000 0000 00000000 00000000: urand_change_num 2 extract_buf: pool_sig 00000000, data_sig fffffff9, bytes_mixed 20 00000000 00000000
[    0.000000] Initializing cgroup subsys cpuset
[    0.000000] Initializing cgroup subsys cpu
[    0.000000] Linux version 2.6.32.57 (dcashman@ubuntu) (gcc version 4.6.3 (Ubuntu/Linaro 4.6.3-1ubuntu5) ) #4 SMP Fri May 24 11:09:26 PDT 2013
[    0.000000] KERNEL supported cpus:
[    0.000000]   Intel GenuineIntel
[    0.000000]   AMD AuthenticAMD
[    0.000000]   NSC Geode by NSC
[    0.000000]   Cyrix CyrixInstead
[    0.000000]   Centaur CentaurHauls
[    0.000000]   Transmeta GenuineTMx86
[    0.000000]   Transmeta TransmetaCPU
[    0.000000]   UMC UMC UMC UMC
[    0.000000] BIOS-provided physical RAM map:
[    0.000000]  BIOS-e820: 0000000000000000 - 000000000009f000 (usable)
[    0.000000]  BIOS-e820: 000000000009f000 - 00000000000a0000 (reserved)
[    0.000000]  BIOS-e820: 00000000000ca000 - 00000000000cc000 (reserved)
[    0.000000]  BIOS-e820: 00000000000dc000 - 0000000000100000 (reserved)
[    0.000000]  BIOS-e820: 0000000000100000 - 000000003fee0000 (usable)
[    0.000000]  BIOS-e820: 000000003fee0000 - 000000003feff000 (ACPI data)
[    0.000000]  BIOS-e820: 000000003feff000 - 000000003ff00000 (ACPI NVS)
[    0.000000]  BIOS-e820: 000000003ff00000 - 0000000040000000 (usable)
[    0.000000]  BIOS-e820: 00000000e0000000 - 00000000f0000000 (reserved)
[    0.000000]  BIOS-e820: 00000000fec00000 - 00000000fec10000 (reserved)
[    0.000000]  BIOS-e820: 00000000fee00000 - 00000000fee01000 (reserved)
[    0.000000]  BIOS-e820: 00000000fffe0000 - 0000000100000000 (reserved)
[    0.000000] DMI present.
[    0.000000] Phoenix BIOS detected: BIOS may corrupt low RAM, working around it.
[    0.000000] e820 update range: 0000000000000000 - 0000000000010000 (usable) ==> (reserved)
[    0.000000] last_pfn = 0x40000 max_arch_pfn = 0x1000000
[    0.000000] MTRR default type: uncachable
[    0.000000] MTRR fixed ranges enabled:
[    0.000000]   00000-9FFFF write-back
[    0.000000]   A0000-BFFFF uncachable
[    0.000000]   C0000-CBFFF write-protect
[    0.000000]   CC000-EFFFF uncachable
[    0.000000]   F0000-FFFFF write-protect
[    0.000000] MTRR variable ranges enabled:
[    0.000000]   0 base 0000000000 mask FFC0000000 write-back
[    0.000000]   1 disabled
[    0.000000]   2 disabled
[    0.000000]   3 disabled
[    0.000000]   4 disabled
[    0.000000]   5 disabled
[    0.000000]   6 disabled
[    0.000000]   7 disabled
[    0.000000] x86 PAT enabled: cpu 0, old 0x0, new 0x7010600070106
[    0.000000] Scanning 0 areas for low memory corruption
[    0.000000] modified physical RAM map:
[    0.000000]  modified: 0000000000000000 - 0000000000010000 (reserved)
[    0.000000]  modified: 0000000000010000 - 000000000009f000 (usable)
[    0.000000]  modified: 000000000009f000 - 00000000000a0000 (reserved)
[    0.000000]  modified: 00000000000ca000 - 00000000000cc000 (reserved)
[    0.000000]  modified: 00000000000dc000 - 0000000000100000 (reserved)
[    0.000000]  modified: 0000000000100000 - 000000003fee0000 (usable)
[    0.000000]  modified: 000000003fee0000 - 000000003feff000 (ACPI data)
[    0.000000]  modified: 000000003feff000 - 000000003ff00000 (ACPI NVS)
[    0.000000]  modified: 000000003ff00000 - 0000000040000000 (usable)
[    0.000000]  modified: 00000000e0000000 - 00000000f0000000 (reserved)
[    0.000000]  modified: 00000000fec00000 - 00000000fec10000 (reserved)
[    0.000000]  modified: 00000000fee00000 - 00000000fee01000 (reserved)
[    0.000000]  modified: 00000000fffe0000 - 0000000100000000 (reserved)
[    0.000000] initial memory mapped : 0 - 01e00000
[    0.000000] init_memory_mapping: 0000000000000000-00000000379fe000
[    0.000000] NX (Execute Disable) protection: active
[    0.000000]  0000000000 - 0000200000 page 4k
[    0.000000]  0000200000 - 0037800000 page 2M
[    0.000000]  0037800000 - 00379fe000 page 4k
[    0.000000] kernel direct mapping tables up to 379fe000 @ 10000-16000
[    0.000000] RAMDISK: 2dcfc000 - 32e758c3
[    0.000000] ACPI: RSDP 000f6b80 00024 (v02 PTLTD )
[    0.000000] ACPI: XSDT 3feed636 0005C (v01 INTEL  440BX    06040000 VMW  01324272)
[    0.000000] ACPI: FACP 3fefee98 000F4 (v04 INTEL  440BX    06040000 PTL  000F4240)
[    0.000000] ACPI: DSDT 3feee366 10B32 (v01 PTLTD  Custom   06040000 MSFT 03000001)
[    0.000000] ACPI: FACS 3fefffc0 00040
[    0.000000] ACPI: BOOT 3feee33e 00028 (v01 PTLTD  $SBFTBL$ 06040000  LTP 00000001)
[    0.000000] ACPI: APIC 3feedc3e 003C2 (v01 PTLTD  ? APIC   06040000  LTP 00000000)
[    0.000000] ACPI: MCFG 3feedc02 0003C (v01 PTLTD  $PCITBL$ 06040000  LTP 00000001)
[    0.000000] ACPI: SRAT 3feed732 004D0 (v02 VMWARE MEMPLUG  06040000 VMW  00000001)
[    0.000000] ACPI: HPET 3feed6fa 00038 (v01 VMWARE VMW HPET 06040000 VMW  00000001)
[    0.000000] ACPI: WAET 3feed6d2 00028 (v01 VMWARE VMW WAET 06040000 VMW  00000001)
[    0.000000] ACPI: Local APIC address 0xfee00000
[    0.000000] 134MB HIGHMEM available.
[    0.000000] 889MB LOWMEM available.
[    0.000000]   mapped low ram: 0 - 379fe000
[    0.000000]   low ram: 0 - 379fe000
[    0.000000]   node 0 low ram: 00000000 - 379fe000
[    0.000000]   node 0 bootmap 00012000 - 00018f40
[    0.000000] (9 early reservations) ==> bootmem [0000000000 - 00379fe000]
[    0.000000]   #0 [0000000000 - 0000001000]   BIOS data page ==> [0000000000 - 0000001000]
[    0.000000]   #1 [0000001000 - 0000002000]    EX TRAMPOLINE ==> [0000001000 - 0000002000]
[    0.000000]   #2 [0000006000 - 0000007000]       TRAMPOLINE ==> [0000006000 - 0000007000]
[    0.000000]   #3 [0001000000 - 0001a75ff8]    TEXT DATA BSS ==> [0001000000 - 0001a75ff8]
[    0.000000]   #4 [002dcfc000 - 0032e758c3]          RAMDISK ==> [002dcfc000 - 0032e758c3]
[    0.000000]   #5 [000009f000 - 0000100000]    BIOS reserved ==> [000009f000 - 0000100000]
[    0.000000]   #6 [0001a76000 - 0001a851c0]              BRK ==> [0001a76000 - 0001a851c0]
[    0.000000]   #7 [0000010000 - 0000012000]          PGTABLE ==> [0000010000 - 0000012000]
[    0.000000]   #8 [0000012000 - 0000019000]          BOOTMAP ==> [0000012000 - 0000019000]
[    0.000000] found SMP MP-table at [c00f6bf0] f6bf0
[    0.000000] Zone PFN ranges:
[    0.000000]   DMA      0x00000010 -> 0x00001000
[    0.000000]   Normal   0x00001000 -> 0x000379fe
[    0.000000]   HighMem  0x000379fe -> 0x00040000
[    0.000000] Movable zone start PFN for each node
[    0.000000] early_node_map[3] active PFN ranges
[    0.000000]     0: 0x00000010 -> 0x0000009f
[    0.000000]     0: 0x00000100 -> 0x0003fee0
[    0.000000]     0: 0x0003ff00 -> 0x00040000
[    0.000000] On node 0 totalpages: 261999
[    0.000000] free_area_init_node: node 0, pgdat c1715200, node_mem_map c1a87200
[    0.000000]   DMA zone: 32 pages used for memmap
[    0.000000]   DMA zone: 0 pages reserved
[    0.000000]   DMA zone: 3951 pages, LIFO batch:0
[    0.000000]   Normal zone: 1748 pages used for memmap
[    0.000000]   Normal zone: 221994 pages, LIFO batch:31
[    0.000000]   HighMem zone: 269 pages used for memmap
[    0.000000]   HighMem zone: 34005 pages, LIFO batch:7
[    0.000000] Using APIC driver default
[    0.000000] ACPI: PM-Timer IO Port: 0x1008
[    0.000000] ACPI: Local APIC address 0xfee00000
[    0.000000] ACPI: LAPIC (acpi_id[0x00] lapic_id[0x00] enabled)
[    0.000000] ACPI: LAPIC (acpi_id[0x01] lapic_id[0x02] disabled)
[    0.000000] ACPI: LAPIC (acpi_id[0x02] lapic_id[0x04] disabled)
[    0.000000] ACPI: LAPIC (acpi_id[0x03] lapic_id[0x06] disabled)
[    0.000000] ACPI: LAPIC (acpi_id[0x04] lapic_id[0x08] disabled)
[    0.000000] ACPI: LAPIC (acpi_id[0x05] lapic_id[0x0a] disabled)
[    0.000000] ACPI: LAPIC (acpi_id[0x06] lapic_id[0x0c] disabled)
[    0.000000] ACPI: LAPIC (acpi_id[0x07] lapic_id[0x0e] disabled)
[    0.000000] ACPI: LAPIC (acpi_id[0x08] lapic_id[0x10] disabled)
[    0.000000] ACPI: LAPIC (acpi_id[0x09] lapic_id[0x12] disabled)
[    0.000000] ACPI: LAPIC (acpi_id[0x0a] lapic_id[0x14] disabled)
[    0.000000] ACPI: LAPIC (acpi_id[0x0b] lapic_id[0x16] disabled)
[    0.000000] ACPI: LAPIC (acpi_id[0x0c] lapic_id[0x18] disabled)
[    0.000000] ACPI: LAPIC (acpi_id[0x0d] lapic_id[0x1a] disabled)
[    0.000000] ACPI: LAPIC (acpi_id[0x0e] lapic_id[0x1c] disabled)
[    0.000000] ACPI: LAPIC (acpi_id[0x0f] lapic_id[0x1e] disabled)
[    0.000000] ACPI: LAPIC (acpi_id[0x10] lapic_id[0x20] disabled)
[    0.000000] ACPI: LAPIC (acpi_id[0x11] lapic_id[0x22] disabled)
[    0.000000] ACPI: LAPIC (acpi_id[0x12] lapic_id[0x24] disabled)
[    0.000000] ACPI: LAPIC (acpi_id[0x13] lapic_id[0x26] disabled)
[    0.000000] ACPI: LAPIC (acpi_id[0x14] lapic_id[0x28] disabled)
[    0.000000] ACPI: LAPIC (acpi_id[0x15] lapic_id[0x2a] disabled)
[    0.000000] ACPI: LAPIC (acpi_id[0x16] lapic_id[0x2c] disabled)
[    0.000000] ACPI: LAPIC (acpi_id[0x17] lapic_id[0x2e] disabled)
[    0.000000] ACPI: LAPIC (acpi_id[0x18] lapic_id[0x30] disabled)
[    0.000000] ACPI: LAPIC (acpi_id[0x19] lapic_id[0x32] disabled)
[    0.000000] ACPI: LAPIC (acpi_id[0x1a] lapic_id[0x34] disabled)
[    0.000000] ACPI: LAPIC (acpi_id[0x1b] lapic_id[0x36] disabled)
[    0.000000] ACPI: LAPIC (acpi_id[0x1c] lapic_id[0x38] disabled)
[    0.000000] ACPI: LAPIC (acpi_id[0x1d] lapic_id[0x3a] disabled)
[    0.000000] ACPI: LAPIC (acpi_id[0x1e] lapic_id[0x3c] disabled)
[    0.000000] ACPI: LAPIC (acpi_id[0x1f] lapic_id[0x3e] disabled)
[    0.000000] ACPI: LAPIC (acpi_id[0x20] lapic_id[0x40] disabled)
[    0.000000] ACPI: LAPIC (acpi_id[0x21] lapic_id[0x42] disabled)
[    0.000000] ACPI: LAPIC (acpi_id[0x22] lapic_id[0x44] disabled)
[    0.000000] ACPI: LAPIC (acpi_id[0x23] lapic_id[0x46] disabled)
[    0.000000] ACPI: LAPIC (acpi_id[0x24] lapic_id[0x48] disabled)
[    0.000000] ACPI: LAPIC (acpi_id[0x25] lapic_id[0x4a] disabled)
[    0.000000] ACPI: LAPIC (acpi_id[0x26] lapic_id[0x4c] disabled)
[    0.000000] ACPI: LAPIC (acpi_id[0x27] lapic_id[0x4e] disabled)
[    0.000000] ACPI: LAPIC (acpi_id[0x28] lapic_id[0x50] disabled)
[    0.000000] ACPI: LAPIC (acpi_id[0x29] lapic_id[0x52] disabled)
[    0.000000] ACPI: LAPIC (acpi_id[0x2a] lapic_id[0x54] disabled)
[    0.000000] ACPI: LAPIC (acpi_id[0x2b] lapic_id[0x56] disabled)
[    0.000000] ACPI: LAPIC (acpi_id[0x2c] lapic_id[0x58] disabled)
[    0.000000] ACPI: LAPIC (acpi_id[0x2d] lapic_id[0x5a] disabled)
[    0.000000] ACPI: LAPIC (acpi_id[0x2e] lapic_id[0x5c] disabled)
[    0.000000] ACPI: LAPIC (acpi_id[0x2f] lapic_id[0x5e] disabled)
[    0.000000] ACPI: LAPIC (acpi_id[0x30] lapic_id[0x60] disabled)
[    0.000000] ACPI: LAPIC (acpi_id[0x31] lapic_id[0x62] disabled)
[    0.000000] ACPI: LAPIC (acpi_id[0x32] lapic_id[0x64] disabled)
[    0.000000] ACPI: LAPIC (acpi_id[0x33] lapic_id[0x66] disabled)
[    0.000000] ACPI: LAPIC (acpi_id[0x34] lapic_id[0x68] disabled)
[    0.000000] ACPI: LAPIC (acpi_id[0x35] lapic_id[0x6a] disabled)
[    0.000000] ACPI: LAPIC (acpi_id[0x36] lapic_id[0x6c] disabled)
[    0.000000] ACPI: LAPIC (acpi_id[0x37] lapic_id[0x6e] disabled)
[    0.000000] ACPI: LAPIC (acpi_id[0x38] lapic_id[0x70] disabled)
[    0.000000] ACPI: LAPIC (acpi_id[0x39] lapic_id[0x72] disabled)
[    0.000000] ACPI: LAPIC (acpi_id[0x3a] lapic_id[0x74] disabled)
[    0.000000] ACPI: LAPIC (acpi_id[0x3b] lapic_id[0x76] disabled)
[    0.000000] ACPI: LAPIC (acpi_id[0x3c] lapic_id[0x78] disabled)
[    0.000000] ACPI: LAPIC (acpi_id[0x3d] lapic_id[0x7a] disabled)
[    0.000000] ACPI: LAPIC (acpi_id[0x3e] lapic_id[0x7c] disabled)
[    0.000000] ACPI: LAPIC (acpi_id[0x3f] lapic_id[0x7e] disabled)
[    0.000000] ACPI: LAPIC_NMI (acpi_id[0x00] high edge lint[0x1])
[    0.000000] ACPI: LAPIC_NMI (acpi_id[0x01] high edge lint[0x1])
[    0.000000] ACPI: LAPIC_NMI (acpi_id[0x02] high edge lint[0x1])
[    0.000000] ACPI: LAPIC_NMI (acpi_id[0x03] high edge lint[0x1])
[    0.000000] ACPI: LAPIC_NMI (acpi_id[0x04] high edge lint[0x1])
[    0.000000] ACPI: LAPIC_NMI (acpi_id[0x05] high edge lint[0x1])
[    0.000000] ACPI: LAPIC_NMI (acpi_id[0x06] high edge lint[0x1])
[    0.000000] ACPI: LAPIC_NMI (acpi_id[0x07] high edge lint[0x1])
[    0.000000] ACPI: LAPIC_NMI (acpi_id[0x08] high edge lint[0x1])
[    0.000000] ACPI: LAPIC_NMI (acpi_id[0x09] high edge lint[0x1])
[    0.000000] ACPI: LAPIC_NMI (acpi_id[0x0a] high edge lint[0x1])
[    0.000000] ACPI: LAPIC_NMI (acpi_id[0x0b] high edge lint[0x1])
[    0.000000] ACPI: LAPIC_NMI (acpi_id[0x0c] high edge lint[0x1])
[    0.000000] ACPI: LAPIC_NMI (acpi_id[0x0d] high edge lint[0x1])
[    0.000000] ACPI: LAPIC_NMI (acpi_id[0x0e] high edge lint[0x1])
[    0.000000] ACPI: LAPIC_NMI (acpi_id[0x0f] high edge lint[0x1])
[    0.000000] ACPI: LAPIC_NMI (acpi_id[0x10] high edge lint[0x1])
[    0.000000] ACPI: LAPIC_NMI (acpi_id[0x11] high edge lint[0x1])
[    0.000000] ACPI: LAPIC_NMI (acpi_id[0x12] high edge lint[0x1])
[    0.000000] ACPI: LAPIC_NMI (acpi_id[0x13] high edge lint[0x1])
[    0.000000] ACPI: LAPIC_NMI (acpi_id[0x14] high edge lint[0x1])
[    0.000000] ACPI: LAPIC_NMI (acpi_id[0x15] high edge lint[0x1])
[    0.000000] ACPI: LAPIC_NMI (acpi_id[0x16] high edge lint[0x1])
[    0.000000] ACPI: LAPIC_NMI (acpi_id[0x17] high edge lint[0x1])
[    0.000000] ACPI: LAPIC_NMI (acpi_id[0x18] high edge lint[0x1])
[    0.000000] ACPI: LAPIC_NMI (acpi_id[0x19] high edge lint[0x1])
[    0.000000] ACPI: LAPIC_NMI (acpi_id[0x1a] high edge lint[0x1])
[    0.000000] ACPI: LAPIC_NMI (acpi_id[0x1b] high edge lint[0x1])
[    0.000000] ACPI: LAPIC_NMI (acpi_id[0x1c] high edge lint[0x1])
[    0.000000] ACPI: LAPIC_NMI (acpi_id[0x1d] high edge lint[0x1])
[    0.000000] ACPI: LAPIC_NMI (acpi_id[0x1e] high edge lint[0x1])
[    0.000000] ACPI: LAPIC_NMI (acpi_id[0x1f] high edge lint[0x1])
[    0.000000] ACPI: LAPIC_NMI (acpi_id[0x20] high edge lint[0x1])
[    0.000000] ACPI: LAPIC_NMI (acpi_id[0x21] high edge lint[0x1])
[    0.000000] ACPI: LAPIC_NMI (acpi_id[0x22] high edge lint[0x1])
[    0.000000] ACPI: LAPIC_NMI (acpi_id[0x23] high edge lint[0x1])
[    0.000000] ACPI: LAPIC_NMI (acpi_id[0x24] high edge lint[0x1])
[    0.000000] ACPI: LAPIC_NMI (acpi_id[0x25] high edge lint[0x1])
[    0.000000] ACPI: LAPIC_NMI (acpi_id[0x26] high edge lint[0x1])
[    0.000000] ACPI: LAPIC_NMI (acpi_id[0x27] high edge lint[0x1])
[    0.000000] ACPI: LAPIC_NMI (acpi_id[0x28] high edge lint[0x1])
[    0.000000] ACPI: LAPIC_NMI (acpi_id[0x29] high edge lint[0x1])
[    0.000000] ACPI: LAPIC_NMI (acpi_id[0x2a] high edge lint[0x1])
[    0.000000] ACPI: LAPIC_NMI (acpi_id[0x2b] high edge lint[0x1])
[    0.000000] ACPI: LAPIC_NMI (acpi_id[0x2c] high edge lint[0x1])
[    0.000000] ACPI: LAPIC_NMI (acpi_id[0x2d] high edge lint[0x1])
[    0.000000] ACPI: LAPIC_NMI (acpi_id[0x2e] high edge lint[0x1])
[    0.000000] ACPI: LAPIC_NMI (acpi_id[0x2f] high edge lint[0x1])
[    0.000000] ACPI: LAPIC_NMI (acpi_id[0x30] high edge lint[0x1])
[    0.000000] ACPI: LAPIC_NMI (acpi_id[0x31] high edge lint[0x1])
[    0.000000] ACPI: LAPIC_NMI (acpi_id[0x32] high edge lint[0x1])
[    0.000000] ACPI: LAPIC_NMI (acpi_id[0x33] high edge lint[0x1])
[    0.000000] ACPI: LAPIC_NMI (acpi_id[0x34] high edge lint[0x1])
[    0.000000] ACPI: LAPIC_NMI (acpi_id[0x35] high edge lint[0x1])
[    0.000000] ACPI: LAPIC_NMI (acpi_id[0x36] high edge lint[0x1])
[    0.000000] ACPI: LAPIC_NMI (acpi_id[0x37] high edge lint[0x1])
[    0.000000] ACPI: LAPIC_NMI (acpi_id[0x38] high edge lint[0x1])
[    0.000000] ACPI: LAPIC_NMI (acpi_id[0x39] high edge lint[0x1])
[    0.000000] ACPI: LAPIC_NMI (acpi_id[0x3a] high edge lint[0x1])
[    0.000000] ACPI: LAPIC_NMI (acpi_id[0x3b] high edge lint[0x1])
[    0.000000] ACPI: LAPIC_NMI (acpi_id[0x3c] high edge lint[0x1])
[    0.000000] ACPI: LAPIC_NMI (acpi_id[0x3d] high edge lint[0x1])
[    0.000000] ACPI: LAPIC_NMI (acpi_id[0x3e] high edge lint[0x1])
[    0.000000] ACPI: LAPIC_NMI (acpi_id[0x3f] high edge lint[0x1])
[    0.000000] ACPI: Skipping IOAPIC probe due to 'noapic' option.
[    0.000000] Using ACPI for processor (LAPIC) configuration information
[    0.000000] ACPI: HPET id: 0x8086af01 base: 0xfed00000
[    0.000000] Intel MultiProcessor Specification v1.4
[    0.000000]     Virtual Wire compatibility mode.
[    0.000000] MPTABLE: OEM ID: INTEL   
[    0.000000] MPTABLE: Product ID: 440BX       
[    0.000000] MPTABLE: APIC at: 0xFEE00000
[    0.000000] I/O APIC #1 Version 17 at 0xFEC00000.
[    0.000000] Processors: 1
[    0.000000] 64 Processors exceeds NR_CPUS limit of 8
[    0.000000] SMP: Allowing 8 CPUs, 7 hotplug CPUs
[    0.000000] nr_irqs_gsi: 24
[    0.000000] PM: Registered nosave memory: 000000000009f000 - 00000000000a0000
[    0.000000] PM: Registered nosave memory: 00000000000a0000 - 00000000000ca000
[    0.000000] PM: Registered nosave memory: 00000000000ca000 - 00000000000cc000
[    0.000000] PM: Registered nosave memory: 00000000000cc000 - 00000000000dc000
[    0.000000] PM: Registered nosave memory: 00000000000dc000 - 0000000000100000
[    0.000000] Allocating PCI resources starting at 40000000 (gap: 40000000:a0000000)
[    0.000000] Booting paravirtualized kernel on bare hardware
[    0.000000] NR_CPUS:8 nr_cpumask_bits:8 nr_cpu_ids:8 nr_node_ids:1
[    0.000000] PERCPU: Embedded 15 pages/cpu @c2400000 s39320 r0 d22120 u262144
[    0.000000] pcpu-alloc: s39320 r0 d22120 u262144 alloc=1*2097152
[    0.000000] pcpu-alloc: [0] 0 1 2 3 4 5 6 7 
[    0.000000] Built 1 zonelists in Zone order, mobility grouping on.  Total pages: 259950
[    0.000000] Kernel command line: BOOT_IMAGE=/boot/vmlinuz-2.6.32.57 root=UUID=007b598c-390d-4c65-84a1-4ff752d48633 ro quiet splash maxcpus=0
[    0.000000] PID hash table entries: 4096 (order: 2, 16384 bytes)
[    0.000000] Dentry cache hash table entries: 131072 (order: 7, 524288 bytes)
[    0.000000] Inode-cache hash table entries: 65536 (order: 6, 262144 bytes)
[    0.000000] Enabling fast FPU save and restore... done.
[    0.000000] Enabling unmasked SIMD FPU exception support... done.
[    0.000000] Initializing CPU#0
[    0.000000] xsave/xrstor: enabled xstate_bv 0x7, cntxt size 0x340
[    0.000000] allocated 5242560 bytes of page_cgroup
[    0.000000] please try 'cgroup_disable=memory' option if you don't want memory cgroups
[    0.000000] Initializing HighMem for node 0 (000379fe:00040000)
[    0.000000] Memory: 938260k/1048576k available (4839k kernel code, 108848k reserved, 2518k data, 652k init, 137096k highmem)
[    0.000000] virtual kernel memory layout:
[    0.000000]     fixmap  : 0xfff1e000 - 0xfffff000   ( 900 kB)
[    0.000000]     pkmap   : 0xffa00000 - 0xffc00000   (2048 kB)
[    0.000000]     vmalloc : 0xf81fe000 - 0xff9fe000   ( 120 MB)
[    0.000000]     lowmem  : 0xc0000000 - 0xf79fe000   ( 889 MB)
[    0.000000]       .init : 0xc1730000 - 0xc17d3000   ( 652 kB)
[    0.000000]       .data : 0xc14b9cce - 0xc172f764   (2518 kB)
[    0.000000]       .text : 0xc1000000 - 0xc14b9cce   (4839 kB)
[    0.000000] Checking if this processor honours the WP bit even in supervisor mode...Ok.
[    0.000000] SLUB: Genslabs=13, HWalign=64, Order=0-3, MinObjects=0, CPUs=8, Nodes=1
[    0.000000] Hierarchical RCU implementation.
[    0.000000] NR_IRQS:2304 nr_irqs:472
[    0.000000] Extended CMOS year: 2000
[    0.000000] Console: colour VGA+ 80x25
[    0.000000] console [tty0] enabled
[    0.000000] hpet clockevent registered
[    0.000000] TSC freq read from hypervisor : 2394.620 MHz
[    0.000000] Detected 2394.620 MHz processor.
[    0.000002] Calibrating delay loop (skipped) preset value.. 4789.24 BogoMIPS (lpj=9578480)
[    0.000011] Security Framework initialized
[    0.000014] SELinux:  Disabled at boot.
[    0.000018] Mount-cache hash table entries: 512
[    0.000113] Initializing cgroup subsys cpuacct
[    0.000116] Initializing cgroup subsys memory
[    0.000119] Initializing cgroup subsys devices
[    0.000121] Initializing cgroup subsys freezer
[    0.000146] CPU: Physical Processor ID: 0
[    0.000153] CPU: L1 I cache: 32K, L1 D cache: 32K
[    0.000155] CPU: L2 cache: 256K
[    0.000156] CPU: L3 cache: 4096K
[    0.000161] mce: CPU supports 0 MCE banks
[    0.000172] Performance Events: no PMU driver, software events only.
[    0.000182] Checking 'hlt' instruction... OK.
[    0.018526] SMP alternatives: switching to UP code
[    0.032883] ACPI: Core revision 20090903
[    0.039587] ACPI: setting ELCR to 0200 (from 0e20)
[    0.040707] ftrace: converting mcount calls to 0f 1f 44 00 00
[    0.040718] ftrace: allocating 22631 entries in 45 pages
[    0.058514] CANARY value: cc101d1 for PID: 1
[    0.058544] Not enabling x2apic, Intr-remapping init failed.
[    0.058546] Enabling APIC mode:  Flat.  Using 1 I/O APICs
[    0.058553] SMP mode deactivated.
[    0.058578] SMP disabled
[    0.058668] Brought up 1 CPUs
[    0.058670] Total of 1 processors activated (4789.24 BogoMIPS).
[    0.058674] CPU0 attaching NULL sched-domain.
[    0.058757] devtmpfs: initialized
[    0.058862] sysctl table check failed: /kernel/random/now_input .1.40.7 Unknown sysctl binary path
[    0.059102] Pid: 1, comm: swapper Not tainted 2.6.32.57 #4
[    0.059103] Call Trace:
[    0.059108]  [<c14a8a0e>] ? printk+0x1d/0x1f
[    0.059111]  [<c107b56f>] set_fail+0x4f/0x60
[    0.059113]  [<c107b8b3>] sysctl_check_table+0x333/0x620
[    0.059114]  [<c107b8cc>] sysctl_check_table+0x34c/0x620
[    0.059116]  [<c107b8cc>] sysctl_check_table+0x34c/0x620
[    0.059120]  [<c1746d48>] sysctl_init+0x25/0x29
[    0.059122]  [<c1003042>] do_one_initcall+0x32/0x1a0
[    0.059124]  [<c1746d23>] ? sysctl_init+0x0/0x29
[    0.059126]  [<c17308e7>] kernel_init+0x12d/0x17a
[    0.059128]  [<c17307ba>] ? kernel_init+0x0/0x17a
[    0.059130]  [<c1009b07>] kernel_thread_helper+0x7/0x10
[    0.059132] sysctl table check failed: /kernel/random/now_blocking .1.40.8 Unknown sysctl binary path
[    0.059361] Pid: 1, comm: swapper Not tainted 2.6.32.57 #4
[    0.059361] Call Trace:
[    0.059363]  [<c14a8a0e>] ? printk+0x1d/0x1f
[    0.059364]  [<c107b56f>] set_fail+0x4f/0x60
[    0.059366]  [<c107b8b3>] sysctl_check_table+0x333/0x620
[    0.059368]  [<c107b8cc>] sysctl_check_table+0x34c/0x620
[    0.059369]  [<c107b8cc>] sysctl_check_table+0x34c/0x620
[    0.059371]  [<c1746d48>] sysctl_init+0x25/0x29
[    0.059373]  [<c1003042>] do_one_initcall+0x32/0x1a0
[    0.059375]  [<c1746d23>] ? sysctl_init+0x0/0x29
[    0.059376]  [<c17308e7>] kernel_init+0x12d/0x17a
[    0.059378]  [<c17307ba>] ? kernel_init+0x0/0x17a
[    0.059380]  [<c1009b07>] kernel_thread_helper+0x7/0x10
[    0.059381] sysctl table check failed: /kernel/random/now_nonblocking .1.40.9 Unknown sysctl binary path
[    0.059611] Pid: 1, comm: swapper Not tainted 2.6.32.57 #4
[    0.059612] Call Trace:
[    0.059613]  [<c14a8a0e>] ? printk+0x1d/0x1f
[    0.059615]  [<c107b56f>] set_fail+0x4f/0x60
[    0.059616]  [<c107b8b3>] sysctl_check_table+0x333/0x620
[    0.059618]  [<c107b8cc>] sysctl_check_table+0x34c/0x620
[    0.059619]  [<c107b8cc>] sysctl_check_table+0x34c/0x620
[    0.059622]  [<c1746d48>] sysctl_init+0x25/0x29
[    0.059623]  [<c1003042>] do_one_initcall+0x32/0x1a0
[    0.059625]  [<c1746d23>] ? sysctl_init+0x0/0x29
[    0.059627]  [<c17308e7>] kernel_init+0x12d/0x17a
[    0.059628]  [<c17307ba>] ? kernel_init+0x0/0x17a
[    0.059630]  [<c1009b07>] kernel_thread_helper+0x7/0x10
[    0.059631] sysctl table check failed: /kernel/random/nb_input_bytes .1.40.10 Unknown sysctl binary path
[    0.059892] Pid: 1, comm: swapper Not tainted 2.6.32.57 #4
[    0.059893] Call Trace:
[    0.059894]  [<c14a8a0e>] ? printk+0x1d/0x1f
[    0.059896]  [<c107b56f>] set_fail+0x4f/0x60
[    0.059897]  [<c107b8b3>] sysctl_check_table+0x333/0x620
[    0.059899]  [<c107b8cc>] sysctl_check_table+0x34c/0x620
[    0.059900]  [<c107b8cc>] sysctl_check_table+0x34c/0x620
[    0.059903]  [<c1746d48>] sysctl_init+0x25/0x29
[    0.059904]  [<c1003042>] do_one_initcall+0x32/0x1a0
[    0.059906]  [<c1746d23>] ? sysctl_init+0x0/0x29
[    0.059908]  [<c17308e7>] kernel_init+0x12d/0x17a
[    0.059909]  [<c17307ba>] ? kernel_init+0x0/0x17a
[    0.059911]  [<c1009b07>] kernel_thread_helper+0x7/0x10
[    0.059912] sysctl table check failed: /kernel/random/nb_stir_count .1.40.11 Unknown sysctl binary path
[    0.060142] Pid: 1, comm: swapper Not tainted 2.6.32.57 #4
[    0.060142] Call Trace:
[    0.060144]  [<c14a8a0e>] ? printk+0x1d/0x1f
[    0.060145]  [<c107b56f>] set_fail+0x4f/0x60
[    0.060146]  [<c107b8b3>] sysctl_check_table+0x333/0x620
[    0.060148]  [<c107b8cc>] sysctl_check_table+0x34c/0x620
[    0.060150]  [<c107b8cc>] sysctl_check_table+0x34c/0x620
[    0.060152]  [<c1746d48>] sysctl_init+0x25/0x29
[    0.060153]  [<c1003042>] do_one_initcall+0x32/0x1a0
[    0.060155]  [<c1746d23>] ? sysctl_init+0x0/0x29
[    0.060157]  [<c17308e7>] kernel_init+0x12d/0x17a
[    0.060158]  [<c17307ba>] ? kernel_init+0x0/0x17a
[    0.060160]  [<c1009b07>] kernel_thread_helper+0x7/0x10
[    0.060161] sysctl table check failed: /kernel/random/nb_reentry_count .1.40.12 Unknown sysctl binary path
[    0.060392] Pid: 1, comm: swapper Not tainted 2.6.32.57 #4
[    0.060393] Call Trace:
[    0.060394]  [<c14a8a0e>] ? printk+0x1d/0x1f
[    0.060396]  [<c107b56f>] set_fail+0x4f/0x60
[    0.060397]  [<c107b8b3>] sysctl_check_table+0x333/0x620
[    0.060399]  [<c107b8cc>] sysctl_check_table+0x34c/0x620
[    0.060400]  [<c107b8cc>] sysctl_check_table+0x34c/0x620
[    0.060403]  [<c1746d48>] sysctl_init+0x25/0x29
[    0.060404]  [<c1003042>] do_one_initcall+0x32/0x1a0
[    0.060406]  [<c1746d23>] ? sysctl_init+0x0/0x29
[    0.060408]  [<c17308e7>] kernel_init+0x12d/0x17a
[    0.060409]  [<c17307ba>] ? kernel_init+0x0/0x17a
[    0.060411]  [<c1009b07>] kernel_thread_helper+0x7/0x10
[    0.060520] RANDOM - __seed init called.
[    0.060520] RANDOM - __seed init called.
[    0.060521] RANDOM - __seed init called.
[    0.060522] RANDOM - __random32 called. Change num 1.  Value: 865378fd	b53d80db	1f8ba37e
[    0.060524] RANDOM - __random32 called. Change num 2.  Value: 378fdd29	53d80db0	46fc7ad7
[    0.060525] RANDOM - __random32 called. Change num 3.  Value: fdd29985	3d80db0e	f5ae23f5
[    0.060526] RANDOM - __random32 called. Change num 4.  Value: 299855dc	d80db0e5	47eb1be7
[    0.060527] RANDOM - __random32 called. Change num 5.  Value: 855dc464	80db0e5c	37cf1678
[    0.060529] RANDOM - __random32 called. Change num 6.  Value: dc4647ba	db0e5c1	2cf136f4
[    0.060530] RANDOM - random32 init called.  Value: dc4647ba	db0e5c1	2cf136f4
[    0.060535] regulator: core version 0.5
[    0.060605] Time: 21:57:47  Date: 05/24/13
[    0.060662] NET: Registered protocol family 16
[    0.060741] EISA bus registered
[    0.061464] ACPI: bus type pci registered
[    0.061551] PCI: MCFG configuration 0: base e0000000 segment 0 buses 0 - 255
[    0.061553] PCI: MCFG area at e0000000 reserved in E820
[    0.061554] PCI: Using MMCONFIG for extended config space
[    0.061555] PCI: Using configuration type 1 for base access
[    0.062034] bio: create slab <bio-0> at 0
[    0.063216] ACPI: EC: Look up EC in DSDT
[    0.098729] ACPI: BIOS _OSI(Linux) query ignored
[    0.104341] ACPI: Interpreter enabled
[    0.104344] ACPI: (supports S0 S1 S4 S5)
[    0.104355] ACPI: Using PIC for interrupt routing
[    0.184826] ACPI: No dock devices found.
[    0.185630] ACPI: PCI Root Bridge [PCI0] (0000:00)
[    0.187138] pci 0000:00:07.1: reg 20 io port: [0x10c0-0x10cf]
[    0.187660] pci 0000:00:07.3: quirk: region 1000-103f claimed by PIIX4 ACPI
[    0.187672] pci 0000:00:07.3: quirk: region 1040-104f claimed by PIIX4 SMB
[    0.188212] pci 0000:00:07.7: reg 10 io port: [0x1080-0x10bf]
[    0.188630] pci 0000:00:07.7: reg 14 64bit mmio: [0xc8000000-0xc8001fff]
[    0.189755] pci 0000:00:0f.0: reg 10 io port: [0x10d0-0x10df]
[    0.189803] pci 0000:00:0f.0: reg 14 32bit mmio pref: [0xd0000000-0xd7ffffff]
[    0.189841] pci 0000:00:0f.0: reg 18 32bit mmio: [0xc8800000-0xc8ffffff]
[    0.189977] pci 0000:00:0f.0: reg 30 32bit mmio pref: [0x000000-0x007fff]
[    0.190484] pci 0000:00:10.0: reg 10 io port: [0x1400-0x14ff]
[    0.190843] pci 0000:00:10.0: reg 14 64bit mmio: [0xc8040000-0xc805ffff]
[    0.191186] pci 0000:00:10.0: reg 1c 64bit mmio: [0xc8020000-0xc803ffff]
[    0.191257] pci 0000:00:10.0: reg 30 32bit mmio pref: [0x000000-0x003fff]
[    0.192611] pci 0000:00:15.0: PME# supported from D0 D3hot D3cold
[    0.192631] pci 0000:00:15.0: PME# disabled
[    0.193429] pci 0000:00:15.1: PME# supported from D0 D3hot D3cold
[    0.193448] pci 0000:00:15.1: PME# disabled
[    0.194272] pci 0000:00:15.2: PME# supported from D0 D3hot D3cold
[    0.194290] pci 0000:00:15.2: PME# disabled
[    0.195124] pci 0000:00:15.3: PME# supported from D0 D3hot D3cold
[    0.195143] pci 0000:00:15.3: PME# disabled
[    0.195969] pci 0000:00:15.4: PME# supported from D0 D3hot D3cold
[    0.195988] pci 0000:00:15.4: PME# disabled
[    0.196816] pci 0000:00:15.5: PME# supported from D0 D3hot D3cold
[    0.196834] pci 0000:00:15.5: PME# disabled
[    0.197658] pci 0000:00:15.6: PME# supported from D0 D3hot D3cold
[    0.197677] pci 0000:00:15.6: PME# disabled
[    0.198484] pci 0000:00:15.7: PME# supported from D0 D3hot D3cold
[    0.198512] pci 0000:00:15.7: PME# disabled
[    0.199311] pci 0000:00:16.0: PME# supported from D0 D3hot D3cold
[    0.199329] pci 0000:00:16.0: PME# disabled
[    0.200158] pci 0000:00:16.1: PME# supported from D0 D3hot D3cold
[    0.200177] pci 0000:00:16.1: PME# disabled
[    0.200993] pci 0000:00:16.2: PME# supported from D0 D3hot D3cold
[    0.201012] pci 0000:00:16.2: PME# disabled
[    0.201837] pci 0000:00:16.3: PME# supported from D0 D3hot D3cold
[    0.201856] pci 0000:00:16.3: PME# disabled
[    0.202682] pci 0000:00:16.4: PME# supported from D0 D3hot D3cold
[    0.202701] pci 0000:00:16.4: PME# disabled
[    0.203499] pci 0000:00:16.5: PME# supported from D0 D3hot D3cold
[    0.203518] pci 0000:00:16.5: PME# disabled
[    0.204321] pci 0000:00:16.6: PME# supported from D0 D3hot D3cold
[    0.204340] pci 0000:00:16.6: PME# disabled
[    0.205188] pci 0000:00:16.7: PME# supported from D0 D3hot D3cold
[    0.205207] pci 0000:00:16.7: PME# disabled
[    0.206030] pci 0000:00:17.0: PME# supported from D0 D3hot D3cold
[    0.206048] pci 0000:00:17.0: PME# disabled
[    0.206888] pci 0000:00:17.1: PME# supported from D0 D3hot D3cold
[    0.206907] pci 0000:00:17.1: PME# disabled
[    0.207735] pci 0000:00:17.2: PME# supported from D0 D3hot D3cold
[    0.207753] pci 0000:00:17.2: PME# disabled
[    0.208585] pci 0000:00:17.3: PME# supported from D0 D3hot D3cold
[    0.208605] pci 0000:00:17.3: PME# disabled
[    0.209413] pci 0000:00:17.4: PME# supported from D0 D3hot D3cold
[    0.209432] pci 0000:00:17.4: PME# disabled
[    0.210249] pci 0000:00:17.5: PME# supported from D0 D3hot D3cold
[    0.210267] pci 0000:00:17.5: PME# disabled
[    0.211092] pci 0000:00:17.6: PME# supported from D0 D3hot D3cold
[    0.211110] pci 0000:00:17.6: PME# disabled
[    0.211940] pci 0000:00:17.7: PME# supported from D0 D3hot D3cold
[    0.211959] pci 0000:00:17.7: PME# disabled
[    0.212822] pci 0000:00:18.0: PME# supported from D0 D3hot D3cold
[    0.212842] pci 0000:00:18.0: PME# disabled
[    0.213660] pci 0000:00:18.1: PME# supported from D0 D3hot D3cold
[    0.213678] pci 0000:00:18.1: PME# disabled
[    0.214502] pci 0000:00:18.2: PME# supported from D0 D3hot D3cold
[    0.214521] pci 0000:00:18.2: PME# disabled
[    0.215318] pci 0000:00:18.3: PME# supported from D0 D3hot D3cold
[    0.215336] pci 0000:00:18.3: PME# disabled
[    0.216171] pci 0000:00:18.4: PME# supported from D0 D3hot D3cold
[    0.216190] pci 0000:00:18.4: PME# disabled
[    0.217053] pci 0000:00:18.5: PME# supported from D0 D3hot D3cold
[    0.217072] pci 0000:00:18.5: PME# disabled
[    0.217944] pci 0000:00:18.6: PME# supported from D0 D3hot D3cold
[    0.217964] pci 0000:00:18.6: PME# disabled
[    0.218787] pci 0000:00:18.7: PME# supported from D0 D3hot D3cold
[    0.218806] pci 0000:00:18.7: PME# disabled
[    0.219852] pci 0000:02:00.0: reg 20 io port: [0x20c0-0x20df]
[    0.220311] pci 0000:02:01.0: reg 10 io port: [0x2000-0x207f]
[    0.220540] pci 0000:02:01.0: reg 30 32bit mmio pref: [0x000000-0x00ffff]
[    0.221054] pci 0000:02:02.0: reg 10 io port: [0x2080-0x20bf]
[    0.221647] pci 0000:02:03.0: reg 10 32bit mmio: [0xc9000000-0xc9000fff]
[    0.222167] pci 0000:00:11.0: transparent bridge
[    0.222186] pci 0000:00:11.0: bridge io port: [0x2000-0x3fff]
[    0.222204] pci 0000:00:11.0: bridge 32bit mmio: [0xc9000000-0xca3fffff]
[    0.222240] pci 0000:00:11.0: bridge 64bit mmio pref: [0xd8400000-0xd89fffff]
[    0.222615] pci 0000:00:15.0: bridge io port: [0x4000-0x4fff]
[    0.222635] pci 0000:00:15.0: bridge 32bit mmio: [0xca400000-0xca4fffff]
[    0.222670] pci 0000:00:15.0: bridge 64bit mmio pref: [0xd8a00000-0xd8afffff]
[    0.223008] pci 0000:00:15.1: bridge io port: [0x8000-0x8fff]
[    0.223027] pci 0000:00:15.1: bridge 32bit mmio: [0xca800000-0xca8fffff]
[    0.223063] pci 0000:00:15.1: bridge 64bit mmio pref: [0xd8e00000-0xd8efffff]
[    0.223395] pci 0000:00:15.2: bridge io port: [0xc000-0xcfff]
[    0.223431] pci 0000:00:15.2: bridge 32bit mmio: [0xcac00000-0xcacfffff]
[    0.223477] pci 0000:00:15.2: bridge 64bit mmio pref: [0xd9200000-0xd92fffff]
[    0.223843] pci 0000:00:15.3: bridge 32bit mmio: [0xcb000000-0xcb0fffff]
[    0.223879] pci 0000:00:15.3: bridge 64bit mmio pref: [0xd9600000-0xd96fffff]
[    0.224228] pci 0000:00:15.4: bridge 32bit mmio: [0xcb400000-0xcb4fffff]
[    0.224263] pci 0000:00:15.4: bridge 64bit mmio pref: [0xd9a00000-0xd9afffff]
[    0.224637] pci 0000:00:15.5: bridge 32bit mmio: [0xcb800000-0xcb8fffff]
[    0.224673] pci 0000:00:15.5: bridge 64bit mmio pref: [0xd9e00000-0xd9efffff]
[    0.225023] pci 0000:00:15.6: bridge 32bit mmio: [0xcbc00000-0xcbcfffff]
[    0.225058] pci 0000:00:15.6: bridge 64bit mmio pref: [0xda200000-0xda2fffff]
[    0.225409] pci 0000:00:15.7: bridge 32bit mmio: [0xcc000000-0xcc0fffff]
[    0.225464] pci 0000:00:15.7: bridge 64bit mmio pref: [0xda600000-0xda6fffff]
[    0.225796] pci 0000:00:16.0: bridge io port: [0x5000-0x5fff]
[    0.225814] pci 0000:00:16.0: bridge 32bit mmio: [0xca500000-0xca5fffff]
[    0.225850] pci 0000:00:16.0: bridge 64bit mmio pref: [0xd8b00000-0xd8bfffff]
[    0.226183] pci 0000:00:16.1: bridge io port: [0x9000-0x9fff]
[    0.226201] pci 0000:00:16.1: bridge 32bit mmio: [0xca900000-0xca9fffff]
[    0.226237] pci 0000:00:16.1: bridge 64bit mmio pref: [0xd8f00000-0xd8ffffff]
[    0.226598] pci 0000:00:16.2: bridge io port: [0xd000-0xdfff]
[    0.226617] pci 0000:00:16.2: bridge 32bit mmio: [0xcad00000-0xcadfffff]
[    0.226652] pci 0000:00:16.2: bridge 64bit mmio pref: [0xd9300000-0xd93fffff]
[    0.227003] pci 0000:00:16.3: bridge 32bit mmio: [0xcb100000-0xcb1fffff]
[    0.227038] pci 0000:00:16.3: bridge 64bit mmio pref: [0xd9700000-0xd97fffff]
[    0.227387] pci 0000:00:16.4: bridge 32bit mmio: [0xcb500000-0xcb5fffff]
[    0.227455] pci 0000:00:16.4: bridge 64bit mmio pref: [0xd9b00000-0xd9bfffff]
[    0.227825] pci 0000:00:16.5: bridge 32bit mmio: [0xcb900000-0xcb9fffff]
[    0.227861] pci 0000:00:16.5: bridge 64bit mmio pref: [0xd9f00000-0xd9ffffff]
[    0.228211] pci 0000:00:16.6: bridge 32bit mmio: [0xcbd00000-0xcbdfffff]
[    0.228247] pci 0000:00:16.6: bridge 64bit mmio pref: [0xda300000-0xda3fffff]
[    0.228627] pci 0000:00:16.7: bridge 32bit mmio: [0xcc100000-0xcc1fffff]
[    0.228665] pci 0000:00:16.7: bridge 64bit mmio pref: [0xda700000-0xda7fffff]
[    0.229023] pci 0000:00:17.0: bridge io port: [0x6000-0x6fff]
[    0.229043] pci 0000:00:17.0: bridge 32bit mmio: [0xca600000-0xca6fffff]
[    0.229081] pci 0000:00:17.0: bridge 64bit mmio pref: [0xd8c00000-0xd8cfffff]
[    0.229446] pci 0000:00:17.1: bridge io port: [0xa000-0xafff]
[    0.229510] pci 0000:00:17.1: bridge 32bit mmio: [0xcaa00000-0xcaafffff]
[    0.229550] pci 0000:00:17.1: bridge 64bit mmio pref: [0xd9000000-0xd90fffff]
[    0.229898] pci 0000:00:17.2: bridge io port: [0xe000-0xefff]
[    0.229917] pci 0000:00:17.2: bridge 32bit mmio: [0xcae00000-0xcaefffff]
[    0.229952] pci 0000:00:17.2: bridge 64bit mmio pref: [0xd9400000-0xd94fffff]
[    0.230302] pci 0000:00:17.3: bridge 32bit mmio: [0xcb200000-0xcb2fffff]
[    0.230338] pci 0000:00:17.3: bridge 64bit mmio pref: [0xd9800000-0xd98fffff]
[    0.230711] pci 0000:00:17.4: bridge 32bit mmio: [0xcb600000-0xcb6fffff]
[    0.230747] pci 0000:00:17.4: bridge 64bit mmio pref: [0xd9c00000-0xd9cfffff]
[    0.231095] pci 0000:00:17.5: bridge 32bit mmio: [0xcba00000-0xcbafffff]
[    0.231130] pci 0000:00:17.5: bridge 64bit mmio pref: [0xda000000-0xda0fffff]
[    0.231501] pci 0000:00:17.6: bridge 32bit mmio: [0xcbe00000-0xcbefffff]
[    0.231536] pci 0000:00:17.6: bridge 64bit mmio pref: [0xda400000-0xda4fffff]
[    0.231898] pci 0000:00:17.7: bridge 32bit mmio: [0xcc200000-0xcc2fffff]
[    0.231934] pci 0000:00:17.7: bridge 64bit mmio pref: [0xda800000-0xda8fffff]
[    0.232266] pci 0000:00:18.0: bridge io port: [0x7000-0x7fff]
[    0.232285] pci 0000:00:18.0: bridge 32bit mmio: [0xca700000-0xca7fffff]
[    0.232321] pci 0000:00:18.0: bridge 64bit mmio pref: [0xd8d00000-0xd8dfffff]
[    0.232681] pci 0000:00:18.1: bridge io port: [0xb000-0xbfff]
[    0.232700] pci 0000:00:18.1: bridge 32bit mmio: [0xcab00000-0xcabfffff]
[    0.232735] pci 0000:00:18.1: bridge 64bit mmio pref: [0xd9100000-0xd91fffff]
[    0.233067] pci 0000:00:18.2: bridge io port: [0xf000-0xffff]
[    0.233085] pci 0000:00:18.2: bridge 32bit mmio: [0xcaf00000-0xcaffffff]
[    0.233121] pci 0000:00:18.2: bridge 64bit mmio pref: [0xd9500000-0xd95fffff]
[    0.233491] pci 0000:00:18.3: bridge 32bit mmio: [0xcb300000-0xcb3fffff]
[    0.233527] pci 0000:00:18.3: bridge 64bit mmio pref: [0xd9900000-0xd99fffff]
[    0.233877] pci 0000:00:18.4: bridge 32bit mmio: [0xcb700000-0xcb7fffff]
[    0.233913] pci 0000:00:18.4: bridge 64bit mmio pref: [0xd9d00000-0xd9dfffff]
[    0.234261] pci 0000:00:18.5: bridge 32bit mmio: [0xcbb00000-0xcbbfffff]
[    0.234296] pci 0000:00:18.5: bridge 64bit mmio pref: [0xda100000-0xda1fffff]
[    0.234664] pci 0000:00:18.6: bridge 32bit mmio: [0xcbf00000-0xcbffffff]
[    0.234699] pci 0000:00:18.6: bridge 64bit mmio pref: [0xda500000-0xda5fffff]
[    0.235047] pci 0000:00:18.7: bridge 32bit mmio: [0xcc300000-0xcc3fffff]
[    0.235083] pci 0000:00:18.7: bridge 64bit mmio pref: [0xda900000-0xda9fffff]
[    0.236509] pci_bus 0000:00: on NUMA node 0
[    0.236516] ACPI: PCI Interrupt Routing Table [\_SB_.PCI0._PRT]
[    0.461860] ACPI: PCI Interrupt Link [LNKA] (IRQs 3 4 5 6 7 *9 10 11 14 15)
[    0.462016] ACPI: PCI Interrupt Link [LNKB] (IRQs 3 4 5 6 7 9 10 *11 14 15)
[    0.462176] ACPI: PCI Interrupt Link [LNKC] (IRQs 3 4 5 6 7 9 *10 11 14 15)
[    0.462325] ACPI: PCI Interrupt Link [LNKD] (IRQs 3 4 *5 6 7 9 10 11 14 15)
[    0.462460] vgaarb: device added: PCI:0000:00:0f.0,decodes=io+mem,owns=io+mem,locks=none
[    0.462469] vgaarb: loaded
[    0.462559] SCSI subsystem initialized
[    0.462603] libata version 3.00 loaded.
[    0.462643] usbcore: registered new interface driver usbfs
[    0.462654] usbcore: registered new interface driver hub
[    0.462670] usbcore: registered new device driver usb
[    0.462738] PCI: Using ACPI for IRQ routing
[    0.463701] NetLabel: Initializing
[    0.463702] NetLabel:  domain hash size = 128
[    0.463703] NetLabel:  protocols = UNLABELED CIPSOv4
[    0.463710] NetLabel:  unlabeled traffic allowed by default
[    0.463743] hpet0: at MMIO 0xfed00000, IRQs 2, 8, 0, 0, 0, 0, 0, 0, 0, 0, 0, 0, 0, 0, 0, 0
[    0.463749] hpet0: 16 comparators, 64-bit 14.318180 MHz counter
[    0.465767] Switching to clocksource tsc
[    0.472705] pnp: PnP ACPI init
[    0.472714] ACPI: bus type pnp registered
[    0.515437] pnp: PnP ACPI: found 14 devices
[    0.515440] ACPI: ACPI bus type pnp unregistered
[    0.515443] PnPBIOS: Disabled by ACPI PNP
[    0.515460] system 00:01: ioport range 0x1000-0x103f has been reserved
[    0.515461] system 00:01: ioport range 0x1040-0x104f has been reserved
[    0.515463] system 00:01: ioport range 0xcf0-0xcf1 has been reserved
[    0.515471] system 00:08: iomem range 0xfed00000-0xfed003ff has been reserved
[    0.515475] system 00:0d: ioport range 0x1060-0x107f has been reserved
[    0.515477] system 00:0d: iomem range 0xe0000000-0xefffffff has been reserved
[    0.515479] system 00:0d: iomem range 0xc8200000-0xc83fffff has been reserved
[    0.550199] pci 0000:00:15.3: BAR 13: can't allocate I/O resource [0x10000-0xffff]
[    0.550205] pci 0000:00:15.4: BAR 13: can't allocate I/O resource [0x10000-0xffff]
[    0.550210] pci 0000:00:15.5: BAR 13: can't allocate I/O resource [0x10000-0xffff]
[    0.550214] pci 0000:00:15.6: BAR 13: can't allocate I/O resource [0x10000-0xffff]
[    0.550218] pci 0000:00:15.7: BAR 13: can't allocate I/O resource [0x10000-0xffff]
[    0.550222] pci 0000:00:16.3: BAR 13: can't allocate I/O resource [0x10000-0xffff]
[    0.550227] pci 0000:00:16.4: BAR 13: can't allocate I/O resource [0x10000-0xffff]
[    0.550231] pci 0000:00:16.5: BAR 13: can't allocate I/O resource [0x10000-0xffff]
[    0.550235] pci 0000:00:16.6: BAR 13: can't allocate I/O resource [0x10000-0xffff]
[    0.550239] pci 0000:00:16.7: BAR 13: can't allocate I/O resource [0x10000-0xffff]
[    0.550244] pci 0000:00:17.3: BAR 13: can't allocate I/O resource [0x10000-0xffff]
[    0.550248] pci 0000:00:17.4: BAR 13: can't allocate I/O resource [0x10000-0xffff]
[    0.550252] pci 0000:00:17.5: BAR 13: can't allocate I/O resource [0x10000-0xffff]
[    0.550256] pci 0000:00:17.6: BAR 13: can't allocate I/O resource [0x10000-0xffff]
[    0.550260] pci 0000:00:17.7: BAR 13: can't allocate I/O resource [0x10000-0xffff]
[    0.550265] pci 0000:00:18.3: BAR 13: can't allocate I/O resource [0x10000-0xffff]
[    0.550269] pci 0000:00:18.4: BAR 13: can't allocate I/O resource [0x10000-0xffff]
[    0.550273] pci 0000:00:18.5: BAR 13: can't allocate I/O resource [0x10000-0xffff]
[    0.550277] pci 0000:00:18.6: BAR 13: can't allocate I/O resource [0x10000-0xffff]
[    0.550281] pci 0000:00:18.7: BAR 13: can't allocate I/O resource [0x10000-0xffff]
[    0.550285] pci 0000:00:01.0: PCI bridge, secondary bus 0000:01
[    0.550287] pci 0000:00:01.0:   IO window: disabled
[    0.550325] pci 0000:00:01.0:   MEM window: disabled
[    0.550351] pci 0000:00:01.0:   PREFETCH window: disabled
[    0.550401] pci 0000:00:11.0: PCI bridge, secondary bus 0000:02
[    0.550417] pci 0000:00:11.0:   IO window: 0x2000-0x3fff
[    0.550454] pci 0000:00:11.0:   MEM window: 0xc9000000-0xca3fffff
[    0.550480] pci 0000:00:11.0:   PREFETCH window: 0x000000d8400000-0x000000d89fffff
[    0.550528] pci 0000:00:15.0: PCI bridge, secondary bus 0000:03
[    0.550543] pci 0000:00:15.0:   IO window: 0x4000-0x4fff
[    0.550580] pci 0000:00:15.0:   MEM window: 0xca400000-0xca4fffff
[    0.550606] pci 0000:00:15.0:   PREFETCH window: 0x000000d8a00000-0x000000d8afffff
[    0.550671] pci 0000:00:15.1: PCI bridge, secondary bus 0000:04
[    0.550686] pci 0000:00:15.1:   IO window: 0x8000-0x8fff
[    0.550723] pci 0000:00:15.1:   MEM window: 0xca800000-0xca8fffff
[    0.550749] pci 0000:00:15.1:   PREFETCH window: 0x000000d8e00000-0x000000d8efffff
[    0.550804] pci 0000:00:15.2: PCI bridge, secondary bus 0000:05
[    0.550819] pci 0000:00:15.2:   IO window: 0xc000-0xcfff
[    0.550856] pci 0000:00:15.2:   MEM window: 0xcac00000-0xcacfffff
[    0.550901] pci 0000:00:15.2:   PREFETCH window: 0x000000d9200000-0x000000d92fffff
[    0.550964] pci 0000:00:15.3: PCI bridge, secondary bus 0000:06
[    0.550967] pci 0000:00:15.3:   IO window: disabled
[    0.551004] pci 0000:00:15.3:   MEM window: 0xcb000000-0xcb0fffff
[    0.551029] pci 0000:00:15.3:   PREFETCH window: 0x000000d9600000-0x000000d96fffff
[    0.551083] pci 0000:00:15.4: PCI bridge, secondary bus 0000:07
[    0.551086] pci 0000:00:15.4:   IO window: disabled
[    0.551124] pci 0000:00:15.4:   MEM window: 0xcb400000-0xcb4fffff
[    0.551150] pci 0000:00:15.4:   PREFETCH window: 0x000000d9a00000-0x000000d9afffff
[    0.551204] pci 0000:00:15.5: PCI bridge, secondary bus 0000:08
[    0.551206] pci 0000:00:15.5:   IO window: disabled
[    0.551243] pci 0000:00:15.5:   MEM window: 0xcb800000-0xcb8fffff
[    0.551269] pci 0000:00:15.5:   PREFETCH window: 0x000000d9e00000-0x000000d9efffff
[    0.551323] pci 0000:00:15.6: PCI bridge, secondary bus 0000:09
[    0.551325] pci 0000:00:15.6:   IO window: disabled
[    0.551362] pci 0000:00:15.6:   MEM window: 0xcbc00000-0xcbcfffff
[    0.551388] pci 0000:00:15.6:   PREFETCH window: 0x000000da200000-0x000000da2fffff
[    0.551442] pci 0000:00:15.7: PCI bridge, secondary bus 0000:0a
[    0.551445] pci 0000:00:15.7:   IO window: disabled
[    0.551482] pci 0000:00:15.7:   MEM window: 0xcc000000-0xcc0fffff
[    0.551508] pci 0000:00:15.7:   PREFETCH window: 0x000000da600000-0x000000da6fffff
[    0.551561] pci 0000:00:16.0: PCI bridge, secondary bus 0000:0b
[    0.551576] pci 0000:00:16.0:   IO window: 0x5000-0x5fff
[    0.551613] pci 0000:00:16.0:   MEM window: 0xca500000-0xca5fffff
[    0.551639] pci 0000:00:16.0:   PREFETCH window: 0x000000d8b00000-0x000000d8bfffff
[    0.551694] pci 0000:00:16.1: PCI bridge, secondary bus 0000:0c
[    0.551710] pci 0000:00:16.1:   IO window: 0x9000-0x9fff
[    0.551747] pci 0000:00:16.1:   MEM window: 0xca900000-0xca9fffff
[    0.551773] pci 0000:00:16.1:   PREFETCH window: 0x000000d8f00000-0x000000d8ffffff
[    0.551828] pci 0000:00:16.2: PCI bridge, secondary bus 0000:0d
[    0.551843] pci 0000:00:16.2:   IO window: 0xd000-0xdfff
[    0.551898] pci 0000:00:16.2:   MEM window: 0xcad00000-0xcadfffff
[    0.551933] pci 0000:00:16.2:   PREFETCH window: 0x000000d9300000-0x000000d93fffff
[    0.551987] pci 0000:00:16.3: PCI bridge, secondary bus 0000:0e
[    0.551990] pci 0000:00:16.3:   IO window: disabled
[    0.552027] pci 0000:00:16.3:   MEM window: 0xcb100000-0xcb1fffff
[    0.552053] pci 0000:00:16.3:   PREFETCH window: 0x000000d9700000-0x000000d97fffff
[    0.552107] pci 0000:00:16.4: PCI bridge, secondary bus 0000:0f
[    0.552110] pci 0000:00:16.4:   IO window: disabled
[    0.552147] pci 0000:00:16.4:   MEM window: 0xcb500000-0xcb5fffff
[    0.552173] pci 0000:00:16.4:   PREFETCH window: 0x000000d9b00000-0x000000d9bfffff
[    0.552227] pci 0000:00:16.5: PCI bridge, secondary bus 0000:10
[    0.552230] pci 0000:00:16.5:   IO window: disabled
[    0.552267] pci 0000:00:16.5:   MEM window: 0xcb900000-0xcb9fffff
[    0.552293] pci 0000:00:16.5:   PREFETCH window: 0x000000d9f00000-0x000000d9ffffff
[    0.552347] pci 0000:00:16.6: PCI bridge, secondary bus 0000:11
[    0.552350] pci 0000:00:16.6:   IO window: disabled
[    0.552387] pci 0000:00:16.6:   MEM window: 0xcbd00000-0xcbdfffff
[    0.552413] pci 0000:00:16.6:   PREFETCH window: 0x000000da300000-0x000000da3fffff
[    0.552468] pci 0000:00:16.7: PCI bridge, secondary bus 0000:12
[    0.552470] pci 0000:00:16.7:   IO window: disabled
[    0.552508] pci 0000:00:16.7:   MEM window: 0xcc100000-0xcc1fffff
[    0.552534] pci 0000:00:16.7:   PREFETCH window: 0x000000da700000-0x000000da7fffff
[    0.552588] pci 0000:00:17.0: PCI bridge, secondary bus 0000:13
[    0.552603] pci 0000:00:17.0:   IO window: 0x6000-0x6fff
[    0.552640] pci 0000:00:17.0:   MEM window: 0xca600000-0xca6fffff
[    0.552665] pci 0000:00:17.0:   PREFETCH window: 0x000000d8c00000-0x000000d8cfffff
[    0.552718] pci 0000:00:17.1: PCI bridge, secondary bus 0000:14
[    0.552733] pci 0000:00:17.1:   IO window: 0xa000-0xafff
[    0.552770] pci 0000:00:17.1:   MEM window: 0xcaa00000-0xcaafffff
[    0.552796] pci 0000:00:17.1:   PREFETCH window: 0x000000d9000000-0x000000d90fffff
[    0.552851] pci 0000:00:17.2: PCI bridge, secondary bus 0000:15
[    0.552875] pci 0000:00:17.2:   IO window: 0xe000-0xefff
[    0.552931] pci 0000:00:17.2:   MEM window: 0xcae00000-0xcaefffff
[    0.552958] pci 0000:00:17.2:   PREFETCH window: 0x000000d9400000-0x000000d94fffff
[    0.553012] pci 0000:00:17.3: PCI bridge, secondary bus 0000:16
[    0.553014] pci 0000:00:17.3:   IO window: disabled
[    0.553051] pci 0000:00:17.3:   MEM window: 0xcb200000-0xcb2fffff
[    0.553078] pci 0000:00:17.3:   PREFETCH window: 0x000000d9800000-0x000000d98fffff
[    0.553132] pci 0000:00:17.4: PCI bridge, secondary bus 0000:17
[    0.553134] pci 0000:00:17.4:   IO window: disabled
[    0.553172] pci 0000:00:17.4:   MEM window: 0xcb600000-0xcb6fffff
[    0.553198] pci 0000:00:17.4:   PREFETCH window: 0x000000d9c00000-0x000000d9cfffff
[    0.553253] pci 0000:00:17.5: PCI bridge, secondary bus 0000:18
[    0.553256] pci 0000:00:17.5:   IO window: disabled
[    0.553294] pci 0000:00:17.5:   MEM window: 0xcba00000-0xcbafffff
[    0.553320] pci 0000:00:17.5:   PREFETCH window: 0x000000da000000-0x000000da0fffff
[    0.553375] pci 0000:00:17.6: PCI bridge, secondary bus 0000:19
[    0.553377] pci 0000:00:17.6:   IO window: disabled
[    0.553415] pci 0000:00:17.6:   MEM window: 0xcbe00000-0xcbefffff
[    0.553441] pci 0000:00:17.6:   PREFETCH window: 0x000000da400000-0x000000da4fffff
[    0.553492] pci 0000:00:17.7: PCI bridge, secondary bus 0000:1a
[    0.553495] pci 0000:00:17.7:   IO window: disabled
[    0.553530] pci 0000:00:17.7:   MEM window: 0xcc200000-0xcc2fffff
[    0.553555] pci 0000:00:17.7:   PREFETCH window: 0x000000da800000-0x000000da8fffff
[    0.553607] pci 0000:00:18.0: PCI bridge, secondary bus 0000:1b
[    0.553621] pci 0000:00:18.0:   IO window: 0x7000-0x7fff
[    0.553656] pci 0000:00:18.0:   MEM window: 0xca700000-0xca7fffff
[    0.553706] pci 0000:00:18.0:   PREFETCH window: 0x000000d8d00000-0x000000d8dfffff
[    0.553759] pci 0000:00:18.1: PCI bridge, secondary bus 0000:1c
[    0.553773] pci 0000:00:18.1:   IO window: 0xb000-0xbfff
[    0.553809] pci 0000:00:18.1:   MEM window: 0xcab00000-0xcabfffff
[    0.553834] pci 0000:00:18.1:   PREFETCH window: 0x000000d9100000-0x000000d91fffff
[    0.553912] pci 0000:00:18.2: PCI bridge, secondary bus 0000:1d
[    0.553927] pci 0000:00:18.2:   IO window: 0xf000-0xffff
[    0.553962] pci 0000:00:18.2:   MEM window: 0xcaf00000-0xcaffffff
[    0.553987] pci 0000:00:18.2:   PREFETCH window: 0x000000d9500000-0x000000d95fffff
[    0.554039] pci 0000:00:18.3: PCI bridge, secondary bus 0000:1e
[    0.554041] pci 0000:00:18.3:   IO window: disabled
[    0.554076] pci 0000:00:18.3:   MEM window: 0xcb300000-0xcb3fffff
[    0.554101] pci 0000:00:18.3:   PREFETCH window: 0x000000d9900000-0x000000d99fffff
[    0.554153] pci 0000:00:18.4: PCI bridge, secondary bus 0000:1f
[    0.554155] pci 0000:00:18.4:   IO window: disabled
[    0.554191] pci 0000:00:18.4:   MEM window: 0xcb700000-0xcb7fffff
[    0.554216] pci 0000:00:18.4:   PREFETCH window: 0x000000d9d00000-0x000000d9dfffff
[    0.554267] pci 0000:00:18.5: PCI bridge, secondary bus 0000:20
[    0.554269] pci 0000:00:18.5:   IO window: disabled
[    0.554305] pci 0000:00:18.5:   MEM window: 0xcbb00000-0xcbbfffff
[    0.554329] pci 0000:00:18.5:   PREFETCH window: 0x000000da100000-0x000000da1fffff
[    0.554380] pci 0000:00:18.6: PCI bridge, secondary bus 0000:21
[    0.554383] pci 0000:00:18.6:   IO window: disabled
[    0.554418] pci 0000:00:18.6:   MEM window: 0xcbf00000-0xcbffffff
[    0.554443] pci 0000:00:18.6:   PREFETCH window: 0x000000da500000-0x000000da5fffff
[    0.554494] pci 0000:00:18.7: PCI bridge, secondary bus 0000:22
[    0.554497] pci 0000:00:18.7:   IO window: disabled
[    0.554532] pci 0000:00:18.7:   MEM window: 0xcc300000-0xcc3fffff
[    0.554557] pci 0000:00:18.7:   PREFETCH window: 0x000000da900000-0x000000da9fffff
[    0.554646] pci 0000:00:01.0: setting latency timer to 64
[    0.554761] pci 0000:00:15.0: setting latency timer to 64
[    0.554840] pci 0000:00:15.1: setting latency timer to 64
[    0.554963] pci 0000:00:15.2: setting latency timer to 64
[    0.555042] pci 0000:00:15.3: setting latency timer to 64
[    0.555121] pci 0000:00:15.4: setting latency timer to 64
[    0.555200] pci 0000:00:15.5: setting latency timer to 64
[    0.555279] pci 0000:00:15.6: setting latency timer to 64
[    0.555358] pci 0000:00:15.7: setting latency timer to 64
[    0.555437] pci 0000:00:16.0: setting latency timer to 64
[    0.555516] pci 0000:00:16.1: setting latency timer to 64
[    0.555598] pci 0000:00:16.2: setting latency timer to 64
[    0.555680] pci 0000:00:16.3: setting latency timer to 64
[    0.555762] pci 0000:00:16.4: setting latency timer to 64
[    0.555843] pci 0000:00:16.5: setting latency timer to 64
[    0.555951] pci 0000:00:16.6: setting latency timer to 64
[    0.556031] pci 0000:00:16.7: setting latency timer to 64
[    0.556113] pci 0000:00:17.0: setting latency timer to 64
[    0.556195] pci 0000:00:17.1: setting latency timer to 64
[    0.556275] pci 0000:00:17.2: setting latency timer to 64
[    0.556358] pci 0000:00:17.3: setting latency timer to 64
[    0.556441] pci 0000:00:17.4: setting latency timer to 64
[    0.556526] pci 0000:00:17.5: setting latency timer to 64
[    0.556610] pci 0000:00:17.6: setting latency timer to 64
[    0.556693] pci 0000:00:17.7: setting latency timer to 64
[    0.556777] pci 0000:00:18.0: setting latency timer to 64
[    0.556862] pci 0000:00:18.1: setting latency timer to 64
[    0.556968] pci 0000:00:18.2: setting latency timer to 64
[    0.557051] pci 0000:00:18.3: setting latency timer to 64
[    0.557135] pci 0000:00:18.4: setting latency timer to 64
[    0.557219] pci 0000:00:18.5: setting latency timer to 64
[    0.557302] pci 0000:00:18.6: setting latency timer to 64
[    0.557386] pci 0000:00:18.7: setting latency timer to 64
[    0.557402] pci_bus 0000:00: resource 0 io:  [0x00-0xffff]
[    0.557406] pci_bus 0000:00: resource 1 mem: [0x000000-0xffffffffffffffff]
[    0.557410] pci_bus 0000:02: resource 0 io:  [0x2000-0x3fff]
[    0.557413] pci_bus 0000:02: resource 1 mem: [0xc9000000-0xca3fffff]
[    0.557416] pci_bus 0000:02: resource 2 pref mem [0xd8400000-0xd89fffff]
[    0.557418] pci_bus 0000:02: resource 3 io:  [0x00-0xffff]
[    0.557422] pci_bus 0000:02: resource 4 mem: [0x000000-0xffffffffffffffff]
[    0.557425] pci_bus 0000:03: resource 0 io:  [0x4000-0x4fff]
[    0.557428] pci_bus 0000:03: resource 1 mem: [0xca400000-0xca4fffff]
[    0.557431] pci_bus 0000:03: resource 2 pref mem [0xd8a00000-0xd8afffff]
[    0.557434] pci_bus 0000:04: resource 0 io:  [0x8000-0x8fff]
[    0.557437] pci_bus 0000:04: resource 1 mem: [0xca800000-0xca8fffff]
[    0.557440] pci_bus 0000:04: resource 2 pref mem [0xd8e00000-0xd8efffff]
[    0.557443] pci_bus 0000:05: resource 0 io:  [0xc000-0xcfff]
[    0.557446] pci_bus 0000:05: resource 1 mem: [0xcac00000-0xcacfffff]
[    0.557449] pci_bus 0000:05: resource 2 pref mem [0xd9200000-0xd92fffff]
[    0.557452] pci_bus 0000:06: resource 1 mem: [0xcb000000-0xcb0fffff]
[    0.557455] pci_bus 0000:06: resource 2 pref mem [0xd9600000-0xd96fffff]
[    0.557458] pci_bus 0000:07: resource 1 mem: [0xcb400000-0xcb4fffff]
[    0.557461] pci_bus 0000:07: resource 2 pref mem [0xd9a00000-0xd9afffff]
[    0.557464] pci_bus 0000:08: resource 1 mem: [0xcb800000-0xcb8fffff]
[    0.557467] pci_bus 0000:08: resource 2 pref mem [0xd9e00000-0xd9efffff]
[    0.557471] pci_bus 0000:09: resource 1 mem: [0xcbc00000-0xcbcfffff]
[    0.557474] pci_bus 0000:09: resource 2 pref mem [0xda200000-0xda2fffff]
[    0.557477] pci_bus 0000:0a: resource 1 mem: [0xcc000000-0xcc0fffff]
[    0.557480] pci_bus 0000:0a: resource 2 pref mem [0xda600000-0xda6fffff]
[    0.557483] pci_bus 0000:0b: resource 0 io:  [0x5000-0x5fff]
[    0.557486] pci_bus 0000:0b: resource 1 mem: [0xca500000-0xca5fffff]
[    0.557489] pci_bus 0000:0b: resource 2 pref mem [0xd8b00000-0xd8bfffff]
[    0.557492] pci_bus 0000:0c: resource 0 io:  [0x9000-0x9fff]
[    0.557495] pci_bus 0000:0c: resource 1 mem: [0xca900000-0xca9fffff]
[    0.557498] pci_bus 0000:0c: resource 2 pref mem [0xd8f00000-0xd8ffffff]
[    0.557501] pci_bus 0000:0d: resource 0 io:  [0xd000-0xdfff]
[    0.557504] pci_bus 0000:0d: resource 1 mem: [0xcad00000-0xcadfffff]
[    0.557507] pci_bus 0000:0d: resource 2 pref mem [0xd9300000-0xd93fffff]
[    0.557510] pci_bus 0000:0e: resource 1 mem: [0xcb100000-0xcb1fffff]
[    0.557513] pci_bus 0000:0e: resource 2 pref mem [0xd9700000-0xd97fffff]
[    0.557516] pci_bus 0000:0f: resource 1 mem: [0xcb500000-0xcb5fffff]
[    0.557519] pci_bus 0000:0f: resource 2 pref mem [0xd9b00000-0xd9bfffff]
[    0.557523] pci_bus 0000:10: resource 1 mem: [0xcb900000-0xcb9fffff]
[    0.557526] pci_bus 0000:10: resource 2 pref mem [0xd9f00000-0xd9ffffff]
[    0.557529] pci_bus 0000:11: resource 1 mem: [0xcbd00000-0xcbdfffff]
[    0.557532] pci_bus 0000:11: resource 2 pref mem [0xda300000-0xda3fffff]
[    0.557535] pci_bus 0000:12: resource 1 mem: [0xcc100000-0xcc1fffff]
[    0.557538] pci_bus 0000:12: resource 2 pref mem [0xda700000-0xda7fffff]
[    0.557541] pci_bus 0000:13: resource 0 io:  [0x6000-0x6fff]
[    0.557544] pci_bus 0000:13: resource 1 mem: [0xca600000-0xca6fffff]
[    0.557547] pci_bus 0000:13: resource 2 pref mem [0xd8c00000-0xd8cfffff]
[    0.557550] pci_bus 0000:14: resource 0 io:  [0xa000-0xafff]
[    0.557553] pci_bus 0000:14: resource 1 mem: [0xcaa00000-0xcaafffff]
[    0.557557] pci_bus 0000:14: resource 2 pref mem [0xd9000000-0xd90fffff]
[    0.557560] pci_bus 0000:15: resource 0 io:  [0xe000-0xefff]
[    0.557563] pci_bus 0000:15: resource 1 mem: [0xcae00000-0xcaefffff]
[    0.557566] pci_bus 0000:15: resource 2 pref mem [0xd9400000-0xd94fffff]
[    0.557569] pci_bus 0000:16: resource 1 mem: [0xcb200000-0xcb2fffff]
[    0.557572] pci_bus 0000:16: resource 2 pref mem [0xd9800000-0xd98fffff]
[    0.557575] pci_bus 0000:17: resource 1 mem: [0xcb600000-0xcb6fffff]
[    0.557578] pci_bus 0000:17: resource 2 pref mem [0xd9c00000-0xd9cfffff]
[    0.557581] pci_bus 0000:18: resource 1 mem: [0xcba00000-0xcbafffff]
[    0.557585] pci_bus 0000:18: resource 2 pref mem [0xda000000-0xda0fffff]
[    0.557588] pci_bus 0000:19: resource 1 mem: [0xcbe00000-0xcbefffff]
[    0.557591] pci_bus 0000:19: resource 2 pref mem [0xda400000-0xda4fffff]
[    0.557594] pci_bus 0000:1a: resource 1 mem: [0xcc200000-0xcc2fffff]
[    0.557597] pci_bus 0000:1a: resource 2 pref mem [0xda800000-0xda8fffff]
[    0.557601] pci_bus 0000:1b: resource 0 io:  [0x7000-0x7fff]
[    0.557604] pci_bus 0000:1b: resource 1 mem: [0xca700000-0xca7fffff]
[    0.557607] pci_bus 0000:1b: resource 2 pref mem [0xd8d00000-0xd8dfffff]
[    0.557610] pci_bus 0000:1c: resource 0 io:  [0xb000-0xbfff]
[    0.557613] pci_bus 0000:1c: resource 1 mem: [0xcab00000-0xcabfffff]
[    0.557616] pci_bus 0000:1c: resource 2 pref mem [0xd9100000-0xd91fffff]
[    0.557619] pci_bus 0000:1d: resource 0 io:  [0xf000-0xffff]
[    0.557622] pci_bus 0000:1d: resource 1 mem: [0xcaf00000-0xcaffffff]
[    0.557625] pci_bus 0000:1d: resource 2 pref mem [0xd9500000-0xd95fffff]
[    0.557629] pci_bus 0000:1e: resource 1 mem: [0xcb300000-0xcb3fffff]
[    0.557632] pci_bus 0000:1e: resource 2 pref mem [0xd9900000-0xd99fffff]
[    0.557635] pci_bus 0000:1f: resource 1 mem: [0xcb700000-0xcb7fffff]
[    0.557638] pci_bus 0000:1f: resource 2 pref mem [0xd9d00000-0xd9dfffff]
[    0.557642] pci_bus 0000:20: resource 1 mem: [0xcbb00000-0xcbbfffff]
[    0.557645] pci_bus 0000:20: resource 2 pref mem [0xda100000-0xda1fffff]
[    0.557648] pci_bus 0000:21: resource 1 mem: [0xcbf00000-0xcbffffff]
[    0.557651] pci_bus 0000:21: resource 2 pref mem [0xda500000-0xda5fffff]
[    0.557654] pci_bus 0000:22: resource 1 mem: [0xcc300000-0xcc3fffff]
[    0.557654] pci_bus 0000:22: resource 2 pref mem [0xda900000-0xda9fffff]
[    0.557655] NET: Registered protocol family 2
[    0.557655] RANDOM - __random32 called. Change num 7.  Value: 647ba296	db0e5c1d	6de96f10
[    0.557655] RANDOM - random32 called.  Value: 647ba296	db0e5c1d	6de96f10
[    0.557655] random 0000 0000 0000 00000000 00000000: rand_read_num 2 get_random_bytes(4): sig fffffe1a 00000000 00000000
[    0.557655] random 0000 0000 0000 00000000 00000000: extract_entropy(.. 4 ..)
[    0.557656] random 0000 0000 0000 00000000 00000000: going to reseed nonblocking with 64 bits (32 of 0 requested)
[    0.557656] random 0000 0000 0000 00000000 00000000: extract_entropy(.. 8 ..)
[    0.557656] random 0000 0000 0000 00000000 00000000: trying to extract 64 bits from input
[    0.557656] random 0000 0000 0000 00000000 00000000: debiting 0 entropy credits from input
[    0.557656] random 0000 0000 0000 00000000 00000000: extract_entropy account returned: 0 
[    0.557656] random 0000 0000 0000 00000000 00000000: urand_change_num 3 xfer_secondary_pool(4): pool_sig fffffe1a, data_sig 00000000, bytes_mixed 0 00000000 00000000
[    0.557656] random 0000 0000 0000 00000000 00000000: trying to extract 32 bits from nonblocking
[    0.557656] random 0000 0000 0000 00000000 00000000: debiting 32 entropy credits from nonblocking (unlimited)
[    0.557656] random 0000 0000 0000 00000000 00000000: extract_entropy account returned: 4 
[    0.557656] random 0000 0000 0000 00000000 00000000: urand_change_num 4 extract_buf: pool_sig fffffe1a, data_sig fffffed7, bytes_mixed 20 00000000 00000000
[    0.557656] IP route cache hash table entries: 32768 (order: 5, 131072 bytes)
[    0.557794] RANDOM - __random32 called. Change num 8.  Value: ba296205	b0e5c1db	de205442
[    0.557797] RANDOM - random32 called.  Value: ba296205	b0e5c1db	de205442
[    0.557890] RANDOM - __random32 called. Change num 9.  Value: 962052cd	e5c1db9	a885e45e
[    0.557892] RANDOM - random32 called.  Value: 962052cd	e5c1db9	a885e45e
[    0.557896] RANDOM - __random32 called. Change num 10.  Value: 52cd38f	e5c1db9b	c8bd9558
[    0.557899] RANDOM - random32 called.  Value: 52cd38f	e5c1db9b	c8bd9558
[    0.557932] RANDOM - __random32 called. Change num 11.  Value: cd38f3eb	5c1db9b9	2ab1aa27
[    0.557935] RANDOM - random32 called.  Value: cd38f3eb	5c1db9b9	2ab1aa27
[    0.557950] TCP established hash table entries: 131072 (order: 8, 1048576 bytes)
[    0.558118] TCP bind hash table entries: 65536 (order: 7, 524288 bytes)
[    0.558285] TCP: Hash tables configured (established 131072 bind 65536)
[    0.558289] TCP reno registered
[    0.558342] NET: Registered protocol family 1
[    0.558356] pci 0000:00:00.0: Limiting direct PCI/PCI transfers
[    0.558382] pci 0000:00:0f.0: Boot video device
[    0.558637] Trying to unpack rootfs image as initramfs...
[    1.632187] Freeing initrd memory: 83430k freed
[    1.636164] Simple Boot Flag at 0x36 set to 0x1
[    1.636209] cpufreq-nforce2: No nForce2 chipset.
[    1.636222] Scanning for low memory corruption every 60 seconds
[    1.636337] audit: initializing netlink socket (disabled)
[    1.636346] type=2000 audit(1369432668.624:1): initialized
[    1.640298] highmem bounce pool size: 64 pages
[    1.640302] HugeTLB registered 2 MB page size, pre-allocated 0 pages
[    1.640394] VFS: Disk quotas dquot_6.5.2
[    1.640422] Dquot-cache hash table entries: 1024 (order 0, 4096 bytes)
[    1.640500] fuse init (API version 7.13)
[    1.640543] msgmni has been set to 1729
[    1.640829] alg: No test for stdrng (krng)
[    1.640865] Block layer SCSI generic (bsg) driver version 0.4 loaded (major 253)
[    1.640868] io scheduler noop registered
[    1.640869] io scheduler anticipatory registered
[    1.640871] io scheduler deadline registered
[    1.640891] io scheduler cfq registered (default)
[    1.640937]   alloc irq_desc for 24 on node -1
[    1.640939]   alloc kstat_irqs on node -1
[    1.640984] pcieport 0000:00:15.0: irq 24 for MSI/MSI-X
[    1.641029] pcieport 0000:00:15.0: setting latency timer to 64
[    1.641074]   alloc irq_desc for 25 on node -1
[    1.641076]   alloc kstat_irqs on node -1
[    1.641122] pcieport 0000:00:15.1: irq 25 for MSI/MSI-X
[    1.641167] pcieport 0000:00:15.1: setting latency timer to 64
[    1.641212]   alloc irq_desc for 26 on node -1
[    1.641214]   alloc kstat_irqs on node -1
[    1.641259] pcieport 0000:00:15.2: irq 26 for MSI/MSI-X
[    1.641304] pcieport 0000:00:15.2: setting latency timer to 64
[    1.641350]   alloc irq_desc for 27 on node -1
[    1.641351]   alloc kstat_irqs on node -1
[    1.641397] pcieport 0000:00:15.3: irq 27 for MSI/MSI-X
[    1.641442] pcieport 0000:00:15.3: setting latency timer to 64
[    1.641487]   alloc irq_desc for 28 on node -1
[    1.641489]   alloc kstat_irqs on node -1
[    1.641534] pcieport 0000:00:15.4: irq 28 for MSI/MSI-X
[    1.641579] pcieport 0000:00:15.4: setting latency timer to 64
[    1.641624]   alloc irq_desc for 29 on node -1
[    1.641626]   alloc kstat_irqs on node -1
[    1.641672] pcieport 0000:00:15.5: irq 29 for MSI/MSI-X
[    1.641717] pcieport 0000:00:15.5: setting latency timer to 64
[    1.641762]   alloc irq_desc for 30 on node -1
[    1.641764]   alloc kstat_irqs on node -1
[    1.641809] pcieport 0000:00:15.6: irq 30 for MSI/MSI-X
[    1.641854] pcieport 0000:00:15.6: setting latency timer to 64
[    1.641899]   alloc irq_desc for 31 on node -1
[    1.641901]   alloc kstat_irqs on node -1
[    1.641946] pcieport 0000:00:15.7: irq 31 for MSI/MSI-X
[    1.641992] pcieport 0000:00:15.7: setting latency timer to 64
[    1.642037]   alloc irq_desc for 32 on node -1
[    1.642039]   alloc kstat_irqs on node -1
[    1.642084] pcieport 0000:00:16.0: irq 32 for MSI/MSI-X
[    1.642129] pcieport 0000:00:16.0: setting latency timer to 64
[    1.642174]   alloc irq_desc for 33 on node -1
[    1.642176]   alloc kstat_irqs on node -1
[    1.642221] pcieport 0000:00:16.1: irq 33 for MSI/MSI-X
[    1.642267] pcieport 0000:00:16.1: setting latency timer to 64
[    1.642312]   alloc irq_desc for 34 on node -1
[    1.642314]   alloc kstat_irqs on node -1
[    1.642359] pcieport 0000:00:16.2: irq 34 for MSI/MSI-X
[    1.642404] pcieport 0000:00:16.2: setting latency timer to 64
[    1.642449]   alloc irq_desc for 35 on node -1
[    1.642451]   alloc kstat_irqs on node -1
[    1.642496] pcieport 0000:00:16.3: irq 35 for MSI/MSI-X
[    1.642541] pcieport 0000:00:16.3: setting latency timer to 64
[    1.642587]   alloc irq_desc for 36 on node -1
[    1.642588]   alloc kstat_irqs on node -1
[    1.642634] pcieport 0000:00:16.4: irq 36 for MSI/MSI-X
[    1.642679] pcieport 0000:00:16.4: setting latency timer to 64
[    1.642724]   alloc irq_desc for 37 on node -1
[    1.642726]   alloc kstat_irqs on node -1
[    1.642771] pcieport 0000:00:16.5: irq 37 for MSI/MSI-X
[    1.642816] pcieport 0000:00:16.5: setting latency timer to 64
[    1.642862]   alloc irq_desc for 38 on node -1
[    1.642863]   alloc kstat_irqs on node -1
[    1.642909] pcieport 0000:00:16.6: irq 38 for MSI/MSI-X
[    1.642954] pcieport 0000:00:16.6: setting latency timer to 64
[    1.642999]   alloc irq_desc for 39 on node -1
[    1.643001]   alloc kstat_irqs on node -1
[    1.643046] pcieport 0000:00:16.7: irq 39 for MSI/MSI-X
[    1.643091] pcieport 0000:00:16.7: setting latency timer to 64
[    1.643136]   alloc irq_desc for 40 on node -1
[    1.643138]   alloc kstat_irqs on node -1
[    1.643183] pcieport 0000:00:17.0: irq 40 for MSI/MSI-X
[    1.643229] pcieport 0000:00:17.0: setting latency timer to 64
[    1.644160]   alloc irq_desc for 41 on node -1
[    1.644161]   alloc kstat_irqs on node -1
[    1.644206] pcieport 0000:00:17.1: irq 41 for MSI/MSI-X
[    1.644252] pcieport 0000:00:17.1: setting latency timer to 64
[    1.644342]   alloc irq_desc for 42 on node -1
[    1.644344]   alloc kstat_irqs on node -1
[    1.644389] pcieport 0000:00:17.2: irq 42 for MSI/MSI-X
[    1.644434] pcieport 0000:00:17.2: setting latency timer to 64
[    1.644480]   alloc irq_desc for 43 on node -1
[    1.644481]   alloc kstat_irqs on node -1
[    1.644527] pcieport 0000:00:17.3: irq 43 for MSI/MSI-X
[    1.644572] pcieport 0000:00:17.3: setting latency timer to 64
[    1.644617]   alloc irq_desc for 44 on node -1
[    1.644619]   alloc kstat_irqs on node -1
[    1.644664] pcieport 0000:00:17.4: irq 44 for MSI/MSI-X
[    1.644709] pcieport 0000:00:17.4: setting latency timer to 64
[    1.644754]   alloc irq_desc for 45 on node -1
[    1.644756]   alloc kstat_irqs on node -1
[    1.644801] pcieport 0000:00:17.5: irq 45 for MSI/MSI-X
[    1.644847] pcieport 0000:00:17.5: setting latency timer to 64
[    1.644892]   alloc irq_desc for 46 on node -1
[    1.644895]   alloc kstat_irqs on node -1
[    1.644940] pcieport 0000:00:17.6: irq 46 for MSI/MSI-X
[    1.644986] pcieport 0000:00:17.6: setting latency timer to 64
[    1.645031]   alloc irq_desc for 47 on node -1
[    1.645033]   alloc kstat_irqs on node -1
[    1.645078] pcieport 0000:00:17.7: irq 47 for MSI/MSI-X
[    1.645123] pcieport 0000:00:17.7: setting latency timer to 64
[    1.645169]   alloc irq_desc for 48 on node -1
[    1.645171]   alloc kstat_irqs on node -1
[    1.645216] pcieport 0000:00:18.0: irq 48 for MSI/MSI-X
[    1.645261] pcieport 0000:00:18.0: setting latency timer to 64
[    1.645306]   alloc irq_desc for 49 on node -1
[    1.645308]   alloc kstat_irqs on node -1
[    1.645353] pcieport 0000:00:18.1: irq 49 for MSI/MSI-X
[    1.645399] pcieport 0000:00:18.1: setting latency timer to 64
[    1.645444]   alloc irq_desc for 50 on node -1
[    1.645446]   alloc kstat_irqs on node -1
[    1.645491] pcieport 0000:00:18.2: irq 50 for MSI/MSI-X
[    1.645536] pcieport 0000:00:18.2: setting latency timer to 64
[    1.645581]   alloc irq_desc for 51 on node -1
[    1.645584]   alloc kstat_irqs on node -1
[    1.645629] pcieport 0000:00:18.3: irq 51 for MSI/MSI-X
[    1.645674] pcieport 0000:00:18.3: setting latency timer to 64
[    1.645719]   alloc irq_desc for 52 on node -1
[    1.645721]   alloc kstat_irqs on node -1
[    1.645766] pcieport 0000:00:18.4: irq 52 for MSI/MSI-X
[    1.645812] pcieport 0000:00:18.4: setting latency timer to 64
[    1.645857]   alloc irq_desc for 53 on node -1
[    1.645859]   alloc kstat_irqs on node -1
[    1.645904] pcieport 0000:00:18.5: irq 53 for MSI/MSI-X
[    1.645949] pcieport 0000:00:18.5: setting latency timer to 64
[    1.645994]   alloc irq_desc for 54 on node -1
[    1.645997]   alloc kstat_irqs on node -1
[    1.646042] pcieport 0000:00:18.6: irq 54 for MSI/MSI-X
[    1.646087] pcieport 0000:00:18.6: setting latency timer to 64
[    1.646132]   alloc irq_desc for 55 on node -1
[    1.646134]   alloc kstat_irqs on node -1
[    1.646179] pcieport 0000:00:18.7: irq 55 for MSI/MSI-X
[    1.646225] pcieport 0000:00:18.7: setting latency timer to 64
[    1.646270] pci_hotplug: PCI Hot Plug PCI Core version: 0.5
[    1.648198] pciehp 0000:00:15.0:pcie04: HPC vendor_id 15ad device_id 7a0 ss_vid 0 ss_did 0
[    1.648243] pciehp 0000:00:15.0:pcie04: service driver pciehp loaded
[    1.648288] pciehp 0000:00:15.1:pcie04: HPC vendor_id 15ad device_id 7a0 ss_vid 0 ss_did 0
[    1.648333] pciehp 0000:00:15.1:pcie04: service driver pciehp loaded
[    1.648379] pciehp 0000:00:15.2:pcie04: HPC vendor_id 15ad device_id 7a0 ss_vid 0 ss_did 0
[    1.648424] pciehp 0000:00:15.2:pcie04: service driver pciehp loaded
[    1.648469] pciehp 0000:00:15.3:pcie04: HPC vendor_id 15ad device_id 7a0 ss_vid 0 ss_did 0
[    1.648514] pciehp 0000:00:15.3:pcie04: service driver pciehp loaded
[    1.648560] pciehp 0000:00:15.4:pcie04: HPC vendor_id 15ad device_id 7a0 ss_vid 0 ss_did 0
[    1.648605] pciehp 0000:00:15.4:pcie04: service driver pciehp loaded
[    1.648650] pciehp 0000:00:15.5:pcie04: HPC vendor_id 15ad device_id 7a0 ss_vid 0 ss_did 0
[    1.648695] pciehp 0000:00:15.5:pcie04: service driver pciehp loaded
[    1.648740] pciehp 0000:00:15.6:pcie04: HPC vendor_id 15ad device_id 7a0 ss_vid 0 ss_did 0
[    1.648786] pciehp 0000:00:15.6:pcie04: service driver pciehp loaded
[    1.648831] pciehp 0000:00:15.7:pcie04: HPC vendor_id 15ad device_id 7a0 ss_vid 0 ss_did 0
[    1.648876] pciehp 0000:00:15.7:pcie04: service driver pciehp loaded
[    1.648921] pciehp 0000:00:16.0:pcie04: HPC vendor_id 15ad device_id 7a0 ss_vid 0 ss_did 0
[    1.648967] pciehp 0000:00:16.0:pcie04: service driver pciehp loaded
[    1.649012] pciehp 0000:00:16.1:pcie04: HPC vendor_id 15ad device_id 7a0 ss_vid 0 ss_did 0
[    1.649057] pciehp 0000:00:16.1:pcie04: service driver pciehp loaded
[    1.649102] pciehp 0000:00:16.2:pcie04: HPC vendor_id 15ad device_id 7a0 ss_vid 0 ss_did 0
[    1.649147] pciehp 0000:00:16.2:pcie04: service driver pciehp loaded
[    1.649193] pciehp 0000:00:16.3:pcie04: HPC vendor_id 15ad device_id 7a0 ss_vid 0 ss_did 0
[    1.649238] pciehp 0000:00:16.3:pcie04: service driver pciehp loaded
[    1.649283] pciehp 0000:00:16.4:pcie04: HPC vendor_id 15ad device_id 7a0 ss_vid 0 ss_did 0
[    1.649328] pciehp 0000:00:16.4:pcie04: service driver pciehp loaded
[    1.649374] pciehp 0000:00:16.5:pcie04: HPC vendor_id 15ad device_id 7a0 ss_vid 0 ss_did 0
[    1.649419] pciehp 0000:00:16.5:pcie04: service driver pciehp loaded
[    1.649464] pciehp 0000:00:16.6:pcie04: HPC vendor_id 15ad device_id 7a0 ss_vid 0 ss_did 0
[    1.649509] pciehp 0000:00:16.6:pcie04: service driver pciehp loaded
[    1.649554] pciehp 0000:00:16.7:pcie04: HPC vendor_id 15ad device_id 7a0 ss_vid 0 ss_did 0
[    1.649600] pciehp 0000:00:16.7:pcie04: service driver pciehp loaded
[    1.649645] pciehp 0000:00:17.0:pcie04: HPC vendor_id 15ad device_id 7a0 ss_vid 0 ss_did 0
[    1.649690] pciehp 0000:00:17.0:pcie04: service driver pciehp loaded
[    1.649735] pciehp 0000:00:17.1:pcie04: HPC vendor_id 15ad device_id 7a0 ss_vid 0 ss_did 0
[    1.649781] pciehp 0000:00:17.1:pcie04: service driver pciehp loaded
[    1.649826] pciehp 0000:00:17.2:pcie04: HPC vendor_id 15ad device_id 7a0 ss_vid 0 ss_did 0
[    1.649871] pciehp 0000:00:17.2:pcie04: service driver pciehp loaded
[    1.649916] pciehp 0000:00:17.3:pcie04: HPC vendor_id 15ad device_id 7a0 ss_vid 0 ss_did 0
[    1.649961] pciehp 0000:00:17.3:pcie04: service driver pciehp loaded
[    1.650007] pciehp 0000:00:17.4:pcie04: HPC vendor_id 15ad device_id 7a0 ss_vid 0 ss_did 0
[    1.650052] pciehp 0000:00:17.4:pcie04: service driver pciehp loaded
[    1.650097] pciehp 0000:00:17.5:pcie04: HPC vendor_id 15ad device_id 7a0 ss_vid 0 ss_did 0
[    1.650142] pciehp 0000:00:17.5:pcie04: service driver pciehp loaded
[    1.650188] pciehp 0000:00:17.6:pcie04: HPC vendor_id 15ad device_id 7a0 ss_vid 0 ss_did 0
[    1.650233] pciehp 0000:00:17.6:pcie04: service driver pciehp loaded
[    1.650278] pciehp 0000:00:17.7:pcie04: HPC vendor_id 15ad device_id 7a0 ss_vid 0 ss_did 0
[    1.650323] pciehp 0000:00:17.7:pcie04: service driver pciehp loaded
[    1.650368] pciehp 0000:00:18.0:pcie04: HPC vendor_id 15ad device_id 7a0 ss_vid 0 ss_did 0
[    1.650414] pciehp 0000:00:18.0:pcie04: service driver pciehp loaded
[    1.650459] pciehp 0000:00:18.1:pcie04: HPC vendor_id 15ad device_id 7a0 ss_vid 0 ss_did 0
[    1.650504] pciehp 0000:00:18.1:pcie04: service driver pciehp loaded
[    1.650549] pciehp 0000:00:18.2:pcie04: HPC vendor_id 15ad device_id 7a0 ss_vid 0 ss_did 0
[    1.650595] pciehp 0000:00:18.2:pcie04: service driver pciehp loaded
[    1.650640] pciehp 0000:00:18.3:pcie04: HPC vendor_id 15ad device_id 7a0 ss_vid 0 ss_did 0
[    1.650685] pciehp 0000:00:18.3:pcie04: service driver pciehp loaded
[    1.650730] pciehp 0000:00:18.4:pcie04: HPC vendor_id 15ad device_id 7a0 ss_vid 0 ss_did 0
[    1.650775] pciehp 0000:00:18.4:pcie04: service driver pciehp loaded
[    1.650821] pciehp 0000:00:18.5:pcie04: HPC vendor_id 15ad device_id 7a0 ss_vid 0 ss_did 0
[    1.650866] pciehp 0000:00:18.5:pcie04: service driver pciehp loaded
[    1.650911] pciehp 0000:00:18.6:pcie04: HPC vendor_id 15ad device_id 7a0 ss_vid 0 ss_did 0
[    1.650956] pciehp 0000:00:18.6:pcie04: service driver pciehp loaded
[    1.651002] pciehp 0000:00:18.7:pcie04: HPC vendor_id 15ad device_id 7a0 ss_vid 0 ss_did 0
[    1.651047] pciehp 0000:00:18.7:pcie04: service driver pciehp loaded
[    1.651054] pciehp: PCI Express Hot Plug Controller Driver version: 0.4
[    1.651103] ACPI: AC Adapter [ACAD] (on-line)
[    1.651154] input: Power Button as /devices/LNXSYSTM:00/LNXPWRBN:00/input/input0
[    1.651156] ACPI: Power Button [PWRF]
[    1.651201] processor LNXCPU:00: registered as cooling_device0
[    1.692090] isapnp: Scanning for PnP cards...
[    2.045999] isapnp: No Plug & Play device found
[    2.046029] random 0000 0000 0000 5f8db4e5 4cfdf2a8: initializing
[    2.046156] Linux agpgart interface v0.103
[    2.046194] agpgart-intel 0000:00:00.0: Intel 440BX Chipset
[    2.046247] agpgart-intel 0000:00:00.0: AGP aperture is 256M @ 0x0
[    2.046277] Serial: 8250/16550 driver, 32 ports, IRQ sharing enabled
[    2.046330] serial8250: ttyS0 at I/O 0x3f8 (irq = 4) is a 16550A
[    2.046383] serial8250: ttyS1 at I/O 0x2f8 (irq = 3) is a 16550A
[    2.046436] 00:0a: ttyS0 at I/O 0x3f8 (irq = 4) is a 16550A
[    2.046490] 00:0b: ttyS1 at I/O 0x2f8 (irq = 3) is a 16550A
[    2.046543] brd: module loaded
[    2.046596] loop: module loaded
[    2.046649] ata_piix 0000:00:07.1: version 2.13
[    2.046730] scsi0 : ata_piix
[    2.046776] scsi1 : ata_piix
[    2.046795] ata1: PATA max UDMA/33 cmd 0x1f0 ctl 0x3f6 bmdma 0x10c0 irq 14
[    2.046797] ata2: PATA max UDMA/33 cmd 0x170 ctl 0x376 bmdma 0x10c8 irq 15
[    2.046844] PPP generic driver version 2.4.2
[    2.046863] tun: Universal TUN/TAP device driver, 1.6
[    2.046864] tun: (C) 1999-2004 Max Krasnyansky <maxk@qualcomm.com>
[    2.046918] ehci_hcd: USB 2.0 'Enhanced' Host Controller (EHCI) Driver
[    2.046971] ACPI: PCI Interrupt Link [LNKB] enabled at IRQ 11
[    2.046973] PCI: setting IRQ 11 as level-triggered
[    2.046981] ehci_hcd 0000:02:03.0: PCI INT A -> Link[LNKB] -> GSI 11 (level, low) -> IRQ 11
[    2.047017] ehci_hcd 0000:02:03.0: EHCI Host Controller
[    2.047038] ehci_hcd 0000:02:03.0: new USB bus registered, assigned bus number 1
[    2.047091] ehci_hcd 0000:02:03.0: cache line size of 32 is not supported
[    2.047097] ehci_hcd 0000:02:03.0: irq 11, io mem 0xc9000000
[    2.047405] random 0000 0000 0000 00000000 00000000: rand_read_num 3 get_random_bytes(8): sig 00000000 00000000 00000000
[    2.047407] random 0000 0000 0000 00000000 00000000: extract_entropy(.. 8 ..)
[    2.047410] random 0000 0000 0000 00000000 00000000: going to reseed nonblocking with 64 bits (64 of 0 requested)
[    2.047412] random 0000 0000 0000 00000000 00000000: extract_entropy(.. 8 ..)
[    2.047414] random 0000 0000 0000 00000000 00000000: trying to extract 64 bits from input
[    2.047416] random 0000 0000 0000 00000000 00000000: debiting 0 entropy credits from input
[    2.047418] random 0000 0000 0000 00000000 00000000: extract_entropy account returned: 0 
[    2.047421] random 0000 0000 0000 00000000 00000000: urand_change_num 5 xfer_secondary_pool(8): pool_sig 00000000, data_sig 00000000, bytes_mixed 0 00000000 00000000
[    2.047424] random 0000 0000 0000 00000000 00000000: trying to extract 64 bits from nonblocking
[    2.047426] random 0000 0000 0000 00000000 00000000: debiting 64 entropy credits from nonblocking (unlimited)
[    2.047428] random 0000 0000 0000 00000000 00000000: extract_entropy account returned: 8 
[    2.047432] random 0000 0000 0000 00000000 00000000: urand_change_num 6 extract_buf: pool_sig 00000000, data_sig fffffff9, bytes_mixed 20 00000000 00000000
[    2.055553] ehci_hcd 0000:02:03.0: USB 2.0 started, EHCI 1.00
[    2.055606] usb usb1: configuration #1 chosen from 1 choice
[    2.055624] hub 1-0:1.0: USB hub found
[    2.055628] hub 1-0:1.0: 6 ports detected
[    2.055660] ohci_hcd: USB 1.1 'Open' Host Controller (OHCI) Driver
[    2.055669] uhci_hcd: USB Universal Host Controller Interface driver
[    2.055723] ACPI: PCI Interrupt Link [LNKC] enabled at IRQ 10
[    2.055725] PCI: setting IRQ 10 as level-triggered
[    2.055728] uhci_hcd 0000:02:00.0: PCI INT A -> Link[LNKC] -> GSI 10 (level, low) -> IRQ 10
[    2.055760] uhci_hcd 0000:02:00.0: UHCI Host Controller
[    2.055785] uhci_hcd 0000:02:00.0: new USB bus registered, assigned bus number 2
[    2.055885] uhci_hcd 0000:02:00.0: irq 10, io base 0x000020c0
[    2.055938] usb usb2: configuration #1 chosen from 1 choice
[    2.055953] hub 2-0:1.0: USB hub found
[    2.055957] hub 2-0:1.0: 2 ports detected
[    2.056010] usbcore: registered new interface driver libusual
[    2.056035] PNP: PS/2 Controller [PNP0303:KBC,PNP0f13:MOUS] at 0x60,0x64 irq 1,12
[    2.056367] serio: i8042 KBD port at 0x60,0x64 irq 1
[    2.056374] serio: i8042 AUX port at 0x60,0x64 irq 12
[    2.056405] mice: PS/2 mouse device common for all mice
[    2.056458] rtc_cmos 00:04: rtc core: registered rtc_cmos as rtc0
[    2.056474] rtc0: alarms up to one month, y3k, 114 bytes nvram, hpet irqs
[    2.056526] device-mapper: uevent: version 1.0.3
[    2.056631] device-mapper: ioctl: 4.15.0-ioctl (2009-04-01) initialised: dm-devel@redhat.com
[    2.056646] EISA: Probing bus 0 at eisa.0
[    2.056653] Cannot allocate resource for EISA slot 1
[    2.056655] Cannot allocate resource for EISA slot 2
[    2.056656] Cannot allocate resource for EISA slot 3
[    2.056658] Cannot allocate resource for EISA slot 4
[    2.056660] Cannot allocate resource for EISA slot 5
[    2.056662] Cannot allocate resource for EISA slot 6
[    2.056663] Cannot allocate resource for EISA slot 7
[    2.056665] Cannot allocate resource for EISA slot 8
[    2.056667] EISA: Detected 0 cards.
[    2.056709] cpuidle: using governor ladder
[    2.056711] cpuidle: using governor menu
[    2.056764] random 0000 0000 0000 00000000 00000000: rand_read_num 4 get_random_bytes(136): sig 0000021d 00000000 00000000
[    2.056796] random 0000 0000 0000 00000000 00000000: extract_entropy(.. 136 ..)
[    2.056799] random 0000 0000 0000 00000000 00000000: going to reseed nonblocking with 1024 bits (1088 of 0 requested)
[    2.056801] random 0000 0000 0000 00000000 00000000: extract_entropy(.. 128 ..)
[    2.056803] random 0000 0000 0000 00000000 00000000: trying to extract 1024 bits from input
[    2.056805] random 0000 0000 0000 00000000 00000000: debiting 0 entropy credits from input
[    2.056807] random 0000 0000 0000 00000000 00000000: extract_entropy account returned: 0 
[    2.056810] random 0000 0000 0000 00000000 00000000: urand_change_num 7 xfer_secondary_pool(136): pool_sig 0000021d, data_sig 00000000, bytes_mixed 0 00000000 00000000
[    2.056812] random 0000 0000 0000 00000000 00000000: trying to extract 1088 bits from nonblocking
[    2.056814] random 0000 0000 0000 00000000 00000000: debiting 1088 entropy credits from nonblocking (unlimited)
[    2.056816] random 0000 0000 0000 00000000 00000000: extract_entropy account returned: 136 
[    2.056820] random 0000 0000 0000 00000000 00000000: urand_change_num 8 extract_buf: pool_sig 0000021d, data_sig fffffff7, bytes_mixed 20 00000000 00000000
[    2.056824] random 0000 0000 0000 f961ee50 ba9cb1aa: urand_change_num 9 extract_buf: pool_sig 00000230, data_sig fffffeb4, bytes_mixed 20 f961ee50 ba9cb1aa
[    2.056828] random 0000 0000 0000 9748bdd6 56fb8af6: urand_change_num 10 extract_buf: pool_sig 00000373, data_sig 000000cf, bytes_mixed 20 9748bdd6 56fb8af6
[    2.056833] random 0000 0000 0000 9748bdd6 56fb8af6: urand_change_num 11 extract_buf: pool_sig fffffe49, data_sig 0000023f, bytes_mixed 20 9748bdd6 56fb8af6
[    2.056837] random 0000 0000 0000 a135be86 4777650e: urand_change_num 12 extract_buf: pool_sig fffffcce, data_sig 000000c6, bytes_mixed 20 a135be86 4777650e
[    2.056841] random 0000 0000 0000 4a6ea85d 170e00dd: urand_change_num 13 extract_buf: pool_sig ffffff97, data_sig ffffff7d, bytes_mixed 20 4a6ea85d 170e00dd
[    2.056845] random 0000 0000 0000 4a6ea85d 170e00dd: urand_change_num 14 extract_buf: pool_sig 00000160, data_sig fffffeea, bytes_mixed 20 4a6ea85d 170e00dd
[    2.056849] random 0000 0000 0000 6e87c3cb da668c73: urand_change_num 15 extract_buf: pool_sig 0000034f, data_sig ffffff54, bytes_mixed 20 6e87c3cb da668c73
[    2.056853] random 0000 0000 0000 6e87c3cb da668c73: urand_change_num 16 extract_buf: pool_sig fffffdc5, data_sig 00000205, bytes_mixed 20 6e87c3cb da668c73
[    2.056857] random 0000 0000 0000 39f531e6 461eb249: urand_change_num 17 extract_buf: pool_sig fffffc1d, data_sig ffffff5e, bytes_mixed 20 39f531e6 461eb249
[    2.056862] random 0000 0000 0000 7e1538a2 3e661182: urand_change_num 18 extract_buf: pool_sig 000006ef, data_sig ffffff2e, bytes_mixed 20 7e1538a2 3e661182
[    2.056866] random 0000 0000 0000 7e1538a2 3e661182: urand_change_num 19 extract_buf: pool_sig 00000317, data_sig fffffccb, bytes_mixed 20 7e1538a2 3e661182
[    2.056870] random 0000 0000 0000 76af506b 9b57305e: urand_change_num 20 extract_buf: pool_sig 00000227, data_sig ffffffd2, bytes_mixed 20 76af506b 9b57305e
[    2.056874] random 0000 0000 0000 37d49d89 e20417cc: urand_change_num 21 extract_buf: pool_sig 0000080b, data_sig 000001e9, bytes_mixed 20 37d49d89 e20417cc
[    2.056878] TCP cubic registered
[    2.056931] NET: Registered protocol family 10
[    2.056963] RANDOM - __random32 called. Change num 12.  Value: 8f3eba68	c1db9b96	544fe79f
[    2.056965] RANDOM - random32 called.  Value: 8f3eba68	c1db9b96	544fe79f
[    2.056974] random 0000 0000 0000 37d49d89 e20417cc: rand_read_num 5 get_random_bytes(4): sig 00000298 37d49d89 e20417cc
[    2.056976] random 0000 0000 0000 37d49d89 e20417cc: extract_entropy(.. 4 ..)
[    2.056978] random 0000 0000 0000 37d49d89 e20417cc: going to reseed nonblocking with 64 bits (32 of 0 requested)
[    2.056980] random 0000 0000 0000 37d49d89 e20417cc: extract_entropy(.. 8 ..)
[    2.056982] random 0000 0000 0000 37d49d89 e20417cc: trying to extract 64 bits from input
[    2.056984] random 0000 0000 0000 37d49d89 e20417cc: debiting 0 entropy credits from input
[    2.056986] random 0000 0000 0000 37d49d89 e20417cc: extract_entropy account returned: 0 
[    2.056989] random 0000 0000 0000 37d49d89 e20417cc: urand_change_num 22 xfer_secondary_pool(4): pool_sig 00000298, data_sig 00000000, bytes_mixed 0 37d49d89 e20417cc
[    2.056992] random 0000 0000 0000 37d49d89 e20417cc: trying to extract 32 bits from nonblocking
[    2.056994] random 0000 0000 0000 37d49d89 e20417cc: debiting 32 entropy credits from nonblocking (unlimited)
[    2.056996] random 0000 0000 0000 37d49d89 e20417cc: extract_entropy account returned: 4 
[    2.056999] random 0000 0000 0000 37d49d89 e20417cc: urand_change_num 23 extract_buf: pool_sig 00000298, data_sig 00000092, bytes_mixed 20 37d49d89 e20417cc
[    2.057052] RANDOM - __random32 called. Change num 13.  Value: eba68b0e	1db9b963	cf3ec61b
[    2.057054] RANDOM - random32 called.  Value: eba68b0e	1db9b963	cf3ec61b
[    2.057107] NET: Registered protocol family 17
[    2.057126] Using IPI No-Shortcut mode
[    2.057132] random 0000 0000 0000 2ee4c4fc 167bdb15: rand_read_num 6 get_random_bytes(8): sig fffffcbf 2ee4c4fc 167bdb15
[    2.057134] random 0000 0000 0000 2ee4c4fc 167bdb15: extract_entropy(.. 8 ..)
[    2.057136] random 0000 0000 0000 2ee4c4fc 167bdb15: going to reseed nonblocking with 64 bits (64 of 0 requested)
[    2.057138] random 0000 0000 0000 2ee4c4fc 167bdb15: extract_entropy(.. 8 ..)
[    2.057140] random 0000 0000 0000 2ee4c4fc 167bdb15: trying to extract 64 bits from input
[    2.057142] random 0000 0000 0000 2ee4c4fc 167bdb15: debiting 0 entropy credits from input
[    2.057144] random 0000 0000 0000 2ee4c4fc 167bdb15: extract_entropy account returned: 0 
[    2.057147] random 0000 0000 0000 2ee4c4fc 167bdb15: urand_change_num 24 xfer_secondary_pool(8): pool_sig fffffcbf, data_sig 00000000, bytes_mixed 0 2ee4c4fc 167bdb15
[    2.057149] random 0000 0000 0000 2ee4c4fc 167bdb15: trying to extract 64 bits from nonblocking
[    2.057152] random 0000 0000 0000 2ee4c4fc 167bdb15: debiting 64 entropy credits from nonblocking (unlimited)
[    2.057154] random 0000 0000 0000 2ee4c4fc 167bdb15: extract_entropy account returned: 8 
[    2.057157] random 0000 0000 0000 2ee4c4fc 167bdb15: urand_change_num 25 extract_buf: pool_sig fffffcbf, data_sig ffffff83, bytes_mixed 20 2ee4c4fc 167bdb15
[    2.057195] PM: Resume from disk failed.
[    2.057202] registered taskstats version 1
[    2.057205] random 0000 0000 0000 2ee4c4fc 167bdb15: rand_read_num 7 get_random_bytes(12): sig fffffc69 2ee4c4fc 167bdb15
[    2.057207] random 0000 0000 0000 2ee4c4fc 167bdb15: extract_entropy(.. 12 ..)
[    2.057209] random 0000 0000 0000 2ee4c4fc 167bdb15: going to reseed nonblocking with 96 bits (96 of 0 requested)
[    2.057211] random 0000 0000 0000 2ee4c4fc 167bdb15: extract_entropy(.. 12 ..)
[    2.057213] random 0000 0000 0000 2ee4c4fc 167bdb15: trying to extract 96 bits from input
[    2.057215] random 0000 0000 0000 2ee4c4fc 167bdb15: debiting 0 entropy credits from input
[    2.057217] random 0000 0000 0000 2ee4c4fc 167bdb15: extract_entropy account returned: 0 
[    2.057220] random 0000 0000 0000 2ee4c4fc 167bdb15: urand_change_num 26 xfer_secondary_pool(12): pool_sig fffffc69, data_sig 00000000, bytes_mixed 0 2ee4c4fc 167bdb15
[    2.057222] random 0000 0000 0000 2ee4c4fc 167bdb15: trying to extract 96 bits from nonblocking
[    2.057224] random 0000 0000 0000 2ee4c4fc 167bdb15: debiting 96 entropy credits from nonblocking (unlimited)
[    2.057226] random 0000 0000 0000 2ee4c4fc 167bdb15: extract_entropy account returned: 12 
[    2.057229] random 0000 0000 0000 2ee4c4fc 167bdb15: urand_change_num 27 extract_buf: pool_sig fffffc69, data_sig ffffff7d, bytes_mixed 20 2ee4c4fc 167bdb15
[    2.057234] random 0000 0000 0000 83b7c1ab 94697f48: urand_change_num 28 extract_buf: pool_sig fffffe30, data_sig fffffdd6, bytes_mixed 20 83b7c1ab 94697f48
[    2.057236] RANDOM - __seed init called.
[    2.057237] RANDOM - __seed init called.
[    2.057239] RANDOM - __seed init called.
[    2.057240] RANDOM - __random32 called. Change num 14.  Value: fc007995	feca4f80	21b38ad2
[    2.057242] RANDOM - random32_reseed called.  Value: fc007995	feca4f80	21b38ad2
[    2.057244] Pid: 1, comm: swapper Not tainted 2.6.32.57 #4
[    2.057246] Call Trace:
[    2.057251]  [<c14a8a0e>] ? printk+0x1d/0x1f
[    2.057255]  [<c17537e5>] random32_reseed+0x89/0xbd
[    2.057259]  [<c1003042>] do_one_initcall+0x32/0x1a0
[    2.057261]  [<c175375c>] ? random32_reseed+0x0/0xbd
[    2.057264]  [<c17308e7>] kernel_init+0x12d/0x17a
[    2.057266]  [<c17307ba>] ? kernel_init+0x0/0x17a
[    2.057269]  [<c1009b07>] kernel_thread_helper+0x7/0x10
[    2.060056] input: AT Translated Set 2 keyboard as /devices/platform/i8042/serio0/input/input1
[    2.060336] random 0000 0000 0000 6db70b00 b30ce96b: rand_read_num 8 get_random_bytes(64): sig fffffb38 6db70b00 b30ce96b
[    2.060338] random 0000 0000 0000 6db70b00 b30ce96b: extract_entropy(.. 64 ..)
[    2.060341] random 0000 0000 0000 6db70b00 b30ce96b: going to reseed nonblocking with 512 bits (512 of 0 requested)
[    2.060343] random 0000 0000 0000 6db70b00 b30ce96b: extract_entropy(.. 64 ..)
[    2.060345] random 0000 0000 0000 6db70b00 b30ce96b: trying to extract 512 bits from input
[    2.060348] random 0000 0000 0000 6db70b00 b30ce96b: debiting 0 entropy credits from input
[    2.060350] random 0000 0000 0000 6db70b00 b30ce96b: extract_entropy account returned: 0 
[    2.060353] random 0000 0000 0000 6db70b00 b30ce96b: urand_change_num 29 xfer_secondary_pool(64): pool_sig fffffb38, data_sig 00000000, bytes_mixed 0 6db70b00 b30ce96b
[    2.060356] random 0000 0000 0000 6db70b00 b30ce96b: trying to extract 512 bits from nonblocking
[    2.060358] random 0000 0000 0000 6db70b00 b30ce96b: debiting 512 entropy credits from nonblocking (unlimited)
[    2.060360] random 0000 0000 0000 6db70b00 b30ce96b: extract_entropy account returned: 64 
[    2.060364] random 0000 0000 0000 6db70b00 b30ce96b: urand_change_num 30 extract_buf: pool_sig fffffb38, data_sig 00000151, bytes_mixed 20 6db70b00 b30ce96b
[    2.060368] random 0000 0000 0000 6db70b00 b30ce96b: urand_change_num 31 extract_buf: pool_sig fffffdb8, data_sig 00000379, bytes_mixed 20 6db70b00 b30ce96b
[    2.060373] random 0000 0000 0000 6b83001e d4b6c0d3: urand_change_num 32 extract_buf: pool_sig ffffffc9, data_sig 00000198, bytes_mixed 20 6b83001e d4b6c0d3
[    2.060377] random 0000 0000 0000 79d3e3c7 be564518: urand_change_num 33 extract_buf: pool_sig 000002b9, data_sig ffffff84, bytes_mixed 20 79d3e3c7 be564518
[    2.060382] random 0000 0000 0000 79d3e3c7 be564518: urand_change_num 34 extract_buf: pool_sig ffffff55, data_sig ffffff5a, bytes_mixed 20 79d3e3c7 be564518
[    2.060386] random 0000 0000 0000 89c03cb2 0d353228: urand_change_num 35 extract_buf: pool_sig 00000007, data_sig ffffff17, bytes_mixed 20 89c03cb2 0d353228
[    2.060391] random 0000 0000 0000 89c03cb2 0d353228: urand_change_num 36 extract_buf: pool_sig fffffdae, data_sig 000000db, bytes_mixed 20 89c03cb2 0d353228  Magic number: 13:468:1006
[    2.060410] system 00:08: hash matches
[    2.060486] rtc_cmos 00:04: setting system clock to 2013-05-24 21:57:49 UTC (1369432669)
[    2.060489] BIOS EDD facility v0.16 2004-Jun-25, 0 devices found
[    2.060490] EDD information not available.
[    2.060514] random 0000 0000 0000 8ca62387 b120332c: rand_read_num 9 get_random_bytes(64): sig fffffed6 8ca62387 b120332c
[    2.060516] random 0000 0000 0000 8ca62387 b120332c: extract_entropy(.. 64 ..)
[    2.060519] random 0000 0000 0000 8ca62387 b120332c: going to reseed nonblocking with 512 bits (512 of 0 requested)
[    2.060521] random 0000 0000 0000 8ca62387 b120332c: extract_entropy(.. 64 ..)
[    2.060523] random 0000 0000 0000 8ca62387 b120332c: trying to extract 512 bits from input
[    2.060525] random 0000 0000 0000 8ca62387 b120332c: debiting 0 entropy credits from input
[    2.060527] random 0000 0000 0000 8ca62387 b120332c: extract_entropy account returned: 0 
[    2.060530] random 0000 0000 0000 8ca62387 b120332c: urand_change_num 37 xfer_secondary_pool(64): pool_sig fffffed6, data_sig 00000000, bytes_mixed 0 8ca62387 b120332c
[    2.060533] random 0000 0000 0000 8ca62387 b120332c: trying to extract 512 bits from nonblocking
[    2.060535] random 0000 0000 0000 8ca62387 b120332c: debiting 512 entropy credits from nonblocking (unlimited)
[    2.060537] random 0000 0000 0000 8ca62387 b120332c: extract_entropy account returned: 64 
[    2.060541] random 0000 0000 0000 8ca62387 b120332c: urand_change_num 38 extract_buf: pool_sig fffffed6, data_sig fffffeb6, bytes_mixed 20 8ca62387 b120332c
[    2.060545] random 0000 0000 0000 90702413 e2a66c2e: urand_change_num 39 extract_buf: pool_sig fffffbb0, data_sig 0000012e, bytes_mixed 20 90702413 e2a66c2e
[    2.060550] random 0000 0000 0000 90702413 e2a66c2e: urand_change_num 40 extract_buf: pool_sig fffffaf1, data_sig ffffff3c, bytes_mixed 20 90702413 e2a66c2e
[    2.060554] random 0000 0000 0000 3f58038b c77aecb6: urand_change_num 41 extract_buf: pool_sig 00000234, data_sig fffffdec, bytes_mixed 20 3f58038b c77aecb6
[    2.060559] random 0000 0000 0000 47187b9d 03f21510: urand_change_num 42 extract_buf: pool_sig 00000192, data_sig 00000075, bytes_mixed 20 47187b9d 03f21510
[    2.060563] random 0000 0000 0000 47187b9d 03f21510: urand_change_num 43 extract_buf: pool_sig 0000018e, data_sig ffffffbf, bytes_mixed 20 47187b9d 03f21510
[    2.060567] random 0000 0000 0000 3180b1fc 0fa9c973: urand_change_num 44 extract_buf: pool_sig fffffecf, data_sig ffffff2a, bytes_mixed 20 3180b1fc 0fa9c973
[    2.060570] BEGIN NET_SECRET:
[    2.060571] \xffffff87
[    2.060573] \xffffff8d
[    2.060574] \xfffffff4
[    2.060575] \xffffffae
[    2.060576] \xffffffc3
[    2.060577] \xffffffb7
[    2.060579] \x31
[    2.060580] \x65
[    2.060581] \xffffffda
[    2.060582] \xffffffa2
[    2.060583] \x31
[    2.060584] \xffffffc8
[    2.060585] \xffffffa9
[    2.060587] \x76
[    2.060588] \x76
[    2.060589] \xffffff90
[    2.060590] \x55
[    2.060591] \xfffffff3
[    2.060592] \xffffffb1
[    2.060593] \x3
[    2.060595] \xffffffb3
[    2.060596] \xffffffa7
[    2.060597] \x5a
[    2.060598] \x71
[    2.060599] \x70
[    2.060600] \xffffff8c
[    2.060601] \x56
[    2.060603] \x25
[    2.060604] \xffffffe1
[    2.060605] \x4c
[    2.060606] \xffffffe6
[    2.060607] \xffffff95
[    2.060608] \x67
[    2.060609] \x4c
[    2.060611] \xffffffb9
[    2.060612] \x1d
[    2.060613] \xe
[    2.060614] \x34
[    2.060615] \xffffffbe
[    2.060616] \x12
[    2.060617] \x5
[    2.060618] \xffffff98
[    2.060620] \xffffffa0
[    2.060621] \xf
[    2.060622] \xffffffb2
[    2.060623] \xffffffde
[    2.060624] \xffffff99
[    2.060625] \xf
[    2.060626] \xffffffe8
[    2.060628] \xffffffc8
[    2.060629] \x1f
[    2.060630] \x54
[    2.060631] \x2c
[    2.060632] \xffffffee
[    2.060633] \x2e
[    2.060634] \x0
[    2.060636] \xffffff95
[    2.060637] \x0
[    2.060638] \xffffffe3
[    2.060639] \xffffffa7
[    2.060640] \xfffffffd
[    2.060641] \x66
[    2.060642] \xffffff92
[    2.060643] \xfffffff0
[    2.060645] 
[    2.060645] END NET_SECRET
[    2.060648] random 0000 0000 0000 3180b1fc 0fa9c973: rand_read_num 10 get_random_bytes(4): sig ffffff46 3180b1fc 0fa9c973
[    2.060650] random 0000 0000 0000 3180b1fc 0fa9c973: extract_entropy(.. 4 ..)
[    2.060653] random 0000 0000 0000 3180b1fc 0fa9c973: going to reseed nonblocking with 64 bits (32 of 0 requested)
[    2.060655] random 0000 0000 0000 3180b1fc 0fa9c973: extract_entropy(.. 8 ..)
[    2.060657] random 0000 0000 0000 3180b1fc 0fa9c973: trying to extract 64 bits from input
[    2.060659] random 0000 0000 0000 3180b1fc 0fa9c973: debiting 0 entropy credits from input
[    2.060661] random 0000 0000 0000 3180b1fc 0fa9c973: extract_entropy account returned: 0 
[    2.060664] random 0000 0000 0000 3180b1fc 0fa9c973: urand_change_num 45 xfer_secondary_pool(4): pool_sig ffffff46, data_sig 00000000, bytes_mixed 0 3180b1fc 0fa9c973
[    2.060667] random 0000 0000 0000 3180b1fc 0fa9c973: trying to extract 32 bits from nonblocking
[    2.060669] random 0000 0000 0000 3180b1fc 0fa9c973: debiting 32 entropy credits from nonblocking (unlimited)
[    2.060671] random 0000 0000 0000 3180b1fc 0fa9c973: extract_entropy account returned: 4 
[    2.060675] random 0000 0000 0000 3180b1fc 0fa9c973: urand_change_num 46 extract_buf: pool_sig ffffff46, data_sig 0000001b, bytes_mixed 20 3180b1fc 0fa9c973
[    2.233404] ata2.00: ATAPI: VMware Virtual IDE CDROM Drive, 00000001, max UDMA/33
[    2.233685] ata2.00: configured for UDMA/33
[    2.234084] scsi 1:0:0:0: CD-ROM            NECVMWar VMware IDE CDR10 1.00 PQ: 0 ANSI: 5
[    2.235311] sr0: scsi3-mmc drive: 306x/306x cd/rw xa/form2 cdda tray
[    2.235314] Uniform CD-ROM driver Revision: 3.20
[    2.235367] sr 1:0:0:0: Attached scsi CD-ROM sr0
[    2.235402] sr 1:0:0:0: Attached scsi generic sg0 type 5
[    2.235437] Freeing unused kernel memory: 652k freed
[    2.235490] Write protecting the kernel text: 4840k
[    2.235521] Write protecting the kernel read-only data: 1968k
