[    0.000000] random 0000 0000 0000 00000000 00000000: rand_read_num 1 get_random_bytes(8): sig 00000000 00000000 00000000
[    0.000000] random 0000 0000 0000 00000000 00000000: extract_entropy(.. 8 ..)
[    0.000000] random 0000 0000 0000 00000000 00000000: going to reseed nonblocking with 64 bits (64 of 0 requested)
[    0.000000] random 0000 0000 0000 00000000 00000000: extract_entropy(.. 8 ..)
[    0.000000] random 0000 0000 0000 00000000 00000000: trying to extract 64 bits from input
[    0.000000] random 0000 0000 0000 00000000 00000000: debiting 0 entropy credits from input
[    0.000000] random 0000 0000 0000 00000000 00000000: extract_entropy account returned: 0 
[    0.000000] random 0000 0000 0000 00000000 00000000: urand_change_num 1 xfer_secondary_pool(8): pool_sig 00000000, data_sig 00000000, bytes_mixed 0 00000000 00000000
[    0.000000] random 0000 0000 0000 00000000 00000000: trying to extract 64 bits from nonblocking
[    0.000000] random 0000 0000 0000 00000000 00000000: debiting 64 entropy credits from nonblocking (unlimited)
[    0.000000] random 0000 0000 0000 00000000 00000000: extract_entropy account returned: 8 
[    0.000000] random 0000 0000 0000 00000000 00000000: urand_change_num 2 extract_buf: pool_sig 00000000, data_sig fffffff9, bytes_mixed 20 00000000 00000000
[    0.000000] Initializing cgroup subsys cpuset
[    0.000000] Initializing cgroup subsys cpu
[    0.000000] Linux version 2.6.32.57 (dcashman@ubuntu) (gcc version 4.6.3 (Ubuntu/Linaro 4.6.3-1ubuntu5) ) #4 SMP Fri May 24 11:09:26 PDT 2013
[    0.000000] KERNEL supported cpus:
[    0.000000]   Intel GenuineIntel
[    0.000000]   AMD AuthenticAMD
[    0.000000]   NSC Geode by NSC
[    0.000000]   Cyrix CyrixInstead
[    0.000000]   Centaur CentaurHauls
[    0.000000]   Transmeta GenuineTMx86
[    0.000000]   Transmeta TransmetaCPU
[    0.000000]   UMC UMC UMC UMC
[    0.000000] BIOS-provided physical RAM map:
[    0.000000]  BIOS-e820: 0000000000000000 - 000000000009f000 (usable)
[    0.000000]  BIOS-e820: 000000000009f000 - 00000000000a0000 (reserved)
[    0.000000]  BIOS-e820: 00000000000ca000 - 00000000000cc000 (reserved)
[    0.000000]  BIOS-e820: 00000000000dc000 - 0000000000100000 (reserved)
[    0.000000]  BIOS-e820: 0000000000100000 - 000000003fee0000 (usable)
[    0.000000]  BIOS-e820: 000000003fee0000 - 000000003feff000 (ACPI data)
[    0.000000]  BIOS-e820: 000000003feff000 - 000000003ff00000 (ACPI NVS)
[    0.000000]  BIOS-e820: 000000003ff00000 - 0000000040000000 (usable)
[    0.000000]  BIOS-e820: 00000000e0000000 - 00000000f0000000 (reserved)
[    0.000000]  BIOS-e820: 00000000fec00000 - 00000000fec10000 (reserved)
[    0.000000]  BIOS-e820: 00000000fee00000 - 00000000fee01000 (reserved)
[    0.000000]  BIOS-e820: 00000000fffe0000 - 0000000100000000 (reserved)
[    0.000000] DMI present.
[    0.000000] Phoenix BIOS detected: BIOS may corrupt low RAM, working around it.
[    0.000000] e820 update range: 0000000000000000 - 0000000000010000 (usable) ==> (reserved)
[    0.000000] last_pfn = 0x40000 max_arch_pfn = 0x1000000
[    0.000000] MTRR default type: uncachable
[    0.000000] MTRR fixed ranges enabled:
[    0.000000]   00000-9FFFF write-back
[    0.000000]   A0000-BFFFF uncachable
[    0.000000]   C0000-CBFFF write-protect
[    0.000000]   CC000-EFFFF uncachable
[    0.000000]   F0000-FFFFF write-protect
[    0.000000] MTRR variable ranges enabled:
[    0.000000]   0 base 0000000000 mask FFC0000000 write-back
[    0.000000]   1 disabled
[    0.000000]   2 disabled
[    0.000000]   3 disabled
[    0.000000]   4 disabled
[    0.000000]   5 disabled
[    0.000000]   6 disabled
[    0.000000]   7 disabled
[    0.000000] x86 PAT enabled: cpu 0, old 0x0, new 0x7010600070106
[    0.000000] Scanning 0 areas for low memory corruption
[    0.000000] modified physical RAM map:
[    0.000000]  modified: 0000000000000000 - 0000000000010000 (reserved)
[    0.000000]  modified: 0000000000010000 - 000000000009f000 (usable)
[    0.000000]  modified: 000000000009f000 - 00000000000a0000 (reserved)
[    0.000000]  modified: 00000000000ca000 - 00000000000cc000 (reserved)
[    0.000000]  modified: 00000000000dc000 - 0000000000100000 (reserved)
[    0.000000]  modified: 0000000000100000 - 000000003fee0000 (usable)
[    0.000000]  modified: 000000003fee0000 - 000000003feff000 (ACPI data)
[    0.000000]  modified: 000000003feff000 - 000000003ff00000 (ACPI NVS)
[    0.000000]  modified: 000000003ff00000 - 0000000040000000 (usable)
[    0.000000]  modified: 00000000e0000000 - 00000000f0000000 (reserved)
[    0.000000]  modified: 00000000fec00000 - 00000000fec10000 (reserved)
[    0.000000]  modified: 00000000fee00000 - 00000000fee01000 (reserved)
[    0.000000]  modified: 00000000fffe0000 - 0000000100000000 (reserved)
[    0.000000] initial memory mapped : 0 - 01e00000
[    0.000000] init_memory_mapping: 0000000000000000-00000000379fe000
[    0.000000] NX (Execute Disable) protection: active
[    0.000000]  0000000000 - 0000200000 page 4k
[    0.000000]  0000200000 - 0037800000 page 2M
[    0.000000]  0037800000 - 00379fe000 page 4k
[    0.000000] kernel direct mapping tables up to 379fe000 @ 10000-16000
[    0.000000] RAMDISK: 2dcfc000 - 32e758c3
[    0.000000] ACPI: RSDP 000f6b80 00024 (v02 PTLTD )
[    0.000000] ACPI: XSDT 3feed636 0005C (v01 INTEL  440BX    06040000 VMW  01324272)
[    0.000000] ACPI: FACP 3fefee98 000F4 (v04 INTEL  440BX    06040000 PTL  000F4240)
[    0.000000] ACPI: DSDT 3feee366 10B32 (v01 PTLTD  Custom   06040000 MSFT 03000001)
[    0.000000] ACPI: FACS 3fefffc0 00040
[    0.000000] ACPI: BOOT 3feee33e 00028 (v01 PTLTD  $SBFTBL$ 06040000  LTP 00000001)
[    0.000000] ACPI: APIC 3feedc3e 003C2 (v01 PTLTD  ? APIC   06040000  LTP 00000000)
[    0.000000] ACPI: MCFG 3feedc02 0003C (v01 PTLTD  $PCITBL$ 06040000  LTP 00000001)
[    0.000000] ACPI: SRAT 3feed732 004D0 (v02 VMWARE MEMPLUG  06040000 VMW  00000001)
[    0.000000] ACPI: HPET 3feed6fa 00038 (v01 VMWARE VMW HPET 06040000 VMW  00000001)
[    0.000000] ACPI: WAET 3feed6d2 00028 (v01 VMWARE VMW WAET 06040000 VMW  00000001)
[    0.000000] ACPI: Local APIC address 0xfee00000
[    0.000000] 134MB HIGHMEM available.
[    0.000000] 889MB LOWMEM available.
[    0.000000]   mapped low ram: 0 - 379fe000
[    0.000000]   low ram: 0 - 379fe000
[    0.000000]   node 0 low ram: 00000000 - 379fe000
[    0.000000]   node 0 bootmap 00012000 - 00018f40
[    0.000000] (9 early reservations) ==> bootmem [0000000000 - 00379fe000]
[    0.000000]   #0 [0000000000 - 0000001000]   BIOS data page ==> [0000000000 - 0000001000]
[    0.000000]   #1 [0000001000 - 0000002000]    EX TRAMPOLINE ==> [0000001000 - 0000002000]
[    0.000000]   #2 [0000006000 - 0000007000]       TRAMPOLINE ==> [0000006000 - 0000007000]
[    0.000000]   #3 [0001000000 - 0001a75ff8]    TEXT DATA BSS ==> [0001000000 - 0001a75ff8]
[    0.000000]   #4 [002dcfc000 - 0032e758c3]          RAMDISK ==> [002dcfc000 - 0032e758c3]
[    0.000000]   #5 [000009f000 - 0000100000]    BIOS reserved ==> [000009f000 - 0000100000]
[    0.000000]   #6 [0001a76000 - 0001a851c0]              BRK ==> [0001a76000 - 0001a851c0]
[    0.000000]   #7 [0000010000 - 0000012000]          PGTABLE ==> [0000010000 - 0000012000]
[    0.000000]   #8 [0000012000 - 0000019000]          BOOTMAP ==> [0000012000 - 0000019000]
[    0.000000] found SMP MP-table at [c00f6bf0] f6bf0
[    0.000000] Zone PFN ranges:
[    0.000000]   DMA      0x00000010 -> 0x00001000
[    0.000000]   Normal   0x00001000 -> 0x000379fe
[    0.000000]   HighMem  0x000379fe -> 0x00040000
[    0.000000] Movable zone start PFN for each node
[    0.000000] early_node_map[3] active PFN ranges
[    0.000000]     0: 0x00000010 -> 0x0000009f
[    0.000000]     0: 0x00000100 -> 0x0003fee0
[    0.000000]     0: 0x0003ff00 -> 0x00040000
[    0.000000] On node 0 totalpages: 261999
[    0.000000] free_area_init_node: node 0, pgdat c1715200, node_mem_map c1a87200
[    0.000000]   DMA zone: 32 pages used for memmap
[    0.000000]   DMA zone: 0 pages reserved
[    0.000000]   DMA zone: 3951 pages, LIFO batch:0
[    0.000000]   Normal zone: 1748 pages used for memmap
[    0.000000]   Normal zone: 221994 pages, LIFO batch:31
[    0.000000]   HighMem zone: 269 pages used for memmap
[    0.000000]   HighMem zone: 34005 pages, LIFO batch:7
[    0.000000] Using APIC driver default
[    0.000000] ACPI: PM-Timer IO Port: 0x1008
[    0.000000] ACPI: Local APIC address 0xfee00000
[    0.000000] ACPI: LAPIC (acpi_id[0x00] lapic_id[0x00] enabled)
[    0.000000] ACPI: LAPIC (acpi_id[0x01] lapic_id[0x02] disabled)
[    0.000000] ACPI: LAPIC (acpi_id[0x02] lapic_id[0x04] disabled)
[    0.000000] ACPI: LAPIC (acpi_id[0x03] lapic_id[0x06] disabled)
[    0.000000] ACPI: LAPIC (acpi_id[0x04] lapic_id[0x08] disabled)
[    0.000000] ACPI: LAPIC (acpi_id[0x05] lapic_id[0x0a] disabled)
[    0.000000] ACPI: LAPIC (acpi_id[0x06] lapic_id[0x0c] disabled)
[    0.000000] ACPI: LAPIC (acpi_id[0x07] lapic_id[0x0e] disabled)
[    0.000000] ACPI: LAPIC (acpi_id[0x08] lapic_id[0x10] disabled)
[    0.000000] ACPI: LAPIC (acpi_id[0x09] lapic_id[0x12] disabled)
[    0.000000] ACPI: LAPIC (acpi_id[0x0a] lapic_id[0x14] disabled)
[    0.000000] ACPI: LAPIC (acpi_id[0x0b] lapic_id[0x16] disabled)
[    0.000000] ACPI: LAPIC (acpi_id[0x0c] lapic_id[0x18] disabled)
[    0.000000] ACPI: LAPIC (acpi_id[0x0d] lapic_id[0x1a] disabled)
[    0.000000] ACPI: LAPIC (acpi_id[0x0e] lapic_id[0x1c] disabled)
[    0.000000] ACPI: LAPIC (acpi_id[0x0f] lapic_id[0x1e] disabled)
[    0.000000] ACPI: LAPIC (acpi_id[0x10] lapic_id[0x20] disabled)
[    0.000000] ACPI: LAPIC (acpi_id[0x11] lapic_id[0x22] disabled)
[    0.000000] ACPI: LAPIC (acpi_id[0x12] lapic_id[0x24] disabled)
[    0.000000] ACPI: LAPIC (acpi_id[0x13] lapic_id[0x26] disabled)
[    0.000000] ACPI: LAPIC (acpi_id[0x14] lapic_id[0x28] disabled)
[    0.000000] ACPI: LAPIC (acpi_id[0x15] lapic_id[0x2a] disabled)
[    0.000000] ACPI: LAPIC (acpi_id[0x16] lapic_id[0x2c] disabled)
[    0.000000] ACPI: LAPIC (acpi_id[0x17] lapic_id[0x2e] disabled)
[    0.000000] ACPI: LAPIC (acpi_id[0x18] lapic_id[0x30] disabled)
[    0.000000] ACPI: LAPIC (acpi_id[0x19] lapic_id[0x32] disabled)
[    0.000000] ACPI: LAPIC (acpi_id[0x1a] lapic_id[0x34] disabled)
[    0.000000] ACPI: LAPIC (acpi_id[0x1b] lapic_id[0x36] disabled)
[    0.000000] ACPI: LAPIC (acpi_id[0x1c] lapic_id[0x38] disabled)
[    0.000000] ACPI: LAPIC (acpi_id[0x1d] lapic_id[0x3a] disabled)
[    0.000000] ACPI: LAPIC (acpi_id[0x1e] lapic_id[0x3c] disabled)
[    0.000000] ACPI: LAPIC (acpi_id[0x1f] lapic_id[0x3e] disabled)
[    0.000000] ACPI: LAPIC (acpi_id[0x20] lapic_id[0x40] disabled)
[    0.000000] ACPI: LAPIC (acpi_id[0x21] lapic_id[0x42] disabled)
[    0.000000] ACPI: LAPIC (acpi_id[0x22] lapic_id[0x44] disabled)
[    0.000000] ACPI: LAPIC (acpi_id[0x23] lapic_id[0x46] disabled)
[    0.000000] ACPI: LAPIC (acpi_id[0x24] lapic_id[0x48] disabled)
[    0.000000] ACPI: LAPIC (acpi_id[0x25] lapic_id[0x4a] disabled)
[    0.000000] ACPI: LAPIC (acpi_id[0x26] lapic_id[0x4c] disabled)
[    0.000000] ACPI: LAPIC (acpi_id[0x27] lapic_id[0x4e] disabled)
[    0.000000] ACPI: LAPIC (acpi_id[0x28] lapic_id[0x50] disabled)
[    0.000000] ACPI: LAPIC (acpi_id[0x29] lapic_id[0x52] disabled)
[    0.000000] ACPI: LAPIC (acpi_id[0x2a] lapic_id[0x54] disabled)
[    0.000000] ACPI: LAPIC (acpi_id[0x2b] lapic_id[0x56] disabled)
[    0.000000] ACPI: LAPIC (acpi_id[0x2c] lapic_id[0x58] disabled)
[    0.000000] ACPI: LAPIC (acpi_id[0x2d] lapic_id[0x5a] disabled)
[    0.000000] ACPI: LAPIC (acpi_id[0x2e] lapic_id[0x5c] disabled)
[    0.000000] ACPI: LAPIC (acpi_id[0x2f] lapic_id[0x5e] disabled)
[    0.000000] ACPI: LAPIC (acpi_id[0x30] lapic_id[0x60] disabled)
[    0.000000] ACPI: LAPIC (acpi_id[0x31] lapic_id[0x62] disabled)
[    0.000000] ACPI: LAPIC (acpi_id[0x32] lapic_id[0x64] disabled)
[    0.000000] ACPI: LAPIC (acpi_id[0x33] lapic_id[0x66] disabled)
[    0.000000] ACPI: LAPIC (acpi_id[0x34] lapic_id[0x68] disabled)
[    0.000000] ACPI: LAPIC (acpi_id[0x35] lapic_id[0x6a] disabled)
[    0.000000] ACPI: LAPIC (acpi_id[0x36] lapic_id[0x6c] disabled)
[    0.000000] ACPI: LAPIC (acpi_id[0x37] lapic_id[0x6e] disabled)
[    0.000000] ACPI: LAPIC (acpi_id[0x38] lapic_id[0x70] disabled)
[    0.000000] ACPI: LAPIC (acpi_id[0x39] lapic_id[0x72] disabled)
[    0.000000] ACPI: LAPIC (acpi_id[0x3a] lapic_id[0x74] disabled)
[    0.000000] ACPI: LAPIC (acpi_id[0x3b] lapic_id[0x76] disabled)
[    0.000000] ACPI: LAPIC (acpi_id[0x3c] lapic_id[0x78] disabled)
[    0.000000] ACPI: LAPIC (acpi_id[0x3d] lapic_id[0x7a] disabled)
[    0.000000] ACPI: LAPIC (acpi_id[0x3e] lapic_id[0x7c] disabled)
[    0.000000] ACPI: LAPIC (acpi_id[0x3f] lapic_id[0x7e] disabled)
[    0.000000] ACPI: LAPIC_NMI (acpi_id[0x00] high edge lint[0x1])
[    0.000000] ACPI: LAPIC_NMI (acpi_id[0x01] high edge lint[0x1])
[    0.000000] ACPI: LAPIC_NMI (acpi_id[0x02] high edge lint[0x1])
[    0.000000] ACPI: LAPIC_NMI (acpi_id[0x03] high edge lint[0x1])
[    0.000000] ACPI: LAPIC_NMI (acpi_id[0x04] high edge lint[0x1])
[    0.000000] ACPI: LAPIC_NMI (acpi_id[0x05] high edge lint[0x1])
[    0.000000] ACPI: LAPIC_NMI (acpi_id[0x06] high edge lint[0x1])
[    0.000000] ACPI: LAPIC_NMI (acpi_id[0x07] high edge lint[0x1])
[    0.000000] ACPI: LAPIC_NMI (acpi_id[0x08] high edge lint[0x1])
[    0.000000] ACPI: LAPIC_NMI (acpi_id[0x09] high edge lint[0x1])
[    0.000000] ACPI: LAPIC_NMI (acpi_id[0x0a] high edge lint[0x1])
[    0.000000] ACPI: LAPIC_NMI (acpi_id[0x0b] high edge lint[0x1])
[    0.000000] ACPI: LAPIC_NMI (acpi_id[0x0c] high edge lint[0x1])
[    0.000000] ACPI: LAPIC_NMI (acpi_id[0x0d] high edge lint[0x1])
[    0.000000] ACPI: LAPIC_NMI (acpi_id[0x0e] high edge lint[0x1])
[    0.000000] ACPI: LAPIC_NMI (acpi_id[0x0f] high edge lint[0x1])
[    0.000000] ACPI: LAPIC_NMI (acpi_id[0x10] high edge lint[0x1])
[    0.000000] ACPI: LAPIC_NMI (acpi_id[0x11] high edge lint[0x1])
[    0.000000] ACPI: LAPIC_NMI (acpi_id[0x12] high edge lint[0x1])
[    0.000000] ACPI: LAPIC_NMI (acpi_id[0x13] high edge lint[0x1])
[    0.000000] ACPI: LAPIC_NMI (acpi_id[0x14] high edge lint[0x1])
[    0.000000] ACPI: LAPIC_NMI (acpi_id[0x15] high edge lint[0x1])
[    0.000000] ACPI: LAPIC_NMI (acpi_id[0x16] high edge lint[0x1])
[    0.000000] ACPI: LAPIC_NMI (acpi_id[0x17] high edge lint[0x1])
[    0.000000] ACPI: LAPIC_NMI (acpi_id[0x18] high edge lint[0x1])
[    0.000000] ACPI: LAPIC_NMI (acpi_id[0x19] high edge lint[0x1])
[    0.000000] ACPI: LAPIC_NMI (acpi_id[0x1a] high edge lint[0x1])
[    0.000000] ACPI: LAPIC_NMI (acpi_id[0x1b] high edge lint[0x1])
[    0.000000] ACPI: LAPIC_NMI (acpi_id[0x1c] high edge lint[0x1])
[    0.000000] ACPI: LAPIC_NMI (acpi_id[0x1d] high edge lint[0x1])
[    0.000000] ACPI: LAPIC_NMI (acpi_id[0x1e] high edge lint[0x1])
[    0.000000] ACPI: LAPIC_NMI (acpi_id[0x1f] high edge lint[0x1])
[    0.000000] ACPI: LAPIC_NMI (acpi_id[0x20] high edge lint[0x1])
[    0.000000] ACPI: LAPIC_NMI (acpi_id[0x21] high edge lint[0x1])
[    0.000000] ACPI: LAPIC_NMI (acpi_id[0x22] high edge lint[0x1])
[    0.000000] ACPI: LAPIC_NMI (acpi_id[0x23] high edge lint[0x1])
[    0.000000] ACPI: LAPIC_NMI (acpi_id[0x24] high edge lint[0x1])
[    0.000000] ACPI: LAPIC_NMI (acpi_id[0x25] high edge lint[0x1])
[    0.000000] ACPI: LAPIC_NMI (acpi_id[0x26] high edge lint[0x1])
[    0.000000] ACPI: LAPIC_NMI (acpi_id[0x27] high edge lint[0x1])
[    0.000000] ACPI: LAPIC_NMI (acpi_id[0x28] high edge lint[0x1])
[    0.000000] ACPI: LAPIC_NMI (acpi_id[0x29] high edge lint[0x1])
[    0.000000] ACPI: LAPIC_NMI (acpi_id[0x2a] high edge lint[0x1])
[    0.000000] ACPI: LAPIC_NMI (acpi_id[0x2b] high edge lint[0x1])
[    0.000000] ACPI: LAPIC_NMI (acpi_id[0x2c] high edge lint[0x1])
[    0.000000] ACPI: LAPIC_NMI (acpi_id[0x2d] high edge lint[0x1])
[    0.000000] ACPI: LAPIC_NMI (acpi_id[0x2e] high edge lint[0x1])
[    0.000000] ACPI: LAPIC_NMI (acpi_id[0x2f] high edge lint[0x1])
[    0.000000] ACPI: LAPIC_NMI (acpi_id[0x30] high edge lint[0x1])
[    0.000000] ACPI: LAPIC_NMI (acpi_id[0x31] high edge lint[0x1])
[    0.000000] ACPI: LAPIC_NMI (acpi_id[0x32] high edge lint[0x1])
[    0.000000] ACPI: LAPIC_NMI (acpi_id[0x33] high edge lint[0x1])
[    0.000000] ACPI: LAPIC_NMI (acpi_id[0x34] high edge lint[0x1])
[    0.000000] ACPI: LAPIC_NMI (acpi_id[0x35] high edge lint[0x1])
[    0.000000] ACPI: LAPIC_NMI (acpi_id[0x36] high edge lint[0x1])
[    0.000000] ACPI: LAPIC_NMI (acpi_id[0x37] high edge lint[0x1])
[    0.000000] ACPI: LAPIC_NMI (acpi_id[0x38] high edge lint[0x1])
[    0.000000] ACPI: LAPIC_NMI (acpi_id[0x39] high edge lint[0x1])
[    0.000000] ACPI: LAPIC_NMI (acpi_id[0x3a] high edge lint[0x1])
[    0.000000] ACPI: LAPIC_NMI (acpi_id[0x3b] high edge lint[0x1])
[    0.000000] ACPI: LAPIC_NMI (acpi_id[0x3c] high edge lint[0x1])
[    0.000000] ACPI: LAPIC_NMI (acpi_id[0x3d] high edge lint[0x1])
[    0.000000] ACPI: LAPIC_NMI (acpi_id[0x3e] high edge lint[0x1])
[    0.000000] ACPI: LAPIC_NMI (acpi_id[0x3f] high edge lint[0x1])
[    0.000000] ACPI: Skipping IOAPIC probe due to 'noapic' option.
[    0.000000] Using ACPI for processor (LAPIC) configuration information
[    0.000000] ACPI: HPET id: 0x8086af01 base: 0xfed00000
[    0.000000] Intel MultiProcessor Specification v1.4
[    0.000000]     Virtual Wire compatibility mode.
[    0.000000] MPTABLE: OEM ID: INTEL   
[    0.000000] MPTABLE: Product ID: 440BX       
[    0.000000] MPTABLE: APIC at: 0xFEE00000
[    0.000000] I/O APIC #1 Version 17 at 0xFEC00000.
[    0.000000] Processors: 1
[    0.000000] 64 Processors exceeds NR_CPUS limit of 8
[    0.000000] SMP: Allowing 8 CPUs, 7 hotplug CPUs
[    0.000000] nr_irqs_gsi: 24
[    0.000000] PM: Registered nosave memory: 000000000009f000 - 00000000000a0000
[    0.000000] PM: Registered nosave memory: 00000000000a0000 - 00000000000ca000
[    0.000000] PM: Registered nosave memory: 00000000000ca000 - 00000000000cc000
[    0.000000] PM: Registered nosave memory: 00000000000cc000 - 00000000000dc000
[    0.000000] PM: Registered nosave memory: 00000000000dc000 - 0000000000100000
[    0.000000] Allocating PCI resources starting at 40000000 (gap: 40000000:a0000000)
[    0.000000] Booting paravirtualized kernel on bare hardware
[    0.000000] NR_CPUS:8 nr_cpumask_bits:8 nr_cpu_ids:8 nr_node_ids:1
[    0.000000] PERCPU: Embedded 15 pages/cpu @c2400000 s39320 r0 d22120 u262144
[    0.000000] pcpu-alloc: s39320 r0 d22120 u262144 alloc=1*2097152
[    0.000000] pcpu-alloc: [0] 0 1 2 3 4 5 6 7 
[    0.000000] Built 1 zonelists in Zone order, mobility grouping on.  Total pages: 259950
[    0.000000] Kernel command line: BOOT_IMAGE=/boot/vmlinuz-2.6.32.57 root=UUID=007b598c-390d-4c65-84a1-4ff752d48633 ro quiet splash maxcpus=0
[    0.000000] PID hash table entries: 4096 (order: 2, 16384 bytes)
[    0.000000] Dentry cache hash table entries: 131072 (order: 7, 524288 bytes)
[    0.000000] Inode-cache hash table entries: 65536 (order: 6, 262144 bytes)
[    0.000000] Enabling fast FPU save and restore... done.
[    0.000000] Enabling unmasked SIMD FPU exception support... done.
[    0.000000] Initializing CPU#0
[    0.000000] xsave/xrstor: enabled xstate_bv 0x7, cntxt size 0x340
[    0.000000] allocated 5242560 bytes of page_cgroup
[    0.000000] please try 'cgroup_disable=memory' option if you don't want memory cgroups
[    0.000000] Initializing HighMem for node 0 (000379fe:00040000)
[    0.000000] Memory: 938260k/1048576k available (4839k kernel code, 108848k reserved, 2518k data, 652k init, 137096k highmem)
[    0.000000] virtual kernel memory layout:
[    0.000000]     fixmap  : 0xfff1e000 - 0xfffff000   ( 900 kB)
[    0.000000]     pkmap   : 0xffa00000 - 0xffc00000   (2048 kB)
[    0.000000]     vmalloc : 0xf81fe000 - 0xff9fe000   ( 120 MB)
[    0.000000]     lowmem  : 0xc0000000 - 0xf79fe000   ( 889 MB)
[    0.000000]       .init : 0xc1730000 - 0xc17d3000   ( 652 kB)
[    0.000000]       .data : 0xc14b9cce - 0xc172f764   (2518 kB)
[    0.000000]       .text : 0xc1000000 - 0xc14b9cce   (4839 kB)
[    0.000000] Checking if this processor honours the WP bit even in supervisor mode...Ok.
[    0.000000] SLUB: Genslabs=13, HWalign=64, Order=0-3, MinObjects=0, CPUs=8, Nodes=1
[    0.000000] Hierarchical RCU implementation.
[    0.000000] NR_IRQS:2304 nr_irqs:472
[    0.000000] Extended CMOS year: 2000
[    0.000000] Console: colour VGA+ 80x25
[    0.000000] console [tty0] enabled
[    0.000000] hpet clockevent registered
[    0.000000] TSC freq read from hypervisor : 2394.620 MHz
[    0.000000] Detected 2394.620 MHz processor.
[    0.000002] Calibrating delay loop (skipped) preset value.. 4789.24 BogoMIPS (lpj=9578480)
[    0.000011] Security Framework initialized
[    0.000014] SELinux:  Disabled at boot.
[    0.000018] Mount-cache hash table entries: 512
[    0.000114] Initializing cgroup subsys cpuacct
[    0.000118] Initializing cgroup subsys memory
[    0.000121] Initializing cgroup subsys devices
[    0.000122] Initializing cgroup subsys freezer
[    0.000148] CPU: Physical Processor ID: 0
[    0.000155] CPU: L1 I cache: 32K, L1 D cache: 32K
[    0.000156] CPU: L2 cache: 256K
[    0.000157] CPU: L3 cache: 4096K
[    0.000162] mce: CPU supports 0 MCE banks
[    0.000174] Performance Events: no PMU driver, software events only.
[    0.000183] Checking 'hlt' instruction... OK.
[    0.017703] SMP alternatives: switching to UP code
[    0.034276] ACPI: Core revision 20090903
[    0.042657] ACPI: setting ELCR to 0200 (from 0e20)
[    0.044869] ftrace: converting mcount calls to 0f 1f 44 00 00
[    0.044876] ftrace: allocating 22631 entries in 45 pages
[    0.063233] CANARY value: 4919776a for PID: 1
[    0.063264] Not enabling x2apic, Intr-remapping init failed.
[    0.063266] Enabling APIC mode:  Flat.  Using 1 I/O APICs
[    0.063273] SMP mode deactivated.
[    0.063298] SMP disabled
[    0.063352] Brought up 1 CPUs
[    0.063354] Total of 1 processors activated (4789.24 BogoMIPS).
[    0.063358] CPU0 attaching NULL sched-domain.
[    0.063428] devtmpfs: initialized
[    0.063535] sysctl table check failed: /kernel/random/now_input .1.40.7 Unknown sysctl binary path
[    0.063777] Pid: 1, comm: swapper Not tainted 2.6.32.57 #4
[    0.063778] Call Trace:
[    0.063782]  [<c14a8a0e>] ? printk+0x1d/0x1f
[    0.063785]  [<c107b56f>] set_fail+0x4f/0x60
[    0.063787]  [<c107b8b3>] sysctl_check_table+0x333/0x620
[    0.063789]  [<c107b8cc>] sysctl_check_table+0x34c/0x620
[    0.063791]  [<c107b8cc>] sysctl_check_table+0x34c/0x620
[    0.063794]  [<c1746d48>] sysctl_init+0x25/0x29
[    0.063796]  [<c1003042>] do_one_initcall+0x32/0x1a0
[    0.063798]  [<c1746d23>] ? sysctl_init+0x0/0x29
[    0.063801]  [<c17308e7>] kernel_init+0x12d/0x17a
[    0.063802]  [<c17307ba>] ? kernel_init+0x0/0x17a
[    0.063805]  [<c1009b07>] kernel_thread_helper+0x7/0x10
[    0.063806] sysctl table check failed: /kernel/random/now_blocking .1.40.8 Unknown sysctl binary path
[    0.064098] Pid: 1, comm: swapper Not tainted 2.6.32.57 #4
[    0.064099] Call Trace:
[    0.064101]  [<c14a8a0e>] ? printk+0x1d/0x1f
[    0.064103]  [<c107b56f>] set_fail+0x4f/0x60
[    0.064105]  [<c107b8b3>] sysctl_check_table+0x333/0x620
[    0.064107]  [<c107b8cc>] sysctl_check_table+0x34c/0x620
[    0.064108]  [<c107b8cc>] sysctl_check_table+0x34c/0x620
[    0.064111]  [<c1746d48>] sysctl_init+0x25/0x29
[    0.064113]  [<c1003042>] do_one_initcall+0x32/0x1a0
[    0.064115]  [<c1746d23>] ? sysctl_init+0x0/0x29
[    0.064117]  [<c17308e7>] kernel_init+0x12d/0x17a
[    0.064118]  [<c17307ba>] ? kernel_init+0x0/0x17a
[    0.064120]  [<c1009b07>] kernel_thread_helper+0x7/0x10
[    0.064122] sysctl table check failed: /kernel/random/now_nonblocking .1.40.9 Unknown sysctl binary path
[    0.064369] Pid: 1, comm: swapper Not tainted 2.6.32.57 #4
[    0.064370] Call Trace:
[    0.064372]  [<c14a8a0e>] ? printk+0x1d/0x1f
[    0.064373]  [<c107b56f>] set_fail+0x4f/0x60
[    0.064375]  [<c107b8b3>] sysctl_check_table+0x333/0x620
[    0.064376]  [<c107b8cc>] sysctl_check_table+0x34c/0x620
[    0.064378]  [<c107b8cc>] sysctl_check_table+0x34c/0x620
[    0.064380]  [<c1746d48>] sysctl_init+0x25/0x29
[    0.064382]  [<c1003042>] do_one_initcall+0x32/0x1a0
[    0.064384]  [<c1746d23>] ? sysctl_init+0x0/0x29
[    0.064385]  [<c17308e7>] kernel_init+0x12d/0x17a
[    0.064387]  [<c17307ba>] ? kernel_init+0x0/0x17a
[    0.064388]  [<c1009b07>] kernel_thread_helper+0x7/0x10
[    0.064390] sysctl table check failed: /kernel/random/nb_input_bytes .1.40.10 Unknown sysctl binary path
[    0.064620] Pid: 1, comm: swapper Not tainted 2.6.32.57 #4
[    0.064620] Call Trace:
[    0.064622]  [<c14a8a0e>] ? printk+0x1d/0x1f
[    0.064623]  [<c107b56f>] set_fail+0x4f/0x60
[    0.064625]  [<c107b8b3>] sysctl_check_table+0x333/0x620
[    0.064626]  [<c107b8cc>] sysctl_check_table+0x34c/0x620
[    0.064628]  [<c107b8cc>] sysctl_check_table+0x34c/0x620
[    0.064630]  [<c1746d48>] sysctl_init+0x25/0x29
[    0.064632]  [<c1003042>] do_one_initcall+0x32/0x1a0
[    0.064634]  [<c1746d23>] ? sysctl_init+0x0/0x29
[    0.064635]  [<c17308e7>] kernel_init+0x12d/0x17a
[    0.064636]  [<c17307ba>] ? kernel_init+0x0/0x17a
[    0.064638]  [<c1009b07>] kernel_thread_helper+0x7/0x10
[    0.064639] sysctl table check failed: /kernel/random/nb_stir_count .1.40.11 Unknown sysctl binary path
[    0.064889] Pid: 1, comm: swapper Not tainted 2.6.32.57 #4
[    0.064890] Call Trace:
[    0.064892]  [<c14a8a0e>] ? printk+0x1d/0x1f
[    0.064893]  [<c107b56f>] set_fail+0x4f/0x60
[    0.064895]  [<c107b8b3>] sysctl_check_table+0x333/0x620
[    0.064896]  [<c107b8cc>] sysctl_check_table+0x34c/0x620
[    0.064898]  [<c107b8cc>] sysctl_check_table+0x34c/0x620
[    0.064909]  [<c1746d48>] sysctl_init+0x25/0x29
[    0.064911]  [<c1003042>] do_one_initcall+0x32/0x1a0
[    0.064913]  [<c1746d23>] ? sysctl_init+0x0/0x29
[    0.064914]  [<c17308e7>] kernel_init+0x12d/0x17a
[    0.064916]  [<c17307ba>] ? kernel_init+0x0/0x17a
[    0.064917]  [<c1009b07>] kernel_thread_helper+0x7/0x10
[    0.064919] sysctl table check failed: /kernel/random/nb_reentry_count .1.40.12 Unknown sysctl binary path
[    0.065150] Pid: 1, comm: swapper Not tainted 2.6.32.57 #4
[    0.065151] Call Trace:
[    0.065152]  [<c14a8a0e>] ? printk+0x1d/0x1f
[    0.065154]  [<c107b56f>] set_fail+0x4f/0x60
[    0.065155]  [<c107b8b3>] sysctl_check_table+0x333/0x620
[    0.065157]  [<c107b8cc>] sysctl_check_table+0x34c/0x620
[    0.065158]  [<c107b8cc>] sysctl_check_table+0x34c/0x620
[    0.065161]  [<c1746d48>] sysctl_init+0x25/0x29
[    0.065162]  [<c1003042>] do_one_initcall+0x32/0x1a0
[    0.065164]  [<c1746d23>] ? sysctl_init+0x0/0x29
[    0.065166]  [<c17308e7>] kernel_init+0x12d/0x17a
[    0.065167]  [<c17307ba>] ? kernel_init+0x0/0x17a
[    0.065169]  [<c1009b07>] kernel_thread_helper+0x7/0x10
[    0.065280] RANDOM - __seed init called.
[    0.065281] RANDOM - __seed init called.
[    0.065282] RANDOM - __seed init called.
[    0.065283] RANDOM - __random32 called. Change num 1.  Value: a80d136a	404c45a2	eeeb6229
[    0.065285] RANDOM - __random32 called. Change num 2.  Value: d136a14c	4c45a20	c453360e
[    0.065286] RANDOM - __random32 called. Change num 3.  Value: 6a14c0a3	4c45a20b	6c1cd950
[    0.065287] RANDOM - __random32 called. Change num 4.  Value: 4c0a3e40	c45a20be	b2a19f42
[    0.065288] RANDOM - __random32 called. Change num 5.  Value: a3e40178	45a20bea	3e84f5ac
[    0.065290] RANDOM - __random32 called. Change num 6.  Value: 40178479	5a20bea9	eb59546b
[    0.065291] RANDOM - random32 init called.  Value: 40178479	5a20bea9	eb59546b
[    0.065296] regulator: core version 0.5
[    0.065357] Time: 23:18:59  Date: 05/24/13
[    0.065391] NET: Registered protocol family 16
[    0.065454] EISA bus registered
[    0.066207] ACPI: bus type pci registered
[    0.066297] PCI: MCFG configuration 0: base e0000000 segment 0 buses 0 - 255
[    0.066299] PCI: MCFG area at e0000000 reserved in E820
[    0.066300] PCI: Using MMCONFIG for extended config space
[    0.066301] PCI: Using configuration type 1 for base access
[    0.066743] bio: create slab <bio-0> at 0
[    0.068015] ACPI: EC: Look up EC in DSDT
[    0.104197] ACPI: BIOS _OSI(Linux) query ignored
[    0.109930] ACPI: Interpreter enabled
[    0.109934] ACPI: (supports S0 S1 S4 S5)
[    0.109945] ACPI: Using PIC for interrupt routing
[    0.190871] ACPI: No dock devices found.
[    0.191680] ACPI: PCI Root Bridge [PCI0] (0000:00)
[    0.193189] pci 0000:00:07.1: reg 20 io port: [0x10c0-0x10cf]
[    0.193742] pci 0000:00:07.3: quirk: region 1000-103f claimed by PIIX4 ACPI
[    0.193763] pci 0000:00:07.3: quirk: region 1040-104f claimed by PIIX4 SMB
[    0.194290] pci 0000:00:07.7: reg 10 io port: [0x1080-0x10bf]
[    0.194663] pci 0000:00:07.7: reg 14 64bit mmio: [0xc8000000-0xc8001fff]
[    0.195794] pci 0000:00:0f.0: reg 10 io port: [0x10d0-0x10df]
[    0.195834] pci 0000:00:0f.0: reg 14 32bit mmio pref: [0xd0000000-0xd7ffffff]
[    0.195880] pci 0000:00:0f.0: reg 18 32bit mmio: [0xc8800000-0xc8ffffff]
[    0.196016] pci 0000:00:0f.0: reg 30 32bit mmio pref: [0x000000-0x007fff]
[    0.196512] pci 0000:00:10.0: reg 10 io port: [0x1400-0x14ff]
[    0.196904] pci 0000:00:10.0: reg 14 64bit mmio: [0xc8040000-0xc805ffff]
[    0.197256] pci 0000:00:10.0: reg 1c 64bit mmio: [0xc8020000-0xc803ffff]
[    0.197326] pci 0000:00:10.0: reg 30 32bit mmio pref: [0x000000-0x003fff]
[    0.198720] pci 0000:00:15.0: PME# supported from D0 D3hot D3cold
[    0.198749] pci 0000:00:15.0: PME# disabled
[    0.199640] pci 0000:00:15.1: PME# supported from D0 D3hot D3cold
[    0.199661] pci 0000:00:15.1: PME# disabled
[    0.200594] pci 0000:00:15.2: PME# supported from D0 D3hot D3cold
[    0.200623] pci 0000:00:15.2: PME# disabled
[    0.201592] pci 0000:00:15.3: PME# supported from D0 D3hot D3cold
[    0.201612] pci 0000:00:15.3: PME# disabled
[    0.202485] pci 0000:00:15.4: PME# supported from D0 D3hot D3cold
[    0.202505] pci 0000:00:15.4: PME# disabled
[    0.203368] pci 0000:00:15.5: PME# supported from D0 D3hot D3cold
[    0.203388] pci 0000:00:15.5: PME# disabled
[    0.204260] pci 0000:00:15.6: PME# supported from D0 D3hot D3cold
[    0.204280] pci 0000:00:15.6: PME# disabled
[    0.205142] pci 0000:00:15.7: PME# supported from D0 D3hot D3cold
[    0.205163] pci 0000:00:15.7: PME# disabled
[    0.206024] pci 0000:00:16.0: PME# supported from D0 D3hot D3cold
[    0.206044] pci 0000:00:16.0: PME# disabled
[    0.206900] pci 0000:00:16.1: PME# supported from D0 D3hot D3cold
[    0.206918] pci 0000:00:16.1: PME# disabled
[    0.207802] pci 0000:00:16.2: PME# supported from D0 D3hot D3cold
[    0.207823] pci 0000:00:16.2: PME# disabled
[    0.208643] pci 0000:00:16.3: PME# supported from D0 D3hot D3cold
[    0.208673] pci 0000:00:16.3: PME# disabled
[    0.209486] pci 0000:00:16.4: PME# supported from D0 D3hot D3cold
[    0.209505] pci 0000:00:16.4: PME# disabled
[    0.210311] pci 0000:00:16.5: PME# supported from D0 D3hot D3cold
[    0.210329] pci 0000:00:16.5: PME# disabled
[    0.211194] pci 0000:00:16.6: PME# supported from D0 D3hot D3cold
[    0.211214] pci 0000:00:16.6: PME# disabled
[    0.212048] pci 0000:00:16.7: PME# supported from D0 D3hot D3cold
[    0.212067] pci 0000:00:16.7: PME# disabled
[    0.212883] pci 0000:00:17.0: PME# supported from D0 D3hot D3cold
[    0.212902] pci 0000:00:17.0: PME# disabled
[    0.213735] pci 0000:00:17.1: PME# supported from D0 D3hot D3cold
[    0.213754] pci 0000:00:17.1: PME# disabled
[    0.214552] pci 0000:00:17.2: PME# supported from D0 D3hot D3cold
[    0.214571] pci 0000:00:17.2: PME# disabled
[    0.215405] pci 0000:00:17.3: PME# supported from D0 D3hot D3cold
[    0.215424] pci 0000:00:17.3: PME# disabled
[    0.216277] pci 0000:00:17.4: PME# supported from D0 D3hot D3cold
[    0.216296] pci 0000:00:17.4: PME# disabled
[    0.217120] pci 0000:00:17.5: PME# supported from D0 D3hot D3cold
[    0.217139] pci 0000:00:17.5: PME# disabled
[    0.217953] pci 0000:00:17.6: PME# supported from D0 D3hot D3cold
[    0.217972] pci 0000:00:17.6: PME# disabled
[    0.218807] pci 0000:00:17.7: PME# supported from D0 D3hot D3cold
[    0.218827] pci 0000:00:17.7: PME# disabled
[    0.219671] pci 0000:00:18.0: PME# supported from D0 D3hot D3cold
[    0.219691] pci 0000:00:18.0: PME# disabled
[    0.220495] pci 0000:00:18.1: PME# supported from D0 D3hot D3cold
[    0.220514] pci 0000:00:18.1: PME# disabled
[    0.221343] pci 0000:00:18.2: PME# supported from D0 D3hot D3cold
[    0.221362] pci 0000:00:18.2: PME# disabled
[    0.222188] pci 0000:00:18.3: PME# supported from D0 D3hot D3cold
[    0.222207] pci 0000:00:18.3: PME# disabled
[    0.223025] pci 0000:00:18.4: PME# supported from D0 D3hot D3cold
[    0.223044] pci 0000:00:18.4: PME# disabled
[    0.223923] pci 0000:00:18.5: PME# supported from D0 D3hot D3cold
[    0.223942] pci 0000:00:18.5: PME# disabled
[    0.224823] pci 0000:00:18.6: PME# supported from D0 D3hot D3cold
[    0.224843] pci 0000:00:18.6: PME# disabled
[    0.225666] pci 0000:00:18.7: PME# supported from D0 D3hot D3cold
[    0.225693] pci 0000:00:18.7: PME# disabled
[    0.226749] pci 0000:02:00.0: reg 20 io port: [0x20c0-0x20df]
[    0.227209] pci 0000:02:01.0: reg 10 io port: [0x2000-0x207f]
[    0.227411] pci 0000:02:01.0: reg 30 32bit mmio pref: [0x000000-0x00ffff]
[    0.227938] pci 0000:02:02.0: reg 10 io port: [0x2080-0x20bf]
[    0.228489] pci 0000:02:03.0: reg 10 32bit mmio: [0xc9000000-0xc9000fff]
[    0.229044] pci 0000:00:11.0: transparent bridge
[    0.229063] pci 0000:00:11.0: bridge io port: [0x2000-0x3fff]
[    0.229082] pci 0000:00:11.0: bridge 32bit mmio: [0xc9000000-0xca3fffff]
[    0.229117] pci 0000:00:11.0: bridge 64bit mmio pref: [0xd8400000-0xd89fffff]
[    0.229457] pci 0000:00:15.0: bridge io port: [0x4000-0x4fff]
[    0.229476] pci 0000:00:15.0: bridge 32bit mmio: [0xca400000-0xca4fffff]
[    0.229516] pci 0000:00:15.0: bridge 64bit mmio pref: [0xd8a00000-0xd8afffff]
[    0.229905] pci 0000:00:15.1: bridge io port: [0x8000-0x8fff]
[    0.229924] pci 0000:00:15.1: bridge 32bit mmio: [0xca800000-0xca8fffff]
[    0.229959] pci 0000:00:15.1: bridge 64bit mmio pref: [0xd8e00000-0xd8efffff]
[    0.230294] pci 0000:00:15.2: bridge io port: [0xc000-0xcfff]
[    0.230313] pci 0000:00:15.2: bridge 32bit mmio: [0xcac00000-0xcacfffff]
[    0.230348] pci 0000:00:15.2: bridge 64bit mmio pref: [0xd9200000-0xd92fffff]
[    0.230735] pci 0000:00:15.3: bridge 32bit mmio: [0xcb000000-0xcb0fffff]
[    0.230771] pci 0000:00:15.3: bridge 64bit mmio pref: [0xd9600000-0xd96fffff]
[    0.231121] pci 0000:00:15.4: bridge 32bit mmio: [0xcb400000-0xcb4fffff]
[    0.231157] pci 0000:00:15.4: bridge 64bit mmio pref: [0xd9a00000-0xd9afffff]
[    0.231506] pci 0000:00:15.5: bridge 32bit mmio: [0xcb800000-0xcb8fffff]
[    0.231541] pci 0000:00:15.5: bridge 64bit mmio pref: [0xd9e00000-0xd9efffff]
[    0.231933] pci 0000:00:15.6: bridge 32bit mmio: [0xcbc00000-0xcbcfffff]
[    0.231968] pci 0000:00:15.6: bridge 64bit mmio pref: [0xda200000-0xda2fffff]
[    0.232319] pci 0000:00:15.7: bridge 32bit mmio: [0xcc000000-0xcc0fffff]
[    0.232355] pci 0000:00:15.7: bridge 64bit mmio pref: [0xda600000-0xda6fffff]
[    0.232767] pci 0000:00:16.0: bridge io port: [0x5000-0x5fff]
[    0.232789] pci 0000:00:16.0: bridge 32bit mmio: [0xca500000-0xca5fffff]
[    0.232827] pci 0000:00:16.0: bridge 64bit mmio pref: [0xd8b00000-0xd8bfffff]
[    0.233181] pci 0000:00:16.1: bridge io port: [0x9000-0x9fff]
[    0.233199] pci 0000:00:16.1: bridge 32bit mmio: [0xca900000-0xca9fffff]
[    0.233235] pci 0000:00:16.1: bridge 64bit mmio pref: [0xd8f00000-0xd8ffffff]
[    0.233570] pci 0000:00:16.2: bridge io port: [0xd000-0xdfff]
[    0.233589] pci 0000:00:16.2: bridge 32bit mmio: [0xcad00000-0xcadfffff]
[    0.233687] pci 0000:00:16.2: bridge 64bit mmio pref: [0xd9300000-0xd93fffff]
[    0.234039] pci 0000:00:16.3: bridge 32bit mmio: [0xcb100000-0xcb1fffff]
[    0.234074] pci 0000:00:16.3: bridge 64bit mmio pref: [0xd9700000-0xd97fffff]
[    0.234443] pci 0000:00:16.4: bridge 32bit mmio: [0xcb500000-0xcb5fffff]
[    0.234479] pci 0000:00:16.4: bridge 64bit mmio pref: [0xd9b00000-0xd9bfffff]
[    0.234854] pci 0000:00:16.5: bridge 32bit mmio: [0xcb900000-0xcb9fffff]
[    0.234890] pci 0000:00:16.5: bridge 64bit mmio pref: [0xd9f00000-0xd9ffffff]
[    0.235240] pci 0000:00:16.6: bridge 32bit mmio: [0xcbd00000-0xcbdfffff]
[    0.235285] pci 0000:00:16.6: bridge 64bit mmio pref: [0xda300000-0xda3fffff]
[    0.235677] pci 0000:00:16.7: bridge 32bit mmio: [0xcc100000-0xcc1fffff]
[    0.235713] pci 0000:00:16.7: bridge 64bit mmio pref: [0xda700000-0xda7fffff]
[    0.236046] pci 0000:00:17.0: bridge io port: [0x6000-0x6fff]
[    0.236065] pci 0000:00:17.0: bridge 32bit mmio: [0xca600000-0xca6fffff]
[    0.236101] pci 0000:00:17.0: bridge 64bit mmio pref: [0xd8c00000-0xd8cfffff]
[    0.236443] pci 0000:00:17.1: bridge io port: [0xa000-0xafff]
[    0.236463] pci 0000:00:17.1: bridge 32bit mmio: [0xcaa00000-0xcaafffff]
[    0.236501] pci 0000:00:17.1: bridge 64bit mmio pref: [0xd9000000-0xd90fffff]
[    0.236871] pci 0000:00:17.2: bridge io port: [0xe000-0xefff]
[    0.236890] pci 0000:00:17.2: bridge 32bit mmio: [0xcae00000-0xcaefffff]
[    0.236925] pci 0000:00:17.2: bridge 64bit mmio pref: [0xd9400000-0xd94fffff]
[    0.237275] pci 0000:00:17.3: bridge 32bit mmio: [0xcb200000-0xcb2fffff]
[    0.237311] pci 0000:00:17.3: bridge 64bit mmio pref: [0xd9800000-0xd98fffff]
[    0.237682] pci 0000:00:17.4: bridge 32bit mmio: [0xcb600000-0xcb6fffff]
[    0.237717] pci 0000:00:17.4: bridge 64bit mmio pref: [0xd9c00000-0xd9cfffff]
[    0.238067] pci 0000:00:17.5: bridge 32bit mmio: [0xcba00000-0xcbafffff]
[    0.238103] pci 0000:00:17.5: bridge 64bit mmio pref: [0xda000000-0xda0fffff]
[    0.238463] pci 0000:00:17.6: bridge 32bit mmio: [0xcbe00000-0xcbefffff]
[    0.238508] pci 0000:00:17.6: bridge 64bit mmio pref: [0xda400000-0xda4fffff]
[    0.238890] pci 0000:00:17.7: bridge 32bit mmio: [0xcc200000-0xcc2fffff]
[    0.238925] pci 0000:00:17.7: bridge 64bit mmio pref: [0xda800000-0xda8fffff]
[    0.239259] pci 0000:00:18.0: bridge io port: [0x7000-0x7fff]
[    0.239278] pci 0000:00:18.0: bridge 32bit mmio: [0xca700000-0xca7fffff]
[    0.239313] pci 0000:00:18.0: bridge 64bit mmio pref: [0xd8d00000-0xd8dfffff]
[    0.239676] pci 0000:00:18.1: bridge io port: [0xb000-0xbfff]
[    0.239694] pci 0000:00:18.1: bridge 32bit mmio: [0xcab00000-0xcabfffff]
[    0.239730] pci 0000:00:18.1: bridge 64bit mmio pref: [0xd9100000-0xd91fffff]
[    0.240082] pci 0000:00:18.2: bridge io port: [0xf000-0xffff]
[    0.240101] pci 0000:00:18.2: bridge 32bit mmio: [0xcaf00000-0xcaffffff]
[    0.240136] pci 0000:00:18.2: bridge 64bit mmio pref: [0xd9500000-0xd95fffff]
[    0.240508] pci 0000:00:18.3: bridge 32bit mmio: [0xcb300000-0xcb3fffff]
[    0.240543] pci 0000:00:18.3: bridge 64bit mmio pref: [0xd9900000-0xd99fffff]
[    0.240913] pci 0000:00:18.4: bridge 32bit mmio: [0xcb700000-0xcb7fffff]
[    0.240949] pci 0000:00:18.4: bridge 64bit mmio pref: [0xd9d00000-0xd9dfffff]
[    0.241317] pci 0000:00:18.5: bridge 32bit mmio: [0xcbb00000-0xcbbfffff]
[    0.241353] pci 0000:00:18.5: bridge 64bit mmio pref: [0xda100000-0xda1fffff]
[    0.241720] pci 0000:00:18.6: bridge 32bit mmio: [0xcbf00000-0xcbffffff]
[    0.241758] pci 0000:00:18.6: bridge 64bit mmio pref: [0xda500000-0xda5fffff]
[    0.242126] pci 0000:00:18.7: bridge 32bit mmio: [0xcc300000-0xcc3fffff]
[    0.242161] pci 0000:00:18.7: bridge 64bit mmio pref: [0xda900000-0xda9fffff]
[    0.243582] pci_bus 0000:00: on NUMA node 0
[    0.243599] ACPI: PCI Interrupt Routing Table [\_SB_.PCI0._PRT]
[    0.491847] ACPI: PCI Interrupt Link [LNKA] (IRQs 3 4 5 6 7 *9 10 11 14 15)
[    0.492003] ACPI: PCI Interrupt Link [LNKB] (IRQs 3 4 5 6 7 9 10 *11 14 15)
[    0.492154] ACPI: PCI Interrupt Link [LNKC] (IRQs 3 4 5 6 7 9 *10 11 14 15)
[    0.492315] ACPI: PCI Interrupt Link [LNKD] (IRQs 3 4 *5 6 7 9 10 11 14 15)
[    0.492450] vgaarb: device added: PCI:0000:00:0f.0,decodes=io+mem,owns=io+mem,locks=none
[    0.492460] vgaarb: loaded
[    0.492550] SCSI subsystem initialized
[    0.492594] libata version 3.00 loaded.
[    0.492633] usbcore: registered new interface driver usbfs
[    0.492645] usbcore: registered new interface driver hub
[    0.492660] usbcore: registered new device driver usb
[    0.492728] PCI: Using ACPI for IRQ routing
[    0.493697] NetLabel: Initializing
[    0.493698] NetLabel:  domain hash size = 128
[    0.493699] NetLabel:  protocols = UNLABELED CIPSOv4
[    0.493707] NetLabel:  unlabeled traffic allowed by default
[    0.493740] hpet0: at MMIO 0xfed00000, IRQs 2, 8, 0, 0, 0, 0, 0, 0, 0, 0, 0, 0, 0, 0, 0, 0
[    0.493746] hpet0: 16 comparators, 64-bit 14.318180 MHz counter
[    0.496781] Switching to clocksource tsc
[    0.503920] pnp: PnP ACPI init
[    0.503931] ACPI: bus type pnp registered
[    0.547844] pnp: PnP ACPI: found 14 devices
[    0.547846] ACPI: ACPI bus type pnp unregistered
[    0.547849] PnPBIOS: Disabled by ACPI PNP
[    0.547864] system 00:01: ioport range 0x1000-0x103f has been reserved
[    0.547866] system 00:01: ioport range 0x1040-0x104f has been reserved
[    0.547867] system 00:01: ioport range 0xcf0-0xcf1 has been reserved
[    0.547874] system 00:08: iomem range 0xfed00000-0xfed003ff has been reserved
[    0.547879] system 00:0d: ioport range 0x1060-0x107f has been reserved
[    0.547881] system 00:0d: iomem range 0xe0000000-0xefffffff has been reserved
[    0.547883] system 00:0d: iomem range 0xc8200000-0xc83fffff has been reserved
[    0.582537] pci 0000:00:15.3: BAR 13: can't allocate I/O resource [0x10000-0xffff]
[    0.582541] pci 0000:00:15.4: BAR 13: can't allocate I/O resource [0x10000-0xffff]
[    0.582544] pci 0000:00:15.5: BAR 13: can't allocate I/O resource [0x10000-0xffff]
[    0.582547] pci 0000:00:15.6: BAR 13: can't allocate I/O resource [0x10000-0xffff]
[    0.582550] pci 0000:00:15.7: BAR 13: can't allocate I/O resource [0x10000-0xffff]
[    0.582552] pci 0000:00:16.3: BAR 13: can't allocate I/O resource [0x10000-0xffff]
[    0.582555] pci 0000:00:16.4: BAR 13: can't allocate I/O resource [0x10000-0xffff]
[    0.582558] pci 0000:00:16.5: BAR 13: can't allocate I/O resource [0x10000-0xffff]
[    0.582560] pci 0000:00:16.6: BAR 13: can't allocate I/O resource [0x10000-0xffff]
[    0.582563] pci 0000:00:16.7: BAR 13: can't allocate I/O resource [0x10000-0xffff]
[    0.582565] pci 0000:00:17.3: BAR 13: can't allocate I/O resource [0x10000-0xffff]
[    0.582568] pci 0000:00:17.4: BAR 13: can't allocate I/O resource [0x10000-0xffff]
[    0.582571] pci 0000:00:17.5: BAR 13: can't allocate I/O resource [0x10000-0xffff]
[    0.582573] pci 0000:00:17.6: BAR 13: can't allocate I/O resource [0x10000-0xffff]
[    0.582576] pci 0000:00:17.7: BAR 13: can't allocate I/O resource [0x10000-0xffff]
[    0.582579] pci 0000:00:18.3: BAR 13: can't allocate I/O resource [0x10000-0xffff]
[    0.582581] pci 0000:00:18.4: BAR 13: can't allocate I/O resource [0x10000-0xffff]
[    0.582584] pci 0000:00:18.5: BAR 13: can't allocate I/O resource [0x10000-0xffff]
[    0.582586] pci 0000:00:18.6: BAR 13: can't allocate I/O resource [0x10000-0xffff]
[    0.582589] pci 0000:00:18.7: BAR 13: can't allocate I/O resource [0x10000-0xffff]
[    0.582591] pci 0000:00:01.0: PCI bridge, secondary bus 0000:01
[    0.582593] pci 0000:00:01.0:   IO window: disabled
[    0.582621] pci 0000:00:01.0:   MEM window: disabled
[    0.582640] pci 0000:00:01.0:   PREFETCH window: disabled
[    0.582678] pci 0000:00:11.0: PCI bridge, secondary bus 0000:02
[    0.582689] pci 0000:00:11.0:   IO window: 0x2000-0x3fff
[    0.582717] pci 0000:00:11.0:   MEM window: 0xc9000000-0xca3fffff
[    0.582736] pci 0000:00:11.0:   PREFETCH window: 0x000000d8400000-0x000000d89fffff
[    0.582772] pci 0000:00:15.0: PCI bridge, secondary bus 0000:03
[    0.582783] pci 0000:00:15.0:   IO window: 0x4000-0x4fff
[    0.582811] pci 0000:00:15.0:   MEM window: 0xca400000-0xca4fffff
[    0.582830] pci 0000:00:15.0:   PREFETCH window: 0x000000d8a00000-0x000000d8afffff
[    0.582878] pci 0000:00:15.1: PCI bridge, secondary bus 0000:04
[    0.582890] pci 0000:00:15.1:   IO window: 0x8000-0x8fff
[    0.582917] pci 0000:00:15.1:   MEM window: 0xca800000-0xca8fffff
[    0.582936] pci 0000:00:15.1:   PREFETCH window: 0x000000d8e00000-0x000000d8efffff
[    0.582985] pci 0000:00:15.2: PCI bridge, secondary bus 0000:05
[    0.583006] pci 0000:00:15.2:   IO window: 0xc000-0xcfff
[    0.583043] pci 0000:00:15.2:   MEM window: 0xcac00000-0xcacfffff
[    0.583062] pci 0000:00:15.2:   PREFETCH window: 0x000000d9200000-0x000000d92fffff
[    0.583102] pci 0000:00:15.3: PCI bridge, secondary bus 0000:06
[    0.583103] pci 0000:00:15.3:   IO window: disabled
[    0.583131] pci 0000:00:15.3:   MEM window: 0xcb000000-0xcb0fffff
[    0.583150] pci 0000:00:15.3:   PREFETCH window: 0x000000d9600000-0x000000d96fffff
[    0.583190] pci 0000:00:15.4: PCI bridge, secondary bus 0000:07
[    0.583191] pci 0000:00:15.4:   IO window: disabled
[    0.583219] pci 0000:00:15.4:   MEM window: 0xcb400000-0xcb4fffff
[    0.583238] pci 0000:00:15.4:   PREFETCH window: 0x000000d9a00000-0x000000d9afffff
[    0.583278] pci 0000:00:15.5: PCI bridge, secondary bus 0000:08
[    0.583279] pci 0000:00:15.5:   IO window: disabled
[    0.583307] pci 0000:00:15.5:   MEM window: 0xcb800000-0xcb8fffff
[    0.583326] pci 0000:00:15.5:   PREFETCH window: 0x000000d9e00000-0x000000d9efffff
[    0.583366] pci 0000:00:15.6: PCI bridge, secondary bus 0000:09
[    0.583368] pci 0000:00:15.6:   IO window: disabled
[    0.583395] pci 0000:00:15.6:   MEM window: 0xcbc00000-0xcbcfffff
[    0.583414] pci 0000:00:15.6:   PREFETCH window: 0x000000da200000-0x000000da2fffff
[    0.583454] pci 0000:00:15.7: PCI bridge, secondary bus 0000:0a
[    0.583455] pci 0000:00:15.7:   IO window: disabled
[    0.583483] pci 0000:00:15.7:   MEM window: 0xcc000000-0xcc0fffff
[    0.583502] pci 0000:00:15.7:   PREFETCH window: 0x000000da600000-0x000000da6fffff
[    0.583542] pci 0000:00:16.0: PCI bridge, secondary bus 0000:0b
[    0.583553] pci 0000:00:16.0:   IO window: 0x5000-0x5fff
[    0.583581] pci 0000:00:16.0:   MEM window: 0xca500000-0xca5fffff
[    0.583600] pci 0000:00:16.0:   PREFETCH window: 0x000000d8b00000-0x000000d8bfffff
[    0.583640] pci 0000:00:16.1: PCI bridge, secondary bus 0000:0c
[    0.583651] pci 0000:00:16.1:   IO window: 0x9000-0x9fff
[    0.583678] pci 0000:00:16.1:   MEM window: 0xca900000-0xca9fffff
[    0.583697] pci 0000:00:16.1:   PREFETCH window: 0x000000d8f00000-0x000000d8ffffff
[    0.583737] pci 0000:00:16.2: PCI bridge, secondary bus 0000:0d
[    0.583748] pci 0000:00:16.2:   IO window: 0xd000-0xdfff
[    0.583775] pci 0000:00:16.2:   MEM window: 0xcad00000-0xcadfffff
[    0.583795] pci 0000:00:16.2:   PREFETCH window: 0x000000d9300000-0x000000d93fffff
[    0.583834] pci 0000:00:16.3: PCI bridge, secondary bus 0000:0e
[    0.583836] pci 0000:00:16.3:   IO window: disabled
[    0.583864] pci 0000:00:16.3:   MEM window: 0xcb100000-0xcb1fffff
[    0.583883] pci 0000:00:16.3:   PREFETCH window: 0x000000d9700000-0x000000d97fffff
[    0.583923] pci 0000:00:16.4: PCI bridge, secondary bus 0000:0f
[    0.583924] pci 0000:00:16.4:   IO window: disabled
[    0.583952] pci 0000:00:16.4:   MEM window: 0xcb500000-0xcb5fffff
[    0.583971] pci 0000:00:16.4:   PREFETCH window: 0x000000d9b00000-0x000000d9bfffff
[    0.584023] pci 0000:00:16.5: PCI bridge, secondary bus 0000:10
[    0.584024] pci 0000:00:16.5:   IO window: disabled
[    0.584061] pci 0000:00:16.5:   MEM window: 0xcb900000-0xcb9fffff
[    0.584080] pci 0000:00:16.5:   PREFETCH window: 0x000000d9f00000-0x000000d9ffffff
[    0.584120] pci 0000:00:16.6: PCI bridge, secondary bus 0000:11
[    0.584122] pci 0000:00:16.6:   IO window: disabled
[    0.584166] pci 0000:00:16.6:   MEM window: 0xcbd00000-0xcbdfffff
[    0.584192] pci 0000:00:16.6:   PREFETCH window: 0x000000da300000-0x000000da3fffff
[    0.584247] pci 0000:00:16.7: PCI bridge, secondary bus 0000:12
[    0.584249] pci 0000:00:16.7:   IO window: disabled
[    0.584276] pci 0000:00:16.7:   MEM window: 0xcc100000-0xcc1fffff
[    0.584296] pci 0000:00:16.7:   PREFETCH window: 0x000000da700000-0x000000da7fffff
[    0.584335] pci 0000:00:17.0: PCI bridge, secondary bus 0000:13
[    0.584346] pci 0000:00:17.0:   IO window: 0x6000-0x6fff
[    0.584374] pci 0000:00:17.0:   MEM window: 0xca600000-0xca6fffff
[    0.584393] pci 0000:00:17.0:   PREFETCH window: 0x000000d8c00000-0x000000d8cfffff
[    0.584433] pci 0000:00:17.1: PCI bridge, secondary bus 0000:14
[    0.584444] pci 0000:00:17.1:   IO window: 0xa000-0xafff
[    0.584472] pci 0000:00:17.1:   MEM window: 0xcaa00000-0xcaafffff
[    0.584491] pci 0000:00:17.1:   PREFETCH window: 0x000000d9000000-0x000000d90fffff
[    0.584530] pci 0000:00:17.2: PCI bridge, secondary bus 0000:15
[    0.584542] pci 0000:00:17.2:   IO window: 0xe000-0xefff
[    0.584569] pci 0000:00:17.2:   MEM window: 0xcae00000-0xcaefffff
[    0.584588] pci 0000:00:17.2:   PREFETCH window: 0x000000d9400000-0x000000d94fffff
[    0.584628] pci 0000:00:17.3: PCI bridge, secondary bus 0000:16
[    0.584630] pci 0000:00:17.3:   IO window: disabled
[    0.584658] pci 0000:00:17.3:   MEM window: 0xcb200000-0xcb2fffff
[    0.584677] pci 0000:00:17.3:   PREFETCH window: 0x000000d9800000-0x000000d98fffff
[    0.584727] pci 0000:00:17.4: PCI bridge, secondary bus 0000:17
[    0.584728] pci 0000:00:17.4:   IO window: disabled
[    0.584756] pci 0000:00:17.4:   MEM window: 0xcb600000-0xcb6fffff
[    0.584775] pci 0000:00:17.4:   PREFETCH window: 0x000000d9c00000-0x000000d9cfffff
[    0.584815] pci 0000:00:17.5: PCI bridge, secondary bus 0000:18
[    0.584816] pci 0000:00:17.5:   IO window: disabled
[    0.584844] pci 0000:00:17.5:   MEM window: 0xcba00000-0xcbafffff
[    0.584863] pci 0000:00:17.5:   PREFETCH window: 0x000000da000000-0x000000da0fffff
[    0.584903] pci 0000:00:17.6: PCI bridge, secondary bus 0000:19
[    0.584904] pci 0000:00:17.6:   IO window: disabled
[    0.584932] pci 0000:00:17.6:   MEM window: 0xcbe00000-0xcbefffff
[    0.584951] pci 0000:00:17.6:   PREFETCH window: 0x000000da400000-0x000000da4fffff
[    0.585009] pci 0000:00:17.7: PCI bridge, secondary bus 0000:1a
[    0.585010] pci 0000:00:17.7:   IO window: disabled
[    0.585047] pci 0000:00:17.7:   MEM window: 0xcc200000-0xcc2fffff
[    0.585066] pci 0000:00:17.7:   PREFETCH window: 0x000000da800000-0x000000da8fffff
[    0.585106] pci 0000:00:18.0: PCI bridge, secondary bus 0000:1b
[    0.585117] pci 0000:00:18.0:   IO window: 0x7000-0x7fff
[    0.585144] pci 0000:00:18.0:   MEM window: 0xca700000-0xca7fffff
[    0.585164] pci 0000:00:18.0:   PREFETCH window: 0x000000d8d00000-0x000000d8dfffff
[    0.585203] pci 0000:00:18.1: PCI bridge, secondary bus 0000:1c
[    0.585214] pci 0000:00:18.1:   IO window: 0xb000-0xbfff
[    0.585242] pci 0000:00:18.1:   MEM window: 0xcab00000-0xcabfffff
[    0.585261] pci 0000:00:18.1:   PREFETCH window: 0x000000d9100000-0x000000d91fffff
[    0.585301] pci 0000:00:18.2: PCI bridge, secondary bus 0000:1d
[    0.585312] pci 0000:00:18.2:   IO window: 0xf000-0xffff
[    0.585340] pci 0000:00:18.2:   MEM window: 0xcaf00000-0xcaffffff
[    0.585359] pci 0000:00:18.2:   PREFETCH window: 0x000000d9500000-0x000000d95fffff
[    0.585398] pci 0000:00:18.3: PCI bridge, secondary bus 0000:1e
[    0.585400] pci 0000:00:18.3:   IO window: disabled
[    0.585428] pci 0000:00:18.3:   MEM window: 0xcb300000-0xcb3fffff
[    0.585447] pci 0000:00:18.3:   PREFETCH window: 0x000000d9900000-0x000000d99fffff
[    0.585487] pci 0000:00:18.4: PCI bridge, secondary bus 0000:1f
[    0.585488] pci 0000:00:18.4:   IO window: disabled
[    0.585516] pci 0000:00:18.4:   MEM window: 0xcb700000-0xcb7fffff
[    0.585535] pci 0000:00:18.4:   PREFETCH window: 0x000000d9d00000-0x000000d9dfffff
[    0.585575] pci 0000:00:18.5: PCI bridge, secondary bus 0000:20
[    0.585577] pci 0000:00:18.5:   IO window: disabled
[    0.585604] pci 0000:00:18.5:   MEM window: 0xcbb00000-0xcbbfffff
[    0.585624] pci 0000:00:18.5:   PREFETCH window: 0x000000da100000-0x000000da1fffff
[    0.585663] pci 0000:00:18.6: PCI bridge, secondary bus 0000:21
[    0.585665] pci 0000:00:18.6:   IO window: disabled
[    0.585692] pci 0000:00:18.6:   MEM window: 0xcbf00000-0xcbffffff
[    0.585712] pci 0000:00:18.6:   PREFETCH window: 0x000000da500000-0x000000da5fffff
[    0.585751] pci 0000:00:18.7: PCI bridge, secondary bus 0000:22
[    0.585753] pci 0000:00:18.7:   IO window: disabled
[    0.585780] pci 0000:00:18.7:   MEM window: 0xcc300000-0xcc3fffff
[    0.585799] pci 0000:00:18.7:   PREFETCH window: 0x000000da900000-0x000000da9fffff
[    0.585869] pci 0000:00:01.0: setting latency timer to 64
[    0.585959] pci 0000:00:15.0: setting latency timer to 64
[    0.586047] pci 0000:00:15.1: setting latency timer to 64
[    0.586109] pci 0000:00:15.2: setting latency timer to 64
[    0.586171] pci 0000:00:15.3: setting latency timer to 64
[    0.586233] pci 0000:00:15.4: setting latency timer to 64
[    0.586295] pci 0000:00:15.5: setting latency timer to 64
[    0.586357] pci 0000:00:15.6: setting latency timer to 64
[    0.586419] pci 0000:00:15.7: setting latency timer to 64
[    0.586481] pci 0000:00:16.0: setting latency timer to 64
[    0.586543] pci 0000:00:16.1: setting latency timer to 64
[    0.586604] pci 0000:00:16.2: setting latency timer to 64
[    0.586666] pci 0000:00:16.3: setting latency timer to 64
[    0.586728] pci 0000:00:16.4: setting latency timer to 64
[    0.586790] pci 0000:00:16.5: setting latency timer to 64
[    0.586852] pci 0000:00:16.6: setting latency timer to 64
[    0.586914] pci 0000:00:16.7: setting latency timer to 64
[    0.586992] pci 0000:00:17.0: setting latency timer to 64
[    0.587064] pci 0000:00:17.1: setting latency timer to 64
[    0.587126] pci 0000:00:17.2: setting latency timer to 64
[    0.587188] pci 0000:00:17.3: setting latency timer to 64
[    0.587250] pci 0000:00:17.4: setting latency timer to 64
[    0.587312] pci 0000:00:17.5: setting latency timer to 64
[    0.587374] pci 0000:00:17.6: setting latency timer to 64
[    0.587436] pci 0000:00:17.7: setting latency timer to 64
[    0.587498] pci 0000:00:18.0: setting latency timer to 64
[    0.587560] pci 0000:00:18.1: setting latency timer to 64
[    0.587622] pci 0000:00:18.2: setting latency timer to 64
[    0.587683] pci 0000:00:18.3: setting latency timer to 64
[    0.587745] pci 0000:00:18.4: setting latency timer to 64
[    0.587807] pci 0000:00:18.5: setting latency timer to 64
[    0.587869] pci 0000:00:18.6: setting latency timer to 64
[    0.587931] pci 0000:00:18.7: setting latency timer to 64
[    0.587942] pci_bus 0000:00: resource 0 io:  [0x00-0xffff]
[    0.587945] pci_bus 0000:00: resource 1 mem: [0x000000-0xffffffffffffffff]
[    0.587947] pci_bus 0000:02: resource 0 io:  [0x2000-0x3fff]
[    0.587949] pci_bus 0000:02: resource 1 mem: [0xc9000000-0xca3fffff]
[    0.587951] pci_bus 0000:02: resource 2 pref mem [0xd8400000-0xd89fffff]
[    0.587952] pci_bus 0000:02: resource 3 io:  [0x00-0xffff]
[    0.587954] pci_bus 0000:02: resource 4 mem: [0x000000-0xffffffffffffffff]
[    0.587956] pci_bus 0000:03: resource 0 io:  [0x4000-0x4fff]
[    0.587958] pci_bus 0000:03: resource 1 mem: [0xca400000-0xca4fffff]
[    0.587960] pci_bus 0000:03: resource 2 pref mem [0xd8a00000-0xd8afffff]
[    0.587962] pci_bus 0000:04: resource 0 io:  [0x8000-0x8fff]
[    0.587972] pci_bus 0000:04: resource 1 mem: [0xca800000-0xca8fffff]
[    0.587974] pci_bus 0000:04: resource 2 pref mem [0xd8e00000-0xd8efffff]
[    0.587985] pci_bus 0000:05: resource 0 io:  [0xc000-0xcfff]
[    0.587987] pci_bus 0000:05: resource 1 mem: [0xcac00000-0xcacfffff]
[    0.587989] pci_bus 0000:05: resource 2 pref mem [0xd9200000-0xd92fffff]
[    0.587991] pci_bus 0000:06: resource 1 mem: [0xcb000000-0xcb0fffff]
[    0.587993] pci_bus 0000:06: resource 2 pref mem [0xd9600000-0xd96fffff]
[    0.587995] pci_bus 0000:07: resource 1 mem: [0xcb400000-0xcb4fffff]
[    0.587997] pci_bus 0000:07: resource 2 pref mem [0xd9a00000-0xd9afffff]
[    0.587999] pci_bus 0000:08: resource 1 mem: [0xcb800000-0xcb8fffff]
[    0.588001] pci_bus 0000:08: resource 2 pref mem [0xd9e00000-0xd9efffff]
[    0.588003] pci_bus 0000:09: resource 1 mem: [0xcbc00000-0xcbcfffff]
[    0.588005] pci_bus 0000:09: resource 2 pref mem [0xda200000-0xda2fffff]
[    0.588007] pci_bus 0000:0a: resource 1 mem: [0xcc000000-0xcc0fffff]
[    0.588009] pci_bus 0000:0a: resource 2 pref mem [0xda600000-0xda6fffff]
[    0.588011] pci_bus 0000:0b: resource 0 io:  [0x5000-0x5fff]
[    0.588012] pci_bus 0000:0b: resource 1 mem: [0xca500000-0xca5fffff]
[    0.588014] pci_bus 0000:0b: resource 2 pref mem [0xd8b00000-0xd8bfffff]
[    0.588016] pci_bus 0000:0c: resource 0 io:  [0x9000-0x9fff]
[    0.588018] pci_bus 0000:0c: resource 1 mem: [0xca900000-0xca9fffff]
[    0.588020] pci_bus 0000:0c: resource 2 pref mem [0xd8f00000-0xd8ffffff]
[    0.588022] pci_bus 0000:0d: resource 0 io:  [0xd000-0xdfff]
[    0.588024] pci_bus 0000:0d: resource 1 mem: [0xcad00000-0xcadfffff]
[    0.588026] pci_bus 0000:0d: resource 2 pref mem [0xd9300000-0xd93fffff]
[    0.588028] pci_bus 0000:0e: resource 1 mem: [0xcb100000-0xcb1fffff]
[    0.588030] pci_bus 0000:0e: resource 2 pref mem [0xd9700000-0xd97fffff]
[    0.588032] pci_bus 0000:0f: resource 1 mem: [0xcb500000-0xcb5fffff]
[    0.588034] pci_bus 0000:0f: resource 2 pref mem [0xd9b00000-0xd9bfffff]
[    0.588036] pci_bus 0000:10: resource 1 mem: [0xcb900000-0xcb9fffff]
[    0.588037] pci_bus 0000:10: resource 2 pref mem [0xd9f00000-0xd9ffffff]
[    0.588039] pci_bus 0000:11: resource 1 mem: [0xcbd00000-0xcbdfffff]
[    0.588041] pci_bus 0000:11: resource 2 pref mem [0xda300000-0xda3fffff]
[    0.588043] pci_bus 0000:12: resource 1 mem: [0xcc100000-0xcc1fffff]
[    0.588045] pci_bus 0000:12: resource 2 pref mem [0xda700000-0xda7fffff]
[    0.588047] pci_bus 0000:13: resource 0 io:  [0x6000-0x6fff]
[    0.588049] pci_bus 0000:13: resource 1 mem: [0xca600000-0xca6fffff]
[    0.588051] pci_bus 0000:13: resource 2 pref mem [0xd8c00000-0xd8cfffff]
[    0.588053] pci_bus 0000:14: resource 0 io:  [0xa000-0xafff]
[    0.588055] pci_bus 0000:14: resource 1 mem: [0xcaa00000-0xcaafffff]
[    0.588057] pci_bus 0000:14: resource 2 pref mem [0xd9000000-0xd90fffff]
[    0.588059] pci_bus 0000:15: resource 0 io:  [0xe000-0xefff]
[    0.588060] pci_bus 0000:15: resource 1 mem: [0xcae00000-0xcaefffff]
[    0.588062] pci_bus 0000:15: resource 2 pref mem [0xd9400000-0xd94fffff]
[    0.588064] pci_bus 0000:16: resource 1 mem: [0xcb200000-0xcb2fffff]
[    0.588066] pci_bus 0000:16: resource 2 pref mem [0xd9800000-0xd98fffff]
[    0.588068] pci_bus 0000:17: resource 1 mem: [0xcb600000-0xcb6fffff]
[    0.588070] pci_bus 0000:17: resource 2 pref mem [0xd9c00000-0xd9cfffff]
[    0.588072] pci_bus 0000:18: resource 1 mem: [0xcba00000-0xcbafffff]
[    0.588074] pci_bus 0000:18: resource 2 pref mem [0xda000000-0xda0fffff]
[    0.588076] pci_bus 0000:19: resource 1 mem: [0xcbe00000-0xcbefffff]
[    0.588078] pci_bus 0000:19: resource 2 pref mem [0xda400000-0xda4fffff]
[    0.588080] pci_bus 0000:1a: resource 1 mem: [0xcc200000-0xcc2fffff]
[    0.588082] pci_bus 0000:1a: resource 2 pref mem [0xda800000-0xda8fffff]
[    0.588084] pci_bus 0000:1b: resource 0 io:  [0x7000-0x7fff]
[    0.588086] pci_bus 0000:1b: resource 1 mem: [0xca700000-0xca7fffff]
[    0.588088] pci_bus 0000:1b: resource 2 pref mem [0xd8d00000-0xd8dfffff]
[    0.588089] pci_bus 0000:1c: resource 0 io:  [0xb000-0xbfff]
[    0.588091] pci_bus 0000:1c: resource 1 mem: [0xcab00000-0xcabfffff]
[    0.588093] pci_bus 0000:1c: resource 2 pref mem [0xd9100000-0xd91fffff]
[    0.588095] pci_bus 0000:1d: resource 0 io:  [0xf000-0xffff]
[    0.588097] pci_bus 0000:1d: resource 1 mem: [0xcaf00000-0xcaffffff]
[    0.588099] pci_bus 0000:1d: resource 2 pref mem [0xd9500000-0xd95fffff]
[    0.588101] pci_bus 0000:1e: resource 1 mem: [0xcb300000-0xcb3fffff]
[    0.588103] pci_bus 0000:1e: resource 2 pref mem [0xd9900000-0xd99fffff]
[    0.588105] pci_bus 0000:1f: resource 1 mem: [0xcb700000-0xcb7fffff]
[    0.588107] pci_bus 0000:1f: resource 2 pref mem [0xd9d00000-0xd9dfffff]
[    0.588109] pci_bus 0000:20: resource 1 mem: [0xcbb00000-0xcbbfffff]
[    0.588111] pci_bus 0000:20: resource 2 pref mem [0xda100000-0xda1fffff]
[    0.588113] pci_bus 0000:21: resource 1 mem: [0xcbf00000-0xcbffffff]
[    0.588115] pci_bus 0000:21: resource 2 pref mem [0xda500000-0xda5fffff]
[    0.588117] pci_bus 0000:22: resource 1 mem: [0xcc300000-0xcc3fffff]
[    0.588119] pci_bus 0000:22: resource 2 pref mem [0xda900000-0xda9fffff]
[    0.588144] NET: Registered protocol family 2
[    0.588162] RANDOM - __random32 called. Change num 7.  Value: 78479613	a20bea99	a8d6327e
[    0.588163] RANDOM - random32 called.  Value: 78479613	a20bea99	a8d6327e
[    0.588172] random 0000 0000 0000 00000000 00000000: rand_read_num 2 get_random_bytes(4): sig fffffe1a 00000000 00000000
[    0.588175] random 0000 0000 0000 00000000 00000000: extract_entropy(.. 4 ..)
[    0.588178] random 0000 0000 0000 00000000 00000000: going to reseed nonblocking with 64 bits (32 of 0 requested)
[    0.588180] random 0000 0000 0000 00000000 00000000: extract_entropy(.. 8 ..)
[    0.588182] random 0000 0000 0000 00000000 00000000: trying to extract 64 bits from input
[    0.588185] random 0000 0000 0000 00000000 00000000: debiting 0 entropy credits from input
[    0.588187] random 0000 0000 0000 00000000 00000000: extract_entropy account returned: 0 
[    0.588190] random 0000 0000 0000 00000000 00000000: urand_change_num 3 xfer_secondary_pool(4): pool_sig fffffe1a, data_sig 00000000, bytes_mixed 0 00000000 00000000
[    0.588193] random 0000 0000 0000 00000000 00000000: trying to extract 32 bits from nonblocking
[    0.588195] random 0000 0000 0000 00000000 00000000: debiting 32 entropy credits from nonblocking (unlimited)
[    0.588198] random 0000 0000 0000 00000000 00000000: extract_entropy account returned: 4 
[    0.588201] random 0000 0000 0000 00000000 00000000: urand_change_num 4 extract_buf: pool_sig fffffe1a, data_sig fffffed7, bytes_mixed 20 00000000 00000000
[    0.588233] IP route cache hash table entries: 32768 (order: 5, 131072 bytes)
[    0.588329] RANDOM - __random32 called. Change num 8.  Value: 79613150	20bea995	64fdccf4
[    0.588331] RANDOM - random32 called.  Value: 79613150	20bea995	64fdccf4
[    0.588388] RANDOM - __random32 called. Change num 9.  Value: 13150be9	bea9951	99e86275
[    0.588389] RANDOM - random32 called.  Value: 13150be9	bea9951	99e86275
[    0.588392] RANDOM - __random32 called. Change num 10.  Value: 50be964d	bea99512	c4ead56e
[    0.588394] RANDOM - random32 called.  Value: 50be964d	bea99512	c4ead56e
[    0.588415] RANDOM - __random32 called. Change num 11.  Value: e964d04e	ea995122	aadc778f
[    0.588417] RANDOM - random32 called.  Value: e964d04e	ea995122	aadc778f
[    0.588426] TCP established hash table entries: 131072 (order: 8, 1048576 bytes)
[    0.588457] TCP bind hash table entries: 65536 (order: 7, 524288 bytes)
[    0.588484] TCP: Hash tables configured (established 131072 bind 65536)
[    0.588508] TCP reno registered
[    0.588528] NET: Registered protocol family 1
[    0.588546] pci 0000:00:00.0: Limiting direct PCI/PCI transfers
[    0.588726] pci 0000:00:0f.0: Boot video device
[    0.588910] Trying to unpack rootfs image as initramfs...
[    1.707164] Freeing initrd memory: 83430k freed
[    1.715115] Simple Boot Flag at 0x36 set to 0x1
[    1.715160] cpufreq-nforce2: No nForce2 chipset.
[    1.715174] Scanning for low memory corruption every 60 seconds
[    1.715303] audit: initializing netlink socket (disabled)
[    1.715314] type=2000 audit(1369437540.704:1): initialized
[    1.719246] highmem bounce pool size: 64 pages
[    1.719250] HugeTLB registered 2 MB page size, pre-allocated 0 pages
[    1.719349] VFS: Disk quotas dquot_6.5.2
[    1.719383] Dquot-cache hash table entries: 1024 (order 0, 4096 bytes)
[    1.719469] fuse init (API version 7.13)
[    1.719514] msgmni has been set to 1729
[    1.719987] alg: No test for stdrng (krng)
[    1.720031] Block layer SCSI generic (bsg) driver version 0.4 loaded (major 253)
[    1.720034] io scheduler noop registered
[    1.720036] io scheduler anticipatory registered
[    1.720038] io scheduler deadline registered
[    1.720060] io scheduler cfq registered (default)
[    1.720105]   alloc irq_desc for 24 on node -1
[    1.720108]   alloc kstat_irqs on node -1
[    1.720153] pcieport 0000:00:15.0: irq 24 for MSI/MSI-X
[    1.720197] pcieport 0000:00:15.0: setting latency timer to 64
[    1.720242]   alloc irq_desc for 25 on node -1
[    1.720245]   alloc kstat_irqs on node -1
[    1.720290] pcieport 0000:00:15.1: irq 25 for MSI/MSI-X
[    1.720334] pcieport 0000:00:15.1: setting latency timer to 64
[    1.720379]   alloc irq_desc for 26 on node -1
[    1.720382]   alloc kstat_irqs on node -1
[    1.720427] pcieport 0000:00:15.2: irq 26 for MSI/MSI-X
[    1.720471] pcieport 0000:00:15.2: setting latency timer to 64
[    1.720516]   alloc irq_desc for 27 on node -1
[    1.720519]   alloc kstat_irqs on node -1
[    1.720564] pcieport 0000:00:15.3: irq 27 for MSI/MSI-X
[    1.720609] pcieport 0000:00:15.3: setting latency timer to 64
[    1.720653]   alloc irq_desc for 28 on node -1
[    1.720658]   alloc kstat_irqs on node -1
[    1.720703] pcieport 0000:00:15.4: irq 28 for MSI/MSI-X
[    1.720747] pcieport 0000:00:15.4: setting latency timer to 64
[    1.720792]   alloc irq_desc for 29 on node -1
[    1.720797]   alloc kstat_irqs on node -1
[    1.720842] pcieport 0000:00:15.5: irq 29 for MSI/MSI-X
[    1.720886] pcieport 0000:00:15.5: setting latency timer to 64
[    1.720931]   alloc irq_desc for 30 on node -1
[    1.720934]   alloc kstat_irqs on node -1
[    1.720979] pcieport 0000:00:15.6: irq 30 for MSI/MSI-X
[    1.721023] pcieport 0000:00:15.6: setting latency timer to 64
[    1.721068]   alloc irq_desc for 31 on node -1
[    1.721070]   alloc kstat_irqs on node -1
[    1.721115] pcieport 0000:00:15.7: irq 31 for MSI/MSI-X
[    1.721160] pcieport 0000:00:15.7: setting latency timer to 64
[    1.721204]   alloc irq_desc for 32 on node -1
[    1.721206]   alloc kstat_irqs on node -1
[    1.721251] pcieport 0000:00:16.0: irq 32 for MSI/MSI-X
[    1.721296] pcieport 0000:00:16.0: setting latency timer to 64
[    1.721340]   alloc irq_desc for 33 on node -1
[    1.721343]   alloc kstat_irqs on node -1
[    1.721388] pcieport 0000:00:16.1: irq 33 for MSI/MSI-X
[    1.721432] pcieport 0000:00:16.1: setting latency timer to 64
[    1.721477]   alloc irq_desc for 34 on node -1
[    1.721480]   alloc kstat_irqs on node -1
[    1.721525] pcieport 0000:00:16.2: irq 34 for MSI/MSI-X
[    1.721569] pcieport 0000:00:16.2: setting latency timer to 64
[    1.721614]   alloc irq_desc for 35 on node -1
[    1.721616]   alloc kstat_irqs on node -1
[    1.721661] pcieport 0000:00:16.3: irq 35 for MSI/MSI-X
[    1.721705] pcieport 0000:00:16.3: setting latency timer to 64
[    1.723243]   alloc irq_desc for 36 on node -1
[    1.723247]   alloc kstat_irqs on node -1
[    1.723292] pcieport 0000:00:16.4: irq 36 for MSI/MSI-X
[    1.723337] pcieport 0000:00:16.4: setting latency timer to 64
[    1.723381]   alloc irq_desc for 37 on node -1
[    1.723385]   alloc kstat_irqs on node -1
[    1.723430] pcieport 0000:00:16.5: irq 37 for MSI/MSI-X
[    1.723474] pcieport 0000:00:16.5: setting latency timer to 64
[    1.723519]   alloc irq_desc for 38 on node -1
[    1.723521]   alloc kstat_irqs on node -1
[    1.723566] pcieport 0000:00:16.6: irq 38 for MSI/MSI-X
[    1.723610] pcieport 0000:00:16.6: setting latency timer to 64
[    1.723655]   alloc irq_desc for 39 on node -1
[    1.723658]   alloc kstat_irqs on node -1
[    1.723702] pcieport 0000:00:16.7: irq 39 for MSI/MSI-X
[    1.723747] pcieport 0000:00:16.7: setting latency timer to 64
[    1.723792]   alloc irq_desc for 40 on node -1
[    1.723794]   alloc kstat_irqs on node -1
[    1.723839] pcieport 0000:00:17.0: irq 40 for MSI/MSI-X
[    1.723883] pcieport 0000:00:17.0: setting latency timer to 64
[    1.723928]   alloc irq_desc for 41 on node -1
[    1.723930]   alloc kstat_irqs on node -1
[    1.723975] pcieport 0000:00:17.1: irq 41 for MSI/MSI-X
[    1.724019] pcieport 0000:00:17.1: setting latency timer to 64
[    1.724064]   alloc irq_desc for 42 on node -1
[    1.724066]   alloc kstat_irqs on node -1
[    1.724111] pcieport 0000:00:17.2: irq 42 for MSI/MSI-X
[    1.724155] pcieport 0000:00:17.2: setting latency timer to 64
[    1.724200]   alloc irq_desc for 43 on node -1
[    1.724202]   alloc kstat_irqs on node -1
[    1.724247] pcieport 0000:00:17.3: irq 43 for MSI/MSI-X
[    1.724291] pcieport 0000:00:17.3: setting latency timer to 64
[    1.724336]   alloc irq_desc for 44 on node -1
[    1.724350]   alloc kstat_irqs on node -1
[    1.724394] pcieport 0000:00:17.4: irq 44 for MSI/MSI-X
[    1.724439] pcieport 0000:00:17.4: setting latency timer to 64
[    1.724484]   alloc irq_desc for 45 on node -1
[    1.724487]   alloc kstat_irqs on node -1
[    1.724532] pcieport 0000:00:17.5: irq 45 for MSI/MSI-X
[    1.724577] pcieport 0000:00:17.5: setting latency timer to 64
[    1.724621]   alloc irq_desc for 46 on node -1
[    1.724627]   alloc kstat_irqs on node -1
[    1.724672] pcieport 0000:00:17.6: irq 46 for MSI/MSI-X
[    1.724717] pcieport 0000:00:17.6: setting latency timer to 64
[    1.724761]   alloc irq_desc for 47 on node -1
[    1.724765]   alloc kstat_irqs on node -1
[    1.724810] pcieport 0000:00:17.7: irq 47 for MSI/MSI-X
[    1.724855] pcieport 0000:00:17.7: setting latency timer to 64
[    1.724899]   alloc irq_desc for 48 on node -1
[    1.724906]   alloc kstat_irqs on node -1
[    1.724951] pcieport 0000:00:18.0: irq 48 for MSI/MSI-X
[    1.724995] pcieport 0000:00:18.0: setting latency timer to 64
[    1.725040]   alloc irq_desc for 49 on node -1
[    1.725045]   alloc kstat_irqs on node -1
[    1.725089] pcieport 0000:00:18.1: irq 49 for MSI/MSI-X
[    1.725134] pcieport 0000:00:18.1: setting latency timer to 64
[    1.725178]   alloc irq_desc for 50 on node -1
[    1.725181]   alloc kstat_irqs on node -1
[    1.725226] pcieport 0000:00:18.2: irq 50 for MSI/MSI-X
[    1.725270] pcieport 0000:00:18.2: setting latency timer to 64
[    1.725315]   alloc irq_desc for 51 on node -1
[    1.725317]   alloc kstat_irqs on node -1
[    1.725362] pcieport 0000:00:18.3: irq 51 for MSI/MSI-X
[    1.725406] pcieport 0000:00:18.3: setting latency timer to 64
[    1.725451]   alloc irq_desc for 52 on node -1
[    1.725453]   alloc kstat_irqs on node -1
[    1.725498] pcieport 0000:00:18.4: irq 52 for MSI/MSI-X
[    1.725543] pcieport 0000:00:18.4: setting latency timer to 64
[    1.725587]   alloc irq_desc for 53 on node -1
[    1.725590]   alloc kstat_irqs on node -1
[    1.725634] pcieport 0000:00:18.5: irq 53 for MSI/MSI-X
[    1.725679] pcieport 0000:00:18.5: setting latency timer to 64
[    1.727061]   alloc irq_desc for 54 on node -1
[    1.727065]   alloc kstat_irqs on node -1
[    1.727109] pcieport 0000:00:18.6: irq 54 for MSI/MSI-X
[    1.727154] pcieport 0000:00:18.6: setting latency timer to 64
[    1.727199]   alloc irq_desc for 55 on node -1
[    1.727203]   alloc kstat_irqs on node -1
[    1.727248] pcieport 0000:00:18.7: irq 55 for MSI/MSI-X
[    1.727292] pcieport 0000:00:18.7: setting latency timer to 64
[    1.727337] pci_hotplug: PCI Hot Plug PCI Core version: 0.5
[    1.731173] pciehp 0000:00:15.0:pcie04: HPC vendor_id 15ad device_id 7a0 ss_vid 0 ss_did 0
[    1.731218] pciehp 0000:00:15.0:pcie04: service driver pciehp loaded
[    1.731262] pciehp 0000:00:15.1:pcie04: HPC vendor_id 15ad device_id 7a0 ss_vid 0 ss_did 0
[    1.731307] pciehp 0000:00:15.1:pcie04: service driver pciehp loaded
[    1.731352] pciehp 0000:00:15.2:pcie04: HPC vendor_id 15ad device_id 7a0 ss_vid 0 ss_did 0
[    1.731396] pciehp 0000:00:15.2:pcie04: service driver pciehp loaded
[    1.731441] pciehp 0000:00:15.3:pcie04: HPC vendor_id 15ad device_id 7a0 ss_vid 0 ss_did 0
[    1.731486] pciehp 0000:00:15.3:pcie04: service driver pciehp loaded
[    1.731530] pciehp 0000:00:15.4:pcie04: HPC vendor_id 15ad device_id 7a0 ss_vid 0 ss_did 0
[    1.731575] pciehp 0000:00:15.4:pcie04: service driver pciehp loaded
[    1.731619] pciehp 0000:00:15.5:pcie04: HPC vendor_id 15ad device_id 7a0 ss_vid 0 ss_did 0
[    1.731664] pciehp 0000:00:15.5:pcie04: service driver pciehp loaded
[    1.731709] pciehp 0000:00:15.6:pcie04: HPC vendor_id 15ad device_id 7a0 ss_vid 0 ss_did 0
[    1.731753] pciehp 0000:00:15.6:pcie04: service driver pciehp loaded
[    1.731798] pciehp 0000:00:15.7:pcie04: HPC vendor_id 15ad device_id 7a0 ss_vid 0 ss_did 0
[    1.731843] pciehp 0000:00:15.7:pcie04: service driver pciehp loaded
[    1.731887] pciehp 0000:00:16.0:pcie04: HPC vendor_id 15ad device_id 7a0 ss_vid 0 ss_did 0
[    1.731932] pciehp 0000:00:16.0:pcie04: service driver pciehp loaded
[    1.731977] pciehp 0000:00:16.1:pcie04: HPC vendor_id 15ad device_id 7a0 ss_vid 0 ss_did 0
[    1.732021] pciehp 0000:00:16.1:pcie04: service driver pciehp loaded
[    1.732066] pciehp 0000:00:16.2:pcie04: HPC vendor_id 15ad device_id 7a0 ss_vid 0 ss_did 0
[    1.732111] pciehp 0000:00:16.2:pcie04: service driver pciehp loaded
[    1.732155] pciehp 0000:00:16.3:pcie04: HPC vendor_id 15ad device_id 7a0 ss_vid 0 ss_did 0
[    1.732200] pciehp 0000:00:16.3:pcie04: service driver pciehp loaded
[    1.732244] pciehp 0000:00:16.4:pcie04: HPC vendor_id 15ad device_id 7a0 ss_vid 0 ss_did 0
[    1.732289] pciehp 0000:00:16.4:pcie04: service driver pciehp loaded
[    1.732334] pciehp 0000:00:16.5:pcie04: HPC vendor_id 15ad device_id 7a0 ss_vid 0 ss_did 0
[    1.732378] pciehp 0000:00:16.5:pcie04: service driver pciehp loaded
[    1.732423] pciehp 0000:00:16.6:pcie04: HPC vendor_id 15ad device_id 7a0 ss_vid 0 ss_did 0
[    1.732468] pciehp 0000:00:16.6:pcie04: service driver pciehp loaded
[    1.732512] pciehp 0000:00:16.7:pcie04: HPC vendor_id 15ad device_id 7a0 ss_vid 0 ss_did 0
[    1.732557] pciehp 0000:00:16.7:pcie04: service driver pciehp loaded
[    1.732602] pciehp 0000:00:17.0:pcie04: HPC vendor_id 15ad device_id 7a0 ss_vid 0 ss_did 0
[    1.732646] pciehp 0000:00:17.0:pcie04: service driver pciehp loaded
[    1.732691] pciehp 0000:00:17.1:pcie04: HPC vendor_id 15ad device_id 7a0 ss_vid 0 ss_did 0
[    1.732736] pciehp 0000:00:17.1:pcie04: service driver pciehp loaded
[    1.732780] pciehp 0000:00:17.2:pcie04: HPC vendor_id 15ad device_id 7a0 ss_vid 0 ss_did 0
[    1.732825] pciehp 0000:00:17.2:pcie04: service driver pciehp loaded
[    1.732869] pciehp 0000:00:17.3:pcie04: HPC vendor_id 15ad device_id 7a0 ss_vid 0 ss_did 0
[    1.732914] pciehp 0000:00:17.3:pcie04: service driver pciehp loaded
[    1.732959] pciehp 0000:00:17.4:pcie04: HPC vendor_id 15ad device_id 7a0 ss_vid 0 ss_did 0
[    1.733003] pciehp 0000:00:17.4:pcie04: service driver pciehp loaded
[    1.733048] pciehp 0000:00:17.5:pcie04: HPC vendor_id 15ad device_id 7a0 ss_vid 0 ss_did 0
[    1.733093] pciehp 0000:00:17.5:pcie04: service driver pciehp loaded
[    1.733137] pciehp 0000:00:17.6:pcie04: HPC vendor_id 15ad device_id 7a0 ss_vid 0 ss_did 0
[    1.733182] pciehp 0000:00:17.6:pcie04: service driver pciehp loaded
[    1.733227] pciehp 0000:00:17.7:pcie04: HPC vendor_id 15ad device_id 7a0 ss_vid 0 ss_did 0
[    1.733271] pciehp 0000:00:17.7:pcie04: service driver pciehp loaded
[    1.733316] pciehp 0000:00:18.0:pcie04: HPC vendor_id 15ad device_id 7a0 ss_vid 0 ss_did 0
[    1.733360] pciehp 0000:00:18.0:pcie04: service driver pciehp loaded
[    1.733405] pciehp 0000:00:18.1:pcie04: HPC vendor_id 15ad device_id 7a0 ss_vid 0 ss_did 0
[    1.733450] pciehp 0000:00:18.1:pcie04: service driver pciehp loaded
[    1.733494] pciehp 0000:00:18.2:pcie04: HPC vendor_id 15ad device_id 7a0 ss_vid 0 ss_did 0
[    1.733539] pciehp 0000:00:18.2:pcie04: service driver pciehp loaded
[    1.733584] pciehp 0000:00:18.3:pcie04: HPC vendor_id 15ad device_id 7a0 ss_vid 0 ss_did 0
[    1.733628] pciehp 0000:00:18.3:pcie04: service driver pciehp loaded
[    1.733673] pciehp 0000:00:18.4:pcie04: HPC vendor_id 15ad device_id 7a0 ss_vid 0 ss_did 0
[    1.733718] pciehp 0000:00:18.4:pcie04: service driver pciehp loaded
[    1.733762] pciehp 0000:00:18.5:pcie04: HPC vendor_id 15ad device_id 7a0 ss_vid 0 ss_did 0
[    1.733807] pciehp 0000:00:18.5:pcie04: service driver pciehp loaded
[    1.733852] pciehp 0000:00:18.6:pcie04: HPC vendor_id 15ad device_id 7a0 ss_vid 0 ss_did 0
[    1.733896] pciehp 0000:00:18.6:pcie04: service driver pciehp loaded
[    1.733941] pciehp 0000:00:18.7:pcie04: HPC vendor_id 15ad device_id 7a0 ss_vid 0 ss_did 0
[    1.733985] pciehp 0000:00:18.7:pcie04: service driver pciehp loaded
[    1.733999] pciehp: PCI Express Hot Plug Controller Driver version: 0.4
[    1.734053] ACPI: AC Adapter [ACAD] (on-line)
[    1.734125] input: Power Button as /devices/LNXSYSTM:00/LNXPWRBN:00/input/input0
[    1.734130] ACPI: Power Button [PWRF]
[    1.734174] processor LNXCPU:00: registered as cooling_device0
[    1.783044] isapnp: Scanning for PnP cards...
[    2.138081] isapnp: No Plug & Play device found
[    2.138121] random 0000 0000 0000 5f8db4e5 4cfdf2a8: initializing
[    2.138534] Linux agpgart interface v0.103
[    2.138582] agpgart-intel 0000:00:00.0: Intel 440BX Chipset
[    2.138634] agpgart-intel 0000:00:00.0: AGP aperture is 256M @ 0x0
[    2.138668] Serial: 8250/16550 driver, 32 ports, IRQ sharing enabled
[    2.138720] serial8250: ttyS0 at I/O 0x3f8 (irq = 4) is a 16550A
[    2.138772] serial8250: ttyS1 at I/O 0x2f8 (irq = 3) is a 16550A
[    2.138823] 00:0a: ttyS0 at I/O 0x3f8 (irq = 4) is a 16550A
[    2.138875] 00:0b: ttyS1 at I/O 0x2f8 (irq = 3) is a 16550A
[    2.138927] brd: module loaded
[    2.138979] loop: module loaded
[    2.139030] ata_piix 0000:00:07.1: version 2.13
[    2.139127] scsi0 : ata_piix
[    2.139177] scsi1 : ata_piix
[    2.139201] ata1: PATA max UDMA/33 cmd 0x1f0 ctl 0x3f6 bmdma 0x10c0 irq 14
[    2.139203] ata2: PATA max UDMA/33 cmd 0x170 ctl 0x376 bmdma 0x10c8 irq 15
[    2.139254] PPP generic driver version 2.4.2
[    2.139275] tun: Universal TUN/TAP device driver, 1.6
[    2.139277] tun: (C) 1999-2004 Max Krasnyansky <maxk@qualcomm.com>
[    2.139329] ehci_hcd: USB 2.0 'Enhanced' Host Controller (EHCI) Driver
[    2.139380] ACPI: PCI Interrupt Link [LNKB] enabled at IRQ 11
[    2.139383] PCI: setting IRQ 11 as level-triggered
[    2.139391] ehci_hcd 0000:02:03.0: PCI INT A -> Link[LNKB] -> GSI 11 (level, low) -> IRQ 11
[    2.139435] ehci_hcd 0000:02:03.0: EHCI Host Controller
[    2.139457] ehci_hcd 0000:02:03.0: new USB bus registered, assigned bus number 1
[    2.139508] ehci_hcd 0000:02:03.0: cache line size of 32 is not supported
[    2.139515] ehci_hcd 0000:02:03.0: irq 11, io mem 0xc9000000
[    2.139825] random 0000 0000 0000 00000000 00000000: rand_read_num 3 get_random_bytes(8): sig 00000000 00000000 00000000
[    2.139828] random 0000 0000 0000 00000000 00000000: extract_entropy(.. 8 ..)
[    2.139831] random 0000 0000 0000 00000000 00000000: going to reseed nonblocking with 64 bits (64 of 0 requested)
[    2.139833] random 0000 0000 0000 00000000 00000000: extract_entropy(.. 8 ..)
[    2.139835] random 0000 0000 0000 00000000 00000000: trying to extract 64 bits from input
[    2.139837] random 0000 0000 0000 00000000 00000000: debiting 0 entropy credits from input
[    2.139839] random 0000 0000 0000 00000000 00000000: extract_entropy account returned: 0 
[    2.139843] random 0000 0000 0000 00000000 00000000: urand_change_num 5 xfer_secondary_pool(8): pool_sig 00000000, data_sig 00000000, bytes_mixed 0 00000000 00000000
[    2.139845] random 0000 0000 0000 00000000 00000000: trying to extract 64 bits from nonblocking
[    2.139848] random 0000 0000 0000 00000000 00000000: debiting 64 entropy credits from nonblocking (unlimited)
[    2.139850] random 0000 0000 0000 00000000 00000000: extract_entropy account returned: 8 
[    2.139854] random 0000 0000 0000 00000000 00000000: urand_change_num 6 extract_buf: pool_sig 00000000, data_sig fffffff9, bytes_mixed 20 00000000 00000000
[    2.150446] ehci_hcd 0000:02:03.0: USB 2.0 started, EHCI 1.00
[    2.150498] usb usb1: configuration #1 chosen from 1 choice
[    2.150519] hub 1-0:1.0: USB hub found
[    2.150525] hub 1-0:1.0: 6 ports detected
[    2.150566] ohci_hcd: USB 1.1 'Open' Host Controller (OHCI) Driver
[    2.150580] uhci_hcd: USB Universal Host Controller Interface driver
[    2.150632] ACPI: PCI Interrupt Link [LNKC] enabled at IRQ 10
[    2.150635] PCI: setting IRQ 10 as level-triggered
[    2.150640] uhci_hcd 0000:02:00.0: PCI INT A -> Link[LNKC] -> GSI 10 (level, low) -> IRQ 10
[    2.150679] uhci_hcd 0000:02:00.0: UHCI Host Controller
[    2.150715] uhci_hcd 0000:02:00.0: new USB bus registered, assigned bus number 2
[    2.150823] uhci_hcd 0000:02:00.0: irq 10, io base 0x000020c0
[    2.150875] usb usb2: configuration #1 chosen from 1 choice
[    2.150892] hub 2-0:1.0: USB hub found
[    2.150896] hub 2-0:1.0: 2 ports detected
[    2.150948] usbcore: registered new interface driver libusual
[    2.150990] PNP: PS/2 Controller [PNP0303:KBC,PNP0f13:MOUS] at 0x60,0x64 irq 1,12
[    2.151327] serio: i8042 KBD port at 0x60,0x64 irq 1
[    2.151337] serio: i8042 AUX port at 0x60,0x64 irq 12
[    2.151380] mice: PS/2 mouse device common for all mice
[    2.151432] rtc_cmos 00:04: rtc core: registered rtc_cmos as rtc0
[    2.151465] rtc0: alarms up to one month, y3k, 114 bytes nvram, hpet irqs
[    2.151516] device-mapper: uevent: version 1.0.3
[    2.151649] device-mapper: ioctl: 4.15.0-ioctl (2009-04-01) initialised: dm-devel@redhat.com
[    2.151668] EISA: Probing bus 0 at eisa.0
[    2.151676] Cannot allocate resource for EISA slot 1
[    2.151678] Cannot allocate resource for EISA slot 2
[    2.151680] Cannot allocate resource for EISA slot 3
[    2.151682] Cannot allocate resource for EISA slot 4
[    2.151684] Cannot allocate resource for EISA slot 5
[    2.151686] Cannot allocate resource for EISA slot 6
[    2.151688] Cannot allocate resource for EISA slot 7
[    2.151690] Cannot allocate resource for EISA slot 8
[    2.151691] EISA: Detected 0 cards.
[    2.151738] cpuidle: using governor ladder
[    2.151740] cpuidle: using governor menu
[    2.151792] random 0000 0000 0000 00000000 00000000: rand_read_num 4 get_random_bytes(136): sig 0000021d 00000000 00000000
[    2.151795] random 0000 0000 0000 00000000 00000000: extract_entropy(.. 136 ..)
[    2.151798] random 0000 0000 0000 00000000 00000000: going to reseed nonblocking with 1024 bits (1088 of 0 requested)
[    2.151800] random 0000 0000 0000 00000000 00000000: extract_entropy(.. 128 ..)
[    2.151802] random 0000 0000 0000 00000000 00000000: trying to extract 1024 bits from input
[    2.151805] random 0000 0000 0000 00000000 00000000: debiting 0 entropy credits from input
[    2.151807] random 0000 0000 0000 00000000 00000000: extract_entropy account returned: 0 
[    2.151810] random 0000 0000 0000 00000000 00000000: urand_change_num 7 xfer_secondary_pool(136): pool_sig 0000021d, data_sig 00000000, bytes_mixed 0 00000000 00000000
[    2.151813] random 0000 0000 0000 00000000 00000000: trying to extract 1088 bits from nonblocking
[    2.151815] random 0000 0000 0000 00000000 00000000: debiting 1088 entropy credits from nonblocking (unlimited)
[    2.151818] random 0000 0000 0000 00000000 00000000: extract_entropy account returned: 136 
[    2.151821] random 0000 0000 0000 00000000 00000000: urand_change_num 8 extract_buf: pool_sig 0000021d, data_sig fffffff7, bytes_mixed 20 00000000 00000000
[    2.151826] random 0000 0000 0000 f961ee50 ba9cb1aa: urand_change_num 9 extract_buf: pool_sig 00000230, data_sig fffffeb4, bytes_mixed 20 f961ee50 ba9cb1aa
[    2.151831] random 0000 0000 0000 9748bdd6 56fb8af6: urand_change_num 10 extract_buf: pool_sig 00000373, data_sig 000000cf, bytes_mixed 20 9748bdd6 56fb8af6
[    2.151835] random 0000 0000 0000 9748bdd6 56fb8af6: urand_change_num 11 extract_buf: pool_sig fffffe49, data_sig 0000023f, bytes_mixed 20 9748bdd6 56fb8af6
[    2.151840] random 0000 0000 0000 a135be86 4777650e: urand_change_num 12 extract_buf: pool_sig fffffcce, data_sig 000000c6, bytes_mixed 20 a135be86 4777650e
[    2.151844] random 0000 0000 0000 4a6ea85d 170e00dd: urand_change_num 13 extract_buf: pool_sig ffffff97, data_sig ffffff7d, bytes_mixed 20 4a6ea85d 170e00dd
[    2.151849] random 0000 0000 0000 4a6ea85d 170e00dd: urand_change_num 14 extract_buf: pool_sig 00000160, data_sig fffffeea, bytes_mixed 20 4a6ea85d 170e00dd
[    2.151853] random 0000 0000 0000 6e87c3cb da668c73: urand_change_num 15 extract_buf: pool_sig 0000034f, data_sig ffffff54, bytes_mixed 20 6e87c3cb da668c73
[    2.151857] random 0000 0000 0000 6e87c3cb da668c73: urand_change_num 16 extract_buf: pool_sig fffffdc5, data_sig 00000205, bytes_mixed 20 6e87c3cb da668c73
[    2.151862] random 0000 0000 0000 39f531e6 461eb249: urand_change_num 17 extract_buf: pool_sig fffffc1d, data_sig ffffff5e, bytes_mixed 20 39f531e6 461eb249
[    2.151866] random 0000 0000 0000 7e1538a2 3e661182: urand_change_num 18 extract_buf: pool_sig 000006ef, data_sig ffffff2e, bytes_mixed 20 7e1538a2 3e661182
[    2.151871] random 0000 0000 0000 7e1538a2 3e661182: urand_change_num 19 extract_buf: pool_sig 00000317, data_sig fffffccb, bytes_mixed 20 7e1538a2 3e661182
[    2.151875] random 0000 0000 0000 76af506b 9b57305e: urand_change_num 20 extract_buf: pool_sig 00000227, data_sig ffffffd2, bytes_mixed 20 76af506b 9b57305e
[    2.151880] random 0000 0000 0000 37d49d89 e20417cc: urand_change_num 21 extract_buf: pool_sig 0000080b, data_sig 000001e9, bytes_mixed 20 37d49d89 e20417cc
[    2.151884] TCP cubic registered
[    2.151936] NET: Registered protocol family 10
[    2.151971] RANDOM - __random32 called. Change num 12.  Value: 4d04ee6d	a9951220	ef1f87f9
[    2.151973] RANDOM - random32 called.  Value: 4d04ee6d	a9951220	ef1f87f9
[    2.151982] random 0000 0000 0000 37d49d89 e20417cc: rand_read_num 5 get_random_bytes(4): sig 00000298 37d49d89 e20417cc
[    2.151985] random 0000 0000 0000 37d49d89 e20417cc: extract_entropy(.. 4 ..)
[    2.151987] random 0000 0000 0000 37d49d89 e20417cc: going to reseed nonblocking with 64 bits (32 of 0 requested)
[    2.151989] random 0000 0000 0000 37d49d89 e20417cc: extract_entropy(.. 8 ..)
[    2.151991] random 0000 0000 0000 37d49d89 e20417cc: trying to extract 64 bits from input
[    2.151994] random 0000 0000 0000 37d49d89 e20417cc: debiting 0 entropy credits from input
[    2.151996] random 0000 0000 0000 37d49d89 e20417cc: extract_entropy account returned: 0 
[    2.151999] random 0000 0000 0000 37d49d89 e20417cc: urand_change_num 22 xfer_secondary_pool(4): pool_sig 00000298, data_sig 00000000, bytes_mixed 0 37d49d89 e20417cc
[    2.152001] random 0000 0000 0000 37d49d89 e20417cc: trying to extract 32 bits from nonblocking
[    2.152004] random 0000 0000 0000 37d49d89 e20417cc: debiting 32 entropy credits from nonblocking (unlimited)
[    2.152006] random 0000 0000 0000 37d49d89 e20417cc: extract_entropy account returned: 4 
[    2.152009] random 0000 0000 0000 37d49d89 e20417cc: urand_change_num 23 extract_buf: pool_sig 00000298, data_sig 00000092, bytes_mixed 20 37d49d89 e20417cc
[    2.152061] RANDOM - __random32 called. Change num 13.  Value: 4ee6da19	99512207	ff2fc77
[    2.152063] RANDOM - random32 called.  Value: 4ee6da19	99512207	ff2fc77
[    2.152115] NET: Registered protocol family 17
[    2.152167] Using IPI No-Shortcut mode
[    2.152173] random 0000 0000 0000 2ee4c4fc 167bdb15: rand_read_num 6 get_random_bytes(8): sig fffffcbf 2ee4c4fc 167bdb15
[    2.152175] random 0000 0000 0000 2ee4c4fc 167bdb15: extract_entropy(.. 8 ..)
[    2.152178] random 0000 0000 0000 2ee4c4fc 167bdb15: going to reseed nonblocking with 64 bits (64 of 0 requested)
[    2.152180] random 0000 0000 0000 2ee4c4fc 167bdb15: extract_entropy(.. 8 ..)
[    2.152182] random 0000 0000 0000 2ee4c4fc 167bdb15: trying to extract 64 bits from input
[    2.152184] random 0000 0000 0000 2ee4c4fc 167bdb15: debiting 0 entropy credits from input
[    2.152186] random 0000 0000 0000 2ee4c4fc 167bdb15: extract_entropy account returned: 0 
[    2.152189] random 0000 0000 0000 2ee4c4fc 167bdb15: urand_change_num 24 xfer_secondary_pool(8): pool_sig fffffcbf, data_sig 00000000, bytes_mixed 0 2ee4c4fc 167bdb15
[    2.152192] random 0000 0000 0000 2ee4c4fc 167bdb15: trying to extract 64 bits from nonblocking
[    2.152194] random 0000 0000 0000 2ee4c4fc 167bdb15: debiting 64 entropy credits from nonblocking (unlimited)
[    2.152197] random 0000 0000 0000 2ee4c4fc 167bdb15: extract_entropy account returned: 8 
[    2.152200] random 0000 0000 0000 2ee4c4fc 167bdb15: urand_change_num 25 extract_buf: pool_sig fffffcbf, data_sig ffffff83, bytes_mixed 20 2ee4c4fc 167bdb15
[    2.152242] PM: Resume from disk failed.
[    2.152251] registered taskstats version 1
[    2.152254] random 0000 0000 0000 2ee4c4fc 167bdb15: rand_read_num 7 get_random_bytes(12): sig fffffc69 2ee4c4fc 167bdb15
[    2.152256] random 0000 0000 0000 2ee4c4fc 167bdb15: extract_entropy(.. 12 ..)
[    2.152258] random 0000 0000 0000 2ee4c4fc 167bdb15: going to reseed nonblocking with 96 bits (96 of 0 requested)
[    2.152261] random 0000 0000 0000 2ee4c4fc 167bdb15: extract_entropy(.. 12 ..)
[    2.152263] random 0000 0000 0000 2ee4c4fc 167bdb15: trying to extract 96 bits from input
[    2.152265] random 0000 0000 0000 2ee4c4fc 167bdb15: debiting 0 entropy credits from input
[    2.152267] random 0000 0000 0000 2ee4c4fc 167bdb15: extract_entropy account returned: 0 
[    2.152270] random 0000 0000 0000 2ee4c4fc 167bdb15: urand_change_num 26 xfer_secondary_pool(12): pool_sig fffffc69, data_sig 00000000, bytes_mixed 0 2ee4c4fc 167bdb15
[    2.152273] random 0000 0000 0000 2ee4c4fc 167bdb15: trying to extract 96 bits from nonblocking
[    2.152275] random 0000 0000 0000 2ee4c4fc 167bdb15: debiting 96 entropy credits from nonblocking (unlimited)
[    2.152277] random 0000 0000 0000 2ee4c4fc 167bdb15: extract_entropy account returned: 12 
[    2.152281] random 0000 0000 0000 2ee4c4fc 167bdb15: urand_change_num 27 extract_buf: pool_sig fffffc69, data_sig ffffff7d, bytes_mixed 20 2ee4c4fc 167bdb15
[    2.152285] random 0000 0000 0000 83b7c1ab 94697f48: urand_change_num 28 extract_buf: pool_sig fffffe30, data_sig fffffdd6, bytes_mixed 20 83b7c1ab 94697f48
[    2.152288] RANDOM - __seed init called.
[    2.152290] RANDOM - __seed init called.
[    2.152291] RANDOM - __seed init called.
[    2.152293] RANDOM - __random32 called. Change num 14.  Value: fc007995	feca4f80	21b38ad2
[    2.152294] RANDOM - random32_reseed called.  Value: fc007995	feca4f80	21b38ad2
[    2.152297] Pid: 1, comm: swapper Not tainted 2.6.32.57 #4
[    2.152299] Call Trace:
[    2.152305]  [<c14a8a0e>] ? printk+0x1d/0x1f
[    2.152310]  [<c17537e5>] random32_reseed+0x89/0xbd
[    2.152313]  [<c1003042>] do_one_initcall+0x32/0x1a0
[    2.152316]  [<c175375c>] ? random32_reseed+0x0/0xbd
[    2.152319]  [<c17308e7>] kernel_init+0x12d/0x17a
[    2.152322]  [<c17307ba>] ? kernel_init+0x0/0x17a
[    2.152325]  [<c1009b07>] kernel_thread_helper+0x7/0x10
[    2.155072] input: AT Translated Set 2 keyboard as /devices/platform/i8042/serio0/input/input1
[    2.158459] random 0000 0000 0000 6db70b00 b30ce96b: rand_read_num 8 get_random_bytes(64): sig fffffb38 6db70b00 b30ce96b
[    2.158463] random 0000 0000 0000 6db70b00 b30ce96b: extract_entropy(.. 64 ..)
[    2.158466] random 0000 0000 0000 6db70b00 b30ce96b: going to reseed nonblocking with 512 bits (512 of 0 requested)
[    2.158468] random 0000 0000 0000 6db70b00 b30ce96b: extract_entropy(.. 64 ..)
[    2.158471] random 0000 0000 0000 6db70b00 b30ce96b: trying to extract 512 bits from input
[    2.158473] random 0000 0000 0000 6db70b00 b30ce96b: debiting 0 entropy credits from input
[    2.158475] random 0000 0000 0000 6db70b00 b30ce96b: extract_entropy account returned: 0 
[    2.158479] random 0000 0000 0000 6db70b00 b30ce96b: urand_change_num 29 xfer_secondary_pool(64): pool_sig fffffb38, data_sig 00000000, bytes_mixed 0 6db70b00 b30ce96b
[    2.158482] random 0000 0000 0000 6db70b00 b30ce96b: trying to extract 512 bits from nonblocking
[    2.158485] random 0000 0000 0000 6db70b00 b30ce96b: debiting 512 entropy credits from nonblocking (unlimited)
[    2.158487] random 0000 0000 0000 6db70b00 b30ce96b: extract_entropy account returned: 64 
[    2.158491] random 0000 0000 0000 6db70b00 b30ce96b: urand_change_num 30 extract_buf: pool_sig fffffb38, data_sig 00000151, bytes_mixed 20 6db70b00 b30ce96b
[    2.158496] random 0000 0000 0000 6db70b00 b30ce96b: urand_change_num 31 extract_buf: pool_sig fffffdb8, data_sig 00000379, bytes_mixed 20 6db70b00 b30ce96b
[    2.158500] random 0000 0000 0000 6b83001e d4b6c0d3: urand_change_num 32 extract_buf: pool_sig ffffffc9, data_sig 00000198, bytes_mixed 20 6b83001e d4b6c0d3
[    2.158504] random 0000 0000 0000 79d3e3c7 be564518: urand_change_num 33 extract_buf: pool_sig 000002b9, data_sig ffffff84, bytes_mixed 20 79d3e3c7 be564518
[    2.158509] random 0000 0000 0000 79d3e3c7 be564518: urand_change_num 34 extract_buf: pool_sig ffffff55, data_sig ffffff5a, bytes_mixed 20 79d3e3c7 be564518
[    2.158513] random 0000 0000 0000 89c03cb2 0d353228: urand_change_num 35 extract_buf: pool_sig 00000007, data_sig ffffff17, bytes_mixed 20 89c03cb2 0d353228
[    2.158518] random 0000 0000 0000 89c03cb2 0d353228: urand_change_num 36 extract_buf: pool_sig fffffdae, data_sig 000000db, bytes_mixed 20 89c03cb2 0d353228  Magic number: 13:509:353
[    2.158625] rtc_cmos 00:04: setting system clock to 2013-05-24 23:19:02 UTC (1369437542)
[    2.158628] BIOS EDD facility v0.16 2004-Jun-25, 0 devices found
[    2.158629] EDD information not available.
[    2.158660] random 0000 0000 0000 8ca62387 b120332c: rand_read_num 9 get_random_bytes(64): sig fffffed6 8ca62387 b120332c
[    2.158663] random 0000 0000 0000 8ca62387 b120332c: extract_entropy(.. 64 ..)
[    2.158665] random 0000 0000 0000 8ca62387 b120332c: going to reseed nonblocking with 512 bits (512 of 0 requested)
[    2.158667] random 0000 0000 0000 8ca62387 b120332c: extract_entropy(.. 64 ..)
[    2.158670] random 0000 0000 0000 8ca62387 b120332c: trying to extract 512 bits from input
[    2.158672] random 0000 0000 0000 8ca62387 b120332c: debiting 0 entropy credits from input
[    2.158674] random 0000 0000 0000 8ca62387 b120332c: extract_entropy account returned: 0 
[    2.158677] random 0000 0000 0000 8ca62387 b120332c: urand_change_num 37 xfer_secondary_pool(64): pool_sig fffffed6, data_sig 00000000, bytes_mixed 0 8ca62387 b120332c
[    2.158680] random 0000 0000 0000 8ca62387 b120332c: trying to extract 512 bits from nonblocking
[    2.158682] random 0000 0000 0000 8ca62387 b120332c: debiting 512 entropy credits from nonblocking (unlimited)
[    2.158684] random 0000 0000 0000 8ca62387 b120332c: extract_entropy account returned: 64 
[    2.158688] random 0000 0000 0000 8ca62387 b120332c: urand_change_num 38 extract_buf: pool_sig fffffed6, data_sig fffffeb6, bytes_mixed 20 8ca62387 b120332c
[    2.158692] random 0000 0000 0000 90702413 e2a66c2e: urand_change_num 39 extract_buf: pool_sig fffffbb0, data_sig 0000012e, bytes_mixed 20 90702413 e2a66c2e
[    2.158697] random 0000 0000 0000 90702413 e2a66c2e: urand_change_num 40 extract_buf: pool_sig fffffaf1, data_sig ffffff3c, bytes_mixed 20 90702413 e2a66c2e
[    2.158701] random 0000 0000 0000 3f58038b c77aecb6: urand_change_num 41 extract_buf: pool_sig 00000234, data_sig fffffdec, bytes_mixed 20 3f58038b c77aecb6
[    2.158706] random 0000 0000 0000 47187b9d 03f21510: urand_change_num 42 extract_buf: pool_sig 00000192, data_sig 00000075, bytes_mixed 20 47187b9d 03f21510
[    2.158710] random 0000 0000 0000 47187b9d 03f21510: urand_change_num 43 extract_buf: pool_sig 0000018e, data_sig ffffffbf, bytes_mixed 20 47187b9d 03f21510
[    2.158714] random 0000 0000 0000 3180b1fc 0fa9c973: urand_change_num 44 extract_buf: pool_sig fffffecf, data_sig ffffff2a, bytes_mixed 20 3180b1fc 0fa9c973
[    2.158717] BEGIN NET_SECRET:
[    2.158718] \xffffff87
[    2.158720] \xffffff8d
[    2.158721] \xfffffff4
[    2.158722] \xffffffae
[    2.158723] \xffffffc3
[    2.158724] \xffffffb7
[    2.158726] \x31
[    2.158727] \x65
[    2.158728] \xffffffda
[    2.158729] \xffffffa2
[    2.158730] \x31
[    2.158731] \xffffffc8
[    2.158733] \xffffffa9
[    2.158734] \x76
[    2.158735] \x76
[    2.158736] \xffffff90
[    2.158737] \x55
[    2.158738] \xfffffff3
[    2.158740] \xffffffb1
[    2.158741] \x3
[    2.158742] \xffffffb3
[    2.158743] \xffffffa7
[    2.158744] \x5a
[    2.158745] \x71
[    2.158746] \x70
[    2.158748] \xffffff8c
[    2.158749] \x56
[    2.158750] \x25
[    2.158751] \xffffffe1
[    2.158752] \x4c
[    2.158753] \xffffffe6
[    2.158755] \xffffff95
[    2.158756] \x67
[    2.158757] \x4c
[    2.158758] \xffffffb9
[    2.158759] \x1d
[    2.158760] \xe
[    2.158761] \x34
[    2.158762] \xffffffbe
[    2.158764] \x12
[    2.158765] \x5
[    2.158766] \xffffff98
[    2.158767] \xffffffa0
[    2.158768] \xf
[    2.158769] \xffffffb2
[    2.158771] \xffffffde
[    2.158772] \xffffff99
[    2.158773] \xf
[    2.158774] \xffffffe8
[    2.158775] \xffffffc8
[    2.158776] \x1f
[    2.158777] \x54
[    2.158779] \x2c
[    2.158780] \xffffffee
[    2.158781] \x2e
[    2.158782] \x0
[    2.158783] \xffffff95
[    2.158784] \x0
[    2.158785] \xffffffe3
[    2.158787] \xffffffa7
[    2.158788] \xfffffffd
[    2.158789] \x66
[    2.158790] \xffffff92
[    2.158791] \xfffffff0
[    2.158792] 
[    2.158793] END NET_SECRET
[    2.158796] random 0000 0000 0000 3180b1fc 0fa9c973: rand_read_num 10 get_random_bytes(4): sig ffffff46 3180b1fc 0fa9c973
[    2.158799] random 0000 0000 0000 3180b1fc 0fa9c973: extract_entropy(.. 4 ..)
[    2.158801] random 0000 0000 0000 3180b1fc 0fa9c973: going to reseed nonblocking with 64 bits (32 of 0 requested)
[    2.158803] random 0000 0000 0000 3180b1fc 0fa9c973: extract_entropy(.. 8 ..)
[    2.158805] random 0000 0000 0000 3180b1fc 0fa9c973: trying to extract 64 bits from input
[    2.158808] random 0000 0000 0000 3180b1fc 0fa9c973: debiting 0 entropy credits from input
[    2.158810] random 0000 0000 0000 3180b1fc 0fa9c973: extract_entropy account returned: 0 
[    2.158813] random 0000 0000 0000 3180b1fc 0fa9c973: urand_change_num 45 xfer_secondary_pool(4): pool_sig ffffff46, data_sig 00000000, bytes_mixed 0 3180b1fc 0fa9c973
[    2.158816] random 0000 0000 0000 3180b1fc 0fa9c973: trying to extract 32 bits from nonblocking
[    2.158818] random 0000 0000 0000 3180b1fc 0fa9c973: debiting 32 entropy credits from nonblocking (unlimited)
[    2.158820] random 0000 0000 0000 3180b1fc 0fa9c973: extract_entropy account returned: 4 
[    2.158823] random 0000 0000 0000 3180b1fc 0fa9c973: urand_change_num 46 extract_buf: pool_sig ffffff46, data_sig 0000001b, bytes_mixed 20 3180b1fc 0fa9c973
[    2.329184] ata2.00: ATAPI: VMware Virtual IDE CDROM Drive, 00000001, max UDMA/33
[    2.329514] ata2.00: configured for UDMA/33
[    2.329905] scsi 1:0:0:0: CD-ROM            NECVMWar VMware IDE CDR10 1.00 PQ: 0 ANSI: 5
[    2.331131] sr0: scsi3-mmc drive: 306x/306x cd/rw xa/form2 cdda tray
[    2.331135] Uniform CD-ROM driver Revision: 3.20
[    2.331187] sr 1:0:0:0: Attached scsi CD-ROM sr0
[    2.331239] sr 1:0:0:0: Attached scsi generic sg0 type 5
[    2.331296] Freeing unused kernel memory: 652k freed
[    2.331347] Write protecting the kernel text: 4840k
[    2.331393] Write protecting the kernel read-only data: 1968k
[    2.331495] random 0000 0000 0000 38974d2b 1d8d6de0: rand_read_num 11 get_random_bytes(16): sig 000001c6 38974d2b 1d8d6de0
