[    0.000000] random 0000 0000 0000 00000000 00000000: rand_read_num 1 get_random_bytes(8): sig 00000000 00000000 00000000
[    0.000000] random 0000 0000 0000 00000000 00000000: extract_entropy(.. 8 ..)
[    0.000000] random 0000 0000 0000 00000000 00000000: going to reseed nonblocking with 64 bits (64 of 0 requested)
[    0.000000] random 0000 0000 0000 00000000 00000000: extract_entropy(.. 8 ..)
[    0.000000] random 0000 0000 0000 00000000 00000000: trying to extract 64 bits from input
[    0.000000] random 0000 0000 0000 00000000 00000000: debiting 0 entropy credits from input
[    0.000000] random 0000 0000 0000 00000000 00000000: extract_entropy account returned: 0 
[    0.000000] random 0000 0000 0000 00000000 00000000: urand_change_num 1 xfer_secondary_pool(8): pool_sig 00000000, data_sig 00000000, bytes_mixed 0 00000000 00000000
[    0.000000] random 0000 0000 0000 00000000 00000000: trying to extract 64 bits from nonblocking
[    0.000000] random 0000 0000 0000 00000000 00000000: debiting 64 entropy credits from nonblocking (unlimited)
[    0.000000] random 0000 0000 0000 00000000 00000000: extract_entropy account returned: 8 
[    0.000000] random 0000 0000 0000 00000000 00000000: urand_change_num 2 extract_buf: pool_sig 00000000, data_sig fffffff9, bytes_mixed 20 00000000 00000000
[    0.000000] Initializing cgroup subsys cpuset
[    0.000000] Initializing cgroup subsys cpu
[    0.000000] Linux version 2.6.32.57 (dcashman@ubuntu) (gcc version 4.6.3 (Ubuntu/Linaro 4.6.3-1ubuntu5) ) #4 SMP Fri May 24 11:09:26 PDT 2013
[    0.000000] KERNEL supported cpus:
[    0.000000]   Intel GenuineIntel
[    0.000000]   AMD AuthenticAMD
[    0.000000]   NSC Geode by NSC
[    0.000000]   Cyrix CyrixInstead
[    0.000000]   Centaur CentaurHauls
[    0.000000]   Transmeta GenuineTMx86
[    0.000000]   Transmeta TransmetaCPU
[    0.000000]   UMC UMC UMC UMC
[    0.000000] BIOS-provided physical RAM map:
[    0.000000]  BIOS-e820: 0000000000000000 - 000000000009f000 (usable)
[    0.000000]  BIOS-e820: 000000000009f000 - 00000000000a0000 (reserved)
[    0.000000]  BIOS-e820: 00000000000ca000 - 00000000000cc000 (reserved)
[    0.000000]  BIOS-e820: 00000000000dc000 - 0000000000100000 (reserved)
[    0.000000]  BIOS-e820: 0000000000100000 - 000000003fee0000 (usable)
[    0.000000]  BIOS-e820: 000000003fee0000 - 000000003feff000 (ACPI data)
[    0.000000]  BIOS-e820: 000000003feff000 - 000000003ff00000 (ACPI NVS)
[    0.000000]  BIOS-e820: 000000003ff00000 - 0000000040000000 (usable)
[    0.000000]  BIOS-e820: 00000000e0000000 - 00000000f0000000 (reserved)
[    0.000000]  BIOS-e820: 00000000fec00000 - 00000000fec10000 (reserved)
[    0.000000]  BIOS-e820: 00000000fee00000 - 00000000fee01000 (reserved)
[    0.000000]  BIOS-e820: 00000000fffe0000 - 0000000100000000 (reserved)
[    0.000000] DMI present.
[    0.000000] Phoenix BIOS detected: BIOS may corrupt low RAM, working around it.
[    0.000000] e820 update range: 0000000000000000 - 0000000000010000 (usable) ==> (reserved)
[    0.000000] last_pfn = 0x40000 max_arch_pfn = 0x1000000
[    0.000000] MTRR default type: uncachable
[    0.000000] MTRR fixed ranges enabled:
[    0.000000]   00000-9FFFF write-back
[    0.000000]   A0000-BFFFF uncachable
[    0.000000]   C0000-CBFFF write-protect
[    0.000000]   CC000-EFFFF uncachable
[    0.000000]   F0000-FFFFF write-protect
[    0.000000] MTRR variable ranges enabled:
[    0.000000]   0 base 0000000000 mask FFC0000000 write-back
[    0.000000]   1 disabled
[    0.000000]   2 disabled
[    0.000000]   3 disabled
[    0.000000]   4 disabled
[    0.000000]   5 disabled
[    0.000000]   6 disabled
[    0.000000]   7 disabled
[    0.000000] x86 PAT enabled: cpu 0, old 0x0, new 0x7010600070106
[    0.000000] Scanning 0 areas for low memory corruption
[    0.000000] modified physical RAM map:
[    0.000000]  modified: 0000000000000000 - 0000000000010000 (reserved)
[    0.000000]  modified: 0000000000010000 - 000000000009f000 (usable)
[    0.000000]  modified: 000000000009f000 - 00000000000a0000 (reserved)
[    0.000000]  modified: 00000000000ca000 - 00000000000cc000 (reserved)
[    0.000000]  modified: 00000000000dc000 - 0000000000100000 (reserved)
[    0.000000]  modified: 0000000000100000 - 000000003fee0000 (usable)
[    0.000000]  modified: 000000003fee0000 - 000000003feff000 (ACPI data)
[    0.000000]  modified: 000000003feff000 - 000000003ff00000 (ACPI NVS)
[    0.000000]  modified: 000000003ff00000 - 0000000040000000 (usable)
[    0.000000]  modified: 00000000e0000000 - 00000000f0000000 (reserved)
[    0.000000]  modified: 00000000fec00000 - 00000000fec10000 (reserved)
[    0.000000]  modified: 00000000fee00000 - 00000000fee01000 (reserved)
[    0.000000]  modified: 00000000fffe0000 - 0000000100000000 (reserved)
[    0.000000] initial memory mapped : 0 - 01e00000
[    0.000000] init_memory_mapping: 0000000000000000-00000000379fe000
[    0.000000] NX (Execute Disable) protection: active
[    0.000000]  0000000000 - 0000200000 page 4k
[    0.000000]  0000200000 - 0037800000 page 2M
[    0.000000]  0037800000 - 00379fe000 page 4k
[    0.000000] kernel direct mapping tables up to 379fe000 @ 10000-16000
[    0.000000] RAMDISK: 2dcfc000 - 32e758c3
[    0.000000] ACPI: RSDP 000f6b80 00024 (v02 PTLTD )
[    0.000000] ACPI: XSDT 3feed636 0005C (v01 INTEL  440BX    06040000 VMW  01324272)
[    0.000000] ACPI: FACP 3fefee98 000F4 (v04 INTEL  440BX    06040000 PTL  000F4240)
[    0.000000] ACPI: DSDT 3feee366 10B32 (v01 PTLTD  Custom   06040000 MSFT 03000001)
[    0.000000] ACPI: FACS 3fefffc0 00040
[    0.000000] ACPI: BOOT 3feee33e 00028 (v01 PTLTD  $SBFTBL$ 06040000  LTP 00000001)
[    0.000000] ACPI: APIC 3feedc3e 003C2 (v01 PTLTD  ? APIC   06040000  LTP 00000000)
[    0.000000] ACPI: MCFG 3feedc02 0003C (v01 PTLTD  $PCITBL$ 06040000  LTP 00000001)
[    0.000000] ACPI: SRAT 3feed732 004D0 (v02 VMWARE MEMPLUG  06040000 VMW  00000001)
[    0.000000] ACPI: HPET 3feed6fa 00038 (v01 VMWARE VMW HPET 06040000 VMW  00000001)
[    0.000000] ACPI: WAET 3feed6d2 00028 (v01 VMWARE VMW WAET 06040000 VMW  00000001)
[    0.000000] ACPI: Local APIC address 0xfee00000
[    0.000000] 134MB HIGHMEM available.
[    0.000000] 889MB LOWMEM available.
[    0.000000]   mapped low ram: 0 - 379fe000
[    0.000000]   low ram: 0 - 379fe000
[    0.000000]   node 0 low ram: 00000000 - 379fe000
[    0.000000]   node 0 bootmap 00012000 - 00018f40
[    0.000000] (9 early reservations) ==> bootmem [0000000000 - 00379fe000]
[    0.000000]   #0 [0000000000 - 0000001000]   BIOS data page ==> [0000000000 - 0000001000]
[    0.000000]   #1 [0000001000 - 0000002000]    EX TRAMPOLINE ==> [0000001000 - 0000002000]
[    0.000000]   #2 [0000006000 - 0000007000]       TRAMPOLINE ==> [0000006000 - 0000007000]
[    0.000000]   #3 [0001000000 - 0001a75ff8]    TEXT DATA BSS ==> [0001000000 - 0001a75ff8]
[    0.000000]   #4 [002dcfc000 - 0032e758c3]          RAMDISK ==> [002dcfc000 - 0032e758c3]
[    0.000000]   #5 [000009f000 - 0000100000]    BIOS reserved ==> [000009f000 - 0000100000]
[    0.000000]   #6 [0001a76000 - 0001a851c0]              BRK ==> [0001a76000 - 0001a851c0]
[    0.000000]   #7 [0000010000 - 0000012000]          PGTABLE ==> [0000010000 - 0000012000]
[    0.000000]   #8 [0000012000 - 0000019000]          BOOTMAP ==> [0000012000 - 0000019000]
[    0.000000] found SMP MP-table at [c00f6bf0] f6bf0
[    0.000000] Zone PFN ranges:
[    0.000000]   DMA      0x00000010 -> 0x00001000
[    0.000000]   Normal   0x00001000 -> 0x000379fe
[    0.000000]   HighMem  0x000379fe -> 0x00040000
[    0.000000] Movable zone start PFN for each node
[    0.000000] early_node_map[3] active PFN ranges
[    0.000000]     0: 0x00000010 -> 0x0000009f
[    0.000000]     0: 0x00000100 -> 0x0003fee0
[    0.000000]     0: 0x0003ff00 -> 0x00040000
[    0.000000] On node 0 totalpages: 261999
[    0.000000] free_area_init_node: node 0, pgdat c1715200, node_mem_map c1a87200
[    0.000000]   DMA zone: 32 pages used for memmap
[    0.000000]   DMA zone: 0 pages reserved
[    0.000000]   DMA zone: 3951 pages, LIFO batch:0
[    0.000000]   Normal zone: 1748 pages used for memmap
[    0.000000]   Normal zone: 221994 pages, LIFO batch:31
[    0.000000]   HighMem zone: 269 pages used for memmap
[    0.000000]   HighMem zone: 34005 pages, LIFO batch:7
[    0.000000] Using APIC driver default
[    0.000000] ACPI: PM-Timer IO Port: 0x1008
[    0.000000] ACPI: Local APIC address 0xfee00000
[    0.000000] ACPI: LAPIC (acpi_id[0x00] lapic_id[0x00] enabled)
[    0.000000] ACPI: LAPIC (acpi_id[0x01] lapic_id[0x02] disabled)
[    0.000000] ACPI: LAPIC (acpi_id[0x02] lapic_id[0x04] disabled)
[    0.000000] ACPI: LAPIC (acpi_id[0x03] lapic_id[0x06] disabled)
[    0.000000] ACPI: LAPIC (acpi_id[0x04] lapic_id[0x08] disabled)
[    0.000000] ACPI: LAPIC (acpi_id[0x05] lapic_id[0x0a] disabled)
[    0.000000] ACPI: LAPIC (acpi_id[0x06] lapic_id[0x0c] disabled)
[    0.000000] ACPI: LAPIC (acpi_id[0x07] lapic_id[0x0e] disabled)
[    0.000000] ACPI: LAPIC (acpi_id[0x08] lapic_id[0x10] disabled)
[    0.000000] ACPI: LAPIC (acpi_id[0x09] lapic_id[0x12] disabled)
[    0.000000] ACPI: LAPIC (acpi_id[0x0a] lapic_id[0x14] disabled)
[    0.000000] ACPI: LAPIC (acpi_id[0x0b] lapic_id[0x16] disabled)
[    0.000000] ACPI: LAPIC (acpi_id[0x0c] lapic_id[0x18] disabled)
[    0.000000] ACPI: LAPIC (acpi_id[0x0d] lapic_id[0x1a] disabled)
[    0.000000] ACPI: LAPIC (acpi_id[0x0e] lapic_id[0x1c] disabled)
[    0.000000] ACPI: LAPIC (acpi_id[0x0f] lapic_id[0x1e] disabled)
[    0.000000] ACPI: LAPIC (acpi_id[0x10] lapic_id[0x20] disabled)
[    0.000000] ACPI: LAPIC (acpi_id[0x11] lapic_id[0x22] disabled)
[    0.000000] ACPI: LAPIC (acpi_id[0x12] lapic_id[0x24] disabled)
[    0.000000] ACPI: LAPIC (acpi_id[0x13] lapic_id[0x26] disabled)
[    0.000000] ACPI: LAPIC (acpi_id[0x14] lapic_id[0x28] disabled)
[    0.000000] ACPI: LAPIC (acpi_id[0x15] lapic_id[0x2a] disabled)
[    0.000000] ACPI: LAPIC (acpi_id[0x16] lapic_id[0x2c] disabled)
[    0.000000] ACPI: LAPIC (acpi_id[0x17] lapic_id[0x2e] disabled)
[    0.000000] ACPI: LAPIC (acpi_id[0x18] lapic_id[0x30] disabled)
[    0.000000] ACPI: LAPIC (acpi_id[0x19] lapic_id[0x32] disabled)
[    0.000000] ACPI: LAPIC (acpi_id[0x1a] lapic_id[0x34] disabled)
[    0.000000] ACPI: LAPIC (acpi_id[0x1b] lapic_id[0x36] disabled)
[    0.000000] ACPI: LAPIC (acpi_id[0x1c] lapic_id[0x38] disabled)
[    0.000000] ACPI: LAPIC (acpi_id[0x1d] lapic_id[0x3a] disabled)
[    0.000000] ACPI: LAPIC (acpi_id[0x1e] lapic_id[0x3c] disabled)
[    0.000000] ACPI: LAPIC (acpi_id[0x1f] lapic_id[0x3e] disabled)
[    0.000000] ACPI: LAPIC (acpi_id[0x20] lapic_id[0x40] disabled)
[    0.000000] ACPI: LAPIC (acpi_id[0x21] lapic_id[0x42] disabled)
[    0.000000] ACPI: LAPIC (acpi_id[0x22] lapic_id[0x44] disabled)
[    0.000000] ACPI: LAPIC (acpi_id[0x23] lapic_id[0x46] disabled)
[    0.000000] ACPI: LAPIC (acpi_id[0x24] lapic_id[0x48] disabled)
[    0.000000] ACPI: LAPIC (acpi_id[0x25] lapic_id[0x4a] disabled)
[    0.000000] ACPI: LAPIC (acpi_id[0x26] lapic_id[0x4c] disabled)
[    0.000000] ACPI: LAPIC (acpi_id[0x27] lapic_id[0x4e] disabled)
[    0.000000] ACPI: LAPIC (acpi_id[0x28] lapic_id[0x50] disabled)
[    0.000000] ACPI: LAPIC (acpi_id[0x29] lapic_id[0x52] disabled)
[    0.000000] ACPI: LAPIC (acpi_id[0x2a] lapic_id[0x54] disabled)
[    0.000000] ACPI: LAPIC (acpi_id[0x2b] lapic_id[0x56] disabled)
[    0.000000] ACPI: LAPIC (acpi_id[0x2c] lapic_id[0x58] disabled)
[    0.000000] ACPI: LAPIC (acpi_id[0x2d] lapic_id[0x5a] disabled)
[    0.000000] ACPI: LAPIC (acpi_id[0x2e] lapic_id[0x5c] disabled)
[    0.000000] ACPI: LAPIC (acpi_id[0x2f] lapic_id[0x5e] disabled)
[    0.000000] ACPI: LAPIC (acpi_id[0x30] lapic_id[0x60] disabled)
[    0.000000] ACPI: LAPIC (acpi_id[0x31] lapic_id[0x62] disabled)
[    0.000000] ACPI: LAPIC (acpi_id[0x32] lapic_id[0x64] disabled)
[    0.000000] ACPI: LAPIC (acpi_id[0x33] lapic_id[0x66] disabled)
[    0.000000] ACPI: LAPIC (acpi_id[0x34] lapic_id[0x68] disabled)
[    0.000000] ACPI: LAPIC (acpi_id[0x35] lapic_id[0x6a] disabled)
[    0.000000] ACPI: LAPIC (acpi_id[0x36] lapic_id[0x6c] disabled)
[    0.000000] ACPI: LAPIC (acpi_id[0x37] lapic_id[0x6e] disabled)
[    0.000000] ACPI: LAPIC (acpi_id[0x38] lapic_id[0x70] disabled)
[    0.000000] ACPI: LAPIC (acpi_id[0x39] lapic_id[0x72] disabled)
[    0.000000] ACPI: LAPIC (acpi_id[0x3a] lapic_id[0x74] disabled)
[    0.000000] ACPI: LAPIC (acpi_id[0x3b] lapic_id[0x76] disabled)
[    0.000000] ACPI: LAPIC (acpi_id[0x3c] lapic_id[0x78] disabled)
[    0.000000] ACPI: LAPIC (acpi_id[0x3d] lapic_id[0x7a] disabled)
[    0.000000] ACPI: LAPIC (acpi_id[0x3e] lapic_id[0x7c] disabled)
[    0.000000] ACPI: LAPIC (acpi_id[0x3f] lapic_id[0x7e] disabled)
[    0.000000] ACPI: LAPIC_NMI (acpi_id[0x00] high edge lint[0x1])
[    0.000000] ACPI: LAPIC_NMI (acpi_id[0x01] high edge lint[0x1])
[    0.000000] ACPI: LAPIC_NMI (acpi_id[0x02] high edge lint[0x1])
[    0.000000] ACPI: LAPIC_NMI (acpi_id[0x03] high edge lint[0x1])
[    0.000000] ACPI: LAPIC_NMI (acpi_id[0x04] high edge lint[0x1])
[    0.000000] ACPI: LAPIC_NMI (acpi_id[0x05] high edge lint[0x1])
[    0.000000] ACPI: LAPIC_NMI (acpi_id[0x06] high edge lint[0x1])
[    0.000000] ACPI: LAPIC_NMI (acpi_id[0x07] high edge lint[0x1])
[    0.000000] ACPI: LAPIC_NMI (acpi_id[0x08] high edge lint[0x1])
[    0.000000] ACPI: LAPIC_NMI (acpi_id[0x09] high edge lint[0x1])
[    0.000000] ACPI: LAPIC_NMI (acpi_id[0x0a] high edge lint[0x1])
[    0.000000] ACPI: LAPIC_NMI (acpi_id[0x0b] high edge lint[0x1])
[    0.000000] ACPI: LAPIC_NMI (acpi_id[0x0c] high edge lint[0x1])
[    0.000000] ACPI: LAPIC_NMI (acpi_id[0x0d] high edge lint[0x1])
[    0.000000] ACPI: LAPIC_NMI (acpi_id[0x0e] high edge lint[0x1])
[    0.000000] ACPI: LAPIC_NMI (acpi_id[0x0f] high edge lint[0x1])
[    0.000000] ACPI: LAPIC_NMI (acpi_id[0x10] high edge lint[0x1])
[    0.000000] ACPI: LAPIC_NMI (acpi_id[0x11] high edge lint[0x1])
[    0.000000] ACPI: LAPIC_NMI (acpi_id[0x12] high edge lint[0x1])
[    0.000000] ACPI: LAPIC_NMI (acpi_id[0x13] high edge lint[0x1])
[    0.000000] ACPI: LAPIC_NMI (acpi_id[0x14] high edge lint[0x1])
[    0.000000] ACPI: LAPIC_NMI (acpi_id[0x15] high edge lint[0x1])
[    0.000000] ACPI: LAPIC_NMI (acpi_id[0x16] high edge lint[0x1])
[    0.000000] ACPI: LAPIC_NMI (acpi_id[0x17] high edge lint[0x1])
[    0.000000] ACPI: LAPIC_NMI (acpi_id[0x18] high edge lint[0x1])
[    0.000000] ACPI: LAPIC_NMI (acpi_id[0x19] high edge lint[0x1])
[    0.000000] ACPI: LAPIC_NMI (acpi_id[0x1a] high edge lint[0x1])
[    0.000000] ACPI: LAPIC_NMI (acpi_id[0x1b] high edge lint[0x1])
[    0.000000] ACPI: LAPIC_NMI (acpi_id[0x1c] high edge lint[0x1])
[    0.000000] ACPI: LAPIC_NMI (acpi_id[0x1d] high edge lint[0x1])
[    0.000000] ACPI: LAPIC_NMI (acpi_id[0x1e] high edge lint[0x1])
[    0.000000] ACPI: LAPIC_NMI (acpi_id[0x1f] high edge lint[0x1])
[    0.000000] ACPI: LAPIC_NMI (acpi_id[0x20] high edge lint[0x1])
[    0.000000] ACPI: LAPIC_NMI (acpi_id[0x21] high edge lint[0x1])
[    0.000000] ACPI: LAPIC_NMI (acpi_id[0x22] high edge lint[0x1])
[    0.000000] ACPI: LAPIC_NMI (acpi_id[0x23] high edge lint[0x1])
[    0.000000] ACPI: LAPIC_NMI (acpi_id[0x24] high edge lint[0x1])
[    0.000000] ACPI: LAPIC_NMI (acpi_id[0x25] high edge lint[0x1])
[    0.000000] ACPI: LAPIC_NMI (acpi_id[0x26] high edge lint[0x1])
[    0.000000] ACPI: LAPIC_NMI (acpi_id[0x27] high edge lint[0x1])
[    0.000000] ACPI: LAPIC_NMI (acpi_id[0x28] high edge lint[0x1])
[    0.000000] ACPI: LAPIC_NMI (acpi_id[0x29] high edge lint[0x1])
[    0.000000] ACPI: LAPIC_NMI (acpi_id[0x2a] high edge lint[0x1])
[    0.000000] ACPI: LAPIC_NMI (acpi_id[0x2b] high edge lint[0x1])
[    0.000000] ACPI: LAPIC_NMI (acpi_id[0x2c] high edge lint[0x1])
[    0.000000] ACPI: LAPIC_NMI (acpi_id[0x2d] high edge lint[0x1])
[    0.000000] ACPI: LAPIC_NMI (acpi_id[0x2e] high edge lint[0x1])
[    0.000000] ACPI: LAPIC_NMI (acpi_id[0x2f] high edge lint[0x1])
[    0.000000] ACPI: LAPIC_NMI (acpi_id[0x30] high edge lint[0x1])
[    0.000000] ACPI: LAPIC_NMI (acpi_id[0x31] high edge lint[0x1])
[    0.000000] ACPI: LAPIC_NMI (acpi_id[0x32] high edge lint[0x1])
[    0.000000] ACPI: LAPIC_NMI (acpi_id[0x33] high edge lint[0x1])
[    0.000000] ACPI: LAPIC_NMI (acpi_id[0x34] high edge lint[0x1])
[    0.000000] ACPI: LAPIC_NMI (acpi_id[0x35] high edge lint[0x1])
[    0.000000] ACPI: LAPIC_NMI (acpi_id[0x36] high edge lint[0x1])
[    0.000000] ACPI: LAPIC_NMI (acpi_id[0x37] high edge lint[0x1])
[    0.000000] ACPI: LAPIC_NMI (acpi_id[0x38] high edge lint[0x1])
[    0.000000] ACPI: LAPIC_NMI (acpi_id[0x39] high edge lint[0x1])
[    0.000000] ACPI: LAPIC_NMI (acpi_id[0x3a] high edge lint[0x1])
[    0.000000] ACPI: LAPIC_NMI (acpi_id[0x3b] high edge lint[0x1])
[    0.000000] ACPI: LAPIC_NMI (acpi_id[0x3c] high edge lint[0x1])
[    0.000000] ACPI: LAPIC_NMI (acpi_id[0x3d] high edge lint[0x1])
[    0.000000] ACPI: LAPIC_NMI (acpi_id[0x3e] high edge lint[0x1])
[    0.000000] ACPI: LAPIC_NMI (acpi_id[0x3f] high edge lint[0x1])
[    0.000000] ACPI: Skipping IOAPIC probe due to 'noapic' option.
[    0.000000] Using ACPI for processor (LAPIC) configuration information
[    0.000000] ACPI: HPET id: 0x8086af01 base: 0xfed00000
[    0.000000] Intel MultiProcessor Specification v1.4
[    0.000000]     Virtual Wire compatibility mode.
[    0.000000] MPTABLE: OEM ID: INTEL   
[    0.000000] MPTABLE: Product ID: 440BX       
[    0.000000] MPTABLE: APIC at: 0xFEE00000
[    0.000000] I/O APIC #1 Version 17 at 0xFEC00000.
[    0.000000] Processors: 1
[    0.000000] 64 Processors exceeds NR_CPUS limit of 8
[    0.000000] SMP: Allowing 8 CPUs, 7 hotplug CPUs
[    0.000000] nr_irqs_gsi: 24
[    0.000000] PM: Registered nosave memory: 000000000009f000 - 00000000000a0000
[    0.000000] PM: Registered nosave memory: 00000000000a0000 - 00000000000ca000
[    0.000000] PM: Registered nosave memory: 00000000000ca000 - 00000000000cc000
[    0.000000] PM: Registered nosave memory: 00000000000cc000 - 00000000000dc000
[    0.000000] PM: Registered nosave memory: 00000000000dc000 - 0000000000100000
[    0.000000] Allocating PCI resources starting at 40000000 (gap: 40000000:a0000000)
[    0.000000] Booting paravirtualized kernel on bare hardware
[    0.000000] NR_CPUS:8 nr_cpumask_bits:8 nr_cpu_ids:8 nr_node_ids:1
[    0.000000] PERCPU: Embedded 15 pages/cpu @c2400000 s39320 r0 d22120 u262144
[    0.000000] pcpu-alloc: s39320 r0 d22120 u262144 alloc=1*2097152
[    0.000000] pcpu-alloc: [0] 0 1 2 3 4 5 6 7 
[    0.000000] Built 1 zonelists in Zone order, mobility grouping on.  Total pages: 259950
[    0.000000] Kernel command line: BOOT_IMAGE=/boot/vmlinuz-2.6.32.57 root=UUID=007b598c-390d-4c65-84a1-4ff752d48633 ro quiet splash maxcpus=0
[    0.000000] PID hash table entries: 4096 (order: 2, 16384 bytes)
[    0.000000] Dentry cache hash table entries: 131072 (order: 7, 524288 bytes)
[    0.000000] Inode-cache hash table entries: 65536 (order: 6, 262144 bytes)
[    0.000000] Enabling fast FPU save and restore... done.
[    0.000000] Enabling unmasked SIMD FPU exception support... done.
[    0.000000] Initializing CPU#0
[    0.000000] xsave/xrstor: enabled xstate_bv 0x7, cntxt size 0x340
[    0.000000] allocated 5242560 bytes of page_cgroup
[    0.000000] please try 'cgroup_disable=memory' option if you don't want memory cgroups
[    0.000000] Initializing HighMem for node 0 (000379fe:00040000)
[    0.000000] Memory: 938260k/1048576k available (4839k kernel code, 108848k reserved, 2518k data, 652k init, 137096k highmem)
[    0.000000] virtual kernel memory layout:
[    0.000000]     fixmap  : 0xfff1e000 - 0xfffff000   ( 900 kB)
[    0.000000]     pkmap   : 0xffa00000 - 0xffc00000   (2048 kB)
[    0.000000]     vmalloc : 0xf81fe000 - 0xff9fe000   ( 120 MB)
[    0.000000]     lowmem  : 0xc0000000 - 0xf79fe000   ( 889 MB)
[    0.000000]       .init : 0xc1730000 - 0xc17d3000   ( 652 kB)
[    0.000000]       .data : 0xc14b9cce - 0xc172f764   (2518 kB)
[    0.000000]       .text : 0xc1000000 - 0xc14b9cce   (4839 kB)
[    0.000000] Checking if this processor honours the WP bit even in supervisor mode...Ok.
[    0.000000] SLUB: Genslabs=13, HWalign=64, Order=0-3, MinObjects=0, CPUs=8, Nodes=1
[    0.000000] Hierarchical RCU implementation.
[    0.000000] NR_IRQS:2304 nr_irqs:472
[    0.000000] Extended CMOS year: 2000
[    0.000000] Console: colour VGA+ 80x25
[    0.000000] console [tty0] enabled
[    0.000000] hpet clockevent registered
[    0.000000] TSC freq read from hypervisor : 2394.620 MHz
[    0.000000] Detected 2394.620 MHz processor.
[    0.000002] Calibrating delay loop (skipped) preset value.. 4789.24 BogoMIPS (lpj=9578480)
[    0.000011] Security Framework initialized
[    0.000014] SELinux:  Disabled at boot.
[    0.000018] Mount-cache hash table entries: 512
[    0.000115] Initializing cgroup subsys cpuacct
[    0.000118] Initializing cgroup subsys memory
[    0.000121] Initializing cgroup subsys devices
[    0.000122] Initializing cgroup subsys freezer
[    0.000149] CPU: Physical Processor ID: 0
[    0.000155] CPU: L1 I cache: 32K, L1 D cache: 32K
[    0.000157] CPU: L2 cache: 256K
[    0.000158] CPU: L3 cache: 4096K
[    0.000162] mce: CPU supports 0 MCE banks
[    0.000174] Performance Events: no PMU driver, software events only.
[    0.000184] Checking 'hlt' instruction... OK.
[    0.018226] SMP alternatives: switching to UP code
[    0.035829] ACPI: Core revision 20090903
[    0.042192] ACPI: setting ELCR to 0200 (from 0e20)
[    0.043780] ftrace: converting mcount calls to 0f 1f 44 00 00
[    0.043786] ftrace: allocating 22631 entries in 45 pages
[    0.060918] CANARY value: 4c921c27 for PID: 1
[    0.060982] Not enabling x2apic, Intr-remapping init failed.
[    0.060984] Enabling APIC mode:  Flat.  Using 1 I/O APICs
[    0.061004] SMP mode deactivated.
[    0.061030] SMP disabled
[    0.061086] Brought up 1 CPUs
[    0.061087] Total of 1 processors activated (4789.24 BogoMIPS).
[    0.061091] CPU0 attaching NULL sched-domain.
[    0.061160] devtmpfs: initialized
[    0.061265] sysctl table check failed: /kernel/random/now_input .1.40.7 Unknown sysctl binary path
[    0.061537] Pid: 1, comm: swapper Not tainted 2.6.32.57 #4
[    0.061538] Call Trace:
[    0.061542]  [<c14a8a0e>] ? printk+0x1d/0x1f
[    0.061545]  [<c107b56f>] set_fail+0x4f/0x60
[    0.061547]  [<c107b8b3>] sysctl_check_table+0x333/0x620
[    0.061549]  [<c107b8cc>] sysctl_check_table+0x34c/0x620
[    0.061550]  [<c107b8cc>] sysctl_check_table+0x34c/0x620
[    0.061554]  [<c1746d48>] sysctl_init+0x25/0x29
[    0.061556]  [<c1003042>] do_one_initcall+0x32/0x1a0
[    0.061558]  [<c1746d23>] ? sysctl_init+0x0/0x29
[    0.061560]  [<c17308e7>] kernel_init+0x12d/0x17a
[    0.061562]  [<c17307ba>] ? kernel_init+0x0/0x17a
[    0.061564]  [<c1009b07>] kernel_thread_helper+0x7/0x10
[    0.061566] sysctl table check failed: /kernel/random/now_blocking .1.40.8 Unknown sysctl binary path
[    0.061828] Pid: 1, comm: swapper Not tainted 2.6.32.57 #4
[    0.061828] Call Trace:
[    0.061830]  [<c14a8a0e>] ? printk+0x1d/0x1f
[    0.061832]  [<c107b56f>] set_fail+0x4f/0x60
[    0.061833]  [<c107b8b3>] sysctl_check_table+0x333/0x620
[    0.061835]  [<c107b8cc>] sysctl_check_table+0x34c/0x620
[    0.061837]  [<c107b8cc>] sysctl_check_table+0x34c/0x620
[    0.061839]  [<c1746d48>] sysctl_init+0x25/0x29
[    0.061840]  [<c1003042>] do_one_initcall+0x32/0x1a0
[    0.061842]  [<c1746d23>] ? sysctl_init+0x0/0x29
[    0.061844]  [<c17308e7>] kernel_init+0x12d/0x17a
[    0.061845]  [<c17307ba>] ? kernel_init+0x0/0x17a
[    0.061847]  [<c1009b07>] kernel_thread_helper+0x7/0x10
[    0.061848] sysctl table check failed: /kernel/random/now_nonblocking .1.40.9 Unknown sysctl binary path
[    0.062079] Pid: 1, comm: swapper Not tainted 2.6.32.57 #4
[    0.062079] Call Trace:
[    0.062081]  [<c14a8a0e>] ? printk+0x1d/0x1f
[    0.062082]  [<c107b56f>] set_fail+0x4f/0x60
[    0.062084]  [<c107b8b3>] sysctl_check_table+0x333/0x620
[    0.062085]  [<c107b8cc>] sysctl_check_table+0x34c/0x620
[    0.062087]  [<c107b8cc>] sysctl_check_table+0x34c/0x620
[    0.062089]  [<c1746d48>] sysctl_init+0x25/0x29
[    0.062091]  [<c1003042>] do_one_initcall+0x32/0x1a0
[    0.062093]  [<c1746d23>] ? sysctl_init+0x0/0x29
[    0.062094]  [<c17308e7>] kernel_init+0x12d/0x17a
[    0.062096]  [<c17307ba>] ? kernel_init+0x0/0x17a
[    0.062097]  [<c1009b07>] kernel_thread_helper+0x7/0x10
[    0.062098] sysctl table check failed: /kernel/random/nb_input_bytes .1.40.10 Unknown sysctl binary path
[    0.062328] Pid: 1, comm: swapper Not tainted 2.6.32.57 #4
[    0.062329] Call Trace:
[    0.062330]  [<c14a8a0e>] ? printk+0x1d/0x1f
[    0.062332]  [<c107b56f>] set_fail+0x4f/0x60
[    0.062333]  [<c107b8b3>] sysctl_check_table+0x333/0x620
[    0.062335]  [<c107b8cc>] sysctl_check_table+0x34c/0x620
[    0.062336]  [<c107b8cc>] sysctl_check_table+0x34c/0x620
[    0.062339]  [<c1746d48>] sysctl_init+0x25/0x29
[    0.062340]  [<c1003042>] do_one_initcall+0x32/0x1a0
[    0.062342]  [<c1746d23>] ? sysctl_init+0x0/0x29
[    0.062344]  [<c17308e7>] kernel_init+0x12d/0x17a
[    0.062345]  [<c17307ba>] ? kernel_init+0x0/0x17a
[    0.062347]  [<c1009b07>] kernel_thread_helper+0x7/0x10
[    0.062348] sysctl table check failed: /kernel/random/nb_stir_count .1.40.11 Unknown sysctl binary path
[    0.062577] Pid: 1, comm: swapper Not tainted 2.6.32.57 #4
[    0.062578] Call Trace:
[    0.062579]  [<c14a8a0e>] ? printk+0x1d/0x1f
[    0.062581]  [<c107b56f>] set_fail+0x4f/0x60
[    0.062582]  [<c107b8b3>] sysctl_check_table+0x333/0x620
[    0.062584]  [<c107b8cc>] sysctl_check_table+0x34c/0x620
[    0.062585]  [<c107b8cc>] sysctl_check_table+0x34c/0x620
[    0.062588]  [<c1746d48>] sysctl_init+0x25/0x29
[    0.062589]  [<c1003042>] do_one_initcall+0x32/0x1a0
[    0.062591]  [<c1746d23>] ? sysctl_init+0x0/0x29
[    0.062593]  [<c17308e7>] kernel_init+0x12d/0x17a
[    0.062594]  [<c17307ba>] ? kernel_init+0x0/0x17a
[    0.062596]  [<c1009b07>] kernel_thread_helper+0x7/0x10
[    0.062597] sysctl table check failed: /kernel/random/nb_reentry_count .1.40.12 Unknown sysctl binary path
[    0.062858] Pid: 1, comm: swapper Not tainted 2.6.32.57 #4
[    0.062859] Call Trace:
[    0.062860]  [<c14a8a0e>] ? printk+0x1d/0x1f
[    0.062862]  [<c107b56f>] set_fail+0x4f/0x60
[    0.062863]  [<c107b8b3>] sysctl_check_table+0x333/0x620
[    0.062865]  [<c107b8cc>] sysctl_check_table+0x34c/0x620
[    0.062866]  [<c107b8cc>] sysctl_check_table+0x34c/0x620
[    0.062869]  [<c1746d48>] sysctl_init+0x25/0x29
[    0.062870]  [<c1003042>] do_one_initcall+0x32/0x1a0
[    0.062872]  [<c1746d23>] ? sysctl_init+0x0/0x29
[    0.062874]  [<c17308e7>] kernel_init+0x12d/0x17a
[    0.062875]  [<c17307ba>] ? kernel_init+0x0/0x17a
[    0.062877]  [<c1009b07>] kernel_thread_helper+0x7/0x10
[    0.062989] RANDOM - __seed init called.
[    0.062990] RANDOM - __seed init called.
[    0.062991] RANDOM - __seed init called.
[    0.062992] RANDOM - __random32 called. Change num 1.  Value: 865378fd	b53d80db	1f8ba37e
[    0.062993] RANDOM - __random32 called. Change num 2.  Value: 378fdd29	53d80db0	46fc7ad7
[    0.062995] RANDOM - __random32 called. Change num 3.  Value: fdd29985	3d80db0e	f5ae23f5
[    0.062996] RANDOM - __random32 called. Change num 4.  Value: 299855dc	d80db0e5	47eb1be7
[    0.062997] RANDOM - __random32 called. Change num 5.  Value: 855dc464	80db0e5c	37cf1678
[    0.062998] RANDOM - __random32 called. Change num 6.  Value: dc4647ba	db0e5c1	2cf136f4
[    0.063000] RANDOM - random32 init called.  Value: dc4647ba	db0e5c1	2cf136f4
[    0.063005] regulator: core version 0.5
[    0.063070] Time: 20:36:45  Date: 05/24/13
[    0.063104] NET: Registered protocol family 16
[    0.063166] EISA bus registered
[    0.063927] ACPI: bus type pci registered
[    0.064089] PCI: MCFG configuration 0: base e0000000 segment 0 buses 0 - 255
[    0.064091] PCI: MCFG area at e0000000 reserved in E820
[    0.064092] PCI: Using MMCONFIG for extended config space
[    0.064093] PCI: Using configuration type 1 for base access
[    0.064541] bio: create slab <bio-0> at 0
[    0.065836] ACPI: EC: Look up EC in DSDT
[    0.104726] ACPI: BIOS _OSI(Linux) query ignored
[    0.110676] ACPI: Interpreter enabled
[    0.110680] ACPI: (supports S0 S1 S4 S5)
[    0.110692] ACPI: Using PIC for interrupt routing
[    0.191741] ACPI: No dock devices found.
[    0.192622] ACPI: PCI Root Bridge [PCI0] (0000:00)
[    0.194301] pci 0000:00:07.1: reg 20 io port: [0x10c0-0x10cf]
[    0.194871] pci 0000:00:07.3: quirk: region 1000-103f claimed by PIIX4 ACPI
[    0.194883] pci 0000:00:07.3: quirk: region 1040-104f claimed by PIIX4 SMB
[    0.195452] pci 0000:00:07.7: reg 10 io port: [0x1080-0x10bf]
[    0.195913] pci 0000:00:07.7: reg 14 64bit mmio: [0xc8000000-0xc8001fff]
[    0.197165] pci 0000:00:0f.0: reg 10 io port: [0x10d0-0x10df]
[    0.197207] pci 0000:00:0f.0: reg 14 32bit mmio pref: [0xd0000000-0xd7ffffff]
[    0.197247] pci 0000:00:0f.0: reg 18 32bit mmio: [0xc8800000-0xc8ffffff]
[    0.197400] pci 0000:00:0f.0: reg 30 32bit mmio pref: [0x000000-0x007fff]
[    0.197960] pci 0000:00:10.0: reg 10 io port: [0x1400-0x14ff]
[    0.198323] pci 0000:00:10.0: reg 14 64bit mmio: [0xc8040000-0xc805ffff]
[    0.198703] pci 0000:00:10.0: reg 1c 64bit mmio: [0xc8020000-0xc803ffff]
[    0.198782] pci 0000:00:10.0: reg 30 32bit mmio pref: [0x000000-0x003fff]
[    0.200268] pci 0000:00:15.0: PME# supported from D0 D3hot D3cold
[    0.200296] pci 0000:00:15.0: PME# disabled
[    0.201234] pci 0000:00:15.1: PME# supported from D0 D3hot D3cold
[    0.201255] pci 0000:00:15.1: PME# disabled
[    0.202183] pci 0000:00:15.2: PME# supported from D0 D3hot D3cold
[    0.202204] pci 0000:00:15.2: PME# disabled
[    0.203142] pci 0000:00:15.3: PME# supported from D0 D3hot D3cold
[    0.203163] pci 0000:00:15.3: PME# disabled
[    0.204112] pci 0000:00:15.4: PME# supported from D0 D3hot D3cold
[    0.204133] pci 0000:00:15.4: PME# disabled
[    0.205061] pci 0000:00:15.5: PME# supported from D0 D3hot D3cold
[    0.205082] pci 0000:00:15.5: PME# disabled
[    0.206006] pci 0000:00:15.6: PME# supported from D0 D3hot D3cold
[    0.206027] pci 0000:00:15.6: PME# disabled
[    0.206948] pci 0000:00:15.7: PME# supported from D0 D3hot D3cold
[    0.206969] pci 0000:00:15.7: PME# disabled
[    0.207910] pci 0000:00:16.0: PME# supported from D0 D3hot D3cold
[    0.207931] pci 0000:00:16.0: PME# disabled
[    0.208860] pci 0000:00:16.1: PME# supported from D0 D3hot D3cold
[    0.208881] pci 0000:00:16.1: PME# disabled
[    0.209811] pci 0000:00:16.2: PME# supported from D0 D3hot D3cold
[    0.209832] pci 0000:00:16.2: PME# disabled
[    0.210756] pci 0000:00:16.3: PME# supported from D0 D3hot D3cold
[    0.210777] pci 0000:00:16.3: PME# disabled
[    0.211715] pci 0000:00:16.4: PME# supported from D0 D3hot D3cold
[    0.211737] pci 0000:00:16.4: PME# disabled
[    0.212656] pci 0000:00:16.5: PME# supported from D0 D3hot D3cold
[    0.212677] pci 0000:00:16.5: PME# disabled
[    0.213631] pci 0000:00:16.6: PME# supported from D0 D3hot D3cold
[    0.213653] pci 0000:00:16.6: PME# disabled
[    0.214552] pci 0000:00:16.7: PME# supported from D0 D3hot D3cold
[    0.214572] pci 0000:00:16.7: PME# disabled
[    0.215432] pci 0000:00:17.0: PME# supported from D0 D3hot D3cold
[    0.215452] pci 0000:00:17.0: PME# disabled
[    0.216333] pci 0000:00:17.1: PME# supported from D0 D3hot D3cold
[    0.216354] pci 0000:00:17.1: PME# disabled
[    0.217208] pci 0000:00:17.2: PME# supported from D0 D3hot D3cold
[    0.217229] pci 0000:00:17.2: PME# disabled
[    0.218104] pci 0000:00:17.3: PME# supported from D0 D3hot D3cold
[    0.218124] pci 0000:00:17.3: PME# disabled
[    0.218998] pci 0000:00:17.4: PME# supported from D0 D3hot D3cold
[    0.219018] pci 0000:00:17.4: PME# disabled
[    0.219891] pci 0000:00:17.5: PME# supported from D0 D3hot D3cold
[    0.219911] pci 0000:00:17.5: PME# disabled
[    0.220771] pci 0000:00:17.6: PME# supported from D0 D3hot D3cold
[    0.220792] pci 0000:00:17.6: PME# disabled
[    0.221657] pci 0000:00:17.7: PME# supported from D0 D3hot D3cold
[    0.221678] pci 0000:00:17.7: PME# disabled
[    0.222538] pci 0000:00:18.0: PME# supported from D0 D3hot D3cold
[    0.222558] pci 0000:00:18.0: PME# disabled
[    0.223415] pci 0000:00:18.1: PME# supported from D0 D3hot D3cold
[    0.223435] pci 0000:00:18.1: PME# disabled
[    0.224304] pci 0000:00:18.2: PME# supported from D0 D3hot D3cold
[    0.224324] pci 0000:00:18.2: PME# disabled
[    0.225193] pci 0000:00:18.3: PME# supported from D0 D3hot D3cold
[    0.225213] pci 0000:00:18.3: PME# disabled
[    0.226640] pci 0000:00:18.4: PME# supported from D0 D3hot D3cold
[    0.226662] pci 0000:00:18.4: PME# disabled
[    0.227532] pci 0000:00:18.5: PME# supported from D0 D3hot D3cold
[    0.227552] pci 0000:00:18.5: PME# disabled
[    0.228425] pci 0000:00:18.6: PME# supported from D0 D3hot D3cold
[    0.228446] pci 0000:00:18.6: PME# disabled
[    0.229303] pci 0000:00:18.7: PME# supported from D0 D3hot D3cold
[    0.229324] pci 0000:00:18.7: PME# disabled
[    0.230410] pci 0000:02:00.0: reg 20 io port: [0x20c0-0x20df]
[    0.230911] pci 0000:02:01.0: reg 10 io port: [0x2000-0x207f]
[    0.231129] pci 0000:02:01.0: reg 30 32bit mmio pref: [0x000000-0x00ffff]
[    0.231692] pci 0000:02:02.0: reg 10 io port: [0x2080-0x20bf]
[    0.232272] pci 0000:02:03.0: reg 10 32bit mmio: [0xc9000000-0xc9000fff]
[    0.232841] pci 0000:00:11.0: transparent bridge
[    0.232861] pci 0000:00:11.0: bridge io port: [0x2000-0x3fff]
[    0.232881] pci 0000:00:11.0: bridge 32bit mmio: [0xc9000000-0xca3fffff]
[    0.232919] pci 0000:00:11.0: bridge 64bit mmio pref: [0xd8400000-0xd89fffff]
[    0.233304] pci 0000:00:15.0: bridge io port: [0x4000-0x4fff]
[    0.233325] pci 0000:00:15.0: bridge 32bit mmio: [0xca400000-0xca4fffff]
[    0.233363] pci 0000:00:15.0: bridge 64bit mmio pref: [0xd8a00000-0xd8afffff]
[    0.233755] pci 0000:00:15.1: bridge io port: [0x8000-0x8fff]
[    0.233775] pci 0000:00:15.1: bridge 32bit mmio: [0xca800000-0xca8fffff]
[    0.233813] pci 0000:00:15.1: bridge 64bit mmio pref: [0xd8e00000-0xd8efffff]
[    0.234191] pci 0000:00:15.2: bridge io port: [0xc000-0xcfff]
[    0.234211] pci 0000:00:15.2: bridge 32bit mmio: [0xcac00000-0xcacfffff]
[    0.234250] pci 0000:00:15.2: bridge 64bit mmio pref: [0xd9200000-0xd92fffff]
[    0.234653] pci 0000:00:15.3: bridge 32bit mmio: [0xcb000000-0xcb0fffff]
[    0.234691] pci 0000:00:15.3: bridge 64bit mmio pref: [0xd9600000-0xd96fffff]
[    0.235087] pci 0000:00:15.4: bridge 32bit mmio: [0xcb400000-0xcb4fffff]
[    0.235125] pci 0000:00:15.4: bridge 64bit mmio pref: [0xd9a00000-0xd9afffff]
[    0.235521] pci 0000:00:15.5: bridge 32bit mmio: [0xcb800000-0xcb8fffff]
[    0.235559] pci 0000:00:15.5: bridge 64bit mmio pref: [0xd9e00000-0xd9efffff]
[    0.235965] pci 0000:00:15.6: bridge 32bit mmio: [0xcbc00000-0xcbcfffff]
[    0.236005] pci 0000:00:15.6: bridge 64bit mmio pref: [0xda200000-0xda2fffff]
[    0.236402] pci 0000:00:15.7: bridge 32bit mmio: [0xcc000000-0xcc0fffff]
[    0.236441] pci 0000:00:15.7: bridge 64bit mmio pref: [0xda600000-0xda6fffff]
[    0.236823] pci 0000:00:16.0: bridge io port: [0x5000-0x5fff]
[    0.236843] pci 0000:00:16.0: bridge 32bit mmio: [0xca500000-0xca5fffff]
[    0.236882] pci 0000:00:16.0: bridge 64bit mmio pref: [0xd8b00000-0xd8bfffff]
[    0.237258] pci 0000:00:16.1: bridge io port: [0x9000-0x9fff]
[    0.237279] pci 0000:00:16.1: bridge 32bit mmio: [0xca900000-0xca9fffff]
[    0.237317] pci 0000:00:16.1: bridge 64bit mmio pref: [0xd8f00000-0xd8ffffff]
[    0.237702] pci 0000:00:16.2: bridge io port: [0xd000-0xdfff]
[    0.237722] pci 0000:00:16.2: bridge 32bit mmio: [0xcad00000-0xcadfffff]
[    0.237760] pci 0000:00:16.2: bridge 64bit mmio pref: [0xd9300000-0xd93fffff]
[    0.238157] pci 0000:00:16.3: bridge 32bit mmio: [0xcb100000-0xcb1fffff]
[    0.238195] pci 0000:00:16.3: bridge 64bit mmio pref: [0xd9700000-0xd97fffff]
[    0.238590] pci 0000:00:16.4: bridge 32bit mmio: [0xcb500000-0xcb5fffff]
[    0.238629] pci 0000:00:16.4: bridge 64bit mmio pref: [0xd9b00000-0xd9bfffff]
[    0.239029] pci 0000:00:16.5: bridge 32bit mmio: [0xcb900000-0xcb9fffff]
[    0.239067] pci 0000:00:16.5: bridge 64bit mmio pref: [0xd9f00000-0xd9ffffff]
[    0.239470] pci 0000:00:16.6: bridge 32bit mmio: [0xcbd00000-0xcbdfffff]
[    0.239508] pci 0000:00:16.6: bridge 64bit mmio pref: [0xda300000-0xda3fffff]
[    0.239912] pci 0000:00:16.7: bridge 32bit mmio: [0xcc100000-0xcc1fffff]
[    0.239951] pci 0000:00:16.7: bridge 64bit mmio pref: [0xda700000-0xda7fffff]
[    0.240328] pci 0000:00:17.0: bridge io port: [0x6000-0x6fff]
[    0.240349] pci 0000:00:17.0: bridge 32bit mmio: [0xca600000-0xca6fffff]
[    0.240387] pci 0000:00:17.0: bridge 64bit mmio pref: [0xd8c00000-0xd8cfffff]
[    0.240808] pci 0000:00:17.1: bridge io port: [0xa000-0xafff]
[    0.240830] pci 0000:00:17.1: bridge 32bit mmio: [0xcaa00000-0xcaafffff]
[    0.240870] pci 0000:00:17.1: bridge 64bit mmio pref: [0xd9000000-0xd90fffff]
[    0.241276] pci 0000:00:17.2: bridge io port: [0xe000-0xefff]
[    0.241298] pci 0000:00:17.2: bridge 32bit mmio: [0xcae00000-0xcaefffff]
[    0.241338] pci 0000:00:17.2: bridge 64bit mmio pref: [0xd9400000-0xd94fffff]
[    0.241779] pci 0000:00:17.3: bridge 32bit mmio: [0xcb200000-0xcb2fffff]
[    0.241819] pci 0000:00:17.3: bridge 64bit mmio pref: [0xd9800000-0xd98fffff]
[    0.242233] pci 0000:00:17.4: bridge 32bit mmio: [0xcb600000-0xcb6fffff]
[    0.242273] pci 0000:00:17.4: bridge 64bit mmio pref: [0xd9c00000-0xd9cfffff]
[    0.242706] pci 0000:00:17.5: bridge 32bit mmio: [0xcba00000-0xcbafffff]
[    0.242747] pci 0000:00:17.5: bridge 64bit mmio pref: [0xda000000-0xda0fffff]
[    0.243161] pci 0000:00:17.6: bridge 32bit mmio: [0xcbe00000-0xcbefffff]
[    0.243201] pci 0000:00:17.6: bridge 64bit mmio pref: [0xda400000-0xda4fffff]
[    0.243654] pci 0000:00:17.7: bridge 32bit mmio: [0xcc200000-0xcc2fffff]
[    0.243694] pci 0000:00:17.7: bridge 64bit mmio pref: [0xda800000-0xda8fffff]
[    0.244091] pci 0000:00:18.0: bridge io port: [0x7000-0x7fff]
[    0.244112] pci 0000:00:18.0: bridge 32bit mmio: [0xca700000-0xca7fffff]
[    0.244152] pci 0000:00:18.0: bridge 64bit mmio pref: [0xd8d00000-0xd8dfffff]
[    0.244569] pci 0000:00:18.1: bridge io port: [0xb000-0xbfff]
[    0.244590] pci 0000:00:18.1: bridge 32bit mmio: [0xcab00000-0xcabfffff]
[    0.244630] pci 0000:00:18.1: bridge 64bit mmio pref: [0xd9100000-0xd91fffff]
[    0.245025] pci 0000:00:18.2: bridge io port: [0xf000-0xffff]
[    0.245046] pci 0000:00:18.2: bridge 32bit mmio: [0xcaf00000-0xcaffffff]
[    0.245086] pci 0000:00:18.2: bridge 64bit mmio pref: [0xd9500000-0xd95fffff]
[    0.245525] pci 0000:00:18.3: bridge 32bit mmio: [0xcb300000-0xcb3fffff]
[    0.245568] pci 0000:00:18.3: bridge 64bit mmio pref: [0xd9900000-0xd99fffff]
[    0.245994] pci 0000:00:18.4: bridge 32bit mmio: [0xcb700000-0xcb7fffff]
[    0.246034] pci 0000:00:18.4: bridge 64bit mmio pref: [0xd9d00000-0xd9dfffff]
[    0.246449] pci 0000:00:18.5: bridge 32bit mmio: [0xcbb00000-0xcbbfffff]
[    0.246509] pci 0000:00:18.5: bridge 64bit mmio pref: [0xda100000-0xda1fffff]
[    0.246922] pci 0000:00:18.6: bridge 32bit mmio: [0xcbf00000-0xcbffffff]
[    0.246962] pci 0000:00:18.6: bridge 64bit mmio pref: [0xda500000-0xda5fffff]
[    0.247375] pci 0000:00:18.7: bridge 32bit mmio: [0xcc300000-0xcc3fffff]
[    0.247416] pci 0000:00:18.7: bridge 64bit mmio pref: [0xda900000-0xda9fffff]
[    0.249552] pci_bus 0000:00: on NUMA node 0
[    0.249559] ACPI: PCI Interrupt Routing Table [\_SB_.PCI0._PRT]
[    0.469515] ACPI: PCI Interrupt Link [LNKA] (IRQs 3 4 5 6 7 *9 10 11 14 15)
[    0.469664] ACPI: PCI Interrupt Link [LNKB] (IRQs 3 4 5 6 7 9 10 *11 14 15)
[    0.469809] ACPI: PCI Interrupt Link [LNKC] (IRQs 3 4 5 6 7 9 *10 11 14 15)
[    0.469953] ACPI: PCI Interrupt Link [LNKD] (IRQs 3 4 *5 6 7 9 10 11 14 15)
[    0.470083] vgaarb: device added: PCI:0000:00:0f.0,decodes=io+mem,owns=io+mem,locks=none
[    0.470092] vgaarb: loaded
[    0.470211] SCSI subsystem initialized
[    0.470254] libata version 3.00 loaded.
[    0.470292] usbcore: registered new interface driver usbfs
[    0.470303] usbcore: registered new interface driver hub
[    0.470318] usbcore: registered new device driver usb
[    0.470383] PCI: Using ACPI for IRQ routing
[    0.471420] NetLabel: Initializing
[    0.471421] NetLabel:  domain hash size = 128
[    0.471422] NetLabel:  protocols = UNLABELED CIPSOv4
[    0.471429] NetLabel:  unlabeled traffic allowed by default
[    0.471535] hpet0: at MMIO 0xfed00000, IRQs 2, 8, 0, 0, 0, 0, 0, 0, 0, 0, 0, 0, 0, 0, 0, 0
[    0.471541] hpet0: 16 comparators, 64-bit 14.318180 MHz counter
[    0.473606] Switching to clocksource tsc
[    0.480902] pnp: PnP ACPI init
[    0.480913] ACPI: bus type pnp registered
[    0.524219] pnp: PnP ACPI: found 14 devices
[    0.524222] ACPI: ACPI bus type pnp unregistered
[    0.524225] PnPBIOS: Disabled by ACPI PNP
[    0.524236] system 00:01: ioport range 0x1000-0x103f has been reserved
[    0.524238] system 00:01: ioport range 0x1040-0x104f has been reserved
[    0.524239] system 00:01: ioport range 0xcf0-0xcf1 has been reserved
[    0.524245] system 00:08: iomem range 0xfed00000-0xfed003ff has been reserved
[    0.524249] system 00:0d: ioport range 0x1060-0x107f has been reserved
[    0.524251] system 00:0d: iomem range 0xe0000000-0xefffffff has been reserved
[    0.524253] system 00:0d: iomem range 0xc8200000-0xc83fffff has been reserved
[    0.558973] pci 0000:00:15.3: BAR 13: can't allocate I/O resource [0x10000-0xffff]
[    0.558978] pci 0000:00:15.4: BAR 13: can't allocate I/O resource [0x10000-0xffff]
[    0.558981] pci 0000:00:15.5: BAR 13: can't allocate I/O resource [0x10000-0xffff]
[    0.558983] pci 0000:00:15.6: BAR 13: can't allocate I/O resource [0x10000-0xffff]
[    0.558986] pci 0000:00:15.7: BAR 13: can't allocate I/O resource [0x10000-0xffff]
[    0.558988] pci 0000:00:16.3: BAR 13: can't allocate I/O resource [0x10000-0xffff]
[    0.558991] pci 0000:00:16.4: BAR 13: can't allocate I/O resource [0x10000-0xffff]
[    0.558994] pci 0000:00:16.5: BAR 13: can't allocate I/O resource [0x10000-0xffff]
[    0.558996] pci 0000:00:16.6: BAR 13: can't allocate I/O resource [0x10000-0xffff]
[    0.558999] pci 0000:00:16.7: BAR 13: can't allocate I/O resource [0x10000-0xffff]
[    0.559002] pci 0000:00:17.3: BAR 13: can't allocate I/O resource [0x10000-0xffff]
[    0.559004] pci 0000:00:17.4: BAR 13: can't allocate I/O resource [0x10000-0xffff]
[    0.559007] pci 0000:00:17.5: BAR 13: can't allocate I/O resource [0x10000-0xffff]
[    0.559010] pci 0000:00:17.6: BAR 13: can't allocate I/O resource [0x10000-0xffff]
[    0.559012] pci 0000:00:17.7: BAR 13: can't allocate I/O resource [0x10000-0xffff]
[    0.559015] pci 0000:00:18.3: BAR 13: can't allocate I/O resource [0x10000-0xffff]
[    0.559017] pci 0000:00:18.4: BAR 13: can't allocate I/O resource [0x10000-0xffff]
[    0.559020] pci 0000:00:18.5: BAR 13: can't allocate I/O resource [0x10000-0xffff]
[    0.559023] pci 0000:00:18.6: BAR 13: can't allocate I/O resource [0x10000-0xffff]
[    0.559025] pci 0000:00:18.7: BAR 13: can't allocate I/O resource [0x10000-0xffff]
[    0.559028] pci 0000:00:01.0: PCI bridge, secondary bus 0000:01
[    0.559029] pci 0000:00:01.0:   IO window: disabled
[    0.559058] pci 0000:00:01.0:   MEM window: disabled
[    0.559077] pci 0000:00:01.0:   PREFETCH window: disabled
[    0.559114] pci 0000:00:11.0: PCI bridge, secondary bus 0000:02
[    0.559125] pci 0000:00:11.0:   IO window: 0x2000-0x3fff
[    0.559153] pci 0000:00:11.0:   MEM window: 0xc9000000-0xca3fffff
[    0.559172] pci 0000:00:11.0:   PREFETCH window: 0x000000d8400000-0x000000d89fffff
[    0.559209] pci 0000:00:15.0: PCI bridge, secondary bus 0000:03
[    0.559219] pci 0000:00:15.0:   IO window: 0x4000-0x4fff
[    0.559247] pci 0000:00:15.0:   MEM window: 0xca400000-0xca4fffff
[    0.559266] pci 0000:00:15.0:   PREFETCH window: 0x000000d8a00000-0x000000d8afffff
[    0.559347] pci 0000:00:15.1: PCI bridge, secondary bus 0000:04
[    0.559359] pci 0000:00:15.1:   IO window: 0x8000-0x8fff
[    0.559387] pci 0000:00:15.1:   MEM window: 0xca800000-0xca8fffff
[    0.559406] pci 0000:00:15.1:   PREFETCH window: 0x000000d8e00000-0x000000d8efffff
[    0.559456] pci 0000:00:15.2: PCI bridge, secondary bus 0000:05
[    0.559467] pci 0000:00:15.2:   IO window: 0xc000-0xcfff
[    0.559495] pci 0000:00:15.2:   MEM window: 0xcac00000-0xcacfffff
[    0.559515] pci 0000:00:15.2:   PREFETCH window: 0x000000d9200000-0x000000d92fffff
[    0.559563] pci 0000:00:15.3: PCI bridge, secondary bus 0000:06
[    0.559564] pci 0000:00:15.3:   IO window: disabled
[    0.559593] pci 0000:00:15.3:   MEM window: 0xcb000000-0xcb0fffff
[    0.559612] pci 0000:00:15.3:   PREFETCH window: 0x000000d9600000-0x000000d96fffff
[    0.559660] pci 0000:00:15.4: PCI bridge, secondary bus 0000:07
[    0.559661] pci 0000:00:15.4:   IO window: disabled
[    0.559690] pci 0000:00:15.4:   MEM window: 0xcb400000-0xcb4fffff
[    0.559709] pci 0000:00:15.4:   PREFETCH window: 0x000000d9a00000-0x000000d9afffff
[    0.559756] pci 0000:00:15.5: PCI bridge, secondary bus 0000:08
[    0.559758] pci 0000:00:15.5:   IO window: disabled
[    0.559786] pci 0000:00:15.5:   MEM window: 0xcb800000-0xcb8fffff
[    0.559805] pci 0000:00:15.5:   PREFETCH window: 0x000000d9e00000-0x000000d9efffff
[    0.559880] pci 0000:00:15.6: PCI bridge, secondary bus 0000:09
[    0.559881] pci 0000:00:15.6:   IO window: disabled
[    0.559910] pci 0000:00:15.6:   MEM window: 0xcbc00000-0xcbcfffff
[    0.559929] pci 0000:00:15.6:   PREFETCH window: 0x000000da200000-0x000000da2fffff
[    0.559977] pci 0000:00:15.7: PCI bridge, secondary bus 0000:0a
[    0.559978] pci 0000:00:15.7:   IO window: disabled
[    0.560007] pci 0000:00:15.7:   MEM window: 0xcc000000-0xcc0fffff
[    0.560026] pci 0000:00:15.7:   PREFETCH window: 0x000000da600000-0x000000da6fffff
[    0.560073] pci 0000:00:16.0: PCI bridge, secondary bus 0000:0b
[    0.560085] pci 0000:00:16.0:   IO window: 0x5000-0x5fff
[    0.560113] pci 0000:00:16.0:   MEM window: 0xca500000-0xca5fffff
[    0.560132] pci 0000:00:16.0:   PREFETCH window: 0x000000d8b00000-0x000000d8bfffff
[    0.560179] pci 0000:00:16.1: PCI bridge, secondary bus 0000:0c
[    0.560190] pci 0000:00:16.1:   IO window: 0x9000-0x9fff
[    0.560218] pci 0000:00:16.1:   MEM window: 0xca900000-0xca9fffff
[    0.560237] pci 0000:00:16.1:   PREFETCH window: 0x000000d8f00000-0x000000d8ffffff
[    0.560285] pci 0000:00:16.2: PCI bridge, secondary bus 0000:0d
[    0.560296] pci 0000:00:16.2:   IO window: 0xd000-0xdfff
[    0.560324] pci 0000:00:16.2:   MEM window: 0xcad00000-0xcadfffff
[    0.560343] pci 0000:00:16.2:   PREFETCH window: 0x000000d9300000-0x000000d93fffff
[    0.560391] pci 0000:00:16.3: PCI bridge, secondary bus 0000:0e
[    0.560392] pci 0000:00:16.3:   IO window: disabled
[    0.560420] pci 0000:00:16.3:   MEM window: 0xcb100000-0xcb1fffff
[    0.560440] pci 0000:00:16.3:   PREFETCH window: 0x000000d9700000-0x000000d97fffff
[    0.560487] pci 0000:00:16.4: PCI bridge, secondary bus 0000:0f
[    0.560489] pci 0000:00:16.4:   IO window: disabled
[    0.560517] pci 0000:00:16.4:   MEM window: 0xcb500000-0xcb5fffff
[    0.560536] pci 0000:00:16.4:   PREFETCH window: 0x000000d9b00000-0x000000d9bfffff
[    0.560583] pci 0000:00:16.5: PCI bridge, secondary bus 0000:10
[    0.560585] pci 0000:00:16.5:   IO window: disabled
[    0.560613] pci 0000:00:16.5:   MEM window: 0xcb900000-0xcb9fffff
[    0.560633] pci 0000:00:16.5:   PREFETCH window: 0x000000d9f00000-0x000000d9ffffff
[    0.560680] pci 0000:00:16.6: PCI bridge, secondary bus 0000:11
[    0.560681] pci 0000:00:16.6:   IO window: disabled
[    0.560710] pci 0000:00:16.6:   MEM window: 0xcbd00000-0xcbdfffff
[    0.560729] pci 0000:00:16.6:   PREFETCH window: 0x000000da300000-0x000000da3fffff
[    0.560776] pci 0000:00:16.7: PCI bridge, secondary bus 0000:12
[    0.560778] pci 0000:00:16.7:   IO window: disabled
[    0.560806] pci 0000:00:16.7:   MEM window: 0xcc100000-0xcc1fffff
[    0.560852] pci 0000:00:16.7:   PREFETCH window: 0x000000da700000-0x000000da7fffff
[    0.560913] pci 0000:00:17.0: PCI bridge, secondary bus 0000:13
[    0.560926] pci 0000:00:17.0:   IO window: 0x6000-0x6fff
[    0.560956] pci 0000:00:17.0:   MEM window: 0xca600000-0xca6fffff
[    0.560977] pci 0000:00:17.0:   PREFETCH window: 0x000000d8c00000-0x000000d8cfffff
[    0.561031] pci 0000:00:17.1: PCI bridge, secondary bus 0000:14
[    0.561043] pci 0000:00:17.1:   IO window: 0xa000-0xafff
[    0.561081] pci 0000:00:17.1:   MEM window: 0xcaa00000-0xcaafffff
[    0.561111] pci 0000:00:17.1:   PREFETCH window: 0x000000d9000000-0x000000d90fffff
[    0.561179] pci 0000:00:17.2: PCI bridge, secondary bus 0000:15
[    0.561191] pci 0000:00:17.2:   IO window: 0xe000-0xefff
[    0.561230] pci 0000:00:17.2:   MEM window: 0xcae00000-0xcaefffff
[    0.561250] pci 0000:00:17.2:   PREFETCH window: 0x000000d9400000-0x000000d94fffff
[    0.561309] pci 0000:00:17.3: PCI bridge, secondary bus 0000:16
[    0.561310] pci 0000:00:17.3:   IO window: disabled
[    0.561350] pci 0000:00:17.3:   MEM window: 0xcb200000-0xcb2fffff
[    0.561371] pci 0000:00:17.3:   PREFETCH window: 0x000000d9800000-0x000000d98fffff
[    0.561431] pci 0000:00:17.4: PCI bridge, secondary bus 0000:17
[    0.561432] pci 0000:00:17.4:   IO window: disabled
[    0.561465] pci 0000:00:17.4:   MEM window: 0xcb600000-0xcb6fffff
[    0.561485] pci 0000:00:17.4:   PREFETCH window: 0x000000d9c00000-0x000000d9cfffff
[    0.561549] pci 0000:00:17.5: PCI bridge, secondary bus 0000:18
[    0.561551] pci 0000:00:17.5:   IO window: disabled
[    0.561581] pci 0000:00:17.5:   MEM window: 0xcba00000-0xcbafffff
[    0.561602] pci 0000:00:17.5:   PREFETCH window: 0x000000da000000-0x000000da0fffff
[    0.561654] pci 0000:00:17.6: PCI bridge, secondary bus 0000:19
[    0.561655] pci 0000:00:17.6:   IO window: disabled
[    0.561686] pci 0000:00:17.6:   MEM window: 0xcbe00000-0xcbefffff
[    0.561706] pci 0000:00:17.6:   PREFETCH window: 0x000000da400000-0x000000da4fffff
[    0.561757] pci 0000:00:17.7: PCI bridge, secondary bus 0000:1a
[    0.561759] pci 0000:00:17.7:   IO window: disabled
[    0.561790] pci 0000:00:17.7:   MEM window: 0xcc200000-0xcc2fffff
[    0.561818] pci 0000:00:17.7:   PREFETCH window: 0x000000da800000-0x000000da8fffff
[    0.561874] pci 0000:00:18.0: PCI bridge, secondary bus 0000:1b
[    0.561889] pci 0000:00:18.0:   IO window: 0x7000-0x7fff
[    0.561919] pci 0000:00:18.0:   MEM window: 0xca700000-0xca7fffff
[    0.561940] pci 0000:00:18.0:   PREFETCH window: 0x000000d8d00000-0x000000d8dfffff
[    0.561991] pci 0000:00:18.1: PCI bridge, secondary bus 0000:1c
[    0.562004] pci 0000:00:18.1:   IO window: 0xb000-0xbfff
[    0.562034] pci 0000:00:18.1:   MEM window: 0xcab00000-0xcabfffff
[    0.562062] pci 0000:00:18.1:   PREFETCH window: 0x000000d9100000-0x000000d91fffff
[    0.562115] pci 0000:00:18.2: PCI bridge, secondary bus 0000:1d
[    0.562126] pci 0000:00:18.2:   IO window: 0xf000-0xffff
[    0.562154] pci 0000:00:18.2:   MEM window: 0xcaf00000-0xcaffffff
[    0.562174] pci 0000:00:18.2:   PREFETCH window: 0x000000d9500000-0x000000d95fffff
[    0.562222] pci 0000:00:18.3: PCI bridge, secondary bus 0000:1e
[    0.562223] pci 0000:00:18.3:   IO window: disabled
[    0.562252] pci 0000:00:18.3:   MEM window: 0xcb300000-0xcb3fffff
[    0.562271] pci 0000:00:18.3:   PREFETCH window: 0x000000d9900000-0x000000d99fffff
[    0.562318] pci 0000:00:18.4: PCI bridge, secondary bus 0000:1f
[    0.562320] pci 0000:00:18.4:   IO window: disabled
[    0.562349] pci 0000:00:18.4:   MEM window: 0xcb700000-0xcb7fffff
[    0.562368] pci 0000:00:18.4:   PREFETCH window: 0x000000d9d00000-0x000000d9dfffff
[    0.562415] pci 0000:00:18.5: PCI bridge, secondary bus 0000:20
[    0.562417] pci 0000:00:18.5:   IO window: disabled
[    0.562446] pci 0000:00:18.5:   MEM window: 0xcbb00000-0xcbbfffff
[    0.562465] pci 0000:00:18.5:   PREFETCH window: 0x000000da100000-0x000000da1fffff
[    0.562512] pci 0000:00:18.6: PCI bridge, secondary bus 0000:21
[    0.562514] pci 0000:00:18.6:   IO window: disabled
[    0.562542] pci 0000:00:18.6:   MEM window: 0xcbf00000-0xcbffffff
[    0.562561] pci 0000:00:18.6:   PREFETCH window: 0x000000da500000-0x000000da5fffff
[    0.562609] pci 0000:00:18.7: PCI bridge, secondary bus 0000:22
[    0.562610] pci 0000:00:18.7:   IO window: disabled
[    0.562639] pci 0000:00:18.7:   MEM window: 0xcc300000-0xcc3fffff
[    0.562658] pci 0000:00:18.7:   PREFETCH window: 0x000000da900000-0x000000da9fffff
[    0.562737] pci 0000:00:01.0: setting latency timer to 64
[    0.562846] pci 0000:00:15.0: setting latency timer to 64
[    0.562918] pci 0000:00:15.1: setting latency timer to 64
[    0.562980] pci 0000:00:15.2: setting latency timer to 64
[    0.563042] pci 0000:00:15.3: setting latency timer to 64
[    0.563105] pci 0000:00:15.4: setting latency timer to 64
[    0.563167] pci 0000:00:15.5: setting latency timer to 64
[    0.563229] pci 0000:00:15.6: setting latency timer to 64
[    0.563292] pci 0000:00:15.7: setting latency timer to 64
[    0.563354] pci 0000:00:16.0: setting latency timer to 64
[    0.563416] pci 0000:00:16.1: setting latency timer to 64
[    0.563479] pci 0000:00:16.2: setting latency timer to 64
[    0.563541] pci 0000:00:16.3: setting latency timer to 64
[    0.563603] pci 0000:00:16.4: setting latency timer to 64
[    0.563665] pci 0000:00:16.5: setting latency timer to 64
[    0.563727] pci 0000:00:16.6: setting latency timer to 64
[    0.563790] pci 0000:00:16.7: setting latency timer to 64
[    0.563889] pci 0000:00:17.0: setting latency timer to 64
[    0.563952] pci 0000:00:17.1: setting latency timer to 64
[    0.564014] pci 0000:00:17.2: setting latency timer to 64
[    0.564077] pci 0000:00:17.3: setting latency timer to 64
[    0.564139] pci 0000:00:17.4: setting latency timer to 64
[    0.564202] pci 0000:00:17.5: setting latency timer to 64
[    0.564264] pci 0000:00:17.6: setting latency timer to 64
[    0.564326] pci 0000:00:17.7: setting latency timer to 64
[    0.564388] pci 0000:00:18.0: setting latency timer to 64
[    0.564451] pci 0000:00:18.1: setting latency timer to 64
[    0.564513] pci 0000:00:18.2: setting latency timer to 64
[    0.564575] pci 0000:00:18.3: setting latency timer to 64
[    0.564638] pci 0000:00:18.4: setting latency timer to 64
[    0.564700] pci 0000:00:18.5: setting latency timer to 64
[    0.564762] pci 0000:00:18.6: setting latency timer to 64
[    0.564842] pci 0000:00:18.7: setting latency timer to 64
[    0.564863] pci_bus 0000:00: resource 0 io:  [0x00-0xffff]
[    0.564865] pci_bus 0000:00: resource 1 mem: [0x000000-0xffffffffffffffff]
[    0.564867] pci_bus 0000:02: resource 0 io:  [0x2000-0x3fff]
[    0.564869] pci_bus 0000:02: resource 1 mem: [0xc9000000-0xca3fffff]
[    0.564871] pci_bus 0000:02: resource 2 pref mem [0xd8400000-0xd89fffff]
[    0.564873] pci_bus 0000:02: resource 3 io:  [0x00-0xffff]
[    0.564874] pci_bus 0000:02: resource 4 mem: [0x000000-0xffffffffffffffff]
[    0.564877] pci_bus 0000:03: resource 0 io:  [0x4000-0x4fff]
[    0.564878] pci_bus 0000:03: resource 1 mem: [0xca400000-0xca4fffff]
[    0.564880] pci_bus 0000:03: resource 2 pref mem [0xd8a00000-0xd8afffff]
[    0.564882] pci_bus 0000:04: resource 0 io:  [0x8000-0x8fff]
[    0.564884] pci_bus 0000:04: resource 1 mem: [0xca800000-0xca8fffff]
[    0.564886] pci_bus 0000:04: resource 2 pref mem [0xd8e00000-0xd8efffff]
[    0.564887] pci_bus 0000:05: resource 0 io:  [0xc000-0xcfff]
[    0.564889] pci_bus 0000:05: resource 1 mem: [0xcac00000-0xcacfffff]
[    0.564891] pci_bus 0000:05: resource 2 pref mem [0xd9200000-0xd92fffff]
[    0.564893] pci_bus 0000:06: resource 1 mem: [0xcb000000-0xcb0fffff]
[    0.564895] pci_bus 0000:06: resource 2 pref mem [0xd9600000-0xd96fffff]
[    0.564897] pci_bus 0000:07: resource 1 mem: [0xcb400000-0xcb4fffff]
[    0.564898] pci_bus 0000:07: resource 2 pref mem [0xd9a00000-0xd9afffff]
[    0.564900] pci_bus 0000:08: resource 1 mem: [0xcb800000-0xcb8fffff]
[    0.564902] pci_bus 0000:08: resource 2 pref mem [0xd9e00000-0xd9efffff]
[    0.564904] pci_bus 0000:09: resource 1 mem: [0xcbc00000-0xcbcfffff]
[    0.564906] pci_bus 0000:09: resource 2 pref mem [0xda200000-0xda2fffff]
[    0.564908] pci_bus 0000:0a: resource 1 mem: [0xcc000000-0xcc0fffff]
[    0.564909] pci_bus 0000:0a: resource 2 pref mem [0xda600000-0xda6fffff]
[    0.564911] pci_bus 0000:0b: resource 0 io:  [0x5000-0x5fff]
[    0.564913] pci_bus 0000:0b: resource 1 mem: [0xca500000-0xca5fffff]
[    0.564915] pci_bus 0000:0b: resource 2 pref mem [0xd8b00000-0xd8bfffff]
[    0.564916] pci_bus 0000:0c: resource 0 io:  [0x9000-0x9fff]
[    0.564918] pci_bus 0000:0c: resource 1 mem: [0xca900000-0xca9fffff]
[    0.564920] pci_bus 0000:0c: resource 2 pref mem [0xd8f00000-0xd8ffffff]
[    0.564922] pci_bus 0000:0d: resource 0 io:  [0xd000-0xdfff]
[    0.564924] pci_bus 0000:0d: resource 1 mem: [0xcad00000-0xcadfffff]
[    0.564925] pci_bus 0000:0d: resource 2 pref mem [0xd9300000-0xd93fffff]
[    0.564927] pci_bus 0000:0e: resource 1 mem: [0xcb100000-0xcb1fffff]
[    0.564929] pci_bus 0000:0e: resource 2 pref mem [0xd9700000-0xd97fffff]
[    0.564931] pci_bus 0000:0f: resource 1 mem: [0xcb500000-0xcb5fffff]
[    0.564933] pci_bus 0000:0f: resource 2 pref mem [0xd9b00000-0xd9bfffff]
[    0.564935] pci_bus 0000:10: resource 1 mem: [0xcb900000-0xcb9fffff]
[    0.564937] pci_bus 0000:10: resource 2 pref mem [0xd9f00000-0xd9ffffff]
[    0.564938] pci_bus 0000:11: resource 1 mem: [0xcbd00000-0xcbdfffff]
[    0.564940] pci_bus 0000:11: resource 2 pref mem [0xda300000-0xda3fffff]
[    0.564942] pci_bus 0000:12: resource 1 mem: [0xcc100000-0xcc1fffff]
[    0.564944] pci_bus 0000:12: resource 2 pref mem [0xda700000-0xda7fffff]
[    0.564946] pci_bus 0000:13: resource 0 io:  [0x6000-0x6fff]
[    0.564947] pci_bus 0000:13: resource 1 mem: [0xca600000-0xca6fffff]
[    0.564949] pci_bus 0000:13: resource 2 pref mem [0xd8c00000-0xd8cfffff]
[    0.564951] pci_bus 0000:14: resource 0 io:  [0xa000-0xafff]
[    0.564953] pci_bus 0000:14: resource 1 mem: [0xcaa00000-0xcaafffff]
[    0.564955] pci_bus 0000:14: resource 2 pref mem [0xd9000000-0xd90fffff]
[    0.564956] pci_bus 0000:15: resource 0 io:  [0xe000-0xefff]
[    0.564958] pci_bus 0000:15: resource 1 mem: [0xcae00000-0xcaefffff]
[    0.564960] pci_bus 0000:15: resource 2 pref mem [0xd9400000-0xd94fffff]
[    0.564962] pci_bus 0000:16: resource 1 mem: [0xcb200000-0xcb2fffff]
[    0.564964] pci_bus 0000:16: resource 2 pref mem [0xd9800000-0xd98fffff]
[    0.564965] pci_bus 0000:17: resource 1 mem: [0xcb600000-0xcb6fffff]
[    0.564967] pci_bus 0000:17: resource 2 pref mem [0xd9c00000-0xd9cfffff]
[    0.564969] pci_bus 0000:18: resource 1 mem: [0xcba00000-0xcbafffff]
[    0.564971] pci_bus 0000:18: resource 2 pref mem [0xda000000-0xda0fffff]
[    0.564973] pci_bus 0000:19: resource 1 mem: [0xcbe00000-0xcbefffff]
[    0.564975] pci_bus 0000:19: resource 2 pref mem [0xda400000-0xda4fffff]
[    0.564976] pci_bus 0000:1a: resource 1 mem: [0xcc200000-0xcc2fffff]
[    0.564978] pci_bus 0000:1a: resource 2 pref mem [0xda800000-0xda8fffff]
[    0.564980] pci_bus 0000:1b: resource 0 io:  [0x7000-0x7fff]
[    0.564982] pci_bus 0000:1b: resource 1 mem: [0xca700000-0xca7fffff]
[    0.564984] pci_bus 0000:1b: resource 2 pref mem [0xd8d00000-0xd8dfffff]
[    0.564985] pci_bus 0000:1c: resource 0 io:  [0xb000-0xbfff]
[    0.564987] pci_bus 0000:1c: resource 1 mem: [0xcab00000-0xcabfffff]
[    0.564989] pci_bus 0000:1c: resource 2 pref mem [0xd9100000-0xd91fffff]
[    0.564991] pci_bus 0000:1d: resource 0 io:  [0xf000-0xffff]
[    0.564992] pci_bus 0000:1d: resource 1 mem: [0xcaf00000-0xcaffffff]
[    0.564994] pci_bus 0000:1d: resource 2 pref mem [0xd9500000-0xd95fffff]
[    0.564996] pci_bus 0000:1e: resource 1 mem: [0xcb300000-0xcb3fffff]
[    0.564998] pci_bus 0000:1e: resource 2 pref mem [0xd9900000-0xd99fffff]
[    0.565000] pci_bus 0000:1f: resource 1 mem: [0xcb700000-0xcb7fffff]
[    0.565002] pci_bus 0000:1f: resource 2 pref mem [0xd9d00000-0xd9dfffff]
[    0.565004] pci_bus 0000:20: resource 1 mem: [0xcbb00000-0xcbbfffff]
[    0.565005] pci_bus 0000:20: resource 2 pref mem [0xda100000-0xda1fffff]
[    0.565007] pci_bus 0000:21: resource 1 mem: [0xcbf00000-0xcbffffff]
[    0.565009] pci_bus 0000:21: resource 2 pref mem [0xda500000-0xda5fffff]
[    0.565011] pci_bus 0000:22: resource 1 mem: [0xcc300000-0xcc3fffff]
[    0.565013] pci_bus 0000:22: resource 2 pref mem [0xda900000-0xda9fffff]
[    0.565038] NET: Registered protocol family 2
[    0.565055] RANDOM - __random32 called. Change num 7.  Value: 647ba296	db0e5c1d	6de96f10
[    0.565057] RANDOM - random32 called.  Value: 647ba296	db0e5c1d	6de96f10
[    0.565065] random 0000 0000 0000 00000000 00000000: rand_read_num 2 get_random_bytes(4): sig fffffe1a 00000000 00000000
[    0.565068] random 0000 0000 0000 00000000 00000000: extract_entropy(.. 4 ..)
[    0.565070] random 0000 0000 0000 00000000 00000000: going to reseed nonblocking with 64 bits (32 of 0 requested)
[    0.565072] random 0000 0000 0000 00000000 00000000: extract_entropy(.. 8 ..)
[    0.565075] random 0000 0000 0000 00000000 00000000: trying to extract 64 bits from input
[    0.565077] random 0000 0000 0000 00000000 00000000: debiting 0 entropy credits from input
[    0.565079] random 0000 0000 0000 00000000 00000000: extract_entropy account returned: 0 
[    0.565082] random 0000 0000 0000 00000000 00000000: urand_change_num 3 xfer_secondary_pool(4): pool_sig fffffe1a, data_sig 00000000, bytes_mixed 0 00000000 00000000
[    0.565084] random 0000 0000 0000 00000000 00000000: trying to extract 32 bits from nonblocking
[    0.565087] random 0000 0000 0000 00000000 00000000: debiting 32 entropy credits from nonblocking (unlimited)
[    0.565089] random 0000 0000 0000 00000000 00000000: extract_entropy account returned: 4 
[    0.565092] random 0000 0000 0000 00000000 00000000: urand_change_num 4 extract_buf: pool_sig fffffe1a, data_sig fffffed7, bytes_mixed 20 00000000 00000000
[    0.565122] IP route cache hash table entries: 32768 (order: 5, 131072 bytes)
[    0.565210] RANDOM - __random32 called. Change num 8.  Value: ba296205	b0e5c1db	de205442
[    0.565212] RANDOM - random32 called.  Value: ba296205	b0e5c1db	de205442
[    0.565268] RANDOM - __random32 called. Change num 9.  Value: 962052cd	e5c1db9	a885e45e
[    0.565269] RANDOM - random32 called.  Value: 962052cd	e5c1db9	a885e45e
[    0.565272] RANDOM - __random32 called. Change num 10.  Value: 52cd38f	e5c1db9b	c8bd9558
[    0.565274] RANDOM - random32 called.  Value: 52cd38f	e5c1db9b	c8bd9558
[    0.565295] RANDOM - __random32 called. Change num 11.  Value: cd38f3eb	5c1db9b9	2ab1aa27
[    0.565297] RANDOM - random32 called.  Value: cd38f3eb	5c1db9b9	2ab1aa27
[    0.565307] TCP established hash table entries: 131072 (order: 8, 1048576 bytes)
[    0.565331] TCP bind hash table entries: 65536 (order: 7, 524288 bytes)
[    0.565630] TCP: Hash tables configured (established 131072 bind 65536)
[    0.565633] TCP reno registered
[    0.565677] NET: Registered protocol family 1
[    0.565687] pci 0000:00:00.0: Limiting direct PCI/PCI transfers
[    0.565705] pci 0000:00:0f.0: Boot video device
[    0.565947] Trying to unpack rootfs image as initramfs...
[    1.651973] Freeing initrd memory: 83430k freed
[    1.655979] Simple Boot Flag at 0x36 set to 0x1
[    1.656025] cpufreq-nforce2: No nForce2 chipset.
[    1.656049] Scanning for low memory corruption every 60 seconds
[    1.656164] audit: initializing netlink socket (disabled)
[    1.656172] type=2000 audit(1369427806.640:1): initialized
[    1.660084] highmem bounce pool size: 64 pages
[    1.660087] HugeTLB registered 2 MB page size, pre-allocated 0 pages
[    1.660179] VFS: Disk quotas dquot_6.5.2
[    1.660208] Dquot-cache hash table entries: 1024 (order 0, 4096 bytes)
[    1.660286] fuse init (API version 7.13)
[    1.660329] msgmni has been set to 1729
[    1.660592] alg: No test for stdrng (krng)
[    1.660624] Block layer SCSI generic (bsg) driver version 0.4 loaded (major 253)
[    1.660627] io scheduler noop registered
[    1.660628] io scheduler anticipatory registered
[    1.660630] io scheduler deadline registered
[    1.660649] io scheduler cfq registered (default)
[    1.660694]   alloc irq_desc for 24 on node -1
[    1.660696]   alloc kstat_irqs on node -1
[    1.660741] pcieport 0000:00:15.0: irq 24 for MSI/MSI-X
[    1.660787] pcieport 0000:00:15.0: setting latency timer to 64
[    1.660832]   alloc irq_desc for 25 on node -1
[    1.660834]   alloc kstat_irqs on node -1
[    1.660879] pcieport 0000:00:15.1: irq 25 for MSI/MSI-X
[    1.660924] pcieport 0000:00:15.1: setting latency timer to 64
[    1.660970]   alloc irq_desc for 26 on node -1
[    1.660971]   alloc kstat_irqs on node -1
[    1.661017] pcieport 0000:00:15.2: irq 26 for MSI/MSI-X
[    1.661062] pcieport 0000:00:15.2: setting latency timer to 64
[    1.661107]   alloc irq_desc for 27 on node -1
[    1.661109]   alloc kstat_irqs on node -1
[    1.661154] pcieport 0000:00:15.3: irq 27 for MSI/MSI-X
[    1.661199] pcieport 0000:00:15.3: setting latency timer to 64
[    1.661245]   alloc irq_desc for 28 on node -1
[    1.661246]   alloc kstat_irqs on node -1
[    1.661292] pcieport 0000:00:15.4: irq 28 for MSI/MSI-X
[    1.661337] pcieport 0000:00:15.4: setting latency timer to 64
[    1.661382]   alloc irq_desc for 29 on node -1
[    1.661384]   alloc kstat_irqs on node -1
[    1.661429] pcieport 0000:00:15.5: irq 29 for MSI/MSI-X
[    1.661474] pcieport 0000:00:15.5: setting latency timer to 64
[    1.661520]   alloc irq_desc for 30 on node -1
[    1.661521]   alloc kstat_irqs on node -1
[    1.661567] pcieport 0000:00:15.6: irq 30 for MSI/MSI-X
[    1.661612] pcieport 0000:00:15.6: setting latency timer to 64
[    1.661657]   alloc irq_desc for 31 on node -1
[    1.661659]   alloc kstat_irqs on node -1
[    1.661704] pcieport 0000:00:15.7: irq 31 for MSI/MSI-X
[    1.661749] pcieport 0000:00:15.7: setting latency timer to 64
[    1.661795]   alloc irq_desc for 32 on node -1
[    1.661798]   alloc kstat_irqs on node -1
[    1.661843] pcieport 0000:00:16.0: irq 32 for MSI/MSI-X
[    1.661888] pcieport 0000:00:16.0: setting latency timer to 64
[    1.661934]   alloc irq_desc for 33 on node -1
[    1.661936]   alloc kstat_irqs on node -1
[    1.661981] pcieport 0000:00:16.1: irq 33 for MSI/MSI-X
[    1.662026] pcieport 0000:00:16.1: setting latency timer to 64
[    1.662072]   alloc irq_desc for 34 on node -1
[    1.662073]   alloc kstat_irqs on node -1
[    1.662119] pcieport 0000:00:16.2: irq 34 for MSI/MSI-X
[    1.662164] pcieport 0000:00:16.2: setting latency timer to 64
[    1.662209]   alloc irq_desc for 35 on node -1
[    1.662211]   alloc kstat_irqs on node -1
[    1.662256] pcieport 0000:00:16.3: irq 35 for MSI/MSI-X
[    1.662301] pcieport 0000:00:16.3: setting latency timer to 64
[    1.662347]   alloc irq_desc for 36 on node -1
[    1.662349]   alloc kstat_irqs on node -1
[    1.662394] pcieport 0000:00:16.4: irq 36 for MSI/MSI-X
[    1.662439] pcieport 0000:00:16.4: setting latency timer to 64
[    1.662484]   alloc irq_desc for 37 on node -1
[    1.662486]   alloc kstat_irqs on node -1
[    1.662531] pcieport 0000:00:16.5: irq 37 for MSI/MSI-X
[    1.662576] pcieport 0000:00:16.5: setting latency timer to 64
[    1.662622]   alloc irq_desc for 38 on node -1
[    1.662624]   alloc kstat_irqs on node -1
[    1.662669] pcieport 0000:00:16.6: irq 38 for MSI/MSI-X
[    1.662714] pcieport 0000:00:16.6: setting latency timer to 64
[    1.662760]   alloc irq_desc for 39 on node -1
[    1.662762]   alloc kstat_irqs on node -1
[    1.662807] pcieport 0000:00:16.7: irq 39 for MSI/MSI-X
[    1.662852] pcieport 0000:00:16.7: setting latency timer to 64
[    1.662897]   alloc irq_desc for 40 on node -1
[    1.662899]   alloc kstat_irqs on node -1
[    1.662944] pcieport 0000:00:17.0: irq 40 for MSI/MSI-X
[    1.662990] pcieport 0000:00:17.0: setting latency timer to 64
[    1.664016]   alloc irq_desc for 41 on node -1
[    1.664018]   alloc kstat_irqs on node -1
[    1.664063] pcieport 0000:00:17.1: irq 41 for MSI/MSI-X
[    1.664109] pcieport 0000:00:17.1: setting latency timer to 64
[    1.664154]   alloc irq_desc for 42 on node -1
[    1.664156]   alloc kstat_irqs on node -1
[    1.664201] pcieport 0000:00:17.2: irq 42 for MSI/MSI-X
[    1.664246] pcieport 0000:00:17.2: setting latency timer to 64
[    1.664291]   alloc irq_desc for 43 on node -1
[    1.664293]   alloc kstat_irqs on node -1
[    1.664339] pcieport 0000:00:17.3: irq 43 for MSI/MSI-X
[    1.664384] pcieport 0000:00:17.3: setting latency timer to 64
[    1.664429]   alloc irq_desc for 44 on node -1
[    1.664431]   alloc kstat_irqs on node -1
[    1.664476] pcieport 0000:00:17.4: irq 44 for MSI/MSI-X
[    1.664521] pcieport 0000:00:17.4: setting latency timer to 64
[    1.664567]   alloc irq_desc for 45 on node -1
[    1.664568]   alloc kstat_irqs on node -1
[    1.664614] pcieport 0000:00:17.5: irq 45 for MSI/MSI-X
[    1.664659] pcieport 0000:00:17.5: setting latency timer to 64
[    1.664704]   alloc irq_desc for 46 on node -1
[    1.664706]   alloc kstat_irqs on node -1
[    1.664751] pcieport 0000:00:17.6: irq 46 for MSI/MSI-X
[    1.664796] pcieport 0000:00:17.6: setting latency timer to 64
[    1.664842]   alloc irq_desc for 47 on node -1
[    1.664844]   alloc kstat_irqs on node -1
[    1.664889] pcieport 0000:00:17.7: irq 47 for MSI/MSI-X
[    1.664934] pcieport 0000:00:17.7: setting latency timer to 64
[    1.664979]   alloc irq_desc for 48 on node -1
[    1.664981]   alloc kstat_irqs on node -1
[    1.665026] pcieport 0000:00:18.0: irq 48 for MSI/MSI-X
[    1.665071] pcieport 0000:00:18.0: setting latency timer to 64
[    1.665117]   alloc irq_desc for 49 on node -1
[    1.665118]   alloc kstat_irqs on node -1
[    1.665164] pcieport 0000:00:18.1: irq 49 for MSI/MSI-X
[    1.665209] pcieport 0000:00:18.1: setting latency timer to 64
[    1.665254]   alloc irq_desc for 50 on node -1
[    1.665256]   alloc kstat_irqs on node -1
[    1.665301] pcieport 0000:00:18.2: irq 50 for MSI/MSI-X
[    1.665346] pcieport 0000:00:18.2: setting latency timer to 64
[    1.665392]   alloc irq_desc for 51 on node -1
[    1.665394]   alloc kstat_irqs on node -1
[    1.665439] pcieport 0000:00:18.3: irq 51 for MSI/MSI-X
[    1.665484] pcieport 0000:00:18.3: setting latency timer to 64
[    1.665529]   alloc irq_desc for 52 on node -1
[    1.665531]   alloc kstat_irqs on node -1
[    1.665576] pcieport 0000:00:18.4: irq 52 for MSI/MSI-X
[    1.665622] pcieport 0000:00:18.4: setting latency timer to 64
[    1.665667]   alloc irq_desc for 53 on node -1
[    1.665669]   alloc kstat_irqs on node -1
[    1.665714] pcieport 0000:00:18.5: irq 53 for MSI/MSI-X
[    1.665759] pcieport 0000:00:18.5: setting latency timer to 64
[    1.665804]   alloc irq_desc for 54 on node -1
[    1.665806]   alloc kstat_irqs on node -1
[    1.665851] pcieport 0000:00:18.6: irq 54 for MSI/MSI-X
[    1.665897] pcieport 0000:00:18.6: setting latency timer to 64
[    1.665942]   alloc irq_desc for 55 on node -1
[    1.665944]   alloc kstat_irqs on node -1
[    1.665989] pcieport 0000:00:18.7: irq 55 for MSI/MSI-X
[    1.666034] pcieport 0000:00:18.7: setting latency timer to 64
[    1.666079] pci_hotplug: PCI Hot Plug PCI Core version: 0.5
[    1.668019] pciehp 0000:00:15.0:pcie04: HPC vendor_id 15ad device_id 7a0 ss_vid 0 ss_did 0
[    1.668064] pciehp 0000:00:15.0:pcie04: service driver pciehp loaded
[    1.668109] pciehp 0000:00:15.1:pcie04: HPC vendor_id 15ad device_id 7a0 ss_vid 0 ss_did 0
[    1.668155] pciehp 0000:00:15.1:pcie04: service driver pciehp loaded
[    1.668200] pciehp 0000:00:15.2:pcie04: HPC vendor_id 15ad device_id 7a0 ss_vid 0 ss_did 0
[    1.668245] pciehp 0000:00:15.2:pcie04: service driver pciehp loaded
[    1.668290] pciehp 0000:00:15.3:pcie04: HPC vendor_id 15ad device_id 7a0 ss_vid 0 ss_did 0
[    1.668335] pciehp 0000:00:15.3:pcie04: service driver pciehp loaded
[    1.668381] pciehp 0000:00:15.4:pcie04: HPC vendor_id 15ad device_id 7a0 ss_vid 0 ss_did 0
[    1.668426] pciehp 0000:00:15.4:pcie04: service driver pciehp loaded
[    1.668471] pciehp 0000:00:15.5:pcie04: HPC vendor_id 15ad device_id 7a0 ss_vid 0 ss_did 0
[    1.668516] pciehp 0000:00:15.5:pcie04: service driver pciehp loaded
[    1.668562] pciehp 0000:00:15.6:pcie04: HPC vendor_id 15ad device_id 7a0 ss_vid 0 ss_did 0
[    1.668607] pciehp 0000:00:15.6:pcie04: service driver pciehp loaded
[    1.668652] pciehp 0000:00:15.7:pcie04: HPC vendor_id 15ad device_id 7a0 ss_vid 0 ss_did 0
[    1.668697] pciehp 0000:00:15.7:pcie04: service driver pciehp loaded
[    1.668742] pciehp 0000:00:16.0:pcie04: HPC vendor_id 15ad device_id 7a0 ss_vid 0 ss_did 0
[    1.668788] pciehp 0000:00:16.0:pcie04: service driver pciehp loaded
[    1.668833] pciehp 0000:00:16.1:pcie04: HPC vendor_id 15ad device_id 7a0 ss_vid 0 ss_did 0
[    1.668878] pciehp 0000:00:16.1:pcie04: service driver pciehp loaded
[    1.668923] pciehp 0000:00:16.2:pcie04: HPC vendor_id 15ad device_id 7a0 ss_vid 0 ss_did 0
[    1.668969] pciehp 0000:00:16.2:pcie04: service driver pciehp loaded
[    1.669014] pciehp 0000:00:16.3:pcie04: HPC vendor_id 15ad device_id 7a0 ss_vid 0 ss_did 0
[    1.669059] pciehp 0000:00:16.3:pcie04: service driver pciehp loaded
[    1.669104] pciehp 0000:00:16.4:pcie04: HPC vendor_id 15ad device_id 7a0 ss_vid 0 ss_did 0
[    1.669149] pciehp 0000:00:16.4:pcie04: service driver pciehp loaded
[    1.669195] pciehp 0000:00:16.5:pcie04: HPC vendor_id 15ad device_id 7a0 ss_vid 0 ss_did 0
[    1.669240] pciehp 0000:00:16.5:pcie04: service driver pciehp loaded
[    1.669285] pciehp 0000:00:16.6:pcie04: HPC vendor_id 15ad device_id 7a0 ss_vid 0 ss_did 0
[    1.669330] pciehp 0000:00:16.6:pcie04: service driver pciehp loaded
[    1.669376] pciehp 0000:00:16.7:pcie04: HPC vendor_id 15ad device_id 7a0 ss_vid 0 ss_did 0
[    1.669421] pciehp 0000:00:16.7:pcie04: service driver pciehp loaded
[    1.669466] pciehp 0000:00:17.0:pcie04: HPC vendor_id 15ad device_id 7a0 ss_vid 0 ss_did 0
[    1.669511] pciehp 0000:00:17.0:pcie04: service driver pciehp loaded
[    1.669556] pciehp 0000:00:17.1:pcie04: HPC vendor_id 15ad device_id 7a0 ss_vid 0 ss_did 0
[    1.669602] pciehp 0000:00:17.1:pcie04: service driver pciehp loaded
[    1.669647] pciehp 0000:00:17.2:pcie04: HPC vendor_id 15ad device_id 7a0 ss_vid 0 ss_did 0
[    1.669692] pciehp 0000:00:17.2:pcie04: service driver pciehp loaded
[    1.669737] pciehp 0000:00:17.3:pcie04: HPC vendor_id 15ad device_id 7a0 ss_vid 0 ss_did 0
[    1.669783] pciehp 0000:00:17.3:pcie04: service driver pciehp loaded
[    1.669828] pciehp 0000:00:17.4:pcie04: HPC vendor_id 15ad device_id 7a0 ss_vid 0 ss_did 0
[    1.669873] pciehp 0000:00:17.4:pcie04: service driver pciehp loaded
[    1.669918] pciehp 0000:00:17.5:pcie04: HPC vendor_id 15ad device_id 7a0 ss_vid 0 ss_did 0
[    1.669963] pciehp 0000:00:17.5:pcie04: service driver pciehp loaded
[    1.670009] pciehp 0000:00:17.6:pcie04: HPC vendor_id 15ad device_id 7a0 ss_vid 0 ss_did 0
[    1.670054] pciehp 0000:00:17.6:pcie04: service driver pciehp loaded
[    1.670099] pciehp 0000:00:17.7:pcie04: HPC vendor_id 15ad device_id 7a0 ss_vid 0 ss_did 0
[    1.670144] pciehp 0000:00:17.7:pcie04: service driver pciehp loaded
[    1.670190] pciehp 0000:00:18.0:pcie04: HPC vendor_id 15ad device_id 7a0 ss_vid 0 ss_did 0
[    1.670235] pciehp 0000:00:18.0:pcie04: service driver pciehp loaded
[    1.670280] pciehp 0000:00:18.1:pcie04: HPC vendor_id 15ad device_id 7a0 ss_vid 0 ss_did 0
[    1.670325] pciehp 0000:00:18.1:pcie04: service driver pciehp loaded
[    1.670371] pciehp 0000:00:18.2:pcie04: HPC vendor_id 15ad device_id 7a0 ss_vid 0 ss_did 0
[    1.670416] pciehp 0000:00:18.2:pcie04: service driver pciehp loaded
[    1.670461] pciehp 0000:00:18.3:pcie04: HPC vendor_id 15ad device_id 7a0 ss_vid 0 ss_did 0
[    1.670506] pciehp 0000:00:18.3:pcie04: service driver pciehp loaded
[    1.670551] pciehp 0000:00:18.4:pcie04: HPC vendor_id 15ad device_id 7a0 ss_vid 0 ss_did 0
[    1.670597] pciehp 0000:00:18.4:pcie04: service driver pciehp loaded
[    1.670642] pciehp 0000:00:18.5:pcie04: HPC vendor_id 15ad device_id 7a0 ss_vid 0 ss_did 0
[    1.670687] pciehp 0000:00:18.5:pcie04: service driver pciehp loaded
[    1.670732] pciehp 0000:00:18.6:pcie04: HPC vendor_id 15ad device_id 7a0 ss_vid 0 ss_did 0
[    1.670778] pciehp 0000:00:18.6:pcie04: service driver pciehp loaded
[    1.670823] pciehp 0000:00:18.7:pcie04: HPC vendor_id 15ad device_id 7a0 ss_vid 0 ss_did 0
[    1.670868] pciehp 0000:00:18.7:pcie04: service driver pciehp loaded
[    1.670875] pciehp: PCI Express Hot Plug Controller Driver version: 0.4
[    1.670924] ACPI: AC Adapter [ACAD] (on-line)
[    1.670976] input: Power Button as /devices/LNXSYSTM:00/LNXPWRBN:00/input/input0
[    1.670979] ACPI: Power Button [PWRF]
[    1.671024] processor LNXCPU:00: registered as cooling_device0
[    1.711943] isapnp: Scanning for PnP cards...
[    2.065864] isapnp: No Plug & Play device found
[    2.065893] random 0000 0000 0000 5f8db4e5 4cfdf2a8: initializing
[    2.066019] Linux agpgart interface v0.103
[    2.066058] agpgart-intel 0000:00:00.0: Intel 440BX Chipset
[    2.066110] agpgart-intel 0000:00:00.0: AGP aperture is 256M @ 0x0
[    2.066141] Serial: 8250/16550 driver, 32 ports, IRQ sharing enabled
[    2.066193] serial8250: ttyS0 at I/O 0x3f8 (irq = 4) is a 16550A
[    2.066245] serial8250: ttyS1 at I/O 0x2f8 (irq = 3) is a 16550A
[    2.066297] 00:0a: ttyS0 at I/O 0x3f8 (irq = 4) is a 16550A
[    2.066350] 00:0b: ttyS1 at I/O 0x2f8 (irq = 3) is a 16550A
[    2.066402] brd: module loaded
[    2.066454] loop: module loaded
[    2.066506] ata_piix 0000:00:07.1: version 2.13
[    2.066587] scsi0 : ata_piix
[    2.066633] scsi1 : ata_piix
[    2.066653] ata1: PATA max UDMA/33 cmd 0x1f0 ctl 0x3f6 bmdma 0x10c0 irq 14
[    2.066655] ata2: PATA max UDMA/33 cmd 0x170 ctl 0x376 bmdma 0x10c8 irq 15
[    2.066702] PPP generic driver version 2.4.2
[    2.066721] tun: Universal TUN/TAP device driver, 1.6
[    2.066722] tun: (C) 1999-2004 Max Krasnyansky <maxk@qualcomm.com>
[    2.066775] ehci_hcd: USB 2.0 'Enhanced' Host Controller (EHCI) Driver
[    2.066827] ACPI: PCI Interrupt Link [LNKB] enabled at IRQ 11
[    2.066830] PCI: setting IRQ 11 as level-triggered
[    2.066852] ehci_hcd 0000:02:03.0: PCI INT A -> Link[LNKB] -> GSI 11 (level, low) -> IRQ 11
[    2.066889] ehci_hcd 0000:02:03.0: EHCI Host Controller
[    2.066910] ehci_hcd 0000:02:03.0: new USB bus registered, assigned bus number 1
[    2.066963] ehci_hcd 0000:02:03.0: cache line size of 32 is not supported
[    2.066969] ehci_hcd 0000:02:03.0: irq 11, io mem 0xc9000000
[    2.067282] random 0000 0000 0000 00000000 00000000: rand_read_num 3 get_random_bytes(8): sig 00000000 00000000 00000000
[    2.067284] random 0000 0000 0000 00000000 00000000: extract_entropy(.. 8 ..)
[    2.067287] random 0000 0000 0000 00000000 00000000: going to reseed nonblocking with 64 bits (64 of 0 requested)
[    2.067289] random 0000 0000 0000 00000000 00000000: extract_entropy(.. 8 ..)
[    2.067291] random 0000 0000 0000 00000000 00000000: trying to extract 64 bits from input
[    2.067293] random 0000 0000 0000 00000000 00000000: debiting 0 entropy credits from input
[    2.067295] random 0000 0000 0000 00000000 00000000: extract_entropy account returned: 0 
[    2.067296] random 0000 0000 0000 00000000 00000000: urand_change_num 5 xfer_secondary_pool(8): pool_sig 00000000, data_sig 00000000, bytes_mixed 0 00000000 00000000
[    2.067296] random 0000 0000 0000 00000000 00000000: trying to extract 64 bits from nonblocking
[    2.067296] random 0000 0000 0000 00000000 00000000: debiting 64 entropy credits from nonblocking (unlimited)
[    2.067296] random 0000 0000 0000 00000000 00000000: extract_entropy account returned: 8 
[    2.067296] random 0000 0000 0000 00000000 00000000: urand_change_num 6 extract_buf: pool_sig 00000000, data_sig fffffff9, bytes_mixed 20 00000000 00000000
[    2.075388] ehci_hcd 0000:02:03.0: USB 2.0 started, EHCI 1.00
[    2.075440] usb usb1: configuration #1 chosen from 1 choice
[    2.075458] hub 1-0:1.0: USB hub found
[    2.075463] hub 1-0:1.0: 6 ports detected
[    2.075515] ohci_hcd: USB 1.1 'Open' Host Controller (OHCI) Driver
[    2.075526] uhci_hcd: USB Universal Host Controller Interface driver
[    2.075578] ACPI: PCI Interrupt Link [LNKC] enabled at IRQ 10
[    2.075581] PCI: setting IRQ 10 as level-triggered
[    2.075585] uhci_hcd 0000:02:00.0: PCI INT A -> Link[LNKC] -> GSI 10 (level, low) -> IRQ 10
[    2.075620] uhci_hcd 0000:02:00.0: UHCI Host Controller
[    2.075647] uhci_hcd 0000:02:00.0: new USB bus registered, assigned bus number 2
[    2.075757] uhci_hcd 0000:02:00.0: irq 10, io base 0x000020c0
[    2.075809] usb usb2: configuration #1 chosen from 1 choice
[    2.075850] hub 2-0:1.0: USB hub found
[    2.075857] hub 2-0:1.0: 2 ports detected
[    2.075909] usbcore: registered new interface driver libusual
[    2.075935] PNP: PS/2 Controller [PNP0303:KBC,PNP0f13:MOUS] at 0x60,0x64 irq 1,12
[    2.076268] serio: i8042 KBD port at 0x60,0x64 irq 1
[    2.076276] serio: i8042 AUX port at 0x60,0x64 irq 12
[    2.076328] mice: PS/2 mouse device common for all mice
[    2.076381] rtc_cmos 00:04: rtc core: registered rtc_cmos as rtc0
[    2.076430] rtc0: alarms up to one month, y3k, 114 bytes nvram, hpet irqs
[    2.076483] device-mapper: uevent: version 1.0.3
[    2.076602] device-mapper: ioctl: 4.15.0-ioctl (2009-04-01) initialised: dm-devel@redhat.com
[    2.076619] EISA: Probing bus 0 at eisa.0
[    2.076648] Cannot allocate resource for EISA slot 1
[    2.076650] Cannot allocate resource for EISA slot 2
[    2.076651] Cannot allocate resource for EISA slot 3
[    2.076653] Cannot allocate resource for EISA slot 4
[    2.076655] Cannot allocate resource for EISA slot 5
[    2.076657] Cannot allocate resource for EISA slot 6
[    2.076658] Cannot allocate resource for EISA slot 7
[    2.076660] Cannot allocate resource for EISA slot 8
[    2.076662] EISA: Detected 0 cards.
[    2.076707] cpuidle: using governor ladder
[    2.076709] cpuidle: using governor menu
[    2.076761] random 0000 0000 0000 00000000 00000000: rand_read_num 4 get_random_bytes(136): sig 0000021d 00000000 00000000
[    2.076764] random 0000 0000 0000 00000000 00000000: extract_entropy(.. 136 ..)
[    2.076766] random 0000 0000 0000 00000000 00000000: going to reseed nonblocking with 1024 bits (1088 of 0 requested)
[    2.076768] random 0000 0000 0000 00000000 00000000: extract_entropy(.. 128 ..)
[    2.076770] random 0000 0000 0000 00000000 00000000: trying to extract 1024 bits from input
[    2.076773] random 0000 0000 0000 00000000 00000000: debiting 0 entropy credits from input
[    2.076774] random 0000 0000 0000 00000000 00000000: extract_entropy account returned: 0 
[    2.076777] random 0000 0000 0000 00000000 00000000: urand_change_num 7 xfer_secondary_pool(136): pool_sig 0000021d, data_sig 00000000, bytes_mixed 0 00000000 00000000
[    2.076780] random 0000 0000 0000 00000000 00000000: trying to extract 1088 bits from nonblocking
[    2.076782] random 0000 0000 0000 00000000 00000000: debiting 1088 entropy credits from nonblocking (unlimited)
[    2.076784] random 0000 0000 0000 00000000 00000000: extract_entropy account returned: 136 
[    2.076788] random 0000 0000 0000 00000000 00000000: urand_change_num 8 extract_buf: pool_sig 0000021d, data_sig fffffff7, bytes_mixed 20 00000000 00000000
[    2.076792] random 0000 0000 0000 f961ee50 ba9cb1aa: urand_change_num 9 extract_buf: pool_sig 00000230, data_sig fffffeb4, bytes_mixed 20 f961ee50 ba9cb1aa
[    2.076796] random 0000 0000 0000 9748bdd6 56fb8af6: urand_change_num 10 extract_buf: pool_sig 00000373, data_sig 000000cf, bytes_mixed 20 9748bdd6 56fb8af6
[    2.076800] random 0000 0000 0000 9748bdd6 56fb8af6: urand_change_num 11 extract_buf: pool_sig fffffe49, data_sig 0000023f, bytes_mixed 20 9748bdd6 56fb8af6
[    2.076805] random 0000 0000 0000 a135be86 4777650e: urand_change_num 12 extract_buf: pool_sig fffffcce, data_sig 000000c6, bytes_mixed 20 a135be86 4777650e
[    2.076809] random 0000 0000 0000 4a6ea85d 170e00dd: urand_change_num 13 extract_buf: pool_sig ffffff97, data_sig ffffff7d, bytes_mixed 20 4a6ea85d 170e00dd
[    2.076813] random 0000 0000 0000 4a6ea85d 170e00dd: urand_change_num 14 extract_buf: pool_sig 00000160, data_sig fffffeea, bytes_mixed 20 4a6ea85d 170e00dd
[    2.076817] random 0000 0000 0000 6e87c3cb da668c73: urand_change_num 15 extract_buf: pool_sig 0000034f, data_sig ffffff54, bytes_mixed 20 6e87c3cb da668c73
[    2.076821] random 0000 0000 0000 6e87c3cb da668c73: urand_change_num 16 extract_buf: pool_sig fffffdc5, data_sig 00000205, bytes_mixed 20 6e87c3cb da668c73
[    2.076825] random 0000 0000 0000 39f531e6 461eb249: urand_change_num 17 extract_buf: pool_sig fffffc1d, data_sig ffffff5e, bytes_mixed 20 39f531e6 461eb249
[    2.076829] random 0000 0000 0000 7e1538a2 3e661182: urand_change_num 18 extract_buf: pool_sig 000006ef, data_sig ffffff2e, bytes_mixed 20 7e1538a2 3e661182
[    2.076834] random 0000 0000 0000 7e1538a2 3e661182: urand_change_num 19 extract_buf: pool_sig 00000317, data_sig fffffccb, bytes_mixed 20 7e1538a2 3e661182
[    2.076838] random 0000 0000 0000 76af506b 9b57305e: urand_change_num 20 extract_buf: pool_sig 00000227, data_sig ffffffd2, bytes_mixed 20 76af506b 9b57305e
[    2.076842] random 0000 0000 0000 37d49d89 e20417cc: urand_change_num 21 extract_buf: pool_sig 0000080b, data_sig 000001e9, bytes_mixed 20 37d49d89 e20417cc
[    2.076846] TCP cubic registered
[    2.076898] NET: Registered protocol family 10
[    2.076931] RANDOM - __random32 called. Change num 12.  Value: 8f3eba68	c1db9b96	544fe79f
[    2.076933] RANDOM - random32 called.  Value: 8f3eba68	c1db9b96	544fe79f
[    2.076942] random 0000 0000 0000 37d49d89 e20417cc: rand_read_num 5 get_random_bytes(4): sig 00000298 37d49d89 e20417cc
[    2.076944] random 0000 0000 0000 37d49d89 e20417cc: extract_entropy(.. 4 ..)
[    2.076946] random 0000 0000 0000 37d49d89 e20417cc: going to reseed nonblocking with 64 bits (32 of 0 requested)
[    2.076948] random 0000 0000 0000 37d49d89 e20417cc: extract_entropy(.. 8 ..)
[    2.076950] random 0000 0000 0000 37d49d89 e20417cc: trying to extract 64 bits from input
[    2.076952] random 0000 0000 0000 37d49d89 e20417cc: debiting 0 entropy credits from input
[    2.076954] random 0000 0000 0000 37d49d89 e20417cc: extract_entropy account returned: 0 
[    2.076957] random 0000 0000 0000 37d49d89 e20417cc: urand_change_num 22 xfer_secondary_pool(4): pool_sig 00000298, data_sig 00000000, bytes_mixed 0 37d49d89 e20417cc
[    2.076960] random 0000 0000 0000 37d49d89 e20417cc: trying to extract 32 bits from nonblocking
[    2.076962] random 0000 0000 0000 37d49d89 e20417cc: debiting 32 entropy credits from nonblocking (unlimited)
[    2.076964] random 0000 0000 0000 37d49d89 e20417cc: extract_entropy account returned: 4 
[    2.076967] random 0000 0000 0000 37d49d89 e20417cc: urand_change_num 23 extract_buf: pool_sig 00000298, data_sig 00000092, bytes_mixed 20 37d49d89 e20417cc
[    2.077019] RANDOM - __random32 called. Change num 13.  Value: eba68b0e	1db9b963	cf3ec61b
[    2.077045] RANDOM - random32 called.  Value: eba68b0e	1db9b963	cf3ec61b
[    2.077097] NET: Registered protocol family 17
[    2.077118] Using IPI No-Shortcut mode
[    2.077124] random 0000 0000 0000 2ee4c4fc 167bdb15: rand_read_num 6 get_random_bytes(8): sig fffffcbf 2ee4c4fc 167bdb15
[    2.077126] random 0000 0000 0000 2ee4c4fc 167bdb15: extract_entropy(.. 8 ..)
[    2.077128] random 0000 0000 0000 2ee4c4fc 167bdb15: going to reseed nonblocking with 64 bits (64 of 0 requested)
[    2.077130] random 0000 0000 0000 2ee4c4fc 167bdb15: extract_entropy(.. 8 ..)
[    2.077132] random 0000 0000 0000 2ee4c4fc 167bdb15: trying to extract 64 bits from input
[    2.077134] random 0000 0000 0000 2ee4c4fc 167bdb15: debiting 0 entropy credits from input
[    2.077136] random 0000 0000 0000 2ee4c4fc 167bdb15: extract_entropy account returned: 0 
[    2.077139] random 0000 0000 0000 2ee4c4fc 167bdb15: urand_change_num 24 xfer_secondary_pool(8): pool_sig fffffcbf, data_sig 00000000, bytes_mixed 0 2ee4c4fc 167bdb15
[    2.077142] random 0000 0000 0000 2ee4c4fc 167bdb15: trying to extract 64 bits from nonblocking
[    2.077144] random 0000 0000 0000 2ee4c4fc 167bdb15: debiting 64 entropy credits from nonblocking (unlimited)
[    2.077146] random 0000 0000 0000 2ee4c4fc 167bdb15: extract_entropy account returned: 8 
[    2.077149] random 0000 0000 0000 2ee4c4fc 167bdb15: urand_change_num 25 extract_buf: pool_sig fffffcbf, data_sig ffffff83, bytes_mixed 20 2ee4c4fc 167bdb15
[    2.077189] PM: Resume from disk failed.
[    2.077197] registered taskstats version 1
[    2.077200] random 0000 0000 0000 2ee4c4fc 167bdb15: rand_read_num 7 get_random_bytes(12): sig fffffc69 2ee4c4fc 167bdb15
[    2.077202] random 0000 0000 0000 2ee4c4fc 167bdb15: extract_entropy(.. 12 ..)
[    2.077204] random 0000 0000 0000 2ee4c4fc 167bdb15: going to reseed nonblocking with 96 bits (96 of 0 requested)
[    2.077206] random 0000 0000 0000 2ee4c4fc 167bdb15: extract_entropy(.. 12 ..)
[    2.077208] random 0000 0000 0000 2ee4c4fc 167bdb15: trying to extract 96 bits from input
[    2.077210] random 0000 0000 0000 2ee4c4fc 167bdb15: debiting 0 entropy credits from input
[    2.077212] random 0000 0000 0000 2ee4c4fc 167bdb15: extract_entropy account returned: 0 
[    2.077215] random 0000 0000 0000 2ee4c4fc 167bdb15: urand_change_num 26 xfer_secondary_pool(12): pool_sig fffffc69, data_sig 00000000, bytes_mixed 0 2ee4c4fc 167bdb15
[    2.077217] random 0000 0000 0000 2ee4c4fc 167bdb15: trying to extract 96 bits from nonblocking
[    2.077219] random 0000 0000 0000 2ee4c4fc 167bdb15: debiting 96 entropy credits from nonblocking (unlimited)
[    2.077221] random 0000 0000 0000 2ee4c4fc 167bdb15: extract_entropy account returned: 12 
[    2.077225] random 0000 0000 0000 2ee4c4fc 167bdb15: urand_change_num 27 extract_buf: pool_sig fffffc69, data_sig ffffff7d, bytes_mixed 20 2ee4c4fc 167bdb15
[    2.077229] random 0000 0000 0000 83b7c1ab 94697f48: urand_change_num 28 extract_buf: pool_sig fffffe30, data_sig fffffdd6, bytes_mixed 20 83b7c1ab 94697f48
[    2.077231] RANDOM - __seed init called.
[    2.077233] RANDOM - __seed init called.
[    2.077234] RANDOM - __seed init called.
[    2.077235] RANDOM - __random32 called. Change num 14.  Value: fc007995	feca4f80	21b38ad2
[    2.077237] RANDOM - random32_reseed called.  Value: fc007995	feca4f80	21b38ad2
[    2.077240] Pid: 1, comm: swapper Not tainted 2.6.32.57 #4
[    2.077241] Call Trace:
[    2.077248]  [<c14a8a0e>] ? printk+0x1d/0x1f
[    2.077252]  [<c17537e5>] random32_reseed+0x89/0xbd
[    2.077256]  [<c1003042>] do_one_initcall+0x32/0x1a0
[    2.077258]  [<c175375c>] ? random32_reseed+0x0/0xbd
[    2.077262]  [<c17308e7>] kernel_init+0x12d/0x17a
[    2.077264]  [<c17307ba>] ? kernel_init+0x0/0x17a
[    2.077267]  [<c1009b07>] kernel_thread_helper+0x7/0x10
[    2.079807] input: AT Translated Set 2 keyboard as /devices/platform/i8042/serio0/input/input1
[    2.080086] random 0000 0000 0000 6db70b00 b30ce96b: rand_read_num 8 get_random_bytes(64): sig fffffb38 6db70b00 b30ce96b
[    2.080088] random 0000 0000 0000 6db70b00 b30ce96b: extract_entropy(.. 64 ..)
[    2.080091] random 0000 0000 0000 6db70b00 b30ce96b: going to reseed nonblocking with 512 bits (512 of 0 requested)
[    2.080093] random 0000 0000 0000 6db70b00 b30ce96b: extract_entropy(.. 64 ..)
[    2.080095] random 0000 0000 0000 6db70b00 b30ce96b: trying to extract 512 bits from input
[    2.080097] random 0000 0000 0000 6db70b00 b30ce96b: debiting 0 entropy credits from input
[    2.080099] random 0000 0000 0000 6db70b00 b30ce96b: extract_entropy account returned: 0 
[    2.080102] random 0000 0000 0000 6db70b00 b30ce96b: urand_change_num 29 xfer_secondary_pool(64): pool_sig fffffb38, data_sig 00000000, bytes_mixed 0 6db70b00 b30ce96b
[    2.080105] random 0000 0000 0000 6db70b00 b30ce96b: trying to extract 512 bits from nonblocking
[    2.080107] random 0000 0000 0000 6db70b00 b30ce96b: debiting 512 entropy credits from nonblocking (unlimited)
[    2.080109] random 0000 0000 0000 6db70b00 b30ce96b: extract_entropy account returned: 64 
[    2.080112] random 0000 0000 0000 6db70b00 b30ce96b: urand_change_num 30 extract_buf: pool_sig fffffb38, data_sig 00000151, bytes_mixed 20 6db70b00 b30ce96b
[    2.080117] random 0000 0000 0000 6db70b00 b30ce96b: urand_change_num 31 extract_buf: pool_sig fffffdb8, data_sig 00000379, bytes_mixed 20 6db70b00 b30ce96b
[    2.080121] random 0000 0000 0000 6b83001e d4b6c0d3: urand_change_num 32 extract_buf: pool_sig ffffffc9, data_sig 00000198, bytes_mixed 20 6b83001e d4b6c0d3
[    2.080125] random 0000 0000 0000 79d3e3c7 be564518: urand_change_num 33 extract_buf: pool_sig 000002b9, data_sig ffffff84, bytes_mixed 20 79d3e3c7 be564518
[    2.080129] random 0000 0000 0000 79d3e3c7 be564518: urand_change_num 34 extract_buf: pool_sig ffffff55, data_sig ffffff5a, bytes_mixed 20 79d3e3c7 be564518
[    2.080133] random 0000 0000 0000 89c03cb2 0d353228: urand_change_num 35 extract_buf: pool_sig 00000007, data_sig ffffff17, bytes_mixed 20 89c03cb2 0d353228
[    2.080138] random 0000 0000 0000 89c03cb2 0d353228: urand_change_num 36 extract_buf: pool_sig fffffdae, data_sig 000000db, bytes_mixed 20 89c03cb2 0d353228  Magic number: 13:500:650
[    2.080240] rtc_cmos 00:04: setting system clock to 2013-05-24 20:36:47 UTC (1369427807)
[    2.080251] BIOS EDD facility v0.16 2004-Jun-25, 0 devices found
[    2.080253] EDD information not available.
[    2.080285] random 0000 0000 0000 8ca62387 b120332c: rand_read_num 9 get_random_bytes(64): sig fffffed6 8ca62387 b120332c
[    2.080289] random 0000 0000 0000 8ca62387 b120332c: extract_entropy(.. 64 ..)
[    2.080292] random 0000 0000 0000 8ca62387 b120332c: going to reseed nonblocking with 512 bits (512 of 0 requested)
[    2.080295] random 0000 0000 0000 8ca62387 b120332c: extract_entropy(.. 64 ..)
[    2.080298] random 0000 0000 0000 8ca62387 b120332c: trying to extract 512 bits from input
[    2.080309] random 0000 0000 0000 8ca62387 b120332c: debiting 0 entropy credits from input
[    2.080312] random 0000 0000 0000 8ca62387 b120332c: extract_entropy account returned: 0 
[    2.080316] random 0000 0000 0000 8ca62387 b120332c: urand_change_num 37 xfer_secondary_pool(64): pool_sig fffffed6, data_sig 00000000, bytes_mixed 0 8ca62387 b120332c
[    2.080319] random 0000 0000 0000 8ca62387 b120332c: trying to extract 512 bits from nonblocking
[    2.080322] random 0000 0000 0000 8ca62387 b120332c: debiting 512 entropy credits from nonblocking (unlimited)
[    2.080326] random 0000 0000 0000 8ca62387 b120332c: extract_entropy account returned: 64 
[    2.080330] random 0000 0000 0000 8ca62387 b120332c: urand_change_num 38 extract_buf: pool_sig fffffed6, data_sig fffffeb6, bytes_mixed 20 8ca62387 b120332c
[    2.080337] random 0000 0000 0000 90702413 e2a66c2e: urand_change_num 39 extract_buf: pool_sig fffffbb0, data_sig 0000012e, bytes_mixed 20 90702413 e2a66c2e
[    2.080343] random 0000 0000 0000 90702413 e2a66c2e: urand_change_num 40 extract_buf: pool_sig fffffaf1, data_sig ffffff3c, bytes_mixed 20 90702413 e2a66c2e
[    2.080350] random 0000 0000 0000 3f58038b c77aecb6: urand_change_num 41 extract_buf: pool_sig 00000234, data_sig fffffdec, bytes_mixed 20 3f58038b c77aecb6
[    2.080356] random 0000 0000 0000 47187b9d 03f21510: urand_change_num 42 extract_buf: pool_sig 00000192, data_sig 00000075, bytes_mixed 20 47187b9d 03f21510
[    2.080362] random 0000 0000 0000 47187b9d 03f21510: urand_change_num 43 extract_buf: pool_sig 0000018e, data_sig ffffffbf, bytes_mixed 20 47187b9d 03f21510
[    2.080368] random 0000 0000 0000 3180b1fc 0fa9c973: urand_change_num 44 extract_buf: pool_sig fffffecf, data_sig ffffff2a, bytes_mixed 20 3180b1fc 0fa9c973
[    2.080372] BEGIN NET_SECRET:
[    2.080374] \xffffff87
[    2.080376] \xffffff8d
[    2.080377] \xfffffff4
[    2.080379] \xffffffae
[    2.080381] \xffffffc3
[    2.080384] \xffffffb7
[    2.080386] \x31
[    2.080387] \x65
[    2.080389] \xffffffda
[    2.080390] \xffffffa2
[    2.080393] \x31
[    2.080395] \xffffffc8
[    2.080396] \xffffffa9
[    2.080398] \x76
[    2.080400] \x76
[    2.080401] \xffffff90
[    2.080403] \x55
[    2.080405] \xfffffff3
[    2.080406] \xffffffb1
[    2.080408] \x3
[    2.080410] \xffffffb3
[    2.080411] \xffffffa7
[    2.080413] \x5a
[    2.080415] \x71
[    2.080416] \x70
[    2.080418] \xffffff8c
[    2.080420] \x56
[    2.080421] \x25
[    2.080422] \xffffffe1
[    2.080424] \x4c
[    2.080425] \xffffffe6
[    2.080427] \xffffff95
[    2.080429] \x67
[    2.080430] \x4c
[    2.080432] \xffffffb9
[    2.080433] \x1d
[    2.080435] \xe
[    2.080436] \x34
[    2.080438] \xffffffbe
[    2.080439] \x12
[    2.080441] \x5
[    2.080442] \xffffff98
[    2.080444] \xffffffa0
[    2.080445] \xf
[    2.080447] \xffffffb2
[    2.080449] \xffffffde
[    2.080451] \xffffff99
[    2.080453] \xf
[    2.080454] \xffffffe8
[    2.080456] \xffffffc8
[    2.080458] \x1f
[    2.080460] \x54
[    2.080461] \x2c
[    2.080463] \xffffffee
[    2.080465] \x2e
[    2.080466] \x0
[    2.080468] \xffffff95
[    2.080470] \x0
[    2.080472] \xffffffe3
[    2.080474] \xffffffa7
[    2.080476] \xfffffffd
[    2.080477] \x66
[    2.080479] \xffffff92
[    2.080480] \xfffffff0
[    2.080482] 
[    2.080483] END NET_SECRET
[    2.080487] random 0000 0000 0000 3180b1fc 0fa9c973: rand_read_num 10 get_random_bytes(4): sig ffffff46 3180b1fc 0fa9c973
[    2.080490] random 0000 0000 0000 3180b1fc 0fa9c973: extract_entropy(.. 4 ..)
[    2.080493] random 0000 0000 0000 3180b1fc 0fa9c973: going to reseed nonblocking with 64 bits (32 of 0 requested)
[    2.080495] random 0000 0000 0000 3180b1fc 0fa9c973: extract_entropy(.. 8 ..)
[    2.080498] random 0000 0000 0000 3180b1fc 0fa9c973: trying to extract 64 bits from input
[    2.080501] random 0000 0000 0000 3180b1fc 0fa9c973: debiting 0 entropy credits from input
[    2.080504] random 0000 0000 0000 3180b1fc 0fa9c973: extract_entropy account returned: 0 
[    2.080508] random 0000 0000 0000 3180b1fc 0fa9c973: urand_change_num 45 xfer_secondary_pool(4): pool_sig ffffff46, data_sig 00000000, bytes_mixed 0 3180b1fc 0fa9c973
[    2.080511] random 0000 0000 0000 3180b1fc 0fa9c973: trying to extract 32 bits from nonblocking
[    2.080515] random 0000 0000 0000 3180b1fc 0fa9c973: debiting 32 entropy credits from nonblocking (unlimited)
[    2.080518] random 0000 0000 0000 3180b1fc 0fa9c973: extract_entropy account returned: 4 
[    2.080522] random 0000 0000 0000 3180b1fc 0fa9c973: urand_change_num 46 extract_buf: pool_sig ffffff46, data_sig 0000001b, bytes_mixed 20 3180b1fc 0fa9c973
[    2.253444] ata2.00: ATAPI: VMware Virtual IDE CDROM Drive, 00000001, max UDMA/33
[    2.253733] ata2.00: configured for UDMA/33
[    2.254096] scsi 1:0:0:0: CD-ROM            NECVMWar VMware IDE CDR10 1.00 PQ: 0 ANSI: 5
[    2.255491] sr0: scsi3-mmc drive: 306x/306x cd/rw xa/form2 cdda tray
[    2.255526] Uniform CD-ROM driver Revision: 3.20
[    2.255578] sr 1:0:0:0: Attached scsi CD-ROM sr0
[    2.255631] sr 1:0:0:0: Attached scsi generic sg0 type 5
[    2.255739] Freeing unused kernel memory: 652k freed
[    2.255791] Write protecting the kernel text: 4840k
[    2.255843] Write protecting the kernel read-only data: 1968k
[    2.256055] random 0000 0000 0000 38974d2b 1d8d6de0: rand_read_num 11 get_random_bytes(16): sig 000001c6 38974d2b 1d8d6de0
