[    0.000000] random 0000 0000 0000 00000000 00000000: rand_read_num 1 get_random_bytes(8): sig 00000000 00000000 00000000
[    0.000000] random 0000 0000 0000 00000000 00000000: extract_entropy(.. 8 ..)
[    0.000000] random 0000 0000 0000 00000000 00000000: going to reseed nonblocking with 64 bits (64 of 0 requested)
[    0.000000] random 0000 0000 0000 00000000 00000000: extract_entropy(.. 8 ..)
[    0.000000] random 0000 0000 0000 00000000 00000000: trying to extract 64 bits from input
[    0.000000] random 0000 0000 0000 00000000 00000000: debiting 0 entropy credits from input
[    0.000000] random 0000 0000 0000 00000000 00000000: extract_entropy account returned: 0 
[    0.000000] random 0000 0000 0000 00000000 00000000: urand_change_num 1 xfer_secondary_pool(8): pool_sig 00000000, data_sig 00000000, bytes_mixed 0 00000000 00000000
[    0.000000] random 0000 0000 0000 00000000 00000000: trying to extract 64 bits from nonblocking
[    0.000000] random 0000 0000 0000 00000000 00000000: debiting 64 entropy credits from nonblocking (unlimited)
[    0.000000] random 0000 0000 0000 00000000 00000000: extract_entropy account returned: 8 
[    0.000000] random 0000 0000 0000 00000000 00000000: urand_change_num 2 extract_buf: pool_sig 00000000, data_sig fffffff9, bytes_mixed 20 00000000 00000000
[    0.000000] Initializing cgroup subsys cpuset
[    0.000000] Initializing cgroup subsys cpu
[    0.000000] Linux version 2.6.32.57 (dcashman@ubuntu) (gcc version 4.6.3 (Ubuntu/Linaro 4.6.3-1ubuntu5) ) #4 SMP Fri May 24 11:09:26 PDT 2013
[    0.000000] KERNEL supported cpus:
[    0.000000]   Intel GenuineIntel
[    0.000000]   AMD AuthenticAMD
[    0.000000]   NSC Geode by NSC
[    0.000000]   Cyrix CyrixInstead
[    0.000000]   Centaur CentaurHauls
[    0.000000]   Transmeta GenuineTMx86
[    0.000000]   Transmeta TransmetaCPU
[    0.000000]   UMC UMC UMC UMC
[    0.000000] BIOS-provided physical RAM map:
[    0.000000]  BIOS-e820: 0000000000000000 - 000000000009f000 (usable)
[    0.000000]  BIOS-e820: 000000000009f000 - 00000000000a0000 (reserved)
[    0.000000]  BIOS-e820: 00000000000ca000 - 00000000000cc000 (reserved)
[    0.000000]  BIOS-e820: 00000000000dc000 - 0000000000100000 (reserved)
[    0.000000]  BIOS-e820: 0000000000100000 - 000000003fee0000 (usable)
[    0.000000]  BIOS-e820: 000000003fee0000 - 000000003feff000 (ACPI data)
[    0.000000]  BIOS-e820: 000000003feff000 - 000000003ff00000 (ACPI NVS)
[    0.000000]  BIOS-e820: 000000003ff00000 - 0000000040000000 (usable)
[    0.000000]  BIOS-e820: 00000000e0000000 - 00000000f0000000 (reserved)
[    0.000000]  BIOS-e820: 00000000fec00000 - 00000000fec10000 (reserved)
[    0.000000]  BIOS-e820: 00000000fee00000 - 00000000fee01000 (reserved)
[    0.000000]  BIOS-e820: 00000000fffe0000 - 0000000100000000 (reserved)
[    0.000000] DMI present.
[    0.000000] Phoenix BIOS detected: BIOS may corrupt low RAM, working around it.
[    0.000000] e820 update range: 0000000000000000 - 0000000000010000 (usable) ==> (reserved)
[    0.000000] last_pfn = 0x40000 max_arch_pfn = 0x1000000
[    0.000000] MTRR default type: uncachable
[    0.000000] MTRR fixed ranges enabled:
[    0.000000]   00000-9FFFF write-back
[    0.000000]   A0000-BFFFF uncachable
[    0.000000]   C0000-CBFFF write-protect
[    0.000000]   CC000-EFFFF uncachable
[    0.000000]   F0000-FFFFF write-protect
[    0.000000] MTRR variable ranges enabled:
[    0.000000]   0 base 0000000000 mask FFC0000000 write-back
[    0.000000]   1 disabled
[    0.000000]   2 disabled
[    0.000000]   3 disabled
[    0.000000]   4 disabled
[    0.000000]   5 disabled
[    0.000000]   6 disabled
[    0.000000]   7 disabled
[    0.000000] x86 PAT enabled: cpu 0, old 0x0, new 0x7010600070106
[    0.000000] Scanning 0 areas for low memory corruption
[    0.000000] modified physical RAM map:
[    0.000000]  modified: 0000000000000000 - 0000000000010000 (reserved)
[    0.000000]  modified: 0000000000010000 - 000000000009f000 (usable)
[    0.000000]  modified: 000000000009f000 - 00000000000a0000 (reserved)
[    0.000000]  modified: 00000000000ca000 - 00000000000cc000 (reserved)
[    0.000000]  modified: 00000000000dc000 - 0000000000100000 (reserved)
[    0.000000]  modified: 0000000000100000 - 000000003fee0000 (usable)
[    0.000000]  modified: 000000003fee0000 - 000000003feff000 (ACPI data)
[    0.000000]  modified: 000000003feff000 - 000000003ff00000 (ACPI NVS)
[    0.000000]  modified: 000000003ff00000 - 0000000040000000 (usable)
[    0.000000]  modified: 00000000e0000000 - 00000000f0000000 (reserved)
[    0.000000]  modified: 00000000fec00000 - 00000000fec10000 (reserved)
[    0.000000]  modified: 00000000fee00000 - 00000000fee01000 (reserved)
[    0.000000]  modified: 00000000fffe0000 - 0000000100000000 (reserved)
[    0.000000] initial memory mapped : 0 - 01e00000
[    0.000000] init_memory_mapping: 0000000000000000-00000000379fe000
[    0.000000] NX (Execute Disable) protection: active
[    0.000000]  0000000000 - 0000200000 page 4k
[    0.000000]  0000200000 - 0037800000 page 2M
[    0.000000]  0037800000 - 00379fe000 page 4k
[    0.000000] kernel direct mapping tables up to 379fe000 @ 10000-16000
[    0.000000] RAMDISK: 2dcfc000 - 32e758c3
[    0.000000] ACPI: RSDP 000f6b80 00024 (v02 PTLTD )
[    0.000000] ACPI: XSDT 3feed636 0005C (v01 INTEL  440BX    06040000 VMW  01324272)
[    0.000000] ACPI: FACP 3fefee98 000F4 (v04 INTEL  440BX    06040000 PTL  000F4240)
[    0.000000] ACPI: DSDT 3feee366 10B32 (v01 PTLTD  Custom   06040000 MSFT 03000001)
[    0.000000] ACPI: FACS 3fefffc0 00040
[    0.000000] ACPI: BOOT 3feee33e 00028 (v01 PTLTD  $SBFTBL$ 06040000  LTP 00000001)
[    0.000000] ACPI: APIC 3feedc3e 003C2 (v01 PTLTD  ? APIC   06040000  LTP 00000000)
[    0.000000] ACPI: MCFG 3feedc02 0003C (v01 PTLTD  $PCITBL$ 06040000  LTP 00000001)
[    0.000000] ACPI: SRAT 3feed732 004D0 (v02 VMWARE MEMPLUG  06040000 VMW  00000001)
[    0.000000] ACPI: HPET 3feed6fa 00038 (v01 VMWARE VMW HPET 06040000 VMW  00000001)
[    0.000000] ACPI: WAET 3feed6d2 00028 (v01 VMWARE VMW WAET 06040000 VMW  00000001)
[    0.000000] ACPI: Local APIC address 0xfee00000
[    0.000000] 134MB HIGHMEM available.
[    0.000000] 889MB LOWMEM available.
[    0.000000]   mapped low ram: 0 - 379fe000
[    0.000000]   low ram: 0 - 379fe000
[    0.000000]   node 0 low ram: 00000000 - 379fe000
[    0.000000]   node 0 bootmap 00012000 - 00018f40
[    0.000000] (9 early reservations) ==> bootmem [0000000000 - 00379fe000]
[    0.000000]   #0 [0000000000 - 0000001000]   BIOS data page ==> [0000000000 - 0000001000]
[    0.000000]   #1 [0000001000 - 0000002000]    EX TRAMPOLINE ==> [0000001000 - 0000002000]
[    0.000000]   #2 [0000006000 - 0000007000]       TRAMPOLINE ==> [0000006000 - 0000007000]
[    0.000000]   #3 [0001000000 - 0001a75ff8]    TEXT DATA BSS ==> [0001000000 - 0001a75ff8]
[    0.000000]   #4 [002dcfc000 - 0032e758c3]          RAMDISK ==> [002dcfc000 - 0032e758c3]
[    0.000000]   #5 [000009f000 - 0000100000]    BIOS reserved ==> [000009f000 - 0000100000]
[    0.000000]   #6 [0001a76000 - 0001a851c0]              BRK ==> [0001a76000 - 0001a851c0]
[    0.000000]   #7 [0000010000 - 0000012000]          PGTABLE ==> [0000010000 - 0000012000]
[    0.000000]   #8 [0000012000 - 0000019000]          BOOTMAP ==> [0000012000 - 0000019000]
[    0.000000] found SMP MP-table at [c00f6bf0] f6bf0
[    0.000000] Zone PFN ranges:
[    0.000000]   DMA      0x00000010 -> 0x00001000
[    0.000000]   Normal   0x00001000 -> 0x000379fe
[    0.000000]   HighMem  0x000379fe -> 0x00040000
[    0.000000] Movable zone start PFN for each node
[    0.000000] early_node_map[3] active PFN ranges
[    0.000000]     0: 0x00000010 -> 0x0000009f
[    0.000000]     0: 0x00000100 -> 0x0003fee0
[    0.000000]     0: 0x0003ff00 -> 0x00040000
[    0.000000] On node 0 totalpages: 261999
[    0.000000] free_area_init_node: node 0, pgdat c1715200, node_mem_map c1a87200
[    0.000000]   DMA zone: 32 pages used for memmap
[    0.000000]   DMA zone: 0 pages reserved
[    0.000000]   DMA zone: 3951 pages, LIFO batch:0
[    0.000000]   Normal zone: 1748 pages used for memmap
[    0.000000]   Normal zone: 221994 pages, LIFO batch:31
[    0.000000]   HighMem zone: 269 pages used for memmap
[    0.000000]   HighMem zone: 34005 pages, LIFO batch:7
[    0.000000] Using APIC driver default
[    0.000000] ACPI: PM-Timer IO Port: 0x1008
[    0.000000] ACPI: Local APIC address 0xfee00000
[    0.000000] ACPI: LAPIC (acpi_id[0x00] lapic_id[0x00] enabled)
[    0.000000] ACPI: LAPIC (acpi_id[0x01] lapic_id[0x02] disabled)
[    0.000000] ACPI: LAPIC (acpi_id[0x02] lapic_id[0x04] disabled)
[    0.000000] ACPI: LAPIC (acpi_id[0x03] lapic_id[0x06] disabled)
[    0.000000] ACPI: LAPIC (acpi_id[0x04] lapic_id[0x08] disabled)
[    0.000000] ACPI: LAPIC (acpi_id[0x05] lapic_id[0x0a] disabled)
[    0.000000] ACPI: LAPIC (acpi_id[0x06] lapic_id[0x0c] disabled)
[    0.000000] ACPI: LAPIC (acpi_id[0x07] lapic_id[0x0e] disabled)
[    0.000000] ACPI: LAPIC (acpi_id[0x08] lapic_id[0x10] disabled)
[    0.000000] ACPI: LAPIC (acpi_id[0x09] lapic_id[0x12] disabled)
[    0.000000] ACPI: LAPIC (acpi_id[0x0a] lapic_id[0x14] disabled)
[    0.000000] ACPI: LAPIC (acpi_id[0x0b] lapic_id[0x16] disabled)
[    0.000000] ACPI: LAPIC (acpi_id[0x0c] lapic_id[0x18] disabled)
[    0.000000] ACPI: LAPIC (acpi_id[0x0d] lapic_id[0x1a] disabled)
[    0.000000] ACPI: LAPIC (acpi_id[0x0e] lapic_id[0x1c] disabled)
[    0.000000] ACPI: LAPIC (acpi_id[0x0f] lapic_id[0x1e] disabled)
[    0.000000] ACPI: LAPIC (acpi_id[0x10] lapic_id[0x20] disabled)
[    0.000000] ACPI: LAPIC (acpi_id[0x11] lapic_id[0x22] disabled)
[    0.000000] ACPI: LAPIC (acpi_id[0x12] lapic_id[0x24] disabled)
[    0.000000] ACPI: LAPIC (acpi_id[0x13] lapic_id[0x26] disabled)
[    0.000000] ACPI: LAPIC (acpi_id[0x14] lapic_id[0x28] disabled)
[    0.000000] ACPI: LAPIC (acpi_id[0x15] lapic_id[0x2a] disabled)
[    0.000000] ACPI: LAPIC (acpi_id[0x16] lapic_id[0x2c] disabled)
[    0.000000] ACPI: LAPIC (acpi_id[0x17] lapic_id[0x2e] disabled)
[    0.000000] ACPI: LAPIC (acpi_id[0x18] lapic_id[0x30] disabled)
[    0.000000] ACPI: LAPIC (acpi_id[0x19] lapic_id[0x32] disabled)
[    0.000000] ACPI: LAPIC (acpi_id[0x1a] lapic_id[0x34] disabled)
[    0.000000] ACPI: LAPIC (acpi_id[0x1b] lapic_id[0x36] disabled)
[    0.000000] ACPI: LAPIC (acpi_id[0x1c] lapic_id[0x38] disabled)
[    0.000000] ACPI: LAPIC (acpi_id[0x1d] lapic_id[0x3a] disabled)
[    0.000000] ACPI: LAPIC (acpi_id[0x1e] lapic_id[0x3c] disabled)
[    0.000000] ACPI: LAPIC (acpi_id[0x1f] lapic_id[0x3e] disabled)
[    0.000000] ACPI: LAPIC (acpi_id[0x20] lapic_id[0x40] disabled)
[    0.000000] ACPI: LAPIC (acpi_id[0x21] lapic_id[0x42] disabled)
[    0.000000] ACPI: LAPIC (acpi_id[0x22] lapic_id[0x44] disabled)
[    0.000000] ACPI: LAPIC (acpi_id[0x23] lapic_id[0x46] disabled)
[    0.000000] ACPI: LAPIC (acpi_id[0x24] lapic_id[0x48] disabled)
[    0.000000] ACPI: LAPIC (acpi_id[0x25] lapic_id[0x4a] disabled)
[    0.000000] ACPI: LAPIC (acpi_id[0x26] lapic_id[0x4c] disabled)
[    0.000000] ACPI: LAPIC (acpi_id[0x27] lapic_id[0x4e] disabled)
[    0.000000] ACPI: LAPIC (acpi_id[0x28] lapic_id[0x50] disabled)
[    0.000000] ACPI: LAPIC (acpi_id[0x29] lapic_id[0x52] disabled)
[    0.000000] ACPI: LAPIC (acpi_id[0x2a] lapic_id[0x54] disabled)
[    0.000000] ACPI: LAPIC (acpi_id[0x2b] lapic_id[0x56] disabled)
[    0.000000] ACPI: LAPIC (acpi_id[0x2c] lapic_id[0x58] disabled)
[    0.000000] ACPI: LAPIC (acpi_id[0x2d] lapic_id[0x5a] disabled)
[    0.000000] ACPI: LAPIC (acpi_id[0x2e] lapic_id[0x5c] disabled)
[    0.000000] ACPI: LAPIC (acpi_id[0x2f] lapic_id[0x5e] disabled)
[    0.000000] ACPI: LAPIC (acpi_id[0x30] lapic_id[0x60] disabled)
[    0.000000] ACPI: LAPIC (acpi_id[0x31] lapic_id[0x62] disabled)
[    0.000000] ACPI: LAPIC (acpi_id[0x32] lapic_id[0x64] disabled)
[    0.000000] ACPI: LAPIC (acpi_id[0x33] lapic_id[0x66] disabled)
[    0.000000] ACPI: LAPIC (acpi_id[0x34] lapic_id[0x68] disabled)
[    0.000000] ACPI: LAPIC (acpi_id[0x35] lapic_id[0x6a] disabled)
[    0.000000] ACPI: LAPIC (acpi_id[0x36] lapic_id[0x6c] disabled)
[    0.000000] ACPI: LAPIC (acpi_id[0x37] lapic_id[0x6e] disabled)
[    0.000000] ACPI: LAPIC (acpi_id[0x38] lapic_id[0x70] disabled)
[    0.000000] ACPI: LAPIC (acpi_id[0x39] lapic_id[0x72] disabled)
[    0.000000] ACPI: LAPIC (acpi_id[0x3a] lapic_id[0x74] disabled)
[    0.000000] ACPI: LAPIC (acpi_id[0x3b] lapic_id[0x76] disabled)
[    0.000000] ACPI: LAPIC (acpi_id[0x3c] lapic_id[0x78] disabled)
[    0.000000] ACPI: LAPIC (acpi_id[0x3d] lapic_id[0x7a] disabled)
[    0.000000] ACPI: LAPIC (acpi_id[0x3e] lapic_id[0x7c] disabled)
[    0.000000] ACPI: LAPIC (acpi_id[0x3f] lapic_id[0x7e] disabled)
[    0.000000] ACPI: LAPIC_NMI (acpi_id[0x00] high edge lint[0x1])
[    0.000000] ACPI: LAPIC_NMI (acpi_id[0x01] high edge lint[0x1])
[    0.000000] ACPI: LAPIC_NMI (acpi_id[0x02] high edge lint[0x1])
[    0.000000] ACPI: LAPIC_NMI (acpi_id[0x03] high edge lint[0x1])
[    0.000000] ACPI: LAPIC_NMI (acpi_id[0x04] high edge lint[0x1])
[    0.000000] ACPI: LAPIC_NMI (acpi_id[0x05] high edge lint[0x1])
[    0.000000] ACPI: LAPIC_NMI (acpi_id[0x06] high edge lint[0x1])
[    0.000000] ACPI: LAPIC_NMI (acpi_id[0x07] high edge lint[0x1])
[    0.000000] ACPI: LAPIC_NMI (acpi_id[0x08] high edge lint[0x1])
[    0.000000] ACPI: LAPIC_NMI (acpi_id[0x09] high edge lint[0x1])
[    0.000000] ACPI: LAPIC_NMI (acpi_id[0x0a] high edge lint[0x1])
[    0.000000] ACPI: LAPIC_NMI (acpi_id[0x0b] high edge lint[0x1])
[    0.000000] ACPI: LAPIC_NMI (acpi_id[0x0c] high edge lint[0x1])
[    0.000000] ACPI: LAPIC_NMI (acpi_id[0x0d] high edge lint[0x1])
[    0.000000] ACPI: LAPIC_NMI (acpi_id[0x0e] high edge lint[0x1])
[    0.000000] ACPI: LAPIC_NMI (acpi_id[0x0f] high edge lint[0x1])
[    0.000000] ACPI: LAPIC_NMI (acpi_id[0x10] high edge lint[0x1])
[    0.000000] ACPI: LAPIC_NMI (acpi_id[0x11] high edge lint[0x1])
[    0.000000] ACPI: LAPIC_NMI (acpi_id[0x12] high edge lint[0x1])
[    0.000000] ACPI: LAPIC_NMI (acpi_id[0x13] high edge lint[0x1])
[    0.000000] ACPI: LAPIC_NMI (acpi_id[0x14] high edge lint[0x1])
[    0.000000] ACPI: LAPIC_NMI (acpi_id[0x15] high edge lint[0x1])
[    0.000000] ACPI: LAPIC_NMI (acpi_id[0x16] high edge lint[0x1])
[    0.000000] ACPI: LAPIC_NMI (acpi_id[0x17] high edge lint[0x1])
[    0.000000] ACPI: LAPIC_NMI (acpi_id[0x18] high edge lint[0x1])
[    0.000000] ACPI: LAPIC_NMI (acpi_id[0x19] high edge lint[0x1])
[    0.000000] ACPI: LAPIC_NMI (acpi_id[0x1a] high edge lint[0x1])
[    0.000000] ACPI: LAPIC_NMI (acpi_id[0x1b] high edge lint[0x1])
[    0.000000] ACPI: LAPIC_NMI (acpi_id[0x1c] high edge lint[0x1])
[    0.000000] ACPI: LAPIC_NMI (acpi_id[0x1d] high edge lint[0x1])
[    0.000000] ACPI: LAPIC_NMI (acpi_id[0x1e] high edge lint[0x1])
[    0.000000] ACPI: LAPIC_NMI (acpi_id[0x1f] high edge lint[0x1])
[    0.000000] ACPI: LAPIC_NMI (acpi_id[0x20] high edge lint[0x1])
[    0.000000] ACPI: LAPIC_NMI (acpi_id[0x21] high edge lint[0x1])
[    0.000000] ACPI: LAPIC_NMI (acpi_id[0x22] high edge lint[0x1])
[    0.000000] ACPI: LAPIC_NMI (acpi_id[0x23] high edge lint[0x1])
[    0.000000] ACPI: LAPIC_NMI (acpi_id[0x24] high edge lint[0x1])
[    0.000000] ACPI: LAPIC_NMI (acpi_id[0x25] high edge lint[0x1])
[    0.000000] ACPI: LAPIC_NMI (acpi_id[0x26] high edge lint[0x1])
[    0.000000] ACPI: LAPIC_NMI (acpi_id[0x27] high edge lint[0x1])
[    0.000000] ACPI: LAPIC_NMI (acpi_id[0x28] high edge lint[0x1])
[    0.000000] ACPI: LAPIC_NMI (acpi_id[0x29] high edge lint[0x1])
[    0.000000] ACPI: LAPIC_NMI (acpi_id[0x2a] high edge lint[0x1])
[    0.000000] ACPI: LAPIC_NMI (acpi_id[0x2b] high edge lint[0x1])
[    0.000000] ACPI: LAPIC_NMI (acpi_id[0x2c] high edge lint[0x1])
[    0.000000] ACPI: LAPIC_NMI (acpi_id[0x2d] high edge lint[0x1])
[    0.000000] ACPI: LAPIC_NMI (acpi_id[0x2e] high edge lint[0x1])
[    0.000000] ACPI: LAPIC_NMI (acpi_id[0x2f] high edge lint[0x1])
[    0.000000] ACPI: LAPIC_NMI (acpi_id[0x30] high edge lint[0x1])
[    0.000000] ACPI: LAPIC_NMI (acpi_id[0x31] high edge lint[0x1])
[    0.000000] ACPI: LAPIC_NMI (acpi_id[0x32] high edge lint[0x1])
[    0.000000] ACPI: LAPIC_NMI (acpi_id[0x33] high edge lint[0x1])
[    0.000000] ACPI: LAPIC_NMI (acpi_id[0x34] high edge lint[0x1])
[    0.000000] ACPI: LAPIC_NMI (acpi_id[0x35] high edge lint[0x1])
[    0.000000] ACPI: LAPIC_NMI (acpi_id[0x36] high edge lint[0x1])
[    0.000000] ACPI: LAPIC_NMI (acpi_id[0x37] high edge lint[0x1])
[    0.000000] ACPI: LAPIC_NMI (acpi_id[0x38] high edge lint[0x1])
[    0.000000] ACPI: LAPIC_NMI (acpi_id[0x39] high edge lint[0x1])
[    0.000000] ACPI: LAPIC_NMI (acpi_id[0x3a] high edge lint[0x1])
[    0.000000] ACPI: LAPIC_NMI (acpi_id[0x3b] high edge lint[0x1])
[    0.000000] ACPI: LAPIC_NMI (acpi_id[0x3c] high edge lint[0x1])
[    0.000000] ACPI: LAPIC_NMI (acpi_id[0x3d] high edge lint[0x1])
[    0.000000] ACPI: LAPIC_NMI (acpi_id[0x3e] high edge lint[0x1])
[    0.000000] ACPI: LAPIC_NMI (acpi_id[0x3f] high edge lint[0x1])
[    0.000000] ACPI: Skipping IOAPIC probe due to 'noapic' option.
[    0.000000] Using ACPI for processor (LAPIC) configuration information
[    0.000000] ACPI: HPET id: 0x8086af01 base: 0xfed00000
[    0.000000] Intel MultiProcessor Specification v1.4
[    0.000000]     Virtual Wire compatibility mode.
[    0.000000] MPTABLE: OEM ID: INTEL   
[    0.000000] MPTABLE: Product ID: 440BX       
[    0.000000] MPTABLE: APIC at: 0xFEE00000
[    0.000000] I/O APIC #1 Version 17 at 0xFEC00000.
[    0.000000] Processors: 1
[    0.000000] 64 Processors exceeds NR_CPUS limit of 8
[    0.000000] SMP: Allowing 8 CPUs, 7 hotplug CPUs
[    0.000000] nr_irqs_gsi: 24
[    0.000000] PM: Registered nosave memory: 000000000009f000 - 00000000000a0000
[    0.000000] PM: Registered nosave memory: 00000000000a0000 - 00000000000ca000
[    0.000000] PM: Registered nosave memory: 00000000000ca000 - 00000000000cc000
[    0.000000] PM: Registered nosave memory: 00000000000cc000 - 00000000000dc000
[    0.000000] PM: Registered nosave memory: 00000000000dc000 - 0000000000100000
[    0.000000] Allocating PCI resources starting at 40000000 (gap: 40000000:a0000000)
[    0.000000] Booting paravirtualized kernel on bare hardware
[    0.000000] NR_CPUS:8 nr_cpumask_bits:8 nr_cpu_ids:8 nr_node_ids:1
[    0.000000] PERCPU: Embedded 15 pages/cpu @c2400000 s39320 r0 d22120 u262144
[    0.000000] pcpu-alloc: s39320 r0 d22120 u262144 alloc=1*2097152
[    0.000000] pcpu-alloc: [0] 0 1 2 3 4 5 6 7 
[    0.000000] Built 1 zonelists in Zone order, mobility grouping on.  Total pages: 259950
[    0.000000] Kernel command line: BOOT_IMAGE=/boot/vmlinuz-2.6.32.57 root=UUID=007b598c-390d-4c65-84a1-4ff752d48633 ro quiet splash maxcpus=0
[    0.000000] PID hash table entries: 4096 (order: 2, 16384 bytes)
[    0.000000] Dentry cache hash table entries: 131072 (order: 7, 524288 bytes)
[    0.000000] Inode-cache hash table entries: 65536 (order: 6, 262144 bytes)
[    0.000000] Enabling fast FPU save and restore... done.
[    0.000000] Enabling unmasked SIMD FPU exception support... done.
[    0.000000] Initializing CPU#0
[    0.000000] xsave/xrstor: enabled xstate_bv 0x7, cntxt size 0x340
[    0.000000] allocated 5242560 bytes of page_cgroup
[    0.000000] please try 'cgroup_disable=memory' option if you don't want memory cgroups
[    0.000000] Initializing HighMem for node 0 (000379fe:00040000)
[    0.000000] Memory: 938260k/1048576k available (4839k kernel code, 108848k reserved, 2518k data, 652k init, 137096k highmem)
[    0.000000] virtual kernel memory layout:
[    0.000000]     fixmap  : 0xfff1e000 - 0xfffff000   ( 900 kB)
[    0.000000]     pkmap   : 0xffa00000 - 0xffc00000   (2048 kB)
[    0.000000]     vmalloc : 0xf81fe000 - 0xff9fe000   ( 120 MB)
[    0.000000]     lowmem  : 0xc0000000 - 0xf79fe000   ( 889 MB)
[    0.000000]       .init : 0xc1730000 - 0xc17d3000   ( 652 kB)
[    0.000000]       .data : 0xc14b9cce - 0xc172f764   (2518 kB)
[    0.000000]       .text : 0xc1000000 - 0xc14b9cce   (4839 kB)
[    0.000000] Checking if this processor honours the WP bit even in supervisor mode...Ok.
[    0.000000] SLUB: Genslabs=13, HWalign=64, Order=0-3, MinObjects=0, CPUs=8, Nodes=1
[    0.000000] Hierarchical RCU implementation.
[    0.000000] NR_IRQS:2304 nr_irqs:472
[    0.000000] Extended CMOS year: 2000
[    0.000000] Console: colour VGA+ 80x25
[    0.000000] console [tty0] enabled
[    0.000000] hpet clockevent registered
[    0.000000] TSC freq read from hypervisor : 2394.620 MHz
[    0.000000] Detected 2394.620 MHz processor.
[    0.000003] Calibrating delay loop (skipped) preset value.. 4789.24 BogoMIPS (lpj=9578480)
[    0.000022] Security Framework initialized
[    0.000025] SELinux:  Disabled at boot.
[    0.000029] Mount-cache hash table entries: 512
[    0.000133] Initializing cgroup subsys cpuacct
[    0.000136] Initializing cgroup subsys memory
[    0.000140] Initializing cgroup subsys devices
[    0.000150] Initializing cgroup subsys freezer
[    0.000177] CPU: Physical Processor ID: 0
[    0.000184] CPU: L1 I cache: 32K, L1 D cache: 32K
[    0.000186] CPU: L2 cache: 256K
[    0.000187] CPU: L3 cache: 4096K
[    0.000191] mce: CPU supports 0 MCE banks
[    0.000203] Performance Events: no PMU driver, software events only.
[    0.000213] Checking 'hlt' instruction... OK.
[    0.017447] SMP alternatives: switching to UP code
[    0.033133] ACPI: Core revision 20090903
[    0.039219] ACPI: setting ELCR to 0200 (from 0e20)
[    0.040878] ftrace: converting mcount calls to 0f 1f 44 00 00
[    0.040883] ftrace: allocating 22631 entries in 45 pages
[    0.058676] CANARY value: 42473094 for PID: 1
[    0.058747] Not enabling x2apic, Intr-remapping init failed.
[    0.058748] Enabling APIC mode:  Flat.  Using 1 I/O APICs
[    0.058757] SMP mode deactivated.
[    0.058782] SMP disabled
[    0.058840] Brought up 1 CPUs
[    0.058841] Total of 1 processors activated (4789.24 BogoMIPS).
[    0.058845] CPU0 attaching NULL sched-domain.
[    0.058926] devtmpfs: initialized
[    0.059036] sysctl table check failed: /kernel/random/now_input .1.40.7 Unknown sysctl binary path
[    0.059279] Pid: 1, comm: swapper Not tainted 2.6.32.57 #4
[    0.059280] Call Trace:
[    0.059284]  [<c14a8a0e>] ? printk+0x1d/0x1f
[    0.059287]  [<c107b56f>] set_fail+0x4f/0x60
[    0.059289]  [<c107b8b3>] sysctl_check_table+0x333/0x620
[    0.059291]  [<c107b8cc>] sysctl_check_table+0x34c/0x620
[    0.059293]  [<c107b8cc>] sysctl_check_table+0x34c/0x620
[    0.059296]  [<c1746d48>] sysctl_init+0x25/0x29
[    0.059299]  [<c1003042>] do_one_initcall+0x32/0x1a0
[    0.059301]  [<c1746d23>] ? sysctl_init+0x0/0x29
[    0.059303]  [<c17308e7>] kernel_init+0x12d/0x17a
[    0.059305]  [<c17307ba>] ? kernel_init+0x0/0x17a
[    0.059307]  [<c1009b07>] kernel_thread_helper+0x7/0x10
[    0.059308] sysctl table check failed: /kernel/random/now_blocking .1.40.8 Unknown sysctl binary path
[    0.059538] Pid: 1, comm: swapper Not tainted 2.6.32.57 #4
[    0.059539] Call Trace:
[    0.059540]  [<c14a8a0e>] ? printk+0x1d/0x1f
[    0.059542]  [<c107b56f>] set_fail+0x4f/0x60
[    0.059543]  [<c107b8b3>] sysctl_check_table+0x333/0x620
[    0.059545]  [<c107b8cc>] sysctl_check_table+0x34c/0x620
[    0.059546]  [<c107b8cc>] sysctl_check_table+0x34c/0x620
[    0.059549]  [<c1746d48>] sysctl_init+0x25/0x29
[    0.059550]  [<c1003042>] do_one_initcall+0x32/0x1a0
[    0.059552]  [<c1746d23>] ? sysctl_init+0x0/0x29
[    0.059554]  [<c17308e7>] kernel_init+0x12d/0x17a
[    0.059555]  [<c17307ba>] ? kernel_init+0x0/0x17a
[    0.059557]  [<c1009b07>] kernel_thread_helper+0x7/0x10
[    0.059558] sysctl table check failed: /kernel/random/now_nonblocking .1.40.9 Unknown sysctl binary path
[    0.059788] Pid: 1, comm: swapper Not tainted 2.6.32.57 #4
[    0.059789] Call Trace:
[    0.059790]  [<c14a8a0e>] ? printk+0x1d/0x1f
[    0.059792]  [<c107b56f>] set_fail+0x4f/0x60
[    0.059793]  [<c107b8b3>] sysctl_check_table+0x333/0x620
[    0.059795]  [<c107b8cc>] sysctl_check_table+0x34c/0x620
[    0.059797]  [<c107b8cc>] sysctl_check_table+0x34c/0x620
[    0.059799]  [<c1746d48>] sysctl_init+0x25/0x29
[    0.059800]  [<c1003042>] do_one_initcall+0x32/0x1a0
[    0.059802]  [<c1746d23>] ? sysctl_init+0x0/0x29
[    0.059804]  [<c17308e7>] kernel_init+0x12d/0x17a
[    0.059805]  [<c17307ba>] ? kernel_init+0x0/0x17a
[    0.059807]  [<c1009b07>] kernel_thread_helper+0x7/0x10
[    0.059808] sysctl table check failed: /kernel/random/nb_input_bytes .1.40.10 Unknown sysctl binary path
[    0.060082] Pid: 1, comm: swapper Not tainted 2.6.32.57 #4
[    0.060083] Call Trace:
[    0.060085]  [<c14a8a0e>] ? printk+0x1d/0x1f
[    0.060086]  [<c107b56f>] set_fail+0x4f/0x60
[    0.060088]  [<c107b8b3>] sysctl_check_table+0x333/0x620
[    0.060089]  [<c107b8cc>] sysctl_check_table+0x34c/0x620
[    0.060091]  [<c107b8cc>] sysctl_check_table+0x34c/0x620
[    0.060093]  [<c1746d48>] sysctl_init+0x25/0x29
[    0.060095]  [<c1003042>] do_one_initcall+0x32/0x1a0
[    0.060097]  [<c1746d23>] ? sysctl_init+0x0/0x29
[    0.060098]  [<c17308e7>] kernel_init+0x12d/0x17a
[    0.060100]  [<c17307ba>] ? kernel_init+0x0/0x17a
[    0.060101]  [<c1009b07>] kernel_thread_helper+0x7/0x10
[    0.060103] sysctl table check failed: /kernel/random/nb_stir_count .1.40.11 Unknown sysctl binary path
[    0.060333] Pid: 1, comm: swapper Not tainted 2.6.32.57 #4
[    0.060334] Call Trace:
[    0.060335]  [<c14a8a0e>] ? printk+0x1d/0x1f
[    0.060337]  [<c107b56f>] set_fail+0x4f/0x60
[    0.060338]  [<c107b8b3>] sysctl_check_table+0x333/0x620
[    0.060340]  [<c107b8cc>] sysctl_check_table+0x34c/0x620
[    0.060341]  [<c107b8cc>] sysctl_check_table+0x34c/0x620
[    0.060343]  [<c1746d48>] sysctl_init+0x25/0x29
[    0.060345]  [<c1003042>] do_one_initcall+0x32/0x1a0
[    0.060347]  [<c1746d23>] ? sysctl_init+0x0/0x29
[    0.060348]  [<c17308e7>] kernel_init+0x12d/0x17a
[    0.060350]  [<c17307ba>] ? kernel_init+0x0/0x17a
[    0.060351]  [<c1009b07>] kernel_thread_helper+0x7/0x10
[    0.060353] sysctl table check failed: /kernel/random/nb_reentry_count .1.40.12 Unknown sysctl binary path
[    0.060585] Pid: 1, comm: swapper Not tainted 2.6.32.57 #4
[    0.060585] Call Trace:
[    0.060587]  [<c14a8a0e>] ? printk+0x1d/0x1f
[    0.060588]  [<c107b56f>] set_fail+0x4f/0x60
[    0.060589]  [<c107b8b3>] sysctl_check_table+0x333/0x620
[    0.060591]  [<c107b8cc>] sysctl_check_table+0x34c/0x620
[    0.060593]  [<c107b8cc>] sysctl_check_table+0x34c/0x620
[    0.060595]  [<c1746d48>] sysctl_init+0x25/0x29
[    0.060596]  [<c1003042>] do_one_initcall+0x32/0x1a0
[    0.060598]  [<c1746d23>] ? sysctl_init+0x0/0x29
[    0.060600]  [<c17308e7>] kernel_init+0x12d/0x17a
[    0.060601]  [<c17307ba>] ? kernel_init+0x0/0x17a
[    0.060603]  [<c1009b07>] kernel_thread_helper+0x7/0x10
[    0.060715] RANDOM - __seed init called.
[    0.060716] RANDOM - __seed init called.
[    0.060717] RANDOM - __seed init called.
[    0.060718] RANDOM - __random32 called. Change num 1.  Value: 97305ca5	7ac4e314	874f43ab
[    0.060720] RANDOM - __random32 called. Change num 2.  Value: 5ca5394	ac4e3148	8757a6ab
[    0.060721] RANDOM - __random32 called. Change num 3.  Value: a53949f7	c4e3148e	4d57bd52
[    0.060722] RANDOM - __random32 called. Change num 4.  Value: 949f7180	4e3148eb	7aa4fd4a
[    0.060723] RANDOM - __random32 called. Change num 5.  Value: f7180f55	e3148ebb	fa95f062
[    0.060725] RANDOM - __random32 called. Change num 6.  Value: 80f55ede	3148ebb7	e0c5c74e
[    0.060726] RANDOM - random32 init called.  Value: 80f55ede	3148ebb7	e0c5c74e
[    0.060732] regulator: core version 0.5
[    0.060796] Time: 22:11:51  Date: 05/24/13
[    0.060831] NET: Registered protocol family 16
[    0.060894] EISA bus registered
[    0.061652] ACPI: bus type pci registered
[    0.061777] PCI: MCFG configuration 0: base e0000000 segment 0 buses 0 - 255
[    0.061778] PCI: MCFG area at e0000000 reserved in E820
[    0.061779] PCI: Using MMCONFIG for extended config space
[    0.061780] PCI: Using configuration type 1 for base access
[    0.062405] bio: create slab <bio-0> at 0
[    0.063775] ACPI: EC: Look up EC in DSDT
[    0.101752] ACPI: BIOS _OSI(Linux) query ignored
[    0.108439] ACPI: Interpreter enabled
[    0.108443] ACPI: (supports S0 S1 S4 S5)
[    0.108455] ACPI: Using PIC for interrupt routing
[    0.192001] ACPI: No dock devices found.
[    0.192868] ACPI: PCI Root Bridge [PCI0] (0000:00)
[    0.194554] pci 0000:00:07.1: reg 20 io port: [0x10c0-0x10cf]
[    0.195114] pci 0000:00:07.3: quirk: region 1000-103f claimed by PIIX4 ACPI
[    0.195126] pci 0000:00:07.3: quirk: region 1040-104f claimed by PIIX4 SMB
[    0.195705] pci 0000:00:07.7: reg 10 io port: [0x1080-0x10bf]
[    0.196102] pci 0000:00:07.7: reg 14 64bit mmio: [0xc8000000-0xc8001fff]
[    0.197283] pci 0000:00:0f.0: reg 10 io port: [0x10d0-0x10df]
[    0.197324] pci 0000:00:0f.0: reg 14 32bit mmio pref: [0xd0000000-0xd7ffffff]
[    0.197364] pci 0000:00:0f.0: reg 18 32bit mmio: [0xc8800000-0xc8ffffff]
[    0.197516] pci 0000:00:0f.0: reg 30 32bit mmio pref: [0x000000-0x007fff]
[    0.198075] pci 0000:00:10.0: reg 10 io port: [0x1400-0x14ff]
[    0.198436] pci 0000:00:10.0: reg 14 64bit mmio: [0xc8040000-0xc805ffff]
[    0.198795] pci 0000:00:10.0: reg 1c 64bit mmio: [0xc8020000-0xc803ffff]
[    0.198873] pci 0000:00:10.0: reg 30 32bit mmio pref: [0x000000-0x003fff]
[    0.200322] pci 0000:00:15.0: PME# supported from D0 D3hot D3cold
[    0.200343] pci 0000:00:15.0: PME# disabled
[    0.201274] pci 0000:00:15.1: PME# supported from D0 D3hot D3cold
[    0.201295] pci 0000:00:15.1: PME# disabled
[    0.202257] pci 0000:00:15.2: PME# supported from D0 D3hot D3cold
[    0.202285] pci 0000:00:15.2: PME# disabled
[    0.203262] pci 0000:00:15.3: PME# supported from D0 D3hot D3cold
[    0.203283] pci 0000:00:15.3: PME# disabled
[    0.204222] pci 0000:00:15.4: PME# supported from D0 D3hot D3cold
[    0.204244] pci 0000:00:15.4: PME# disabled
[    0.205173] pci 0000:00:15.5: PME# supported from D0 D3hot D3cold
[    0.205195] pci 0000:00:15.5: PME# disabled
[    0.206151] pci 0000:00:15.6: PME# supported from D0 D3hot D3cold
[    0.206172] pci 0000:00:15.6: PME# disabled
[    0.207094] pci 0000:00:15.7: PME# supported from D0 D3hot D3cold
[    0.207115] pci 0000:00:15.7: PME# disabled
[    0.208097] pci 0000:00:16.0: PME# supported from D0 D3hot D3cold
[    0.208118] pci 0000:00:16.0: PME# disabled
[    0.209072] pci 0000:00:16.1: PME# supported from D0 D3hot D3cold
[    0.209093] pci 0000:00:16.1: PME# disabled
[    0.210016] pci 0000:00:16.2: PME# supported from D0 D3hot D3cold
[    0.210037] pci 0000:00:16.2: PME# disabled
[    0.210959] pci 0000:00:16.3: PME# supported from D0 D3hot D3cold
[    0.210980] pci 0000:00:16.3: PME# disabled
[    0.211925] pci 0000:00:16.4: PME# supported from D0 D3hot D3cold
[    0.211946] pci 0000:00:16.4: PME# disabled
[    0.212876] pci 0000:00:16.5: PME# supported from D0 D3hot D3cold
[    0.212896] pci 0000:00:16.5: PME# disabled
[    0.213812] pci 0000:00:16.6: PME# supported from D0 D3hot D3cold
[    0.213833] pci 0000:00:16.6: PME# disabled
[    0.214739] pci 0000:00:16.7: PME# supported from D0 D3hot D3cold
[    0.214759] pci 0000:00:16.7: PME# disabled
[    0.215675] pci 0000:00:17.0: PME# supported from D0 D3hot D3cold
[    0.215708] pci 0000:00:17.0: PME# disabled
[    0.216618] pci 0000:00:17.1: PME# supported from D0 D3hot D3cold
[    0.216639] pci 0000:00:17.1: PME# disabled
[    0.217574] pci 0000:00:17.2: PME# supported from D0 D3hot D3cold
[    0.217594] pci 0000:00:17.2: PME# disabled
[    0.218539] pci 0000:00:17.3: PME# supported from D0 D3hot D3cold
[    0.218560] pci 0000:00:17.3: PME# disabled
[    0.219525] pci 0000:00:17.4: PME# supported from D0 D3hot D3cold
[    0.219546] pci 0000:00:17.4: PME# disabled
[    0.220478] pci 0000:00:17.5: PME# supported from D0 D3hot D3cold
[    0.220499] pci 0000:00:17.5: PME# disabled
[    0.221419] pci 0000:00:17.6: PME# supported from D0 D3hot D3cold
[    0.221440] pci 0000:00:17.6: PME# disabled
[    0.222367] pci 0000:00:17.7: PME# supported from D0 D3hot D3cold
[    0.222388] pci 0000:00:17.7: PME# disabled
[    0.223317] pci 0000:00:18.0: PME# supported from D0 D3hot D3cold
[    0.223338] pci 0000:00:18.0: PME# disabled
[    0.224271] pci 0000:00:18.1: PME# supported from D0 D3hot D3cold
[    0.224291] pci 0000:00:18.1: PME# disabled
[    0.225226] pci 0000:00:18.2: PME# supported from D0 D3hot D3cold
[    0.225246] pci 0000:00:18.2: PME# disabled
[    0.226175] pci 0000:00:18.3: PME# supported from D0 D3hot D3cold
[    0.226197] pci 0000:00:18.3: PME# disabled
[    0.227125] pci 0000:00:18.4: PME# supported from D0 D3hot D3cold
[    0.227145] pci 0000:00:18.4: PME# disabled
[    0.228083] pci 0000:00:18.5: PME# supported from D0 D3hot D3cold
[    0.228104] pci 0000:00:18.5: PME# disabled
[    0.229027] pci 0000:00:18.6: PME# supported from D0 D3hot D3cold
[    0.229048] pci 0000:00:18.6: PME# disabled
[    0.229971] pci 0000:00:18.7: PME# supported from D0 D3hot D3cold
[    0.229992] pci 0000:00:18.7: PME# disabled
[    0.231159] pci 0000:02:00.0: reg 20 io port: [0x20c0-0x20df]
[    0.231690] pci 0000:02:01.0: reg 10 io port: [0x2000-0x207f]
[    0.231967] pci 0000:02:01.0: reg 30 32bit mmio pref: [0x000000-0x00ffff]
[    0.232508] pci 0000:02:02.0: reg 10 io port: [0x2080-0x20bf]
[    0.233131] pci 0000:02:03.0: reg 10 32bit mmio: [0xc9000000-0xc9000fff]
[    0.233742] pci 0000:00:11.0: transparent bridge
[    0.233763] pci 0000:00:11.0: bridge io port: [0x2000-0x3fff]
[    0.233784] pci 0000:00:11.0: bridge 32bit mmio: [0xc9000000-0xca3fffff]
[    0.233824] pci 0000:00:11.0: bridge 64bit mmio pref: [0xd8400000-0xd89fffff]
[    0.234204] pci 0000:00:15.0: bridge io port: [0x4000-0x4fff]
[    0.234225] pci 0000:00:15.0: bridge 32bit mmio: [0xca400000-0xca4fffff]
[    0.234265] pci 0000:00:15.0: bridge 64bit mmio pref: [0xd8a00000-0xd8afffff]
[    0.234641] pci 0000:00:15.1: bridge io port: [0x8000-0x8fff]
[    0.234663] pci 0000:00:15.1: bridge 32bit mmio: [0xca800000-0xca8fffff]
[    0.234714] pci 0000:00:15.1: bridge 64bit mmio pref: [0xd8e00000-0xd8efffff]
[    0.235100] pci 0000:00:15.2: bridge io port: [0xc000-0xcfff]
[    0.235121] pci 0000:00:15.2: bridge 32bit mmio: [0xcac00000-0xcacfffff]
[    0.235160] pci 0000:00:15.2: bridge 64bit mmio pref: [0xd9200000-0xd92fffff]
[    0.235567] pci 0000:00:15.3: bridge 32bit mmio: [0xcb000000-0xcb0fffff]
[    0.235606] pci 0000:00:15.3: bridge 64bit mmio pref: [0xd9600000-0xd96fffff]
[    0.236032] pci 0000:00:15.4: bridge 32bit mmio: [0xcb400000-0xcb4fffff]
[    0.236072] pci 0000:00:15.4: bridge 64bit mmio pref: [0xd9a00000-0xd9afffff]
[    0.236468] pci 0000:00:15.5: bridge 32bit mmio: [0xcb800000-0xcb8fffff]
[    0.236508] pci 0000:00:15.5: bridge 64bit mmio pref: [0xd9e00000-0xd9efffff]
[    0.236932] pci 0000:00:15.6: bridge 32bit mmio: [0xcbc00000-0xcbcfffff]
[    0.236972] pci 0000:00:15.6: bridge 64bit mmio pref: [0xda200000-0xda2fffff]
[    0.237367] pci 0000:00:15.7: bridge 32bit mmio: [0xcc000000-0xcc0fffff]
[    0.237407] pci 0000:00:15.7: bridge 64bit mmio pref: [0xda600000-0xda6fffff]
[    0.237804] pci 0000:00:16.0: bridge io port: [0x5000-0x5fff]
[    0.237825] pci 0000:00:16.0: bridge 32bit mmio: [0xca500000-0xca5fffff]
[    0.237865] pci 0000:00:16.0: bridge 64bit mmio pref: [0xd8b00000-0xd8bfffff]
[    0.238241] pci 0000:00:16.1: bridge io port: [0x9000-0x9fff]
[    0.238262] pci 0000:00:16.1: bridge 32bit mmio: [0xca900000-0xca9fffff]
[    0.238302] pci 0000:00:16.1: bridge 64bit mmio pref: [0xd8f00000-0xd8ffffff]
[    0.238696] pci 0000:00:16.2: bridge io port: [0xd000-0xdfff]
[    0.238726] pci 0000:00:16.2: bridge 32bit mmio: [0xcad00000-0xcadfffff]
[    0.238765] pci 0000:00:16.2: bridge 64bit mmio pref: [0xd9300000-0xd93fffff]
[    0.239160] pci 0000:00:16.3: bridge 32bit mmio: [0xcb100000-0xcb1fffff]
[    0.239200] pci 0000:00:16.3: bridge 64bit mmio pref: [0xd9700000-0xd97fffff]
[    0.239633] pci 0000:00:16.4: bridge 32bit mmio: [0xcb500000-0xcb5fffff]
[    0.239709] pci 0000:00:16.4: bridge 64bit mmio pref: [0xd9b00000-0xd9bfffff]
[    0.240101] pci 0000:00:16.5: bridge 32bit mmio: [0xcb900000-0xcb9fffff]
[    0.240140] pci 0000:00:16.5: bridge 64bit mmio pref: [0xd9f00000-0xd9ffffff]
[    0.240517] pci 0000:00:16.6: bridge 32bit mmio: [0xcbd00000-0xcbdfffff]
[    0.240556] pci 0000:00:16.6: bridge 64bit mmio pref: [0xda300000-0xda3fffff]
[    0.240939] pci 0000:00:16.7: bridge 32bit mmio: [0xcc100000-0xcc1fffff]
[    0.240977] pci 0000:00:16.7: bridge 64bit mmio pref: [0xda700000-0xda7fffff]
[    0.241336] pci 0000:00:17.0: bridge io port: [0x6000-0x6fff]
[    0.241356] pci 0000:00:17.0: bridge 32bit mmio: [0xca600000-0xca6fffff]
[    0.241394] pci 0000:00:17.0: bridge 64bit mmio pref: [0xd8c00000-0xd8cfffff]
[    0.241755] pci 0000:00:17.1: bridge io port: [0xa000-0xafff]
[    0.241775] pci 0000:00:17.1: bridge 32bit mmio: [0xcaa00000-0xcaafffff]
[    0.241813] pci 0000:00:17.1: bridge 64bit mmio pref: [0xd9000000-0xd90fffff]
[    0.242171] pci 0000:00:17.2: bridge io port: [0xe000-0xefff]
[    0.242191] pci 0000:00:17.2: bridge 32bit mmio: [0xcae00000-0xcaefffff]
[    0.242229] pci 0000:00:17.2: bridge 64bit mmio pref: [0xd9400000-0xd94fffff]
[    0.242605] pci 0000:00:17.3: bridge 32bit mmio: [0xcb200000-0xcb2fffff]
[    0.242643] pci 0000:00:17.3: bridge 64bit mmio pref: [0xd9800000-0xd98fffff]
[    0.243029] pci 0000:00:17.4: bridge 32bit mmio: [0xcb600000-0xcb6fffff]
[    0.243067] pci 0000:00:17.4: bridge 64bit mmio pref: [0xd9c00000-0xd9cfffff]
[    0.243443] pci 0000:00:17.5: bridge 32bit mmio: [0xcba00000-0xcbafffff]
[    0.243481] pci 0000:00:17.5: bridge 64bit mmio pref: [0xda000000-0xda0fffff]
[    0.243878] pci 0000:00:17.6: bridge 32bit mmio: [0xcbe00000-0xcbefffff]
[    0.243916] pci 0000:00:17.6: bridge 64bit mmio pref: [0xda400000-0xda4fffff]
[    0.244293] pci 0000:00:17.7: bridge 32bit mmio: [0xcc200000-0xcc2fffff]
[    0.244331] pci 0000:00:17.7: bridge 64bit mmio pref: [0xda800000-0xda8fffff]
[    0.244697] pci 0000:00:18.0: bridge io port: [0x7000-0x7fff]
[    0.244717] pci 0000:00:18.0: bridge 32bit mmio: [0xca700000-0xca7fffff]
[    0.244755] pci 0000:00:18.0: bridge 64bit mmio pref: [0xd8d00000-0xd8dfffff]
[    0.245112] pci 0000:00:18.1: bridge io port: [0xb000-0xbfff]
[    0.245132] pci 0000:00:18.1: bridge 32bit mmio: [0xcab00000-0xcabfffff]
[    0.245170] pci 0000:00:18.1: bridge 64bit mmio pref: [0xd9100000-0xd91fffff]
[    0.245527] pci 0000:00:18.2: bridge io port: [0xf000-0xffff]
[    0.245547] pci 0000:00:18.2: bridge 32bit mmio: [0xcaf00000-0xcaffffff]
[    0.245585] pci 0000:00:18.2: bridge 64bit mmio pref: [0xd9500000-0xd95fffff]
[    0.245969] pci 0000:00:18.3: bridge 32bit mmio: [0xcb300000-0xcb3fffff]
[    0.246007] pci 0000:00:18.3: bridge 64bit mmio pref: [0xd9900000-0xd99fffff]
[    0.246382] pci 0000:00:18.4: bridge 32bit mmio: [0xcb700000-0xcb7fffff]
[    0.246420] pci 0000:00:18.4: bridge 64bit mmio pref: [0xd9d00000-0xd9dfffff]
[    0.246815] pci 0000:00:18.5: bridge 32bit mmio: [0xcbb00000-0xcbbfffff]
[    0.246853] pci 0000:00:18.5: bridge 64bit mmio pref: [0xda100000-0xda1fffff]
[    0.247230] pci 0000:00:18.6: bridge 32bit mmio: [0xcbf00000-0xcbffffff]
[    0.247268] pci 0000:00:18.6: bridge 64bit mmio pref: [0xda500000-0xda5fffff]
[    0.247714] pci 0000:00:18.7: bridge 32bit mmio: [0xcc300000-0xcc3fffff]
[    0.247753] pci 0000:00:18.7: bridge 64bit mmio pref: [0xda900000-0xda9fffff]
[    0.249231] pci_bus 0000:00: on NUMA node 0
[    0.249239] ACPI: PCI Interrupt Routing Table [\_SB_.PCI0._PRT]
[    0.492572] ACPI: PCI Interrupt Link [LNKA] (IRQs 3 4 5 6 7 *9 10 11 14 15)
[    0.492717] ACPI: PCI Interrupt Link [LNKB] (IRQs 3 4 5 6 7 9 10 *11 14 15)
[    0.492857] ACPI: PCI Interrupt Link [LNKC] (IRQs 3 4 5 6 7 9 *10 11 14 15)
[    0.492997] ACPI: PCI Interrupt Link [LNKD] (IRQs 3 4 *5 6 7 9 10 11 14 15)
[    0.493123] vgaarb: device added: PCI:0000:00:0f.0,decodes=io+mem,owns=io+mem,locks=none
[    0.493133] vgaarb: loaded
[    0.493221] SCSI subsystem initialized
[    0.493263] libata version 3.00 loaded.
[    0.493321] usbcore: registered new interface driver usbfs
[    0.493342] usbcore: registered new interface driver hub
[    0.493358] usbcore: registered new device driver usb
[    0.493422] PCI: Using ACPI for IRQ routing
[    0.494348] NetLabel: Initializing
[    0.494349] NetLabel:  domain hash size = 128
[    0.494350] NetLabel:  protocols = UNLABELED CIPSOv4
[    0.494357] NetLabel:  unlabeled traffic allowed by default
[    0.494474] hpet0: at MMIO 0xfed00000, IRQs 2, 8, 0, 0, 0, 0, 0, 0, 0, 0, 0, 0, 0, 0, 0, 0
[    0.494480] hpet0: 16 comparators, 64-bit 14.318180 MHz counter
[    0.497556] Switching to clocksource tsc
[    0.504629] pnp: PnP ACPI init
[    0.504640] ACPI: bus type pnp registered
[    0.547368] pnp: PnP ACPI: found 14 devices
[    0.547370] ACPI: ACPI bus type pnp unregistered
[    0.547373] PnPBIOS: Disabled by ACPI PNP
[    0.547384] system 00:01: ioport range 0x1000-0x103f has been reserved
[    0.547386] system 00:01: ioport range 0x1040-0x104f has been reserved
[    0.547387] system 00:01: ioport range 0xcf0-0xcf1 has been reserved
[    0.547394] system 00:08: iomem range 0xfed00000-0xfed003ff has been reserved
[    0.547397] system 00:0d: ioport range 0x1060-0x107f has been reserved
[    0.547399] system 00:0d: iomem range 0xe0000000-0xefffffff has been reserved
[    0.547401] system 00:0d: iomem range 0xc8200000-0xc83fffff has been reserved
[    0.582080] pci 0000:00:15.3: BAR 13: can't allocate I/O resource [0x10000-0xffff]
[    0.582084] pci 0000:00:15.4: BAR 13: can't allocate I/O resource [0x10000-0xffff]
[    0.582087] pci 0000:00:15.5: BAR 13: can't allocate I/O resource [0x10000-0xffff]
[    0.582089] pci 0000:00:15.6: BAR 13: can't allocate I/O resource [0x10000-0xffff]
[    0.582092] pci 0000:00:15.7: BAR 13: can't allocate I/O resource [0x10000-0xffff]
[    0.582095] pci 0000:00:16.3: BAR 13: can't allocate I/O resource [0x10000-0xffff]
[    0.582097] pci 0000:00:16.4: BAR 13: can't allocate I/O resource [0x10000-0xffff]
[    0.582100] pci 0000:00:16.5: BAR 13: can't allocate I/O resource [0x10000-0xffff]
[    0.582103] pci 0000:00:16.6: BAR 13: can't allocate I/O resource [0x10000-0xffff]
[    0.582106] pci 0000:00:16.7: BAR 13: can't allocate I/O resource [0x10000-0xffff]
[    0.582109] pci 0000:00:17.3: BAR 13: can't allocate I/O resource [0x10000-0xffff]
[    0.582113] pci 0000:00:17.4: BAR 13: can't allocate I/O resource [0x10000-0xffff]
[    0.582116] pci 0000:00:17.5: BAR 13: can't allocate I/O resource [0x10000-0xffff]
[    0.582119] pci 0000:00:17.6: BAR 13: can't allocate I/O resource [0x10000-0xffff]
[    0.582121] pci 0000:00:17.7: BAR 13: can't allocate I/O resource [0x10000-0xffff]
[    0.582124] pci 0000:00:18.3: BAR 13: can't allocate I/O resource [0x10000-0xffff]
[    0.582127] pci 0000:00:18.4: BAR 13: can't allocate I/O resource [0x10000-0xffff]
[    0.582129] pci 0000:00:18.5: BAR 13: can't allocate I/O resource [0x10000-0xffff]
[    0.582132] pci 0000:00:18.6: BAR 13: can't allocate I/O resource [0x10000-0xffff]
[    0.582135] pci 0000:00:18.7: BAR 13: can't allocate I/O resource [0x10000-0xffff]
[    0.582137] pci 0000:00:01.0: PCI bridge, secondary bus 0000:01
[    0.582139] pci 0000:00:01.0:   IO window: disabled
[    0.582167] pci 0000:00:01.0:   MEM window: disabled
[    0.582186] pci 0000:00:01.0:   PREFETCH window: disabled
[    0.582224] pci 0000:00:11.0: PCI bridge, secondary bus 0000:02
[    0.582235] pci 0000:00:11.0:   IO window: 0x2000-0x3fff
[    0.582263] pci 0000:00:11.0:   MEM window: 0xc9000000-0xca3fffff
[    0.582282] pci 0000:00:11.0:   PREFETCH window: 0x000000d8400000-0x000000d89fffff
[    0.582318] pci 0000:00:15.0: PCI bridge, secondary bus 0000:03
[    0.582329] pci 0000:00:15.0:   IO window: 0x4000-0x4fff
[    0.582357] pci 0000:00:15.0:   MEM window: 0xca400000-0xca4fffff
[    0.582376] pci 0000:00:15.0:   PREFETCH window: 0x000000d8a00000-0x000000d8afffff
[    0.582425] pci 0000:00:15.1: PCI bridge, secondary bus 0000:04
[    0.582436] pci 0000:00:15.1:   IO window: 0x8000-0x8fff
[    0.582464] pci 0000:00:15.1:   MEM window: 0xca800000-0xca8fffff
[    0.582483] pci 0000:00:15.1:   PREFETCH window: 0x000000d8e00000-0x000000d8efffff
[    0.582523] pci 0000:00:15.2: PCI bridge, secondary bus 0000:05
[    0.582534] pci 0000:00:15.2:   IO window: 0xc000-0xcfff
[    0.582562] pci 0000:00:15.2:   MEM window: 0xcac00000-0xcacfffff
[    0.582581] pci 0000:00:15.2:   PREFETCH window: 0x000000d9200000-0x000000d92fffff
[    0.582621] pci 0000:00:15.3: PCI bridge, secondary bus 0000:06
[    0.582622] pci 0000:00:15.3:   IO window: disabled
[    0.582650] pci 0000:00:15.3:   MEM window: 0xcb000000-0xcb0fffff
[    0.582669] pci 0000:00:15.3:   PREFETCH window: 0x000000d9600000-0x000000d96fffff
[    0.582709] pci 0000:00:15.4: PCI bridge, secondary bus 0000:07
[    0.582711] pci 0000:00:15.4:   IO window: disabled
[    0.582738] pci 0000:00:15.4:   MEM window: 0xcb400000-0xcb4fffff
[    0.582758] pci 0000:00:15.4:   PREFETCH window: 0x000000d9a00000-0x000000d9afffff
[    0.582814] pci 0000:00:15.5: PCI bridge, secondary bus 0000:08
[    0.582816] pci 0000:00:15.5:   IO window: disabled
[    0.582853] pci 0000:00:15.5:   MEM window: 0xcb800000-0xcb8fffff
[    0.582872] pci 0000:00:15.5:   PREFETCH window: 0x000000d9e00000-0x000000d9efffff
[    0.582912] pci 0000:00:15.6: PCI bridge, secondary bus 0000:09
[    0.582913] pci 0000:00:15.6:   IO window: disabled
[    0.582941] pci 0000:00:15.6:   MEM window: 0xcbc00000-0xcbcfffff
[    0.582960] pci 0000:00:15.6:   PREFETCH window: 0x000000da200000-0x000000da2fffff
[    0.583000] pci 0000:00:15.7: PCI bridge, secondary bus 0000:0a
[    0.583002] pci 0000:00:15.7:   IO window: disabled
[    0.583029] pci 0000:00:15.7:   MEM window: 0xcc000000-0xcc0fffff
[    0.583049] pci 0000:00:15.7:   PREFETCH window: 0x000000da600000-0x000000da6fffff
[    0.583088] pci 0000:00:16.0: PCI bridge, secondary bus 0000:0b
[    0.583099] pci 0000:00:16.0:   IO window: 0x5000-0x5fff
[    0.583127] pci 0000:00:16.0:   MEM window: 0xca500000-0xca5fffff
[    0.583146] pci 0000:00:16.0:   PREFETCH window: 0x000000d8b00000-0x000000d8bfffff
[    0.583186] pci 0000:00:16.1: PCI bridge, secondary bus 0000:0c
[    0.583196] pci 0000:00:16.1:   IO window: 0x9000-0x9fff
[    0.583224] pci 0000:00:16.1:   MEM window: 0xca900000-0xca9fffff
[    0.583243] pci 0000:00:16.1:   PREFETCH window: 0x000000d8f00000-0x000000d8ffffff
[    0.583283] pci 0000:00:16.2: PCI bridge, secondary bus 0000:0d
[    0.583294] pci 0000:00:16.2:   IO window: 0xd000-0xdfff
[    0.583321] pci 0000:00:16.2:   MEM window: 0xcad00000-0xcadfffff
[    0.583341] pci 0000:00:16.2:   PREFETCH window: 0x000000d9300000-0x000000d93fffff
[    0.583380] pci 0000:00:16.3: PCI bridge, secondary bus 0000:0e
[    0.583382] pci 0000:00:16.3:   IO window: disabled
[    0.583410] pci 0000:00:16.3:   MEM window: 0xcb100000-0xcb1fffff
[    0.583429] pci 0000:00:16.3:   PREFETCH window: 0x000000d9700000-0x000000d97fffff
[    0.583468] pci 0000:00:16.4: PCI bridge, secondary bus 0000:0f
[    0.583470] pci 0000:00:16.4:   IO window: disabled
[    0.583498] pci 0000:00:16.4:   MEM window: 0xcb500000-0xcb5fffff
[    0.583517] pci 0000:00:16.4:   PREFETCH window: 0x000000d9b00000-0x000000d9bfffff
[    0.583556] pci 0000:00:16.5: PCI bridge, secondary bus 0000:10
[    0.583558] pci 0000:00:16.5:   IO window: disabled
[    0.583585] pci 0000:00:16.5:   MEM window: 0xcb900000-0xcb9fffff
[    0.583605] pci 0000:00:16.5:   PREFETCH window: 0x000000d9f00000-0x000000d9ffffff
[    0.583644] pci 0000:00:16.6: PCI bridge, secondary bus 0000:11
[    0.583646] pci 0000:00:16.6:   IO window: disabled
[    0.583673] pci 0000:00:16.6:   MEM window: 0xcbd00000-0xcbdfffff
[    0.583692] pci 0000:00:16.6:   PREFETCH window: 0x000000da300000-0x000000da3fffff
[    0.583732] pci 0000:00:16.7: PCI bridge, secondary bus 0000:12
[    0.583734] pci 0000:00:16.7:   IO window: disabled
[    0.583761] pci 0000:00:16.7:   MEM window: 0xcc100000-0xcc1fffff
[    0.583782] pci 0000:00:16.7:   PREFETCH window: 0x000000da700000-0x000000da7fffff
[    0.583841] pci 0000:00:17.0: PCI bridge, secondary bus 0000:13
[    0.583852] pci 0000:00:17.0:   IO window: 0x6000-0x6fff
[    0.583880] pci 0000:00:17.0:   MEM window: 0xca600000-0xca6fffff
[    0.583899] pci 0000:00:17.0:   PREFETCH window: 0x000000d8c00000-0x000000d8cfffff
[    0.583938] pci 0000:00:17.1: PCI bridge, secondary bus 0000:14
[    0.583949] pci 0000:00:17.1:   IO window: 0xa000-0xafff
[    0.583977] pci 0000:00:17.1:   MEM window: 0xcaa00000-0xcaafffff
[    0.583996] pci 0000:00:17.1:   PREFETCH window: 0x000000d9000000-0x000000d90fffff
[    0.584035] pci 0000:00:17.2: PCI bridge, secondary bus 0000:15
[    0.584046] pci 0000:00:17.2:   IO window: 0xe000-0xefff
[    0.584074] pci 0000:00:17.2:   MEM window: 0xcae00000-0xcaefffff
[    0.584093] pci 0000:00:17.2:   PREFETCH window: 0x000000d9400000-0x000000d94fffff
[    0.584132] pci 0000:00:17.3: PCI bridge, secondary bus 0000:16
[    0.584134] pci 0000:00:17.3:   IO window: disabled
[    0.584162] pci 0000:00:17.3:   MEM window: 0xcb200000-0xcb2fffff
[    0.584181] pci 0000:00:17.3:   PREFETCH window: 0x000000d9800000-0x000000d98fffff
[    0.584220] pci 0000:00:17.4: PCI bridge, secondary bus 0000:17
[    0.584222] pci 0000:00:17.4:   IO window: disabled
[    0.584250] pci 0000:00:17.4:   MEM window: 0xcb600000-0xcb6fffff
[    0.584269] pci 0000:00:17.4:   PREFETCH window: 0x000000d9c00000-0x000000d9cfffff
[    0.584308] pci 0000:00:17.5: PCI bridge, secondary bus 0000:18
[    0.584310] pci 0000:00:17.5:   IO window: disabled
[    0.584338] pci 0000:00:17.5:   MEM window: 0xcba00000-0xcbafffff
[    0.584357] pci 0000:00:17.5:   PREFETCH window: 0x000000da000000-0x000000da0fffff
[    0.584397] pci 0000:00:17.6: PCI bridge, secondary bus 0000:19
[    0.584398] pci 0000:00:17.6:   IO window: disabled
[    0.584426] pci 0000:00:17.6:   MEM window: 0xcbe00000-0xcbefffff
[    0.584445] pci 0000:00:17.6:   PREFETCH window: 0x000000da400000-0x000000da4fffff
[    0.584484] pci 0000:00:17.7: PCI bridge, secondary bus 0000:1a
[    0.584486] pci 0000:00:17.7:   IO window: disabled
[    0.584514] pci 0000:00:17.7:   MEM window: 0xcc200000-0xcc2fffff
[    0.584533] pci 0000:00:17.7:   PREFETCH window: 0x000000da800000-0x000000da8fffff
[    0.584572] pci 0000:00:18.0: PCI bridge, secondary bus 0000:1b
[    0.584583] pci 0000:00:18.0:   IO window: 0x7000-0x7fff
[    0.584611] pci 0000:00:18.0:   MEM window: 0xca700000-0xca7fffff
[    0.584630] pci 0000:00:18.0:   PREFETCH window: 0x000000d8d00000-0x000000d8dfffff
[    0.584670] pci 0000:00:18.1: PCI bridge, secondary bus 0000:1c
[    0.584681] pci 0000:00:18.1:   IO window: 0xb000-0xbfff
[    0.584709] pci 0000:00:18.1:   MEM window: 0xcab00000-0xcabfffff
[    0.584728] pci 0000:00:18.1:   PREFETCH window: 0x000000d9100000-0x000000d91fffff
[    0.584767] pci 0000:00:18.2: PCI bridge, secondary bus 0000:1d
[    0.584780] pci 0000:00:18.2:   IO window: 0xf000-0xffff
[    0.584828] pci 0000:00:18.2:   MEM window: 0xcaf00000-0xcaffffff
[    0.584863] pci 0000:00:18.2:   PREFETCH window: 0x000000d9500000-0x000000d95fffff
[    0.584905] pci 0000:00:18.3: PCI bridge, secondary bus 0000:1e
[    0.584907] pci 0000:00:18.3:   IO window: disabled
[    0.584934] pci 0000:00:18.3:   MEM window: 0xcb300000-0xcb3fffff
[    0.584954] pci 0000:00:18.3:   PREFETCH window: 0x000000d9900000-0x000000d99fffff
[    0.584993] pci 0000:00:18.4: PCI bridge, secondary bus 0000:1f
[    0.584995] pci 0000:00:18.4:   IO window: disabled
[    0.585023] pci 0000:00:18.4:   MEM window: 0xcb700000-0xcb7fffff
[    0.585042] pci 0000:00:18.4:   PREFETCH window: 0x000000d9d00000-0x000000d9dfffff
[    0.585081] pci 0000:00:18.5: PCI bridge, secondary bus 0000:20
[    0.585083] pci 0000:00:18.5:   IO window: disabled
[    0.585111] pci 0000:00:18.5:   MEM window: 0xcbb00000-0xcbbfffff
[    0.585130] pci 0000:00:18.5:   PREFETCH window: 0x000000da100000-0x000000da1fffff
[    0.585170] pci 0000:00:18.6: PCI bridge, secondary bus 0000:21
[    0.585171] pci 0000:00:18.6:   IO window: disabled
[    0.585199] pci 0000:00:18.6:   MEM window: 0xcbf00000-0xcbffffff
[    0.585218] pci 0000:00:18.6:   PREFETCH window: 0x000000da500000-0x000000da5fffff
[    0.585258] pci 0000:00:18.7: PCI bridge, secondary bus 0000:22
[    0.585259] pci 0000:00:18.7:   IO window: disabled
[    0.585287] pci 0000:00:18.7:   MEM window: 0xcc300000-0xcc3fffff
[    0.585306] pci 0000:00:18.7:   PREFETCH window: 0x000000da900000-0x000000da9fffff
[    0.585376] pci 0000:00:01.0: setting latency timer to 64
[    0.585477] pci 0000:00:15.0: setting latency timer to 64
[    0.585540] pci 0000:00:15.1: setting latency timer to 64
[    0.585602] pci 0000:00:15.2: setting latency timer to 64
[    0.585664] pci 0000:00:15.3: setting latency timer to 64
[    0.585726] pci 0000:00:15.4: setting latency timer to 64
[    0.585811] pci 0000:00:15.5: setting latency timer to 64
[    0.585903] pci 0000:00:15.6: setting latency timer to 64
[    0.585988] pci 0000:00:15.7: setting latency timer to 64
[    0.586067] pci 0000:00:16.0: setting latency timer to 64
[    0.586144] pci 0000:00:16.1: setting latency timer to 64
[    0.586206] pci 0000:00:16.2: setting latency timer to 64
[    0.586269] pci 0000:00:16.3: setting latency timer to 64
[    0.586331] pci 0000:00:16.4: setting latency timer to 64
[    0.586393] pci 0000:00:16.5: setting latency timer to 64
[    0.586455] pci 0000:00:16.6: setting latency timer to 64
[    0.586517] pci 0000:00:16.7: setting latency timer to 64
[    0.586579] pci 0000:00:17.0: setting latency timer to 64
[    0.586641] pci 0000:00:17.1: setting latency timer to 64
[    0.586703] pci 0000:00:17.2: setting latency timer to 64
[    0.586765] pci 0000:00:17.3: setting latency timer to 64
[    0.586848] pci 0000:00:17.4: setting latency timer to 64
[    0.586909] pci 0000:00:17.5: setting latency timer to 64
[    0.586972] pci 0000:00:17.6: setting latency timer to 64
[    0.587034] pci 0000:00:17.7: setting latency timer to 64
[    0.587096] pci 0000:00:18.0: setting latency timer to 64
[    0.587158] pci 0000:00:18.1: setting latency timer to 64
[    0.587225] pci 0000:00:18.2: setting latency timer to 64
[    0.587287] pci 0000:00:18.3: setting latency timer to 64
[    0.587349] pci 0000:00:18.4: setting latency timer to 64
[    0.587410] pci 0000:00:18.5: setting latency timer to 64
[    0.587472] pci 0000:00:18.6: setting latency timer to 64
[    0.587534] pci 0000:00:18.7: setting latency timer to 64
[    0.587545] pci_bus 0000:00: resource 0 io:  [0x00-0xffff]
[    0.587548] pci_bus 0000:00: resource 1 mem: [0x000000-0xffffffffffffffff]
[    0.587550] pci_bus 0000:02: resource 0 io:  [0x2000-0x3fff]
[    0.587552] pci_bus 0000:02: resource 1 mem: [0xc9000000-0xca3fffff]
[    0.587554] pci_bus 0000:02: resource 2 pref mem [0xd8400000-0xd89fffff]
[    0.587556] pci_bus 0000:02: resource 3 io:  [0x00-0xffff]
[    0.587557] pci_bus 0000:02: resource 4 mem: [0x000000-0xffffffffffffffff]
[    0.587560] pci_bus 0000:03: resource 0 io:  [0x4000-0x4fff]
[    0.587561] pci_bus 0000:03: resource 1 mem: [0xca400000-0xca4fffff]
[    0.587563] pci_bus 0000:03: resource 2 pref mem [0xd8a00000-0xd8afffff]
[    0.587565] pci_bus 0000:04: resource 0 io:  [0x8000-0x8fff]
[    0.587567] pci_bus 0000:04: resource 1 mem: [0xca800000-0xca8fffff]
[    0.587569] pci_bus 0000:04: resource 2 pref mem [0xd8e00000-0xd8efffff]
[    0.587570] pci_bus 0000:05: resource 0 io:  [0xc000-0xcfff]
[    0.587572] pci_bus 0000:05: resource 1 mem: [0xcac00000-0xcacfffff]
[    0.587574] pci_bus 0000:05: resource 2 pref mem [0xd9200000-0xd92fffff]
[    0.587576] pci_bus 0000:06: resource 1 mem: [0xcb000000-0xcb0fffff]
[    0.587578] pci_bus 0000:06: resource 2 pref mem [0xd9600000-0xd96fffff]
[    0.587580] pci_bus 0000:07: resource 1 mem: [0xcb400000-0xcb4fffff]
[    0.587581] pci_bus 0000:07: resource 2 pref mem [0xd9a00000-0xd9afffff]
[    0.587583] pci_bus 0000:08: resource 1 mem: [0xcb800000-0xcb8fffff]
[    0.587585] pci_bus 0000:08: resource 2 pref mem [0xd9e00000-0xd9efffff]
[    0.587587] pci_bus 0000:09: resource 1 mem: [0xcbc00000-0xcbcfffff]
[    0.587589] pci_bus 0000:09: resource 2 pref mem [0xda200000-0xda2fffff]
[    0.587590] pci_bus 0000:0a: resource 1 mem: [0xcc000000-0xcc0fffff]
[    0.587592] pci_bus 0000:0a: resource 2 pref mem [0xda600000-0xda6fffff]
[    0.587594] pci_bus 0000:0b: resource 0 io:  [0x5000-0x5fff]
[    0.587596] pci_bus 0000:0b: resource 1 mem: [0xca500000-0xca5fffff]
[    0.587598] pci_bus 0000:0b: resource 2 pref mem [0xd8b00000-0xd8bfffff]
[    0.587599] pci_bus 0000:0c: resource 0 io:  [0x9000-0x9fff]
[    0.587601] pci_bus 0000:0c: resource 1 mem: [0xca900000-0xca9fffff]
[    0.587603] pci_bus 0000:0c: resource 2 pref mem [0xd8f00000-0xd8ffffff]
[    0.587605] pci_bus 0000:0d: resource 0 io:  [0xd000-0xdfff]
[    0.587606] pci_bus 0000:0d: resource 1 mem: [0xcad00000-0xcadfffff]
[    0.587608] pci_bus 0000:0d: resource 2 pref mem [0xd9300000-0xd93fffff]
[    0.587610] pci_bus 0000:0e: resource 1 mem: [0xcb100000-0xcb1fffff]
[    0.587612] pci_bus 0000:0e: resource 2 pref mem [0xd9700000-0xd97fffff]
[    0.587614] pci_bus 0000:0f: resource 1 mem: [0xcb500000-0xcb5fffff]
[    0.587616] pci_bus 0000:0f: resource 2 pref mem [0xd9b00000-0xd9bfffff]
[    0.587617] pci_bus 0000:10: resource 1 mem: [0xcb900000-0xcb9fffff]
[    0.587619] pci_bus 0000:10: resource 2 pref mem [0xd9f00000-0xd9ffffff]
[    0.587621] pci_bus 0000:11: resource 1 mem: [0xcbd00000-0xcbdfffff]
[    0.587623] pci_bus 0000:11: resource 2 pref mem [0xda300000-0xda3fffff]
[    0.587625] pci_bus 0000:12: resource 1 mem: [0xcc100000-0xcc1fffff]
[    0.587627] pci_bus 0000:12: resource 2 pref mem [0xda700000-0xda7fffff]
[    0.587628] pci_bus 0000:13: resource 0 io:  [0x6000-0x6fff]
[    0.587630] pci_bus 0000:13: resource 1 mem: [0xca600000-0xca6fffff]
[    0.587632] pci_bus 0000:13: resource 2 pref mem [0xd8c00000-0xd8cfffff]
[    0.587634] pci_bus 0000:14: resource 0 io:  [0xa000-0xafff]
[    0.587635] pci_bus 0000:14: resource 1 mem: [0xcaa00000-0xcaafffff]
[    0.587637] pci_bus 0000:14: resource 2 pref mem [0xd9000000-0xd90fffff]
[    0.587639] pci_bus 0000:15: resource 0 io:  [0xe000-0xefff]
[    0.587641] pci_bus 0000:15: resource 1 mem: [0xcae00000-0xcaefffff]
[    0.587642] pci_bus 0000:15: resource 2 pref mem [0xd9400000-0xd94fffff]
[    0.587644] pci_bus 0000:16: resource 1 mem: [0xcb200000-0xcb2fffff]
[    0.587646] pci_bus 0000:16: resource 2 pref mem [0xd9800000-0xd98fffff]
[    0.587648] pci_bus 0000:17: resource 1 mem: [0xcb600000-0xcb6fffff]
[    0.587650] pci_bus 0000:17: resource 2 pref mem [0xd9c00000-0xd9cfffff]
[    0.587652] pci_bus 0000:18: resource 1 mem: [0xcba00000-0xcbafffff]
[    0.587653] pci_bus 0000:18: resource 2 pref mem [0xda000000-0xda0fffff]
[    0.587655] pci_bus 0000:19: resource 1 mem: [0xcbe00000-0xcbefffff]
[    0.587657] pci_bus 0000:19: resource 2 pref mem [0xda400000-0xda4fffff]
[    0.587659] pci_bus 0000:1a: resource 1 mem: [0xcc200000-0xcc2fffff]
[    0.587661] pci_bus 0000:1a: resource 2 pref mem [0xda800000-0xda8fffff]
[    0.587662] pci_bus 0000:1b: resource 0 io:  [0x7000-0x7fff]
[    0.587664] pci_bus 0000:1b: resource 1 mem: [0xca700000-0xca7fffff]
[    0.587666] pci_bus 0000:1b: resource 2 pref mem [0xd8d00000-0xd8dfffff]
[    0.587668] pci_bus 0000:1c: resource 0 io:  [0xb000-0xbfff]
[    0.587670] pci_bus 0000:1c: resource 1 mem: [0xcab00000-0xcabfffff]
[    0.587671] pci_bus 0000:1c: resource 2 pref mem [0xd9100000-0xd91fffff]
[    0.587673] pci_bus 0000:1d: resource 0 io:  [0xf000-0xffff]
[    0.587675] pci_bus 0000:1d: resource 1 mem: [0xcaf00000-0xcaffffff]
[    0.587677] pci_bus 0000:1d: resource 2 pref mem [0xd9500000-0xd95fffff]
[    0.587679] pci_bus 0000:1e: resource 1 mem: [0xcb300000-0xcb3fffff]
[    0.587680] pci_bus 0000:1e: resource 2 pref mem [0xd9900000-0xd99fffff]
[    0.587682] pci_bus 0000:1f: resource 1 mem: [0xcb700000-0xcb7fffff]
[    0.587684] pci_bus 0000:1f: resource 2 pref mem [0xd9d00000-0xd9dfffff]
[    0.587686] pci_bus 0000:20: resource 1 mem: [0xcbb00000-0xcbbfffff]
[    0.587688] pci_bus 0000:20: resource 2 pref mem [0xda100000-0xda1fffff]
[    0.587690] pci_bus 0000:21: resource 1 mem: [0xcbf00000-0xcbffffff]
[    0.587691] pci_bus 0000:21: resource 2 pref mem [0xda500000-0xda5fffff]
[    0.587693] pci_bus 0000:22: resource 1 mem: [0xcc300000-0xcc3fffff]
[    0.587695] pci_bus 0000:22: resource 2 pref mem [0xda900000-0xda9fffff]
[    0.587719] NET: Registered protocol family 2
[    0.587736] RANDOM - __random32 called. Change num 7.  Value: 55ede565	148ebb7a	8e9cdd7f
[    0.587738] RANDOM - random32 called.  Value: 55ede565	148ebb7a	8e9cdd7f
[    0.587747] random 0000 0000 0000 00000000 00000000: rand_read_num 2 get_random_bytes(4): sig fffffe1a 00000000 00000000
[    0.587749] random 0000 0000 0000 00000000 00000000: extract_entropy(.. 4 ..)
[    0.587752] random 0000 0000 0000 00000000 00000000: going to reseed nonblocking with 64 bits (32 of 0 requested)
[    0.587754] random 0000 0000 0000 00000000 00000000: extract_entropy(.. 8 ..)
[    0.587756] random 0000 0000 0000 00000000 00000000: trying to extract 64 bits from input
[    0.587758] random 0000 0000 0000 00000000 00000000: debiting 0 entropy credits from input
[    0.587760] random 0000 0000 0000 00000000 00000000: extract_entropy account returned: 0 
[    0.587763] random 0000 0000 0000 00000000 00000000: urand_change_num 3 xfer_secondary_pool(4): pool_sig fffffe1a, data_sig 00000000, bytes_mixed 0 00000000 00000000
[    0.587775] random 0000 0000 0000 00000000 00000000: trying to extract 32 bits from nonblocking
[    0.587778] random 0000 0000 0000 00000000 00000000: debiting 32 entropy credits from nonblocking (unlimited)
[    0.587789] random 0000 0000 0000 00000000 00000000: extract_entropy account returned: 4 
[    0.587794] random 0000 0000 0000 00000000 00000000: urand_change_num 4 extract_buf: pool_sig fffffe1a, data_sig fffffed7, bytes_mixed 20 00000000 00000000
[    0.587836] IP route cache hash table entries: 32768 (order: 5, 131072 bytes)
[    0.587944] RANDOM - __random32 called. Change num 8.  Value: de565d28	48ebb7a3	baff4f46
[    0.587946] RANDOM - random32 called.  Value: de565d28	48ebb7a3	baff4f46
[    0.588003] RANDOM - __random32 called. Change num 9.  Value: 65d282be	8ebb7a35	9e8da0a6
[    0.588005] RANDOM - random32 called.  Value: 65d282be	8ebb7a35	9e8da0a6
[    0.588007] RANDOM - __random32 called. Change num 10.  Value: 282be6b0	ebb7a35a	414d5c14
[    0.588009] RANDOM - random32 called.  Value: 282be6b0	ebb7a35a	414d5c14
[    0.588031] RANDOM - __random32 called. Change num 11.  Value: be6b0a9f	bb7a35a2	b82964f7
[    0.588032] RANDOM - random32 called.  Value: be6b0a9f	bb7a35a2	b82964f7
[    0.588043] TCP established hash table entries: 131072 (order: 8, 1048576 bytes)
[    0.588174] TCP bind hash table entries: 65536 (order: 7, 524288 bytes)
[    0.588306] TCP: Hash tables configured (established 131072 bind 65536)
[    0.588308] TCP reno registered
[    0.588344] NET: Registered protocol family 1
[    0.588354] pci 0000:00:00.0: Limiting direct PCI/PCI transfers
[    0.588373] pci 0000:00:0f.0: Boot video device
[    0.588585] Trying to unpack rootfs image as initramfs...
[    1.703923] Freeing initrd memory: 83430k freed
[    1.711886] Simple Boot Flag at 0x36 set to 0x1
[    1.711931] cpufreq-nforce2: No nForce2 chipset.
[    1.711945] Scanning for low memory corruption every 60 seconds
[    1.712069] audit: initializing netlink socket (disabled)
[    1.712077] type=2000 audit(1369433512.700:1): initialized
[    1.716001] highmem bounce pool size: 64 pages
[    1.716006] HugeTLB registered 2 MB page size, pre-allocated 0 pages
[    1.716099] VFS: Disk quotas dquot_6.5.2
[    1.716127] Dquot-cache hash table entries: 1024 (order 0, 4096 bytes)
[    1.716205] fuse init (API version 7.13)
[    1.716248] msgmni has been set to 1729
[    1.716511] alg: No test for stdrng (krng)
[    1.716543] Block layer SCSI generic (bsg) driver version 0.4 loaded (major 253)
[    1.716545] io scheduler noop registered
[    1.716547] io scheduler anticipatory registered
[    1.716548] io scheduler deadline registered
[    1.716567] io scheduler cfq registered (default)
[    1.716612]   alloc irq_desc for 24 on node -1
[    1.716614]   alloc kstat_irqs on node -1
[    1.716659] pcieport 0000:00:15.0: irq 24 for MSI/MSI-X
[    1.716704] pcieport 0000:00:15.0: setting latency timer to 64
[    1.716749]   alloc irq_desc for 25 on node -1
[    1.716751]   alloc kstat_irqs on node -1
[    1.716796] pcieport 0000:00:15.1: irq 25 for MSI/MSI-X
[    1.716841] pcieport 0000:00:15.1: setting latency timer to 64
[    1.716885]   alloc irq_desc for 26 on node -1
[    1.716887]   alloc kstat_irqs on node -1
[    1.716932] pcieport 0000:00:15.2: irq 26 for MSI/MSI-X
[    1.716977] pcieport 0000:00:15.2: setting latency timer to 64
[    1.717022]   alloc irq_desc for 27 on node -1
[    1.717033]   alloc kstat_irqs on node -1
[    1.717078] pcieport 0000:00:15.3: irq 27 for MSI/MSI-X
[    1.717122] pcieport 0000:00:15.3: setting latency timer to 64
[    1.717167]   alloc irq_desc for 28 on node -1
[    1.717169]   alloc kstat_irqs on node -1
[    1.717214] pcieport 0000:00:15.4: irq 28 for MSI/MSI-X
[    1.717259] pcieport 0000:00:15.4: setting latency timer to 64
[    1.717304]   alloc irq_desc for 29 on node -1
[    1.717306]   alloc kstat_irqs on node -1
[    1.717350] pcieport 0000:00:15.5: irq 29 for MSI/MSI-X
[    1.717395] pcieport 0000:00:15.5: setting latency timer to 64
[    1.717485]   alloc irq_desc for 30 on node -1
[    1.717487]   alloc kstat_irqs on node -1
[    1.717532] pcieport 0000:00:15.6: irq 30 for MSI/MSI-X
[    1.717577] pcieport 0000:00:15.6: setting latency timer to 64
[    1.717621]   alloc irq_desc for 31 on node -1
[    1.717623]   alloc kstat_irqs on node -1
[    1.717668] pcieport 0000:00:15.7: irq 31 for MSI/MSI-X
[    1.717713] pcieport 0000:00:15.7: setting latency timer to 64
[    1.717758]   alloc irq_desc for 32 on node -1
[    1.717760]   alloc kstat_irqs on node -1
[    1.717804] pcieport 0000:00:16.0: irq 32 for MSI/MSI-X
[    1.717849] pcieport 0000:00:16.0: setting latency timer to 64
[    1.717894]   alloc irq_desc for 33 on node -1
[    1.717896]   alloc kstat_irqs on node -1
[    1.717941] pcieport 0000:00:16.1: irq 33 for MSI/MSI-X
[    1.717986] pcieport 0000:00:16.1: setting latency timer to 64
[    1.718030]   alloc irq_desc for 34 on node -1
[    1.718032]   alloc kstat_irqs on node -1
[    1.718077] pcieport 0000:00:16.2: irq 34 for MSI/MSI-X
[    1.718122] pcieport 0000:00:16.2: setting latency timer to 64
[    1.718167]   alloc irq_desc for 35 on node -1
[    1.718178]   alloc kstat_irqs on node -1
[    1.718223] pcieport 0000:00:16.3: irq 35 for MSI/MSI-X
[    1.718267] pcieport 0000:00:16.3: setting latency timer to 64
[    1.718312]   alloc irq_desc for 36 on node -1
[    1.718314]   alloc kstat_irqs on node -1
[    1.718359] pcieport 0000:00:16.4: irq 36 for MSI/MSI-X
[    1.718404] pcieport 0000:00:16.4: setting latency timer to 64
[    1.718449]   alloc irq_desc for 37 on node -1
[    1.718450]   alloc kstat_irqs on node -1
[    1.718495] pcieport 0000:00:16.5: irq 37 for MSI/MSI-X
[    1.718540] pcieport 0000:00:16.5: setting latency timer to 64
[    1.718585]   alloc irq_desc for 38 on node -1
[    1.718587]   alloc kstat_irqs on node -1
[    1.718632] pcieport 0000:00:16.6: irq 38 for MSI/MSI-X
[    1.718676] pcieport 0000:00:16.6: setting latency timer to 64
[    1.719852]   alloc irq_desc for 39 on node -1
[    1.719855]   alloc kstat_irqs on node -1
[    1.719900] pcieport 0000:00:16.7: irq 39 for MSI/MSI-X
[    1.719945] pcieport 0000:00:16.7: setting latency timer to 64
[    1.720008]   alloc irq_desc for 40 on node -1
[    1.720011]   alloc kstat_irqs on node -1
[    1.720055] pcieport 0000:00:17.0: irq 40 for MSI/MSI-X
[    1.720100] pcieport 0000:00:17.0: setting latency timer to 64
[    1.720145]   alloc irq_desc for 41 on node -1
[    1.720147]   alloc kstat_irqs on node -1
[    1.720192] pcieport 0000:00:17.1: irq 41 for MSI/MSI-X
[    1.720237] pcieport 0000:00:17.1: setting latency timer to 64
[    1.720282]   alloc irq_desc for 42 on node -1
[    1.720284]   alloc kstat_irqs on node -1
[    1.720328] pcieport 0000:00:17.2: irq 42 for MSI/MSI-X
[    1.720373] pcieport 0000:00:17.2: setting latency timer to 64
[    1.720418]   alloc irq_desc for 43 on node -1
[    1.720421]   alloc kstat_irqs on node -1
[    1.720465] pcieport 0000:00:17.3: irq 43 for MSI/MSI-X
[    1.720510] pcieport 0000:00:17.3: setting latency timer to 64
[    1.720555]   alloc irq_desc for 44 on node -1
[    1.720557]   alloc kstat_irqs on node -1
[    1.720602] pcieport 0000:00:17.4: irq 44 for MSI/MSI-X
[    1.720647] pcieport 0000:00:17.4: setting latency timer to 64
[    1.720691]   alloc irq_desc for 45 on node -1
[    1.720693]   alloc kstat_irqs on node -1
[    1.720738] pcieport 0000:00:17.5: irq 45 for MSI/MSI-X
[    1.720783] pcieport 0000:00:17.5: setting latency timer to 64
[    1.720828]   alloc irq_desc for 46 on node -1
[    1.720830]   alloc kstat_irqs on node -1
[    1.720875] pcieport 0000:00:17.6: irq 46 for MSI/MSI-X
[    1.720919] pcieport 0000:00:17.6: setting latency timer to 64
[    1.720964]   alloc irq_desc for 47 on node -1
[    1.720966]   alloc kstat_irqs on node -1
[    1.721011] pcieport 0000:00:17.7: irq 47 for MSI/MSI-X
[    1.721056] pcieport 0000:00:17.7: setting latency timer to 64
[    1.721101]   alloc irq_desc for 48 on node -1
[    1.721103]   alloc kstat_irqs on node -1
[    1.721148] pcieport 0000:00:18.0: irq 48 for MSI/MSI-X
[    1.721192] pcieport 0000:00:18.0: setting latency timer to 64
[    1.721237]   alloc irq_desc for 49 on node -1
[    1.721239]   alloc kstat_irqs on node -1
[    1.721284] pcieport 0000:00:18.1: irq 49 for MSI/MSI-X
[    1.721329] pcieport 0000:00:18.1: setting latency timer to 64
[    1.721374]   alloc irq_desc for 50 on node -1
[    1.721377]   alloc kstat_irqs on node -1
[    1.721422] pcieport 0000:00:18.2: irq 50 for MSI/MSI-X
[    1.721467] pcieport 0000:00:18.2: setting latency timer to 64
[    1.721512]   alloc irq_desc for 51 on node -1
[    1.721514]   alloc kstat_irqs on node -1
[    1.721559] pcieport 0000:00:18.3: irq 51 for MSI/MSI-X
[    1.721603] pcieport 0000:00:18.3: setting latency timer to 64
[    1.721648]   alloc irq_desc for 52 on node -1
[    1.721650]   alloc kstat_irqs on node -1
[    1.721695] pcieport 0000:00:18.4: irq 52 for MSI/MSI-X
[    1.721740] pcieport 0000:00:18.4: setting latency timer to 64
[    1.721785]   alloc irq_desc for 53 on node -1
[    1.721786]   alloc kstat_irqs on node -1
[    1.721831] pcieport 0000:00:18.5: irq 53 for MSI/MSI-X
[    1.721876] pcieport 0000:00:18.5: setting latency timer to 64
[    1.721921]   alloc irq_desc for 54 on node -1
[    1.721923]   alloc kstat_irqs on node -1
[    1.721968] pcieport 0000:00:18.6: irq 54 for MSI/MSI-X
[    1.722012] pcieport 0000:00:18.6: setting latency timer to 64
[    1.722057]   alloc irq_desc for 55 on node -1
[    1.722059]   alloc kstat_irqs on node -1
[    1.722104] pcieport 0000:00:18.7: irq 55 for MSI/MSI-X
[    1.722149] pcieport 0000:00:18.7: setting latency timer to 64
[    1.722194] pci_hotplug: PCI Hot Plug PCI Core version: 0.5
[    1.723933] pciehp 0000:00:15.0:pcie04: HPC vendor_id 15ad device_id 7a0 ss_vid 0 ss_did 0
[    1.723978] pciehp 0000:00:15.0:pcie04: service driver pciehp loaded
[    1.724023] pciehp 0000:00:15.1:pcie04: HPC vendor_id 15ad device_id 7a0 ss_vid 0 ss_did 0
[    1.724068] pciehp 0000:00:15.1:pcie04: service driver pciehp loaded
[    1.724113] pciehp 0000:00:15.2:pcie04: HPC vendor_id 15ad device_id 7a0 ss_vid 0 ss_did 0
[    1.724157] pciehp 0000:00:15.2:pcie04: service driver pciehp loaded
[    1.724202] pciehp 0000:00:15.3:pcie04: HPC vendor_id 15ad device_id 7a0 ss_vid 0 ss_did 0
[    1.724247] pciehp 0000:00:15.3:pcie04: service driver pciehp loaded
[    1.724292] pciehp 0000:00:15.4:pcie04: HPC vendor_id 15ad device_id 7a0 ss_vid 0 ss_did 0
[    1.724337] pciehp 0000:00:15.4:pcie04: service driver pciehp loaded
[    1.724382] pciehp 0000:00:15.5:pcie04: HPC vendor_id 15ad device_id 7a0 ss_vid 0 ss_did 0
[    1.724426] pciehp 0000:00:15.5:pcie04: service driver pciehp loaded
[    1.724471] pciehp 0000:00:15.6:pcie04: HPC vendor_id 15ad device_id 7a0 ss_vid 0 ss_did 0
[    1.724516] pciehp 0000:00:15.6:pcie04: service driver pciehp loaded
[    1.724561] pciehp 0000:00:15.7:pcie04: HPC vendor_id 15ad device_id 7a0 ss_vid 0 ss_did 0
[    1.724606] pciehp 0000:00:15.7:pcie04: service driver pciehp loaded
[    1.724651] pciehp 0000:00:16.0:pcie04: HPC vendor_id 15ad device_id 7a0 ss_vid 0 ss_did 0
[    1.724695] pciehp 0000:00:16.0:pcie04: service driver pciehp loaded
[    1.724740] pciehp 0000:00:16.1:pcie04: HPC vendor_id 15ad device_id 7a0 ss_vid 0 ss_did 0
[    1.724785] pciehp 0000:00:16.1:pcie04: service driver pciehp loaded
[    1.724830] pciehp 0000:00:16.2:pcie04: HPC vendor_id 15ad device_id 7a0 ss_vid 0 ss_did 0
[    1.724875] pciehp 0000:00:16.2:pcie04: service driver pciehp loaded
[    1.724920] pciehp 0000:00:16.3:pcie04: HPC vendor_id 15ad device_id 7a0 ss_vid 0 ss_did 0
[    1.724964] pciehp 0000:00:16.3:pcie04: service driver pciehp loaded
[    1.725009] pciehp 0000:00:16.4:pcie04: HPC vendor_id 15ad device_id 7a0 ss_vid 0 ss_did 0
[    1.725054] pciehp 0000:00:16.4:pcie04: service driver pciehp loaded
[    1.725099] pciehp 0000:00:16.5:pcie04: HPC vendor_id 15ad device_id 7a0 ss_vid 0 ss_did 0
[    1.725144] pciehp 0000:00:16.5:pcie04: service driver pciehp loaded
[    1.725189] pciehp 0000:00:16.6:pcie04: HPC vendor_id 15ad device_id 7a0 ss_vid 0 ss_did 0
[    1.725233] pciehp 0000:00:16.6:pcie04: service driver pciehp loaded
[    1.725278] pciehp 0000:00:16.7:pcie04: HPC vendor_id 15ad device_id 7a0 ss_vid 0 ss_did 0
[    1.725323] pciehp 0000:00:16.7:pcie04: service driver pciehp loaded
[    1.725368] pciehp 0000:00:17.0:pcie04: HPC vendor_id 15ad device_id 7a0 ss_vid 0 ss_did 0
[    1.725413] pciehp 0000:00:17.0:pcie04: service driver pciehp loaded
[    1.725458] pciehp 0000:00:17.1:pcie04: HPC vendor_id 15ad device_id 7a0 ss_vid 0 ss_did 0
[    1.725502] pciehp 0000:00:17.1:pcie04: service driver pciehp loaded
[    1.725547] pciehp 0000:00:17.2:pcie04: HPC vendor_id 15ad device_id 7a0 ss_vid 0 ss_did 0
[    1.725592] pciehp 0000:00:17.2:pcie04: service driver pciehp loaded
[    1.725637] pciehp 0000:00:17.3:pcie04: HPC vendor_id 15ad device_id 7a0 ss_vid 0 ss_did 0
[    1.725682] pciehp 0000:00:17.3:pcie04: service driver pciehp loaded
[    1.725727] pciehp 0000:00:17.4:pcie04: HPC vendor_id 15ad device_id 7a0 ss_vid 0 ss_did 0
[    1.725771] pciehp 0000:00:17.4:pcie04: service driver pciehp loaded
[    1.725816] pciehp 0000:00:17.5:pcie04: HPC vendor_id 15ad device_id 7a0 ss_vid 0 ss_did 0
[    1.725861] pciehp 0000:00:17.5:pcie04: service driver pciehp loaded
[    1.725906] pciehp 0000:00:17.6:pcie04: HPC vendor_id 15ad device_id 7a0 ss_vid 0 ss_did 0
[    1.725951] pciehp 0000:00:17.6:pcie04: service driver pciehp loaded
[    1.725996] pciehp 0000:00:17.7:pcie04: HPC vendor_id 15ad device_id 7a0 ss_vid 0 ss_did 0
[    1.726040] pciehp 0000:00:17.7:pcie04: service driver pciehp loaded
[    1.726085] pciehp 0000:00:18.0:pcie04: HPC vendor_id 15ad device_id 7a0 ss_vid 0 ss_did 0
[    1.726130] pciehp 0000:00:18.0:pcie04: service driver pciehp loaded
[    1.726175] pciehp 0000:00:18.1:pcie04: HPC vendor_id 15ad device_id 7a0 ss_vid 0 ss_did 0
[    1.726220] pciehp 0000:00:18.1:pcie04: service driver pciehp loaded
[    1.726265] pciehp 0000:00:18.2:pcie04: HPC vendor_id 15ad device_id 7a0 ss_vid 0 ss_did 0
[    1.726309] pciehp 0000:00:18.2:pcie04: service driver pciehp loaded
[    1.726354] pciehp 0000:00:18.3:pcie04: HPC vendor_id 15ad device_id 7a0 ss_vid 0 ss_did 0
[    1.726399] pciehp 0000:00:18.3:pcie04: service driver pciehp loaded
[    1.726444] pciehp 0000:00:18.4:pcie04: HPC vendor_id 15ad device_id 7a0 ss_vid 0 ss_did 0
[    1.726489] pciehp 0000:00:18.4:pcie04: service driver pciehp loaded
[    1.726534] pciehp 0000:00:18.5:pcie04: HPC vendor_id 15ad device_id 7a0 ss_vid 0 ss_did 0
[    1.726578] pciehp 0000:00:18.5:pcie04: service driver pciehp loaded
[    1.726623] pciehp 0000:00:18.6:pcie04: HPC vendor_id 15ad device_id 7a0 ss_vid 0 ss_did 0
[    1.726668] pciehp 0000:00:18.6:pcie04: service driver pciehp loaded
[    1.726713] pciehp 0000:00:18.7:pcie04: HPC vendor_id 15ad device_id 7a0 ss_vid 0 ss_did 0
[    1.726758] pciehp 0000:00:18.7:pcie04: service driver pciehp loaded
[    1.726766] pciehp: PCI Express Hot Plug Controller Driver version: 0.4
[    1.726815] ACPI: AC Adapter [ACAD] (on-line)
[    1.726866] input: Power Button as /devices/LNXSYSTM:00/LNXPWRBN:00/input/input0
[    1.726869] ACPI: Power Button [PWRF]
[    1.726913] processor LNXCPU:00: registered as cooling_device0
[    1.767827] isapnp: Scanning for PnP cards...
[    2.121590] isapnp: No Plug & Play device found
[    2.121621] random 0000 0000 0000 5f8db4e5 4cfdf2a8: initializing
[    2.121746] Linux agpgart interface v0.103
[    2.121787] agpgart-intel 0000:00:00.0: Intel 440BX Chipset
[    2.121839] agpgart-intel 0000:00:00.0: AGP aperture is 256M @ 0x0
[    2.121871] Serial: 8250/16550 driver, 32 ports, IRQ sharing enabled
[    2.121923] serial8250: ttyS0 at I/O 0x3f8 (irq = 4) is a 16550A
[    2.121974] serial8250: ttyS1 at I/O 0x2f8 (irq = 3) is a 16550A
[    2.122026] 00:0a: ttyS0 at I/O 0x3f8 (irq = 4) is a 16550A
[    2.122077] 00:0b: ttyS1 at I/O 0x2f8 (irq = 3) is a 16550A
[    2.122129] brd: module loaded
[    2.122180] loop: module loaded
[    2.122232] ata_piix 0000:00:07.1: version 2.13
[    2.122313] scsi0 : ata_piix
[    2.122360] scsi1 : ata_piix
[    2.122380] ata1: PATA max UDMA/33 cmd 0x1f0 ctl 0x3f6 bmdma 0x10c0 irq 14
[    2.122382] ata2: PATA max UDMA/33 cmd 0x170 ctl 0x376 bmdma 0x10c8 irq 15
[    2.122429] PPP generic driver version 2.4.2
[    2.122473] tun: Universal TUN/TAP device driver, 1.6
[    2.122475] tun: (C) 1999-2004 Max Krasnyansky <maxk@qualcomm.com>
[    2.122526] ehci_hcd: USB 2.0 'Enhanced' Host Controller (EHCI) Driver
[    2.122578] ACPI: PCI Interrupt Link [LNKB] enabled at IRQ 11
[    2.122580] PCI: setting IRQ 11 as level-triggered
[    2.122588] ehci_hcd 0000:02:03.0: PCI INT A -> Link[LNKB] -> GSI 11 (level, low) -> IRQ 11
[    2.122627] ehci_hcd 0000:02:03.0: EHCI Host Controller
[    2.122649] ehci_hcd 0000:02:03.0: new USB bus registered, assigned bus number 1
[    2.122701] ehci_hcd 0000:02:03.0: cache line size of 32 is not supported
[    2.122707] ehci_hcd 0000:02:03.0: irq 11, io mem 0xc9000000
[    2.123046] random 0000 0000 0000 00000000 00000000: rand_read_num 3 get_random_bytes(8): sig 00000000 00000000 00000000
[    2.123049] random 0000 0000 0000 00000000 00000000: extract_entropy(.. 8 ..)
[    2.123052] random 0000 0000 0000 00000000 00000000: going to reseed nonblocking with 64 bits (64 of 0 requested)
[    2.123054] random 0000 0000 0000 00000000 00000000: extract_entropy(.. 8 ..)
[    2.123057] random 0000 0000 0000 00000000 00000000: trying to extract 64 bits from input
[    2.123059] random 0000 0000 0000 00000000 00000000: debiting 0 entropy credits from input
[    2.123061] random 0000 0000 0000 00000000 00000000: extract_entropy account returned: 0 
[    2.123064] random 0000 0000 0000 00000000 00000000: urand_change_num 5 xfer_secondary_pool(8): pool_sig 00000000, data_sig 00000000, bytes_mixed 0 00000000 00000000
[    2.123067] random 0000 0000 0000 00000000 00000000: trying to extract 64 bits from nonblocking
[    2.123070] random 0000 0000 0000 00000000 00000000: debiting 64 entropy credits from nonblocking (unlimited)
[    2.123072] random 0000 0000 0000 00000000 00000000: extract_entropy account returned: 8 
[    2.123076] random 0000 0000 0000 00000000 00000000: urand_change_num 6 extract_buf: pool_sig 00000000, data_sig fffffff9, bytes_mixed 20 00000000 00000000
[    2.131290] ehci_hcd 0000:02:03.0: USB 2.0 started, EHCI 1.00
[    2.131341] usb usb1: configuration #1 chosen from 1 choice
[    2.131361] hub 1-0:1.0: USB hub found
[    2.131367] hub 1-0:1.0: 6 ports detected
[    2.131404] ohci_hcd: USB 1.1 'Open' Host Controller (OHCI) Driver
[    2.131417] uhci_hcd: USB Universal Host Controller Interface driver
[    2.131468] ACPI: PCI Interrupt Link [LNKC] enabled at IRQ 10
[    2.131471] PCI: setting IRQ 10 as level-triggered
[    2.131475] uhci_hcd 0000:02:00.0: PCI INT A -> Link[LNKC] -> GSI 10 (level, low) -> IRQ 10
[    2.131510] uhci_hcd 0000:02:00.0: UHCI Host Controller
[    2.131540] uhci_hcd 0000:02:00.0: new USB bus registered, assigned bus number 2
[    2.131642] uhci_hcd 0000:02:00.0: irq 10, io base 0x000020c0
[    2.131693] usb usb2: configuration #1 chosen from 1 choice
[    2.131709] hub 2-0:1.0: USB hub found
[    2.131713] hub 2-0:1.0: 2 ports detected
[    2.131765] usbcore: registered new interface driver libusual
[    2.131795] PNP: PS/2 Controller [PNP0303:KBC,PNP0f13:MOUS] at 0x60,0x64 irq 1,12
[    2.132125] serio: i8042 KBD port at 0x60,0x64 irq 1
[    2.132132] serio: i8042 AUX port at 0x60,0x64 irq 12
[    2.132168] mice: PS/2 mouse device common for all mice
[    2.132219] rtc_cmos 00:04: rtc core: registered rtc_cmos as rtc0
[    2.132249] rtc0: alarms up to one month, y3k, 114 bytes nvram, hpet irqs
[    2.132300] device-mapper: uevent: version 1.0.3
[    2.132420] device-mapper: ioctl: 4.15.0-ioctl (2009-04-01) initialised: dm-devel@redhat.com
[    2.132438] EISA: Probing bus 0 at eisa.0
[    2.132468] Cannot allocate resource for EISA slot 1
[    2.132471] Cannot allocate resource for EISA slot 2
[    2.132472] Cannot allocate resource for EISA slot 3
[    2.132474] Cannot allocate resource for EISA slot 4
[    2.132476] Cannot allocate resource for EISA slot 5
[    2.132478] Cannot allocate resource for EISA slot 6
[    2.132480] Cannot allocate resource for EISA slot 7
[    2.132482] Cannot allocate resource for EISA slot 8
[    2.132484] EISA: Detected 0 cards.
[    2.132532] cpuidle: using governor ladder
[    2.132533] cpuidle: using governor menu
[    2.132585] random 0000 0000 0000 00000000 00000000: rand_read_num 4 get_random_bytes(136): sig 0000021d 00000000 00000000
[    2.132588] random 0000 0000 0000 00000000 00000000: extract_entropy(.. 136 ..)
[    2.132591] random 0000 0000 0000 00000000 00000000: going to reseed nonblocking with 1024 bits (1088 of 0 requested)
[    2.132593] random 0000 0000 0000 00000000 00000000: extract_entropy(.. 128 ..)
[    2.132595] random 0000 0000 0000 00000000 00000000: trying to extract 1024 bits from input
[    2.132597] random 0000 0000 0000 00000000 00000000: debiting 0 entropy credits from input
[    2.132600] random 0000 0000 0000 00000000 00000000: extract_entropy account returned: 0 
[    2.132603] random 0000 0000 0000 00000000 00000000: urand_change_num 7 xfer_secondary_pool(136): pool_sig 0000021d, data_sig 00000000, bytes_mixed 0 00000000 00000000
[    2.132606] random 0000 0000 0000 00000000 00000000: trying to extract 1088 bits from nonblocking
[    2.132608] random 0000 0000 0000 00000000 00000000: debiting 1088 entropy credits from nonblocking (unlimited)
[    2.132610] random 0000 0000 0000 00000000 00000000: extract_entropy account returned: 136 
[    2.132614] random 0000 0000 0000 00000000 00000000: urand_change_num 8 extract_buf: pool_sig 0000021d, data_sig fffffff7, bytes_mixed 20 00000000 00000000
[    2.132619] random 0000 0000 0000 f961ee50 ba9cb1aa: urand_change_num 9 extract_buf: pool_sig 00000230, data_sig fffffeb4, bytes_mixed 20 f961ee50 ba9cb1aa
[    2.132623] random 0000 0000 0000 9748bdd6 56fb8af6: urand_change_num 10 extract_buf: pool_sig 00000373, data_sig 000000cf, bytes_mixed 20 9748bdd6 56fb8af6
[    2.132628] random 0000 0000 0000 9748bdd6 56fb8af6: urand_change_num 11 extract_buf: pool_sig fffffe49, data_sig 0000023f, bytes_mixed 20 9748bdd6 56fb8af6
[    2.132632] random 0000 0000 0000 a135be86 4777650e: urand_change_num 12 extract_buf: pool_sig fffffcce, data_sig 000000c6, bytes_mixed 20 a135be86 4777650e
[    2.132637] random 0000 0000 0000 4a6ea85d 170e00dd: urand_change_num 13 extract_buf: pool_sig ffffff97, data_sig ffffff7d, bytes_mixed 20 4a6ea85d 170e00dd
[    2.132641] random 0000 0000 0000 4a6ea85d 170e00dd: urand_change_num 14 extract_buf: pool_sig 00000160, data_sig fffffeea, bytes_mixed 20 4a6ea85d 170e00dd
[    2.132646] random 0000 0000 0000 6e87c3cb da668c73: urand_change_num 15 extract_buf: pool_sig 0000034f, data_sig ffffff54, bytes_mixed 20 6e87c3cb da668c73
[    2.132650] random 0000 0000 0000 6e87c3cb da668c73: urand_change_num 16 extract_buf: pool_sig fffffdc5, data_sig 00000205, bytes_mixed 20 6e87c3cb da668c73
[    2.132655] random 0000 0000 0000 39f531e6 461eb249: urand_change_num 17 extract_buf: pool_sig fffffc1d, data_sig ffffff5e, bytes_mixed 20 39f531e6 461eb249
[    2.132659] random 0000 0000 0000 7e1538a2 3e661182: urand_change_num 18 extract_buf: pool_sig 000006ef, data_sig ffffff2e, bytes_mixed 20 7e1538a2 3e661182
[    2.132663] random 0000 0000 0000 7e1538a2 3e661182: urand_change_num 19 extract_buf: pool_sig 00000317, data_sig fffffccb, bytes_mixed 20 7e1538a2 3e661182
[    2.132668] random 0000 0000 0000 76af506b 9b57305e: urand_change_num 20 extract_buf: pool_sig 00000227, data_sig ffffffd2, bytes_mixed 20 76af506b 9b57305e
[    2.132672] random 0000 0000 0000 37d49d89 e20417cc: urand_change_num 21 extract_buf: pool_sig 0000080b, data_sig 000001e9, bytes_mixed 20 37d49d89 e20417cc
[    2.132677] TCP cubic registered
[    2.132728] NET: Registered protocol family 10
[    2.132763] RANDOM - __random32 called. Change num 12.  Value: b0a9fbe7	b7a35a2b	c9ef2c48
[    2.132765] RANDOM - random32 called.  Value: b0a9fbe7	b7a35a2b	c9ef2c48
[    2.132774] random 0000 0000 0000 37d49d89 e20417cc: rand_read_num 5 get_random_bytes(4): sig 00000298 37d49d89 e20417cc
[    2.132777] random 0000 0000 0000 37d49d89 e20417cc: extract_entropy(.. 4 ..)
[    2.132779] random 0000 0000 0000 37d49d89 e20417cc: going to reseed nonblocking with 64 bits (32 of 0 requested)
[    2.132781] random 0000 0000 0000 37d49d89 e20417cc: extract_entropy(.. 8 ..)
[    2.132783] random 0000 0000 0000 37d49d89 e20417cc: trying to extract 64 bits from input
[    2.132786] random 0000 0000 0000 37d49d89 e20417cc: debiting 0 entropy credits from input
[    2.132788] random 0000 0000 0000 37d49d89 e20417cc: extract_entropy account returned: 0 
[    2.132791] random 0000 0000 0000 37d49d89 e20417cc: urand_change_num 22 xfer_secondary_pool(4): pool_sig 00000298, data_sig 00000000, bytes_mixed 0 37d49d89 e20417cc
[    2.132794] random 0000 0000 0000 37d49d89 e20417cc: trying to extract 32 bits from nonblocking
[    2.132796] random 0000 0000 0000 37d49d89 e20417cc: debiting 32 entropy credits from nonblocking (unlimited)
[    2.132798] random 0000 0000 0000 37d49d89 e20417cc: extract_entropy account returned: 4 
[    2.132802] random 0000 0000 0000 37d49d89 e20417cc: urand_change_num 23 extract_buf: pool_sig 00000298, data_sig 00000092, bytes_mixed 20 37d49d89 e20417cc
[    2.132853] RANDOM - __random32 called. Change num 13.  Value: 9fbe71fa	7a35a2b4	5890d2c9
[    2.132855] RANDOM - random32 called.  Value: 9fbe71fa	7a35a2b4	5890d2c9
[    2.132907] NET: Registered protocol family 17
[    2.132932] Using IPI No-Shortcut mode
[    2.132938] random 0000 0000 0000 2ee4c4fc 167bdb15: rand_read_num 6 get_random_bytes(8): sig fffffcbf 2ee4c4fc 167bdb15
[    2.132940] random 0000 0000 0000 2ee4c4fc 167bdb15: extract_entropy(.. 8 ..)
[    2.132942] random 0000 0000 0000 2ee4c4fc 167bdb15: going to reseed nonblocking with 64 bits (64 of 0 requested)
[    2.132945] random 0000 0000 0000 2ee4c4fc 167bdb15: extract_entropy(.. 8 ..)
[    2.132947] random 0000 0000 0000 2ee4c4fc 167bdb15: trying to extract 64 bits from input
[    2.132949] random 0000 0000 0000 2ee4c4fc 167bdb15: debiting 0 entropy credits from input
[    2.132951] random 0000 0000 0000 2ee4c4fc 167bdb15: extract_entropy account returned: 0 
[    2.132954] random 0000 0000 0000 2ee4c4fc 167bdb15: urand_change_num 24 xfer_secondary_pool(8): pool_sig fffffcbf, data_sig 00000000, bytes_mixed 0 2ee4c4fc 167bdb15
[    2.132957] random 0000 0000 0000 2ee4c4fc 167bdb15: trying to extract 64 bits from nonblocking
[    2.132959] random 0000 0000 0000 2ee4c4fc 167bdb15: debiting 64 entropy credits from nonblocking (unlimited)
[    2.132961] random 0000 0000 0000 2ee4c4fc 167bdb15: extract_entropy account returned: 8 
[    2.132965] random 0000 0000 0000 2ee4c4fc 167bdb15: urand_change_num 25 extract_buf: pool_sig fffffcbf, data_sig ffffff83, bytes_mixed 20 2ee4c4fc 167bdb15
[    2.133006] PM: Resume from disk failed.
[    2.133014] registered taskstats version 1
[    2.133017] random 0000 0000 0000 2ee4c4fc 167bdb15: rand_read_num 7 get_random_bytes(12): sig fffffc69 2ee4c4fc 167bdb15
[    2.133019] random 0000 0000 0000 2ee4c4fc 167bdb15: extract_entropy(.. 12 ..)
[    2.133022] random 0000 0000 0000 2ee4c4fc 167bdb15: going to reseed nonblocking with 96 bits (96 of 0 requested)
[    2.133024] random 0000 0000 0000 2ee4c4fc 167bdb15: extract_entropy(.. 12 ..)
[    2.133026] random 0000 0000 0000 2ee4c4fc 167bdb15: trying to extract 96 bits from input
[    2.133028] random 0000 0000 0000 2ee4c4fc 167bdb15: debiting 0 entropy credits from input
[    2.133030] random 0000 0000 0000 2ee4c4fc 167bdb15: extract_entropy account returned: 0 
[    2.133033] random 0000 0000 0000 2ee4c4fc 167bdb15: urand_change_num 26 xfer_secondary_pool(12): pool_sig fffffc69, data_sig 00000000, bytes_mixed 0 2ee4c4fc 167bdb15
[    2.133036] random 0000 0000 0000 2ee4c4fc 167bdb15: trying to extract 96 bits from nonblocking
[    2.133038] random 0000 0000 0000 2ee4c4fc 167bdb15: debiting 96 entropy credits from nonblocking (unlimited)
[    2.133040] random 0000 0000 0000 2ee4c4fc 167bdb15: extract_entropy account returned: 12 
[    2.133044] random 0000 0000 0000 2ee4c4fc 167bdb15: urand_change_num 27 extract_buf: pool_sig fffffc69, data_sig ffffff7d, bytes_mixed 20 2ee4c4fc 167bdb15
[    2.133096] random 0000 0000 0000 83b7c1ab 94697f48: urand_change_num 28 extract_buf: pool_sig fffffe30, data_sig fffffdd6, bytes_mixed 20 83b7c1ab 94697f48
[    2.133099] RANDOM - __seed init called.
[    2.133100] RANDOM - __seed init called.
[    2.133101] RANDOM - __seed init called.
[    2.133103] RANDOM - __random32 called. Change num 14.  Value: fc007995	feca4f80	21b38ad2
[    2.133105] RANDOM - random32_reseed called.  Value: fc007995	feca4f80	21b38ad2
[    2.133108] Pid: 1, comm: swapper Not tainted 2.6.32.57 #4
[    2.133109] Call Trace:
[    2.133115]  [<c14a8a0e>] ? printk+0x1d/0x1f
[    2.133120]  [<c17537e5>] random32_reseed+0x89/0xbd
[    2.133123]  [<c1003042>] do_one_initcall+0x32/0x1a0
[    2.133126]  [<c175375c>] ? random32_reseed+0x0/0xbd
[    2.133129]  [<c17308e7>] kernel_init+0x12d/0x17a
[    2.133132]  [<c17307ba>] ? kernel_init+0x0/0x17a
[    2.133135]  [<c1009b07>] kernel_thread_helper+0x7/0x10
[    2.135763] input: AT Translated Set 2 keyboard as /devices/platform/i8042/serio0/input/input1
[    2.139253] random 0000 0000 0000 6db70b00 b30ce96b: rand_read_num 8 get_random_bytes(64): sig fffffb38 6db70b00 b30ce96b
[    2.139257] random 0000 0000 0000 6db70b00 b30ce96b: extract_entropy(.. 64 ..)
[    2.139260] random 0000 0000 0000 6db70b00 b30ce96b: going to reseed nonblocking with 512 bits (512 of 0 requested)
[    2.139263] random 0000 0000 0000 6db70b00 b30ce96b: extract_entropy(.. 64 ..)
[    2.139265] random 0000 0000 0000 6db70b00 b30ce96b: trying to extract 512 bits from input
[    2.139267] random 0000 0000 0000 6db70b00 b30ce96b: debiting 0 entropy credits from input
[    2.139270] random 0000 0000 0000 6db70b00 b30ce96b: extract_entropy account returned: 0 
[    2.139273] random 0000 0000 0000 6db70b00 b30ce96b: urand_change_num 29 xfer_secondary_pool(64): pool_sig fffffb38, data_sig 00000000, bytes_mixed 0 6db70b00 b30ce96b
[    2.139276] random 0000 0000 0000 6db70b00 b30ce96b: trying to extract 512 bits from nonblocking
[    2.139279] random 0000 0000 0000 6db70b00 b30ce96b: debiting 512 entropy credits from nonblocking (unlimited)
[    2.139281] random 0000 0000 0000 6db70b00 b30ce96b: extract_entropy account returned: 64 
[    2.139285] random 0000 0000 0000 6db70b00 b30ce96b: urand_change_num 30 extract_buf: pool_sig fffffb38, data_sig 00000151, bytes_mixed 20 6db70b00 b30ce96b
[    2.139290] random 0000 0000 0000 6db70b00 b30ce96b: urand_change_num 31 extract_buf: pool_sig fffffdb8, data_sig 00000379, bytes_mixed 20 6db70b00 b30ce96b
[    2.139294] random 0000 0000 0000 6b83001e d4b6c0d3: urand_change_num 32 extract_buf: pool_sig ffffffc9, data_sig 00000198, bytes_mixed 20 6b83001e d4b6c0d3
[    2.139298] random 0000 0000 0000 79d3e3c7 be564518: urand_change_num 33 extract_buf: pool_sig 000002b9, data_sig ffffff84, bytes_mixed 20 79d3e3c7 be564518
[    2.139303] random 0000 0000 0000 79d3e3c7 be564518: urand_change_num 34 extract_buf: pool_sig ffffff55, data_sig ffffff5a, bytes_mixed 20 79d3e3c7 be564518
[    2.139308] random 0000 0000 0000 89c03cb2 0d353228: urand_change_num 35 extract_buf: pool_sig 00000007, data_sig ffffff17, bytes_mixed 20 89c03cb2 0d353228
[    2.139312] random 0000 0000 0000 89c03cb2 0d353228: urand_change_num 36 extract_buf: pool_sig fffffdae, data_sig 000000db, bytes_mixed 20 89c03cb2 0d353228  Magic number: 13:747:199
[    2.139415] rtc_cmos 00:04: setting system clock to 2013-05-24 22:11:53 UTC (1369433513)
[    2.139418] BIOS EDD facility v0.16 2004-Jun-25, 0 devices found
[    2.139419] EDD information not available.
[    2.139448] random 0000 0000 0000 8ca62387 b120332c: rand_read_num 9 get_random_bytes(64): sig fffffed6 8ca62387 b120332c
[    2.139450] random 0000 0000 0000 8ca62387 b120332c: extract_entropy(.. 64 ..)
[    2.139453] random 0000 0000 0000 8ca62387 b120332c: going to reseed nonblocking with 512 bits (512 of 0 requested)
[    2.139455] random 0000 0000 0000 8ca62387 b120332c: extract_entropy(.. 64 ..)
[    2.139457] random 0000 0000 0000 8ca62387 b120332c: trying to extract 512 bits from input
[    2.139459] random 0000 0000 0000 8ca62387 b120332c: debiting 0 entropy credits from input
[    2.139461] random 0000 0000 0000 8ca62387 b120332c: extract_entropy account returned: 0 
[    2.139465] random 0000 0000 0000 8ca62387 b120332c: urand_change_num 37 xfer_secondary_pool(64): pool_sig fffffed6, data_sig 00000000, bytes_mixed 0 8ca62387 b120332c
[    2.139467] random 0000 0000 0000 8ca62387 b120332c: trying to extract 512 bits from nonblocking
[    2.139470] random 0000 0000 0000 8ca62387 b120332c: debiting 512 entropy credits from nonblocking (unlimited)
[    2.139472] random 0000 0000 0000 8ca62387 b120332c: extract_entropy account returned: 64 
[    2.139476] random 0000 0000 0000 8ca62387 b120332c: urand_change_num 38 extract_buf: pool_sig fffffed6, data_sig fffffeb6, bytes_mixed 20 8ca62387 b120332c
[    2.139480] random 0000 0000 0000 90702413 e2a66c2e: urand_change_num 39 extract_buf: pool_sig fffffbb0, data_sig 0000012e, bytes_mixed 20 90702413 e2a66c2e
[    2.139484] random 0000 0000 0000 90702413 e2a66c2e: urand_change_num 40 extract_buf: pool_sig fffffaf1, data_sig ffffff3c, bytes_mixed 20 90702413 e2a66c2e
[    2.139489] random 0000 0000 0000 3f58038b c77aecb6: urand_change_num 41 extract_buf: pool_sig 00000234, data_sig fffffdec, bytes_mixed 20 3f58038b c77aecb6
[    2.139493] random 0000 0000 0000 47187b9d 03f21510: urand_change_num 42 extract_buf: pool_sig 00000192, data_sig 00000075, bytes_mixed 20 47187b9d 03f21510
[    2.139498] random 0000 0000 0000 47187b9d 03f21510: urand_change_num 43 extract_buf: pool_sig 0000018e, data_sig ffffffbf, bytes_mixed 20 47187b9d 03f21510
[    2.139502] random 0000 0000 0000 3180b1fc 0fa9c973: urand_change_num 44 extract_buf: pool_sig fffffecf, data_sig ffffff2a, bytes_mixed 20 3180b1fc 0fa9c973
[    2.139505] BEGIN NET_SECRET:
[    2.139506] \xffffff87
[    2.139508] \xffffff8d
[    2.139509] \xfffffff4
[    2.139510] \xffffffae
[    2.139511] \xffffffc3
[    2.139512] \xffffffb7
[    2.139513] \x31
[    2.139515] \x65
[    2.139516] \xffffffda
[    2.139517] \xffffffa2
[    2.139518] \x31
[    2.139519] \xffffffc8
[    2.139520] \xffffffa9
[    2.139522] \x76
[    2.139523] \x76
[    2.139524] \xffffff90
[    2.139525] \x55
[    2.139526] \xfffffff3
[    2.139527] \xffffffb1
[    2.139528] \x3
[    2.139530] \xffffffb3
[    2.139531] \xffffffa7
[    2.139532] \x5a
[    2.139533] \x71
[    2.139534] \x70
[    2.139535] \xffffff8c
[    2.139537] \x56
[    2.139538] \x25
[    2.139539] \xffffffe1
[    2.139540] \x4c
[    2.139541] \xffffffe6
[    2.139542] \xffffff95
[    2.139543] \x67
[    2.139545] \x4c
[    2.139546] \xffffffb9
[    2.139547] \x1d
[    2.139548] \xe
[    2.139549] \x34
[    2.139550] \xffffffbe
[    2.139551] \x12
[    2.139553] \x5
[    2.139554] \xffffff98
[    2.139555] \xffffffa0
[    2.139556] \xf
[    2.139557] \xffffffb2
[    2.139558] \xffffffde
[    2.139559] \xffffff99
[    2.139561] \xf
[    2.139562] \xffffffe8
[    2.139563] \xffffffc8
[    2.139564] \x1f
[    2.139565] \x54
[    2.139566] \x2c
[    2.139567] \xffffffee
[    2.139569] \x2e
[    2.139570] \x0
[    2.139571] \xffffff95
[    2.139572] \x0
[    2.139573] \xffffffe3
[    2.139574] \xffffffa7
[    2.139576] \xfffffffd
[    2.139577] \x66
[    2.139578] \xffffff92
[    2.139579] \xfffffff0
[    2.139580] 
[    2.139581] END NET_SECRET
[    2.139584] random 0000 0000 0000 3180b1fc 0fa9c973: rand_read_num 10 get_random_bytes(4): sig ffffff46 3180b1fc 0fa9c973
[    2.139586] random 0000 0000 0000 3180b1fc 0fa9c973: extract_entropy(.. 4 ..)
[    2.139589] random 0000 0000 0000 3180b1fc 0fa9c973: going to reseed nonblocking with 64 bits (32 of 0 requested)
[    2.139591] random 0000 0000 0000 3180b1fc 0fa9c973: extract_entropy(.. 8 ..)
[    2.139593] random 0000 0000 0000 3180b1fc 0fa9c973: trying to extract 64 bits from input
[    2.139595] random 0000 0000 0000 3180b1fc 0fa9c973: debiting 0 entropy credits from input
[    2.139597] random 0000 0000 0000 3180b1fc 0fa9c973: extract_entropy account returned: 0 
[    2.139600] random 0000 0000 0000 3180b1fc 0fa9c973: urand_change_num 45 xfer_secondary_pool(4): pool_sig ffffff46, data_sig 00000000, bytes_mixed 0 3180b1fc 0fa9c973
[    2.139603] random 0000 0000 0000 3180b1fc 0fa9c973: trying to extract 32 bits from nonblocking
[    2.139605] random 0000 0000 0000 3180b1fc 0fa9c973: debiting 32 entropy credits from nonblocking (unlimited)
[    2.139607] random 0000 0000 0000 3180b1fc 0fa9c973: extract_entropy account returned: 4 
[    2.139611] random 0000 0000 0000 3180b1fc 0fa9c973: urand_change_num 46 extract_buf: pool_sig ffffff46, data_sig 0000001b, bytes_mixed 20 3180b1fc 0fa9c973
[    2.309245] ata2.00: ATAPI: VMware Virtual IDE CDROM Drive, 00000001, max UDMA/33
[    2.309525] ata2.00: configured for UDMA/33
[    2.309904] scsi 1:0:0:0: CD-ROM            NECVMWar VMware IDE CDR10 1.00 PQ: 0 ANSI: 5
[    2.311117] sr0: scsi3-mmc drive: 306x/306x cd/rw xa/form2 cdda tray
[    2.311120] Uniform CD-ROM driver Revision: 3.20
[    2.311172] sr 1:0:0:0: Attached scsi CD-ROM sr0
[    2.311207] sr 1:0:0:0: Attached scsi generic sg0 type 5
[    2.311241] Freeing unused kernel memory: 652k freed
[    2.311293] Write protecting the kernel text: 4840k
[    2.311324] Write protecting the kernel read-only data: 1968k
[    2.311413] random 0000 0000 0000 38974d2b 1d8d6de0: rand_read_num 11 get_random_bytes(16): sig 000001c6 38974d2b 1d8d6de0
