[    0.000000] random 0000 0000 0000 00000000 00000000: rand_read_num 1 get_random_bytes(8): sig 00000000 00000000 00000000
[    0.000000] random 0000 0000 0000 00000000 00000000: extract_entropy(.. 8 ..)
[    0.000000] random 0000 0000 0000 00000000 00000000: going to reseed nonblocking with 64 bits (64 of 0 requested)
[    0.000000] random 0000 0000 0000 00000000 00000000: extract_entropy(.. 8 ..)
[    0.000000] random 0000 0000 0000 00000000 00000000: trying to extract 64 bits from input
[    0.000000] random 0000 0000 0000 00000000 00000000: debiting 0 entropy credits from input
[    0.000000] random 0000 0000 0000 00000000 00000000: extract_entropy account returned: 0 
[    0.000000] random 0000 0000 0000 00000000 00000000: urand_change_num 1 xfer_secondary_pool(8): pool_sig 00000000, data_sig 00000000, bytes_mixed 0 00000000 00000000
[    0.000000] random 0000 0000 0000 00000000 00000000: trying to extract 64 bits from nonblocking
[    0.000000] random 0000 0000 0000 00000000 00000000: debiting 64 entropy credits from nonblocking (unlimited)
[    0.000000] random 0000 0000 0000 00000000 00000000: extract_entropy account returned: 8 
[    0.000000] random 0000 0000 0000 00000000 00000000: urand_change_num 2 extract_buf: pool_sig 00000000, data_sig fffffff9, bytes_mixed 20 00000000 00000000
[    0.000000] Initializing cgroup subsys cpuset
[    0.000000] Initializing cgroup subsys cpu
[    0.000000] Linux version 2.6.32.57 (dcashman@ubuntu) (gcc version 4.6.3 (Ubuntu/Linaro 4.6.3-1ubuntu5) ) #4 SMP Fri May 24 11:09:26 PDT 2013
[    0.000000] KERNEL supported cpus:
[    0.000000]   Intel GenuineIntel
[    0.000000]   AMD AuthenticAMD
[    0.000000]   NSC Geode by NSC
[    0.000000]   Cyrix CyrixInstead
[    0.000000]   Centaur CentaurHauls
[    0.000000]   Transmeta GenuineTMx86
[    0.000000]   Transmeta TransmetaCPU
[    0.000000]   UMC UMC UMC UMC
[    0.000000] BIOS-provided physical RAM map:
[    0.000000]  BIOS-e820: 0000000000000000 - 000000000009f000 (usable)
[    0.000000]  BIOS-e820: 000000000009f000 - 00000000000a0000 (reserved)
[    0.000000]  BIOS-e820: 00000000000ca000 - 00000000000cc000 (reserved)
[    0.000000]  BIOS-e820: 00000000000dc000 - 0000000000100000 (reserved)
[    0.000000]  BIOS-e820: 0000000000100000 - 000000003fee0000 (usable)
[    0.000000]  BIOS-e820: 000000003fee0000 - 000000003feff000 (ACPI data)
[    0.000000]  BIOS-e820: 000000003feff000 - 000000003ff00000 (ACPI NVS)
[    0.000000]  BIOS-e820: 000000003ff00000 - 0000000040000000 (usable)
[    0.000000]  BIOS-e820: 00000000e0000000 - 00000000f0000000 (reserved)
[    0.000000]  BIOS-e820: 00000000fec00000 - 00000000fec10000 (reserved)
[    0.000000]  BIOS-e820: 00000000fee00000 - 00000000fee01000 (reserved)
[    0.000000]  BIOS-e820: 00000000fffe0000 - 0000000100000000 (reserved)
[    0.000000] DMI present.
[    0.000000] Phoenix BIOS detected: BIOS may corrupt low RAM, working around it.
[    0.000000] e820 update range: 0000000000000000 - 0000000000010000 (usable) ==> (reserved)
[    0.000000] last_pfn = 0x40000 max_arch_pfn = 0x1000000
[    0.000000] MTRR default type: uncachable
[    0.000000] MTRR fixed ranges enabled:
[    0.000000]   00000-9FFFF write-back
[    0.000000]   A0000-BFFFF uncachable
[    0.000000]   C0000-CBFFF write-protect
[    0.000000]   CC000-EFFFF uncachable
[    0.000000]   F0000-FFFFF write-protect
[    0.000000] MTRR variable ranges enabled:
[    0.000000]   0 base 0000000000 mask FFC0000000 write-back
[    0.000000]   1 disabled
[    0.000000]   2 disabled
[    0.000000]   3 disabled
[    0.000000]   4 disabled
[    0.000000]   5 disabled
[    0.000000]   6 disabled
[    0.000000]   7 disabled
[    0.000000] x86 PAT enabled: cpu 0, old 0x0, new 0x7010600070106
[    0.000000] Scanning 0 areas for low memory corruption
[    0.000000] modified physical RAM map:
[    0.000000]  modified: 0000000000000000 - 0000000000010000 (reserved)
[    0.000000]  modified: 0000000000010000 - 000000000009f000 (usable)
[    0.000000]  modified: 000000000009f000 - 00000000000a0000 (reserved)
[    0.000000]  modified: 00000000000ca000 - 00000000000cc000 (reserved)
[    0.000000]  modified: 00000000000dc000 - 0000000000100000 (reserved)
[    0.000000]  modified: 0000000000100000 - 000000003fee0000 (usable)
[    0.000000]  modified: 000000003fee0000 - 000000003feff000 (ACPI data)
[    0.000000]  modified: 000000003feff000 - 000000003ff00000 (ACPI NVS)
[    0.000000]  modified: 000000003ff00000 - 0000000040000000 (usable)
[    0.000000]  modified: 00000000e0000000 - 00000000f0000000 (reserved)
[    0.000000]  modified: 00000000fec00000 - 00000000fec10000 (reserved)
[    0.000000]  modified: 00000000fee00000 - 00000000fee01000 (reserved)
[    0.000000]  modified: 00000000fffe0000 - 0000000100000000 (reserved)
[    0.000000] initial memory mapped : 0 - 01e00000
[    0.000000] init_memory_mapping: 0000000000000000-00000000379fe000
[    0.000000] NX (Execute Disable) protection: active
[    0.000000]  0000000000 - 0000200000 page 4k
[    0.000000]  0000200000 - 0037800000 page 2M
[    0.000000]  0037800000 - 00379fe000 page 4k
[    0.000000] kernel direct mapping tables up to 379fe000 @ 10000-16000
[    0.000000] RAMDISK: 2dcfc000 - 32e758c3
[    0.000000] ACPI: RSDP 000f6b80 00024 (v02 PTLTD )
[    0.000000] ACPI: XSDT 3feed636 0005C (v01 INTEL  440BX    06040000 VMW  01324272)
[    0.000000] ACPI: FACP 3fefee98 000F4 (v04 INTEL  440BX    06040000 PTL  000F4240)
[    0.000000] ACPI: DSDT 3feee366 10B32 (v01 PTLTD  Custom   06040000 MSFT 03000001)
[    0.000000] ACPI: FACS 3fefffc0 00040
[    0.000000] ACPI: BOOT 3feee33e 00028 (v01 PTLTD  $SBFTBL$ 06040000  LTP 00000001)
[    0.000000] ACPI: APIC 3feedc3e 003C2 (v01 PTLTD  ? APIC   06040000  LTP 00000000)
[    0.000000] ACPI: MCFG 3feedc02 0003C (v01 PTLTD  $PCITBL$ 06040000  LTP 00000001)
[    0.000000] ACPI: SRAT 3feed732 004D0 (v02 VMWARE MEMPLUG  06040000 VMW  00000001)
[    0.000000] ACPI: HPET 3feed6fa 00038 (v01 VMWARE VMW HPET 06040000 VMW  00000001)
[    0.000000] ACPI: WAET 3feed6d2 00028 (v01 VMWARE VMW WAET 06040000 VMW  00000001)
[    0.000000] ACPI: Local APIC address 0xfee00000
[    0.000000] 134MB HIGHMEM available.
[    0.000000] 889MB LOWMEM available.
[    0.000000]   mapped low ram: 0 - 379fe000
[    0.000000]   low ram: 0 - 379fe000
[    0.000000]   node 0 low ram: 00000000 - 379fe000
[    0.000000]   node 0 bootmap 00012000 - 00018f40
[    0.000000] (9 early reservations) ==> bootmem [0000000000 - 00379fe000]
[    0.000000]   #0 [0000000000 - 0000001000]   BIOS data page ==> [0000000000 - 0000001000]
[    0.000000]   #1 [0000001000 - 0000002000]    EX TRAMPOLINE ==> [0000001000 - 0000002000]
[    0.000000]   #2 [0000006000 - 0000007000]       TRAMPOLINE ==> [0000006000 - 0000007000]
[    0.000000]   #3 [0001000000 - 0001a75ff8]    TEXT DATA BSS ==> [0001000000 - 0001a75ff8]
[    0.000000]   #4 [002dcfc000 - 0032e758c3]          RAMDISK ==> [002dcfc000 - 0032e758c3]
[    0.000000]   #5 [000009f000 - 0000100000]    BIOS reserved ==> [000009f000 - 0000100000]
[    0.000000]   #6 [0001a76000 - 0001a851c0]              BRK ==> [0001a76000 - 0001a851c0]
[    0.000000]   #7 [0000010000 - 0000012000]          PGTABLE ==> [0000010000 - 0000012000]
[    0.000000]   #8 [0000012000 - 0000019000]          BOOTMAP ==> [0000012000 - 0000019000]
[    0.000000] found SMP MP-table at [c00f6bf0] f6bf0
[    0.000000] Zone PFN ranges:
[    0.000000]   DMA      0x00000010 -> 0x00001000
[    0.000000]   Normal   0x00001000 -> 0x000379fe
[    0.000000]   HighMem  0x000379fe -> 0x00040000
[    0.000000] Movable zone start PFN for each node
[    0.000000] early_node_map[3] active PFN ranges
[    0.000000]     0: 0x00000010 -> 0x0000009f
[    0.000000]     0: 0x00000100 -> 0x0003fee0
[    0.000000]     0: 0x0003ff00 -> 0x00040000
[    0.000000] On node 0 totalpages: 261999
[    0.000000] free_area_init_node: node 0, pgdat c1715200, node_mem_map c1a87200
[    0.000000]   DMA zone: 32 pages used for memmap
[    0.000000]   DMA zone: 0 pages reserved
[    0.000000]   DMA zone: 3951 pages, LIFO batch:0
[    0.000000]   Normal zone: 1748 pages used for memmap
[    0.000000]   Normal zone: 221994 pages, LIFO batch:31
[    0.000000]   HighMem zone: 269 pages used for memmap
[    0.000000]   HighMem zone: 34005 pages, LIFO batch:7
[    0.000000] Using APIC driver default
[    0.000000] ACPI: PM-Timer IO Port: 0x1008
[    0.000000] ACPI: Local APIC address 0xfee00000
[    0.000000] ACPI: LAPIC (acpi_id[0x00] lapic_id[0x00] enabled)
[    0.000000] ACPI: LAPIC (acpi_id[0x01] lapic_id[0x02] disabled)
[    0.000000] ACPI: LAPIC (acpi_id[0x02] lapic_id[0x04] disabled)
[    0.000000] ACPI: LAPIC (acpi_id[0x03] lapic_id[0x06] disabled)
[    0.000000] ACPI: LAPIC (acpi_id[0x04] lapic_id[0x08] disabled)
[    0.000000] ACPI: LAPIC (acpi_id[0x05] lapic_id[0x0a] disabled)
[    0.000000] ACPI: LAPIC (acpi_id[0x06] lapic_id[0x0c] disabled)
[    0.000000] ACPI: LAPIC (acpi_id[0x07] lapic_id[0x0e] disabled)
[    0.000000] ACPI: LAPIC (acpi_id[0x08] lapic_id[0x10] disabled)
[    0.000000] ACPI: LAPIC (acpi_id[0x09] lapic_id[0x12] disabled)
[    0.000000] ACPI: LAPIC (acpi_id[0x0a] lapic_id[0x14] disabled)
[    0.000000] ACPI: LAPIC (acpi_id[0x0b] lapic_id[0x16] disabled)
[    0.000000] ACPI: LAPIC (acpi_id[0x0c] lapic_id[0x18] disabled)
[    0.000000] ACPI: LAPIC (acpi_id[0x0d] lapic_id[0x1a] disabled)
[    0.000000] ACPI: LAPIC (acpi_id[0x0e] lapic_id[0x1c] disabled)
[    0.000000] ACPI: LAPIC (acpi_id[0x0f] lapic_id[0x1e] disabled)
[    0.000000] ACPI: LAPIC (acpi_id[0x10] lapic_id[0x20] disabled)
[    0.000000] ACPI: LAPIC (acpi_id[0x11] lapic_id[0x22] disabled)
[    0.000000] ACPI: LAPIC (acpi_id[0x12] lapic_id[0x24] disabled)
[    0.000000] ACPI: LAPIC (acpi_id[0x13] lapic_id[0x26] disabled)
[    0.000000] ACPI: LAPIC (acpi_id[0x14] lapic_id[0x28] disabled)
[    0.000000] ACPI: LAPIC (acpi_id[0x15] lapic_id[0x2a] disabled)
[    0.000000] ACPI: LAPIC (acpi_id[0x16] lapic_id[0x2c] disabled)
[    0.000000] ACPI: LAPIC (acpi_id[0x17] lapic_id[0x2e] disabled)
[    0.000000] ACPI: LAPIC (acpi_id[0x18] lapic_id[0x30] disabled)
[    0.000000] ACPI: LAPIC (acpi_id[0x19] lapic_id[0x32] disabled)
[    0.000000] ACPI: LAPIC (acpi_id[0x1a] lapic_id[0x34] disabled)
[    0.000000] ACPI: LAPIC (acpi_id[0x1b] lapic_id[0x36] disabled)
[    0.000000] ACPI: LAPIC (acpi_id[0x1c] lapic_id[0x38] disabled)
[    0.000000] ACPI: LAPIC (acpi_id[0x1d] lapic_id[0x3a] disabled)
[    0.000000] ACPI: LAPIC (acpi_id[0x1e] lapic_id[0x3c] disabled)
[    0.000000] ACPI: LAPIC (acpi_id[0x1f] lapic_id[0x3e] disabled)
[    0.000000] ACPI: LAPIC (acpi_id[0x20] lapic_id[0x40] disabled)
[    0.000000] ACPI: LAPIC (acpi_id[0x21] lapic_id[0x42] disabled)
[    0.000000] ACPI: LAPIC (acpi_id[0x22] lapic_id[0x44] disabled)
[    0.000000] ACPI: LAPIC (acpi_id[0x23] lapic_id[0x46] disabled)
[    0.000000] ACPI: LAPIC (acpi_id[0x24] lapic_id[0x48] disabled)
[    0.000000] ACPI: LAPIC (acpi_id[0x25] lapic_id[0x4a] disabled)
[    0.000000] ACPI: LAPIC (acpi_id[0x26] lapic_id[0x4c] disabled)
[    0.000000] ACPI: LAPIC (acpi_id[0x27] lapic_id[0x4e] disabled)
[    0.000000] ACPI: LAPIC (acpi_id[0x28] lapic_id[0x50] disabled)
[    0.000000] ACPI: LAPIC (acpi_id[0x29] lapic_id[0x52] disabled)
[    0.000000] ACPI: LAPIC (acpi_id[0x2a] lapic_id[0x54] disabled)
[    0.000000] ACPI: LAPIC (acpi_id[0x2b] lapic_id[0x56] disabled)
[    0.000000] ACPI: LAPIC (acpi_id[0x2c] lapic_id[0x58] disabled)
[    0.000000] ACPI: LAPIC (acpi_id[0x2d] lapic_id[0x5a] disabled)
[    0.000000] ACPI: LAPIC (acpi_id[0x2e] lapic_id[0x5c] disabled)
[    0.000000] ACPI: LAPIC (acpi_id[0x2f] lapic_id[0x5e] disabled)
[    0.000000] ACPI: LAPIC (acpi_id[0x30] lapic_id[0x60] disabled)
[    0.000000] ACPI: LAPIC (acpi_id[0x31] lapic_id[0x62] disabled)
[    0.000000] ACPI: LAPIC (acpi_id[0x32] lapic_id[0x64] disabled)
[    0.000000] ACPI: LAPIC (acpi_id[0x33] lapic_id[0x66] disabled)
[    0.000000] ACPI: LAPIC (acpi_id[0x34] lapic_id[0x68] disabled)
[    0.000000] ACPI: LAPIC (acpi_id[0x35] lapic_id[0x6a] disabled)
[    0.000000] ACPI: LAPIC (acpi_id[0x36] lapic_id[0x6c] disabled)
[    0.000000] ACPI: LAPIC (acpi_id[0x37] lapic_id[0x6e] disabled)
[    0.000000] ACPI: LAPIC (acpi_id[0x38] lapic_id[0x70] disabled)
[    0.000000] ACPI: LAPIC (acpi_id[0x39] lapic_id[0x72] disabled)
[    0.000000] ACPI: LAPIC (acpi_id[0x3a] lapic_id[0x74] disabled)
[    0.000000] ACPI: LAPIC (acpi_id[0x3b] lapic_id[0x76] disabled)
[    0.000000] ACPI: LAPIC (acpi_id[0x3c] lapic_id[0x78] disabled)
[    0.000000] ACPI: LAPIC (acpi_id[0x3d] lapic_id[0x7a] disabled)
[    0.000000] ACPI: LAPIC (acpi_id[0x3e] lapic_id[0x7c] disabled)
[    0.000000] ACPI: LAPIC (acpi_id[0x3f] lapic_id[0x7e] disabled)
[    0.000000] ACPI: LAPIC_NMI (acpi_id[0x00] high edge lint[0x1])
[    0.000000] ACPI: LAPIC_NMI (acpi_id[0x01] high edge lint[0x1])
[    0.000000] ACPI: LAPIC_NMI (acpi_id[0x02] high edge lint[0x1])
[    0.000000] ACPI: LAPIC_NMI (acpi_id[0x03] high edge lint[0x1])
[    0.000000] ACPI: LAPIC_NMI (acpi_id[0x04] high edge lint[0x1])
[    0.000000] ACPI: LAPIC_NMI (acpi_id[0x05] high edge lint[0x1])
[    0.000000] ACPI: LAPIC_NMI (acpi_id[0x06] high edge lint[0x1])
[    0.000000] ACPI: LAPIC_NMI (acpi_id[0x07] high edge lint[0x1])
[    0.000000] ACPI: LAPIC_NMI (acpi_id[0x08] high edge lint[0x1])
[    0.000000] ACPI: LAPIC_NMI (acpi_id[0x09] high edge lint[0x1])
[    0.000000] ACPI: LAPIC_NMI (acpi_id[0x0a] high edge lint[0x1])
[    0.000000] ACPI: LAPIC_NMI (acpi_id[0x0b] high edge lint[0x1])
[    0.000000] ACPI: LAPIC_NMI (acpi_id[0x0c] high edge lint[0x1])
[    0.000000] ACPI: LAPIC_NMI (acpi_id[0x0d] high edge lint[0x1])
[    0.000000] ACPI: LAPIC_NMI (acpi_id[0x0e] high edge lint[0x1])
[    0.000000] ACPI: LAPIC_NMI (acpi_id[0x0f] high edge lint[0x1])
[    0.000000] ACPI: LAPIC_NMI (acpi_id[0x10] high edge lint[0x1])
[    0.000000] ACPI: LAPIC_NMI (acpi_id[0x11] high edge lint[0x1])
[    0.000000] ACPI: LAPIC_NMI (acpi_id[0x12] high edge lint[0x1])
[    0.000000] ACPI: LAPIC_NMI (acpi_id[0x13] high edge lint[0x1])
[    0.000000] ACPI: LAPIC_NMI (acpi_id[0x14] high edge lint[0x1])
[    0.000000] ACPI: LAPIC_NMI (acpi_id[0x15] high edge lint[0x1])
[    0.000000] ACPI: LAPIC_NMI (acpi_id[0x16] high edge lint[0x1])
[    0.000000] ACPI: LAPIC_NMI (acpi_id[0x17] high edge lint[0x1])
[    0.000000] ACPI: LAPIC_NMI (acpi_id[0x18] high edge lint[0x1])
[    0.000000] ACPI: LAPIC_NMI (acpi_id[0x19] high edge lint[0x1])
[    0.000000] ACPI: LAPIC_NMI (acpi_id[0x1a] high edge lint[0x1])
[    0.000000] ACPI: LAPIC_NMI (acpi_id[0x1b] high edge lint[0x1])
[    0.000000] ACPI: LAPIC_NMI (acpi_id[0x1c] high edge lint[0x1])
[    0.000000] ACPI: LAPIC_NMI (acpi_id[0x1d] high edge lint[0x1])
[    0.000000] ACPI: LAPIC_NMI (acpi_id[0x1e] high edge lint[0x1])
[    0.000000] ACPI: LAPIC_NMI (acpi_id[0x1f] high edge lint[0x1])
[    0.000000] ACPI: LAPIC_NMI (acpi_id[0x20] high edge lint[0x1])
[    0.000000] ACPI: LAPIC_NMI (acpi_id[0x21] high edge lint[0x1])
[    0.000000] ACPI: LAPIC_NMI (acpi_id[0x22] high edge lint[0x1])
[    0.000000] ACPI: LAPIC_NMI (acpi_id[0x23] high edge lint[0x1])
[    0.000000] ACPI: LAPIC_NMI (acpi_id[0x24] high edge lint[0x1])
[    0.000000] ACPI: LAPIC_NMI (acpi_id[0x25] high edge lint[0x1])
[    0.000000] ACPI: LAPIC_NMI (acpi_id[0x26] high edge lint[0x1])
[    0.000000] ACPI: LAPIC_NMI (acpi_id[0x27] high edge lint[0x1])
[    0.000000] ACPI: LAPIC_NMI (acpi_id[0x28] high edge lint[0x1])
[    0.000000] ACPI: LAPIC_NMI (acpi_id[0x29] high edge lint[0x1])
[    0.000000] ACPI: LAPIC_NMI (acpi_id[0x2a] high edge lint[0x1])
[    0.000000] ACPI: LAPIC_NMI (acpi_id[0x2b] high edge lint[0x1])
[    0.000000] ACPI: LAPIC_NMI (acpi_id[0x2c] high edge lint[0x1])
[    0.000000] ACPI: LAPIC_NMI (acpi_id[0x2d] high edge lint[0x1])
[    0.000000] ACPI: LAPIC_NMI (acpi_id[0x2e] high edge lint[0x1])
[    0.000000] ACPI: LAPIC_NMI (acpi_id[0x2f] high edge lint[0x1])
[    0.000000] ACPI: LAPIC_NMI (acpi_id[0x30] high edge lint[0x1])
[    0.000000] ACPI: LAPIC_NMI (acpi_id[0x31] high edge lint[0x1])
[    0.000000] ACPI: LAPIC_NMI (acpi_id[0x32] high edge lint[0x1])
[    0.000000] ACPI: LAPIC_NMI (acpi_id[0x33] high edge lint[0x1])
[    0.000000] ACPI: LAPIC_NMI (acpi_id[0x34] high edge lint[0x1])
[    0.000000] ACPI: LAPIC_NMI (acpi_id[0x35] high edge lint[0x1])
[    0.000000] ACPI: LAPIC_NMI (acpi_id[0x36] high edge lint[0x1])
[    0.000000] ACPI: LAPIC_NMI (acpi_id[0x37] high edge lint[0x1])
[    0.000000] ACPI: LAPIC_NMI (acpi_id[0x38] high edge lint[0x1])
[    0.000000] ACPI: LAPIC_NMI (acpi_id[0x39] high edge lint[0x1])
[    0.000000] ACPI: LAPIC_NMI (acpi_id[0x3a] high edge lint[0x1])
[    0.000000] ACPI: LAPIC_NMI (acpi_id[0x3b] high edge lint[0x1])
[    0.000000] ACPI: LAPIC_NMI (acpi_id[0x3c] high edge lint[0x1])
[    0.000000] ACPI: LAPIC_NMI (acpi_id[0x3d] high edge lint[0x1])
[    0.000000] ACPI: LAPIC_NMI (acpi_id[0x3e] high edge lint[0x1])
[    0.000000] ACPI: LAPIC_NMI (acpi_id[0x3f] high edge lint[0x1])
[    0.000000] ACPI: Skipping IOAPIC probe due to 'noapic' option.
[    0.000000] Using ACPI for processor (LAPIC) configuration information
[    0.000000] ACPI: HPET id: 0x8086af01 base: 0xfed00000
[    0.000000] Intel MultiProcessor Specification v1.4
[    0.000000]     Virtual Wire compatibility mode.
[    0.000000] MPTABLE: OEM ID: INTEL   
[    0.000000] MPTABLE: Product ID: 440BX       
[    0.000000] MPTABLE: APIC at: 0xFEE00000
[    0.000000] I/O APIC #1 Version 17 at 0xFEC00000.
[    0.000000] Processors: 1
[    0.000000] 64 Processors exceeds NR_CPUS limit of 8
[    0.000000] SMP: Allowing 8 CPUs, 7 hotplug CPUs
[    0.000000] nr_irqs_gsi: 24
[    0.000000] PM: Registered nosave memory: 000000000009f000 - 00000000000a0000
[    0.000000] PM: Registered nosave memory: 00000000000a0000 - 00000000000ca000
[    0.000000] PM: Registered nosave memory: 00000000000ca000 - 00000000000cc000
[    0.000000] PM: Registered nosave memory: 00000000000cc000 - 00000000000dc000
[    0.000000] PM: Registered nosave memory: 00000000000dc000 - 0000000000100000
[    0.000000] Allocating PCI resources starting at 40000000 (gap: 40000000:a0000000)
[    0.000000] Booting paravirtualized kernel on bare hardware
[    0.000000] NR_CPUS:8 nr_cpumask_bits:8 nr_cpu_ids:8 nr_node_ids:1
[    0.000000] PERCPU: Embedded 15 pages/cpu @c2400000 s39320 r0 d22120 u262144
[    0.000000] pcpu-alloc: s39320 r0 d22120 u262144 alloc=1*2097152
[    0.000000] pcpu-alloc: [0] 0 1 2 3 4 5 6 7 
[    0.000000] Built 1 zonelists in Zone order, mobility grouping on.  Total pages: 259950
[    0.000000] Kernel command line: BOOT_IMAGE=/boot/vmlinuz-2.6.32.57 root=UUID=007b598c-390d-4c65-84a1-4ff752d48633 ro quiet splash maxcpus=0
[    0.000000] PID hash table entries: 4096 (order: 2, 16384 bytes)
[    0.000000] Dentry cache hash table entries: 131072 (order: 7, 524288 bytes)
[    0.000000] Inode-cache hash table entries: 65536 (order: 6, 262144 bytes)
[    0.000000] Enabling fast FPU save and restore... done.
[    0.000000] Enabling unmasked SIMD FPU exception support... done.
[    0.000000] Initializing CPU#0
[    0.000000] xsave/xrstor: enabled xstate_bv 0x7, cntxt size 0x340
[    0.000000] allocated 5242560 bytes of page_cgroup
[    0.000000] please try 'cgroup_disable=memory' option if you don't want memory cgroups
[    0.000000] Initializing HighMem for node 0 (000379fe:00040000)
[    0.000000] Memory: 938260k/1048576k available (4839k kernel code, 108848k reserved, 2518k data, 652k init, 137096k highmem)
[    0.000000] virtual kernel memory layout:
[    0.000000]     fixmap  : 0xfff1e000 - 0xfffff000   ( 900 kB)
[    0.000000]     pkmap   : 0xffa00000 - 0xffc00000   (2048 kB)
[    0.000000]     vmalloc : 0xf81fe000 - 0xff9fe000   ( 120 MB)
[    0.000000]     lowmem  : 0xc0000000 - 0xf79fe000   ( 889 MB)
[    0.000000]       .init : 0xc1730000 - 0xc17d3000   ( 652 kB)
[    0.000000]       .data : 0xc14b9cce - 0xc172f764   (2518 kB)
[    0.000000]       .text : 0xc1000000 - 0xc14b9cce   (4839 kB)
[    0.000000] Checking if this processor honours the WP bit even in supervisor mode...Ok.
[    0.000000] SLUB: Genslabs=13, HWalign=64, Order=0-3, MinObjects=0, CPUs=8, Nodes=1
[    0.000000] Hierarchical RCU implementation.
[    0.000000] NR_IRQS:2304 nr_irqs:472
[    0.000000] Extended CMOS year: 2000
[    0.000000] Console: colour VGA+ 80x25
[    0.000000] console [tty0] enabled
[    0.000000] hpet clockevent registered
[    0.000000] TSC freq read from hypervisor : 2394.620 MHz
[    0.000000] Detected 2394.620 MHz processor.
[    0.000003] Calibrating delay loop (skipped) preset value.. 4789.24 BogoMIPS (lpj=9578480)
[    0.000012] Security Framework initialized
[    0.000016] SELinux:  Disabled at boot.
[    0.000020] Mount-cache hash table entries: 512
[    0.000123] Initializing cgroup subsys cpuacct
[    0.000127] Initializing cgroup subsys memory
[    0.000130] Initializing cgroup subsys devices
[    0.000132] Initializing cgroup subsys freezer
[    0.000160] CPU: Physical Processor ID: 0
[    0.000167] CPU: L1 I cache: 32K, L1 D cache: 32K
[    0.000168] CPU: L2 cache: 256K
[    0.000169] CPU: L3 cache: 4096K
[    0.000175] mce: CPU supports 0 MCE banks
[    0.000188] Performance Events: no PMU driver, software events only.
[    0.000198] Checking 'hlt' instruction... OK.
[    0.017927] SMP alternatives: switching to UP code
[    0.033661] ACPI: Core revision 20090903
[    0.040004] ACPI: setting ELCR to 0200 (from 0e20)
[    0.041165] ftrace: converting mcount calls to 0f 1f 44 00 00
[    0.041171] ftrace: allocating 22631 entries in 45 pages
[    0.061354] CANARY value: 9d6c534a for PID: 1
[    0.061388] Not enabling x2apic, Intr-remapping init failed.
[    0.061390] Enabling APIC mode:  Flat.  Using 1 I/O APICs
[    0.061398] SMP mode deactivated.
[    0.061425] SMP disabled
[    0.061506] Brought up 1 CPUs
[    0.061507] Total of 1 processors activated (4789.24 BogoMIPS).
[    0.061512] CPU0 attaching NULL sched-domain.
[    0.061588] devtmpfs: initialized
[    0.061754] sysctl table check failed: /kernel/random/now_input .1.40.7 Unknown sysctl binary path
[    0.062013] Pid: 1, comm: swapper Not tainted 2.6.32.57 #4
[    0.062015] Call Trace:
[    0.062019]  [<c14a8a0e>] ? printk+0x1d/0x1f
[    0.062023]  [<c107b56f>] set_fail+0x4f/0x60
[    0.062025]  [<c107b8b3>] sysctl_check_table+0x333/0x620
[    0.062027]  [<c107b8cc>] sysctl_check_table+0x34c/0x620
[    0.062028]  [<c107b8cc>] sysctl_check_table+0x34c/0x620
[    0.062032]  [<c1746d48>] sysctl_init+0x25/0x29
[    0.062035]  [<c1003042>] do_one_initcall+0x32/0x1a0
[    0.062037]  [<c1746d23>] ? sysctl_init+0x0/0x29
[    0.062039]  [<c17308e7>] kernel_init+0x12d/0x17a
[    0.062041]  [<c17307ba>] ? kernel_init+0x0/0x17a
[    0.062044]  [<c1009b07>] kernel_thread_helper+0x7/0x10
[    0.062045] sysctl table check failed: /kernel/random/now_blocking .1.40.8 Unknown sysctl binary path
[    0.062333] Pid: 1, comm: swapper Not tainted 2.6.32.57 #4
[    0.062334] Call Trace:
[    0.062337]  [<c14a8a0e>] ? printk+0x1d/0x1f
[    0.062339]  [<c107b56f>] set_fail+0x4f/0x60
[    0.062341]  [<c107b8b3>] sysctl_check_table+0x333/0x620
[    0.062342]  [<c107b8cc>] sysctl_check_table+0x34c/0x620
[    0.062344]  [<c107b8cc>] sysctl_check_table+0x34c/0x620
[    0.062347]  [<c1746d48>] sysctl_init+0x25/0x29
[    0.062349]  [<c1003042>] do_one_initcall+0x32/0x1a0
[    0.062351]  [<c1746d23>] ? sysctl_init+0x0/0x29
[    0.062353]  [<c17308e7>] kernel_init+0x12d/0x17a
[    0.062354]  [<c17307ba>] ? kernel_init+0x0/0x17a
[    0.062356]  [<c1009b07>] kernel_thread_helper+0x7/0x10
[    0.062358] sysctl table check failed: /kernel/random/now_nonblocking .1.40.9 Unknown sysctl binary path
[    0.062607] Pid: 1, comm: swapper Not tainted 2.6.32.57 #4
[    0.062608] Call Trace:
[    0.062609]  [<c14a8a0e>] ? printk+0x1d/0x1f
[    0.062611]  [<c107b56f>] set_fail+0x4f/0x60
[    0.062612]  [<c107b8b3>] sysctl_check_table+0x333/0x620
[    0.062614]  [<c107b8cc>] sysctl_check_table+0x34c/0x620
[    0.062616]  [<c107b8cc>] sysctl_check_table+0x34c/0x620
[    0.062618]  [<c1746d48>] sysctl_init+0x25/0x29
[    0.062620]  [<c1003042>] do_one_initcall+0x32/0x1a0
[    0.062622]  [<c1746d23>] ? sysctl_init+0x0/0x29
[    0.062624]  [<c17308e7>] kernel_init+0x12d/0x17a
[    0.062625]  [<c17307ba>] ? kernel_init+0x0/0x17a
[    0.062627]  [<c1009b07>] kernel_thread_helper+0x7/0x10
[    0.062628] sysctl table check failed: /kernel/random/nb_input_bytes .1.40.10 Unknown sysctl binary path
[    0.062878] Pid: 1, comm: swapper Not tainted 2.6.32.57 #4
[    0.062879] Call Trace:
[    0.062881]  [<c14a8a0e>] ? printk+0x1d/0x1f
[    0.062882]  [<c107b56f>] set_fail+0x4f/0x60
[    0.062884]  [<c107b8b3>] sysctl_check_table+0x333/0x620
[    0.062886]  [<c107b8cc>] sysctl_check_table+0x34c/0x620
[    0.062887]  [<c107b8cc>] sysctl_check_table+0x34c/0x620
[    0.062890]  [<c1746d48>] sysctl_init+0x25/0x29
[    0.062892]  [<c1003042>] do_one_initcall+0x32/0x1a0
[    0.062894]  [<c1746d23>] ? sysctl_init+0x0/0x29
[    0.062896]  [<c17308e7>] kernel_init+0x12d/0x17a
[    0.062897]  [<c17307ba>] ? kernel_init+0x0/0x17a
[    0.062899]  [<c1009b07>] kernel_thread_helper+0x7/0x10
[    0.062901] sysctl table check failed: /kernel/random/nb_stir_count .1.40.11 Unknown sysctl binary path
[    0.063154] Pid: 1, comm: swapper Not tainted 2.6.32.57 #4
[    0.063155] Call Trace:
[    0.063157]  [<c14a8a0e>] ? printk+0x1d/0x1f
[    0.063159]  [<c107b56f>] set_fail+0x4f/0x60
[    0.063160]  [<c107b8b3>] sysctl_check_table+0x333/0x620
[    0.063162]  [<c107b8cc>] sysctl_check_table+0x34c/0x620
[    0.063163]  [<c107b8cc>] sysctl_check_table+0x34c/0x620
[    0.063166]  [<c1746d48>] sysctl_init+0x25/0x29
[    0.063168]  [<c1003042>] do_one_initcall+0x32/0x1a0
[    0.063170]  [<c1746d23>] ? sysctl_init+0x0/0x29
[    0.063172]  [<c17308e7>] kernel_init+0x12d/0x17a
[    0.063174]  [<c17307ba>] ? kernel_init+0x0/0x17a
[    0.063175]  [<c1009b07>] kernel_thread_helper+0x7/0x10
[    0.063177] sysctl table check failed: /kernel/random/nb_reentry_count .1.40.12 Unknown sysctl binary path
[    0.063451] Pid: 1, comm: swapper Not tainted 2.6.32.57 #4
[    0.063452] Call Trace:
[    0.063454]  [<c14a8a0e>] ? printk+0x1d/0x1f
[    0.063456]  [<c107b56f>] set_fail+0x4f/0x60
[    0.063458]  [<c107b8b3>] sysctl_check_table+0x333/0x620
[    0.063459]  [<c107b8cc>] sysctl_check_table+0x34c/0x620
[    0.063461]  [<c107b8cc>] sysctl_check_table+0x34c/0x620
[    0.063464]  [<c1746d48>] sysctl_init+0x25/0x29
[    0.063466]  [<c1003042>] do_one_initcall+0x32/0x1a0
[    0.063468]  [<c1746d23>] ? sysctl_init+0x0/0x29
[    0.063469]  [<c17308e7>] kernel_init+0x12d/0x17a
[    0.063471]  [<c17307ba>] ? kernel_init+0x0/0x17a
[    0.063473]  [<c1009b07>] kernel_thread_helper+0x7/0x10
[    0.063609] RANDOM - __seed init called.
[    0.063610] RANDOM - __seed init called.
[    0.063611] RANDOM - __seed init called.
[    0.063612] RANDOM - __random32 called. Change num 1.  Value: 865378fd	b53d80db	1f8ba37e
[    0.063613] RANDOM - __random32 called. Change num 2.  Value: 378fdd29	53d80db0	46fc7ad7
[    0.063615] RANDOM - __random32 called. Change num 3.  Value: fdd29985	3d80db0e	f5ae23f5
[    0.063616] RANDOM - __random32 called. Change num 4.  Value: 299855dc	d80db0e5	47eb1be7
[    0.063618] RANDOM - __random32 called. Change num 5.  Value: 855dc464	80db0e5c	37cf1678
[    0.063619] RANDOM - __random32 called. Change num 6.  Value: dc4647ba	db0e5c1	2cf136f4
[    0.063620] RANDOM - random32 init called.  Value: dc4647ba	db0e5c1	2cf136f4
[    0.063627] regulator: core version 0.5
[    0.063693] Time: 20:52:19  Date: 05/24/13
[    0.063732] NET: Registered protocol family 16
[    0.063801] EISA bus registered
[    0.064720] ACPI: bus type pci registered
[    0.064842] PCI: MCFG configuration 0: base e0000000 segment 0 buses 0 - 255
[    0.064844] PCI: MCFG area at e0000000 reserved in E820
[    0.064845] PCI: Using MMCONFIG for extended config space
[    0.064846] PCI: Using configuration type 1 for base access
[    0.065380] bio: create slab <bio-0> at 0
[    0.066759] ACPI: EC: Look up EC in DSDT
[    0.109115] ACPI: BIOS _OSI(Linux) query ignored
[    0.119742] ACPI: Interpreter enabled
[    0.119747] ACPI: (supports S0 S1 S4 S5)
[    0.119759] ACPI: Using PIC for interrupt routing
[    0.209847] ACPI: No dock devices found.
[    0.210770] ACPI: PCI Root Bridge [PCI0] (0000:00)
[    0.212915] pci 0000:00:07.1: reg 20 io port: [0x10c0-0x10cf]
[    0.213473] pci 0000:00:07.3: quirk: region 1000-103f claimed by PIIX4 ACPI
[    0.213485] pci 0000:00:07.3: quirk: region 1040-104f claimed by PIIX4 SMB
[    0.214107] pci 0000:00:07.7: reg 10 io port: [0x1080-0x10bf]
[    0.214509] pci 0000:00:07.7: reg 14 64bit mmio: [0xc8000000-0xc8001fff]
[    0.215753] pci 0000:00:0f.0: reg 10 io port: [0x10d0-0x10df]
[    0.215792] pci 0000:00:0f.0: reg 14 32bit mmio pref: [0xd0000000-0xd7ffffff]
[    0.215831] pci 0000:00:0f.0: reg 18 32bit mmio: [0xc8800000-0xc8ffffff]
[    0.215977] pci 0000:00:0f.0: reg 30 32bit mmio pref: [0x000000-0x007fff]
[    0.216539] pci 0000:00:10.0: reg 10 io port: [0x1400-0x14ff]
[    0.216918] pci 0000:00:10.0: reg 14 64bit mmio: [0xc8040000-0xc805ffff]
[    0.217305] pci 0000:00:10.0: reg 1c 64bit mmio: [0xc8020000-0xc803ffff]
[    0.217381] pci 0000:00:10.0: reg 30 32bit mmio pref: [0x000000-0x003fff]
[    0.218728] pci 0000:00:15.0: PME# supported from D0 D3hot D3cold
[    0.218747] pci 0000:00:15.0: PME# disabled
[    0.219575] pci 0000:00:15.1: PME# supported from D0 D3hot D3cold
[    0.219594] pci 0000:00:15.1: PME# disabled
[    0.220431] pci 0000:00:15.2: PME# supported from D0 D3hot D3cold
[    0.220450] pci 0000:00:15.2: PME# disabled
[    0.221290] pci 0000:00:15.3: PME# supported from D0 D3hot D3cold
[    0.221309] pci 0000:00:15.3: PME# disabled
[    0.222129] pci 0000:00:15.4: PME# supported from D0 D3hot D3cold
[    0.222148] pci 0000:00:15.4: PME# disabled
[    0.222946] pci 0000:00:15.5: PME# supported from D0 D3hot D3cold
[    0.222965] pci 0000:00:15.5: PME# disabled
[    0.223799] pci 0000:00:15.6: PME# supported from D0 D3hot D3cold
[    0.223819] pci 0000:00:15.6: PME# disabled
[    0.224636] pci 0000:00:15.7: PME# supported from D0 D3hot D3cold
[    0.224655] pci 0000:00:15.7: PME# disabled
[    0.225501] pci 0000:00:16.0: PME# supported from D0 D3hot D3cold
[    0.225520] pci 0000:00:16.0: PME# disabled
[    0.226346] pci 0000:00:16.1: PME# supported from D0 D3hot D3cold
[    0.226364] pci 0000:00:16.1: PME# disabled
[    0.227218] pci 0000:00:16.2: PME# supported from D0 D3hot D3cold
[    0.227238] pci 0000:00:16.2: PME# disabled
[    0.228193] pci 0000:00:16.3: PME# supported from D0 D3hot D3cold
[    0.228226] pci 0000:00:16.3: PME# disabled
[    0.229328] pci 0000:00:16.4: PME# supported from D0 D3hot D3cold
[    0.229352] pci 0000:00:16.4: PME# disabled
[    0.230356] pci 0000:00:16.5: PME# supported from D0 D3hot D3cold
[    0.230379] pci 0000:00:16.5: PME# disabled
[    0.231409] pci 0000:00:16.6: PME# supported from D0 D3hot D3cold
[    0.231430] pci 0000:00:16.6: PME# disabled
[    0.232340] pci 0000:00:16.7: PME# supported from D0 D3hot D3cold
[    0.232360] pci 0000:00:16.7: PME# disabled
[    0.233281] pci 0000:00:17.0: PME# supported from D0 D3hot D3cold
[    0.233301] pci 0000:00:17.0: PME# disabled
[    0.234169] pci 0000:00:17.1: PME# supported from D0 D3hot D3cold
[    0.234189] pci 0000:00:17.1: PME# disabled
[    0.235055] pci 0000:00:17.2: PME# supported from D0 D3hot D3cold
[    0.235075] pci 0000:00:17.2: PME# disabled
[    0.235979] pci 0000:00:17.3: PME# supported from D0 D3hot D3cold
[    0.236007] pci 0000:00:17.3: PME# disabled
[    0.236864] pci 0000:00:17.4: PME# supported from D0 D3hot D3cold
[    0.236884] pci 0000:00:17.4: PME# disabled
[    0.237762] pci 0000:00:17.5: PME# supported from D0 D3hot D3cold
[    0.237782] pci 0000:00:17.5: PME# disabled
[    0.238662] pci 0000:00:17.6: PME# supported from D0 D3hot D3cold
[    0.238683] pci 0000:00:17.6: PME# disabled
[    0.239549] pci 0000:00:17.7: PME# supported from D0 D3hot D3cold
[    0.239569] pci 0000:00:17.7: PME# disabled
[    0.240722] pci 0000:00:18.0: PME# supported from D0 D3hot D3cold
[    0.240755] pci 0000:00:18.0: PME# disabled
[    0.241957] pci 0000:00:18.1: PME# supported from D0 D3hot D3cold
[    0.241987] pci 0000:00:18.1: PME# disabled
[    0.242899] pci 0000:00:18.2: PME# supported from D0 D3hot D3cold
[    0.242920] pci 0000:00:18.2: PME# disabled
[    0.244126] pci 0000:00:18.3: PME# supported from D0 D3hot D3cold
[    0.244157] pci 0000:00:18.3: PME# disabled
[    0.245389] pci 0000:00:18.4: PME# supported from D0 D3hot D3cold
[    0.245413] pci 0000:00:18.4: PME# disabled
[    0.246411] pci 0000:00:18.5: PME# supported from D0 D3hot D3cold
[    0.246434] pci 0000:00:18.5: PME# disabled
[    0.247436] pci 0000:00:18.6: PME# supported from D0 D3hot D3cold
[    0.247459] pci 0000:00:18.6: PME# disabled
[    0.248459] pci 0000:00:18.7: PME# supported from D0 D3hot D3cold
[    0.248480] pci 0000:00:18.7: PME# disabled
[    0.249598] pci 0000:02:00.0: reg 20 io port: [0x20c0-0x20df]
[    0.250145] pci 0000:02:01.0: reg 10 io port: [0x2000-0x207f]
[    0.250353] pci 0000:02:01.0: reg 30 32bit mmio pref: [0x000000-0x00ffff]
[    0.250874] pci 0000:02:02.0: reg 10 io port: [0x2080-0x20bf]
[    0.251505] pci 0000:02:03.0: reg 10 32bit mmio: [0xc9000000-0xc9000fff]
[    0.252071] pci 0000:00:11.0: transparent bridge
[    0.252090] pci 0000:00:11.0: bridge io port: [0x2000-0x3fff]
[    0.252109] pci 0000:00:11.0: bridge 32bit mmio: [0xc9000000-0xca3fffff]
[    0.252144] pci 0000:00:11.0: bridge 64bit mmio pref: [0xd8400000-0xd89fffff]
[    0.252484] pci 0000:00:15.0: bridge io port: [0x4000-0x4fff]
[    0.252503] pci 0000:00:15.0: bridge 32bit mmio: [0xca400000-0xca4fffff]
[    0.252539] pci 0000:00:15.0: bridge 64bit mmio pref: [0xd8a00000-0xd8afffff]
[    0.252873] pci 0000:00:15.1: bridge io port: [0x8000-0x8fff]
[    0.252892] pci 0000:00:15.1: bridge 32bit mmio: [0xca800000-0xca8fffff]
[    0.252927] pci 0000:00:15.1: bridge 64bit mmio pref: [0xd8e00000-0xd8efffff]
[    0.253292] pci 0000:00:15.2: bridge io port: [0xc000-0xcfff]
[    0.253313] pci 0000:00:15.2: bridge 32bit mmio: [0xcac00000-0xcacfffff]
[    0.253351] pci 0000:00:15.2: bridge 64bit mmio pref: [0xd9200000-0xd92fffff]
[    0.253734] pci 0000:00:15.3: bridge 32bit mmio: [0xcb000000-0xcb0fffff]
[    0.253772] pci 0000:00:15.3: bridge 64bit mmio pref: [0xd9600000-0xd96fffff]
[    0.254151] pci 0000:00:15.4: bridge 32bit mmio: [0xcb400000-0xcb4fffff]
[    0.254189] pci 0000:00:15.4: bridge 64bit mmio pref: [0xd9a00000-0xd9afffff]
[    0.254569] pci 0000:00:15.5: bridge 32bit mmio: [0xcb800000-0xcb8fffff]
[    0.254607] pci 0000:00:15.5: bridge 64bit mmio pref: [0xd9e00000-0xd9efffff]
[    0.255201] pci 0000:00:15.6: bridge 32bit mmio: [0xcbc00000-0xcbcfffff]
[    0.255241] pci 0000:00:15.6: bridge 64bit mmio pref: [0xda200000-0xda2fffff]
[    0.255652] pci 0000:00:15.7: bridge 32bit mmio: [0xcc000000-0xcc0fffff]
[    0.255691] pci 0000:00:15.7: bridge 64bit mmio pref: [0xda600000-0xda6fffff]
[    0.256113] pci 0000:00:16.0: bridge io port: [0x5000-0x5fff]
[    0.256134] pci 0000:00:16.0: bridge 32bit mmio: [0xca500000-0xca5fffff]
[    0.256172] pci 0000:00:16.0: bridge 64bit mmio pref: [0xd8b00000-0xd8bfffff]
[    0.256531] pci 0000:00:16.1: bridge io port: [0x9000-0x9fff]
[    0.256551] pci 0000:00:16.1: bridge 32bit mmio: [0xca900000-0xca9fffff]
[    0.256589] pci 0000:00:16.1: bridge 64bit mmio pref: [0xd8f00000-0xd8ffffff]
[    0.256948] pci 0000:00:16.2: bridge io port: [0xd000-0xdfff]
[    0.256986] pci 0000:00:16.2: bridge 32bit mmio: [0xcad00000-0xcadfffff]
[    0.257025] pci 0000:00:16.2: bridge 64bit mmio pref: [0xd9300000-0xd93fffff]
[    0.257402] pci 0000:00:16.3: bridge 32bit mmio: [0xcb100000-0xcb1fffff]
[    0.257441] pci 0000:00:16.3: bridge 64bit mmio pref: [0xd9700000-0xd97fffff]
[    0.257817] pci 0000:00:16.4: bridge 32bit mmio: [0xcb500000-0xcb5fffff]
[    0.257855] pci 0000:00:16.4: bridge 64bit mmio pref: [0xd9b00000-0xd9bfffff]
[    0.258238] pci 0000:00:16.5: bridge 32bit mmio: [0xcb900000-0xcb9fffff]
[    0.258276] pci 0000:00:16.5: bridge 64bit mmio pref: [0xd9f00000-0xd9ffffff]
[    0.258652] pci 0000:00:16.6: bridge 32bit mmio: [0xcbd00000-0xcbdfffff]
[    0.258690] pci 0000:00:16.6: bridge 64bit mmio pref: [0xda300000-0xda3fffff]
[    0.259076] pci 0000:00:16.7: bridge 32bit mmio: [0xcc100000-0xcc1fffff]
[    0.259114] pci 0000:00:16.7: bridge 64bit mmio pref: [0xda700000-0xda7fffff]
[    0.259472] pci 0000:00:17.0: bridge io port: [0x6000-0x6fff]
[    0.259492] pci 0000:00:17.0: bridge 32bit mmio: [0xca600000-0xca6fffff]
[    0.259531] pci 0000:00:17.0: bridge 64bit mmio pref: [0xd8c00000-0xd8cfffff]
[    0.259905] pci 0000:00:17.1: bridge io port: [0xa000-0xafff]
[    0.259926] pci 0000:00:17.1: bridge 32bit mmio: [0xcaa00000-0xcaafffff]
[    0.259994] pci 0000:00:17.1: bridge 64bit mmio pref: [0xd9000000-0xd90fffff]
[    0.260490] pci 0000:00:17.2: bridge io port: [0xe000-0xefff]
[    0.260520] pci 0000:00:17.2: bridge 32bit mmio: [0xcae00000-0xcaefffff]
[    0.260562] pci 0000:00:17.2: bridge 64bit mmio pref: [0xd9400000-0xd94fffff]
[    0.261056] pci 0000:00:17.3: bridge 32bit mmio: [0xcb200000-0xcb2fffff]
[    0.261109] pci 0000:00:17.3: bridge 64bit mmio pref: [0xd9800000-0xd98fffff]
[    0.261578] pci 0000:00:17.4: bridge 32bit mmio: [0xcb600000-0xcb6fffff]
[    0.261617] pci 0000:00:17.4: bridge 64bit mmio pref: [0xd9c00000-0xd9cfffff]
[    0.262010] pci 0000:00:17.5: bridge 32bit mmio: [0xcba00000-0xcbafffff]
[    0.262049] pci 0000:00:17.5: bridge 64bit mmio pref: [0xda000000-0xda0fffff]
[    0.262433] pci 0000:00:17.6: bridge 32bit mmio: [0xcbe00000-0xcbefffff]
[    0.262471] pci 0000:00:17.6: bridge 64bit mmio pref: [0xda400000-0xda4fffff]
[    0.262852] pci 0000:00:17.7: bridge 32bit mmio: [0xcc200000-0xcc2fffff]
[    0.262891] pci 0000:00:17.7: bridge 64bit mmio pref: [0xda800000-0xda8fffff]
[    0.263261] pci 0000:00:18.0: bridge io port: [0x7000-0x7fff]
[    0.263281] pci 0000:00:18.0: bridge 32bit mmio: [0xca700000-0xca7fffff]
[    0.263319] pci 0000:00:18.0: bridge 64bit mmio pref: [0xd8d00000-0xd8dfffff]
[    0.263702] pci 0000:00:18.1: bridge io port: [0xb000-0xbfff]
[    0.263723] pci 0000:00:18.1: bridge 32bit mmio: [0xcab00000-0xcabfffff]
[    0.263766] pci 0000:00:18.1: bridge 64bit mmio pref: [0xd9100000-0xd91fffff]
[    0.264190] pci 0000:00:18.2: bridge io port: [0xf000-0xffff]
[    0.264215] pci 0000:00:18.2: bridge 32bit mmio: [0xcaf00000-0xcaffffff]
[    0.264260] pci 0000:00:18.2: bridge 64bit mmio pref: [0xd9500000-0xd95fffff]
[    0.264644] pci 0000:00:18.3: bridge 32bit mmio: [0xcb300000-0xcb3fffff]
[    0.264683] pci 0000:00:18.3: bridge 64bit mmio pref: [0xd9900000-0xd99fffff]
[    0.265112] pci 0000:00:18.4: bridge 32bit mmio: [0xcb700000-0xcb7fffff]
[    0.265161] pci 0000:00:18.4: bridge 64bit mmio pref: [0xd9d00000-0xd9dfffff]
[    0.265544] pci 0000:00:18.5: bridge 32bit mmio: [0xcbb00000-0xcbbfffff]
[    0.265583] pci 0000:00:18.5: bridge 64bit mmio pref: [0xda100000-0xda1fffff]
[    0.266068] pci 0000:00:18.6: bridge 32bit mmio: [0xcbf00000-0xcbffffff]
[    0.266121] pci 0000:00:18.6: bridge 64bit mmio pref: [0xda500000-0xda5fffff]
[    0.266499] pci 0000:00:18.7: bridge 32bit mmio: [0xcc300000-0xcc3fffff]
[    0.266537] pci 0000:00:18.7: bridge 64bit mmio pref: [0xda900000-0xda9fffff]
[    0.268053] pci_bus 0000:00: on NUMA node 0
[    0.268063] ACPI: PCI Interrupt Routing Table [\_SB_.PCI0._PRT]
[    0.503235] ACPI: PCI Interrupt Link [LNKA] (IRQs 3 4 5 6 7 *9 10 11 14 15)
[    0.503402] ACPI: PCI Interrupt Link [LNKB] (IRQs 3 4 5 6 7 9 10 *11 14 15)
[    0.503554] ACPI: PCI Interrupt Link [LNKC] (IRQs 3 4 5 6 7 9 *10 11 14 15)
[    0.505235] ACPI: PCI Interrupt Link [LNKD] (IRQs 3 4 *5 6 7 9 10 11 14 15)
[    0.505461] vgaarb: device added: PCI:0000:00:0f.0,decodes=io+mem,owns=io+mem,locks=none
[    0.505476] vgaarb: loaded
[    0.505576] SCSI subsystem initialized
[    0.505648] libata version 3.00 loaded.
[    0.505691] usbcore: registered new interface driver usbfs
[    0.505703] usbcore: registered new interface driver hub
[    0.505719] usbcore: registered new device driver usb
[    0.505789] PCI: Using ACPI for IRQ routing
[    0.506782] NetLabel: Initializing
[    0.506783] NetLabel:  domain hash size = 128
[    0.506784] NetLabel:  protocols = UNLABELED CIPSOv4
[    0.506791] NetLabel:  unlabeled traffic allowed by default
[    0.506828] hpet0: at MMIO 0xfed00000, IRQs 2, 8, 0, 0, 0, 0, 0, 0, 0, 0, 0, 0, 0, 0, 0, 0
[    0.506834] hpet0: 16 comparators, 64-bit 14.318180 MHz counter
[    0.508877] Switching to clocksource tsc
[    0.517217] pnp: PnP ACPI init
[    0.517229] ACPI: bus type pnp registered
[    0.562917] pnp: PnP ACPI: found 14 devices
[    0.562920] ACPI: ACPI bus type pnp unregistered
[    0.562924] PnPBIOS: Disabled by ACPI PNP
[    0.562940] system 00:01: ioport range 0x1000-0x103f has been reserved
[    0.562942] system 00:01: ioport range 0x1040-0x104f has been reserved
[    0.562943] system 00:01: ioport range 0xcf0-0xcf1 has been reserved
[    0.562951] system 00:08: iomem range 0xfed00000-0xfed003ff has been reserved
[    0.562955] system 00:0d: ioport range 0x1060-0x107f has been reserved
[    0.562958] system 00:0d: iomem range 0xe0000000-0xefffffff has been reserved
[    0.562959] system 00:0d: iomem range 0xc8200000-0xc83fffff has been reserved
[    0.597846] pci 0000:00:15.3: BAR 13: can't allocate I/O resource [0x10000-0xffff]
[    0.597851] pci 0000:00:15.4: BAR 13: can't allocate I/O resource [0x10000-0xffff]
[    0.597854] pci 0000:00:15.5: BAR 13: can't allocate I/O resource [0x10000-0xffff]
[    0.597857] pci 0000:00:15.6: BAR 13: can't allocate I/O resource [0x10000-0xffff]
[    0.597859] pci 0000:00:15.7: BAR 13: can't allocate I/O resource [0x10000-0xffff]
[    0.597862] pci 0000:00:16.3: BAR 13: can't allocate I/O resource [0x10000-0xffff]
[    0.597865] pci 0000:00:16.4: BAR 13: can't allocate I/O resource [0x10000-0xffff]
[    0.597868] pci 0000:00:16.5: BAR 13: can't allocate I/O resource [0x10000-0xffff]
[    0.597871] pci 0000:00:16.6: BAR 13: can't allocate I/O resource [0x10000-0xffff]
[    0.597873] pci 0000:00:16.7: BAR 13: can't allocate I/O resource [0x10000-0xffff]
[    0.597876] pci 0000:00:17.3: BAR 13: can't allocate I/O resource [0x10000-0xffff]
[    0.597879] pci 0000:00:17.4: BAR 13: can't allocate I/O resource [0x10000-0xffff]
[    0.597882] pci 0000:00:17.5: BAR 13: can't allocate I/O resource [0x10000-0xffff]
[    0.597885] pci 0000:00:17.6: BAR 13: can't allocate I/O resource [0x10000-0xffff]
[    0.597887] pci 0000:00:17.7: BAR 13: can't allocate I/O resource [0x10000-0xffff]
[    0.597890] pci 0000:00:18.3: BAR 13: can't allocate I/O resource [0x10000-0xffff]
[    0.597893] pci 0000:00:18.4: BAR 13: can't allocate I/O resource [0x10000-0xffff]
[    0.597896] pci 0000:00:18.5: BAR 13: can't allocate I/O resource [0x10000-0xffff]
[    0.597899] pci 0000:00:18.6: BAR 13: can't allocate I/O resource [0x10000-0xffff]
[    0.597901] pci 0000:00:18.7: BAR 13: can't allocate I/O resource [0x10000-0xffff]
[    0.597904] pci 0000:00:01.0: PCI bridge, secondary bus 0000:01
[    0.597905] pci 0000:00:01.0:   IO window: disabled
[    0.597936] pci 0000:00:01.0:   MEM window: disabled
[    0.597956] pci 0000:00:01.0:   PREFETCH window: disabled
[    0.597997] pci 0000:00:11.0: PCI bridge, secondary bus 0000:02
[    0.598008] pci 0000:00:11.0:   IO window: 0x2000-0x3fff
[    0.598041] pci 0000:00:11.0:   MEM window: 0xc9000000-0xca3fffff
[    0.598062] pci 0000:00:11.0:   PREFETCH window: 0x000000d8400000-0x000000d89fffff
[    0.598101] pci 0000:00:15.0: PCI bridge, secondary bus 0000:03
[    0.598113] pci 0000:00:15.0:   IO window: 0x4000-0x4fff
[    0.598142] pci 0000:00:15.0:   MEM window: 0xca400000-0xca4fffff
[    0.598163] pci 0000:00:15.0:   PREFETCH window: 0x000000d8a00000-0x000000d8afffff
[    0.598229] pci 0000:00:15.1: PCI bridge, secondary bus 0000:04
[    0.598241] pci 0000:00:15.1:   IO window: 0x8000-0x8fff
[    0.598271] pci 0000:00:15.1:   MEM window: 0xca800000-0xca8fffff
[    0.598292] pci 0000:00:15.1:   PREFETCH window: 0x000000d8e00000-0x000000d8efffff
[    0.598335] pci 0000:00:15.2: PCI bridge, secondary bus 0000:05
[    0.598347] pci 0000:00:15.2:   IO window: 0xc000-0xcfff
[    0.598376] pci 0000:00:15.2:   MEM window: 0xcac00000-0xcacfffff
[    0.598397] pci 0000:00:15.2:   PREFETCH window: 0x000000d9200000-0x000000d92fffff
[    0.598440] pci 0000:00:15.3: PCI bridge, secondary bus 0000:06
[    0.598441] pci 0000:00:15.3:   IO window: disabled
[    0.598471] pci 0000:00:15.3:   MEM window: 0xcb000000-0xcb0fffff
[    0.598492] pci 0000:00:15.3:   PREFETCH window: 0x000000d9600000-0x000000d96fffff
[    0.598534] pci 0000:00:15.4: PCI bridge, secondary bus 0000:07
[    0.598536] pci 0000:00:15.4:   IO window: disabled
[    0.598566] pci 0000:00:15.4:   MEM window: 0xcb400000-0xcb4fffff
[    0.598586] pci 0000:00:15.4:   PREFETCH window: 0x000000d9a00000-0x000000d9afffff
[    0.598629] pci 0000:00:15.5: PCI bridge, secondary bus 0000:08
[    0.598631] pci 0000:00:15.5:   IO window: disabled
[    0.598661] pci 0000:00:15.5:   MEM window: 0xcb800000-0xcb8fffff
[    0.598682] pci 0000:00:15.5:   PREFETCH window: 0x000000d9e00000-0x000000d9efffff
[    0.598724] pci 0000:00:15.6: PCI bridge, secondary bus 0000:09
[    0.598726] pci 0000:00:15.6:   IO window: disabled
[    0.598756] pci 0000:00:15.6:   MEM window: 0xcbc00000-0xcbcfffff
[    0.598776] pci 0000:00:15.6:   PREFETCH window: 0x000000da200000-0x000000da2fffff
[    0.598819] pci 0000:00:15.7: PCI bridge, secondary bus 0000:0a
[    0.598820] pci 0000:00:15.7:   IO window: disabled
[    0.598850] pci 0000:00:15.7:   MEM window: 0xcc000000-0xcc0fffff
[    0.598871] pci 0000:00:15.7:   PREFETCH window: 0x000000da600000-0x000000da6fffff
[    0.598913] pci 0000:00:16.0: PCI bridge, secondary bus 0000:0b
[    0.598925] pci 0000:00:16.0:   IO window: 0x5000-0x5fff
[    0.598955] pci 0000:00:16.0:   MEM window: 0xca500000-0xca5fffff
[    0.598975] pci 0000:00:16.0:   PREFETCH window: 0x000000d8b00000-0x000000d8bfffff
[    0.599018] pci 0000:00:16.1: PCI bridge, secondary bus 0000:0c
[    0.599029] pci 0000:00:16.1:   IO window: 0x9000-0x9fff
[    0.599059] pci 0000:00:16.1:   MEM window: 0xca900000-0xca9fffff
[    0.599080] pci 0000:00:16.1:   PREFETCH window: 0x000000d8f00000-0x000000d8ffffff
[    0.599122] pci 0000:00:16.2: PCI bridge, secondary bus 0000:0d
[    0.599134] pci 0000:00:16.2:   IO window: 0xd000-0xdfff
[    0.599164] pci 0000:00:16.2:   MEM window: 0xcad00000-0xcadfffff
[    0.599184] pci 0000:00:16.2:   PREFETCH window: 0x000000d9300000-0x000000d93fffff
[    0.599230] pci 0000:00:16.3: PCI bridge, secondary bus 0000:0e
[    0.599232] pci 0000:00:16.3:   IO window: disabled
[    0.599261] pci 0000:00:16.3:   MEM window: 0xcb100000-0xcb1fffff
[    0.599282] pci 0000:00:16.3:   PREFETCH window: 0x000000d9700000-0x000000d97fffff
[    0.599324] pci 0000:00:16.4: PCI bridge, secondary bus 0000:0f
[    0.599326] pci 0000:00:16.4:   IO window: disabled
[    0.599356] pci 0000:00:16.4:   MEM window: 0xcb500000-0xcb5fffff
[    0.599376] pci 0000:00:16.4:   PREFETCH window: 0x000000d9b00000-0x000000d9bfffff
[    0.599419] pci 0000:00:16.5: PCI bridge, secondary bus 0000:10
[    0.599421] pci 0000:00:16.5:   IO window: disabled
[    0.599450] pci 0000:00:16.5:   MEM window: 0xcb900000-0xcb9fffff
[    0.599471] pci 0000:00:16.5:   PREFETCH window: 0x000000d9f00000-0x000000d9ffffff
[    0.599514] pci 0000:00:16.6: PCI bridge, secondary bus 0000:11
[    0.599515] pci 0000:00:16.6:   IO window: disabled
[    0.599545] pci 0000:00:16.6:   MEM window: 0xcbd00000-0xcbdfffff
[    0.599566] pci 0000:00:16.6:   PREFETCH window: 0x000000da300000-0x000000da3fffff
[    0.599608] pci 0000:00:16.7: PCI bridge, secondary bus 0000:12
[    0.599609] pci 0000:00:16.7:   IO window: disabled
[    0.599639] pci 0000:00:16.7:   MEM window: 0xcc100000-0xcc1fffff
[    0.599660] pci 0000:00:16.7:   PREFETCH window: 0x000000da700000-0x000000da7fffff
[    0.599702] pci 0000:00:17.0: PCI bridge, secondary bus 0000:13
[    0.599714] pci 0000:00:17.0:   IO window: 0x6000-0x6fff
[    0.599743] pci 0000:00:17.0:   MEM window: 0xca600000-0xca6fffff
[    0.599764] pci 0000:00:17.0:   PREFETCH window: 0x000000d8c00000-0x000000d8cfffff
[    0.599806] pci 0000:00:17.1: PCI bridge, secondary bus 0000:14
[    0.599818] pci 0000:00:17.1:   IO window: 0xa000-0xafff
[    0.599847] pci 0000:00:17.1:   MEM window: 0xcaa00000-0xcaafffff
[    0.599868] pci 0000:00:17.1:   PREFETCH window: 0x000000d9000000-0x000000d90fffff
[    0.599910] pci 0000:00:17.2: PCI bridge, secondary bus 0000:15
[    0.599922] pci 0000:00:17.2:   IO window: 0xe000-0xefff
[    0.599952] pci 0000:00:17.2:   MEM window: 0xcae00000-0xcaefffff
[    0.599972] pci 0000:00:17.2:   PREFETCH window: 0x000000d9400000-0x000000d94fffff
[    0.600015] pci 0000:00:17.3: PCI bridge, secondary bus 0000:16
[    0.600016] pci 0000:00:17.3:   IO window: disabled
[    0.600046] pci 0000:00:17.3:   MEM window: 0xcb200000-0xcb2fffff
[    0.600067] pci 0000:00:17.3:   PREFETCH window: 0x000000d9800000-0x000000d98fffff
[    0.600109] pci 0000:00:17.4: PCI bridge, secondary bus 0000:17
[    0.600111] pci 0000:00:17.4:   IO window: disabled
[    0.600140] pci 0000:00:17.4:   MEM window: 0xcb600000-0xcb6fffff
[    0.600161] pci 0000:00:17.4:   PREFETCH window: 0x000000d9c00000-0x000000d9cfffff
[    0.600217] pci 0000:00:17.5: PCI bridge, secondary bus 0000:18
[    0.600219] pci 0000:00:17.5:   IO window: disabled
[    0.600852] pci 0000:00:17.5:   MEM window: 0xcba00000-0xcbafffff
[    0.600875] pci 0000:00:17.5:   PREFETCH window: 0x000000da000000-0x000000da0fffff
[    0.600937] pci 0000:00:17.6: PCI bridge, secondary bus 0000:19
[    0.600938] pci 0000:00:17.6:   IO window: disabled
[    0.600970] pci 0000:00:17.6:   MEM window: 0xcbe00000-0xcbefffff
[    0.600991] pci 0000:00:17.6:   PREFETCH window: 0x000000da400000-0x000000da4fffff
[    0.601297] pci 0000:00:17.7: PCI bridge, secondary bus 0000:1a
[    0.601300] pci 0000:00:17.7:   IO window: disabled
[    0.601606] pci 0000:00:17.7:   MEM window: 0xcc200000-0xcc2fffff
[    0.601628] pci 0000:00:17.7:   PREFETCH window: 0x000000da800000-0x000000da8fffff
[    0.601675] pci 0000:00:18.0: PCI bridge, secondary bus 0000:1b
[    0.601693] pci 0000:00:18.0:   IO window: 0x7000-0x7fff
[    0.601726] pci 0000:00:18.0:   MEM window: 0xca700000-0xca7fffff
[    0.601747] pci 0000:00:18.0:   PREFETCH window: 0x000000d8d00000-0x000000d8dfffff
[    0.601792] pci 0000:00:18.1: PCI bridge, secondary bus 0000:1c
[    0.601804] pci 0000:00:18.1:   IO window: 0xb000-0xbfff
[    0.601834] pci 0000:00:18.1:   MEM window: 0xcab00000-0xcabfffff
[    0.601855] pci 0000:00:18.1:   PREFETCH window: 0x000000d9100000-0x000000d91fffff
[    0.601898] pci 0000:00:18.2: PCI bridge, secondary bus 0000:1d
[    0.601910] pci 0000:00:18.2:   IO window: 0xf000-0xffff
[    0.601942] pci 0000:00:18.2:   MEM window: 0xcaf00000-0xcaffffff
[    0.601962] pci 0000:00:18.2:   PREFETCH window: 0x000000d9500000-0x000000d95fffff
[    0.602005] pci 0000:00:18.3: PCI bridge, secondary bus 0000:1e
[    0.602007] pci 0000:00:18.3:   IO window: disabled
[    0.602038] pci 0000:00:18.3:   MEM window: 0xcb300000-0xcb3fffff
[    0.602059] pci 0000:00:18.3:   PREFETCH window: 0x000000d9900000-0x000000d99fffff
[    0.602102] pci 0000:00:18.4: PCI bridge, secondary bus 0000:1f
[    0.602104] pci 0000:00:18.4:   IO window: disabled
[    0.602134] pci 0000:00:18.4:   MEM window: 0xcb700000-0xcb7fffff
[    0.602155] pci 0000:00:18.4:   PREFETCH window: 0x000000d9d00000-0x000000d9dfffff
[    0.602198] pci 0000:00:18.5: PCI bridge, secondary bus 0000:20
[    0.602200] pci 0000:00:18.5:   IO window: disabled
[    0.602230] pci 0000:00:18.5:   MEM window: 0xcbb00000-0xcbbfffff
[    0.602251] pci 0000:00:18.5:   PREFETCH window: 0x000000da100000-0x000000da1fffff
[    0.602293] pci 0000:00:18.6: PCI bridge, secondary bus 0000:21
[    0.602295] pci 0000:00:18.6:   IO window: disabled
[    0.602325] pci 0000:00:18.6:   MEM window: 0xcbf00000-0xcbffffff
[    0.602347] pci 0000:00:18.6:   PREFETCH window: 0x000000da500000-0x000000da5fffff
[    0.602397] pci 0000:00:18.7: PCI bridge, secondary bus 0000:22
[    0.602399] pci 0000:00:18.7:   IO window: disabled
[    0.602429] pci 0000:00:18.7:   MEM window: 0xcc300000-0xcc3fffff
[    0.602449] pci 0000:00:18.7:   PREFETCH window: 0x000000da900000-0x000000da9fffff
[    0.602526] pci 0000:00:01.0: setting latency timer to 64
[    0.602624] pci 0000:00:15.0: setting latency timer to 64
[    0.602692] pci 0000:00:15.1: setting latency timer to 64
[    0.602759] pci 0000:00:15.2: setting latency timer to 64
[    0.602826] pci 0000:00:15.3: setting latency timer to 64
[    0.602892] pci 0000:00:15.4: setting latency timer to 64
[    0.602962] pci 0000:00:15.5: setting latency timer to 64
[    0.603029] pci 0000:00:15.6: setting latency timer to 64
[    0.603096] pci 0000:00:15.7: setting latency timer to 64
[    0.603163] pci 0000:00:16.0: setting latency timer to 64
[    0.603230] pci 0000:00:16.1: setting latency timer to 64
[    0.603297] pci 0000:00:16.2: setting latency timer to 64
[    0.603364] pci 0000:00:16.3: setting latency timer to 64
[    0.603431] pci 0000:00:16.4: setting latency timer to 64
[    0.603498] pci 0000:00:16.5: setting latency timer to 64
[    0.603565] pci 0000:00:16.6: setting latency timer to 64
[    0.603632] pci 0000:00:16.7: setting latency timer to 64
[    0.603699] pci 0000:00:17.0: setting latency timer to 64
[    0.603767] pci 0000:00:17.1: setting latency timer to 64
[    0.603834] pci 0000:00:17.2: setting latency timer to 64
[    0.603901] pci 0000:00:17.3: setting latency timer to 64
[    0.603971] pci 0000:00:17.4: setting latency timer to 64
[    0.604038] pci 0000:00:17.5: setting latency timer to 64
[    0.604105] pci 0000:00:17.6: setting latency timer to 64
[    0.604172] pci 0000:00:17.7: setting latency timer to 64
[    0.604238] pci 0000:00:18.0: setting latency timer to 64
[    0.604305] pci 0000:00:18.1: setting latency timer to 64
[    0.604372] pci 0000:00:18.2: setting latency timer to 64
[    0.604439] pci 0000:00:18.3: setting latency timer to 64
[    0.604506] pci 0000:00:18.4: setting latency timer to 64
[    0.604573] pci 0000:00:18.5: setting latency timer to 64
[    0.604640] pci 0000:00:18.6: setting latency timer to 64
[    0.604707] pci 0000:00:18.7: setting latency timer to 64
[    0.604719] pci_bus 0000:00: resource 0 io:  [0x00-0xffff]
[    0.604721] pci_bus 0000:00: resource 1 mem: [0x000000-0xffffffffffffffff]
[    0.604724] pci_bus 0000:02: resource 0 io:  [0x2000-0x3fff]
[    0.604726] pci_bus 0000:02: resource 1 mem: [0xc9000000-0xca3fffff]
[    0.604728] pci_bus 0000:02: resource 2 pref mem [0xd8400000-0xd89fffff]
[    0.604730] pci_bus 0000:02: resource 3 io:  [0x00-0xffff]
[    0.604732] pci_bus 0000:02: resource 4 mem: [0x000000-0xffffffffffffffff]
[    0.604735] pci_bus 0000:03: resource 0 io:  [0x4000-0x4fff]
[    0.604737] pci_bus 0000:03: resource 1 mem: [0xca400000-0xca4fffff]
[    0.604738] pci_bus 0000:03: resource 2 pref mem [0xd8a00000-0xd8afffff]
[    0.604740] pci_bus 0000:04: resource 0 io:  [0x8000-0x8fff]
[    0.604742] pci_bus 0000:04: resource 1 mem: [0xca800000-0xca8fffff]
[    0.604744] pci_bus 0000:04: resource 2 pref mem [0xd8e00000-0xd8efffff]
[    0.604746] pci_bus 0000:05: resource 0 io:  [0xc000-0xcfff]
[    0.604748] pci_bus 0000:05: resource 1 mem: [0xcac00000-0xcacfffff]
[    0.604750] pci_bus 0000:05: resource 2 pref mem [0xd9200000-0xd92fffff]
[    0.604752] pci_bus 0000:06: resource 1 mem: [0xcb000000-0xcb0fffff]
[    0.604754] pci_bus 0000:06: resource 2 pref mem [0xd9600000-0xd96fffff]
[    0.604756] pci_bus 0000:07: resource 1 mem: [0xcb400000-0xcb4fffff]
[    0.604758] pci_bus 0000:07: resource 2 pref mem [0xd9a00000-0xd9afffff]
[    0.604760] pci_bus 0000:08: resource 1 mem: [0xcb800000-0xcb8fffff]
[    0.604762] pci_bus 0000:08: resource 2 pref mem [0xd9e00000-0xd9efffff]
[    0.604764] pci_bus 0000:09: resource 1 mem: [0xcbc00000-0xcbcfffff]
[    0.604766] pci_bus 0000:09: resource 2 pref mem [0xda200000-0xda2fffff]
[    0.604768] pci_bus 0000:0a: resource 1 mem: [0xcc000000-0xcc0fffff]
[    0.604770] pci_bus 0000:0a: resource 2 pref mem [0xda600000-0xda6fffff]
[    0.604772] pci_bus 0000:0b: resource 0 io:  [0x5000-0x5fff]
[    0.604773] pci_bus 0000:0b: resource 1 mem: [0xca500000-0xca5fffff]
[    0.604775] pci_bus 0000:0b: resource 2 pref mem [0xd8b00000-0xd8bfffff]
[    0.604777] pci_bus 0000:0c: resource 0 io:  [0x9000-0x9fff]
[    0.604779] pci_bus 0000:0c: resource 1 mem: [0xca900000-0xca9fffff]
[    0.604781] pci_bus 0000:0c: resource 2 pref mem [0xd8f00000-0xd8ffffff]
[    0.604783] pci_bus 0000:0d: resource 0 io:  [0xd000-0xdfff]
[    0.604785] pci_bus 0000:0d: resource 1 mem: [0xcad00000-0xcadfffff]
[    0.604785] pci_bus 0000:0d: resource 2 pref mem [0xd9300000-0xd93fffff]
[    0.604785] pci_bus 0000:0e: resource 1 mem: [0xcb100000-0xcb1fffff]
[    0.604785] pci_bus 0000:0e: resource 2 pref mem [0xd9700000-0xd97fffff]
[    0.604785] pci_bus 0000:0f: resource 1 mem: [0xcb500000-0xcb5fffff]
[    0.604785] pci_bus 0000:0f: resource 2 pref mem [0xd9b00000-0xd9bfffff]
[    0.604785] pci_bus 0000:10: resource 1 mem: [0xcb900000-0xcb9fffff]
[    0.604785] pci_bus 0000:10: resource 2 pref mem [0xd9f00000-0xd9ffffff]
[    0.604786] pci_bus 0000:11: resource 1 mem: [0xcbd00000-0xcbdfffff]
[    0.604786] pci_bus 0000:11: resource 2 pref mem [0xda300000-0xda3fffff]
[    0.604786] pci_bus 0000:12: resource 1 mem: [0xcc100000-0xcc1fffff]
[    0.604786] pci_bus 0000:12: resource 2 pref mem [0xda700000-0xda7fffff]
[    0.604786] pci_bus 0000:13: resource 0 io:  [0x6000-0x6fff]
[    0.604786] pci_bus 0000:13: resource 1 mem: [0xca600000-0xca6fffff]
[    0.604786] pci_bus 0000:13: resource 2 pref mem [0xd8c00000-0xd8cfffff]
[    0.604786] pci_bus 0000:14: resource 0 io:  [0xa000-0xafff]
[    0.604786] pci_bus 0000:14: resource 1 mem: [0xcaa00000-0xcaafffff]
[    0.604786] pci_bus 0000:14: resource 2 pref mem [0xd9000000-0xd90fffff]
[    0.604786] pci_bus 0000:15: resource 0 io:  [0xe000-0xefff]
[    0.604786] pci_bus 0000:15: resource 1 mem: [0xcae00000-0xcaefffff]
[    0.604786] pci_bus 0000:15: resource 2 pref mem [0xd9400000-0xd94fffff]
[    0.604786] pci_bus 0000:16: resource 1 mem: [0xcb200000-0xcb2fffff]
[    0.604786] pci_bus 0000:16: resource 2 pref mem [0xd9800000-0xd98fffff]
[    0.604786] pci_bus 0000:17: resource 1 mem: [0xcb600000-0xcb6fffff]
[    0.604786] pci_bus 0000:17: resource 2 pref mem [0xd9c00000-0xd9cfffff]
[    0.604786] pci_bus 0000:18: resource 1 mem: [0xcba00000-0xcbafffff]
[    0.604786] pci_bus 0000:18: resource 2 pref mem [0xda000000-0xda0fffff]
[    0.604786] pci_bus 0000:19: resource 1 mem: [0xcbe00000-0xcbefffff]
[    0.604786] pci_bus 0000:19: resource 2 pref mem [0xda400000-0xda4fffff]
[    0.604786] pci_bus 0000:1a: resource 1 mem: [0xcc200000-0xcc2fffff]
[    0.604786] pci_bus 0000:1a: resource 2 pref mem [0xda800000-0xda8fffff]
[    0.604786] pci_bus 0000:1b: resource 0 io:  [0x7000-0x7fff]
[    0.604786] pci_bus 0000:1b: resource 1 mem: [0xca700000-0xca7fffff]
[    0.604786] pci_bus 0000:1b: resource 2 pref mem [0xd8d00000-0xd8dfffff]
[    0.604786] pci_bus 0000:1c: resource 0 io:  [0xb000-0xbfff]
[    0.604786] pci_bus 0000:1c: resource 1 mem: [0xcab00000-0xcabfffff]
[    0.604786] pci_bus 0000:1c: resource 2 pref mem [0xd9100000-0xd91fffff]
[    0.604786] pci_bus 0000:1d: resource 0 io:  [0xf000-0xffff]
[    0.604786] pci_bus 0000:1d: resource 1 mem: [0xcaf00000-0xcaffffff]
[    0.604786] pci_bus 0000:1d: resource 2 pref mem [0xd9500000-0xd95fffff]
[    0.604786] pci_bus 0000:1e: resource 1 mem: [0xcb300000-0xcb3fffff]
[    0.604786] pci_bus 0000:1e: resource 2 pref mem [0xd9900000-0xd99fffff]
[    0.604786] pci_bus 0000:1f: resource 1 mem: [0xcb700000-0xcb7fffff]
[    0.604786] pci_bus 0000:1f: resource 2 pref mem [0xd9d00000-0xd9dfffff]
[    0.604786] pci_bus 0000:20: resource 1 mem: [0xcbb00000-0xcbbfffff]
[    0.604786] pci_bus 0000:20: resource 2 pref mem [0xda100000-0xda1fffff]
[    0.604786] pci_bus 0000:21: resource 1 mem: [0xcbf00000-0xcbffffff]
[    0.604786] pci_bus 0000:21: resource 2 pref mem [0xda500000-0xda5fffff]
[    0.604786] pci_bus 0000:22: resource 1 mem: [0xcc300000-0xcc3fffff]
[    0.604786] pci_bus 0000:22: resource 2 pref mem [0xda900000-0xda9fffff]
[    0.604786] NET: Registered protocol family 2
[    0.604786] RANDOM - __random32 called. Change num 7.  Value: 647ba296	db0e5c1d	6de96f10
[    0.604786] RANDOM - random32 called.  Value: 647ba296	db0e5c1d	6de96f10
[    0.604825] random 0000 0000 0000 00000000 00000000: rand_read_num 2 get_random_bytes(4): sig fffffe1a 00000000 00000000
[    0.604828] random 0000 0000 0000 00000000 00000000: extract_entropy(.. 4 ..)
[    0.604831] random 0000 0000 0000 00000000 00000000: going to reseed nonblocking with 64 bits (32 of 0 requested)
[    0.604833] random 0000 0000 0000 00000000 00000000: extract_entropy(.. 8 ..)
[    0.604836] random 0000 0000 0000 00000000 00000000: trying to extract 64 bits from input
[    0.604838] random 0000 0000 0000 00000000 00000000: debiting 0 entropy credits from input
[    0.604840] random 0000 0000 0000 00000000 00000000: extract_entropy account returned: 0 
[    0.604843] random 0000 0000 0000 00000000 00000000: urand_change_num 3 xfer_secondary_pool(4): pool_sig fffffe1a, data_sig 00000000, bytes_mixed 0 00000000 00000000
[    0.604846] random 0000 0000 0000 00000000 00000000: trying to extract 32 bits from nonblocking
[    0.604849] random 0000 0000 0000 00000000 00000000: debiting 32 entropy credits from nonblocking (unlimited)
[    0.604851] random 0000 0000 0000 00000000 00000000: extract_entropy account returned: 4 
[    0.604855] random 0000 0000 0000 00000000 00000000: urand_change_num 4 extract_buf: pool_sig fffffe1a, data_sig fffffed7, bytes_mixed 20 00000000 00000000
[    0.604887] IP route cache hash table entries: 32768 (order: 5, 131072 bytes)
[    0.605012] RANDOM - __random32 called. Change num 8.  Value: ba296205	b0e5c1db	de205442
[    0.605015] RANDOM - random32 called.  Value: ba296205	b0e5c1db	de205442
[    0.605079] RANDOM - __random32 called. Change num 9.  Value: 962052cd	e5c1db9	a885e45e
[    0.605081] RANDOM - random32 called.  Value: 962052cd	e5c1db9	a885e45e
[    0.605084] RANDOM - __random32 called. Change num 10.  Value: 52cd38f	e5c1db9b	c8bd9558
[    0.605086] RANDOM - random32 called.  Value: 52cd38f	e5c1db9b	c8bd9558
[    0.605111] RANDOM - __random32 called. Change num 11.  Value: cd38f3eb	5c1db9b9	2ab1aa27
[    0.605113] RANDOM - random32 called.  Value: cd38f3eb	5c1db9b9	2ab1aa27
[    0.605124] TCP established hash table entries: 131072 (order: 8, 1048576 bytes)
[    0.605430] TCP bind hash table entries: 65536 (order: 7, 524288 bytes)
[    0.605638] TCP: Hash tables configured (established 131072 bind 65536)
[    0.605640] TCP reno registered
[    0.605684] NET: Registered protocol family 1
[    0.605695] pci 0000:00:00.0: Limiting direct PCI/PCI transfers
[    0.605718] pci 0000:00:0f.0: Boot video device
[    0.605935] Trying to unpack rootfs image as initramfs...
[    1.847061] Freeing initrd memory: 83430k freed
[    1.851052] Simple Boot Flag at 0x36 set to 0x1
[    1.851101] cpufreq-nforce2: No nForce2 chipset.
[    1.851114] Scanning for low memory corruption every 60 seconds
[    1.851233] audit: initializing netlink socket (disabled)
[    1.851241] type=2000 audit(1369428740.836:1): initialized
[    1.855262] highmem bounce pool size: 64 pages
[    1.855267] HugeTLB registered 2 MB page size, pre-allocated 0 pages
[    1.855395] VFS: Disk quotas dquot_6.5.2
[    1.855444] Dquot-cache hash table entries: 1024 (order 0, 4096 bytes)
[    1.855603] fuse init (API version 7.13)
[    1.855652] msgmni has been set to 1729
[    1.856082] alg: No test for stdrng (krng)
[    1.856138] Block layer SCSI generic (bsg) driver version 0.4 loaded (major 253)
[    1.856141] io scheduler noop registered
[    1.856144] io scheduler anticipatory registered
[    1.856146] io scheduler deadline registered
[    1.856181] io scheduler cfq registered (default)
[    1.856230]   alloc irq_desc for 24 on node -1
[    1.856234]   alloc kstat_irqs on node -1
[    1.856283] pcieport 0000:00:15.0: irq 24 for MSI/MSI-X
[    1.856331] pcieport 0000:00:15.0: setting latency timer to 64
[    1.856380]   alloc irq_desc for 25 on node -1
[    1.856382]   alloc kstat_irqs on node -1
[    1.856431] pcieport 0000:00:15.1: irq 25 for MSI/MSI-X
[    1.856479] pcieport 0000:00:15.1: setting latency timer to 64
[    1.856528]   alloc irq_desc for 26 on node -1
[    1.856530]   alloc kstat_irqs on node -1
[    1.856578] pcieport 0000:00:15.2: irq 26 for MSI/MSI-X
[    1.856627] pcieport 0000:00:15.2: setting latency timer to 64
[    1.856676]   alloc irq_desc for 27 on node -1
[    1.856677]   alloc kstat_irqs on node -1
[    1.856726] pcieport 0000:00:15.3: irq 27 for MSI/MSI-X
[    1.856775] pcieport 0000:00:15.3: setting latency timer to 64
[    1.856823]   alloc irq_desc for 28 on node -1
[    1.856825]   alloc kstat_irqs on node -1
[    1.856874] pcieport 0000:00:15.4: irq 28 for MSI/MSI-X
[    1.856922] pcieport 0000:00:15.4: setting latency timer to 64
[    1.856971]   alloc irq_desc for 29 on node -1
[    1.856973]   alloc kstat_irqs on node -1
[    1.857021] pcieport 0000:00:15.5: irq 29 for MSI/MSI-X
[    1.857070] pcieport 0000:00:15.5: setting latency timer to 64
[    1.857119]   alloc irq_desc for 30 on node -1
[    1.857121]   alloc kstat_irqs on node -1
[    1.857169] pcieport 0000:00:15.6: irq 30 for MSI/MSI-X
[    1.857218] pcieport 0000:00:15.6: setting latency timer to 64
[    1.857266]   alloc irq_desc for 31 on node -1
[    1.857269]   alloc kstat_irqs on node -1
[    1.857318] pcieport 0000:00:15.7: irq 31 for MSI/MSI-X
[    1.857366] pcieport 0000:00:15.7: setting latency timer to 64
[    1.857415]   alloc irq_desc for 32 on node -1
[    1.857417]   alloc kstat_irqs on node -1
[    1.857466] pcieport 0000:00:16.0: irq 32 for MSI/MSI-X
[    1.857515] pcieport 0000:00:16.0: setting latency timer to 64
[    1.857563]   alloc irq_desc for 33 on node -1
[    1.857566]   alloc kstat_irqs on node -1
[    1.857615] pcieport 0000:00:16.1: irq 33 for MSI/MSI-X
[    1.857663] pcieport 0000:00:16.1: setting latency timer to 64
[    1.857712]   alloc irq_desc for 34 on node -1
[    1.857714]   alloc kstat_irqs on node -1
[    1.857763] pcieport 0000:00:16.2: irq 34 for MSI/MSI-X
[    1.857811] pcieport 0000:00:16.2: setting latency timer to 64
[    1.857860]   alloc irq_desc for 35 on node -1
[    1.857862]   alloc kstat_irqs on node -1
[    1.857910] pcieport 0000:00:16.3: irq 35 for MSI/MSI-X
[    1.857959] pcieport 0000:00:16.3: setting latency timer to 64
[    1.859129]   alloc irq_desc for 36 on node -1
[    1.859131]   alloc kstat_irqs on node -1
[    1.859180] pcieport 0000:00:16.4: irq 36 for MSI/MSI-X
[    1.859229] pcieport 0000:00:16.4: setting latency timer to 64
[    1.859277]   alloc irq_desc for 37 on node -1
[    1.859279]   alloc kstat_irqs on node -1
[    1.859328] pcieport 0000:00:16.5: irq 37 for MSI/MSI-X
[    1.859376] pcieport 0000:00:16.5: setting latency timer to 64
[    1.859425]   alloc irq_desc for 38 on node -1
[    1.859427]   alloc kstat_irqs on node -1
[    1.859475] pcieport 0000:00:16.6: irq 38 for MSI/MSI-X
[    1.859524] pcieport 0000:00:16.6: setting latency timer to 64
[    1.859572]   alloc irq_desc for 39 on node -1
[    1.859574]   alloc kstat_irqs on node -1
[    1.859623] pcieport 0000:00:16.7: irq 39 for MSI/MSI-X
[    1.859672] pcieport 0000:00:16.7: setting latency timer to 64
[    1.859720]   alloc irq_desc for 40 on node -1
[    1.859722]   alloc kstat_irqs on node -1
[    1.859771] pcieport 0000:00:17.0: irq 40 for MSI/MSI-X
[    1.859819] pcieport 0000:00:17.0: setting latency timer to 64
[    1.859868]   alloc irq_desc for 41 on node -1
[    1.859870]   alloc kstat_irqs on node -1
[    1.859918] pcieport 0000:00:17.1: irq 41 for MSI/MSI-X
[    1.859967] pcieport 0000:00:17.1: setting latency timer to 64
[    1.860015]   alloc irq_desc for 42 on node -1
[    1.860017]   alloc kstat_irqs on node -1
[    1.860066] pcieport 0000:00:17.2: irq 42 for MSI/MSI-X
[    1.860114] pcieport 0000:00:17.2: setting latency timer to 64
[    1.860163]   alloc irq_desc for 43 on node -1
[    1.860165]   alloc kstat_irqs on node -1
[    1.860213] pcieport 0000:00:17.3: irq 43 for MSI/MSI-X
[    1.860262] pcieport 0000:00:17.3: setting latency timer to 64
[    1.860311]   alloc irq_desc for 44 on node -1
[    1.860314]   alloc kstat_irqs on node -1
[    1.860363] pcieport 0000:00:17.4: irq 44 for MSI/MSI-X
[    1.860411] pcieport 0000:00:17.4: setting latency timer to 64
[    1.860460]   alloc irq_desc for 45 on node -1
[    1.860462]   alloc kstat_irqs on node -1
[    1.860510] pcieport 0000:00:17.5: irq 45 for MSI/MSI-X
[    1.860559] pcieport 0000:00:17.5: setting latency timer to 64
[    1.860608]   alloc irq_desc for 46 on node -1
[    1.860609]   alloc kstat_irqs on node -1
[    1.860658] pcieport 0000:00:17.6: irq 46 for MSI/MSI-X
[    1.860707] pcieport 0000:00:17.6: setting latency timer to 64
[    1.860755]   alloc irq_desc for 47 on node -1
[    1.860757]   alloc kstat_irqs on node -1
[    1.860806] pcieport 0000:00:17.7: irq 47 for MSI/MSI-X
[    1.860854] pcieport 0000:00:17.7: setting latency timer to 64
[    1.860903]   alloc irq_desc for 48 on node -1
[    1.860905]   alloc kstat_irqs on node -1
[    1.860954] pcieport 0000:00:18.0: irq 48 for MSI/MSI-X
[    1.861002] pcieport 0000:00:18.0: setting latency timer to 64
[    1.861051]   alloc irq_desc for 49 on node -1
[    1.861053]   alloc kstat_irqs on node -1
[    1.861101] pcieport 0000:00:18.1: irq 49 for MSI/MSI-X
[    1.861150] pcieport 0000:00:18.1: setting latency timer to 64
[    1.861198]   alloc irq_desc for 50 on node -1
[    1.861200]   alloc kstat_irqs on node -1
[    1.861249] pcieport 0000:00:18.2: irq 50 for MSI/MSI-X
[    1.861297] pcieport 0000:00:18.2: setting latency timer to 64
[    1.861346]   alloc irq_desc for 51 on node -1
[    1.861352]   alloc kstat_irqs on node -1
[    1.861401] pcieport 0000:00:18.3: irq 51 for MSI/MSI-X
[    1.861449] pcieport 0000:00:18.3: setting latency timer to 64
[    1.863027]   alloc irq_desc for 52 on node -1
[    1.863032]   alloc kstat_irqs on node -1
[    1.863080] pcieport 0000:00:18.4: irq 52 for MSI/MSI-X
[    1.863129] pcieport 0000:00:18.4: setting latency timer to 64
[    1.863178]   alloc irq_desc for 53 on node -1
[    1.863181]   alloc kstat_irqs on node -1
[    1.863230] pcieport 0000:00:18.5: irq 53 for MSI/MSI-X
[    1.863278] pcieport 0000:00:18.5: setting latency timer to 64
[    1.863327]   alloc irq_desc for 54 on node -1
[    1.863329]   alloc kstat_irqs on node -1
[    1.863378] pcieport 0000:00:18.6: irq 54 for MSI/MSI-X
[    1.863426] pcieport 0000:00:18.6: setting latency timer to 64
[    1.863475]   alloc irq_desc for 55 on node -1
[    1.863477]   alloc kstat_irqs on node -1
[    1.863525] pcieport 0000:00:18.7: irq 55 for MSI/MSI-X
[    1.863574] pcieport 0000:00:18.7: setting latency timer to 64
[    1.863622] pci_hotplug: PCI Hot Plug PCI Core version: 0.5
[    1.863761] pciehp 0000:00:15.0:pcie04: HPC vendor_id 15ad device_id 7a0 ss_vid 0 ss_did 0
[    1.863810] pciehp 0000:00:15.0:pcie04: service driver pciehp loaded
[    1.863858] pciehp 0000:00:15.1:pcie04: HPC vendor_id 15ad device_id 7a0 ss_vid 0 ss_did 0
[    1.863907] pciehp 0000:00:15.1:pcie04: service driver pciehp loaded
[    1.863956] pciehp 0000:00:15.2:pcie04: HPC vendor_id 15ad device_id 7a0 ss_vid 0 ss_did 0
[    1.864004] pciehp 0000:00:15.2:pcie04: service driver pciehp loaded
[    1.864053] pciehp 0000:00:15.3:pcie04: HPC vendor_id 15ad device_id 7a0 ss_vid 0 ss_did 0
[    1.864102] pciehp 0000:00:15.3:pcie04: service driver pciehp loaded
[    1.864150] pciehp 0000:00:15.4:pcie04: HPC vendor_id 15ad device_id 7a0 ss_vid 0 ss_did 0
[    1.864199] pciehp 0000:00:15.4:pcie04: service driver pciehp loaded
[    1.864247] pciehp 0000:00:15.5:pcie04: HPC vendor_id 15ad device_id 7a0 ss_vid 0 ss_did 0
[    1.864296] pciehp 0000:00:15.5:pcie04: service driver pciehp loaded
[    1.864345] pciehp 0000:00:15.6:pcie04: HPC vendor_id 15ad device_id 7a0 ss_vid 0 ss_did 0
[    1.864393] pciehp 0000:00:15.6:pcie04: service driver pciehp loaded
[    1.864442] pciehp 0000:00:15.7:pcie04: HPC vendor_id 15ad device_id 7a0 ss_vid 0 ss_did 0
[    1.864490] pciehp 0000:00:15.7:pcie04: service driver pciehp loaded
[    1.864539] pciehp 0000:00:16.0:pcie04: HPC vendor_id 15ad device_id 7a0 ss_vid 0 ss_did 0
[    1.864588] pciehp 0000:00:16.0:pcie04: service driver pciehp loaded
[    1.864636] pciehp 0000:00:16.1:pcie04: HPC vendor_id 15ad device_id 7a0 ss_vid 0 ss_did 0
[    1.864685] pciehp 0000:00:16.1:pcie04: service driver pciehp loaded
[    1.864733] pciehp 0000:00:16.2:pcie04: HPC vendor_id 15ad device_id 7a0 ss_vid 0 ss_did 0
[    1.864782] pciehp 0000:00:16.2:pcie04: service driver pciehp loaded
[    1.864831] pciehp 0000:00:16.3:pcie04: HPC vendor_id 15ad device_id 7a0 ss_vid 0 ss_did 0
[    1.864879] pciehp 0000:00:16.3:pcie04: service driver pciehp loaded
[    1.864928] pciehp 0000:00:16.4:pcie04: HPC vendor_id 15ad device_id 7a0 ss_vid 0 ss_did 0
[    1.864976] pciehp 0000:00:16.4:pcie04: service driver pciehp loaded
[    1.865025] pciehp 0000:00:16.5:pcie04: HPC vendor_id 15ad device_id 7a0 ss_vid 0 ss_did 0
[    1.865074] pciehp 0000:00:16.5:pcie04: service driver pciehp loaded
[    1.865122] pciehp 0000:00:16.6:pcie04: HPC vendor_id 15ad device_id 7a0 ss_vid 0 ss_did 0
[    1.865171] pciehp 0000:00:16.6:pcie04: service driver pciehp loaded
[    1.865219] pciehp 0000:00:16.7:pcie04: HPC vendor_id 15ad device_id 7a0 ss_vid 0 ss_did 0
[    1.865268] pciehp 0000:00:16.7:pcie04: service driver pciehp loaded
[    1.865317] pciehp 0000:00:17.0:pcie04: HPC vendor_id 15ad device_id 7a0 ss_vid 0 ss_did 0
[    1.865365] pciehp 0000:00:17.0:pcie04: service driver pciehp loaded
[    1.865414] pciehp 0000:00:17.1:pcie04: HPC vendor_id 15ad device_id 7a0 ss_vid 0 ss_did 0
[    1.865462] pciehp 0000:00:17.1:pcie04: service driver pciehp loaded
[    1.865511] pciehp 0000:00:17.2:pcie04: HPC vendor_id 15ad device_id 7a0 ss_vid 0 ss_did 0
[    1.865560] pciehp 0000:00:17.2:pcie04: service driver pciehp loaded
[    1.865608] pciehp 0000:00:17.3:pcie04: HPC vendor_id 15ad device_id 7a0 ss_vid 0 ss_did 0
[    1.865657] pciehp 0000:00:17.3:pcie04: service driver pciehp loaded
[    1.865705] pciehp 0000:00:17.4:pcie04: HPC vendor_id 15ad device_id 7a0 ss_vid 0 ss_did 0
[    1.865754] pciehp 0000:00:17.4:pcie04: service driver pciehp loaded
[    1.865803] pciehp 0000:00:17.5:pcie04: HPC vendor_id 15ad device_id 7a0 ss_vid 0 ss_did 0
[    1.865851] pciehp 0000:00:17.5:pcie04: service driver pciehp loaded
[    1.865900] pciehp 0000:00:17.6:pcie04: HPC vendor_id 15ad device_id 7a0 ss_vid 0 ss_did 0
[    1.865949] pciehp 0000:00:17.6:pcie04: service driver pciehp loaded
[    1.865997] pciehp 0000:00:17.7:pcie04: HPC vendor_id 15ad device_id 7a0 ss_vid 0 ss_did 0
[    1.866046] pciehp 0000:00:17.7:pcie04: service driver pciehp loaded
[    1.866094] pciehp 0000:00:18.0:pcie04: HPC vendor_id 15ad device_id 7a0 ss_vid 0 ss_did 0
[    1.866143] pciehp 0000:00:18.0:pcie04: service driver pciehp loaded
[    1.866192] pciehp 0000:00:18.1:pcie04: HPC vendor_id 15ad device_id 7a0 ss_vid 0 ss_did 0
[    1.866240] pciehp 0000:00:18.1:pcie04: service driver pciehp loaded
[    1.866289] pciehp 0000:00:18.2:pcie04: HPC vendor_id 15ad device_id 7a0 ss_vid 0 ss_did 0
[    1.866337] pciehp 0000:00:18.2:pcie04: service driver pciehp loaded
[    1.866386] pciehp 0000:00:18.3:pcie04: HPC vendor_id 15ad device_id 7a0 ss_vid 0 ss_did 0
[    1.866435] pciehp 0000:00:18.3:pcie04: service driver pciehp loaded
[    1.866483] pciehp 0000:00:18.4:pcie04: HPC vendor_id 15ad device_id 7a0 ss_vid 0 ss_did 0
[    1.866532] pciehp 0000:00:18.4:pcie04: service driver pciehp loaded
[    1.866580] pciehp 0000:00:18.5:pcie04: HPC vendor_id 15ad device_id 7a0 ss_vid 0 ss_did 0
[    1.866629] pciehp 0000:00:18.5:pcie04: service driver pciehp loaded
[    1.866678] pciehp 0000:00:18.6:pcie04: HPC vendor_id 15ad device_id 7a0 ss_vid 0 ss_did 0
[    1.866726] pciehp 0000:00:18.6:pcie04: service driver pciehp loaded
[    1.866775] pciehp 0000:00:18.7:pcie04: HPC vendor_id 15ad device_id 7a0 ss_vid 0 ss_did 0
[    1.867019] pciehp 0000:00:18.7:pcie04: service driver pciehp loaded
[    1.867028] pciehp: PCI Express Hot Plug Controller Driver version: 0.4
[    1.867082] ACPI: AC Adapter [ACAD] (on-line)
[    1.867134] input: Power Button as /devices/LNXSYSTM:00/LNXPWRBN:00/input/input0
[    1.867137] ACPI: Power Button [PWRF]
[    1.867185] processor LNXCPU:00: registered as cooling_device0
[    1.911015] isapnp: Scanning for PnP cards...
[    2.267136] isapnp: No Plug & Play device found
[    2.267175] random 0000 0000 0000 5f8db4e5 4cfdf2a8: initializing
[    2.267303] Linux agpgart interface v0.103
[    2.267351] agpgart-intel 0000:00:00.0: Intel 440BX Chipset
[    2.267400] agpgart-intel 0000:00:00.0: AGP aperture is 256M @ 0x0
[    2.267449] Serial: 8250/16550 driver, 32 ports, IRQ sharing enabled
[    2.267497] serial8250: ttyS0 at I/O 0x3f8 (irq = 4) is a 16550A
[    2.267546] serial8250: ttyS1 at I/O 0x2f8 (irq = 3) is a 16550A
[    2.267594] 00:0a: ttyS0 at I/O 0x3f8 (irq = 4) is a 16550A
[    2.267643] 00:0b: ttyS1 at I/O 0x2f8 (irq = 3) is a 16550A
[    2.267692] brd: module loaded
[    2.267740] loop: module loaded
[    2.267789] ata_piix 0000:00:07.1: version 2.13
[    2.267883] scsi0 : ata_piix
[    2.267960] scsi1 : ata_piix
[    2.268009] ata1: PATA max UDMA/33 cmd 0x1f0 ctl 0x3f6 bmdma 0x10c0 irq 14
[    2.268013] ata2: PATA max UDMA/33 cmd 0x170 ctl 0x376 bmdma 0x10c8 irq 15
[    2.268071] PPP generic driver version 2.4.2
[    2.268110] tun: Universal TUN/TAP device driver, 1.6
[    2.268113] tun: (C) 1999-2004 Max Krasnyansky <maxk@qualcomm.com>
[    2.268162] ehci_hcd: USB 2.0 'Enhanced' Host Controller (EHCI) Driver
[    2.268210] ACPI: PCI Interrupt Link [LNKB] enabled at IRQ 11
[    2.268215] PCI: setting IRQ 11 as level-triggered
[    2.268226] ehci_hcd 0000:02:03.0: PCI INT A -> Link[LNKB] -> GSI 11 (level, low) -> IRQ 11
[    2.268275] ehci_hcd 0000:02:03.0: EHCI Host Controller
[    2.268316] ehci_hcd 0000:02:03.0: new USB bus registered, assigned bus number 1
[    2.268365] ehci_hcd 0000:02:03.0: cache line size of 32 is not supported
[    2.268377] ehci_hcd 0000:02:03.0: irq 11, io mem 0xc9000000
[    2.268718] random 0000 0000 0000 00000000 00000000: rand_read_num 3 get_random_bytes(8): sig 00000000 00000000 00000000
[    2.268721] random 0000 0000 0000 00000000 00000000: extract_entropy(.. 8 ..)
[    2.268724] random 0000 0000 0000 00000000 00000000: going to reseed nonblocking with 64 bits (64 of 0 requested)
[    2.268727] random 0000 0000 0000 00000000 00000000: extract_entropy(.. 8 ..)
[    2.268729] random 0000 0000 0000 00000000 00000000: trying to extract 64 bits from input
[    2.268731] random 0000 0000 0000 00000000 00000000: debiting 0 entropy credits from input
[    2.268734] random 0000 0000 0000 00000000 00000000: extract_entropy account returned: 0 
[    2.268737] random 0000 0000 0000 00000000 00000000: urand_change_num 5 xfer_secondary_pool(8): pool_sig 00000000, data_sig 00000000, bytes_mixed 0 00000000 00000000
[    2.268740] random 0000 0000 0000 00000000 00000000: trying to extract 64 bits from nonblocking
[    2.268743] random 0000 0000 0000 00000000 00000000: debiting 64 entropy credits from nonblocking (unlimited)
[    2.268745] random 0000 0000 0000 00000000 00000000: extract_entropy account returned: 8 
[    2.268749] random 0000 0000 0000 00000000 00000000: urand_change_num 6 extract_buf: pool_sig 00000000, data_sig fffffff9, bytes_mixed 20 00000000 00000000
[    2.278406] ehci_hcd 0000:02:03.0: USB 2.0 started, EHCI 1.00
[    2.278455] usb usb1: configuration #1 chosen from 1 choice
[    2.278488] hub 1-0:1.0: USB hub found
[    2.278498] hub 1-0:1.0: 6 ports detected
[    2.278546] ohci_hcd: USB 1.1 'Open' Host Controller (OHCI) Driver
[    2.278570] uhci_hcd: USB Universal Host Controller Interface driver
[    2.278618] ACPI: PCI Interrupt Link [LNKC] enabled at IRQ 10
[    2.278623] PCI: setting IRQ 10 as level-triggered
[    2.278630] uhci_hcd 0000:02:00.0: PCI INT A -> Link[LNKC] -> GSI 10 (level, low) -> IRQ 10
[    2.278679] uhci_hcd 0000:02:00.0: UHCI Host Controller
[    2.278727] uhci_hcd 0000:02:00.0: new USB bus registered, assigned bus number 2
[    2.278830] uhci_hcd 0000:02:00.0: irq 10, io base 0x000020c0
[    2.278878] usb usb2: configuration #1 chosen from 1 choice
[    2.278904] hub 2-0:1.0: USB hub found
[    2.278911] hub 2-0:1.0: 2 ports detected
[    2.278960] usbcore: registered new interface driver libusual
[    2.279004] PNP: PS/2 Controller [PNP0303:KBC,PNP0f13:MOUS] at 0x60,0x64 irq 1,12
[    2.279337] serio: i8042 KBD port at 0x60,0x64 irq 1
[    2.279349] serio: i8042 AUX port at 0x60,0x64 irq 12
[    2.279398] mice: PS/2 mouse device common for all mice
[    2.279447] rtc_cmos 00:04: rtc core: registered rtc_cmos as rtc0
[    2.279474] rtc0: alarms up to one month, y3k, 114 bytes nvram, hpet irqs
[    2.279522] device-mapper: uevent: version 1.0.3
[    2.279659] device-mapper: ioctl: 4.15.0-ioctl (2009-04-01) initialised: dm-devel@redhat.com
[    2.279681] EISA: Probing bus 0 at eisa.0
[    2.279690] Cannot allocate resource for EISA slot 1
[    2.279692] Cannot allocate resource for EISA slot 2
[    2.279694] Cannot allocate resource for EISA slot 3
[    2.279696] Cannot allocate resource for EISA slot 4
[    2.279698] Cannot allocate resource for EISA slot 5
[    2.279700] Cannot allocate resource for EISA slot 6
[    2.279702] Cannot allocate resource for EISA slot 7
[    2.279704] Cannot allocate resource for EISA slot 8
[    2.279705] EISA: Detected 0 cards.
[    2.279753] cpuidle: using governor ladder
[    2.279755] cpuidle: using governor menu
[    2.279804] random 0000 0000 0000 00000000 00000000: rand_read_num 4 get_random_bytes(136): sig 0000021d 00000000 00000000
[    2.279830] random 0000 0000 0000 00000000 00000000: extract_entropy(.. 136 ..)
[    2.279833] random 0000 0000 0000 00000000 00000000: going to reseed nonblocking with 1024 bits (1088 of 0 requested)
[    2.279835] random 0000 0000 0000 00000000 00000000: extract_entropy(.. 128 ..)
[    2.279838] random 0000 0000 0000 00000000 00000000: trying to extract 1024 bits from input
[    2.279840] random 0000 0000 0000 00000000 00000000: debiting 0 entropy credits from input
[    2.279842] random 0000 0000 0000 00000000 00000000: extract_entropy account returned: 0 
[    2.279845] random 0000 0000 0000 00000000 00000000: urand_change_num 7 xfer_secondary_pool(136): pool_sig 0000021d, data_sig 00000000, bytes_mixed 0 00000000 00000000
[    2.279848] random 0000 0000 0000 00000000 00000000: trying to extract 1088 bits from nonblocking
[    2.279851] random 0000 0000 0000 00000000 00000000: debiting 1088 entropy credits from nonblocking (unlimited)
[    2.279853] random 0000 0000 0000 00000000 00000000: extract_entropy account returned: 136 
[    2.279857] random 0000 0000 0000 00000000 00000000: urand_change_num 8 extract_buf: pool_sig 0000021d, data_sig fffffff7, bytes_mixed 20 00000000 00000000
[    2.279862] random 0000 0000 0000 f961ee50 ba9cb1aa: urand_change_num 9 extract_buf: pool_sig 00000230, data_sig fffffeb4, bytes_mixed 20 f961ee50 ba9cb1aa
[    2.279866] random 0000 0000 0000 9748bdd6 56fb8af6: urand_change_num 10 extract_buf: pool_sig 00000373, data_sig 000000cf, bytes_mixed 20 9748bdd6 56fb8af6
[    2.279871] random 0000 0000 0000 9748bdd6 56fb8af6: urand_change_num 11 extract_buf: pool_sig fffffe49, data_sig 0000023f, bytes_mixed 20 9748bdd6 56fb8af6
[    2.279875] random 0000 0000 0000 a135be86 4777650e: urand_change_num 12 extract_buf: pool_sig fffffcce, data_sig 000000c6, bytes_mixed 20 a135be86 4777650e
[    2.279880] random 0000 0000 0000 4a6ea85d 170e00dd: urand_change_num 13 extract_buf: pool_sig ffffff97, data_sig ffffff7d, bytes_mixed 20 4a6ea85d 170e00dd
[    2.279884] random 0000 0000 0000 4a6ea85d 170e00dd: urand_change_num 14 extract_buf: pool_sig 00000160, data_sig fffffeea, bytes_mixed 20 4a6ea85d 170e00dd
[    2.279889] random 0000 0000 0000 6e87c3cb da668c73: urand_change_num 15 extract_buf: pool_sig 0000034f, data_sig ffffff54, bytes_mixed 20 6e87c3cb da668c73
[    2.279893] random 0000 0000 0000 6e87c3cb da668c73: urand_change_num 16 extract_buf: pool_sig fffffdc5, data_sig 00000205, bytes_mixed 20 6e87c3cb da668c73
[    2.279898] random 0000 0000 0000 39f531e6 461eb249: urand_change_num 17 extract_buf: pool_sig fffffc1d, data_sig ffffff5e, bytes_mixed 20 39f531e6 461eb249
[    2.279902] random 0000 0000 0000 7e1538a2 3e661182: urand_change_num 18 extract_buf: pool_sig 000006ef, data_sig ffffff2e, bytes_mixed 20 7e1538a2 3e661182
[    2.279906] random 0000 0000 0000 7e1538a2 3e661182: urand_change_num 19 extract_buf: pool_sig 00000317, data_sig fffffccb, bytes_mixed 20 7e1538a2 3e661182
[    2.279911] random 0000 0000 0000 76af506b 9b57305e: urand_change_num 20 extract_buf: pool_sig 00000227, data_sig ffffffd2, bytes_mixed 20 76af506b 9b57305e
[    2.279915] random 0000 0000 0000 37d49d89 e20417cc: urand_change_num 21 extract_buf: pool_sig 0000080b, data_sig 000001e9, bytes_mixed 20 37d49d89 e20417cc
[    2.279920] TCP cubic registered
[    2.279968] NET: Registered protocol family 10
[    2.280005] RANDOM - __random32 called. Change num 12.  Value: 8f3eba68	c1db9b96	544fe79f
[    2.280007] RANDOM - random32 called.  Value: 8f3eba68	c1db9b96	544fe79f
[    2.280016] random 0000 0000 0000 37d49d89 e20417cc: rand_read_num 5 get_random_bytes(4): sig 00000298 37d49d89 e20417cc
[    2.280018] random 0000 0000 0000 37d49d89 e20417cc: extract_entropy(.. 4 ..)
[    2.280020] random 0000 0000 0000 37d49d89 e20417cc: going to reseed nonblocking with 64 bits (32 of 0 requested)
[    2.280023] random 0000 0000 0000 37d49d89 e20417cc: extract_entropy(.. 8 ..)
[    2.280025] random 0000 0000 0000 37d49d89 e20417cc: trying to extract 64 bits from input
[    2.280027] random 0000 0000 0000 37d49d89 e20417cc: debiting 0 entropy credits from input
[    2.280029] random 0000 0000 0000 37d49d89 e20417cc: extract_entropy account returned: 0 
[    2.280032] random 0000 0000 0000 37d49d89 e20417cc: urand_change_num 22 xfer_secondary_pool(4): pool_sig 00000298, data_sig 00000000, bytes_mixed 0 37d49d89 e20417cc
[    2.280035] random 0000 0000 0000 37d49d89 e20417cc: trying to extract 32 bits from nonblocking
[    2.280037] random 0000 0000 0000 37d49d89 e20417cc: debiting 32 entropy credits from nonblocking (unlimited)
[    2.280040] random 0000 0000 0000 37d49d89 e20417cc: extract_entropy account returned: 4 
[    2.280043] random 0000 0000 0000 37d49d89 e20417cc: urand_change_num 23 extract_buf: pool_sig 00000298, data_sig 00000092, bytes_mixed 20 37d49d89 e20417cc
[    2.280092] RANDOM - __random32 called. Change num 13.  Value: eba68b0e	1db9b963	cf3ec61b
[    2.280094] RANDOM - random32 called.  Value: eba68b0e	1db9b963	cf3ec61b
[    2.280143] NET: Registered protocol family 17
[    2.280168] Using IPI No-Shortcut mode
[    2.280173] random 0000 0000 0000 2ee4c4fc 167bdb15: rand_read_num 6 get_random_bytes(8): sig fffffcbf 2ee4c4fc 167bdb15
[    2.280176] random 0000 0000 0000 2ee4c4fc 167bdb15: extract_entropy(.. 8 ..)
[    2.280178] random 0000 0000 0000 2ee4c4fc 167bdb15: going to reseed nonblocking with 64 bits (64 of 0 requested)
[    2.280180] random 0000 0000 0000 2ee4c4fc 167bdb15: extract_entropy(.. 8 ..)
[    2.280182] random 0000 0000 0000 2ee4c4fc 167bdb15: trying to extract 64 bits from input
[    2.280185] random 0000 0000 0000 2ee4c4fc 167bdb15: debiting 0 entropy credits from input
[    2.280187] random 0000 0000 0000 2ee4c4fc 167bdb15: extract_entropy account returned: 0 
[    2.280190] random 0000 0000 0000 2ee4c4fc 167bdb15: urand_change_num 24 xfer_secondary_pool(8): pool_sig fffffcbf, data_sig 00000000, bytes_mixed 0 2ee4c4fc 167bdb15
[    2.280192] random 0000 0000 0000 2ee4c4fc 167bdb15: trying to extract 64 bits from nonblocking
[    2.280195] random 0000 0000 0000 2ee4c4fc 167bdb15: debiting 64 entropy credits from nonblocking (unlimited)
[    2.280197] random 0000 0000 0000 2ee4c4fc 167bdb15: extract_entropy account returned: 8 
[    2.280200] random 0000 0000 0000 2ee4c4fc 167bdb15: urand_change_num 25 extract_buf: pool_sig fffffcbf, data_sig ffffff83, bytes_mixed 20 2ee4c4fc 167bdb15
[    2.280242] PM: Resume from disk failed.
[    2.280251] registered taskstats version 1
[    2.280254] random 0000 0000 0000 2ee4c4fc 167bdb15: rand_read_num 7 get_random_bytes(12): sig fffffc69 2ee4c4fc 167bdb15
[    2.280256] random 0000 0000 0000 2ee4c4fc 167bdb15: extract_entropy(.. 12 ..)
[    2.280258] random 0000 0000 0000 2ee4c4fc 167bdb15: going to reseed nonblocking with 96 bits (96 of 0 requested)
[    2.280260] random 0000 0000 0000 2ee4c4fc 167bdb15: extract_entropy(.. 12 ..)
[    2.280263] random 0000 0000 0000 2ee4c4fc 167bdb15: trying to extract 96 bits from input
[    2.280265] random 0000 0000 0000 2ee4c4fc 167bdb15: debiting 0 entropy credits from input
[    2.280267] random 0000 0000 0000 2ee4c4fc 167bdb15: extract_entropy account returned: 0 
[    2.280270] random 0000 0000 0000 2ee4c4fc 167bdb15: urand_change_num 26 xfer_secondary_pool(12): pool_sig fffffc69, data_sig 00000000, bytes_mixed 0 2ee4c4fc 167bdb15
[    2.280272] random 0000 0000 0000 2ee4c4fc 167bdb15: trying to extract 96 bits from nonblocking
[    2.280275] random 0000 0000 0000 2ee4c4fc 167bdb15: debiting 96 entropy credits from nonblocking (unlimited)
[    2.280277] random 0000 0000 0000 2ee4c4fc 167bdb15: extract_entropy account returned: 12 
[    2.280280] random 0000 0000 0000 2ee4c4fc 167bdb15: urand_change_num 27 extract_buf: pool_sig fffffc69, data_sig ffffff7d, bytes_mixed 20 2ee4c4fc 167bdb15
[    2.280285] random 0000 0000 0000 83b7c1ab 94697f48: urand_change_num 28 extract_buf: pool_sig fffffe30, data_sig fffffdd6, bytes_mixed 20 83b7c1ab 94697f48
[    2.280288] RANDOM - __seed init called.
[    2.280289] RANDOM - __seed init called.
[    2.280290] RANDOM - __seed init called.
[    2.280292] RANDOM - __random32 called. Change num 14.  Value: fc007995	feca4f80	21b38ad2
[    2.280294] RANDOM - random32_reseed called.  Value: fc007995	feca4f80	21b38ad2
[    2.280297] Pid: 1, comm: swapper Not tainted 2.6.32.57 #4
[    2.280298] Call Trace:
[    2.280305]  [<c14a8a0e>] ? printk+0x1d/0x1f
[    2.280310]  [<c17537e5>] random32_reseed+0x89/0xbd
[    2.280313]  [<c1003042>] do_one_initcall+0x32/0x1a0
[    2.280316]  [<c175375c>] ? random32_reseed+0x0/0xbd
[    2.280319]  [<c17308e7>] kernel_init+0x12d/0x17a
[    2.280322]  [<c17307ba>] ? kernel_init+0x0/0x17a
[    2.280325]  [<c1009b07>] kernel_thread_helper+0x7/0x10
[    2.282946] input: AT Translated Set 2 keyboard as /devices/platform/i8042/serio0/input/input1
[    2.283216] random 0000 0000 0000 6db70b00 b30ce96b: rand_read_num 8 get_random_bytes(64): sig fffffb38 6db70b00 b30ce96b
[    2.283220] random 0000 0000 0000 6db70b00 b30ce96b: extract_entropy(.. 64 ..)
[    2.283223] random 0000 0000 0000 6db70b00 b30ce96b: going to reseed nonblocking with 512 bits (512 of 0 requested)
[    2.283225] random 0000 0000 0000 6db70b00 b30ce96b: extract_entropy(.. 64 ..)
[    2.283228] random 0000 0000 0000 6db70b00 b30ce96b: trying to extract 512 bits from input
[    2.283230] random 0000 0000 0000 6db70b00 b30ce96b: debiting 0 entropy credits from input
[    2.283232] random 0000 0000 0000 6db70b00 b30ce96b: extract_entropy account returned: 0 
[    2.283236] random 0000 0000 0000 6db70b00 b30ce96b: urand_change_num 29 xfer_secondary_pool(64): pool_sig fffffb38, data_sig 00000000, bytes_mixed 0 6db70b00 b30ce96b
[    2.283238] random 0000 0000 0000 6db70b00 b30ce96b: trying to extract 512 bits from nonblocking
[    2.283241] random 0000 0000 0000 6db70b00 b30ce96b: debiting 512 entropy credits from nonblocking (unlimited)
[    2.283243] random 0000 0000 0000 6db70b00 b30ce96b: extract_entropy account returned: 64 
[    2.283247] random 0000 0000 0000 6db70b00 b30ce96b: urand_change_num 30 extract_buf: pool_sig fffffb38, data_sig 00000151, bytes_mixed 20 6db70b00 b30ce96b
[    2.283252] random 0000 0000 0000 6db70b00 b30ce96b: urand_change_num 31 extract_buf: pool_sig fffffdb8, data_sig 00000379, bytes_mixed 20 6db70b00 b30ce96b
[    2.283256] random 0000 0000 0000 6b83001e d4b6c0d3: urand_change_num 32 extract_buf: pool_sig ffffffc9, data_sig 00000198, bytes_mixed 20 6b83001e d4b6c0d3
[    2.283261] random 0000 0000 0000 79d3e3c7 be564518: urand_change_num 33 extract_buf: pool_sig 000002b9, data_sig ffffff84, bytes_mixed 20 79d3e3c7 be564518
[    2.283265] random 0000 0000 0000 79d3e3c7 be564518: urand_change_num 34 extract_buf: pool_sig ffffff55, data_sig ffffff5a, bytes_mixed 20 79d3e3c7 be564518
[    2.283270] random 0000 0000 0000 89c03cb2 0d353228: urand_change_num 35 extract_buf: pool_sig 00000007, data_sig ffffff17, bytes_mixed 20 89c03cb2 0d353228
[    2.283274] random 0000 0000 0000 89c03cb2 0d353228: urand_change_num 36 extract_buf: pool_sig fffffdae, data_sig 000000db, bytes_mixed 20 89c03cb2 0d353228  Magic number: 13:259:903
[    2.283374] rtc_cmos 00:04: setting system clock to 2013-05-24 20:52:22 UTC (1369428742)
[    2.283377] BIOS EDD facility v0.16 2004-Jun-25, 0 devices found
[    2.283378] EDD information not available.
[    2.283405] random 0000 0000 0000 8ca62387 b120332c: rand_read_num 9 get_random_bytes(64): sig fffffed6 8ca62387 b120332c
[    2.283407] random 0000 0000 0000 8ca62387 b120332c: extract_entropy(.. 64 ..)
[    2.283410] random 0000 0000 0000 8ca62387 b120332c: going to reseed nonblocking with 512 bits (512 of 0 requested)
[    2.283412] random 0000 0000 0000 8ca62387 b120332c: extract_entropy(.. 64 ..)
[    2.283414] random 0000 0000 0000 8ca62387 b120332c: trying to extract 512 bits from input
[    2.283417] random 0000 0000 0000 8ca62387 b120332c: debiting 0 entropy credits from input
[    2.283419] random 0000 0000 0000 8ca62387 b120332c: extract_entropy account returned: 0 
[    2.283422] random 0000 0000 0000 8ca62387 b120332c: urand_change_num 37 xfer_secondary_pool(64): pool_sig fffffed6, data_sig 00000000, bytes_mixed 0 8ca62387 b120332c
[    2.283425] random 0000 0000 0000 8ca62387 b120332c: trying to extract 512 bits from nonblocking
[    2.283427] random 0000 0000 0000 8ca62387 b120332c: debiting 512 entropy credits from nonblocking (unlimited)
[    2.283429] random 0000 0000 0000 8ca62387 b120332c: extract_entropy account returned: 64 
[    2.283433] random 0000 0000 0000 8ca62387 b120332c: urand_change_num 38 extract_buf: pool_sig fffffed6, data_sig fffffeb6, bytes_mixed 20 8ca62387 b120332c
[    2.283437] random 0000 0000 0000 90702413 e2a66c2e: urand_change_num 39 extract_buf: pool_sig fffffbb0, data_sig 0000012e, bytes_mixed 20 90702413 e2a66c2e
[    2.283442] random 0000 0000 0000 90702413 e2a66c2e: urand_change_num 40 extract_buf: pool_sig fffffaf1, data_sig ffffff3c, bytes_mixed 20 90702413 e2a66c2e
[    2.283446] random 0000 0000 0000 3f58038b c77aecb6: urand_change_num 41 extract_buf: pool_sig 00000234, data_sig fffffdec, bytes_mixed 20 3f58038b c77aecb6
[    2.283451] random 0000 0000 0000 47187b9d 03f21510: urand_change_num 42 extract_buf: pool_sig 00000192, data_sig 00000075, bytes_mixed 20 47187b9d 03f21510
[    2.283455] random 0000 0000 0000 47187b9d 03f21510: urand_change_num 43 extract_buf: pool_sig 0000018e, data_sig ffffffbf, bytes_mixed 20 47187b9d 03f21510
[    2.283460] random 0000 0000 0000 3180b1fc 0fa9c973: urand_change_num 44 extract_buf: pool_sig fffffecf, data_sig ffffff2a, bytes_mixed 20 3180b1fc 0fa9c973
[    2.283462] BEGIN NET_SECRET:
[    2.283464] \xffffff87
[    2.283465] \xffffff8d
[    2.283466] \xfffffff4
[    2.283467] \xffffffae
[    2.283468] \xffffffc3
[    2.283470] \xffffffb7
[    2.283471] \x31
[    2.283472] \x65
[    2.283473] \xffffffda
[    2.283474] \xffffffa2
[    2.283475] \x31
[    2.283477] \xffffffc8
[    2.283478] \xffffffa9
[    2.283479] \x76
[    2.283480] \x76
[    2.283481] \xffffff90
[    2.283482] \x55
[    2.283483] \xfffffff3
[    2.283485] \xffffffb1
[    2.283486] \x3
[    2.283487] \xffffffb3
[    2.283488] \xffffffa7
[    2.283489] \x5a
[    2.283490] \x71
[    2.283491] \x70
[    2.283493] \xffffff8c
[    2.283494] \x56
[    2.283495] \x25
[    2.283496] \xffffffe1
[    2.283497] \x4c
[    2.283498] \xffffffe6
[    2.283499] \xffffff95
[    2.283501] \x67
[    2.283502] \x4c
[    2.283503] \xffffffb9
[    2.283504] \x1d
[    2.283505] \xe
[    2.283506] \x34
[    2.283507] \xffffffbe
[    2.283509] \x12
[    2.283510] \x5
[    2.283511] \xffffff98
[    2.283512] \xffffffa0
[    2.283513] \xf
[    2.283514] \xffffffb2
[    2.283515] \xffffffde
[    2.283517] \xffffff99
[    2.283518] \xf
[    2.283519] \xffffffe8
[    2.283520] \xffffffc8
[    2.283521] \x1f
[    2.283522] \x54
[    2.283524] \x2c
[    2.283525] \xffffffee
[    2.283526] \x2e
[    2.283527] \x0
[    2.283528] \xffffff95
[    2.283529] \x0
[    2.283530] \xffffffe3
[    2.283531] \xffffffa7
[    2.283533] \xfffffffd
[    2.283534] \x66
[    2.283535] \xffffff92
[    2.283536] \xfffffff0
[    2.283537] 
[    2.283538] END NET_SECRET
[    2.283541] random 0000 0000 0000 3180b1fc 0fa9c973: rand_read_num 10 get_random_bytes(4): sig ffffff46 3180b1fc 0fa9c973
[    2.283543] random 0000 0000 0000 3180b1fc 0fa9c973: extract_entropy(.. 4 ..)
[    2.283546] random 0000 0000 0000 3180b1fc 0fa9c973: going to reseed nonblocking with 64 bits (32 of 0 requested)
[    2.283548] random 0000 0000 0000 3180b1fc 0fa9c973: extract_entropy(.. 8 ..)
[    2.283550] random 0000 0000 0000 3180b1fc 0fa9c973: trying to extract 64 bits from input
[    2.283552] random 0000 0000 0000 3180b1fc 0fa9c973: debiting 0 entropy credits from input
[    2.283554] random 0000 0000 0000 3180b1fc 0fa9c973: extract_entropy account returned: 0 
[    2.283557] random 0000 0000 0000 3180b1fc 0fa9c973: urand_change_num 45 xfer_secondary_pool(4): pool_sig ffffff46, data_sig 00000000, bytes_mixed 0 3180b1fc 0fa9c973
[    2.283560] random 0000 0000 0000 3180b1fc 0fa9c973: trying to extract 32 bits from nonblocking
[    2.283562] random 0000 0000 0000 3180b1fc 0fa9c973: debiting 32 entropy credits from nonblocking (unlimited)
[    2.283565] random 0000 0000 0000 3180b1fc 0fa9c973: extract_entropy account returned: 4 
[    2.283568] random 0000 0000 0000 3180b1fc 0fa9c973: urand_change_num 46 extract_buf: pool_sig ffffff46, data_sig 0000001b, bytes_mixed 20 3180b1fc 0fa9c973
[    2.457127] ata2.00: ATAPI: VMware Virtual IDE CDROM Drive, 00000001, max UDMA/33
[    2.457412] ata2.00: configured for UDMA/33
[    2.457780] scsi 1:0:0:0: CD-ROM            NECVMWar VMware IDE CDR10 1.00 PQ: 0 ANSI: 5
[    2.458987] sr0: scsi3-mmc drive: 306x/306x cd/rw xa/form2 cdda tray
[    2.458990] Uniform CD-ROM driver Revision: 3.20
[    2.459039] sr 1:0:0:0: Attached scsi CD-ROM sr0
[    2.459074] sr 1:0:0:0: Attached scsi generic sg0 type 5
[    2.459109] Freeing unused kernel memory: 652k freed
[    2.459157] Write protecting the kernel text: 4840k
[    2.459188] Write protecting the kernel read-only data: 1968k
[    2.459274] random 0000 0000 0000 38974d2b 1d8d6de0: rand_read_num 11 get_random_bytes(16): sig 000001c6 38974d2b 1d8d6de0
