[    0.000000] random 0000 0000 0000 00000000 00000000: rand_read_num 1 get_random_bytes(8): sig 00000000 00000000 00000000
[    0.000000] random 0000 0000 0000 00000000 00000000: extract_entropy(.. 8 ..)
[    0.000000] random 0000 0000 0000 00000000 00000000: going to reseed nonblocking with 64 bits (64 of 0 requested)
[    0.000000] random 0000 0000 0000 00000000 00000000: extract_entropy(.. 8 ..)
[    0.000000] random 0000 0000 0000 00000000 00000000: trying to extract 64 bits from input
[    0.000000] random 0000 0000 0000 00000000 00000000: debiting 0 entropy credits from input
[    0.000000] random 0000 0000 0000 00000000 00000000: extract_entropy account returned: 0 
[    0.000000] random 0000 0000 0000 00000000 00000000: urand_change_num 1 xfer_secondary_pool(8): pool_sig 00000000, data_sig 00000000, bytes_mixed 0 00000000 00000000
[    0.000000] random 0000 0000 0000 00000000 00000000: trying to extract 64 bits from nonblocking
[    0.000000] random 0000 0000 0000 00000000 00000000: debiting 64 entropy credits from nonblocking (unlimited)
[    0.000000] random 0000 0000 0000 00000000 00000000: extract_entropy account returned: 8 
[    0.000000] random 0000 0000 0000 00000000 00000000: urand_change_num 2 extract_buf: pool_sig 00000000, data_sig fffffff9, bytes_mixed 20 00000000 00000000
[    0.000000] Initializing cgroup subsys cpuset
[    0.000000] Initializing cgroup subsys cpu
[    0.000000] Linux version 2.6.32.57 (dcashman@ubuntu) (gcc version 4.6.3 (Ubuntu/Linaro 4.6.3-1ubuntu5) ) #4 SMP Fri May 24 11:09:26 PDT 2013
[    0.000000] KERNEL supported cpus:
[    0.000000]   Intel GenuineIntel
[    0.000000]   AMD AuthenticAMD
[    0.000000]   NSC Geode by NSC
[    0.000000]   Cyrix CyrixInstead
[    0.000000]   Centaur CentaurHauls
[    0.000000]   Transmeta GenuineTMx86
[    0.000000]   Transmeta TransmetaCPU
[    0.000000]   UMC UMC UMC UMC
[    0.000000] BIOS-provided physical RAM map:
[    0.000000]  BIOS-e820: 0000000000000000 - 000000000009f000 (usable)
[    0.000000]  BIOS-e820: 000000000009f000 - 00000000000a0000 (reserved)
[    0.000000]  BIOS-e820: 00000000000ca000 - 00000000000cc000 (reserved)
[    0.000000]  BIOS-e820: 00000000000dc000 - 0000000000100000 (reserved)
[    0.000000]  BIOS-e820: 0000000000100000 - 000000003fee0000 (usable)
[    0.000000]  BIOS-e820: 000000003fee0000 - 000000003feff000 (ACPI data)
[    0.000000]  BIOS-e820: 000000003feff000 - 000000003ff00000 (ACPI NVS)
[    0.000000]  BIOS-e820: 000000003ff00000 - 0000000040000000 (usable)
[    0.000000]  BIOS-e820: 00000000e0000000 - 00000000f0000000 (reserved)
[    0.000000]  BIOS-e820: 00000000fec00000 - 00000000fec10000 (reserved)
[    0.000000]  BIOS-e820: 00000000fee00000 - 00000000fee01000 (reserved)
[    0.000000]  BIOS-e820: 00000000fffe0000 - 0000000100000000 (reserved)
[    0.000000] DMI present.
[    0.000000] Phoenix BIOS detected: BIOS may corrupt low RAM, working around it.
[    0.000000] e820 update range: 0000000000000000 - 0000000000010000 (usable) ==> (reserved)
[    0.000000] last_pfn = 0x40000 max_arch_pfn = 0x1000000
[    0.000000] MTRR default type: uncachable
[    0.000000] MTRR fixed ranges enabled:
[    0.000000]   00000-9FFFF write-back
[    0.000000]   A0000-BFFFF uncachable
[    0.000000]   C0000-CBFFF write-protect
[    0.000000]   CC000-EFFFF uncachable
[    0.000000]   F0000-FFFFF write-protect
[    0.000000] MTRR variable ranges enabled:
[    0.000000]   0 base 0000000000 mask FFC0000000 write-back
[    0.000000]   1 disabled
[    0.000000]   2 disabled
[    0.000000]   3 disabled
[    0.000000]   4 disabled
[    0.000000]   5 disabled
[    0.000000]   6 disabled
[    0.000000]   7 disabled
[    0.000000] x86 PAT enabled: cpu 0, old 0x0, new 0x7010600070106
[    0.000000] Scanning 0 areas for low memory corruption
[    0.000000] modified physical RAM map:
[    0.000000]  modified: 0000000000000000 - 0000000000010000 (reserved)
[    0.000000]  modified: 0000000000010000 - 000000000009f000 (usable)
[    0.000000]  modified: 000000000009f000 - 00000000000a0000 (reserved)
[    0.000000]  modified: 00000000000ca000 - 00000000000cc000 (reserved)
[    0.000000]  modified: 00000000000dc000 - 0000000000100000 (reserved)
[    0.000000]  modified: 0000000000100000 - 000000003fee0000 (usable)
[    0.000000]  modified: 000000003fee0000 - 000000003feff000 (ACPI data)
[    0.000000]  modified: 000000003feff000 - 000000003ff00000 (ACPI NVS)
[    0.000000]  modified: 000000003ff00000 - 0000000040000000 (usable)
[    0.000000]  modified: 00000000e0000000 - 00000000f0000000 (reserved)
[    0.000000]  modified: 00000000fec00000 - 00000000fec10000 (reserved)
[    0.000000]  modified: 00000000fee00000 - 00000000fee01000 (reserved)
[    0.000000]  modified: 00000000fffe0000 - 0000000100000000 (reserved)
[    0.000000] initial memory mapped : 0 - 01e00000
[    0.000000] init_memory_mapping: 0000000000000000-00000000379fe000
[    0.000000] NX (Execute Disable) protection: active
[    0.000000]  0000000000 - 0000200000 page 4k
[    0.000000]  0000200000 - 0037800000 page 2M
[    0.000000]  0037800000 - 00379fe000 page 4k
[    0.000000] kernel direct mapping tables up to 379fe000 @ 10000-16000
[    0.000000] RAMDISK: 2dcfc000 - 32e758c3
[    0.000000] ACPI: RSDP 000f6b80 00024 (v02 PTLTD )
[    0.000000] ACPI: XSDT 3feed636 0005C (v01 INTEL  440BX    06040000 VMW  01324272)
[    0.000000] ACPI: FACP 3fefee98 000F4 (v04 INTEL  440BX    06040000 PTL  000F4240)
[    0.000000] ACPI: DSDT 3feee366 10B32 (v01 PTLTD  Custom   06040000 MSFT 03000001)
[    0.000000] ACPI: FACS 3fefffc0 00040
[    0.000000] ACPI: BOOT 3feee33e 00028 (v01 PTLTD  $SBFTBL$ 06040000  LTP 00000001)
[    0.000000] ACPI: APIC 3feedc3e 003C2 (v01 PTLTD  ? APIC   06040000  LTP 00000000)
[    0.000000] ACPI: MCFG 3feedc02 0003C (v01 PTLTD  $PCITBL$ 06040000  LTP 00000001)
[    0.000000] ACPI: SRAT 3feed732 004D0 (v02 VMWARE MEMPLUG  06040000 VMW  00000001)
[    0.000000] ACPI: HPET 3feed6fa 00038 (v01 VMWARE VMW HPET 06040000 VMW  00000001)
[    0.000000] ACPI: WAET 3feed6d2 00028 (v01 VMWARE VMW WAET 06040000 VMW  00000001)
[    0.000000] ACPI: Local APIC address 0xfee00000
[    0.000000] 134MB HIGHMEM available.
[    0.000000] 889MB LOWMEM available.
[    0.000000]   mapped low ram: 0 - 379fe000
[    0.000000]   low ram: 0 - 379fe000
[    0.000000]   node 0 low ram: 00000000 - 379fe000
[    0.000000]   node 0 bootmap 00012000 - 00018f40
[    0.000000] (9 early reservations) ==> bootmem [0000000000 - 00379fe000]
[    0.000000]   #0 [0000000000 - 0000001000]   BIOS data page ==> [0000000000 - 0000001000]
[    0.000000]   #1 [0000001000 - 0000002000]    EX TRAMPOLINE ==> [0000001000 - 0000002000]
[    0.000000]   #2 [0000006000 - 0000007000]       TRAMPOLINE ==> [0000006000 - 0000007000]
[    0.000000]   #3 [0001000000 - 0001a75ff8]    TEXT DATA BSS ==> [0001000000 - 0001a75ff8]
[    0.000000]   #4 [002dcfc000 - 0032e758c3]          RAMDISK ==> [002dcfc000 - 0032e758c3]
[    0.000000]   #5 [000009f000 - 0000100000]    BIOS reserved ==> [000009f000 - 0000100000]
[    0.000000]   #6 [0001a76000 - 0001a851c0]              BRK ==> [0001a76000 - 0001a851c0]
[    0.000000]   #7 [0000010000 - 0000012000]          PGTABLE ==> [0000010000 - 0000012000]
[    0.000000]   #8 [0000012000 - 0000019000]          BOOTMAP ==> [0000012000 - 0000019000]
[    0.000000] found SMP MP-table at [c00f6bf0] f6bf0
[    0.000000] Zone PFN ranges:
[    0.000000]   DMA      0x00000010 -> 0x00001000
[    0.000000]   Normal   0x00001000 -> 0x000379fe
[    0.000000]   HighMem  0x000379fe -> 0x00040000
[    0.000000] Movable zone start PFN for each node
[    0.000000] early_node_map[3] active PFN ranges
[    0.000000]     0: 0x00000010 -> 0x0000009f
[    0.000000]     0: 0x00000100 -> 0x0003fee0
[    0.000000]     0: 0x0003ff00 -> 0x00040000
[    0.000000] On node 0 totalpages: 261999
[    0.000000] free_area_init_node: node 0, pgdat c1715200, node_mem_map c1a87200
[    0.000000]   DMA zone: 32 pages used for memmap
[    0.000000]   DMA zone: 0 pages reserved
[    0.000000]   DMA zone: 3951 pages, LIFO batch:0
[    0.000000]   Normal zone: 1748 pages used for memmap
[    0.000000]   Normal zone: 221994 pages, LIFO batch:31
[    0.000000]   HighMem zone: 269 pages used for memmap
[    0.000000]   HighMem zone: 34005 pages, LIFO batch:7
[    0.000000] Using APIC driver default
[    0.000000] ACPI: PM-Timer IO Port: 0x1008
[    0.000000] ACPI: Local APIC address 0xfee00000
[    0.000000] ACPI: LAPIC (acpi_id[0x00] lapic_id[0x00] enabled)
[    0.000000] ACPI: LAPIC (acpi_id[0x01] lapic_id[0x02] disabled)
[    0.000000] ACPI: LAPIC (acpi_id[0x02] lapic_id[0x04] disabled)
[    0.000000] ACPI: LAPIC (acpi_id[0x03] lapic_id[0x06] disabled)
[    0.000000] ACPI: LAPIC (acpi_id[0x04] lapic_id[0x08] disabled)
[    0.000000] ACPI: LAPIC (acpi_id[0x05] lapic_id[0x0a] disabled)
[    0.000000] ACPI: LAPIC (acpi_id[0x06] lapic_id[0x0c] disabled)
[    0.000000] ACPI: LAPIC (acpi_id[0x07] lapic_id[0x0e] disabled)
[    0.000000] ACPI: LAPIC (acpi_id[0x08] lapic_id[0x10] disabled)
[    0.000000] ACPI: LAPIC (acpi_id[0x09] lapic_id[0x12] disabled)
[    0.000000] ACPI: LAPIC (acpi_id[0x0a] lapic_id[0x14] disabled)
[    0.000000] ACPI: LAPIC (acpi_id[0x0b] lapic_id[0x16] disabled)
[    0.000000] ACPI: LAPIC (acpi_id[0x0c] lapic_id[0x18] disabled)
[    0.000000] ACPI: LAPIC (acpi_id[0x0d] lapic_id[0x1a] disabled)
[    0.000000] ACPI: LAPIC (acpi_id[0x0e] lapic_id[0x1c] disabled)
[    0.000000] ACPI: LAPIC (acpi_id[0x0f] lapic_id[0x1e] disabled)
[    0.000000] ACPI: LAPIC (acpi_id[0x10] lapic_id[0x20] disabled)
[    0.000000] ACPI: LAPIC (acpi_id[0x11] lapic_id[0x22] disabled)
[    0.000000] ACPI: LAPIC (acpi_id[0x12] lapic_id[0x24] disabled)
[    0.000000] ACPI: LAPIC (acpi_id[0x13] lapic_id[0x26] disabled)
[    0.000000] ACPI: LAPIC (acpi_id[0x14] lapic_id[0x28] disabled)
[    0.000000] ACPI: LAPIC (acpi_id[0x15] lapic_id[0x2a] disabled)
[    0.000000] ACPI: LAPIC (acpi_id[0x16] lapic_id[0x2c] disabled)
[    0.000000] ACPI: LAPIC (acpi_id[0x17] lapic_id[0x2e] disabled)
[    0.000000] ACPI: LAPIC (acpi_id[0x18] lapic_id[0x30] disabled)
[    0.000000] ACPI: LAPIC (acpi_id[0x19] lapic_id[0x32] disabled)
[    0.000000] ACPI: LAPIC (acpi_id[0x1a] lapic_id[0x34] disabled)
[    0.000000] ACPI: LAPIC (acpi_id[0x1b] lapic_id[0x36] disabled)
[    0.000000] ACPI: LAPIC (acpi_id[0x1c] lapic_id[0x38] disabled)
[    0.000000] ACPI: LAPIC (acpi_id[0x1d] lapic_id[0x3a] disabled)
[    0.000000] ACPI: LAPIC (acpi_id[0x1e] lapic_id[0x3c] disabled)
[    0.000000] ACPI: LAPIC (acpi_id[0x1f] lapic_id[0x3e] disabled)
[    0.000000] ACPI: LAPIC (acpi_id[0x20] lapic_id[0x40] disabled)
[    0.000000] ACPI: LAPIC (acpi_id[0x21] lapic_id[0x42] disabled)
[    0.000000] ACPI: LAPIC (acpi_id[0x22] lapic_id[0x44] disabled)
[    0.000000] ACPI: LAPIC (acpi_id[0x23] lapic_id[0x46] disabled)
[    0.000000] ACPI: LAPIC (acpi_id[0x24] lapic_id[0x48] disabled)
[    0.000000] ACPI: LAPIC (acpi_id[0x25] lapic_id[0x4a] disabled)
[    0.000000] ACPI: LAPIC (acpi_id[0x26] lapic_id[0x4c] disabled)
[    0.000000] ACPI: LAPIC (acpi_id[0x27] lapic_id[0x4e] disabled)
[    0.000000] ACPI: LAPIC (acpi_id[0x28] lapic_id[0x50] disabled)
[    0.000000] ACPI: LAPIC (acpi_id[0x29] lapic_id[0x52] disabled)
[    0.000000] ACPI: LAPIC (acpi_id[0x2a] lapic_id[0x54] disabled)
[    0.000000] ACPI: LAPIC (acpi_id[0x2b] lapic_id[0x56] disabled)
[    0.000000] ACPI: LAPIC (acpi_id[0x2c] lapic_id[0x58] disabled)
[    0.000000] ACPI: LAPIC (acpi_id[0x2d] lapic_id[0x5a] disabled)
[    0.000000] ACPI: LAPIC (acpi_id[0x2e] lapic_id[0x5c] disabled)
[    0.000000] ACPI: LAPIC (acpi_id[0x2f] lapic_id[0x5e] disabled)
[    0.000000] ACPI: LAPIC (acpi_id[0x30] lapic_id[0x60] disabled)
[    0.000000] ACPI: LAPIC (acpi_id[0x31] lapic_id[0x62] disabled)
[    0.000000] ACPI: LAPIC (acpi_id[0x32] lapic_id[0x64] disabled)
[    0.000000] ACPI: LAPIC (acpi_id[0x33] lapic_id[0x66] disabled)
[    0.000000] ACPI: LAPIC (acpi_id[0x34] lapic_id[0x68] disabled)
[    0.000000] ACPI: LAPIC (acpi_id[0x35] lapic_id[0x6a] disabled)
[    0.000000] ACPI: LAPIC (acpi_id[0x36] lapic_id[0x6c] disabled)
[    0.000000] ACPI: LAPIC (acpi_id[0x37] lapic_id[0x6e] disabled)
[    0.000000] ACPI: LAPIC (acpi_id[0x38] lapic_id[0x70] disabled)
[    0.000000] ACPI: LAPIC (acpi_id[0x39] lapic_id[0x72] disabled)
[    0.000000] ACPI: LAPIC (acpi_id[0x3a] lapic_id[0x74] disabled)
[    0.000000] ACPI: LAPIC (acpi_id[0x3b] lapic_id[0x76] disabled)
[    0.000000] ACPI: LAPIC (acpi_id[0x3c] lapic_id[0x78] disabled)
[    0.000000] ACPI: LAPIC (acpi_id[0x3d] lapic_id[0x7a] disabled)
[    0.000000] ACPI: LAPIC (acpi_id[0x3e] lapic_id[0x7c] disabled)
[    0.000000] ACPI: LAPIC (acpi_id[0x3f] lapic_id[0x7e] disabled)
[    0.000000] ACPI: LAPIC_NMI (acpi_id[0x00] high edge lint[0x1])
[    0.000000] ACPI: LAPIC_NMI (acpi_id[0x01] high edge lint[0x1])
[    0.000000] ACPI: LAPIC_NMI (acpi_id[0x02] high edge lint[0x1])
[    0.000000] ACPI: LAPIC_NMI (acpi_id[0x03] high edge lint[0x1])
[    0.000000] ACPI: LAPIC_NMI (acpi_id[0x04] high edge lint[0x1])
[    0.000000] ACPI: LAPIC_NMI (acpi_id[0x05] high edge lint[0x1])
[    0.000000] ACPI: LAPIC_NMI (acpi_id[0x06] high edge lint[0x1])
[    0.000000] ACPI: LAPIC_NMI (acpi_id[0x07] high edge lint[0x1])
[    0.000000] ACPI: LAPIC_NMI (acpi_id[0x08] high edge lint[0x1])
[    0.000000] ACPI: LAPIC_NMI (acpi_id[0x09] high edge lint[0x1])
[    0.000000] ACPI: LAPIC_NMI (acpi_id[0x0a] high edge lint[0x1])
[    0.000000] ACPI: LAPIC_NMI (acpi_id[0x0b] high edge lint[0x1])
[    0.000000] ACPI: LAPIC_NMI (acpi_id[0x0c] high edge lint[0x1])
[    0.000000] ACPI: LAPIC_NMI (acpi_id[0x0d] high edge lint[0x1])
[    0.000000] ACPI: LAPIC_NMI (acpi_id[0x0e] high edge lint[0x1])
[    0.000000] ACPI: LAPIC_NMI (acpi_id[0x0f] high edge lint[0x1])
[    0.000000] ACPI: LAPIC_NMI (acpi_id[0x10] high edge lint[0x1])
[    0.000000] ACPI: LAPIC_NMI (acpi_id[0x11] high edge lint[0x1])
[    0.000000] ACPI: LAPIC_NMI (acpi_id[0x12] high edge lint[0x1])
[    0.000000] ACPI: LAPIC_NMI (acpi_id[0x13] high edge lint[0x1])
[    0.000000] ACPI: LAPIC_NMI (acpi_id[0x14] high edge lint[0x1])
[    0.000000] ACPI: LAPIC_NMI (acpi_id[0x15] high edge lint[0x1])
[    0.000000] ACPI: LAPIC_NMI (acpi_id[0x16] high edge lint[0x1])
[    0.000000] ACPI: LAPIC_NMI (acpi_id[0x17] high edge lint[0x1])
[    0.000000] ACPI: LAPIC_NMI (acpi_id[0x18] high edge lint[0x1])
[    0.000000] ACPI: LAPIC_NMI (acpi_id[0x19] high edge lint[0x1])
[    0.000000] ACPI: LAPIC_NMI (acpi_id[0x1a] high edge lint[0x1])
[    0.000000] ACPI: LAPIC_NMI (acpi_id[0x1b] high edge lint[0x1])
[    0.000000] ACPI: LAPIC_NMI (acpi_id[0x1c] high edge lint[0x1])
[    0.000000] ACPI: LAPIC_NMI (acpi_id[0x1d] high edge lint[0x1])
[    0.000000] ACPI: LAPIC_NMI (acpi_id[0x1e] high edge lint[0x1])
[    0.000000] ACPI: LAPIC_NMI (acpi_id[0x1f] high edge lint[0x1])
[    0.000000] ACPI: LAPIC_NMI (acpi_id[0x20] high edge lint[0x1])
[    0.000000] ACPI: LAPIC_NMI (acpi_id[0x21] high edge lint[0x1])
[    0.000000] ACPI: LAPIC_NMI (acpi_id[0x22] high edge lint[0x1])
[    0.000000] ACPI: LAPIC_NMI (acpi_id[0x23] high edge lint[0x1])
[    0.000000] ACPI: LAPIC_NMI (acpi_id[0x24] high edge lint[0x1])
[    0.000000] ACPI: LAPIC_NMI (acpi_id[0x25] high edge lint[0x1])
[    0.000000] ACPI: LAPIC_NMI (acpi_id[0x26] high edge lint[0x1])
[    0.000000] ACPI: LAPIC_NMI (acpi_id[0x27] high edge lint[0x1])
[    0.000000] ACPI: LAPIC_NMI (acpi_id[0x28] high edge lint[0x1])
[    0.000000] ACPI: LAPIC_NMI (acpi_id[0x29] high edge lint[0x1])
[    0.000000] ACPI: LAPIC_NMI (acpi_id[0x2a] high edge lint[0x1])
[    0.000000] ACPI: LAPIC_NMI (acpi_id[0x2b] high edge lint[0x1])
[    0.000000] ACPI: LAPIC_NMI (acpi_id[0x2c] high edge lint[0x1])
[    0.000000] ACPI: LAPIC_NMI (acpi_id[0x2d] high edge lint[0x1])
[    0.000000] ACPI: LAPIC_NMI (acpi_id[0x2e] high edge lint[0x1])
[    0.000000] ACPI: LAPIC_NMI (acpi_id[0x2f] high edge lint[0x1])
[    0.000000] ACPI: LAPIC_NMI (acpi_id[0x30] high edge lint[0x1])
[    0.000000] ACPI: LAPIC_NMI (acpi_id[0x31] high edge lint[0x1])
[    0.000000] ACPI: LAPIC_NMI (acpi_id[0x32] high edge lint[0x1])
[    0.000000] ACPI: LAPIC_NMI (acpi_id[0x33] high edge lint[0x1])
[    0.000000] ACPI: LAPIC_NMI (acpi_id[0x34] high edge lint[0x1])
[    0.000000] ACPI: LAPIC_NMI (acpi_id[0x35] high edge lint[0x1])
[    0.000000] ACPI: LAPIC_NMI (acpi_id[0x36] high edge lint[0x1])
[    0.000000] ACPI: LAPIC_NMI (acpi_id[0x37] high edge lint[0x1])
[    0.000000] ACPI: LAPIC_NMI (acpi_id[0x38] high edge lint[0x1])
[    0.000000] ACPI: LAPIC_NMI (acpi_id[0x39] high edge lint[0x1])
[    0.000000] ACPI: LAPIC_NMI (acpi_id[0x3a] high edge lint[0x1])
[    0.000000] ACPI: LAPIC_NMI (acpi_id[0x3b] high edge lint[0x1])
[    0.000000] ACPI: LAPIC_NMI (acpi_id[0x3c] high edge lint[0x1])
[    0.000000] ACPI: LAPIC_NMI (acpi_id[0x3d] high edge lint[0x1])
[    0.000000] ACPI: LAPIC_NMI (acpi_id[0x3e] high edge lint[0x1])
[    0.000000] ACPI: LAPIC_NMI (acpi_id[0x3f] high edge lint[0x1])
[    0.000000] ACPI: Skipping IOAPIC probe due to 'noapic' option.
[    0.000000] Using ACPI for processor (LAPIC) configuration information
[    0.000000] ACPI: HPET id: 0x8086af01 base: 0xfed00000
[    0.000000] Intel MultiProcessor Specification v1.4
[    0.000000]     Virtual Wire compatibility mode.
[    0.000000] MPTABLE: OEM ID: INTEL   
[    0.000000] MPTABLE: Product ID: 440BX       
[    0.000000] MPTABLE: APIC at: 0xFEE00000
[    0.000000] I/O APIC #1 Version 17 at 0xFEC00000.
[    0.000000] Processors: 1
[    0.000000] 64 Processors exceeds NR_CPUS limit of 8
[    0.000000] SMP: Allowing 8 CPUs, 7 hotplug CPUs
[    0.000000] nr_irqs_gsi: 24
[    0.000000] PM: Registered nosave memory: 000000000009f000 - 00000000000a0000
[    0.000000] PM: Registered nosave memory: 00000000000a0000 - 00000000000ca000
[    0.000000] PM: Registered nosave memory: 00000000000ca000 - 00000000000cc000
[    0.000000] PM: Registered nosave memory: 00000000000cc000 - 00000000000dc000
[    0.000000] PM: Registered nosave memory: 00000000000dc000 - 0000000000100000
[    0.000000] Allocating PCI resources starting at 40000000 (gap: 40000000:a0000000)
[    0.000000] Booting paravirtualized kernel on bare hardware
[    0.000000] NR_CPUS:8 nr_cpumask_bits:8 nr_cpu_ids:8 nr_node_ids:1
[    0.000000] PERCPU: Embedded 15 pages/cpu @c2400000 s39320 r0 d22120 u262144
[    0.000000] pcpu-alloc: s39320 r0 d22120 u262144 alloc=1*2097152
[    0.000000] pcpu-alloc: [0] 0 1 2 3 4 5 6 7 
[    0.000000] Built 1 zonelists in Zone order, mobility grouping on.  Total pages: 259950
[    0.000000] Kernel command line: BOOT_IMAGE=/boot/vmlinuz-2.6.32.57 root=UUID=007b598c-390d-4c65-84a1-4ff752d48633 ro quiet splash maxcpus=0
[    0.000000] PID hash table entries: 4096 (order: 2, 16384 bytes)
[    0.000000] Dentry cache hash table entries: 131072 (order: 7, 524288 bytes)
[    0.000000] Inode-cache hash table entries: 65536 (order: 6, 262144 bytes)
[    0.000000] Enabling fast FPU save and restore... done.
[    0.000000] Enabling unmasked SIMD FPU exception support... done.
[    0.000000] Initializing CPU#0
[    0.000000] xsave/xrstor: enabled xstate_bv 0x7, cntxt size 0x340
[    0.000000] allocated 5242560 bytes of page_cgroup
[    0.000000] please try 'cgroup_disable=memory' option if you don't want memory cgroups
[    0.000000] Initializing HighMem for node 0 (000379fe:00040000)
[    0.000000] Memory: 938260k/1048576k available (4839k kernel code, 108848k reserved, 2518k data, 652k init, 137096k highmem)
[    0.000000] virtual kernel memory layout:
[    0.000000]     fixmap  : 0xfff1e000 - 0xfffff000   ( 900 kB)
[    0.000000]     pkmap   : 0xffa00000 - 0xffc00000   (2048 kB)
[    0.000000]     vmalloc : 0xf81fe000 - 0xff9fe000   ( 120 MB)
[    0.000000]     lowmem  : 0xc0000000 - 0xf79fe000   ( 889 MB)
[    0.000000]       .init : 0xc1730000 - 0xc17d3000   ( 652 kB)
[    0.000000]       .data : 0xc14b9cce - 0xc172f764   (2518 kB)
[    0.000000]       .text : 0xc1000000 - 0xc14b9cce   (4839 kB)
[    0.000000] Checking if this processor honours the WP bit even in supervisor mode...Ok.
[    0.000000] SLUB: Genslabs=13, HWalign=64, Order=0-3, MinObjects=0, CPUs=8, Nodes=1
[    0.000000] Hierarchical RCU implementation.
[    0.000000] NR_IRQS:2304 nr_irqs:472
[    0.000000] Extended CMOS year: 2000
[    0.000000] Console: colour VGA+ 80x25
[    0.000000] console [tty0] enabled
[    0.000000] hpet clockevent registered
[    0.000000] TSC freq read from hypervisor : 2394.620 MHz
[    0.000000] Detected 2394.620 MHz processor.
[    0.000005] Calibrating delay loop (skipped) preset value.. 4789.24 BogoMIPS (lpj=9578480)
[    0.000019] Security Framework initialized
[    0.000024] SELinux:  Disabled at boot.
[    0.000031] Mount-cache hash table entries: 512
[    0.000181] Initializing cgroup subsys cpuacct
[    0.000186] Initializing cgroup subsys memory
[    0.000192] Initializing cgroup subsys devices
[    0.000194] Initializing cgroup subsys freezer
[    0.000235] CPU: Physical Processor ID: 0
[    0.000246] CPU: L1 I cache: 32K, L1 D cache: 32K
[    0.000248] CPU: L2 cache: 256K
[    0.000249] CPU: L3 cache: 4096K
[    0.000257] mce: CPU supports 0 MCE banks
[    0.000277] Performance Events: no PMU driver, software events only.
[    0.000294] Checking 'hlt' instruction... OK.
[    0.018757] SMP alternatives: switching to UP code
[    0.036391] ACPI: Core revision 20090903
[    0.043764] ACPI: setting ELCR to 0200 (from 0e20)
[    0.044929] ftrace: converting mcount calls to 0f 1f 44 00 00
[    0.044935] ftrace: allocating 22631 entries in 45 pages
[    0.066918] CANARY value: 9bc26ad9 for PID: 1
[    0.066968] Not enabling x2apic, Intr-remapping init failed.
[    0.066971] Enabling APIC mode:  Flat.  Using 1 I/O APICs
[    0.066981] SMP mode deactivated.
[    0.067019] SMP disabled
[    0.067105] Brought up 1 CPUs
[    0.067107] Total of 1 processors activated (4789.24 BogoMIPS).
[    0.067113] CPU0 attaching NULL sched-domain.
[    0.067224] devtmpfs: initialized
[    0.067394] sysctl table check failed: /kernel/random/now_input .1.40.7 Unknown sysctl binary path
[    0.067884] Pid: 1, comm: swapper Not tainted 2.6.32.57 #4
[    0.067885] Call Trace:
[    0.067891]  [<c14a8a0e>] ? printk+0x1d/0x1f
[    0.067896]  [<c107b56f>] set_fail+0x4f/0x60
[    0.067899]  [<c107b8b3>] sysctl_check_table+0x333/0x620
[    0.067903]  [<c107b8cc>] sysctl_check_table+0x34c/0x620
[    0.067906]  [<c107b8cc>] sysctl_check_table+0x34c/0x620
[    0.067911]  [<c1746d48>] sysctl_init+0x25/0x29
[    0.067914]  [<c1003042>] do_one_initcall+0x32/0x1a0
[    0.067918]  [<c1746d23>] ? sysctl_init+0x0/0x29
[    0.067921]  [<c17308e7>] kernel_init+0x12d/0x17a
[    0.067924]  [<c17307ba>] ? kernel_init+0x0/0x17a
[    0.067928]  [<c1009b07>] kernel_thread_helper+0x7/0x10
[    0.067931] sysctl table check failed: /kernel/random/now_blocking .1.40.8 Unknown sysctl binary path
[    0.068278] Pid: 1, comm: swapper Not tainted 2.6.32.57 #4
[    0.068279] Call Trace:
[    0.068282]  [<c14a8a0e>] ? printk+0x1d/0x1f
[    0.068285]  [<c107b56f>] set_fail+0x4f/0x60
[    0.068288]  [<c107b8b3>] sysctl_check_table+0x333/0x620
[    0.068291]  [<c107b8cc>] sysctl_check_table+0x34c/0x620
[    0.068294]  [<c107b8cc>] sysctl_check_table+0x34c/0x620
[    0.068298]  [<c1746d48>] sysctl_init+0x25/0x29
[    0.068301]  [<c1003042>] do_one_initcall+0x32/0x1a0
[    0.068304]  [<c1746d23>] ? sysctl_init+0x0/0x29
[    0.068307]  [<c17308e7>] kernel_init+0x12d/0x17a
[    0.068310]  [<c17307ba>] ? kernel_init+0x0/0x17a
[    0.068313]  [<c1009b07>] kernel_thread_helper+0x7/0x10
[    0.068316] sysctl table check failed: /kernel/random/now_nonblocking .1.40.9 Unknown sysctl binary path
[    0.068697] Pid: 1, comm: swapper Not tainted 2.6.32.57 #4
[    0.068699] Call Trace:
[    0.068702]  [<c14a8a0e>] ? printk+0x1d/0x1f
[    0.068705]  [<c107b56f>] set_fail+0x4f/0x60
[    0.068708]  [<c107b8b3>] sysctl_check_table+0x333/0x620
[    0.068711]  [<c107b8cc>] sysctl_check_table+0x34c/0x620
[    0.068714]  [<c107b8cc>] sysctl_check_table+0x34c/0x620
[    0.068718]  [<c1746d48>] sysctl_init+0x25/0x29
[    0.068720]  [<c1003042>] do_one_initcall+0x32/0x1a0
[    0.068724]  [<c1746d23>] ? sysctl_init+0x0/0x29
[    0.068726]  [<c17308e7>] kernel_init+0x12d/0x17a
[    0.068729]  [<c17307ba>] ? kernel_init+0x0/0x17a
[    0.068732]  [<c1009b07>] kernel_thread_helper+0x7/0x10
[    0.068735] sysctl table check failed: /kernel/random/nb_input_bytes .1.40.10 Unknown sysctl binary path
[    0.069200] Pid: 1, comm: swapper Not tainted 2.6.32.57 #4
[    0.069202] Call Trace:
[    0.069205]  [<c14a8a0e>] ? printk+0x1d/0x1f
[    0.069208]  [<c107b56f>] set_fail+0x4f/0x60
[    0.069211]  [<c107b8b3>] sysctl_check_table+0x333/0x620
[    0.069214]  [<c107b8cc>] sysctl_check_table+0x34c/0x620
[    0.069217]  [<c107b8cc>] sysctl_check_table+0x34c/0x620
[    0.069221]  [<c1746d48>] sysctl_init+0x25/0x29
[    0.069223]  [<c1003042>] do_one_initcall+0x32/0x1a0
[    0.069227]  [<c1746d23>] ? sysctl_init+0x0/0x29
[    0.069230]  [<c17308e7>] kernel_init+0x12d/0x17a
[    0.069232]  [<c17307ba>] ? kernel_init+0x0/0x17a
[    0.069236]  [<c1009b07>] kernel_thread_helper+0x7/0x10
[    0.069239] sysctl table check failed: /kernel/random/nb_stir_count .1.40.11 Unknown sysctl binary path
[    0.069621] Pid: 1, comm: swapper Not tainted 2.6.32.57 #4
[    0.069622] Call Trace:
[    0.069625]  [<c14a8a0e>] ? printk+0x1d/0x1f
[    0.069628]  [<c107b56f>] set_fail+0x4f/0x60
[    0.069631]  [<c107b8b3>] sysctl_check_table+0x333/0x620
[    0.069634]  [<c107b8cc>] sysctl_check_table+0x34c/0x620
[    0.069637]  [<c107b8cc>] sysctl_check_table+0x34c/0x620
[    0.069641]  [<c1746d48>] sysctl_init+0x25/0x29
[    0.069643]  [<c1003042>] do_one_initcall+0x32/0x1a0
[    0.069647]  [<c1746d23>] ? sysctl_init+0x0/0x29
[    0.069649]  [<c17308e7>] kernel_init+0x12d/0x17a
[    0.069652]  [<c17307ba>] ? kernel_init+0x0/0x17a
[    0.069655]  [<c1009b07>] kernel_thread_helper+0x7/0x10
[    0.069658] sysctl table check failed: /kernel/random/nb_reentry_count .1.40.12 Unknown sysctl binary path
[    0.070069] Pid: 1, comm: swapper Not tainted 2.6.32.57 #4
[    0.070070] Call Trace:
[    0.070073]  [<c14a8a0e>] ? printk+0x1d/0x1f
[    0.070076]  [<c107b56f>] set_fail+0x4f/0x60
[    0.070079]  [<c107b8b3>] sysctl_check_table+0x333/0x620
[    0.070082]  [<c107b8cc>] sysctl_check_table+0x34c/0x620
[    0.070085]  [<c107b8cc>] sysctl_check_table+0x34c/0x620
[    0.070089]  [<c1746d48>] sysctl_init+0x25/0x29
[    0.070092]  [<c1003042>] do_one_initcall+0x32/0x1a0
[    0.070095]  [<c1746d23>] ? sysctl_init+0x0/0x29
[    0.070098]  [<c17308e7>] kernel_init+0x12d/0x17a
[    0.070101]  [<c17307ba>] ? kernel_init+0x0/0x17a
[    0.070104]  [<c1009b07>] kernel_thread_helper+0x7/0x10
[    0.070326] RANDOM - __seed init called.
[    0.070327] RANDOM - __seed init called.
[    0.070329] RANDOM - __seed init called.
[    0.070331] RANDOM - __random32 called. Change num 1.  Value: a80d136a	404c45a2	eeeb6229
[    0.070333] RANDOM - __random32 called. Change num 2.  Value: d136a14c	4c45a20	c453360e
[    0.070336] RANDOM - __random32 called. Change num 3.  Value: 6a14c0a3	4c45a20b	6c1cd950
[    0.070338] RANDOM - __random32 called. Change num 4.  Value: 4c0a3e40	c45a20be	b2a19f42
[    0.070340] RANDOM - __random32 called. Change num 5.  Value: a3e40178	45a20bea	3e84f5ac
[    0.070343] RANDOM - __random32 called. Change num 6.  Value: 40178479	5a20bea9	eb59546b
[    0.070345] RANDOM - random32 init called.  Value: 40178479	5a20bea9	eb59546b
[    0.070357] regulator: core version 0.5
[    0.070449] Time: 23:15:18  Date: 05/24/13
[    0.070512] NET: Registered protocol family 16
[    0.070646] EISA bus registered
[    0.072220] ACPI: bus type pci registered
[    0.072375] PCI: MCFG configuration 0: base e0000000 segment 0 buses 0 - 255
[    0.072378] PCI: MCFG area at e0000000 reserved in E820
[    0.072380] PCI: Using MMCONFIG for extended config space
[    0.072382] PCI: Using configuration type 1 for base access
[    0.073260] bio: create slab <bio-0> at 0
[    0.075430] ACPI: EC: Look up EC in DSDT
[    0.131468] ACPI: BIOS _OSI(Linux) query ignored
[    0.138775] ACPI: Interpreter enabled
[    0.138781] ACPI: (supports S0 S1 S4 S5)
[    0.138800] ACPI: Using PIC for interrupt routing
[    0.249982] ACPI: No dock devices found.
[    0.251027] ACPI: PCI Root Bridge [PCI0] (0000:00)
[    0.252972] pci 0000:00:07.1: reg 20 io port: [0x10c0-0x10cf]
[    0.253541] pci 0000:00:07.3: quirk: region 1000-103f claimed by PIIX4 ACPI
[    0.253560] pci 0000:00:07.3: quirk: region 1040-104f claimed by PIIX4 SMB
[    0.254149] pci 0000:00:07.7: reg 10 io port: [0x1080-0x10bf]
[    0.254570] pci 0000:00:07.7: reg 14 64bit mmio: [0xc8000000-0xc8001fff]
[    0.255774] pci 0000:00:0f.0: reg 10 io port: [0x10d0-0x10df]
[    0.255815] pci 0000:00:0f.0: reg 14 32bit mmio pref: [0xd0000000-0xd7ffffff]
[    0.255854] pci 0000:00:0f.0: reg 18 32bit mmio: [0xc8800000-0xc8ffffff]
[    0.256000] pci 0000:00:0f.0: reg 30 32bit mmio pref: [0x000000-0x007fff]
[    0.256537] pci 0000:00:10.0: reg 10 io port: [0x1400-0x14ff]
[    0.256923] pci 0000:00:10.0: reg 14 64bit mmio: [0xc8040000-0xc805ffff]
[    0.257292] pci 0000:00:10.0: reg 1c 64bit mmio: [0xc8020000-0xc803ffff]
[    0.257368] pci 0000:00:10.0: reg 30 32bit mmio pref: [0x000000-0x003fff]
[    0.258766] pci 0000:00:15.0: PME# supported from D0 D3hot D3cold
[    0.258787] pci 0000:00:15.0: PME# disabled
[    0.259654] pci 0000:00:15.1: PME# supported from D0 D3hot D3cold
[    0.259674] pci 0000:00:15.1: PME# disabled
[    0.260538] pci 0000:00:15.2: PME# supported from D0 D3hot D3cold
[    0.260558] pci 0000:00:15.2: PME# disabled
[    0.261425] pci 0000:00:15.3: PME# supported from D0 D3hot D3cold
[    0.261446] pci 0000:00:15.3: PME# disabled
[    0.262300] pci 0000:00:15.4: PME# supported from D0 D3hot D3cold
[    0.262320] pci 0000:00:15.4: PME# disabled
[    0.263186] pci 0000:00:15.5: PME# supported from D0 D3hot D3cold
[    0.263206] pci 0000:00:15.5: PME# disabled
[    0.264328] pci 0000:00:15.6: PME# supported from D0 D3hot D3cold
[    0.264367] pci 0000:00:15.6: PME# disabled
[    0.265285] pci 0000:00:15.7: PME# supported from D0 D3hot D3cold
[    0.265305] pci 0000:00:15.7: PME# disabled
[    0.266203] pci 0000:00:16.0: PME# supported from D0 D3hot D3cold
[    0.266222] pci 0000:00:16.0: PME# disabled
[    0.267052] pci 0000:00:16.1: PME# supported from D0 D3hot D3cold
[    0.267071] pci 0000:00:16.1: PME# disabled
[    0.267992] pci 0000:00:16.2: PME# supported from D0 D3hot D3cold
[    0.268020] pci 0000:00:16.2: PME# disabled
[    0.269059] pci 0000:00:16.3: PME# supported from D0 D3hot D3cold
[    0.269081] pci 0000:00:16.3: PME# disabled
[    0.270046] pci 0000:00:16.4: PME# supported from D0 D3hot D3cold
[    0.270065] pci 0000:00:16.4: PME# disabled
[    0.270945] pci 0000:00:16.5: PME# supported from D0 D3hot D3cold
[    0.270965] pci 0000:00:16.5: PME# disabled
[    0.271878] pci 0000:00:16.6: PME# supported from D0 D3hot D3cold
[    0.271899] pci 0000:00:16.6: PME# disabled
[    0.272783] pci 0000:00:16.7: PME# supported from D0 D3hot D3cold
[    0.272804] pci 0000:00:16.7: PME# disabled
[    0.273670] pci 0000:00:17.0: PME# supported from D0 D3hot D3cold
[    0.273690] pci 0000:00:17.0: PME# disabled
[    0.274551] pci 0000:00:17.1: PME# supported from D0 D3hot D3cold
[    0.274571] pci 0000:00:17.1: PME# disabled
[    0.275426] pci 0000:00:17.2: PME# supported from D0 D3hot D3cold
[    0.275446] pci 0000:00:17.2: PME# disabled
[    0.276337] pci 0000:00:17.3: PME# supported from D0 D3hot D3cold
[    0.276357] pci 0000:00:17.3: PME# disabled
[    0.277220] pci 0000:00:17.4: PME# supported from D0 D3hot D3cold
[    0.277240] pci 0000:00:17.4: PME# disabled
[    0.278098] pci 0000:00:17.5: PME# supported from D0 D3hot D3cold
[    0.278118] pci 0000:00:17.5: PME# disabled
[    0.278986] pci 0000:00:17.6: PME# supported from D0 D3hot D3cold
[    0.279006] pci 0000:00:17.6: PME# disabled
[    0.280059] pci 0000:00:17.7: PME# supported from D0 D3hot D3cold
[    0.280090] pci 0000:00:17.7: PME# disabled
[    0.281185] pci 0000:00:18.0: PME# supported from D0 D3hot D3cold
[    0.281206] pci 0000:00:18.0: PME# disabled
[    0.282251] pci 0000:00:18.1: PME# supported from D0 D3hot D3cold
[    0.282279] pci 0000:00:18.1: PME# disabled
[    0.283290] pci 0000:00:18.2: PME# supported from D0 D3hot D3cold
[    0.283313] pci 0000:00:18.2: PME# disabled
[    0.284353] pci 0000:00:18.3: PME# supported from D0 D3hot D3cold
[    0.284376] pci 0000:00:18.3: PME# disabled
[    0.285479] pci 0000:00:18.4: PME# supported from D0 D3hot D3cold
[    0.285505] pci 0000:00:18.4: PME# disabled
[    0.286460] pci 0000:00:18.5: PME# supported from D0 D3hot D3cold
[    0.286509] pci 0000:00:18.5: PME# disabled
[    0.287589] pci 0000:00:18.6: PME# supported from D0 D3hot D3cold
[    0.287621] pci 0000:00:18.6: PME# disabled
[    0.288711] pci 0000:00:18.7: PME# supported from D0 D3hot D3cold
[    0.288734] pci 0000:00:18.7: PME# disabled
[    0.289844] pci 0000:02:00.0: reg 20 io port: [0x20c0-0x20df]
[    0.290337] pci 0000:02:01.0: reg 10 io port: [0x2000-0x207f]
[    0.290561] pci 0000:02:01.0: reg 30 32bit mmio pref: [0x000000-0x00ffff]
[    0.291112] pci 0000:02:02.0: reg 10 io port: [0x2080-0x20bf]
[    0.291731] pci 0000:02:03.0: reg 10 32bit mmio: [0xc9000000-0xc9000fff]
[    0.292291] pci 0000:00:11.0: transparent bridge
[    0.292311] pci 0000:00:11.0: bridge io port: [0x2000-0x3fff]
[    0.292332] pci 0000:00:11.0: bridge 32bit mmio: [0xc9000000-0xca3fffff]
[    0.292370] pci 0000:00:11.0: bridge 64bit mmio pref: [0xd8400000-0xd89fffff]
[    0.292832] pci 0000:00:15.0: bridge io port: [0x4000-0x4fff]
[    0.292852] pci 0000:00:15.0: bridge 32bit mmio: [0xca400000-0xca4fffff]
[    0.292888] pci 0000:00:15.0: bridge 64bit mmio pref: [0xd8a00000-0xd8afffff]
[    0.293228] pci 0000:00:15.1: bridge io port: [0x8000-0x8fff]
[    0.293247] pci 0000:00:15.1: bridge 32bit mmio: [0xca800000-0xca8fffff]
[    0.293283] pci 0000:00:15.1: bridge 64bit mmio pref: [0xd8e00000-0xd8efffff]
[    0.293796] pci 0000:00:15.2: bridge io port: [0xc000-0xcfff]
[    0.293823] pci 0000:00:15.2: bridge 32bit mmio: [0xcac00000-0xcacfffff]
[    0.293872] pci 0000:00:15.2: bridge 64bit mmio pref: [0xd9200000-0xd92fffff]
[    0.294311] pci 0000:00:15.3: bridge 32bit mmio: [0xcb000000-0xcb0fffff]
[    0.294350] pci 0000:00:15.3: bridge 64bit mmio pref: [0xd9600000-0xd96fffff]
[    0.294740] pci 0000:00:15.4: bridge 32bit mmio: [0xcb400000-0xcb4fffff]
[    0.294778] pci 0000:00:15.4: bridge 64bit mmio pref: [0xd9a00000-0xd9afffff]
[    0.295155] pci 0000:00:15.5: bridge 32bit mmio: [0xcb800000-0xcb8fffff]
[    0.295193] pci 0000:00:15.5: bridge 64bit mmio pref: [0xd9e00000-0xd9efffff]
[    0.295588] pci 0000:00:15.6: bridge 32bit mmio: [0xcbc00000-0xcbcfffff]
[    0.295627] pci 0000:00:15.6: bridge 64bit mmio pref: [0xda200000-0xda2fffff]
[    0.296004] pci 0000:00:15.7: bridge 32bit mmio: [0xcc000000-0xcc0fffff]
[    0.296043] pci 0000:00:15.7: bridge 64bit mmio pref: [0xda600000-0xda6fffff]
[    0.296401] pci 0000:00:16.0: bridge io port: [0x5000-0x5fff]
[    0.296421] pci 0000:00:16.0: bridge 32bit mmio: [0xca500000-0xca5fffff]
[    0.296468] pci 0000:00:16.0: bridge 64bit mmio pref: [0xd8b00000-0xd8bfffff]
[    0.296827] pci 0000:00:16.1: bridge io port: [0x9000-0x9fff]
[    0.296848] pci 0000:00:16.1: bridge 32bit mmio: [0xca900000-0xca9fffff]
[    0.296886] pci 0000:00:16.1: bridge 64bit mmio pref: [0xd8f00000-0xd8ffffff]
[    0.297247] pci 0000:00:16.2: bridge io port: [0xd000-0xdfff]
[    0.297267] pci 0000:00:16.2: bridge 32bit mmio: [0xcad00000-0xcadfffff]
[    0.297305] pci 0000:00:16.2: bridge 64bit mmio pref: [0xd9300000-0xd93fffff]
[    0.297691] pci 0000:00:16.3: bridge 32bit mmio: [0xcb100000-0xcb1fffff]
[    0.297730] pci 0000:00:16.3: bridge 64bit mmio pref: [0xd9700000-0xd97fffff]
[    0.298107] pci 0000:00:16.4: bridge 32bit mmio: [0xcb500000-0xcb5fffff]
[    0.298145] pci 0000:00:16.4: bridge 64bit mmio pref: [0xd9b00000-0xd9bfffff]
[    0.298531] pci 0000:00:16.5: bridge 32bit mmio: [0xcb900000-0xcb9fffff]
[    0.298569] pci 0000:00:16.5: bridge 64bit mmio pref: [0xd9f00000-0xd9ffffff]
[    0.298944] pci 0000:00:16.6: bridge 32bit mmio: [0xcbd00000-0xcbdfffff]
[    0.298983] pci 0000:00:16.6: bridge 64bit mmio pref: [0xda300000-0xda3fffff]
[    0.299357] pci 0000:00:16.7: bridge 32bit mmio: [0xcc100000-0xcc1fffff]
[    0.299395] pci 0000:00:16.7: bridge 64bit mmio pref: [0xda700000-0xda7fffff]
[    0.299771] pci 0000:00:17.0: bridge io port: [0x6000-0x6fff]
[    0.299791] pci 0000:00:17.0: bridge 32bit mmio: [0xca600000-0xca6fffff]
[    0.299829] pci 0000:00:17.0: bridge 64bit mmio pref: [0xd8c00000-0xd8cfffff]
[    0.300188] pci 0000:00:17.1: bridge io port: [0xa000-0xafff]
[    0.300208] pci 0000:00:17.1: bridge 32bit mmio: [0xcaa00000-0xcaafffff]
[    0.300246] pci 0000:00:17.1: bridge 64bit mmio pref: [0xd9000000-0xd90fffff]
[    0.300612] pci 0000:00:17.2: bridge io port: [0xe000-0xefff]
[    0.300632] pci 0000:00:17.2: bridge 32bit mmio: [0xcae00000-0xcaefffff]
[    0.300671] pci 0000:00:17.2: bridge 64bit mmio pref: [0xd9400000-0xd94fffff]
[    0.301046] pci 0000:00:17.3: bridge 32bit mmio: [0xcb200000-0xcb2fffff]
[    0.301085] pci 0000:00:17.3: bridge 64bit mmio pref: [0xd9800000-0xd98fffff]
[    0.301460] pci 0000:00:17.4: bridge 32bit mmio: [0xcb600000-0xcb6fffff]
[    0.301498] pci 0000:00:17.4: bridge 64bit mmio pref: [0xd9c00000-0xd9cfffff]
[    0.301874] pci 0000:00:17.5: bridge 32bit mmio: [0xcba00000-0xcbafffff]
[    0.301912] pci 0000:00:17.5: bridge 64bit mmio pref: [0xda000000-0xda0fffff]
[    0.302288] pci 0000:00:17.6: bridge 32bit mmio: [0xcbe00000-0xcbefffff]
[    0.302326] pci 0000:00:17.6: bridge 64bit mmio pref: [0xda400000-0xda4fffff]
[    0.302722] pci 0000:00:17.7: bridge 32bit mmio: [0xcc200000-0xcc2fffff]
[    0.302760] pci 0000:00:17.7: bridge 64bit mmio pref: [0xda800000-0xda8fffff]
[    0.303119] pci 0000:00:18.0: bridge io port: [0x7000-0x7fff]
[    0.303139] pci 0000:00:18.0: bridge 32bit mmio: [0xca700000-0xca7fffff]
[    0.303177] pci 0000:00:18.0: bridge 64bit mmio pref: [0xd8d00000-0xd8dfffff]
[    0.303550] pci 0000:00:18.1: bridge io port: [0xb000-0xbfff]
[    0.303570] pci 0000:00:18.1: bridge 32bit mmio: [0xcab00000-0xcabfffff]
[    0.303608] pci 0000:00:18.1: bridge 64bit mmio pref: [0xd9100000-0xd91fffff]
[    0.303968] pci 0000:00:18.2: bridge io port: [0xf000-0xffff]
[    0.303988] pci 0000:00:18.2: bridge 32bit mmio: [0xcaf00000-0xcaffffff]
[    0.304026] pci 0000:00:18.2: bridge 64bit mmio pref: [0xd9500000-0xd95fffff]
[    0.304403] pci 0000:00:18.3: bridge 32bit mmio: [0xcb300000-0xcb3fffff]
[    0.304448] pci 0000:00:18.3: bridge 64bit mmio pref: [0xd9900000-0xd99fffff]
[    0.304825] pci 0000:00:18.4: bridge 32bit mmio: [0xcb700000-0xcb7fffff]
[    0.304863] pci 0000:00:18.4: bridge 64bit mmio pref: [0xd9d00000-0xd9dfffff]
[    0.305237] pci 0000:00:18.5: bridge 32bit mmio: [0xcbb00000-0xcbbfffff]
[    0.305276] pci 0000:00:18.5: bridge 64bit mmio pref: [0xda100000-0xda1fffff]
[    0.305659] pci 0000:00:18.6: bridge 32bit mmio: [0xcbf00000-0xcbffffff]
[    0.305697] pci 0000:00:18.6: bridge 64bit mmio pref: [0xda500000-0xda5fffff]
[    0.306072] pci 0000:00:18.7: bridge 32bit mmio: [0xcc300000-0xcc3fffff]
[    0.306110] pci 0000:00:18.7: bridge 64bit mmio pref: [0xda900000-0xda9fffff]
[    0.307599] pci_bus 0000:00: on NUMA node 0
[    0.307608] ACPI: PCI Interrupt Routing Table [\_SB_.PCI0._PRT]
[    0.541088] ACPI: PCI Interrupt Link [LNKA] (IRQs 3 4 5 6 7 *9 10 11 14 15)
[    0.541245] ACPI: PCI Interrupt Link [LNKB] (IRQs 3 4 5 6 7 9 10 *11 14 15)
[    0.541396] ACPI: PCI Interrupt Link [LNKC] (IRQs 3 4 5 6 7 9 *10 11 14 15)
[    0.541545] ACPI: PCI Interrupt Link [LNKD] (IRQs 3 4 *5 6 7 9 10 11 14 15)
[    0.541680] vgaarb: device added: PCI:0000:00:0f.0,decodes=io+mem,owns=io+mem,locks=none
[    0.541691] vgaarb: loaded
[    0.541779] SCSI subsystem initialized
[    0.541823] libata version 3.00 loaded.
[    0.541863] usbcore: registered new interface driver usbfs
[    0.541875] usbcore: registered new interface driver hub
[    0.541891] usbcore: registered new device driver usb
[    0.541958] PCI: Using ACPI for IRQ routing
[    0.542933] NetLabel: Initializing
[    0.542934] NetLabel:  domain hash size = 128
[    0.542935] NetLabel:  protocols = UNLABELED CIPSOv4
[    0.542942] NetLabel:  unlabeled traffic allowed by default
[    0.542980] hpet0: at MMIO 0xfed00000, IRQs 2, 8, 0, 0, 0, 0, 0, 0, 0, 0, 0, 0, 0, 0, 0, 0
[    0.542986] hpet0: 16 comparators, 64-bit 14.318180 MHz counter
[    0.546028] Switching to clocksource tsc
[    0.553152] pnp: PnP ACPI init
[    0.553164] ACPI: bus type pnp registered
[    0.596203] pnp: PnP ACPI: found 14 devices
[    0.596206] ACPI: ACPI bus type pnp unregistered
[    0.596209] PnPBIOS: Disabled by ACPI PNP
[    0.596224] system 00:01: ioport range 0x1000-0x103f has been reserved
[    0.596226] system 00:01: ioport range 0x1040-0x104f has been reserved
[    0.596228] system 00:01: ioport range 0xcf0-0xcf1 has been reserved
[    0.596235] system 00:08: iomem range 0xfed00000-0xfed003ff has been reserved
[    0.596239] system 00:0d: ioport range 0x1060-0x107f has been reserved
[    0.596242] system 00:0d: iomem range 0xe0000000-0xefffffff has been reserved
[    0.596243] system 00:0d: iomem range 0xc8200000-0xc83fffff has been reserved
[    0.631014] pci 0000:00:15.3: BAR 13: can't allocate I/O resource [0x10000-0xffff]
[    0.631019] pci 0000:00:15.4: BAR 13: can't allocate I/O resource [0x10000-0xffff]
[    0.631022] pci 0000:00:15.5: BAR 13: can't allocate I/O resource [0x10000-0xffff]
[    0.631024] pci 0000:00:15.6: BAR 13: can't allocate I/O resource [0x10000-0xffff]
[    0.631027] pci 0000:00:15.7: BAR 13: can't allocate I/O resource [0x10000-0xffff]
[    0.631030] pci 0000:00:16.3: BAR 13: can't allocate I/O resource [0x10000-0xffff]
[    0.631033] pci 0000:00:16.4: BAR 13: can't allocate I/O resource [0x10000-0xffff]
[    0.631036] pci 0000:00:16.5: BAR 13: can't allocate I/O resource [0x10000-0xffff]
[    0.631039] pci 0000:00:16.6: BAR 13: can't allocate I/O resource [0x10000-0xffff]
[    0.631041] pci 0000:00:16.7: BAR 13: can't allocate I/O resource [0x10000-0xffff]
[    0.631044] pci 0000:00:17.3: BAR 13: can't allocate I/O resource [0x10000-0xffff]
[    0.631047] pci 0000:00:17.4: BAR 13: can't allocate I/O resource [0x10000-0xffff]
[    0.631050] pci 0000:00:17.5: BAR 13: can't allocate I/O resource [0x10000-0xffff]
[    0.631053] pci 0000:00:17.6: BAR 13: can't allocate I/O resource [0x10000-0xffff]
[    0.631055] pci 0000:00:17.7: BAR 13: can't allocate I/O resource [0x10000-0xffff]
[    0.631058] pci 0000:00:18.3: BAR 13: can't allocate I/O resource [0x10000-0xffff]
[    0.631061] pci 0000:00:18.4: BAR 13: can't allocate I/O resource [0x10000-0xffff]
[    0.631064] pci 0000:00:18.5: BAR 13: can't allocate I/O resource [0x10000-0xffff]
[    0.631067] pci 0000:00:18.6: BAR 13: can't allocate I/O resource [0x10000-0xffff]
[    0.631070] pci 0000:00:18.7: BAR 13: can't allocate I/O resource [0x10000-0xffff]
[    0.631072] pci 0000:00:01.0: PCI bridge, secondary bus 0000:01
[    0.631074] pci 0000:00:01.0:   IO window: disabled
[    0.631104] pci 0000:00:01.0:   MEM window: disabled
[    0.631125] pci 0000:00:01.0:   PREFETCH window: disabled
[    0.631165] pci 0000:00:11.0: PCI bridge, secondary bus 0000:02
[    0.631177] pci 0000:00:11.0:   IO window: 0x2000-0x3fff
[    0.631206] pci 0000:00:11.0:   MEM window: 0xc9000000-0xca3fffff
[    0.631227] pci 0000:00:11.0:   PREFETCH window: 0x000000d8400000-0x000000d89fffff
[    0.631266] pci 0000:00:15.0: PCI bridge, secondary bus 0000:03
[    0.631277] pci 0000:00:15.0:   IO window: 0x4000-0x4fff
[    0.631317] pci 0000:00:15.0:   MEM window: 0xca400000-0xca4fffff
[    0.631337] pci 0000:00:15.0:   PREFETCH window: 0x000000d8a00000-0x000000d8afffff
[    0.631389] pci 0000:00:15.1: PCI bridge, secondary bus 0000:04
[    0.631401] pci 0000:00:15.1:   IO window: 0x8000-0x8fff
[    0.631431] pci 0000:00:15.1:   MEM window: 0xca800000-0xca8fffff
[    0.631452] pci 0000:00:15.1:   PREFETCH window: 0x000000d8e00000-0x000000d8efffff
[    0.631495] pci 0000:00:15.2: PCI bridge, secondary bus 0000:05
[    0.631506] pci 0000:00:15.2:   IO window: 0xc000-0xcfff
[    0.631536] pci 0000:00:15.2:   MEM window: 0xcac00000-0xcacfffff
[    0.631557] pci 0000:00:15.2:   PREFETCH window: 0x000000d9200000-0x000000d92fffff
[    0.631600] pci 0000:00:15.3: PCI bridge, secondary bus 0000:06
[    0.631601] pci 0000:00:15.3:   IO window: disabled
[    0.631631] pci 0000:00:15.3:   MEM window: 0xcb000000-0xcb0fffff
[    0.631652] pci 0000:00:15.3:   PREFETCH window: 0x000000d9600000-0x000000d96fffff
[    0.631694] pci 0000:00:15.4: PCI bridge, secondary bus 0000:07
[    0.631696] pci 0000:00:15.4:   IO window: disabled
[    0.631725] pci 0000:00:15.4:   MEM window: 0xcb400000-0xcb4fffff
[    0.631746] pci 0000:00:15.4:   PREFETCH window: 0x000000d9a00000-0x000000d9afffff
[    0.631788] pci 0000:00:15.5: PCI bridge, secondary bus 0000:08
[    0.631790] pci 0000:00:15.5:   IO window: disabled
[    0.631820] pci 0000:00:15.5:   MEM window: 0xcb800000-0xcb8fffff
[    0.631841] pci 0000:00:15.5:   PREFETCH window: 0x000000d9e00000-0x000000d9efffff
[    0.631883] pci 0000:00:15.6: PCI bridge, secondary bus 0000:09
[    0.631885] pci 0000:00:15.6:   IO window: disabled
[    0.631915] pci 0000:00:15.6:   MEM window: 0xcbc00000-0xcbcfffff
[    0.631935] pci 0000:00:15.6:   PREFETCH window: 0x000000da200000-0x000000da2fffff
[    0.631978] pci 0000:00:15.7: PCI bridge, secondary bus 0000:0a
[    0.631979] pci 0000:00:15.7:   IO window: disabled
[    0.632009] pci 0000:00:15.7:   MEM window: 0xcc000000-0xcc0fffff
[    0.632030] pci 0000:00:15.7:   PREFETCH window: 0x000000da600000-0x000000da6fffff
[    0.632072] pci 0000:00:16.0: PCI bridge, secondary bus 0000:0b
[    0.632084] pci 0000:00:16.0:   IO window: 0x5000-0x5fff
[    0.632114] pci 0000:00:16.0:   MEM window: 0xca500000-0xca5fffff
[    0.632134] pci 0000:00:16.0:   PREFETCH window: 0x000000d8b00000-0x000000d8bfffff
[    0.632177] pci 0000:00:16.1: PCI bridge, secondary bus 0000:0c
[    0.632189] pci 0000:00:16.1:   IO window: 0x9000-0x9fff
[    0.632219] pci 0000:00:16.1:   MEM window: 0xca900000-0xca9fffff
[    0.632239] pci 0000:00:16.1:   PREFETCH window: 0x000000d8f00000-0x000000d8ffffff
[    0.632282] pci 0000:00:16.2: PCI bridge, secondary bus 0000:0d
[    0.632302] pci 0000:00:16.2:   IO window: 0xd000-0xdfff
[    0.632333] pci 0000:00:16.2:   MEM window: 0xcad00000-0xcadfffff
[    0.632353] pci 0000:00:16.2:   PREFETCH window: 0x000000d9300000-0x000000d93fffff
[    0.632396] pci 0000:00:16.3: PCI bridge, secondary bus 0000:0e
[    0.632398] pci 0000:00:16.3:   IO window: disabled
[    0.632428] pci 0000:00:16.3:   MEM window: 0xcb100000-0xcb1fffff
[    0.632448] pci 0000:00:16.3:   PREFETCH window: 0x000000d9700000-0x000000d97fffff
[    0.632491] pci 0000:00:16.4: PCI bridge, secondary bus 0000:0f
[    0.632493] pci 0000:00:16.4:   IO window: disabled
[    0.632522] pci 0000:00:16.4:   MEM window: 0xcb500000-0xcb5fffff
[    0.632543] pci 0000:00:16.4:   PREFETCH window: 0x000000d9b00000-0x000000d9bfffff
[    0.632585] pci 0000:00:16.5: PCI bridge, secondary bus 0000:10
[    0.632587] pci 0000:00:16.5:   IO window: disabled
[    0.632617] pci 0000:00:16.5:   MEM window: 0xcb900000-0xcb9fffff
[    0.632637] pci 0000:00:16.5:   PREFETCH window: 0x000000d9f00000-0x000000d9ffffff
[    0.632680] pci 0000:00:16.6: PCI bridge, secondary bus 0000:11
[    0.632682] pci 0000:00:16.6:   IO window: disabled
[    0.632711] pci 0000:00:16.6:   MEM window: 0xcbd00000-0xcbdfffff
[    0.632732] pci 0000:00:16.6:   PREFETCH window: 0x000000da300000-0x000000da3fffff
[    0.632774] pci 0000:00:16.7: PCI bridge, secondary bus 0000:12
[    0.632776] pci 0000:00:16.7:   IO window: disabled
[    0.632806] pci 0000:00:16.7:   MEM window: 0xcc100000-0xcc1fffff
[    0.632827] pci 0000:00:16.7:   PREFETCH window: 0x000000da700000-0x000000da7fffff
[    0.632869] pci 0000:00:17.0: PCI bridge, secondary bus 0000:13
[    0.632881] pci 0000:00:17.0:   IO window: 0x6000-0x6fff
[    0.632911] pci 0000:00:17.0:   MEM window: 0xca600000-0xca6fffff
[    0.632931] pci 0000:00:17.0:   PREFETCH window: 0x000000d8c00000-0x000000d8cfffff
[    0.632974] pci 0000:00:17.1: PCI bridge, secondary bus 0000:14
[    0.632985] pci 0000:00:17.1:   IO window: 0xa000-0xafff
[    0.633015] pci 0000:00:17.1:   MEM window: 0xcaa00000-0xcaafffff
[    0.633036] pci 0000:00:17.1:   PREFETCH window: 0x000000d9000000-0x000000d90fffff
[    0.633078] pci 0000:00:17.2: PCI bridge, secondary bus 0000:15
[    0.633090] pci 0000:00:17.2:   IO window: 0xe000-0xefff
[    0.633120] pci 0000:00:17.2:   MEM window: 0xcae00000-0xcaefffff
[    0.633140] pci 0000:00:17.2:   PREFETCH window: 0x000000d9400000-0x000000d94fffff
[    0.633183] pci 0000:00:17.3: PCI bridge, secondary bus 0000:16
[    0.633184] pci 0000:00:17.3:   IO window: disabled
[    0.633214] pci 0000:00:17.3:   MEM window: 0xcb200000-0xcb2fffff
[    0.633235] pci 0000:00:17.3:   PREFETCH window: 0x000000d9800000-0x000000d98fffff
[    0.633277] pci 0000:00:17.4: PCI bridge, secondary bus 0000:17
[    0.633279] pci 0000:00:17.4:   IO window: disabled
[    0.633313] pci 0000:00:17.4:   MEM window: 0xcb600000-0xcb6fffff
[    0.633334] pci 0000:00:17.4:   PREFETCH window: 0x000000d9c00000-0x000000d9cfffff
[    0.633377] pci 0000:00:17.5: PCI bridge, secondary bus 0000:18
[    0.633379] pci 0000:00:17.5:   IO window: disabled
[    0.633443] pci 0000:00:17.5:   MEM window: 0xcba00000-0xcbafffff
[    0.633464] pci 0000:00:17.5:   PREFETCH window: 0x000000da000000-0x000000da0fffff
[    0.633508] pci 0000:00:17.6: PCI bridge, secondary bus 0000:19
[    0.633510] pci 0000:00:17.6:   IO window: disabled
[    0.633540] pci 0000:00:17.6:   MEM window: 0xcbe00000-0xcbefffff
[    0.633560] pci 0000:00:17.6:   PREFETCH window: 0x000000da400000-0x000000da4fffff
[    0.633603] pci 0000:00:17.7: PCI bridge, secondary bus 0000:1a
[    0.633604] pci 0000:00:17.7:   IO window: disabled
[    0.633634] pci 0000:00:17.7:   MEM window: 0xcc200000-0xcc2fffff
[    0.633655] pci 0000:00:17.7:   PREFETCH window: 0x000000da800000-0x000000da8fffff
[    0.633697] pci 0000:00:18.0: PCI bridge, secondary bus 0000:1b
[    0.633709] pci 0000:00:18.0:   IO window: 0x7000-0x7fff
[    0.633739] pci 0000:00:18.0:   MEM window: 0xca700000-0xca7fffff
[    0.633760] pci 0000:00:18.0:   PREFETCH window: 0x000000d8d00000-0x000000d8dfffff
[    0.633802] pci 0000:00:18.1: PCI bridge, secondary bus 0000:1c
[    0.633814] pci 0000:00:18.1:   IO window: 0xb000-0xbfff
[    0.633844] pci 0000:00:18.1:   MEM window: 0xcab00000-0xcabfffff
[    0.633864] pci 0000:00:18.1:   PREFETCH window: 0x000000d9100000-0x000000d91fffff
[    0.633907] pci 0000:00:18.2: PCI bridge, secondary bus 0000:1d
[    0.633919] pci 0000:00:18.2:   IO window: 0xf000-0xffff
[    0.633956] pci 0000:00:18.2:   MEM window: 0xcaf00000-0xcaffffff
[    0.633978] pci 0000:00:18.2:   PREFETCH window: 0x000000d9500000-0x000000d95fffff
[    0.634021] pci 0000:00:18.3: PCI bridge, secondary bus 0000:1e
[    0.634023] pci 0000:00:18.3:   IO window: disabled
[    0.634053] pci 0000:00:18.3:   MEM window: 0xcb300000-0xcb3fffff
[    0.634073] pci 0000:00:18.3:   PREFETCH window: 0x000000d9900000-0x000000d99fffff
[    0.634115] pci 0000:00:18.4: PCI bridge, secondary bus 0000:1f
[    0.634117] pci 0000:00:18.4:   IO window: disabled
[    0.634147] pci 0000:00:18.4:   MEM window: 0xcb700000-0xcb7fffff
[    0.634167] pci 0000:00:18.4:   PREFETCH window: 0x000000d9d00000-0x000000d9dfffff
[    0.634210] pci 0000:00:18.5: PCI bridge, secondary bus 0000:20
[    0.634211] pci 0000:00:18.5:   IO window: disabled
[    0.634241] pci 0000:00:18.5:   MEM window: 0xcbb00000-0xcbbfffff
[    0.634262] pci 0000:00:18.5:   PREFETCH window: 0x000000da100000-0x000000da1fffff
[    0.634313] pci 0000:00:18.6: PCI bridge, secondary bus 0000:21
[    0.634315] pci 0000:00:18.6:   IO window: disabled
[    0.634345] pci 0000:00:18.6:   MEM window: 0xcbf00000-0xcbffffff
[    0.634365] pci 0000:00:18.6:   PREFETCH window: 0x000000da500000-0x000000da5fffff
[    0.634408] pci 0000:00:18.7: PCI bridge, secondary bus 0000:22
[    0.634409] pci 0000:00:18.7:   IO window: disabled
[    0.634439] pci 0000:00:18.7:   MEM window: 0xcc300000-0xcc3fffff
[    0.634460] pci 0000:00:18.7:   PREFETCH window: 0x000000da900000-0x000000da9fffff
[    0.634534] pci 0000:00:01.0: setting latency timer to 64
[    0.634631] pci 0000:00:15.0: setting latency timer to 64
[    0.634698] pci 0000:00:15.1: setting latency timer to 64
[    0.634764] pci 0000:00:15.2: setting latency timer to 64
[    0.634831] pci 0000:00:15.3: setting latency timer to 64
[    0.634897] pci 0000:00:15.4: setting latency timer to 64
[    0.634963] pci 0000:00:15.5: setting latency timer to 64
[    0.635030] pci 0000:00:15.6: setting latency timer to 64
[    0.635096] pci 0000:00:15.7: setting latency timer to 64
[    0.635162] pci 0000:00:16.0: setting latency timer to 64
[    0.635228] pci 0000:00:16.1: setting latency timer to 64
[    0.635297] pci 0000:00:16.2: setting latency timer to 64
[    0.635364] pci 0000:00:16.3: setting latency timer to 64
[    0.635430] pci 0000:00:16.4: setting latency timer to 64
[    0.635496] pci 0000:00:16.5: setting latency timer to 64
[    0.635563] pci 0000:00:16.6: setting latency timer to 64
[    0.635629] pci 0000:00:16.7: setting latency timer to 64
[    0.635695] pci 0000:00:17.0: setting latency timer to 64
[    0.635761] pci 0000:00:17.1: setting latency timer to 64
[    0.635828] pci 0000:00:17.2: setting latency timer to 64
[    0.635894] pci 0000:00:17.3: setting latency timer to 64
[    0.635960] pci 0000:00:17.4: setting latency timer to 64
[    0.636027] pci 0000:00:17.5: setting latency timer to 64
[    0.636093] pci 0000:00:17.6: setting latency timer to 64
[    0.636159] pci 0000:00:17.7: setting latency timer to 64
[    0.636226] pci 0000:00:18.0: setting latency timer to 64
[    0.636302] pci 0000:00:18.1: setting latency timer to 64
[    0.636368] pci 0000:00:18.2: setting latency timer to 64
[    0.636435] pci 0000:00:18.3: setting latency timer to 64
[    0.636502] pci 0000:00:18.4: setting latency timer to 64
[    0.636569] pci 0000:00:18.5: setting latency timer to 64
[    0.636635] pci 0000:00:18.6: setting latency timer to 64
[    0.636702] pci 0000:00:18.7: setting latency timer to 64
[    0.636714] pci_bus 0000:00: resource 0 io:  [0x00-0xffff]
[    0.636716] pci_bus 0000:00: resource 1 mem: [0x000000-0xffffffffffffffff]
[    0.636719] pci_bus 0000:02: resource 0 io:  [0x2000-0x3fff]
[    0.636721] pci_bus 0000:02: resource 1 mem: [0xc9000000-0xca3fffff]
[    0.636723] pci_bus 0000:02: resource 2 pref mem [0xd8400000-0xd89fffff]
[    0.636725] pci_bus 0000:02: resource 3 io:  [0x00-0xffff]
[    0.636727] pci_bus 0000:02: resource 4 mem: [0x000000-0xffffffffffffffff]
[    0.636729] pci_bus 0000:03: resource 0 io:  [0x4000-0x4fff]
[    0.636731] pci_bus 0000:03: resource 1 mem: [0xca400000-0xca4fffff]
[    0.636733] pci_bus 0000:03: resource 2 pref mem [0xd8a00000-0xd8afffff]
[    0.636735] pci_bus 0000:04: resource 0 io:  [0x8000-0x8fff]
[    0.636737] pci_bus 0000:04: resource 1 mem: [0xca800000-0xca8fffff]
[    0.636738] pci_bus 0000:04: resource 2 pref mem [0xd8e00000-0xd8efffff]
[    0.636740] pci_bus 0000:05: resource 0 io:  [0xc000-0xcfff]
[    0.636742] pci_bus 0000:05: resource 1 mem: [0xcac00000-0xcacfffff]
[    0.636744] pci_bus 0000:05: resource 2 pref mem [0xd9200000-0xd92fffff]
[    0.636746] pci_bus 0000:06: resource 1 mem: [0xcb000000-0xcb0fffff]
[    0.636748] pci_bus 0000:06: resource 2 pref mem [0xd9600000-0xd96fffff]
[    0.636750] pci_bus 0000:07: resource 1 mem: [0xcb400000-0xcb4fffff]
[    0.636752] pci_bus 0000:07: resource 2 pref mem [0xd9a00000-0xd9afffff]
[    0.636754] pci_bus 0000:08: resource 1 mem: [0xcb800000-0xcb8fffff]
[    0.636756] pci_bus 0000:08: resource 2 pref mem [0xd9e00000-0xd9efffff]
[    0.636758] pci_bus 0000:09: resource 1 mem: [0xcbc00000-0xcbcfffff]
[    0.636760] pci_bus 0000:09: resource 2 pref mem [0xda200000-0xda2fffff]
[    0.636762] pci_bus 0000:0a: resource 1 mem: [0xcc000000-0xcc0fffff]
[    0.636764] pci_bus 0000:0a: resource 2 pref mem [0xda600000-0xda6fffff]
[    0.636766] pci_bus 0000:0b: resource 0 io:  [0x5000-0x5fff]
[    0.636767] pci_bus 0000:0b: resource 1 mem: [0xca500000-0xca5fffff]
[    0.636769] pci_bus 0000:0b: resource 2 pref mem [0xd8b00000-0xd8bfffff]
[    0.636771] pci_bus 0000:0c: resource 0 io:  [0x9000-0x9fff]
[    0.636773] pci_bus 0000:0c: resource 1 mem: [0xca900000-0xca9fffff]
[    0.636775] pci_bus 0000:0c: resource 2 pref mem [0xd8f00000-0xd8ffffff]
[    0.636777] pci_bus 0000:0d: resource 0 io:  [0xd000-0xdfff]
[    0.636779] pci_bus 0000:0d: resource 1 mem: [0xcad00000-0xcadfffff]
[    0.636781] pci_bus 0000:0d: resource 2 pref mem [0xd9300000-0xd93fffff]
[    0.636783] pci_bus 0000:0e: resource 1 mem: [0xcb100000-0xcb1fffff]
[    0.636785] pci_bus 0000:0e: resource 2 pref mem [0xd9700000-0xd97fffff]
[    0.636787] pci_bus 0000:0f: resource 1 mem: [0xcb500000-0xcb5fffff]
[    0.636789] pci_bus 0000:0f: resource 2 pref mem [0xd9b00000-0xd9bfffff]
[    0.636791] pci_bus 0000:10: resource 1 mem: [0xcb900000-0xcb9fffff]
[    0.636792] pci_bus 0000:10: resource 2 pref mem [0xd9f00000-0xd9ffffff]
[    0.636794] pci_bus 0000:11: resource 1 mem: [0xcbd00000-0xcbdfffff]
[    0.636796] pci_bus 0000:11: resource 2 pref mem [0xda300000-0xda3fffff]
[    0.636798] pci_bus 0000:12: resource 1 mem: [0xcc100000-0xcc1fffff]
[    0.636800] pci_bus 0000:12: resource 2 pref mem [0xda700000-0xda7fffff]
[    0.636802] pci_bus 0000:13: resource 0 io:  [0x6000-0x6fff]
[    0.636804] pci_bus 0000:13: resource 1 mem: [0xca600000-0xca6fffff]
[    0.636806] pci_bus 0000:13: resource 2 pref mem [0xd8c00000-0xd8cfffff]
[    0.636808] pci_bus 0000:14: resource 0 io:  [0xa000-0xafff]
[    0.636810] pci_bus 0000:14: resource 1 mem: [0xcaa00000-0xcaafffff]
[    0.636812] pci_bus 0000:14: resource 2 pref mem [0xd9000000-0xd90fffff]
[    0.636814] pci_bus 0000:15: resource 0 io:  [0xe000-0xefff]
[    0.636815] pci_bus 0000:15: resource 1 mem: [0xcae00000-0xcaefffff]
[    0.636817] pci_bus 0000:15: resource 2 pref mem [0xd9400000-0xd94fffff]
[    0.636819] pci_bus 0000:16: resource 1 mem: [0xcb200000-0xcb2fffff]
[    0.636821] pci_bus 0000:16: resource 2 pref mem [0xd9800000-0xd98fffff]
[    0.636823] pci_bus 0000:17: resource 1 mem: [0xcb600000-0xcb6fffff]
[    0.636825] pci_bus 0000:17: resource 2 pref mem [0xd9c00000-0xd9cfffff]
[    0.636827] pci_bus 0000:18: resource 1 mem: [0xcba00000-0xcbafffff]
[    0.636829] pci_bus 0000:18: resource 2 pref mem [0xda000000-0xda0fffff]
[    0.636831] pci_bus 0000:19: resource 1 mem: [0xcbe00000-0xcbefffff]
[    0.636833] pci_bus 0000:19: resource 2 pref mem [0xda400000-0xda4fffff]
[    0.636835] pci_bus 0000:1a: resource 1 mem: [0xcc200000-0xcc2fffff]
[    0.636837] pci_bus 0000:1a: resource 2 pref mem [0xda800000-0xda8fffff]
[    0.636839] pci_bus 0000:1b: resource 0 io:  [0x7000-0x7fff]
[    0.636841] pci_bus 0000:1b: resource 1 mem: [0xca700000-0xca7fffff]
[    0.636842] pci_bus 0000:1b: resource 2 pref mem [0xd8d00000-0xd8dfffff]
[    0.636844] pci_bus 0000:1c: resource 0 io:  [0xb000-0xbfff]
[    0.636846] pci_bus 0000:1c: resource 1 mem: [0xcab00000-0xcabfffff]
[    0.636848] pci_bus 0000:1c: resource 2 pref mem [0xd9100000-0xd91fffff]
[    0.636850] pci_bus 0000:1d: resource 0 io:  [0xf000-0xffff]
[    0.636852] pci_bus 0000:1d: resource 1 mem: [0xcaf00000-0xcaffffff]
[    0.636854] pci_bus 0000:1d: resource 2 pref mem [0xd9500000-0xd95fffff]
[    0.636856] pci_bus 0000:1e: resource 1 mem: [0xcb300000-0xcb3fffff]
[    0.636858] pci_bus 0000:1e: resource 2 pref mem [0xd9900000-0xd99fffff]
[    0.636860] pci_bus 0000:1f: resource 1 mem: [0xcb700000-0xcb7fffff]
[    0.636862] pci_bus 0000:1f: resource 2 pref mem [0xd9d00000-0xd9dfffff]
[    0.636864] pci_bus 0000:20: resource 1 mem: [0xcbb00000-0xcbbfffff]
[    0.636866] pci_bus 0000:20: resource 2 pref mem [0xda100000-0xda1fffff]
[    0.636867] pci_bus 0000:21: resource 1 mem: [0xcbf00000-0xcbffffff]
[    0.636869] pci_bus 0000:21: resource 2 pref mem [0xda500000-0xda5fffff]
[    0.636871] pci_bus 0000:22: resource 1 mem: [0xcc300000-0xcc3fffff]
[    0.636873] pci_bus 0000:22: resource 2 pref mem [0xda900000-0xda9fffff]
[    0.636898] NET: Registered protocol family 2
[    0.636916] RANDOM - __random32 called. Change num 7.  Value: 78479613	a20bea99	a8d6327e
[    0.636918] RANDOM - random32 called.  Value: 78479613	a20bea99	a8d6327e
[    0.636926] random 0000 0000 0000 00000000 00000000: rand_read_num 2 get_random_bytes(4): sig fffffe1a 00000000 00000000
[    0.636929] random 0000 0000 0000 00000000 00000000: extract_entropy(.. 4 ..)
[    0.636932] random 0000 0000 0000 00000000 00000000: going to reseed nonblocking with 64 bits (32 of 0 requested)
[    0.636934] random 0000 0000 0000 00000000 00000000: extract_entropy(.. 8 ..)
[    0.636936] random 0000 0000 0000 00000000 00000000: trying to extract 64 bits from input
[    0.636938] random 0000 0000 0000 00000000 00000000: debiting 0 entropy credits from input
[    0.636940] random 0000 0000 0000 00000000 00000000: extract_entropy account returned: 0 
[    0.636943] random 0000 0000 0000 00000000 00000000: urand_change_num 3 xfer_secondary_pool(4): pool_sig fffffe1a, data_sig 00000000, bytes_mixed 0 00000000 00000000
[    0.636946] random 0000 0000 0000 00000000 00000000: trying to extract 32 bits from nonblocking
[    0.636949] random 0000 0000 0000 00000000 00000000: debiting 32 entropy credits from nonblocking (unlimited)
[    0.636951] random 0000 0000 0000 00000000 00000000: extract_entropy account returned: 4 
[    0.636955] random 0000 0000 0000 00000000 00000000: urand_change_num 4 extract_buf: pool_sig fffffe1a, data_sig fffffed7, bytes_mixed 20 00000000 00000000
[    0.636986] IP route cache hash table entries: 32768 (order: 5, 131072 bytes)
[    0.637078] RANDOM - __random32 called. Change num 8.  Value: 79613150	20bea995	64fdccf4
[    0.637080] RANDOM - random32 called.  Value: 79613150	20bea995	64fdccf4
[    0.637164] RANDOM - __random32 called. Change num 9.  Value: 13150be9	bea9951	99e86275
[    0.637166] RANDOM - random32 called.  Value: 13150be9	bea9951	99e86275
[    0.637169] RANDOM - __random32 called. Change num 10.  Value: 50be964d	bea99512	c4ead56e
[    0.637171] RANDOM - random32 called.  Value: 50be964d	bea99512	c4ead56e
[    0.637194] RANDOM - __random32 called. Change num 11.  Value: e964d04e	ea995122	aadc778f
[    0.637196] RANDOM - random32 called.  Value: e964d04e	ea995122	aadc778f
[    0.637207] TCP established hash table entries: 131072 (order: 8, 1048576 bytes)
[    0.637438] TCP bind hash table entries: 65536 (order: 7, 524288 bytes)
[    0.637645] TCP: Hash tables configured (established 131072 bind 65536)
[    0.637647] TCP reno registered
[    0.637685] NET: Registered protocol family 1
[    0.637695] pci 0000:00:00.0: Limiting direct PCI/PCI transfers
[    0.637716] pci 0000:00:0f.0: Boot video device
[    0.637916] Trying to unpack rootfs image as initramfs...
[    1.844240] Freeing initrd memory: 83430k freed
[    1.852251] Simple Boot Flag at 0x36 set to 0x1
[    1.852300] cpufreq-nforce2: No nForce2 chipset.
[    1.852324] Scanning for low memory corruption every 60 seconds
[    1.852497] audit: initializing netlink socket (disabled)
[    1.852511] type=2000 audit(1369437319.836:1): initialized
[    1.856413] highmem bounce pool size: 64 pages
[    1.856418] HugeTLB registered 2 MB page size, pre-allocated 0 pages
[    1.856521] VFS: Disk quotas dquot_6.5.2
[    1.856553] Dquot-cache hash table entries: 1024 (order 0, 4096 bytes)
[    1.856649] fuse init (API version 7.13)
[    1.856697] msgmni has been set to 1729
[    1.856986] alg: No test for stdrng (krng)
[    1.857021] Block layer SCSI generic (bsg) driver version 0.4 loaded (major 253)
[    1.857024] io scheduler noop registered
[    1.857025] io scheduler anticipatory registered
[    1.857027] io scheduler deadline registered
[    1.857047] io scheduler cfq registered (default)
[    1.857096]   alloc irq_desc for 24 on node -1
[    1.857099]   alloc kstat_irqs on node -1
[    1.857148] pcieport 0000:00:15.0: irq 24 for MSI/MSI-X
[    1.857197] pcieport 0000:00:15.0: setting latency timer to 64
[    1.857246]   alloc irq_desc for 25 on node -1
[    1.857248]   alloc kstat_irqs on node -1
[    1.857297] pcieport 0000:00:15.1: irq 25 for MSI/MSI-X
[    1.857346] pcieport 0000:00:15.1: setting latency timer to 64
[    1.857395]   alloc irq_desc for 26 on node -1
[    1.857397]   alloc kstat_irqs on node -1
[    1.857446] pcieport 0000:00:15.2: irq 26 for MSI/MSI-X
[    1.857496] pcieport 0000:00:15.2: setting latency timer to 64
[    1.857545]   alloc irq_desc for 27 on node -1
[    1.857547]   alloc kstat_irqs on node -1
[    1.857596] pcieport 0000:00:15.3: irq 27 for MSI/MSI-X
[    1.857645] pcieport 0000:00:15.3: setting latency timer to 64
[    1.857694]   alloc irq_desc for 28 on node -1
[    1.857696]   alloc kstat_irqs on node -1
[    1.857745] pcieport 0000:00:15.4: irq 28 for MSI/MSI-X
[    1.857794] pcieport 0000:00:15.4: setting latency timer to 64
[    1.857892]   alloc irq_desc for 29 on node -1
[    1.857895]   alloc kstat_irqs on node -1
[    1.857945] pcieport 0000:00:15.5: irq 29 for MSI/MSI-X
[    1.857994] pcieport 0000:00:15.5: setting latency timer to 64
[    1.858043]   alloc irq_desc for 30 on node -1
[    1.858045]   alloc kstat_irqs on node -1
[    1.858094] pcieport 0000:00:15.6: irq 30 for MSI/MSI-X
[    1.858143] pcieport 0000:00:15.6: setting latency timer to 64
[    1.858192]   alloc irq_desc for 31 on node -1
[    1.858194]   alloc kstat_irqs on node -1
[    1.858243] pcieport 0000:00:15.7: irq 31 for MSI/MSI-X
[    1.858292] pcieport 0000:00:15.7: setting latency timer to 64
[    1.858341]   alloc irq_desc for 32 on node -1
[    1.858344]   alloc kstat_irqs on node -1
[    1.858393] pcieport 0000:00:16.0: irq 32 for MSI/MSI-X
[    1.858442] pcieport 0000:00:16.0: setting latency timer to 64
[    1.858491]   alloc irq_desc for 33 on node -1
[    1.858494]   alloc kstat_irqs on node -1
[    1.858543] pcieport 0000:00:16.1: irq 33 for MSI/MSI-X
[    1.858592] pcieport 0000:00:16.1: setting latency timer to 64
[    1.858641]   alloc irq_desc for 34 on node -1
[    1.858644]   alloc kstat_irqs on node -1
[    1.858693] pcieport 0000:00:16.2: irq 34 for MSI/MSI-X
[    1.858742] pcieport 0000:00:16.2: setting latency timer to 64
[    1.858791]   alloc irq_desc for 35 on node -1
[    1.858793]   alloc kstat_irqs on node -1
[    1.858842] pcieport 0000:00:16.3: irq 35 for MSI/MSI-X
[    1.858891] pcieport 0000:00:16.3: setting latency timer to 64
[    1.858940]   alloc irq_desc for 36 on node -1
[    1.858943]   alloc kstat_irqs on node -1
[    1.858992] pcieport 0000:00:16.4: irq 36 for MSI/MSI-X
[    1.859041] pcieport 0000:00:16.4: setting latency timer to 64
[    1.859090]   alloc irq_desc for 37 on node -1
[    1.859095]   alloc kstat_irqs on node -1
[    1.859144] pcieport 0000:00:16.5: irq 37 for MSI/MSI-X
[    1.859193] pcieport 0000:00:16.5: setting latency timer to 64
[    1.860339]   alloc irq_desc for 38 on node -1
[    1.860343]   alloc kstat_irqs on node -1
[    1.860392] pcieport 0000:00:16.6: irq 38 for MSI/MSI-X
[    1.860441] pcieport 0000:00:16.6: setting latency timer to 64
[    1.860490]   alloc irq_desc for 39 on node -1
[    1.860496]   alloc kstat_irqs on node -1
[    1.860545] pcieport 0000:00:16.7: irq 39 for MSI/MSI-X
[    1.860594] pcieport 0000:00:16.7: setting latency timer to 64
[    1.860644]   alloc irq_desc for 40 on node -1
[    1.860647]   alloc kstat_irqs on node -1
[    1.860696] pcieport 0000:00:17.0: irq 40 for MSI/MSI-X
[    1.860745] pcieport 0000:00:17.0: setting latency timer to 64
[    1.860794]   alloc irq_desc for 41 on node -1
[    1.860797]   alloc kstat_irqs on node -1
[    1.860846] pcieport 0000:00:17.1: irq 41 for MSI/MSI-X
[    1.860895] pcieport 0000:00:17.1: setting latency timer to 64
[    1.860944]   alloc irq_desc for 42 on node -1
[    1.860948]   alloc kstat_irqs on node -1
[    1.860997] pcieport 0000:00:17.2: irq 42 for MSI/MSI-X
[    1.861046] pcieport 0000:00:17.2: setting latency timer to 64
[    1.861095]   alloc irq_desc for 43 on node -1
[    1.861100]   alloc kstat_irqs on node -1
[    1.861149] pcieport 0000:00:17.3: irq 43 for MSI/MSI-X
[    1.861198] pcieport 0000:00:17.3: setting latency timer to 64
[    1.861247]   alloc irq_desc for 44 on node -1
[    1.861251]   alloc kstat_irqs on node -1
[    1.861300] pcieport 0000:00:17.4: irq 44 for MSI/MSI-X
[    1.861349] pcieport 0000:00:17.4: setting latency timer to 64
[    1.861398]   alloc irq_desc for 45 on node -1
[    1.861402]   alloc kstat_irqs on node -1
[    1.861451] pcieport 0000:00:17.5: irq 45 for MSI/MSI-X
[    1.861500] pcieport 0000:00:17.5: setting latency timer to 64
[    1.861549]   alloc irq_desc for 46 on node -1
[    1.861553]   alloc kstat_irqs on node -1
[    1.861602] pcieport 0000:00:17.6: irq 46 for MSI/MSI-X
[    1.861651] pcieport 0000:00:17.6: setting latency timer to 64
[    1.861700]   alloc irq_desc for 47 on node -1
[    1.861704]   alloc kstat_irqs on node -1
[    1.861753] pcieport 0000:00:17.7: irq 47 for MSI/MSI-X
[    1.861802] pcieport 0000:00:17.7: setting latency timer to 64
[    1.861851]   alloc irq_desc for 48 on node -1
[    1.861854]   alloc kstat_irqs on node -1
[    1.861903] pcieport 0000:00:18.0: irq 48 for MSI/MSI-X
[    1.861952] pcieport 0000:00:18.0: setting latency timer to 64
[    1.862001]   alloc irq_desc for 49 on node -1
[    1.862005]   alloc kstat_irqs on node -1
[    1.862055] pcieport 0000:00:18.1: irq 49 for MSI/MSI-X
[    1.862104] pcieport 0000:00:18.1: setting latency timer to 64
[    1.862153]   alloc irq_desc for 50 on node -1
[    1.862157]   alloc kstat_irqs on node -1
[    1.862206] pcieport 0000:00:18.2: irq 50 for MSI/MSI-X
[    1.862255] pcieport 0000:00:18.2: setting latency timer to 64
[    1.862304]   alloc irq_desc for 51 on node -1
[    1.862310]   alloc kstat_irqs on node -1
[    1.862359] pcieport 0000:00:18.3: irq 51 for MSI/MSI-X
[    1.862408] pcieport 0000:00:18.3: setting latency timer to 64
[    1.862457]   alloc irq_desc for 52 on node -1
[    1.862460]   alloc kstat_irqs on node -1
[    1.862509] pcieport 0000:00:18.4: irq 52 for MSI/MSI-X
[    1.862558] pcieport 0000:00:18.4: setting latency timer to 64
[    1.862607]   alloc irq_desc for 53 on node -1
[    1.862610]   alloc kstat_irqs on node -1
[    1.862659] pcieport 0000:00:18.5: irq 53 for MSI/MSI-X
[    1.862708] pcieport 0000:00:18.5: setting latency timer to 64
[    1.862757]   alloc irq_desc for 54 on node -1
[    1.862759]   alloc kstat_irqs on node -1
[    1.862806] pcieport 0000:00:18.6: irq 54 for MSI/MSI-X
[    1.862855] pcieport 0000:00:18.6: setting latency timer to 64
[    1.862904]   alloc irq_desc for 55 on node -1
[    1.862906]   alloc kstat_irqs on node -1
[    1.862953] pcieport 0000:00:18.7: irq 55 for MSI/MSI-X
[    1.863002] pcieport 0000:00:18.7: setting latency timer to 64
[    1.863051] pci_hotplug: PCI Hot Plug PCI Core version: 0.5
[    1.864307] pciehp 0000:00:15.0:pcie04: HPC vendor_id 15ad device_id 7a0 ss_vid 0 ss_did 0
[    1.864356] pciehp 0000:00:15.0:pcie04: service driver pciehp loaded
[    1.864405] pciehp 0000:00:15.1:pcie04: HPC vendor_id 15ad device_id 7a0 ss_vid 0 ss_did 0
[    1.864454] pciehp 0000:00:15.1:pcie04: service driver pciehp loaded
[    1.864503] pciehp 0000:00:15.2:pcie04: HPC vendor_id 15ad device_id 7a0 ss_vid 0 ss_did 0
[    1.864552] pciehp 0000:00:15.2:pcie04: service driver pciehp loaded
[    1.864601] pciehp 0000:00:15.3:pcie04: HPC vendor_id 15ad device_id 7a0 ss_vid 0 ss_did 0
[    1.864650] pciehp 0000:00:15.3:pcie04: service driver pciehp loaded
[    1.864699] pciehp 0000:00:15.4:pcie04: HPC vendor_id 15ad device_id 7a0 ss_vid 0 ss_did 0
[    1.864748] pciehp 0000:00:15.4:pcie04: service driver pciehp loaded
[    1.864797] pciehp 0000:00:15.5:pcie04: HPC vendor_id 15ad device_id 7a0 ss_vid 0 ss_did 0
[    1.864846] pciehp 0000:00:15.5:pcie04: service driver pciehp loaded
[    1.864895] pciehp 0000:00:15.6:pcie04: HPC vendor_id 15ad device_id 7a0 ss_vid 0 ss_did 0
[    1.864944] pciehp 0000:00:15.6:pcie04: service driver pciehp loaded
[    1.864993] pciehp 0000:00:15.7:pcie04: HPC vendor_id 15ad device_id 7a0 ss_vid 0 ss_did 0
[    1.865043] pciehp 0000:00:15.7:pcie04: service driver pciehp loaded
[    1.865092] pciehp 0000:00:16.0:pcie04: HPC vendor_id 15ad device_id 7a0 ss_vid 0 ss_did 0
[    1.865141] pciehp 0000:00:16.0:pcie04: service driver pciehp loaded
[    1.865190] pciehp 0000:00:16.1:pcie04: HPC vendor_id 15ad device_id 7a0 ss_vid 0 ss_did 0
[    1.865239] pciehp 0000:00:16.1:pcie04: service driver pciehp loaded
[    1.865288] pciehp 0000:00:16.2:pcie04: HPC vendor_id 15ad device_id 7a0 ss_vid 0 ss_did 0
[    1.865337] pciehp 0000:00:16.2:pcie04: service driver pciehp loaded
[    1.865386] pciehp 0000:00:16.3:pcie04: HPC vendor_id 15ad device_id 7a0 ss_vid 0 ss_did 0
[    1.865435] pciehp 0000:00:16.3:pcie04: service driver pciehp loaded
[    1.865484] pciehp 0000:00:16.4:pcie04: HPC vendor_id 15ad device_id 7a0 ss_vid 0 ss_did 0
[    1.865533] pciehp 0000:00:16.4:pcie04: service driver pciehp loaded
[    1.865582] pciehp 0000:00:16.5:pcie04: HPC vendor_id 15ad device_id 7a0 ss_vid 0 ss_did 0
[    1.865631] pciehp 0000:00:16.5:pcie04: service driver pciehp loaded
[    1.865680] pciehp 0000:00:16.6:pcie04: HPC vendor_id 15ad device_id 7a0 ss_vid 0 ss_did 0
[    1.865729] pciehp 0000:00:16.6:pcie04: service driver pciehp loaded
[    1.865778] pciehp 0000:00:16.7:pcie04: HPC vendor_id 15ad device_id 7a0 ss_vid 0 ss_did 0
[    1.865828] pciehp 0000:00:16.7:pcie04: service driver pciehp loaded
[    1.865877] pciehp 0000:00:17.0:pcie04: HPC vendor_id 15ad device_id 7a0 ss_vid 0 ss_did 0
[    1.865926] pciehp 0000:00:17.0:pcie04: service driver pciehp loaded
[    1.865975] pciehp 0000:00:17.1:pcie04: HPC vendor_id 15ad device_id 7a0 ss_vid 0 ss_did 0
[    1.866024] pciehp 0000:00:17.1:pcie04: service driver pciehp loaded
[    1.866073] pciehp 0000:00:17.2:pcie04: HPC vendor_id 15ad device_id 7a0 ss_vid 0 ss_did 0
[    1.866122] pciehp 0000:00:17.2:pcie04: service driver pciehp loaded
[    1.866171] pciehp 0000:00:17.3:pcie04: HPC vendor_id 15ad device_id 7a0 ss_vid 0 ss_did 0
[    1.866220] pciehp 0000:00:17.3:pcie04: service driver pciehp loaded
[    1.866269] pciehp 0000:00:17.4:pcie04: HPC vendor_id 15ad device_id 7a0 ss_vid 0 ss_did 0
[    1.866318] pciehp 0000:00:17.4:pcie04: service driver pciehp loaded
[    1.866367] pciehp 0000:00:17.5:pcie04: HPC vendor_id 15ad device_id 7a0 ss_vid 0 ss_did 0
[    1.866416] pciehp 0000:00:17.5:pcie04: service driver pciehp loaded
[    1.866465] pciehp 0000:00:17.6:pcie04: HPC vendor_id 15ad device_id 7a0 ss_vid 0 ss_did 0
[    1.866514] pciehp 0000:00:17.6:pcie04: service driver pciehp loaded
[    1.866563] pciehp 0000:00:17.7:pcie04: HPC vendor_id 15ad device_id 7a0 ss_vid 0 ss_did 0
[    1.866613] pciehp 0000:00:17.7:pcie04: service driver pciehp loaded
[    1.866662] pciehp 0000:00:18.0:pcie04: HPC vendor_id 15ad device_id 7a0 ss_vid 0 ss_did 0
[    1.866711] pciehp 0000:00:18.0:pcie04: service driver pciehp loaded
[    1.866760] pciehp 0000:00:18.1:pcie04: HPC vendor_id 15ad device_id 7a0 ss_vid 0 ss_did 0
[    1.866809] pciehp 0000:00:18.1:pcie04: service driver pciehp loaded
[    1.866858] pciehp 0000:00:18.2:pcie04: HPC vendor_id 15ad device_id 7a0 ss_vid 0 ss_did 0
[    1.866907] pciehp 0000:00:18.2:pcie04: service driver pciehp loaded
[    1.866956] pciehp 0000:00:18.3:pcie04: HPC vendor_id 15ad device_id 7a0 ss_vid 0 ss_did 0
[    1.867005] pciehp 0000:00:18.3:pcie04: service driver pciehp loaded
[    1.867054] pciehp 0000:00:18.4:pcie04: HPC vendor_id 15ad device_id 7a0 ss_vid 0 ss_did 0
[    1.867103] pciehp 0000:00:18.4:pcie04: service driver pciehp loaded
[    1.867152] pciehp 0000:00:18.5:pcie04: HPC vendor_id 15ad device_id 7a0 ss_vid 0 ss_did 0
[    1.867201] pciehp 0000:00:18.5:pcie04: service driver pciehp loaded
[    1.867250] pciehp 0000:00:18.6:pcie04: HPC vendor_id 15ad device_id 7a0 ss_vid 0 ss_did 0
[    1.867299] pciehp 0000:00:18.6:pcie04: service driver pciehp loaded
[    1.867348] pciehp 0000:00:18.7:pcie04: HPC vendor_id 15ad device_id 7a0 ss_vid 0 ss_did 0
[    1.867398] pciehp 0000:00:18.7:pcie04: service driver pciehp loaded
[    1.867405] pciehp: PCI Express Hot Plug Controller Driver version: 0.4
[    1.867459] ACPI: AC Adapter [ACAD] (on-line)
[    1.867514] input: Power Button as /devices/LNXSYSTM:00/LNXPWRBN:00/input/input0
[    1.867517] ACPI: Power Button [PWRF]
[    1.867566] processor LNXCPU:00: registered as cooling_device0
[    1.916200] isapnp: Scanning for PnP cards...
[    2.270592] isapnp: No Plug & Play device found
[    2.270623] random 0000 0000 0000 5f8db4e5 4cfdf2a8: initializing
[    2.270742] Linux agpgart interface v0.103
[    2.270782] agpgart-intel 0000:00:00.0: Intel 440BX Chipset
[    2.270831] agpgart-intel 0000:00:00.0: AGP aperture is 256M @ 0x0
[    2.270862] Serial: 8250/16550 driver, 32 ports, IRQ sharing enabled
[    2.270911] serial8250: ttyS0 at I/O 0x3f8 (irq = 4) is a 16550A
[    2.270960] serial8250: ttyS1 at I/O 0x2f8 (irq = 3) is a 16550A
[    2.271603] 00:0a: ttyS0 at I/O 0x3f8 (irq = 4) is a 16550A
[    2.271653] 00:0b: ttyS1 at I/O 0x2f8 (irq = 3) is a 16550A
[    2.271702] brd: module loaded
[    2.271751] loop: module loaded
[    2.271800] ata_piix 0000:00:07.1: version 2.13
[    2.271879] scsi0 : ata_piix
[    2.271925] scsi1 : ata_piix
[    2.271945] ata1: PATA max UDMA/33 cmd 0x1f0 ctl 0x3f6 bmdma 0x10c0 irq 14
[    2.271947] ata2: PATA max UDMA/33 cmd 0x170 ctl 0x376 bmdma 0x10c8 irq 15
[    2.271994] PPP generic driver version 2.4.2
[    2.272013] tun: Universal TUN/TAP device driver, 1.6
[    2.272015] tun: (C) 1999-2004 Max Krasnyansky <maxk@qualcomm.com>
[    2.272064] ehci_hcd: USB 2.0 'Enhanced' Host Controller (EHCI) Driver
[    2.272113] ACPI: PCI Interrupt Link [LNKB] enabled at IRQ 11
[    2.272115] PCI: setting IRQ 11 as level-triggered
[    2.272123] ehci_hcd 0000:02:03.0: PCI INT A -> Link[LNKB] -> GSI 11 (level, low) -> IRQ 11
[    2.272172] ehci_hcd 0000:02:03.0: EHCI Host Controller
[    2.272196] ehci_hcd 0000:02:03.0: new USB bus registered, assigned bus number 1
[    2.272245] ehci_hcd 0000:02:03.0: cache line size of 32 is not supported
[    2.272251] ehci_hcd 0000:02:03.0: irq 11, io mem 0xc9000000
[    2.272550] random 0000 0000 0000 00000000 00000000: rand_read_num 3 get_random_bytes(8): sig 00000000 00000000 00000000
[    2.272553] random 0000 0000 0000 00000000 00000000: extract_entropy(.. 8 ..)
[    2.272556] random 0000 0000 0000 00000000 00000000: going to reseed nonblocking with 64 bits (64 of 0 requested)
[    2.272558] random 0000 0000 0000 00000000 00000000: extract_entropy(.. 8 ..)
[    2.272560] random 0000 0000 0000 00000000 00000000: trying to extract 64 bits from input
[    2.272562] random 0000 0000 0000 00000000 00000000: debiting 0 entropy credits from input
[    2.272564] random 0000 0000 0000 00000000 00000000: extract_entropy account returned: 0 
[    2.272567] random 0000 0000 0000 00000000 00000000: urand_change_num 5 xfer_secondary_pool(8): pool_sig 00000000, data_sig 00000000, bytes_mixed 0 00000000 00000000
[    2.272570] random 0000 0000 0000 00000000 00000000: trying to extract 64 bits from nonblocking
[    2.272572] random 0000 0000 0000 00000000 00000000: debiting 64 entropy credits from nonblocking (unlimited)
[    2.272574] random 0000 0000 0000 00000000 00000000: extract_entropy account returned: 8 
[    2.272578] random 0000 0000 0000 00000000 00000000: urand_change_num 6 extract_buf: pool_sig 00000000, data_sig fffffff9, bytes_mixed 20 00000000 00000000
[    2.283618] ehci_hcd 0000:02:03.0: USB 2.0 started, EHCI 1.00
[    2.283667] usb usb1: configuration #1 chosen from 1 choice
[    2.283686] hub 1-0:1.0: USB hub found
[    2.283691] hub 1-0:1.0: 6 ports detected
[    2.283725] ohci_hcd: USB 1.1 'Open' Host Controller (OHCI) Driver
[    2.283736] uhci_hcd: USB Universal Host Controller Interface driver
[    2.283785] ACPI: PCI Interrupt Link [LNKC] enabled at IRQ 10
[    2.283787] PCI: setting IRQ 10 as level-triggered
[    2.283791] uhci_hcd 0000:02:00.0: PCI INT A -> Link[LNKC] -> GSI 10 (level, low) -> IRQ 10
[    2.283827] uhci_hcd 0000:02:00.0: UHCI Host Controller
[    2.283871] uhci_hcd 0000:02:00.0: new USB bus registered, assigned bus number 2
[    2.283972] uhci_hcd 0000:02:00.0: irq 10, io base 0x000020c0
[    2.284021] usb usb2: configuration #1 chosen from 1 choice
[    2.284036] hub 2-0:1.0: USB hub found
[    2.284040] hub 2-0:1.0: 2 ports detected
[    2.284089] usbcore: registered new interface driver libusual
[    2.284125] PNP: PS/2 Controller [PNP0303:KBC,PNP0f13:MOUS] at 0x60,0x64 irq 1,12
[    2.284449] serio: i8042 KBD port at 0x60,0x64 irq 1
[    2.284456] serio: i8042 AUX port at 0x60,0x64 irq 12
[    2.284490] mice: PS/2 mouse device common for all mice
[    2.284539] rtc_cmos 00:04: rtc core: registered rtc_cmos as rtc0
[    2.284554] rtc0: alarms up to one month, y3k, 114 bytes nvram, hpet irqs
[    2.284603] device-mapper: uevent: version 1.0.3
[    2.284715] device-mapper: ioctl: 4.15.0-ioctl (2009-04-01) initialised: dm-devel@redhat.com
[    2.284759] EISA: Probing bus 0 at eisa.0
[    2.284766] Cannot allocate resource for EISA slot 1
[    2.284768] Cannot allocate resource for EISA slot 2
[    2.284770] Cannot allocate resource for EISA slot 3
[    2.284781] Cannot allocate resource for EISA slot 4
[    2.284783] Cannot allocate resource for EISA slot 5
[    2.284785] Cannot allocate resource for EISA slot 6
[    2.284787] Cannot allocate resource for EISA slot 7
[    2.284788] Cannot allocate resource for EISA slot 8
[    2.284790] EISA: Detected 0 cards.
[    2.284836] cpuidle: using governor ladder
[    2.284838] cpuidle: using governor menu
[    2.284887] random 0000 0000 0000 00000000 00000000: rand_read_num 4 get_random_bytes(136): sig 0000021d 00000000 00000000
[    2.284889] random 0000 0000 0000 00000000 00000000: extract_entropy(.. 136 ..)
[    2.284892] random 0000 0000 0000 00000000 00000000: going to reseed nonblocking with 1024 bits (1088 of 0 requested)
[    2.284894] random 0000 0000 0000 00000000 00000000: extract_entropy(.. 128 ..)
[    2.284896] random 0000 0000 0000 00000000 00000000: trying to extract 1024 bits from input
[    2.284898] random 0000 0000 0000 00000000 00000000: debiting 0 entropy credits from input
[    2.284900] random 0000 0000 0000 00000000 00000000: extract_entropy account returned: 0 
[    2.284903] random 0000 0000 0000 00000000 00000000: urand_change_num 7 xfer_secondary_pool(136): pool_sig 0000021d, data_sig 00000000, bytes_mixed 0 00000000 00000000
[    2.284905] random 0000 0000 0000 00000000 00000000: trying to extract 1088 bits from nonblocking
[    2.284908] random 0000 0000 0000 00000000 00000000: debiting 1088 entropy credits from nonblocking (unlimited)
[    2.284910] random 0000 0000 0000 00000000 00000000: extract_entropy account returned: 136 
[    2.284913] random 0000 0000 0000 00000000 00000000: urand_change_num 8 extract_buf: pool_sig 0000021d, data_sig fffffff7, bytes_mixed 20 00000000 00000000
[    2.284918] random 0000 0000 0000 f961ee50 ba9cb1aa: urand_change_num 9 extract_buf: pool_sig 00000230, data_sig fffffeb4, bytes_mixed 20 f961ee50 ba9cb1aa
[    2.284922] random 0000 0000 0000 9748bdd6 56fb8af6: urand_change_num 10 extract_buf: pool_sig 00000373, data_sig 000000cf, bytes_mixed 20 9748bdd6 56fb8af6
[    2.284926] random 0000 0000 0000 9748bdd6 56fb8af6: urand_change_num 11 extract_buf: pool_sig fffffe49, data_sig 0000023f, bytes_mixed 20 9748bdd6 56fb8af6
[    2.284930] random 0000 0000 0000 a135be86 4777650e: urand_change_num 12 extract_buf: pool_sig fffffcce, data_sig 000000c6, bytes_mixed 20 a135be86 4777650e
[    2.284935] random 0000 0000 0000 4a6ea85d 170e00dd: urand_change_num 13 extract_buf: pool_sig ffffff97, data_sig ffffff7d, bytes_mixed 20 4a6ea85d 170e00dd
[    2.284939] random 0000 0000 0000 4a6ea85d 170e00dd: urand_change_num 14 extract_buf: pool_sig 00000160, data_sig fffffeea, bytes_mixed 20 4a6ea85d 170e00dd
[    2.284943] random 0000 0000 0000 6e87c3cb da668c73: urand_change_num 15 extract_buf: pool_sig 0000034f, data_sig ffffff54, bytes_mixed 20 6e87c3cb da668c73
[    2.284947] random 0000 0000 0000 6e87c3cb da668c73: urand_change_num 16 extract_buf: pool_sig fffffdc5, data_sig 00000205, bytes_mixed 20 6e87c3cb da668c73
[    2.284951] random 0000 0000 0000 39f531e6 461eb249: urand_change_num 17 extract_buf: pool_sig fffffc1d, data_sig ffffff5e, bytes_mixed 20 39f531e6 461eb249
[    2.284955] random 0000 0000 0000 7e1538a2 3e661182: urand_change_num 18 extract_buf: pool_sig 000006ef, data_sig ffffff2e, bytes_mixed 20 7e1538a2 3e661182
[    2.284960] random 0000 0000 0000 7e1538a2 3e661182: urand_change_num 19 extract_buf: pool_sig 00000317, data_sig fffffccb, bytes_mixed 20 7e1538a2 3e661182
[    2.284964] random 0000 0000 0000 76af506b 9b57305e: urand_change_num 20 extract_buf: pool_sig 00000227, data_sig ffffffd2, bytes_mixed 20 76af506b 9b57305e
[    2.284968] random 0000 0000 0000 37d49d89 e20417cc: urand_change_num 21 extract_buf: pool_sig 0000080b, data_sig 000001e9, bytes_mixed 20 37d49d89 e20417cc
[    2.284972] TCP cubic registered
[    2.285021] NET: Registered protocol family 10
[    2.285053] RANDOM - __random32 called. Change num 12.  Value: 4d04ee6d	a9951220	ef1f87f9
[    2.285055] RANDOM - random32 called.  Value: 4d04ee6d	a9951220	ef1f87f9
[    2.285064] random 0000 0000 0000 37d49d89 e20417cc: rand_read_num 5 get_random_bytes(4): sig 00000298 37d49d89 e20417cc
[    2.285066] random 0000 0000 0000 37d49d89 e20417cc: extract_entropy(.. 4 ..)
[    2.285068] random 0000 0000 0000 37d49d89 e20417cc: going to reseed nonblocking with 64 bits (32 of 0 requested)
[    2.285070] random 0000 0000 0000 37d49d89 e20417cc: extract_entropy(.. 8 ..)
[    2.285072] random 0000 0000 0000 37d49d89 e20417cc: trying to extract 64 bits from input
[    2.285074] random 0000 0000 0000 37d49d89 e20417cc: debiting 0 entropy credits from input
[    2.285076] random 0000 0000 0000 37d49d89 e20417cc: extract_entropy account returned: 0 
[    2.285079] random 0000 0000 0000 37d49d89 e20417cc: urand_change_num 22 xfer_secondary_pool(4): pool_sig 00000298, data_sig 00000000, bytes_mixed 0 37d49d89 e20417cc
[    2.285082] random 0000 0000 0000 37d49d89 e20417cc: trying to extract 32 bits from nonblocking
[    2.285084] random 0000 0000 0000 37d49d89 e20417cc: debiting 32 entropy credits from nonblocking (unlimited)
[    2.285086] random 0000 0000 0000 37d49d89 e20417cc: extract_entropy account returned: 4 
[    2.285089] random 0000 0000 0000 37d49d89 e20417cc: urand_change_num 23 extract_buf: pool_sig 00000298, data_sig 00000092, bytes_mixed 20 37d49d89 e20417cc
[    2.285138] RANDOM - __random32 called. Change num 13.  Value: 4ee6da19	99512207	ff2fc77
[    2.285140] RANDOM - random32 called.  Value: 4ee6da19	99512207	ff2fc77
[    2.285190] NET: Registered protocol family 17
[    2.285210] Using IPI No-Shortcut mode
[    2.285215] random 0000 0000 0000 2ee4c4fc 167bdb15: rand_read_num 6 get_random_bytes(8): sig fffffcbf 2ee4c4fc 167bdb15
[    2.285217] random 0000 0000 0000 2ee4c4fc 167bdb15: extract_entropy(.. 8 ..)
[    2.285220] random 0000 0000 0000 2ee4c4fc 167bdb15: going to reseed nonblocking with 64 bits (64 of 0 requested)
[    2.285222] random 0000 0000 0000 2ee4c4fc 167bdb15: extract_entropy(.. 8 ..)
[    2.285224] random 0000 0000 0000 2ee4c4fc 167bdb15: trying to extract 64 bits from input
[    2.285226] random 0000 0000 0000 2ee4c4fc 167bdb15: debiting 0 entropy credits from input
[    2.285228] random 0000 0000 0000 2ee4c4fc 167bdb15: extract_entropy account returned: 0 
[    2.285231] random 0000 0000 0000 2ee4c4fc 167bdb15: urand_change_num 24 xfer_secondary_pool(8): pool_sig fffffcbf, data_sig 00000000, bytes_mixed 0 2ee4c4fc 167bdb15
[    2.285233] random 0000 0000 0000 2ee4c4fc 167bdb15: trying to extract 64 bits from nonblocking
[    2.285235] random 0000 0000 0000 2ee4c4fc 167bdb15: debiting 64 entropy credits from nonblocking (unlimited)
[    2.285237] random 0000 0000 0000 2ee4c4fc 167bdb15: extract_entropy account returned: 8 
[    2.285241] random 0000 0000 0000 2ee4c4fc 167bdb15: urand_change_num 25 extract_buf: pool_sig fffffcbf, data_sig ffffff83, bytes_mixed 20 2ee4c4fc 167bdb15
[    2.285279] PM: Resume from disk failed.
[    2.285287] registered taskstats version 1
[    2.285289] random 0000 0000 0000 2ee4c4fc 167bdb15: rand_read_num 7 get_random_bytes(12): sig fffffc69 2ee4c4fc 167bdb15
[    2.285292] random 0000 0000 0000 2ee4c4fc 167bdb15: extract_entropy(.. 12 ..)
[    2.285294] random 0000 0000 0000 2ee4c4fc 167bdb15: going to reseed nonblocking with 96 bits (96 of 0 requested)
[    2.285296] random 0000 0000 0000 2ee4c4fc 167bdb15: extract_entropy(.. 12 ..)
[    2.285298] random 0000 0000 0000 2ee4c4fc 167bdb15: trying to extract 96 bits from input
[    2.285300] random 0000 0000 0000 2ee4c4fc 167bdb15: debiting 0 entropy credits from input
[    2.285302] random 0000 0000 0000 2ee4c4fc 167bdb15: extract_entropy account returned: 0 
[    2.285305] random 0000 0000 0000 2ee4c4fc 167bdb15: urand_change_num 26 xfer_secondary_pool(12): pool_sig fffffc69, data_sig 00000000, bytes_mixed 0 2ee4c4fc 167bdb15
[    2.285307] random 0000 0000 0000 2ee4c4fc 167bdb15: trying to extract 96 bits from nonblocking
[    2.285309] random 0000 0000 0000 2ee4c4fc 167bdb15: debiting 96 entropy credits from nonblocking (unlimited)
[    2.285311] random 0000 0000 0000 2ee4c4fc 167bdb15: extract_entropy account returned: 12 
[    2.285314] random 0000 0000 0000 2ee4c4fc 167bdb15: urand_change_num 27 extract_buf: pool_sig fffffc69, data_sig ffffff7d, bytes_mixed 20 2ee4c4fc 167bdb15
[    2.285319] random 0000 0000 0000 83b7c1ab 94697f48: urand_change_num 28 extract_buf: pool_sig fffffe30, data_sig fffffdd6, bytes_mixed 20 83b7c1ab 94697f48
[    2.285321] RANDOM - __seed init called.
[    2.285323] RANDOM - __seed init called.
[    2.285324] RANDOM - __seed init called.
[    2.285325] RANDOM - __random32 called. Change num 14.  Value: fc007995	feca4f80	21b38ad2
[    2.285327] RANDOM - random32_reseed called.  Value: fc007995	feca4f80	21b38ad2
[    2.285330] Pid: 1, comm: swapper Not tainted 2.6.32.57 #4
[    2.285331] Call Trace:
[    2.285337]  [<c14a8a0e>] ? printk+0x1d/0x1f
[    2.285341]  [<c17537e5>] random32_reseed+0x89/0xbd
[    2.285344]  [<c1003042>] do_one_initcall+0x32/0x1a0
[    2.285347]  [<c175375c>] ? random32_reseed+0x0/0xbd
[    2.285350]  [<c17308e7>] kernel_init+0x12d/0x17a
[    2.285352]  [<c17307ba>] ? kernel_init+0x0/0x17a
[    2.285355]  [<c1009b07>] kernel_thread_helper+0x7/0x10
[    2.288087] input: AT Translated Set 2 keyboard as /devices/platform/i8042/serio0/input/input1
[    2.291576] random 0000 0000 0000 6db70b00 b30ce96b: rand_read_num 8 get_random_bytes(64): sig fffffb38 6db70b00 b30ce96b
[    2.291579] random 0000 0000 0000 6db70b00 b30ce96b: extract_entropy(.. 64 ..)
[    2.291582] random 0000 0000 0000 6db70b00 b30ce96b: going to reseed nonblocking with 512 bits (512 of 0 requested)
[    2.291584] random 0000 0000 0000 6db70b00 b30ce96b: extract_entropy(.. 64 ..)
[    2.291586] random 0000 0000 0000 6db70b00 b30ce96b: trying to extract 512 bits from input
[    2.291588] random 0000 0000 0000 6db70b00 b30ce96b: debiting 0 entropy credits from input
[    2.291590] random 0000 0000 0000 6db70b00 b30ce96b: extract_entropy account returned: 0 
[    2.291593] random 0000 0000 0000 6db70b00 b30ce96b: urand_change_num 29 xfer_secondary_pool(64): pool_sig fffffb38, data_sig 00000000, bytes_mixed 0 6db70b00 b30ce96b
[    2.291596] random 0000 0000 0000 6db70b00 b30ce96b: trying to extract 512 bits from nonblocking
[    2.291599] random 0000 0000 0000 6db70b00 b30ce96b: debiting 512 entropy credits from nonblocking (unlimited)
[    2.291601] random 0000 0000 0000 6db70b00 b30ce96b: extract_entropy account returned: 64 
[    2.291604] random 0000 0000 0000 6db70b00 b30ce96b: urand_change_num 30 extract_buf: pool_sig fffffb38, data_sig 00000151, bytes_mixed 20 6db70b00 b30ce96b
[    2.291609] random 0000 0000 0000 6db70b00 b30ce96b: urand_change_num 31 extract_buf: pool_sig fffffdb8, data_sig 00000379, bytes_mixed 20 6db70b00 b30ce96b
[    2.291613] random 0000 0000 0000 6b83001e d4b6c0d3: urand_change_num 32 extract_buf: pool_sig ffffffc9, data_sig 00000198, bytes_mixed 20 6b83001e d4b6c0d3
[    2.291617] random 0000 0000 0000 79d3e3c7 be564518: urand_change_num 33 extract_buf: pool_sig 000002b9, data_sig ffffff84, bytes_mixed 20 79d3e3c7 be564518
[    2.291621] random 0000 0000 0000 79d3e3c7 be564518: urand_change_num 34 extract_buf: pool_sig ffffff55, data_sig ffffff5a, bytes_mixed 20 79d3e3c7 be564518
[    2.291625] random 0000 0000 0000 89c03cb2 0d353228: urand_change_num 35 extract_buf: pool_sig 00000007, data_sig ffffff17, bytes_mixed 20 89c03cb2 0d353228
[    2.291629] random 0000 0000 0000 89c03cb2 0d353228: urand_change_num 36 extract_buf: pool_sig fffffdae, data_sig 000000db, bytes_mixed 20 89c03cb2 0d353228  Magic number: 13:956:302
[    2.291643] tty tty31: hash matches
[    2.291722] rtc_cmos 00:04: setting system clock to 2013-05-24 23:15:21 UTC (1369437321)
[    2.291725] BIOS EDD facility v0.16 2004-Jun-25, 0 devices found
[    2.291727] EDD information not available.
[    2.291751] random 0000 0000 0000 8ca62387 b120332c: rand_read_num 9 get_random_bytes(64): sig fffffed6 8ca62387 b120332c
[    2.291753] random 0000 0000 0000 8ca62387 b120332c: extract_entropy(.. 64 ..)
[    2.291755] random 0000 0000 0000 8ca62387 b120332c: going to reseed nonblocking with 512 bits (512 of 0 requested)
[    2.291757] random 0000 0000 0000 8ca62387 b120332c: extract_entropy(.. 64 ..)
[    2.291759] random 0000 0000 0000 8ca62387 b120332c: trying to extract 512 bits from input
[    2.291761] random 0000 0000 0000 8ca62387 b120332c: debiting 0 entropy credits from input
[    2.291763] random 0000 0000 0000 8ca62387 b120332c: extract_entropy account returned: 0 
[    2.291766] random 0000 0000 0000 8ca62387 b120332c: urand_change_num 37 xfer_secondary_pool(64): pool_sig fffffed6, data_sig 00000000, bytes_mixed 0 8ca62387 b120332c
[    2.291769] random 0000 0000 0000 8ca62387 b120332c: trying to extract 512 bits from nonblocking
[    2.291771] random 0000 0000 0000 8ca62387 b120332c: debiting 512 entropy credits from nonblocking (unlimited)
[    2.291782] random 0000 0000 0000 8ca62387 b120332c: extract_entropy account returned: 64 
[    2.291786] random 0000 0000 0000 8ca62387 b120332c: urand_change_num 38 extract_buf: pool_sig fffffed6, data_sig fffffeb6, bytes_mixed 20 8ca62387 b120332c
[    2.291800] random 0000 0000 0000 90702413 e2a66c2e: urand_change_num 39 extract_buf: pool_sig fffffbb0, data_sig 0000012e, bytes_mixed 20 90702413 e2a66c2e
[    2.291807] random 0000 0000 0000 90702413 e2a66c2e: urand_change_num 40 extract_buf: pool_sig fffffaf1, data_sig ffffff3c, bytes_mixed 20 90702413 e2a66c2e
[    2.291814] random 0000 0000 0000 3f58038b c77aecb6: urand_change_num 41 extract_buf: pool_sig 00000234, data_sig fffffdec, bytes_mixed 20 3f58038b c77aecb6
[    2.291820] random 0000 0000 0000 47187b9d 03f21510: urand_change_num 42 extract_buf: pool_sig 00000192, data_sig 00000075, bytes_mixed 20 47187b9d 03f21510
[    2.291824] random 0000 0000 0000 47187b9d 03f21510: urand_change_num 43 extract_buf: pool_sig 0000018e, data_sig ffffffbf, bytes_mixed 20 47187b9d 03f21510
[    2.291829] random 0000 0000 0000 3180b1fc 0fa9c973: urand_change_num 44 extract_buf: pool_sig fffffecf, data_sig ffffff2a, bytes_mixed 20 3180b1fc 0fa9c973
[    2.291841] BEGIN NET_SECRET:
[    2.291842] \xffffff87
[    2.291843] \xffffff8d
[    2.291844] \xfffffff4
[    2.291845] \xffffffae
[    2.291846] \xffffffc3
[    2.291847] \xffffffb7
[    2.291848] \x31
[    2.291850] \x65
[    2.291851] \xffffffda
[    2.291852] \xffffffa2
[    2.291853] \x31
[    2.291854] \xffffffc8
[    2.291855] \xffffffa9
[    2.291856] \x76
[    2.291857] \x76
[    2.291858] \xffffff90
[    2.291859] \x55
[    2.291860] \xfffffff3
[    2.291861] \xffffffb1
[    2.291862] \x3
[    2.291864] \xffffffb3
[    2.291865] \xffffffa7
[    2.291866] \x5a
[    2.291867] \x71
[    2.291868] \x70
[    2.291869] \xffffff8c
[    2.291870] \x56
[    2.291871] \x25
[    2.291872] \xffffffe1
[    2.291873] \x4c
[    2.291874] \xffffffe6
[    2.291875] \xffffff95
[    2.291876] \x67
[    2.291877] \x4c
[    2.291879] \xffffffb9
[    2.291880] \x1d
[    2.291881] \xe
[    2.291882] \x34
[    2.291883] \xffffffbe
[    2.291884] \x12
[    2.291885] \x5
[    2.291886] \xffffff98
[    2.291887] \xffffffa0
[    2.291888] \xf
[    2.291889] \xffffffb2
[    2.291890] \xffffffde
[    2.291891] \xffffff99
[    2.291892] \xf
[    2.291893] \xffffffe8
[    2.291895] \xffffffc8
[    2.291896] \x1f
[    2.291897] \x54
[    2.291898] \x2c
[    2.291899] \xffffffee
[    2.291900] \x2e
[    2.291901] \x0
[    2.291902] \xffffff95
[    2.291903] \x0
[    2.291904] \xffffffe3
[    2.291905] \xffffffa7
[    2.291906] \xfffffffd
[    2.291907] \x66
[    2.291908] \xffffff92
[    2.291910] \xfffffff0
[    2.291911] 
[    2.291911] END NET_SECRET
[    2.291914] random 0000 0000 0000 3180b1fc 0fa9c973: rand_read_num 10 get_random_bytes(4): sig ffffff46 3180b1fc 0fa9c973
[    2.291916] random 0000 0000 0000 3180b1fc 0fa9c973: extract_entropy(.. 4 ..)
[    2.291919] random 0000 0000 0000 3180b1fc 0fa9c973: going to reseed nonblocking with 64 bits (32 of 0 requested)
[    2.291921] random 0000 0000 0000 3180b1fc 0fa9c973: extract_entropy(.. 8 ..)
[    2.291923] random 0000 0000 0000 3180b1fc 0fa9c973: trying to extract 64 bits from input
[    2.291925] random 0000 0000 0000 3180b1fc 0fa9c973: debiting 0 entropy credits from input
[    2.291927] random 0000 0000 0000 3180b1fc 0fa9c973: extract_entropy account returned: 0 
[    2.291929] random 0000 0000 0000 3180b1fc 0fa9c973: urand_change_num 45 xfer_secondary_pool(4): pool_sig ffffff46, data_sig 00000000, bytes_mixed 0 3180b1fc 0fa9c973
[    2.291932] random 0000 0000 0000 3180b1fc 0fa9c973: trying to extract 32 bits from nonblocking
[    2.291934] random 0000 0000 0000 3180b1fc 0fa9c973: debiting 32 entropy credits from nonblocking (unlimited)
[    2.291936] random 0000 0000 0000 3180b1fc 0fa9c973: extract_entropy account returned: 4 
[    2.291939] random 0000 0000 0000 3180b1fc 0fa9c973: urand_change_num 46 extract_buf: pool_sig ffffff46, data_sig 0000001b, bytes_mixed 20 3180b1fc 0fa9c973
[    2.462731] ata2.00: ATAPI: VMware Virtual IDE CDROM Drive, 00000001, max UDMA/33
[    2.463008] ata2.00: configured for UDMA/33
[    2.463395] scsi 1:0:0:0: CD-ROM            NECVMWar VMware IDE CDR10 1.00 PQ: 0 ANSI: 5
[    2.464621] sr0: scsi3-mmc drive: 306x/306x cd/rw xa/form2 cdda tray
[    2.464625] Uniform CD-ROM driver Revision: 3.20
[    2.464674] sr 1:0:0:0: Attached scsi CD-ROM sr0
[    2.464711] sr 1:0:0:0: Attached scsi generic sg0 type 5
[    2.464748] Freeing unused kernel memory: 652k freed
[    2.464797] Write protecting the kernel text: 4840k
[    2.464839] Write protecting the kernel read-only data: 1968k
