[    0.000000] random 0000 0000 0000 00000000 00000000: rand_read_num 1 get_random_bytes(8): sig 00000000 00000000 00000000
[    0.000000] random 0000 0000 0000 00000000 00000000: extract_entropy(.. 8 ..)
[    0.000000] random 0000 0000 0000 00000000 00000000: going to reseed nonblocking with 64 bits (64 of 0 requested)
[    0.000000] random 0000 0000 0000 00000000 00000000: extract_entropy(.. 8 ..)
[    0.000000] random 0000 0000 0000 00000000 00000000: trying to extract 64 bits from input
[    0.000000] random 0000 0000 0000 00000000 00000000: debiting 0 entropy credits from input
[    0.000000] random 0000 0000 0000 00000000 00000000: extract_entropy account returned: 0 
[    0.000000] random 0000 0000 0000 00000000 00000000: urand_change_num 1 xfer_secondary_pool(8): pool_sig 00000000, data_sig 00000000, bytes_mixed 0 00000000 00000000
[    0.000000] random 0000 0000 0000 00000000 00000000: trying to extract 64 bits from nonblocking
[    0.000000] random 0000 0000 0000 00000000 00000000: debiting 64 entropy credits from nonblocking (unlimited)
[    0.000000] random 0000 0000 0000 00000000 00000000: extract_entropy account returned: 8 
[    0.000000] random 0000 0000 0000 00000000 00000000: urand_change_num 2 extract_buf: pool_sig 00000000, data_sig fffffff9, bytes_mixed 20 00000000 00000000
[    0.000000] Initializing cgroup subsys cpuset
[    0.000000] Initializing cgroup subsys cpu
[    0.000000] Linux version 2.6.32.57 (dcashman@ubuntu) (gcc version 4.6.3 (Ubuntu/Linaro 4.6.3-1ubuntu5) ) #4 SMP Fri May 24 11:09:26 PDT 2013
[    0.000000] KERNEL supported cpus:
[    0.000000]   Intel GenuineIntel
[    0.000000]   AMD AuthenticAMD
[    0.000000]   NSC Geode by NSC
[    0.000000]   Cyrix CyrixInstead
[    0.000000]   Centaur CentaurHauls
[    0.000000]   Transmeta GenuineTMx86
[    0.000000]   Transmeta TransmetaCPU
[    0.000000]   UMC UMC UMC UMC
[    0.000000] BIOS-provided physical RAM map:
[    0.000000]  BIOS-e820: 0000000000000000 - 000000000009f000 (usable)
[    0.000000]  BIOS-e820: 000000000009f000 - 00000000000a0000 (reserved)
[    0.000000]  BIOS-e820: 00000000000ca000 - 00000000000cc000 (reserved)
[    0.000000]  BIOS-e820: 00000000000dc000 - 0000000000100000 (reserved)
[    0.000000]  BIOS-e820: 0000000000100000 - 000000003fee0000 (usable)
[    0.000000]  BIOS-e820: 000000003fee0000 - 000000003feff000 (ACPI data)
[    0.000000]  BIOS-e820: 000000003feff000 - 000000003ff00000 (ACPI NVS)
[    0.000000]  BIOS-e820: 000000003ff00000 - 0000000040000000 (usable)
[    0.000000]  BIOS-e820: 00000000e0000000 - 00000000f0000000 (reserved)
[    0.000000]  BIOS-e820: 00000000fec00000 - 00000000fec10000 (reserved)
[    0.000000]  BIOS-e820: 00000000fee00000 - 00000000fee01000 (reserved)
[    0.000000]  BIOS-e820: 00000000fffe0000 - 0000000100000000 (reserved)
[    0.000000] DMI present.
[    0.000000] Phoenix BIOS detected: BIOS may corrupt low RAM, working around it.
[    0.000000] e820 update range: 0000000000000000 - 0000000000010000 (usable) ==> (reserved)
[    0.000000] last_pfn = 0x40000 max_arch_pfn = 0x1000000
[    0.000000] MTRR default type: uncachable
[    0.000000] MTRR fixed ranges enabled:
[    0.000000]   00000-9FFFF write-back
[    0.000000]   A0000-BFFFF uncachable
[    0.000000]   C0000-CBFFF write-protect
[    0.000000]   CC000-EFFFF uncachable
[    0.000000]   F0000-FFFFF write-protect
[    0.000000] MTRR variable ranges enabled:
[    0.000000]   0 base 0000000000 mask FFC0000000 write-back
[    0.000000]   1 disabled
[    0.000000]   2 disabled
[    0.000000]   3 disabled
[    0.000000]   4 disabled
[    0.000000]   5 disabled
[    0.000000]   6 disabled
[    0.000000]   7 disabled
[    0.000000] x86 PAT enabled: cpu 0, old 0x0, new 0x7010600070106
[    0.000000] Scanning 0 areas for low memory corruption
[    0.000000] modified physical RAM map:
[    0.000000]  modified: 0000000000000000 - 0000000000010000 (reserved)
[    0.000000]  modified: 0000000000010000 - 000000000009f000 (usable)
[    0.000000]  modified: 000000000009f000 - 00000000000a0000 (reserved)
[    0.000000]  modified: 00000000000ca000 - 00000000000cc000 (reserved)
[    0.000000]  modified: 00000000000dc000 - 0000000000100000 (reserved)
[    0.000000]  modified: 0000000000100000 - 000000003fee0000 (usable)
[    0.000000]  modified: 000000003fee0000 - 000000003feff000 (ACPI data)
[    0.000000]  modified: 000000003feff000 - 000000003ff00000 (ACPI NVS)
[    0.000000]  modified: 000000003ff00000 - 0000000040000000 (usable)
[    0.000000]  modified: 00000000e0000000 - 00000000f0000000 (reserved)
[    0.000000]  modified: 00000000fec00000 - 00000000fec10000 (reserved)
[    0.000000]  modified: 00000000fee00000 - 00000000fee01000 (reserved)
[    0.000000]  modified: 00000000fffe0000 - 0000000100000000 (reserved)
[    0.000000] initial memory mapped : 0 - 01e00000
[    0.000000] init_memory_mapping: 0000000000000000-00000000379fe000
[    0.000000] NX (Execute Disable) protection: active
[    0.000000]  0000000000 - 0000200000 page 4k
[    0.000000]  0000200000 - 0037800000 page 2M
[    0.000000]  0037800000 - 00379fe000 page 4k
[    0.000000] kernel direct mapping tables up to 379fe000 @ 10000-16000
[    0.000000] RAMDISK: 2dcfc000 - 32e758c3
[    0.000000] ACPI: RSDP 000f6b80 00024 (v02 PTLTD )
[    0.000000] ACPI: XSDT 3feed636 0005C (v01 INTEL  440BX    06040000 VMW  01324272)
[    0.000000] ACPI: FACP 3fefee98 000F4 (v04 INTEL  440BX    06040000 PTL  000F4240)
[    0.000000] ACPI: DSDT 3feee366 10B32 (v01 PTLTD  Custom   06040000 MSFT 03000001)
[    0.000000] ACPI: FACS 3fefffc0 00040
[    0.000000] ACPI: BOOT 3feee33e 00028 (v01 PTLTD  $SBFTBL$ 06040000  LTP 00000001)
[    0.000000] ACPI: APIC 3feedc3e 003C2 (v01 PTLTD  ? APIC   06040000  LTP 00000000)
[    0.000000] ACPI: MCFG 3feedc02 0003C (v01 PTLTD  $PCITBL$ 06040000  LTP 00000001)
[    0.000000] ACPI: SRAT 3feed732 004D0 (v02 VMWARE MEMPLUG  06040000 VMW  00000001)
[    0.000000] ACPI: HPET 3feed6fa 00038 (v01 VMWARE VMW HPET 06040000 VMW  00000001)
[    0.000000] ACPI: WAET 3feed6d2 00028 (v01 VMWARE VMW WAET 06040000 VMW  00000001)
[    0.000000] ACPI: Local APIC address 0xfee00000
[    0.000000] 134MB HIGHMEM available.
[    0.000000] 889MB LOWMEM available.
[    0.000000]   mapped low ram: 0 - 379fe000
[    0.000000]   low ram: 0 - 379fe000
[    0.000000]   node 0 low ram: 00000000 - 379fe000
[    0.000000]   node 0 bootmap 00012000 - 00018f40
[    0.000000] (9 early reservations) ==> bootmem [0000000000 - 00379fe000]
[    0.000000]   #0 [0000000000 - 0000001000]   BIOS data page ==> [0000000000 - 0000001000]
[    0.000000]   #1 [0000001000 - 0000002000]    EX TRAMPOLINE ==> [0000001000 - 0000002000]
[    0.000000]   #2 [0000006000 - 0000007000]       TRAMPOLINE ==> [0000006000 - 0000007000]
[    0.000000]   #3 [0001000000 - 0001a75ff8]    TEXT DATA BSS ==> [0001000000 - 0001a75ff8]
[    0.000000]   #4 [002dcfc000 - 0032e758c3]          RAMDISK ==> [002dcfc000 - 0032e758c3]
[    0.000000]   #5 [000009f000 - 0000100000]    BIOS reserved ==> [000009f000 - 0000100000]
[    0.000000]   #6 [0001a76000 - 0001a851c0]              BRK ==> [0001a76000 - 0001a851c0]
[    0.000000]   #7 [0000010000 - 0000012000]          PGTABLE ==> [0000010000 - 0000012000]
[    0.000000]   #8 [0000012000 - 0000019000]          BOOTMAP ==> [0000012000 - 0000019000]
[    0.000000] found SMP MP-table at [c00f6bf0] f6bf0
[    0.000000] Zone PFN ranges:
[    0.000000]   DMA      0x00000010 -> 0x00001000
[    0.000000]   Normal   0x00001000 -> 0x000379fe
[    0.000000]   HighMem  0x000379fe -> 0x00040000
[    0.000000] Movable zone start PFN for each node
[    0.000000] early_node_map[3] active PFN ranges
[    0.000000]     0: 0x00000010 -> 0x0000009f
[    0.000000]     0: 0x00000100 -> 0x0003fee0
[    0.000000]     0: 0x0003ff00 -> 0x00040000
[    0.000000] On node 0 totalpages: 261999
[    0.000000] free_area_init_node: node 0, pgdat c1715200, node_mem_map c1a87200
[    0.000000]   DMA zone: 32 pages used for memmap
[    0.000000]   DMA zone: 0 pages reserved
[    0.000000]   DMA zone: 3951 pages, LIFO batch:0
[    0.000000]   Normal zone: 1748 pages used for memmap
[    0.000000]   Normal zone: 221994 pages, LIFO batch:31
[    0.000000]   HighMem zone: 269 pages used for memmap
[    0.000000]   HighMem zone: 34005 pages, LIFO batch:7
[    0.000000] Using APIC driver default
[    0.000000] ACPI: PM-Timer IO Port: 0x1008
[    0.000000] ACPI: Local APIC address 0xfee00000
[    0.000000] ACPI: LAPIC (acpi_id[0x00] lapic_id[0x00] enabled)
[    0.000000] ACPI: LAPIC (acpi_id[0x01] lapic_id[0x02] disabled)
[    0.000000] ACPI: LAPIC (acpi_id[0x02] lapic_id[0x04] disabled)
[    0.000000] ACPI: LAPIC (acpi_id[0x03] lapic_id[0x06] disabled)
[    0.000000] ACPI: LAPIC (acpi_id[0x04] lapic_id[0x08] disabled)
[    0.000000] ACPI: LAPIC (acpi_id[0x05] lapic_id[0x0a] disabled)
[    0.000000] ACPI: LAPIC (acpi_id[0x06] lapic_id[0x0c] disabled)
[    0.000000] ACPI: LAPIC (acpi_id[0x07] lapic_id[0x0e] disabled)
[    0.000000] ACPI: LAPIC (acpi_id[0x08] lapic_id[0x10] disabled)
[    0.000000] ACPI: LAPIC (acpi_id[0x09] lapic_id[0x12] disabled)
[    0.000000] ACPI: LAPIC (acpi_id[0x0a] lapic_id[0x14] disabled)
[    0.000000] ACPI: LAPIC (acpi_id[0x0b] lapic_id[0x16] disabled)
[    0.000000] ACPI: LAPIC (acpi_id[0x0c] lapic_id[0x18] disabled)
[    0.000000] ACPI: LAPIC (acpi_id[0x0d] lapic_id[0x1a] disabled)
[    0.000000] ACPI: LAPIC (acpi_id[0x0e] lapic_id[0x1c] disabled)
[    0.000000] ACPI: LAPIC (acpi_id[0x0f] lapic_id[0x1e] disabled)
[    0.000000] ACPI: LAPIC (acpi_id[0x10] lapic_id[0x20] disabled)
[    0.000000] ACPI: LAPIC (acpi_id[0x11] lapic_id[0x22] disabled)
[    0.000000] ACPI: LAPIC (acpi_id[0x12] lapic_id[0x24] disabled)
[    0.000000] ACPI: LAPIC (acpi_id[0x13] lapic_id[0x26] disabled)
[    0.000000] ACPI: LAPIC (acpi_id[0x14] lapic_id[0x28] disabled)
[    0.000000] ACPI: LAPIC (acpi_id[0x15] lapic_id[0x2a] disabled)
[    0.000000] ACPI: LAPIC (acpi_id[0x16] lapic_id[0x2c] disabled)
[    0.000000] ACPI: LAPIC (acpi_id[0x17] lapic_id[0x2e] disabled)
[    0.000000] ACPI: LAPIC (acpi_id[0x18] lapic_id[0x30] disabled)
[    0.000000] ACPI: LAPIC (acpi_id[0x19] lapic_id[0x32] disabled)
[    0.000000] ACPI: LAPIC (acpi_id[0x1a] lapic_id[0x34] disabled)
[    0.000000] ACPI: LAPIC (acpi_id[0x1b] lapic_id[0x36] disabled)
[    0.000000] ACPI: LAPIC (acpi_id[0x1c] lapic_id[0x38] disabled)
[    0.000000] ACPI: LAPIC (acpi_id[0x1d] lapic_id[0x3a] disabled)
[    0.000000] ACPI: LAPIC (acpi_id[0x1e] lapic_id[0x3c] disabled)
[    0.000000] ACPI: LAPIC (acpi_id[0x1f] lapic_id[0x3e] disabled)
[    0.000000] ACPI: LAPIC (acpi_id[0x20] lapic_id[0x40] disabled)
[    0.000000] ACPI: LAPIC (acpi_id[0x21] lapic_id[0x42] disabled)
[    0.000000] ACPI: LAPIC (acpi_id[0x22] lapic_id[0x44] disabled)
[    0.000000] ACPI: LAPIC (acpi_id[0x23] lapic_id[0x46] disabled)
[    0.000000] ACPI: LAPIC (acpi_id[0x24] lapic_id[0x48] disabled)
[    0.000000] ACPI: LAPIC (acpi_id[0x25] lapic_id[0x4a] disabled)
[    0.000000] ACPI: LAPIC (acpi_id[0x26] lapic_id[0x4c] disabled)
[    0.000000] ACPI: LAPIC (acpi_id[0x27] lapic_id[0x4e] disabled)
[    0.000000] ACPI: LAPIC (acpi_id[0x28] lapic_id[0x50] disabled)
[    0.000000] ACPI: LAPIC (acpi_id[0x29] lapic_id[0x52] disabled)
[    0.000000] ACPI: LAPIC (acpi_id[0x2a] lapic_id[0x54] disabled)
[    0.000000] ACPI: LAPIC (acpi_id[0x2b] lapic_id[0x56] disabled)
[    0.000000] ACPI: LAPIC (acpi_id[0x2c] lapic_id[0x58] disabled)
[    0.000000] ACPI: LAPIC (acpi_id[0x2d] lapic_id[0x5a] disabled)
[    0.000000] ACPI: LAPIC (acpi_id[0x2e] lapic_id[0x5c] disabled)
[    0.000000] ACPI: LAPIC (acpi_id[0x2f] lapic_id[0x5e] disabled)
[    0.000000] ACPI: LAPIC (acpi_id[0x30] lapic_id[0x60] disabled)
[    0.000000] ACPI: LAPIC (acpi_id[0x31] lapic_id[0x62] disabled)
[    0.000000] ACPI: LAPIC (acpi_id[0x32] lapic_id[0x64] disabled)
[    0.000000] ACPI: LAPIC (acpi_id[0x33] lapic_id[0x66] disabled)
[    0.000000] ACPI: LAPIC (acpi_id[0x34] lapic_id[0x68] disabled)
[    0.000000] ACPI: LAPIC (acpi_id[0x35] lapic_id[0x6a] disabled)
[    0.000000] ACPI: LAPIC (acpi_id[0x36] lapic_id[0x6c] disabled)
[    0.000000] ACPI: LAPIC (acpi_id[0x37] lapic_id[0x6e] disabled)
[    0.000000] ACPI: LAPIC (acpi_id[0x38] lapic_id[0x70] disabled)
[    0.000000] ACPI: LAPIC (acpi_id[0x39] lapic_id[0x72] disabled)
[    0.000000] ACPI: LAPIC (acpi_id[0x3a] lapic_id[0x74] disabled)
[    0.000000] ACPI: LAPIC (acpi_id[0x3b] lapic_id[0x76] disabled)
[    0.000000] ACPI: LAPIC (acpi_id[0x3c] lapic_id[0x78] disabled)
[    0.000000] ACPI: LAPIC (acpi_id[0x3d] lapic_id[0x7a] disabled)
[    0.000000] ACPI: LAPIC (acpi_id[0x3e] lapic_id[0x7c] disabled)
[    0.000000] ACPI: LAPIC (acpi_id[0x3f] lapic_id[0x7e] disabled)
[    0.000000] ACPI: LAPIC_NMI (acpi_id[0x00] high edge lint[0x1])
[    0.000000] ACPI: LAPIC_NMI (acpi_id[0x01] high edge lint[0x1])
[    0.000000] ACPI: LAPIC_NMI (acpi_id[0x02] high edge lint[0x1])
[    0.000000] ACPI: LAPIC_NMI (acpi_id[0x03] high edge lint[0x1])
[    0.000000] ACPI: LAPIC_NMI (acpi_id[0x04] high edge lint[0x1])
[    0.000000] ACPI: LAPIC_NMI (acpi_id[0x05] high edge lint[0x1])
[    0.000000] ACPI: LAPIC_NMI (acpi_id[0x06] high edge lint[0x1])
[    0.000000] ACPI: LAPIC_NMI (acpi_id[0x07] high edge lint[0x1])
[    0.000000] ACPI: LAPIC_NMI (acpi_id[0x08] high edge lint[0x1])
[    0.000000] ACPI: LAPIC_NMI (acpi_id[0x09] high edge lint[0x1])
[    0.000000] ACPI: LAPIC_NMI (acpi_id[0x0a] high edge lint[0x1])
[    0.000000] ACPI: LAPIC_NMI (acpi_id[0x0b] high edge lint[0x1])
[    0.000000] ACPI: LAPIC_NMI (acpi_id[0x0c] high edge lint[0x1])
[    0.000000] ACPI: LAPIC_NMI (acpi_id[0x0d] high edge lint[0x1])
[    0.000000] ACPI: LAPIC_NMI (acpi_id[0x0e] high edge lint[0x1])
[    0.000000] ACPI: LAPIC_NMI (acpi_id[0x0f] high edge lint[0x1])
[    0.000000] ACPI: LAPIC_NMI (acpi_id[0x10] high edge lint[0x1])
[    0.000000] ACPI: LAPIC_NMI (acpi_id[0x11] high edge lint[0x1])
[    0.000000] ACPI: LAPIC_NMI (acpi_id[0x12] high edge lint[0x1])
[    0.000000] ACPI: LAPIC_NMI (acpi_id[0x13] high edge lint[0x1])
[    0.000000] ACPI: LAPIC_NMI (acpi_id[0x14] high edge lint[0x1])
[    0.000000] ACPI: LAPIC_NMI (acpi_id[0x15] high edge lint[0x1])
[    0.000000] ACPI: LAPIC_NMI (acpi_id[0x16] high edge lint[0x1])
[    0.000000] ACPI: LAPIC_NMI (acpi_id[0x17] high edge lint[0x1])
[    0.000000] ACPI: LAPIC_NMI (acpi_id[0x18] high edge lint[0x1])
[    0.000000] ACPI: LAPIC_NMI (acpi_id[0x19] high edge lint[0x1])
[    0.000000] ACPI: LAPIC_NMI (acpi_id[0x1a] high edge lint[0x1])
[    0.000000] ACPI: LAPIC_NMI (acpi_id[0x1b] high edge lint[0x1])
[    0.000000] ACPI: LAPIC_NMI (acpi_id[0x1c] high edge lint[0x1])
[    0.000000] ACPI: LAPIC_NMI (acpi_id[0x1d] high edge lint[0x1])
[    0.000000] ACPI: LAPIC_NMI (acpi_id[0x1e] high edge lint[0x1])
[    0.000000] ACPI: LAPIC_NMI (acpi_id[0x1f] high edge lint[0x1])
[    0.000000] ACPI: LAPIC_NMI (acpi_id[0x20] high edge lint[0x1])
[    0.000000] ACPI: LAPIC_NMI (acpi_id[0x21] high edge lint[0x1])
[    0.000000] ACPI: LAPIC_NMI (acpi_id[0x22] high edge lint[0x1])
[    0.000000] ACPI: LAPIC_NMI (acpi_id[0x23] high edge lint[0x1])
[    0.000000] ACPI: LAPIC_NMI (acpi_id[0x24] high edge lint[0x1])
[    0.000000] ACPI: LAPIC_NMI (acpi_id[0x25] high edge lint[0x1])
[    0.000000] ACPI: LAPIC_NMI (acpi_id[0x26] high edge lint[0x1])
[    0.000000] ACPI: LAPIC_NMI (acpi_id[0x27] high edge lint[0x1])
[    0.000000] ACPI: LAPIC_NMI (acpi_id[0x28] high edge lint[0x1])
[    0.000000] ACPI: LAPIC_NMI (acpi_id[0x29] high edge lint[0x1])
[    0.000000] ACPI: LAPIC_NMI (acpi_id[0x2a] high edge lint[0x1])
[    0.000000] ACPI: LAPIC_NMI (acpi_id[0x2b] high edge lint[0x1])
[    0.000000] ACPI: LAPIC_NMI (acpi_id[0x2c] high edge lint[0x1])
[    0.000000] ACPI: LAPIC_NMI (acpi_id[0x2d] high edge lint[0x1])
[    0.000000] ACPI: LAPIC_NMI (acpi_id[0x2e] high edge lint[0x1])
[    0.000000] ACPI: LAPIC_NMI (acpi_id[0x2f] high edge lint[0x1])
[    0.000000] ACPI: LAPIC_NMI (acpi_id[0x30] high edge lint[0x1])
[    0.000000] ACPI: LAPIC_NMI (acpi_id[0x31] high edge lint[0x1])
[    0.000000] ACPI: LAPIC_NMI (acpi_id[0x32] high edge lint[0x1])
[    0.000000] ACPI: LAPIC_NMI (acpi_id[0x33] high edge lint[0x1])
[    0.000000] ACPI: LAPIC_NMI (acpi_id[0x34] high edge lint[0x1])
[    0.000000] ACPI: LAPIC_NMI (acpi_id[0x35] high edge lint[0x1])
[    0.000000] ACPI: LAPIC_NMI (acpi_id[0x36] high edge lint[0x1])
[    0.000000] ACPI: LAPIC_NMI (acpi_id[0x37] high edge lint[0x1])
[    0.000000] ACPI: LAPIC_NMI (acpi_id[0x38] high edge lint[0x1])
[    0.000000] ACPI: LAPIC_NMI (acpi_id[0x39] high edge lint[0x1])
[    0.000000] ACPI: LAPIC_NMI (acpi_id[0x3a] high edge lint[0x1])
[    0.000000] ACPI: LAPIC_NMI (acpi_id[0x3b] high edge lint[0x1])
[    0.000000] ACPI: LAPIC_NMI (acpi_id[0x3c] high edge lint[0x1])
[    0.000000] ACPI: LAPIC_NMI (acpi_id[0x3d] high edge lint[0x1])
[    0.000000] ACPI: LAPIC_NMI (acpi_id[0x3e] high edge lint[0x1])
[    0.000000] ACPI: LAPIC_NMI (acpi_id[0x3f] high edge lint[0x1])
[    0.000000] ACPI: Skipping IOAPIC probe due to 'noapic' option.
[    0.000000] Using ACPI for processor (LAPIC) configuration information
[    0.000000] ACPI: HPET id: 0x8086af01 base: 0xfed00000
[    0.000000] Intel MultiProcessor Specification v1.4
[    0.000000]     Virtual Wire compatibility mode.
[    0.000000] MPTABLE: OEM ID: INTEL   
[    0.000000] MPTABLE: Product ID: 440BX       
[    0.000000] MPTABLE: APIC at: 0xFEE00000
[    0.000000] I/O APIC #1 Version 17 at 0xFEC00000.
[    0.000000] Processors: 1
[    0.000000] 64 Processors exceeds NR_CPUS limit of 8
[    0.000000] SMP: Allowing 8 CPUs, 7 hotplug CPUs
[    0.000000] nr_irqs_gsi: 24
[    0.000000] PM: Registered nosave memory: 000000000009f000 - 00000000000a0000
[    0.000000] PM: Registered nosave memory: 00000000000a0000 - 00000000000ca000
[    0.000000] PM: Registered nosave memory: 00000000000ca000 - 00000000000cc000
[    0.000000] PM: Registered nosave memory: 00000000000cc000 - 00000000000dc000
[    0.000000] PM: Registered nosave memory: 00000000000dc000 - 0000000000100000
[    0.000000] Allocating PCI resources starting at 40000000 (gap: 40000000:a0000000)
[    0.000000] Booting paravirtualized kernel on bare hardware
[    0.000000] NR_CPUS:8 nr_cpumask_bits:8 nr_cpu_ids:8 nr_node_ids:1
[    0.000000] PERCPU: Embedded 15 pages/cpu @c2400000 s39320 r0 d22120 u262144
[    0.000000] pcpu-alloc: s39320 r0 d22120 u262144 alloc=1*2097152
[    0.000000] pcpu-alloc: [0] 0 1 2 3 4 5 6 7 
[    0.000000] Built 1 zonelists in Zone order, mobility grouping on.  Total pages: 259950
[    0.000000] Kernel command line: BOOT_IMAGE=/boot/vmlinuz-2.6.32.57 root=UUID=007b598c-390d-4c65-84a1-4ff752d48633 ro quiet splash maxcpus=0
[    0.000000] PID hash table entries: 4096 (order: 2, 16384 bytes)
[    0.000000] Dentry cache hash table entries: 131072 (order: 7, 524288 bytes)
[    0.000000] Inode-cache hash table entries: 65536 (order: 6, 262144 bytes)
[    0.000000] Enabling fast FPU save and restore... done.
[    0.000000] Enabling unmasked SIMD FPU exception support... done.
[    0.000000] Initializing CPU#0
[    0.000000] xsave/xrstor: enabled xstate_bv 0x7, cntxt size 0x340
[    0.000000] allocated 5242560 bytes of page_cgroup
[    0.000000] please try 'cgroup_disable=memory' option if you don't want memory cgroups
[    0.000000] Initializing HighMem for node 0 (000379fe:00040000)
[    0.000000] Memory: 938260k/1048576k available (4839k kernel code, 108848k reserved, 2518k data, 652k init, 137096k highmem)
[    0.000000] virtual kernel memory layout:
[    0.000000]     fixmap  : 0xfff1e000 - 0xfffff000   ( 900 kB)
[    0.000000]     pkmap   : 0xffa00000 - 0xffc00000   (2048 kB)
[    0.000000]     vmalloc : 0xf81fe000 - 0xff9fe000   ( 120 MB)
[    0.000000]     lowmem  : 0xc0000000 - 0xf79fe000   ( 889 MB)
[    0.000000]       .init : 0xc1730000 - 0xc17d3000   ( 652 kB)
[    0.000000]       .data : 0xc14b9cce - 0xc172f764   (2518 kB)
[    0.000000]       .text : 0xc1000000 - 0xc14b9cce   (4839 kB)
[    0.000000] Checking if this processor honours the WP bit even in supervisor mode...Ok.
[    0.000000] SLUB: Genslabs=13, HWalign=64, Order=0-3, MinObjects=0, CPUs=8, Nodes=1
[    0.000000] Hierarchical RCU implementation.
[    0.000000] NR_IRQS:2304 nr_irqs:472
[    0.000000] Extended CMOS year: 2000
[    0.000000] Console: colour VGA+ 80x25
[    0.000000] console [tty0] enabled
[    0.000000] hpet clockevent registered
[    0.000000] TSC freq read from hypervisor : 2394.620 MHz
[    0.000000] Detected 2394.620 MHz processor.
[    0.000003] Calibrating delay loop (skipped) preset value.. 4789.24 BogoMIPS (lpj=9578480)
[    0.000012] Security Framework initialized
[    0.000015] SELinux:  Disabled at boot.
[    0.000020] Mount-cache hash table entries: 512
[    0.000122] Initializing cgroup subsys cpuacct
[    0.000125] Initializing cgroup subsys memory
[    0.000129] Initializing cgroup subsys devices
[    0.000130] Initializing cgroup subsys freezer
[    0.000157] CPU: Physical Processor ID: 0
[    0.000165] CPU: L1 I cache: 32K, L1 D cache: 32K
[    0.000166] CPU: L2 cache: 256K
[    0.000167] CPU: L3 cache: 4096K
[    0.000172] mce: CPU supports 0 MCE banks
[    0.000185] Performance Events: no PMU driver, software events only.
[    0.000195] Checking 'hlt' instruction... OK.
[    0.018081] SMP alternatives: switching to UP code
[    0.032060] ACPI: Core revision 20090903
[    0.038217] ACPI: setting ELCR to 0200 (from 0e20)
[    0.039217] ftrace: converting mcount calls to 0f 1f 44 00 00
[    0.039222] ftrace: allocating 22631 entries in 45 pages
[    0.056745] CANARY value: bb47225c for PID: 1
[    0.056778] Not enabling x2apic, Intr-remapping init failed.
[    0.056779] Enabling APIC mode:  Flat.  Using 1 I/O APICs
[    0.056787] SMP mode deactivated.
[    0.056813] SMP disabled
[    0.056871] Brought up 1 CPUs
[    0.056873] Total of 1 processors activated (4789.24 BogoMIPS).
[    0.056877] CPU0 attaching NULL sched-domain.
[    0.056948] devtmpfs: initialized
[    0.057059] sysctl table check failed: /kernel/random/now_input .1.40.7 Unknown sysctl binary path
[    0.057317] Pid: 1, comm: swapper Not tainted 2.6.32.57 #4
[    0.057318] Call Trace:
[    0.057323]  [<c14a8a0e>] ? printk+0x1d/0x1f
[    0.057326]  [<c107b56f>] set_fail+0x4f/0x60
[    0.057328]  [<c107b8b3>] sysctl_check_table+0x333/0x620
[    0.057330]  [<c107b8cc>] sysctl_check_table+0x34c/0x620
[    0.057331]  [<c107b8cc>] sysctl_check_table+0x34c/0x620
[    0.057335]  [<c1746d48>] sysctl_init+0x25/0x29
[    0.057337]  [<c1003042>] do_one_initcall+0x32/0x1a0
[    0.057340]  [<c1746d23>] ? sysctl_init+0x0/0x29
[    0.057342]  [<c17308e7>] kernel_init+0x12d/0x17a
[    0.057344]  [<c17307ba>] ? kernel_init+0x0/0x17a
[    0.057346]  [<c1009b07>] kernel_thread_helper+0x7/0x10
[    0.057348] sysctl table check failed: /kernel/random/now_blocking .1.40.8 Unknown sysctl binary path
[    0.057604] Pid: 1, comm: swapper Not tainted 2.6.32.57 #4
[    0.057605] Call Trace:
[    0.057606]  [<c14a8a0e>] ? printk+0x1d/0x1f
[    0.057608]  [<c107b56f>] set_fail+0x4f/0x60
[    0.057610]  [<c107b8b3>] sysctl_check_table+0x333/0x620
[    0.057611]  [<c107b8cc>] sysctl_check_table+0x34c/0x620
[    0.057613]  [<c107b8cc>] sysctl_check_table+0x34c/0x620
[    0.057616]  [<c1746d48>] sysctl_init+0x25/0x29
[    0.057617]  [<c1003042>] do_one_initcall+0x32/0x1a0
[    0.057620]  [<c1746d23>] ? sysctl_init+0x0/0x29
[    0.057621]  [<c17308e7>] kernel_init+0x12d/0x17a
[    0.057623]  [<c17307ba>] ? kernel_init+0x0/0x17a
[    0.057624]  [<c1009b07>] kernel_thread_helper+0x7/0x10
[    0.057626] sysctl table check failed: /kernel/random/now_nonblocking .1.40.9 Unknown sysctl binary path
[    0.057872] Pid: 1, comm: swapper Not tainted 2.6.32.57 #4
[    0.057873] Call Trace:
[    0.057875]  [<c14a8a0e>] ? printk+0x1d/0x1f
[    0.057876]  [<c107b56f>] set_fail+0x4f/0x60
[    0.057878]  [<c107b8b3>] sysctl_check_table+0x333/0x620
[    0.057880]  [<c107b8cc>] sysctl_check_table+0x34c/0x620
[    0.057881]  [<c107b8cc>] sysctl_check_table+0x34c/0x620
[    0.057884]  [<c1746d48>] sysctl_init+0x25/0x29
[    0.057885]  [<c1003042>] do_one_initcall+0x32/0x1a0
[    0.057888]  [<c1746d23>] ? sysctl_init+0x0/0x29
[    0.057889]  [<c17308e7>] kernel_init+0x12d/0x17a
[    0.057891]  [<c17307ba>] ? kernel_init+0x0/0x17a
[    0.057892]  [<c1009b07>] kernel_thread_helper+0x7/0x10
[    0.057894] sysctl table check failed: /kernel/random/nb_input_bytes .1.40.10 Unknown sysctl binary path
[    0.058140] Pid: 1, comm: swapper Not tainted 2.6.32.57 #4
[    0.058141] Call Trace:
[    0.058142]  [<c14a8a0e>] ? printk+0x1d/0x1f
[    0.058144]  [<c107b56f>] set_fail+0x4f/0x60
[    0.058145]  [<c107b8b3>] sysctl_check_table+0x333/0x620
[    0.058147]  [<c107b8cc>] sysctl_check_table+0x34c/0x620
[    0.058149]  [<c107b8cc>] sysctl_check_table+0x34c/0x620
[    0.058151]  [<c1746d48>] sysctl_init+0x25/0x29
[    0.058152]  [<c1003042>] do_one_initcall+0x32/0x1a0
[    0.058155]  [<c1746d23>] ? sysctl_init+0x0/0x29
[    0.058156]  [<c17308e7>] kernel_init+0x12d/0x17a
[    0.058158]  [<c17307ba>] ? kernel_init+0x0/0x17a
[    0.058159]  [<c1009b07>] kernel_thread_helper+0x7/0x10
[    0.058161] sysctl table check failed: /kernel/random/nb_stir_count .1.40.11 Unknown sysctl binary path
[    0.058406] Pid: 1, comm: swapper Not tainted 2.6.32.57 #4
[    0.058407] Call Trace:
[    0.058408]  [<c14a8a0e>] ? printk+0x1d/0x1f
[    0.058410]  [<c107b56f>] set_fail+0x4f/0x60
[    0.058412]  [<c107b8b3>] sysctl_check_table+0x333/0x620
[    0.058413]  [<c107b8cc>] sysctl_check_table+0x34c/0x620
[    0.058415]  [<c107b8cc>] sysctl_check_table+0x34c/0x620
[    0.058417]  [<c1746d48>] sysctl_init+0x25/0x29
[    0.058419]  [<c1003042>] do_one_initcall+0x32/0x1a0
[    0.058421]  [<c1746d23>] ? sysctl_init+0x0/0x29
[    0.058423]  [<c17308e7>] kernel_init+0x12d/0x17a
[    0.058424]  [<c17307ba>] ? kernel_init+0x0/0x17a
[    0.058426]  [<c1009b07>] kernel_thread_helper+0x7/0x10
[    0.058427] sysctl table check failed: /kernel/random/nb_reentry_count .1.40.12 Unknown sysctl binary path
[    0.058684] Pid: 1, comm: swapper Not tainted 2.6.32.57 #4
[    0.058685] Call Trace:
[    0.058687]  [<c14a8a0e>] ? printk+0x1d/0x1f
[    0.058688]  [<c107b56f>] set_fail+0x4f/0x60
[    0.058690]  [<c107b8b3>] sysctl_check_table+0x333/0x620
[    0.058692]  [<c107b8cc>] sysctl_check_table+0x34c/0x620
[    0.058693]  [<c107b8cc>] sysctl_check_table+0x34c/0x620
[    0.058696]  [<c1746d48>] sysctl_init+0x25/0x29
[    0.058697]  [<c1003042>] do_one_initcall+0x32/0x1a0
[    0.058699]  [<c1746d23>] ? sysctl_init+0x0/0x29
[    0.058701]  [<c17308e7>] kernel_init+0x12d/0x17a
[    0.058703]  [<c17307ba>] ? kernel_init+0x0/0x17a
[    0.058704]  [<c1009b07>] kernel_thread_helper+0x7/0x10
[    0.058821] RANDOM - __seed init called.
[    0.058822] RANDOM - __seed init called.
[    0.058823] RANDOM - __seed init called.
[    0.058824] RANDOM - __random32 called. Change num 1.  Value: 7576a435	efb61e22	b7f78320
[    0.058826] RANDOM - __random32 called. Change num 2.  Value: 6a43543e	fb61e228	6410973
[    0.058827] RANDOM - __random32 called. Change num 3.  Value: 3543e018	b61e228b	12e68928
[    0.058829] RANDOM - __random32 called. Change num 4.  Value: 3e018928	61e228b7	1250ba58
[    0.058830] RANDOM - __random32 called. Change num 5.  Value: 189281e4	1e228b73	74b01aad
[    0.058831] RANDOM - __random32 called. Change num 6.  Value: 281e4915	e228b733	355a2619
[    0.058832] RANDOM - random32 init called.  Value: 281e4915	e228b733	355a2619
[    0.058838] regulator: core version 0.5
[    0.058901] Time: 23:31:38  Date: 05/24/13
[    0.058937] NET: Registered protocol family 16
[    0.059002] EISA bus registered
[    0.059789] ACPI: bus type pci registered
[    0.059884] PCI: MCFG configuration 0: base e0000000 segment 0 buses 0 - 255
[    0.059886] PCI: MCFG area at e0000000 reserved in E820
[    0.059887] PCI: Using MMCONFIG for extended config space
[    0.059888] PCI: Using configuration type 1 for base access
[    0.060360] bio: create slab <bio-0> at 0
[    0.061605] ACPI: EC: Look up EC in DSDT
[    0.098183] ACPI: BIOS _OSI(Linux) query ignored
[    0.103917] ACPI: Interpreter enabled
[    0.103921] ACPI: (supports S0 S1 S4 S5)
[    0.103932] ACPI: Using PIC for interrupt routing
[    0.183177] ACPI: No dock devices found.
[    0.184079] ACPI: PCI Root Bridge [PCI0] (0000:00)
[    0.185646] pci 0000:00:07.1: reg 20 io port: [0x10c0-0x10cf]
[    0.186156] pci 0000:00:07.3: quirk: region 1000-103f claimed by PIIX4 ACPI
[    0.186168] pci 0000:00:07.3: quirk: region 1040-104f claimed by PIIX4 SMB
[    0.186739] pci 0000:00:07.7: reg 10 io port: [0x1080-0x10bf]
[    0.187127] pci 0000:00:07.7: reg 14 64bit mmio: [0xc8000000-0xc8001fff]
[    0.188254] pci 0000:00:0f.0: reg 10 io port: [0x10d0-0x10df]
[    0.188291] pci 0000:00:0f.0: reg 14 32bit mmio pref: [0xd0000000-0xd7ffffff]
[    0.188327] pci 0000:00:0f.0: reg 18 32bit mmio: [0xc8800000-0xc8ffffff]
[    0.188484] pci 0000:00:0f.0: reg 30 32bit mmio pref: [0x000000-0x007fff]
[    0.188979] pci 0000:00:10.0: reg 10 io port: [0x1400-0x14ff]
[    0.189354] pci 0000:00:10.0: reg 14 64bit mmio: [0xc8040000-0xc805ffff]
[    0.189710] pci 0000:00:10.0: reg 1c 64bit mmio: [0xc8020000-0xc803ffff]
[    0.189780] pci 0000:00:10.0: reg 30 32bit mmio pref: [0x000000-0x003fff]
[    0.191071] pci 0000:00:15.0: PME# supported from D0 D3hot D3cold
[    0.191090] pci 0000:00:15.0: PME# disabled
[    0.191916] pci 0000:00:15.1: PME# supported from D0 D3hot D3cold
[    0.191935] pci 0000:00:15.1: PME# disabled
[    0.192761] pci 0000:00:15.2: PME# supported from D0 D3hot D3cold
[    0.192780] pci 0000:00:15.2: PME# disabled
[    0.193605] pci 0000:00:15.3: PME# supported from D0 D3hot D3cold
[    0.193624] pci 0000:00:15.3: PME# disabled
[    0.194439] pci 0000:00:15.4: PME# supported from D0 D3hot D3cold
[    0.194457] pci 0000:00:15.4: PME# disabled
[    0.195252] pci 0000:00:15.5: PME# supported from D0 D3hot D3cold
[    0.195270] pci 0000:00:15.5: PME# disabled
[    0.196099] pci 0000:00:15.6: PME# supported from D0 D3hot D3cold
[    0.196118] pci 0000:00:15.6: PME# disabled
[    0.196943] pci 0000:00:15.7: PME# supported from D0 D3hot D3cold
[    0.196962] pci 0000:00:15.7: PME# disabled
[    0.197785] pci 0000:00:16.0: PME# supported from D0 D3hot D3cold
[    0.197804] pci 0000:00:16.0: PME# disabled
[    0.198628] pci 0000:00:16.1: PME# supported from D0 D3hot D3cold
[    0.198647] pci 0000:00:16.1: PME# disabled
[    0.199462] pci 0000:00:16.2: PME# supported from D0 D3hot D3cold
[    0.199481] pci 0000:00:16.2: PME# disabled
[    0.200283] pci 0000:00:16.3: PME# supported from D0 D3hot D3cold
[    0.200302] pci 0000:00:16.3: PME# disabled
[    0.201131] pci 0000:00:16.4: PME# supported from D0 D3hot D3cold
[    0.201150] pci 0000:00:16.4: PME# disabled
[    0.201976] pci 0000:00:16.5: PME# supported from D0 D3hot D3cold
[    0.201995] pci 0000:00:16.5: PME# disabled
[    0.202901] pci 0000:00:16.6: PME# supported from D0 D3hot D3cold
[    0.202920] pci 0000:00:16.6: PME# disabled
[    0.203750] pci 0000:00:16.7: PME# supported from D0 D3hot D3cold
[    0.203769] pci 0000:00:16.7: PME# disabled
[    0.204591] pci 0000:00:17.0: PME# supported from D0 D3hot D3cold
[    0.204609] pci 0000:00:17.0: PME# disabled
[    0.205424] pci 0000:00:17.1: PME# supported from D0 D3hot D3cold
[    0.205443] pci 0000:00:17.1: PME# disabled
[    0.206237] pci 0000:00:17.2: PME# supported from D0 D3hot D3cold
[    0.206256] pci 0000:00:17.2: PME# disabled
[    0.207085] pci 0000:00:17.3: PME# supported from D0 D3hot D3cold
[    0.207104] pci 0000:00:17.3: PME# disabled
[    0.207937] pci 0000:00:17.4: PME# supported from D0 D3hot D3cold
[    0.207957] pci 0000:00:17.4: PME# disabled
[    0.208776] pci 0000:00:17.5: PME# supported from D0 D3hot D3cold
[    0.208795] pci 0000:00:17.5: PME# disabled
[    0.209616] pci 0000:00:17.6: PME# supported from D0 D3hot D3cold
[    0.209635] pci 0000:00:17.6: PME# disabled
[    0.210449] pci 0000:00:17.7: PME# supported from D0 D3hot D3cold
[    0.210468] pci 0000:00:17.7: PME# disabled
[    0.211262] pci 0000:00:18.0: PME# supported from D0 D3hot D3cold
[    0.211281] pci 0000:00:18.0: PME# disabled
[    0.212115] pci 0000:00:18.1: PME# supported from D0 D3hot D3cold
[    0.212133] pci 0000:00:18.1: PME# disabled
[    0.213032] pci 0000:00:18.2: PME# supported from D0 D3hot D3cold
[    0.213054] pci 0000:00:18.2: PME# disabled
[    0.213918] pci 0000:00:18.3: PME# supported from D0 D3hot D3cold
[    0.213938] pci 0000:00:18.3: PME# disabled
[    0.214798] pci 0000:00:18.4: PME# supported from D0 D3hot D3cold
[    0.214818] pci 0000:00:18.4: PME# disabled
[    0.215687] pci 0000:00:18.5: PME# supported from D0 D3hot D3cold
[    0.215708] pci 0000:00:18.5: PME# disabled
[    0.216573] pci 0000:00:18.6: PME# supported from D0 D3hot D3cold
[    0.216594] pci 0000:00:18.6: PME# disabled
[    0.217459] pci 0000:00:18.7: PME# supported from D0 D3hot D3cold
[    0.217479] pci 0000:00:18.7: PME# disabled
[    0.218564] pci 0000:02:00.0: reg 20 io port: [0x20c0-0x20df]
[    0.219058] pci 0000:02:01.0: reg 10 io port: [0x2000-0x207f]
[    0.219274] pci 0000:02:01.0: reg 30 32bit mmio pref: [0x000000-0x00ffff]
[    0.219835] pci 0000:02:02.0: reg 10 io port: [0x2080-0x20bf]
[    0.220421] pci 0000:02:03.0: reg 10 32bit mmio: [0xc9000000-0xc9000fff]
[    0.220977] pci 0000:00:11.0: transparent bridge
[    0.220997] pci 0000:00:11.0: bridge io port: [0x2000-0x3fff]
[    0.221017] pci 0000:00:11.0: bridge 32bit mmio: [0xc9000000-0xca3fffff]
[    0.221056] pci 0000:00:11.0: bridge 64bit mmio pref: [0xd8400000-0xd89fffff]
[    0.221421] pci 0000:00:15.0: bridge io port: [0x4000-0x4fff]
[    0.221441] pci 0000:00:15.0: bridge 32bit mmio: [0xca400000-0xca4fffff]
[    0.221479] pci 0000:00:15.0: bridge 64bit mmio pref: [0xd8a00000-0xd8afffff]
[    0.221836] pci 0000:00:15.1: bridge io port: [0x8000-0x8fff]
[    0.221857] pci 0000:00:15.1: bridge 32bit mmio: [0xca800000-0xca8fffff]
[    0.221895] pci 0000:00:15.1: bridge 64bit mmio pref: [0xd8e00000-0xd8efffff]
[    0.222249] pci 0000:00:15.2: bridge io port: [0xc000-0xcfff]
[    0.222269] pci 0000:00:15.2: bridge 32bit mmio: [0xcac00000-0xcacfffff]
[    0.222322] pci 0000:00:15.2: bridge 64bit mmio pref: [0xd9200000-0xd92fffff]
[    0.222694] pci 0000:00:15.3: bridge 32bit mmio: [0xcb000000-0xcb0fffff]
[    0.222729] pci 0000:00:15.3: bridge 64bit mmio pref: [0xd9600000-0xd96fffff]
[    0.223081] pci 0000:00:15.4: bridge 32bit mmio: [0xcb400000-0xcb4fffff]
[    0.223116] pci 0000:00:15.4: bridge 64bit mmio pref: [0xd9a00000-0xd9afffff]
[    0.223488] pci 0000:00:15.5: bridge 32bit mmio: [0xcb800000-0xcb8fffff]
[    0.223523] pci 0000:00:15.5: bridge 64bit mmio pref: [0xd9e00000-0xd9efffff]
[    0.223883] pci 0000:00:15.6: bridge 32bit mmio: [0xcbc00000-0xcbcfffff]
[    0.223919] pci 0000:00:15.6: bridge 64bit mmio pref: [0xda200000-0xda2fffff]
[    0.224269] pci 0000:00:15.7: bridge 32bit mmio: [0xcc000000-0xcc0fffff]
[    0.224315] pci 0000:00:15.7: bridge 64bit mmio pref: [0xda600000-0xda6fffff]
[    0.224672] pci 0000:00:16.0: bridge io port: [0x5000-0x5fff]
[    0.224693] pci 0000:00:16.0: bridge 32bit mmio: [0xca500000-0xca5fffff]
[    0.224731] pci 0000:00:16.0: bridge 64bit mmio pref: [0xd8b00000-0xd8bfffff]
[    0.225086] pci 0000:00:16.1: bridge io port: [0x9000-0x9fff]
[    0.225107] pci 0000:00:16.1: bridge 32bit mmio: [0xca900000-0xca9fffff]
[    0.225144] pci 0000:00:16.1: bridge 64bit mmio pref: [0xd8f00000-0xd8ffffff]
[    0.225541] pci 0000:00:16.2: bridge io port: [0xd000-0xdfff]
[    0.225560] pci 0000:00:16.2: bridge 32bit mmio: [0xcad00000-0xcadfffff]
[    0.225595] pci 0000:00:16.2: bridge 64bit mmio pref: [0xd9300000-0xd93fffff]
[    0.225946] pci 0000:00:16.3: bridge 32bit mmio: [0xcb100000-0xcb1fffff]
[    0.225982] pci 0000:00:16.3: bridge 64bit mmio pref: [0xd9700000-0xd97fffff]
[    0.226353] pci 0000:00:16.4: bridge 32bit mmio: [0xcb500000-0xcb5fffff]
[    0.226388] pci 0000:00:16.4: bridge 64bit mmio pref: [0xd9b00000-0xd9bfffff]
[    0.226739] pci 0000:00:16.5: bridge 32bit mmio: [0xcb900000-0xcb9fffff]
[    0.226775] pci 0000:00:16.5: bridge 64bit mmio pref: [0xd9f00000-0xd9ffffff]
[    0.227123] pci 0000:00:16.6: bridge 32bit mmio: [0xcbd00000-0xcbdfffff]
[    0.227159] pci 0000:00:16.6: bridge 64bit mmio pref: [0xda300000-0xda3fffff]
[    0.227598] pci 0000:00:16.7: bridge 32bit mmio: [0xcc100000-0xcc1fffff]
[    0.227638] pci 0000:00:16.7: bridge 64bit mmio pref: [0xda700000-0xda7fffff]
[    0.228017] pci 0000:00:17.0: bridge io port: [0x6000-0x6fff]
[    0.228037] pci 0000:00:17.0: bridge 32bit mmio: [0xca600000-0xca6fffff]
[    0.228076] pci 0000:00:17.0: bridge 64bit mmio pref: [0xd8c00000-0xd8cfffff]
[    0.228440] pci 0000:00:17.1: bridge io port: [0xa000-0xafff]
[    0.228460] pci 0000:00:17.1: bridge 32bit mmio: [0xcaa00000-0xcaafffff]
[    0.228498] pci 0000:00:17.1: bridge 64bit mmio pref: [0xd9000000-0xd90fffff]
[    0.228855] pci 0000:00:17.2: bridge io port: [0xe000-0xefff]
[    0.228875] pci 0000:00:17.2: bridge 32bit mmio: [0xcae00000-0xcaefffff]
[    0.228913] pci 0000:00:17.2: bridge 64bit mmio pref: [0xd9400000-0xd94fffff]
[    0.229293] pci 0000:00:17.3: bridge 32bit mmio: [0xcb200000-0xcb2fffff]
[    0.229331] pci 0000:00:17.3: bridge 64bit mmio pref: [0xd9800000-0xd98fffff]
[    0.229705] pci 0000:00:17.4: bridge 32bit mmio: [0xcb600000-0xcb6fffff]
[    0.229743] pci 0000:00:17.4: bridge 64bit mmio pref: [0xd9c00000-0xd9cfffff]
[    0.230118] pci 0000:00:17.5: bridge 32bit mmio: [0xcba00000-0xcbafffff]
[    0.230156] pci 0000:00:17.5: bridge 64bit mmio pref: [0xda000000-0xda0fffff]
[    0.230537] pci 0000:00:17.6: bridge 32bit mmio: [0xcbe00000-0xcbefffff]
[    0.230575] pci 0000:00:17.6: bridge 64bit mmio pref: [0xda400000-0xda4fffff]
[    0.230950] pci 0000:00:17.7: bridge 32bit mmio: [0xcc200000-0xcc2fffff]
[    0.230988] pci 0000:00:17.7: bridge 64bit mmio pref: [0xda800000-0xda8fffff]
[    0.231364] pci 0000:00:18.0: bridge io port: [0x7000-0x7fff]
[    0.231384] pci 0000:00:18.0: bridge 32bit mmio: [0xca700000-0xca7fffff]
[    0.231422] pci 0000:00:18.0: bridge 64bit mmio pref: [0xd8d00000-0xd8dfffff]
[    0.231789] pci 0000:00:18.1: bridge io port: [0xb000-0xbfff]
[    0.231809] pci 0000:00:18.1: bridge 32bit mmio: [0xcab00000-0xcabfffff]
[    0.231847] pci 0000:00:18.1: bridge 64bit mmio pref: [0xd9100000-0xd91fffff]
[    0.232204] pci 0000:00:18.2: bridge io port: [0xf000-0xffff]
[    0.232224] pci 0000:00:18.2: bridge 32bit mmio: [0xcaf00000-0xcaffffff]
[    0.232262] pci 0000:00:18.2: bridge 64bit mmio pref: [0xd9500000-0xd95fffff]
[    0.232653] pci 0000:00:18.3: bridge 32bit mmio: [0xcb300000-0xcb3fffff]
[    0.232692] pci 0000:00:18.3: bridge 64bit mmio pref: [0xd9900000-0xd99fffff]
[    0.233067] pci 0000:00:18.4: bridge 32bit mmio: [0xcb700000-0xcb7fffff]
[    0.233105] pci 0000:00:18.4: bridge 64bit mmio pref: [0xd9d00000-0xd9dfffff]
[    0.233487] pci 0000:00:18.5: bridge 32bit mmio: [0xcbb00000-0xcbbfffff]
[    0.233525] pci 0000:00:18.5: bridge 64bit mmio pref: [0xda100000-0xda1fffff]
[    0.233899] pci 0000:00:18.6: bridge 32bit mmio: [0xcbf00000-0xcbffffff]
[    0.233937] pci 0000:00:18.6: bridge 64bit mmio pref: [0xda500000-0xda5fffff]
[    0.234318] pci 0000:00:18.7: bridge 32bit mmio: [0xcc300000-0xcc3fffff]
[    0.234356] pci 0000:00:18.7: bridge 64bit mmio pref: [0xda900000-0xda9fffff]
[    0.235844] pci_bus 0000:00: on NUMA node 0
[    0.235850] ACPI: PCI Interrupt Routing Table [\_SB_.PCI0._PRT]
[    0.452869] ACPI: PCI Interrupt Link [LNKA] (IRQs 3 4 5 6 7 *9 10 11 14 15)
[    0.453041] ACPI: PCI Interrupt Link [LNKB] (IRQs 3 4 5 6 7 9 10 *11 14 15)
[    0.453182] ACPI: PCI Interrupt Link [LNKC] (IRQs 3 4 5 6 7 9 *10 11 14 15)
[    0.453322] ACPI: PCI Interrupt Link [LNKD] (IRQs 3 4 *5 6 7 9 10 11 14 15)
[    0.453448] vgaarb: device added: PCI:0000:00:0f.0,decodes=io+mem,owns=io+mem,locks=none
[    0.453457] vgaarb: loaded
[    0.453541] SCSI subsystem initialized
[    0.453583] libata version 3.00 loaded.
[    0.453621] usbcore: registered new interface driver usbfs
[    0.453631] usbcore: registered new interface driver hub
[    0.453646] usbcore: registered new device driver usb
[    0.453710] PCI: Using ACPI for IRQ routing
[    0.454626] NetLabel: Initializing
[    0.454627] NetLabel:  domain hash size = 128
[    0.454628] NetLabel:  protocols = UNLABELED CIPSOv4
[    0.454635] NetLabel:  unlabeled traffic allowed by default
[    0.454702] hpet0: at MMIO 0xfed00000, IRQs 2, 8, 0, 0, 0, 0, 0, 0, 0, 0, 0, 0, 0, 0, 0, 0
[    0.454708] hpet0: 16 comparators, 64-bit 14.318180 MHz counter
[    0.456752] Switching to clocksource tsc
[    0.463568] pnp: PnP ACPI init
[    0.463577] ACPI: bus type pnp registered
[    0.504439] pnp: PnP ACPI: found 14 devices
[    0.504441] ACPI: ACPI bus type pnp unregistered
[    0.504444] PnPBIOS: Disabled by ACPI PNP
[    0.504456] system 00:01: ioport range 0x1000-0x103f has been reserved
[    0.504457] system 00:01: ioport range 0x1040-0x104f has been reserved
[    0.504459] system 00:01: ioport range 0xcf0-0xcf1 has been reserved
[    0.504466] system 00:08: iomem range 0xfed00000-0xfed003ff has been reserved
[    0.504469] system 00:0d: ioport range 0x1060-0x107f has been reserved
[    0.504471] system 00:0d: iomem range 0xe0000000-0xefffffff has been reserved
[    0.504473] system 00:0d: iomem range 0xc8200000-0xc83fffff has been reserved
[    0.540851] pci 0000:00:15.3: BAR 13: can't allocate I/O resource [0x10000-0xffff]
[    0.540855] pci 0000:00:15.4: BAR 13: can't allocate I/O resource [0x10000-0xffff]
[    0.540858] pci 0000:00:15.5: BAR 13: can't allocate I/O resource [0x10000-0xffff]
[    0.540861] pci 0000:00:15.6: BAR 13: can't allocate I/O resource [0x10000-0xffff]
[    0.540864] pci 0000:00:15.7: BAR 13: can't allocate I/O resource [0x10000-0xffff]
[    0.540867] pci 0000:00:16.3: BAR 13: can't allocate I/O resource [0x10000-0xffff]
[    0.540870] pci 0000:00:16.4: BAR 13: can't allocate I/O resource [0x10000-0xffff]
[    0.540873] pci 0000:00:16.5: BAR 13: can't allocate I/O resource [0x10000-0xffff]
[    0.540875] pci 0000:00:16.6: BAR 13: can't allocate I/O resource [0x10000-0xffff]
[    0.540878] pci 0000:00:16.7: BAR 13: can't allocate I/O resource [0x10000-0xffff]
[    0.540881] pci 0000:00:17.3: BAR 13: can't allocate I/O resource [0x10000-0xffff]
[    0.540884] pci 0000:00:17.4: BAR 13: can't allocate I/O resource [0x10000-0xffff]
[    0.540887] pci 0000:00:17.5: BAR 13: can't allocate I/O resource [0x10000-0xffff]
[    0.540889] pci 0000:00:17.6: BAR 13: can't allocate I/O resource [0x10000-0xffff]
[    0.540892] pci 0000:00:17.7: BAR 13: can't allocate I/O resource [0x10000-0xffff]
[    0.540895] pci 0000:00:18.3: BAR 13: can't allocate I/O resource [0x10000-0xffff]
[    0.540898] pci 0000:00:18.4: BAR 13: can't allocate I/O resource [0x10000-0xffff]
[    0.540901] pci 0000:00:18.5: BAR 13: can't allocate I/O resource [0x10000-0xffff]
[    0.540904] pci 0000:00:18.6: BAR 13: can't allocate I/O resource [0x10000-0xffff]
[    0.540906] pci 0000:00:18.7: BAR 13: can't allocate I/O resource [0x10000-0xffff]
[    0.540909] pci 0000:00:01.0: PCI bridge, secondary bus 0000:01
[    0.540911] pci 0000:00:01.0:   IO window: disabled
[    0.540941] pci 0000:00:01.0:   MEM window: disabled
[    0.540961] pci 0000:00:01.0:   PREFETCH window: disabled
[    0.541001] pci 0000:00:11.0: PCI bridge, secondary bus 0000:02
[    0.541013] pci 0000:00:11.0:   IO window: 0x2000-0x3fff
[    0.541043] pci 0000:00:11.0:   MEM window: 0xc9000000-0xca3fffff
[    0.541064] pci 0000:00:11.0:   PREFETCH window: 0x000000d8400000-0x000000d89fffff
[    0.541102] pci 0000:00:15.0: PCI bridge, secondary bus 0000:03
[    0.541114] pci 0000:00:15.0:   IO window: 0x4000-0x4fff
[    0.541143] pci 0000:00:15.0:   MEM window: 0xca400000-0xca4fffff
[    0.541164] pci 0000:00:15.0:   PREFETCH window: 0x000000d8a00000-0x000000d8afffff
[    0.541215] pci 0000:00:15.1: PCI bridge, secondary bus 0000:04
[    0.541227] pci 0000:00:15.1:   IO window: 0x8000-0x8fff
[    0.541257] pci 0000:00:15.1:   MEM window: 0xca800000-0xca8fffff
[    0.541277] pci 0000:00:15.1:   PREFETCH window: 0x000000d8e00000-0x000000d8efffff
[    0.541320] pci 0000:00:15.2: PCI bridge, secondary bus 0000:05
[    0.541332] pci 0000:00:15.2:   IO window: 0xc000-0xcfff
[    0.541362] pci 0000:00:15.2:   MEM window: 0xcac00000-0xcacfffff
[    0.541382] pci 0000:00:15.2:   PREFETCH window: 0x000000d9200000-0x000000d92fffff
[    0.541425] pci 0000:00:15.3: PCI bridge, secondary bus 0000:06
[    0.541427] pci 0000:00:15.3:   IO window: disabled
[    0.541456] pci 0000:00:15.3:   MEM window: 0xcb000000-0xcb0fffff
[    0.541477] pci 0000:00:15.3:   PREFETCH window: 0x000000d9600000-0x000000d96fffff
[    0.541519] pci 0000:00:15.4: PCI bridge, secondary bus 0000:07
[    0.541521] pci 0000:00:15.4:   IO window: disabled
[    0.541551] pci 0000:00:15.4:   MEM window: 0xcb400000-0xcb4fffff
[    0.541571] pci 0000:00:15.4:   PREFETCH window: 0x000000d9a00000-0x000000d9afffff
[    0.541620] pci 0000:00:15.5: PCI bridge, secondary bus 0000:08
[    0.541623] pci 0000:00:15.5:   IO window: disabled
[    0.541654] pci 0000:00:15.5:   MEM window: 0xcb800000-0xcb8fffff
[    0.541674] pci 0000:00:15.5:   PREFETCH window: 0x000000d9e00000-0x000000d9efffff
[    0.541717] pci 0000:00:15.6: PCI bridge, secondary bus 0000:09
[    0.541719] pci 0000:00:15.6:   IO window: disabled
[    0.541749] pci 0000:00:15.6:   MEM window: 0xcbc00000-0xcbcfffff
[    0.541769] pci 0000:00:15.6:   PREFETCH window: 0x000000da200000-0x000000da2fffff
[    0.541812] pci 0000:00:15.7: PCI bridge, secondary bus 0000:0a
[    0.541813] pci 0000:00:15.7:   IO window: disabled
[    0.541843] pci 0000:00:15.7:   MEM window: 0xcc000000-0xcc0fffff
[    0.541864] pci 0000:00:15.7:   PREFETCH window: 0x000000da600000-0x000000da6fffff
[    0.541906] pci 0000:00:16.0: PCI bridge, secondary bus 0000:0b
[    0.541918] pci 0000:00:16.0:   IO window: 0x5000-0x5fff
[    0.541948] pci 0000:00:16.0:   MEM window: 0xca500000-0xca5fffff
[    0.541968] pci 0000:00:16.0:   PREFETCH window: 0x000000d8b00000-0x000000d8bfffff
[    0.542011] pci 0000:00:16.1: PCI bridge, secondary bus 0000:0c
[    0.542023] pci 0000:00:16.1:   IO window: 0x9000-0x9fff
[    0.542052] pci 0000:00:16.1:   MEM window: 0xca900000-0xca9fffff
[    0.542073] pci 0000:00:16.1:   PREFETCH window: 0x000000d8f00000-0x000000d8ffffff
[    0.542115] pci 0000:00:16.2: PCI bridge, secondary bus 0000:0d
[    0.542127] pci 0000:00:16.2:   IO window: 0xd000-0xdfff
[    0.542157] pci 0000:00:16.2:   MEM window: 0xcad00000-0xcadfffff
[    0.542177] pci 0000:00:16.2:   PREFETCH window: 0x000000d9300000-0x000000d93fffff
[    0.542220] pci 0000:00:16.3: PCI bridge, secondary bus 0000:0e
[    0.542221] pci 0000:00:16.3:   IO window: disabled
[    0.542251] pci 0000:00:16.3:   MEM window: 0xcb100000-0xcb1fffff
[    0.542272] pci 0000:00:16.3:   PREFETCH window: 0x000000d9700000-0x000000d97fffff
[    0.542319] pci 0000:00:16.4: PCI bridge, secondary bus 0000:0f
[    0.542321] pci 0000:00:16.4:   IO window: disabled
[    0.542359] pci 0000:00:16.4:   MEM window: 0xcb500000-0xcb5fffff
[    0.542387] pci 0000:00:16.4:   PREFETCH window: 0x000000d9b00000-0x000000d9bfffff
[    0.542440] pci 0000:00:16.5: PCI bridge, secondary bus 0000:10
[    0.542442] pci 0000:00:16.5:   IO window: disabled
[    0.542472] pci 0000:00:16.5:   MEM window: 0xcb900000-0xcb9fffff
[    0.542492] pci 0000:00:16.5:   PREFETCH window: 0x000000d9f00000-0x000000d9ffffff
[    0.542535] pci 0000:00:16.6: PCI bridge, secondary bus 0000:11
[    0.542536] pci 0000:00:16.6:   IO window: disabled
[    0.542566] pci 0000:00:16.6:   MEM window: 0xcbd00000-0xcbdfffff
[    0.542587] pci 0000:00:16.6:   PREFETCH window: 0x000000da300000-0x000000da3fffff
[    0.542638] pci 0000:00:16.7: PCI bridge, secondary bus 0000:12
[    0.542639] pci 0000:00:16.7:   IO window: disabled
[    0.542669] pci 0000:00:16.7:   MEM window: 0xcc100000-0xcc1fffff
[    0.542690] pci 0000:00:16.7:   PREFETCH window: 0x000000da700000-0x000000da7fffff
[    0.542732] pci 0000:00:17.0: PCI bridge, secondary bus 0000:13
[    0.542744] pci 0000:00:17.0:   IO window: 0x6000-0x6fff
[    0.542773] pci 0000:00:17.0:   MEM window: 0xca600000-0xca6fffff
[    0.542794] pci 0000:00:17.0:   PREFETCH window: 0x000000d8c00000-0x000000d8cfffff
[    0.542836] pci 0000:00:17.1: PCI bridge, secondary bus 0000:14
[    0.542848] pci 0000:00:17.1:   IO window: 0xa000-0xafff
[    0.542877] pci 0000:00:17.1:   MEM window: 0xcaa00000-0xcaafffff
[    0.542898] pci 0000:00:17.1:   PREFETCH window: 0x000000d9000000-0x000000d90fffff
[    0.542940] pci 0000:00:17.2: PCI bridge, secondary bus 0000:15
[    0.542952] pci 0000:00:17.2:   IO window: 0xe000-0xefff
[    0.542982] pci 0000:00:17.2:   MEM window: 0xcae00000-0xcaefffff
[    0.543002] pci 0000:00:17.2:   PREFETCH window: 0x000000d9400000-0x000000d94fffff
[    0.543045] pci 0000:00:17.3: PCI bridge, secondary bus 0000:16
[    0.543047] pci 0000:00:17.3:   IO window: disabled
[    0.543076] pci 0000:00:17.3:   MEM window: 0xcb200000-0xcb2fffff
[    0.543097] pci 0000:00:17.3:   PREFETCH window: 0x000000d9800000-0x000000d98fffff
[    0.543139] pci 0000:00:17.4: PCI bridge, secondary bus 0000:17
[    0.543141] pci 0000:00:17.4:   IO window: disabled
[    0.543171] pci 0000:00:17.4:   MEM window: 0xcb600000-0xcb6fffff
[    0.543191] pci 0000:00:17.4:   PREFETCH window: 0x000000d9c00000-0x000000d9cfffff
[    0.543233] pci 0000:00:17.5: PCI bridge, secondary bus 0000:18
[    0.543235] pci 0000:00:17.5:   IO window: disabled
[    0.543265] pci 0000:00:17.5:   MEM window: 0xcba00000-0xcbafffff
[    0.543285] pci 0000:00:17.5:   PREFETCH window: 0x000000da000000-0x000000da0fffff
[    0.543328] pci 0000:00:17.6: PCI bridge, secondary bus 0000:19
[    0.543330] pci 0000:00:17.6:   IO window: disabled
[    0.543359] pci 0000:00:17.6:   MEM window: 0xcbe00000-0xcbefffff
[    0.543380] pci 0000:00:17.6:   PREFETCH window: 0x000000da400000-0x000000da4fffff
[    0.543422] pci 0000:00:17.7: PCI bridge, secondary bus 0000:1a
[    0.543423] pci 0000:00:17.7:   IO window: disabled
[    0.543453] pci 0000:00:17.7:   MEM window: 0xcc200000-0xcc2fffff
[    0.543474] pci 0000:00:17.7:   PREFETCH window: 0x000000da800000-0x000000da8fffff
[    0.543516] pci 0000:00:18.0: PCI bridge, secondary bus 0000:1b
[    0.543528] pci 0000:00:18.0:   IO window: 0x7000-0x7fff
[    0.543557] pci 0000:00:18.0:   MEM window: 0xca700000-0xca7fffff
[    0.543578] pci 0000:00:18.0:   PREFETCH window: 0x000000d8d00000-0x000000d8dfffff
[    0.543633] pci 0000:00:18.1: PCI bridge, secondary bus 0000:1c
[    0.543645] pci 0000:00:18.1:   IO window: 0xb000-0xbfff
[    0.543674] pci 0000:00:18.1:   MEM window: 0xcab00000-0xcabfffff
[    0.543695] pci 0000:00:18.1:   PREFETCH window: 0x000000d9100000-0x000000d91fffff
[    0.543737] pci 0000:00:18.2: PCI bridge, secondary bus 0000:1d
[    0.543749] pci 0000:00:18.2:   IO window: 0xf000-0xffff
[    0.543779] pci 0000:00:18.2:   MEM window: 0xcaf00000-0xcaffffff
[    0.543799] pci 0000:00:18.2:   PREFETCH window: 0x000000d9500000-0x000000d95fffff
[    0.543842] pci 0000:00:18.3: PCI bridge, secondary bus 0000:1e
[    0.543843] pci 0000:00:18.3:   IO window: disabled
[    0.543873] pci 0000:00:18.3:   MEM window: 0xcb300000-0xcb3fffff
[    0.543893] pci 0000:00:18.3:   PREFETCH window: 0x000000d9900000-0x000000d99fffff
[    0.543936] pci 0000:00:18.4: PCI bridge, secondary bus 0000:1f
[    0.543938] pci 0000:00:18.4:   IO window: disabled
[    0.543967] pci 0000:00:18.4:   MEM window: 0xcb700000-0xcb7fffff
[    0.543988] pci 0000:00:18.4:   PREFETCH window: 0x000000d9d00000-0x000000d9dfffff
[    0.544030] pci 0000:00:18.5: PCI bridge, secondary bus 0000:20
[    0.544032] pci 0000:00:18.5:   IO window: disabled
[    0.544061] pci 0000:00:18.5:   MEM window: 0xcbb00000-0xcbbfffff
[    0.544082] pci 0000:00:18.5:   PREFETCH window: 0x000000da100000-0x000000da1fffff
[    0.544124] pci 0000:00:18.6: PCI bridge, secondary bus 0000:21
[    0.544126] pci 0000:00:18.6:   IO window: disabled
[    0.544156] pci 0000:00:18.6:   MEM window: 0xcbf00000-0xcbffffff
[    0.544176] pci 0000:00:18.6:   PREFETCH window: 0x000000da500000-0x000000da5fffff
[    0.544218] pci 0000:00:18.7: PCI bridge, secondary bus 0000:22
[    0.544220] pci 0000:00:18.7:   IO window: disabled
[    0.544250] pci 0000:00:18.7:   MEM window: 0xcc300000-0xcc3fffff
[    0.544270] pci 0000:00:18.7:   PREFETCH window: 0x000000da900000-0x000000da9fffff
[    0.544344] pci 0000:00:01.0: setting latency timer to 64
[    0.544441] pci 0000:00:15.0: setting latency timer to 64
[    0.544507] pci 0000:00:15.1: setting latency timer to 64
[    0.544574] pci 0000:00:15.2: setting latency timer to 64
[    0.544583] pci 0000:00:15.3: setting latency timer to 64
[    0.544721] pci 0000:00:15.4: setting latency timer to 64
[    0.544788] pci 0000:00:15.5: setting latency timer to 64
[    0.544854] pci 0000:00:15.6: setting latency timer to 64
[    0.544921] pci 0000:00:15.7: setting latency timer to 64
[    0.544987] pci 0000:00:16.0: setting latency timer to 64
[    0.545053] pci 0000:00:16.1: setting latency timer to 64
[    0.545120] pci 0000:00:16.2: setting latency timer to 64
[    0.545186] pci 0000:00:16.3: setting latency timer to 64
[    0.545253] pci 0000:00:16.4: setting latency timer to 64
[    0.545319] pci 0000:00:16.5: setting latency timer to 64
[    0.545385] pci 0000:00:16.6: setting latency timer to 64
[    0.545452] pci 0000:00:16.7: setting latency timer to 64
[    0.545518] pci 0000:00:17.0: setting latency timer to 64
[    0.545584] pci 0000:00:17.1: setting latency timer to 64
[    0.545665] pci 0000:00:17.2: setting latency timer to 64
[    0.545731] pci 0000:00:17.3: setting latency timer to 64
[    0.545798] pci 0000:00:17.4: setting latency timer to 64
[    0.545864] pci 0000:00:17.5: setting latency timer to 64
[    0.545930] pci 0000:00:17.6: setting latency timer to 64
[    0.545997] pci 0000:00:17.7: setting latency timer to 64
[    0.546063] pci 0000:00:18.0: setting latency timer to 64
[    0.546129] pci 0000:00:18.1: setting latency timer to 64
[    0.546196] pci 0000:00:18.2: setting latency timer to 64
[    0.546262] pci 0000:00:18.3: setting latency timer to 64
[    0.546328] pci 0000:00:18.4: setting latency timer to 64
[    0.546395] pci 0000:00:18.5: setting latency timer to 64
[    0.546461] pci 0000:00:18.6: setting latency timer to 64
[    0.546527] pci 0000:00:18.7: setting latency timer to 64
[    0.546539] pci_bus 0000:00: resource 0 io:  [0x00-0xffff]
[    0.546542] pci_bus 0000:00: resource 1 mem: [0x000000-0xffffffffffffffff]
[    0.546544] pci_bus 0000:02: resource 0 io:  [0x2000-0x3fff]
[    0.546546] pci_bus 0000:02: resource 1 mem: [0xc9000000-0xca3fffff]
[    0.546548] pci_bus 0000:02: resource 2 pref mem [0xd8400000-0xd89fffff]
[    0.546550] pci_bus 0000:02: resource 3 io:  [0x00-0xffff]
[    0.546552] pci_bus 0000:02: resource 4 mem: [0x000000-0xffffffffffffffff]
[    0.546554] pci_bus 0000:03: resource 0 io:  [0x4000-0x4fff]
[    0.546556] pci_bus 0000:03: resource 1 mem: [0xca400000-0xca4fffff]
[    0.546558] pci_bus 0000:03: resource 2 pref mem [0xd8a00000-0xd8afffff]
[    0.546561] pci_bus 0000:04: resource 0 io:  [0x8000-0x8fff]
[    0.546563] pci_bus 0000:04: resource 1 mem: [0xca800000-0xca8fffff]
[    0.546566] pci_bus 0000:04: resource 2 pref mem [0xd8e00000-0xd8efffff]
[    0.546569] pci_bus 0000:05: resource 0 io:  [0xc000-0xcfff]
[    0.546572] pci_bus 0000:05: resource 1 mem: [0xcac00000-0xcacfffff]
[    0.546576] pci_bus 0000:05: resource 2 pref mem [0xd9200000-0xd92fffff]
[    0.546578] pci_bus 0000:06: resource 1 mem: [0xcb000000-0xcb0fffff]
[    0.546580] pci_bus 0000:06: resource 2 pref mem [0xd9600000-0xd96fffff]
[    0.546582] pci_bus 0000:07: resource 1 mem: [0xcb400000-0xcb4fffff]
[    0.546584] pci_bus 0000:07: resource 2 pref mem [0xd9a00000-0xd9afffff]
[    0.546586] pci_bus 0000:08: resource 1 mem: [0xcb800000-0xcb8fffff]
[    0.546588] pci_bus 0000:08: resource 2 pref mem [0xd9e00000-0xd9efffff]
[    0.546601] pci_bus 0000:09: resource 1 mem: [0xcbc00000-0xcbcfffff]
[    0.546604] pci_bus 0000:09: resource 2 pref mem [0xda200000-0xda2fffff]
[    0.546607] pci_bus 0000:0a: resource 1 mem: [0xcc000000-0xcc0fffff]
[    0.546610] pci_bus 0000:0a: resource 2 pref mem [0xda600000-0xda6fffff]
[    0.546612] pci_bus 0000:0b: resource 0 io:  [0x5000-0x5fff]
[    0.546614] pci_bus 0000:0b: resource 1 mem: [0xca500000-0xca5fffff]
[    0.546616] pci_bus 0000:0b: resource 2 pref mem [0xd8b00000-0xd8bfffff]
[    0.546618] pci_bus 0000:0c: resource 0 io:  [0x9000-0x9fff]
[    0.546619] pci_bus 0000:0c: resource 1 mem: [0xca900000-0xca9fffff]
[    0.546621] pci_bus 0000:0c: resource 2 pref mem [0xd8f00000-0xd8ffffff]
[    0.546623] pci_bus 0000:0d: resource 0 io:  [0xd000-0xdfff]
[    0.546625] pci_bus 0000:0d: resource 1 mem: [0xcad00000-0xcadfffff]
[    0.546627] pci_bus 0000:0d: resource 2 pref mem [0xd9300000-0xd93fffff]
[    0.546629] pci_bus 0000:0e: resource 1 mem: [0xcb100000-0xcb1fffff]
[    0.546631] pci_bus 0000:0e: resource 2 pref mem [0xd9700000-0xd97fffff]
[    0.546633] pci_bus 0000:0f: resource 1 mem: [0xcb500000-0xcb5fffff]
[    0.546635] pci_bus 0000:0f: resource 2 pref mem [0xd9b00000-0xd9bfffff]
[    0.546637] pci_bus 0000:10: resource 1 mem: [0xcb900000-0xcb9fffff]
[    0.546639] pci_bus 0000:10: resource 2 pref mem [0xd9f00000-0xd9ffffff]
[    0.546641] pci_bus 0000:11: resource 1 mem: [0xcbd00000-0xcbdfffff]
[    0.546643] pci_bus 0000:11: resource 2 pref mem [0xda300000-0xda3fffff]
[    0.546645] pci_bus 0000:12: resource 1 mem: [0xcc100000-0xcc1fffff]
[    0.546647] pci_bus 0000:12: resource 2 pref mem [0xda700000-0xda7fffff]
[    0.546649] pci_bus 0000:13: resource 0 io:  [0x6000-0x6fff]
[    0.546650] pci_bus 0000:13: resource 1 mem: [0xca600000-0xca6fffff]
[    0.546652] pci_bus 0000:13: resource 2 pref mem [0xd8c00000-0xd8cfffff]
[    0.546654] pci_bus 0000:14: resource 0 io:  [0xa000-0xafff]
[    0.546656] pci_bus 0000:14: resource 1 mem: [0xcaa00000-0xcaafffff]
[    0.546658] pci_bus 0000:14: resource 2 pref mem [0xd9000000-0xd90fffff]
[    0.546660] pci_bus 0000:15: resource 0 io:  [0xe000-0xefff]
[    0.546662] pci_bus 0000:15: resource 1 mem: [0xcae00000-0xcaefffff]
[    0.546664] pci_bus 0000:15: resource 2 pref mem [0xd9400000-0xd94fffff]
[    0.546666] pci_bus 0000:16: resource 1 mem: [0xcb200000-0xcb2fffff]
[    0.546668] pci_bus 0000:16: resource 2 pref mem [0xd9800000-0xd98fffff]
[    0.546670] pci_bus 0000:17: resource 1 mem: [0xcb600000-0xcb6fffff]
[    0.546672] pci_bus 0000:17: resource 2 pref mem [0xd9c00000-0xd9cfffff]
[    0.546674] pci_bus 0000:18: resource 1 mem: [0xcba00000-0xcbafffff]
[    0.546675] pci_bus 0000:18: resource 2 pref mem [0xda000000-0xda0fffff]
[    0.546677] pci_bus 0000:19: resource 1 mem: [0xcbe00000-0xcbefffff]
[    0.546679] pci_bus 0000:19: resource 2 pref mem [0xda400000-0xda4fffff]
[    0.546681] pci_bus 0000:1a: resource 1 mem: [0xcc200000-0xcc2fffff]
[    0.546683] pci_bus 0000:1a: resource 2 pref mem [0xda800000-0xda8fffff]
[    0.546685] pci_bus 0000:1b: resource 0 io:  [0x7000-0x7fff]
[    0.546687] pci_bus 0000:1b: resource 1 mem: [0xca700000-0xca7fffff]
[    0.546689] pci_bus 0000:1b: resource 2 pref mem [0xd8d00000-0xd8dfffff]
[    0.546691] pci_bus 0000:1c: resource 0 io:  [0xb000-0xbfff]
[    0.546693] pci_bus 0000:1c: resource 1 mem: [0xcab00000-0xcabfffff]
[    0.546695] pci_bus 0000:1c: resource 2 pref mem [0xd9100000-0xd91fffff]
[    0.546697] pci_bus 0000:1d: resource 0 io:  [0xf000-0xffff]
[    0.546698] pci_bus 0000:1d: resource 1 mem: [0xcaf00000-0xcaffffff]
[    0.546700] pci_bus 0000:1d: resource 2 pref mem [0xd9500000-0xd95fffff]
[    0.546702] pci_bus 0000:1e: resource 1 mem: [0xcb300000-0xcb3fffff]
[    0.546704] pci_bus 0000:1e: resource 2 pref mem [0xd9900000-0xd99fffff]
[    0.546706] pci_bus 0000:1f: resource 1 mem: [0xcb700000-0xcb7fffff]
[    0.546708] pci_bus 0000:1f: resource 2 pref mem [0xd9d00000-0xd9dfffff]
[    0.546710] pci_bus 0000:20: resource 1 mem: [0xcbb00000-0xcbbfffff]
[    0.546712] pci_bus 0000:20: resource 2 pref mem [0xda100000-0xda1fffff]
[    0.546714] pci_bus 0000:21: resource 1 mem: [0xcbf00000-0xcbffffff]
[    0.546716] pci_bus 0000:21: resource 2 pref mem [0xda500000-0xda5fffff]
[    0.546718] pci_bus 0000:22: resource 1 mem: [0xcc300000-0xcc3fffff]
[    0.546720] pci_bus 0000:22: resource 2 pref mem [0xda900000-0xda9fffff]
[    0.546742] NET: Registered protocol family 2
[    0.546760] RANDOM - __random32 called. Change num 7.  Value: e4915c27	228b7335	4c33f162
[    0.546761] RANDOM - random32 called.  Value: e4915c27	228b7335	4c33f162
[    0.546769] random 0000 0000 0000 00000000 00000000: rand_read_num 2 get_random_bytes(4): sig fffffe1a 00000000 00000000
[    0.546772] random 0000 0000 0000 00000000 00000000: extract_entropy(.. 4 ..)
[    0.546775] random 0000 0000 0000 00000000 00000000: going to reseed nonblocking with 64 bits (32 of 0 requested)
[    0.546777] random 0000 0000 0000 00000000 00000000: extract_entropy(.. 8 ..)
[    0.546779] random 0000 0000 0000 00000000 00000000: trying to extract 64 bits from input
[    0.546781] random 0000 0000 0000 00000000 00000000: debiting 0 entropy credits from input
[    0.546783] random 0000 0000 0000 00000000 00000000: extract_entropy account returned: 0 
[    0.546786] random 0000 0000 0000 00000000 00000000: urand_change_num 3 xfer_secondary_pool(4): pool_sig fffffe1a, data_sig 00000000, bytes_mixed 0 00000000 00000000
[    0.546789] random 0000 0000 0000 00000000 00000000: trying to extract 32 bits from nonblocking
[    0.546792] random 0000 0000 0000 00000000 00000000: debiting 32 entropy credits from nonblocking (unlimited)
[    0.546794] random 0000 0000 0000 00000000 00000000: extract_entropy account returned: 4 
[    0.546798] random 0000 0000 0000 00000000 00000000: urand_change_num 4 extract_buf: pool_sig fffffe1a, data_sig fffffed7, bytes_mixed 20 00000000 00000000
[    0.546829] IP route cache hash table entries: 32768 (order: 5, 131072 bytes)
[    0.546920] RANDOM - __random32 called. Change num 8.  Value: 15c279e2	28b73354	e2c5b58f
[    0.546922] RANDOM - random32 called.  Value: 15c279e2	28b73354	e2c5b58f
[    0.546982] RANDOM - __random32 called. Change num 9.  Value: 279e2b5f	8b733545	6b1e9d03
[    0.546984] RANDOM - random32 called.  Value: 279e2b5f	8b733545	6b1e9d03
[    0.546986] RANDOM - __random32 called. Change num 10.  Value: e2b5fc5e	b7335453	3a067d4e
[    0.546988] RANDOM - random32 called.  Value: e2b5fc5e	b7335453	3a067d4e
[    0.547011] RANDOM - __random32 called. Change num 11.  Value: 5fc5eba7	73354535	fa9d46b2
[    0.547013] RANDOM - random32 called.  Value: 5fc5eba7	73354535	fa9d46b2
[    0.547024] TCP established hash table entries: 131072 (order: 8, 1048576 bytes)
[    0.547209] TCP bind hash table entries: 65536 (order: 7, 524288 bytes)
[    0.547393] TCP: Hash tables configured (established 131072 bind 65536)
[    0.547396] TCP reno registered
[    0.547433] NET: Registered protocol family 1
[    0.547443] pci 0000:00:00.0: Limiting direct PCI/PCI transfers
[    0.547466] pci 0000:00:0f.0: Boot video device
[    0.547668] Trying to unpack rootfs image as initramfs...
[    1.631126] Freeing initrd memory: 83430k freed
[    1.635139] Simple Boot Flag at 0x36 set to 0x1
[    1.635184] cpufreq-nforce2: No nForce2 chipset.
[    1.635197] Scanning for low memory corruption every 60 seconds
[    1.635312] audit: initializing netlink socket (disabled)
[    1.635320] type=2000 audit(1369438299.620:1): initialized
[    1.639222] highmem bounce pool size: 64 pages
[    1.639226] HugeTLB registered 2 MB page size, pre-allocated 0 pages
[    1.639316] VFS: Disk quotas dquot_6.5.2
[    1.639345] Dquot-cache hash table entries: 1024 (order 0, 4096 bytes)
[    1.639423] fuse init (API version 7.13)
[    1.639466] msgmni has been set to 1729
[    1.639732] alg: No test for stdrng (krng)
[    1.639765] Block layer SCSI generic (bsg) driver version 0.4 loaded (major 253)
[    1.639767] io scheduler noop registered
[    1.639769] io scheduler anticipatory registered
[    1.639770] io scheduler deadline registered
[    1.639789] io scheduler cfq registered (default)
[    1.639834]   alloc irq_desc for 24 on node -1
[    1.639836]   alloc kstat_irqs on node -1
[    1.639881] pcieport 0000:00:15.0: irq 24 for MSI/MSI-X
[    1.639926] pcieport 0000:00:15.0: setting latency timer to 64
[    1.639971]   alloc irq_desc for 25 on node -1
[    1.639973]   alloc kstat_irqs on node -1
[    1.640018] pcieport 0000:00:15.1: irq 25 for MSI/MSI-X
[    1.640063] pcieport 0000:00:15.1: setting latency timer to 64
[    1.640107]   alloc irq_desc for 26 on node -1
[    1.640109]   alloc kstat_irqs on node -1
[    1.640154] pcieport 0000:00:15.2: irq 26 for MSI/MSI-X
[    1.640199] pcieport 0000:00:15.2: setting latency timer to 64
[    1.640244]   alloc irq_desc for 27 on node -1
[    1.640246]   alloc kstat_irqs on node -1
[    1.640290] pcieport 0000:00:15.3: irq 27 for MSI/MSI-X
[    1.640335] pcieport 0000:00:15.3: setting latency timer to 64
[    1.640380]   alloc irq_desc for 28 on node -1
[    1.640382]   alloc kstat_irqs on node -1
[    1.640427] pcieport 0000:00:15.4: irq 28 for MSI/MSI-X
[    1.640472] pcieport 0000:00:15.4: setting latency timer to 64
[    1.640516]   alloc irq_desc for 29 on node -1
[    1.640518]   alloc kstat_irqs on node -1
[    1.640563] pcieport 0000:00:15.5: irq 29 for MSI/MSI-X
[    1.640608] pcieport 0000:00:15.5: setting latency timer to 64
[    1.640653]   alloc irq_desc for 30 on node -1
[    1.640655]   alloc kstat_irqs on node -1
[    1.640699] pcieport 0000:00:15.6: irq 30 for MSI/MSI-X
[    1.640744] pcieport 0000:00:15.6: setting latency timer to 64
[    1.640789]   alloc irq_desc for 31 on node -1
[    1.640791]   alloc kstat_irqs on node -1
[    1.640836] pcieport 0000:00:15.7: irq 31 for MSI/MSI-X
[    1.640881] pcieport 0000:00:15.7: setting latency timer to 64
[    1.640925]   alloc irq_desc for 32 on node -1
[    1.640927]   alloc kstat_irqs on node -1
[    1.640972] pcieport 0000:00:16.0: irq 32 for MSI/MSI-X
[    1.641017] pcieport 0000:00:16.0: setting latency timer to 64
[    1.641062]   alloc irq_desc for 33 on node -1
[    1.641064]   alloc kstat_irqs on node -1
[    1.641108] pcieport 0000:00:16.1: irq 33 for MSI/MSI-X
[    1.641153] pcieport 0000:00:16.1: setting latency timer to 64
[    1.641198]   alloc irq_desc for 34 on node -1
[    1.641200]   alloc kstat_irqs on node -1
[    1.641245] pcieport 0000:00:16.2: irq 34 for MSI/MSI-X
[    1.641289] pcieport 0000:00:16.2: setting latency timer to 64
[    1.641334]   alloc irq_desc for 35 on node -1
[    1.641336]   alloc kstat_irqs on node -1
[    1.641381] pcieport 0000:00:16.3: irq 35 for MSI/MSI-X
[    1.641426] pcieport 0000:00:16.3: setting latency timer to 64
[    1.641471]   alloc irq_desc for 36 on node -1
[    1.641472]   alloc kstat_irqs on node -1
[    1.641517] pcieport 0000:00:16.4: irq 36 for MSI/MSI-X
[    1.641562] pcieport 0000:00:16.4: setting latency timer to 64
[    1.641607]   alloc irq_desc for 37 on node -1
[    1.641609]   alloc kstat_irqs on node -1
[    1.641654] pcieport 0000:00:16.5: irq 37 for MSI/MSI-X
[    1.641698] pcieport 0000:00:16.5: setting latency timer to 64
[    1.641743]   alloc irq_desc for 38 on node -1
[    1.641745]   alloc kstat_irqs on node -1
[    1.641790] pcieport 0000:00:16.6: irq 38 for MSI/MSI-X
[    1.641835] pcieport 0000:00:16.6: setting latency timer to 64
[    1.641880]   alloc irq_desc for 39 on node -1
[    1.641881]   alloc kstat_irqs on node -1
[    1.641926] pcieport 0000:00:16.7: irq 39 for MSI/MSI-X
[    1.641971] pcieport 0000:00:16.7: setting latency timer to 64
[    1.643118]   alloc irq_desc for 40 on node -1
[    1.643120]   alloc kstat_irqs on node -1
[    1.643164] pcieport 0000:00:17.0: irq 40 for MSI/MSI-X
[    1.643209] pcieport 0000:00:17.0: setting latency timer to 64
[    1.643254]   alloc irq_desc for 41 on node -1
[    1.643256]   alloc kstat_irqs on node -1
[    1.643301] pcieport 0000:00:17.1: irq 41 for MSI/MSI-X
[    1.643346] pcieport 0000:00:17.1: setting latency timer to 64
[    1.643391]   alloc irq_desc for 42 on node -1
[    1.643392]   alloc kstat_irqs on node -1
[    1.643437] pcieport 0000:00:17.2: irq 42 for MSI/MSI-X
[    1.643482] pcieport 0000:00:17.2: setting latency timer to 64
[    1.643527]   alloc irq_desc for 43 on node -1
[    1.643529]   alloc kstat_irqs on node -1
[    1.643574] pcieport 0000:00:17.3: irq 43 for MSI/MSI-X
[    1.643618] pcieport 0000:00:17.3: setting latency timer to 64
[    1.643663]   alloc irq_desc for 44 on node -1
[    1.643665]   alloc kstat_irqs on node -1
[    1.643710] pcieport 0000:00:17.4: irq 44 for MSI/MSI-X
[    1.643755] pcieport 0000:00:17.4: setting latency timer to 64
[    1.643800]   alloc irq_desc for 45 on node -1
[    1.643811]   alloc kstat_irqs on node -1
[    1.643855] pcieport 0000:00:17.5: irq 45 for MSI/MSI-X
[    1.643900] pcieport 0000:00:17.5: setting latency timer to 64
[    1.643945]   alloc irq_desc for 46 on node -1
[    1.643947]   alloc kstat_irqs on node -1
[    1.643992] pcieport 0000:00:17.6: irq 46 for MSI/MSI-X
[    1.644037] pcieport 0000:00:17.6: setting latency timer to 64
[    1.644081]   alloc irq_desc for 47 on node -1
[    1.644083]   alloc kstat_irqs on node -1
[    1.644128] pcieport 0000:00:17.7: irq 47 for MSI/MSI-X
[    1.644173] pcieport 0000:00:17.7: setting latency timer to 64
[    1.644218]   alloc irq_desc for 48 on node -1
[    1.644220]   alloc kstat_irqs on node -1
[    1.644264] pcieport 0000:00:18.0: irq 48 for MSI/MSI-X
[    1.644309] pcieport 0000:00:18.0: setting latency timer to 64
[    1.644354]   alloc irq_desc for 49 on node -1
[    1.644356]   alloc kstat_irqs on node -1
[    1.644401] pcieport 0000:00:18.1: irq 49 for MSI/MSI-X
[    1.644445] pcieport 0000:00:18.1: setting latency timer to 64
[    1.644490]   alloc irq_desc for 50 on node -1
[    1.644501]   alloc kstat_irqs on node -1
[    1.644546] pcieport 0000:00:18.2: irq 50 for MSI/MSI-X
[    1.644591] pcieport 0000:00:18.2: setting latency timer to 64
[    1.644636]   alloc irq_desc for 51 on node -1
[    1.644637]   alloc kstat_irqs on node -1
[    1.644682] pcieport 0000:00:18.3: irq 51 for MSI/MSI-X
[    1.644727] pcieport 0000:00:18.3: setting latency timer to 64
[    1.644772]   alloc irq_desc for 52 on node -1
[    1.644774]   alloc kstat_irqs on node -1
[    1.644819] pcieport 0000:00:18.4: irq 52 for MSI/MSI-X
[    1.644863] pcieport 0000:00:18.4: setting latency timer to 64
[    1.644908]   alloc irq_desc for 53 on node -1
[    1.644910]   alloc kstat_irqs on node -1
[    1.644955] pcieport 0000:00:18.5: irq 53 for MSI/MSI-X
[    1.645000] pcieport 0000:00:18.5: setting latency timer to 64
[    1.645045]   alloc irq_desc for 54 on node -1
[    1.645046]   alloc kstat_irqs on node -1
[    1.645091] pcieport 0000:00:18.6: irq 54 for MSI/MSI-X
[    1.645136] pcieport 0000:00:18.6: setting latency timer to 64
[    1.645181]   alloc irq_desc for 55 on node -1
[    1.645183]   alloc kstat_irqs on node -1
[    1.645228] pcieport 0000:00:18.7: irq 55 for MSI/MSI-X
[    1.645273] pcieport 0000:00:18.7: setting latency timer to 64
[    1.645318] pci_hotplug: PCI Hot Plug PCI Core version: 0.5
[    1.647163] pciehp 0000:00:15.0:pcie04: HPC vendor_id 15ad device_id 7a0 ss_vid 0 ss_did 0
[    1.647207] pciehp 0000:00:15.0:pcie04: service driver pciehp loaded
[    1.647252] pciehp 0000:00:15.1:pcie04: HPC vendor_id 15ad device_id 7a0 ss_vid 0 ss_did 0
[    1.647297] pciehp 0000:00:15.1:pcie04: service driver pciehp loaded
[    1.647342] pciehp 0000:00:15.2:pcie04: HPC vendor_id 15ad device_id 7a0 ss_vid 0 ss_did 0
[    1.647387] pciehp 0000:00:15.2:pcie04: service driver pciehp loaded
[    1.647432] pciehp 0000:00:15.3:pcie04: HPC vendor_id 15ad device_id 7a0 ss_vid 0 ss_did 0
[    1.647476] pciehp 0000:00:15.3:pcie04: service driver pciehp loaded
[    1.647521] pciehp 0000:00:15.4:pcie04: HPC vendor_id 15ad device_id 7a0 ss_vid 0 ss_did 0
[    1.647566] pciehp 0000:00:15.4:pcie04: service driver pciehp loaded
[    1.647611] pciehp 0000:00:15.5:pcie04: HPC vendor_id 15ad device_id 7a0 ss_vid 0 ss_did 0
[    1.647656] pciehp 0000:00:15.5:pcie04: service driver pciehp loaded
[    1.647701] pciehp 0000:00:15.6:pcie04: HPC vendor_id 15ad device_id 7a0 ss_vid 0 ss_did 0
[    1.647745] pciehp 0000:00:15.6:pcie04: service driver pciehp loaded
[    1.647790] pciehp 0000:00:15.7:pcie04: HPC vendor_id 15ad device_id 7a0 ss_vid 0 ss_did 0
[    1.647835] pciehp 0000:00:15.7:pcie04: service driver pciehp loaded
[    1.647880] pciehp 0000:00:16.0:pcie04: HPC vendor_id 15ad device_id 7a0 ss_vid 0 ss_did 0
[    1.647925] pciehp 0000:00:16.0:pcie04: service driver pciehp loaded
[    1.647970] pciehp 0000:00:16.1:pcie04: HPC vendor_id 15ad device_id 7a0 ss_vid 0 ss_did 0
[    1.648014] pciehp 0000:00:16.1:pcie04: service driver pciehp loaded
[    1.648059] pciehp 0000:00:16.2:pcie04: HPC vendor_id 15ad device_id 7a0 ss_vid 0 ss_did 0
[    1.648104] pciehp 0000:00:16.2:pcie04: service driver pciehp loaded
[    1.648149] pciehp 0000:00:16.3:pcie04: HPC vendor_id 15ad device_id 7a0 ss_vid 0 ss_did 0
[    1.648194] pciehp 0000:00:16.3:pcie04: service driver pciehp loaded
[    1.648239] pciehp 0000:00:16.4:pcie04: HPC vendor_id 15ad device_id 7a0 ss_vid 0 ss_did 0
[    1.648283] pciehp 0000:00:16.4:pcie04: service driver pciehp loaded
[    1.648328] pciehp 0000:00:16.5:pcie04: HPC vendor_id 15ad device_id 7a0 ss_vid 0 ss_did 0
[    1.648373] pciehp 0000:00:16.5:pcie04: service driver pciehp loaded
[    1.648418] pciehp 0000:00:16.6:pcie04: HPC vendor_id 15ad device_id 7a0 ss_vid 0 ss_did 0
[    1.648463] pciehp 0000:00:16.6:pcie04: service driver pciehp loaded
[    1.648508] pciehp 0000:00:16.7:pcie04: HPC vendor_id 15ad device_id 7a0 ss_vid 0 ss_did 0
[    1.648552] pciehp 0000:00:16.7:pcie04: service driver pciehp loaded
[    1.648597] pciehp 0000:00:17.0:pcie04: HPC vendor_id 15ad device_id 7a0 ss_vid 0 ss_did 0
[    1.648642] pciehp 0000:00:17.0:pcie04: service driver pciehp loaded
[    1.648687] pciehp 0000:00:17.1:pcie04: HPC vendor_id 15ad device_id 7a0 ss_vid 0 ss_did 0
[    1.648732] pciehp 0000:00:17.1:pcie04: service driver pciehp loaded
[    1.648777] pciehp 0000:00:17.2:pcie04: HPC vendor_id 15ad device_id 7a0 ss_vid 0 ss_did 0
[    1.648821] pciehp 0000:00:17.2:pcie04: service driver pciehp loaded
[    1.648866] pciehp 0000:00:17.3:pcie04: HPC vendor_id 15ad device_id 7a0 ss_vid 0 ss_did 0
[    1.648911] pciehp 0000:00:17.3:pcie04: service driver pciehp loaded
[    1.648956] pciehp 0000:00:17.4:pcie04: HPC vendor_id 15ad device_id 7a0 ss_vid 0 ss_did 0
[    1.649001] pciehp 0000:00:17.4:pcie04: service driver pciehp loaded
[    1.649046] pciehp 0000:00:17.5:pcie04: HPC vendor_id 15ad device_id 7a0 ss_vid 0 ss_did 0
[    1.649090] pciehp 0000:00:17.5:pcie04: service driver pciehp loaded
[    1.649135] pciehp 0000:00:17.6:pcie04: HPC vendor_id 15ad device_id 7a0 ss_vid 0 ss_did 0
[    1.649180] pciehp 0000:00:17.6:pcie04: service driver pciehp loaded
[    1.649225] pciehp 0000:00:17.7:pcie04: HPC vendor_id 15ad device_id 7a0 ss_vid 0 ss_did 0
[    1.649270] pciehp 0000:00:17.7:pcie04: service driver pciehp loaded
[    1.649315] pciehp 0000:00:18.0:pcie04: HPC vendor_id 15ad device_id 7a0 ss_vid 0 ss_did 0
[    1.649359] pciehp 0000:00:18.0:pcie04: service driver pciehp loaded
[    1.649404] pciehp 0000:00:18.1:pcie04: HPC vendor_id 15ad device_id 7a0 ss_vid 0 ss_did 0
[    1.649449] pciehp 0000:00:18.1:pcie04: service driver pciehp loaded
[    1.649494] pciehp 0000:00:18.2:pcie04: HPC vendor_id 15ad device_id 7a0 ss_vid 0 ss_did 0
[    1.649539] pciehp 0000:00:18.2:pcie04: service driver pciehp loaded
[    1.649584] pciehp 0000:00:18.3:pcie04: HPC vendor_id 15ad device_id 7a0 ss_vid 0 ss_did 0
[    1.649628] pciehp 0000:00:18.3:pcie04: service driver pciehp loaded
[    1.649673] pciehp 0000:00:18.4:pcie04: HPC vendor_id 15ad device_id 7a0 ss_vid 0 ss_did 0
[    1.649718] pciehp 0000:00:18.4:pcie04: service driver pciehp loaded
[    1.649763] pciehp 0000:00:18.5:pcie04: HPC vendor_id 15ad device_id 7a0 ss_vid 0 ss_did 0
[    1.649808] pciehp 0000:00:18.5:pcie04: service driver pciehp loaded
[    1.649853] pciehp 0000:00:18.6:pcie04: HPC vendor_id 15ad device_id 7a0 ss_vid 0 ss_did 0
[    1.649897] pciehp 0000:00:18.6:pcie04: service driver pciehp loaded
[    1.649942] pciehp 0000:00:18.7:pcie04: HPC vendor_id 15ad device_id 7a0 ss_vid 0 ss_did 0
[    1.649987] pciehp 0000:00:18.7:pcie04: service driver pciehp loaded
[    1.649994] pciehp: PCI Express Hot Plug Controller Driver version: 0.4
[    1.650043] ACPI: AC Adapter [ACAD] (on-line)
[    1.650096] input: Power Button as /devices/LNXSYSTM:00/LNXPWRBN:00/input/input0
[    1.650099] ACPI: Power Button [PWRF]
[    1.650143] processor LNXCPU:00: registered as cooling_device0
[    1.691071] isapnp: Scanning for PnP cards...
[    2.044490] isapnp: No Plug & Play device found
[    2.044530] random 0000 0000 0000 5f8db4e5 4cfdf2a8: initializing
[    2.044657] Linux agpgart interface v0.103
[    2.044695] agpgart-intel 0000:00:00.0: Intel 440BX Chipset
[    2.044748] agpgart-intel 0000:00:00.0: AGP aperture is 256M @ 0x0
[    2.044778] Serial: 8250/16550 driver, 32 ports, IRQ sharing enabled
[    2.044831] serial8250: ttyS0 at I/O 0x3f8 (irq = 4) is a 16550A
[    2.044884] serial8250: ttyS1 at I/O 0x2f8 (irq = 3) is a 16550A
[    2.044937] 00:0a: ttyS0 at I/O 0x3f8 (irq = 4) is a 16550A
[    2.044990] 00:0b: ttyS1 at I/O 0x2f8 (irq = 3) is a 16550A
[    2.045042] brd: module loaded
[    2.045095] loop: module loaded
[    2.045148] ata_piix 0000:00:07.1: version 2.13
[    2.045229] scsi0 : ata_piix
[    2.045276] scsi1 : ata_piix
[    2.045295] ata1: PATA max UDMA/33 cmd 0x1f0 ctl 0x3f6 bmdma 0x10c0 irq 14
[    2.045297] ata2: PATA max UDMA/33 cmd 0x170 ctl 0x376 bmdma 0x10c8 irq 15
[    2.045344] PPP generic driver version 2.4.2
[    2.045363] tun: Universal TUN/TAP device driver, 1.6
[    2.045364] tun: (C) 1999-2004 Max Krasnyansky <maxk@qualcomm.com>
[    2.045417] ehci_hcd: USB 2.0 'Enhanced' Host Controller (EHCI) Driver
[    2.045470] ACPI: PCI Interrupt Link [LNKB] enabled at IRQ 11
[    2.045473] PCI: setting IRQ 11 as level-triggered
[    2.045480] ehci_hcd 0000:02:03.0: PCI INT A -> Link[LNKB] -> GSI 11 (level, low) -> IRQ 11
[    2.045516] ehci_hcd 0000:02:03.0: EHCI Host Controller
[    2.045538] ehci_hcd 0000:02:03.0: new USB bus registered, assigned bus number 1
[    2.045591] ehci_hcd 0000:02:03.0: cache line size of 32 is not supported
[    2.045597] ehci_hcd 0000:02:03.0: irq 11, io mem 0xc9000000
[    2.045918] random 0000 0000 0000 00000000 00000000: rand_read_num 3 get_random_bytes(8): sig 00000000 00000000 00000000
[    2.045921] random 0000 0000 0000 00000000 00000000: extract_entropy(.. 8 ..)
[    2.045923] random 0000 0000 0000 00000000 00000000: going to reseed nonblocking with 64 bits (64 of 0 requested)
[    2.045925] random 0000 0000 0000 00000000 00000000: extract_entropy(.. 8 ..)
[    2.045928] random 0000 0000 0000 00000000 00000000: trying to extract 64 bits from input
[    2.045930] random 0000 0000 0000 00000000 00000000: debiting 0 entropy credits from input
[    2.045932] random 0000 0000 0000 00000000 00000000: extract_entropy account returned: 0 
[    2.045935] random 0000 0000 0000 00000000 00000000: urand_change_num 5 xfer_secondary_pool(8): pool_sig 00000000, data_sig 00000000, bytes_mixed 0 00000000 00000000
[    2.045937] random 0000 0000 0000 00000000 00000000: trying to extract 64 bits from nonblocking
[    2.045940] random 0000 0000 0000 00000000 00000000: debiting 64 entropy credits from nonblocking (unlimited)
[    2.045942] random 0000 0000 0000 00000000 00000000: extract_entropy account returned: 8 
[    2.045945] random 0000 0000 0000 00000000 00000000: urand_change_num 6 extract_buf: pool_sig 00000000, data_sig fffffff9, bytes_mixed 20 00000000 00000000
[    2.054525] ehci_hcd 0000:02:03.0: USB 2.0 started, EHCI 1.00
[    2.054578] usb usb1: configuration #1 chosen from 1 choice
[    2.054596] hub 1-0:1.0: USB hub found
[    2.054600] hub 1-0:1.0: 6 ports detected
[    2.054633] ohci_hcd: USB 1.1 'Open' Host Controller (OHCI) Driver
[    2.054642] uhci_hcd: USB Universal Host Controller Interface driver
[    2.054695] ACPI: PCI Interrupt Link [LNKC] enabled at IRQ 10
[    2.054697] PCI: setting IRQ 10 as level-triggered
[    2.054701] uhci_hcd 0000:02:00.0: PCI INT A -> Link[LNKC] -> GSI 10 (level, low) -> IRQ 10
[    2.054732] uhci_hcd 0000:02:00.0: UHCI Host Controller
[    2.054757] uhci_hcd 0000:02:00.0: new USB bus registered, assigned bus number 2
[    2.054857] uhci_hcd 0000:02:00.0: irq 10, io base 0x000020c0
[    2.054910] usb usb2: configuration #1 chosen from 1 choice
[    2.054925] hub 2-0:1.0: USB hub found
[    2.054929] hub 2-0:1.0: 2 ports detected
[    2.054982] usbcore: registered new interface driver libusual
[    2.055007] PNP: PS/2 Controller [PNP0303:KBC,PNP0f13:MOUS] at 0x60,0x64 irq 1,12
[    2.055339] serio: i8042 KBD port at 0x60,0x64 irq 1
[    2.055346] serio: i8042 AUX port at 0x60,0x64 irq 12
[    2.055378] mice: PS/2 mouse device common for all mice
[    2.055430] rtc_cmos 00:04: rtc core: registered rtc_cmos as rtc0
[    2.055445] rtc0: alarms up to one month, y3k, 114 bytes nvram, hpet irqs
[    2.055498] device-mapper: uevent: version 1.0.3
[    2.055603] device-mapper: ioctl: 4.15.0-ioctl (2009-04-01) initialised: dm-devel@redhat.com
[    2.055619] EISA: Probing bus 0 at eisa.0
[    2.055626] Cannot allocate resource for EISA slot 1
[    2.055628] Cannot allocate resource for EISA slot 2
[    2.055629] Cannot allocate resource for EISA slot 3
[    2.055631] Cannot allocate resource for EISA slot 4
[    2.055633] Cannot allocate resource for EISA slot 5
[    2.055634] Cannot allocate resource for EISA slot 6
[    2.055636] Cannot allocate resource for EISA slot 7
[    2.055638] Cannot allocate resource for EISA slot 8
[    2.055639] EISA: Detected 0 cards.
[    2.055682] cpuidle: using governor ladder
[    2.055683] cpuidle: using governor menu
[    2.055736] random 0000 0000 0000 00000000 00000000: rand_read_num 4 get_random_bytes(136): sig 0000021d 00000000 00000000
[    2.055758] random 0000 0000 0000 00000000 00000000: extract_entropy(.. 136 ..)
[    2.055761] random 0000 0000 0000 00000000 00000000: going to reseed nonblocking with 1024 bits (1088 of 0 requested)
[    2.055763] random 0000 0000 0000 00000000 00000000: extract_entropy(.. 128 ..)
[    2.055765] random 0000 0000 0000 00000000 00000000: trying to extract 1024 bits from input
[    2.055767] random 0000 0000 0000 00000000 00000000: debiting 0 entropy credits from input
[    2.055769] random 0000 0000 0000 00000000 00000000: extract_entropy account returned: 0 
[    2.055772] random 0000 0000 0000 00000000 00000000: urand_change_num 7 xfer_secondary_pool(136): pool_sig 0000021d, data_sig 00000000, bytes_mixed 0 00000000 00000000
[    2.055774] random 0000 0000 0000 00000000 00000000: trying to extract 1088 bits from nonblocking
[    2.055776] random 0000 0000 0000 00000000 00000000: debiting 1088 entropy credits from nonblocking (unlimited)
[    2.055779] random 0000 0000 0000 00000000 00000000: extract_entropy account returned: 136 
[    2.055782] random 0000 0000 0000 00000000 00000000: urand_change_num 8 extract_buf: pool_sig 0000021d, data_sig fffffff7, bytes_mixed 20 00000000 00000000
[    2.055786] random 0000 0000 0000 f961ee50 ba9cb1aa: urand_change_num 9 extract_buf: pool_sig 00000230, data_sig fffffeb4, bytes_mixed 20 f961ee50 ba9cb1aa
[    2.055791] random 0000 0000 0000 9748bdd6 56fb8af6: urand_change_num 10 extract_buf: pool_sig 00000373, data_sig 000000cf, bytes_mixed 20 9748bdd6 56fb8af6
[    2.055795] random 0000 0000 0000 9748bdd6 56fb8af6: urand_change_num 11 extract_buf: pool_sig fffffe49, data_sig 0000023f, bytes_mixed 20 9748bdd6 56fb8af6
[    2.055799] random 0000 0000 0000 a135be86 4777650e: urand_change_num 12 extract_buf: pool_sig fffffcce, data_sig 000000c6, bytes_mixed 20 a135be86 4777650e
[    2.055803] random 0000 0000 0000 4a6ea85d 170e00dd: urand_change_num 13 extract_buf: pool_sig ffffff97, data_sig ffffff7d, bytes_mixed 20 4a6ea85d 170e00dd
[    2.055807] random 0000 0000 0000 4a6ea85d 170e00dd: urand_change_num 14 extract_buf: pool_sig 00000160, data_sig fffffeea, bytes_mixed 20 4a6ea85d 170e00dd
[    2.055811] random 0000 0000 0000 6e87c3cb da668c73: urand_change_num 15 extract_buf: pool_sig 0000034f, data_sig ffffff54, bytes_mixed 20 6e87c3cb da668c73
[    2.055815] random 0000 0000 0000 6e87c3cb da668c73: urand_change_num 16 extract_buf: pool_sig fffffdc5, data_sig 00000205, bytes_mixed 20 6e87c3cb da668c73
[    2.055820] random 0000 0000 0000 39f531e6 461eb249: urand_change_num 17 extract_buf: pool_sig fffffc1d, data_sig ffffff5e, bytes_mixed 20 39f531e6 461eb249
[    2.055824] random 0000 0000 0000 7e1538a2 3e661182: urand_change_num 18 extract_buf: pool_sig 000006ef, data_sig ffffff2e, bytes_mixed 20 7e1538a2 3e661182
[    2.055828] random 0000 0000 0000 7e1538a2 3e661182: urand_change_num 19 extract_buf: pool_sig 00000317, data_sig fffffccb, bytes_mixed 20 7e1538a2 3e661182
[    2.055832] random 0000 0000 0000 76af506b 9b57305e: urand_change_num 20 extract_buf: pool_sig 00000227, data_sig ffffffd2, bytes_mixed 20 76af506b 9b57305e
[    2.055836] random 0000 0000 0000 37d49d89 e20417cc: urand_change_num 21 extract_buf: pool_sig 0000080b, data_sig 000001e9, bytes_mixed 20 37d49d89 e20417cc
[    2.055840] TCP cubic registered
[    2.055893] NET: Registered protocol family 10
[    2.055926] RANDOM - __random32 called. Change num 12.  Value: 5eba7c56	3354535f	8d65ceee
[    2.055928] RANDOM - random32 called.  Value: 5eba7c56	3354535f	8d65ceee
[    2.055937] random 0000 0000 0000 37d49d89 e20417cc: rand_read_num 5 get_random_bytes(4): sig 00000298 37d49d89 e20417cc
[    2.055939] random 0000 0000 0000 37d49d89 e20417cc: extract_entropy(.. 4 ..)
[    2.055941] random 0000 0000 0000 37d49d89 e20417cc: going to reseed nonblocking with 64 bits (32 of 0 requested)
[    2.055943] random 0000 0000 0000 37d49d89 e20417cc: extract_entropy(.. 8 ..)
[    2.055945] random 0000 0000 0000 37d49d89 e20417cc: trying to extract 64 bits from input
[    2.055947] random 0000 0000 0000 37d49d89 e20417cc: debiting 0 entropy credits from input
[    2.055949] random 0000 0000 0000 37d49d89 e20417cc: extract_entropy account returned: 0 
[    2.055952] random 0000 0000 0000 37d49d89 e20417cc: urand_change_num 22 xfer_secondary_pool(4): pool_sig 00000298, data_sig 00000000, bytes_mixed 0 37d49d89 e20417cc
[    2.055954] random 0000 0000 0000 37d49d89 e20417cc: trying to extract 32 bits from nonblocking
[    2.055957] random 0000 0000 0000 37d49d89 e20417cc: debiting 32 entropy credits from nonblocking (unlimited)
[    2.055959] random 0000 0000 0000 37d49d89 e20417cc: extract_entropy account returned: 4 
[    2.055962] random 0000 0000 0000 37d49d89 e20417cc: urand_change_num 23 extract_buf: pool_sig 00000298, data_sig 00000092, bytes_mixed 20 37d49d89 e20417cc
[    2.056015] RANDOM - __random32 called. Change num 13.  Value: a7c56226	354535ff	9ddcc977
[    2.056017] RANDOM - random32 called.  Value: a7c56226	354535ff	9ddcc977
[    2.056069] NET: Registered protocol family 17
[    2.056089] Using IPI No-Shortcut mode
[    2.056094] random 0000 0000 0000 2ee4c4fc 167bdb15: rand_read_num 6 get_random_bytes(8): sig fffffcbf 2ee4c4fc 167bdb15
[    2.056096] random 0000 0000 0000 2ee4c4fc 167bdb15: extract_entropy(.. 8 ..)
[    2.056098] random 0000 0000 0000 2ee4c4fc 167bdb15: going to reseed nonblocking with 64 bits (64 of 0 requested)
[    2.056100] random 0000 0000 0000 2ee4c4fc 167bdb15: extract_entropy(.. 8 ..)
[    2.056102] random 0000 0000 0000 2ee4c4fc 167bdb15: trying to extract 64 bits from input
[    2.056104] random 0000 0000 0000 2ee4c4fc 167bdb15: debiting 0 entropy credits from input
[    2.056106] random 0000 0000 0000 2ee4c4fc 167bdb15: extract_entropy account returned: 0 
[    2.056109] random 0000 0000 0000 2ee4c4fc 167bdb15: urand_change_num 24 xfer_secondary_pool(8): pool_sig fffffcbf, data_sig 00000000, bytes_mixed 0 2ee4c4fc 167bdb15
[    2.056112] random 0000 0000 0000 2ee4c4fc 167bdb15: trying to extract 64 bits from nonblocking
[    2.056114] random 0000 0000 0000 2ee4c4fc 167bdb15: debiting 64 entropy credits from nonblocking (unlimited)
[    2.056116] random 0000 0000 0000 2ee4c4fc 167bdb15: extract_entropy account returned: 8 
[    2.056119] random 0000 0000 0000 2ee4c4fc 167bdb15: urand_change_num 25 extract_buf: pool_sig fffffcbf, data_sig ffffff83, bytes_mixed 20 2ee4c4fc 167bdb15
[    2.056157] PM: Resume from disk failed.
[    2.056164] registered taskstats version 1
[    2.056167] random 0000 0000 0000 2ee4c4fc 167bdb15: rand_read_num 7 get_random_bytes(12): sig fffffc69 2ee4c4fc 167bdb15
[    2.056169] random 0000 0000 0000 2ee4c4fc 167bdb15: extract_entropy(.. 12 ..)
[    2.056171] random 0000 0000 0000 2ee4c4fc 167bdb15: going to reseed nonblocking with 96 bits (96 of 0 requested)
[    2.056173] random 0000 0000 0000 2ee4c4fc 167bdb15: extract_entropy(.. 12 ..)
[    2.056175] random 0000 0000 0000 2ee4c4fc 167bdb15: trying to extract 96 bits from input
[    2.056177] random 0000 0000 0000 2ee4c4fc 167bdb15: debiting 0 entropy credits from input
[    2.056179] random 0000 0000 0000 2ee4c4fc 167bdb15: extract_entropy account returned: 0 
[    2.056182] random 0000 0000 0000 2ee4c4fc 167bdb15: urand_change_num 26 xfer_secondary_pool(12): pool_sig fffffc69, data_sig 00000000, bytes_mixed 0 2ee4c4fc 167bdb15
[    2.056184] random 0000 0000 0000 2ee4c4fc 167bdb15: trying to extract 96 bits from nonblocking
[    2.056187] random 0000 0000 0000 2ee4c4fc 167bdb15: debiting 96 entropy credits from nonblocking (unlimited)
[    2.056189] random 0000 0000 0000 2ee4c4fc 167bdb15: extract_entropy account returned: 12 
[    2.056192] random 0000 0000 0000 2ee4c4fc 167bdb15: urand_change_num 27 extract_buf: pool_sig fffffc69, data_sig ffffff7d, bytes_mixed 20 2ee4c4fc 167bdb15
[    2.056196] random 0000 0000 0000 83b7c1ab 94697f48: urand_change_num 28 extract_buf: pool_sig fffffe30, data_sig fffffdd6, bytes_mixed 20 83b7c1ab 94697f48
[    2.056199] RANDOM - __seed init called.
[    2.056200] RANDOM - __seed init called.
[    2.056201] RANDOM - __seed init called.
[    2.056203] RANDOM - __random32 called. Change num 14.  Value: fc007995	feca4f80	21b38ad2
[    2.056204] RANDOM - random32_reseed called.  Value: fc007995	feca4f80	21b38ad2
[    2.056207] Pid: 1, comm: swapper Not tainted 2.6.32.57 #4
[    2.056208] Call Trace:
[    2.056214]  [<c14a8a0e>] ? printk+0x1d/0x1f
[    2.056219]  [<c17537e5>] random32_reseed+0x89/0xbd
[    2.056222]  [<c1003042>] do_one_initcall+0x32/0x1a0
[    2.056225]  [<c175375c>] ? random32_reseed+0x0/0xbd
[    2.056228]  [<c17308e7>] kernel_init+0x12d/0x17a
[    2.056230]  [<c17307ba>] ? kernel_init+0x0/0x17a
[    2.056233]  [<c1009b07>] kernel_thread_helper+0x7/0x10
[    2.059048] input: AT Translated Set 2 keyboard as /devices/platform/i8042/serio0/input/input1
[    2.059327] random 0000 0000 0000 6db70b00 b30ce96b: rand_read_num 8 get_random_bytes(64): sig fffffb38 6db70b00 b30ce96b
[    2.059330] random 0000 0000 0000 6db70b00 b30ce96b: extract_entropy(.. 64 ..)
[    2.059333] random 0000 0000 0000 6db70b00 b30ce96b: going to reseed nonblocking with 512 bits (512 of 0 requested)
[    2.059335] random 0000 0000 0000 6db70b00 b30ce96b: extract_entropy(.. 64 ..)
[    2.059337] random 0000 0000 0000 6db70b00 b30ce96b: trying to extract 512 bits from input
[    2.059339] random 0000 0000 0000 6db70b00 b30ce96b: debiting 0 entropy credits from input
[    2.059341] random 0000 0000 0000 6db70b00 b30ce96b: extract_entropy account returned: 0 
[    2.059344] random 0000 0000 0000 6db70b00 b30ce96b: urand_change_num 29 xfer_secondary_pool(64): pool_sig fffffb38, data_sig 00000000, bytes_mixed 0 6db70b00 b30ce96b
[    2.059347] random 0000 0000 0000 6db70b00 b30ce96b: trying to extract 512 bits from nonblocking
[    2.059350] random 0000 0000 0000 6db70b00 b30ce96b: debiting 512 entropy credits from nonblocking (unlimited)
[    2.059352] random 0000 0000 0000 6db70b00 b30ce96b: extract_entropy account returned: 64 
[    2.059355] random 0000 0000 0000 6db70b00 b30ce96b: urand_change_num 30 extract_buf: pool_sig fffffb38, data_sig 00000151, bytes_mixed 20 6db70b00 b30ce96b
[    2.059360] random 0000 0000 0000 6db70b00 b30ce96b: urand_change_num 31 extract_buf: pool_sig fffffdb8, data_sig 00000379, bytes_mixed 20 6db70b00 b30ce96b
[    2.059364] random 0000 0000 0000 6b83001e d4b6c0d3: urand_change_num 32 extract_buf: pool_sig ffffffc9, data_sig 00000198, bytes_mixed 20 6b83001e d4b6c0d3
[    2.059369] random 0000 0000 0000 79d3e3c7 be564518: urand_change_num 33 extract_buf: pool_sig 000002b9, data_sig ffffff84, bytes_mixed 20 79d3e3c7 be564518
[    2.059373] random 0000 0000 0000 79d3e3c7 be564518: urand_change_num 34 extract_buf: pool_sig ffffff55, data_sig ffffff5a, bytes_mixed 20 79d3e3c7 be564518
[    2.059378] random 0000 0000 0000 89c03cb2 0d353228: urand_change_num 35 extract_buf: pool_sig 00000007, data_sig ffffff17, bytes_mixed 20 89c03cb2 0d353228
[    2.059382] random 0000 0000 0000 89c03cb2 0d353228: urand_change_num 36 extract_buf: pool_sig fffffdae, data_sig 000000db, bytes_mixed 20 89c03cb2 0d353228  Magic number: 13:715:555
[    2.059476] rtc_cmos 00:04: setting system clock to 2013-05-24 23:31:41 UTC (1369438301)
[    2.059478] BIOS EDD facility v0.16 2004-Jun-25, 0 devices found
[    2.059480] EDD information not available.
[    2.059503] random 0000 0000 0000 8ca62387 b120332c: rand_read_num 9 get_random_bytes(64): sig fffffed6 8ca62387 b120332c
[    2.059506] random 0000 0000 0000 8ca62387 b120332c: extract_entropy(.. 64 ..)
[    2.059508] random 0000 0000 0000 8ca62387 b120332c: going to reseed nonblocking with 512 bits (512 of 0 requested)
[    2.059510] random 0000 0000 0000 8ca62387 b120332c: extract_entropy(.. 64 ..)
[    2.059512] random 0000 0000 0000 8ca62387 b120332c: trying to extract 512 bits from input
[    2.059515] random 0000 0000 0000 8ca62387 b120332c: debiting 0 entropy credits from input
[    2.059517] random 0000 0000 0000 8ca62387 b120332c: extract_entropy account returned: 0 
[    2.059520] random 0000 0000 0000 8ca62387 b120332c: urand_change_num 37 xfer_secondary_pool(64): pool_sig fffffed6, data_sig 00000000, bytes_mixed 0 8ca62387 b120332c
[    2.059522] random 0000 0000 0000 8ca62387 b120332c: trying to extract 512 bits from nonblocking
[    2.059525] random 0000 0000 0000 8ca62387 b120332c: debiting 512 entropy credits from nonblocking (unlimited)
[    2.059527] random 0000 0000 0000 8ca62387 b120332c: extract_entropy account returned: 64 
[    2.059530] random 0000 0000 0000 8ca62387 b120332c: urand_change_num 38 extract_buf: pool_sig fffffed6, data_sig fffffeb6, bytes_mixed 20 8ca62387 b120332c
[    2.059535] random 0000 0000 0000 90702413 e2a66c2e: urand_change_num 39 extract_buf: pool_sig fffffbb0, data_sig 0000012e, bytes_mixed 20 90702413 e2a66c2e
[    2.059539] random 0000 0000 0000 90702413 e2a66c2e: urand_change_num 40 extract_buf: pool_sig fffffaf1, data_sig ffffff3c, bytes_mixed 20 90702413 e2a66c2e
[    2.059544] random 0000 0000 0000 3f58038b c77aecb6: urand_change_num 41 extract_buf: pool_sig 00000234, data_sig fffffdec, bytes_mixed 20 3f58038b c77aecb6
[    2.059548] random 0000 0000 0000 47187b9d 03f21510: urand_change_num 42 extract_buf: pool_sig 00000192, data_sig 00000075, bytes_mixed 20 47187b9d 03f21510
[    2.059553] random 0000 0000 0000 47187b9d 03f21510: urand_change_num 43 extract_buf: pool_sig 0000018e, data_sig ffffffbf, bytes_mixed 20 47187b9d 03f21510
[    2.059557] random 0000 0000 0000 3180b1fc 0fa9c973: urand_change_num 44 extract_buf: pool_sig fffffecf, data_sig ffffff2a, bytes_mixed 20 3180b1fc 0fa9c973
[    2.059560] BEGIN NET_SECRET:
[    2.059561] \xffffff87
[    2.059562] \xffffff8d
[    2.059564] \xfffffff4
[    2.059565] \xffffffae
[    2.059566] \xffffffc3
[    2.059567] \xffffffb7
[    2.059568] \x31
[    2.059569] \x65
[    2.059570] \xffffffda
[    2.059572] \xffffffa2
[    2.059573] \x31
[    2.059574] \xffffffc8
[    2.059575] \xffffffa9
[    2.059576] \x76
[    2.059577] \x76
[    2.059578] \xffffff90
[    2.059580] \x55
[    2.059581] \xfffffff3
[    2.059582] \xffffffb1
[    2.059583] \x3
[    2.059584] \xffffffb3
[    2.059585] \xffffffa7
[    2.059586] \x5a
[    2.059588] \x71
[    2.059589] \x70
[    2.059590] \xffffff8c
[    2.059591] \x56
[    2.059592] \x25
[    2.059593] \xffffffe1
[    2.059594] \x4c
[    2.059596] \xffffffe6
[    2.059597] \xffffff95
[    2.059598] \x67
[    2.059599] \x4c
[    2.059600] \xffffffb9
[    2.059601] \x1d
[    2.059602] \xe
[    2.059604] \x34
[    2.059605] \xffffffbe
[    2.059606] \x12
[    2.059607] \x5
[    2.059608] \xffffff98
[    2.059609] \xffffffa0
[    2.059610] \xf
[    2.059611] \xffffffb2
[    2.059613] \xffffffde
[    2.059614] \xffffff99
[    2.059615] \xf
[    2.059616] \xffffffe8
[    2.059617] \xffffffc8
[    2.059618] \x1f
[    2.059619] \x54
[    2.059621] \x2c
[    2.059622] \xffffffee
[    2.059623] \x2e
[    2.059624] \x0
[    2.059625] \xffffff95
[    2.059626] \x0
[    2.059627] \xffffffe3
[    2.059629] \xffffffa7
[    2.059630] \xfffffffd
[    2.059631] \x66
[    2.059632] \xffffff92
[    2.059633] \xfffffff0
[    2.059634] 
[    2.059635] END NET_SECRET
[    2.059638] random 0000 0000 0000 3180b1fc 0fa9c973: rand_read_num 10 get_random_bytes(4): sig ffffff46 3180b1fc 0fa9c973
[    2.059640] random 0000 0000 0000 3180b1fc 0fa9c973: extract_entropy(.. 4 ..)
[    2.059643] random 0000 0000 0000 3180b1fc 0fa9c973: going to reseed nonblocking with 64 bits (32 of 0 requested)
[    2.059645] random 0000 0000 0000 3180b1fc 0fa9c973: extract_entropy(.. 8 ..)
[    2.059647] random 0000 0000 0000 3180b1fc 0fa9c973: trying to extract 64 bits from input
[    2.059649] random 0000 0000 0000 3180b1fc 0fa9c973: debiting 0 entropy credits from input
[    2.059651] random 0000 0000 0000 3180b1fc 0fa9c973: extract_entropy account returned: 0 
[    2.059654] random 0000 0000 0000 3180b1fc 0fa9c973: urand_change_num 45 xfer_secondary_pool(4): pool_sig ffffff46, data_sig 00000000, bytes_mixed 0 3180b1fc 0fa9c973
[    2.059657] random 0000 0000 0000 3180b1fc 0fa9c973: trying to extract 32 bits from nonblocking
[    2.059659] random 0000 0000 0000 3180b1fc 0fa9c973: debiting 32 entropy credits from nonblocking (unlimited)
[    2.059661] random 0000 0000 0000 3180b1fc 0fa9c973: extract_entropy account returned: 4 
[    2.059665] random 0000 0000 0000 3180b1fc 0fa9c973: urand_change_num 46 extract_buf: pool_sig ffffff46, data_sig 0000001b, bytes_mixed 20 3180b1fc 0fa9c973
[    2.232962] ata2.00: ATAPI: VMware Virtual IDE CDROM Drive, 00000001, max UDMA/33
[    2.233331] ata2.00: configured for UDMA/33
[    2.233710] scsi 1:0:0:0: CD-ROM            NECVMWar VMware IDE CDR10 1.00 PQ: 0 ANSI: 5
[    2.234925] sr0: scsi3-mmc drive: 306x/306x cd/rw xa/form2 cdda tray
[    2.234929] Uniform CD-ROM driver Revision: 3.20
[    2.234981] sr 1:0:0:0: Attached scsi CD-ROM sr0
[    2.235017] sr 1:0:0:0: Attached scsi generic sg0 type 5
[    2.235052] Freeing unused kernel memory: 652k freed
[    2.235105] Write protecting the kernel text: 4840k
[    2.235136] Write protecting the kernel read-only data: 1968k
[    2.235222] random 0000 0000 0000 38974d2b 1d8d6de0: rand_read_num 11 get_random_bytes(16): sig 000001c6 38974d2b 1d8d6de0
