[    0.000000] random 0000 0000 0000 00000000 00000000: rand_read_num 1 get_random_bytes(8): sig 00000000 00000000 00000000
[    0.000000] random 0000 0000 0000 00000000 00000000: extract_entropy(.. 8 ..)
[    0.000000] random 0000 0000 0000 00000000 00000000: going to reseed nonblocking with 64 bits (64 of 0 requested)
[    0.000000] random 0000 0000 0000 00000000 00000000: extract_entropy(.. 8 ..)
[    0.000000] random 0000 0000 0000 00000000 00000000: trying to extract 64 bits from input
[    0.000000] random 0000 0000 0000 00000000 00000000: debiting 0 entropy credits from input
[    0.000000] random 0000 0000 0000 00000000 00000000: extract_entropy account returned: 0 
[    0.000000] random 0000 0000 0000 00000000 00000000: urand_change_num 1 xfer_secondary_pool(8): pool_sig 00000000, data_sig 00000000, bytes_mixed 0 00000000 00000000
[    0.000000] random 0000 0000 0000 00000000 00000000: trying to extract 64 bits from nonblocking
[    0.000000] random 0000 0000 0000 00000000 00000000: debiting 64 entropy credits from nonblocking (unlimited)
[    0.000000] random 0000 0000 0000 00000000 00000000: extract_entropy account returned: 8 
[    0.000000] random 0000 0000 0000 00000000 00000000: urand_change_num 2 extract_buf: pool_sig 00000000, data_sig fffffff9, bytes_mixed 20 00000000 00000000
[    0.000000] Initializing cgroup subsys cpuset
[    0.000000] Initializing cgroup subsys cpu
[    0.000000] Linux version 2.6.32.57 (dcashman@ubuntu) (gcc version 4.6.3 (Ubuntu/Linaro 4.6.3-1ubuntu5) ) #4 SMP Fri May 24 11:09:26 PDT 2013
[    0.000000] KERNEL supported cpus:
[    0.000000]   Intel GenuineIntel
[    0.000000]   AMD AuthenticAMD
[    0.000000]   NSC Geode by NSC
[    0.000000]   Cyrix CyrixInstead
[    0.000000]   Centaur CentaurHauls
[    0.000000]   Transmeta GenuineTMx86
[    0.000000]   Transmeta TransmetaCPU
[    0.000000]   UMC UMC UMC UMC
[    0.000000] BIOS-provided physical RAM map:
[    0.000000]  BIOS-e820: 0000000000000000 - 000000000009f000 (usable)
[    0.000000]  BIOS-e820: 000000000009f000 - 00000000000a0000 (reserved)
[    0.000000]  BIOS-e820: 00000000000ca000 - 00000000000cc000 (reserved)
[    0.000000]  BIOS-e820: 00000000000dc000 - 0000000000100000 (reserved)
[    0.000000]  BIOS-e820: 0000000000100000 - 000000003fee0000 (usable)
[    0.000000]  BIOS-e820: 000000003fee0000 - 000000003feff000 (ACPI data)
[    0.000000]  BIOS-e820: 000000003feff000 - 000000003ff00000 (ACPI NVS)
[    0.000000]  BIOS-e820: 000000003ff00000 - 0000000040000000 (usable)
[    0.000000]  BIOS-e820: 00000000e0000000 - 00000000f0000000 (reserved)
[    0.000000]  BIOS-e820: 00000000fec00000 - 00000000fec10000 (reserved)
[    0.000000]  BIOS-e820: 00000000fee00000 - 00000000fee01000 (reserved)
[    0.000000]  BIOS-e820: 00000000fffe0000 - 0000000100000000 (reserved)
[    0.000000] DMI present.
[    0.000000] Phoenix BIOS detected: BIOS may corrupt low RAM, working around it.
[    0.000000] e820 update range: 0000000000000000 - 0000000000010000 (usable) ==> (reserved)
[    0.000000] last_pfn = 0x40000 max_arch_pfn = 0x1000000
[    0.000000] MTRR default type: uncachable
[    0.000000] MTRR fixed ranges enabled:
[    0.000000]   00000-9FFFF write-back
[    0.000000]   A0000-BFFFF uncachable
[    0.000000]   C0000-CBFFF write-protect
[    0.000000]   CC000-EFFFF uncachable
[    0.000000]   F0000-FFFFF write-protect
[    0.000000] MTRR variable ranges enabled:
[    0.000000]   0 base 0000000000 mask FFC0000000 write-back
[    0.000000]   1 disabled
[    0.000000]   2 disabled
[    0.000000]   3 disabled
[    0.000000]   4 disabled
[    0.000000]   5 disabled
[    0.000000]   6 disabled
[    0.000000]   7 disabled
[    0.000000] x86 PAT enabled: cpu 0, old 0x0, new 0x7010600070106
[    0.000000] Scanning 0 areas for low memory corruption
[    0.000000] modified physical RAM map:
[    0.000000]  modified: 0000000000000000 - 0000000000010000 (reserved)
[    0.000000]  modified: 0000000000010000 - 000000000009f000 (usable)
[    0.000000]  modified: 000000000009f000 - 00000000000a0000 (reserved)
[    0.000000]  modified: 00000000000ca000 - 00000000000cc000 (reserved)
[    0.000000]  modified: 00000000000dc000 - 0000000000100000 (reserved)
[    0.000000]  modified: 0000000000100000 - 000000003fee0000 (usable)
[    0.000000]  modified: 000000003fee0000 - 000000003feff000 (ACPI data)
[    0.000000]  modified: 000000003feff000 - 000000003ff00000 (ACPI NVS)
[    0.000000]  modified: 000000003ff00000 - 0000000040000000 (usable)
[    0.000000]  modified: 00000000e0000000 - 00000000f0000000 (reserved)
[    0.000000]  modified: 00000000fec00000 - 00000000fec10000 (reserved)
[    0.000000]  modified: 00000000fee00000 - 00000000fee01000 (reserved)
[    0.000000]  modified: 00000000fffe0000 - 0000000100000000 (reserved)
[    0.000000] initial memory mapped : 0 - 01e00000
[    0.000000] init_memory_mapping: 0000000000000000-00000000379fe000
[    0.000000] NX (Execute Disable) protection: active
[    0.000000]  0000000000 - 0000200000 page 4k
[    0.000000]  0000200000 - 0037800000 page 2M
[    0.000000]  0037800000 - 00379fe000 page 4k
[    0.000000] kernel direct mapping tables up to 379fe000 @ 10000-16000
[    0.000000] RAMDISK: 2dcfc000 - 32e758c3
[    0.000000] ACPI: RSDP 000f6b80 00024 (v02 PTLTD )
[    0.000000] ACPI: XSDT 3feed636 0005C (v01 INTEL  440BX    06040000 VMW  01324272)
[    0.000000] ACPI: FACP 3fefee98 000F4 (v04 INTEL  440BX    06040000 PTL  000F4240)
[    0.000000] ACPI: DSDT 3feee366 10B32 (v01 PTLTD  Custom   06040000 MSFT 03000001)
[    0.000000] ACPI: FACS 3fefffc0 00040
[    0.000000] ACPI: BOOT 3feee33e 00028 (v01 PTLTD  $SBFTBL$ 06040000  LTP 00000001)
[    0.000000] ACPI: APIC 3feedc3e 003C2 (v01 PTLTD  ? APIC   06040000  LTP 00000000)
[    0.000000] ACPI: MCFG 3feedc02 0003C (v01 PTLTD  $PCITBL$ 06040000  LTP 00000001)
[    0.000000] ACPI: SRAT 3feed732 004D0 (v02 VMWARE MEMPLUG  06040000 VMW  00000001)
[    0.000000] ACPI: HPET 3feed6fa 00038 (v01 VMWARE VMW HPET 06040000 VMW  00000001)
[    0.000000] ACPI: WAET 3feed6d2 00028 (v01 VMWARE VMW WAET 06040000 VMW  00000001)
[    0.000000] ACPI: Local APIC address 0xfee00000
[    0.000000] 134MB HIGHMEM available.
[    0.000000] 889MB LOWMEM available.
[    0.000000]   mapped low ram: 0 - 379fe000
[    0.000000]   low ram: 0 - 379fe000
[    0.000000]   node 0 low ram: 00000000 - 379fe000
[    0.000000]   node 0 bootmap 00012000 - 00018f40
[    0.000000] (9 early reservations) ==> bootmem [0000000000 - 00379fe000]
[    0.000000]   #0 [0000000000 - 0000001000]   BIOS data page ==> [0000000000 - 0000001000]
[    0.000000]   #1 [0000001000 - 0000002000]    EX TRAMPOLINE ==> [0000001000 - 0000002000]
[    0.000000]   #2 [0000006000 - 0000007000]       TRAMPOLINE ==> [0000006000 - 0000007000]
[    0.000000]   #3 [0001000000 - 0001a75ff8]    TEXT DATA BSS ==> [0001000000 - 0001a75ff8]
[    0.000000]   #4 [002dcfc000 - 0032e758c3]          RAMDISK ==> [002dcfc000 - 0032e758c3]
[    0.000000]   #5 [000009f000 - 0000100000]    BIOS reserved ==> [000009f000 - 0000100000]
[    0.000000]   #6 [0001a76000 - 0001a851c0]              BRK ==> [0001a76000 - 0001a851c0]
[    0.000000]   #7 [0000010000 - 0000012000]          PGTABLE ==> [0000010000 - 0000012000]
[    0.000000]   #8 [0000012000 - 0000019000]          BOOTMAP ==> [0000012000 - 0000019000]
[    0.000000] found SMP MP-table at [c00f6bf0] f6bf0
[    0.000000] Zone PFN ranges:
[    0.000000]   DMA      0x00000010 -> 0x00001000
[    0.000000]   Normal   0x00001000 -> 0x000379fe
[    0.000000]   HighMem  0x000379fe -> 0x00040000
[    0.000000] Movable zone start PFN for each node
[    0.000000] early_node_map[3] active PFN ranges
[    0.000000]     0: 0x00000010 -> 0x0000009f
[    0.000000]     0: 0x00000100 -> 0x0003fee0
[    0.000000]     0: 0x0003ff00 -> 0x00040000
[    0.000000] On node 0 totalpages: 261999
[    0.000000] free_area_init_node: node 0, pgdat c1715200, node_mem_map c1a87200
[    0.000000]   DMA zone: 32 pages used for memmap
[    0.000000]   DMA zone: 0 pages reserved
[    0.000000]   DMA zone: 3951 pages, LIFO batch:0
[    0.000000]   Normal zone: 1748 pages used for memmap
[    0.000000]   Normal zone: 221994 pages, LIFO batch:31
[    0.000000]   HighMem zone: 269 pages used for memmap
[    0.000000]   HighMem zone: 34005 pages, LIFO batch:7
[    0.000000] Using APIC driver default
[    0.000000] ACPI: PM-Timer IO Port: 0x1008
[    0.000000] ACPI: Local APIC address 0xfee00000
[    0.000000] ACPI: LAPIC (acpi_id[0x00] lapic_id[0x00] enabled)
[    0.000000] ACPI: LAPIC (acpi_id[0x01] lapic_id[0x02] disabled)
[    0.000000] ACPI: LAPIC (acpi_id[0x02] lapic_id[0x04] disabled)
[    0.000000] ACPI: LAPIC (acpi_id[0x03] lapic_id[0x06] disabled)
[    0.000000] ACPI: LAPIC (acpi_id[0x04] lapic_id[0x08] disabled)
[    0.000000] ACPI: LAPIC (acpi_id[0x05] lapic_id[0x0a] disabled)
[    0.000000] ACPI: LAPIC (acpi_id[0x06] lapic_id[0x0c] disabled)
[    0.000000] ACPI: LAPIC (acpi_id[0x07] lapic_id[0x0e] disabled)
[    0.000000] ACPI: LAPIC (acpi_id[0x08] lapic_id[0x10] disabled)
[    0.000000] ACPI: LAPIC (acpi_id[0x09] lapic_id[0x12] disabled)
[    0.000000] ACPI: LAPIC (acpi_id[0x0a] lapic_id[0x14] disabled)
[    0.000000] ACPI: LAPIC (acpi_id[0x0b] lapic_id[0x16] disabled)
[    0.000000] ACPI: LAPIC (acpi_id[0x0c] lapic_id[0x18] disabled)
[    0.000000] ACPI: LAPIC (acpi_id[0x0d] lapic_id[0x1a] disabled)
[    0.000000] ACPI: LAPIC (acpi_id[0x0e] lapic_id[0x1c] disabled)
[    0.000000] ACPI: LAPIC (acpi_id[0x0f] lapic_id[0x1e] disabled)
[    0.000000] ACPI: LAPIC (acpi_id[0x10] lapic_id[0x20] disabled)
[    0.000000] ACPI: LAPIC (acpi_id[0x11] lapic_id[0x22] disabled)
[    0.000000] ACPI: LAPIC (acpi_id[0x12] lapic_id[0x24] disabled)
[    0.000000] ACPI: LAPIC (acpi_id[0x13] lapic_id[0x26] disabled)
[    0.000000] ACPI: LAPIC (acpi_id[0x14] lapic_id[0x28] disabled)
[    0.000000] ACPI: LAPIC (acpi_id[0x15] lapic_id[0x2a] disabled)
[    0.000000] ACPI: LAPIC (acpi_id[0x16] lapic_id[0x2c] disabled)
[    0.000000] ACPI: LAPIC (acpi_id[0x17] lapic_id[0x2e] disabled)
[    0.000000] ACPI: LAPIC (acpi_id[0x18] lapic_id[0x30] disabled)
[    0.000000] ACPI: LAPIC (acpi_id[0x19] lapic_id[0x32] disabled)
[    0.000000] ACPI: LAPIC (acpi_id[0x1a] lapic_id[0x34] disabled)
[    0.000000] ACPI: LAPIC (acpi_id[0x1b] lapic_id[0x36] disabled)
[    0.000000] ACPI: LAPIC (acpi_id[0x1c] lapic_id[0x38] disabled)
[    0.000000] ACPI: LAPIC (acpi_id[0x1d] lapic_id[0x3a] disabled)
[    0.000000] ACPI: LAPIC (acpi_id[0x1e] lapic_id[0x3c] disabled)
[    0.000000] ACPI: LAPIC (acpi_id[0x1f] lapic_id[0x3e] disabled)
[    0.000000] ACPI: LAPIC (acpi_id[0x20] lapic_id[0x40] disabled)
[    0.000000] ACPI: LAPIC (acpi_id[0x21] lapic_id[0x42] disabled)
[    0.000000] ACPI: LAPIC (acpi_id[0x22] lapic_id[0x44] disabled)
[    0.000000] ACPI: LAPIC (acpi_id[0x23] lapic_id[0x46] disabled)
[    0.000000] ACPI: LAPIC (acpi_id[0x24] lapic_id[0x48] disabled)
[    0.000000] ACPI: LAPIC (acpi_id[0x25] lapic_id[0x4a] disabled)
[    0.000000] ACPI: LAPIC (acpi_id[0x26] lapic_id[0x4c] disabled)
[    0.000000] ACPI: LAPIC (acpi_id[0x27] lapic_id[0x4e] disabled)
[    0.000000] ACPI: LAPIC (acpi_id[0x28] lapic_id[0x50] disabled)
[    0.000000] ACPI: LAPIC (acpi_id[0x29] lapic_id[0x52] disabled)
[    0.000000] ACPI: LAPIC (acpi_id[0x2a] lapic_id[0x54] disabled)
[    0.000000] ACPI: LAPIC (acpi_id[0x2b] lapic_id[0x56] disabled)
[    0.000000] ACPI: LAPIC (acpi_id[0x2c] lapic_id[0x58] disabled)
[    0.000000] ACPI: LAPIC (acpi_id[0x2d] lapic_id[0x5a] disabled)
[    0.000000] ACPI: LAPIC (acpi_id[0x2e] lapic_id[0x5c] disabled)
[    0.000000] ACPI: LAPIC (acpi_id[0x2f] lapic_id[0x5e] disabled)
[    0.000000] ACPI: LAPIC (acpi_id[0x30] lapic_id[0x60] disabled)
[    0.000000] ACPI: LAPIC (acpi_id[0x31] lapic_id[0x62] disabled)
[    0.000000] ACPI: LAPIC (acpi_id[0x32] lapic_id[0x64] disabled)
[    0.000000] ACPI: LAPIC (acpi_id[0x33] lapic_id[0x66] disabled)
[    0.000000] ACPI: LAPIC (acpi_id[0x34] lapic_id[0x68] disabled)
[    0.000000] ACPI: LAPIC (acpi_id[0x35] lapic_id[0x6a] disabled)
[    0.000000] ACPI: LAPIC (acpi_id[0x36] lapic_id[0x6c] disabled)
[    0.000000] ACPI: LAPIC (acpi_id[0x37] lapic_id[0x6e] disabled)
[    0.000000] ACPI: LAPIC (acpi_id[0x38] lapic_id[0x70] disabled)
[    0.000000] ACPI: LAPIC (acpi_id[0x39] lapic_id[0x72] disabled)
[    0.000000] ACPI: LAPIC (acpi_id[0x3a] lapic_id[0x74] disabled)
[    0.000000] ACPI: LAPIC (acpi_id[0x3b] lapic_id[0x76] disabled)
[    0.000000] ACPI: LAPIC (acpi_id[0x3c] lapic_id[0x78] disabled)
[    0.000000] ACPI: LAPIC (acpi_id[0x3d] lapic_id[0x7a] disabled)
[    0.000000] ACPI: LAPIC (acpi_id[0x3e] lapic_id[0x7c] disabled)
[    0.000000] ACPI: LAPIC (acpi_id[0x3f] lapic_id[0x7e] disabled)
[    0.000000] ACPI: LAPIC_NMI (acpi_id[0x00] high edge lint[0x1])
[    0.000000] ACPI: LAPIC_NMI (acpi_id[0x01] high edge lint[0x1])
[    0.000000] ACPI: LAPIC_NMI (acpi_id[0x02] high edge lint[0x1])
[    0.000000] ACPI: LAPIC_NMI (acpi_id[0x03] high edge lint[0x1])
[    0.000000] ACPI: LAPIC_NMI (acpi_id[0x04] high edge lint[0x1])
[    0.000000] ACPI: LAPIC_NMI (acpi_id[0x05] high edge lint[0x1])
[    0.000000] ACPI: LAPIC_NMI (acpi_id[0x06] high edge lint[0x1])
[    0.000000] ACPI: LAPIC_NMI (acpi_id[0x07] high edge lint[0x1])
[    0.000000] ACPI: LAPIC_NMI (acpi_id[0x08] high edge lint[0x1])
[    0.000000] ACPI: LAPIC_NMI (acpi_id[0x09] high edge lint[0x1])
[    0.000000] ACPI: LAPIC_NMI (acpi_id[0x0a] high edge lint[0x1])
[    0.000000] ACPI: LAPIC_NMI (acpi_id[0x0b] high edge lint[0x1])
[    0.000000] ACPI: LAPIC_NMI (acpi_id[0x0c] high edge lint[0x1])
[    0.000000] ACPI: LAPIC_NMI (acpi_id[0x0d] high edge lint[0x1])
[    0.000000] ACPI: LAPIC_NMI (acpi_id[0x0e] high edge lint[0x1])
[    0.000000] ACPI: LAPIC_NMI (acpi_id[0x0f] high edge lint[0x1])
[    0.000000] ACPI: LAPIC_NMI (acpi_id[0x10] high edge lint[0x1])
[    0.000000] ACPI: LAPIC_NMI (acpi_id[0x11] high edge lint[0x1])
[    0.000000] ACPI: LAPIC_NMI (acpi_id[0x12] high edge lint[0x1])
[    0.000000] ACPI: LAPIC_NMI (acpi_id[0x13] high edge lint[0x1])
[    0.000000] ACPI: LAPIC_NMI (acpi_id[0x14] high edge lint[0x1])
[    0.000000] ACPI: LAPIC_NMI (acpi_id[0x15] high edge lint[0x1])
[    0.000000] ACPI: LAPIC_NMI (acpi_id[0x16] high edge lint[0x1])
[    0.000000] ACPI: LAPIC_NMI (acpi_id[0x17] high edge lint[0x1])
[    0.000000] ACPI: LAPIC_NMI (acpi_id[0x18] high edge lint[0x1])
[    0.000000] ACPI: LAPIC_NMI (acpi_id[0x19] high edge lint[0x1])
[    0.000000] ACPI: LAPIC_NMI (acpi_id[0x1a] high edge lint[0x1])
[    0.000000] ACPI: LAPIC_NMI (acpi_id[0x1b] high edge lint[0x1])
[    0.000000] ACPI: LAPIC_NMI (acpi_id[0x1c] high edge lint[0x1])
[    0.000000] ACPI: LAPIC_NMI (acpi_id[0x1d] high edge lint[0x1])
[    0.000000] ACPI: LAPIC_NMI (acpi_id[0x1e] high edge lint[0x1])
[    0.000000] ACPI: LAPIC_NMI (acpi_id[0x1f] high edge lint[0x1])
[    0.000000] ACPI: LAPIC_NMI (acpi_id[0x20] high edge lint[0x1])
[    0.000000] ACPI: LAPIC_NMI (acpi_id[0x21] high edge lint[0x1])
[    0.000000] ACPI: LAPIC_NMI (acpi_id[0x22] high edge lint[0x1])
[    0.000000] ACPI: LAPIC_NMI (acpi_id[0x23] high edge lint[0x1])
[    0.000000] ACPI: LAPIC_NMI (acpi_id[0x24] high edge lint[0x1])
[    0.000000] ACPI: LAPIC_NMI (acpi_id[0x25] high edge lint[0x1])
[    0.000000] ACPI: LAPIC_NMI (acpi_id[0x26] high edge lint[0x1])
[    0.000000] ACPI: LAPIC_NMI (acpi_id[0x27] high edge lint[0x1])
[    0.000000] ACPI: LAPIC_NMI (acpi_id[0x28] high edge lint[0x1])
[    0.000000] ACPI: LAPIC_NMI (acpi_id[0x29] high edge lint[0x1])
[    0.000000] ACPI: LAPIC_NMI (acpi_id[0x2a] high edge lint[0x1])
[    0.000000] ACPI: LAPIC_NMI (acpi_id[0x2b] high edge lint[0x1])
[    0.000000] ACPI: LAPIC_NMI (acpi_id[0x2c] high edge lint[0x1])
[    0.000000] ACPI: LAPIC_NMI (acpi_id[0x2d] high edge lint[0x1])
[    0.000000] ACPI: LAPIC_NMI (acpi_id[0x2e] high edge lint[0x1])
[    0.000000] ACPI: LAPIC_NMI (acpi_id[0x2f] high edge lint[0x1])
[    0.000000] ACPI: LAPIC_NMI (acpi_id[0x30] high edge lint[0x1])
[    0.000000] ACPI: LAPIC_NMI (acpi_id[0x31] high edge lint[0x1])
[    0.000000] ACPI: LAPIC_NMI (acpi_id[0x32] high edge lint[0x1])
[    0.000000] ACPI: LAPIC_NMI (acpi_id[0x33] high edge lint[0x1])
[    0.000000] ACPI: LAPIC_NMI (acpi_id[0x34] high edge lint[0x1])
[    0.000000] ACPI: LAPIC_NMI (acpi_id[0x35] high edge lint[0x1])
[    0.000000] ACPI: LAPIC_NMI (acpi_id[0x36] high edge lint[0x1])
[    0.000000] ACPI: LAPIC_NMI (acpi_id[0x37] high edge lint[0x1])
[    0.000000] ACPI: LAPIC_NMI (acpi_id[0x38] high edge lint[0x1])
[    0.000000] ACPI: LAPIC_NMI (acpi_id[0x39] high edge lint[0x1])
[    0.000000] ACPI: LAPIC_NMI (acpi_id[0x3a] high edge lint[0x1])
[    0.000000] ACPI: LAPIC_NMI (acpi_id[0x3b] high edge lint[0x1])
[    0.000000] ACPI: LAPIC_NMI (acpi_id[0x3c] high edge lint[0x1])
[    0.000000] ACPI: LAPIC_NMI (acpi_id[0x3d] high edge lint[0x1])
[    0.000000] ACPI: LAPIC_NMI (acpi_id[0x3e] high edge lint[0x1])
[    0.000000] ACPI: LAPIC_NMI (acpi_id[0x3f] high edge lint[0x1])
[    0.000000] ACPI: Skipping IOAPIC probe due to 'noapic' option.
[    0.000000] Using ACPI for processor (LAPIC) configuration information
[    0.000000] ACPI: HPET id: 0x8086af01 base: 0xfed00000
[    0.000000] Intel MultiProcessor Specification v1.4
[    0.000000]     Virtual Wire compatibility mode.
[    0.000000] MPTABLE: OEM ID: INTEL   
[    0.000000] MPTABLE: Product ID: 440BX       
[    0.000000] MPTABLE: APIC at: 0xFEE00000
[    0.000000] I/O APIC #1 Version 17 at 0xFEC00000.
[    0.000000] Processors: 1
[    0.000000] 64 Processors exceeds NR_CPUS limit of 8
[    0.000000] SMP: Allowing 8 CPUs, 7 hotplug CPUs
[    0.000000] nr_irqs_gsi: 24
[    0.000000] PM: Registered nosave memory: 000000000009f000 - 00000000000a0000
[    0.000000] PM: Registered nosave memory: 00000000000a0000 - 00000000000ca000
[    0.000000] PM: Registered nosave memory: 00000000000ca000 - 00000000000cc000
[    0.000000] PM: Registered nosave memory: 00000000000cc000 - 00000000000dc000
[    0.000000] PM: Registered nosave memory: 00000000000dc000 - 0000000000100000
[    0.000000] Allocating PCI resources starting at 40000000 (gap: 40000000:a0000000)
[    0.000000] Booting paravirtualized kernel on bare hardware
[    0.000000] NR_CPUS:8 nr_cpumask_bits:8 nr_cpu_ids:8 nr_node_ids:1
[    0.000000] PERCPU: Embedded 15 pages/cpu @c2400000 s39320 r0 d22120 u262144
[    0.000000] pcpu-alloc: s39320 r0 d22120 u262144 alloc=1*2097152
[    0.000000] pcpu-alloc: [0] 0 1 2 3 4 5 6 7 
[    0.000000] Built 1 zonelists in Zone order, mobility grouping on.  Total pages: 259950
[    0.000000] Kernel command line: BOOT_IMAGE=/boot/vmlinuz-2.6.32.57 root=UUID=007b598c-390d-4c65-84a1-4ff752d48633 ro quiet splash maxcpus=0
[    0.000000] PID hash table entries: 4096 (order: 2, 16384 bytes)
[    0.000000] Dentry cache hash table entries: 131072 (order: 7, 524288 bytes)
[    0.000000] Inode-cache hash table entries: 65536 (order: 6, 262144 bytes)
[    0.000000] Enabling fast FPU save and restore... done.
[    0.000000] Enabling unmasked SIMD FPU exception support... done.
[    0.000000] Initializing CPU#0
[    0.000000] xsave/xrstor: enabled xstate_bv 0x7, cntxt size 0x340
[    0.000000] allocated 5242560 bytes of page_cgroup
[    0.000000] please try 'cgroup_disable=memory' option if you don't want memory cgroups
[    0.000000] Initializing HighMem for node 0 (000379fe:00040000)
[    0.000000] Memory: 938260k/1048576k available (4839k kernel code, 108848k reserved, 2518k data, 652k init, 137096k highmem)
[    0.000000] virtual kernel memory layout:
[    0.000000]     fixmap  : 0xfff1e000 - 0xfffff000   ( 900 kB)
[    0.000000]     pkmap   : 0xffa00000 - 0xffc00000   (2048 kB)
[    0.000000]     vmalloc : 0xf81fe000 - 0xff9fe000   ( 120 MB)
[    0.000000]     lowmem  : 0xc0000000 - 0xf79fe000   ( 889 MB)
[    0.000000]       .init : 0xc1730000 - 0xc17d3000   ( 652 kB)
[    0.000000]       .data : 0xc14b9cce - 0xc172f764   (2518 kB)
[    0.000000]       .text : 0xc1000000 - 0xc14b9cce   (4839 kB)
[    0.000000] Checking if this processor honours the WP bit even in supervisor mode...Ok.
[    0.000000] SLUB: Genslabs=13, HWalign=64, Order=0-3, MinObjects=0, CPUs=8, Nodes=1
[    0.000000] Hierarchical RCU implementation.
[    0.000000] NR_IRQS:2304 nr_irqs:472
[    0.000000] Extended CMOS year: 2000
[    0.000000] Console: colour VGA+ 80x25
[    0.000000] console [tty0] enabled
[    0.000000] hpet clockevent registered
[    0.000000] TSC freq read from hypervisor : 2394.620 MHz
[    0.000000] Detected 2394.620 MHz processor.
[    0.000002] Calibrating delay loop (skipped) preset value.. 4789.24 BogoMIPS (lpj=9578480)
[    0.000011] Security Framework initialized
[    0.000014] SELinux:  Disabled at boot.
[    0.000018] Mount-cache hash table entries: 512
[    0.000114] Initializing cgroup subsys cpuacct
[    0.000117] Initializing cgroup subsys memory
[    0.000121] Initializing cgroup subsys devices
[    0.000122] Initializing cgroup subsys freezer
[    0.000153] CPU: Physical Processor ID: 0
[    0.000171] CPU: L1 I cache: 32K, L1 D cache: 32K
[    0.000173] CPU: L2 cache: 256K
[    0.000174] CPU: L3 cache: 4096K
[    0.000179] mce: CPU supports 0 MCE banks
[    0.000192] Performance Events: no PMU driver, software events only.
[    0.000202] Checking 'hlt' instruction... OK.
[    0.018134] SMP alternatives: switching to UP code
[    0.032186] ACPI: Core revision 20090903
[    0.038971] ACPI: setting ELCR to 0200 (from 0e20)
[    0.040006] ftrace: converting mcount calls to 0f 1f 44 00 00
[    0.040013] ftrace: allocating 22631 entries in 45 pages
[    0.057157] CANARY value: f50bfd6 for PID: 1
[    0.057188] Not enabling x2apic, Intr-remapping init failed.
[    0.057189] Enabling APIC mode:  Flat.  Using 1 I/O APICs
[    0.057197] SMP mode deactivated.
[    0.057222] SMP disabled
[    0.057276] Brought up 1 CPUs
[    0.057277] Total of 1 processors activated (4789.24 BogoMIPS).
[    0.057281] CPU0 attaching NULL sched-domain.
[    0.057349] devtmpfs: initialized
[    0.057454] sysctl table check failed: /kernel/random/now_input .1.40.7 Unknown sysctl binary path
[    0.057696] Pid: 1, comm: swapper Not tainted 2.6.32.57 #4
[    0.057697] Call Trace:
[    0.057701]  [<c14a8a0e>] ? printk+0x1d/0x1f
[    0.057704]  [<c107b56f>] set_fail+0x4f/0x60
[    0.057706]  [<c107b8b3>] sysctl_check_table+0x333/0x620
[    0.057708]  [<c107b8cc>] sysctl_check_table+0x34c/0x620
[    0.057709]  [<c107b8cc>] sysctl_check_table+0x34c/0x620
[    0.057713]  [<c1746d48>] sysctl_init+0x25/0x29
[    0.057716]  [<c1003042>] do_one_initcall+0x32/0x1a0
[    0.057718]  [<c1746d23>] ? sysctl_init+0x0/0x29
[    0.057720]  [<c17308e7>] kernel_init+0x12d/0x17a
[    0.057722]  [<c17307ba>] ? kernel_init+0x0/0x17a
[    0.057724]  [<c1009b07>] kernel_thread_helper+0x7/0x10
[    0.057726] sysctl table check failed: /kernel/random/now_blocking .1.40.8 Unknown sysctl binary path
[    0.057990] Pid: 1, comm: swapper Not tainted 2.6.32.57 #4
[    0.057991] Call Trace:
[    0.057993]  [<c14a8a0e>] ? printk+0x1d/0x1f
[    0.057994]  [<c107b56f>] set_fail+0x4f/0x60
[    0.057996]  [<c107b8b3>] sysctl_check_table+0x333/0x620
[    0.057997]  [<c107b8cc>] sysctl_check_table+0x34c/0x620
[    0.057999]  [<c107b8cc>] sysctl_check_table+0x34c/0x620
[    0.058001]  [<c1746d48>] sysctl_init+0x25/0x29
[    0.058003]  [<c1003042>] do_one_initcall+0x32/0x1a0
[    0.058005]  [<c1746d23>] ? sysctl_init+0x0/0x29
[    0.058006]  [<c17308e7>] kernel_init+0x12d/0x17a
[    0.058008]  [<c17307ba>] ? kernel_init+0x0/0x17a
[    0.058009]  [<c1009b07>] kernel_thread_helper+0x7/0x10
[    0.058011] sysctl table check failed: /kernel/random/now_nonblocking .1.40.9 Unknown sysctl binary path
[    0.058242] Pid: 1, comm: swapper Not tainted 2.6.32.57 #4
[    0.058242] Call Trace:
[    0.058244]  [<c14a8a0e>] ? printk+0x1d/0x1f
[    0.058245]  [<c107b56f>] set_fail+0x4f/0x60
[    0.058247]  [<c107b8b3>] sysctl_check_table+0x333/0x620
[    0.058248]  [<c107b8cc>] sysctl_check_table+0x34c/0x620
[    0.058250]  [<c107b8cc>] sysctl_check_table+0x34c/0x620
[    0.058252]  [<c1746d48>] sysctl_init+0x25/0x29
[    0.058254]  [<c1003042>] do_one_initcall+0x32/0x1a0
[    0.058256]  [<c1746d23>] ? sysctl_init+0x0/0x29
[    0.058257]  [<c17308e7>] kernel_init+0x12d/0x17a
[    0.058259]  [<c17307ba>] ? kernel_init+0x0/0x17a
[    0.058260]  [<c1009b07>] kernel_thread_helper+0x7/0x10
[    0.058261] sysctl table check failed: /kernel/random/nb_input_bytes .1.40.10 Unknown sysctl binary path
[    0.058492] Pid: 1, comm: swapper Not tainted 2.6.32.57 #4
[    0.058492] Call Trace:
[    0.058494]  [<c14a8a0e>] ? printk+0x1d/0x1f
[    0.058495]  [<c107b56f>] set_fail+0x4f/0x60
[    0.058497]  [<c107b8b3>] sysctl_check_table+0x333/0x620
[    0.058498]  [<c107b8cc>] sysctl_check_table+0x34c/0x620
[    0.058500]  [<c107b8cc>] sysctl_check_table+0x34c/0x620
[    0.058502]  [<c1746d48>] sysctl_init+0x25/0x29
[    0.058504]  [<c1003042>] do_one_initcall+0x32/0x1a0
[    0.058506]  [<c1746d23>] ? sysctl_init+0x0/0x29
[    0.058507]  [<c17308e7>] kernel_init+0x12d/0x17a
[    0.058508]  [<c17307ba>] ? kernel_init+0x0/0x17a
[    0.058510]  [<c1009b07>] kernel_thread_helper+0x7/0x10
[    0.058511] sysctl table check failed: /kernel/random/nb_stir_count .1.40.11 Unknown sysctl binary path
[    0.058759] Pid: 1, comm: swapper Not tainted 2.6.32.57 #4
[    0.058759] Call Trace:
[    0.058761]  [<c14a8a0e>] ? printk+0x1d/0x1f
[    0.058763]  [<c107b56f>] set_fail+0x4f/0x60
[    0.058764]  [<c107b8b3>] sysctl_check_table+0x333/0x620
[    0.058766]  [<c107b8cc>] sysctl_check_table+0x34c/0x620
[    0.058768]  [<c107b8cc>] sysctl_check_table+0x34c/0x620
[    0.058770]  [<c1746d48>] sysctl_init+0x25/0x29
[    0.058772]  [<c1003042>] do_one_initcall+0x32/0x1a0
[    0.058774]  [<c1746d23>] ? sysctl_init+0x0/0x29
[    0.058775]  [<c17308e7>] kernel_init+0x12d/0x17a
[    0.058777]  [<c17307ba>] ? kernel_init+0x0/0x17a
[    0.058778]  [<c1009b07>] kernel_thread_helper+0x7/0x10
[    0.058780] sysctl table check failed: /kernel/random/nb_reentry_count .1.40.12 Unknown sysctl binary path
[    0.059022] Pid: 1, comm: swapper Not tainted 2.6.32.57 #4
[    0.059023] Call Trace:
[    0.059025]  [<c14a8a0e>] ? printk+0x1d/0x1f
[    0.059026]  [<c107b56f>] set_fail+0x4f/0x60
[    0.059027]  [<c107b8b3>] sysctl_check_table+0x333/0x620
[    0.059029]  [<c107b8cc>] sysctl_check_table+0x34c/0x620
[    0.059031]  [<c107b8cc>] sysctl_check_table+0x34c/0x620
[    0.059033]  [<c1746d48>] sysctl_init+0x25/0x29
[    0.059034]  [<c1003042>] do_one_initcall+0x32/0x1a0
[    0.059036]  [<c1746d23>] ? sysctl_init+0x0/0x29
[    0.059038]  [<c17308e7>] kernel_init+0x12d/0x17a
[    0.059039]  [<c17307ba>] ? kernel_init+0x0/0x17a
[    0.059041]  [<c1009b07>] kernel_thread_helper+0x7/0x10
[    0.059151] RANDOM - __seed init called.
[    0.059151] RANDOM - __seed init called.
[    0.059152] RANDOM - __seed init called.
[    0.059153] RANDOM - __random32 called. Change num 1.  Value: 865378fd	b53d80db	1f8ba37e
[    0.059155] RANDOM - __random32 called. Change num 2.  Value: 378fdd29	53d80db0	46fc7ad7
[    0.059156] RANDOM - __random32 called. Change num 3.  Value: fdd29985	3d80db0e	f5ae23f5
[    0.059157] RANDOM - __random32 called. Change num 4.  Value: 299855dc	d80db0e5	47eb1be7
[    0.059158] RANDOM - __random32 called. Change num 5.  Value: 855dc464	80db0e5c	37cf1678
[    0.059160] RANDOM - __random32 called. Change num 6.  Value: dc4647ba	db0e5c1	2cf136f4
[    0.059161] RANDOM - random32 init called.  Value: dc4647ba	db0e5c1	2cf136f4
[    0.059167] regulator: core version 0.5
[    0.059224] Time: 23:31:23  Date: 05/24/13
[    0.059258] NET: Registered protocol family 16
[    0.059320] EISA bus registered
[    0.060077] ACPI: bus type pci registered
[    0.060177] PCI: MCFG configuration 0: base e0000000 segment 0 buses 0 - 255
[    0.060179] PCI: MCFG area at e0000000 reserved in E820
[    0.060180] PCI: Using MMCONFIG for extended config space
[    0.060181] PCI: Using configuration type 1 for base access
[    0.060623] bio: create slab <bio-0> at 0
[    0.061834] ACPI: EC: Look up EC in DSDT
[    0.097825] ACPI: BIOS _OSI(Linux) query ignored
[    0.103463] ACPI: Interpreter enabled
[    0.103466] ACPI: (supports S0 S1 S4 S5)
[    0.103478] ACPI: Using PIC for interrupt routing
[    0.183621] ACPI: No dock devices found.
[    0.184472] ACPI: PCI Root Bridge [PCI0] (0000:00)
[    0.186145] pci 0000:00:07.1: reg 20 io port: [0x10c0-0x10cf]
[    0.186651] pci 0000:00:07.3: quirk: region 1000-103f claimed by PIIX4 ACPI
[    0.186662] pci 0000:00:07.3: quirk: region 1040-104f claimed by PIIX4 SMB
[    0.187184] pci 0000:00:07.7: reg 10 io port: [0x1080-0x10bf]
[    0.187545] pci 0000:00:07.7: reg 14 64bit mmio: [0xc8000000-0xc8001fff]
[    0.188670] pci 0000:00:0f.0: reg 10 io port: [0x10d0-0x10df]
[    0.188707] pci 0000:00:0f.0: reg 14 32bit mmio pref: [0xd0000000-0xd7ffffff]
[    0.188743] pci 0000:00:0f.0: reg 18 32bit mmio: [0xc8800000-0xc8ffffff]
[    0.188879] pci 0000:00:0f.0: reg 30 32bit mmio pref: [0x000000-0x007fff]
[    0.189373] pci 0000:00:10.0: reg 10 io port: [0x1400-0x14ff]
[    0.189749] pci 0000:00:10.0: reg 14 64bit mmio: [0xc8040000-0xc805ffff]
[    0.190093] pci 0000:00:10.0: reg 1c 64bit mmio: [0xc8020000-0xc803ffff]
[    0.190163] pci 0000:00:10.0: reg 30 32bit mmio pref: [0x000000-0x003fff]
[    0.191456] pci 0000:00:15.0: PME# supported from D0 D3hot D3cold
[    0.191475] pci 0000:00:15.0: PME# disabled
[    0.192300] pci 0000:00:15.1: PME# supported from D0 D3hot D3cold
[    0.192320] pci 0000:00:15.1: PME# disabled
[    0.193142] pci 0000:00:15.2: PME# supported from D0 D3hot D3cold
[    0.193161] pci 0000:00:15.2: PME# disabled
[    0.193986] pci 0000:00:15.3: PME# supported from D0 D3hot D3cold
[    0.194004] pci 0000:00:15.3: PME# disabled
[    0.194821] pci 0000:00:15.4: PME# supported from D0 D3hot D3cold
[    0.194839] pci 0000:00:15.4: PME# disabled
[    0.195656] pci 0000:00:15.5: PME# supported from D0 D3hot D3cold
[    0.195674] pci 0000:00:15.5: PME# disabled
[    0.196476] pci 0000:00:15.6: PME# supported from D0 D3hot D3cold
[    0.196495] pci 0000:00:15.6: PME# disabled
[    0.197314] pci 0000:00:15.7: PME# supported from D0 D3hot D3cold
[    0.197333] pci 0000:00:15.7: PME# disabled
[    0.198148] pci 0000:00:16.0: PME# supported from D0 D3hot D3cold
[    0.198166] pci 0000:00:16.0: PME# disabled
[    0.198980] pci 0000:00:16.1: PME# supported from D0 D3hot D3cold
[    0.198999] pci 0000:00:16.1: PME# disabled
[    0.199857] pci 0000:00:16.2: PME# supported from D0 D3hot D3cold
[    0.199875] pci 0000:00:16.2: PME# disabled
[    0.200742] pci 0000:00:16.3: PME# supported from D0 D3hot D3cold
[    0.200762] pci 0000:00:16.3: PME# disabled
[    0.201580] pci 0000:00:16.4: PME# supported from D0 D3hot D3cold
[    0.201600] pci 0000:00:16.4: PME# disabled
[    0.202514] pci 0000:00:16.5: PME# supported from D0 D3hot D3cold
[    0.202558] pci 0000:00:16.5: PME# disabled
[    0.203452] pci 0000:00:16.6: PME# supported from D0 D3hot D3cold
[    0.203472] pci 0000:00:16.6: PME# disabled
[    0.204347] pci 0000:00:16.7: PME# supported from D0 D3hot D3cold
[    0.204367] pci 0000:00:16.7: PME# disabled
[    0.205227] pci 0000:00:17.0: PME# supported from D0 D3hot D3cold
[    0.205247] pci 0000:00:17.0: PME# disabled
[    0.206109] pci 0000:00:17.1: PME# supported from D0 D3hot D3cold
[    0.206129] pci 0000:00:17.1: PME# disabled
[    0.206973] pci 0000:00:17.2: PME# supported from D0 D3hot D3cold
[    0.206992] pci 0000:00:17.2: PME# disabled
[    0.207824] pci 0000:00:17.3: PME# supported from D0 D3hot D3cold
[    0.207842] pci 0000:00:17.3: PME# disabled
[    0.208658] pci 0000:00:17.4: PME# supported from D0 D3hot D3cold
[    0.208677] pci 0000:00:17.4: PME# disabled
[    0.209471] pci 0000:00:17.5: PME# supported from D0 D3hot D3cold
[    0.209490] pci 0000:00:17.5: PME# disabled
[    0.210303] pci 0000:00:17.6: PME# supported from D0 D3hot D3cold
[    0.210322] pci 0000:00:17.6: PME# disabled
[    0.211141] pci 0000:00:17.7: PME# supported from D0 D3hot D3cold
[    0.211160] pci 0000:00:17.7: PME# disabled
[    0.211992] pci 0000:00:18.0: PME# supported from D0 D3hot D3cold
[    0.212011] pci 0000:00:18.0: PME# disabled
[    0.212828] pci 0000:00:18.1: PME# supported from D0 D3hot D3cold
[    0.212847] pci 0000:00:18.1: PME# disabled
[    0.213662] pci 0000:00:18.2: PME# supported from D0 D3hot D3cold
[    0.213680] pci 0000:00:18.2: PME# disabled
[    0.214476] pci 0000:00:18.3: PME# supported from D0 D3hot D3cold
[    0.214494] pci 0000:00:18.3: PME# disabled
[    0.215318] pci 0000:00:18.4: PME# supported from D0 D3hot D3cold
[    0.215336] pci 0000:00:18.4: PME# disabled
[    0.216200] pci 0000:00:18.5: PME# supported from D0 D3hot D3cold
[    0.216220] pci 0000:00:18.5: PME# disabled
[    0.217047] pci 0000:00:18.6: PME# supported from D0 D3hot D3cold
[    0.217066] pci 0000:00:18.6: PME# disabled
[    0.217890] pci 0000:00:18.7: PME# supported from D0 D3hot D3cold
[    0.217908] pci 0000:00:18.7: PME# disabled
[    0.218941] pci 0000:02:00.0: reg 20 io port: [0x20c0-0x20df]
[    0.219399] pci 0000:02:01.0: reg 10 io port: [0x2000-0x207f]
[    0.219621] pci 0000:02:01.0: reg 30 32bit mmio pref: [0x000000-0x00ffff]
[    0.220146] pci 0000:02:02.0: reg 10 io port: [0x2080-0x20bf]
[    0.220716] pci 0000:02:03.0: reg 10 32bit mmio: [0xc9000000-0xc9000fff]
[    0.221234] pci 0000:00:11.0: transparent bridge
[    0.221253] pci 0000:00:11.0: bridge io port: [0x2000-0x3fff]
[    0.221272] pci 0000:00:11.0: bridge 32bit mmio: [0xc9000000-0xca3fffff]
[    0.221308] pci 0000:00:11.0: bridge 64bit mmio pref: [0xd8400000-0xd89fffff]
[    0.221693] pci 0000:00:15.0: bridge io port: [0x4000-0x4fff]
[    0.221715] pci 0000:00:15.0: bridge 32bit mmio: [0xca400000-0xca4fffff]
[    0.221754] pci 0000:00:15.0: bridge 64bit mmio pref: [0xd8a00000-0xd8afffff]
[    0.222118] pci 0000:00:15.1: bridge io port: [0x8000-0x8fff]
[    0.222138] pci 0000:00:15.1: bridge 32bit mmio: [0xca800000-0xca8fffff]
[    0.222176] pci 0000:00:15.1: bridge 64bit mmio pref: [0xd8e00000-0xd8efffff]
[    0.222539] pci 0000:00:15.2: bridge io port: [0xc000-0xcfff]
[    0.222559] pci 0000:00:15.2: bridge 32bit mmio: [0xcac00000-0xcacfffff]
[    0.222598] pci 0000:00:15.2: bridge 64bit mmio pref: [0xd9200000-0xd92fffff]
[    0.222981] pci 0000:00:15.3: bridge 32bit mmio: [0xcb000000-0xcb0fffff]
[    0.223019] pci 0000:00:15.3: bridge 64bit mmio pref: [0xd9600000-0xd96fffff]
[    0.223393] pci 0000:00:15.4: bridge 32bit mmio: [0xcb400000-0xcb4fffff]
[    0.223431] pci 0000:00:15.4: bridge 64bit mmio pref: [0xd9a00000-0xd9afffff]
[    0.223831] pci 0000:00:15.5: bridge 32bit mmio: [0xcb800000-0xcb8fffff]
[    0.223869] pci 0000:00:15.5: bridge 64bit mmio pref: [0xd9e00000-0xd9efffff]
[    0.224247] pci 0000:00:15.6: bridge 32bit mmio: [0xcbc00000-0xcbcfffff]
[    0.224285] pci 0000:00:15.6: bridge 64bit mmio pref: [0xda200000-0xda2fffff]
[    0.224682] pci 0000:00:15.7: bridge 32bit mmio: [0xcc000000-0xcc0fffff]
[    0.224722] pci 0000:00:15.7: bridge 64bit mmio pref: [0xda600000-0xda6fffff]
[    0.225390] pci 0000:00:16.0: bridge io port: [0x5000-0x5fff]
[    0.225411] pci 0000:00:16.0: bridge 32bit mmio: [0xca500000-0xca5fffff]
[    0.225449] pci 0000:00:16.0: bridge 64bit mmio pref: [0xd8b00000-0xd8bfffff]
[    0.225840] pci 0000:00:16.1: bridge io port: [0x9000-0x9fff]
[    0.225861] pci 0000:00:16.1: bridge 32bit mmio: [0xca900000-0xca9fffff]
[    0.225899] pci 0000:00:16.1: bridge 64bit mmio pref: [0xd8f00000-0xd8ffffff]
[    0.226272] pci 0000:00:16.2: bridge io port: [0xd000-0xdfff]
[    0.226294] pci 0000:00:16.2: bridge 32bit mmio: [0xcad00000-0xcadfffff]
[    0.226333] pci 0000:00:16.2: bridge 64bit mmio pref: [0xd9300000-0xd93fffff]
[    0.226726] pci 0000:00:16.3: bridge 32bit mmio: [0xcb100000-0xcb1fffff]
[    0.226764] pci 0000:00:16.3: bridge 64bit mmio pref: [0xd9700000-0xd97fffff]
[    0.227140] pci 0000:00:16.4: bridge 32bit mmio: [0xcb500000-0xcb5fffff]
[    0.227178] pci 0000:00:16.4: bridge 64bit mmio pref: [0xd9b00000-0xd9bfffff]
[    0.227556] pci 0000:00:16.5: bridge 32bit mmio: [0xcb900000-0xcb9fffff]
[    0.227594] pci 0000:00:16.5: bridge 64bit mmio pref: [0xd9f00000-0xd9ffffff]
[    0.227983] pci 0000:00:16.6: bridge 32bit mmio: [0xcbd00000-0xcbdfffff]
[    0.228021] pci 0000:00:16.6: bridge 64bit mmio pref: [0xda300000-0xda3fffff]
[    0.228396] pci 0000:00:16.7: bridge 32bit mmio: [0xcc100000-0xcc1fffff]
[    0.228434] pci 0000:00:16.7: bridge 64bit mmio pref: [0xda700000-0xda7fffff]
[    0.228791] pci 0000:00:17.0: bridge io port: [0x6000-0x6fff]
[    0.228812] pci 0000:00:17.0: bridge 32bit mmio: [0xca600000-0xca6fffff]
[    0.228849] pci 0000:00:17.0: bridge 64bit mmio pref: [0xd8c00000-0xd8cfffff]
[    0.229205] pci 0000:00:17.1: bridge io port: [0xa000-0xafff]
[    0.229225] pci 0000:00:17.1: bridge 32bit mmio: [0xcaa00000-0xcaafffff]
[    0.229263] pci 0000:00:17.1: bridge 64bit mmio pref: [0xd9000000-0xd90fffff]
[    0.229626] pci 0000:00:17.2: bridge io port: [0xe000-0xefff]
[    0.229646] pci 0000:00:17.2: bridge 32bit mmio: [0xcae00000-0xcaefffff]
[    0.229684] pci 0000:00:17.2: bridge 64bit mmio pref: [0xd9400000-0xd94fffff]
[    0.230061] pci 0000:00:17.3: bridge 32bit mmio: [0xcb200000-0xcb2fffff]
[    0.230099] pci 0000:00:17.3: bridge 64bit mmio pref: [0xd9800000-0xd98fffff]
[    0.230474] pci 0000:00:17.4: bridge 32bit mmio: [0xcb600000-0xcb6fffff]
[    0.230545] pci 0000:00:17.4: bridge 64bit mmio pref: [0xd9c00000-0xd9cfffff]
[    0.230922] pci 0000:00:17.5: bridge 32bit mmio: [0xcba00000-0xcbafffff]
[    0.230960] pci 0000:00:17.5: bridge 64bit mmio pref: [0xda000000-0xda0fffff]
[    0.231335] pci 0000:00:17.6: bridge 32bit mmio: [0xcbe00000-0xcbefffff]
[    0.231373] pci 0000:00:17.6: bridge 64bit mmio pref: [0xda400000-0xda4fffff]
[    0.231760] pci 0000:00:17.7: bridge 32bit mmio: [0xcc200000-0xcc2fffff]
[    0.231799] pci 0000:00:17.7: bridge 64bit mmio pref: [0xda800000-0xda8fffff]
[    0.232156] pci 0000:00:18.0: bridge io port: [0x7000-0x7fff]
[    0.232177] pci 0000:00:18.0: bridge 32bit mmio: [0xca700000-0xca7fffff]
[    0.232215] pci 0000:00:18.0: bridge 64bit mmio pref: [0xd8d00000-0xd8dfffff]
[    0.232580] pci 0000:00:18.1: bridge io port: [0xb000-0xbfff]
[    0.232600] pci 0000:00:18.1: bridge 32bit mmio: [0xcab00000-0xcabfffff]
[    0.232638] pci 0000:00:18.1: bridge 64bit mmio pref: [0xd9100000-0xd91fffff]
[    0.232994] pci 0000:00:18.2: bridge io port: [0xf000-0xffff]
[    0.233015] pci 0000:00:18.2: bridge 32bit mmio: [0xcaf00000-0xcaffffff]
[    0.233053] pci 0000:00:18.2: bridge 64bit mmio pref: [0xd9500000-0xd95fffff]
[    0.233428] pci 0000:00:18.3: bridge 32bit mmio: [0xcb300000-0xcb3fffff]
[    0.233466] pci 0000:00:18.3: bridge 64bit mmio pref: [0xd9900000-0xd99fffff]
[    0.233848] pci 0000:00:18.4: bridge 32bit mmio: [0xcb700000-0xcb7fffff]
[    0.233886] pci 0000:00:18.4: bridge 64bit mmio pref: [0xd9d00000-0xd9dfffff]
[    0.234261] pci 0000:00:18.5: bridge 32bit mmio: [0xcbb00000-0xcbbfffff]
[    0.234299] pci 0000:00:18.5: bridge 64bit mmio pref: [0xda100000-0xda1fffff]
[    0.234673] pci 0000:00:18.6: bridge 32bit mmio: [0xcbf00000-0xcbffffff]
[    0.234711] pci 0000:00:18.6: bridge 64bit mmio pref: [0xda500000-0xda5fffff]
[    0.235086] pci 0000:00:18.7: bridge 32bit mmio: [0xcc300000-0xcc3fffff]
[    0.235124] pci 0000:00:18.7: bridge 64bit mmio pref: [0xda900000-0xda9fffff]
[    0.236611] pci_bus 0000:00: on NUMA node 0
[    0.236619] ACPI: PCI Interrupt Routing Table [\_SB_.PCI0._PRT]
[    0.451674] ACPI: PCI Interrupt Link [LNKA] (IRQs 3 4 5 6 7 *9 10 11 14 15)
[    0.451820] ACPI: PCI Interrupt Link [LNKB] (IRQs 3 4 5 6 7 9 10 *11 14 15)
[    0.451961] ACPI: PCI Interrupt Link [LNKC] (IRQs 3 4 5 6 7 9 *10 11 14 15)
[    0.452101] ACPI: PCI Interrupt Link [LNKD] (IRQs 3 4 *5 6 7 9 10 11 14 15)
[    0.452248] vgaarb: device added: PCI:0000:00:0f.0,decodes=io+mem,owns=io+mem,locks=none
[    0.452257] vgaarb: loaded
[    0.452354] SCSI subsystem initialized
[    0.452397] libata version 3.00 loaded.
[    0.452435] usbcore: registered new interface driver usbfs
[    0.452446] usbcore: registered new interface driver hub
[    0.452460] usbcore: registered new device driver usb
[    0.452524] PCI: Using ACPI for IRQ routing
[    0.453436] NetLabel: Initializing
[    0.453437] NetLabel:  domain hash size = 128
[    0.453438] NetLabel:  protocols = UNLABELED CIPSOv4
[    0.453445] NetLabel:  unlabeled traffic allowed by default
[    0.453501] hpet0: at MMIO 0xfed00000, IRQs 2, 8, 0, 0, 0, 0, 0, 0, 0, 0, 0, 0, 0, 0, 0, 0
[    0.453507] hpet0: 16 comparators, 64-bit 14.318180 MHz counter
[    0.455545] Switching to clocksource tsc
[    0.462364] pnp: PnP ACPI init
[    0.462374] ACPI: bus type pnp registered
[    0.503895] pnp: PnP ACPI: found 14 devices
[    0.503897] ACPI: ACPI bus type pnp unregistered
[    0.503900] PnPBIOS: Disabled by ACPI PNP
[    0.503911] system 00:01: ioport range 0x1000-0x103f has been reserved
[    0.503912] system 00:01: ioport range 0x1040-0x104f has been reserved
[    0.503914] system 00:01: ioport range 0xcf0-0xcf1 has been reserved
[    0.503920] system 00:08: iomem range 0xfed00000-0xfed003ff has been reserved
[    0.503924] system 00:0d: ioport range 0x1060-0x107f has been reserved
[    0.503926] system 00:0d: iomem range 0xe0000000-0xefffffff has been reserved
[    0.503928] system 00:0d: iomem range 0xc8200000-0xc83fffff has been reserved
[    0.539541] pci 0000:00:15.3: BAR 13: can't allocate I/O resource [0x10000-0xffff]
[    0.539546] pci 0000:00:15.4: BAR 13: can't allocate I/O resource [0x10000-0xffff]
[    0.539549] pci 0000:00:15.5: BAR 13: can't allocate I/O resource [0x10000-0xffff]
[    0.539552] pci 0000:00:15.6: BAR 13: can't allocate I/O resource [0x10000-0xffff]
[    0.539555] pci 0000:00:15.7: BAR 13: can't allocate I/O resource [0x10000-0xffff]
[    0.539557] pci 0000:00:16.3: BAR 13: can't allocate I/O resource [0x10000-0xffff]
[    0.539560] pci 0000:00:16.4: BAR 13: can't allocate I/O resource [0x10000-0xffff]
[    0.539563] pci 0000:00:16.5: BAR 13: can't allocate I/O resource [0x10000-0xffff]
[    0.539566] pci 0000:00:16.6: BAR 13: can't allocate I/O resource [0x10000-0xffff]
[    0.539569] pci 0000:00:16.7: BAR 13: can't allocate I/O resource [0x10000-0xffff]
[    0.539572] pci 0000:00:17.3: BAR 13: can't allocate I/O resource [0x10000-0xffff]
[    0.539574] pci 0000:00:17.4: BAR 13: can't allocate I/O resource [0x10000-0xffff]
[    0.539577] pci 0000:00:17.5: BAR 13: can't allocate I/O resource [0x10000-0xffff]
[    0.539580] pci 0000:00:17.6: BAR 13: can't allocate I/O resource [0x10000-0xffff]
[    0.539583] pci 0000:00:17.7: BAR 13: can't allocate I/O resource [0x10000-0xffff]
[    0.539586] pci 0000:00:18.3: BAR 13: can't allocate I/O resource [0x10000-0xffff]
[    0.539588] pci 0000:00:18.4: BAR 13: can't allocate I/O resource [0x10000-0xffff]
[    0.539591] pci 0000:00:18.5: BAR 13: can't allocate I/O resource [0x10000-0xffff]
[    0.539594] pci 0000:00:18.6: BAR 13: can't allocate I/O resource [0x10000-0xffff]
[    0.539597] pci 0000:00:18.7: BAR 13: can't allocate I/O resource [0x10000-0xffff]
[    0.539599] pci 0000:00:01.0: PCI bridge, secondary bus 0000:01
[    0.539601] pci 0000:00:01.0:   IO window: disabled
[    0.539632] pci 0000:00:01.0:   MEM window: disabled
[    0.539653] pci 0000:00:01.0:   PREFETCH window: disabled
[    0.539693] pci 0000:00:11.0: PCI bridge, secondary bus 0000:02
[    0.539705] pci 0000:00:11.0:   IO window: 0x2000-0x3fff
[    0.539735] pci 0000:00:11.0:   MEM window: 0xc9000000-0xca3fffff
[    0.539756] pci 0000:00:11.0:   PREFETCH window: 0x000000d8400000-0x000000d89fffff
[    0.539795] pci 0000:00:15.0: PCI bridge, secondary bus 0000:03
[    0.539807] pci 0000:00:15.0:   IO window: 0x4000-0x4fff
[    0.539837] pci 0000:00:15.0:   MEM window: 0xca400000-0xca4fffff
[    0.539857] pci 0000:00:15.0:   PREFETCH window: 0x000000d8a00000-0x000000d8afffff
[    0.539910] pci 0000:00:15.1: PCI bridge, secondary bus 0000:04
[    0.539922] pci 0000:00:15.1:   IO window: 0x8000-0x8fff
[    0.539960] pci 0000:00:15.1:   MEM window: 0xca800000-0xca8fffff
[    0.539981] pci 0000:00:15.1:   PREFETCH window: 0x000000d8e00000-0x000000d8efffff
[    0.540024] pci 0000:00:15.2: PCI bridge, secondary bus 0000:05
[    0.540036] pci 0000:00:15.2:   IO window: 0xc000-0xcfff
[    0.540066] pci 0000:00:15.2:   MEM window: 0xcac00000-0xcacfffff
[    0.540086] pci 0000:00:15.2:   PREFETCH window: 0x000000d9200000-0x000000d92fffff
[    0.540129] pci 0000:00:15.3: PCI bridge, secondary bus 0000:06
[    0.540131] pci 0000:00:15.3:   IO window: disabled
[    0.540161] pci 0000:00:15.3:   MEM window: 0xcb000000-0xcb0fffff
[    0.540182] pci 0000:00:15.3:   PREFETCH window: 0x000000d9600000-0x000000d96fffff
[    0.540225] pci 0000:00:15.4: PCI bridge, secondary bus 0000:07
[    0.540227] pci 0000:00:15.4:   IO window: disabled
[    0.540257] pci 0000:00:15.4:   MEM window: 0xcb400000-0xcb4fffff
[    0.540278] pci 0000:00:15.4:   PREFETCH window: 0x000000d9a00000-0x000000d9afffff
[    0.540321] pci 0000:00:15.5: PCI bridge, secondary bus 0000:08
[    0.540323] pci 0000:00:15.5:   IO window: disabled
[    0.540353] pci 0000:00:15.5:   MEM window: 0xcb800000-0xcb8fffff
[    0.540374] pci 0000:00:15.5:   PREFETCH window: 0x000000d9e00000-0x000000d9efffff
[    0.540417] pci 0000:00:15.6: PCI bridge, secondary bus 0000:09
[    0.540419] pci 0000:00:15.6:   IO window: disabled
[    0.540449] pci 0000:00:15.6:   MEM window: 0xcbc00000-0xcbcfffff
[    0.540469] pci 0000:00:15.6:   PREFETCH window: 0x000000da200000-0x000000da2fffff
[    0.540512] pci 0000:00:15.7: PCI bridge, secondary bus 0000:0a
[    0.540513] pci 0000:00:15.7:   IO window: disabled
[    0.540583] pci 0000:00:15.7:   MEM window: 0xcc000000-0xcc0fffff
[    0.540604] pci 0000:00:15.7:   PREFETCH window: 0x000000da600000-0x000000da6fffff
[    0.540647] pci 0000:00:16.0: PCI bridge, secondary bus 0000:0b
[    0.540660] pci 0000:00:16.0:   IO window: 0x5000-0x5fff
[    0.540689] pci 0000:00:16.0:   MEM window: 0xca500000-0xca5fffff
[    0.540710] pci 0000:00:16.0:   PREFETCH window: 0x000000d8b00000-0x000000d8bfffff
[    0.540752] pci 0000:00:16.1: PCI bridge, secondary bus 0000:0c
[    0.540764] pci 0000:00:16.1:   IO window: 0x9000-0x9fff
[    0.540793] pci 0000:00:16.1:   MEM window: 0xca900000-0xca9fffff
[    0.540814] pci 0000:00:16.1:   PREFETCH window: 0x000000d8f00000-0x000000d8ffffff
[    0.540856] pci 0000:00:16.2: PCI bridge, secondary bus 0000:0d
[    0.540868] pci 0000:00:16.2:   IO window: 0xd000-0xdfff
[    0.540898] pci 0000:00:16.2:   MEM window: 0xcad00000-0xcadfffff
[    0.540918] pci 0000:00:16.2:   PREFETCH window: 0x000000d9300000-0x000000d93fffff
[    0.540968] pci 0000:00:16.3: PCI bridge, secondary bus 0000:0e
[    0.540969] pci 0000:00:16.3:   IO window: disabled
[    0.540997] pci 0000:00:16.3:   MEM window: 0xcb100000-0xcb1fffff
[    0.541016] pci 0000:00:16.3:   PREFETCH window: 0x000000d9700000-0x000000d97fffff
[    0.541055] pci 0000:00:16.4: PCI bridge, secondary bus 0000:0f
[    0.541057] pci 0000:00:16.4:   IO window: disabled
[    0.541085] pci 0000:00:16.4:   MEM window: 0xcb500000-0xcb5fffff
[    0.541104] pci 0000:00:16.4:   PREFETCH window: 0x000000d9b00000-0x000000d9bfffff
[    0.541143] pci 0000:00:16.5: PCI bridge, secondary bus 0000:10
[    0.541145] pci 0000:00:16.5:   IO window: disabled
[    0.541172] pci 0000:00:16.5:   MEM window: 0xcb900000-0xcb9fffff
[    0.541192] pci 0000:00:16.5:   PREFETCH window: 0x000000d9f00000-0x000000d9ffffff
[    0.541231] pci 0000:00:16.6: PCI bridge, secondary bus 0000:11
[    0.541232] pci 0000:00:16.6:   IO window: disabled
[    0.541260] pci 0000:00:16.6:   MEM window: 0xcbd00000-0xcbdfffff
[    0.541280] pci 0000:00:16.6:   PREFETCH window: 0x000000da300000-0x000000da3fffff
[    0.541319] pci 0000:00:16.7: PCI bridge, secondary bus 0000:12
[    0.541320] pci 0000:00:16.7:   IO window: disabled
[    0.541348] pci 0000:00:16.7:   MEM window: 0xcc100000-0xcc1fffff
[    0.541367] pci 0000:00:16.7:   PREFETCH window: 0x000000da700000-0x000000da7fffff
[    0.541407] pci 0000:00:17.0: PCI bridge, secondary bus 0000:13
[    0.541418] pci 0000:00:17.0:   IO window: 0x6000-0x6fff
[    0.541446] pci 0000:00:17.0:   MEM window: 0xca600000-0xca6fffff
[    0.541465] pci 0000:00:17.0:   PREFETCH window: 0x000000d8c00000-0x000000d8cfffff
[    0.541504] pci 0000:00:17.1: PCI bridge, secondary bus 0000:14
[    0.541522] pci 0000:00:17.1:   IO window: 0xa000-0xafff
[    0.541561] pci 0000:00:17.1:   MEM window: 0xcaa00000-0xcaafffff
[    0.541582] pci 0000:00:17.1:   PREFETCH window: 0x000000d9000000-0x000000d90fffff
[    0.541630] pci 0000:00:17.2: PCI bridge, secondary bus 0000:15
[    0.541641] pci 0000:00:17.2:   IO window: 0xe000-0xefff
[    0.541669] pci 0000:00:17.2:   MEM window: 0xcae00000-0xcaefffff
[    0.541688] pci 0000:00:17.2:   PREFETCH window: 0x000000d9400000-0x000000d94fffff
[    0.541727] pci 0000:00:17.3: PCI bridge, secondary bus 0000:16
[    0.541729] pci 0000:00:17.3:   IO window: disabled
[    0.541757] pci 0000:00:17.3:   MEM window: 0xcb200000-0xcb2fffff
[    0.541776] pci 0000:00:17.3:   PREFETCH window: 0x000000d9800000-0x000000d98fffff
[    0.541815] pci 0000:00:17.4: PCI bridge, secondary bus 0000:17
[    0.541817] pci 0000:00:17.4:   IO window: disabled
[    0.541844] pci 0000:00:17.4:   MEM window: 0xcb600000-0xcb6fffff
[    0.541864] pci 0000:00:17.4:   PREFETCH window: 0x000000d9c00000-0x000000d9cfffff
[    0.541903] pci 0000:00:17.5: PCI bridge, secondary bus 0000:18
[    0.541905] pci 0000:00:17.5:   IO window: disabled
[    0.541932] pci 0000:00:17.5:   MEM window: 0xcba00000-0xcbafffff
[    0.541951] pci 0000:00:17.5:   PREFETCH window: 0x000000da000000-0x000000da0fffff
[    0.541991] pci 0000:00:17.6: PCI bridge, secondary bus 0000:19
[    0.541992] pci 0000:00:17.6:   IO window: disabled
[    0.542020] pci 0000:00:17.6:   MEM window: 0xcbe00000-0xcbefffff
[    0.542039] pci 0000:00:17.6:   PREFETCH window: 0x000000da400000-0x000000da4fffff
[    0.542079] pci 0000:00:17.7: PCI bridge, secondary bus 0000:1a
[    0.542080] pci 0000:00:17.7:   IO window: disabled
[    0.542108] pci 0000:00:17.7:   MEM window: 0xcc200000-0xcc2fffff
[    0.542127] pci 0000:00:17.7:   PREFETCH window: 0x000000da800000-0x000000da8fffff
[    0.542166] pci 0000:00:18.0: PCI bridge, secondary bus 0000:1b
[    0.542177] pci 0000:00:18.0:   IO window: 0x7000-0x7fff
[    0.542205] pci 0000:00:18.0:   MEM window: 0xca700000-0xca7fffff
[    0.542224] pci 0000:00:18.0:   PREFETCH window: 0x000000d8d00000-0x000000d8dfffff
[    0.542263] pci 0000:00:18.1: PCI bridge, secondary bus 0000:1c
[    0.542274] pci 0000:00:18.1:   IO window: 0xb000-0xbfff
[    0.542302] pci 0000:00:18.1:   MEM window: 0xcab00000-0xcabfffff
[    0.542321] pci 0000:00:18.1:   PREFETCH window: 0x000000d9100000-0x000000d91fffff
[    0.542360] pci 0000:00:18.2: PCI bridge, secondary bus 0000:1d
[    0.542371] pci 0000:00:18.2:   IO window: 0xf000-0xffff
[    0.542399] pci 0000:00:18.2:   MEM window: 0xcaf00000-0xcaffffff
[    0.542418] pci 0000:00:18.2:   PREFETCH window: 0x000000d9500000-0x000000d95fffff
[    0.542457] pci 0000:00:18.3: PCI bridge, secondary bus 0000:1e
[    0.542458] pci 0000:00:18.3:   IO window: disabled
[    0.542486] pci 0000:00:18.3:   MEM window: 0xcb300000-0xcb3fffff
[    0.542505] pci 0000:00:18.3:   PREFETCH window: 0x000000d9900000-0x000000d99fffff
[    0.542562] pci 0000:00:18.4: PCI bridge, secondary bus 0000:1f
[    0.542564] pci 0000:00:18.4:   IO window: disabled
[    0.542594] pci 0000:00:18.4:   MEM window: 0xcb700000-0xcb7fffff
[    0.542615] pci 0000:00:18.4:   PREFETCH window: 0x000000d9d00000-0x000000d9dfffff
[    0.542657] pci 0000:00:18.5: PCI bridge, secondary bus 0000:20
[    0.542659] pci 0000:00:18.5:   IO window: disabled
[    0.542688] pci 0000:00:18.5:   MEM window: 0xcbb00000-0xcbbfffff
[    0.542709] pci 0000:00:18.5:   PREFETCH window: 0x000000da100000-0x000000da1fffff
[    0.542752] pci 0000:00:18.6: PCI bridge, secondary bus 0000:21
[    0.542753] pci 0000:00:18.6:   IO window: disabled
[    0.542783] pci 0000:00:18.6:   MEM window: 0xcbf00000-0xcbffffff
[    0.542804] pci 0000:00:18.6:   PREFETCH window: 0x000000da500000-0x000000da5fffff
[    0.542846] pci 0000:00:18.7: PCI bridge, secondary bus 0000:22
[    0.542848] pci 0000:00:18.7:   IO window: disabled
[    0.542877] pci 0000:00:18.7:   MEM window: 0xcc300000-0xcc3fffff
[    0.542905] pci 0000:00:18.7:   PREFETCH window: 0x000000da900000-0x000000da9fffff
[    0.542976] pci 0000:00:01.0: setting latency timer to 64
[    0.543054] pci 0000:00:15.0: setting latency timer to 64
[    0.543117] pci 0000:00:15.1: setting latency timer to 64
[    0.543180] pci 0000:00:15.2: setting latency timer to 64
[    0.543242] pci 0000:00:15.3: setting latency timer to 64
[    0.543304] pci 0000:00:15.4: setting latency timer to 64
[    0.543366] pci 0000:00:15.5: setting latency timer to 64
[    0.543428] pci 0000:00:15.6: setting latency timer to 64
[    0.543524] pci 0000:00:15.7: setting latency timer to 64
[    0.543597] pci 0000:00:16.0: setting latency timer to 64
[    0.543659] pci 0000:00:16.1: setting latency timer to 64
[    0.543729] pci 0000:00:16.2: setting latency timer to 64
[    0.543807] pci 0000:00:16.3: setting latency timer to 64
[    0.543874] pci 0000:00:16.4: setting latency timer to 64
[    0.543937] pci 0000:00:16.5: setting latency timer to 64
[    0.543999] pci 0000:00:16.6: setting latency timer to 64
[    0.544060] pci 0000:00:16.7: setting latency timer to 64
[    0.544122] pci 0000:00:17.0: setting latency timer to 64
[    0.544184] pci 0000:00:17.1: setting latency timer to 64
[    0.544246] pci 0000:00:17.2: setting latency timer to 64
[    0.544308] pci 0000:00:17.3: setting latency timer to 64
[    0.544370] pci 0000:00:17.4: setting latency timer to 64
[    0.544432] pci 0000:00:17.5: setting latency timer to 64
[    0.544510] pci 0000:00:17.6: setting latency timer to 64
[    0.544583] pci 0000:00:17.7: setting latency timer to 64
[    0.544645] pci 0000:00:18.0: setting latency timer to 64
[    0.544708] pci 0000:00:18.1: setting latency timer to 64
[    0.544770] pci 0000:00:18.2: setting latency timer to 64
[    0.544832] pci 0000:00:18.3: setting latency timer to 64
[    0.544894] pci 0000:00:18.4: setting latency timer to 64
[    0.544956] pci 0000:00:18.5: setting latency timer to 64
[    0.545019] pci 0000:00:18.6: setting latency timer to 64
[    0.545081] pci 0000:00:18.7: setting latency timer to 64
[    0.545092] pci_bus 0000:00: resource 0 io:  [0x00-0xffff]
[    0.545094] pci_bus 0000:00: resource 1 mem: [0x000000-0xffffffffffffffff]
[    0.545097] pci_bus 0000:02: resource 0 io:  [0x2000-0x3fff]
[    0.545099] pci_bus 0000:02: resource 1 mem: [0xc9000000-0xca3fffff]
[    0.545101] pci_bus 0000:02: resource 2 pref mem [0xd8400000-0xd89fffff]
[    0.545102] pci_bus 0000:02: resource 3 io:  [0x00-0xffff]
[    0.545104] pci_bus 0000:02: resource 4 mem: [0x000000-0xffffffffffffffff]
[    0.545106] pci_bus 0000:03: resource 0 io:  [0x4000-0x4fff]
[    0.545108] pci_bus 0000:03: resource 1 mem: [0xca400000-0xca4fffff]
[    0.545110] pci_bus 0000:03: resource 2 pref mem [0xd8a00000-0xd8afffff]
[    0.545112] pci_bus 0000:04: resource 0 io:  [0x8000-0x8fff]
[    0.545114] pci_bus 0000:04: resource 1 mem: [0xca800000-0xca8fffff]
[    0.545115] pci_bus 0000:04: resource 2 pref mem [0xd8e00000-0xd8efffff]
[    0.545117] pci_bus 0000:05: resource 0 io:  [0xc000-0xcfff]
[    0.545119] pci_bus 0000:05: resource 1 mem: [0xcac00000-0xcacfffff]
[    0.545121] pci_bus 0000:05: resource 2 pref mem [0xd9200000-0xd92fffff]
[    0.545123] pci_bus 0000:06: resource 1 mem: [0xcb000000-0xcb0fffff]
[    0.545124] pci_bus 0000:06: resource 2 pref mem [0xd9600000-0xd96fffff]
[    0.545126] pci_bus 0000:07: resource 1 mem: [0xcb400000-0xcb4fffff]
[    0.545128] pci_bus 0000:07: resource 2 pref mem [0xd9a00000-0xd9afffff]
[    0.545130] pci_bus 0000:08: resource 1 mem: [0xcb800000-0xcb8fffff]
[    0.545132] pci_bus 0000:08: resource 2 pref mem [0xd9e00000-0xd9efffff]
[    0.545134] pci_bus 0000:09: resource 1 mem: [0xcbc00000-0xcbcfffff]
[    0.545135] pci_bus 0000:09: resource 2 pref mem [0xda200000-0xda2fffff]
[    0.545137] pci_bus 0000:0a: resource 1 mem: [0xcc000000-0xcc0fffff]
[    0.545139] pci_bus 0000:0a: resource 2 pref mem [0xda600000-0xda6fffff]
[    0.545141] pci_bus 0000:0b: resource 0 io:  [0x5000-0x5fff]
[    0.545142] pci_bus 0000:0b: resource 1 mem: [0xca500000-0xca5fffff]
[    0.545144] pci_bus 0000:0b: resource 2 pref mem [0xd8b00000-0xd8bfffff]
[    0.545146] pci_bus 0000:0c: resource 0 io:  [0x9000-0x9fff]
[    0.545148] pci_bus 0000:0c: resource 1 mem: [0xca900000-0xca9fffff]
[    0.545150] pci_bus 0000:0c: resource 2 pref mem [0xd8f00000-0xd8ffffff]
[    0.545151] pci_bus 0000:0d: resource 0 io:  [0xd000-0xdfff]
[    0.545154] pci_bus 0000:0d: resource 1 mem: [0xcad00000-0xcadfffff]
[    0.545157] pci_bus 0000:0d: resource 2 pref mem [0xd9300000-0xd93fffff]
[    0.545159] pci_bus 0000:0e: resource 1 mem: [0xcb100000-0xcb1fffff]
[    0.545162] pci_bus 0000:0e: resource 2 pref mem [0xd9700000-0xd97fffff]
[    0.545165] pci_bus 0000:0f: resource 1 mem: [0xcb500000-0xcb5fffff]
[    0.545168] pci_bus 0000:0f: resource 2 pref mem [0xd9b00000-0xd9bfffff]
[    0.545170] pci_bus 0000:10: resource 1 mem: [0xcb900000-0xcb9fffff]
[    0.545172] pci_bus 0000:10: resource 2 pref mem [0xd9f00000-0xd9ffffff]
[    0.545173] pci_bus 0000:11: resource 1 mem: [0xcbd00000-0xcbdfffff]
[    0.545175] pci_bus 0000:11: resource 2 pref mem [0xda300000-0xda3fffff]
[    0.545177] pci_bus 0000:12: resource 1 mem: [0xcc100000-0xcc1fffff]
[    0.545179] pci_bus 0000:12: resource 2 pref mem [0xda700000-0xda7fffff]
[    0.545181] pci_bus 0000:13: resource 0 io:  [0x6000-0x6fff]
[    0.545182] pci_bus 0000:13: resource 1 mem: [0xca600000-0xca6fffff]
[    0.545184] pci_bus 0000:13: resource 2 pref mem [0xd8c00000-0xd8cfffff]
[    0.545186] pci_bus 0000:14: resource 0 io:  [0xa000-0xafff]
[    0.545188] pci_bus 0000:14: resource 1 mem: [0xcaa00000-0xcaafffff]
[    0.545190] pci_bus 0000:14: resource 2 pref mem [0xd9000000-0xd90fffff]
[    0.545191] pci_bus 0000:15: resource 0 io:  [0xe000-0xefff]
[    0.545193] pci_bus 0000:15: resource 1 mem: [0xcae00000-0xcaefffff]
[    0.545195] pci_bus 0000:15: resource 2 pref mem [0xd9400000-0xd94fffff]
[    0.545197] pci_bus 0000:16: resource 1 mem: [0xcb200000-0xcb2fffff]
[    0.545199] pci_bus 0000:16: resource 2 pref mem [0xd9800000-0xd98fffff]
[    0.545200] pci_bus 0000:17: resource 1 mem: [0xcb600000-0xcb6fffff]
[    0.545202] pci_bus 0000:17: resource 2 pref mem [0xd9c00000-0xd9cfffff]
[    0.545204] pci_bus 0000:18: resource 1 mem: [0xcba00000-0xcbafffff]
[    0.545206] pci_bus 0000:18: resource 2 pref mem [0xda000000-0xda0fffff]
[    0.545208] pci_bus 0000:19: resource 1 mem: [0xcbe00000-0xcbefffff]
[    0.545210] pci_bus 0000:19: resource 2 pref mem [0xda400000-0xda4fffff]
[    0.545211] pci_bus 0000:1a: resource 1 mem: [0xcc200000-0xcc2fffff]
[    0.545213] pci_bus 0000:1a: resource 2 pref mem [0xda800000-0xda8fffff]
[    0.545215] pci_bus 0000:1b: resource 0 io:  [0x7000-0x7fff]
[    0.545217] pci_bus 0000:1b: resource 1 mem: [0xca700000-0xca7fffff]
[    0.545218] pci_bus 0000:1b: resource 2 pref mem [0xd8d00000-0xd8dfffff]
[    0.545220] pci_bus 0000:1c: resource 0 io:  [0xb000-0xbfff]
[    0.545222] pci_bus 0000:1c: resource 1 mem: [0xcab00000-0xcabfffff]
[    0.545224] pci_bus 0000:1c: resource 2 pref mem [0xd9100000-0xd91fffff]
[    0.545226] pci_bus 0000:1d: resource 0 io:  [0xf000-0xffff]
[    0.545227] pci_bus 0000:1d: resource 1 mem: [0xcaf00000-0xcaffffff]
[    0.545229] pci_bus 0000:1d: resource 2 pref mem [0xd9500000-0xd95fffff]
[    0.545231] pci_bus 0000:1e: resource 1 mem: [0xcb300000-0xcb3fffff]
[    0.545233] pci_bus 0000:1e: resource 2 pref mem [0xd9900000-0xd99fffff]
[    0.545235] pci_bus 0000:1f: resource 1 mem: [0xcb700000-0xcb7fffff]
[    0.545236] pci_bus 0000:1f: resource 2 pref mem [0xd9d00000-0xd9dfffff]
[    0.545238] pci_bus 0000:20: resource 1 mem: [0xcbb00000-0xcbbfffff]
[    0.545240] pci_bus 0000:20: resource 2 pref mem [0xda100000-0xda1fffff]
[    0.545242] pci_bus 0000:21: resource 1 mem: [0xcbf00000-0xcbffffff]
[    0.545244] pci_bus 0000:21: resource 2 pref mem [0xda500000-0xda5fffff]
[    0.545245] pci_bus 0000:22: resource 1 mem: [0xcc300000-0xcc3fffff]
[    0.545247] pci_bus 0000:22: resource 2 pref mem [0xda900000-0xda9fffff]
[    0.545271] NET: Registered protocol family 2
[    0.545288] RANDOM - __random32 called. Change num 7.  Value: 647ba296	db0e5c1d	6de96f10
[    0.545289] RANDOM - random32 called.  Value: 647ba296	db0e5c1d	6de96f10
[    0.545298] random 0000 0000 0000 00000000 00000000: rand_read_num 2 get_random_bytes(4): sig fffffe1a 00000000 00000000
[    0.545300] random 0000 0000 0000 00000000 00000000: extract_entropy(.. 4 ..)
[    0.545303] random 0000 0000 0000 00000000 00000000: going to reseed nonblocking with 64 bits (32 of 0 requested)
[    0.545305] random 0000 0000 0000 00000000 00000000: extract_entropy(.. 8 ..)
[    0.545307] random 0000 0000 0000 00000000 00000000: trying to extract 64 bits from input
[    0.545309] random 0000 0000 0000 00000000 00000000: debiting 0 entropy credits from input
[    0.545311] random 0000 0000 0000 00000000 00000000: extract_entropy account returned: 0 
[    0.545314] random 0000 0000 0000 00000000 00000000: urand_change_num 3 xfer_secondary_pool(4): pool_sig fffffe1a, data_sig 00000000, bytes_mixed 0 00000000 00000000
[    0.545316] random 0000 0000 0000 00000000 00000000: trying to extract 32 bits from nonblocking
[    0.545319] random 0000 0000 0000 00000000 00000000: debiting 32 entropy credits from nonblocking (unlimited)
[    0.545321] random 0000 0000 0000 00000000 00000000: extract_entropy account returned: 4 
[    0.545325] random 0000 0000 0000 00000000 00000000: urand_change_num 4 extract_buf: pool_sig fffffe1a, data_sig fffffed7, bytes_mixed 20 00000000 00000000
[    0.545355] IP route cache hash table entries: 32768 (order: 5, 131072 bytes)
[    0.545433] RANDOM - __random32 called. Change num 8.  Value: ba296205	b0e5c1db	de205442
[    0.545435] RANDOM - random32 called.  Value: ba296205	b0e5c1db	de205442
[    0.545513] RANDOM - __random32 called. Change num 9.  Value: 962052cd	e5c1db9	a885e45e
[    0.545515] RANDOM - random32 called.  Value: 962052cd	e5c1db9	a885e45e
[    0.545518] RANDOM - __random32 called. Change num 10.  Value: 52cd38f	e5c1db9b	c8bd9558
[    0.545520] RANDOM - random32 called.  Value: 52cd38f	e5c1db9b	c8bd9558
[    0.545543] RANDOM - __random32 called. Change num 11.  Value: cd38f3eb	5c1db9b9	2ab1aa27
[    0.545545] RANDOM - random32 called.  Value: cd38f3eb	5c1db9b9	2ab1aa27
[    0.545556] TCP established hash table entries: 131072 (order: 8, 1048576 bytes)
[    0.545634] TCP bind hash table entries: 65536 (order: 7, 524288 bytes)
[    0.545712] TCP: Hash tables configured (established 131072 bind 65536)
[    0.545715] TCP reno registered
[    0.545750] NET: Registered protocol family 1
[    0.545759] pci 0000:00:00.0: Limiting direct PCI/PCI transfers
[    0.545779] pci 0000:00:0f.0: Boot video device
[    0.545939] Trying to unpack rootfs image as initramfs...
[    1.597961] Freeing initrd memory: 83430k freed
[    1.601977] Simple Boot Flag at 0x36 set to 0x1
[    1.602023] cpufreq-nforce2: No nForce2 chipset.
[    1.602036] Scanning for low memory corruption every 60 seconds
[    1.602153] audit: initializing netlink socket (disabled)
[    1.602161] type=2000 audit(1369438283.592:1): initialized
[    1.606071] highmem bounce pool size: 64 pages
[    1.606075] HugeTLB registered 2 MB page size, pre-allocated 0 pages
[    1.606167] VFS: Disk quotas dquot_6.5.2
[    1.606196] Dquot-cache hash table entries: 1024 (order 0, 4096 bytes)
[    1.606274] fuse init (API version 7.13)
[    1.606318] msgmni has been set to 1729
[    1.606582] alg: No test for stdrng (krng)
[    1.606616] Block layer SCSI generic (bsg) driver version 0.4 loaded (major 253)
[    1.606618] io scheduler noop registered
[    1.606619] io scheduler anticipatory registered
[    1.606621] io scheduler deadline registered
[    1.606640] io scheduler cfq registered (default)
[    1.606686]   alloc irq_desc for 24 on node -1
[    1.606688]   alloc kstat_irqs on node -1
[    1.606734] pcieport 0000:00:15.0: irq 24 for MSI/MSI-X
[    1.606779] pcieport 0000:00:15.0: setting latency timer to 64
[    1.606825]   alloc irq_desc for 25 on node -1
[    1.606827]   alloc kstat_irqs on node -1
[    1.606872] pcieport 0000:00:15.1: irq 25 for MSI/MSI-X
[    1.606918] pcieport 0000:00:15.1: setting latency timer to 64
[    1.606964]   alloc irq_desc for 26 on node -1
[    1.606966]   alloc kstat_irqs on node -1
[    1.607011] pcieport 0000:00:15.2: irq 26 for MSI/MSI-X
[    1.607057] pcieport 0000:00:15.2: setting latency timer to 64
[    1.607102]   alloc irq_desc for 27 on node -1
[    1.607104]   alloc kstat_irqs on node -1
[    1.607150] pcieport 0000:00:15.3: irq 27 for MSI/MSI-X
[    1.607195] pcieport 0000:00:15.3: setting latency timer to 64
[    1.607241]   alloc irq_desc for 28 on node -1
[    1.607243]   alloc kstat_irqs on node -1
[    1.607289] pcieport 0000:00:15.4: irq 28 for MSI/MSI-X
[    1.607334] pcieport 0000:00:15.4: setting latency timer to 64
[    1.607380]   alloc irq_desc for 29 on node -1
[    1.607382]   alloc kstat_irqs on node -1
[    1.607427] pcieport 0000:00:15.5: irq 29 for MSI/MSI-X
[    1.607473] pcieport 0000:00:15.5: setting latency timer to 64
[    1.607519]   alloc irq_desc for 30 on node -1
[    1.607520]   alloc kstat_irqs on node -1
[    1.607566] pcieport 0000:00:15.6: irq 30 for MSI/MSI-X
[    1.607612] pcieport 0000:00:15.6: setting latency timer to 64
[    1.607657]   alloc irq_desc for 31 on node -1
[    1.607659]   alloc kstat_irqs on node -1
[    1.607705] pcieport 0000:00:15.7: irq 31 for MSI/MSI-X
[    1.607750] pcieport 0000:00:15.7: setting latency timer to 64
[    1.607796]   alloc irq_desc for 32 on node -1
[    1.607798]   alloc kstat_irqs on node -1
[    1.607843] pcieport 0000:00:16.0: irq 32 for MSI/MSI-X
[    1.607889] pcieport 0000:00:16.0: setting latency timer to 64
[    1.607935]   alloc irq_desc for 33 on node -1
[    1.607936]   alloc kstat_irqs on node -1
[    1.607982] pcieport 0000:00:16.1: irq 33 for MSI/MSI-X
[    1.608028] pcieport 0000:00:16.1: setting latency timer to 64
[    1.608073]   alloc irq_desc for 34 on node -1
[    1.608075]   alloc kstat_irqs on node -1
[    1.608121] pcieport 0000:00:16.2: irq 34 for MSI/MSI-X
[    1.608166] pcieport 0000:00:16.2: setting latency timer to 64
[    1.608212]   alloc irq_desc for 35 on node -1
[    1.608214]   alloc kstat_irqs on node -1
[    1.608259] pcieport 0000:00:16.3: irq 35 for MSI/MSI-X
[    1.608305] pcieport 0000:00:16.3: setting latency timer to 64
[    1.608351]   alloc irq_desc for 36 on node -1
[    1.608352]   alloc kstat_irqs on node -1
[    1.608398] pcieport 0000:00:16.4: irq 36 for MSI/MSI-X
[    1.608444] pcieport 0000:00:16.4: setting latency timer to 64
[    1.608489]   alloc irq_desc for 37 on node -1
[    1.608491]   alloc kstat_irqs on node -1
[    1.608537] pcieport 0000:00:16.5: irq 37 for MSI/MSI-X
[    1.608582] pcieport 0000:00:16.5: setting latency timer to 64
[    1.608628]   alloc irq_desc for 38 on node -1
[    1.608630]   alloc kstat_irqs on node -1
[    1.608675] pcieport 0000:00:16.6: irq 38 for MSI/MSI-X
[    1.608721] pcieport 0000:00:16.6: setting latency timer to 64
[    1.608767]   alloc irq_desc for 39 on node -1
[    1.608769]   alloc kstat_irqs on node -1
[    1.608814] pcieport 0000:00:16.7: irq 39 for MSI/MSI-X
[    1.608860] pcieport 0000:00:16.7: setting latency timer to 64
[    1.610000]   alloc irq_desc for 40 on node -1
[    1.610001]   alloc kstat_irqs on node -1
[    1.610047] pcieport 0000:00:17.0: irq 40 for MSI/MSI-X
[    1.610093] pcieport 0000:00:17.0: setting latency timer to 64
[    1.610138]   alloc irq_desc for 41 on node -1
[    1.610140]   alloc kstat_irqs on node -1
[    1.610186] pcieport 0000:00:17.1: irq 41 for MSI/MSI-X
[    1.610232] pcieport 0000:00:17.1: setting latency timer to 64
[    1.610277]   alloc irq_desc for 42 on node -1
[    1.610279]   alloc kstat_irqs on node -1
[    1.610325] pcieport 0000:00:17.2: irq 42 for MSI/MSI-X
[    1.610370] pcieport 0000:00:17.2: setting latency timer to 64
[    1.610416]   alloc irq_desc for 43 on node -1
[    1.610418]   alloc kstat_irqs on node -1
[    1.610463] pcieport 0000:00:17.3: irq 43 for MSI/MSI-X
[    1.610509] pcieport 0000:00:17.3: setting latency timer to 64
[    1.610555]   alloc irq_desc for 44 on node -1
[    1.610556]   alloc kstat_irqs on node -1
[    1.610602] pcieport 0000:00:17.4: irq 44 for MSI/MSI-X
[    1.610648] pcieport 0000:00:17.4: setting latency timer to 64
[    1.610693]   alloc irq_desc for 45 on node -1
[    1.610695]   alloc kstat_irqs on node -1
[    1.610741] pcieport 0000:00:17.5: irq 45 for MSI/MSI-X
[    1.610786] pcieport 0000:00:17.5: setting latency timer to 64
[    1.610832]   alloc irq_desc for 46 on node -1
[    1.610834]   alloc kstat_irqs on node -1
[    1.610879] pcieport 0000:00:17.6: irq 46 for MSI/MSI-X
[    1.610925] pcieport 0000:00:17.6: setting latency timer to 64
[    1.610971]   alloc irq_desc for 47 on node -1
[    1.610972]   alloc kstat_irqs on node -1
[    1.611018] pcieport 0000:00:17.7: irq 47 for MSI/MSI-X
[    1.611064] pcieport 0000:00:17.7: setting latency timer to 64
[    1.611109]   alloc irq_desc for 48 on node -1
[    1.611111]   alloc kstat_irqs on node -1
[    1.611157] pcieport 0000:00:18.0: irq 48 for MSI/MSI-X
[    1.611202] pcieport 0000:00:18.0: setting latency timer to 64
[    1.611248]   alloc irq_desc for 49 on node -1
[    1.611251]   alloc kstat_irqs on node -1
[    1.611297] pcieport 0000:00:18.1: irq 49 for MSI/MSI-X
[    1.611343] pcieport 0000:00:18.1: setting latency timer to 64
[    1.611388]   alloc irq_desc for 50 on node -1
[    1.611390]   alloc kstat_irqs on node -1
[    1.611436] pcieport 0000:00:18.2: irq 50 for MSI/MSI-X
[    1.611482] pcieport 0000:00:18.2: setting latency timer to 64
[    1.611527]   alloc irq_desc for 51 on node -1
[    1.611529]   alloc kstat_irqs on node -1
[    1.611575] pcieport 0000:00:18.3: irq 51 for MSI/MSI-X
[    1.611620] pcieport 0000:00:18.3: setting latency timer to 64
[    1.611666]   alloc irq_desc for 52 on node -1
[    1.611668]   alloc kstat_irqs on node -1
[    1.611714] pcieport 0000:00:18.4: irq 52 for MSI/MSI-X
[    1.611759] pcieport 0000:00:18.4: setting latency timer to 64
[    1.611805]   alloc irq_desc for 53 on node -1
[    1.611807]   alloc kstat_irqs on node -1
[    1.611853] pcieport 0000:00:18.5: irq 53 for MSI/MSI-X
[    1.611898] pcieport 0000:00:18.5: setting latency timer to 64
[    1.611944]   alloc irq_desc for 54 on node -1
[    1.611946]   alloc kstat_irqs on node -1
[    1.611992] pcieport 0000:00:18.6: irq 54 for MSI/MSI-X
[    1.612037] pcieport 0000:00:18.6: setting latency timer to 64
[    1.612083]   alloc irq_desc for 55 on node -1
[    1.612085]   alloc kstat_irqs on node -1
[    1.612130] pcieport 0000:00:18.7: irq 55 for MSI/MSI-X
[    1.612176] pcieport 0000:00:18.7: setting latency timer to 64
[    1.612222] pci_hotplug: PCI Hot Plug PCI Core version: 0.5
[    1.614009] pciehp 0000:00:15.0:pcie04: HPC vendor_id 15ad device_id 7a0 ss_vid 0 ss_did 0
[    1.614054] pciehp 0000:00:15.0:pcie04: service driver pciehp loaded
[    1.614100] pciehp 0000:00:15.1:pcie04: HPC vendor_id 15ad device_id 7a0 ss_vid 0 ss_did 0
[    1.614146] pciehp 0000:00:15.1:pcie04: service driver pciehp loaded
[    1.614191] pciehp 0000:00:15.2:pcie04: HPC vendor_id 15ad device_id 7a0 ss_vid 0 ss_did 0
[    1.614237] pciehp 0000:00:15.2:pcie04: service driver pciehp loaded
[    1.614282] pciehp 0000:00:15.3:pcie04: HPC vendor_id 15ad device_id 7a0 ss_vid 0 ss_did 0
[    1.614328] pciehp 0000:00:15.3:pcie04: service driver pciehp loaded
[    1.614374] pciehp 0000:00:15.4:pcie04: HPC vendor_id 15ad device_id 7a0 ss_vid 0 ss_did 0
[    1.614419] pciehp 0000:00:15.4:pcie04: service driver pciehp loaded
[    1.614465] pciehp 0000:00:15.5:pcie04: HPC vendor_id 15ad device_id 7a0 ss_vid 0 ss_did 0
[    1.614511] pciehp 0000:00:15.5:pcie04: service driver pciehp loaded
[    1.614556] pciehp 0000:00:15.6:pcie04: HPC vendor_id 15ad device_id 7a0 ss_vid 0 ss_did 0
[    1.614602] pciehp 0000:00:15.6:pcie04: service driver pciehp loaded
[    1.614647] pciehp 0000:00:15.7:pcie04: HPC vendor_id 15ad device_id 7a0 ss_vid 0 ss_did 0
[    1.614693] pciehp 0000:00:15.7:pcie04: service driver pciehp loaded
[    1.614739] pciehp 0000:00:16.0:pcie04: HPC vendor_id 15ad device_id 7a0 ss_vid 0 ss_did 0
[    1.614784] pciehp 0000:00:16.0:pcie04: service driver pciehp loaded
[    1.614830] pciehp 0000:00:16.1:pcie04: HPC vendor_id 15ad device_id 7a0 ss_vid 0 ss_did 0
[    1.614876] pciehp 0000:00:16.1:pcie04: service driver pciehp loaded
[    1.614921] pciehp 0000:00:16.2:pcie04: HPC vendor_id 15ad device_id 7a0 ss_vid 0 ss_did 0
[    1.614967] pciehp 0000:00:16.2:pcie04: service driver pciehp loaded
[    1.615012] pciehp 0000:00:16.3:pcie04: HPC vendor_id 15ad device_id 7a0 ss_vid 0 ss_did 0
[    1.615058] pciehp 0000:00:16.3:pcie04: service driver pciehp loaded
[    1.615104] pciehp 0000:00:16.4:pcie04: HPC vendor_id 15ad device_id 7a0 ss_vid 0 ss_did 0
[    1.615149] pciehp 0000:00:16.4:pcie04: service driver pciehp loaded
[    1.615195] pciehp 0000:00:16.5:pcie04: HPC vendor_id 15ad device_id 7a0 ss_vid 0 ss_did 0
[    1.615240] pciehp 0000:00:16.5:pcie04: service driver pciehp loaded
[    1.615286] pciehp 0000:00:16.6:pcie04: HPC vendor_id 15ad device_id 7a0 ss_vid 0 ss_did 0
[    1.615332] pciehp 0000:00:16.6:pcie04: service driver pciehp loaded
[    1.615377] pciehp 0000:00:16.7:pcie04: HPC vendor_id 15ad device_id 7a0 ss_vid 0 ss_did 0
[    1.615423] pciehp 0000:00:16.7:pcie04: service driver pciehp loaded
[    1.615469] pciehp 0000:00:17.0:pcie04: HPC vendor_id 15ad device_id 7a0 ss_vid 0 ss_did 0
[    1.615514] pciehp 0000:00:17.0:pcie04: service driver pciehp loaded
[    1.615560] pciehp 0000:00:17.1:pcie04: HPC vendor_id 15ad device_id 7a0 ss_vid 0 ss_did 0
[    1.615605] pciehp 0000:00:17.1:pcie04: service driver pciehp loaded
[    1.615651] pciehp 0000:00:17.2:pcie04: HPC vendor_id 15ad device_id 7a0 ss_vid 0 ss_did 0
[    1.615697] pciehp 0000:00:17.2:pcie04: service driver pciehp loaded
[    1.615742] pciehp 0000:00:17.3:pcie04: HPC vendor_id 15ad device_id 7a0 ss_vid 0 ss_did 0
[    1.615788] pciehp 0000:00:17.3:pcie04: service driver pciehp loaded
[    1.615834] pciehp 0000:00:17.4:pcie04: HPC vendor_id 15ad device_id 7a0 ss_vid 0 ss_did 0
[    1.615879] pciehp 0000:00:17.4:pcie04: service driver pciehp loaded
[    1.615925] pciehp 0000:00:17.5:pcie04: HPC vendor_id 15ad device_id 7a0 ss_vid 0 ss_did 0
[    1.615970] pciehp 0000:00:17.5:pcie04: service driver pciehp loaded
[    1.616016] pciehp 0000:00:17.6:pcie04: HPC vendor_id 15ad device_id 7a0 ss_vid 0 ss_did 0
[    1.616062] pciehp 0000:00:17.6:pcie04: service driver pciehp loaded
[    1.616107] pciehp 0000:00:17.7:pcie04: HPC vendor_id 15ad device_id 7a0 ss_vid 0 ss_did 0
[    1.616153] pciehp 0000:00:17.7:pcie04: service driver pciehp loaded
[    1.616199] pciehp 0000:00:18.0:pcie04: HPC vendor_id 15ad device_id 7a0 ss_vid 0 ss_did 0
[    1.616244] pciehp 0000:00:18.0:pcie04: service driver pciehp loaded
[    1.616290] pciehp 0000:00:18.1:pcie04: HPC vendor_id 15ad device_id 7a0 ss_vid 0 ss_did 0
[    1.616335] pciehp 0000:00:18.1:pcie04: service driver pciehp loaded
[    1.616381] pciehp 0000:00:18.2:pcie04: HPC vendor_id 15ad device_id 7a0 ss_vid 0 ss_did 0
[    1.616427] pciehp 0000:00:18.2:pcie04: service driver pciehp loaded
[    1.616472] pciehp 0000:00:18.3:pcie04: HPC vendor_id 15ad device_id 7a0 ss_vid 0 ss_did 0
[    1.616518] pciehp 0000:00:18.3:pcie04: service driver pciehp loaded
[    1.616563] pciehp 0000:00:18.4:pcie04: HPC vendor_id 15ad device_id 7a0 ss_vid 0 ss_did 0
[    1.616609] pciehp 0000:00:18.4:pcie04: service driver pciehp loaded
[    1.616655] pciehp 0000:00:18.5:pcie04: HPC vendor_id 15ad device_id 7a0 ss_vid 0 ss_did 0
[    1.616700] pciehp 0000:00:18.5:pcie04: service driver pciehp loaded
[    1.616746] pciehp 0000:00:18.6:pcie04: HPC vendor_id 15ad device_id 7a0 ss_vid 0 ss_did 0
[    1.616792] pciehp 0000:00:18.6:pcie04: service driver pciehp loaded
[    1.616837] pciehp 0000:00:18.7:pcie04: HPC vendor_id 15ad device_id 7a0 ss_vid 0 ss_did 0
[    1.616883] pciehp 0000:00:18.7:pcie04: service driver pciehp loaded
[    1.616895] pciehp: PCI Express Hot Plug Controller Driver version: 0.4
[    1.616946] ACPI: AC Adapter [ACAD] (on-line)
[    1.617015] input: Power Button as /devices/LNXSYSTM:00/LNXPWRBN:00/input/input0
[    1.617020] ACPI: Power Button [PWRF]
[    1.617065] processor LNXCPU:00: registered as cooling_device0
[    1.661908] isapnp: Scanning for PnP cards...
[    2.015424] isapnp: No Plug & Play device found
[    2.015454] random 0000 0000 0000 5f8db4e5 4cfdf2a8: initializing
[    2.015583] Linux agpgart interface v0.103
[    2.015624] agpgart-intel 0000:00:00.0: Intel 440BX Chipset
[    2.015677] agpgart-intel 0000:00:00.0: AGP aperture is 256M @ 0x0
[    2.015710] Serial: 8250/16550 driver, 32 ports, IRQ sharing enabled
[    2.015764] serial8250: ttyS0 at I/O 0x3f8 (irq = 4) is a 16550A
[    2.015817] serial8250: ttyS1 at I/O 0x2f8 (irq = 3) is a 16550A
[    2.015871] 00:0a: ttyS0 at I/O 0x3f8 (irq = 4) is a 16550A
[    2.015925] 00:0b: ttyS1 at I/O 0x2f8 (irq = 3) is a 16550A
[    2.015978] brd: module loaded
[    2.016032] loop: module loaded
[    2.016085] ata_piix 0000:00:07.1: version 2.13
[    2.016169] scsi0 : ata_piix
[    2.016218] scsi1 : ata_piix
[    2.016239] ata1: PATA max UDMA/33 cmd 0x1f0 ctl 0x3f6 bmdma 0x10c0 irq 14
[    2.016241] ata2: PATA max UDMA/33 cmd 0x170 ctl 0x376 bmdma 0x10c8 irq 15
[    2.016296] PPP generic driver version 2.4.2
[    2.016317] tun: Universal TUN/TAP device driver, 1.6
[    2.016319] tun: (C) 1999-2004 Max Krasnyansky <maxk@qualcomm.com>
[    2.016372] ehci_hcd: USB 2.0 'Enhanced' Host Controller (EHCI) Driver
[    2.016426] ACPI: PCI Interrupt Link [LNKB] enabled at IRQ 11
[    2.016429] PCI: setting IRQ 11 as level-triggered
[    2.016438] ehci_hcd 0000:02:03.0: PCI INT A -> Link[LNKB] -> GSI 11 (level, low) -> IRQ 11
[    2.016479] ehci_hcd 0000:02:03.0: EHCI Host Controller
[    2.016533] ehci_hcd 0000:02:03.0: new USB bus registered, assigned bus number 1
[    2.016587] ehci_hcd 0000:02:03.0: cache line size of 32 is not supported
[    2.016593] ehci_hcd 0000:02:03.0: irq 11, io mem 0xc9000000
[    2.016902] random 0000 0000 0000 00000000 00000000: rand_read_num 3 get_random_bytes(8): sig 00000000 00000000 00000000
[    2.016905] random 0000 0000 0000 00000000 00000000: extract_entropy(.. 8 ..)
[    2.016907] random 0000 0000 0000 00000000 00000000: going to reseed nonblocking with 64 bits (64 of 0 requested)
[    2.016909] random 0000 0000 0000 00000000 00000000: extract_entropy(.. 8 ..)
[    2.016912] random 0000 0000 0000 00000000 00000000: trying to extract 64 bits from input
[    2.016914] random 0000 0000 0000 00000000 00000000: debiting 0 entropy credits from input
[    2.016916] random 0000 0000 0000 00000000 00000000: extract_entropy account returned: 0 
[    2.016919] random 0000 0000 0000 00000000 00000000: urand_change_num 5 xfer_secondary_pool(8): pool_sig 00000000, data_sig 00000000, bytes_mixed 0 00000000 00000000
[    2.016921] random 0000 0000 0000 00000000 00000000: trying to extract 64 bits from nonblocking
[    2.016924] random 0000 0000 0000 00000000 00000000: debiting 64 entropy credits from nonblocking (unlimited)
[    2.016926] random 0000 0000 0000 00000000 00000000: extract_entropy account returned: 8 
[    2.016929] random 0000 0000 0000 00000000 00000000: urand_change_num 6 extract_buf: pool_sig 00000000, data_sig fffffff9, bytes_mixed 20 00000000 00000000
[    2.025376] ehci_hcd 0000:02:03.0: USB 2.0 started, EHCI 1.00
[    2.025430] usb usb1: configuration #1 chosen from 1 choice
[    2.025450] hub 1-0:1.0: USB hub found
[    2.025455] hub 1-0:1.0: 6 ports detected
[    2.025490] ohci_hcd: USB 1.1 'Open' Host Controller (OHCI) Driver
[    2.025501] uhci_hcd: USB Universal Host Controller Interface driver
[    2.025555] ACPI: PCI Interrupt Link [LNKC] enabled at IRQ 10
[    2.025557] PCI: setting IRQ 10 as level-triggered
[    2.025561] uhci_hcd 0000:02:00.0: PCI INT A -> Link[LNKC] -> GSI 10 (level, low) -> IRQ 10
[    2.025595] uhci_hcd 0000:02:00.0: UHCI Host Controller
[    2.025624] uhci_hcd 0000:02:00.0: new USB bus registered, assigned bus number 2
[    2.025728] uhci_hcd 0000:02:00.0: irq 10, io base 0x000020c0
[    2.025782] usb usb2: configuration #1 chosen from 1 choice
[    2.025797] hub 2-0:1.0: USB hub found
[    2.025802] hub 2-0:1.0: 2 ports detected
[    2.025855] usbcore: registered new interface driver libusual
[    2.025882] PNP: PS/2 Controller [PNP0303:KBC,PNP0f13:MOUS] at 0x60,0x64 irq 1,12
[    2.026218] serio: i8042 KBD port at 0x60,0x64 irq 1
[    2.026225] serio: i8042 AUX port at 0x60,0x64 irq 12
[    2.026260] mice: PS/2 mouse device common for all mice
[    2.026313] rtc_cmos 00:04: rtc core: registered rtc_cmos as rtc0
[    2.026347] rtc0: alarms up to one month, y3k, 114 bytes nvram, hpet irqs
[    2.026401] device-mapper: uevent: version 1.0.3
[    2.026516] device-mapper: ioctl: 4.15.0-ioctl (2009-04-01) initialised: dm-devel@redhat.com
[    2.026543] EISA: Probing bus 0 at eisa.0
[    2.026550] Cannot allocate resource for EISA slot 1
[    2.026552] Cannot allocate resource for EISA slot 2
[    2.026554] Cannot allocate resource for EISA slot 3
[    2.026556] Cannot allocate resource for EISA slot 4
[    2.026558] Cannot allocate resource for EISA slot 5
[    2.026560] Cannot allocate resource for EISA slot 6
[    2.026562] Cannot allocate resource for EISA slot 7
[    2.026563] Cannot allocate resource for EISA slot 8
[    2.026565] EISA: Detected 0 cards.
[    2.026611] cpuidle: using governor ladder
[    2.026613] cpuidle: using governor menu
[    2.026667] random 0000 0000 0000 00000000 00000000: rand_read_num 4 get_random_bytes(136): sig 0000021d 00000000 00000000
[    2.026670] random 0000 0000 0000 00000000 00000000: extract_entropy(.. 136 ..)
[    2.026672] random 0000 0000 0000 00000000 00000000: going to reseed nonblocking with 1024 bits (1088 of 0 requested)
[    2.026675] random 0000 0000 0000 00000000 00000000: extract_entropy(.. 128 ..)
[    2.026677] random 0000 0000 0000 00000000 00000000: trying to extract 1024 bits from input
[    2.026679] random 0000 0000 0000 00000000 00000000: debiting 0 entropy credits from input
[    2.026681] random 0000 0000 0000 00000000 00000000: extract_entropy account returned: 0 
[    2.026684] random 0000 0000 0000 00000000 00000000: urand_change_num 7 xfer_secondary_pool(136): pool_sig 0000021d, data_sig 00000000, bytes_mixed 0 00000000 00000000
[    2.026687] random 0000 0000 0000 00000000 00000000: trying to extract 1088 bits from nonblocking
[    2.026689] random 0000 0000 0000 00000000 00000000: debiting 1088 entropy credits from nonblocking (unlimited)
[    2.026691] random 0000 0000 0000 00000000 00000000: extract_entropy account returned: 136 
[    2.026695] random 0000 0000 0000 00000000 00000000: urand_change_num 8 extract_buf: pool_sig 0000021d, data_sig fffffff7, bytes_mixed 20 00000000 00000000
[    2.026700] random 0000 0000 0000 f961ee50 ba9cb1aa: urand_change_num 9 extract_buf: pool_sig 00000230, data_sig fffffeb4, bytes_mixed 20 f961ee50 ba9cb1aa
[    2.026704] random 0000 0000 0000 9748bdd6 56fb8af6: urand_change_num 10 extract_buf: pool_sig 00000373, data_sig 000000cf, bytes_mixed 20 9748bdd6 56fb8af6
[    2.026709] random 0000 0000 0000 9748bdd6 56fb8af6: urand_change_num 11 extract_buf: pool_sig fffffe49, data_sig 0000023f, bytes_mixed 20 9748bdd6 56fb8af6
[    2.026713] random 0000 0000 0000 a135be86 4777650e: urand_change_num 12 extract_buf: pool_sig fffffcce, data_sig 000000c6, bytes_mixed 20 a135be86 4777650e
[    2.026718] random 0000 0000 0000 4a6ea85d 170e00dd: urand_change_num 13 extract_buf: pool_sig ffffff97, data_sig ffffff7d, bytes_mixed 20 4a6ea85d 170e00dd
[    2.026722] random 0000 0000 0000 4a6ea85d 170e00dd: urand_change_num 14 extract_buf: pool_sig 00000160, data_sig fffffeea, bytes_mixed 20 4a6ea85d 170e00dd
[    2.026727] random 0000 0000 0000 6e87c3cb da668c73: urand_change_num 15 extract_buf: pool_sig 0000034f, data_sig ffffff54, bytes_mixed 20 6e87c3cb da668c73
[    2.026731] random 0000 0000 0000 6e87c3cb da668c73: urand_change_num 16 extract_buf: pool_sig fffffdc5, data_sig 00000205, bytes_mixed 20 6e87c3cb da668c73
[    2.026735] random 0000 0000 0000 39f531e6 461eb249: urand_change_num 17 extract_buf: pool_sig fffffc1d, data_sig ffffff5e, bytes_mixed 20 39f531e6 461eb249
[    2.026740] random 0000 0000 0000 7e1538a2 3e661182: urand_change_num 18 extract_buf: pool_sig 000006ef, data_sig ffffff2e, bytes_mixed 20 7e1538a2 3e661182
[    2.026744] random 0000 0000 0000 7e1538a2 3e661182: urand_change_num 19 extract_buf: pool_sig 00000317, data_sig fffffccb, bytes_mixed 20 7e1538a2 3e661182
[    2.026749] random 0000 0000 0000 76af506b 9b57305e: urand_change_num 20 extract_buf: pool_sig 00000227, data_sig ffffffd2, bytes_mixed 20 76af506b 9b57305e
[    2.026753] random 0000 0000 0000 37d49d89 e20417cc: urand_change_num 21 extract_buf: pool_sig 0000080b, data_sig 000001e9, bytes_mixed 20 37d49d89 e20417cc
[    2.026757] TCP cubic registered
[    2.026811] NET: Registered protocol family 10
[    2.026844] RANDOM - __random32 called. Change num 12.  Value: 8f3eba68	c1db9b96	544fe79f
[    2.026846] RANDOM - random32 called.  Value: 8f3eba68	c1db9b96	544fe79f
[    2.026855] random 0000 0000 0000 37d49d89 e20417cc: rand_read_num 5 get_random_bytes(4): sig 00000298 37d49d89 e20417cc
[    2.026858] random 0000 0000 0000 37d49d89 e20417cc: extract_entropy(.. 4 ..)
[    2.026860] random 0000 0000 0000 37d49d89 e20417cc: going to reseed nonblocking with 64 bits (32 of 0 requested)
[    2.026862] random 0000 0000 0000 37d49d89 e20417cc: extract_entropy(.. 8 ..)
[    2.026864] random 0000 0000 0000 37d49d89 e20417cc: trying to extract 64 bits from input
[    2.026867] random 0000 0000 0000 37d49d89 e20417cc: debiting 0 entropy credits from input
[    2.026869] random 0000 0000 0000 37d49d89 e20417cc: extract_entropy account returned: 0 
[    2.026872] random 0000 0000 0000 37d49d89 e20417cc: urand_change_num 22 xfer_secondary_pool(4): pool_sig 00000298, data_sig 00000000, bytes_mixed 0 37d49d89 e20417cc
[    2.026874] random 0000 0000 0000 37d49d89 e20417cc: trying to extract 32 bits from nonblocking
[    2.026877] random 0000 0000 0000 37d49d89 e20417cc: debiting 32 entropy credits from nonblocking (unlimited)
[    2.026879] random 0000 0000 0000 37d49d89 e20417cc: extract_entropy account returned: 4 
[    2.026882] random 0000 0000 0000 37d49d89 e20417cc: urand_change_num 23 extract_buf: pool_sig 00000298, data_sig 00000092, bytes_mixed 20 37d49d89 e20417cc
[    2.026936] RANDOM - __random32 called. Change num 13.  Value: eba68b0e	1db9b963	cf3ec61b
[    2.026938] RANDOM - random32 called.  Value: eba68b0e	1db9b963	cf3ec61b
[    2.026992] NET: Registered protocol family 17
[    2.027012] Using IPI No-Shortcut mode
[    2.027017] random 0000 0000 0000 2ee4c4fc 167bdb15: rand_read_num 6 get_random_bytes(8): sig fffffcbf 2ee4c4fc 167bdb15
[    2.027020] random 0000 0000 0000 2ee4c4fc 167bdb15: extract_entropy(.. 8 ..)
[    2.027022] random 0000 0000 0000 2ee4c4fc 167bdb15: going to reseed nonblocking with 64 bits (64 of 0 requested)
[    2.027024] random 0000 0000 0000 2ee4c4fc 167bdb15: extract_entropy(.. 8 ..)
[    2.027026] random 0000 0000 0000 2ee4c4fc 167bdb15: trying to extract 64 bits from input
[    2.027028] random 0000 0000 0000 2ee4c4fc 167bdb15: debiting 0 entropy credits from input
[    2.027031] random 0000 0000 0000 2ee4c4fc 167bdb15: extract_entropy account returned: 0 
[    2.027034] random 0000 0000 0000 2ee4c4fc 167bdb15: urand_change_num 24 xfer_secondary_pool(8): pool_sig fffffcbf, data_sig 00000000, bytes_mixed 0 2ee4c4fc 167bdb15
[    2.027036] random 0000 0000 0000 2ee4c4fc 167bdb15: trying to extract 64 bits from nonblocking
[    2.027039] random 0000 0000 0000 2ee4c4fc 167bdb15: debiting 64 entropy credits from nonblocking (unlimited)
[    2.027041] random 0000 0000 0000 2ee4c4fc 167bdb15: extract_entropy account returned: 8 
[    2.027044] random 0000 0000 0000 2ee4c4fc 167bdb15: urand_change_num 25 extract_buf: pool_sig fffffcbf, data_sig ffffff83, bytes_mixed 20 2ee4c4fc 167bdb15
[    2.027084] PM: Resume from disk failed.
[    2.027092] registered taskstats version 1
[    2.027095] random 0000 0000 0000 2ee4c4fc 167bdb15: rand_read_num 7 get_random_bytes(12): sig fffffc69 2ee4c4fc 167bdb15
[    2.027097] random 0000 0000 0000 2ee4c4fc 167bdb15: extract_entropy(.. 12 ..)
[    2.027100] random 0000 0000 0000 2ee4c4fc 167bdb15: going to reseed nonblocking with 96 bits (96 of 0 requested)
[    2.027102] random 0000 0000 0000 2ee4c4fc 167bdb15: extract_entropy(.. 12 ..)
[    2.027104] random 0000 0000 0000 2ee4c4fc 167bdb15: trying to extract 96 bits from input
[    2.027106] random 0000 0000 0000 2ee4c4fc 167bdb15: debiting 0 entropy credits from input
[    2.027108] random 0000 0000 0000 2ee4c4fc 167bdb15: extract_entropy account returned: 0 
[    2.027111] random 0000 0000 0000 2ee4c4fc 167bdb15: urand_change_num 26 xfer_secondary_pool(12): pool_sig fffffc69, data_sig 00000000, bytes_mixed 0 2ee4c4fc 167bdb15
[    2.027114] random 0000 0000 0000 2ee4c4fc 167bdb15: trying to extract 96 bits from nonblocking
[    2.027116] random 0000 0000 0000 2ee4c4fc 167bdb15: debiting 96 entropy credits from nonblocking (unlimited)
[    2.027118] random 0000 0000 0000 2ee4c4fc 167bdb15: extract_entropy account returned: 12 
[    2.027122] random 0000 0000 0000 2ee4c4fc 167bdb15: urand_change_num 27 extract_buf: pool_sig fffffc69, data_sig ffffff7d, bytes_mixed 20 2ee4c4fc 167bdb15
[    2.027126] random 0000 0000 0000 83b7c1ab 94697f48: urand_change_num 28 extract_buf: pool_sig fffffe30, data_sig fffffdd6, bytes_mixed 20 83b7c1ab 94697f48
[    2.027129] RANDOM - __seed init called.
[    2.027130] RANDOM - __seed init called.
[    2.027131] RANDOM - __seed init called.
[    2.027133] RANDOM - __random32 called. Change num 14.  Value: fc007995	feca4f80	21b38ad2
[    2.027135] RANDOM - random32_reseed called.  Value: fc007995	feca4f80	21b38ad2
[    2.027138] Pid: 1, comm: swapper Not tainted 2.6.32.57 #4
[    2.027150] Call Trace:
[    2.027189]  [<c14a8a0e>] ? printk+0x1d/0x1f
[    2.027193]  [<c17537e5>] random32_reseed+0x89/0xbd
[    2.027197]  [<c1003042>] do_one_initcall+0x32/0x1a0
[    2.027199]  [<c175375c>] ? random32_reseed+0x0/0xbd
[    2.027203]  [<c17308e7>] kernel_init+0x12d/0x17a
[    2.027205]  [<c17307ba>] ? kernel_init+0x0/0x17a
[    2.027208]  [<c1009b07>] kernel_thread_helper+0x7/0x10
[    2.029888] input: AT Translated Set 2 keyboard as /devices/platform/i8042/serio0/input/input1
[    2.030170] random 0000 0000 0000 6db70b00 b30ce96b: rand_read_num 8 get_random_bytes(64): sig fffffb38 6db70b00 b30ce96b
[    2.030173] random 0000 0000 0000 6db70b00 b30ce96b: extract_entropy(.. 64 ..)
[    2.030176] random 0000 0000 0000 6db70b00 b30ce96b: going to reseed nonblocking with 512 bits (512 of 0 requested)
[    2.030178] random 0000 0000 0000 6db70b00 b30ce96b: extract_entropy(.. 64 ..)
[    2.030181] random 0000 0000 0000 6db70b00 b30ce96b: trying to extract 512 bits from input
[    2.030183] random 0000 0000 0000 6db70b00 b30ce96b: debiting 0 entropy credits from input
[    2.030185] random 0000 0000 0000 6db70b00 b30ce96b: extract_entropy account returned: 0 
[    2.030188] random 0000 0000 0000 6db70b00 b30ce96b: urand_change_num 29 xfer_secondary_pool(64): pool_sig fffffb38, data_sig 00000000, bytes_mixed 0 6db70b00 b30ce96b
[    2.030191] random 0000 0000 0000 6db70b00 b30ce96b: trying to extract 512 bits from nonblocking
[    2.030194] random 0000 0000 0000 6db70b00 b30ce96b: debiting 512 entropy credits from nonblocking (unlimited)
[    2.030196] random 0000 0000 0000 6db70b00 b30ce96b: extract_entropy account returned: 64 
[    2.030199] random 0000 0000 0000 6db70b00 b30ce96b: urand_change_num 30 extract_buf: pool_sig fffffb38, data_sig 00000151, bytes_mixed 20 6db70b00 b30ce96b
[    2.030204] random 0000 0000 0000 6db70b00 b30ce96b: urand_change_num 31 extract_buf: pool_sig fffffdb8, data_sig 00000379, bytes_mixed 20 6db70b00 b30ce96b
[    2.030209] random 0000 0000 0000 6b83001e d4b6c0d3: urand_change_num 32 extract_buf: pool_sig ffffffc9, data_sig 00000198, bytes_mixed 20 6b83001e d4b6c0d3
[    2.030213] random 0000 0000 0000 79d3e3c7 be564518: urand_change_num 33 extract_buf: pool_sig 000002b9, data_sig ffffff84, bytes_mixed 20 79d3e3c7 be564518
[    2.030217] random 0000 0000 0000 79d3e3c7 be564518: urand_change_num 34 extract_buf: pool_sig ffffff55, data_sig ffffff5a, bytes_mixed 20 79d3e3c7 be564518
[    2.030222] random 0000 0000 0000 89c03cb2 0d353228: urand_change_num 35 extract_buf: pool_sig 00000007, data_sig ffffff17, bytes_mixed 20 89c03cb2 0d353228
[    2.030226] random 0000 0000 0000 89c03cb2 0d353228: urand_change_num 36 extract_buf: pool_sig fffffdae, data_sig 000000db, bytes_mixed 20 89c03cb2 0d353228  Magic number: 13:715:555
[    2.030323] rtc_cmos 00:04: setting system clock to 2013-05-24 23:31:25 UTC (1369438285)
[    2.030326] BIOS EDD facility v0.16 2004-Jun-25, 0 devices found
[    2.030327] EDD information not available.
[    2.030352] random 0000 0000 0000 8ca62387 b120332c: rand_read_num 9 get_random_bytes(64): sig fffffed6 8ca62387 b120332c
[    2.030354] random 0000 0000 0000 8ca62387 b120332c: extract_entropy(.. 64 ..)
[    2.030357] random 0000 0000 0000 8ca62387 b120332c: going to reseed nonblocking with 512 bits (512 of 0 requested)
[    2.030359] random 0000 0000 0000 8ca62387 b120332c: extract_entropy(.. 64 ..)
[    2.030361] random 0000 0000 0000 8ca62387 b120332c: trying to extract 512 bits from input
[    2.030363] random 0000 0000 0000 8ca62387 b120332c: debiting 0 entropy credits from input
[    2.030365] random 0000 0000 0000 8ca62387 b120332c: extract_entropy account returned: 0 
[    2.030368] random 0000 0000 0000 8ca62387 b120332c: urand_change_num 37 xfer_secondary_pool(64): pool_sig fffffed6, data_sig 00000000, bytes_mixed 0 8ca62387 b120332c
[    2.030371] random 0000 0000 0000 8ca62387 b120332c: trying to extract 512 bits from nonblocking
[    2.030373] random 0000 0000 0000 8ca62387 b120332c: debiting 512 entropy credits from nonblocking (unlimited)
[    2.030376] random 0000 0000 0000 8ca62387 b120332c: extract_entropy account returned: 64 
[    2.030379] random 0000 0000 0000 8ca62387 b120332c: urand_change_num 38 extract_buf: pool_sig fffffed6, data_sig fffffeb6, bytes_mixed 20 8ca62387 b120332c
[    2.030384] random 0000 0000 0000 90702413 e2a66c2e: urand_change_num 39 extract_buf: pool_sig fffffbb0, data_sig 0000012e, bytes_mixed 20 90702413 e2a66c2e
[    2.030388] random 0000 0000 0000 90702413 e2a66c2e: urand_change_num 40 extract_buf: pool_sig fffffaf1, data_sig ffffff3c, bytes_mixed 20 90702413 e2a66c2e
[    2.030392] random 0000 0000 0000 3f58038b c77aecb6: urand_change_num 41 extract_buf: pool_sig 00000234, data_sig fffffdec, bytes_mixed 20 3f58038b c77aecb6
[    2.030397] random 0000 0000 0000 47187b9d 03f21510: urand_change_num 42 extract_buf: pool_sig 00000192, data_sig 00000075, bytes_mixed 20 47187b9d 03f21510
[    2.030401] random 0000 0000 0000 47187b9d 03f21510: urand_change_num 43 extract_buf: pool_sig 0000018e, data_sig ffffffbf, bytes_mixed 20 47187b9d 03f21510
[    2.030406] random 0000 0000 0000 3180b1fc 0fa9c973: urand_change_num 44 extract_buf: pool_sig fffffecf, data_sig ffffff2a, bytes_mixed 20 3180b1fc 0fa9c973
[    2.030408] BEGIN NET_SECRET:
[    2.030410] \xffffff87
[    2.030411] \xffffff8d
[    2.030412] \xfffffff4
[    2.030413] \xffffffae
[    2.030414] \xffffffc3
[    2.030415] \xffffffb7
[    2.030417] \x31
[    2.030418] \x65
[    2.030419] \xffffffda
[    2.030420] \xffffffa2
[    2.030421] \x31
[    2.030422] \xffffffc8
[    2.030423] \xffffffa9
[    2.030425] \x76
[    2.030426] \x76
[    2.030427] \xffffff90
[    2.030428] \x55
[    2.030429] \xfffffff3
[    2.030430] \xffffffb1
[    2.030431] \x3
[    2.030433] \xffffffb3
[    2.030434] \xffffffa7
[    2.030435] \x5a
[    2.030436] \x71
[    2.030437] \x70
[    2.030438] \xffffff8c
[    2.030439] \x56
[    2.030441] \x25
[    2.030442] \xffffffe1
[    2.030443] \x4c
[    2.030444] \xffffffe6
[    2.030445] \xffffff95
[    2.030446] \x67
[    2.030447] \x4c
[    2.030449] \xffffffb9
[    2.030450] \x1d
[    2.030451] \xe
[    2.030452] \x34
[    2.030453] \xffffffbe
[    2.030454] \x12
[    2.030455] \x5
[    2.030456] \xffffff98
[    2.030458] \xffffffa0
[    2.030459] \xf
[    2.030460] \xffffffb2
[    2.030461] \xffffffde
[    2.030462] \xffffff99
[    2.030463] \xf
[    2.030465] \xffffffe8
[    2.030466] \xffffffc8
[    2.030467] \x1f
[    2.030468] \x54
[    2.030469] \x2c
[    2.030470] \xffffffee
[    2.030471] \x2e
[    2.030472] \x0
[    2.030474] \xffffff95
[    2.030475] \x0
[    2.030476] \xffffffe3
[    2.030477] \xffffffa7
[    2.030478] \xfffffffd
[    2.030479] \x66
[    2.030480] \xffffff92
[    2.030482] \xfffffff0
[    2.030483] 
[    2.030484] END NET_SECRET
[    2.030486] random 0000 0000 0000 3180b1fc 0fa9c973: rand_read_num 10 get_random_bytes(4): sig ffffff46 3180b1fc 0fa9c973
[    2.030489] random 0000 0000 0000 3180b1fc 0fa9c973: extract_entropy(.. 4 ..)
[    2.030491] random 0000 0000 0000 3180b1fc 0fa9c973: going to reseed nonblocking with 64 bits (32 of 0 requested)
[    2.030493] random 0000 0000 0000 3180b1fc 0fa9c973: extract_entropy(.. 8 ..)
[    2.030495] random 0000 0000 0000 3180b1fc 0fa9c973: trying to extract 64 bits from input
[    2.030497] random 0000 0000 0000 3180b1fc 0fa9c973: debiting 0 entropy credits from input
[    2.030500] random 0000 0000 0000 3180b1fc 0fa9c973: extract_entropy account returned: 0 
[    2.030502] random 0000 0000 0000 3180b1fc 0fa9c973: urand_change_num 45 xfer_secondary_pool(4): pool_sig ffffff46, data_sig 00000000, bytes_mixed 0 3180b1fc 0fa9c973
[    2.030505] random 0000 0000 0000 3180b1fc 0fa9c973: trying to extract 32 bits from nonblocking
[    2.030507] random 0000 0000 0000 3180b1fc 0fa9c973: debiting 32 entropy credits from nonblocking (unlimited)
[    2.030510] random 0000 0000 0000 3180b1fc 0fa9c973: extract_entropy account returned: 4 
[    2.030513] random 0000 0000 0000 3180b1fc 0fa9c973: urand_change_num 46 extract_buf: pool_sig ffffff46, data_sig 0000001b, bytes_mixed 20 3180b1fc 0fa9c973
[    2.204126] ata2.00: ATAPI: VMware Virtual IDE CDROM Drive, 00000001, max UDMA/33
[    2.204408] ata2.00: configured for UDMA/33
[    2.204785] scsi 1:0:0:0: CD-ROM            NECVMWar VMware IDE CDR10 1.00 PQ: 0 ANSI: 5
[    2.206106] sr0: scsi3-mmc drive: 306x/306x cd/rw xa/form2 cdda tray
[    2.206110] Uniform CD-ROM driver Revision: 3.20
[    2.206164] sr 1:0:0:0: Attached scsi CD-ROM sr0
[    2.206203] sr 1:0:0:0: Attached scsi generic sg0 type 5
[    2.206241] Freeing unused kernel memory: 652k freed
[    2.206295] Write protecting the kernel text: 4840k
[    2.206325] Write protecting the kernel read-only data: 1968k
[    2.206424] random 0000 0000 0000 38974d2b 1d8d6de0: rand_read_num 11 get_random_bytes(16): sig 000001c6 38974d2b 1d8d6de0
