[    0.000000] random 0000 0000 0000 00000000 00000000: rand_read_num 1 get_random_bytes(8): sig 00000000 00000000 00000000
[    0.000000] random 0000 0000 0000 00000000 00000000: extract_entropy(.. 8 ..)
[    0.000000] random 0000 0000 0000 00000000 00000000: going to reseed nonblocking with 64 bits (64 of 0 requested)
[    0.000000] random 0000 0000 0000 00000000 00000000: extract_entropy(.. 8 ..)
[    0.000000] random 0000 0000 0000 00000000 00000000: trying to extract 64 bits from input
[    0.000000] random 0000 0000 0000 00000000 00000000: debiting 0 entropy credits from input
[    0.000000] random 0000 0000 0000 00000000 00000000: extract_entropy account returned: 0 
[    0.000000] random 0000 0000 0000 00000000 00000000: urand_change_num 1 xfer_secondary_pool(8): pool_sig 00000000, data_sig 00000000, bytes_mixed 0 00000000 00000000
[    0.000000] random 0000 0000 0000 00000000 00000000: trying to extract 64 bits from nonblocking
[    0.000000] random 0000 0000 0000 00000000 00000000: debiting 64 entropy credits from nonblocking (unlimited)
[    0.000000] random 0000 0000 0000 00000000 00000000: extract_entropy account returned: 8 
[    0.000000] random 0000 0000 0000 00000000 00000000: urand_change_num 2 extract_buf: pool_sig 00000000, data_sig fffffff9, bytes_mixed 20 00000000 00000000
[    0.000000] Initializing cgroup subsys cpuset
[    0.000000] Initializing cgroup subsys cpu
[    0.000000] Linux version 2.6.32.57 (dcashman@ubuntu) (gcc version 4.6.3 (Ubuntu/Linaro 4.6.3-1ubuntu5) ) #4 SMP Fri May 24 11:09:26 PDT 2013
[    0.000000] KERNEL supported cpus:
[    0.000000]   Intel GenuineIntel
[    0.000000]   AMD AuthenticAMD
[    0.000000]   NSC Geode by NSC
[    0.000000]   Cyrix CyrixInstead
[    0.000000]   Centaur CentaurHauls
[    0.000000]   Transmeta GenuineTMx86
[    0.000000]   Transmeta TransmetaCPU
[    0.000000]   UMC UMC UMC UMC
[    0.000000] BIOS-provided physical RAM map:
[    0.000000]  BIOS-e820: 0000000000000000 - 000000000009f000 (usable)
[    0.000000]  BIOS-e820: 000000000009f000 - 00000000000a0000 (reserved)
[    0.000000]  BIOS-e820: 00000000000ca000 - 00000000000cc000 (reserved)
[    0.000000]  BIOS-e820: 00000000000dc000 - 0000000000100000 (reserved)
[    0.000000]  BIOS-e820: 0000000000100000 - 000000003fee0000 (usable)
[    0.000000]  BIOS-e820: 000000003fee0000 - 000000003feff000 (ACPI data)
[    0.000000]  BIOS-e820: 000000003feff000 - 000000003ff00000 (ACPI NVS)
[    0.000000]  BIOS-e820: 000000003ff00000 - 0000000040000000 (usable)
[    0.000000]  BIOS-e820: 00000000e0000000 - 00000000f0000000 (reserved)
[    0.000000]  BIOS-e820: 00000000fec00000 - 00000000fec10000 (reserved)
[    0.000000]  BIOS-e820: 00000000fee00000 - 00000000fee01000 (reserved)
[    0.000000]  BIOS-e820: 00000000fffe0000 - 0000000100000000 (reserved)
[    0.000000] DMI present.
[    0.000000] Phoenix BIOS detected: BIOS may corrupt low RAM, working around it.
[    0.000000] e820 update range: 0000000000000000 - 0000000000010000 (usable) ==> (reserved)
[    0.000000] last_pfn = 0x40000 max_arch_pfn = 0x1000000
[    0.000000] MTRR default type: uncachable
[    0.000000] MTRR fixed ranges enabled:
[    0.000000]   00000-9FFFF write-back
[    0.000000]   A0000-BFFFF uncachable
[    0.000000]   C0000-CBFFF write-protect
[    0.000000]   CC000-EFFFF uncachable
[    0.000000]   F0000-FFFFF write-protect
[    0.000000] MTRR variable ranges enabled:
[    0.000000]   0 base 0000000000 mask FFC0000000 write-back
[    0.000000]   1 disabled
[    0.000000]   2 disabled
[    0.000000]   3 disabled
[    0.000000]   4 disabled
[    0.000000]   5 disabled
[    0.000000]   6 disabled
[    0.000000]   7 disabled
[    0.000000] x86 PAT enabled: cpu 0, old 0x0, new 0x7010600070106
[    0.000000] Scanning 0 areas for low memory corruption
[    0.000000] modified physical RAM map:
[    0.000000]  modified: 0000000000000000 - 0000000000010000 (reserved)
[    0.000000]  modified: 0000000000010000 - 000000000009f000 (usable)
[    0.000000]  modified: 000000000009f000 - 00000000000a0000 (reserved)
[    0.000000]  modified: 00000000000ca000 - 00000000000cc000 (reserved)
[    0.000000]  modified: 00000000000dc000 - 0000000000100000 (reserved)
[    0.000000]  modified: 0000000000100000 - 000000003fee0000 (usable)
[    0.000000]  modified: 000000003fee0000 - 000000003feff000 (ACPI data)
[    0.000000]  modified: 000000003feff000 - 000000003ff00000 (ACPI NVS)
[    0.000000]  modified: 000000003ff00000 - 0000000040000000 (usable)
[    0.000000]  modified: 00000000e0000000 - 00000000f0000000 (reserved)
[    0.000000]  modified: 00000000fec00000 - 00000000fec10000 (reserved)
[    0.000000]  modified: 00000000fee00000 - 00000000fee01000 (reserved)
[    0.000000]  modified: 00000000fffe0000 - 0000000100000000 (reserved)
[    0.000000] initial memory mapped : 0 - 01e00000
[    0.000000] init_memory_mapping: 0000000000000000-00000000379fe000
[    0.000000] NX (Execute Disable) protection: active
[    0.000000]  0000000000 - 0000200000 page 4k
[    0.000000]  0000200000 - 0037800000 page 2M
[    0.000000]  0037800000 - 00379fe000 page 4k
[    0.000000] kernel direct mapping tables up to 379fe000 @ 10000-16000
[    0.000000] RAMDISK: 2dcfc000 - 32e758c3
[    0.000000] ACPI: RSDP 000f6b80 00024 (v02 PTLTD )
[    0.000000] ACPI: XSDT 3feed636 0005C (v01 INTEL  440BX    06040000 VMW  01324272)
[    0.000000] ACPI: FACP 3fefee98 000F4 (v04 INTEL  440BX    06040000 PTL  000F4240)
[    0.000000] ACPI: DSDT 3feee366 10B32 (v01 PTLTD  Custom   06040000 MSFT 03000001)
[    0.000000] ACPI: FACS 3fefffc0 00040
[    0.000000] ACPI: BOOT 3feee33e 00028 (v01 PTLTD  $SBFTBL$ 06040000  LTP 00000001)
[    0.000000] ACPI: APIC 3feedc3e 003C2 (v01 PTLTD  ? APIC   06040000  LTP 00000000)
[    0.000000] ACPI: MCFG 3feedc02 0003C (v01 PTLTD  $PCITBL$ 06040000  LTP 00000001)
[    0.000000] ACPI: SRAT 3feed732 004D0 (v02 VMWARE MEMPLUG  06040000 VMW  00000001)
[    0.000000] ACPI: HPET 3feed6fa 00038 (v01 VMWARE VMW HPET 06040000 VMW  00000001)
[    0.000000] ACPI: WAET 3feed6d2 00028 (v01 VMWARE VMW WAET 06040000 VMW  00000001)
[    0.000000] ACPI: Local APIC address 0xfee00000
[    0.000000] 134MB HIGHMEM available.
[    0.000000] 889MB LOWMEM available.
[    0.000000]   mapped low ram: 0 - 379fe000
[    0.000000]   low ram: 0 - 379fe000
[    0.000000]   node 0 low ram: 00000000 - 379fe000
[    0.000000]   node 0 bootmap 00012000 - 00018f40
[    0.000000] (9 early reservations) ==> bootmem [0000000000 - 00379fe000]
[    0.000000]   #0 [0000000000 - 0000001000]   BIOS data page ==> [0000000000 - 0000001000]
[    0.000000]   #1 [0000001000 - 0000002000]    EX TRAMPOLINE ==> [0000001000 - 0000002000]
[    0.000000]   #2 [0000006000 - 0000007000]       TRAMPOLINE ==> [0000006000 - 0000007000]
[    0.000000]   #3 [0001000000 - 0001a75ff8]    TEXT DATA BSS ==> [0001000000 - 0001a75ff8]
[    0.000000]   #4 [002dcfc000 - 0032e758c3]          RAMDISK ==> [002dcfc000 - 0032e758c3]
[    0.000000]   #5 [000009f000 - 0000100000]    BIOS reserved ==> [000009f000 - 0000100000]
[    0.000000]   #6 [0001a76000 - 0001a851c0]              BRK ==> [0001a76000 - 0001a851c0]
[    0.000000]   #7 [0000010000 - 0000012000]          PGTABLE ==> [0000010000 - 0000012000]
[    0.000000]   #8 [0000012000 - 0000019000]          BOOTMAP ==> [0000012000 - 0000019000]
[    0.000000] found SMP MP-table at [c00f6bf0] f6bf0
[    0.000000] Zone PFN ranges:
[    0.000000]   DMA      0x00000010 -> 0x00001000
[    0.000000]   Normal   0x00001000 -> 0x000379fe
[    0.000000]   HighMem  0x000379fe -> 0x00040000
[    0.000000] Movable zone start PFN for each node
[    0.000000] early_node_map[3] active PFN ranges
[    0.000000]     0: 0x00000010 -> 0x0000009f
[    0.000000]     0: 0x00000100 -> 0x0003fee0
[    0.000000]     0: 0x0003ff00 -> 0x00040000
[    0.000000] On node 0 totalpages: 261999
[    0.000000] free_area_init_node: node 0, pgdat c1715200, node_mem_map c1a87200
[    0.000000]   DMA zone: 32 pages used for memmap
[    0.000000]   DMA zone: 0 pages reserved
[    0.000000]   DMA zone: 3951 pages, LIFO batch:0
[    0.000000]   Normal zone: 1748 pages used for memmap
[    0.000000]   Normal zone: 221994 pages, LIFO batch:31
[    0.000000]   HighMem zone: 269 pages used for memmap
[    0.000000]   HighMem zone: 34005 pages, LIFO batch:7
[    0.000000] Using APIC driver default
[    0.000000] ACPI: PM-Timer IO Port: 0x1008
[    0.000000] ACPI: Local APIC address 0xfee00000
[    0.000000] ACPI: LAPIC (acpi_id[0x00] lapic_id[0x00] enabled)
[    0.000000] ACPI: LAPIC (acpi_id[0x01] lapic_id[0x02] disabled)
[    0.000000] ACPI: LAPIC (acpi_id[0x02] lapic_id[0x04] disabled)
[    0.000000] ACPI: LAPIC (acpi_id[0x03] lapic_id[0x06] disabled)
[    0.000000] ACPI: LAPIC (acpi_id[0x04] lapic_id[0x08] disabled)
[    0.000000] ACPI: LAPIC (acpi_id[0x05] lapic_id[0x0a] disabled)
[    0.000000] ACPI: LAPIC (acpi_id[0x06] lapic_id[0x0c] disabled)
[    0.000000] ACPI: LAPIC (acpi_id[0x07] lapic_id[0x0e] disabled)
[    0.000000] ACPI: LAPIC (acpi_id[0x08] lapic_id[0x10] disabled)
[    0.000000] ACPI: LAPIC (acpi_id[0x09] lapic_id[0x12] disabled)
[    0.000000] ACPI: LAPIC (acpi_id[0x0a] lapic_id[0x14] disabled)
[    0.000000] ACPI: LAPIC (acpi_id[0x0b] lapic_id[0x16] disabled)
[    0.000000] ACPI: LAPIC (acpi_id[0x0c] lapic_id[0x18] disabled)
[    0.000000] ACPI: LAPIC (acpi_id[0x0d] lapic_id[0x1a] disabled)
[    0.000000] ACPI: LAPIC (acpi_id[0x0e] lapic_id[0x1c] disabled)
[    0.000000] ACPI: LAPIC (acpi_id[0x0f] lapic_id[0x1e] disabled)
[    0.000000] ACPI: LAPIC (acpi_id[0x10] lapic_id[0x20] disabled)
[    0.000000] ACPI: LAPIC (acpi_id[0x11] lapic_id[0x22] disabled)
[    0.000000] ACPI: LAPIC (acpi_id[0x12] lapic_id[0x24] disabled)
[    0.000000] ACPI: LAPIC (acpi_id[0x13] lapic_id[0x26] disabled)
[    0.000000] ACPI: LAPIC (acpi_id[0x14] lapic_id[0x28] disabled)
[    0.000000] ACPI: LAPIC (acpi_id[0x15] lapic_id[0x2a] disabled)
[    0.000000] ACPI: LAPIC (acpi_id[0x16] lapic_id[0x2c] disabled)
[    0.000000] ACPI: LAPIC (acpi_id[0x17] lapic_id[0x2e] disabled)
[    0.000000] ACPI: LAPIC (acpi_id[0x18] lapic_id[0x30] disabled)
[    0.000000] ACPI: LAPIC (acpi_id[0x19] lapic_id[0x32] disabled)
[    0.000000] ACPI: LAPIC (acpi_id[0x1a] lapic_id[0x34] disabled)
[    0.000000] ACPI: LAPIC (acpi_id[0x1b] lapic_id[0x36] disabled)
[    0.000000] ACPI: LAPIC (acpi_id[0x1c] lapic_id[0x38] disabled)
[    0.000000] ACPI: LAPIC (acpi_id[0x1d] lapic_id[0x3a] disabled)
[    0.000000] ACPI: LAPIC (acpi_id[0x1e] lapic_id[0x3c] disabled)
[    0.000000] ACPI: LAPIC (acpi_id[0x1f] lapic_id[0x3e] disabled)
[    0.000000] ACPI: LAPIC (acpi_id[0x20] lapic_id[0x40] disabled)
[    0.000000] ACPI: LAPIC (acpi_id[0x21] lapic_id[0x42] disabled)
[    0.000000] ACPI: LAPIC (acpi_id[0x22] lapic_id[0x44] disabled)
[    0.000000] ACPI: LAPIC (acpi_id[0x23] lapic_id[0x46] disabled)
[    0.000000] ACPI: LAPIC (acpi_id[0x24] lapic_id[0x48] disabled)
[    0.000000] ACPI: LAPIC (acpi_id[0x25] lapic_id[0x4a] disabled)
[    0.000000] ACPI: LAPIC (acpi_id[0x26] lapic_id[0x4c] disabled)
[    0.000000] ACPI: LAPIC (acpi_id[0x27] lapic_id[0x4e] disabled)
[    0.000000] ACPI: LAPIC (acpi_id[0x28] lapic_id[0x50] disabled)
[    0.000000] ACPI: LAPIC (acpi_id[0x29] lapic_id[0x52] disabled)
[    0.000000] ACPI: LAPIC (acpi_id[0x2a] lapic_id[0x54] disabled)
[    0.000000] ACPI: LAPIC (acpi_id[0x2b] lapic_id[0x56] disabled)
[    0.000000] ACPI: LAPIC (acpi_id[0x2c] lapic_id[0x58] disabled)
[    0.000000] ACPI: LAPIC (acpi_id[0x2d] lapic_id[0x5a] disabled)
[    0.000000] ACPI: LAPIC (acpi_id[0x2e] lapic_id[0x5c] disabled)
[    0.000000] ACPI: LAPIC (acpi_id[0x2f] lapic_id[0x5e] disabled)
[    0.000000] ACPI: LAPIC (acpi_id[0x30] lapic_id[0x60] disabled)
[    0.000000] ACPI: LAPIC (acpi_id[0x31] lapic_id[0x62] disabled)
[    0.000000] ACPI: LAPIC (acpi_id[0x32] lapic_id[0x64] disabled)
[    0.000000] ACPI: LAPIC (acpi_id[0x33] lapic_id[0x66] disabled)
[    0.000000] ACPI: LAPIC (acpi_id[0x34] lapic_id[0x68] disabled)
[    0.000000] ACPI: LAPIC (acpi_id[0x35] lapic_id[0x6a] disabled)
[    0.000000] ACPI: LAPIC (acpi_id[0x36] lapic_id[0x6c] disabled)
[    0.000000] ACPI: LAPIC (acpi_id[0x37] lapic_id[0x6e] disabled)
[    0.000000] ACPI: LAPIC (acpi_id[0x38] lapic_id[0x70] disabled)
[    0.000000] ACPI: LAPIC (acpi_id[0x39] lapic_id[0x72] disabled)
[    0.000000] ACPI: LAPIC (acpi_id[0x3a] lapic_id[0x74] disabled)
[    0.000000] ACPI: LAPIC (acpi_id[0x3b] lapic_id[0x76] disabled)
[    0.000000] ACPI: LAPIC (acpi_id[0x3c] lapic_id[0x78] disabled)
[    0.000000] ACPI: LAPIC (acpi_id[0x3d] lapic_id[0x7a] disabled)
[    0.000000] ACPI: LAPIC (acpi_id[0x3e] lapic_id[0x7c] disabled)
[    0.000000] ACPI: LAPIC (acpi_id[0x3f] lapic_id[0x7e] disabled)
[    0.000000] ACPI: LAPIC_NMI (acpi_id[0x00] high edge lint[0x1])
[    0.000000] ACPI: LAPIC_NMI (acpi_id[0x01] high edge lint[0x1])
[    0.000000] ACPI: LAPIC_NMI (acpi_id[0x02] high edge lint[0x1])
[    0.000000] ACPI: LAPIC_NMI (acpi_id[0x03] high edge lint[0x1])
[    0.000000] ACPI: LAPIC_NMI (acpi_id[0x04] high edge lint[0x1])
[    0.000000] ACPI: LAPIC_NMI (acpi_id[0x05] high edge lint[0x1])
[    0.000000] ACPI: LAPIC_NMI (acpi_id[0x06] high edge lint[0x1])
[    0.000000] ACPI: LAPIC_NMI (acpi_id[0x07] high edge lint[0x1])
[    0.000000] ACPI: LAPIC_NMI (acpi_id[0x08] high edge lint[0x1])
[    0.000000] ACPI: LAPIC_NMI (acpi_id[0x09] high edge lint[0x1])
[    0.000000] ACPI: LAPIC_NMI (acpi_id[0x0a] high edge lint[0x1])
[    0.000000] ACPI: LAPIC_NMI (acpi_id[0x0b] high edge lint[0x1])
[    0.000000] ACPI: LAPIC_NMI (acpi_id[0x0c] high edge lint[0x1])
[    0.000000] ACPI: LAPIC_NMI (acpi_id[0x0d] high edge lint[0x1])
[    0.000000] ACPI: LAPIC_NMI (acpi_id[0x0e] high edge lint[0x1])
[    0.000000] ACPI: LAPIC_NMI (acpi_id[0x0f] high edge lint[0x1])
[    0.000000] ACPI: LAPIC_NMI (acpi_id[0x10] high edge lint[0x1])
[    0.000000] ACPI: LAPIC_NMI (acpi_id[0x11] high edge lint[0x1])
[    0.000000] ACPI: LAPIC_NMI (acpi_id[0x12] high edge lint[0x1])
[    0.000000] ACPI: LAPIC_NMI (acpi_id[0x13] high edge lint[0x1])
[    0.000000] ACPI: LAPIC_NMI (acpi_id[0x14] high edge lint[0x1])
[    0.000000] ACPI: LAPIC_NMI (acpi_id[0x15] high edge lint[0x1])
[    0.000000] ACPI: LAPIC_NMI (acpi_id[0x16] high edge lint[0x1])
[    0.000000] ACPI: LAPIC_NMI (acpi_id[0x17] high edge lint[0x1])
[    0.000000] ACPI: LAPIC_NMI (acpi_id[0x18] high edge lint[0x1])
[    0.000000] ACPI: LAPIC_NMI (acpi_id[0x19] high edge lint[0x1])
[    0.000000] ACPI: LAPIC_NMI (acpi_id[0x1a] high edge lint[0x1])
[    0.000000] ACPI: LAPIC_NMI (acpi_id[0x1b] high edge lint[0x1])
[    0.000000] ACPI: LAPIC_NMI (acpi_id[0x1c] high edge lint[0x1])
[    0.000000] ACPI: LAPIC_NMI (acpi_id[0x1d] high edge lint[0x1])
[    0.000000] ACPI: LAPIC_NMI (acpi_id[0x1e] high edge lint[0x1])
[    0.000000] ACPI: LAPIC_NMI (acpi_id[0x1f] high edge lint[0x1])
[    0.000000] ACPI: LAPIC_NMI (acpi_id[0x20] high edge lint[0x1])
[    0.000000] ACPI: LAPIC_NMI (acpi_id[0x21] high edge lint[0x1])
[    0.000000] ACPI: LAPIC_NMI (acpi_id[0x22] high edge lint[0x1])
[    0.000000] ACPI: LAPIC_NMI (acpi_id[0x23] high edge lint[0x1])
[    0.000000] ACPI: LAPIC_NMI (acpi_id[0x24] high edge lint[0x1])
[    0.000000] ACPI: LAPIC_NMI (acpi_id[0x25] high edge lint[0x1])
[    0.000000] ACPI: LAPIC_NMI (acpi_id[0x26] high edge lint[0x1])
[    0.000000] ACPI: LAPIC_NMI (acpi_id[0x27] high edge lint[0x1])
[    0.000000] ACPI: LAPIC_NMI (acpi_id[0x28] high edge lint[0x1])
[    0.000000] ACPI: LAPIC_NMI (acpi_id[0x29] high edge lint[0x1])
[    0.000000] ACPI: LAPIC_NMI (acpi_id[0x2a] high edge lint[0x1])
[    0.000000] ACPI: LAPIC_NMI (acpi_id[0x2b] high edge lint[0x1])
[    0.000000] ACPI: LAPIC_NMI (acpi_id[0x2c] high edge lint[0x1])
[    0.000000] ACPI: LAPIC_NMI (acpi_id[0x2d] high edge lint[0x1])
[    0.000000] ACPI: LAPIC_NMI (acpi_id[0x2e] high edge lint[0x1])
[    0.000000] ACPI: LAPIC_NMI (acpi_id[0x2f] high edge lint[0x1])
[    0.000000] ACPI: LAPIC_NMI (acpi_id[0x30] high edge lint[0x1])
[    0.000000] ACPI: LAPIC_NMI (acpi_id[0x31] high edge lint[0x1])
[    0.000000] ACPI: LAPIC_NMI (acpi_id[0x32] high edge lint[0x1])
[    0.000000] ACPI: LAPIC_NMI (acpi_id[0x33] high edge lint[0x1])
[    0.000000] ACPI: LAPIC_NMI (acpi_id[0x34] high edge lint[0x1])
[    0.000000] ACPI: LAPIC_NMI (acpi_id[0x35] high edge lint[0x1])
[    0.000000] ACPI: LAPIC_NMI (acpi_id[0x36] high edge lint[0x1])
[    0.000000] ACPI: LAPIC_NMI (acpi_id[0x37] high edge lint[0x1])
[    0.000000] ACPI: LAPIC_NMI (acpi_id[0x38] high edge lint[0x1])
[    0.000000] ACPI: LAPIC_NMI (acpi_id[0x39] high edge lint[0x1])
[    0.000000] ACPI: LAPIC_NMI (acpi_id[0x3a] high edge lint[0x1])
[    0.000000] ACPI: LAPIC_NMI (acpi_id[0x3b] high edge lint[0x1])
[    0.000000] ACPI: LAPIC_NMI (acpi_id[0x3c] high edge lint[0x1])
[    0.000000] ACPI: LAPIC_NMI (acpi_id[0x3d] high edge lint[0x1])
[    0.000000] ACPI: LAPIC_NMI (acpi_id[0x3e] high edge lint[0x1])
[    0.000000] ACPI: LAPIC_NMI (acpi_id[0x3f] high edge lint[0x1])
[    0.000000] ACPI: Skipping IOAPIC probe due to 'noapic' option.
[    0.000000] Using ACPI for processor (LAPIC) configuration information
[    0.000000] ACPI: HPET id: 0x8086af01 base: 0xfed00000
[    0.000000] Intel MultiProcessor Specification v1.4
[    0.000000]     Virtual Wire compatibility mode.
[    0.000000] MPTABLE: OEM ID: INTEL   
[    0.000000] MPTABLE: Product ID: 440BX       
[    0.000000] MPTABLE: APIC at: 0xFEE00000
[    0.000000] I/O APIC #1 Version 17 at 0xFEC00000.
[    0.000000] Processors: 1
[    0.000000] 64 Processors exceeds NR_CPUS limit of 8
[    0.000000] SMP: Allowing 8 CPUs, 7 hotplug CPUs
[    0.000000] nr_irqs_gsi: 24
[    0.000000] PM: Registered nosave memory: 000000000009f000 - 00000000000a0000
[    0.000000] PM: Registered nosave memory: 00000000000a0000 - 00000000000ca000
[    0.000000] PM: Registered nosave memory: 00000000000ca000 - 00000000000cc000
[    0.000000] PM: Registered nosave memory: 00000000000cc000 - 00000000000dc000
[    0.000000] PM: Registered nosave memory: 00000000000dc000 - 0000000000100000
[    0.000000] Allocating PCI resources starting at 40000000 (gap: 40000000:a0000000)
[    0.000000] Booting paravirtualized kernel on bare hardware
[    0.000000] NR_CPUS:8 nr_cpumask_bits:8 nr_cpu_ids:8 nr_node_ids:1
[    0.000000] PERCPU: Embedded 15 pages/cpu @c2400000 s39320 r0 d22120 u262144
[    0.000000] pcpu-alloc: s39320 r0 d22120 u262144 alloc=1*2097152
[    0.000000] pcpu-alloc: [0] 0 1 2 3 4 5 6 7 
[    0.000000] Built 1 zonelists in Zone order, mobility grouping on.  Total pages: 259950
[    0.000000] Kernel command line: BOOT_IMAGE=/boot/vmlinuz-2.6.32.57 root=UUID=007b598c-390d-4c65-84a1-4ff752d48633 ro quiet splash maxcpus=0
[    0.000000] PID hash table entries: 4096 (order: 2, 16384 bytes)
[    0.000000] Dentry cache hash table entries: 131072 (order: 7, 524288 bytes)
[    0.000000] Inode-cache hash table entries: 65536 (order: 6, 262144 bytes)
[    0.000000] Enabling fast FPU save and restore... done.
[    0.000000] Enabling unmasked SIMD FPU exception support... done.
[    0.000000] Initializing CPU#0
[    0.000000] xsave/xrstor: enabled xstate_bv 0x7, cntxt size 0x340
[    0.000000] allocated 5242560 bytes of page_cgroup
[    0.000000] please try 'cgroup_disable=memory' option if you don't want memory cgroups
[    0.000000] Initializing HighMem for node 0 (000379fe:00040000)
[    0.000000] Memory: 938260k/1048576k available (4839k kernel code, 108848k reserved, 2518k data, 652k init, 137096k highmem)
[    0.000000] virtual kernel memory layout:
[    0.000000]     fixmap  : 0xfff1e000 - 0xfffff000   ( 900 kB)
[    0.000000]     pkmap   : 0xffa00000 - 0xffc00000   (2048 kB)
[    0.000000]     vmalloc : 0xf81fe000 - 0xff9fe000   ( 120 MB)
[    0.000000]     lowmem  : 0xc0000000 - 0xf79fe000   ( 889 MB)
[    0.000000]       .init : 0xc1730000 - 0xc17d3000   ( 652 kB)
[    0.000000]       .data : 0xc14b9cce - 0xc172f764   (2518 kB)
[    0.000000]       .text : 0xc1000000 - 0xc14b9cce   (4839 kB)
[    0.000000] Checking if this processor honours the WP bit even in supervisor mode...Ok.
[    0.000000] SLUB: Genslabs=13, HWalign=64, Order=0-3, MinObjects=0, CPUs=8, Nodes=1
[    0.000000] Hierarchical RCU implementation.
[    0.000000] NR_IRQS:2304 nr_irqs:472
[    0.000000] Extended CMOS year: 2000
[    0.000000] Console: colour VGA+ 80x25
[    0.000000] console [tty0] enabled
[    0.000000] hpet clockevent registered
[    0.000000] TSC freq read from hypervisor : 2394.620 MHz
[    0.000000] Detected 2394.620 MHz processor.
[    0.000002] Calibrating delay loop (skipped) preset value.. 4789.24 BogoMIPS (lpj=9578480)
[    0.000011] Security Framework initialized
[    0.000014] SELinux:  Disabled at boot.
[    0.000018] Mount-cache hash table entries: 512
[    0.000113] Initializing cgroup subsys cpuacct
[    0.000116] Initializing cgroup subsys memory
[    0.000120] Initializing cgroup subsys devices
[    0.000121] Initializing cgroup subsys freezer
[    0.000147] CPU: Physical Processor ID: 0
[    0.000154] CPU: L1 I cache: 32K, L1 D cache: 32K
[    0.000156] CPU: L2 cache: 256K
[    0.000156] CPU: L3 cache: 4096K
[    0.000161] mce: CPU supports 0 MCE banks
[    0.000173] Performance Events: no PMU driver, software events only.
[    0.000183] Checking 'hlt' instruction... OK.
[    0.017688] SMP alternatives: switching to UP code
[    0.032132] ACPI: Core revision 20090903
[    0.040442] ACPI: setting ELCR to 0200 (from 0e20)
[    0.042815] ftrace: converting mcount calls to 0f 1f 44 00 00
[    0.042824] ftrace: allocating 22631 entries in 45 pages
[    0.061495] CANARY value: ca321b5e for PID: 1
[    0.061544] Not enabling x2apic, Intr-remapping init failed.
[    0.061546] Enabling APIC mode:  Flat.  Using 1 I/O APICs
[    0.061554] SMP mode deactivated.
[    0.061583] SMP disabled
[    0.061662] Brought up 1 CPUs
[    0.061663] Total of 1 processors activated (4789.24 BogoMIPS).
[    0.061669] CPU0 attaching NULL sched-domain.
[    0.061759] devtmpfs: initialized
[    0.061875] sysctl table check failed: /kernel/random/now_input .1.40.7 Unknown sysctl binary path
[    0.062134] Pid: 1, comm: swapper Not tainted 2.6.32.57 #4
[    0.062135] Call Trace:
[    0.062141]  [<c14a8a0e>] ? printk+0x1d/0x1f
[    0.062144]  [<c107b56f>] set_fail+0x4f/0x60
[    0.062189]  [<c107b8b3>] sysctl_check_table+0x333/0x620
[    0.062191]  [<c107b8cc>] sysctl_check_table+0x34c/0x620
[    0.062193]  [<c107b8cc>] sysctl_check_table+0x34c/0x620
[    0.062197]  [<c1746d48>] sysctl_init+0x25/0x29
[    0.062199]  [<c1003042>] do_one_initcall+0x32/0x1a0
[    0.062201]  [<c1746d23>] ? sysctl_init+0x0/0x29
[    0.062204]  [<c17308e7>] kernel_init+0x12d/0x17a
[    0.062205]  [<c17307ba>] ? kernel_init+0x0/0x17a
[    0.062208]  [<c1009b07>] kernel_thread_helper+0x7/0x10
[    0.062210] sysctl table check failed: /kernel/random/now_blocking .1.40.8 Unknown sysctl binary path
[    0.062457] Pid: 1, comm: swapper Not tainted 2.6.32.57 #4
[    0.062458] Call Trace:
[    0.062460]  [<c14a8a0e>] ? printk+0x1d/0x1f
[    0.062461]  [<c107b56f>] set_fail+0x4f/0x60
[    0.062463]  [<c107b8b3>] sysctl_check_table+0x333/0x620
[    0.062465]  [<c107b8cc>] sysctl_check_table+0x34c/0x620
[    0.062466]  [<c107b8cc>] sysctl_check_table+0x34c/0x620
[    0.062469]  [<c1746d48>] sysctl_init+0x25/0x29
[    0.062470]  [<c1003042>] do_one_initcall+0x32/0x1a0
[    0.062473]  [<c1746d23>] ? sysctl_init+0x0/0x29
[    0.062474]  [<c17308e7>] kernel_init+0x12d/0x17a
[    0.062476]  [<c17307ba>] ? kernel_init+0x0/0x17a
[    0.062478]  [<c1009b07>] kernel_thread_helper+0x7/0x10
[    0.062479] sysctl table check failed: /kernel/random/now_nonblocking .1.40.9 Unknown sysctl binary path
[    0.063502] Pid: 1, comm: swapper Not tainted 2.6.32.57 #4
[    0.063504] Call Trace:
[    0.063511]  [<c14a8a0e>] ? printk+0x1d/0x1f
[    0.063515]  [<c107b56f>] set_fail+0x4f/0x60
[    0.063516]  [<c107b8b3>] sysctl_check_table+0x333/0x620
[    0.063518]  [<c107b8cc>] sysctl_check_table+0x34c/0x620
[    0.063520]  [<c107b8cc>] sysctl_check_table+0x34c/0x620
[    0.063524]  [<c1746d48>] sysctl_init+0x25/0x29
[    0.063526]  [<c1003042>] do_one_initcall+0x32/0x1a0
[    0.063528]  [<c1746d23>] ? sysctl_init+0x0/0x29
[    0.063531]  [<c17308e7>] kernel_init+0x12d/0x17a
[    0.063532]  [<c17307ba>] ? kernel_init+0x0/0x17a
[    0.063535]  [<c1009b07>] kernel_thread_helper+0x7/0x10
[    0.063539] sysctl table check failed: /kernel/random/nb_input_bytes .1.40.10 Unknown sysctl binary path
[    0.063793] Pid: 1, comm: swapper Not tainted 2.6.32.57 #4
[    0.063793] Call Trace:
[    0.063796]  [<c14a8a0e>] ? printk+0x1d/0x1f
[    0.063798]  [<c107b56f>] set_fail+0x4f/0x60
[    0.063799]  [<c107b8b3>] sysctl_check_table+0x333/0x620
[    0.063801]  [<c107b8cc>] sysctl_check_table+0x34c/0x620
[    0.063803]  [<c107b8cc>] sysctl_check_table+0x34c/0x620
[    0.063806]  [<c1746d48>] sysctl_init+0x25/0x29
[    0.063808]  [<c1003042>] do_one_initcall+0x32/0x1a0
[    0.063810]  [<c1746d23>] ? sysctl_init+0x0/0x29
[    0.063811]  [<c17308e7>] kernel_init+0x12d/0x17a
[    0.063813]  [<c17307ba>] ? kernel_init+0x0/0x17a
[    0.063815]  [<c1009b07>] kernel_thread_helper+0x7/0x10
[    0.063818] sysctl table check failed: /kernel/random/nb_stir_count .1.40.11 Unknown sysctl binary path
[    0.064076] Pid: 1, comm: swapper Not tainted 2.6.32.57 #4
[    0.064077] Call Trace:
[    0.064079]  [<c14a8a0e>] ? printk+0x1d/0x1f
[    0.064082]  [<c107b56f>] set_fail+0x4f/0x60
[    0.064083]  [<c107b8b3>] sysctl_check_table+0x333/0x620
[    0.064085]  [<c107b8cc>] sysctl_check_table+0x34c/0x620
[    0.064086]  [<c107b8cc>] sysctl_check_table+0x34c/0x620
[    0.064089]  [<c1746d48>] sysctl_init+0x25/0x29
[    0.064091]  [<c1003042>] do_one_initcall+0x32/0x1a0
[    0.064093]  [<c1746d23>] ? sysctl_init+0x0/0x29
[    0.064094]  [<c17308e7>] kernel_init+0x12d/0x17a
[    0.064096]  [<c17307ba>] ? kernel_init+0x0/0x17a
[    0.064097]  [<c1009b07>] kernel_thread_helper+0x7/0x10
[    0.064099] sysctl table check failed: /kernel/random/nb_reentry_count .1.40.12 Unknown sysctl binary path
[    0.064448] Pid: 1, comm: swapper Not tainted 2.6.32.57 #4
[    0.064450] Call Trace:
[    0.064453]  [<c14a8a0e>] ? printk+0x1d/0x1f
[    0.064456]  [<c107b56f>] set_fail+0x4f/0x60
[    0.064458]  [<c107b8b3>] sysctl_check_table+0x333/0x620
[    0.064460]  [<c107b8cc>] sysctl_check_table+0x34c/0x620
[    0.064461]  [<c107b8cc>] sysctl_check_table+0x34c/0x620
[    0.064464]  [<c1746d48>] sysctl_init+0x25/0x29
[    0.064466]  [<c1003042>] do_one_initcall+0x32/0x1a0
[    0.064469]  [<c1746d23>] ? sysctl_init+0x0/0x29
[    0.064471]  [<c17308e7>] kernel_init+0x12d/0x17a
[    0.064472]  [<c17307ba>] ? kernel_init+0x0/0x17a
[    0.064474]  [<c1009b07>] kernel_thread_helper+0x7/0x10
[    0.064639] RANDOM - __seed init called.
[    0.064641] RANDOM - __seed init called.
[    0.064641] RANDOM - __seed init called.
[    0.064643] RANDOM - __random32 called. Change num 1.  Value: 97305ca5	7ac4e314	874f43ab
[    0.064644] RANDOM - __random32 called. Change num 2.  Value: 5ca5394	ac4e3148	8757a6ab
[    0.064645] RANDOM - __random32 called. Change num 3.  Value: a53949f7	c4e3148e	4d57bd52
[    0.064647] RANDOM - __random32 called. Change num 4.  Value: 949f7180	4e3148eb	7aa4fd4a
[    0.064648] RANDOM - __random32 called. Change num 5.  Value: f7180f55	e3148ebb	fa95f062
[    0.064650] RANDOM - __random32 called. Change num 6.  Value: 80f55ede	3148ebb7	e0c5c74e
[    0.064651] RANDOM - random32 init called.  Value: 80f55ede	3148ebb7	e0c5c74e
[    0.064659] regulator: core version 0.5
[    0.064727] Time: 22:27:47  Date: 05/24/13
[    0.064769] NET: Registered protocol family 16
[    0.064840] EISA bus registered
[    0.065632] ACPI: bus type pci registered
[    0.065731] PCI: MCFG configuration 0: base e0000000 segment 0 buses 0 - 255
[    0.065733] PCI: MCFG area at e0000000 reserved in E820
[    0.065734] PCI: Using MMCONFIG for extended config space
[    0.065736] PCI: Using configuration type 1 for base access
[    0.066226] bio: create slab <bio-0> at 0
[    0.067692] ACPI: EC: Look up EC in DSDT
[    0.108695] ACPI: BIOS _OSI(Linux) query ignored
[    0.114745] ACPI: Interpreter enabled
[    0.114750] ACPI: (supports S0 S1 S4 S5)
[    0.114764] ACPI: Using PIC for interrupt routing
[    0.203552] ACPI: No dock devices found.
[    0.204422] ACPI: PCI Root Bridge [PCI0] (0000:00)
[    0.206018] pci 0000:00:07.1: reg 20 io port: [0x10c0-0x10cf]
[    0.206628] pci 0000:00:07.3: quirk: region 1000-103f claimed by PIIX4 ACPI
[    0.206640] pci 0000:00:07.3: quirk: region 1040-104f claimed by PIIX4 SMB
[    0.207335] pci 0000:00:07.7: reg 10 io port: [0x1080-0x10bf]
[    0.207893] pci 0000:00:07.7: reg 14 64bit mmio: [0xc8000000-0xc8001fff]
[    0.209185] pci 0000:00:0f.0: reg 10 io port: [0x10d0-0x10df]
[    0.209225] pci 0000:00:0f.0: reg 14 32bit mmio pref: [0xd0000000-0xd7ffffff]
[    0.209264] pci 0000:00:0f.0: reg 18 32bit mmio: [0xc8800000-0xc8ffffff]
[    0.209411] pci 0000:00:0f.0: reg 30 32bit mmio pref: [0x000000-0x007fff]
[    0.209985] pci 0000:00:10.0: reg 10 io port: [0x1400-0x14ff]
[    0.210371] pci 0000:00:10.0: reg 14 64bit mmio: [0xc8040000-0xc805ffff]
[    0.210743] pci 0000:00:10.0: reg 1c 64bit mmio: [0xc8020000-0xc803ffff]
[    0.210819] pci 0000:00:10.0: reg 30 32bit mmio pref: [0x000000-0x003fff]
[    0.212315] pci 0000:00:15.0: PME# supported from D0 D3hot D3cold
[    0.212337] pci 0000:00:15.0: PME# disabled
[    0.213212] pci 0000:00:15.1: PME# supported from D0 D3hot D3cold
[    0.213233] pci 0000:00:15.1: PME# disabled
[    0.214154] pci 0000:00:15.2: PME# supported from D0 D3hot D3cold
[    0.214174] pci 0000:00:15.2: PME# disabled
[    0.215019] pci 0000:00:15.3: PME# supported from D0 D3hot D3cold
[    0.215038] pci 0000:00:15.3: PME# disabled
[    0.215865] pci 0000:00:15.4: PME# supported from D0 D3hot D3cold
[    0.215886] pci 0000:00:15.4: PME# disabled
[    0.216735] pci 0000:00:15.5: PME# supported from D0 D3hot D3cold
[    0.216754] pci 0000:00:15.5: PME# disabled
[    0.217571] pci 0000:00:15.6: PME# supported from D0 D3hot D3cold
[    0.217589] pci 0000:00:15.6: PME# disabled
[    0.218410] pci 0000:00:15.7: PME# supported from D0 D3hot D3cold
[    0.218429] pci 0000:00:15.7: PME# disabled
[    0.219246] pci 0000:00:16.0: PME# supported from D0 D3hot D3cold
[    0.219265] pci 0000:00:16.0: PME# disabled
[    0.220108] pci 0000:00:16.1: PME# supported from D0 D3hot D3cold
[    0.220127] pci 0000:00:16.1: PME# disabled
[    0.220957] pci 0000:00:16.2: PME# supported from D0 D3hot D3cold
[    0.220978] pci 0000:00:16.2: PME# disabled
[    0.221842] pci 0000:00:16.3: PME# supported from D0 D3hot D3cold
[    0.221860] pci 0000:00:16.3: PME# disabled
[    0.222700] pci 0000:00:16.4: PME# supported from D0 D3hot D3cold
[    0.222719] pci 0000:00:16.4: PME# disabled
[    0.223563] pci 0000:00:16.5: PME# supported from D0 D3hot D3cold
[    0.223581] pci 0000:00:16.5: PME# disabled
[    0.224442] pci 0000:00:16.6: PME# supported from D0 D3hot D3cold
[    0.224460] pci 0000:00:16.6: PME# disabled
[    0.225279] pci 0000:00:16.7: PME# supported from D0 D3hot D3cold
[    0.225298] pci 0000:00:16.7: PME# disabled
[    0.226135] pci 0000:00:17.0: PME# supported from D0 D3hot D3cold
[    0.226155] pci 0000:00:17.0: PME# disabled
[    0.227007] pci 0000:00:17.1: PME# supported from D0 D3hot D3cold
[    0.227027] pci 0000:00:17.1: PME# disabled
[    0.227845] pci 0000:00:17.2: PME# supported from D0 D3hot D3cold
[    0.227865] pci 0000:00:17.2: PME# disabled
[    0.228692] pci 0000:00:17.3: PME# supported from D0 D3hot D3cold
[    0.228711] pci 0000:00:17.3: PME# disabled
[    0.229530] pci 0000:00:17.4: PME# supported from D0 D3hot D3cold
[    0.229548] pci 0000:00:17.4: PME# disabled
[    0.230928] pci 0000:00:17.5: PME# supported from D0 D3hot D3cold
[    0.230959] pci 0000:00:17.5: PME# disabled
[    0.232111] pci 0000:00:17.6: PME# supported from D0 D3hot D3cold
[    0.232132] pci 0000:00:17.6: PME# disabled
[    0.233006] pci 0000:00:17.7: PME# supported from D0 D3hot D3cold
[    0.233026] pci 0000:00:17.7: PME# disabled
[    0.233881] pci 0000:00:18.0: PME# supported from D0 D3hot D3cold
[    0.233909] pci 0000:00:18.0: PME# disabled
[    0.234764] pci 0000:00:18.1: PME# supported from D0 D3hot D3cold
[    0.234784] pci 0000:00:18.1: PME# disabled
[    0.235675] pci 0000:00:18.2: PME# supported from D0 D3hot D3cold
[    0.235696] pci 0000:00:18.2: PME# disabled
[    0.236641] pci 0000:00:18.3: PME# supported from D0 D3hot D3cold
[    0.236661] pci 0000:00:18.3: PME# disabled
[    0.237511] pci 0000:00:18.4: PME# supported from D0 D3hot D3cold
[    0.237530] pci 0000:00:18.4: PME# disabled
[    0.238351] pci 0000:00:18.5: PME# supported from D0 D3hot D3cold
[    0.238369] pci 0000:00:18.5: PME# disabled
[    0.239188] pci 0000:00:18.6: PME# supported from D0 D3hot D3cold
[    0.239207] pci 0000:00:18.6: PME# disabled
[    0.240072] pci 0000:00:18.7: PME# supported from D0 D3hot D3cold
[    0.240094] pci 0000:00:18.7: PME# disabled
[    0.241627] pci 0000:02:00.0: reg 20 io port: [0x20c0-0x20df]
[    0.242321] pci 0000:02:01.0: reg 10 io port: [0x2000-0x207f]
[    0.242540] pci 0000:02:01.0: reg 30 32bit mmio pref: [0x000000-0x00ffff]
[    0.243103] pci 0000:02:02.0: reg 10 io port: [0x2080-0x20bf]
[    0.243731] pci 0000:02:03.0: reg 10 32bit mmio: [0xc9000000-0xc9000fff]
[    0.244324] pci 0000:00:11.0: transparent bridge
[    0.244346] pci 0000:00:11.0: bridge io port: [0x2000-0x3fff]
[    0.244366] pci 0000:00:11.0: bridge 32bit mmio: [0xc9000000-0xca3fffff]
[    0.244405] pci 0000:00:11.0: bridge 64bit mmio pref: [0xd8400000-0xd89fffff]
[    0.244775] pci 0000:00:15.0: bridge io port: [0x4000-0x4fff]
[    0.244796] pci 0000:00:15.0: bridge 32bit mmio: [0xca400000-0xca4fffff]
[    0.244838] pci 0000:00:15.0: bridge 64bit mmio pref: [0xd8a00000-0xd8afffff]
[    0.245462] pci 0000:00:15.1: bridge io port: [0x8000-0x8fff]
[    0.245491] pci 0000:00:15.1: bridge 32bit mmio: [0xca800000-0xca8fffff]
[    0.245540] pci 0000:00:15.1: bridge 64bit mmio pref: [0xd8e00000-0xd8efffff]
[    0.245919] pci 0000:00:15.2: bridge io port: [0xc000-0xcfff]
[    0.245945] pci 0000:00:15.2: bridge 32bit mmio: [0xcac00000-0xcacfffff]
[    0.245994] pci 0000:00:15.2: bridge 64bit mmio pref: [0xd9200000-0xd92fffff]
[    0.246499] pci 0000:00:15.3: bridge 32bit mmio: [0xcb000000-0xcb0fffff]
[    0.246550] pci 0000:00:15.3: bridge 64bit mmio pref: [0xd9600000-0xd96fffff]
[    0.247117] pci 0000:00:15.4: bridge 32bit mmio: [0xcb400000-0xcb4fffff]
[    0.247156] pci 0000:00:15.4: bridge 64bit mmio pref: [0xd9a00000-0xd9afffff]
[    0.247537] pci 0000:00:15.5: bridge 32bit mmio: [0xcb800000-0xcb8fffff]
[    0.247575] pci 0000:00:15.5: bridge 64bit mmio pref: [0xd9e00000-0xd9efffff]
[    0.247977] pci 0000:00:15.6: bridge 32bit mmio: [0xcbc00000-0xcbcfffff]
[    0.248016] pci 0000:00:15.6: bridge 64bit mmio pref: [0xda200000-0xda2fffff]
[    0.248393] pci 0000:00:15.7: bridge 32bit mmio: [0xcc000000-0xcc0fffff]
[    0.248431] pci 0000:00:15.7: bridge 64bit mmio pref: [0xda600000-0xda6fffff]
[    0.248790] pci 0000:00:16.0: bridge io port: [0x5000-0x5fff]
[    0.248810] pci 0000:00:16.0: bridge 32bit mmio: [0xca500000-0xca5fffff]
[    0.248848] pci 0000:00:16.0: bridge 64bit mmio pref: [0xd8b00000-0xd8bfffff]
[    0.249219] pci 0000:00:16.1: bridge io port: [0x9000-0x9fff]
[    0.249239] pci 0000:00:16.1: bridge 32bit mmio: [0xca900000-0xca9fffff]
[    0.249275] pci 0000:00:16.1: bridge 64bit mmio pref: [0xd8f00000-0xd8ffffff]
[    0.249611] pci 0000:00:16.2: bridge io port: [0xd000-0xdfff]
[    0.249630] pci 0000:00:16.2: bridge 32bit mmio: [0xcad00000-0xcadfffff]
[    0.249666] pci 0000:00:16.2: bridge 64bit mmio pref: [0xd9300000-0xd93fffff]
[    0.250051] pci 0000:00:16.3: bridge 32bit mmio: [0xcb100000-0xcb1fffff]
[    0.250086] pci 0000:00:16.3: bridge 64bit mmio pref: [0xd9700000-0xd97fffff]
[    0.250439] pci 0000:00:16.4: bridge 32bit mmio: [0xcb500000-0xcb5fffff]
[    0.250475] pci 0000:00:16.4: bridge 64bit mmio pref: [0xd9b00000-0xd9bfffff]
[    0.250827] pci 0000:00:16.5: bridge 32bit mmio: [0xcb900000-0xcb9fffff]
[    0.250862] pci 0000:00:16.5: bridge 64bit mmio pref: [0xd9f00000-0xd9ffffff]
[    0.251257] pci 0000:00:16.6: bridge 32bit mmio: [0xcbd00000-0xcbdfffff]
[    0.251292] pci 0000:00:16.6: bridge 64bit mmio pref: [0xda300000-0xda3fffff]
[    0.251657] pci 0000:00:16.7: bridge 32bit mmio: [0xcc100000-0xcc1fffff]
[    0.251693] pci 0000:00:16.7: bridge 64bit mmio pref: [0xda700000-0xda7fffff]
[    0.252055] pci 0000:00:17.0: bridge io port: [0x6000-0x6fff]
[    0.252075] pci 0000:00:17.0: bridge 32bit mmio: [0xca600000-0xca6fffff]
[    0.252121] pci 0000:00:17.0: bridge 64bit mmio pref: [0xd8c00000-0xd8cfffff]
[    0.252454] pci 0000:00:17.1: bridge io port: [0xa000-0xafff]
[    0.252473] pci 0000:00:17.1: bridge 32bit mmio: [0xcaa00000-0xcaafffff]
[    0.252508] pci 0000:00:17.1: bridge 64bit mmio pref: [0xd9000000-0xd90fffff]
[    0.252841] pci 0000:00:17.2: bridge io port: [0xe000-0xefff]
[    0.252859] pci 0000:00:17.2: bridge 32bit mmio: [0xcae00000-0xcaefffff]
[    0.252906] pci 0000:00:17.2: bridge 64bit mmio pref: [0xd9400000-0xd94fffff]
[    0.253270] pci 0000:00:17.3: bridge 32bit mmio: [0xcb200000-0xcb2fffff]
[    0.253305] pci 0000:00:17.3: bridge 64bit mmio pref: [0xd9800000-0xd98fffff]
[    0.253655] pci 0000:00:17.4: bridge 32bit mmio: [0xcb600000-0xcb6fffff]
[    0.253691] pci 0000:00:17.4: bridge 64bit mmio pref: [0xd9c00000-0xd9cfffff]
[    0.254065] pci 0000:00:17.5: bridge 32bit mmio: [0xcba00000-0xcbafffff]
[    0.254103] pci 0000:00:17.5: bridge 64bit mmio pref: [0xda000000-0xda0fffff]
[    0.254479] pci 0000:00:17.6: bridge 32bit mmio: [0xcbe00000-0xcbefffff]
[    0.254517] pci 0000:00:17.6: bridge 64bit mmio pref: [0xda400000-0xda4fffff]
[    0.255011] pci 0000:00:17.7: bridge 32bit mmio: [0xcc200000-0xcc2fffff]
[    0.255050] pci 0000:00:17.7: bridge 64bit mmio pref: [0xda800000-0xda8fffff]
[    0.255415] pci 0000:00:18.0: bridge io port: [0x7000-0x7fff]
[    0.255434] pci 0000:00:18.0: bridge 32bit mmio: [0xca700000-0xca7fffff]
[    0.255470] pci 0000:00:18.0: bridge 64bit mmio pref: [0xd8d00000-0xd8dfffff]
[    0.255819] pci 0000:00:18.1: bridge io port: [0xb000-0xbfff]
[    0.255837] pci 0000:00:18.1: bridge 32bit mmio: [0xcab00000-0xcabfffff]
[    0.255873] pci 0000:00:18.1: bridge 64bit mmio pref: [0xd9100000-0xd91fffff]
[    0.256257] pci 0000:00:18.2: bridge io port: [0xf000-0xffff]
[    0.256277] pci 0000:00:18.2: bridge 32bit mmio: [0xcaf00000-0xcaffffff]
[    0.256315] pci 0000:00:18.2: bridge 64bit mmio pref: [0xd9500000-0xd95fffff]
[    0.256705] pci 0000:00:18.3: bridge 32bit mmio: [0xcb300000-0xcb3fffff]
[    0.256741] pci 0000:00:18.3: bridge 64bit mmio pref: [0xd9900000-0xd99fffff]
[    0.257121] pci 0000:00:18.4: bridge 32bit mmio: [0xcb700000-0xcb7fffff]
[    0.257157] pci 0000:00:18.4: bridge 64bit mmio pref: [0xd9d00000-0xd9dfffff]
[    0.257535] pci 0000:00:18.5: bridge 32bit mmio: [0xcbb00000-0xcbbfffff]
[    0.257570] pci 0000:00:18.5: bridge 64bit mmio pref: [0xda100000-0xda1fffff]
[    0.257933] pci 0000:00:18.6: bridge 32bit mmio: [0xcbf00000-0xcbffffff]
[    0.257971] pci 0000:00:18.6: bridge 64bit mmio pref: [0xda500000-0xda5fffff]
[    0.258405] pci 0000:00:18.7: bridge 32bit mmio: [0xcc300000-0xcc3fffff]
[    0.258460] pci 0000:00:18.7: bridge 64bit mmio pref: [0xda900000-0xda9fffff]
[    0.260153] pci_bus 0000:00: on NUMA node 0
[    0.260163] ACPI: PCI Interrupt Routing Table [\_SB_.PCI0._PRT]
[    0.503242] ACPI: PCI Interrupt Link [LNKA] (IRQs 3 4 5 6 7 *9 10 11 14 15)
[    0.503401] ACPI: PCI Interrupt Link [LNKB] (IRQs 3 4 5 6 7 9 10 *11 14 15)
[    0.503582] ACPI: PCI Interrupt Link [LNKC] (IRQs 3 4 5 6 7 9 *10 11 14 15)
[    0.503741] ACPI: PCI Interrupt Link [LNKD] (IRQs 3 4 *5 6 7 9 10 11 14 15)
[    0.503870] vgaarb: device added: PCI:0000:00:0f.0,decodes=io+mem,owns=io+mem,locks=none
[    0.503880] vgaarb: loaded
[    0.503965] SCSI subsystem initialized
[    0.504007] libata version 3.00 loaded.
[    0.504045] usbcore: registered new interface driver usbfs
[    0.504056] usbcore: registered new interface driver hub
[    0.504071] usbcore: registered new device driver usb
[    0.504135] PCI: Using ACPI for IRQ routing
[    0.505049] NetLabel: Initializing
[    0.505050] NetLabel:  domain hash size = 128
[    0.505051] NetLabel:  protocols = UNLABELED CIPSOv4
[    0.505058] NetLabel:  unlabeled traffic allowed by default
[    0.505089] hpet0: at MMIO 0xfed00000, IRQs 2, 8, 0, 0, 0, 0, 0, 0, 0, 0, 0, 0, 0, 0, 0, 0
[    0.505094] hpet0: 16 comparators, 64-bit 14.318180 MHz counter
[    0.507174] Switching to clocksource tsc
[    0.514911] pnp: PnP ACPI init
[    0.514924] ACPI: bus type pnp registered
[    0.561353] pnp: PnP ACPI: found 14 devices
[    0.561356] ACPI: ACPI bus type pnp unregistered
[    0.561360] PnPBIOS: Disabled by ACPI PNP
[    0.561376] system 00:01: ioport range 0x1000-0x103f has been reserved
[    0.561378] system 00:01: ioport range 0x1040-0x104f has been reserved
[    0.561380] system 00:01: ioport range 0xcf0-0xcf1 has been reserved
[    0.561387] system 00:08: iomem range 0xfed00000-0xfed003ff has been reserved
[    0.561392] system 00:0d: ioport range 0x1060-0x107f has been reserved
[    0.561394] system 00:0d: iomem range 0xe0000000-0xefffffff has been reserved
[    0.561396] system 00:0d: iomem range 0xc8200000-0xc83fffff has been reserved
[    0.596991] pci 0000:00:15.3: BAR 13: can't allocate I/O resource [0x10000-0xffff]
[    0.596997] pci 0000:00:15.4: BAR 13: can't allocate I/O resource [0x10000-0xffff]
[    0.597000] pci 0000:00:15.5: BAR 13: can't allocate I/O resource [0x10000-0xffff]
[    0.597003] pci 0000:00:15.6: BAR 13: can't allocate I/O resource [0x10000-0xffff]
[    0.597006] pci 0000:00:15.7: BAR 13: can't allocate I/O resource [0x10000-0xffff]
[    0.597009] pci 0000:00:16.3: BAR 13: can't allocate I/O resource [0x10000-0xffff]
[    0.597012] pci 0000:00:16.4: BAR 13: can't allocate I/O resource [0x10000-0xffff]
[    0.597015] pci 0000:00:16.5: BAR 13: can't allocate I/O resource [0x10000-0xffff]
[    0.597017] pci 0000:00:16.6: BAR 13: can't allocate I/O resource [0x10000-0xffff]
[    0.597020] pci 0000:00:16.7: BAR 13: can't allocate I/O resource [0x10000-0xffff]
[    0.597023] pci 0000:00:17.3: BAR 13: can't allocate I/O resource [0x10000-0xffff]
[    0.597026] pci 0000:00:17.4: BAR 13: can't allocate I/O resource [0x10000-0xffff]
[    0.597029] pci 0000:00:17.5: BAR 13: can't allocate I/O resource [0x10000-0xffff]
[    0.597032] pci 0000:00:17.6: BAR 13: can't allocate I/O resource [0x10000-0xffff]
[    0.597035] pci 0000:00:17.7: BAR 13: can't allocate I/O resource [0x10000-0xffff]
[    0.597038] pci 0000:00:18.3: BAR 13: can't allocate I/O resource [0x10000-0xffff]
[    0.597041] pci 0000:00:18.4: BAR 13: can't allocate I/O resource [0x10000-0xffff]
[    0.597043] pci 0000:00:18.5: BAR 13: can't allocate I/O resource [0x10000-0xffff]
[    0.597046] pci 0000:00:18.6: BAR 13: can't allocate I/O resource [0x10000-0xffff]
[    0.597049] pci 0000:00:18.7: BAR 13: can't allocate I/O resource [0x10000-0xffff]
[    0.597052] pci 0000:00:01.0: PCI bridge, secondary bus 0000:01
[    0.597053] pci 0000:00:01.0:   IO window: disabled
[    0.597084] pci 0000:00:01.0:   MEM window: disabled
[    0.597105] pci 0000:00:01.0:   PREFETCH window: disabled
[    0.597145] pci 0000:00:11.0: PCI bridge, secondary bus 0000:02
[    0.597158] pci 0000:00:11.0:   IO window: 0x2000-0x3fff
[    0.597188] pci 0000:00:11.0:   MEM window: 0xc9000000-0xca3fffff
[    0.597209] pci 0000:00:11.0:   PREFETCH window: 0x000000d8400000-0x000000d89fffff
[    0.597264] pci 0000:00:15.0: PCI bridge, secondary bus 0000:03
[    0.597275] pci 0000:00:15.0:   IO window: 0x4000-0x4fff
[    0.597305] pci 0000:00:15.0:   MEM window: 0xca400000-0xca4fffff
[    0.597326] pci 0000:00:15.0:   PREFETCH window: 0x000000d8a00000-0x000000d8afffff
[    0.597376] pci 0000:00:15.1: PCI bridge, secondary bus 0000:04
[    0.597389] pci 0000:00:15.1:   IO window: 0x8000-0x8fff
[    0.597423] pci 0000:00:15.1:   MEM window: 0xca800000-0xca8fffff
[    0.597444] pci 0000:00:15.1:   PREFETCH window: 0x000000d8e00000-0x000000d8efffff
[    0.597488] pci 0000:00:15.2: PCI bridge, secondary bus 0000:05
[    0.597500] pci 0000:00:15.2:   IO window: 0xc000-0xcfff
[    0.597530] pci 0000:00:15.2:   MEM window: 0xcac00000-0xcacfffff
[    0.597550] pci 0000:00:15.2:   PREFETCH window: 0x000000d9200000-0x000000d92fffff
[    0.597594] pci 0000:00:15.3: PCI bridge, secondary bus 0000:06
[    0.597596] pci 0000:00:15.3:   IO window: disabled
[    0.597626] pci 0000:00:15.3:   MEM window: 0xcb000000-0xcb0fffff
[    0.597646] pci 0000:00:15.3:   PREFETCH window: 0x000000d9600000-0x000000d96fffff
[    0.597689] pci 0000:00:15.4: PCI bridge, secondary bus 0000:07
[    0.597691] pci 0000:00:15.4:   IO window: disabled
[    0.597721] pci 0000:00:15.4:   MEM window: 0xcb400000-0xcb4fffff
[    0.597741] pci 0000:00:15.4:   PREFETCH window: 0x000000d9a00000-0x000000d9afffff
[    0.597784] pci 0000:00:15.5: PCI bridge, secondary bus 0000:08
[    0.597786] pci 0000:00:15.5:   IO window: disabled
[    0.597816] pci 0000:00:15.5:   MEM window: 0xcb800000-0xcb8fffff
[    0.597836] pci 0000:00:15.5:   PREFETCH window: 0x000000d9e00000-0x000000d9efffff
[    0.597879] pci 0000:00:15.6: PCI bridge, secondary bus 0000:09
[    0.597880] pci 0000:00:15.6:   IO window: disabled
[    0.597910] pci 0000:00:15.6:   MEM window: 0xcbc00000-0xcbcfffff
[    0.597931] pci 0000:00:15.6:   PREFETCH window: 0x000000da200000-0x000000da2fffff
[    0.597973] pci 0000:00:15.7: PCI bridge, secondary bus 0000:0a
[    0.597975] pci 0000:00:15.7:   IO window: disabled
[    0.598005] pci 0000:00:15.7:   MEM window: 0xcc000000-0xcc0fffff
[    0.598025] pci 0000:00:15.7:   PREFETCH window: 0x000000da600000-0x000000da6fffff
[    0.598068] pci 0000:00:16.0: PCI bridge, secondary bus 0000:0b
[    0.598080] pci 0000:00:16.0:   IO window: 0x5000-0x5fff
[    0.598110] pci 0000:00:16.0:   MEM window: 0xca500000-0xca5fffff
[    0.598130] pci 0000:00:16.0:   PREFETCH window: 0x000000d8b00000-0x000000d8bfffff
[    0.598173] pci 0000:00:16.1: PCI bridge, secondary bus 0000:0c
[    0.598185] pci 0000:00:16.1:   IO window: 0x9000-0x9fff
[    0.598215] pci 0000:00:16.1:   MEM window: 0xca900000-0xca9fffff
[    0.598245] pci 0000:00:16.1:   PREFETCH window: 0x000000d8f00000-0x000000d8ffffff
[    0.598288] pci 0000:00:16.2: PCI bridge, secondary bus 0000:0d
[    0.598300] pci 0000:00:16.2:   IO window: 0xd000-0xdfff
[    0.598329] pci 0000:00:16.2:   MEM window: 0xcad00000-0xcadfffff
[    0.598350] pci 0000:00:16.2:   PREFETCH window: 0x000000d9300000-0x000000d93fffff
[    0.598392] pci 0000:00:16.3: PCI bridge, secondary bus 0000:0e
[    0.598394] pci 0000:00:16.3:   IO window: disabled
[    0.598424] pci 0000:00:16.3:   MEM window: 0xcb100000-0xcb1fffff
[    0.598445] pci 0000:00:16.3:   PREFETCH window: 0x000000d9700000-0x000000d97fffff
[    0.598487] pci 0000:00:16.4: PCI bridge, secondary bus 0000:0f
[    0.598489] pci 0000:00:16.4:   IO window: disabled
[    0.598519] pci 0000:00:16.4:   MEM window: 0xcb500000-0xcb5fffff
[    0.598539] pci 0000:00:16.4:   PREFETCH window: 0x000000d9b00000-0x000000d9bfffff
[    0.598582] pci 0000:00:16.5: PCI bridge, secondary bus 0000:10
[    0.598583] pci 0000:00:16.5:   IO window: disabled
[    0.598613] pci 0000:00:16.5:   MEM window: 0xcb900000-0xcb9fffff
[    0.598634] pci 0000:00:16.5:   PREFETCH window: 0x000000d9f00000-0x000000d9ffffff
[    0.598676] pci 0000:00:16.6: PCI bridge, secondary bus 0000:11
[    0.598678] pci 0000:00:16.6:   IO window: disabled
[    0.598707] pci 0000:00:16.6:   MEM window: 0xcbd00000-0xcbdfffff
[    0.598728] pci 0000:00:16.6:   PREFETCH window: 0x000000da300000-0x000000da3fffff
[    0.598770] pci 0000:00:16.7: PCI bridge, secondary bus 0000:12
[    0.598772] pci 0000:00:16.7:   IO window: disabled
[    0.598802] pci 0000:00:16.7:   MEM window: 0xcc100000-0xcc1fffff
[    0.598822] pci 0000:00:16.7:   PREFETCH window: 0x000000da700000-0x000000da7fffff
[    0.598865] pci 0000:00:17.0: PCI bridge, secondary bus 0000:13
[    0.598876] pci 0000:00:17.0:   IO window: 0x6000-0x6fff
[    0.598906] pci 0000:00:17.0:   MEM window: 0xca600000-0xca6fffff
[    0.598927] pci 0000:00:17.0:   PREFETCH window: 0x000000d8c00000-0x000000d8cfffff
[    0.598969] pci 0000:00:17.1: PCI bridge, secondary bus 0000:14
[    0.598981] pci 0000:00:17.1:   IO window: 0xa000-0xafff
[    0.599010] pci 0000:00:17.1:   MEM window: 0xcaa00000-0xcaafffff
[    0.599031] pci 0000:00:17.1:   PREFETCH window: 0x000000d9000000-0x000000d90fffff
[    0.599074] pci 0000:00:17.2: PCI bridge, secondary bus 0000:15
[    0.599074] pci 0000:00:17.2:   IO window: 0xe000-0xefff
[    0.599135] pci 0000:00:17.2:   MEM window: 0xcae00000-0xcaefffff
[    0.599155] pci 0000:00:17.2:   PREFETCH window: 0x000000d9400000-0x000000d94fffff
[    0.599198] pci 0000:00:17.3: PCI bridge, secondary bus 0000:16
[    0.599200] pci 0000:00:17.3:   IO window: disabled
[    0.599238] pci 0000:00:17.3:   MEM window: 0xcb200000-0xcb2fffff
[    0.599258] pci 0000:00:17.3:   PREFETCH window: 0x000000d9800000-0x000000d98fffff
[    0.599301] pci 0000:00:17.4: PCI bridge, secondary bus 0000:17
[    0.599303] pci 0000:00:17.4:   IO window: disabled
[    0.599332] pci 0000:00:17.4:   MEM window: 0xcb600000-0xcb6fffff
[    0.599353] pci 0000:00:17.4:   PREFETCH window: 0x000000d9c00000-0x000000d9cfffff
[    0.599395] pci 0000:00:17.5: PCI bridge, secondary bus 0000:18
[    0.599397] pci 0000:00:17.5:   IO window: disabled
[    0.599426] pci 0000:00:17.5:   MEM window: 0xcba00000-0xcbafffff
[    0.599447] pci 0000:00:17.5:   PREFETCH window: 0x000000da000000-0x000000da0fffff
[    0.599490] pci 0000:00:17.6: PCI bridge, secondary bus 0000:19
[    0.599491] pci 0000:00:17.6:   IO window: disabled
[    0.599521] pci 0000:00:17.6:   MEM window: 0xcbe00000-0xcbefffff
[    0.599541] pci 0000:00:17.6:   PREFETCH window: 0x000000da400000-0x000000da4fffff
[    0.599584] pci 0000:00:17.7: PCI bridge, secondary bus 0000:1a
[    0.599586] pci 0000:00:17.7:   IO window: disabled
[    0.599615] pci 0000:00:17.7:   MEM window: 0xcc200000-0xcc2fffff
[    0.599636] pci 0000:00:17.7:   PREFETCH window: 0x000000da800000-0x000000da8fffff
[    0.599678] pci 0000:00:18.0: PCI bridge, secondary bus 0000:1b
[    0.599690] pci 0000:00:18.0:   IO window: 0x7000-0x7fff
[    0.599720] pci 0000:00:18.0:   MEM window: 0xca700000-0xca7fffff
[    0.599741] pci 0000:00:18.0:   PREFETCH window: 0x000000d8d00000-0x000000d8dfffff
[    0.599783] pci 0000:00:18.1: PCI bridge, secondary bus 0000:1c
[    0.599795] pci 0000:00:18.1:   IO window: 0xb000-0xbfff
[    0.599824] pci 0000:00:18.1:   MEM window: 0xcab00000-0xcabfffff
[    0.599845] pci 0000:00:18.1:   PREFETCH window: 0x000000d9100000-0x000000d91fffff
[    0.599887] pci 0000:00:18.2: PCI bridge, secondary bus 0000:1d
[    0.599899] pci 0000:00:18.2:   IO window: 0xf000-0xffff
[    0.599929] pci 0000:00:18.2:   MEM window: 0xcaf00000-0xcaffffff
[    0.599949] pci 0000:00:18.2:   PREFETCH window: 0x000000d9500000-0x000000d95fffff
[    0.599992] pci 0000:00:18.3: PCI bridge, secondary bus 0000:1e
[    0.599993] pci 0000:00:18.3:   IO window: disabled
[    0.600023] pci 0000:00:18.3:   MEM window: 0xcb300000-0xcb3fffff
[    0.600044] pci 0000:00:18.3:   PREFETCH window: 0x000000d9900000-0x000000d99fffff
[    0.600086] pci 0000:00:18.4: PCI bridge, secondary bus 0000:1f
[    0.600088] pci 0000:00:18.4:   IO window: disabled
[    0.600117] pci 0000:00:18.4:   MEM window: 0xcb700000-0xcb7fffff
[    0.600138] pci 0000:00:18.4:   PREFETCH window: 0x000000d9d00000-0x000000d9dfffff
[    0.600180] pci 0000:00:18.5: PCI bridge, secondary bus 0000:20
[    0.600182] pci 0000:00:18.5:   IO window: disabled
[    0.600228] pci 0000:00:18.5:   MEM window: 0xcbb00000-0xcbbfffff
[    0.600256] pci 0000:00:18.5:   PREFETCH window: 0x000000da100000-0x000000da1fffff
[    0.600315] pci 0000:00:18.6: PCI bridge, secondary bus 0000:21
[    0.600318] pci 0000:00:18.6:   IO window: disabled
[    0.600359] pci 0000:00:18.6:   MEM window: 0xcbf00000-0xcbffffff
[    0.600388] pci 0000:00:18.6:   PREFETCH window: 0x000000da500000-0x000000da5fffff
[    0.600446] pci 0000:00:18.7: PCI bridge, secondary bus 0000:22
[    0.600449] pci 0000:00:18.7:   IO window: disabled
[    0.600487] pci 0000:00:18.7:   MEM window: 0xcc300000-0xcc3fffff
[    0.600515] pci 0000:00:18.7:   PREFETCH window: 0x000000da900000-0x000000da9fffff
[    0.600615] pci 0000:00:01.0: setting latency timer to 64
[    0.600844] pci 0000:00:15.0: setting latency timer to 64
[    0.600912] pci 0000:00:15.1: setting latency timer to 64
[    0.601025] pci 0000:00:15.2: setting latency timer to 64
[    0.601127] pci 0000:00:15.3: setting latency timer to 64
[    0.601247] pci 0000:00:15.4: setting latency timer to 64
[    0.601337] pci 0000:00:15.5: setting latency timer to 64
[    0.601413] pci 0000:00:15.6: setting latency timer to 64
[    0.601487] pci 0000:00:15.7: setting latency timer to 64
[    0.601587] pci 0000:00:16.0: setting latency timer to 64
[    0.601696] pci 0000:00:16.1: setting latency timer to 64
[    0.601766] pci 0000:00:16.2: setting latency timer to 64
[    0.601833] pci 0000:00:16.3: setting latency timer to 64
[    0.601899] pci 0000:00:16.4: setting latency timer to 64
[    0.601966] pci 0000:00:16.5: setting latency timer to 64
[    0.602033] pci 0000:00:16.6: setting latency timer to 64
[    0.602100] pci 0000:00:16.7: setting latency timer to 64
[    0.602166] pci 0000:00:17.0: setting latency timer to 64
[    0.602241] pci 0000:00:17.1: setting latency timer to 64
[    0.602308] pci 0000:00:17.2: setting latency timer to 64
[    0.602375] pci 0000:00:17.3: setting latency timer to 64
[    0.602442] pci 0000:00:17.4: setting latency timer to 64
[    0.602509] pci 0000:00:17.5: setting latency timer to 64
[    0.602577] pci 0000:00:17.6: setting latency timer to 64
[    0.602644] pci 0000:00:17.7: setting latency timer to 64
[    0.602710] pci 0000:00:18.0: setting latency timer to 64
[    0.602777] pci 0000:00:18.1: setting latency timer to 64
[    0.602844] pci 0000:00:18.2: setting latency timer to 64
[    0.602911] pci 0000:00:18.3: setting latency timer to 64
[    0.602977] pci 0000:00:18.4: setting latency timer to 64
[    0.603044] pci 0000:00:18.5: setting latency timer to 64
[    0.603135] pci 0000:00:18.6: setting latency timer to 64
[    0.603206] pci 0000:00:18.7: setting latency timer to 64
[    0.603219] pci_bus 0000:00: resource 0 io:  [0x00-0xffff]
[    0.603222] pci_bus 0000:00: resource 1 mem: [0x000000-0xffffffffffffffff]
[    0.603225] pci_bus 0000:02: resource 0 io:  [0x2000-0x3fff]
[    0.603227] pci_bus 0000:02: resource 1 mem: [0xc9000000-0xca3fffff]
[    0.603229] pci_bus 0000:02: resource 2 pref mem [0xd8400000-0xd89fffff]
[    0.603231] pci_bus 0000:02: resource 3 io:  [0x00-0xffff]
[    0.603233] pci_bus 0000:02: resource 4 mem: [0x000000-0xffffffffffffffff]
[    0.603235] pci_bus 0000:03: resource 0 io:  [0x4000-0x4fff]
[    0.603237] pci_bus 0000:03: resource 1 mem: [0xca400000-0xca4fffff]
[    0.603239] pci_bus 0000:03: resource 2 pref mem [0xd8a00000-0xd8afffff]
[    0.603241] pci_bus 0000:04: resource 0 io:  [0x8000-0x8fff]
[    0.603243] pci_bus 0000:04: resource 1 mem: [0xca800000-0xca8fffff]
[    0.603245] pci_bus 0000:04: resource 2 pref mem [0xd8e00000-0xd8efffff]
[    0.603247] pci_bus 0000:05: resource 0 io:  [0xc000-0xcfff]
[    0.603249] pci_bus 0000:05: resource 1 mem: [0xcac00000-0xcacfffff]
[    0.603251] pci_bus 0000:05: resource 2 pref mem [0xd9200000-0xd92fffff]
[    0.603253] pci_bus 0000:06: resource 1 mem: [0xcb000000-0xcb0fffff]
[    0.603255] pci_bus 0000:06: resource 2 pref mem [0xd9600000-0xd96fffff]
[    0.603257] pci_bus 0000:07: resource 1 mem: [0xcb400000-0xcb4fffff]
[    0.603259] pci_bus 0000:07: resource 2 pref mem [0xd9a00000-0xd9afffff]
[    0.603261] pci_bus 0000:08: resource 1 mem: [0xcb800000-0xcb8fffff]
[    0.603263] pci_bus 0000:08: resource 2 pref mem [0xd9e00000-0xd9efffff]
[    0.603265] pci_bus 0000:09: resource 1 mem: [0xcbc00000-0xcbcfffff]
[    0.603267] pci_bus 0000:09: resource 2 pref mem [0xda200000-0xda2fffff]
[    0.603269] pci_bus 0000:0a: resource 1 mem: [0xcc000000-0xcc0fffff]
[    0.603271] pci_bus 0000:0a: resource 2 pref mem [0xda600000-0xda6fffff]
[    0.603273] pci_bus 0000:0b: resource 0 io:  [0x5000-0x5fff]
[    0.603275] pci_bus 0000:0b: resource 1 mem: [0xca500000-0xca5fffff]
[    0.603277] pci_bus 0000:0b: resource 2 pref mem [0xd8b00000-0xd8bfffff]
[    0.603279] pci_bus 0000:0c: resource 0 io:  [0x9000-0x9fff]
[    0.603281] pci_bus 0000:0c: resource 1 mem: [0xca900000-0xca9fffff]
[    0.603283] pci_bus 0000:0c: resource 2 pref mem [0xd8f00000-0xd8ffffff]
[    0.603285] pci_bus 0000:0d: resource 0 io:  [0xd000-0xdfff]
[    0.603286] pci_bus 0000:0d: resource 1 mem: [0xcad00000-0xcadfffff]
[    0.603288] pci_bus 0000:0d: resource 2 pref mem [0xd9300000-0xd93fffff]
[    0.603290] pci_bus 0000:0e: resource 1 mem: [0xcb100000-0xcb1fffff]
[    0.603292] pci_bus 0000:0e: resource 2 pref mem [0xd9700000-0xd97fffff]
[    0.603294] pci_bus 0000:0f: resource 1 mem: [0xcb500000-0xcb5fffff]
[    0.603296] pci_bus 0000:0f: resource 2 pref mem [0xd9b00000-0xd9bfffff]
[    0.603298] pci_bus 0000:10: resource 1 mem: [0xcb900000-0xcb9fffff]
[    0.603300] pci_bus 0000:10: resource 2 pref mem [0xd9f00000-0xd9ffffff]
[    0.603302] pci_bus 0000:11: resource 1 mem: [0xcbd00000-0xcbdfffff]
[    0.603304] pci_bus 0000:11: resource 2 pref mem [0xda300000-0xda3fffff]
[    0.603306] pci_bus 0000:12: resource 1 mem: [0xcc100000-0xcc1fffff]
[    0.603308] pci_bus 0000:12: resource 2 pref mem [0xda700000-0xda7fffff]
[    0.603310] pci_bus 0000:13: resource 0 io:  [0x6000-0x6fff]
[    0.603312] pci_bus 0000:13: resource 1 mem: [0xca600000-0xca6fffff]
[    0.603314] pci_bus 0000:13: resource 2 pref mem [0xd8c00000-0xd8cfffff]
[    0.603316] pci_bus 0000:14: resource 0 io:  [0xa000-0xafff]
[    0.603318] pci_bus 0000:14: resource 1 mem: [0xcaa00000-0xcaafffff]
[    0.603320] pci_bus 0000:14: resource 2 pref mem [0xd9000000-0xd90fffff]
[    0.603322] pci_bus 0000:15: resource 0 io:  [0xe000-0xefff]
[    0.603324] pci_bus 0000:15: resource 1 mem: [0xcae00000-0xcaefffff]
[    0.603326] pci_bus 0000:15: resource 2 pref mem [0xd9400000-0xd94fffff]
[    0.603328] pci_bus 0000:16: resource 1 mem: [0xcb200000-0xcb2fffff]
[    0.603330] pci_bus 0000:16: resource 2 pref mem [0xd9800000-0xd98fffff]
[    0.603332] pci_bus 0000:17: resource 1 mem: [0xcb600000-0xcb6fffff]
[    0.603334] pci_bus 0000:17: resource 2 pref mem [0xd9c00000-0xd9cfffff]
[    0.603336] pci_bus 0000:18: resource 1 mem: [0xcba00000-0xcbafffff]
[    0.603337] pci_bus 0000:18: resource 2 pref mem [0xda000000-0xda0fffff]
[    0.603340] pci_bus 0000:19: resource 1 mem: [0xcbe00000-0xcbefffff]
[    0.603341] pci_bus 0000:19: resource 2 pref mem [0xda400000-0xda4fffff]
[    0.603343] pci_bus 0000:1a: resource 1 mem: [0xcc200000-0xcc2fffff]
[    0.603345] pci_bus 0000:1a: resource 2 pref mem [0xda800000-0xda8fffff]
[    0.603347] pci_bus 0000:1b: resource 0 io:  [0x7000-0x7fff]
[    0.603349] pci_bus 0000:1b: resource 1 mem: [0xca700000-0xca7fffff]
[    0.603351] pci_bus 0000:1b: resource 2 pref mem [0xd8d00000-0xd8dfffff]
[    0.603353] pci_bus 0000:1c: resource 0 io:  [0xb000-0xbfff]
[    0.603355] pci_bus 0000:1c: resource 1 mem: [0xcab00000-0xcabfffff]
[    0.603357] pci_bus 0000:1c: resource 2 pref mem [0xd9100000-0xd91fffff]
[    0.603359] pci_bus 0000:1d: resource 0 io:  [0xf000-0xffff]
[    0.603361] pci_bus 0000:1d: resource 1 mem: [0xcaf00000-0xcaffffff]
[    0.603363] pci_bus 0000:1d: resource 2 pref mem [0xd9500000-0xd95fffff]
[    0.603365] pci_bus 0000:1e: resource 1 mem: [0xcb300000-0xcb3fffff]
[    0.603366] pci_bus 0000:1e: resource 2 pref mem [0xd9900000-0xd99fffff]
[    0.603369] pci_bus 0000:1f: resource 1 mem: [0xcb700000-0xcb7fffff]
[    0.603370] pci_bus 0000:1f: resource 2 pref mem [0xd9d00000-0xd9dfffff]
[    0.603373] pci_bus 0000:20: resource 1 mem: [0xcbb00000-0xcbbfffff]
[    0.603374] pci_bus 0000:20: resource 2 pref mem [0xda100000-0xda1fffff]
[    0.603376] pci_bus 0000:21: resource 1 mem: [0xcbf00000-0xcbffffff]
[    0.603378] pci_bus 0000:21: resource 2 pref mem [0xda500000-0xda5fffff]
[    0.603380] pci_bus 0000:22: resource 1 mem: [0xcc300000-0xcc3fffff]
[    0.603382] pci_bus 0000:22: resource 2 pref mem [0xda900000-0xda9fffff]
[    0.603407] NET: Registered protocol family 2
[    0.603426] RANDOM - __random32 called. Change num 7.  Value: 55ede565	148ebb7a	8e9cdd7f
[    0.603428] RANDOM - random32 called.  Value: 55ede565	148ebb7a	8e9cdd7f
[    0.603437] random 0000 0000 0000 00000000 00000000: rand_read_num 2 get_random_bytes(4): sig fffffe1a 00000000 00000000
[    0.603440] random 0000 0000 0000 00000000 00000000: extract_entropy(.. 4 ..)
[    0.603443] random 0000 0000 0000 00000000 00000000: going to reseed nonblocking with 64 bits (32 of 0 requested)
[    0.603445] random 0000 0000 0000 00000000 00000000: extract_entropy(.. 8 ..)
[    0.603447] random 0000 0000 0000 00000000 00000000: trying to extract 64 bits from input
[    0.603450] random 0000 0000 0000 00000000 00000000: debiting 0 entropy credits from input
[    0.603452] random 0000 0000 0000 00000000 00000000: extract_entropy account returned: 0 
[    0.603455] random 0000 0000 0000 00000000 00000000: urand_change_num 3 xfer_secondary_pool(4): pool_sig fffffe1a, data_sig 00000000, bytes_mixed 0 00000000 00000000
[    0.603458] random 0000 0000 0000 00000000 00000000: trying to extract 32 bits from nonblocking
[    0.603461] random 0000 0000 0000 00000000 00000000: debiting 32 entropy credits from nonblocking (unlimited)
[    0.603463] random 0000 0000 0000 00000000 00000000: extract_entropy account returned: 4 
[    0.603466] random 0000 0000 0000 00000000 00000000: urand_change_num 4 extract_buf: pool_sig fffffe1a, data_sig fffffed7, bytes_mixed 20 00000000 00000000
[    0.603498] IP route cache hash table entries: 32768 (order: 5, 131072 bytes)
[    0.603597] RANDOM - __random32 called. Change num 8.  Value: de565d28	48ebb7a3	baff4f46
[    0.603599] RANDOM - random32 called.  Value: de565d28	48ebb7a3	baff4f46
[    0.603660] RANDOM - __random32 called. Change num 9.  Value: 65d282be	8ebb7a35	9e8da0a6
[    0.603662] RANDOM - random32 called.  Value: 65d282be	8ebb7a35	9e8da0a6
[    0.603665] RANDOM - __random32 called. Change num 10.  Value: 282be6b0	ebb7a35a	414d5c14
[    0.603667] RANDOM - random32 called.  Value: 282be6b0	ebb7a35a	414d5c14
[    0.603691] RANDOM - __random32 called. Change num 11.  Value: be6b0a9f	bb7a35a2	b82964f7
[    0.603693] RANDOM - random32 called.  Value: be6b0a9f	bb7a35a2	b82964f7
[    0.603704] TCP established hash table entries: 131072 (order: 8, 1048576 bytes)
[    0.604037] TCP bind hash table entries: 65536 (order: 7, 524288 bytes)
[    0.604266] TCP: Hash tables configured (established 131072 bind 65536)
[    0.604269] TCP reno registered
[    0.604320] NET: Registered protocol family 1
[    0.604330] pci 0000:00:00.0: Limiting direct PCI/PCI transfers
[    0.604355] pci 0000:00:0f.0: Boot video device
[    0.604570] Trying to unpack rootfs image as initramfs...
[    1.845340] Freeing initrd memory: 83430k freed
[    1.849354] Simple Boot Flag at 0x36 set to 0x1
[    1.849403] cpufreq-nforce2: No nForce2 chipset.
[    1.849416] Scanning for low memory corruption every 60 seconds
[    1.849540] audit: initializing netlink socket (disabled)
[    1.849548] type=2000 audit(1369434468.832:1): initialized
[    1.853480] highmem bounce pool size: 64 pages
[    1.853485] HugeTLB registered 2 MB page size, pre-allocated 0 pages
[    1.853587] VFS: Disk quotas dquot_6.5.2
[    1.853619] Dquot-cache hash table entries: 1024 (order 0, 4096 bytes)
[    1.853709] fuse init (API version 7.13)
[    1.853756] msgmni has been set to 1729
[    1.854093] alg: No test for stdrng (krng)
[    1.854136] Block layer SCSI generic (bsg) driver version 0.4 loaded (major 253)
[    1.854139] io scheduler noop registered
[    1.854141] io scheduler anticipatory registered
[    1.854143] io scheduler deadline registered
[    1.854165] io scheduler cfq registered (default)
[    1.854214]   alloc irq_desc for 24 on node -1
[    1.854217]   alloc kstat_irqs on node -1
[    1.854266] pcieport 0000:00:15.0: irq 24 for MSI/MSI-X
[    1.854314] pcieport 0000:00:15.0: setting latency timer to 64
[    1.854363]   alloc irq_desc for 25 on node -1
[    1.854366]   alloc kstat_irqs on node -1
[    1.854415] pcieport 0000:00:15.1: irq 25 for MSI/MSI-X
[    1.854463] pcieport 0000:00:15.1: setting latency timer to 64
[    1.854512]   alloc irq_desc for 26 on node -1
[    1.854516]   alloc kstat_irqs on node -1
[    1.854565] pcieport 0000:00:15.2: irq 26 for MSI/MSI-X
[    1.854613] pcieport 0000:00:15.2: setting latency timer to 64
[    1.854662]   alloc irq_desc for 27 on node -1
[    1.854664]   alloc kstat_irqs on node -1
[    1.854713] pcieport 0000:00:15.3: irq 27 for MSI/MSI-X
[    1.854761] pcieport 0000:00:15.3: setting latency timer to 64
[    1.854810]   alloc irq_desc for 28 on node -1
[    1.854812]   alloc kstat_irqs on node -1
[    1.854861] pcieport 0000:00:15.4: irq 28 for MSI/MSI-X
[    1.854909] pcieport 0000:00:15.4: setting latency timer to 64
[    1.854958]   alloc irq_desc for 29 on node -1
[    1.854960]   alloc kstat_irqs on node -1
[    1.855008] pcieport 0000:00:15.5: irq 29 for MSI/MSI-X
[    1.855057] pcieport 0000:00:15.5: setting latency timer to 64
[    1.855105]   alloc irq_desc for 30 on node -1
[    1.855107]   alloc kstat_irqs on node -1
[    1.855156] pcieport 0000:00:15.6: irq 30 for MSI/MSI-X
[    1.855205] pcieport 0000:00:15.6: setting latency timer to 64
[    1.855253]   alloc irq_desc for 31 on node -1
[    1.855255]   alloc kstat_irqs on node -1
[    1.855304] pcieport 0000:00:15.7: irq 31 for MSI/MSI-X
[    1.855352] pcieport 0000:00:15.7: setting latency timer to 64
[    1.855401]   alloc irq_desc for 32 on node -1
[    1.855403]   alloc kstat_irqs on node -1
[    1.855452] pcieport 0000:00:16.0: irq 32 for MSI/MSI-X
[    1.855500] pcieport 0000:00:16.0: setting latency timer to 64
[    1.855549]   alloc irq_desc for 33 on node -1
[    1.855551]   alloc kstat_irqs on node -1
[    1.855600] pcieport 0000:00:16.1: irq 33 for MSI/MSI-X
[    1.855649] pcieport 0000:00:16.1: setting latency timer to 64
[    1.855697]   alloc irq_desc for 34 on node -1
[    1.855700]   alloc kstat_irqs on node -1
[    1.855748] pcieport 0000:00:16.2: irq 34 for MSI/MSI-X
[    1.855797] pcieport 0000:00:16.2: setting latency timer to 64
[    1.855846]   alloc irq_desc for 35 on node -1
[    1.855848]   alloc kstat_irqs on node -1
[    1.855896] pcieport 0000:00:16.3: irq 35 for MSI/MSI-X
[    1.855945] pcieport 0000:00:16.3: setting latency timer to 64
[    1.855994]   alloc irq_desc for 36 on node -1
[    1.855996]   alloc kstat_irqs on node -1
[    1.856043] pcieport 0000:00:16.4: irq 36 for MSI/MSI-X
[    1.856091] pcieport 0000:00:16.4: setting latency timer to 64
[    1.856140]   alloc irq_desc for 37 on node -1
[    1.856142]   alloc kstat_irqs on node -1
[    1.856191] pcieport 0000:00:16.5: irq 37 for MSI/MSI-X
[    1.856240] pcieport 0000:00:16.5: setting latency timer to 64
[    1.857401]   alloc irq_desc for 38 on node -1
[    1.857402]   alloc kstat_irqs on node -1
[    1.857451] pcieport 0000:00:16.6: irq 38 for MSI/MSI-X
[    1.857500] pcieport 0000:00:16.6: setting latency timer to 64
[    1.857548]   alloc irq_desc for 39 on node -1
[    1.857550]   alloc kstat_irqs on node -1
[    1.857599] pcieport 0000:00:16.7: irq 39 for MSI/MSI-X
[    1.857648] pcieport 0000:00:16.7: setting latency timer to 64
[    1.857696]   alloc irq_desc for 40 on node -1
[    1.857698]   alloc kstat_irqs on node -1
[    1.857747] pcieport 0000:00:17.0: irq 40 for MSI/MSI-X
[    1.857796] pcieport 0000:00:17.0: setting latency timer to 64
[    1.857844]   alloc irq_desc for 41 on node -1
[    1.857846]   alloc kstat_irqs on node -1
[    1.857895] pcieport 0000:00:17.1: irq 41 for MSI/MSI-X
[    1.857943] pcieport 0000:00:17.1: setting latency timer to 64
[    1.857992]   alloc irq_desc for 42 on node -1
[    1.857994]   alloc kstat_irqs on node -1
[    1.858042] pcieport 0000:00:17.2: irq 42 for MSI/MSI-X
[    1.858091] pcieport 0000:00:17.2: setting latency timer to 64
[    1.858140]   alloc irq_desc for 43 on node -1
[    1.858142]   alloc kstat_irqs on node -1
[    1.858190] pcieport 0000:00:17.3: irq 43 for MSI/MSI-X
[    1.858239] pcieport 0000:00:17.3: setting latency timer to 64
[    1.858287]   alloc irq_desc for 44 on node -1
[    1.858290]   alloc kstat_irqs on node -1
[    1.858339] pcieport 0000:00:17.4: irq 44 for MSI/MSI-X
[    1.858387] pcieport 0000:00:17.4: setting latency timer to 64
[    1.858436]   alloc irq_desc for 45 on node -1
[    1.858438]   alloc kstat_irqs on node -1
[    1.858487] pcieport 0000:00:17.5: irq 45 for MSI/MSI-X
[    1.858535] pcieport 0000:00:17.5: setting latency timer to 64
[    1.858584]   alloc irq_desc for 46 on node -1
[    1.858586]   alloc kstat_irqs on node -1
[    1.858634] pcieport 0000:00:17.6: irq 46 for MSI/MSI-X
[    1.858683] pcieport 0000:00:17.6: setting latency timer to 64
[    1.858731]   alloc irq_desc for 47 on node -1
[    1.858736]   alloc kstat_irqs on node -1
[    1.858785] pcieport 0000:00:17.7: irq 47 for MSI/MSI-X
[    1.858834] pcieport 0000:00:17.7: setting latency timer to 64
[    1.858882]   alloc irq_desc for 48 on node -1
[    1.858886]   alloc kstat_irqs on node -1
[    1.858934] pcieport 0000:00:18.0: irq 48 for MSI/MSI-X
[    1.858982] pcieport 0000:00:18.0: setting latency timer to 64
[    1.859031]   alloc irq_desc for 49 on node -1
[    1.859035]   alloc kstat_irqs on node -1
[    1.859084] pcieport 0000:00:18.1: irq 49 for MSI/MSI-X
[    1.859132] pcieport 0000:00:18.1: setting latency timer to 64
[    1.859181]   alloc irq_desc for 50 on node -1
[    1.859183]   alloc kstat_irqs on node -1
[    1.859229] pcieport 0000:00:18.2: irq 50 for MSI/MSI-X
[    1.859278] pcieport 0000:00:18.2: setting latency timer to 64
[    1.859326]   alloc irq_desc for 51 on node -1
[    1.859329]   alloc kstat_irqs on node -1
[    1.859375] pcieport 0000:00:18.3: irq 51 for MSI/MSI-X
[    1.859424] pcieport 0000:00:18.3: setting latency timer to 64
[    1.859472]   alloc irq_desc for 52 on node -1
[    1.859474]   alloc kstat_irqs on node -1
[    1.859520] pcieport 0000:00:18.4: irq 52 for MSI/MSI-X
[    1.859569] pcieport 0000:00:18.4: setting latency timer to 64
[    1.859617]   alloc irq_desc for 53 on node -1
[    1.859619]   alloc kstat_irqs on node -1
[    1.859666] pcieport 0000:00:18.5: irq 53 for MSI/MSI-X
[    1.859714] pcieport 0000:00:18.5: setting latency timer to 64
[    1.859763]   alloc irq_desc for 54 on node -1
[    1.859765]   alloc kstat_irqs on node -1
[    1.859811] pcieport 0000:00:18.6: irq 54 for MSI/MSI-X
[    1.859859] pcieport 0000:00:18.6: setting latency timer to 64
[    1.859908]   alloc irq_desc for 55 on node -1
[    1.859910]   alloc kstat_irqs on node -1
[    1.859959] pcieport 0000:00:18.7: irq 55 for MSI/MSI-X
[    1.860007] pcieport 0000:00:18.7: setting latency timer to 64
[    1.860056] pci_hotplug: PCI Hot Plug PCI Core version: 0.5
[    1.861395] pciehp 0000:00:15.0:pcie04: HPC vendor_id 15ad device_id 7a0 ss_vid 0 ss_did 0
[    1.861443] pciehp 0000:00:15.0:pcie04: service driver pciehp loaded
[    1.861492] pciehp 0000:00:15.1:pcie04: HPC vendor_id 15ad device_id 7a0 ss_vid 0 ss_did 0
[    1.861541] pciehp 0000:00:15.1:pcie04: service driver pciehp loaded
[    1.861589] pciehp 0000:00:15.2:pcie04: HPC vendor_id 15ad device_id 7a0 ss_vid 0 ss_did 0
[    1.861638] pciehp 0000:00:15.2:pcie04: service driver pciehp loaded
[    1.861686] pciehp 0000:00:15.3:pcie04: HPC vendor_id 15ad device_id 7a0 ss_vid 0 ss_did 0
[    1.861735] pciehp 0000:00:15.3:pcie04: service driver pciehp loaded
[    1.861784] pciehp 0000:00:15.4:pcie04: HPC vendor_id 15ad device_id 7a0 ss_vid 0 ss_did 0
[    1.861832] pciehp 0000:00:15.4:pcie04: service driver pciehp loaded
[    1.861881] pciehp 0000:00:15.5:pcie04: HPC vendor_id 15ad device_id 7a0 ss_vid 0 ss_did 0
[    1.861929] pciehp 0000:00:15.5:pcie04: service driver pciehp loaded
[    1.861978] pciehp 0000:00:15.6:pcie04: HPC vendor_id 15ad device_id 7a0 ss_vid 0 ss_did 0
[    1.862027] pciehp 0000:00:15.6:pcie04: service driver pciehp loaded
[    1.862075] pciehp 0000:00:15.7:pcie04: HPC vendor_id 15ad device_id 7a0 ss_vid 0 ss_did 0
[    1.862124] pciehp 0000:00:15.7:pcie04: service driver pciehp loaded
[    1.862172] pciehp 0000:00:16.0:pcie04: HPC vendor_id 15ad device_id 7a0 ss_vid 0 ss_did 0
[    1.862221] pciehp 0000:00:16.0:pcie04: service driver pciehp loaded
[    1.862270] pciehp 0000:00:16.1:pcie04: HPC vendor_id 15ad device_id 7a0 ss_vid 0 ss_did 0
[    1.862318] pciehp 0000:00:16.1:pcie04: service driver pciehp loaded
[    1.862367] pciehp 0000:00:16.2:pcie04: HPC vendor_id 15ad device_id 7a0 ss_vid 0 ss_did 0
[    1.862416] pciehp 0000:00:16.2:pcie04: service driver pciehp loaded
[    1.862464] pciehp 0000:00:16.3:pcie04: HPC vendor_id 15ad device_id 7a0 ss_vid 0 ss_did 0
[    1.862513] pciehp 0000:00:16.3:pcie04: service driver pciehp loaded
[    1.862561] pciehp 0000:00:16.4:pcie04: HPC vendor_id 15ad device_id 7a0 ss_vid 0 ss_did 0
[    1.862610] pciehp 0000:00:16.4:pcie04: service driver pciehp loaded
[    1.862659] pciehp 0000:00:16.5:pcie04: HPC vendor_id 15ad device_id 7a0 ss_vid 0 ss_did 0
[    1.862707] pciehp 0000:00:16.5:pcie04: service driver pciehp loaded
[    1.862756] pciehp 0000:00:16.6:pcie04: HPC vendor_id 15ad device_id 7a0 ss_vid 0 ss_did 0
[    1.862804] pciehp 0000:00:16.6:pcie04: service driver pciehp loaded
[    1.862853] pciehp 0000:00:16.7:pcie04: HPC vendor_id 15ad device_id 7a0 ss_vid 0 ss_did 0
[    1.862902] pciehp 0000:00:16.7:pcie04: service driver pciehp loaded
[    1.862950] pciehp 0000:00:17.0:pcie04: HPC vendor_id 15ad device_id 7a0 ss_vid 0 ss_did 0
[    1.862999] pciehp 0000:00:17.0:pcie04: service driver pciehp loaded
[    1.863047] pciehp 0000:00:17.1:pcie04: HPC vendor_id 15ad device_id 7a0 ss_vid 0 ss_did 0
[    1.863096] pciehp 0000:00:17.1:pcie04: service driver pciehp loaded
[    1.863145] pciehp 0000:00:17.2:pcie04: HPC vendor_id 15ad device_id 7a0 ss_vid 0 ss_did 0
[    1.863193] pciehp 0000:00:17.2:pcie04: service driver pciehp loaded
[    1.863242] pciehp 0000:00:17.3:pcie04: HPC vendor_id 15ad device_id 7a0 ss_vid 0 ss_did 0
[    1.863290] pciehp 0000:00:17.3:pcie04: service driver pciehp loaded
[    1.863339] pciehp 0000:00:17.4:pcie04: HPC vendor_id 15ad device_id 7a0 ss_vid 0 ss_did 0
[    1.863388] pciehp 0000:00:17.4:pcie04: service driver pciehp loaded
[    1.863436] pciehp 0000:00:17.5:pcie04: HPC vendor_id 15ad device_id 7a0 ss_vid 0 ss_did 0
[    1.863485] pciehp 0000:00:17.5:pcie04: service driver pciehp loaded
[    1.863533] pciehp 0000:00:17.6:pcie04: HPC vendor_id 15ad device_id 7a0 ss_vid 0 ss_did 0
[    1.863582] pciehp 0000:00:17.6:pcie04: service driver pciehp loaded
[    1.863631] pciehp 0000:00:17.7:pcie04: HPC vendor_id 15ad device_id 7a0 ss_vid 0 ss_did 0
[    1.863679] pciehp 0000:00:17.7:pcie04: service driver pciehp loaded
[    1.863728] pciehp 0000:00:18.0:pcie04: HPC vendor_id 15ad device_id 7a0 ss_vid 0 ss_did 0
[    1.863776] pciehp 0000:00:18.0:pcie04: service driver pciehp loaded
[    1.863825] pciehp 0000:00:18.1:pcie04: HPC vendor_id 15ad device_id 7a0 ss_vid 0 ss_did 0
[    1.863874] pciehp 0000:00:18.1:pcie04: service driver pciehp loaded
[    1.863922] pciehp 0000:00:18.2:pcie04: HPC vendor_id 15ad device_id 7a0 ss_vid 0 ss_did 0
[    1.863971] pciehp 0000:00:18.2:pcie04: service driver pciehp loaded
[    1.864019] pciehp 0000:00:18.3:pcie04: HPC vendor_id 15ad device_id 7a0 ss_vid 0 ss_did 0
[    1.864068] pciehp 0000:00:18.3:pcie04: service driver pciehp loaded
[    1.864117] pciehp 0000:00:18.4:pcie04: HPC vendor_id 15ad device_id 7a0 ss_vid 0 ss_did 0
[    1.864165] pciehp 0000:00:18.4:pcie04: service driver pciehp loaded
[    1.864214] pciehp 0000:00:18.5:pcie04: HPC vendor_id 15ad device_id 7a0 ss_vid 0 ss_did 0
[    1.864262] pciehp 0000:00:18.5:pcie04: service driver pciehp loaded
[    1.864311] pciehp 0000:00:18.6:pcie04: HPC vendor_id 15ad device_id 7a0 ss_vid 0 ss_did 0
[    1.864360] pciehp 0000:00:18.6:pcie04: service driver pciehp loaded
[    1.864408] pciehp 0000:00:18.7:pcie04: HPC vendor_id 15ad device_id 7a0 ss_vid 0 ss_did 0
[    1.864457] pciehp 0000:00:18.7:pcie04: service driver pciehp loaded
[    1.864465] pciehp: PCI Express Hot Plug Controller Driver version: 0.4
[    1.864520] ACPI: AC Adapter [ACAD] (on-line)
[    1.864577] input: Power Button as /devices/LNXSYSTM:00/LNXPWRBN:00/input/input0
[    1.864580] ACPI: Power Button [PWRF]
[    1.864628] processor LNXCPU:00: registered as cooling_device0
[    1.905272] isapnp: Scanning for PnP cards...
[    2.259841] isapnp: No Plug & Play device found
[    2.259871] random 0000 0000 0000 5f8db4e5 4cfdf2a8: initializing
[    2.260024] Linux agpgart interface v0.103
[    2.260063] agpgart-intel 0000:00:00.0: Intel 440BX Chipset
[    2.260112] agpgart-intel 0000:00:00.0: AGP aperture is 256M @ 0x0
[    2.260143] Serial: 8250/16550 driver, 32 ports, IRQ sharing enabled
[    2.260191] serial8250: ttyS0 at I/O 0x3f8 (irq = 4) is a 16550A
[    2.260240] serial8250: ttyS1 at I/O 0x2f8 (irq = 3) is a 16550A
[    2.260715] 00:0a: ttyS0 at I/O 0x3f8 (irq = 4) is a 16550A
[    2.260763] 00:0b: ttyS1 at I/O 0x2f8 (irq = 3) is a 16550A
[    2.260812] brd: module loaded
[    2.260861] loop: module loaded
[    2.260909] ata_piix 0000:00:07.1: version 2.13
[    2.260990] scsi0 : ata_piix
[    2.261039] scsi1 : ata_piix
[    2.261061] ata1: PATA max UDMA/33 cmd 0x1f0 ctl 0x3f6 bmdma 0x10c0 irq 14
[    2.261063] ata2: PATA max UDMA/33 cmd 0x170 ctl 0x376 bmdma 0x10c8 irq 15
[    2.261114] PPP generic driver version 2.4.2
[    2.261136] tun: Universal TUN/TAP device driver, 1.6
[    2.261137] tun: (C) 1999-2004 Max Krasnyansky <maxk@qualcomm.com>
[    2.261186] ehci_hcd: USB 2.0 'Enhanced' Host Controller (EHCI) Driver
[    2.261235] ACPI: PCI Interrupt Link [LNKB] enabled at IRQ 11
[    2.261238] PCI: setting IRQ 11 as level-triggered
[    2.261246] ehci_hcd 0000:02:03.0: PCI INT A -> Link[LNKB] -> GSI 11 (level, low) -> IRQ 11
[    2.261294] ehci_hcd 0000:02:03.0: EHCI Host Controller
[    2.261317] ehci_hcd 0000:02:03.0: new USB bus registered, assigned bus number 1
[    2.261366] ehci_hcd 0000:02:03.0: cache line size of 32 is not supported
[    2.261372] ehci_hcd 0000:02:03.0: irq 11, io mem 0xc9000000
[    2.261670] random 0000 0000 0000 00000000 00000000: rand_read_num 3 get_random_bytes(8): sig 00000000 00000000 00000000
[    2.261673] random 0000 0000 0000 00000000 00000000: extract_entropy(.. 8 ..)
[    2.261676] random 0000 0000 0000 00000000 00000000: going to reseed nonblocking with 64 bits (64 of 0 requested)
[    2.261678] random 0000 0000 0000 00000000 00000000: extract_entropy(.. 8 ..)
[    2.261681] random 0000 0000 0000 00000000 00000000: trying to extract 64 bits from input
[    2.261683] random 0000 0000 0000 00000000 00000000: debiting 0 entropy credits from input
[    2.261685] random 0000 0000 0000 00000000 00000000: extract_entropy account returned: 0 
[    2.261688] random 0000 0000 0000 00000000 00000000: urand_change_num 5 xfer_secondary_pool(8): pool_sig 00000000, data_sig 00000000, bytes_mixed 0 00000000 00000000
[    2.261691] random 0000 0000 0000 00000000 00000000: trying to extract 64 bits from nonblocking
[    2.261694] random 0000 0000 0000 00000000 00000000: debiting 64 entropy credits from nonblocking (unlimited)
[    2.261696] random 0000 0000 0000 00000000 00000000: extract_entropy account returned: 8 
[    2.261700] random 0000 0000 0000 00000000 00000000: urand_change_num 6 extract_buf: pool_sig 00000000, data_sig fffffff9, bytes_mixed 20 00000000 00000000
[    2.272745] ehci_hcd 0000:02:03.0: USB 2.0 started, EHCI 1.00
[    2.272794] usb usb1: configuration #1 chosen from 1 choice
[    2.272815] hub 1-0:1.0: USB hub found
[    2.272821] hub 1-0:1.0: 6 ports detected
[    2.272861] ohci_hcd: USB 1.1 'Open' Host Controller (OHCI) Driver
[    2.272876] uhci_hcd: USB Universal Host Controller Interface driver
[    2.272925] ACPI: PCI Interrupt Link [LNKC] enabled at IRQ 10
[    2.272928] PCI: setting IRQ 10 as level-triggered
[    2.272932] uhci_hcd 0000:02:00.0: PCI INT A -> Link[LNKC] -> GSI 10 (level, low) -> IRQ 10
[    2.272969] uhci_hcd 0000:02:00.0: UHCI Host Controller
[    2.273004] uhci_hcd 0000:02:00.0: new USB bus registered, assigned bus number 2
[    2.273104] uhci_hcd 0000:02:00.0: irq 10, io base 0x000020c0
[    2.273153] usb usb2: configuration #1 chosen from 1 choice
[    2.273169] hub 2-0:1.0: USB hub found
[    2.273173] hub 2-0:1.0: 2 ports detected
[    2.273222] usbcore: registered new interface driver libusual
[    2.273251] PNP: PS/2 Controller [PNP0303:KBC,PNP0f13:MOUS] at 0x60,0x64 irq 1,12
[    2.273573] serio: i8042 KBD port at 0x60,0x64 irq 1
[    2.273580] serio: i8042 AUX port at 0x60,0x64 irq 12
[    2.273617] mice: PS/2 mouse device common for all mice
[    2.273665] rtc_cmos 00:04: rtc core: registered rtc_cmos as rtc0
[    2.273682] rtc0: alarms up to one month, y3k, 114 bytes nvram, hpet irqs
[    2.273731] device-mapper: uevent: version 1.0.3
[    2.273875] device-mapper: ioctl: 4.15.0-ioctl (2009-04-01) initialised: dm-devel@redhat.com
[    2.273903] EISA: Probing bus 0 at eisa.0
[    2.273916] Cannot allocate resource for EISA slot 1
[    2.273919] Cannot allocate resource for EISA slot 2
[    2.273923] Cannot allocate resource for EISA slot 3
[    2.273926] Cannot allocate resource for EISA slot 4
[    2.273930] Cannot allocate resource for EISA slot 5
[    2.273933] Cannot allocate resource for EISA slot 6
[    2.273937] Cannot allocate resource for EISA slot 7
[    2.273940] Cannot allocate resource for EISA slot 8
[    2.273943] EISA: Detected 0 cards.
[    2.274018] cpuidle: using governor ladder
[    2.274021] cpuidle: using governor menu
[    2.274070] random 0000 0000 0000 00000000 00000000: rand_read_num 4 get_random_bytes(136): sig 0000021d 00000000 00000000
[    2.274073] random 0000 0000 0000 00000000 00000000: extract_entropy(.. 136 ..)
[    2.274076] random 0000 0000 0000 00000000 00000000: going to reseed nonblocking with 1024 bits (1088 of 0 requested)
[    2.274078] random 0000 0000 0000 00000000 00000000: extract_entropy(.. 128 ..)
[    2.274081] random 0000 0000 0000 00000000 00000000: trying to extract 1024 bits from input
[    2.274083] random 0000 0000 0000 00000000 00000000: debiting 0 entropy credits from input
[    2.274085] random 0000 0000 0000 00000000 00000000: extract_entropy account returned: 0 
[    2.274088] random 0000 0000 0000 00000000 00000000: urand_change_num 7 xfer_secondary_pool(136): pool_sig 0000021d, data_sig 00000000, bytes_mixed 0 00000000 00000000
[    2.274091] random 0000 0000 0000 00000000 00000000: trying to extract 1088 bits from nonblocking
[    2.274094] random 0000 0000 0000 00000000 00000000: debiting 1088 entropy credits from nonblocking (unlimited)
[    2.274096] random 0000 0000 0000 00000000 00000000: extract_entropy account returned: 136 
[    2.274100] random 0000 0000 0000 00000000 00000000: urand_change_num 8 extract_buf: pool_sig 0000021d, data_sig fffffff7, bytes_mixed 20 00000000 00000000
[    2.274104] random 0000 0000 0000 f961ee50 ba9cb1aa: urand_change_num 9 extract_buf: pool_sig 00000230, data_sig fffffeb4, bytes_mixed 20 f961ee50 ba9cb1aa
[    2.274109] random 0000 0000 0000 9748bdd6 56fb8af6: urand_change_num 10 extract_buf: pool_sig 00000373, data_sig 000000cf, bytes_mixed 20 9748bdd6 56fb8af6
[    2.274114] random 0000 0000 0000 9748bdd6 56fb8af6: urand_change_num 11 extract_buf: pool_sig fffffe49, data_sig 0000023f, bytes_mixed 20 9748bdd6 56fb8af6
[    2.274118] random 0000 0000 0000 a135be86 4777650e: urand_change_num 12 extract_buf: pool_sig fffffcce, data_sig 000000c6, bytes_mixed 20 a135be86 4777650e
[    2.274123] random 0000 0000 0000 4a6ea85d 170e00dd: urand_change_num 13 extract_buf: pool_sig ffffff97, data_sig ffffff7d, bytes_mixed 20 4a6ea85d 170e00dd
[    2.274127] random 0000 0000 0000 4a6ea85d 170e00dd: urand_change_num 14 extract_buf: pool_sig 00000160, data_sig fffffeea, bytes_mixed 20 4a6ea85d 170e00dd
[    2.274131] random 0000 0000 0000 6e87c3cb da668c73: urand_change_num 15 extract_buf: pool_sig 0000034f, data_sig ffffff54, bytes_mixed 20 6e87c3cb da668c73
[    2.274136] random 0000 0000 0000 6e87c3cb da668c73: urand_change_num 16 extract_buf: pool_sig fffffdc5, data_sig 00000205, bytes_mixed 20 6e87c3cb da668c73
[    2.274140] random 0000 0000 0000 39f531e6 461eb249: urand_change_num 17 extract_buf: pool_sig fffffc1d, data_sig ffffff5e, bytes_mixed 20 39f531e6 461eb249
[    2.274145] random 0000 0000 0000 7e1538a2 3e661182: urand_change_num 18 extract_buf: pool_sig 000006ef, data_sig ffffff2e, bytes_mixed 20 7e1538a2 3e661182
[    2.274149] random 0000 0000 0000 7e1538a2 3e661182: urand_change_num 19 extract_buf: pool_sig 00000317, data_sig fffffccb, bytes_mixed 20 7e1538a2 3e661182
[    2.274154] random 0000 0000 0000 76af506b 9b57305e: urand_change_num 20 extract_buf: pool_sig 00000227, data_sig ffffffd2, bytes_mixed 20 76af506b 9b57305e
[    2.274158] random 0000 0000 0000 37d49d89 e20417cc: urand_change_num 21 extract_buf: pool_sig 0000080b, data_sig 000001e9, bytes_mixed 20 37d49d89 e20417cc
[    2.274162] TCP cubic registered
[    2.274211] NET: Registered protocol family 10
[    2.274246] RANDOM - __random32 called. Change num 12.  Value: b0a9fbe7	b7a35a2b	c9ef2c48
[    2.274248] RANDOM - random32 called.  Value: b0a9fbe7	b7a35a2b	c9ef2c48
[    2.274257] random 0000 0000 0000 37d49d89 e20417cc: rand_read_num 5 get_random_bytes(4): sig 00000298 37d49d89 e20417cc
[    2.274260] random 0000 0000 0000 37d49d89 e20417cc: extract_entropy(.. 4 ..)
[    2.274262] random 0000 0000 0000 37d49d89 e20417cc: going to reseed nonblocking with 64 bits (32 of 0 requested)
[    2.274264] random 0000 0000 0000 37d49d89 e20417cc: extract_entropy(.. 8 ..)
[    2.274266] random 0000 0000 0000 37d49d89 e20417cc: trying to extract 64 bits from input
[    2.274269] random 0000 0000 0000 37d49d89 e20417cc: debiting 0 entropy credits from input
[    2.274271] random 0000 0000 0000 37d49d89 e20417cc: extract_entropy account returned: 0 
[    2.274274] random 0000 0000 0000 37d49d89 e20417cc: urand_change_num 22 xfer_secondary_pool(4): pool_sig 00000298, data_sig 00000000, bytes_mixed 0 37d49d89 e20417cc
[    2.274277] random 0000 0000 0000 37d49d89 e20417cc: trying to extract 32 bits from nonblocking
[    2.274279] random 0000 0000 0000 37d49d89 e20417cc: debiting 32 entropy credits from nonblocking (unlimited)
[    2.274281] random 0000 0000 0000 37d49d89 e20417cc: extract_entropy account returned: 4 
[    2.274285] random 0000 0000 0000 37d49d89 e20417cc: urand_change_num 23 extract_buf: pool_sig 00000298, data_sig 00000092, bytes_mixed 20 37d49d89 e20417cc
[    2.274333] RANDOM - __random32 called. Change num 13.  Value: 9fbe71fa	7a35a2b4	5890d2c9
[    2.274336] RANDOM - random32 called.  Value: 9fbe71fa	7a35a2b4	5890d2c9
[    2.274384] NET: Registered protocol family 17
[    2.274429] Using IPI No-Shortcut mode
[    2.274434] random 0000 0000 0000 2ee4c4fc 167bdb15: rand_read_num 6 get_random_bytes(8): sig fffffcbf 2ee4c4fc 167bdb15
[    2.274436] random 0000 0000 0000 2ee4c4fc 167bdb15: extract_entropy(.. 8 ..)
[    2.274439] random 0000 0000 0000 2ee4c4fc 167bdb15: going to reseed nonblocking with 64 bits (64 of 0 requested)
[    2.274441] random 0000 0000 0000 2ee4c4fc 167bdb15: extract_entropy(.. 8 ..)
[    2.274443] random 0000 0000 0000 2ee4c4fc 167bdb15: trying to extract 64 bits from input
[    2.274445] random 0000 0000 0000 2ee4c4fc 167bdb15: debiting 0 entropy credits from input
[    2.274447] random 0000 0000 0000 2ee4c4fc 167bdb15: extract_entropy account returned: 0 
[    2.274450] random 0000 0000 0000 2ee4c4fc 167bdb15: urand_change_num 24 xfer_secondary_pool(8): pool_sig fffffcbf, data_sig 00000000, bytes_mixed 0 2ee4c4fc 167bdb15
[    2.274452] random 0000 0000 0000 2ee4c4fc 167bdb15: trying to extract 64 bits from nonblocking
[    2.274454] random 0000 0000 0000 2ee4c4fc 167bdb15: debiting 64 entropy credits from nonblocking (unlimited)
[    2.274457] random 0000 0000 0000 2ee4c4fc 167bdb15: extract_entropy account returned: 8 
[    2.274460] random 0000 0000 0000 2ee4c4fc 167bdb15: urand_change_num 25 extract_buf: pool_sig fffffcbf, data_sig ffffff83, bytes_mixed 20 2ee4c4fc 167bdb15
[    2.274500] PM: Resume from disk failed.
[    2.274507] registered taskstats version 1
[    2.274510] random 0000 0000 0000 2ee4c4fc 167bdb15: rand_read_num 7 get_random_bytes(12): sig fffffc69 2ee4c4fc 167bdb15
[    2.274512] random 0000 0000 0000 2ee4c4fc 167bdb15: extract_entropy(.. 12 ..)
[    2.274514] random 0000 0000 0000 2ee4c4fc 167bdb15: going to reseed nonblocking with 96 bits (96 of 0 requested)
[    2.274516] random 0000 0000 0000 2ee4c4fc 167bdb15: extract_entropy(.. 12 ..)
[    2.274518] random 0000 0000 0000 2ee4c4fc 167bdb15: trying to extract 96 bits from input
[    2.274520] random 0000 0000 0000 2ee4c4fc 167bdb15: debiting 0 entropy credits from input
[    2.274522] random 0000 0000 0000 2ee4c4fc 167bdb15: extract_entropy account returned: 0 
[    2.274525] random 0000 0000 0000 2ee4c4fc 167bdb15: urand_change_num 26 xfer_secondary_pool(12): pool_sig fffffc69, data_sig 00000000, bytes_mixed 0 2ee4c4fc 167bdb15
[    2.274528] random 0000 0000 0000 2ee4c4fc 167bdb15: trying to extract 96 bits from nonblocking
[    2.274530] random 0000 0000 0000 2ee4c4fc 167bdb15: debiting 96 entropy credits from nonblocking (unlimited)
[    2.274532] random 0000 0000 0000 2ee4c4fc 167bdb15: extract_entropy account returned: 12 
[    2.274535] random 0000 0000 0000 2ee4c4fc 167bdb15: urand_change_num 27 extract_buf: pool_sig fffffc69, data_sig ffffff7d, bytes_mixed 20 2ee4c4fc 167bdb15
[    2.274539] random 0000 0000 0000 83b7c1ab 94697f48: urand_change_num 28 extract_buf: pool_sig fffffe30, data_sig fffffdd6, bytes_mixed 20 83b7c1ab 94697f48
[    2.274542] RANDOM - __seed init called.
[    2.274543] RANDOM - __seed init called.
[    2.274544] RANDOM - __seed init called.
[    2.274546] RANDOM - __random32 called. Change num 14.  Value: fc007995	feca4f80	21b38ad2
[    2.274548] RANDOM - random32_reseed called.  Value: fc007995	feca4f80	21b38ad2
[    2.274550] Pid: 1, comm: swapper Not tainted 2.6.32.57 #4
[    2.274552] Call Trace:
[    2.274557]  [<c14a8a0e>] ? printk+0x1d/0x1f
[    2.274562]  [<c17537e5>] random32_reseed+0x89/0xbd
[    2.274565]  [<c1003042>] do_one_initcall+0x32/0x1a0
[    2.274568]  [<c175375c>] ? random32_reseed+0x0/0xbd
[    2.274571]  [<c17308e7>] kernel_init+0x12d/0x17a
[    2.274573]  [<c17307ba>] ? kernel_init+0x0/0x17a
[    2.274576]  [<c1009b07>] kernel_thread_helper+0x7/0x10
[    2.277369] input: AT Translated Set 2 keyboard as /devices/platform/i8042/serio0/input/input1
[    2.280703] random 0000 0000 0000 6db70b00 b30ce96b: rand_read_num 8 get_random_bytes(64): sig fffffb38 6db70b00 b30ce96b
[    2.280707] random 0000 0000 0000 6db70b00 b30ce96b: extract_entropy(.. 64 ..)
[    2.280711] random 0000 0000 0000 6db70b00 b30ce96b: going to reseed nonblocking with 512 bits (512 of 0 requested)
[    2.280713] random 0000 0000 0000 6db70b00 b30ce96b: extract_entropy(.. 64 ..)
[    2.280716] random 0000 0000 0000 6db70b00 b30ce96b: trying to extract 512 bits from input
[    2.280718] random 0000 0000 0000 6db70b00 b30ce96b: debiting 0 entropy credits from input
[    2.280720] random 0000 0000 0000 6db70b00 b30ce96b: extract_entropy account returned: 0 
[    2.280724] random 0000 0000 0000 6db70b00 b30ce96b: urand_change_num 29 xfer_secondary_pool(64): pool_sig fffffb38, data_sig 00000000, bytes_mixed 0 6db70b00 b30ce96b
[    2.280727] random 0000 0000 0000 6db70b00 b30ce96b: trying to extract 512 bits from nonblocking
[    2.280729] random 0000 0000 0000 6db70b00 b30ce96b: debiting 512 entropy credits from nonblocking (unlimited)
[    2.280732] random 0000 0000 0000 6db70b00 b30ce96b: extract_entropy account returned: 64 
[    2.280735] random 0000 0000 0000 6db70b00 b30ce96b: urand_change_num 30 extract_buf: pool_sig fffffb38, data_sig 00000151, bytes_mixed 20 6db70b00 b30ce96b
[    2.280740] random 0000 0000 0000 6db70b00 b30ce96b: urand_change_num 31 extract_buf: pool_sig fffffdb8, data_sig 00000379, bytes_mixed 20 6db70b00 b30ce96b
[    2.280744] random 0000 0000 0000 6b83001e d4b6c0d3: urand_change_num 32 extract_buf: pool_sig ffffffc9, data_sig 00000198, bytes_mixed 20 6b83001e d4b6c0d3
[    2.280749] random 0000 0000 0000 79d3e3c7 be564518: urand_change_num 33 extract_buf: pool_sig 000002b9, data_sig ffffff84, bytes_mixed 20 79d3e3c7 be564518
[    2.280753] random 0000 0000 0000 79d3e3c7 be564518: urand_change_num 34 extract_buf: pool_sig ffffff55, data_sig ffffff5a, bytes_mixed 20 79d3e3c7 be564518
[    2.280758] random 0000 0000 0000 89c03cb2 0d353228: urand_change_num 35 extract_buf: pool_sig 00000007, data_sig ffffff17, bytes_mixed 20 89c03cb2 0d353228
[    2.280762] random 0000 0000 0000 89c03cb2 0d353228: urand_change_num 36 extract_buf: pool_sig fffffdae, data_sig 000000db, bytes_mixed 20 89c03cb2 0d353228  Magic number: 13:59:503
[    2.280870] rtc_cmos 00:04: setting system clock to 2013-05-24 22:27:49 UTC (1369434469)
[    2.280874] BIOS EDD facility v0.16 2004-Jun-25, 0 devices found
[    2.280876] EDD information not available.
[    2.280916] random 0000 0000 0000 8ca62387 b120332c: rand_read_num 9 get_random_bytes(64): sig fffffed6 8ca62387 b120332c
[    2.280920] random 0000 0000 0000 8ca62387 b120332c: extract_entropy(.. 64 ..)
[    2.280923] random 0000 0000 0000 8ca62387 b120332c: going to reseed nonblocking with 512 bits (512 of 0 requested)
[    2.280926] random 0000 0000 0000 8ca62387 b120332c: extract_entropy(.. 64 ..)
[    2.280929] random 0000 0000 0000 8ca62387 b120332c: trying to extract 512 bits from input
[    2.280932] random 0000 0000 0000 8ca62387 b120332c: debiting 0 entropy credits from input
[    2.280935] random 0000 0000 0000 8ca62387 b120332c: extract_entropy account returned: 0 
[    2.280939] random 0000 0000 0000 8ca62387 b120332c: urand_change_num 37 xfer_secondary_pool(64): pool_sig fffffed6, data_sig 00000000, bytes_mixed 0 8ca62387 b120332c
[    2.280943] random 0000 0000 0000 8ca62387 b120332c: trying to extract 512 bits from nonblocking
[    2.280946] random 0000 0000 0000 8ca62387 b120332c: debiting 512 entropy credits from nonblocking (unlimited)
[    2.280950] random 0000 0000 0000 8ca62387 b120332c: extract_entropy account returned: 64 
[    2.280954] random 0000 0000 0000 8ca62387 b120332c: urand_change_num 38 extract_buf: pool_sig fffffed6, data_sig fffffeb6, bytes_mixed 20 8ca62387 b120332c
[    2.280960] random 0000 0000 0000 90702413 e2a66c2e: urand_change_num 39 extract_buf: pool_sig fffffbb0, data_sig 0000012e, bytes_mixed 20 90702413 e2a66c2e
[    2.280966] random 0000 0000 0000 90702413 e2a66c2e: urand_change_num 40 extract_buf: pool_sig fffffaf1, data_sig ffffff3c, bytes_mixed 20 90702413 e2a66c2e
[    2.280972] random 0000 0000 0000 3f58038b c77aecb6: urand_change_num 41 extract_buf: pool_sig 00000234, data_sig fffffdec, bytes_mixed 20 3f58038b c77aecb6
[    2.280978] random 0000 0000 0000 47187b9d 03f21510: urand_change_num 42 extract_buf: pool_sig 00000192, data_sig 00000075, bytes_mixed 20 47187b9d 03f21510
[    2.280984] random 0000 0000 0000 47187b9d 03f21510: urand_change_num 43 extract_buf: pool_sig 0000018e, data_sig ffffffbf, bytes_mixed 20 47187b9d 03f21510
[    2.280990] random 0000 0000 0000 3180b1fc 0fa9c973: urand_change_num 44 extract_buf: pool_sig fffffecf, data_sig ffffff2a, bytes_mixed 20 3180b1fc 0fa9c973
[    2.280994] BEGIN NET_SECRET:
[    2.280996] \xffffff87
[    2.280997] \xffffff8d
[    2.280999] \xfffffff4
[    2.281001] \xffffffae
[    2.281003] \xffffffc3
[    2.281005] \xffffffb7
[    2.281006] \x31
[    2.281008] \x65
[    2.281010] \xffffffda
[    2.281011] \xffffffa2
[    2.281013] \x31
[    2.281014] \xffffffc8
[    2.281016] \xffffffa9
[    2.281017] \x76
[    2.281019] \x76
[    2.281021] \xffffff90
[    2.281022] \x55
[    2.281024] \xfffffff3
[    2.281025] \xffffffb1
[    2.281027] \x3
[    2.281029] \xffffffb3
[    2.281030] \xffffffa7
[    2.281032] \x5a
[    2.281033] \x71
[    2.281035] \x70
[    2.281037] \xffffff8c
[    2.281038] \x56
[    2.281040] \x25
[    2.281041] \xffffffe1
[    2.281043] \x4c
[    2.281045] \xffffffe6
[    2.281046] \xffffff95
[    2.281048] \x67
[    2.281049] \x4c
[    2.281051] \xffffffb9
[    2.281053] \x1d
[    2.281054] \xe
[    2.281056] \x34
[    2.281058] \xffffffbe
[    2.281059] \x12
[    2.281061] \x5
[    2.281063] \xffffff98
[    2.281064] \xffffffa0
[    2.281066] \xf
[    2.281067] \xffffffb2
[    2.281069] \xffffffde
[    2.281070] \xffffff99
[    2.281072] \xf
[    2.281074] \xffffffe8
[    2.281075] \xffffffc8
[    2.281077] \x1f
[    2.281078] \x54
[    2.281080] \x2c
[    2.281081] \xffffffee
[    2.281083] \x2e
[    2.281084] \x0
[    2.281086] \xffffff95
[    2.281087] \x0
[    2.281089] \xffffffe3
[    2.281091] \xffffffa7
[    2.281092] \xfffffffd
[    2.281094] \x66
[    2.281095] \xffffff92
[    2.281097] \xfffffff0
[    2.281098] 
[    2.281099] END NET_SECRET
[    2.281104] random 0000 0000 0000 3180b1fc 0fa9c973: rand_read_num 10 get_random_bytes(4): sig ffffff46 3180b1fc 0fa9c973
[    2.281107] random 0000 0000 0000 3180b1fc 0fa9c973: extract_entropy(.. 4 ..)
[    2.281110] random 0000 0000 0000 3180b1fc 0fa9c973: going to reseed nonblocking with 64 bits (32 of 0 requested)
[    2.281113] random 0000 0000 0000 3180b1fc 0fa9c973: extract_entropy(.. 8 ..)
[    2.281116] random 0000 0000 0000 3180b1fc 0fa9c973: trying to extract 64 bits from input
[    2.281119] random 0000 0000 0000 3180b1fc 0fa9c973: debiting 0 entropy credits from input
[    2.281122] random 0000 0000 0000 3180b1fc 0fa9c973: extract_entropy account returned: 0 
[    2.281127] random 0000 0000 0000 3180b1fc 0fa9c973: urand_change_num 45 xfer_secondary_pool(4): pool_sig ffffff46, data_sig 00000000, bytes_mixed 0 3180b1fc 0fa9c973
[    2.281131] random 0000 0000 0000 3180b1fc 0fa9c973: trying to extract 32 bits from nonblocking
[    2.281134] random 0000 0000 0000 3180b1fc 0fa9c973: debiting 32 entropy credits from nonblocking (unlimited)
[    2.281137] random 0000 0000 0000 3180b1fc 0fa9c973: extract_entropy account returned: 4 
[    2.281141] random 0000 0000 0000 3180b1fc 0fa9c973: urand_change_num 46 extract_buf: pool_sig ffffff46, data_sig 0000001b, bytes_mixed 20 3180b1fc 0fa9c973
[    2.451406] ata2.00: ATAPI: VMware Virtual IDE CDROM Drive, 00000001, max UDMA/33
[    2.451710] ata2.00: configured for UDMA/33
[    2.452006] scsi 1:0:0:0: CD-ROM            NECVMWar VMware IDE CDR10 1.00 PQ: 0 ANSI: 5
[    2.453224] sr0: scsi3-mmc drive: 306x/306x cd/rw xa/form2 cdda tray
[    2.453228] Uniform CD-ROM driver Revision: 3.20
[    2.453276] sr 1:0:0:0: Attached scsi CD-ROM sr0
[    2.453315] sr 1:0:0:0: Attached scsi generic sg0 type 5
[    2.453354] Freeing unused kernel memory: 652k freed
[    2.453402] Write protecting the kernel text: 4840k
[    2.453433] Write protecting the kernel read-only data: 1968k
[    2.453515] random 0000 0000 0000 38974d2b 1d8d6de0: rand_read_num 11 get_random_bytes(16): sig 000001c6 38974d2b 1d8d6de0
