[    0.000000] random 0000 0000 0000 00000000 00000000: rand_read_num 1 get_random_bytes(8): sig 00000000 00000000 00000000
[    0.000000] random 0000 0000 0000 00000000 00000000: extract_entropy(.. 8 ..)
[    0.000000] random 0000 0000 0000 00000000 00000000: going to reseed nonblocking with 64 bits (64 of 0 requested)
[    0.000000] random 0000 0000 0000 00000000 00000000: extract_entropy(.. 8 ..)
[    0.000000] random 0000 0000 0000 00000000 00000000: trying to extract 64 bits from input
[    0.000000] random 0000 0000 0000 00000000 00000000: debiting 0 entropy credits from input
[    0.000000] random 0000 0000 0000 00000000 00000000: extract_entropy account returned: 0 
[    0.000000] random 0000 0000 0000 00000000 00000000: urand_change_num 1 xfer_secondary_pool(8): pool_sig 00000000, data_sig 00000000, bytes_mixed 0 00000000 00000000
[    0.000000] random 0000 0000 0000 00000000 00000000: trying to extract 64 bits from nonblocking
[    0.000000] random 0000 0000 0000 00000000 00000000: debiting 64 entropy credits from nonblocking (unlimited)
[    0.000000] random 0000 0000 0000 00000000 00000000: extract_entropy account returned: 8 
[    0.000000] random 0000 0000 0000 00000000 00000000: urand_change_num 2 extract_buf: pool_sig 00000000, data_sig fffffff9, bytes_mixed 20 00000000 00000000
[    0.000000] Initializing cgroup subsys cpuset
[    0.000000] Initializing cgroup subsys cpu
[    0.000000] Linux version 2.6.32.57 (dcashman@ubuntu) (gcc version 4.6.3 (Ubuntu/Linaro 4.6.3-1ubuntu5) ) #4 SMP Fri May 24 11:09:26 PDT 2013
[    0.000000] KERNEL supported cpus:
[    0.000000]   Intel GenuineIntel
[    0.000000]   AMD AuthenticAMD
[    0.000000]   NSC Geode by NSC
[    0.000000]   Cyrix CyrixInstead
[    0.000000]   Centaur CentaurHauls
[    0.000000]   Transmeta GenuineTMx86
[    0.000000]   Transmeta TransmetaCPU
[    0.000000]   UMC UMC UMC UMC
[    0.000000] BIOS-provided physical RAM map:
[    0.000000]  BIOS-e820: 0000000000000000 - 000000000009f000 (usable)
[    0.000000]  BIOS-e820: 000000000009f000 - 00000000000a0000 (reserved)
[    0.000000]  BIOS-e820: 00000000000ca000 - 00000000000cc000 (reserved)
[    0.000000]  BIOS-e820: 00000000000dc000 - 0000000000100000 (reserved)
[    0.000000]  BIOS-e820: 0000000000100000 - 000000003fee0000 (usable)
[    0.000000]  BIOS-e820: 000000003fee0000 - 000000003feff000 (ACPI data)
[    0.000000]  BIOS-e820: 000000003feff000 - 000000003ff00000 (ACPI NVS)
[    0.000000]  BIOS-e820: 000000003ff00000 - 0000000040000000 (usable)
[    0.000000]  BIOS-e820: 00000000e0000000 - 00000000f0000000 (reserved)
[    0.000000]  BIOS-e820: 00000000fec00000 - 00000000fec10000 (reserved)
[    0.000000]  BIOS-e820: 00000000fee00000 - 00000000fee01000 (reserved)
[    0.000000]  BIOS-e820: 00000000fffe0000 - 0000000100000000 (reserved)
[    0.000000] DMI present.
[    0.000000] Phoenix BIOS detected: BIOS may corrupt low RAM, working around it.
[    0.000000] e820 update range: 0000000000000000 - 0000000000010000 (usable) ==> (reserved)
[    0.000000] last_pfn = 0x40000 max_arch_pfn = 0x1000000
[    0.000000] MTRR default type: uncachable
[    0.000000] MTRR fixed ranges enabled:
[    0.000000]   00000-9FFFF write-back
[    0.000000]   A0000-BFFFF uncachable
[    0.000000]   C0000-CBFFF write-protect
[    0.000000]   CC000-EFFFF uncachable
[    0.000000]   F0000-FFFFF write-protect
[    0.000000] MTRR variable ranges enabled:
[    0.000000]   0 base 0000000000 mask FFC0000000 write-back
[    0.000000]   1 disabled
[    0.000000]   2 disabled
[    0.000000]   3 disabled
[    0.000000]   4 disabled
[    0.000000]   5 disabled
[    0.000000]   6 disabled
[    0.000000]   7 disabled
[    0.000000] x86 PAT enabled: cpu 0, old 0x0, new 0x7010600070106
[    0.000000] Scanning 0 areas for low memory corruption
[    0.000000] modified physical RAM map:
[    0.000000]  modified: 0000000000000000 - 0000000000010000 (reserved)
[    0.000000]  modified: 0000000000010000 - 000000000009f000 (usable)
[    0.000000]  modified: 000000000009f000 - 00000000000a0000 (reserved)
[    0.000000]  modified: 00000000000ca000 - 00000000000cc000 (reserved)
[    0.000000]  modified: 00000000000dc000 - 0000000000100000 (reserved)
[    0.000000]  modified: 0000000000100000 - 000000003fee0000 (usable)
[    0.000000]  modified: 000000003fee0000 - 000000003feff000 (ACPI data)
[    0.000000]  modified: 000000003feff000 - 000000003ff00000 (ACPI NVS)
[    0.000000]  modified: 000000003ff00000 - 0000000040000000 (usable)
[    0.000000]  modified: 00000000e0000000 - 00000000f0000000 (reserved)
[    0.000000]  modified: 00000000fec00000 - 00000000fec10000 (reserved)
[    0.000000]  modified: 00000000fee00000 - 00000000fee01000 (reserved)
[    0.000000]  modified: 00000000fffe0000 - 0000000100000000 (reserved)
[    0.000000] initial memory mapped : 0 - 01e00000
[    0.000000] init_memory_mapping: 0000000000000000-00000000379fe000
[    0.000000] NX (Execute Disable) protection: active
[    0.000000]  0000000000 - 0000200000 page 4k
[    0.000000]  0000200000 - 0037800000 page 2M
[    0.000000]  0037800000 - 00379fe000 page 4k
[    0.000000] kernel direct mapping tables up to 379fe000 @ 10000-16000
[    0.000000] RAMDISK: 2dcfc000 - 32e758c3
[    0.000000] ACPI: RSDP 000f6b80 00024 (v02 PTLTD )
[    0.000000] ACPI: XSDT 3feed636 0005C (v01 INTEL  440BX    06040000 VMW  01324272)
[    0.000000] ACPI: FACP 3fefee98 000F4 (v04 INTEL  440BX    06040000 PTL  000F4240)
[    0.000000] ACPI: DSDT 3feee366 10B32 (v01 PTLTD  Custom   06040000 MSFT 03000001)
[    0.000000] ACPI: FACS 3fefffc0 00040
[    0.000000] ACPI: BOOT 3feee33e 00028 (v01 PTLTD  $SBFTBL$ 06040000  LTP 00000001)
[    0.000000] ACPI: APIC 3feedc3e 003C2 (v01 PTLTD  ? APIC   06040000  LTP 00000000)
[    0.000000] ACPI: MCFG 3feedc02 0003C (v01 PTLTD  $PCITBL$ 06040000  LTP 00000001)
[    0.000000] ACPI: SRAT 3feed732 004D0 (v02 VMWARE MEMPLUG  06040000 VMW  00000001)
[    0.000000] ACPI: HPET 3feed6fa 00038 (v01 VMWARE VMW HPET 06040000 VMW  00000001)
[    0.000000] ACPI: WAET 3feed6d2 00028 (v01 VMWARE VMW WAET 06040000 VMW  00000001)
[    0.000000] ACPI: Local APIC address 0xfee00000
[    0.000000] 134MB HIGHMEM available.
[    0.000000] 889MB LOWMEM available.
[    0.000000]   mapped low ram: 0 - 379fe000
[    0.000000]   low ram: 0 - 379fe000
[    0.000000]   node 0 low ram: 00000000 - 379fe000
[    0.000000]   node 0 bootmap 00012000 - 00018f40
[    0.000000] (9 early reservations) ==> bootmem [0000000000 - 00379fe000]
[    0.000000]   #0 [0000000000 - 0000001000]   BIOS data page ==> [0000000000 - 0000001000]
[    0.000000]   #1 [0000001000 - 0000002000]    EX TRAMPOLINE ==> [0000001000 - 0000002000]
[    0.000000]   #2 [0000006000 - 0000007000]       TRAMPOLINE ==> [0000006000 - 0000007000]
[    0.000000]   #3 [0001000000 - 0001a75ff8]    TEXT DATA BSS ==> [0001000000 - 0001a75ff8]
[    0.000000]   #4 [002dcfc000 - 0032e758c3]          RAMDISK ==> [002dcfc000 - 0032e758c3]
[    0.000000]   #5 [000009f000 - 0000100000]    BIOS reserved ==> [000009f000 - 0000100000]
[    0.000000]   #6 [0001a76000 - 0001a851c0]              BRK ==> [0001a76000 - 0001a851c0]
[    0.000000]   #7 [0000010000 - 0000012000]          PGTABLE ==> [0000010000 - 0000012000]
[    0.000000]   #8 [0000012000 - 0000019000]          BOOTMAP ==> [0000012000 - 0000019000]
[    0.000000] found SMP MP-table at [c00f6bf0] f6bf0
[    0.000000] Zone PFN ranges:
[    0.000000]   DMA      0x00000010 -> 0x00001000
[    0.000000]   Normal   0x00001000 -> 0x000379fe
[    0.000000]   HighMem  0x000379fe -> 0x00040000
[    0.000000] Movable zone start PFN for each node
[    0.000000] early_node_map[3] active PFN ranges
[    0.000000]     0: 0x00000010 -> 0x0000009f
[    0.000000]     0: 0x00000100 -> 0x0003fee0
[    0.000000]     0: 0x0003ff00 -> 0x00040000
[    0.000000] On node 0 totalpages: 261999
[    0.000000] free_area_init_node: node 0, pgdat c1715200, node_mem_map c1a87200
[    0.000000]   DMA zone: 32 pages used for memmap
[    0.000000]   DMA zone: 0 pages reserved
[    0.000000]   DMA zone: 3951 pages, LIFO batch:0
[    0.000000]   Normal zone: 1748 pages used for memmap
[    0.000000]   Normal zone: 221994 pages, LIFO batch:31
[    0.000000]   HighMem zone: 269 pages used for memmap
[    0.000000]   HighMem zone: 34005 pages, LIFO batch:7
[    0.000000] Using APIC driver default
[    0.000000] ACPI: PM-Timer IO Port: 0x1008
[    0.000000] ACPI: Local APIC address 0xfee00000
[    0.000000] ACPI: LAPIC (acpi_id[0x00] lapic_id[0x00] enabled)
[    0.000000] ACPI: LAPIC (acpi_id[0x01] lapic_id[0x02] disabled)
[    0.000000] ACPI: LAPIC (acpi_id[0x02] lapic_id[0x04] disabled)
[    0.000000] ACPI: LAPIC (acpi_id[0x03] lapic_id[0x06] disabled)
[    0.000000] ACPI: LAPIC (acpi_id[0x04] lapic_id[0x08] disabled)
[    0.000000] ACPI: LAPIC (acpi_id[0x05] lapic_id[0x0a] disabled)
[    0.000000] ACPI: LAPIC (acpi_id[0x06] lapic_id[0x0c] disabled)
[    0.000000] ACPI: LAPIC (acpi_id[0x07] lapic_id[0x0e] disabled)
[    0.000000] ACPI: LAPIC (acpi_id[0x08] lapic_id[0x10] disabled)
[    0.000000] ACPI: LAPIC (acpi_id[0x09] lapic_id[0x12] disabled)
[    0.000000] ACPI: LAPIC (acpi_id[0x0a] lapic_id[0x14] disabled)
[    0.000000] ACPI: LAPIC (acpi_id[0x0b] lapic_id[0x16] disabled)
[    0.000000] ACPI: LAPIC (acpi_id[0x0c] lapic_id[0x18] disabled)
[    0.000000] ACPI: LAPIC (acpi_id[0x0d] lapic_id[0x1a] disabled)
[    0.000000] ACPI: LAPIC (acpi_id[0x0e] lapic_id[0x1c] disabled)
[    0.000000] ACPI: LAPIC (acpi_id[0x0f] lapic_id[0x1e] disabled)
[    0.000000] ACPI: LAPIC (acpi_id[0x10] lapic_id[0x20] disabled)
[    0.000000] ACPI: LAPIC (acpi_id[0x11] lapic_id[0x22] disabled)
[    0.000000] ACPI: LAPIC (acpi_id[0x12] lapic_id[0x24] disabled)
[    0.000000] ACPI: LAPIC (acpi_id[0x13] lapic_id[0x26] disabled)
[    0.000000] ACPI: LAPIC (acpi_id[0x14] lapic_id[0x28] disabled)
[    0.000000] ACPI: LAPIC (acpi_id[0x15] lapic_id[0x2a] disabled)
[    0.000000] ACPI: LAPIC (acpi_id[0x16] lapic_id[0x2c] disabled)
[    0.000000] ACPI: LAPIC (acpi_id[0x17] lapic_id[0x2e] disabled)
[    0.000000] ACPI: LAPIC (acpi_id[0x18] lapic_id[0x30] disabled)
[    0.000000] ACPI: LAPIC (acpi_id[0x19] lapic_id[0x32] disabled)
[    0.000000] ACPI: LAPIC (acpi_id[0x1a] lapic_id[0x34] disabled)
[    0.000000] ACPI: LAPIC (acpi_id[0x1b] lapic_id[0x36] disabled)
[    0.000000] ACPI: LAPIC (acpi_id[0x1c] lapic_id[0x38] disabled)
[    0.000000] ACPI: LAPIC (acpi_id[0x1d] lapic_id[0x3a] disabled)
[    0.000000] ACPI: LAPIC (acpi_id[0x1e] lapic_id[0x3c] disabled)
[    0.000000] ACPI: LAPIC (acpi_id[0x1f] lapic_id[0x3e] disabled)
[    0.000000] ACPI: LAPIC (acpi_id[0x20] lapic_id[0x40] disabled)
[    0.000000] ACPI: LAPIC (acpi_id[0x21] lapic_id[0x42] disabled)
[    0.000000] ACPI: LAPIC (acpi_id[0x22] lapic_id[0x44] disabled)
[    0.000000] ACPI: LAPIC (acpi_id[0x23] lapic_id[0x46] disabled)
[    0.000000] ACPI: LAPIC (acpi_id[0x24] lapic_id[0x48] disabled)
[    0.000000] ACPI: LAPIC (acpi_id[0x25] lapic_id[0x4a] disabled)
[    0.000000] ACPI: LAPIC (acpi_id[0x26] lapic_id[0x4c] disabled)
[    0.000000] ACPI: LAPIC (acpi_id[0x27] lapic_id[0x4e] disabled)
[    0.000000] ACPI: LAPIC (acpi_id[0x28] lapic_id[0x50] disabled)
[    0.000000] ACPI: LAPIC (acpi_id[0x29] lapic_id[0x52] disabled)
[    0.000000] ACPI: LAPIC (acpi_id[0x2a] lapic_id[0x54] disabled)
[    0.000000] ACPI: LAPIC (acpi_id[0x2b] lapic_id[0x56] disabled)
[    0.000000] ACPI: LAPIC (acpi_id[0x2c] lapic_id[0x58] disabled)
[    0.000000] ACPI: LAPIC (acpi_id[0x2d] lapic_id[0x5a] disabled)
[    0.000000] ACPI: LAPIC (acpi_id[0x2e] lapic_id[0x5c] disabled)
[    0.000000] ACPI: LAPIC (acpi_id[0x2f] lapic_id[0x5e] disabled)
[    0.000000] ACPI: LAPIC (acpi_id[0x30] lapic_id[0x60] disabled)
[    0.000000] ACPI: LAPIC (acpi_id[0x31] lapic_id[0x62] disabled)
[    0.000000] ACPI: LAPIC (acpi_id[0x32] lapic_id[0x64] disabled)
[    0.000000] ACPI: LAPIC (acpi_id[0x33] lapic_id[0x66] disabled)
[    0.000000] ACPI: LAPIC (acpi_id[0x34] lapic_id[0x68] disabled)
[    0.000000] ACPI: LAPIC (acpi_id[0x35] lapic_id[0x6a] disabled)
[    0.000000] ACPI: LAPIC (acpi_id[0x36] lapic_id[0x6c] disabled)
[    0.000000] ACPI: LAPIC (acpi_id[0x37] lapic_id[0x6e] disabled)
[    0.000000] ACPI: LAPIC (acpi_id[0x38] lapic_id[0x70] disabled)
[    0.000000] ACPI: LAPIC (acpi_id[0x39] lapic_id[0x72] disabled)
[    0.000000] ACPI: LAPIC (acpi_id[0x3a] lapic_id[0x74] disabled)
[    0.000000] ACPI: LAPIC (acpi_id[0x3b] lapic_id[0x76] disabled)
[    0.000000] ACPI: LAPIC (acpi_id[0x3c] lapic_id[0x78] disabled)
[    0.000000] ACPI: LAPIC (acpi_id[0x3d] lapic_id[0x7a] disabled)
[    0.000000] ACPI: LAPIC (acpi_id[0x3e] lapic_id[0x7c] disabled)
[    0.000000] ACPI: LAPIC (acpi_id[0x3f] lapic_id[0x7e] disabled)
[    0.000000] ACPI: LAPIC_NMI (acpi_id[0x00] high edge lint[0x1])
[    0.000000] ACPI: LAPIC_NMI (acpi_id[0x01] high edge lint[0x1])
[    0.000000] ACPI: LAPIC_NMI (acpi_id[0x02] high edge lint[0x1])
[    0.000000] ACPI: LAPIC_NMI (acpi_id[0x03] high edge lint[0x1])
[    0.000000] ACPI: LAPIC_NMI (acpi_id[0x04] high edge lint[0x1])
[    0.000000] ACPI: LAPIC_NMI (acpi_id[0x05] high edge lint[0x1])
[    0.000000] ACPI: LAPIC_NMI (acpi_id[0x06] high edge lint[0x1])
[    0.000000] ACPI: LAPIC_NMI (acpi_id[0x07] high edge lint[0x1])
[    0.000000] ACPI: LAPIC_NMI (acpi_id[0x08] high edge lint[0x1])
[    0.000000] ACPI: LAPIC_NMI (acpi_id[0x09] high edge lint[0x1])
[    0.000000] ACPI: LAPIC_NMI (acpi_id[0x0a] high edge lint[0x1])
[    0.000000] ACPI: LAPIC_NMI (acpi_id[0x0b] high edge lint[0x1])
[    0.000000] ACPI: LAPIC_NMI (acpi_id[0x0c] high edge lint[0x1])
[    0.000000] ACPI: LAPIC_NMI (acpi_id[0x0d] high edge lint[0x1])
[    0.000000] ACPI: LAPIC_NMI (acpi_id[0x0e] high edge lint[0x1])
[    0.000000] ACPI: LAPIC_NMI (acpi_id[0x0f] high edge lint[0x1])
[    0.000000] ACPI: LAPIC_NMI (acpi_id[0x10] high edge lint[0x1])
[    0.000000] ACPI: LAPIC_NMI (acpi_id[0x11] high edge lint[0x1])
[    0.000000] ACPI: LAPIC_NMI (acpi_id[0x12] high edge lint[0x1])
[    0.000000] ACPI: LAPIC_NMI (acpi_id[0x13] high edge lint[0x1])
[    0.000000] ACPI: LAPIC_NMI (acpi_id[0x14] high edge lint[0x1])
[    0.000000] ACPI: LAPIC_NMI (acpi_id[0x15] high edge lint[0x1])
[    0.000000] ACPI: LAPIC_NMI (acpi_id[0x16] high edge lint[0x1])
[    0.000000] ACPI: LAPIC_NMI (acpi_id[0x17] high edge lint[0x1])
[    0.000000] ACPI: LAPIC_NMI (acpi_id[0x18] high edge lint[0x1])
[    0.000000] ACPI: LAPIC_NMI (acpi_id[0x19] high edge lint[0x1])
[    0.000000] ACPI: LAPIC_NMI (acpi_id[0x1a] high edge lint[0x1])
[    0.000000] ACPI: LAPIC_NMI (acpi_id[0x1b] high edge lint[0x1])
[    0.000000] ACPI: LAPIC_NMI (acpi_id[0x1c] high edge lint[0x1])
[    0.000000] ACPI: LAPIC_NMI (acpi_id[0x1d] high edge lint[0x1])
[    0.000000] ACPI: LAPIC_NMI (acpi_id[0x1e] high edge lint[0x1])
[    0.000000] ACPI: LAPIC_NMI (acpi_id[0x1f] high edge lint[0x1])
[    0.000000] ACPI: LAPIC_NMI (acpi_id[0x20] high edge lint[0x1])
[    0.000000] ACPI: LAPIC_NMI (acpi_id[0x21] high edge lint[0x1])
[    0.000000] ACPI: LAPIC_NMI (acpi_id[0x22] high edge lint[0x1])
[    0.000000] ACPI: LAPIC_NMI (acpi_id[0x23] high edge lint[0x1])
[    0.000000] ACPI: LAPIC_NMI (acpi_id[0x24] high edge lint[0x1])
[    0.000000] ACPI: LAPIC_NMI (acpi_id[0x25] high edge lint[0x1])
[    0.000000] ACPI: LAPIC_NMI (acpi_id[0x26] high edge lint[0x1])
[    0.000000] ACPI: LAPIC_NMI (acpi_id[0x27] high edge lint[0x1])
[    0.000000] ACPI: LAPIC_NMI (acpi_id[0x28] high edge lint[0x1])
[    0.000000] ACPI: LAPIC_NMI (acpi_id[0x29] high edge lint[0x1])
[    0.000000] ACPI: LAPIC_NMI (acpi_id[0x2a] high edge lint[0x1])
[    0.000000] ACPI: LAPIC_NMI (acpi_id[0x2b] high edge lint[0x1])
[    0.000000] ACPI: LAPIC_NMI (acpi_id[0x2c] high edge lint[0x1])
[    0.000000] ACPI: LAPIC_NMI (acpi_id[0x2d] high edge lint[0x1])
[    0.000000] ACPI: LAPIC_NMI (acpi_id[0x2e] high edge lint[0x1])
[    0.000000] ACPI: LAPIC_NMI (acpi_id[0x2f] high edge lint[0x1])
[    0.000000] ACPI: LAPIC_NMI (acpi_id[0x30] high edge lint[0x1])
[    0.000000] ACPI: LAPIC_NMI (acpi_id[0x31] high edge lint[0x1])
[    0.000000] ACPI: LAPIC_NMI (acpi_id[0x32] high edge lint[0x1])
[    0.000000] ACPI: LAPIC_NMI (acpi_id[0x33] high edge lint[0x1])
[    0.000000] ACPI: LAPIC_NMI (acpi_id[0x34] high edge lint[0x1])
[    0.000000] ACPI: LAPIC_NMI (acpi_id[0x35] high edge lint[0x1])
[    0.000000] ACPI: LAPIC_NMI (acpi_id[0x36] high edge lint[0x1])
[    0.000000] ACPI: LAPIC_NMI (acpi_id[0x37] high edge lint[0x1])
[    0.000000] ACPI: LAPIC_NMI (acpi_id[0x38] high edge lint[0x1])
[    0.000000] ACPI: LAPIC_NMI (acpi_id[0x39] high edge lint[0x1])
[    0.000000] ACPI: LAPIC_NMI (acpi_id[0x3a] high edge lint[0x1])
[    0.000000] ACPI: LAPIC_NMI (acpi_id[0x3b] high edge lint[0x1])
[    0.000000] ACPI: LAPIC_NMI (acpi_id[0x3c] high edge lint[0x1])
[    0.000000] ACPI: LAPIC_NMI (acpi_id[0x3d] high edge lint[0x1])
[    0.000000] ACPI: LAPIC_NMI (acpi_id[0x3e] high edge lint[0x1])
[    0.000000] ACPI: LAPIC_NMI (acpi_id[0x3f] high edge lint[0x1])
[    0.000000] ACPI: Skipping IOAPIC probe due to 'noapic' option.
[    0.000000] Using ACPI for processor (LAPIC) configuration information
[    0.000000] ACPI: HPET id: 0x8086af01 base: 0xfed00000
[    0.000000] Intel MultiProcessor Specification v1.4
[    0.000000]     Virtual Wire compatibility mode.
[    0.000000] MPTABLE: OEM ID: INTEL   
[    0.000000] MPTABLE: Product ID: 440BX       
[    0.000000] MPTABLE: APIC at: 0xFEE00000
[    0.000000] I/O APIC #1 Version 17 at 0xFEC00000.
[    0.000000] Processors: 1
[    0.000000] 64 Processors exceeds NR_CPUS limit of 8
[    0.000000] SMP: Allowing 8 CPUs, 7 hotplug CPUs
[    0.000000] nr_irqs_gsi: 24
[    0.000000] PM: Registered nosave memory: 000000000009f000 - 00000000000a0000
[    0.000000] PM: Registered nosave memory: 00000000000a0000 - 00000000000ca000
[    0.000000] PM: Registered nosave memory: 00000000000ca000 - 00000000000cc000
[    0.000000] PM: Registered nosave memory: 00000000000cc000 - 00000000000dc000
[    0.000000] PM: Registered nosave memory: 00000000000dc000 - 0000000000100000
[    0.000000] Allocating PCI resources starting at 40000000 (gap: 40000000:a0000000)
[    0.000000] Booting paravirtualized kernel on bare hardware
[    0.000000] NR_CPUS:8 nr_cpumask_bits:8 nr_cpu_ids:8 nr_node_ids:1
[    0.000000] PERCPU: Embedded 15 pages/cpu @c2400000 s39320 r0 d22120 u262144
[    0.000000] pcpu-alloc: s39320 r0 d22120 u262144 alloc=1*2097152
[    0.000000] pcpu-alloc: [0] 0 1 2 3 4 5 6 7 
[    0.000000] Built 1 zonelists in Zone order, mobility grouping on.  Total pages: 259950
[    0.000000] Kernel command line: BOOT_IMAGE=/boot/vmlinuz-2.6.32.57 root=UUID=007b598c-390d-4c65-84a1-4ff752d48633 ro quiet splash maxcpus=0
[    0.000000] PID hash table entries: 4096 (order: 2, 16384 bytes)
[    0.000000] Dentry cache hash table entries: 131072 (order: 7, 524288 bytes)
[    0.000000] Inode-cache hash table entries: 65536 (order: 6, 262144 bytes)
[    0.000000] Enabling fast FPU save and restore... done.
[    0.000000] Enabling unmasked SIMD FPU exception support... done.
[    0.000000] Initializing CPU#0
[    0.000000] xsave/xrstor: enabled xstate_bv 0x7, cntxt size 0x340
[    0.000000] allocated 5242560 bytes of page_cgroup
[    0.000000] please try 'cgroup_disable=memory' option if you don't want memory cgroups
[    0.000000] Initializing HighMem for node 0 (000379fe:00040000)
[    0.000000] Memory: 938260k/1048576k available (4839k kernel code, 108848k reserved, 2518k data, 652k init, 137096k highmem)
[    0.000000] virtual kernel memory layout:
[    0.000000]     fixmap  : 0xfff1e000 - 0xfffff000   ( 900 kB)
[    0.000000]     pkmap   : 0xffa00000 - 0xffc00000   (2048 kB)
[    0.000000]     vmalloc : 0xf81fe000 - 0xff9fe000   ( 120 MB)
[    0.000000]     lowmem  : 0xc0000000 - 0xf79fe000   ( 889 MB)
[    0.000000]       .init : 0xc1730000 - 0xc17d3000   ( 652 kB)
[    0.000000]       .data : 0xc14b9cce - 0xc172f764   (2518 kB)
[    0.000000]       .text : 0xc1000000 - 0xc14b9cce   (4839 kB)
[    0.000000] Checking if this processor honours the WP bit even in supervisor mode...Ok.
[    0.000000] SLUB: Genslabs=13, HWalign=64, Order=0-3, MinObjects=0, CPUs=8, Nodes=1
[    0.000000] Hierarchical RCU implementation.
[    0.000000] NR_IRQS:2304 nr_irqs:472
[    0.000000] Extended CMOS year: 2000
[    0.000000] Console: colour VGA+ 80x25
[    0.000000] console [tty0] enabled
[    0.000000] hpet clockevent registered
[    0.000000] TSC freq read from hypervisor : 2394.620 MHz
[    0.000000] Detected 2394.620 MHz processor.
[    0.000002] Calibrating delay loop (skipped) preset value.. 4789.24 BogoMIPS (lpj=9578480)
[    0.000011] Security Framework initialized
[    0.000014] SELinux:  Disabled at boot.
[    0.000018] Mount-cache hash table entries: 512
[    0.000115] Initializing cgroup subsys cpuacct
[    0.000118] Initializing cgroup subsys memory
[    0.000122] Initializing cgroup subsys devices
[    0.000123] Initializing cgroup subsys freezer
[    0.000149] CPU: Physical Processor ID: 0
[    0.000156] CPU: L1 I cache: 32K, L1 D cache: 32K
[    0.000157] CPU: L2 cache: 256K
[    0.000158] CPU: L3 cache: 4096K
[    0.000163] mce: CPU supports 0 MCE banks
[    0.000174] Performance Events: no PMU driver, software events only.
[    0.000184] Checking 'hlt' instruction... OK.
[    0.021096] SMP alternatives: switching to UP code
[    0.035397] ACPI: Core revision 20090903
[    0.041891] ACPI: setting ELCR to 0200 (from 0e20)
[    0.043553] ftrace: converting mcount calls to 0f 1f 44 00 00
[    0.043559] ftrace: allocating 22631 entries in 45 pages
[    0.061181] CANARY value: 12abc28a for PID: 1
[    0.061249] Not enabling x2apic, Intr-remapping init failed.
[    0.061251] Enabling APIC mode:  Flat.  Using 1 I/O APICs
[    0.061272] SMP mode deactivated.
[    0.061297] SMP disabled
[    0.061355] Brought up 1 CPUs
[    0.061356] Total of 1 processors activated (4789.24 BogoMIPS).
[    0.061360] CPU0 attaching NULL sched-domain.
[    0.061430] devtmpfs: initialized
[    0.061537] sysctl table check failed: /kernel/random/now_input .1.40.7 Unknown sysctl binary path
[    0.061917] Pid: 1, comm: swapper Not tainted 2.6.32.57 #4
[    0.061919] Call Trace:
[    0.061924]  [<c14a8a0e>] ? printk+0x1d/0x1f
[    0.061928]  [<c107b56f>] set_fail+0x4f/0x60
[    0.061929]  [<c107b8b3>] sysctl_check_table+0x333/0x620
[    0.061931]  [<c107b8cc>] sysctl_check_table+0x34c/0x620
[    0.061933]  [<c107b8cc>] sysctl_check_table+0x34c/0x620
[    0.061937]  [<c1746d48>] sysctl_init+0x25/0x29
[    0.061939]  [<c1003042>] do_one_initcall+0x32/0x1a0
[    0.061941]  [<c1746d23>] ? sysctl_init+0x0/0x29
[    0.061944]  [<c17308e7>] kernel_init+0x12d/0x17a
[    0.061946]  [<c17307ba>] ? kernel_init+0x0/0x17a
[    0.061948]  [<c1009b07>] kernel_thread_helper+0x7/0x10
[    0.061951] sysctl table check failed: /kernel/random/now_blocking .1.40.8 Unknown sysctl binary path
[    0.062196] Pid: 1, comm: swapper Not tainted 2.6.32.57 #4
[    0.062197] Call Trace:
[    0.062198]  [<c14a8a0e>] ? printk+0x1d/0x1f
[    0.062200]  [<c107b56f>] set_fail+0x4f/0x60
[    0.062202]  [<c107b8b3>] sysctl_check_table+0x333/0x620
[    0.062203]  [<c107b8cc>] sysctl_check_table+0x34c/0x620
[    0.062205]  [<c107b8cc>] sysctl_check_table+0x34c/0x620
[    0.062208]  [<c1746d48>] sysctl_init+0x25/0x29
[    0.062209]  [<c1003042>] do_one_initcall+0x32/0x1a0
[    0.062211]  [<c1746d23>] ? sysctl_init+0x0/0x29
[    0.062213]  [<c17308e7>] kernel_init+0x12d/0x17a
[    0.062215]  [<c17307ba>] ? kernel_init+0x0/0x17a
[    0.062216]  [<c1009b07>] kernel_thread_helper+0x7/0x10
[    0.062218] sysctl table check failed: /kernel/random/now_nonblocking .1.40.9 Unknown sysctl binary path
[    0.062464] Pid: 1, comm: swapper Not tainted 2.6.32.57 #4
[    0.062465] Call Trace:
[    0.062467]  [<c14a8a0e>] ? printk+0x1d/0x1f
[    0.062468]  [<c107b56f>] set_fail+0x4f/0x60
[    0.062470]  [<c107b8b3>] sysctl_check_table+0x333/0x620
[    0.062471]  [<c107b8cc>] sysctl_check_table+0x34c/0x620
[    0.062473]  [<c107b8cc>] sysctl_check_table+0x34c/0x620
[    0.062476]  [<c1746d48>] sysctl_init+0x25/0x29
[    0.062477]  [<c1003042>] do_one_initcall+0x32/0x1a0
[    0.062479]  [<c1746d23>] ? sysctl_init+0x0/0x29
[    0.062481]  [<c17308e7>] kernel_init+0x12d/0x17a
[    0.062482]  [<c17307ba>] ? kernel_init+0x0/0x17a
[    0.062484]  [<c1009b07>] kernel_thread_helper+0x7/0x10
[    0.062486] sysctl table check failed: /kernel/random/nb_input_bytes .1.40.10 Unknown sysctl binary path
[    0.062743] Pid: 1, comm: swapper Not tainted 2.6.32.57 #4
[    0.062743] Call Trace:
[    0.062745]  [<c14a8a0e>] ? printk+0x1d/0x1f
[    0.062747]  [<c107b56f>] set_fail+0x4f/0x60
[    0.062748]  [<c107b8b3>] sysctl_check_table+0x333/0x620
[    0.062750]  [<c107b8cc>] sysctl_check_table+0x34c/0x620
[    0.062752]  [<c107b8cc>] sysctl_check_table+0x34c/0x620
[    0.062754]  [<c1746d48>] sysctl_init+0x25/0x29
[    0.062756]  [<c1003042>] do_one_initcall+0x32/0x1a0
[    0.062758]  [<c1746d23>] ? sysctl_init+0x0/0x29
[    0.062759]  [<c17308e7>] kernel_init+0x12d/0x17a
[    0.062761]  [<c17307ba>] ? kernel_init+0x0/0x17a
[    0.062763]  [<c1009b07>] kernel_thread_helper+0x7/0x10
[    0.062764] sysctl table check failed: /kernel/random/nb_stir_count .1.40.11 Unknown sysctl binary path
[    0.063010] Pid: 1, comm: swapper Not tainted 2.6.32.57 #4
[    0.063011] Call Trace:
[    0.063012]  [<c14a8a0e>] ? printk+0x1d/0x1f
[    0.063014]  [<c107b56f>] set_fail+0x4f/0x60
[    0.063015]  [<c107b8b3>] sysctl_check_table+0x333/0x620
[    0.063017]  [<c107b8cc>] sysctl_check_table+0x34c/0x620
[    0.063019]  [<c107b8cc>] sysctl_check_table+0x34c/0x620
[    0.063021]  [<c1746d48>] sysctl_init+0x25/0x29
[    0.063023]  [<c1003042>] do_one_initcall+0x32/0x1a0
[    0.063025]  [<c1746d23>] ? sysctl_init+0x0/0x29
[    0.063027]  [<c17308e7>] kernel_init+0x12d/0x17a
[    0.063028]  [<c17307ba>] ? kernel_init+0x0/0x17a
[    0.063030]  [<c1009b07>] kernel_thread_helper+0x7/0x10
[    0.063031] sysctl table check failed: /kernel/random/nb_reentry_count .1.40.12 Unknown sysctl binary path
[    0.063279] Pid: 1, comm: swapper Not tainted 2.6.32.57 #4
[    0.063279] Call Trace:
[    0.063281]  [<c14a8a0e>] ? printk+0x1d/0x1f
[    0.063282]  [<c107b56f>] set_fail+0x4f/0x60
[    0.063284]  [<c107b8b3>] sysctl_check_table+0x333/0x620
[    0.063286]  [<c107b8cc>] sysctl_check_table+0x34c/0x620
[    0.063287]  [<c107b8cc>] sysctl_check_table+0x34c/0x620
[    0.063290]  [<c1746d48>] sysctl_init+0x25/0x29
[    0.063291]  [<c1003042>] do_one_initcall+0x32/0x1a0
[    0.063293]  [<c1746d23>] ? sysctl_init+0x0/0x29
[    0.063295]  [<c17308e7>] kernel_init+0x12d/0x17a
[    0.063297]  [<c17307ba>] ? kernel_init+0x0/0x17a
[    0.063298]  [<c1009b07>] kernel_thread_helper+0x7/0x10
[    0.063427] RANDOM - __seed init called.
[    0.063428] RANDOM - __seed init called.
[    0.063429] RANDOM - __seed init called.
[    0.063430] RANDOM - __random32 called. Change num 1.  Value: 865378fd	b53d80db	1f8ba37e
[    0.063432] RANDOM - __random32 called. Change num 2.  Value: 378fdd29	53d80db0	46fc7ad7
[    0.063433] RANDOM - __random32 called. Change num 3.  Value: fdd29985	3d80db0e	f5ae23f5
[    0.063434] RANDOM - __random32 called. Change num 4.  Value: 299855dc	d80db0e5	47eb1be7
[    0.063436] RANDOM - __random32 called. Change num 5.  Value: 855dc464	80db0e5c	37cf1678
[    0.063437] RANDOM - __random32 called. Change num 6.  Value: dc4647ba	db0e5c1	2cf136f4
[    0.063438] RANDOM - random32 init called.  Value: dc4647ba	db0e5c1	2cf136f4
[    0.063445] regulator: core version 0.5
[    0.063510] Time: 21:23:25  Date: 05/24/13
[    0.063556] NET: Registered protocol family 16
[    0.063624] EISA bus registered
[    0.064400] ACPI: bus type pci registered
[    0.064685] PCI: MCFG configuration 0: base e0000000 segment 0 buses 0 - 255
[    0.064688] PCI: MCFG area at e0000000 reserved in E820
[    0.064688] PCI: Using MMCONFIG for extended config space
[    0.064690] PCI: Using configuration type 1 for base access
[    0.065257] bio: create slab <bio-0> at 0
[    0.066495] ACPI: EC: Look up EC in DSDT
[    0.108469] ACPI: BIOS _OSI(Linux) query ignored
[    0.115109] ACPI: Interpreter enabled
[    0.115114] ACPI: (supports S0 S1 S4 S5)
[    0.115127] ACPI: Using PIC for interrupt routing
[    0.203650] ACPI: No dock devices found.
[    0.204546] ACPI: PCI Root Bridge [PCI0] (0000:00)
[    0.206154] pci 0000:00:07.1: reg 20 io port: [0x10c0-0x10cf]
[    0.206668] pci 0000:00:07.3: quirk: region 1000-103f claimed by PIIX4 ACPI
[    0.206680] pci 0000:00:07.3: quirk: region 1040-104f claimed by PIIX4 SMB
[    0.207239] pci 0000:00:07.7: reg 10 io port: [0x1080-0x10bf]
[    0.207639] pci 0000:00:07.7: reg 14 64bit mmio: [0xc8000000-0xc8001fff]
[    0.208834] pci 0000:00:0f.0: reg 10 io port: [0x10d0-0x10df]
[    0.208873] pci 0000:00:0f.0: reg 14 32bit mmio pref: [0xd0000000-0xd7ffffff]
[    0.208911] pci 0000:00:0f.0: reg 18 32bit mmio: [0xc8800000-0xc8ffffff]
[    0.209057] pci 0000:00:0f.0: reg 30 32bit mmio pref: [0x000000-0x007fff]
[    0.209594] pci 0000:00:10.0: reg 10 io port: [0x1400-0x14ff]
[    0.209968] pci 0000:00:10.0: reg 14 64bit mmio: [0xc8040000-0xc805ffff]
[    0.210335] pci 0000:00:10.0: reg 1c 64bit mmio: [0xc8020000-0xc803ffff]
[    0.210417] pci 0000:00:10.0: reg 30 32bit mmio pref: [0x000000-0x003fff]
[    0.211808] pci 0000:00:15.0: PME# supported from D0 D3hot D3cold
[    0.211829] pci 0000:00:15.0: PME# disabled
[    0.212724] pci 0000:00:15.1: PME# supported from D0 D3hot D3cold
[    0.212778] pci 0000:00:15.1: PME# disabled
[    0.213731] pci 0000:00:15.2: PME# supported from D0 D3hot D3cold
[    0.213762] pci 0000:00:15.2: PME# disabled
[    0.215036] pci 0000:00:15.3: PME# supported from D0 D3hot D3cold
[    0.215062] pci 0000:00:15.3: PME# disabled
[    0.216082] pci 0000:00:15.4: PME# supported from D0 D3hot D3cold
[    0.216106] pci 0000:00:15.4: PME# disabled
[    0.217091] pci 0000:00:15.5: PME# supported from D0 D3hot D3cold
[    0.217114] pci 0000:00:15.5: PME# disabled
[    0.218088] pci 0000:00:15.6: PME# supported from D0 D3hot D3cold
[    0.218111] pci 0000:00:15.6: PME# disabled
[    0.219289] pci 0000:00:15.7: PME# supported from D0 D3hot D3cold
[    0.219313] pci 0000:00:15.7: PME# disabled
[    0.220353] pci 0000:00:16.0: PME# supported from D0 D3hot D3cold
[    0.220378] pci 0000:00:16.0: PME# disabled
[    0.221398] pci 0000:00:16.1: PME# supported from D0 D3hot D3cold
[    0.221422] pci 0000:00:16.1: PME# disabled
[    0.222390] pci 0000:00:16.2: PME# supported from D0 D3hot D3cold
[    0.222413] pci 0000:00:16.2: PME# disabled
[    0.223393] pci 0000:00:16.3: PME# supported from D0 D3hot D3cold
[    0.223416] pci 0000:00:16.3: PME# disabled
[    0.224413] pci 0000:00:16.4: PME# supported from D0 D3hot D3cold
[    0.224435] pci 0000:00:16.4: PME# disabled
[    0.225408] pci 0000:00:16.5: PME# supported from D0 D3hot D3cold
[    0.225434] pci 0000:00:16.5: PME# disabled
[    0.226423] pci 0000:00:16.6: PME# supported from D0 D3hot D3cold
[    0.226445] pci 0000:00:16.6: PME# disabled
[    0.227412] pci 0000:00:16.7: PME# supported from D0 D3hot D3cold
[    0.227434] pci 0000:00:16.7: PME# disabled
[    0.228582] pci 0000:00:17.0: PME# supported from D0 D3hot D3cold
[    0.228615] pci 0000:00:17.0: PME# disabled
[    0.229649] pci 0000:00:17.1: PME# supported from D0 D3hot D3cold
[    0.229672] pci 0000:00:17.1: PME# disabled
[    0.230549] pci 0000:00:17.2: PME# supported from D0 D3hot D3cold
[    0.230570] pci 0000:00:17.2: PME# disabled
[    0.231489] pci 0000:00:17.3: PME# supported from D0 D3hot D3cold
[    0.231513] pci 0000:00:17.3: PME# disabled
[    0.232634] pci 0000:00:17.4: PME# supported from D0 D3hot D3cold
[    0.232661] pci 0000:00:17.4: PME# disabled
[    0.233641] pci 0000:00:17.5: PME# supported from D0 D3hot D3cold
[    0.233664] pci 0000:00:17.5: PME# disabled
[    0.234643] pci 0000:00:17.6: PME# supported from D0 D3hot D3cold
[    0.234666] pci 0000:00:17.6: PME# disabled
[    0.235653] pci 0000:00:17.7: PME# supported from D0 D3hot D3cold
[    0.235676] pci 0000:00:17.7: PME# disabled
[    0.236670] pci 0000:00:18.0: PME# supported from D0 D3hot D3cold
[    0.236693] pci 0000:00:18.0: PME# disabled
[    0.237669] pci 0000:00:18.1: PME# supported from D0 D3hot D3cold
[    0.237691] pci 0000:00:18.1: PME# disabled
[    0.238677] pci 0000:00:18.2: PME# supported from D0 D3hot D3cold
[    0.238700] pci 0000:00:18.2: PME# disabled
[    0.239716] pci 0000:00:18.3: PME# supported from D0 D3hot D3cold
[    0.239739] pci 0000:00:18.3: PME# disabled
[    0.240718] pci 0000:00:18.4: PME# supported from D0 D3hot D3cold
[    0.240742] pci 0000:00:18.4: PME# disabled
[    0.241718] pci 0000:00:18.5: PME# supported from D0 D3hot D3cold
[    0.241741] pci 0000:00:18.5: PME# disabled
[    0.242708] pci 0000:00:18.6: PME# supported from D0 D3hot D3cold
[    0.242730] pci 0000:00:18.6: PME# disabled
[    0.243718] pci 0000:00:18.7: PME# supported from D0 D3hot D3cold
[    0.243741] pci 0000:00:18.7: PME# disabled
[    0.244915] pci 0000:02:00.0: reg 20 io port: [0x20c0-0x20df]
[    0.245419] pci 0000:02:01.0: reg 10 io port: [0x2000-0x207f]
[    0.245637] pci 0000:02:01.0: reg 30 32bit mmio pref: [0x000000-0x00ffff]
[    0.246188] pci 0000:02:02.0: reg 10 io port: [0x2080-0x20bf]
[    0.246786] pci 0000:02:03.0: reg 10 32bit mmio: [0xc9000000-0xc9000fff]
[    0.247345] pci 0000:00:11.0: transparent bridge
[    0.247365] pci 0000:00:11.0: bridge io port: [0x2000-0x3fff]
[    0.247385] pci 0000:00:11.0: bridge 32bit mmio: [0xc9000000-0xca3fffff]
[    0.247424] pci 0000:00:11.0: bridge 64bit mmio pref: [0xd8400000-0xd89fffff]
[    0.247802] pci 0000:00:15.0: bridge io port: [0x4000-0x4fff]
[    0.247823] pci 0000:00:15.0: bridge 32bit mmio: [0xca400000-0xca4fffff]
[    0.247862] pci 0000:00:15.0: bridge 64bit mmio pref: [0xd8a00000-0xd8afffff]
[    0.248220] pci 0000:00:15.1: bridge io port: [0x8000-0x8fff]
[    0.248241] pci 0000:00:15.1: bridge 32bit mmio: [0xca800000-0xca8fffff]
[    0.248279] pci 0000:00:15.1: bridge 64bit mmio pref: [0xd8e00000-0xd8efffff]
[    0.248638] pci 0000:00:15.2: bridge io port: [0xc000-0xcfff]
[    0.248658] pci 0000:00:15.2: bridge 32bit mmio: [0xcac00000-0xcacfffff]
[    0.248696] pci 0000:00:15.2: bridge 64bit mmio pref: [0xd9200000-0xd92fffff]
[    0.249077] pci 0000:00:15.3: bridge 32bit mmio: [0xcb000000-0xcb0fffff]
[    0.249115] pci 0000:00:15.3: bridge 64bit mmio pref: [0xd9600000-0xd96fffff]
[    0.249499] pci 0000:00:15.4: bridge 32bit mmio: [0xcb400000-0xcb4fffff]
[    0.249537] pci 0000:00:15.4: bridge 64bit mmio pref: [0xd9a00000-0xd9afffff]
[    0.249912] pci 0000:00:15.5: bridge 32bit mmio: [0xcb800000-0xcb8fffff]
[    0.249950] pci 0000:00:15.5: bridge 64bit mmio pref: [0xd9e00000-0xd9efffff]
[    0.250336] pci 0000:00:15.6: bridge 32bit mmio: [0xcbc00000-0xcbcfffff]
[    0.250374] pci 0000:00:15.6: bridge 64bit mmio pref: [0xda200000-0xda2fffff]
[    0.250751] pci 0000:00:15.7: bridge 32bit mmio: [0xcc000000-0xcc0fffff]
[    0.250789] pci 0000:00:15.7: bridge 64bit mmio pref: [0xda600000-0xda6fffff]
[    0.251144] pci 0000:00:16.0: bridge io port: [0x5000-0x5fff]
[    0.251164] pci 0000:00:16.0: bridge 32bit mmio: [0xca500000-0xca5fffff]
[    0.251202] pci 0000:00:16.0: bridge 64bit mmio pref: [0xd8b00000-0xd8bfffff]
[    0.251565] pci 0000:00:16.1: bridge io port: [0x9000-0x9fff]
[    0.251594] pci 0000:00:16.1: bridge 32bit mmio: [0xca900000-0xca9fffff]
[    0.251633] pci 0000:00:16.1: bridge 64bit mmio pref: [0xd8f00000-0xd8ffffff]
[    0.251991] pci 0000:00:16.2: bridge io port: [0xd000-0xdfff]
[    0.252011] pci 0000:00:16.2: bridge 32bit mmio: [0xcad00000-0xcadfffff]
[    0.252049] pci 0000:00:16.2: bridge 64bit mmio pref: [0xd9300000-0xd93fffff]
[    0.252431] pci 0000:00:16.3: bridge 32bit mmio: [0xcb100000-0xcb1fffff]
[    0.252469] pci 0000:00:16.3: bridge 64bit mmio pref: [0xd9700000-0xd97fffff]
[    0.252843] pci 0000:00:16.4: bridge 32bit mmio: [0xcb500000-0xcb5fffff]
[    0.252881] pci 0000:00:16.4: bridge 64bit mmio pref: [0xd9b00000-0xd9bfffff]
[    0.253256] pci 0000:00:16.5: bridge 32bit mmio: [0xcb900000-0xcb9fffff]
[    0.253308] pci 0000:00:16.5: bridge 64bit mmio pref: [0xd9f00000-0xd9ffffff]
[    0.253683] pci 0000:00:16.6: bridge 32bit mmio: [0xcbd00000-0xcbdfffff]
[    0.253721] pci 0000:00:16.6: bridge 64bit mmio pref: [0xda300000-0xda3fffff]
[    0.254095] pci 0000:00:16.7: bridge 32bit mmio: [0xcc100000-0xcc1fffff]
[    0.254133] pci 0000:00:16.7: bridge 64bit mmio pref: [0xda700000-0xda7fffff]
[    0.254489] pci 0000:00:17.0: bridge io port: [0x6000-0x6fff]
[    0.254509] pci 0000:00:17.0: bridge 32bit mmio: [0xca600000-0xca6fffff]
[    0.254547] pci 0000:00:17.0: bridge 64bit mmio pref: [0xd8c00000-0xd8cfffff]
[    0.254903] pci 0000:00:17.1: bridge io port: [0xa000-0xafff]
[    0.254923] pci 0000:00:17.1: bridge 32bit mmio: [0xcaa00000-0xcaafffff]
[    0.254961] pci 0000:00:17.1: bridge 64bit mmio pref: [0xd9000000-0xd90fffff]
[    0.255325] pci 0000:00:17.2: bridge io port: [0xe000-0xefff]
[    0.255345] pci 0000:00:17.2: bridge 32bit mmio: [0xcae00000-0xcaefffff]
[    0.255383] pci 0000:00:17.2: bridge 64bit mmio pref: [0xd9400000-0xd94fffff]
[    0.255769] pci 0000:00:17.3: bridge 32bit mmio: [0xcb200000-0xcb2fffff]
[    0.255807] pci 0000:00:17.3: bridge 64bit mmio pref: [0xd9800000-0xd98fffff]
[    0.256186] pci 0000:00:17.4: bridge 32bit mmio: [0xcb600000-0xcb6fffff]
[    0.256224] pci 0000:00:17.4: bridge 64bit mmio pref: [0xd9c00000-0xd9cfffff]
[    0.256610] pci 0000:00:17.5: bridge 32bit mmio: [0xcba00000-0xcbafffff]
[    0.256648] pci 0000:00:17.5: bridge 64bit mmio pref: [0xda000000-0xda0fffff]
[    0.257023] pci 0000:00:17.6: bridge 32bit mmio: [0xcbe00000-0xcbefffff]
[    0.257061] pci 0000:00:17.6: bridge 64bit mmio pref: [0xda400000-0xda4fffff]
[    0.257436] pci 0000:00:17.7: bridge 32bit mmio: [0xcc200000-0xcc2fffff]
[    0.257474] pci 0000:00:17.7: bridge 64bit mmio pref: [0xda800000-0xda8fffff]
[    0.257831] pci 0000:00:18.0: bridge io port: [0x7000-0x7fff]
[    0.257851] pci 0000:00:18.0: bridge 32bit mmio: [0xca700000-0xca7fffff]
[    0.257889] pci 0000:00:18.0: bridge 64bit mmio pref: [0xd8d00000-0xd8dfffff]
[    0.258245] pci 0000:00:18.1: bridge io port: [0xb000-0xbfff]
[    0.258265] pci 0000:00:18.1: bridge 32bit mmio: [0xcab00000-0xcabfffff]
[    0.258310] pci 0000:00:18.1: bridge 64bit mmio pref: [0xd9100000-0xd91fffff]
[    0.258666] pci 0000:00:18.2: bridge io port: [0xf000-0xffff]
[    0.258687] pci 0000:00:18.2: bridge 32bit mmio: [0xcaf00000-0xcaffffff]
[    0.258725] pci 0000:00:18.2: bridge 64bit mmio pref: [0xd9500000-0xd95fffff]
[    0.259100] pci 0000:00:18.3: bridge 32bit mmio: [0xcb300000-0xcb3fffff]
[    0.259138] pci 0000:00:18.3: bridge 64bit mmio pref: [0xd9900000-0xd99fffff]
[    0.259519] pci 0000:00:18.4: bridge 32bit mmio: [0xcb700000-0xcb7fffff]
[    0.259557] pci 0000:00:18.4: bridge 64bit mmio pref: [0xd9d00000-0xd9dfffff]
[    0.259942] pci 0000:00:18.5: bridge 32bit mmio: [0xcbb00000-0xcbbfffff]
[    0.259981] pci 0000:00:18.5: bridge 64bit mmio pref: [0xda100000-0xda1fffff]
[    0.260363] pci 0000:00:18.6: bridge 32bit mmio: [0xcbf00000-0xcbffffff]
[    0.260401] pci 0000:00:18.6: bridge 64bit mmio pref: [0xda500000-0xda5fffff]
[    0.260775] pci 0000:00:18.7: bridge 32bit mmio: [0xcc300000-0xcc3fffff]
[    0.260813] pci 0000:00:18.7: bridge 64bit mmio pref: [0xda900000-0xda9fffff]
[    0.262298] pci_bus 0000:00: on NUMA node 0
[    0.262306] ACPI: PCI Interrupt Routing Table [\_SB_.PCI0._PRT]
[    0.503260] ACPI: PCI Interrupt Link [LNKA] (IRQs 3 4 5 6 7 *9 10 11 14 15)
[    0.503442] ACPI: PCI Interrupt Link [LNKB] (IRQs 3 4 5 6 7 9 10 *11 14 15)
[    0.503593] ACPI: PCI Interrupt Link [LNKC] (IRQs 3 4 5 6 7 9 *10 11 14 15)
[    0.503742] ACPI: PCI Interrupt Link [LNKD] (IRQs 3 4 *5 6 7 9 10 11 14 15)
[    0.503903] vgaarb: device added: PCI:0000:00:0f.0,decodes=io+mem,owns=io+mem,locks=none
[    0.503914] vgaarb: loaded
[    0.504016] SCSI subsystem initialized
[    0.504060] libata version 3.00 loaded.
[    0.504100] usbcore: registered new interface driver usbfs
[    0.504111] usbcore: registered new interface driver hub
[    0.504133] usbcore: registered new device driver usb
[    0.504203] PCI: Using ACPI for IRQ routing
[    0.505184] NetLabel: Initializing
[    0.505185] NetLabel:  domain hash size = 128
[    0.505186] NetLabel:  protocols = UNLABELED CIPSOv4
[    0.505193] NetLabel:  unlabeled traffic allowed by default
[    0.505340] hpet0: at MMIO 0xfed00000, IRQs 2, 8, 0, 0, 0, 0, 0, 0, 0, 0, 0, 0, 0, 0, 0, 0
[    0.505347] hpet0: 16 comparators, 64-bit 14.318180 MHz counter
[    0.508453] Switching to clocksource tsc
[    0.517466] pnp: PnP ACPI init
[    0.517480] ACPI: bus type pnp registered
[    0.567638] pnp: PnP ACPI: found 14 devices
[    0.567640] ACPI: ACPI bus type pnp unregistered
[    0.567644] PnPBIOS: Disabled by ACPI PNP
[    0.567660] system 00:01: ioport range 0x1000-0x103f has been reserved
[    0.567661] system 00:01: ioport range 0x1040-0x104f has been reserved
[    0.567663] system 00:01: ioport range 0xcf0-0xcf1 has been reserved
[    0.567671] system 00:08: iomem range 0xfed00000-0xfed003ff has been reserved
[    0.567675] system 00:0d: ioport range 0x1060-0x107f has been reserved
[    0.567678] system 00:0d: iomem range 0xe0000000-0xefffffff has been reserved
[    0.567679] system 00:0d: iomem range 0xc8200000-0xc83fffff has been reserved
[    0.602394] pci 0000:00:15.3: BAR 13: can't allocate I/O resource [0x10000-0xffff]
[    0.602398] pci 0000:00:15.4: BAR 13: can't allocate I/O resource [0x10000-0xffff]
[    0.602401] pci 0000:00:15.5: BAR 13: can't allocate I/O resource [0x10000-0xffff]
[    0.602404] pci 0000:00:15.6: BAR 13: can't allocate I/O resource [0x10000-0xffff]
[    0.602407] pci 0000:00:15.7: BAR 13: can't allocate I/O resource [0x10000-0xffff]
[    0.602409] pci 0000:00:16.3: BAR 13: can't allocate I/O resource [0x10000-0xffff]
[    0.602412] pci 0000:00:16.4: BAR 13: can't allocate I/O resource [0x10000-0xffff]
[    0.602415] pci 0000:00:16.5: BAR 13: can't allocate I/O resource [0x10000-0xffff]
[    0.602417] pci 0000:00:16.6: BAR 13: can't allocate I/O resource [0x10000-0xffff]
[    0.602420] pci 0000:00:16.7: BAR 13: can't allocate I/O resource [0x10000-0xffff]
[    0.602422] pci 0000:00:17.3: BAR 13: can't allocate I/O resource [0x10000-0xffff]
[    0.602425] pci 0000:00:17.4: BAR 13: can't allocate I/O resource [0x10000-0xffff]
[    0.602428] pci 0000:00:17.5: BAR 13: can't allocate I/O resource [0x10000-0xffff]
[    0.602430] pci 0000:00:17.6: BAR 13: can't allocate I/O resource [0x10000-0xffff]
[    0.602433] pci 0000:00:17.7: BAR 13: can't allocate I/O resource [0x10000-0xffff]
[    0.602436] pci 0000:00:18.3: BAR 13: can't allocate I/O resource [0x10000-0xffff]
[    0.602438] pci 0000:00:18.4: BAR 13: can't allocate I/O resource [0x10000-0xffff]
[    0.602441] pci 0000:00:18.5: BAR 13: can't allocate I/O resource [0x10000-0xffff]
[    0.602443] pci 0000:00:18.6: BAR 13: can't allocate I/O resource [0x10000-0xffff]
[    0.602446] pci 0000:00:18.7: BAR 13: can't allocate I/O resource [0x10000-0xffff]
[    0.602448] pci 0000:00:01.0: PCI bridge, secondary bus 0000:01
[    0.602450] pci 0000:00:01.0:   IO window: disabled
[    0.602478] pci 0000:00:01.0:   MEM window: disabled
[    0.602498] pci 0000:00:01.0:   PREFETCH window: disabled
[    0.602532] pci 0000:00:11.0: PCI bridge, secondary bus 0000:02
[    0.602543] pci 0000:00:11.0:   IO window: 0x2000-0x3fff
[    0.602571] pci 0000:00:11.0:   MEM window: 0xc9000000-0xca3fffff
[    0.602590] pci 0000:00:11.0:   PREFETCH window: 0x000000d8400000-0x000000d89fffff
[    0.602625] pci 0000:00:15.0: PCI bridge, secondary bus 0000:03
[    0.602636] pci 0000:00:15.0:   IO window: 0x4000-0x4fff
[    0.602663] pci 0000:00:15.0:   MEM window: 0xca400000-0xca4fffff
[    0.602683] pci 0000:00:15.0:   PREFETCH window: 0x000000d8a00000-0x000000d8afffff
[    0.602717] pci 0000:00:15.1: PCI bridge, secondary bus 0000:04
[    0.602728] pci 0000:00:15.1:   IO window: 0x8000-0x8fff
[    0.602756] pci 0000:00:15.1:   MEM window: 0xca800000-0xca8fffff
[    0.602775] pci 0000:00:15.1:   PREFETCH window: 0x000000d8e00000-0x000000d8efffff
[    0.602809] pci 0000:00:15.2: PCI bridge, secondary bus 0000:05
[    0.602820] pci 0000:00:15.2:   IO window: 0xc000-0xcfff
[    0.602855] pci 0000:00:15.2:   MEM window: 0xcac00000-0xcacfffff
[    0.602878] pci 0000:00:15.2:   PREFETCH window: 0x000000d9200000-0x000000d92fffff
[    0.602912] pci 0000:00:15.3: PCI bridge, secondary bus 0000:06
[    0.602914] pci 0000:00:15.3:   IO window: disabled
[    0.602942] pci 0000:00:15.3:   MEM window: 0xcb000000-0xcb0fffff
[    0.602961] pci 0000:00:15.3:   PREFETCH window: 0x000000d9600000-0x000000d96fffff
[    0.602995] pci 0000:00:15.4: PCI bridge, secondary bus 0000:07
[    0.602997] pci 0000:00:15.4:   IO window: disabled
[    0.603025] pci 0000:00:15.4:   MEM window: 0xcb400000-0xcb4fffff
[    0.603044] pci 0000:00:15.4:   PREFETCH window: 0x000000d9a00000-0x000000d9afffff
[    0.603078] pci 0000:00:15.5: PCI bridge, secondary bus 0000:08
[    0.603080] pci 0000:00:15.5:   IO window: disabled
[    0.603108] pci 0000:00:15.5:   MEM window: 0xcb800000-0xcb8fffff
[    0.603127] pci 0000:00:15.5:   PREFETCH window: 0x000000d9e00000-0x000000d9efffff
[    0.603162] pci 0000:00:15.6: PCI bridge, secondary bus 0000:09
[    0.603163] pci 0000:00:15.6:   IO window: disabled
[    0.603191] pci 0000:00:15.6:   MEM window: 0xcbc00000-0xcbcfffff
[    0.603210] pci 0000:00:15.6:   PREFETCH window: 0x000000da200000-0x000000da2fffff
[    0.603244] pci 0000:00:15.7: PCI bridge, secondary bus 0000:0a
[    0.603246] pci 0000:00:15.7:   IO window: disabled
[    0.603274] pci 0000:00:15.7:   MEM window: 0xcc000000-0xcc0fffff
[    0.603293] pci 0000:00:15.7:   PREFETCH window: 0x000000da600000-0x000000da6fffff
[    0.603327] pci 0000:00:16.0: PCI bridge, secondary bus 0000:0b
[    0.603339] pci 0000:00:16.0:   IO window: 0x5000-0x5fff
[    0.603366] pci 0000:00:16.0:   MEM window: 0xca500000-0xca5fffff
[    0.603386] pci 0000:00:16.0:   PREFETCH window: 0x000000d8b00000-0x000000d8bfffff
[    0.603420] pci 0000:00:16.1: PCI bridge, secondary bus 0000:0c
[    0.603431] pci 0000:00:16.1:   IO window: 0x9000-0x9fff
[    0.603459] pci 0000:00:16.1:   MEM window: 0xca900000-0xca9fffff
[    0.603478] pci 0000:00:16.1:   PREFETCH window: 0x000000d8f00000-0x000000d8ffffff
[    0.603512] pci 0000:00:16.2: PCI bridge, secondary bus 0000:0d
[    0.603523] pci 0000:00:16.2:   IO window: 0xd000-0xdfff
[    0.603551] pci 0000:00:16.2:   MEM window: 0xcad00000-0xcadfffff
[    0.603570] pci 0000:00:16.2:   PREFETCH window: 0x000000d9300000-0x000000d93fffff
[    0.603604] pci 0000:00:16.3: PCI bridge, secondary bus 0000:0e
[    0.603606] pci 0000:00:16.3:   IO window: disabled
[    0.603633] pci 0000:00:16.3:   MEM window: 0xcb100000-0xcb1fffff
[    0.603653] pci 0000:00:16.3:   PREFETCH window: 0x000000d9700000-0x000000d97fffff
[    0.603687] pci 0000:00:16.4: PCI bridge, secondary bus 0000:0f
[    0.603689] pci 0000:00:16.4:   IO window: disabled
[    0.603716] pci 0000:00:16.4:   MEM window: 0xcb500000-0xcb5fffff
[    0.603736] pci 0000:00:16.4:   PREFETCH window: 0x000000d9b00000-0x000000d9bfffff
[    0.603770] pci 0000:00:16.5: PCI bridge, secondary bus 0000:10
[    0.603772] pci 0000:00:16.5:   IO window: disabled
[    0.603806] pci 0000:00:16.5:   MEM window: 0xcb900000-0xcb9fffff
[    0.603837] pci 0000:00:16.5:   PREFETCH window: 0x000000d9f00000-0x000000d9ffffff
[    0.603871] pci 0000:00:16.6: PCI bridge, secondary bus 0000:11
[    0.603873] pci 0000:00:16.6:   IO window: disabled
[    0.603907] pci 0000:00:16.6:   MEM window: 0xcbd00000-0xcbdfffff
[    0.603926] pci 0000:00:16.6:   PREFETCH window: 0x000000da300000-0x000000da3fffff
[    0.603961] pci 0000:00:16.7: PCI bridge, secondary bus 0000:12
[    0.603962] pci 0000:00:16.7:   IO window: disabled
[    0.603990] pci 0000:00:16.7:   MEM window: 0xcc100000-0xcc1fffff
[    0.604009] pci 0000:00:16.7:   PREFETCH window: 0x000000da700000-0x000000da7fffff
[    0.604044] pci 0000:00:17.0: PCI bridge, secondary bus 0000:13
[    0.604055] pci 0000:00:17.0:   IO window: 0x6000-0x6fff
[    0.604083] pci 0000:00:17.0:   MEM window: 0xca600000-0xca6fffff
[    0.604102] pci 0000:00:17.0:   PREFETCH window: 0x000000d8c00000-0x000000d8cfffff
[    0.604136] pci 0000:00:17.1: PCI bridge, secondary bus 0000:14
[    0.604147] pci 0000:00:17.1:   IO window: 0xa000-0xafff
[    0.604175] pci 0000:00:17.1:   MEM window: 0xcaa00000-0xcaafffff
[    0.604194] pci 0000:00:17.1:   PREFETCH window: 0x000000d9000000-0x000000d90fffff
[    0.604228] pci 0000:00:17.2: PCI bridge, secondary bus 0000:15
[    0.604239] pci 0000:00:17.2:   IO window: 0xe000-0xefff
[    0.604267] pci 0000:00:17.2:   MEM window: 0xcae00000-0xcaefffff
[    0.604286] pci 0000:00:17.2:   PREFETCH window: 0x000000d9400000-0x000000d94fffff
[    0.604321] pci 0000:00:17.3: PCI bridge, secondary bus 0000:16
[    0.604322] pci 0000:00:17.3:   IO window: disabled
[    0.604350] pci 0000:00:17.3:   MEM window: 0xcb200000-0xcb2fffff
[    0.604369] pci 0000:00:17.3:   PREFETCH window: 0x000000d9800000-0x000000d98fffff
[    0.604426] pci 0000:00:17.4: PCI bridge, secondary bus 0000:17
[    0.604428] pci 0000:00:17.4:   IO window: disabled
[    0.604456] pci 0000:00:17.4:   MEM window: 0xcb600000-0xcb6fffff
[    0.604475] pci 0000:00:17.4:   PREFETCH window: 0x000000d9c00000-0x000000d9cfffff
[    0.604509] pci 0000:00:17.5: PCI bridge, secondary bus 0000:18
[    0.604511] pci 0000:00:17.5:   IO window: disabled
[    0.604539] pci 0000:00:17.5:   MEM window: 0xcba00000-0xcbafffff
[    0.604558] pci 0000:00:17.5:   PREFETCH window: 0x000000da000000-0x000000da0fffff
[    0.604592] pci 0000:00:17.6: PCI bridge, secondary bus 0000:19
[    0.604594] pci 0000:00:17.6:   IO window: disabled
[    0.604621] pci 0000:00:17.6:   MEM window: 0xcbe00000-0xcbefffff
[    0.604640] pci 0000:00:17.6:   PREFETCH window: 0x000000da400000-0x000000da4fffff
[    0.604675] pci 0000:00:17.7: PCI bridge, secondary bus 0000:1a
[    0.604677] pci 0000:00:17.7:   IO window: disabled
[    0.604707] pci 0000:00:17.7:   MEM window: 0xcc200000-0xcc2fffff
[    0.604728] pci 0000:00:17.7:   PREFETCH window: 0x000000da800000-0x000000da8fffff
[    0.604762] pci 0000:00:18.0: PCI bridge, secondary bus 0000:1b
[    0.604774] pci 0000:00:18.0:   IO window: 0x7000-0x7fff
[    0.604803] pci 0000:00:18.0:   MEM window: 0xca700000-0xca7fffff
[    0.604824] pci 0000:00:18.0:   PREFETCH window: 0x000000d8d00000-0x000000d8dfffff
[    0.604858] pci 0000:00:18.1: PCI bridge, secondary bus 0000:1c
[    0.604870] pci 0000:00:18.1:   IO window: 0xb000-0xbfff
[    0.604900] pci 0000:00:18.1:   MEM window: 0xcab00000-0xcabfffff
[    0.604920] pci 0000:00:18.1:   PREFETCH window: 0x000000d9100000-0x000000d91fffff
[    0.604955] pci 0000:00:18.2: PCI bridge, secondary bus 0000:1d
[    0.604966] pci 0000:00:18.2:   IO window: 0xf000-0xffff
[    0.604996] pci 0000:00:18.2:   MEM window: 0xcaf00000-0xcaffffff
[    0.605017] pci 0000:00:18.2:   PREFETCH window: 0x000000d9500000-0x000000d95fffff
[    0.605051] pci 0000:00:18.3: PCI bridge, secondary bus 0000:1e
[    0.605053] pci 0000:00:18.3:   IO window: disabled
[    0.605082] pci 0000:00:18.3:   MEM window: 0xcb300000-0xcb3fffff
[    0.605103] pci 0000:00:18.3:   PREFETCH window: 0x000000d9900000-0x000000d99fffff
[    0.605137] pci 0000:00:18.4: PCI bridge, secondary bus 0000:1f
[    0.605158] pci 0000:00:18.4:   IO window: disabled
[    0.605192] pci 0000:00:18.4:   MEM window: 0xcb700000-0xcb7fffff
[    0.605227] pci 0000:00:18.4:   PREFETCH window: 0x000000d9d00000-0x000000d9dfffff
[    0.605261] pci 0000:00:18.5: PCI bridge, secondary bus 0000:20
[    0.605264] pci 0000:00:18.5:   IO window: disabled
[    0.605298] pci 0000:00:18.5:   MEM window: 0xcbb00000-0xcbbfffff
[    0.605327] pci 0000:00:18.5:   PREFETCH window: 0x000000da100000-0x000000da1fffff
[    0.605362] pci 0000:00:18.6: PCI bridge, secondary bus 0000:21
[    0.605365] pci 0000:00:18.6:   IO window: disabled
[    0.605399] pci 0000:00:18.6:   MEM window: 0xcbf00000-0xcbffffff
[    0.605428] pci 0000:00:18.6:   PREFETCH window: 0x000000da500000-0x000000da5fffff
[    0.605462] pci 0000:00:18.7: PCI bridge, secondary bus 0000:22
[    0.605466] pci 0000:00:18.7:   IO window: disabled
[    0.605500] pci 0000:00:18.7:   MEM window: 0xcc300000-0xcc3fffff
[    0.605521] pci 0000:00:18.7:   PREFETCH window: 0x000000da900000-0x000000da9fffff
[    0.605555] pci 0000:00:01.0: setting latency timer to 64
[    0.605589] pci 0000:00:15.0: setting latency timer to 64
[    0.605624] pci 0000:00:15.1: setting latency timer to 64
[    0.605658] pci 0000:00:15.2: setting latency timer to 64
[    0.605692] pci 0000:00:15.3: setting latency timer to 64
[    0.605726] pci 0000:00:15.4: setting latency timer to 64
[    0.605760] pci 0000:00:15.5: setting latency timer to 64
[    0.605795] pci 0000:00:15.6: setting latency timer to 64
[    0.605829] pci 0000:00:15.7: setting latency timer to 64
[    0.605863] pci 0000:00:16.0: setting latency timer to 64
[    0.605897] pci 0000:00:16.1: setting latency timer to 64
[    0.605932] pci 0000:00:16.2: setting latency timer to 64
[    0.605966] pci 0000:00:16.3: setting latency timer to 64
[    0.606000] pci 0000:00:16.4: setting latency timer to 64
[    0.606034] pci 0000:00:16.5: setting latency timer to 64
[    0.606068] pci 0000:00:16.6: setting latency timer to 64
[    0.606103] pci 0000:00:16.7: setting latency timer to 64
[    0.606137] pci 0000:00:17.0: setting latency timer to 64
[    0.606171] pci 0000:00:17.1: setting latency timer to 64
[    0.606205] pci 0000:00:17.2: setting latency timer to 64
[    0.606239] pci 0000:00:17.3: setting latency timer to 64
[    0.606274] pci 0000:00:17.4: setting latency timer to 64
[    0.606308] pci 0000:00:17.5: setting latency timer to 64
[    0.606342] pci 0000:00:17.6: setting latency timer to 64
[    0.606376] pci 0000:00:17.7: setting latency timer to 64
[    0.606411] pci 0000:00:18.0: setting latency timer to 64
[    0.606445] pci 0000:00:18.1: setting latency timer to 64
[    0.606479] pci 0000:00:18.2: setting latency timer to 64
[    0.606513] pci 0000:00:18.3: setting latency timer to 64
[    0.606547] pci 0000:00:18.4: setting latency timer to 64
[    0.606582] pci 0000:00:18.5: setting latency timer to 64
[    0.606616] pci 0000:00:18.6: setting latency timer to 64
[    0.606650] pci 0000:00:18.7: setting latency timer to 64
[    0.606667] pci_bus 0000:00: resource 0 io:  [0x00-0xffff]
[    0.606670] pci_bus 0000:00: resource 1 mem: [0x000000-0xffffffffffffffff]
[    0.606674] pci_bus 0000:02: resource 0 io:  [0x2000-0x3fff]
[    0.606677] pci_bus 0000:02: resource 1 mem: [0xc9000000-0xca3fffff]
[    0.606680] pci_bus 0000:02: resource 2 pref mem [0xd8400000-0xd89fffff]
[    0.606682] pci_bus 0000:02: resource 3 io:  [0x00-0xffff]
[    0.606685] pci_bus 0000:02: resource 4 mem: [0x000000-0xffffffffffffffff]
[    0.606688] pci_bus 0000:03: resource 0 io:  [0x4000-0x4fff]
[    0.606691] pci_bus 0000:03: resource 1 mem: [0xca400000-0xca4fffff]
[    0.606693] pci_bus 0000:03: resource 2 pref mem [0xd8a00000-0xd8afffff]
[    0.606696] pci_bus 0000:04: resource 0 io:  [0x8000-0x8fff]
[    0.606699] pci_bus 0000:04: resource 1 mem: [0xca800000-0xca8fffff]
[    0.606701] pci_bus 0000:04: resource 2 pref mem [0xd8e00000-0xd8efffff]
[    0.606704] pci_bus 0000:05: resource 0 io:  [0xc000-0xcfff]
[    0.606707] pci_bus 0000:05: resource 1 mem: [0xcac00000-0xcacfffff]
[    0.606709] pci_bus 0000:05: resource 2 pref mem [0xd9200000-0xd92fffff]
[    0.606713] pci_bus 0000:06: resource 1 mem: [0xcb000000-0xcb0fffff]
[    0.606716] pci_bus 0000:06: resource 2 pref mem [0xd9600000-0xd96fffff]
[    0.606719] pci_bus 0000:07: resource 1 mem: [0xcb400000-0xcb4fffff]
[    0.606721] pci_bus 0000:07: resource 2 pref mem [0xd9a00000-0xd9afffff]
[    0.606724] pci_bus 0000:08: resource 1 mem: [0xcb800000-0xcb8fffff]
[    0.606727] pci_bus 0000:08: resource 2 pref mem [0xd9e00000-0xd9efffff]
[    0.606730] pci_bus 0000:09: resource 1 mem: [0xcbc00000-0xcbcfffff]
[    0.606732] pci_bus 0000:09: resource 2 pref mem [0xda200000-0xda2fffff]
[    0.606735] pci_bus 0000:0a: resource 1 mem: [0xcc000000-0xcc0fffff]
[    0.606738] pci_bus 0000:0a: resource 2 pref mem [0xda600000-0xda6fffff]
[    0.606741] pci_bus 0000:0b: resource 0 io:  [0x5000-0x5fff]
[    0.606744] pci_bus 0000:0b: resource 1 mem: [0xca500000-0xca5fffff]
[    0.606747] pci_bus 0000:0b: resource 2 pref mem [0xd8b00000-0xd8bfffff]
[    0.606749] pci_bus 0000:0c: resource 0 io:  [0x9000-0x9fff]
[    0.606752] pci_bus 0000:0c: resource 1 mem: [0xca900000-0xca9fffff]
[    0.606754] pci_bus 0000:0c: resource 2 pref mem [0xd8f00000-0xd8ffffff]
[    0.606757] pci_bus 0000:0d: resource 0 io:  [0xd000-0xdfff]
[    0.606759] pci_bus 0000:0d: resource 1 mem: [0xcad00000-0xcadfffff]
[    0.606762] pci_bus 0000:0d: resource 2 pref mem [0xd9300000-0xd93fffff]
[    0.606765] pci_bus 0000:0e: resource 1 mem: [0xcb100000-0xcb1fffff]
[    0.606767] pci_bus 0000:0e: resource 2 pref mem [0xd9700000-0xd97fffff]
[    0.606770] pci_bus 0000:0f: resource 1 mem: [0xcb500000-0xcb5fffff]
[    0.606772] pci_bus 0000:0f: resource 2 pref mem [0xd9b00000-0xd9bfffff]
[    0.606775] pci_bus 0000:10: resource 1 mem: [0xcb900000-0xcb9fffff]
[    0.606777] pci_bus 0000:10: resource 2 pref mem [0xd9f00000-0xd9ffffff]
[    0.606780] pci_bus 0000:11: resource 1 mem: [0xcbd00000-0xcbdfffff]
[    0.606783] pci_bus 0000:11: resource 2 pref mem [0xda300000-0xda3fffff]
[    0.606786] pci_bus 0000:12: resource 1 mem: [0xcc100000-0xcc1fffff]
[    0.606789] pci_bus 0000:12: resource 2 pref mem [0xda700000-0xda7fffff]
[    0.606792] pci_bus 0000:13: resource 0 io:  [0x6000-0x6fff]
[    0.606794] pci_bus 0000:13: resource 1 mem: [0xca600000-0xca6fffff]
[    0.606797] pci_bus 0000:13: resource 2 pref mem [0xd8c00000-0xd8cfffff]
[    0.606799] pci_bus 0000:14: resource 0 io:  [0xa000-0xafff]
[    0.606802] pci_bus 0000:14: resource 1 mem: [0xcaa00000-0xcaafffff]
[    0.606805] pci_bus 0000:14: resource 2 pref mem [0xd9000000-0xd90fffff]
[    0.606808] pci_bus 0000:15: resource 0 io:  [0xe000-0xefff]
[    0.606810] pci_bus 0000:15: resource 1 mem: [0xcae00000-0xcaefffff]
[    0.606813] pci_bus 0000:15: resource 2 pref mem [0xd9400000-0xd94fffff]
[    0.606816] pci_bus 0000:16: resource 1 mem: [0xcb200000-0xcb2fffff]
[    0.606819] pci_bus 0000:16: resource 2 pref mem [0xd9800000-0xd98fffff]
[    0.606822] pci_bus 0000:17: resource 1 mem: [0xcb600000-0xcb6fffff]
[    0.606825] pci_bus 0000:17: resource 2 pref mem [0xd9c00000-0xd9cfffff]
[    0.606828] pci_bus 0000:18: resource 1 mem: [0xcba00000-0xcbafffff]
[    0.606831] pci_bus 0000:18: resource 2 pref mem [0xda000000-0xda0fffff]
[    0.606834] pci_bus 0000:19: resource 1 mem: [0xcbe00000-0xcbefffff]
[    0.606837] pci_bus 0000:19: resource 2 pref mem [0xda400000-0xda4fffff]
[    0.606840] pci_bus 0000:1a: resource 1 mem: [0xcc200000-0xcc2fffff]
[    0.606843] pci_bus 0000:1a: resource 2 pref mem [0xda800000-0xda8fffff]
[    0.606846] pci_bus 0000:1b: resource 0 io:  [0x7000-0x7fff]
[    0.606849] pci_bus 0000:1b: resource 1 mem: [0xca700000-0xca7fffff]
[    0.606852] pci_bus 0000:1b: resource 2 pref mem [0xd8d00000-0xd8dfffff]
[    0.606854] pci_bus 0000:1c: resource 0 io:  [0xb000-0xbfff]
[    0.606857] pci_bus 0000:1c: resource 1 mem: [0xcab00000-0xcabfffff]
[    0.606860] pci_bus 0000:1c: resource 2 pref mem [0xd9100000-0xd91fffff]
[    0.606863] pci_bus 0000:1d: resource 0 io:  [0xf000-0xffff]
[    0.606866] pci_bus 0000:1d: resource 1 mem: [0xcaf00000-0xcaffffff]
[    0.606869] pci_bus 0000:1d: resource 2 pref mem [0xd9500000-0xd95fffff]
[    0.606872] pci_bus 0000:1e: resource 1 mem: [0xcb300000-0xcb3fffff]
[    0.606875] pci_bus 0000:1e: resource 2 pref mem [0xd9900000-0xd99fffff]
[    0.606878] pci_bus 0000:1f: resource 1 mem: [0xcb700000-0xcb7fffff]
[    0.606881] pci_bus 0000:1f: resource 2 pref mem [0xd9d00000-0xd9dfffff]
[    0.606896] pci_bus 0000:20: resource 1 mem: [0xcbb00000-0xcbbfffff]
[    0.606899] pci_bus 0000:20: resource 2 pref mem [0xda100000-0xda1fffff]
[    0.606903] pci_bus 0000:21: resource 1 mem: [0xcbf00000-0xcbffffff]
[    0.606906] pci_bus 0000:21: resource 2 pref mem [0xda500000-0xda5fffff]
[    0.606909] pci_bus 0000:22: resource 1 mem: [0xcc300000-0xcc3fffff]
[    0.606912] pci_bus 0000:22: resource 2 pref mem [0xda900000-0xda9fffff]
[    0.606946] NET: Registered protocol family 2
[    0.606980] RANDOM - __random32 called. Change num 7.  Value: 647ba296	db0e5c1d	6de96f10
[    0.606984] RANDOM - random32 called.  Value: 647ba296	db0e5c1d	6de96f10
[    0.607007] random 0000 0000 0000 00000000 00000000: rand_read_num 2 get_random_bytes(4): sig fffffe1a 00000000 00000000
[    0.607011] random 0000 0000 0000 00000000 00000000: extract_entropy(.. 4 ..)
[    0.607016] random 0000 0000 0000 00000000 00000000: going to reseed nonblocking with 64 bits (32 of 0 requested)
[    0.607019] random 0000 0000 0000 00000000 00000000: extract_entropy(.. 8 ..)
[    0.607023] random 0000 0000 0000 00000000 00000000: trying to extract 64 bits from input
[    0.607027] random 0000 0000 0000 00000000 00000000: debiting 0 entropy credits from input
[    0.607030] random 0000 0000 0000 00000000 00000000: extract_entropy account returned: 0 
[    0.607035] random 0000 0000 0000 00000000 00000000: urand_change_num 3 xfer_secondary_pool(4): pool_sig fffffe1a, data_sig 00000000, bytes_mixed 0 00000000 00000000
[    0.607040] random 0000 0000 0000 00000000 00000000: trying to extract 32 bits from nonblocking
[    0.607044] random 0000 0000 0000 00000000 00000000: debiting 32 entropy credits from nonblocking (unlimited)
[    0.607060] random 0000 0000 0000 00000000 00000000: extract_entropy account returned: 4 
[    0.607065] random 0000 0000 0000 00000000 00000000: urand_change_num 4 extract_buf: pool_sig fffffe1a, data_sig fffffed7, bytes_mixed 20 00000000 00000000
[    0.607099] IP route cache hash table entries: 32768 (order: 5, 131072 bytes)
[    0.607133] RANDOM - __random32 called. Change num 8.  Value: ba296205	b0e5c1db	de205442
[    0.607137] RANDOM - random32 called.  Value: ba296205	b0e5c1db	de205442
[    0.607171] RANDOM - __random32 called. Change num 9.  Value: 962052cd	e5c1db9	a885e45e
[    0.607174] RANDOM - random32 called.  Value: 962052cd	e5c1db9	a885e45e
[    0.607198] RANDOM - __random32 called. Change num 10.  Value: 52cd38f	e5c1db9b	c8bd9558
[    0.607202] RANDOM - random32 called.  Value: 52cd38f	e5c1db9b	c8bd9558
[    0.607236] RANDOM - __random32 called. Change num 11.  Value: cd38f3eb	5c1db9b9	2ab1aa27
[    0.607239] RANDOM - random32 called.  Value: cd38f3eb	5c1db9b9	2ab1aa27
[    0.607255] TCP established hash table entries: 131072 (order: 8, 1048576 bytes)
[    0.607289] TCP bind hash table entries: 65536 (order: 7, 524288 bytes)
[    0.607324] TCP: Hash tables configured (established 131072 bind 65536)
[    0.607327] TCP reno registered
[    0.607361] NET: Registered protocol family 1
[    0.607375] pci 0000:00:00.0: Limiting direct PCI/PCI transfers
[    0.607408] pci 0000:00:0f.0: Boot video device
[    0.607482] Trying to unpack rootfs image as initramfs...
[    2.481711] Freeing initrd memory: 83430k freed
[    2.493717] Simple Boot Flag at 0x36 set to 0x1
[    2.493766] cpufreq-nforce2: No nForce2 chipset.
[    2.493790] Scanning for low memory corruption every 60 seconds
[    2.493949] audit: initializing netlink socket (disabled)
[    2.493962] type=2000 audit(1369430606.480:1): initialized
[    2.497958] highmem bounce pool size: 64 pages
[    2.497968] HugeTLB registered 2 MB page size, pre-allocated 0 pages
[    2.498270] VFS: Disk quotas dquot_6.5.2
[    2.498319] Dquot-cache hash table entries: 1024 (order 0, 4096 bytes)
[    2.498453] fuse init (API version 7.13)
[    2.498502] msgmni has been set to 1729
[    2.499012] alg: No test for stdrng (krng)
[    2.499070] Block layer SCSI generic (bsg) driver version 0.4 loaded (major 253)
[    2.499076] io scheduler noop registered
[    2.499079] io scheduler anticipatory registered
[    2.499082] io scheduler deadline registered
[    2.499122] io scheduler cfq registered (default)
[    2.499170]   alloc irq_desc for 24 on node -1
[    2.499175]   alloc kstat_irqs on node -1
[    2.499224] pcieport 0000:00:15.0: irq 24 for MSI/MSI-X
[    2.499273] pcieport 0000:00:15.0: setting latency timer to 64
[    2.499321]   alloc irq_desc for 25 on node -1
[    2.499329]   alloc kstat_irqs on node -1
[    2.499378] pcieport 0000:00:15.1: irq 25 for MSI/MSI-X
[    2.499426] pcieport 0000:00:15.1: setting latency timer to 64
[    2.499475]   alloc irq_desc for 26 on node -1
[    2.499480]   alloc kstat_irqs on node -1
[    2.499528] pcieport 0000:00:15.2: irq 26 for MSI/MSI-X
[    2.499577] pcieport 0000:00:15.2: setting latency timer to 64
[    2.499626]   alloc irq_desc for 27 on node -1
[    2.499629]   alloc kstat_irqs on node -1
[    2.499678] pcieport 0000:00:15.3: irq 27 for MSI/MSI-X
[    2.499726] pcieport 0000:00:15.3: setting latency timer to 64
[    2.499775]   alloc irq_desc for 28 on node -1
[    2.499778]   alloc kstat_irqs on node -1
[    2.499826] pcieport 0000:00:15.4: irq 28 for MSI/MSI-X
[    2.499875] pcieport 0000:00:15.4: setting latency timer to 64
[    2.499924]   alloc irq_desc for 29 on node -1
[    2.499926]   alloc kstat_irqs on node -1
[    2.499975] pcieport 0000:00:15.5: irq 29 for MSI/MSI-X
[    2.500024] pcieport 0000:00:15.5: setting latency timer to 64
[    2.500072]   alloc irq_desc for 30 on node -1
[    2.500078]   alloc kstat_irqs on node -1
[    2.500126] pcieport 0000:00:15.6: irq 30 for MSI/MSI-X
[    2.500175] pcieport 0000:00:15.6: setting latency timer to 64
[    2.501828]   alloc irq_desc for 31 on node -1
[    2.501833]   alloc kstat_irqs on node -1
[    2.501881] pcieport 0000:00:15.7: irq 31 for MSI/MSI-X
[    2.501930] pcieport 0000:00:15.7: setting latency timer to 64
[    2.501979]   alloc irq_desc for 32 on node -1
[    2.501985]   alloc kstat_irqs on node -1
[    2.502033] pcieport 0000:00:16.0: irq 32 for MSI/MSI-X
[    2.502082] pcieport 0000:00:16.0: setting latency timer to 64
[    2.502130]   alloc irq_desc for 33 on node -1
[    2.502136]   alloc kstat_irqs on node -1
[    2.502185] pcieport 0000:00:16.1: irq 33 for MSI/MSI-X
[    2.502233] pcieport 0000:00:16.1: setting latency timer to 64
[    2.502282]   alloc irq_desc for 34 on node -1
[    2.502288]   alloc kstat_irqs on node -1
[    2.502336] pcieport 0000:00:16.2: irq 34 for MSI/MSI-X
[    2.502385] pcieport 0000:00:16.2: setting latency timer to 64
[    2.502434]   alloc irq_desc for 35 on node -1
[    2.502438]   alloc kstat_irqs on node -1
[    2.502487] pcieport 0000:00:16.3: irq 35 for MSI/MSI-X
[    2.502536] pcieport 0000:00:16.3: setting latency timer to 64
[    2.502584]   alloc irq_desc for 36 on node -1
[    2.502587]   alloc kstat_irqs on node -1
[    2.502635] pcieport 0000:00:16.4: irq 36 for MSI/MSI-X
[    2.502684] pcieport 0000:00:16.4: setting latency timer to 64
[    2.502733]   alloc irq_desc for 37 on node -1
[    2.502735]   alloc kstat_irqs on node -1
[    2.502783] pcieport 0000:00:16.5: irq 37 for MSI/MSI-X
[    2.502832] pcieport 0000:00:16.5: setting latency timer to 64
[    2.502881]   alloc irq_desc for 38 on node -1
[    2.502883]   alloc kstat_irqs on node -1
[    2.502931] pcieport 0000:00:16.6: irq 38 for MSI/MSI-X
[    2.502980] pcieport 0000:00:16.6: setting latency timer to 64
[    2.503029]   alloc irq_desc for 39 on node -1
[    2.503031]   alloc kstat_irqs on node -1
[    2.503079] pcieport 0000:00:16.7: irq 39 for MSI/MSI-X
[    2.503128] pcieport 0000:00:16.7: setting latency timer to 64
[    2.503177]   alloc irq_desc for 40 on node -1
[    2.503179]   alloc kstat_irqs on node -1
[    2.503228] pcieport 0000:00:17.0: irq 40 for MSI/MSI-X
[    2.503276] pcieport 0000:00:17.0: setting latency timer to 64
[    2.503325]   alloc irq_desc for 41 on node -1
[    2.503327]   alloc kstat_irqs on node -1
[    2.503375] pcieport 0000:00:17.1: irq 41 for MSI/MSI-X
[    2.503424] pcieport 0000:00:17.1: setting latency timer to 64
[    2.503473]   alloc irq_desc for 42 on node -1
[    2.503476]   alloc kstat_irqs on node -1
[    2.503524] pcieport 0000:00:17.2: irq 42 for MSI/MSI-X
[    2.503573] pcieport 0000:00:17.2: setting latency timer to 64
[    2.503622]   alloc irq_desc for 43 on node -1
[    2.503624]   alloc kstat_irqs on node -1
[    2.503673] pcieport 0000:00:17.3: irq 43 for MSI/MSI-X
[    2.503721] pcieport 0000:00:17.3: setting latency timer to 64
[    2.503770]   alloc irq_desc for 44 on node -1
[    2.503772]   alloc kstat_irqs on node -1
[    2.503820] pcieport 0000:00:17.4: irq 44 for MSI/MSI-X
[    2.503869] pcieport 0000:00:17.4: setting latency timer to 64
[    2.503918]   alloc irq_desc for 45 on node -1
[    2.503920]   alloc kstat_irqs on node -1
[    2.503968] pcieport 0000:00:17.5: irq 45 for MSI/MSI-X
[    2.504017] pcieport 0000:00:17.5: setting latency timer to 64
[    2.504065]   alloc irq_desc for 46 on node -1
[    2.504068]   alloc kstat_irqs on node -1
[    2.504116] pcieport 0000:00:17.6: irq 46 for MSI/MSI-X
[    2.504165] pcieport 0000:00:17.6: setting latency timer to 64
[    2.504213]   alloc irq_desc for 47 on node -1
[    2.504215]   alloc kstat_irqs on node -1
[    2.504264] pcieport 0000:00:17.7: irq 47 for MSI/MSI-X
[    2.504313] pcieport 0000:00:17.7: setting latency timer to 64
[    2.504361]   alloc irq_desc for 48 on node -1
[    2.504363]   alloc kstat_irqs on node -1
[    2.504412] pcieport 0000:00:18.0: irq 48 for MSI/MSI-X
[    2.504460] pcieport 0000:00:18.0: setting latency timer to 64
[    2.504509]   alloc irq_desc for 49 on node -1
[    2.504511]   alloc kstat_irqs on node -1
[    2.504560] pcieport 0000:00:18.1: irq 49 for MSI/MSI-X
[    2.504608] pcieport 0000:00:18.1: setting latency timer to 64
[    2.505663]   alloc irq_desc for 50 on node -1
[    2.505664]   alloc kstat_irqs on node -1
[    2.505713] pcieport 0000:00:18.2: irq 50 for MSI/MSI-X
[    2.505762] pcieport 0000:00:18.2: setting latency timer to 64
[    2.505810]   alloc irq_desc for 51 on node -1
[    2.505813]   alloc kstat_irqs on node -1
[    2.505862] pcieport 0000:00:18.3: irq 51 for MSI/MSI-X
[    2.505911] pcieport 0000:00:18.3: setting latency timer to 64
[    2.505959]   alloc irq_desc for 52 on node -1
[    2.505962]   alloc kstat_irqs on node -1
[    2.506011] pcieport 0000:00:18.4: irq 52 for MSI/MSI-X
[    2.506059] pcieport 0000:00:18.4: setting latency timer to 64
[    2.506108]   alloc irq_desc for 53 on node -1
[    2.506110]   alloc kstat_irqs on node -1
[    2.506159] pcieport 0000:00:18.5: irq 53 for MSI/MSI-X
[    2.506207] pcieport 0000:00:18.5: setting latency timer to 64
[    2.506256]   alloc irq_desc for 54 on node -1
[    2.506258]   alloc kstat_irqs on node -1
[    2.506307] pcieport 0000:00:18.6: irq 54 for MSI/MSI-X
[    2.506355] pcieport 0000:00:18.6: setting latency timer to 64
[    2.506404]   alloc irq_desc for 55 on node -1
[    2.506406]   alloc kstat_irqs on node -1
[    2.506454] pcieport 0000:00:18.7: irq 55 for MSI/MSI-X
[    2.506503] pcieport 0000:00:18.7: setting latency timer to 64
[    2.506552] pci_hotplug: PCI Hot Plug PCI Core version: 0.5
[    2.509751] pciehp 0000:00:15.0:pcie04: HPC vendor_id 15ad device_id 7a0 ss_vid 0 ss_did 0
[    2.509799] pciehp 0000:00:15.0:pcie04: service driver pciehp loaded
[    2.509848] pciehp 0000:00:15.1:pcie04: HPC vendor_id 15ad device_id 7a0 ss_vid 0 ss_did 0
[    2.509896] pciehp 0000:00:15.1:pcie04: service driver pciehp loaded
[    2.509945] pciehp 0000:00:15.2:pcie04: HPC vendor_id 15ad device_id 7a0 ss_vid 0 ss_did 0
[    2.509994] pciehp 0000:00:15.2:pcie04: service driver pciehp loaded
[    2.510042] pciehp 0000:00:15.3:pcie04: HPC vendor_id 15ad device_id 7a0 ss_vid 0 ss_did 0
[    2.510091] pciehp 0000:00:15.3:pcie04: service driver pciehp loaded
[    2.510140] pciehp 0000:00:15.4:pcie04: HPC vendor_id 15ad device_id 7a0 ss_vid 0 ss_did 0
[    2.510188] pciehp 0000:00:15.4:pcie04: service driver pciehp loaded
[    2.510237] pciehp 0000:00:15.5:pcie04: HPC vendor_id 15ad device_id 7a0 ss_vid 0 ss_did 0
[    2.510285] pciehp 0000:00:15.5:pcie04: service driver pciehp loaded
[    2.510334] pciehp 0000:00:15.6:pcie04: HPC vendor_id 15ad device_id 7a0 ss_vid 0 ss_did 0
[    2.510383] pciehp 0000:00:15.6:pcie04: service driver pciehp loaded
[    2.510431] pciehp 0000:00:15.7:pcie04: HPC vendor_id 15ad device_id 7a0 ss_vid 0 ss_did 0
[    2.510480] pciehp 0000:00:15.7:pcie04: service driver pciehp loaded
[    2.510528] pciehp 0000:00:16.0:pcie04: HPC vendor_id 15ad device_id 7a0 ss_vid 0 ss_did 0
[    2.510577] pciehp 0000:00:16.0:pcie04: service driver pciehp loaded
[    2.510626] pciehp 0000:00:16.1:pcie04: HPC vendor_id 15ad device_id 7a0 ss_vid 0 ss_did 0
[    2.510674] pciehp 0000:00:16.1:pcie04: service driver pciehp loaded
[    2.510723] pciehp 0000:00:16.2:pcie04: HPC vendor_id 15ad device_id 7a0 ss_vid 0 ss_did 0
[    2.510771] pciehp 0000:00:16.2:pcie04: service driver pciehp loaded
[    2.510820] pciehp 0000:00:16.3:pcie04: HPC vendor_id 15ad device_id 7a0 ss_vid 0 ss_did 0
[    2.510869] pciehp 0000:00:16.3:pcie04: service driver pciehp loaded
[    2.510917] pciehp 0000:00:16.4:pcie04: HPC vendor_id 15ad device_id 7a0 ss_vid 0 ss_did 0
[    2.510966] pciehp 0000:00:16.4:pcie04: service driver pciehp loaded
[    2.511014] pciehp 0000:00:16.5:pcie04: HPC vendor_id 15ad device_id 7a0 ss_vid 0 ss_did 0
[    2.511063] pciehp 0000:00:16.5:pcie04: service driver pciehp loaded
[    2.511112] pciehp 0000:00:16.6:pcie04: HPC vendor_id 15ad device_id 7a0 ss_vid 0 ss_did 0
[    2.511160] pciehp 0000:00:16.6:pcie04: service driver pciehp loaded
[    2.511209] pciehp 0000:00:16.7:pcie04: HPC vendor_id 15ad device_id 7a0 ss_vid 0 ss_did 0
[    2.511257] pciehp 0000:00:16.7:pcie04: service driver pciehp loaded
[    2.511306] pciehp 0000:00:17.0:pcie04: HPC vendor_id 15ad device_id 7a0 ss_vid 0 ss_did 0
[    2.511355] pciehp 0000:00:17.0:pcie04: service driver pciehp loaded
[    2.511403] pciehp 0000:00:17.1:pcie04: HPC vendor_id 15ad device_id 7a0 ss_vid 0 ss_did 0
[    2.511452] pciehp 0000:00:17.1:pcie04: service driver pciehp loaded
[    2.511500] pciehp 0000:00:17.2:pcie04: HPC vendor_id 15ad device_id 7a0 ss_vid 0 ss_did 0
[    2.511549] pciehp 0000:00:17.2:pcie04: service driver pciehp loaded
[    2.511598] pciehp 0000:00:17.3:pcie04: HPC vendor_id 15ad device_id 7a0 ss_vid 0 ss_did 0
[    2.511646] pciehp 0000:00:17.3:pcie04: service driver pciehp loaded
[    2.511695] pciehp 0000:00:17.4:pcie04: HPC vendor_id 15ad device_id 7a0 ss_vid 0 ss_did 0
[    2.511743] pciehp 0000:00:17.4:pcie04: service driver pciehp loaded
[    2.511792] pciehp 0000:00:17.5:pcie04: HPC vendor_id 15ad device_id 7a0 ss_vid 0 ss_did 0
[    2.511841] pciehp 0000:00:17.5:pcie04: service driver pciehp loaded
[    2.511889] pciehp 0000:00:17.6:pcie04: HPC vendor_id 15ad device_id 7a0 ss_vid 0 ss_did 0
[    2.511938] pciehp 0000:00:17.6:pcie04: service driver pciehp loaded
[    2.511987] pciehp 0000:00:17.7:pcie04: HPC vendor_id 15ad device_id 7a0 ss_vid 0 ss_did 0
[    2.512035] pciehp 0000:00:17.7:pcie04: service driver pciehp loaded
[    2.512084] pciehp 0000:00:18.0:pcie04: HPC vendor_id 15ad device_id 7a0 ss_vid 0 ss_did 0
[    2.512132] pciehp 0000:00:18.0:pcie04: service driver pciehp loaded
[    2.512181] pciehp 0000:00:18.1:pcie04: HPC vendor_id 15ad device_id 7a0 ss_vid 0 ss_did 0
[    2.512230] pciehp 0000:00:18.1:pcie04: service driver pciehp loaded
[    2.512278] pciehp 0000:00:18.2:pcie04: HPC vendor_id 15ad device_id 7a0 ss_vid 0 ss_did 0
[    2.512327] pciehp 0000:00:18.2:pcie04: service driver pciehp loaded
[    2.512375] pciehp 0000:00:18.3:pcie04: HPC vendor_id 15ad device_id 7a0 ss_vid 0 ss_did 0
[    2.512424] pciehp 0000:00:18.3:pcie04: service driver pciehp loaded
[    2.512473] pciehp 0000:00:18.4:pcie04: HPC vendor_id 15ad device_id 7a0 ss_vid 0 ss_did 0
[    2.512521] pciehp 0000:00:18.4:pcie04: service driver pciehp loaded
[    2.512570] pciehp 0000:00:18.5:pcie04: HPC vendor_id 15ad device_id 7a0 ss_vid 0 ss_did 0
[    2.512618] pciehp 0000:00:18.5:pcie04: service driver pciehp loaded
[    2.512667] pciehp 0000:00:18.6:pcie04: HPC vendor_id 15ad device_id 7a0 ss_vid 0 ss_did 0
[    2.512716] pciehp 0000:00:18.6:pcie04: service driver pciehp loaded
[    2.512764] pciehp 0000:00:18.7:pcie04: HPC vendor_id 15ad device_id 7a0 ss_vid 0 ss_did 0
[    2.512813] pciehp 0000:00:18.7:pcie04: service driver pciehp loaded
[    2.512826] pciehp: PCI Express Hot Plug Controller Driver version: 0.4
[    2.512885] ACPI: AC Adapter [ACAD] (on-line)
[    2.512962] input: Power Button as /devices/LNXSYSTM:00/LNXPWRBN:00/input/input0
[    2.512967] ACPI: Power Button [PWRF]
[    2.513656] processor LNXCPU:00: registered as cooling_device0
[    2.573621] isapnp: Scanning for PnP cards...
[    2.930472] isapnp: No Plug & Play device found
[    2.930504] random 0000 0000 0000 5f8db4e5 4cfdf2a8: initializing
[    2.930633] Linux agpgart interface v0.103
[    2.930678] agpgart-intel 0000:00:00.0: Intel 440BX Chipset
[    2.930730] agpgart-intel 0000:00:00.0: AGP aperture is 256M @ 0x0
[    2.930765] Serial: 8250/16550 driver, 32 ports, IRQ sharing enabled
[    2.930816] serial8250: ttyS0 at I/O 0x3f8 (irq = 4) is a 16550A
[    2.930868] serial8250: ttyS1 at I/O 0x2f8 (irq = 3) is a 16550A
[    2.930920] 00:0a: ttyS0 at I/O 0x3f8 (irq = 4) is a 16550A
[    2.930972] 00:0b: ttyS1 at I/O 0x2f8 (irq = 3) is a 16550A
[    2.931023] brd: module loaded
[    2.931075] loop: module loaded
[    2.931127] ata_piix 0000:00:07.1: version 2.13
[    2.931211] scsi0 : ata_piix
[    2.931262] scsi1 : ata_piix
[    2.931284] ata1: PATA max UDMA/33 cmd 0x1f0 ctl 0x3f6 bmdma 0x10c0 irq 14
[    2.931286] ata2: PATA max UDMA/33 cmd 0x170 ctl 0x376 bmdma 0x10c8 irq 15
[    2.931337] PPP generic driver version 2.4.2
[    2.931360] tun: Universal TUN/TAP device driver, 1.6
[    2.931362] tun: (C) 1999-2004 Max Krasnyansky <maxk@qualcomm.com>
[    2.931413] ehci_hcd: USB 2.0 'Enhanced' Host Controller (EHCI) Driver
[    2.931465] ACPI: PCI Interrupt Link [LNKB] enabled at IRQ 11
[    2.931468] PCI: setting IRQ 11 as level-triggered
[    2.931492] ehci_hcd 0000:02:03.0: PCI INT A -> Link[LNKB] -> GSI 11 (level, low) -> IRQ 11
[    2.931535] ehci_hcd 0000:02:03.0: EHCI Host Controller
[    2.931559] ehci_hcd 0000:02:03.0: new USB bus registered, assigned bus number 1
[    2.931611] ehci_hcd 0000:02:03.0: cache line size of 32 is not supported
[    2.931618] ehci_hcd 0000:02:03.0: irq 11, io mem 0xc9000000
[    2.931931] random 0000 0000 0000 00000000 00000000: rand_read_num 3 get_random_bytes(8): sig 00000000 00000000 00000000
[    2.931934] random 0000 0000 0000 00000000 00000000: extract_entropy(.. 8 ..)
[    2.931937] random 0000 0000 0000 00000000 00000000: going to reseed nonblocking with 64 bits (64 of 0 requested)
[    2.931939] random 0000 0000 0000 00000000 00000000: extract_entropy(.. 8 ..)
[    2.931942] random 0000 0000 0000 00000000 00000000: trying to extract 64 bits from input
[    2.931944] random 0000 0000 0000 00000000 00000000: debiting 0 entropy credits from input
[    2.931946] random 0000 0000 0000 00000000 00000000: extract_entropy account returned: 0 
[    2.931949] random 0000 0000 0000 00000000 00000000: urand_change_num 5 xfer_secondary_pool(8): pool_sig 00000000, data_sig 00000000, bytes_mixed 0 00000000 00000000
[    2.931952] random 0000 0000 0000 00000000 00000000: trying to extract 64 bits from nonblocking
[    2.931955] random 0000 0000 0000 00000000 00000000: debiting 64 entropy credits from nonblocking (unlimited)
[    2.931957] random 0000 0000 0000 00000000 00000000: extract_entropy account returned: 8 
[    2.931961] random 0000 0000 0000 00000000 00000000: urand_change_num 6 extract_buf: pool_sig 00000000, data_sig fffffff9, bytes_mixed 20 00000000 00000000
[    2.941043] ehci_hcd 0000:02:03.0: USB 2.0 started, EHCI 1.00
[    2.941094] usb usb1: configuration #1 chosen from 1 choice
[    2.941115] hub 1-0:1.0: USB hub found
[    2.941121] hub 1-0:1.0: 6 ports detected
[    2.941173] ohci_hcd: USB 1.1 'Open' Host Controller (OHCI) Driver
[    2.941188] uhci_hcd: USB Universal Host Controller Interface driver
[    2.941240] ACPI: PCI Interrupt Link [LNKC] enabled at IRQ 10
[    2.941243] PCI: setting IRQ 10 as level-triggered
[    2.941248] uhci_hcd 0000:02:00.0: PCI INT A -> Link[LNKC] -> GSI 10 (level, low) -> IRQ 10
[    2.941285] uhci_hcd 0000:02:00.0: UHCI Host Controller
[    2.941323] uhci_hcd 0000:02:00.0: new USB bus registered, assigned bus number 2
[    2.941431] uhci_hcd 0000:02:00.0: irq 10, io base 0x000020c0
[    2.941483] usb usb2: configuration #1 chosen from 1 choice
[    2.941500] hub 2-0:1.0: USB hub found
[    2.941505] hub 2-0:1.0: 2 ports detected
[    2.941556] usbcore: registered new interface driver libusual
[    2.941598] PNP: PS/2 Controller [PNP0303:KBC,PNP0f13:MOUS] at 0x60,0x64 irq 1,12
[    2.941930] serio: i8042 KBD port at 0x60,0x64 irq 1
[    2.941943] serio: i8042 AUX port at 0x60,0x64 irq 12
[    2.941995] mice: PS/2 mouse device common for all mice
[    2.942047] rtc_cmos 00:04: rtc core: registered rtc_cmos as rtc0
[    2.942105] rtc0: alarms up to one month, y3k, 114 bytes nvram, hpet irqs
[    2.942157] device-mapper: uevent: version 1.0.3
[    2.942291] device-mapper: ioctl: 4.15.0-ioctl (2009-04-01) initialised: dm-devel@redhat.com
[    2.942315] EISA: Probing bus 0 at eisa.0
[    2.942342] Cannot allocate resource for EISA slot 1
[    2.942344] Cannot allocate resource for EISA slot 2
[    2.942346] Cannot allocate resource for EISA slot 3
[    2.942348] Cannot allocate resource for EISA slot 4
[    2.942350] Cannot allocate resource for EISA slot 5
[    2.942352] Cannot allocate resource for EISA slot 6
[    2.942354] Cannot allocate resource for EISA slot 7
[    2.942356] Cannot allocate resource for EISA slot 8
[    2.942358] EISA: Detected 0 cards.
[    2.942405] cpuidle: using governor ladder
[    2.942407] cpuidle: using governor menu
[    2.942458] random 0000 0000 0000 00000000 00000000: rand_read_num 4 get_random_bytes(136): sig 0000021d 00000000 00000000
[    2.942461] random 0000 0000 0000 00000000 00000000: extract_entropy(.. 136 ..)
[    2.942464] random 0000 0000 0000 00000000 00000000: going to reseed nonblocking with 1024 bits (1088 of 0 requested)
[    2.942466] random 0000 0000 0000 00000000 00000000: extract_entropy(.. 128 ..)
[    2.942469] random 0000 0000 0000 00000000 00000000: trying to extract 1024 bits from input
[    2.942472] random 0000 0000 0000 00000000 00000000: debiting 0 entropy credits from input
[    2.942474] random 0000 0000 0000 00000000 00000000: extract_entropy account returned: 0 
[    2.942477] random 0000 0000 0000 00000000 00000000: urand_change_num 7 xfer_secondary_pool(136): pool_sig 0000021d, data_sig 00000000, bytes_mixed 0 00000000 00000000
[    2.942480] random 0000 0000 0000 00000000 00000000: trying to extract 1088 bits from nonblocking
[    2.942482] random 0000 0000 0000 00000000 00000000: debiting 1088 entropy credits from nonblocking (unlimited)
[    2.942485] random 0000 0000 0000 00000000 00000000: extract_entropy account returned: 136 
[    2.942488] random 0000 0000 0000 00000000 00000000: urand_change_num 8 extract_buf: pool_sig 0000021d, data_sig fffffff7, bytes_mixed 20 00000000 00000000
[    2.942493] random 0000 0000 0000 f961ee50 ba9cb1aa: urand_change_num 9 extract_buf: pool_sig 00000230, data_sig fffffeb4, bytes_mixed 20 f961ee50 ba9cb1aa
[    2.942498] random 0000 0000 0000 9748bdd6 56fb8af6: urand_change_num 10 extract_buf: pool_sig 00000373, data_sig 000000cf, bytes_mixed 20 9748bdd6 56fb8af6
[    2.942502] random 0000 0000 0000 9748bdd6 56fb8af6: urand_change_num 11 extract_buf: pool_sig fffffe49, data_sig 0000023f, bytes_mixed 20 9748bdd6 56fb8af6
[    2.942507] random 0000 0000 0000 a135be86 4777650e: urand_change_num 12 extract_buf: pool_sig fffffcce, data_sig 000000c6, bytes_mixed 20 a135be86 4777650e
[    2.942512] random 0000 0000 0000 4a6ea85d 170e00dd: urand_change_num 13 extract_buf: pool_sig ffffff97, data_sig ffffff7d, bytes_mixed 20 4a6ea85d 170e00dd
[    2.942516] random 0000 0000 0000 4a6ea85d 170e00dd: urand_change_num 14 extract_buf: pool_sig 00000160, data_sig fffffeea, bytes_mixed 20 4a6ea85d 170e00dd
[    2.942521] random 0000 0000 0000 6e87c3cb da668c73: urand_change_num 15 extract_buf: pool_sig 0000034f, data_sig ffffff54, bytes_mixed 20 6e87c3cb da668c73
[    2.942525] random 0000 0000 0000 6e87c3cb da668c73: urand_change_num 16 extract_buf: pool_sig fffffdc5, data_sig 00000205, bytes_mixed 20 6e87c3cb da668c73
[    2.942530] random 0000 0000 0000 39f531e6 461eb249: urand_change_num 17 extract_buf: pool_sig fffffc1d, data_sig ffffff5e, bytes_mixed 20 39f531e6 461eb249
[    2.942534] random 0000 0000 0000 7e1538a2 3e661182: urand_change_num 18 extract_buf: pool_sig 000006ef, data_sig ffffff2e, bytes_mixed 20 7e1538a2 3e661182
[    2.942539] random 0000 0000 0000 7e1538a2 3e661182: urand_change_num 19 extract_buf: pool_sig 00000317, data_sig fffffccb, bytes_mixed 20 7e1538a2 3e661182
[    2.942543] random 0000 0000 0000 76af506b 9b57305e: urand_change_num 20 extract_buf: pool_sig 00000227, data_sig ffffffd2, bytes_mixed 20 76af506b 9b57305e
[    2.942548] random 0000 0000 0000 37d49d89 e20417cc: urand_change_num 21 extract_buf: pool_sig 0000080b, data_sig 000001e9, bytes_mixed 20 37d49d89 e20417cc
[    2.942552] TCP cubic registered
[    2.942603] NET: Registered protocol family 10
[    2.942641] RANDOM - __random32 called. Change num 12.  Value: 8f3eba68	c1db9b96	544fe79f
[    2.942643] RANDOM - random32 called.  Value: 8f3eba68	c1db9b96	544fe79f
[    2.942652] random 0000 0000 0000 37d49d89 e20417cc: rand_read_num 5 get_random_bytes(4): sig 00000298 37d49d89 e20417cc
[    2.942655] random 0000 0000 0000 37d49d89 e20417cc: extract_entropy(.. 4 ..)
[    2.942657] random 0000 0000 0000 37d49d89 e20417cc: going to reseed nonblocking with 64 bits (32 of 0 requested)
[    2.942659] random 0000 0000 0000 37d49d89 e20417cc: extract_entropy(.. 8 ..)
[    2.942662] random 0000 0000 0000 37d49d89 e20417cc: trying to extract 64 bits from input
[    2.942664] random 0000 0000 0000 37d49d89 e20417cc: debiting 0 entropy credits from input
[    2.942666] random 0000 0000 0000 37d49d89 e20417cc: extract_entropy account returned: 0 
[    2.942669] random 0000 0000 0000 37d49d89 e20417cc: urand_change_num 22 xfer_secondary_pool(4): pool_sig 00000298, data_sig 00000000, bytes_mixed 0 37d49d89 e20417cc
[    2.942672] random 0000 0000 0000 37d49d89 e20417cc: trying to extract 32 bits from nonblocking
[    2.942674] random 0000 0000 0000 37d49d89 e20417cc: debiting 32 entropy credits from nonblocking (unlimited)
[    2.942677] random 0000 0000 0000 37d49d89 e20417cc: extract_entropy account returned: 4 
[    2.942680] random 0000 0000 0000 37d49d89 e20417cc: urand_change_num 23 extract_buf: pool_sig 00000298, data_sig 00000092, bytes_mixed 20 37d49d89 e20417cc
[    2.942732] RANDOM - __random32 called. Change num 13.  Value: eba68b0e	1db9b963	cf3ec61b
[    2.942734] RANDOM - random32 called.  Value: eba68b0e	1db9b963	cf3ec61b
[    2.942786] NET: Registered protocol family 17
[    2.942813] Using IPI No-Shortcut mode
[    2.942819] random 0000 0000 0000 2ee4c4fc 167bdb15: rand_read_num 6 get_random_bytes(8): sig fffffcbf 2ee4c4fc 167bdb15
[    2.942822] random 0000 0000 0000 2ee4c4fc 167bdb15: extract_entropy(.. 8 ..)
[    2.942824] random 0000 0000 0000 2ee4c4fc 167bdb15: going to reseed nonblocking with 64 bits (64 of 0 requested)
[    2.942826] random 0000 0000 0000 2ee4c4fc 167bdb15: extract_entropy(.. 8 ..)
[    2.942828] random 0000 0000 0000 2ee4c4fc 167bdb15: trying to extract 64 bits from input
[    2.942831] random 0000 0000 0000 2ee4c4fc 167bdb15: debiting 0 entropy credits from input
[    2.942833] random 0000 0000 0000 2ee4c4fc 167bdb15: extract_entropy account returned: 0 
[    2.942879] random 0000 0000 0000 2ee4c4fc 167bdb15: urand_change_num 24 xfer_secondary_pool(8): pool_sig fffffcbf, data_sig 00000000, bytes_mixed 0 2ee4c4fc 167bdb15
[    2.942882] random 0000 0000 0000 2ee4c4fc 167bdb15: trying to extract 64 bits from nonblocking
[    2.942884] random 0000 0000 0000 2ee4c4fc 167bdb15: debiting 64 entropy credits from nonblocking (unlimited)
[    2.942887] random 0000 0000 0000 2ee4c4fc 167bdb15: extract_entropy account returned: 8 
[    2.942890] random 0000 0000 0000 2ee4c4fc 167bdb15: urand_change_num 25 extract_buf: pool_sig fffffcbf, data_sig ffffff83, bytes_mixed 20 2ee4c4fc 167bdb15
[    2.942941] PM: Resume from disk failed.
[    2.942949] registered taskstats version 1
[    2.942952] random 0000 0000 0000 2ee4c4fc 167bdb15: rand_read_num 7 get_random_bytes(12): sig fffffc69 2ee4c4fc 167bdb15
[    2.942954] random 0000 0000 0000 2ee4c4fc 167bdb15: extract_entropy(.. 12 ..)
[    2.942957] random 0000 0000 0000 2ee4c4fc 167bdb15: going to reseed nonblocking with 96 bits (96 of 0 requested)
[    2.942959] random 0000 0000 0000 2ee4c4fc 167bdb15: extract_entropy(.. 12 ..)
[    2.942961] random 0000 0000 0000 2ee4c4fc 167bdb15: trying to extract 96 bits from input
[    2.942963] random 0000 0000 0000 2ee4c4fc 167bdb15: debiting 0 entropy credits from input
[    2.942965] random 0000 0000 0000 2ee4c4fc 167bdb15: extract_entropy account returned: 0 
[    2.942968] random 0000 0000 0000 2ee4c4fc 167bdb15: urand_change_num 26 xfer_secondary_pool(12): pool_sig fffffc69, data_sig 00000000, bytes_mixed 0 2ee4c4fc 167bdb15
[    2.942971] random 0000 0000 0000 2ee4c4fc 167bdb15: trying to extract 96 bits from nonblocking
[    2.942973] random 0000 0000 0000 2ee4c4fc 167bdb15: debiting 96 entropy credits from nonblocking (unlimited)
[    2.942975] random 0000 0000 0000 2ee4c4fc 167bdb15: extract_entropy account returned: 12 
[    2.942979] random 0000 0000 0000 2ee4c4fc 167bdb15: urand_change_num 27 extract_buf: pool_sig fffffc69, data_sig ffffff7d, bytes_mixed 20 2ee4c4fc 167bdb15
[    2.942983] random 0000 0000 0000 83b7c1ab 94697f48: urand_change_num 28 extract_buf: pool_sig fffffe30, data_sig fffffdd6, bytes_mixed 20 83b7c1ab 94697f48
[    2.942986] RANDOM - __seed init called.
[    2.942987] RANDOM - __seed init called.
[    2.942989] RANDOM - __seed init called.
[    2.942990] RANDOM - __random32 called. Change num 14.  Value: fc007995	feca4f80	21b38ad2
[    2.942992] RANDOM - random32_reseed called.  Value: fc007995	feca4f80	21b38ad2
[    2.942995] Pid: 1, comm: swapper Not tainted 2.6.32.57 #4
[    2.942997] Call Trace:
[    2.943003]  [<c14a8a0e>] ? printk+0x1d/0x1f
[    2.943007]  [<c17537e5>] random32_reseed+0x89/0xbd
[    2.943011]  [<c1003042>] do_one_initcall+0x32/0x1a0
[    2.943013]  [<c175375c>] ? random32_reseed+0x0/0xbd
[    2.943017]  [<c17308e7>] kernel_init+0x12d/0x17a
[    2.943019]  [<c17307ba>] ? kernel_init+0x0/0x17a
[    2.943022]  [<c1009b07>] kernel_thread_helper+0x7/0x10
[    2.945607] input: AT Translated Set 2 keyboard as /devices/platform/i8042/serio0/input/input1
[    2.945883] random 0000 0000 0000 6db70b00 b30ce96b: rand_read_num 8 get_random_bytes(64): sig fffffb38 6db70b00 b30ce96b
[    2.945887] random 0000 0000 0000 6db70b00 b30ce96b: extract_entropy(.. 64 ..)
[    2.945890] random 0000 0000 0000 6db70b00 b30ce96b: going to reseed nonblocking with 512 bits (512 of 0 requested)
[    2.945893] random 0000 0000 0000 6db70b00 b30ce96b: extract_entropy(.. 64 ..)
[    2.945895] random 0000 0000 0000 6db70b00 b30ce96b: trying to extract 512 bits from input
[    2.945898] random 0000 0000 0000 6db70b00 b30ce96b: debiting 0 entropy credits from input
[    2.945900] random 0000 0000 0000 6db70b00 b30ce96b: extract_entropy account returned: 0 
[    2.945903] random 0000 0000 0000 6db70b00 b30ce96b: urand_change_num 29 xfer_secondary_pool(64): pool_sig fffffb38, data_sig 00000000, bytes_mixed 0 6db70b00 b30ce96b
[    2.945906] random 0000 0000 0000 6db70b00 b30ce96b: trying to extract 512 bits from nonblocking
[    2.945909] random 0000 0000 0000 6db70b00 b30ce96b: debiting 512 entropy credits from nonblocking (unlimited)
[    2.945911] random 0000 0000 0000 6db70b00 b30ce96b: extract_entropy account returned: 64 
[    2.945915] random 0000 0000 0000 6db70b00 b30ce96b: urand_change_num 30 extract_buf: pool_sig fffffb38, data_sig 00000151, bytes_mixed 20 6db70b00 b30ce96b
[    2.945919] random 0000 0000 0000 6db70b00 b30ce96b: urand_change_num 31 extract_buf: pool_sig fffffdb8, data_sig 00000379, bytes_mixed 20 6db70b00 b30ce96b
[    2.945924] random 0000 0000 0000 6b83001e d4b6c0d3: urand_change_num 32 extract_buf: pool_sig ffffffc9, data_sig 00000198, bytes_mixed 20 6b83001e d4b6c0d3
[    2.945928] random 0000 0000 0000 79d3e3c7 be564518: urand_change_num 33 extract_buf: pool_sig 000002b9, data_sig ffffff84, bytes_mixed 20 79d3e3c7 be564518
[    2.945933] random 0000 0000 0000 79d3e3c7 be564518: urand_change_num 34 extract_buf: pool_sig ffffff55, data_sig ffffff5a, bytes_mixed 20 79d3e3c7 be564518
[    2.945937] random 0000 0000 0000 89c03cb2 0d353228: urand_change_num 35 extract_buf: pool_sig 00000007, data_sig ffffff17, bytes_mixed 20 89c03cb2 0d353228
[    2.945942] random 0000 0000 0000 89c03cb2 0d353228: urand_change_num 36 extract_buf: pool_sig fffffdae, data_sig 000000db, bytes_mixed 20 89c03cb2 0d353228  Magic number: 13:847:399
[    2.945966] pciehp 0000:00:16.6:pcie04: hash matches
[    2.945969] pci_express 0000:00:15.3:pcie01: hash matches
[    2.946056] rtc_cmos 00:04: setting system clock to 2013-05-24 21:23:28 UTC (1369430608)
[    2.946059] BIOS EDD facility v0.16 2004-Jun-25, 0 devices found
[    2.946060] EDD information not available.
[    2.946088] random 0000 0000 0000 8ca62387 b120332c: rand_read_num 9 get_random_bytes(64): sig fffffed6 8ca62387 b120332c
[    2.946090] random 0000 0000 0000 8ca62387 b120332c: extract_entropy(.. 64 ..)
[    2.946093] random 0000 0000 0000 8ca62387 b120332c: going to reseed nonblocking with 512 bits (512 of 0 requested)
[    2.946095] random 0000 0000 0000 8ca62387 b120332c: extract_entropy(.. 64 ..)
[    2.946097] random 0000 0000 0000 8ca62387 b120332c: trying to extract 512 bits from input
[    2.946100] random 0000 0000 0000 8ca62387 b120332c: debiting 0 entropy credits from input
[    2.946102] random 0000 0000 0000 8ca62387 b120332c: extract_entropy account returned: 0 
[    2.946105] random 0000 0000 0000 8ca62387 b120332c: urand_change_num 37 xfer_secondary_pool(64): pool_sig fffffed6, data_sig 00000000, bytes_mixed 0 8ca62387 b120332c
[    2.946107] random 0000 0000 0000 8ca62387 b120332c: trying to extract 512 bits from nonblocking
[    2.946110] random 0000 0000 0000 8ca62387 b120332c: debiting 512 entropy credits from nonblocking (unlimited)
[    2.946112] random 0000 0000 0000 8ca62387 b120332c: extract_entropy account returned: 64 
[    2.946116] random 0000 0000 0000 8ca62387 b120332c: urand_change_num 38 extract_buf: pool_sig fffffed6, data_sig fffffeb6, bytes_mixed 20 8ca62387 b120332c
[    2.946120] random 0000 0000 0000 90702413 e2a66c2e: urand_change_num 39 extract_buf: pool_sig fffffbb0, data_sig 0000012e, bytes_mixed 20 90702413 e2a66c2e
[    2.946125] random 0000 0000 0000 90702413 e2a66c2e: urand_change_num 40 extract_buf: pool_sig fffffaf1, data_sig ffffff3c, bytes_mixed 20 90702413 e2a66c2e
[    2.946129] random 0000 0000 0000 3f58038b c77aecb6: urand_change_num 41 extract_buf: pool_sig 00000234, data_sig fffffdec, bytes_mixed 20 3f58038b c77aecb6
[    2.946133] random 0000 0000 0000 47187b9d 03f21510: urand_change_num 42 extract_buf: pool_sig 00000192, data_sig 00000075, bytes_mixed 20 47187b9d 03f21510
[    2.946138] random 0000 0000 0000 47187b9d 03f21510: urand_change_num 43 extract_buf: pool_sig 0000018e, data_sig ffffffbf, bytes_mixed 20 47187b9d 03f21510
[    2.946142] random 0000 0000 0000 3180b1fc 0fa9c973: urand_change_num 44 extract_buf: pool_sig fffffecf, data_sig ffffff2a, bytes_mixed 20 3180b1fc 0fa9c973
[    2.946145] BEGIN NET_SECRET:
[    2.946146] \xffffff87
[    2.946148] \xffffff8d
[    2.946149] \xfffffff4
[    2.946150] \xffffffae
[    2.946151] \xffffffc3
[    2.946152] \xffffffb7
[    2.946154] \x31
[    2.946155] \x65
[    2.946156] \xffffffda
[    2.946157] \xffffffa2
[    2.946158] \x31
[    2.946159] \xffffffc8
[    2.946160] \xffffffa9
[    2.946162] \x76
[    2.946163] \x76
[    2.946164] \xffffff90
[    2.946165] \x55
[    2.946166] \xfffffff3
[    2.946167] \xffffffb1
[    2.946169] \x3
[    2.946170] \xffffffb3
[    2.946171] \xffffffa7
[    2.946172] \x5a
[    2.946173] \x71
[    2.946174] \x70
[    2.946175] \xffffff8c
[    2.946177] \x56
[    2.946178] \x25
[    2.946179] \xffffffe1
[    2.946180] \x4c
[    2.946181] \xffffffe6
[    2.946182] \xffffff95
[    2.946183] \x67
[    2.946185] \x4c
[    2.946186] \xffffffb9
[    2.946187] \x1d
[    2.946188] \xe
[    2.946189] \x34
[    2.946190] \xffffffbe
[    2.946191] \x12
[    2.946193] \x5
[    2.946194] \xffffff98
[    2.946195] \xffffffa0
[    2.946196] \xf
[    2.946197] \xffffffb2
[    2.946198] \xffffffde
[    2.946199] \xffffff99
[    2.946201] \xf
[    2.946202] \xffffffe8
[    2.946203] \xffffffc8
[    2.946204] \x1f
[    2.946205] \x54
[    2.946206] \x2c
[    2.946207] \xffffffee
[    2.946209] \x2e
[    2.946210] \x0
[    2.946211] \xffffff95
[    2.946212] \x0
[    2.946213] \xffffffe3
[    2.946214] \xffffffa7
[    2.946215] \xfffffffd
[    2.946217] \x66
[    2.946218] \xffffff92
[    2.946219] \xfffffff0
[    2.946220] 
[    2.946221] END NET_SECRET
[    2.946224] random 0000 0000 0000 3180b1fc 0fa9c973: rand_read_num 10 get_random_bytes(4): sig ffffff46 3180b1fc 0fa9c973
[    2.946226] random 0000 0000 0000 3180b1fc 0fa9c973: extract_entropy(.. 4 ..)
[    2.946229] random 0000 0000 0000 3180b1fc 0fa9c973: going to reseed nonblocking with 64 bits (32 of 0 requested)
[    2.946231] random 0000 0000 0000 3180b1fc 0fa9c973: extract_entropy(.. 8 ..)
[    2.946233] random 0000 0000 0000 3180b1fc 0fa9c973: trying to extract 64 bits from input
[    2.946235] random 0000 0000 0000 3180b1fc 0fa9c973: debiting 0 entropy credits from input
[    2.946237] random 0000 0000 0000 3180b1fc 0fa9c973: extract_entropy account returned: 0 
[    2.946240] random 0000 0000 0000 3180b1fc 0fa9c973: urand_change_num 45 xfer_secondary_pool(4): pool_sig ffffff46, data_sig 00000000, bytes_mixed 0 3180b1fc 0fa9c973
[    2.946243] random 0000 0000 0000 3180b1fc 0fa9c973: trying to extract 32 bits from nonblocking
[    2.946245] random 0000 0000 0000 3180b1fc 0fa9c973: debiting 32 entropy credits from nonblocking (unlimited)
[    2.946248] random 0000 0000 0000 3180b1fc 0fa9c973: extract_entropy account returned: 4 
[    2.946251] random 0000 0000 0000 3180b1fc 0fa9c973: urand_change_num 46 extract_buf: pool_sig ffffff46, data_sig 0000001b, bytes_mixed 20 3180b1fc 0fa9c973
[    3.119072] ata2.00: ATAPI: VMware Virtual IDE CDROM Drive, 00000001, max UDMA/33
[    3.119369] ata2.00: configured for UDMA/33
[    3.119751] scsi 1:0:0:0: CD-ROM            NECVMWar VMware IDE CDR10 1.00 PQ: 0 ANSI: 5
[    3.120991] sr0: scsi3-mmc drive: 306x/306x cd/rw xa/form2 cdda tray
[    3.120995] Uniform CD-ROM driver Revision: 3.20
[    3.121046] sr 1:0:0:0: Attached scsi CD-ROM sr0
[    3.121082] sr 1:0:0:0: Attached scsi generic sg0 type 5
[    3.121117] Freeing unused kernel memory: 652k freed
[    3.121169] Write protecting the kernel text: 4840k
[    3.121199] Write protecting the kernel read-only data: 1968k
