[    0.000000] random 0000 0000 0000 00000000 00000000: rand_read_num 1 get_random_bytes(8): sig 00000000 00000000 00000000
[    0.000000] random 0000 0000 0000 00000000 00000000: extract_entropy(.. 8 ..)
[    0.000000] random 0000 0000 0000 00000000 00000000: going to reseed nonblocking with 64 bits (64 of 0 requested)
[    0.000000] random 0000 0000 0000 00000000 00000000: extract_entropy(.. 8 ..)
[    0.000000] random 0000 0000 0000 00000000 00000000: trying to extract 64 bits from input
[    0.000000] random 0000 0000 0000 00000000 00000000: debiting 0 entropy credits from input
[    0.000000] random 0000 0000 0000 00000000 00000000: extract_entropy account returned: 0 
[    0.000000] random 0000 0000 0000 00000000 00000000: urand_change_num 1 xfer_secondary_pool(8): pool_sig 00000000, data_sig 00000000, bytes_mixed 0 00000000 00000000
[    0.000000] random 0000 0000 0000 00000000 00000000: trying to extract 64 bits from nonblocking
[    0.000000] random 0000 0000 0000 00000000 00000000: debiting 64 entropy credits from nonblocking (unlimited)
[    0.000000] random 0000 0000 0000 00000000 00000000: extract_entropy account returned: 8 
[    0.000000] random 0000 0000 0000 00000000 00000000: urand_change_num 2 extract_buf: pool_sig 00000000, data_sig fffffff9, bytes_mixed 20 00000000 00000000
[    0.000000] Initializing cgroup subsys cpuset
[    0.000000] Initializing cgroup subsys cpu
[    0.000000] Linux version 2.6.32.57 (dcashman@ubuntu) (gcc version 4.6.3 (Ubuntu/Linaro 4.6.3-1ubuntu5) ) #4 SMP Fri May 24 11:09:26 PDT 2013
[    0.000000] KERNEL supported cpus:
[    0.000000]   Intel GenuineIntel
[    0.000000]   AMD AuthenticAMD
[    0.000000]   NSC Geode by NSC
[    0.000000]   Cyrix CyrixInstead
[    0.000000]   Centaur CentaurHauls
[    0.000000]   Transmeta GenuineTMx86
[    0.000000]   Transmeta TransmetaCPU
[    0.000000]   UMC UMC UMC UMC
[    0.000000] BIOS-provided physical RAM map:
[    0.000000]  BIOS-e820: 0000000000000000 - 000000000009f000 (usable)
[    0.000000]  BIOS-e820: 000000000009f000 - 00000000000a0000 (reserved)
[    0.000000]  BIOS-e820: 00000000000ca000 - 00000000000cc000 (reserved)
[    0.000000]  BIOS-e820: 00000000000dc000 - 0000000000100000 (reserved)
[    0.000000]  BIOS-e820: 0000000000100000 - 000000003fee0000 (usable)
[    0.000000]  BIOS-e820: 000000003fee0000 - 000000003feff000 (ACPI data)
[    0.000000]  BIOS-e820: 000000003feff000 - 000000003ff00000 (ACPI NVS)
[    0.000000]  BIOS-e820: 000000003ff00000 - 0000000040000000 (usable)
[    0.000000]  BIOS-e820: 00000000e0000000 - 00000000f0000000 (reserved)
[    0.000000]  BIOS-e820: 00000000fec00000 - 00000000fec10000 (reserved)
[    0.000000]  BIOS-e820: 00000000fee00000 - 00000000fee01000 (reserved)
[    0.000000]  BIOS-e820: 00000000fffe0000 - 0000000100000000 (reserved)
[    0.000000] DMI present.
[    0.000000] Phoenix BIOS detected: BIOS may corrupt low RAM, working around it.
[    0.000000] e820 update range: 0000000000000000 - 0000000000010000 (usable) ==> (reserved)
[    0.000000] last_pfn = 0x40000 max_arch_pfn = 0x1000000
[    0.000000] MTRR default type: uncachable
[    0.000000] MTRR fixed ranges enabled:
[    0.000000]   00000-9FFFF write-back
[    0.000000]   A0000-BFFFF uncachable
[    0.000000]   C0000-CBFFF write-protect
[    0.000000]   CC000-EFFFF uncachable
[    0.000000]   F0000-FFFFF write-protect
[    0.000000] MTRR variable ranges enabled:
[    0.000000]   0 base 0000000000 mask FFC0000000 write-back
[    0.000000]   1 disabled
[    0.000000]   2 disabled
[    0.000000]   3 disabled
[    0.000000]   4 disabled
[    0.000000]   5 disabled
[    0.000000]   6 disabled
[    0.000000]   7 disabled
[    0.000000] x86 PAT enabled: cpu 0, old 0x0, new 0x7010600070106
[    0.000000] Scanning 0 areas for low memory corruption
[    0.000000] modified physical RAM map:
[    0.000000]  modified: 0000000000000000 - 0000000000010000 (reserved)
[    0.000000]  modified: 0000000000010000 - 000000000009f000 (usable)
[    0.000000]  modified: 000000000009f000 - 00000000000a0000 (reserved)
[    0.000000]  modified: 00000000000ca000 - 00000000000cc000 (reserved)
[    0.000000]  modified: 00000000000dc000 - 0000000000100000 (reserved)
[    0.000000]  modified: 0000000000100000 - 000000003fee0000 (usable)
[    0.000000]  modified: 000000003fee0000 - 000000003feff000 (ACPI data)
[    0.000000]  modified: 000000003feff000 - 000000003ff00000 (ACPI NVS)
[    0.000000]  modified: 000000003ff00000 - 0000000040000000 (usable)
[    0.000000]  modified: 00000000e0000000 - 00000000f0000000 (reserved)
[    0.000000]  modified: 00000000fec00000 - 00000000fec10000 (reserved)
[    0.000000]  modified: 00000000fee00000 - 00000000fee01000 (reserved)
[    0.000000]  modified: 00000000fffe0000 - 0000000100000000 (reserved)
[    0.000000] initial memory mapped : 0 - 01e00000
[    0.000000] init_memory_mapping: 0000000000000000-00000000379fe000
[    0.000000] NX (Execute Disable) protection: active
[    0.000000]  0000000000 - 0000200000 page 4k
[    0.000000]  0000200000 - 0037800000 page 2M
[    0.000000]  0037800000 - 00379fe000 page 4k
[    0.000000] kernel direct mapping tables up to 379fe000 @ 10000-16000
[    0.000000] RAMDISK: 2dcfc000 - 32e758c3
[    0.000000] ACPI: RSDP 000f6b80 00024 (v02 PTLTD )
[    0.000000] ACPI: XSDT 3feed636 0005C (v01 INTEL  440BX    06040000 VMW  01324272)
[    0.000000] ACPI: FACP 3fefee98 000F4 (v04 INTEL  440BX    06040000 PTL  000F4240)
[    0.000000] ACPI: DSDT 3feee366 10B32 (v01 PTLTD  Custom   06040000 MSFT 03000001)
[    0.000000] ACPI: FACS 3fefffc0 00040
[    0.000000] ACPI: BOOT 3feee33e 00028 (v01 PTLTD  $SBFTBL$ 06040000  LTP 00000001)
[    0.000000] ACPI: APIC 3feedc3e 003C2 (v01 PTLTD  ? APIC   06040000  LTP 00000000)
[    0.000000] ACPI: MCFG 3feedc02 0003C (v01 PTLTD  $PCITBL$ 06040000  LTP 00000001)
[    0.000000] ACPI: SRAT 3feed732 004D0 (v02 VMWARE MEMPLUG  06040000 VMW  00000001)
[    0.000000] ACPI: HPET 3feed6fa 00038 (v01 VMWARE VMW HPET 06040000 VMW  00000001)
[    0.000000] ACPI: WAET 3feed6d2 00028 (v01 VMWARE VMW WAET 06040000 VMW  00000001)
[    0.000000] ACPI: Local APIC address 0xfee00000
[    0.000000] 134MB HIGHMEM available.
[    0.000000] 889MB LOWMEM available.
[    0.000000]   mapped low ram: 0 - 379fe000
[    0.000000]   low ram: 0 - 379fe000
[    0.000000]   node 0 low ram: 00000000 - 379fe000
[    0.000000]   node 0 bootmap 00012000 - 00018f40
[    0.000000] (9 early reservations) ==> bootmem [0000000000 - 00379fe000]
[    0.000000]   #0 [0000000000 - 0000001000]   BIOS data page ==> [0000000000 - 0000001000]
[    0.000000]   #1 [0000001000 - 0000002000]    EX TRAMPOLINE ==> [0000001000 - 0000002000]
[    0.000000]   #2 [0000006000 - 0000007000]       TRAMPOLINE ==> [0000006000 - 0000007000]
[    0.000000]   #3 [0001000000 - 0001a75ff8]    TEXT DATA BSS ==> [0001000000 - 0001a75ff8]
[    0.000000]   #4 [002dcfc000 - 0032e758c3]          RAMDISK ==> [002dcfc000 - 0032e758c3]
[    0.000000]   #5 [000009f000 - 0000100000]    BIOS reserved ==> [000009f000 - 0000100000]
[    0.000000]   #6 [0001a76000 - 0001a851c0]              BRK ==> [0001a76000 - 0001a851c0]
[    0.000000]   #7 [0000010000 - 0000012000]          PGTABLE ==> [0000010000 - 0000012000]
[    0.000000]   #8 [0000012000 - 0000019000]          BOOTMAP ==> [0000012000 - 0000019000]
[    0.000000] found SMP MP-table at [c00f6bf0] f6bf0
[    0.000000] Zone PFN ranges:
[    0.000000]   DMA      0x00000010 -> 0x00001000
[    0.000000]   Normal   0x00001000 -> 0x000379fe
[    0.000000]   HighMem  0x000379fe -> 0x00040000
[    0.000000] Movable zone start PFN for each node
[    0.000000] early_node_map[3] active PFN ranges
[    0.000000]     0: 0x00000010 -> 0x0000009f
[    0.000000]     0: 0x00000100 -> 0x0003fee0
[    0.000000]     0: 0x0003ff00 -> 0x00040000
[    0.000000] On node 0 totalpages: 261999
[    0.000000] free_area_init_node: node 0, pgdat c1715200, node_mem_map c1a87200
[    0.000000]   DMA zone: 32 pages used for memmap
[    0.000000]   DMA zone: 0 pages reserved
[    0.000000]   DMA zone: 3951 pages, LIFO batch:0
[    0.000000]   Normal zone: 1748 pages used for memmap
[    0.000000]   Normal zone: 221994 pages, LIFO batch:31
[    0.000000]   HighMem zone: 269 pages used for memmap
[    0.000000]   HighMem zone: 34005 pages, LIFO batch:7
[    0.000000] Using APIC driver default
[    0.000000] ACPI: PM-Timer IO Port: 0x1008
[    0.000000] ACPI: Local APIC address 0xfee00000
[    0.000000] ACPI: LAPIC (acpi_id[0x00] lapic_id[0x00] enabled)
[    0.000000] ACPI: LAPIC (acpi_id[0x01] lapic_id[0x02] disabled)
[    0.000000] ACPI: LAPIC (acpi_id[0x02] lapic_id[0x04] disabled)
[    0.000000] ACPI: LAPIC (acpi_id[0x03] lapic_id[0x06] disabled)
[    0.000000] ACPI: LAPIC (acpi_id[0x04] lapic_id[0x08] disabled)
[    0.000000] ACPI: LAPIC (acpi_id[0x05] lapic_id[0x0a] disabled)
[    0.000000] ACPI: LAPIC (acpi_id[0x06] lapic_id[0x0c] disabled)
[    0.000000] ACPI: LAPIC (acpi_id[0x07] lapic_id[0x0e] disabled)
[    0.000000] ACPI: LAPIC (acpi_id[0x08] lapic_id[0x10] disabled)
[    0.000000] ACPI: LAPIC (acpi_id[0x09] lapic_id[0x12] disabled)
[    0.000000] ACPI: LAPIC (acpi_id[0x0a] lapic_id[0x14] disabled)
[    0.000000] ACPI: LAPIC (acpi_id[0x0b] lapic_id[0x16] disabled)
[    0.000000] ACPI: LAPIC (acpi_id[0x0c] lapic_id[0x18] disabled)
[    0.000000] ACPI: LAPIC (acpi_id[0x0d] lapic_id[0x1a] disabled)
[    0.000000] ACPI: LAPIC (acpi_id[0x0e] lapic_id[0x1c] disabled)
[    0.000000] ACPI: LAPIC (acpi_id[0x0f] lapic_id[0x1e] disabled)
[    0.000000] ACPI: LAPIC (acpi_id[0x10] lapic_id[0x20] disabled)
[    0.000000] ACPI: LAPIC (acpi_id[0x11] lapic_id[0x22] disabled)
[    0.000000] ACPI: LAPIC (acpi_id[0x12] lapic_id[0x24] disabled)
[    0.000000] ACPI: LAPIC (acpi_id[0x13] lapic_id[0x26] disabled)
[    0.000000] ACPI: LAPIC (acpi_id[0x14] lapic_id[0x28] disabled)
[    0.000000] ACPI: LAPIC (acpi_id[0x15] lapic_id[0x2a] disabled)
[    0.000000] ACPI: LAPIC (acpi_id[0x16] lapic_id[0x2c] disabled)
[    0.000000] ACPI: LAPIC (acpi_id[0x17] lapic_id[0x2e] disabled)
[    0.000000] ACPI: LAPIC (acpi_id[0x18] lapic_id[0x30] disabled)
[    0.000000] ACPI: LAPIC (acpi_id[0x19] lapic_id[0x32] disabled)
[    0.000000] ACPI: LAPIC (acpi_id[0x1a] lapic_id[0x34] disabled)
[    0.000000] ACPI: LAPIC (acpi_id[0x1b] lapic_id[0x36] disabled)
[    0.000000] ACPI: LAPIC (acpi_id[0x1c] lapic_id[0x38] disabled)
[    0.000000] ACPI: LAPIC (acpi_id[0x1d] lapic_id[0x3a] disabled)
[    0.000000] ACPI: LAPIC (acpi_id[0x1e] lapic_id[0x3c] disabled)
[    0.000000] ACPI: LAPIC (acpi_id[0x1f] lapic_id[0x3e] disabled)
[    0.000000] ACPI: LAPIC (acpi_id[0x20] lapic_id[0x40] disabled)
[    0.000000] ACPI: LAPIC (acpi_id[0x21] lapic_id[0x42] disabled)
[    0.000000] ACPI: LAPIC (acpi_id[0x22] lapic_id[0x44] disabled)
[    0.000000] ACPI: LAPIC (acpi_id[0x23] lapic_id[0x46] disabled)
[    0.000000] ACPI: LAPIC (acpi_id[0x24] lapic_id[0x48] disabled)
[    0.000000] ACPI: LAPIC (acpi_id[0x25] lapic_id[0x4a] disabled)
[    0.000000] ACPI: LAPIC (acpi_id[0x26] lapic_id[0x4c] disabled)
[    0.000000] ACPI: LAPIC (acpi_id[0x27] lapic_id[0x4e] disabled)
[    0.000000] ACPI: LAPIC (acpi_id[0x28] lapic_id[0x50] disabled)
[    0.000000] ACPI: LAPIC (acpi_id[0x29] lapic_id[0x52] disabled)
[    0.000000] ACPI: LAPIC (acpi_id[0x2a] lapic_id[0x54] disabled)
[    0.000000] ACPI: LAPIC (acpi_id[0x2b] lapic_id[0x56] disabled)
[    0.000000] ACPI: LAPIC (acpi_id[0x2c] lapic_id[0x58] disabled)
[    0.000000] ACPI: LAPIC (acpi_id[0x2d] lapic_id[0x5a] disabled)
[    0.000000] ACPI: LAPIC (acpi_id[0x2e] lapic_id[0x5c] disabled)
[    0.000000] ACPI: LAPIC (acpi_id[0x2f] lapic_id[0x5e] disabled)
[    0.000000] ACPI: LAPIC (acpi_id[0x30] lapic_id[0x60] disabled)
[    0.000000] ACPI: LAPIC (acpi_id[0x31] lapic_id[0x62] disabled)
[    0.000000] ACPI: LAPIC (acpi_id[0x32] lapic_id[0x64] disabled)
[    0.000000] ACPI: LAPIC (acpi_id[0x33] lapic_id[0x66] disabled)
[    0.000000] ACPI: LAPIC (acpi_id[0x34] lapic_id[0x68] disabled)
[    0.000000] ACPI: LAPIC (acpi_id[0x35] lapic_id[0x6a] disabled)
[    0.000000] ACPI: LAPIC (acpi_id[0x36] lapic_id[0x6c] disabled)
[    0.000000] ACPI: LAPIC (acpi_id[0x37] lapic_id[0x6e] disabled)
[    0.000000] ACPI: LAPIC (acpi_id[0x38] lapic_id[0x70] disabled)
[    0.000000] ACPI: LAPIC (acpi_id[0x39] lapic_id[0x72] disabled)
[    0.000000] ACPI: LAPIC (acpi_id[0x3a] lapic_id[0x74] disabled)
[    0.000000] ACPI: LAPIC (acpi_id[0x3b] lapic_id[0x76] disabled)
[    0.000000] ACPI: LAPIC (acpi_id[0x3c] lapic_id[0x78] disabled)
[    0.000000] ACPI: LAPIC (acpi_id[0x3d] lapic_id[0x7a] disabled)
[    0.000000] ACPI: LAPIC (acpi_id[0x3e] lapic_id[0x7c] disabled)
[    0.000000] ACPI: LAPIC (acpi_id[0x3f] lapic_id[0x7e] disabled)
[    0.000000] ACPI: LAPIC_NMI (acpi_id[0x00] high edge lint[0x1])
[    0.000000] ACPI: LAPIC_NMI (acpi_id[0x01] high edge lint[0x1])
[    0.000000] ACPI: LAPIC_NMI (acpi_id[0x02] high edge lint[0x1])
[    0.000000] ACPI: LAPIC_NMI (acpi_id[0x03] high edge lint[0x1])
[    0.000000] ACPI: LAPIC_NMI (acpi_id[0x04] high edge lint[0x1])
[    0.000000] ACPI: LAPIC_NMI (acpi_id[0x05] high edge lint[0x1])
[    0.000000] ACPI: LAPIC_NMI (acpi_id[0x06] high edge lint[0x1])
[    0.000000] ACPI: LAPIC_NMI (acpi_id[0x07] high edge lint[0x1])
[    0.000000] ACPI: LAPIC_NMI (acpi_id[0x08] high edge lint[0x1])
[    0.000000] ACPI: LAPIC_NMI (acpi_id[0x09] high edge lint[0x1])
[    0.000000] ACPI: LAPIC_NMI (acpi_id[0x0a] high edge lint[0x1])
[    0.000000] ACPI: LAPIC_NMI (acpi_id[0x0b] high edge lint[0x1])
[    0.000000] ACPI: LAPIC_NMI (acpi_id[0x0c] high edge lint[0x1])
[    0.000000] ACPI: LAPIC_NMI (acpi_id[0x0d] high edge lint[0x1])
[    0.000000] ACPI: LAPIC_NMI (acpi_id[0x0e] high edge lint[0x1])
[    0.000000] ACPI: LAPIC_NMI (acpi_id[0x0f] high edge lint[0x1])
[    0.000000] ACPI: LAPIC_NMI (acpi_id[0x10] high edge lint[0x1])
[    0.000000] ACPI: LAPIC_NMI (acpi_id[0x11] high edge lint[0x1])
[    0.000000] ACPI: LAPIC_NMI (acpi_id[0x12] high edge lint[0x1])
[    0.000000] ACPI: LAPIC_NMI (acpi_id[0x13] high edge lint[0x1])
[    0.000000] ACPI: LAPIC_NMI (acpi_id[0x14] high edge lint[0x1])
[    0.000000] ACPI: LAPIC_NMI (acpi_id[0x15] high edge lint[0x1])
[    0.000000] ACPI: LAPIC_NMI (acpi_id[0x16] high edge lint[0x1])
[    0.000000] ACPI: LAPIC_NMI (acpi_id[0x17] high edge lint[0x1])
[    0.000000] ACPI: LAPIC_NMI (acpi_id[0x18] high edge lint[0x1])
[    0.000000] ACPI: LAPIC_NMI (acpi_id[0x19] high edge lint[0x1])
[    0.000000] ACPI: LAPIC_NMI (acpi_id[0x1a] high edge lint[0x1])
[    0.000000] ACPI: LAPIC_NMI (acpi_id[0x1b] high edge lint[0x1])
[    0.000000] ACPI: LAPIC_NMI (acpi_id[0x1c] high edge lint[0x1])
[    0.000000] ACPI: LAPIC_NMI (acpi_id[0x1d] high edge lint[0x1])
[    0.000000] ACPI: LAPIC_NMI (acpi_id[0x1e] high edge lint[0x1])
[    0.000000] ACPI: LAPIC_NMI (acpi_id[0x1f] high edge lint[0x1])
[    0.000000] ACPI: LAPIC_NMI (acpi_id[0x20] high edge lint[0x1])
[    0.000000] ACPI: LAPIC_NMI (acpi_id[0x21] high edge lint[0x1])
[    0.000000] ACPI: LAPIC_NMI (acpi_id[0x22] high edge lint[0x1])
[    0.000000] ACPI: LAPIC_NMI (acpi_id[0x23] high edge lint[0x1])
[    0.000000] ACPI: LAPIC_NMI (acpi_id[0x24] high edge lint[0x1])
[    0.000000] ACPI: LAPIC_NMI (acpi_id[0x25] high edge lint[0x1])
[    0.000000] ACPI: LAPIC_NMI (acpi_id[0x26] high edge lint[0x1])
[    0.000000] ACPI: LAPIC_NMI (acpi_id[0x27] high edge lint[0x1])
[    0.000000] ACPI: LAPIC_NMI (acpi_id[0x28] high edge lint[0x1])
[    0.000000] ACPI: LAPIC_NMI (acpi_id[0x29] high edge lint[0x1])
[    0.000000] ACPI: LAPIC_NMI (acpi_id[0x2a] high edge lint[0x1])
[    0.000000] ACPI: LAPIC_NMI (acpi_id[0x2b] high edge lint[0x1])
[    0.000000] ACPI: LAPIC_NMI (acpi_id[0x2c] high edge lint[0x1])
[    0.000000] ACPI: LAPIC_NMI (acpi_id[0x2d] high edge lint[0x1])
[    0.000000] ACPI: LAPIC_NMI (acpi_id[0x2e] high edge lint[0x1])
[    0.000000] ACPI: LAPIC_NMI (acpi_id[0x2f] high edge lint[0x1])
[    0.000000] ACPI: LAPIC_NMI (acpi_id[0x30] high edge lint[0x1])
[    0.000000] ACPI: LAPIC_NMI (acpi_id[0x31] high edge lint[0x1])
[    0.000000] ACPI: LAPIC_NMI (acpi_id[0x32] high edge lint[0x1])
[    0.000000] ACPI: LAPIC_NMI (acpi_id[0x33] high edge lint[0x1])
[    0.000000] ACPI: LAPIC_NMI (acpi_id[0x34] high edge lint[0x1])
[    0.000000] ACPI: LAPIC_NMI (acpi_id[0x35] high edge lint[0x1])
[    0.000000] ACPI: LAPIC_NMI (acpi_id[0x36] high edge lint[0x1])
[    0.000000] ACPI: LAPIC_NMI (acpi_id[0x37] high edge lint[0x1])
[    0.000000] ACPI: LAPIC_NMI (acpi_id[0x38] high edge lint[0x1])
[    0.000000] ACPI: LAPIC_NMI (acpi_id[0x39] high edge lint[0x1])
[    0.000000] ACPI: LAPIC_NMI (acpi_id[0x3a] high edge lint[0x1])
[    0.000000] ACPI: LAPIC_NMI (acpi_id[0x3b] high edge lint[0x1])
[    0.000000] ACPI: LAPIC_NMI (acpi_id[0x3c] high edge lint[0x1])
[    0.000000] ACPI: LAPIC_NMI (acpi_id[0x3d] high edge lint[0x1])
[    0.000000] ACPI: LAPIC_NMI (acpi_id[0x3e] high edge lint[0x1])
[    0.000000] ACPI: LAPIC_NMI (acpi_id[0x3f] high edge lint[0x1])
[    0.000000] ACPI: Skipping IOAPIC probe due to 'noapic' option.
[    0.000000] Using ACPI for processor (LAPIC) configuration information
[    0.000000] ACPI: HPET id: 0x8086af01 base: 0xfed00000
[    0.000000] Intel MultiProcessor Specification v1.4
[    0.000000]     Virtual Wire compatibility mode.
[    0.000000] MPTABLE: OEM ID: INTEL   
[    0.000000] MPTABLE: Product ID: 440BX       
[    0.000000] MPTABLE: APIC at: 0xFEE00000
[    0.000000] I/O APIC #1 Version 17 at 0xFEC00000.
[    0.000000] Processors: 1
[    0.000000] 64 Processors exceeds NR_CPUS limit of 8
[    0.000000] SMP: Allowing 8 CPUs, 7 hotplug CPUs
[    0.000000] nr_irqs_gsi: 24
[    0.000000] PM: Registered nosave memory: 000000000009f000 - 00000000000a0000
[    0.000000] PM: Registered nosave memory: 00000000000a0000 - 00000000000ca000
[    0.000000] PM: Registered nosave memory: 00000000000ca000 - 00000000000cc000
[    0.000000] PM: Registered nosave memory: 00000000000cc000 - 00000000000dc000
[    0.000000] PM: Registered nosave memory: 00000000000dc000 - 0000000000100000
[    0.000000] Allocating PCI resources starting at 40000000 (gap: 40000000:a0000000)
[    0.000000] Booting paravirtualized kernel on bare hardware
[    0.000000] NR_CPUS:8 nr_cpumask_bits:8 nr_cpu_ids:8 nr_node_ids:1
[    0.000000] PERCPU: Embedded 15 pages/cpu @c2400000 s39320 r0 d22120 u262144
[    0.000000] pcpu-alloc: s39320 r0 d22120 u262144 alloc=1*2097152
[    0.000000] pcpu-alloc: [0] 0 1 2 3 4 5 6 7 
[    0.000000] Built 1 zonelists in Zone order, mobility grouping on.  Total pages: 259950
[    0.000000] Kernel command line: BOOT_IMAGE=/boot/vmlinuz-2.6.32.57 root=UUID=007b598c-390d-4c65-84a1-4ff752d48633 ro quiet splash maxcpus=0
[    0.000000] PID hash table entries: 4096 (order: 2, 16384 bytes)
[    0.000000] Dentry cache hash table entries: 131072 (order: 7, 524288 bytes)
[    0.000000] Inode-cache hash table entries: 65536 (order: 6, 262144 bytes)
[    0.000000] Enabling fast FPU save and restore... done.
[    0.000000] Enabling unmasked SIMD FPU exception support... done.
[    0.000000] Initializing CPU#0
[    0.000000] xsave/xrstor: enabled xstate_bv 0x7, cntxt size 0x340
[    0.000000] allocated 5242560 bytes of page_cgroup
[    0.000000] please try 'cgroup_disable=memory' option if you don't want memory cgroups
[    0.000000] Initializing HighMem for node 0 (000379fe:00040000)
[    0.000000] Memory: 938260k/1048576k available (4839k kernel code, 108848k reserved, 2518k data, 652k init, 137096k highmem)
[    0.000000] virtual kernel memory layout:
[    0.000000]     fixmap  : 0xfff1e000 - 0xfffff000   ( 900 kB)
[    0.000000]     pkmap   : 0xffa00000 - 0xffc00000   (2048 kB)
[    0.000000]     vmalloc : 0xf81fe000 - 0xff9fe000   ( 120 MB)
[    0.000000]     lowmem  : 0xc0000000 - 0xf79fe000   ( 889 MB)
[    0.000000]       .init : 0xc1730000 - 0xc17d3000   ( 652 kB)
[    0.000000]       .data : 0xc14b9cce - 0xc172f764   (2518 kB)
[    0.000000]       .text : 0xc1000000 - 0xc14b9cce   (4839 kB)
[    0.000000] Checking if this processor honours the WP bit even in supervisor mode...Ok.
[    0.000000] SLUB: Genslabs=13, HWalign=64, Order=0-3, MinObjects=0, CPUs=8, Nodes=1
[    0.000000] Hierarchical RCU implementation.
[    0.000000] NR_IRQS:2304 nr_irqs:472
[    0.000000] Extended CMOS year: 2000
[    0.000000] Console: colour VGA+ 80x25
[    0.000000] console [tty0] enabled
[    0.000000] hpet clockevent registered
[    0.000000] TSC freq read from hypervisor : 2394.620 MHz
[    0.000000] Detected 2394.620 MHz processor.
[    0.000002] Calibrating delay loop (skipped) preset value.. 4789.24 BogoMIPS (lpj=9578480)
[    0.000011] Security Framework initialized
[    0.000014] SELinux:  Disabled at boot.
[    0.000018] Mount-cache hash table entries: 512
[    0.000116] Initializing cgroup subsys cpuacct
[    0.000119] Initializing cgroup subsys memory
[    0.000122] Initializing cgroup subsys devices
[    0.000123] Initializing cgroup subsys freezer
[    0.000149] CPU: Physical Processor ID: 0
[    0.000156] CPU: L1 I cache: 32K, L1 D cache: 32K
[    0.000157] CPU: L2 cache: 256K
[    0.000158] CPU: L3 cache: 4096K
[    0.000163] mce: CPU supports 0 MCE banks
[    0.000175] Performance Events: no PMU driver, software events only.
[    0.000185] Checking 'hlt' instruction... OK.
[    0.017992] SMP alternatives: switching to UP code
[    0.034824] ACPI: Core revision 20090903
[    0.041283] ACPI: setting ELCR to 0200 (from 0e20)
[    0.042301] ftrace: converting mcount calls to 0f 1f 44 00 00
[    0.042307] ftrace: allocating 22631 entries in 45 pages
[    0.059377] CANARY value: fbf18308 for PID: 1
[    0.059406] Not enabling x2apic, Intr-remapping init failed.
[    0.059408] Enabling APIC mode:  Flat.  Using 1 I/O APICs
[    0.059415] SMP mode deactivated.
[    0.059440] SMP disabled
[    0.059517] Brought up 1 CPUs
[    0.059518] Total of 1 processors activated (4789.24 BogoMIPS).
[    0.059523] CPU0 attaching NULL sched-domain.
[    0.059595] devtmpfs: initialized
[    0.059705] sysctl table check failed: /kernel/random/now_input .1.40.7 Unknown sysctl binary path
[    0.059965] Pid: 1, comm: swapper Not tainted 2.6.32.57 #4
[    0.059966] Call Trace:
[    0.059970]  [<c14a8a0e>] ? printk+0x1d/0x1f
[    0.059973]  [<c107b56f>] set_fail+0x4f/0x60
[    0.059975]  [<c107b8b3>] sysctl_check_table+0x333/0x620
[    0.059977]  [<c107b8cc>] sysctl_check_table+0x34c/0x620
[    0.059979]  [<c107b8cc>] sysctl_check_table+0x34c/0x620
[    0.059982]  [<c1746d48>] sysctl_init+0x25/0x29
[    0.059985]  [<c1003042>] do_one_initcall+0x32/0x1a0
[    0.059987]  [<c1746d23>] ? sysctl_init+0x0/0x29
[    0.059989]  [<c17308e7>] kernel_init+0x12d/0x17a
[    0.059991]  [<c17307ba>] ? kernel_init+0x0/0x17a
[    0.059993]  [<c1009b07>] kernel_thread_helper+0x7/0x10
[    0.059995] sysctl table check failed: /kernel/random/now_blocking .1.40.8 Unknown sysctl binary path
[    0.060223] Pid: 1, comm: swapper Not tainted 2.6.32.57 #4
[    0.060224] Call Trace:
[    0.060225]  [<c14a8a0e>] ? printk+0x1d/0x1f
[    0.060227]  [<c107b56f>] set_fail+0x4f/0x60
[    0.060229]  [<c107b8b3>] sysctl_check_table+0x333/0x620
[    0.060230]  [<c107b8cc>] sysctl_check_table+0x34c/0x620
[    0.060232]  [<c107b8cc>] sysctl_check_table+0x34c/0x620
[    0.060234]  [<c1746d48>] sysctl_init+0x25/0x29
[    0.060235]  [<c1003042>] do_one_initcall+0x32/0x1a0
[    0.060238]  [<c1746d23>] ? sysctl_init+0x0/0x29
[    0.060239]  [<c17308e7>] kernel_init+0x12d/0x17a
[    0.060240]  [<c17307ba>] ? kernel_init+0x0/0x17a
[    0.060242]  [<c1009b07>] kernel_thread_helper+0x7/0x10
[    0.060243] sysctl table check failed: /kernel/random/now_nonblocking .1.40.9 Unknown sysctl binary path
[    0.060501] Pid: 1, comm: swapper Not tainted 2.6.32.57 #4
[    0.060502] Call Trace:
[    0.060504]  [<c14a8a0e>] ? printk+0x1d/0x1f
[    0.060505]  [<c107b56f>] set_fail+0x4f/0x60
[    0.060507]  [<c107b8b3>] sysctl_check_table+0x333/0x620
[    0.060508]  [<c107b8cc>] sysctl_check_table+0x34c/0x620
[    0.060510]  [<c107b8cc>] sysctl_check_table+0x34c/0x620
[    0.060513]  [<c1746d48>] sysctl_init+0x25/0x29
[    0.060514]  [<c1003042>] do_one_initcall+0x32/0x1a0
[    0.060516]  [<c1746d23>] ? sysctl_init+0x0/0x29
[    0.060518]  [<c17308e7>] kernel_init+0x12d/0x17a
[    0.060520]  [<c17307ba>] ? kernel_init+0x0/0x17a
[    0.060521]  [<c1009b07>] kernel_thread_helper+0x7/0x10
[    0.060523] sysctl table check failed: /kernel/random/nb_input_bytes .1.40.10 Unknown sysctl binary path
[    0.060763] Pid: 1, comm: swapper Not tainted 2.6.32.57 #4
[    0.060764] Call Trace:
[    0.060765]  [<c14a8a0e>] ? printk+0x1d/0x1f
[    0.060767]  [<c107b56f>] set_fail+0x4f/0x60
[    0.060768]  [<c107b8b3>] sysctl_check_table+0x333/0x620
[    0.060770]  [<c107b8cc>] sysctl_check_table+0x34c/0x620
[    0.060772]  [<c107b8cc>] sysctl_check_table+0x34c/0x620
[    0.060774]  [<c1746d48>] sysctl_init+0x25/0x29
[    0.060775]  [<c1003042>] do_one_initcall+0x32/0x1a0
[    0.060777]  [<c1746d23>] ? sysctl_init+0x0/0x29
[    0.060779]  [<c17308e7>] kernel_init+0x12d/0x17a
[    0.060780]  [<c17307ba>] ? kernel_init+0x0/0x17a
[    0.060782]  [<c1009b07>] kernel_thread_helper+0x7/0x10
[    0.060783] sysctl table check failed: /kernel/random/nb_stir_count .1.40.11 Unknown sysctl binary path
[    0.061012] Pid: 1, comm: swapper Not tainted 2.6.32.57 #4
[    0.061013] Call Trace:
[    0.061014]  [<c14a8a0e>] ? printk+0x1d/0x1f
[    0.061016]  [<c107b56f>] set_fail+0x4f/0x60
[    0.061017]  [<c107b8b3>] sysctl_check_table+0x333/0x620
[    0.061019]  [<c107b8cc>] sysctl_check_table+0x34c/0x620
[    0.061020]  [<c107b8cc>] sysctl_check_table+0x34c/0x620
[    0.061023]  [<c1746d48>] sysctl_init+0x25/0x29
[    0.061024]  [<c1003042>] do_one_initcall+0x32/0x1a0
[    0.061026]  [<c1746d23>] ? sysctl_init+0x0/0x29
[    0.061028]  [<c17308e7>] kernel_init+0x12d/0x17a
[    0.061029]  [<c17307ba>] ? kernel_init+0x0/0x17a
[    0.061031]  [<c1009b07>] kernel_thread_helper+0x7/0x10
[    0.061032] sysctl table check failed: /kernel/random/nb_reentry_count .1.40.12 Unknown sysctl binary path
[    0.061262] Pid: 1, comm: swapper Not tainted 2.6.32.57 #4
[    0.061263] Call Trace:
[    0.061265]  [<c14a8a0e>] ? printk+0x1d/0x1f
[    0.061266]  [<c107b56f>] set_fail+0x4f/0x60
[    0.061267]  [<c107b8b3>] sysctl_check_table+0x333/0x620
[    0.061269]  [<c107b8cc>] sysctl_check_table+0x34c/0x620
[    0.061271]  [<c107b8cc>] sysctl_check_table+0x34c/0x620
[    0.061273]  [<c1746d48>] sysctl_init+0x25/0x29
[    0.061274]  [<c1003042>] do_one_initcall+0x32/0x1a0
[    0.061276]  [<c1746d23>] ? sysctl_init+0x0/0x29
[    0.061278]  [<c17308e7>] kernel_init+0x12d/0x17a
[    0.061279]  [<c17307ba>] ? kernel_init+0x0/0x17a
[    0.061281]  [<c1009b07>] kernel_thread_helper+0x7/0x10
[    0.061390] RANDOM - __seed init called.
[    0.061391] RANDOM - __seed init called.
[    0.061392] RANDOM - __seed init called.
[    0.061393] RANDOM - __random32 called. Change num 1.  Value: 97305ca5	7ac4e314	874f43ab
[    0.061394] RANDOM - __random32 called. Change num 2.  Value: 5ca5394	ac4e3148	8757a6ab
[    0.061396] RANDOM - __random32 called. Change num 3.  Value: a53949f7	c4e3148e	4d57bd52
[    0.061397] RANDOM - __random32 called. Change num 4.  Value: 949f7180	4e3148eb	7aa4fd4a
[    0.061398] RANDOM - __random32 called. Change num 5.  Value: f7180f55	e3148ebb	fa95f062
[    0.061399] RANDOM - __random32 called. Change num 6.  Value: 80f55ede	3148ebb7	e0c5c74e
[    0.061401] RANDOM - random32 init called.  Value: 80f55ede	3148ebb7	e0c5c74e
[    0.061406] regulator: core version 0.5
[    0.061465] Time: 20:37:50  Date: 05/24/13
[    0.061518] NET: Registered protocol family 16
[    0.061583] EISA bus registered
[    0.062320] ACPI: bus type pci registered
[    0.062408] PCI: MCFG configuration 0: base e0000000 segment 0 buses 0 - 255
[    0.062410] PCI: MCFG area at e0000000 reserved in E820
[    0.062411] PCI: Using MMCONFIG for extended config space
[    0.062412] PCI: Using configuration type 1 for base access
[    0.062883] bio: create slab <bio-0> at 0
[    0.064095] ACPI: EC: Look up EC in DSDT
[    0.099665] ACPI: BIOS _OSI(Linux) query ignored
[    0.105286] ACPI: Interpreter enabled
[    0.105290] ACPI: (supports S0 S1 S4 S5)
[    0.105302] ACPI: Using PIC for interrupt routing
[    0.186521] ACPI: No dock devices found.
[    0.187350] ACPI: PCI Root Bridge [PCI0] (0000:00)
[    0.188932] pci 0000:00:07.1: reg 20 io port: [0x10c0-0x10cf]
[    0.189447] pci 0000:00:07.3: quirk: region 1000-103f claimed by PIIX4 ACPI
[    0.189459] pci 0000:00:07.3: quirk: region 1040-104f claimed by PIIX4 SMB
[    0.190121] pci 0000:00:07.7: reg 10 io port: [0x1080-0x10bf]
[    0.190512] pci 0000:00:07.7: reg 14 64bit mmio: [0xc8000000-0xc8001fff]
[    0.191659] pci 0000:00:0f.0: reg 10 io port: [0x10d0-0x10df]
[    0.191709] pci 0000:00:0f.0: reg 14 32bit mmio pref: [0xd0000000-0xd7ffffff]
[    0.191748] pci 0000:00:0f.0: reg 18 32bit mmio: [0xc8800000-0xc8ffffff]
[    0.191895] pci 0000:00:0f.0: reg 30 32bit mmio pref: [0x000000-0x007fff]
[    0.192428] pci 0000:00:10.0: reg 10 io port: [0x1400-0x14ff]
[    0.192801] pci 0000:00:10.0: reg 14 64bit mmio: [0xc8040000-0xc805ffff]
[    0.193168] pci 0000:00:10.0: reg 1c 64bit mmio: [0xc8020000-0xc803ffff]
[    0.193243] pci 0000:00:10.0: reg 30 32bit mmio pref: [0x000000-0x003fff]
[    0.194624] pci 0000:00:15.0: PME# supported from D0 D3hot D3cold
[    0.194645] pci 0000:00:15.0: PME# disabled
[    0.195507] pci 0000:00:15.1: PME# supported from D0 D3hot D3cold
[    0.195527] pci 0000:00:15.1: PME# disabled
[    0.196395] pci 0000:00:15.2: PME# supported from D0 D3hot D3cold
[    0.196415] pci 0000:00:15.2: PME# disabled
[    0.197289] pci 0000:00:15.3: PME# supported from D0 D3hot D3cold
[    0.197309] pci 0000:00:15.3: PME# disabled
[    0.198166] pci 0000:00:15.4: PME# supported from D0 D3hot D3cold
[    0.198186] pci 0000:00:15.4: PME# disabled
[    0.199048] pci 0000:00:15.5: PME# supported from D0 D3hot D3cold
[    0.199068] pci 0000:00:15.5: PME# disabled
[    0.199935] pci 0000:00:15.6: PME# supported from D0 D3hot D3cold
[    0.199956] pci 0000:00:15.6: PME# disabled
[    0.200827] pci 0000:00:15.7: PME# supported from D0 D3hot D3cold
[    0.200848] pci 0000:00:15.7: PME# disabled
[    0.201706] pci 0000:00:16.0: PME# supported from D0 D3hot D3cold
[    0.201726] pci 0000:00:16.0: PME# disabled
[    0.202583] pci 0000:00:16.1: PME# supported from D0 D3hot D3cold
[    0.202603] pci 0000:00:16.1: PME# disabled
[    0.203468] pci 0000:00:16.2: PME# supported from D0 D3hot D3cold
[    0.203488] pci 0000:00:16.2: PME# disabled
[    0.204360] pci 0000:00:16.3: PME# supported from D0 D3hot D3cold
[    0.204380] pci 0000:00:16.3: PME# disabled
[    0.205239] pci 0000:00:16.4: PME# supported from D0 D3hot D3cold
[    0.205259] pci 0000:00:16.4: PME# disabled
[    0.206122] pci 0000:00:16.5: PME# supported from D0 D3hot D3cold
[    0.206142] pci 0000:00:16.5: PME# disabled
[    0.207039] pci 0000:00:16.6: PME# supported from D0 D3hot D3cold
[    0.207059] pci 0000:00:16.6: PME# disabled
[    0.207933] pci 0000:00:16.7: PME# supported from D0 D3hot D3cold
[    0.207954] pci 0000:00:16.7: PME# disabled
[    0.208817] pci 0000:00:17.0: PME# supported from D0 D3hot D3cold
[    0.208837] pci 0000:00:17.0: PME# disabled
[    0.209700] pci 0000:00:17.1: PME# supported from D0 D3hot D3cold
[    0.209720] pci 0000:00:17.1: PME# disabled
[    0.210583] pci 0000:00:17.2: PME# supported from D0 D3hot D3cold
[    0.210603] pci 0000:00:17.2: PME# disabled
[    0.211474] pci 0000:00:17.3: PME# supported from D0 D3hot D3cold
[    0.211494] pci 0000:00:17.3: PME# disabled
[    0.212367] pci 0000:00:17.4: PME# supported from D0 D3hot D3cold
[    0.212387] pci 0000:00:17.4: PME# disabled
[    0.213245] pci 0000:00:17.5: PME# supported from D0 D3hot D3cold
[    0.213265] pci 0000:00:17.5: PME# disabled
[    0.214122] pci 0000:00:17.6: PME# supported from D0 D3hot D3cold
[    0.214142] pci 0000:00:17.6: PME# disabled
[    0.215008] pci 0000:00:17.7: PME# supported from D0 D3hot D3cold
[    0.215028] pci 0000:00:17.7: PME# disabled
[    0.215904] pci 0000:00:18.0: PME# supported from D0 D3hot D3cold
[    0.215924] pci 0000:00:18.0: PME# disabled
[    0.216790] pci 0000:00:18.1: PME# supported from D0 D3hot D3cold
[    0.216810] pci 0000:00:18.1: PME# disabled
[    0.217674] pci 0000:00:18.2: PME# supported from D0 D3hot D3cold
[    0.217694] pci 0000:00:18.2: PME# disabled
[    0.218552] pci 0000:00:18.3: PME# supported from D0 D3hot D3cold
[    0.218572] pci 0000:00:18.3: PME# disabled
[    0.219436] pci 0000:00:18.4: PME# supported from D0 D3hot D3cold
[    0.219456] pci 0000:00:18.4: PME# disabled
[    0.220327] pci 0000:00:18.5: PME# supported from D0 D3hot D3cold
[    0.220347] pci 0000:00:18.5: PME# disabled
[    0.221205] pci 0000:00:18.6: PME# supported from D0 D3hot D3cold
[    0.221225] pci 0000:00:18.6: PME# disabled
[    0.222085] pci 0000:00:18.7: PME# supported from D0 D3hot D3cold
[    0.222105] pci 0000:00:18.7: PME# disabled
[    0.223189] pci 0000:02:00.0: reg 20 io port: [0x20c0-0x20df]
[    0.223696] pci 0000:02:01.0: reg 10 io port: [0x2000-0x207f]
[    0.223914] pci 0000:02:01.0: reg 30 32bit mmio pref: [0x000000-0x00ffff]
[    0.224465] pci 0000:02:02.0: reg 10 io port: [0x2080-0x20bf]
[    0.225041] pci 0000:02:03.0: reg 10 32bit mmio: [0xc9000000-0xc9000fff]
[    0.225607] pci 0000:00:11.0: transparent bridge
[    0.225627] pci 0000:00:11.0: bridge io port: [0x2000-0x3fff]
[    0.225648] pci 0000:00:11.0: bridge 32bit mmio: [0xc9000000-0xca3fffff]
[    0.225686] pci 0000:00:11.0: bridge 64bit mmio pref: [0xd8400000-0xd89fffff]
[    0.226045] pci 0000:00:15.0: bridge io port: [0x4000-0x4fff]
[    0.226065] pci 0000:00:15.0: bridge 32bit mmio: [0xca400000-0xca4fffff]
[    0.226103] pci 0000:00:15.0: bridge 64bit mmio pref: [0xd8a00000-0xd8afffff]
[    0.226468] pci 0000:00:15.1: bridge io port: [0x8000-0x8fff]
[    0.226488] pci 0000:00:15.1: bridge 32bit mmio: [0xca800000-0xca8fffff]
[    0.226526] pci 0000:00:15.1: bridge 64bit mmio pref: [0xd8e00000-0xd8efffff]
[    0.226885] pci 0000:00:15.2: bridge io port: [0xc000-0xcfff]
[    0.226906] pci 0000:00:15.2: bridge 32bit mmio: [0xcac00000-0xcacfffff]
[    0.226944] pci 0000:00:15.2: bridge 64bit mmio pref: [0xd9200000-0xd92fffff]
[    0.227329] pci 0000:00:15.3: bridge 32bit mmio: [0xcb000000-0xcb0fffff]
[    0.227367] pci 0000:00:15.3: bridge 64bit mmio pref: [0xd9600000-0xd96fffff]
[    0.227772] pci 0000:00:15.4: bridge 32bit mmio: [0xcb400000-0xcb4fffff]
[    0.227811] pci 0000:00:15.4: bridge 64bit mmio pref: [0xd9a00000-0xd9afffff]
[    0.228197] pci 0000:00:15.5: bridge 32bit mmio: [0xcb800000-0xcb8fffff]
[    0.228257] pci 0000:00:15.5: bridge 64bit mmio pref: [0xd9e00000-0xd9efffff]
[    0.228635] pci 0000:00:15.6: bridge 32bit mmio: [0xcbc00000-0xcbcfffff]
[    0.228674] pci 0000:00:15.6: bridge 64bit mmio pref: [0xda200000-0xda2fffff]
[    0.229051] pci 0000:00:15.7: bridge 32bit mmio: [0xcc000000-0xcc0fffff]
[    0.229089] pci 0000:00:15.7: bridge 64bit mmio pref: [0xda600000-0xda6fffff]
[    0.229455] pci 0000:00:16.0: bridge io port: [0x5000-0x5fff]
[    0.229475] pci 0000:00:16.0: bridge 32bit mmio: [0xca500000-0xca5fffff]
[    0.229513] pci 0000:00:16.0: bridge 64bit mmio pref: [0xd8b00000-0xd8bfffff]
[    0.229873] pci 0000:00:16.1: bridge io port: [0x9000-0x9fff]
[    0.229893] pci 0000:00:16.1: bridge 32bit mmio: [0xca900000-0xca9fffff]
[    0.229931] pci 0000:00:16.1: bridge 64bit mmio pref: [0xd8f00000-0xd8ffffff]
[    0.230307] pci 0000:00:16.2: bridge io port: [0xd000-0xdfff]
[    0.230328] pci 0000:00:16.2: bridge 32bit mmio: [0xcad00000-0xcadfffff]
[    0.230367] pci 0000:00:16.2: bridge 64bit mmio pref: [0xd9300000-0xd93fffff]
[    0.230749] pci 0000:00:16.3: bridge 32bit mmio: [0xcb100000-0xcb1fffff]
[    0.230787] pci 0000:00:16.3: bridge 64bit mmio pref: [0xd9700000-0xd97fffff]
[    0.231165] pci 0000:00:16.4: bridge 32bit mmio: [0xcb500000-0xcb5fffff]
[    0.231204] pci 0000:00:16.4: bridge 64bit mmio pref: [0xd9b00000-0xd9bfffff]
[    0.231584] pci 0000:00:16.5: bridge 32bit mmio: [0xcb900000-0xcb9fffff]
[    0.231623] pci 0000:00:16.5: bridge 64bit mmio pref: [0xd9f00000-0xd9ffffff]
[    0.232013] pci 0000:00:16.6: bridge 32bit mmio: [0xcbd00000-0xcbdfffff]
[    0.232052] pci 0000:00:16.6: bridge 64bit mmio pref: [0xda300000-0xda3fffff]
[    0.232430] pci 0000:00:16.7: bridge 32bit mmio: [0xcc100000-0xcc1fffff]
[    0.232469] pci 0000:00:16.7: bridge 64bit mmio pref: [0xda700000-0xda7fffff]
[    0.232828] pci 0000:00:17.0: bridge io port: [0x6000-0x6fff]
[    0.232849] pci 0000:00:17.0: bridge 32bit mmio: [0xca600000-0xca6fffff]
[    0.232887] pci 0000:00:17.0: bridge 64bit mmio pref: [0xd8c00000-0xd8cfffff]
[    0.233245] pci 0000:00:17.1: bridge io port: [0xa000-0xafff]
[    0.233266] pci 0000:00:17.1: bridge 32bit mmio: [0xcaa00000-0xcaafffff]
[    0.233304] pci 0000:00:17.1: bridge 64bit mmio pref: [0xd9000000-0xd90fffff]
[    0.233662] pci 0000:00:17.2: bridge io port: [0xe000-0xefff]
[    0.233682] pci 0000:00:17.2: bridge 32bit mmio: [0xcae00000-0xcaefffff]
[    0.233720] pci 0000:00:17.2: bridge 64bit mmio pref: [0xd9400000-0xd94fffff]
[    0.234099] pci 0000:00:17.3: bridge 32bit mmio: [0xcb200000-0xcb2fffff]
[    0.234137] pci 0000:00:17.3: bridge 64bit mmio pref: [0xd9800000-0xd98fffff]
[    0.234521] pci 0000:00:17.4: bridge 32bit mmio: [0xcb600000-0xcb6fffff]
[    0.234559] pci 0000:00:17.4: bridge 64bit mmio pref: [0xd9c00000-0xd9cfffff]
[    0.234935] pci 0000:00:17.5: bridge 32bit mmio: [0xcba00000-0xcbafffff]
[    0.234974] pci 0000:00:17.5: bridge 64bit mmio pref: [0xda000000-0xda0fffff]
[    0.235358] pci 0000:00:17.6: bridge 32bit mmio: [0xcbe00000-0xcbefffff]
[    0.235396] pci 0000:00:17.6: bridge 64bit mmio pref: [0xda400000-0xda4fffff]
[    0.235781] pci 0000:00:17.7: bridge 32bit mmio: [0xcc200000-0xcc2fffff]
[    0.235819] pci 0000:00:17.7: bridge 64bit mmio pref: [0xda800000-0xda8fffff]
[    0.236180] pci 0000:00:18.0: bridge io port: [0x7000-0x7fff]
[    0.236200] pci 0000:00:18.0: bridge 32bit mmio: [0xca700000-0xca7fffff]
[    0.236257] pci 0000:00:18.0: bridge 64bit mmio pref: [0xd8d00000-0xd8dfffff]
[    0.236617] pci 0000:00:18.1: bridge io port: [0xb000-0xbfff]
[    0.236637] pci 0000:00:18.1: bridge 32bit mmio: [0xcab00000-0xcabfffff]
[    0.236676] pci 0000:00:18.1: bridge 64bit mmio pref: [0xd9100000-0xd91fffff]
[    0.237035] pci 0000:00:18.2: bridge io port: [0xf000-0xffff]
[    0.237055] pci 0000:00:18.2: bridge 32bit mmio: [0xcaf00000-0xcaffffff]
[    0.237093] pci 0000:00:18.2: bridge 64bit mmio pref: [0xd9500000-0xd95fffff]
[    0.237478] pci 0000:00:18.3: bridge 32bit mmio: [0xcb300000-0xcb3fffff]
[    0.237516] pci 0000:00:18.3: bridge 64bit mmio pref: [0xd9900000-0xd99fffff]
[    0.237894] pci 0000:00:18.4: bridge 32bit mmio: [0xcb700000-0xcb7fffff]
[    0.237933] pci 0000:00:18.4: bridge 64bit mmio pref: [0xd9d00000-0xd9dfffff]
[    0.238316] pci 0000:00:18.5: bridge 32bit mmio: [0xcbb00000-0xcbbfffff]
[    0.238354] pci 0000:00:18.5: bridge 64bit mmio pref: [0xda100000-0xda1fffff]
[    0.238732] pci 0000:00:18.6: bridge 32bit mmio: [0xcbf00000-0xcbffffff]
[    0.238770] pci 0000:00:18.6: bridge 64bit mmio pref: [0xda500000-0xda5fffff]
[    0.239147] pci 0000:00:18.7: bridge 32bit mmio: [0xcc300000-0xcc3fffff]
[    0.239185] pci 0000:00:18.7: bridge 64bit mmio pref: [0xda900000-0xda9fffff]
[    0.240683] pci_bus 0000:00: on NUMA node 0
[    0.240690] ACPI: PCI Interrupt Routing Table [\_SB_.PCI0._PRT]
[    0.465186] ACPI: PCI Interrupt Link [LNKA] (IRQs 3 4 5 6 7 *9 10 11 14 15)
[    0.465341] ACPI: PCI Interrupt Link [LNKB] (IRQs 3 4 5 6 7 9 10 *11 14 15)
[    0.465491] ACPI: PCI Interrupt Link [LNKC] (IRQs 3 4 5 6 7 9 *10 11 14 15)
[    0.465640] ACPI: PCI Interrupt Link [LNKD] (IRQs 3 4 *5 6 7 9 10 11 14 15)
[    0.465774] vgaarb: device added: PCI:0000:00:0f.0,decodes=io+mem,owns=io+mem,locks=none
[    0.465784] vgaarb: loaded
[    0.465873] SCSI subsystem initialized
[    0.465946] libata version 3.00 loaded.
[    0.465987] usbcore: registered new interface driver usbfs
[    0.465999] usbcore: registered new interface driver hub
[    0.466015] usbcore: registered new device driver usb
[    0.466083] PCI: Using ACPI for IRQ routing
[    0.467052] NetLabel: Initializing
[    0.467053] NetLabel:  domain hash size = 128
[    0.467054] NetLabel:  protocols = UNLABELED CIPSOv4
[    0.467061] NetLabel:  unlabeled traffic allowed by default
[    0.467095] hpet0: at MMIO 0xfed00000, IRQs 2, 8, 0, 0, 0, 0, 0, 0, 0, 0, 0, 0, 0, 0, 0, 0
[    0.467101] hpet0: 16 comparators, 64-bit 14.318180 MHz counter
[    0.469131] Switching to clocksource tsc
[    0.476382] pnp: PnP ACPI init
[    0.476395] ACPI: bus type pnp registered
[    0.522803] pnp: PnP ACPI: found 14 devices
[    0.522806] ACPI: ACPI bus type pnp unregistered
[    0.522822] PnPBIOS: Disabled by ACPI PNP
[    0.522841] system 00:01: ioport range 0x1000-0x103f has been reserved
[    0.522843] system 00:01: ioport range 0x1040-0x104f has been reserved
[    0.522846] system 00:01: ioport range 0xcf0-0xcf1 has been reserved
[    0.522856] system 00:08: iomem range 0xfed00000-0xfed003ff has been reserved
[    0.522862] system 00:0d: ioport range 0x1060-0x107f has been reserved
[    0.522865] system 00:0d: iomem range 0xe0000000-0xefffffff has been reserved
[    0.522868] system 00:0d: iomem range 0xc8200000-0xc83fffff has been reserved
[    0.557609] pci 0000:00:15.3: BAR 13: can't allocate I/O resource [0x10000-0xffff]
[    0.557616] pci 0000:00:15.4: BAR 13: can't allocate I/O resource [0x10000-0xffff]
[    0.557620] pci 0000:00:15.5: BAR 13: can't allocate I/O resource [0x10000-0xffff]
[    0.557623] pci 0000:00:15.6: BAR 13: can't allocate I/O resource [0x10000-0xffff]
[    0.557626] pci 0000:00:15.7: BAR 13: can't allocate I/O resource [0x10000-0xffff]
[    0.557629] pci 0000:00:16.3: BAR 13: can't allocate I/O resource [0x10000-0xffff]
[    0.557632] pci 0000:00:16.4: BAR 13: can't allocate I/O resource [0x10000-0xffff]
[    0.557635] pci 0000:00:16.5: BAR 13: can't allocate I/O resource [0x10000-0xffff]
[    0.557638] pci 0000:00:16.6: BAR 13: can't allocate I/O resource [0x10000-0xffff]
[    0.557643] pci 0000:00:16.7: BAR 13: can't allocate I/O resource [0x10000-0xffff]
[    0.557647] pci 0000:00:17.3: BAR 13: can't allocate I/O resource [0x10000-0xffff]
[    0.557652] pci 0000:00:17.4: BAR 13: can't allocate I/O resource [0x10000-0xffff]
[    0.557655] pci 0000:00:17.5: BAR 13: can't allocate I/O resource [0x10000-0xffff]
[    0.557658] pci 0000:00:17.6: BAR 13: can't allocate I/O resource [0x10000-0xffff]
[    0.557660] pci 0000:00:17.7: BAR 13: can't allocate I/O resource [0x10000-0xffff]
[    0.557663] pci 0000:00:18.3: BAR 13: can't allocate I/O resource [0x10000-0xffff]
[    0.557666] pci 0000:00:18.4: BAR 13: can't allocate I/O resource [0x10000-0xffff]
[    0.557669] pci 0000:00:18.5: BAR 13: can't allocate I/O resource [0x10000-0xffff]
[    0.557672] pci 0000:00:18.6: BAR 13: can't allocate I/O resource [0x10000-0xffff]
[    0.557674] pci 0000:00:18.7: BAR 13: can't allocate I/O resource [0x10000-0xffff]
[    0.557678] pci 0000:00:01.0: PCI bridge, secondary bus 0000:01
[    0.557680] pci 0000:00:01.0:   IO window: disabled
[    0.557721] pci 0000:00:01.0:   MEM window: disabled
[    0.557749] pci 0000:00:01.0:   PREFETCH window: disabled
[    0.557801] pci 0000:00:11.0: PCI bridge, secondary bus 0000:02
[    0.557819] pci 0000:00:11.0:   IO window: 0x2000-0x3fff
[    0.557852] pci 0000:00:11.0:   MEM window: 0xc9000000-0xca3fffff
[    0.557879] pci 0000:00:11.0:   PREFETCH window: 0x000000d8400000-0x000000d89fffff
[    0.557925] pci 0000:00:15.0: PCI bridge, secondary bus 0000:03
[    0.557937] pci 0000:00:15.0:   IO window: 0x4000-0x4fff
[    0.557979] pci 0000:00:15.0:   MEM window: 0xca400000-0xca4fffff
[    0.558004] pci 0000:00:15.0:   PREFETCH window: 0x000000d8a00000-0x000000d8afffff
[    0.558114] pci 0000:00:15.1: PCI bridge, secondary bus 0000:04
[    0.558134] pci 0000:00:15.1:   IO window: 0x8000-0x8fff
[    0.558173] pci 0000:00:15.1:   MEM window: 0xca800000-0xca8fffff
[    0.558201] pci 0000:00:15.1:   PREFETCH window: 0x000000d8e00000-0x000000d8efffff
[    0.558272] pci 0000:00:15.2: PCI bridge, secondary bus 0000:05
[    0.558288] pci 0000:00:15.2:   IO window: 0xc000-0xcfff
[    0.558325] pci 0000:00:15.2:   MEM window: 0xcac00000-0xcacfffff
[    0.558352] pci 0000:00:15.2:   PREFETCH window: 0x000000d9200000-0x000000d92fffff
[    0.558421] pci 0000:00:15.3: PCI bridge, secondary bus 0000:06
[    0.558424] pci 0000:00:15.3:   IO window: disabled
[    0.558462] pci 0000:00:15.3:   MEM window: 0xcb000000-0xcb0fffff
[    0.558488] pci 0000:00:15.3:   PREFETCH window: 0x000000d9600000-0x000000d96fffff
[    0.558557] pci 0000:00:15.4: PCI bridge, secondary bus 0000:07
[    0.558559] pci 0000:00:15.4:   IO window: disabled
[    0.558597] pci 0000:00:15.4:   MEM window: 0xcb400000-0xcb4fffff
[    0.558622] pci 0000:00:15.4:   PREFETCH window: 0x000000d9a00000-0x000000d9afffff
[    0.558690] pci 0000:00:15.5: PCI bridge, secondary bus 0000:08
[    0.558693] pci 0000:00:15.5:   IO window: disabled
[    0.558731] pci 0000:00:15.5:   MEM window: 0xcb800000-0xcb8fffff
[    0.558757] pci 0000:00:15.5:   PREFETCH window: 0x000000d9e00000-0x000000d9efffff
[    0.558824] pci 0000:00:15.6: PCI bridge, secondary bus 0000:09
[    0.558826] pci 0000:00:15.6:   IO window: disabled
[    0.558865] pci 0000:00:15.6:   MEM window: 0xcbc00000-0xcbcfffff
[    0.558891] pci 0000:00:15.6:   PREFETCH window: 0x000000da200000-0x000000da2fffff
[    0.558958] pci 0000:00:15.7: PCI bridge, secondary bus 0000:0a
[    0.558961] pci 0000:00:15.7:   IO window: disabled
[    0.559008] pci 0000:00:15.7:   MEM window: 0xcc000000-0xcc0fffff
[    0.559034] pci 0000:00:15.7:   PREFETCH window: 0x000000da600000-0x000000da6fffff
[    0.559102] pci 0000:00:16.0: PCI bridge, secondary bus 0000:0b
[    0.559118] pci 0000:00:16.0:   IO window: 0x5000-0x5fff
[    0.559156] pci 0000:00:16.0:   MEM window: 0xca500000-0xca5fffff
[    0.559182] pci 0000:00:16.0:   PREFETCH window: 0x000000d8b00000-0x000000d8bfffff
[    0.559291] pci 0000:00:16.1: PCI bridge, secondary bus 0000:0c
[    0.559308] pci 0000:00:16.1:   IO window: 0x9000-0x9fff
[    0.559347] pci 0000:00:16.1:   MEM window: 0xca900000-0xca9fffff
[    0.559374] pci 0000:00:16.1:   PREFETCH window: 0x000000d8f00000-0x000000d8ffffff
[    0.559442] pci 0000:00:16.2: PCI bridge, secondary bus 0000:0d
[    0.559459] pci 0000:00:16.2:   IO window: 0xd000-0xdfff
[    0.559498] pci 0000:00:16.2:   MEM window: 0xcad00000-0xcadfffff
[    0.559524] pci 0000:00:16.2:   PREFETCH window: 0x000000d9300000-0x000000d93fffff
[    0.559590] pci 0000:00:16.3: PCI bridge, secondary bus 0000:0e
[    0.559593] pci 0000:00:16.3:   IO window: disabled
[    0.559631] pci 0000:00:16.3:   MEM window: 0xcb100000-0xcb1fffff
[    0.559658] pci 0000:00:16.3:   PREFETCH window: 0x000000d9700000-0x000000d97fffff
[    0.559726] pci 0000:00:16.4: PCI bridge, secondary bus 0000:0f
[    0.559729] pci 0000:00:16.4:   IO window: disabled
[    0.559766] pci 0000:00:16.4:   MEM window: 0xcb500000-0xcb5fffff
[    0.559793] pci 0000:00:16.4:   PREFETCH window: 0x000000d9b00000-0x000000d9bfffff
[    0.559861] pci 0000:00:16.5: PCI bridge, secondary bus 0000:10
[    0.559864] pci 0000:00:16.5:   IO window: disabled
[    0.559902] pci 0000:00:16.5:   MEM window: 0xcb900000-0xcb9fffff
[    0.559928] pci 0000:00:16.5:   PREFETCH window: 0x000000d9f00000-0x000000d9ffffff
[    0.559996] pci 0000:00:16.6: PCI bridge, secondary bus 0000:11
[    0.559999] pci 0000:00:16.6:   IO window: disabled
[    0.560037] pci 0000:00:16.6:   MEM window: 0xcbd00000-0xcbdfffff
[    0.560063] pci 0000:00:16.6:   PREFETCH window: 0x000000da300000-0x000000da3fffff
[    0.560131] pci 0000:00:16.7: PCI bridge, secondary bus 0000:12
[    0.560133] pci 0000:00:16.7:   IO window: disabled
[    0.560172] pci 0000:00:16.7:   MEM window: 0xcc100000-0xcc1fffff
[    0.560197] pci 0000:00:16.7:   PREFETCH window: 0x000000da700000-0x000000da7fffff
[    0.560265] pci 0000:00:17.0: PCI bridge, secondary bus 0000:13
[    0.560280] pci 0000:00:17.0:   IO window: 0x6000-0x6fff
[    0.560318] pci 0000:00:17.0:   MEM window: 0xca600000-0xca6fffff
[    0.560343] pci 0000:00:17.0:   PREFETCH window: 0x000000d8c00000-0x000000d8cfffff
[    0.560411] pci 0000:00:17.1: PCI bridge, secondary bus 0000:14
[    0.560427] pci 0000:00:17.1:   IO window: 0xa000-0xafff
[    0.560464] pci 0000:00:17.1:   MEM window: 0xcaa00000-0xcaafffff
[    0.560490] pci 0000:00:17.1:   PREFETCH window: 0x000000d9000000-0x000000d90fffff
[    0.560558] pci 0000:00:17.2: PCI bridge, secondary bus 0000:15
[    0.560574] pci 0000:00:17.2:   IO window: 0xe000-0xefff
[    0.560611] pci 0000:00:17.2:   MEM window: 0xcae00000-0xcaefffff
[    0.560637] pci 0000:00:17.2:   PREFETCH window: 0x000000d9400000-0x000000d94fffff
[    0.560705] pci 0000:00:17.3: PCI bridge, secondary bus 0000:16
[    0.560707] pci 0000:00:17.3:   IO window: disabled
[    0.560745] pci 0000:00:17.3:   MEM window: 0xcb200000-0xcb2fffff
[    0.560771] pci 0000:00:17.3:   PREFETCH window: 0x000000d9800000-0x000000d98fffff
[    0.560838] pci 0000:00:17.4: PCI bridge, secondary bus 0000:17
[    0.560840] pci 0000:00:17.4:   IO window: disabled
[    0.560878] pci 0000:00:17.4:   MEM window: 0xcb600000-0xcb6fffff
[    0.560904] pci 0000:00:17.4:   PREFETCH window: 0x000000d9c00000-0x000000d9cfffff
[    0.560973] pci 0000:00:17.5: PCI bridge, secondary bus 0000:18
[    0.560975] pci 0000:00:17.5:   IO window: disabled
[    0.561013] pci 0000:00:17.5:   MEM window: 0xcba00000-0xcbafffff
[    0.561067] pci 0000:00:17.5:   PREFETCH window: 0x000000da000000-0x000000da0fffff
[    0.561137] pci 0000:00:17.6: PCI bridge, secondary bus 0000:19
[    0.561140] pci 0000:00:17.6:   IO window: disabled
[    0.561177] pci 0000:00:17.6:   MEM window: 0xcbe00000-0xcbefffff
[    0.561204] pci 0000:00:17.6:   PREFETCH window: 0x000000da400000-0x000000da4fffff
[    0.561273] pci 0000:00:17.7: PCI bridge, secondary bus 0000:1a
[    0.561276] pci 0000:00:17.7:   IO window: disabled
[    0.561315] pci 0000:00:17.7:   MEM window: 0xcc200000-0xcc2fffff
[    0.561341] pci 0000:00:17.7:   PREFETCH window: 0x000000da800000-0x000000da8fffff
[    0.561408] pci 0000:00:18.0: PCI bridge, secondary bus 0000:1b
[    0.561424] pci 0000:00:18.0:   IO window: 0x7000-0x7fff
[    0.561462] pci 0000:00:18.0:   MEM window: 0xca700000-0xca7fffff
[    0.561487] pci 0000:00:18.0:   PREFETCH window: 0x000000d8d00000-0x000000d8dfffff
[    0.561555] pci 0000:00:18.1: PCI bridge, secondary bus 0000:1c
[    0.561572] pci 0000:00:18.1:   IO window: 0xb000-0xbfff
[    0.561608] pci 0000:00:18.1:   MEM window: 0xcab00000-0xcabfffff
[    0.561634] pci 0000:00:18.1:   PREFETCH window: 0x000000d9100000-0x000000d91fffff
[    0.561702] pci 0000:00:18.2: PCI bridge, secondary bus 0000:1d
[    0.561718] pci 0000:00:18.2:   IO window: 0xf000-0xffff
[    0.561755] pci 0000:00:18.2:   MEM window: 0xcaf00000-0xcaffffff
[    0.561781] pci 0000:00:18.2:   PREFETCH window: 0x000000d9500000-0x000000d95fffff
[    0.561848] pci 0000:00:18.3: PCI bridge, secondary bus 0000:1e
[    0.561851] pci 0000:00:18.3:   IO window: disabled
[    0.561888] pci 0000:00:18.3:   MEM window: 0xcb300000-0xcb3fffff
[    0.561914] pci 0000:00:18.3:   PREFETCH window: 0x000000d9900000-0x000000d99fffff
[    0.561982] pci 0000:00:18.4: PCI bridge, secondary bus 0000:1f
[    0.561985] pci 0000:00:18.4:   IO window: disabled
[    0.562023] pci 0000:00:18.4:   MEM window: 0xcb700000-0xcb7fffff
[    0.562048] pci 0000:00:18.4:   PREFETCH window: 0x000000d9d00000-0x000000d9dfffff
[    0.562116] pci 0000:00:18.5: PCI bridge, secondary bus 0000:20
[    0.562118] pci 0000:00:18.5:   IO window: disabled
[    0.562156] pci 0000:00:18.5:   MEM window: 0xcbb00000-0xcbbfffff
[    0.562182] pci 0000:00:18.5:   PREFETCH window: 0x000000da100000-0x000000da1fffff
[    0.562249] pci 0000:00:18.6: PCI bridge, secondary bus 0000:21
[    0.562251] pci 0000:00:18.6:   IO window: disabled
[    0.562289] pci 0000:00:18.6:   MEM window: 0xcbf00000-0xcbffffff
[    0.562315] pci 0000:00:18.6:   PREFETCH window: 0x000000da500000-0x000000da5fffff
[    0.562382] pci 0000:00:18.7: PCI bridge, secondary bus 0000:22
[    0.562384] pci 0000:00:18.7:   IO window: disabled
[    0.562423] pci 0000:00:18.7:   MEM window: 0xcc300000-0xcc3fffff
[    0.562448] pci 0000:00:18.7:   PREFETCH window: 0x000000da900000-0x000000da9fffff
[    0.562556] pci 0000:00:01.0: setting latency timer to 64
[    0.562665] pci 0000:00:15.0: setting latency timer to 64
[    0.562750] pci 0000:00:15.1: setting latency timer to 64
[    0.562834] pci 0000:00:15.2: setting latency timer to 64
[    0.562918] pci 0000:00:15.3: setting latency timer to 64
[    0.563005] pci 0000:00:15.4: setting latency timer to 64
[    0.563090] pci 0000:00:15.5: setting latency timer to 64
[    0.563173] pci 0000:00:15.6: setting latency timer to 64
[    0.563259] pci 0000:00:15.7: setting latency timer to 64
[    0.563342] pci 0000:00:16.0: setting latency timer to 64
[    0.563427] pci 0000:00:16.1: setting latency timer to 64
[    0.563510] pci 0000:00:16.2: setting latency timer to 64
[    0.563594] pci 0000:00:16.3: setting latency timer to 64
[    0.563679] pci 0000:00:16.4: setting latency timer to 64
[    0.563761] pci 0000:00:16.5: setting latency timer to 64
[    0.563845] pci 0000:00:16.6: setting latency timer to 64
[    0.563953] pci 0000:00:16.7: setting latency timer to 64
[    0.564044] pci 0000:00:17.0: setting latency timer to 64
[    0.564137] pci 0000:00:17.1: setting latency timer to 64
[    0.564231] pci 0000:00:17.2: setting latency timer to 64
[    0.564322] pci 0000:00:17.3: setting latency timer to 64
[    0.564412] pci 0000:00:17.4: setting latency timer to 64
[    0.564506] pci 0000:00:17.5: setting latency timer to 64
[    0.564595] pci 0000:00:17.6: setting latency timer to 64
[    0.564678] pci 0000:00:17.7: setting latency timer to 64
[    0.564762] pci 0000:00:18.0: setting latency timer to 64
[    0.564847] pci 0000:00:18.1: setting latency timer to 64
[    0.564945] pci 0000:00:18.2: setting latency timer to 64
[    0.565065] pci 0000:00:18.3: setting latency timer to 64
[    0.565144] pci 0000:00:18.4: setting latency timer to 64
[    0.565221] pci 0000:00:18.5: setting latency timer to 64
[    0.565301] pci 0000:00:18.6: setting latency timer to 64
[    0.565379] pci 0000:00:18.7: setting latency timer to 64
[    0.565395] pci_bus 0000:00: resource 0 io:  [0x00-0xffff]
[    0.565399] pci_bus 0000:00: resource 1 mem: [0x000000-0xffffffffffffffff]
[    0.565402] pci_bus 0000:02: resource 0 io:  [0x2000-0x3fff]
[    0.565405] pci_bus 0000:02: resource 1 mem: [0xc9000000-0xca3fffff]
[    0.565408] pci_bus 0000:02: resource 2 pref mem [0xd8400000-0xd89fffff]
[    0.565411] pci_bus 0000:02: resource 3 io:  [0x00-0xffff]
[    0.565414] pci_bus 0000:02: resource 4 mem: [0x000000-0xffffffffffffffff]
[    0.565417] pci_bus 0000:03: resource 0 io:  [0x4000-0x4fff]
[    0.565420] pci_bus 0000:03: resource 1 mem: [0xca400000-0xca4fffff]
[    0.565423] pci_bus 0000:03: resource 2 pref mem [0xd8a00000-0xd8afffff]
[    0.565426] pci_bus 0000:04: resource 0 io:  [0x8000-0x8fff]
[    0.565428] pci_bus 0000:04: resource 1 mem: [0xca800000-0xca8fffff]
[    0.565431] pci_bus 0000:04: resource 2 pref mem [0xd8e00000-0xd8efffff]
[    0.565434] pci_bus 0000:05: resource 0 io:  [0xc000-0xcfff]
[    0.565436] pci_bus 0000:05: resource 1 mem: [0xcac00000-0xcacfffff]
[    0.565439] pci_bus 0000:05: resource 2 pref mem [0xd9200000-0xd92fffff]
[    0.565441] pci_bus 0000:06: resource 1 mem: [0xcb000000-0xcb0fffff]
[    0.565444] pci_bus 0000:06: resource 2 pref mem [0xd9600000-0xd96fffff]
[    0.565447] pci_bus 0000:07: resource 1 mem: [0xcb400000-0xcb4fffff]
[    0.565450] pci_bus 0000:07: resource 2 pref mem [0xd9a00000-0xd9afffff]
[    0.565452] pci_bus 0000:08: resource 1 mem: [0xcb800000-0xcb8fffff]
[    0.565455] pci_bus 0000:08: resource 2 pref mem [0xd9e00000-0xd9efffff]
[    0.565458] pci_bus 0000:09: resource 1 mem: [0xcbc00000-0xcbcfffff]
[    0.565460] pci_bus 0000:09: resource 2 pref mem [0xda200000-0xda2fffff]
[    0.565463] pci_bus 0000:0a: resource 1 mem: [0xcc000000-0xcc0fffff]
[    0.565466] pci_bus 0000:0a: resource 2 pref mem [0xda600000-0xda6fffff]
[    0.565468] pci_bus 0000:0b: resource 0 io:  [0x5000-0x5fff]
[    0.565471] pci_bus 0000:0b: resource 1 mem: [0xca500000-0xca5fffff]
[    0.565473] pci_bus 0000:0b: resource 2 pref mem [0xd8b00000-0xd8bfffff]
[    0.565476] pci_bus 0000:0c: resource 0 io:  [0x9000-0x9fff]
[    0.565478] pci_bus 0000:0c: resource 1 mem: [0xca900000-0xca9fffff]
[    0.565481] pci_bus 0000:0c: resource 2 pref mem [0xd8f00000-0xd8ffffff]
[    0.565484] pci_bus 0000:0d: resource 0 io:  [0xd000-0xdfff]
[    0.565486] pci_bus 0000:0d: resource 1 mem: [0xcad00000-0xcadfffff]
[    0.565489] pci_bus 0000:0d: resource 2 pref mem [0xd9300000-0xd93fffff]
[    0.565492] pci_bus 0000:0e: resource 1 mem: [0xcb100000-0xcb1fffff]
[    0.565494] pci_bus 0000:0e: resource 2 pref mem [0xd9700000-0xd97fffff]
[    0.565497] pci_bus 0000:0f: resource 1 mem: [0xcb500000-0xcb5fffff]
[    0.565499] pci_bus 0000:0f: resource 2 pref mem [0xd9b00000-0xd9bfffff]
[    0.565502] pci_bus 0000:10: resource 1 mem: [0xcb900000-0xcb9fffff]
[    0.565504] pci_bus 0000:10: resource 2 pref mem [0xd9f00000-0xd9ffffff]
[    0.565507] pci_bus 0000:11: resource 1 mem: [0xcbd00000-0xcbdfffff]
[    0.565510] pci_bus 0000:11: resource 2 pref mem [0xda300000-0xda3fffff]
[    0.565513] pci_bus 0000:12: resource 1 mem: [0xcc100000-0xcc1fffff]
[    0.565515] pci_bus 0000:12: resource 2 pref mem [0xda700000-0xda7fffff]
[    0.565518] pci_bus 0000:13: resource 0 io:  [0x6000-0x6fff]
[    0.565521] pci_bus 0000:13: resource 1 mem: [0xca600000-0xca6fffff]
[    0.565524] pci_bus 0000:13: resource 2 pref mem [0xd8c00000-0xd8cfffff]
[    0.565526] pci_bus 0000:14: resource 0 io:  [0xa000-0xafff]
[    0.565529] pci_bus 0000:14: resource 1 mem: [0xcaa00000-0xcaafffff]
[    0.565532] pci_bus 0000:14: resource 2 pref mem [0xd9000000-0xd90fffff]
[    0.565535] pci_bus 0000:15: resource 0 io:  [0xe000-0xefff]
[    0.565537] pci_bus 0000:15: resource 1 mem: [0xcae00000-0xcaefffff]
[    0.565540] pci_bus 0000:15: resource 2 pref mem [0xd9400000-0xd94fffff]
[    0.565543] pci_bus 0000:16: resource 1 mem: [0xcb200000-0xcb2fffff]
[    0.565546] pci_bus 0000:16: resource 2 pref mem [0xd9800000-0xd98fffff]
[    0.565549] pci_bus 0000:17: resource 1 mem: [0xcb600000-0xcb6fffff]
[    0.565552] pci_bus 0000:17: resource 2 pref mem [0xd9c00000-0xd9cfffff]
[    0.565555] pci_bus 0000:18: resource 1 mem: [0xcba00000-0xcbafffff]
[    0.565558] pci_bus 0000:18: resource 2 pref mem [0xda000000-0xda0fffff]
[    0.565560] pci_bus 0000:19: resource 1 mem: [0xcbe00000-0xcbefffff]
[    0.565563] pci_bus 0000:19: resource 2 pref mem [0xda400000-0xda4fffff]
[    0.565566] pci_bus 0000:1a: resource 1 mem: [0xcc200000-0xcc2fffff]
[    0.565568] pci_bus 0000:1a: resource 2 pref mem [0xda800000-0xda8fffff]
[    0.565571] pci_bus 0000:1b: resource 0 io:  [0x7000-0x7fff]
[    0.565574] pci_bus 0000:1b: resource 1 mem: [0xca700000-0xca7fffff]
[    0.565576] pci_bus 0000:1b: resource 2 pref mem [0xd8d00000-0xd8dfffff]
[    0.565579] pci_bus 0000:1c: resource 0 io:  [0xb000-0xbfff]
[    0.565581] pci_bus 0000:1c: resource 1 mem: [0xcab00000-0xcabfffff]
[    0.565584] pci_bus 0000:1c: resource 2 pref mem [0xd9100000-0xd91fffff]
[    0.565587] pci_bus 0000:1d: resource 0 io:  [0xf000-0xffff]
[    0.565589] pci_bus 0000:1d: resource 1 mem: [0xcaf00000-0xcaffffff]
[    0.565592] pci_bus 0000:1d: resource 2 pref mem [0xd9500000-0xd95fffff]
[    0.565594] pci_bus 0000:1e: resource 1 mem: [0xcb300000-0xcb3fffff]
[    0.565597] pci_bus 0000:1e: resource 2 pref mem [0xd9900000-0xd99fffff]
[    0.565600] pci_bus 0000:1f: resource 1 mem: [0xcb700000-0xcb7fffff]
[    0.565603] pci_bus 0000:1f: resource 2 pref mem [0xd9d00000-0xd9dfffff]
[    0.565605] pci_bus 0000:20: resource 1 mem: [0xcbb00000-0xcbbfffff]
[    0.565608] pci_bus 0000:20: resource 2 pref mem [0xda100000-0xda1fffff]
[    0.565611] pci_bus 0000:21: resource 1 mem: [0xcbf00000-0xcbffffff]
[    0.565613] pci_bus 0000:21: resource 2 pref mem [0xda500000-0xda5fffff]
[    0.565616] pci_bus 0000:22: resource 1 mem: [0xcc300000-0xcc3fffff]
[    0.565618] pci_bus 0000:22: resource 2 pref mem [0xda900000-0xda9fffff]
[    0.565648] NET: Registered protocol family 2
[    0.565672] RANDOM - __random32 called. Change num 7.  Value: 55ede565	148ebb7a	8e9cdd7f
[    0.565675] RANDOM - random32 called.  Value: 55ede565	148ebb7a	8e9cdd7f
[    0.565687] random 0000 0000 0000 00000000 00000000: rand_read_num 2 get_random_bytes(4): sig fffffe1a 00000000 00000000
[    0.565690] random 0000 0000 0000 00000000 00000000: extract_entropy(.. 4 ..)
[    0.565693] random 0000 0000 0000 00000000 00000000: going to reseed nonblocking with 64 bits (32 of 0 requested)
[    0.565696] random 0000 0000 0000 00000000 00000000: extract_entropy(.. 8 ..)
[    0.565699] random 0000 0000 0000 00000000 00000000: trying to extract 64 bits from input
[    0.565703] random 0000 0000 0000 00000000 00000000: debiting 0 entropy credits from input
[    0.565705] random 0000 0000 0000 00000000 00000000: extract_entropy account returned: 0 
[    0.565709] random 0000 0000 0000 00000000 00000000: urand_change_num 3 xfer_secondary_pool(4): pool_sig fffffe1a, data_sig 00000000, bytes_mixed 0 00000000 00000000
[    0.565713] random 0000 0000 0000 00000000 00000000: trying to extract 32 bits from nonblocking
[    0.565717] random 0000 0000 0000 00000000 00000000: debiting 32 entropy credits from nonblocking (unlimited)
[    0.565719] random 0000 0000 0000 00000000 00000000: extract_entropy account returned: 4 
[    0.565725] random 0000 0000 0000 00000000 00000000: urand_change_num 4 extract_buf: pool_sig fffffe1a, data_sig fffffed7, bytes_mixed 20 00000000 00000000
[    0.565765] IP route cache hash table entries: 32768 (order: 5, 131072 bytes)
[    0.565875] RANDOM - __random32 called. Change num 8.  Value: de565d28	48ebb7a3	baff4f46
[    0.565878] RANDOM - random32 called.  Value: de565d28	48ebb7a3	baff4f46
[    0.565988] RANDOM - __random32 called. Change num 9.  Value: 65d282be	8ebb7a35	9e8da0a6
[    0.565991] RANDOM - random32 called.  Value: 65d282be	8ebb7a35	9e8da0a6
[    0.565994] RANDOM - __random32 called. Change num 10.  Value: 282be6b0	ebb7a35a	414d5c14
[    0.565997] RANDOM - random32 called.  Value: 282be6b0	ebb7a35a	414d5c14
[    0.566027] RANDOM - __random32 called. Change num 11.  Value: be6b0a9f	bb7a35a2	b82964f7
[    0.566030] RANDOM - random32 called.  Value: be6b0a9f	bb7a35a2	b82964f7
[    0.566043] TCP established hash table entries: 131072 (order: 8, 1048576 bytes)
[    0.566152] TCP bind hash table entries: 65536 (order: 7, 524288 bytes)
[    0.566262] TCP: Hash tables configured (established 131072 bind 65536)
[    0.566265] TCP reno registered
[    0.566314] NET: Registered protocol family 1
[    0.566327] pci 0000:00:00.0: Limiting direct PCI/PCI transfers
[    0.566353] pci 0000:00:0f.0: Boot video device
[    0.566577] Trying to unpack rootfs image as initramfs...
[    1.679447] Freeing initrd memory: 83430k freed
[    1.687459] Simple Boot Flag at 0x36 set to 0x1
[    1.687504] cpufreq-nforce2: No nForce2 chipset.
[    1.687517] Scanning for low memory corruption every 60 seconds
[    1.687631] audit: initializing netlink socket (disabled)
[    1.687639] type=2000 audit(1369427871.676:1): initialized
[    1.691561] highmem bounce pool size: 64 pages
[    1.691565] HugeTLB registered 2 MB page size, pre-allocated 0 pages
[    1.691658] VFS: Disk quotas dquot_6.5.2
[    1.691687] Dquot-cache hash table entries: 1024 (order 0, 4096 bytes)
[    1.691765] fuse init (API version 7.13)
[    1.691808] msgmni has been set to 1729
[    1.692069] alg: No test for stdrng (krng)
[    1.692101] Block layer SCSI generic (bsg) driver version 0.4 loaded (major 253)
[    1.692103] io scheduler noop registered
[    1.692105] io scheduler anticipatory registered
[    1.692106] io scheduler deadline registered
[    1.692125] io scheduler cfq registered (default)
[    1.692171]   alloc irq_desc for 24 on node -1
[    1.692173]   alloc kstat_irqs on node -1
[    1.692219] pcieport 0000:00:15.0: irq 24 for MSI/MSI-X
[    1.692264] pcieport 0000:00:15.0: setting latency timer to 64
[    1.692309]   alloc irq_desc for 25 on node -1
[    1.692311]   alloc kstat_irqs on node -1
[    1.692357] pcieport 0000:00:15.1: irq 25 for MSI/MSI-X
[    1.692402] pcieport 0000:00:15.1: setting latency timer to 64
[    1.692448]   alloc irq_desc for 26 on node -1
[    1.692450]   alloc kstat_irqs on node -1
[    1.692495] pcieport 0000:00:15.2: irq 26 for MSI/MSI-X
[    1.692540] pcieport 0000:00:15.2: setting latency timer to 64
[    1.692586]   alloc irq_desc for 27 on node -1
[    1.692588]   alloc kstat_irqs on node -1
[    1.692633] pcieport 0000:00:15.3: irq 27 for MSI/MSI-X
[    1.692679] pcieport 0000:00:15.3: setting latency timer to 64
[    1.692724]   alloc irq_desc for 28 on node -1
[    1.692726]   alloc kstat_irqs on node -1
[    1.692771] pcieport 0000:00:15.4: irq 28 for MSI/MSI-X
[    1.692817] pcieport 0000:00:15.4: setting latency timer to 64
[    1.692862]   alloc irq_desc for 29 on node -1
[    1.692864]   alloc kstat_irqs on node -1
[    1.692909] pcieport 0000:00:15.5: irq 29 for MSI/MSI-X
[    1.692955] pcieport 0000:00:15.5: setting latency timer to 64
[    1.693000]   alloc irq_desc for 30 on node -1
[    1.693002]   alloc kstat_irqs on node -1
[    1.693047] pcieport 0000:00:15.6: irq 30 for MSI/MSI-X
[    1.693093] pcieport 0000:00:15.6: setting latency timer to 64
[    1.693138]   alloc irq_desc for 31 on node -1
[    1.693140]   alloc kstat_irqs on node -1
[    1.693185] pcieport 0000:00:15.7: irq 31 for MSI/MSI-X
[    1.693231] pcieport 0000:00:15.7: setting latency timer to 64
[    1.693276]   alloc irq_desc for 32 on node -1
[    1.693278]   alloc kstat_irqs on node -1
[    1.693324] pcieport 0000:00:16.0: irq 32 for MSI/MSI-X
[    1.693369] pcieport 0000:00:16.0: setting latency timer to 64
[    1.693414]   alloc irq_desc for 33 on node -1
[    1.693416]   alloc kstat_irqs on node -1
[    1.693462] pcieport 0000:00:16.1: irq 33 for MSI/MSI-X
[    1.693507] pcieport 0000:00:16.1: setting latency timer to 64
[    1.693552]   alloc irq_desc for 34 on node -1
[    1.693554]   alloc kstat_irqs on node -1
[    1.693600] pcieport 0000:00:16.2: irq 34 for MSI/MSI-X
[    1.693645] pcieport 0000:00:16.2: setting latency timer to 64
[    1.693691]   alloc irq_desc for 35 on node -1
[    1.693692]   alloc kstat_irqs on node -1
[    1.693738] pcieport 0000:00:16.3: irq 35 for MSI/MSI-X
[    1.693783] pcieport 0000:00:16.3: setting latency timer to 64
[    1.693829]   alloc irq_desc for 36 on node -1
[    1.693830]   alloc kstat_irqs on node -1
[    1.693876] pcieport 0000:00:16.4: irq 36 for MSI/MSI-X
[    1.693921] pcieport 0000:00:16.4: setting latency timer to 64
[    1.693967]   alloc irq_desc for 37 on node -1
[    1.693969]   alloc kstat_irqs on node -1
[    1.694014] pcieport 0000:00:16.5: irq 37 for MSI/MSI-X
[    1.694059] pcieport 0000:00:16.5: setting latency timer to 64
[    1.694105]   alloc irq_desc for 38 on node -1
[    1.694107]   alloc kstat_irqs on node -1
[    1.694152] pcieport 0000:00:16.6: irq 38 for MSI/MSI-X
[    1.694198] pcieport 0000:00:16.6: setting latency timer to 64
[    1.694243]   alloc irq_desc for 39 on node -1
[    1.694245]   alloc kstat_irqs on node -1
[    1.694290] pcieport 0000:00:16.7: irq 39 for MSI/MSI-X
[    1.694336] pcieport 0000:00:16.7: setting latency timer to 64
[    1.694381]   alloc irq_desc for 40 on node -1
[    1.694384]   alloc kstat_irqs on node -1
[    1.694429] pcieport 0000:00:17.0: irq 40 for MSI/MSI-X
[    1.694474] pcieport 0000:00:17.0: setting latency timer to 64
[    1.695479]   alloc irq_desc for 41 on node -1
[    1.695481]   alloc kstat_irqs on node -1
[    1.695527] pcieport 0000:00:17.1: irq 41 for MSI/MSI-X
[    1.695572] pcieport 0000:00:17.1: setting latency timer to 64
[    1.695617]   alloc irq_desc for 42 on node -1
[    1.695619]   alloc kstat_irqs on node -1
[    1.695665] pcieport 0000:00:17.2: irq 42 for MSI/MSI-X
[    1.695710] pcieport 0000:00:17.2: setting latency timer to 64
[    1.695756]   alloc irq_desc for 43 on node -1
[    1.695759]   alloc kstat_irqs on node -1
[    1.695804] pcieport 0000:00:17.3: irq 43 for MSI/MSI-X
[    1.695850] pcieport 0000:00:17.3: setting latency timer to 64
[    1.695895]   alloc irq_desc for 44 on node -1
[    1.695897]   alloc kstat_irqs on node -1
[    1.695942] pcieport 0000:00:17.4: irq 44 for MSI/MSI-X
[    1.695988] pcieport 0000:00:17.4: setting latency timer to 64
[    1.696033]   alloc irq_desc for 45 on node -1
[    1.696036]   alloc kstat_irqs on node -1
[    1.696081] pcieport 0000:00:17.5: irq 45 for MSI/MSI-X
[    1.696126] pcieport 0000:00:17.5: setting latency timer to 64
[    1.696172]   alloc irq_desc for 46 on node -1
[    1.696174]   alloc kstat_irqs on node -1
[    1.696219] pcieport 0000:00:17.6: irq 46 for MSI/MSI-X
[    1.696265] pcieport 0000:00:17.6: setting latency timer to 64
[    1.696310]   alloc irq_desc for 47 on node -1
[    1.696312]   alloc kstat_irqs on node -1
[    1.696357] pcieport 0000:00:17.7: irq 47 for MSI/MSI-X
[    1.696403] pcieport 0000:00:17.7: setting latency timer to 64
[    1.696448]   alloc irq_desc for 48 on node -1
[    1.696450]   alloc kstat_irqs on node -1
[    1.696496] pcieport 0000:00:18.0: irq 48 for MSI/MSI-X
[    1.696541] pcieport 0000:00:18.0: setting latency timer to 64
[    1.696586]   alloc irq_desc for 49 on node -1
[    1.696588]   alloc kstat_irqs on node -1
[    1.696634] pcieport 0000:00:18.1: irq 49 for MSI/MSI-X
[    1.696679] pcieport 0000:00:18.1: setting latency timer to 64
[    1.696725]   alloc irq_desc for 50 on node -1
[    1.696726]   alloc kstat_irqs on node -1
[    1.696772] pcieport 0000:00:18.2: irq 50 for MSI/MSI-X
[    1.696817] pcieport 0000:00:18.2: setting latency timer to 64
[    1.696863]   alloc irq_desc for 51 on node -1
[    1.696865]   alloc kstat_irqs on node -1
[    1.696910] pcieport 0000:00:18.3: irq 51 for MSI/MSI-X
[    1.696955] pcieport 0000:00:18.3: setting latency timer to 64
[    1.697001]   alloc irq_desc for 52 on node -1
[    1.697003]   alloc kstat_irqs on node -1
[    1.697048] pcieport 0000:00:18.4: irq 52 for MSI/MSI-X
[    1.697094] pcieport 0000:00:18.4: setting latency timer to 64
[    1.697139]   alloc irq_desc for 53 on node -1
[    1.697141]   alloc kstat_irqs on node -1
[    1.697186] pcieport 0000:00:18.5: irq 53 for MSI/MSI-X
[    1.697232] pcieport 0000:00:18.5: setting latency timer to 64
[    1.697277]   alloc irq_desc for 54 on node -1
[    1.697279]   alloc kstat_irqs on node -1
[    1.697325] pcieport 0000:00:18.6: irq 54 for MSI/MSI-X
[    1.697370] pcieport 0000:00:18.6: setting latency timer to 64
[    1.697416]   alloc irq_desc for 55 on node -1
[    1.697418]   alloc kstat_irqs on node -1
[    1.697463] pcieport 0000:00:18.7: irq 55 for MSI/MSI-X
[    1.697508] pcieport 0000:00:18.7: setting latency timer to 64
[    1.697554] pci_hotplug: PCI Hot Plug PCI Core version: 0.5
[    1.699494] pciehp 0000:00:15.0:pcie04: HPC vendor_id 15ad device_id 7a0 ss_vid 0 ss_did 0
[    1.699539] pciehp 0000:00:15.0:pcie04: service driver pciehp loaded
[    1.699585] pciehp 0000:00:15.1:pcie04: HPC vendor_id 15ad device_id 7a0 ss_vid 0 ss_did 0
[    1.699630] pciehp 0000:00:15.1:pcie04: service driver pciehp loaded
[    1.699676] pciehp 0000:00:15.2:pcie04: HPC vendor_id 15ad device_id 7a0 ss_vid 0 ss_did 0
[    1.699721] pciehp 0000:00:15.2:pcie04: service driver pciehp loaded
[    1.699767] pciehp 0000:00:15.3:pcie04: HPC vendor_id 15ad device_id 7a0 ss_vid 0 ss_did 0
[    1.699812] pciehp 0000:00:15.3:pcie04: service driver pciehp loaded
[    1.699857] pciehp 0000:00:15.4:pcie04: HPC vendor_id 15ad device_id 7a0 ss_vid 0 ss_did 0
[    1.699903] pciehp 0000:00:15.4:pcie04: service driver pciehp loaded
[    1.699948] pciehp 0000:00:15.5:pcie04: HPC vendor_id 15ad device_id 7a0 ss_vid 0 ss_did 0
[    1.699994] pciehp 0000:00:15.5:pcie04: service driver pciehp loaded
[    1.700039] pciehp 0000:00:15.6:pcie04: HPC vendor_id 15ad device_id 7a0 ss_vid 0 ss_did 0
[    1.700085] pciehp 0000:00:15.6:pcie04: service driver pciehp loaded
[    1.700130] pciehp 0000:00:15.7:pcie04: HPC vendor_id 15ad device_id 7a0 ss_vid 0 ss_did 0
[    1.700175] pciehp 0000:00:15.7:pcie04: service driver pciehp loaded
[    1.700221] pciehp 0000:00:16.0:pcie04: HPC vendor_id 15ad device_id 7a0 ss_vid 0 ss_did 0
[    1.700266] pciehp 0000:00:16.0:pcie04: service driver pciehp loaded
[    1.700312] pciehp 0000:00:16.1:pcie04: HPC vendor_id 15ad device_id 7a0 ss_vid 0 ss_did 0
[    1.700357] pciehp 0000:00:16.1:pcie04: service driver pciehp loaded
[    1.700402] pciehp 0000:00:16.2:pcie04: HPC vendor_id 15ad device_id 7a0 ss_vid 0 ss_did 0
[    1.700448] pciehp 0000:00:16.2:pcie04: service driver pciehp loaded
[    1.700493] pciehp 0000:00:16.3:pcie04: HPC vendor_id 15ad device_id 7a0 ss_vid 0 ss_did 0
[    1.700539] pciehp 0000:00:16.3:pcie04: service driver pciehp loaded
[    1.700584] pciehp 0000:00:16.4:pcie04: HPC vendor_id 15ad device_id 7a0 ss_vid 0 ss_did 0
[    1.700630] pciehp 0000:00:16.4:pcie04: service driver pciehp loaded
[    1.700675] pciehp 0000:00:16.5:pcie04: HPC vendor_id 15ad device_id 7a0 ss_vid 0 ss_did 0
[    1.700720] pciehp 0000:00:16.5:pcie04: service driver pciehp loaded
[    1.700766] pciehp 0000:00:16.6:pcie04: HPC vendor_id 15ad device_id 7a0 ss_vid 0 ss_did 0
[    1.700811] pciehp 0000:00:16.6:pcie04: service driver pciehp loaded
[    1.700857] pciehp 0000:00:16.7:pcie04: HPC vendor_id 15ad device_id 7a0 ss_vid 0 ss_did 0
[    1.700902] pciehp 0000:00:16.7:pcie04: service driver pciehp loaded
[    1.700948] pciehp 0000:00:17.0:pcie04: HPC vendor_id 15ad device_id 7a0 ss_vid 0 ss_did 0
[    1.700993] pciehp 0000:00:17.0:pcie04: service driver pciehp loaded
[    1.701038] pciehp 0000:00:17.1:pcie04: HPC vendor_id 15ad device_id 7a0 ss_vid 0 ss_did 0
[    1.701084] pciehp 0000:00:17.1:pcie04: service driver pciehp loaded
[    1.701129] pciehp 0000:00:17.2:pcie04: HPC vendor_id 15ad device_id 7a0 ss_vid 0 ss_did 0
[    1.701175] pciehp 0000:00:17.2:pcie04: service driver pciehp loaded
[    1.701220] pciehp 0000:00:17.3:pcie04: HPC vendor_id 15ad device_id 7a0 ss_vid 0 ss_did 0
[    1.701265] pciehp 0000:00:17.3:pcie04: service driver pciehp loaded
[    1.701311] pciehp 0000:00:17.4:pcie04: HPC vendor_id 15ad device_id 7a0 ss_vid 0 ss_did 0
[    1.701356] pciehp 0000:00:17.4:pcie04: service driver pciehp loaded
[    1.701402] pciehp 0000:00:17.5:pcie04: HPC vendor_id 15ad device_id 7a0 ss_vid 0 ss_did 0
[    1.701447] pciehp 0000:00:17.5:pcie04: service driver pciehp loaded
[    1.701493] pciehp 0000:00:17.6:pcie04: HPC vendor_id 15ad device_id 7a0 ss_vid 0 ss_did 0
[    1.701538] pciehp 0000:00:17.6:pcie04: service driver pciehp loaded
[    1.701583] pciehp 0000:00:17.7:pcie04: HPC vendor_id 15ad device_id 7a0 ss_vid 0 ss_did 0
[    1.701629] pciehp 0000:00:17.7:pcie04: service driver pciehp loaded
[    1.701674] pciehp 0000:00:18.0:pcie04: HPC vendor_id 15ad device_id 7a0 ss_vid 0 ss_did 0
[    1.701720] pciehp 0000:00:18.0:pcie04: service driver pciehp loaded
[    1.701765] pciehp 0000:00:18.1:pcie04: HPC vendor_id 15ad device_id 7a0 ss_vid 0 ss_did 0
[    1.701811] pciehp 0000:00:18.1:pcie04: service driver pciehp loaded
[    1.701856] pciehp 0000:00:18.2:pcie04: HPC vendor_id 15ad device_id 7a0 ss_vid 0 ss_did 0
[    1.701901] pciehp 0000:00:18.2:pcie04: service driver pciehp loaded
[    1.701947] pciehp 0000:00:18.3:pcie04: HPC vendor_id 15ad device_id 7a0 ss_vid 0 ss_did 0
[    1.701992] pciehp 0000:00:18.3:pcie04: service driver pciehp loaded
[    1.702038] pciehp 0000:00:18.4:pcie04: HPC vendor_id 15ad device_id 7a0 ss_vid 0 ss_did 0
[    1.702083] pciehp 0000:00:18.4:pcie04: service driver pciehp loaded
[    1.702128] pciehp 0000:00:18.5:pcie04: HPC vendor_id 15ad device_id 7a0 ss_vid 0 ss_did 0
[    1.702174] pciehp 0000:00:18.5:pcie04: service driver pciehp loaded
[    1.702219] pciehp 0000:00:18.6:pcie04: HPC vendor_id 15ad device_id 7a0 ss_vid 0 ss_did 0
[    1.702265] pciehp 0000:00:18.6:pcie04: service driver pciehp loaded
[    1.702310] pciehp 0000:00:18.7:pcie04: HPC vendor_id 15ad device_id 7a0 ss_vid 0 ss_did 0
[    1.702356] pciehp 0000:00:18.7:pcie04: service driver pciehp loaded
[    1.702363] pciehp: PCI Express Hot Plug Controller Driver version: 0.4
[    1.702413] ACPI: AC Adapter [ACAD] (on-line)
[    1.702464] input: Power Button as /devices/LNXSYSTM:00/LNXPWRBN:00/input/input0
[    1.702467] ACPI: Power Button [PWRF]
[    1.702512] processor LNXCPU:00: registered as cooling_device0
[    1.743396] isapnp: Scanning for PnP cards...
[    2.097074] isapnp: No Plug & Play device found
[    2.097104] random 0000 0000 0000 5f8db4e5 4cfdf2a8: initializing
[    2.097229] Linux agpgart interface v0.103
[    2.097268] agpgart-intel 0000:00:00.0: Intel 440BX Chipset
[    2.097321] agpgart-intel 0000:00:00.0: AGP aperture is 256M @ 0x0
[    2.097351] Serial: 8250/16550 driver, 32 ports, IRQ sharing enabled
[    2.097404] serial8250: ttyS0 at I/O 0x3f8 (irq = 4) is a 16550A
[    2.097457] serial8250: ttyS1 at I/O 0x2f8 (irq = 3) is a 16550A
[    2.097510] 00:0a: ttyS0 at I/O 0x3f8 (irq = 4) is a 16550A
[    2.097563] 00:0b: ttyS1 at I/O 0x2f8 (irq = 3) is a 16550A
[    2.097615] brd: module loaded
[    2.097668] loop: module loaded
[    2.097721] ata_piix 0000:00:07.1: version 2.13
[    2.097802] scsi0 : ata_piix
[    2.097848] scsi1 : ata_piix
[    2.097867] ata1: PATA max UDMA/33 cmd 0x1f0 ctl 0x3f6 bmdma 0x10c0 irq 14
[    2.097869] ata2: PATA max UDMA/33 cmd 0x170 ctl 0x376 bmdma 0x10c8 irq 15
[    2.097916] PPP generic driver version 2.4.2
[    2.097935] tun: Universal TUN/TAP device driver, 1.6
[    2.097937] tun: (C) 1999-2004 Max Krasnyansky <maxk@qualcomm.com>
[    2.097989] ehci_hcd: USB 2.0 'Enhanced' Host Controller (EHCI) Driver
[    2.098042] ACPI: PCI Interrupt Link [LNKB] enabled at IRQ 11
[    2.098045] PCI: setting IRQ 11 as level-triggered
[    2.098052] ehci_hcd 0000:02:03.0: PCI INT A -> Link[LNKB] -> GSI 11 (level, low) -> IRQ 11
[    2.098087] ehci_hcd 0000:02:03.0: EHCI Host Controller
[    2.098109] ehci_hcd 0000:02:03.0: new USB bus registered, assigned bus number 1
[    2.098161] ehci_hcd 0000:02:03.0: cache line size of 32 is not supported
[    2.098167] ehci_hcd 0000:02:03.0: irq 11, io mem 0xc9000000
[    2.098473] random 0000 0000 0000 00000000 00000000: rand_read_num 3 get_random_bytes(8): sig 00000000 00000000 00000000
[    2.098476] random 0000 0000 0000 00000000 00000000: extract_entropy(.. 8 ..)
[    2.098479] random 0000 0000 0000 00000000 00000000: going to reseed nonblocking with 64 bits (64 of 0 requested)
[    2.098481] random 0000 0000 0000 00000000 00000000: extract_entropy(.. 8 ..)
[    2.098483] random 0000 0000 0000 00000000 00000000: trying to extract 64 bits from input
[    2.098485] random 0000 0000 0000 00000000 00000000: debiting 0 entropy credits from input
[    2.098487] random 0000 0000 0000 00000000 00000000: extract_entropy account returned: 0 
[    2.098490] random 0000 0000 0000 00000000 00000000: urand_change_num 5 xfer_secondary_pool(8): pool_sig 00000000, data_sig 00000000, bytes_mixed 0 00000000 00000000
[    2.098493] random 0000 0000 0000 00000000 00000000: trying to extract 64 bits from nonblocking
[    2.098495] random 0000 0000 0000 00000000 00000000: debiting 64 entropy credits from nonblocking (unlimited)
[    2.098497] random 0000 0000 0000 00000000 00000000: extract_entropy account returned: 8 
[    2.098501] random 0000 0000 0000 00000000 00000000: urand_change_num 6 extract_buf: pool_sig 00000000, data_sig fffffff9, bytes_mixed 20 00000000 00000000
[    2.106838] ehci_hcd 0000:02:03.0: USB 2.0 started, EHCI 1.00
[    2.106891] usb usb1: configuration #1 chosen from 1 choice
[    2.106911] hub 1-0:1.0: USB hub found
[    2.106916] hub 1-0:1.0: 6 ports detected
[    2.106952] ohci_hcd: USB 1.1 'Open' Host Controller (OHCI) Driver
[    2.106962] uhci_hcd: USB Universal Host Controller Interface driver
[    2.107015] ACPI: PCI Interrupt Link [LNKC] enabled at IRQ 10
[    2.107018] PCI: setting IRQ 10 as level-triggered
[    2.107022] uhci_hcd 0000:02:00.0: PCI INT A -> Link[LNKC] -> GSI 10 (level, low) -> IRQ 10
[    2.107056] uhci_hcd 0000:02:00.0: UHCI Host Controller
[    2.107084] uhci_hcd 0000:02:00.0: new USB bus registered, assigned bus number 2
[    2.107189] uhci_hcd 0000:02:00.0: irq 10, io base 0x000020c0
[    2.107242] usb usb2: configuration #1 chosen from 1 choice
[    2.107257] hub 2-0:1.0: USB hub found
[    2.107261] hub 2-0:1.0: 2 ports detected
[    2.107314] usbcore: registered new interface driver libusual
[    2.107342] PNP: PS/2 Controller [PNP0303:KBC,PNP0f13:MOUS] at 0x60,0x64 irq 1,12
[    2.107675] serio: i8042 KBD port at 0x60,0x64 irq 1
[    2.107682] serio: i8042 AUX port at 0x60,0x64 irq 12
[    2.107717] mice: PS/2 mouse device common for all mice
[    2.107769] rtc_cmos 00:04: rtc core: registered rtc_cmos as rtc0
[    2.107786] rtc0: alarms up to one month, y3k, 114 bytes nvram, hpet irqs
[    2.107838] device-mapper: uevent: version 1.0.3
[    2.107953] device-mapper: ioctl: 4.15.0-ioctl (2009-04-01) initialised: dm-devel@redhat.com
[    2.107971] EISA: Probing bus 0 at eisa.0
[    2.107978] Cannot allocate resource for EISA slot 1
[    2.107980] Cannot allocate resource for EISA slot 2
[    2.107982] Cannot allocate resource for EISA slot 3
[    2.107984] Cannot allocate resource for EISA slot 4
[    2.107996] Cannot allocate resource for EISA slot 5
[    2.107998] Cannot allocate resource for EISA slot 6
[    2.108000] Cannot allocate resource for EISA slot 7
[    2.108002] Cannot allocate resource for EISA slot 8
[    2.108004] EISA: Detected 0 cards.
[    2.108051] cpuidle: using governor ladder
[    2.108052] cpuidle: using governor menu
[    2.108105] random 0000 0000 0000 00000000 00000000: rand_read_num 4 get_random_bytes(136): sig 0000021d 00000000 00000000
[    2.108108] random 0000 0000 0000 00000000 00000000: extract_entropy(.. 136 ..)
[    2.108111] random 0000 0000 0000 00000000 00000000: going to reseed nonblocking with 1024 bits (1088 of 0 requested)
[    2.108113] random 0000 0000 0000 00000000 00000000: extract_entropy(.. 128 ..)
[    2.108115] random 0000 0000 0000 00000000 00000000: trying to extract 1024 bits from input
[    2.108117] random 0000 0000 0000 00000000 00000000: debiting 0 entropy credits from input
[    2.108119] random 0000 0000 0000 00000000 00000000: extract_entropy account returned: 0 
[    2.108122] random 0000 0000 0000 00000000 00000000: urand_change_num 7 xfer_secondary_pool(136): pool_sig 0000021d, data_sig 00000000, bytes_mixed 0 00000000 00000000
[    2.108125] random 0000 0000 0000 00000000 00000000: trying to extract 1088 bits from nonblocking
[    2.108128] random 0000 0000 0000 00000000 00000000: debiting 1088 entropy credits from nonblocking (unlimited)
[    2.108130] random 0000 0000 0000 00000000 00000000: extract_entropy account returned: 136 
[    2.108134] random 0000 0000 0000 00000000 00000000: urand_change_num 8 extract_buf: pool_sig 0000021d, data_sig fffffff7, bytes_mixed 20 00000000 00000000
[    2.108138] random 0000 0000 0000 f961ee50 ba9cb1aa: urand_change_num 9 extract_buf: pool_sig 00000230, data_sig fffffeb4, bytes_mixed 20 f961ee50 ba9cb1aa
[    2.108143] random 0000 0000 0000 9748bdd6 56fb8af6: urand_change_num 10 extract_buf: pool_sig 00000373, data_sig 000000cf, bytes_mixed 20 9748bdd6 56fb8af6
[    2.108147] random 0000 0000 0000 9748bdd6 56fb8af6: urand_change_num 11 extract_buf: pool_sig fffffe49, data_sig 0000023f, bytes_mixed 20 9748bdd6 56fb8af6
[    2.108152] random 0000 0000 0000 a135be86 4777650e: urand_change_num 12 extract_buf: pool_sig fffffcce, data_sig 000000c6, bytes_mixed 20 a135be86 4777650e
[    2.108156] random 0000 0000 0000 4a6ea85d 170e00dd: urand_change_num 13 extract_buf: pool_sig ffffff97, data_sig ffffff7d, bytes_mixed 20 4a6ea85d 170e00dd
[    2.108161] random 0000 0000 0000 4a6ea85d 170e00dd: urand_change_num 14 extract_buf: pool_sig 00000160, data_sig fffffeea, bytes_mixed 20 4a6ea85d 170e00dd
[    2.108165] random 0000 0000 0000 6e87c3cb da668c73: urand_change_num 15 extract_buf: pool_sig 0000034f, data_sig ffffff54, bytes_mixed 20 6e87c3cb da668c73
[    2.108170] random 0000 0000 0000 6e87c3cb da668c73: urand_change_num 16 extract_buf: pool_sig fffffdc5, data_sig 00000205, bytes_mixed 20 6e87c3cb da668c73
[    2.108174] random 0000 0000 0000 39f531e6 461eb249: urand_change_num 17 extract_buf: pool_sig fffffc1d, data_sig ffffff5e, bytes_mixed 20 39f531e6 461eb249
[    2.108179] random 0000 0000 0000 7e1538a2 3e661182: urand_change_num 18 extract_buf: pool_sig 000006ef, data_sig ffffff2e, bytes_mixed 20 7e1538a2 3e661182
[    2.108183] random 0000 0000 0000 7e1538a2 3e661182: urand_change_num 19 extract_buf: pool_sig 00000317, data_sig fffffccb, bytes_mixed 20 7e1538a2 3e661182
[    2.108188] random 0000 0000 0000 76af506b 9b57305e: urand_change_num 20 extract_buf: pool_sig 00000227, data_sig ffffffd2, bytes_mixed 20 76af506b 9b57305e
[    2.108192] random 0000 0000 0000 37d49d89 e20417cc: urand_change_num 21 extract_buf: pool_sig 0000080b, data_sig 000001e9, bytes_mixed 20 37d49d89 e20417cc
[    2.108196] TCP cubic registered
[    2.108249] NET: Registered protocol family 10
[    2.108283] RANDOM - __random32 called. Change num 12.  Value: b0a9fbe7	b7a35a2b	c9ef2c48
[    2.108285] RANDOM - random32 called.  Value: b0a9fbe7	b7a35a2b	c9ef2c48
[    2.108294] random 0000 0000 0000 37d49d89 e20417cc: rand_read_num 5 get_random_bytes(4): sig 00000298 37d49d89 e20417cc
[    2.108296] random 0000 0000 0000 37d49d89 e20417cc: extract_entropy(.. 4 ..)
[    2.108299] random 0000 0000 0000 37d49d89 e20417cc: going to reseed nonblocking with 64 bits (32 of 0 requested)
[    2.108301] random 0000 0000 0000 37d49d89 e20417cc: extract_entropy(.. 8 ..)
[    2.108303] random 0000 0000 0000 37d49d89 e20417cc: trying to extract 64 bits from input
[    2.108305] random 0000 0000 0000 37d49d89 e20417cc: debiting 0 entropy credits from input
[    2.108308] random 0000 0000 0000 37d49d89 e20417cc: extract_entropy account returned: 0 
[    2.108311] random 0000 0000 0000 37d49d89 e20417cc: urand_change_num 22 xfer_secondary_pool(4): pool_sig 00000298, data_sig 00000000, bytes_mixed 0 37d49d89 e20417cc
[    2.108313] random 0000 0000 0000 37d49d89 e20417cc: trying to extract 32 bits from nonblocking
[    2.108316] random 0000 0000 0000 37d49d89 e20417cc: debiting 32 entropy credits from nonblocking (unlimited)
[    2.108318] random 0000 0000 0000 37d49d89 e20417cc: extract_entropy account returned: 4 
[    2.108321] random 0000 0000 0000 37d49d89 e20417cc: urand_change_num 23 extract_buf: pool_sig 00000298, data_sig 00000092, bytes_mixed 20 37d49d89 e20417cc
[    2.108374] RANDOM - __random32 called. Change num 13.  Value: 9fbe71fa	7a35a2b4	5890d2c9
[    2.108376] RANDOM - random32 called.  Value: 9fbe71fa	7a35a2b4	5890d2c9
[    2.108429] NET: Registered protocol family 17
[    2.108450] Using IPI No-Shortcut mode
[    2.108456] random 0000 0000 0000 2ee4c4fc 167bdb15: rand_read_num 6 get_random_bytes(8): sig fffffcbf 2ee4c4fc 167bdb15
[    2.108458] random 0000 0000 0000 2ee4c4fc 167bdb15: extract_entropy(.. 8 ..)
[    2.108460] random 0000 0000 0000 2ee4c4fc 167bdb15: going to reseed nonblocking with 64 bits (64 of 0 requested)
[    2.108463] random 0000 0000 0000 2ee4c4fc 167bdb15: extract_entropy(.. 8 ..)
[    2.108465] random 0000 0000 0000 2ee4c4fc 167bdb15: trying to extract 64 bits from input
[    2.108467] random 0000 0000 0000 2ee4c4fc 167bdb15: debiting 0 entropy credits from input
[    2.108469] random 0000 0000 0000 2ee4c4fc 167bdb15: extract_entropy account returned: 0 
[    2.108472] random 0000 0000 0000 2ee4c4fc 167bdb15: urand_change_num 24 xfer_secondary_pool(8): pool_sig fffffcbf, data_sig 00000000, bytes_mixed 0 2ee4c4fc 167bdb15
[    2.108475] random 0000 0000 0000 2ee4c4fc 167bdb15: trying to extract 64 bits from nonblocking
[    2.108477] random 0000 0000 0000 2ee4c4fc 167bdb15: debiting 64 entropy credits from nonblocking (unlimited)
[    2.108479] random 0000 0000 0000 2ee4c4fc 167bdb15: extract_entropy account returned: 8 
[    2.108483] random 0000 0000 0000 2ee4c4fc 167bdb15: urand_change_num 25 extract_buf: pool_sig fffffcbf, data_sig ffffff83, bytes_mixed 20 2ee4c4fc 167bdb15
[    2.108523] PM: Resume from disk failed.
[    2.108531] registered taskstats version 1
[    2.108534] random 0000 0000 0000 2ee4c4fc 167bdb15: rand_read_num 7 get_random_bytes(12): sig fffffc69 2ee4c4fc 167bdb15
[    2.108536] random 0000 0000 0000 2ee4c4fc 167bdb15: extract_entropy(.. 12 ..)
[    2.108539] random 0000 0000 0000 2ee4c4fc 167bdb15: going to reseed nonblocking with 96 bits (96 of 0 requested)
[    2.108541] random 0000 0000 0000 2ee4c4fc 167bdb15: extract_entropy(.. 12 ..)
[    2.108543] random 0000 0000 0000 2ee4c4fc 167bdb15: trying to extract 96 bits from input
[    2.108545] random 0000 0000 0000 2ee4c4fc 167bdb15: debiting 0 entropy credits from input
[    2.108547] random 0000 0000 0000 2ee4c4fc 167bdb15: extract_entropy account returned: 0 
[    2.108550] random 0000 0000 0000 2ee4c4fc 167bdb15: urand_change_num 26 xfer_secondary_pool(12): pool_sig fffffc69, data_sig 00000000, bytes_mixed 0 2ee4c4fc 167bdb15
[    2.108553] random 0000 0000 0000 2ee4c4fc 167bdb15: trying to extract 96 bits from nonblocking
[    2.108555] random 0000 0000 0000 2ee4c4fc 167bdb15: debiting 96 entropy credits from nonblocking (unlimited)
[    2.108557] random 0000 0000 0000 2ee4c4fc 167bdb15: extract_entropy account returned: 12 
[    2.108561] random 0000 0000 0000 2ee4c4fc 167bdb15: urand_change_num 27 extract_buf: pool_sig fffffc69, data_sig ffffff7d, bytes_mixed 20 2ee4c4fc 167bdb15
[    2.108565] random 0000 0000 0000 83b7c1ab 94697f48: urand_change_num 28 extract_buf: pool_sig fffffe30, data_sig fffffdd6, bytes_mixed 20 83b7c1ab 94697f48
[    2.108568] RANDOM - __seed init called.
[    2.108569] RANDOM - __seed init called.
[    2.108571] RANDOM - __seed init called.
[    2.108572] RANDOM - __random32 called. Change num 14.  Value: fc007995	feca4f80	21b38ad2
[    2.108574] RANDOM - random32_reseed called.  Value: fc007995	feca4f80	21b38ad2
[    2.108577] Pid: 1, comm: swapper Not tainted 2.6.32.57 #4
[    2.108579] Call Trace:
[    2.108584]  [<c14a8a0e>] ? printk+0x1d/0x1f
[    2.108589]  [<c17537e5>] random32_reseed+0x89/0xbd
[    2.108592]  [<c1003042>] do_one_initcall+0x32/0x1a0
[    2.108595]  [<c175375c>] ? random32_reseed+0x0/0xbd
[    2.108598]  [<c17308e7>] kernel_init+0x12d/0x17a
[    2.108621]  [<c17307ba>] ? kernel_init+0x0/0x17a
[    2.108625]  [<c1009b07>] kernel_thread_helper+0x7/0x10
[    2.111382] input: AT Translated Set 2 keyboard as /devices/platform/i8042/serio0/input/input1
[    2.114824] random 0000 0000 0000 6db70b00 b30ce96b: rand_read_num 8 get_random_bytes(64): sig fffffb38 6db70b00 b30ce96b
[    2.114829] random 0000 0000 0000 6db70b00 b30ce96b: extract_entropy(.. 64 ..)
[    2.114833] random 0000 0000 0000 6db70b00 b30ce96b: going to reseed nonblocking with 512 bits (512 of 0 requested)
[    2.114837] random 0000 0000 0000 6db70b00 b30ce96b: extract_entropy(.. 64 ..)
[    2.114840] random 0000 0000 0000 6db70b00 b30ce96b: trying to extract 512 bits from input
[    2.114844] random 0000 0000 0000 6db70b00 b30ce96b: debiting 0 entropy credits from input
[    2.114847] random 0000 0000 0000 6db70b00 b30ce96b: extract_entropy account returned: 0 
[    2.114852] random 0000 0000 0000 6db70b00 b30ce96b: urand_change_num 29 xfer_secondary_pool(64): pool_sig fffffb38, data_sig 00000000, bytes_mixed 0 6db70b00 b30ce96b
[    2.114857] random 0000 0000 0000 6db70b00 b30ce96b: trying to extract 512 bits from nonblocking
[    2.114861] random 0000 0000 0000 6db70b00 b30ce96b: debiting 512 entropy credits from nonblocking (unlimited)
[    2.114864] random 0000 0000 0000 6db70b00 b30ce96b: extract_entropy account returned: 64 
[    2.114870] random 0000 0000 0000 6db70b00 b30ce96b: urand_change_num 30 extract_buf: pool_sig fffffb38, data_sig 00000151, bytes_mixed 20 6db70b00 b30ce96b
[    2.114877] random 0000 0000 0000 6db70b00 b30ce96b: urand_change_num 31 extract_buf: pool_sig fffffdb8, data_sig 00000379, bytes_mixed 20 6db70b00 b30ce96b
[    2.114884] random 0000 0000 0000 6b83001e d4b6c0d3: urand_change_num 32 extract_buf: pool_sig ffffffc9, data_sig 00000198, bytes_mixed 20 6b83001e d4b6c0d3
[    2.114891] random 0000 0000 0000 79d3e3c7 be564518: urand_change_num 33 extract_buf: pool_sig 000002b9, data_sig ffffff84, bytes_mixed 20 79d3e3c7 be564518
[    2.114898] random 0000 0000 0000 79d3e3c7 be564518: urand_change_num 34 extract_buf: pool_sig ffffff55, data_sig ffffff5a, bytes_mixed 20 79d3e3c7 be564518
[    2.114905] random 0000 0000 0000 89c03cb2 0d353228: urand_change_num 35 extract_buf: pool_sig 00000007, data_sig ffffff17, bytes_mixed 20 89c03cb2 0d353228
[    2.114912] random 0000 0000 0000 89c03cb2 0d353228: urand_change_num 36 extract_buf: pool_sig fffffdae, data_sig 000000db, bytes_mixed 20 89c03cb2 0d353228  Magic number: 13:500:650
[    2.115027] rtc_cmos 00:04: setting system clock to 2013-05-24 20:37:52 UTC (1369427872)
[    2.115041] BIOS EDD facility v0.16 2004-Jun-25, 0 devices found
[    2.115044] EDD information not available.
[    2.115083] random 0000 0000 0000 8ca62387 b120332c: rand_read_num 9 get_random_bytes(64): sig fffffed6 8ca62387 b120332c
[    2.115087] random 0000 0000 0000 8ca62387 b120332c: extract_entropy(.. 64 ..)
[    2.115091] random 0000 0000 0000 8ca62387 b120332c: going to reseed nonblocking with 512 bits (512 of 0 requested)
[    2.115094] random 0000 0000 0000 8ca62387 b120332c: extract_entropy(.. 64 ..)
[    2.115098] random 0000 0000 0000 8ca62387 b120332c: trying to extract 512 bits from input
[    2.115101] random 0000 0000 0000 8ca62387 b120332c: debiting 0 entropy credits from input
[    2.115104] random 0000 0000 0000 8ca62387 b120332c: extract_entropy account returned: 0 
[    2.115108] random 0000 0000 0000 8ca62387 b120332c: urand_change_num 37 xfer_secondary_pool(64): pool_sig fffffed6, data_sig 00000000, bytes_mixed 0 8ca62387 b120332c
[    2.115112] random 0000 0000 0000 8ca62387 b120332c: trying to extract 512 bits from nonblocking
[    2.115116] random 0000 0000 0000 8ca62387 b120332c: debiting 512 entropy credits from nonblocking (unlimited)
[    2.115120] random 0000 0000 0000 8ca62387 b120332c: extract_entropy account returned: 64 
[    2.115125] random 0000 0000 0000 8ca62387 b120332c: urand_change_num 38 extract_buf: pool_sig fffffed6, data_sig fffffeb6, bytes_mixed 20 8ca62387 b120332c
[    2.115132] random 0000 0000 0000 90702413 e2a66c2e: urand_change_num 39 extract_buf: pool_sig fffffbb0, data_sig 0000012e, bytes_mixed 20 90702413 e2a66c2e
[    2.115139] random 0000 0000 0000 90702413 e2a66c2e: urand_change_num 40 extract_buf: pool_sig fffffaf1, data_sig ffffff3c, bytes_mixed 20 90702413 e2a66c2e
[    2.115146] random 0000 0000 0000 3f58038b c77aecb6: urand_change_num 41 extract_buf: pool_sig 00000234, data_sig fffffdec, bytes_mixed 20 3f58038b c77aecb6
[    2.115152] random 0000 0000 0000 47187b9d 03f21510: urand_change_num 42 extract_buf: pool_sig 00000192, data_sig 00000075, bytes_mixed 20 47187b9d 03f21510
[    2.115159] random 0000 0000 0000 47187b9d 03f21510: urand_change_num 43 extract_buf: pool_sig 0000018e, data_sig ffffffbf, bytes_mixed 20 47187b9d 03f21510
[    2.115165] random 0000 0000 0000 3180b1fc 0fa9c973: urand_change_num 44 extract_buf: pool_sig fffffecf, data_sig ffffff2a, bytes_mixed 20 3180b1fc 0fa9c973
[    2.115169] BEGIN NET_SECRET:
[    2.115171] \xffffff87
[    2.115173] \xffffff8d
[    2.115175] \xfffffff4
[    2.115177] \xffffffae
[    2.115178] \xffffffc3
[    2.115180] \xffffffb7
[    2.115182] \x31
[    2.115184] \x65
[    2.115185] \xffffffda
[    2.115187] \xffffffa2
[    2.115189] \x31
[    2.115190] \xffffffc8
[    2.115192] \xffffffa9
[    2.115194] \x76
[    2.115195] \x76
[    2.115197] \xffffff90
[    2.115198] \x55
[    2.115200] \xfffffff3
[    2.115202] \xffffffb1
[    2.115204] \x3
[    2.115206] \xffffffb3
[    2.115207] \xffffffa7
[    2.115209] \x5a
[    2.115211] \x71
[    2.115213] \x70
[    2.115214] \xffffff8c
[    2.115216] \x56
[    2.115217] \x25
[    2.115219] \xffffffe1
[    2.115221] \x4c
[    2.115223] \xffffffe6
[    2.115224] \xffffff95
[    2.115226] \x67
[    2.115228] \x4c
[    2.115229] \xffffffb9
[    2.115231] \x1d
[    2.115233] \xe
[    2.115234] \x34
[    2.115236] \xffffffbe
[    2.115238] \x12
[    2.115239] \x5
[    2.115241] \xffffff98
[    2.115243] \xffffffa0
[    2.115244] \xf
[    2.115246] \xffffffb2
[    2.115248] \xffffffde
[    2.115250] \xffffff99
[    2.115251] \xf
[    2.115253] \xffffffe8
[    2.115255] \xffffffc8
[    2.115257] \x1f
[    2.115258] \x54
[    2.115260] \x2c
[    2.115262] \xffffffee
[    2.115263] \x2e
[    2.115265] \x0
[    2.115267] \xffffff95
[    2.115268] \x0
[    2.115270] \xffffffe3
[    2.115272] \xffffffa7
[    2.115273] \xfffffffd
[    2.115275] \x66
[    2.115277] \xffffff92
[    2.115279] \xfffffff0
[    2.115280] 
[    2.115282] END NET_SECRET
[    2.115286] random 0000 0000 0000 3180b1fc 0fa9c973: rand_read_num 10 get_random_bytes(4): sig ffffff46 3180b1fc 0fa9c973
[    2.115289] random 0000 0000 0000 3180b1fc 0fa9c973: extract_entropy(.. 4 ..)
[    2.115293] random 0000 0000 0000 3180b1fc 0fa9c973: going to reseed nonblocking with 64 bits (32 of 0 requested)
[    2.115296] random 0000 0000 0000 3180b1fc 0fa9c973: extract_entropy(.. 8 ..)
[    2.115300] random 0000 0000 0000 3180b1fc 0fa9c973: trying to extract 64 bits from input
[    2.115304] random 0000 0000 0000 3180b1fc 0fa9c973: debiting 0 entropy credits from input
[    2.115307] random 0000 0000 0000 3180b1fc 0fa9c973: extract_entropy account returned: 0 
[    2.115311] random 0000 0000 0000 3180b1fc 0fa9c973: urand_change_num 45 xfer_secondary_pool(4): pool_sig ffffff46, data_sig 00000000, bytes_mixed 0 3180b1fc 0fa9c973
[    2.115315] random 0000 0000 0000 3180b1fc 0fa9c973: trying to extract 32 bits from nonblocking
[    2.115319] random 0000 0000 0000 3180b1fc 0fa9c973: debiting 32 entropy credits from nonblocking (unlimited)
[    2.115323] random 0000 0000 0000 3180b1fc 0fa9c973: extract_entropy account returned: 4 
[    2.115328] random 0000 0000 0000 3180b1fc 0fa9c973: urand_change_num 46 extract_buf: pool_sig ffffff46, data_sig 0000001b, bytes_mixed 20 3180b1fc 0fa9c973
[    2.284778] ata2.00: ATAPI: VMware Virtual IDE CDROM Drive, 00000001, max UDMA/33
[    2.285059] ata2.00: configured for UDMA/33
[    2.285453] scsi 1:0:0:0: CD-ROM            NECVMWar VMware IDE CDR10 1.00 PQ: 0 ANSI: 5
[    2.286718] sr0: scsi3-mmc drive: 306x/306x cd/rw xa/form2 cdda tray
[    2.286722] Uniform CD-ROM driver Revision: 3.20
[    2.286775] sr 1:0:0:0: Attached scsi CD-ROM sr0
[    2.286812] sr 1:0:0:0: Attached scsi generic sg0 type 5
[    2.286849] Freeing unused kernel memory: 652k freed
[    2.286902] Write protecting the kernel text: 4840k
[    2.286933] Write protecting the kernel read-only data: 1968k
[    2.287021] random 0000 0000 0000 38974d2b 1d8d6de0: rand_read_num 11 get_random_bytes(16): sig 000001c6 38974d2b 1d8d6de0
