[    0.000000] random 0000 0000 0000 00000000 00000000: rand_read_num 1 get_random_bytes(8): sig 00000000 00000000 00000000
[    0.000000] random 0000 0000 0000 00000000 00000000: extract_entropy(.. 8 ..)
[    0.000000] random 0000 0000 0000 00000000 00000000: going to reseed nonblocking with 64 bits (64 of 0 requested)
[    0.000000] random 0000 0000 0000 00000000 00000000: extract_entropy(.. 8 ..)
[    0.000000] random 0000 0000 0000 00000000 00000000: trying to extract 64 bits from input
[    0.000000] random 0000 0000 0000 00000000 00000000: debiting 0 entropy credits from input
[    0.000000] random 0000 0000 0000 00000000 00000000: extract_entropy account returned: 0 
[    0.000000] random 0000 0000 0000 00000000 00000000: urand_change_num 1 xfer_secondary_pool(8): pool_sig 00000000, data_sig 00000000, bytes_mixed 0 00000000 00000000
[    0.000000] random 0000 0000 0000 00000000 00000000: trying to extract 64 bits from nonblocking
[    0.000000] random 0000 0000 0000 00000000 00000000: debiting 64 entropy credits from nonblocking (unlimited)
[    0.000000] random 0000 0000 0000 00000000 00000000: extract_entropy account returned: 8 
[    0.000000] random 0000 0000 0000 00000000 00000000: urand_change_num 2 extract_buf: pool_sig 00000000, data_sig fffffff9, bytes_mixed 20 00000000 00000000
[    0.000000] Initializing cgroup subsys cpuset
[    0.000000] Initializing cgroup subsys cpu
[    0.000000] Linux version 2.6.32.57 (dcashman@ubuntu) (gcc version 4.6.3 (Ubuntu/Linaro 4.6.3-1ubuntu5) ) #4 SMP Fri May 24 11:09:26 PDT 2013
[    0.000000] KERNEL supported cpus:
[    0.000000]   Intel GenuineIntel
[    0.000000]   AMD AuthenticAMD
[    0.000000]   NSC Geode by NSC
[    0.000000]   Cyrix CyrixInstead
[    0.000000]   Centaur CentaurHauls
[    0.000000]   Transmeta GenuineTMx86
[    0.000000]   Transmeta TransmetaCPU
[    0.000000]   UMC UMC UMC UMC
[    0.000000] BIOS-provided physical RAM map:
[    0.000000]  BIOS-e820: 0000000000000000 - 000000000009f000 (usable)
[    0.000000]  BIOS-e820: 000000000009f000 - 00000000000a0000 (reserved)
[    0.000000]  BIOS-e820: 00000000000ca000 - 00000000000cc000 (reserved)
[    0.000000]  BIOS-e820: 00000000000dc000 - 0000000000100000 (reserved)
[    0.000000]  BIOS-e820: 0000000000100000 - 000000003fee0000 (usable)
[    0.000000]  BIOS-e820: 000000003fee0000 - 000000003feff000 (ACPI data)
[    0.000000]  BIOS-e820: 000000003feff000 - 000000003ff00000 (ACPI NVS)
[    0.000000]  BIOS-e820: 000000003ff00000 - 0000000040000000 (usable)
[    0.000000]  BIOS-e820: 00000000e0000000 - 00000000f0000000 (reserved)
[    0.000000]  BIOS-e820: 00000000fec00000 - 00000000fec10000 (reserved)
[    0.000000]  BIOS-e820: 00000000fee00000 - 00000000fee01000 (reserved)
[    0.000000]  BIOS-e820: 00000000fffe0000 - 0000000100000000 (reserved)
[    0.000000] DMI present.
[    0.000000] Phoenix BIOS detected: BIOS may corrupt low RAM, working around it.
[    0.000000] e820 update range: 0000000000000000 - 0000000000010000 (usable) ==> (reserved)
[    0.000000] last_pfn = 0x40000 max_arch_pfn = 0x1000000
[    0.000000] MTRR default type: uncachable
[    0.000000] MTRR fixed ranges enabled:
[    0.000000]   00000-9FFFF write-back
[    0.000000]   A0000-BFFFF uncachable
[    0.000000]   C0000-CBFFF write-protect
[    0.000000]   CC000-EFFFF uncachable
[    0.000000]   F0000-FFFFF write-protect
[    0.000000] MTRR variable ranges enabled:
[    0.000000]   0 base 0000000000 mask FFC0000000 write-back
[    0.000000]   1 disabled
[    0.000000]   2 disabled
[    0.000000]   3 disabled
[    0.000000]   4 disabled
[    0.000000]   5 disabled
[    0.000000]   6 disabled
[    0.000000]   7 disabled
[    0.000000] x86 PAT enabled: cpu 0, old 0x0, new 0x7010600070106
[    0.000000] Scanning 0 areas for low memory corruption
[    0.000000] modified physical RAM map:
[    0.000000]  modified: 0000000000000000 - 0000000000010000 (reserved)
[    0.000000]  modified: 0000000000010000 - 000000000009f000 (usable)
[    0.000000]  modified: 000000000009f000 - 00000000000a0000 (reserved)
[    0.000000]  modified: 00000000000ca000 - 00000000000cc000 (reserved)
[    0.000000]  modified: 00000000000dc000 - 0000000000100000 (reserved)
[    0.000000]  modified: 0000000000100000 - 000000003fee0000 (usable)
[    0.000000]  modified: 000000003fee0000 - 000000003feff000 (ACPI data)
[    0.000000]  modified: 000000003feff000 - 000000003ff00000 (ACPI NVS)
[    0.000000]  modified: 000000003ff00000 - 0000000040000000 (usable)
[    0.000000]  modified: 00000000e0000000 - 00000000f0000000 (reserved)
[    0.000000]  modified: 00000000fec00000 - 00000000fec10000 (reserved)
[    0.000000]  modified: 00000000fee00000 - 00000000fee01000 (reserved)
[    0.000000]  modified: 00000000fffe0000 - 0000000100000000 (reserved)
[    0.000000] initial memory mapped : 0 - 01e00000
[    0.000000] init_memory_mapping: 0000000000000000-00000000379fe000
[    0.000000] NX (Execute Disable) protection: active
[    0.000000]  0000000000 - 0000200000 page 4k
[    0.000000]  0000200000 - 0037800000 page 2M
[    0.000000]  0037800000 - 00379fe000 page 4k
[    0.000000] kernel direct mapping tables up to 379fe000 @ 10000-16000
[    0.000000] RAMDISK: 2dcfc000 - 32e758c3
[    0.000000] ACPI: RSDP 000f6b80 00024 (v02 PTLTD )
[    0.000000] ACPI: XSDT 3feed636 0005C (v01 INTEL  440BX    06040000 VMW  01324272)
[    0.000000] ACPI: FACP 3fefee98 000F4 (v04 INTEL  440BX    06040000 PTL  000F4240)
[    0.000000] ACPI: DSDT 3feee366 10B32 (v01 PTLTD  Custom   06040000 MSFT 03000001)
[    0.000000] ACPI: FACS 3fefffc0 00040
[    0.000000] ACPI: BOOT 3feee33e 00028 (v01 PTLTD  $SBFTBL$ 06040000  LTP 00000001)
[    0.000000] ACPI: APIC 3feedc3e 003C2 (v01 PTLTD  ? APIC   06040000  LTP 00000000)
[    0.000000] ACPI: MCFG 3feedc02 0003C (v01 PTLTD  $PCITBL$ 06040000  LTP 00000001)
[    0.000000] ACPI: SRAT 3feed732 004D0 (v02 VMWARE MEMPLUG  06040000 VMW  00000001)
[    0.000000] ACPI: HPET 3feed6fa 00038 (v01 VMWARE VMW HPET 06040000 VMW  00000001)
[    0.000000] ACPI: WAET 3feed6d2 00028 (v01 VMWARE VMW WAET 06040000 VMW  00000001)
[    0.000000] ACPI: Local APIC address 0xfee00000
[    0.000000] 134MB HIGHMEM available.
[    0.000000] 889MB LOWMEM available.
[    0.000000]   mapped low ram: 0 - 379fe000
[    0.000000]   low ram: 0 - 379fe000
[    0.000000]   node 0 low ram: 00000000 - 379fe000
[    0.000000]   node 0 bootmap 00012000 - 00018f40
[    0.000000] (9 early reservations) ==> bootmem [0000000000 - 00379fe000]
[    0.000000]   #0 [0000000000 - 0000001000]   BIOS data page ==> [0000000000 - 0000001000]
[    0.000000]   #1 [0000001000 - 0000002000]    EX TRAMPOLINE ==> [0000001000 - 0000002000]
[    0.000000]   #2 [0000006000 - 0000007000]       TRAMPOLINE ==> [0000006000 - 0000007000]
[    0.000000]   #3 [0001000000 - 0001a75ff8]    TEXT DATA BSS ==> [0001000000 - 0001a75ff8]
[    0.000000]   #4 [002dcfc000 - 0032e758c3]          RAMDISK ==> [002dcfc000 - 0032e758c3]
[    0.000000]   #5 [000009f000 - 0000100000]    BIOS reserved ==> [000009f000 - 0000100000]
[    0.000000]   #6 [0001a76000 - 0001a851c0]              BRK ==> [0001a76000 - 0001a851c0]
[    0.000000]   #7 [0000010000 - 0000012000]          PGTABLE ==> [0000010000 - 0000012000]
[    0.000000]   #8 [0000012000 - 0000019000]          BOOTMAP ==> [0000012000 - 0000019000]
[    0.000000] found SMP MP-table at [c00f6bf0] f6bf0
[    0.000000] Zone PFN ranges:
[    0.000000]   DMA      0x00000010 -> 0x00001000
[    0.000000]   Normal   0x00001000 -> 0x000379fe
[    0.000000]   HighMem  0x000379fe -> 0x00040000
[    0.000000] Movable zone start PFN for each node
[    0.000000] early_node_map[3] active PFN ranges
[    0.000000]     0: 0x00000010 -> 0x0000009f
[    0.000000]     0: 0x00000100 -> 0x0003fee0
[    0.000000]     0: 0x0003ff00 -> 0x00040000
[    0.000000] On node 0 totalpages: 261999
[    0.000000] free_area_init_node: node 0, pgdat c1715200, node_mem_map c1a87200
[    0.000000]   DMA zone: 32 pages used for memmap
[    0.000000]   DMA zone: 0 pages reserved
[    0.000000]   DMA zone: 3951 pages, LIFO batch:0
[    0.000000]   Normal zone: 1748 pages used for memmap
[    0.000000]   Normal zone: 221994 pages, LIFO batch:31
[    0.000000]   HighMem zone: 269 pages used for memmap
[    0.000000]   HighMem zone: 34005 pages, LIFO batch:7
[    0.000000] Using APIC driver default
[    0.000000] ACPI: PM-Timer IO Port: 0x1008
[    0.000000] ACPI: Local APIC address 0xfee00000
[    0.000000] ACPI: LAPIC (acpi_id[0x00] lapic_id[0x00] enabled)
[    0.000000] ACPI: LAPIC (acpi_id[0x01] lapic_id[0x02] disabled)
[    0.000000] ACPI: LAPIC (acpi_id[0x02] lapic_id[0x04] disabled)
[    0.000000] ACPI: LAPIC (acpi_id[0x03] lapic_id[0x06] disabled)
[    0.000000] ACPI: LAPIC (acpi_id[0x04] lapic_id[0x08] disabled)
[    0.000000] ACPI: LAPIC (acpi_id[0x05] lapic_id[0x0a] disabled)
[    0.000000] ACPI: LAPIC (acpi_id[0x06] lapic_id[0x0c] disabled)
[    0.000000] ACPI: LAPIC (acpi_id[0x07] lapic_id[0x0e] disabled)
[    0.000000] ACPI: LAPIC (acpi_id[0x08] lapic_id[0x10] disabled)
[    0.000000] ACPI: LAPIC (acpi_id[0x09] lapic_id[0x12] disabled)
[    0.000000] ACPI: LAPIC (acpi_id[0x0a] lapic_id[0x14] disabled)
[    0.000000] ACPI: LAPIC (acpi_id[0x0b] lapic_id[0x16] disabled)
[    0.000000] ACPI: LAPIC (acpi_id[0x0c] lapic_id[0x18] disabled)
[    0.000000] ACPI: LAPIC (acpi_id[0x0d] lapic_id[0x1a] disabled)
[    0.000000] ACPI: LAPIC (acpi_id[0x0e] lapic_id[0x1c] disabled)
[    0.000000] ACPI: LAPIC (acpi_id[0x0f] lapic_id[0x1e] disabled)
[    0.000000] ACPI: LAPIC (acpi_id[0x10] lapic_id[0x20] disabled)
[    0.000000] ACPI: LAPIC (acpi_id[0x11] lapic_id[0x22] disabled)
[    0.000000] ACPI: LAPIC (acpi_id[0x12] lapic_id[0x24] disabled)
[    0.000000] ACPI: LAPIC (acpi_id[0x13] lapic_id[0x26] disabled)
[    0.000000] ACPI: LAPIC (acpi_id[0x14] lapic_id[0x28] disabled)
[    0.000000] ACPI: LAPIC (acpi_id[0x15] lapic_id[0x2a] disabled)
[    0.000000] ACPI: LAPIC (acpi_id[0x16] lapic_id[0x2c] disabled)
[    0.000000] ACPI: LAPIC (acpi_id[0x17] lapic_id[0x2e] disabled)
[    0.000000] ACPI: LAPIC (acpi_id[0x18] lapic_id[0x30] disabled)
[    0.000000] ACPI: LAPIC (acpi_id[0x19] lapic_id[0x32] disabled)
[    0.000000] ACPI: LAPIC (acpi_id[0x1a] lapic_id[0x34] disabled)
[    0.000000] ACPI: LAPIC (acpi_id[0x1b] lapic_id[0x36] disabled)
[    0.000000] ACPI: LAPIC (acpi_id[0x1c] lapic_id[0x38] disabled)
[    0.000000] ACPI: LAPIC (acpi_id[0x1d] lapic_id[0x3a] disabled)
[    0.000000] ACPI: LAPIC (acpi_id[0x1e] lapic_id[0x3c] disabled)
[    0.000000] ACPI: LAPIC (acpi_id[0x1f] lapic_id[0x3e] disabled)
[    0.000000] ACPI: LAPIC (acpi_id[0x20] lapic_id[0x40] disabled)
[    0.000000] ACPI: LAPIC (acpi_id[0x21] lapic_id[0x42] disabled)
[    0.000000] ACPI: LAPIC (acpi_id[0x22] lapic_id[0x44] disabled)
[    0.000000] ACPI: LAPIC (acpi_id[0x23] lapic_id[0x46] disabled)
[    0.000000] ACPI: LAPIC (acpi_id[0x24] lapic_id[0x48] disabled)
[    0.000000] ACPI: LAPIC (acpi_id[0x25] lapic_id[0x4a] disabled)
[    0.000000] ACPI: LAPIC (acpi_id[0x26] lapic_id[0x4c] disabled)
[    0.000000] ACPI: LAPIC (acpi_id[0x27] lapic_id[0x4e] disabled)
[    0.000000] ACPI: LAPIC (acpi_id[0x28] lapic_id[0x50] disabled)
[    0.000000] ACPI: LAPIC (acpi_id[0x29] lapic_id[0x52] disabled)
[    0.000000] ACPI: LAPIC (acpi_id[0x2a] lapic_id[0x54] disabled)
[    0.000000] ACPI: LAPIC (acpi_id[0x2b] lapic_id[0x56] disabled)
[    0.000000] ACPI: LAPIC (acpi_id[0x2c] lapic_id[0x58] disabled)
[    0.000000] ACPI: LAPIC (acpi_id[0x2d] lapic_id[0x5a] disabled)
[    0.000000] ACPI: LAPIC (acpi_id[0x2e] lapic_id[0x5c] disabled)
[    0.000000] ACPI: LAPIC (acpi_id[0x2f] lapic_id[0x5e] disabled)
[    0.000000] ACPI: LAPIC (acpi_id[0x30] lapic_id[0x60] disabled)
[    0.000000] ACPI: LAPIC (acpi_id[0x31] lapic_id[0x62] disabled)
[    0.000000] ACPI: LAPIC (acpi_id[0x32] lapic_id[0x64] disabled)
[    0.000000] ACPI: LAPIC (acpi_id[0x33] lapic_id[0x66] disabled)
[    0.000000] ACPI: LAPIC (acpi_id[0x34] lapic_id[0x68] disabled)
[    0.000000] ACPI: LAPIC (acpi_id[0x35] lapic_id[0x6a] disabled)
[    0.000000] ACPI: LAPIC (acpi_id[0x36] lapic_id[0x6c] disabled)
[    0.000000] ACPI: LAPIC (acpi_id[0x37] lapic_id[0x6e] disabled)
[    0.000000] ACPI: LAPIC (acpi_id[0x38] lapic_id[0x70] disabled)
[    0.000000] ACPI: LAPIC (acpi_id[0x39] lapic_id[0x72] disabled)
[    0.000000] ACPI: LAPIC (acpi_id[0x3a] lapic_id[0x74] disabled)
[    0.000000] ACPI: LAPIC (acpi_id[0x3b] lapic_id[0x76] disabled)
[    0.000000] ACPI: LAPIC (acpi_id[0x3c] lapic_id[0x78] disabled)
[    0.000000] ACPI: LAPIC (acpi_id[0x3d] lapic_id[0x7a] disabled)
[    0.000000] ACPI: LAPIC (acpi_id[0x3e] lapic_id[0x7c] disabled)
[    0.000000] ACPI: LAPIC (acpi_id[0x3f] lapic_id[0x7e] disabled)
[    0.000000] ACPI: LAPIC_NMI (acpi_id[0x00] high edge lint[0x1])
[    0.000000] ACPI: LAPIC_NMI (acpi_id[0x01] high edge lint[0x1])
[    0.000000] ACPI: LAPIC_NMI (acpi_id[0x02] high edge lint[0x1])
[    0.000000] ACPI: LAPIC_NMI (acpi_id[0x03] high edge lint[0x1])
[    0.000000] ACPI: LAPIC_NMI (acpi_id[0x04] high edge lint[0x1])
[    0.000000] ACPI: LAPIC_NMI (acpi_id[0x05] high edge lint[0x1])
[    0.000000] ACPI: LAPIC_NMI (acpi_id[0x06] high edge lint[0x1])
[    0.000000] ACPI: LAPIC_NMI (acpi_id[0x07] high edge lint[0x1])
[    0.000000] ACPI: LAPIC_NMI (acpi_id[0x08] high edge lint[0x1])
[    0.000000] ACPI: LAPIC_NMI (acpi_id[0x09] high edge lint[0x1])
[    0.000000] ACPI: LAPIC_NMI (acpi_id[0x0a] high edge lint[0x1])
[    0.000000] ACPI: LAPIC_NMI (acpi_id[0x0b] high edge lint[0x1])
[    0.000000] ACPI: LAPIC_NMI (acpi_id[0x0c] high edge lint[0x1])
[    0.000000] ACPI: LAPIC_NMI (acpi_id[0x0d] high edge lint[0x1])
[    0.000000] ACPI: LAPIC_NMI (acpi_id[0x0e] high edge lint[0x1])
[    0.000000] ACPI: LAPIC_NMI (acpi_id[0x0f] high edge lint[0x1])
[    0.000000] ACPI: LAPIC_NMI (acpi_id[0x10] high edge lint[0x1])
[    0.000000] ACPI: LAPIC_NMI (acpi_id[0x11] high edge lint[0x1])
[    0.000000] ACPI: LAPIC_NMI (acpi_id[0x12] high edge lint[0x1])
[    0.000000] ACPI: LAPIC_NMI (acpi_id[0x13] high edge lint[0x1])
[    0.000000] ACPI: LAPIC_NMI (acpi_id[0x14] high edge lint[0x1])
[    0.000000] ACPI: LAPIC_NMI (acpi_id[0x15] high edge lint[0x1])
[    0.000000] ACPI: LAPIC_NMI (acpi_id[0x16] high edge lint[0x1])
[    0.000000] ACPI: LAPIC_NMI (acpi_id[0x17] high edge lint[0x1])
[    0.000000] ACPI: LAPIC_NMI (acpi_id[0x18] high edge lint[0x1])
[    0.000000] ACPI: LAPIC_NMI (acpi_id[0x19] high edge lint[0x1])
[    0.000000] ACPI: LAPIC_NMI (acpi_id[0x1a] high edge lint[0x1])
[    0.000000] ACPI: LAPIC_NMI (acpi_id[0x1b] high edge lint[0x1])
[    0.000000] ACPI: LAPIC_NMI (acpi_id[0x1c] high edge lint[0x1])
[    0.000000] ACPI: LAPIC_NMI (acpi_id[0x1d] high edge lint[0x1])
[    0.000000] ACPI: LAPIC_NMI (acpi_id[0x1e] high edge lint[0x1])
[    0.000000] ACPI: LAPIC_NMI (acpi_id[0x1f] high edge lint[0x1])
[    0.000000] ACPI: LAPIC_NMI (acpi_id[0x20] high edge lint[0x1])
[    0.000000] ACPI: LAPIC_NMI (acpi_id[0x21] high edge lint[0x1])
[    0.000000] ACPI: LAPIC_NMI (acpi_id[0x22] high edge lint[0x1])
[    0.000000] ACPI: LAPIC_NMI (acpi_id[0x23] high edge lint[0x1])
[    0.000000] ACPI: LAPIC_NMI (acpi_id[0x24] high edge lint[0x1])
[    0.000000] ACPI: LAPIC_NMI (acpi_id[0x25] high edge lint[0x1])
[    0.000000] ACPI: LAPIC_NMI (acpi_id[0x26] high edge lint[0x1])
[    0.000000] ACPI: LAPIC_NMI (acpi_id[0x27] high edge lint[0x1])
[    0.000000] ACPI: LAPIC_NMI (acpi_id[0x28] high edge lint[0x1])
[    0.000000] ACPI: LAPIC_NMI (acpi_id[0x29] high edge lint[0x1])
[    0.000000] ACPI: LAPIC_NMI (acpi_id[0x2a] high edge lint[0x1])
[    0.000000] ACPI: LAPIC_NMI (acpi_id[0x2b] high edge lint[0x1])
[    0.000000] ACPI: LAPIC_NMI (acpi_id[0x2c] high edge lint[0x1])
[    0.000000] ACPI: LAPIC_NMI (acpi_id[0x2d] high edge lint[0x1])
[    0.000000] ACPI: LAPIC_NMI (acpi_id[0x2e] high edge lint[0x1])
[    0.000000] ACPI: LAPIC_NMI (acpi_id[0x2f] high edge lint[0x1])
[    0.000000] ACPI: LAPIC_NMI (acpi_id[0x30] high edge lint[0x1])
[    0.000000] ACPI: LAPIC_NMI (acpi_id[0x31] high edge lint[0x1])
[    0.000000] ACPI: LAPIC_NMI (acpi_id[0x32] high edge lint[0x1])
[    0.000000] ACPI: LAPIC_NMI (acpi_id[0x33] high edge lint[0x1])
[    0.000000] ACPI: LAPIC_NMI (acpi_id[0x34] high edge lint[0x1])
[    0.000000] ACPI: LAPIC_NMI (acpi_id[0x35] high edge lint[0x1])
[    0.000000] ACPI: LAPIC_NMI (acpi_id[0x36] high edge lint[0x1])
[    0.000000] ACPI: LAPIC_NMI (acpi_id[0x37] high edge lint[0x1])
[    0.000000] ACPI: LAPIC_NMI (acpi_id[0x38] high edge lint[0x1])
[    0.000000] ACPI: LAPIC_NMI (acpi_id[0x39] high edge lint[0x1])
[    0.000000] ACPI: LAPIC_NMI (acpi_id[0x3a] high edge lint[0x1])
[    0.000000] ACPI: LAPIC_NMI (acpi_id[0x3b] high edge lint[0x1])
[    0.000000] ACPI: LAPIC_NMI (acpi_id[0x3c] high edge lint[0x1])
[    0.000000] ACPI: LAPIC_NMI (acpi_id[0x3d] high edge lint[0x1])
[    0.000000] ACPI: LAPIC_NMI (acpi_id[0x3e] high edge lint[0x1])
[    0.000000] ACPI: LAPIC_NMI (acpi_id[0x3f] high edge lint[0x1])
[    0.000000] ACPI: Skipping IOAPIC probe due to 'noapic' option.
[    0.000000] Using ACPI for processor (LAPIC) configuration information
[    0.000000] ACPI: HPET id: 0x8086af01 base: 0xfed00000
[    0.000000] Intel MultiProcessor Specification v1.4
[    0.000000]     Virtual Wire compatibility mode.
[    0.000000] MPTABLE: OEM ID: INTEL   
[    0.000000] MPTABLE: Product ID: 440BX       
[    0.000000] MPTABLE: APIC at: 0xFEE00000
[    0.000000] I/O APIC #1 Version 17 at 0xFEC00000.
[    0.000000] Processors: 1
[    0.000000] 64 Processors exceeds NR_CPUS limit of 8
[    0.000000] SMP: Allowing 8 CPUs, 7 hotplug CPUs
[    0.000000] nr_irqs_gsi: 24
[    0.000000] PM: Registered nosave memory: 000000000009f000 - 00000000000a0000
[    0.000000] PM: Registered nosave memory: 00000000000a0000 - 00000000000ca000
[    0.000000] PM: Registered nosave memory: 00000000000ca000 - 00000000000cc000
[    0.000000] PM: Registered nosave memory: 00000000000cc000 - 00000000000dc000
[    0.000000] PM: Registered nosave memory: 00000000000dc000 - 0000000000100000
[    0.000000] Allocating PCI resources starting at 40000000 (gap: 40000000:a0000000)
[    0.000000] Booting paravirtualized kernel on bare hardware
[    0.000000] NR_CPUS:8 nr_cpumask_bits:8 nr_cpu_ids:8 nr_node_ids:1
[    0.000000] PERCPU: Embedded 15 pages/cpu @c2400000 s39320 r0 d22120 u262144
[    0.000000] pcpu-alloc: s39320 r0 d22120 u262144 alloc=1*2097152
[    0.000000] pcpu-alloc: [0] 0 1 2 3 4 5 6 7 
[    0.000000] Built 1 zonelists in Zone order, mobility grouping on.  Total pages: 259950
[    0.000000] Kernel command line: BOOT_IMAGE=/boot/vmlinuz-2.6.32.57 root=UUID=007b598c-390d-4c65-84a1-4ff752d48633 ro quiet splash maxcpus=0
[    0.000000] PID hash table entries: 4096 (order: 2, 16384 bytes)
[    0.000000] Dentry cache hash table entries: 131072 (order: 7, 524288 bytes)
[    0.000000] Inode-cache hash table entries: 65536 (order: 6, 262144 bytes)
[    0.000000] Enabling fast FPU save and restore... done.
[    0.000000] Enabling unmasked SIMD FPU exception support... done.
[    0.000000] Initializing CPU#0
[    0.000000] xsave/xrstor: enabled xstate_bv 0x7, cntxt size 0x340
[    0.000000] allocated 5242560 bytes of page_cgroup
[    0.000000] please try 'cgroup_disable=memory' option if you don't want memory cgroups
[    0.000000] Initializing HighMem for node 0 (000379fe:00040000)
[    0.000000] Memory: 938260k/1048576k available (4839k kernel code, 108848k reserved, 2518k data, 652k init, 137096k highmem)
[    0.000000] virtual kernel memory layout:
[    0.000000]     fixmap  : 0xfff1e000 - 0xfffff000   ( 900 kB)
[    0.000000]     pkmap   : 0xffa00000 - 0xffc00000   (2048 kB)
[    0.000000]     vmalloc : 0xf81fe000 - 0xff9fe000   ( 120 MB)
[    0.000000]     lowmem  : 0xc0000000 - 0xf79fe000   ( 889 MB)
[    0.000000]       .init : 0xc1730000 - 0xc17d3000   ( 652 kB)
[    0.000000]       .data : 0xc14b9cce - 0xc172f764   (2518 kB)
[    0.000000]       .text : 0xc1000000 - 0xc14b9cce   (4839 kB)
[    0.000000] Checking if this processor honours the WP bit even in supervisor mode...Ok.
[    0.000000] SLUB: Genslabs=13, HWalign=64, Order=0-3, MinObjects=0, CPUs=8, Nodes=1
[    0.000000] Hierarchical RCU implementation.
[    0.000000] NR_IRQS:2304 nr_irqs:472
[    0.000000] Extended CMOS year: 2000
[    0.000000] Console: colour VGA+ 80x25
[    0.000000] console [tty0] enabled
[    0.000000] hpet clockevent registered
[    0.000000] TSC freq read from hypervisor : 2394.620 MHz
[    0.000000] Detected 2394.620 MHz processor.
[    0.000004] Calibrating delay loop (skipped) preset value.. 4789.24 BogoMIPS (lpj=9578480)
[    0.000019] Security Framework initialized
[    0.000023] SELinux:  Disabled at boot.
[    0.000030] Mount-cache hash table entries: 512
[    0.000200] Initializing cgroup subsys cpuacct
[    0.000206] Initializing cgroup subsys memory
[    0.000211] Initializing cgroup subsys devices
[    0.000214] Initializing cgroup subsys freezer
[    0.000252] CPU: Physical Processor ID: 0
[    0.000262] CPU: L1 I cache: 32K, L1 D cache: 32K
[    0.000264] CPU: L2 cache: 256K
[    0.000266] CPU: L3 cache: 4096K
[    0.000273] mce: CPU supports 0 MCE banks
[    0.000290] Performance Events: no PMU driver, software events only.
[    0.000307] Checking 'hlt' instruction... OK.
[    0.017783] SMP alternatives: switching to UP code
[    0.033307] ACPI: Core revision 20090903
[    0.039653] ACPI: setting ELCR to 0200 (from 0e20)
[    0.040712] ftrace: converting mcount calls to 0f 1f 44 00 00
[    0.040717] ftrace: allocating 22631 entries in 45 pages
[    0.058359] CANARY value: 38bc207f for PID: 1
[    0.058389] Not enabling x2apic, Intr-remapping init failed.
[    0.058391] Enabling APIC mode:  Flat.  Using 1 I/O APICs
[    0.058399] SMP mode deactivated.
[    0.058424] SMP disabled
[    0.058479] Brought up 1 CPUs
[    0.058480] Total of 1 processors activated (4789.24 BogoMIPS).
[    0.058484] CPU0 attaching NULL sched-domain.
[    0.058553] devtmpfs: initialized
[    0.058657] sysctl table check failed: /kernel/random/now_input .1.40.7 Unknown sysctl binary path
[    0.058898] Pid: 1, comm: swapper Not tainted 2.6.32.57 #4
[    0.058899] Call Trace:
[    0.058903]  [<c14a8a0e>] ? printk+0x1d/0x1f
[    0.058906]  [<c107b56f>] set_fail+0x4f/0x60
[    0.058908]  [<c107b8b3>] sysctl_check_table+0x333/0x620
[    0.058910]  [<c107b8cc>] sysctl_check_table+0x34c/0x620
[    0.058912]  [<c107b8cc>] sysctl_check_table+0x34c/0x620
[    0.058915]  [<c1746d48>] sysctl_init+0x25/0x29
[    0.058917]  [<c1003042>] do_one_initcall+0x32/0x1a0
[    0.058919]  [<c1746d23>] ? sysctl_init+0x0/0x29
[    0.058922]  [<c17308e7>] kernel_init+0x12d/0x17a
[    0.058923]  [<c17307ba>] ? kernel_init+0x0/0x17a
[    0.058926]  [<c1009b07>] kernel_thread_helper+0x7/0x10
[    0.058927] sysctl table check failed: /kernel/random/now_blocking .1.40.8 Unknown sysctl binary path
[    0.059192] Pid: 1, comm: swapper Not tainted 2.6.32.57 #4
[    0.059192] Call Trace:
[    0.059194]  [<c14a8a0e>] ? printk+0x1d/0x1f
[    0.059196]  [<c107b56f>] set_fail+0x4f/0x60
[    0.059197]  [<c107b8b3>] sysctl_check_table+0x333/0x620
[    0.059199]  [<c107b8cc>] sysctl_check_table+0x34c/0x620
[    0.059201]  [<c107b8cc>] sysctl_check_table+0x34c/0x620
[    0.059203]  [<c1746d48>] sysctl_init+0x25/0x29
[    0.059205]  [<c1003042>] do_one_initcall+0x32/0x1a0
[    0.059207]  [<c1746d23>] ? sysctl_init+0x0/0x29
[    0.059208]  [<c17308e7>] kernel_init+0x12d/0x17a
[    0.059210]  [<c17307ba>] ? kernel_init+0x0/0x17a
[    0.059211]  [<c1009b07>] kernel_thread_helper+0x7/0x10
[    0.059213] sysctl table check failed: /kernel/random/now_nonblocking .1.40.9 Unknown sysctl binary path
[    0.059453] Pid: 1, comm: swapper Not tainted 2.6.32.57 #4
[    0.059454] Call Trace:
[    0.059456]  [<c14a8a0e>] ? printk+0x1d/0x1f
[    0.059457]  [<c107b56f>] set_fail+0x4f/0x60
[    0.059459]  [<c107b8b3>] sysctl_check_table+0x333/0x620
[    0.059460]  [<c107b8cc>] sysctl_check_table+0x34c/0x620
[    0.059462]  [<c107b8cc>] sysctl_check_table+0x34c/0x620
[    0.059465]  [<c1746d48>] sysctl_init+0x25/0x29
[    0.059466]  [<c1003042>] do_one_initcall+0x32/0x1a0
[    0.059468]  [<c1746d23>] ? sysctl_init+0x0/0x29
[    0.059470]  [<c17308e7>] kernel_init+0x12d/0x17a
[    0.059472]  [<c17307ba>] ? kernel_init+0x0/0x17a
[    0.059474]  [<c1009b07>] kernel_thread_helper+0x7/0x10
[    0.059476] sysctl table check failed: /kernel/random/nb_input_bytes .1.40.10 Unknown sysctl binary path
[    0.059743] Pid: 1, comm: swapper Not tainted 2.6.32.57 #4
[    0.059744] Call Trace:
[    0.059746]  [<c14a8a0e>] ? printk+0x1d/0x1f
[    0.059747]  [<c107b56f>] set_fail+0x4f/0x60
[    0.059749]  [<c107b8b3>] sysctl_check_table+0x333/0x620
[    0.059750]  [<c107b8cc>] sysctl_check_table+0x34c/0x620
[    0.059752]  [<c107b8cc>] sysctl_check_table+0x34c/0x620
[    0.059754]  [<c1746d48>] sysctl_init+0x25/0x29
[    0.059756]  [<c1003042>] do_one_initcall+0x32/0x1a0
[    0.059758]  [<c1746d23>] ? sysctl_init+0x0/0x29
[    0.059759]  [<c17308e7>] kernel_init+0x12d/0x17a
[    0.059761]  [<c17307ba>] ? kernel_init+0x0/0x17a
[    0.059762]  [<c1009b07>] kernel_thread_helper+0x7/0x10
[    0.059764] sysctl table check failed: /kernel/random/nb_stir_count .1.40.11 Unknown sysctl binary path
[    0.059993] Pid: 1, comm: swapper Not tainted 2.6.32.57 #4
[    0.059994] Call Trace:
[    0.059995]  [<c14a8a0e>] ? printk+0x1d/0x1f
[    0.059997]  [<c107b56f>] set_fail+0x4f/0x60
[    0.059998]  [<c107b8b3>] sysctl_check_table+0x333/0x620
[    0.060000]  [<c107b8cc>] sysctl_check_table+0x34c/0x620
[    0.060011]  [<c107b8cc>] sysctl_check_table+0x34c/0x620
[    0.060034]  [<c1746d48>] sysctl_init+0x25/0x29
[    0.060035]  [<c1003042>] do_one_initcall+0x32/0x1a0
[    0.060037]  [<c1746d23>] ? sysctl_init+0x0/0x29
[    0.060039]  [<c17308e7>] kernel_init+0x12d/0x17a
[    0.060041]  [<c17307ba>] ? kernel_init+0x0/0x17a
[    0.060042]  [<c1009b07>] kernel_thread_helper+0x7/0x10
[    0.060044] sysctl table check failed: /kernel/random/nb_reentry_count .1.40.12 Unknown sysctl binary path
[    0.060286] Pid: 1, comm: swapper Not tainted 2.6.32.57 #4
[    0.060286] Call Trace:
[    0.060288]  [<c14a8a0e>] ? printk+0x1d/0x1f
[    0.060289]  [<c107b56f>] set_fail+0x4f/0x60
[    0.060291]  [<c107b8b3>] sysctl_check_table+0x333/0x620
[    0.060292]  [<c107b8cc>] sysctl_check_table+0x34c/0x620
[    0.060294]  [<c107b8cc>] sysctl_check_table+0x34c/0x620
[    0.060296]  [<c1746d48>] sysctl_init+0x25/0x29
[    0.060298]  [<c1003042>] do_one_initcall+0x32/0x1a0
[    0.060300]  [<c1746d23>] ? sysctl_init+0x0/0x29
[    0.060301]  [<c17308e7>] kernel_init+0x12d/0x17a
[    0.060303]  [<c17307ba>] ? kernel_init+0x0/0x17a
[    0.060304]  [<c1009b07>] kernel_thread_helper+0x7/0x10
[    0.060418] RANDOM - __seed init called.
[    0.060419] RANDOM - __seed init called.
[    0.060419] RANDOM - __seed init called.
[    0.060421] RANDOM - __random32 called. Change num 1.  Value: 97305ca5	7ac4e314	874f43ab
[    0.060422] RANDOM - __random32 called. Change num 2.  Value: 5ca5394	ac4e3148	8757a6ab
[    0.060423] RANDOM - __random32 called. Change num 3.  Value: a53949f7	c4e3148e	4d57bd52
[    0.060425] RANDOM - __random32 called. Change num 4.  Value: 949f7180	4e3148eb	7aa4fd4a
[    0.060426] RANDOM - __random32 called. Change num 5.  Value: f7180f55	e3148ebb	fa95f062
[    0.060427] RANDOM - __random32 called. Change num 6.  Value: 80f55ede	3148ebb7	e0c5c74e
[    0.060428] RANDOM - random32 init called.  Value: 80f55ede	3148ebb7	e0c5c74e
[    0.060434] regulator: core version 0.5
[    0.060493] Time:  0:34:08  Date: 05/25/13
[    0.060527] NET: Registered protocol family 16
[    0.060589] EISA bus registered
[    0.061360] ACPI: bus type pci registered
[    0.061451] PCI: MCFG configuration 0: base e0000000 segment 0 buses 0 - 255
[    0.061453] PCI: MCFG area at e0000000 reserved in E820
[    0.061453] PCI: Using MMCONFIG for extended config space
[    0.061454] PCI: Using configuration type 1 for base access
[    0.061896] bio: create slab <bio-0> at 0
[    0.063139] ACPI: EC: Look up EC in DSDT
[    0.100236] ACPI: BIOS _OSI(Linux) query ignored
[    0.106350] ACPI: Interpreter enabled
[    0.106354] ACPI: (supports S0 S1 S4 S5)
[    0.106367] ACPI: Using PIC for interrupt routing
[    0.189994] ACPI: No dock devices found.
[    0.190892] ACPI: PCI Root Bridge [PCI0] (0000:00)
[    0.192553] pci 0000:00:07.1: reg 20 io port: [0x10c0-0x10cf]
[    0.193100] pci 0000:00:07.3: quirk: region 1000-103f claimed by PIIX4 ACPI
[    0.193112] pci 0000:00:07.3: quirk: region 1040-104f claimed by PIIX4 SMB
[    0.193680] pci 0000:00:07.7: reg 10 io port: [0x1080-0x10bf]
[    0.194077] pci 0000:00:07.7: reg 14 64bit mmio: [0xc8000000-0xc8001fff]
[    0.195227] pci 0000:00:0f.0: reg 10 io port: [0x10d0-0x10df]
[    0.195265] pci 0000:00:0f.0: reg 14 32bit mmio pref: [0xd0000000-0xd7ffffff]
[    0.195304] pci 0000:00:0f.0: reg 18 32bit mmio: [0xc8800000-0xc8ffffff]
[    0.195450] pci 0000:00:0f.0: reg 30 32bit mmio pref: [0x000000-0x007fff]
[    0.195993] pci 0000:00:10.0: reg 10 io port: [0x1400-0x14ff]
[    0.196340] pci 0000:00:10.0: reg 14 64bit mmio: [0xc8040000-0xc805ffff]
[    0.196736] pci 0000:00:10.0: reg 1c 64bit mmio: [0xc8020000-0xc803ffff]
[    0.196861] pci 0000:00:10.0: reg 30 32bit mmio pref: [0x000000-0x003fff]
[    0.198293] pci 0000:00:15.0: PME# supported from D0 D3hot D3cold
[    0.198312] pci 0000:00:15.0: PME# disabled
[    0.199173] pci 0000:00:15.1: PME# supported from D0 D3hot D3cold
[    0.199192] pci 0000:00:15.1: PME# disabled
[    0.200042] pci 0000:00:15.2: PME# supported from D0 D3hot D3cold
[    0.200061] pci 0000:00:15.2: PME# disabled
[    0.200929] pci 0000:00:15.3: PME# supported from D0 D3hot D3cold
[    0.200948] pci 0000:00:15.3: PME# disabled
[    0.201768] pci 0000:00:15.4: PME# supported from D0 D3hot D3cold
[    0.201786] pci 0000:00:15.4: PME# disabled
[    0.202642] pci 0000:00:15.5: PME# supported from D0 D3hot D3cold
[    0.202660] pci 0000:00:15.5: PME# disabled
[    0.203593] pci 0000:00:15.6: PME# supported from D0 D3hot D3cold
[    0.203613] pci 0000:00:15.6: PME# disabled
[    0.204765] pci 0000:00:15.7: PME# supported from D0 D3hot D3cold
[    0.204797] pci 0000:00:15.7: PME# disabled
[    0.205679] pci 0000:00:16.0: PME# supported from D0 D3hot D3cold
[    0.205700] pci 0000:00:16.0: PME# disabled
[    0.206803] pci 0000:00:16.1: PME# supported from D0 D3hot D3cold
[    0.206830] pci 0000:00:16.1: PME# disabled
[    0.207855] pci 0000:00:16.2: PME# supported from D0 D3hot D3cold
[    0.207888] pci 0000:00:16.2: PME# disabled
[    0.209306] pci 0000:00:16.3: PME# supported from D0 D3hot D3cold
[    0.209328] pci 0000:00:16.3: PME# disabled
[    0.210249] pci 0000:00:16.4: PME# supported from D0 D3hot D3cold
[    0.210277] pci 0000:00:16.4: PME# disabled
[    0.211255] pci 0000:00:16.5: PME# supported from D0 D3hot D3cold
[    0.211274] pci 0000:00:16.5: PME# disabled
[    0.212152] pci 0000:00:16.6: PME# supported from D0 D3hot D3cold
[    0.212171] pci 0000:00:16.6: PME# disabled
[    0.213013] pci 0000:00:16.7: PME# supported from D0 D3hot D3cold
[    0.213033] pci 0000:00:16.7: PME# disabled
[    0.214132] pci 0000:00:17.0: PME# supported from D0 D3hot D3cold
[    0.214151] pci 0000:00:17.0: PME# disabled
[    0.214992] pci 0000:00:17.1: PME# supported from D0 D3hot D3cold
[    0.215011] pci 0000:00:17.1: PME# disabled
[    0.216245] pci 0000:00:17.2: PME# supported from D0 D3hot D3cold
[    0.216265] pci 0000:00:17.2: PME# disabled
[    0.217119] pci 0000:00:17.3: PME# supported from D0 D3hot D3cold
[    0.217139] pci 0000:00:17.3: PME# disabled
[    0.217969] pci 0000:00:17.4: PME# supported from D0 D3hot D3cold
[    0.217989] pci 0000:00:17.4: PME# disabled
[    0.218862] pci 0000:00:17.5: PME# supported from D0 D3hot D3cold
[    0.218881] pci 0000:00:17.5: PME# disabled
[    0.219709] pci 0000:00:17.6: PME# supported from D0 D3hot D3cold
[    0.219729] pci 0000:00:17.6: PME# disabled
[    0.220554] pci 0000:00:17.7: PME# supported from D0 D3hot D3cold
[    0.220574] pci 0000:00:17.7: PME# disabled
[    0.221410] pci 0000:00:18.0: PME# supported from D0 D3hot D3cold
[    0.221429] pci 0000:00:18.0: PME# disabled
[    0.222576] pci 0000:00:18.1: PME# supported from D0 D3hot D3cold
[    0.222608] pci 0000:00:18.1: PME# disabled
[    0.223548] pci 0000:00:18.2: PME# supported from D0 D3hot D3cold
[    0.223568] pci 0000:00:18.2: PME# disabled
[    0.224420] pci 0000:00:18.3: PME# supported from D0 D3hot D3cold
[    0.224439] pci 0000:00:18.3: PME# disabled
[    0.225300] pci 0000:00:18.4: PME# supported from D0 D3hot D3cold
[    0.225319] pci 0000:00:18.4: PME# disabled
[    0.226196] pci 0000:00:18.5: PME# supported from D0 D3hot D3cold
[    0.226216] pci 0000:00:18.5: PME# disabled
[    0.227081] pci 0000:00:18.6: PME# supported from D0 D3hot D3cold
[    0.227101] pci 0000:00:18.6: PME# disabled
[    0.228054] pci 0000:00:18.7: PME# supported from D0 D3hot D3cold
[    0.228076] pci 0000:00:18.7: PME# disabled
[    0.229179] pci 0000:02:00.0: reg 20 io port: [0x20c0-0x20df]
[    0.229691] pci 0000:02:01.0: reg 10 io port: [0x2000-0x207f]
[    0.229927] pci 0000:02:01.0: reg 30 32bit mmio pref: [0x000000-0x00ffff]
[    0.230457] pci 0000:02:02.0: reg 10 io port: [0x2080-0x20bf]
[    0.231053] pci 0000:02:03.0: reg 10 32bit mmio: [0xc9000000-0xc9000fff]
[    0.231621] pci 0000:00:11.0: transparent bridge
[    0.231653] pci 0000:00:11.0: bridge io port: [0x2000-0x3fff]
[    0.231672] pci 0000:00:11.0: bridge 32bit mmio: [0xc9000000-0xca3fffff]
[    0.231708] pci 0000:00:11.0: bridge 64bit mmio pref: [0xd8400000-0xd89fffff]
[    0.232074] pci 0000:00:15.0: bridge io port: [0x4000-0x4fff]
[    0.232093] pci 0000:00:15.0: bridge 32bit mmio: [0xca400000-0xca4fffff]
[    0.232128] pci 0000:00:15.0: bridge 64bit mmio pref: [0xd8a00000-0xd8afffff]
[    0.232485] pci 0000:00:15.1: bridge io port: [0x8000-0x8fff]
[    0.232504] pci 0000:00:15.1: bridge 32bit mmio: [0xca800000-0xca8fffff]
[    0.232539] pci 0000:00:15.1: bridge 64bit mmio pref: [0xd8e00000-0xd8efffff]
[    0.232896] pci 0000:00:15.2: bridge io port: [0xc000-0xcfff]
[    0.232915] pci 0000:00:15.2: bridge 32bit mmio: [0xcac00000-0xcacfffff]
[    0.232951] pci 0000:00:15.2: bridge 64bit mmio pref: [0xd9200000-0xd92fffff]
[    0.233308] pci 0000:00:15.3: bridge 32bit mmio: [0xcb000000-0xcb0fffff]
[    0.233344] pci 0000:00:15.3: bridge 64bit mmio pref: [0xd9600000-0xd96fffff]
[    0.233714] pci 0000:00:15.4: bridge 32bit mmio: [0xcb400000-0xcb4fffff]
[    0.233750] pci 0000:00:15.4: bridge 64bit mmio pref: [0xd9a00000-0xd9afffff]
[    0.234143] pci 0000:00:15.5: bridge 32bit mmio: [0xcb800000-0xcb8fffff]
[    0.234179] pci 0000:00:15.5: bridge 64bit mmio pref: [0xd9e00000-0xd9efffff]
[    0.234529] pci 0000:00:15.6: bridge 32bit mmio: [0xcbc00000-0xcbcfffff]
[    0.234565] pci 0000:00:15.6: bridge 64bit mmio pref: [0xda200000-0xda2fffff]
[    0.234943] pci 0000:00:15.7: bridge 32bit mmio: [0xcc000000-0xcc0fffff]
[    0.234978] pci 0000:00:15.7: bridge 64bit mmio pref: [0xda600000-0xda6fffff]
[    0.235331] pci 0000:00:16.0: bridge io port: [0x5000-0x5fff]
[    0.235350] pci 0000:00:16.0: bridge 32bit mmio: [0xca500000-0xca5fffff]
[    0.235386] pci 0000:00:16.0: bridge 64bit mmio pref: [0xd8b00000-0xd8bfffff]
[    0.235728] pci 0000:00:16.1: bridge io port: [0x9000-0x9fff]
[    0.235747] pci 0000:00:16.1: bridge 32bit mmio: [0xca900000-0xca9fffff]
[    0.235803] pci 0000:00:16.1: bridge 64bit mmio pref: [0xd8f00000-0xd8ffffff]
[    0.236138] pci 0000:00:16.2: bridge io port: [0xd000-0xdfff]
[    0.236157] pci 0000:00:16.2: bridge 32bit mmio: [0xcad00000-0xcadfffff]
[    0.236192] pci 0000:00:16.2: bridge 64bit mmio pref: [0xd9300000-0xd93fffff]
[    0.236562] pci 0000:00:16.3: bridge 32bit mmio: [0xcb100000-0xcb1fffff]
[    0.236598] pci 0000:00:16.3: bridge 64bit mmio pref: [0xd9700000-0xd97fffff]
[    0.236996] pci 0000:00:16.4: bridge 32bit mmio: [0xcb500000-0xcb5fffff]
[    0.237031] pci 0000:00:16.4: bridge 64bit mmio pref: [0xd9b00000-0xd9bfffff]
[    0.237385] pci 0000:00:16.5: bridge 32bit mmio: [0xcb900000-0xcb9fffff]
[    0.237421] pci 0000:00:16.5: bridge 64bit mmio pref: [0xd9f00000-0xd9ffffff]
[    0.237848] pci 0000:00:16.6: bridge 32bit mmio: [0xcbd00000-0xcbdfffff]
[    0.237903] pci 0000:00:16.6: bridge 64bit mmio pref: [0xda300000-0xda3fffff]
[    0.238292] pci 0000:00:16.7: bridge 32bit mmio: [0xcc100000-0xcc1fffff]
[    0.238328] pci 0000:00:16.7: bridge 64bit mmio pref: [0xda700000-0xda7fffff]
[    0.238664] pci 0000:00:17.0: bridge io port: [0x6000-0x6fff]
[    0.238683] pci 0000:00:17.0: bridge 32bit mmio: [0xca600000-0xca6fffff]
[    0.238719] pci 0000:00:17.0: bridge 64bit mmio pref: [0xd8c00000-0xd8cfffff]
[    0.239137] pci 0000:00:17.1: bridge io port: [0xa000-0xafff]
[    0.239157] pci 0000:00:17.1: bridge 32bit mmio: [0xcaa00000-0xcaafffff]
[    0.239196] pci 0000:00:17.1: bridge 64bit mmio pref: [0xd9000000-0xd90fffff]
[    0.239567] pci 0000:00:17.2: bridge io port: [0xe000-0xefff]
[    0.239586] pci 0000:00:17.2: bridge 32bit mmio: [0xcae00000-0xcaefffff]
[    0.239635] pci 0000:00:17.2: bridge 64bit mmio pref: [0xd9400000-0xd94fffff]
[    0.240024] pci 0000:00:17.3: bridge 32bit mmio: [0xcb200000-0xcb2fffff]
[    0.240060] pci 0000:00:17.3: bridge 64bit mmio pref: [0xd9800000-0xd98fffff]
[    0.240464] pci 0000:00:17.4: bridge 32bit mmio: [0xcb600000-0xcb6fffff]
[    0.240500] pci 0000:00:17.4: bridge 64bit mmio pref: [0xd9c00000-0xd9cfffff]
[    0.240875] pci 0000:00:17.5: bridge 32bit mmio: [0xcba00000-0xcbafffff]
[    0.240910] pci 0000:00:17.5: bridge 64bit mmio pref: [0xda000000-0xda0fffff]
[    0.241262] pci 0000:00:17.6: bridge 32bit mmio: [0xcbe00000-0xcbefffff]
[    0.241298] pci 0000:00:17.6: bridge 64bit mmio pref: [0xda400000-0xda4fffff]
[    0.241707] pci 0000:00:17.7: bridge 32bit mmio: [0xcc200000-0xcc2fffff]
[    0.241747] pci 0000:00:17.7: bridge 64bit mmio pref: [0xda800000-0xda8fffff]
[    0.242109] pci 0000:00:18.0: bridge io port: [0x7000-0x7fff]
[    0.242129] pci 0000:00:18.0: bridge 32bit mmio: [0xca700000-0xca7fffff]
[    0.242167] pci 0000:00:18.0: bridge 64bit mmio pref: [0xd8d00000-0xd8dfffff]
[    0.242526] pci 0000:00:18.1: bridge io port: [0xb000-0xbfff]
[    0.242545] pci 0000:00:18.1: bridge 32bit mmio: [0xcab00000-0xcabfffff]
[    0.242581] pci 0000:00:18.1: bridge 64bit mmio pref: [0xd9100000-0xd91fffff]
[    0.242949] pci 0000:00:18.2: bridge io port: [0xf000-0xffff]
[    0.242967] pci 0000:00:18.2: bridge 32bit mmio: [0xcaf00000-0xcaffffff]
[    0.243003] pci 0000:00:18.2: bridge 64bit mmio pref: [0xd9500000-0xd95fffff]
[    0.243356] pci 0000:00:18.3: bridge 32bit mmio: [0xcb300000-0xcb3fffff]
[    0.243392] pci 0000:00:18.3: bridge 64bit mmio pref: [0xd9900000-0xd99fffff]
[    0.243774] pci 0000:00:18.4: bridge 32bit mmio: [0xcb700000-0xcb7fffff]
[    0.243820] pci 0000:00:18.4: bridge 64bit mmio pref: [0xd9d00000-0xd9dfffff]
[    0.244172] pci 0000:00:18.5: bridge 32bit mmio: [0xcbb00000-0xcbbfffff]
[    0.244208] pci 0000:00:18.5: bridge 64bit mmio pref: [0xda100000-0xda1fffff]
[    0.244559] pci 0000:00:18.6: bridge 32bit mmio: [0xcbf00000-0xcbffffff]
[    0.244594] pci 0000:00:18.6: bridge 64bit mmio pref: [0xda500000-0xda5fffff]
[    0.244976] pci 0000:00:18.7: bridge 32bit mmio: [0xcc300000-0xcc3fffff]
[    0.245012] pci 0000:00:18.7: bridge 64bit mmio pref: [0xda900000-0xda9fffff]
[    0.246415] pci_bus 0000:00: on NUMA node 0
[    0.246423] ACPI: PCI Interrupt Routing Table [\_SB_.PCI0._PRT]
[    0.483375] ACPI: PCI Interrupt Link [LNKA] (IRQs 3 4 5 6 7 *9 10 11 14 15)
[    0.483542] ACPI: PCI Interrupt Link [LNKB] (IRQs 3 4 5 6 7 9 10 *11 14 15)
[    0.483693] ACPI: PCI Interrupt Link [LNKC] (IRQs 3 4 5 6 7 9 *10 11 14 15)
[    0.483842] ACPI: PCI Interrupt Link [LNKD] (IRQs 3 4 *5 6 7 9 10 11 14 15)
[    0.483977] vgaarb: device added: PCI:0000:00:0f.0,decodes=io+mem,owns=io+mem,locks=none
[    0.483987] vgaarb: loaded
[    0.484077] SCSI subsystem initialized
[    0.484121] libata version 3.00 loaded.
[    0.484161] usbcore: registered new interface driver usbfs
[    0.484172] usbcore: registered new interface driver hub
[    0.484188] usbcore: registered new device driver usb
[    0.484256] PCI: Using ACPI for IRQ routing
[    0.485237] NetLabel: Initializing
[    0.485238] NetLabel:  domain hash size = 128
[    0.485239] NetLabel:  protocols = UNLABELED CIPSOv4
[    0.485246] NetLabel:  unlabeled traffic allowed by default
[    0.485279] hpet0: at MMIO 0xfed00000, IRQs 2, 8, 0, 0, 0, 0, 0, 0, 0, 0, 0, 0, 0, 0, 0, 0
[    0.485285] hpet0: 16 comparators, 64-bit 14.318180 MHz counter
[    0.487317] Switching to clocksource tsc
[    0.494537] pnp: PnP ACPI init
[    0.494550] ACPI: bus type pnp registered
[    0.539089] pnp: PnP ACPI: found 14 devices
[    0.539091] ACPI: ACPI bus type pnp unregistered
[    0.539094] PnPBIOS: Disabled by ACPI PNP
[    0.539108] system 00:01: ioport range 0x1000-0x103f has been reserved
[    0.539110] system 00:01: ioport range 0x1040-0x104f has been reserved
[    0.539111] system 00:01: ioport range 0xcf0-0xcf1 has been reserved
[    0.539118] system 00:08: iomem range 0xfed00000-0xfed003ff has been reserved
[    0.539122] system 00:0d: ioport range 0x1060-0x107f has been reserved
[    0.539124] system 00:0d: iomem range 0xe0000000-0xefffffff has been reserved
[    0.539126] system 00:0d: iomem range 0xc8200000-0xc83fffff has been reserved
[    0.575375] pci 0000:00:15.3: BAR 13: can't allocate I/O resource [0x10000-0xffff]
[    0.575379] pci 0000:00:15.4: BAR 13: can't allocate I/O resource [0x10000-0xffff]
[    0.575382] pci 0000:00:15.5: BAR 13: can't allocate I/O resource [0x10000-0xffff]
[    0.575385] pci 0000:00:15.6: BAR 13: can't allocate I/O resource [0x10000-0xffff]
[    0.575387] pci 0000:00:15.7: BAR 13: can't allocate I/O resource [0x10000-0xffff]
[    0.575390] pci 0000:00:16.3: BAR 13: can't allocate I/O resource [0x10000-0xffff]
[    0.575393] pci 0000:00:16.4: BAR 13: can't allocate I/O resource [0x10000-0xffff]
[    0.575395] pci 0000:00:16.5: BAR 13: can't allocate I/O resource [0x10000-0xffff]
[    0.575398] pci 0000:00:16.6: BAR 13: can't allocate I/O resource [0x10000-0xffff]
[    0.575401] pci 0000:00:16.7: BAR 13: can't allocate I/O resource [0x10000-0xffff]
[    0.575403] pci 0000:00:17.3: BAR 13: can't allocate I/O resource [0x10000-0xffff]
[    0.575406] pci 0000:00:17.4: BAR 13: can't allocate I/O resource [0x10000-0xffff]
[    0.575409] pci 0000:00:17.5: BAR 13: can't allocate I/O resource [0x10000-0xffff]
[    0.575411] pci 0000:00:17.6: BAR 13: can't allocate I/O resource [0x10000-0xffff]
[    0.575414] pci 0000:00:17.7: BAR 13: can't allocate I/O resource [0x10000-0xffff]
[    0.575416] pci 0000:00:18.3: BAR 13: can't allocate I/O resource [0x10000-0xffff]
[    0.575419] pci 0000:00:18.4: BAR 13: can't allocate I/O resource [0x10000-0xffff]
[    0.575422] pci 0000:00:18.5: BAR 13: can't allocate I/O resource [0x10000-0xffff]
[    0.575424] pci 0000:00:18.6: BAR 13: can't allocate I/O resource [0x10000-0xffff]
[    0.575427] pci 0000:00:18.7: BAR 13: can't allocate I/O resource [0x10000-0xffff]
[    0.575429] pci 0000:00:01.0: PCI bridge, secondary bus 0000:01
[    0.575431] pci 0000:00:01.0:   IO window: disabled
[    0.575460] pci 0000:00:01.0:   MEM window: disabled
[    0.575479] pci 0000:00:01.0:   PREFETCH window: disabled
[    0.575516] pci 0000:00:11.0: PCI bridge, secondary bus 0000:02
[    0.575530] pci 0000:00:11.0:   IO window: 0x2000-0x3fff
[    0.575568] pci 0000:00:11.0:   MEM window: 0xc9000000-0xca3fffff
[    0.575589] pci 0000:00:11.0:   PREFETCH window: 0x000000d8400000-0x000000d89fffff
[    0.575628] pci 0000:00:15.0: PCI bridge, secondary bus 0000:03
[    0.575640] pci 0000:00:15.0:   IO window: 0x4000-0x4fff
[    0.575670] pci 0000:00:15.0:   MEM window: 0xca400000-0xca4fffff
[    0.575690] pci 0000:00:15.0:   PREFETCH window: 0x000000d8a00000-0x000000d8afffff
[    0.575750] pci 0000:00:15.1: PCI bridge, secondary bus 0000:04
[    0.575761] pci 0000:00:15.1:   IO window: 0x8000-0x8fff
[    0.575789] pci 0000:00:15.1:   MEM window: 0xca800000-0xca8fffff
[    0.575808] pci 0000:00:15.1:   PREFETCH window: 0x000000d8e00000-0x000000d8efffff
[    0.575848] pci 0000:00:15.2: PCI bridge, secondary bus 0000:05
[    0.575859] pci 0000:00:15.2:   IO window: 0xc000-0xcfff
[    0.575887] pci 0000:00:15.2:   MEM window: 0xcac00000-0xcacfffff
[    0.575906] pci 0000:00:15.2:   PREFETCH window: 0x000000d9200000-0x000000d92fffff
[    0.575946] pci 0000:00:15.3: PCI bridge, secondary bus 0000:06
[    0.575948] pci 0000:00:15.3:   IO window: disabled
[    0.575976] pci 0000:00:15.3:   MEM window: 0xcb000000-0xcb0fffff
[    0.575995] pci 0000:00:15.3:   PREFETCH window: 0x000000d9600000-0x000000d96fffff
[    0.576034] pci 0000:00:15.4: PCI bridge, secondary bus 0000:07
[    0.576036] pci 0000:00:15.4:   IO window: disabled
[    0.576064] pci 0000:00:15.4:   MEM window: 0xcb400000-0xcb4fffff
[    0.576083] pci 0000:00:15.4:   PREFETCH window: 0x000000d9a00000-0x000000d9afffff
[    0.576123] pci 0000:00:15.5: PCI bridge, secondary bus 0000:08
[    0.576125] pci 0000:00:15.5:   IO window: disabled
[    0.576153] pci 0000:00:15.5:   MEM window: 0xcb800000-0xcb8fffff
[    0.576172] pci 0000:00:15.5:   PREFETCH window: 0x000000d9e00000-0x000000d9efffff
[    0.576211] pci 0000:00:15.6: PCI bridge, secondary bus 0000:09
[    0.576213] pci 0000:00:15.6:   IO window: disabled
[    0.576241] pci 0000:00:15.6:   MEM window: 0xcbc00000-0xcbcfffff
[    0.576260] pci 0000:00:15.6:   PREFETCH window: 0x000000da200000-0x000000da2fffff
[    0.576299] pci 0000:00:15.7: PCI bridge, secondary bus 0000:0a
[    0.576301] pci 0000:00:15.7:   IO window: disabled
[    0.576329] pci 0000:00:15.7:   MEM window: 0xcc000000-0xcc0fffff
[    0.576348] pci 0000:00:15.7:   PREFETCH window: 0x000000da600000-0x000000da6fffff
[    0.576388] pci 0000:00:16.0: PCI bridge, secondary bus 0000:0b
[    0.576399] pci 0000:00:16.0:   IO window: 0x5000-0x5fff
[    0.576426] pci 0000:00:16.0:   MEM window: 0xca500000-0xca5fffff
[    0.576446] pci 0000:00:16.0:   PREFETCH window: 0x000000d8b00000-0x000000d8bfffff
[    0.576485] pci 0000:00:16.1: PCI bridge, secondary bus 0000:0c
[    0.576496] pci 0000:00:16.1:   IO window: 0x9000-0x9fff
[    0.576526] pci 0000:00:16.1:   MEM window: 0xca900000-0xca9fffff
[    0.576584] pci 0000:00:16.1:   PREFETCH window: 0x000000d8f00000-0x000000d8ffffff
[    0.576654] pci 0000:00:16.2: PCI bridge, secondary bus 0000:0d
[    0.576667] pci 0000:00:16.2:   IO window: 0xd000-0xdfff
[    0.576695] pci 0000:00:16.2:   MEM window: 0xcad00000-0xcadfffff
[    0.576714] pci 0000:00:16.2:   PREFETCH window: 0x000000d9300000-0x000000d93fffff
[    0.576755] pci 0000:00:16.3: PCI bridge, secondary bus 0000:0e
[    0.576757] pci 0000:00:16.3:   IO window: disabled
[    0.576784] pci 0000:00:16.3:   MEM window: 0xcb100000-0xcb1fffff
[    0.576804] pci 0000:00:16.3:   PREFETCH window: 0x000000d9700000-0x000000d97fffff
[    0.576843] pci 0000:00:16.4: PCI bridge, secondary bus 0000:0f
[    0.576845] pci 0000:00:16.4:   IO window: disabled
[    0.576872] pci 0000:00:16.4:   MEM window: 0xcb500000-0xcb5fffff
[    0.576892] pci 0000:00:16.4:   PREFETCH window: 0x000000d9b00000-0x000000d9bfffff
[    0.576931] pci 0000:00:16.5: PCI bridge, secondary bus 0000:10
[    0.576933] pci 0000:00:16.5:   IO window: disabled
[    0.576961] pci 0000:00:16.5:   MEM window: 0xcb900000-0xcb9fffff
[    0.576980] pci 0000:00:16.5:   PREFETCH window: 0x000000d9f00000-0x000000d9ffffff
[    0.577019] pci 0000:00:16.6: PCI bridge, secondary bus 0000:11
[    0.577021] pci 0000:00:16.6:   IO window: disabled
[    0.577049] pci 0000:00:16.6:   MEM window: 0xcbd00000-0xcbdfffff
[    0.577068] pci 0000:00:16.6:   PREFETCH window: 0x000000da300000-0x000000da3fffff
[    0.577107] pci 0000:00:16.7: PCI bridge, secondary bus 0000:12
[    0.577109] pci 0000:00:16.7:   IO window: disabled
[    0.577137] pci 0000:00:16.7:   MEM window: 0xcc100000-0xcc1fffff
[    0.577156] pci 0000:00:16.7:   PREFETCH window: 0x000000da700000-0x000000da7fffff
[    0.577196] pci 0000:00:17.0: PCI bridge, secondary bus 0000:13
[    0.577207] pci 0000:00:17.0:   IO window: 0x6000-0x6fff
[    0.577234] pci 0000:00:17.0:   MEM window: 0xca600000-0xca6fffff
[    0.577253] pci 0000:00:17.0:   PREFETCH window: 0x000000d8c00000-0x000000d8cfffff
[    0.577293] pci 0000:00:17.1: PCI bridge, secondary bus 0000:14
[    0.577304] pci 0000:00:17.1:   IO window: 0xa000-0xafff
[    0.577331] pci 0000:00:17.1:   MEM window: 0xcaa00000-0xcaafffff
[    0.577350] pci 0000:00:17.1:   PREFETCH window: 0x000000d9000000-0x000000d90fffff
[    0.577390] pci 0000:00:17.2: PCI bridge, secondary bus 0000:15
[    0.577401] pci 0000:00:17.2:   IO window: 0xe000-0xefff
[    0.577428] pci 0000:00:17.2:   MEM window: 0xcae00000-0xcaefffff
[    0.577448] pci 0000:00:17.2:   PREFETCH window: 0x000000d9400000-0x000000d94fffff
[    0.577487] pci 0000:00:17.3: PCI bridge, secondary bus 0000:16
[    0.577489] pci 0000:00:17.3:   IO window: disabled
[    0.577516] pci 0000:00:17.3:   MEM window: 0xcb200000-0xcb2fffff
[    0.577553] pci 0000:00:17.3:   PREFETCH window: 0x000000d9800000-0x000000d98fffff
[    0.577603] pci 0000:00:17.4: PCI bridge, secondary bus 0000:17
[    0.577605] pci 0000:00:17.4:   IO window: disabled
[    0.577633] pci 0000:00:17.4:   MEM window: 0xcb600000-0xcb6fffff
[    0.577652] pci 0000:00:17.4:   PREFETCH window: 0x000000d9c00000-0x000000d9cfffff
[    0.577691] pci 0000:00:17.5: PCI bridge, secondary bus 0000:18
[    0.577693] pci 0000:00:17.5:   IO window: disabled
[    0.577721] pci 0000:00:17.5:   MEM window: 0xcba00000-0xcbafffff
[    0.577740] pci 0000:00:17.5:   PREFETCH window: 0x000000da000000-0x000000da0fffff
[    0.577779] pci 0000:00:17.6: PCI bridge, secondary bus 0000:19
[    0.577781] pci 0000:00:17.6:   IO window: disabled
[    0.577809] pci 0000:00:17.6:   MEM window: 0xcbe00000-0xcbefffff
[    0.577828] pci 0000:00:17.6:   PREFETCH window: 0x000000da400000-0x000000da4fffff
[    0.577868] pci 0000:00:17.7: PCI bridge, secondary bus 0000:1a
[    0.577869] pci 0000:00:17.7:   IO window: disabled
[    0.577897] pci 0000:00:17.7:   MEM window: 0xcc200000-0xcc2fffff
[    0.577916] pci 0000:00:17.7:   PREFETCH window: 0x000000da800000-0x000000da8fffff
[    0.577956] pci 0000:00:18.0: PCI bridge, secondary bus 0000:1b
[    0.577967] pci 0000:00:18.0:   IO window: 0x7000-0x7fff
[    0.577994] pci 0000:00:18.0:   MEM window: 0xca700000-0xca7fffff
[    0.578014] pci 0000:00:18.0:   PREFETCH window: 0x000000d8d00000-0x000000d8dfffff
[    0.578053] pci 0000:00:18.1: PCI bridge, secondary bus 0000:1c
[    0.578064] pci 0000:00:18.1:   IO window: 0xb000-0xbfff
[    0.578092] pci 0000:00:18.1:   MEM window: 0xcab00000-0xcabfffff
[    0.578111] pci 0000:00:18.1:   PREFETCH window: 0x000000d9100000-0x000000d91fffff
[    0.578150] pci 0000:00:18.2: PCI bridge, secondary bus 0000:1d
[    0.578161] pci 0000:00:18.2:   IO window: 0xf000-0xffff
[    0.578189] pci 0000:00:18.2:   MEM window: 0xcaf00000-0xcaffffff
[    0.578208] pci 0000:00:18.2:   PREFETCH window: 0x000000d9500000-0x000000d95fffff
[    0.578248] pci 0000:00:18.3: PCI bridge, secondary bus 0000:1e
[    0.578250] pci 0000:00:18.3:   IO window: disabled
[    0.578277] pci 0000:00:18.3:   MEM window: 0xcb300000-0xcb3fffff
[    0.578297] pci 0000:00:18.3:   PREFETCH window: 0x000000d9900000-0x000000d99fffff
[    0.578336] pci 0000:00:18.4: PCI bridge, secondary bus 0000:1f
[    0.578338] pci 0000:00:18.4:   IO window: disabled
[    0.578365] pci 0000:00:18.4:   MEM window: 0xcb700000-0xcb7fffff
[    0.578385] pci 0000:00:18.4:   PREFETCH window: 0x000000d9d00000-0x000000d9dfffff
[    0.578424] pci 0000:00:18.5: PCI bridge, secondary bus 0000:20
[    0.578426] pci 0000:00:18.5:   IO window: disabled
[    0.578454] pci 0000:00:18.5:   MEM window: 0xcbb00000-0xcbbfffff
[    0.578473] pci 0000:00:18.5:   PREFETCH window: 0x000000da100000-0x000000da1fffff
[    0.578512] pci 0000:00:18.6: PCI bridge, secondary bus 0000:21
[    0.578521] pci 0000:00:18.6:   IO window: disabled
[    0.578559] pci 0000:00:18.6:   MEM window: 0xcbf00000-0xcbffffff
[    0.578588] pci 0000:00:18.6:   PREFETCH window: 0x000000da500000-0x000000da5fffff
[    0.578627] pci 0000:00:18.7: PCI bridge, secondary bus 0000:22
[    0.578629] pci 0000:00:18.7:   IO window: disabled
[    0.578657] pci 0000:00:18.7:   MEM window: 0xcc300000-0xcc3fffff
[    0.578676] pci 0000:00:18.7:   PREFETCH window: 0x000000da900000-0x000000da9fffff
[    0.578745] pci 0000:00:01.0: setting latency timer to 64
[    0.578836] pci 0000:00:15.0: setting latency timer to 64
[    0.578898] pci 0000:00:15.1: setting latency timer to 64
[    0.578960] pci 0000:00:15.2: setting latency timer to 64
[    0.579022] pci 0000:00:15.3: setting latency timer to 64
[    0.579084] pci 0000:00:15.4: setting latency timer to 64
[    0.579146] pci 0000:00:15.5: setting latency timer to 64
[    0.579153] pci 0000:00:15.6: setting latency timer to 64
[    0.579278] pci 0000:00:15.7: setting latency timer to 64
[    0.579341] pci 0000:00:16.0: setting latency timer to 64
[    0.579403] pci 0000:00:16.1: setting latency timer to 64
[    0.579465] pci 0000:00:16.2: setting latency timer to 64
[    0.579537] pci 0000:00:16.3: setting latency timer to 64
[    0.579609] pci 0000:00:16.4: setting latency timer to 64
[    0.579671] pci 0000:00:16.5: setting latency timer to 64
[    0.579733] pci 0000:00:16.6: setting latency timer to 64
[    0.579796] pci 0000:00:16.7: setting latency timer to 64
[    0.579858] pci 0000:00:17.0: setting latency timer to 64
[    0.579920] pci 0000:00:17.1: setting latency timer to 64
[    0.579982] pci 0000:00:17.2: setting latency timer to 64
[    0.580044] pci 0000:00:17.3: setting latency timer to 64
[    0.580106] pci 0000:00:17.4: setting latency timer to 64
[    0.580168] pci 0000:00:17.5: setting latency timer to 64
[    0.580230] pci 0000:00:17.6: setting latency timer to 64
[    0.580292] pci 0000:00:17.7: setting latency timer to 64
[    0.580354] pci 0000:00:18.0: setting latency timer to 64
[    0.580416] pci 0000:00:18.1: setting latency timer to 64
[    0.580478] pci 0000:00:18.2: setting latency timer to 64
[    0.580592] pci 0000:00:18.3: setting latency timer to 64
[    0.580665] pci 0000:00:18.4: setting latency timer to 64
[    0.580730] pci 0000:00:18.5: setting latency timer to 64
[    0.580792] pci 0000:00:18.6: setting latency timer to 64
[    0.580854] pci 0000:00:18.7: setting latency timer to 64
[    0.580866] pci_bus 0000:00: resource 0 io:  [0x00-0xffff]
[    0.580868] pci_bus 0000:00: resource 1 mem: [0x000000-0xffffffffffffffff]
[    0.580870] pci_bus 0000:02: resource 0 io:  [0x2000-0x3fff]
[    0.580872] pci_bus 0000:02: resource 1 mem: [0xc9000000-0xca3fffff]
[    0.580874] pci_bus 0000:02: resource 2 pref mem [0xd8400000-0xd89fffff]
[    0.580876] pci_bus 0000:02: resource 3 io:  [0x00-0xffff]
[    0.580878] pci_bus 0000:02: resource 4 mem: [0x000000-0xffffffffffffffff]
[    0.580880] pci_bus 0000:03: resource 0 io:  [0x4000-0x4fff]
[    0.580882] pci_bus 0000:03: resource 1 mem: [0xca400000-0xca4fffff]
[    0.580883] pci_bus 0000:03: resource 2 pref mem [0xd8a00000-0xd8afffff]
[    0.580885] pci_bus 0000:04: resource 0 io:  [0x8000-0x8fff]
[    0.580887] pci_bus 0000:04: resource 1 mem: [0xca800000-0xca8fffff]
[    0.580889] pci_bus 0000:04: resource 2 pref mem [0xd8e00000-0xd8efffff]
[    0.580891] pci_bus 0000:05: resource 0 io:  [0xc000-0xcfff]
[    0.580892] pci_bus 0000:05: resource 1 mem: [0xcac00000-0xcacfffff]
[    0.580894] pci_bus 0000:05: resource 2 pref mem [0xd9200000-0xd92fffff]
[    0.580896] pci_bus 0000:06: resource 1 mem: [0xcb000000-0xcb0fffff]
[    0.580898] pci_bus 0000:06: resource 2 pref mem [0xd9600000-0xd96fffff]
[    0.580900] pci_bus 0000:07: resource 1 mem: [0xcb400000-0xcb4fffff]
[    0.580902] pci_bus 0000:07: resource 2 pref mem [0xd9a00000-0xd9afffff]
[    0.580903] pci_bus 0000:08: resource 1 mem: [0xcb800000-0xcb8fffff]
[    0.580905] pci_bus 0000:08: resource 2 pref mem [0xd9e00000-0xd9efffff]
[    0.580907] pci_bus 0000:09: resource 1 mem: [0xcbc00000-0xcbcfffff]
[    0.580909] pci_bus 0000:09: resource 2 pref mem [0xda200000-0xda2fffff]
[    0.580911] pci_bus 0000:0a: resource 1 mem: [0xcc000000-0xcc0fffff]
[    0.580912] pci_bus 0000:0a: resource 2 pref mem [0xda600000-0xda6fffff]
[    0.580914] pci_bus 0000:0b: resource 0 io:  [0x5000-0x5fff]
[    0.580916] pci_bus 0000:0b: resource 1 mem: [0xca500000-0xca5fffff]
[    0.580918] pci_bus 0000:0b: resource 2 pref mem [0xd8b00000-0xd8bfffff]
[    0.580919] pci_bus 0000:0c: resource 0 io:  [0x9000-0x9fff]
[    0.580921] pci_bus 0000:0c: resource 1 mem: [0xca900000-0xca9fffff]
[    0.580923] pci_bus 0000:0c: resource 2 pref mem [0xd8f00000-0xd8ffffff]
[    0.580925] pci_bus 0000:0d: resource 0 io:  [0xd000-0xdfff]
[    0.580927] pci_bus 0000:0d: resource 1 mem: [0xcad00000-0xcadfffff]
[    0.580928] pci_bus 0000:0d: resource 2 pref mem [0xd9300000-0xd93fffff]
[    0.580930] pci_bus 0000:0e: resource 1 mem: [0xcb100000-0xcb1fffff]
[    0.580932] pci_bus 0000:0e: resource 2 pref mem [0xd9700000-0xd97fffff]
[    0.580934] pci_bus 0000:0f: resource 1 mem: [0xcb500000-0xcb5fffff]
[    0.580936] pci_bus 0000:0f: resource 2 pref mem [0xd9b00000-0xd9bfffff]
[    0.580938] pci_bus 0000:10: resource 1 mem: [0xcb900000-0xcb9fffff]
[    0.580939] pci_bus 0000:10: resource 2 pref mem [0xd9f00000-0xd9ffffff]
[    0.580941] pci_bus 0000:11: resource 1 mem: [0xcbd00000-0xcbdfffff]
[    0.580943] pci_bus 0000:11: resource 2 pref mem [0xda300000-0xda3fffff]
[    0.580945] pci_bus 0000:12: resource 1 mem: [0xcc100000-0xcc1fffff]
[    0.580947] pci_bus 0000:12: resource 2 pref mem [0xda700000-0xda7fffff]
[    0.580948] pci_bus 0000:13: resource 0 io:  [0x6000-0x6fff]
[    0.580950] pci_bus 0000:13: resource 1 mem: [0xca600000-0xca6fffff]
[    0.580952] pci_bus 0000:13: resource 2 pref mem [0xd8c00000-0xd8cfffff]
[    0.580954] pci_bus 0000:14: resource 0 io:  [0xa000-0xafff]
[    0.580955] pci_bus 0000:14: resource 1 mem: [0xcaa00000-0xcaafffff]
[    0.580957] pci_bus 0000:14: resource 2 pref mem [0xd9000000-0xd90fffff]
[    0.580959] pci_bus 0000:15: resource 0 io:  [0xe000-0xefff]
[    0.580961] pci_bus 0000:15: resource 1 mem: [0xcae00000-0xcaefffff]
[    0.580962] pci_bus 0000:15: resource 2 pref mem [0xd9400000-0xd94fffff]
[    0.580964] pci_bus 0000:16: resource 1 mem: [0xcb200000-0xcb2fffff]
[    0.580966] pci_bus 0000:16: resource 2 pref mem [0xd9800000-0xd98fffff]
[    0.580968] pci_bus 0000:17: resource 1 mem: [0xcb600000-0xcb6fffff]
[    0.580970] pci_bus 0000:17: resource 2 pref mem [0xd9c00000-0xd9cfffff]
[    0.580972] pci_bus 0000:18: resource 1 mem: [0xcba00000-0xcbafffff]
[    0.580973] pci_bus 0000:18: resource 2 pref mem [0xda000000-0xda0fffff]
[    0.580975] pci_bus 0000:19: resource 1 mem: [0xcbe00000-0xcbefffff]
[    0.580977] pci_bus 0000:19: resource 2 pref mem [0xda400000-0xda4fffff]
[    0.580979] pci_bus 0000:1a: resource 1 mem: [0xcc200000-0xcc2fffff]
[    0.580981] pci_bus 0000:1a: resource 2 pref mem [0xda800000-0xda8fffff]
[    0.580983] pci_bus 0000:1b: resource 0 io:  [0x7000-0x7fff]
[    0.580984] pci_bus 0000:1b: resource 1 mem: [0xca700000-0xca7fffff]
[    0.580986] pci_bus 0000:1b: resource 2 pref mem [0xd8d00000-0xd8dfffff]
[    0.580988] pci_bus 0000:1c: resource 0 io:  [0xb000-0xbfff]
[    0.580990] pci_bus 0000:1c: resource 1 mem: [0xcab00000-0xcabfffff]
[    0.580991] pci_bus 0000:1c: resource 2 pref mem [0xd9100000-0xd91fffff]
[    0.580993] pci_bus 0000:1d: resource 0 io:  [0xf000-0xffff]
[    0.580995] pci_bus 0000:1d: resource 1 mem: [0xcaf00000-0xcaffffff]
[    0.580997] pci_bus 0000:1d: resource 2 pref mem [0xd9500000-0xd95fffff]
[    0.580999] pci_bus 0000:1e: resource 1 mem: [0xcb300000-0xcb3fffff]
[    0.581000] pci_bus 0000:1e: resource 2 pref mem [0xd9900000-0xd99fffff]
[    0.581002] pci_bus 0000:1f: resource 1 mem: [0xcb700000-0xcb7fffff]
[    0.581004] pci_bus 0000:1f: resource 2 pref mem [0xd9d00000-0xd9dfffff]
[    0.581006] pci_bus 0000:20: resource 1 mem: [0xcbb00000-0xcbbfffff]
[    0.581008] pci_bus 0000:20: resource 2 pref mem [0xda100000-0xda1fffff]
[    0.581009] pci_bus 0000:21: resource 1 mem: [0xcbf00000-0xcbffffff]
[    0.581011] pci_bus 0000:21: resource 2 pref mem [0xda500000-0xda5fffff]
[    0.581013] pci_bus 0000:22: resource 1 mem: [0xcc300000-0xcc3fffff]
[    0.581015] pci_bus 0000:22: resource 2 pref mem [0xda900000-0xda9fffff]
[    0.581037] NET: Registered protocol family 2
[    0.581054] RANDOM - __random32 called. Change num 7.  Value: 55ede565	148ebb7a	8e9cdd7f
[    0.581056] RANDOM - random32 called.  Value: 55ede565	148ebb7a	8e9cdd7f
[    0.581064] random 0000 0000 0000 00000000 00000000: rand_read_num 2 get_random_bytes(4): sig fffffe1a 00000000 00000000
[    0.581067] random 0000 0000 0000 00000000 00000000: extract_entropy(.. 4 ..)
[    0.581069] random 0000 0000 0000 00000000 00000000: going to reseed nonblocking with 64 bits (32 of 0 requested)
[    0.581071] random 0000 0000 0000 00000000 00000000: extract_entropy(.. 8 ..)
[    0.581074] random 0000 0000 0000 00000000 00000000: trying to extract 64 bits from input
[    0.581076] random 0000 0000 0000 00000000 00000000: debiting 0 entropy credits from input
[    0.581078] random 0000 0000 0000 00000000 00000000: extract_entropy account returned: 0 
[    0.581081] random 0000 0000 0000 00000000 00000000: urand_change_num 3 xfer_secondary_pool(4): pool_sig fffffe1a, data_sig 00000000, bytes_mixed 0 00000000 00000000
[    0.581083] random 0000 0000 0000 00000000 00000000: trying to extract 32 bits from nonblocking
[    0.581086] random 0000 0000 0000 00000000 00000000: debiting 32 entropy credits from nonblocking (unlimited)
[    0.581088] random 0000 0000 0000 00000000 00000000: extract_entropy account returned: 4 
[    0.581092] random 0000 0000 0000 00000000 00000000: urand_change_num 4 extract_buf: pool_sig fffffe1a, data_sig fffffed7, bytes_mixed 20 00000000 00000000
[    0.581121] IP route cache hash table entries: 32768 (order: 5, 131072 bytes)
[    0.581209] RANDOM - __random32 called. Change num 8.  Value: de565d28	48ebb7a3	baff4f46
[    0.581211] RANDOM - random32 called.  Value: de565d28	48ebb7a3	baff4f46
[    0.581267] RANDOM - __random32 called. Change num 9.  Value: 65d282be	8ebb7a35	9e8da0a6
[    0.581269] RANDOM - random32 called.  Value: 65d282be	8ebb7a35	9e8da0a6
[    0.581272] RANDOM - __random32 called. Change num 10.  Value: 282be6b0	ebb7a35a	414d5c14
[    0.581273] RANDOM - random32 called.  Value: 282be6b0	ebb7a35a	414d5c14
[    0.581295] RANDOM - __random32 called. Change num 11.  Value: be6b0a9f	bb7a35a2	b82964f7
[    0.581296] RANDOM - random32 called.  Value: be6b0a9f	bb7a35a2	b82964f7
[    0.581306] TCP established hash table entries: 131072 (order: 8, 1048576 bytes)
[    0.581421] TCP bind hash table entries: 65536 (order: 7, 524288 bytes)
[    0.581535] TCP: Hash tables configured (established 131072 bind 65536)
[    0.581538] TCP reno registered
[    0.581574] NET: Registered protocol family 1
[    0.581583] pci 0000:00:00.0: Limiting direct PCI/PCI transfers
[    0.581603] pci 0000:00:0f.0: Boot video device
[    0.581791] Trying to unpack rootfs image as initramfs...
[    1.757559] Freeing initrd memory: 83430k freed
[    1.765609] Simple Boot Flag at 0x36 set to 0x1
[    1.765653] cpufreq-nforce2: No nForce2 chipset.
[    1.765668] Scanning for low memory corruption every 60 seconds
[    1.765786] audit: initializing netlink socket (disabled)
[    1.765794] type=2000 audit(1369442049.756:1): initialized
[    1.769705] highmem bounce pool size: 64 pages
[    1.769709] HugeTLB registered 2 MB page size, pre-allocated 0 pages
[    1.769802] VFS: Disk quotas dquot_6.5.2
[    1.769832] Dquot-cache hash table entries: 1024 (order 0, 4096 bytes)
[    1.769914] fuse init (API version 7.13)
[    1.769958] msgmni has been set to 1729
[    1.770224] alg: No test for stdrng (krng)
[    1.770257] Block layer SCSI generic (bsg) driver version 0.4 loaded (major 253)
[    1.770259] io scheduler noop registered
[    1.770260] io scheduler anticipatory registered
[    1.770262] io scheduler deadline registered
[    1.770281] io scheduler cfq registered (default)
[    1.770325]   alloc irq_desc for 24 on node -1
[    1.770328]   alloc kstat_irqs on node -1
[    1.770372] pcieport 0000:00:15.0: irq 24 for MSI/MSI-X
[    1.770417] pcieport 0000:00:15.0: setting latency timer to 64
[    1.770461]   alloc irq_desc for 25 on node -1
[    1.770463]   alloc kstat_irqs on node -1
[    1.770508] pcieport 0000:00:15.1: irq 25 for MSI/MSI-X
[    1.770552] pcieport 0000:00:15.1: setting latency timer to 64
[    1.770597]   alloc irq_desc for 26 on node -1
[    1.770599]   alloc kstat_irqs on node -1
[    1.770643] pcieport 0000:00:15.2: irq 26 for MSI/MSI-X
[    1.770688] pcieport 0000:00:15.2: setting latency timer to 64
[    1.770732]   alloc irq_desc for 27 on node -1
[    1.770736]   alloc kstat_irqs on node -1
[    1.770780] pcieport 0000:00:15.3: irq 27 for MSI/MSI-X
[    1.770825] pcieport 0000:00:15.3: setting latency timer to 64
[    1.770869]   alloc irq_desc for 28 on node -1
[    1.770872]   alloc kstat_irqs on node -1
[    1.770917] pcieport 0000:00:15.4: irq 28 for MSI/MSI-X
[    1.770961] pcieport 0000:00:15.4: setting latency timer to 64
[    1.771006]   alloc irq_desc for 29 on node -1
[    1.771008]   alloc kstat_irqs on node -1
[    1.771052] pcieport 0000:00:15.5: irq 29 for MSI/MSI-X
[    1.771097] pcieport 0000:00:15.5: setting latency timer to 64
[    1.771141]   alloc irq_desc for 30 on node -1
[    1.771145]   alloc kstat_irqs on node -1
[    1.771189] pcieport 0000:00:15.6: irq 30 for MSI/MSI-X
[    1.771234] pcieport 0000:00:15.6: setting latency timer to 64
[    1.771278]   alloc irq_desc for 31 on node -1
[    1.771281]   alloc kstat_irqs on node -1
[    1.771325] pcieport 0000:00:15.7: irq 31 for MSI/MSI-X
[    1.771369] pcieport 0000:00:15.7: setting latency timer to 64
[    1.771414]   alloc irq_desc for 32 on node -1
[    1.771416]   alloc kstat_irqs on node -1
[    1.771460] pcieport 0000:00:16.0: irq 32 for MSI/MSI-X
[    1.771505] pcieport 0000:00:16.0: setting latency timer to 64
[    1.771549]   alloc irq_desc for 33 on node -1
[    1.771572]   alloc kstat_irqs on node -1
[    1.771616] pcieport 0000:00:16.1: irq 33 for MSI/MSI-X
[    1.771660] pcieport 0000:00:16.1: setting latency timer to 64
[    1.771705]   alloc irq_desc for 34 on node -1
[    1.771707]   alloc kstat_irqs on node -1
[    1.771752] pcieport 0000:00:16.2: irq 34 for MSI/MSI-X
[    1.771796] pcieport 0000:00:16.2: setting latency timer to 64
[    1.771840]   alloc irq_desc for 35 on node -1
[    1.771844]   alloc kstat_irqs on node -1
[    1.771888] pcieport 0000:00:16.3: irq 35 for MSI/MSI-X
[    1.771933] pcieport 0000:00:16.3: setting latency timer to 64
[    1.773518]   alloc irq_desc for 36 on node -1
[    1.773521]   alloc kstat_irqs on node -1
[    1.773566] pcieport 0000:00:16.4: irq 36 for MSI/MSI-X
[    1.773610] pcieport 0000:00:16.4: setting latency timer to 64
[    1.773709]   alloc irq_desc for 37 on node -1
[    1.773711]   alloc kstat_irqs on node -1
[    1.773755] pcieport 0000:00:16.5: irq 37 for MSI/MSI-X
[    1.773800] pcieport 0000:00:16.5: setting latency timer to 64
[    1.773844]   alloc irq_desc for 38 on node -1
[    1.773846]   alloc kstat_irqs on node -1
[    1.773891] pcieport 0000:00:16.6: irq 38 for MSI/MSI-X
[    1.773935] pcieport 0000:00:16.6: setting latency timer to 64
[    1.773980]   alloc irq_desc for 39 on node -1
[    1.773983]   alloc kstat_irqs on node -1
[    1.774027] pcieport 0000:00:16.7: irq 39 for MSI/MSI-X
[    1.774072] pcieport 0000:00:16.7: setting latency timer to 64
[    1.774116]   alloc irq_desc for 40 on node -1
[    1.774119]   alloc kstat_irqs on node -1
[    1.774163] pcieport 0000:00:17.0: irq 40 for MSI/MSI-X
[    1.774208] pcieport 0000:00:17.0: setting latency timer to 64
[    1.774252]   alloc irq_desc for 41 on node -1
[    1.774254]   alloc kstat_irqs on node -1
[    1.774299] pcieport 0000:00:17.1: irq 41 for MSI/MSI-X
[    1.774343] pcieport 0000:00:17.1: setting latency timer to 64
[    1.774388]   alloc irq_desc for 42 on node -1
[    1.774389]   alloc kstat_irqs on node -1
[    1.774434] pcieport 0000:00:17.2: irq 42 for MSI/MSI-X
[    1.774478] pcieport 0000:00:17.2: setting latency timer to 64
[    1.774523]   alloc irq_desc for 43 on node -1
[    1.774525]   alloc kstat_irqs on node -1
[    1.774569] pcieport 0000:00:17.3: irq 43 for MSI/MSI-X
[    1.774614] pcieport 0000:00:17.3: setting latency timer to 64
[    1.774658]   alloc irq_desc for 44 on node -1
[    1.774661]   alloc kstat_irqs on node -1
[    1.774705] pcieport 0000:00:17.4: irq 44 for MSI/MSI-X
[    1.774750] pcieport 0000:00:17.4: setting latency timer to 64
[    1.774794]   alloc irq_desc for 45 on node -1
[    1.774797]   alloc kstat_irqs on node -1
[    1.774841] pcieport 0000:00:17.5: irq 45 for MSI/MSI-X
[    1.774886] pcieport 0000:00:17.5: setting latency timer to 64
[    1.774930]   alloc irq_desc for 46 on node -1
[    1.774932]   alloc kstat_irqs on node -1
[    1.774977] pcieport 0000:00:17.6: irq 46 for MSI/MSI-X
[    1.775021] pcieport 0000:00:17.6: setting latency timer to 64
[    1.775066]   alloc irq_desc for 47 on node -1
[    1.775067]   alloc kstat_irqs on node -1
[    1.775112] pcieport 0000:00:17.7: irq 47 for MSI/MSI-X
[    1.775156] pcieport 0000:00:17.7: setting latency timer to 64
[    1.775201]   alloc irq_desc for 48 on node -1
[    1.775204]   alloc kstat_irqs on node -1
[    1.775249] pcieport 0000:00:18.0: irq 48 for MSI/MSI-X
[    1.775293] pcieport 0000:00:18.0: setting latency timer to 64
[    1.775338]   alloc irq_desc for 49 on node -1
[    1.775340]   alloc kstat_irqs on node -1
[    1.775384] pcieport 0000:00:18.1: irq 49 for MSI/MSI-X
[    1.775428] pcieport 0000:00:18.1: setting latency timer to 64
[    1.775473]   alloc irq_desc for 50 on node -1
[    1.775475]   alloc kstat_irqs on node -1
[    1.775519] pcieport 0000:00:18.2: irq 50 for MSI/MSI-X
[    1.775564] pcieport 0000:00:18.2: setting latency timer to 64
[    1.775608]   alloc irq_desc for 51 on node -1
[    1.775610]   alloc kstat_irqs on node -1
[    1.775654] pcieport 0000:00:18.3: irq 51 for MSI/MSI-X
[    1.775699] pcieport 0000:00:18.3: setting latency timer to 64
[    1.775743]   alloc irq_desc for 52 on node -1
[    1.775747]   alloc kstat_irqs on node -1
[    1.775791] pcieport 0000:00:18.4: irq 52 for MSI/MSI-X
[    1.775836] pcieport 0000:00:18.4: setting latency timer to 64
[    1.775880]   alloc irq_desc for 53 on node -1
[    1.775882]   alloc kstat_irqs on node -1
[    1.775926] pcieport 0000:00:18.5: irq 53 for MSI/MSI-X
[    1.775971] pcieport 0000:00:18.5: setting latency timer to 64
[    1.776015]   alloc irq_desc for 54 on node -1
[    1.776017]   alloc kstat_irqs on node -1
[    1.776062] pcieport 0000:00:18.6: irq 54 for MSI/MSI-X
[    1.776106] pcieport 0000:00:18.6: setting latency timer to 64
[    1.776151]   alloc irq_desc for 55 on node -1
[    1.776153]   alloc kstat_irqs on node -1
[    1.776197] pcieport 0000:00:18.7: irq 55 for MSI/MSI-X
[    1.776242] pcieport 0000:00:18.7: setting latency timer to 64
[    1.776286] pci_hotplug: PCI Hot Plug PCI Core version: 0.5
[    1.777613] pciehp 0000:00:15.0:pcie04: HPC vendor_id 15ad device_id 7a0 ss_vid 0 ss_did 0
[    1.777663] pciehp 0000:00:15.0:pcie04: service driver pciehp loaded
[    1.777712] pciehp 0000:00:15.1:pcie04: HPC vendor_id 15ad device_id 7a0 ss_vid 0 ss_did 0
[    1.777762] pciehp 0000:00:15.1:pcie04: service driver pciehp loaded
[    1.777811] pciehp 0000:00:15.2:pcie04: HPC vendor_id 15ad device_id 7a0 ss_vid 0 ss_did 0
[    1.777861] pciehp 0000:00:15.2:pcie04: service driver pciehp loaded
[    1.777910] pciehp 0000:00:15.3:pcie04: HPC vendor_id 15ad device_id 7a0 ss_vid 0 ss_did 0
[    1.777960] pciehp 0000:00:15.3:pcie04: service driver pciehp loaded
[    1.778009] pciehp 0000:00:15.4:pcie04: HPC vendor_id 15ad device_id 7a0 ss_vid 0 ss_did 0
[    1.778059] pciehp 0000:00:15.4:pcie04: service driver pciehp loaded
[    1.778108] pciehp 0000:00:15.5:pcie04: HPC vendor_id 15ad device_id 7a0 ss_vid 0 ss_did 0
[    1.778158] pciehp 0000:00:15.5:pcie04: service driver pciehp loaded
[    1.778208] pciehp 0000:00:15.6:pcie04: HPC vendor_id 15ad device_id 7a0 ss_vid 0 ss_did 0
[    1.778257] pciehp 0000:00:15.6:pcie04: service driver pciehp loaded
[    1.778307] pciehp 0000:00:15.7:pcie04: HPC vendor_id 15ad device_id 7a0 ss_vid 0 ss_did 0
[    1.778356] pciehp 0000:00:15.7:pcie04: service driver pciehp loaded
[    1.778406] pciehp 0000:00:16.0:pcie04: HPC vendor_id 15ad device_id 7a0 ss_vid 0 ss_did 0
[    1.778455] pciehp 0000:00:16.0:pcie04: service driver pciehp loaded
[    1.778505] pciehp 0000:00:16.1:pcie04: HPC vendor_id 15ad device_id 7a0 ss_vid 0 ss_did 0
[    1.778554] pciehp 0000:00:16.1:pcie04: service driver pciehp loaded
[    1.778604] pciehp 0000:00:16.2:pcie04: HPC vendor_id 15ad device_id 7a0 ss_vid 0 ss_did 0
[    1.778653] pciehp 0000:00:16.2:pcie04: service driver pciehp loaded
[    1.778703] pciehp 0000:00:16.3:pcie04: HPC vendor_id 15ad device_id 7a0 ss_vid 0 ss_did 0
[    1.778752] pciehp 0000:00:16.3:pcie04: service driver pciehp loaded
[    1.778802] pciehp 0000:00:16.4:pcie04: HPC vendor_id 15ad device_id 7a0 ss_vid 0 ss_did 0
[    1.778851] pciehp 0000:00:16.4:pcie04: service driver pciehp loaded
[    1.778901] pciehp 0000:00:16.5:pcie04: HPC vendor_id 15ad device_id 7a0 ss_vid 0 ss_did 0
[    1.778951] pciehp 0000:00:16.5:pcie04: service driver pciehp loaded
[    1.779000] pciehp 0000:00:16.6:pcie04: HPC vendor_id 15ad device_id 7a0 ss_vid 0 ss_did 0
[    1.779050] pciehp 0000:00:16.6:pcie04: service driver pciehp loaded
[    1.779099] pciehp 0000:00:16.7:pcie04: HPC vendor_id 15ad device_id 7a0 ss_vid 0 ss_did 0
[    1.779149] pciehp 0000:00:16.7:pcie04: service driver pciehp loaded
[    1.779198] pciehp 0000:00:17.0:pcie04: HPC vendor_id 15ad device_id 7a0 ss_vid 0 ss_did 0
[    1.779248] pciehp 0000:00:17.0:pcie04: service driver pciehp loaded
[    1.779297] pciehp 0000:00:17.1:pcie04: HPC vendor_id 15ad device_id 7a0 ss_vid 0 ss_did 0
[    1.779347] pciehp 0000:00:17.1:pcie04: service driver pciehp loaded
[    1.779396] pciehp 0000:00:17.2:pcie04: HPC vendor_id 15ad device_id 7a0 ss_vid 0 ss_did 0
[    1.779446] pciehp 0000:00:17.2:pcie04: service driver pciehp loaded
[    1.779495] pciehp 0000:00:17.3:pcie04: HPC vendor_id 15ad device_id 7a0 ss_vid 0 ss_did 0
[    1.779545] pciehp 0000:00:17.3:pcie04: service driver pciehp loaded
[    1.779594] pciehp 0000:00:17.4:pcie04: HPC vendor_id 15ad device_id 7a0 ss_vid 0 ss_did 0
[    1.779644] pciehp 0000:00:17.4:pcie04: service driver pciehp loaded
[    1.779693] pciehp 0000:00:17.5:pcie04: HPC vendor_id 15ad device_id 7a0 ss_vid 0 ss_did 0
[    1.779743] pciehp 0000:00:17.5:pcie04: service driver pciehp loaded
[    1.779793] pciehp 0000:00:17.6:pcie04: HPC vendor_id 15ad device_id 7a0 ss_vid 0 ss_did 0
[    1.779842] pciehp 0000:00:17.6:pcie04: service driver pciehp loaded
[    1.779892] pciehp 0000:00:17.7:pcie04: HPC vendor_id 15ad device_id 7a0 ss_vid 0 ss_did 0
[    1.779941] pciehp 0000:00:17.7:pcie04: service driver pciehp loaded
[    1.779991] pciehp 0000:00:18.0:pcie04: HPC vendor_id 15ad device_id 7a0 ss_vid 0 ss_did 0
[    1.780040] pciehp 0000:00:18.0:pcie04: service driver pciehp loaded
[    1.780090] pciehp 0000:00:18.1:pcie04: HPC vendor_id 15ad device_id 7a0 ss_vid 0 ss_did 0
[    1.780139] pciehp 0000:00:18.1:pcie04: service driver pciehp loaded
[    1.780189] pciehp 0000:00:18.2:pcie04: HPC vendor_id 15ad device_id 7a0 ss_vid 0 ss_did 0
[    1.780238] pciehp 0000:00:18.2:pcie04: service driver pciehp loaded
[    1.780288] pciehp 0000:00:18.3:pcie04: HPC vendor_id 15ad device_id 7a0 ss_vid 0 ss_did 0
[    1.780337] pciehp 0000:00:18.3:pcie04: service driver pciehp loaded
[    1.780387] pciehp 0000:00:18.4:pcie04: HPC vendor_id 15ad device_id 7a0 ss_vid 0 ss_did 0
[    1.780436] pciehp 0000:00:18.4:pcie04: service driver pciehp loaded
[    1.780486] pciehp 0000:00:18.5:pcie04: HPC vendor_id 15ad device_id 7a0 ss_vid 0 ss_did 0
[    1.780535] pciehp 0000:00:18.5:pcie04: service driver pciehp loaded
[    1.780585] pciehp 0000:00:18.6:pcie04: HPC vendor_id 15ad device_id 7a0 ss_vid 0 ss_did 0
[    1.780635] pciehp 0000:00:18.6:pcie04: service driver pciehp loaded
[    1.780684] pciehp 0000:00:18.7:pcie04: HPC vendor_id 15ad device_id 7a0 ss_vid 0 ss_did 0
[    1.780734] pciehp 0000:00:18.7:pcie04: service driver pciehp loaded
[    1.780745] pciehp: PCI Express Hot Plug Controller Driver version: 0.4
[    1.780832] ACPI: AC Adapter [ACAD] (on-line)
[    1.780905] input: Power Button as /devices/LNXSYSTM:00/LNXPWRBN:00/input/input0
[    1.780908] ACPI: Power Button [PWRF]
[    1.780957] processor LNXCPU:00: registered as cooling_device0
[    1.829479] isapnp: Scanning for PnP cards...
[    2.183503] isapnp: No Plug & Play device found
[    2.183533] random 0000 0000 0000 5f8db4e5 4cfdf2a8: initializing
[    2.183654] Linux agpgart interface v0.103
[    2.183694] agpgart-intel 0000:00:00.0: Intel 440BX Chipset
[    2.183744] agpgart-intel 0000:00:00.0: AGP aperture is 256M @ 0x0
[    2.183774] Serial: 8250/16550 driver, 32 ports, IRQ sharing enabled
[    2.183824] serial8250: ttyS0 at I/O 0x3f8 (irq = 4) is a 16550A
[    2.183873] serial8250: ttyS1 at I/O 0x2f8 (irq = 3) is a 16550A
[    2.183923] 00:0a: ttyS0 at I/O 0x3f8 (irq = 4) is a 16550A
[    2.183972] 00:0b: ttyS1 at I/O 0x2f8 (irq = 3) is a 16550A
[    2.184022] brd: module loaded
[    2.184071] loop: module loaded
[    2.184121] ata_piix 0000:00:07.1: version 2.13
[    2.184200] scsi0 : ata_piix
[    2.184247] scsi1 : ata_piix
[    2.184266] ata1: PATA max UDMA/33 cmd 0x1f0 ctl 0x3f6 bmdma 0x10c0 irq 14
[    2.184268] ata2: PATA max UDMA/33 cmd 0x170 ctl 0x376 bmdma 0x10c8 irq 15
[    2.184315] PPP generic driver version 2.4.2
[    2.184335] tun: Universal TUN/TAP device driver, 1.6
[    2.184336] tun: (C) 1999-2004 Max Krasnyansky <maxk@qualcomm.com>
[    2.184386] ehci_hcd: USB 2.0 'Enhanced' Host Controller (EHCI) Driver
[    2.184435] ACPI: PCI Interrupt Link [LNKB] enabled at IRQ 11
[    2.184438] PCI: setting IRQ 11 as level-triggered
[    2.184445] ehci_hcd 0000:02:03.0: PCI INT A -> Link[LNKB] -> GSI 11 (level, low) -> IRQ 11
[    2.184482] ehci_hcd 0000:02:03.0: EHCI Host Controller
[    2.184503] ehci_hcd 0000:02:03.0: new USB bus registered, assigned bus number 1
[    2.184553] ehci_hcd 0000:02:03.0: cache line size of 32 is not supported
[    2.184559] ehci_hcd 0000:02:03.0: irq 11, io mem 0xc9000000
[    2.184951] random 0000 0000 0000 00000000 00000000: rand_read_num 3 get_random_bytes(8): sig 00000000 00000000 00000000
[    2.184954] random 0000 0000 0000 00000000 00000000: extract_entropy(.. 8 ..)
[    2.184957] random 0000 0000 0000 00000000 00000000: going to reseed nonblocking with 64 bits (64 of 0 requested)
[    2.184959] random 0000 0000 0000 00000000 00000000: extract_entropy(.. 8 ..)
[    2.184961] random 0000 0000 0000 00000000 00000000: trying to extract 64 bits from input
[    2.184963] random 0000 0000 0000 00000000 00000000: debiting 0 entropy credits from input
[    2.184966] random 0000 0000 0000 00000000 00000000: extract_entropy account returned: 0 
[    2.184969] random 0000 0000 0000 00000000 00000000: urand_change_num 5 xfer_secondary_pool(8): pool_sig 00000000, data_sig 00000000, bytes_mixed 0 00000000 00000000
[    2.184972] random 0000 0000 0000 00000000 00000000: trying to extract 64 bits from nonblocking
[    2.184974] random 0000 0000 0000 00000000 00000000: debiting 64 entropy credits from nonblocking (unlimited)
[    2.184976] random 0000 0000 0000 00000000 00000000: extract_entropy account returned: 8 
[    2.184980] random 0000 0000 0000 00000000 00000000: urand_change_num 6 extract_buf: pool_sig 00000000, data_sig fffffff9, bytes_mixed 20 00000000 00000000
[    2.192895] ehci_hcd 0000:02:03.0: USB 2.0 started, EHCI 1.00
[    2.192944] usb usb1: configuration #1 chosen from 1 choice
[    2.192965] hub 1-0:1.0: USB hub found
[    2.192971] hub 1-0:1.0: 6 ports detected
[    2.193011] ohci_hcd: USB 1.1 'Open' Host Controller (OHCI) Driver
[    2.193025] uhci_hcd: USB Universal Host Controller Interface driver
[    2.193075] ACPI: PCI Interrupt Link [LNKC] enabled at IRQ 10
[    2.193078] PCI: setting IRQ 10 as level-triggered
[    2.193082] uhci_hcd 0000:02:00.0: PCI INT A -> Link[LNKC] -> GSI 10 (level, low) -> IRQ 10
[    2.193119] uhci_hcd 0000:02:00.0: UHCI Host Controller
[    2.193153] uhci_hcd 0000:02:00.0: new USB bus registered, assigned bus number 2
[    2.193257] uhci_hcd 0000:02:00.0: irq 10, io base 0x000020c0
[    2.193307] usb usb2: configuration #1 chosen from 1 choice
[    2.193325] hub 2-0:1.0: USB hub found
[    2.193329] hub 2-0:1.0: 2 ports detected
[    2.193379] usbcore: registered new interface driver libusual
[    2.193409] PNP: PS/2 Controller [PNP0303:KBC,PNP0f13:MOUS] at 0x60,0x64 irq 1,12
[    2.193733] serio: i8042 KBD port at 0x60,0x64 irq 1
[    2.193742] serio: i8042 AUX port at 0x60,0x64 irq 12
[    2.193781] mice: PS/2 mouse device common for all mice
[    2.193830] rtc_cmos 00:04: rtc core: registered rtc_cmos as rtc0
[    2.193887] rtc0: alarms up to one month, y3k, 114 bytes nvram, hpet irqs
[    2.193937] device-mapper: uevent: version 1.0.3
[    2.194074] device-mapper: ioctl: 4.15.0-ioctl (2009-04-01) initialised: dm-devel@redhat.com
[    2.194101] EISA: Probing bus 0 at eisa.0
[    2.194111] Cannot allocate resource for EISA slot 1
[    2.194115] Cannot allocate resource for EISA slot 2
[    2.194117] Cannot allocate resource for EISA slot 3
[    2.194120] Cannot allocate resource for EISA slot 4
[    2.194123] Cannot allocate resource for EISA slot 5
[    2.194125] Cannot allocate resource for EISA slot 6
[    2.194128] Cannot allocate resource for EISA slot 7
[    2.194131] Cannot allocate resource for EISA slot 8
[    2.194133] EISA: Detected 0 cards.
[    2.194192] cpuidle: using governor ladder
[    2.194194] cpuidle: using governor menu
[    2.194243] random 0000 0000 0000 00000000 00000000: rand_read_num 4 get_random_bytes(136): sig 0000021d 00000000 00000000
[    2.194269] random 0000 0000 0000 00000000 00000000: extract_entropy(.. 136 ..)
[    2.194272] random 0000 0000 0000 00000000 00000000: going to reseed nonblocking with 1024 bits (1088 of 0 requested)
[    2.194274] random 0000 0000 0000 00000000 00000000: extract_entropy(.. 128 ..)
[    2.194276] random 0000 0000 0000 00000000 00000000: trying to extract 1024 bits from input
[    2.194278] random 0000 0000 0000 00000000 00000000: debiting 0 entropy credits from input
[    2.194281] random 0000 0000 0000 00000000 00000000: extract_entropy account returned: 0 
[    2.194284] random 0000 0000 0000 00000000 00000000: urand_change_num 7 xfer_secondary_pool(136): pool_sig 0000021d, data_sig 00000000, bytes_mixed 0 00000000 00000000
[    2.194287] random 0000 0000 0000 00000000 00000000: trying to extract 1088 bits from nonblocking
[    2.194289] random 0000 0000 0000 00000000 00000000: debiting 1088 entropy credits from nonblocking (unlimited)
[    2.194291] random 0000 0000 0000 00000000 00000000: extract_entropy account returned: 136 
[    2.194295] random 0000 0000 0000 00000000 00000000: urand_change_num 8 extract_buf: pool_sig 0000021d, data_sig fffffff7, bytes_mixed 20 00000000 00000000
[    2.194300] random 0000 0000 0000 f961ee50 ba9cb1aa: urand_change_num 9 extract_buf: pool_sig 00000230, data_sig fffffeb4, bytes_mixed 20 f961ee50 ba9cb1aa
[    2.194305] random 0000 0000 0000 9748bdd6 56fb8af6: urand_change_num 10 extract_buf: pool_sig 00000373, data_sig 000000cf, bytes_mixed 20 9748bdd6 56fb8af6
[    2.194309] random 0000 0000 0000 9748bdd6 56fb8af6: urand_change_num 11 extract_buf: pool_sig fffffe49, data_sig 0000023f, bytes_mixed 20 9748bdd6 56fb8af6
[    2.194314] random 0000 0000 0000 a135be86 4777650e: urand_change_num 12 extract_buf: pool_sig fffffcce, data_sig 000000c6, bytes_mixed 20 a135be86 4777650e
[    2.194318] random 0000 0000 0000 4a6ea85d 170e00dd: urand_change_num 13 extract_buf: pool_sig ffffff97, data_sig ffffff7d, bytes_mixed 20 4a6ea85d 170e00dd
[    2.194322] random 0000 0000 0000 4a6ea85d 170e00dd: urand_change_num 14 extract_buf: pool_sig 00000160, data_sig fffffeea, bytes_mixed 20 4a6ea85d 170e00dd
[    2.194327] random 0000 0000 0000 6e87c3cb da668c73: urand_change_num 15 extract_buf: pool_sig 0000034f, data_sig ffffff54, bytes_mixed 20 6e87c3cb da668c73
[    2.194331] random 0000 0000 0000 6e87c3cb da668c73: urand_change_num 16 extract_buf: pool_sig fffffdc5, data_sig 00000205, bytes_mixed 20 6e87c3cb da668c73
[    2.194336] random 0000 0000 0000 39f531e6 461eb249: urand_change_num 17 extract_buf: pool_sig fffffc1d, data_sig ffffff5e, bytes_mixed 20 39f531e6 461eb249
[    2.194340] random 0000 0000 0000 7e1538a2 3e661182: urand_change_num 18 extract_buf: pool_sig 000006ef, data_sig ffffff2e, bytes_mixed 20 7e1538a2 3e661182
[    2.194345] random 0000 0000 0000 7e1538a2 3e661182: urand_change_num 19 extract_buf: pool_sig 00000317, data_sig fffffccb, bytes_mixed 20 7e1538a2 3e661182
[    2.194349] random 0000 0000 0000 76af506b 9b57305e: urand_change_num 20 extract_buf: pool_sig 00000227, data_sig ffffffd2, bytes_mixed 20 76af506b 9b57305e
[    2.194354] random 0000 0000 0000 37d49d89 e20417cc: urand_change_num 21 extract_buf: pool_sig 0000080b, data_sig 000001e9, bytes_mixed 20 37d49d89 e20417cc
[    2.194358] TCP cubic registered
[    2.194407] NET: Registered protocol family 10
[    2.194443] RANDOM - __random32 called. Change num 12.  Value: b0a9fbe7	b7a35a2b	c9ef2c48
[    2.194446] RANDOM - random32 called.  Value: b0a9fbe7	b7a35a2b	c9ef2c48
[    2.194455] random 0000 0000 0000 37d49d89 e20417cc: rand_read_num 5 get_random_bytes(4): sig 00000298 37d49d89 e20417cc
[    2.194457] random 0000 0000 0000 37d49d89 e20417cc: extract_entropy(.. 4 ..)
[    2.194459] random 0000 0000 0000 37d49d89 e20417cc: going to reseed nonblocking with 64 bits (32 of 0 requested)
[    2.194462] random 0000 0000 0000 37d49d89 e20417cc: extract_entropy(.. 8 ..)
[    2.194464] random 0000 0000 0000 37d49d89 e20417cc: trying to extract 64 bits from input
[    2.194466] random 0000 0000 0000 37d49d89 e20417cc: debiting 0 entropy credits from input
[    2.194468] random 0000 0000 0000 37d49d89 e20417cc: extract_entropy account returned: 0 
[    2.194471] random 0000 0000 0000 37d49d89 e20417cc: urand_change_num 22 xfer_secondary_pool(4): pool_sig 00000298, data_sig 00000000, bytes_mixed 0 37d49d89 e20417cc
[    2.194474] random 0000 0000 0000 37d49d89 e20417cc: trying to extract 32 bits from nonblocking
[    2.194476] random 0000 0000 0000 37d49d89 e20417cc: debiting 32 entropy credits from nonblocking (unlimited)
[    2.194479] random 0000 0000 0000 37d49d89 e20417cc: extract_entropy account returned: 4 
[    2.194482] random 0000 0000 0000 37d49d89 e20417cc: urand_change_num 23 extract_buf: pool_sig 00000298, data_sig 00000092, bytes_mixed 20 37d49d89 e20417cc
[    2.194532] RANDOM - __random32 called. Change num 13.  Value: 9fbe71fa	7a35a2b4	5890d2c9
[    2.194534] RANDOM - random32 called.  Value: 9fbe71fa	7a35a2b4	5890d2c9
[    2.194583] NET: Registered protocol family 17
[    2.194608] Using IPI No-Shortcut mode
[    2.194614] random 0000 0000 0000 2ee4c4fc 167bdb15: rand_read_num 6 get_random_bytes(8): sig fffffcbf 2ee4c4fc 167bdb15
[    2.194616] random 0000 0000 0000 2ee4c4fc 167bdb15: extract_entropy(.. 8 ..)
[    2.194618] random 0000 0000 0000 2ee4c4fc 167bdb15: going to reseed nonblocking with 64 bits (64 of 0 requested)
[    2.194620] random 0000 0000 0000 2ee4c4fc 167bdb15: extract_entropy(.. 8 ..)
[    2.194623] random 0000 0000 0000 2ee4c4fc 167bdb15: trying to extract 64 bits from input
[    2.194625] random 0000 0000 0000 2ee4c4fc 167bdb15: debiting 0 entropy credits from input
[    2.194627] random 0000 0000 0000 2ee4c4fc 167bdb15: extract_entropy account returned: 0 
[    2.194630] random 0000 0000 0000 2ee4c4fc 167bdb15: urand_change_num 24 xfer_secondary_pool(8): pool_sig fffffcbf, data_sig 00000000, bytes_mixed 0 2ee4c4fc 167bdb15
[    2.194633] random 0000 0000 0000 2ee4c4fc 167bdb15: trying to extract 64 bits from nonblocking
[    2.194635] random 0000 0000 0000 2ee4c4fc 167bdb15: debiting 64 entropy credits from nonblocking (unlimited)
[    2.194637] random 0000 0000 0000 2ee4c4fc 167bdb15: extract_entropy account returned: 8 
[    2.194641] random 0000 0000 0000 2ee4c4fc 167bdb15: urand_change_num 25 extract_buf: pool_sig fffffcbf, data_sig ffffff83, bytes_mixed 20 2ee4c4fc 167bdb15
[    2.194682] PM: Resume from disk failed.
[    2.194690] registered taskstats version 1
[    2.194693] random 0000 0000 0000 2ee4c4fc 167bdb15: rand_read_num 7 get_random_bytes(12): sig fffffc69 2ee4c4fc 167bdb15
[    2.194695] random 0000 0000 0000 2ee4c4fc 167bdb15: extract_entropy(.. 12 ..)
[    2.194697] random 0000 0000 0000 2ee4c4fc 167bdb15: going to reseed nonblocking with 96 bits (96 of 0 requested)
[    2.194700] random 0000 0000 0000 2ee4c4fc 167bdb15: extract_entropy(.. 12 ..)
[    2.194702] random 0000 0000 0000 2ee4c4fc 167bdb15: trying to extract 96 bits from input
[    2.194704] random 0000 0000 0000 2ee4c4fc 167bdb15: debiting 0 entropy credits from input
[    2.194706] random 0000 0000 0000 2ee4c4fc 167bdb15: extract_entropy account returned: 0 
[    2.194709] random 0000 0000 0000 2ee4c4fc 167bdb15: urand_change_num 26 xfer_secondary_pool(12): pool_sig fffffc69, data_sig 00000000, bytes_mixed 0 2ee4c4fc 167bdb15
[    2.194712] random 0000 0000 0000 2ee4c4fc 167bdb15: trying to extract 96 bits from nonblocking
[    2.194714] random 0000 0000 0000 2ee4c4fc 167bdb15: debiting 96 entropy credits from nonblocking (unlimited)
[    2.194716] random 0000 0000 0000 2ee4c4fc 167bdb15: extract_entropy account returned: 12 
[    2.194720] random 0000 0000 0000 2ee4c4fc 167bdb15: urand_change_num 27 extract_buf: pool_sig fffffc69, data_sig ffffff7d, bytes_mixed 20 2ee4c4fc 167bdb15
[    2.194724] random 0000 0000 0000 83b7c1ab 94697f48: urand_change_num 28 extract_buf: pool_sig fffffe30, data_sig fffffdd6, bytes_mixed 20 83b7c1ab 94697f48
[    2.194727] RANDOM - __seed init called.
[    2.194728] RANDOM - __seed init called.
[    2.194730] RANDOM - __seed init called.
[    2.194731] RANDOM - __random32 called. Change num 14.  Value: fc007995	feca4f80	21b38ad2
[    2.194733] RANDOM - random32_reseed called.  Value: fc007995	feca4f80	21b38ad2
[    2.194736] Pid: 1, comm: swapper Not tainted 2.6.32.57 #4
[    2.194738] Call Trace:
[    2.194744]  [<c14a8a0e>] ? printk+0x1d/0x1f
[    2.194749]  [<c17537e5>] random32_reseed+0x89/0xbd
[    2.194753]  [<c1003042>] do_one_initcall+0x32/0x1a0
[    2.194755]  [<c175375c>] ? random32_reseed+0x0/0xbd
[    2.194759]  [<c17308e7>] kernel_init+0x12d/0x17a
[    2.194761]  [<c17307ba>] ? kernel_init+0x0/0x17a
[    2.194764]  [<c1009b07>] kernel_thread_helper+0x7/0x10
[    2.197452] input: AT Translated Set 2 keyboard as /devices/platform/i8042/serio0/input/input1
[    2.197721] random 0000 0000 0000 6db70b00 b30ce96b: rand_read_num 8 get_random_bytes(64): sig fffffb38 6db70b00 b30ce96b
[    2.197725] random 0000 0000 0000 6db70b00 b30ce96b: extract_entropy(.. 64 ..)
[    2.197728] random 0000 0000 0000 6db70b00 b30ce96b: going to reseed nonblocking with 512 bits (512 of 0 requested)
[    2.197731] random 0000 0000 0000 6db70b00 b30ce96b: extract_entropy(.. 64 ..)
[    2.197733] random 0000 0000 0000 6db70b00 b30ce96b: trying to extract 512 bits from input
[    2.197736] random 0000 0000 0000 6db70b00 b30ce96b: debiting 0 entropy credits from input
[    2.197738] random 0000 0000 0000 6db70b00 b30ce96b: extract_entropy account returned: 0 
[    2.197741] random 0000 0000 0000 6db70b00 b30ce96b: urand_change_num 29 xfer_secondary_pool(64): pool_sig fffffb38, data_sig 00000000, bytes_mixed 0 6db70b00 b30ce96b
[    2.197744] random 0000 0000 0000 6db70b00 b30ce96b: trying to extract 512 bits from nonblocking
[    2.197747] random 0000 0000 0000 6db70b00 b30ce96b: debiting 512 entropy credits from nonblocking (unlimited)
[    2.197749] random 0000 0000 0000 6db70b00 b30ce96b: extract_entropy account returned: 64 
[    2.197753] random 0000 0000 0000 6db70b00 b30ce96b: urand_change_num 30 extract_buf: pool_sig fffffb38, data_sig 00000151, bytes_mixed 20 6db70b00 b30ce96b
[    2.197757] random 0000 0000 0000 6db70b00 b30ce96b: urand_change_num 31 extract_buf: pool_sig fffffdb8, data_sig 00000379, bytes_mixed 20 6db70b00 b30ce96b
[    2.197762] random 0000 0000 0000 6b83001e d4b6c0d3: urand_change_num 32 extract_buf: pool_sig ffffffc9, data_sig 00000198, bytes_mixed 20 6b83001e d4b6c0d3
[    2.197766] random 0000 0000 0000 79d3e3c7 be564518: urand_change_num 33 extract_buf: pool_sig 000002b9, data_sig ffffff84, bytes_mixed 20 79d3e3c7 be564518
[    2.197771] random 0000 0000 0000 79d3e3c7 be564518: urand_change_num 34 extract_buf: pool_sig ffffff55, data_sig ffffff5a, bytes_mixed 20 79d3e3c7 be564518
[    2.197775] random 0000 0000 0000 89c03cb2 0d353228: urand_change_num 35 extract_buf: pool_sig 00000007, data_sig ffffff17, bytes_mixed 20 89c03cb2 0d353228
[    2.197780] random 0000 0000 0000 89c03cb2 0d353228: urand_change_num 36 extract_buf: pool_sig fffffdae, data_sig 000000db, bytes_mixed 20 89c03cb2 0d353228  Magic number: 13:896:557
[    2.197887] rtc_cmos 00:04: setting system clock to 2013-05-25 00:34:11 UTC (1369442051)
[    2.197890] BIOS EDD facility v0.16 2004-Jun-25, 0 devices found
[    2.197891] EDD information not available.
[    2.197920] random 0000 0000 0000 8ca62387 b120332c: rand_read_num 9 get_random_bytes(64): sig fffffed6 8ca62387 b120332c
[    2.197922] random 0000 0000 0000 8ca62387 b120332c: extract_entropy(.. 64 ..)
[    2.197924] random 0000 0000 0000 8ca62387 b120332c: going to reseed nonblocking with 512 bits (512 of 0 requested)
[    2.197927] random 0000 0000 0000 8ca62387 b120332c: extract_entropy(.. 64 ..)
[    2.197929] random 0000 0000 0000 8ca62387 b120332c: trying to extract 512 bits from input
[    2.197931] random 0000 0000 0000 8ca62387 b120332c: debiting 0 entropy credits from input
[    2.197933] random 0000 0000 0000 8ca62387 b120332c: extract_entropy account returned: 0 
[    2.197936] random 0000 0000 0000 8ca62387 b120332c: urand_change_num 37 xfer_secondary_pool(64): pool_sig fffffed6, data_sig 00000000, bytes_mixed 0 8ca62387 b120332c
[    2.197939] random 0000 0000 0000 8ca62387 b120332c: trying to extract 512 bits from nonblocking
[    2.197941] random 0000 0000 0000 8ca62387 b120332c: debiting 512 entropy credits from nonblocking (unlimited)
[    2.197944] random 0000 0000 0000 8ca62387 b120332c: extract_entropy account returned: 64 
[    2.197947] random 0000 0000 0000 8ca62387 b120332c: urand_change_num 38 extract_buf: pool_sig fffffed6, data_sig fffffeb6, bytes_mixed 20 8ca62387 b120332c
[    2.197952] random 0000 0000 0000 90702413 e2a66c2e: urand_change_num 39 extract_buf: pool_sig fffffbb0, data_sig 0000012e, bytes_mixed 20 90702413 e2a66c2e
[    2.197959] random 0000 0000 0000 90702413 e2a66c2e: urand_change_num 40 extract_buf: pool_sig fffffaf1, data_sig ffffff3c, bytes_mixed 20 90702413 e2a66c2e
[    2.197965] random 0000 0000 0000 3f58038b c77aecb6: urand_change_num 41 extract_buf: pool_sig 00000234, data_sig fffffdec, bytes_mixed 20 3f58038b c77aecb6
[    2.197970] random 0000 0000 0000 47187b9d 03f21510: urand_change_num 42 extract_buf: pool_sig 00000192, data_sig 00000075, bytes_mixed 20 47187b9d 03f21510
[    2.197975] random 0000 0000 0000 47187b9d 03f21510: urand_change_num 43 extract_buf: pool_sig 0000018e, data_sig ffffffbf, bytes_mixed 20 47187b9d 03f21510
[    2.197979] random 0000 0000 0000 3180b1fc 0fa9c973: urand_change_num 44 extract_buf: pool_sig fffffecf, data_sig ffffff2a, bytes_mixed 20 3180b1fc 0fa9c973
[    2.197982] BEGIN NET_SECRET:
[    2.197983] \xffffff87
[    2.197985] \xffffff8d
[    2.197986] \xfffffff4
[    2.197987] \xffffffae
[    2.197988] \xffffffc3
[    2.197989] \xffffffb7
[    2.197990] \x31
[    2.197992] \x65
[    2.197993] \xffffffda
[    2.197994] \xffffffa2
[    2.197995] \x31
[    2.197996] \xffffffc8
[    2.197997] \xffffffa9
[    2.197998] \x76
[    2.198000] \x76
[    2.198001] \xffffff90
[    2.198003] \x55
[    2.198004] \xfffffff3
[    2.198006] \xffffffb1
[    2.198007] \x3
[    2.198009] \xffffffb3
[    2.198010] \xffffffa7
[    2.198012] \x5a
[    2.198013] \x71
[    2.198014] \x70
[    2.198015] \xffffff8c
[    2.198016] \x56
[    2.198017] \x25
[    2.198018] \xffffffe1
[    2.198020] \x4c
[    2.198021] \xffffffe6
[    2.198022] \xffffff95
[    2.198023] \x67
[    2.198024] \x4c
[    2.198025] \xffffffb9
[    2.198026] \x1d
[    2.198028] \xe
[    2.198029] \x34
[    2.198030] \xffffffbe
[    2.198031] \x12
[    2.198032] \x5
[    2.198033] \xffffff98
[    2.198034] \xffffffa0
[    2.198036] \xf
[    2.198037] \xffffffb2
[    2.198038] \xffffffde
[    2.198039] \xffffff99
[    2.198040] \xf
[    2.198041] \xffffffe8
[    2.198042] \xffffffc8
[    2.198044] \x1f
[    2.198045] \x54
[    2.198046] \x2c
[    2.198047] \xffffffee
[    2.198048] \x2e
[    2.198049] \x0
[    2.198050] \xffffff95
[    2.198052] \x0
[    2.198053] \xffffffe3
[    2.198054] \xffffffa7
[    2.198055] \xfffffffd
[    2.198056] \x66
[    2.198057] \xffffff92
[    2.198059] \xfffffff0
[    2.198060] 
[    2.198061] END NET_SECRET
[    2.198064] random 0000 0000 0000 3180b1fc 0fa9c973: rand_read_num 10 get_random_bytes(4): sig ffffff46 3180b1fc 0fa9c973
[    2.198066] random 0000 0000 0000 3180b1fc 0fa9c973: extract_entropy(.. 4 ..)
[    2.198069] random 0000 0000 0000 3180b1fc 0fa9c973: going to reseed nonblocking with 64 bits (32 of 0 requested)
[    2.198071] random 0000 0000 0000 3180b1fc 0fa9c973: extract_entropy(.. 8 ..)
[    2.198073] random 0000 0000 0000 3180b1fc 0fa9c973: trying to extract 64 bits from input
[    2.198075] random 0000 0000 0000 3180b1fc 0fa9c973: debiting 0 entropy credits from input
[    2.198077] random 0000 0000 0000 3180b1fc 0fa9c973: extract_entropy account returned: 0 
[    2.198080] random 0000 0000 0000 3180b1fc 0fa9c973: urand_change_num 45 xfer_secondary_pool(4): pool_sig ffffff46, data_sig 00000000, bytes_mixed 0 3180b1fc 0fa9c973
[    2.198083] random 0000 0000 0000 3180b1fc 0fa9c973: trying to extract 32 bits from nonblocking
[    2.198085] random 0000 0000 0000 3180b1fc 0fa9c973: debiting 32 entropy credits from nonblocking (unlimited)
[    2.198088] random 0000 0000 0000 3180b1fc 0fa9c973: extract_entropy account returned: 4 
[    2.198091] random 0000 0000 0000 3180b1fc 0fa9c973: urand_change_num 46 extract_buf: pool_sig ffffff46, data_sig 0000001b, bytes_mixed 20 3180b1fc 0fa9c973
[    2.372901] ata2.00: ATAPI: VMware Virtual IDE CDROM Drive, 00000001, max UDMA/33
[    2.373195] ata2.00: configured for UDMA/33
[    2.373568] scsi 1:0:0:0: CD-ROM            NECVMWar VMware IDE CDR10 1.00 PQ: 0 ANSI: 5
[    2.374710] sr0: scsi3-mmc drive: 306x/306x cd/rw xa/form2 cdda tray
[    2.374713] Uniform CD-ROM driver Revision: 3.20
[    2.374763] sr 1:0:0:0: Attached scsi CD-ROM sr0
[    2.374799] sr 1:0:0:0: Attached scsi generic sg0 type 5
[    2.374836] Freeing unused kernel memory: 652k freed
[    2.374885] Write protecting the kernel text: 4840k
[    2.374916] Write protecting the kernel read-only data: 1968k
[    2.375000] random 0000 0000 0000 38974d2b 1d8d6de0: rand_read_num 11 get_random_bytes(16): sig 000001c6 38974d2b 1d8d6de0
