[    0.000000] random 0000 0000 0000 00000000 00000000: rand_read_num 1 get_random_bytes(8): sig 00000000 00000000 00000000
[    0.000000] random 0000 0000 0000 00000000 00000000: extract_entropy(.. 8 ..)
[    0.000000] random 0000 0000 0000 00000000 00000000: going to reseed nonblocking with 64 bits (64 of 0 requested)
[    0.000000] random 0000 0000 0000 00000000 00000000: extract_entropy(.. 8 ..)
[    0.000000] random 0000 0000 0000 00000000 00000000: trying to extract 64 bits from input
[    0.000000] random 0000 0000 0000 00000000 00000000: debiting 0 entropy credits from input
[    0.000000] random 0000 0000 0000 00000000 00000000: extract_entropy account returned: 0 
[    0.000000] random 0000 0000 0000 00000000 00000000: urand_change_num 1 xfer_secondary_pool(8): pool_sig 00000000, data_sig 00000000, bytes_mixed 0 00000000 00000000
[    0.000000] random 0000 0000 0000 00000000 00000000: trying to extract 64 bits from nonblocking
[    0.000000] random 0000 0000 0000 00000000 00000000: debiting 64 entropy credits from nonblocking (unlimited)
[    0.000000] random 0000 0000 0000 00000000 00000000: extract_entropy account returned: 8 
[    0.000000] random 0000 0000 0000 00000000 00000000: urand_change_num 2 extract_buf: pool_sig 00000000, data_sig fffffff9, bytes_mixed 20 00000000 00000000
[    0.000000] Initializing cgroup subsys cpuset
[    0.000000] Initializing cgroup subsys cpu
[    0.000000] Linux version 2.6.32.57 (dcashman@ubuntu) (gcc version 4.6.3 (Ubuntu/Linaro 4.6.3-1ubuntu5) ) #4 SMP Fri May 24 11:09:26 PDT 2013
[    0.000000] KERNEL supported cpus:
[    0.000000]   Intel GenuineIntel
[    0.000000]   AMD AuthenticAMD
[    0.000000]   NSC Geode by NSC
[    0.000000]   Cyrix CyrixInstead
[    0.000000]   Centaur CentaurHauls
[    0.000000]   Transmeta GenuineTMx86
[    0.000000]   Transmeta TransmetaCPU
[    0.000000]   UMC UMC UMC UMC
[    0.000000] BIOS-provided physical RAM map:
[    0.000000]  BIOS-e820: 0000000000000000 - 000000000009f000 (usable)
[    0.000000]  BIOS-e820: 000000000009f000 - 00000000000a0000 (reserved)
[    0.000000]  BIOS-e820: 00000000000ca000 - 00000000000cc000 (reserved)
[    0.000000]  BIOS-e820: 00000000000dc000 - 0000000000100000 (reserved)
[    0.000000]  BIOS-e820: 0000000000100000 - 000000003fee0000 (usable)
[    0.000000]  BIOS-e820: 000000003fee0000 - 000000003feff000 (ACPI data)
[    0.000000]  BIOS-e820: 000000003feff000 - 000000003ff00000 (ACPI NVS)
[    0.000000]  BIOS-e820: 000000003ff00000 - 0000000040000000 (usable)
[    0.000000]  BIOS-e820: 00000000e0000000 - 00000000f0000000 (reserved)
[    0.000000]  BIOS-e820: 00000000fec00000 - 00000000fec10000 (reserved)
[    0.000000]  BIOS-e820: 00000000fee00000 - 00000000fee01000 (reserved)
[    0.000000]  BIOS-e820: 00000000fffe0000 - 0000000100000000 (reserved)
[    0.000000] DMI present.
[    0.000000] Phoenix BIOS detected: BIOS may corrupt low RAM, working around it.
[    0.000000] e820 update range: 0000000000000000 - 0000000000010000 (usable) ==> (reserved)
[    0.000000] last_pfn = 0x40000 max_arch_pfn = 0x1000000
[    0.000000] MTRR default type: uncachable
[    0.000000] MTRR fixed ranges enabled:
[    0.000000]   00000-9FFFF write-back
[    0.000000]   A0000-BFFFF uncachable
[    0.000000]   C0000-CBFFF write-protect
[    0.000000]   CC000-EFFFF uncachable
[    0.000000]   F0000-FFFFF write-protect
[    0.000000] MTRR variable ranges enabled:
[    0.000000]   0 base 0000000000 mask FFC0000000 write-back
[    0.000000]   1 disabled
[    0.000000]   2 disabled
[    0.000000]   3 disabled
[    0.000000]   4 disabled
[    0.000000]   5 disabled
[    0.000000]   6 disabled
[    0.000000]   7 disabled
[    0.000000] x86 PAT enabled: cpu 0, old 0x0, new 0x7010600070106
[    0.000000] Scanning 0 areas for low memory corruption
[    0.000000] modified physical RAM map:
[    0.000000]  modified: 0000000000000000 - 0000000000010000 (reserved)
[    0.000000]  modified: 0000000000010000 - 000000000009f000 (usable)
[    0.000000]  modified: 000000000009f000 - 00000000000a0000 (reserved)
[    0.000000]  modified: 00000000000ca000 - 00000000000cc000 (reserved)
[    0.000000]  modified: 00000000000dc000 - 0000000000100000 (reserved)
[    0.000000]  modified: 0000000000100000 - 000000003fee0000 (usable)
[    0.000000]  modified: 000000003fee0000 - 000000003feff000 (ACPI data)
[    0.000000]  modified: 000000003feff000 - 000000003ff00000 (ACPI NVS)
[    0.000000]  modified: 000000003ff00000 - 0000000040000000 (usable)
[    0.000000]  modified: 00000000e0000000 - 00000000f0000000 (reserved)
[    0.000000]  modified: 00000000fec00000 - 00000000fec10000 (reserved)
[    0.000000]  modified: 00000000fee00000 - 00000000fee01000 (reserved)
[    0.000000]  modified: 00000000fffe0000 - 0000000100000000 (reserved)
[    0.000000] initial memory mapped : 0 - 01e00000
[    0.000000] init_memory_mapping: 0000000000000000-00000000379fe000
[    0.000000] NX (Execute Disable) protection: active
[    0.000000]  0000000000 - 0000200000 page 4k
[    0.000000]  0000200000 - 0037800000 page 2M
[    0.000000]  0037800000 - 00379fe000 page 4k
[    0.000000] kernel direct mapping tables up to 379fe000 @ 10000-16000
[    0.000000] RAMDISK: 2dcfc000 - 32e758c3
[    0.000000] ACPI: RSDP 000f6b80 00024 (v02 PTLTD )
[    0.000000] ACPI: XSDT 3feed636 0005C (v01 INTEL  440BX    06040000 VMW  01324272)
[    0.000000] ACPI: FACP 3fefee98 000F4 (v04 INTEL  440BX    06040000 PTL  000F4240)
[    0.000000] ACPI: DSDT 3feee366 10B32 (v01 PTLTD  Custom   06040000 MSFT 03000001)
[    0.000000] ACPI: FACS 3fefffc0 00040
[    0.000000] ACPI: BOOT 3feee33e 00028 (v01 PTLTD  $SBFTBL$ 06040000  LTP 00000001)
[    0.000000] ACPI: APIC 3feedc3e 003C2 (v01 PTLTD  ? APIC   06040000  LTP 00000000)
[    0.000000] ACPI: MCFG 3feedc02 0003C (v01 PTLTD  $PCITBL$ 06040000  LTP 00000001)
[    0.000000] ACPI: SRAT 3feed732 004D0 (v02 VMWARE MEMPLUG  06040000 VMW  00000001)
[    0.000000] ACPI: HPET 3feed6fa 00038 (v01 VMWARE VMW HPET 06040000 VMW  00000001)
[    0.000000] ACPI: WAET 3feed6d2 00028 (v01 VMWARE VMW WAET 06040000 VMW  00000001)
[    0.000000] ACPI: Local APIC address 0xfee00000
[    0.000000] 134MB HIGHMEM available.
[    0.000000] 889MB LOWMEM available.
[    0.000000]   mapped low ram: 0 - 379fe000
[    0.000000]   low ram: 0 - 379fe000
[    0.000000]   node 0 low ram: 00000000 - 379fe000
[    0.000000]   node 0 bootmap 00012000 - 00018f40
[    0.000000] (9 early reservations) ==> bootmem [0000000000 - 00379fe000]
[    0.000000]   #0 [0000000000 - 0000001000]   BIOS data page ==> [0000000000 - 0000001000]
[    0.000000]   #1 [0000001000 - 0000002000]    EX TRAMPOLINE ==> [0000001000 - 0000002000]
[    0.000000]   #2 [0000006000 - 0000007000]       TRAMPOLINE ==> [0000006000 - 0000007000]
[    0.000000]   #3 [0001000000 - 0001a75ff8]    TEXT DATA BSS ==> [0001000000 - 0001a75ff8]
[    0.000000]   #4 [002dcfc000 - 0032e758c3]          RAMDISK ==> [002dcfc000 - 0032e758c3]
[    0.000000]   #5 [000009f000 - 0000100000]    BIOS reserved ==> [000009f000 - 0000100000]
[    0.000000]   #6 [0001a76000 - 0001a851c0]              BRK ==> [0001a76000 - 0001a851c0]
[    0.000000]   #7 [0000010000 - 0000012000]          PGTABLE ==> [0000010000 - 0000012000]
[    0.000000]   #8 [0000012000 - 0000019000]          BOOTMAP ==> [0000012000 - 0000019000]
[    0.000000] found SMP MP-table at [c00f6bf0] f6bf0
[    0.000000] Zone PFN ranges:
[    0.000000]   DMA      0x00000010 -> 0x00001000
[    0.000000]   Normal   0x00001000 -> 0x000379fe
[    0.000000]   HighMem  0x000379fe -> 0x00040000
[    0.000000] Movable zone start PFN for each node
[    0.000000] early_node_map[3] active PFN ranges
[    0.000000]     0: 0x00000010 -> 0x0000009f
[    0.000000]     0: 0x00000100 -> 0x0003fee0
[    0.000000]     0: 0x0003ff00 -> 0x00040000
[    0.000000] On node 0 totalpages: 261999
[    0.000000] free_area_init_node: node 0, pgdat c1715200, node_mem_map c1a87200
[    0.000000]   DMA zone: 32 pages used for memmap
[    0.000000]   DMA zone: 0 pages reserved
[    0.000000]   DMA zone: 3951 pages, LIFO batch:0
[    0.000000]   Normal zone: 1748 pages used for memmap
[    0.000000]   Normal zone: 221994 pages, LIFO batch:31
[    0.000000]   HighMem zone: 269 pages used for memmap
[    0.000000]   HighMem zone: 34005 pages, LIFO batch:7
[    0.000000] Using APIC driver default
[    0.000000] ACPI: PM-Timer IO Port: 0x1008
[    0.000000] ACPI: Local APIC address 0xfee00000
[    0.000000] ACPI: LAPIC (acpi_id[0x00] lapic_id[0x00] enabled)
[    0.000000] ACPI: LAPIC (acpi_id[0x01] lapic_id[0x02] disabled)
[    0.000000] ACPI: LAPIC (acpi_id[0x02] lapic_id[0x04] disabled)
[    0.000000] ACPI: LAPIC (acpi_id[0x03] lapic_id[0x06] disabled)
[    0.000000] ACPI: LAPIC (acpi_id[0x04] lapic_id[0x08] disabled)
[    0.000000] ACPI: LAPIC (acpi_id[0x05] lapic_id[0x0a] disabled)
[    0.000000] ACPI: LAPIC (acpi_id[0x06] lapic_id[0x0c] disabled)
[    0.000000] ACPI: LAPIC (acpi_id[0x07] lapic_id[0x0e] disabled)
[    0.000000] ACPI: LAPIC (acpi_id[0x08] lapic_id[0x10] disabled)
[    0.000000] ACPI: LAPIC (acpi_id[0x09] lapic_id[0x12] disabled)
[    0.000000] ACPI: LAPIC (acpi_id[0x0a] lapic_id[0x14] disabled)
[    0.000000] ACPI: LAPIC (acpi_id[0x0b] lapic_id[0x16] disabled)
[    0.000000] ACPI: LAPIC (acpi_id[0x0c] lapic_id[0x18] disabled)
[    0.000000] ACPI: LAPIC (acpi_id[0x0d] lapic_id[0x1a] disabled)
[    0.000000] ACPI: LAPIC (acpi_id[0x0e] lapic_id[0x1c] disabled)
[    0.000000] ACPI: LAPIC (acpi_id[0x0f] lapic_id[0x1e] disabled)
[    0.000000] ACPI: LAPIC (acpi_id[0x10] lapic_id[0x20] disabled)
[    0.000000] ACPI: LAPIC (acpi_id[0x11] lapic_id[0x22] disabled)
[    0.000000] ACPI: LAPIC (acpi_id[0x12] lapic_id[0x24] disabled)
[    0.000000] ACPI: LAPIC (acpi_id[0x13] lapic_id[0x26] disabled)
[    0.000000] ACPI: LAPIC (acpi_id[0x14] lapic_id[0x28] disabled)
[    0.000000] ACPI: LAPIC (acpi_id[0x15] lapic_id[0x2a] disabled)
[    0.000000] ACPI: LAPIC (acpi_id[0x16] lapic_id[0x2c] disabled)
[    0.000000] ACPI: LAPIC (acpi_id[0x17] lapic_id[0x2e] disabled)
[    0.000000] ACPI: LAPIC (acpi_id[0x18] lapic_id[0x30] disabled)
[    0.000000] ACPI: LAPIC (acpi_id[0x19] lapic_id[0x32] disabled)
[    0.000000] ACPI: LAPIC (acpi_id[0x1a] lapic_id[0x34] disabled)
[    0.000000] ACPI: LAPIC (acpi_id[0x1b] lapic_id[0x36] disabled)
[    0.000000] ACPI: LAPIC (acpi_id[0x1c] lapic_id[0x38] disabled)
[    0.000000] ACPI: LAPIC (acpi_id[0x1d] lapic_id[0x3a] disabled)
[    0.000000] ACPI: LAPIC (acpi_id[0x1e] lapic_id[0x3c] disabled)
[    0.000000] ACPI: LAPIC (acpi_id[0x1f] lapic_id[0x3e] disabled)
[    0.000000] ACPI: LAPIC (acpi_id[0x20] lapic_id[0x40] disabled)
[    0.000000] ACPI: LAPIC (acpi_id[0x21] lapic_id[0x42] disabled)
[    0.000000] ACPI: LAPIC (acpi_id[0x22] lapic_id[0x44] disabled)
[    0.000000] ACPI: LAPIC (acpi_id[0x23] lapic_id[0x46] disabled)
[    0.000000] ACPI: LAPIC (acpi_id[0x24] lapic_id[0x48] disabled)
[    0.000000] ACPI: LAPIC (acpi_id[0x25] lapic_id[0x4a] disabled)
[    0.000000] ACPI: LAPIC (acpi_id[0x26] lapic_id[0x4c] disabled)
[    0.000000] ACPI: LAPIC (acpi_id[0x27] lapic_id[0x4e] disabled)
[    0.000000] ACPI: LAPIC (acpi_id[0x28] lapic_id[0x50] disabled)
[    0.000000] ACPI: LAPIC (acpi_id[0x29] lapic_id[0x52] disabled)
[    0.000000] ACPI: LAPIC (acpi_id[0x2a] lapic_id[0x54] disabled)
[    0.000000] ACPI: LAPIC (acpi_id[0x2b] lapic_id[0x56] disabled)
[    0.000000] ACPI: LAPIC (acpi_id[0x2c] lapic_id[0x58] disabled)
[    0.000000] ACPI: LAPIC (acpi_id[0x2d] lapic_id[0x5a] disabled)
[    0.000000] ACPI: LAPIC (acpi_id[0x2e] lapic_id[0x5c] disabled)
[    0.000000] ACPI: LAPIC (acpi_id[0x2f] lapic_id[0x5e] disabled)
[    0.000000] ACPI: LAPIC (acpi_id[0x30] lapic_id[0x60] disabled)
[    0.000000] ACPI: LAPIC (acpi_id[0x31] lapic_id[0x62] disabled)
[    0.000000] ACPI: LAPIC (acpi_id[0x32] lapic_id[0x64] disabled)
[    0.000000] ACPI: LAPIC (acpi_id[0x33] lapic_id[0x66] disabled)
[    0.000000] ACPI: LAPIC (acpi_id[0x34] lapic_id[0x68] disabled)
[    0.000000] ACPI: LAPIC (acpi_id[0x35] lapic_id[0x6a] disabled)
[    0.000000] ACPI: LAPIC (acpi_id[0x36] lapic_id[0x6c] disabled)
[    0.000000] ACPI: LAPIC (acpi_id[0x37] lapic_id[0x6e] disabled)
[    0.000000] ACPI: LAPIC (acpi_id[0x38] lapic_id[0x70] disabled)
[    0.000000] ACPI: LAPIC (acpi_id[0x39] lapic_id[0x72] disabled)
[    0.000000] ACPI: LAPIC (acpi_id[0x3a] lapic_id[0x74] disabled)
[    0.000000] ACPI: LAPIC (acpi_id[0x3b] lapic_id[0x76] disabled)
[    0.000000] ACPI: LAPIC (acpi_id[0x3c] lapic_id[0x78] disabled)
[    0.000000] ACPI: LAPIC (acpi_id[0x3d] lapic_id[0x7a] disabled)
[    0.000000] ACPI: LAPIC (acpi_id[0x3e] lapic_id[0x7c] disabled)
[    0.000000] ACPI: LAPIC (acpi_id[0x3f] lapic_id[0x7e] disabled)
[    0.000000] ACPI: LAPIC_NMI (acpi_id[0x00] high edge lint[0x1])
[    0.000000] ACPI: LAPIC_NMI (acpi_id[0x01] high edge lint[0x1])
[    0.000000] ACPI: LAPIC_NMI (acpi_id[0x02] high edge lint[0x1])
[    0.000000] ACPI: LAPIC_NMI (acpi_id[0x03] high edge lint[0x1])
[    0.000000] ACPI: LAPIC_NMI (acpi_id[0x04] high edge lint[0x1])
[    0.000000] ACPI: LAPIC_NMI (acpi_id[0x05] high edge lint[0x1])
[    0.000000] ACPI: LAPIC_NMI (acpi_id[0x06] high edge lint[0x1])
[    0.000000] ACPI: LAPIC_NMI (acpi_id[0x07] high edge lint[0x1])
[    0.000000] ACPI: LAPIC_NMI (acpi_id[0x08] high edge lint[0x1])
[    0.000000] ACPI: LAPIC_NMI (acpi_id[0x09] high edge lint[0x1])
[    0.000000] ACPI: LAPIC_NMI (acpi_id[0x0a] high edge lint[0x1])
[    0.000000] ACPI: LAPIC_NMI (acpi_id[0x0b] high edge lint[0x1])
[    0.000000] ACPI: LAPIC_NMI (acpi_id[0x0c] high edge lint[0x1])
[    0.000000] ACPI: LAPIC_NMI (acpi_id[0x0d] high edge lint[0x1])
[    0.000000] ACPI: LAPIC_NMI (acpi_id[0x0e] high edge lint[0x1])
[    0.000000] ACPI: LAPIC_NMI (acpi_id[0x0f] high edge lint[0x1])
[    0.000000] ACPI: LAPIC_NMI (acpi_id[0x10] high edge lint[0x1])
[    0.000000] ACPI: LAPIC_NMI (acpi_id[0x11] high edge lint[0x1])
[    0.000000] ACPI: LAPIC_NMI (acpi_id[0x12] high edge lint[0x1])
[    0.000000] ACPI: LAPIC_NMI (acpi_id[0x13] high edge lint[0x1])
[    0.000000] ACPI: LAPIC_NMI (acpi_id[0x14] high edge lint[0x1])
[    0.000000] ACPI: LAPIC_NMI (acpi_id[0x15] high edge lint[0x1])
[    0.000000] ACPI: LAPIC_NMI (acpi_id[0x16] high edge lint[0x1])
[    0.000000] ACPI: LAPIC_NMI (acpi_id[0x17] high edge lint[0x1])
[    0.000000] ACPI: LAPIC_NMI (acpi_id[0x18] high edge lint[0x1])
[    0.000000] ACPI: LAPIC_NMI (acpi_id[0x19] high edge lint[0x1])
[    0.000000] ACPI: LAPIC_NMI (acpi_id[0x1a] high edge lint[0x1])
[    0.000000] ACPI: LAPIC_NMI (acpi_id[0x1b] high edge lint[0x1])
[    0.000000] ACPI: LAPIC_NMI (acpi_id[0x1c] high edge lint[0x1])
[    0.000000] ACPI: LAPIC_NMI (acpi_id[0x1d] high edge lint[0x1])
[    0.000000] ACPI: LAPIC_NMI (acpi_id[0x1e] high edge lint[0x1])
[    0.000000] ACPI: LAPIC_NMI (acpi_id[0x1f] high edge lint[0x1])
[    0.000000] ACPI: LAPIC_NMI (acpi_id[0x20] high edge lint[0x1])
[    0.000000] ACPI: LAPIC_NMI (acpi_id[0x21] high edge lint[0x1])
[    0.000000] ACPI: LAPIC_NMI (acpi_id[0x22] high edge lint[0x1])
[    0.000000] ACPI: LAPIC_NMI (acpi_id[0x23] high edge lint[0x1])
[    0.000000] ACPI: LAPIC_NMI (acpi_id[0x24] high edge lint[0x1])
[    0.000000] ACPI: LAPIC_NMI (acpi_id[0x25] high edge lint[0x1])
[    0.000000] ACPI: LAPIC_NMI (acpi_id[0x26] high edge lint[0x1])
[    0.000000] ACPI: LAPIC_NMI (acpi_id[0x27] high edge lint[0x1])
[    0.000000] ACPI: LAPIC_NMI (acpi_id[0x28] high edge lint[0x1])
[    0.000000] ACPI: LAPIC_NMI (acpi_id[0x29] high edge lint[0x1])
[    0.000000] ACPI: LAPIC_NMI (acpi_id[0x2a] high edge lint[0x1])
[    0.000000] ACPI: LAPIC_NMI (acpi_id[0x2b] high edge lint[0x1])
[    0.000000] ACPI: LAPIC_NMI (acpi_id[0x2c] high edge lint[0x1])
[    0.000000] ACPI: LAPIC_NMI (acpi_id[0x2d] high edge lint[0x1])
[    0.000000] ACPI: LAPIC_NMI (acpi_id[0x2e] high edge lint[0x1])
[    0.000000] ACPI: LAPIC_NMI (acpi_id[0x2f] high edge lint[0x1])
[    0.000000] ACPI: LAPIC_NMI (acpi_id[0x30] high edge lint[0x1])
[    0.000000] ACPI: LAPIC_NMI (acpi_id[0x31] high edge lint[0x1])
[    0.000000] ACPI: LAPIC_NMI (acpi_id[0x32] high edge lint[0x1])
[    0.000000] ACPI: LAPIC_NMI (acpi_id[0x33] high edge lint[0x1])
[    0.000000] ACPI: LAPIC_NMI (acpi_id[0x34] high edge lint[0x1])
[    0.000000] ACPI: LAPIC_NMI (acpi_id[0x35] high edge lint[0x1])
[    0.000000] ACPI: LAPIC_NMI (acpi_id[0x36] high edge lint[0x1])
[    0.000000] ACPI: LAPIC_NMI (acpi_id[0x37] high edge lint[0x1])
[    0.000000] ACPI: LAPIC_NMI (acpi_id[0x38] high edge lint[0x1])
[    0.000000] ACPI: LAPIC_NMI (acpi_id[0x39] high edge lint[0x1])
[    0.000000] ACPI: LAPIC_NMI (acpi_id[0x3a] high edge lint[0x1])
[    0.000000] ACPI: LAPIC_NMI (acpi_id[0x3b] high edge lint[0x1])
[    0.000000] ACPI: LAPIC_NMI (acpi_id[0x3c] high edge lint[0x1])
[    0.000000] ACPI: LAPIC_NMI (acpi_id[0x3d] high edge lint[0x1])
[    0.000000] ACPI: LAPIC_NMI (acpi_id[0x3e] high edge lint[0x1])
[    0.000000] ACPI: LAPIC_NMI (acpi_id[0x3f] high edge lint[0x1])
[    0.000000] ACPI: Skipping IOAPIC probe due to 'noapic' option.
[    0.000000] Using ACPI for processor (LAPIC) configuration information
[    0.000000] ACPI: HPET id: 0x8086af01 base: 0xfed00000
[    0.000000] Intel MultiProcessor Specification v1.4
[    0.000000]     Virtual Wire compatibility mode.
[    0.000000] MPTABLE: OEM ID: INTEL   
[    0.000000] MPTABLE: Product ID: 440BX       
[    0.000000] MPTABLE: APIC at: 0xFEE00000
[    0.000000] I/O APIC #1 Version 17 at 0xFEC00000.
[    0.000000] Processors: 1
[    0.000000] 64 Processors exceeds NR_CPUS limit of 8
[    0.000000] SMP: Allowing 8 CPUs, 7 hotplug CPUs
[    0.000000] nr_irqs_gsi: 24
[    0.000000] PM: Registered nosave memory: 000000000009f000 - 00000000000a0000
[    0.000000] PM: Registered nosave memory: 00000000000a0000 - 00000000000ca000
[    0.000000] PM: Registered nosave memory: 00000000000ca000 - 00000000000cc000
[    0.000000] PM: Registered nosave memory: 00000000000cc000 - 00000000000dc000
[    0.000000] PM: Registered nosave memory: 00000000000dc000 - 0000000000100000
[    0.000000] Allocating PCI resources starting at 40000000 (gap: 40000000:a0000000)
[    0.000000] Booting paravirtualized kernel on bare hardware
[    0.000000] NR_CPUS:8 nr_cpumask_bits:8 nr_cpu_ids:8 nr_node_ids:1
[    0.000000] PERCPU: Embedded 15 pages/cpu @c2400000 s39320 r0 d22120 u262144
[    0.000000] pcpu-alloc: s39320 r0 d22120 u262144 alloc=1*2097152
[    0.000000] pcpu-alloc: [0] 0 1 2 3 4 5 6 7 
[    0.000000] Built 1 zonelists in Zone order, mobility grouping on.  Total pages: 259950
[    0.000000] Kernel command line: BOOT_IMAGE=/boot/vmlinuz-2.6.32.57 root=UUID=007b598c-390d-4c65-84a1-4ff752d48633 ro quiet splash maxcpus=0
[    0.000000] PID hash table entries: 4096 (order: 2, 16384 bytes)
[    0.000000] Dentry cache hash table entries: 131072 (order: 7, 524288 bytes)
[    0.000000] Inode-cache hash table entries: 65536 (order: 6, 262144 bytes)
[    0.000000] Enabling fast FPU save and restore... done.
[    0.000000] Enabling unmasked SIMD FPU exception support... done.
[    0.000000] Initializing CPU#0
[    0.000000] xsave/xrstor: enabled xstate_bv 0x7, cntxt size 0x340
[    0.000000] allocated 5242560 bytes of page_cgroup
[    0.000000] please try 'cgroup_disable=memory' option if you don't want memory cgroups
[    0.000000] Initializing HighMem for node 0 (000379fe:00040000)
[    0.000000] Memory: 938260k/1048576k available (4839k kernel code, 108848k reserved, 2518k data, 652k init, 137096k highmem)
[    0.000000] virtual kernel memory layout:
[    0.000000]     fixmap  : 0xfff1e000 - 0xfffff000   ( 900 kB)
[    0.000000]     pkmap   : 0xffa00000 - 0xffc00000   (2048 kB)
[    0.000000]     vmalloc : 0xf81fe000 - 0xff9fe000   ( 120 MB)
[    0.000000]     lowmem  : 0xc0000000 - 0xf79fe000   ( 889 MB)
[    0.000000]       .init : 0xc1730000 - 0xc17d3000   ( 652 kB)
[    0.000000]       .data : 0xc14b9cce - 0xc172f764   (2518 kB)
[    0.000000]       .text : 0xc1000000 - 0xc14b9cce   (4839 kB)
[    0.000000] Checking if this processor honours the WP bit even in supervisor mode...Ok.
[    0.000000] SLUB: Genslabs=13, HWalign=64, Order=0-3, MinObjects=0, CPUs=8, Nodes=1
[    0.000000] Hierarchical RCU implementation.
[    0.000000] NR_IRQS:2304 nr_irqs:472
[    0.000000] Extended CMOS year: 2000
[    0.000000] Console: colour VGA+ 80x25
[    0.000000] console [tty0] enabled
[    0.000000] hpet clockevent registered
[    0.000000] TSC freq read from hypervisor : 2394.620 MHz
[    0.000000] Detected 2394.620 MHz processor.
[    0.000003] Calibrating delay loop (skipped) preset value.. 4789.24 BogoMIPS (lpj=9578480)
[    0.000011] Security Framework initialized
[    0.000014] SELinux:  Disabled at boot.
[    0.000018] Mount-cache hash table entries: 512
[    0.000149] Initializing cgroup subsys cpuacct
[    0.000152] Initializing cgroup subsys memory
[    0.000156] Initializing cgroup subsys devices
[    0.000157] Initializing cgroup subsys freezer
[    0.000184] CPU: Physical Processor ID: 0
[    0.000191] CPU: L1 I cache: 32K, L1 D cache: 32K
[    0.000192] CPU: L2 cache: 256K
[    0.000193] CPU: L3 cache: 4096K
[    0.000198] mce: CPU supports 0 MCE banks
[    0.000210] Performance Events: no PMU driver, software events only.
[    0.000220] Checking 'hlt' instruction... OK.
[    0.017580] SMP alternatives: switching to UP code
[    0.031697] ACPI: Core revision 20090903
[    0.037810] ACPI: setting ELCR to 0200 (from 0e20)
[    0.038926] ftrace: converting mcount calls to 0f 1f 44 00 00
[    0.038932] ftrace: allocating 22631 entries in 45 pages
[    0.056181] CANARY value: e78c4714 for PID: 1
[    0.056211] Not enabling x2apic, Intr-remapping init failed.
[    0.056213] Enabling APIC mode:  Flat.  Using 1 I/O APICs
[    0.056220] SMP mode deactivated.
[    0.056245] SMP disabled
[    0.056300] Brought up 1 CPUs
[    0.056302] Total of 1 processors activated (4789.24 BogoMIPS).
[    0.056306] CPU0 attaching NULL sched-domain.
[    0.056374] devtmpfs: initialized
[    0.056479] sysctl table check failed: /kernel/random/now_input .1.40.7 Unknown sysctl binary path
[    0.056720] Pid: 1, comm: swapper Not tainted 2.6.32.57 #4
[    0.056721] Call Trace:
[    0.056725]  [<c14a8a0e>] ? printk+0x1d/0x1f
[    0.056729]  [<c107b56f>] set_fail+0x4f/0x60
[    0.056731]  [<c107b8b3>] sysctl_check_table+0x333/0x620
[    0.056732]  [<c107b8cc>] sysctl_check_table+0x34c/0x620
[    0.056734]  [<c107b8cc>] sysctl_check_table+0x34c/0x620
[    0.056738]  [<c1746d48>] sysctl_init+0x25/0x29
[    0.056740]  [<c1003042>] do_one_initcall+0x32/0x1a0
[    0.056742]  [<c1746d23>] ? sysctl_init+0x0/0x29
[    0.056744]  [<c17308e7>] kernel_init+0x12d/0x17a
[    0.056746]  [<c17307ba>] ? kernel_init+0x0/0x17a
[    0.056748]  [<c1009b07>] kernel_thread_helper+0x7/0x10
[    0.056750] sysctl table check failed: /kernel/random/now_blocking .1.40.8 Unknown sysctl binary path
[    0.056997] Pid: 1, comm: swapper Not tainted 2.6.32.57 #4
[    0.056998] Call Trace:
[    0.057000]  [<c14a8a0e>] ? printk+0x1d/0x1f
[    0.057002]  [<c107b56f>] set_fail+0x4f/0x60
[    0.057003]  [<c107b8b3>] sysctl_check_table+0x333/0x620
[    0.057005]  [<c107b8cc>] sysctl_check_table+0x34c/0x620
[    0.057007]  [<c107b8cc>] sysctl_check_table+0x34c/0x620
[    0.057009]  [<c1746d48>] sysctl_init+0x25/0x29
[    0.057011]  [<c1003042>] do_one_initcall+0x32/0x1a0
[    0.057013]  [<c1746d23>] ? sysctl_init+0x0/0x29
[    0.057015]  [<c17308e7>] kernel_init+0x12d/0x17a
[    0.057025]  [<c17307ba>] ? kernel_init+0x0/0x17a
[    0.057027]  [<c1009b07>] kernel_thread_helper+0x7/0x10
[    0.057028] sysctl table check failed: /kernel/random/now_nonblocking .1.40.9 Unknown sysctl binary path
[    0.057259] Pid: 1, comm: swapper Not tainted 2.6.32.57 #4
[    0.057260] Call Trace:
[    0.057262]  [<c14a8a0e>] ? printk+0x1d/0x1f
[    0.057263]  [<c107b56f>] set_fail+0x4f/0x60
[    0.057264]  [<c107b8b3>] sysctl_check_table+0x333/0x620
[    0.057266]  [<c107b8cc>] sysctl_check_table+0x34c/0x620
[    0.057268]  [<c107b8cc>] sysctl_check_table+0x34c/0x620
[    0.057270]  [<c1746d48>] sysctl_init+0x25/0x29
[    0.057271]  [<c1003042>] do_one_initcall+0x32/0x1a0
[    0.057273]  [<c1746d23>] ? sysctl_init+0x0/0x29
[    0.057275]  [<c17308e7>] kernel_init+0x12d/0x17a
[    0.057276]  [<c17307ba>] ? kernel_init+0x0/0x17a
[    0.057278]  [<c1009b07>] kernel_thread_helper+0x7/0x10
[    0.057279] sysctl table check failed: /kernel/random/nb_input_bytes .1.40.10 Unknown sysctl binary path
[    0.057509] Pid: 1, comm: swapper Not tainted 2.6.32.57 #4
[    0.057510] Call Trace:
[    0.057511]  [<c14a8a0e>] ? printk+0x1d/0x1f
[    0.057513]  [<c107b56f>] set_fail+0x4f/0x60
[    0.057514]  [<c107b8b3>] sysctl_check_table+0x333/0x620
[    0.057516]  [<c107b8cc>] sysctl_check_table+0x34c/0x620
[    0.057517]  [<c107b8cc>] sysctl_check_table+0x34c/0x620
[    0.057520]  [<c1746d48>] sysctl_init+0x25/0x29
[    0.057521]  [<c1003042>] do_one_initcall+0x32/0x1a0
[    0.057523]  [<c1746d23>] ? sysctl_init+0x0/0x29
[    0.057524]  [<c17308e7>] kernel_init+0x12d/0x17a
[    0.057526]  [<c17307ba>] ? kernel_init+0x0/0x17a
[    0.057527]  [<c1009b07>] kernel_thread_helper+0x7/0x10
[    0.057529] sysctl table check failed: /kernel/random/nb_stir_count .1.40.11 Unknown sysctl binary path
[    0.057758] Pid: 1, comm: swapper Not tainted 2.6.32.57 #4
[    0.057758] Call Trace:
[    0.057760]  [<c14a8a0e>] ? printk+0x1d/0x1f
[    0.057761]  [<c107b56f>] set_fail+0x4f/0x60
[    0.057763]  [<c107b8b3>] sysctl_check_table+0x333/0x620
[    0.057764]  [<c107b8cc>] sysctl_check_table+0x34c/0x620
[    0.057766]  [<c107b8cc>] sysctl_check_table+0x34c/0x620
[    0.057768]  [<c1746d48>] sysctl_init+0x25/0x29
[    0.057769]  [<c1003042>] do_one_initcall+0x32/0x1a0
[    0.057771]  [<c1746d23>] ? sysctl_init+0x0/0x29
[    0.057773]  [<c17308e7>] kernel_init+0x12d/0x17a
[    0.057774]  [<c17307ba>] ? kernel_init+0x0/0x17a
[    0.057776]  [<c1009b07>] kernel_thread_helper+0x7/0x10
[    0.057777] sysctl table check failed: /kernel/random/nb_reentry_count .1.40.12 Unknown sysctl binary path
[    0.058048] Pid: 1, comm: swapper Not tainted 2.6.32.57 #4
[    0.058049] Call Trace:
[    0.058051]  [<c14a8a0e>] ? printk+0x1d/0x1f
[    0.058052]  [<c107b56f>] set_fail+0x4f/0x60
[    0.058054]  [<c107b8b3>] sysctl_check_table+0x333/0x620
[    0.058055]  [<c107b8cc>] sysctl_check_table+0x34c/0x620
[    0.058057]  [<c107b8cc>] sysctl_check_table+0x34c/0x620
[    0.058059]  [<c1746d48>] sysctl_init+0x25/0x29
[    0.058060]  [<c1003042>] do_one_initcall+0x32/0x1a0
[    0.058063]  [<c1746d23>] ? sysctl_init+0x0/0x29
[    0.058064]  [<c17308e7>] kernel_init+0x12d/0x17a
[    0.058065]  [<c17307ba>] ? kernel_init+0x0/0x17a
[    0.058067]  [<c1009b07>] kernel_thread_helper+0x7/0x10
[    0.058178] RANDOM - __seed init called.
[    0.058179] RANDOM - __seed init called.
[    0.058180] RANDOM - __seed init called.
[    0.058181] RANDOM - __random32 called. Change num 1.  Value: 7576a435	efb61e22	b7f78320
[    0.058182] RANDOM - __random32 called. Change num 2.  Value: 6a43543e	fb61e228	6410973
[    0.058184] RANDOM - __random32 called. Change num 3.  Value: 3543e018	b61e228b	12e68928
[    0.058185] RANDOM - __random32 called. Change num 4.  Value: 3e018928	61e228b7	1250ba58
[    0.058186] RANDOM - __random32 called. Change num 5.  Value: 189281e4	1e228b73	74b01aad
[    0.058187] RANDOM - __random32 called. Change num 6.  Value: 281e4915	e228b733	355a2619
[    0.058188] RANDOM - random32 init called.  Value: 281e4915	e228b733	355a2619
[    0.058194] regulator: core version 0.5
[    0.058252] Time: 22:58:23  Date: 05/24/13
[    0.058286] NET: Registered protocol family 16
[    0.058347] EISA bus registered
[    0.059099] ACPI: bus type pci registered
[    0.059210] PCI: MCFG configuration 0: base e0000000 segment 0 buses 0 - 255
[    0.059212] PCI: MCFG area at e0000000 reserved in E820
[    0.059213] PCI: Using MMCONFIG for extended config space
[    0.059214] PCI: Using configuration type 1 for base access
[    0.059699] bio: create slab <bio-0> at 0
[    0.060959] ACPI: EC: Look up EC in DSDT
[    0.096619] ACPI: BIOS _OSI(Linux) query ignored
[    0.102413] ACPI: Interpreter enabled
[    0.102417] ACPI: (supports S0 S1 S4 S5)
[    0.102428] ACPI: Using PIC for interrupt routing
[    0.182003] ACPI: No dock devices found.
[    0.182772] ACPI: PCI Root Bridge [PCI0] (0000:00)
[    0.184293] pci 0000:00:07.1: reg 20 io port: [0x10c0-0x10cf]
[    0.184772] pci 0000:00:07.3: quirk: region 1000-103f claimed by PIIX4 ACPI
[    0.184783] pci 0000:00:07.3: quirk: region 1040-104f claimed by PIIX4 SMB
[    0.185335] pci 0000:00:07.7: reg 10 io port: [0x1080-0x10bf]
[    0.185699] pci 0000:00:07.7: reg 14 64bit mmio: [0xc8000000-0xc8001fff]
[    0.186791] pci 0000:00:0f.0: reg 10 io port: [0x10d0-0x10df]
[    0.186853] pci 0000:00:0f.0: reg 14 32bit mmio pref: [0xd0000000-0xd7ffffff]
[    0.186888] pci 0000:00:0f.0: reg 18 32bit mmio: [0xc8800000-0xc8ffffff]
[    0.187025] pci 0000:00:0f.0: reg 30 32bit mmio pref: [0x000000-0x007fff]
[    0.187518] pci 0000:00:10.0: reg 10 io port: [0x1400-0x14ff]
[    0.187904] pci 0000:00:10.0: reg 14 64bit mmio: [0xc8040000-0xc805ffff]
[    0.188247] pci 0000:00:10.0: reg 1c 64bit mmio: [0xc8020000-0xc803ffff]
[    0.188318] pci 0000:00:10.0: reg 30 32bit mmio pref: [0x000000-0x003fff]
[    0.189632] pci 0000:00:15.0: PME# supported from D0 D3hot D3cold
[    0.189651] pci 0000:00:15.0: PME# disabled
[    0.190467] pci 0000:00:15.1: PME# supported from D0 D3hot D3cold
[    0.190486] pci 0000:00:15.1: PME# disabled
[    0.191308] pci 0000:00:15.2: PME# supported from D0 D3hot D3cold
[    0.191326] pci 0000:00:15.2: PME# disabled
[    0.192166] pci 0000:00:15.3: PME# supported from D0 D3hot D3cold
[    0.192185] pci 0000:00:15.3: PME# disabled
[    0.193037] pci 0000:00:15.4: PME# supported from D0 D3hot D3cold
[    0.193056] pci 0000:00:15.4: PME# disabled
[    0.193888] pci 0000:00:15.5: PME# supported from D0 D3hot D3cold
[    0.193907] pci 0000:00:15.5: PME# disabled
[    0.194703] pci 0000:00:15.6: PME# supported from D0 D3hot D3cold
[    0.194721] pci 0000:00:15.6: PME# disabled
[    0.195600] pci 0000:00:15.7: PME# supported from D0 D3hot D3cold
[    0.195618] pci 0000:00:15.7: PME# disabled
[    0.196451] pci 0000:00:16.0: PME# supported from D0 D3hot D3cold
[    0.196469] pci 0000:00:16.0: PME# disabled
[    0.197290] pci 0000:00:16.1: PME# supported from D0 D3hot D3cold
[    0.197309] pci 0000:00:16.1: PME# disabled
[    0.198130] pci 0000:00:16.2: PME# supported from D0 D3hot D3cold
[    0.198149] pci 0000:00:16.2: PME# disabled
[    0.199014] pci 0000:00:16.3: PME# supported from D0 D3hot D3cold
[    0.199033] pci 0000:00:16.3: PME# disabled
[    0.199857] pci 0000:00:16.4: PME# supported from D0 D3hot D3cold
[    0.199876] pci 0000:00:16.4: PME# disabled
[    0.200671] pci 0000:00:16.5: PME# supported from D0 D3hot D3cold
[    0.200689] pci 0000:00:16.5: PME# disabled
[    0.201515] pci 0000:00:16.6: PME# supported from D0 D3hot D3cold
[    0.201533] pci 0000:00:16.6: PME# disabled
[    0.202355] pci 0000:00:16.7: PME# supported from D0 D3hot D3cold
[    0.202373] pci 0000:00:16.7: PME# disabled
[    0.203193] pci 0000:00:17.0: PME# supported from D0 D3hot D3cold
[    0.203212] pci 0000:00:17.0: PME# disabled
[    0.204041] pci 0000:00:17.1: PME# supported from D0 D3hot D3cold
[    0.204060] pci 0000:00:17.1: PME# disabled
[    0.204881] pci 0000:00:17.2: PME# supported from D0 D3hot D3cold
[    0.204900] pci 0000:00:17.2: PME# disabled
[    0.205702] pci 0000:00:17.3: PME# supported from D0 D3hot D3cold
[    0.205721] pci 0000:00:17.3: PME# disabled
[    0.206543] pci 0000:00:17.4: PME# supported from D0 D3hot D3cold
[    0.206561] pci 0000:00:17.4: PME# disabled
[    0.207382] pci 0000:00:17.5: PME# supported from D0 D3hot D3cold
[    0.207401] pci 0000:00:17.5: PME# disabled
[    0.208246] pci 0000:00:17.6: PME# supported from D0 D3hot D3cold
[    0.208264] pci 0000:00:17.6: PME# disabled
[    0.209081] pci 0000:00:17.7: PME# supported from D0 D3hot D3cold
[    0.209099] pci 0000:00:17.7: PME# disabled
[    0.209942] pci 0000:00:18.0: PME# supported from D0 D3hot D3cold
[    0.209960] pci 0000:00:18.0: PME# disabled
[    0.210757] pci 0000:00:18.1: PME# supported from D0 D3hot D3cold
[    0.210791] pci 0000:00:18.1: PME# disabled
[    0.211598] pci 0000:00:18.2: PME# supported from D0 D3hot D3cold
[    0.211617] pci 0000:00:18.2: PME# disabled
[    0.212445] pci 0000:00:18.3: PME# supported from D0 D3hot D3cold
[    0.212463] pci 0000:00:18.3: PME# disabled
[    0.213284] pci 0000:00:18.4: PME# supported from D0 D3hot D3cold
[    0.213302] pci 0000:00:18.4: PME# disabled
[    0.214162] pci 0000:00:18.5: PME# supported from D0 D3hot D3cold
[    0.214181] pci 0000:00:18.5: PME# disabled
[    0.215003] pci 0000:00:18.6: PME# supported from D0 D3hot D3cold
[    0.215021] pci 0000:00:18.6: PME# disabled
[    0.215851] pci 0000:00:18.7: PME# supported from D0 D3hot D3cold
[    0.215869] pci 0000:00:18.7: PME# disabled
[    0.216904] pci 0000:02:00.0: reg 20 io port: [0x20c0-0x20df]
[    0.217362] pci 0000:02:01.0: reg 10 io port: [0x2000-0x207f]
[    0.217565] pci 0000:02:01.0: reg 30 32bit mmio pref: [0x000000-0x00ffff]
[    0.218102] pci 0000:02:02.0: reg 10 io port: [0x2080-0x20bf]
[    0.218641] pci 0000:02:03.0: reg 10 32bit mmio: [0xc9000000-0xc9000fff]
[    0.219183] pci 0000:00:11.0: transparent bridge
[    0.219202] pci 0000:00:11.0: bridge io port: [0x2000-0x3fff]
[    0.219220] pci 0000:00:11.0: bridge 32bit mmio: [0xc9000000-0xca3fffff]
[    0.219256] pci 0000:00:11.0: bridge 64bit mmio pref: [0xd8400000-0xd89fffff]
[    0.219592] pci 0000:00:15.0: bridge io port: [0x4000-0x4fff]
[    0.219611] pci 0000:00:15.0: bridge 32bit mmio: [0xca400000-0xca4fffff]
[    0.219656] pci 0000:00:15.0: bridge 64bit mmio pref: [0xd8a00000-0xd8afffff]
[    0.220017] pci 0000:00:15.1: bridge io port: [0x8000-0x8fff]
[    0.220037] pci 0000:00:15.1: bridge 32bit mmio: [0xca800000-0xca8fffff]
[    0.220073] pci 0000:00:15.1: bridge 64bit mmio pref: [0xd8e00000-0xd8efffff]
[    0.220407] pci 0000:00:15.2: bridge io port: [0xc000-0xcfff]
[    0.220425] pci 0000:00:15.2: bridge 32bit mmio: [0xcac00000-0xcacfffff]
[    0.220461] pci 0000:00:15.2: bridge 64bit mmio pref: [0xd9200000-0xd92fffff]
[    0.220838] pci 0000:00:15.3: bridge 32bit mmio: [0xcb000000-0xcb0fffff]
[    0.220874] pci 0000:00:15.3: bridge 64bit mmio pref: [0xd9600000-0xd96fffff]
[    0.221224] pci 0000:00:15.4: bridge 32bit mmio: [0xcb400000-0xcb4fffff]
[    0.221259] pci 0000:00:15.4: bridge 64bit mmio pref: [0xd9a00000-0xd9afffff]
[    0.221610] pci 0000:00:15.5: bridge 32bit mmio: [0xcb800000-0xcb8fffff]
[    0.221645] pci 0000:00:15.5: bridge 64bit mmio pref: [0xd9e00000-0xd9efffff]
[    0.222022] pci 0000:00:15.6: bridge 32bit mmio: [0xcbc00000-0xcbcfffff]
[    0.222057] pci 0000:00:15.6: bridge 64bit mmio pref: [0xda200000-0xda2fffff]
[    0.222408] pci 0000:00:15.7: bridge 32bit mmio: [0xcc000000-0xcc0fffff]
[    0.222443] pci 0000:00:15.7: bridge 64bit mmio pref: [0xda600000-0xda6fffff]
[    0.222808] pci 0000:00:16.0: bridge io port: [0x5000-0x5fff]
[    0.222827] pci 0000:00:16.0: bridge 32bit mmio: [0xca500000-0xca5fffff]
[    0.222862] pci 0000:00:16.0: bridge 64bit mmio pref: [0xd8b00000-0xd8bfffff]
[    0.223197] pci 0000:00:16.1: bridge io port: [0x9000-0x9fff]
[    0.223215] pci 0000:00:16.1: bridge 32bit mmio: [0xca900000-0xca9fffff]
[    0.223251] pci 0000:00:16.1: bridge 64bit mmio pref: [0xd8f00000-0xd8ffffff]
[    0.223584] pci 0000:00:16.2: bridge io port: [0xd000-0xdfff]
[    0.223603] pci 0000:00:16.2: bridge 32bit mmio: [0xcad00000-0xcadfffff]
[    0.223648] pci 0000:00:16.2: bridge 64bit mmio pref: [0xd9300000-0xd93fffff]
[    0.224060] pci 0000:00:16.3: bridge 32bit mmio: [0xcb100000-0xcb1fffff]
[    0.224096] pci 0000:00:16.3: bridge 64bit mmio pref: [0xd9700000-0xd97fffff]
[    0.224449] pci 0000:00:16.4: bridge 32bit mmio: [0xcb500000-0xcb5fffff]
[    0.224484] pci 0000:00:16.4: bridge 64bit mmio pref: [0xd9b00000-0xd9bfffff]
[    0.224855] pci 0000:00:16.5: bridge 32bit mmio: [0xcb900000-0xcb9fffff]
[    0.224890] pci 0000:00:16.5: bridge 64bit mmio pref: [0xd9f00000-0xd9ffffff]
[    0.225241] pci 0000:00:16.6: bridge 32bit mmio: [0xcbd00000-0xcbdfffff]
[    0.225276] pci 0000:00:16.6: bridge 64bit mmio pref: [0xda300000-0xda3fffff]
[    0.225627] pci 0000:00:16.7: bridge 32bit mmio: [0xcc100000-0xcc1fffff]
[    0.225662] pci 0000:00:16.7: bridge 64bit mmio pref: [0xda700000-0xda7fffff]
[    0.226016] pci 0000:00:17.0: bridge io port: [0x6000-0x6fff]
[    0.226035] pci 0000:00:17.0: bridge 32bit mmio: [0xca600000-0xca6fffff]
[    0.226070] pci 0000:00:17.0: bridge 64bit mmio pref: [0xd8c00000-0xd8cfffff]
[    0.226425] pci 0000:00:17.1: bridge io port: [0xa000-0xafff]
[    0.226444] pci 0000:00:17.1: bridge 32bit mmio: [0xcaa00000-0xcaafffff]
[    0.226479] pci 0000:00:17.1: bridge 64bit mmio pref: [0xd9000000-0xd90fffff]
[    0.226838] pci 0000:00:17.2: bridge io port: [0xe000-0xefff]
[    0.226857] pci 0000:00:17.2: bridge 32bit mmio: [0xcae00000-0xcaefffff]
[    0.226892] pci 0000:00:17.2: bridge 64bit mmio pref: [0xd9400000-0xd94fffff]
[    0.227244] pci 0000:00:17.3: bridge 32bit mmio: [0xcb200000-0xcb2fffff]
[    0.227279] pci 0000:00:17.3: bridge 64bit mmio pref: [0xd9800000-0xd98fffff]
[    0.227629] pci 0000:00:17.4: bridge 32bit mmio: [0xcb600000-0xcb6fffff]
[    0.227673] pci 0000:00:17.4: bridge 64bit mmio pref: [0xd9c00000-0xd9cfffff]
[    0.228050] pci 0000:00:17.5: bridge 32bit mmio: [0xcba00000-0xcbafffff]
[    0.228086] pci 0000:00:17.5: bridge 64bit mmio pref: [0xda000000-0xda0fffff]
[    0.228437] pci 0000:00:17.6: bridge 32bit mmio: [0xcbe00000-0xcbefffff]
[    0.228472] pci 0000:00:17.6: bridge 64bit mmio pref: [0xda400000-0xda4fffff]
[    0.228852] pci 0000:00:17.7: bridge 32bit mmio: [0xcc200000-0xcc2fffff]
[    0.228887] pci 0000:00:17.7: bridge 64bit mmio pref: [0xda800000-0xda8fffff]
[    0.229221] pci 0000:00:18.0: bridge io port: [0x7000-0x7fff]
[    0.229239] pci 0000:00:18.0: bridge 32bit mmio: [0xca700000-0xca7fffff]
[    0.229275] pci 0000:00:18.0: bridge 64bit mmio pref: [0xd8d00000-0xd8dfffff]
[    0.229608] pci 0000:00:18.1: bridge io port: [0xb000-0xbfff]
[    0.229626] pci 0000:00:18.1: bridge 32bit mmio: [0xcab00000-0xcabfffff]
[    0.229662] pci 0000:00:18.1: bridge 64bit mmio pref: [0xd9100000-0xd91fffff]
[    0.230022] pci 0000:00:18.2: bridge io port: [0xf000-0xffff]
[    0.230040] pci 0000:00:18.2: bridge 32bit mmio: [0xcaf00000-0xcaffffff]
[    0.230076] pci 0000:00:18.2: bridge 64bit mmio pref: [0xd9500000-0xd95fffff]
[    0.230427] pci 0000:00:18.3: bridge 32bit mmio: [0xcb300000-0xcb3fffff]
[    0.230463] pci 0000:00:18.3: bridge 64bit mmio pref: [0xd9900000-0xd99fffff]
[    0.230841] pci 0000:00:18.4: bridge 32bit mmio: [0xcb700000-0xcb7fffff]
[    0.230876] pci 0000:00:18.4: bridge 64bit mmio pref: [0xd9d00000-0xd9dfffff]
[    0.231228] pci 0000:00:18.5: bridge 32bit mmio: [0xcbb00000-0xcbbfffff]
[    0.231263] pci 0000:00:18.5: bridge 64bit mmio pref: [0xda100000-0xda1fffff]
[    0.231614] pci 0000:00:18.6: bridge 32bit mmio: [0xcbf00000-0xcbffffff]
[    0.231657] pci 0000:00:18.6: bridge 64bit mmio pref: [0xda500000-0xda5fffff]
[    0.232036] pci 0000:00:18.7: bridge 32bit mmio: [0xcc300000-0xcc3fffff]
[    0.232072] pci 0000:00:18.7: bridge 64bit mmio pref: [0xda900000-0xda9fffff]
[    0.233467] pci_bus 0000:00: on NUMA node 0
[    0.233474] ACPI: PCI Interrupt Routing Table [\_SB_.PCI0._PRT]
[    0.448972] ACPI: PCI Interrupt Link [LNKA] (IRQs 3 4 5 6 7 *9 10 11 14 15)
[    0.449118] ACPI: PCI Interrupt Link [LNKB] (IRQs 3 4 5 6 7 9 10 *11 14 15)
[    0.449258] ACPI: PCI Interrupt Link [LNKC] (IRQs 3 4 5 6 7 9 *10 11 14 15)
[    0.449397] ACPI: PCI Interrupt Link [LNKD] (IRQs 3 4 *5 6 7 9 10 11 14 15)
[    0.449551] vgaarb: device added: PCI:0000:00:0f.0,decodes=io+mem,owns=io+mem,locks=none
[    0.449560] vgaarb: loaded
[    0.449644] SCSI subsystem initialized
[    0.449686] libata version 3.00 loaded.
[    0.449723] usbcore: registered new interface driver usbfs
[    0.449734] usbcore: registered new interface driver hub
[    0.449749] usbcore: registered new device driver usb
[    0.449812] PCI: Using ACPI for IRQ routing
[    0.450720] NetLabel: Initializing
[    0.450721] NetLabel:  domain hash size = 128
[    0.450722] NetLabel:  protocols = UNLABELED CIPSOv4
[    0.450729] NetLabel:  unlabeled traffic allowed by default
[    0.450760] hpet0: at MMIO 0xfed00000, IRQs 2, 8, 0, 0, 0, 0, 0, 0, 0, 0, 0, 0, 0, 0, 0, 0
[    0.450766] hpet0: 16 comparators, 64-bit 14.318180 MHz counter
[    0.452791] Switching to clocksource tsc
[    0.459627] pnp: PnP ACPI init
[    0.459636] ACPI: bus type pnp registered
[    0.500725] pnp: PnP ACPI: found 14 devices
[    0.500727] ACPI: ACPI bus type pnp unregistered
[    0.500730] PnPBIOS: Disabled by ACPI PNP
[    0.500740] system 00:01: ioport range 0x1000-0x103f has been reserved
[    0.500741] system 00:01: ioport range 0x1040-0x104f has been reserved
[    0.500743] system 00:01: ioport range 0xcf0-0xcf1 has been reserved
[    0.500748] system 00:08: iomem range 0xfed00000-0xfed003ff has been reserved
[    0.500752] system 00:0d: ioport range 0x1060-0x107f has been reserved
[    0.500754] system 00:0d: iomem range 0xe0000000-0xefffffff has been reserved
[    0.500755] system 00:0d: iomem range 0xc8200000-0xc83fffff has been reserved
[    0.536820] pci 0000:00:15.3: BAR 13: can't allocate I/O resource [0x10000-0xffff]
[    0.536824] pci 0000:00:15.4: BAR 13: can't allocate I/O resource [0x10000-0xffff]
[    0.536827] pci 0000:00:15.5: BAR 13: can't allocate I/O resource [0x10000-0xffff]
[    0.536830] pci 0000:00:15.6: BAR 13: can't allocate I/O resource [0x10000-0xffff]
[    0.536832] pci 0000:00:15.7: BAR 13: can't allocate I/O resource [0x10000-0xffff]
[    0.536835] pci 0000:00:16.3: BAR 13: can't allocate I/O resource [0x10000-0xffff]
[    0.536838] pci 0000:00:16.4: BAR 13: can't allocate I/O resource [0x10000-0xffff]
[    0.536840] pci 0000:00:16.5: BAR 13: can't allocate I/O resource [0x10000-0xffff]
[    0.536843] pci 0000:00:16.6: BAR 13: can't allocate I/O resource [0x10000-0xffff]
[    0.536845] pci 0000:00:16.7: BAR 13: can't allocate I/O resource [0x10000-0xffff]
[    0.536848] pci 0000:00:17.3: BAR 13: can't allocate I/O resource [0x10000-0xffff]
[    0.536851] pci 0000:00:17.4: BAR 13: can't allocate I/O resource [0x10000-0xffff]
[    0.536853] pci 0000:00:17.5: BAR 13: can't allocate I/O resource [0x10000-0xffff]
[    0.536856] pci 0000:00:17.6: BAR 13: can't allocate I/O resource [0x10000-0xffff]
[    0.536859] pci 0000:00:17.7: BAR 13: can't allocate I/O resource [0x10000-0xffff]
[    0.536861] pci 0000:00:18.3: BAR 13: can't allocate I/O resource [0x10000-0xffff]
[    0.536864] pci 0000:00:18.4: BAR 13: can't allocate I/O resource [0x10000-0xffff]
[    0.536866] pci 0000:00:18.5: BAR 13: can't allocate I/O resource [0x10000-0xffff]
[    0.536869] pci 0000:00:18.6: BAR 13: can't allocate I/O resource [0x10000-0xffff]
[    0.536872] pci 0000:00:18.7: BAR 13: can't allocate I/O resource [0x10000-0xffff]
[    0.536874] pci 0000:00:01.0: PCI bridge, secondary bus 0000:01
[    0.536875] pci 0000:00:01.0:   IO window: disabled
[    0.536904] pci 0000:00:01.0:   MEM window: disabled
[    0.536923] pci 0000:00:01.0:   PREFETCH window: disabled
[    0.536960] pci 0000:00:11.0: PCI bridge, secondary bus 0000:02
[    0.536971] pci 0000:00:11.0:   IO window: 0x2000-0x3fff
[    0.536999] pci 0000:00:11.0:   MEM window: 0xc9000000-0xca3fffff
[    0.537018] pci 0000:00:11.0:   PREFETCH window: 0x000000d8400000-0x000000d89fffff
[    0.537054] pci 0000:00:15.0: PCI bridge, secondary bus 0000:03
[    0.537065] pci 0000:00:15.0:   IO window: 0x4000-0x4fff
[    0.537093] pci 0000:00:15.0:   MEM window: 0xca400000-0xca4fffff
[    0.537112] pci 0000:00:15.0:   PREFETCH window: 0x000000d8a00000-0x000000d8afffff
[    0.537159] pci 0000:00:15.1: PCI bridge, secondary bus 0000:04
[    0.537170] pci 0000:00:15.1:   IO window: 0x8000-0x8fff
[    0.537198] pci 0000:00:15.1:   MEM window: 0xca800000-0xca8fffff
[    0.537217] pci 0000:00:15.1:   PREFETCH window: 0x000000d8e00000-0x000000d8efffff
[    0.537257] pci 0000:00:15.2: PCI bridge, secondary bus 0000:05
[    0.537268] pci 0000:00:15.2:   IO window: 0xc000-0xcfff
[    0.537296] pci 0000:00:15.2:   MEM window: 0xcac00000-0xcacfffff
[    0.537315] pci 0000:00:15.2:   PREFETCH window: 0x000000d9200000-0x000000d92fffff
[    0.537354] pci 0000:00:15.3: PCI bridge, secondary bus 0000:06
[    0.537356] pci 0000:00:15.3:   IO window: disabled
[    0.537415] pci 0000:00:15.3:   MEM window: 0xcb000000-0xcb0fffff
[    0.537447] pci 0000:00:15.3:   PREFETCH window: 0x000000d9600000-0x000000d96fffff
[    0.537493] pci 0000:00:15.4: PCI bridge, secondary bus 0000:07
[    0.537495] pci 0000:00:15.4:   IO window: disabled
[    0.537523] pci 0000:00:15.4:   MEM window: 0xcb400000-0xcb4fffff
[    0.537542] pci 0000:00:15.4:   PREFETCH window: 0x000000d9a00000-0x000000d9afffff
[    0.537582] pci 0000:00:15.5: PCI bridge, secondary bus 0000:08
[    0.537584] pci 0000:00:15.5:   IO window: disabled
[    0.537612] pci 0000:00:15.5:   MEM window: 0xcb800000-0xcb8fffff
[    0.537631] pci 0000:00:15.5:   PREFETCH window: 0x000000d9e00000-0x000000d9efffff
[    0.537671] pci 0000:00:15.6: PCI bridge, secondary bus 0000:09
[    0.537673] pci 0000:00:15.6:   IO window: disabled
[    0.537700] pci 0000:00:15.6:   MEM window: 0xcbc00000-0xcbcfffff
[    0.537720] pci 0000:00:15.6:   PREFETCH window: 0x000000da200000-0x000000da2fffff
[    0.537760] pci 0000:00:15.7: PCI bridge, secondary bus 0000:0a
[    0.537761] pci 0000:00:15.7:   IO window: disabled
[    0.537789] pci 0000:00:15.7:   MEM window: 0xcc000000-0xcc0fffff
[    0.537808] pci 0000:00:15.7:   PREFETCH window: 0x000000da600000-0x000000da6fffff
[    0.537848] pci 0000:00:16.0: PCI bridge, secondary bus 0000:0b
[    0.537859] pci 0000:00:16.0:   IO window: 0x5000-0x5fff
[    0.537887] pci 0000:00:16.0:   MEM window: 0xca500000-0xca5fffff
[    0.537906] pci 0000:00:16.0:   PREFETCH window: 0x000000d8b00000-0x000000d8bfffff
[    0.537946] pci 0000:00:16.1: PCI bridge, secondary bus 0000:0c
[    0.537957] pci 0000:00:16.1:   IO window: 0x9000-0x9fff
[    0.537985] pci 0000:00:16.1:   MEM window: 0xca900000-0xca9fffff
[    0.538004] pci 0000:00:16.1:   PREFETCH window: 0x000000d8f00000-0x000000d8ffffff
[    0.538044] pci 0000:00:16.2: PCI bridge, secondary bus 0000:0d
[    0.538055] pci 0000:00:16.2:   IO window: 0xd000-0xdfff
[    0.538082] pci 0000:00:16.2:   MEM window: 0xcad00000-0xcadfffff
[    0.538102] pci 0000:00:16.2:   PREFETCH window: 0x000000d9300000-0x000000d93fffff
[    0.538142] pci 0000:00:16.3: PCI bridge, secondary bus 0000:0e
[    0.538143] pci 0000:00:16.3:   IO window: disabled
[    0.538171] pci 0000:00:16.3:   MEM window: 0xcb100000-0xcb1fffff
[    0.538190] pci 0000:00:16.3:   PREFETCH window: 0x000000d9700000-0x000000d97fffff
[    0.538230] pci 0000:00:16.4: PCI bridge, secondary bus 0000:0f
[    0.538231] pci 0000:00:16.4:   IO window: disabled
[    0.538259] pci 0000:00:16.4:   MEM window: 0xcb500000-0xcb5fffff
[    0.538279] pci 0000:00:16.4:   PREFETCH window: 0x000000d9b00000-0x000000d9bfffff
[    0.538318] pci 0000:00:16.5: PCI bridge, secondary bus 0000:10
[    0.538320] pci 0000:00:16.5:   IO window: disabled
[    0.538348] pci 0000:00:16.5:   MEM window: 0xcb900000-0xcb9fffff
[    0.538385] pci 0000:00:16.5:   PREFETCH window: 0x000000d9f00000-0x000000d9ffffff
[    0.538436] pci 0000:00:16.6: PCI bridge, secondary bus 0000:11
[    0.538438] pci 0000:00:16.6:   IO window: disabled
[    0.538471] pci 0000:00:16.6:   MEM window: 0xcbd00000-0xcbdfffff
[    0.538491] pci 0000:00:16.6:   PREFETCH window: 0x000000da300000-0x000000da3fffff
[    0.538542] pci 0000:00:16.7: PCI bridge, secondary bus 0000:12
[    0.538544] pci 0000:00:16.7:   IO window: disabled
[    0.538572] pci 0000:00:16.7:   MEM window: 0xcc100000-0xcc1fffff
[    0.538591] pci 0000:00:16.7:   PREFETCH window: 0x000000da700000-0x000000da7fffff
[    0.538631] pci 0000:00:17.0: PCI bridge, secondary bus 0000:13
[    0.538642] pci 0000:00:17.0:   IO window: 0x6000-0x6fff
[    0.538669] pci 0000:00:17.0:   MEM window: 0xca600000-0xca6fffff
[    0.538689] pci 0000:00:17.0:   PREFETCH window: 0x000000d8c00000-0x000000d8cfffff
[    0.538728] pci 0000:00:17.1: PCI bridge, secondary bus 0000:14
[    0.538739] pci 0000:00:17.1:   IO window: 0xa000-0xafff
[    0.538767] pci 0000:00:17.1:   MEM window: 0xcaa00000-0xcaafffff
[    0.538786] pci 0000:00:17.1:   PREFETCH window: 0x000000d9000000-0x000000d90fffff
[    0.538825] pci 0000:00:17.2: PCI bridge, secondary bus 0000:15
[    0.538836] pci 0000:00:17.2:   IO window: 0xe000-0xefff
[    0.538864] pci 0000:00:17.2:   MEM window: 0xcae00000-0xcaefffff
[    0.538883] pci 0000:00:17.2:   PREFETCH window: 0x000000d9400000-0x000000d94fffff
[    0.538922] pci 0000:00:17.3: PCI bridge, secondary bus 0000:16
[    0.538924] pci 0000:00:17.3:   IO window: disabled
[    0.538951] pci 0000:00:17.3:   MEM window: 0xcb200000-0xcb2fffff
[    0.538971] pci 0000:00:17.3:   PREFETCH window: 0x000000d9800000-0x000000d98fffff
[    0.539011] pci 0000:00:17.4: PCI bridge, secondary bus 0000:17
[    0.539012] pci 0000:00:17.4:   IO window: disabled
[    0.539040] pci 0000:00:17.4:   MEM window: 0xcb600000-0xcb6fffff
[    0.539059] pci 0000:00:17.4:   PREFETCH window: 0x000000d9c00000-0x000000d9cfffff
[    0.539099] pci 0000:00:17.5: PCI bridge, secondary bus 0000:18
[    0.539100] pci 0000:00:17.5:   IO window: disabled
[    0.539128] pci 0000:00:17.5:   MEM window: 0xcba00000-0xcbafffff
[    0.539147] pci 0000:00:17.5:   PREFETCH window: 0x000000da000000-0x000000da0fffff
[    0.539186] pci 0000:00:17.6: PCI bridge, secondary bus 0000:19
[    0.539188] pci 0000:00:17.6:   IO window: disabled
[    0.539216] pci 0000:00:17.6:   MEM window: 0xcbe00000-0xcbefffff
[    0.539235] pci 0000:00:17.6:   PREFETCH window: 0x000000da400000-0x000000da4fffff
[    0.539275] pci 0000:00:17.7: PCI bridge, secondary bus 0000:1a
[    0.539276] pci 0000:00:17.7:   IO window: disabled
[    0.539304] pci 0000:00:17.7:   MEM window: 0xcc200000-0xcc2fffff
[    0.539323] pci 0000:00:17.7:   PREFETCH window: 0x000000da800000-0x000000da8fffff
[    0.539372] pci 0000:00:18.0: PCI bridge, secondary bus 0000:1b
[    0.539385] pci 0000:00:18.0:   IO window: 0x7000-0x7fff
[    0.539415] pci 0000:00:18.0:   MEM window: 0xca700000-0xca7fffff
[    0.539435] pci 0000:00:18.0:   PREFETCH window: 0x000000d8d00000-0x000000d8dfffff
[    0.539478] pci 0000:00:18.1: PCI bridge, secondary bus 0000:1c
[    0.539490] pci 0000:00:18.1:   IO window: 0xb000-0xbfff
[    0.539519] pci 0000:00:18.1:   MEM window: 0xcab00000-0xcabfffff
[    0.539540] pci 0000:00:18.1:   PREFETCH window: 0x000000d9100000-0x000000d91fffff
[    0.539596] pci 0000:00:18.2: PCI bridge, secondary bus 0000:1d
[    0.539615] pci 0000:00:18.2:   IO window: 0xf000-0xffff
[    0.539647] pci 0000:00:18.2:   MEM window: 0xcaf00000-0xcaffffff
[    0.539675] pci 0000:00:18.2:   PREFETCH window: 0x000000d9500000-0x000000d95fffff
[    0.539719] pci 0000:00:18.3: PCI bridge, secondary bus 0000:1e
[    0.539721] pci 0000:00:18.3:   IO window: disabled
[    0.539749] pci 0000:00:18.3:   MEM window: 0xcb300000-0xcb3fffff
[    0.539768] pci 0000:00:18.3:   PREFETCH window: 0x000000d9900000-0x000000d99fffff
[    0.539808] pci 0000:00:18.4: PCI bridge, secondary bus 0000:1f
[    0.539810] pci 0000:00:18.4:   IO window: disabled
[    0.539837] pci 0000:00:18.4:   MEM window: 0xcb700000-0xcb7fffff
[    0.539857] pci 0000:00:18.4:   PREFETCH window: 0x000000d9d00000-0x000000d9dfffff
[    0.539897] pci 0000:00:18.5: PCI bridge, secondary bus 0000:20
[    0.539898] pci 0000:00:18.5:   IO window: disabled
[    0.539926] pci 0000:00:18.5:   MEM window: 0xcbb00000-0xcbbfffff
[    0.539945] pci 0000:00:18.5:   PREFETCH window: 0x000000da100000-0x000000da1fffff
[    0.539985] pci 0000:00:18.6: PCI bridge, secondary bus 0000:21
[    0.539986] pci 0000:00:18.6:   IO window: disabled
[    0.540014] pci 0000:00:18.6:   MEM window: 0xcbf00000-0xcbffffff
[    0.540033] pci 0000:00:18.6:   PREFETCH window: 0x000000da500000-0x000000da5fffff
[    0.540073] pci 0000:00:18.7: PCI bridge, secondary bus 0000:22
[    0.540075] pci 0000:00:18.7:   IO window: disabled
[    0.540102] pci 0000:00:18.7:   MEM window: 0xcc300000-0xcc3fffff
[    0.540122] pci 0000:00:18.7:   PREFETCH window: 0x000000da900000-0x000000da9fffff
[    0.540190] pci 0000:00:01.0: setting latency timer to 64
[    0.540280] pci 0000:00:15.0: setting latency timer to 64
[    0.540342] pci 0000:00:15.1: setting latency timer to 64
[    0.540431] pci 0000:00:15.2: setting latency timer to 64
[    0.540493] pci 0000:00:15.3: setting latency timer to 64
[    0.540554] pci 0000:00:15.4: setting latency timer to 64
[    0.540616] pci 0000:00:15.5: setting latency timer to 64
[    0.540678] pci 0000:00:15.6: setting latency timer to 64
[    0.540749] pci 0000:00:15.7: setting latency timer to 64
[    0.540811] pci 0000:00:16.0: setting latency timer to 64
[    0.540873] pci 0000:00:16.1: setting latency timer to 64
[    0.540934] pci 0000:00:16.2: setting latency timer to 64
[    0.540996] pci 0000:00:16.3: setting latency timer to 64
[    0.541058] pci 0000:00:16.4: setting latency timer to 64
[    0.541119] pci 0000:00:16.5: setting latency timer to 64
[    0.541181] pci 0000:00:16.6: setting latency timer to 64
[    0.541243] pci 0000:00:16.7: setting latency timer to 64
[    0.541304] pci 0000:00:17.0: setting latency timer to 64
[    0.541385] pci 0000:00:17.1: setting latency timer to 64
[    0.541452] pci 0000:00:17.2: setting latency timer to 64
[    0.541518] pci 0000:00:17.3: setting latency timer to 64
[    0.541589] pci 0000:00:17.4: setting latency timer to 64
[    0.541651] pci 0000:00:17.5: setting latency timer to 64
[    0.541712] pci 0000:00:17.6: setting latency timer to 64
[    0.541774] pci 0000:00:17.7: setting latency timer to 64
[    0.541836] pci 0000:00:18.0: setting latency timer to 64
[    0.541898] pci 0000:00:18.1: setting latency timer to 64
[    0.541959] pci 0000:00:18.2: setting latency timer to 64
[    0.542021] pci 0000:00:18.3: setting latency timer to 64
[    0.542083] pci 0000:00:18.4: setting latency timer to 64
[    0.542144] pci 0000:00:18.5: setting latency timer to 64
[    0.542206] pci 0000:00:18.6: setting latency timer to 64
[    0.542268] pci 0000:00:18.7: setting latency timer to 64
[    0.542279] pci_bus 0000:00: resource 0 io:  [0x00-0xffff]
[    0.542281] pci_bus 0000:00: resource 1 mem: [0x000000-0xffffffffffffffff]
[    0.542284] pci_bus 0000:02: resource 0 io:  [0x2000-0x3fff]
[    0.542286] pci_bus 0000:02: resource 1 mem: [0xc9000000-0xca3fffff]
[    0.542288] pci_bus 0000:02: resource 2 pref mem [0xd8400000-0xd89fffff]
[    0.542290] pci_bus 0000:02: resource 3 io:  [0x00-0xffff]
[    0.542291] pci_bus 0000:02: resource 4 mem: [0x000000-0xffffffffffffffff]
[    0.542294] pci_bus 0000:03: resource 0 io:  [0x4000-0x4fff]
[    0.542295] pci_bus 0000:03: resource 1 mem: [0xca400000-0xca4fffff]
[    0.542297] pci_bus 0000:03: resource 2 pref mem [0xd8a00000-0xd8afffff]
[    0.542299] pci_bus 0000:04: resource 0 io:  [0x8000-0x8fff]
[    0.542301] pci_bus 0000:04: resource 1 mem: [0xca800000-0xca8fffff]
[    0.542302] pci_bus 0000:04: resource 2 pref mem [0xd8e00000-0xd8efffff]
[    0.542304] pci_bus 0000:05: resource 0 io:  [0xc000-0xcfff]
[    0.542306] pci_bus 0000:05: resource 1 mem: [0xcac00000-0xcacfffff]
[    0.542308] pci_bus 0000:05: resource 2 pref mem [0xd9200000-0xd92fffff]
[    0.542310] pci_bus 0000:06: resource 1 mem: [0xcb000000-0xcb0fffff]
[    0.542311] pci_bus 0000:06: resource 2 pref mem [0xd9600000-0xd96fffff]
[    0.542313] pci_bus 0000:07: resource 1 mem: [0xcb400000-0xcb4fffff]
[    0.542315] pci_bus 0000:07: resource 2 pref mem [0xd9a00000-0xd9afffff]
[    0.542317] pci_bus 0000:08: resource 1 mem: [0xcb800000-0xcb8fffff]
[    0.542319] pci_bus 0000:08: resource 2 pref mem [0xd9e00000-0xd9efffff]
[    0.542321] pci_bus 0000:09: resource 1 mem: [0xcbc00000-0xcbcfffff]
[    0.542322] pci_bus 0000:09: resource 2 pref mem [0xda200000-0xda2fffff]
[    0.542324] pci_bus 0000:0a: resource 1 mem: [0xcc000000-0xcc0fffff]
[    0.542326] pci_bus 0000:0a: resource 2 pref mem [0xda600000-0xda6fffff]
[    0.542328] pci_bus 0000:0b: resource 0 io:  [0x5000-0x5fff]
[    0.542329] pci_bus 0000:0b: resource 1 mem: [0xca500000-0xca5fffff]
[    0.542331] pci_bus 0000:0b: resource 2 pref mem [0xd8b00000-0xd8bfffff]
[    0.542333] pci_bus 0000:0c: resource 0 io:  [0x9000-0x9fff]
[    0.542335] pci_bus 0000:0c: resource 1 mem: [0xca900000-0xca9fffff]
[    0.542345] pci_bus 0000:0c: resource 2 pref mem [0xd8f00000-0xd8ffffff]
[    0.542355] pci_bus 0000:0d: resource 0 io:  [0xd000-0xdfff]
[    0.542357] pci_bus 0000:0d: resource 1 mem: [0xcad00000-0xcadfffff]
[    0.542359] pci_bus 0000:0d: resource 2 pref mem [0xd9300000-0xd93fffff]
[    0.542361] pci_bus 0000:0e: resource 1 mem: [0xcb100000-0xcb1fffff]
[    0.542363] pci_bus 0000:0e: resource 2 pref mem [0xd9700000-0xd97fffff]
[    0.542365] pci_bus 0000:0f: resource 1 mem: [0xcb500000-0xcb5fffff]
[    0.542367] pci_bus 0000:0f: resource 2 pref mem [0xd9b00000-0xd9bfffff]
[    0.542369] pci_bus 0000:10: resource 1 mem: [0xcb900000-0xcb9fffff]
[    0.542371] pci_bus 0000:10: resource 2 pref mem [0xd9f00000-0xd9ffffff]
[    0.542373] pci_bus 0000:11: resource 1 mem: [0xcbd00000-0xcbdfffff]
[    0.542375] pci_bus 0000:11: resource 2 pref mem [0xda300000-0xda3fffff]
[    0.542377] pci_bus 0000:12: resource 1 mem: [0xcc100000-0xcc1fffff]
[    0.542379] pci_bus 0000:12: resource 2 pref mem [0xda700000-0xda7fffff]
[    0.542381] pci_bus 0000:13: resource 0 io:  [0x6000-0x6fff]
[    0.542383] pci_bus 0000:13: resource 1 mem: [0xca600000-0xca6fffff]
[    0.542385] pci_bus 0000:13: resource 2 pref mem [0xd8c00000-0xd8cfffff]
[    0.542386] pci_bus 0000:14: resource 0 io:  [0xa000-0xafff]
[    0.542388] pci_bus 0000:14: resource 1 mem: [0xcaa00000-0xcaafffff]
[    0.542399] pci_bus 0000:14: resource 2 pref mem [0xd9000000-0xd90fffff]
[    0.542401] pci_bus 0000:15: resource 0 io:  [0xe000-0xefff]
[    0.542403] pci_bus 0000:15: resource 1 mem: [0xcae00000-0xcaefffff]
[    0.542404] pci_bus 0000:15: resource 2 pref mem [0xd9400000-0xd94fffff]
[    0.542406] pci_bus 0000:16: resource 1 mem: [0xcb200000-0xcb2fffff]
[    0.542408] pci_bus 0000:16: resource 2 pref mem [0xd9800000-0xd98fffff]
[    0.542410] pci_bus 0000:17: resource 1 mem: [0xcb600000-0xcb6fffff]
[    0.542412] pci_bus 0000:17: resource 2 pref mem [0xd9c00000-0xd9cfffff]
[    0.542414] pci_bus 0000:18: resource 1 mem: [0xcba00000-0xcbafffff]
[    0.542415] pci_bus 0000:18: resource 2 pref mem [0xda000000-0xda0fffff]
[    0.542417] pci_bus 0000:19: resource 1 mem: [0xcbe00000-0xcbefffff]
[    0.542419] pci_bus 0000:19: resource 2 pref mem [0xda400000-0xda4fffff]
[    0.542421] pci_bus 0000:1a: resource 1 mem: [0xcc200000-0xcc2fffff]
[    0.542423] pci_bus 0000:1a: resource 2 pref mem [0xda800000-0xda8fffff]
[    0.542425] pci_bus 0000:1b: resource 0 io:  [0x7000-0x7fff]
[    0.542426] pci_bus 0000:1b: resource 1 mem: [0xca700000-0xca7fffff]
[    0.542428] pci_bus 0000:1b: resource 2 pref mem [0xd8d00000-0xd8dfffff]
[    0.542430] pci_bus 0000:1c: resource 0 io:  [0xb000-0xbfff]
[    0.542432] pci_bus 0000:1c: resource 1 mem: [0xcab00000-0xcabfffff]
[    0.542433] pci_bus 0000:1c: resource 2 pref mem [0xd9100000-0xd91fffff]
[    0.542435] pci_bus 0000:1d: resource 0 io:  [0xf000-0xffff]
[    0.542437] pci_bus 0000:1d: resource 1 mem: [0xcaf00000-0xcaffffff]
[    0.542439] pci_bus 0000:1d: resource 2 pref mem [0xd9500000-0xd95fffff]
[    0.542440] pci_bus 0000:1e: resource 1 mem: [0xcb300000-0xcb3fffff]
[    0.542442] pci_bus 0000:1e: resource 2 pref mem [0xd9900000-0xd99fffff]
[    0.542444] pci_bus 0000:1f: resource 1 mem: [0xcb700000-0xcb7fffff]
[    0.542446] pci_bus 0000:1f: resource 2 pref mem [0xd9d00000-0xd9dfffff]
[    0.542448] pci_bus 0000:20: resource 1 mem: [0xcbb00000-0xcbbfffff]
[    0.542450] pci_bus 0000:20: resource 2 pref mem [0xda100000-0xda1fffff]
[    0.542451] pci_bus 0000:21: resource 1 mem: [0xcbf00000-0xcbffffff]
[    0.542453] pci_bus 0000:21: resource 2 pref mem [0xda500000-0xda5fffff]
[    0.542455] pci_bus 0000:22: resource 1 mem: [0xcc300000-0xcc3fffff]
[    0.542457] pci_bus 0000:22: resource 2 pref mem [0xda900000-0xda9fffff]
[    0.542477] NET: Registered protocol family 2
[    0.542494] RANDOM - __random32 called. Change num 7.  Value: e4915c27	228b7335	4c33f162
[    0.542496] RANDOM - random32 called.  Value: e4915c27	228b7335	4c33f162
[    0.542502] random 0000 0000 0000 00000000 00000000: rand_read_num 2 get_random_bytes(4): sig fffffe1a 00000000 00000000
[    0.542504] random 0000 0000 0000 00000000 00000000: extract_entropy(.. 4 ..)
[    0.542507] random 0000 0000 0000 00000000 00000000: going to reseed nonblocking with 64 bits (32 of 0 requested)
[    0.542509] random 0000 0000 0000 00000000 00000000: extract_entropy(.. 8 ..)
[    0.542511] random 0000 0000 0000 00000000 00000000: trying to extract 64 bits from input
[    0.542513] random 0000 0000 0000 00000000 00000000: debiting 0 entropy credits from input
[    0.542515] random 0000 0000 0000 00000000 00000000: extract_entropy account returned: 0 
[    0.542518] random 0000 0000 0000 00000000 00000000: urand_change_num 3 xfer_secondary_pool(4): pool_sig fffffe1a, data_sig 00000000, bytes_mixed 0 00000000 00000000
[    0.542521] random 0000 0000 0000 00000000 00000000: trying to extract 32 bits from nonblocking
[    0.542523] random 0000 0000 0000 00000000 00000000: debiting 32 entropy credits from nonblocking (unlimited)
[    0.542525] random 0000 0000 0000 00000000 00000000: extract_entropy account returned: 4 
[    0.542529] random 0000 0000 0000 00000000 00000000: urand_change_num 4 extract_buf: pool_sig fffffe1a, data_sig fffffed7, bytes_mixed 20 00000000 00000000
[    0.542557] IP route cache hash table entries: 32768 (order: 5, 131072 bytes)
[    0.542641] RANDOM - __random32 called. Change num 8.  Value: 15c279e2	28b73354	e2c5b58f
[    0.542643] RANDOM - random32 called.  Value: 15c279e2	28b73354	e2c5b58f
[    0.542697] RANDOM - __random32 called. Change num 9.  Value: 279e2b5f	8b733545	6b1e9d03
[    0.542699] RANDOM - random32 called.  Value: 279e2b5f	8b733545	6b1e9d03
[    0.542702] RANDOM - __random32 called. Change num 10.  Value: e2b5fc5e	b7335453	3a067d4e
[    0.542703] RANDOM - random32 called.  Value: e2b5fc5e	b7335453	3a067d4e
[    0.542725] RANDOM - __random32 called. Change num 11.  Value: 5fc5eba7	73354535	fa9d46b2
[    0.542726] RANDOM - random32 called.  Value: 5fc5eba7	73354535	fa9d46b2
[    0.542736] TCP established hash table entries: 131072 (order: 8, 1048576 bytes)
[    0.542853] TCP bind hash table entries: 65536 (order: 7, 524288 bytes)
[    0.542970] TCP: Hash tables configured (established 131072 bind 65536)
[    0.542972] TCP reno registered
[    0.543008] NET: Registered protocol family 1
[    0.543018] pci 0000:00:00.0: Limiting direct PCI/PCI transfers
[    0.543037] pci 0000:00:0f.0: Boot video device
[    0.543245] Trying to unpack rootfs image as initramfs...
[    1.615171] Freeing initrd memory: 83430k freed
[    1.623182] Simple Boot Flag at 0x36 set to 0x1
[    1.623227] cpufreq-nforce2: No nForce2 chipset.
[    1.623240] Scanning for low memory corruption every 60 seconds
[    1.623358] audit: initializing netlink socket (disabled)
[    1.623366] type=2000 audit(1369436304.608:1): initialized
[    1.627284] highmem bounce pool size: 64 pages
[    1.627288] HugeTLB registered 2 MB page size, pre-allocated 0 pages
[    1.627381] VFS: Disk quotas dquot_6.5.2
[    1.627410] Dquot-cache hash table entries: 1024 (order 0, 4096 bytes)
[    1.627487] fuse init (API version 7.13)
[    1.627530] msgmni has been set to 1729
[    1.627812] alg: No test for stdrng (krng)
[    1.627848] Block layer SCSI generic (bsg) driver version 0.4 loaded (major 253)
[    1.627850] io scheduler noop registered
[    1.627852] io scheduler anticipatory registered
[    1.627854] io scheduler deadline registered
[    1.627874] io scheduler cfq registered (default)
[    1.627920]   alloc irq_desc for 24 on node -1
[    1.627922]   alloc kstat_irqs on node -1
[    1.627967] pcieport 0000:00:15.0: irq 24 for MSI/MSI-X
[    1.628013] pcieport 0000:00:15.0: setting latency timer to 64
[    1.628058]   alloc irq_desc for 25 on node -1
[    1.628060]   alloc kstat_irqs on node -1
[    1.628105] pcieport 0000:00:15.1: irq 25 for MSI/MSI-X
[    1.628150] pcieport 0000:00:15.1: setting latency timer to 64
[    1.628195]   alloc irq_desc for 26 on node -1
[    1.628197]   alloc kstat_irqs on node -1
[    1.628242] pcieport 0000:00:15.2: irq 26 for MSI/MSI-X
[    1.628288] pcieport 0000:00:15.2: setting latency timer to 64
[    1.628333]   alloc irq_desc for 27 on node -1
[    1.628335]   alloc kstat_irqs on node -1
[    1.628380] pcieport 0000:00:15.3: irq 27 for MSI/MSI-X
[    1.628425] pcieport 0000:00:15.3: setting latency timer to 64
[    1.628470]   alloc irq_desc for 28 on node -1
[    1.628473]   alloc kstat_irqs on node -1
[    1.628519] pcieport 0000:00:15.4: irq 28 for MSI/MSI-X
[    1.628564] pcieport 0000:00:15.4: setting latency timer to 64
[    1.628609]   alloc irq_desc for 29 on node -1
[    1.628611]   alloc kstat_irqs on node -1
[    1.628656] pcieport 0000:00:15.5: irq 29 for MSI/MSI-X
[    1.628702] pcieport 0000:00:15.5: setting latency timer to 64
[    1.628747]   alloc irq_desc for 30 on node -1
[    1.628749]   alloc kstat_irqs on node -1
[    1.628794] pcieport 0000:00:15.6: irq 30 for MSI/MSI-X
[    1.628839] pcieport 0000:00:15.6: setting latency timer to 64
[    1.628884]   alloc irq_desc for 31 on node -1
[    1.628886]   alloc kstat_irqs on node -1
[    1.628932] pcieport 0000:00:15.7: irq 31 for MSI/MSI-X
[    1.628977] pcieport 0000:00:15.7: setting latency timer to 64
[    1.629022]   alloc irq_desc for 32 on node -1
[    1.629024]   alloc kstat_irqs on node -1
[    1.629069] pcieport 0000:00:16.0: irq 32 for MSI/MSI-X
[    1.629114] pcieport 0000:00:16.0: setting latency timer to 64
[    1.629160]   alloc irq_desc for 33 on node -1
[    1.629162]   alloc kstat_irqs on node -1
[    1.629207] pcieport 0000:00:16.1: irq 33 for MSI/MSI-X
[    1.629252] pcieport 0000:00:16.1: setting latency timer to 64
[    1.629297]   alloc irq_desc for 34 on node -1
[    1.629322]   alloc kstat_irqs on node -1
[    1.629367] pcieport 0000:00:16.2: irq 34 for MSI/MSI-X
[    1.629412] pcieport 0000:00:16.2: setting latency timer to 64
[    1.629457]   alloc irq_desc for 35 on node -1
[    1.629459]   alloc kstat_irqs on node -1
[    1.629505] pcieport 0000:00:16.3: irq 35 for MSI/MSI-X
[    1.629550] pcieport 0000:00:16.3: setting latency timer to 64
[    1.629595]   alloc irq_desc for 36 on node -1
[    1.629597]   alloc kstat_irqs on node -1
[    1.629642] pcieport 0000:00:16.4: irq 36 for MSI/MSI-X
[    1.629687] pcieport 0000:00:16.4: setting latency timer to 64
[    1.629732]   alloc irq_desc for 37 on node -1
[    1.629735]   alloc kstat_irqs on node -1
[    1.629780] pcieport 0000:00:16.5: irq 37 for MSI/MSI-X
[    1.629825] pcieport 0000:00:16.5: setting latency timer to 64
[    1.629870]   alloc irq_desc for 38 on node -1
[    1.629872]   alloc kstat_irqs on node -1
[    1.629917] pcieport 0000:00:16.6: irq 38 for MSI/MSI-X
[    1.629963] pcieport 0000:00:16.6: setting latency timer to 64
[    1.630008]   alloc irq_desc for 39 on node -1
[    1.630010]   alloc kstat_irqs on node -1
[    1.630055] pcieport 0000:00:16.7: irq 39 for MSI/MSI-X
[    1.630100] pcieport 0000:00:16.7: setting latency timer to 64
[    1.631218]   alloc irq_desc for 40 on node -1
[    1.631220]   alloc kstat_irqs on node -1
[    1.631265] pcieport 0000:00:17.0: irq 40 for MSI/MSI-X
[    1.631310] pcieport 0000:00:17.0: setting latency timer to 64
[    1.631356]   alloc irq_desc for 41 on node -1
[    1.631358]   alloc kstat_irqs on node -1
[    1.631403] pcieport 0000:00:17.1: irq 41 for MSI/MSI-X
[    1.631448] pcieport 0000:00:17.1: setting latency timer to 64
[    1.631493]   alloc irq_desc for 42 on node -1
[    1.631495]   alloc kstat_irqs on node -1
[    1.631540] pcieport 0000:00:17.2: irq 42 for MSI/MSI-X
[    1.631586] pcieport 0000:00:17.2: setting latency timer to 64
[    1.631631]   alloc irq_desc for 43 on node -1
[    1.631633]   alloc kstat_irqs on node -1
[    1.631678] pcieport 0000:00:17.3: irq 43 for MSI/MSI-X
[    1.631723] pcieport 0000:00:17.3: setting latency timer to 64
[    1.631768]   alloc irq_desc for 44 on node -1
[    1.631770]   alloc kstat_irqs on node -1
[    1.631815] pcieport 0000:00:17.4: irq 44 for MSI/MSI-X
[    1.631861] pcieport 0000:00:17.4: setting latency timer to 64
[    1.631906]   alloc irq_desc for 45 on node -1
[    1.631908]   alloc kstat_irqs on node -1
[    1.631953] pcieport 0000:00:17.5: irq 45 for MSI/MSI-X
[    1.631998] pcieport 0000:00:17.5: setting latency timer to 64
[    1.632044]   alloc irq_desc for 46 on node -1
[    1.632045]   alloc kstat_irqs on node -1
[    1.632091] pcieport 0000:00:17.6: irq 46 for MSI/MSI-X
[    1.632136] pcieport 0000:00:17.6: setting latency timer to 64
[    1.632181]   alloc irq_desc for 47 on node -1
[    1.632183]   alloc kstat_irqs on node -1
[    1.632228] pcieport 0000:00:17.7: irq 47 for MSI/MSI-X
[    1.632273] pcieport 0000:00:17.7: setting latency timer to 64
[    1.632319]   alloc irq_desc for 48 on node -1
[    1.632320]   alloc kstat_irqs on node -1
[    1.632366] pcieport 0000:00:18.0: irq 48 for MSI/MSI-X
[    1.632411] pcieport 0000:00:18.0: setting latency timer to 64
[    1.632456]   alloc irq_desc for 49 on node -1
[    1.632458]   alloc kstat_irqs on node -1
[    1.632503] pcieport 0000:00:18.1: irq 49 for MSI/MSI-X
[    1.632548] pcieport 0000:00:18.1: setting latency timer to 64
[    1.632594]   alloc irq_desc for 50 on node -1
[    1.632604]   alloc kstat_irqs on node -1
[    1.632650] pcieport 0000:00:18.2: irq 50 for MSI/MSI-X
[    1.632695] pcieport 0000:00:18.2: setting latency timer to 64
[    1.632740]   alloc irq_desc for 51 on node -1
[    1.632742]   alloc kstat_irqs on node -1
[    1.632787] pcieport 0000:00:18.3: irq 51 for MSI/MSI-X
[    1.632832] pcieport 0000:00:18.3: setting latency timer to 64
[    1.632878]   alloc irq_desc for 52 on node -1
[    1.632879]   alloc kstat_irqs on node -1
[    1.632925] pcieport 0000:00:18.4: irq 52 for MSI/MSI-X
[    1.632970] pcieport 0000:00:18.4: setting latency timer to 64
[    1.633015]   alloc irq_desc for 53 on node -1
[    1.633017]   alloc kstat_irqs on node -1
[    1.633062] pcieport 0000:00:18.5: irq 53 for MSI/MSI-X
[    1.633107] pcieport 0000:00:18.5: setting latency timer to 64
[    1.633153]   alloc irq_desc for 54 on node -1
[    1.633154]   alloc kstat_irqs on node -1
[    1.633200] pcieport 0000:00:18.6: irq 54 for MSI/MSI-X
[    1.633245] pcieport 0000:00:18.6: setting latency timer to 64
[    1.633290]   alloc irq_desc for 55 on node -1
[    1.633292]   alloc kstat_irqs on node -1
[    1.633337] pcieport 0000:00:18.7: irq 55 for MSI/MSI-X
[    1.633382] pcieport 0000:00:18.7: setting latency timer to 64
[    1.633428] pci_hotplug: PCI Hot Plug PCI Core version: 0.5
[    1.635215] pciehp 0000:00:15.0:pcie04: HPC vendor_id 15ad device_id 7a0 ss_vid 0 ss_did 0
[    1.635260] pciehp 0000:00:15.0:pcie04: service driver pciehp loaded
[    1.635305] pciehp 0000:00:15.1:pcie04: HPC vendor_id 15ad device_id 7a0 ss_vid 0 ss_did 0
[    1.635350] pciehp 0000:00:15.1:pcie04: service driver pciehp loaded
[    1.635396] pciehp 0000:00:15.2:pcie04: HPC vendor_id 15ad device_id 7a0 ss_vid 0 ss_did 0
[    1.635441] pciehp 0000:00:15.2:pcie04: service driver pciehp loaded
[    1.635486] pciehp 0000:00:15.3:pcie04: HPC vendor_id 15ad device_id 7a0 ss_vid 0 ss_did 0
[    1.635531] pciehp 0000:00:15.3:pcie04: service driver pciehp loaded
[    1.635577] pciehp 0000:00:15.4:pcie04: HPC vendor_id 15ad device_id 7a0 ss_vid 0 ss_did 0
[    1.635622] pciehp 0000:00:15.4:pcie04: service driver pciehp loaded
[    1.635667] pciehp 0000:00:15.5:pcie04: HPC vendor_id 15ad device_id 7a0 ss_vid 0 ss_did 0
[    1.635712] pciehp 0000:00:15.5:pcie04: service driver pciehp loaded
[    1.635757] pciehp 0000:00:15.6:pcie04: HPC vendor_id 15ad device_id 7a0 ss_vid 0 ss_did 0
[    1.635803] pciehp 0000:00:15.6:pcie04: service driver pciehp loaded
[    1.635848] pciehp 0000:00:15.7:pcie04: HPC vendor_id 15ad device_id 7a0 ss_vid 0 ss_did 0
[    1.635893] pciehp 0000:00:15.7:pcie04: service driver pciehp loaded
[    1.635938] pciehp 0000:00:16.0:pcie04: HPC vendor_id 15ad device_id 7a0 ss_vid 0 ss_did 0
[    1.635984] pciehp 0000:00:16.0:pcie04: service driver pciehp loaded
[    1.636029] pciehp 0000:00:16.1:pcie04: HPC vendor_id 15ad device_id 7a0 ss_vid 0 ss_did 0
[    1.636074] pciehp 0000:00:16.1:pcie04: service driver pciehp loaded
[    1.636119] pciehp 0000:00:16.2:pcie04: HPC vendor_id 15ad device_id 7a0 ss_vid 0 ss_did 0
[    1.636164] pciehp 0000:00:16.2:pcie04: service driver pciehp loaded
[    1.636210] pciehp 0000:00:16.3:pcie04: HPC vendor_id 15ad device_id 7a0 ss_vid 0 ss_did 0
[    1.636255] pciehp 0000:00:16.3:pcie04: service driver pciehp loaded
[    1.636300] pciehp 0000:00:16.4:pcie04: HPC vendor_id 15ad device_id 7a0 ss_vid 0 ss_did 0
[    1.636345] pciehp 0000:00:16.4:pcie04: service driver pciehp loaded
[    1.636391] pciehp 0000:00:16.5:pcie04: HPC vendor_id 15ad device_id 7a0 ss_vid 0 ss_did 0
[    1.636436] pciehp 0000:00:16.5:pcie04: service driver pciehp loaded
[    1.636481] pciehp 0000:00:16.6:pcie04: HPC vendor_id 15ad device_id 7a0 ss_vid 0 ss_did 0
[    1.636526] pciehp 0000:00:16.6:pcie04: service driver pciehp loaded
[    1.636572] pciehp 0000:00:16.7:pcie04: HPC vendor_id 15ad device_id 7a0 ss_vid 0 ss_did 0
[    1.636617] pciehp 0000:00:16.7:pcie04: service driver pciehp loaded
[    1.636662] pciehp 0000:00:17.0:pcie04: HPC vendor_id 15ad device_id 7a0 ss_vid 0 ss_did 0
[    1.636707] pciehp 0000:00:17.0:pcie04: service driver pciehp loaded
[    1.636752] pciehp 0000:00:17.1:pcie04: HPC vendor_id 15ad device_id 7a0 ss_vid 0 ss_did 0
[    1.636798] pciehp 0000:00:17.1:pcie04: service driver pciehp loaded
[    1.636843] pciehp 0000:00:17.2:pcie04: HPC vendor_id 15ad device_id 7a0 ss_vid 0 ss_did 0
[    1.636888] pciehp 0000:00:17.2:pcie04: service driver pciehp loaded
[    1.636933] pciehp 0000:00:17.3:pcie04: HPC vendor_id 15ad device_id 7a0 ss_vid 0 ss_did 0
[    1.636979] pciehp 0000:00:17.3:pcie04: service driver pciehp loaded
[    1.637024] pciehp 0000:00:17.4:pcie04: HPC vendor_id 15ad device_id 7a0 ss_vid 0 ss_did 0
[    1.637069] pciehp 0000:00:17.4:pcie04: service driver pciehp loaded
[    1.637114] pciehp 0000:00:17.5:pcie04: HPC vendor_id 15ad device_id 7a0 ss_vid 0 ss_did 0
[    1.637159] pciehp 0000:00:17.5:pcie04: service driver pciehp loaded
[    1.637205] pciehp 0000:00:17.6:pcie04: HPC vendor_id 15ad device_id 7a0 ss_vid 0 ss_did 0
[    1.637250] pciehp 0000:00:17.6:pcie04: service driver pciehp loaded
[    1.637295] pciehp 0000:00:17.7:pcie04: HPC vendor_id 15ad device_id 7a0 ss_vid 0 ss_did 0
[    1.637340] pciehp 0000:00:17.7:pcie04: service driver pciehp loaded
[    1.637386] pciehp 0000:00:18.0:pcie04: HPC vendor_id 15ad device_id 7a0 ss_vid 0 ss_did 0
[    1.637431] pciehp 0000:00:18.0:pcie04: service driver pciehp loaded
[    1.637476] pciehp 0000:00:18.1:pcie04: HPC vendor_id 15ad device_id 7a0 ss_vid 0 ss_did 0
[    1.637521] pciehp 0000:00:18.1:pcie04: service driver pciehp loaded
[    1.637566] pciehp 0000:00:18.2:pcie04: HPC vendor_id 15ad device_id 7a0 ss_vid 0 ss_did 0
[    1.637612] pciehp 0000:00:18.2:pcie04: service driver pciehp loaded
[    1.637657] pciehp 0000:00:18.3:pcie04: HPC vendor_id 15ad device_id 7a0 ss_vid 0 ss_did 0
[    1.637702] pciehp 0000:00:18.3:pcie04: service driver pciehp loaded
[    1.637747] pciehp 0000:00:18.4:pcie04: HPC vendor_id 15ad device_id 7a0 ss_vid 0 ss_did 0
[    1.637793] pciehp 0000:00:18.4:pcie04: service driver pciehp loaded
[    1.637838] pciehp 0000:00:18.5:pcie04: HPC vendor_id 15ad device_id 7a0 ss_vid 0 ss_did 0
[    1.637883] pciehp 0000:00:18.5:pcie04: service driver pciehp loaded
[    1.637928] pciehp 0000:00:18.6:pcie04: HPC vendor_id 15ad device_id 7a0 ss_vid 0 ss_did 0
[    1.637973] pciehp 0000:00:18.6:pcie04: service driver pciehp loaded
[    1.638019] pciehp 0000:00:18.7:pcie04: HPC vendor_id 15ad device_id 7a0 ss_vid 0 ss_did 0
[    1.638064] pciehp 0000:00:18.7:pcie04: service driver pciehp loaded
[    1.638093] pciehp: PCI Express Hot Plug Controller Driver version: 0.4
[    1.638142] ACPI: AC Adapter [ACAD] (on-line)
[    1.638192] input: Power Button as /devices/LNXSYSTM:00/LNXPWRBN:00/input/input0
[    1.638195] ACPI: Power Button [PWRF]
[    1.638240] processor LNXCPU:00: registered as cooling_device0
[    1.679126] isapnp: Scanning for PnP cards...
[    2.032848] isapnp: No Plug & Play device found
[    2.032879] random 0000 0000 0000 5f8db4e5 4cfdf2a8: initializing
[    2.033016] Linux agpgart interface v0.103
[    2.033056] agpgart-intel 0000:00:00.0: Intel 440BX Chipset
[    2.033109] agpgart-intel 0000:00:00.0: AGP aperture is 256M @ 0x0
[    2.033139] Serial: 8250/16550 driver, 32 ports, IRQ sharing enabled
[    2.033192] serial8250: ttyS0 at I/O 0x3f8 (irq = 4) is a 16550A
[    2.033246] serial8250: ttyS1 at I/O 0x2f8 (irq = 3) is a 16550A
[    2.033299] 00:0a: ttyS0 at I/O 0x3f8 (irq = 4) is a 16550A
[    2.033352] 00:0b: ttyS1 at I/O 0x2f8 (irq = 3) is a 16550A
[    2.033405] brd: module loaded
[    2.033458] loop: module loaded
[    2.033511] ata_piix 0000:00:07.1: version 2.13
[    2.033596] scsi0 : ata_piix
[    2.033645] scsi1 : ata_piix
[    2.033666] ata1: PATA max UDMA/33 cmd 0x1f0 ctl 0x3f6 bmdma 0x10c0 irq 14
[    2.033668] ata2: PATA max UDMA/33 cmd 0x170 ctl 0x376 bmdma 0x10c8 irq 15
[    2.033729] PPP generic driver version 2.4.2
[    2.033751] tun: Universal TUN/TAP device driver, 1.6
[    2.033753] tun: (C) 1999-2004 Max Krasnyansky <maxk@qualcomm.com>
[    2.033806] ehci_hcd: USB 2.0 'Enhanced' Host Controller (EHCI) Driver
[    2.033859] ACPI: PCI Interrupt Link [LNKB] enabled at IRQ 11
[    2.033862] PCI: setting IRQ 11 as level-triggered
[    2.033869] ehci_hcd 0000:02:03.0: PCI INT A -> Link[LNKB] -> GSI 11 (level, low) -> IRQ 11
[    2.033909] ehci_hcd 0000:02:03.0: EHCI Host Controller
[    2.033932] ehci_hcd 0000:02:03.0: new USB bus registered, assigned bus number 1
[    2.033985] ehci_hcd 0000:02:03.0: cache line size of 32 is not supported
[    2.033992] ehci_hcd 0000:02:03.0: irq 11, io mem 0xc9000000
[    2.034307] random 0000 0000 0000 00000000 00000000: rand_read_num 3 get_random_bytes(8): sig 00000000 00000000 00000000
[    2.034309] random 0000 0000 0000 00000000 00000000: extract_entropy(.. 8 ..)
[    2.034312] random 0000 0000 0000 00000000 00000000: going to reseed nonblocking with 64 bits (64 of 0 requested)
[    2.034315] random 0000 0000 0000 00000000 00000000: extract_entropy(.. 8 ..)
[    2.034317] random 0000 0000 0000 00000000 00000000: trying to extract 64 bits from input
[    2.034319] random 0000 0000 0000 00000000 00000000: debiting 0 entropy credits from input
[    2.034321] random 0000 0000 0000 00000000 00000000: extract_entropy account returned: 0 
[    2.034324] random 0000 0000 0000 00000000 00000000: urand_change_num 5 xfer_secondary_pool(8): pool_sig 00000000, data_sig 00000000, bytes_mixed 0 00000000 00000000
[    2.034327] random 0000 0000 0000 00000000 00000000: trying to extract 64 bits from nonblocking
[    2.034330] random 0000 0000 0000 00000000 00000000: debiting 64 entropy credits from nonblocking (unlimited)
[    2.034332] random 0000 0000 0000 00000000 00000000: extract_entropy account returned: 8 
[    2.034336] random 0000 0000 0000 00000000 00000000: urand_change_num 6 extract_buf: pool_sig 00000000, data_sig fffffff9, bytes_mixed 20 00000000 00000000
[    2.042524] ehci_hcd 0000:02:03.0: USB 2.0 started, EHCI 1.00
[    2.042577] usb usb1: configuration #1 chosen from 1 choice
[    2.042595] hub 1-0:1.0: USB hub found
[    2.042600] hub 1-0:1.0: 6 ports detected
[    2.042632] ohci_hcd: USB 1.1 'Open' Host Controller (OHCI) Driver
[    2.042643] uhci_hcd: USB Universal Host Controller Interface driver
[    2.042696] ACPI: PCI Interrupt Link [LNKC] enabled at IRQ 10
[    2.042698] PCI: setting IRQ 10 as level-triggered
[    2.042702] uhci_hcd 0000:02:00.0: PCI INT A -> Link[LNKC] -> GSI 10 (level, low) -> IRQ 10
[    2.042738] uhci_hcd 0000:02:00.0: UHCI Host Controller
[    2.042765] uhci_hcd 0000:02:00.0: new USB bus registered, assigned bus number 2
[    2.042870] uhci_hcd 0000:02:00.0: irq 10, io base 0x000020c0
[    2.042923] usb usb2: configuration #1 chosen from 1 choice
[    2.042938] hub 2-0:1.0: USB hub found
[    2.042942] hub 2-0:1.0: 2 ports detected
[    2.042995] usbcore: registered new interface driver libusual
[    2.043044] PNP: PS/2 Controller [PNP0303:KBC,PNP0f13:MOUS] at 0x60,0x64 irq 1,12
[    2.043379] serio: i8042 KBD port at 0x60,0x64 irq 1
[    2.043387] serio: i8042 AUX port at 0x60,0x64 irq 12
[    2.043419] mice: PS/2 mouse device common for all mice
[    2.043473] rtc_cmos 00:04: rtc core: registered rtc_cmos as rtc0
[    2.043488] rtc0: alarms up to one month, y3k, 114 bytes nvram, hpet irqs
[    2.043540] device-mapper: uevent: version 1.0.3
[    2.043653] device-mapper: ioctl: 4.15.0-ioctl (2009-04-01) initialised: dm-devel@redhat.com
[    2.043669] EISA: Probing bus 0 at eisa.0
[    2.043676] Cannot allocate resource for EISA slot 1
[    2.043678] Cannot allocate resource for EISA slot 2
[    2.043679] Cannot allocate resource for EISA slot 3
[    2.043681] Cannot allocate resource for EISA slot 4
[    2.043683] Cannot allocate resource for EISA slot 5
[    2.043685] Cannot allocate resource for EISA slot 6
[    2.043686] Cannot allocate resource for EISA slot 7
[    2.043688] Cannot allocate resource for EISA slot 8
[    2.043690] EISA: Detected 0 cards.
[    2.043793] cpuidle: using governor ladder
[    2.043795] cpuidle: using governor menu
[    2.043848] random 0000 0000 0000 00000000 00000000: rand_read_num 4 get_random_bytes(136): sig 0000021d 00000000 00000000
[    2.043850] random 0000 0000 0000 00000000 00000000: extract_entropy(.. 136 ..)
[    2.043853] random 0000 0000 0000 00000000 00000000: going to reseed nonblocking with 1024 bits (1088 of 0 requested)
[    2.043855] random 0000 0000 0000 00000000 00000000: extract_entropy(.. 128 ..)
[    2.043857] random 0000 0000 0000 00000000 00000000: trying to extract 1024 bits from input
[    2.043859] random 0000 0000 0000 00000000 00000000: debiting 0 entropy credits from input
[    2.043861] random 0000 0000 0000 00000000 00000000: extract_entropy account returned: 0 
[    2.043864] random 0000 0000 0000 00000000 00000000: urand_change_num 7 xfer_secondary_pool(136): pool_sig 0000021d, data_sig 00000000, bytes_mixed 0 00000000 00000000
[    2.043867] random 0000 0000 0000 00000000 00000000: trying to extract 1088 bits from nonblocking
[    2.043869] random 0000 0000 0000 00000000 00000000: debiting 1088 entropy credits from nonblocking (unlimited)
[    2.043871] random 0000 0000 0000 00000000 00000000: extract_entropy account returned: 136 
[    2.043874] random 0000 0000 0000 00000000 00000000: urand_change_num 8 extract_buf: pool_sig 0000021d, data_sig fffffff7, bytes_mixed 20 00000000 00000000
[    2.043879] random 0000 0000 0000 f961ee50 ba9cb1aa: urand_change_num 9 extract_buf: pool_sig 00000230, data_sig fffffeb4, bytes_mixed 20 f961ee50 ba9cb1aa
[    2.043883] random 0000 0000 0000 9748bdd6 56fb8af6: urand_change_num 10 extract_buf: pool_sig 00000373, data_sig 000000cf, bytes_mixed 20 9748bdd6 56fb8af6
[    2.043887] random 0000 0000 0000 9748bdd6 56fb8af6: urand_change_num 11 extract_buf: pool_sig fffffe49, data_sig 0000023f, bytes_mixed 20 9748bdd6 56fb8af6
[    2.043891] random 0000 0000 0000 a135be86 4777650e: urand_change_num 12 extract_buf: pool_sig fffffcce, data_sig 000000c6, bytes_mixed 20 a135be86 4777650e
[    2.043895] random 0000 0000 0000 4a6ea85d 170e00dd: urand_change_num 13 extract_buf: pool_sig ffffff97, data_sig ffffff7d, bytes_mixed 20 4a6ea85d 170e00dd
[    2.043900] random 0000 0000 0000 4a6ea85d 170e00dd: urand_change_num 14 extract_buf: pool_sig 00000160, data_sig fffffeea, bytes_mixed 20 4a6ea85d 170e00dd
[    2.043904] random 0000 0000 0000 6e87c3cb da668c73: urand_change_num 15 extract_buf: pool_sig 0000034f, data_sig ffffff54, bytes_mixed 20 6e87c3cb da668c73
[    2.043908] random 0000 0000 0000 6e87c3cb da668c73: urand_change_num 16 extract_buf: pool_sig fffffdc5, data_sig 00000205, bytes_mixed 20 6e87c3cb da668c73
[    2.043912] random 0000 0000 0000 39f531e6 461eb249: urand_change_num 17 extract_buf: pool_sig fffffc1d, data_sig ffffff5e, bytes_mixed 20 39f531e6 461eb249
[    2.043916] random 0000 0000 0000 7e1538a2 3e661182: urand_change_num 18 extract_buf: pool_sig 000006ef, data_sig ffffff2e, bytes_mixed 20 7e1538a2 3e661182
[    2.043920] random 0000 0000 0000 7e1538a2 3e661182: urand_change_num 19 extract_buf: pool_sig 00000317, data_sig fffffccb, bytes_mixed 20 7e1538a2 3e661182
[    2.043924] random 0000 0000 0000 76af506b 9b57305e: urand_change_num 20 extract_buf: pool_sig 00000227, data_sig ffffffd2, bytes_mixed 20 76af506b 9b57305e
[    2.043929] random 0000 0000 0000 37d49d89 e20417cc: urand_change_num 21 extract_buf: pool_sig 0000080b, data_sig 000001e9, bytes_mixed 20 37d49d89 e20417cc
[    2.043932] TCP cubic registered
[    2.043986] NET: Registered protocol family 10
[    2.044019] RANDOM - __random32 called. Change num 12.  Value: 5eba7c56	3354535f	8d65ceee
[    2.044021] RANDOM - random32 called.  Value: 5eba7c56	3354535f	8d65ceee
[    2.044029] random 0000 0000 0000 37d49d89 e20417cc: rand_read_num 5 get_random_bytes(4): sig 00000298 37d49d89 e20417cc
[    2.044031] random 0000 0000 0000 37d49d89 e20417cc: extract_entropy(.. 4 ..)
[    2.044034] random 0000 0000 0000 37d49d89 e20417cc: going to reseed nonblocking with 64 bits (32 of 0 requested)
[    2.044036] random 0000 0000 0000 37d49d89 e20417cc: extract_entropy(.. 8 ..)
[    2.044038] random 0000 0000 0000 37d49d89 e20417cc: trying to extract 64 bits from input
[    2.044040] random 0000 0000 0000 37d49d89 e20417cc: debiting 0 entropy credits from input
[    2.044042] random 0000 0000 0000 37d49d89 e20417cc: extract_entropy account returned: 0 
[    2.044044] random 0000 0000 0000 37d49d89 e20417cc: urand_change_num 22 xfer_secondary_pool(4): pool_sig 00000298, data_sig 00000000, bytes_mixed 0 37d49d89 e20417cc
[    2.044047] random 0000 0000 0000 37d49d89 e20417cc: trying to extract 32 bits from nonblocking
[    2.044049] random 0000 0000 0000 37d49d89 e20417cc: debiting 32 entropy credits from nonblocking (unlimited)
[    2.044051] random 0000 0000 0000 37d49d89 e20417cc: extract_entropy account returned: 4 
[    2.044054] random 0000 0000 0000 37d49d89 e20417cc: urand_change_num 23 extract_buf: pool_sig 00000298, data_sig 00000092, bytes_mixed 20 37d49d89 e20417cc
[    2.044108] RANDOM - __random32 called. Change num 13.  Value: a7c56226	354535ff	9ddcc977
[    2.044110] RANDOM - random32 called.  Value: a7c56226	354535ff	9ddcc977
[    2.044163] NET: Registered protocol family 17
[    2.044183] Using IPI No-Shortcut mode
[    2.044189] random 0000 0000 0000 2ee4c4fc 167bdb15: rand_read_num 6 get_random_bytes(8): sig fffffcbf 2ee4c4fc 167bdb15
[    2.044191] random 0000 0000 0000 2ee4c4fc 167bdb15: extract_entropy(.. 8 ..)
[    2.044193] random 0000 0000 0000 2ee4c4fc 167bdb15: going to reseed nonblocking with 64 bits (64 of 0 requested)
[    2.044195] random 0000 0000 0000 2ee4c4fc 167bdb15: extract_entropy(.. 8 ..)
[    2.044197] random 0000 0000 0000 2ee4c4fc 167bdb15: trying to extract 64 bits from input
[    2.044199] random 0000 0000 0000 2ee4c4fc 167bdb15: debiting 0 entropy credits from input
[    2.044201] random 0000 0000 0000 2ee4c4fc 167bdb15: extract_entropy account returned: 0 
[    2.044204] random 0000 0000 0000 2ee4c4fc 167bdb15: urand_change_num 24 xfer_secondary_pool(8): pool_sig fffffcbf, data_sig 00000000, bytes_mixed 0 2ee4c4fc 167bdb15
[    2.044206] random 0000 0000 0000 2ee4c4fc 167bdb15: trying to extract 64 bits from nonblocking
[    2.044209] random 0000 0000 0000 2ee4c4fc 167bdb15: debiting 64 entropy credits from nonblocking (unlimited)
[    2.044211] random 0000 0000 0000 2ee4c4fc 167bdb15: extract_entropy account returned: 8 
[    2.044214] random 0000 0000 0000 2ee4c4fc 167bdb15: urand_change_num 25 extract_buf: pool_sig fffffcbf, data_sig ffffff83, bytes_mixed 20 2ee4c4fc 167bdb15
[    2.044253] PM: Resume from disk failed.
[    2.044260] registered taskstats version 1
[    2.044263] random 0000 0000 0000 2ee4c4fc 167bdb15: rand_read_num 7 get_random_bytes(12): sig fffffc69 2ee4c4fc 167bdb15
[    2.044265] random 0000 0000 0000 2ee4c4fc 167bdb15: extract_entropy(.. 12 ..)
[    2.044267] random 0000 0000 0000 2ee4c4fc 167bdb15: going to reseed nonblocking with 96 bits (96 of 0 requested)
[    2.044269] random 0000 0000 0000 2ee4c4fc 167bdb15: extract_entropy(.. 12 ..)
[    2.044271] random 0000 0000 0000 2ee4c4fc 167bdb15: trying to extract 96 bits from input
[    2.044273] random 0000 0000 0000 2ee4c4fc 167bdb15: debiting 0 entropy credits from input
[    2.044275] random 0000 0000 0000 2ee4c4fc 167bdb15: extract_entropy account returned: 0 
[    2.044278] random 0000 0000 0000 2ee4c4fc 167bdb15: urand_change_num 26 xfer_secondary_pool(12): pool_sig fffffc69, data_sig 00000000, bytes_mixed 0 2ee4c4fc 167bdb15
[    2.044281] random 0000 0000 0000 2ee4c4fc 167bdb15: trying to extract 96 bits from nonblocking
[    2.044283] random 0000 0000 0000 2ee4c4fc 167bdb15: debiting 96 entropy credits from nonblocking (unlimited)
[    2.044285] random 0000 0000 0000 2ee4c4fc 167bdb15: extract_entropy account returned: 12 
[    2.044288] random 0000 0000 0000 2ee4c4fc 167bdb15: urand_change_num 27 extract_buf: pool_sig fffffc69, data_sig ffffff7d, bytes_mixed 20 2ee4c4fc 167bdb15
[    2.044292] random 0000 0000 0000 83b7c1ab 94697f48: urand_change_num 28 extract_buf: pool_sig fffffe30, data_sig fffffdd6, bytes_mixed 20 83b7c1ab 94697f48
[    2.044295] RANDOM - __seed init called.
[    2.044296] RANDOM - __seed init called.
[    2.044297] RANDOM - __seed init called.
[    2.044299] RANDOM - __random32 called. Change num 14.  Value: fc007995	feca4f80	21b38ad2
[    2.044300] RANDOM - random32_reseed called.  Value: fc007995	feca4f80	21b38ad2
[    2.044303] Pid: 1, comm: swapper Not tainted 2.6.32.57 #4
[    2.044305] Call Trace:
[    2.044310]  [<c14a8a0e>] ? printk+0x1d/0x1f
[    2.044315]  [<c17537e5>] random32_reseed+0x89/0xbd
[    2.044318]  [<c1003042>] do_one_initcall+0x32/0x1a0
[    2.044321]  [<c175375c>] ? random32_reseed+0x0/0xbd
[    2.044324]  [<c17308e7>] kernel_init+0x12d/0x17a
[    2.044326]  [<c17307ba>] ? kernel_init+0x0/0x17a
[    2.044329]  [<c1009b07>] kernel_thread_helper+0x7/0x10
[    2.047053] input: AT Translated Set 2 keyboard as /devices/platform/i8042/serio0/input/input1
[    2.047335] random 0000 0000 0000 6db70b00 b30ce96b: rand_read_num 8 get_random_bytes(64): sig fffffb38 6db70b00 b30ce96b
[    2.047338] random 0000 0000 0000 6db70b00 b30ce96b: extract_entropy(.. 64 ..)
[    2.047341] random 0000 0000 0000 6db70b00 b30ce96b: going to reseed nonblocking with 512 bits (512 of 0 requested)
[    2.047343] random 0000 0000 0000 6db70b00 b30ce96b: extract_entropy(.. 64 ..)
[    2.047345] random 0000 0000 0000 6db70b00 b30ce96b: trying to extract 512 bits from input
[    2.047347] random 0000 0000 0000 6db70b00 b30ce96b: debiting 0 entropy credits from input
[    2.047349] random 0000 0000 0000 6db70b00 b30ce96b: extract_entropy account returned: 0 
[    2.047352] random 0000 0000 0000 6db70b00 b30ce96b: urand_change_num 29 xfer_secondary_pool(64): pool_sig fffffb38, data_sig 00000000, bytes_mixed 0 6db70b00 b30ce96b
[    2.047354] random 0000 0000 0000 6db70b00 b30ce96b: trying to extract 512 bits from nonblocking
[    2.047356] random 0000 0000 0000 6db70b00 b30ce96b: debiting 512 entropy credits from nonblocking (unlimited)
[    2.047359] random 0000 0000 0000 6db70b00 b30ce96b: extract_entropy account returned: 64 
[    2.047362] random 0000 0000 0000 6db70b00 b30ce96b: urand_change_num 30 extract_buf: pool_sig fffffb38, data_sig 00000151, bytes_mixed 20 6db70b00 b30ce96b
[    2.047366] random 0000 0000 0000 6db70b00 b30ce96b: urand_change_num 31 extract_buf: pool_sig fffffdb8, data_sig 00000379, bytes_mixed 20 6db70b00 b30ce96b
[    2.047370] random 0000 0000 0000 6b83001e d4b6c0d3: urand_change_num 32 extract_buf: pool_sig ffffffc9, data_sig 00000198, bytes_mixed 20 6b83001e d4b6c0d3
[    2.047374] random 0000 0000 0000 79d3e3c7 be564518: urand_change_num 33 extract_buf: pool_sig 000002b9, data_sig ffffff84, bytes_mixed 20 79d3e3c7 be564518
[    2.047379] random 0000 0000 0000 79d3e3c7 be564518: urand_change_num 34 extract_buf: pool_sig ffffff55, data_sig ffffff5a, bytes_mixed 20 79d3e3c7 be564518
[    2.047383] random 0000 0000 0000 89c03cb2 0d353228: urand_change_num 35 extract_buf: pool_sig 00000007, data_sig ffffff17, bytes_mixed 20 89c03cb2 0d353228
[    2.047387] random 0000 0000 0000 89c03cb2 0d353228: urand_change_num 36 extract_buf: pool_sig fffffdae, data_sig 000000db, bytes_mixed 20 89c03cb2 0d353228  Magic number: 13:574:1008
[    2.047479] rtc_cmos 00:04: setting system clock to 2013-05-24 22:58:25 UTC (1369436305)
[    2.047481] BIOS EDD facility v0.16 2004-Jun-25, 0 devices found
[    2.047483] EDD information not available.
[    2.047505] random 0000 0000 0000 8ca62387 b120332c: rand_read_num 9 get_random_bytes(64): sig fffffed6 8ca62387 b120332c
[    2.047507] random 0000 0000 0000 8ca62387 b120332c: extract_entropy(.. 64 ..)
[    2.047510] random 0000 0000 0000 8ca62387 b120332c: going to reseed nonblocking with 512 bits (512 of 0 requested)
[    2.047512] random 0000 0000 0000 8ca62387 b120332c: extract_entropy(.. 64 ..)
[    2.047514] random 0000 0000 0000 8ca62387 b120332c: trying to extract 512 bits from input
[    2.047516] random 0000 0000 0000 8ca62387 b120332c: debiting 0 entropy credits from input
[    2.047518] random 0000 0000 0000 8ca62387 b120332c: extract_entropy account returned: 0 
[    2.047520] random 0000 0000 0000 8ca62387 b120332c: urand_change_num 37 xfer_secondary_pool(64): pool_sig fffffed6, data_sig 00000000, bytes_mixed 0 8ca62387 b120332c
[    2.047523] random 0000 0000 0000 8ca62387 b120332c: trying to extract 512 bits from nonblocking
[    2.047525] random 0000 0000 0000 8ca62387 b120332c: debiting 512 entropy credits from nonblocking (unlimited)
[    2.047527] random 0000 0000 0000 8ca62387 b120332c: extract_entropy account returned: 64 
[    2.047531] random 0000 0000 0000 8ca62387 b120332c: urand_change_num 38 extract_buf: pool_sig fffffed6, data_sig fffffeb6, bytes_mixed 20 8ca62387 b120332c
[    2.047535] random 0000 0000 0000 90702413 e2a66c2e: urand_change_num 39 extract_buf: pool_sig fffffbb0, data_sig 0000012e, bytes_mixed 20 90702413 e2a66c2e
[    2.047539] random 0000 0000 0000 90702413 e2a66c2e: urand_change_num 40 extract_buf: pool_sig fffffaf1, data_sig ffffff3c, bytes_mixed 20 90702413 e2a66c2e
[    2.047543] random 0000 0000 0000 3f58038b c77aecb6: urand_change_num 41 extract_buf: pool_sig 00000234, data_sig fffffdec, bytes_mixed 20 3f58038b c77aecb6
[    2.047547] random 0000 0000 0000 47187b9d 03f21510: urand_change_num 42 extract_buf: pool_sig 00000192, data_sig 00000075, bytes_mixed 20 47187b9d 03f21510
[    2.047551] random 0000 0000 0000 47187b9d 03f21510: urand_change_num 43 extract_buf: pool_sig 0000018e, data_sig ffffffbf, bytes_mixed 20 47187b9d 03f21510
[    2.047555] random 0000 0000 0000 3180b1fc 0fa9c973: urand_change_num 44 extract_buf: pool_sig fffffecf, data_sig ffffff2a, bytes_mixed 20 3180b1fc 0fa9c973
[    2.047558] BEGIN NET_SECRET:
[    2.047559] \xffffff87
[    2.047560] \xffffff8d
[    2.047561] \xfffffff4
[    2.047562] \xffffffae
[    2.047564] \xffffffc3
[    2.047565] \xffffffb7
[    2.047566] \x31
[    2.047567] \x65
[    2.047568] \xffffffda
[    2.047569] \xffffffa2
[    2.047570] \x31
[    2.047571] \xffffffc8
[    2.047572] \xffffffa9
[    2.047573] \x76
[    2.047574] \x76
[    2.047575] \xffffff90
[    2.047576] \x55
[    2.047578] \xfffffff3
[    2.047579] \xffffffb1
[    2.047580] \x3
[    2.047581] \xffffffb3
[    2.047582] \xffffffa7
[    2.047583] \x5a
[    2.047584] \x71
[    2.047585] \x70
[    2.047586] \xffffff8c
[    2.047587] \x56
[    2.047588] \x25
[    2.047589] \xffffffe1
[    2.047590] \x4c
[    2.047591] \xffffffe6
[    2.047592] \xffffff95
[    2.047594] \x67
[    2.047595] \x4c
[    2.047596] \xffffffb9
[    2.047597] \x1d
[    2.047598] \xe
[    2.047599] \x34
[    2.047600] \xffffffbe
[    2.047601] \x12
[    2.047602] \x5
[    2.047603] \xffffff98
[    2.047604] \xffffffa0
[    2.047605] \xf
[    2.047606] \xffffffb2
[    2.047607] \xffffffde
[    2.047608] \xffffff99
[    2.047609] \xf
[    2.047611] \xffffffe8
[    2.047612] \xffffffc8
[    2.047613] \x1f
[    2.047614] \x54
[    2.047615] \x2c
[    2.047616] \xffffffee
[    2.047617] \x2e
[    2.047618] \x0
[    2.047619] \xffffff95
[    2.047620] \x0
[    2.047621] \xffffffe3
[    2.047622] \xffffffa7
[    2.047623] \xfffffffd
[    2.047624] \x66
[    2.047625] \xffffff92
[    2.047626] \xfffffff0
[    2.047628] 
[    2.047628] END NET_SECRET
[    2.047631] random 0000 0000 0000 3180b1fc 0fa9c973: rand_read_num 10 get_random_bytes(4): sig ffffff46 3180b1fc 0fa9c973
[    2.047633] random 0000 0000 0000 3180b1fc 0fa9c973: extract_entropy(.. 4 ..)
[    2.047635] random 0000 0000 0000 3180b1fc 0fa9c973: going to reseed nonblocking with 64 bits (32 of 0 requested)
[    2.047637] random 0000 0000 0000 3180b1fc 0fa9c973: extract_entropy(.. 8 ..)
[    2.047639] random 0000 0000 0000 3180b1fc 0fa9c973: trying to extract 64 bits from input
[    2.047641] random 0000 0000 0000 3180b1fc 0fa9c973: debiting 0 entropy credits from input
[    2.047643] random 0000 0000 0000 3180b1fc 0fa9c973: extract_entropy account returned: 0 
[    2.047646] random 0000 0000 0000 3180b1fc 0fa9c973: urand_change_num 45 xfer_secondary_pool(4): pool_sig ffffff46, data_sig 00000000, bytes_mixed 0 3180b1fc 0fa9c973
[    2.047649] random 0000 0000 0000 3180b1fc 0fa9c973: trying to extract 32 bits from nonblocking
[    2.047651] random 0000 0000 0000 3180b1fc 0fa9c973: debiting 32 entropy credits from nonblocking (unlimited)
[    2.047653] random 0000 0000 0000 3180b1fc 0fa9c973: extract_entropy account returned: 4 
[    2.047656] random 0000 0000 0000 3180b1fc 0fa9c973: urand_change_num 46 extract_buf: pool_sig ffffff46, data_sig 0000001b, bytes_mixed 20 3180b1fc 0fa9c973
[    2.222784] ata2.00: ATAPI: VMware Virtual IDE CDROM Drive, 00000001, max UDMA/33
[    2.223065] ata2.00: configured for UDMA/33
[    2.223432] scsi 1:0:0:0: CD-ROM            NECVMWar VMware IDE CDR10 1.00 PQ: 0 ANSI: 5
[    2.224802] sr0: scsi3-mmc drive: 306x/306x cd/rw xa/form2 cdda tray
[    2.224806] Uniform CD-ROM driver Revision: 3.20
[    2.224859] sr 1:0:0:0: Attached scsi CD-ROM sr0
[    2.224899] sr 1:0:0:0: Attached scsi generic sg0 type 5
[    2.224938] Freeing unused kernel memory: 652k freed
[    2.224991] Write protecting the kernel text: 4840k
[    2.225021] Write protecting the kernel read-only data: 1968k
[    2.225112] random 0000 0000 0000 38974d2b 1d8d6de0: rand_read_num 11 get_random_bytes(16): sig 000001c6 38974d2b 1d8d6de0
