[    0.000000] random 0000 0000 0000 00000000 00000000: rand_read_num 1 get_random_bytes(8): sig 00000000 00000000 00000000
[    0.000000] random 0000 0000 0000 00000000 00000000: extract_entropy(.. 8 ..)
[    0.000000] random 0000 0000 0000 00000000 00000000: going to reseed nonblocking with 64 bits (64 of 0 requested)
[    0.000000] random 0000 0000 0000 00000000 00000000: extract_entropy(.. 8 ..)
[    0.000000] random 0000 0000 0000 00000000 00000000: trying to extract 64 bits from input
[    0.000000] random 0000 0000 0000 00000000 00000000: debiting 0 entropy credits from input
[    0.000000] random 0000 0000 0000 00000000 00000000: extract_entropy account returned: 0 
[    0.000000] random 0000 0000 0000 00000000 00000000: urand_change_num 1 xfer_secondary_pool(8): pool_sig 00000000, data_sig 00000000, bytes_mixed 0 00000000 00000000
[    0.000000] random 0000 0000 0000 00000000 00000000: trying to extract 64 bits from nonblocking
[    0.000000] random 0000 0000 0000 00000000 00000000: debiting 64 entropy credits from nonblocking (unlimited)
[    0.000000] random 0000 0000 0000 00000000 00000000: extract_entropy account returned: 8 
[    0.000000] random 0000 0000 0000 00000000 00000000: urand_change_num 2 extract_buf: pool_sig 00000000, data_sig fffffff9, bytes_mixed 20 00000000 00000000
[    0.000000] Initializing cgroup subsys cpuset
[    0.000000] Initializing cgroup subsys cpu
[    0.000000] Linux version 2.6.32.57 (dcashman@ubuntu) (gcc version 4.6.3 (Ubuntu/Linaro 4.6.3-1ubuntu5) ) #4 SMP Fri May 24 11:09:26 PDT 2013
[    0.000000] KERNEL supported cpus:
[    0.000000]   Intel GenuineIntel
[    0.000000]   AMD AuthenticAMD
[    0.000000]   NSC Geode by NSC
[    0.000000]   Cyrix CyrixInstead
[    0.000000]   Centaur CentaurHauls
[    0.000000]   Transmeta GenuineTMx86
[    0.000000]   Transmeta TransmetaCPU
[    0.000000]   UMC UMC UMC UMC
[    0.000000] BIOS-provided physical RAM map:
[    0.000000]  BIOS-e820: 0000000000000000 - 000000000009f000 (usable)
[    0.000000]  BIOS-e820: 000000000009f000 - 00000000000a0000 (reserved)
[    0.000000]  BIOS-e820: 00000000000ca000 - 00000000000cc000 (reserved)
[    0.000000]  BIOS-e820: 00000000000dc000 - 0000000000100000 (reserved)
[    0.000000]  BIOS-e820: 0000000000100000 - 000000003fee0000 (usable)
[    0.000000]  BIOS-e820: 000000003fee0000 - 000000003feff000 (ACPI data)
[    0.000000]  BIOS-e820: 000000003feff000 - 000000003ff00000 (ACPI NVS)
[    0.000000]  BIOS-e820: 000000003ff00000 - 0000000040000000 (usable)
[    0.000000]  BIOS-e820: 00000000e0000000 - 00000000f0000000 (reserved)
[    0.000000]  BIOS-e820: 00000000fec00000 - 00000000fec10000 (reserved)
[    0.000000]  BIOS-e820: 00000000fee00000 - 00000000fee01000 (reserved)
[    0.000000]  BIOS-e820: 00000000fffe0000 - 0000000100000000 (reserved)
[    0.000000] DMI present.
[    0.000000] Phoenix BIOS detected: BIOS may corrupt low RAM, working around it.
[    0.000000] e820 update range: 0000000000000000 - 0000000000010000 (usable) ==> (reserved)
[    0.000000] last_pfn = 0x40000 max_arch_pfn = 0x1000000
[    0.000000] MTRR default type: uncachable
[    0.000000] MTRR fixed ranges enabled:
[    0.000000]   00000-9FFFF write-back
[    0.000000]   A0000-BFFFF uncachable
[    0.000000]   C0000-CBFFF write-protect
[    0.000000]   CC000-EFFFF uncachable
[    0.000000]   F0000-FFFFF write-protect
[    0.000000] MTRR variable ranges enabled:
[    0.000000]   0 base 0000000000 mask FFC0000000 write-back
[    0.000000]   1 disabled
[    0.000000]   2 disabled
[    0.000000]   3 disabled
[    0.000000]   4 disabled
[    0.000000]   5 disabled
[    0.000000]   6 disabled
[    0.000000]   7 disabled
[    0.000000] x86 PAT enabled: cpu 0, old 0x0, new 0x7010600070106
[    0.000000] Scanning 0 areas for low memory corruption
[    0.000000] modified physical RAM map:
[    0.000000]  modified: 0000000000000000 - 0000000000010000 (reserved)
[    0.000000]  modified: 0000000000010000 - 000000000009f000 (usable)
[    0.000000]  modified: 000000000009f000 - 00000000000a0000 (reserved)
[    0.000000]  modified: 00000000000ca000 - 00000000000cc000 (reserved)
[    0.000000]  modified: 00000000000dc000 - 0000000000100000 (reserved)
[    0.000000]  modified: 0000000000100000 - 000000003fee0000 (usable)
[    0.000000]  modified: 000000003fee0000 - 000000003feff000 (ACPI data)
[    0.000000]  modified: 000000003feff000 - 000000003ff00000 (ACPI NVS)
[    0.000000]  modified: 000000003ff00000 - 0000000040000000 (usable)
[    0.000000]  modified: 00000000e0000000 - 00000000f0000000 (reserved)
[    0.000000]  modified: 00000000fec00000 - 00000000fec10000 (reserved)
[    0.000000]  modified: 00000000fee00000 - 00000000fee01000 (reserved)
[    0.000000]  modified: 00000000fffe0000 - 0000000100000000 (reserved)
[    0.000000] initial memory mapped : 0 - 01e00000
[    0.000000] init_memory_mapping: 0000000000000000-00000000379fe000
[    0.000000] NX (Execute Disable) protection: active
[    0.000000]  0000000000 - 0000200000 page 4k
[    0.000000]  0000200000 - 0037800000 page 2M
[    0.000000]  0037800000 - 00379fe000 page 4k
[    0.000000] kernel direct mapping tables up to 379fe000 @ 10000-16000
[    0.000000] RAMDISK: 2dcfc000 - 32e758c3
[    0.000000] ACPI: RSDP 000f6b80 00024 (v02 PTLTD )
[    0.000000] ACPI: XSDT 3feed636 0005C (v01 INTEL  440BX    06040000 VMW  01324272)
[    0.000000] ACPI: FACP 3fefee98 000F4 (v04 INTEL  440BX    06040000 PTL  000F4240)
[    0.000000] ACPI: DSDT 3feee366 10B32 (v01 PTLTD  Custom   06040000 MSFT 03000001)
[    0.000000] ACPI: FACS 3fefffc0 00040
[    0.000000] ACPI: BOOT 3feee33e 00028 (v01 PTLTD  $SBFTBL$ 06040000  LTP 00000001)
[    0.000000] ACPI: APIC 3feedc3e 003C2 (v01 PTLTD  ? APIC   06040000  LTP 00000000)
[    0.000000] ACPI: MCFG 3feedc02 0003C (v01 PTLTD  $PCITBL$ 06040000  LTP 00000001)
[    0.000000] ACPI: SRAT 3feed732 004D0 (v02 VMWARE MEMPLUG  06040000 VMW  00000001)
[    0.000000] ACPI: HPET 3feed6fa 00038 (v01 VMWARE VMW HPET 06040000 VMW  00000001)
[    0.000000] ACPI: WAET 3feed6d2 00028 (v01 VMWARE VMW WAET 06040000 VMW  00000001)
[    0.000000] ACPI: Local APIC address 0xfee00000
[    0.000000] 134MB HIGHMEM available.
[    0.000000] 889MB LOWMEM available.
[    0.000000]   mapped low ram: 0 - 379fe000
[    0.000000]   low ram: 0 - 379fe000
[    0.000000]   node 0 low ram: 00000000 - 379fe000
[    0.000000]   node 0 bootmap 00012000 - 00018f40
[    0.000000] (9 early reservations) ==> bootmem [0000000000 - 00379fe000]
[    0.000000]   #0 [0000000000 - 0000001000]   BIOS data page ==> [0000000000 - 0000001000]
[    0.000000]   #1 [0000001000 - 0000002000]    EX TRAMPOLINE ==> [0000001000 - 0000002000]
[    0.000000]   #2 [0000006000 - 0000007000]       TRAMPOLINE ==> [0000006000 - 0000007000]
[    0.000000]   #3 [0001000000 - 0001a75ff8]    TEXT DATA BSS ==> [0001000000 - 0001a75ff8]
[    0.000000]   #4 [002dcfc000 - 0032e758c3]          RAMDISK ==> [002dcfc000 - 0032e758c3]
[    0.000000]   #5 [000009f000 - 0000100000]    BIOS reserved ==> [000009f000 - 0000100000]
[    0.000000]   #6 [0001a76000 - 0001a851c0]              BRK ==> [0001a76000 - 0001a851c0]
[    0.000000]   #7 [0000010000 - 0000012000]          PGTABLE ==> [0000010000 - 0000012000]
[    0.000000]   #8 [0000012000 - 0000019000]          BOOTMAP ==> [0000012000 - 0000019000]
[    0.000000] found SMP MP-table at [c00f6bf0] f6bf0
[    0.000000] Zone PFN ranges:
[    0.000000]   DMA      0x00000010 -> 0x00001000
[    0.000000]   Normal   0x00001000 -> 0x000379fe
[    0.000000]   HighMem  0x000379fe -> 0x00040000
[    0.000000] Movable zone start PFN for each node
[    0.000000] early_node_map[3] active PFN ranges
[    0.000000]     0: 0x00000010 -> 0x0000009f
[    0.000000]     0: 0x00000100 -> 0x0003fee0
[    0.000000]     0: 0x0003ff00 -> 0x00040000
[    0.000000] On node 0 totalpages: 261999
[    0.000000] free_area_init_node: node 0, pgdat c1715200, node_mem_map c1a87200
[    0.000000]   DMA zone: 32 pages used for memmap
[    0.000000]   DMA zone: 0 pages reserved
[    0.000000]   DMA zone: 3951 pages, LIFO batch:0
[    0.000000]   Normal zone: 1748 pages used for memmap
[    0.000000]   Normal zone: 221994 pages, LIFO batch:31
[    0.000000]   HighMem zone: 269 pages used for memmap
[    0.000000]   HighMem zone: 34005 pages, LIFO batch:7
[    0.000000] Using APIC driver default
[    0.000000] ACPI: PM-Timer IO Port: 0x1008
[    0.000000] ACPI: Local APIC address 0xfee00000
[    0.000000] ACPI: LAPIC (acpi_id[0x00] lapic_id[0x00] enabled)
[    0.000000] ACPI: LAPIC (acpi_id[0x01] lapic_id[0x02] disabled)
[    0.000000] ACPI: LAPIC (acpi_id[0x02] lapic_id[0x04] disabled)
[    0.000000] ACPI: LAPIC (acpi_id[0x03] lapic_id[0x06] disabled)
[    0.000000] ACPI: LAPIC (acpi_id[0x04] lapic_id[0x08] disabled)
[    0.000000] ACPI: LAPIC (acpi_id[0x05] lapic_id[0x0a] disabled)
[    0.000000] ACPI: LAPIC (acpi_id[0x06] lapic_id[0x0c] disabled)
[    0.000000] ACPI: LAPIC (acpi_id[0x07] lapic_id[0x0e] disabled)
[    0.000000] ACPI: LAPIC (acpi_id[0x08] lapic_id[0x10] disabled)
[    0.000000] ACPI: LAPIC (acpi_id[0x09] lapic_id[0x12] disabled)
[    0.000000] ACPI: LAPIC (acpi_id[0x0a] lapic_id[0x14] disabled)
[    0.000000] ACPI: LAPIC (acpi_id[0x0b] lapic_id[0x16] disabled)
[    0.000000] ACPI: LAPIC (acpi_id[0x0c] lapic_id[0x18] disabled)
[    0.000000] ACPI: LAPIC (acpi_id[0x0d] lapic_id[0x1a] disabled)
[    0.000000] ACPI: LAPIC (acpi_id[0x0e] lapic_id[0x1c] disabled)
[    0.000000] ACPI: LAPIC (acpi_id[0x0f] lapic_id[0x1e] disabled)
[    0.000000] ACPI: LAPIC (acpi_id[0x10] lapic_id[0x20] disabled)
[    0.000000] ACPI: LAPIC (acpi_id[0x11] lapic_id[0x22] disabled)
[    0.000000] ACPI: LAPIC (acpi_id[0x12] lapic_id[0x24] disabled)
[    0.000000] ACPI: LAPIC (acpi_id[0x13] lapic_id[0x26] disabled)
[    0.000000] ACPI: LAPIC (acpi_id[0x14] lapic_id[0x28] disabled)
[    0.000000] ACPI: LAPIC (acpi_id[0x15] lapic_id[0x2a] disabled)
[    0.000000] ACPI: LAPIC (acpi_id[0x16] lapic_id[0x2c] disabled)
[    0.000000] ACPI: LAPIC (acpi_id[0x17] lapic_id[0x2e] disabled)
[    0.000000] ACPI: LAPIC (acpi_id[0x18] lapic_id[0x30] disabled)
[    0.000000] ACPI: LAPIC (acpi_id[0x19] lapic_id[0x32] disabled)
[    0.000000] ACPI: LAPIC (acpi_id[0x1a] lapic_id[0x34] disabled)
[    0.000000] ACPI: LAPIC (acpi_id[0x1b] lapic_id[0x36] disabled)
[    0.000000] ACPI: LAPIC (acpi_id[0x1c] lapic_id[0x38] disabled)
[    0.000000] ACPI: LAPIC (acpi_id[0x1d] lapic_id[0x3a] disabled)
[    0.000000] ACPI: LAPIC (acpi_id[0x1e] lapic_id[0x3c] disabled)
[    0.000000] ACPI: LAPIC (acpi_id[0x1f] lapic_id[0x3e] disabled)
[    0.000000] ACPI: LAPIC (acpi_id[0x20] lapic_id[0x40] disabled)
[    0.000000] ACPI: LAPIC (acpi_id[0x21] lapic_id[0x42] disabled)
[    0.000000] ACPI: LAPIC (acpi_id[0x22] lapic_id[0x44] disabled)
[    0.000000] ACPI: LAPIC (acpi_id[0x23] lapic_id[0x46] disabled)
[    0.000000] ACPI: LAPIC (acpi_id[0x24] lapic_id[0x48] disabled)
[    0.000000] ACPI: LAPIC (acpi_id[0x25] lapic_id[0x4a] disabled)
[    0.000000] ACPI: LAPIC (acpi_id[0x26] lapic_id[0x4c] disabled)
[    0.000000] ACPI: LAPIC (acpi_id[0x27] lapic_id[0x4e] disabled)
[    0.000000] ACPI: LAPIC (acpi_id[0x28] lapic_id[0x50] disabled)
[    0.000000] ACPI: LAPIC (acpi_id[0x29] lapic_id[0x52] disabled)
[    0.000000] ACPI: LAPIC (acpi_id[0x2a] lapic_id[0x54] disabled)
[    0.000000] ACPI: LAPIC (acpi_id[0x2b] lapic_id[0x56] disabled)
[    0.000000] ACPI: LAPIC (acpi_id[0x2c] lapic_id[0x58] disabled)
[    0.000000] ACPI: LAPIC (acpi_id[0x2d] lapic_id[0x5a] disabled)
[    0.000000] ACPI: LAPIC (acpi_id[0x2e] lapic_id[0x5c] disabled)
[    0.000000] ACPI: LAPIC (acpi_id[0x2f] lapic_id[0x5e] disabled)
[    0.000000] ACPI: LAPIC (acpi_id[0x30] lapic_id[0x60] disabled)
[    0.000000] ACPI: LAPIC (acpi_id[0x31] lapic_id[0x62] disabled)
[    0.000000] ACPI: LAPIC (acpi_id[0x32] lapic_id[0x64] disabled)
[    0.000000] ACPI: LAPIC (acpi_id[0x33] lapic_id[0x66] disabled)
[    0.000000] ACPI: LAPIC (acpi_id[0x34] lapic_id[0x68] disabled)
[    0.000000] ACPI: LAPIC (acpi_id[0x35] lapic_id[0x6a] disabled)
[    0.000000] ACPI: LAPIC (acpi_id[0x36] lapic_id[0x6c] disabled)
[    0.000000] ACPI: LAPIC (acpi_id[0x37] lapic_id[0x6e] disabled)
[    0.000000] ACPI: LAPIC (acpi_id[0x38] lapic_id[0x70] disabled)
[    0.000000] ACPI: LAPIC (acpi_id[0x39] lapic_id[0x72] disabled)
[    0.000000] ACPI: LAPIC (acpi_id[0x3a] lapic_id[0x74] disabled)
[    0.000000] ACPI: LAPIC (acpi_id[0x3b] lapic_id[0x76] disabled)
[    0.000000] ACPI: LAPIC (acpi_id[0x3c] lapic_id[0x78] disabled)
[    0.000000] ACPI: LAPIC (acpi_id[0x3d] lapic_id[0x7a] disabled)
[    0.000000] ACPI: LAPIC (acpi_id[0x3e] lapic_id[0x7c] disabled)
[    0.000000] ACPI: LAPIC (acpi_id[0x3f] lapic_id[0x7e] disabled)
[    0.000000] ACPI: LAPIC_NMI (acpi_id[0x00] high edge lint[0x1])
[    0.000000] ACPI: LAPIC_NMI (acpi_id[0x01] high edge lint[0x1])
[    0.000000] ACPI: LAPIC_NMI (acpi_id[0x02] high edge lint[0x1])
[    0.000000] ACPI: LAPIC_NMI (acpi_id[0x03] high edge lint[0x1])
[    0.000000] ACPI: LAPIC_NMI (acpi_id[0x04] high edge lint[0x1])
[    0.000000] ACPI: LAPIC_NMI (acpi_id[0x05] high edge lint[0x1])
[    0.000000] ACPI: LAPIC_NMI (acpi_id[0x06] high edge lint[0x1])
[    0.000000] ACPI: LAPIC_NMI (acpi_id[0x07] high edge lint[0x1])
[    0.000000] ACPI: LAPIC_NMI (acpi_id[0x08] high edge lint[0x1])
[    0.000000] ACPI: LAPIC_NMI (acpi_id[0x09] high edge lint[0x1])
[    0.000000] ACPI: LAPIC_NMI (acpi_id[0x0a] high edge lint[0x1])
[    0.000000] ACPI: LAPIC_NMI (acpi_id[0x0b] high edge lint[0x1])
[    0.000000] ACPI: LAPIC_NMI (acpi_id[0x0c] high edge lint[0x1])
[    0.000000] ACPI: LAPIC_NMI (acpi_id[0x0d] high edge lint[0x1])
[    0.000000] ACPI: LAPIC_NMI (acpi_id[0x0e] high edge lint[0x1])
[    0.000000] ACPI: LAPIC_NMI (acpi_id[0x0f] high edge lint[0x1])
[    0.000000] ACPI: LAPIC_NMI (acpi_id[0x10] high edge lint[0x1])
[    0.000000] ACPI: LAPIC_NMI (acpi_id[0x11] high edge lint[0x1])
[    0.000000] ACPI: LAPIC_NMI (acpi_id[0x12] high edge lint[0x1])
[    0.000000] ACPI: LAPIC_NMI (acpi_id[0x13] high edge lint[0x1])
[    0.000000] ACPI: LAPIC_NMI (acpi_id[0x14] high edge lint[0x1])
[    0.000000] ACPI: LAPIC_NMI (acpi_id[0x15] high edge lint[0x1])
[    0.000000] ACPI: LAPIC_NMI (acpi_id[0x16] high edge lint[0x1])
[    0.000000] ACPI: LAPIC_NMI (acpi_id[0x17] high edge lint[0x1])
[    0.000000] ACPI: LAPIC_NMI (acpi_id[0x18] high edge lint[0x1])
[    0.000000] ACPI: LAPIC_NMI (acpi_id[0x19] high edge lint[0x1])
[    0.000000] ACPI: LAPIC_NMI (acpi_id[0x1a] high edge lint[0x1])
[    0.000000] ACPI: LAPIC_NMI (acpi_id[0x1b] high edge lint[0x1])
[    0.000000] ACPI: LAPIC_NMI (acpi_id[0x1c] high edge lint[0x1])
[    0.000000] ACPI: LAPIC_NMI (acpi_id[0x1d] high edge lint[0x1])
[    0.000000] ACPI: LAPIC_NMI (acpi_id[0x1e] high edge lint[0x1])
[    0.000000] ACPI: LAPIC_NMI (acpi_id[0x1f] high edge lint[0x1])
[    0.000000] ACPI: LAPIC_NMI (acpi_id[0x20] high edge lint[0x1])
[    0.000000] ACPI: LAPIC_NMI (acpi_id[0x21] high edge lint[0x1])
[    0.000000] ACPI: LAPIC_NMI (acpi_id[0x22] high edge lint[0x1])
[    0.000000] ACPI: LAPIC_NMI (acpi_id[0x23] high edge lint[0x1])
[    0.000000] ACPI: LAPIC_NMI (acpi_id[0x24] high edge lint[0x1])
[    0.000000] ACPI: LAPIC_NMI (acpi_id[0x25] high edge lint[0x1])
[    0.000000] ACPI: LAPIC_NMI (acpi_id[0x26] high edge lint[0x1])
[    0.000000] ACPI: LAPIC_NMI (acpi_id[0x27] high edge lint[0x1])
[    0.000000] ACPI: LAPIC_NMI (acpi_id[0x28] high edge lint[0x1])
[    0.000000] ACPI: LAPIC_NMI (acpi_id[0x29] high edge lint[0x1])
[    0.000000] ACPI: LAPIC_NMI (acpi_id[0x2a] high edge lint[0x1])
[    0.000000] ACPI: LAPIC_NMI (acpi_id[0x2b] high edge lint[0x1])
[    0.000000] ACPI: LAPIC_NMI (acpi_id[0x2c] high edge lint[0x1])
[    0.000000] ACPI: LAPIC_NMI (acpi_id[0x2d] high edge lint[0x1])
[    0.000000] ACPI: LAPIC_NMI (acpi_id[0x2e] high edge lint[0x1])
[    0.000000] ACPI: LAPIC_NMI (acpi_id[0x2f] high edge lint[0x1])
[    0.000000] ACPI: LAPIC_NMI (acpi_id[0x30] high edge lint[0x1])
[    0.000000] ACPI: LAPIC_NMI (acpi_id[0x31] high edge lint[0x1])
[    0.000000] ACPI: LAPIC_NMI (acpi_id[0x32] high edge lint[0x1])
[    0.000000] ACPI: LAPIC_NMI (acpi_id[0x33] high edge lint[0x1])
[    0.000000] ACPI: LAPIC_NMI (acpi_id[0x34] high edge lint[0x1])
[    0.000000] ACPI: LAPIC_NMI (acpi_id[0x35] high edge lint[0x1])
[    0.000000] ACPI: LAPIC_NMI (acpi_id[0x36] high edge lint[0x1])
[    0.000000] ACPI: LAPIC_NMI (acpi_id[0x37] high edge lint[0x1])
[    0.000000] ACPI: LAPIC_NMI (acpi_id[0x38] high edge lint[0x1])
[    0.000000] ACPI: LAPIC_NMI (acpi_id[0x39] high edge lint[0x1])
[    0.000000] ACPI: LAPIC_NMI (acpi_id[0x3a] high edge lint[0x1])
[    0.000000] ACPI: LAPIC_NMI (acpi_id[0x3b] high edge lint[0x1])
[    0.000000] ACPI: LAPIC_NMI (acpi_id[0x3c] high edge lint[0x1])
[    0.000000] ACPI: LAPIC_NMI (acpi_id[0x3d] high edge lint[0x1])
[    0.000000] ACPI: LAPIC_NMI (acpi_id[0x3e] high edge lint[0x1])
[    0.000000] ACPI: LAPIC_NMI (acpi_id[0x3f] high edge lint[0x1])
[    0.000000] ACPI: Skipping IOAPIC probe due to 'noapic' option.
[    0.000000] Using ACPI for processor (LAPIC) configuration information
[    0.000000] ACPI: HPET id: 0x8086af01 base: 0xfed00000
[    0.000000] Intel MultiProcessor Specification v1.4
[    0.000000]     Virtual Wire compatibility mode.
[    0.000000] MPTABLE: OEM ID: INTEL   
[    0.000000] MPTABLE: Product ID: 440BX       
[    0.000000] MPTABLE: APIC at: 0xFEE00000
[    0.000000] I/O APIC #1 Version 17 at 0xFEC00000.
[    0.000000] Processors: 1
[    0.000000] 64 Processors exceeds NR_CPUS limit of 8
[    0.000000] SMP: Allowing 8 CPUs, 7 hotplug CPUs
[    0.000000] nr_irqs_gsi: 24
[    0.000000] PM: Registered nosave memory: 000000000009f000 - 00000000000a0000
[    0.000000] PM: Registered nosave memory: 00000000000a0000 - 00000000000ca000
[    0.000000] PM: Registered nosave memory: 00000000000ca000 - 00000000000cc000
[    0.000000] PM: Registered nosave memory: 00000000000cc000 - 00000000000dc000
[    0.000000] PM: Registered nosave memory: 00000000000dc000 - 0000000000100000
[    0.000000] Allocating PCI resources starting at 40000000 (gap: 40000000:a0000000)
[    0.000000] Booting paravirtualized kernel on bare hardware
[    0.000000] NR_CPUS:8 nr_cpumask_bits:8 nr_cpu_ids:8 nr_node_ids:1
[    0.000000] PERCPU: Embedded 15 pages/cpu @c2400000 s39320 r0 d22120 u262144
[    0.000000] pcpu-alloc: s39320 r0 d22120 u262144 alloc=1*2097152
[    0.000000] pcpu-alloc: [0] 0 1 2 3 4 5 6 7 
[    0.000000] Built 1 zonelists in Zone order, mobility grouping on.  Total pages: 259950
[    0.000000] Kernel command line: BOOT_IMAGE=/boot/vmlinuz-2.6.32.57 root=UUID=007b598c-390d-4c65-84a1-4ff752d48633 ro quiet splash maxcpus=0
[    0.000000] PID hash table entries: 4096 (order: 2, 16384 bytes)
[    0.000000] Dentry cache hash table entries: 131072 (order: 7, 524288 bytes)
[    0.000000] Inode-cache hash table entries: 65536 (order: 6, 262144 bytes)
[    0.000000] Enabling fast FPU save and restore... done.
[    0.000000] Enabling unmasked SIMD FPU exception support... done.
[    0.000000] Initializing CPU#0
[    0.000000] xsave/xrstor: enabled xstate_bv 0x7, cntxt size 0x340
[    0.000000] allocated 5242560 bytes of page_cgroup
[    0.000000] please try 'cgroup_disable=memory' option if you don't want memory cgroups
[    0.000000] Initializing HighMem for node 0 (000379fe:00040000)
[    0.000000] Memory: 938260k/1048576k available (4839k kernel code, 108848k reserved, 2518k data, 652k init, 137096k highmem)
[    0.000000] virtual kernel memory layout:
[    0.000000]     fixmap  : 0xfff1e000 - 0xfffff000   ( 900 kB)
[    0.000000]     pkmap   : 0xffa00000 - 0xffc00000   (2048 kB)
[    0.000000]     vmalloc : 0xf81fe000 - 0xff9fe000   ( 120 MB)
[    0.000000]     lowmem  : 0xc0000000 - 0xf79fe000   ( 889 MB)
[    0.000000]       .init : 0xc1730000 - 0xc17d3000   ( 652 kB)
[    0.000000]       .data : 0xc14b9cce - 0xc172f764   (2518 kB)
[    0.000000]       .text : 0xc1000000 - 0xc14b9cce   (4839 kB)
[    0.000000] Checking if this processor honours the WP bit even in supervisor mode...Ok.
[    0.000000] SLUB: Genslabs=13, HWalign=64, Order=0-3, MinObjects=0, CPUs=8, Nodes=1
[    0.000000] Hierarchical RCU implementation.
[    0.000000] NR_IRQS:2304 nr_irqs:472
[    0.000000] Extended CMOS year: 2000
[    0.000000] Console: colour VGA+ 80x25
[    0.000000] console [tty0] enabled
[    0.000000] hpet clockevent registered
[    0.000000] TSC freq read from hypervisor : 2394.620 MHz
[    0.000000] Detected 2394.620 MHz processor.
[    0.000003] Calibrating delay loop (skipped) preset value.. 4789.24 BogoMIPS (lpj=9578480)
[    0.000011] Security Framework initialized
[    0.000014] SELinux:  Disabled at boot.
[    0.000018] Mount-cache hash table entries: 512
[    0.000230] Initializing cgroup subsys cpuacct
[    0.000233] Initializing cgroup subsys memory
[    0.000236] Initializing cgroup subsys devices
[    0.000238] Initializing cgroup subsys freezer
[    0.000264] CPU: Physical Processor ID: 0
[    0.000271] CPU: L1 I cache: 32K, L1 D cache: 32K
[    0.000272] CPU: L2 cache: 256K
[    0.000273] CPU: L3 cache: 4096K
[    0.000278] mce: CPU supports 0 MCE banks
[    0.000290] Performance Events: no PMU driver, software events only.
[    0.000300] Checking 'hlt' instruction... OK.
[    0.017415] SMP alternatives: switching to UP code
[    0.035609] ACPI: Core revision 20090903
[    0.042040] ACPI: setting ELCR to 0200 (from 0e20)
[    0.043093] ftrace: converting mcount calls to 0f 1f 44 00 00
[    0.043099] ftrace: allocating 22631 entries in 45 pages
[    0.060878] CANARY value: 4932d101 for PID: 1
[    0.060910] Not enabling x2apic, Intr-remapping init failed.
[    0.060911] Enabling APIC mode:  Flat.  Using 1 I/O APICs
[    0.060920] SMP mode deactivated.
[    0.060957] SMP disabled
[    0.061016] Brought up 1 CPUs
[    0.061017] Total of 1 processors activated (4789.24 BogoMIPS).
[    0.061022] CPU0 attaching NULL sched-domain.
[    0.061094] devtmpfs: initialized
[    0.061206] sysctl table check failed: /kernel/random/now_input .1.40.7 Unknown sysctl binary path
[    0.061463] Pid: 1, comm: swapper Not tainted 2.6.32.57 #4
[    0.061464] Call Trace:
[    0.061469]  [<c14a8a0e>] ? printk+0x1d/0x1f
[    0.061472]  [<c107b56f>] set_fail+0x4f/0x60
[    0.061474]  [<c107b8b3>] sysctl_check_table+0x333/0x620
[    0.061476]  [<c107b8cc>] sysctl_check_table+0x34c/0x620
[    0.061478]  [<c107b8cc>] sysctl_check_table+0x34c/0x620
[    0.061481]  [<c1746d48>] sysctl_init+0x25/0x29
[    0.061484]  [<c1003042>] do_one_initcall+0x32/0x1a0
[    0.061486]  [<c1746d23>] ? sysctl_init+0x0/0x29
[    0.061488]  [<c17308e7>] kernel_init+0x12d/0x17a
[    0.061490]  [<c17307ba>] ? kernel_init+0x0/0x17a
[    0.061492]  [<c1009b07>] kernel_thread_helper+0x7/0x10
[    0.061494] sysctl table check failed: /kernel/random/now_blocking .1.40.8 Unknown sysctl binary path
[    0.061740] Pid: 1, comm: swapper Not tainted 2.6.32.57 #4
[    0.061740] Call Trace:
[    0.061742]  [<c14a8a0e>] ? printk+0x1d/0x1f
[    0.061744]  [<c107b56f>] set_fail+0x4f/0x60
[    0.061745]  [<c107b8b3>] sysctl_check_table+0x333/0x620
[    0.061747]  [<c107b8cc>] sysctl_check_table+0x34c/0x620
[    0.061749]  [<c107b8cc>] sysctl_check_table+0x34c/0x620
[    0.061751]  [<c1746d48>] sysctl_init+0x25/0x29
[    0.061753]  [<c1003042>] do_one_initcall+0x32/0x1a0
[    0.061755]  [<c1746d23>] ? sysctl_init+0x0/0x29
[    0.061757]  [<c17308e7>] kernel_init+0x12d/0x17a
[    0.061758]  [<c17307ba>] ? kernel_init+0x0/0x17a
[    0.061760]  [<c1009b07>] kernel_thread_helper+0x7/0x10
[    0.061761] sysctl table check failed: /kernel/random/now_nonblocking .1.40.9 Unknown sysctl binary path
[    0.062019] Pid: 1, comm: swapper Not tainted 2.6.32.57 #4
[    0.062020] Call Trace:
[    0.062022]  [<c14a8a0e>] ? printk+0x1d/0x1f
[    0.062023]  [<c107b56f>] set_fail+0x4f/0x60
[    0.062025]  [<c107b8b3>] sysctl_check_table+0x333/0x620
[    0.062027]  [<c107b8cc>] sysctl_check_table+0x34c/0x620
[    0.062028]  [<c107b8cc>] sysctl_check_table+0x34c/0x620
[    0.062031]  [<c1746d48>] sysctl_init+0x25/0x29
[    0.062032]  [<c1003042>] do_one_initcall+0x32/0x1a0
[    0.062035]  [<c1746d23>] ? sysctl_init+0x0/0x29
[    0.062036]  [<c17308e7>] kernel_init+0x12d/0x17a
[    0.062038]  [<c17307ba>] ? kernel_init+0x0/0x17a
[    0.062039]  [<c1009b07>] kernel_thread_helper+0x7/0x10
[    0.062041] sysctl table check failed: /kernel/random/nb_input_bytes .1.40.10 Unknown sysctl binary path
[    0.062288] Pid: 1, comm: swapper Not tainted 2.6.32.57 #4
[    0.062288] Call Trace:
[    0.062290]  [<c14a8a0e>] ? printk+0x1d/0x1f
[    0.062291]  [<c107b56f>] set_fail+0x4f/0x60
[    0.062293]  [<c107b8b3>] sysctl_check_table+0x333/0x620
[    0.062295]  [<c107b8cc>] sysctl_check_table+0x34c/0x620
[    0.062296]  [<c107b8cc>] sysctl_check_table+0x34c/0x620
[    0.062299]  [<c1746d48>] sysctl_init+0x25/0x29
[    0.062300]  [<c1003042>] do_one_initcall+0x32/0x1a0
[    0.062303]  [<c1746d23>] ? sysctl_init+0x0/0x29
[    0.062304]  [<c17308e7>] kernel_init+0x12d/0x17a
[    0.062306]  [<c17307ba>] ? kernel_init+0x0/0x17a
[    0.062307]  [<c1009b07>] kernel_thread_helper+0x7/0x10
[    0.062309] sysctl table check failed: /kernel/random/nb_stir_count .1.40.11 Unknown sysctl binary path
[    0.062554] Pid: 1, comm: swapper Not tainted 2.6.32.57 #4
[    0.062555] Call Trace:
[    0.062557]  [<c14a8a0e>] ? printk+0x1d/0x1f
[    0.062558]  [<c107b56f>] set_fail+0x4f/0x60
[    0.062560]  [<c107b8b3>] sysctl_check_table+0x333/0x620
[    0.062562]  [<c107b8cc>] sysctl_check_table+0x34c/0x620
[    0.062563]  [<c107b8cc>] sysctl_check_table+0x34c/0x620
[    0.062566]  [<c1746d48>] sysctl_init+0x25/0x29
[    0.062567]  [<c1003042>] do_one_initcall+0x32/0x1a0
[    0.062569]  [<c1746d23>] ? sysctl_init+0x0/0x29
[    0.062571]  [<c17308e7>] kernel_init+0x12d/0x17a
[    0.062572]  [<c17307ba>] ? kernel_init+0x0/0x17a
[    0.062574]  [<c1009b07>] kernel_thread_helper+0x7/0x10
[    0.062576] sysctl table check failed: /kernel/random/nb_reentry_count .1.40.12 Unknown sysctl binary path
[    0.062823] Pid: 1, comm: swapper Not tainted 2.6.32.57 #4
[    0.062824] Call Trace:
[    0.062825]  [<c14a8a0e>] ? printk+0x1d/0x1f
[    0.062827]  [<c107b56f>] set_fail+0x4f/0x60
[    0.062828]  [<c107b8b3>] sysctl_check_table+0x333/0x620
[    0.062830]  [<c107b8cc>] sysctl_check_table+0x34c/0x620
[    0.062832]  [<c107b8cc>] sysctl_check_table+0x34c/0x620
[    0.062834]  [<c1746d48>] sysctl_init+0x25/0x29
[    0.062836]  [<c1003042>] do_one_initcall+0x32/0x1a0
[    0.062838]  [<c1746d23>] ? sysctl_init+0x0/0x29
[    0.062839]  [<c17308e7>] kernel_init+0x12d/0x17a
[    0.062841]  [<c17307ba>] ? kernel_init+0x0/0x17a
[    0.062843]  [<c1009b07>] kernel_thread_helper+0x7/0x10
[    0.062972] RANDOM - __seed init called.
[    0.062972] RANDOM - __seed init called.
[    0.062973] RANDOM - __seed init called.
[    0.062975] RANDOM - __random32 called. Change num 1.  Value: 865378fd	b53d80db	1f8ba37e
[    0.062976] RANDOM - __random32 called. Change num 2.  Value: 378fdd29	53d80db0	46fc7ad7
[    0.062977] RANDOM - __random32 called. Change num 3.  Value: fdd29985	3d80db0e	f5ae23f5
[    0.062979] RANDOM - __random32 called. Change num 4.  Value: 299855dc	d80db0e5	47eb1be7
[    0.062980] RANDOM - __random32 called. Change num 5.  Value: 855dc464	80db0e5c	37cf1678
[    0.062981] RANDOM - __random32 called. Change num 6.  Value: dc4647ba	db0e5c1	2cf136f4
[    0.062983] RANDOM - random32 init called.  Value: dc4647ba	db0e5c1	2cf136f4
[    0.062989] regulator: core version 0.5
[    0.063052] Time: 21:37:02  Date: 05/24/13
[    0.063088] NET: Registered protocol family 16
[    0.063152] EISA bus registered
[    0.063928] ACPI: bus type pci registered
[    0.064043] PCI: MCFG configuration 0: base e0000000 segment 0 buses 0 - 255
[    0.064045] PCI: MCFG area at e0000000 reserved in E820
[    0.064046] PCI: Using MMCONFIG for extended config space
[    0.064047] PCI: Using configuration type 1 for base access
[    0.064519] bio: create slab <bio-0> at 0
[    0.065755] ACPI: EC: Look up EC in DSDT
[    0.103348] ACPI: BIOS _OSI(Linux) query ignored
[    0.109028] ACPI: Interpreter enabled
[    0.109032] ACPI: (supports S0 S1 S4 S5)
[    0.109043] ACPI: Using PIC for interrupt routing
[    0.191331] ACPI: No dock devices found.
[    0.192189] ACPI: PCI Root Bridge [PCI0] (0000:00)
[    0.193681] pci 0000:00:07.1: reg 20 io port: [0x10c0-0x10cf]
[    0.194181] pci 0000:00:07.3: quirk: region 1000-103f claimed by PIIX4 ACPI
[    0.194191] pci 0000:00:07.3: quirk: region 1040-104f claimed by PIIX4 SMB
[    0.194714] pci 0000:00:07.7: reg 10 io port: [0x1080-0x10bf]
[    0.195099] pci 0000:00:07.7: reg 14 64bit mmio: [0xc8000000-0xc8001fff]
[    0.196202] pci 0000:00:0f.0: reg 10 io port: [0x10d0-0x10df]
[    0.196239] pci 0000:00:0f.0: reg 14 32bit mmio pref: [0xd0000000-0xd7ffffff]
[    0.196274] pci 0000:00:0f.0: reg 18 32bit mmio: [0xc8800000-0xc8ffffff]
[    0.196410] pci 0000:00:0f.0: reg 30 32bit mmio pref: [0x000000-0x007fff]
[    0.196950] pci 0000:00:10.0: reg 10 io port: [0x1400-0x14ff]
[    0.197338] pci 0000:00:10.0: reg 14 64bit mmio: [0xc8040000-0xc805ffff]
[    0.197705] pci 0000:00:10.0: reg 1c 64bit mmio: [0xc8020000-0xc803ffff]
[    0.197788] pci 0000:00:10.0: reg 30 32bit mmio pref: [0x000000-0x003fff]
[    0.199225] pci 0000:00:15.0: PME# supported from D0 D3hot D3cold
[    0.199245] pci 0000:00:15.0: PME# disabled
[    0.200074] pci 0000:00:15.1: PME# supported from D0 D3hot D3cold
[    0.200093] pci 0000:00:15.1: PME# disabled
[    0.200910] pci 0000:00:15.2: PME# supported from D0 D3hot D3cold
[    0.200928] pci 0000:00:15.2: PME# disabled
[    0.201742] pci 0000:00:15.3: PME# supported from D0 D3hot D3cold
[    0.201770] pci 0000:00:15.3: PME# disabled
[    0.202578] pci 0000:00:15.4: PME# supported from D0 D3hot D3cold
[    0.202597] pci 0000:00:15.4: PME# disabled
[    0.203414] pci 0000:00:15.5: PME# supported from D0 D3hot D3cold
[    0.203433] pci 0000:00:15.5: PME# disabled
[    0.204266] pci 0000:00:15.6: PME# supported from D0 D3hot D3cold
[    0.204284] pci 0000:00:15.6: PME# disabled
[    0.205111] pci 0000:00:15.7: PME# supported from D0 D3hot D3cold
[    0.205129] pci 0000:00:15.7: PME# disabled
[    0.205961] pci 0000:00:16.0: PME# supported from D0 D3hot D3cold
[    0.205979] pci 0000:00:16.0: PME# disabled
[    0.206828] pci 0000:00:16.1: PME# supported from D0 D3hot D3cold
[    0.206846] pci 0000:00:16.1: PME# disabled
[    0.207646] pci 0000:00:16.2: PME# supported from D0 D3hot D3cold
[    0.207665] pci 0000:00:16.2: PME# disabled
[    0.208496] pci 0000:00:16.3: PME# supported from D0 D3hot D3cold
[    0.208516] pci 0000:00:16.3: PME# disabled
[    0.209406] pci 0000:00:16.4: PME# supported from D0 D3hot D3cold
[    0.209428] pci 0000:00:16.4: PME# disabled
[    0.210370] pci 0000:00:16.5: PME# supported from D0 D3hot D3cold
[    0.210390] pci 0000:00:16.5: PME# disabled
[    0.211252] pci 0000:00:16.6: PME# supported from D0 D3hot D3cold
[    0.211271] pci 0000:00:16.6: PME# disabled
[    0.212206] pci 0000:00:16.7: PME# supported from D0 D3hot D3cold
[    0.212228] pci 0000:00:16.7: PME# disabled
[    0.213088] pci 0000:00:17.0: PME# supported from D0 D3hot D3cold
[    0.213108] pci 0000:00:17.0: PME# disabled
[    0.213965] pci 0000:00:17.1: PME# supported from D0 D3hot D3cold
[    0.213985] pci 0000:00:17.1: PME# disabled
[    0.214849] pci 0000:00:17.2: PME# supported from D0 D3hot D3cold
[    0.214869] pci 0000:00:17.2: PME# disabled
[    0.215750] pci 0000:00:17.3: PME# supported from D0 D3hot D3cold
[    0.215770] pci 0000:00:17.3: PME# disabled
[    0.216625] pci 0000:00:17.4: PME# supported from D0 D3hot D3cold
[    0.216645] pci 0000:00:17.4: PME# disabled
[    0.217478] pci 0000:00:17.5: PME# supported from D0 D3hot D3cold
[    0.217497] pci 0000:00:17.5: PME# disabled
[    0.218315] pci 0000:00:17.6: PME# supported from D0 D3hot D3cold
[    0.218333] pci 0000:00:17.6: PME# disabled
[    0.219160] pci 0000:00:17.7: PME# supported from D0 D3hot D3cold
[    0.219178] pci 0000:00:17.7: PME# disabled
[    0.220007] pci 0000:00:18.0: PME# supported from D0 D3hot D3cold
[    0.220026] pci 0000:00:18.0: PME# disabled
[    0.220853] pci 0000:00:18.1: PME# supported from D0 D3hot D3cold
[    0.220871] pci 0000:00:18.1: PME# disabled
[    0.221667] pci 0000:00:18.2: PME# supported from D0 D3hot D3cold
[    0.221685] pci 0000:00:18.2: PME# disabled
[    0.222504] pci 0000:00:18.3: PME# supported from D0 D3hot D3cold
[    0.222523] pci 0000:00:18.3: PME# disabled
[    0.223365] pci 0000:00:18.4: PME# supported from D0 D3hot D3cold
[    0.223384] pci 0000:00:18.4: PME# disabled
[    0.224218] pci 0000:00:18.5: PME# supported from D0 D3hot D3cold
[    0.224237] pci 0000:00:18.5: PME# disabled
[    0.225059] pci 0000:00:18.6: PME# supported from D0 D3hot D3cold
[    0.225079] pci 0000:00:18.6: PME# disabled
[    0.225898] pci 0000:00:18.7: PME# supported from D0 D3hot D3cold
[    0.225925] pci 0000:00:18.7: PME# disabled
[    0.226959] pci 0000:02:00.0: reg 20 io port: [0x20c0-0x20df]
[    0.227419] pci 0000:02:01.0: reg 10 io port: [0x2000-0x207f]
[    0.227623] pci 0000:02:01.0: reg 30 32bit mmio pref: [0x000000-0x00ffff]
[    0.228167] pci 0000:02:02.0: reg 10 io port: [0x2080-0x20bf]
[    0.228727] pci 0000:02:03.0: reg 10 32bit mmio: [0xc9000000-0xc9000fff]
[    0.229259] pci 0000:00:11.0: transparent bridge
[    0.229278] pci 0000:00:11.0: bridge io port: [0x2000-0x3fff]
[    0.229297] pci 0000:00:11.0: bridge 32bit mmio: [0xc9000000-0xca3fffff]
[    0.229332] pci 0000:00:11.0: bridge 64bit mmio pref: [0xd8400000-0xd89fffff]
[    0.229669] pci 0000:00:15.0: bridge io port: [0x4000-0x4fff]
[    0.229688] pci 0000:00:15.0: bridge 32bit mmio: [0xca400000-0xca4fffff]
[    0.229734] pci 0000:00:15.0: bridge 64bit mmio pref: [0xd8a00000-0xd8afffff]
[    0.230078] pci 0000:00:15.1: bridge io port: [0x8000-0x8fff]
[    0.230096] pci 0000:00:15.1: bridge 32bit mmio: [0xca800000-0xca8fffff]
[    0.230132] pci 0000:00:15.1: bridge 64bit mmio pref: [0xd8e00000-0xd8efffff]
[    0.230464] pci 0000:00:15.2: bridge io port: [0xc000-0xcfff]
[    0.230483] pci 0000:00:15.2: bridge 32bit mmio: [0xcac00000-0xcacfffff]
[    0.230518] pci 0000:00:15.2: bridge 64bit mmio pref: [0xd9200000-0xd92fffff]
[    0.230906] pci 0000:00:15.3: bridge 32bit mmio: [0xcb000000-0xcb0fffff]
[    0.230942] pci 0000:00:15.3: bridge 64bit mmio pref: [0xd9600000-0xd96fffff]
[    0.231292] pci 0000:00:15.4: bridge 32bit mmio: [0xcb400000-0xcb4fffff]
[    0.231328] pci 0000:00:15.4: bridge 64bit mmio pref: [0xd9a00000-0xd9afffff]
[    0.231688] pci 0000:00:15.5: bridge 32bit mmio: [0xcb800000-0xcb8fffff]
[    0.231735] pci 0000:00:15.5: bridge 64bit mmio pref: [0xd9e00000-0xd9efffff]
[    0.232096] pci 0000:00:15.6: bridge 32bit mmio: [0xcbc00000-0xcbcfffff]
[    0.232131] pci 0000:00:15.6: bridge 64bit mmio pref: [0xda200000-0xda2fffff]
[    0.232482] pci 0000:00:15.7: bridge 32bit mmio: [0xcc000000-0xcc0fffff]
[    0.232517] pci 0000:00:15.7: bridge 64bit mmio pref: [0xda600000-0xda6fffff]
[    0.232877] pci 0000:00:16.0: bridge io port: [0x5000-0x5fff]
[    0.232896] pci 0000:00:16.0: bridge 32bit mmio: [0xca500000-0xca5fffff]
[    0.232932] pci 0000:00:16.0: bridge 64bit mmio pref: [0xd8b00000-0xd8bfffff]
[    0.233264] pci 0000:00:16.1: bridge io port: [0x9000-0x9fff]
[    0.233283] pci 0000:00:16.1: bridge 32bit mmio: [0xca900000-0xca9fffff]
[    0.233318] pci 0000:00:16.1: bridge 64bit mmio pref: [0xd8f00000-0xd8ffffff]
[    0.233651] pci 0000:00:16.2: bridge io port: [0xd000-0xdfff]
[    0.233669] pci 0000:00:16.2: bridge 32bit mmio: [0xcad00000-0xcadfffff]
[    0.233721] pci 0000:00:16.2: bridge 64bit mmio pref: [0xd9300000-0xd93fffff]
[    0.234083] pci 0000:00:16.3: bridge 32bit mmio: [0xcb100000-0xcb1fffff]
[    0.234119] pci 0000:00:16.3: bridge 64bit mmio pref: [0xd9700000-0xd97fffff]
[    0.234467] pci 0000:00:16.4: bridge 32bit mmio: [0xcb500000-0xcb5fffff]
[    0.234503] pci 0000:00:16.4: bridge 64bit mmio pref: [0xd9b00000-0xd9bfffff]
[    0.234854] pci 0000:00:16.5: bridge 32bit mmio: [0xcb900000-0xcb9fffff]
[    0.234889] pci 0000:00:16.5: bridge 64bit mmio pref: [0xd9f00000-0xd9ffffff]
[    0.235238] pci 0000:00:16.6: bridge 32bit mmio: [0xcbd00000-0xcbdfffff]
[    0.235274] pci 0000:00:16.6: bridge 64bit mmio pref: [0xda300000-0xda3fffff]
[    0.235623] pci 0000:00:16.7: bridge 32bit mmio: [0xcc100000-0xcc1fffff]
[    0.235669] pci 0000:00:16.7: bridge 64bit mmio pref: [0xda700000-0xda7fffff]
[    0.236028] pci 0000:00:17.0: bridge io port: [0x6000-0x6fff]
[    0.236048] pci 0000:00:17.0: bridge 32bit mmio: [0xca600000-0xca6fffff]
[    0.236083] pci 0000:00:17.0: bridge 64bit mmio pref: [0xd8c00000-0xd8cfffff]
[    0.236415] pci 0000:00:17.1: bridge io port: [0xa000-0xafff]
[    0.236434] pci 0000:00:17.1: bridge 32bit mmio: [0xcaa00000-0xcaafffff]
[    0.236470] pci 0000:00:17.1: bridge 64bit mmio pref: [0xd9000000-0xd90fffff]
[    0.236827] pci 0000:00:17.2: bridge io port: [0xe000-0xefff]
[    0.236847] pci 0000:00:17.2: bridge 32bit mmio: [0xcae00000-0xcaefffff]
[    0.236885] pci 0000:00:17.2: bridge 64bit mmio pref: [0xd9400000-0xd94fffff]
[    0.237245] pci 0000:00:17.3: bridge 32bit mmio: [0xcb200000-0xcb2fffff]
[    0.237280] pci 0000:00:17.3: bridge 64bit mmio pref: [0xd9800000-0xd98fffff]
[    0.237629] pci 0000:00:17.4: bridge 32bit mmio: [0xcb600000-0xcb6fffff]
[    0.237665] pci 0000:00:17.4: bridge 64bit mmio pref: [0xd9c00000-0xd9cfffff]
[    0.238034] pci 0000:00:17.5: bridge 32bit mmio: [0xcba00000-0xcbafffff]
[    0.238069] pci 0000:00:17.5: bridge 64bit mmio pref: [0xda000000-0xda0fffff]
[    0.238419] pci 0000:00:17.6: bridge 32bit mmio: [0xcbe00000-0xcbefffff]
[    0.238454] pci 0000:00:17.6: bridge 64bit mmio pref: [0xda400000-0xda4fffff]
[    0.238825] pci 0000:00:17.7: bridge 32bit mmio: [0xcc200000-0xcc2fffff]
[    0.238861] pci 0000:00:17.7: bridge 64bit mmio pref: [0xda800000-0xda8fffff]
[    0.239193] pci 0000:00:18.0: bridge io port: [0x7000-0x7fff]
[    0.239212] pci 0000:00:18.0: bridge 32bit mmio: [0xca700000-0xca7fffff]
[    0.239247] pci 0000:00:18.0: bridge 64bit mmio pref: [0xd8d00000-0xd8dfffff]
[    0.239579] pci 0000:00:18.1: bridge io port: [0xb000-0xbfff]
[    0.239598] pci 0000:00:18.1: bridge 32bit mmio: [0xcab00000-0xcabfffff]
[    0.239641] pci 0000:00:18.1: bridge 64bit mmio pref: [0xd9100000-0xd91fffff]
[    0.240003] pci 0000:00:18.2: bridge io port: [0xf000-0xffff]
[    0.240022] pci 0000:00:18.2: bridge 32bit mmio: [0xcaf00000-0xcaffffff]
[    0.240057] pci 0000:00:18.2: bridge 64bit mmio pref: [0xd9500000-0xd95fffff]
[    0.240408] pci 0000:00:18.3: bridge 32bit mmio: [0xcb300000-0xcb3fffff]
[    0.240444] pci 0000:00:18.3: bridge 64bit mmio pref: [0xd9900000-0xd99fffff]
[    0.240815] pci 0000:00:18.4: bridge 32bit mmio: [0xcb700000-0xcb7fffff]
[    0.240850] pci 0000:00:18.4: bridge 64bit mmio pref: [0xd9d00000-0xd9dfffff]
[    0.241200] pci 0000:00:18.5: bridge 32bit mmio: [0xcbb00000-0xcbbfffff]
[    0.241236] pci 0000:00:18.5: bridge 64bit mmio pref: [0xda100000-0xda1fffff]
[    0.241585] pci 0000:00:18.6: bridge 32bit mmio: [0xcbf00000-0xcbffffff]
[    0.241621] pci 0000:00:18.6: bridge 64bit mmio pref: [0xda500000-0xda5fffff]
[    0.241990] pci 0000:00:18.7: bridge 32bit mmio: [0xcc300000-0xcc3fffff]
[    0.242026] pci 0000:00:18.7: bridge 64bit mmio pref: [0xda900000-0xda9fffff]
[    0.243397] pci_bus 0000:00: on NUMA node 0
[    0.243403] ACPI: PCI Interrupt Routing Table [\_SB_.PCI0._PRT]
[    0.462820] ACPI: PCI Interrupt Link [LNKA] (IRQs 3 4 5 6 7 *9 10 11 14 15)
[    0.462975] ACPI: PCI Interrupt Link [LNKB] (IRQs 3 4 5 6 7 9 10 *11 14 15)
[    0.463126] ACPI: PCI Interrupt Link [LNKC] (IRQs 3 4 5 6 7 9 *10 11 14 15)
[    0.463275] ACPI: PCI Interrupt Link [LNKD] (IRQs 3 4 *5 6 7 9 10 11 14 15)
[    0.463427] vgaarb: device added: PCI:0000:00:0f.0,decodes=io+mem,owns=io+mem,locks=none
[    0.463437] vgaarb: loaded
[    0.463526] SCSI subsystem initialized
[    0.463571] libata version 3.00 loaded.
[    0.463612] usbcore: registered new interface driver usbfs
[    0.463623] usbcore: registered new interface driver hub
[    0.463639] usbcore: registered new device driver usb
[    0.463706] PCI: Using ACPI for IRQ routing
[    0.464647] NetLabel: Initializing
[    0.464648] NetLabel:  domain hash size = 128
[    0.464649] NetLabel:  protocols = UNLABELED CIPSOv4
[    0.464656] NetLabel:  unlabeled traffic allowed by default
[    0.464686] hpet0: at MMIO 0xfed00000, IRQs 2, 8, 0, 0, 0, 0, 0, 0, 0, 0, 0, 0, 0, 0, 0, 0
[    0.464692] hpet0: 16 comparators, 64-bit 14.318180 MHz counter
[    0.466707] Switching to clocksource tsc
[    0.473619] pnp: PnP ACPI init
[    0.473630] ACPI: bus type pnp registered
[    0.518421] pnp: PnP ACPI: found 14 devices
[    0.518423] ACPI: ACPI bus type pnp unregistered
[    0.518426] PnPBIOS: Disabled by ACPI PNP
[    0.518437] system 00:01: ioport range 0x1000-0x103f has been reserved
[    0.518439] system 00:01: ioport range 0x1040-0x104f has been reserved
[    0.518441] system 00:01: ioport range 0xcf0-0xcf1 has been reserved
[    0.518447] system 00:08: iomem range 0xfed00000-0xfed003ff has been reserved
[    0.518450] system 00:0d: ioport range 0x1060-0x107f has been reserved
[    0.518453] system 00:0d: iomem range 0xe0000000-0xefffffff has been reserved
[    0.518454] system 00:0d: iomem range 0xc8200000-0xc83fffff has been reserved
[    0.554884] pci 0000:00:15.3: BAR 13: can't allocate I/O resource [0x10000-0xffff]
[    0.554888] pci 0000:00:15.4: BAR 13: can't allocate I/O resource [0x10000-0xffff]
[    0.554891] pci 0000:00:15.5: BAR 13: can't allocate I/O resource [0x10000-0xffff]
[    0.554894] pci 0000:00:15.6: BAR 13: can't allocate I/O resource [0x10000-0xffff]
[    0.554897] pci 0000:00:15.7: BAR 13: can't allocate I/O resource [0x10000-0xffff]
[    0.554900] pci 0000:00:16.3: BAR 13: can't allocate I/O resource [0x10000-0xffff]
[    0.554902] pci 0000:00:16.4: BAR 13: can't allocate I/O resource [0x10000-0xffff]
[    0.554905] pci 0000:00:16.5: BAR 13: can't allocate I/O resource [0x10000-0xffff]
[    0.554908] pci 0000:00:16.6: BAR 13: can't allocate I/O resource [0x10000-0xffff]
[    0.554911] pci 0000:00:16.7: BAR 13: can't allocate I/O resource [0x10000-0xffff]
[    0.554914] pci 0000:00:17.3: BAR 13: can't allocate I/O resource [0x10000-0xffff]
[    0.554916] pci 0000:00:17.4: BAR 13: can't allocate I/O resource [0x10000-0xffff]
[    0.554919] pci 0000:00:17.5: BAR 13: can't allocate I/O resource [0x10000-0xffff]
[    0.554922] pci 0000:00:17.6: BAR 13: can't allocate I/O resource [0x10000-0xffff]
[    0.554925] pci 0000:00:17.7: BAR 13: can't allocate I/O resource [0x10000-0xffff]
[    0.554928] pci 0000:00:18.3: BAR 13: can't allocate I/O resource [0x10000-0xffff]
[    0.554931] pci 0000:00:18.4: BAR 13: can't allocate I/O resource [0x10000-0xffff]
[    0.554933] pci 0000:00:18.5: BAR 13: can't allocate I/O resource [0x10000-0xffff]
[    0.554936] pci 0000:00:18.6: BAR 13: can't allocate I/O resource [0x10000-0xffff]
[    0.554939] pci 0000:00:18.7: BAR 13: can't allocate I/O resource [0x10000-0xffff]
[    0.554942] pci 0000:00:01.0: PCI bridge, secondary bus 0000:01
[    0.554943] pci 0000:00:01.0:   IO window: disabled
[    0.554974] pci 0000:00:01.0:   MEM window: disabled
[    0.554994] pci 0000:00:01.0:   PREFETCH window: disabled
[    0.555034] pci 0000:00:11.0: PCI bridge, secondary bus 0000:02
[    0.555046] pci 0000:00:11.0:   IO window: 0x2000-0x3fff
[    0.555076] pci 0000:00:11.0:   MEM window: 0xc9000000-0xca3fffff
[    0.555097] pci 0000:00:11.0:   PREFETCH window: 0x000000d8400000-0x000000d89fffff
[    0.555135] pci 0000:00:15.0: PCI bridge, secondary bus 0000:03
[    0.555147] pci 0000:00:15.0:   IO window: 0x4000-0x4fff
[    0.555176] pci 0000:00:15.0:   MEM window: 0xca400000-0xca4fffff
[    0.555197] pci 0000:00:15.0:   PREFETCH window: 0x000000d8a00000-0x000000d8afffff
[    0.555246] pci 0000:00:15.1: PCI bridge, secondary bus 0000:04
[    0.555258] pci 0000:00:15.1:   IO window: 0x8000-0x8fff
[    0.555288] pci 0000:00:15.1:   MEM window: 0xca800000-0xca8fffff
[    0.555309] pci 0000:00:15.1:   PREFETCH window: 0x000000d8e00000-0x000000d8efffff
[    0.555351] pci 0000:00:15.2: PCI bridge, secondary bus 0000:05
[    0.555363] pci 0000:00:15.2:   IO window: 0xc000-0xcfff
[    0.555393] pci 0000:00:15.2:   MEM window: 0xcac00000-0xcacfffff
[    0.555413] pci 0000:00:15.2:   PREFETCH window: 0x000000d9200000-0x000000d92fffff
[    0.555456] pci 0000:00:15.3: PCI bridge, secondary bus 0000:06
[    0.555457] pci 0000:00:15.3:   IO window: disabled
[    0.555487] pci 0000:00:15.3:   MEM window: 0xcb000000-0xcb0fffff
[    0.555508] pci 0000:00:15.3:   PREFETCH window: 0x000000d9600000-0x000000d96fffff
[    0.555550] pci 0000:00:15.4: PCI bridge, secondary bus 0000:07
[    0.555551] pci 0000:00:15.4:   IO window: disabled
[    0.555581] pci 0000:00:15.4:   MEM window: 0xcb400000-0xcb4fffff
[    0.555602] pci 0000:00:15.4:   PREFETCH window: 0x000000d9a00000-0x000000d9afffff
[    0.555644] pci 0000:00:15.5: PCI bridge, secondary bus 0000:08
[    0.555646] pci 0000:00:15.5:   IO window: disabled
[    0.555676] pci 0000:00:15.5:   MEM window: 0xcb800000-0xcb8fffff
[    0.555696] pci 0000:00:15.5:   PREFETCH window: 0x000000d9e00000-0x000000d9efffff
[    0.555738] pci 0000:00:15.6: PCI bridge, secondary bus 0000:09
[    0.555740] pci 0000:00:15.6:   IO window: disabled
[    0.555770] pci 0000:00:15.6:   MEM window: 0xcbc00000-0xcbcfffff
[    0.555790] pci 0000:00:15.6:   PREFETCH window: 0x000000da200000-0x000000da2fffff
[    0.555832] pci 0000:00:15.7: PCI bridge, secondary bus 0000:0a
[    0.555834] pci 0000:00:15.7:   IO window: disabled
[    0.555864] pci 0000:00:15.7:   MEM window: 0xcc000000-0xcc0fffff
[    0.555884] pci 0000:00:15.7:   PREFETCH window: 0x000000da600000-0x000000da6fffff
[    0.555926] pci 0000:00:16.0: PCI bridge, secondary bus 0000:0b
[    0.555938] pci 0000:00:16.0:   IO window: 0x5000-0x5fff
[    0.555968] pci 0000:00:16.0:   MEM window: 0xca500000-0xca5fffff
[    0.555988] pci 0000:00:16.0:   PREFETCH window: 0x000000d8b00000-0x000000d8bfffff
[    0.556030] pci 0000:00:16.1: PCI bridge, secondary bus 0000:0c
[    0.556042] pci 0000:00:16.1:   IO window: 0x9000-0x9fff
[    0.556072] pci 0000:00:16.1:   MEM window: 0xca900000-0xca9fffff
[    0.556092] pci 0000:00:16.1:   PREFETCH window: 0x000000d8f00000-0x000000d8ffffff
[    0.556134] pci 0000:00:16.2: PCI bridge, secondary bus 0000:0d
[    0.556146] pci 0000:00:16.2:   IO window: 0xd000-0xdfff
[    0.556176] pci 0000:00:16.2:   MEM window: 0xcad00000-0xcadfffff
[    0.556197] pci 0000:00:16.2:   PREFETCH window: 0x000000d9300000-0x000000d93fffff
[    0.556239] pci 0000:00:16.3: PCI bridge, secondary bus 0000:0e
[    0.556240] pci 0000:00:16.3:   IO window: disabled
[    0.556270] pci 0000:00:16.3:   MEM window: 0xcb100000-0xcb1fffff
[    0.556290] pci 0000:00:16.3:   PREFETCH window: 0x000000d9700000-0x000000d97fffff
[    0.556332] pci 0000:00:16.4: PCI bridge, secondary bus 0000:0f
[    0.556334] pci 0000:00:16.4:   IO window: disabled
[    0.556364] pci 0000:00:16.4:   MEM window: 0xcb500000-0xcb5fffff
[    0.556384] pci 0000:00:16.4:   PREFETCH window: 0x000000d9b00000-0x000000d9bfffff
[    0.556426] pci 0000:00:16.5: PCI bridge, secondary bus 0000:10
[    0.556428] pci 0000:00:16.5:   IO window: disabled
[    0.556458] pci 0000:00:16.5:   MEM window: 0xcb900000-0xcb9fffff
[    0.556478] pci 0000:00:16.5:   PREFETCH window: 0x000000d9f00000-0x000000d9ffffff
[    0.556520] pci 0000:00:16.6: PCI bridge, secondary bus 0000:11
[    0.556522] pci 0000:00:16.6:   IO window: disabled
[    0.556552] pci 0000:00:16.6:   MEM window: 0xcbd00000-0xcbdfffff
[    0.556572] pci 0000:00:16.6:   PREFETCH window: 0x000000da300000-0x000000da3fffff
[    0.556615] pci 0000:00:16.7: PCI bridge, secondary bus 0000:12
[    0.556617] pci 0000:00:16.7:   IO window: disabled
[    0.556646] pci 0000:00:16.7:   MEM window: 0xcc100000-0xcc1fffff
[    0.556667] pci 0000:00:16.7:   PREFETCH window: 0x000000da700000-0x000000da7fffff
[    0.556709] pci 0000:00:17.0: PCI bridge, secondary bus 0000:13
[    0.556721] pci 0000:00:17.0:   IO window: 0x6000-0x6fff
[    0.556750] pci 0000:00:17.0:   MEM window: 0xca600000-0xca6fffff
[    0.556771] pci 0000:00:17.0:   PREFETCH window: 0x000000d8c00000-0x000000d8cfffff
[    0.556813] pci 0000:00:17.1: PCI bridge, secondary bus 0000:14
[    0.556825] pci 0000:00:17.1:   IO window: 0xa000-0xafff
[    0.556855] pci 0000:00:17.1:   MEM window: 0xcaa00000-0xcaafffff
[    0.556875] pci 0000:00:17.1:   PREFETCH window: 0x000000d9000000-0x000000d90fffff
[    0.556917] pci 0000:00:17.2: PCI bridge, secondary bus 0000:15
[    0.556929] pci 0000:00:17.2:   IO window: 0xe000-0xefff
[    0.556958] pci 0000:00:17.2:   MEM window: 0xcae00000-0xcaefffff
[    0.556979] pci 0000:00:17.2:   PREFETCH window: 0x000000d9400000-0x000000d94fffff
[    0.557021] pci 0000:00:17.3: PCI bridge, secondary bus 0000:16
[    0.557023] pci 0000:00:17.3:   IO window: disabled
[    0.557052] pci 0000:00:17.3:   MEM window: 0xcb200000-0xcb2fffff
[    0.557073] pci 0000:00:17.3:   PREFETCH window: 0x000000d9800000-0x000000d98fffff
[    0.557115] pci 0000:00:17.4: PCI bridge, secondary bus 0000:17
[    0.557117] pci 0000:00:17.4:   IO window: disabled
[    0.557146] pci 0000:00:17.4:   MEM window: 0xcb600000-0xcb6fffff
[    0.557167] pci 0000:00:17.4:   PREFETCH window: 0x000000d9c00000-0x000000d9cfffff
[    0.557209] pci 0000:00:17.5: PCI bridge, secondary bus 0000:18
[    0.557210] pci 0000:00:17.5:   IO window: disabled
[    0.557240] pci 0000:00:17.5:   MEM window: 0xcba00000-0xcbafffff
[    0.557260] pci 0000:00:17.5:   PREFETCH window: 0x000000da000000-0x000000da0fffff
[    0.557303] pci 0000:00:17.6: PCI bridge, secondary bus 0000:19
[    0.557304] pci 0000:00:17.6:   IO window: disabled
[    0.557334] pci 0000:00:17.6:   MEM window: 0xcbe00000-0xcbefffff
[    0.557354] pci 0000:00:17.6:   PREFETCH window: 0x000000da400000-0x000000da4fffff
[    0.557396] pci 0000:00:17.7: PCI bridge, secondary bus 0000:1a
[    0.557398] pci 0000:00:17.7:   IO window: disabled
[    0.557428] pci 0000:00:17.7:   MEM window: 0xcc200000-0xcc2fffff
[    0.557448] pci 0000:00:17.7:   PREFETCH window: 0x000000da800000-0x000000da8fffff
[    0.557490] pci 0000:00:18.0: PCI bridge, secondary bus 0000:1b
[    0.557502] pci 0000:00:18.0:   IO window: 0x7000-0x7fff
[    0.557532] pci 0000:00:18.0:   MEM window: 0xca700000-0xca7fffff
[    0.557552] pci 0000:00:18.0:   PREFETCH window: 0x000000d8d00000-0x000000d8dfffff
[    0.557595] pci 0000:00:18.1: PCI bridge, secondary bus 0000:1c
[    0.557607] pci 0000:00:18.1:   IO window: 0xb000-0xbfff
[    0.557636] pci 0000:00:18.1:   MEM window: 0xcab00000-0xcabfffff
[    0.557657] pci 0000:00:18.1:   PREFETCH window: 0x000000d9100000-0x000000d91fffff
[    0.557699] pci 0000:00:18.2: PCI bridge, secondary bus 0000:1d
[    0.557710] pci 0000:00:18.2:   IO window: 0xf000-0xffff
[    0.557740] pci 0000:00:18.2:   MEM window: 0xcaf00000-0xcaffffff
[    0.557761] pci 0000:00:18.2:   PREFETCH window: 0x000000d9500000-0x000000d95fffff
[    0.557802] pci 0000:00:18.3: PCI bridge, secondary bus 0000:1e
[    0.557804] pci 0000:00:18.3:   IO window: disabled
[    0.557834] pci 0000:00:18.3:   MEM window: 0xcb300000-0xcb3fffff
[    0.557854] pci 0000:00:18.3:   PREFETCH window: 0x000000d9900000-0x000000d99fffff
[    0.557896] pci 0000:00:18.4: PCI bridge, secondary bus 0000:1f
[    0.557898] pci 0000:00:18.4:   IO window: disabled
[    0.557928] pci 0000:00:18.4:   MEM window: 0xcb700000-0xcb7fffff
[    0.557948] pci 0000:00:18.4:   PREFETCH window: 0x000000d9d00000-0x000000d9dfffff
[    0.557990] pci 0000:00:18.5: PCI bridge, secondary bus 0000:20
[    0.557992] pci 0000:00:18.5:   IO window: disabled
[    0.558021] pci 0000:00:18.5:   MEM window: 0xcbb00000-0xcbbfffff
[    0.558042] pci 0000:00:18.5:   PREFETCH window: 0x000000da100000-0x000000da1fffff
[    0.558084] pci 0000:00:18.6: PCI bridge, secondary bus 0000:21
[    0.558086] pci 0000:00:18.6:   IO window: disabled
[    0.558115] pci 0000:00:18.6:   MEM window: 0xcbf00000-0xcbffffff
[    0.558136] pci 0000:00:18.6:   PREFETCH window: 0x000000da500000-0x000000da5fffff
[    0.558178] pci 0000:00:18.7: PCI bridge, secondary bus 0000:22
[    0.558179] pci 0000:00:18.7:   IO window: disabled
[    0.558209] pci 0000:00:18.7:   MEM window: 0xcc300000-0xcc3fffff
[    0.558229] pci 0000:00:18.7:   PREFETCH window: 0x000000da900000-0x000000da9fffff
[    0.558303] pci 0000:00:01.0: setting latency timer to 64
[    0.558399] pci 0000:00:15.0: setting latency timer to 64
[    0.558466] pci 0000:00:15.1: setting latency timer to 64
[    0.558532] pci 0000:00:15.2: setting latency timer to 64
[    0.558630] pci 0000:00:15.3: setting latency timer to 64
[    0.558693] pci 0000:00:15.4: setting latency timer to 64
[    0.558755] pci 0000:00:15.5: setting latency timer to 64
[    0.558817] pci 0000:00:15.6: setting latency timer to 64
[    0.558879] pci 0000:00:15.7: setting latency timer to 64
[    0.558941] pci 0000:00:16.0: setting latency timer to 64
[    0.559003] pci 0000:00:16.1: setting latency timer to 64
[    0.559065] pci 0000:00:16.2: setting latency timer to 64
[    0.559127] pci 0000:00:16.3: setting latency timer to 64
[    0.559189] pci 0000:00:16.4: setting latency timer to 64
[    0.559250] pci 0000:00:16.5: setting latency timer to 64
[    0.559312] pci 0000:00:16.6: setting latency timer to 64
[    0.559374] pci 0000:00:16.7: setting latency timer to 64
[    0.559436] pci 0000:00:17.0: setting latency timer to 64
[    0.559498] pci 0000:00:17.1: setting latency timer to 64
[    0.559560] pci 0000:00:17.2: setting latency timer to 64
[    0.559650] pci 0000:00:17.3: setting latency timer to 64
[    0.559712] pci 0000:00:17.4: setting latency timer to 64
[    0.559774] pci 0000:00:17.5: setting latency timer to 64
[    0.559836] pci 0000:00:17.6: setting latency timer to 64
[    0.559898] pci 0000:00:17.7: setting latency timer to 64
[    0.559959] pci 0000:00:18.0: setting latency timer to 64
[    0.560021] pci 0000:00:18.1: setting latency timer to 64
[    0.560083] pci 0000:00:18.2: setting latency timer to 64
[    0.560145] pci 0000:00:18.3: setting latency timer to 64
[    0.560206] pci 0000:00:18.4: setting latency timer to 64
[    0.560268] pci 0000:00:18.5: setting latency timer to 64
[    0.560330] pci 0000:00:18.6: setting latency timer to 64
[    0.560392] pci 0000:00:18.7: setting latency timer to 64
[    0.560403] pci_bus 0000:00: resource 0 io:  [0x00-0xffff]
[    0.560405] pci_bus 0000:00: resource 1 mem: [0x000000-0xffffffffffffffff]
[    0.560408] pci_bus 0000:02: resource 0 io:  [0x2000-0x3fff]
[    0.560410] pci_bus 0000:02: resource 1 mem: [0xc9000000-0xca3fffff]
[    0.560411] pci_bus 0000:02: resource 2 pref mem [0xd8400000-0xd89fffff]
[    0.560413] pci_bus 0000:02: resource 3 io:  [0x00-0xffff]
[    0.560415] pci_bus 0000:02: resource 4 mem: [0x000000-0xffffffffffffffff]
[    0.560417] pci_bus 0000:03: resource 0 io:  [0x4000-0x4fff]
[    0.560419] pci_bus 0000:03: resource 1 mem: [0xca400000-0xca4fffff]
[    0.560421] pci_bus 0000:03: resource 2 pref mem [0xd8a00000-0xd8afffff]
[    0.560422] pci_bus 0000:04: resource 0 io:  [0x8000-0x8fff]
[    0.560424] pci_bus 0000:04: resource 1 mem: [0xca800000-0xca8fffff]
[    0.560426] pci_bus 0000:04: resource 2 pref mem [0xd8e00000-0xd8efffff]
[    0.560428] pci_bus 0000:05: resource 0 io:  [0xc000-0xcfff]
[    0.560430] pci_bus 0000:05: resource 1 mem: [0xcac00000-0xcacfffff]
[    0.560431] pci_bus 0000:05: resource 2 pref mem [0xd9200000-0xd92fffff]
[    0.560433] pci_bus 0000:06: resource 1 mem: [0xcb000000-0xcb0fffff]
[    0.560435] pci_bus 0000:06: resource 2 pref mem [0xd9600000-0xd96fffff]
[    0.560437] pci_bus 0000:07: resource 1 mem: [0xcb400000-0xcb4fffff]
[    0.560439] pci_bus 0000:07: resource 2 pref mem [0xd9a00000-0xd9afffff]
[    0.560441] pci_bus 0000:08: resource 1 mem: [0xcb800000-0xcb8fffff]
[    0.560442] pci_bus 0000:08: resource 2 pref mem [0xd9e00000-0xd9efffff]
[    0.560444] pci_bus 0000:09: resource 1 mem: [0xcbc00000-0xcbcfffff]
[    0.560446] pci_bus 0000:09: resource 2 pref mem [0xda200000-0xda2fffff]
[    0.560448] pci_bus 0000:0a: resource 1 mem: [0xcc000000-0xcc0fffff]
[    0.560450] pci_bus 0000:0a: resource 2 pref mem [0xda600000-0xda6fffff]
[    0.560451] pci_bus 0000:0b: resource 0 io:  [0x5000-0x5fff]
[    0.560453] pci_bus 0000:0b: resource 1 mem: [0xca500000-0xca5fffff]
[    0.560455] pci_bus 0000:0b: resource 2 pref mem [0xd8b00000-0xd8bfffff]
[    0.560457] pci_bus 0000:0c: resource 0 io:  [0x9000-0x9fff]
[    0.560458] pci_bus 0000:0c: resource 1 mem: [0xca900000-0xca9fffff]
[    0.560460] pci_bus 0000:0c: resource 2 pref mem [0xd8f00000-0xd8ffffff]
[    0.560462] pci_bus 0000:0d: resource 0 io:  [0xd000-0xdfff]
[    0.560464] pci_bus 0000:0d: resource 1 mem: [0xcad00000-0xcadfffff]
[    0.560466] pci_bus 0000:0d: resource 2 pref mem [0xd9300000-0xd93fffff]
[    0.560467] pci_bus 0000:0e: resource 1 mem: [0xcb100000-0xcb1fffff]
[    0.560469] pci_bus 0000:0e: resource 2 pref mem [0xd9700000-0xd97fffff]
[    0.560471] pci_bus 0000:0f: resource 1 mem: [0xcb500000-0xcb5fffff]
[    0.560473] pci_bus 0000:0f: resource 2 pref mem [0xd9b00000-0xd9bfffff]
[    0.560475] pci_bus 0000:10: resource 1 mem: [0xcb900000-0xcb9fffff]
[    0.560477] pci_bus 0000:10: resource 2 pref mem [0xd9f00000-0xd9ffffff]
[    0.560478] pci_bus 0000:11: resource 1 mem: [0xcbd00000-0xcbdfffff]
[    0.560480] pci_bus 0000:11: resource 2 pref mem [0xda300000-0xda3fffff]
[    0.560482] pci_bus 0000:12: resource 1 mem: [0xcc100000-0xcc1fffff]
[    0.560484] pci_bus 0000:12: resource 2 pref mem [0xda700000-0xda7fffff]
[    0.560486] pci_bus 0000:13: resource 0 io:  [0x6000-0x6fff]
[    0.560487] pci_bus 0000:13: resource 1 mem: [0xca600000-0xca6fffff]
[    0.560489] pci_bus 0000:13: resource 2 pref mem [0xd8c00000-0xd8cfffff]
[    0.560491] pci_bus 0000:14: resource 0 io:  [0xa000-0xafff]
[    0.560493] pci_bus 0000:14: resource 1 mem: [0xcaa00000-0xcaafffff]
[    0.560495] pci_bus 0000:14: resource 2 pref mem [0xd9000000-0xd90fffff]
[    0.560496] pci_bus 0000:15: resource 0 io:  [0xe000-0xefff]
[    0.560498] pci_bus 0000:15: resource 1 mem: [0xcae00000-0xcaefffff]
[    0.560500] pci_bus 0000:15: resource 2 pref mem [0xd9400000-0xd94fffff]
[    0.560502] pci_bus 0000:16: resource 1 mem: [0xcb200000-0xcb2fffff]
[    0.560503] pci_bus 0000:16: resource 2 pref mem [0xd9800000-0xd98fffff]
[    0.560505] pci_bus 0000:17: resource 1 mem: [0xcb600000-0xcb6fffff]
[    0.560507] pci_bus 0000:17: resource 2 pref mem [0xd9c00000-0xd9cfffff]
[    0.560509] pci_bus 0000:18: resource 1 mem: [0xcba00000-0xcbafffff]
[    0.560511] pci_bus 0000:18: resource 2 pref mem [0xda000000-0xda0fffff]
[    0.560513] pci_bus 0000:19: resource 1 mem: [0xcbe00000-0xcbefffff]
[    0.560514] pci_bus 0000:19: resource 2 pref mem [0xda400000-0xda4fffff]
[    0.560516] pci_bus 0000:1a: resource 1 mem: [0xcc200000-0xcc2fffff]
[    0.560518] pci_bus 0000:1a: resource 2 pref mem [0xda800000-0xda8fffff]
[    0.560520] pci_bus 0000:1b: resource 0 io:  [0x7000-0x7fff]
[    0.560522] pci_bus 0000:1b: resource 1 mem: [0xca700000-0xca7fffff]
[    0.560523] pci_bus 0000:1b: resource 2 pref mem [0xd8d00000-0xd8dfffff]
[    0.560525] pci_bus 0000:1c: resource 0 io:  [0xb000-0xbfff]
[    0.560527] pci_bus 0000:1c: resource 1 mem: [0xcab00000-0xcabfffff]
[    0.560529] pci_bus 0000:1c: resource 2 pref mem [0xd9100000-0xd91fffff]
[    0.560531] pci_bus 0000:1d: resource 0 io:  [0xf000-0xffff]
[    0.560532] pci_bus 0000:1d: resource 1 mem: [0xcaf00000-0xcaffffff]
[    0.560534] pci_bus 0000:1d: resource 2 pref mem [0xd9500000-0xd95fffff]
[    0.560536] pci_bus 0000:1e: resource 1 mem: [0xcb300000-0xcb3fffff]
[    0.560538] pci_bus 0000:1e: resource 2 pref mem [0xd9900000-0xd99fffff]
[    0.560540] pci_bus 0000:1f: resource 1 mem: [0xcb700000-0xcb7fffff]
[    0.560541] pci_bus 0000:1f: resource 2 pref mem [0xd9d00000-0xd9dfffff]
[    0.560543] pci_bus 0000:20: resource 1 mem: [0xcbb00000-0xcbbfffff]
[    0.560545] pci_bus 0000:20: resource 2 pref mem [0xda100000-0xda1fffff]
[    0.560547] pci_bus 0000:21: resource 1 mem: [0xcbf00000-0xcbffffff]
[    0.560549] pci_bus 0000:21: resource 2 pref mem [0xda500000-0xda5fffff]
[    0.560551] pci_bus 0000:22: resource 1 mem: [0xcc300000-0xcc3fffff]
[    0.560552] pci_bus 0000:22: resource 2 pref mem [0xda900000-0xda9fffff]
[    0.560573] NET: Registered protocol family 2
[    0.560608] RANDOM - __random32 called. Change num 7.  Value: 647ba296	db0e5c1d	6de96f10
[    0.560610] RANDOM - random32 called.  Value: 647ba296	db0e5c1d	6de96f10
[    0.560627] random 0000 0000 0000 00000000 00000000: rand_read_num 2 get_random_bytes(4): sig fffffe1a 00000000 00000000
[    0.560629] random 0000 0000 0000 00000000 00000000: extract_entropy(.. 4 ..)
[    0.560632] random 0000 0000 0000 00000000 00000000: going to reseed nonblocking with 64 bits (32 of 0 requested)
[    0.560634] random 0000 0000 0000 00000000 00000000: extract_entropy(.. 8 ..)
[    0.560636] random 0000 0000 0000 00000000 00000000: trying to extract 64 bits from input
[    0.560638] random 0000 0000 0000 00000000 00000000: debiting 0 entropy credits from input
[    0.560640] random 0000 0000 0000 00000000 00000000: extract_entropy account returned: 0 
[    0.560643] random 0000 0000 0000 00000000 00000000: urand_change_num 3 xfer_secondary_pool(4): pool_sig fffffe1a, data_sig 00000000, bytes_mixed 0 00000000 00000000
[    0.560646] random 0000 0000 0000 00000000 00000000: trying to extract 32 bits from nonblocking
[    0.560648] random 0000 0000 0000 00000000 00000000: debiting 32 entropy credits from nonblocking (unlimited)
[    0.560651] random 0000 0000 0000 00000000 00000000: extract_entropy account returned: 4 
[    0.560654] random 0000 0000 0000 00000000 00000000: urand_change_num 4 extract_buf: pool_sig fffffe1a, data_sig fffffed7, bytes_mixed 20 00000000 00000000
[    0.560683] IP route cache hash table entries: 32768 (order: 5, 131072 bytes)
[    0.560769] RANDOM - __random32 called. Change num 8.  Value: ba296205	b0e5c1db	de205442
[    0.560771] RANDOM - random32 called.  Value: ba296205	b0e5c1db	de205442
[    0.560827] RANDOM - __random32 called. Change num 9.  Value: 962052cd	e5c1db9	a885e45e
[    0.560829] RANDOM - random32 called.  Value: 962052cd	e5c1db9	a885e45e
[    0.560831] RANDOM - __random32 called. Change num 10.  Value: 52cd38f	e5c1db9b	c8bd9558
[    0.560833] RANDOM - random32 called.  Value: 52cd38f	e5c1db9b	c8bd9558
[    0.560855] RANDOM - __random32 called. Change num 11.  Value: cd38f3eb	5c1db9b9	2ab1aa27
[    0.560856] RANDOM - random32 called.  Value: cd38f3eb	5c1db9b9	2ab1aa27
[    0.560866] TCP established hash table entries: 131072 (order: 8, 1048576 bytes)
[    0.561147] TCP bind hash table entries: 65536 (order: 7, 524288 bytes)
[    0.561296] TCP: Hash tables configured (established 131072 bind 65536)
[    0.561298] TCP reno registered
[    0.561333] NET: Registered protocol family 1
[    0.561342] pci 0000:00:00.0: Limiting direct PCI/PCI transfers
[    0.561363] pci 0000:00:0f.0: Boot video device
[    0.561549] Trying to unpack rootfs image as initramfs...
[    1.625102] Freeing initrd memory: 83430k freed
[    1.629116] Simple Boot Flag at 0x36 set to 0x1
[    1.629161] cpufreq-nforce2: No nForce2 chipset.
[    1.629174] Scanning for low memory corruption every 60 seconds
[    1.629291] audit: initializing netlink socket (disabled)
[    1.629299] type=2000 audit(1369431423.612:1): initialized
[    1.633212] highmem bounce pool size: 64 pages
[    1.633216] HugeTLB registered 2 MB page size, pre-allocated 0 pages
[    1.633311] VFS: Disk quotas dquot_6.5.2
[    1.633341] Dquot-cache hash table entries: 1024 (order 0, 4096 bytes)
[    1.633418] fuse init (API version 7.13)
[    1.633463] msgmni has been set to 1729
[    1.633752] alg: No test for stdrng (krng)
[    1.633788] Block layer SCSI generic (bsg) driver version 0.4 loaded (major 253)
[    1.633799] io scheduler noop registered
[    1.633801] io scheduler anticipatory registered
[    1.633802] io scheduler deadline registered
[    1.633822] io scheduler cfq registered (default)
[    1.633867]   alloc irq_desc for 24 on node -1
[    1.633869]   alloc kstat_irqs on node -1
[    1.633914] pcieport 0000:00:15.0: irq 24 for MSI/MSI-X
[    1.633959] pcieport 0000:00:15.0: setting latency timer to 64
[    1.634004]   alloc irq_desc for 25 on node -1
[    1.634006]   alloc kstat_irqs on node -1
[    1.634051] pcieport 0000:00:15.1: irq 25 for MSI/MSI-X
[    1.634096] pcieport 0000:00:15.1: setting latency timer to 64
[    1.634141]   alloc irq_desc for 26 on node -1
[    1.634143]   alloc kstat_irqs on node -1
[    1.634188] pcieport 0000:00:15.2: irq 26 for MSI/MSI-X
[    1.634233] pcieport 0000:00:15.2: setting latency timer to 64
[    1.634278]   alloc irq_desc for 27 on node -1
[    1.634280]   alloc kstat_irqs on node -1
[    1.634325] pcieport 0000:00:15.3: irq 27 for MSI/MSI-X
[    1.634370] pcieport 0000:00:15.3: setting latency timer to 64
[    1.634415]   alloc irq_desc for 28 on node -1
[    1.634417]   alloc kstat_irqs on node -1
[    1.634462] pcieport 0000:00:15.4: irq 28 for MSI/MSI-X
[    1.634507] pcieport 0000:00:15.4: setting latency timer to 64
[    1.634552]   alloc irq_desc for 29 on node -1
[    1.634556]   alloc kstat_irqs on node -1
[    1.634601] pcieport 0000:00:15.5: irq 29 for MSI/MSI-X
[    1.634646] pcieport 0000:00:15.5: setting latency timer to 64
[    1.634691]   alloc irq_desc for 30 on node -1
[    1.634693]   alloc kstat_irqs on node -1
[    1.634738] pcieport 0000:00:15.6: irq 30 for MSI/MSI-X
[    1.634783] pcieport 0000:00:15.6: setting latency timer to 64
[    1.634828]   alloc irq_desc for 31 on node -1
[    1.634830]   alloc kstat_irqs on node -1
[    1.634875] pcieport 0000:00:15.7: irq 31 for MSI/MSI-X
[    1.634920] pcieport 0000:00:15.7: setting latency timer to 64
[    1.634965]   alloc irq_desc for 32 on node -1
[    1.634967]   alloc kstat_irqs on node -1
[    1.635012] pcieport 0000:00:16.0: irq 32 for MSI/MSI-X
[    1.635057] pcieport 0000:00:16.0: setting latency timer to 64
[    1.635102]   alloc irq_desc for 33 on node -1
[    1.635104]   alloc kstat_irqs on node -1
[    1.635149] pcieport 0000:00:16.1: irq 33 for MSI/MSI-X
[    1.635194] pcieport 0000:00:16.1: setting latency timer to 64
[    1.635239]   alloc irq_desc for 34 on node -1
[    1.635241]   alloc kstat_irqs on node -1
[    1.635286] pcieport 0000:00:16.2: irq 34 for MSI/MSI-X
[    1.635331] pcieport 0000:00:16.2: setting latency timer to 64
[    1.635376]   alloc irq_desc for 35 on node -1
[    1.635378]   alloc kstat_irqs on node -1
[    1.635423] pcieport 0000:00:16.3: irq 35 for MSI/MSI-X
[    1.635468] pcieport 0000:00:16.3: setting latency timer to 64
[    1.635513]   alloc irq_desc for 36 on node -1
[    1.635515]   alloc kstat_irqs on node -1
[    1.635560] pcieport 0000:00:16.4: irq 36 for MSI/MSI-X
[    1.635605] pcieport 0000:00:16.4: setting latency timer to 64
[    1.635650]   alloc irq_desc for 37 on node -1
[    1.635652]   alloc kstat_irqs on node -1
[    1.635697] pcieport 0000:00:16.5: irq 37 for MSI/MSI-X
[    1.635742] pcieport 0000:00:16.5: setting latency timer to 64
[    1.635787]   alloc irq_desc for 38 on node -1
[    1.635788]   alloc kstat_irqs on node -1
[    1.635834] pcieport 0000:00:16.6: irq 38 for MSI/MSI-X
[    1.635879] pcieport 0000:00:16.6: setting latency timer to 64
[    1.635924]   alloc irq_desc for 39 on node -1
[    1.635926]   alloc kstat_irqs on node -1
[    1.635971] pcieport 0000:00:16.7: irq 39 for MSI/MSI-X
[    1.636016] pcieport 0000:00:16.7: setting latency timer to 64
[    1.637143]   alloc irq_desc for 40 on node -1
[    1.637144]   alloc kstat_irqs on node -1
[    1.637189] pcieport 0000:00:17.0: irq 40 for MSI/MSI-X
[    1.637234] pcieport 0000:00:17.0: setting latency timer to 64
[    1.637279]   alloc irq_desc for 41 on node -1
[    1.637281]   alloc kstat_irqs on node -1
[    1.637326] pcieport 0000:00:17.1: irq 41 for MSI/MSI-X
[    1.637371] pcieport 0000:00:17.1: setting latency timer to 64
[    1.637416]   alloc irq_desc for 42 on node -1
[    1.637418]   alloc kstat_irqs on node -1
[    1.637463] pcieport 0000:00:17.2: irq 42 for MSI/MSI-X
[    1.637508] pcieport 0000:00:17.2: setting latency timer to 64
[    1.637553]   alloc irq_desc for 43 on node -1
[    1.637555]   alloc kstat_irqs on node -1
[    1.637600] pcieport 0000:00:17.3: irq 43 for MSI/MSI-X
[    1.637645] pcieport 0000:00:17.3: setting latency timer to 64
[    1.637690]   alloc irq_desc for 44 on node -1
[    1.637692]   alloc kstat_irqs on node -1
[    1.637737] pcieport 0000:00:17.4: irq 44 for MSI/MSI-X
[    1.637782] pcieport 0000:00:17.4: setting latency timer to 64
[    1.637827]   alloc irq_desc for 45 on node -1
[    1.637829]   alloc kstat_irqs on node -1
[    1.637874] pcieport 0000:00:17.5: irq 45 for MSI/MSI-X
[    1.637919] pcieport 0000:00:17.5: setting latency timer to 64
[    1.637964]   alloc irq_desc for 46 on node -1
[    1.637966]   alloc kstat_irqs on node -1
[    1.638011] pcieport 0000:00:17.6: irq 46 for MSI/MSI-X
[    1.638056] pcieport 0000:00:17.6: setting latency timer to 64
[    1.638101]   alloc irq_desc for 47 on node -1
[    1.638103]   alloc kstat_irqs on node -1
[    1.638148] pcieport 0000:00:17.7: irq 47 for MSI/MSI-X
[    1.638193] pcieport 0000:00:17.7: setting latency timer to 64
[    1.638238]   alloc irq_desc for 48 on node -1
[    1.638240]   alloc kstat_irqs on node -1
[    1.638285] pcieport 0000:00:18.0: irq 48 for MSI/MSI-X
[    1.638330] pcieport 0000:00:18.0: setting latency timer to 64
[    1.638375]   alloc irq_desc for 49 on node -1
[    1.638377]   alloc kstat_irqs on node -1
[    1.638422] pcieport 0000:00:18.1: irq 49 for MSI/MSI-X
[    1.638467] pcieport 0000:00:18.1: setting latency timer to 64
[    1.638512]   alloc irq_desc for 50 on node -1
[    1.638514]   alloc kstat_irqs on node -1
[    1.638559] pcieport 0000:00:18.2: irq 50 for MSI/MSI-X
[    1.638604] pcieport 0000:00:18.2: setting latency timer to 64
[    1.638649]   alloc irq_desc for 51 on node -1
[    1.638651]   alloc kstat_irqs on node -1
[    1.638696] pcieport 0000:00:18.3: irq 51 for MSI/MSI-X
[    1.638741] pcieport 0000:00:18.3: setting latency timer to 64
[    1.638786]   alloc irq_desc for 52 on node -1
[    1.638788]   alloc kstat_irqs on node -1
[    1.638833] pcieport 0000:00:18.4: irq 52 for MSI/MSI-X
[    1.638878] pcieport 0000:00:18.4: setting latency timer to 64
[    1.638923]   alloc irq_desc for 53 on node -1
[    1.638925]   alloc kstat_irqs on node -1
[    1.638970] pcieport 0000:00:18.5: irq 53 for MSI/MSI-X
[    1.639015] pcieport 0000:00:18.5: setting latency timer to 64
[    1.639060]   alloc irq_desc for 54 on node -1
[    1.639062]   alloc kstat_irqs on node -1
[    1.639107] pcieport 0000:00:18.6: irq 54 for MSI/MSI-X
[    1.639152] pcieport 0000:00:18.6: setting latency timer to 64
[    1.639197]   alloc irq_desc for 55 on node -1
[    1.639198]   alloc kstat_irqs on node -1
[    1.639243] pcieport 0000:00:18.7: irq 55 for MSI/MSI-X
[    1.639289] pcieport 0000:00:18.7: setting latency timer to 64
[    1.639334] pci_hotplug: PCI Hot Plug PCI Core version: 0.5
[    1.641142] pciehp 0000:00:15.0:pcie04: HPC vendor_id 15ad device_id 7a0 ss_vid 0 ss_did 0
[    1.641187] pciehp 0000:00:15.0:pcie04: service driver pciehp loaded
[    1.641233] pciehp 0000:00:15.1:pcie04: HPC vendor_id 15ad device_id 7a0 ss_vid 0 ss_did 0
[    1.641278] pciehp 0000:00:15.1:pcie04: service driver pciehp loaded
[    1.641323] pciehp 0000:00:15.2:pcie04: HPC vendor_id 15ad device_id 7a0 ss_vid 0 ss_did 0
[    1.641368] pciehp 0000:00:15.2:pcie04: service driver pciehp loaded
[    1.641413] pciehp 0000:00:15.3:pcie04: HPC vendor_id 15ad device_id 7a0 ss_vid 0 ss_did 0
[    1.641458] pciehp 0000:00:15.3:pcie04: service driver pciehp loaded
[    1.641503] pciehp 0000:00:15.4:pcie04: HPC vendor_id 15ad device_id 7a0 ss_vid 0 ss_did 0
[    1.641548] pciehp 0000:00:15.4:pcie04: service driver pciehp loaded
[    1.641593] pciehp 0000:00:15.5:pcie04: HPC vendor_id 15ad device_id 7a0 ss_vid 0 ss_did 0
[    1.641638] pciehp 0000:00:15.5:pcie04: service driver pciehp loaded
[    1.641683] pciehp 0000:00:15.6:pcie04: HPC vendor_id 15ad device_id 7a0 ss_vid 0 ss_did 0
[    1.641728] pciehp 0000:00:15.6:pcie04: service driver pciehp loaded
[    1.641773] pciehp 0000:00:15.7:pcie04: HPC vendor_id 15ad device_id 7a0 ss_vid 0 ss_did 0
[    1.641818] pciehp 0000:00:15.7:pcie04: service driver pciehp loaded
[    1.641863] pciehp 0000:00:16.0:pcie04: HPC vendor_id 15ad device_id 7a0 ss_vid 0 ss_did 0
[    1.641908] pciehp 0000:00:16.0:pcie04: service driver pciehp loaded
[    1.641953] pciehp 0000:00:16.1:pcie04: HPC vendor_id 15ad device_id 7a0 ss_vid 0 ss_did 0
[    1.641998] pciehp 0000:00:16.1:pcie04: service driver pciehp loaded
[    1.642043] pciehp 0000:00:16.2:pcie04: HPC vendor_id 15ad device_id 7a0 ss_vid 0 ss_did 0
[    1.642088] pciehp 0000:00:16.2:pcie04: service driver pciehp loaded
[    1.642133] pciehp 0000:00:16.3:pcie04: HPC vendor_id 15ad device_id 7a0 ss_vid 0 ss_did 0
[    1.642178] pciehp 0000:00:16.3:pcie04: service driver pciehp loaded
[    1.642223] pciehp 0000:00:16.4:pcie04: HPC vendor_id 15ad device_id 7a0 ss_vid 0 ss_did 0
[    1.642268] pciehp 0000:00:16.4:pcie04: service driver pciehp loaded
[    1.642313] pciehp 0000:00:16.5:pcie04: HPC vendor_id 15ad device_id 7a0 ss_vid 0 ss_did 0
[    1.642358] pciehp 0000:00:16.5:pcie04: service driver pciehp loaded
[    1.642403] pciehp 0000:00:16.6:pcie04: HPC vendor_id 15ad device_id 7a0 ss_vid 0 ss_did 0
[    1.642448] pciehp 0000:00:16.6:pcie04: service driver pciehp loaded
[    1.642493] pciehp 0000:00:16.7:pcie04: HPC vendor_id 15ad device_id 7a0 ss_vid 0 ss_did 0
[    1.642538] pciehp 0000:00:16.7:pcie04: service driver pciehp loaded
[    1.642583] pciehp 0000:00:17.0:pcie04: HPC vendor_id 15ad device_id 7a0 ss_vid 0 ss_did 0
[    1.642628] pciehp 0000:00:17.0:pcie04: service driver pciehp loaded
[    1.642673] pciehp 0000:00:17.1:pcie04: HPC vendor_id 15ad device_id 7a0 ss_vid 0 ss_did 0
[    1.642718] pciehp 0000:00:17.1:pcie04: service driver pciehp loaded
[    1.642763] pciehp 0000:00:17.2:pcie04: HPC vendor_id 15ad device_id 7a0 ss_vid 0 ss_did 0
[    1.642809] pciehp 0000:00:17.2:pcie04: service driver pciehp loaded
[    1.642854] pciehp 0000:00:17.3:pcie04: HPC vendor_id 15ad device_id 7a0 ss_vid 0 ss_did 0
[    1.642899] pciehp 0000:00:17.3:pcie04: service driver pciehp loaded
[    1.642944] pciehp 0000:00:17.4:pcie04: HPC vendor_id 15ad device_id 7a0 ss_vid 0 ss_did 0
[    1.642989] pciehp 0000:00:17.4:pcie04: service driver pciehp loaded
[    1.643034] pciehp 0000:00:17.5:pcie04: HPC vendor_id 15ad device_id 7a0 ss_vid 0 ss_did 0
[    1.643079] pciehp 0000:00:17.5:pcie04: service driver pciehp loaded
[    1.643124] pciehp 0000:00:17.6:pcie04: HPC vendor_id 15ad device_id 7a0 ss_vid 0 ss_did 0
[    1.643169] pciehp 0000:00:17.6:pcie04: service driver pciehp loaded
[    1.643214] pciehp 0000:00:17.7:pcie04: HPC vendor_id 15ad device_id 7a0 ss_vid 0 ss_did 0
[    1.643259] pciehp 0000:00:17.7:pcie04: service driver pciehp loaded
[    1.643304] pciehp 0000:00:18.0:pcie04: HPC vendor_id 15ad device_id 7a0 ss_vid 0 ss_did 0
[    1.643349] pciehp 0000:00:18.0:pcie04: service driver pciehp loaded
[    1.643394] pciehp 0000:00:18.1:pcie04: HPC vendor_id 15ad device_id 7a0 ss_vid 0 ss_did 0
[    1.643439] pciehp 0000:00:18.1:pcie04: service driver pciehp loaded
[    1.643484] pciehp 0000:00:18.2:pcie04: HPC vendor_id 15ad device_id 7a0 ss_vid 0 ss_did 0
[    1.643529] pciehp 0000:00:18.2:pcie04: service driver pciehp loaded
[    1.643574] pciehp 0000:00:18.3:pcie04: HPC vendor_id 15ad device_id 7a0 ss_vid 0 ss_did 0
[    1.643619] pciehp 0000:00:18.3:pcie04: service driver pciehp loaded
[    1.643664] pciehp 0000:00:18.4:pcie04: HPC vendor_id 15ad device_id 7a0 ss_vid 0 ss_did 0
[    1.643709] pciehp 0000:00:18.4:pcie04: service driver pciehp loaded
[    1.643754] pciehp 0000:00:18.5:pcie04: HPC vendor_id 15ad device_id 7a0 ss_vid 0 ss_did 0
[    1.643799] pciehp 0000:00:18.5:pcie04: service driver pciehp loaded
[    1.643844] pciehp 0000:00:18.6:pcie04: HPC vendor_id 15ad device_id 7a0 ss_vid 0 ss_did 0
[    1.643889] pciehp 0000:00:18.6:pcie04: service driver pciehp loaded
[    1.643934] pciehp 0000:00:18.7:pcie04: HPC vendor_id 15ad device_id 7a0 ss_vid 0 ss_did 0
[    1.643979] pciehp 0000:00:18.7:pcie04: service driver pciehp loaded
[    1.643987] pciehp: PCI Express Hot Plug Controller Driver version: 0.4
[    1.644036] ACPI: AC Adapter [ACAD] (on-line)
[    1.644089] input: Power Button as /devices/LNXSYSTM:00/LNXPWRBN:00/input/input0
[    1.644092] ACPI: Power Button [PWRF]
[    1.644137] processor LNXCPU:00: registered as cooling_device0
[    1.689047] isapnp: Scanning for PnP cards...
[    2.042752] isapnp: No Plug & Play device found
[    2.042782] random 0000 0000 0000 5f8db4e5 4cfdf2a8: initializing
[    2.042911] Linux agpgart interface v0.103
[    2.042952] agpgart-intel 0000:00:00.0: Intel 440BX Chipset
[    2.043006] agpgart-intel 0000:00:00.0: AGP aperture is 256M @ 0x0
[    2.043038] Serial: 8250/16550 driver, 32 ports, IRQ sharing enabled
[    2.043092] serial8250: ttyS0 at I/O 0x3f8 (irq = 4) is a 16550A
[    2.043145] serial8250: ttyS1 at I/O 0x2f8 (irq = 3) is a 16550A
[    2.043198] 00:0a: ttyS0 at I/O 0x3f8 (irq = 4) is a 16550A
[    2.043252] 00:0b: ttyS1 at I/O 0x2f8 (irq = 3) is a 16550A
[    2.043305] brd: module loaded
[    2.043358] loop: module loaded
[    2.043412] ata_piix 0000:00:07.1: version 2.13
[    2.043495] scsi0 : ata_piix
[    2.043545] scsi1 : ata_piix
[    2.043565] ata1: PATA max UDMA/33 cmd 0x1f0 ctl 0x3f6 bmdma 0x10c0 irq 14
[    2.043567] ata2: PATA max UDMA/33 cmd 0x170 ctl 0x376 bmdma 0x10c8 irq 15
[    2.043618] PPP generic driver version 2.4.2
[    2.043638] tun: Universal TUN/TAP device driver, 1.6
[    2.043640] tun: (C) 1999-2004 Max Krasnyansky <maxk@qualcomm.com>
[    2.043693] ehci_hcd: USB 2.0 'Enhanced' Host Controller (EHCI) Driver
[    2.043747] ACPI: PCI Interrupt Link [LNKB] enabled at IRQ 11
[    2.043749] PCI: setting IRQ 11 as level-triggered
[    2.043757] ehci_hcd 0000:02:03.0: PCI INT A -> Link[LNKB] -> GSI 11 (level, low) -> IRQ 11
[    2.043795] ehci_hcd 0000:02:03.0: EHCI Host Controller
[    2.043818] ehci_hcd 0000:02:03.0: new USB bus registered, assigned bus number 1
[    2.043871] ehci_hcd 0000:02:03.0: cache line size of 32 is not supported
[    2.043878] ehci_hcd 0000:02:03.0: irq 11, io mem 0xc9000000
[    2.044192] random 0000 0000 0000 00000000 00000000: rand_read_num 3 get_random_bytes(8): sig 00000000 00000000 00000000
[    2.044195] random 0000 0000 0000 00000000 00000000: extract_entropy(.. 8 ..)
[    2.044197] random 0000 0000 0000 00000000 00000000: going to reseed nonblocking with 64 bits (64 of 0 requested)
[    2.044200] random 0000 0000 0000 00000000 00000000: extract_entropy(.. 8 ..)
[    2.044202] random 0000 0000 0000 00000000 00000000: trying to extract 64 bits from input
[    2.044205] random 0000 0000 0000 00000000 00000000: debiting 0 entropy credits from input
[    2.044207] random 0000 0000 0000 00000000 00000000: extract_entropy account returned: 0 
[    2.044209] random 0000 0000 0000 00000000 00000000: urand_change_num 5 xfer_secondary_pool(8): pool_sig 00000000, data_sig 00000000, bytes_mixed 0 00000000 00000000
[    2.044212] random 0000 0000 0000 00000000 00000000: trying to extract 64 bits from nonblocking
[    2.044215] random 0000 0000 0000 00000000 00000000: debiting 64 entropy credits from nonblocking (unlimited)
[    2.044217] random 0000 0000 0000 00000000 00000000: extract_entropy account returned: 8 
[    2.044221] random 0000 0000 0000 00000000 00000000: urand_change_num 6 extract_buf: pool_sig 00000000, data_sig fffffff9, bytes_mixed 20 00000000 00000000
[    2.052491] ehci_hcd 0000:02:03.0: USB 2.0 started, EHCI 1.00
[    2.052544] usb usb1: configuration #1 chosen from 1 choice
[    2.052564] hub 1-0:1.0: USB hub found
[    2.052569] hub 1-0:1.0: 6 ports detected
[    2.052604] ohci_hcd: USB 1.1 'Open' Host Controller (OHCI) Driver
[    2.052615] uhci_hcd: USB Universal Host Controller Interface driver
[    2.052668] ACPI: PCI Interrupt Link [LNKC] enabled at IRQ 10
[    2.052671] PCI: setting IRQ 10 as level-triggered
[    2.052675] uhci_hcd 0000:02:00.0: PCI INT A -> Link[LNKC] -> GSI 10 (level, low) -> IRQ 10
[    2.052709] uhci_hcd 0000:02:00.0: UHCI Host Controller
[    2.052737] uhci_hcd 0000:02:00.0: new USB bus registered, assigned bus number 2
[    2.052841] uhci_hcd 0000:02:00.0: irq 10, io base 0x000020c0
[    2.052894] usb usb2: configuration #1 chosen from 1 choice
[    2.052910] hub 2-0:1.0: USB hub found
[    2.052914] hub 2-0:1.0: 2 ports detected
[    2.052967] usbcore: registered new interface driver libusual
[    2.053005] PNP: PS/2 Controller [PNP0303:KBC,PNP0f13:MOUS] at 0x60,0x64 irq 1,12
[    2.053341] serio: i8042 KBD port at 0x60,0x64 irq 1
[    2.053348] serio: i8042 AUX port at 0x60,0x64 irq 12
[    2.053381] mice: PS/2 mouse device common for all mice
[    2.053435] rtc_cmos 00:04: rtc core: registered rtc_cmos as rtc0
[    2.053450] rtc0: alarms up to one month, y3k, 114 bytes nvram, hpet irqs
[    2.053504] device-mapper: uevent: version 1.0.3
[    2.053619] device-mapper: ioctl: 4.15.0-ioctl (2009-04-01) initialised: dm-devel@redhat.com
[    2.053636] EISA: Probing bus 0 at eisa.0
[    2.053643] Cannot allocate resource for EISA slot 1
[    2.053645] Cannot allocate resource for EISA slot 2
[    2.053647] Cannot allocate resource for EISA slot 3
[    2.053649] Cannot allocate resource for EISA slot 4
[    2.053651] Cannot allocate resource for EISA slot 5
[    2.053653] Cannot allocate resource for EISA slot 6
[    2.053654] Cannot allocate resource for EISA slot 7
[    2.053656] Cannot allocate resource for EISA slot 8
[    2.053658] EISA: Detected 0 cards.
[    2.053703] cpuidle: using governor ladder
[    2.053705] cpuidle: using governor menu
[    2.053800] random 0000 0000 0000 00000000 00000000: rand_read_num 4 get_random_bytes(136): sig 0000021d 00000000 00000000
[    2.053803] random 0000 0000 0000 00000000 00000000: extract_entropy(.. 136 ..)
[    2.053805] random 0000 0000 0000 00000000 00000000: going to reseed nonblocking with 1024 bits (1088 of 0 requested)
[    2.053807] random 0000 0000 0000 00000000 00000000: extract_entropy(.. 128 ..)
[    2.053810] random 0000 0000 0000 00000000 00000000: trying to extract 1024 bits from input
[    2.053812] random 0000 0000 0000 00000000 00000000: debiting 0 entropy credits from input
[    2.053814] random 0000 0000 0000 00000000 00000000: extract_entropy account returned: 0 
[    2.053817] random 0000 0000 0000 00000000 00000000: urand_change_num 7 xfer_secondary_pool(136): pool_sig 0000021d, data_sig 00000000, bytes_mixed 0 00000000 00000000
[    2.053820] random 0000 0000 0000 00000000 00000000: trying to extract 1088 bits from nonblocking
[    2.053822] random 0000 0000 0000 00000000 00000000: debiting 1088 entropy credits from nonblocking (unlimited)
[    2.053824] random 0000 0000 0000 00000000 00000000: extract_entropy account returned: 136 
[    2.053828] random 0000 0000 0000 00000000 00000000: urand_change_num 8 extract_buf: pool_sig 0000021d, data_sig fffffff7, bytes_mixed 20 00000000 00000000
[    2.053833] random 0000 0000 0000 f961ee50 ba9cb1aa: urand_change_num 9 extract_buf: pool_sig 00000230, data_sig fffffeb4, bytes_mixed 20 f961ee50 ba9cb1aa
[    2.053837] random 0000 0000 0000 9748bdd6 56fb8af6: urand_change_num 10 extract_buf: pool_sig 00000373, data_sig 000000cf, bytes_mixed 20 9748bdd6 56fb8af6
[    2.053842] random 0000 0000 0000 9748bdd6 56fb8af6: urand_change_num 11 extract_buf: pool_sig fffffe49, data_sig 0000023f, bytes_mixed 20 9748bdd6 56fb8af6
[    2.053846] random 0000 0000 0000 a135be86 4777650e: urand_change_num 12 extract_buf: pool_sig fffffcce, data_sig 000000c6, bytes_mixed 20 a135be86 4777650e
[    2.053851] random 0000 0000 0000 4a6ea85d 170e00dd: urand_change_num 13 extract_buf: pool_sig ffffff97, data_sig ffffff7d, bytes_mixed 20 4a6ea85d 170e00dd
[    2.053855] random 0000 0000 0000 4a6ea85d 170e00dd: urand_change_num 14 extract_buf: pool_sig 00000160, data_sig fffffeea, bytes_mixed 20 4a6ea85d 170e00dd
[    2.053860] random 0000 0000 0000 6e87c3cb da668c73: urand_change_num 15 extract_buf: pool_sig 0000034f, data_sig ffffff54, bytes_mixed 20 6e87c3cb da668c73
[    2.053864] random 0000 0000 0000 6e87c3cb da668c73: urand_change_num 16 extract_buf: pool_sig fffffdc5, data_sig 00000205, bytes_mixed 20 6e87c3cb da668c73
[    2.053869] random 0000 0000 0000 39f531e6 461eb249: urand_change_num 17 extract_buf: pool_sig fffffc1d, data_sig ffffff5e, bytes_mixed 20 39f531e6 461eb249
[    2.053873] random 0000 0000 0000 7e1538a2 3e661182: urand_change_num 18 extract_buf: pool_sig 000006ef, data_sig ffffff2e, bytes_mixed 20 7e1538a2 3e661182
[    2.053877] random 0000 0000 0000 7e1538a2 3e661182: urand_change_num 19 extract_buf: pool_sig 00000317, data_sig fffffccb, bytes_mixed 20 7e1538a2 3e661182
[    2.053882] random 0000 0000 0000 76af506b 9b57305e: urand_change_num 20 extract_buf: pool_sig 00000227, data_sig ffffffd2, bytes_mixed 20 76af506b 9b57305e
[    2.053886] random 0000 0000 0000 37d49d89 e20417cc: urand_change_num 21 extract_buf: pool_sig 0000080b, data_sig 000001e9, bytes_mixed 20 37d49d89 e20417cc
[    2.053891] TCP cubic registered
[    2.053944] NET: Registered protocol family 10
[    2.053978] RANDOM - __random32 called. Change num 12.  Value: 8f3eba68	c1db9b96	544fe79f
[    2.053981] RANDOM - random32 called.  Value: 8f3eba68	c1db9b96	544fe79f
[    2.053990] random 0000 0000 0000 37d49d89 e20417cc: rand_read_num 5 get_random_bytes(4): sig 00000298 37d49d89 e20417cc
[    2.053992] random 0000 0000 0000 37d49d89 e20417cc: extract_entropy(.. 4 ..)
[    2.053994] random 0000 0000 0000 37d49d89 e20417cc: going to reseed nonblocking with 64 bits (32 of 0 requested)
[    2.053997] random 0000 0000 0000 37d49d89 e20417cc: extract_entropy(.. 8 ..)
[    2.053999] random 0000 0000 0000 37d49d89 e20417cc: trying to extract 64 bits from input
[    2.054001] random 0000 0000 0000 37d49d89 e20417cc: debiting 0 entropy credits from input
[    2.054003] random 0000 0000 0000 37d49d89 e20417cc: extract_entropy account returned: 0 
[    2.054006] random 0000 0000 0000 37d49d89 e20417cc: urand_change_num 22 xfer_secondary_pool(4): pool_sig 00000298, data_sig 00000000, bytes_mixed 0 37d49d89 e20417cc
[    2.054009] random 0000 0000 0000 37d49d89 e20417cc: trying to extract 32 bits from nonblocking
[    2.054011] random 0000 0000 0000 37d49d89 e20417cc: debiting 32 entropy credits from nonblocking (unlimited)
[    2.054013] random 0000 0000 0000 37d49d89 e20417cc: extract_entropy account returned: 4 
[    2.054017] random 0000 0000 0000 37d49d89 e20417cc: urand_change_num 23 extract_buf: pool_sig 00000298, data_sig 00000092, bytes_mixed 20 37d49d89 e20417cc
[    2.054070] RANDOM - __random32 called. Change num 13.  Value: eba68b0e	1db9b963	cf3ec61b
[    2.054072] RANDOM - random32 called.  Value: eba68b0e	1db9b963	cf3ec61b
[    2.054126] NET: Registered protocol family 17
[    2.054146] Using IPI No-Shortcut mode
[    2.054151] random 0000 0000 0000 2ee4c4fc 167bdb15: rand_read_num 6 get_random_bytes(8): sig fffffcbf 2ee4c4fc 167bdb15
[    2.054154] random 0000 0000 0000 2ee4c4fc 167bdb15: extract_entropy(.. 8 ..)
[    2.054156] random 0000 0000 0000 2ee4c4fc 167bdb15: going to reseed nonblocking with 64 bits (64 of 0 requested)
[    2.054158] random 0000 0000 0000 2ee4c4fc 167bdb15: extract_entropy(.. 8 ..)
[    2.054160] random 0000 0000 0000 2ee4c4fc 167bdb15: trying to extract 64 bits from input
[    2.054162] random 0000 0000 0000 2ee4c4fc 167bdb15: debiting 0 entropy credits from input
[    2.054165] random 0000 0000 0000 2ee4c4fc 167bdb15: extract_entropy account returned: 0 
[    2.054168] random 0000 0000 0000 2ee4c4fc 167bdb15: urand_change_num 24 xfer_secondary_pool(8): pool_sig fffffcbf, data_sig 00000000, bytes_mixed 0 2ee4c4fc 167bdb15
[    2.054170] random 0000 0000 0000 2ee4c4fc 167bdb15: trying to extract 64 bits from nonblocking
[    2.054173] random 0000 0000 0000 2ee4c4fc 167bdb15: debiting 64 entropy credits from nonblocking (unlimited)
[    2.054175] random 0000 0000 0000 2ee4c4fc 167bdb15: extract_entropy account returned: 8 
[    2.054178] random 0000 0000 0000 2ee4c4fc 167bdb15: urand_change_num 25 extract_buf: pool_sig fffffcbf, data_sig ffffff83, bytes_mixed 20 2ee4c4fc 167bdb15
[    2.054219] PM: Resume from disk failed.
[    2.054226] registered taskstats version 1
[    2.054229] random 0000 0000 0000 2ee4c4fc 167bdb15: rand_read_num 7 get_random_bytes(12): sig fffffc69 2ee4c4fc 167bdb15
[    2.054232] random 0000 0000 0000 2ee4c4fc 167bdb15: extract_entropy(.. 12 ..)
[    2.054234] random 0000 0000 0000 2ee4c4fc 167bdb15: going to reseed nonblocking with 96 bits (96 of 0 requested)
[    2.054236] random 0000 0000 0000 2ee4c4fc 167bdb15: extract_entropy(.. 12 ..)
[    2.054238] random 0000 0000 0000 2ee4c4fc 167bdb15: trying to extract 96 bits from input
[    2.054240] random 0000 0000 0000 2ee4c4fc 167bdb15: debiting 0 entropy credits from input
[    2.054242] random 0000 0000 0000 2ee4c4fc 167bdb15: extract_entropy account returned: 0 
[    2.054245] random 0000 0000 0000 2ee4c4fc 167bdb15: urand_change_num 26 xfer_secondary_pool(12): pool_sig fffffc69, data_sig 00000000, bytes_mixed 0 2ee4c4fc 167bdb15
[    2.054248] random 0000 0000 0000 2ee4c4fc 167bdb15: trying to extract 96 bits from nonblocking
[    2.054250] random 0000 0000 0000 2ee4c4fc 167bdb15: debiting 96 entropy credits from nonblocking (unlimited)
[    2.054252] random 0000 0000 0000 2ee4c4fc 167bdb15: extract_entropy account returned: 12 
[    2.054256] random 0000 0000 0000 2ee4c4fc 167bdb15: urand_change_num 27 extract_buf: pool_sig fffffc69, data_sig ffffff7d, bytes_mixed 20 2ee4c4fc 167bdb15
[    2.054260] random 0000 0000 0000 83b7c1ab 94697f48: urand_change_num 28 extract_buf: pool_sig fffffe30, data_sig fffffdd6, bytes_mixed 20 83b7c1ab 94697f48
[    2.054263] RANDOM - __seed init called.
[    2.054265] RANDOM - __seed init called.
[    2.054266] RANDOM - __seed init called.
[    2.054268] RANDOM - __random32 called. Change num 14.  Value: fc007995	feca4f80	21b38ad2
[    2.054269] RANDOM - random32_reseed called.  Value: fc007995	feca4f80	21b38ad2
[    2.054272] Pid: 1, comm: swapper Not tainted 2.6.32.57 #4
[    2.054274] Call Trace:
[    2.054280]  [<c14a8a0e>] ? printk+0x1d/0x1f
[    2.054284]  [<c17537e5>] random32_reseed+0x89/0xbd
[    2.054288]  [<c1003042>] do_one_initcall+0x32/0x1a0
[    2.054291]  [<c175375c>] ? random32_reseed+0x0/0xbd
[    2.054294]  [<c17308e7>] kernel_init+0x12d/0x17a
[    2.054296]  [<c17307ba>] ? kernel_init+0x0/0x17a
[    2.054299]  [<c1009b07>] kernel_thread_helper+0x7/0x10
[    2.057053] input: AT Translated Set 2 keyboard as /devices/platform/i8042/serio0/input/input1
[    2.057334] random 0000 0000 0000 6db70b00 b30ce96b: rand_read_num 8 get_random_bytes(64): sig fffffb38 6db70b00 b30ce96b
[    2.057337] random 0000 0000 0000 6db70b00 b30ce96b: extract_entropy(.. 64 ..)
[    2.057340] random 0000 0000 0000 6db70b00 b30ce96b: going to reseed nonblocking with 512 bits (512 of 0 requested)
[    2.057342] random 0000 0000 0000 6db70b00 b30ce96b: extract_entropy(.. 64 ..)
[    2.057344] random 0000 0000 0000 6db70b00 b30ce96b: trying to extract 512 bits from input
[    2.057347] random 0000 0000 0000 6db70b00 b30ce96b: debiting 0 entropy credits from input
[    2.057348] random 0000 0000 0000 6db70b00 b30ce96b: extract_entropy account returned: 0 
[    2.057351] random 0000 0000 0000 6db70b00 b30ce96b: urand_change_num 29 xfer_secondary_pool(64): pool_sig fffffb38, data_sig 00000000, bytes_mixed 0 6db70b00 b30ce96b
[    2.057354] random 0000 0000 0000 6db70b00 b30ce96b: trying to extract 512 bits from nonblocking
[    2.057357] random 0000 0000 0000 6db70b00 b30ce96b: debiting 512 entropy credits from nonblocking (unlimited)
[    2.057359] random 0000 0000 0000 6db70b00 b30ce96b: extract_entropy account returned: 64 
[    2.057362] random 0000 0000 0000 6db70b00 b30ce96b: urand_change_num 30 extract_buf: pool_sig fffffb38, data_sig 00000151, bytes_mixed 20 6db70b00 b30ce96b
[    2.057366] random 0000 0000 0000 6db70b00 b30ce96b: urand_change_num 31 extract_buf: pool_sig fffffdb8, data_sig 00000379, bytes_mixed 20 6db70b00 b30ce96b
[    2.057371] random 0000 0000 0000 6b83001e d4b6c0d3: urand_change_num 32 extract_buf: pool_sig ffffffc9, data_sig 00000198, bytes_mixed 20 6b83001e d4b6c0d3
[    2.057375] random 0000 0000 0000 79d3e3c7 be564518: urand_change_num 33 extract_buf: pool_sig 000002b9, data_sig ffffff84, bytes_mixed 20 79d3e3c7 be564518
[    2.057379] random 0000 0000 0000 79d3e3c7 be564518: urand_change_num 34 extract_buf: pool_sig ffffff55, data_sig ffffff5a, bytes_mixed 20 79d3e3c7 be564518
[    2.057383] random 0000 0000 0000 89c03cb2 0d353228: urand_change_num 35 extract_buf: pool_sig 00000007, data_sig ffffff17, bytes_mixed 20 89c03cb2 0d353228
[    2.057387] random 0000 0000 0000 89c03cb2 0d353228: urand_change_num 36 extract_buf: pool_sig fffffdae, data_sig 000000db, bytes_mixed 20 89c03cb2 0d353228  Magic number: 13:606:652
[    2.057482] rtc_cmos 00:04: setting system clock to 2013-05-24 21:37:04 UTC (1369431424)
[    2.057484] BIOS EDD facility v0.16 2004-Jun-25, 0 devices found
[    2.057486] EDD information not available.
[    2.057509] random 0000 0000 0000 8ca62387 b120332c: rand_read_num 9 get_random_bytes(64): sig fffffed6 8ca62387 b120332c
[    2.057511] random 0000 0000 0000 8ca62387 b120332c: extract_entropy(.. 64 ..)
[    2.057514] random 0000 0000 0000 8ca62387 b120332c: going to reseed nonblocking with 512 bits (512 of 0 requested)
[    2.057516] random 0000 0000 0000 8ca62387 b120332c: extract_entropy(.. 64 ..)
[    2.057518] random 0000 0000 0000 8ca62387 b120332c: trying to extract 512 bits from input
[    2.057520] random 0000 0000 0000 8ca62387 b120332c: debiting 0 entropy credits from input
[    2.057522] random 0000 0000 0000 8ca62387 b120332c: extract_entropy account returned: 0 
[    2.057524] random 0000 0000 0000 8ca62387 b120332c: urand_change_num 37 xfer_secondary_pool(64): pool_sig fffffed6, data_sig 00000000, bytes_mixed 0 8ca62387 b120332c
[    2.057527] random 0000 0000 0000 8ca62387 b120332c: trying to extract 512 bits from nonblocking
[    2.057538] random 0000 0000 0000 8ca62387 b120332c: debiting 512 entropy credits from nonblocking (unlimited)
[    2.057541] random 0000 0000 0000 8ca62387 b120332c: extract_entropy account returned: 64 
[    2.057544] random 0000 0000 0000 8ca62387 b120332c: urand_change_num 38 extract_buf: pool_sig fffffed6, data_sig fffffeb6, bytes_mixed 20 8ca62387 b120332c
[    2.057558] random 0000 0000 0000 90702413 e2a66c2e: urand_change_num 39 extract_buf: pool_sig fffffbb0, data_sig 0000012e, bytes_mixed 20 90702413 e2a66c2e
[    2.057562] random 0000 0000 0000 90702413 e2a66c2e: urand_change_num 40 extract_buf: pool_sig fffffaf1, data_sig ffffff3c, bytes_mixed 20 90702413 e2a66c2e
[    2.057567] random 0000 0000 0000 3f58038b c77aecb6: urand_change_num 41 extract_buf: pool_sig 00000234, data_sig fffffdec, bytes_mixed 20 3f58038b c77aecb6
[    2.057571] random 0000 0000 0000 47187b9d 03f21510: urand_change_num 42 extract_buf: pool_sig 00000192, data_sig 00000075, bytes_mixed 20 47187b9d 03f21510
[    2.057575] random 0000 0000 0000 47187b9d 03f21510: urand_change_num 43 extract_buf: pool_sig 0000018e, data_sig ffffffbf, bytes_mixed 20 47187b9d 03f21510
[    2.057580] random 0000 0000 0000 3180b1fc 0fa9c973: urand_change_num 44 extract_buf: pool_sig fffffecf, data_sig ffffff2a, bytes_mixed 20 3180b1fc 0fa9c973
[    2.057583] BEGIN NET_SECRET:
[    2.057584] \xffffff87
[    2.057594] \xffffff8d
[    2.057595] \xfffffff4
[    2.057596] \xffffffae
[    2.057598] \xffffffc3
[    2.057599] \xffffffb7
[    2.057600] \x31
[    2.057601] \x65
[    2.057602] \xffffffda
[    2.057603] \xffffffa2
[    2.057604] \x31
[    2.057605] \xffffffc8
[    2.057606] \xffffffa9
[    2.057607] \x76
[    2.057608] \x76
[    2.057609] \xffffff90
[    2.057610] \x55
[    2.057611] \xfffffff3
[    2.057613] \xffffffb1
[    2.057614] \x3
[    2.057615] \xffffffb3
[    2.057616] \xffffffa7
[    2.057617] \x5a
[    2.057618] \x71
[    2.057619] \x70
[    2.057620] \xffffff8c
[    2.057621] \x56
[    2.057622] \x25
[    2.057623] \xffffffe1
[    2.057624] \x4c
[    2.057625] \xffffffe6
[    2.057626] \xffffff95
[    2.057628] \x67
[    2.057629] \x4c
[    2.057630] \xffffffb9
[    2.057631] \x1d
[    2.057632] \xe
[    2.057633] \x34
[    2.057634] \xffffffbe
[    2.057635] \x12
[    2.057636] \x5
[    2.057637] \xffffff98
[    2.057638] \xffffffa0
[    2.057639] \xf
[    2.057640] \xffffffb2
[    2.057641] \xffffffde
[    2.057642] \xffffff99
[    2.057643] \xf
[    2.057645] \xffffffe8
[    2.057646] \xffffffc8
[    2.057647] \x1f
[    2.057648] \x54
[    2.057649] \x2c
[    2.057650] \xffffffee
[    2.057651] \x2e
[    2.057652] \x0
[    2.057653] \xffffff95
[    2.057654] \x0
[    2.057655] \xffffffe3
[    2.057656] \xffffffa7
[    2.057657] \xfffffffd
[    2.057658] \x66
[    2.057659] \xffffff92
[    2.057660] \xfffffff0
[    2.057662] 
[    2.057662] END NET_SECRET
[    2.057665] random 0000 0000 0000 3180b1fc 0fa9c973: rand_read_num 10 get_random_bytes(4): sig ffffff46 3180b1fc 0fa9c973
[    2.057667] random 0000 0000 0000 3180b1fc 0fa9c973: extract_entropy(.. 4 ..)
[    2.057670] random 0000 0000 0000 3180b1fc 0fa9c973: going to reseed nonblocking with 64 bits (32 of 0 requested)
[    2.057672] random 0000 0000 0000 3180b1fc 0fa9c973: extract_entropy(.. 8 ..)
[    2.057674] random 0000 0000 0000 3180b1fc 0fa9c973: trying to extract 64 bits from input
[    2.057676] random 0000 0000 0000 3180b1fc 0fa9c973: debiting 0 entropy credits from input
[    2.057678] random 0000 0000 0000 3180b1fc 0fa9c973: extract_entropy account returned: 0 
[    2.057680] random 0000 0000 0000 3180b1fc 0fa9c973: urand_change_num 45 xfer_secondary_pool(4): pool_sig ffffff46, data_sig 00000000, bytes_mixed 0 3180b1fc 0fa9c973
[    2.057683] random 0000 0000 0000 3180b1fc 0fa9c973: trying to extract 32 bits from nonblocking
[    2.057685] random 0000 0000 0000 3180b1fc 0fa9c973: debiting 32 entropy credits from nonblocking (unlimited)
[    2.057687] random 0000 0000 0000 3180b1fc 0fa9c973: extract_entropy account returned: 4 
[    2.057690] random 0000 0000 0000 3180b1fc 0fa9c973: urand_change_num 46 extract_buf: pool_sig ffffff46, data_sig 0000001b, bytes_mixed 20 3180b1fc 0fa9c973
[    2.230431] ata2.00: ATAPI: VMware Virtual IDE CDROM Drive, 00000001, max UDMA/33
[    2.230713] ata2.00: configured for UDMA/33
[    2.231120] scsi 1:0:0:0: CD-ROM            NECVMWar VMware IDE CDR10 1.00 PQ: 0 ANSI: 5
[    2.232313] sr0: scsi3-mmc drive: 306x/306x cd/rw xa/form2 cdda tray
[    2.232317] Uniform CD-ROM driver Revision: 3.20
[    2.232370] sr 1:0:0:0: Attached scsi CD-ROM sr0
[    2.232406] sr 1:0:0:0: Attached scsi generic sg0 type 5
[    2.232441] Freeing unused kernel memory: 652k freed
[    2.232494] Write protecting the kernel text: 4840k
[    2.232525] Write protecting the kernel read-only data: 1968k
[    2.232613] random 0000 0000 0000 38974d2b 1d8d6de0: rand_read_num 11 get_random_bytes(16): sig 000001c6 38974d2b 1d8d6de0
