[    0.000000] random 0000 0000 0000 00000000 00000000: rand_read_num 1 get_random_bytes(8): sig 00000000 00000000 00000000
[    0.000000] random 0000 0000 0000 00000000 00000000: extract_entropy(.. 8 ..)
[    0.000000] random 0000 0000 0000 00000000 00000000: going to reseed nonblocking with 64 bits (64 of 0 requested)
[    0.000000] random 0000 0000 0000 00000000 00000000: extract_entropy(.. 8 ..)
[    0.000000] random 0000 0000 0000 00000000 00000000: trying to extract 64 bits from input
[    0.000000] random 0000 0000 0000 00000000 00000000: debiting 0 entropy credits from input
[    0.000000] random 0000 0000 0000 00000000 00000000: extract_entropy account returned: 0 
[    0.000000] random 0000 0000 0000 00000000 00000000: urand_change_num 1 xfer_secondary_pool(8): pool_sig 00000000, data_sig 00000000, bytes_mixed 0 00000000 00000000
[    0.000000] random 0000 0000 0000 00000000 00000000: trying to extract 64 bits from nonblocking
[    0.000000] random 0000 0000 0000 00000000 00000000: debiting 64 entropy credits from nonblocking (unlimited)
[    0.000000] random 0000 0000 0000 00000000 00000000: extract_entropy account returned: 8 
[    0.000000] random 0000 0000 0000 00000000 00000000: urand_change_num 2 extract_buf: pool_sig 00000000, data_sig fffffff9, bytes_mixed 20 00000000 00000000
[    0.000000] Initializing cgroup subsys cpuset
[    0.000000] Initializing cgroup subsys cpu
[    0.000000] Linux version 2.6.32.57 (dcashman@ubuntu) (gcc version 4.6.3 (Ubuntu/Linaro 4.6.3-1ubuntu5) ) #4 SMP Fri May 24 11:09:26 PDT 2013
[    0.000000] KERNEL supported cpus:
[    0.000000]   Intel GenuineIntel
[    0.000000]   AMD AuthenticAMD
[    0.000000]   NSC Geode by NSC
[    0.000000]   Cyrix CyrixInstead
[    0.000000]   Centaur CentaurHauls
[    0.000000]   Transmeta GenuineTMx86
[    0.000000]   Transmeta TransmetaCPU
[    0.000000]   UMC UMC UMC UMC
[    0.000000] BIOS-provided physical RAM map:
[    0.000000]  BIOS-e820: 0000000000000000 - 000000000009f000 (usable)
[    0.000000]  BIOS-e820: 000000000009f000 - 00000000000a0000 (reserved)
[    0.000000]  BIOS-e820: 00000000000ca000 - 00000000000cc000 (reserved)
[    0.000000]  BIOS-e820: 00000000000dc000 - 0000000000100000 (reserved)
[    0.000000]  BIOS-e820: 0000000000100000 - 000000003fee0000 (usable)
[    0.000000]  BIOS-e820: 000000003fee0000 - 000000003feff000 (ACPI data)
[    0.000000]  BIOS-e820: 000000003feff000 - 000000003ff00000 (ACPI NVS)
[    0.000000]  BIOS-e820: 000000003ff00000 - 0000000040000000 (usable)
[    0.000000]  BIOS-e820: 00000000e0000000 - 00000000f0000000 (reserved)
[    0.000000]  BIOS-e820: 00000000fec00000 - 00000000fec10000 (reserved)
[    0.000000]  BIOS-e820: 00000000fee00000 - 00000000fee01000 (reserved)
[    0.000000]  BIOS-e820: 00000000fffe0000 - 0000000100000000 (reserved)
[    0.000000] DMI present.
[    0.000000] Phoenix BIOS detected: BIOS may corrupt low RAM, working around it.
[    0.000000] e820 update range: 0000000000000000 - 0000000000010000 (usable) ==> (reserved)
[    0.000000] last_pfn = 0x40000 max_arch_pfn = 0x1000000
[    0.000000] MTRR default type: uncachable
[    0.000000] MTRR fixed ranges enabled:
[    0.000000]   00000-9FFFF write-back
[    0.000000]   A0000-BFFFF uncachable
[    0.000000]   C0000-CBFFF write-protect
[    0.000000]   CC000-EFFFF uncachable
[    0.000000]   F0000-FFFFF write-protect
[    0.000000] MTRR variable ranges enabled:
[    0.000000]   0 base 0000000000 mask FFC0000000 write-back
[    0.000000]   1 disabled
[    0.000000]   2 disabled
[    0.000000]   3 disabled
[    0.000000]   4 disabled
[    0.000000]   5 disabled
[    0.000000]   6 disabled
[    0.000000]   7 disabled
[    0.000000] x86 PAT enabled: cpu 0, old 0x0, new 0x7010600070106
[    0.000000] Scanning 0 areas for low memory corruption
[    0.000000] modified physical RAM map:
[    0.000000]  modified: 0000000000000000 - 0000000000010000 (reserved)
[    0.000000]  modified: 0000000000010000 - 000000000009f000 (usable)
[    0.000000]  modified: 000000000009f000 - 00000000000a0000 (reserved)
[    0.000000]  modified: 00000000000ca000 - 00000000000cc000 (reserved)
[    0.000000]  modified: 00000000000dc000 - 0000000000100000 (reserved)
[    0.000000]  modified: 0000000000100000 - 000000003fee0000 (usable)
[    0.000000]  modified: 000000003fee0000 - 000000003feff000 (ACPI data)
[    0.000000]  modified: 000000003feff000 - 000000003ff00000 (ACPI NVS)
[    0.000000]  modified: 000000003ff00000 - 0000000040000000 (usable)
[    0.000000]  modified: 00000000e0000000 - 00000000f0000000 (reserved)
[    0.000000]  modified: 00000000fec00000 - 00000000fec10000 (reserved)
[    0.000000]  modified: 00000000fee00000 - 00000000fee01000 (reserved)
[    0.000000]  modified: 00000000fffe0000 - 0000000100000000 (reserved)
[    0.000000] initial memory mapped : 0 - 01e00000
[    0.000000] init_memory_mapping: 0000000000000000-00000000379fe000
[    0.000000] NX (Execute Disable) protection: active
[    0.000000]  0000000000 - 0000200000 page 4k
[    0.000000]  0000200000 - 0037800000 page 2M
[    0.000000]  0037800000 - 00379fe000 page 4k
[    0.000000] kernel direct mapping tables up to 379fe000 @ 10000-16000
[    0.000000] RAMDISK: 2dcfc000 - 32e758c3
[    0.000000] ACPI: RSDP 000f6b80 00024 (v02 PTLTD )
[    0.000000] ACPI: XSDT 3feed636 0005C (v01 INTEL  440BX    06040000 VMW  01324272)
[    0.000000] ACPI: FACP 3fefee98 000F4 (v04 INTEL  440BX    06040000 PTL  000F4240)
[    0.000000] ACPI: DSDT 3feee366 10B32 (v01 PTLTD  Custom   06040000 MSFT 03000001)
[    0.000000] ACPI: FACS 3fefffc0 00040
[    0.000000] ACPI: BOOT 3feee33e 00028 (v01 PTLTD  $SBFTBL$ 06040000  LTP 00000001)
[    0.000000] ACPI: APIC 3feedc3e 003C2 (v01 PTLTD  ? APIC   06040000  LTP 00000000)
[    0.000000] ACPI: MCFG 3feedc02 0003C (v01 PTLTD  $PCITBL$ 06040000  LTP 00000001)
[    0.000000] ACPI: SRAT 3feed732 004D0 (v02 VMWARE MEMPLUG  06040000 VMW  00000001)
[    0.000000] ACPI: HPET 3feed6fa 00038 (v01 VMWARE VMW HPET 06040000 VMW  00000001)
[    0.000000] ACPI: WAET 3feed6d2 00028 (v01 VMWARE VMW WAET 06040000 VMW  00000001)
[    0.000000] ACPI: Local APIC address 0xfee00000
[    0.000000] 134MB HIGHMEM available.
[    0.000000] 889MB LOWMEM available.
[    0.000000]   mapped low ram: 0 - 379fe000
[    0.000000]   low ram: 0 - 379fe000
[    0.000000]   node 0 low ram: 00000000 - 379fe000
[    0.000000]   node 0 bootmap 00012000 - 00018f40
[    0.000000] (9 early reservations) ==> bootmem [0000000000 - 00379fe000]
[    0.000000]   #0 [0000000000 - 0000001000]   BIOS data page ==> [0000000000 - 0000001000]
[    0.000000]   #1 [0000001000 - 0000002000]    EX TRAMPOLINE ==> [0000001000 - 0000002000]
[    0.000000]   #2 [0000006000 - 0000007000]       TRAMPOLINE ==> [0000006000 - 0000007000]
[    0.000000]   #3 [0001000000 - 0001a75ff8]    TEXT DATA BSS ==> [0001000000 - 0001a75ff8]
[    0.000000]   #4 [002dcfc000 - 0032e758c3]          RAMDISK ==> [002dcfc000 - 0032e758c3]
[    0.000000]   #5 [000009f000 - 0000100000]    BIOS reserved ==> [000009f000 - 0000100000]
[    0.000000]   #6 [0001a76000 - 0001a851c0]              BRK ==> [0001a76000 - 0001a851c0]
[    0.000000]   #7 [0000010000 - 0000012000]          PGTABLE ==> [0000010000 - 0000012000]
[    0.000000]   #8 [0000012000 - 0000019000]          BOOTMAP ==> [0000012000 - 0000019000]
[    0.000000] found SMP MP-table at [c00f6bf0] f6bf0
[    0.000000] Zone PFN ranges:
[    0.000000]   DMA      0x00000010 -> 0x00001000
[    0.000000]   Normal   0x00001000 -> 0x000379fe
[    0.000000]   HighMem  0x000379fe -> 0x00040000
[    0.000000] Movable zone start PFN for each node
[    0.000000] early_node_map[3] active PFN ranges
[    0.000000]     0: 0x00000010 -> 0x0000009f
[    0.000000]     0: 0x00000100 -> 0x0003fee0
[    0.000000]     0: 0x0003ff00 -> 0x00040000
[    0.000000] On node 0 totalpages: 261999
[    0.000000] free_area_init_node: node 0, pgdat c1715200, node_mem_map c1a87200
[    0.000000]   DMA zone: 32 pages used for memmap
[    0.000000]   DMA zone: 0 pages reserved
[    0.000000]   DMA zone: 3951 pages, LIFO batch:0
[    0.000000]   Normal zone: 1748 pages used for memmap
[    0.000000]   Normal zone: 221994 pages, LIFO batch:31
[    0.000000]   HighMem zone: 269 pages used for memmap
[    0.000000]   HighMem zone: 34005 pages, LIFO batch:7
[    0.000000] Using APIC driver default
[    0.000000] ACPI: PM-Timer IO Port: 0x1008
[    0.000000] ACPI: Local APIC address 0xfee00000
[    0.000000] ACPI: LAPIC (acpi_id[0x00] lapic_id[0x00] enabled)
[    0.000000] ACPI: LAPIC (acpi_id[0x01] lapic_id[0x02] disabled)
[    0.000000] ACPI: LAPIC (acpi_id[0x02] lapic_id[0x04] disabled)
[    0.000000] ACPI: LAPIC (acpi_id[0x03] lapic_id[0x06] disabled)
[    0.000000] ACPI: LAPIC (acpi_id[0x04] lapic_id[0x08] disabled)
[    0.000000] ACPI: LAPIC (acpi_id[0x05] lapic_id[0x0a] disabled)
[    0.000000] ACPI: LAPIC (acpi_id[0x06] lapic_id[0x0c] disabled)
[    0.000000] ACPI: LAPIC (acpi_id[0x07] lapic_id[0x0e] disabled)
[    0.000000] ACPI: LAPIC (acpi_id[0x08] lapic_id[0x10] disabled)
[    0.000000] ACPI: LAPIC (acpi_id[0x09] lapic_id[0x12] disabled)
[    0.000000] ACPI: LAPIC (acpi_id[0x0a] lapic_id[0x14] disabled)
[    0.000000] ACPI: LAPIC (acpi_id[0x0b] lapic_id[0x16] disabled)
[    0.000000] ACPI: LAPIC (acpi_id[0x0c] lapic_id[0x18] disabled)
[    0.000000] ACPI: LAPIC (acpi_id[0x0d] lapic_id[0x1a] disabled)
[    0.000000] ACPI: LAPIC (acpi_id[0x0e] lapic_id[0x1c] disabled)
[    0.000000] ACPI: LAPIC (acpi_id[0x0f] lapic_id[0x1e] disabled)
[    0.000000] ACPI: LAPIC (acpi_id[0x10] lapic_id[0x20] disabled)
[    0.000000] ACPI: LAPIC (acpi_id[0x11] lapic_id[0x22] disabled)
[    0.000000] ACPI: LAPIC (acpi_id[0x12] lapic_id[0x24] disabled)
[    0.000000] ACPI: LAPIC (acpi_id[0x13] lapic_id[0x26] disabled)
[    0.000000] ACPI: LAPIC (acpi_id[0x14] lapic_id[0x28] disabled)
[    0.000000] ACPI: LAPIC (acpi_id[0x15] lapic_id[0x2a] disabled)
[    0.000000] ACPI: LAPIC (acpi_id[0x16] lapic_id[0x2c] disabled)
[    0.000000] ACPI: LAPIC (acpi_id[0x17] lapic_id[0x2e] disabled)
[    0.000000] ACPI: LAPIC (acpi_id[0x18] lapic_id[0x30] disabled)
[    0.000000] ACPI: LAPIC (acpi_id[0x19] lapic_id[0x32] disabled)
[    0.000000] ACPI: LAPIC (acpi_id[0x1a] lapic_id[0x34] disabled)
[    0.000000] ACPI: LAPIC (acpi_id[0x1b] lapic_id[0x36] disabled)
[    0.000000] ACPI: LAPIC (acpi_id[0x1c] lapic_id[0x38] disabled)
[    0.000000] ACPI: LAPIC (acpi_id[0x1d] lapic_id[0x3a] disabled)
[    0.000000] ACPI: LAPIC (acpi_id[0x1e] lapic_id[0x3c] disabled)
[    0.000000] ACPI: LAPIC (acpi_id[0x1f] lapic_id[0x3e] disabled)
[    0.000000] ACPI: LAPIC (acpi_id[0x20] lapic_id[0x40] disabled)
[    0.000000] ACPI: LAPIC (acpi_id[0x21] lapic_id[0x42] disabled)
[    0.000000] ACPI: LAPIC (acpi_id[0x22] lapic_id[0x44] disabled)
[    0.000000] ACPI: LAPIC (acpi_id[0x23] lapic_id[0x46] disabled)
[    0.000000] ACPI: LAPIC (acpi_id[0x24] lapic_id[0x48] disabled)
[    0.000000] ACPI: LAPIC (acpi_id[0x25] lapic_id[0x4a] disabled)
[    0.000000] ACPI: LAPIC (acpi_id[0x26] lapic_id[0x4c] disabled)
[    0.000000] ACPI: LAPIC (acpi_id[0x27] lapic_id[0x4e] disabled)
[    0.000000] ACPI: LAPIC (acpi_id[0x28] lapic_id[0x50] disabled)
[    0.000000] ACPI: LAPIC (acpi_id[0x29] lapic_id[0x52] disabled)
[    0.000000] ACPI: LAPIC (acpi_id[0x2a] lapic_id[0x54] disabled)
[    0.000000] ACPI: LAPIC (acpi_id[0x2b] lapic_id[0x56] disabled)
[    0.000000] ACPI: LAPIC (acpi_id[0x2c] lapic_id[0x58] disabled)
[    0.000000] ACPI: LAPIC (acpi_id[0x2d] lapic_id[0x5a] disabled)
[    0.000000] ACPI: LAPIC (acpi_id[0x2e] lapic_id[0x5c] disabled)
[    0.000000] ACPI: LAPIC (acpi_id[0x2f] lapic_id[0x5e] disabled)
[    0.000000] ACPI: LAPIC (acpi_id[0x30] lapic_id[0x60] disabled)
[    0.000000] ACPI: LAPIC (acpi_id[0x31] lapic_id[0x62] disabled)
[    0.000000] ACPI: LAPIC (acpi_id[0x32] lapic_id[0x64] disabled)
[    0.000000] ACPI: LAPIC (acpi_id[0x33] lapic_id[0x66] disabled)
[    0.000000] ACPI: LAPIC (acpi_id[0x34] lapic_id[0x68] disabled)
[    0.000000] ACPI: LAPIC (acpi_id[0x35] lapic_id[0x6a] disabled)
[    0.000000] ACPI: LAPIC (acpi_id[0x36] lapic_id[0x6c] disabled)
[    0.000000] ACPI: LAPIC (acpi_id[0x37] lapic_id[0x6e] disabled)
[    0.000000] ACPI: LAPIC (acpi_id[0x38] lapic_id[0x70] disabled)
[    0.000000] ACPI: LAPIC (acpi_id[0x39] lapic_id[0x72] disabled)
[    0.000000] ACPI: LAPIC (acpi_id[0x3a] lapic_id[0x74] disabled)
[    0.000000] ACPI: LAPIC (acpi_id[0x3b] lapic_id[0x76] disabled)
[    0.000000] ACPI: LAPIC (acpi_id[0x3c] lapic_id[0x78] disabled)
[    0.000000] ACPI: LAPIC (acpi_id[0x3d] lapic_id[0x7a] disabled)
[    0.000000] ACPI: LAPIC (acpi_id[0x3e] lapic_id[0x7c] disabled)
[    0.000000] ACPI: LAPIC (acpi_id[0x3f] lapic_id[0x7e] disabled)
[    0.000000] ACPI: LAPIC_NMI (acpi_id[0x00] high edge lint[0x1])
[    0.000000] ACPI: LAPIC_NMI (acpi_id[0x01] high edge lint[0x1])
[    0.000000] ACPI: LAPIC_NMI (acpi_id[0x02] high edge lint[0x1])
[    0.000000] ACPI: LAPIC_NMI (acpi_id[0x03] high edge lint[0x1])
[    0.000000] ACPI: LAPIC_NMI (acpi_id[0x04] high edge lint[0x1])
[    0.000000] ACPI: LAPIC_NMI (acpi_id[0x05] high edge lint[0x1])
[    0.000000] ACPI: LAPIC_NMI (acpi_id[0x06] high edge lint[0x1])
[    0.000000] ACPI: LAPIC_NMI (acpi_id[0x07] high edge lint[0x1])
[    0.000000] ACPI: LAPIC_NMI (acpi_id[0x08] high edge lint[0x1])
[    0.000000] ACPI: LAPIC_NMI (acpi_id[0x09] high edge lint[0x1])
[    0.000000] ACPI: LAPIC_NMI (acpi_id[0x0a] high edge lint[0x1])
[    0.000000] ACPI: LAPIC_NMI (acpi_id[0x0b] high edge lint[0x1])
[    0.000000] ACPI: LAPIC_NMI (acpi_id[0x0c] high edge lint[0x1])
[    0.000000] ACPI: LAPIC_NMI (acpi_id[0x0d] high edge lint[0x1])
[    0.000000] ACPI: LAPIC_NMI (acpi_id[0x0e] high edge lint[0x1])
[    0.000000] ACPI: LAPIC_NMI (acpi_id[0x0f] high edge lint[0x1])
[    0.000000] ACPI: LAPIC_NMI (acpi_id[0x10] high edge lint[0x1])
[    0.000000] ACPI: LAPIC_NMI (acpi_id[0x11] high edge lint[0x1])
[    0.000000] ACPI: LAPIC_NMI (acpi_id[0x12] high edge lint[0x1])
[    0.000000] ACPI: LAPIC_NMI (acpi_id[0x13] high edge lint[0x1])
[    0.000000] ACPI: LAPIC_NMI (acpi_id[0x14] high edge lint[0x1])
[    0.000000] ACPI: LAPIC_NMI (acpi_id[0x15] high edge lint[0x1])
[    0.000000] ACPI: LAPIC_NMI (acpi_id[0x16] high edge lint[0x1])
[    0.000000] ACPI: LAPIC_NMI (acpi_id[0x17] high edge lint[0x1])
[    0.000000] ACPI: LAPIC_NMI (acpi_id[0x18] high edge lint[0x1])
[    0.000000] ACPI: LAPIC_NMI (acpi_id[0x19] high edge lint[0x1])
[    0.000000] ACPI: LAPIC_NMI (acpi_id[0x1a] high edge lint[0x1])
[    0.000000] ACPI: LAPIC_NMI (acpi_id[0x1b] high edge lint[0x1])
[    0.000000] ACPI: LAPIC_NMI (acpi_id[0x1c] high edge lint[0x1])
[    0.000000] ACPI: LAPIC_NMI (acpi_id[0x1d] high edge lint[0x1])
[    0.000000] ACPI: LAPIC_NMI (acpi_id[0x1e] high edge lint[0x1])
[    0.000000] ACPI: LAPIC_NMI (acpi_id[0x1f] high edge lint[0x1])
[    0.000000] ACPI: LAPIC_NMI (acpi_id[0x20] high edge lint[0x1])
[    0.000000] ACPI: LAPIC_NMI (acpi_id[0x21] high edge lint[0x1])
[    0.000000] ACPI: LAPIC_NMI (acpi_id[0x22] high edge lint[0x1])
[    0.000000] ACPI: LAPIC_NMI (acpi_id[0x23] high edge lint[0x1])
[    0.000000] ACPI: LAPIC_NMI (acpi_id[0x24] high edge lint[0x1])
[    0.000000] ACPI: LAPIC_NMI (acpi_id[0x25] high edge lint[0x1])
[    0.000000] ACPI: LAPIC_NMI (acpi_id[0x26] high edge lint[0x1])
[    0.000000] ACPI: LAPIC_NMI (acpi_id[0x27] high edge lint[0x1])
[    0.000000] ACPI: LAPIC_NMI (acpi_id[0x28] high edge lint[0x1])
[    0.000000] ACPI: LAPIC_NMI (acpi_id[0x29] high edge lint[0x1])
[    0.000000] ACPI: LAPIC_NMI (acpi_id[0x2a] high edge lint[0x1])
[    0.000000] ACPI: LAPIC_NMI (acpi_id[0x2b] high edge lint[0x1])
[    0.000000] ACPI: LAPIC_NMI (acpi_id[0x2c] high edge lint[0x1])
[    0.000000] ACPI: LAPIC_NMI (acpi_id[0x2d] high edge lint[0x1])
[    0.000000] ACPI: LAPIC_NMI (acpi_id[0x2e] high edge lint[0x1])
[    0.000000] ACPI: LAPIC_NMI (acpi_id[0x2f] high edge lint[0x1])
[    0.000000] ACPI: LAPIC_NMI (acpi_id[0x30] high edge lint[0x1])
[    0.000000] ACPI: LAPIC_NMI (acpi_id[0x31] high edge lint[0x1])
[    0.000000] ACPI: LAPIC_NMI (acpi_id[0x32] high edge lint[0x1])
[    0.000000] ACPI: LAPIC_NMI (acpi_id[0x33] high edge lint[0x1])
[    0.000000] ACPI: LAPIC_NMI (acpi_id[0x34] high edge lint[0x1])
[    0.000000] ACPI: LAPIC_NMI (acpi_id[0x35] high edge lint[0x1])
[    0.000000] ACPI: LAPIC_NMI (acpi_id[0x36] high edge lint[0x1])
[    0.000000] ACPI: LAPIC_NMI (acpi_id[0x37] high edge lint[0x1])
[    0.000000] ACPI: LAPIC_NMI (acpi_id[0x38] high edge lint[0x1])
[    0.000000] ACPI: LAPIC_NMI (acpi_id[0x39] high edge lint[0x1])
[    0.000000] ACPI: LAPIC_NMI (acpi_id[0x3a] high edge lint[0x1])
[    0.000000] ACPI: LAPIC_NMI (acpi_id[0x3b] high edge lint[0x1])
[    0.000000] ACPI: LAPIC_NMI (acpi_id[0x3c] high edge lint[0x1])
[    0.000000] ACPI: LAPIC_NMI (acpi_id[0x3d] high edge lint[0x1])
[    0.000000] ACPI: LAPIC_NMI (acpi_id[0x3e] high edge lint[0x1])
[    0.000000] ACPI: LAPIC_NMI (acpi_id[0x3f] high edge lint[0x1])
[    0.000000] ACPI: Skipping IOAPIC probe due to 'noapic' option.
[    0.000000] Using ACPI for processor (LAPIC) configuration information
[    0.000000] ACPI: HPET id: 0x8086af01 base: 0xfed00000
[    0.000000] Intel MultiProcessor Specification v1.4
[    0.000000]     Virtual Wire compatibility mode.
[    0.000000] MPTABLE: OEM ID: INTEL   
[    0.000000] MPTABLE: Product ID: 440BX       
[    0.000000] MPTABLE: APIC at: 0xFEE00000
[    0.000000] I/O APIC #1 Version 17 at 0xFEC00000.
[    0.000000] Processors: 1
[    0.000000] 64 Processors exceeds NR_CPUS limit of 8
[    0.000000] SMP: Allowing 8 CPUs, 7 hotplug CPUs
[    0.000000] nr_irqs_gsi: 24
[    0.000000] PM: Registered nosave memory: 000000000009f000 - 00000000000a0000
[    0.000000] PM: Registered nosave memory: 00000000000a0000 - 00000000000ca000
[    0.000000] PM: Registered nosave memory: 00000000000ca000 - 00000000000cc000
[    0.000000] PM: Registered nosave memory: 00000000000cc000 - 00000000000dc000
[    0.000000] PM: Registered nosave memory: 00000000000dc000 - 0000000000100000
[    0.000000] Allocating PCI resources starting at 40000000 (gap: 40000000:a0000000)
[    0.000000] Booting paravirtualized kernel on bare hardware
[    0.000000] NR_CPUS:8 nr_cpumask_bits:8 nr_cpu_ids:8 nr_node_ids:1
[    0.000000] PERCPU: Embedded 15 pages/cpu @c2400000 s39320 r0 d22120 u262144
[    0.000000] pcpu-alloc: s39320 r0 d22120 u262144 alloc=1*2097152
[    0.000000] pcpu-alloc: [0] 0 1 2 3 4 5 6 7 
[    0.000000] Built 1 zonelists in Zone order, mobility grouping on.  Total pages: 259950
[    0.000000] Kernel command line: BOOT_IMAGE=/boot/vmlinuz-2.6.32.57 root=UUID=007b598c-390d-4c65-84a1-4ff752d48633 ro quiet splash maxcpus=0
[    0.000000] PID hash table entries: 4096 (order: 2, 16384 bytes)
[    0.000000] Dentry cache hash table entries: 131072 (order: 7, 524288 bytes)
[    0.000000] Inode-cache hash table entries: 65536 (order: 6, 262144 bytes)
[    0.000000] Enabling fast FPU save and restore... done.
[    0.000000] Enabling unmasked SIMD FPU exception support... done.
[    0.000000] Initializing CPU#0
[    0.000000] xsave/xrstor: enabled xstate_bv 0x7, cntxt size 0x340
[    0.000000] allocated 5242560 bytes of page_cgroup
[    0.000000] please try 'cgroup_disable=memory' option if you don't want memory cgroups
[    0.000000] Initializing HighMem for node 0 (000379fe:00040000)
[    0.000000] Memory: 938260k/1048576k available (4839k kernel code, 108848k reserved, 2518k data, 652k init, 137096k highmem)
[    0.000000] virtual kernel memory layout:
[    0.000000]     fixmap  : 0xfff1e000 - 0xfffff000   ( 900 kB)
[    0.000000]     pkmap   : 0xffa00000 - 0xffc00000   (2048 kB)
[    0.000000]     vmalloc : 0xf81fe000 - 0xff9fe000   ( 120 MB)
[    0.000000]     lowmem  : 0xc0000000 - 0xf79fe000   ( 889 MB)
[    0.000000]       .init : 0xc1730000 - 0xc17d3000   ( 652 kB)
[    0.000000]       .data : 0xc14b9cce - 0xc172f764   (2518 kB)
[    0.000000]       .text : 0xc1000000 - 0xc14b9cce   (4839 kB)
[    0.000000] Checking if this processor honours the WP bit even in supervisor mode...Ok.
[    0.000000] SLUB: Genslabs=13, HWalign=64, Order=0-3, MinObjects=0, CPUs=8, Nodes=1
[    0.000000] Hierarchical RCU implementation.
[    0.000000] NR_IRQS:2304 nr_irqs:472
[    0.000000] Extended CMOS year: 2000
[    0.000000] Console: colour VGA+ 80x25
[    0.000000] console [tty0] enabled
[    0.000000] hpet clockevent registered
[    0.000000] TSC freq read from hypervisor : 2394.620 MHz
[    0.000000] Detected 2394.620 MHz processor.
[    0.000003] Calibrating delay loop (skipped) preset value.. 4789.24 BogoMIPS (lpj=9578480)
[    0.000013] Security Framework initialized
[    0.000016] SELinux:  Disabled at boot.
[    0.000021] Mount-cache hash table entries: 512
[    0.000132] Initializing cgroup subsys cpuacct
[    0.000135] Initializing cgroup subsys memory
[    0.000139] Initializing cgroup subsys devices
[    0.000141] Initializing cgroup subsys freezer
[    0.000170] CPU: Physical Processor ID: 0
[    0.000178] CPU: L1 I cache: 32K, L1 D cache: 32K
[    0.000179] CPU: L2 cache: 256K
[    0.000180] CPU: L3 cache: 4096K
[    0.000186] mce: CPU supports 0 MCE banks
[    0.000203] Performance Events: no PMU driver, software events only.
[    0.000213] Checking 'hlt' instruction... OK.
[    0.017385] SMP alternatives: switching to UP code
[    0.032208] ACPI: Core revision 20090903
[    0.038443] ACPI: setting ELCR to 0200 (from 0e20)
[    0.039450] ftrace: converting mcount calls to 0f 1f 44 00 00
[    0.039455] ftrace: allocating 22631 entries in 45 pages
[    0.057521] CANARY value: 83ec3025 for PID: 1
[    0.057553] Not enabling x2apic, Intr-remapping init failed.
[    0.057554] Enabling APIC mode:  Flat.  Using 1 I/O APICs
[    0.057562] SMP mode deactivated.
[    0.057587] SMP disabled
[    0.057641] Brought up 1 CPUs
[    0.057642] Total of 1 processors activated (4789.24 BogoMIPS).
[    0.057646] CPU0 attaching NULL sched-domain.
[    0.057715] devtmpfs: initialized
[    0.057823] sysctl table check failed: /kernel/random/now_input .1.40.7 Unknown sysctl binary path
[    0.058095] Pid: 1, comm: swapper Not tainted 2.6.32.57 #4
[    0.058096] Call Trace:
[    0.058101]  [<c14a8a0e>] ? printk+0x1d/0x1f
[    0.058104]  [<c107b56f>] set_fail+0x4f/0x60
[    0.058106]  [<c107b8b3>] sysctl_check_table+0x333/0x620
[    0.058108]  [<c107b8cc>] sysctl_check_table+0x34c/0x620
[    0.058109]  [<c107b8cc>] sysctl_check_table+0x34c/0x620
[    0.058113]  [<c1746d48>] sysctl_init+0x25/0x29
[    0.058115]  [<c1003042>] do_one_initcall+0x32/0x1a0
[    0.058118]  [<c1746d23>] ? sysctl_init+0x0/0x29
[    0.058120]  [<c17308e7>] kernel_init+0x12d/0x17a
[    0.058121]  [<c17307ba>] ? kernel_init+0x0/0x17a
[    0.058124]  [<c1009b07>] kernel_thread_helper+0x7/0x10
[    0.058125] sysctl table check failed: /kernel/random/now_blocking .1.40.8 Unknown sysctl binary path
[    0.058354] Pid: 1, comm: swapper Not tainted 2.6.32.57 #4
[    0.058355] Call Trace:
[    0.058356]  [<c14a8a0e>] ? printk+0x1d/0x1f
[    0.058358]  [<c107b56f>] set_fail+0x4f/0x60
[    0.058359]  [<c107b8b3>] sysctl_check_table+0x333/0x620
[    0.058361]  [<c107b8cc>] sysctl_check_table+0x34c/0x620
[    0.058362]  [<c107b8cc>] sysctl_check_table+0x34c/0x620
[    0.058365]  [<c1746d48>] sysctl_init+0x25/0x29
[    0.058366]  [<c1003042>] do_one_initcall+0x32/0x1a0
[    0.058368]  [<c1746d23>] ? sysctl_init+0x0/0x29
[    0.058370]  [<c17308e7>] kernel_init+0x12d/0x17a
[    0.058371]  [<c17307ba>] ? kernel_init+0x0/0x17a
[    0.058373]  [<c1009b07>] kernel_thread_helper+0x7/0x10
[    0.058374] sysctl table check failed: /kernel/random/now_nonblocking .1.40.9 Unknown sysctl binary path
[    0.058604] Pid: 1, comm: swapper Not tainted 2.6.32.57 #4
[    0.058605] Call Trace:
[    0.058606]  [<c14a8a0e>] ? printk+0x1d/0x1f
[    0.058608]  [<c107b56f>] set_fail+0x4f/0x60
[    0.058609]  [<c107b8b3>] sysctl_check_table+0x333/0x620
[    0.058611]  [<c107b8cc>] sysctl_check_table+0x34c/0x620
[    0.058612]  [<c107b8cc>] sysctl_check_table+0x34c/0x620
[    0.058615]  [<c1746d48>] sysctl_init+0x25/0x29
[    0.058616]  [<c1003042>] do_one_initcall+0x32/0x1a0
[    0.058618]  [<c1746d23>] ? sysctl_init+0x0/0x29
[    0.058620]  [<c17308e7>] kernel_init+0x12d/0x17a
[    0.058621]  [<c17307ba>] ? kernel_init+0x0/0x17a
[    0.058622]  [<c1009b07>] kernel_thread_helper+0x7/0x10
[    0.058624] sysctl table check failed: /kernel/random/nb_input_bytes .1.40.10 Unknown sysctl binary path
[    0.058872] Pid: 1, comm: swapper Not tainted 2.6.32.57 #4
[    0.058873] Call Trace:
[    0.058875]  [<c14a8a0e>] ? printk+0x1d/0x1f
[    0.058876]  [<c107b56f>] set_fail+0x4f/0x60
[    0.058878]  [<c107b8b3>] sysctl_check_table+0x333/0x620
[    0.058879]  [<c107b8cc>] sysctl_check_table+0x34c/0x620
[    0.058881]  [<c107b8cc>] sysctl_check_table+0x34c/0x620
[    0.058884]  [<c1746d48>] sysctl_init+0x25/0x29
[    0.058885]  [<c1003042>] do_one_initcall+0x32/0x1a0
[    0.058887]  [<c1746d23>] ? sysctl_init+0x0/0x29
[    0.058889]  [<c17308e7>] kernel_init+0x12d/0x17a
[    0.058890]  [<c17307ba>] ? kernel_init+0x0/0x17a
[    0.058892]  [<c1009b07>] kernel_thread_helper+0x7/0x10
[    0.058894] sysctl table check failed: /kernel/random/nb_stir_count .1.40.11 Unknown sysctl binary path
[    0.059133] Pid: 1, comm: swapper Not tainted 2.6.32.57 #4
[    0.059134] Call Trace:
[    0.059135]  [<c14a8a0e>] ? printk+0x1d/0x1f
[    0.059137]  [<c107b56f>] set_fail+0x4f/0x60
[    0.059138]  [<c107b8b3>] sysctl_check_table+0x333/0x620
[    0.059140]  [<c107b8cc>] sysctl_check_table+0x34c/0x620
[    0.059141]  [<c107b8cc>] sysctl_check_table+0x34c/0x620
[    0.059144]  [<c1746d48>] sysctl_init+0x25/0x29
[    0.059145]  [<c1003042>] do_one_initcall+0x32/0x1a0
[    0.059147]  [<c1746d23>] ? sysctl_init+0x0/0x29
[    0.059149]  [<c17308e7>] kernel_init+0x12d/0x17a
[    0.059150]  [<c17307ba>] ? kernel_init+0x0/0x17a
[    0.059152]  [<c1009b07>] kernel_thread_helper+0x7/0x10
[    0.059153] sysctl table check failed: /kernel/random/nb_reentry_count .1.40.12 Unknown sysctl binary path
[    0.059384] Pid: 1, comm: swapper Not tainted 2.6.32.57 #4
[    0.059385] Call Trace:
[    0.059386]  [<c14a8a0e>] ? printk+0x1d/0x1f
[    0.059388]  [<c107b56f>] set_fail+0x4f/0x60
[    0.059389]  [<c107b8b3>] sysctl_check_table+0x333/0x620
[    0.059391]  [<c107b8cc>] sysctl_check_table+0x34c/0x620
[    0.059392]  [<c107b8cc>] sysctl_check_table+0x34c/0x620
[    0.059394]  [<c1746d48>] sysctl_init+0x25/0x29
[    0.059396]  [<c1003042>] do_one_initcall+0x32/0x1a0
[    0.059398]  [<c1746d23>] ? sysctl_init+0x0/0x29
[    0.059399]  [<c17308e7>] kernel_init+0x12d/0x17a
[    0.059401]  [<c17307ba>] ? kernel_init+0x0/0x17a
[    0.059402]  [<c1009b07>] kernel_thread_helper+0x7/0x10
[    0.059512] RANDOM - __seed init called.
[    0.059512] RANDOM - __seed init called.
[    0.059513] RANDOM - __seed init called.
[    0.059514] RANDOM - __random32 called. Change num 1.  Value: 7576a435	efb61e22	b7f78320
[    0.059516] RANDOM - __random32 called. Change num 2.  Value: 6a43543e	fb61e228	6410973
[    0.059517] RANDOM - __random32 called. Change num 3.  Value: 3543e018	b61e228b	12e68928
[    0.059518] RANDOM - __random32 called. Change num 4.  Value: 3e018928	61e228b7	1250ba58
[    0.059520] RANDOM - __random32 called. Change num 5.  Value: 189281e4	1e228b73	74b01aad
[    0.059521] RANDOM - __random32 called. Change num 6.  Value: 281e4915	e228b733	355a2619
[    0.059522] RANDOM - random32 init called.  Value: 281e4915	e228b733	355a2619
[    0.059528] regulator: core version 0.5
[    0.059589] Time: 22:15:05  Date: 05/24/13
[    0.059623] NET: Registered protocol family 16
[    0.059686] EISA bus registered
[    0.060451] ACPI: bus type pci registered
[    0.060542] PCI: MCFG configuration 0: base e0000000 segment 0 buses 0 - 255
[    0.060544] PCI: MCFG area at e0000000 reserved in E820
[    0.060545] PCI: Using MMCONFIG for extended config space
[    0.060546] PCI: Using configuration type 1 for base access
[    0.061127] bio: create slab <bio-0> at 0
[    0.062344] ACPI: EC: Look up EC in DSDT
[    0.100592] ACPI: BIOS _OSI(Linux) query ignored
[    0.106726] ACPI: Interpreter enabled
[    0.106731] ACPI: (supports S0 S1 S4 S5)
[    0.106742] ACPI: Using PIC for interrupt routing
[    0.193158] ACPI: No dock devices found.
[    0.194003] ACPI: PCI Root Bridge [PCI0] (0000:00)
[    0.195529] pci 0000:00:07.1: reg 20 io port: [0x10c0-0x10cf]
[    0.196082] pci 0000:00:07.3: quirk: region 1000-103f claimed by PIIX4 ACPI
[    0.196094] pci 0000:00:07.3: quirk: region 1040-104f claimed by PIIX4 SMB
[    0.196621] pci 0000:00:07.7: reg 10 io port: [0x1080-0x10bf]
[    0.197015] pci 0000:00:07.7: reg 14 64bit mmio: [0xc8000000-0xc8001fff]
[    0.198117] pci 0000:00:0f.0: reg 10 io port: [0x10d0-0x10df]
[    0.198153] pci 0000:00:0f.0: reg 14 32bit mmio pref: [0xd0000000-0xd7ffffff]
[    0.198189] pci 0000:00:0f.0: reg 18 32bit mmio: [0xc8800000-0xc8ffffff]
[    0.198325] pci 0000:00:0f.0: reg 30 32bit mmio pref: [0x000000-0x007fff]
[    0.198886] pci 0000:00:10.0: reg 10 io port: [0x1400-0x14ff]
[    0.199250] pci 0000:00:10.0: reg 14 64bit mmio: [0xc8040000-0xc805ffff]
[    0.199594] pci 0000:00:10.0: reg 1c 64bit mmio: [0xc8020000-0xc803ffff]
[    0.199722] pci 0000:00:10.0: reg 30 32bit mmio pref: [0x000000-0x003fff]
[    0.201049] pci 0000:00:15.0: PME# supported from D0 D3hot D3cold
[    0.201069] pci 0000:00:15.0: PME# disabled
[    0.201893] pci 0000:00:15.1: PME# supported from D0 D3hot D3cold
[    0.201911] pci 0000:00:15.1: PME# disabled
[    0.202736] pci 0000:00:15.2: PME# supported from D0 D3hot D3cold
[    0.202755] pci 0000:00:15.2: PME# disabled
[    0.203562] pci 0000:00:15.3: PME# supported from D0 D3hot D3cold
[    0.203581] pci 0000:00:15.3: PME# disabled
[    0.204480] pci 0000:00:15.4: PME# supported from D0 D3hot D3cold
[    0.204499] pci 0000:00:15.4: PME# disabled
[    0.206145] pci 0000:00:15.5: PME# supported from D0 D3hot D3cold
[    0.206167] pci 0000:00:15.5: PME# disabled
[    0.207039] pci 0000:00:15.6: PME# supported from D0 D3hot D3cold
[    0.207058] pci 0000:00:15.6: PME# disabled
[    0.207910] pci 0000:00:15.7: PME# supported from D0 D3hot D3cold
[    0.207929] pci 0000:00:15.7: PME# disabled
[    0.208804] pci 0000:00:16.0: PME# supported from D0 D3hot D3cold
[    0.208831] pci 0000:00:16.0: PME# disabled
[    0.209996] pci 0000:00:16.1: PME# supported from D0 D3hot D3cold
[    0.210031] pci 0000:00:16.1: PME# disabled
[    0.210961] pci 0000:00:16.2: PME# supported from D0 D3hot D3cold
[    0.210981] pci 0000:00:16.2: PME# disabled
[    0.211840] pci 0000:00:16.3: PME# supported from D0 D3hot D3cold
[    0.211860] pci 0000:00:16.3: PME# disabled
[    0.212722] pci 0000:00:16.4: PME# supported from D0 D3hot D3cold
[    0.212741] pci 0000:00:16.4: PME# disabled
[    0.213586] pci 0000:00:16.5: PME# supported from D0 D3hot D3cold
[    0.213605] pci 0000:00:16.5: PME# disabled
[    0.214667] pci 0000:00:16.6: PME# supported from D0 D3hot D3cold
[    0.214689] pci 0000:00:16.6: PME# disabled
[    0.215563] pci 0000:00:16.7: PME# supported from D0 D3hot D3cold
[    0.215582] pci 0000:00:16.7: PME# disabled
[    0.216483] pci 0000:00:17.0: PME# supported from D0 D3hot D3cold
[    0.216502] pci 0000:00:17.0: PME# disabled
[    0.217325] pci 0000:00:17.1: PME# supported from D0 D3hot D3cold
[    0.217344] pci 0000:00:17.1: PME# disabled
[    0.218190] pci 0000:00:17.2: PME# supported from D0 D3hot D3cold
[    0.218209] pci 0000:00:17.2: PME# disabled
[    0.219050] pci 0000:00:17.3: PME# supported from D0 D3hot D3cold
[    0.219069] pci 0000:00:17.3: PME# disabled
[    0.219919] pci 0000:00:17.4: PME# supported from D0 D3hot D3cold
[    0.219938] pci 0000:00:17.4: PME# disabled
[    0.220768] pci 0000:00:17.5: PME# supported from D0 D3hot D3cold
[    0.220787] pci 0000:00:17.5: PME# disabled
[    0.221585] pci 0000:00:17.6: PME# supported from D0 D3hot D3cold
[    0.221604] pci 0000:00:17.6: PME# disabled
[    0.222443] pci 0000:00:17.7: PME# supported from D0 D3hot D3cold
[    0.222461] pci 0000:00:17.7: PME# disabled
[    0.223288] pci 0000:00:18.0: PME# supported from D0 D3hot D3cold
[    0.223307] pci 0000:00:18.0: PME# disabled
[    0.224165] pci 0000:00:18.1: PME# supported from D0 D3hot D3cold
[    0.224185] pci 0000:00:18.1: PME# disabled
[    0.225083] pci 0000:00:18.2: PME# supported from D0 D3hot D3cold
[    0.225102] pci 0000:00:18.2: PME# disabled
[    0.225937] pci 0000:00:18.3: PME# supported from D0 D3hot D3cold
[    0.225956] pci 0000:00:18.3: PME# disabled
[    0.226785] pci 0000:00:18.4: PME# supported from D0 D3hot D3cold
[    0.226805] pci 0000:00:18.4: PME# disabled
[    0.227649] pci 0000:00:18.5: PME# supported from D0 D3hot D3cold
[    0.227677] pci 0000:00:18.5: PME# disabled
[    0.228476] pci 0000:00:18.6: PME# supported from D0 D3hot D3cold
[    0.228494] pci 0000:00:18.6: PME# disabled
[    0.229320] pci 0000:00:18.7: PME# supported from D0 D3hot D3cold
[    0.229338] pci 0000:00:18.7: PME# disabled
[    0.230412] pci 0000:02:00.0: reg 20 io port: [0x20c0-0x20df]
[    0.230900] pci 0000:02:01.0: reg 10 io port: [0x2000-0x207f]
[    0.231103] pci 0000:02:01.0: reg 30 32bit mmio pref: [0x000000-0x00ffff]
[    0.231639] pci 0000:02:02.0: reg 10 io port: [0x2080-0x20bf]
[    0.232278] pci 0000:02:03.0: reg 10 32bit mmio: [0xc9000000-0xc9000fff]
[    0.232842] pci 0000:00:11.0: transparent bridge
[    0.232861] pci 0000:00:11.0: bridge io port: [0x2000-0x3fff]
[    0.232880] pci 0000:00:11.0: bridge 32bit mmio: [0xc9000000-0xca3fffff]
[    0.232916] pci 0000:00:11.0: bridge 64bit mmio pref: [0xd8400000-0xd89fffff]
[    0.233283] pci 0000:00:15.0: bridge io port: [0x4000-0x4fff]
[    0.233302] pci 0000:00:15.0: bridge 32bit mmio: [0xca400000-0xca4fffff]
[    0.233338] pci 0000:00:15.0: bridge 64bit mmio pref: [0xd8a00000-0xd8afffff]
[    0.233694] pci 0000:00:15.1: bridge io port: [0x8000-0x8fff]
[    0.233713] pci 0000:00:15.1: bridge 32bit mmio: [0xca800000-0xca8fffff]
[    0.233748] pci 0000:00:15.1: bridge 64bit mmio pref: [0xd8e00000-0xd8efffff]
[    0.234103] pci 0000:00:15.2: bridge io port: [0xc000-0xcfff]
[    0.234124] pci 0000:00:15.2: bridge 32bit mmio: [0xcac00000-0xcacfffff]
[    0.234162] pci 0000:00:15.2: bridge 64bit mmio pref: [0xd9200000-0xd92fffff]
[    0.234543] pci 0000:00:15.3: bridge 32bit mmio: [0xcb000000-0xcb0fffff]
[    0.234582] pci 0000:00:15.3: bridge 64bit mmio pref: [0xd9600000-0xd96fffff]
[    0.234980] pci 0000:00:15.4: bridge 32bit mmio: [0xcb400000-0xcb4fffff]
[    0.235019] pci 0000:00:15.4: bridge 64bit mmio pref: [0xd9a00000-0xd9afffff]
[    0.235394] pci 0000:00:15.5: bridge 32bit mmio: [0xcb800000-0xcb8fffff]
[    0.235432] pci 0000:00:15.5: bridge 64bit mmio pref: [0xd9e00000-0xd9efffff]
[    0.235838] pci 0000:00:15.6: bridge 32bit mmio: [0xcbc00000-0xcbcfffff]
[    0.235876] pci 0000:00:15.6: bridge 64bit mmio pref: [0xda200000-0xda2fffff]
[    0.236254] pci 0000:00:15.7: bridge 32bit mmio: [0xcc000000-0xcc0fffff]
[    0.236292] pci 0000:00:15.7: bridge 64bit mmio pref: [0xda600000-0xda6fffff]
[    0.236658] pci 0000:00:16.0: bridge io port: [0x5000-0x5fff]
[    0.236678] pci 0000:00:16.0: bridge 32bit mmio: [0xca500000-0xca5fffff]
[    0.236716] pci 0000:00:16.0: bridge 64bit mmio pref: [0xd8b00000-0xd8bfffff]
[    0.237076] pci 0000:00:16.1: bridge io port: [0x9000-0x9fff]
[    0.237096] pci 0000:00:16.1: bridge 32bit mmio: [0xca900000-0xca9fffff]
[    0.237134] pci 0000:00:16.1: bridge 64bit mmio pref: [0xd8f00000-0xd8ffffff]
[    0.237491] pci 0000:00:16.2: bridge io port: [0xd000-0xdfff]
[    0.237520] pci 0000:00:16.2: bridge 32bit mmio: [0xcad00000-0xcadfffff]
[    0.237555] pci 0000:00:16.2: bridge 64bit mmio pref: [0xd9300000-0xd93fffff]
[    0.237928] pci 0000:00:16.3: bridge 32bit mmio: [0xcb100000-0xcb1fffff]
[    0.237964] pci 0000:00:16.3: bridge 64bit mmio pref: [0xd9700000-0xd97fffff]
[    0.238314] pci 0000:00:16.4: bridge 32bit mmio: [0xcb500000-0xcb5fffff]
[    0.238349] pci 0000:00:16.4: bridge 64bit mmio pref: [0xd9b00000-0xd9bfffff]
[    0.238721] pci 0000:00:16.5: bridge 32bit mmio: [0xcb900000-0xcb9fffff]
[    0.238757] pci 0000:00:16.5: bridge 64bit mmio pref: [0xd9f00000-0xd9ffffff]
[    0.239108] pci 0000:00:16.6: bridge 32bit mmio: [0xcbd00000-0xcbdfffff]
[    0.239143] pci 0000:00:16.6: bridge 64bit mmio pref: [0xda300000-0xda3fffff]
[    0.239495] pci 0000:00:16.7: bridge 32bit mmio: [0xcc100000-0xcc1fffff]
[    0.239531] pci 0000:00:16.7: bridge 64bit mmio pref: [0xda700000-0xda7fffff]
[    0.239899] pci 0000:00:17.0: bridge io port: [0x6000-0x6fff]
[    0.239918] pci 0000:00:17.0: bridge 32bit mmio: [0xca600000-0xca6fffff]
[    0.239954] pci 0000:00:17.0: bridge 64bit mmio pref: [0xd8c00000-0xd8cfffff]
[    0.240287] pci 0000:00:17.1: bridge io port: [0xa000-0xafff]
[    0.240306] pci 0000:00:17.1: bridge 32bit mmio: [0xcaa00000-0xcaafffff]
[    0.240341] pci 0000:00:17.1: bridge 64bit mmio pref: [0xd9000000-0xd90fffff]
[    0.240698] pci 0000:00:17.2: bridge io port: [0xe000-0xefff]
[    0.240718] pci 0000:00:17.2: bridge 32bit mmio: [0xcae00000-0xcaefffff]
[    0.240756] pci 0000:00:17.2: bridge 64bit mmio pref: [0xd9400000-0xd94fffff]
[    0.241129] pci 0000:00:17.3: bridge 32bit mmio: [0xcb200000-0xcb2fffff]
[    0.241165] pci 0000:00:17.3: bridge 64bit mmio pref: [0xd9800000-0xd98fffff]
[    0.241515] pci 0000:00:17.4: bridge 32bit mmio: [0xcb600000-0xcb6fffff]
[    0.241551] pci 0000:00:17.4: bridge 64bit mmio pref: [0xd9c00000-0xd9cfffff]
[    0.241928] pci 0000:00:17.5: bridge 32bit mmio: [0xcba00000-0xcbafffff]
[    0.241963] pci 0000:00:17.5: bridge 64bit mmio pref: [0xda000000-0xda0fffff]
[    0.242316] pci 0000:00:17.6: bridge 32bit mmio: [0xcbe00000-0xcbefffff]
[    0.242351] pci 0000:00:17.6: bridge 64bit mmio pref: [0xda400000-0xda4fffff]
[    0.242731] pci 0000:00:17.7: bridge 32bit mmio: [0xcc200000-0xcc2fffff]
[    0.242766] pci 0000:00:17.7: bridge 64bit mmio pref: [0xda800000-0xda8fffff]
[    0.243101] pci 0000:00:18.0: bridge io port: [0x7000-0x7fff]
[    0.243119] pci 0000:00:18.0: bridge 32bit mmio: [0xca700000-0xca7fffff]
[    0.243155] pci 0000:00:18.0: bridge 64bit mmio pref: [0xd8d00000-0xd8dfffff]
[    0.243490] pci 0000:00:18.1: bridge io port: [0xb000-0xbfff]
[    0.243509] pci 0000:00:18.1: bridge 32bit mmio: [0xcab00000-0xcabfffff]
[    0.243545] pci 0000:00:18.1: bridge 64bit mmio pref: [0xd9100000-0xd91fffff]
[    0.243948] pci 0000:00:18.2: bridge io port: [0xf000-0xffff]
[    0.243969] pci 0000:00:18.2: bridge 32bit mmio: [0xcaf00000-0xcaffffff]
[    0.244015] pci 0000:00:18.2: bridge 64bit mmio pref: [0xd9500000-0xd95fffff]
[    0.244401] pci 0000:00:18.3: bridge 32bit mmio: [0xcb300000-0xcb3fffff]
[    0.244455] pci 0000:00:18.3: bridge 64bit mmio pref: [0xd9900000-0xd99fffff]
[    0.244877] pci 0000:00:18.4: bridge 32bit mmio: [0xcb700000-0xcb7fffff]
[    0.244913] pci 0000:00:18.4: bridge 64bit mmio pref: [0xd9d00000-0xd9dfffff]
[    0.245272] pci 0000:00:18.5: bridge 32bit mmio: [0xcbb00000-0xcbbfffff]
[    0.245307] pci 0000:00:18.5: bridge 64bit mmio pref: [0xda100000-0xda1fffff]
[    0.245747] pci 0000:00:18.6: bridge 32bit mmio: [0xcbf00000-0xcbffffff]
[    0.245783] pci 0000:00:18.6: bridge 64bit mmio pref: [0xda500000-0xda5fffff]
[    0.246136] pci 0000:00:18.7: bridge 32bit mmio: [0xcc300000-0xcc3fffff]
[    0.246172] pci 0000:00:18.7: bridge 64bit mmio pref: [0xda900000-0xda9fffff]
[    0.247975] pci_bus 0000:00: on NUMA node 0
[    0.247987] ACPI: PCI Interrupt Routing Table [\_SB_.PCI0._PRT]
[    0.482857] ACPI: PCI Interrupt Link [LNKA] (IRQs 3 4 5 6 7 *9 10 11 14 15)
[    0.483012] ACPI: PCI Interrupt Link [LNKB] (IRQs 3 4 5 6 7 9 10 *11 14 15)
[    0.483162] ACPI: PCI Interrupt Link [LNKC] (IRQs 3 4 5 6 7 9 *10 11 14 15)
[    0.483334] ACPI: PCI Interrupt Link [LNKD] (IRQs 3 4 *5 6 7 9 10 11 14 15)
[    0.483470] vgaarb: device added: PCI:0000:00:0f.0,decodes=io+mem,owns=io+mem,locks=none
[    0.483480] vgaarb: loaded
[    0.483569] SCSI subsystem initialized
[    0.483615] libata version 3.00 loaded.
[    0.483655] usbcore: registered new interface driver usbfs
[    0.483667] usbcore: registered new interface driver hub
[    0.483682] usbcore: registered new device driver usb
[    0.483750] PCI: Using ACPI for IRQ routing
[    0.484716] NetLabel: Initializing
[    0.484717] NetLabel:  domain hash size = 128
[    0.484717] NetLabel:  protocols = UNLABELED CIPSOv4
[    0.484725] NetLabel:  unlabeled traffic allowed by default
[    0.484758] hpet0: at MMIO 0xfed00000, IRQs 2, 8, 0, 0, 0, 0, 0, 0, 0, 0, 0, 0, 0, 0, 0, 0
[    0.484764] hpet0: 16 comparators, 64-bit 14.318180 MHz counter
[    0.486797] Switching to clocksource tsc
[    0.504182] pnp: PnP ACPI init
[    0.504195] ACPI: bus type pnp registered
[    0.556488] pnp: PnP ACPI: found 14 devices
[    0.556491] ACPI: ACPI bus type pnp unregistered
[    0.556494] PnPBIOS: Disabled by ACPI PNP
[    0.556509] system 00:01: ioport range 0x1000-0x103f has been reserved
[    0.556511] system 00:01: ioport range 0x1040-0x104f has been reserved
[    0.556513] system 00:01: ioport range 0xcf0-0xcf1 has been reserved
[    0.556521] system 00:08: iomem range 0xfed00000-0xfed003ff has been reserved
[    0.556525] system 00:0d: ioport range 0x1060-0x107f has been reserved
[    0.556527] system 00:0d: iomem range 0xe0000000-0xefffffff has been reserved
[    0.556529] system 00:0d: iomem range 0xc8200000-0xc83fffff has been reserved
[    0.591229] pci 0000:00:15.3: BAR 13: can't allocate I/O resource [0x10000-0xffff]
[    0.591234] pci 0000:00:15.4: BAR 13: can't allocate I/O resource [0x10000-0xffff]
[    0.591238] pci 0000:00:15.5: BAR 13: can't allocate I/O resource [0x10000-0xffff]
[    0.591240] pci 0000:00:15.6: BAR 13: can't allocate I/O resource [0x10000-0xffff]
[    0.591243] pci 0000:00:15.7: BAR 13: can't allocate I/O resource [0x10000-0xffff]
[    0.591246] pci 0000:00:16.3: BAR 13: can't allocate I/O resource [0x10000-0xffff]
[    0.591249] pci 0000:00:16.4: BAR 13: can't allocate I/O resource [0x10000-0xffff]
[    0.591252] pci 0000:00:16.5: BAR 13: can't allocate I/O resource [0x10000-0xffff]
[    0.591255] pci 0000:00:16.6: BAR 13: can't allocate I/O resource [0x10000-0xffff]
[    0.591258] pci 0000:00:16.7: BAR 13: can't allocate I/O resource [0x10000-0xffff]
[    0.591261] pci 0000:00:17.3: BAR 13: can't allocate I/O resource [0x10000-0xffff]
[    0.591263] pci 0000:00:17.4: BAR 13: can't allocate I/O resource [0x10000-0xffff]
[    0.591266] pci 0000:00:17.5: BAR 13: can't allocate I/O resource [0x10000-0xffff]
[    0.591269] pci 0000:00:17.6: BAR 13: can't allocate I/O resource [0x10000-0xffff]
[    0.591272] pci 0000:00:17.7: BAR 13: can't allocate I/O resource [0x10000-0xffff]
[    0.591275] pci 0000:00:18.3: BAR 13: can't allocate I/O resource [0x10000-0xffff]
[    0.591277] pci 0000:00:18.4: BAR 13: can't allocate I/O resource [0x10000-0xffff]
[    0.591280] pci 0000:00:18.5: BAR 13: can't allocate I/O resource [0x10000-0xffff]
[    0.591283] pci 0000:00:18.6: BAR 13: can't allocate I/O resource [0x10000-0xffff]
[    0.591286] pci 0000:00:18.7: BAR 13: can't allocate I/O resource [0x10000-0xffff]
[    0.591288] pci 0000:00:01.0: PCI bridge, secondary bus 0000:01
[    0.591290] pci 0000:00:01.0:   IO window: disabled
[    0.591321] pci 0000:00:01.0:   MEM window: disabled
[    0.591341] pci 0000:00:01.0:   PREFETCH window: disabled
[    0.591381] pci 0000:00:11.0: PCI bridge, secondary bus 0000:02
[    0.591393] pci 0000:00:11.0:   IO window: 0x2000-0x3fff
[    0.591423] pci 0000:00:11.0:   MEM window: 0xc9000000-0xca3fffff
[    0.591444] pci 0000:00:11.0:   PREFETCH window: 0x000000d8400000-0x000000d89fffff
[    0.591483] pci 0000:00:15.0: PCI bridge, secondary bus 0000:03
[    0.591495] pci 0000:00:15.0:   IO window: 0x4000-0x4fff
[    0.591525] pci 0000:00:15.0:   MEM window: 0xca400000-0xca4fffff
[    0.591545] pci 0000:00:15.0:   PREFETCH window: 0x000000d8a00000-0x000000d8afffff
[    0.591598] pci 0000:00:15.1: PCI bridge, secondary bus 0000:04
[    0.591610] pci 0000:00:15.1:   IO window: 0x8000-0x8fff
[    0.591640] pci 0000:00:15.1:   MEM window: 0xca800000-0xca8fffff
[    0.591660] pci 0000:00:15.1:   PREFETCH window: 0x000000d8e00000-0x000000d8efffff
[    0.591704] pci 0000:00:15.2: PCI bridge, secondary bus 0000:05
[    0.591719] pci 0000:00:15.2:   IO window: 0xc000-0xcfff
[    0.591753] pci 0000:00:15.2:   MEM window: 0xcac00000-0xcacfffff
[    0.591823] pci 0000:00:15.2:   PREFETCH window: 0x000000d9200000-0x000000d92fffff
[    0.591882] pci 0000:00:15.3: PCI bridge, secondary bus 0000:06
[    0.591885] pci 0000:00:15.3:   IO window: disabled
[    0.591926] pci 0000:00:15.3:   MEM window: 0xcb000000-0xcb0fffff
[    0.591954] pci 0000:00:15.3:   PREFETCH window: 0x000000d9600000-0x000000d96fffff
[    0.592012] pci 0000:00:15.4: PCI bridge, secondary bus 0000:07
[    0.592015] pci 0000:00:15.4:   IO window: disabled
[    0.592054] pci 0000:00:15.4:   MEM window: 0xcb400000-0xcb4fffff
[    0.592083] pci 0000:00:15.4:   PREFETCH window: 0x000000d9a00000-0x000000d9afffff
[    0.592144] pci 0000:00:15.5: PCI bridge, secondary bus 0000:08
[    0.592147] pci 0000:00:15.5:   IO window: disabled
[    0.592187] pci 0000:00:15.5:   MEM window: 0xcb800000-0xcb8fffff
[    0.592214] pci 0000:00:15.5:   PREFETCH window: 0x000000d9e00000-0x000000d9efffff
[    0.592272] pci 0000:00:15.6: PCI bridge, secondary bus 0000:09
[    0.592275] pci 0000:00:15.6:   IO window: disabled
[    0.592308] pci 0000:00:15.6:   MEM window: 0xcbc00000-0xcbcfffff
[    0.592329] pci 0000:00:15.6:   PREFETCH window: 0x000000da200000-0x000000da2fffff
[    0.592373] pci 0000:00:15.7: PCI bridge, secondary bus 0000:0a
[    0.592374] pci 0000:00:15.7:   IO window: disabled
[    0.592404] pci 0000:00:15.7:   MEM window: 0xcc000000-0xcc0fffff
[    0.592425] pci 0000:00:15.7:   PREFETCH window: 0x000000da600000-0x000000da6fffff
[    0.592468] pci 0000:00:16.0: PCI bridge, secondary bus 0000:0b
[    0.592480] pci 0000:00:16.0:   IO window: 0x5000-0x5fff
[    0.592510] pci 0000:00:16.0:   MEM window: 0xca500000-0xca5fffff
[    0.592530] pci 0000:00:16.0:   PREFETCH window: 0x000000d8b00000-0x000000d8bfffff
[    0.592573] pci 0000:00:16.1: PCI bridge, secondary bus 0000:0c
[    0.592585] pci 0000:00:16.1:   IO window: 0x9000-0x9fff
[    0.592615] pci 0000:00:16.1:   MEM window: 0xca900000-0xca9fffff
[    0.592636] pci 0000:00:16.1:   PREFETCH window: 0x000000d8f00000-0x000000d8ffffff
[    0.592679] pci 0000:00:16.2: PCI bridge, secondary bus 0000:0d
[    0.592691] pci 0000:00:16.2:   IO window: 0xd000-0xdfff
[    0.592720] pci 0000:00:16.2:   MEM window: 0xcad00000-0xcadfffff
[    0.592741] pci 0000:00:16.2:   PREFETCH window: 0x000000d9300000-0x000000d93fffff
[    0.592790] pci 0000:00:16.3: PCI bridge, secondary bus 0000:0e
[    0.592791] pci 0000:00:16.3:   IO window: disabled
[    0.592821] pci 0000:00:16.3:   MEM window: 0xcb100000-0xcb1fffff
[    0.592842] pci 0000:00:16.3:   PREFETCH window: 0x000000d9700000-0x000000d97fffff
[    0.592885] pci 0000:00:16.4: PCI bridge, secondary bus 0000:0f
[    0.592887] pci 0000:00:16.4:   IO window: disabled
[    0.592916] pci 0000:00:16.4:   MEM window: 0xcb500000-0xcb5fffff
[    0.592937] pci 0000:00:16.4:   PREFETCH window: 0x000000d9b00000-0x000000d9bfffff
[    0.592980] pci 0000:00:16.5: PCI bridge, secondary bus 0000:10
[    0.592981] pci 0000:00:16.5:   IO window: disabled
[    0.593011] pci 0000:00:16.5:   MEM window: 0xcb900000-0xcb9fffff
[    0.593034] pci 0000:00:16.5:   PREFETCH window: 0x000000d9f00000-0x000000d9ffffff
[    0.593083] pci 0000:00:16.6: PCI bridge, secondary bus 0000:11
[    0.593085] pci 0000:00:16.6:   IO window: disabled
[    0.593115] pci 0000:00:16.6:   MEM window: 0xcbd00000-0xcbdfffff
[    0.593136] pci 0000:00:16.6:   PREFETCH window: 0x000000da300000-0x000000da3fffff
[    0.593179] pci 0000:00:16.7: PCI bridge, secondary bus 0000:12
[    0.593181] pci 0000:00:16.7:   IO window: disabled
[    0.593211] pci 0000:00:16.7:   MEM window: 0xcc100000-0xcc1fffff
[    0.593231] pci 0000:00:16.7:   PREFETCH window: 0x000000da700000-0x000000da7fffff
[    0.593274] pci 0000:00:17.0: PCI bridge, secondary bus 0000:13
[    0.593286] pci 0000:00:17.0:   IO window: 0x6000-0x6fff
[    0.593316] pci 0000:00:17.0:   MEM window: 0xca600000-0xca6fffff
[    0.593337] pci 0000:00:17.0:   PREFETCH window: 0x000000d8c00000-0x000000d8cfffff
[    0.593380] pci 0000:00:17.1: PCI bridge, secondary bus 0000:14
[    0.593392] pci 0000:00:17.1:   IO window: 0xa000-0xafff
[    0.593422] pci 0000:00:17.1:   MEM window: 0xcaa00000-0xcaafffff
[    0.593442] pci 0000:00:17.1:   PREFETCH window: 0x000000d9000000-0x000000d90fffff
[    0.593486] pci 0000:00:17.2: PCI bridge, secondary bus 0000:15
[    0.593498] pci 0000:00:17.2:   IO window: 0xe000-0xefff
[    0.593527] pci 0000:00:17.2:   MEM window: 0xcae00000-0xcaefffff
[    0.593548] pci 0000:00:17.2:   PREFETCH window: 0x000000d9400000-0x000000d94fffff
[    0.593591] pci 0000:00:17.3: PCI bridge, secondary bus 0000:16
[    0.593593] pci 0000:00:17.3:   IO window: disabled
[    0.593622] pci 0000:00:17.3:   MEM window: 0xcb200000-0xcb2fffff
[    0.593643] pci 0000:00:17.3:   PREFETCH window: 0x000000d9800000-0x000000d98fffff
[    0.593689] pci 0000:00:17.4: PCI bridge, secondary bus 0000:17
[    0.593691] pci 0000:00:17.4:   IO window: disabled
[    0.593721] pci 0000:00:17.4:   MEM window: 0xcb600000-0xcb6fffff
[    0.593742] pci 0000:00:17.4:   PREFETCH window: 0x000000d9c00000-0x000000d9cfffff
[    0.593799] pci 0000:00:17.5: PCI bridge, secondary bus 0000:18
[    0.593802] pci 0000:00:17.5:   IO window: disabled
[    0.593863] pci 0000:00:17.5:   MEM window: 0xcba00000-0xcbafffff
[    0.593888] pci 0000:00:17.5:   PREFETCH window: 0x000000da000000-0x000000da0fffff
[    0.593937] pci 0000:00:17.6: PCI bridge, secondary bus 0000:19
[    0.593939] pci 0000:00:17.6:   IO window: disabled
[    0.593970] pci 0000:00:17.6:   MEM window: 0xcbe00000-0xcbefffff
[    0.593990] pci 0000:00:17.6:   PREFETCH window: 0x000000da400000-0x000000da4fffff
[    0.594035] pci 0000:00:17.7: PCI bridge, secondary bus 0000:1a
[    0.594036] pci 0000:00:17.7:   IO window: disabled
[    0.594067] pci 0000:00:17.7:   MEM window: 0xcc200000-0xcc2fffff
[    0.594088] pci 0000:00:17.7:   PREFETCH window: 0x000000da800000-0x000000da8fffff
[    0.594132] pci 0000:00:18.0: PCI bridge, secondary bus 0000:1b
[    0.594145] pci 0000:00:18.0:   IO window: 0x7000-0x7fff
[    0.594175] pci 0000:00:18.0:   MEM window: 0xca700000-0xca7fffff
[    0.594196] pci 0000:00:18.0:   PREFETCH window: 0x000000d8d00000-0x000000d8dfffff
[    0.594240] pci 0000:00:18.1: PCI bridge, secondary bus 0000:1c
[    0.594253] pci 0000:00:18.1:   IO window: 0xb000-0xbfff
[    0.594282] pci 0000:00:18.1:   MEM window: 0xcab00000-0xcabfffff
[    0.594303] pci 0000:00:18.1:   PREFETCH window: 0x000000d9100000-0x000000d91fffff
[    0.594346] pci 0000:00:18.2: PCI bridge, secondary bus 0000:1d
[    0.594358] pci 0000:00:18.2:   IO window: 0xf000-0xffff
[    0.594388] pci 0000:00:18.2:   MEM window: 0xcaf00000-0xcaffffff
[    0.594408] pci 0000:00:18.2:   PREFETCH window: 0x000000d9500000-0x000000d95fffff
[    0.594451] pci 0000:00:18.3: PCI bridge, secondary bus 0000:1e
[    0.594452] pci 0000:00:18.3:   IO window: disabled
[    0.594482] pci 0000:00:18.3:   MEM window: 0xcb300000-0xcb3fffff
[    0.594503] pci 0000:00:18.3:   PREFETCH window: 0x000000d9900000-0x000000d99fffff
[    0.594546] pci 0000:00:18.4: PCI bridge, secondary bus 0000:1f
[    0.594547] pci 0000:00:18.4:   IO window: disabled
[    0.594577] pci 0000:00:18.4:   MEM window: 0xcb700000-0xcb7fffff
[    0.594598] pci 0000:00:18.4:   PREFETCH window: 0x000000d9d00000-0x000000d9dfffff
[    0.594640] pci 0000:00:18.5: PCI bridge, secondary bus 0000:20
[    0.594642] pci 0000:00:18.5:   IO window: disabled
[    0.594672] pci 0000:00:18.5:   MEM window: 0xcbb00000-0xcbbfffff
[    0.594720] pci 0000:00:18.5:   PREFETCH window: 0x000000da100000-0x000000da1fffff
[    0.594768] pci 0000:00:18.6: PCI bridge, secondary bus 0000:21
[    0.594770] pci 0000:00:18.6:   IO window: disabled
[    0.594800] pci 0000:00:18.6:   MEM window: 0xcbf00000-0xcbffffff
[    0.594821] pci 0000:00:18.6:   PREFETCH window: 0x000000da500000-0x000000da5fffff
[    0.594863] pci 0000:00:18.7: PCI bridge, secondary bus 0000:22
[    0.594865] pci 0000:00:18.7:   IO window: disabled
[    0.594895] pci 0000:00:18.7:   MEM window: 0xcc300000-0xcc3fffff
[    0.594916] pci 0000:00:18.7:   PREFETCH window: 0x000000da900000-0x000000da9fffff
[    0.594991] pci 0000:00:01.0: setting latency timer to 64
[    0.595089] pci 0000:00:15.0: setting latency timer to 64
[    0.595156] pci 0000:00:15.1: setting latency timer to 64
[    0.595223] pci 0000:00:15.2: setting latency timer to 64
[    0.595289] pci 0000:00:15.3: setting latency timer to 64
[    0.595356] pci 0000:00:15.4: setting latency timer to 64
[    0.595423] pci 0000:00:15.5: setting latency timer to 64
[    0.595490] pci 0000:00:15.6: setting latency timer to 64
[    0.595557] pci 0000:00:15.7: setting latency timer to 64
[    0.595624] pci 0000:00:16.0: setting latency timer to 64
[    0.595690] pci 0000:00:16.1: setting latency timer to 64
[    0.595757] pci 0000:00:16.2: setting latency timer to 64
[    0.595824] pci 0000:00:16.3: setting latency timer to 64
[    0.595891] pci 0000:00:16.4: setting latency timer to 64
[    0.595958] pci 0000:00:16.5: setting latency timer to 64
[    0.596025] pci 0000:00:16.6: setting latency timer to 64
[    0.596092] pci 0000:00:16.7: setting latency timer to 64
[    0.596159] pci 0000:00:17.0: setting latency timer to 64
[    0.596225] pci 0000:00:17.1: setting latency timer to 64
[    0.596292] pci 0000:00:17.2: setting latency timer to 64
[    0.596358] pci 0000:00:17.3: setting latency timer to 64
[    0.596425] pci 0000:00:17.4: setting latency timer to 64
[    0.596492] pci 0000:00:17.5: setting latency timer to 64
[    0.596559] pci 0000:00:17.6: setting latency timer to 64
[    0.596625] pci 0000:00:17.7: setting latency timer to 64
[    0.596692] pci 0000:00:18.0: setting latency timer to 64
[    0.596759] pci 0000:00:18.1: setting latency timer to 64
[    0.596826] pci 0000:00:18.2: setting latency timer to 64
[    0.596892] pci 0000:00:18.3: setting latency timer to 64
[    0.596959] pci 0000:00:18.4: setting latency timer to 64
[    0.597025] pci 0000:00:18.5: setting latency timer to 64
[    0.597092] pci 0000:00:18.6: setting latency timer to 64
[    0.597158] pci 0000:00:18.7: setting latency timer to 64
[    0.597171] pci_bus 0000:00: resource 0 io:  [0x00-0xffff]
[    0.597173] pci_bus 0000:00: resource 1 mem: [0x000000-0xffffffffffffffff]
[    0.597176] pci_bus 0000:02: resource 0 io:  [0x2000-0x3fff]
[    0.597178] pci_bus 0000:02: resource 1 mem: [0xc9000000-0xca3fffff]
[    0.597180] pci_bus 0000:02: resource 2 pref mem [0xd8400000-0xd89fffff]
[    0.597182] pci_bus 0000:02: resource 3 io:  [0x00-0xffff]
[    0.597184] pci_bus 0000:02: resource 4 mem: [0x000000-0xffffffffffffffff]
[    0.597186] pci_bus 0000:03: resource 0 io:  [0x4000-0x4fff]
[    0.597188] pci_bus 0000:03: resource 1 mem: [0xca400000-0xca4fffff]
[    0.597190] pci_bus 0000:03: resource 2 pref mem [0xd8a00000-0xd8afffff]
[    0.597192] pci_bus 0000:04: resource 0 io:  [0x8000-0x8fff]
[    0.597194] pci_bus 0000:04: resource 1 mem: [0xca800000-0xca8fffff]
[    0.597195] pci_bus 0000:04: resource 2 pref mem [0xd8e00000-0xd8efffff]
[    0.597197] pci_bus 0000:05: resource 0 io:  [0xc000-0xcfff]
[    0.597199] pci_bus 0000:05: resource 1 mem: [0xcac00000-0xcacfffff]
[    0.597201] pci_bus 0000:05: resource 2 pref mem [0xd9200000-0xd92fffff]
[    0.597203] pci_bus 0000:06: resource 1 mem: [0xcb000000-0xcb0fffff]
[    0.597205] pci_bus 0000:06: resource 2 pref mem [0xd9600000-0xd96fffff]
[    0.597207] pci_bus 0000:07: resource 1 mem: [0xcb400000-0xcb4fffff]
[    0.597209] pci_bus 0000:07: resource 2 pref mem [0xd9a00000-0xd9afffff]
[    0.597211] pci_bus 0000:08: resource 1 mem: [0xcb800000-0xcb8fffff]
[    0.597213] pci_bus 0000:08: resource 2 pref mem [0xd9e00000-0xd9efffff]
[    0.597215] pci_bus 0000:09: resource 1 mem: [0xcbc00000-0xcbcfffff]
[    0.597217] pci_bus 0000:09: resource 2 pref mem [0xda200000-0xda2fffff]
[    0.597219] pci_bus 0000:0a: resource 1 mem: [0xcc000000-0xcc0fffff]
[    0.597221] pci_bus 0000:0a: resource 2 pref mem [0xda600000-0xda6fffff]
[    0.597223] pci_bus 0000:0b: resource 0 io:  [0x5000-0x5fff]
[    0.597225] pci_bus 0000:0b: resource 1 mem: [0xca500000-0xca5fffff]
[    0.597226] pci_bus 0000:0b: resource 2 pref mem [0xd8b00000-0xd8bfffff]
[    0.597228] pci_bus 0000:0c: resource 0 io:  [0x9000-0x9fff]
[    0.597230] pci_bus 0000:0c: resource 1 mem: [0xca900000-0xca9fffff]
[    0.597232] pci_bus 0000:0c: resource 2 pref mem [0xd8f00000-0xd8ffffff]
[    0.597234] pci_bus 0000:0d: resource 0 io:  [0xd000-0xdfff]
[    0.597236] pci_bus 0000:0d: resource 1 mem: [0xcad00000-0xcadfffff]
[    0.597238] pci_bus 0000:0d: resource 2 pref mem [0xd9300000-0xd93fffff]
[    0.597240] pci_bus 0000:0e: resource 1 mem: [0xcb100000-0xcb1fffff]
[    0.597242] pci_bus 0000:0e: resource 2 pref mem [0xd9700000-0xd97fffff]
[    0.597244] pci_bus 0000:0f: resource 1 mem: [0xcb500000-0xcb5fffff]
[    0.597246] pci_bus 0000:0f: resource 2 pref mem [0xd9b00000-0xd9bfffff]
[    0.597248] pci_bus 0000:10: resource 1 mem: [0xcb900000-0xcb9fffff]
[    0.597250] pci_bus 0000:10: resource 2 pref mem [0xd9f00000-0xd9ffffff]
[    0.597251] pci_bus 0000:11: resource 1 mem: [0xcbd00000-0xcbdfffff]
[    0.597253] pci_bus 0000:11: resource 2 pref mem [0xda300000-0xda3fffff]
[    0.597255] pci_bus 0000:12: resource 1 mem: [0xcc100000-0xcc1fffff]
[    0.597257] pci_bus 0000:12: resource 2 pref mem [0xda700000-0xda7fffff]
[    0.597259] pci_bus 0000:13: resource 0 io:  [0x6000-0x6fff]
[    0.597261] pci_bus 0000:13: resource 1 mem: [0xca600000-0xca6fffff]
[    0.597263] pci_bus 0000:13: resource 2 pref mem [0xd8c00000-0xd8cfffff]
[    0.597265] pci_bus 0000:14: resource 0 io:  [0xa000-0xafff]
[    0.597267] pci_bus 0000:14: resource 1 mem: [0xcaa00000-0xcaafffff]
[    0.597269] pci_bus 0000:14: resource 2 pref mem [0xd9000000-0xd90fffff]
[    0.597271] pci_bus 0000:15: resource 0 io:  [0xe000-0xefff]
[    0.597272] pci_bus 0000:15: resource 1 mem: [0xcae00000-0xcaefffff]
[    0.597274] pci_bus 0000:15: resource 2 pref mem [0xd9400000-0xd94fffff]
[    0.597276] pci_bus 0000:16: resource 1 mem: [0xcb200000-0xcb2fffff]
[    0.597278] pci_bus 0000:16: resource 2 pref mem [0xd9800000-0xd98fffff]
[    0.597280] pci_bus 0000:17: resource 1 mem: [0xcb600000-0xcb6fffff]
[    0.597282] pci_bus 0000:17: resource 2 pref mem [0xd9c00000-0xd9cfffff]
[    0.597284] pci_bus 0000:18: resource 1 mem: [0xcba00000-0xcbafffff]
[    0.597286] pci_bus 0000:18: resource 2 pref mem [0xda000000-0xda0fffff]
[    0.597288] pci_bus 0000:19: resource 1 mem: [0xcbe00000-0xcbefffff]
[    0.597290] pci_bus 0000:19: resource 2 pref mem [0xda400000-0xda4fffff]
[    0.597292] pci_bus 0000:1a: resource 1 mem: [0xcc200000-0xcc2fffff]
[    0.597294] pci_bus 0000:1a: resource 2 pref mem [0xda800000-0xda8fffff]
[    0.597296] pci_bus 0000:1b: resource 0 io:  [0x7000-0x7fff]
[    0.597298] pci_bus 0000:1b: resource 1 mem: [0xca700000-0xca7fffff]
[    0.597300] pci_bus 0000:1b: resource 2 pref mem [0xd8d00000-0xd8dfffff]
[    0.597301] pci_bus 0000:1c: resource 0 io:  [0xb000-0xbfff]
[    0.597303] pci_bus 0000:1c: resource 1 mem: [0xcab00000-0xcabfffff]
[    0.597305] pci_bus 0000:1c: resource 2 pref mem [0xd9100000-0xd91fffff]
[    0.597307] pci_bus 0000:1d: resource 0 io:  [0xf000-0xffff]
[    0.597309] pci_bus 0000:1d: resource 1 mem: [0xcaf00000-0xcaffffff]
[    0.597311] pci_bus 0000:1d: resource 2 pref mem [0xd9500000-0xd95fffff]
[    0.597313] pci_bus 0000:1e: resource 1 mem: [0xcb300000-0xcb3fffff]
[    0.597315] pci_bus 0000:1e: resource 2 pref mem [0xd9900000-0xd99fffff]
[    0.597317] pci_bus 0000:1f: resource 1 mem: [0xcb700000-0xcb7fffff]
[    0.597319] pci_bus 0000:1f: resource 2 pref mem [0xd9d00000-0xd9dfffff]
[    0.597321] pci_bus 0000:20: resource 1 mem: [0xcbb00000-0xcbbfffff]
[    0.597323] pci_bus 0000:20: resource 2 pref mem [0xda100000-0xda1fffff]
[    0.597325] pci_bus 0000:21: resource 1 mem: [0xcbf00000-0xcbffffff]
[    0.597326] pci_bus 0000:21: resource 2 pref mem [0xda500000-0xda5fffff]
[    0.597328] pci_bus 0000:22: resource 1 mem: [0xcc300000-0xcc3fffff]
[    0.597330] pci_bus 0000:22: resource 2 pref mem [0xda900000-0xda9fffff]
[    0.597356] NET: Registered protocol family 2
[    0.597374] RANDOM - __random32 called. Change num 7.  Value: e4915c27	228b7335	4c33f162
[    0.597376] RANDOM - random32 called.  Value: e4915c27	228b7335	4c33f162
[    0.597384] random 0000 0000 0000 00000000 00000000: rand_read_num 2 get_random_bytes(4): sig fffffe1a 00000000 00000000
[    0.597387] random 0000 0000 0000 00000000 00000000: extract_entropy(.. 4 ..)
[    0.597390] random 0000 0000 0000 00000000 00000000: going to reseed nonblocking with 64 bits (32 of 0 requested)
[    0.597392] random 0000 0000 0000 00000000 00000000: extract_entropy(.. 8 ..)
[    0.597394] random 0000 0000 0000 00000000 00000000: trying to extract 64 bits from input
[    0.597397] random 0000 0000 0000 00000000 00000000: debiting 0 entropy credits from input
[    0.597399] random 0000 0000 0000 00000000 00000000: extract_entropy account returned: 0 
[    0.597402] random 0000 0000 0000 00000000 00000000: urand_change_num 3 xfer_secondary_pool(4): pool_sig fffffe1a, data_sig 00000000, bytes_mixed 0 00000000 00000000
[    0.597405] random 0000 0000 0000 00000000 00000000: trying to extract 32 bits from nonblocking
[    0.597407] random 0000 0000 0000 00000000 00000000: debiting 32 entropy credits from nonblocking (unlimited)
[    0.597410] random 0000 0000 0000 00000000 00000000: extract_entropy account returned: 4 
[    0.597413] random 0000 0000 0000 00000000 00000000: urand_change_num 4 extract_buf: pool_sig fffffe1a, data_sig fffffed7, bytes_mixed 20 00000000 00000000
[    0.597445] IP route cache hash table entries: 32768 (order: 5, 131072 bytes)
[    0.597557] RANDOM - __random32 called. Change num 8.  Value: 15c279e2	28b73354	e2c5b58f
[    0.597560] RANDOM - random32 called.  Value: 15c279e2	28b73354	e2c5b58f
[    0.597621] RANDOM - __random32 called. Change num 9.  Value: 279e2b5f	8b733545	6b1e9d03
[    0.597623] RANDOM - random32 called.  Value: 279e2b5f	8b733545	6b1e9d03
[    0.597626] RANDOM - __random32 called. Change num 10.  Value: e2b5fc5e	b7335453	3a067d4e
[    0.597628] RANDOM - random32 called.  Value: e2b5fc5e	b7335453	3a067d4e
[    0.597651] RANDOM - __random32 called. Change num 11.  Value: 5fc5eba7	73354535	fa9d46b2
[    0.597653] RANDOM - random32 called.  Value: 5fc5eba7	73354535	fa9d46b2
[    0.597664] TCP established hash table entries: 131072 (order: 8, 1048576 bytes)
[    0.597775] TCP bind hash table entries: 65536 (order: 7, 524288 bytes)
[    0.597887] TCP: Hash tables configured (established 131072 bind 65536)
[    0.597890] TCP reno registered
[    0.597927] NET: Registered protocol family 1
[    0.597937] pci 0000:00:00.0: Limiting direct PCI/PCI transfers
[    0.597960] pci 0000:00:0f.0: Boot video device
[    0.598159] Trying to unpack rootfs image as initramfs...
[    1.789003] Freeing initrd memory: 83430k freed
[    1.797013] Simple Boot Flag at 0x36 set to 0x1
[    1.797062] cpufreq-nforce2: No nForce2 chipset.
[    1.797076] Scanning for low memory corruption every 60 seconds
[    1.797212] audit: initializing netlink socket (disabled)
[    1.797222] type=2000 audit(1369433706.780:1): initialized
[    1.801135] highmem bounce pool size: 64 pages
[    1.801140] HugeTLB registered 2 MB page size, pre-allocated 0 pages
[    1.801238] VFS: Disk quotas dquot_6.5.2
[    1.801270] Dquot-cache hash table entries: 1024 (order 0, 4096 bytes)
[    1.801361] fuse init (API version 7.13)
[    1.801407] msgmni has been set to 1729
[    1.801682] alg: No test for stdrng (krng)
[    1.801716] Block layer SCSI generic (bsg) driver version 0.4 loaded (major 253)
[    1.801719] io scheduler noop registered
[    1.801720] io scheduler anticipatory registered
[    1.801722] io scheduler deadline registered
[    1.801742] io scheduler cfq registered (default)
[    1.801791]   alloc irq_desc for 24 on node -1
[    1.801793]   alloc kstat_irqs on node -1
[    1.801842] pcieport 0000:00:15.0: irq 24 for MSI/MSI-X
[    1.801891] pcieport 0000:00:15.0: setting latency timer to 64
[    1.801940]   alloc irq_desc for 25 on node -1
[    1.801942]   alloc kstat_irqs on node -1
[    1.801990] pcieport 0000:00:15.1: irq 25 for MSI/MSI-X
[    1.802039] pcieport 0000:00:15.1: setting latency timer to 64
[    1.802088]   alloc irq_desc for 26 on node -1
[    1.802090]   alloc kstat_irqs on node -1
[    1.802139] pcieport 0000:00:15.2: irq 26 for MSI/MSI-X
[    1.802188] pcieport 0000:00:15.2: setting latency timer to 64
[    1.802237]   alloc irq_desc for 27 on node -1
[    1.802239]   alloc kstat_irqs on node -1
[    1.802287] pcieport 0000:00:15.3: irq 27 for MSI/MSI-X
[    1.802336] pcieport 0000:00:15.3: setting latency timer to 64
[    1.802385]   alloc irq_desc for 28 on node -1
[    1.802387]   alloc kstat_irqs on node -1
[    1.802436] pcieport 0000:00:15.4: irq 28 for MSI/MSI-X
[    1.802485] pcieport 0000:00:15.4: setting latency timer to 64
[    1.802534]   alloc irq_desc for 29 on node -1
[    1.802535]   alloc kstat_irqs on node -1
[    1.802584] pcieport 0000:00:15.5: irq 29 for MSI/MSI-X
[    1.802633] pcieport 0000:00:15.5: setting latency timer to 64
[    1.802682]   alloc irq_desc for 30 on node -1
[    1.802684]   alloc kstat_irqs on node -1
[    1.802733] pcieport 0000:00:15.6: irq 30 for MSI/MSI-X
[    1.802782] pcieport 0000:00:15.6: setting latency timer to 64
[    1.802831]   alloc irq_desc for 31 on node -1
[    1.802833]   alloc kstat_irqs on node -1
[    1.802882] pcieport 0000:00:15.7: irq 31 for MSI/MSI-X
[    1.802931] pcieport 0000:00:15.7: setting latency timer to 64
[    1.802980]   alloc irq_desc for 32 on node -1
[    1.802981]   alloc kstat_irqs on node -1
[    1.803030] pcieport 0000:00:16.0: irq 32 for MSI/MSI-X
[    1.803079] pcieport 0000:00:16.0: setting latency timer to 64
[    1.803128]   alloc irq_desc for 33 on node -1
[    1.803130]   alloc kstat_irqs on node -1
[    1.803179] pcieport 0000:00:16.1: irq 33 for MSI/MSI-X
[    1.803228] pcieport 0000:00:16.1: setting latency timer to 64
[    1.803276]   alloc irq_desc for 34 on node -1
[    1.803279]   alloc kstat_irqs on node -1
[    1.803328] pcieport 0000:00:16.2: irq 34 for MSI/MSI-X
[    1.803377] pcieport 0000:00:16.2: setting latency timer to 64
[    1.803426]   alloc irq_desc for 35 on node -1
[    1.803428]   alloc kstat_irqs on node -1
[    1.803477] pcieport 0000:00:16.3: irq 35 for MSI/MSI-X
[    1.803526] pcieport 0000:00:16.3: setting latency timer to 64
[    1.803574]   alloc irq_desc for 36 on node -1
[    1.803576]   alloc kstat_irqs on node -1
[    1.803625] pcieport 0000:00:16.4: irq 36 for MSI/MSI-X
[    1.803674] pcieport 0000:00:16.4: setting latency timer to 64
[    1.803723]   alloc irq_desc for 37 on node -1
[    1.803725]   alloc kstat_irqs on node -1
[    1.803774] pcieport 0000:00:16.5: irq 37 for MSI/MSI-X
[    1.803822] pcieport 0000:00:16.5: setting latency timer to 64
[    1.805084]   alloc irq_desc for 38 on node -1
[    1.805087]   alloc kstat_irqs on node -1
[    1.805136] pcieport 0000:00:16.6: irq 38 for MSI/MSI-X
[    1.805185] pcieport 0000:00:16.6: setting latency timer to 64
[    1.805234]   alloc irq_desc for 39 on node -1
[    1.805236]   alloc kstat_irqs on node -1
[    1.805285] pcieport 0000:00:16.7: irq 39 for MSI/MSI-X
[    1.805334] pcieport 0000:00:16.7: setting latency timer to 64
[    1.805383]   alloc irq_desc for 40 on node -1
[    1.805385]   alloc kstat_irqs on node -1
[    1.805434] pcieport 0000:00:17.0: irq 40 for MSI/MSI-X
[    1.805483] pcieport 0000:00:17.0: setting latency timer to 64
[    1.805532]   alloc irq_desc for 41 on node -1
[    1.805534]   alloc kstat_irqs on node -1
[    1.805583] pcieport 0000:00:17.1: irq 41 for MSI/MSI-X
[    1.805631] pcieport 0000:00:17.1: setting latency timer to 64
[    1.805680]   alloc irq_desc for 42 on node -1
[    1.805682]   alloc kstat_irqs on node -1
[    1.805731] pcieport 0000:00:17.2: irq 42 for MSI/MSI-X
[    1.805780] pcieport 0000:00:17.2: setting latency timer to 64
[    1.805829]   alloc irq_desc for 43 on node -1
[    1.805831]   alloc kstat_irqs on node -1
[    1.805880] pcieport 0000:00:17.3: irq 43 for MSI/MSI-X
[    1.805929] pcieport 0000:00:17.3: setting latency timer to 64
[    1.805977]   alloc irq_desc for 44 on node -1
[    1.805982]   alloc kstat_irqs on node -1
[    1.806031] pcieport 0000:00:17.4: irq 44 for MSI/MSI-X
[    1.806080] pcieport 0000:00:17.4: setting latency timer to 64
[    1.806129]   alloc irq_desc for 45 on node -1
[    1.806131]   alloc kstat_irqs on node -1
[    1.806180] pcieport 0000:00:17.5: irq 45 for MSI/MSI-X
[    1.806229] pcieport 0000:00:17.5: setting latency timer to 64
[    1.806277]   alloc irq_desc for 46 on node -1
[    1.806279]   alloc kstat_irqs on node -1
[    1.806325] pcieport 0000:00:17.6: irq 46 for MSI/MSI-X
[    1.806374] pcieport 0000:00:17.6: setting latency timer to 64
[    1.806423]   alloc irq_desc for 47 on node -1
[    1.806425]   alloc kstat_irqs on node -1
[    1.806471] pcieport 0000:00:17.7: irq 47 for MSI/MSI-X
[    1.806520] pcieport 0000:00:17.7: setting latency timer to 64
[    1.806568]   alloc irq_desc for 48 on node -1
[    1.806570]   alloc kstat_irqs on node -1
[    1.806616] pcieport 0000:00:18.0: irq 48 for MSI/MSI-X
[    1.806665] pcieport 0000:00:18.0: setting latency timer to 64
[    1.806714]   alloc irq_desc for 49 on node -1
[    1.806715]   alloc kstat_irqs on node -1
[    1.806761] pcieport 0000:00:18.1: irq 49 for MSI/MSI-X
[    1.806810] pcieport 0000:00:18.1: setting latency timer to 64
[    1.806859]   alloc irq_desc for 50 on node -1
[    1.806861]   alloc kstat_irqs on node -1
[    1.806907] pcieport 0000:00:18.2: irq 50 for MSI/MSI-X
[    1.806956] pcieport 0000:00:18.2: setting latency timer to 64
[    1.807004]   alloc irq_desc for 51 on node -1
[    1.807006]   alloc kstat_irqs on node -1
[    1.807052] pcieport 0000:00:18.3: irq 51 for MSI/MSI-X
[    1.807101] pcieport 0000:00:18.3: setting latency timer to 64
[    1.807150]   alloc irq_desc for 52 on node -1
[    1.807154]   alloc kstat_irqs on node -1
[    1.807203] pcieport 0000:00:18.4: irq 52 for MSI/MSI-X
[    1.807252] pcieport 0000:00:18.4: setting latency timer to 64
[    1.807300]   alloc irq_desc for 53 on node -1
[    1.807303]   alloc kstat_irqs on node -1
[    1.807352] pcieport 0000:00:18.5: irq 53 for MSI/MSI-X
[    1.807401] pcieport 0000:00:18.5: setting latency timer to 64
[    1.807450]   alloc irq_desc for 54 on node -1
[    1.807454]   alloc kstat_irqs on node -1
[    1.807503] pcieport 0000:00:18.6: irq 54 for MSI/MSI-X
[    1.807551] pcieport 0000:00:18.6: setting latency timer to 64
[    1.807600]   alloc irq_desc for 55 on node -1
[    1.807603]   alloc kstat_irqs on node -1
[    1.807652] pcieport 0000:00:18.7: irq 55 for MSI/MSI-X
[    1.807700] pcieport 0000:00:18.7: setting latency timer to 64
[    1.807749] pci_hotplug: PCI Hot Plug PCI Core version: 0.5
[    1.809083] pciehp 0000:00:15.0:pcie04: HPC vendor_id 15ad device_id 7a0 ss_vid 0 ss_did 0
[    1.809132] pciehp 0000:00:15.0:pcie04: service driver pciehp loaded
[    1.809181] pciehp 0000:00:15.1:pcie04: HPC vendor_id 15ad device_id 7a0 ss_vid 0 ss_did 0
[    1.809230] pciehp 0000:00:15.1:pcie04: service driver pciehp loaded
[    1.809279] pciehp 0000:00:15.2:pcie04: HPC vendor_id 15ad device_id 7a0 ss_vid 0 ss_did 0
[    1.809328] pciehp 0000:00:15.2:pcie04: service driver pciehp loaded
[    1.809376] pciehp 0000:00:15.3:pcie04: HPC vendor_id 15ad device_id 7a0 ss_vid 0 ss_did 0
[    1.809425] pciehp 0000:00:15.3:pcie04: service driver pciehp loaded
[    1.809474] pciehp 0000:00:15.4:pcie04: HPC vendor_id 15ad device_id 7a0 ss_vid 0 ss_did 0
[    1.809523] pciehp 0000:00:15.4:pcie04: service driver pciehp loaded
[    1.809572] pciehp 0000:00:15.5:pcie04: HPC vendor_id 15ad device_id 7a0 ss_vid 0 ss_did 0
[    1.809621] pciehp 0000:00:15.5:pcie04: service driver pciehp loaded
[    1.809669] pciehp 0000:00:15.6:pcie04: HPC vendor_id 15ad device_id 7a0 ss_vid 0 ss_did 0
[    1.809718] pciehp 0000:00:15.6:pcie04: service driver pciehp loaded
[    1.809767] pciehp 0000:00:15.7:pcie04: HPC vendor_id 15ad device_id 7a0 ss_vid 0 ss_did 0
[    1.809816] pciehp 0000:00:15.7:pcie04: service driver pciehp loaded
[    1.809865] pciehp 0000:00:16.0:pcie04: HPC vendor_id 15ad device_id 7a0 ss_vid 0 ss_did 0
[    1.809914] pciehp 0000:00:16.0:pcie04: service driver pciehp loaded
[    1.809962] pciehp 0000:00:16.1:pcie04: HPC vendor_id 15ad device_id 7a0 ss_vid 0 ss_did 0
[    1.810011] pciehp 0000:00:16.1:pcie04: service driver pciehp loaded
[    1.810060] pciehp 0000:00:16.2:pcie04: HPC vendor_id 15ad device_id 7a0 ss_vid 0 ss_did 0
[    1.810109] pciehp 0000:00:16.2:pcie04: service driver pciehp loaded
[    1.810158] pciehp 0000:00:16.3:pcie04: HPC vendor_id 15ad device_id 7a0 ss_vid 0 ss_did 0
[    1.810207] pciehp 0000:00:16.3:pcie04: service driver pciehp loaded
[    1.810255] pciehp 0000:00:16.4:pcie04: HPC vendor_id 15ad device_id 7a0 ss_vid 0 ss_did 0
[    1.810304] pciehp 0000:00:16.4:pcie04: service driver pciehp loaded
[    1.810353] pciehp 0000:00:16.5:pcie04: HPC vendor_id 15ad device_id 7a0 ss_vid 0 ss_did 0
[    1.810402] pciehp 0000:00:16.5:pcie04: service driver pciehp loaded
[    1.810451] pciehp 0000:00:16.6:pcie04: HPC vendor_id 15ad device_id 7a0 ss_vid 0 ss_did 0
[    1.810499] pciehp 0000:00:16.6:pcie04: service driver pciehp loaded
[    1.810548] pciehp 0000:00:16.7:pcie04: HPC vendor_id 15ad device_id 7a0 ss_vid 0 ss_did 0
[    1.810597] pciehp 0000:00:16.7:pcie04: service driver pciehp loaded
[    1.810646] pciehp 0000:00:17.0:pcie04: HPC vendor_id 15ad device_id 7a0 ss_vid 0 ss_did 0
[    1.810695] pciehp 0000:00:17.0:pcie04: service driver pciehp loaded
[    1.810744] pciehp 0000:00:17.1:pcie04: HPC vendor_id 15ad device_id 7a0 ss_vid 0 ss_did 0
[    1.810792] pciehp 0000:00:17.1:pcie04: service driver pciehp loaded
[    1.810841] pciehp 0000:00:17.2:pcie04: HPC vendor_id 15ad device_id 7a0 ss_vid 0 ss_did 0
[    1.810890] pciehp 0000:00:17.2:pcie04: service driver pciehp loaded
[    1.810939] pciehp 0000:00:17.3:pcie04: HPC vendor_id 15ad device_id 7a0 ss_vid 0 ss_did 0
[    1.810988] pciehp 0000:00:17.3:pcie04: service driver pciehp loaded
[    1.811037] pciehp 0000:00:17.4:pcie04: HPC vendor_id 15ad device_id 7a0 ss_vid 0 ss_did 0
[    1.811085] pciehp 0000:00:17.4:pcie04: service driver pciehp loaded
[    1.811134] pciehp 0000:00:17.5:pcie04: HPC vendor_id 15ad device_id 7a0 ss_vid 0 ss_did 0
[    1.811183] pciehp 0000:00:17.5:pcie04: service driver pciehp loaded
[    1.811232] pciehp 0000:00:17.6:pcie04: HPC vendor_id 15ad device_id 7a0 ss_vid 0 ss_did 0
[    1.811281] pciehp 0000:00:17.6:pcie04: service driver pciehp loaded
[    1.811330] pciehp 0000:00:17.7:pcie04: HPC vendor_id 15ad device_id 7a0 ss_vid 0 ss_did 0
[    1.811378] pciehp 0000:00:17.7:pcie04: service driver pciehp loaded
[    1.811427] pciehp 0000:00:18.0:pcie04: HPC vendor_id 15ad device_id 7a0 ss_vid 0 ss_did 0
[    1.811476] pciehp 0000:00:18.0:pcie04: service driver pciehp loaded
[    1.811525] pciehp 0000:00:18.1:pcie04: HPC vendor_id 15ad device_id 7a0 ss_vid 0 ss_did 0
[    1.811574] pciehp 0000:00:18.1:pcie04: service driver pciehp loaded
[    1.811623] pciehp 0000:00:18.2:pcie04: HPC vendor_id 15ad device_id 7a0 ss_vid 0 ss_did 0
[    1.811671] pciehp 0000:00:18.2:pcie04: service driver pciehp loaded
[    1.811720] pciehp 0000:00:18.3:pcie04: HPC vendor_id 15ad device_id 7a0 ss_vid 0 ss_did 0
[    1.811769] pciehp 0000:00:18.3:pcie04: service driver pciehp loaded
[    1.811818] pciehp 0000:00:18.4:pcie04: HPC vendor_id 15ad device_id 7a0 ss_vid 0 ss_did 0
[    1.811867] pciehp 0000:00:18.4:pcie04: service driver pciehp loaded
[    1.811916] pciehp 0000:00:18.5:pcie04: HPC vendor_id 15ad device_id 7a0 ss_vid 0 ss_did 0
[    1.811964] pciehp 0000:00:18.5:pcie04: service driver pciehp loaded
[    1.812013] pciehp 0000:00:18.6:pcie04: HPC vendor_id 15ad device_id 7a0 ss_vid 0 ss_did 0
[    1.812062] pciehp 0000:00:18.6:pcie04: service driver pciehp loaded
[    1.812111] pciehp 0000:00:18.7:pcie04: HPC vendor_id 15ad device_id 7a0 ss_vid 0 ss_did 0
[    1.812160] pciehp 0000:00:18.7:pcie04: service driver pciehp loaded
[    1.812168] pciehp: PCI Express Hot Plug Controller Driver version: 0.4
[    1.812222] ACPI: AC Adapter [ACAD] (on-line)
[    1.812278] input: Power Button as /devices/LNXSYSTM:00/LNXPWRBN:00/input/input0
[    1.812281] ACPI: Power Button [PWRF]
[    1.812330] processor LNXCPU:00: registered as cooling_device0
[    1.856959] isapnp: Scanning for PnP cards...
[    2.212342] isapnp: No Plug & Play device found
[    2.212373] random 0000 0000 0000 5f8db4e5 4cfdf2a8: initializing
[    2.212493] Linux agpgart interface v0.103
[    2.212534] agpgart-intel 0000:00:00.0: Intel 440BX Chipset
[    2.212583] agpgart-intel 0000:00:00.0: AGP aperture is 256M @ 0x0
[    2.212615] Serial: 8250/16550 driver, 32 ports, IRQ sharing enabled
[    2.212664] serial8250: ttyS0 at I/O 0x3f8 (irq = 4) is a 16550A
[    2.212713] serial8250: ttyS1 at I/O 0x2f8 (irq = 3) is a 16550A
[    2.212762] 00:0a: ttyS0 at I/O 0x3f8 (irq = 4) is a 16550A
[    2.212811] 00:0b: ttyS1 at I/O 0x2f8 (irq = 3) is a 16550A
[    2.212860] brd: module loaded
[    2.212908] loop: module loaded
[    2.212957] ata_piix 0000:00:07.1: version 2.13
[    2.213041] scsi0 : ata_piix
[    2.213090] scsi1 : ata_piix
[    2.213114] ata1: PATA max UDMA/33 cmd 0x1f0 ctl 0x3f6 bmdma 0x10c0 irq 14
[    2.213116] ata2: PATA max UDMA/33 cmd 0x170 ctl 0x376 bmdma 0x10c8 irq 15
[    2.213166] PPP generic driver version 2.4.2
[    2.213188] tun: Universal TUN/TAP device driver, 1.6
[    2.213190] tun: (C) 1999-2004 Max Krasnyansky <maxk@qualcomm.com>
[    2.213238] ehci_hcd: USB 2.0 'Enhanced' Host Controller (EHCI) Driver
[    2.213287] ACPI: PCI Interrupt Link [LNKB] enabled at IRQ 11
[    2.213290] PCI: setting IRQ 11 as level-triggered
[    2.213298] ehci_hcd 0000:02:03.0: PCI INT A -> Link[LNKB] -> GSI 11 (level, low) -> IRQ 11
[    2.213341] ehci_hcd 0000:02:03.0: EHCI Host Controller
[    2.213364] ehci_hcd 0000:02:03.0: new USB bus registered, assigned bus number 1
[    2.213413] ehci_hcd 0000:02:03.0: cache line size of 32 is not supported
[    2.213420] ehci_hcd 0000:02:03.0: irq 11, io mem 0xc9000000
[    2.213721] random 0000 0000 0000 00000000 00000000: rand_read_num 3 get_random_bytes(8): sig 00000000 00000000 00000000
[    2.213724] random 0000 0000 0000 00000000 00000000: extract_entropy(.. 8 ..)
[    2.213726] random 0000 0000 0000 00000000 00000000: going to reseed nonblocking with 64 bits (64 of 0 requested)
[    2.213729] random 0000 0000 0000 00000000 00000000: extract_entropy(.. 8 ..)
[    2.213731] random 0000 0000 0000 00000000 00000000: trying to extract 64 bits from input
[    2.213733] random 0000 0000 0000 00000000 00000000: debiting 0 entropy credits from input
[    2.213735] random 0000 0000 0000 00000000 00000000: extract_entropy account returned: 0 
[    2.213739] random 0000 0000 0000 00000000 00000000: urand_change_num 5 xfer_secondary_pool(8): pool_sig 00000000, data_sig 00000000, bytes_mixed 0 00000000 00000000
[    2.213741] random 0000 0000 0000 00000000 00000000: trying to extract 64 bits from nonblocking
[    2.213744] random 0000 0000 0000 00000000 00000000: debiting 64 entropy credits from nonblocking (unlimited)
[    2.213746] random 0000 0000 0000 00000000 00000000: extract_entropy account returned: 8 
[    2.213750] random 0000 0000 0000 00000000 00000000: urand_change_num 6 extract_buf: pool_sig 00000000, data_sig fffffff9, bytes_mixed 20 00000000 00000000
[    2.224365] ehci_hcd 0000:02:03.0: USB 2.0 started, EHCI 1.00
[    2.224414] usb usb1: configuration #1 chosen from 1 choice
[    2.224435] hub 1-0:1.0: USB hub found
[    2.224442] hub 1-0:1.0: 6 ports detected
[    2.224482] ohci_hcd: USB 1.1 'Open' Host Controller (OHCI) Driver
[    2.224499] uhci_hcd: USB Universal Host Controller Interface driver
[    2.224548] ACPI: PCI Interrupt Link [LNKC] enabled at IRQ 10
[    2.224552] PCI: setting IRQ 10 as level-triggered
[    2.224556] uhci_hcd 0000:02:00.0: PCI INT A -> Link[LNKC] -> GSI 10 (level, low) -> IRQ 10
[    2.224595] uhci_hcd 0000:02:00.0: UHCI Host Controller
[    2.224644] uhci_hcd 0000:02:00.0: new USB bus registered, assigned bus number 2
[    2.224747] uhci_hcd 0000:02:00.0: irq 10, io base 0x000020c0
[    2.224795] usb usb2: configuration #1 chosen from 1 choice
[    2.224813] hub 2-0:1.0: USB hub found
[    2.224818] hub 2-0:1.0: 2 ports detected
[    2.224867] usbcore: registered new interface driver libusual
[    2.224898] PNP: PS/2 Controller [PNP0303:KBC,PNP0f13:MOUS] at 0x60,0x64 irq 1,12
[    2.225221] serio: i8042 KBD port at 0x60,0x64 irq 1
[    2.225231] serio: i8042 AUX port at 0x60,0x64 irq 12
[    2.225278] mice: PS/2 mouse device common for all mice
[    2.225327] rtc_cmos 00:04: rtc core: registered rtc_cmos as rtc0
[    2.225346] rtc0: alarms up to one month, y3k, 114 bytes nvram, hpet irqs
[    2.225395] device-mapper: uevent: version 1.0.3
[    2.225523] device-mapper: ioctl: 4.15.0-ioctl (2009-04-01) initialised: dm-devel@redhat.com
[    2.225543] EISA: Probing bus 0 at eisa.0
[    2.225552] Cannot allocate resource for EISA slot 1
[    2.225554] Cannot allocate resource for EISA slot 2
[    2.225556] Cannot allocate resource for EISA slot 3
[    2.225558] Cannot allocate resource for EISA slot 4
[    2.225560] Cannot allocate resource for EISA slot 5
[    2.225562] Cannot allocate resource for EISA slot 6
[    2.225564] Cannot allocate resource for EISA slot 7
[    2.225566] Cannot allocate resource for EISA slot 8
[    2.225567] EISA: Detected 0 cards.
[    2.225614] cpuidle: using governor ladder
[    2.225616] cpuidle: using governor menu
[    2.225715] random 0000 0000 0000 00000000 00000000: rand_read_num 4 get_random_bytes(136): sig 0000021d 00000000 00000000
[    2.225718] random 0000 0000 0000 00000000 00000000: extract_entropy(.. 136 ..)
[    2.225721] random 0000 0000 0000 00000000 00000000: going to reseed nonblocking with 1024 bits (1088 of 0 requested)
[    2.225723] random 0000 0000 0000 00000000 00000000: extract_entropy(.. 128 ..)
[    2.225726] random 0000 0000 0000 00000000 00000000: trying to extract 1024 bits from input
[    2.225728] random 0000 0000 0000 00000000 00000000: debiting 0 entropy credits from input
[    2.225730] random 0000 0000 0000 00000000 00000000: extract_entropy account returned: 0 
[    2.225733] random 0000 0000 0000 00000000 00000000: urand_change_num 7 xfer_secondary_pool(136): pool_sig 0000021d, data_sig 00000000, bytes_mixed 0 00000000 00000000
[    2.225736] random 0000 0000 0000 00000000 00000000: trying to extract 1088 bits from nonblocking
[    2.225739] random 0000 0000 0000 00000000 00000000: debiting 1088 entropy credits from nonblocking (unlimited)
[    2.225741] random 0000 0000 0000 00000000 00000000: extract_entropy account returned: 136 
[    2.225745] random 0000 0000 0000 00000000 00000000: urand_change_num 8 extract_buf: pool_sig 0000021d, data_sig fffffff7, bytes_mixed 20 00000000 00000000
[    2.225749] random 0000 0000 0000 f961ee50 ba9cb1aa: urand_change_num 9 extract_buf: pool_sig 00000230, data_sig fffffeb4, bytes_mixed 20 f961ee50 ba9cb1aa
[    2.225754] random 0000 0000 0000 9748bdd6 56fb8af6: urand_change_num 10 extract_buf: pool_sig 00000373, data_sig 000000cf, bytes_mixed 20 9748bdd6 56fb8af6
[    2.225758] random 0000 0000 0000 9748bdd6 56fb8af6: urand_change_num 11 extract_buf: pool_sig fffffe49, data_sig 0000023f, bytes_mixed 20 9748bdd6 56fb8af6
[    2.225763] random 0000 0000 0000 a135be86 4777650e: urand_change_num 12 extract_buf: pool_sig fffffcce, data_sig 000000c6, bytes_mixed 20 a135be86 4777650e
[    2.225767] random 0000 0000 0000 4a6ea85d 170e00dd: urand_change_num 13 extract_buf: pool_sig ffffff97, data_sig ffffff7d, bytes_mixed 20 4a6ea85d 170e00dd
[    2.225772] random 0000 0000 0000 4a6ea85d 170e00dd: urand_change_num 14 extract_buf: pool_sig 00000160, data_sig fffffeea, bytes_mixed 20 4a6ea85d 170e00dd
[    2.225776] random 0000 0000 0000 6e87c3cb da668c73: urand_change_num 15 extract_buf: pool_sig 0000034f, data_sig ffffff54, bytes_mixed 20 6e87c3cb da668c73
[    2.225781] random 0000 0000 0000 6e87c3cb da668c73: urand_change_num 16 extract_buf: pool_sig fffffdc5, data_sig 00000205, bytes_mixed 20 6e87c3cb da668c73
[    2.225785] random 0000 0000 0000 39f531e6 461eb249: urand_change_num 17 extract_buf: pool_sig fffffc1d, data_sig ffffff5e, bytes_mixed 20 39f531e6 461eb249
[    2.225790] random 0000 0000 0000 7e1538a2 3e661182: urand_change_num 18 extract_buf: pool_sig 000006ef, data_sig ffffff2e, bytes_mixed 20 7e1538a2 3e661182
[    2.225794] random 0000 0000 0000 7e1538a2 3e661182: urand_change_num 19 extract_buf: pool_sig 00000317, data_sig fffffccb, bytes_mixed 20 7e1538a2 3e661182
[    2.225798] random 0000 0000 0000 76af506b 9b57305e: urand_change_num 20 extract_buf: pool_sig 00000227, data_sig ffffffd2, bytes_mixed 20 76af506b 9b57305e
[    2.225803] random 0000 0000 0000 37d49d89 e20417cc: urand_change_num 21 extract_buf: pool_sig 0000080b, data_sig 000001e9, bytes_mixed 20 37d49d89 e20417cc
[    2.225807] TCP cubic registered
[    2.225856] NET: Registered protocol family 10
[    2.225891] RANDOM - __random32 called. Change num 12.  Value: 5eba7c56	3354535f	8d65ceee
[    2.225893] RANDOM - random32 called.  Value: 5eba7c56	3354535f	8d65ceee
[    2.225902] random 0000 0000 0000 37d49d89 e20417cc: rand_read_num 5 get_random_bytes(4): sig 00000298 37d49d89 e20417cc
[    2.225904] random 0000 0000 0000 37d49d89 e20417cc: extract_entropy(.. 4 ..)
[    2.225907] random 0000 0000 0000 37d49d89 e20417cc: going to reseed nonblocking with 64 bits (32 of 0 requested)
[    2.225909] random 0000 0000 0000 37d49d89 e20417cc: extract_entropy(.. 8 ..)
[    2.225911] random 0000 0000 0000 37d49d89 e20417cc: trying to extract 64 bits from input
[    2.225913] random 0000 0000 0000 37d49d89 e20417cc: debiting 0 entropy credits from input
[    2.225915] random 0000 0000 0000 37d49d89 e20417cc: extract_entropy account returned: 0 
[    2.225918] random 0000 0000 0000 37d49d89 e20417cc: urand_change_num 22 xfer_secondary_pool(4): pool_sig 00000298, data_sig 00000000, bytes_mixed 0 37d49d89 e20417cc
[    2.225921] random 0000 0000 0000 37d49d89 e20417cc: trying to extract 32 bits from nonblocking
[    2.225924] random 0000 0000 0000 37d49d89 e20417cc: debiting 32 entropy credits from nonblocking (unlimited)
[    2.225926] random 0000 0000 0000 37d49d89 e20417cc: extract_entropy account returned: 4 
[    2.225929] random 0000 0000 0000 37d49d89 e20417cc: urand_change_num 23 extract_buf: pool_sig 00000298, data_sig 00000092, bytes_mixed 20 37d49d89 e20417cc
[    2.225978] RANDOM - __random32 called. Change num 13.  Value: a7c56226	354535ff	9ddcc977
[    2.225980] RANDOM - random32 called.  Value: a7c56226	354535ff	9ddcc977
[    2.226029] NET: Registered protocol family 17
[    2.226053] Using IPI No-Shortcut mode
[    2.226059] random 0000 0000 0000 2ee4c4fc 167bdb15: rand_read_num 6 get_random_bytes(8): sig fffffcbf 2ee4c4fc 167bdb15
[    2.226061] random 0000 0000 0000 2ee4c4fc 167bdb15: extract_entropy(.. 8 ..)
[    2.226064] random 0000 0000 0000 2ee4c4fc 167bdb15: going to reseed nonblocking with 64 bits (64 of 0 requested)
[    2.226066] random 0000 0000 0000 2ee4c4fc 167bdb15: extract_entropy(.. 8 ..)
[    2.226068] random 0000 0000 0000 2ee4c4fc 167bdb15: trying to extract 64 bits from input
[    2.226117] random 0000 0000 0000 2ee4c4fc 167bdb15: debiting 0 entropy credits from input
[    2.226121] random 0000 0000 0000 2ee4c4fc 167bdb15: extract_entropy account returned: 0 
[    2.226124] random 0000 0000 0000 2ee4c4fc 167bdb15: urand_change_num 24 xfer_secondary_pool(8): pool_sig fffffcbf, data_sig 00000000, bytes_mixed 0 2ee4c4fc 167bdb15
[    2.226127] random 0000 0000 0000 2ee4c4fc 167bdb15: trying to extract 64 bits from nonblocking
[    2.226129] random 0000 0000 0000 2ee4c4fc 167bdb15: debiting 64 entropy credits from nonblocking (unlimited)
[    2.226132] random 0000 0000 0000 2ee4c4fc 167bdb15: extract_entropy account returned: 8 
[    2.226135] random 0000 0000 0000 2ee4c4fc 167bdb15: urand_change_num 25 extract_buf: pool_sig fffffcbf, data_sig ffffff83, bytes_mixed 20 2ee4c4fc 167bdb15
[    2.226184] PM: Resume from disk failed.
[    2.226193] registered taskstats version 1
[    2.226196] random 0000 0000 0000 2ee4c4fc 167bdb15: rand_read_num 7 get_random_bytes(12): sig fffffc69 2ee4c4fc 167bdb15
[    2.226198] random 0000 0000 0000 2ee4c4fc 167bdb15: extract_entropy(.. 12 ..)
[    2.226201] random 0000 0000 0000 2ee4c4fc 167bdb15: going to reseed nonblocking with 96 bits (96 of 0 requested)
[    2.226203] random 0000 0000 0000 2ee4c4fc 167bdb15: extract_entropy(.. 12 ..)
[    2.226205] random 0000 0000 0000 2ee4c4fc 167bdb15: trying to extract 96 bits from input
[    2.226207] random 0000 0000 0000 2ee4c4fc 167bdb15: debiting 0 entropy credits from input
[    2.226209] random 0000 0000 0000 2ee4c4fc 167bdb15: extract_entropy account returned: 0 
[    2.226212] random 0000 0000 0000 2ee4c4fc 167bdb15: urand_change_num 26 xfer_secondary_pool(12): pool_sig fffffc69, data_sig 00000000, bytes_mixed 0 2ee4c4fc 167bdb15
[    2.226215] random 0000 0000 0000 2ee4c4fc 167bdb15: trying to extract 96 bits from nonblocking
[    2.226217] random 0000 0000 0000 2ee4c4fc 167bdb15: debiting 96 entropy credits from nonblocking (unlimited)
[    2.226220] random 0000 0000 0000 2ee4c4fc 167bdb15: extract_entropy account returned: 12 
[    2.226223] random 0000 0000 0000 2ee4c4fc 167bdb15: urand_change_num 27 extract_buf: pool_sig fffffc69, data_sig ffffff7d, bytes_mixed 20 2ee4c4fc 167bdb15
[    2.226228] random 0000 0000 0000 83b7c1ab 94697f48: urand_change_num 28 extract_buf: pool_sig fffffe30, data_sig fffffdd6, bytes_mixed 20 83b7c1ab 94697f48
[    2.226231] RANDOM - __seed init called.
[    2.226232] RANDOM - __seed init called.
[    2.226233] RANDOM - __seed init called.
[    2.226235] RANDOM - __random32 called. Change num 14.  Value: fc007995	feca4f80	21b38ad2
[    2.226237] RANDOM - random32_reseed called.  Value: fc007995	feca4f80	21b38ad2
[    2.226239] Pid: 1, comm: swapper Not tainted 2.6.32.57 #4
[    2.226241] Call Trace:
[    2.226247]  [<c14a8a0e>] ? printk+0x1d/0x1f
[    2.226252]  [<c17537e5>] random32_reseed+0x89/0xbd
[    2.226255]  [<c1003042>] do_one_initcall+0x32/0x1a0
[    2.226258]  [<c175375c>] ? random32_reseed+0x0/0xbd
[    2.226261]  [<c17308e7>] kernel_init+0x12d/0x17a
[    2.226264]  [<c17307ba>] ? kernel_init+0x0/0x17a
[    2.226267]  [<c1009b07>] kernel_thread_helper+0x7/0x10
[    2.228907] input: AT Translated Set 2 keyboard as /devices/platform/i8042/serio0/input/input1
[    2.232315] random 0000 0000 0000 6db70b00 b30ce96b: rand_read_num 8 get_random_bytes(64): sig fffffb38 6db70b00 b30ce96b
[    2.232318] random 0000 0000 0000 6db70b00 b30ce96b: extract_entropy(.. 64 ..)
[    2.232321] random 0000 0000 0000 6db70b00 b30ce96b: going to reseed nonblocking with 512 bits (512 of 0 requested)
[    2.232323] random 0000 0000 0000 6db70b00 b30ce96b: extract_entropy(.. 64 ..)
[    2.232325] random 0000 0000 0000 6db70b00 b30ce96b: trying to extract 512 bits from input
[    2.232328] random 0000 0000 0000 6db70b00 b30ce96b: debiting 0 entropy credits from input
[    2.232330] random 0000 0000 0000 6db70b00 b30ce96b: extract_entropy account returned: 0 
[    2.232333] random 0000 0000 0000 6db70b00 b30ce96b: urand_change_num 29 xfer_secondary_pool(64): pool_sig fffffb38, data_sig 00000000, bytes_mixed 0 6db70b00 b30ce96b
[    2.232336] random 0000 0000 0000 6db70b00 b30ce96b: trying to extract 512 bits from nonblocking
[    2.232339] random 0000 0000 0000 6db70b00 b30ce96b: debiting 512 entropy credits from nonblocking (unlimited)
[    2.232341] random 0000 0000 0000 6db70b00 b30ce96b: extract_entropy account returned: 64 
[    2.232345] random 0000 0000 0000 6db70b00 b30ce96b: urand_change_num 30 extract_buf: pool_sig fffffb38, data_sig 00000151, bytes_mixed 20 6db70b00 b30ce96b
[    2.232349] random 0000 0000 0000 6db70b00 b30ce96b: urand_change_num 31 extract_buf: pool_sig fffffdb8, data_sig 00000379, bytes_mixed 20 6db70b00 b30ce96b
[    2.232354] random 0000 0000 0000 6b83001e d4b6c0d3: urand_change_num 32 extract_buf: pool_sig ffffffc9, data_sig 00000198, bytes_mixed 20 6b83001e d4b6c0d3
[    2.232358] random 0000 0000 0000 79d3e3c7 be564518: urand_change_num 33 extract_buf: pool_sig 000002b9, data_sig ffffff84, bytes_mixed 20 79d3e3c7 be564518
[    2.232363] random 0000 0000 0000 79d3e3c7 be564518: urand_change_num 34 extract_buf: pool_sig ffffff55, data_sig ffffff5a, bytes_mixed 20 79d3e3c7 be564518
[    2.232367] random 0000 0000 0000 89c03cb2 0d353228: urand_change_num 35 extract_buf: pool_sig 00000007, data_sig ffffff17, bytes_mixed 20 89c03cb2 0d353228
[    2.232372] random 0000 0000 0000 89c03cb2 0d353228: urand_change_num 36 extract_buf: pool_sig fffffdae, data_sig 000000db, bytes_mixed 20 89c03cb2 0d353228  Magic number: 13:850:300
[    2.232468] rtc_cmos 00:04: setting system clock to 2013-05-24 22:15:08 UTC (1369433708)
[    2.232471] BIOS EDD facility v0.16 2004-Jun-25, 0 devices found
[    2.232472] EDD information not available.
[    2.232499] random 0000 0000 0000 8ca62387 b120332c: rand_read_num 9 get_random_bytes(64): sig fffffed6 8ca62387 b120332c
[    2.232501] random 0000 0000 0000 8ca62387 b120332c: extract_entropy(.. 64 ..)
[    2.232503] random 0000 0000 0000 8ca62387 b120332c: going to reseed nonblocking with 512 bits (512 of 0 requested)
[    2.232506] random 0000 0000 0000 8ca62387 b120332c: extract_entropy(.. 64 ..)
[    2.232508] random 0000 0000 0000 8ca62387 b120332c: trying to extract 512 bits from input
[    2.232510] random 0000 0000 0000 8ca62387 b120332c: debiting 0 entropy credits from input
[    2.232512] random 0000 0000 0000 8ca62387 b120332c: extract_entropy account returned: 0 
[    2.232515] random 0000 0000 0000 8ca62387 b120332c: urand_change_num 37 xfer_secondary_pool(64): pool_sig fffffed6, data_sig 00000000, bytes_mixed 0 8ca62387 b120332c
[    2.232518] random 0000 0000 0000 8ca62387 b120332c: trying to extract 512 bits from nonblocking
[    2.232520] random 0000 0000 0000 8ca62387 b120332c: debiting 512 entropy credits from nonblocking (unlimited)
[    2.232522] random 0000 0000 0000 8ca62387 b120332c: extract_entropy account returned: 64 
[    2.232526] random 0000 0000 0000 8ca62387 b120332c: urand_change_num 38 extract_buf: pool_sig fffffed6, data_sig fffffeb6, bytes_mixed 20 8ca62387 b120332c
[    2.232530] random 0000 0000 0000 90702413 e2a66c2e: urand_change_num 39 extract_buf: pool_sig fffffbb0, data_sig 0000012e, bytes_mixed 20 90702413 e2a66c2e
[    2.232535] random 0000 0000 0000 90702413 e2a66c2e: urand_change_num 40 extract_buf: pool_sig fffffaf1, data_sig ffffff3c, bytes_mixed 20 90702413 e2a66c2e
[    2.232539] random 0000 0000 0000 3f58038b c77aecb6: urand_change_num 41 extract_buf: pool_sig 00000234, data_sig fffffdec, bytes_mixed 20 3f58038b c77aecb6
[    2.232544] random 0000 0000 0000 47187b9d 03f21510: urand_change_num 42 extract_buf: pool_sig 00000192, data_sig 00000075, bytes_mixed 20 47187b9d 03f21510
[    2.232548] random 0000 0000 0000 47187b9d 03f21510: urand_change_num 43 extract_buf: pool_sig 0000018e, data_sig ffffffbf, bytes_mixed 20 47187b9d 03f21510
[    2.232552] random 0000 0000 0000 3180b1fc 0fa9c973: urand_change_num 44 extract_buf: pool_sig fffffecf, data_sig ffffff2a, bytes_mixed 20 3180b1fc 0fa9c973
[    2.232555] BEGIN NET_SECRET:
[    2.232556] \xffffff87
[    2.232558] \xffffff8d
[    2.232559] \xfffffff4
[    2.232560] \xffffffae
[    2.232561] \xffffffc3
[    2.232562] \xffffffb7
[    2.232564] \x31
[    2.232565] \x65
[    2.232566] \xffffffda
[    2.232567] \xffffffa2
[    2.232568] \x31
[    2.232569] \xffffffc8
[    2.232571] \xffffffa9
[    2.232572] \x76
[    2.232573] \x76
[    2.232574] \xffffff90
[    2.232575] \x55
[    2.232576] \xfffffff3
[    2.232577] \xffffffb1
[    2.232579] \x3
[    2.232580] \xffffffb3
[    2.232581] \xffffffa7
[    2.232582] \x5a
[    2.232583] \x71
[    2.232584] \x70
[    2.232585] \xffffff8c
[    2.232587] \x56
[    2.232588] \x25
[    2.232589] \xffffffe1
[    2.232590] \x4c
[    2.232591] \xffffffe6
[    2.232592] \xffffff95
[    2.232594] \x67
[    2.232595] \x4c
[    2.232596] \xffffffb9
[    2.232597] \x1d
[    2.232598] \xe
[    2.232599] \x34
[    2.232600] \xffffffbe
[    2.232601] \x12
[    2.232603] \x5
[    2.232604] \xffffff98
[    2.232605] \xffffffa0
[    2.232606] \xf
[    2.232607] \xffffffb2
[    2.232608] \xffffffde
[    2.232609] \xffffff99
[    2.232611] \xf
[    2.232612] \xffffffe8
[    2.232613] \xffffffc8
[    2.232637] \x1f
[    2.232638] \x54
[    2.232639] \x2c
[    2.232640] \xffffffee
[    2.232642] \x2e
[    2.232643] \x0
[    2.232644] \xffffff95
[    2.232645] \x0
[    2.232646] \xffffffe3
[    2.232647] \xffffffa7
[    2.232648] \xfffffffd
[    2.232650] \x66
[    2.232651] \xffffff92
[    2.232652] \xfffffff0
[    2.232653] 
[    2.232654] END NET_SECRET
[    2.232657] random 0000 0000 0000 3180b1fc 0fa9c973: rand_read_num 10 get_random_bytes(4): sig ffffff46 3180b1fc 0fa9c973
[    2.232659] random 0000 0000 0000 3180b1fc 0fa9c973: extract_entropy(.. 4 ..)
[    2.232662] random 0000 0000 0000 3180b1fc 0fa9c973: going to reseed nonblocking with 64 bits (32 of 0 requested)
[    2.232664] random 0000 0000 0000 3180b1fc 0fa9c973: extract_entropy(.. 8 ..)
[    2.232666] random 0000 0000 0000 3180b1fc 0fa9c973: trying to extract 64 bits from input
[    2.232668] random 0000 0000 0000 3180b1fc 0fa9c973: debiting 0 entropy credits from input
[    2.232670] random 0000 0000 0000 3180b1fc 0fa9c973: extract_entropy account returned: 0 
[    2.232673] random 0000 0000 0000 3180b1fc 0fa9c973: urand_change_num 45 xfer_secondary_pool(4): pool_sig ffffff46, data_sig 00000000, bytes_mixed 0 3180b1fc 0fa9c973
[    2.232676] random 0000 0000 0000 3180b1fc 0fa9c973: trying to extract 32 bits from nonblocking
[    2.232679] random 0000 0000 0000 3180b1fc 0fa9c973: debiting 32 entropy credits from nonblocking (unlimited)
[    2.232681] random 0000 0000 0000 3180b1fc 0fa9c973: extract_entropy account returned: 4 
[    2.232684] random 0000 0000 0000 3180b1fc 0fa9c973: urand_change_num 46 extract_buf: pool_sig ffffff46, data_sig 0000001b, bytes_mixed 20 3180b1fc 0fa9c973
[    2.402833] ata2.00: ATAPI: VMware Virtual IDE CDROM Drive, 00000001, max UDMA/33
[    2.403140] ata2.00: configured for UDMA/33
[    2.403516] scsi 1:0:0:0: CD-ROM            NECVMWar VMware IDE CDR10 1.00 PQ: 0 ANSI: 5
[    2.404717] sr0: scsi3-mmc drive: 306x/306x cd/rw xa/form2 cdda tray
[    2.404720] Uniform CD-ROM driver Revision: 3.20
[    2.404769] sr 1:0:0:0: Attached scsi CD-ROM sr0
[    2.404806] sr 1:0:0:0: Attached scsi generic sg0 type 5
[    2.404843] Freeing unused kernel memory: 652k freed
[    2.404892] Write protecting the kernel text: 4840k
[    2.404922] Write protecting the kernel read-only data: 1968k
[    2.405007] random 0000 0000 0000 38974d2b 1d8d6de0: rand_read_num 11 get_random_bytes(16): sig 000001c6 38974d2b 1d8d6de0
