[    0.000000] random 0000 0000 0000 00000000 00000000: rand_read_num 1 get_random_bytes(8): sig 00000000 00000000 00000000
[    0.000000] random 0000 0000 0000 00000000 00000000: extract_entropy(.. 8 ..)
[    0.000000] random 0000 0000 0000 00000000 00000000: going to reseed nonblocking with 64 bits (64 of 0 requested)
[    0.000000] random 0000 0000 0000 00000000 00000000: extract_entropy(.. 8 ..)
[    0.000000] random 0000 0000 0000 00000000 00000000: trying to extract 64 bits from input
[    0.000000] random 0000 0000 0000 00000000 00000000: debiting 0 entropy credits from input
[    0.000000] random 0000 0000 0000 00000000 00000000: extract_entropy account returned: 0 
[    0.000000] random 0000 0000 0000 00000000 00000000: urand_change_num 1 xfer_secondary_pool(8): pool_sig 00000000, data_sig 00000000, bytes_mixed 0 00000000 00000000
[    0.000000] random 0000 0000 0000 00000000 00000000: trying to extract 64 bits from nonblocking
[    0.000000] random 0000 0000 0000 00000000 00000000: debiting 64 entropy credits from nonblocking (unlimited)
[    0.000000] random 0000 0000 0000 00000000 00000000: extract_entropy account returned: 8 
[    0.000000] random 0000 0000 0000 00000000 00000000: urand_change_num 2 extract_buf: pool_sig 00000000, data_sig fffffff9, bytes_mixed 20 00000000 00000000
[    0.000000] Initializing cgroup subsys cpuset
[    0.000000] Initializing cgroup subsys cpu
[    0.000000] Linux version 2.6.32.57 (dcashman@ubuntu) (gcc version 4.6.3 (Ubuntu/Linaro 4.6.3-1ubuntu5) ) #4 SMP Fri May 24 11:09:26 PDT 2013
[    0.000000] KERNEL supported cpus:
[    0.000000]   Intel GenuineIntel
[    0.000000]   AMD AuthenticAMD
[    0.000000]   NSC Geode by NSC
[    0.000000]   Cyrix CyrixInstead
[    0.000000]   Centaur CentaurHauls
[    0.000000]   Transmeta GenuineTMx86
[    0.000000]   Transmeta TransmetaCPU
[    0.000000]   UMC UMC UMC UMC
[    0.000000] BIOS-provided physical RAM map:
[    0.000000]  BIOS-e820: 0000000000000000 - 000000000009f000 (usable)
[    0.000000]  BIOS-e820: 000000000009f000 - 00000000000a0000 (reserved)
[    0.000000]  BIOS-e820: 00000000000ca000 - 00000000000cc000 (reserved)
[    0.000000]  BIOS-e820: 00000000000dc000 - 0000000000100000 (reserved)
[    0.000000]  BIOS-e820: 0000000000100000 - 000000003fee0000 (usable)
[    0.000000]  BIOS-e820: 000000003fee0000 - 000000003feff000 (ACPI data)
[    0.000000]  BIOS-e820: 000000003feff000 - 000000003ff00000 (ACPI NVS)
[    0.000000]  BIOS-e820: 000000003ff00000 - 0000000040000000 (usable)
[    0.000000]  BIOS-e820: 00000000e0000000 - 00000000f0000000 (reserved)
[    0.000000]  BIOS-e820: 00000000fec00000 - 00000000fec10000 (reserved)
[    0.000000]  BIOS-e820: 00000000fee00000 - 00000000fee01000 (reserved)
[    0.000000]  BIOS-e820: 00000000fffe0000 - 0000000100000000 (reserved)
[    0.000000] DMI present.
[    0.000000] Phoenix BIOS detected: BIOS may corrupt low RAM, working around it.
[    0.000000] e820 update range: 0000000000000000 - 0000000000010000 (usable) ==> (reserved)
[    0.000000] last_pfn = 0x40000 max_arch_pfn = 0x1000000
[    0.000000] MTRR default type: uncachable
[    0.000000] MTRR fixed ranges enabled:
[    0.000000]   00000-9FFFF write-back
[    0.000000]   A0000-BFFFF uncachable
[    0.000000]   C0000-CBFFF write-protect
[    0.000000]   CC000-EFFFF uncachable
[    0.000000]   F0000-FFFFF write-protect
[    0.000000] MTRR variable ranges enabled:
[    0.000000]   0 base 0000000000 mask FFC0000000 write-back
[    0.000000]   1 disabled
[    0.000000]   2 disabled
[    0.000000]   3 disabled
[    0.000000]   4 disabled
[    0.000000]   5 disabled
[    0.000000]   6 disabled
[    0.000000]   7 disabled
[    0.000000] x86 PAT enabled: cpu 0, old 0x0, new 0x7010600070106
[    0.000000] Scanning 0 areas for low memory corruption
[    0.000000] modified physical RAM map:
[    0.000000]  modified: 0000000000000000 - 0000000000010000 (reserved)
[    0.000000]  modified: 0000000000010000 - 000000000009f000 (usable)
[    0.000000]  modified: 000000000009f000 - 00000000000a0000 (reserved)
[    0.000000]  modified: 00000000000ca000 - 00000000000cc000 (reserved)
[    0.000000]  modified: 00000000000dc000 - 0000000000100000 (reserved)
[    0.000000]  modified: 0000000000100000 - 000000003fee0000 (usable)
[    0.000000]  modified: 000000003fee0000 - 000000003feff000 (ACPI data)
[    0.000000]  modified: 000000003feff000 - 000000003ff00000 (ACPI NVS)
[    0.000000]  modified: 000000003ff00000 - 0000000040000000 (usable)
[    0.000000]  modified: 00000000e0000000 - 00000000f0000000 (reserved)
[    0.000000]  modified: 00000000fec00000 - 00000000fec10000 (reserved)
[    0.000000]  modified: 00000000fee00000 - 00000000fee01000 (reserved)
[    0.000000]  modified: 00000000fffe0000 - 0000000100000000 (reserved)
[    0.000000] initial memory mapped : 0 - 01e00000
[    0.000000] init_memory_mapping: 0000000000000000-00000000379fe000
[    0.000000] NX (Execute Disable) protection: active
[    0.000000]  0000000000 - 0000200000 page 4k
[    0.000000]  0000200000 - 0037800000 page 2M
[    0.000000]  0037800000 - 00379fe000 page 4k
[    0.000000] kernel direct mapping tables up to 379fe000 @ 10000-16000
[    0.000000] RAMDISK: 2dcfc000 - 32e758c3
[    0.000000] ACPI: RSDP 000f6b80 00024 (v02 PTLTD )
[    0.000000] ACPI: XSDT 3feed636 0005C (v01 INTEL  440BX    06040000 VMW  01324272)
[    0.000000] ACPI: FACP 3fefee98 000F4 (v04 INTEL  440BX    06040000 PTL  000F4240)
[    0.000000] ACPI: DSDT 3feee366 10B32 (v01 PTLTD  Custom   06040000 MSFT 03000001)
[    0.000000] ACPI: FACS 3fefffc0 00040
[    0.000000] ACPI: BOOT 3feee33e 00028 (v01 PTLTD  $SBFTBL$ 06040000  LTP 00000001)
[    0.000000] ACPI: APIC 3feedc3e 003C2 (v01 PTLTD  ? APIC   06040000  LTP 00000000)
[    0.000000] ACPI: MCFG 3feedc02 0003C (v01 PTLTD  $PCITBL$ 06040000  LTP 00000001)
[    0.000000] ACPI: SRAT 3feed732 004D0 (v02 VMWARE MEMPLUG  06040000 VMW  00000001)
[    0.000000] ACPI: HPET 3feed6fa 00038 (v01 VMWARE VMW HPET 06040000 VMW  00000001)
[    0.000000] ACPI: WAET 3feed6d2 00028 (v01 VMWARE VMW WAET 06040000 VMW  00000001)
[    0.000000] ACPI: Local APIC address 0xfee00000
[    0.000000] 134MB HIGHMEM available.
[    0.000000] 889MB LOWMEM available.
[    0.000000]   mapped low ram: 0 - 379fe000
[    0.000000]   low ram: 0 - 379fe000
[    0.000000]   node 0 low ram: 00000000 - 379fe000
[    0.000000]   node 0 bootmap 00012000 - 00018f40
[    0.000000] (9 early reservations) ==> bootmem [0000000000 - 00379fe000]
[    0.000000]   #0 [0000000000 - 0000001000]   BIOS data page ==> [0000000000 - 0000001000]
[    0.000000]   #1 [0000001000 - 0000002000]    EX TRAMPOLINE ==> [0000001000 - 0000002000]
[    0.000000]   #2 [0000006000 - 0000007000]       TRAMPOLINE ==> [0000006000 - 0000007000]
[    0.000000]   #3 [0001000000 - 0001a75ff8]    TEXT DATA BSS ==> [0001000000 - 0001a75ff8]
[    0.000000]   #4 [002dcfc000 - 0032e758c3]          RAMDISK ==> [002dcfc000 - 0032e758c3]
[    0.000000]   #5 [000009f000 - 0000100000]    BIOS reserved ==> [000009f000 - 0000100000]
[    0.000000]   #6 [0001a76000 - 0001a851c0]              BRK ==> [0001a76000 - 0001a851c0]
[    0.000000]   #7 [0000010000 - 0000012000]          PGTABLE ==> [0000010000 - 0000012000]
[    0.000000]   #8 [0000012000 - 0000019000]          BOOTMAP ==> [0000012000 - 0000019000]
[    0.000000] found SMP MP-table at [c00f6bf0] f6bf0
[    0.000000] Zone PFN ranges:
[    0.000000]   DMA      0x00000010 -> 0x00001000
[    0.000000]   Normal   0x00001000 -> 0x000379fe
[    0.000000]   HighMem  0x000379fe -> 0x00040000
[    0.000000] Movable zone start PFN for each node
[    0.000000] early_node_map[3] active PFN ranges
[    0.000000]     0: 0x00000010 -> 0x0000009f
[    0.000000]     0: 0x00000100 -> 0x0003fee0
[    0.000000]     0: 0x0003ff00 -> 0x00040000
[    0.000000] On node 0 totalpages: 261999
[    0.000000] free_area_init_node: node 0, pgdat c1715200, node_mem_map c1a87200
[    0.000000]   DMA zone: 32 pages used for memmap
[    0.000000]   DMA zone: 0 pages reserved
[    0.000000]   DMA zone: 3951 pages, LIFO batch:0
[    0.000000]   Normal zone: 1748 pages used for memmap
[    0.000000]   Normal zone: 221994 pages, LIFO batch:31
[    0.000000]   HighMem zone: 269 pages used for memmap
[    0.000000]   HighMem zone: 34005 pages, LIFO batch:7
[    0.000000] Using APIC driver default
[    0.000000] ACPI: PM-Timer IO Port: 0x1008
[    0.000000] ACPI: Local APIC address 0xfee00000
[    0.000000] ACPI: LAPIC (acpi_id[0x00] lapic_id[0x00] enabled)
[    0.000000] ACPI: LAPIC (acpi_id[0x01] lapic_id[0x02] disabled)
[    0.000000] ACPI: LAPIC (acpi_id[0x02] lapic_id[0x04] disabled)
[    0.000000] ACPI: LAPIC (acpi_id[0x03] lapic_id[0x06] disabled)
[    0.000000] ACPI: LAPIC (acpi_id[0x04] lapic_id[0x08] disabled)
[    0.000000] ACPI: LAPIC (acpi_id[0x05] lapic_id[0x0a] disabled)
[    0.000000] ACPI: LAPIC (acpi_id[0x06] lapic_id[0x0c] disabled)
[    0.000000] ACPI: LAPIC (acpi_id[0x07] lapic_id[0x0e] disabled)
[    0.000000] ACPI: LAPIC (acpi_id[0x08] lapic_id[0x10] disabled)
[    0.000000] ACPI: LAPIC (acpi_id[0x09] lapic_id[0x12] disabled)
[    0.000000] ACPI: LAPIC (acpi_id[0x0a] lapic_id[0x14] disabled)
[    0.000000] ACPI: LAPIC (acpi_id[0x0b] lapic_id[0x16] disabled)
[    0.000000] ACPI: LAPIC (acpi_id[0x0c] lapic_id[0x18] disabled)
[    0.000000] ACPI: LAPIC (acpi_id[0x0d] lapic_id[0x1a] disabled)
[    0.000000] ACPI: LAPIC (acpi_id[0x0e] lapic_id[0x1c] disabled)
[    0.000000] ACPI: LAPIC (acpi_id[0x0f] lapic_id[0x1e] disabled)
[    0.000000] ACPI: LAPIC (acpi_id[0x10] lapic_id[0x20] disabled)
[    0.000000] ACPI: LAPIC (acpi_id[0x11] lapic_id[0x22] disabled)
[    0.000000] ACPI: LAPIC (acpi_id[0x12] lapic_id[0x24] disabled)
[    0.000000] ACPI: LAPIC (acpi_id[0x13] lapic_id[0x26] disabled)
[    0.000000] ACPI: LAPIC (acpi_id[0x14] lapic_id[0x28] disabled)
[    0.000000] ACPI: LAPIC (acpi_id[0x15] lapic_id[0x2a] disabled)
[    0.000000] ACPI: LAPIC (acpi_id[0x16] lapic_id[0x2c] disabled)
[    0.000000] ACPI: LAPIC (acpi_id[0x17] lapic_id[0x2e] disabled)
[    0.000000] ACPI: LAPIC (acpi_id[0x18] lapic_id[0x30] disabled)
[    0.000000] ACPI: LAPIC (acpi_id[0x19] lapic_id[0x32] disabled)
[    0.000000] ACPI: LAPIC (acpi_id[0x1a] lapic_id[0x34] disabled)
[    0.000000] ACPI: LAPIC (acpi_id[0x1b] lapic_id[0x36] disabled)
[    0.000000] ACPI: LAPIC (acpi_id[0x1c] lapic_id[0x38] disabled)
[    0.000000] ACPI: LAPIC (acpi_id[0x1d] lapic_id[0x3a] disabled)
[    0.000000] ACPI: LAPIC (acpi_id[0x1e] lapic_id[0x3c] disabled)
[    0.000000] ACPI: LAPIC (acpi_id[0x1f] lapic_id[0x3e] disabled)
[    0.000000] ACPI: LAPIC (acpi_id[0x20] lapic_id[0x40] disabled)
[    0.000000] ACPI: LAPIC (acpi_id[0x21] lapic_id[0x42] disabled)
[    0.000000] ACPI: LAPIC (acpi_id[0x22] lapic_id[0x44] disabled)
[    0.000000] ACPI: LAPIC (acpi_id[0x23] lapic_id[0x46] disabled)
[    0.000000] ACPI: LAPIC (acpi_id[0x24] lapic_id[0x48] disabled)
[    0.000000] ACPI: LAPIC (acpi_id[0x25] lapic_id[0x4a] disabled)
[    0.000000] ACPI: LAPIC (acpi_id[0x26] lapic_id[0x4c] disabled)
[    0.000000] ACPI: LAPIC (acpi_id[0x27] lapic_id[0x4e] disabled)
[    0.000000] ACPI: LAPIC (acpi_id[0x28] lapic_id[0x50] disabled)
[    0.000000] ACPI: LAPIC (acpi_id[0x29] lapic_id[0x52] disabled)
[    0.000000] ACPI: LAPIC (acpi_id[0x2a] lapic_id[0x54] disabled)
[    0.000000] ACPI: LAPIC (acpi_id[0x2b] lapic_id[0x56] disabled)
[    0.000000] ACPI: LAPIC (acpi_id[0x2c] lapic_id[0x58] disabled)
[    0.000000] ACPI: LAPIC (acpi_id[0x2d] lapic_id[0x5a] disabled)
[    0.000000] ACPI: LAPIC (acpi_id[0x2e] lapic_id[0x5c] disabled)
[    0.000000] ACPI: LAPIC (acpi_id[0x2f] lapic_id[0x5e] disabled)
[    0.000000] ACPI: LAPIC (acpi_id[0x30] lapic_id[0x60] disabled)
[    0.000000] ACPI: LAPIC (acpi_id[0x31] lapic_id[0x62] disabled)
[    0.000000] ACPI: LAPIC (acpi_id[0x32] lapic_id[0x64] disabled)
[    0.000000] ACPI: LAPIC (acpi_id[0x33] lapic_id[0x66] disabled)
[    0.000000] ACPI: LAPIC (acpi_id[0x34] lapic_id[0x68] disabled)
[    0.000000] ACPI: LAPIC (acpi_id[0x35] lapic_id[0x6a] disabled)
[    0.000000] ACPI: LAPIC (acpi_id[0x36] lapic_id[0x6c] disabled)
[    0.000000] ACPI: LAPIC (acpi_id[0x37] lapic_id[0x6e] disabled)
[    0.000000] ACPI: LAPIC (acpi_id[0x38] lapic_id[0x70] disabled)
[    0.000000] ACPI: LAPIC (acpi_id[0x39] lapic_id[0x72] disabled)
[    0.000000] ACPI: LAPIC (acpi_id[0x3a] lapic_id[0x74] disabled)
[    0.000000] ACPI: LAPIC (acpi_id[0x3b] lapic_id[0x76] disabled)
[    0.000000] ACPI: LAPIC (acpi_id[0x3c] lapic_id[0x78] disabled)
[    0.000000] ACPI: LAPIC (acpi_id[0x3d] lapic_id[0x7a] disabled)
[    0.000000] ACPI: LAPIC (acpi_id[0x3e] lapic_id[0x7c] disabled)
[    0.000000] ACPI: LAPIC (acpi_id[0x3f] lapic_id[0x7e] disabled)
[    0.000000] ACPI: LAPIC_NMI (acpi_id[0x00] high edge lint[0x1])
[    0.000000] ACPI: LAPIC_NMI (acpi_id[0x01] high edge lint[0x1])
[    0.000000] ACPI: LAPIC_NMI (acpi_id[0x02] high edge lint[0x1])
[    0.000000] ACPI: LAPIC_NMI (acpi_id[0x03] high edge lint[0x1])
[    0.000000] ACPI: LAPIC_NMI (acpi_id[0x04] high edge lint[0x1])
[    0.000000] ACPI: LAPIC_NMI (acpi_id[0x05] high edge lint[0x1])
[    0.000000] ACPI: LAPIC_NMI (acpi_id[0x06] high edge lint[0x1])
[    0.000000] ACPI: LAPIC_NMI (acpi_id[0x07] high edge lint[0x1])
[    0.000000] ACPI: LAPIC_NMI (acpi_id[0x08] high edge lint[0x1])
[    0.000000] ACPI: LAPIC_NMI (acpi_id[0x09] high edge lint[0x1])
[    0.000000] ACPI: LAPIC_NMI (acpi_id[0x0a] high edge lint[0x1])
[    0.000000] ACPI: LAPIC_NMI (acpi_id[0x0b] high edge lint[0x1])
[    0.000000] ACPI: LAPIC_NMI (acpi_id[0x0c] high edge lint[0x1])
[    0.000000] ACPI: LAPIC_NMI (acpi_id[0x0d] high edge lint[0x1])
[    0.000000] ACPI: LAPIC_NMI (acpi_id[0x0e] high edge lint[0x1])
[    0.000000] ACPI: LAPIC_NMI (acpi_id[0x0f] high edge lint[0x1])
[    0.000000] ACPI: LAPIC_NMI (acpi_id[0x10] high edge lint[0x1])
[    0.000000] ACPI: LAPIC_NMI (acpi_id[0x11] high edge lint[0x1])
[    0.000000] ACPI: LAPIC_NMI (acpi_id[0x12] high edge lint[0x1])
[    0.000000] ACPI: LAPIC_NMI (acpi_id[0x13] high edge lint[0x1])
[    0.000000] ACPI: LAPIC_NMI (acpi_id[0x14] high edge lint[0x1])
[    0.000000] ACPI: LAPIC_NMI (acpi_id[0x15] high edge lint[0x1])
[    0.000000] ACPI: LAPIC_NMI (acpi_id[0x16] high edge lint[0x1])
[    0.000000] ACPI: LAPIC_NMI (acpi_id[0x17] high edge lint[0x1])
[    0.000000] ACPI: LAPIC_NMI (acpi_id[0x18] high edge lint[0x1])
[    0.000000] ACPI: LAPIC_NMI (acpi_id[0x19] high edge lint[0x1])
[    0.000000] ACPI: LAPIC_NMI (acpi_id[0x1a] high edge lint[0x1])
[    0.000000] ACPI: LAPIC_NMI (acpi_id[0x1b] high edge lint[0x1])
[    0.000000] ACPI: LAPIC_NMI (acpi_id[0x1c] high edge lint[0x1])
[    0.000000] ACPI: LAPIC_NMI (acpi_id[0x1d] high edge lint[0x1])
[    0.000000] ACPI: LAPIC_NMI (acpi_id[0x1e] high edge lint[0x1])
[    0.000000] ACPI: LAPIC_NMI (acpi_id[0x1f] high edge lint[0x1])
[    0.000000] ACPI: LAPIC_NMI (acpi_id[0x20] high edge lint[0x1])
[    0.000000] ACPI: LAPIC_NMI (acpi_id[0x21] high edge lint[0x1])
[    0.000000] ACPI: LAPIC_NMI (acpi_id[0x22] high edge lint[0x1])
[    0.000000] ACPI: LAPIC_NMI (acpi_id[0x23] high edge lint[0x1])
[    0.000000] ACPI: LAPIC_NMI (acpi_id[0x24] high edge lint[0x1])
[    0.000000] ACPI: LAPIC_NMI (acpi_id[0x25] high edge lint[0x1])
[    0.000000] ACPI: LAPIC_NMI (acpi_id[0x26] high edge lint[0x1])
[    0.000000] ACPI: LAPIC_NMI (acpi_id[0x27] high edge lint[0x1])
[    0.000000] ACPI: LAPIC_NMI (acpi_id[0x28] high edge lint[0x1])
[    0.000000] ACPI: LAPIC_NMI (acpi_id[0x29] high edge lint[0x1])
[    0.000000] ACPI: LAPIC_NMI (acpi_id[0x2a] high edge lint[0x1])
[    0.000000] ACPI: LAPIC_NMI (acpi_id[0x2b] high edge lint[0x1])
[    0.000000] ACPI: LAPIC_NMI (acpi_id[0x2c] high edge lint[0x1])
[    0.000000] ACPI: LAPIC_NMI (acpi_id[0x2d] high edge lint[0x1])
[    0.000000] ACPI: LAPIC_NMI (acpi_id[0x2e] high edge lint[0x1])
[    0.000000] ACPI: LAPIC_NMI (acpi_id[0x2f] high edge lint[0x1])
[    0.000000] ACPI: LAPIC_NMI (acpi_id[0x30] high edge lint[0x1])
[    0.000000] ACPI: LAPIC_NMI (acpi_id[0x31] high edge lint[0x1])
[    0.000000] ACPI: LAPIC_NMI (acpi_id[0x32] high edge lint[0x1])
[    0.000000] ACPI: LAPIC_NMI (acpi_id[0x33] high edge lint[0x1])
[    0.000000] ACPI: LAPIC_NMI (acpi_id[0x34] high edge lint[0x1])
[    0.000000] ACPI: LAPIC_NMI (acpi_id[0x35] high edge lint[0x1])
[    0.000000] ACPI: LAPIC_NMI (acpi_id[0x36] high edge lint[0x1])
[    0.000000] ACPI: LAPIC_NMI (acpi_id[0x37] high edge lint[0x1])
[    0.000000] ACPI: LAPIC_NMI (acpi_id[0x38] high edge lint[0x1])
[    0.000000] ACPI: LAPIC_NMI (acpi_id[0x39] high edge lint[0x1])
[    0.000000] ACPI: LAPIC_NMI (acpi_id[0x3a] high edge lint[0x1])
[    0.000000] ACPI: LAPIC_NMI (acpi_id[0x3b] high edge lint[0x1])
[    0.000000] ACPI: LAPIC_NMI (acpi_id[0x3c] high edge lint[0x1])
[    0.000000] ACPI: LAPIC_NMI (acpi_id[0x3d] high edge lint[0x1])
[    0.000000] ACPI: LAPIC_NMI (acpi_id[0x3e] high edge lint[0x1])
[    0.000000] ACPI: LAPIC_NMI (acpi_id[0x3f] high edge lint[0x1])
[    0.000000] ACPI: Skipping IOAPIC probe due to 'noapic' option.
[    0.000000] Using ACPI for processor (LAPIC) configuration information
[    0.000000] ACPI: HPET id: 0x8086af01 base: 0xfed00000
[    0.000000] Intel MultiProcessor Specification v1.4
[    0.000000]     Virtual Wire compatibility mode.
[    0.000000] MPTABLE: OEM ID: INTEL   
[    0.000000] MPTABLE: Product ID: 440BX       
[    0.000000] MPTABLE: APIC at: 0xFEE00000
[    0.000000] I/O APIC #1 Version 17 at 0xFEC00000.
[    0.000000] Processors: 1
[    0.000000] 64 Processors exceeds NR_CPUS limit of 8
[    0.000000] SMP: Allowing 8 CPUs, 7 hotplug CPUs
[    0.000000] nr_irqs_gsi: 24
[    0.000000] PM: Registered nosave memory: 000000000009f000 - 00000000000a0000
[    0.000000] PM: Registered nosave memory: 00000000000a0000 - 00000000000ca000
[    0.000000] PM: Registered nosave memory: 00000000000ca000 - 00000000000cc000
[    0.000000] PM: Registered nosave memory: 00000000000cc000 - 00000000000dc000
[    0.000000] PM: Registered nosave memory: 00000000000dc000 - 0000000000100000
[    0.000000] Allocating PCI resources starting at 40000000 (gap: 40000000:a0000000)
[    0.000000] Booting paravirtualized kernel on bare hardware
[    0.000000] NR_CPUS:8 nr_cpumask_bits:8 nr_cpu_ids:8 nr_node_ids:1
[    0.000000] PERCPU: Embedded 15 pages/cpu @c2400000 s39320 r0 d22120 u262144
[    0.000000] pcpu-alloc: s39320 r0 d22120 u262144 alloc=1*2097152
[    0.000000] pcpu-alloc: [0] 0 1 2 3 4 5 6 7 
[    0.000000] Built 1 zonelists in Zone order, mobility grouping on.  Total pages: 259950
[    0.000000] Kernel command line: BOOT_IMAGE=/boot/vmlinuz-2.6.32.57 root=UUID=007b598c-390d-4c65-84a1-4ff752d48633 ro quiet splash maxcpus=0
[    0.000000] PID hash table entries: 4096 (order: 2, 16384 bytes)
[    0.000000] Dentry cache hash table entries: 131072 (order: 7, 524288 bytes)
[    0.000000] Inode-cache hash table entries: 65536 (order: 6, 262144 bytes)
[    0.000000] Enabling fast FPU save and restore... done.
[    0.000000] Enabling unmasked SIMD FPU exception support... done.
[    0.000000] Initializing CPU#0
[    0.000000] xsave/xrstor: enabled xstate_bv 0x7, cntxt size 0x340
[    0.000000] allocated 5242560 bytes of page_cgroup
[    0.000000] please try 'cgroup_disable=memory' option if you don't want memory cgroups
[    0.000000] Initializing HighMem for node 0 (000379fe:00040000)
[    0.000000] Memory: 938260k/1048576k available (4839k kernel code, 108848k reserved, 2518k data, 652k init, 137096k highmem)
[    0.000000] virtual kernel memory layout:
[    0.000000]     fixmap  : 0xfff1e000 - 0xfffff000   ( 900 kB)
[    0.000000]     pkmap   : 0xffa00000 - 0xffc00000   (2048 kB)
[    0.000000]     vmalloc : 0xf81fe000 - 0xff9fe000   ( 120 MB)
[    0.000000]     lowmem  : 0xc0000000 - 0xf79fe000   ( 889 MB)
[    0.000000]       .init : 0xc1730000 - 0xc17d3000   ( 652 kB)
[    0.000000]       .data : 0xc14b9cce - 0xc172f764   (2518 kB)
[    0.000000]       .text : 0xc1000000 - 0xc14b9cce   (4839 kB)
[    0.000000] Checking if this processor honours the WP bit even in supervisor mode...Ok.
[    0.000000] SLUB: Genslabs=13, HWalign=64, Order=0-3, MinObjects=0, CPUs=8, Nodes=1
[    0.000000] Hierarchical RCU implementation.
[    0.000000] NR_IRQS:2304 nr_irqs:472
[    0.000000] Extended CMOS year: 2000
[    0.000000] Console: colour VGA+ 80x25
[    0.000000] console [tty0] enabled
[    0.000000] hpet clockevent registered
[    0.000000] TSC freq read from hypervisor : 2394.620 MHz
[    0.000000] Detected 2394.620 MHz processor.
[    0.000003] Calibrating delay loop (skipped) preset value.. 4789.24 BogoMIPS (lpj=9578480)
[    0.000012] Security Framework initialized
[    0.000015] SELinux:  Disabled at boot.
[    0.000019] Mount-cache hash table entries: 512
[    0.000122] Initializing cgroup subsys cpuacct
[    0.000125] Initializing cgroup subsys memory
[    0.000129] Initializing cgroup subsys devices
[    0.000130] Initializing cgroup subsys freezer
[    0.000158] CPU: Physical Processor ID: 0
[    0.000165] CPU: L1 I cache: 32K, L1 D cache: 32K
[    0.000166] CPU: L2 cache: 256K
[    0.000167] CPU: L3 cache: 4096K
[    0.000173] mce: CPU supports 0 MCE banks
[    0.000186] Performance Events: no PMU driver, software events only.
[    0.000196] Checking 'hlt' instruction... OK.
[    0.018252] SMP alternatives: switching to UP code
[    0.032955] ACPI: Core revision 20090903
[    0.039214] ACPI: setting ELCR to 0200 (from 0e20)
[    0.040318] ftrace: converting mcount calls to 0f 1f 44 00 00
[    0.040324] ftrace: allocating 22631 entries in 45 pages
[    0.057931] CANARY value: 3a614238 for PID: 1
[    0.057962] Not enabling x2apic, Intr-remapping init failed.
[    0.057963] Enabling APIC mode:  Flat.  Using 1 I/O APICs
[    0.057971] SMP mode deactivated.
[    0.057996] SMP disabled
[    0.058051] Brought up 1 CPUs
[    0.058053] Total of 1 processors activated (4789.24 BogoMIPS).
[    0.058057] CPU0 attaching NULL sched-domain.
[    0.058127] devtmpfs: initialized
[    0.058234] sysctl table check failed: /kernel/random/now_input .1.40.7 Unknown sysctl binary path
[    0.058475] Pid: 1, comm: swapper Not tainted 2.6.32.57 #4
[    0.058476] Call Trace:
[    0.058480]  [<c14a8a0e>] ? printk+0x1d/0x1f
[    0.058483]  [<c107b56f>] set_fail+0x4f/0x60
[    0.058485]  [<c107b8b3>] sysctl_check_table+0x333/0x620
[    0.058487]  [<c107b8cc>] sysctl_check_table+0x34c/0x620
[    0.058488]  [<c107b8cc>] sysctl_check_table+0x34c/0x620
[    0.058492]  [<c1746d48>] sysctl_init+0x25/0x29
[    0.058494]  [<c1003042>] do_one_initcall+0x32/0x1a0
[    0.058496]  [<c1746d23>] ? sysctl_init+0x0/0x29
[    0.058498]  [<c17308e7>] kernel_init+0x12d/0x17a
[    0.058500]  [<c17307ba>] ? kernel_init+0x0/0x17a
[    0.058502]  [<c1009b07>] kernel_thread_helper+0x7/0x10
[    0.058504] sysctl table check failed: /kernel/random/now_blocking .1.40.8 Unknown sysctl binary path
[    0.058772] Pid: 1, comm: swapper Not tainted 2.6.32.57 #4
[    0.058773] Call Trace:
[    0.058775]  [<c14a8a0e>] ? printk+0x1d/0x1f
[    0.058777]  [<c107b56f>] set_fail+0x4f/0x60
[    0.058779]  [<c107b8b3>] sysctl_check_table+0x333/0x620
[    0.058780]  [<c107b8cc>] sysctl_check_table+0x34c/0x620
[    0.058782]  [<c107b8cc>] sysctl_check_table+0x34c/0x620
[    0.058785]  [<c1746d48>] sysctl_init+0x25/0x29
[    0.058786]  [<c1003042>] do_one_initcall+0x32/0x1a0
[    0.058788]  [<c1746d23>] ? sysctl_init+0x0/0x29
[    0.058790]  [<c17308e7>] kernel_init+0x12d/0x17a
[    0.058792]  [<c17307ba>] ? kernel_init+0x0/0x17a
[    0.058793]  [<c1009b07>] kernel_thread_helper+0x7/0x10
[    0.058795] sysctl table check failed: /kernel/random/now_nonblocking .1.40.9 Unknown sysctl binary path
[    0.059035] Pid: 1, comm: swapper Not tainted 2.6.32.57 #4
[    0.059036] Call Trace:
[    0.059038]  [<c14a8a0e>] ? printk+0x1d/0x1f
[    0.059039]  [<c107b56f>] set_fail+0x4f/0x60
[    0.059041]  [<c107b8b3>] sysctl_check_table+0x333/0x620
[    0.059042]  [<c107b8cc>] sysctl_check_table+0x34c/0x620
[    0.059044]  [<c107b8cc>] sysctl_check_table+0x34c/0x620
[    0.059046]  [<c1746d48>] sysctl_init+0x25/0x29
[    0.059047]  [<c1003042>] do_one_initcall+0x32/0x1a0
[    0.059049]  [<c1746d23>] ? sysctl_init+0x0/0x29
[    0.059051]  [<c17308e7>] kernel_init+0x12d/0x17a
[    0.059052]  [<c17307ba>] ? kernel_init+0x0/0x17a
[    0.059054]  [<c1009b07>] kernel_thread_helper+0x7/0x10
[    0.059055] sysctl table check failed: /kernel/random/nb_input_bytes .1.40.10 Unknown sysctl binary path
[    0.059286] Pid: 1, comm: swapper Not tainted 2.6.32.57 #4
[    0.059286] Call Trace:
[    0.059288]  [<c14a8a0e>] ? printk+0x1d/0x1f
[    0.059289]  [<c107b56f>] set_fail+0x4f/0x60
[    0.059290]  [<c107b8b3>] sysctl_check_table+0x333/0x620
[    0.059292]  [<c107b8cc>] sysctl_check_table+0x34c/0x620
[    0.059294]  [<c107b8cc>] sysctl_check_table+0x34c/0x620
[    0.059296]  [<c1746d48>] sysctl_init+0x25/0x29
[    0.059297]  [<c1003042>] do_one_initcall+0x32/0x1a0
[    0.059299]  [<c1746d23>] ? sysctl_init+0x0/0x29
[    0.059301]  [<c17308e7>] kernel_init+0x12d/0x17a
[    0.059302]  [<c17307ba>] ? kernel_init+0x0/0x17a
[    0.059304]  [<c1009b07>] kernel_thread_helper+0x7/0x10
[    0.059305] sysctl table check failed: /kernel/random/nb_stir_count .1.40.11 Unknown sysctl binary path
[    0.059534] Pid: 1, comm: swapper Not tainted 2.6.32.57 #4
[    0.059535] Call Trace:
[    0.059537]  [<c14a8a0e>] ? printk+0x1d/0x1f
[    0.059538]  [<c107b56f>] set_fail+0x4f/0x60
[    0.059540]  [<c107b8b3>] sysctl_check_table+0x333/0x620
[    0.059541]  [<c107b8cc>] sysctl_check_table+0x34c/0x620
[    0.059543]  [<c107b8cc>] sysctl_check_table+0x34c/0x620
[    0.059545]  [<c1746d48>] sysctl_init+0x25/0x29
[    0.059546]  [<c1003042>] do_one_initcall+0x32/0x1a0
[    0.059549]  [<c1746d23>] ? sysctl_init+0x0/0x29
[    0.059550]  [<c17308e7>] kernel_init+0x12d/0x17a
[    0.059551]  [<c17307ba>] ? kernel_init+0x0/0x17a
[    0.059553]  [<c1009b07>] kernel_thread_helper+0x7/0x10
[    0.059554] sysctl table check failed: /kernel/random/nb_reentry_count .1.40.12 Unknown sysctl binary path
[    0.059834] Pid: 1, comm: swapper Not tainted 2.6.32.57 #4
[    0.059835] Call Trace:
[    0.059837]  [<c14a8a0e>] ? printk+0x1d/0x1f
[    0.059838]  [<c107b56f>] set_fail+0x4f/0x60
[    0.059840]  [<c107b8b3>] sysctl_check_table+0x333/0x620
[    0.059841]  [<c107b8cc>] sysctl_check_table+0x34c/0x620
[    0.059843]  [<c107b8cc>] sysctl_check_table+0x34c/0x620
[    0.059846]  [<c1746d48>] sysctl_init+0x25/0x29
[    0.059847]  [<c1003042>] do_one_initcall+0x32/0x1a0
[    0.059849]  [<c1746d23>] ? sysctl_init+0x0/0x29
[    0.059851]  [<c17308e7>] kernel_init+0x12d/0x17a
[    0.059853]  [<c17307ba>] ? kernel_init+0x0/0x17a
[    0.059854]  [<c1009b07>] kernel_thread_helper+0x7/0x10
[    0.059975] RANDOM - __seed init called.
[    0.059976] RANDOM - __seed init called.
[    0.059977] RANDOM - __seed init called.
[    0.059978] RANDOM - __random32 called. Change num 1.  Value: 865378fd	b53d80db	1f8ba37e
[    0.059980] RANDOM - __random32 called. Change num 2.  Value: 378fdd29	53d80db0	46fc7ad7
[    0.059990] RANDOM - __random32 called. Change num 3.  Value: fdd29985	3d80db0e	f5ae23f5
[    0.059991] RANDOM - __random32 called. Change num 4.  Value: 299855dc	d80db0e5	47eb1be7
[    0.059993] RANDOM - __random32 called. Change num 5.  Value: 855dc464	80db0e5c	37cf1678
[    0.059994] RANDOM - __random32 called. Change num 6.  Value: dc4647ba	db0e5c1	2cf136f4
[    0.059995] RANDOM - random32 init called.  Value: dc4647ba	db0e5c1	2cf136f4
[    0.060001] regulator: core version 0.5
[    0.060079] Time:  1:12:31  Date: 05/25/13
[    0.060115] NET: Registered protocol family 16
[    0.060179] EISA bus registered
[    0.060953] ACPI: bus type pci registered
[    0.061058] PCI: MCFG configuration 0: base e0000000 segment 0 buses 0 - 255
[    0.061060] PCI: MCFG area at e0000000 reserved in E820
[    0.061061] PCI: Using MMCONFIG for extended config space
[    0.061062] PCI: Using configuration type 1 for base access
[    0.061544] bio: create slab <bio-0> at 0
[    0.062796] ACPI: EC: Look up EC in DSDT
[    0.099995] ACPI: BIOS _OSI(Linux) query ignored
[    0.106213] ACPI: Interpreter enabled
[    0.106217] ACPI: (supports S0 S1 S4 S5)
[    0.106229] ACPI: Using PIC for interrupt routing
[    0.188978] ACPI: No dock devices found.
[    0.189804] ACPI: PCI Root Bridge [PCI0] (0000:00)
[    0.191439] pci 0000:00:07.1: reg 20 io port: [0x10c0-0x10cf]
[    0.192012] pci 0000:00:07.3: quirk: region 1000-103f claimed by PIIX4 ACPI
[    0.192025] pci 0000:00:07.3: quirk: region 1040-104f claimed by PIIX4 SMB
[    0.192623] pci 0000:00:07.7: reg 10 io port: [0x1080-0x10bf]
[    0.193034] pci 0000:00:07.7: reg 14 64bit mmio: [0xc8000000-0xc8001fff]
[    0.194216] pci 0000:00:0f.0: reg 10 io port: [0x10d0-0x10df]
[    0.194256] pci 0000:00:0f.0: reg 14 32bit mmio pref: [0xd0000000-0xd7ffffff]
[    0.194296] pci 0000:00:0f.0: reg 18 32bit mmio: [0xc8800000-0xc8ffffff]
[    0.194448] pci 0000:00:0f.0: reg 30 32bit mmio pref: [0x000000-0x007fff]
[    0.195034] pci 0000:00:10.0: reg 10 io port: [0x1400-0x14ff]
[    0.195395] pci 0000:00:10.0: reg 14 64bit mmio: [0xc8040000-0xc805ffff]
[    0.195783] pci 0000:00:10.0: reg 1c 64bit mmio: [0xc8020000-0xc803ffff]
[    0.195862] pci 0000:00:10.0: reg 30 32bit mmio pref: [0x000000-0x003fff]
[    0.197310] pci 0000:00:15.0: PME# supported from D0 D3hot D3cold
[    0.197331] pci 0000:00:15.0: PME# disabled
[    0.198255] pci 0000:00:15.1: PME# supported from D0 D3hot D3cold
[    0.198276] pci 0000:00:15.1: PME# disabled
[    0.199202] pci 0000:00:15.2: PME# supported from D0 D3hot D3cold
[    0.199223] pci 0000:00:15.2: PME# disabled
[    0.200175] pci 0000:00:15.3: PME# supported from D0 D3hot D3cold
[    0.200195] pci 0000:00:15.3: PME# disabled
[    0.201118] pci 0000:00:15.4: PME# supported from D0 D3hot D3cold
[    0.201139] pci 0000:00:15.4: PME# disabled
[    0.202061] pci 0000:00:15.5: PME# supported from D0 D3hot D3cold
[    0.202082] pci 0000:00:15.5: PME# disabled
[    0.203021] pci 0000:00:15.6: PME# supported from D0 D3hot D3cold
[    0.203041] pci 0000:00:15.6: PME# disabled
[    0.203976] pci 0000:00:15.7: PME# supported from D0 D3hot D3cold
[    0.203997] pci 0000:00:15.7: PME# disabled
[    0.204914] pci 0000:00:16.0: PME# supported from D0 D3hot D3cold
[    0.204935] pci 0000:00:16.0: PME# disabled
[    0.205858] pci 0000:00:16.1: PME# supported from D0 D3hot D3cold
[    0.205879] pci 0000:00:16.1: PME# disabled
[    0.206837] pci 0000:00:16.2: PME# supported from D0 D3hot D3cold
[    0.206860] pci 0000:00:16.2: PME# disabled
[    0.207744] pci 0000:00:16.3: PME# supported from D0 D3hot D3cold
[    0.207765] pci 0000:00:16.3: PME# disabled
[    0.208626] pci 0000:00:16.4: PME# supported from D0 D3hot D3cold
[    0.208646] pci 0000:00:16.4: PME# disabled
[    0.209500] pci 0000:00:16.5: PME# supported from D0 D3hot D3cold
[    0.209520] pci 0000:00:16.5: PME# disabled
[    0.210371] pci 0000:00:16.6: PME# supported from D0 D3hot D3cold
[    0.210391] pci 0000:00:16.6: PME# disabled
[    0.211274] pci 0000:00:16.7: PME# supported from D0 D3hot D3cold
[    0.211294] pci 0000:00:16.7: PME# disabled
[    0.212157] pci 0000:00:17.0: PME# supported from D0 D3hot D3cold
[    0.212177] pci 0000:00:17.0: PME# disabled
[    0.213037] pci 0000:00:17.1: PME# supported from D0 D3hot D3cold
[    0.213057] pci 0000:00:17.1: PME# disabled
[    0.213909] pci 0000:00:17.2: PME# supported from D0 D3hot D3cold
[    0.213929] pci 0000:00:17.2: PME# disabled
[    0.214813] pci 0000:00:17.3: PME# supported from D0 D3hot D3cold
[    0.214833] pci 0000:00:17.3: PME# disabled
[    0.215704] pci 0000:00:17.4: PME# supported from D0 D3hot D3cold
[    0.215724] pci 0000:00:17.4: PME# disabled
[    0.216582] pci 0000:00:17.5: PME# supported from D0 D3hot D3cold
[    0.216602] pci 0000:00:17.5: PME# disabled
[    0.217455] pci 0000:00:17.6: PME# supported from D0 D3hot D3cold
[    0.217475] pci 0000:00:17.6: PME# disabled
[    0.218330] pci 0000:00:17.7: PME# supported from D0 D3hot D3cold
[    0.218350] pci 0000:00:17.7: PME# disabled
[    0.219257] pci 0000:00:18.0: PME# supported from D0 D3hot D3cold
[    0.219277] pci 0000:00:18.0: PME# disabled
[    0.220147] pci 0000:00:18.1: PME# supported from D0 D3hot D3cold
[    0.220167] pci 0000:00:18.1: PME# disabled
[    0.221023] pci 0000:00:18.2: PME# supported from D0 D3hot D3cold
[    0.221043] pci 0000:00:18.2: PME# disabled
[    0.221897] pci 0000:00:18.3: PME# supported from D0 D3hot D3cold
[    0.221917] pci 0000:00:18.3: PME# disabled
[    0.222797] pci 0000:00:18.4: PME# supported from D0 D3hot D3cold
[    0.222817] pci 0000:00:18.4: PME# disabled
[    0.223729] pci 0000:00:18.5: PME# supported from D0 D3hot D3cold
[    0.223751] pci 0000:00:18.5: PME# disabled
[    0.224692] pci 0000:00:18.6: PME# supported from D0 D3hot D3cold
[    0.224714] pci 0000:00:18.6: PME# disabled
[    0.225633] pci 0000:00:18.7: PME# supported from D0 D3hot D3cold
[    0.225654] pci 0000:00:18.7: PME# disabled
[    0.226802] pci 0000:02:00.0: reg 20 io port: [0x20c0-0x20df]
[    0.227294] pci 0000:02:01.0: reg 10 io port: [0x2000-0x207f]
[    0.227536] pci 0000:02:01.0: reg 30 32bit mmio pref: [0x000000-0x00ffff]
[    0.228101] pci 0000:02:02.0: reg 10 io port: [0x2080-0x20bf]
[    0.228728] pci 0000:02:03.0: reg 10 32bit mmio: [0xc9000000-0xc9000fff]
[    0.229329] pci 0000:00:11.0: transparent bridge
[    0.229350] pci 0000:00:11.0: bridge io port: [0x2000-0x3fff]
[    0.229371] pci 0000:00:11.0: bridge 32bit mmio: [0xc9000000-0xca3fffff]
[    0.229411] pci 0000:00:11.0: bridge 64bit mmio pref: [0xd8400000-0xd89fffff]
[    0.229825] pci 0000:00:15.0: bridge io port: [0x4000-0x4fff]
[    0.229846] pci 0000:00:15.0: bridge 32bit mmio: [0xca400000-0xca4fffff]
[    0.229885] pci 0000:00:15.0: bridge 64bit mmio pref: [0xd8a00000-0xd8afffff]
[    0.230261] pci 0000:00:15.1: bridge io port: [0x8000-0x8fff]
[    0.230282] pci 0000:00:15.1: bridge 32bit mmio: [0xca800000-0xca8fffff]
[    0.230322] pci 0000:00:15.1: bridge 64bit mmio pref: [0xd8e00000-0xd8efffff]
[    0.230723] pci 0000:00:15.2: bridge io port: [0xc000-0xcfff]
[    0.230744] pci 0000:00:15.2: bridge 32bit mmio: [0xcac00000-0xcacfffff]
[    0.230784] pci 0000:00:15.2: bridge 64bit mmio pref: [0xd9200000-0xd92fffff]
[    0.231183] pci 0000:00:15.3: bridge 32bit mmio: [0xcb000000-0xcb0fffff]
[    0.231222] pci 0000:00:15.3: bridge 64bit mmio pref: [0xd9600000-0xd96fffff]
[    0.231653] pci 0000:00:15.4: bridge 32bit mmio: [0xcb400000-0xcb4fffff]
[    0.231693] pci 0000:00:15.4: bridge 64bit mmio pref: [0xd9a00000-0xd9afffff]
[    0.232088] pci 0000:00:15.5: bridge 32bit mmio: [0xcb800000-0xcb8fffff]
[    0.232127] pci 0000:00:15.5: bridge 64bit mmio pref: [0xd9e00000-0xd9efffff]
[    0.232535] pci 0000:00:15.6: bridge 32bit mmio: [0xcbc00000-0xcbcfffff]
[    0.232578] pci 0000:00:15.6: bridge 64bit mmio pref: [0xda200000-0xda2fffff]
[    0.233007] pci 0000:00:15.7: bridge 32bit mmio: [0xcc000000-0xcc0fffff]
[    0.233046] pci 0000:00:15.7: bridge 64bit mmio pref: [0xda600000-0xda6fffff]
[    0.233422] pci 0000:00:16.0: bridge io port: [0x5000-0x5fff]
[    0.233443] pci 0000:00:16.0: bridge 32bit mmio: [0xca500000-0xca5fffff]
[    0.233494] pci 0000:00:16.0: bridge 64bit mmio pref: [0xd8b00000-0xd8bfffff]
[    0.233907] pci 0000:00:16.1: bridge io port: [0x9000-0x9fff]
[    0.233928] pci 0000:00:16.1: bridge 32bit mmio: [0xca900000-0xca9fffff]
[    0.233968] pci 0000:00:16.1: bridge 64bit mmio pref: [0xd8f00000-0xd8ffffff]
[    0.234343] pci 0000:00:16.2: bridge io port: [0xd000-0xdfff]
[    0.234364] pci 0000:00:16.2: bridge 32bit mmio: [0xcad00000-0xcadfffff]
[    0.234403] pci 0000:00:16.2: bridge 64bit mmio pref: [0xd9300000-0xd93fffff]
[    0.234829] pci 0000:00:16.3: bridge 32bit mmio: [0xcb100000-0xcb1fffff]
[    0.234869] pci 0000:00:16.3: bridge 64bit mmio pref: [0xd9700000-0xd97fffff]
[    0.235262] pci 0000:00:16.4: bridge 32bit mmio: [0xcb500000-0xcb5fffff]
[    0.235302] pci 0000:00:16.4: bridge 64bit mmio pref: [0xd9b00000-0xd9bfffff]
[    0.235732] pci 0000:00:16.5: bridge 32bit mmio: [0xcb900000-0xcb9fffff]
[    0.235772] pci 0000:00:16.5: bridge 64bit mmio pref: [0xd9f00000-0xd9ffffff]
[    0.236165] pci 0000:00:16.6: bridge 32bit mmio: [0xcbd00000-0xcbdfffff]
[    0.236205] pci 0000:00:16.6: bridge 64bit mmio pref: [0xda300000-0xda3fffff]
[    0.236626] pci 0000:00:16.7: bridge 32bit mmio: [0xcc100000-0xcc1fffff]
[    0.236666] pci 0000:00:16.7: bridge 64bit mmio pref: [0xda700000-0xda7fffff]
[    0.237040] pci 0000:00:17.0: bridge io port: [0x6000-0x6fff]
[    0.237060] pci 0000:00:17.0: bridge 32bit mmio: [0xca600000-0xca6fffff]
[    0.237100] pci 0000:00:17.0: bridge 64bit mmio pref: [0xd8c00000-0xd8cfffff]
[    0.237492] pci 0000:00:17.1: bridge io port: [0xa000-0xafff]
[    0.237514] pci 0000:00:17.1: bridge 32bit mmio: [0xcaa00000-0xcaafffff]
[    0.237563] pci 0000:00:17.1: bridge 64bit mmio pref: [0xd9000000-0xd90fffff]
[    0.237938] pci 0000:00:17.2: bridge io port: [0xe000-0xefff]
[    0.237959] pci 0000:00:17.2: bridge 32bit mmio: [0xcae00000-0xcaefffff]
[    0.237998] pci 0000:00:17.2: bridge 64bit mmio pref: [0xd9400000-0xd94fffff]
[    0.238391] pci 0000:00:17.3: bridge 32bit mmio: [0xcb200000-0xcb2fffff]
[    0.238431] pci 0000:00:17.3: bridge 64bit mmio pref: [0xd9800000-0xd98fffff]
[    0.238857] pci 0000:00:17.4: bridge 32bit mmio: [0xcb600000-0xcb6fffff]
[    0.238896] pci 0000:00:17.4: bridge 64bit mmio pref: [0xd9c00000-0xd9cfffff]
[    0.239289] pci 0000:00:17.5: bridge 32bit mmio: [0xcba00000-0xcbafffff]
[    0.239328] pci 0000:00:17.5: bridge 64bit mmio pref: [0xda000000-0xda0fffff]
[    0.239751] pci 0000:00:17.6: bridge 32bit mmio: [0xcbe00000-0xcbefffff]
[    0.239791] pci 0000:00:17.6: bridge 64bit mmio pref: [0xda400000-0xda4fffff]
[    0.240185] pci 0000:00:17.7: bridge 32bit mmio: [0xcc200000-0xcc2fffff]
[    0.240224] pci 0000:00:17.7: bridge 64bit mmio pref: [0xda800000-0xda8fffff]
[    0.240627] pci 0000:00:18.0: bridge io port: [0x7000-0x7fff]
[    0.240648] pci 0000:00:18.0: bridge 32bit mmio: [0xca700000-0xca7fffff]
[    0.240688] pci 0000:00:18.0: bridge 64bit mmio pref: [0xd8d00000-0xd8dfffff]
[    0.241063] pci 0000:00:18.1: bridge io port: [0xb000-0xbfff]
[    0.241084] pci 0000:00:18.1: bridge 32bit mmio: [0xcab00000-0xcabfffff]
[    0.241123] pci 0000:00:18.1: bridge 64bit mmio pref: [0xd9100000-0xd91fffff]
[    0.241519] pci 0000:00:18.2: bridge io port: [0xf000-0xffff]
[    0.241540] pci 0000:00:18.2: bridge 32bit mmio: [0xcaf00000-0xcaffffff]
[    0.241579] pci 0000:00:18.2: bridge 64bit mmio pref: [0xd9500000-0xd95fffff]
[    0.241973] pci 0000:00:18.3: bridge 32bit mmio: [0xcb300000-0xcb3fffff]
[    0.242013] pci 0000:00:18.3: bridge 64bit mmio pref: [0xd9900000-0xd99fffff]
[    0.242407] pci 0000:00:18.4: bridge 32bit mmio: [0xcb700000-0xcb7fffff]
[    0.242455] pci 0000:00:18.4: bridge 64bit mmio pref: [0xd9d00000-0xd9dfffff]
[    0.242885] pci 0000:00:18.5: bridge 32bit mmio: [0xcbb00000-0xcbbfffff]
[    0.242924] pci 0000:00:18.5: bridge 64bit mmio pref: [0xda100000-0xda1fffff]
[    0.243317] pci 0000:00:18.6: bridge 32bit mmio: [0xcbf00000-0xcbffffff]
[    0.243357] pci 0000:00:18.6: bridge 64bit mmio pref: [0xda500000-0xda5fffff]
[    0.243787] pci 0000:00:18.7: bridge 32bit mmio: [0xcc300000-0xcc3fffff]
[    0.243826] pci 0000:00:18.7: bridge 64bit mmio pref: [0xda900000-0xda9fffff]
[    0.245388] pci_bus 0000:00: on NUMA node 0
[    0.245395] ACPI: PCI Interrupt Routing Table [\_SB_.PCI0._PRT]
[    0.467378] ACPI: PCI Interrupt Link [LNKA] (IRQs 3 4 5 6 7 *9 10 11 14 15)
[    0.467534] ACPI: PCI Interrupt Link [LNKB] (IRQs 3 4 5 6 7 9 10 *11 14 15)
[    0.467685] ACPI: PCI Interrupt Link [LNKC] (IRQs 3 4 5 6 7 9 *10 11 14 15)
[    0.467834] ACPI: PCI Interrupt Link [LNKD] (IRQs 3 4 *5 6 7 9 10 11 14 15)
[    0.467970] vgaarb: device added: PCI:0000:00:0f.0,decodes=io+mem,owns=io+mem,locks=none
[    0.467980] vgaarb: loaded
[    0.468070] SCSI subsystem initialized
[    0.468114] libata version 3.00 loaded.
[    0.468166] usbcore: registered new interface driver usbfs
[    0.468177] usbcore: registered new interface driver hub
[    0.468193] usbcore: registered new device driver usb
[    0.468261] PCI: Using ACPI for IRQ routing
[    0.469227] NetLabel: Initializing
[    0.469228] NetLabel:  domain hash size = 128
[    0.469229] NetLabel:  protocols = UNLABELED CIPSOv4
[    0.469236] NetLabel:  unlabeled traffic allowed by default
[    0.469269] hpet0: at MMIO 0xfed00000, IRQs 2, 8, 0, 0, 0, 0, 0, 0, 0, 0, 0, 0, 0, 0, 0, 0
[    0.469275] hpet0: 16 comparators, 64-bit 14.318180 MHz counter
[    0.472315] Switching to clocksource tsc
[    0.480365] pnp: PnP ACPI init
[    0.480378] ACPI: bus type pnp registered
[    0.523644] pnp: PnP ACPI: found 14 devices
[    0.523646] ACPI: ACPI bus type pnp unregistered
[    0.523649] PnPBIOS: Disabled by ACPI PNP
[    0.523658] system 00:01: ioport range 0x1000-0x103f has been reserved
[    0.523660] system 00:01: ioport range 0x1040-0x104f has been reserved
[    0.523661] system 00:01: ioport range 0xcf0-0xcf1 has been reserved
[    0.523667] system 00:08: iomem range 0xfed00000-0xfed003ff has been reserved
[    0.523670] system 00:0d: ioport range 0x1060-0x107f has been reserved
[    0.523673] system 00:0d: iomem range 0xe0000000-0xefffffff has been reserved
[    0.523674] system 00:0d: iomem range 0xc8200000-0xc83fffff has been reserved
[    0.558392] pci 0000:00:15.3: BAR 13: can't allocate I/O resource [0x10000-0xffff]
[    0.558397] pci 0000:00:15.4: BAR 13: can't allocate I/O resource [0x10000-0xffff]
[    0.558400] pci 0000:00:15.5: BAR 13: can't allocate I/O resource [0x10000-0xffff]
[    0.558403] pci 0000:00:15.6: BAR 13: can't allocate I/O resource [0x10000-0xffff]
[    0.558406] pci 0000:00:15.7: BAR 13: can't allocate I/O resource [0x10000-0xffff]
[    0.558409] pci 0000:00:16.3: BAR 13: can't allocate I/O resource [0x10000-0xffff]
[    0.558411] pci 0000:00:16.4: BAR 13: can't allocate I/O resource [0x10000-0xffff]
[    0.558414] pci 0000:00:16.5: BAR 13: can't allocate I/O resource [0x10000-0xffff]
[    0.558417] pci 0000:00:16.6: BAR 13: can't allocate I/O resource [0x10000-0xffff]
[    0.558420] pci 0000:00:16.7: BAR 13: can't allocate I/O resource [0x10000-0xffff]
[    0.558423] pci 0000:00:17.3: BAR 13: can't allocate I/O resource [0x10000-0xffff]
[    0.558426] pci 0000:00:17.4: BAR 13: can't allocate I/O resource [0x10000-0xffff]
[    0.558428] pci 0000:00:17.5: BAR 13: can't allocate I/O resource [0x10000-0xffff]
[    0.558431] pci 0000:00:17.6: BAR 13: can't allocate I/O resource [0x10000-0xffff]
[    0.558434] pci 0000:00:17.7: BAR 13: can't allocate I/O resource [0x10000-0xffff]
[    0.558437] pci 0000:00:18.3: BAR 13: can't allocate I/O resource [0x10000-0xffff]
[    0.558440] pci 0000:00:18.4: BAR 13: can't allocate I/O resource [0x10000-0xffff]
[    0.558442] pci 0000:00:18.5: BAR 13: can't allocate I/O resource [0x10000-0xffff]
[    0.558445] pci 0000:00:18.6: BAR 13: can't allocate I/O resource [0x10000-0xffff]
[    0.558448] pci 0000:00:18.7: BAR 13: can't allocate I/O resource [0x10000-0xffff]
[    0.558450] pci 0000:00:01.0: PCI bridge, secondary bus 0000:01
[    0.558452] pci 0000:00:01.0:   IO window: disabled
[    0.558483] pci 0000:00:01.0:   MEM window: disabled
[    0.558533] pci 0000:00:01.0:   PREFETCH window: disabled
[    0.558575] pci 0000:00:11.0: PCI bridge, secondary bus 0000:02
[    0.558587] pci 0000:00:11.0:   IO window: 0x2000-0x3fff
[    0.558617] pci 0000:00:11.0:   MEM window: 0xc9000000-0xca3fffff
[    0.558638] pci 0000:00:11.0:   PREFETCH window: 0x000000d8400000-0x000000d89fffff
[    0.558676] pci 0000:00:15.0: PCI bridge, secondary bus 0000:03
[    0.558688] pci 0000:00:15.0:   IO window: 0x4000-0x4fff
[    0.558718] pci 0000:00:15.0:   MEM window: 0xca400000-0xca4fffff
[    0.558738] pci 0000:00:15.0:   PREFETCH window: 0x000000d8a00000-0x000000d8afffff
[    0.558789] pci 0000:00:15.1: PCI bridge, secondary bus 0000:04
[    0.558801] pci 0000:00:15.1:   IO window: 0x8000-0x8fff
[    0.558830] pci 0000:00:15.1:   MEM window: 0xca800000-0xca8fffff
[    0.558851] pci 0000:00:15.1:   PREFETCH window: 0x000000d8e00000-0x000000d8efffff
[    0.558893] pci 0000:00:15.2: PCI bridge, secondary bus 0000:05
[    0.558905] pci 0000:00:15.2:   IO window: 0xc000-0xcfff
[    0.558935] pci 0000:00:15.2:   MEM window: 0xcac00000-0xcacfffff
[    0.558955] pci 0000:00:15.2:   PREFETCH window: 0x000000d9200000-0x000000d92fffff
[    0.558998] pci 0000:00:15.3: PCI bridge, secondary bus 0000:06
[    0.558999] pci 0000:00:15.3:   IO window: disabled
[    0.559029] pci 0000:00:15.3:   MEM window: 0xcb000000-0xcb0fffff
[    0.559050] pci 0000:00:15.3:   PREFETCH window: 0x000000d9600000-0x000000d96fffff
[    0.559092] pci 0000:00:15.4: PCI bridge, secondary bus 0000:07
[    0.559094] pci 0000:00:15.4:   IO window: disabled
[    0.559124] pci 0000:00:15.4:   MEM window: 0xcb400000-0xcb4fffff
[    0.559144] pci 0000:00:15.4:   PREFETCH window: 0x000000d9a00000-0x000000d9afffff
[    0.559187] pci 0000:00:15.5: PCI bridge, secondary bus 0000:08
[    0.559188] pci 0000:00:15.5:   IO window: disabled
[    0.559218] pci 0000:00:15.5:   MEM window: 0xcb800000-0xcb8fffff
[    0.559238] pci 0000:00:15.5:   PREFETCH window: 0x000000d9e00000-0x000000d9efffff
[    0.559281] pci 0000:00:15.6: PCI bridge, secondary bus 0000:09
[    0.559283] pci 0000:00:15.6:   IO window: disabled
[    0.559312] pci 0000:00:15.6:   MEM window: 0xcbc00000-0xcbcfffff
[    0.559333] pci 0000:00:15.6:   PREFETCH window: 0x000000da200000-0x000000da2fffff
[    0.559375] pci 0000:00:15.7: PCI bridge, secondary bus 0000:0a
[    0.559377] pci 0000:00:15.7:   IO window: disabled
[    0.559407] pci 0000:00:15.7:   MEM window: 0xcc000000-0xcc0fffff
[    0.559427] pci 0000:00:15.7:   PREFETCH window: 0x000000da600000-0x000000da6fffff
[    0.559470] pci 0000:00:16.0: PCI bridge, secondary bus 0000:0b
[    0.559482] pci 0000:00:16.0:   IO window: 0x5000-0x5fff
[    0.559520] pci 0000:00:16.0:   MEM window: 0xca500000-0xca5fffff
[    0.559541] pci 0000:00:16.0:   PREFETCH window: 0x000000d8b00000-0x000000d8bfffff
[    0.559584] pci 0000:00:16.1: PCI bridge, secondary bus 0000:0c
[    0.559595] pci 0000:00:16.1:   IO window: 0x9000-0x9fff
[    0.559625] pci 0000:00:16.1:   MEM window: 0xca900000-0xca9fffff
[    0.559645] pci 0000:00:16.1:   PREFETCH window: 0x000000d8f00000-0x000000d8ffffff
[    0.559688] pci 0000:00:16.2: PCI bridge, secondary bus 0000:0d
[    0.559700] pci 0000:00:16.2:   IO window: 0xd000-0xdfff
[    0.559729] pci 0000:00:16.2:   MEM window: 0xcad00000-0xcadfffff
[    0.559750] pci 0000:00:16.2:   PREFETCH window: 0x000000d9300000-0x000000d93fffff
[    0.559792] pci 0000:00:16.3: PCI bridge, secondary bus 0000:0e
[    0.559794] pci 0000:00:16.3:   IO window: disabled
[    0.559823] pci 0000:00:16.3:   MEM window: 0xcb100000-0xcb1fffff
[    0.559844] pci 0000:00:16.3:   PREFETCH window: 0x000000d9700000-0x000000d97fffff
[    0.559886] pci 0000:00:16.4: PCI bridge, secondary bus 0000:0f
[    0.559888] pci 0000:00:16.4:   IO window: disabled
[    0.559918] pci 0000:00:16.4:   MEM window: 0xcb500000-0xcb5fffff
[    0.559938] pci 0000:00:16.4:   PREFETCH window: 0x000000d9b00000-0x000000d9bfffff
[    0.559981] pci 0000:00:16.5: PCI bridge, secondary bus 0000:10
[    0.559983] pci 0000:00:16.5:   IO window: disabled
[    0.560012] pci 0000:00:16.5:   MEM window: 0xcb900000-0xcb9fffff
[    0.560033] pci 0000:00:16.5:   PREFETCH window: 0x000000d9f00000-0x000000d9ffffff
[    0.560075] pci 0000:00:16.6: PCI bridge, secondary bus 0000:11
[    0.560077] pci 0000:00:16.6:   IO window: disabled
[    0.560106] pci 0000:00:16.6:   MEM window: 0xcbd00000-0xcbdfffff
[    0.560127] pci 0000:00:16.6:   PREFETCH window: 0x000000da300000-0x000000da3fffff
[    0.560169] pci 0000:00:16.7: PCI bridge, secondary bus 0000:12
[    0.560171] pci 0000:00:16.7:   IO window: disabled
[    0.560200] pci 0000:00:16.7:   MEM window: 0xcc100000-0xcc1fffff
[    0.560203] pci 0000:00:16.7:   PREFETCH window: 0x000000da700000-0x000000da7fffff
[    0.560272] pci 0000:00:17.0: PCI bridge, secondary bus 0000:13
[    0.560284] pci 0000:00:17.0:   IO window: 0x6000-0x6fff
[    0.560313] pci 0000:00:17.0:   MEM window: 0xca600000-0xca6fffff
[    0.560334] pci 0000:00:17.0:   PREFETCH window: 0x000000d8c00000-0x000000d8cfffff
[    0.560376] pci 0000:00:17.1: PCI bridge, secondary bus 0000:14
[    0.560388] pci 0000:00:17.1:   IO window: 0xa000-0xafff
[    0.560417] pci 0000:00:17.1:   MEM window: 0xcaa00000-0xcaafffff
[    0.560438] pci 0000:00:17.1:   PREFETCH window: 0x000000d9000000-0x000000d90fffff
[    0.560480] pci 0000:00:17.2: PCI bridge, secondary bus 0000:15
[    0.560504] pci 0000:00:17.2:   IO window: 0xe000-0xefff
[    0.560535] pci 0000:00:17.2:   MEM window: 0xcae00000-0xcaefffff
[    0.560555] pci 0000:00:17.2:   PREFETCH window: 0x000000d9400000-0x000000d94fffff
[    0.560598] pci 0000:00:17.3: PCI bridge, secondary bus 0000:16
[    0.560600] pci 0000:00:17.3:   IO window: disabled
[    0.560629] pci 0000:00:17.3:   MEM window: 0xcb200000-0xcb2fffff
[    0.560650] pci 0000:00:17.3:   PREFETCH window: 0x000000d9800000-0x000000d98fffff
[    0.560692] pci 0000:00:17.4: PCI bridge, secondary bus 0000:17
[    0.560694] pci 0000:00:17.4:   IO window: disabled
[    0.560723] pci 0000:00:17.4:   MEM window: 0xcb600000-0xcb6fffff
[    0.560744] pci 0000:00:17.4:   PREFETCH window: 0x000000d9c00000-0x000000d9cfffff
[    0.560786] pci 0000:00:17.5: PCI bridge, secondary bus 0000:18
[    0.560788] pci 0000:00:17.5:   IO window: disabled
[    0.560818] pci 0000:00:17.5:   MEM window: 0xcba00000-0xcbafffff
[    0.560838] pci 0000:00:17.5:   PREFETCH window: 0x000000da000000-0x000000da0fffff
[    0.560881] pci 0000:00:17.6: PCI bridge, secondary bus 0000:19
[    0.560882] pci 0000:00:17.6:   IO window: disabled
[    0.560912] pci 0000:00:17.6:   MEM window: 0xcbe00000-0xcbefffff
[    0.560932] pci 0000:00:17.6:   PREFETCH window: 0x000000da400000-0x000000da4fffff
[    0.560975] pci 0000:00:17.7: PCI bridge, secondary bus 0000:1a
[    0.560976] pci 0000:00:17.7:   IO window: disabled
[    0.561006] pci 0000:00:17.7:   MEM window: 0xcc200000-0xcc2fffff
[    0.561027] pci 0000:00:17.7:   PREFETCH window: 0x000000da800000-0x000000da8fffff
[    0.561069] pci 0000:00:18.0: PCI bridge, secondary bus 0000:1b
[    0.561081] pci 0000:00:18.0:   IO window: 0x7000-0x7fff
[    0.561110] pci 0000:00:18.0:   MEM window: 0xca700000-0xca7fffff
[    0.561131] pci 0000:00:18.0:   PREFETCH window: 0x000000d8d00000-0x000000d8dfffff
[    0.561173] pci 0000:00:18.1: PCI bridge, secondary bus 0000:1c
[    0.561185] pci 0000:00:18.1:   IO window: 0xb000-0xbfff
[    0.561215] pci 0000:00:18.1:   MEM window: 0xcab00000-0xcabfffff
[    0.561235] pci 0000:00:18.1:   PREFETCH window: 0x000000d9100000-0x000000d91fffff
[    0.561278] pci 0000:00:18.2: PCI bridge, secondary bus 0000:1d
[    0.561289] pci 0000:00:18.2:   IO window: 0xf000-0xffff
[    0.561319] pci 0000:00:18.2:   MEM window: 0xcaf00000-0xcaffffff
[    0.561339] pci 0000:00:18.2:   PREFETCH window: 0x000000d9500000-0x000000d95fffff
[    0.561382] pci 0000:00:18.3: PCI bridge, secondary bus 0000:1e
[    0.561383] pci 0000:00:18.3:   IO window: disabled
[    0.561413] pci 0000:00:18.3:   MEM window: 0xcb300000-0xcb3fffff
[    0.561434] pci 0000:00:18.3:   PREFETCH window: 0x000000d9900000-0x000000d99fffff
[    0.561476] pci 0000:00:18.4: PCI bridge, secondary bus 0000:1f
[    0.561478] pci 0000:00:18.4:   IO window: disabled
[    0.561508] pci 0000:00:18.4:   MEM window: 0xcb700000-0xcb7fffff
[    0.561528] pci 0000:00:18.4:   PREFETCH window: 0x000000d9d00000-0x000000d9dfffff
[    0.561571] pci 0000:00:18.5: PCI bridge, secondary bus 0000:20
[    0.561572] pci 0000:00:18.5:   IO window: disabled
[    0.561602] pci 0000:00:18.5:   MEM window: 0xcbb00000-0xcbbfffff
[    0.561622] pci 0000:00:18.5:   PREFETCH window: 0x000000da100000-0x000000da1fffff
[    0.561665] pci 0000:00:18.6: PCI bridge, secondary bus 0000:21
[    0.561666] pci 0000:00:18.6:   IO window: disabled
[    0.561696] pci 0000:00:18.6:   MEM window: 0xcbf00000-0xcbffffff
[    0.561716] pci 0000:00:18.6:   PREFETCH window: 0x000000da500000-0x000000da5fffff
[    0.561758] pci 0000:00:18.7: PCI bridge, secondary bus 0000:22
[    0.561760] pci 0000:00:18.7:   IO window: disabled
[    0.561789] pci 0000:00:18.7:   MEM window: 0xcc300000-0xcc3fffff
[    0.561810] pci 0000:00:18.7:   PREFETCH window: 0x000000da900000-0x000000da9fffff
[    0.561883] pci 0000:00:01.0: setting latency timer to 64
[    0.561979] pci 0000:00:15.0: setting latency timer to 64
[    0.562046] pci 0000:00:15.1: setting latency timer to 64
[    0.562112] pci 0000:00:15.2: setting latency timer to 64
[    0.562178] pci 0000:00:15.3: setting latency timer to 64
[    0.562244] pci 0000:00:15.4: setting latency timer to 64
[    0.562310] pci 0000:00:15.5: setting latency timer to 64
[    0.562377] pci 0000:00:15.6: setting latency timer to 64
[    0.562443] pci 0000:00:15.7: setting latency timer to 64
[    0.562543] pci 0000:00:16.0: setting latency timer to 64
[    0.562628] pci 0000:00:16.1: setting latency timer to 64
[    0.562698] pci 0000:00:16.2: setting latency timer to 64
[    0.562768] pci 0000:00:16.3: setting latency timer to 64
[    0.562837] pci 0000:00:16.4: setting latency timer to 64
[    0.562907] pci 0000:00:16.5: setting latency timer to 64
[    0.562976] pci 0000:00:16.6: setting latency timer to 64
[    0.563046] pci 0000:00:16.7: setting latency timer to 64
[    0.563115] pci 0000:00:17.0: setting latency timer to 64
[    0.563184] pci 0000:00:17.1: setting latency timer to 64
[    0.563254] pci 0000:00:17.2: setting latency timer to 64
[    0.563323] pci 0000:00:17.3: setting latency timer to 64
[    0.563393] pci 0000:00:17.4: setting latency timer to 64
[    0.563462] pci 0000:00:17.5: setting latency timer to 64
[    0.563558] pci 0000:00:17.6: setting latency timer to 64
[    0.563628] pci 0000:00:17.7: setting latency timer to 64
[    0.563697] pci 0000:00:18.0: setting latency timer to 64
[    0.563766] pci 0000:00:18.1: setting latency timer to 64
[    0.563836] pci 0000:00:18.2: setting latency timer to 64
[    0.563905] pci 0000:00:18.3: setting latency timer to 64
[    0.563975] pci 0000:00:18.4: setting latency timer to 64
[    0.564044] pci 0000:00:18.5: setting latency timer to 64
[    0.564113] pci 0000:00:18.6: setting latency timer to 64
[    0.564183] pci 0000:00:18.7: setting latency timer to 64
[    0.564196] pci_bus 0000:00: resource 0 io:  [0x00-0xffff]
[    0.564198] pci_bus 0000:00: resource 1 mem: [0x000000-0xffffffffffffffff]
[    0.564200] pci_bus 0000:02: resource 0 io:  [0x2000-0x3fff]
[    0.564202] pci_bus 0000:02: resource 1 mem: [0xc9000000-0xca3fffff]
[    0.564204] pci_bus 0000:02: resource 2 pref mem [0xd8400000-0xd89fffff]
[    0.564206] pci_bus 0000:02: resource 3 io:  [0x00-0xffff]
[    0.564208] pci_bus 0000:02: resource 4 mem: [0x000000-0xffffffffffffffff]
[    0.564210] pci_bus 0000:03: resource 0 io:  [0x4000-0x4fff]
[    0.564211] pci_bus 0000:03: resource 1 mem: [0xca400000-0xca4fffff]
[    0.564211] pci_bus 0000:03: resource 2 pref mem [0xd8a00000-0xd8afffff]
[    0.564211] pci_bus 0000:04: resource 0 io:  [0x8000-0x8fff]
[    0.564212] pci_bus 0000:04: resource 1 mem: [0xca800000-0xca8fffff]
[    0.564212] pci_bus 0000:04: resource 2 pref mem [0xd8e00000-0xd8efffff]
[    0.564212] pci_bus 0000:05: resource 0 io:  [0xc000-0xcfff]
[    0.564212] pci_bus 0000:05: resource 1 mem: [0xcac00000-0xcacfffff]
[    0.564212] pci_bus 0000:05: resource 2 pref mem [0xd9200000-0xd92fffff]
[    0.564212] pci_bus 0000:06: resource 1 mem: [0xcb000000-0xcb0fffff]
[    0.564212] pci_bus 0000:06: resource 2 pref mem [0xd9600000-0xd96fffff]
[    0.564212] pci_bus 0000:07: resource 1 mem: [0xcb400000-0xcb4fffff]
[    0.564212] pci_bus 0000:07: resource 2 pref mem [0xd9a00000-0xd9afffff]
[    0.564212] pci_bus 0000:08: resource 1 mem: [0xcb800000-0xcb8fffff]
[    0.564212] pci_bus 0000:08: resource 2 pref mem [0xd9e00000-0xd9efffff]
[    0.564212] pci_bus 0000:09: resource 1 mem: [0xcbc00000-0xcbcfffff]
[    0.564212] pci_bus 0000:09: resource 2 pref mem [0xda200000-0xda2fffff]
[    0.564212] pci_bus 0000:0a: resource 1 mem: [0xcc000000-0xcc0fffff]
[    0.564212] pci_bus 0000:0a: resource 2 pref mem [0xda600000-0xda6fffff]
[    0.564212] pci_bus 0000:0b: resource 0 io:  [0x5000-0x5fff]
[    0.564212] pci_bus 0000:0b: resource 1 mem: [0xca500000-0xca5fffff]
[    0.564212] pci_bus 0000:0b: resource 2 pref mem [0xd8b00000-0xd8bfffff]
[    0.564212] pci_bus 0000:0c: resource 0 io:  [0x9000-0x9fff]
[    0.564212] pci_bus 0000:0c: resource 1 mem: [0xca900000-0xca9fffff]
[    0.564212] pci_bus 0000:0c: resource 2 pref mem [0xd8f00000-0xd8ffffff]
[    0.564212] pci_bus 0000:0d: resource 0 io:  [0xd000-0xdfff]
[    0.564212] pci_bus 0000:0d: resource 1 mem: [0xcad00000-0xcadfffff]
[    0.564212] pci_bus 0000:0d: resource 2 pref mem [0xd9300000-0xd93fffff]
[    0.564212] pci_bus 0000:0e: resource 1 mem: [0xcb100000-0xcb1fffff]
[    0.564212] pci_bus 0000:0e: resource 2 pref mem [0xd9700000-0xd97fffff]
[    0.564212] pci_bus 0000:0f: resource 1 mem: [0xcb500000-0xcb5fffff]
[    0.564212] pci_bus 0000:0f: resource 2 pref mem [0xd9b00000-0xd9bfffff]
[    0.564212] pci_bus 0000:10: resource 1 mem: [0xcb900000-0xcb9fffff]
[    0.564212] pci_bus 0000:10: resource 2 pref mem [0xd9f00000-0xd9ffffff]
[    0.564212] pci_bus 0000:11: resource 1 mem: [0xcbd00000-0xcbdfffff]
[    0.564212] pci_bus 0000:11: resource 2 pref mem [0xda300000-0xda3fffff]
[    0.564212] pci_bus 0000:12: resource 1 mem: [0xcc100000-0xcc1fffff]
[    0.564212] pci_bus 0000:12: resource 2 pref mem [0xda700000-0xda7fffff]
[    0.564212] pci_bus 0000:13: resource 0 io:  [0x6000-0x6fff]
[    0.564212] pci_bus 0000:13: resource 1 mem: [0xca600000-0xca6fffff]
[    0.564212] pci_bus 0000:13: resource 2 pref mem [0xd8c00000-0xd8cfffff]
[    0.564212] pci_bus 0000:14: resource 0 io:  [0xa000-0xafff]
[    0.564212] pci_bus 0000:14: resource 1 mem: [0xcaa00000-0xcaafffff]
[    0.564212] pci_bus 0000:14: resource 2 pref mem [0xd9000000-0xd90fffff]
[    0.564212] pci_bus 0000:15: resource 0 io:  [0xe000-0xefff]
[    0.564212] pci_bus 0000:15: resource 1 mem: [0xcae00000-0xcaefffff]
[    0.564212] pci_bus 0000:15: resource 2 pref mem [0xd9400000-0xd94fffff]
[    0.564212] pci_bus 0000:16: resource 1 mem: [0xcb200000-0xcb2fffff]
[    0.564212] pci_bus 0000:16: resource 2 pref mem [0xd9800000-0xd98fffff]
[    0.564212] pci_bus 0000:17: resource 1 mem: [0xcb600000-0xcb6fffff]
[    0.564212] pci_bus 0000:17: resource 2 pref mem [0xd9c00000-0xd9cfffff]
[    0.564212] pci_bus 0000:18: resource 1 mem: [0xcba00000-0xcbafffff]
[    0.564212] pci_bus 0000:18: resource 2 pref mem [0xda000000-0xda0fffff]
[    0.564212] pci_bus 0000:19: resource 1 mem: [0xcbe00000-0xcbefffff]
[    0.564212] pci_bus 0000:19: resource 2 pref mem [0xda400000-0xda4fffff]
[    0.564212] pci_bus 0000:1a: resource 1 mem: [0xcc200000-0xcc2fffff]
[    0.564212] pci_bus 0000:1a: resource 2 pref mem [0xda800000-0xda8fffff]
[    0.564212] pci_bus 0000:1b: resource 0 io:  [0x7000-0x7fff]
[    0.564212] pci_bus 0000:1b: resource 1 mem: [0xca700000-0xca7fffff]
[    0.564212] pci_bus 0000:1b: resource 2 pref mem [0xd8d00000-0xd8dfffff]
[    0.564212] pci_bus 0000:1c: resource 0 io:  [0xb000-0xbfff]
[    0.564212] pci_bus 0000:1c: resource 1 mem: [0xcab00000-0xcabfffff]
[    0.564212] pci_bus 0000:1c: resource 2 pref mem [0xd9100000-0xd91fffff]
[    0.564212] pci_bus 0000:1d: resource 0 io:  [0xf000-0xffff]
[    0.564212] pci_bus 0000:1d: resource 1 mem: [0xcaf00000-0xcaffffff]
[    0.564212] pci_bus 0000:1d: resource 2 pref mem [0xd9500000-0xd95fffff]
[    0.564212] pci_bus 0000:1e: resource 1 mem: [0xcb300000-0xcb3fffff]
[    0.564212] pci_bus 0000:1e: resource 2 pref mem [0xd9900000-0xd99fffff]
[    0.564212] pci_bus 0000:1f: resource 1 mem: [0xcb700000-0xcb7fffff]
[    0.564212] pci_bus 0000:1f: resource 2 pref mem [0xd9d00000-0xd9dfffff]
[    0.564212] pci_bus 0000:20: resource 1 mem: [0xcbb00000-0xcbbfffff]
[    0.564212] pci_bus 0000:20: resource 2 pref mem [0xda100000-0xda1fffff]
[    0.564212] pci_bus 0000:21: resource 1 mem: [0xcbf00000-0xcbffffff]
[    0.564212] pci_bus 0000:21: resource 2 pref mem [0xda500000-0xda5fffff]
[    0.564212] pci_bus 0000:22: resource 1 mem: [0xcc300000-0xcc3fffff]
[    0.564212] pci_bus 0000:22: resource 2 pref mem [0xda900000-0xda9fffff]
[    0.564212] NET: Registered protocol family 2
[    0.564212] RANDOM - __random32 called. Change num 7.  Value: 647ba296	db0e5c1d	6de96f10
[    0.564212] RANDOM - random32 called.  Value: 647ba296	db0e5c1d	6de96f10
[    0.564212] random 0000 0000 0000 00000000 00000000: rand_read_num 2 get_random_bytes(4): sig fffffe1a 00000000 00000000
[    0.564212] random 0000 0000 0000 00000000 00000000: extract_entropy(.. 4 ..)
[    0.564212] random 0000 0000 0000 00000000 00000000: going to reseed nonblocking with 64 bits (32 of 0 requested)
[    0.564212] random 0000 0000 0000 00000000 00000000: extract_entropy(.. 8 ..)
[    0.564212] random 0000 0000 0000 00000000 00000000: trying to extract 64 bits from input
[    0.564212] random 0000 0000 0000 00000000 00000000: debiting 0 entropy credits from input
[    0.564212] random 0000 0000 0000 00000000 00000000: extract_entropy account returned: 0 
[    0.564212] random 0000 0000 0000 00000000 00000000: urand_change_num 3 xfer_secondary_pool(4): pool_sig fffffe1a, data_sig 00000000, bytes_mixed 0 00000000 00000000
[    0.564212] random 0000 0000 0000 00000000 00000000: trying to extract 32 bits from nonblocking
[    0.564212] random 0000 0000 0000 00000000 00000000: debiting 32 entropy credits from nonblocking (unlimited)
[    0.564212] random 0000 0000 0000 00000000 00000000: extract_entropy account returned: 4 
[    0.564212] random 0000 0000 0000 00000000 00000000: urand_change_num 4 extract_buf: pool_sig fffffe1a, data_sig fffffed7, bytes_mixed 20 00000000 00000000
[    0.564212] IP route cache hash table entries: 32768 (order: 5, 131072 bytes)
[    0.564315] RANDOM - __random32 called. Change num 8.  Value: ba296205	b0e5c1db	de205442
[    0.564317] RANDOM - random32 called.  Value: ba296205	b0e5c1db	de205442
[    0.564375] RANDOM - __random32 called. Change num 9.  Value: 962052cd	e5c1db9	a885e45e
[    0.564377] RANDOM - random32 called.  Value: 962052cd	e5c1db9	a885e45e
[    0.564379] RANDOM - __random32 called. Change num 10.  Value: 52cd38f	e5c1db9b	c8bd9558
[    0.564381] RANDOM - random32 called.  Value: 52cd38f	e5c1db9b	c8bd9558
[    0.564403] RANDOM - __random32 called. Change num 11.  Value: cd38f3eb	5c1db9b9	2ab1aa27
[    0.564405] RANDOM - random32 called.  Value: cd38f3eb	5c1db9b9	2ab1aa27
[    0.564415] TCP established hash table entries: 131072 (order: 8, 1048576 bytes)
[    0.564558] TCP bind hash table entries: 65536 (order: 7, 524288 bytes)
[    0.564700] TCP: Hash tables configured (established 131072 bind 65536)
[    0.564703] TCP reno registered
[    0.564737] NET: Registered protocol family 1
[    0.564746] pci 0000:00:00.0: Limiting direct PCI/PCI transfers
[    0.564768] pci 0000:00:0f.0: Boot video device
[    0.564969] Trying to unpack rootfs image as initramfs...
[    1.686628] Freeing initrd memory: 83430k freed
[    1.690643] Simple Boot Flag at 0x36 set to 0x1
[    1.690688] cpufreq-nforce2: No nForce2 chipset.
[    1.690701] Scanning for low memory corruption every 60 seconds
[    1.690814] audit: initializing netlink socket (disabled)
[    1.690822] type=2000 audit(1369444352.680:1): initialized
[    1.694746] highmem bounce pool size: 64 pages
[    1.694750] HugeTLB registered 2 MB page size, pre-allocated 0 pages
[    1.694842] VFS: Disk quotas dquot_6.5.2
[    1.694871] Dquot-cache hash table entries: 1024 (order 0, 4096 bytes)
[    1.694948] fuse init (API version 7.13)
[    1.694991] msgmni has been set to 1729
[    1.695316] alg: No test for stdrng (krng)
[    1.695350] Block layer SCSI generic (bsg) driver version 0.4 loaded (major 253)
[    1.695352] io scheduler noop registered
[    1.695354] io scheduler anticipatory registered
[    1.695356] io scheduler deadline registered
[    1.695375] io scheduler cfq registered (default)
[    1.695419]   alloc irq_desc for 24 on node -1
[    1.695422]   alloc kstat_irqs on node -1
[    1.695466] pcieport 0000:00:15.0: irq 24 for MSI/MSI-X
[    1.695511] pcieport 0000:00:15.0: setting latency timer to 64
[    1.695556]   alloc irq_desc for 25 on node -1
[    1.695558]   alloc kstat_irqs on node -1
[    1.695603] pcieport 0000:00:15.1: irq 25 for MSI/MSI-X
[    1.695647] pcieport 0000:00:15.1: setting latency timer to 64
[    1.695692]   alloc irq_desc for 26 on node -1
[    1.695694]   alloc kstat_irqs on node -1
[    1.695738] pcieport 0000:00:15.2: irq 26 for MSI/MSI-X
[    1.695783] pcieport 0000:00:15.2: setting latency timer to 64
[    1.695828]   alloc irq_desc for 27 on node -1
[    1.695830]   alloc kstat_irqs on node -1
[    1.695874] pcieport 0000:00:15.3: irq 27 for MSI/MSI-X
[    1.695919] pcieport 0000:00:15.3: setting latency timer to 64
[    1.695964]   alloc irq_desc for 28 on node -1
[    1.695966]   alloc kstat_irqs on node -1
[    1.696010] pcieport 0000:00:15.4: irq 28 for MSI/MSI-X
[    1.696055] pcieport 0000:00:15.4: setting latency timer to 64
[    1.696099]   alloc irq_desc for 29 on node -1
[    1.696103]   alloc kstat_irqs on node -1
[    1.696148] pcieport 0000:00:15.5: irq 29 for MSI/MSI-X
[    1.696192] pcieport 0000:00:15.5: setting latency timer to 64
[    1.696237]   alloc irq_desc for 30 on node -1
[    1.696239]   alloc kstat_irqs on node -1
[    1.696284] pcieport 0000:00:15.6: irq 30 for MSI/MSI-X
[    1.696329] pcieport 0000:00:15.6: setting latency timer to 64
[    1.696373]   alloc irq_desc for 31 on node -1
[    1.696375]   alloc kstat_irqs on node -1
[    1.696420] pcieport 0000:00:15.7: irq 31 for MSI/MSI-X
[    1.696464] pcieport 0000:00:15.7: setting latency timer to 64
[    1.696509]   alloc irq_desc for 32 on node -1
[    1.696511]   alloc kstat_irqs on node -1
[    1.696556] pcieport 0000:00:16.0: irq 32 for MSI/MSI-X
[    1.696600] pcieport 0000:00:16.0: setting latency timer to 64
[    1.696645]   alloc irq_desc for 33 on node -1
[    1.696647]   alloc kstat_irqs on node -1
[    1.696692] pcieport 0000:00:16.1: irq 33 for MSI/MSI-X
[    1.696736] pcieport 0000:00:16.1: setting latency timer to 64
[    1.696781]   alloc irq_desc for 34 on node -1
[    1.696783]   alloc kstat_irqs on node -1
[    1.696828] pcieport 0000:00:16.2: irq 34 for MSI/MSI-X
[    1.696872] pcieport 0000:00:16.2: setting latency timer to 64
[    1.696917]   alloc irq_desc for 35 on node -1
[    1.696919]   alloc kstat_irqs on node -1
[    1.696963] pcieport 0000:00:16.3: irq 35 for MSI/MSI-X
[    1.697008] pcieport 0000:00:16.3: setting latency timer to 64
[    1.697053]   alloc irq_desc for 36 on node -1
[    1.697055]   alloc kstat_irqs on node -1
[    1.697099] pcieport 0000:00:16.4: irq 36 for MSI/MSI-X
[    1.697144] pcieport 0000:00:16.4: setting latency timer to 64
[    1.697189]   alloc irq_desc for 37 on node -1
[    1.697191]   alloc kstat_irqs on node -1
[    1.697235] pcieport 0000:00:16.5: irq 37 for MSI/MSI-X
[    1.697280] pcieport 0000:00:16.5: setting latency timer to 64
[    1.697325]   alloc irq_desc for 38 on node -1
[    1.697327]   alloc kstat_irqs on node -1
[    1.697371] pcieport 0000:00:16.6: irq 38 for MSI/MSI-X
[    1.697416] pcieport 0000:00:16.6: setting latency timer to 64
[    1.697461]   alloc irq_desc for 39 on node -1
[    1.697463]   alloc kstat_irqs on node -1
[    1.697507] pcieport 0000:00:16.7: irq 39 for MSI/MSI-X
[    1.697552] pcieport 0000:00:16.7: setting latency timer to 64
[    1.698671]   alloc irq_desc for 40 on node -1
[    1.698673]   alloc kstat_irqs on node -1
[    1.698717] pcieport 0000:00:17.0: irq 40 for MSI/MSI-X
[    1.698762] pcieport 0000:00:17.0: setting latency timer to 64
[    1.698807]   alloc irq_desc for 41 on node -1
[    1.698808]   alloc kstat_irqs on node -1
[    1.698853] pcieport 0000:00:17.1: irq 41 for MSI/MSI-X
[    1.698898] pcieport 0000:00:17.1: setting latency timer to 64
[    1.698942]   alloc irq_desc for 42 on node -1
[    1.698944]   alloc kstat_irqs on node -1
[    1.698989] pcieport 0000:00:17.2: irq 42 for MSI/MSI-X
[    1.699034] pcieport 0000:00:17.2: setting latency timer to 64
[    1.699078]   alloc irq_desc for 43 on node -1
[    1.699080]   alloc kstat_irqs on node -1
[    1.699125] pcieport 0000:00:17.3: irq 43 for MSI/MSI-X
[    1.699169] pcieport 0000:00:17.3: setting latency timer to 64
[    1.699214]   alloc irq_desc for 44 on node -1
[    1.699216]   alloc kstat_irqs on node -1
[    1.699260] pcieport 0000:00:17.4: irq 44 for MSI/MSI-X
[    1.699305] pcieport 0000:00:17.4: setting latency timer to 64
[    1.699350]   alloc irq_desc for 45 on node -1
[    1.699352]   alloc kstat_irqs on node -1
[    1.699396] pcieport 0000:00:17.5: irq 45 for MSI/MSI-X
[    1.699441] pcieport 0000:00:17.5: setting latency timer to 64
[    1.699485]   alloc irq_desc for 46 on node -1
[    1.699487]   alloc kstat_irqs on node -1
[    1.699532] pcieport 0000:00:17.6: irq 46 for MSI/MSI-X
[    1.699577] pcieport 0000:00:17.6: setting latency timer to 64
[    1.699621]   alloc irq_desc for 47 on node -1
[    1.699625]   alloc kstat_irqs on node -1
[    1.699669] pcieport 0000:00:17.7: irq 47 for MSI/MSI-X
[    1.699714] pcieport 0000:00:17.7: setting latency timer to 64
[    1.699758]   alloc irq_desc for 48 on node -1
[    1.699760]   alloc kstat_irqs on node -1
[    1.699805] pcieport 0000:00:18.0: irq 48 for MSI/MSI-X
[    1.699850] pcieport 0000:00:18.0: setting latency timer to 64
[    1.699894]   alloc irq_desc for 49 on node -1
[    1.699896]   alloc kstat_irqs on node -1
[    1.699941] pcieport 0000:00:18.1: irq 49 for MSI/MSI-X
[    1.699986] pcieport 0000:00:18.1: setting latency timer to 64
[    1.700030]   alloc irq_desc for 50 on node -1
[    1.700033]   alloc kstat_irqs on node -1
[    1.700077] pcieport 0000:00:18.2: irq 50 for MSI/MSI-X
[    1.700122] pcieport 0000:00:18.2: setting latency timer to 64
[    1.700166]   alloc irq_desc for 51 on node -1
[    1.700168]   alloc kstat_irqs on node -1
[    1.700213] pcieport 0000:00:18.3: irq 51 for MSI/MSI-X
[    1.700258] pcieport 0000:00:18.3: setting latency timer to 64
[    1.700302]   alloc irq_desc for 52 on node -1
[    1.700304]   alloc kstat_irqs on node -1
[    1.700349] pcieport 0000:00:18.4: irq 52 for MSI/MSI-X
[    1.700393] pcieport 0000:00:18.4: setting latency timer to 64
[    1.700438]   alloc irq_desc for 53 on node -1
[    1.700440]   alloc kstat_irqs on node -1
[    1.700484] pcieport 0000:00:18.5: irq 53 for MSI/MSI-X
[    1.700529] pcieport 0000:00:18.5: setting latency timer to 64
[    1.700574]   alloc irq_desc for 54 on node -1
[    1.700576]   alloc kstat_irqs on node -1
[    1.700620] pcieport 0000:00:18.6: irq 54 for MSI/MSI-X
[    1.700665] pcieport 0000:00:18.6: setting latency timer to 64
[    1.700710]   alloc irq_desc for 55 on node -1
[    1.700713]   alloc kstat_irqs on node -1
[    1.700758] pcieport 0000:00:18.7: irq 55 for MSI/MSI-X
[    1.700802] pcieport 0000:00:18.7: setting latency timer to 64
[    1.700847] pci_hotplug: PCI Hot Plug PCI Core version: 0.5
[    1.702678] pciehp 0000:00:15.0:pcie04: HPC vendor_id 15ad device_id 7a0 ss_vid 0 ss_did 0
[    1.702722] pciehp 0000:00:15.0:pcie04: service driver pciehp loaded
[    1.702767] pciehp 0000:00:15.1:pcie04: HPC vendor_id 15ad device_id 7a0 ss_vid 0 ss_did 0
[    1.702812] pciehp 0000:00:15.1:pcie04: service driver pciehp loaded
[    1.702856] pciehp 0000:00:15.2:pcie04: HPC vendor_id 15ad device_id 7a0 ss_vid 0 ss_did 0
[    1.702901] pciehp 0000:00:15.2:pcie04: service driver pciehp loaded
[    1.702946] pciehp 0000:00:15.3:pcie04: HPC vendor_id 15ad device_id 7a0 ss_vid 0 ss_did 0
[    1.702990] pciehp 0000:00:15.3:pcie04: service driver pciehp loaded
[    1.703035] pciehp 0000:00:15.4:pcie04: HPC vendor_id 15ad device_id 7a0 ss_vid 0 ss_did 0
[    1.703080] pciehp 0000:00:15.4:pcie04: service driver pciehp loaded
[    1.703124] pciehp 0000:00:15.5:pcie04: HPC vendor_id 15ad device_id 7a0 ss_vid 0 ss_did 0
[    1.703169] pciehp 0000:00:15.5:pcie04: service driver pciehp loaded
[    1.703214] pciehp 0000:00:15.6:pcie04: HPC vendor_id 15ad device_id 7a0 ss_vid 0 ss_did 0
[    1.703258] pciehp 0000:00:15.6:pcie04: service driver pciehp loaded
[    1.703303] pciehp 0000:00:15.7:pcie04: HPC vendor_id 15ad device_id 7a0 ss_vid 0 ss_did 0
[    1.703347] pciehp 0000:00:15.7:pcie04: service driver pciehp loaded
[    1.703392] pciehp 0000:00:16.0:pcie04: HPC vendor_id 15ad device_id 7a0 ss_vid 0 ss_did 0
[    1.703437] pciehp 0000:00:16.0:pcie04: service driver pciehp loaded
[    1.703481] pciehp 0000:00:16.1:pcie04: HPC vendor_id 15ad device_id 7a0 ss_vid 0 ss_did 0
[    1.703526] pciehp 0000:00:16.1:pcie04: service driver pciehp loaded
[    1.703571] pciehp 0000:00:16.2:pcie04: HPC vendor_id 15ad device_id 7a0 ss_vid 0 ss_did 0
[    1.703615] pciehp 0000:00:16.2:pcie04: service driver pciehp loaded
[    1.703660] pciehp 0000:00:16.3:pcie04: HPC vendor_id 15ad device_id 7a0 ss_vid 0 ss_did 0
[    1.703705] pciehp 0000:00:16.3:pcie04: service driver pciehp loaded
[    1.703749] pciehp 0000:00:16.4:pcie04: HPC vendor_id 15ad device_id 7a0 ss_vid 0 ss_did 0
[    1.703794] pciehp 0000:00:16.4:pcie04: service driver pciehp loaded
[    1.703839] pciehp 0000:00:16.5:pcie04: HPC vendor_id 15ad device_id 7a0 ss_vid 0 ss_did 0
[    1.703883] pciehp 0000:00:16.5:pcie04: service driver pciehp loaded
[    1.703928] pciehp 0000:00:16.6:pcie04: HPC vendor_id 15ad device_id 7a0 ss_vid 0 ss_did 0
[    1.703972] pciehp 0000:00:16.6:pcie04: service driver pciehp loaded
[    1.704017] pciehp 0000:00:16.7:pcie04: HPC vendor_id 15ad device_id 7a0 ss_vid 0 ss_did 0
[    1.704062] pciehp 0000:00:16.7:pcie04: service driver pciehp loaded
[    1.704106] pciehp 0000:00:17.0:pcie04: HPC vendor_id 15ad device_id 7a0 ss_vid 0 ss_did 0
[    1.704151] pciehp 0000:00:17.0:pcie04: service driver pciehp loaded
[    1.704196] pciehp 0000:00:17.1:pcie04: HPC vendor_id 15ad device_id 7a0 ss_vid 0 ss_did 0
[    1.704240] pciehp 0000:00:17.1:pcie04: service driver pciehp loaded
[    1.704285] pciehp 0000:00:17.2:pcie04: HPC vendor_id 15ad device_id 7a0 ss_vid 0 ss_did 0
[    1.704330] pciehp 0000:00:17.2:pcie04: service driver pciehp loaded
[    1.704374] pciehp 0000:00:17.3:pcie04: HPC vendor_id 15ad device_id 7a0 ss_vid 0 ss_did 0
[    1.704419] pciehp 0000:00:17.3:pcie04: service driver pciehp loaded
[    1.704464] pciehp 0000:00:17.4:pcie04: HPC vendor_id 15ad device_id 7a0 ss_vid 0 ss_did 0
[    1.704508] pciehp 0000:00:17.4:pcie04: service driver pciehp loaded
[    1.704553] pciehp 0000:00:17.5:pcie04: HPC vendor_id 15ad device_id 7a0 ss_vid 0 ss_did 0
[    1.704597] pciehp 0000:00:17.5:pcie04: service driver pciehp loaded
[    1.704642] pciehp 0000:00:17.6:pcie04: HPC vendor_id 15ad device_id 7a0 ss_vid 0 ss_did 0
[    1.704687] pciehp 0000:00:17.6:pcie04: service driver pciehp loaded
[    1.704731] pciehp 0000:00:17.7:pcie04: HPC vendor_id 15ad device_id 7a0 ss_vid 0 ss_did 0
[    1.704776] pciehp 0000:00:17.7:pcie04: service driver pciehp loaded
[    1.704821] pciehp 0000:00:18.0:pcie04: HPC vendor_id 15ad device_id 7a0 ss_vid 0 ss_did 0
[    1.704865] pciehp 0000:00:18.0:pcie04: service driver pciehp loaded
[    1.704910] pciehp 0000:00:18.1:pcie04: HPC vendor_id 15ad device_id 7a0 ss_vid 0 ss_did 0
[    1.704955] pciehp 0000:00:18.1:pcie04: service driver pciehp loaded
[    1.704999] pciehp 0000:00:18.2:pcie04: HPC vendor_id 15ad device_id 7a0 ss_vid 0 ss_did 0
[    1.705044] pciehp 0000:00:18.2:pcie04: service driver pciehp loaded
[    1.705088] pciehp 0000:00:18.3:pcie04: HPC vendor_id 15ad device_id 7a0 ss_vid 0 ss_did 0
[    1.705133] pciehp 0000:00:18.3:pcie04: service driver pciehp loaded
[    1.705178] pciehp 0000:00:18.4:pcie04: HPC vendor_id 15ad device_id 7a0 ss_vid 0 ss_did 0
[    1.705222] pciehp 0000:00:18.4:pcie04: service driver pciehp loaded
[    1.705267] pciehp 0000:00:18.5:pcie04: HPC vendor_id 15ad device_id 7a0 ss_vid 0 ss_did 0
[    1.705312] pciehp 0000:00:18.5:pcie04: service driver pciehp loaded
[    1.705356] pciehp 0000:00:18.6:pcie04: HPC vendor_id 15ad device_id 7a0 ss_vid 0 ss_did 0
[    1.705401] pciehp 0000:00:18.6:pcie04: service driver pciehp loaded
[    1.705446] pciehp 0000:00:18.7:pcie04: HPC vendor_id 15ad device_id 7a0 ss_vid 0 ss_did 0
[    1.705490] pciehp 0000:00:18.7:pcie04: service driver pciehp loaded
[    1.705499] pciehp: PCI Express Hot Plug Controller Driver version: 0.4
[    1.705547] ACPI: AC Adapter [ACAD] (on-line)
[    1.705597] input: Power Button as /devices/LNXSYSTM:00/LNXPWRBN:00/input/input0
[    1.705600] ACPI: Power Button [PWRF]
[    1.705644] processor LNXCPU:00: registered as cooling_device0
[    1.746586] isapnp: Scanning for PnP cards...
[    2.100357] isapnp: No Plug & Play device found
[    2.100388] random 0000 0000 0000 5f8db4e5 4cfdf2a8: initializing
[    2.100513] Linux agpgart interface v0.103
[    2.100555] agpgart-intel 0000:00:00.0: Intel 440BX Chipset
[    2.100607] agpgart-intel 0000:00:00.0: AGP aperture is 256M @ 0x0
[    2.100639] Serial: 8250/16550 driver, 32 ports, IRQ sharing enabled
[    2.100691] serial8250: ttyS0 at I/O 0x3f8 (irq = 4) is a 16550A
[    2.100743] serial8250: ttyS1 at I/O 0x2f8 (irq = 3) is a 16550A
[    2.100795] 00:0a: ttyS0 at I/O 0x3f8 (irq = 4) is a 16550A
[    2.100847] 00:0b: ttyS1 at I/O 0x2f8 (irq = 3) is a 16550A
[    2.100899] brd: module loaded
[    2.100951] loop: module loaded
[    2.101003] ata_piix 0000:00:07.1: version 2.13
[    2.101085] scsi0 : ata_piix
[    2.101134] scsi1 : ata_piix
[    2.101155] ata1: PATA max UDMA/33 cmd 0x1f0 ctl 0x3f6 bmdma 0x10c0 irq 14
[    2.101157] ata2: PATA max UDMA/33 cmd 0x170 ctl 0x376 bmdma 0x10c8 irq 15
[    2.101207] PPP generic driver version 2.4.2
[    2.101227] tun: Universal TUN/TAP device driver, 1.6
[    2.101229] tun: (C) 1999-2004 Max Krasnyansky <maxk@qualcomm.com>
[    2.101281] ehci_hcd: USB 2.0 'Enhanced' Host Controller (EHCI) Driver
[    2.101333] ACPI: PCI Interrupt Link [LNKB] enabled at IRQ 11
[    2.101335] PCI: setting IRQ 11 as level-triggered
[    2.101343] ehci_hcd 0000:02:03.0: PCI INT A -> Link[LNKB] -> GSI 11 (level, low) -> IRQ 11
[    2.101382] ehci_hcd 0000:02:03.0: EHCI Host Controller
[    2.101404] ehci_hcd 0000:02:03.0: new USB bus registered, assigned bus number 1
[    2.101456] ehci_hcd 0000:02:03.0: cache line size of 32 is not supported
[    2.101462] ehci_hcd 0000:02:03.0: irq 11, io mem 0xc9000000
[    2.101771] random 0000 0000 0000 00000000 00000000: rand_read_num 3 get_random_bytes(8): sig 00000000 00000000 00000000
[    2.101774] random 0000 0000 0000 00000000 00000000: extract_entropy(.. 8 ..)
[    2.101777] random 0000 0000 0000 00000000 00000000: going to reseed nonblocking with 64 bits (64 of 0 requested)
[    2.101779] random 0000 0000 0000 00000000 00000000: extract_entropy(.. 8 ..)
[    2.101781] random 0000 0000 0000 00000000 00000000: trying to extract 64 bits from input
[    2.101784] random 0000 0000 0000 00000000 00000000: debiting 0 entropy credits from input
[    2.101786] random 0000 0000 0000 00000000 00000000: extract_entropy account returned: 0 
[    2.101789] random 0000 0000 0000 00000000 00000000: urand_change_num 5 xfer_secondary_pool(8): pool_sig 00000000, data_sig 00000000, bytes_mixed 0 00000000 00000000
[    2.101792] random 0000 0000 0000 00000000 00000000: trying to extract 64 bits from nonblocking
[    2.101794] random 0000 0000 0000 00000000 00000000: debiting 64 entropy credits from nonblocking (unlimited)
[    2.101797] random 0000 0000 0000 00000000 00000000: extract_entropy account returned: 8 
[    2.101800] random 0000 0000 0000 00000000 00000000: urand_change_num 6 extract_buf: pool_sig 00000000, data_sig fffffff9, bytes_mixed 20 00000000 00000000
[    2.110033] ehci_hcd 0000:02:03.0: USB 2.0 started, EHCI 1.00
[    2.110085] usb usb1: configuration #1 chosen from 1 choice
[    2.110104] hub 1-0:1.0: USB hub found
[    2.110109] hub 1-0:1.0: 6 ports detected
[    2.110145] ohci_hcd: USB 1.1 'Open' Host Controller (OHCI) Driver
[    2.110155] uhci_hcd: USB Universal Host Controller Interface driver
[    2.110207] ACPI: PCI Interrupt Link [LNKC] enabled at IRQ 10
[    2.110210] PCI: setting IRQ 10 as level-triggered
[    2.110214] uhci_hcd 0000:02:00.0: PCI INT A -> Link[LNKC] -> GSI 10 (level, low) -> IRQ 10
[    2.110248] uhci_hcd 0000:02:00.0: UHCI Host Controller
[    2.110276] uhci_hcd 0000:02:00.0: new USB bus registered, assigned bus number 2
[    2.110378] uhci_hcd 0000:02:00.0: irq 10, io base 0x000020c0
[    2.110431] usb usb2: configuration #1 chosen from 1 choice
[    2.110446] hub 2-0:1.0: USB hub found
[    2.110450] hub 2-0:1.0: 2 ports detected
[    2.110502] usbcore: registered new interface driver libusual
[    2.110539] PNP: PS/2 Controller [PNP0303:KBC,PNP0f13:MOUS] at 0x60,0x64 irq 1,12
[    2.110870] serio: i8042 KBD port at 0x60,0x64 irq 1
[    2.110878] serio: i8042 AUX port at 0x60,0x64 irq 12
[    2.110912] mice: PS/2 mouse device common for all mice
[    2.110964] rtc_cmos 00:04: rtc core: registered rtc_cmos as rtc0
[    2.110980] rtc0: alarms up to one month, y3k, 114 bytes nvram, hpet irqs
[    2.111032] device-mapper: uevent: version 1.0.3
[    2.111147] device-mapper: ioctl: 4.15.0-ioctl (2009-04-01) initialised: dm-devel@redhat.com
[    2.111164] EISA: Probing bus 0 at eisa.0
[    2.111171] Cannot allocate resource for EISA slot 1
[    2.111173] Cannot allocate resource for EISA slot 2
[    2.111175] Cannot allocate resource for EISA slot 3
[    2.111177] Cannot allocate resource for EISA slot 4
[    2.111179] Cannot allocate resource for EISA slot 5
[    2.111181] Cannot allocate resource for EISA slot 6
[    2.111183] Cannot allocate resource for EISA slot 7
[    2.111184] Cannot allocate resource for EISA slot 8
[    2.111186] EISA: Detected 0 cards.
[    2.111231] cpuidle: using governor ladder
[    2.111233] cpuidle: using governor menu
[    2.111336] random 0000 0000 0000 00000000 00000000: rand_read_num 4 get_random_bytes(136): sig 0000021d 00000000 00000000
[    2.111339] random 0000 0000 0000 00000000 00000000: extract_entropy(.. 136 ..)
[    2.111342] random 0000 0000 0000 00000000 00000000: going to reseed nonblocking with 1024 bits (1088 of 0 requested)
[    2.111344] random 0000 0000 0000 00000000 00000000: extract_entropy(.. 128 ..)
[    2.111347] random 0000 0000 0000 00000000 00000000: trying to extract 1024 bits from input
[    2.111349] random 0000 0000 0000 00000000 00000000: debiting 0 entropy credits from input
[    2.111351] random 0000 0000 0000 00000000 00000000: extract_entropy account returned: 0 
[    2.111354] random 0000 0000 0000 00000000 00000000: urand_change_num 7 xfer_secondary_pool(136): pool_sig 0000021d, data_sig 00000000, bytes_mixed 0 00000000 00000000
[    2.111357] random 0000 0000 0000 00000000 00000000: trying to extract 1088 bits from nonblocking
[    2.111359] random 0000 0000 0000 00000000 00000000: debiting 1088 entropy credits from nonblocking (unlimited)
[    2.111362] random 0000 0000 0000 00000000 00000000: extract_entropy account returned: 136 
[    2.111365] random 0000 0000 0000 00000000 00000000: urand_change_num 8 extract_buf: pool_sig 0000021d, data_sig fffffff7, bytes_mixed 20 00000000 00000000
[    2.111370] random 0000 0000 0000 f961ee50 ba9cb1aa: urand_change_num 9 extract_buf: pool_sig 00000230, data_sig fffffeb4, bytes_mixed 20 f961ee50 ba9cb1aa
[    2.111375] random 0000 0000 0000 9748bdd6 56fb8af6: urand_change_num 10 extract_buf: pool_sig 00000373, data_sig 000000cf, bytes_mixed 20 9748bdd6 56fb8af6
[    2.111379] random 0000 0000 0000 9748bdd6 56fb8af6: urand_change_num 11 extract_buf: pool_sig fffffe49, data_sig 0000023f, bytes_mixed 20 9748bdd6 56fb8af6
[    2.111384] random 0000 0000 0000 a135be86 4777650e: urand_change_num 12 extract_buf: pool_sig fffffcce, data_sig 000000c6, bytes_mixed 20 a135be86 4777650e
[    2.111388] random 0000 0000 0000 4a6ea85d 170e00dd: urand_change_num 13 extract_buf: pool_sig ffffff97, data_sig ffffff7d, bytes_mixed 20 4a6ea85d 170e00dd
[    2.111393] random 0000 0000 0000 4a6ea85d 170e00dd: urand_change_num 14 extract_buf: pool_sig 00000160, data_sig fffffeea, bytes_mixed 20 4a6ea85d 170e00dd
[    2.111406] random 0000 0000 0000 6e87c3cb da668c73: urand_change_num 15 extract_buf: pool_sig 0000034f, data_sig ffffff54, bytes_mixed 20 6e87c3cb da668c73
[    2.111410] random 0000 0000 0000 6e87c3cb da668c73: urand_change_num 16 extract_buf: pool_sig fffffdc5, data_sig 00000205, bytes_mixed 20 6e87c3cb da668c73
[    2.111414] random 0000 0000 0000 39f531e6 461eb249: urand_change_num 17 extract_buf: pool_sig fffffc1d, data_sig ffffff5e, bytes_mixed 20 39f531e6 461eb249
[    2.111418] random 0000 0000 0000 7e1538a2 3e661182: urand_change_num 18 extract_buf: pool_sig 000006ef, data_sig ffffff2e, bytes_mixed 20 7e1538a2 3e661182
[    2.111423] random 0000 0000 0000 7e1538a2 3e661182: urand_change_num 19 extract_buf: pool_sig 00000317, data_sig fffffccb, bytes_mixed 20 7e1538a2 3e661182
[    2.111427] random 0000 0000 0000 76af506b 9b57305e: urand_change_num 20 extract_buf: pool_sig 00000227, data_sig ffffffd2, bytes_mixed 20 76af506b 9b57305e
[    2.111431] random 0000 0000 0000 37d49d89 e20417cc: urand_change_num 21 extract_buf: pool_sig 0000080b, data_sig 000001e9, bytes_mixed 20 37d49d89 e20417cc
[    2.111435] TCP cubic registered
[    2.111487] NET: Registered protocol family 10
[    2.111522] RANDOM - __random32 called. Change num 12.  Value: 8f3eba68	c1db9b96	544fe79f
[    2.111524] RANDOM - random32 called.  Value: 8f3eba68	c1db9b96	544fe79f
[    2.111533] random 0000 0000 0000 37d49d89 e20417cc: rand_read_num 5 get_random_bytes(4): sig 00000298 37d49d89 e20417cc
[    2.111535] random 0000 0000 0000 37d49d89 e20417cc: extract_entropy(.. 4 ..)
[    2.111537] random 0000 0000 0000 37d49d89 e20417cc: going to reseed nonblocking with 64 bits (32 of 0 requested)
[    2.111539] random 0000 0000 0000 37d49d89 e20417cc: extract_entropy(.. 8 ..)
[    2.111541] random 0000 0000 0000 37d49d89 e20417cc: trying to extract 64 bits from input
[    2.111543] random 0000 0000 0000 37d49d89 e20417cc: debiting 0 entropy credits from input
[    2.111545] random 0000 0000 0000 37d49d89 e20417cc: extract_entropy account returned: 0 
[    2.111548] random 0000 0000 0000 37d49d89 e20417cc: urand_change_num 22 xfer_secondary_pool(4): pool_sig 00000298, data_sig 00000000, bytes_mixed 0 37d49d89 e20417cc
[    2.111551] random 0000 0000 0000 37d49d89 e20417cc: trying to extract 32 bits from nonblocking
[    2.111553] random 0000 0000 0000 37d49d89 e20417cc: debiting 32 entropy credits from nonblocking (unlimited)
[    2.111555] random 0000 0000 0000 37d49d89 e20417cc: extract_entropy account returned: 4 
[    2.111558] random 0000 0000 0000 37d49d89 e20417cc: urand_change_num 23 extract_buf: pool_sig 00000298, data_sig 00000092, bytes_mixed 20 37d49d89 e20417cc
[    2.111610] RANDOM - __random32 called. Change num 13.  Value: eba68b0e	1db9b963	cf3ec61b
[    2.111613] RANDOM - random32 called.  Value: eba68b0e	1db9b963	cf3ec61b
[    2.111665] NET: Registered protocol family 17
[    2.111685] Using IPI No-Shortcut mode
[    2.111690] random 0000 0000 0000 2ee4c4fc 167bdb15: rand_read_num 6 get_random_bytes(8): sig fffffcbf 2ee4c4fc 167bdb15
[    2.111693] random 0000 0000 0000 2ee4c4fc 167bdb15: extract_entropy(.. 8 ..)
[    2.111695] random 0000 0000 0000 2ee4c4fc 167bdb15: going to reseed nonblocking with 64 bits (64 of 0 requested)
[    2.111697] random 0000 0000 0000 2ee4c4fc 167bdb15: extract_entropy(.. 8 ..)
[    2.111699] random 0000 0000 0000 2ee4c4fc 167bdb15: trying to extract 64 bits from input
[    2.111701] random 0000 0000 0000 2ee4c4fc 167bdb15: debiting 0 entropy credits from input
[    2.111703] random 0000 0000 0000 2ee4c4fc 167bdb15: extract_entropy account returned: 0 
[    2.111706] random 0000 0000 0000 2ee4c4fc 167bdb15: urand_change_num 24 xfer_secondary_pool(8): pool_sig fffffcbf, data_sig 00000000, bytes_mixed 0 2ee4c4fc 167bdb15
[    2.111708] random 0000 0000 0000 2ee4c4fc 167bdb15: trying to extract 64 bits from nonblocking
[    2.111711] random 0000 0000 0000 2ee4c4fc 167bdb15: debiting 64 entropy credits from nonblocking (unlimited)
[    2.111713] random 0000 0000 0000 2ee4c4fc 167bdb15: extract_entropy account returned: 8 
[    2.111716] random 0000 0000 0000 2ee4c4fc 167bdb15: urand_change_num 25 extract_buf: pool_sig fffffcbf, data_sig ffffff83, bytes_mixed 20 2ee4c4fc 167bdb15
[    2.111757] PM: Resume from disk failed.
[    2.111764] registered taskstats version 1
[    2.111767] random 0000 0000 0000 2ee4c4fc 167bdb15: rand_read_num 7 get_random_bytes(12): sig fffffc69 2ee4c4fc 167bdb15
[    2.111769] random 0000 0000 0000 2ee4c4fc 167bdb15: extract_entropy(.. 12 ..)
[    2.111771] random 0000 0000 0000 2ee4c4fc 167bdb15: going to reseed nonblocking with 96 bits (96 of 0 requested)
[    2.111773] random 0000 0000 0000 2ee4c4fc 167bdb15: extract_entropy(.. 12 ..)
[    2.111775] random 0000 0000 0000 2ee4c4fc 167bdb15: trying to extract 96 bits from input
[    2.111777] random 0000 0000 0000 2ee4c4fc 167bdb15: debiting 0 entropy credits from input
[    2.111779] random 0000 0000 0000 2ee4c4fc 167bdb15: extract_entropy account returned: 0 
[    2.111782] random 0000 0000 0000 2ee4c4fc 167bdb15: urand_change_num 26 xfer_secondary_pool(12): pool_sig fffffc69, data_sig 00000000, bytes_mixed 0 2ee4c4fc 167bdb15
[    2.111785] random 0000 0000 0000 2ee4c4fc 167bdb15: trying to extract 96 bits from nonblocking
[    2.111787] random 0000 0000 0000 2ee4c4fc 167bdb15: debiting 96 entropy credits from nonblocking (unlimited)
[    2.111789] random 0000 0000 0000 2ee4c4fc 167bdb15: extract_entropy account returned: 12 
[    2.111792] random 0000 0000 0000 2ee4c4fc 167bdb15: urand_change_num 27 extract_buf: pool_sig fffffc69, data_sig ffffff7d, bytes_mixed 20 2ee4c4fc 167bdb15
[    2.111796] random 0000 0000 0000 83b7c1ab 94697f48: urand_change_num 28 extract_buf: pool_sig fffffe30, data_sig fffffdd6, bytes_mixed 20 83b7c1ab 94697f48
[    2.111799] RANDOM - __seed init called.
[    2.111800] RANDOM - __seed init called.
[    2.111801] RANDOM - __seed init called.
[    2.111803] RANDOM - __random32 called. Change num 14.  Value: fc007995	feca4f80	21b38ad2
[    2.111805] RANDOM - random32_reseed called.  Value: fc007995	feca4f80	21b38ad2
[    2.111807] Pid: 1, comm: swapper Not tainted 2.6.32.57 #4
[    2.111809] Call Trace:
[    2.111815]  [<c14a8a0e>] ? printk+0x1d/0x1f
[    2.111820]  [<c17537e5>] random32_reseed+0x89/0xbd
[    2.111823]  [<c1003042>] do_one_initcall+0x32/0x1a0
[    2.111826]  [<c175375c>] ? random32_reseed+0x0/0xbd
[    2.111829]  [<c17308e7>] kernel_init+0x12d/0x17a
[    2.111831]  [<c17307ba>] ? kernel_init+0x0/0x17a
[    2.111834]  [<c1009b07>] kernel_thread_helper+0x7/0x10
[    2.114565] input: AT Translated Set 2 keyboard as /devices/platform/i8042/serio0/input/input1
[    2.114843] random 0000 0000 0000 6db70b00 b30ce96b: rand_read_num 8 get_random_bytes(64): sig fffffb38 6db70b00 b30ce96b
[    2.114846] random 0000 0000 0000 6db70b00 b30ce96b: extract_entropy(.. 64 ..)
[    2.114849] random 0000 0000 0000 6db70b00 b30ce96b: going to reseed nonblocking with 512 bits (512 of 0 requested)
[    2.114851] random 0000 0000 0000 6db70b00 b30ce96b: extract_entropy(.. 64 ..)
[    2.114853] random 0000 0000 0000 6db70b00 b30ce96b: trying to extract 512 bits from input
[    2.114855] random 0000 0000 0000 6db70b00 b30ce96b: debiting 0 entropy credits from input
[    2.114857] random 0000 0000 0000 6db70b00 b30ce96b: extract_entropy account returned: 0 
[    2.114860] random 0000 0000 0000 6db70b00 b30ce96b: urand_change_num 29 xfer_secondary_pool(64): pool_sig fffffb38, data_sig 00000000, bytes_mixed 0 6db70b00 b30ce96b
[    2.114862] random 0000 0000 0000 6db70b00 b30ce96b: trying to extract 512 bits from nonblocking
[    2.114865] random 0000 0000 0000 6db70b00 b30ce96b: debiting 512 entropy credits from nonblocking (unlimited)
[    2.114867] random 0000 0000 0000 6db70b00 b30ce96b: extract_entropy account returned: 64 
[    2.114870] random 0000 0000 0000 6db70b00 b30ce96b: urand_change_num 30 extract_buf: pool_sig fffffb38, data_sig 00000151, bytes_mixed 20 6db70b00 b30ce96b
[    2.114874] random 0000 0000 0000 6db70b00 b30ce96b: urand_change_num 31 extract_buf: pool_sig fffffdb8, data_sig 00000379, bytes_mixed 20 6db70b00 b30ce96b
[    2.114879] random 0000 0000 0000 6b83001e d4b6c0d3: urand_change_num 32 extract_buf: pool_sig ffffffc9, data_sig 00000198, bytes_mixed 20 6b83001e d4b6c0d3
[    2.114883] random 0000 0000 0000 79d3e3c7 be564518: urand_change_num 33 extract_buf: pool_sig 000002b9, data_sig ffffff84, bytes_mixed 20 79d3e3c7 be564518
[    2.114887] random 0000 0000 0000 79d3e3c7 be564518: urand_change_num 34 extract_buf: pool_sig ffffff55, data_sig ffffff5a, bytes_mixed 20 79d3e3c7 be564518
[    2.114891] random 0000 0000 0000 89c03cb2 0d353228: urand_change_num 35 extract_buf: pool_sig 00000007, data_sig ffffff17, bytes_mixed 20 89c03cb2 0d353228
[    2.114895] random 0000 0000 0000 89c03cb2 0d353228: urand_change_num 36 extract_buf: pool_sig fffffdae, data_sig 000000db, bytes_mixed 20 89c03cb2 0d353228  Magic number: 13:143:206
[    2.114989] rtc_cmos 00:04: setting system clock to 2013-05-25 01:12:34 UTC (1369444354)
[    2.114992] BIOS EDD facility v0.16 2004-Jun-25, 0 devices found
[    2.114993] EDD information not available.
[    2.115016] random 0000 0000 0000 8ca62387 b120332c: rand_read_num 9 get_random_bytes(64): sig fffffed6 8ca62387 b120332c
[    2.115018] random 0000 0000 0000 8ca62387 b120332c: extract_entropy(.. 64 ..)
[    2.115020] random 0000 0000 0000 8ca62387 b120332c: going to reseed nonblocking with 512 bits (512 of 0 requested)
[    2.115022] random 0000 0000 0000 8ca62387 b120332c: extract_entropy(.. 64 ..)
[    2.115024] random 0000 0000 0000 8ca62387 b120332c: trying to extract 512 bits from input
[    2.115026] random 0000 0000 0000 8ca62387 b120332c: debiting 0 entropy credits from input
[    2.115028] random 0000 0000 0000 8ca62387 b120332c: extract_entropy account returned: 0 
[    2.115031] random 0000 0000 0000 8ca62387 b120332c: urand_change_num 37 xfer_secondary_pool(64): pool_sig fffffed6, data_sig 00000000, bytes_mixed 0 8ca62387 b120332c
[    2.115034] random 0000 0000 0000 8ca62387 b120332c: trying to extract 512 bits from nonblocking
[    2.115036] random 0000 0000 0000 8ca62387 b120332c: debiting 512 entropy credits from nonblocking (unlimited)
[    2.115038] random 0000 0000 0000 8ca62387 b120332c: extract_entropy account returned: 64 
[    2.115041] random 0000 0000 0000 8ca62387 b120332c: urand_change_num 38 extract_buf: pool_sig fffffed6, data_sig fffffeb6, bytes_mixed 20 8ca62387 b120332c
[    2.115045] random 0000 0000 0000 90702413 e2a66c2e: urand_change_num 39 extract_buf: pool_sig fffffbb0, data_sig 0000012e, bytes_mixed 20 90702413 e2a66c2e
[    2.115049] random 0000 0000 0000 90702413 e2a66c2e: urand_change_num 40 extract_buf: pool_sig fffffaf1, data_sig ffffff3c, bytes_mixed 20 90702413 e2a66c2e
[    2.115054] random 0000 0000 0000 3f58038b c77aecb6: urand_change_num 41 extract_buf: pool_sig 00000234, data_sig fffffdec, bytes_mixed 20 3f58038b c77aecb6
[    2.115058] random 0000 0000 0000 47187b9d 03f21510: urand_change_num 42 extract_buf: pool_sig 00000192, data_sig 00000075, bytes_mixed 20 47187b9d 03f21510
[    2.115062] random 0000 0000 0000 47187b9d 03f21510: urand_change_num 43 extract_buf: pool_sig 0000018e, data_sig ffffffbf, bytes_mixed 20 47187b9d 03f21510
[    2.115066] random 0000 0000 0000 3180b1fc 0fa9c973: urand_change_num 44 extract_buf: pool_sig fffffecf, data_sig ffffff2a, bytes_mixed 20 3180b1fc 0fa9c973
[    2.115069] BEGIN NET_SECRET:
[    2.115070] \xffffff87
[    2.115071] \xffffff8d
[    2.115072] \xfffffff4
[    2.115073] \xffffffae
[    2.115074] \xffffffc3
[    2.115075] \xffffffb7
[    2.115076] \x31
[    2.115077] \x65
[    2.115079] \xffffffda
[    2.115080] \xffffffa2
[    2.115081] \x31
[    2.115082] \xffffffc8
[    2.115083] \xffffffa9
[    2.115084] \x76
[    2.115085] \x76
[    2.115086] \xffffff90
[    2.115087] \x55
[    2.115088] \xfffffff3
[    2.115089] \xffffffb1
[    2.115090] \x3
[    2.115092] \xffffffb3
[    2.115093] \xffffffa7
[    2.115094] \x5a
[    2.115095] \x71
[    2.115096] \x70
[    2.115097] \xffffff8c
[    2.115098] \x56
[    2.115099] \x25
[    2.115100] \xffffffe1
[    2.115101] \x4c
[    2.115102] \xffffffe6
[    2.115103] \xffffff95
[    2.115104] \x67
[    2.115105] \x4c
[    2.115106] \xffffffb9
[    2.115108] \x1d
[    2.115109] \xe
[    2.115110] \x34
[    2.115111] \xffffffbe
[    2.115112] \x12
[    2.115113] \x5
[    2.115114] \xffffff98
[    2.115115] \xffffffa0
[    2.115116] \xf
[    2.115117] \xffffffb2
[    2.115118] \xffffffde
[    2.115119] \xffffff99
[    2.115120] \xf
[    2.115121] \xffffffe8
[    2.115123] \xffffffc8
[    2.115124] \x1f
[    2.115125] \x54
[    2.115126] \x2c
[    2.115127] \xffffffee
[    2.115128] \x2e
[    2.115129] \x0
[    2.115130] \xffffff95
[    2.115131] \x0
[    2.115132] \xffffffe3
[    2.115133] \xffffffa7
[    2.115134] \xfffffffd
[    2.115135] \x66
[    2.115136] \xffffff92
[    2.115138] \xfffffff0
[    2.115139] 
[    2.115139] END NET_SECRET
[    2.115142] random 0000 0000 0000 3180b1fc 0fa9c973: rand_read_num 10 get_random_bytes(4): sig ffffff46 3180b1fc 0fa9c973
[    2.115144] random 0000 0000 0000 3180b1fc 0fa9c973: extract_entropy(.. 4 ..)
[    2.115147] random 0000 0000 0000 3180b1fc 0fa9c973: going to reseed nonblocking with 64 bits (32 of 0 requested)
[    2.115149] random 0000 0000 0000 3180b1fc 0fa9c973: extract_entropy(.. 8 ..)
[    2.115151] random 0000 0000 0000 3180b1fc 0fa9c973: trying to extract 64 bits from input
[    2.115153] random 0000 0000 0000 3180b1fc 0fa9c973: debiting 0 entropy credits from input
[    2.115155] random 0000 0000 0000 3180b1fc 0fa9c973: extract_entropy account returned: 0 
[    2.115158] random 0000 0000 0000 3180b1fc 0fa9c973: urand_change_num 45 xfer_secondary_pool(4): pool_sig ffffff46, data_sig 00000000, bytes_mixed 0 3180b1fc 0fa9c973
[    2.115160] random 0000 0000 0000 3180b1fc 0fa9c973: trying to extract 32 bits from nonblocking
[    2.115162] random 0000 0000 0000 3180b1fc 0fa9c973: debiting 32 entropy credits from nonblocking (unlimited)
[    2.115164] random 0000 0000 0000 3180b1fc 0fa9c973: extract_entropy account returned: 4 
[    2.115167] random 0000 0000 0000 3180b1fc 0fa9c973: urand_change_num 46 extract_buf: pool_sig ffffff46, data_sig 0000001b, bytes_mixed 20 3180b1fc 0fa9c973
[    2.287937] ata2.00: ATAPI: VMware Virtual IDE CDROM Drive, 00000001, max UDMA/33
[    2.288218] ata2.00: configured for UDMA/33
[    2.288628] scsi 1:0:0:0: CD-ROM            NECVMWar VMware IDE CDR10 1.00 PQ: 0 ANSI: 5
[    2.289892] sr0: scsi3-mmc drive: 306x/306x cd/rw xa/form2 cdda tray
[    2.289895] Uniform CD-ROM driver Revision: 3.20
[    2.289947] sr 1:0:0:0: Attached scsi CD-ROM sr0
[    2.289985] sr 1:0:0:0: Attached scsi generic sg0 type 5
[    2.290022] Freeing unused kernel memory: 652k freed
[    2.290074] Write protecting the kernel text: 4840k
[    2.290104] Write protecting the kernel read-only data: 1968k
[    2.290192] random 0000 0000 0000 38974d2b 1d8d6de0: rand_read_num 11 get_random_bytes(16): sig 000001c6 38974d2b 1d8d6de0
