[    0.000000] random 0000 0000 0000 00000000 00000000: rand_read_num 1 get_random_bytes(8): sig 00000000 00000000 00000000
[    0.000000] random 0000 0000 0000 00000000 00000000: extract_entropy(.. 8 ..)
[    0.000000] random 0000 0000 0000 00000000 00000000: going to reseed nonblocking with 64 bits (64 of 0 requested)
[    0.000000] random 0000 0000 0000 00000000 00000000: extract_entropy(.. 8 ..)
[    0.000000] random 0000 0000 0000 00000000 00000000: trying to extract 64 bits from input
[    0.000000] random 0000 0000 0000 00000000 00000000: debiting 0 entropy credits from input
[    0.000000] random 0000 0000 0000 00000000 00000000: extract_entropy account returned: 0 
[    0.000000] random 0000 0000 0000 00000000 00000000: urand_change_num 1 xfer_secondary_pool(8): pool_sig 00000000, data_sig 00000000, bytes_mixed 0 00000000 00000000
[    0.000000] random 0000 0000 0000 00000000 00000000: trying to extract 64 bits from nonblocking
[    0.000000] random 0000 0000 0000 00000000 00000000: debiting 64 entropy credits from nonblocking (unlimited)
[    0.000000] random 0000 0000 0000 00000000 00000000: extract_entropy account returned: 8 
[    0.000000] random 0000 0000 0000 00000000 00000000: urand_change_num 2 extract_buf: pool_sig 00000000, data_sig fffffff9, bytes_mixed 20 00000000 00000000
[    0.000000] Initializing cgroup subsys cpuset
[    0.000000] Initializing cgroup subsys cpu
[    0.000000] Linux version 2.6.32.57 (dcashman@ubuntu) (gcc version 4.6.3 (Ubuntu/Linaro 4.6.3-1ubuntu5) ) #4 SMP Fri May 24 11:09:26 PDT 2013
[    0.000000] KERNEL supported cpus:
[    0.000000]   Intel GenuineIntel
[    0.000000]   AMD AuthenticAMD
[    0.000000]   NSC Geode by NSC
[    0.000000]   Cyrix CyrixInstead
[    0.000000]   Centaur CentaurHauls
[    0.000000]   Transmeta GenuineTMx86
[    0.000000]   Transmeta TransmetaCPU
[    0.000000]   UMC UMC UMC UMC
[    0.000000] BIOS-provided physical RAM map:
[    0.000000]  BIOS-e820: 0000000000000000 - 000000000009f000 (usable)
[    0.000000]  BIOS-e820: 000000000009f000 - 00000000000a0000 (reserved)
[    0.000000]  BIOS-e820: 00000000000ca000 - 00000000000cc000 (reserved)
[    0.000000]  BIOS-e820: 00000000000dc000 - 0000000000100000 (reserved)
[    0.000000]  BIOS-e820: 0000000000100000 - 000000003fee0000 (usable)
[    0.000000]  BIOS-e820: 000000003fee0000 - 000000003feff000 (ACPI data)
[    0.000000]  BIOS-e820: 000000003feff000 - 000000003ff00000 (ACPI NVS)
[    0.000000]  BIOS-e820: 000000003ff00000 - 0000000040000000 (usable)
[    0.000000]  BIOS-e820: 00000000e0000000 - 00000000f0000000 (reserved)
[    0.000000]  BIOS-e820: 00000000fec00000 - 00000000fec10000 (reserved)
[    0.000000]  BIOS-e820: 00000000fee00000 - 00000000fee01000 (reserved)
[    0.000000]  BIOS-e820: 00000000fffe0000 - 0000000100000000 (reserved)
[    0.000000] DMI present.
[    0.000000] Phoenix BIOS detected: BIOS may corrupt low RAM, working around it.
[    0.000000] e820 update range: 0000000000000000 - 0000000000010000 (usable) ==> (reserved)
[    0.000000] last_pfn = 0x40000 max_arch_pfn = 0x1000000
[    0.000000] MTRR default type: uncachable
[    0.000000] MTRR fixed ranges enabled:
[    0.000000]   00000-9FFFF write-back
[    0.000000]   A0000-BFFFF uncachable
[    0.000000]   C0000-CBFFF write-protect
[    0.000000]   CC000-EFFFF uncachable
[    0.000000]   F0000-FFFFF write-protect
[    0.000000] MTRR variable ranges enabled:
[    0.000000]   0 base 0000000000 mask FFC0000000 write-back
[    0.000000]   1 disabled
[    0.000000]   2 disabled
[    0.000000]   3 disabled
[    0.000000]   4 disabled
[    0.000000]   5 disabled
[    0.000000]   6 disabled
[    0.000000]   7 disabled
[    0.000000] x86 PAT enabled: cpu 0, old 0x0, new 0x7010600070106
[    0.000000] Scanning 0 areas for low memory corruption
[    0.000000] modified physical RAM map:
[    0.000000]  modified: 0000000000000000 - 0000000000010000 (reserved)
[    0.000000]  modified: 0000000000010000 - 000000000009f000 (usable)
[    0.000000]  modified: 000000000009f000 - 00000000000a0000 (reserved)
[    0.000000]  modified: 00000000000ca000 - 00000000000cc000 (reserved)
[    0.000000]  modified: 00000000000dc000 - 0000000000100000 (reserved)
[    0.000000]  modified: 0000000000100000 - 000000003fee0000 (usable)
[    0.000000]  modified: 000000003fee0000 - 000000003feff000 (ACPI data)
[    0.000000]  modified: 000000003feff000 - 000000003ff00000 (ACPI NVS)
[    0.000000]  modified: 000000003ff00000 - 0000000040000000 (usable)
[    0.000000]  modified: 00000000e0000000 - 00000000f0000000 (reserved)
[    0.000000]  modified: 00000000fec00000 - 00000000fec10000 (reserved)
[    0.000000]  modified: 00000000fee00000 - 00000000fee01000 (reserved)
[    0.000000]  modified: 00000000fffe0000 - 0000000100000000 (reserved)
[    0.000000] initial memory mapped : 0 - 01e00000
[    0.000000] init_memory_mapping: 0000000000000000-00000000379fe000
[    0.000000] NX (Execute Disable) protection: active
[    0.000000]  0000000000 - 0000200000 page 4k
[    0.000000]  0000200000 - 0037800000 page 2M
[    0.000000]  0037800000 - 00379fe000 page 4k
[    0.000000] kernel direct mapping tables up to 379fe000 @ 10000-16000
[    0.000000] RAMDISK: 2dcfc000 - 32e758c3
[    0.000000] ACPI: RSDP 000f6b80 00024 (v02 PTLTD )
[    0.000000] ACPI: XSDT 3feed636 0005C (v01 INTEL  440BX    06040000 VMW  01324272)
[    0.000000] ACPI: FACP 3fefee98 000F4 (v04 INTEL  440BX    06040000 PTL  000F4240)
[    0.000000] ACPI: DSDT 3feee366 10B32 (v01 PTLTD  Custom   06040000 MSFT 03000001)
[    0.000000] ACPI: FACS 3fefffc0 00040
[    0.000000] ACPI: BOOT 3feee33e 00028 (v01 PTLTD  $SBFTBL$ 06040000  LTP 00000001)
[    0.000000] ACPI: APIC 3feedc3e 003C2 (v01 PTLTD  ? APIC   06040000  LTP 00000000)
[    0.000000] ACPI: MCFG 3feedc02 0003C (v01 PTLTD  $PCITBL$ 06040000  LTP 00000001)
[    0.000000] ACPI: SRAT 3feed732 004D0 (v02 VMWARE MEMPLUG  06040000 VMW  00000001)
[    0.000000] ACPI: HPET 3feed6fa 00038 (v01 VMWARE VMW HPET 06040000 VMW  00000001)
[    0.000000] ACPI: WAET 3feed6d2 00028 (v01 VMWARE VMW WAET 06040000 VMW  00000001)
[    0.000000] ACPI: Local APIC address 0xfee00000
[    0.000000] 134MB HIGHMEM available.
[    0.000000] 889MB LOWMEM available.
[    0.000000]   mapped low ram: 0 - 379fe000
[    0.000000]   low ram: 0 - 379fe000
[    0.000000]   node 0 low ram: 00000000 - 379fe000
[    0.000000]   node 0 bootmap 00012000 - 00018f40
[    0.000000] (9 early reservations) ==> bootmem [0000000000 - 00379fe000]
[    0.000000]   #0 [0000000000 - 0000001000]   BIOS data page ==> [0000000000 - 0000001000]
[    0.000000]   #1 [0000001000 - 0000002000]    EX TRAMPOLINE ==> [0000001000 - 0000002000]
[    0.000000]   #2 [0000006000 - 0000007000]       TRAMPOLINE ==> [0000006000 - 0000007000]
[    0.000000]   #3 [0001000000 - 0001a75ff8]    TEXT DATA BSS ==> [0001000000 - 0001a75ff8]
[    0.000000]   #4 [002dcfc000 - 0032e758c3]          RAMDISK ==> [002dcfc000 - 0032e758c3]
[    0.000000]   #5 [000009f000 - 0000100000]    BIOS reserved ==> [000009f000 - 0000100000]
[    0.000000]   #6 [0001a76000 - 0001a851c0]              BRK ==> [0001a76000 - 0001a851c0]
[    0.000000]   #7 [0000010000 - 0000012000]          PGTABLE ==> [0000010000 - 0000012000]
[    0.000000]   #8 [0000012000 - 0000019000]          BOOTMAP ==> [0000012000 - 0000019000]
[    0.000000] found SMP MP-table at [c00f6bf0] f6bf0
[    0.000000] Zone PFN ranges:
[    0.000000]   DMA      0x00000010 -> 0x00001000
[    0.000000]   Normal   0x00001000 -> 0x000379fe
[    0.000000]   HighMem  0x000379fe -> 0x00040000
[    0.000000] Movable zone start PFN for each node
[    0.000000] early_node_map[3] active PFN ranges
[    0.000000]     0: 0x00000010 -> 0x0000009f
[    0.000000]     0: 0x00000100 -> 0x0003fee0
[    0.000000]     0: 0x0003ff00 -> 0x00040000
[    0.000000] On node 0 totalpages: 261999
[    0.000000] free_area_init_node: node 0, pgdat c1715200, node_mem_map c1a87200
[    0.000000]   DMA zone: 32 pages used for memmap
[    0.000000]   DMA zone: 0 pages reserved
[    0.000000]   DMA zone: 3951 pages, LIFO batch:0
[    0.000000]   Normal zone: 1748 pages used for memmap
[    0.000000]   Normal zone: 221994 pages, LIFO batch:31
[    0.000000]   HighMem zone: 269 pages used for memmap
[    0.000000]   HighMem zone: 34005 pages, LIFO batch:7
[    0.000000] Using APIC driver default
[    0.000000] ACPI: PM-Timer IO Port: 0x1008
[    0.000000] ACPI: Local APIC address 0xfee00000
[    0.000000] ACPI: LAPIC (acpi_id[0x00] lapic_id[0x00] enabled)
[    0.000000] ACPI: LAPIC (acpi_id[0x01] lapic_id[0x02] disabled)
[    0.000000] ACPI: LAPIC (acpi_id[0x02] lapic_id[0x04] disabled)
[    0.000000] ACPI: LAPIC (acpi_id[0x03] lapic_id[0x06] disabled)
[    0.000000] ACPI: LAPIC (acpi_id[0x04] lapic_id[0x08] disabled)
[    0.000000] ACPI: LAPIC (acpi_id[0x05] lapic_id[0x0a] disabled)
[    0.000000] ACPI: LAPIC (acpi_id[0x06] lapic_id[0x0c] disabled)
[    0.000000] ACPI: LAPIC (acpi_id[0x07] lapic_id[0x0e] disabled)
[    0.000000] ACPI: LAPIC (acpi_id[0x08] lapic_id[0x10] disabled)
[    0.000000] ACPI: LAPIC (acpi_id[0x09] lapic_id[0x12] disabled)
[    0.000000] ACPI: LAPIC (acpi_id[0x0a] lapic_id[0x14] disabled)
[    0.000000] ACPI: LAPIC (acpi_id[0x0b] lapic_id[0x16] disabled)
[    0.000000] ACPI: LAPIC (acpi_id[0x0c] lapic_id[0x18] disabled)
[    0.000000] ACPI: LAPIC (acpi_id[0x0d] lapic_id[0x1a] disabled)
[    0.000000] ACPI: LAPIC (acpi_id[0x0e] lapic_id[0x1c] disabled)
[    0.000000] ACPI: LAPIC (acpi_id[0x0f] lapic_id[0x1e] disabled)
[    0.000000] ACPI: LAPIC (acpi_id[0x10] lapic_id[0x20] disabled)
[    0.000000] ACPI: LAPIC (acpi_id[0x11] lapic_id[0x22] disabled)
[    0.000000] ACPI: LAPIC (acpi_id[0x12] lapic_id[0x24] disabled)
[    0.000000] ACPI: LAPIC (acpi_id[0x13] lapic_id[0x26] disabled)
[    0.000000] ACPI: LAPIC (acpi_id[0x14] lapic_id[0x28] disabled)
[    0.000000] ACPI: LAPIC (acpi_id[0x15] lapic_id[0x2a] disabled)
[    0.000000] ACPI: LAPIC (acpi_id[0x16] lapic_id[0x2c] disabled)
[    0.000000] ACPI: LAPIC (acpi_id[0x17] lapic_id[0x2e] disabled)
[    0.000000] ACPI: LAPIC (acpi_id[0x18] lapic_id[0x30] disabled)
[    0.000000] ACPI: LAPIC (acpi_id[0x19] lapic_id[0x32] disabled)
[    0.000000] ACPI: LAPIC (acpi_id[0x1a] lapic_id[0x34] disabled)
[    0.000000] ACPI: LAPIC (acpi_id[0x1b] lapic_id[0x36] disabled)
[    0.000000] ACPI: LAPIC (acpi_id[0x1c] lapic_id[0x38] disabled)
[    0.000000] ACPI: LAPIC (acpi_id[0x1d] lapic_id[0x3a] disabled)
[    0.000000] ACPI: LAPIC (acpi_id[0x1e] lapic_id[0x3c] disabled)
[    0.000000] ACPI: LAPIC (acpi_id[0x1f] lapic_id[0x3e] disabled)
[    0.000000] ACPI: LAPIC (acpi_id[0x20] lapic_id[0x40] disabled)
[    0.000000] ACPI: LAPIC (acpi_id[0x21] lapic_id[0x42] disabled)
[    0.000000] ACPI: LAPIC (acpi_id[0x22] lapic_id[0x44] disabled)
[    0.000000] ACPI: LAPIC (acpi_id[0x23] lapic_id[0x46] disabled)
[    0.000000] ACPI: LAPIC (acpi_id[0x24] lapic_id[0x48] disabled)
[    0.000000] ACPI: LAPIC (acpi_id[0x25] lapic_id[0x4a] disabled)
[    0.000000] ACPI: LAPIC (acpi_id[0x26] lapic_id[0x4c] disabled)
[    0.000000] ACPI: LAPIC (acpi_id[0x27] lapic_id[0x4e] disabled)
[    0.000000] ACPI: LAPIC (acpi_id[0x28] lapic_id[0x50] disabled)
[    0.000000] ACPI: LAPIC (acpi_id[0x29] lapic_id[0x52] disabled)
[    0.000000] ACPI: LAPIC (acpi_id[0x2a] lapic_id[0x54] disabled)
[    0.000000] ACPI: LAPIC (acpi_id[0x2b] lapic_id[0x56] disabled)
[    0.000000] ACPI: LAPIC (acpi_id[0x2c] lapic_id[0x58] disabled)
[    0.000000] ACPI: LAPIC (acpi_id[0x2d] lapic_id[0x5a] disabled)
[    0.000000] ACPI: LAPIC (acpi_id[0x2e] lapic_id[0x5c] disabled)
[    0.000000] ACPI: LAPIC (acpi_id[0x2f] lapic_id[0x5e] disabled)
[    0.000000] ACPI: LAPIC (acpi_id[0x30] lapic_id[0x60] disabled)
[    0.000000] ACPI: LAPIC (acpi_id[0x31] lapic_id[0x62] disabled)
[    0.000000] ACPI: LAPIC (acpi_id[0x32] lapic_id[0x64] disabled)
[    0.000000] ACPI: LAPIC (acpi_id[0x33] lapic_id[0x66] disabled)
[    0.000000] ACPI: LAPIC (acpi_id[0x34] lapic_id[0x68] disabled)
[    0.000000] ACPI: LAPIC (acpi_id[0x35] lapic_id[0x6a] disabled)
[    0.000000] ACPI: LAPIC (acpi_id[0x36] lapic_id[0x6c] disabled)
[    0.000000] ACPI: LAPIC (acpi_id[0x37] lapic_id[0x6e] disabled)
[    0.000000] ACPI: LAPIC (acpi_id[0x38] lapic_id[0x70] disabled)
[    0.000000] ACPI: LAPIC (acpi_id[0x39] lapic_id[0x72] disabled)
[    0.000000] ACPI: LAPIC (acpi_id[0x3a] lapic_id[0x74] disabled)
[    0.000000] ACPI: LAPIC (acpi_id[0x3b] lapic_id[0x76] disabled)
[    0.000000] ACPI: LAPIC (acpi_id[0x3c] lapic_id[0x78] disabled)
[    0.000000] ACPI: LAPIC (acpi_id[0x3d] lapic_id[0x7a] disabled)
[    0.000000] ACPI: LAPIC (acpi_id[0x3e] lapic_id[0x7c] disabled)
[    0.000000] ACPI: LAPIC (acpi_id[0x3f] lapic_id[0x7e] disabled)
[    0.000000] ACPI: LAPIC_NMI (acpi_id[0x00] high edge lint[0x1])
[    0.000000] ACPI: LAPIC_NMI (acpi_id[0x01] high edge lint[0x1])
[    0.000000] ACPI: LAPIC_NMI (acpi_id[0x02] high edge lint[0x1])
[    0.000000] ACPI: LAPIC_NMI (acpi_id[0x03] high edge lint[0x1])
[    0.000000] ACPI: LAPIC_NMI (acpi_id[0x04] high edge lint[0x1])
[    0.000000] ACPI: LAPIC_NMI (acpi_id[0x05] high edge lint[0x1])
[    0.000000] ACPI: LAPIC_NMI (acpi_id[0x06] high edge lint[0x1])
[    0.000000] ACPI: LAPIC_NMI (acpi_id[0x07] high edge lint[0x1])
[    0.000000] ACPI: LAPIC_NMI (acpi_id[0x08] high edge lint[0x1])
[    0.000000] ACPI: LAPIC_NMI (acpi_id[0x09] high edge lint[0x1])
[    0.000000] ACPI: LAPIC_NMI (acpi_id[0x0a] high edge lint[0x1])
[    0.000000] ACPI: LAPIC_NMI (acpi_id[0x0b] high edge lint[0x1])
[    0.000000] ACPI: LAPIC_NMI (acpi_id[0x0c] high edge lint[0x1])
[    0.000000] ACPI: LAPIC_NMI (acpi_id[0x0d] high edge lint[0x1])
[    0.000000] ACPI: LAPIC_NMI (acpi_id[0x0e] high edge lint[0x1])
[    0.000000] ACPI: LAPIC_NMI (acpi_id[0x0f] high edge lint[0x1])
[    0.000000] ACPI: LAPIC_NMI (acpi_id[0x10] high edge lint[0x1])
[    0.000000] ACPI: LAPIC_NMI (acpi_id[0x11] high edge lint[0x1])
[    0.000000] ACPI: LAPIC_NMI (acpi_id[0x12] high edge lint[0x1])
[    0.000000] ACPI: LAPIC_NMI (acpi_id[0x13] high edge lint[0x1])
[    0.000000] ACPI: LAPIC_NMI (acpi_id[0x14] high edge lint[0x1])
[    0.000000] ACPI: LAPIC_NMI (acpi_id[0x15] high edge lint[0x1])
[    0.000000] ACPI: LAPIC_NMI (acpi_id[0x16] high edge lint[0x1])
[    0.000000] ACPI: LAPIC_NMI (acpi_id[0x17] high edge lint[0x1])
[    0.000000] ACPI: LAPIC_NMI (acpi_id[0x18] high edge lint[0x1])
[    0.000000] ACPI: LAPIC_NMI (acpi_id[0x19] high edge lint[0x1])
[    0.000000] ACPI: LAPIC_NMI (acpi_id[0x1a] high edge lint[0x1])
[    0.000000] ACPI: LAPIC_NMI (acpi_id[0x1b] high edge lint[0x1])
[    0.000000] ACPI: LAPIC_NMI (acpi_id[0x1c] high edge lint[0x1])
[    0.000000] ACPI: LAPIC_NMI (acpi_id[0x1d] high edge lint[0x1])
[    0.000000] ACPI: LAPIC_NMI (acpi_id[0x1e] high edge lint[0x1])
[    0.000000] ACPI: LAPIC_NMI (acpi_id[0x1f] high edge lint[0x1])
[    0.000000] ACPI: LAPIC_NMI (acpi_id[0x20] high edge lint[0x1])
[    0.000000] ACPI: LAPIC_NMI (acpi_id[0x21] high edge lint[0x1])
[    0.000000] ACPI: LAPIC_NMI (acpi_id[0x22] high edge lint[0x1])
[    0.000000] ACPI: LAPIC_NMI (acpi_id[0x23] high edge lint[0x1])
[    0.000000] ACPI: LAPIC_NMI (acpi_id[0x24] high edge lint[0x1])
[    0.000000] ACPI: LAPIC_NMI (acpi_id[0x25] high edge lint[0x1])
[    0.000000] ACPI: LAPIC_NMI (acpi_id[0x26] high edge lint[0x1])
[    0.000000] ACPI: LAPIC_NMI (acpi_id[0x27] high edge lint[0x1])
[    0.000000] ACPI: LAPIC_NMI (acpi_id[0x28] high edge lint[0x1])
[    0.000000] ACPI: LAPIC_NMI (acpi_id[0x29] high edge lint[0x1])
[    0.000000] ACPI: LAPIC_NMI (acpi_id[0x2a] high edge lint[0x1])
[    0.000000] ACPI: LAPIC_NMI (acpi_id[0x2b] high edge lint[0x1])
[    0.000000] ACPI: LAPIC_NMI (acpi_id[0x2c] high edge lint[0x1])
[    0.000000] ACPI: LAPIC_NMI (acpi_id[0x2d] high edge lint[0x1])
[    0.000000] ACPI: LAPIC_NMI (acpi_id[0x2e] high edge lint[0x1])
[    0.000000] ACPI: LAPIC_NMI (acpi_id[0x2f] high edge lint[0x1])
[    0.000000] ACPI: LAPIC_NMI (acpi_id[0x30] high edge lint[0x1])
[    0.000000] ACPI: LAPIC_NMI (acpi_id[0x31] high edge lint[0x1])
[    0.000000] ACPI: LAPIC_NMI (acpi_id[0x32] high edge lint[0x1])
[    0.000000] ACPI: LAPIC_NMI (acpi_id[0x33] high edge lint[0x1])
[    0.000000] ACPI: LAPIC_NMI (acpi_id[0x34] high edge lint[0x1])
[    0.000000] ACPI: LAPIC_NMI (acpi_id[0x35] high edge lint[0x1])
[    0.000000] ACPI: LAPIC_NMI (acpi_id[0x36] high edge lint[0x1])
[    0.000000] ACPI: LAPIC_NMI (acpi_id[0x37] high edge lint[0x1])
[    0.000000] ACPI: LAPIC_NMI (acpi_id[0x38] high edge lint[0x1])
[    0.000000] ACPI: LAPIC_NMI (acpi_id[0x39] high edge lint[0x1])
[    0.000000] ACPI: LAPIC_NMI (acpi_id[0x3a] high edge lint[0x1])
[    0.000000] ACPI: LAPIC_NMI (acpi_id[0x3b] high edge lint[0x1])
[    0.000000] ACPI: LAPIC_NMI (acpi_id[0x3c] high edge lint[0x1])
[    0.000000] ACPI: LAPIC_NMI (acpi_id[0x3d] high edge lint[0x1])
[    0.000000] ACPI: LAPIC_NMI (acpi_id[0x3e] high edge lint[0x1])
[    0.000000] ACPI: LAPIC_NMI (acpi_id[0x3f] high edge lint[0x1])
[    0.000000] ACPI: Skipping IOAPIC probe due to 'noapic' option.
[    0.000000] Using ACPI for processor (LAPIC) configuration information
[    0.000000] ACPI: HPET id: 0x8086af01 base: 0xfed00000
[    0.000000] Intel MultiProcessor Specification v1.4
[    0.000000]     Virtual Wire compatibility mode.
[    0.000000] MPTABLE: OEM ID: INTEL   
[    0.000000] MPTABLE: Product ID: 440BX       
[    0.000000] MPTABLE: APIC at: 0xFEE00000
[    0.000000] I/O APIC #1 Version 17 at 0xFEC00000.
[    0.000000] Processors: 1
[    0.000000] 64 Processors exceeds NR_CPUS limit of 8
[    0.000000] SMP: Allowing 8 CPUs, 7 hotplug CPUs
[    0.000000] nr_irqs_gsi: 24
[    0.000000] PM: Registered nosave memory: 000000000009f000 - 00000000000a0000
[    0.000000] PM: Registered nosave memory: 00000000000a0000 - 00000000000ca000
[    0.000000] PM: Registered nosave memory: 00000000000ca000 - 00000000000cc000
[    0.000000] PM: Registered nosave memory: 00000000000cc000 - 00000000000dc000
[    0.000000] PM: Registered nosave memory: 00000000000dc000 - 0000000000100000
[    0.000000] Allocating PCI resources starting at 40000000 (gap: 40000000:a0000000)
[    0.000000] Booting paravirtualized kernel on bare hardware
[    0.000000] NR_CPUS:8 nr_cpumask_bits:8 nr_cpu_ids:8 nr_node_ids:1
[    0.000000] PERCPU: Embedded 15 pages/cpu @c2400000 s39320 r0 d22120 u262144
[    0.000000] pcpu-alloc: s39320 r0 d22120 u262144 alloc=1*2097152
[    0.000000] pcpu-alloc: [0] 0 1 2 3 4 5 6 7 
[    0.000000] Built 1 zonelists in Zone order, mobility grouping on.  Total pages: 259950
[    0.000000] Kernel command line: BOOT_IMAGE=/boot/vmlinuz-2.6.32.57 root=UUID=007b598c-390d-4c65-84a1-4ff752d48633 ro quiet splash maxcpus=0
[    0.000000] PID hash table entries: 4096 (order: 2, 16384 bytes)
[    0.000000] Dentry cache hash table entries: 131072 (order: 7, 524288 bytes)
[    0.000000] Inode-cache hash table entries: 65536 (order: 6, 262144 bytes)
[    0.000000] Enabling fast FPU save and restore... done.
[    0.000000] Enabling unmasked SIMD FPU exception support... done.
[    0.000000] Initializing CPU#0
[    0.000000] xsave/xrstor: enabled xstate_bv 0x7, cntxt size 0x340
[    0.000000] allocated 5242560 bytes of page_cgroup
[    0.000000] please try 'cgroup_disable=memory' option if you don't want memory cgroups
[    0.000000] Initializing HighMem for node 0 (000379fe:00040000)
[    0.000000] Memory: 938260k/1048576k available (4839k kernel code, 108848k reserved, 2518k data, 652k init, 137096k highmem)
[    0.000000] virtual kernel memory layout:
[    0.000000]     fixmap  : 0xfff1e000 - 0xfffff000   ( 900 kB)
[    0.000000]     pkmap   : 0xffa00000 - 0xffc00000   (2048 kB)
[    0.000000]     vmalloc : 0xf81fe000 - 0xff9fe000   ( 120 MB)
[    0.000000]     lowmem  : 0xc0000000 - 0xf79fe000   ( 889 MB)
[    0.000000]       .init : 0xc1730000 - 0xc17d3000   ( 652 kB)
[    0.000000]       .data : 0xc14b9cce - 0xc172f764   (2518 kB)
[    0.000000]       .text : 0xc1000000 - 0xc14b9cce   (4839 kB)
[    0.000000] Checking if this processor honours the WP bit even in supervisor mode...Ok.
[    0.000000] SLUB: Genslabs=13, HWalign=64, Order=0-3, MinObjects=0, CPUs=8, Nodes=1
[    0.000000] Hierarchical RCU implementation.
[    0.000000] NR_IRQS:2304 nr_irqs:472
[    0.000000] Extended CMOS year: 2000
[    0.000000] Console: colour VGA+ 80x25
[    0.000000] console [tty0] enabled
[    0.000000] hpet clockevent registered
[    0.000000] TSC freq read from hypervisor : 2394.620 MHz
[    0.000000] Detected 2394.620 MHz processor.
[    0.000003] Calibrating delay loop (skipped) preset value.. 4789.24 BogoMIPS (lpj=9578480)
[    0.000011] Security Framework initialized
[    0.000015] SELinux:  Disabled at boot.
[    0.000019] Mount-cache hash table entries: 512
[    0.000121] Initializing cgroup subsys cpuacct
[    0.000124] Initializing cgroup subsys memory
[    0.000128] Initializing cgroup subsys devices
[    0.000129] Initializing cgroup subsys freezer
[    0.000156] CPU: Physical Processor ID: 0
[    0.000164] CPU: L1 I cache: 32K, L1 D cache: 32K
[    0.000165] CPU: L2 cache: 256K
[    0.000166] CPU: L3 cache: 4096K
[    0.000171] mce: CPU supports 0 MCE banks
[    0.000183] Performance Events: no PMU driver, software events only.
[    0.000193] Checking 'hlt' instruction... OK.
[    0.017786] SMP alternatives: switching to UP code
[    0.032572] ACPI: Core revision 20090903
[    0.039417] ACPI: setting ELCR to 0200 (from 0e20)
[    0.040476] ftrace: converting mcount calls to 0f 1f 44 00 00
[    0.040482] ftrace: allocating 22631 entries in 45 pages
[    0.058442] CANARY value: 7552ca3e for PID: 1
[    0.058472] Not enabling x2apic, Intr-remapping init failed.
[    0.058474] Enabling APIC mode:  Flat.  Using 1 I/O APICs
[    0.058482] SMP mode deactivated.
[    0.058506] SMP disabled
[    0.058561] Brought up 1 CPUs
[    0.058562] Total of 1 processors activated (4789.24 BogoMIPS).
[    0.058566] CPU0 attaching NULL sched-domain.
[    0.058634] devtmpfs: initialized
[    0.058739] sysctl table check failed: /kernel/random/now_input .1.40.7 Unknown sysctl binary path
[    0.058981] Pid: 1, comm: swapper Not tainted 2.6.32.57 #4
[    0.058982] Call Trace:
[    0.058986]  [<c14a8a0e>] ? printk+0x1d/0x1f
[    0.058989]  [<c107b56f>] set_fail+0x4f/0x60
[    0.058991]  [<c107b8b3>] sysctl_check_table+0x333/0x620
[    0.058993]  [<c107b8cc>] sysctl_check_table+0x34c/0x620
[    0.058994]  [<c107b8cc>] sysctl_check_table+0x34c/0x620
[    0.058998]  [<c1746d48>] sysctl_init+0x25/0x29
[    0.059000]  [<c1003042>] do_one_initcall+0x32/0x1a0
[    0.059002]  [<c1746d23>] ? sysctl_init+0x0/0x29
[    0.059005]  [<c17308e7>] kernel_init+0x12d/0x17a
[    0.059006]  [<c17307ba>] ? kernel_init+0x0/0x17a
[    0.059009]  [<c1009b07>] kernel_thread_helper+0x7/0x10
[    0.059010] sysctl table check failed: /kernel/random/now_blocking .1.40.8 Unknown sysctl binary path
[    0.059259] Pid: 1, comm: swapper Not tainted 2.6.32.57 #4
[    0.059260] Call Trace:
[    0.059262]  [<c14a8a0e>] ? printk+0x1d/0x1f
[    0.059264]  [<c107b56f>] set_fail+0x4f/0x60
[    0.059266]  [<c107b8b3>] sysctl_check_table+0x333/0x620
[    0.059267]  [<c107b8cc>] sysctl_check_table+0x34c/0x620
[    0.059269]  [<c107b8cc>] sysctl_check_table+0x34c/0x620
[    0.059271]  [<c1746d48>] sysctl_init+0x25/0x29
[    0.059273]  [<c1003042>] do_one_initcall+0x32/0x1a0
[    0.059275]  [<c1746d23>] ? sysctl_init+0x0/0x29
[    0.059277]  [<c17308e7>] kernel_init+0x12d/0x17a
[    0.059278]  [<c17307ba>] ? kernel_init+0x0/0x17a
[    0.059280]  [<c1009b07>] kernel_thread_helper+0x7/0x10
[    0.059282] sysctl table check failed: /kernel/random/now_nonblocking .1.40.9 Unknown sysctl binary path
[    0.059530] Pid: 1, comm: swapper Not tainted 2.6.32.57 #4
[    0.059531] Call Trace:
[    0.059532]  [<c14a8a0e>] ? printk+0x1d/0x1f
[    0.059534]  [<c107b56f>] set_fail+0x4f/0x60
[    0.059535]  [<c107b8b3>] sysctl_check_table+0x333/0x620
[    0.059537]  [<c107b8cc>] sysctl_check_table+0x34c/0x620
[    0.059539]  [<c107b8cc>] sysctl_check_table+0x34c/0x620
[    0.059541]  [<c1746d48>] sysctl_init+0x25/0x29
[    0.059543]  [<c1003042>] do_one_initcall+0x32/0x1a0
[    0.059545]  [<c1746d23>] ? sysctl_init+0x0/0x29
[    0.059546]  [<c17308e7>] kernel_init+0x12d/0x17a
[    0.059548]  [<c17307ba>] ? kernel_init+0x0/0x17a
[    0.059550]  [<c1009b07>] kernel_thread_helper+0x7/0x10
[    0.059551] sysctl table check failed: /kernel/random/nb_input_bytes .1.40.10 Unknown sysctl binary path
[    0.059793] Pid: 1, comm: swapper Not tainted 2.6.32.57 #4
[    0.059793] Call Trace:
[    0.059795]  [<c14a8a0e>] ? printk+0x1d/0x1f
[    0.059796]  [<c107b56f>] set_fail+0x4f/0x60
[    0.059798]  [<c107b8b3>] sysctl_check_table+0x333/0x620
[    0.059799]  [<c107b8cc>] sysctl_check_table+0x34c/0x620
[    0.059801]  [<c107b8cc>] sysctl_check_table+0x34c/0x620
[    0.059803]  [<c1746d48>] sysctl_init+0x25/0x29
[    0.059805]  [<c1003042>] do_one_initcall+0x32/0x1a0
[    0.059807]  [<c1746d23>] ? sysctl_init+0x0/0x29
[    0.059808]  [<c17308e7>] kernel_init+0x12d/0x17a
[    0.059810]  [<c17307ba>] ? kernel_init+0x0/0x17a
[    0.059811]  [<c1009b07>] kernel_thread_helper+0x7/0x10
[    0.059812] sysctl table check failed: /kernel/random/nb_stir_count .1.40.11 Unknown sysctl binary path
[    0.060042] Pid: 1, comm: swapper Not tainted 2.6.32.57 #4
[    0.060043] Call Trace:
[    0.060045]  [<c14a8a0e>] ? printk+0x1d/0x1f
[    0.060046]  [<c107b56f>] set_fail+0x4f/0x60
[    0.060047]  [<c107b8b3>] sysctl_check_table+0x333/0x620
[    0.060049]  [<c107b8cc>] sysctl_check_table+0x34c/0x620
[    0.060051]  [<c107b8cc>] sysctl_check_table+0x34c/0x620
[    0.060053]  [<c1746d48>] sysctl_init+0x25/0x29
[    0.060054]  [<c1003042>] do_one_initcall+0x32/0x1a0
[    0.060056]  [<c1746d23>] ? sysctl_init+0x0/0x29
[    0.060058]  [<c17308e7>] kernel_init+0x12d/0x17a
[    0.060059]  [<c17307ba>] ? kernel_init+0x0/0x17a
[    0.060061]  [<c1009b07>] kernel_thread_helper+0x7/0x10
[    0.060062] sysctl table check failed: /kernel/random/nb_reentry_count .1.40.12 Unknown sysctl binary path
[    0.060338] Pid: 1, comm: swapper Not tainted 2.6.32.57 #4
[    0.060339] Call Trace:
[    0.060340]  [<c14a8a0e>] ? printk+0x1d/0x1f
[    0.060342]  [<c107b56f>] set_fail+0x4f/0x60
[    0.060343]  [<c107b8b3>] sysctl_check_table+0x333/0x620
[    0.060345]  [<c107b8cc>] sysctl_check_table+0x34c/0x620
[    0.060347]  [<c107b8cc>] sysctl_check_table+0x34c/0x620
[    0.060349]  [<c1746d48>] sysctl_init+0x25/0x29
[    0.060350]  [<c1003042>] do_one_initcall+0x32/0x1a0
[    0.060352]  [<c1746d23>] ? sysctl_init+0x0/0x29
[    0.060354]  [<c17308e7>] kernel_init+0x12d/0x17a
[    0.060355]  [<c17307ba>] ? kernel_init+0x0/0x17a
[    0.060357]  [<c1009b07>] kernel_thread_helper+0x7/0x10
[    0.060473] RANDOM - __seed init called.
[    0.060474] RANDOM - __seed init called.
[    0.060474] RANDOM - __seed init called.
[    0.060476] RANDOM - __random32 called. Change num 1.  Value: 97305ca5	7ac4e314	874f43ab
[    0.060477] RANDOM - __random32 called. Change num 2.  Value: 5ca5394	ac4e3148	8757a6ab
[    0.060478] RANDOM - __random32 called. Change num 3.  Value: a53949f7	c4e3148e	4d57bd52
[    0.060479] RANDOM - __random32 called. Change num 4.  Value: 949f7180	4e3148eb	7aa4fd4a
[    0.060489] RANDOM - __random32 called. Change num 5.  Value: f7180f55	e3148ebb	fa95f062
[    0.060491] RANDOM - __random32 called. Change num 6.  Value: 80f55ede	3148ebb7	e0c5c74e
[    0.060492] RANDOM - random32 init called.  Value: 80f55ede	3148ebb7	e0c5c74e
[    0.060501] regulator: core version 0.5
[    0.060574] Time: 20:43:17  Date: 05/24/13
[    0.060609] NET: Registered protocol family 16
[    0.060670] EISA bus registered
[    0.061425] ACPI: bus type pci registered
[    0.061527] PCI: MCFG configuration 0: base e0000000 segment 0 buses 0 - 255
[    0.061528] PCI: MCFG area at e0000000 reserved in E820
[    0.061529] PCI: Using MMCONFIG for extended config space
[    0.061530] PCI: Using configuration type 1 for base access
[    0.061973] bio: create slab <bio-0> at 0
[    0.063163] ACPI: EC: Look up EC in DSDT
[    0.104803] ACPI: BIOS _OSI(Linux) query ignored
[    0.111618] ACPI: Interpreter enabled
[    0.111624] ACPI: (supports S0 S1 S4 S5)
[    0.111637] ACPI: Using PIC for interrupt routing
[    0.199496] ACPI: No dock devices found.
[    0.200392] ACPI: PCI Root Bridge [PCI0] (0000:00)
[    0.202102] pci 0000:00:07.1: reg 20 io port: [0x10c0-0x10cf]
[    0.202622] pci 0000:00:07.3: quirk: region 1000-103f claimed by PIIX4 ACPI
[    0.202634] pci 0000:00:07.3: quirk: region 1040-104f claimed by PIIX4 SMB
[    0.203216] pci 0000:00:07.7: reg 10 io port: [0x1080-0x10bf]
[    0.203608] pci 0000:00:07.7: reg 14 64bit mmio: [0xc8000000-0xc8001fff]
[    0.204779] pci 0000:00:0f.0: reg 10 io port: [0x10d0-0x10df]
[    0.204818] pci 0000:00:0f.0: reg 14 32bit mmio pref: [0xd0000000-0xd7ffffff]
[    0.204856] pci 0000:00:0f.0: reg 18 32bit mmio: [0xc8800000-0xc8ffffff]
[    0.205003] pci 0000:00:0f.0: reg 30 32bit mmio pref: [0x000000-0x007fff]
[    0.205761] pci 0000:00:10.0: reg 10 io port: [0x1400-0x14ff]
[    0.206272] pci 0000:00:10.0: reg 14 64bit mmio: [0xc8040000-0xc805ffff]
[    0.206663] pci 0000:00:10.0: reg 1c 64bit mmio: [0xc8020000-0xc803ffff]
[    0.206748] pci 0000:00:10.0: reg 30 32bit mmio pref: [0x000000-0x003fff]
[    0.208317] pci 0000:00:15.0: PME# supported from D0 D3hot D3cold
[    0.208340] pci 0000:00:15.0: PME# disabled
[    0.209317] pci 0000:00:15.1: PME# supported from D0 D3hot D3cold
[    0.209340] pci 0000:00:15.1: PME# disabled
[    0.210331] pci 0000:00:15.2: PME# supported from D0 D3hot D3cold
[    0.210353] pci 0000:00:15.2: PME# disabled
[    0.211343] pci 0000:00:15.3: PME# supported from D0 D3hot D3cold
[    0.211366] pci 0000:00:15.3: PME# disabled
[    0.212356] pci 0000:00:15.4: PME# supported from D0 D3hot D3cold
[    0.212379] pci 0000:00:15.4: PME# disabled
[    0.213355] pci 0000:00:15.5: PME# supported from D0 D3hot D3cold
[    0.213377] pci 0000:00:15.5: PME# disabled
[    0.214353] pci 0000:00:15.6: PME# supported from D0 D3hot D3cold
[    0.214375] pci 0000:00:15.6: PME# disabled
[    0.215357] pci 0000:00:15.7: PME# supported from D0 D3hot D3cold
[    0.215380] pci 0000:00:15.7: PME# disabled
[    0.216370] pci 0000:00:16.0: PME# supported from D0 D3hot D3cold
[    0.216393] pci 0000:00:16.0: PME# disabled
[    0.217368] pci 0000:00:16.1: PME# supported from D0 D3hot D3cold
[    0.217391] pci 0000:00:16.1: PME# disabled
[    0.218367] pci 0000:00:16.2: PME# supported from D0 D3hot D3cold
[    0.218389] pci 0000:00:16.2: PME# disabled
[    0.219364] pci 0000:00:16.3: PME# supported from D0 D3hot D3cold
[    0.219387] pci 0000:00:16.3: PME# disabled
[    0.220371] pci 0000:00:16.4: PME# supported from D0 D3hot D3cold
[    0.220394] pci 0000:00:16.4: PME# disabled
[    0.221369] pci 0000:00:16.5: PME# supported from D0 D3hot D3cold
[    0.221391] pci 0000:00:16.5: PME# disabled
[    0.222359] pci 0000:00:16.6: PME# supported from D0 D3hot D3cold
[    0.222381] pci 0000:00:16.6: PME# disabled
[    0.223521] pci 0000:00:16.7: PME# supported from D0 D3hot D3cold
[    0.223555] pci 0000:00:16.7: PME# disabled
[    0.224729] pci 0000:00:17.0: PME# supported from D0 D3hot D3cold
[    0.224749] pci 0000:00:17.0: PME# disabled
[    0.225637] pci 0000:00:17.1: PME# supported from D0 D3hot D3cold
[    0.225657] pci 0000:00:17.1: PME# disabled
[    0.226629] pci 0000:00:17.2: PME# supported from D0 D3hot D3cold
[    0.226653] pci 0000:00:17.2: PME# disabled
[    0.227616] pci 0000:00:17.3: PME# supported from D0 D3hot D3cold
[    0.227636] pci 0000:00:17.3: PME# disabled
[    0.228553] pci 0000:00:17.4: PME# supported from D0 D3hot D3cold
[    0.228574] pci 0000:00:17.4: PME# disabled
[    0.229504] pci 0000:00:17.5: PME# supported from D0 D3hot D3cold
[    0.229523] pci 0000:00:17.5: PME# disabled
[    0.230351] pci 0000:00:17.6: PME# supported from D0 D3hot D3cold
[    0.230370] pci 0000:00:17.6: PME# disabled
[    0.231192] pci 0000:00:17.7: PME# supported from D0 D3hot D3cold
[    0.231211] pci 0000:00:17.7: PME# disabled
[    0.232047] pci 0000:00:18.0: PME# supported from D0 D3hot D3cold
[    0.232068] pci 0000:00:18.0: PME# disabled
[    0.233027] pci 0000:00:18.1: PME# supported from D0 D3hot D3cold
[    0.233052] pci 0000:00:18.1: PME# disabled
[    0.234033] pci 0000:00:18.2: PME# supported from D0 D3hot D3cold
[    0.234055] pci 0000:00:18.2: PME# disabled
[    0.235039] pci 0000:00:18.3: PME# supported from D0 D3hot D3cold
[    0.235061] pci 0000:00:18.3: PME# disabled
[    0.236051] pci 0000:00:18.4: PME# supported from D0 D3hot D3cold
[    0.236074] pci 0000:00:18.4: PME# disabled
[    0.237049] pci 0000:00:18.5: PME# supported from D0 D3hot D3cold
[    0.237071] pci 0000:00:18.5: PME# disabled
[    0.238046] pci 0000:00:18.6: PME# supported from D0 D3hot D3cold
[    0.238069] pci 0000:00:18.6: PME# disabled
[    0.239059] pci 0000:00:18.7: PME# supported from D0 D3hot D3cold
[    0.239079] pci 0000:00:18.7: PME# disabled
[    0.240138] pci 0000:02:00.0: reg 20 io port: [0x20c0-0x20df]
[    0.240602] pci 0000:02:01.0: reg 10 io port: [0x2000-0x207f]
[    0.240806] pci 0000:02:01.0: reg 30 32bit mmio pref: [0x000000-0x00ffff]
[    0.241345] pci 0000:02:02.0: reg 10 io port: [0x2080-0x20bf]
[    0.241903] pci 0000:02:03.0: reg 10 32bit mmio: [0xc9000000-0xc9000fff]
[    0.242455] pci 0000:00:11.0: transparent bridge
[    0.242474] pci 0000:00:11.0: bridge io port: [0x2000-0x3fff]
[    0.242493] pci 0000:00:11.0: bridge 32bit mmio: [0xc9000000-0xca3fffff]
[    0.242540] pci 0000:00:11.0: bridge 64bit mmio pref: [0xd8400000-0xd89fffff]
[    0.242920] pci 0000:00:15.0: bridge io port: [0x4000-0x4fff]
[    0.242939] pci 0000:00:15.0: bridge 32bit mmio: [0xca400000-0xca4fffff]
[    0.242977] pci 0000:00:15.0: bridge 64bit mmio pref: [0xd8a00000-0xd8afffff]
[    0.243360] pci 0000:00:15.1: bridge io port: [0x8000-0x8fff]
[    0.243385] pci 0000:00:15.1: bridge 32bit mmio: [0xca800000-0xca8fffff]
[    0.243429] pci 0000:00:15.1: bridge 64bit mmio pref: [0xd8e00000-0xd8efffff]
[    0.243787] pci 0000:00:15.2: bridge io port: [0xc000-0xcfff]
[    0.243806] pci 0000:00:15.2: bridge 32bit mmio: [0xcac00000-0xcacfffff]
[    0.243843] pci 0000:00:15.2: bridge 64bit mmio pref: [0xd9200000-0xd92fffff]
[    0.244234] pci 0000:00:15.3: bridge 32bit mmio: [0xcb000000-0xcb0fffff]
[    0.244269] pci 0000:00:15.3: bridge 64bit mmio pref: [0xd9600000-0xd96fffff]
[    0.244629] pci 0000:00:15.4: bridge 32bit mmio: [0xcb400000-0xcb4fffff]
[    0.244665] pci 0000:00:15.4: bridge 64bit mmio pref: [0xd9a00000-0xd9afffff]
[    0.245073] pci 0000:00:15.5: bridge 32bit mmio: [0xcb800000-0xcb8fffff]
[    0.245112] pci 0000:00:15.5: bridge 64bit mmio pref: [0xd9e00000-0xd9efffff]
[    0.245466] pci 0000:00:15.6: bridge 32bit mmio: [0xcbc00000-0xcbcfffff]
[    0.245502] pci 0000:00:15.6: bridge 64bit mmio pref: [0xda200000-0xda2fffff]
[    0.245854] pci 0000:00:15.7: bridge 32bit mmio: [0xcc000000-0xcc0fffff]
[    0.245890] pci 0000:00:15.7: bridge 64bit mmio pref: [0xda600000-0xda6fffff]
[    0.246333] pci 0000:00:16.0: bridge io port: [0x5000-0x5fff]
[    0.246358] pci 0000:00:16.0: bridge 32bit mmio: [0xca500000-0xca5fffff]
[    0.246403] pci 0000:00:16.0: bridge 64bit mmio pref: [0xd8b00000-0xd8bfffff]
[    0.246759] pci 0000:00:16.1: bridge io port: [0x9000-0x9fff]
[    0.246778] pci 0000:00:16.1: bridge 32bit mmio: [0xca900000-0xca9fffff]
[    0.246814] pci 0000:00:16.1: bridge 64bit mmio pref: [0xd8f00000-0xd8ffffff]
[    0.247170] pci 0000:00:16.2: bridge io port: [0xd000-0xdfff]
[    0.247189] pci 0000:00:16.2: bridge 32bit mmio: [0xcad00000-0xcadfffff]
[    0.247224] pci 0000:00:16.2: bridge 64bit mmio pref: [0xd9300000-0xd93fffff]
[    0.247579] pci 0000:00:16.3: bridge 32bit mmio: [0xcb100000-0xcb1fffff]
[    0.247626] pci 0000:00:16.3: bridge 64bit mmio pref: [0xd9700000-0xd97fffff]
[    0.247997] pci 0000:00:16.4: bridge 32bit mmio: [0xcb500000-0xcb5fffff]
[    0.248036] pci 0000:00:16.4: bridge 64bit mmio pref: [0xd9b00000-0xd9bfffff]
[    0.248399] pci 0000:00:16.5: bridge 32bit mmio: [0xcb900000-0xcb9fffff]
[    0.248435] pci 0000:00:16.5: bridge 64bit mmio pref: [0xd9f00000-0xd9ffffff]
[    0.248787] pci 0000:00:16.6: bridge 32bit mmio: [0xcbd00000-0xcbdfffff]
[    0.248823] pci 0000:00:16.6: bridge 64bit mmio pref: [0xda300000-0xda3fffff]
[    0.249217] pci 0000:00:16.7: bridge 32bit mmio: [0xcc100000-0xcc1fffff]
[    0.249253] pci 0000:00:16.7: bridge 64bit mmio pref: [0xda700000-0xda7fffff]
[    0.249587] pci 0000:00:17.0: bridge io port: [0x6000-0x6fff]
[    0.249606] pci 0000:00:17.0: bridge 32bit mmio: [0xca600000-0xca6fffff]
[    0.249641] pci 0000:00:17.0: bridge 64bit mmio pref: [0xd8c00000-0xd8cfffff]
[    0.249985] pci 0000:00:17.1: bridge io port: [0xa000-0xafff]
[    0.250014] pci 0000:00:17.1: bridge 32bit mmio: [0xcaa00000-0xcaafffff]
[    0.250050] pci 0000:00:17.1: bridge 64bit mmio pref: [0xd9000000-0xd90fffff]
[    0.250385] pci 0000:00:17.2: bridge io port: [0xe000-0xefff]
[    0.250404] pci 0000:00:17.2: bridge 32bit mmio: [0xcae00000-0xcaefffff]
[    0.250439] pci 0000:00:17.2: bridge 64bit mmio pref: [0xd9400000-0xd94fffff]
[    0.250791] pci 0000:00:17.3: bridge 32bit mmio: [0xcb200000-0xcb2fffff]
[    0.250827] pci 0000:00:17.3: bridge 64bit mmio pref: [0xd9800000-0xd98fffff]
[    0.251207] pci 0000:00:17.4: bridge 32bit mmio: [0xcb600000-0xcb6fffff]
[    0.251243] pci 0000:00:17.4: bridge 64bit mmio pref: [0xd9c00000-0xd9cfffff]
[    0.251595] pci 0000:00:17.5: bridge 32bit mmio: [0xcba00000-0xcbafffff]
[    0.251640] pci 0000:00:17.5: bridge 64bit mmio pref: [0xda000000-0xda0fffff]
[    0.252024] pci 0000:00:17.6: bridge 32bit mmio: [0xcbe00000-0xcbefffff]
[    0.252060] pci 0000:00:17.6: bridge 64bit mmio pref: [0xda400000-0xda4fffff]
[    0.252413] pci 0000:00:17.7: bridge 32bit mmio: [0xcc200000-0xcc2fffff]
[    0.252449] pci 0000:00:17.7: bridge 64bit mmio pref: [0xda800000-0xda8fffff]
[    0.252837] pci 0000:00:18.0: bridge io port: [0x7000-0x7fff]
[    0.252856] pci 0000:00:18.0: bridge 32bit mmio: [0xca700000-0xca7fffff]
[    0.252891] pci 0000:00:18.0: bridge 64bit mmio pref: [0xd8d00000-0xd8dfffff]
[    0.253254] pci 0000:00:18.1: bridge io port: [0xb000-0xbfff]
[    0.253273] pci 0000:00:18.1: bridge 32bit mmio: [0xcab00000-0xcabfffff]
[    0.253309] pci 0000:00:18.1: bridge 64bit mmio pref: [0xd9100000-0xd91fffff]
[    0.253642] pci 0000:00:18.2: bridge io port: [0xf000-0xffff]
[    0.253661] pci 0000:00:18.2: bridge 32bit mmio: [0xcaf00000-0xcaffffff]
[    0.253697] pci 0000:00:18.2: bridge 64bit mmio pref: [0xd9500000-0xd95fffff]
[    0.254077] pci 0000:00:18.3: bridge 32bit mmio: [0xcb300000-0xcb3fffff]
[    0.254113] pci 0000:00:18.3: bridge 64bit mmio pref: [0xd9900000-0xd99fffff]
[    0.254464] pci 0000:00:18.4: bridge 32bit mmio: [0xcb700000-0xcb7fffff]
[    0.254500] pci 0000:00:18.4: bridge 64bit mmio pref: [0xd9d00000-0xd9dfffff]
[    0.254852] pci 0000:00:18.5: bridge 32bit mmio: [0xcbb00000-0xcbbfffff]
[    0.254888] pci 0000:00:18.5: bridge 64bit mmio pref: [0xda100000-0xda1fffff]
[    0.255275] pci 0000:00:18.6: bridge 32bit mmio: [0xcbf00000-0xcbffffff]
[    0.255311] pci 0000:00:18.6: bridge 64bit mmio pref: [0xda500000-0xda5fffff]
[    0.255673] pci 0000:00:18.7: bridge 32bit mmio: [0xcc300000-0xcc3fffff]
[    0.255709] pci 0000:00:18.7: bridge 64bit mmio pref: [0xda900000-0xda9fffff]
[    0.257215] pci_bus 0000:00: on NUMA node 0
[    0.257224] ACPI: PCI Interrupt Routing Table [\_SB_.PCI0._PRT]
[    0.501793] ACPI: PCI Interrupt Link [LNKA] (IRQs 3 4 5 6 7 *9 10 11 14 15)
[    0.501950] ACPI: PCI Interrupt Link [LNKB] (IRQs 3 4 5 6 7 9 10 *11 14 15)
[    0.502101] ACPI: PCI Interrupt Link [LNKC] (IRQs 3 4 5 6 7 9 *10 11 14 15)
[    0.502254] ACPI: PCI Interrupt Link [LNKD] (IRQs 3 4 *5 6 7 9 10 11 14 15)
[    0.502390] vgaarb: device added: PCI:0000:00:0f.0,decodes=io+mem,owns=io+mem,locks=none
[    0.502400] vgaarb: loaded
[    0.502514] SCSI subsystem initialized
[    0.502560] libata version 3.00 loaded.
[    0.502612] usbcore: registered new interface driver usbfs
[    0.502625] usbcore: registered new interface driver hub
[    0.502642] usbcore: registered new device driver usb
[    0.502711] PCI: Using ACPI for IRQ routing
[    0.503723] NetLabel: Initializing
[    0.503725] NetLabel:  domain hash size = 128
[    0.503725] NetLabel:  protocols = UNLABELED CIPSOv4
[    0.503733] NetLabel:  unlabeled traffic allowed by default
[    0.503766] hpet0: at MMIO 0xfed00000, IRQs 2, 8, 0, 0, 0, 0, 0, 0, 0, 0, 0, 0, 0, 0, 0, 0
[    0.503772] hpet0: 16 comparators, 64-bit 14.318180 MHz counter
[    0.505797] Switching to clocksource tsc
[    0.516613] pnp: PnP ACPI init
[    0.516630] ACPI: bus type pnp registered
[    0.569759] pnp: PnP ACPI: found 14 devices
[    0.569762] ACPI: ACPI bus type pnp unregistered
[    0.569765] PnPBIOS: Disabled by ACPI PNP
[    0.569781] system 00:01: ioport range 0x1000-0x103f has been reserved
[    0.569783] system 00:01: ioport range 0x1040-0x104f has been reserved
[    0.569784] system 00:01: ioport range 0xcf0-0xcf1 has been reserved
[    0.569792] system 00:08: iomem range 0xfed00000-0xfed003ff has been reserved
[    0.569797] system 00:0d: ioport range 0x1060-0x107f has been reserved
[    0.569799] system 00:0d: iomem range 0xe0000000-0xefffffff has been reserved
[    0.569801] system 00:0d: iomem range 0xc8200000-0xc83fffff has been reserved
[    0.605888] pci 0000:00:15.3: BAR 13: can't allocate I/O resource [0x10000-0xffff]
[    0.605893] pci 0000:00:15.4: BAR 13: can't allocate I/O resource [0x10000-0xffff]
[    0.605896] pci 0000:00:15.5: BAR 13: can't allocate I/O resource [0x10000-0xffff]
[    0.605898] pci 0000:00:15.6: BAR 13: can't allocate I/O resource [0x10000-0xffff]
[    0.605901] pci 0000:00:15.7: BAR 13: can't allocate I/O resource [0x10000-0xffff]
[    0.605904] pci 0000:00:16.3: BAR 13: can't allocate I/O resource [0x10000-0xffff]
[    0.605906] pci 0000:00:16.4: BAR 13: can't allocate I/O resource [0x10000-0xffff]
[    0.605909] pci 0000:00:16.5: BAR 13: can't allocate I/O resource [0x10000-0xffff]
[    0.605912] pci 0000:00:16.6: BAR 13: can't allocate I/O resource [0x10000-0xffff]
[    0.605914] pci 0000:00:16.7: BAR 13: can't allocate I/O resource [0x10000-0xffff]
[    0.605917] pci 0000:00:17.3: BAR 13: can't allocate I/O resource [0x10000-0xffff]
[    0.605920] pci 0000:00:17.4: BAR 13: can't allocate I/O resource [0x10000-0xffff]
[    0.605922] pci 0000:00:17.5: BAR 13: can't allocate I/O resource [0x10000-0xffff]
[    0.605925] pci 0000:00:17.6: BAR 13: can't allocate I/O resource [0x10000-0xffff]
[    0.605927] pci 0000:00:17.7: BAR 13: can't allocate I/O resource [0x10000-0xffff]
[    0.605930] pci 0000:00:18.3: BAR 13: can't allocate I/O resource [0x10000-0xffff]
[    0.605933] pci 0000:00:18.4: BAR 13: can't allocate I/O resource [0x10000-0xffff]
[    0.605935] pci 0000:00:18.5: BAR 13: can't allocate I/O resource [0x10000-0xffff]
[    0.605938] pci 0000:00:18.6: BAR 13: can't allocate I/O resource [0x10000-0xffff]
[    0.605941] pci 0000:00:18.7: BAR 13: can't allocate I/O resource [0x10000-0xffff]
[    0.605943] pci 0000:00:01.0: PCI bridge, secondary bus 0000:01
[    0.605944] pci 0000:00:01.0:   IO window: disabled
[    0.605973] pci 0000:00:01.0:   MEM window: disabled
[    0.605992] pci 0000:00:01.0:   PREFETCH window: disabled
[    0.606030] pci 0000:00:11.0: PCI bridge, secondary bus 0000:02
[    0.606041] pci 0000:00:11.0:   IO window: 0x2000-0x3fff
[    0.606069] pci 0000:00:11.0:   MEM window: 0xc9000000-0xca3fffff
[    0.606088] pci 0000:00:11.0:   PREFETCH window: 0x000000d8400000-0x000000d89fffff
[    0.606125] pci 0000:00:15.0: PCI bridge, secondary bus 0000:03
[    0.606136] pci 0000:00:15.0:   IO window: 0x4000-0x4fff
[    0.606163] pci 0000:00:15.0:   MEM window: 0xca400000-0xca4fffff
[    0.606183] pci 0000:00:15.0:   PREFETCH window: 0x000000d8a00000-0x000000d8afffff
[    0.606246] pci 0000:00:15.1: PCI bridge, secondary bus 0000:04
[    0.606259] pci 0000:00:15.1:   IO window: 0x8000-0x8fff
[    0.606289] pci 0000:00:15.1:   MEM window: 0xca800000-0xca8fffff
[    0.606309] pci 0000:00:15.1:   PREFETCH window: 0x000000d8e00000-0x000000d8efffff
[    0.606353] pci 0000:00:15.2: PCI bridge, secondary bus 0000:05
[    0.606365] pci 0000:00:15.2:   IO window: 0xc000-0xcfff
[    0.606395] pci 0000:00:15.2:   MEM window: 0xcac00000-0xcacfffff
[    0.606415] pci 0000:00:15.2:   PREFETCH window: 0x000000d9200000-0x000000d92fffff
[    0.606479] pci 0000:00:15.3: PCI bridge, secondary bus 0000:06
[    0.606481] pci 0000:00:15.3:   IO window: disabled
[    0.606516] pci 0000:00:15.3:   MEM window: 0xcb000000-0xcb0fffff
[    0.606544] pci 0000:00:15.3:   PREFETCH window: 0x000000d9600000-0x000000d96fffff
[    0.606600] pci 0000:00:15.4: PCI bridge, secondary bus 0000:07
[    0.606603] pci 0000:00:15.4:   IO window: disabled
[    0.606643] pci 0000:00:15.4:   MEM window: 0xcb400000-0xcb4fffff
[    0.606678] pci 0000:00:15.4:   PREFETCH window: 0x000000d9a00000-0x000000d9afffff
[    0.606723] pci 0000:00:15.5: PCI bridge, secondary bus 0000:08
[    0.606725] pci 0000:00:15.5:   IO window: disabled
[    0.606763] pci 0000:00:15.5:   MEM window: 0xcb800000-0xcb8fffff
[    0.606792] pci 0000:00:15.5:   PREFETCH window: 0x000000d9e00000-0x000000d9efffff
[    0.606837] pci 0000:00:15.6: PCI bridge, secondary bus 0000:09
[    0.606839] pci 0000:00:15.6:   IO window: disabled
[    0.606869] pci 0000:00:15.6:   MEM window: 0xcbc00000-0xcbcfffff
[    0.606890] pci 0000:00:15.6:   PREFETCH window: 0x000000da200000-0x000000da2fffff
[    0.606940] pci 0000:00:15.7: PCI bridge, secondary bus 0000:0a
[    0.606942] pci 0000:00:15.7:   IO window: disabled
[    0.606970] pci 0000:00:15.7:   MEM window: 0xcc000000-0xcc0fffff
[    0.606989] pci 0000:00:15.7:   PREFETCH window: 0x000000da600000-0x000000da6fffff
[    0.607029] pci 0000:00:16.0: PCI bridge, secondary bus 0000:0b
[    0.607040] pci 0000:00:16.0:   IO window: 0x5000-0x5fff
[    0.607068] pci 0000:00:16.0:   MEM window: 0xca500000-0xca5fffff
[    0.607087] pci 0000:00:16.0:   PREFETCH window: 0x000000d8b00000-0x000000d8bfffff
[    0.607127] pci 0000:00:16.1: PCI bridge, secondary bus 0000:0c
[    0.607138] pci 0000:00:16.1:   IO window: 0x9000-0x9fff
[    0.607167] pci 0000:00:16.1:   MEM window: 0xca900000-0xca9fffff
[    0.607186] pci 0000:00:16.1:   PREFETCH window: 0x000000d8f00000-0x000000d8ffffff
[    0.607244] pci 0000:00:16.2: PCI bridge, secondary bus 0000:0d
[    0.607264] pci 0000:00:16.2:   IO window: 0xd000-0xdfff
[    0.607292] pci 0000:00:16.2:   MEM window: 0xcad00000-0xcadfffff
[    0.607312] pci 0000:00:16.2:   PREFETCH window: 0x000000d9300000-0x000000d93fffff
[    0.607352] pci 0000:00:16.3: PCI bridge, secondary bus 0000:0e
[    0.607353] pci 0000:00:16.3:   IO window: disabled
[    0.607381] pci 0000:00:16.3:   MEM window: 0xcb100000-0xcb1fffff
[    0.607400] pci 0000:00:16.3:   PREFETCH window: 0x000000d9700000-0x000000d97fffff
[    0.607440] pci 0000:00:16.4: PCI bridge, secondary bus 0000:0f
[    0.607442] pci 0000:00:16.4:   IO window: disabled
[    0.607469] pci 0000:00:16.4:   MEM window: 0xcb500000-0xcb5fffff
[    0.607489] pci 0000:00:16.4:   PREFETCH window: 0x000000d9b00000-0x000000d9bfffff
[    0.607528] pci 0000:00:16.5: PCI bridge, secondary bus 0000:10
[    0.607530] pci 0000:00:16.5:   IO window: disabled
[    0.607558] pci 0000:00:16.5:   MEM window: 0xcb900000-0xcb9fffff
[    0.607577] pci 0000:00:16.5:   PREFETCH window: 0x000000d9f00000-0x000000d9ffffff
[    0.607617] pci 0000:00:16.6: PCI bridge, secondary bus 0000:11
[    0.607619] pci 0000:00:16.6:   IO window: disabled
[    0.607647] pci 0000:00:16.6:   MEM window: 0xcbd00000-0xcbdfffff
[    0.607666] pci 0000:00:16.6:   PREFETCH window: 0x000000da300000-0x000000da3fffff
[    0.607706] pci 0000:00:16.7: PCI bridge, secondary bus 0000:12
[    0.607707] pci 0000:00:16.7:   IO window: disabled
[    0.607735] pci 0000:00:16.7:   MEM window: 0xcc100000-0xcc1fffff
[    0.607754] pci 0000:00:16.7:   PREFETCH window: 0x000000da700000-0x000000da7fffff
[    0.607794] pci 0000:00:17.0: PCI bridge, secondary bus 0000:13
[    0.607805] pci 0000:00:17.0:   IO window: 0x6000-0x6fff
[    0.607833] pci 0000:00:17.0:   MEM window: 0xca600000-0xca6fffff
[    0.607852] pci 0000:00:17.0:   PREFETCH window: 0x000000d8c00000-0x000000d8cfffff
[    0.607892] pci 0000:00:17.1: PCI bridge, secondary bus 0000:14
[    0.607903] pci 0000:00:17.1:   IO window: 0xa000-0xafff
[    0.607931] pci 0000:00:17.1:   MEM window: 0xcaa00000-0xcaafffff
[    0.607950] pci 0000:00:17.1:   PREFETCH window: 0x000000d9000000-0x000000d90fffff
[    0.607990] pci 0000:00:17.2: PCI bridge, secondary bus 0000:15
[    0.608001] pci 0000:00:17.2:   IO window: 0xe000-0xefff
[    0.608029] pci 0000:00:17.2:   MEM window: 0xcae00000-0xcaefffff
[    0.608048] pci 0000:00:17.2:   PREFETCH window: 0x000000d9400000-0x000000d94fffff
[    0.608088] pci 0000:00:17.3: PCI bridge, secondary bus 0000:16
[    0.608090] pci 0000:00:17.3:   IO window: disabled
[    0.608117] pci 0000:00:17.3:   MEM window: 0xcb200000-0xcb2fffff
[    0.608137] pci 0000:00:17.3:   PREFETCH window: 0x000000d9800000-0x000000d98fffff
[    0.608177] pci 0000:00:17.4: PCI bridge, secondary bus 0000:17
[    0.608178] pci 0000:00:17.4:   IO window: disabled
[    0.608230] pci 0000:00:17.4:   MEM window: 0xcb600000-0xcb6fffff
[    0.608264] pci 0000:00:17.4:   PREFETCH window: 0x000000d9c00000-0x000000d9cfffff
[    0.608314] pci 0000:00:17.5: PCI bridge, secondary bus 0000:18
[    0.608315] pci 0000:00:17.5:   IO window: disabled
[    0.608343] pci 0000:00:17.5:   MEM window: 0xcba00000-0xcbafffff
[    0.608363] pci 0000:00:17.5:   PREFETCH window: 0x000000da000000-0x000000da0fffff
[    0.608402] pci 0000:00:17.6: PCI bridge, secondary bus 0000:19
[    0.608404] pci 0000:00:17.6:   IO window: disabled
[    0.608432] pci 0000:00:17.6:   MEM window: 0xcbe00000-0xcbefffff
[    0.608451] pci 0000:00:17.6:   PREFETCH window: 0x000000da400000-0x000000da4fffff
[    0.608491] pci 0000:00:17.7: PCI bridge, secondary bus 0000:1a
[    0.608492] pci 0000:00:17.7:   IO window: disabled
[    0.608520] pci 0000:00:17.7:   MEM window: 0xcc200000-0xcc2fffff
[    0.608539] pci 0000:00:17.7:   PREFETCH window: 0x000000da800000-0x000000da8fffff
[    0.608579] pci 0000:00:18.0: PCI bridge, secondary bus 0000:1b
[    0.608590] pci 0000:00:18.0:   IO window: 0x7000-0x7fff
[    0.608618] pci 0000:00:18.0:   MEM window: 0xca700000-0xca7fffff
[    0.608637] pci 0000:00:18.0:   PREFETCH window: 0x000000d8d00000-0x000000d8dfffff
[    0.608677] pci 0000:00:18.1: PCI bridge, secondary bus 0000:1c
[    0.608688] pci 0000:00:18.1:   IO window: 0xb000-0xbfff
[    0.608716] pci 0000:00:18.1:   MEM window: 0xcab00000-0xcabfffff
[    0.608735] pci 0000:00:18.1:   PREFETCH window: 0x000000d9100000-0x000000d91fffff
[    0.608775] pci 0000:00:18.2: PCI bridge, secondary bus 0000:1d
[    0.608786] pci 0000:00:18.2:   IO window: 0xf000-0xffff
[    0.608814] pci 0000:00:18.2:   MEM window: 0xcaf00000-0xcaffffff
[    0.608833] pci 0000:00:18.2:   PREFETCH window: 0x000000d9500000-0x000000d95fffff
[    0.608873] pci 0000:00:18.3: PCI bridge, secondary bus 0000:1e
[    0.608875] pci 0000:00:18.3:   IO window: disabled
[    0.608912] pci 0000:00:18.3:   MEM window: 0xcb300000-0xcb3fffff
[    0.608940] pci 0000:00:18.3:   PREFETCH window: 0x000000d9900000-0x000000d99fffff
[    0.609001] pci 0000:00:18.4: PCI bridge, secondary bus 0000:1f
[    0.609002] pci 0000:00:18.4:   IO window: disabled
[    0.609032] pci 0000:00:18.4:   MEM window: 0xcb700000-0xcb7fffff
[    0.609053] pci 0000:00:18.4:   PREFETCH window: 0x000000d9d00000-0x000000d9dfffff
[    0.609096] pci 0000:00:18.5: PCI bridge, secondary bus 0000:20
[    0.609097] pci 0000:00:18.5:   IO window: disabled
[    0.609127] pci 0000:00:18.5:   MEM window: 0xcbb00000-0xcbbfffff
[    0.609148] pci 0000:00:18.5:   PREFETCH window: 0x000000da100000-0x000000da1fffff
[    0.609190] pci 0000:00:18.6: PCI bridge, secondary bus 0000:21
[    0.609192] pci 0000:00:18.6:   IO window: disabled
[    0.609242] pci 0000:00:18.6:   MEM window: 0xcbf00000-0xcbffffff
[    0.609280] pci 0000:00:18.6:   PREFETCH window: 0x000000da500000-0x000000da5fffff
[    0.609338] pci 0000:00:18.7: PCI bridge, secondary bus 0000:22
[    0.609340] pci 0000:00:18.7:   IO window: disabled
[    0.609380] pci 0000:00:18.7:   MEM window: 0xcc300000-0xcc3fffff
[    0.609407] pci 0000:00:18.7:   PREFETCH window: 0x000000da900000-0x000000da9fffff
[    0.609507] pci 0000:00:01.0: setting latency timer to 64
[    0.609617] pci 0000:00:15.0: setting latency timer to 64
[    0.609680] pci 0000:00:15.1: setting latency timer to 64
[    0.609752] pci 0000:00:15.2: setting latency timer to 64
[    0.609815] pci 0000:00:15.3: setting latency timer to 64
[    0.609878] pci 0000:00:15.4: setting latency timer to 64
[    0.609941] pci 0000:00:15.5: setting latency timer to 64
[    0.610020] pci 0000:00:15.6: setting latency timer to 64
[    0.610102] pci 0000:00:15.7: setting latency timer to 64
[    0.610176] pci 0000:00:16.0: setting latency timer to 64
[    0.610294] pci 0000:00:16.1: setting latency timer to 64
[    0.610383] pci 0000:00:16.2: setting latency timer to 64
[    0.610457] pci 0000:00:16.3: setting latency timer to 64
[    0.610520] pci 0000:00:16.4: setting latency timer to 64
[    0.610582] pci 0000:00:16.5: setting latency timer to 64
[    0.610645] pci 0000:00:16.6: setting latency timer to 64
[    0.610707] pci 0000:00:16.7: setting latency timer to 64
[    0.610770] pci 0000:00:17.0: setting latency timer to 64
[    0.610832] pci 0000:00:17.1: setting latency timer to 64
[    0.610895] pci 0000:00:17.2: setting latency timer to 64
[    0.610957] pci 0000:00:17.3: setting latency timer to 64
[    0.611019] pci 0000:00:17.4: setting latency timer to 64
[    0.611082] pci 0000:00:17.5: setting latency timer to 64
[    0.611144] pci 0000:00:17.6: setting latency timer to 64
[    0.611224] pci 0000:00:17.7: setting latency timer to 64
[    0.611298] pci 0000:00:18.0: setting latency timer to 64
[    0.611360] pci 0000:00:18.1: setting latency timer to 64
[    0.611435] pci 0000:00:18.2: setting latency timer to 64
[    0.611516] pci 0000:00:18.3: setting latency timer to 64
[    0.611583] pci 0000:00:18.4: setting latency timer to 64
[    0.611674] pci 0000:00:18.5: setting latency timer to 64
[    0.611762] pci 0000:00:18.6: setting latency timer to 64
[    0.611835] pci 0000:00:18.7: setting latency timer to 64
[    0.611847] pci_bus 0000:00: resource 0 io:  [0x00-0xffff]
[    0.611850] pci_bus 0000:00: resource 1 mem: [0x000000-0xffffffffffffffff]
[    0.611852] pci_bus 0000:02: resource 0 io:  [0x2000-0x3fff]
[    0.611854] pci_bus 0000:02: resource 1 mem: [0xc9000000-0xca3fffff]
[    0.611856] pci_bus 0000:02: resource 2 pref mem [0xd8400000-0xd89fffff]
[    0.611858] pci_bus 0000:02: resource 3 io:  [0x00-0xffff]
[    0.611859] pci_bus 0000:02: resource 4 mem: [0x000000-0xffffffffffffffff]
[    0.611862] pci_bus 0000:03: resource 0 io:  [0x4000-0x4fff]
[    0.611863] pci_bus 0000:03: resource 1 mem: [0xca400000-0xca4fffff]
[    0.611865] pci_bus 0000:03: resource 2 pref mem [0xd8a00000-0xd8afffff]
[    0.611867] pci_bus 0000:04: resource 0 io:  [0x8000-0x8fff]
[    0.611869] pci_bus 0000:04: resource 1 mem: [0xca800000-0xca8fffff]
[    0.611871] pci_bus 0000:04: resource 2 pref mem [0xd8e00000-0xd8efffff]
[    0.611872] pci_bus 0000:05: resource 0 io:  [0xc000-0xcfff]
[    0.611874] pci_bus 0000:05: resource 1 mem: [0xcac00000-0xcacfffff]
[    0.611876] pci_bus 0000:05: resource 2 pref mem [0xd9200000-0xd92fffff]
[    0.611878] pci_bus 0000:06: resource 1 mem: [0xcb000000-0xcb0fffff]
[    0.611880] pci_bus 0000:06: resource 2 pref mem [0xd9600000-0xd96fffff]
[    0.611882] pci_bus 0000:07: resource 1 mem: [0xcb400000-0xcb4fffff]
[    0.611883] pci_bus 0000:07: resource 2 pref mem [0xd9a00000-0xd9afffff]
[    0.611885] pci_bus 0000:08: resource 1 mem: [0xcb800000-0xcb8fffff]
[    0.611887] pci_bus 0000:08: resource 2 pref mem [0xd9e00000-0xd9efffff]
[    0.611889] pci_bus 0000:09: resource 1 mem: [0xcbc00000-0xcbcfffff]
[    0.611891] pci_bus 0000:09: resource 2 pref mem [0xda200000-0xda2fffff]
[    0.611892] pci_bus 0000:0a: resource 1 mem: [0xcc000000-0xcc0fffff]
[    0.611894] pci_bus 0000:0a: resource 2 pref mem [0xda600000-0xda6fffff]
[    0.611896] pci_bus 0000:0b: resource 0 io:  [0x5000-0x5fff]
[    0.611898] pci_bus 0000:0b: resource 1 mem: [0xca500000-0xca5fffff]
[    0.611900] pci_bus 0000:0b: resource 2 pref mem [0xd8b00000-0xd8bfffff]
[    0.611901] pci_bus 0000:0c: resource 0 io:  [0x9000-0x9fff]
[    0.611903] pci_bus 0000:0c: resource 1 mem: [0xca900000-0xca9fffff]
[    0.611905] pci_bus 0000:0c: resource 2 pref mem [0xd8f00000-0xd8ffffff]
[    0.611907] pci_bus 0000:0d: resource 0 io:  [0xd000-0xdfff]
[    0.611908] pci_bus 0000:0d: resource 1 mem: [0xcad00000-0xcadfffff]
[    0.611910] pci_bus 0000:0d: resource 2 pref mem [0xd9300000-0xd93fffff]
[    0.611912] pci_bus 0000:0e: resource 1 mem: [0xcb100000-0xcb1fffff]
[    0.611914] pci_bus 0000:0e: resource 2 pref mem [0xd9700000-0xd97fffff]
[    0.611916] pci_bus 0000:0f: resource 1 mem: [0xcb500000-0xcb5fffff]
[    0.611918] pci_bus 0000:0f: resource 2 pref mem [0xd9b00000-0xd9bfffff]
[    0.611919] pci_bus 0000:10: resource 1 mem: [0xcb900000-0xcb9fffff]
[    0.611921] pci_bus 0000:10: resource 2 pref mem [0xd9f00000-0xd9ffffff]
[    0.611923] pci_bus 0000:11: resource 1 mem: [0xcbd00000-0xcbdfffff]
[    0.611925] pci_bus 0000:11: resource 2 pref mem [0xda300000-0xda3fffff]
[    0.611927] pci_bus 0000:12: resource 1 mem: [0xcc100000-0xcc1fffff]
[    0.611928] pci_bus 0000:12: resource 2 pref mem [0xda700000-0xda7fffff]
[    0.611930] pci_bus 0000:13: resource 0 io:  [0x6000-0x6fff]
[    0.611932] pci_bus 0000:13: resource 1 mem: [0xca600000-0xca6fffff]
[    0.611934] pci_bus 0000:13: resource 2 pref mem [0xd8c00000-0xd8cfffff]
[    0.611936] pci_bus 0000:14: resource 0 io:  [0xa000-0xafff]
[    0.611937] pci_bus 0000:14: resource 1 mem: [0xcaa00000-0xcaafffff]
[    0.611939] pci_bus 0000:14: resource 2 pref mem [0xd9000000-0xd90fffff]
[    0.611941] pci_bus 0000:15: resource 0 io:  [0xe000-0xefff]
[    0.611943] pci_bus 0000:15: resource 1 mem: [0xcae00000-0xcaefffff]
[    0.611944] pci_bus 0000:15: resource 2 pref mem [0xd9400000-0xd94fffff]
[    0.611946] pci_bus 0000:16: resource 1 mem: [0xcb200000-0xcb2fffff]
[    0.611948] pci_bus 0000:16: resource 2 pref mem [0xd9800000-0xd98fffff]
[    0.611950] pci_bus 0000:17: resource 1 mem: [0xcb600000-0xcb6fffff]
[    0.611952] pci_bus 0000:17: resource 2 pref mem [0xd9c00000-0xd9cfffff]
[    0.611954] pci_bus 0000:18: resource 1 mem: [0xcba00000-0xcbafffff]
[    0.611956] pci_bus 0000:18: resource 2 pref mem [0xda000000-0xda0fffff]
[    0.611957] pci_bus 0000:19: resource 1 mem: [0xcbe00000-0xcbefffff]
[    0.611959] pci_bus 0000:19: resource 2 pref mem [0xda400000-0xda4fffff]
[    0.611961] pci_bus 0000:1a: resource 1 mem: [0xcc200000-0xcc2fffff]
[    0.611963] pci_bus 0000:1a: resource 2 pref mem [0xda800000-0xda8fffff]
[    0.611965] pci_bus 0000:1b: resource 0 io:  [0x7000-0x7fff]
[    0.611966] pci_bus 0000:1b: resource 1 mem: [0xca700000-0xca7fffff]
[    0.611968] pci_bus 0000:1b: resource 2 pref mem [0xd8d00000-0xd8dfffff]
[    0.611970] pci_bus 0000:1c: resource 0 io:  [0xb000-0xbfff]
[    0.611972] pci_bus 0000:1c: resource 1 mem: [0xcab00000-0xcabfffff]
[    0.611973] pci_bus 0000:1c: resource 2 pref mem [0xd9100000-0xd91fffff]
[    0.611975] pci_bus 0000:1d: resource 0 io:  [0xf000-0xffff]
[    0.611977] pci_bus 0000:1d: resource 1 mem: [0xcaf00000-0xcaffffff]
[    0.611979] pci_bus 0000:1d: resource 2 pref mem [0xd9500000-0xd95fffff]
[    0.611981] pci_bus 0000:1e: resource 1 mem: [0xcb300000-0xcb3fffff]
[    0.611982] pci_bus 0000:1e: resource 2 pref mem [0xd9900000-0xd99fffff]
[    0.611984] pci_bus 0000:1f: resource 1 mem: [0xcb700000-0xcb7fffff]
[    0.611986] pci_bus 0000:1f: resource 2 pref mem [0xd9d00000-0xd9dfffff]
[    0.611988] pci_bus 0000:20: resource 1 mem: [0xcbb00000-0xcbbfffff]
[    0.611990] pci_bus 0000:20: resource 2 pref mem [0xda100000-0xda1fffff]
[    0.611992] pci_bus 0000:21: resource 1 mem: [0xcbf00000-0xcbffffff]
[    0.611993] pci_bus 0000:21: resource 2 pref mem [0xda500000-0xda5fffff]
[    0.611995] pci_bus 0000:22: resource 1 mem: [0xcc300000-0xcc3fffff]
[    0.611997] pci_bus 0000:22: resource 2 pref mem [0xda900000-0xda9fffff]
[    0.612021] NET: Registered protocol family 2
[    0.612038] RANDOM - __random32 called. Change num 7.  Value: 55ede565	148ebb7a	8e9cdd7f
[    0.612040] RANDOM - random32 called.  Value: 55ede565	148ebb7a	8e9cdd7f
[    0.612049] random 0000 0000 0000 00000000 00000000: rand_read_num 2 get_random_bytes(4): sig fffffe1a 00000000 00000000
[    0.612052] random 0000 0000 0000 00000000 00000000: extract_entropy(.. 4 ..)
[    0.612054] random 0000 0000 0000 00000000 00000000: going to reseed nonblocking with 64 bits (32 of 0 requested)
[    0.612056] random 0000 0000 0000 00000000 00000000: extract_entropy(.. 8 ..)
[    0.612059] random 0000 0000 0000 00000000 00000000: trying to extract 64 bits from input
[    0.612061] random 0000 0000 0000 00000000 00000000: debiting 0 entropy credits from input
[    0.612063] random 0000 0000 0000 00000000 00000000: extract_entropy account returned: 0 
[    0.612066] random 0000 0000 0000 00000000 00000000: urand_change_num 3 xfer_secondary_pool(4): pool_sig fffffe1a, data_sig 00000000, bytes_mixed 0 00000000 00000000
[    0.612068] random 0000 0000 0000 00000000 00000000: trying to extract 32 bits from nonblocking
[    0.612071] random 0000 0000 0000 00000000 00000000: debiting 32 entropy credits from nonblocking (unlimited)
[    0.612073] random 0000 0000 0000 00000000 00000000: extract_entropy account returned: 4 
[    0.612077] random 0000 0000 0000 00000000 00000000: urand_change_num 4 extract_buf: pool_sig fffffe1a, data_sig fffffed7, bytes_mixed 20 00000000 00000000
[    0.612107] IP route cache hash table entries: 32768 (order: 5, 131072 bytes)
[    0.612238] RANDOM - __random32 called. Change num 8.  Value: de565d28	48ebb7a3	baff4f46
[    0.612249] RANDOM - random32 called.  Value: de565d28	48ebb7a3	baff4f46
[    0.612308] RANDOM - __random32 called. Change num 9.  Value: 65d282be	8ebb7a35	9e8da0a6
[    0.612310] RANDOM - random32 called.  Value: 65d282be	8ebb7a35	9e8da0a6
[    0.612313] RANDOM - __random32 called. Change num 10.  Value: 282be6b0	ebb7a35a	414d5c14
[    0.612315] RANDOM - random32 called.  Value: 282be6b0	ebb7a35a	414d5c14
[    0.612337] RANDOM - __random32 called. Change num 11.  Value: be6b0a9f	bb7a35a2	b82964f7
[    0.612339] RANDOM - random32 called.  Value: be6b0a9f	bb7a35a2	b82964f7
[    0.612349] TCP established hash table entries: 131072 (order: 8, 1048576 bytes)
[    0.612531] TCP bind hash table entries: 65536 (order: 7, 524288 bytes)
[    0.612710] TCP: Hash tables configured (established 131072 bind 65536)
[    0.612713] TCP reno registered
[    0.612765] NET: Registered protocol family 1
[    0.612779] pci 0000:00:00.0: Limiting direct PCI/PCI transfers
[    0.612812] pci 0000:00:0f.0: Boot video device
[    0.613034] Trying to unpack rootfs image as initramfs...
[    1.800003] Freeing initrd memory: 83430k freed
[    1.808039] Simple Boot Flag at 0x36 set to 0x1
[    1.808088] cpufreq-nforce2: No nForce2 chipset.
[    1.808101] Scanning for low memory corruption every 60 seconds
[    1.808221] audit: initializing netlink socket (disabled)
[    1.808229] type=2000 audit(1369428198.796:1): initialized
[    1.812139] highmem bounce pool size: 64 pages
[    1.812144] HugeTLB registered 2 MB page size, pre-allocated 0 pages
[    1.812245] VFS: Disk quotas dquot_6.5.2
[    1.812277] Dquot-cache hash table entries: 1024 (order 0, 4096 bytes)
[    1.812365] fuse init (API version 7.13)
[    1.812415] msgmni has been set to 1729
[    1.812698] alg: No test for stdrng (krng)
[    1.812733] Block layer SCSI generic (bsg) driver version 0.4 loaded (major 253)
[    1.812735] io scheduler noop registered
[    1.812737] io scheduler anticipatory registered
[    1.812739] io scheduler deadline registered
[    1.812760] io scheduler cfq registered (default)
[    1.812809]   alloc irq_desc for 24 on node -1
[    1.812811]   alloc kstat_irqs on node -1
[    1.812861] pcieport 0000:00:15.0: irq 24 for MSI/MSI-X
[    1.812910] pcieport 0000:00:15.0: setting latency timer to 64
[    1.812959]   alloc irq_desc for 25 on node -1
[    1.812962]   alloc kstat_irqs on node -1
[    1.813011] pcieport 0000:00:15.1: irq 25 for MSI/MSI-X
[    1.813060] pcieport 0000:00:15.1: setting latency timer to 64
[    1.813110]   alloc irq_desc for 26 on node -1
[    1.813112]   alloc kstat_irqs on node -1
[    1.813161] pcieport 0000:00:15.2: irq 26 for MSI/MSI-X
[    1.813210] pcieport 0000:00:15.2: setting latency timer to 64
[    1.813259]   alloc irq_desc for 27 on node -1
[    1.813262]   alloc kstat_irqs on node -1
[    1.813311] pcieport 0000:00:15.3: irq 27 for MSI/MSI-X
[    1.813360] pcieport 0000:00:15.3: setting latency timer to 64
[    1.813409]   alloc irq_desc for 28 on node -1
[    1.813412]   alloc kstat_irqs on node -1
[    1.813461] pcieport 0000:00:15.4: irq 28 for MSI/MSI-X
[    1.813510] pcieport 0000:00:15.4: setting latency timer to 64
[    1.813560]   alloc irq_desc for 29 on node -1
[    1.813562]   alloc kstat_irqs on node -1
[    1.813611] pcieport 0000:00:15.5: irq 29 for MSI/MSI-X
[    1.813660] pcieport 0000:00:15.5: setting latency timer to 64
[    1.813710]   alloc irq_desc for 30 on node -1
[    1.813712]   alloc kstat_irqs on node -1
[    1.813761] pcieport 0000:00:15.6: irq 30 for MSI/MSI-X
[    1.813810] pcieport 0000:00:15.6: setting latency timer to 64
[    1.813860]   alloc irq_desc for 31 on node -1
[    1.813862]   alloc kstat_irqs on node -1
[    1.813912] pcieport 0000:00:15.7: irq 31 for MSI/MSI-X
[    1.813961] pcieport 0000:00:15.7: setting latency timer to 64
[    1.814010]   alloc irq_desc for 32 on node -1
[    1.814012]   alloc kstat_irqs on node -1
[    1.814062] pcieport 0000:00:16.0: irq 32 for MSI/MSI-X
[    1.814111] pcieport 0000:00:16.0: setting latency timer to 64
[    1.814160]   alloc irq_desc for 33 on node -1
[    1.814162]   alloc kstat_irqs on node -1
[    1.814212] pcieport 0000:00:16.1: irq 33 for MSI/MSI-X
[    1.814261] pcieport 0000:00:16.1: setting latency timer to 64
[    1.814310]   alloc irq_desc for 34 on node -1
[    1.814312]   alloc kstat_irqs on node -1
[    1.814361] pcieport 0000:00:16.2: irq 34 for MSI/MSI-X
[    1.814411] pcieport 0000:00:16.2: setting latency timer to 64
[    1.814460]   alloc irq_desc for 35 on node -1
[    1.814462]   alloc kstat_irqs on node -1
[    1.814511] pcieport 0000:00:16.3: irq 35 for MSI/MSI-X
[    1.814561] pcieport 0000:00:16.3: setting latency timer to 64
[    1.814610]   alloc irq_desc for 36 on node -1
[    1.814612]   alloc kstat_irqs on node -1
[    1.814661] pcieport 0000:00:16.4: irq 36 for MSI/MSI-X
[    1.814711] pcieport 0000:00:16.4: setting latency timer to 64
[    1.814760]   alloc irq_desc for 37 on node -1
[    1.814762]   alloc kstat_irqs on node -1
[    1.814811] pcieport 0000:00:16.5: irq 37 for MSI/MSI-X
[    1.814861] pcieport 0000:00:16.5: setting latency timer to 64
[    1.816052]   alloc irq_desc for 38 on node -1
[    1.816054]   alloc kstat_irqs on node -1
[    1.816103] pcieport 0000:00:16.6: irq 38 for MSI/MSI-X
[    1.816153] pcieport 0000:00:16.6: setting latency timer to 64
[    1.816202]   alloc irq_desc for 39 on node -1
[    1.816204]   alloc kstat_irqs on node -1
[    1.816253] pcieport 0000:00:16.7: irq 39 for MSI/MSI-X
[    1.816303] pcieport 0000:00:16.7: setting latency timer to 64
[    1.816352]   alloc irq_desc for 40 on node -1
[    1.816356]   alloc kstat_irqs on node -1
[    1.816406] pcieport 0000:00:17.0: irq 40 for MSI/MSI-X
[    1.816455] pcieport 0000:00:17.0: setting latency timer to 64
[    1.816504]   alloc irq_desc for 41 on node -1
[    1.816508]   alloc kstat_irqs on node -1
[    1.816557] pcieport 0000:00:17.1: irq 41 for MSI/MSI-X
[    1.816607] pcieport 0000:00:17.1: setting latency timer to 64
[    1.816656]   alloc irq_desc for 42 on node -1
[    1.816658]   alloc kstat_irqs on node -1
[    1.816707] pcieport 0000:00:17.2: irq 42 for MSI/MSI-X
[    1.816757] pcieport 0000:00:17.2: setting latency timer to 64
[    1.816806]   alloc irq_desc for 43 on node -1
[    1.816808]   alloc kstat_irqs on node -1
[    1.816857] pcieport 0000:00:17.3: irq 43 for MSI/MSI-X
[    1.816907] pcieport 0000:00:17.3: setting latency timer to 64
[    1.816956]   alloc irq_desc for 44 on node -1
[    1.816958]   alloc kstat_irqs on node -1
[    1.817007] pcieport 0000:00:17.4: irq 44 for MSI/MSI-X
[    1.817057] pcieport 0000:00:17.4: setting latency timer to 64
[    1.817106]   alloc irq_desc for 45 on node -1
[    1.817108]   alloc kstat_irqs on node -1
[    1.817157] pcieport 0000:00:17.5: irq 45 for MSI/MSI-X
[    1.817207] pcieport 0000:00:17.5: setting latency timer to 64
[    1.817256]   alloc irq_desc for 46 on node -1
[    1.817258]   alloc kstat_irqs on node -1
[    1.817307] pcieport 0000:00:17.6: irq 46 for MSI/MSI-X
[    1.817357] pcieport 0000:00:17.6: setting latency timer to 64
[    1.817406]   alloc irq_desc for 47 on node -1
[    1.817408]   alloc kstat_irqs on node -1
[    1.817457] pcieport 0000:00:17.7: irq 47 for MSI/MSI-X
[    1.817506] pcieport 0000:00:17.7: setting latency timer to 64
[    1.817556]   alloc irq_desc for 48 on node -1
[    1.817558]   alloc kstat_irqs on node -1
[    1.817607] pcieport 0000:00:18.0: irq 48 for MSI/MSI-X
[    1.817656] pcieport 0000:00:18.0: setting latency timer to 64
[    1.817705]   alloc irq_desc for 49 on node -1
[    1.817707]   alloc kstat_irqs on node -1
[    1.817757] pcieport 0000:00:18.1: irq 49 for MSI/MSI-X
[    1.817806] pcieport 0000:00:18.1: setting latency timer to 64
[    1.817855]   alloc irq_desc for 50 on node -1
[    1.817857]   alloc kstat_irqs on node -1
[    1.817906] pcieport 0000:00:18.2: irq 50 for MSI/MSI-X
[    1.817956] pcieport 0000:00:18.2: setting latency timer to 64
[    1.818005]   alloc irq_desc for 51 on node -1
[    1.818054]   alloc kstat_irqs on node -1
[    1.818104] pcieport 0000:00:18.3: irq 51 for MSI/MSI-X
[    1.818153] pcieport 0000:00:18.3: setting latency timer to 64
[    1.818202]   alloc irq_desc for 52 on node -1
[    1.818205]   alloc kstat_irqs on node -1
[    1.818254] pcieport 0000:00:18.4: irq 52 for MSI/MSI-X
[    1.818303] pcieport 0000:00:18.4: setting latency timer to 64
[    1.818352]   alloc irq_desc for 53 on node -1
[    1.818354]   alloc kstat_irqs on node -1
[    1.818404] pcieport 0000:00:18.5: irq 53 for MSI/MSI-X
[    1.818453] pcieport 0000:00:18.5: setting latency timer to 64
[    1.818502]   alloc irq_desc for 54 on node -1
[    1.818504]   alloc kstat_irqs on node -1
[    1.818553] pcieport 0000:00:18.6: irq 54 for MSI/MSI-X
[    1.818603] pcieport 0000:00:18.6: setting latency timer to 64
[    1.818652]   alloc irq_desc for 55 on node -1
[    1.818654]   alloc kstat_irqs on node -1
[    1.818703] pcieport 0000:00:18.7: irq 55 for MSI/MSI-X
[    1.818752] pcieport 0000:00:18.7: setting latency timer to 64
[    1.818802] pci_hotplug: PCI Hot Plug PCI Core version: 0.5
[    1.820070] pciehp 0000:00:15.0:pcie04: HPC vendor_id 15ad device_id 7a0 ss_vid 0 ss_did 0
[    1.820120] pciehp 0000:00:15.0:pcie04: service driver pciehp loaded
[    1.820169] pciehp 0000:00:15.1:pcie04: HPC vendor_id 15ad device_id 7a0 ss_vid 0 ss_did 0
[    1.820218] pciehp 0000:00:15.1:pcie04: service driver pciehp loaded
[    1.820268] pciehp 0000:00:15.2:pcie04: HPC vendor_id 15ad device_id 7a0 ss_vid 0 ss_did 0
[    1.820317] pciehp 0000:00:15.2:pcie04: service driver pciehp loaded
[    1.820366] pciehp 0000:00:15.3:pcie04: HPC vendor_id 15ad device_id 7a0 ss_vid 0 ss_did 0
[    1.820416] pciehp 0000:00:15.3:pcie04: service driver pciehp loaded
[    1.820465] pciehp 0000:00:15.4:pcie04: HPC vendor_id 15ad device_id 7a0 ss_vid 0 ss_did 0
[    1.820514] pciehp 0000:00:15.4:pcie04: service driver pciehp loaded
[    1.820563] pciehp 0000:00:15.5:pcie04: HPC vendor_id 15ad device_id 7a0 ss_vid 0 ss_did 0
[    1.820613] pciehp 0000:00:15.5:pcie04: service driver pciehp loaded
[    1.820662] pciehp 0000:00:15.6:pcie04: HPC vendor_id 15ad device_id 7a0 ss_vid 0 ss_did 0
[    1.820711] pciehp 0000:00:15.6:pcie04: service driver pciehp loaded
[    1.820761] pciehp 0000:00:15.7:pcie04: HPC vendor_id 15ad device_id 7a0 ss_vid 0 ss_did 0
[    1.820810] pciehp 0000:00:15.7:pcie04: service driver pciehp loaded
[    1.820859] pciehp 0000:00:16.0:pcie04: HPC vendor_id 15ad device_id 7a0 ss_vid 0 ss_did 0
[    1.820909] pciehp 0000:00:16.0:pcie04: service driver pciehp loaded
[    1.820958] pciehp 0000:00:16.1:pcie04: HPC vendor_id 15ad device_id 7a0 ss_vid 0 ss_did 0
[    1.821007] pciehp 0000:00:16.1:pcie04: service driver pciehp loaded
[    1.821056] pciehp 0000:00:16.2:pcie04: HPC vendor_id 15ad device_id 7a0 ss_vid 0 ss_did 0
[    1.821106] pciehp 0000:00:16.2:pcie04: service driver pciehp loaded
[    1.821155] pciehp 0000:00:16.3:pcie04: HPC vendor_id 15ad device_id 7a0 ss_vid 0 ss_did 0
[    1.821204] pciehp 0000:00:16.3:pcie04: service driver pciehp loaded
[    1.821254] pciehp 0000:00:16.4:pcie04: HPC vendor_id 15ad device_id 7a0 ss_vid 0 ss_did 0
[    1.821303] pciehp 0000:00:16.4:pcie04: service driver pciehp loaded
[    1.821352] pciehp 0000:00:16.5:pcie04: HPC vendor_id 15ad device_id 7a0 ss_vid 0 ss_did 0
[    1.821401] pciehp 0000:00:16.5:pcie04: service driver pciehp loaded
[    1.821451] pciehp 0000:00:16.6:pcie04: HPC vendor_id 15ad device_id 7a0 ss_vid 0 ss_did 0
[    1.821500] pciehp 0000:00:16.6:pcie04: service driver pciehp loaded
[    1.821549] pciehp 0000:00:16.7:pcie04: HPC vendor_id 15ad device_id 7a0 ss_vid 0 ss_did 0
[    1.821599] pciehp 0000:00:16.7:pcie04: service driver pciehp loaded
[    1.821648] pciehp 0000:00:17.0:pcie04: HPC vendor_id 15ad device_id 7a0 ss_vid 0 ss_did 0
[    1.821697] pciehp 0000:00:17.0:pcie04: service driver pciehp loaded
[    1.821747] pciehp 0000:00:17.1:pcie04: HPC vendor_id 15ad device_id 7a0 ss_vid 0 ss_did 0
[    1.821796] pciehp 0000:00:17.1:pcie04: service driver pciehp loaded
[    1.821845] pciehp 0000:00:17.2:pcie04: HPC vendor_id 15ad device_id 7a0 ss_vid 0 ss_did 0
[    1.821894] pciehp 0000:00:17.2:pcie04: service driver pciehp loaded
[    1.821944] pciehp 0000:00:17.3:pcie04: HPC vendor_id 15ad device_id 7a0 ss_vid 0 ss_did 0
[    1.821993] pciehp 0000:00:17.3:pcie04: service driver pciehp loaded
[    1.822042] pciehp 0000:00:17.4:pcie04: HPC vendor_id 15ad device_id 7a0 ss_vid 0 ss_did 0
[    1.822092] pciehp 0000:00:17.4:pcie04: service driver pciehp loaded
[    1.822141] pciehp 0000:00:17.5:pcie04: HPC vendor_id 15ad device_id 7a0 ss_vid 0 ss_did 0
[    1.822190] pciehp 0000:00:17.5:pcie04: service driver pciehp loaded
[    1.822240] pciehp 0000:00:17.6:pcie04: HPC vendor_id 15ad device_id 7a0 ss_vid 0 ss_did 0
[    1.822289] pciehp 0000:00:17.6:pcie04: service driver pciehp loaded
[    1.822338] pciehp 0000:00:17.7:pcie04: HPC vendor_id 15ad device_id 7a0 ss_vid 0 ss_did 0
[    1.822387] pciehp 0000:00:17.7:pcie04: service driver pciehp loaded
[    1.822437] pciehp 0000:00:18.0:pcie04: HPC vendor_id 15ad device_id 7a0 ss_vid 0 ss_did 0
[    1.822486] pciehp 0000:00:18.0:pcie04: service driver pciehp loaded
[    1.822535] pciehp 0000:00:18.1:pcie04: HPC vendor_id 15ad device_id 7a0 ss_vid 0 ss_did 0
[    1.822585] pciehp 0000:00:18.1:pcie04: service driver pciehp loaded
[    1.822634] pciehp 0000:00:18.2:pcie04: HPC vendor_id 15ad device_id 7a0 ss_vid 0 ss_did 0
[    1.822683] pciehp 0000:00:18.2:pcie04: service driver pciehp loaded
[    1.822732] pciehp 0000:00:18.3:pcie04: HPC vendor_id 15ad device_id 7a0 ss_vid 0 ss_did 0
[    1.822782] pciehp 0000:00:18.3:pcie04: service driver pciehp loaded
[    1.822831] pciehp 0000:00:18.4:pcie04: HPC vendor_id 15ad device_id 7a0 ss_vid 0 ss_did 0
[    1.822880] pciehp 0000:00:18.4:pcie04: service driver pciehp loaded
[    1.822930] pciehp 0000:00:18.5:pcie04: HPC vendor_id 15ad device_id 7a0 ss_vid 0 ss_did 0
[    1.822979] pciehp 0000:00:18.5:pcie04: service driver pciehp loaded
[    1.823028] pciehp 0000:00:18.6:pcie04: HPC vendor_id 15ad device_id 7a0 ss_vid 0 ss_did 0
[    1.823078] pciehp 0000:00:18.6:pcie04: service driver pciehp loaded
[    1.823127] pciehp 0000:00:18.7:pcie04: HPC vendor_id 15ad device_id 7a0 ss_vid 0 ss_did 0
[    1.823176] pciehp 0000:00:18.7:pcie04: service driver pciehp loaded
[    1.823186] pciehp: PCI Express Hot Plug Controller Driver version: 0.4
[    1.823241] ACPI: AC Adapter [ACAD] (on-line)
[    1.823299] input: Power Button as /devices/LNXSYSTM:00/LNXPWRBN:00/input/input0
[    1.823302] ACPI: Power Button [PWRF]
[    1.823352] processor LNXCPU:00: registered as cooling_device0
[    1.867942] isapnp: Scanning for PnP cards...
[    2.222196] isapnp: No Plug & Play device found
[    2.222228] random 0000 0000 0000 5f8db4e5 4cfdf2a8: initializing
[    2.222349] Linux agpgart interface v0.103
[    2.222392] agpgart-intel 0000:00:00.0: Intel 440BX Chipset
[    2.222441] agpgart-intel 0000:00:00.0: AGP aperture is 256M @ 0x0
[    2.222472] Serial: 8250/16550 driver, 32 ports, IRQ sharing enabled
[    2.222521] serial8250: ttyS0 at I/O 0x3f8 (irq = 4) is a 16550A
[    2.222571] serial8250: ttyS1 at I/O 0x2f8 (irq = 3) is a 16550A
[    2.223364] 00:0a: ttyS0 at I/O 0x3f8 (irq = 4) is a 16550A
[    2.223414] 00:0b: ttyS1 at I/O 0x2f8 (irq = 3) is a 16550A
[    2.223463] brd: module loaded
[    2.223512] loop: module loaded
[    2.223562] ata_piix 0000:00:07.1: version 2.13
[    2.223645] scsi0 : ata_piix
[    2.223694] scsi1 : ata_piix
[    2.223716] ata1: PATA max UDMA/33 cmd 0x1f0 ctl 0x3f6 bmdma 0x10c0 irq 14
[    2.223718] ata2: PATA max UDMA/33 cmd 0x170 ctl 0x376 bmdma 0x10c8 irq 15
[    2.223766] PPP generic driver version 2.4.2
[    2.223786] tun: Universal TUN/TAP device driver, 1.6
[    2.223787] tun: (C) 1999-2004 Max Krasnyansky <maxk@qualcomm.com>
[    2.223837] ehci_hcd: USB 2.0 'Enhanced' Host Controller (EHCI) Driver
[    2.223886] ACPI: PCI Interrupt Link [LNKB] enabled at IRQ 11
[    2.223889] PCI: setting IRQ 11 as level-triggered
[    2.223897] ehci_hcd 0000:02:03.0: PCI INT A -> Link[LNKB] -> GSI 11 (level, low) -> IRQ 11
[    2.223943] ehci_hcd 0000:02:03.0: EHCI Host Controller
[    2.223969] ehci_hcd 0000:02:03.0: new USB bus registered, assigned bus number 1
[    2.224018] ehci_hcd 0000:02:03.0: cache line size of 32 is not supported
[    2.224051] ehci_hcd 0000:02:03.0: irq 11, io mem 0xc9000000
[    2.224350] random 0000 0000 0000 00000000 00000000: rand_read_num 3 get_random_bytes(8): sig 00000000 00000000 00000000
[    2.224353] random 0000 0000 0000 00000000 00000000: extract_entropy(.. 8 ..)
[    2.224355] random 0000 0000 0000 00000000 00000000: going to reseed nonblocking with 64 bits (64 of 0 requested)
[    2.224357] random 0000 0000 0000 00000000 00000000: extract_entropy(.. 8 ..)
[    2.224360] random 0000 0000 0000 00000000 00000000: trying to extract 64 bits from input
[    2.224362] random 0000 0000 0000 00000000 00000000: debiting 0 entropy credits from input
[    2.224364] random 0000 0000 0000 00000000 00000000: extract_entropy account returned: 0 
[    2.224367] random 0000 0000 0000 00000000 00000000: urand_change_num 5 xfer_secondary_pool(8): pool_sig 00000000, data_sig 00000000, bytes_mixed 0 00000000 00000000
[    2.224369] random 0000 0000 0000 00000000 00000000: trying to extract 64 bits from nonblocking
[    2.224372] random 0000 0000 0000 00000000 00000000: debiting 64 entropy credits from nonblocking (unlimited)
[    2.224374] random 0000 0000 0000 00000000 00000000: extract_entropy account returned: 8 
[    2.224377] random 0000 0000 0000 00000000 00000000: urand_change_num 6 extract_buf: pool_sig 00000000, data_sig fffffff9, bytes_mixed 20 00000000 00000000
[    2.235414] ehci_hcd 0000:02:03.0: USB 2.0 started, EHCI 1.00
[    2.235463] usb usb1: configuration #1 chosen from 1 choice
[    2.235482] hub 1-0:1.0: USB hub found
[    2.235487] hub 1-0:1.0: 6 ports detected
[    2.235522] ohci_hcd: USB 1.1 'Open' Host Controller (OHCI) Driver
[    2.235534] uhci_hcd: USB Universal Host Controller Interface driver
[    2.235583] ACPI: PCI Interrupt Link [LNKC] enabled at IRQ 10
[    2.235586] PCI: setting IRQ 10 as level-triggered
[    2.235589] uhci_hcd 0000:02:00.0: PCI INT A -> Link[LNKC] -> GSI 10 (level, low) -> IRQ 10
[    2.235622] uhci_hcd 0000:02:00.0: UHCI Host Controller
[    2.235648] uhci_hcd 0000:02:00.0: new USB bus registered, assigned bus number 2
[    2.235744] uhci_hcd 0000:02:00.0: irq 10, io base 0x000020c0
[    2.235793] usb usb2: configuration #1 chosen from 1 choice
[    2.235808] hub 2-0:1.0: USB hub found
[    2.235812] hub 2-0:1.0: 2 ports detected
[    2.235862] usbcore: registered new interface driver libusual
[    2.235888] PNP: PS/2 Controller [PNP0303:KBC,PNP0f13:MOUS] at 0x60,0x64 irq 1,12
[    2.236210] serio: i8042 KBD port at 0x60,0x64 irq 1
[    2.236216] serio: i8042 AUX port at 0x60,0x64 irq 12
[    2.236249] mice: PS/2 mouse device common for all mice
[    2.236299] rtc_cmos 00:04: rtc core: registered rtc_cmos as rtc0
[    2.236314] rtc0: alarms up to one month, y3k, 114 bytes nvram, hpet irqs
[    2.236363] device-mapper: uevent: version 1.0.3
[    2.236470] device-mapper: ioctl: 4.15.0-ioctl (2009-04-01) initialised: dm-devel@redhat.com
[    2.236486] EISA: Probing bus 0 at eisa.0
[    2.236493] Cannot allocate resource for EISA slot 1
[    2.236495] Cannot allocate resource for EISA slot 2
[    2.236497] Cannot allocate resource for EISA slot 3
[    2.236498] Cannot allocate resource for EISA slot 4
[    2.236500] Cannot allocate resource for EISA slot 5
[    2.236502] Cannot allocate resource for EISA slot 6
[    2.236504] Cannot allocate resource for EISA slot 7
[    2.236506] Cannot allocate resource for EISA slot 8
[    2.236507] EISA: Detected 0 cards.
[    2.236550] cpuidle: using governor ladder
[    2.236552] cpuidle: using governor menu
[    2.236601] random 0000 0000 0000 00000000 00000000: rand_read_num 4 get_random_bytes(136): sig 0000021d 00000000 00000000
[    2.236623] random 0000 0000 0000 00000000 00000000: extract_entropy(.. 136 ..)
[    2.236626] random 0000 0000 0000 00000000 00000000: going to reseed nonblocking with 1024 bits (1088 of 0 requested)
[    2.236628] random 0000 0000 0000 00000000 00000000: extract_entropy(.. 128 ..)
[    2.236630] random 0000 0000 0000 00000000 00000000: trying to extract 1024 bits from input
[    2.236632] random 0000 0000 0000 00000000 00000000: debiting 0 entropy credits from input
[    2.236634] random 0000 0000 0000 00000000 00000000: extract_entropy account returned: 0 
[    2.236637] random 0000 0000 0000 00000000 00000000: urand_change_num 7 xfer_secondary_pool(136): pool_sig 0000021d, data_sig 00000000, bytes_mixed 0 00000000 00000000
[    2.236640] random 0000 0000 0000 00000000 00000000: trying to extract 1088 bits from nonblocking
[    2.236642] random 0000 0000 0000 00000000 00000000: debiting 1088 entropy credits from nonblocking (unlimited)
[    2.236644] random 0000 0000 0000 00000000 00000000: extract_entropy account returned: 136 
[    2.236648] random 0000 0000 0000 00000000 00000000: urand_change_num 8 extract_buf: pool_sig 0000021d, data_sig fffffff7, bytes_mixed 20 00000000 00000000
[    2.236652] random 0000 0000 0000 f961ee50 ba9cb1aa: urand_change_num 9 extract_buf: pool_sig 00000230, data_sig fffffeb4, bytes_mixed 20 f961ee50 ba9cb1aa
[    2.236656] random 0000 0000 0000 9748bdd6 56fb8af6: urand_change_num 10 extract_buf: pool_sig 00000373, data_sig 000000cf, bytes_mixed 20 9748bdd6 56fb8af6
[    2.236661] random 0000 0000 0000 9748bdd6 56fb8af6: urand_change_num 11 extract_buf: pool_sig fffffe49, data_sig 0000023f, bytes_mixed 20 9748bdd6 56fb8af6
[    2.236665] random 0000 0000 0000 a135be86 4777650e: urand_change_num 12 extract_buf: pool_sig fffffcce, data_sig 000000c6, bytes_mixed 20 a135be86 4777650e
[    2.236669] random 0000 0000 0000 4a6ea85d 170e00dd: urand_change_num 13 extract_buf: pool_sig ffffff97, data_sig ffffff7d, bytes_mixed 20 4a6ea85d 170e00dd
[    2.236673] random 0000 0000 0000 4a6ea85d 170e00dd: urand_change_num 14 extract_buf: pool_sig 00000160, data_sig fffffeea, bytes_mixed 20 4a6ea85d 170e00dd
[    2.236677] random 0000 0000 0000 6e87c3cb da668c73: urand_change_num 15 extract_buf: pool_sig 0000034f, data_sig ffffff54, bytes_mixed 20 6e87c3cb da668c73
[    2.236682] random 0000 0000 0000 6e87c3cb da668c73: urand_change_num 16 extract_buf: pool_sig fffffdc5, data_sig 00000205, bytes_mixed 20 6e87c3cb da668c73
[    2.236686] random 0000 0000 0000 39f531e6 461eb249: urand_change_num 17 extract_buf: pool_sig fffffc1d, data_sig ffffff5e, bytes_mixed 20 39f531e6 461eb249
[    2.236690] random 0000 0000 0000 7e1538a2 3e661182: urand_change_num 18 extract_buf: pool_sig 000006ef, data_sig ffffff2e, bytes_mixed 20 7e1538a2 3e661182
[    2.236694] random 0000 0000 0000 7e1538a2 3e661182: urand_change_num 19 extract_buf: pool_sig 00000317, data_sig fffffccb, bytes_mixed 20 7e1538a2 3e661182
[    2.236698] random 0000 0000 0000 76af506b 9b57305e: urand_change_num 20 extract_buf: pool_sig 00000227, data_sig ffffffd2, bytes_mixed 20 76af506b 9b57305e
[    2.236702] random 0000 0000 0000 37d49d89 e20417cc: urand_change_num 21 extract_buf: pool_sig 0000080b, data_sig 000001e9, bytes_mixed 20 37d49d89 e20417cc
[    2.236706] TCP cubic registered
[    2.236756] NET: Registered protocol family 10
[    2.236789] RANDOM - __random32 called. Change num 12.  Value: b0a9fbe7	b7a35a2b	c9ef2c48
[    2.236791] RANDOM - random32 called.  Value: b0a9fbe7	b7a35a2b	c9ef2c48
[    2.236799] random 0000 0000 0000 37d49d89 e20417cc: rand_read_num 5 get_random_bytes(4): sig 00000298 37d49d89 e20417cc
[    2.236801] random 0000 0000 0000 37d49d89 e20417cc: extract_entropy(.. 4 ..)
[    2.236804] random 0000 0000 0000 37d49d89 e20417cc: going to reseed nonblocking with 64 bits (32 of 0 requested)
[    2.236806] random 0000 0000 0000 37d49d89 e20417cc: extract_entropy(.. 8 ..)
[    2.236808] random 0000 0000 0000 37d49d89 e20417cc: trying to extract 64 bits from input
[    2.236810] random 0000 0000 0000 37d49d89 e20417cc: debiting 0 entropy credits from input
[    2.236812] random 0000 0000 0000 37d49d89 e20417cc: extract_entropy account returned: 0 
[    2.236815] random 0000 0000 0000 37d49d89 e20417cc: urand_change_num 22 xfer_secondary_pool(4): pool_sig 00000298, data_sig 00000000, bytes_mixed 0 37d49d89 e20417cc
[    2.236817] random 0000 0000 0000 37d49d89 e20417cc: trying to extract 32 bits from nonblocking
[    2.236819] random 0000 0000 0000 37d49d89 e20417cc: debiting 32 entropy credits from nonblocking (unlimited)
[    2.236822] random 0000 0000 0000 37d49d89 e20417cc: extract_entropy account returned: 4 
[    2.236825] random 0000 0000 0000 37d49d89 e20417cc: urand_change_num 23 extract_buf: pool_sig 00000298, data_sig 00000092, bytes_mixed 20 37d49d89 e20417cc
[    2.236874] RANDOM - __random32 called. Change num 13.  Value: 9fbe71fa	7a35a2b4	5890d2c9
[    2.236876] RANDOM - random32 called.  Value: 9fbe71fa	7a35a2b4	5890d2c9
[    2.236925] NET: Registered protocol family 17
[    2.236947] Using IPI No-Shortcut mode
[    2.236953] random 0000 0000 0000 2ee4c4fc 167bdb15: rand_read_num 6 get_random_bytes(8): sig fffffcbf 2ee4c4fc 167bdb15
[    2.236955] random 0000 0000 0000 2ee4c4fc 167bdb15: extract_entropy(.. 8 ..)
[    2.236957] random 0000 0000 0000 2ee4c4fc 167bdb15: going to reseed nonblocking with 64 bits (64 of 0 requested)
[    2.236959] random 0000 0000 0000 2ee4c4fc 167bdb15: extract_entropy(.. 8 ..)
[    2.236962] random 0000 0000 0000 2ee4c4fc 167bdb15: trying to extract 64 bits from input
[    2.236964] random 0000 0000 0000 2ee4c4fc 167bdb15: debiting 0 entropy credits from input
[    2.236966] random 0000 0000 0000 2ee4c4fc 167bdb15: extract_entropy account returned: 0 
[    2.236969] random 0000 0000 0000 2ee4c4fc 167bdb15: urand_change_num 24 xfer_secondary_pool(8): pool_sig fffffcbf, data_sig 00000000, bytes_mixed 0 2ee4c4fc 167bdb15
[    2.236972] random 0000 0000 0000 2ee4c4fc 167bdb15: trying to extract 64 bits from nonblocking
[    2.236974] random 0000 0000 0000 2ee4c4fc 167bdb15: debiting 64 entropy credits from nonblocking (unlimited)
[    2.236976] random 0000 0000 0000 2ee4c4fc 167bdb15: extract_entropy account returned: 8 
[    2.236980] random 0000 0000 0000 2ee4c4fc 167bdb15: urand_change_num 25 extract_buf: pool_sig fffffcbf, data_sig ffffff83, bytes_mixed 20 2ee4c4fc 167bdb15
[    2.237021] PM: Resume from disk failed.
[    2.237028] registered taskstats version 1
[    2.237031] random 0000 0000 0000 2ee4c4fc 167bdb15: rand_read_num 7 get_random_bytes(12): sig fffffc69 2ee4c4fc 167bdb15
[    2.237034] random 0000 0000 0000 2ee4c4fc 167bdb15: extract_entropy(.. 12 ..)
[    2.237036] random 0000 0000 0000 2ee4c4fc 167bdb15: going to reseed nonblocking with 96 bits (96 of 0 requested)
[    2.237038] random 0000 0000 0000 2ee4c4fc 167bdb15: extract_entropy(.. 12 ..)
[    2.237040] random 0000 0000 0000 2ee4c4fc 167bdb15: trying to extract 96 bits from input
[    2.237042] random 0000 0000 0000 2ee4c4fc 167bdb15: debiting 0 entropy credits from input
[    2.237044] random 0000 0000 0000 2ee4c4fc 167bdb15: extract_entropy account returned: 0 
[    2.237047] random 0000 0000 0000 2ee4c4fc 167bdb15: urand_change_num 26 xfer_secondary_pool(12): pool_sig fffffc69, data_sig 00000000, bytes_mixed 0 2ee4c4fc 167bdb15
[    2.237050] random 0000 0000 0000 2ee4c4fc 167bdb15: trying to extract 96 bits from nonblocking
[    2.237052] random 0000 0000 0000 2ee4c4fc 167bdb15: debiting 96 entropy credits from nonblocking (unlimited)
[    2.237055] random 0000 0000 0000 2ee4c4fc 167bdb15: extract_entropy account returned: 12 
[    2.237058] random 0000 0000 0000 2ee4c4fc 167bdb15: urand_change_num 27 extract_buf: pool_sig fffffc69, data_sig ffffff7d, bytes_mixed 20 2ee4c4fc 167bdb15
[    2.237062] random 0000 0000 0000 83b7c1ab 94697f48: urand_change_num 28 extract_buf: pool_sig fffffe30, data_sig fffffdd6, bytes_mixed 20 83b7c1ab 94697f48
[    2.237065] RANDOM - __seed init called.
[    2.237066] RANDOM - __seed init called.
[    2.237068] RANDOM - __seed init called.
[    2.237069] RANDOM - __random32 called. Change num 14.  Value: fc007995	feca4f80	21b38ad2
[    2.237071] RANDOM - random32_reseed called.  Value: fc007995	feca4f80	21b38ad2
[    2.237074] Pid: 1, comm: swapper Not tainted 2.6.32.57 #4
[    2.237076] Call Trace:
[    2.237082]  [<c14a8a0e>] ? printk+0x1d/0x1f
[    2.237086]  [<c17537e5>] random32_reseed+0x89/0xbd
[    2.237090]  [<c1003042>] do_one_initcall+0x32/0x1a0
[    2.237093]  [<c175375c>] ? random32_reseed+0x0/0xbd
[    2.237096]  [<c17308e7>] kernel_init+0x12d/0x17a
[    2.237098]  [<c17307ba>] ? kernel_init+0x0/0x17a
[    2.237101]  [<c1009b07>] kernel_thread_helper+0x7/0x10
[    2.239884] input: AT Translated Set 2 keyboard as /devices/platform/i8042/serio0/input/input1
[    2.243369] random 0000 0000 0000 6db70b00 b30ce96b: rand_read_num 8 get_random_bytes(64): sig fffffb38 6db70b00 b30ce96b
[    2.243373] random 0000 0000 0000 6db70b00 b30ce96b: extract_entropy(.. 64 ..)
[    2.243377] random 0000 0000 0000 6db70b00 b30ce96b: going to reseed nonblocking with 512 bits (512 of 0 requested)
[    2.243379] random 0000 0000 0000 6db70b00 b30ce96b: extract_entropy(.. 64 ..)
[    2.243382] random 0000 0000 0000 6db70b00 b30ce96b: trying to extract 512 bits from input
[    2.243384] random 0000 0000 0000 6db70b00 b30ce96b: debiting 0 entropy credits from input
[    2.243386] random 0000 0000 0000 6db70b00 b30ce96b: extract_entropy account returned: 0 
[    2.243389] random 0000 0000 0000 6db70b00 b30ce96b: urand_change_num 29 xfer_secondary_pool(64): pool_sig fffffb38, data_sig 00000000, bytes_mixed 0 6db70b00 b30ce96b
[    2.243392] random 0000 0000 0000 6db70b00 b30ce96b: trying to extract 512 bits from nonblocking
[    2.243396] random 0000 0000 0000 6db70b00 b30ce96b: debiting 512 entropy credits from nonblocking (unlimited)
[    2.243398] random 0000 0000 0000 6db70b00 b30ce96b: extract_entropy account returned: 64 
[    2.243402] random 0000 0000 0000 6db70b00 b30ce96b: urand_change_num 30 extract_buf: pool_sig fffffb38, data_sig 00000151, bytes_mixed 20 6db70b00 b30ce96b
[    2.243407] random 0000 0000 0000 6db70b00 b30ce96b: urand_change_num 31 extract_buf: pool_sig fffffdb8, data_sig 00000379, bytes_mixed 20 6db70b00 b30ce96b
[    2.243411] random 0000 0000 0000 6b83001e d4b6c0d3: urand_change_num 32 extract_buf: pool_sig ffffffc9, data_sig 00000198, bytes_mixed 20 6b83001e d4b6c0d3
[    2.243415] random 0000 0000 0000 79d3e3c7 be564518: urand_change_num 33 extract_buf: pool_sig 000002b9, data_sig ffffff84, bytes_mixed 20 79d3e3c7 be564518
[    2.243420] random 0000 0000 0000 79d3e3c7 be564518: urand_change_num 34 extract_buf: pool_sig ffffff55, data_sig ffffff5a, bytes_mixed 20 79d3e3c7 be564518
[    2.243424] random 0000 0000 0000 89c03cb2 0d353228: urand_change_num 35 extract_buf: pool_sig 00000007, data_sig ffffff17, bytes_mixed 20 89c03cb2 0d353228
[    2.243429] random 0000 0000 0000 89c03cb2 0d353228: urand_change_num 36 extract_buf: pool_sig fffffdae, data_sig 000000db, bytes_mixed 20 89c03cb2 0d353228  Magic number: 13:603:751
[    2.243436] misc uinput: hash matches
[    2.243447] tty ttyS2: hash matches
[    2.243539] rtc_cmos 00:04: setting system clock to 2013-05-24 20:43:20 UTC (1369428200)
[    2.243542] BIOS EDD facility v0.16 2004-Jun-25, 0 devices found
[    2.243544] EDD information not available.
[    2.243574] random 0000 0000 0000 8ca62387 b120332c: rand_read_num 9 get_random_bytes(64): sig fffffed6 8ca62387 b120332c
[    2.243577] random 0000 0000 0000 8ca62387 b120332c: extract_entropy(.. 64 ..)
[    2.243579] random 0000 0000 0000 8ca62387 b120332c: going to reseed nonblocking with 512 bits (512 of 0 requested)
[    2.243582] random 0000 0000 0000 8ca62387 b120332c: extract_entropy(.. 64 ..)
[    2.243584] random 0000 0000 0000 8ca62387 b120332c: trying to extract 512 bits from input
[    2.243586] random 0000 0000 0000 8ca62387 b120332c: debiting 0 entropy credits from input
[    2.243588] random 0000 0000 0000 8ca62387 b120332c: extract_entropy account returned: 0 
[    2.243591] random 0000 0000 0000 8ca62387 b120332c: urand_change_num 37 xfer_secondary_pool(64): pool_sig fffffed6, data_sig 00000000, bytes_mixed 0 8ca62387 b120332c
[    2.243594] random 0000 0000 0000 8ca62387 b120332c: trying to extract 512 bits from nonblocking
[    2.243596] random 0000 0000 0000 8ca62387 b120332c: debiting 512 entropy credits from nonblocking (unlimited)
[    2.243599] random 0000 0000 0000 8ca62387 b120332c: extract_entropy account returned: 64 
[    2.243602] random 0000 0000 0000 8ca62387 b120332c: urand_change_num 38 extract_buf: pool_sig fffffed6, data_sig fffffeb6, bytes_mixed 20 8ca62387 b120332c
[    2.243607] random 0000 0000 0000 90702413 e2a66c2e: urand_change_num 39 extract_buf: pool_sig fffffbb0, data_sig 0000012e, bytes_mixed 20 90702413 e2a66c2e
[    2.243611] random 0000 0000 0000 90702413 e2a66c2e: urand_change_num 40 extract_buf: pool_sig fffffaf1, data_sig ffffff3c, bytes_mixed 20 90702413 e2a66c2e
[    2.243615] random 0000 0000 0000 3f58038b c77aecb6: urand_change_num 41 extract_buf: pool_sig 00000234, data_sig fffffdec, bytes_mixed 20 3f58038b c77aecb6
[    2.243620] random 0000 0000 0000 47187b9d 03f21510: urand_change_num 42 extract_buf: pool_sig 00000192, data_sig 00000075, bytes_mixed 20 47187b9d 03f21510
[    2.243624] random 0000 0000 0000 47187b9d 03f21510: urand_change_num 43 extract_buf: pool_sig 0000018e, data_sig ffffffbf, bytes_mixed 20 47187b9d 03f21510
[    2.243629] random 0000 0000 0000 3180b1fc 0fa9c973: urand_change_num 44 extract_buf: pool_sig fffffecf, data_sig ffffff2a, bytes_mixed 20 3180b1fc 0fa9c973
[    2.243632] BEGIN NET_SECRET:
[    2.243633] \xffffff87
[    2.243634] \xffffff8d
[    2.243635] \xfffffff4
[    2.243637] \xffffffae
[    2.243638] \xffffffc3
[    2.243639] \xffffffb7
[    2.243640] \x31
[    2.243641] \x65
[    2.243643] \xffffffda
[    2.243644] \xffffffa2
[    2.243645] \x31
[    2.243646] \xffffffc8
[    2.243647] \xffffffa9
[    2.243648] \x76
[    2.243649] \x76
[    2.243651] \xffffff90
[    2.243652] \x55
[    2.243653] \xfffffff3
[    2.243654] \xffffffb1
[    2.243655] \x3
[    2.243656] \xffffffb3
[    2.243658] \xffffffa7
[    2.243659] \x5a
[    2.243660] \x71
[    2.243661] \x70
[    2.243662] \xffffff8c
[    2.243663] \x56
[    2.243664] \x25
[    2.243666] \xffffffe1
[    2.243667] \x4c
[    2.243668] \xffffffe6
[    2.243669] \xffffff95
[    2.243670] \x67
[    2.243671] \x4c
[    2.243672] \xffffffb9
[    2.243674] \x1d
[    2.243675] \xe
[    2.243676] \x34
[    2.243677] \xffffffbe
[    2.243678] \x12
[    2.243679] \x5
[    2.243680] \xffffff98
[    2.243682] \xffffffa0
[    2.243683] \xf
[    2.243684] \xffffffb2
[    2.243685] \xffffffde
[    2.243686] \xffffff99
[    2.243687] \xf
[    2.243688] \xffffffe8
[    2.243690] \xffffffc8
[    2.243691] \x1f
[    2.243692] \x54
[    2.243693] \x2c
[    2.243694] \xffffffee
[    2.243695] \x2e
[    2.243696] \x0
[    2.243698] \xffffff95
[    2.243699] \x0
[    2.243700] \xffffffe3
[    2.243701] \xffffffa7
[    2.243702] \xfffffffd
[    2.243703] \x66
[    2.243704] \xffffff92
[    2.243706] \xfffffff0
[    2.243707] 
[    2.243708] END NET_SECRET
[    2.243711] random 0000 0000 0000 3180b1fc 0fa9c973: rand_read_num 10 get_random_bytes(4): sig ffffff46 3180b1fc 0fa9c973
[    2.243713] random 0000 0000 0000 3180b1fc 0fa9c973: extract_entropy(.. 4 ..)
[    2.243716] random 0000 0000 0000 3180b1fc 0fa9c973: going to reseed nonblocking with 64 bits (32 of 0 requested)
[    2.243718] random 0000 0000 0000 3180b1fc 0fa9c973: extract_entropy(.. 8 ..)
[    2.243720] random 0000 0000 0000 3180b1fc 0fa9c973: trying to extract 64 bits from input
[    2.243722] random 0000 0000 0000 3180b1fc 0fa9c973: debiting 0 entropy credits from input
[    2.243724] random 0000 0000 0000 3180b1fc 0fa9c973: extract_entropy account returned: 0 
[    2.243727] random 0000 0000 0000 3180b1fc 0fa9c973: urand_change_num 45 xfer_secondary_pool(4): pool_sig ffffff46, data_sig 00000000, bytes_mixed 0 3180b1fc 0fa9c973
[    2.243730] random 0000 0000 0000 3180b1fc 0fa9c973: trying to extract 32 bits from nonblocking
[    2.243732] random 0000 0000 0000 3180b1fc 0fa9c973: debiting 32 entropy credits from nonblocking (unlimited)
[    2.243735] random 0000 0000 0000 3180b1fc 0fa9c973: extract_entropy account returned: 4 
[    2.243738] random 0000 0000 0000 3180b1fc 0fa9c973: urand_change_num 46 extract_buf: pool_sig ffffff46, data_sig 0000001b, bytes_mixed 20 3180b1fc 0fa9c973
[    2.413602] ata2.00: ATAPI: VMware Virtual IDE CDROM Drive, 00000001, max UDMA/33
[    2.413882] ata2.00: configured for UDMA/33
[    2.414256] scsi 1:0:0:0: CD-ROM            NECVMWar VMware IDE CDR10 1.00 PQ: 0 ANSI: 5
[    2.415433] sr0: scsi3-mmc drive: 306x/306x cd/rw xa/form2 cdda tray
[    2.415436] Uniform CD-ROM driver Revision: 3.20
[    2.415485] sr 1:0:0:0: Attached scsi CD-ROM sr0
[    2.415520] sr 1:0:0:0: Attached scsi generic sg0 type 5
[    2.415556] Freeing unused kernel memory: 652k freed
[    2.415605] Write protecting the kernel text: 4840k
[    2.415636] Write protecting the kernel read-only data: 1968k
