[    0.000000] random 0000 0000 0000 00000000 00000000: rand_read_num 1 get_random_bytes(8): sig 00000000 00000000 00000000
[    0.000000] random 0000 0000 0000 00000000 00000000: extract_entropy(.. 8 ..)
[    0.000000] random 0000 0000 0000 00000000 00000000: going to reseed nonblocking with 64 bits (64 of 0 requested)
[    0.000000] random 0000 0000 0000 00000000 00000000: extract_entropy(.. 8 ..)
[    0.000000] random 0000 0000 0000 00000000 00000000: trying to extract 64 bits from input
[    0.000000] random 0000 0000 0000 00000000 00000000: debiting 0 entropy credits from input
[    0.000000] random 0000 0000 0000 00000000 00000000: extract_entropy account returned: 0 
[    0.000000] random 0000 0000 0000 00000000 00000000: urand_change_num 1 xfer_secondary_pool(8): pool_sig 00000000, data_sig 00000000, bytes_mixed 0 00000000 00000000
[    0.000000] random 0000 0000 0000 00000000 00000000: trying to extract 64 bits from nonblocking
[    0.000000] random 0000 0000 0000 00000000 00000000: debiting 64 entropy credits from nonblocking (unlimited)
[    0.000000] random 0000 0000 0000 00000000 00000000: extract_entropy account returned: 8 
[    0.000000] random 0000 0000 0000 00000000 00000000: urand_change_num 2 extract_buf: pool_sig 00000000, data_sig fffffff9, bytes_mixed 20 00000000 00000000
[    0.000000] Initializing cgroup subsys cpuset
[    0.000000] Initializing cgroup subsys cpu
[    0.000000] Linux version 2.6.32.57 (dcashman@ubuntu) (gcc version 4.6.3 (Ubuntu/Linaro 4.6.3-1ubuntu5) ) #4 SMP Fri May 24 11:09:26 PDT 2013
[    0.000000] KERNEL supported cpus:
[    0.000000]   Intel GenuineIntel
[    0.000000]   AMD AuthenticAMD
[    0.000000]   NSC Geode by NSC
[    0.000000]   Cyrix CyrixInstead
[    0.000000]   Centaur CentaurHauls
[    0.000000]   Transmeta GenuineTMx86
[    0.000000]   Transmeta TransmetaCPU
[    0.000000]   UMC UMC UMC UMC
[    0.000000] BIOS-provided physical RAM map:
[    0.000000]  BIOS-e820: 0000000000000000 - 000000000009f000 (usable)
[    0.000000]  BIOS-e820: 000000000009f000 - 00000000000a0000 (reserved)
[    0.000000]  BIOS-e820: 00000000000ca000 - 00000000000cc000 (reserved)
[    0.000000]  BIOS-e820: 00000000000dc000 - 0000000000100000 (reserved)
[    0.000000]  BIOS-e820: 0000000000100000 - 000000003fee0000 (usable)
[    0.000000]  BIOS-e820: 000000003fee0000 - 000000003feff000 (ACPI data)
[    0.000000]  BIOS-e820: 000000003feff000 - 000000003ff00000 (ACPI NVS)
[    0.000000]  BIOS-e820: 000000003ff00000 - 0000000040000000 (usable)
[    0.000000]  BIOS-e820: 00000000e0000000 - 00000000f0000000 (reserved)
[    0.000000]  BIOS-e820: 00000000fec00000 - 00000000fec10000 (reserved)
[    0.000000]  BIOS-e820: 00000000fee00000 - 00000000fee01000 (reserved)
[    0.000000]  BIOS-e820: 00000000fffe0000 - 0000000100000000 (reserved)
[    0.000000] DMI present.
[    0.000000] Phoenix BIOS detected: BIOS may corrupt low RAM, working around it.
[    0.000000] e820 update range: 0000000000000000 - 0000000000010000 (usable) ==> (reserved)
[    0.000000] last_pfn = 0x40000 max_arch_pfn = 0x1000000
[    0.000000] MTRR default type: uncachable
[    0.000000] MTRR fixed ranges enabled:
[    0.000000]   00000-9FFFF write-back
[    0.000000]   A0000-BFFFF uncachable
[    0.000000]   C0000-CBFFF write-protect
[    0.000000]   CC000-EFFFF uncachable
[    0.000000]   F0000-FFFFF write-protect
[    0.000000] MTRR variable ranges enabled:
[    0.000000]   0 base 0000000000 mask FFC0000000 write-back
[    0.000000]   1 disabled
[    0.000000]   2 disabled
[    0.000000]   3 disabled
[    0.000000]   4 disabled
[    0.000000]   5 disabled
[    0.000000]   6 disabled
[    0.000000]   7 disabled
[    0.000000] x86 PAT enabled: cpu 0, old 0x0, new 0x7010600070106
[    0.000000] Scanning 0 areas for low memory corruption
[    0.000000] modified physical RAM map:
[    0.000000]  modified: 0000000000000000 - 0000000000010000 (reserved)
[    0.000000]  modified: 0000000000010000 - 000000000009f000 (usable)
[    0.000000]  modified: 000000000009f000 - 00000000000a0000 (reserved)
[    0.000000]  modified: 00000000000ca000 - 00000000000cc000 (reserved)
[    0.000000]  modified: 00000000000dc000 - 0000000000100000 (reserved)
[    0.000000]  modified: 0000000000100000 - 000000003fee0000 (usable)
[    0.000000]  modified: 000000003fee0000 - 000000003feff000 (ACPI data)
[    0.000000]  modified: 000000003feff000 - 000000003ff00000 (ACPI NVS)
[    0.000000]  modified: 000000003ff00000 - 0000000040000000 (usable)
[    0.000000]  modified: 00000000e0000000 - 00000000f0000000 (reserved)
[    0.000000]  modified: 00000000fec00000 - 00000000fec10000 (reserved)
[    0.000000]  modified: 00000000fee00000 - 00000000fee01000 (reserved)
[    0.000000]  modified: 00000000fffe0000 - 0000000100000000 (reserved)
[    0.000000] initial memory mapped : 0 - 01e00000
[    0.000000] init_memory_mapping: 0000000000000000-00000000379fe000
[    0.000000] NX (Execute Disable) protection: active
[    0.000000]  0000000000 - 0000200000 page 4k
[    0.000000]  0000200000 - 0037800000 page 2M
[    0.000000]  0037800000 - 00379fe000 page 4k
[    0.000000] kernel direct mapping tables up to 379fe000 @ 10000-16000
[    0.000000] RAMDISK: 2dcfc000 - 32e758c3
[    0.000000] ACPI: RSDP 000f6b80 00024 (v02 PTLTD )
[    0.000000] ACPI: XSDT 3feed636 0005C (v01 INTEL  440BX    06040000 VMW  01324272)
[    0.000000] ACPI: FACP 3fefee98 000F4 (v04 INTEL  440BX    06040000 PTL  000F4240)
[    0.000000] ACPI: DSDT 3feee366 10B32 (v01 PTLTD  Custom   06040000 MSFT 03000001)
[    0.000000] ACPI: FACS 3fefffc0 00040
[    0.000000] ACPI: BOOT 3feee33e 00028 (v01 PTLTD  $SBFTBL$ 06040000  LTP 00000001)
[    0.000000] ACPI: APIC 3feedc3e 003C2 (v01 PTLTD  ? APIC   06040000  LTP 00000000)
[    0.000000] ACPI: MCFG 3feedc02 0003C (v01 PTLTD  $PCITBL$ 06040000  LTP 00000001)
[    0.000000] ACPI: SRAT 3feed732 004D0 (v02 VMWARE MEMPLUG  06040000 VMW  00000001)
[    0.000000] ACPI: HPET 3feed6fa 00038 (v01 VMWARE VMW HPET 06040000 VMW  00000001)
[    0.000000] ACPI: WAET 3feed6d2 00028 (v01 VMWARE VMW WAET 06040000 VMW  00000001)
[    0.000000] ACPI: Local APIC address 0xfee00000
[    0.000000] 134MB HIGHMEM available.
[    0.000000] 889MB LOWMEM available.
[    0.000000]   mapped low ram: 0 - 379fe000
[    0.000000]   low ram: 0 - 379fe000
[    0.000000]   node 0 low ram: 00000000 - 379fe000
[    0.000000]   node 0 bootmap 00012000 - 00018f40
[    0.000000] (9 early reservations) ==> bootmem [0000000000 - 00379fe000]
[    0.000000]   #0 [0000000000 - 0000001000]   BIOS data page ==> [0000000000 - 0000001000]
[    0.000000]   #1 [0000001000 - 0000002000]    EX TRAMPOLINE ==> [0000001000 - 0000002000]
[    0.000000]   #2 [0000006000 - 0000007000]       TRAMPOLINE ==> [0000006000 - 0000007000]
[    0.000000]   #3 [0001000000 - 0001a75ff8]    TEXT DATA BSS ==> [0001000000 - 0001a75ff8]
[    0.000000]   #4 [002dcfc000 - 0032e758c3]          RAMDISK ==> [002dcfc000 - 0032e758c3]
[    0.000000]   #5 [000009f000 - 0000100000]    BIOS reserved ==> [000009f000 - 0000100000]
[    0.000000]   #6 [0001a76000 - 0001a851c0]              BRK ==> [0001a76000 - 0001a851c0]
[    0.000000]   #7 [0000010000 - 0000012000]          PGTABLE ==> [0000010000 - 0000012000]
[    0.000000]   #8 [0000012000 - 0000019000]          BOOTMAP ==> [0000012000 - 0000019000]
[    0.000000] found SMP MP-table at [c00f6bf0] f6bf0
[    0.000000] Zone PFN ranges:
[    0.000000]   DMA      0x00000010 -> 0x00001000
[    0.000000]   Normal   0x00001000 -> 0x000379fe
[    0.000000]   HighMem  0x000379fe -> 0x00040000
[    0.000000] Movable zone start PFN for each node
[    0.000000] early_node_map[3] active PFN ranges
[    0.000000]     0: 0x00000010 -> 0x0000009f
[    0.000000]     0: 0x00000100 -> 0x0003fee0
[    0.000000]     0: 0x0003ff00 -> 0x00040000
[    0.000000] On node 0 totalpages: 261999
[    0.000000] free_area_init_node: node 0, pgdat c1715200, node_mem_map c1a87200
[    0.000000]   DMA zone: 32 pages used for memmap
[    0.000000]   DMA zone: 0 pages reserved
[    0.000000]   DMA zone: 3951 pages, LIFO batch:0
[    0.000000]   Normal zone: 1748 pages used for memmap
[    0.000000]   Normal zone: 221994 pages, LIFO batch:31
[    0.000000]   HighMem zone: 269 pages used for memmap
[    0.000000]   HighMem zone: 34005 pages, LIFO batch:7
[    0.000000] Using APIC driver default
[    0.000000] ACPI: PM-Timer IO Port: 0x1008
[    0.000000] ACPI: Local APIC address 0xfee00000
[    0.000000] ACPI: LAPIC (acpi_id[0x00] lapic_id[0x00] enabled)
[    0.000000] ACPI: LAPIC (acpi_id[0x01] lapic_id[0x02] disabled)
[    0.000000] ACPI: LAPIC (acpi_id[0x02] lapic_id[0x04] disabled)
[    0.000000] ACPI: LAPIC (acpi_id[0x03] lapic_id[0x06] disabled)
[    0.000000] ACPI: LAPIC (acpi_id[0x04] lapic_id[0x08] disabled)
[    0.000000] ACPI: LAPIC (acpi_id[0x05] lapic_id[0x0a] disabled)
[    0.000000] ACPI: LAPIC (acpi_id[0x06] lapic_id[0x0c] disabled)
[    0.000000] ACPI: LAPIC (acpi_id[0x07] lapic_id[0x0e] disabled)
[    0.000000] ACPI: LAPIC (acpi_id[0x08] lapic_id[0x10] disabled)
[    0.000000] ACPI: LAPIC (acpi_id[0x09] lapic_id[0x12] disabled)
[    0.000000] ACPI: LAPIC (acpi_id[0x0a] lapic_id[0x14] disabled)
[    0.000000] ACPI: LAPIC (acpi_id[0x0b] lapic_id[0x16] disabled)
[    0.000000] ACPI: LAPIC (acpi_id[0x0c] lapic_id[0x18] disabled)
[    0.000000] ACPI: LAPIC (acpi_id[0x0d] lapic_id[0x1a] disabled)
[    0.000000] ACPI: LAPIC (acpi_id[0x0e] lapic_id[0x1c] disabled)
[    0.000000] ACPI: LAPIC (acpi_id[0x0f] lapic_id[0x1e] disabled)
[    0.000000] ACPI: LAPIC (acpi_id[0x10] lapic_id[0x20] disabled)
[    0.000000] ACPI: LAPIC (acpi_id[0x11] lapic_id[0x22] disabled)
[    0.000000] ACPI: LAPIC (acpi_id[0x12] lapic_id[0x24] disabled)
[    0.000000] ACPI: LAPIC (acpi_id[0x13] lapic_id[0x26] disabled)
[    0.000000] ACPI: LAPIC (acpi_id[0x14] lapic_id[0x28] disabled)
[    0.000000] ACPI: LAPIC (acpi_id[0x15] lapic_id[0x2a] disabled)
[    0.000000] ACPI: LAPIC (acpi_id[0x16] lapic_id[0x2c] disabled)
[    0.000000] ACPI: LAPIC (acpi_id[0x17] lapic_id[0x2e] disabled)
[    0.000000] ACPI: LAPIC (acpi_id[0x18] lapic_id[0x30] disabled)
[    0.000000] ACPI: LAPIC (acpi_id[0x19] lapic_id[0x32] disabled)
[    0.000000] ACPI: LAPIC (acpi_id[0x1a] lapic_id[0x34] disabled)
[    0.000000] ACPI: LAPIC (acpi_id[0x1b] lapic_id[0x36] disabled)
[    0.000000] ACPI: LAPIC (acpi_id[0x1c] lapic_id[0x38] disabled)
[    0.000000] ACPI: LAPIC (acpi_id[0x1d] lapic_id[0x3a] disabled)
[    0.000000] ACPI: LAPIC (acpi_id[0x1e] lapic_id[0x3c] disabled)
[    0.000000] ACPI: LAPIC (acpi_id[0x1f] lapic_id[0x3e] disabled)
[    0.000000] ACPI: LAPIC (acpi_id[0x20] lapic_id[0x40] disabled)
[    0.000000] ACPI: LAPIC (acpi_id[0x21] lapic_id[0x42] disabled)
[    0.000000] ACPI: LAPIC (acpi_id[0x22] lapic_id[0x44] disabled)
[    0.000000] ACPI: LAPIC (acpi_id[0x23] lapic_id[0x46] disabled)
[    0.000000] ACPI: LAPIC (acpi_id[0x24] lapic_id[0x48] disabled)
[    0.000000] ACPI: LAPIC (acpi_id[0x25] lapic_id[0x4a] disabled)
[    0.000000] ACPI: LAPIC (acpi_id[0x26] lapic_id[0x4c] disabled)
[    0.000000] ACPI: LAPIC (acpi_id[0x27] lapic_id[0x4e] disabled)
[    0.000000] ACPI: LAPIC (acpi_id[0x28] lapic_id[0x50] disabled)
[    0.000000] ACPI: LAPIC (acpi_id[0x29] lapic_id[0x52] disabled)
[    0.000000] ACPI: LAPIC (acpi_id[0x2a] lapic_id[0x54] disabled)
[    0.000000] ACPI: LAPIC (acpi_id[0x2b] lapic_id[0x56] disabled)
[    0.000000] ACPI: LAPIC (acpi_id[0x2c] lapic_id[0x58] disabled)
[    0.000000] ACPI: LAPIC (acpi_id[0x2d] lapic_id[0x5a] disabled)
[    0.000000] ACPI: LAPIC (acpi_id[0x2e] lapic_id[0x5c] disabled)
[    0.000000] ACPI: LAPIC (acpi_id[0x2f] lapic_id[0x5e] disabled)
[    0.000000] ACPI: LAPIC (acpi_id[0x30] lapic_id[0x60] disabled)
[    0.000000] ACPI: LAPIC (acpi_id[0x31] lapic_id[0x62] disabled)
[    0.000000] ACPI: LAPIC (acpi_id[0x32] lapic_id[0x64] disabled)
[    0.000000] ACPI: LAPIC (acpi_id[0x33] lapic_id[0x66] disabled)
[    0.000000] ACPI: LAPIC (acpi_id[0x34] lapic_id[0x68] disabled)
[    0.000000] ACPI: LAPIC (acpi_id[0x35] lapic_id[0x6a] disabled)
[    0.000000] ACPI: LAPIC (acpi_id[0x36] lapic_id[0x6c] disabled)
[    0.000000] ACPI: LAPIC (acpi_id[0x37] lapic_id[0x6e] disabled)
[    0.000000] ACPI: LAPIC (acpi_id[0x38] lapic_id[0x70] disabled)
[    0.000000] ACPI: LAPIC (acpi_id[0x39] lapic_id[0x72] disabled)
[    0.000000] ACPI: LAPIC (acpi_id[0x3a] lapic_id[0x74] disabled)
[    0.000000] ACPI: LAPIC (acpi_id[0x3b] lapic_id[0x76] disabled)
[    0.000000] ACPI: LAPIC (acpi_id[0x3c] lapic_id[0x78] disabled)
[    0.000000] ACPI: LAPIC (acpi_id[0x3d] lapic_id[0x7a] disabled)
[    0.000000] ACPI: LAPIC (acpi_id[0x3e] lapic_id[0x7c] disabled)
[    0.000000] ACPI: LAPIC (acpi_id[0x3f] lapic_id[0x7e] disabled)
[    0.000000] ACPI: LAPIC_NMI (acpi_id[0x00] high edge lint[0x1])
[    0.000000] ACPI: LAPIC_NMI (acpi_id[0x01] high edge lint[0x1])
[    0.000000] ACPI: LAPIC_NMI (acpi_id[0x02] high edge lint[0x1])
[    0.000000] ACPI: LAPIC_NMI (acpi_id[0x03] high edge lint[0x1])
[    0.000000] ACPI: LAPIC_NMI (acpi_id[0x04] high edge lint[0x1])
[    0.000000] ACPI: LAPIC_NMI (acpi_id[0x05] high edge lint[0x1])
[    0.000000] ACPI: LAPIC_NMI (acpi_id[0x06] high edge lint[0x1])
[    0.000000] ACPI: LAPIC_NMI (acpi_id[0x07] high edge lint[0x1])
[    0.000000] ACPI: LAPIC_NMI (acpi_id[0x08] high edge lint[0x1])
[    0.000000] ACPI: LAPIC_NMI (acpi_id[0x09] high edge lint[0x1])
[    0.000000] ACPI: LAPIC_NMI (acpi_id[0x0a] high edge lint[0x1])
[    0.000000] ACPI: LAPIC_NMI (acpi_id[0x0b] high edge lint[0x1])
[    0.000000] ACPI: LAPIC_NMI (acpi_id[0x0c] high edge lint[0x1])
[    0.000000] ACPI: LAPIC_NMI (acpi_id[0x0d] high edge lint[0x1])
[    0.000000] ACPI: LAPIC_NMI (acpi_id[0x0e] high edge lint[0x1])
[    0.000000] ACPI: LAPIC_NMI (acpi_id[0x0f] high edge lint[0x1])
[    0.000000] ACPI: LAPIC_NMI (acpi_id[0x10] high edge lint[0x1])
[    0.000000] ACPI: LAPIC_NMI (acpi_id[0x11] high edge lint[0x1])
[    0.000000] ACPI: LAPIC_NMI (acpi_id[0x12] high edge lint[0x1])
[    0.000000] ACPI: LAPIC_NMI (acpi_id[0x13] high edge lint[0x1])
[    0.000000] ACPI: LAPIC_NMI (acpi_id[0x14] high edge lint[0x1])
[    0.000000] ACPI: LAPIC_NMI (acpi_id[0x15] high edge lint[0x1])
[    0.000000] ACPI: LAPIC_NMI (acpi_id[0x16] high edge lint[0x1])
[    0.000000] ACPI: LAPIC_NMI (acpi_id[0x17] high edge lint[0x1])
[    0.000000] ACPI: LAPIC_NMI (acpi_id[0x18] high edge lint[0x1])
[    0.000000] ACPI: LAPIC_NMI (acpi_id[0x19] high edge lint[0x1])
[    0.000000] ACPI: LAPIC_NMI (acpi_id[0x1a] high edge lint[0x1])
[    0.000000] ACPI: LAPIC_NMI (acpi_id[0x1b] high edge lint[0x1])
[    0.000000] ACPI: LAPIC_NMI (acpi_id[0x1c] high edge lint[0x1])
[    0.000000] ACPI: LAPIC_NMI (acpi_id[0x1d] high edge lint[0x1])
[    0.000000] ACPI: LAPIC_NMI (acpi_id[0x1e] high edge lint[0x1])
[    0.000000] ACPI: LAPIC_NMI (acpi_id[0x1f] high edge lint[0x1])
[    0.000000] ACPI: LAPIC_NMI (acpi_id[0x20] high edge lint[0x1])
[    0.000000] ACPI: LAPIC_NMI (acpi_id[0x21] high edge lint[0x1])
[    0.000000] ACPI: LAPIC_NMI (acpi_id[0x22] high edge lint[0x1])
[    0.000000] ACPI: LAPIC_NMI (acpi_id[0x23] high edge lint[0x1])
[    0.000000] ACPI: LAPIC_NMI (acpi_id[0x24] high edge lint[0x1])
[    0.000000] ACPI: LAPIC_NMI (acpi_id[0x25] high edge lint[0x1])
[    0.000000] ACPI: LAPIC_NMI (acpi_id[0x26] high edge lint[0x1])
[    0.000000] ACPI: LAPIC_NMI (acpi_id[0x27] high edge lint[0x1])
[    0.000000] ACPI: LAPIC_NMI (acpi_id[0x28] high edge lint[0x1])
[    0.000000] ACPI: LAPIC_NMI (acpi_id[0x29] high edge lint[0x1])
[    0.000000] ACPI: LAPIC_NMI (acpi_id[0x2a] high edge lint[0x1])
[    0.000000] ACPI: LAPIC_NMI (acpi_id[0x2b] high edge lint[0x1])
[    0.000000] ACPI: LAPIC_NMI (acpi_id[0x2c] high edge lint[0x1])
[    0.000000] ACPI: LAPIC_NMI (acpi_id[0x2d] high edge lint[0x1])
[    0.000000] ACPI: LAPIC_NMI (acpi_id[0x2e] high edge lint[0x1])
[    0.000000] ACPI: LAPIC_NMI (acpi_id[0x2f] high edge lint[0x1])
[    0.000000] ACPI: LAPIC_NMI (acpi_id[0x30] high edge lint[0x1])
[    0.000000] ACPI: LAPIC_NMI (acpi_id[0x31] high edge lint[0x1])
[    0.000000] ACPI: LAPIC_NMI (acpi_id[0x32] high edge lint[0x1])
[    0.000000] ACPI: LAPIC_NMI (acpi_id[0x33] high edge lint[0x1])
[    0.000000] ACPI: LAPIC_NMI (acpi_id[0x34] high edge lint[0x1])
[    0.000000] ACPI: LAPIC_NMI (acpi_id[0x35] high edge lint[0x1])
[    0.000000] ACPI: LAPIC_NMI (acpi_id[0x36] high edge lint[0x1])
[    0.000000] ACPI: LAPIC_NMI (acpi_id[0x37] high edge lint[0x1])
[    0.000000] ACPI: LAPIC_NMI (acpi_id[0x38] high edge lint[0x1])
[    0.000000] ACPI: LAPIC_NMI (acpi_id[0x39] high edge lint[0x1])
[    0.000000] ACPI: LAPIC_NMI (acpi_id[0x3a] high edge lint[0x1])
[    0.000000] ACPI: LAPIC_NMI (acpi_id[0x3b] high edge lint[0x1])
[    0.000000] ACPI: LAPIC_NMI (acpi_id[0x3c] high edge lint[0x1])
[    0.000000] ACPI: LAPIC_NMI (acpi_id[0x3d] high edge lint[0x1])
[    0.000000] ACPI: LAPIC_NMI (acpi_id[0x3e] high edge lint[0x1])
[    0.000000] ACPI: LAPIC_NMI (acpi_id[0x3f] high edge lint[0x1])
[    0.000000] ACPI: Skipping IOAPIC probe due to 'noapic' option.
[    0.000000] Using ACPI for processor (LAPIC) configuration information
[    0.000000] ACPI: HPET id: 0x8086af01 base: 0xfed00000
[    0.000000] Intel MultiProcessor Specification v1.4
[    0.000000]     Virtual Wire compatibility mode.
[    0.000000] MPTABLE: OEM ID: INTEL   
[    0.000000] MPTABLE: Product ID: 440BX       
[    0.000000] MPTABLE: APIC at: 0xFEE00000
[    0.000000] I/O APIC #1 Version 17 at 0xFEC00000.
[    0.000000] Processors: 1
[    0.000000] 64 Processors exceeds NR_CPUS limit of 8
[    0.000000] SMP: Allowing 8 CPUs, 7 hotplug CPUs
[    0.000000] nr_irqs_gsi: 24
[    0.000000] PM: Registered nosave memory: 000000000009f000 - 00000000000a0000
[    0.000000] PM: Registered nosave memory: 00000000000a0000 - 00000000000ca000
[    0.000000] PM: Registered nosave memory: 00000000000ca000 - 00000000000cc000
[    0.000000] PM: Registered nosave memory: 00000000000cc000 - 00000000000dc000
[    0.000000] PM: Registered nosave memory: 00000000000dc000 - 0000000000100000
[    0.000000] Allocating PCI resources starting at 40000000 (gap: 40000000:a0000000)
[    0.000000] Booting paravirtualized kernel on bare hardware
[    0.000000] NR_CPUS:8 nr_cpumask_bits:8 nr_cpu_ids:8 nr_node_ids:1
[    0.000000] PERCPU: Embedded 15 pages/cpu @c2400000 s39320 r0 d22120 u262144
[    0.000000] pcpu-alloc: s39320 r0 d22120 u262144 alloc=1*2097152
[    0.000000] pcpu-alloc: [0] 0 1 2 3 4 5 6 7 
[    0.000000] Built 1 zonelists in Zone order, mobility grouping on.  Total pages: 259950
[    0.000000] Kernel command line: BOOT_IMAGE=/boot/vmlinuz-2.6.32.57 root=UUID=007b598c-390d-4c65-84a1-4ff752d48633 ro quiet splash maxcpus=0
[    0.000000] PID hash table entries: 4096 (order: 2, 16384 bytes)
[    0.000000] Dentry cache hash table entries: 131072 (order: 7, 524288 bytes)
[    0.000000] Inode-cache hash table entries: 65536 (order: 6, 262144 bytes)
[    0.000000] Enabling fast FPU save and restore... done.
[    0.000000] Enabling unmasked SIMD FPU exception support... done.
[    0.000000] Initializing CPU#0
[    0.000000] xsave/xrstor: enabled xstate_bv 0x7, cntxt size 0x340
[    0.000000] allocated 5242560 bytes of page_cgroup
[    0.000000] please try 'cgroup_disable=memory' option if you don't want memory cgroups
[    0.000000] Initializing HighMem for node 0 (000379fe:00040000)
[    0.000000] Memory: 938260k/1048576k available (4839k kernel code, 108848k reserved, 2518k data, 652k init, 137096k highmem)
[    0.000000] virtual kernel memory layout:
[    0.000000]     fixmap  : 0xfff1e000 - 0xfffff000   ( 900 kB)
[    0.000000]     pkmap   : 0xffa00000 - 0xffc00000   (2048 kB)
[    0.000000]     vmalloc : 0xf81fe000 - 0xff9fe000   ( 120 MB)
[    0.000000]     lowmem  : 0xc0000000 - 0xf79fe000   ( 889 MB)
[    0.000000]       .init : 0xc1730000 - 0xc17d3000   ( 652 kB)
[    0.000000]       .data : 0xc14b9cce - 0xc172f764   (2518 kB)
[    0.000000]       .text : 0xc1000000 - 0xc14b9cce   (4839 kB)
[    0.000000] Checking if this processor honours the WP bit even in supervisor mode...Ok.
[    0.000000] SLUB: Genslabs=13, HWalign=64, Order=0-3, MinObjects=0, CPUs=8, Nodes=1
[    0.000000] Hierarchical RCU implementation.
[    0.000000] NR_IRQS:2304 nr_irqs:472
[    0.000000] Extended CMOS year: 2000
[    0.000000] Console: colour VGA+ 80x25
[    0.000000] console [tty0] enabled
[    0.000000] hpet clockevent registered
[    0.000000] TSC freq read from hypervisor : 2394.620 MHz
[    0.000000] Detected 2394.620 MHz processor.
[    0.000003] Calibrating delay loop (skipped) preset value.. 4789.24 BogoMIPS (lpj=9578480)
[    0.000016] Security Framework initialized
[    0.000019] SELinux:  Disabled at boot.
[    0.000024] Mount-cache hash table entries: 512
[    0.000157] Initializing cgroup subsys cpuacct
[    0.000160] Initializing cgroup subsys memory
[    0.000164] Initializing cgroup subsys devices
[    0.000166] Initializing cgroup subsys freezer
[    0.000198] CPU: Physical Processor ID: 0
[    0.000208] CPU: L1 I cache: 32K, L1 D cache: 32K
[    0.000209] CPU: L2 cache: 256K
[    0.000210] CPU: L3 cache: 4096K
[    0.000216] mce: CPU supports 0 MCE banks
[    0.000232] Performance Events: no PMU driver, software events only.
[    0.000246] Checking 'hlt' instruction... OK.
[    0.017805] SMP alternatives: switching to UP code
[    0.034232] ACPI: Core revision 20090903
[    0.040389] ACPI: setting ELCR to 0200 (from 0e20)
[    0.041468] ftrace: converting mcount calls to 0f 1f 44 00 00
[    0.041473] ftrace: allocating 22631 entries in 45 pages
[    0.058855] CANARY value: 62ae8699 for PID: 1
[    0.058886] Not enabling x2apic, Intr-remapping init failed.
[    0.058887] Enabling APIC mode:  Flat.  Using 1 I/O APICs
[    0.058895] SMP mode deactivated.
[    0.058920] SMP disabled
[    0.058976] Brought up 1 CPUs
[    0.058977] Total of 1 processors activated (4789.24 BogoMIPS).
[    0.058981] CPU0 attaching NULL sched-domain.
[    0.059050] devtmpfs: initialized
[    0.059156] sysctl table check failed: /kernel/random/now_input .1.40.7 Unknown sysctl binary path
[    0.059439] Pid: 1, comm: swapper Not tainted 2.6.32.57 #4
[    0.059440] Call Trace:
[    0.059444]  [<c14a8a0e>] ? printk+0x1d/0x1f
[    0.059447]  [<c107b56f>] set_fail+0x4f/0x60
[    0.059449]  [<c107b8b3>] sysctl_check_table+0x333/0x620
[    0.059451]  [<c107b8cc>] sysctl_check_table+0x34c/0x620
[    0.059452]  [<c107b8cc>] sysctl_check_table+0x34c/0x620
[    0.059456]  [<c1746d48>] sysctl_init+0x25/0x29
[    0.059458]  [<c1003042>] do_one_initcall+0x32/0x1a0
[    0.059461]  [<c1746d23>] ? sysctl_init+0x0/0x29
[    0.059463]  [<c17308e7>] kernel_init+0x12d/0x17a
[    0.059464]  [<c17307ba>] ? kernel_init+0x0/0x17a
[    0.059467]  [<c1009b07>] kernel_thread_helper+0x7/0x10
[    0.059468] sysctl table check failed: /kernel/random/now_blocking .1.40.8 Unknown sysctl binary path
[    0.059698] Pid: 1, comm: swapper Not tainted 2.6.32.57 #4
[    0.059699] Call Trace:
[    0.059700]  [<c14a8a0e>] ? printk+0x1d/0x1f
[    0.059702]  [<c107b56f>] set_fail+0x4f/0x60
[    0.059703]  [<c107b8b3>] sysctl_check_table+0x333/0x620
[    0.059705]  [<c107b8cc>] sysctl_check_table+0x34c/0x620
[    0.059707]  [<c107b8cc>] sysctl_check_table+0x34c/0x620
[    0.059709]  [<c1746d48>] sysctl_init+0x25/0x29
[    0.059710]  [<c1003042>] do_one_initcall+0x32/0x1a0
[    0.059712]  [<c1746d23>] ? sysctl_init+0x0/0x29
[    0.059714]  [<c17308e7>] kernel_init+0x12d/0x17a
[    0.059715]  [<c17307ba>] ? kernel_init+0x0/0x17a
[    0.059717]  [<c1009b07>] kernel_thread_helper+0x7/0x10
[    0.059718] sysctl table check failed: /kernel/random/now_nonblocking .1.40.9 Unknown sysctl binary path
[    0.059949] Pid: 1, comm: swapper Not tainted 2.6.32.57 #4
[    0.059950] Call Trace:
[    0.059951]  [<c14a8a0e>] ? printk+0x1d/0x1f
[    0.059952]  [<c107b56f>] set_fail+0x4f/0x60
[    0.059954]  [<c107b8b3>] sysctl_check_table+0x333/0x620
[    0.059956]  [<c107b8cc>] sysctl_check_table+0x34c/0x620
[    0.059957]  [<c107b8cc>] sysctl_check_table+0x34c/0x620
[    0.059959]  [<c1746d48>] sysctl_init+0x25/0x29
[    0.059961]  [<c1003042>] do_one_initcall+0x32/0x1a0
[    0.059963]  [<c1746d23>] ? sysctl_init+0x0/0x29
[    0.059964]  [<c17308e7>] kernel_init+0x12d/0x17a
[    0.059966]  [<c17307ba>] ? kernel_init+0x0/0x17a
[    0.059967]  [<c1009b07>] kernel_thread_helper+0x7/0x10
[    0.059969] sysctl table check failed: /kernel/random/nb_input_bytes .1.40.10 Unknown sysctl binary path
[    0.060199] Pid: 1, comm: swapper Not tainted 2.6.32.57 #4
[    0.060200] Call Trace:
[    0.060201]  [<c14a8a0e>] ? printk+0x1d/0x1f
[    0.060202]  [<c107b56f>] set_fail+0x4f/0x60
[    0.060204]  [<c107b8b3>] sysctl_check_table+0x333/0x620
[    0.060205]  [<c107b8cc>] sysctl_check_table+0x34c/0x620
[    0.060207]  [<c107b8cc>] sysctl_check_table+0x34c/0x620
[    0.060209]  [<c1746d48>] sysctl_init+0x25/0x29
[    0.060211]  [<c1003042>] do_one_initcall+0x32/0x1a0
[    0.060213]  [<c1746d23>] ? sysctl_init+0x0/0x29
[    0.060214]  [<c17308e7>] kernel_init+0x12d/0x17a
[    0.060215]  [<c17307ba>] ? kernel_init+0x0/0x17a
[    0.060217]  [<c1009b07>] kernel_thread_helper+0x7/0x10
[    0.060218] sysctl table check failed: /kernel/random/nb_stir_count .1.40.11 Unknown sysctl binary path
[    0.060502] Pid: 1, comm: swapper Not tainted 2.6.32.57 #4
[    0.060503] Call Trace:
[    0.060505]  [<c14a8a0e>] ? printk+0x1d/0x1f
[    0.060507]  [<c107b56f>] set_fail+0x4f/0x60
[    0.060508]  [<c107b8b3>] sysctl_check_table+0x333/0x620
[    0.060510]  [<c107b8cc>] sysctl_check_table+0x34c/0x620
[    0.060511]  [<c107b8cc>] sysctl_check_table+0x34c/0x620
[    0.060514]  [<c1746d48>] sysctl_init+0x25/0x29
[    0.060515]  [<c1003042>] do_one_initcall+0x32/0x1a0
[    0.060517]  [<c1746d23>] ? sysctl_init+0x0/0x29
[    0.060519]  [<c17308e7>] kernel_init+0x12d/0x17a
[    0.060520]  [<c17307ba>] ? kernel_init+0x0/0x17a
[    0.060522]  [<c1009b07>] kernel_thread_helper+0x7/0x10
[    0.060523] sysctl table check failed: /kernel/random/nb_reentry_count .1.40.12 Unknown sysctl binary path
[    0.060755] Pid: 1, comm: swapper Not tainted 2.6.32.57 #4
[    0.060755] Call Trace:
[    0.060757]  [<c14a8a0e>] ? printk+0x1d/0x1f
[    0.060758]  [<c107b56f>] set_fail+0x4f/0x60
[    0.060760]  [<c107b8b3>] sysctl_check_table+0x333/0x620
[    0.060761]  [<c107b8cc>] sysctl_check_table+0x34c/0x620
[    0.060763]  [<c107b8cc>] sysctl_check_table+0x34c/0x620
[    0.060765]  [<c1746d48>] sysctl_init+0x25/0x29
[    0.060766]  [<c1003042>] do_one_initcall+0x32/0x1a0
[    0.060768]  [<c1746d23>] ? sysctl_init+0x0/0x29
[    0.060770]  [<c17308e7>] kernel_init+0x12d/0x17a
[    0.060771]  [<c17307ba>] ? kernel_init+0x0/0x17a
[    0.060773]  [<c1009b07>] kernel_thread_helper+0x7/0x10
[    0.060886] RANDOM - __seed init called.
[    0.060887] RANDOM - __seed init called.
[    0.060888] RANDOM - __seed init called.
[    0.060889] RANDOM - __random32 called. Change num 1.  Value: 97305ca5	7ac4e314	874f43ab
[    0.060890] RANDOM - __random32 called. Change num 2.  Value: 5ca5394	ac4e3148	8757a6ab
[    0.060892] RANDOM - __random32 called. Change num 3.  Value: a53949f7	c4e3148e	4d57bd52
[    0.060893] RANDOM - __random32 called. Change num 4.  Value: 949f7180	4e3148eb	7aa4fd4a
[    0.060894] RANDOM - __random32 called. Change num 5.  Value: f7180f55	e3148ebb	fa95f062
[    0.060895] RANDOM - __random32 called. Change num 6.  Value: 80f55ede	3148ebb7	e0c5c74e
[    0.060896] RANDOM - random32 init called.  Value: 80f55ede	3148ebb7	e0c5c74e
[    0.060902] regulator: core version 0.5
[    0.060968] Time: 23:56:15  Date: 05/24/13
[    0.061002] NET: Registered protocol family 16
[    0.061064] EISA bus registered
[    0.061822] ACPI: bus type pci registered
[    0.061916] PCI: MCFG configuration 0: base e0000000 segment 0 buses 0 - 255
[    0.061918] PCI: MCFG area at e0000000 reserved in E820
[    0.061918] PCI: Using MMCONFIG for extended config space
[    0.061919] PCI: Using configuration type 1 for base access
[    0.062399] bio: create slab <bio-0> at 0
[    0.063600] ACPI: EC: Look up EC in DSDT
[    0.100764] ACPI: BIOS _OSI(Linux) query ignored
[    0.106697] ACPI: Interpreter enabled
[    0.106701] ACPI: (supports S0 S1 S4 S5)
[    0.106712] ACPI: Using PIC for interrupt routing
[    0.188498] ACPI: No dock devices found.
[    0.189340] ACPI: PCI Root Bridge [PCI0] (0000:00)
[    0.190999] pci 0000:00:07.1: reg 20 io port: [0x10c0-0x10cf]
[    0.191596] pci 0000:00:07.3: quirk: region 1000-103f claimed by PIIX4 ACPI
[    0.191608] pci 0000:00:07.3: quirk: region 1040-104f claimed by PIIX4 SMB
[    0.192214] pci 0000:00:07.7: reg 10 io port: [0x1080-0x10bf]
[    0.192590] pci 0000:00:07.7: reg 14 64bit mmio: [0xc8000000-0xc8001fff]
[    0.193834] pci 0000:00:0f.0: reg 10 io port: [0x10d0-0x10df]
[    0.193875] pci 0000:00:0f.0: reg 14 32bit mmio pref: [0xd0000000-0xd7ffffff]
[    0.193914] pci 0000:00:0f.0: reg 18 32bit mmio: [0xc8800000-0xc8ffffff]
[    0.194066] pci 0000:00:0f.0: reg 30 32bit mmio pref: [0x000000-0x007fff]
[    0.194631] pci 0000:00:10.0: reg 10 io port: [0x1400-0x14ff]
[    0.194992] pci 0000:00:10.0: reg 14 64bit mmio: [0xc8040000-0xc805ffff]
[    0.195450] pci 0000:00:10.0: reg 1c 64bit mmio: [0xc8020000-0xc803ffff]
[    0.195536] pci 0000:00:10.0: reg 30 32bit mmio pref: [0x000000-0x003fff]
[    0.197094] pci 0000:00:15.0: PME# supported from D0 D3hot D3cold
[    0.197117] pci 0000:00:15.0: PME# disabled
[    0.198080] pci 0000:00:15.1: PME# supported from D0 D3hot D3cold
[    0.198103] pci 0000:00:15.1: PME# disabled
[    0.199084] pci 0000:00:15.2: PME# supported from D0 D3hot D3cold
[    0.199107] pci 0000:00:15.2: PME# disabled
[    0.200093] pci 0000:00:15.3: PME# supported from D0 D3hot D3cold
[    0.200115] pci 0000:00:15.3: PME# disabled
[    0.201044] pci 0000:00:15.4: PME# supported from D0 D3hot D3cold
[    0.201066] pci 0000:00:15.4: PME# disabled
[    0.201984] pci 0000:00:15.5: PME# supported from D0 D3hot D3cold
[    0.202005] pci 0000:00:15.5: PME# disabled
[    0.202928] pci 0000:00:15.6: PME# supported from D0 D3hot D3cold
[    0.202949] pci 0000:00:15.6: PME# disabled
[    0.203949] pci 0000:00:15.7: PME# supported from D0 D3hot D3cold
[    0.203971] pci 0000:00:15.7: PME# disabled
[    0.204904] pci 0000:00:16.0: PME# supported from D0 D3hot D3cold
[    0.204924] pci 0000:00:16.0: PME# disabled
[    0.205849] pci 0000:00:16.1: PME# supported from D0 D3hot D3cold
[    0.205870] pci 0000:00:16.1: PME# disabled
[    0.206801] pci 0000:00:16.2: PME# supported from D0 D3hot D3cold
[    0.206821] pci 0000:00:16.2: PME# disabled
[    0.207764] pci 0000:00:16.3: PME# supported from D0 D3hot D3cold
[    0.207786] pci 0000:00:16.3: PME# disabled
[    0.208723] pci 0000:00:16.4: PME# supported from D0 D3hot D3cold
[    0.208744] pci 0000:00:16.4: PME# disabled
[    0.209665] pci 0000:00:16.5: PME# supported from D0 D3hot D3cold
[    0.209686] pci 0000:00:16.5: PME# disabled
[    0.210604] pci 0000:00:16.6: PME# supported from D0 D3hot D3cold
[    0.210625] pci 0000:00:16.6: PME# disabled
[    0.211554] pci 0000:00:16.7: PME# supported from D0 D3hot D3cold
[    0.211575] pci 0000:00:16.7: PME# disabled
[    0.212509] pci 0000:00:17.0: PME# supported from D0 D3hot D3cold
[    0.212530] pci 0000:00:17.0: PME# disabled
[    0.213453] pci 0000:00:17.1: PME# supported from D0 D3hot D3cold
[    0.213474] pci 0000:00:17.1: PME# disabled
[    0.214393] pci 0000:00:17.2: PME# supported from D0 D3hot D3cold
[    0.214413] pci 0000:00:17.2: PME# disabled
[    0.215357] pci 0000:00:17.3: PME# supported from D0 D3hot D3cold
[    0.215378] pci 0000:00:17.3: PME# disabled
[    0.216307] pci 0000:00:17.4: PME# supported from D0 D3hot D3cold
[    0.216328] pci 0000:00:17.4: PME# disabled
[    0.217251] pci 0000:00:17.5: PME# supported from D0 D3hot D3cold
[    0.217271] pci 0000:00:17.5: PME# disabled
[    0.218216] pci 0000:00:17.6: PME# supported from D0 D3hot D3cold
[    0.218237] pci 0000:00:17.6: PME# disabled
[    0.219168] pci 0000:00:17.7: PME# supported from D0 D3hot D3cold
[    0.219191] pci 0000:00:17.7: PME# disabled
[    0.220123] pci 0000:00:18.0: PME# supported from D0 D3hot D3cold
[    0.220146] pci 0000:00:18.0: PME# disabled
[    0.221053] pci 0000:00:18.1: PME# supported from D0 D3hot D3cold
[    0.221073] pci 0000:00:18.1: PME# disabled
[    0.221999] pci 0000:00:18.2: PME# supported from D0 D3hot D3cold
[    0.222020] pci 0000:00:18.2: PME# disabled
[    0.222972] pci 0000:00:18.3: PME# supported from D0 D3hot D3cold
[    0.222993] pci 0000:00:18.3: PME# disabled
[    0.223935] pci 0000:00:18.4: PME# supported from D0 D3hot D3cold
[    0.223956] pci 0000:00:18.4: PME# disabled
[    0.224918] pci 0000:00:18.5: PME# supported from D0 D3hot D3cold
[    0.224939] pci 0000:00:18.5: PME# disabled
[    0.225864] pci 0000:00:18.6: PME# supported from D0 D3hot D3cold
[    0.225885] pci 0000:00:18.6: PME# disabled
[    0.226803] pci 0000:00:18.7: PME# supported from D0 D3hot D3cold
[    0.226824] pci 0000:00:18.7: PME# disabled
[    0.228010] pci 0000:02:00.0: reg 20 io port: [0x20c0-0x20df]
[    0.228545] pci 0000:02:01.0: reg 10 io port: [0x2000-0x207f]
[    0.228776] pci 0000:02:01.0: reg 30 32bit mmio pref: [0x000000-0x00ffff]
[    0.229343] pci 0000:02:02.0: reg 10 io port: [0x2080-0x20bf]
[    0.229935] pci 0000:02:03.0: reg 10 32bit mmio: [0xc9000000-0xc9000fff]
[    0.230540] pci 0000:00:11.0: transparent bridge
[    0.230561] pci 0000:00:11.0: bridge io port: [0x2000-0x3fff]
[    0.230582] pci 0000:00:11.0: bridge 32bit mmio: [0xc9000000-0xca3fffff]
[    0.230622] pci 0000:00:11.0: bridge 64bit mmio pref: [0xd8400000-0xd89fffff]
[    0.231024] pci 0000:00:15.0: bridge io port: [0x4000-0x4fff]
[    0.231046] pci 0000:00:15.0: bridge 32bit mmio: [0xca400000-0xca4fffff]
[    0.231094] pci 0000:00:15.0: bridge 64bit mmio pref: [0xd8a00000-0xd8afffff]
[    0.231517] pci 0000:00:15.1: bridge io port: [0x8000-0x8fff]
[    0.231538] pci 0000:00:15.1: bridge 32bit mmio: [0xca800000-0xca8fffff]
[    0.231577] pci 0000:00:15.1: bridge 64bit mmio pref: [0xd8e00000-0xd8efffff]
[    0.231980] pci 0000:00:15.2: bridge io port: [0xc000-0xcfff]
[    0.232002] pci 0000:00:15.2: bridge 32bit mmio: [0xcac00000-0xcacfffff]
[    0.232041] pci 0000:00:15.2: bridge 64bit mmio pref: [0xd9200000-0xd92fffff]
[    0.232480] pci 0000:00:15.3: bridge 32bit mmio: [0xcb000000-0xcb0fffff]
[    0.232520] pci 0000:00:15.3: bridge 64bit mmio pref: [0xd9600000-0xd96fffff]
[    0.232931] pci 0000:00:15.4: bridge 32bit mmio: [0xcb400000-0xcb4fffff]
[    0.232971] pci 0000:00:15.4: bridge 64bit mmio pref: [0xd9a00000-0xd9afffff]
[    0.233403] pci 0000:00:15.5: bridge 32bit mmio: [0xcb800000-0xcb8fffff]
[    0.233443] pci 0000:00:15.5: bridge 64bit mmio pref: [0xd9e00000-0xd9efffff]
[    0.233853] pci 0000:00:15.6: bridge 32bit mmio: [0xcbc00000-0xcbcfffff]
[    0.233893] pci 0000:00:15.6: bridge 64bit mmio pref: [0xda200000-0xda2fffff]
[    0.234330] pci 0000:00:15.7: bridge 32bit mmio: [0xcc000000-0xcc0fffff]
[    0.234370] pci 0000:00:15.7: bridge 64bit mmio pref: [0xda600000-0xda6fffff]
[    0.234764] pci 0000:00:16.0: bridge io port: [0x5000-0x5fff]
[    0.234785] pci 0000:00:16.0: bridge 32bit mmio: [0xca500000-0xca5fffff]
[    0.234825] pci 0000:00:16.0: bridge 64bit mmio pref: [0xd8b00000-0xd8bfffff]
[    0.235246] pci 0000:00:16.1: bridge io port: [0x9000-0x9fff]
[    0.235267] pci 0000:00:16.1: bridge 32bit mmio: [0xca900000-0xca9fffff]
[    0.235307] pci 0000:00:16.1: bridge 64bit mmio pref: [0xd8f00000-0xd8ffffff]
[    0.235716] pci 0000:00:16.2: bridge io port: [0xd000-0xdfff]
[    0.235738] pci 0000:00:16.2: bridge 32bit mmio: [0xcad00000-0xcadfffff]
[    0.235778] pci 0000:00:16.2: bridge 64bit mmio pref: [0xd9300000-0xd93fffff]
[    0.236216] pci 0000:00:16.3: bridge 32bit mmio: [0xcb100000-0xcb1fffff]
[    0.236256] pci 0000:00:16.3: bridge 64bit mmio pref: [0xd9700000-0xd97fffff]
[    0.236668] pci 0000:00:16.4: bridge 32bit mmio: [0xcb500000-0xcb5fffff]
[    0.236708] pci 0000:00:16.4: bridge 64bit mmio pref: [0xd9b00000-0xd9bfffff]
[    0.237139] pci 0000:00:16.5: bridge 32bit mmio: [0xcb900000-0xcb9fffff]
[    0.237179] pci 0000:00:16.5: bridge 64bit mmio pref: [0xd9f00000-0xd9ffffff]
[    0.237592] pci 0000:00:16.6: bridge 32bit mmio: [0xcbd00000-0xcbdfffff]
[    0.237632] pci 0000:00:16.6: bridge 64bit mmio pref: [0xda300000-0xda3fffff]
[    0.238043] pci 0000:00:16.7: bridge 32bit mmio: [0xcc100000-0xcc1fffff]
[    0.238100] pci 0000:00:16.7: bridge 64bit mmio pref: [0xda700000-0xda7fffff]
[    0.238506] pci 0000:00:17.0: bridge io port: [0x6000-0x6fff]
[    0.238527] pci 0000:00:17.0: bridge 32bit mmio: [0xca600000-0xca6fffff]
[    0.238567] pci 0000:00:17.0: bridge 64bit mmio pref: [0xd8c00000-0xd8cfffff]
[    0.238958] pci 0000:00:17.1: bridge io port: [0xa000-0xafff]
[    0.238979] pci 0000:00:17.1: bridge 32bit mmio: [0xcaa00000-0xcaafffff]
[    0.239019] pci 0000:00:17.1: bridge 64bit mmio pref: [0xd9000000-0xd90fffff]
[    0.239467] pci 0000:00:17.2: bridge io port: [0xe000-0xefff]
[    0.239488] pci 0000:00:17.2: bridge 32bit mmio: [0xcae00000-0xcaefffff]
[    0.239527] pci 0000:00:17.2: bridge 64bit mmio pref: [0xd9400000-0xd94fffff]
[    0.239950] pci 0000:00:17.3: bridge 32bit mmio: [0xcb200000-0xcb2fffff]
[    0.239990] pci 0000:00:17.3: bridge 64bit mmio pref: [0xd9800000-0xd98fffff]
[    0.240430] pci 0000:00:17.4: bridge 32bit mmio: [0xcb600000-0xcb6fffff]
[    0.240470] pci 0000:00:17.4: bridge 64bit mmio pref: [0xd9c00000-0xd9cfffff]
[    0.240880] pci 0000:00:17.5: bridge 32bit mmio: [0xcba00000-0xcbafffff]
[    0.240920] pci 0000:00:17.5: bridge 64bit mmio pref: [0xda000000-0xda0fffff]
[    0.241351] pci 0000:00:17.6: bridge 32bit mmio: [0xcbe00000-0xcbefffff]
[    0.241391] pci 0000:00:17.6: bridge 64bit mmio pref: [0xda400000-0xda4fffff]
[    0.241801] pci 0000:00:17.7: bridge 32bit mmio: [0xcc200000-0xcc2fffff]
[    0.241841] pci 0000:00:17.7: bridge 64bit mmio pref: [0xda800000-0xda8fffff]
[    0.242261] pci 0000:00:18.0: bridge io port: [0x7000-0x7fff]
[    0.242282] pci 0000:00:18.0: bridge 32bit mmio: [0xca700000-0xca7fffff]
[    0.242322] pci 0000:00:18.0: bridge 64bit mmio pref: [0xd8d00000-0xd8dfffff]
[    0.242715] pci 0000:00:18.1: bridge io port: [0xb000-0xbfff]
[    0.242736] pci 0000:00:18.1: bridge 32bit mmio: [0xcab00000-0xcabfffff]
[    0.242776] pci 0000:00:18.1: bridge 64bit mmio pref: [0xd9100000-0xd91fffff]
[    0.243198] pci 0000:00:18.2: bridge io port: [0xf000-0xffff]
[    0.243219] pci 0000:00:18.2: bridge 32bit mmio: [0xcaf00000-0xcaffffff]
[    0.243258] pci 0000:00:18.2: bridge 64bit mmio pref: [0xd9500000-0xd95fffff]
[    0.243684] pci 0000:00:18.3: bridge 32bit mmio: [0xcb300000-0xcb3fffff]
[    0.243724] pci 0000:00:18.3: bridge 64bit mmio pref: [0xd9900000-0xd99fffff]
[    0.244159] pci 0000:00:18.4: bridge 32bit mmio: [0xcb700000-0xcb7fffff]
[    0.244200] pci 0000:00:18.4: bridge 64bit mmio pref: [0xd9d00000-0xd9dfffff]
[    0.244610] pci 0000:00:18.5: bridge 32bit mmio: [0xcbb00000-0xcbbfffff]
[    0.244650] pci 0000:00:18.5: bridge 64bit mmio pref: [0xda100000-0xda1fffff]
[    0.245061] pci 0000:00:18.6: bridge 32bit mmio: [0xcbf00000-0xcbffffff]
[    0.245122] pci 0000:00:18.6: bridge 64bit mmio pref: [0xda500000-0xda5fffff]
[    0.245542] pci 0000:00:18.7: bridge 32bit mmio: [0xcc300000-0xcc3fffff]
[    0.245582] pci 0000:00:18.7: bridge 64bit mmio pref: [0xda900000-0xda9fffff]
[    0.247754] pci_bus 0000:00: on NUMA node 0
[    0.247763] ACPI: PCI Interrupt Routing Table [\_SB_.PCI0._PRT]
[    0.468475] ACPI: PCI Interrupt Link [LNKA] (IRQs 3 4 5 6 7 *9 10 11 14 15)
[    0.468624] ACPI: PCI Interrupt Link [LNKB] (IRQs 3 4 5 6 7 9 10 *11 14 15)
[    0.468788] ACPI: PCI Interrupt Link [LNKC] (IRQs 3 4 5 6 7 9 *10 11 14 15)
[    0.468941] ACPI: PCI Interrupt Link [LNKD] (IRQs 3 4 *5 6 7 9 10 11 14 15)
[    0.469072] vgaarb: device added: PCI:0000:00:0f.0,decodes=io+mem,owns=io+mem,locks=none
[    0.469081] vgaarb: loaded
[    0.469166] SCSI subsystem initialized
[    0.469208] libata version 3.00 loaded.
[    0.469247] usbcore: registered new interface driver usbfs
[    0.469258] usbcore: registered new interface driver hub
[    0.469273] usbcore: registered new device driver usb
[    0.469337] PCI: Using ACPI for IRQ routing
[    0.470355] NetLabel: Initializing
[    0.470356] NetLabel:  domain hash size = 128
[    0.470357] NetLabel:  protocols = UNLABELED CIPSOv4
[    0.470364] NetLabel:  unlabeled traffic allowed by default
[    0.470396] hpet0: at MMIO 0xfed00000, IRQs 2, 8, 0, 0, 0, 0, 0, 0, 0, 0, 0, 0, 0, 0, 0, 0
[    0.470402] hpet0: 16 comparators, 64-bit 14.318180 MHz counter
[    0.472428] Switching to clocksource tsc
[    0.479588] pnp: PnP ACPI init
[    0.479600] ACPI: bus type pnp registered
[    0.522900] pnp: PnP ACPI: found 14 devices
[    0.522902] ACPI: ACPI bus type pnp unregistered
[    0.522905] PnPBIOS: Disabled by ACPI PNP
[    0.522916] system 00:01: ioport range 0x1000-0x103f has been reserved
[    0.522918] system 00:01: ioport range 0x1040-0x104f has been reserved
[    0.522919] system 00:01: ioport range 0xcf0-0xcf1 has been reserved
[    0.522926] system 00:08: iomem range 0xfed00000-0xfed003ff has been reserved
[    0.522929] system 00:0d: ioport range 0x1060-0x107f has been reserved
[    0.522931] system 00:0d: iomem range 0xe0000000-0xefffffff has been reserved
[    0.522933] system 00:0d: iomem range 0xc8200000-0xc83fffff has been reserved
[    0.557929] pci 0000:00:15.3: BAR 13: can't allocate I/O resource [0x10000-0xffff]
[    0.557933] pci 0000:00:15.4: BAR 13: can't allocate I/O resource [0x10000-0xffff]
[    0.557936] pci 0000:00:15.5: BAR 13: can't allocate I/O resource [0x10000-0xffff]
[    0.557938] pci 0000:00:15.6: BAR 13: can't allocate I/O resource [0x10000-0xffff]
[    0.557941] pci 0000:00:15.7: BAR 13: can't allocate I/O resource [0x10000-0xffff]
[    0.557944] pci 0000:00:16.3: BAR 13: can't allocate I/O resource [0x10000-0xffff]
[    0.557946] pci 0000:00:16.4: BAR 13: can't allocate I/O resource [0x10000-0xffff]
[    0.557949] pci 0000:00:16.5: BAR 13: can't allocate I/O resource [0x10000-0xffff]
[    0.557952] pci 0000:00:16.6: BAR 13: can't allocate I/O resource [0x10000-0xffff]
[    0.557954] pci 0000:00:16.7: BAR 13: can't allocate I/O resource [0x10000-0xffff]
[    0.557957] pci 0000:00:17.3: BAR 13: can't allocate I/O resource [0x10000-0xffff]
[    0.557960] pci 0000:00:17.4: BAR 13: can't allocate I/O resource [0x10000-0xffff]
[    0.557962] pci 0000:00:17.5: BAR 13: can't allocate I/O resource [0x10000-0xffff]
[    0.557965] pci 0000:00:17.6: BAR 13: can't allocate I/O resource [0x10000-0xffff]
[    0.557967] pci 0000:00:17.7: BAR 13: can't allocate I/O resource [0x10000-0xffff]
[    0.557970] pci 0000:00:18.3: BAR 13: can't allocate I/O resource [0x10000-0xffff]
[    0.557973] pci 0000:00:18.4: BAR 13: can't allocate I/O resource [0x10000-0xffff]
[    0.557975] pci 0000:00:18.5: BAR 13: can't allocate I/O resource [0x10000-0xffff]
[    0.557978] pci 0000:00:18.6: BAR 13: can't allocate I/O resource [0x10000-0xffff]
[    0.557981] pci 0000:00:18.7: BAR 13: can't allocate I/O resource [0x10000-0xffff]
[    0.557983] pci 0000:00:01.0: PCI bridge, secondary bus 0000:01
[    0.557984] pci 0000:00:01.0:   IO window: disabled
[    0.558016] pci 0000:00:01.0:   MEM window: disabled
[    0.558037] pci 0000:00:01.0:   PREFETCH window: disabled
[    0.558078] pci 0000:00:11.0: PCI bridge, secondary bus 0000:02
[    0.558091] pci 0000:00:11.0:   IO window: 0x2000-0x3fff
[    0.558122] pci 0000:00:11.0:   MEM window: 0xc9000000-0xca3fffff
[    0.558143] pci 0000:00:11.0:   PREFETCH window: 0x000000d8400000-0x000000d89fffff
[    0.558183] pci 0000:00:15.0: PCI bridge, secondary bus 0000:03
[    0.558195] pci 0000:00:15.0:   IO window: 0x4000-0x4fff
[    0.558226] pci 0000:00:15.0:   MEM window: 0xca400000-0xca4fffff
[    0.558247] pci 0000:00:15.0:   PREFETCH window: 0x000000d8a00000-0x000000d8afffff
[    0.558328] pci 0000:00:15.1: PCI bridge, secondary bus 0000:04
[    0.558341] pci 0000:00:15.1:   IO window: 0x8000-0x8fff
[    0.558372] pci 0000:00:15.1:   MEM window: 0xca800000-0xca8fffff
[    0.558394] pci 0000:00:15.1:   PREFETCH window: 0x000000d8e00000-0x000000d8efffff
[    0.558448] pci 0000:00:15.2: PCI bridge, secondary bus 0000:05
[    0.558460] pci 0000:00:15.2:   IO window: 0xc000-0xcfff
[    0.558491] pci 0000:00:15.2:   MEM window: 0xcac00000-0xcacfffff
[    0.558513] pci 0000:00:15.2:   PREFETCH window: 0x000000d9200000-0x000000d92fffff
[    0.558565] pci 0000:00:15.3: PCI bridge, secondary bus 0000:06
[    0.558567] pci 0000:00:15.3:   IO window: disabled
[    0.558598] pci 0000:00:15.3:   MEM window: 0xcb000000-0xcb0fffff
[    0.558619] pci 0000:00:15.3:   PREFETCH window: 0x000000d9600000-0x000000d96fffff
[    0.558672] pci 0000:00:15.4: PCI bridge, secondary bus 0000:07
[    0.558674] pci 0000:00:15.4:   IO window: disabled
[    0.558705] pci 0000:00:15.4:   MEM window: 0xcb400000-0xcb4fffff
[    0.558726] pci 0000:00:15.4:   PREFETCH window: 0x000000d9a00000-0x000000d9afffff
[    0.558778] pci 0000:00:15.5: PCI bridge, secondary bus 0000:08
[    0.558780] pci 0000:00:15.5:   IO window: disabled
[    0.558812] pci 0000:00:15.5:   MEM window: 0xcb800000-0xcb8fffff
[    0.558843] pci 0000:00:15.5:   PREFETCH window: 0x000000d9e00000-0x000000d9efffff
[    0.558907] pci 0000:00:15.6: PCI bridge, secondary bus 0000:09
[    0.558909] pci 0000:00:15.6:   IO window: disabled
[    0.558940] pci 0000:00:15.6:   MEM window: 0xcbc00000-0xcbcfffff
[    0.558961] pci 0000:00:15.6:   PREFETCH window: 0x000000da200000-0x000000da2fffff
[    0.559013] pci 0000:00:15.7: PCI bridge, secondary bus 0000:0a
[    0.559015] pci 0000:00:15.7:   IO window: disabled
[    0.559046] pci 0000:00:15.7:   MEM window: 0xcc000000-0xcc0fffff
[    0.559067] pci 0000:00:15.7:   PREFETCH window: 0x000000da600000-0x000000da6fffff
[    0.559119] pci 0000:00:16.0: PCI bridge, secondary bus 0000:0b
[    0.559132] pci 0000:00:16.0:   IO window: 0x5000-0x5fff
[    0.559163] pci 0000:00:16.0:   MEM window: 0xca500000-0xca5fffff
[    0.559184] pci 0000:00:16.0:   PREFETCH window: 0x000000d8b00000-0x000000d8bfffff
[    0.559236] pci 0000:00:16.1: PCI bridge, secondary bus 0000:0c
[    0.559249] pci 0000:00:16.1:   IO window: 0x9000-0x9fff
[    0.559280] pci 0000:00:16.1:   MEM window: 0xca900000-0xca9fffff
[    0.559301] pci 0000:00:16.1:   PREFETCH window: 0x000000d8f00000-0x000000d8ffffff
[    0.559353] pci 0000:00:16.2: PCI bridge, secondary bus 0000:0d
[    0.559366] pci 0000:00:16.2:   IO window: 0xd000-0xdfff
[    0.559397] pci 0000:00:16.2:   MEM window: 0xcad00000-0xcadfffff
[    0.559418] pci 0000:00:16.2:   PREFETCH window: 0x000000d9300000-0x000000d93fffff
[    0.559470] pci 0000:00:16.3: PCI bridge, secondary bus 0000:0e
[    0.559472] pci 0000:00:16.3:   IO window: disabled
[    0.559503] pci 0000:00:16.3:   MEM window: 0xcb100000-0xcb1fffff
[    0.559524] pci 0000:00:16.3:   PREFETCH window: 0x000000d9700000-0x000000d97fffff
[    0.559576] pci 0000:00:16.4: PCI bridge, secondary bus 0000:0f
[    0.559578] pci 0000:00:16.4:   IO window: disabled
[    0.559609] pci 0000:00:16.4:   MEM window: 0xcb500000-0xcb5fffff
[    0.559630] pci 0000:00:16.4:   PREFETCH window: 0x000000d9b00000-0x000000d9bfffff
[    0.559682] pci 0000:00:16.5: PCI bridge, secondary bus 0000:10
[    0.559684] pci 0000:00:16.5:   IO window: disabled
[    0.559715] pci 0000:00:16.5:   MEM window: 0xcb900000-0xcb9fffff
[    0.559737] pci 0000:00:16.5:   PREFETCH window: 0x000000d9f00000-0x000000d9ffffff
[    0.559788] pci 0000:00:16.6: PCI bridge, secondary bus 0000:11
[    0.559790] pci 0000:00:16.6:   IO window: disabled
[    0.559831] pci 0000:00:16.6:   MEM window: 0xcbd00000-0xcbdfffff
[    0.559854] pci 0000:00:16.6:   PREFETCH window: 0x000000da300000-0x000000da3fffff
[    0.559916] pci 0000:00:16.7: PCI bridge, secondary bus 0000:12
[    0.559917] pci 0000:00:16.7:   IO window: disabled
[    0.559949] pci 0000:00:16.7:   MEM window: 0xcc100000-0xcc1fffff
[    0.559970] pci 0000:00:16.7:   PREFETCH window: 0x000000da700000-0x000000da7fffff
[    0.560022] pci 0000:00:17.0: PCI bridge, secondary bus 0000:13
[    0.560034] pci 0000:00:17.0:   IO window: 0x6000-0x6fff
[    0.560065] pci 0000:00:17.0:   MEM window: 0xca600000-0xca6fffff
[    0.560086] pci 0000:00:17.0:   PREFETCH window: 0x000000d8c00000-0x000000d8cfffff
[    0.560138] pci 0000:00:17.1: PCI bridge, secondary bus 0000:14
[    0.560151] pci 0000:00:17.1:   IO window: 0xa000-0xafff
[    0.560182] pci 0000:00:17.1:   MEM window: 0xcaa00000-0xcaafffff
[    0.560203] pci 0000:00:17.1:   PREFETCH window: 0x000000d9000000-0x000000d90fffff
[    0.560255] pci 0000:00:17.2: PCI bridge, secondary bus 0000:15
[    0.560267] pci 0000:00:17.2:   IO window: 0xe000-0xefff
[    0.560298] pci 0000:00:17.2:   MEM window: 0xcae00000-0xcaefffff
[    0.560320] pci 0000:00:17.2:   PREFETCH window: 0x000000d9400000-0x000000d94fffff
[    0.560383] pci 0000:00:17.3: PCI bridge, secondary bus 0000:16
[    0.560385] pci 0000:00:17.3:   IO window: disabled
[    0.560416] pci 0000:00:17.3:   MEM window: 0xcb200000-0xcb2fffff
[    0.560438] pci 0000:00:17.3:   PREFETCH window: 0x000000d9800000-0x000000d98fffff
[    0.560493] pci 0000:00:17.4: PCI bridge, secondary bus 0000:17
[    0.560495] pci 0000:00:17.4:   IO window: disabled
[    0.560527] pci 0000:00:17.4:   MEM window: 0xcb600000-0xcb6fffff
[    0.560548] pci 0000:00:17.4:   PREFETCH window: 0x000000d9c00000-0x000000d9cfffff
[    0.560602] pci 0000:00:17.5: PCI bridge, secondary bus 0000:18
[    0.560604] pci 0000:00:17.5:   IO window: disabled
[    0.560635] pci 0000:00:17.5:   MEM window: 0xcba00000-0xcbafffff
[    0.560657] pci 0000:00:17.5:   PREFETCH window: 0x000000da000000-0x000000da0fffff
[    0.560709] pci 0000:00:17.6: PCI bridge, secondary bus 0000:19
[    0.560710] pci 0000:00:17.6:   IO window: disabled
[    0.560742] pci 0000:00:17.6:   MEM window: 0xcbe00000-0xcbefffff
[    0.560763] pci 0000:00:17.6:   PREFETCH window: 0x000000da400000-0x000000da4fffff
[    0.560834] pci 0000:00:17.7: PCI bridge, secondary bus 0000:1a
[    0.560835] pci 0000:00:17.7:   IO window: disabled
[    0.560877] pci 0000:00:17.7:   MEM window: 0xcc200000-0xcc2fffff
[    0.560898] pci 0000:00:17.7:   PREFETCH window: 0x000000da800000-0x000000da8fffff
[    0.560950] pci 0000:00:18.0: PCI bridge, secondary bus 0000:1b
[    0.560963] pci 0000:00:18.0:   IO window: 0x7000-0x7fff
[    0.560994] pci 0000:00:18.0:   MEM window: 0xca700000-0xca7fffff
[    0.561015] pci 0000:00:18.0:   PREFETCH window: 0x000000d8d00000-0x000000d8dfffff
[    0.561067] pci 0000:00:18.1: PCI bridge, secondary bus 0000:1c
[    0.561079] pci 0000:00:18.1:   IO window: 0xb000-0xbfff
[    0.561110] pci 0000:00:18.1:   MEM window: 0xcab00000-0xcabfffff
[    0.561131] pci 0000:00:18.1:   PREFETCH window: 0x000000d9100000-0x000000d91fffff
[    0.561183] pci 0000:00:18.2: PCI bridge, secondary bus 0000:1d
[    0.561196] pci 0000:00:18.2:   IO window: 0xf000-0xffff
[    0.561227] pci 0000:00:18.2:   MEM window: 0xcaf00000-0xcaffffff
[    0.561248] pci 0000:00:18.2:   PREFETCH window: 0x000000d9500000-0x000000d95fffff
[    0.561300] pci 0000:00:18.3: PCI bridge, secondary bus 0000:1e
[    0.561301] pci 0000:00:18.3:   IO window: disabled
[    0.561332] pci 0000:00:18.3:   MEM window: 0xcb300000-0xcb3fffff
[    0.561354] pci 0000:00:18.3:   PREFETCH window: 0x000000d9900000-0x000000d99fffff
[    0.561406] pci 0000:00:18.4: PCI bridge, secondary bus 0000:1f
[    0.561407] pci 0000:00:18.4:   IO window: disabled
[    0.561439] pci 0000:00:18.4:   MEM window: 0xcb700000-0xcb7fffff
[    0.561460] pci 0000:00:18.4:   PREFETCH window: 0x000000d9d00000-0x000000d9dfffff
[    0.561512] pci 0000:00:18.5: PCI bridge, secondary bus 0000:20
[    0.561513] pci 0000:00:18.5:   IO window: disabled
[    0.561544] pci 0000:00:18.5:   MEM window: 0xcbb00000-0xcbbfffff
[    0.561566] pci 0000:00:18.5:   PREFETCH window: 0x000000da100000-0x000000da1fffff
[    0.561617] pci 0000:00:18.6: PCI bridge, secondary bus 0000:21
[    0.561619] pci 0000:00:18.6:   IO window: disabled
[    0.561650] pci 0000:00:18.6:   MEM window: 0xcbf00000-0xcbffffff
[    0.561672] pci 0000:00:18.6:   PREFETCH window: 0x000000da500000-0x000000da5fffff
[    0.561724] pci 0000:00:18.7: PCI bridge, secondary bus 0000:22
[    0.561725] pci 0000:00:18.7:   IO window: disabled
[    0.561757] pci 0000:00:18.7:   MEM window: 0xcc300000-0xcc3fffff
[    0.561778] pci 0000:00:18.7:   PREFETCH window: 0x000000da900000-0x000000da9fffff
[    0.561889] pci 0000:00:01.0: setting latency timer to 64
[    0.562000] pci 0000:00:15.0: setting latency timer to 64
[    0.562070] pci 0000:00:15.1: setting latency timer to 64
[    0.562140] pci 0000:00:15.2: setting latency timer to 64
[    0.562210] pci 0000:00:15.3: setting latency timer to 64
[    0.562279] pci 0000:00:15.4: setting latency timer to 64
[    0.562349] pci 0000:00:15.5: setting latency timer to 64
[    0.562418] pci 0000:00:15.6: setting latency timer to 64
[    0.562488] pci 0000:00:15.7: setting latency timer to 64
[    0.562558] pci 0000:00:16.0: setting latency timer to 64
[    0.562627] pci 0000:00:16.1: setting latency timer to 64
[    0.562697] pci 0000:00:16.2: setting latency timer to 64
[    0.562767] pci 0000:00:16.3: setting latency timer to 64
[    0.562849] pci 0000:00:16.4: setting latency timer to 64
[    0.562929] pci 0000:00:16.5: setting latency timer to 64
[    0.562999] pci 0000:00:16.6: setting latency timer to 64
[    0.563069] pci 0000:00:16.7: setting latency timer to 64
[    0.563138] pci 0000:00:17.0: setting latency timer to 64
[    0.563208] pci 0000:00:17.1: setting latency timer to 64
[    0.563277] pci 0000:00:17.2: setting latency timer to 64
[    0.563347] pci 0000:00:17.3: setting latency timer to 64
[    0.563416] pci 0000:00:17.4: setting latency timer to 64
[    0.563486] pci 0000:00:17.5: setting latency timer to 64
[    0.563558] pci 0000:00:17.6: setting latency timer to 64
[    0.563651] pci 0000:00:17.7: setting latency timer to 64
[    0.563720] pci 0000:00:18.0: setting latency timer to 64
[    0.563790] pci 0000:00:18.1: setting latency timer to 64
[    0.563881] pci 0000:00:18.2: setting latency timer to 64
[    0.563956] pci 0000:00:18.3: setting latency timer to 64
[    0.564038] pci 0000:00:18.4: setting latency timer to 64
[    0.564108] pci 0000:00:18.5: setting latency timer to 64
[    0.564178] pci 0000:00:18.6: setting latency timer to 64
[    0.564248] pci 0000:00:18.7: setting latency timer to 64
[    0.564260] pci_bus 0000:00: resource 0 io:  [0x00-0xffff]
[    0.564262] pci_bus 0000:00: resource 1 mem: [0x000000-0xffffffffffffffff]
[    0.564265] pci_bus 0000:02: resource 0 io:  [0x2000-0x3fff]
[    0.564267] pci_bus 0000:02: resource 1 mem: [0xc9000000-0xca3fffff]
[    0.564268] pci_bus 0000:02: resource 2 pref mem [0xd8400000-0xd89fffff]
[    0.564270] pci_bus 0000:02: resource 3 io:  [0x00-0xffff]
[    0.564272] pci_bus 0000:02: resource 4 mem: [0x000000-0xffffffffffffffff]
[    0.564274] pci_bus 0000:03: resource 0 io:  [0x4000-0x4fff]
[    0.564276] pci_bus 0000:03: resource 1 mem: [0xca400000-0xca4fffff]
[    0.564278] pci_bus 0000:03: resource 2 pref mem [0xd8a00000-0xd8afffff]
[    0.564279] pci_bus 0000:04: resource 0 io:  [0x8000-0x8fff]
[    0.564281] pci_bus 0000:04: resource 1 mem: [0xca800000-0xca8fffff]
[    0.564283] pci_bus 0000:04: resource 2 pref mem [0xd8e00000-0xd8efffff]
[    0.564285] pci_bus 0000:05: resource 0 io:  [0xc000-0xcfff]
[    0.564286] pci_bus 0000:05: resource 1 mem: [0xcac00000-0xcacfffff]
[    0.564288] pci_bus 0000:05: resource 2 pref mem [0xd9200000-0xd92fffff]
[    0.564290] pci_bus 0000:06: resource 1 mem: [0xcb000000-0xcb0fffff]
[    0.564292] pci_bus 0000:06: resource 2 pref mem [0xd9600000-0xd96fffff]
[    0.564294] pci_bus 0000:07: resource 1 mem: [0xcb400000-0xcb4fffff]
[    0.564296] pci_bus 0000:07: resource 2 pref mem [0xd9a00000-0xd9afffff]
[    0.564297] pci_bus 0000:08: resource 1 mem: [0xcb800000-0xcb8fffff]
[    0.564299] pci_bus 0000:08: resource 2 pref mem [0xd9e00000-0xd9efffff]
[    0.564301] pci_bus 0000:09: resource 1 mem: [0xcbc00000-0xcbcfffff]
[    0.564303] pci_bus 0000:09: resource 2 pref mem [0xda200000-0xda2fffff]
[    0.564305] pci_bus 0000:0a: resource 1 mem: [0xcc000000-0xcc0fffff]
[    0.564306] pci_bus 0000:0a: resource 2 pref mem [0xda600000-0xda6fffff]
[    0.564308] pci_bus 0000:0b: resource 0 io:  [0x5000-0x5fff]
[    0.564310] pci_bus 0000:0b: resource 1 mem: [0xca500000-0xca5fffff]
[    0.564312] pci_bus 0000:0b: resource 2 pref mem [0xd8b00000-0xd8bfffff]
[    0.564314] pci_bus 0000:0c: resource 0 io:  [0x9000-0x9fff]
[    0.564315] pci_bus 0000:0c: resource 1 mem: [0xca900000-0xca9fffff]
[    0.564317] pci_bus 0000:0c: resource 2 pref mem [0xd8f00000-0xd8ffffff]
[    0.564317] pci_bus 0000:0d: resource 0 io:  [0xd000-0xdfff]
[    0.564317] pci_bus 0000:0d: resource 1 mem: [0xcad00000-0xcadfffff]
[    0.564317] pci_bus 0000:0d: resource 2 pref mem [0xd9300000-0xd93fffff]
[    0.564317] pci_bus 0000:0e: resource 1 mem: [0xcb100000-0xcb1fffff]
[    0.564317] pci_bus 0000:0e: resource 2 pref mem [0xd9700000-0xd97fffff]
[    0.564317] pci_bus 0000:0f: resource 1 mem: [0xcb500000-0xcb5fffff]
[    0.564317] pci_bus 0000:0f: resource 2 pref mem [0xd9b00000-0xd9bfffff]
[    0.564317] pci_bus 0000:10: resource 1 mem: [0xcb900000-0xcb9fffff]
[    0.564317] pci_bus 0000:10: resource 2 pref mem [0xd9f00000-0xd9ffffff]
[    0.564317] pci_bus 0000:11: resource 1 mem: [0xcbd00000-0xcbdfffff]
[    0.564317] pci_bus 0000:11: resource 2 pref mem [0xda300000-0xda3fffff]
[    0.564317] pci_bus 0000:12: resource 1 mem: [0xcc100000-0xcc1fffff]
[    0.564317] pci_bus 0000:12: resource 2 pref mem [0xda700000-0xda7fffff]
[    0.564317] pci_bus 0000:13: resource 0 io:  [0x6000-0x6fff]
[    0.564317] pci_bus 0000:13: resource 1 mem: [0xca600000-0xca6fffff]
[    0.564317] pci_bus 0000:13: resource 2 pref mem [0xd8c00000-0xd8cfffff]
[    0.564317] pci_bus 0000:14: resource 0 io:  [0xa000-0xafff]
[    0.564317] pci_bus 0000:14: resource 1 mem: [0xcaa00000-0xcaafffff]
[    0.564317] pci_bus 0000:14: resource 2 pref mem [0xd9000000-0xd90fffff]
[    0.564317] pci_bus 0000:15: resource 0 io:  [0xe000-0xefff]
[    0.564317] pci_bus 0000:15: resource 1 mem: [0xcae00000-0xcaefffff]
[    0.564317] pci_bus 0000:15: resource 2 pref mem [0xd9400000-0xd94fffff]
[    0.564317] pci_bus 0000:16: resource 1 mem: [0xcb200000-0xcb2fffff]
[    0.564317] pci_bus 0000:16: resource 2 pref mem [0xd9800000-0xd98fffff]
[    0.564317] pci_bus 0000:17: resource 1 mem: [0xcb600000-0xcb6fffff]
[    0.564317] pci_bus 0000:17: resource 2 pref mem [0xd9c00000-0xd9cfffff]
[    0.564317] pci_bus 0000:18: resource 1 mem: [0xcba00000-0xcbafffff]
[    0.564317] pci_bus 0000:18: resource 2 pref mem [0xda000000-0xda0fffff]
[    0.564317] pci_bus 0000:19: resource 1 mem: [0xcbe00000-0xcbefffff]
[    0.564317] pci_bus 0000:19: resource 2 pref mem [0xda400000-0xda4fffff]
[    0.564317] pci_bus 0000:1a: resource 1 mem: [0xcc200000-0xcc2fffff]
[    0.564317] pci_bus 0000:1a: resource 2 pref mem [0xda800000-0xda8fffff]
[    0.564317] pci_bus 0000:1b: resource 0 io:  [0x7000-0x7fff]
[    0.564317] pci_bus 0000:1b: resource 1 mem: [0xca700000-0xca7fffff]
[    0.564317] pci_bus 0000:1b: resource 2 pref mem [0xd8d00000-0xd8dfffff]
[    0.564317] pci_bus 0000:1c: resource 0 io:  [0xb000-0xbfff]
[    0.564317] pci_bus 0000:1c: resource 1 mem: [0xcab00000-0xcabfffff]
[    0.564317] pci_bus 0000:1c: resource 2 pref mem [0xd9100000-0xd91fffff]
[    0.564317] pci_bus 0000:1d: resource 0 io:  [0xf000-0xffff]
[    0.564317] pci_bus 0000:1d: resource 1 mem: [0xcaf00000-0xcaffffff]
[    0.564317] pci_bus 0000:1d: resource 2 pref mem [0xd9500000-0xd95fffff]
[    0.564317] pci_bus 0000:1e: resource 1 mem: [0xcb300000-0xcb3fffff]
[    0.564317] pci_bus 0000:1e: resource 2 pref mem [0xd9900000-0xd99fffff]
[    0.564317] pci_bus 0000:1f: resource 1 mem: [0xcb700000-0xcb7fffff]
[    0.564317] pci_bus 0000:1f: resource 2 pref mem [0xd9d00000-0xd9dfffff]
[    0.564317] pci_bus 0000:20: resource 1 mem: [0xcbb00000-0xcbbfffff]
[    0.564317] pci_bus 0000:20: resource 2 pref mem [0xda100000-0xda1fffff]
[    0.564317] pci_bus 0000:21: resource 1 mem: [0xcbf00000-0xcbffffff]
[    0.564317] pci_bus 0000:21: resource 2 pref mem [0xda500000-0xda5fffff]
[    0.564317] pci_bus 0000:22: resource 1 mem: [0xcc300000-0xcc3fffff]
[    0.564317] pci_bus 0000:22: resource 2 pref mem [0xda900000-0xda9fffff]
[    0.564317] NET: Registered protocol family 2
[    0.564317] RANDOM - __random32 called. Change num 7.  Value: 55ede565	148ebb7a	8e9cdd7f
[    0.564317] RANDOM - random32 called.  Value: 55ede565	148ebb7a	8e9cdd7f
[    0.564317] random 0000 0000 0000 00000000 00000000: rand_read_num 2 get_random_bytes(4): sig fffffe1a 00000000 00000000
[    0.564317] random 0000 0000 0000 00000000 00000000: extract_entropy(.. 4 ..)
[    0.564317] random 0000 0000 0000 00000000 00000000: going to reseed nonblocking with 64 bits (32 of 0 requested)
[    0.564317] random 0000 0000 0000 00000000 00000000: extract_entropy(.. 8 ..)
[    0.564317] random 0000 0000 0000 00000000 00000000: trying to extract 64 bits from input
[    0.564317] random 0000 0000 0000 00000000 00000000: debiting 0 entropy credits from input
[    0.564317] random 0000 0000 0000 00000000 00000000: extract_entropy account returned: 0 
[    0.564317] random 0000 0000 0000 00000000 00000000: urand_change_num 3 xfer_secondary_pool(4): pool_sig fffffe1a, data_sig 00000000, bytes_mixed 0 00000000 00000000
[    0.564317] random 0000 0000 0000 00000000 00000000: trying to extract 32 bits from nonblocking
[    0.564317] random 0000 0000 0000 00000000 00000000: debiting 32 entropy credits from nonblocking (unlimited)
[    0.564317] random 0000 0000 0000 00000000 00000000: extract_entropy account returned: 4 
[    0.564317] random 0000 0000 0000 00000000 00000000: urand_change_num 4 extract_buf: pool_sig fffffe1a, data_sig fffffed7, bytes_mixed 20 00000000 00000000
[    0.564317] IP route cache hash table entries: 32768 (order: 5, 131072 bytes)
[    0.564317] RANDOM - __random32 called. Change num 8.  Value: de565d28	48ebb7a3	baff4f46
[    0.564317] RANDOM - random32 called.  Value: de565d28	48ebb7a3	baff4f46
[    0.564317] RANDOM - __random32 called. Change num 9.  Value: 65d282be	8ebb7a35	9e8da0a6
[    0.564317] RANDOM - random32 called.  Value: 65d282be	8ebb7a35	9e8da0a6
[    0.564317] RANDOM - __random32 called. Change num 10.  Value: 282be6b0	ebb7a35a	414d5c14
[    0.564317] RANDOM - random32 called.  Value: 282be6b0	ebb7a35a	414d5c14
[    0.564317] RANDOM - __random32 called. Change num 11.  Value: be6b0a9f	bb7a35a2	b82964f7
[    0.564317] RANDOM - random32 called.  Value: be6b0a9f	bb7a35a2	b82964f7
[    0.564317] TCP established hash table entries: 131072 (order: 8, 1048576 bytes)
[    0.564562] TCP bind hash table entries: 65536 (order: 7, 524288 bytes)
[    0.564736] TCP: Hash tables configured (established 131072 bind 65536)
[    0.564738] TCP reno registered
[    0.564775] NET: Registered protocol family 1
[    0.564784] pci 0000:00:00.0: Limiting direct PCI/PCI transfers
[    0.564805] pci 0000:00:0f.0: Boot video device
[    0.565022] Trying to unpack rootfs image as initramfs...
[    1.666769] Freeing initrd memory: 83430k freed
[    1.670792] Simple Boot Flag at 0x36 set to 0x1
[    1.670837] cpufreq-nforce2: No nForce2 chipset.
[    1.670850] Scanning for low memory corruption every 60 seconds
[    1.670966] audit: initializing netlink socket (disabled)
[    1.670974] type=2000 audit(1369439776.660:1): initialized
[    1.674930] highmem bounce pool size: 64 pages
[    1.674935] HugeTLB registered 2 MB page size, pre-allocated 0 pages
[    1.675033] VFS: Disk quotas dquot_6.5.2
[    1.675064] Dquot-cache hash table entries: 1024 (order 0, 4096 bytes)
[    1.675149] fuse init (API version 7.13)
[    1.675193] msgmni has been set to 1729
[    1.675502] alg: No test for stdrng (krng)
[    1.675536] Block layer SCSI generic (bsg) driver version 0.4 loaded (major 253)
[    1.675539] io scheduler noop registered
[    1.675540] io scheduler anticipatory registered
[    1.675542] io scheduler deadline registered
[    1.675561] io scheduler cfq registered (default)
[    1.675606]   alloc irq_desc for 24 on node -1
[    1.675609]   alloc kstat_irqs on node -1
[    1.675654] pcieport 0000:00:15.0: irq 24 for MSI/MSI-X
[    1.675699] pcieport 0000:00:15.0: setting latency timer to 64
[    1.675744]   alloc irq_desc for 25 on node -1
[    1.675746]   alloc kstat_irqs on node -1
[    1.675791] pcieport 0000:00:15.1: irq 25 for MSI/MSI-X
[    1.675836] pcieport 0000:00:15.1: setting latency timer to 64
[    1.675927]   alloc irq_desc for 26 on node -1
[    1.675929]   alloc kstat_irqs on node -1
[    1.675974] pcieport 0000:00:15.2: irq 26 for MSI/MSI-X
[    1.676019] pcieport 0000:00:15.2: setting latency timer to 64
[    1.676064]   alloc irq_desc for 27 on node -1
[    1.676066]   alloc kstat_irqs on node -1
[    1.676112] pcieport 0000:00:15.3: irq 27 for MSI/MSI-X
[    1.676157] pcieport 0000:00:15.3: setting latency timer to 64
[    1.676202]   alloc irq_desc for 28 on node -1
[    1.676205]   alloc kstat_irqs on node -1
[    1.676251] pcieport 0000:00:15.4: irq 28 for MSI/MSI-X
[    1.676296] pcieport 0000:00:15.4: setting latency timer to 64
[    1.676341]   alloc irq_desc for 29 on node -1
[    1.676343]   alloc kstat_irqs on node -1
[    1.676388] pcieport 0000:00:15.5: irq 29 for MSI/MSI-X
[    1.676434] pcieport 0000:00:15.5: setting latency timer to 64
[    1.676479]   alloc irq_desc for 30 on node -1
[    1.676481]   alloc kstat_irqs on node -1
[    1.676526] pcieport 0000:00:15.6: irq 30 for MSI/MSI-X
[    1.676572] pcieport 0000:00:15.6: setting latency timer to 64
[    1.676617]   alloc irq_desc for 31 on node -1
[    1.676619]   alloc kstat_irqs on node -1
[    1.676664] pcieport 0000:00:15.7: irq 31 for MSI/MSI-X
[    1.676709] pcieport 0000:00:15.7: setting latency timer to 64
[    1.676754]   alloc irq_desc for 32 on node -1
[    1.676756]   alloc kstat_irqs on node -1
[    1.676801] pcieport 0000:00:16.0: irq 32 for MSI/MSI-X
[    1.676847] pcieport 0000:00:16.0: setting latency timer to 64
[    1.676892]   alloc irq_desc for 33 on node -1
[    1.676894]   alloc kstat_irqs on node -1
[    1.676939] pcieport 0000:00:16.1: irq 33 for MSI/MSI-X
[    1.676984] pcieport 0000:00:16.1: setting latency timer to 64
[    1.677029]   alloc irq_desc for 34 on node -1
[    1.677031]   alloc kstat_irqs on node -1
[    1.677077] pcieport 0000:00:16.2: irq 34 for MSI/MSI-X
[    1.677122] pcieport 0000:00:16.2: setting latency timer to 64
[    1.677167]   alloc irq_desc for 35 on node -1
[    1.677169]   alloc kstat_irqs on node -1
[    1.677214] pcieport 0000:00:16.3: irq 35 for MSI/MSI-X
[    1.677259] pcieport 0000:00:16.3: setting latency timer to 64
[    1.677305]   alloc irq_desc for 36 on node -1
[    1.677307]   alloc kstat_irqs on node -1
[    1.677352] pcieport 0000:00:16.4: irq 36 for MSI/MSI-X
[    1.677397] pcieport 0000:00:16.4: setting latency timer to 64
[    1.677442]   alloc irq_desc for 37 on node -1
[    1.677444]   alloc kstat_irqs on node -1
[    1.677489] pcieport 0000:00:16.5: irq 37 for MSI/MSI-X
[    1.677535] pcieport 0000:00:16.5: setting latency timer to 64
[    1.677580]   alloc irq_desc for 38 on node -1
[    1.677582]   alloc kstat_irqs on node -1
[    1.677627] pcieport 0000:00:16.6: irq 38 for MSI/MSI-X
[    1.677672] pcieport 0000:00:16.6: setting latency timer to 64
[    1.678832]   alloc irq_desc for 39 on node -1
[    1.678834]   alloc kstat_irqs on node -1
[    1.678879] pcieport 0000:00:16.7: irq 39 for MSI/MSI-X
[    1.678924] pcieport 0000:00:16.7: setting latency timer to 64
[    1.678969]   alloc irq_desc for 40 on node -1
[    1.678971]   alloc kstat_irqs on node -1
[    1.679017] pcieport 0000:00:17.0: irq 40 for MSI/MSI-X
[    1.679062] pcieport 0000:00:17.0: setting latency timer to 64
[    1.679107]   alloc irq_desc for 41 on node -1
[    1.679109]   alloc kstat_irqs on node -1
[    1.679154] pcieport 0000:00:17.1: irq 41 for MSI/MSI-X
[    1.679199] pcieport 0000:00:17.1: setting latency timer to 64
[    1.679245]   alloc irq_desc for 42 on node -1
[    1.679246]   alloc kstat_irqs on node -1
[    1.679292] pcieport 0000:00:17.2: irq 42 for MSI/MSI-X
[    1.679337] pcieport 0000:00:17.2: setting latency timer to 64
[    1.679382]   alloc irq_desc for 43 on node -1
[    1.679384]   alloc kstat_irqs on node -1
[    1.679429] pcieport 0000:00:17.3: irq 43 for MSI/MSI-X
[    1.679474] pcieport 0000:00:17.3: setting latency timer to 64
[    1.679520]   alloc irq_desc for 44 on node -1
[    1.679522]   alloc kstat_irqs on node -1
[    1.679567] pcieport 0000:00:17.4: irq 44 for MSI/MSI-X
[    1.679612] pcieport 0000:00:17.4: setting latency timer to 64
[    1.679657]   alloc irq_desc for 45 on node -1
[    1.679659]   alloc kstat_irqs on node -1
[    1.679704] pcieport 0000:00:17.5: irq 45 for MSI/MSI-X
[    1.679749] pcieport 0000:00:17.5: setting latency timer to 64
[    1.679795]   alloc irq_desc for 46 on node -1
[    1.679797]   alloc kstat_irqs on node -1
[    1.679842] pcieport 0000:00:17.6: irq 46 for MSI/MSI-X
[    1.679887] pcieport 0000:00:17.6: setting latency timer to 64
[    1.679932]   alloc irq_desc for 47 on node -1
[    1.679934]   alloc kstat_irqs on node -1
[    1.679979] pcieport 0000:00:17.7: irq 47 for MSI/MSI-X
[    1.680025] pcieport 0000:00:17.7: setting latency timer to 64
[    1.680070]   alloc irq_desc for 48 on node -1
[    1.680072]   alloc kstat_irqs on node -1
[    1.680117] pcieport 0000:00:18.0: irq 48 for MSI/MSI-X
[    1.680162] pcieport 0000:00:18.0: setting latency timer to 64
[    1.680207]   alloc irq_desc for 49 on node -1
[    1.680209]   alloc kstat_irqs on node -1
[    1.680255] pcieport 0000:00:18.1: irq 49 for MSI/MSI-X
[    1.680300] pcieport 0000:00:18.1: setting latency timer to 64
[    1.680345]   alloc irq_desc for 50 on node -1
[    1.680347]   alloc kstat_irqs on node -1
[    1.680392] pcieport 0000:00:18.2: irq 50 for MSI/MSI-X
[    1.680438] pcieport 0000:00:18.2: setting latency timer to 64
[    1.680483]   alloc irq_desc for 51 on node -1
[    1.680485]   alloc kstat_irqs on node -1
[    1.680530] pcieport 0000:00:18.3: irq 51 for MSI/MSI-X
[    1.680575] pcieport 0000:00:18.3: setting latency timer to 64
[    1.680620]   alloc irq_desc for 52 on node -1
[    1.680622]   alloc kstat_irqs on node -1
[    1.680667] pcieport 0000:00:18.4: irq 52 for MSI/MSI-X
[    1.680712] pcieport 0000:00:18.4: setting latency timer to 64
[    1.680758]   alloc irq_desc for 53 on node -1
[    1.680759]   alloc kstat_irqs on node -1
[    1.680805] pcieport 0000:00:18.5: irq 53 for MSI/MSI-X
[    1.680850] pcieport 0000:00:18.5: setting latency timer to 64
[    1.680895]   alloc irq_desc for 54 on node -1
[    1.680897]   alloc kstat_irqs on node -1
[    1.680942] pcieport 0000:00:18.6: irq 54 for MSI/MSI-X
[    1.680987] pcieport 0000:00:18.6: setting latency timer to 64
[    1.681033]   alloc irq_desc for 55 on node -1
[    1.681035]   alloc kstat_irqs on node -1
[    1.681080] pcieport 0000:00:18.7: irq 55 for MSI/MSI-X
[    1.681125] pcieport 0000:00:18.7: setting latency timer to 64
[    1.681170] pci_hotplug: PCI Hot Plug PCI Core version: 0.5
[    1.682827] pciehp 0000:00:15.0:pcie04: HPC vendor_id 15ad device_id 7a0 ss_vid 0 ss_did 0
[    1.682872] pciehp 0000:00:15.0:pcie04: service driver pciehp loaded
[    1.682917] pciehp 0000:00:15.1:pcie04: HPC vendor_id 15ad device_id 7a0 ss_vid 0 ss_did 0
[    1.682962] pciehp 0000:00:15.1:pcie04: service driver pciehp loaded
[    1.683008] pciehp 0000:00:15.2:pcie04: HPC vendor_id 15ad device_id 7a0 ss_vid 0 ss_did 0
[    1.683053] pciehp 0000:00:15.2:pcie04: service driver pciehp loaded
[    1.683098] pciehp 0000:00:15.3:pcie04: HPC vendor_id 15ad device_id 7a0 ss_vid 0 ss_did 0
[    1.683143] pciehp 0000:00:15.3:pcie04: service driver pciehp loaded
[    1.683188] pciehp 0000:00:15.4:pcie04: HPC vendor_id 15ad device_id 7a0 ss_vid 0 ss_did 0
[    1.683234] pciehp 0000:00:15.4:pcie04: service driver pciehp loaded
[    1.683279] pciehp 0000:00:15.5:pcie04: HPC vendor_id 15ad device_id 7a0 ss_vid 0 ss_did 0
[    1.683324] pciehp 0000:00:15.5:pcie04: service driver pciehp loaded
[    1.683369] pciehp 0000:00:15.6:pcie04: HPC vendor_id 15ad device_id 7a0 ss_vid 0 ss_did 0
[    1.683415] pciehp 0000:00:15.6:pcie04: service driver pciehp loaded
[    1.683460] pciehp 0000:00:15.7:pcie04: HPC vendor_id 15ad device_id 7a0 ss_vid 0 ss_did 0
[    1.683505] pciehp 0000:00:15.7:pcie04: service driver pciehp loaded
[    1.683550] pciehp 0000:00:16.0:pcie04: HPC vendor_id 15ad device_id 7a0 ss_vid 0 ss_did 0
[    1.683595] pciehp 0000:00:16.0:pcie04: service driver pciehp loaded
[    1.683641] pciehp 0000:00:16.1:pcie04: HPC vendor_id 15ad device_id 7a0 ss_vid 0 ss_did 0
[    1.683686] pciehp 0000:00:16.1:pcie04: service driver pciehp loaded
[    1.683731] pciehp 0000:00:16.2:pcie04: HPC vendor_id 15ad device_id 7a0 ss_vid 0 ss_did 0
[    1.683776] pciehp 0000:00:16.2:pcie04: service driver pciehp loaded
[    1.683822] pciehp 0000:00:16.3:pcie04: HPC vendor_id 15ad device_id 7a0 ss_vid 0 ss_did 0
[    1.683867] pciehp 0000:00:16.3:pcie04: service driver pciehp loaded
[    1.683912] pciehp 0000:00:16.4:pcie04: HPC vendor_id 15ad device_id 7a0 ss_vid 0 ss_did 0
[    1.683957] pciehp 0000:00:16.4:pcie04: service driver pciehp loaded
[    1.684002] pciehp 0000:00:16.5:pcie04: HPC vendor_id 15ad device_id 7a0 ss_vid 0 ss_did 0
[    1.684048] pciehp 0000:00:16.5:pcie04: service driver pciehp loaded
[    1.684093] pciehp 0000:00:16.6:pcie04: HPC vendor_id 15ad device_id 7a0 ss_vid 0 ss_did 0
[    1.684138] pciehp 0000:00:16.6:pcie04: service driver pciehp loaded
[    1.684183] pciehp 0000:00:16.7:pcie04: HPC vendor_id 15ad device_id 7a0 ss_vid 0 ss_did 0
[    1.684229] pciehp 0000:00:16.7:pcie04: service driver pciehp loaded
[    1.684274] pciehp 0000:00:17.0:pcie04: HPC vendor_id 15ad device_id 7a0 ss_vid 0 ss_did 0
[    1.684319] pciehp 0000:00:17.0:pcie04: service driver pciehp loaded
[    1.684364] pciehp 0000:00:17.1:pcie04: HPC vendor_id 15ad device_id 7a0 ss_vid 0 ss_did 0
[    1.684409] pciehp 0000:00:17.1:pcie04: service driver pciehp loaded
[    1.684455] pciehp 0000:00:17.2:pcie04: HPC vendor_id 15ad device_id 7a0 ss_vid 0 ss_did 0
[    1.684500] pciehp 0000:00:17.2:pcie04: service driver pciehp loaded
[    1.684545] pciehp 0000:00:17.3:pcie04: HPC vendor_id 15ad device_id 7a0 ss_vid 0 ss_did 0
[    1.684590] pciehp 0000:00:17.3:pcie04: service driver pciehp loaded
[    1.684636] pciehp 0000:00:17.4:pcie04: HPC vendor_id 15ad device_id 7a0 ss_vid 0 ss_did 0
[    1.684681] pciehp 0000:00:17.4:pcie04: service driver pciehp loaded
[    1.684726] pciehp 0000:00:17.5:pcie04: HPC vendor_id 15ad device_id 7a0 ss_vid 0 ss_did 0
[    1.684771] pciehp 0000:00:17.5:pcie04: service driver pciehp loaded
[    1.684816] pciehp 0000:00:17.6:pcie04: HPC vendor_id 15ad device_id 7a0 ss_vid 0 ss_did 0
[    1.684862] pciehp 0000:00:17.6:pcie04: service driver pciehp loaded
[    1.684907] pciehp 0000:00:17.7:pcie04: HPC vendor_id 15ad device_id 7a0 ss_vid 0 ss_did 0
[    1.684952] pciehp 0000:00:17.7:pcie04: service driver pciehp loaded
[    1.684997] pciehp 0000:00:18.0:pcie04: HPC vendor_id 15ad device_id 7a0 ss_vid 0 ss_did 0
[    1.685043] pciehp 0000:00:18.0:pcie04: service driver pciehp loaded
[    1.685088] pciehp 0000:00:18.1:pcie04: HPC vendor_id 15ad device_id 7a0 ss_vid 0 ss_did 0
[    1.685133] pciehp 0000:00:18.1:pcie04: service driver pciehp loaded
[    1.685178] pciehp 0000:00:18.2:pcie04: HPC vendor_id 15ad device_id 7a0 ss_vid 0 ss_did 0
[    1.685223] pciehp 0000:00:18.2:pcie04: service driver pciehp loaded
[    1.685269] pciehp 0000:00:18.3:pcie04: HPC vendor_id 15ad device_id 7a0 ss_vid 0 ss_did 0
[    1.685314] pciehp 0000:00:18.3:pcie04: service driver pciehp loaded
[    1.685359] pciehp 0000:00:18.4:pcie04: HPC vendor_id 15ad device_id 7a0 ss_vid 0 ss_did 0
[    1.685404] pciehp 0000:00:18.4:pcie04: service driver pciehp loaded
[    1.685450] pciehp 0000:00:18.5:pcie04: HPC vendor_id 15ad device_id 7a0 ss_vid 0 ss_did 0
[    1.685495] pciehp 0000:00:18.5:pcie04: service driver pciehp loaded
[    1.685540] pciehp 0000:00:18.6:pcie04: HPC vendor_id 15ad device_id 7a0 ss_vid 0 ss_did 0
[    1.685585] pciehp 0000:00:18.6:pcie04: service driver pciehp loaded
[    1.685630] pciehp 0000:00:18.7:pcie04: HPC vendor_id 15ad device_id 7a0 ss_vid 0 ss_did 0
[    1.685676] pciehp 0000:00:18.7:pcie04: service driver pciehp loaded
[    1.685684] pciehp: PCI Express Hot Plug Controller Driver version: 0.4
[    1.685735] ACPI: AC Adapter [ACAD] (on-line)
[    1.685790] input: Power Button as /devices/LNXSYSTM:00/LNXPWRBN:00/input/input0
[    1.685793] ACPI: Power Button [PWRF]
[    1.685838] processor LNXCPU:00: registered as cooling_device0
[    1.726726] isapnp: Scanning for PnP cards...
[    2.080824] isapnp: No Plug & Play device found
[    2.080855] random 0000 0000 0000 5f8db4e5 4cfdf2a8: initializing
[    2.080983] Linux agpgart interface v0.103
[    2.081028] agpgart-intel 0000:00:00.0: Intel 440BX Chipset
[    2.081081] agpgart-intel 0000:00:00.0: AGP aperture is 256M @ 0x0
[    2.081128] Serial: 8250/16550 driver, 32 ports, IRQ sharing enabled
[    2.081181] serial8250: ttyS0 at I/O 0x3f8 (irq = 4) is a 16550A
[    2.081234] serial8250: ttyS1 at I/O 0x2f8 (irq = 3) is a 16550A
[    2.082131] 00:0a: ttyS0 at I/O 0x3f8 (irq = 4) is a 16550A
[    2.082184] 00:0b: ttyS1 at I/O 0x2f8 (irq = 3) is a 16550A
[    2.082237] brd: module loaded
[    2.082290] loop: module loaded
[    2.082342] ata_piix 0000:00:07.1: version 2.13
[    2.082426] scsi0 : ata_piix
[    2.082473] scsi1 : ata_piix
[    2.082494] ata1: PATA max UDMA/33 cmd 0x1f0 ctl 0x3f6 bmdma 0x10c0 irq 14
[    2.082496] ata2: PATA max UDMA/33 cmd 0x170 ctl 0x376 bmdma 0x10c8 irq 15
[    2.082543] PPP generic driver version 2.4.2
[    2.082563] tun: Universal TUN/TAP device driver, 1.6
[    2.082564] tun: (C) 1999-2004 Max Krasnyansky <maxk@qualcomm.com>
[    2.082617] ehci_hcd: USB 2.0 'Enhanced' Host Controller (EHCI) Driver
[    2.082670] ACPI: PCI Interrupt Link [LNKB] enabled at IRQ 11
[    2.082672] PCI: setting IRQ 11 as level-triggered
[    2.082681] ehci_hcd 0000:02:03.0: PCI INT A -> Link[LNKB] -> GSI 11 (level, low) -> IRQ 11
[    2.082722] ehci_hcd 0000:02:03.0: EHCI Host Controller
[    2.082744] ehci_hcd 0000:02:03.0: new USB bus registered, assigned bus number 1
[    2.082797] ehci_hcd 0000:02:03.0: cache line size of 32 is not supported
[    2.082813] ehci_hcd 0000:02:03.0: irq 11, io mem 0xc9000000
[    2.083123] random 0000 0000 0000 00000000 00000000: rand_read_num 3 get_random_bytes(8): sig 00000000 00000000 00000000
[    2.083125] random 0000 0000 0000 00000000 00000000: extract_entropy(.. 8 ..)
[    2.083128] random 0000 0000 0000 00000000 00000000: going to reseed nonblocking with 64 bits (64 of 0 requested)
[    2.083130] random 0000 0000 0000 00000000 00000000: extract_entropy(.. 8 ..)
[    2.083133] random 0000 0000 0000 00000000 00000000: trying to extract 64 bits from input
[    2.083135] random 0000 0000 0000 00000000 00000000: debiting 0 entropy credits from input
[    2.083137] random 0000 0000 0000 00000000 00000000: extract_entropy account returned: 0 
[    2.083139] random 0000 0000 0000 00000000 00000000: urand_change_num 5 xfer_secondary_pool(8): pool_sig 00000000, data_sig 00000000, bytes_mixed 0 00000000 00000000
[    2.083142] random 0000 0000 0000 00000000 00000000: trying to extract 64 bits from nonblocking
[    2.083145] random 0000 0000 0000 00000000 00000000: debiting 64 entropy credits from nonblocking (unlimited)
[    2.083147] random 0000 0000 0000 00000000 00000000: extract_entropy account returned: 8 
[    2.083150] random 0000 0000 0000 00000000 00000000: urand_change_num 6 extract_buf: pool_sig 00000000, data_sig fffffff9, bytes_mixed 20 00000000 00000000
[    2.094169] ehci_hcd 0000:02:03.0: USB 2.0 started, EHCI 1.00
[    2.094222] usb usb1: configuration #1 chosen from 1 choice
[    2.094244] hub 1-0:1.0: USB hub found
[    2.094250] hub 1-0:1.0: 6 ports detected
[    2.094289] ohci_hcd: USB 1.1 'Open' Host Controller (OHCI) Driver
[    2.094304] uhci_hcd: USB Universal Host Controller Interface driver
[    2.094356] ACPI: PCI Interrupt Link [LNKC] enabled at IRQ 10
[    2.094359] PCI: setting IRQ 10 as level-triggered
[    2.094364] uhci_hcd 0000:02:00.0: PCI INT A -> Link[LNKC] -> GSI 10 (level, low) -> IRQ 10
[    2.094399] uhci_hcd 0000:02:00.0: UHCI Host Controller
[    2.094433] uhci_hcd 0000:02:00.0: new USB bus registered, assigned bus number 2
[    2.094539] uhci_hcd 0000:02:00.0: irq 10, io base 0x000020c0
[    2.094592] usb usb2: configuration #1 chosen from 1 choice
[    2.094609] hub 2-0:1.0: USB hub found
[    2.094613] hub 2-0:1.0: 2 ports detected
[    2.094666] usbcore: registered new interface driver libusual
[    2.094696] PNP: PS/2 Controller [PNP0303:KBC,PNP0f13:MOUS] at 0x60,0x64 irq 1,12
[    2.095029] serio: i8042 KBD port at 0x60,0x64 irq 1
[    2.095037] serio: i8042 AUX port at 0x60,0x64 irq 12
[    2.095074] mice: PS/2 mouse device common for all mice
[    2.095127] rtc_cmos 00:04: rtc core: registered rtc_cmos as rtc0
[    2.095143] rtc0: alarms up to one month, y3k, 114 bytes nvram, hpet irqs
[    2.095196] device-mapper: uevent: version 1.0.3
[    2.095324] device-mapper: ioctl: 4.15.0-ioctl (2009-04-01) initialised: dm-devel@redhat.com
[    2.095342] EISA: Probing bus 0 at eisa.0
[    2.095350] Cannot allocate resource for EISA slot 1
[    2.095352] Cannot allocate resource for EISA slot 2
[    2.095353] Cannot allocate resource for EISA slot 3
[    2.095355] Cannot allocate resource for EISA slot 4
[    2.095357] Cannot allocate resource for EISA slot 5
[    2.095359] Cannot allocate resource for EISA slot 6
[    2.095361] Cannot allocate resource for EISA slot 7
[    2.095363] Cannot allocate resource for EISA slot 8
[    2.095365] EISA: Detected 0 cards.
[    2.095411] cpuidle: using governor ladder
[    2.095412] cpuidle: using governor menu
[    2.095465] random 0000 0000 0000 00000000 00000000: rand_read_num 4 get_random_bytes(136): sig 0000021d 00000000 00000000
[    2.095468] random 0000 0000 0000 00000000 00000000: extract_entropy(.. 136 ..)
[    2.095471] random 0000 0000 0000 00000000 00000000: going to reseed nonblocking with 1024 bits (1088 of 0 requested)
[    2.095473] random 0000 0000 0000 00000000 00000000: extract_entropy(.. 128 ..)
[    2.095476] random 0000 0000 0000 00000000 00000000: trying to extract 1024 bits from input
[    2.095478] random 0000 0000 0000 00000000 00000000: debiting 0 entropy credits from input
[    2.095480] random 0000 0000 0000 00000000 00000000: extract_entropy account returned: 0 
[    2.095483] random 0000 0000 0000 00000000 00000000: urand_change_num 7 xfer_secondary_pool(136): pool_sig 0000021d, data_sig 00000000, bytes_mixed 0 00000000 00000000
[    2.095486] random 0000 0000 0000 00000000 00000000: trying to extract 1088 bits from nonblocking
[    2.095488] random 0000 0000 0000 00000000 00000000: debiting 1088 entropy credits from nonblocking (unlimited)
[    2.095491] random 0000 0000 0000 00000000 00000000: extract_entropy account returned: 136 
[    2.095494] random 0000 0000 0000 00000000 00000000: urand_change_num 8 extract_buf: pool_sig 0000021d, data_sig fffffff7, bytes_mixed 20 00000000 00000000
[    2.095499] random 0000 0000 0000 f961ee50 ba9cb1aa: urand_change_num 9 extract_buf: pool_sig 00000230, data_sig fffffeb4, bytes_mixed 20 f961ee50 ba9cb1aa
[    2.095504] random 0000 0000 0000 9748bdd6 56fb8af6: urand_change_num 10 extract_buf: pool_sig 00000373, data_sig 000000cf, bytes_mixed 20 9748bdd6 56fb8af6
[    2.095508] random 0000 0000 0000 9748bdd6 56fb8af6: urand_change_num 11 extract_buf: pool_sig fffffe49, data_sig 0000023f, bytes_mixed 20 9748bdd6 56fb8af6
[    2.095513] random 0000 0000 0000 a135be86 4777650e: urand_change_num 12 extract_buf: pool_sig fffffcce, data_sig 000000c6, bytes_mixed 20 a135be86 4777650e
[    2.095517] random 0000 0000 0000 4a6ea85d 170e00dd: urand_change_num 13 extract_buf: pool_sig ffffff97, data_sig ffffff7d, bytes_mixed 20 4a6ea85d 170e00dd
[    2.095522] random 0000 0000 0000 4a6ea85d 170e00dd: urand_change_num 14 extract_buf: pool_sig 00000160, data_sig fffffeea, bytes_mixed 20 4a6ea85d 170e00dd
[    2.095526] random 0000 0000 0000 6e87c3cb da668c73: urand_change_num 15 extract_buf: pool_sig 0000034f, data_sig ffffff54, bytes_mixed 20 6e87c3cb da668c73
[    2.095530] random 0000 0000 0000 6e87c3cb da668c73: urand_change_num 16 extract_buf: pool_sig fffffdc5, data_sig 00000205, bytes_mixed 20 6e87c3cb da668c73
[    2.095535] random 0000 0000 0000 39f531e6 461eb249: urand_change_num 17 extract_buf: pool_sig fffffc1d, data_sig ffffff5e, bytes_mixed 20 39f531e6 461eb249
[    2.095539] random 0000 0000 0000 7e1538a2 3e661182: urand_change_num 18 extract_buf: pool_sig 000006ef, data_sig ffffff2e, bytes_mixed 20 7e1538a2 3e661182
[    2.095544] random 0000 0000 0000 7e1538a2 3e661182: urand_change_num 19 extract_buf: pool_sig 00000317, data_sig fffffccb, bytes_mixed 20 7e1538a2 3e661182
[    2.095548] random 0000 0000 0000 76af506b 9b57305e: urand_change_num 20 extract_buf: pool_sig 00000227, data_sig ffffffd2, bytes_mixed 20 76af506b 9b57305e
[    2.095553] random 0000 0000 0000 37d49d89 e20417cc: urand_change_num 21 extract_buf: pool_sig 0000080b, data_sig 000001e9, bytes_mixed 20 37d49d89 e20417cc
[    2.095557] TCP cubic registered
[    2.095610] NET: Registered protocol family 10
[    2.095645] RANDOM - __random32 called. Change num 12.  Value: b0a9fbe7	b7a35a2b	c9ef2c48
[    2.095647] RANDOM - random32 called.  Value: b0a9fbe7	b7a35a2b	c9ef2c48
[    2.095656] random 0000 0000 0000 37d49d89 e20417cc: rand_read_num 5 get_random_bytes(4): sig 00000298 37d49d89 e20417cc
[    2.095658] random 0000 0000 0000 37d49d89 e20417cc: extract_entropy(.. 4 ..)
[    2.095660] random 0000 0000 0000 37d49d89 e20417cc: going to reseed nonblocking with 64 bits (32 of 0 requested)
[    2.095663] random 0000 0000 0000 37d49d89 e20417cc: extract_entropy(.. 8 ..)
[    2.095665] random 0000 0000 0000 37d49d89 e20417cc: trying to extract 64 bits from input
[    2.095667] random 0000 0000 0000 37d49d89 e20417cc: debiting 0 entropy credits from input
[    2.095669] random 0000 0000 0000 37d49d89 e20417cc: extract_entropy account returned: 0 
[    2.095672] random 0000 0000 0000 37d49d89 e20417cc: urand_change_num 22 xfer_secondary_pool(4): pool_sig 00000298, data_sig 00000000, bytes_mixed 0 37d49d89 e20417cc
[    2.095675] random 0000 0000 0000 37d49d89 e20417cc: trying to extract 32 bits from nonblocking
[    2.095677] random 0000 0000 0000 37d49d89 e20417cc: debiting 32 entropy credits from nonblocking (unlimited)
[    2.095679] random 0000 0000 0000 37d49d89 e20417cc: extract_entropy account returned: 4 
[    2.095683] random 0000 0000 0000 37d49d89 e20417cc: urand_change_num 23 extract_buf: pool_sig 00000298, data_sig 00000092, bytes_mixed 20 37d49d89 e20417cc
[    2.095736] RANDOM - __random32 called. Change num 13.  Value: 9fbe71fa	7a35a2b4	5890d2c9
[    2.095738] RANDOM - random32 called.  Value: 9fbe71fa	7a35a2b4	5890d2c9
[    2.095791] NET: Registered protocol family 17
[    2.095813] Using IPI No-Shortcut mode
[    2.095819] random 0000 0000 0000 2ee4c4fc 167bdb15: rand_read_num 6 get_random_bytes(8): sig fffffcbf 2ee4c4fc 167bdb15
[    2.095862] random 0000 0000 0000 2ee4c4fc 167bdb15: extract_entropy(.. 8 ..)
[    2.095864] random 0000 0000 0000 2ee4c4fc 167bdb15: going to reseed nonblocking with 64 bits (64 of 0 requested)
[    2.095867] random 0000 0000 0000 2ee4c4fc 167bdb15: extract_entropy(.. 8 ..)
[    2.095869] random 0000 0000 0000 2ee4c4fc 167bdb15: trying to extract 64 bits from input
[    2.095871] random 0000 0000 0000 2ee4c4fc 167bdb15: debiting 0 entropy credits from input
[    2.095873] random 0000 0000 0000 2ee4c4fc 167bdb15: extract_entropy account returned: 0 
[    2.095876] random 0000 0000 0000 2ee4c4fc 167bdb15: urand_change_num 24 xfer_secondary_pool(8): pool_sig fffffcbf, data_sig 00000000, bytes_mixed 0 2ee4c4fc 167bdb15
[    2.095879] random 0000 0000 0000 2ee4c4fc 167bdb15: trying to extract 64 bits from nonblocking
[    2.095881] random 0000 0000 0000 2ee4c4fc 167bdb15: debiting 64 entropy credits from nonblocking (unlimited)
[    2.095883] random 0000 0000 0000 2ee4c4fc 167bdb15: extract_entropy account returned: 8 
[    2.095887] random 0000 0000 0000 2ee4c4fc 167bdb15: urand_change_num 25 extract_buf: pool_sig fffffcbf, data_sig ffffff83, bytes_mixed 20 2ee4c4fc 167bdb15
[    2.095930] PM: Resume from disk failed.
[    2.095938] registered taskstats version 1
[    2.095941] random 0000 0000 0000 2ee4c4fc 167bdb15: rand_read_num 7 get_random_bytes(12): sig fffffc69 2ee4c4fc 167bdb15
[    2.095943] random 0000 0000 0000 2ee4c4fc 167bdb15: extract_entropy(.. 12 ..)
[    2.095945] random 0000 0000 0000 2ee4c4fc 167bdb15: going to reseed nonblocking with 96 bits (96 of 0 requested)
[    2.095947] random 0000 0000 0000 2ee4c4fc 167bdb15: extract_entropy(.. 12 ..)
[    2.095950] random 0000 0000 0000 2ee4c4fc 167bdb15: trying to extract 96 bits from input
[    2.095952] random 0000 0000 0000 2ee4c4fc 167bdb15: debiting 0 entropy credits from input
[    2.095954] random 0000 0000 0000 2ee4c4fc 167bdb15: extract_entropy account returned: 0 
[    2.095957] random 0000 0000 0000 2ee4c4fc 167bdb15: urand_change_num 26 xfer_secondary_pool(12): pool_sig fffffc69, data_sig 00000000, bytes_mixed 0 2ee4c4fc 167bdb15
[    2.095959] random 0000 0000 0000 2ee4c4fc 167bdb15: trying to extract 96 bits from nonblocking
[    2.095962] random 0000 0000 0000 2ee4c4fc 167bdb15: debiting 96 entropy credits from nonblocking (unlimited)
[    2.095964] random 0000 0000 0000 2ee4c4fc 167bdb15: extract_entropy account returned: 12 
[    2.095967] random 0000 0000 0000 2ee4c4fc 167bdb15: urand_change_num 27 extract_buf: pool_sig fffffc69, data_sig ffffff7d, bytes_mixed 20 2ee4c4fc 167bdb15
[    2.095972] random 0000 0000 0000 83b7c1ab 94697f48: urand_change_num 28 extract_buf: pool_sig fffffe30, data_sig fffffdd6, bytes_mixed 20 83b7c1ab 94697f48
[    2.095975] RANDOM - __seed init called.
[    2.095976] RANDOM - __seed init called.
[    2.095977] RANDOM - __seed init called.
[    2.095979] RANDOM - __random32 called. Change num 14.  Value: fc007995	feca4f80	21b38ad2
[    2.095981] RANDOM - random32_reseed called.  Value: fc007995	feca4f80	21b38ad2
[    2.095983] Pid: 1, comm: swapper Not tainted 2.6.32.57 #4
[    2.095985] Call Trace:
[    2.095991]  [<c14a8a0e>] ? printk+0x1d/0x1f
[    2.095996]  [<c17537e5>] random32_reseed+0x89/0xbd
[    2.096000]  [<c1003042>] do_one_initcall+0x32/0x1a0
[    2.096003]  [<c175375c>] ? random32_reseed+0x0/0xbd
[    2.096006]  [<c17308e7>] kernel_init+0x12d/0x17a
[    2.096008]  [<c17307ba>] ? kernel_init+0x0/0x17a
[    2.096012]  [<c1009b07>] kernel_thread_helper+0x7/0x10
[    2.098637] input: AT Translated Set 2 keyboard as /devices/platform/i8042/serio0/input/input1
[    2.098919] random 0000 0000 0000 6db70b00 b30ce96b: rand_read_num 8 get_random_bytes(64): sig fffffb38 6db70b00 b30ce96b
[    2.098922] random 0000 0000 0000 6db70b00 b30ce96b: extract_entropy(.. 64 ..)
[    2.098925] random 0000 0000 0000 6db70b00 b30ce96b: going to reseed nonblocking with 512 bits (512 of 0 requested)
[    2.098927] random 0000 0000 0000 6db70b00 b30ce96b: extract_entropy(.. 64 ..)
[    2.098930] random 0000 0000 0000 6db70b00 b30ce96b: trying to extract 512 bits from input
[    2.098932] random 0000 0000 0000 6db70b00 b30ce96b: debiting 0 entropy credits from input
[    2.098934] random 0000 0000 0000 6db70b00 b30ce96b: extract_entropy account returned: 0 
[    2.098937] random 0000 0000 0000 6db70b00 b30ce96b: urand_change_num 29 xfer_secondary_pool(64): pool_sig fffffb38, data_sig 00000000, bytes_mixed 0 6db70b00 b30ce96b
[    2.098940] random 0000 0000 0000 6db70b00 b30ce96b: trying to extract 512 bits from nonblocking
[    2.098942] random 0000 0000 0000 6db70b00 b30ce96b: debiting 512 entropy credits from nonblocking (unlimited)
[    2.098944] random 0000 0000 0000 6db70b00 b30ce96b: extract_entropy account returned: 64 
[    2.098948] random 0000 0000 0000 6db70b00 b30ce96b: urand_change_num 30 extract_buf: pool_sig fffffb38, data_sig 00000151, bytes_mixed 20 6db70b00 b30ce96b
[    2.098952] random 0000 0000 0000 6db70b00 b30ce96b: urand_change_num 31 extract_buf: pool_sig fffffdb8, data_sig 00000379, bytes_mixed 20 6db70b00 b30ce96b
[    2.098956] random 0000 0000 0000 6b83001e d4b6c0d3: urand_change_num 32 extract_buf: pool_sig ffffffc9, data_sig 00000198, bytes_mixed 20 6b83001e d4b6c0d3
[    2.098960] random 0000 0000 0000 79d3e3c7 be564518: urand_change_num 33 extract_buf: pool_sig 000002b9, data_sig ffffff84, bytes_mixed 20 79d3e3c7 be564518
[    2.098965] random 0000 0000 0000 79d3e3c7 be564518: urand_change_num 34 extract_buf: pool_sig ffffff55, data_sig ffffff5a, bytes_mixed 20 79d3e3c7 be564518
[    2.098969] random 0000 0000 0000 89c03cb2 0d353228: urand_change_num 35 extract_buf: pool_sig 00000007, data_sig ffffff17, bytes_mixed 20 89c03cb2 0d353228
[    2.098973] random 0000 0000 0000 89c03cb2 0d353228: urand_change_num 36 extract_buf: pool_sig fffffdae, data_sig 000000db, bytes_mixed 20 89c03cb2 0d353228  Magic number: 13:130:960
[    2.099072] rtc_cmos 00:04: setting system clock to 2013-05-24 23:56:17 UTC (1369439777)
[    2.099074] BIOS EDD facility v0.16 2004-Jun-25, 0 devices found
[    2.099076] EDD information not available.
[    2.099100] random 0000 0000 0000 8ca62387 b120332c: rand_read_num 9 get_random_bytes(64): sig fffffed6 8ca62387 b120332c
[    2.099102] random 0000 0000 0000 8ca62387 b120332c: extract_entropy(.. 64 ..)
[    2.099104] random 0000 0000 0000 8ca62387 b120332c: going to reseed nonblocking with 512 bits (512 of 0 requested)
[    2.099106] random 0000 0000 0000 8ca62387 b120332c: extract_entropy(.. 64 ..)
[    2.099108] random 0000 0000 0000 8ca62387 b120332c: trying to extract 512 bits from input
[    2.099110] random 0000 0000 0000 8ca62387 b120332c: debiting 0 entropy credits from input
[    2.099112] random 0000 0000 0000 8ca62387 b120332c: extract_entropy account returned: 0 
[    2.099115] random 0000 0000 0000 8ca62387 b120332c: urand_change_num 37 xfer_secondary_pool(64): pool_sig fffffed6, data_sig 00000000, bytes_mixed 0 8ca62387 b120332c
[    2.099118] random 0000 0000 0000 8ca62387 b120332c: trying to extract 512 bits from nonblocking
[    2.099120] random 0000 0000 0000 8ca62387 b120332c: debiting 512 entropy credits from nonblocking (unlimited)
[    2.099122] random 0000 0000 0000 8ca62387 b120332c: extract_entropy account returned: 64 
[    2.099125] random 0000 0000 0000 8ca62387 b120332c: urand_change_num 38 extract_buf: pool_sig fffffed6, data_sig fffffeb6, bytes_mixed 20 8ca62387 b120332c
[    2.099129] random 0000 0000 0000 90702413 e2a66c2e: urand_change_num 39 extract_buf: pool_sig fffffbb0, data_sig 0000012e, bytes_mixed 20 90702413 e2a66c2e
[    2.099134] random 0000 0000 0000 90702413 e2a66c2e: urand_change_num 40 extract_buf: pool_sig fffffaf1, data_sig ffffff3c, bytes_mixed 20 90702413 e2a66c2e
[    2.099138] random 0000 0000 0000 3f58038b c77aecb6: urand_change_num 41 extract_buf: pool_sig 00000234, data_sig fffffdec, bytes_mixed 20 3f58038b c77aecb6
[    2.099142] random 0000 0000 0000 47187b9d 03f21510: urand_change_num 42 extract_buf: pool_sig 00000192, data_sig 00000075, bytes_mixed 20 47187b9d 03f21510
[    2.099146] random 0000 0000 0000 47187b9d 03f21510: urand_change_num 43 extract_buf: pool_sig 0000018e, data_sig ffffffbf, bytes_mixed 20 47187b9d 03f21510
[    2.099150] random 0000 0000 0000 3180b1fc 0fa9c973: urand_change_num 44 extract_buf: pool_sig fffffecf, data_sig ffffff2a, bytes_mixed 20 3180b1fc 0fa9c973
[    2.099153] BEGIN NET_SECRET:
[    2.099154] \xffffff87
[    2.099155] \xffffff8d
[    2.099156] \xfffffff4
[    2.099157] \xffffffae
[    2.099158] \xffffffc3
[    2.099160] \xffffffb7
[    2.099161] \x31
[    2.099162] \x65
[    2.099163] \xffffffda
[    2.099164] \xffffffa2
[    2.099165] \x31
[    2.099166] \xffffffc8
[    2.099167] \xffffffa9
[    2.099168] \x76
[    2.099169] \x76
[    2.099170] \xffffff90
[    2.099171] \x55
[    2.099172] \xfffffff3
[    2.099173] \xffffffb1
[    2.099175] \x3
[    2.099176] \xffffffb3
[    2.099177] \xffffffa7
[    2.099178] \x5a
[    2.099179] \x71
[    2.099180] \x70
[    2.099181] \xffffff8c
[    2.099182] \x56
[    2.099183] \x25
[    2.099184] \xffffffe1
[    2.099185] \x4c
[    2.099186] \xffffffe6
[    2.099187] \xffffff95
[    2.099188] \x67
[    2.099189] \x4c
[    2.099190] \xffffffb9
[    2.099192] \x1d
[    2.099193] \xe
[    2.099194] \x34
[    2.099195] \xffffffbe
[    2.099196] \x12
[    2.099197] \x5
[    2.099198] \xffffff98
[    2.099199] \xffffffa0
[    2.099200] \xf
[    2.099201] \xffffffb2
[    2.099202] \xffffffde
[    2.099203] \xffffff99
[    2.099213] \xf
[    2.099214] \xffffffe8
[    2.099215] \xffffffc8
[    2.099216] \x1f
[    2.099218] \x54
[    2.099219] \x2c
[    2.099229] \xffffffee
[    2.099230] \x2e
[    2.099231] \x0
[    2.099232] \xffffff95
[    2.099233] \x0
[    2.099234] \xffffffe3
[    2.099235] \xffffffa7
[    2.099237] \xfffffffd
[    2.099238] \x66
[    2.099239] \xffffff92
[    2.099240] \xfffffff0
[    2.099241] 
[    2.099242] END NET_SECRET
[    2.099245] random 0000 0000 0000 3180b1fc 0fa9c973: rand_read_num 10 get_random_bytes(4): sig ffffff46 3180b1fc 0fa9c973
[    2.099248] random 0000 0000 0000 3180b1fc 0fa9c973: extract_entropy(.. 4 ..)
[    2.099250] random 0000 0000 0000 3180b1fc 0fa9c973: going to reseed nonblocking with 64 bits (32 of 0 requested)
[    2.099252] random 0000 0000 0000 3180b1fc 0fa9c973: extract_entropy(.. 8 ..)
[    2.099254] random 0000 0000 0000 3180b1fc 0fa9c973: trying to extract 64 bits from input
[    2.099257] random 0000 0000 0000 3180b1fc 0fa9c973: debiting 0 entropy credits from input
[    2.099259] random 0000 0000 0000 3180b1fc 0fa9c973: extract_entropy account returned: 0 
[    2.099262] random 0000 0000 0000 3180b1fc 0fa9c973: urand_change_num 45 xfer_secondary_pool(4): pool_sig ffffff46, data_sig 00000000, bytes_mixed 0 3180b1fc 0fa9c973
[    2.099264] random 0000 0000 0000 3180b1fc 0fa9c973: trying to extract 32 bits from nonblocking
[    2.099267] random 0000 0000 0000 3180b1fc 0fa9c973: debiting 32 entropy credits from nonblocking (unlimited)
[    2.099269] random 0000 0000 0000 3180b1fc 0fa9c973: extract_entropy account returned: 4 
[    2.099272] random 0000 0000 0000 3180b1fc 0fa9c973: urand_change_num 46 extract_buf: pool_sig ffffff46, data_sig 0000001b, bytes_mixed 20 3180b1fc 0fa9c973
[    2.272879] ata2.00: ATAPI: VMware Virtual IDE CDROM Drive, 00000001, max UDMA/33
[    2.273164] ata2.00: configured for UDMA/33
[    2.273541] scsi 1:0:0:0: CD-ROM            NECVMWar VMware IDE CDR10 1.00 PQ: 0 ANSI: 5
[    2.274800] sr0: scsi3-mmc drive: 306x/306x cd/rw xa/form2 cdda tray
[    2.274803] Uniform CD-ROM driver Revision: 3.20
[    2.274856] sr 1:0:0:0: Attached scsi CD-ROM sr0
[    2.274892] sr 1:0:0:0: Attached scsi generic sg0 type 5
[    2.274926] Freeing unused kernel memory: 652k freed
[    2.274979] Write protecting the kernel text: 4840k
[    2.275011] Write protecting the kernel read-only data: 1968k
[    2.275098] random 0000 0000 0000 38974d2b 1d8d6de0: rand_read_num 11 get_random_bytes(16): sig 000001c6 38974d2b 1d8d6de0
