[    0.000000] random 0000 0000 0000 00000000 00000000: rand_read_num 1 get_random_bytes(8): sig 00000000 00000000 00000000
[    0.000000] random 0000 0000 0000 00000000 00000000: extract_entropy(.. 8 ..)
[    0.000000] random 0000 0000 0000 00000000 00000000: going to reseed nonblocking with 64 bits (64 of 0 requested)
[    0.000000] random 0000 0000 0000 00000000 00000000: extract_entropy(.. 8 ..)
[    0.000000] random 0000 0000 0000 00000000 00000000: trying to extract 64 bits from input
[    0.000000] random 0000 0000 0000 00000000 00000000: debiting 0 entropy credits from input
[    0.000000] random 0000 0000 0000 00000000 00000000: extract_entropy account returned: 0 
[    0.000000] random 0000 0000 0000 00000000 00000000: urand_change_num 1 xfer_secondary_pool(8): pool_sig 00000000, data_sig 00000000, bytes_mixed 0 00000000 00000000
[    0.000000] random 0000 0000 0000 00000000 00000000: trying to extract 64 bits from nonblocking
[    0.000000] random 0000 0000 0000 00000000 00000000: debiting 64 entropy credits from nonblocking (unlimited)
[    0.000000] random 0000 0000 0000 00000000 00000000: extract_entropy account returned: 8 
[    0.000000] random 0000 0000 0000 00000000 00000000: urand_change_num 2 extract_buf: pool_sig 00000000, data_sig fffffff9, bytes_mixed 20 00000000 00000000
[    0.000000] Initializing cgroup subsys cpuset
[    0.000000] Initializing cgroup subsys cpu
[    0.000000] Linux version 2.6.32.57 (dcashman@ubuntu) (gcc version 4.6.3 (Ubuntu/Linaro 4.6.3-1ubuntu5) ) #4 SMP Fri May 24 11:09:26 PDT 2013
[    0.000000] KERNEL supported cpus:
[    0.000000]   Intel GenuineIntel
[    0.000000]   AMD AuthenticAMD
[    0.000000]   NSC Geode by NSC
[    0.000000]   Cyrix CyrixInstead
[    0.000000]   Centaur CentaurHauls
[    0.000000]   Transmeta GenuineTMx86
[    0.000000]   Transmeta TransmetaCPU
[    0.000000]   UMC UMC UMC UMC
[    0.000000] BIOS-provided physical RAM map:
[    0.000000]  BIOS-e820: 0000000000000000 - 000000000009f000 (usable)
[    0.000000]  BIOS-e820: 000000000009f000 - 00000000000a0000 (reserved)
[    0.000000]  BIOS-e820: 00000000000ca000 - 00000000000cc000 (reserved)
[    0.000000]  BIOS-e820: 00000000000dc000 - 0000000000100000 (reserved)
[    0.000000]  BIOS-e820: 0000000000100000 - 000000003fee0000 (usable)
[    0.000000]  BIOS-e820: 000000003fee0000 - 000000003feff000 (ACPI data)
[    0.000000]  BIOS-e820: 000000003feff000 - 000000003ff00000 (ACPI NVS)
[    0.000000]  BIOS-e820: 000000003ff00000 - 0000000040000000 (usable)
[    0.000000]  BIOS-e820: 00000000e0000000 - 00000000f0000000 (reserved)
[    0.000000]  BIOS-e820: 00000000fec00000 - 00000000fec10000 (reserved)
[    0.000000]  BIOS-e820: 00000000fee00000 - 00000000fee01000 (reserved)
[    0.000000]  BIOS-e820: 00000000fffe0000 - 0000000100000000 (reserved)
[    0.000000] DMI present.
[    0.000000] Phoenix BIOS detected: BIOS may corrupt low RAM, working around it.
[    0.000000] e820 update range: 0000000000000000 - 0000000000010000 (usable) ==> (reserved)
[    0.000000] last_pfn = 0x40000 max_arch_pfn = 0x1000000
[    0.000000] MTRR default type: uncachable
[    0.000000] MTRR fixed ranges enabled:
[    0.000000]   00000-9FFFF write-back
[    0.000000]   A0000-BFFFF uncachable
[    0.000000]   C0000-CBFFF write-protect
[    0.000000]   CC000-EFFFF uncachable
[    0.000000]   F0000-FFFFF write-protect
[    0.000000] MTRR variable ranges enabled:
[    0.000000]   0 base 0000000000 mask FFC0000000 write-back
[    0.000000]   1 disabled
[    0.000000]   2 disabled
[    0.000000]   3 disabled
[    0.000000]   4 disabled
[    0.000000]   5 disabled
[    0.000000]   6 disabled
[    0.000000]   7 disabled
[    0.000000] x86 PAT enabled: cpu 0, old 0x0, new 0x7010600070106
[    0.000000] Scanning 0 areas for low memory corruption
[    0.000000] modified physical RAM map:
[    0.000000]  modified: 0000000000000000 - 0000000000010000 (reserved)
[    0.000000]  modified: 0000000000010000 - 000000000009f000 (usable)
[    0.000000]  modified: 000000000009f000 - 00000000000a0000 (reserved)
[    0.000000]  modified: 00000000000ca000 - 00000000000cc000 (reserved)
[    0.000000]  modified: 00000000000dc000 - 0000000000100000 (reserved)
[    0.000000]  modified: 0000000000100000 - 000000003fee0000 (usable)
[    0.000000]  modified: 000000003fee0000 - 000000003feff000 (ACPI data)
[    0.000000]  modified: 000000003feff000 - 000000003ff00000 (ACPI NVS)
[    0.000000]  modified: 000000003ff00000 - 0000000040000000 (usable)
[    0.000000]  modified: 00000000e0000000 - 00000000f0000000 (reserved)
[    0.000000]  modified: 00000000fec00000 - 00000000fec10000 (reserved)
[    0.000000]  modified: 00000000fee00000 - 00000000fee01000 (reserved)
[    0.000000]  modified: 00000000fffe0000 - 0000000100000000 (reserved)
[    0.000000] initial memory mapped : 0 - 01e00000
[    0.000000] init_memory_mapping: 0000000000000000-00000000379fe000
[    0.000000] NX (Execute Disable) protection: active
[    0.000000]  0000000000 - 0000200000 page 4k
[    0.000000]  0000200000 - 0037800000 page 2M
[    0.000000]  0037800000 - 00379fe000 page 4k
[    0.000000] kernel direct mapping tables up to 379fe000 @ 10000-16000
[    0.000000] RAMDISK: 2dcfc000 - 32e758c3
[    0.000000] ACPI: RSDP 000f6b80 00024 (v02 PTLTD )
[    0.000000] ACPI: XSDT 3feed636 0005C (v01 INTEL  440BX    06040000 VMW  01324272)
[    0.000000] ACPI: FACP 3fefee98 000F4 (v04 INTEL  440BX    06040000 PTL  000F4240)
[    0.000000] ACPI: DSDT 3feee366 10B32 (v01 PTLTD  Custom   06040000 MSFT 03000001)
[    0.000000] ACPI: FACS 3fefffc0 00040
[    0.000000] ACPI: BOOT 3feee33e 00028 (v01 PTLTD  $SBFTBL$ 06040000  LTP 00000001)
[    0.000000] ACPI: APIC 3feedc3e 003C2 (v01 PTLTD  ? APIC   06040000  LTP 00000000)
[    0.000000] ACPI: MCFG 3feedc02 0003C (v01 PTLTD  $PCITBL$ 06040000  LTP 00000001)
[    0.000000] ACPI: SRAT 3feed732 004D0 (v02 VMWARE MEMPLUG  06040000 VMW  00000001)
[    0.000000] ACPI: HPET 3feed6fa 00038 (v01 VMWARE VMW HPET 06040000 VMW  00000001)
[    0.000000] ACPI: WAET 3feed6d2 00028 (v01 VMWARE VMW WAET 06040000 VMW  00000001)
[    0.000000] ACPI: Local APIC address 0xfee00000
[    0.000000] 134MB HIGHMEM available.
[    0.000000] 889MB LOWMEM available.
[    0.000000]   mapped low ram: 0 - 379fe000
[    0.000000]   low ram: 0 - 379fe000
[    0.000000]   node 0 low ram: 00000000 - 379fe000
[    0.000000]   node 0 bootmap 00012000 - 00018f40
[    0.000000] (9 early reservations) ==> bootmem [0000000000 - 00379fe000]
[    0.000000]   #0 [0000000000 - 0000001000]   BIOS data page ==> [0000000000 - 0000001000]
[    0.000000]   #1 [0000001000 - 0000002000]    EX TRAMPOLINE ==> [0000001000 - 0000002000]
[    0.000000]   #2 [0000006000 - 0000007000]       TRAMPOLINE ==> [0000006000 - 0000007000]
[    0.000000]   #3 [0001000000 - 0001a75ff8]    TEXT DATA BSS ==> [0001000000 - 0001a75ff8]
[    0.000000]   #4 [002dcfc000 - 0032e758c3]          RAMDISK ==> [002dcfc000 - 0032e758c3]
[    0.000000]   #5 [000009f000 - 0000100000]    BIOS reserved ==> [000009f000 - 0000100000]
[    0.000000]   #6 [0001a76000 - 0001a851c0]              BRK ==> [0001a76000 - 0001a851c0]
[    0.000000]   #7 [0000010000 - 0000012000]          PGTABLE ==> [0000010000 - 0000012000]
[    0.000000]   #8 [0000012000 - 0000019000]          BOOTMAP ==> [0000012000 - 0000019000]
[    0.000000] found SMP MP-table at [c00f6bf0] f6bf0
[    0.000000] Zone PFN ranges:
[    0.000000]   DMA      0x00000010 -> 0x00001000
[    0.000000]   Normal   0x00001000 -> 0x000379fe
[    0.000000]   HighMem  0x000379fe -> 0x00040000
[    0.000000] Movable zone start PFN for each node
[    0.000000] early_node_map[3] active PFN ranges
[    0.000000]     0: 0x00000010 -> 0x0000009f
[    0.000000]     0: 0x00000100 -> 0x0003fee0
[    0.000000]     0: 0x0003ff00 -> 0x00040000
[    0.000000] On node 0 totalpages: 261999
[    0.000000] free_area_init_node: node 0, pgdat c1715200, node_mem_map c1a87200
[    0.000000]   DMA zone: 32 pages used for memmap
[    0.000000]   DMA zone: 0 pages reserved
[    0.000000]   DMA zone: 3951 pages, LIFO batch:0
[    0.000000]   Normal zone: 1748 pages used for memmap
[    0.000000]   Normal zone: 221994 pages, LIFO batch:31
[    0.000000]   HighMem zone: 269 pages used for memmap
[    0.000000]   HighMem zone: 34005 pages, LIFO batch:7
[    0.000000] Using APIC driver default
[    0.000000] ACPI: PM-Timer IO Port: 0x1008
[    0.000000] ACPI: Local APIC address 0xfee00000
[    0.000000] ACPI: LAPIC (acpi_id[0x00] lapic_id[0x00] enabled)
[    0.000000] ACPI: LAPIC (acpi_id[0x01] lapic_id[0x02] disabled)
[    0.000000] ACPI: LAPIC (acpi_id[0x02] lapic_id[0x04] disabled)
[    0.000000] ACPI: LAPIC (acpi_id[0x03] lapic_id[0x06] disabled)
[    0.000000] ACPI: LAPIC (acpi_id[0x04] lapic_id[0x08] disabled)
[    0.000000] ACPI: LAPIC (acpi_id[0x05] lapic_id[0x0a] disabled)
[    0.000000] ACPI: LAPIC (acpi_id[0x06] lapic_id[0x0c] disabled)
[    0.000000] ACPI: LAPIC (acpi_id[0x07] lapic_id[0x0e] disabled)
[    0.000000] ACPI: LAPIC (acpi_id[0x08] lapic_id[0x10] disabled)
[    0.000000] ACPI: LAPIC (acpi_id[0x09] lapic_id[0x12] disabled)
[    0.000000] ACPI: LAPIC (acpi_id[0x0a] lapic_id[0x14] disabled)
[    0.000000] ACPI: LAPIC (acpi_id[0x0b] lapic_id[0x16] disabled)
[    0.000000] ACPI: LAPIC (acpi_id[0x0c] lapic_id[0x18] disabled)
[    0.000000] ACPI: LAPIC (acpi_id[0x0d] lapic_id[0x1a] disabled)
[    0.000000] ACPI: LAPIC (acpi_id[0x0e] lapic_id[0x1c] disabled)
[    0.000000] ACPI: LAPIC (acpi_id[0x0f] lapic_id[0x1e] disabled)
[    0.000000] ACPI: LAPIC (acpi_id[0x10] lapic_id[0x20] disabled)
[    0.000000] ACPI: LAPIC (acpi_id[0x11] lapic_id[0x22] disabled)
[    0.000000] ACPI: LAPIC (acpi_id[0x12] lapic_id[0x24] disabled)
[    0.000000] ACPI: LAPIC (acpi_id[0x13] lapic_id[0x26] disabled)
[    0.000000] ACPI: LAPIC (acpi_id[0x14] lapic_id[0x28] disabled)
[    0.000000] ACPI: LAPIC (acpi_id[0x15] lapic_id[0x2a] disabled)
[    0.000000] ACPI: LAPIC (acpi_id[0x16] lapic_id[0x2c] disabled)
[    0.000000] ACPI: LAPIC (acpi_id[0x17] lapic_id[0x2e] disabled)
[    0.000000] ACPI: LAPIC (acpi_id[0x18] lapic_id[0x30] disabled)
[    0.000000] ACPI: LAPIC (acpi_id[0x19] lapic_id[0x32] disabled)
[    0.000000] ACPI: LAPIC (acpi_id[0x1a] lapic_id[0x34] disabled)
[    0.000000] ACPI: LAPIC (acpi_id[0x1b] lapic_id[0x36] disabled)
[    0.000000] ACPI: LAPIC (acpi_id[0x1c] lapic_id[0x38] disabled)
[    0.000000] ACPI: LAPIC (acpi_id[0x1d] lapic_id[0x3a] disabled)
[    0.000000] ACPI: LAPIC (acpi_id[0x1e] lapic_id[0x3c] disabled)
[    0.000000] ACPI: LAPIC (acpi_id[0x1f] lapic_id[0x3e] disabled)
[    0.000000] ACPI: LAPIC (acpi_id[0x20] lapic_id[0x40] disabled)
[    0.000000] ACPI: LAPIC (acpi_id[0x21] lapic_id[0x42] disabled)
[    0.000000] ACPI: LAPIC (acpi_id[0x22] lapic_id[0x44] disabled)
[    0.000000] ACPI: LAPIC (acpi_id[0x23] lapic_id[0x46] disabled)
[    0.000000] ACPI: LAPIC (acpi_id[0x24] lapic_id[0x48] disabled)
[    0.000000] ACPI: LAPIC (acpi_id[0x25] lapic_id[0x4a] disabled)
[    0.000000] ACPI: LAPIC (acpi_id[0x26] lapic_id[0x4c] disabled)
[    0.000000] ACPI: LAPIC (acpi_id[0x27] lapic_id[0x4e] disabled)
[    0.000000] ACPI: LAPIC (acpi_id[0x28] lapic_id[0x50] disabled)
[    0.000000] ACPI: LAPIC (acpi_id[0x29] lapic_id[0x52] disabled)
[    0.000000] ACPI: LAPIC (acpi_id[0x2a] lapic_id[0x54] disabled)
[    0.000000] ACPI: LAPIC (acpi_id[0x2b] lapic_id[0x56] disabled)
[    0.000000] ACPI: LAPIC (acpi_id[0x2c] lapic_id[0x58] disabled)
[    0.000000] ACPI: LAPIC (acpi_id[0x2d] lapic_id[0x5a] disabled)
[    0.000000] ACPI: LAPIC (acpi_id[0x2e] lapic_id[0x5c] disabled)
[    0.000000] ACPI: LAPIC (acpi_id[0x2f] lapic_id[0x5e] disabled)
[    0.000000] ACPI: LAPIC (acpi_id[0x30] lapic_id[0x60] disabled)
[    0.000000] ACPI: LAPIC (acpi_id[0x31] lapic_id[0x62] disabled)
[    0.000000] ACPI: LAPIC (acpi_id[0x32] lapic_id[0x64] disabled)
[    0.000000] ACPI: LAPIC (acpi_id[0x33] lapic_id[0x66] disabled)
[    0.000000] ACPI: LAPIC (acpi_id[0x34] lapic_id[0x68] disabled)
[    0.000000] ACPI: LAPIC (acpi_id[0x35] lapic_id[0x6a] disabled)
[    0.000000] ACPI: LAPIC (acpi_id[0x36] lapic_id[0x6c] disabled)
[    0.000000] ACPI: LAPIC (acpi_id[0x37] lapic_id[0x6e] disabled)
[    0.000000] ACPI: LAPIC (acpi_id[0x38] lapic_id[0x70] disabled)
[    0.000000] ACPI: LAPIC (acpi_id[0x39] lapic_id[0x72] disabled)
[    0.000000] ACPI: LAPIC (acpi_id[0x3a] lapic_id[0x74] disabled)
[    0.000000] ACPI: LAPIC (acpi_id[0x3b] lapic_id[0x76] disabled)
[    0.000000] ACPI: LAPIC (acpi_id[0x3c] lapic_id[0x78] disabled)
[    0.000000] ACPI: LAPIC (acpi_id[0x3d] lapic_id[0x7a] disabled)
[    0.000000] ACPI: LAPIC (acpi_id[0x3e] lapic_id[0x7c] disabled)
[    0.000000] ACPI: LAPIC (acpi_id[0x3f] lapic_id[0x7e] disabled)
[    0.000000] ACPI: LAPIC_NMI (acpi_id[0x00] high edge lint[0x1])
[    0.000000] ACPI: LAPIC_NMI (acpi_id[0x01] high edge lint[0x1])
[    0.000000] ACPI: LAPIC_NMI (acpi_id[0x02] high edge lint[0x1])
[    0.000000] ACPI: LAPIC_NMI (acpi_id[0x03] high edge lint[0x1])
[    0.000000] ACPI: LAPIC_NMI (acpi_id[0x04] high edge lint[0x1])
[    0.000000] ACPI: LAPIC_NMI (acpi_id[0x05] high edge lint[0x1])
[    0.000000] ACPI: LAPIC_NMI (acpi_id[0x06] high edge lint[0x1])
[    0.000000] ACPI: LAPIC_NMI (acpi_id[0x07] high edge lint[0x1])
[    0.000000] ACPI: LAPIC_NMI (acpi_id[0x08] high edge lint[0x1])
[    0.000000] ACPI: LAPIC_NMI (acpi_id[0x09] high edge lint[0x1])
[    0.000000] ACPI: LAPIC_NMI (acpi_id[0x0a] high edge lint[0x1])
[    0.000000] ACPI: LAPIC_NMI (acpi_id[0x0b] high edge lint[0x1])
[    0.000000] ACPI: LAPIC_NMI (acpi_id[0x0c] high edge lint[0x1])
[    0.000000] ACPI: LAPIC_NMI (acpi_id[0x0d] high edge lint[0x1])
[    0.000000] ACPI: LAPIC_NMI (acpi_id[0x0e] high edge lint[0x1])
[    0.000000] ACPI: LAPIC_NMI (acpi_id[0x0f] high edge lint[0x1])
[    0.000000] ACPI: LAPIC_NMI (acpi_id[0x10] high edge lint[0x1])
[    0.000000] ACPI: LAPIC_NMI (acpi_id[0x11] high edge lint[0x1])
[    0.000000] ACPI: LAPIC_NMI (acpi_id[0x12] high edge lint[0x1])
[    0.000000] ACPI: LAPIC_NMI (acpi_id[0x13] high edge lint[0x1])
[    0.000000] ACPI: LAPIC_NMI (acpi_id[0x14] high edge lint[0x1])
[    0.000000] ACPI: LAPIC_NMI (acpi_id[0x15] high edge lint[0x1])
[    0.000000] ACPI: LAPIC_NMI (acpi_id[0x16] high edge lint[0x1])
[    0.000000] ACPI: LAPIC_NMI (acpi_id[0x17] high edge lint[0x1])
[    0.000000] ACPI: LAPIC_NMI (acpi_id[0x18] high edge lint[0x1])
[    0.000000] ACPI: LAPIC_NMI (acpi_id[0x19] high edge lint[0x1])
[    0.000000] ACPI: LAPIC_NMI (acpi_id[0x1a] high edge lint[0x1])
[    0.000000] ACPI: LAPIC_NMI (acpi_id[0x1b] high edge lint[0x1])
[    0.000000] ACPI: LAPIC_NMI (acpi_id[0x1c] high edge lint[0x1])
[    0.000000] ACPI: LAPIC_NMI (acpi_id[0x1d] high edge lint[0x1])
[    0.000000] ACPI: LAPIC_NMI (acpi_id[0x1e] high edge lint[0x1])
[    0.000000] ACPI: LAPIC_NMI (acpi_id[0x1f] high edge lint[0x1])
[    0.000000] ACPI: LAPIC_NMI (acpi_id[0x20] high edge lint[0x1])
[    0.000000] ACPI: LAPIC_NMI (acpi_id[0x21] high edge lint[0x1])
[    0.000000] ACPI: LAPIC_NMI (acpi_id[0x22] high edge lint[0x1])
[    0.000000] ACPI: LAPIC_NMI (acpi_id[0x23] high edge lint[0x1])
[    0.000000] ACPI: LAPIC_NMI (acpi_id[0x24] high edge lint[0x1])
[    0.000000] ACPI: LAPIC_NMI (acpi_id[0x25] high edge lint[0x1])
[    0.000000] ACPI: LAPIC_NMI (acpi_id[0x26] high edge lint[0x1])
[    0.000000] ACPI: LAPIC_NMI (acpi_id[0x27] high edge lint[0x1])
[    0.000000] ACPI: LAPIC_NMI (acpi_id[0x28] high edge lint[0x1])
[    0.000000] ACPI: LAPIC_NMI (acpi_id[0x29] high edge lint[0x1])
[    0.000000] ACPI: LAPIC_NMI (acpi_id[0x2a] high edge lint[0x1])
[    0.000000] ACPI: LAPIC_NMI (acpi_id[0x2b] high edge lint[0x1])
[    0.000000] ACPI: LAPIC_NMI (acpi_id[0x2c] high edge lint[0x1])
[    0.000000] ACPI: LAPIC_NMI (acpi_id[0x2d] high edge lint[0x1])
[    0.000000] ACPI: LAPIC_NMI (acpi_id[0x2e] high edge lint[0x1])
[    0.000000] ACPI: LAPIC_NMI (acpi_id[0x2f] high edge lint[0x1])
[    0.000000] ACPI: LAPIC_NMI (acpi_id[0x30] high edge lint[0x1])
[    0.000000] ACPI: LAPIC_NMI (acpi_id[0x31] high edge lint[0x1])
[    0.000000] ACPI: LAPIC_NMI (acpi_id[0x32] high edge lint[0x1])
[    0.000000] ACPI: LAPIC_NMI (acpi_id[0x33] high edge lint[0x1])
[    0.000000] ACPI: LAPIC_NMI (acpi_id[0x34] high edge lint[0x1])
[    0.000000] ACPI: LAPIC_NMI (acpi_id[0x35] high edge lint[0x1])
[    0.000000] ACPI: LAPIC_NMI (acpi_id[0x36] high edge lint[0x1])
[    0.000000] ACPI: LAPIC_NMI (acpi_id[0x37] high edge lint[0x1])
[    0.000000] ACPI: LAPIC_NMI (acpi_id[0x38] high edge lint[0x1])
[    0.000000] ACPI: LAPIC_NMI (acpi_id[0x39] high edge lint[0x1])
[    0.000000] ACPI: LAPIC_NMI (acpi_id[0x3a] high edge lint[0x1])
[    0.000000] ACPI: LAPIC_NMI (acpi_id[0x3b] high edge lint[0x1])
[    0.000000] ACPI: LAPIC_NMI (acpi_id[0x3c] high edge lint[0x1])
[    0.000000] ACPI: LAPIC_NMI (acpi_id[0x3d] high edge lint[0x1])
[    0.000000] ACPI: LAPIC_NMI (acpi_id[0x3e] high edge lint[0x1])
[    0.000000] ACPI: LAPIC_NMI (acpi_id[0x3f] high edge lint[0x1])
[    0.000000] ACPI: Skipping IOAPIC probe due to 'noapic' option.
[    0.000000] Using ACPI for processor (LAPIC) configuration information
[    0.000000] ACPI: HPET id: 0x8086af01 base: 0xfed00000
[    0.000000] Intel MultiProcessor Specification v1.4
[    0.000000]     Virtual Wire compatibility mode.
[    0.000000] MPTABLE: OEM ID: INTEL   
[    0.000000] MPTABLE: Product ID: 440BX       
[    0.000000] MPTABLE: APIC at: 0xFEE00000
[    0.000000] I/O APIC #1 Version 17 at 0xFEC00000.
[    0.000000] Processors: 1
[    0.000000] 64 Processors exceeds NR_CPUS limit of 8
[    0.000000] SMP: Allowing 8 CPUs, 7 hotplug CPUs
[    0.000000] nr_irqs_gsi: 24
[    0.000000] PM: Registered nosave memory: 000000000009f000 - 00000000000a0000
[    0.000000] PM: Registered nosave memory: 00000000000a0000 - 00000000000ca000
[    0.000000] PM: Registered nosave memory: 00000000000ca000 - 00000000000cc000
[    0.000000] PM: Registered nosave memory: 00000000000cc000 - 00000000000dc000
[    0.000000] PM: Registered nosave memory: 00000000000dc000 - 0000000000100000
[    0.000000] Allocating PCI resources starting at 40000000 (gap: 40000000:a0000000)
[    0.000000] Booting paravirtualized kernel on bare hardware
[    0.000000] NR_CPUS:8 nr_cpumask_bits:8 nr_cpu_ids:8 nr_node_ids:1
[    0.000000] PERCPU: Embedded 15 pages/cpu @c2400000 s39320 r0 d22120 u262144
[    0.000000] pcpu-alloc: s39320 r0 d22120 u262144 alloc=1*2097152
[    0.000000] pcpu-alloc: [0] 0 1 2 3 4 5 6 7 
[    0.000000] Built 1 zonelists in Zone order, mobility grouping on.  Total pages: 259950
[    0.000000] Kernel command line: BOOT_IMAGE=/boot/vmlinuz-2.6.32.57 root=UUID=007b598c-390d-4c65-84a1-4ff752d48633 ro quiet splash maxcpus=0
[    0.000000] PID hash table entries: 4096 (order: 2, 16384 bytes)
[    0.000000] Dentry cache hash table entries: 131072 (order: 7, 524288 bytes)
[    0.000000] Inode-cache hash table entries: 65536 (order: 6, 262144 bytes)
[    0.000000] Enabling fast FPU save and restore... done.
[    0.000000] Enabling unmasked SIMD FPU exception support... done.
[    0.000000] Initializing CPU#0
[    0.000000] xsave/xrstor: enabled xstate_bv 0x7, cntxt size 0x340
[    0.000000] allocated 5242560 bytes of page_cgroup
[    0.000000] please try 'cgroup_disable=memory' option if you don't want memory cgroups
[    0.000000] Initializing HighMem for node 0 (000379fe:00040000)
[    0.000000] Memory: 938260k/1048576k available (4839k kernel code, 108848k reserved, 2518k data, 652k init, 137096k highmem)
[    0.000000] virtual kernel memory layout:
[    0.000000]     fixmap  : 0xfff1e000 - 0xfffff000   ( 900 kB)
[    0.000000]     pkmap   : 0xffa00000 - 0xffc00000   (2048 kB)
[    0.000000]     vmalloc : 0xf81fe000 - 0xff9fe000   ( 120 MB)
[    0.000000]     lowmem  : 0xc0000000 - 0xf79fe000   ( 889 MB)
[    0.000000]       .init : 0xc1730000 - 0xc17d3000   ( 652 kB)
[    0.000000]       .data : 0xc14b9cce - 0xc172f764   (2518 kB)
[    0.000000]       .text : 0xc1000000 - 0xc14b9cce   (4839 kB)
[    0.000000] Checking if this processor honours the WP bit even in supervisor mode...Ok.
[    0.000000] SLUB: Genslabs=13, HWalign=64, Order=0-3, MinObjects=0, CPUs=8, Nodes=1
[    0.000000] Hierarchical RCU implementation.
[    0.000000] NR_IRQS:2304 nr_irqs:472
[    0.000000] Extended CMOS year: 2000
[    0.000000] Console: colour VGA+ 80x25
[    0.000000] console [tty0] enabled
[    0.000000] hpet clockevent registered
[    0.000000] TSC freq read from hypervisor : 2394.620 MHz
[    0.000000] Detected 2394.620 MHz processor.
[    0.000004] Calibrating delay loop (skipped) preset value.. 4789.24 BogoMIPS (lpj=9578480)
[    0.000018] Security Framework initialized
[    0.000022] SELinux:  Disabled at boot.
[    0.000029] Mount-cache hash table entries: 512
[    0.000173] Initializing cgroup subsys cpuacct
[    0.000177] Initializing cgroup subsys memory
[    0.000181] Initializing cgroup subsys devices
[    0.000182] Initializing cgroup subsys freezer
[    0.000210] CPU: Physical Processor ID: 0
[    0.000219] CPU: L1 I cache: 32K, L1 D cache: 32K
[    0.000221] CPU: L2 cache: 256K
[    0.000223] CPU: L3 cache: 4096K
[    0.000230] mce: CPU supports 0 MCE banks
[    0.000247] Performance Events: no PMU driver, software events only.
[    0.000263] Checking 'hlt' instruction... OK.
[    0.017755] SMP alternatives: switching to UP code
[    0.032332] ACPI: Core revision 20090903
[    0.038521] ACPI: setting ELCR to 0200 (from 0e20)
[    0.039489] ftrace: converting mcount calls to 0f 1f 44 00 00
[    0.039495] ftrace: allocating 22631 entries in 45 pages
[    0.057018] CANARY value: 13cf4345 for PID: 1
[    0.057049] Not enabling x2apic, Intr-remapping init failed.
[    0.057050] Enabling APIC mode:  Flat.  Using 1 I/O APICs
[    0.057058] SMP mode deactivated.
[    0.057083] SMP disabled
[    0.057136] Brought up 1 CPUs
[    0.057138] Total of 1 processors activated (4789.24 BogoMIPS).
[    0.057142] CPU0 attaching NULL sched-domain.
[    0.057211] devtmpfs: initialized
[    0.057338] sysctl table check failed: /kernel/random/now_input .1.40.7 Unknown sysctl binary path
[    0.057589] Pid: 1, comm: swapper Not tainted 2.6.32.57 #4
[    0.057590] Call Trace:
[    0.057594]  [<c14a8a0e>] ? printk+0x1d/0x1f
[    0.057597]  [<c107b56f>] set_fail+0x4f/0x60
[    0.057599]  [<c107b8b3>] sysctl_check_table+0x333/0x620
[    0.057601]  [<c107b8cc>] sysctl_check_table+0x34c/0x620
[    0.057603]  [<c107b8cc>] sysctl_check_table+0x34c/0x620
[    0.057606]  [<c1746d48>] sysctl_init+0x25/0x29
[    0.057608]  [<c1003042>] do_one_initcall+0x32/0x1a0
[    0.057610]  [<c1746d23>] ? sysctl_init+0x0/0x29
[    0.057613]  [<c17308e7>] kernel_init+0x12d/0x17a
[    0.057614]  [<c17307ba>] ? kernel_init+0x0/0x17a
[    0.057617]  [<c1009b07>] kernel_thread_helper+0x7/0x10
[    0.057618] sysctl table check failed: /kernel/random/now_blocking .1.40.8 Unknown sysctl binary path
[    0.057847] Pid: 1, comm: swapper Not tainted 2.6.32.57 #4
[    0.057848] Call Trace:
[    0.057849]  [<c14a8a0e>] ? printk+0x1d/0x1f
[    0.057851]  [<c107b56f>] set_fail+0x4f/0x60
[    0.057852]  [<c107b8b3>] sysctl_check_table+0x333/0x620
[    0.057854]  [<c107b8cc>] sysctl_check_table+0x34c/0x620
[    0.057856]  [<c107b8cc>] sysctl_check_table+0x34c/0x620
[    0.057858]  [<c1746d48>] sysctl_init+0x25/0x29
[    0.057859]  [<c1003042>] do_one_initcall+0x32/0x1a0
[    0.057861]  [<c1746d23>] ? sysctl_init+0x0/0x29
[    0.057863]  [<c17308e7>] kernel_init+0x12d/0x17a
[    0.057864]  [<c17307ba>] ? kernel_init+0x0/0x17a
[    0.057866]  [<c1009b07>] kernel_thread_helper+0x7/0x10
[    0.057867] sysctl table check failed: /kernel/random/now_nonblocking .1.40.9 Unknown sysctl binary path
[    0.058097] Pid: 1, comm: swapper Not tainted 2.6.32.57 #4
[    0.058098] Call Trace:
[    0.058100]  [<c14a8a0e>] ? printk+0x1d/0x1f
[    0.058101]  [<c107b56f>] set_fail+0x4f/0x60
[    0.058102]  [<c107b8b3>] sysctl_check_table+0x333/0x620
[    0.058104]  [<c107b8cc>] sysctl_check_table+0x34c/0x620
[    0.058106]  [<c107b8cc>] sysctl_check_table+0x34c/0x620
[    0.058108]  [<c1746d48>] sysctl_init+0x25/0x29
[    0.058109]  [<c1003042>] do_one_initcall+0x32/0x1a0
[    0.058111]  [<c1746d23>] ? sysctl_init+0x0/0x29
[    0.058113]  [<c17308e7>] kernel_init+0x12d/0x17a
[    0.058114]  [<c17307ba>] ? kernel_init+0x0/0x17a
[    0.058116]  [<c1009b07>] kernel_thread_helper+0x7/0x10
[    0.058117] sysctl table check failed: /kernel/random/nb_input_bytes .1.40.10 Unknown sysctl binary path
[    0.058432] Pid: 1, comm: swapper Not tainted 2.6.32.57 #4
[    0.058434] Call Trace:
[    0.058439]  [<c14a8a0e>] ? printk+0x1d/0x1f
[    0.058442]  [<c107b56f>] set_fail+0x4f/0x60
[    0.058445]  [<c107b8b3>] sysctl_check_table+0x333/0x620
[    0.058448]  [<c107b8cc>] sysctl_check_table+0x34c/0x620
[    0.058451]  [<c107b8cc>] sysctl_check_table+0x34c/0x620
[    0.058455]  [<c1746d48>] sysctl_init+0x25/0x29
[    0.058457]  [<c1003042>] do_one_initcall+0x32/0x1a0
[    0.058461]  [<c1746d23>] ? sysctl_init+0x0/0x29
[    0.058463]  [<c17308e7>] kernel_init+0x12d/0x17a
[    0.058466]  [<c17307ba>] ? kernel_init+0x0/0x17a
[    0.058469]  [<c1009b07>] kernel_thread_helper+0x7/0x10
[    0.058472] sysctl table check failed: /kernel/random/nb_stir_count .1.40.11 Unknown sysctl binary path
[    0.058795] Pid: 1, comm: swapper Not tainted 2.6.32.57 #4
[    0.058796] Call Trace:
[    0.058798]  [<c14a8a0e>] ? printk+0x1d/0x1f
[    0.058800]  [<c107b56f>] set_fail+0x4f/0x60
[    0.058802]  [<c107b8b3>] sysctl_check_table+0x333/0x620
[    0.058803]  [<c107b8cc>] sysctl_check_table+0x34c/0x620
[    0.058805]  [<c107b8cc>] sysctl_check_table+0x34c/0x620
[    0.058808]  [<c1746d48>] sysctl_init+0x25/0x29
[    0.058809]  [<c1003042>] do_one_initcall+0x32/0x1a0
[    0.058812]  [<c1746d23>] ? sysctl_init+0x0/0x29
[    0.058813]  [<c17308e7>] kernel_init+0x12d/0x17a
[    0.058815]  [<c17307ba>] ? kernel_init+0x0/0x17a
[    0.058817]  [<c1009b07>] kernel_thread_helper+0x7/0x10
[    0.058819] sysctl table check failed: /kernel/random/nb_reentry_count .1.40.12 Unknown sysctl binary path
[    0.059067] Pid: 1, comm: swapper Not tainted 2.6.32.57 #4
[    0.059068] Call Trace:
[    0.059069]  [<c14a8a0e>] ? printk+0x1d/0x1f
[    0.059071]  [<c107b56f>] set_fail+0x4f/0x60
[    0.059072]  [<c107b8b3>] sysctl_check_table+0x333/0x620
[    0.059074]  [<c107b8cc>] sysctl_check_table+0x34c/0x620
[    0.059076]  [<c107b8cc>] sysctl_check_table+0x34c/0x620
[    0.059078]  [<c1746d48>] sysctl_init+0x25/0x29
[    0.059080]  [<c1003042>] do_one_initcall+0x32/0x1a0
[    0.059082]  [<c1746d23>] ? sysctl_init+0x0/0x29
[    0.059083]  [<c17308e7>] kernel_init+0x12d/0x17a
[    0.059085]  [<c17307ba>] ? kernel_init+0x0/0x17a
[    0.059087]  [<c1009b07>] kernel_thread_helper+0x7/0x10
[    0.059221] RANDOM - __seed init called.
[    0.059222] RANDOM - __seed init called.
[    0.059222] RANDOM - __seed init called.
[    0.059224] RANDOM - __random32 called. Change num 1.  Value: 7576a435	efb61e22	b7f78320
[    0.059225] RANDOM - __random32 called. Change num 2.  Value: 6a43543e	fb61e228	6410973
[    0.059227] RANDOM - __random32 called. Change num 3.  Value: 3543e018	b61e228b	12e68928
[    0.059228] RANDOM - __random32 called. Change num 4.  Value: 3e018928	61e228b7	1250ba58
[    0.059229] RANDOM - __random32 called. Change num 5.  Value: 189281e4	1e228b73	74b01aad
[    0.059231] RANDOM - __random32 called. Change num 6.  Value: 281e4915	e228b733	355a2619
[    0.059232] RANDOM - random32 init called.  Value: 281e4915	e228b733	355a2619
[    0.059239] regulator: core version 0.5
[    0.059307] Time:  0:35:32  Date: 05/25/13
[    0.059345] NET: Registered protocol family 16
[    0.059412] EISA bus registered
[    0.060175] ACPI: bus type pci registered
[    0.060315] PCI: MCFG configuration 0: base e0000000 segment 0 buses 0 - 255
[    0.060318] PCI: MCFG area at e0000000 reserved in E820
[    0.060319] PCI: Using MMCONFIG for extended config space
[    0.060320] PCI: Using configuration type 1 for base access
[    0.061055] bio: create slab <bio-0> at 0
[    0.062692] ACPI: EC: Look up EC in DSDT
[    0.099465] ACPI: BIOS _OSI(Linux) query ignored
[    0.105369] ACPI: Interpreter enabled
[    0.105374] ACPI: (supports S0 S1 S4 S5)
[    0.105385] ACPI: Using PIC for interrupt routing
[    0.190230] ACPI: No dock devices found.
[    0.191040] ACPI: PCI Root Bridge [PCI0] (0000:00)
[    0.192749] pci 0000:00:07.1: reg 20 io port: [0x10c0-0x10cf]
[    0.193282] pci 0000:00:07.3: quirk: region 1000-103f claimed by PIIX4 ACPI
[    0.193293] pci 0000:00:07.3: quirk: region 1040-104f claimed by PIIX4 SMB
[    0.193842] pci 0000:00:07.7: reg 10 io port: [0x1080-0x10bf]
[    0.194230] pci 0000:00:07.7: reg 14 64bit mmio: [0xc8000000-0xc8001fff]
[    0.195354] pci 0000:00:0f.0: reg 10 io port: [0x10d0-0x10df]
[    0.195390] pci 0000:00:0f.0: reg 14 32bit mmio pref: [0xd0000000-0xd7ffffff]
[    0.195426] pci 0000:00:0f.0: reg 18 32bit mmio: [0xc8800000-0xc8ffffff]
[    0.195562] pci 0000:00:0f.0: reg 30 32bit mmio pref: [0x000000-0x007fff]
[    0.196127] pci 0000:00:10.0: reg 10 io port: [0x1400-0x14ff]
[    0.196476] pci 0000:00:10.0: reg 14 64bit mmio: [0xc8040000-0xc805ffff]
[    0.196887] pci 0000:00:10.0: reg 1c 64bit mmio: [0xc8020000-0xc803ffff]
[    0.196989] pci 0000:00:10.0: reg 30 32bit mmio pref: [0x000000-0x003fff]
[    0.198420] pci 0000:00:15.0: PME# supported from D0 D3hot D3cold
[    0.198440] pci 0000:00:15.0: PME# disabled
[    0.199310] pci 0000:00:15.1: PME# supported from D0 D3hot D3cold
[    0.199329] pci 0000:00:15.1: PME# disabled
[    0.200239] pci 0000:00:15.2: PME# supported from D0 D3hot D3cold
[    0.200258] pci 0000:00:15.2: PME# disabled
[    0.201071] pci 0000:00:15.3: PME# supported from D0 D3hot D3cold
[    0.201136] pci 0000:00:15.3: PME# disabled
[    0.202010] pci 0000:00:15.4: PME# supported from D0 D3hot D3cold
[    0.202031] pci 0000:00:15.4: PME# disabled
[    0.202919] pci 0000:00:15.5: PME# supported from D0 D3hot D3cold
[    0.202939] pci 0000:00:15.5: PME# disabled
[    0.203828] pci 0000:00:15.6: PME# supported from D0 D3hot D3cold
[    0.203848] pci 0000:00:15.6: PME# disabled
[    0.204798] pci 0000:00:15.7: PME# supported from D0 D3hot D3cold
[    0.204818] pci 0000:00:15.7: PME# disabled
[    0.205688] pci 0000:00:16.0: PME# supported from D0 D3hot D3cold
[    0.205708] pci 0000:00:16.0: PME# disabled
[    0.206551] pci 0000:00:16.1: PME# supported from D0 D3hot D3cold
[    0.206570] pci 0000:00:16.1: PME# disabled
[    0.207501] pci 0000:00:16.2: PME# supported from D0 D3hot D3cold
[    0.207520] pci 0000:00:16.2: PME# disabled
[    0.208421] pci 0000:00:16.3: PME# supported from D0 D3hot D3cold
[    0.208442] pci 0000:00:16.3: PME# disabled
[    0.209370] pci 0000:00:16.4: PME# supported from D0 D3hot D3cold
[    0.209390] pci 0000:00:16.4: PME# disabled
[    0.210347] pci 0000:00:16.5: PME# supported from D0 D3hot D3cold
[    0.210367] pci 0000:00:16.5: PME# disabled
[    0.211205] pci 0000:00:16.6: PME# supported from D0 D3hot D3cold
[    0.211224] pci 0000:00:16.6: PME# disabled
[    0.212108] pci 0000:00:16.7: PME# supported from D0 D3hot D3cold
[    0.212128] pci 0000:00:16.7: PME# disabled
[    0.213335] pci 0000:00:17.0: PME# supported from D0 D3hot D3cold
[    0.213356] pci 0000:00:17.0: PME# disabled
[    0.214272] pci 0000:00:17.1: PME# supported from D0 D3hot D3cold
[    0.214293] pci 0000:00:17.1: PME# disabled
[    0.215242] pci 0000:00:17.2: PME# supported from D0 D3hot D3cold
[    0.215261] pci 0000:00:17.2: PME# disabled
[    0.216114] pci 0000:00:17.3: PME# supported from D0 D3hot D3cold
[    0.216133] pci 0000:00:17.3: PME# disabled
[    0.216934] pci 0000:00:17.4: PME# supported from D0 D3hot D3cold
[    0.216952] pci 0000:00:17.4: PME# disabled
[    0.217840] pci 0000:00:17.5: PME# supported from D0 D3hot D3cold
[    0.217859] pci 0000:00:17.5: PME# disabled
[    0.218803] pci 0000:00:17.6: PME# supported from D0 D3hot D3cold
[    0.218848] pci 0000:00:17.6: PME# disabled
[    0.219731] pci 0000:00:17.7: PME# supported from D0 D3hot D3cold
[    0.219750] pci 0000:00:17.7: PME# disabled
[    0.220592] pci 0000:00:18.0: PME# supported from D0 D3hot D3cold
[    0.220612] pci 0000:00:18.0: PME# disabled
[    0.221606] pci 0000:00:18.1: PME# supported from D0 D3hot D3cold
[    0.221627] pci 0000:00:18.1: PME# disabled
[    0.222497] pci 0000:00:18.2: PME# supported from D0 D3hot D3cold
[    0.222517] pci 0000:00:18.2: PME# disabled
[    0.223404] pci 0000:00:18.3: PME# supported from D0 D3hot D3cold
[    0.223424] pci 0000:00:18.3: PME# disabled
[    0.224391] pci 0000:00:18.4: PME# supported from D0 D3hot D3cold
[    0.224411] pci 0000:00:18.4: PME# disabled
[    0.225265] pci 0000:00:18.5: PME# supported from D0 D3hot D3cold
[    0.225285] pci 0000:00:18.5: PME# disabled
[    0.226131] pci 0000:00:18.6: PME# supported from D0 D3hot D3cold
[    0.226151] pci 0000:00:18.6: PME# disabled
[    0.226984] pci 0000:00:18.7: PME# supported from D0 D3hot D3cold
[    0.227003] pci 0000:00:18.7: PME# disabled
[    0.228074] pci 0000:02:00.0: reg 20 io port: [0x20c0-0x20df]
[    0.228544] pci 0000:02:01.0: reg 10 io port: [0x2000-0x207f]
[    0.228748] pci 0000:02:01.0: reg 30 32bit mmio pref: [0x000000-0x00ffff]
[    0.229330] pci 0000:02:02.0: reg 10 io port: [0x2080-0x20bf]
[    0.229931] pci 0000:02:03.0: reg 10 32bit mmio: [0xc9000000-0xc9000fff]
[    0.230502] pci 0000:00:11.0: transparent bridge
[    0.230523] pci 0000:00:11.0: bridge io port: [0x2000-0x3fff]
[    0.230543] pci 0000:00:11.0: bridge 32bit mmio: [0xc9000000-0xca3fffff]
[    0.230581] pci 0000:00:11.0: bridge 64bit mmio pref: [0xd8400000-0xd89fffff]
[    0.230945] pci 0000:00:15.0: bridge io port: [0x4000-0x4fff]
[    0.230966] pci 0000:00:15.0: bridge 32bit mmio: [0xca400000-0xca4fffff]
[    0.231004] pci 0000:00:15.0: bridge 64bit mmio pref: [0xd8a00000-0xd8afffff]
[    0.231363] pci 0000:00:15.1: bridge io port: [0x8000-0x8fff]
[    0.231383] pci 0000:00:15.1: bridge 32bit mmio: [0xca800000-0xca8fffff]
[    0.231421] pci 0000:00:15.1: bridge 64bit mmio pref: [0xd8e00000-0xd8efffff]
[    0.231792] pci 0000:00:15.2: bridge io port: [0xc000-0xcfff]
[    0.231813] pci 0000:00:15.2: bridge 32bit mmio: [0xcac00000-0xcacfffff]
[    0.231851] pci 0000:00:15.2: bridge 64bit mmio pref: [0xd9200000-0xd92fffff]
[    0.232240] pci 0000:00:15.3: bridge 32bit mmio: [0xcb000000-0xcb0fffff]
[    0.232278] pci 0000:00:15.3: bridge 64bit mmio pref: [0xd9600000-0xd96fffff]
[    0.232653] pci 0000:00:15.4: bridge 32bit mmio: [0xcb400000-0xcb4fffff]
[    0.232692] pci 0000:00:15.4: bridge 64bit mmio pref: [0xd9a00000-0xd9afffff]
[    0.233085] pci 0000:00:15.5: bridge 32bit mmio: [0xcb800000-0xcb8fffff]
[    0.233123] pci 0000:00:15.5: bridge 64bit mmio pref: [0xd9e00000-0xd9efffff]
[    0.233499] pci 0000:00:15.6: bridge 32bit mmio: [0xcbc00000-0xcbcfffff]
[    0.233537] pci 0000:00:15.6: bridge 64bit mmio pref: [0xda200000-0xda2fffff]
[    0.233912] pci 0000:00:15.7: bridge 32bit mmio: [0xcc000000-0xcc0fffff]
[    0.233950] pci 0000:00:15.7: bridge 64bit mmio pref: [0xda600000-0xda6fffff]
[    0.234323] pci 0000:00:16.0: bridge io port: [0x5000-0x5fff]
[    0.234342] pci 0000:00:16.0: bridge 32bit mmio: [0xca500000-0xca5fffff]
[    0.234378] pci 0000:00:16.0: bridge 64bit mmio pref: [0xd8b00000-0xd8bfffff]
[    0.234716] pci 0000:00:16.1: bridge io port: [0x9000-0x9fff]
[    0.234735] pci 0000:00:16.1: bridge 32bit mmio: [0xca900000-0xca9fffff]
[    0.234771] pci 0000:00:16.1: bridge 64bit mmio pref: [0xd8f00000-0xd8ffffff]
[    0.235131] pci 0000:00:16.2: bridge io port: [0xd000-0xdfff]
[    0.235150] pci 0000:00:16.2: bridge 32bit mmio: [0xcad00000-0xcadfffff]
[    0.235185] pci 0000:00:16.2: bridge 64bit mmio pref: [0xd9300000-0xd93fffff]
[    0.235555] pci 0000:00:16.3: bridge 32bit mmio: [0xcb100000-0xcb1fffff]
[    0.235590] pci 0000:00:16.3: bridge 64bit mmio pref: [0xd9700000-0xd97fffff]
[    0.235952] pci 0000:00:16.4: bridge 32bit mmio: [0xcb500000-0xcb5fffff]
[    0.235988] pci 0000:00:16.4: bridge 64bit mmio pref: [0xd9b00000-0xd9bfffff]
[    0.236364] pci 0000:00:16.5: bridge 32bit mmio: [0xcb900000-0xcb9fffff]
[    0.236399] pci 0000:00:16.5: bridge 64bit mmio pref: [0xd9f00000-0xd9ffffff]
[    0.236750] pci 0000:00:16.6: bridge 32bit mmio: [0xcbd00000-0xcbdfffff]
[    0.236786] pci 0000:00:16.6: bridge 64bit mmio pref: [0xda300000-0xda3fffff]
[    0.237163] pci 0000:00:16.7: bridge 32bit mmio: [0xcc100000-0xcc1fffff]
[    0.237211] pci 0000:00:16.7: bridge 64bit mmio pref: [0xda700000-0xda7fffff]
[    0.237575] pci 0000:00:17.0: bridge io port: [0x6000-0x6fff]
[    0.237596] pci 0000:00:17.0: bridge 32bit mmio: [0xca600000-0xca6fffff]
[    0.237634] pci 0000:00:17.0: bridge 64bit mmio pref: [0xd8c00000-0xd8cfffff]
[    0.237990] pci 0000:00:17.1: bridge io port: [0xa000-0xafff]
[    0.238011] pci 0000:00:17.1: bridge 32bit mmio: [0xcaa00000-0xcaafffff]
[    0.238058] pci 0000:00:17.1: bridge 64bit mmio pref: [0xd9000000-0xd90fffff]
[    0.238417] pci 0000:00:17.2: bridge io port: [0xe000-0xefff]
[    0.238437] pci 0000:00:17.2: bridge 32bit mmio: [0xcae00000-0xcaefffff]
[    0.238475] pci 0000:00:17.2: bridge 64bit mmio pref: [0xd9400000-0xd94fffff]
[    0.238851] pci 0000:00:17.3: bridge 32bit mmio: [0xcb200000-0xcb2fffff]
[    0.238889] pci 0000:00:17.3: bridge 64bit mmio pref: [0xd9800000-0xd98fffff]
[    0.239324] pci 0000:00:17.4: bridge 32bit mmio: [0xcb600000-0xcb6fffff]
[    0.239360] pci 0000:00:17.4: bridge 64bit mmio pref: [0xd9c00000-0xd9cfffff]
[    0.239724] pci 0000:00:17.5: bridge 32bit mmio: [0xcba00000-0xcbafffff]
[    0.239761] pci 0000:00:17.5: bridge 64bit mmio pref: [0xda000000-0xda0fffff]
[    0.240143] pci 0000:00:17.6: bridge 32bit mmio: [0xcbe00000-0xcbefffff]
[    0.240179] pci 0000:00:17.6: bridge 64bit mmio pref: [0xda400000-0xda4fffff]
[    0.240530] pci 0000:00:17.7: bridge 32bit mmio: [0xcc200000-0xcc2fffff]
[    0.240566] pci 0000:00:17.7: bridge 64bit mmio pref: [0xda800000-0xda8fffff]
[    0.240900] pci 0000:00:18.0: bridge io port: [0x7000-0x7fff]
[    0.240919] pci 0000:00:18.0: bridge 32bit mmio: [0xca700000-0xca7fffff]
[    0.240954] pci 0000:00:18.0: bridge 64bit mmio pref: [0xd8d00000-0xd8dfffff]
[    0.241326] pci 0000:00:18.1: bridge io port: [0xb000-0xbfff]
[    0.241345] pci 0000:00:18.1: bridge 32bit mmio: [0xcab00000-0xcabfffff]
[    0.241381] pci 0000:00:18.1: bridge 64bit mmio pref: [0xd9100000-0xd91fffff]
[    0.241714] pci 0000:00:18.2: bridge io port: [0xf000-0xffff]
[    0.241733] pci 0000:00:18.2: bridge 32bit mmio: [0xcaf00000-0xcaffffff]
[    0.241769] pci 0000:00:18.2: bridge 64bit mmio pref: [0xd9500000-0xd95fffff]
[    0.242138] pci 0000:00:18.3: bridge 32bit mmio: [0xcb300000-0xcb3fffff]
[    0.242174] pci 0000:00:18.3: bridge 64bit mmio pref: [0xd9900000-0xd99fffff]
[    0.242548] pci 0000:00:18.4: bridge 32bit mmio: [0xcb700000-0xcb7fffff]
[    0.242583] pci 0000:00:18.4: bridge 64bit mmio pref: [0xd9d00000-0xd9dfffff]
[    0.242934] pci 0000:00:18.5: bridge 32bit mmio: [0xcbb00000-0xcbbfffff]
[    0.242970] pci 0000:00:18.5: bridge 64bit mmio pref: [0xda100000-0xda1fffff]
[    0.243342] pci 0000:00:18.6: bridge 32bit mmio: [0xcbf00000-0xcbffffff]
[    0.243377] pci 0000:00:18.6: bridge 64bit mmio pref: [0xda500000-0xda5fffff]
[    0.243736] pci 0000:00:18.7: bridge 32bit mmio: [0xcc300000-0xcc3fffff]
[    0.243772] pci 0000:00:18.7: bridge 64bit mmio pref: [0xda900000-0xda9fffff]
[    0.245256] pci_bus 0000:00: on NUMA node 0
[    0.245265] ACPI: PCI Interrupt Routing Table [\_SB_.PCI0._PRT]
[    0.477797] ACPI: PCI Interrupt Link [LNKA] (IRQs 3 4 5 6 7 *9 10 11 14 15)
[    0.477952] ACPI: PCI Interrupt Link [LNKB] (IRQs 3 4 5 6 7 9 10 *11 14 15)
[    0.478103] ACPI: PCI Interrupt Link [LNKC] (IRQs 3 4 5 6 7 9 *10 11 14 15)
[    0.478252] ACPI: PCI Interrupt Link [LNKD] (IRQs 3 4 *5 6 7 9 10 11 14 15)
[    0.478386] vgaarb: device added: PCI:0000:00:0f.0,decodes=io+mem,owns=io+mem,locks=none
[    0.478396] vgaarb: loaded
[    0.478485] SCSI subsystem initialized
[    0.478528] libata version 3.00 loaded.
[    0.478569] usbcore: registered new interface driver usbfs
[    0.478580] usbcore: registered new interface driver hub
[    0.478596] usbcore: registered new device driver usb
[    0.478664] PCI: Using ACPI for IRQ routing
[    0.479646] NetLabel: Initializing
[    0.479648] NetLabel:  domain hash size = 128
[    0.479649] NetLabel:  protocols = UNLABELED CIPSOv4
[    0.479657] NetLabel:  unlabeled traffic allowed by default
[    0.479709] hpet0: at MMIO 0xfed00000, IRQs 2, 8, 0, 0, 0, 0, 0, 0, 0, 0, 0, 0, 0, 0, 0, 0
[    0.479715] hpet0: 16 comparators, 64-bit 14.318180 MHz counter
[    0.481732] Switching to clocksource tsc
[    0.489200] pnp: PnP ACPI init
[    0.489215] ACPI: bus type pnp registered
[    0.538709] pnp: PnP ACPI: found 14 devices
[    0.538712] ACPI: ACPI bus type pnp unregistered
[    0.538716] PnPBIOS: Disabled by ACPI PNP
[    0.538731] system 00:01: ioport range 0x1000-0x103f has been reserved
[    0.538733] system 00:01: ioport range 0x1040-0x104f has been reserved
[    0.538734] system 00:01: ioport range 0xcf0-0xcf1 has been reserved
[    0.538742] system 00:08: iomem range 0xfed00000-0xfed003ff has been reserved
[    0.538746] system 00:0d: ioport range 0x1060-0x107f has been reserved
[    0.538749] system 00:0d: iomem range 0xe0000000-0xefffffff has been reserved
[    0.538750] system 00:0d: iomem range 0xc8200000-0xc83fffff has been reserved
[    0.574068] pci 0000:00:15.3: BAR 13: can't allocate I/O resource [0x10000-0xffff]
[    0.574072] pci 0000:00:15.4: BAR 13: can't allocate I/O resource [0x10000-0xffff]
[    0.574075] pci 0000:00:15.5: BAR 13: can't allocate I/O resource [0x10000-0xffff]
[    0.574078] pci 0000:00:15.6: BAR 13: can't allocate I/O resource [0x10000-0xffff]
[    0.574081] pci 0000:00:15.7: BAR 13: can't allocate I/O resource [0x10000-0xffff]
[    0.574084] pci 0000:00:16.3: BAR 13: can't allocate I/O resource [0x10000-0xffff]
[    0.574087] pci 0000:00:16.4: BAR 13: can't allocate I/O resource [0x10000-0xffff]
[    0.574089] pci 0000:00:16.5: BAR 13: can't allocate I/O resource [0x10000-0xffff]
[    0.574092] pci 0000:00:16.6: BAR 13: can't allocate I/O resource [0x10000-0xffff]
[    0.574095] pci 0000:00:16.7: BAR 13: can't allocate I/O resource [0x10000-0xffff]
[    0.574098] pci 0000:00:17.3: BAR 13: can't allocate I/O resource [0x10000-0xffff]
[    0.574101] pci 0000:00:17.4: BAR 13: can't allocate I/O resource [0x10000-0xffff]
[    0.574103] pci 0000:00:17.5: BAR 13: can't allocate I/O resource [0x10000-0xffff]
[    0.574106] pci 0000:00:17.6: BAR 13: can't allocate I/O resource [0x10000-0xffff]
[    0.574109] pci 0000:00:17.7: BAR 13: can't allocate I/O resource [0x10000-0xffff]
[    0.574112] pci 0000:00:18.3: BAR 13: can't allocate I/O resource [0x10000-0xffff]
[    0.574115] pci 0000:00:18.4: BAR 13: can't allocate I/O resource [0x10000-0xffff]
[    0.574117] pci 0000:00:18.5: BAR 13: can't allocate I/O resource [0x10000-0xffff]
[    0.574120] pci 0000:00:18.6: BAR 13: can't allocate I/O resource [0x10000-0xffff]
[    0.574123] pci 0000:00:18.7: BAR 13: can't allocate I/O resource [0x10000-0xffff]
[    0.574126] pci 0000:00:01.0: PCI bridge, secondary bus 0000:01
[    0.574127] pci 0000:00:01.0:   IO window: disabled
[    0.574158] pci 0000:00:01.0:   MEM window: disabled
[    0.574178] pci 0000:00:01.0:   PREFETCH window: disabled
[    0.574218] pci 0000:00:11.0: PCI bridge, secondary bus 0000:02
[    0.574230] pci 0000:00:11.0:   IO window: 0x2000-0x3fff
[    0.574260] pci 0000:00:11.0:   MEM window: 0xc9000000-0xca3fffff
[    0.574281] pci 0000:00:11.0:   PREFETCH window: 0x000000d8400000-0x000000d89fffff
[    0.574320] pci 0000:00:15.0: PCI bridge, secondary bus 0000:03
[    0.574331] pci 0000:00:15.0:   IO window: 0x4000-0x4fff
[    0.574361] pci 0000:00:15.0:   MEM window: 0xca400000-0xca4fffff
[    0.574382] pci 0000:00:15.0:   PREFETCH window: 0x000000d8a00000-0x000000d8afffff
[    0.574433] pci 0000:00:15.1: PCI bridge, secondary bus 0000:04
[    0.574445] pci 0000:00:15.1:   IO window: 0x8000-0x8fff
[    0.574494] pci 0000:00:15.1:   MEM window: 0xca800000-0xca8fffff
[    0.574515] pci 0000:00:15.1:   PREFETCH window: 0x000000d8e00000-0x000000d8efffff
[    0.574558] pci 0000:00:15.2: PCI bridge, secondary bus 0000:05
[    0.574570] pci 0000:00:15.2:   IO window: 0xc000-0xcfff
[    0.574600] pci 0000:00:15.2:   MEM window: 0xcac00000-0xcacfffff
[    0.574620] pci 0000:00:15.2:   PREFETCH window: 0x000000d9200000-0x000000d92fffff
[    0.574663] pci 0000:00:15.3: PCI bridge, secondary bus 0000:06
[    0.574664] pci 0000:00:15.3:   IO window: disabled
[    0.574694] pci 0000:00:15.3:   MEM window: 0xcb000000-0xcb0fffff
[    0.574715] pci 0000:00:15.3:   PREFETCH window: 0x000000d9600000-0x000000d96fffff
[    0.574757] pci 0000:00:15.4: PCI bridge, secondary bus 0000:07
[    0.574759] pci 0000:00:15.4:   IO window: disabled
[    0.574789] pci 0000:00:15.4:   MEM window: 0xcb400000-0xcb4fffff
[    0.574809] pci 0000:00:15.4:   PREFETCH window: 0x000000d9a00000-0x000000d9afffff
[    0.574852] pci 0000:00:15.5: PCI bridge, secondary bus 0000:08
[    0.574854] pci 0000:00:15.5:   IO window: disabled
[    0.574883] pci 0000:00:15.5:   MEM window: 0xcb800000-0xcb8fffff
[    0.574904] pci 0000:00:15.5:   PREFETCH window: 0x000000d9e00000-0x000000d9efffff
[    0.574946] pci 0000:00:15.6: PCI bridge, secondary bus 0000:09
[    0.574948] pci 0000:00:15.6:   IO window: disabled
[    0.574977] pci 0000:00:15.6:   MEM window: 0xcbc00000-0xcbcfffff
[    0.574998] pci 0000:00:15.6:   PREFETCH window: 0x000000da200000-0x000000da2fffff
[    0.575040] pci 0000:00:15.7: PCI bridge, secondary bus 0000:0a
[    0.575042] pci 0000:00:15.7:   IO window: disabled
[    0.575072] pci 0000:00:15.7:   MEM window: 0xcc000000-0xcc0fffff
[    0.575092] pci 0000:00:15.7:   PREFETCH window: 0x000000da600000-0x000000da6fffff
[    0.575134] pci 0000:00:16.0: PCI bridge, secondary bus 0000:0b
[    0.575146] pci 0000:00:16.0:   IO window: 0x5000-0x5fff
[    0.575176] pci 0000:00:16.0:   MEM window: 0xca500000-0xca5fffff
[    0.575196] pci 0000:00:16.0:   PREFETCH window: 0x000000d8b00000-0x000000d8bfffff
[    0.575238] pci 0000:00:16.1: PCI bridge, secondary bus 0000:0c
[    0.575250] pci 0000:00:16.1:   IO window: 0x9000-0x9fff
[    0.575280] pci 0000:00:16.1:   MEM window: 0xca900000-0xca9fffff
[    0.575300] pci 0000:00:16.1:   PREFETCH window: 0x000000d8f00000-0x000000d8ffffff
[    0.575343] pci 0000:00:16.2: PCI bridge, secondary bus 0000:0d
[    0.575354] pci 0000:00:16.2:   IO window: 0xd000-0xdfff
[    0.575384] pci 0000:00:16.2:   MEM window: 0xcad00000-0xcadfffff
[    0.575404] pci 0000:00:16.2:   PREFETCH window: 0x000000d9300000-0x000000d93fffff
[    0.575447] pci 0000:00:16.3: PCI bridge, secondary bus 0000:0e
[    0.575448] pci 0000:00:16.3:   IO window: disabled
[    0.575480] pci 0000:00:16.3:   MEM window: 0xcb100000-0xcb1fffff
[    0.575501] pci 0000:00:16.3:   PREFETCH window: 0x000000d9700000-0x000000d97fffff
[    0.575543] pci 0000:00:16.4: PCI bridge, secondary bus 0000:0f
[    0.575545] pci 0000:00:16.4:   IO window: disabled
[    0.575575] pci 0000:00:16.4:   MEM window: 0xcb500000-0xcb5fffff
[    0.575596] pci 0000:00:16.4:   PREFETCH window: 0x000000d9b00000-0x000000d9bfffff
[    0.575638] pci 0000:00:16.5: PCI bridge, secondary bus 0000:10
[    0.575639] pci 0000:00:16.5:   IO window: disabled
[    0.575669] pci 0000:00:16.5:   MEM window: 0xcb900000-0xcb9fffff
[    0.575690] pci 0000:00:16.5:   PREFETCH window: 0x000000d9f00000-0x000000d9ffffff
[    0.575732] pci 0000:00:16.6: PCI bridge, secondary bus 0000:11
[    0.575733] pci 0000:00:16.6:   IO window: disabled
[    0.575763] pci 0000:00:16.6:   MEM window: 0xcbd00000-0xcbdfffff
[    0.575784] pci 0000:00:16.6:   PREFETCH window: 0x000000da300000-0x000000da3fffff
[    0.575826] pci 0000:00:16.7: PCI bridge, secondary bus 0000:12
[    0.575827] pci 0000:00:16.7:   IO window: disabled
[    0.575857] pci 0000:00:16.7:   MEM window: 0xcc100000-0xcc1fffff
[    0.575878] pci 0000:00:16.7:   PREFETCH window: 0x000000da700000-0x000000da7fffff
[    0.575920] pci 0000:00:17.0: PCI bridge, secondary bus 0000:13
[    0.575932] pci 0000:00:17.0:   IO window: 0x6000-0x6fff
[    0.575962] pci 0000:00:17.0:   MEM window: 0xca600000-0xca6fffff
[    0.575982] pci 0000:00:17.0:   PREFETCH window: 0x000000d8c00000-0x000000d8cfffff
[    0.576024] pci 0000:00:17.1: PCI bridge, secondary bus 0000:14
[    0.576036] pci 0000:00:17.1:   IO window: 0xa000-0xafff
[    0.576065] pci 0000:00:17.1:   MEM window: 0xcaa00000-0xcaafffff
[    0.576086] pci 0000:00:17.1:   PREFETCH window: 0x000000d9000000-0x000000d90fffff
[    0.576128] pci 0000:00:17.2: PCI bridge, secondary bus 0000:15
[    0.576140] pci 0000:00:17.2:   IO window: 0xe000-0xefff
[    0.576169] pci 0000:00:17.2:   MEM window: 0xcae00000-0xcaefffff
[    0.576190] pci 0000:00:17.2:   PREFETCH window: 0x000000d9400000-0x000000d94fffff
[    0.576232] pci 0000:00:17.3: PCI bridge, secondary bus 0000:16
[    0.576234] pci 0000:00:17.3:   IO window: disabled
[    0.576263] pci 0000:00:17.3:   MEM window: 0xcb200000-0xcb2fffff
[    0.576284] pci 0000:00:17.3:   PREFETCH window: 0x000000d9800000-0x000000d98fffff
[    0.576326] pci 0000:00:17.4: PCI bridge, secondary bus 0000:17
[    0.576327] pci 0000:00:17.4:   IO window: disabled
[    0.576357] pci 0000:00:17.4:   MEM window: 0xcb600000-0xcb6fffff
[    0.576378] pci 0000:00:17.4:   PREFETCH window: 0x000000d9c00000-0x000000d9cfffff
[    0.576420] pci 0000:00:17.5: PCI bridge, secondary bus 0000:18
[    0.576422] pci 0000:00:17.5:   IO window: disabled
[    0.576452] pci 0000:00:17.5:   MEM window: 0xcba00000-0xcbafffff
[    0.576479] pci 0000:00:17.5:   PREFETCH window: 0x000000da000000-0x000000da0fffff
[    0.576521] pci 0000:00:17.6: PCI bridge, secondary bus 0000:19
[    0.576523] pci 0000:00:17.6:   IO window: disabled
[    0.576553] pci 0000:00:17.6:   MEM window: 0xcbe00000-0xcbefffff
[    0.576573] pci 0000:00:17.6:   PREFETCH window: 0x000000da400000-0x000000da4fffff
[    0.576616] pci 0000:00:17.7: PCI bridge, secondary bus 0000:1a
[    0.576617] pci 0000:00:17.7:   IO window: disabled
[    0.576647] pci 0000:00:17.7:   MEM window: 0xcc200000-0xcc2fffff
[    0.576667] pci 0000:00:17.7:   PREFETCH window: 0x000000da800000-0x000000da8fffff
[    0.576710] pci 0000:00:18.0: PCI bridge, secondary bus 0000:1b
[    0.576721] pci 0000:00:18.0:   IO window: 0x7000-0x7fff
[    0.576751] pci 0000:00:18.0:   MEM window: 0xca700000-0xca7fffff
[    0.576772] pci 0000:00:18.0:   PREFETCH window: 0x000000d8d00000-0x000000d8dfffff
[    0.576814] pci 0000:00:18.1: PCI bridge, secondary bus 0000:1c
[    0.576825] pci 0000:00:18.1:   IO window: 0xb000-0xbfff
[    0.576855] pci 0000:00:18.1:   MEM window: 0xcab00000-0xcabfffff
[    0.576876] pci 0000:00:18.1:   PREFETCH window: 0x000000d9100000-0x000000d91fffff
[    0.576918] pci 0000:00:18.2: PCI bridge, secondary bus 0000:1d
[    0.576930] pci 0000:00:18.2:   IO window: 0xf000-0xffff
[    0.576959] pci 0000:00:18.2:   MEM window: 0xcaf00000-0xcaffffff
[    0.576980] pci 0000:00:18.2:   PREFETCH window: 0x000000d9500000-0x000000d95fffff
[    0.577022] pci 0000:00:18.3: PCI bridge, secondary bus 0000:1e
[    0.577024] pci 0000:00:18.3:   IO window: disabled
[    0.577054] pci 0000:00:18.3:   MEM window: 0xcb300000-0xcb3fffff
[    0.577074] pci 0000:00:18.3:   PREFETCH window: 0x000000d9900000-0x000000d99fffff
[    0.577116] pci 0000:00:18.4: PCI bridge, secondary bus 0000:1f
[    0.577118] pci 0000:00:18.4:   IO window: disabled
[    0.577148] pci 0000:00:18.4:   MEM window: 0xcb700000-0xcb7fffff
[    0.577168] pci 0000:00:18.4:   PREFETCH window: 0x000000d9d00000-0x000000d9dfffff
[    0.577210] pci 0000:00:18.5: PCI bridge, secondary bus 0000:20
[    0.577212] pci 0000:00:18.5:   IO window: disabled
[    0.577242] pci 0000:00:18.5:   MEM window: 0xcbb00000-0xcbbfffff
[    0.577263] pci 0000:00:18.5:   PREFETCH window: 0x000000da100000-0x000000da1fffff
[    0.577305] pci 0000:00:18.6: PCI bridge, secondary bus 0000:21
[    0.577306] pci 0000:00:18.6:   IO window: disabled
[    0.577336] pci 0000:00:18.6:   MEM window: 0xcbf00000-0xcbffffff
[    0.577357] pci 0000:00:18.6:   PREFETCH window: 0x000000da500000-0x000000da5fffff
[    0.577399] pci 0000:00:18.7: PCI bridge, secondary bus 0000:22
[    0.577401] pci 0000:00:18.7:   IO window: disabled
[    0.577430] pci 0000:00:18.7:   MEM window: 0xcc300000-0xcc3fffff
[    0.577451] pci 0000:00:18.7:   PREFETCH window: 0x000000da900000-0x000000da9fffff
[    0.577533] pci 0000:00:01.0: setting latency timer to 64
[    0.577642] pci 0000:00:15.0: setting latency timer to 64
[    0.577709] pci 0000:00:15.1: setting latency timer to 64
[    0.577776] pci 0000:00:15.2: setting latency timer to 64
[    0.577842] pci 0000:00:15.3: setting latency timer to 64
[    0.577909] pci 0000:00:15.4: setting latency timer to 64
[    0.577976] pci 0000:00:15.5: setting latency timer to 64
[    0.578043] pci 0000:00:15.6: setting latency timer to 64
[    0.578110] pci 0000:00:15.7: setting latency timer to 64
[    0.578210] pci 0000:00:16.0: setting latency timer to 64
[    0.578310] pci 0000:00:16.1: setting latency timer to 64
[    0.578415] pci 0000:00:16.2: setting latency timer to 64
[    0.578554] pci 0000:00:16.3: setting latency timer to 64
[    0.578636] pci 0000:00:16.4: setting latency timer to 64
[    0.578704] pci 0000:00:16.5: setting latency timer to 64
[    0.578771] pci 0000:00:16.6: setting latency timer to 64
[    0.578838] pci 0000:00:16.7: setting latency timer to 64
[    0.578905] pci 0000:00:17.0: setting latency timer to 64
[    0.578972] pci 0000:00:17.1: setting latency timer to 64
[    0.579039] pci 0000:00:17.2: setting latency timer to 64
[    0.579106] pci 0000:00:17.3: setting latency timer to 64
[    0.579173] pci 0000:00:17.4: setting latency timer to 64
[    0.579239] pci 0000:00:17.5: setting latency timer to 64
[    0.579306] pci 0000:00:17.6: setting latency timer to 64
[    0.579373] pci 0000:00:17.7: setting latency timer to 64
[    0.579439] pci 0000:00:18.0: setting latency timer to 64
[    0.579537] pci 0000:00:18.1: setting latency timer to 64
[    0.579632] pci 0000:00:18.2: setting latency timer to 64
[    0.579705] pci 0000:00:18.3: setting latency timer to 64
[    0.579772] pci 0000:00:18.4: setting latency timer to 64
[    0.579839] pci 0000:00:18.5: setting latency timer to 64
[    0.579905] pci 0000:00:18.6: setting latency timer to 64
[    0.579972] pci 0000:00:18.7: setting latency timer to 64
[    0.579985] pci_bus 0000:00: resource 0 io:  [0x00-0xffff]
[    0.579987] pci_bus 0000:00: resource 1 mem: [0x000000-0xffffffffffffffff]
[    0.579990] pci_bus 0000:02: resource 0 io:  [0x2000-0x3fff]
[    0.579992] pci_bus 0000:02: resource 1 mem: [0xc9000000-0xca3fffff]
[    0.579994] pci_bus 0000:02: resource 2 pref mem [0xd8400000-0xd89fffff]
[    0.579996] pci_bus 0000:02: resource 3 io:  [0x00-0xffff]
[    0.579998] pci_bus 0000:02: resource 4 mem: [0x000000-0xffffffffffffffff]
[    0.580001] pci_bus 0000:03: resource 0 io:  [0x4000-0x4fff]
[    0.580003] pci_bus 0000:03: resource 1 mem: [0xca400000-0xca4fffff]
[    0.580004] pci_bus 0000:03: resource 2 pref mem [0xd8a00000-0xd8afffff]
[    0.580007] pci_bus 0000:04: resource 0 io:  [0x8000-0x8fff]
[    0.580008] pci_bus 0000:04: resource 1 mem: [0xca800000-0xca8fffff]
[    0.580010] pci_bus 0000:04: resource 2 pref mem [0xd8e00000-0xd8efffff]
[    0.580012] pci_bus 0000:05: resource 0 io:  [0xc000-0xcfff]
[    0.580014] pci_bus 0000:05: resource 1 mem: [0xcac00000-0xcacfffff]
[    0.580016] pci_bus 0000:05: resource 2 pref mem [0xd9200000-0xd92fffff]
[    0.580018] pci_bus 0000:06: resource 1 mem: [0xcb000000-0xcb0fffff]
[    0.580020] pci_bus 0000:06: resource 2 pref mem [0xd9600000-0xd96fffff]
[    0.580022] pci_bus 0000:07: resource 1 mem: [0xcb400000-0xcb4fffff]
[    0.580024] pci_bus 0000:07: resource 2 pref mem [0xd9a00000-0xd9afffff]
[    0.580026] pci_bus 0000:08: resource 1 mem: [0xcb800000-0xcb8fffff]
[    0.580028] pci_bus 0000:08: resource 2 pref mem [0xd9e00000-0xd9efffff]
[    0.580030] pci_bus 0000:09: resource 1 mem: [0xcbc00000-0xcbcfffff]
[    0.580032] pci_bus 0000:09: resource 2 pref mem [0xda200000-0xda2fffff]
[    0.580034] pci_bus 0000:0a: resource 1 mem: [0xcc000000-0xcc0fffff]
[    0.580036] pci_bus 0000:0a: resource 2 pref mem [0xda600000-0xda6fffff]
[    0.580038] pci_bus 0000:0b: resource 0 io:  [0x5000-0x5fff]
[    0.580040] pci_bus 0000:0b: resource 1 mem: [0xca500000-0xca5fffff]
[    0.580041] pci_bus 0000:0b: resource 2 pref mem [0xd8b00000-0xd8bfffff]
[    0.580043] pci_bus 0000:0c: resource 0 io:  [0x9000-0x9fff]
[    0.580045] pci_bus 0000:0c: resource 1 mem: [0xca900000-0xca9fffff]
[    0.580047] pci_bus 0000:0c: resource 2 pref mem [0xd8f00000-0xd8ffffff]
[    0.580049] pci_bus 0000:0d: resource 0 io:  [0xd000-0xdfff]
[    0.580051] pci_bus 0000:0d: resource 1 mem: [0xcad00000-0xcadfffff]
[    0.580053] pci_bus 0000:0d: resource 2 pref mem [0xd9300000-0xd93fffff]
[    0.580055] pci_bus 0000:0e: resource 1 mem: [0xcb100000-0xcb1fffff]
[    0.580057] pci_bus 0000:0e: resource 2 pref mem [0xd9700000-0xd97fffff]
[    0.580059] pci_bus 0000:0f: resource 1 mem: [0xcb500000-0xcb5fffff]
[    0.580061] pci_bus 0000:0f: resource 2 pref mem [0xd9b00000-0xd9bfffff]
[    0.580063] pci_bus 0000:10: resource 1 mem: [0xcb900000-0xcb9fffff]
[    0.580065] pci_bus 0000:10: resource 2 pref mem [0xd9f00000-0xd9ffffff]
[    0.580067] pci_bus 0000:11: resource 1 mem: [0xcbd00000-0xcbdfffff]
[    0.580069] pci_bus 0000:11: resource 2 pref mem [0xda300000-0xda3fffff]
[    0.580071] pci_bus 0000:12: resource 1 mem: [0xcc100000-0xcc1fffff]
[    0.580072] pci_bus 0000:12: resource 2 pref mem [0xda700000-0xda7fffff]
[    0.580074] pci_bus 0000:13: resource 0 io:  [0x6000-0x6fff]
[    0.580076] pci_bus 0000:13: resource 1 mem: [0xca600000-0xca6fffff]
[    0.580078] pci_bus 0000:13: resource 2 pref mem [0xd8c00000-0xd8cfffff]
[    0.580080] pci_bus 0000:14: resource 0 io:  [0xa000-0xafff]
[    0.580082] pci_bus 0000:14: resource 1 mem: [0xcaa00000-0xcaafffff]
[    0.580084] pci_bus 0000:14: resource 2 pref mem [0xd9000000-0xd90fffff]
[    0.580086] pci_bus 0000:15: resource 0 io:  [0xe000-0xefff]
[    0.580088] pci_bus 0000:15: resource 1 mem: [0xcae00000-0xcaefffff]
[    0.580089] pci_bus 0000:15: resource 2 pref mem [0xd9400000-0xd94fffff]
[    0.580091] pci_bus 0000:16: resource 1 mem: [0xcb200000-0xcb2fffff]
[    0.580093] pci_bus 0000:16: resource 2 pref mem [0xd9800000-0xd98fffff]
[    0.580095] pci_bus 0000:17: resource 1 mem: [0xcb600000-0xcb6fffff]
[    0.580097] pci_bus 0000:17: resource 2 pref mem [0xd9c00000-0xd9cfffff]
[    0.580099] pci_bus 0000:18: resource 1 mem: [0xcba00000-0xcbafffff]
[    0.580101] pci_bus 0000:18: resource 2 pref mem [0xda000000-0xda0fffff]
[    0.580103] pci_bus 0000:19: resource 1 mem: [0xcbe00000-0xcbefffff]
[    0.580105] pci_bus 0000:19: resource 2 pref mem [0xda400000-0xda4fffff]
[    0.580107] pci_bus 0000:1a: resource 1 mem: [0xcc200000-0xcc2fffff]
[    0.580109] pci_bus 0000:1a: resource 2 pref mem [0xda800000-0xda8fffff]
[    0.580111] pci_bus 0000:1b: resource 0 io:  [0x7000-0x7fff]
[    0.580113] pci_bus 0000:1b: resource 1 mem: [0xca700000-0xca7fffff]
[    0.580115] pci_bus 0000:1b: resource 2 pref mem [0xd8d00000-0xd8dfffff]
[    0.580117] pci_bus 0000:1c: resource 0 io:  [0xb000-0xbfff]
[    0.580119] pci_bus 0000:1c: resource 1 mem: [0xcab00000-0xcabfffff]
[    0.580120] pci_bus 0000:1c: resource 2 pref mem [0xd9100000-0xd91fffff]
[    0.580122] pci_bus 0000:1d: resource 0 io:  [0xf000-0xffff]
[    0.580124] pci_bus 0000:1d: resource 1 mem: [0xcaf00000-0xcaffffff]
[    0.580126] pci_bus 0000:1d: resource 2 pref mem [0xd9500000-0xd95fffff]
[    0.580128] pci_bus 0000:1e: resource 1 mem: [0xcb300000-0xcb3fffff]
[    0.580130] pci_bus 0000:1e: resource 2 pref mem [0xd9900000-0xd99fffff]
[    0.580132] pci_bus 0000:1f: resource 1 mem: [0xcb700000-0xcb7fffff]
[    0.580134] pci_bus 0000:1f: resource 2 pref mem [0xd9d00000-0xd9dfffff]
[    0.580136] pci_bus 0000:20: resource 1 mem: [0xcbb00000-0xcbbfffff]
[    0.580138] pci_bus 0000:20: resource 2 pref mem [0xda100000-0xda1fffff]
[    0.580140] pci_bus 0000:21: resource 1 mem: [0xcbf00000-0xcbffffff]
[    0.580142] pci_bus 0000:21: resource 2 pref mem [0xda500000-0xda5fffff]
[    0.580144] pci_bus 0000:22: resource 1 mem: [0xcc300000-0xcc3fffff]
[    0.580146] pci_bus 0000:22: resource 2 pref mem [0xda900000-0xda9fffff]
[    0.580170] NET: Registered protocol family 2
[    0.580189] RANDOM - __random32 called. Change num 7.  Value: e4915c27	228b7335	4c33f162
[    0.580191] RANDOM - random32 called.  Value: e4915c27	228b7335	4c33f162
[    0.580201] random 0000 0000 0000 00000000 00000000: rand_read_num 2 get_random_bytes(4): sig fffffe1a 00000000 00000000
[    0.580203] random 0000 0000 0000 00000000 00000000: extract_entropy(.. 4 ..)
[    0.580206] random 0000 0000 0000 00000000 00000000: going to reseed nonblocking with 64 bits (32 of 0 requested)
[    0.580208] random 0000 0000 0000 00000000 00000000: extract_entropy(.. 8 ..)
[    0.580211] random 0000 0000 0000 00000000 00000000: trying to extract 64 bits from input
[    0.580213] random 0000 0000 0000 00000000 00000000: debiting 0 entropy credits from input
[    0.580215] random 0000 0000 0000 00000000 00000000: extract_entropy account returned: 0 
[    0.580218] random 0000 0000 0000 00000000 00000000: urand_change_num 3 xfer_secondary_pool(4): pool_sig fffffe1a, data_sig 00000000, bytes_mixed 0 00000000 00000000
[    0.580221] random 0000 0000 0000 00000000 00000000: trying to extract 32 bits from nonblocking
[    0.580224] random 0000 0000 0000 00000000 00000000: debiting 32 entropy credits from nonblocking (unlimited)
[    0.580226] random 0000 0000 0000 00000000 00000000: extract_entropy account returned: 4 
[    0.580230] random 0000 0000 0000 00000000 00000000: urand_change_num 4 extract_buf: pool_sig fffffe1a, data_sig fffffed7, bytes_mixed 20 00000000 00000000
[    0.580261] IP route cache hash table entries: 32768 (order: 5, 131072 bytes)
[    0.580356] RANDOM - __random32 called. Change num 8.  Value: 15c279e2	28b73354	e2c5b58f
[    0.580358] RANDOM - random32 called.  Value: 15c279e2	28b73354	e2c5b58f
[    0.580421] RANDOM - __random32 called. Change num 9.  Value: 279e2b5f	8b733545	6b1e9d03
[    0.580423] RANDOM - random32 called.  Value: 279e2b5f	8b733545	6b1e9d03
[    0.580425] RANDOM - __random32 called. Change num 10.  Value: e2b5fc5e	b7335453	3a067d4e
[    0.580427] RANDOM - random32 called.  Value: e2b5fc5e	b7335453	3a067d4e
[    0.580450] RANDOM - __random32 called. Change num 11.  Value: 5fc5eba7	73354535	fa9d46b2
[    0.580452] RANDOM - random32 called.  Value: 5fc5eba7	73354535	fa9d46b2
[    0.580489] TCP established hash table entries: 131072 (order: 8, 1048576 bytes)
[    0.580831] TCP bind hash table entries: 65536 (order: 7, 524288 bytes)
[    0.581055] TCP: Hash tables configured (established 131072 bind 65536)
[    0.581057] TCP reno registered
[    0.581097] NET: Registered protocol family 1
[    0.581107] pci 0000:00:00.0: Limiting direct PCI/PCI transfers
[    0.581129] pci 0000:00:0f.0: Boot video device
[    0.581335] Trying to unpack rootfs image as initramfs...
[    1.755962] Freeing initrd memory: 83430k freed
[    1.759997] Simple Boot Flag at 0x36 set to 0x1
[    1.760042] cpufreq-nforce2: No nForce2 chipset.
[    1.760056] Scanning for low memory corruption every 60 seconds
[    1.760173] audit: initializing netlink socket (disabled)
[    1.760181] type=2000 audit(1369442133.744:1): initialized
[    1.764093] highmem bounce pool size: 64 pages
[    1.764098] HugeTLB registered 2 MB page size, pre-allocated 0 pages
[    1.764203] VFS: Disk quotas dquot_6.5.2
[    1.764239] Dquot-cache hash table entries: 1024 (order 0, 4096 bytes)
[    1.764327] fuse init (API version 7.13)
[    1.764371] msgmni has been set to 1729
[    1.764699] alg: No test for stdrng (krng)
[    1.764738] Block layer SCSI generic (bsg) driver version 0.4 loaded (major 253)
[    1.764741] io scheduler noop registered
[    1.764743] io scheduler anticipatory registered
[    1.764744] io scheduler deadline registered
[    1.764766] io scheduler cfq registered (default)
[    1.764810]   alloc irq_desc for 24 on node -1
[    1.764812]   alloc kstat_irqs on node -1
[    1.764856] pcieport 0000:00:15.0: irq 24 for MSI/MSI-X
[    1.764900] pcieport 0000:00:15.0: setting latency timer to 64
[    1.764944]   alloc irq_desc for 25 on node -1
[    1.764947]   alloc kstat_irqs on node -1
[    1.764991] pcieport 0000:00:15.1: irq 25 for MSI/MSI-X
[    1.765035] pcieport 0000:00:15.1: setting latency timer to 64
[    1.765079]   alloc irq_desc for 26 on node -1
[    1.765081]   alloc kstat_irqs on node -1
[    1.765125] pcieport 0000:00:15.2: irq 26 for MSI/MSI-X
[    1.765169] pcieport 0000:00:15.2: setting latency timer to 64
[    1.765213]   alloc irq_desc for 27 on node -1
[    1.765215]   alloc kstat_irqs on node -1
[    1.765259] pcieport 0000:00:15.3: irq 27 for MSI/MSI-X
[    1.765303] pcieport 0000:00:15.3: setting latency timer to 64
[    1.765347]   alloc irq_desc for 28 on node -1
[    1.765349]   alloc kstat_irqs on node -1
[    1.765393] pcieport 0000:00:15.4: irq 28 for MSI/MSI-X
[    1.765438] pcieport 0000:00:15.4: setting latency timer to 64
[    1.765482]   alloc irq_desc for 29 on node -1
[    1.765484]   alloc kstat_irqs on node -1
[    1.765528] pcieport 0000:00:15.5: irq 29 for MSI/MSI-X
[    1.765572] pcieport 0000:00:15.5: setting latency timer to 64
[    1.765616]   alloc irq_desc for 30 on node -1
[    1.765619]   alloc kstat_irqs on node -1
[    1.765663] pcieport 0000:00:15.6: irq 30 for MSI/MSI-X
[    1.765707] pcieport 0000:00:15.6: setting latency timer to 64
[    1.765751]   alloc irq_desc for 31 on node -1
[    1.765753]   alloc kstat_irqs on node -1
[    1.765797] pcieport 0000:00:15.7: irq 31 for MSI/MSI-X
[    1.765841] pcieport 0000:00:15.7: setting latency timer to 64
[    1.765885]   alloc irq_desc for 32 on node -1
[    1.765887]   alloc kstat_irqs on node -1
[    1.765931] pcieport 0000:00:16.0: irq 32 for MSI/MSI-X
[    1.765975] pcieport 0000:00:16.0: setting latency timer to 64
[    1.766019]   alloc irq_desc for 33 on node -1
[    1.766022]   alloc kstat_irqs on node -1
[    1.766066] pcieport 0000:00:16.1: irq 33 for MSI/MSI-X
[    1.766110] pcieport 0000:00:16.1: setting latency timer to 64
[    1.766154]   alloc irq_desc for 34 on node -1
[    1.766156]   alloc kstat_irqs on node -1
[    1.766200] pcieport 0000:00:16.2: irq 34 for MSI/MSI-X
[    1.766244] pcieport 0000:00:16.2: setting latency timer to 64
[    1.766288]   alloc irq_desc for 35 on node -1
[    1.766290]   alloc kstat_irqs on node -1
[    1.766334] pcieport 0000:00:16.3: irq 35 for MSI/MSI-X
[    1.766378] pcieport 0000:00:16.3: setting latency timer to 64
[    1.766422]   alloc irq_desc for 36 on node -1
[    1.766424]   alloc kstat_irqs on node -1
[    1.766468] pcieport 0000:00:16.4: irq 36 for MSI/MSI-X
[    1.766512] pcieport 0000:00:16.4: setting latency timer to 64
[    1.766557]   alloc irq_desc for 37 on node -1
[    1.766558]   alloc kstat_irqs on node -1
[    1.766603] pcieport 0000:00:16.5: irq 37 for MSI/MSI-X
[    1.766647] pcieport 0000:00:16.5: setting latency timer to 64
[    1.766691]   alloc irq_desc for 38 on node -1
[    1.766693]   alloc kstat_irqs on node -1
[    1.766737] pcieport 0000:00:16.6: irq 38 for MSI/MSI-X
[    1.766781] pcieport 0000:00:16.6: setting latency timer to 64
[    1.767986]   alloc irq_desc for 39 on node -1
[    1.767988]   alloc kstat_irqs on node -1
[    1.768032] pcieport 0000:00:16.7: irq 39 for MSI/MSI-X
[    1.768076] pcieport 0000:00:16.7: setting latency timer to 64
[    1.768120]   alloc irq_desc for 40 on node -1
[    1.768122]   alloc kstat_irqs on node -1
[    1.768167] pcieport 0000:00:17.0: irq 40 for MSI/MSI-X
[    1.768211] pcieport 0000:00:17.0: setting latency timer to 64
[    1.768255]   alloc irq_desc for 41 on node -1
[    1.768257]   alloc kstat_irqs on node -1
[    1.768301] pcieport 0000:00:17.1: irq 41 for MSI/MSI-X
[    1.768345] pcieport 0000:00:17.1: setting latency timer to 64
[    1.768389]   alloc irq_desc for 42 on node -1
[    1.768391]   alloc kstat_irqs on node -1
[    1.768435] pcieport 0000:00:17.2: irq 42 for MSI/MSI-X
[    1.768479] pcieport 0000:00:17.2: setting latency timer to 64
[    1.768523]   alloc irq_desc for 43 on node -1
[    1.768525]   alloc kstat_irqs on node -1
[    1.768570] pcieport 0000:00:17.3: irq 43 for MSI/MSI-X
[    1.768614] pcieport 0000:00:17.3: setting latency timer to 64
[    1.768658]   alloc irq_desc for 44 on node -1
[    1.768660]   alloc kstat_irqs on node -1
[    1.768704] pcieport 0000:00:17.4: irq 44 for MSI/MSI-X
[    1.768748] pcieport 0000:00:17.4: setting latency timer to 64
[    1.768792]   alloc irq_desc for 45 on node -1
[    1.768794]   alloc kstat_irqs on node -1
[    1.768838] pcieport 0000:00:17.5: irq 45 for MSI/MSI-X
[    1.768882] pcieport 0000:00:17.5: setting latency timer to 64
[    1.768926]   alloc irq_desc for 46 on node -1
[    1.768928]   alloc kstat_irqs on node -1
[    1.768972] pcieport 0000:00:17.6: irq 46 for MSI/MSI-X
[    1.769016] pcieport 0000:00:17.6: setting latency timer to 64
[    1.769060]   alloc irq_desc for 47 on node -1
[    1.769062]   alloc kstat_irqs on node -1
[    1.769106] pcieport 0000:00:17.7: irq 47 for MSI/MSI-X
[    1.769150] pcieport 0000:00:17.7: setting latency timer to 64
[    1.769194]   alloc irq_desc for 48 on node -1
[    1.769196]   alloc kstat_irqs on node -1
[    1.769240] pcieport 0000:00:18.0: irq 48 for MSI/MSI-X
[    1.769285] pcieport 0000:00:18.0: setting latency timer to 64
[    1.769329]   alloc irq_desc for 49 on node -1
[    1.769331]   alloc kstat_irqs on node -1
[    1.769375] pcieport 0000:00:18.1: irq 49 for MSI/MSI-X
[    1.769419] pcieport 0000:00:18.1: setting latency timer to 64
[    1.769463]   alloc irq_desc for 50 on node -1
[    1.769465]   alloc kstat_irqs on node -1
[    1.769509] pcieport 0000:00:18.2: irq 50 for MSI/MSI-X
[    1.769553] pcieport 0000:00:18.2: setting latency timer to 64
[    1.769597]   alloc irq_desc for 51 on node -1
[    1.769599]   alloc kstat_irqs on node -1
[    1.769643] pcieport 0000:00:18.3: irq 51 for MSI/MSI-X
[    1.769687] pcieport 0000:00:18.3: setting latency timer to 64
[    1.769731]   alloc irq_desc for 52 on node -1
[    1.769734]   alloc kstat_irqs on node -1
[    1.769778] pcieport 0000:00:18.4: irq 52 for MSI/MSI-X
[    1.769822] pcieport 0000:00:18.4: setting latency timer to 64
[    1.769866]   alloc irq_desc for 53 on node -1
[    1.769868]   alloc kstat_irqs on node -1
[    1.769912] pcieport 0000:00:18.5: irq 53 for MSI/MSI-X
[    1.769956] pcieport 0000:00:18.5: setting latency timer to 64
[    1.770000]   alloc irq_desc for 54 on node -1
[    1.770002]   alloc kstat_irqs on node -1
[    1.770046] pcieport 0000:00:18.6: irq 54 for MSI/MSI-X
[    1.770090] pcieport 0000:00:18.6: setting latency timer to 64
[    1.770134]   alloc irq_desc for 55 on node -1
[    1.770136]   alloc kstat_irqs on node -1
[    1.770181] pcieport 0000:00:18.7: irq 55 for MSI/MSI-X
[    1.770225] pcieport 0000:00:18.7: setting latency timer to 64
[    1.770269] pci_hotplug: PCI Hot Plug PCI Core version: 0.5
[    1.772016] pciehp 0000:00:15.0:pcie04: HPC vendor_id 15ad device_id 7a0 ss_vid 0 ss_did 0
[    1.772066] pciehp 0000:00:15.0:pcie04: service driver pciehp loaded
[    1.772116] pciehp 0000:00:15.1:pcie04: HPC vendor_id 15ad device_id 7a0 ss_vid 0 ss_did 0
[    1.772166] pciehp 0000:00:15.1:pcie04: service driver pciehp loaded
[    1.772217] pciehp 0000:00:15.2:pcie04: HPC vendor_id 15ad device_id 7a0 ss_vid 0 ss_did 0
[    1.772267] pciehp 0000:00:15.2:pcie04: service driver pciehp loaded
[    1.772317] pciehp 0000:00:15.3:pcie04: HPC vendor_id 15ad device_id 7a0 ss_vid 0 ss_did 0
[    1.772367] pciehp 0000:00:15.3:pcie04: service driver pciehp loaded
[    1.772418] pciehp 0000:00:15.4:pcie04: HPC vendor_id 15ad device_id 7a0 ss_vid 0 ss_did 0
[    1.772468] pciehp 0000:00:15.4:pcie04: service driver pciehp loaded
[    1.772518] pciehp 0000:00:15.5:pcie04: HPC vendor_id 15ad device_id 7a0 ss_vid 0 ss_did 0
[    1.772568] pciehp 0000:00:15.5:pcie04: service driver pciehp loaded
[    1.772619] pciehp 0000:00:15.6:pcie04: HPC vendor_id 15ad device_id 7a0 ss_vid 0 ss_did 0
[    1.772669] pciehp 0000:00:15.6:pcie04: service driver pciehp loaded
[    1.772719] pciehp 0000:00:15.7:pcie04: HPC vendor_id 15ad device_id 7a0 ss_vid 0 ss_did 0
[    1.772769] pciehp 0000:00:15.7:pcie04: service driver pciehp loaded
[    1.772820] pciehp 0000:00:16.0:pcie04: HPC vendor_id 15ad device_id 7a0 ss_vid 0 ss_did 0
[    1.772870] pciehp 0000:00:16.0:pcie04: service driver pciehp loaded
[    1.772920] pciehp 0000:00:16.1:pcie04: HPC vendor_id 15ad device_id 7a0 ss_vid 0 ss_did 0
[    1.772970] pciehp 0000:00:16.1:pcie04: service driver pciehp loaded
[    1.773021] pciehp 0000:00:16.2:pcie04: HPC vendor_id 15ad device_id 7a0 ss_vid 0 ss_did 0
[    1.773071] pciehp 0000:00:16.2:pcie04: service driver pciehp loaded
[    1.773121] pciehp 0000:00:16.3:pcie04: HPC vendor_id 15ad device_id 7a0 ss_vid 0 ss_did 0
[    1.773171] pciehp 0000:00:16.3:pcie04: service driver pciehp loaded
[    1.773222] pciehp 0000:00:16.4:pcie04: HPC vendor_id 15ad device_id 7a0 ss_vid 0 ss_did 0
[    1.773272] pciehp 0000:00:16.4:pcie04: service driver pciehp loaded
[    1.773322] pciehp 0000:00:16.5:pcie04: HPC vendor_id 15ad device_id 7a0 ss_vid 0 ss_did 0
[    1.773372] pciehp 0000:00:16.5:pcie04: service driver pciehp loaded
[    1.773423] pciehp 0000:00:16.6:pcie04: HPC vendor_id 15ad device_id 7a0 ss_vid 0 ss_did 0
[    1.773473] pciehp 0000:00:16.6:pcie04: service driver pciehp loaded
[    1.773523] pciehp 0000:00:16.7:pcie04: HPC vendor_id 15ad device_id 7a0 ss_vid 0 ss_did 0
[    1.773573] pciehp 0000:00:16.7:pcie04: service driver pciehp loaded
[    1.773624] pciehp 0000:00:17.0:pcie04: HPC vendor_id 15ad device_id 7a0 ss_vid 0 ss_did 0
[    1.773674] pciehp 0000:00:17.0:pcie04: service driver pciehp loaded
[    1.773724] pciehp 0000:00:17.1:pcie04: HPC vendor_id 15ad device_id 7a0 ss_vid 0 ss_did 0
[    1.773774] pciehp 0000:00:17.1:pcie04: service driver pciehp loaded
[    1.773825] pciehp 0000:00:17.2:pcie04: HPC vendor_id 15ad device_id 7a0 ss_vid 0 ss_did 0
[    1.773875] pciehp 0000:00:17.2:pcie04: service driver pciehp loaded
[    1.773925] pciehp 0000:00:17.3:pcie04: HPC vendor_id 15ad device_id 7a0 ss_vid 0 ss_did 0
[    1.773975] pciehp 0000:00:17.3:pcie04: service driver pciehp loaded
[    1.774026] pciehp 0000:00:17.4:pcie04: HPC vendor_id 15ad device_id 7a0 ss_vid 0 ss_did 0
[    1.774076] pciehp 0000:00:17.4:pcie04: service driver pciehp loaded
[    1.774126] pciehp 0000:00:17.5:pcie04: HPC vendor_id 15ad device_id 7a0 ss_vid 0 ss_did 0
[    1.774176] pciehp 0000:00:17.5:pcie04: service driver pciehp loaded
[    1.774227] pciehp 0000:00:17.6:pcie04: HPC vendor_id 15ad device_id 7a0 ss_vid 0 ss_did 0
[    1.774277] pciehp 0000:00:17.6:pcie04: service driver pciehp loaded
[    1.774327] pciehp 0000:00:17.7:pcie04: HPC vendor_id 15ad device_id 7a0 ss_vid 0 ss_did 0
[    1.774377] pciehp 0000:00:17.7:pcie04: service driver pciehp loaded
[    1.774428] pciehp 0000:00:18.0:pcie04: HPC vendor_id 15ad device_id 7a0 ss_vid 0 ss_did 0
[    1.774478] pciehp 0000:00:18.0:pcie04: service driver pciehp loaded
[    1.774528] pciehp 0000:00:18.1:pcie04: HPC vendor_id 15ad device_id 7a0 ss_vid 0 ss_did 0
[    1.774578] pciehp 0000:00:18.1:pcie04: service driver pciehp loaded
[    1.774629] pciehp 0000:00:18.2:pcie04: HPC vendor_id 15ad device_id 7a0 ss_vid 0 ss_did 0
[    1.774679] pciehp 0000:00:18.2:pcie04: service driver pciehp loaded
[    1.774729] pciehp 0000:00:18.3:pcie04: HPC vendor_id 15ad device_id 7a0 ss_vid 0 ss_did 0
[    1.774779] pciehp 0000:00:18.3:pcie04: service driver pciehp loaded
[    1.774830] pciehp 0000:00:18.4:pcie04: HPC vendor_id 15ad device_id 7a0 ss_vid 0 ss_did 0
[    1.774880] pciehp 0000:00:18.4:pcie04: service driver pciehp loaded
[    1.774930] pciehp 0000:00:18.5:pcie04: HPC vendor_id 15ad device_id 7a0 ss_vid 0 ss_did 0
[    1.774980] pciehp 0000:00:18.5:pcie04: service driver pciehp loaded
[    1.775031] pciehp 0000:00:18.6:pcie04: HPC vendor_id 15ad device_id 7a0 ss_vid 0 ss_did 0
[    1.775081] pciehp 0000:00:18.6:pcie04: service driver pciehp loaded
[    1.775131] pciehp 0000:00:18.7:pcie04: HPC vendor_id 15ad device_id 7a0 ss_vid 0 ss_did 0
[    1.775181] pciehp 0000:00:18.7:pcie04: service driver pciehp loaded
[    1.775191] pciehp: PCI Express Hot Plug Controller Driver version: 0.4
[    1.775247] ACPI: AC Adapter [ACAD] (on-line)
[    1.775306] input: Power Button as /devices/LNXSYSTM:00/LNXPWRBN:00/input/input0
[    1.775308] ACPI: Power Button [PWRF]
[    1.775359] processor LNXCPU:00: registered as cooling_device0
[    1.819912] isapnp: Scanning for PnP cards...
[    2.173817] isapnp: No Plug & Play device found
[    2.173848] random 0000 0000 0000 5f8db4e5 4cfdf2a8: initializing
[    2.173971] Linux agpgart interface v0.103
[    2.174012] agpgart-intel 0000:00:00.0: Intel 440BX Chipset
[    2.174063] agpgart-intel 0000:00:00.0: AGP aperture is 256M @ 0x0
[    2.174096] Serial: 8250/16550 driver, 32 ports, IRQ sharing enabled
[    2.174146] serial8250: ttyS0 at I/O 0x3f8 (irq = 4) is a 16550A
[    2.174196] serial8250: ttyS1 at I/O 0x2f8 (irq = 3) is a 16550A
[    2.174246] 00:0a: ttyS0 at I/O 0x3f8 (irq = 4) is a 16550A
[    2.174297] 00:0b: ttyS1 at I/O 0x2f8 (irq = 3) is a 16550A
[    2.174347] brd: module loaded
[    2.174397] loop: module loaded
[    2.174447] ata_piix 0000:00:07.1: version 2.13
[    2.174528] scsi0 : ata_piix
[    2.174578] scsi1 : ata_piix
[    2.174599] ata1: PATA max UDMA/33 cmd 0x1f0 ctl 0x3f6 bmdma 0x10c0 irq 14
[    2.174601] ata2: PATA max UDMA/33 cmd 0x170 ctl 0x376 bmdma 0x10c8 irq 15
[    2.174654] PPP generic driver version 2.4.2
[    2.174674] tun: Universal TUN/TAP device driver, 1.6
[    2.174676] tun: (C) 1999-2004 Max Krasnyansky <maxk@qualcomm.com>
[    2.174726] ehci_hcd: USB 2.0 'Enhanced' Host Controller (EHCI) Driver
[    2.174777] ACPI: PCI Interrupt Link [LNKB] enabled at IRQ 11
[    2.174779] PCI: setting IRQ 11 as level-triggered
[    2.174787] ehci_hcd 0000:02:03.0: PCI INT A -> Link[LNKB] -> GSI 11 (level, low) -> IRQ 11
[    2.174826] ehci_hcd 0000:02:03.0: EHCI Host Controller
[    2.174849] ehci_hcd 0000:02:03.0: new USB bus registered, assigned bus number 1
[    2.174899] ehci_hcd 0000:02:03.0: cache line size of 32 is not supported
[    2.174906] ehci_hcd 0000:02:03.0: irq 11, io mem 0xc9000000
[    2.175211] random 0000 0000 0000 00000000 00000000: rand_read_num 3 get_random_bytes(8): sig 00000000 00000000 00000000
[    2.175214] random 0000 0000 0000 00000000 00000000: extract_entropy(.. 8 ..)
[    2.175217] random 0000 0000 0000 00000000 00000000: going to reseed nonblocking with 64 bits (64 of 0 requested)
[    2.175219] random 0000 0000 0000 00000000 00000000: extract_entropy(.. 8 ..)
[    2.175221] random 0000 0000 0000 00000000 00000000: trying to extract 64 bits from input
[    2.175224] random 0000 0000 0000 00000000 00000000: debiting 0 entropy credits from input
[    2.175226] random 0000 0000 0000 00000000 00000000: extract_entropy account returned: 0 
[    2.175229] random 0000 0000 0000 00000000 00000000: urand_change_num 5 xfer_secondary_pool(8): pool_sig 00000000, data_sig 00000000, bytes_mixed 0 00000000 00000000
[    2.175232] random 0000 0000 0000 00000000 00000000: trying to extract 64 bits from nonblocking
[    2.175234] random 0000 0000 0000 00000000 00000000: debiting 64 entropy credits from nonblocking (unlimited)
[    2.175236] random 0000 0000 0000 00000000 00000000: extract_entropy account returned: 8 
[    2.175240] random 0000 0000 0000 00000000 00000000: urand_change_num 6 extract_buf: pool_sig 00000000, data_sig fffffff9, bytes_mixed 20 00000000 00000000
[    2.183365] ehci_hcd 0000:02:03.0: USB 2.0 started, EHCI 1.00
[    2.183415] usb usb1: configuration #1 chosen from 1 choice
[    2.183436] hub 1-0:1.0: USB hub found
[    2.183442] hub 1-0:1.0: 6 ports detected
[    2.183482] ohci_hcd: USB 1.1 'Open' Host Controller (OHCI) Driver
[    2.183496] uhci_hcd: USB Universal Host Controller Interface driver
[    2.183547] ACPI: PCI Interrupt Link [LNKC] enabled at IRQ 10
[    2.183549] PCI: setting IRQ 10 as level-triggered
[    2.183554] uhci_hcd 0000:02:00.0: PCI INT A -> Link[LNKC] -> GSI 10 (level, low) -> IRQ 10
[    2.183590] uhci_hcd 0000:02:00.0: UHCI Host Controller
[    2.183624] uhci_hcd 0000:02:00.0: new USB bus registered, assigned bus number 2
[    2.183726] uhci_hcd 0000:02:00.0: irq 10, io base 0x000020c0
[    2.183776] usb usb2: configuration #1 chosen from 1 choice
[    2.183792] hub 2-0:1.0: USB hub found
[    2.183797] hub 2-0:1.0: 2 ports detected
[    2.183847] usbcore: registered new interface driver libusual
[    2.183876] PNP: PS/2 Controller [PNP0303:KBC,PNP0f13:MOUS] at 0x60,0x64 irq 1,12
[    2.184202] serio: i8042 KBD port at 0x60,0x64 irq 1
[    2.184210] serio: i8042 AUX port at 0x60,0x64 irq 12
[    2.184247] mice: PS/2 mouse device common for all mice
[    2.184298] rtc_cmos 00:04: rtc core: registered rtc_cmos as rtc0
[    2.184314] rtc0: alarms up to one month, y3k, 114 bytes nvram, hpet irqs
[    2.184364] device-mapper: uevent: version 1.0.3
[    2.184488] device-mapper: ioctl: 4.15.0-ioctl (2009-04-01) initialised: dm-devel@redhat.com
[    2.184518] EISA: Probing bus 0 at eisa.0
[    2.184525] Cannot allocate resource for EISA slot 1
[    2.184527] Cannot allocate resource for EISA slot 2
[    2.184529] Cannot allocate resource for EISA slot 3
[    2.184531] Cannot allocate resource for EISA slot 4
[    2.184533] Cannot allocate resource for EISA slot 5
[    2.184535] Cannot allocate resource for EISA slot 6
[    2.184537] Cannot allocate resource for EISA slot 7
[    2.184539] Cannot allocate resource for EISA slot 8
[    2.184541] EISA: Detected 0 cards.
[    2.184587] cpuidle: using governor ladder
[    2.184589] cpuidle: using governor menu
[    2.184639] random 0000 0000 0000 00000000 00000000: rand_read_num 4 get_random_bytes(136): sig 0000021d 00000000 00000000
[    2.184642] random 0000 0000 0000 00000000 00000000: extract_entropy(.. 136 ..)
[    2.184645] random 0000 0000 0000 00000000 00000000: going to reseed nonblocking with 1024 bits (1088 of 0 requested)
[    2.184647] random 0000 0000 0000 00000000 00000000: extract_entropy(.. 128 ..)
[    2.184649] random 0000 0000 0000 00000000 00000000: trying to extract 1024 bits from input
[    2.184651] random 0000 0000 0000 00000000 00000000: debiting 0 entropy credits from input
[    2.184653] random 0000 0000 0000 00000000 00000000: extract_entropy account returned: 0 
[    2.184657] random 0000 0000 0000 00000000 00000000: urand_change_num 7 xfer_secondary_pool(136): pool_sig 0000021d, data_sig 00000000, bytes_mixed 0 00000000 00000000
[    2.184660] random 0000 0000 0000 00000000 00000000: trying to extract 1088 bits from nonblocking
[    2.184662] random 0000 0000 0000 00000000 00000000: debiting 1088 entropy credits from nonblocking (unlimited)
[    2.184664] random 0000 0000 0000 00000000 00000000: extract_entropy account returned: 136 
[    2.184668] random 0000 0000 0000 00000000 00000000: urand_change_num 8 extract_buf: pool_sig 0000021d, data_sig fffffff7, bytes_mixed 20 00000000 00000000
[    2.184673] random 0000 0000 0000 f961ee50 ba9cb1aa: urand_change_num 9 extract_buf: pool_sig 00000230, data_sig fffffeb4, bytes_mixed 20 f961ee50 ba9cb1aa
[    2.184677] random 0000 0000 0000 9748bdd6 56fb8af6: urand_change_num 10 extract_buf: pool_sig 00000373, data_sig 000000cf, bytes_mixed 20 9748bdd6 56fb8af6
[    2.184682] random 0000 0000 0000 9748bdd6 56fb8af6: urand_change_num 11 extract_buf: pool_sig fffffe49, data_sig 0000023f, bytes_mixed 20 9748bdd6 56fb8af6
[    2.184686] random 0000 0000 0000 a135be86 4777650e: urand_change_num 12 extract_buf: pool_sig fffffcce, data_sig 000000c6, bytes_mixed 20 a135be86 4777650e
[    2.184691] random 0000 0000 0000 4a6ea85d 170e00dd: urand_change_num 13 extract_buf: pool_sig ffffff97, data_sig ffffff7d, bytes_mixed 20 4a6ea85d 170e00dd
[    2.184695] random 0000 0000 0000 4a6ea85d 170e00dd: urand_change_num 14 extract_buf: pool_sig 00000160, data_sig fffffeea, bytes_mixed 20 4a6ea85d 170e00dd
[    2.184700] random 0000 0000 0000 6e87c3cb da668c73: urand_change_num 15 extract_buf: pool_sig 0000034f, data_sig ffffff54, bytes_mixed 20 6e87c3cb da668c73
[    2.184704] random 0000 0000 0000 6e87c3cb da668c73: urand_change_num 16 extract_buf: pool_sig fffffdc5, data_sig 00000205, bytes_mixed 20 6e87c3cb da668c73
[    2.184709] random 0000 0000 0000 39f531e6 461eb249: urand_change_num 17 extract_buf: pool_sig fffffc1d, data_sig ffffff5e, bytes_mixed 20 39f531e6 461eb249
[    2.184713] random 0000 0000 0000 7e1538a2 3e661182: urand_change_num 18 extract_buf: pool_sig 000006ef, data_sig ffffff2e, bytes_mixed 20 7e1538a2 3e661182
[    2.184717] random 0000 0000 0000 7e1538a2 3e661182: urand_change_num 19 extract_buf: pool_sig 00000317, data_sig fffffccb, bytes_mixed 20 7e1538a2 3e661182
[    2.184722] random 0000 0000 0000 76af506b 9b57305e: urand_change_num 20 extract_buf: pool_sig 00000227, data_sig ffffffd2, bytes_mixed 20 76af506b 9b57305e
[    2.184726] random 0000 0000 0000 37d49d89 e20417cc: urand_change_num 21 extract_buf: pool_sig 0000080b, data_sig 000001e9, bytes_mixed 20 37d49d89 e20417cc
[    2.184730] TCP cubic registered
[    2.184781] NET: Registered protocol family 10
[    2.184815] RANDOM - __random32 called. Change num 12.  Value: 5eba7c56	3354535f	8d65ceee
[    2.184817] RANDOM - random32 called.  Value: 5eba7c56	3354535f	8d65ceee
[    2.184826] random 0000 0000 0000 37d49d89 e20417cc: rand_read_num 5 get_random_bytes(4): sig 00000298 37d49d89 e20417cc
[    2.184829] random 0000 0000 0000 37d49d89 e20417cc: extract_entropy(.. 4 ..)
[    2.184831] random 0000 0000 0000 37d49d89 e20417cc: going to reseed nonblocking with 64 bits (32 of 0 requested)
[    2.184833] random 0000 0000 0000 37d49d89 e20417cc: extract_entropy(.. 8 ..)
[    2.184836] random 0000 0000 0000 37d49d89 e20417cc: trying to extract 64 bits from input
[    2.184838] random 0000 0000 0000 37d49d89 e20417cc: debiting 0 entropy credits from input
[    2.184840] random 0000 0000 0000 37d49d89 e20417cc: extract_entropy account returned: 0 
[    2.184843] random 0000 0000 0000 37d49d89 e20417cc: urand_change_num 22 xfer_secondary_pool(4): pool_sig 00000298, data_sig 00000000, bytes_mixed 0 37d49d89 e20417cc
[    2.184846] random 0000 0000 0000 37d49d89 e20417cc: trying to extract 32 bits from nonblocking
[    2.184848] random 0000 0000 0000 37d49d89 e20417cc: debiting 32 entropy credits from nonblocking (unlimited)
[    2.184850] random 0000 0000 0000 37d49d89 e20417cc: extract_entropy account returned: 4 
[    2.184854] random 0000 0000 0000 37d49d89 e20417cc: urand_change_num 23 extract_buf: pool_sig 00000298, data_sig 00000092, bytes_mixed 20 37d49d89 e20417cc
[    2.184904] RANDOM - __random32 called. Change num 13.  Value: a7c56226	354535ff	9ddcc977
[    2.184906] RANDOM - random32 called.  Value: a7c56226	354535ff	9ddcc977
[    2.184956] NET: Registered protocol family 17
[    2.184979] Using IPI No-Shortcut mode
[    2.184984] random 0000 0000 0000 2ee4c4fc 167bdb15: rand_read_num 6 get_random_bytes(8): sig fffffcbf 2ee4c4fc 167bdb15
[    2.184986] random 0000 0000 0000 2ee4c4fc 167bdb15: extract_entropy(.. 8 ..)
[    2.184989] random 0000 0000 0000 2ee4c4fc 167bdb15: going to reseed nonblocking with 64 bits (64 of 0 requested)
[    2.184991] random 0000 0000 0000 2ee4c4fc 167bdb15: extract_entropy(.. 8 ..)
[    2.184993] random 0000 0000 0000 2ee4c4fc 167bdb15: trying to extract 64 bits from input
[    2.184995] random 0000 0000 0000 2ee4c4fc 167bdb15: debiting 0 entropy credits from input
[    2.184997] random 0000 0000 0000 2ee4c4fc 167bdb15: extract_entropy account returned: 0 
[    2.185000] random 0000 0000 0000 2ee4c4fc 167bdb15: urand_change_num 24 xfer_secondary_pool(8): pool_sig fffffcbf, data_sig 00000000, bytes_mixed 0 2ee4c4fc 167bdb15
[    2.185003] random 0000 0000 0000 2ee4c4fc 167bdb15: trying to extract 64 bits from nonblocking
[    2.185005] random 0000 0000 0000 2ee4c4fc 167bdb15: debiting 64 entropy credits from nonblocking (unlimited)
[    2.185008] random 0000 0000 0000 2ee4c4fc 167bdb15: extract_entropy account returned: 8 
[    2.185011] random 0000 0000 0000 2ee4c4fc 167bdb15: urand_change_num 25 extract_buf: pool_sig fffffcbf, data_sig ffffff83, bytes_mixed 20 2ee4c4fc 167bdb15
[    2.185052] PM: Resume from disk failed.
[    2.185060] registered taskstats version 1
[    2.185063] random 0000 0000 0000 2ee4c4fc 167bdb15: rand_read_num 7 get_random_bytes(12): sig fffffc69 2ee4c4fc 167bdb15
[    2.185065] random 0000 0000 0000 2ee4c4fc 167bdb15: extract_entropy(.. 12 ..)
[    2.185067] random 0000 0000 0000 2ee4c4fc 167bdb15: going to reseed nonblocking with 96 bits (96 of 0 requested)
[    2.185070] random 0000 0000 0000 2ee4c4fc 167bdb15: extract_entropy(.. 12 ..)
[    2.185072] random 0000 0000 0000 2ee4c4fc 167bdb15: trying to extract 96 bits from input
[    2.185074] random 0000 0000 0000 2ee4c4fc 167bdb15: debiting 0 entropy credits from input
[    2.185076] random 0000 0000 0000 2ee4c4fc 167bdb15: extract_entropy account returned: 0 
[    2.185079] random 0000 0000 0000 2ee4c4fc 167bdb15: urand_change_num 26 xfer_secondary_pool(12): pool_sig fffffc69, data_sig 00000000, bytes_mixed 0 2ee4c4fc 167bdb15
[    2.185082] random 0000 0000 0000 2ee4c4fc 167bdb15: trying to extract 96 bits from nonblocking
[    2.185084] random 0000 0000 0000 2ee4c4fc 167bdb15: debiting 96 entropy credits from nonblocking (unlimited)
[    2.185086] random 0000 0000 0000 2ee4c4fc 167bdb15: extract_entropy account returned: 12 
[    2.185090] random 0000 0000 0000 2ee4c4fc 167bdb15: urand_change_num 27 extract_buf: pool_sig fffffc69, data_sig ffffff7d, bytes_mixed 20 2ee4c4fc 167bdb15
[    2.185094] random 0000 0000 0000 83b7c1ab 94697f48: urand_change_num 28 extract_buf: pool_sig fffffe30, data_sig fffffdd6, bytes_mixed 20 83b7c1ab 94697f48
[    2.185097] RANDOM - __seed init called.
[    2.185098] RANDOM - __seed init called.
[    2.185099] RANDOM - __seed init called.
[    2.185155] RANDOM - __random32 called. Change num 14.  Value: fc007995	feca4f80	21b38ad2
[    2.185157] RANDOM - random32_reseed called.  Value: fc007995	feca4f80	21b38ad2
[    2.185160] Pid: 1, comm: swapper Not tainted 2.6.32.57 #4
[    2.185162] Call Trace:
[    2.185167]  [<c14a8a0e>] ? printk+0x1d/0x1f
[    2.185172]  [<c17537e5>] random32_reseed+0x89/0xbd
[    2.185176]  [<c1003042>] do_one_initcall+0x32/0x1a0
[    2.185178]  [<c175375c>] ? random32_reseed+0x0/0xbd
[    2.185182]  [<c17308e7>] kernel_init+0x12d/0x17a
[    2.185184]  [<c17307ba>] ? kernel_init+0x0/0x17a
[    2.185187]  [<c1009b07>] kernel_thread_helper+0x7/0x10
[    2.187850] input: AT Translated Set 2 keyboard as /devices/platform/i8042/serio0/input/input1
[    2.188124] random 0000 0000 0000 6db70b00 b30ce96b: rand_read_num 8 get_random_bytes(64): sig fffffb38 6db70b00 b30ce96b
[    2.188128] random 0000 0000 0000 6db70b00 b30ce96b: extract_entropy(.. 64 ..)
[    2.188130] random 0000 0000 0000 6db70b00 b30ce96b: going to reseed nonblocking with 512 bits (512 of 0 requested)
[    2.188133] random 0000 0000 0000 6db70b00 b30ce96b: extract_entropy(.. 64 ..)
[    2.188135] random 0000 0000 0000 6db70b00 b30ce96b: trying to extract 512 bits from input
[    2.188137] random 0000 0000 0000 6db70b00 b30ce96b: debiting 0 entropy credits from input
[    2.188139] random 0000 0000 0000 6db70b00 b30ce96b: extract_entropy account returned: 0 
[    2.188142] random 0000 0000 0000 6db70b00 b30ce96b: urand_change_num 29 xfer_secondary_pool(64): pool_sig fffffb38, data_sig 00000000, bytes_mixed 0 6db70b00 b30ce96b
[    2.188145] random 0000 0000 0000 6db70b00 b30ce96b: trying to extract 512 bits from nonblocking
[    2.188148] random 0000 0000 0000 6db70b00 b30ce96b: debiting 512 entropy credits from nonblocking (unlimited)
[    2.188150] random 0000 0000 0000 6db70b00 b30ce96b: extract_entropy account returned: 64 
[    2.188154] random 0000 0000 0000 6db70b00 b30ce96b: urand_change_num 30 extract_buf: pool_sig fffffb38, data_sig 00000151, bytes_mixed 20 6db70b00 b30ce96b
[    2.188159] random 0000 0000 0000 6db70b00 b30ce96b: urand_change_num 31 extract_buf: pool_sig fffffdb8, data_sig 00000379, bytes_mixed 20 6db70b00 b30ce96b
[    2.188163] random 0000 0000 0000 6b83001e d4b6c0d3: urand_change_num 32 extract_buf: pool_sig ffffffc9, data_sig 00000198, bytes_mixed 20 6b83001e d4b6c0d3
[    2.188167] random 0000 0000 0000 79d3e3c7 be564518: urand_change_num 33 extract_buf: pool_sig 000002b9, data_sig ffffff84, bytes_mixed 20 79d3e3c7 be564518
[    2.188172] random 0000 0000 0000 79d3e3c7 be564518: urand_change_num 34 extract_buf: pool_sig ffffff55, data_sig ffffff5a, bytes_mixed 20 79d3e3c7 be564518
[    2.188176] random 0000 0000 0000 89c03cb2 0d353228: urand_change_num 35 extract_buf: pool_sig 00000007, data_sig ffffff17, bytes_mixed 20 89c03cb2 0d353228
[    2.188181] random 0000 0000 0000 89c03cb2 0d353228: urand_change_num 36 extract_buf: pool_sig fffffdae, data_sig 000000db, bytes_mixed 20 89c03cb2 0d353228  Magic number: 13:896:557
[    2.188279] rtc_cmos 00:04: setting system clock to 2013-05-25 00:35:35 UTC (1369442135)
[    2.188282] BIOS EDD facility v0.16 2004-Jun-25, 0 devices found
[    2.188284] EDD information not available.
[    2.188309] random 0000 0000 0000 8ca62387 b120332c: rand_read_num 9 get_random_bytes(64): sig fffffed6 8ca62387 b120332c
[    2.188311] random 0000 0000 0000 8ca62387 b120332c: extract_entropy(.. 64 ..)
[    2.188314] random 0000 0000 0000 8ca62387 b120332c: going to reseed nonblocking with 512 bits (512 of 0 requested)
[    2.188316] random 0000 0000 0000 8ca62387 b120332c: extract_entropy(.. 64 ..)
[    2.188318] random 0000 0000 0000 8ca62387 b120332c: trying to extract 512 bits from input
[    2.188320] random 0000 0000 0000 8ca62387 b120332c: debiting 0 entropy credits from input
[    2.188322] random 0000 0000 0000 8ca62387 b120332c: extract_entropy account returned: 0 
[    2.188325] random 0000 0000 0000 8ca62387 b120332c: urand_change_num 37 xfer_secondary_pool(64): pool_sig fffffed6, data_sig 00000000, bytes_mixed 0 8ca62387 b120332c
[    2.188328] random 0000 0000 0000 8ca62387 b120332c: trying to extract 512 bits from nonblocking
[    2.188331] random 0000 0000 0000 8ca62387 b120332c: debiting 512 entropy credits from nonblocking (unlimited)
[    2.188333] random 0000 0000 0000 8ca62387 b120332c: extract_entropy account returned: 64 
[    2.188336] random 0000 0000 0000 8ca62387 b120332c: urand_change_num 38 extract_buf: pool_sig fffffed6, data_sig fffffeb6, bytes_mixed 20 8ca62387 b120332c
[    2.188341] random 0000 0000 0000 90702413 e2a66c2e: urand_change_num 39 extract_buf: pool_sig fffffbb0, data_sig 0000012e, bytes_mixed 20 90702413 e2a66c2e
[    2.188345] random 0000 0000 0000 90702413 e2a66c2e: urand_change_num 40 extract_buf: pool_sig fffffaf1, data_sig ffffff3c, bytes_mixed 20 90702413 e2a66c2e
[    2.188350] random 0000 0000 0000 3f58038b c77aecb6: urand_change_num 41 extract_buf: pool_sig 00000234, data_sig fffffdec, bytes_mixed 20 3f58038b c77aecb6
[    2.188354] random 0000 0000 0000 47187b9d 03f21510: urand_change_num 42 extract_buf: pool_sig 00000192, data_sig 00000075, bytes_mixed 20 47187b9d 03f21510
[    2.188358] random 0000 0000 0000 47187b9d 03f21510: urand_change_num 43 extract_buf: pool_sig 0000018e, data_sig ffffffbf, bytes_mixed 20 47187b9d 03f21510
[    2.188363] random 0000 0000 0000 3180b1fc 0fa9c973: urand_change_num 44 extract_buf: pool_sig fffffecf, data_sig ffffff2a, bytes_mixed 20 3180b1fc 0fa9c973
[    2.188366] BEGIN NET_SECRET:
[    2.188367] \xffffff87
[    2.188368] \xffffff8d
[    2.188369] \xfffffff4
[    2.188371] \xffffffae
[    2.188372] \xffffffc3
[    2.188373] \xffffffb7
[    2.188374] \x31
[    2.188375] \x65
[    2.188376] \xffffffda
[    2.188378] \xffffffa2
[    2.188379] \x31
[    2.188380] \xffffffc8
[    2.188381] \xffffffa9
[    2.188382] \x76
[    2.188383] \x76
[    2.188385] \xffffff90
[    2.188386] \x55
[    2.188387] \xfffffff3
[    2.188388] \xffffffb1
[    2.188389] \x3
[    2.188390] \xffffffb3
[    2.188391] \xffffffa7
[    2.188393] \x5a
[    2.188394] \x71
[    2.188395] \x70
[    2.188396] \xffffff8c
[    2.188397] \x56
[    2.188398] \x25
[    2.188399] \xffffffe1
[    2.188401] \x4c
[    2.188402] \xffffffe6
[    2.188403] \xffffff95
[    2.188404] \x67
[    2.188405] \x4c
[    2.188406] \xffffffb9
[    2.188408] \x1d
[    2.188409] \xe
[    2.188410] \x34
[    2.188411] \xffffffbe
[    2.188412] \x12
[    2.188413] \x5
[    2.188414] \xffffff98
[    2.188415] \xffffffa0
[    2.188417] \xf
[    2.188418] \xffffffb2
[    2.188419] \xffffffde
[    2.188420] \xffffff99
[    2.188421] \xf
[    2.188422] \xffffffe8
[    2.188424] \xffffffc8
[    2.188425] \x1f
[    2.188426] \x54
[    2.188427] \x2c
[    2.188428] \xffffffee
[    2.188429] \x2e
[    2.188430] \x0
[    2.188432] \xffffff95
[    2.188433] \x0
[    2.188434] \xffffffe3
[    2.188435] \xffffffa7
[    2.188436] \xfffffffd
[    2.188437] \x66
[    2.188438] \xffffff92
[    2.188440] \xfffffff0
[    2.188441] 
[    2.188442] END NET_SECRET
[    2.188444] random 0000 0000 0000 3180b1fc 0fa9c973: rand_read_num 10 get_random_bytes(4): sig ffffff46 3180b1fc 0fa9c973
[    2.188447] random 0000 0000 0000 3180b1fc 0fa9c973: extract_entropy(.. 4 ..)
[    2.188449] random 0000 0000 0000 3180b1fc 0fa9c973: going to reseed nonblocking with 64 bits (32 of 0 requested)
[    2.188451] random 0000 0000 0000 3180b1fc 0fa9c973: extract_entropy(.. 8 ..)
[    2.188453] random 0000 0000 0000 3180b1fc 0fa9c973: trying to extract 64 bits from input
[    2.188456] random 0000 0000 0000 3180b1fc 0fa9c973: debiting 0 entropy credits from input
[    2.188458] random 0000 0000 0000 3180b1fc 0fa9c973: extract_entropy account returned: 0 
[    2.188461] random 0000 0000 0000 3180b1fc 0fa9c973: urand_change_num 45 xfer_secondary_pool(4): pool_sig ffffff46, data_sig 00000000, bytes_mixed 0 3180b1fc 0fa9c973
[    2.188463] random 0000 0000 0000 3180b1fc 0fa9c973: trying to extract 32 bits from nonblocking
[    2.188466] random 0000 0000 0000 3180b1fc 0fa9c973: debiting 32 entropy credits from nonblocking (unlimited)
[    2.188468] random 0000 0000 0000 3180b1fc 0fa9c973: extract_entropy account returned: 4 
[    2.188471] random 0000 0000 0000 3180b1fc 0fa9c973: urand_change_num 46 extract_buf: pool_sig ffffff46, data_sig 0000001b, bytes_mixed 20 3180b1fc 0fa9c973
[    2.361957] ata2.00: ATAPI: VMware Virtual IDE CDROM Drive, 00000001, max UDMA/33
[    2.362244] ata2.00: configured for UDMA/33
[    2.362615] scsi 1:0:0:0: CD-ROM            NECVMWar VMware IDE CDR10 1.00 PQ: 0 ANSI: 5
[    2.363797] sr0: scsi3-mmc drive: 306x/306x cd/rw xa/form2 cdda tray
[    2.363801] Uniform CD-ROM driver Revision: 3.20
[    2.363851] sr 1:0:0:0: Attached scsi CD-ROM sr0
[    2.363886] sr 1:0:0:0: Attached scsi generic sg0 type 5
[    2.363921] Freeing unused kernel memory: 652k freed
[    2.363971] Write protecting the kernel text: 4840k
[    2.364002] Write protecting the kernel read-only data: 1968k
[    2.364088] random 0000 0000 0000 38974d2b 1d8d6de0: rand_read_num 11 get_random_bytes(16): sig 000001c6 38974d2b 1d8d6de0
