[    0.000000] random 0000 0000 0000 00000000 00000000: rand_read_num 1 get_random_bytes(8): sig 00000000 00000000 00000000
[    0.000000] random 0000 0000 0000 00000000 00000000: extract_entropy(.. 8 ..)
[    0.000000] random 0000 0000 0000 00000000 00000000: going to reseed nonblocking with 64 bits (64 of 0 requested)
[    0.000000] random 0000 0000 0000 00000000 00000000: extract_entropy(.. 8 ..)
[    0.000000] random 0000 0000 0000 00000000 00000000: trying to extract 64 bits from input
[    0.000000] random 0000 0000 0000 00000000 00000000: debiting 0 entropy credits from input
[    0.000000] random 0000 0000 0000 00000000 00000000: extract_entropy account returned: 0 
[    0.000000] random 0000 0000 0000 00000000 00000000: urand_change_num 1 xfer_secondary_pool(8): pool_sig 00000000, data_sig 00000000, bytes_mixed 0 00000000 00000000
[    0.000000] random 0000 0000 0000 00000000 00000000: trying to extract 64 bits from nonblocking
[    0.000000] random 0000 0000 0000 00000000 00000000: debiting 64 entropy credits from nonblocking (unlimited)
[    0.000000] random 0000 0000 0000 00000000 00000000: extract_entropy account returned: 8 
[    0.000000] random 0000 0000 0000 00000000 00000000: urand_change_num 2 extract_buf: pool_sig 00000000, data_sig fffffff9, bytes_mixed 20 00000000 00000000
[    0.000000] Initializing cgroup subsys cpuset
[    0.000000] Initializing cgroup subsys cpu
[    0.000000] Linux version 2.6.32.57 (dcashman@ubuntu) (gcc version 4.6.3 (Ubuntu/Linaro 4.6.3-1ubuntu5) ) #4 SMP Fri May 24 11:09:26 PDT 2013
[    0.000000] KERNEL supported cpus:
[    0.000000]   Intel GenuineIntel
[    0.000000]   AMD AuthenticAMD
[    0.000000]   NSC Geode by NSC
[    0.000000]   Cyrix CyrixInstead
[    0.000000]   Centaur CentaurHauls
[    0.000000]   Transmeta GenuineTMx86
[    0.000000]   Transmeta TransmetaCPU
[    0.000000]   UMC UMC UMC UMC
[    0.000000] BIOS-provided physical RAM map:
[    0.000000]  BIOS-e820: 0000000000000000 - 000000000009f000 (usable)
[    0.000000]  BIOS-e820: 000000000009f000 - 00000000000a0000 (reserved)
[    0.000000]  BIOS-e820: 00000000000ca000 - 00000000000cc000 (reserved)
[    0.000000]  BIOS-e820: 00000000000dc000 - 0000000000100000 (reserved)
[    0.000000]  BIOS-e820: 0000000000100000 - 000000003fee0000 (usable)
[    0.000000]  BIOS-e820: 000000003fee0000 - 000000003feff000 (ACPI data)
[    0.000000]  BIOS-e820: 000000003feff000 - 000000003ff00000 (ACPI NVS)
[    0.000000]  BIOS-e820: 000000003ff00000 - 0000000040000000 (usable)
[    0.000000]  BIOS-e820: 00000000e0000000 - 00000000f0000000 (reserved)
[    0.000000]  BIOS-e820: 00000000fec00000 - 00000000fec10000 (reserved)
[    0.000000]  BIOS-e820: 00000000fee00000 - 00000000fee01000 (reserved)
[    0.000000]  BIOS-e820: 00000000fffe0000 - 0000000100000000 (reserved)
[    0.000000] DMI present.
[    0.000000] Phoenix BIOS detected: BIOS may corrupt low RAM, working around it.
[    0.000000] e820 update range: 0000000000000000 - 0000000000010000 (usable) ==> (reserved)
[    0.000000] last_pfn = 0x40000 max_arch_pfn = 0x1000000
[    0.000000] MTRR default type: uncachable
[    0.000000] MTRR fixed ranges enabled:
[    0.000000]   00000-9FFFF write-back
[    0.000000]   A0000-BFFFF uncachable
[    0.000000]   C0000-CBFFF write-protect
[    0.000000]   CC000-EFFFF uncachable
[    0.000000]   F0000-FFFFF write-protect
[    0.000000] MTRR variable ranges enabled:
[    0.000000]   0 base 0000000000 mask FFC0000000 write-back
[    0.000000]   1 disabled
[    0.000000]   2 disabled
[    0.000000]   3 disabled
[    0.000000]   4 disabled
[    0.000000]   5 disabled
[    0.000000]   6 disabled
[    0.000000]   7 disabled
[    0.000000] x86 PAT enabled: cpu 0, old 0x0, new 0x7010600070106
[    0.000000] Scanning 0 areas for low memory corruption
[    0.000000] modified physical RAM map:
[    0.000000]  modified: 0000000000000000 - 0000000000010000 (reserved)
[    0.000000]  modified: 0000000000010000 - 000000000009f000 (usable)
[    0.000000]  modified: 000000000009f000 - 00000000000a0000 (reserved)
[    0.000000]  modified: 00000000000ca000 - 00000000000cc000 (reserved)
[    0.000000]  modified: 00000000000dc000 - 0000000000100000 (reserved)
[    0.000000]  modified: 0000000000100000 - 000000003fee0000 (usable)
[    0.000000]  modified: 000000003fee0000 - 000000003feff000 (ACPI data)
[    0.000000]  modified: 000000003feff000 - 000000003ff00000 (ACPI NVS)
[    0.000000]  modified: 000000003ff00000 - 0000000040000000 (usable)
[    0.000000]  modified: 00000000e0000000 - 00000000f0000000 (reserved)
[    0.000000]  modified: 00000000fec00000 - 00000000fec10000 (reserved)
[    0.000000]  modified: 00000000fee00000 - 00000000fee01000 (reserved)
[    0.000000]  modified: 00000000fffe0000 - 0000000100000000 (reserved)
[    0.000000] initial memory mapped : 0 - 01e00000
[    0.000000] init_memory_mapping: 0000000000000000-00000000379fe000
[    0.000000] NX (Execute Disable) protection: active
[    0.000000]  0000000000 - 0000200000 page 4k
[    0.000000]  0000200000 - 0037800000 page 2M
[    0.000000]  0037800000 - 00379fe000 page 4k
[    0.000000] kernel direct mapping tables up to 379fe000 @ 10000-16000
[    0.000000] RAMDISK: 2dcfc000 - 32e758c3
[    0.000000] ACPI: RSDP 000f6b80 00024 (v02 PTLTD )
[    0.000000] ACPI: XSDT 3feed636 0005C (v01 INTEL  440BX    06040000 VMW  01324272)
[    0.000000] ACPI: FACP 3fefee98 000F4 (v04 INTEL  440BX    06040000 PTL  000F4240)
[    0.000000] ACPI: DSDT 3feee366 10B32 (v01 PTLTD  Custom   06040000 MSFT 03000001)
[    0.000000] ACPI: FACS 3fefffc0 00040
[    0.000000] ACPI: BOOT 3feee33e 00028 (v01 PTLTD  $SBFTBL$ 06040000  LTP 00000001)
[    0.000000] ACPI: APIC 3feedc3e 003C2 (v01 PTLTD  ? APIC   06040000  LTP 00000000)
[    0.000000] ACPI: MCFG 3feedc02 0003C (v01 PTLTD  $PCITBL$ 06040000  LTP 00000001)
[    0.000000] ACPI: SRAT 3feed732 004D0 (v02 VMWARE MEMPLUG  06040000 VMW  00000001)
[    0.000000] ACPI: HPET 3feed6fa 00038 (v01 VMWARE VMW HPET 06040000 VMW  00000001)
[    0.000000] ACPI: WAET 3feed6d2 00028 (v01 VMWARE VMW WAET 06040000 VMW  00000001)
[    0.000000] ACPI: Local APIC address 0xfee00000
[    0.000000] 134MB HIGHMEM available.
[    0.000000] 889MB LOWMEM available.
[    0.000000]   mapped low ram: 0 - 379fe000
[    0.000000]   low ram: 0 - 379fe000
[    0.000000]   node 0 low ram: 00000000 - 379fe000
[    0.000000]   node 0 bootmap 00012000 - 00018f40
[    0.000000] (9 early reservations) ==> bootmem [0000000000 - 00379fe000]
[    0.000000]   #0 [0000000000 - 0000001000]   BIOS data page ==> [0000000000 - 0000001000]
[    0.000000]   #1 [0000001000 - 0000002000]    EX TRAMPOLINE ==> [0000001000 - 0000002000]
[    0.000000]   #2 [0000006000 - 0000007000]       TRAMPOLINE ==> [0000006000 - 0000007000]
[    0.000000]   #3 [0001000000 - 0001a75ff8]    TEXT DATA BSS ==> [0001000000 - 0001a75ff8]
[    0.000000]   #4 [002dcfc000 - 0032e758c3]          RAMDISK ==> [002dcfc000 - 0032e758c3]
[    0.000000]   #5 [000009f000 - 0000100000]    BIOS reserved ==> [000009f000 - 0000100000]
[    0.000000]   #6 [0001a76000 - 0001a851c0]              BRK ==> [0001a76000 - 0001a851c0]
[    0.000000]   #7 [0000010000 - 0000012000]          PGTABLE ==> [0000010000 - 0000012000]
[    0.000000]   #8 [0000012000 - 0000019000]          BOOTMAP ==> [0000012000 - 0000019000]
[    0.000000] found SMP MP-table at [c00f6bf0] f6bf0
[    0.000000] Zone PFN ranges:
[    0.000000]   DMA      0x00000010 -> 0x00001000
[    0.000000]   Normal   0x00001000 -> 0x000379fe
[    0.000000]   HighMem  0x000379fe -> 0x00040000
[    0.000000] Movable zone start PFN for each node
[    0.000000] early_node_map[3] active PFN ranges
[    0.000000]     0: 0x00000010 -> 0x0000009f
[    0.000000]     0: 0x00000100 -> 0x0003fee0
[    0.000000]     0: 0x0003ff00 -> 0x00040000
[    0.000000] On node 0 totalpages: 261999
[    0.000000] free_area_init_node: node 0, pgdat c1715200, node_mem_map c1a87200
[    0.000000]   DMA zone: 32 pages used for memmap
[    0.000000]   DMA zone: 0 pages reserved
[    0.000000]   DMA zone: 3951 pages, LIFO batch:0
[    0.000000]   Normal zone: 1748 pages used for memmap
[    0.000000]   Normal zone: 221994 pages, LIFO batch:31
[    0.000000]   HighMem zone: 269 pages used for memmap
[    0.000000]   HighMem zone: 34005 pages, LIFO batch:7
[    0.000000] Using APIC driver default
[    0.000000] ACPI: PM-Timer IO Port: 0x1008
[    0.000000] ACPI: Local APIC address 0xfee00000
[    0.000000] ACPI: LAPIC (acpi_id[0x00] lapic_id[0x00] enabled)
[    0.000000] ACPI: LAPIC (acpi_id[0x01] lapic_id[0x02] disabled)
[    0.000000] ACPI: LAPIC (acpi_id[0x02] lapic_id[0x04] disabled)
[    0.000000] ACPI: LAPIC (acpi_id[0x03] lapic_id[0x06] disabled)
[    0.000000] ACPI: LAPIC (acpi_id[0x04] lapic_id[0x08] disabled)
[    0.000000] ACPI: LAPIC (acpi_id[0x05] lapic_id[0x0a] disabled)
[    0.000000] ACPI: LAPIC (acpi_id[0x06] lapic_id[0x0c] disabled)
[    0.000000] ACPI: LAPIC (acpi_id[0x07] lapic_id[0x0e] disabled)
[    0.000000] ACPI: LAPIC (acpi_id[0x08] lapic_id[0x10] disabled)
[    0.000000] ACPI: LAPIC (acpi_id[0x09] lapic_id[0x12] disabled)
[    0.000000] ACPI: LAPIC (acpi_id[0x0a] lapic_id[0x14] disabled)
[    0.000000] ACPI: LAPIC (acpi_id[0x0b] lapic_id[0x16] disabled)
[    0.000000] ACPI: LAPIC (acpi_id[0x0c] lapic_id[0x18] disabled)
[    0.000000] ACPI: LAPIC (acpi_id[0x0d] lapic_id[0x1a] disabled)
[    0.000000] ACPI: LAPIC (acpi_id[0x0e] lapic_id[0x1c] disabled)
[    0.000000] ACPI: LAPIC (acpi_id[0x0f] lapic_id[0x1e] disabled)
[    0.000000] ACPI: LAPIC (acpi_id[0x10] lapic_id[0x20] disabled)
[    0.000000] ACPI: LAPIC (acpi_id[0x11] lapic_id[0x22] disabled)
[    0.000000] ACPI: LAPIC (acpi_id[0x12] lapic_id[0x24] disabled)
[    0.000000] ACPI: LAPIC (acpi_id[0x13] lapic_id[0x26] disabled)
[    0.000000] ACPI: LAPIC (acpi_id[0x14] lapic_id[0x28] disabled)
[    0.000000] ACPI: LAPIC (acpi_id[0x15] lapic_id[0x2a] disabled)
[    0.000000] ACPI: LAPIC (acpi_id[0x16] lapic_id[0x2c] disabled)
[    0.000000] ACPI: LAPIC (acpi_id[0x17] lapic_id[0x2e] disabled)
[    0.000000] ACPI: LAPIC (acpi_id[0x18] lapic_id[0x30] disabled)
[    0.000000] ACPI: LAPIC (acpi_id[0x19] lapic_id[0x32] disabled)
[    0.000000] ACPI: LAPIC (acpi_id[0x1a] lapic_id[0x34] disabled)
[    0.000000] ACPI: LAPIC (acpi_id[0x1b] lapic_id[0x36] disabled)
[    0.000000] ACPI: LAPIC (acpi_id[0x1c] lapic_id[0x38] disabled)
[    0.000000] ACPI: LAPIC (acpi_id[0x1d] lapic_id[0x3a] disabled)
[    0.000000] ACPI: LAPIC (acpi_id[0x1e] lapic_id[0x3c] disabled)
[    0.000000] ACPI: LAPIC (acpi_id[0x1f] lapic_id[0x3e] disabled)
[    0.000000] ACPI: LAPIC (acpi_id[0x20] lapic_id[0x40] disabled)
[    0.000000] ACPI: LAPIC (acpi_id[0x21] lapic_id[0x42] disabled)
[    0.000000] ACPI: LAPIC (acpi_id[0x22] lapic_id[0x44] disabled)
[    0.000000] ACPI: LAPIC (acpi_id[0x23] lapic_id[0x46] disabled)
[    0.000000] ACPI: LAPIC (acpi_id[0x24] lapic_id[0x48] disabled)
[    0.000000] ACPI: LAPIC (acpi_id[0x25] lapic_id[0x4a] disabled)
[    0.000000] ACPI: LAPIC (acpi_id[0x26] lapic_id[0x4c] disabled)
[    0.000000] ACPI: LAPIC (acpi_id[0x27] lapic_id[0x4e] disabled)
[    0.000000] ACPI: LAPIC (acpi_id[0x28] lapic_id[0x50] disabled)
[    0.000000] ACPI: LAPIC (acpi_id[0x29] lapic_id[0x52] disabled)
[    0.000000] ACPI: LAPIC (acpi_id[0x2a] lapic_id[0x54] disabled)
[    0.000000] ACPI: LAPIC (acpi_id[0x2b] lapic_id[0x56] disabled)
[    0.000000] ACPI: LAPIC (acpi_id[0x2c] lapic_id[0x58] disabled)
[    0.000000] ACPI: LAPIC (acpi_id[0x2d] lapic_id[0x5a] disabled)
[    0.000000] ACPI: LAPIC (acpi_id[0x2e] lapic_id[0x5c] disabled)
[    0.000000] ACPI: LAPIC (acpi_id[0x2f] lapic_id[0x5e] disabled)
[    0.000000] ACPI: LAPIC (acpi_id[0x30] lapic_id[0x60] disabled)
[    0.000000] ACPI: LAPIC (acpi_id[0x31] lapic_id[0x62] disabled)
[    0.000000] ACPI: LAPIC (acpi_id[0x32] lapic_id[0x64] disabled)
[    0.000000] ACPI: LAPIC (acpi_id[0x33] lapic_id[0x66] disabled)
[    0.000000] ACPI: LAPIC (acpi_id[0x34] lapic_id[0x68] disabled)
[    0.000000] ACPI: LAPIC (acpi_id[0x35] lapic_id[0x6a] disabled)
[    0.000000] ACPI: LAPIC (acpi_id[0x36] lapic_id[0x6c] disabled)
[    0.000000] ACPI: LAPIC (acpi_id[0x37] lapic_id[0x6e] disabled)
[    0.000000] ACPI: LAPIC (acpi_id[0x38] lapic_id[0x70] disabled)
[    0.000000] ACPI: LAPIC (acpi_id[0x39] lapic_id[0x72] disabled)
[    0.000000] ACPI: LAPIC (acpi_id[0x3a] lapic_id[0x74] disabled)
[    0.000000] ACPI: LAPIC (acpi_id[0x3b] lapic_id[0x76] disabled)
[    0.000000] ACPI: LAPIC (acpi_id[0x3c] lapic_id[0x78] disabled)
[    0.000000] ACPI: LAPIC (acpi_id[0x3d] lapic_id[0x7a] disabled)
[    0.000000] ACPI: LAPIC (acpi_id[0x3e] lapic_id[0x7c] disabled)
[    0.000000] ACPI: LAPIC (acpi_id[0x3f] lapic_id[0x7e] disabled)
[    0.000000] ACPI: LAPIC_NMI (acpi_id[0x00] high edge lint[0x1])
[    0.000000] ACPI: LAPIC_NMI (acpi_id[0x01] high edge lint[0x1])
[    0.000000] ACPI: LAPIC_NMI (acpi_id[0x02] high edge lint[0x1])
[    0.000000] ACPI: LAPIC_NMI (acpi_id[0x03] high edge lint[0x1])
[    0.000000] ACPI: LAPIC_NMI (acpi_id[0x04] high edge lint[0x1])
[    0.000000] ACPI: LAPIC_NMI (acpi_id[0x05] high edge lint[0x1])
[    0.000000] ACPI: LAPIC_NMI (acpi_id[0x06] high edge lint[0x1])
[    0.000000] ACPI: LAPIC_NMI (acpi_id[0x07] high edge lint[0x1])
[    0.000000] ACPI: LAPIC_NMI (acpi_id[0x08] high edge lint[0x1])
[    0.000000] ACPI: LAPIC_NMI (acpi_id[0x09] high edge lint[0x1])
[    0.000000] ACPI: LAPIC_NMI (acpi_id[0x0a] high edge lint[0x1])
[    0.000000] ACPI: LAPIC_NMI (acpi_id[0x0b] high edge lint[0x1])
[    0.000000] ACPI: LAPIC_NMI (acpi_id[0x0c] high edge lint[0x1])
[    0.000000] ACPI: LAPIC_NMI (acpi_id[0x0d] high edge lint[0x1])
[    0.000000] ACPI: LAPIC_NMI (acpi_id[0x0e] high edge lint[0x1])
[    0.000000] ACPI: LAPIC_NMI (acpi_id[0x0f] high edge lint[0x1])
[    0.000000] ACPI: LAPIC_NMI (acpi_id[0x10] high edge lint[0x1])
[    0.000000] ACPI: LAPIC_NMI (acpi_id[0x11] high edge lint[0x1])
[    0.000000] ACPI: LAPIC_NMI (acpi_id[0x12] high edge lint[0x1])
[    0.000000] ACPI: LAPIC_NMI (acpi_id[0x13] high edge lint[0x1])
[    0.000000] ACPI: LAPIC_NMI (acpi_id[0x14] high edge lint[0x1])
[    0.000000] ACPI: LAPIC_NMI (acpi_id[0x15] high edge lint[0x1])
[    0.000000] ACPI: LAPIC_NMI (acpi_id[0x16] high edge lint[0x1])
[    0.000000] ACPI: LAPIC_NMI (acpi_id[0x17] high edge lint[0x1])
[    0.000000] ACPI: LAPIC_NMI (acpi_id[0x18] high edge lint[0x1])
[    0.000000] ACPI: LAPIC_NMI (acpi_id[0x19] high edge lint[0x1])
[    0.000000] ACPI: LAPIC_NMI (acpi_id[0x1a] high edge lint[0x1])
[    0.000000] ACPI: LAPIC_NMI (acpi_id[0x1b] high edge lint[0x1])
[    0.000000] ACPI: LAPIC_NMI (acpi_id[0x1c] high edge lint[0x1])
[    0.000000] ACPI: LAPIC_NMI (acpi_id[0x1d] high edge lint[0x1])
[    0.000000] ACPI: LAPIC_NMI (acpi_id[0x1e] high edge lint[0x1])
[    0.000000] ACPI: LAPIC_NMI (acpi_id[0x1f] high edge lint[0x1])
[    0.000000] ACPI: LAPIC_NMI (acpi_id[0x20] high edge lint[0x1])
[    0.000000] ACPI: LAPIC_NMI (acpi_id[0x21] high edge lint[0x1])
[    0.000000] ACPI: LAPIC_NMI (acpi_id[0x22] high edge lint[0x1])
[    0.000000] ACPI: LAPIC_NMI (acpi_id[0x23] high edge lint[0x1])
[    0.000000] ACPI: LAPIC_NMI (acpi_id[0x24] high edge lint[0x1])
[    0.000000] ACPI: LAPIC_NMI (acpi_id[0x25] high edge lint[0x1])
[    0.000000] ACPI: LAPIC_NMI (acpi_id[0x26] high edge lint[0x1])
[    0.000000] ACPI: LAPIC_NMI (acpi_id[0x27] high edge lint[0x1])
[    0.000000] ACPI: LAPIC_NMI (acpi_id[0x28] high edge lint[0x1])
[    0.000000] ACPI: LAPIC_NMI (acpi_id[0x29] high edge lint[0x1])
[    0.000000] ACPI: LAPIC_NMI (acpi_id[0x2a] high edge lint[0x1])
[    0.000000] ACPI: LAPIC_NMI (acpi_id[0x2b] high edge lint[0x1])
[    0.000000] ACPI: LAPIC_NMI (acpi_id[0x2c] high edge lint[0x1])
[    0.000000] ACPI: LAPIC_NMI (acpi_id[0x2d] high edge lint[0x1])
[    0.000000] ACPI: LAPIC_NMI (acpi_id[0x2e] high edge lint[0x1])
[    0.000000] ACPI: LAPIC_NMI (acpi_id[0x2f] high edge lint[0x1])
[    0.000000] ACPI: LAPIC_NMI (acpi_id[0x30] high edge lint[0x1])
[    0.000000] ACPI: LAPIC_NMI (acpi_id[0x31] high edge lint[0x1])
[    0.000000] ACPI: LAPIC_NMI (acpi_id[0x32] high edge lint[0x1])
[    0.000000] ACPI: LAPIC_NMI (acpi_id[0x33] high edge lint[0x1])
[    0.000000] ACPI: LAPIC_NMI (acpi_id[0x34] high edge lint[0x1])
[    0.000000] ACPI: LAPIC_NMI (acpi_id[0x35] high edge lint[0x1])
[    0.000000] ACPI: LAPIC_NMI (acpi_id[0x36] high edge lint[0x1])
[    0.000000] ACPI: LAPIC_NMI (acpi_id[0x37] high edge lint[0x1])
[    0.000000] ACPI: LAPIC_NMI (acpi_id[0x38] high edge lint[0x1])
[    0.000000] ACPI: LAPIC_NMI (acpi_id[0x39] high edge lint[0x1])
[    0.000000] ACPI: LAPIC_NMI (acpi_id[0x3a] high edge lint[0x1])
[    0.000000] ACPI: LAPIC_NMI (acpi_id[0x3b] high edge lint[0x1])
[    0.000000] ACPI: LAPIC_NMI (acpi_id[0x3c] high edge lint[0x1])
[    0.000000] ACPI: LAPIC_NMI (acpi_id[0x3d] high edge lint[0x1])
[    0.000000] ACPI: LAPIC_NMI (acpi_id[0x3e] high edge lint[0x1])
[    0.000000] ACPI: LAPIC_NMI (acpi_id[0x3f] high edge lint[0x1])
[    0.000000] ACPI: Skipping IOAPIC probe due to 'noapic' option.
[    0.000000] Using ACPI for processor (LAPIC) configuration information
[    0.000000] ACPI: HPET id: 0x8086af01 base: 0xfed00000
[    0.000000] Intel MultiProcessor Specification v1.4
[    0.000000]     Virtual Wire compatibility mode.
[    0.000000] MPTABLE: OEM ID: INTEL   
[    0.000000] MPTABLE: Product ID: 440BX       
[    0.000000] MPTABLE: APIC at: 0xFEE00000
[    0.000000] I/O APIC #1 Version 17 at 0xFEC00000.
[    0.000000] Processors: 1
[    0.000000] 64 Processors exceeds NR_CPUS limit of 8
[    0.000000] SMP: Allowing 8 CPUs, 7 hotplug CPUs
[    0.000000] nr_irqs_gsi: 24
[    0.000000] PM: Registered nosave memory: 000000000009f000 - 00000000000a0000
[    0.000000] PM: Registered nosave memory: 00000000000a0000 - 00000000000ca000
[    0.000000] PM: Registered nosave memory: 00000000000ca000 - 00000000000cc000
[    0.000000] PM: Registered nosave memory: 00000000000cc000 - 00000000000dc000
[    0.000000] PM: Registered nosave memory: 00000000000dc000 - 0000000000100000
[    0.000000] Allocating PCI resources starting at 40000000 (gap: 40000000:a0000000)
[    0.000000] Booting paravirtualized kernel on bare hardware
[    0.000000] NR_CPUS:8 nr_cpumask_bits:8 nr_cpu_ids:8 nr_node_ids:1
[    0.000000] PERCPU: Embedded 15 pages/cpu @c2400000 s39320 r0 d22120 u262144
[    0.000000] pcpu-alloc: s39320 r0 d22120 u262144 alloc=1*2097152
[    0.000000] pcpu-alloc: [0] 0 1 2 3 4 5 6 7 
[    0.000000] Built 1 zonelists in Zone order, mobility grouping on.  Total pages: 259950
[    0.000000] Kernel command line: BOOT_IMAGE=/boot/vmlinuz-2.6.32.57 root=UUID=007b598c-390d-4c65-84a1-4ff752d48633 ro quiet splash maxcpus=0
[    0.000000] PID hash table entries: 4096 (order: 2, 16384 bytes)
[    0.000000] Dentry cache hash table entries: 131072 (order: 7, 524288 bytes)
[    0.000000] Inode-cache hash table entries: 65536 (order: 6, 262144 bytes)
[    0.000000] Enabling fast FPU save and restore... done.
[    0.000000] Enabling unmasked SIMD FPU exception support... done.
[    0.000000] Initializing CPU#0
[    0.000000] xsave/xrstor: enabled xstate_bv 0x7, cntxt size 0x340
[    0.000000] allocated 5242560 bytes of page_cgroup
[    0.000000] please try 'cgroup_disable=memory' option if you don't want memory cgroups
[    0.000000] Initializing HighMem for node 0 (000379fe:00040000)
[    0.000000] Memory: 938260k/1048576k available (4839k kernel code, 108848k reserved, 2518k data, 652k init, 137096k highmem)
[    0.000000] virtual kernel memory layout:
[    0.000000]     fixmap  : 0xfff1e000 - 0xfffff000   ( 900 kB)
[    0.000000]     pkmap   : 0xffa00000 - 0xffc00000   (2048 kB)
[    0.000000]     vmalloc : 0xf81fe000 - 0xff9fe000   ( 120 MB)
[    0.000000]     lowmem  : 0xc0000000 - 0xf79fe000   ( 889 MB)
[    0.000000]       .init : 0xc1730000 - 0xc17d3000   ( 652 kB)
[    0.000000]       .data : 0xc14b9cce - 0xc172f764   (2518 kB)
[    0.000000]       .text : 0xc1000000 - 0xc14b9cce   (4839 kB)
[    0.000000] Checking if this processor honours the WP bit even in supervisor mode...Ok.
[    0.000000] SLUB: Genslabs=13, HWalign=64, Order=0-3, MinObjects=0, CPUs=8, Nodes=1
[    0.000000] Hierarchical RCU implementation.
[    0.000000] NR_IRQS:2304 nr_irqs:472
[    0.000000] Extended CMOS year: 2000
[    0.000000] Console: colour VGA+ 80x25
[    0.000000] console [tty0] enabled
[    0.000000] hpet clockevent registered
[    0.000000] TSC freq read from hypervisor : 2394.620 MHz
[    0.000000] Detected 2394.620 MHz processor.
[    0.000004] Calibrating delay loop (skipped) preset value.. 4789.24 BogoMIPS (lpj=9578480)
[    0.000018] Security Framework initialized
[    0.000021] SELinux:  Disabled at boot.
[    0.000027] Mount-cache hash table entries: 512
[    0.000155] Initializing cgroup subsys cpuacct
[    0.000159] Initializing cgroup subsys memory
[    0.000163] Initializing cgroup subsys devices
[    0.000164] Initializing cgroup subsys freezer
[    0.000192] CPU: Physical Processor ID: 0
[    0.000199] CPU: L1 I cache: 32K, L1 D cache: 32K
[    0.000201] CPU: L2 cache: 256K
[    0.000202] CPU: L3 cache: 4096K
[    0.000207] mce: CPU supports 0 MCE banks
[    0.000222] Performance Events: no PMU driver, software events only.
[    0.000239] Checking 'hlt' instruction... OK.
[    0.018114] SMP alternatives: switching to UP code
[    0.034949] ACPI: Core revision 20090903
[    0.041178] ACPI: setting ELCR to 0200 (from 0e20)
[    0.042386] ftrace: converting mcount calls to 0f 1f 44 00 00
[    0.042394] ftrace: allocating 22631 entries in 45 pages
[    0.063314] CANARY value: 9f6d8415 for PID: 1
[    0.063349] Not enabling x2apic, Intr-remapping init failed.
[    0.063350] Enabling APIC mode:  Flat.  Using 1 I/O APICs
[    0.063359] SMP mode deactivated.
[    0.063385] SMP disabled
[    0.063444] Brought up 1 CPUs
[    0.063445] Total of 1 processors activated (4789.24 BogoMIPS).
[    0.063450] CPU0 attaching NULL sched-domain.
[    0.063525] devtmpfs: initialized
[    0.063641] sysctl table check failed: /kernel/random/now_input .1.40.7 Unknown sysctl binary path
[    0.063900] Pid: 1, comm: swapper Not tainted 2.6.32.57 #4
[    0.063901] Call Trace:
[    0.063906]  [<c14a8a0e>] ? printk+0x1d/0x1f
[    0.063909]  [<c107b56f>] set_fail+0x4f/0x60
[    0.063911]  [<c107b8b3>] sysctl_check_table+0x333/0x620
[    0.063913]  [<c107b8cc>] sysctl_check_table+0x34c/0x620
[    0.063915]  [<c107b8cc>] sysctl_check_table+0x34c/0x620
[    0.063918]  [<c1746d48>] sysctl_init+0x25/0x29
[    0.063921]  [<c1003042>] do_one_initcall+0x32/0x1a0
[    0.063923]  [<c1746d23>] ? sysctl_init+0x0/0x29
[    0.063926]  [<c17308e7>] kernel_init+0x12d/0x17a
[    0.063927]  [<c17307ba>] ? kernel_init+0x0/0x17a
[    0.063930]  [<c1009b07>] kernel_thread_helper+0x7/0x10
[    0.063931] sysctl table check failed: /kernel/random/now_blocking .1.40.8 Unknown sysctl binary path
[    0.064177] Pid: 1, comm: swapper Not tainted 2.6.32.57 #4
[    0.064178] Call Trace:
[    0.064179]  [<c14a8a0e>] ? printk+0x1d/0x1f
[    0.064181]  [<c107b56f>] set_fail+0x4f/0x60
[    0.064183]  [<c107b8b3>] sysctl_check_table+0x333/0x620
[    0.064185]  [<c107b8cc>] sysctl_check_table+0x34c/0x620
[    0.064186]  [<c107b8cc>] sysctl_check_table+0x34c/0x620
[    0.064189]  [<c1746d48>] sysctl_init+0x25/0x29
[    0.064190]  [<c1003042>] do_one_initcall+0x32/0x1a0
[    0.064193]  [<c1746d23>] ? sysctl_init+0x0/0x29
[    0.064194]  [<c17308e7>] kernel_init+0x12d/0x17a
[    0.064196]  [<c17307ba>] ? kernel_init+0x0/0x17a
[    0.064198]  [<c1009b07>] kernel_thread_helper+0x7/0x10
[    0.064199] sysctl table check failed: /kernel/random/now_nonblocking .1.40.9 Unknown sysctl binary path
[    0.064520] Pid: 1, comm: swapper Not tainted 2.6.32.57 #4
[    0.064521] Call Trace:
[    0.064523]  [<c14a8a0e>] ? printk+0x1d/0x1f
[    0.064525]  [<c107b56f>] set_fail+0x4f/0x60
[    0.064526]  [<c107b8b3>] sysctl_check_table+0x333/0x620
[    0.064528]  [<c107b8cc>] sysctl_check_table+0x34c/0x620
[    0.064530]  [<c107b8cc>] sysctl_check_table+0x34c/0x620
[    0.064532]  [<c1746d48>] sysctl_init+0x25/0x29
[    0.064534]  [<c1003042>] do_one_initcall+0x32/0x1a0
[    0.064536]  [<c1746d23>] ? sysctl_init+0x0/0x29
[    0.064538]  [<c17308e7>] kernel_init+0x12d/0x17a
[    0.064539]  [<c17307ba>] ? kernel_init+0x0/0x17a
[    0.064541]  [<c1009b07>] kernel_thread_helper+0x7/0x10
[    0.064543] sysctl table check failed: /kernel/random/nb_input_bytes .1.40.10 Unknown sysctl binary path
[    0.065094] Pid: 1, comm: swapper Not tainted 2.6.32.57 #4
[    0.065095] Call Trace:
[    0.065098]  [<c14a8a0e>] ? printk+0x1d/0x1f
[    0.065100]  [<c107b56f>] set_fail+0x4f/0x60
[    0.065102]  [<c107b8b3>] sysctl_check_table+0x333/0x620
[    0.065104]  [<c107b8cc>] sysctl_check_table+0x34c/0x620
[    0.065105]  [<c107b8cc>] sysctl_check_table+0x34c/0x620
[    0.065108]  [<c1746d48>] sysctl_init+0x25/0x29
[    0.065110]  [<c1003042>] do_one_initcall+0x32/0x1a0
[    0.065112]  [<c1746d23>] ? sysctl_init+0x0/0x29
[    0.065114]  [<c17308e7>] kernel_init+0x12d/0x17a
[    0.065115]  [<c17307ba>] ? kernel_init+0x0/0x17a
[    0.065117]  [<c1009b07>] kernel_thread_helper+0x7/0x10
[    0.065120] sysctl table check failed: /kernel/random/nb_stir_count .1.40.11 Unknown sysctl binary path
[    0.065392] Pid: 1, comm: swapper Not tainted 2.6.32.57 #4
[    0.065393] Call Trace:
[    0.065395]  [<c14a8a0e>] ? printk+0x1d/0x1f
[    0.065397]  [<c107b56f>] set_fail+0x4f/0x60
[    0.065398]  [<c107b8b3>] sysctl_check_table+0x333/0x620
[    0.065400]  [<c107b8cc>] sysctl_check_table+0x34c/0x620
[    0.065401]  [<c107b8cc>] sysctl_check_table+0x34c/0x620
[    0.065404]  [<c1746d48>] sysctl_init+0x25/0x29
[    0.065405]  [<c1003042>] do_one_initcall+0x32/0x1a0
[    0.065408]  [<c1746d23>] ? sysctl_init+0x0/0x29
[    0.065409]  [<c17308e7>] kernel_init+0x12d/0x17a
[    0.065411]  [<c17307ba>] ? kernel_init+0x0/0x17a
[    0.065412]  [<c1009b07>] kernel_thread_helper+0x7/0x10
[    0.065414] sysctl table check failed: /kernel/random/nb_reentry_count .1.40.12 Unknown sysctl binary path
[    0.065646] Pid: 1, comm: swapper Not tainted 2.6.32.57 #4
[    0.065647] Call Trace:
[    0.065648]  [<c14a8a0e>] ? printk+0x1d/0x1f
[    0.065650]  [<c107b56f>] set_fail+0x4f/0x60
[    0.065651]  [<c107b8b3>] sysctl_check_table+0x333/0x620
[    0.065653]  [<c107b8cc>] sysctl_check_table+0x34c/0x620
[    0.065654]  [<c107b8cc>] sysctl_check_table+0x34c/0x620
[    0.065657]  [<c1746d48>] sysctl_init+0x25/0x29
[    0.065658]  [<c1003042>] do_one_initcall+0x32/0x1a0
[    0.065660]  [<c1746d23>] ? sysctl_init+0x0/0x29
[    0.065662]  [<c17308e7>] kernel_init+0x12d/0x17a
[    0.065663]  [<c17307ba>] ? kernel_init+0x0/0x17a
[    0.065665]  [<c1009b07>] kernel_thread_helper+0x7/0x10
[    0.065793] RANDOM - __seed init called.
[    0.065794] RANDOM - __seed init called.
[    0.065795] RANDOM - __seed init called.
[    0.065796] RANDOM - __random32 called. Change num 1.  Value: 97305ca5	7ac4e314	874f43ab
[    0.065797] RANDOM - __random32 called. Change num 2.  Value: 5ca5394	ac4e3148	8757a6ab
[    0.065799] RANDOM - __random32 called. Change num 3.  Value: a53949f7	c4e3148e	4d57bd52
[    0.065800] RANDOM - __random32 called. Change num 4.  Value: 949f7180	4e3148eb	7aa4fd4a
[    0.065801] RANDOM - __random32 called. Change num 5.  Value: f7180f55	e3148ebb	fa95f062
[    0.065803] RANDOM - __random32 called. Change num 6.  Value: 80f55ede	3148ebb7	e0c5c74e
[    0.065804] RANDOM - random32 init called.  Value: 80f55ede	3148ebb7	e0c5c74e
[    0.065810] regulator: core version 0.5
[    0.065874] Time: 22:30:32  Date: 05/24/13
[    0.065910] NET: Registered protocol family 16
[    0.065976] EISA bus registered
[    0.066812] ACPI: bus type pci registered
[    0.067127] PCI: MCFG configuration 0: base e0000000 segment 0 buses 0 - 255
[    0.067130] PCI: MCFG area at e0000000 reserved in E820
[    0.067131] PCI: Using MMCONFIG for extended config space
[    0.067133] PCI: Using configuration type 1 for base access
[    0.067789] bio: create slab <bio-0> at 0
[    0.069188] ACPI: EC: Look up EC in DSDT
[    0.112566] ACPI: BIOS _OSI(Linux) query ignored
[    0.123388] ACPI: Interpreter enabled
[    0.123393] ACPI: (supports S0 S1 S4 S5)
[    0.123407] ACPI: Using PIC for interrupt routing
[    0.218298] ACPI: No dock devices found.
[    0.219144] ACPI: PCI Root Bridge [PCI0] (0000:00)
[    0.220805] pci 0000:00:07.1: reg 20 io port: [0x10c0-0x10cf]
[    0.221893] pci 0000:00:07.3: quirk: region 1000-103f claimed by PIIX4 ACPI
[    0.221912] pci 0000:00:07.3: quirk: region 1040-104f claimed by PIIX4 SMB
[    0.222785] pci 0000:00:07.7: reg 10 io port: [0x1080-0x10bf]
[    0.223413] pci 0000:00:07.7: reg 14 64bit mmio: [0xc8000000-0xc8001fff]
[    0.225515] pci 0000:00:0f.0: reg 10 io port: [0x10d0-0x10df]
[    0.225566] pci 0000:00:0f.0: reg 14 32bit mmio pref: [0xd0000000-0xd7ffffff]
[    0.225603] pci 0000:00:0f.0: reg 18 32bit mmio: [0xc8800000-0xc8ffffff]
[    0.225741] pci 0000:00:0f.0: reg 30 32bit mmio pref: [0x000000-0x007fff]
[    0.226288] pci 0000:00:10.0: reg 10 io port: [0x1400-0x14ff]
[    0.226785] pci 0000:00:10.0: reg 14 64bit mmio: [0xc8040000-0xc805ffff]
[    0.227286] pci 0000:00:10.0: reg 1c 64bit mmio: [0xc8020000-0xc803ffff]
[    0.227386] pci 0000:00:10.0: reg 30 32bit mmio pref: [0x000000-0x003fff]
[    0.229271] pci 0000:00:15.0: PME# supported from D0 D3hot D3cold
[    0.229292] pci 0000:00:15.0: PME# disabled
[    0.230318] pci 0000:00:15.1: PME# supported from D0 D3hot D3cold
[    0.230343] pci 0000:00:15.1: PME# disabled
[    0.231422] pci 0000:00:15.2: PME# supported from D0 D3hot D3cold
[    0.231444] pci 0000:00:15.2: PME# disabled
[    0.232704] pci 0000:00:15.3: PME# supported from D0 D3hot D3cold
[    0.232775] pci 0000:00:15.3: PME# disabled
[    0.233935] pci 0000:00:15.4: PME# supported from D0 D3hot D3cold
[    0.233957] pci 0000:00:15.4: PME# disabled
[    0.234898] pci 0000:00:15.5: PME# supported from D0 D3hot D3cold
[    0.234928] pci 0000:00:15.5: PME# disabled
[    0.235959] pci 0000:00:15.6: PME# supported from D0 D3hot D3cold
[    0.235990] pci 0000:00:15.6: PME# disabled
[    0.236904] pci 0000:00:15.7: PME# supported from D0 D3hot D3cold
[    0.236925] pci 0000:00:15.7: PME# disabled
[    0.237792] pci 0000:00:16.0: PME# supported from D0 D3hot D3cold
[    0.237812] pci 0000:00:16.0: PME# disabled
[    0.238727] pci 0000:00:16.1: PME# supported from D0 D3hot D3cold
[    0.238748] pci 0000:00:16.1: PME# disabled
[    0.239636] pci 0000:00:16.2: PME# supported from D0 D3hot D3cold
[    0.239657] pci 0000:00:16.2: PME# disabled
[    0.240544] pci 0000:00:16.3: PME# supported from D0 D3hot D3cold
[    0.240564] pci 0000:00:16.3: PME# disabled
[    0.241437] pci 0000:00:16.4: PME# supported from D0 D3hot D3cold
[    0.241458] pci 0000:00:16.4: PME# disabled
[    0.242390] pci 0000:00:16.5: PME# supported from D0 D3hot D3cold
[    0.242411] pci 0000:00:16.5: PME# disabled
[    0.243501] pci 0000:00:16.6: PME# supported from D0 D3hot D3cold
[    0.243522] pci 0000:00:16.6: PME# disabled
[    0.244712] pci 0000:00:16.7: PME# supported from D0 D3hot D3cold
[    0.244742] pci 0000:00:16.7: PME# disabled
[    0.245792] pci 0000:00:17.0: PME# supported from D0 D3hot D3cold
[    0.245821] pci 0000:00:17.0: PME# disabled
[    0.246792] pci 0000:00:17.1: PME# supported from D0 D3hot D3cold
[    0.246814] pci 0000:00:17.1: PME# disabled
[    0.247726] pci 0000:00:17.2: PME# supported from D0 D3hot D3cold
[    0.247746] pci 0000:00:17.2: PME# disabled
[    0.248880] pci 0000:00:17.3: PME# supported from D0 D3hot D3cold
[    0.248902] pci 0000:00:17.3: PME# disabled
[    0.249777] pci 0000:00:17.4: PME# supported from D0 D3hot D3cold
[    0.249797] pci 0000:00:17.4: PME# disabled
[    0.250690] pci 0000:00:17.5: PME# supported from D0 D3hot D3cold
[    0.250717] pci 0000:00:17.5: PME# disabled
[    0.252120] pci 0000:00:17.6: PME# supported from D0 D3hot D3cold
[    0.252142] pci 0000:00:17.6: PME# disabled
[    0.253013] pci 0000:00:17.7: PME# supported from D0 D3hot D3cold
[    0.253034] pci 0000:00:17.7: PME# disabled
[    0.253897] pci 0000:00:18.0: PME# supported from D0 D3hot D3cold
[    0.253917] pci 0000:00:18.0: PME# disabled
[    0.254979] pci 0000:00:18.1: PME# supported from D0 D3hot D3cold
[    0.255009] pci 0000:00:18.1: PME# disabled
[    0.256076] pci 0000:00:18.2: PME# supported from D0 D3hot D3cold
[    0.256098] pci 0000:00:18.2: PME# disabled
[    0.256975] pci 0000:00:18.3: PME# supported from D0 D3hot D3cold
[    0.257003] pci 0000:00:18.3: PME# disabled
[    0.258061] pci 0000:00:18.4: PME# supported from D0 D3hot D3cold
[    0.258088] pci 0000:00:18.4: PME# disabled
[    0.259090] pci 0000:00:18.5: PME# supported from D0 D3hot D3cold
[    0.259130] pci 0000:00:18.5: PME# disabled
[    0.260184] pci 0000:00:18.6: PME# supported from D0 D3hot D3cold
[    0.260206] pci 0000:00:18.6: PME# disabled
[    0.261095] pci 0000:00:18.7: PME# supported from D0 D3hot D3cold
[    0.261116] pci 0000:00:18.7: PME# disabled
[    0.262236] pci 0000:02:00.0: reg 20 io port: [0x20c0-0x20df]
[    0.262736] pci 0000:02:01.0: reg 10 io port: [0x2000-0x207f]
[    0.262956] pci 0000:02:01.0: reg 30 32bit mmio pref: [0x000000-0x00ffff]
[    0.263509] pci 0000:02:02.0: reg 10 io port: [0x2080-0x20bf]
[    0.264129] pci 0000:02:03.0: reg 10 32bit mmio: [0xc9000000-0xc9000fff]
[    0.264690] pci 0000:00:11.0: transparent bridge
[    0.264710] pci 0000:00:11.0: bridge io port: [0x2000-0x3fff]
[    0.264730] pci 0000:00:11.0: bridge 32bit mmio: [0xc9000000-0xca3fffff]
[    0.264769] pci 0000:00:11.0: bridge 64bit mmio pref: [0xd8400000-0xd89fffff]
[    0.265170] pci 0000:00:15.0: bridge io port: [0x4000-0x4fff]
[    0.265190] pci 0000:00:15.0: bridge 32bit mmio: [0xca400000-0xca4fffff]
[    0.265229] pci 0000:00:15.0: bridge 64bit mmio pref: [0xd8a00000-0xd8afffff]
[    0.265591] pci 0000:00:15.1: bridge io port: [0x8000-0x8fff]
[    0.265611] pci 0000:00:15.1: bridge 32bit mmio: [0xca800000-0xca8fffff]
[    0.265649] pci 0000:00:15.1: bridge 64bit mmio pref: [0xd8e00000-0xd8efffff]
[    0.266020] pci 0000:00:15.2: bridge io port: [0xc000-0xcfff]
[    0.266040] pci 0000:00:15.2: bridge 32bit mmio: [0xcac00000-0xcacfffff]
[    0.266078] pci 0000:00:15.2: bridge 64bit mmio pref: [0xd9200000-0xd92fffff]
[    0.266462] pci 0000:00:15.3: bridge 32bit mmio: [0xcb000000-0xcb0fffff]
[    0.266500] pci 0000:00:15.3: bridge 64bit mmio pref: [0xd9600000-0xd96fffff]
[    0.266878] pci 0000:00:15.4: bridge 32bit mmio: [0xcb400000-0xcb4fffff]
[    0.266916] pci 0000:00:15.4: bridge 64bit mmio pref: [0xd9a00000-0xd9afffff]
[    0.267296] pci 0000:00:15.5: bridge 32bit mmio: [0xcb800000-0xcb8fffff]
[    0.267334] pci 0000:00:15.5: bridge 64bit mmio pref: [0xd9e00000-0xd9efffff]
[    0.267726] pci 0000:00:15.6: bridge 32bit mmio: [0xcbc00000-0xcbcfffff]
[    0.267764] pci 0000:00:15.6: bridge 64bit mmio pref: [0xda200000-0xda2fffff]
[    0.268191] pci 0000:00:15.7: bridge 32bit mmio: [0xcc000000-0xcc0fffff]
[    0.268231] pci 0000:00:15.7: bridge 64bit mmio pref: [0xda600000-0xda6fffff]
[    0.268657] pci 0000:00:16.0: bridge io port: [0x5000-0x5fff]
[    0.268684] pci 0000:00:16.0: bridge 32bit mmio: [0xca500000-0xca5fffff]
[    0.268747] pci 0000:00:16.0: bridge 64bit mmio pref: [0xd8b00000-0xd8bfffff]
[    0.269380] pci 0000:00:16.1: bridge io port: [0x9000-0x9fff]
[    0.269401] pci 0000:00:16.1: bridge 32bit mmio: [0xca900000-0xca9fffff]
[    0.269440] pci 0000:00:16.1: bridge 64bit mmio pref: [0xd8f00000-0xd8ffffff]
[    0.269809] pci 0000:00:16.2: bridge io port: [0xd000-0xdfff]
[    0.269829] pci 0000:00:16.2: bridge 32bit mmio: [0xcad00000-0xcadfffff]
[    0.269867] pci 0000:00:16.2: bridge 64bit mmio pref: [0xd9300000-0xd93fffff]
[    0.270260] pci 0000:00:16.3: bridge 32bit mmio: [0xcb100000-0xcb1fffff]
[    0.270298] pci 0000:00:16.3: bridge 64bit mmio pref: [0xd9700000-0xd97fffff]
[    0.270675] pci 0000:00:16.4: bridge 32bit mmio: [0xcb500000-0xcb5fffff]
[    0.270713] pci 0000:00:16.4: bridge 64bit mmio pref: [0xd9b00000-0xd9bfffff]
[    0.271105] pci 0000:00:16.5: bridge 32bit mmio: [0xcb900000-0xcb9fffff]
[    0.271143] pci 0000:00:16.5: bridge 64bit mmio pref: [0xd9f00000-0xd9ffffff]
[    0.271521] pci 0000:00:16.6: bridge 32bit mmio: [0xcbd00000-0xcbdfffff]
[    0.271576] pci 0000:00:16.6: bridge 64bit mmio pref: [0xda300000-0xda3fffff]
[    0.271969] pci 0000:00:16.7: bridge 32bit mmio: [0xcc100000-0xcc1fffff]
[    0.272007] pci 0000:00:16.7: bridge 64bit mmio pref: [0xda700000-0xda7fffff]
[    0.272367] pci 0000:00:17.0: bridge io port: [0x6000-0x6fff]
[    0.272387] pci 0000:00:17.0: bridge 32bit mmio: [0xca600000-0xca6fffff]
[    0.272425] pci 0000:00:17.0: bridge 64bit mmio pref: [0xd8c00000-0xd8cfffff]
[    0.272785] pci 0000:00:17.1: bridge io port: [0xa000-0xafff]
[    0.272805] pci 0000:00:17.1: bridge 32bit mmio: [0xcaa00000-0xcaafffff]
[    0.272843] pci 0000:00:17.1: bridge 64bit mmio pref: [0xd9000000-0xd90fffff]
[    0.273206] pci 0000:00:17.2: bridge io port: [0xe000-0xefff]
[    0.273227] pci 0000:00:17.2: bridge 32bit mmio: [0xcae00000-0xcaefffff]
[    0.273265] pci 0000:00:17.2: bridge 64bit mmio pref: [0xd9400000-0xd94fffff]
[    0.273645] pci 0000:00:17.3: bridge 32bit mmio: [0xcb200000-0xcb2fffff]
[    0.273683] pci 0000:00:17.3: bridge 64bit mmio pref: [0xd9800000-0xd98fffff]
[    0.274071] pci 0000:00:17.4: bridge 32bit mmio: [0xcb600000-0xcb6fffff]
[    0.274110] pci 0000:00:17.4: bridge 64bit mmio pref: [0xd9c00000-0xd9cfffff]
[    0.274488] pci 0000:00:17.5: bridge 32bit mmio: [0xcba00000-0xcbafffff]
[    0.274527] pci 0000:00:17.5: bridge 64bit mmio pref: [0xda000000-0xda0fffff]
[    0.274904] pci 0000:00:17.6: bridge 32bit mmio: [0xcbe00000-0xcbefffff]
[    0.274953] pci 0000:00:17.6: bridge 64bit mmio pref: [0xda400000-0xda4fffff]
[    0.275330] pci 0000:00:17.7: bridge 32bit mmio: [0xcc200000-0xcc2fffff]
[    0.275368] pci 0000:00:17.7: bridge 64bit mmio pref: [0xda800000-0xda8fffff]
[    0.275737] pci 0000:00:18.0: bridge io port: [0x7000-0x7fff]
[    0.275757] pci 0000:00:18.0: bridge 32bit mmio: [0xca700000-0xca7fffff]
[    0.275795] pci 0000:00:18.0: bridge 64bit mmio pref: [0xd8d00000-0xd8dfffff]
[    0.276161] pci 0000:00:18.1: bridge io port: [0xb000-0xbfff]
[    0.276182] pci 0000:00:18.1: bridge 32bit mmio: [0xcab00000-0xcabfffff]
[    0.276220] pci 0000:00:18.1: bridge 64bit mmio pref: [0xd9100000-0xd91fffff]
[    0.276580] pci 0000:00:18.2: bridge io port: [0xf000-0xffff]
[    0.276600] pci 0000:00:18.2: bridge 32bit mmio: [0xcaf00000-0xcaffffff]
[    0.276638] pci 0000:00:18.2: bridge 64bit mmio pref: [0xd9500000-0xd95fffff]
[    0.277017] pci 0000:00:18.3: bridge 32bit mmio: [0xcb300000-0xcb3fffff]
[    0.277056] pci 0000:00:18.3: bridge 64bit mmio pref: [0xd9900000-0xd99fffff]
[    0.277433] pci 0000:00:18.4: bridge 32bit mmio: [0xcb700000-0xcb7fffff]
[    0.277471] pci 0000:00:18.4: bridge 64bit mmio pref: [0xd9d00000-0xd9dfffff]
[    0.277848] pci 0000:00:18.5: bridge 32bit mmio: [0xcbb00000-0xcbbfffff]
[    0.277887] pci 0000:00:18.5: bridge 64bit mmio pref: [0xda100000-0xda1fffff]
[    0.278295] pci 0000:00:18.6: bridge 32bit mmio: [0xcbf00000-0xcbffffff]
[    0.278333] pci 0000:00:18.6: bridge 64bit mmio pref: [0xda500000-0xda5fffff]
[    0.278712] pci 0000:00:18.7: bridge 32bit mmio: [0xcc300000-0xcc3fffff]
[    0.278750] pci 0000:00:18.7: bridge 64bit mmio pref: [0xda900000-0xda9fffff]
[    0.280259] pci_bus 0000:00: on NUMA node 0
[    0.280268] ACPI: PCI Interrupt Routing Table [\_SB_.PCI0._PRT]
[    0.542108] ACPI: PCI Interrupt Link [LNKA] (IRQs 3 4 5 6 7 *9 10 11 14 15)
[    0.542304] ACPI: PCI Interrupt Link [LNKB] (IRQs 3 4 5 6 7 9 10 *11 14 15)
[    0.542510] ACPI: PCI Interrupt Link [LNKC] (IRQs 3 4 5 6 7 9 *10 11 14 15)
[    0.542733] ACPI: PCI Interrupt Link [LNKD] (IRQs 3 4 *5 6 7 9 10 11 14 15)
[    0.542914] vgaarb: device added: PCI:0000:00:0f.0,decodes=io+mem,owns=io+mem,locks=none
[    0.542926] vgaarb: loaded
[    0.543020] SCSI subsystem initialized
[    0.543064] libata version 3.00 loaded.
[    0.543106] usbcore: registered new interface driver usbfs
[    0.543117] usbcore: registered new interface driver hub
[    0.543134] usbcore: registered new device driver usb
[    0.543202] PCI: Using ACPI for IRQ routing
[    0.544247] NetLabel: Initializing
[    0.544249] NetLabel:  domain hash size = 128
[    0.544249] NetLabel:  protocols = UNLABELED CIPSOv4
[    0.544257] NetLabel:  unlabeled traffic allowed by default
[    0.544294] hpet0: at MMIO 0xfed00000, IRQs 2, 8, 0, 0, 0, 0, 0, 0, 0, 0, 0, 0, 0, 0, 0, 0
[    0.544300] hpet0: 16 comparators, 64-bit 14.318180 MHz counter
[    0.546323] Switching to clocksource tsc
[    0.553883] pnp: PnP ACPI init
[    0.553895] ACPI: bus type pnp registered
[    0.602603] pnp: PnP ACPI: found 14 devices
[    0.602606] ACPI: ACPI bus type pnp unregistered
[    0.602610] PnPBIOS: Disabled by ACPI PNP
[    0.602630] system 00:01: ioport range 0x1000-0x103f has been reserved
[    0.602632] system 00:01: ioport range 0x1040-0x104f has been reserved
[    0.602635] system 00:01: ioport range 0xcf0-0xcf1 has been reserved
[    0.602645] system 00:08: iomem range 0xfed00000-0xfed003ff has been reserved
[    0.602652] system 00:0d: ioport range 0x1060-0x107f has been reserved
[    0.602655] system 00:0d: iomem range 0xe0000000-0xefffffff has been reserved
[    0.602658] system 00:0d: iomem range 0xc8200000-0xc83fffff has been reserved
[    0.638415] pci 0000:00:15.3: BAR 13: can't allocate I/O resource [0x10000-0xffff]
[    0.638420] pci 0000:00:15.4: BAR 13: can't allocate I/O resource [0x10000-0xffff]
[    0.638423] pci 0000:00:15.5: BAR 13: can't allocate I/O resource [0x10000-0xffff]
[    0.638425] pci 0000:00:15.6: BAR 13: can't allocate I/O resource [0x10000-0xffff]
[    0.638428] pci 0000:00:15.7: BAR 13: can't allocate I/O resource [0x10000-0xffff]
[    0.638431] pci 0000:00:16.3: BAR 13: can't allocate I/O resource [0x10000-0xffff]
[    0.638433] pci 0000:00:16.4: BAR 13: can't allocate I/O resource [0x10000-0xffff]
[    0.638436] pci 0000:00:16.5: BAR 13: can't allocate I/O resource [0x10000-0xffff]
[    0.638439] pci 0000:00:16.6: BAR 13: can't allocate I/O resource [0x10000-0xffff]
[    0.638441] pci 0000:00:16.7: BAR 13: can't allocate I/O resource [0x10000-0xffff]
[    0.638444] pci 0000:00:17.3: BAR 13: can't allocate I/O resource [0x10000-0xffff]
[    0.638446] pci 0000:00:17.4: BAR 13: can't allocate I/O resource [0x10000-0xffff]
[    0.638449] pci 0000:00:17.5: BAR 13: can't allocate I/O resource [0x10000-0xffff]
[    0.638452] pci 0000:00:17.6: BAR 13: can't allocate I/O resource [0x10000-0xffff]
[    0.638455] pci 0000:00:17.7: BAR 13: can't allocate I/O resource [0x10000-0xffff]
[    0.638457] pci 0000:00:18.3: BAR 13: can't allocate I/O resource [0x10000-0xffff]
[    0.638460] pci 0000:00:18.4: BAR 13: can't allocate I/O resource [0x10000-0xffff]
[    0.638463] pci 0000:00:18.5: BAR 13: can't allocate I/O resource [0x10000-0xffff]
[    0.638465] pci 0000:00:18.6: BAR 13: can't allocate I/O resource [0x10000-0xffff]
[    0.638468] pci 0000:00:18.7: BAR 13: can't allocate I/O resource [0x10000-0xffff]
[    0.638470] pci 0000:00:01.0: PCI bridge, secondary bus 0000:01
[    0.638472] pci 0000:00:01.0:   IO window: disabled
[    0.638502] pci 0000:00:01.0:   MEM window: disabled
[    0.638521] pci 0000:00:01.0:   PREFETCH window: disabled
[    0.638568] pci 0000:00:11.0: PCI bridge, secondary bus 0000:02
[    0.638593] pci 0000:00:11.0:   IO window: 0x2000-0x3fff
[    0.638624] pci 0000:00:11.0:   MEM window: 0xc9000000-0xca3fffff
[    0.638645] pci 0000:00:11.0:   PREFETCH window: 0x000000d8400000-0x000000d89fffff
[    0.638697] pci 0000:00:15.0: PCI bridge, secondary bus 0000:03
[    0.638708] pci 0000:00:15.0:   IO window: 0x4000-0x4fff
[    0.638736] pci 0000:00:15.0:   MEM window: 0xca400000-0xca4fffff
[    0.638757] pci 0000:00:15.0:   PREFETCH window: 0x000000d8a00000-0x000000d8afffff
[    0.638830] pci 0000:00:15.1: PCI bridge, secondary bus 0000:04
[    0.638842] pci 0000:00:15.1:   IO window: 0x8000-0x8fff
[    0.638885] pci 0000:00:15.1:   MEM window: 0xca800000-0xca8fffff
[    0.638904] pci 0000:00:15.1:   PREFETCH window: 0x000000d8e00000-0x000000d8efffff
[    0.638945] pci 0000:00:15.2: PCI bridge, secondary bus 0000:05
[    0.638956] pci 0000:00:15.2:   IO window: 0xc000-0xcfff
[    0.638984] pci 0000:00:15.2:   MEM window: 0xcac00000-0xcacfffff
[    0.639003] pci 0000:00:15.2:   PREFETCH window: 0x000000d9200000-0x000000d92fffff
[    0.639043] pci 0000:00:15.3: PCI bridge, secondary bus 0000:06
[    0.639045] pci 0000:00:15.3:   IO window: disabled
[    0.639073] pci 0000:00:15.3:   MEM window: 0xcb000000-0xcb0fffff
[    0.639092] pci 0000:00:15.3:   PREFETCH window: 0x000000d9600000-0x000000d96fffff
[    0.639133] pci 0000:00:15.4: PCI bridge, secondary bus 0000:07
[    0.639134] pci 0000:00:15.4:   IO window: disabled
[    0.639162] pci 0000:00:15.4:   MEM window: 0xcb400000-0xcb4fffff
[    0.639181] pci 0000:00:15.4:   PREFETCH window: 0x000000d9a00000-0x000000d9afffff
[    0.639225] pci 0000:00:15.5: PCI bridge, secondary bus 0000:08
[    0.639226] pci 0000:00:15.5:   IO window: disabled
[    0.639254] pci 0000:00:15.5:   MEM window: 0xcb800000-0xcb8fffff
[    0.639274] pci 0000:00:15.5:   PREFETCH window: 0x000000d9e00000-0x000000d9efffff
[    0.639313] pci 0000:00:15.6: PCI bridge, secondary bus 0000:09
[    0.639315] pci 0000:00:15.6:   IO window: disabled
[    0.639343] pci 0000:00:15.6:   MEM window: 0xcbc00000-0xcbcfffff
[    0.639362] pci 0000:00:15.6:   PREFETCH window: 0x000000da200000-0x000000da2fffff
[    0.639402] pci 0000:00:15.7: PCI bridge, secondary bus 0000:0a
[    0.639403] pci 0000:00:15.7:   IO window: disabled
[    0.639432] pci 0000:00:15.7:   MEM window: 0xcc000000-0xcc0fffff
[    0.639451] pci 0000:00:15.7:   PREFETCH window: 0x000000da600000-0x000000da6fffff
[    0.639491] pci 0000:00:16.0: PCI bridge, secondary bus 0000:0b
[    0.639503] pci 0000:00:16.0:   IO window: 0x5000-0x5fff
[    0.639530] pci 0000:00:16.0:   MEM window: 0xca500000-0xca5fffff
[    0.639550] pci 0000:00:16.0:   PREFETCH window: 0x000000d8b00000-0x000000d8bfffff
[    0.639613] pci 0000:00:16.1: PCI bridge, secondary bus 0000:0c
[    0.639627] pci 0000:00:16.1:   IO window: 0x9000-0x9fff
[    0.639666] pci 0000:00:16.1:   MEM window: 0xca900000-0xca9fffff
[    0.639690] pci 0000:00:16.1:   PREFETCH window: 0x000000d8f00000-0x000000d8ffffff
[    0.639734] pci 0000:00:16.2: PCI bridge, secondary bus 0000:0d
[    0.639746] pci 0000:00:16.2:   IO window: 0xd000-0xdfff
[    0.639776] pci 0000:00:16.2:   MEM window: 0xcad00000-0xcadfffff
[    0.639797] pci 0000:00:16.2:   PREFETCH window: 0x000000d9300000-0x000000d93fffff
[    0.639840] pci 0000:00:16.3: PCI bridge, secondary bus 0000:0e
[    0.639842] pci 0000:00:16.3:   IO window: disabled
[    0.639872] pci 0000:00:16.3:   MEM window: 0xcb100000-0xcb1fffff
[    0.639892] pci 0000:00:16.3:   PREFETCH window: 0x000000d9700000-0x000000d97fffff
[    0.639935] pci 0000:00:16.4: PCI bridge, secondary bus 0000:0f
[    0.639937] pci 0000:00:16.4:   IO window: disabled
[    0.639967] pci 0000:00:16.4:   MEM window: 0xcb500000-0xcb5fffff
[    0.639988] pci 0000:00:16.4:   PREFETCH window: 0x000000d9b00000-0x000000d9bfffff
[    0.640037] pci 0000:00:16.5: PCI bridge, secondary bus 0000:10
[    0.640039] pci 0000:00:16.5:   IO window: disabled
[    0.640066] pci 0000:00:16.5:   MEM window: 0xcb900000-0xcb9fffff
[    0.640086] pci 0000:00:16.5:   PREFETCH window: 0x000000d9f00000-0x000000d9ffffff
[    0.640126] pci 0000:00:16.6: PCI bridge, secondary bus 0000:11
[    0.640127] pci 0000:00:16.6:   IO window: disabled
[    0.640155] pci 0000:00:16.6:   MEM window: 0xcbd00000-0xcbdfffff
[    0.640175] pci 0000:00:16.6:   PREFETCH window: 0x000000da300000-0x000000da3fffff
[    0.640215] pci 0000:00:16.7: PCI bridge, secondary bus 0000:12
[    0.640217] pci 0000:00:16.7:   IO window: disabled
[    0.640245] pci 0000:00:16.7:   MEM window: 0xcc100000-0xcc1fffff
[    0.640264] pci 0000:00:16.7:   PREFETCH window: 0x000000da700000-0x000000da7fffff
[    0.640304] pci 0000:00:17.0: PCI bridge, secondary bus 0000:13
[    0.640316] pci 0000:00:17.0:   IO window: 0x6000-0x6fff
[    0.640344] pci 0000:00:17.0:   MEM window: 0xca600000-0xca6fffff
[    0.640366] pci 0000:00:17.0:   PREFETCH window: 0x000000d8c00000-0x000000d8cfffff
[    0.640407] pci 0000:00:17.1: PCI bridge, secondary bus 0000:14
[    0.640418] pci 0000:00:17.1:   IO window: 0xa000-0xafff
[    0.640446] pci 0000:00:17.1:   MEM window: 0xcaa00000-0xcaafffff
[    0.640467] pci 0000:00:17.1:   PREFETCH window: 0x000000d9000000-0x000000d90fffff
[    0.640525] pci 0000:00:17.2: PCI bridge, secondary bus 0000:15
[    0.640537] pci 0000:00:17.2:   IO window: 0xe000-0xefff
[    0.640582] pci 0000:00:17.2:   MEM window: 0xcae00000-0xcaefffff
[    0.640604] pci 0000:00:17.2:   PREFETCH window: 0x000000d9400000-0x000000d94fffff
[    0.640649] pci 0000:00:17.3: PCI bridge, secondary bus 0000:16
[    0.640651] pci 0000:00:17.3:   IO window: disabled
[    0.640680] pci 0000:00:17.3:   MEM window: 0xcb200000-0xcb2fffff
[    0.640701] pci 0000:00:17.3:   PREFETCH window: 0x000000d9800000-0x000000d98fffff
[    0.640745] pci 0000:00:17.4: PCI bridge, secondary bus 0000:17
[    0.640746] pci 0000:00:17.4:   IO window: disabled
[    0.640777] pci 0000:00:17.4:   MEM window: 0xcb600000-0xcb6fffff
[    0.640797] pci 0000:00:17.4:   PREFETCH window: 0x000000d9c00000-0x000000d9cfffff
[    0.640844] pci 0000:00:17.5: PCI bridge, secondary bus 0000:18
[    0.640846] pci 0000:00:17.5:   IO window: disabled
[    0.640876] pci 0000:00:17.5:   MEM window: 0xcba00000-0xcbafffff
[    0.640897] pci 0000:00:17.5:   PREFETCH window: 0x000000da000000-0x000000da0fffff
[    0.640942] pci 0000:00:17.6: PCI bridge, secondary bus 0000:19
[    0.640943] pci 0000:00:17.6:   IO window: disabled
[    0.640977] pci 0000:00:17.6:   MEM window: 0xcbe00000-0xcbefffff
[    0.641004] pci 0000:00:17.6:   PREFETCH window: 0x000000da400000-0x000000da4fffff
[    0.641057] pci 0000:00:17.7: PCI bridge, secondary bus 0000:1a
[    0.641073] pci 0000:00:17.7:   IO window: disabled
[    0.641102] pci 0000:00:17.7:   MEM window: 0xcc200000-0xcc2fffff
[    0.641122] pci 0000:00:17.7:   PREFETCH window: 0x000000da800000-0x000000da8fffff
[    0.641162] pci 0000:00:18.0: PCI bridge, secondary bus 0000:1b
[    0.641174] pci 0000:00:18.0:   IO window: 0x7000-0x7fff
[    0.641202] pci 0000:00:18.0:   MEM window: 0xca700000-0xca7fffff
[    0.641221] pci 0000:00:18.0:   PREFETCH window: 0x000000d8d00000-0x000000d8dfffff
[    0.641263] pci 0000:00:18.1: PCI bridge, secondary bus 0000:1c
[    0.641274] pci 0000:00:18.1:   IO window: 0xb000-0xbfff
[    0.641302] pci 0000:00:18.1:   MEM window: 0xcab00000-0xcabfffff
[    0.641322] pci 0000:00:18.1:   PREFETCH window: 0x000000d9100000-0x000000d91fffff
[    0.641363] pci 0000:00:18.2: PCI bridge, secondary bus 0000:1d
[    0.641375] pci 0000:00:18.2:   IO window: 0xf000-0xffff
[    0.641403] pci 0000:00:18.2:   MEM window: 0xcaf00000-0xcaffffff
[    0.641422] pci 0000:00:18.2:   PREFETCH window: 0x000000d9500000-0x000000d95fffff
[    0.641464] pci 0000:00:18.3: PCI bridge, secondary bus 0000:1e
[    0.641466] pci 0000:00:18.3:   IO window: disabled
[    0.641496] pci 0000:00:18.3:   MEM window: 0xcb300000-0xcb3fffff
[    0.641515] pci 0000:00:18.3:   PREFETCH window: 0x000000d9900000-0x000000d99fffff
[    0.641563] pci 0000:00:18.4: PCI bridge, secondary bus 0000:1f
[    0.641565] pci 0000:00:18.4:   IO window: disabled
[    0.641605] pci 0000:00:18.4:   MEM window: 0xcb700000-0xcb7fffff
[    0.641632] pci 0000:00:18.4:   PREFETCH window: 0x000000d9d00000-0x000000d9dfffff
[    0.641690] pci 0000:00:18.5: PCI bridge, secondary bus 0000:20
[    0.641692] pci 0000:00:18.5:   IO window: disabled
[    0.641729] pci 0000:00:18.5:   MEM window: 0xcbb00000-0xcbbfffff
[    0.641748] pci 0000:00:18.5:   PREFETCH window: 0x000000da100000-0x000000da1fffff
[    0.641788] pci 0000:00:18.6: PCI bridge, secondary bus 0000:21
[    0.641790] pci 0000:00:18.6:   IO window: disabled
[    0.641818] pci 0000:00:18.6:   MEM window: 0xcbf00000-0xcbffffff
[    0.641838] pci 0000:00:18.6:   PREFETCH window: 0x000000da500000-0x000000da5fffff
[    0.641878] pci 0000:00:18.7: PCI bridge, secondary bus 0000:22
[    0.641879] pci 0000:00:18.7:   IO window: disabled
[    0.641907] pci 0000:00:18.7:   MEM window: 0xcc300000-0xcc3fffff
[    0.641926] pci 0000:00:18.7:   PREFETCH window: 0x000000da900000-0x000000da9fffff
[    0.641998] pci 0000:00:01.0: setting latency timer to 64
[    0.642090] pci 0000:00:15.0: setting latency timer to 64
[    0.642152] pci 0000:00:15.1: setting latency timer to 64
[    0.642214] pci 0000:00:15.2: setting latency timer to 64
[    0.642294] pci 0000:00:15.3: setting latency timer to 64
[    0.642356] pci 0000:00:15.4: setting latency timer to 64
[    0.642422] pci 0000:00:15.5: setting latency timer to 64
[    0.642484] pci 0000:00:15.6: setting latency timer to 64
[    0.642568] pci 0000:00:15.7: setting latency timer to 64
[    0.642644] pci 0000:00:16.0: setting latency timer to 64
[    0.642706] pci 0000:00:16.1: setting latency timer to 64
[    0.642768] pci 0000:00:16.2: setting latency timer to 64
[    0.642831] pci 0000:00:16.3: setting latency timer to 64
[    0.642893] pci 0000:00:16.4: setting latency timer to 64
[    0.642955] pci 0000:00:16.5: setting latency timer to 64
[    0.643017] pci 0000:00:16.6: setting latency timer to 64
[    0.643079] pci 0000:00:16.7: setting latency timer to 64
[    0.643141] pci 0000:00:17.0: setting latency timer to 64
[    0.643203] pci 0000:00:17.1: setting latency timer to 64
[    0.643266] pci 0000:00:17.2: setting latency timer to 64
[    0.643328] pci 0000:00:17.3: setting latency timer to 64
[    0.643390] pci 0000:00:17.4: setting latency timer to 64
[    0.643452] pci 0000:00:17.5: setting latency timer to 64
[    0.643515] pci 0000:00:17.6: setting latency timer to 64
[    0.643597] pci 0000:00:17.7: setting latency timer to 64
[    0.643668] pci 0000:00:18.0: setting latency timer to 64
[    0.643730] pci 0000:00:18.1: setting latency timer to 64
[    0.643793] pci 0000:00:18.2: setting latency timer to 64
[    0.643855] pci 0000:00:18.3: setting latency timer to 64
[    0.643917] pci 0000:00:18.4: setting latency timer to 64
[    0.643980] pci 0000:00:18.5: setting latency timer to 64
[    0.644042] pci 0000:00:18.6: setting latency timer to 64
[    0.644104] pci 0000:00:18.7: setting latency timer to 64
[    0.644116] pci_bus 0000:00: resource 0 io:  [0x00-0xffff]
[    0.644118] pci_bus 0000:00: resource 1 mem: [0x000000-0xffffffffffffffff]
[    0.644120] pci_bus 0000:02: resource 0 io:  [0x2000-0x3fff]
[    0.644122] pci_bus 0000:02: resource 1 mem: [0xc9000000-0xca3fffff]
[    0.644124] pci_bus 0000:02: resource 2 pref mem [0xd8400000-0xd89fffff]
[    0.644126] pci_bus 0000:02: resource 3 io:  [0x00-0xffff]
[    0.644128] pci_bus 0000:02: resource 4 mem: [0x000000-0xffffffffffffffff]
[    0.644130] pci_bus 0000:03: resource 0 io:  [0x4000-0x4fff]
[    0.644132] pci_bus 0000:03: resource 1 mem: [0xca400000-0xca4fffff]
[    0.644133] pci_bus 0000:03: resource 2 pref mem [0xd8a00000-0xd8afffff]
[    0.644135] pci_bus 0000:04: resource 0 io:  [0x8000-0x8fff]
[    0.644137] pci_bus 0000:04: resource 1 mem: [0xca800000-0xca8fffff]
[    0.644139] pci_bus 0000:04: resource 2 pref mem [0xd8e00000-0xd8efffff]
[    0.644141] pci_bus 0000:05: resource 0 io:  [0xc000-0xcfff]
[    0.644142] pci_bus 0000:05: resource 1 mem: [0xcac00000-0xcacfffff]
[    0.644144] pci_bus 0000:05: resource 2 pref mem [0xd9200000-0xd92fffff]
[    0.644146] pci_bus 0000:06: resource 1 mem: [0xcb000000-0xcb0fffff]
[    0.644148] pci_bus 0000:06: resource 2 pref mem [0xd9600000-0xd96fffff]
[    0.644150] pci_bus 0000:07: resource 1 mem: [0xcb400000-0xcb4fffff]
[    0.644151] pci_bus 0000:07: resource 2 pref mem [0xd9a00000-0xd9afffff]
[    0.644153] pci_bus 0000:08: resource 1 mem: [0xcb800000-0xcb8fffff]
[    0.644155] pci_bus 0000:08: resource 2 pref mem [0xd9e00000-0xd9efffff]
[    0.644157] pci_bus 0000:09: resource 1 mem: [0xcbc00000-0xcbcfffff]
[    0.644159] pci_bus 0000:09: resource 2 pref mem [0xda200000-0xda2fffff]
[    0.644161] pci_bus 0000:0a: resource 1 mem: [0xcc000000-0xcc0fffff]
[    0.644162] pci_bus 0000:0a: resource 2 pref mem [0xda600000-0xda6fffff]
[    0.644164] pci_bus 0000:0b: resource 0 io:  [0x5000-0x5fff]
[    0.644166] pci_bus 0000:0b: resource 1 mem: [0xca500000-0xca5fffff]
[    0.644168] pci_bus 0000:0b: resource 2 pref mem [0xd8b00000-0xd8bfffff]
[    0.644170] pci_bus 0000:0c: resource 0 io:  [0x9000-0x9fff]
[    0.644171] pci_bus 0000:0c: resource 1 mem: [0xca900000-0xca9fffff]
[    0.644173] pci_bus 0000:0c: resource 2 pref mem [0xd8f00000-0xd8ffffff]
[    0.644175] pci_bus 0000:0d: resource 0 io:  [0xd000-0xdfff]
[    0.644177] pci_bus 0000:0d: resource 1 mem: [0xcad00000-0xcadfffff]
[    0.644178] pci_bus 0000:0d: resource 2 pref mem [0xd9300000-0xd93fffff]
[    0.644180] pci_bus 0000:0e: resource 1 mem: [0xcb100000-0xcb1fffff]
[    0.644182] pci_bus 0000:0e: resource 2 pref mem [0xd9700000-0xd97fffff]
[    0.644184] pci_bus 0000:0f: resource 1 mem: [0xcb500000-0xcb5fffff]
[    0.644186] pci_bus 0000:0f: resource 2 pref mem [0xd9b00000-0xd9bfffff]
[    0.644188] pci_bus 0000:10: resource 1 mem: [0xcb900000-0xcb9fffff]
[    0.644189] pci_bus 0000:10: resource 2 pref mem [0xd9f00000-0xd9ffffff]
[    0.644191] pci_bus 0000:11: resource 1 mem: [0xcbd00000-0xcbdfffff]
[    0.644193] pci_bus 0000:11: resource 2 pref mem [0xda300000-0xda3fffff]
[    0.644195] pci_bus 0000:12: resource 1 mem: [0xcc100000-0xcc1fffff]
[    0.644197] pci_bus 0000:12: resource 2 pref mem [0xda700000-0xda7fffff]
[    0.644199] pci_bus 0000:13: resource 0 io:  [0x6000-0x6fff]
[    0.644200] pci_bus 0000:13: resource 1 mem: [0xca600000-0xca6fffff]
[    0.644202] pci_bus 0000:13: resource 2 pref mem [0xd8c00000-0xd8cfffff]
[    0.644204] pci_bus 0000:14: resource 0 io:  [0xa000-0xafff]
[    0.644206] pci_bus 0000:14: resource 1 mem: [0xcaa00000-0xcaafffff]
[    0.644207] pci_bus 0000:14: resource 2 pref mem [0xd9000000-0xd90fffff]
[    0.644209] pci_bus 0000:15: resource 0 io:  [0xe000-0xefff]
[    0.644211] pci_bus 0000:15: resource 1 mem: [0xcae00000-0xcaefffff]
[    0.644213] pci_bus 0000:15: resource 2 pref mem [0xd9400000-0xd94fffff]
[    0.644215] pci_bus 0000:16: resource 1 mem: [0xcb200000-0xcb2fffff]
[    0.644216] pci_bus 0000:16: resource 2 pref mem [0xd9800000-0xd98fffff]
[    0.644218] pci_bus 0000:17: resource 1 mem: [0xcb600000-0xcb6fffff]
[    0.644220] pci_bus 0000:17: resource 2 pref mem [0xd9c00000-0xd9cfffff]
[    0.644222] pci_bus 0000:18: resource 1 mem: [0xcba00000-0xcbafffff]
[    0.644224] pci_bus 0000:18: resource 2 pref mem [0xda000000-0xda0fffff]
[    0.644226] pci_bus 0000:19: resource 1 mem: [0xcbe00000-0xcbefffff]
[    0.644227] pci_bus 0000:19: resource 2 pref mem [0xda400000-0xda4fffff]
[    0.644229] pci_bus 0000:1a: resource 1 mem: [0xcc200000-0xcc2fffff]
[    0.644231] pci_bus 0000:1a: resource 2 pref mem [0xda800000-0xda8fffff]
[    0.644233] pci_bus 0000:1b: resource 0 io:  [0x7000-0x7fff]
[    0.644235] pci_bus 0000:1b: resource 1 mem: [0xca700000-0xca7fffff]
[    0.644236] pci_bus 0000:1b: resource 2 pref mem [0xd8d00000-0xd8dfffff]
[    0.644238] pci_bus 0000:1c: resource 0 io:  [0xb000-0xbfff]
[    0.644240] pci_bus 0000:1c: resource 1 mem: [0xcab00000-0xcabfffff]
[    0.644242] pci_bus 0000:1c: resource 2 pref mem [0xd9100000-0xd91fffff]
[    0.644244] pci_bus 0000:1d: resource 0 io:  [0xf000-0xffff]
[    0.644245] pci_bus 0000:1d: resource 1 mem: [0xcaf00000-0xcaffffff]
[    0.644247] pci_bus 0000:1d: resource 2 pref mem [0xd9500000-0xd95fffff]
[    0.644249] pci_bus 0000:1e: resource 1 mem: [0xcb300000-0xcb3fffff]
[    0.644251] pci_bus 0000:1e: resource 2 pref mem [0xd9900000-0xd99fffff]
[    0.644253] pci_bus 0000:1f: resource 1 mem: [0xcb700000-0xcb7fffff]
[    0.644254] pci_bus 0000:1f: resource 2 pref mem [0xd9d00000-0xd9dfffff]
[    0.644256] pci_bus 0000:20: resource 1 mem: [0xcbb00000-0xcbbfffff]
[    0.644258] pci_bus 0000:20: resource 2 pref mem [0xda100000-0xda1fffff]
[    0.644260] pci_bus 0000:21: resource 1 mem: [0xcbf00000-0xcbffffff]
[    0.644262] pci_bus 0000:21: resource 2 pref mem [0xda500000-0xda5fffff]
[    0.644264] pci_bus 0000:22: resource 1 mem: [0xcc300000-0xcc3fffff]
[    0.644265] pci_bus 0000:22: resource 2 pref mem [0xda900000-0xda9fffff]
[    0.644289] NET: Registered protocol family 2
[    0.644305] RANDOM - __random32 called. Change num 7.  Value: 55ede565	148ebb7a	8e9cdd7f
[    0.644307] RANDOM - random32 called.  Value: 55ede565	148ebb7a	8e9cdd7f
[    0.644316] random 0000 0000 0000 00000000 00000000: rand_read_num 2 get_random_bytes(4): sig fffffe1a 00000000 00000000
[    0.644318] random 0000 0000 0000 00000000 00000000: extract_entropy(.. 4 ..)
[    0.644321] random 0000 0000 0000 00000000 00000000: going to reseed nonblocking with 64 bits (32 of 0 requested)
[    0.644323] random 0000 0000 0000 00000000 00000000: extract_entropy(.. 8 ..)
[    0.644325] random 0000 0000 0000 00000000 00000000: trying to extract 64 bits from input
[    0.644327] random 0000 0000 0000 00000000 00000000: debiting 0 entropy credits from input
[    0.644329] random 0000 0000 0000 00000000 00000000: extract_entropy account returned: 0 
[    0.644332] random 0000 0000 0000 00000000 00000000: urand_change_num 3 xfer_secondary_pool(4): pool_sig fffffe1a, data_sig 00000000, bytes_mixed 0 00000000 00000000
[    0.644335] random 0000 0000 0000 00000000 00000000: trying to extract 32 bits from nonblocking
[    0.644337] random 0000 0000 0000 00000000 00000000: debiting 32 entropy credits from nonblocking (unlimited)
[    0.644339] random 0000 0000 0000 00000000 00000000: extract_entropy account returned: 4 
[    0.644343] random 0000 0000 0000 00000000 00000000: urand_change_num 4 extract_buf: pool_sig fffffe1a, data_sig fffffed7, bytes_mixed 20 00000000 00000000
[    0.644372] IP route cache hash table entries: 32768 (order: 5, 131072 bytes)
[    0.644461] RANDOM - __random32 called. Change num 8.  Value: de565d28	48ebb7a3	baff4f46
[    0.644463] RANDOM - random32 called.  Value: de565d28	48ebb7a3	baff4f46
[    0.644519] RANDOM - __random32 called. Change num 9.  Value: 65d282be	8ebb7a35	9e8da0a6
[    0.644520] RANDOM - random32 called.  Value: 65d282be	8ebb7a35	9e8da0a6
[    0.644523] RANDOM - __random32 called. Change num 10.  Value: 282be6b0	ebb7a35a	414d5c14
[    0.644525] RANDOM - random32 called.  Value: 282be6b0	ebb7a35a	414d5c14
[    0.644569] RANDOM - __random32 called. Change num 11.  Value: be6b0a9f	bb7a35a2	b82964f7
[    0.644571] RANDOM - random32 called.  Value: be6b0a9f	bb7a35a2	b82964f7
[    0.644583] TCP established hash table entries: 131072 (order: 8, 1048576 bytes)
[    0.644736] TCP bind hash table entries: 65536 (order: 7, 524288 bytes)
[    0.644889] TCP: Hash tables configured (established 131072 bind 65536)
[    0.644891] TCP reno registered
[    0.644927] NET: Registered protocol family 1
[    0.644936] pci 0000:00:00.0: Limiting direct PCI/PCI transfers
[    0.644957] pci 0000:00:0f.0: Boot video device
[    0.645173] Trying to unpack rootfs image as initramfs...
[    1.860503] Freeing initrd memory: 83430k freed
[    1.868521] Simple Boot Flag at 0x36 set to 0x1
[    1.868569] cpufreq-nforce2: No nForce2 chipset.
[    1.868582] Scanning for low memory corruption every 60 seconds
[    1.868698] audit: initializing netlink socket (disabled)
[    1.868707] type=2000 audit(1369434633.852:1): initialized
[    1.872625] highmem bounce pool size: 64 pages
[    1.872630] HugeTLB registered 2 MB page size, pre-allocated 0 pages
[    1.872724] VFS: Disk quotas dquot_6.5.2
[    1.872754] Dquot-cache hash table entries: 1024 (order 0, 4096 bytes)
[    1.872836] fuse init (API version 7.13)
[    1.872880] msgmni has been set to 1729
[    1.873144] alg: No test for stdrng (krng)
[    1.873176] Block layer SCSI generic (bsg) driver version 0.4 loaded (major 253)
[    1.873179] io scheduler noop registered
[    1.873180] io scheduler anticipatory registered
[    1.873182] io scheduler deadline registered
[    1.873201] io scheduler cfq registered (default)
[    1.873250]   alloc irq_desc for 24 on node -1
[    1.873252]   alloc kstat_irqs on node -1
[    1.873301] pcieport 0000:00:15.0: irq 24 for MSI/MSI-X
[    1.873349] pcieport 0000:00:15.0: setting latency timer to 64
[    1.873397]   alloc irq_desc for 25 on node -1
[    1.873399]   alloc kstat_irqs on node -1
[    1.873446] pcieport 0000:00:15.1: irq 25 for MSI/MSI-X
[    1.873495] pcieport 0000:00:15.1: setting latency timer to 64
[    1.873543]   alloc irq_desc for 26 on node -1
[    1.873545]   alloc kstat_irqs on node -1
[    1.873592] pcieport 0000:00:15.2: irq 26 for MSI/MSI-X
[    1.873640] pcieport 0000:00:15.2: setting latency timer to 64
[    1.873688]   alloc irq_desc for 27 on node -1
[    1.873691]   alloc kstat_irqs on node -1
[    1.873739] pcieport 0000:00:15.3: irq 27 for MSI/MSI-X
[    1.873788] pcieport 0000:00:15.3: setting latency timer to 64
[    1.873836]   alloc irq_desc for 28 on node -1
[    1.873839]   alloc kstat_irqs on node -1
[    1.873888] pcieport 0000:00:15.4: irq 28 for MSI/MSI-X
[    1.873936] pcieport 0000:00:15.4: setting latency timer to 64
[    1.873985]   alloc irq_desc for 29 on node -1
[    1.873987]   alloc kstat_irqs on node -1
[    1.874035] pcieport 0000:00:15.5: irq 29 for MSI/MSI-X
[    1.874083] pcieport 0000:00:15.5: setting latency timer to 64
[    1.874132]   alloc irq_desc for 30 on node -1
[    1.874134]   alloc kstat_irqs on node -1
[    1.874183] pcieport 0000:00:15.6: irq 30 for MSI/MSI-X
[    1.874231] pcieport 0000:00:15.6: setting latency timer to 64
[    1.874279]   alloc irq_desc for 31 on node -1
[    1.874281]   alloc kstat_irqs on node -1
[    1.874328] pcieport 0000:00:15.7: irq 31 for MSI/MSI-X
[    1.874376] pcieport 0000:00:15.7: setting latency timer to 64
[    1.874424]   alloc irq_desc for 32 on node -1
[    1.874426]   alloc kstat_irqs on node -1
[    1.874472] pcieport 0000:00:16.0: irq 32 for MSI/MSI-X
[    1.874521] pcieport 0000:00:16.0: setting latency timer to 64
[    1.874569]   alloc irq_desc for 33 on node -1
[    1.874571]   alloc kstat_irqs on node -1
[    1.874617] pcieport 0000:00:16.1: irq 33 for MSI/MSI-X
[    1.874665] pcieport 0000:00:16.1: setting latency timer to 64
[    1.874714]   alloc irq_desc for 34 on node -1
[    1.874717]   alloc kstat_irqs on node -1
[    1.874765] pcieport 0000:00:16.2: irq 34 for MSI/MSI-X
[    1.874814] pcieport 0000:00:16.2: setting latency timer to 64
[    1.874862]   alloc irq_desc for 35 on node -1
[    1.874864]   alloc kstat_irqs on node -1
[    1.874910] pcieport 0000:00:16.3: irq 35 for MSI/MSI-X
[    1.874959] pcieport 0000:00:16.3: setting latency timer to 64
[    1.875007]   alloc irq_desc for 36 on node -1
[    1.875009]   alloc kstat_irqs on node -1
[    1.875055] pcieport 0000:00:16.4: irq 36 for MSI/MSI-X
[    1.875103] pcieport 0000:00:16.4: setting latency timer to 64
[    1.875152]   alloc irq_desc for 37 on node -1
[    1.875154]   alloc kstat_irqs on node -1
[    1.875202] pcieport 0000:00:16.5: irq 37 for MSI/MSI-X
[    1.875251] pcieport 0000:00:16.5: setting latency timer to 64
[    1.876556]   alloc irq_desc for 38 on node -1
[    1.876558]   alloc kstat_irqs on node -1
[    1.876606] pcieport 0000:00:16.6: irq 38 for MSI/MSI-X
[    1.876655] pcieport 0000:00:16.6: setting latency timer to 64
[    1.876703]   alloc irq_desc for 39 on node -1
[    1.876708]   alloc kstat_irqs on node -1
[    1.876756] pcieport 0000:00:16.7: irq 39 for MSI/MSI-X
[    1.876805] pcieport 0000:00:16.7: setting latency timer to 64
[    1.876853]   alloc irq_desc for 40 on node -1
[    1.876858]   alloc kstat_irqs on node -1
[    1.876907] pcieport 0000:00:17.0: irq 40 for MSI/MSI-X
[    1.876955] pcieport 0000:00:17.0: setting latency timer to 64
[    1.877003]   alloc irq_desc for 41 on node -1
[    1.877007]   alloc kstat_irqs on node -1
[    1.877056] pcieport 0000:00:17.1: irq 41 for MSI/MSI-X
[    1.877104] pcieport 0000:00:17.1: setting latency timer to 64
[    1.877152]   alloc irq_desc for 42 on node -1
[    1.877157]   alloc kstat_irqs on node -1
[    1.877205] pcieport 0000:00:17.2: irq 42 for MSI/MSI-X
[    1.877253] pcieport 0000:00:17.2: setting latency timer to 64
[    1.877302]   alloc irq_desc for 43 on node -1
[    1.877304]   alloc kstat_irqs on node -1
[    1.877353] pcieport 0000:00:17.3: irq 43 for MSI/MSI-X
[    1.877401] pcieport 0000:00:17.3: setting latency timer to 64
[    1.877449]   alloc irq_desc for 44 on node -1
[    1.877452]   alloc kstat_irqs on node -1
[    1.877501] pcieport 0000:00:17.4: irq 44 for MSI/MSI-X
[    1.877549] pcieport 0000:00:17.4: setting latency timer to 64
[    1.877597]   alloc irq_desc for 45 on node -1
[    1.877600]   alloc kstat_irqs on node -1
[    1.877648] pcieport 0000:00:17.5: irq 45 for MSI/MSI-X
[    1.877696] pcieport 0000:00:17.5: setting latency timer to 64
[    1.877745]   alloc irq_desc for 46 on node -1
[    1.877750]   alloc kstat_irqs on node -1
[    1.877798] pcieport 0000:00:17.6: irq 46 for MSI/MSI-X
[    1.877847] pcieport 0000:00:17.6: setting latency timer to 64
[    1.877895]   alloc irq_desc for 47 on node -1
[    1.877900]   alloc kstat_irqs on node -1
[    1.877948] pcieport 0000:00:17.7: irq 47 for MSI/MSI-X
[    1.877997] pcieport 0000:00:17.7: setting latency timer to 64
[    1.878045]   alloc irq_desc for 48 on node -1
[    1.878048]   alloc kstat_irqs on node -1
[    1.878097] pcieport 0000:00:18.0: irq 48 for MSI/MSI-X
[    1.878145] pcieport 0000:00:18.0: setting latency timer to 64
[    1.878193]   alloc irq_desc for 49 on node -1
[    1.878195]   alloc kstat_irqs on node -1
[    1.878244] pcieport 0000:00:18.1: irq 49 for MSI/MSI-X
[    1.878292] pcieport 0000:00:18.1: setting latency timer to 64
[    1.878340]   alloc irq_desc for 50 on node -1
[    1.878343]   alloc kstat_irqs on node -1
[    1.878391] pcieport 0000:00:18.2: irq 50 for MSI/MSI-X
[    1.878439] pcieport 0000:00:18.2: setting latency timer to 64
[    1.878488]   alloc irq_desc for 51 on node -1
[    1.878490]   alloc kstat_irqs on node -1
[    1.878538] pcieport 0000:00:18.3: irq 51 for MSI/MSI-X
[    1.878586] pcieport 0000:00:18.3: setting latency timer to 64
[    1.878635]   alloc irq_desc for 52 on node -1
[    1.878637]   alloc kstat_irqs on node -1
[    1.878685] pcieport 0000:00:18.4: irq 52 for MSI/MSI-X
[    1.878734] pcieport 0000:00:18.4: setting latency timer to 64
[    1.878782]   alloc irq_desc for 53 on node -1
[    1.878784]   alloc kstat_irqs on node -1
[    1.878832] pcieport 0000:00:18.5: irq 53 for MSI/MSI-X
[    1.878881] pcieport 0000:00:18.5: setting latency timer to 64
[    1.878929]   alloc irq_desc for 54 on node -1
[    1.878931]   alloc kstat_irqs on node -1
[    1.878980] pcieport 0000:00:18.6: irq 54 for MSI/MSI-X
[    1.879028] pcieport 0000:00:18.6: setting latency timer to 64
[    1.879076]   alloc irq_desc for 55 on node -1
[    1.879080]   alloc kstat_irqs on node -1
[    1.879129] pcieport 0000:00:18.7: irq 55 for MSI/MSI-X
[    1.879177] pcieport 0000:00:18.7: setting latency timer to 64
[    1.879225] pci_hotplug: PCI Hot Plug PCI Core version: 0.5
[    1.880573] pciehp 0000:00:15.0:pcie04: HPC vendor_id 15ad device_id 7a0 ss_vid 0 ss_did 0
[    1.880621] pciehp 0000:00:15.0:pcie04: service driver pciehp loaded
[    1.880670] pciehp 0000:00:15.1:pcie04: HPC vendor_id 15ad device_id 7a0 ss_vid 0 ss_did 0
[    1.880718] pciehp 0000:00:15.1:pcie04: service driver pciehp loaded
[    1.880767] pciehp 0000:00:15.2:pcie04: HPC vendor_id 15ad device_id 7a0 ss_vid 0 ss_did 0
[    1.880815] pciehp 0000:00:15.2:pcie04: service driver pciehp loaded
[    1.880863] pciehp 0000:00:15.3:pcie04: HPC vendor_id 15ad device_id 7a0 ss_vid 0 ss_did 0
[    1.880912] pciehp 0000:00:15.3:pcie04: service driver pciehp loaded
[    1.880960] pciehp 0000:00:15.4:pcie04: HPC vendor_id 15ad device_id 7a0 ss_vid 0 ss_did 0
[    1.881008] pciehp 0000:00:15.4:pcie04: service driver pciehp loaded
[    1.881057] pciehp 0000:00:15.5:pcie04: HPC vendor_id 15ad device_id 7a0 ss_vid 0 ss_did 0
[    1.881105] pciehp 0000:00:15.5:pcie04: service driver pciehp loaded
[    1.881154] pciehp 0000:00:15.6:pcie04: HPC vendor_id 15ad device_id 7a0 ss_vid 0 ss_did 0
[    1.881202] pciehp 0000:00:15.6:pcie04: service driver pciehp loaded
[    1.881250] pciehp 0000:00:15.7:pcie04: HPC vendor_id 15ad device_id 7a0 ss_vid 0 ss_did 0
[    1.881299] pciehp 0000:00:15.7:pcie04: service driver pciehp loaded
[    1.881347] pciehp 0000:00:16.0:pcie04: HPC vendor_id 15ad device_id 7a0 ss_vid 0 ss_did 0
[    1.881395] pciehp 0000:00:16.0:pcie04: service driver pciehp loaded
[    1.881444] pciehp 0000:00:16.1:pcie04: HPC vendor_id 15ad device_id 7a0 ss_vid 0 ss_did 0
[    1.881492] pciehp 0000:00:16.1:pcie04: service driver pciehp loaded
[    1.881541] pciehp 0000:00:16.2:pcie04: HPC vendor_id 15ad device_id 7a0 ss_vid 0 ss_did 0
[    1.881589] pciehp 0000:00:16.2:pcie04: service driver pciehp loaded
[    1.881637] pciehp 0000:00:16.3:pcie04: HPC vendor_id 15ad device_id 7a0 ss_vid 0 ss_did 0
[    1.881686] pciehp 0000:00:16.3:pcie04: service driver pciehp loaded
[    1.881734] pciehp 0000:00:16.4:pcie04: HPC vendor_id 15ad device_id 7a0 ss_vid 0 ss_did 0
[    1.881783] pciehp 0000:00:16.4:pcie04: service driver pciehp loaded
[    1.881831] pciehp 0000:00:16.5:pcie04: HPC vendor_id 15ad device_id 7a0 ss_vid 0 ss_did 0
[    1.881879] pciehp 0000:00:16.5:pcie04: service driver pciehp loaded
[    1.881928] pciehp 0000:00:16.6:pcie04: HPC vendor_id 15ad device_id 7a0 ss_vid 0 ss_did 0
[    1.881976] pciehp 0000:00:16.6:pcie04: service driver pciehp loaded
[    1.882024] pciehp 0000:00:16.7:pcie04: HPC vendor_id 15ad device_id 7a0 ss_vid 0 ss_did 0
[    1.882073] pciehp 0000:00:16.7:pcie04: service driver pciehp loaded
[    1.882121] pciehp 0000:00:17.0:pcie04: HPC vendor_id 15ad device_id 7a0 ss_vid 0 ss_did 0
[    1.882170] pciehp 0000:00:17.0:pcie04: service driver pciehp loaded
[    1.882218] pciehp 0000:00:17.1:pcie04: HPC vendor_id 15ad device_id 7a0 ss_vid 0 ss_did 0
[    1.882266] pciehp 0000:00:17.1:pcie04: service driver pciehp loaded
[    1.882315] pciehp 0000:00:17.2:pcie04: HPC vendor_id 15ad device_id 7a0 ss_vid 0 ss_did 0
[    1.882363] pciehp 0000:00:17.2:pcie04: service driver pciehp loaded
[    1.882411] pciehp 0000:00:17.3:pcie04: HPC vendor_id 15ad device_id 7a0 ss_vid 0 ss_did 0
[    1.882460] pciehp 0000:00:17.3:pcie04: service driver pciehp loaded
[    1.882508] pciehp 0000:00:17.4:pcie04: HPC vendor_id 15ad device_id 7a0 ss_vid 0 ss_did 0
[    1.882557] pciehp 0000:00:17.4:pcie04: service driver pciehp loaded
[    1.882605] pciehp 0000:00:17.5:pcie04: HPC vendor_id 15ad device_id 7a0 ss_vid 0 ss_did 0
[    1.882653] pciehp 0000:00:17.5:pcie04: service driver pciehp loaded
[    1.882702] pciehp 0000:00:17.6:pcie04: HPC vendor_id 15ad device_id 7a0 ss_vid 0 ss_did 0
[    1.882750] pciehp 0000:00:17.6:pcie04: service driver pciehp loaded
[    1.882798] pciehp 0000:00:17.7:pcie04: HPC vendor_id 15ad device_id 7a0 ss_vid 0 ss_did 0
[    1.882847] pciehp 0000:00:17.7:pcie04: service driver pciehp loaded
[    1.882895] pciehp 0000:00:18.0:pcie04: HPC vendor_id 15ad device_id 7a0 ss_vid 0 ss_did 0
[    1.882944] pciehp 0000:00:18.0:pcie04: service driver pciehp loaded
[    1.882992] pciehp 0000:00:18.1:pcie04: HPC vendor_id 15ad device_id 7a0 ss_vid 0 ss_did 0
[    1.883040] pciehp 0000:00:18.1:pcie04: service driver pciehp loaded
[    1.883089] pciehp 0000:00:18.2:pcie04: HPC vendor_id 15ad device_id 7a0 ss_vid 0 ss_did 0
[    1.883137] pciehp 0000:00:18.2:pcie04: service driver pciehp loaded
[    1.883185] pciehp 0000:00:18.3:pcie04: HPC vendor_id 15ad device_id 7a0 ss_vid 0 ss_did 0
[    1.883234] pciehp 0000:00:18.3:pcie04: service driver pciehp loaded
[    1.883282] pciehp 0000:00:18.4:pcie04: HPC vendor_id 15ad device_id 7a0 ss_vid 0 ss_did 0
[    1.883331] pciehp 0000:00:18.4:pcie04: service driver pciehp loaded
[    1.883379] pciehp 0000:00:18.5:pcie04: HPC vendor_id 15ad device_id 7a0 ss_vid 0 ss_did 0
[    1.883427] pciehp 0000:00:18.5:pcie04: service driver pciehp loaded
[    1.883476] pciehp 0000:00:18.6:pcie04: HPC vendor_id 15ad device_id 7a0 ss_vid 0 ss_did 0
[    1.883524] pciehp 0000:00:18.6:pcie04: service driver pciehp loaded
[    1.883573] pciehp 0000:00:18.7:pcie04: HPC vendor_id 15ad device_id 7a0 ss_vid 0 ss_did 0
[    1.883621] pciehp 0000:00:18.7:pcie04: service driver pciehp loaded
[    1.883629] pciehp: PCI Express Hot Plug Controller Driver version: 0.4
[    1.883684] ACPI: AC Adapter [ACAD] (on-line)
[    1.883757] input: Power Button as /devices/LNXSYSTM:00/LNXPWRBN:00/input/input0
[    1.883760] ACPI: Power Button [PWRF]
[    1.883808] processor LNXCPU:00: registered as cooling_device0
[    1.928459] isapnp: Scanning for PnP cards...
[    2.287428] isapnp: No Plug & Play device found
[    2.287458] random 0000 0000 0000 5f8db4e5 4cfdf2a8: initializing
[    2.287877] Linux agpgart interface v0.103
[    2.287918] agpgart-intel 0000:00:00.0: Intel 440BX Chipset
[    2.287967] agpgart-intel 0000:00:00.0: AGP aperture is 256M @ 0x0
[    2.288000] Serial: 8250/16550 driver, 32 ports, IRQ sharing enabled
[    2.288048] serial8250: ttyS0 at I/O 0x3f8 (irq = 4) is a 16550A
[    2.288097] serial8250: ttyS1 at I/O 0x2f8 (irq = 3) is a 16550A
[    2.288145] 00:0a: ttyS0 at I/O 0x3f8 (irq = 4) is a 16550A
[    2.288194] 00:0b: ttyS1 at I/O 0x2f8 (irq = 3) is a 16550A
[    2.288242] brd: module loaded
[    2.288290] loop: module loaded
[    2.288339] ata_piix 0000:00:07.1: version 2.13
[    2.288430] scsi0 : ata_piix
[    2.288499] scsi1 : ata_piix
[    2.288523] ata1: PATA max UDMA/33 cmd 0x1f0 ctl 0x3f6 bmdma 0x10c0 irq 14
[    2.288525] ata2: PATA max UDMA/33 cmd 0x170 ctl 0x376 bmdma 0x10c8 irq 15
[    2.288580] PPP generic driver version 2.4.2
[    2.288603] tun: Universal TUN/TAP device driver, 1.6
[    2.288605] tun: (C) 1999-2004 Max Krasnyansky <maxk@qualcomm.com>
[    2.288653] ehci_hcd: USB 2.0 'Enhanced' Host Controller (EHCI) Driver
[    2.288702] ACPI: PCI Interrupt Link [LNKB] enabled at IRQ 11
[    2.288704] PCI: setting IRQ 11 as level-triggered
[    2.288712] ehci_hcd 0000:02:03.0: PCI INT A -> Link[LNKB] -> GSI 11 (level, low) -> IRQ 11
[    2.288755] ehci_hcd 0000:02:03.0: EHCI Host Controller
[    2.288778] ehci_hcd 0000:02:03.0: new USB bus registered, assigned bus number 1
[    2.288826] ehci_hcd 0000:02:03.0: cache line size of 32 is not supported
[    2.288833] ehci_hcd 0000:02:03.0: irq 11, io mem 0xc9000000
[    2.289134] random 0000 0000 0000 00000000 00000000: rand_read_num 3 get_random_bytes(8): sig 00000000 00000000 00000000
[    2.289137] random 0000 0000 0000 00000000 00000000: extract_entropy(.. 8 ..)
[    2.289140] random 0000 0000 0000 00000000 00000000: going to reseed nonblocking with 64 bits (64 of 0 requested)
[    2.289142] random 0000 0000 0000 00000000 00000000: extract_entropy(.. 8 ..)
[    2.289145] random 0000 0000 0000 00000000 00000000: trying to extract 64 bits from input
[    2.289147] random 0000 0000 0000 00000000 00000000: debiting 0 entropy credits from input
[    2.289149] random 0000 0000 0000 00000000 00000000: extract_entropy account returned: 0 
[    2.289152] random 0000 0000 0000 00000000 00000000: urand_change_num 5 xfer_secondary_pool(8): pool_sig 00000000, data_sig 00000000, bytes_mixed 0 00000000 00000000
[    2.289155] random 0000 0000 0000 00000000 00000000: trying to extract 64 bits from nonblocking
[    2.289158] random 0000 0000 0000 00000000 00000000: debiting 64 entropy credits from nonblocking (unlimited)
[    2.289160] random 0000 0000 0000 00000000 00000000: extract_entropy account returned: 8 
[    2.289164] random 0000 0000 0000 00000000 00000000: urand_change_num 6 extract_buf: pool_sig 00000000, data_sig fffffff9, bytes_mixed 20 00000000 00000000
[    2.299843] ehci_hcd 0000:02:03.0: USB 2.0 started, EHCI 1.00
[    2.299892] usb usb1: configuration #1 chosen from 1 choice
[    2.299914] hub 1-0:1.0: USB hub found
[    2.299919] hub 1-0:1.0: 6 ports detected
[    2.299959] ohci_hcd: USB 1.1 'Open' Host Controller (OHCI) Driver
[    2.299974] uhci_hcd: USB Universal Host Controller Interface driver
[    2.300023] ACPI: PCI Interrupt Link [LNKC] enabled at IRQ 10
[    2.300026] PCI: setting IRQ 10 as level-triggered
[    2.300030] uhci_hcd 0000:02:00.0: PCI INT A -> Link[LNKC] -> GSI 10 (level, low) -> IRQ 10
[    2.300066] uhci_hcd 0000:02:00.0: UHCI Host Controller
[    2.300100] uhci_hcd 0000:02:00.0: new USB bus registered, assigned bus number 2
[    2.300201] uhci_hcd 0000:02:00.0: irq 10, io base 0x000020c0
[    2.300249] usb usb2: configuration #1 chosen from 1 choice
[    2.300265] hub 2-0:1.0: USB hub found
[    2.300270] hub 2-0:1.0: 2 ports detected
[    2.300318] usbcore: registered new interface driver libusual
[    2.300348] PNP: PS/2 Controller [PNP0303:KBC,PNP0f13:MOUS] at 0x60,0x64 irq 1,12
[    2.300668] serio: i8042 KBD port at 0x60,0x64 irq 1
[    2.300676] serio: i8042 AUX port at 0x60,0x64 irq 12
[    2.300714] mice: PS/2 mouse device common for all mice
[    2.300762] rtc_cmos 00:04: rtc core: registered rtc_cmos as rtc0
[    2.300780] rtc0: alarms up to one month, y3k, 114 bytes nvram, hpet irqs
[    2.300829] device-mapper: uevent: version 1.0.3
[    2.300962] device-mapper: ioctl: 4.15.0-ioctl (2009-04-01) initialised: dm-devel@redhat.com
[    2.300988] EISA: Probing bus 0 at eisa.0
[    2.301045] Cannot allocate resource for EISA slot 1
[    2.301048] Cannot allocate resource for EISA slot 2
[    2.301051] Cannot allocate resource for EISA slot 3
[    2.301053] Cannot allocate resource for EISA slot 4
[    2.301056] Cannot allocate resource for EISA slot 5
[    2.301059] Cannot allocate resource for EISA slot 6
[    2.301062] Cannot allocate resource for EISA slot 7
[    2.301110] Cannot allocate resource for EISA slot 8
[    2.301113] EISA: Detected 0 cards.
[    2.301184] cpuidle: using governor ladder
[    2.301187] cpuidle: using governor menu
[    2.301235] random 0000 0000 0000 00000000 00000000: rand_read_num 4 get_random_bytes(136): sig 0000021d 00000000 00000000
[    2.301239] random 0000 0000 0000 00000000 00000000: extract_entropy(.. 136 ..)
[    2.301244] random 0000 0000 0000 00000000 00000000: going to reseed nonblocking with 1024 bits (1088 of 0 requested)
[    2.301247] random 0000 0000 0000 00000000 00000000: extract_entropy(.. 128 ..)
[    2.301251] random 0000 0000 0000 00000000 00000000: trying to extract 1024 bits from input
[    2.301255] random 0000 0000 0000 00000000 00000000: debiting 0 entropy credits from input
[    2.301258] random 0000 0000 0000 00000000 00000000: extract_entropy account returned: 0 
[    2.301263] random 0000 0000 0000 00000000 00000000: urand_change_num 7 xfer_secondary_pool(136): pool_sig 0000021d, data_sig 00000000, bytes_mixed 0 00000000 00000000
[    2.301267] random 0000 0000 0000 00000000 00000000: trying to extract 1088 bits from nonblocking
[    2.301271] random 0000 0000 0000 00000000 00000000: debiting 1088 entropy credits from nonblocking (unlimited)
[    2.301275] random 0000 0000 0000 00000000 00000000: extract_entropy account returned: 136 
[    2.301280] random 0000 0000 0000 00000000 00000000: urand_change_num 8 extract_buf: pool_sig 0000021d, data_sig fffffff7, bytes_mixed 20 00000000 00000000
[    2.301288] random 0000 0000 0000 f961ee50 ba9cb1aa: urand_change_num 9 extract_buf: pool_sig 00000230, data_sig fffffeb4, bytes_mixed 20 f961ee50 ba9cb1aa
[    2.301295] random 0000 0000 0000 9748bdd6 56fb8af6: urand_change_num 10 extract_buf: pool_sig 00000373, data_sig 000000cf, bytes_mixed 20 9748bdd6 56fb8af6
[    2.301302] random 0000 0000 0000 9748bdd6 56fb8af6: urand_change_num 11 extract_buf: pool_sig fffffe49, data_sig 0000023f, bytes_mixed 20 9748bdd6 56fb8af6
[    2.301309] random 0000 0000 0000 a135be86 4777650e: urand_change_num 12 extract_buf: pool_sig fffffcce, data_sig 000000c6, bytes_mixed 20 a135be86 4777650e
[    2.301316] random 0000 0000 0000 4a6ea85d 170e00dd: urand_change_num 13 extract_buf: pool_sig ffffff97, data_sig ffffff7d, bytes_mixed 20 4a6ea85d 170e00dd
[    2.301323] random 0000 0000 0000 4a6ea85d 170e00dd: urand_change_num 14 extract_buf: pool_sig 00000160, data_sig fffffeea, bytes_mixed 20 4a6ea85d 170e00dd
[    2.301330] random 0000 0000 0000 6e87c3cb da668c73: urand_change_num 15 extract_buf: pool_sig 0000034f, data_sig ffffff54, bytes_mixed 20 6e87c3cb da668c73
[    2.301337] random 0000 0000 0000 6e87c3cb da668c73: urand_change_num 16 extract_buf: pool_sig fffffdc5, data_sig 00000205, bytes_mixed 20 6e87c3cb da668c73
[    2.301344] random 0000 0000 0000 39f531e6 461eb249: urand_change_num 17 extract_buf: pool_sig fffffc1d, data_sig ffffff5e, bytes_mixed 20 39f531e6 461eb249
[    2.301351] random 0000 0000 0000 7e1538a2 3e661182: urand_change_num 18 extract_buf: pool_sig 000006ef, data_sig ffffff2e, bytes_mixed 20 7e1538a2 3e661182
[    2.301358] random 0000 0000 0000 7e1538a2 3e661182: urand_change_num 19 extract_buf: pool_sig 00000317, data_sig fffffccb, bytes_mixed 20 7e1538a2 3e661182
[    2.301365] random 0000 0000 0000 76af506b 9b57305e: urand_change_num 20 extract_buf: pool_sig 00000227, data_sig ffffffd2, bytes_mixed 20 76af506b 9b57305e
[    2.301372] random 0000 0000 0000 37d49d89 e20417cc: urand_change_num 21 extract_buf: pool_sig 0000080b, data_sig 000001e9, bytes_mixed 20 37d49d89 e20417cc
[    2.301378] TCP cubic registered
[    2.301427] NET: Registered protocol family 10
[    2.301504] RANDOM - __random32 called. Change num 12.  Value: b0a9fbe7	b7a35a2b	c9ef2c48
[    2.301507] RANDOM - random32 called.  Value: b0a9fbe7	b7a35a2b	c9ef2c48
[    2.301521] random 0000 0000 0000 37d49d89 e20417cc: rand_read_num 5 get_random_bytes(4): sig 00000298 37d49d89 e20417cc
[    2.301525] random 0000 0000 0000 37d49d89 e20417cc: extract_entropy(.. 4 ..)
[    2.301529] random 0000 0000 0000 37d49d89 e20417cc: going to reseed nonblocking with 64 bits (32 of 0 requested)
[    2.301533] random 0000 0000 0000 37d49d89 e20417cc: extract_entropy(.. 8 ..)
[    2.301536] random 0000 0000 0000 37d49d89 e20417cc: trying to extract 64 bits from input
[    2.301539] random 0000 0000 0000 37d49d89 e20417cc: debiting 0 entropy credits from input
[    2.301543] random 0000 0000 0000 37d49d89 e20417cc: extract_entropy account returned: 0 
[    2.301547] random 0000 0000 0000 37d49d89 e20417cc: urand_change_num 22 xfer_secondary_pool(4): pool_sig 00000298, data_sig 00000000, bytes_mixed 0 37d49d89 e20417cc
[    2.301552] random 0000 0000 0000 37d49d89 e20417cc: trying to extract 32 bits from nonblocking
[    2.301556] random 0000 0000 0000 37d49d89 e20417cc: debiting 32 entropy credits from nonblocking (unlimited)
[    2.301559] random 0000 0000 0000 37d49d89 e20417cc: extract_entropy account returned: 4 
[    2.301565] random 0000 0000 0000 37d49d89 e20417cc: urand_change_num 23 extract_buf: pool_sig 00000298, data_sig 00000092, bytes_mixed 20 37d49d89 e20417cc
[    2.301613] RANDOM - __random32 called. Change num 13.  Value: 9fbe71fa	7a35a2b4	5890d2c9
[    2.301617] RANDOM - random32 called.  Value: 9fbe71fa	7a35a2b4	5890d2c9
[    2.301665] NET: Registered protocol family 17
[    2.301700] Using IPI No-Shortcut mode
[    2.301711] random 0000 0000 0000 2ee4c4fc 167bdb15: rand_read_num 6 get_random_bytes(8): sig fffffcbf 2ee4c4fc 167bdb15
[    2.301714] random 0000 0000 0000 2ee4c4fc 167bdb15: extract_entropy(.. 8 ..)
[    2.301718] random 0000 0000 0000 2ee4c4fc 167bdb15: going to reseed nonblocking with 64 bits (64 of 0 requested)
[    2.301721] random 0000 0000 0000 2ee4c4fc 167bdb15: extract_entropy(.. 8 ..)
[    2.301724] random 0000 0000 0000 2ee4c4fc 167bdb15: trying to extract 64 bits from input
[    2.301728] random 0000 0000 0000 2ee4c4fc 167bdb15: debiting 0 entropy credits from input
[    2.301731] random 0000 0000 0000 2ee4c4fc 167bdb15: extract_entropy account returned: 0 
[    2.301736] random 0000 0000 0000 2ee4c4fc 167bdb15: urand_change_num 24 xfer_secondary_pool(8): pool_sig fffffcbf, data_sig 00000000, bytes_mixed 0 2ee4c4fc 167bdb15
[    2.301740] random 0000 0000 0000 2ee4c4fc 167bdb15: trying to extract 64 bits from nonblocking
[    2.301744] random 0000 0000 0000 2ee4c4fc 167bdb15: debiting 64 entropy credits from nonblocking (unlimited)
[    2.301747] random 0000 0000 0000 2ee4c4fc 167bdb15: extract_entropy account returned: 8 
[    2.301753] random 0000 0000 0000 2ee4c4fc 167bdb15: urand_change_num 25 extract_buf: pool_sig fffffcbf, data_sig ffffff83, bytes_mixed 20 2ee4c4fc 167bdb15
[    2.301801] PM: Resume from disk failed.
[    2.301813] registered taskstats version 1
[    2.301818] random 0000 0000 0000 2ee4c4fc 167bdb15: rand_read_num 7 get_random_bytes(12): sig fffffc69 2ee4c4fc 167bdb15
[    2.301821] random 0000 0000 0000 2ee4c4fc 167bdb15: extract_entropy(.. 12 ..)
[    2.301825] random 0000 0000 0000 2ee4c4fc 167bdb15: going to reseed nonblocking with 96 bits (96 of 0 requested)
[    2.301828] random 0000 0000 0000 2ee4c4fc 167bdb15: extract_entropy(.. 12 ..)
[    2.301831] random 0000 0000 0000 2ee4c4fc 167bdb15: trying to extract 96 bits from input
[    2.301834] random 0000 0000 0000 2ee4c4fc 167bdb15: debiting 0 entropy credits from input
[    2.301837] random 0000 0000 0000 2ee4c4fc 167bdb15: extract_entropy account returned: 0 
[    2.301842] random 0000 0000 0000 2ee4c4fc 167bdb15: urand_change_num 26 xfer_secondary_pool(12): pool_sig fffffc69, data_sig 00000000, bytes_mixed 0 2ee4c4fc 167bdb15
[    2.301846] random 0000 0000 0000 2ee4c4fc 167bdb15: trying to extract 96 bits from nonblocking
[    2.301849] random 0000 0000 0000 2ee4c4fc 167bdb15: debiting 96 entropy credits from nonblocking (unlimited)
[    2.301853] random 0000 0000 0000 2ee4c4fc 167bdb15: extract_entropy account returned: 12 
[    2.301858] random 0000 0000 0000 2ee4c4fc 167bdb15: urand_change_num 27 extract_buf: pool_sig fffffc69, data_sig ffffff7d, bytes_mixed 20 2ee4c4fc 167bdb15
[    2.301864] random 0000 0000 0000 83b7c1ab 94697f48: urand_change_num 28 extract_buf: pool_sig fffffe30, data_sig fffffdd6, bytes_mixed 20 83b7c1ab 94697f48
[    2.301868] RANDOM - __seed init called.
[    2.301871] RANDOM - __seed init called.
[    2.301872] RANDOM - __seed init called.
[    2.301875] RANDOM - __random32 called. Change num 14.  Value: fc007995	feca4f80	21b38ad2
[    2.301878] RANDOM - random32_reseed called.  Value: fc007995	feca4f80	21b38ad2
[    2.301882] Pid: 1, comm: swapper Not tainted 2.6.32.57 #4
[    2.301884] Call Trace:
[    2.301891]  [<c14a8a0e>] ? printk+0x1d/0x1f
[    2.301897]  [<c17537e5>] random32_reseed+0x89/0xbd
[    2.301901]  [<c1003042>] do_one_initcall+0x32/0x1a0
[    2.301905]  [<c175375c>] ? random32_reseed+0x0/0xbd
[    2.301910]  [<c17308e7>] kernel_init+0x12d/0x17a
[    2.301913]  [<c17307ba>] ? kernel_init+0x0/0x17a
[    2.301917]  [<c1009b07>] kernel_thread_helper+0x7/0x10
[    2.304415] input: AT Translated Set 2 keyboard as /devices/platform/i8042/serio0/input/input1
[    2.307853] random 0000 0000 0000 6db70b00 b30ce96b: rand_read_num 8 get_random_bytes(64): sig fffffb38 6db70b00 b30ce96b
[    2.307857] random 0000 0000 0000 6db70b00 b30ce96b: extract_entropy(.. 64 ..)
[    2.307860] random 0000 0000 0000 6db70b00 b30ce96b: going to reseed nonblocking with 512 bits (512 of 0 requested)
[    2.307863] random 0000 0000 0000 6db70b00 b30ce96b: extract_entropy(.. 64 ..)
[    2.307865] random 0000 0000 0000 6db70b00 b30ce96b: trying to extract 512 bits from input
[    2.307868] random 0000 0000 0000 6db70b00 b30ce96b: debiting 0 entropy credits from input
[    2.307870] random 0000 0000 0000 6db70b00 b30ce96b: extract_entropy account returned: 0 
[    2.307873] random 0000 0000 0000 6db70b00 b30ce96b: urand_change_num 29 xfer_secondary_pool(64): pool_sig fffffb38, data_sig 00000000, bytes_mixed 0 6db70b00 b30ce96b
[    2.307876] random 0000 0000 0000 6db70b00 b30ce96b: trying to extract 512 bits from nonblocking
[    2.307879] random 0000 0000 0000 6db70b00 b30ce96b: debiting 512 entropy credits from nonblocking (unlimited)
[    2.307882] random 0000 0000 0000 6db70b00 b30ce96b: extract_entropy account returned: 64 
[    2.307885] random 0000 0000 0000 6db70b00 b30ce96b: urand_change_num 30 extract_buf: pool_sig fffffb38, data_sig 00000151, bytes_mixed 20 6db70b00 b30ce96b
[    2.307890] random 0000 0000 0000 6db70b00 b30ce96b: urand_change_num 31 extract_buf: pool_sig fffffdb8, data_sig 00000379, bytes_mixed 20 6db70b00 b30ce96b
[    2.307895] random 0000 0000 0000 6b83001e d4b6c0d3: urand_change_num 32 extract_buf: pool_sig ffffffc9, data_sig 00000198, bytes_mixed 20 6b83001e d4b6c0d3
[    2.307899] random 0000 0000 0000 79d3e3c7 be564518: urand_change_num 33 extract_buf: pool_sig 000002b9, data_sig ffffff84, bytes_mixed 20 79d3e3c7 be564518
[    2.307904] random 0000 0000 0000 79d3e3c7 be564518: urand_change_num 34 extract_buf: pool_sig ffffff55, data_sig ffffff5a, bytes_mixed 20 79d3e3c7 be564518
[    2.307908] random 0000 0000 0000 89c03cb2 0d353228: urand_change_num 35 extract_buf: pool_sig 00000007, data_sig ffffff17, bytes_mixed 20 89c03cb2 0d353228
[    2.307913] random 0000 0000 0000 89c03cb2 0d353228: urand_change_num 36 extract_buf: pool_sig fffffdae, data_sig 000000db, bytes_mixed 20 89c03cb2 0d353228  Magic number: 13:609:553
[    2.307926] tty ttyS29: hash matches
[    2.308018] rtc_cmos 00:04: setting system clock to 2013-05-24 22:30:35 UTC (1369434635)
[    2.308021] BIOS EDD facility v0.16 2004-Jun-25, 0 devices found
[    2.308023] EDD information not available.
[    2.308063] random 0000 0000 0000 8ca62387 b120332c: rand_read_num 9 get_random_bytes(64): sig fffffed6 8ca62387 b120332c
[    2.308065] random 0000 0000 0000 8ca62387 b120332c: extract_entropy(.. 64 ..)
[    2.308068] random 0000 0000 0000 8ca62387 b120332c: going to reseed nonblocking with 512 bits (512 of 0 requested)
[    2.308070] random 0000 0000 0000 8ca62387 b120332c: extract_entropy(.. 64 ..)
[    2.308072] random 0000 0000 0000 8ca62387 b120332c: trying to extract 512 bits from input
[    2.308074] random 0000 0000 0000 8ca62387 b120332c: debiting 0 entropy credits from input
[    2.308076] random 0000 0000 0000 8ca62387 b120332c: extract_entropy account returned: 0 
[    2.308080] random 0000 0000 0000 8ca62387 b120332c: urand_change_num 37 xfer_secondary_pool(64): pool_sig fffffed6, data_sig 00000000, bytes_mixed 0 8ca62387 b120332c
[    2.308082] random 0000 0000 0000 8ca62387 b120332c: trying to extract 512 bits from nonblocking
[    2.308085] random 0000 0000 0000 8ca62387 b120332c: debiting 512 entropy credits from nonblocking (unlimited)
[    2.308087] random 0000 0000 0000 8ca62387 b120332c: extract_entropy account returned: 64 
[    2.308090] random 0000 0000 0000 8ca62387 b120332c: urand_change_num 38 extract_buf: pool_sig fffffed6, data_sig fffffeb6, bytes_mixed 20 8ca62387 b120332c
[    2.308095] random 0000 0000 0000 90702413 e2a66c2e: urand_change_num 39 extract_buf: pool_sig fffffbb0, data_sig 0000012e, bytes_mixed 20 90702413 e2a66c2e
[    2.308099] random 0000 0000 0000 90702413 e2a66c2e: urand_change_num 40 extract_buf: pool_sig fffffaf1, data_sig ffffff3c, bytes_mixed 20 90702413 e2a66c2e
[    2.308104] random 0000 0000 0000 3f58038b c77aecb6: urand_change_num 41 extract_buf: pool_sig 00000234, data_sig fffffdec, bytes_mixed 20 3f58038b c77aecb6
[    2.308108] random 0000 0000 0000 47187b9d 03f21510: urand_change_num 42 extract_buf: pool_sig 00000192, data_sig 00000075, bytes_mixed 20 47187b9d 03f21510
[    2.308113] random 0000 0000 0000 47187b9d 03f21510: urand_change_num 43 extract_buf: pool_sig 0000018e, data_sig ffffffbf, bytes_mixed 20 47187b9d 03f21510
[    2.308117] random 0000 0000 0000 3180b1fc 0fa9c973: urand_change_num 44 extract_buf: pool_sig fffffecf, data_sig ffffff2a, bytes_mixed 20 3180b1fc 0fa9c973
[    2.308120] BEGIN NET_SECRET:
[    2.308121] \xffffff87
[    2.308122] \xffffff8d
[    2.308124] \xfffffff4
[    2.308125] \xffffffae
[    2.308126] \xffffffc3
[    2.308127] \xffffffb7
[    2.308128] \x31
[    2.308129] \x65
[    2.308131] \xffffffda
[    2.308132] \xffffffa2
[    2.308133] \x31
[    2.308134] \xffffffc8
[    2.308135] \xffffffa9
[    2.308136] \x76
[    2.308137] \x76
[    2.308139] \xffffff90
[    2.308140] \x55
[    2.308141] \xfffffff3
[    2.308142] \xffffffb1
[    2.308143] \x3
[    2.308144] \xffffffb3
[    2.308146] \xffffffa7
[    2.308147] \x5a
[    2.308148] \x71
[    2.308149] \x70
[    2.308150] \xffffff8c
[    2.308151] \x56
[    2.308152] \x25
[    2.308154] \xffffffe1
[    2.308155] \x4c
[    2.308156] \xffffffe6
[    2.308157] \xffffff95
[    2.308158] \x67
[    2.308159] \x4c
[    2.308160] \xffffffb9
[    2.308162] \x1d
[    2.308163] \xe
[    2.308164] \x34
[    2.308165] \xffffffbe
[    2.308166] \x12
[    2.308167] \x5
[    2.308168] \xffffff98
[    2.308170] \xffffffa0
[    2.308171] \xf
[    2.308172] \xffffffb2
[    2.308173] \xffffffde
[    2.308174] \xffffff99
[    2.308175] \xf
[    2.308177] \xffffffe8
[    2.308178] \xffffffc8
[    2.308179] \x1f
[    2.308180] \x54
[    2.308181] \x2c
[    2.308182] \xffffffee
[    2.308183] \x2e
[    2.308185] \x0
[    2.308186] \xffffff95
[    2.308187] \x0
[    2.308188] \xffffffe3
[    2.308189] \xffffffa7
[    2.308190] \xfffffffd
[    2.308191] \x66
[    2.308193] \xffffff92
[    2.308194] \xfffffff0
[    2.308195] 
[    2.308196] END NET_SECRET
[    2.308199] random 0000 0000 0000 3180b1fc 0fa9c973: rand_read_num 10 get_random_bytes(4): sig ffffff46 3180b1fc 0fa9c973
[    2.308201] random 0000 0000 0000 3180b1fc 0fa9c973: extract_entropy(.. 4 ..)
[    2.308203] random 0000 0000 0000 3180b1fc 0fa9c973: going to reseed nonblocking with 64 bits (32 of 0 requested)
[    2.308206] random 0000 0000 0000 3180b1fc 0fa9c973: extract_entropy(.. 8 ..)
[    2.308208] random 0000 0000 0000 3180b1fc 0fa9c973: trying to extract 64 bits from input
[    2.308210] random 0000 0000 0000 3180b1fc 0fa9c973: debiting 0 entropy credits from input
[    2.308212] random 0000 0000 0000 3180b1fc 0fa9c973: extract_entropy account returned: 0 
[    2.308215] random 0000 0000 0000 3180b1fc 0fa9c973: urand_change_num 45 xfer_secondary_pool(4): pool_sig ffffff46, data_sig 00000000, bytes_mixed 0 3180b1fc 0fa9c973
[    2.308218] random 0000 0000 0000 3180b1fc 0fa9c973: trying to extract 32 bits from nonblocking
[    2.308220] random 0000 0000 0000 3180b1fc 0fa9c973: debiting 32 entropy credits from nonblocking (unlimited)
[    2.308222] random 0000 0000 0000 3180b1fc 0fa9c973: extract_entropy account returned: 4 
[    2.308226] random 0000 0000 0000 3180b1fc 0fa9c973: urand_change_num 46 extract_buf: pool_sig ffffff46, data_sig 0000001b, bytes_mixed 20 3180b1fc 0fa9c973
[    2.478508] ata2.00: ATAPI: VMware Virtual IDE CDROM Drive, 00000001, max UDMA/33
[    2.478794] ata2.00: configured for UDMA/33
[    2.479154] scsi 1:0:0:0: CD-ROM            NECVMWar VMware IDE CDR10 1.00 PQ: 0 ANSI: 5
[    2.480434] sr0: scsi3-mmc drive: 306x/306x cd/rw xa/form2 cdda tray
[    2.480440] Uniform CD-ROM driver Revision: 3.20
[    2.480488] sr 1:0:0:0: Attached scsi CD-ROM sr0
[    2.480536] sr 1:0:0:0: Attached scsi generic sg0 type 5
[    2.480593] Freeing unused kernel memory: 652k freed
[    2.480641] Write protecting the kernel text: 4840k
[    2.480690] Write protecting the kernel read-only data: 1968k
