[    0.000000] random 0000 0000 0000 00000000 00000000: rand_read_num 1 get_random_bytes(8): sig 00000000 00000000 00000000
[    0.000000] random 0000 0000 0000 00000000 00000000: extract_entropy(.. 8 ..)
[    0.000000] random 0000 0000 0000 00000000 00000000: going to reseed nonblocking with 64 bits (64 of 0 requested)
[    0.000000] random 0000 0000 0000 00000000 00000000: extract_entropy(.. 8 ..)
[    0.000000] random 0000 0000 0000 00000000 00000000: trying to extract 64 bits from input
[    0.000000] random 0000 0000 0000 00000000 00000000: debiting 0 entropy credits from input
[    0.000000] random 0000 0000 0000 00000000 00000000: extract_entropy account returned: 0 
[    0.000000] random 0000 0000 0000 00000000 00000000: urand_change_num 1 xfer_secondary_pool(8): pool_sig 00000000, data_sig 00000000, bytes_mixed 0 00000000 00000000
[    0.000000] random 0000 0000 0000 00000000 00000000: trying to extract 64 bits from nonblocking
[    0.000000] random 0000 0000 0000 00000000 00000000: debiting 64 entropy credits from nonblocking (unlimited)
[    0.000000] random 0000 0000 0000 00000000 00000000: extract_entropy account returned: 8 
[    0.000000] random 0000 0000 0000 00000000 00000000: urand_change_num 2 extract_buf: pool_sig 00000000, data_sig fffffff9, bytes_mixed 20 00000000 00000000
[    0.000000] Initializing cgroup subsys cpuset
[    0.000000] Initializing cgroup subsys cpu
[    0.000000] Linux version 2.6.32.57 (dcashman@ubuntu) (gcc version 4.6.3 (Ubuntu/Linaro 4.6.3-1ubuntu5) ) #4 SMP Fri May 24 11:09:26 PDT 2013
[    0.000000] KERNEL supported cpus:
[    0.000000]   Intel GenuineIntel
[    0.000000]   AMD AuthenticAMD
[    0.000000]   NSC Geode by NSC
[    0.000000]   Cyrix CyrixInstead
[    0.000000]   Centaur CentaurHauls
[    0.000000]   Transmeta GenuineTMx86
[    0.000000]   Transmeta TransmetaCPU
[    0.000000]   UMC UMC UMC UMC
[    0.000000] BIOS-provided physical RAM map:
[    0.000000]  BIOS-e820: 0000000000000000 - 000000000009f000 (usable)
[    0.000000]  BIOS-e820: 000000000009f000 - 00000000000a0000 (reserved)
[    0.000000]  BIOS-e820: 00000000000ca000 - 00000000000cc000 (reserved)
[    0.000000]  BIOS-e820: 00000000000dc000 - 0000000000100000 (reserved)
[    0.000000]  BIOS-e820: 0000000000100000 - 000000003fee0000 (usable)
[    0.000000]  BIOS-e820: 000000003fee0000 - 000000003feff000 (ACPI data)
[    0.000000]  BIOS-e820: 000000003feff000 - 000000003ff00000 (ACPI NVS)
[    0.000000]  BIOS-e820: 000000003ff00000 - 0000000040000000 (usable)
[    0.000000]  BIOS-e820: 00000000e0000000 - 00000000f0000000 (reserved)
[    0.000000]  BIOS-e820: 00000000fec00000 - 00000000fec10000 (reserved)
[    0.000000]  BIOS-e820: 00000000fee00000 - 00000000fee01000 (reserved)
[    0.000000]  BIOS-e820: 00000000fffe0000 - 0000000100000000 (reserved)
[    0.000000] DMI present.
[    0.000000] Phoenix BIOS detected: BIOS may corrupt low RAM, working around it.
[    0.000000] e820 update range: 0000000000000000 - 0000000000010000 (usable) ==> (reserved)
[    0.000000] last_pfn = 0x40000 max_arch_pfn = 0x1000000
[    0.000000] MTRR default type: uncachable
[    0.000000] MTRR fixed ranges enabled:
[    0.000000]   00000-9FFFF write-back
[    0.000000]   A0000-BFFFF uncachable
[    0.000000]   C0000-CBFFF write-protect
[    0.000000]   CC000-EFFFF uncachable
[    0.000000]   F0000-FFFFF write-protect
[    0.000000] MTRR variable ranges enabled:
[    0.000000]   0 base 0000000000 mask FFC0000000 write-back
[    0.000000]   1 disabled
[    0.000000]   2 disabled
[    0.000000]   3 disabled
[    0.000000]   4 disabled
[    0.000000]   5 disabled
[    0.000000]   6 disabled
[    0.000000]   7 disabled
[    0.000000] x86 PAT enabled: cpu 0, old 0x0, new 0x7010600070106
[    0.000000] Scanning 0 areas for low memory corruption
[    0.000000] modified physical RAM map:
[    0.000000]  modified: 0000000000000000 - 0000000000010000 (reserved)
[    0.000000]  modified: 0000000000010000 - 000000000009f000 (usable)
[    0.000000]  modified: 000000000009f000 - 00000000000a0000 (reserved)
[    0.000000]  modified: 00000000000ca000 - 00000000000cc000 (reserved)
[    0.000000]  modified: 00000000000dc000 - 0000000000100000 (reserved)
[    0.000000]  modified: 0000000000100000 - 000000003fee0000 (usable)
[    0.000000]  modified: 000000003fee0000 - 000000003feff000 (ACPI data)
[    0.000000]  modified: 000000003feff000 - 000000003ff00000 (ACPI NVS)
[    0.000000]  modified: 000000003ff00000 - 0000000040000000 (usable)
[    0.000000]  modified: 00000000e0000000 - 00000000f0000000 (reserved)
[    0.000000]  modified: 00000000fec00000 - 00000000fec10000 (reserved)
[    0.000000]  modified: 00000000fee00000 - 00000000fee01000 (reserved)
[    0.000000]  modified: 00000000fffe0000 - 0000000100000000 (reserved)
[    0.000000] initial memory mapped : 0 - 01e00000
[    0.000000] init_memory_mapping: 0000000000000000-00000000379fe000
[    0.000000] NX (Execute Disable) protection: active
[    0.000000]  0000000000 - 0000200000 page 4k
[    0.000000]  0000200000 - 0037800000 page 2M
[    0.000000]  0037800000 - 00379fe000 page 4k
[    0.000000] kernel direct mapping tables up to 379fe000 @ 10000-16000
[    0.000000] RAMDISK: 2dcfc000 - 32e758c3
[    0.000000] ACPI: RSDP 000f6b80 00024 (v02 PTLTD )
[    0.000000] ACPI: XSDT 3feed636 0005C (v01 INTEL  440BX    06040000 VMW  01324272)
[    0.000000] ACPI: FACP 3fefee98 000F4 (v04 INTEL  440BX    06040000 PTL  000F4240)
[    0.000000] ACPI: DSDT 3feee366 10B32 (v01 PTLTD  Custom   06040000 MSFT 03000001)
[    0.000000] ACPI: FACS 3fefffc0 00040
[    0.000000] ACPI: BOOT 3feee33e 00028 (v01 PTLTD  $SBFTBL$ 06040000  LTP 00000001)
[    0.000000] ACPI: APIC 3feedc3e 003C2 (v01 PTLTD  ? APIC   06040000  LTP 00000000)
[    0.000000] ACPI: MCFG 3feedc02 0003C (v01 PTLTD  $PCITBL$ 06040000  LTP 00000001)
[    0.000000] ACPI: SRAT 3feed732 004D0 (v02 VMWARE MEMPLUG  06040000 VMW  00000001)
[    0.000000] ACPI: HPET 3feed6fa 00038 (v01 VMWARE VMW HPET 06040000 VMW  00000001)
[    0.000000] ACPI: WAET 3feed6d2 00028 (v01 VMWARE VMW WAET 06040000 VMW  00000001)
[    0.000000] ACPI: Local APIC address 0xfee00000
[    0.000000] 134MB HIGHMEM available.
[    0.000000] 889MB LOWMEM available.
[    0.000000]   mapped low ram: 0 - 379fe000
[    0.000000]   low ram: 0 - 379fe000
[    0.000000]   node 0 low ram: 00000000 - 379fe000
[    0.000000]   node 0 bootmap 00012000 - 00018f40
[    0.000000] (9 early reservations) ==> bootmem [0000000000 - 00379fe000]
[    0.000000]   #0 [0000000000 - 0000001000]   BIOS data page ==> [0000000000 - 0000001000]
[    0.000000]   #1 [0000001000 - 0000002000]    EX TRAMPOLINE ==> [0000001000 - 0000002000]
[    0.000000]   #2 [0000006000 - 0000007000]       TRAMPOLINE ==> [0000006000 - 0000007000]
[    0.000000]   #3 [0001000000 - 0001a75ff8]    TEXT DATA BSS ==> [0001000000 - 0001a75ff8]
[    0.000000]   #4 [002dcfc000 - 0032e758c3]          RAMDISK ==> [002dcfc000 - 0032e758c3]
[    0.000000]   #5 [000009f000 - 0000100000]    BIOS reserved ==> [000009f000 - 0000100000]
[    0.000000]   #6 [0001a76000 - 0001a851c0]              BRK ==> [0001a76000 - 0001a851c0]
[    0.000000]   #7 [0000010000 - 0000012000]          PGTABLE ==> [0000010000 - 0000012000]
[    0.000000]   #8 [0000012000 - 0000019000]          BOOTMAP ==> [0000012000 - 0000019000]
[    0.000000] found SMP MP-table at [c00f6bf0] f6bf0
[    0.000000] Zone PFN ranges:
[    0.000000]   DMA      0x00000010 -> 0x00001000
[    0.000000]   Normal   0x00001000 -> 0x000379fe
[    0.000000]   HighMem  0x000379fe -> 0x00040000
[    0.000000] Movable zone start PFN for each node
[    0.000000] early_node_map[3] active PFN ranges
[    0.000000]     0: 0x00000010 -> 0x0000009f
[    0.000000]     0: 0x00000100 -> 0x0003fee0
[    0.000000]     0: 0x0003ff00 -> 0x00040000
[    0.000000] On node 0 totalpages: 261999
[    0.000000] free_area_init_node: node 0, pgdat c1715200, node_mem_map c1a87200
[    0.000000]   DMA zone: 32 pages used for memmap
[    0.000000]   DMA zone: 0 pages reserved
[    0.000000]   DMA zone: 3951 pages, LIFO batch:0
[    0.000000]   Normal zone: 1748 pages used for memmap
[    0.000000]   Normal zone: 221994 pages, LIFO batch:31
[    0.000000]   HighMem zone: 269 pages used for memmap
[    0.000000]   HighMem zone: 34005 pages, LIFO batch:7
[    0.000000] Using APIC driver default
[    0.000000] ACPI: PM-Timer IO Port: 0x1008
[    0.000000] ACPI: Local APIC address 0xfee00000
[    0.000000] ACPI: LAPIC (acpi_id[0x00] lapic_id[0x00] enabled)
[    0.000000] ACPI: LAPIC (acpi_id[0x01] lapic_id[0x02] disabled)
[    0.000000] ACPI: LAPIC (acpi_id[0x02] lapic_id[0x04] disabled)
[    0.000000] ACPI: LAPIC (acpi_id[0x03] lapic_id[0x06] disabled)
[    0.000000] ACPI: LAPIC (acpi_id[0x04] lapic_id[0x08] disabled)
[    0.000000] ACPI: LAPIC (acpi_id[0x05] lapic_id[0x0a] disabled)
[    0.000000] ACPI: LAPIC (acpi_id[0x06] lapic_id[0x0c] disabled)
[    0.000000] ACPI: LAPIC (acpi_id[0x07] lapic_id[0x0e] disabled)
[    0.000000] ACPI: LAPIC (acpi_id[0x08] lapic_id[0x10] disabled)
[    0.000000] ACPI: LAPIC (acpi_id[0x09] lapic_id[0x12] disabled)
[    0.000000] ACPI: LAPIC (acpi_id[0x0a] lapic_id[0x14] disabled)
[    0.000000] ACPI: LAPIC (acpi_id[0x0b] lapic_id[0x16] disabled)
[    0.000000] ACPI: LAPIC (acpi_id[0x0c] lapic_id[0x18] disabled)
[    0.000000] ACPI: LAPIC (acpi_id[0x0d] lapic_id[0x1a] disabled)
[    0.000000] ACPI: LAPIC (acpi_id[0x0e] lapic_id[0x1c] disabled)
[    0.000000] ACPI: LAPIC (acpi_id[0x0f] lapic_id[0x1e] disabled)
[    0.000000] ACPI: LAPIC (acpi_id[0x10] lapic_id[0x20] disabled)
[    0.000000] ACPI: LAPIC (acpi_id[0x11] lapic_id[0x22] disabled)
[    0.000000] ACPI: LAPIC (acpi_id[0x12] lapic_id[0x24] disabled)
[    0.000000] ACPI: LAPIC (acpi_id[0x13] lapic_id[0x26] disabled)
[    0.000000] ACPI: LAPIC (acpi_id[0x14] lapic_id[0x28] disabled)
[    0.000000] ACPI: LAPIC (acpi_id[0x15] lapic_id[0x2a] disabled)
[    0.000000] ACPI: LAPIC (acpi_id[0x16] lapic_id[0x2c] disabled)
[    0.000000] ACPI: LAPIC (acpi_id[0x17] lapic_id[0x2e] disabled)
[    0.000000] ACPI: LAPIC (acpi_id[0x18] lapic_id[0x30] disabled)
[    0.000000] ACPI: LAPIC (acpi_id[0x19] lapic_id[0x32] disabled)
[    0.000000] ACPI: LAPIC (acpi_id[0x1a] lapic_id[0x34] disabled)
[    0.000000] ACPI: LAPIC (acpi_id[0x1b] lapic_id[0x36] disabled)
[    0.000000] ACPI: LAPIC (acpi_id[0x1c] lapic_id[0x38] disabled)
[    0.000000] ACPI: LAPIC (acpi_id[0x1d] lapic_id[0x3a] disabled)
[    0.000000] ACPI: LAPIC (acpi_id[0x1e] lapic_id[0x3c] disabled)
[    0.000000] ACPI: LAPIC (acpi_id[0x1f] lapic_id[0x3e] disabled)
[    0.000000] ACPI: LAPIC (acpi_id[0x20] lapic_id[0x40] disabled)
[    0.000000] ACPI: LAPIC (acpi_id[0x21] lapic_id[0x42] disabled)
[    0.000000] ACPI: LAPIC (acpi_id[0x22] lapic_id[0x44] disabled)
[    0.000000] ACPI: LAPIC (acpi_id[0x23] lapic_id[0x46] disabled)
[    0.000000] ACPI: LAPIC (acpi_id[0x24] lapic_id[0x48] disabled)
[    0.000000] ACPI: LAPIC (acpi_id[0x25] lapic_id[0x4a] disabled)
[    0.000000] ACPI: LAPIC (acpi_id[0x26] lapic_id[0x4c] disabled)
[    0.000000] ACPI: LAPIC (acpi_id[0x27] lapic_id[0x4e] disabled)
[    0.000000] ACPI: LAPIC (acpi_id[0x28] lapic_id[0x50] disabled)
[    0.000000] ACPI: LAPIC (acpi_id[0x29] lapic_id[0x52] disabled)
[    0.000000] ACPI: LAPIC (acpi_id[0x2a] lapic_id[0x54] disabled)
[    0.000000] ACPI: LAPIC (acpi_id[0x2b] lapic_id[0x56] disabled)
[    0.000000] ACPI: LAPIC (acpi_id[0x2c] lapic_id[0x58] disabled)
[    0.000000] ACPI: LAPIC (acpi_id[0x2d] lapic_id[0x5a] disabled)
[    0.000000] ACPI: LAPIC (acpi_id[0x2e] lapic_id[0x5c] disabled)
[    0.000000] ACPI: LAPIC (acpi_id[0x2f] lapic_id[0x5e] disabled)
[    0.000000] ACPI: LAPIC (acpi_id[0x30] lapic_id[0x60] disabled)
[    0.000000] ACPI: LAPIC (acpi_id[0x31] lapic_id[0x62] disabled)
[    0.000000] ACPI: LAPIC (acpi_id[0x32] lapic_id[0x64] disabled)
[    0.000000] ACPI: LAPIC (acpi_id[0x33] lapic_id[0x66] disabled)
[    0.000000] ACPI: LAPIC (acpi_id[0x34] lapic_id[0x68] disabled)
[    0.000000] ACPI: LAPIC (acpi_id[0x35] lapic_id[0x6a] disabled)
[    0.000000] ACPI: LAPIC (acpi_id[0x36] lapic_id[0x6c] disabled)
[    0.000000] ACPI: LAPIC (acpi_id[0x37] lapic_id[0x6e] disabled)
[    0.000000] ACPI: LAPIC (acpi_id[0x38] lapic_id[0x70] disabled)
[    0.000000] ACPI: LAPIC (acpi_id[0x39] lapic_id[0x72] disabled)
[    0.000000] ACPI: LAPIC (acpi_id[0x3a] lapic_id[0x74] disabled)
[    0.000000] ACPI: LAPIC (acpi_id[0x3b] lapic_id[0x76] disabled)
[    0.000000] ACPI: LAPIC (acpi_id[0x3c] lapic_id[0x78] disabled)
[    0.000000] ACPI: LAPIC (acpi_id[0x3d] lapic_id[0x7a] disabled)
[    0.000000] ACPI: LAPIC (acpi_id[0x3e] lapic_id[0x7c] disabled)
[    0.000000] ACPI: LAPIC (acpi_id[0x3f] lapic_id[0x7e] disabled)
[    0.000000] ACPI: LAPIC_NMI (acpi_id[0x00] high edge lint[0x1])
[    0.000000] ACPI: LAPIC_NMI (acpi_id[0x01] high edge lint[0x1])
[    0.000000] ACPI: LAPIC_NMI (acpi_id[0x02] high edge lint[0x1])
[    0.000000] ACPI: LAPIC_NMI (acpi_id[0x03] high edge lint[0x1])
[    0.000000] ACPI: LAPIC_NMI (acpi_id[0x04] high edge lint[0x1])
[    0.000000] ACPI: LAPIC_NMI (acpi_id[0x05] high edge lint[0x1])
[    0.000000] ACPI: LAPIC_NMI (acpi_id[0x06] high edge lint[0x1])
[    0.000000] ACPI: LAPIC_NMI (acpi_id[0x07] high edge lint[0x1])
[    0.000000] ACPI: LAPIC_NMI (acpi_id[0x08] high edge lint[0x1])
[    0.000000] ACPI: LAPIC_NMI (acpi_id[0x09] high edge lint[0x1])
[    0.000000] ACPI: LAPIC_NMI (acpi_id[0x0a] high edge lint[0x1])
[    0.000000] ACPI: LAPIC_NMI (acpi_id[0x0b] high edge lint[0x1])
[    0.000000] ACPI: LAPIC_NMI (acpi_id[0x0c] high edge lint[0x1])
[    0.000000] ACPI: LAPIC_NMI (acpi_id[0x0d] high edge lint[0x1])
[    0.000000] ACPI: LAPIC_NMI (acpi_id[0x0e] high edge lint[0x1])
[    0.000000] ACPI: LAPIC_NMI (acpi_id[0x0f] high edge lint[0x1])
[    0.000000] ACPI: LAPIC_NMI (acpi_id[0x10] high edge lint[0x1])
[    0.000000] ACPI: LAPIC_NMI (acpi_id[0x11] high edge lint[0x1])
[    0.000000] ACPI: LAPIC_NMI (acpi_id[0x12] high edge lint[0x1])
[    0.000000] ACPI: LAPIC_NMI (acpi_id[0x13] high edge lint[0x1])
[    0.000000] ACPI: LAPIC_NMI (acpi_id[0x14] high edge lint[0x1])
[    0.000000] ACPI: LAPIC_NMI (acpi_id[0x15] high edge lint[0x1])
[    0.000000] ACPI: LAPIC_NMI (acpi_id[0x16] high edge lint[0x1])
[    0.000000] ACPI: LAPIC_NMI (acpi_id[0x17] high edge lint[0x1])
[    0.000000] ACPI: LAPIC_NMI (acpi_id[0x18] high edge lint[0x1])
[    0.000000] ACPI: LAPIC_NMI (acpi_id[0x19] high edge lint[0x1])
[    0.000000] ACPI: LAPIC_NMI (acpi_id[0x1a] high edge lint[0x1])
[    0.000000] ACPI: LAPIC_NMI (acpi_id[0x1b] high edge lint[0x1])
[    0.000000] ACPI: LAPIC_NMI (acpi_id[0x1c] high edge lint[0x1])
[    0.000000] ACPI: LAPIC_NMI (acpi_id[0x1d] high edge lint[0x1])
[    0.000000] ACPI: LAPIC_NMI (acpi_id[0x1e] high edge lint[0x1])
[    0.000000] ACPI: LAPIC_NMI (acpi_id[0x1f] high edge lint[0x1])
[    0.000000] ACPI: LAPIC_NMI (acpi_id[0x20] high edge lint[0x1])
[    0.000000] ACPI: LAPIC_NMI (acpi_id[0x21] high edge lint[0x1])
[    0.000000] ACPI: LAPIC_NMI (acpi_id[0x22] high edge lint[0x1])
[    0.000000] ACPI: LAPIC_NMI (acpi_id[0x23] high edge lint[0x1])
[    0.000000] ACPI: LAPIC_NMI (acpi_id[0x24] high edge lint[0x1])
[    0.000000] ACPI: LAPIC_NMI (acpi_id[0x25] high edge lint[0x1])
[    0.000000] ACPI: LAPIC_NMI (acpi_id[0x26] high edge lint[0x1])
[    0.000000] ACPI: LAPIC_NMI (acpi_id[0x27] high edge lint[0x1])
[    0.000000] ACPI: LAPIC_NMI (acpi_id[0x28] high edge lint[0x1])
[    0.000000] ACPI: LAPIC_NMI (acpi_id[0x29] high edge lint[0x1])
[    0.000000] ACPI: LAPIC_NMI (acpi_id[0x2a] high edge lint[0x1])
[    0.000000] ACPI: LAPIC_NMI (acpi_id[0x2b] high edge lint[0x1])
[    0.000000] ACPI: LAPIC_NMI (acpi_id[0x2c] high edge lint[0x1])
[    0.000000] ACPI: LAPIC_NMI (acpi_id[0x2d] high edge lint[0x1])
[    0.000000] ACPI: LAPIC_NMI (acpi_id[0x2e] high edge lint[0x1])
[    0.000000] ACPI: LAPIC_NMI (acpi_id[0x2f] high edge lint[0x1])
[    0.000000] ACPI: LAPIC_NMI (acpi_id[0x30] high edge lint[0x1])
[    0.000000] ACPI: LAPIC_NMI (acpi_id[0x31] high edge lint[0x1])
[    0.000000] ACPI: LAPIC_NMI (acpi_id[0x32] high edge lint[0x1])
[    0.000000] ACPI: LAPIC_NMI (acpi_id[0x33] high edge lint[0x1])
[    0.000000] ACPI: LAPIC_NMI (acpi_id[0x34] high edge lint[0x1])
[    0.000000] ACPI: LAPIC_NMI (acpi_id[0x35] high edge lint[0x1])
[    0.000000] ACPI: LAPIC_NMI (acpi_id[0x36] high edge lint[0x1])
[    0.000000] ACPI: LAPIC_NMI (acpi_id[0x37] high edge lint[0x1])
[    0.000000] ACPI: LAPIC_NMI (acpi_id[0x38] high edge lint[0x1])
[    0.000000] ACPI: LAPIC_NMI (acpi_id[0x39] high edge lint[0x1])
[    0.000000] ACPI: LAPIC_NMI (acpi_id[0x3a] high edge lint[0x1])
[    0.000000] ACPI: LAPIC_NMI (acpi_id[0x3b] high edge lint[0x1])
[    0.000000] ACPI: LAPIC_NMI (acpi_id[0x3c] high edge lint[0x1])
[    0.000000] ACPI: LAPIC_NMI (acpi_id[0x3d] high edge lint[0x1])
[    0.000000] ACPI: LAPIC_NMI (acpi_id[0x3e] high edge lint[0x1])
[    0.000000] ACPI: LAPIC_NMI (acpi_id[0x3f] high edge lint[0x1])
[    0.000000] ACPI: Skipping IOAPIC probe due to 'noapic' option.
[    0.000000] Using ACPI for processor (LAPIC) configuration information
[    0.000000] ACPI: HPET id: 0x8086af01 base: 0xfed00000
[    0.000000] Intel MultiProcessor Specification v1.4
[    0.000000]     Virtual Wire compatibility mode.
[    0.000000] MPTABLE: OEM ID: INTEL   
[    0.000000] MPTABLE: Product ID: 440BX       
[    0.000000] MPTABLE: APIC at: 0xFEE00000
[    0.000000] I/O APIC #1 Version 17 at 0xFEC00000.
[    0.000000] Processors: 1
[    0.000000] 64 Processors exceeds NR_CPUS limit of 8
[    0.000000] SMP: Allowing 8 CPUs, 7 hotplug CPUs
[    0.000000] nr_irqs_gsi: 24
[    0.000000] PM: Registered nosave memory: 000000000009f000 - 00000000000a0000
[    0.000000] PM: Registered nosave memory: 00000000000a0000 - 00000000000ca000
[    0.000000] PM: Registered nosave memory: 00000000000ca000 - 00000000000cc000
[    0.000000] PM: Registered nosave memory: 00000000000cc000 - 00000000000dc000
[    0.000000] PM: Registered nosave memory: 00000000000dc000 - 0000000000100000
[    0.000000] Allocating PCI resources starting at 40000000 (gap: 40000000:a0000000)
[    0.000000] Booting paravirtualized kernel on bare hardware
[    0.000000] NR_CPUS:8 nr_cpumask_bits:8 nr_cpu_ids:8 nr_node_ids:1
[    0.000000] PERCPU: Embedded 15 pages/cpu @c2400000 s39320 r0 d22120 u262144
[    0.000000] pcpu-alloc: s39320 r0 d22120 u262144 alloc=1*2097152
[    0.000000] pcpu-alloc: [0] 0 1 2 3 4 5 6 7 
[    0.000000] Built 1 zonelists in Zone order, mobility grouping on.  Total pages: 259950
[    0.000000] Kernel command line: BOOT_IMAGE=/boot/vmlinuz-2.6.32.57 root=UUID=007b598c-390d-4c65-84a1-4ff752d48633 ro quiet splash maxcpus=0
[    0.000000] PID hash table entries: 4096 (order: 2, 16384 bytes)
[    0.000000] Dentry cache hash table entries: 131072 (order: 7, 524288 bytes)
[    0.000000] Inode-cache hash table entries: 65536 (order: 6, 262144 bytes)
[    0.000000] Enabling fast FPU save and restore... done.
[    0.000000] Enabling unmasked SIMD FPU exception support... done.
[    0.000000] Initializing CPU#0
[    0.000000] xsave/xrstor: enabled xstate_bv 0x7, cntxt size 0x340
[    0.000000] allocated 5242560 bytes of page_cgroup
[    0.000000] please try 'cgroup_disable=memory' option if you don't want memory cgroups
[    0.000000] Initializing HighMem for node 0 (000379fe:00040000)
[    0.000000] Memory: 938260k/1048576k available (4839k kernel code, 108848k reserved, 2518k data, 652k init, 137096k highmem)
[    0.000000] virtual kernel memory layout:
[    0.000000]     fixmap  : 0xfff1e000 - 0xfffff000   ( 900 kB)
[    0.000000]     pkmap   : 0xffa00000 - 0xffc00000   (2048 kB)
[    0.000000]     vmalloc : 0xf81fe000 - 0xff9fe000   ( 120 MB)
[    0.000000]     lowmem  : 0xc0000000 - 0xf79fe000   ( 889 MB)
[    0.000000]       .init : 0xc1730000 - 0xc17d3000   ( 652 kB)
[    0.000000]       .data : 0xc14b9cce - 0xc172f764   (2518 kB)
[    0.000000]       .text : 0xc1000000 - 0xc14b9cce   (4839 kB)
[    0.000000] Checking if this processor honours the WP bit even in supervisor mode...Ok.
[    0.000000] SLUB: Genslabs=13, HWalign=64, Order=0-3, MinObjects=0, CPUs=8, Nodes=1
[    0.000000] Hierarchical RCU implementation.
[    0.000000] NR_IRQS:2304 nr_irqs:472
[    0.000000] Extended CMOS year: 2000
[    0.000000] Console: colour VGA+ 80x25
[    0.000000] console [tty0] enabled
[    0.000000] hpet clockevent registered
[    0.000000] TSC freq read from hypervisor : 2394.620 MHz
[    0.000000] Detected 2394.620 MHz processor.
[    0.000002] Calibrating delay loop (skipped) preset value.. 4789.24 BogoMIPS (lpj=9578480)
[    0.000011] Security Framework initialized
[    0.000014] SELinux:  Disabled at boot.
[    0.000018] Mount-cache hash table entries: 512
[    0.000115] Initializing cgroup subsys cpuacct
[    0.000118] Initializing cgroup subsys memory
[    0.000122] Initializing cgroup subsys devices
[    0.000123] Initializing cgroup subsys freezer
[    0.000149] CPU: Physical Processor ID: 0
[    0.000156] CPU: L1 I cache: 32K, L1 D cache: 32K
[    0.000157] CPU: L2 cache: 256K
[    0.000158] CPU: L3 cache: 4096K
[    0.000163] mce: CPU supports 0 MCE banks
[    0.000174] Performance Events: no PMU driver, software events only.
[    0.000184] Checking 'hlt' instruction... OK.
[    0.017992] SMP alternatives: switching to UP code
[    0.031843] ACPI: Core revision 20090903
[    0.038226] ACPI: setting ELCR to 0200 (from 0e20)
[    0.039237] ftrace: converting mcount calls to 0f 1f 44 00 00
[    0.039242] ftrace: allocating 22631 entries in 45 pages
[    0.056301] CANARY value: 36871657 for PID: 1
[    0.056331] Not enabling x2apic, Intr-remapping init failed.
[    0.056332] Enabling APIC mode:  Flat.  Using 1 I/O APICs
[    0.056340] SMP mode deactivated.
[    0.056372] SMP disabled
[    0.056430] Brought up 1 CPUs
[    0.056431] Total of 1 processors activated (4789.24 BogoMIPS).
[    0.056435] CPU0 attaching NULL sched-domain.
[    0.056502] devtmpfs: initialized
[    0.056678] sysctl table check failed: /kernel/random/now_input .1.40.7 Unknown sysctl binary path
[    0.056917] Pid: 1, comm: swapper Not tainted 2.6.32.57 #4
[    0.056919] Call Trace:
[    0.056923]  [<c14a8a0e>] ? printk+0x1d/0x1f
[    0.056926]  [<c107b56f>] set_fail+0x4f/0x60
[    0.056928]  [<c107b8b3>] sysctl_check_table+0x333/0x620
[    0.056929]  [<c107b8cc>] sysctl_check_table+0x34c/0x620
[    0.056931]  [<c107b8cc>] sysctl_check_table+0x34c/0x620
[    0.056935]  [<c1746d48>] sysctl_init+0x25/0x29
[    0.056936]  [<c1003042>] do_one_initcall+0x32/0x1a0
[    0.056939]  [<c1746d23>] ? sysctl_init+0x0/0x29
[    0.056941]  [<c17308e7>] kernel_init+0x12d/0x17a
[    0.056943]  [<c17307ba>] ? kernel_init+0x0/0x17a
[    0.056945]  [<c1009b07>] kernel_thread_helper+0x7/0x10
[    0.056946] sysctl table check failed: /kernel/random/now_blocking .1.40.8 Unknown sysctl binary path
[    0.057175] Pid: 1, comm: swapper Not tainted 2.6.32.57 #4
[    0.057176] Call Trace:
[    0.057177]  [<c14a8a0e>] ? printk+0x1d/0x1f
[    0.057179]  [<c107b56f>] set_fail+0x4f/0x60
[    0.057180]  [<c107b8b3>] sysctl_check_table+0x333/0x620
[    0.057182]  [<c107b8cc>] sysctl_check_table+0x34c/0x620
[    0.057184]  [<c107b8cc>] sysctl_check_table+0x34c/0x620
[    0.057186]  [<c1746d48>] sysctl_init+0x25/0x29
[    0.057187]  [<c1003042>] do_one_initcall+0x32/0x1a0
[    0.057189]  [<c1746d23>] ? sysctl_init+0x0/0x29
[    0.057191]  [<c17308e7>] kernel_init+0x12d/0x17a
[    0.057192]  [<c17307ba>] ? kernel_init+0x0/0x17a
[    0.057194]  [<c1009b07>] kernel_thread_helper+0x7/0x10
[    0.057195] sysctl table check failed: /kernel/random/now_nonblocking .1.40.9 Unknown sysctl binary path
[    0.057425] Pid: 1, comm: swapper Not tainted 2.6.32.57 #4
[    0.057426] Call Trace:
[    0.057427]  [<c14a8a0e>] ? printk+0x1d/0x1f
[    0.057429]  [<c107b56f>] set_fail+0x4f/0x60
[    0.057430]  [<c107b8b3>] sysctl_check_table+0x333/0x620
[    0.057432]  [<c107b8cc>] sysctl_check_table+0x34c/0x620
[    0.057434]  [<c107b8cc>] sysctl_check_table+0x34c/0x620
[    0.057436]  [<c1746d48>] sysctl_init+0x25/0x29
[    0.057437]  [<c1003042>] do_one_initcall+0x32/0x1a0
[    0.057439]  [<c1746d23>] ? sysctl_init+0x0/0x29
[    0.057441]  [<c17308e7>] kernel_init+0x12d/0x17a
[    0.057442]  [<c17307ba>] ? kernel_init+0x0/0x17a
[    0.057444]  [<c1009b07>] kernel_thread_helper+0x7/0x10
[    0.057445] sysctl table check failed: /kernel/random/nb_input_bytes .1.40.10 Unknown sysctl binary path
[    0.057714] Pid: 1, comm: swapper Not tainted 2.6.32.57 #4
[    0.057715] Call Trace:
[    0.057717]  [<c14a8a0e>] ? printk+0x1d/0x1f
[    0.057719]  [<c107b56f>] set_fail+0x4f/0x60
[    0.057720]  [<c107b8b3>] sysctl_check_table+0x333/0x620
[    0.057722]  [<c107b8cc>] sysctl_check_table+0x34c/0x620
[    0.057723]  [<c107b8cc>] sysctl_check_table+0x34c/0x620
[    0.057725]  [<c1746d48>] sysctl_init+0x25/0x29
[    0.057727]  [<c1003042>] do_one_initcall+0x32/0x1a0
[    0.057729]  [<c1746d23>] ? sysctl_init+0x0/0x29
[    0.057730]  [<c17308e7>] kernel_init+0x12d/0x17a
[    0.057732]  [<c17307ba>] ? kernel_init+0x0/0x17a
[    0.057734]  [<c1009b07>] kernel_thread_helper+0x7/0x10
[    0.057735] sysctl table check failed: /kernel/random/nb_stir_count .1.40.11 Unknown sysctl binary path
[    0.057964] Pid: 1, comm: swapper Not tainted 2.6.32.57 #4
[    0.057965] Call Trace:
[    0.057966]  [<c14a8a0e>] ? printk+0x1d/0x1f
[    0.057968]  [<c107b56f>] set_fail+0x4f/0x60
[    0.057969]  [<c107b8b3>] sysctl_check_table+0x333/0x620
[    0.057971]  [<c107b8cc>] sysctl_check_table+0x34c/0x620
[    0.057972]  [<c107b8cc>] sysctl_check_table+0x34c/0x620
[    0.057975]  [<c1746d48>] sysctl_init+0x25/0x29
[    0.057976]  [<c1003042>] do_one_initcall+0x32/0x1a0
[    0.057978]  [<c1746d23>] ? sysctl_init+0x0/0x29
[    0.057979]  [<c17308e7>] kernel_init+0x12d/0x17a
[    0.057981]  [<c17307ba>] ? kernel_init+0x0/0x17a
[    0.057982]  [<c1009b07>] kernel_thread_helper+0x7/0x10
[    0.057984] sysctl table check failed: /kernel/random/nb_reentry_count .1.40.12 Unknown sysctl binary path
[    0.058215] Pid: 1, comm: swapper Not tainted 2.6.32.57 #4
[    0.058215] Call Trace:
[    0.058217]  [<c14a8a0e>] ? printk+0x1d/0x1f
[    0.058218]  [<c107b56f>] set_fail+0x4f/0x60
[    0.058220]  [<c107b8b3>] sysctl_check_table+0x333/0x620
[    0.058221]  [<c107b8cc>] sysctl_check_table+0x34c/0x620
[    0.058223]  [<c107b8cc>] sysctl_check_table+0x34c/0x620
[    0.058225]  [<c1746d48>] sysctl_init+0x25/0x29
[    0.058226]  [<c1003042>] do_one_initcall+0x32/0x1a0
[    0.058228]  [<c1746d23>] ? sysctl_init+0x0/0x29
[    0.058230]  [<c17308e7>] kernel_init+0x12d/0x17a
[    0.058231]  [<c17307ba>] ? kernel_init+0x0/0x17a
[    0.058233]  [<c1009b07>] kernel_thread_helper+0x7/0x10
[    0.058344] RANDOM - __seed init called.
[    0.058344] RANDOM - __seed init called.
[    0.058345] RANDOM - __seed init called.
[    0.058346] RANDOM - __random32 called. Change num 1.  Value: 865378fd	b53d80db	1f8ba37e
[    0.058348] RANDOM - __random32 called. Change num 2.  Value: 378fdd29	53d80db0	46fc7ad7
[    0.058349] RANDOM - __random32 called. Change num 3.  Value: fdd29985	3d80db0e	f5ae23f5
[    0.058350] RANDOM - __random32 called. Change num 4.  Value: 299855dc	d80db0e5	47eb1be7
[    0.058351] RANDOM - __random32 called. Change num 5.  Value: 855dc464	80db0e5c	37cf1678
[    0.058353] RANDOM - __random32 called. Change num 6.  Value: dc4647ba	db0e5c1	2cf136f4
[    0.058354] RANDOM - random32 init called.  Value: dc4647ba	db0e5c1	2cf136f4
[    0.058360] regulator: core version 0.5
[    0.058440] Time:  0:36:55  Date: 05/25/13
[    0.058477] NET: Registered protocol family 16
[    0.058553] EISA bus registered
[    0.059317] ACPI: bus type pci registered
[    0.059413] PCI: MCFG configuration 0: base e0000000 segment 0 buses 0 - 255
[    0.059415] PCI: MCFG area at e0000000 reserved in E820
[    0.059415] PCI: Using MMCONFIG for extended config space
[    0.059416] PCI: Using configuration type 1 for base access
[    0.059898] bio: create slab <bio-0> at 0
[    0.061099] ACPI: EC: Look up EC in DSDT
[    0.097564] ACPI: BIOS _OSI(Linux) query ignored
[    0.103434] ACPI: Interpreter enabled
[    0.103438] ACPI: (supports S0 S1 S4 S5)
[    0.103450] ACPI: Using PIC for interrupt routing
[    0.184247] ACPI: No dock devices found.
[    0.185054] ACPI: PCI Root Bridge [PCI0] (0000:00)
[    0.186748] pci 0000:00:07.1: reg 20 io port: [0x10c0-0x10cf]
[    0.187264] pci 0000:00:07.3: quirk: region 1000-103f claimed by PIIX4 ACPI
[    0.187276] pci 0000:00:07.3: quirk: region 1040-104f claimed by PIIX4 SMB
[    0.187868] pci 0000:00:07.7: reg 10 io port: [0x1080-0x10bf]
[    0.188261] pci 0000:00:07.7: reg 14 64bit mmio: [0xc8000000-0xc8001fff]
[    0.189452] pci 0000:00:0f.0: reg 10 io port: [0x10d0-0x10df]
[    0.189491] pci 0000:00:0f.0: reg 14 32bit mmio pref: [0xd0000000-0xd7ffffff]
[    0.189529] pci 0000:00:0f.0: reg 18 32bit mmio: [0xc8800000-0xc8ffffff]
[    0.189676] pci 0000:00:0f.0: reg 30 32bit mmio pref: [0x000000-0x007fff]
[    0.190206] pci 0000:00:10.0: reg 10 io port: [0x1400-0x14ff]
[    0.190582] pci 0000:00:10.0: reg 14 64bit mmio: [0xc8040000-0xc805ffff]
[    0.190949] pci 0000:00:10.0: reg 1c 64bit mmio: [0xc8020000-0xc803ffff]
[    0.191025] pci 0000:00:10.0: reg 30 32bit mmio pref: [0x000000-0x003fff]
[    0.192463] pci 0000:00:15.0: PME# supported from D0 D3hot D3cold
[    0.192484] pci 0000:00:15.0: PME# disabled
[    0.193348] pci 0000:00:15.1: PME# supported from D0 D3hot D3cold
[    0.193368] pci 0000:00:15.1: PME# disabled
[    0.194226] pci 0000:00:15.2: PME# supported from D0 D3hot D3cold
[    0.194245] pci 0000:00:15.2: PME# disabled
[    0.195124] pci 0000:00:15.3: PME# supported from D0 D3hot D3cold
[    0.195144] pci 0000:00:15.3: PME# disabled
[    0.196015] pci 0000:00:15.4: PME# supported from D0 D3hot D3cold
[    0.196036] pci 0000:00:15.4: PME# disabled
[    0.196936] pci 0000:00:15.5: PME# supported from D0 D3hot D3cold
[    0.196957] pci 0000:00:15.5: PME# disabled
[    0.197817] pci 0000:00:15.6: PME# supported from D0 D3hot D3cold
[    0.197837] pci 0000:00:15.6: PME# disabled
[    0.198758] pci 0000:00:15.7: PME# supported from D0 D3hot D3cold
[    0.198778] pci 0000:00:15.7: PME# disabled
[    0.199636] pci 0000:00:16.0: PME# supported from D0 D3hot D3cold
[    0.199656] pci 0000:00:16.0: PME# disabled
[    0.200554] pci 0000:00:16.1: PME# supported from D0 D3hot D3cold
[    0.200575] pci 0000:00:16.1: PME# disabled
[    0.201495] pci 0000:00:16.2: PME# supported from D0 D3hot D3cold
[    0.201516] pci 0000:00:16.2: PME# disabled
[    0.202405] pci 0000:00:16.3: PME# supported from D0 D3hot D3cold
[    0.202426] pci 0000:00:16.3: PME# disabled
[    0.203610] pci 0000:00:16.4: PME# supported from D0 D3hot D3cold
[    0.203631] pci 0000:00:16.4: PME# disabled
[    0.204558] pci 0000:00:16.5: PME# supported from D0 D3hot D3cold
[    0.204578] pci 0000:00:16.5: PME# disabled
[    0.205492] pci 0000:00:16.6: PME# supported from D0 D3hot D3cold
[    0.205512] pci 0000:00:16.6: PME# disabled
[    0.206418] pci 0000:00:16.7: PME# supported from D0 D3hot D3cold
[    0.206439] pci 0000:00:16.7: PME# disabled
[    0.207297] pci 0000:00:17.0: PME# supported from D0 D3hot D3cold
[    0.207390] pci 0000:00:17.0: PME# disabled
[    0.208260] pci 0000:00:17.1: PME# supported from D0 D3hot D3cold
[    0.208280] pci 0000:00:17.1: PME# disabled
[    0.209168] pci 0000:00:17.2: PME# supported from D0 D3hot D3cold
[    0.209188] pci 0000:00:17.2: PME# disabled
[    0.210243] pci 0000:00:17.3: PME# supported from D0 D3hot D3cold
[    0.210264] pci 0000:00:17.3: PME# disabled
[    0.211123] pci 0000:00:17.4: PME# supported from D0 D3hot D3cold
[    0.211143] pci 0000:00:17.4: PME# disabled
[    0.212040] pci 0000:00:17.5: PME# supported from D0 D3hot D3cold
[    0.212060] pci 0000:00:17.5: PME# disabled
[    0.212970] pci 0000:00:17.6: PME# supported from D0 D3hot D3cold
[    0.212990] pci 0000:00:17.6: PME# disabled
[    0.213858] pci 0000:00:17.7: PME# supported from D0 D3hot D3cold
[    0.213878] pci 0000:00:17.7: PME# disabled
[    0.214757] pci 0000:00:18.0: PME# supported from D0 D3hot D3cold
[    0.214777] pci 0000:00:18.0: PME# disabled
[    0.215796] pci 0000:00:18.1: PME# supported from D0 D3hot D3cold
[    0.215817] pci 0000:00:18.1: PME# disabled
[    0.216741] pci 0000:00:18.2: PME# supported from D0 D3hot D3cold
[    0.216762] pci 0000:00:18.2: PME# disabled
[    0.217659] pci 0000:00:18.3: PME# supported from D0 D3hot D3cold
[    0.217679] pci 0000:00:18.3: PME# disabled
[    0.218546] pci 0000:00:18.4: PME# supported from D0 D3hot D3cold
[    0.218566] pci 0000:00:18.4: PME# disabled
[    0.219433] pci 0000:00:18.5: PME# supported from D0 D3hot D3cold
[    0.219453] pci 0000:00:18.5: PME# disabled
[    0.220362] pci 0000:00:18.6: PME# supported from D0 D3hot D3cold
[    0.220382] pci 0000:00:18.6: PME# disabled
[    0.221270] pci 0000:00:18.7: PME# supported from D0 D3hot D3cold
[    0.221331] pci 0000:00:18.7: PME# disabled
[    0.222442] pci 0000:02:00.0: reg 20 io port: [0x20c0-0x20df]
[    0.222937] pci 0000:02:01.0: reg 10 io port: [0x2000-0x207f]
[    0.223155] pci 0000:02:01.0: reg 30 32bit mmio pref: [0x000000-0x00ffff]
[    0.223801] pci 0000:02:02.0: reg 10 io port: [0x2080-0x20bf]
[    0.224411] pci 0000:02:03.0: reg 10 32bit mmio: [0xc9000000-0xc9000fff]
[    0.225024] pci 0000:00:11.0: transparent bridge
[    0.225045] pci 0000:00:11.0: bridge io port: [0x2000-0x3fff]
[    0.225065] pci 0000:00:11.0: bridge 32bit mmio: [0xc9000000-0xca3fffff]
[    0.225162] pci 0000:00:11.0: bridge 64bit mmio pref: [0xd8400000-0xd89fffff]
[    0.225763] pci 0000:00:15.0: bridge io port: [0x4000-0x4fff]
[    0.225784] pci 0000:00:15.0: bridge 32bit mmio: [0xca400000-0xca4fffff]
[    0.225822] pci 0000:00:15.0: bridge 64bit mmio pref: [0xd8a00000-0xd8afffff]
[    0.226192] pci 0000:00:15.1: bridge io port: [0x8000-0x8fff]
[    0.226214] pci 0000:00:15.1: bridge 32bit mmio: [0xca800000-0xca8fffff]
[    0.226252] pci 0000:00:15.1: bridge 64bit mmio pref: [0xd8e00000-0xd8efffff]
[    0.226654] pci 0000:00:15.2: bridge io port: [0xc000-0xcfff]
[    0.226674] pci 0000:00:15.2: bridge 32bit mmio: [0xcac00000-0xcacfffff]
[    0.226712] pci 0000:00:15.2: bridge 64bit mmio pref: [0xd9200000-0xd92fffff]
[    0.227366] pci 0000:00:15.3: bridge 32bit mmio: [0xcb000000-0xcb0fffff]
[    0.227421] pci 0000:00:15.3: bridge 64bit mmio pref: [0xd9600000-0xd96fffff]
[    0.227828] pci 0000:00:15.4: bridge 32bit mmio: [0xcb400000-0xcb4fffff]
[    0.227867] pci 0000:00:15.4: bridge 64bit mmio pref: [0xd9a00000-0xd9afffff]
[    0.228247] pci 0000:00:15.5: bridge 32bit mmio: [0xcb800000-0xcb8fffff]
[    0.228299] pci 0000:00:15.5: bridge 64bit mmio pref: [0xd9e00000-0xd9efffff]
[    0.228684] pci 0000:00:15.6: bridge 32bit mmio: [0xcbc00000-0xcbcfffff]
[    0.228722] pci 0000:00:15.6: bridge 64bit mmio pref: [0xda200000-0xda2fffff]
[    0.229099] pci 0000:00:15.7: bridge 32bit mmio: [0xcc000000-0xcc0fffff]
[    0.229137] pci 0000:00:15.7: bridge 64bit mmio pref: [0xda600000-0xda6fffff]
[    0.229503] pci 0000:00:16.0: bridge io port: [0x5000-0x5fff]
[    0.229523] pci 0000:00:16.0: bridge 32bit mmio: [0xca500000-0xca5fffff]
[    0.229561] pci 0000:00:16.0: bridge 64bit mmio pref: [0xd8b00000-0xd8bfffff]
[    0.229918] pci 0000:00:16.1: bridge io port: [0x9000-0x9fff]
[    0.229938] pci 0000:00:16.1: bridge 32bit mmio: [0xca900000-0xca9fffff]
[    0.229977] pci 0000:00:16.1: bridge 64bit mmio pref: [0xd8f00000-0xd8ffffff]
[    0.230354] pci 0000:00:16.2: bridge io port: [0xd000-0xdfff]
[    0.230375] pci 0000:00:16.2: bridge 32bit mmio: [0xcad00000-0xcadfffff]
[    0.230413] pci 0000:00:16.2: bridge 64bit mmio pref: [0xd9300000-0xd93fffff]
[    0.230792] pci 0000:00:16.3: bridge 32bit mmio: [0xcb100000-0xcb1fffff]
[    0.230830] pci 0000:00:16.3: bridge 64bit mmio pref: [0xd9700000-0xd97fffff]
[    0.231207] pci 0000:00:16.4: bridge 32bit mmio: [0xcb500000-0xcb5fffff]
[    0.231245] pci 0000:00:16.4: bridge 64bit mmio pref: [0xd9b00000-0xd9bfffff]
[    0.231635] pci 0000:00:16.5: bridge 32bit mmio: [0xcb900000-0xcb9fffff]
[    0.231686] pci 0000:00:16.5: bridge 64bit mmio pref: [0xd9f00000-0xd9ffffff]
[    0.232063] pci 0000:00:16.6: bridge 32bit mmio: [0xcbd00000-0xcbdfffff]
[    0.232101] pci 0000:00:16.6: bridge 64bit mmio pref: [0xda300000-0xda3fffff]
[    0.232494] pci 0000:00:16.7: bridge 32bit mmio: [0xcc100000-0xcc1fffff]
[    0.232532] pci 0000:00:16.7: bridge 64bit mmio pref: [0xda700000-0xda7fffff]
[    0.232891] pci 0000:00:17.0: bridge io port: [0x6000-0x6fff]
[    0.232911] pci 0000:00:17.0: bridge 32bit mmio: [0xca600000-0xca6fffff]
[    0.232949] pci 0000:00:17.0: bridge 64bit mmio pref: [0xd8c00000-0xd8cfffff]
[    0.233316] pci 0000:00:17.1: bridge io port: [0xa000-0xafff]
[    0.233336] pci 0000:00:17.1: bridge 32bit mmio: [0xcaa00000-0xcaafffff]
[    0.233374] pci 0000:00:17.1: bridge 64bit mmio pref: [0xd9000000-0xd90fffff]
[    0.233733] pci 0000:00:17.2: bridge io port: [0xe000-0xefff]
[    0.233753] pci 0000:00:17.2: bridge 32bit mmio: [0xcae00000-0xcaefffff]
[    0.233791] pci 0000:00:17.2: bridge 64bit mmio pref: [0xd9400000-0xd94fffff]
[    0.234166] pci 0000:00:17.3: bridge 32bit mmio: [0xcb200000-0xcb2fffff]
[    0.234205] pci 0000:00:17.3: bridge 64bit mmio pref: [0xd9800000-0xd98fffff]
[    0.234581] pci 0000:00:17.4: bridge 32bit mmio: [0xcb600000-0xcb6fffff]
[    0.234619] pci 0000:00:17.4: bridge 64bit mmio pref: [0xd9c00000-0xd9cfffff]
[    0.234996] pci 0000:00:17.5: bridge 32bit mmio: [0xcba00000-0xcbafffff]
[    0.235034] pci 0000:00:17.5: bridge 64bit mmio pref: [0xda000000-0xda0fffff]
[    0.235411] pci 0000:00:17.6: bridge 32bit mmio: [0xcbe00000-0xcbefffff]
[    0.235449] pci 0000:00:17.6: bridge 64bit mmio pref: [0xda400000-0xda4fffff]
[    0.235837] pci 0000:00:17.7: bridge 32bit mmio: [0xcc200000-0xcc2fffff]
[    0.235876] pci 0000:00:17.7: bridge 64bit mmio pref: [0xda800000-0xda8fffff]
[    0.236234] pci 0000:00:18.0: bridge io port: [0x7000-0x7fff]
[    0.236255] pci 0000:00:18.0: bridge 32bit mmio: [0xca700000-0xca7fffff]
[    0.236302] pci 0000:00:18.0: bridge 64bit mmio pref: [0xd8d00000-0xd8dfffff]
[    0.236662] pci 0000:00:18.1: bridge io port: [0xb000-0xbfff]
[    0.236682] pci 0000:00:18.1: bridge 32bit mmio: [0xcab00000-0xcabfffff]
[    0.236720] pci 0000:00:18.1: bridge 64bit mmio pref: [0xd9100000-0xd91fffff]
[    0.237078] pci 0000:00:18.2: bridge io port: [0xf000-0xffff]
[    0.237098] pci 0000:00:18.2: bridge 32bit mmio: [0xcaf00000-0xcaffffff]
[    0.237137] pci 0000:00:18.2: bridge 64bit mmio pref: [0xd9500000-0xd95fffff]
[    0.237525] pci 0000:00:18.3: bridge 32bit mmio: [0xcb300000-0xcb3fffff]
[    0.237563] pci 0000:00:18.3: bridge 64bit mmio pref: [0xd9900000-0xd99fffff]
[    0.237940] pci 0000:00:18.4: bridge 32bit mmio: [0xcb700000-0xcb7fffff]
[    0.237978] pci 0000:00:18.4: bridge 64bit mmio pref: [0xd9d00000-0xd9dfffff]
[    0.238422] pci 0000:00:18.5: bridge 32bit mmio: [0xcbb00000-0xcbbfffff]
[    0.238479] pci 0000:00:18.5: bridge 64bit mmio pref: [0xda100000-0xda1fffff]
[    0.238915] pci 0000:00:18.6: bridge 32bit mmio: [0xcbf00000-0xcbffffff]
[    0.238954] pci 0000:00:18.6: bridge 64bit mmio pref: [0xda500000-0xda5fffff]
[    0.239344] pci 0000:00:18.7: bridge 32bit mmio: [0xcc300000-0xcc3fffff]
[    0.239382] pci 0000:00:18.7: bridge 64bit mmio pref: [0xda900000-0xda9fffff]
[    0.240888] pci_bus 0000:00: on NUMA node 0
[    0.240897] ACPI: PCI Interrupt Routing Table [\_SB_.PCI0._PRT]
[    0.467503] ACPI: PCI Interrupt Link [LNKA] (IRQs 3 4 5 6 7 *9 10 11 14 15)
[    0.467661] ACPI: PCI Interrupt Link [LNKB] (IRQs 3 4 5 6 7 9 10 *11 14 15)
[    0.467812] ACPI: PCI Interrupt Link [LNKC] (IRQs 3 4 5 6 7 9 *10 11 14 15)
[    0.467976] ACPI: PCI Interrupt Link [LNKD] (IRQs 3 4 *5 6 7 9 10 11 14 15)
[    0.468116] vgaarb: device added: PCI:0000:00:0f.0,decodes=io+mem,owns=io+mem,locks=none
[    0.468126] vgaarb: loaded
[    0.468216] SCSI subsystem initialized
[    0.468260] libata version 3.00 loaded.
[    0.468300] usbcore: registered new interface driver usbfs
[    0.468312] usbcore: registered new interface driver hub
[    0.468327] usbcore: registered new device driver usb
[    0.468395] PCI: Using ACPI for IRQ routing
[    0.469358] NetLabel: Initializing
[    0.469359] NetLabel:  domain hash size = 128
[    0.469360] NetLabel:  protocols = UNLABELED CIPSOv4
[    0.469367] NetLabel:  unlabeled traffic allowed by default
[    0.469400] hpet0: at MMIO 0xfed00000, IRQs 2, 8, 0, 0, 0, 0, 0, 0, 0, 0, 0, 0, 0, 0, 0, 0
[    0.469406] hpet0: 16 comparators, 64-bit 14.318180 MHz counter
[    0.472440] Switching to clocksource tsc
[    0.479481] pnp: PnP ACPI init
[    0.479491] ACPI: bus type pnp registered
[    0.526314] pnp: PnP ACPI: found 14 devices
[    0.526316] ACPI: ACPI bus type pnp unregistered
[    0.526319] PnPBIOS: Disabled by ACPI PNP
[    0.526333] system 00:01: ioport range 0x1000-0x103f has been reserved
[    0.526335] system 00:01: ioport range 0x1040-0x104f has been reserved
[    0.526336] system 00:01: ioport range 0xcf0-0xcf1 has been reserved
[    0.526343] system 00:08: iomem range 0xfed00000-0xfed003ff has been reserved
[    0.526347] system 00:0d: ioport range 0x1060-0x107f has been reserved
[    0.526349] system 00:0d: iomem range 0xe0000000-0xefffffff has been reserved
[    0.526351] system 00:0d: iomem range 0xc8200000-0xc83fffff has been reserved
[    0.561087] pci 0000:00:15.3: BAR 13: can't allocate I/O resource [0x10000-0xffff]
[    0.561091] pci 0000:00:15.4: BAR 13: can't allocate I/O resource [0x10000-0xffff]
[    0.561094] pci 0000:00:15.5: BAR 13: can't allocate I/O resource [0x10000-0xffff]
[    0.561097] pci 0000:00:15.6: BAR 13: can't allocate I/O resource [0x10000-0xffff]
[    0.561100] pci 0000:00:15.7: BAR 13: can't allocate I/O resource [0x10000-0xffff]
[    0.561102] pci 0000:00:16.3: BAR 13: can't allocate I/O resource [0x10000-0xffff]
[    0.561105] pci 0000:00:16.4: BAR 13: can't allocate I/O resource [0x10000-0xffff]
[    0.561108] pci 0000:00:16.5: BAR 13: can't allocate I/O resource [0x10000-0xffff]
[    0.561110] pci 0000:00:16.6: BAR 13: can't allocate I/O resource [0x10000-0xffff]
[    0.561113] pci 0000:00:16.7: BAR 13: can't allocate I/O resource [0x10000-0xffff]
[    0.561115] pci 0000:00:17.3: BAR 13: can't allocate I/O resource [0x10000-0xffff]
[    0.561118] pci 0000:00:17.4: BAR 13: can't allocate I/O resource [0x10000-0xffff]
[    0.561121] pci 0000:00:17.5: BAR 13: can't allocate I/O resource [0x10000-0xffff]
[    0.561123] pci 0000:00:17.6: BAR 13: can't allocate I/O resource [0x10000-0xffff]
[    0.561126] pci 0000:00:17.7: BAR 13: can't allocate I/O resource [0x10000-0xffff]
[    0.561128] pci 0000:00:18.3: BAR 13: can't allocate I/O resource [0x10000-0xffff]
[    0.561131] pci 0000:00:18.4: BAR 13: can't allocate I/O resource [0x10000-0xffff]
[    0.561134] pci 0000:00:18.5: BAR 13: can't allocate I/O resource [0x10000-0xffff]
[    0.561136] pci 0000:00:18.6: BAR 13: can't allocate I/O resource [0x10000-0xffff]
[    0.561139] pci 0000:00:18.7: BAR 13: can't allocate I/O resource [0x10000-0xffff]
[    0.561141] pci 0000:00:01.0: PCI bridge, secondary bus 0000:01
[    0.561143] pci 0000:00:01.0:   IO window: disabled
[    0.561171] pci 0000:00:01.0:   MEM window: disabled
[    0.561190] pci 0000:00:01.0:   PREFETCH window: disabled
[    0.561242] pci 0000:00:11.0: PCI bridge, secondary bus 0000:02
[    0.561254] pci 0000:00:11.0:   IO window: 0x2000-0x3fff
[    0.561282] pci 0000:00:11.0:   MEM window: 0xc9000000-0xca3fffff
[    0.561302] pci 0000:00:11.0:   PREFETCH window: 0x000000d8400000-0x000000d89fffff
[    0.561344] pci 0000:00:15.0: PCI bridge, secondary bus 0000:03
[    0.561355] pci 0000:00:15.0:   IO window: 0x4000-0x4fff
[    0.561382] pci 0000:00:15.0:   MEM window: 0xca400000-0xca4fffff
[    0.561402] pci 0000:00:15.0:   PREFETCH window: 0x000000d8a00000-0x000000d8afffff
[    0.561461] pci 0000:00:15.1: PCI bridge, secondary bus 0000:04
[    0.561472] pci 0000:00:15.1:   IO window: 0x8000-0x8fff
[    0.561526] pci 0000:00:15.1:   MEM window: 0xca800000-0xca8fffff
[    0.561545] pci 0000:00:15.1:   PREFETCH window: 0x000000d8e00000-0x000000d8efffff
[    0.561586] pci 0000:00:15.2: PCI bridge, secondary bus 0000:05
[    0.561597] pci 0000:00:15.2:   IO window: 0xc000-0xcfff
[    0.561624] pci 0000:00:15.2:   MEM window: 0xcac00000-0xcacfffff
[    0.561644] pci 0000:00:15.2:   PREFETCH window: 0x000000d9200000-0x000000d92fffff
[    0.561683] pci 0000:00:15.3: PCI bridge, secondary bus 0000:06
[    0.561685] pci 0000:00:15.3:   IO window: disabled
[    0.561713] pci 0000:00:15.3:   MEM window: 0xcb000000-0xcb0fffff
[    0.561732] pci 0000:00:15.3:   PREFETCH window: 0x000000d9600000-0x000000d96fffff
[    0.561771] pci 0000:00:15.4: PCI bridge, secondary bus 0000:07
[    0.561773] pci 0000:00:15.4:   IO window: disabled
[    0.561801] pci 0000:00:15.4:   MEM window: 0xcb400000-0xcb4fffff
[    0.561820] pci 0000:00:15.4:   PREFETCH window: 0x000000d9a00000-0x000000d9afffff
[    0.561860] pci 0000:00:15.5: PCI bridge, secondary bus 0000:08
[    0.561862] pci 0000:00:15.5:   IO window: disabled
[    0.561889] pci 0000:00:15.5:   MEM window: 0xcb800000-0xcb8fffff
[    0.561909] pci 0000:00:15.5:   PREFETCH window: 0x000000d9e00000-0x000000d9efffff
[    0.561948] pci 0000:00:15.6: PCI bridge, secondary bus 0000:09
[    0.561950] pci 0000:00:15.6:   IO window: disabled
[    0.561978] pci 0000:00:15.6:   MEM window: 0xcbc00000-0xcbcfffff
[    0.561997] pci 0000:00:15.6:   PREFETCH window: 0x000000da200000-0x000000da2fffff
[    0.562037] pci 0000:00:15.7: PCI bridge, secondary bus 0000:0a
[    0.562038] pci 0000:00:15.7:   IO window: disabled
[    0.562066] pci 0000:00:15.7:   MEM window: 0xcc000000-0xcc0fffff
[    0.562085] pci 0000:00:15.7:   PREFETCH window: 0x000000da600000-0x000000da6fffff
[    0.562125] pci 0000:00:16.0: PCI bridge, secondary bus 0000:0b
[    0.562136] pci 0000:00:16.0:   IO window: 0x5000-0x5fff
[    0.562163] pci 0000:00:16.0:   MEM window: 0xca500000-0xca5fffff
[    0.562182] pci 0000:00:16.0:   PREFETCH window: 0x000000d8b00000-0x000000d8bfffff
[    0.562222] pci 0000:00:16.1: PCI bridge, secondary bus 0000:0c
[    0.562233] pci 0000:00:16.1:   IO window: 0x9000-0x9fff
[    0.562260] pci 0000:00:16.1:   MEM window: 0xca900000-0xca9fffff
[    0.562279] pci 0000:00:16.1:   PREFETCH window: 0x000000d8f00000-0x000000d8ffffff
[    0.562319] pci 0000:00:16.2: PCI bridge, secondary bus 0000:0d
[    0.562330] pci 0000:00:16.2:   IO window: 0xd000-0xdfff
[    0.562357] pci 0000:00:16.2:   MEM window: 0xcad00000-0xcadfffff
[    0.562376] pci 0000:00:16.2:   PREFETCH window: 0x000000d9300000-0x000000d93fffff
[    0.562416] pci 0000:00:16.3: PCI bridge, secondary bus 0000:0e
[    0.562417] pci 0000:00:16.3:   IO window: disabled
[    0.562445] pci 0000:00:16.3:   MEM window: 0xcb100000-0xcb1fffff
[    0.562464] pci 0000:00:16.3:   PREFETCH window: 0x000000d9700000-0x000000d97fffff
[    0.562534] pci 0000:00:16.4: PCI bridge, secondary bus 0000:0f
[    0.562536] pci 0000:00:16.4:   IO window: disabled
[    0.562573] pci 0000:00:16.4:   MEM window: 0xcb500000-0xcb5fffff
[    0.562592] pci 0000:00:16.4:   PREFETCH window: 0x000000d9b00000-0x000000d9bfffff
[    0.562632] pci 0000:00:16.5: PCI bridge, secondary bus 0000:10
[    0.562633] pci 0000:00:16.5:   IO window: disabled
[    0.562661] pci 0000:00:16.5:   MEM window: 0xcb900000-0xcb9fffff
[    0.562680] pci 0000:00:16.5:   PREFETCH window: 0x000000d9f00000-0x000000d9ffffff
[    0.562720] pci 0000:00:16.6: PCI bridge, secondary bus 0000:11
[    0.562721] pci 0000:00:16.6:   IO window: disabled
[    0.562749] pci 0000:00:16.6:   MEM window: 0xcbd00000-0xcbdfffff
[    0.562768] pci 0000:00:16.6:   PREFETCH window: 0x000000da300000-0x000000da3fffff
[    0.562807] pci 0000:00:16.7: PCI bridge, secondary bus 0000:12
[    0.562809] pci 0000:00:16.7:   IO window: disabled
[    0.562837] pci 0000:00:16.7:   MEM window: 0xcc100000-0xcc1fffff
[    0.562856] pci 0000:00:16.7:   PREFETCH window: 0x000000da700000-0x000000da7fffff
[    0.562895] pci 0000:00:17.0: PCI bridge, secondary bus 0000:13
[    0.562906] pci 0000:00:17.0:   IO window: 0x6000-0x6fff
[    0.562934] pci 0000:00:17.0:   MEM window: 0xca600000-0xca6fffff
[    0.562953] pci 0000:00:17.0:   PREFETCH window: 0x000000d8c00000-0x000000d8cfffff
[    0.562992] pci 0000:00:17.1: PCI bridge, secondary bus 0000:14
[    0.563003] pci 0000:00:17.1:   IO window: 0xa000-0xafff
[    0.563031] pci 0000:00:17.1:   MEM window: 0xcaa00000-0xcaafffff
[    0.563050] pci 0000:00:17.1:   PREFETCH window: 0x000000d9000000-0x000000d90fffff
[    0.563089] pci 0000:00:17.2: PCI bridge, secondary bus 0000:15
[    0.563100] pci 0000:00:17.2:   IO window: 0xe000-0xefff
[    0.563128] pci 0000:00:17.2:   MEM window: 0xcae00000-0xcaefffff
[    0.563147] pci 0000:00:17.2:   PREFETCH window: 0x000000d9400000-0x000000d94fffff
[    0.563186] pci 0000:00:17.3: PCI bridge, secondary bus 0000:16
[    0.563188] pci 0000:00:17.3:   IO window: disabled
[    0.563215] pci 0000:00:17.3:   MEM window: 0xcb200000-0xcb2fffff
[    0.563235] pci 0000:00:17.3:   PREFETCH window: 0x000000d9800000-0x000000d98fffff
[    0.563274] pci 0000:00:17.4: PCI bridge, secondary bus 0000:17
[    0.563276] pci 0000:00:17.4:   IO window: disabled
[    0.563303] pci 0000:00:17.4:   MEM window: 0xcb600000-0xcb6fffff
[    0.563323] pci 0000:00:17.4:   PREFETCH window: 0x000000d9c00000-0x000000d9cfffff
[    0.563362] pci 0000:00:17.5: PCI bridge, secondary bus 0000:18
[    0.563364] pci 0000:00:17.5:   IO window: disabled
[    0.563391] pci 0000:00:17.5:   MEM window: 0xcba00000-0xcbafffff
[    0.563410] pci 0000:00:17.5:   PREFETCH window: 0x000000da000000-0x000000da0fffff
[    0.563450] pci 0000:00:17.6: PCI bridge, secondary bus 0000:19
[    0.563451] pci 0000:00:17.6:   IO window: disabled
[    0.563498] pci 0000:00:17.6:   MEM window: 0xcbe00000-0xcbefffff
[    0.563541] pci 0000:00:17.6:   PREFETCH window: 0x000000da400000-0x000000da4fffff
[    0.563592] pci 0000:00:17.7: PCI bridge, secondary bus 0000:1a
[    0.563594] pci 0000:00:17.7:   IO window: disabled
[    0.563625] pci 0000:00:17.7:   MEM window: 0xcc200000-0xcc2fffff
[    0.563645] pci 0000:00:17.7:   PREFETCH window: 0x000000da800000-0x000000da8fffff
[    0.563688] pci 0000:00:18.0: PCI bridge, secondary bus 0000:1b
[    0.563700] pci 0000:00:18.0:   IO window: 0x7000-0x7fff
[    0.563730] pci 0000:00:18.0:   MEM window: 0xca700000-0xca7fffff
[    0.563751] pci 0000:00:18.0:   PREFETCH window: 0x000000d8d00000-0x000000d8dfffff
[    0.563793] pci 0000:00:18.1: PCI bridge, secondary bus 0000:1c
[    0.563805] pci 0000:00:18.1:   IO window: 0xb000-0xbfff
[    0.563835] pci 0000:00:18.1:   MEM window: 0xcab00000-0xcabfffff
[    0.563855] pci 0000:00:18.1:   PREFETCH window: 0x000000d9100000-0x000000d91fffff
[    0.563897] pci 0000:00:18.2: PCI bridge, secondary bus 0000:1d
[    0.563909] pci 0000:00:18.2:   IO window: 0xf000-0xffff
[    0.563939] pci 0000:00:18.2:   MEM window: 0xcaf00000-0xcaffffff
[    0.563959] pci 0000:00:18.2:   PREFETCH window: 0x000000d9500000-0x000000d95fffff
[    0.564002] pci 0000:00:18.3: PCI bridge, secondary bus 0000:1e
[    0.564003] pci 0000:00:18.3:   IO window: disabled
[    0.564033] pci 0000:00:18.3:   MEM window: 0xcb300000-0xcb3fffff
[    0.564054] pci 0000:00:18.3:   PREFETCH window: 0x000000d9900000-0x000000d99fffff
[    0.564096] pci 0000:00:18.4: PCI bridge, secondary bus 0000:1f
[    0.564098] pci 0000:00:18.4:   IO window: disabled
[    0.564127] pci 0000:00:18.4:   MEM window: 0xcb700000-0xcb7fffff
[    0.564148] pci 0000:00:18.4:   PREFETCH window: 0x000000d9d00000-0x000000d9dfffff
[    0.564191] pci 0000:00:18.5: PCI bridge, secondary bus 0000:20
[    0.564192] pci 0000:00:18.5:   IO window: disabled
[    0.564222] pci 0000:00:18.5:   MEM window: 0xcbb00000-0xcbbfffff
[    0.564242] pci 0000:00:18.5:   PREFETCH window: 0x000000da100000-0x000000da1fffff
[    0.564285] pci 0000:00:18.6: PCI bridge, secondary bus 0000:21
[    0.564286] pci 0000:00:18.6:   IO window: disabled
[    0.564316] pci 0000:00:18.6:   MEM window: 0xcbf00000-0xcbffffff
[    0.564352] pci 0000:00:18.6:   PREFETCH window: 0x000000da500000-0x000000da5fffff
[    0.564396] pci 0000:00:18.7: PCI bridge, secondary bus 0000:22
[    0.564397] pci 0000:00:18.7:   IO window: disabled
[    0.564427] pci 0000:00:18.7:   MEM window: 0xcc300000-0xcc3fffff
[    0.564448] pci 0000:00:18.7:   PREFETCH window: 0x000000da900000-0x000000da9fffff
[    0.564532] pci 0000:00:01.0: setting latency timer to 64
[    0.564628] pci 0000:00:15.0: setting latency timer to 64
[    0.564695] pci 0000:00:15.1: setting latency timer to 64
[    0.564761] pci 0000:00:15.2: setting latency timer to 64
[    0.564827] pci 0000:00:15.3: setting latency timer to 64
[    0.564893] pci 0000:00:15.4: setting latency timer to 64
[    0.564959] pci 0000:00:15.5: setting latency timer to 64
[    0.565025] pci 0000:00:15.6: setting latency timer to 64
[    0.565091] pci 0000:00:15.7: setting latency timer to 64
[    0.565157] pci 0000:00:16.0: setting latency timer to 64
[    0.565223] pci 0000:00:16.1: setting latency timer to 64
[    0.565289] pci 0000:00:16.2: setting latency timer to 64
[    0.565355] pci 0000:00:16.3: setting latency timer to 64
[    0.565421] pci 0000:00:16.4: setting latency timer to 64
[    0.565495] pci 0000:00:16.5: setting latency timer to 64
[    0.565564] pci 0000:00:16.6: setting latency timer to 64
[    0.565633] pci 0000:00:16.7: setting latency timer to 64
[    0.565700] pci 0000:00:17.0: setting latency timer to 64
[    0.565766] pci 0000:00:17.1: setting latency timer to 64
[    0.565832] pci 0000:00:17.2: setting latency timer to 64
[    0.565898] pci 0000:00:17.3: setting latency timer to 64
[    0.565964] pci 0000:00:17.4: setting latency timer to 64
[    0.566030] pci 0000:00:17.5: setting latency timer to 64
[    0.566096] pci 0000:00:17.6: setting latency timer to 64
[    0.566162] pci 0000:00:17.7: setting latency timer to 64
[    0.566228] pci 0000:00:18.0: setting latency timer to 64
[    0.566295] pci 0000:00:18.1: setting latency timer to 64
[    0.566361] pci 0000:00:18.2: setting latency timer to 64
[    0.566427] pci 0000:00:18.3: setting latency timer to 64
[    0.566495] pci 0000:00:18.4: setting latency timer to 64
[    0.566561] pci 0000:00:18.5: setting latency timer to 64
[    0.566627] pci 0000:00:18.6: setting latency timer to 64
[    0.566693] pci 0000:00:18.7: setting latency timer to 64
[    0.566705] pci_bus 0000:00: resource 0 io:  [0x00-0xffff]
[    0.566708] pci_bus 0000:00: resource 1 mem: [0x000000-0xffffffffffffffff]
[    0.566710] pci_bus 0000:02: resource 0 io:  [0x2000-0x3fff]
[    0.566712] pci_bus 0000:02: resource 1 mem: [0xc9000000-0xca3fffff]
[    0.566714] pci_bus 0000:02: resource 2 pref mem [0xd8400000-0xd89fffff]
[    0.566716] pci_bus 0000:02: resource 3 io:  [0x00-0xffff]
[    0.566718] pci_bus 0000:02: resource 4 mem: [0x000000-0xffffffffffffffff]
[    0.566720] pci_bus 0000:03: resource 0 io:  [0x4000-0x4fff]
[    0.566722] pci_bus 0000:03: resource 1 mem: [0xca400000-0xca4fffff]
[    0.566724] pci_bus 0000:03: resource 2 pref mem [0xd8a00000-0xd8afffff]
[    0.566726] pci_bus 0000:04: resource 0 io:  [0x8000-0x8fff]
[    0.566728] pci_bus 0000:04: resource 1 mem: [0xca800000-0xca8fffff]
[    0.566730] pci_bus 0000:04: resource 2 pref mem [0xd8e00000-0xd8efffff]
[    0.566732] pci_bus 0000:05: resource 0 io:  [0xc000-0xcfff]
[    0.566734] pci_bus 0000:05: resource 1 mem: [0xcac00000-0xcacfffff]
[    0.566735] pci_bus 0000:05: resource 2 pref mem [0xd9200000-0xd92fffff]
[    0.566737] pci_bus 0000:06: resource 1 mem: [0xcb000000-0xcb0fffff]
[    0.566739] pci_bus 0000:06: resource 2 pref mem [0xd9600000-0xd96fffff]
[    0.566741] pci_bus 0000:07: resource 1 mem: [0xcb400000-0xcb4fffff]
[    0.566743] pci_bus 0000:07: resource 2 pref mem [0xd9a00000-0xd9afffff]
[    0.566745] pci_bus 0000:08: resource 1 mem: [0xcb800000-0xcb8fffff]
[    0.566747] pci_bus 0000:08: resource 2 pref mem [0xd9e00000-0xd9efffff]
[    0.566749] pci_bus 0000:09: resource 1 mem: [0xcbc00000-0xcbcfffff]
[    0.566751] pci_bus 0000:09: resource 2 pref mem [0xda200000-0xda2fffff]
[    0.566753] pci_bus 0000:0a: resource 1 mem: [0xcc000000-0xcc0fffff]
[    0.566755] pci_bus 0000:0a: resource 2 pref mem [0xda600000-0xda6fffff]
[    0.566757] pci_bus 0000:0b: resource 0 io:  [0x5000-0x5fff]
[    0.566759] pci_bus 0000:0b: resource 1 mem: [0xca500000-0xca5fffff]
[    0.566761] pci_bus 0000:0b: resource 2 pref mem [0xd8b00000-0xd8bfffff]
[    0.566763] pci_bus 0000:0c: resource 0 io:  [0x9000-0x9fff]
[    0.566764] pci_bus 0000:0c: resource 1 mem: [0xca900000-0xca9fffff]
[    0.566766] pci_bus 0000:0c: resource 2 pref mem [0xd8f00000-0xd8ffffff]
[    0.566768] pci_bus 0000:0d: resource 0 io:  [0xd000-0xdfff]
[    0.566770] pci_bus 0000:0d: resource 1 mem: [0xcad00000-0xcadfffff]
[    0.566772] pci_bus 0000:0d: resource 2 pref mem [0xd9300000-0xd93fffff]
[    0.566774] pci_bus 0000:0e: resource 1 mem: [0xcb100000-0xcb1fffff]
[    0.566776] pci_bus 0000:0e: resource 2 pref mem [0xd9700000-0xd97fffff]
[    0.566778] pci_bus 0000:0f: resource 1 mem: [0xcb500000-0xcb5fffff]
[    0.566780] pci_bus 0000:0f: resource 2 pref mem [0xd9b00000-0xd9bfffff]
[    0.566782] pci_bus 0000:10: resource 1 mem: [0xcb900000-0xcb9fffff]
[    0.566784] pci_bus 0000:10: resource 2 pref mem [0xd9f00000-0xd9ffffff]
[    0.566786] pci_bus 0000:11: resource 1 mem: [0xcbd00000-0xcbdfffff]
[    0.566788] pci_bus 0000:11: resource 2 pref mem [0xda300000-0xda3fffff]
[    0.566790] pci_bus 0000:12: resource 1 mem: [0xcc100000-0xcc1fffff]
[    0.566791] pci_bus 0000:12: resource 2 pref mem [0xda700000-0xda7fffff]
[    0.566793] pci_bus 0000:13: resource 0 io:  [0x6000-0x6fff]
[    0.566795] pci_bus 0000:13: resource 1 mem: [0xca600000-0xca6fffff]
[    0.566797] pci_bus 0000:13: resource 2 pref mem [0xd8c00000-0xd8cfffff]
[    0.566799] pci_bus 0000:14: resource 0 io:  [0xa000-0xafff]
[    0.566801] pci_bus 0000:14: resource 1 mem: [0xcaa00000-0xcaafffff]
[    0.566803] pci_bus 0000:14: resource 2 pref mem [0xd9000000-0xd90fffff]
[    0.566805] pci_bus 0000:15: resource 0 io:  [0xe000-0xefff]
[    0.566807] pci_bus 0000:15: resource 1 mem: [0xcae00000-0xcaefffff]
[    0.566809] pci_bus 0000:15: resource 2 pref mem [0xd9400000-0xd94fffff]
[    0.566811] pci_bus 0000:16: resource 1 mem: [0xcb200000-0xcb2fffff]
[    0.566812] pci_bus 0000:16: resource 2 pref mem [0xd9800000-0xd98fffff]
[    0.566814] pci_bus 0000:17: resource 1 mem: [0xcb600000-0xcb6fffff]
[    0.566816] pci_bus 0000:17: resource 2 pref mem [0xd9c00000-0xd9cfffff]
[    0.566818] pci_bus 0000:18: resource 1 mem: [0xcba00000-0xcbafffff]
[    0.566820] pci_bus 0000:18: resource 2 pref mem [0xda000000-0xda0fffff]
[    0.566822] pci_bus 0000:19: resource 1 mem: [0xcbe00000-0xcbefffff]
[    0.566824] pci_bus 0000:19: resource 2 pref mem [0xda400000-0xda4fffff]
[    0.566826] pci_bus 0000:1a: resource 1 mem: [0xcc200000-0xcc2fffff]
[    0.566828] pci_bus 0000:1a: resource 2 pref mem [0xda800000-0xda8fffff]
[    0.566830] pci_bus 0000:1b: resource 0 io:  [0x7000-0x7fff]
[    0.566832] pci_bus 0000:1b: resource 1 mem: [0xca700000-0xca7fffff]
[    0.566834] pci_bus 0000:1b: resource 2 pref mem [0xd8d00000-0xd8dfffff]
[    0.566836] pci_bus 0000:1c: resource 0 io:  [0xb000-0xbfff]
[    0.566837] pci_bus 0000:1c: resource 1 mem: [0xcab00000-0xcabfffff]
[    0.566839] pci_bus 0000:1c: resource 2 pref mem [0xd9100000-0xd91fffff]
[    0.566841] pci_bus 0000:1d: resource 0 io:  [0xf000-0xffff]
[    0.566843] pci_bus 0000:1d: resource 1 mem: [0xcaf00000-0xcaffffff]
[    0.566845] pci_bus 0000:1d: resource 2 pref mem [0xd9500000-0xd95fffff]
[    0.566847] pci_bus 0000:1e: resource 1 mem: [0xcb300000-0xcb3fffff]
[    0.566849] pci_bus 0000:1e: resource 2 pref mem [0xd9900000-0xd99fffff]
[    0.566851] pci_bus 0000:1f: resource 1 mem: [0xcb700000-0xcb7fffff]
[    0.566853] pci_bus 0000:1f: resource 2 pref mem [0xd9d00000-0xd9dfffff]
[    0.566855] pci_bus 0000:20: resource 1 mem: [0xcbb00000-0xcbbfffff]
[    0.566857] pci_bus 0000:20: resource 2 pref mem [0xda100000-0xda1fffff]
[    0.566859] pci_bus 0000:21: resource 1 mem: [0xcbf00000-0xcbffffff]
[    0.566861] pci_bus 0000:21: resource 2 pref mem [0xda500000-0xda5fffff]
[    0.566863] pci_bus 0000:22: resource 1 mem: [0xcc300000-0xcc3fffff]
[    0.566865] pci_bus 0000:22: resource 2 pref mem [0xda900000-0xda9fffff]
[    0.566888] NET: Registered protocol family 2
[    0.566905] RANDOM - __random32 called. Change num 7.  Value: 647ba296	db0e5c1d	6de96f10
[    0.566907] RANDOM - random32 called.  Value: 647ba296	db0e5c1d	6de96f10
[    0.566916] random 0000 0000 0000 00000000 00000000: rand_read_num 2 get_random_bytes(4): sig fffffe1a 00000000 00000000
[    0.566918] random 0000 0000 0000 00000000 00000000: extract_entropy(.. 4 ..)
[    0.566921] random 0000 0000 0000 00000000 00000000: going to reseed nonblocking with 64 bits (32 of 0 requested)
[    0.566923] random 0000 0000 0000 00000000 00000000: extract_entropy(.. 8 ..)
[    0.566926] random 0000 0000 0000 00000000 00000000: trying to extract 64 bits from input
[    0.566928] random 0000 0000 0000 00000000 00000000: debiting 0 entropy credits from input
[    0.566930] random 0000 0000 0000 00000000 00000000: extract_entropy account returned: 0 
[    0.566933] random 0000 0000 0000 00000000 00000000: urand_change_num 3 xfer_secondary_pool(4): pool_sig fffffe1a, data_sig 00000000, bytes_mixed 0 00000000 00000000
[    0.566936] random 0000 0000 0000 00000000 00000000: trying to extract 32 bits from nonblocking
[    0.566939] random 0000 0000 0000 00000000 00000000: debiting 32 entropy credits from nonblocking (unlimited)
[    0.566941] random 0000 0000 0000 00000000 00000000: extract_entropy account returned: 4 
[    0.566945] random 0000 0000 0000 00000000 00000000: urand_change_num 4 extract_buf: pool_sig fffffe1a, data_sig fffffed7, bytes_mixed 20 00000000 00000000
[    0.566976] IP route cache hash table entries: 32768 (order: 5, 131072 bytes)
[    0.567066] RANDOM - __random32 called. Change num 8.  Value: ba296205	b0e5c1db	de205442
[    0.567068] RANDOM - random32 called.  Value: ba296205	b0e5c1db	de205442
[    0.567128] RANDOM - __random32 called. Change num 9.  Value: 962052cd	e5c1db9	a885e45e
[    0.567130] RANDOM - random32 called.  Value: 962052cd	e5c1db9	a885e45e
[    0.567133] RANDOM - __random32 called. Change num 10.  Value: 52cd38f	e5c1db9b	c8bd9558
[    0.567134] RANDOM - random32 called.  Value: 52cd38f	e5c1db9b	c8bd9558
[    0.567157] RANDOM - __random32 called. Change num 11.  Value: cd38f3eb	5c1db9b9	2ab1aa27
[    0.567159] RANDOM - random32 called.  Value: cd38f3eb	5c1db9b9	2ab1aa27
[    0.567169] TCP established hash table entries: 131072 (order: 8, 1048576 bytes)
[    0.567279] TCP bind hash table entries: 65536 (order: 7, 524288 bytes)
[    0.567388] TCP: Hash tables configured (established 131072 bind 65536)
[    0.567391] TCP reno registered
[    0.567443] NET: Registered protocol family 1
[    0.567453] pci 0000:00:00.0: Limiting direct PCI/PCI transfers
[    0.567474] pci 0000:00:0f.0: Boot video device
[    0.567690] Trying to unpack rootfs image as initramfs...
[    1.678757] Freeing initrd memory: 83430k freed
[    1.682785] Simple Boot Flag at 0x36 set to 0x1
[    1.682829] cpufreq-nforce2: No nForce2 chipset.
[    1.682842] Scanning for low memory corruption every 60 seconds
[    1.682957] audit: initializing netlink socket (disabled)
[    1.682965] type=2000 audit(1369442216.672:1): initialized
[    1.686877] highmem bounce pool size: 64 pages
[    1.686881] HugeTLB registered 2 MB page size, pre-allocated 0 pages
[    1.686985] VFS: Disk quotas dquot_6.5.2
[    1.687015] Dquot-cache hash table entries: 1024 (order 0, 4096 bytes)
[    1.687092] fuse init (API version 7.13)
[    1.687135] msgmni has been set to 1729
[    1.687400] alg: No test for stdrng (krng)
[    1.687433] Block layer SCSI generic (bsg) driver version 0.4 loaded (major 253)
[    1.687435] io scheduler noop registered
[    1.687437] io scheduler anticipatory registered
[    1.687438] io scheduler deadline registered
[    1.687457] io scheduler cfq registered (default)
[    1.687502]   alloc irq_desc for 24 on node -1
[    1.687504]   alloc kstat_irqs on node -1
[    1.687549] pcieport 0000:00:15.0: irq 24 for MSI/MSI-X
[    1.687594] pcieport 0000:00:15.0: setting latency timer to 64
[    1.687638]   alloc irq_desc for 25 on node -1
[    1.687640]   alloc kstat_irqs on node -1
[    1.687685] pcieport 0000:00:15.1: irq 25 for MSI/MSI-X
[    1.687729] pcieport 0000:00:15.1: setting latency timer to 64
[    1.687774]   alloc irq_desc for 26 on node -1
[    1.687776]   alloc kstat_irqs on node -1
[    1.687820] pcieport 0000:00:15.2: irq 26 for MSI/MSI-X
[    1.687865] pcieport 0000:00:15.2: setting latency timer to 64
[    1.687910]   alloc irq_desc for 27 on node -1
[    1.687912]   alloc kstat_irqs on node -1
[    1.687956] pcieport 0000:00:15.3: irq 27 for MSI/MSI-X
[    1.688001] pcieport 0000:00:15.3: setting latency timer to 64
[    1.688045]   alloc irq_desc for 28 on node -1
[    1.688047]   alloc kstat_irqs on node -1
[    1.688092] pcieport 0000:00:15.4: irq 28 for MSI/MSI-X
[    1.688137] pcieport 0000:00:15.4: setting latency timer to 64
[    1.688181]   alloc irq_desc for 29 on node -1
[    1.688183]   alloc kstat_irqs on node -1
[    1.688228] pcieport 0000:00:15.5: irq 29 for MSI/MSI-X
[    1.688272] pcieport 0000:00:15.5: setting latency timer to 64
[    1.688317]   alloc irq_desc for 30 on node -1
[    1.688319]   alloc kstat_irqs on node -1
[    1.688363] pcieport 0000:00:15.6: irq 30 for MSI/MSI-X
[    1.688408] pcieport 0000:00:15.6: setting latency timer to 64
[    1.688453]   alloc irq_desc for 31 on node -1
[    1.688455]   alloc kstat_irqs on node -1
[    1.688499] pcieport 0000:00:15.7: irq 31 for MSI/MSI-X
[    1.688544] pcieport 0000:00:15.7: setting latency timer to 64
[    1.688588]   alloc irq_desc for 32 on node -1
[    1.688590]   alloc kstat_irqs on node -1
[    1.688635] pcieport 0000:00:16.0: irq 32 for MSI/MSI-X
[    1.688680] pcieport 0000:00:16.0: setting latency timer to 64
[    1.688724]   alloc irq_desc for 33 on node -1
[    1.688728]   alloc kstat_irqs on node -1
[    1.688772] pcieport 0000:00:16.1: irq 33 for MSI/MSI-X
[    1.688817] pcieport 0000:00:16.1: setting latency timer to 64
[    1.688861]   alloc irq_desc for 34 on node -1
[    1.688864]   alloc kstat_irqs on node -1
[    1.688908] pcieport 0000:00:16.2: irq 34 for MSI/MSI-X
[    1.688953] pcieport 0000:00:16.2: setting latency timer to 64
[    1.688997]   alloc irq_desc for 35 on node -1
[    1.689000]   alloc kstat_irqs on node -1
[    1.689044] pcieport 0000:00:16.3: irq 35 for MSI/MSI-X
[    1.689089] pcieport 0000:00:16.3: setting latency timer to 64
[    1.689133]   alloc irq_desc for 36 on node -1
[    1.689135]   alloc kstat_irqs on node -1
[    1.689180] pcieport 0000:00:16.4: irq 36 for MSI/MSI-X
[    1.689225] pcieport 0000:00:16.4: setting latency timer to 64
[    1.689269]   alloc irq_desc for 37 on node -1
[    1.689271]   alloc kstat_irqs on node -1
[    1.689316] pcieport 0000:00:16.5: irq 37 for MSI/MSI-X
[    1.689361] pcieport 0000:00:16.5: setting latency timer to 64
[    1.689405]   alloc irq_desc for 38 on node -1
[    1.689407]   alloc kstat_irqs on node -1
[    1.689452] pcieport 0000:00:16.6: irq 38 for MSI/MSI-X
[    1.689497] pcieport 0000:00:16.6: setting latency timer to 64
[    1.689541]   alloc irq_desc for 39 on node -1
[    1.689543]   alloc kstat_irqs on node -1
[    1.689588] pcieport 0000:00:16.7: irq 39 for MSI/MSI-X
[    1.689632] pcieport 0000:00:16.7: setting latency timer to 64
[    1.690726]   alloc irq_desc for 40 on node -1
[    1.690728]   alloc kstat_irqs on node -1
[    1.690772] pcieport 0000:00:17.0: irq 40 for MSI/MSI-X
[    1.690817] pcieport 0000:00:17.0: setting latency timer to 64
[    1.690900]   alloc irq_desc for 41 on node -1
[    1.690902]   alloc kstat_irqs on node -1
[    1.690947] pcieport 0000:00:17.1: irq 41 for MSI/MSI-X
[    1.690992] pcieport 0000:00:17.1: setting latency timer to 64
[    1.691036]   alloc irq_desc for 42 on node -1
[    1.691038]   alloc kstat_irqs on node -1
[    1.691083] pcieport 0000:00:17.2: irq 42 for MSI/MSI-X
[    1.691128] pcieport 0000:00:17.2: setting latency timer to 64
[    1.691172]   alloc irq_desc for 43 on node -1
[    1.691174]   alloc kstat_irqs on node -1
[    1.691219] pcieport 0000:00:17.3: irq 43 for MSI/MSI-X
[    1.691264] pcieport 0000:00:17.3: setting latency timer to 64
[    1.691308]   alloc irq_desc for 44 on node -1
[    1.691310]   alloc kstat_irqs on node -1
[    1.691355] pcieport 0000:00:17.4: irq 44 for MSI/MSI-X
[    1.691400] pcieport 0000:00:17.4: setting latency timer to 64
[    1.691444]   alloc irq_desc for 45 on node -1
[    1.691446]   alloc kstat_irqs on node -1
[    1.691491] pcieport 0000:00:17.5: irq 45 for MSI/MSI-X
[    1.691535] pcieport 0000:00:17.5: setting latency timer to 64
[    1.691580]   alloc irq_desc for 46 on node -1
[    1.691582]   alloc kstat_irqs on node -1
[    1.691627] pcieport 0000:00:17.6: irq 46 for MSI/MSI-X
[    1.691671] pcieport 0000:00:17.6: setting latency timer to 64
[    1.691716]   alloc irq_desc for 47 on node -1
[    1.691718]   alloc kstat_irqs on node -1
[    1.691763] pcieport 0000:00:17.7: irq 47 for MSI/MSI-X
[    1.691807] pcieport 0000:00:17.7: setting latency timer to 64
[    1.691852]   alloc irq_desc for 48 on node -1
[    1.691854]   alloc kstat_irqs on node -1
[    1.691899] pcieport 0000:00:18.0: irq 48 for MSI/MSI-X
[    1.691943] pcieport 0000:00:18.0: setting latency timer to 64
[    1.691988]   alloc irq_desc for 49 on node -1
[    1.691990]   alloc kstat_irqs on node -1
[    1.692035] pcieport 0000:00:18.1: irq 49 for MSI/MSI-X
[    1.692079] pcieport 0000:00:18.1: setting latency timer to 64
[    1.692124]   alloc irq_desc for 50 on node -1
[    1.692126]   alloc kstat_irqs on node -1
[    1.692171] pcieport 0000:00:18.2: irq 50 for MSI/MSI-X
[    1.692215] pcieport 0000:00:18.2: setting latency timer to 64
[    1.692260]   alloc irq_desc for 51 on node -1
[    1.692262]   alloc kstat_irqs on node -1
[    1.692307] pcieport 0000:00:18.3: irq 51 for MSI/MSI-X
[    1.692351] pcieport 0000:00:18.3: setting latency timer to 64
[    1.692396]   alloc irq_desc for 52 on node -1
[    1.692398]   alloc kstat_irqs on node -1
[    1.692442] pcieport 0000:00:18.4: irq 52 for MSI/MSI-X
[    1.692487] pcieport 0000:00:18.4: setting latency timer to 64
[    1.692532]   alloc irq_desc for 53 on node -1
[    1.692534]   alloc kstat_irqs on node -1
[    1.692578] pcieport 0000:00:18.5: irq 53 for MSI/MSI-X
[    1.692623] pcieport 0000:00:18.5: setting latency timer to 64
[    1.692667]   alloc irq_desc for 54 on node -1
[    1.692669]   alloc kstat_irqs on node -1
[    1.692714] pcieport 0000:00:18.6: irq 54 for MSI/MSI-X
[    1.692759] pcieport 0000:00:18.6: setting latency timer to 64
[    1.692803]   alloc irq_desc for 55 on node -1
[    1.692805]   alloc kstat_irqs on node -1
[    1.692850] pcieport 0000:00:18.7: irq 55 for MSI/MSI-X
[    1.692895] pcieport 0000:00:18.7: setting latency timer to 64
[    1.692939] pci_hotplug: PCI Hot Plug PCI Core version: 0.5
[    1.694816] pciehp 0000:00:15.0:pcie04: HPC vendor_id 15ad device_id 7a0 ss_vid 0 ss_did 0
[    1.694860] pciehp 0000:00:15.0:pcie04: service driver pciehp loaded
[    1.694905] pciehp 0000:00:15.1:pcie04: HPC vendor_id 15ad device_id 7a0 ss_vid 0 ss_did 0
[    1.694950] pciehp 0000:00:15.1:pcie04: service driver pciehp loaded
[    1.694994] pciehp 0000:00:15.2:pcie04: HPC vendor_id 15ad device_id 7a0 ss_vid 0 ss_did 0
[    1.695039] pciehp 0000:00:15.2:pcie04: service driver pciehp loaded
[    1.695083] pciehp 0000:00:15.3:pcie04: HPC vendor_id 15ad device_id 7a0 ss_vid 0 ss_did 0
[    1.695128] pciehp 0000:00:15.3:pcie04: service driver pciehp loaded
[    1.695173] pciehp 0000:00:15.4:pcie04: HPC vendor_id 15ad device_id 7a0 ss_vid 0 ss_did 0
[    1.695217] pciehp 0000:00:15.4:pcie04: service driver pciehp loaded
[    1.695262] pciehp 0000:00:15.5:pcie04: HPC vendor_id 15ad device_id 7a0 ss_vid 0 ss_did 0
[    1.695307] pciehp 0000:00:15.5:pcie04: service driver pciehp loaded
[    1.695351] pciehp 0000:00:15.6:pcie04: HPC vendor_id 15ad device_id 7a0 ss_vid 0 ss_did 0
[    1.695396] pciehp 0000:00:15.6:pcie04: service driver pciehp loaded
[    1.695441] pciehp 0000:00:15.7:pcie04: HPC vendor_id 15ad device_id 7a0 ss_vid 0 ss_did 0
[    1.695485] pciehp 0000:00:15.7:pcie04: service driver pciehp loaded
[    1.695530] pciehp 0000:00:16.0:pcie04: HPC vendor_id 15ad device_id 7a0 ss_vid 0 ss_did 0
[    1.695575] pciehp 0000:00:16.0:pcie04: service driver pciehp loaded
[    1.695619] pciehp 0000:00:16.1:pcie04: HPC vendor_id 15ad device_id 7a0 ss_vid 0 ss_did 0
[    1.695664] pciehp 0000:00:16.1:pcie04: service driver pciehp loaded
[    1.695708] pciehp 0000:00:16.2:pcie04: HPC vendor_id 15ad device_id 7a0 ss_vid 0 ss_did 0
[    1.695753] pciehp 0000:00:16.2:pcie04: service driver pciehp loaded
[    1.695798] pciehp 0000:00:16.3:pcie04: HPC vendor_id 15ad device_id 7a0 ss_vid 0 ss_did 0
[    1.695842] pciehp 0000:00:16.3:pcie04: service driver pciehp loaded
[    1.695887] pciehp 0000:00:16.4:pcie04: HPC vendor_id 15ad device_id 7a0 ss_vid 0 ss_did 0
[    1.695932] pciehp 0000:00:16.4:pcie04: service driver pciehp loaded
[    1.695976] pciehp 0000:00:16.5:pcie04: HPC vendor_id 15ad device_id 7a0 ss_vid 0 ss_did 0
[    1.696021] pciehp 0000:00:16.5:pcie04: service driver pciehp loaded
[    1.696066] pciehp 0000:00:16.6:pcie04: HPC vendor_id 15ad device_id 7a0 ss_vid 0 ss_did 0
[    1.696110] pciehp 0000:00:16.6:pcie04: service driver pciehp loaded
[    1.696155] pciehp 0000:00:16.7:pcie04: HPC vendor_id 15ad device_id 7a0 ss_vid 0 ss_did 0
[    1.696200] pciehp 0000:00:16.7:pcie04: service driver pciehp loaded
[    1.696244] pciehp 0000:00:17.0:pcie04: HPC vendor_id 15ad device_id 7a0 ss_vid 0 ss_did 0
[    1.696289] pciehp 0000:00:17.0:pcie04: service driver pciehp loaded
[    1.696333] pciehp 0000:00:17.1:pcie04: HPC vendor_id 15ad device_id 7a0 ss_vid 0 ss_did 0
[    1.696378] pciehp 0000:00:17.1:pcie04: service driver pciehp loaded
[    1.696423] pciehp 0000:00:17.2:pcie04: HPC vendor_id 15ad device_id 7a0 ss_vid 0 ss_did 0
[    1.696467] pciehp 0000:00:17.2:pcie04: service driver pciehp loaded
[    1.696512] pciehp 0000:00:17.3:pcie04: HPC vendor_id 15ad device_id 7a0 ss_vid 0 ss_did 0
[    1.696557] pciehp 0000:00:17.3:pcie04: service driver pciehp loaded
[    1.696601] pciehp 0000:00:17.4:pcie04: HPC vendor_id 15ad device_id 7a0 ss_vid 0 ss_did 0
[    1.696646] pciehp 0000:00:17.4:pcie04: service driver pciehp loaded
[    1.696691] pciehp 0000:00:17.5:pcie04: HPC vendor_id 15ad device_id 7a0 ss_vid 0 ss_did 0
[    1.696735] pciehp 0000:00:17.5:pcie04: service driver pciehp loaded
[    1.696780] pciehp 0000:00:17.6:pcie04: HPC vendor_id 15ad device_id 7a0 ss_vid 0 ss_did 0
[    1.696825] pciehp 0000:00:17.6:pcie04: service driver pciehp loaded
[    1.696869] pciehp 0000:00:17.7:pcie04: HPC vendor_id 15ad device_id 7a0 ss_vid 0 ss_did 0
[    1.696914] pciehp 0000:00:17.7:pcie04: service driver pciehp loaded
[    1.696958] pciehp 0000:00:18.0:pcie04: HPC vendor_id 15ad device_id 7a0 ss_vid 0 ss_did 0
[    1.697003] pciehp 0000:00:18.0:pcie04: service driver pciehp loaded
[    1.697048] pciehp 0000:00:18.1:pcie04: HPC vendor_id 15ad device_id 7a0 ss_vid 0 ss_did 0
[    1.697092] pciehp 0000:00:18.1:pcie04: service driver pciehp loaded
[    1.697137] pciehp 0000:00:18.2:pcie04: HPC vendor_id 15ad device_id 7a0 ss_vid 0 ss_did 0
[    1.697182] pciehp 0000:00:18.2:pcie04: service driver pciehp loaded
[    1.697226] pciehp 0000:00:18.3:pcie04: HPC vendor_id 15ad device_id 7a0 ss_vid 0 ss_did 0
[    1.697271] pciehp 0000:00:18.3:pcie04: service driver pciehp loaded
[    1.697316] pciehp 0000:00:18.4:pcie04: HPC vendor_id 15ad device_id 7a0 ss_vid 0 ss_did 0
[    1.697360] pciehp 0000:00:18.4:pcie04: service driver pciehp loaded
[    1.697405] pciehp 0000:00:18.5:pcie04: HPC vendor_id 15ad device_id 7a0 ss_vid 0 ss_did 0
[    1.697449] pciehp 0000:00:18.5:pcie04: service driver pciehp loaded
[    1.697494] pciehp 0000:00:18.6:pcie04: HPC vendor_id 15ad device_id 7a0 ss_vid 0 ss_did 0
[    1.697539] pciehp 0000:00:18.6:pcie04: service driver pciehp loaded
[    1.697583] pciehp 0000:00:18.7:pcie04: HPC vendor_id 15ad device_id 7a0 ss_vid 0 ss_did 0
[    1.697628] pciehp 0000:00:18.7:pcie04: service driver pciehp loaded
[    1.697635] pciehp: PCI Express Hot Plug Controller Driver version: 0.4
[    1.697684] ACPI: AC Adapter [ACAD] (on-line)
[    1.697739] input: Power Button as /devices/LNXSYSTM:00/LNXPWRBN:00/input/input0
[    1.697742] ACPI: Power Button [PWRF]
[    1.697786] processor LNXCPU:00: registered as cooling_device0
[    1.734716] isapnp: Scanning for PnP cards...
[    2.088436] isapnp: No Plug & Play device found
[    2.088467] random 0000 0000 0000 5f8db4e5 4cfdf2a8: initializing
[    2.088603] Linux agpgart interface v0.103
[    2.088644] agpgart-intel 0000:00:00.0: Intel 440BX Chipset
[    2.088696] agpgart-intel 0000:00:00.0: AGP aperture is 256M @ 0x0
[    2.088729] Serial: 8250/16550 driver, 32 ports, IRQ sharing enabled
[    2.088781] serial8250: ttyS0 at I/O 0x3f8 (irq = 4) is a 16550A
[    2.088833] serial8250: ttyS1 at I/O 0x2f8 (irq = 3) is a 16550A
[    2.088885] 00:0a: ttyS0 at I/O 0x3f8 (irq = 4) is a 16550A
[    2.088937] 00:0b: ttyS1 at I/O 0x2f8 (irq = 3) is a 16550A
[    2.088989] brd: module loaded
[    2.089041] loop: module loaded
[    2.089093] ata_piix 0000:00:07.1: version 2.13
[    2.089175] scsi0 : ata_piix
[    2.089223] scsi1 : ata_piix
[    2.089242] ata1: PATA max UDMA/33 cmd 0x1f0 ctl 0x3f6 bmdma 0x10c0 irq 14
[    2.089244] ata2: PATA max UDMA/33 cmd 0x170 ctl 0x376 bmdma 0x10c8 irq 15
[    2.089291] PPP generic driver version 2.4.2
[    2.089310] tun: Universal TUN/TAP device driver, 1.6
[    2.089312] tun: (C) 1999-2004 Max Krasnyansky <maxk@qualcomm.com>
[    2.089364] ehci_hcd: USB 2.0 'Enhanced' Host Controller (EHCI) Driver
[    2.089416] ACPI: PCI Interrupt Link [LNKB] enabled at IRQ 11
[    2.089418] PCI: setting IRQ 11 as level-triggered
[    2.089441] ehci_hcd 0000:02:03.0: PCI INT A -> Link[LNKB] -> GSI 11 (level, low) -> IRQ 11
[    2.089478] ehci_hcd 0000:02:03.0: EHCI Host Controller
[    2.089500] ehci_hcd 0000:02:03.0: new USB bus registered, assigned bus number 1
[    2.089552] ehci_hcd 0000:02:03.0: cache line size of 32 is not supported
[    2.089558] ehci_hcd 0000:02:03.0: irq 11, io mem 0xc9000000
[    2.089875] random 0000 0000 0000 00000000 00000000: rand_read_num 3 get_random_bytes(8): sig 00000000 00000000 00000000
[    2.089878] random 0000 0000 0000 00000000 00000000: extract_entropy(.. 8 ..)
[    2.089881] random 0000 0000 0000 00000000 00000000: going to reseed nonblocking with 64 bits (64 of 0 requested)
[    2.089883] random 0000 0000 0000 00000000 00000000: extract_entropy(.. 8 ..)
[    2.089885] random 0000 0000 0000 00000000 00000000: trying to extract 64 bits from input
[    2.089888] random 0000 0000 0000 00000000 00000000: debiting 0 entropy credits from input
[    2.089890] random 0000 0000 0000 00000000 00000000: extract_entropy account returned: 0 
[    2.089893] random 0000 0000 0000 00000000 00000000: urand_change_num 5 xfer_secondary_pool(8): pool_sig 00000000, data_sig 00000000, bytes_mixed 0 00000000 00000000
[    2.089896] random 0000 0000 0000 00000000 00000000: trying to extract 64 bits from nonblocking
[    2.089898] random 0000 0000 0000 00000000 00000000: debiting 64 entropy credits from nonblocking (unlimited)
[    2.089900] random 0000 0000 0000 00000000 00000000: extract_entropy account returned: 8 
[    2.089904] random 0000 0000 0000 00000000 00000000: urand_change_num 6 extract_buf: pool_sig 00000000, data_sig fffffff9, bytes_mixed 20 00000000 00000000
[    2.098175] ehci_hcd 0000:02:03.0: USB 2.0 started, EHCI 1.00
[    2.098227] usb usb1: configuration #1 chosen from 1 choice
[    2.098247] hub 1-0:1.0: USB hub found
[    2.098252] hub 1-0:1.0: 6 ports detected
[    2.098305] ohci_hcd: USB 1.1 'Open' Host Controller (OHCI) Driver
[    2.098316] uhci_hcd: USB Universal Host Controller Interface driver
[    2.098368] ACPI: PCI Interrupt Link [LNKC] enabled at IRQ 10
[    2.098371] PCI: setting IRQ 10 as level-triggered
[    2.098375] uhci_hcd 0000:02:00.0: PCI INT A -> Link[LNKC] -> GSI 10 (level, low) -> IRQ 10
[    2.098410] uhci_hcd 0000:02:00.0: UHCI Host Controller
[    2.098438] uhci_hcd 0000:02:00.0: new USB bus registered, assigned bus number 2
[    2.098547] uhci_hcd 0000:02:00.0: irq 10, io base 0x000020c0
[    2.098599] usb usb2: configuration #1 chosen from 1 choice
[    2.098615] hub 2-0:1.0: USB hub found
[    2.098619] hub 2-0:1.0: 2 ports detected
[    2.098671] usbcore: registered new interface driver libusual
[    2.098699] PNP: PS/2 Controller [PNP0303:KBC,PNP0f13:MOUS] at 0x60,0x64 irq 1,12
[    2.099031] serio: i8042 KBD port at 0x60,0x64 irq 1
[    2.099038] serio: i8042 AUX port at 0x60,0x64 irq 12
[    2.099084] mice: PS/2 mouse device common for all mice
[    2.099136] rtc_cmos 00:04: rtc core: registered rtc_cmos as rtc0
[    2.099176] rtc0: alarms up to one month, y3k, 114 bytes nvram, hpet irqs
[    2.099228] device-mapper: uevent: version 1.0.3
[    2.099346] device-mapper: ioctl: 4.15.0-ioctl (2009-04-01) initialised: dm-devel@redhat.com
[    2.099362] EISA: Probing bus 0 at eisa.0
[    2.099386] Cannot allocate resource for EISA slot 1
[    2.099388] Cannot allocate resource for EISA slot 2
[    2.099389] Cannot allocate resource for EISA slot 3
[    2.099391] Cannot allocate resource for EISA slot 4
[    2.099393] Cannot allocate resource for EISA slot 5
[    2.099394] Cannot allocate resource for EISA slot 6
[    2.099396] Cannot allocate resource for EISA slot 7
[    2.099398] Cannot allocate resource for EISA slot 8
[    2.099400] EISA: Detected 0 cards.
[    2.099444] cpuidle: using governor ladder
[    2.099445] cpuidle: using governor menu
[    2.099497] random 0000 0000 0000 00000000 00000000: rand_read_num 4 get_random_bytes(136): sig 0000021d 00000000 00000000
[    2.099500] random 0000 0000 0000 00000000 00000000: extract_entropy(.. 136 ..)
[    2.099502] random 0000 0000 0000 00000000 00000000: going to reseed nonblocking with 1024 bits (1088 of 0 requested)
[    2.099504] random 0000 0000 0000 00000000 00000000: extract_entropy(.. 128 ..)
[    2.099507] random 0000 0000 0000 00000000 00000000: trying to extract 1024 bits from input
[    2.099509] random 0000 0000 0000 00000000 00000000: debiting 0 entropy credits from input
[    2.099510] random 0000 0000 0000 00000000 00000000: extract_entropy account returned: 0 
[    2.099513] random 0000 0000 0000 00000000 00000000: urand_change_num 7 xfer_secondary_pool(136): pool_sig 0000021d, data_sig 00000000, bytes_mixed 0 00000000 00000000
[    2.099516] random 0000 0000 0000 00000000 00000000: trying to extract 1088 bits from nonblocking
[    2.099518] random 0000 0000 0000 00000000 00000000: debiting 1088 entropy credits from nonblocking (unlimited)
[    2.099520] random 0000 0000 0000 00000000 00000000: extract_entropy account returned: 136 
[    2.099524] random 0000 0000 0000 00000000 00000000: urand_change_num 8 extract_buf: pool_sig 0000021d, data_sig fffffff7, bytes_mixed 20 00000000 00000000
[    2.099528] random 0000 0000 0000 f961ee50 ba9cb1aa: urand_change_num 9 extract_buf: pool_sig 00000230, data_sig fffffeb4, bytes_mixed 20 f961ee50 ba9cb1aa
[    2.099532] random 0000 0000 0000 9748bdd6 56fb8af6: urand_change_num 10 extract_buf: pool_sig 00000373, data_sig 000000cf, bytes_mixed 20 9748bdd6 56fb8af6
[    2.099537] random 0000 0000 0000 9748bdd6 56fb8af6: urand_change_num 11 extract_buf: pool_sig fffffe49, data_sig 0000023f, bytes_mixed 20 9748bdd6 56fb8af6
[    2.099541] random 0000 0000 0000 a135be86 4777650e: urand_change_num 12 extract_buf: pool_sig fffffcce, data_sig 000000c6, bytes_mixed 20 a135be86 4777650e
[    2.099545] random 0000 0000 0000 4a6ea85d 170e00dd: urand_change_num 13 extract_buf: pool_sig ffffff97, data_sig ffffff7d, bytes_mixed 20 4a6ea85d 170e00dd
[    2.099549] random 0000 0000 0000 4a6ea85d 170e00dd: urand_change_num 14 extract_buf: pool_sig 00000160, data_sig fffffeea, bytes_mixed 20 4a6ea85d 170e00dd
[    2.099553] random 0000 0000 0000 6e87c3cb da668c73: urand_change_num 15 extract_buf: pool_sig 0000034f, data_sig ffffff54, bytes_mixed 20 6e87c3cb da668c73
[    2.099557] random 0000 0000 0000 6e87c3cb da668c73: urand_change_num 16 extract_buf: pool_sig fffffdc5, data_sig 00000205, bytes_mixed 20 6e87c3cb da668c73
[    2.099562] random 0000 0000 0000 39f531e6 461eb249: urand_change_num 17 extract_buf: pool_sig fffffc1d, data_sig ffffff5e, bytes_mixed 20 39f531e6 461eb249
[    2.099566] random 0000 0000 0000 7e1538a2 3e661182: urand_change_num 18 extract_buf: pool_sig 000006ef, data_sig ffffff2e, bytes_mixed 20 7e1538a2 3e661182
[    2.099570] random 0000 0000 0000 7e1538a2 3e661182: urand_change_num 19 extract_buf: pool_sig 00000317, data_sig fffffccb, bytes_mixed 20 7e1538a2 3e661182
[    2.099574] random 0000 0000 0000 76af506b 9b57305e: urand_change_num 20 extract_buf: pool_sig 00000227, data_sig ffffffd2, bytes_mixed 20 76af506b 9b57305e
[    2.099578] random 0000 0000 0000 37d49d89 e20417cc: urand_change_num 21 extract_buf: pool_sig 0000080b, data_sig 000001e9, bytes_mixed 20 37d49d89 e20417cc
[    2.099582] TCP cubic registered
[    2.099634] NET: Registered protocol family 10
[    2.099667] RANDOM - __random32 called. Change num 12.  Value: 8f3eba68	c1db9b96	544fe79f
[    2.099669] RANDOM - random32 called.  Value: 8f3eba68	c1db9b96	544fe79f
[    2.099677] random 0000 0000 0000 37d49d89 e20417cc: rand_read_num 5 get_random_bytes(4): sig 00000298 37d49d89 e20417cc
[    2.099680] random 0000 0000 0000 37d49d89 e20417cc: extract_entropy(.. 4 ..)
[    2.099682] random 0000 0000 0000 37d49d89 e20417cc: going to reseed nonblocking with 64 bits (32 of 0 requested)
[    2.099684] random 0000 0000 0000 37d49d89 e20417cc: extract_entropy(.. 8 ..)
[    2.099686] random 0000 0000 0000 37d49d89 e20417cc: trying to extract 64 bits from input
[    2.099688] random 0000 0000 0000 37d49d89 e20417cc: debiting 0 entropy credits from input
[    2.099690] random 0000 0000 0000 37d49d89 e20417cc: extract_entropy account returned: 0 
[    2.099693] random 0000 0000 0000 37d49d89 e20417cc: urand_change_num 22 xfer_secondary_pool(4): pool_sig 00000298, data_sig 00000000, bytes_mixed 0 37d49d89 e20417cc
[    2.099695] random 0000 0000 0000 37d49d89 e20417cc: trying to extract 32 bits from nonblocking
[    2.099697] random 0000 0000 0000 37d49d89 e20417cc: debiting 32 entropy credits from nonblocking (unlimited)
[    2.099700] random 0000 0000 0000 37d49d89 e20417cc: extract_entropy account returned: 4 
[    2.099703] random 0000 0000 0000 37d49d89 e20417cc: urand_change_num 23 extract_buf: pool_sig 00000298, data_sig 00000092, bytes_mixed 20 37d49d89 e20417cc
[    2.099755] RANDOM - __random32 called. Change num 13.  Value: eba68b0e	1db9b963	cf3ec61b
[    2.099781] RANDOM - random32 called.  Value: eba68b0e	1db9b963	cf3ec61b
[    2.099833] NET: Registered protocol family 17
[    2.099855] Using IPI No-Shortcut mode
[    2.099860] random 0000 0000 0000 2ee4c4fc 167bdb15: rand_read_num 6 get_random_bytes(8): sig fffffcbf 2ee4c4fc 167bdb15
[    2.099862] random 0000 0000 0000 2ee4c4fc 167bdb15: extract_entropy(.. 8 ..)
[    2.099864] random 0000 0000 0000 2ee4c4fc 167bdb15: going to reseed nonblocking with 64 bits (64 of 0 requested)
[    2.099866] random 0000 0000 0000 2ee4c4fc 167bdb15: extract_entropy(.. 8 ..)
[    2.099868] random 0000 0000 0000 2ee4c4fc 167bdb15: trying to extract 64 bits from input
[    2.099870] random 0000 0000 0000 2ee4c4fc 167bdb15: debiting 0 entropy credits from input
[    2.099872] random 0000 0000 0000 2ee4c4fc 167bdb15: extract_entropy account returned: 0 
[    2.099875] random 0000 0000 0000 2ee4c4fc 167bdb15: urand_change_num 24 xfer_secondary_pool(8): pool_sig fffffcbf, data_sig 00000000, bytes_mixed 0 2ee4c4fc 167bdb15
[    2.099878] random 0000 0000 0000 2ee4c4fc 167bdb15: trying to extract 64 bits from nonblocking
[    2.099880] random 0000 0000 0000 2ee4c4fc 167bdb15: debiting 64 entropy credits from nonblocking (unlimited)
[    2.099882] random 0000 0000 0000 2ee4c4fc 167bdb15: extract_entropy account returned: 8 
[    2.099885] random 0000 0000 0000 2ee4c4fc 167bdb15: urand_change_num 25 extract_buf: pool_sig fffffcbf, data_sig ffffff83, bytes_mixed 20 2ee4c4fc 167bdb15
[    2.099925] PM: Resume from disk failed.
[    2.099932] registered taskstats version 1
[    2.099935] random 0000 0000 0000 2ee4c4fc 167bdb15: rand_read_num 7 get_random_bytes(12): sig fffffc69 2ee4c4fc 167bdb15
[    2.099937] random 0000 0000 0000 2ee4c4fc 167bdb15: extract_entropy(.. 12 ..)
[    2.099939] random 0000 0000 0000 2ee4c4fc 167bdb15: going to reseed nonblocking with 96 bits (96 of 0 requested)
[    2.099941] random 0000 0000 0000 2ee4c4fc 167bdb15: extract_entropy(.. 12 ..)
[    2.099943] random 0000 0000 0000 2ee4c4fc 167bdb15: trying to extract 96 bits from input
[    2.099945] random 0000 0000 0000 2ee4c4fc 167bdb15: debiting 0 entropy credits from input
[    2.099947] random 0000 0000 0000 2ee4c4fc 167bdb15: extract_entropy account returned: 0 
[    2.099950] random 0000 0000 0000 2ee4c4fc 167bdb15: urand_change_num 26 xfer_secondary_pool(12): pool_sig fffffc69, data_sig 00000000, bytes_mixed 0 2ee4c4fc 167bdb15
[    2.099952] random 0000 0000 0000 2ee4c4fc 167bdb15: trying to extract 96 bits from nonblocking
[    2.099955] random 0000 0000 0000 2ee4c4fc 167bdb15: debiting 96 entropy credits from nonblocking (unlimited)
[    2.099957] random 0000 0000 0000 2ee4c4fc 167bdb15: extract_entropy account returned: 12 
[    2.099960] random 0000 0000 0000 2ee4c4fc 167bdb15: urand_change_num 27 extract_buf: pool_sig fffffc69, data_sig ffffff7d, bytes_mixed 20 2ee4c4fc 167bdb15
[    2.099964] random 0000 0000 0000 83b7c1ab 94697f48: urand_change_num 28 extract_buf: pool_sig fffffe30, data_sig fffffdd6, bytes_mixed 20 83b7c1ab 94697f48
[    2.099967] RANDOM - __seed init called.
[    2.099968] RANDOM - __seed init called.
[    2.099969] RANDOM - __seed init called.
[    2.099971] RANDOM - __random32 called. Change num 14.  Value: fc007995	feca4f80	21b38ad2
[    2.099972] RANDOM - random32_reseed called.  Value: fc007995	feca4f80	21b38ad2
[    2.099975] Pid: 1, comm: swapper Not tainted 2.6.32.57 #4
[    2.099976] Call Trace:
[    2.099982]  [<c14a8a0e>] ? printk+0x1d/0x1f
[    2.099987]  [<c17537e5>] random32_reseed+0x89/0xbd
[    2.099991]  [<c1003042>] do_one_initcall+0x32/0x1a0
[    2.099993]  [<c175375c>] ? random32_reseed+0x0/0xbd
[    2.099997]  [<c17308e7>] kernel_init+0x12d/0x17a
[    2.099999]  [<c17307ba>] ? kernel_init+0x0/0x17a
[    2.100002]  [<c1009b07>] kernel_thread_helper+0x7/0x10
[    2.102695] input: AT Translated Set 2 keyboard as /devices/platform/i8042/serio0/input/input1
[    2.102971] random 0000 0000 0000 6db70b00 b30ce96b: rand_read_num 8 get_random_bytes(64): sig fffffb38 6db70b00 b30ce96b
[    2.102974] random 0000 0000 0000 6db70b00 b30ce96b: extract_entropy(.. 64 ..)
[    2.102977] random 0000 0000 0000 6db70b00 b30ce96b: going to reseed nonblocking with 512 bits (512 of 0 requested)
[    2.102979] random 0000 0000 0000 6db70b00 b30ce96b: extract_entropy(.. 64 ..)
[    2.102981] random 0000 0000 0000 6db70b00 b30ce96b: trying to extract 512 bits from input
[    2.102983] random 0000 0000 0000 6db70b00 b30ce96b: debiting 0 entropy credits from input
[    2.102986] random 0000 0000 0000 6db70b00 b30ce96b: extract_entropy account returned: 0 
[    2.102989] random 0000 0000 0000 6db70b00 b30ce96b: urand_change_num 29 xfer_secondary_pool(64): pool_sig fffffb38, data_sig 00000000, bytes_mixed 0 6db70b00 b30ce96b
[    2.102991] random 0000 0000 0000 6db70b00 b30ce96b: trying to extract 512 bits from nonblocking
[    2.102994] random 0000 0000 0000 6db70b00 b30ce96b: debiting 512 entropy credits from nonblocking (unlimited)
[    2.102996] random 0000 0000 0000 6db70b00 b30ce96b: extract_entropy account returned: 64 
[    2.103000] random 0000 0000 0000 6db70b00 b30ce96b: urand_change_num 30 extract_buf: pool_sig fffffb38, data_sig 00000151, bytes_mixed 20 6db70b00 b30ce96b
[    2.103004] random 0000 0000 0000 6db70b00 b30ce96b: urand_change_num 31 extract_buf: pool_sig fffffdb8, data_sig 00000379, bytes_mixed 20 6db70b00 b30ce96b
[    2.103009] random 0000 0000 0000 6b83001e d4b6c0d3: urand_change_num 32 extract_buf: pool_sig ffffffc9, data_sig 00000198, bytes_mixed 20 6b83001e d4b6c0d3
[    2.103013] random 0000 0000 0000 79d3e3c7 be564518: urand_change_num 33 extract_buf: pool_sig 000002b9, data_sig ffffff84, bytes_mixed 20 79d3e3c7 be564518
[    2.103018] random 0000 0000 0000 79d3e3c7 be564518: urand_change_num 34 extract_buf: pool_sig ffffff55, data_sig ffffff5a, bytes_mixed 20 79d3e3c7 be564518
[    2.103022] random 0000 0000 0000 89c03cb2 0d353228: urand_change_num 35 extract_buf: pool_sig 00000007, data_sig ffffff17, bytes_mixed 20 89c03cb2 0d353228
[    2.103027] random 0000 0000 0000 89c03cb2 0d353228: urand_change_num 36 extract_buf: pool_sig fffffdae, data_sig 000000db, bytes_mixed 20 89c03cb2 0d353228  Magic number: 13:449:608
[    2.103047] pci_bus 0000:21: hash matches
[    2.103122] rtc_cmos 00:04: setting system clock to 2013-05-25 00:36:58 UTC (1369442218)
[    2.103125] BIOS EDD facility v0.16 2004-Jun-25, 0 devices found
[    2.103126] EDD information not available.
[    2.103150] random 0000 0000 0000 8ca62387 b120332c: rand_read_num 9 get_random_bytes(64): sig fffffed6 8ca62387 b120332c
[    2.103153] random 0000 0000 0000 8ca62387 b120332c: extract_entropy(.. 64 ..)
[    2.103155] random 0000 0000 0000 8ca62387 b120332c: going to reseed nonblocking with 512 bits (512 of 0 requested)
[    2.103157] random 0000 0000 0000 8ca62387 b120332c: extract_entropy(.. 64 ..)
[    2.103159] random 0000 0000 0000 8ca62387 b120332c: trying to extract 512 bits from input
[    2.103162] random 0000 0000 0000 8ca62387 b120332c: debiting 0 entropy credits from input
[    2.103164] random 0000 0000 0000 8ca62387 b120332c: extract_entropy account returned: 0 
[    2.103167] random 0000 0000 0000 8ca62387 b120332c: urand_change_num 37 xfer_secondary_pool(64): pool_sig fffffed6, data_sig 00000000, bytes_mixed 0 8ca62387 b120332c
[    2.103169] random 0000 0000 0000 8ca62387 b120332c: trying to extract 512 bits from nonblocking
[    2.103172] random 0000 0000 0000 8ca62387 b120332c: debiting 512 entropy credits from nonblocking (unlimited)
[    2.103174] random 0000 0000 0000 8ca62387 b120332c: extract_entropy account returned: 64 
[    2.103178] random 0000 0000 0000 8ca62387 b120332c: urand_change_num 38 extract_buf: pool_sig fffffed6, data_sig fffffeb6, bytes_mixed 20 8ca62387 b120332c
[    2.103182] random 0000 0000 0000 90702413 e2a66c2e: urand_change_num 39 extract_buf: pool_sig fffffbb0, data_sig 0000012e, bytes_mixed 20 90702413 e2a66c2e
[    2.103186] random 0000 0000 0000 90702413 e2a66c2e: urand_change_num 40 extract_buf: pool_sig fffffaf1, data_sig ffffff3c, bytes_mixed 20 90702413 e2a66c2e
[    2.103191] random 0000 0000 0000 3f58038b c77aecb6: urand_change_num 41 extract_buf: pool_sig 00000234, data_sig fffffdec, bytes_mixed 20 3f58038b c77aecb6
[    2.103195] random 0000 0000 0000 47187b9d 03f21510: urand_change_num 42 extract_buf: pool_sig 00000192, data_sig 00000075, bytes_mixed 20 47187b9d 03f21510
[    2.103200] random 0000 0000 0000 47187b9d 03f21510: urand_change_num 43 extract_buf: pool_sig 0000018e, data_sig ffffffbf, bytes_mixed 20 47187b9d 03f21510
[    2.103204] random 0000 0000 0000 3180b1fc 0fa9c973: urand_change_num 44 extract_buf: pool_sig fffffecf, data_sig ffffff2a, bytes_mixed 20 3180b1fc 0fa9c973
[    2.103207] BEGIN NET_SECRET:
[    2.103208] \xffffff87
[    2.103209] \xffffff8d
[    2.103211] \xfffffff4
[    2.103212] \xffffffae
[    2.103213] \xffffffc3
[    2.103214] \xffffffb7
[    2.103215] \x31
[    2.103216] \x65
[    2.103218] \xffffffda
[    2.103219] \xffffffa2
[    2.103220] \x31
[    2.103221] \xffffffc8
[    2.103222] \xffffffa9
[    2.103223] \x76
[    2.103224] \x76
[    2.103226] \xffffff90
[    2.103227] \x55
[    2.103228] \xfffffff3
[    2.103229] \xffffffb1
[    2.103230] \x3
[    2.103231] \xffffffb3
[    2.103233] \xffffffa7
[    2.103234] \x5a
[    2.103235] \x71
[    2.103236] \x70
[    2.103237] \xffffff8c
[    2.103238] \x56
[    2.103239] \x25
[    2.103240] \xffffffe1
[    2.103242] \x4c
[    2.103243] \xffffffe6
[    2.103244] \xffffff95
[    2.103245] \x67
[    2.103246] \x4c
[    2.103247] \xffffffb9
[    2.103249] \x1d
[    2.103250] \xe
[    2.103251] \x34
[    2.103252] \xffffffbe
[    2.103253] \x12
[    2.103254] \x5
[    2.103255] \xffffff98
[    2.103256] \xffffffa0
[    2.103258] \xf
[    2.103259] \xffffffb2
[    2.103260] \xffffffde
[    2.103261] \xffffff99
[    2.103262] \xf
[    2.103263] \xffffffe8
[    2.103265] \xffffffc8
[    2.103266] \x1f
[    2.103267] \x54
[    2.103268] \x2c
[    2.103269] \xffffffee
[    2.103270] \x2e
[    2.103271] \x0
[    2.103273] \xffffff95
[    2.103274] \x0
[    2.103275] \xffffffe3
[    2.103276] \xffffffa7
[    2.103277] \xfffffffd
[    2.103278] \x66
[    2.103279] \xffffff92
[    2.103281] \xfffffff0
[    2.103282] 
[    2.103283] END NET_SECRET
[    2.103285] random 0000 0000 0000 3180b1fc 0fa9c973: rand_read_num 10 get_random_bytes(4): sig ffffff46 3180b1fc 0fa9c973
[    2.103288] random 0000 0000 0000 3180b1fc 0fa9c973: extract_entropy(.. 4 ..)
[    2.103290] random 0000 0000 0000 3180b1fc 0fa9c973: going to reseed nonblocking with 64 bits (32 of 0 requested)
[    2.103292] random 0000 0000 0000 3180b1fc 0fa9c973: extract_entropy(.. 8 ..)
[    2.103294] random 0000 0000 0000 3180b1fc 0fa9c973: trying to extract 64 bits from input
[    2.103297] random 0000 0000 0000 3180b1fc 0fa9c973: debiting 0 entropy credits from input
[    2.103299] random 0000 0000 0000 3180b1fc 0fa9c973: extract_entropy account returned: 0 
[    2.103302] random 0000 0000 0000 3180b1fc 0fa9c973: urand_change_num 45 xfer_secondary_pool(4): pool_sig ffffff46, data_sig 00000000, bytes_mixed 0 3180b1fc 0fa9c973
[    2.103304] random 0000 0000 0000 3180b1fc 0fa9c973: trying to extract 32 bits from nonblocking
[    2.103307] random 0000 0000 0000 3180b1fc 0fa9c973: debiting 32 entropy credits from nonblocking (unlimited)
[    2.103309] random 0000 0000 0000 3180b1fc 0fa9c973: extract_entropy account returned: 4 
[    2.103312] random 0000 0000 0000 3180b1fc 0fa9c973: urand_change_num 46 extract_buf: pool_sig ffffff46, data_sig 0000001b, bytes_mixed 20 3180b1fc 0fa9c973
[    2.276218] ata2.00: ATAPI: VMware Virtual IDE CDROM Drive, 00000001, max UDMA/33
[    2.276498] ata2.00: configured for UDMA/33
[    2.276911] scsi 1:0:0:0: CD-ROM            NECVMWar VMware IDE CDR10 1.00 PQ: 0 ANSI: 5
[    2.278251] sr0: scsi3-mmc drive: 306x/306x cd/rw xa/form2 cdda tray
[    2.278254] Uniform CD-ROM driver Revision: 3.20
[    2.278306] sr 1:0:0:0: Attached scsi CD-ROM sr0
[    2.278343] sr 1:0:0:0: Attached scsi generic sg0 type 5
[    2.278381] Freeing unused kernel memory: 652k freed
[    2.278433] Write protecting the kernel text: 4840k
[    2.278463] Write protecting the kernel read-only data: 1968k
