[    0.000000] random 0000 0000 0000 00000000 00000000: rand_read_num 1 get_random_bytes(8): sig 00000000 00000000 00000000
[    0.000000] random 0000 0000 0000 00000000 00000000: extract_entropy(.. 8 ..)
[    0.000000] random 0000 0000 0000 00000000 00000000: going to reseed nonblocking with 64 bits (64 of 0 requested)
[    0.000000] random 0000 0000 0000 00000000 00000000: extract_entropy(.. 8 ..)
[    0.000000] random 0000 0000 0000 00000000 00000000: trying to extract 64 bits from input
[    0.000000] random 0000 0000 0000 00000000 00000000: debiting 0 entropy credits from input
[    0.000000] random 0000 0000 0000 00000000 00000000: extract_entropy account returned: 0 
[    0.000000] random 0000 0000 0000 00000000 00000000: urand_change_num 1 xfer_secondary_pool(8): pool_sig 00000000, data_sig 00000000, bytes_mixed 0 00000000 00000000
[    0.000000] random 0000 0000 0000 00000000 00000000: trying to extract 64 bits from nonblocking
[    0.000000] random 0000 0000 0000 00000000 00000000: debiting 64 entropy credits from nonblocking (unlimited)
[    0.000000] random 0000 0000 0000 00000000 00000000: extract_entropy account returned: 8 
[    0.000000] random 0000 0000 0000 00000000 00000000: urand_change_num 2 extract_buf: pool_sig 00000000, data_sig fffffff9, bytes_mixed 20 00000000 00000000
[    0.000000] Initializing cgroup subsys cpuset
[    0.000000] Initializing cgroup subsys cpu
[    0.000000] Linux version 2.6.32.57 (dcashman@ubuntu) (gcc version 4.6.3 (Ubuntu/Linaro 4.6.3-1ubuntu5) ) #4 SMP Fri May 24 11:09:26 PDT 2013
[    0.000000] KERNEL supported cpus:
[    0.000000]   Intel GenuineIntel
[    0.000000]   AMD AuthenticAMD
[    0.000000]   NSC Geode by NSC
[    0.000000]   Cyrix CyrixInstead
[    0.000000]   Centaur CentaurHauls
[    0.000000]   Transmeta GenuineTMx86
[    0.000000]   Transmeta TransmetaCPU
[    0.000000]   UMC UMC UMC UMC
[    0.000000] BIOS-provided physical RAM map:
[    0.000000]  BIOS-e820: 0000000000000000 - 000000000009f000 (usable)
[    0.000000]  BIOS-e820: 000000000009f000 - 00000000000a0000 (reserved)
[    0.000000]  BIOS-e820: 00000000000ca000 - 00000000000cc000 (reserved)
[    0.000000]  BIOS-e820: 00000000000dc000 - 0000000000100000 (reserved)
[    0.000000]  BIOS-e820: 0000000000100000 - 000000003fee0000 (usable)
[    0.000000]  BIOS-e820: 000000003fee0000 - 000000003feff000 (ACPI data)
[    0.000000]  BIOS-e820: 000000003feff000 - 000000003ff00000 (ACPI NVS)
[    0.000000]  BIOS-e820: 000000003ff00000 - 0000000040000000 (usable)
[    0.000000]  BIOS-e820: 00000000e0000000 - 00000000f0000000 (reserved)
[    0.000000]  BIOS-e820: 00000000fec00000 - 00000000fec10000 (reserved)
[    0.000000]  BIOS-e820: 00000000fee00000 - 00000000fee01000 (reserved)
[    0.000000]  BIOS-e820: 00000000fffe0000 - 0000000100000000 (reserved)
[    0.000000] DMI present.
[    0.000000] Phoenix BIOS detected: BIOS may corrupt low RAM, working around it.
[    0.000000] e820 update range: 0000000000000000 - 0000000000010000 (usable) ==> (reserved)
[    0.000000] last_pfn = 0x40000 max_arch_pfn = 0x1000000
[    0.000000] MTRR default type: uncachable
[    0.000000] MTRR fixed ranges enabled:
[    0.000000]   00000-9FFFF write-back
[    0.000000]   A0000-BFFFF uncachable
[    0.000000]   C0000-CBFFF write-protect
[    0.000000]   CC000-EFFFF uncachable
[    0.000000]   F0000-FFFFF write-protect
[    0.000000] MTRR variable ranges enabled:
[    0.000000]   0 base 0000000000 mask FFC0000000 write-back
[    0.000000]   1 disabled
[    0.000000]   2 disabled
[    0.000000]   3 disabled
[    0.000000]   4 disabled
[    0.000000]   5 disabled
[    0.000000]   6 disabled
[    0.000000]   7 disabled
[    0.000000] x86 PAT enabled: cpu 0, old 0x0, new 0x7010600070106
[    0.000000] Scanning 0 areas for low memory corruption
[    0.000000] modified physical RAM map:
[    0.000000]  modified: 0000000000000000 - 0000000000010000 (reserved)
[    0.000000]  modified: 0000000000010000 - 000000000009f000 (usable)
[    0.000000]  modified: 000000000009f000 - 00000000000a0000 (reserved)
[    0.000000]  modified: 00000000000ca000 - 00000000000cc000 (reserved)
[    0.000000]  modified: 00000000000dc000 - 0000000000100000 (reserved)
[    0.000000]  modified: 0000000000100000 - 000000003fee0000 (usable)
[    0.000000]  modified: 000000003fee0000 - 000000003feff000 (ACPI data)
[    0.000000]  modified: 000000003feff000 - 000000003ff00000 (ACPI NVS)
[    0.000000]  modified: 000000003ff00000 - 0000000040000000 (usable)
[    0.000000]  modified: 00000000e0000000 - 00000000f0000000 (reserved)
[    0.000000]  modified: 00000000fec00000 - 00000000fec10000 (reserved)
[    0.000000]  modified: 00000000fee00000 - 00000000fee01000 (reserved)
[    0.000000]  modified: 00000000fffe0000 - 0000000100000000 (reserved)
[    0.000000] initial memory mapped : 0 - 01e00000
[    0.000000] init_memory_mapping: 0000000000000000-00000000379fe000
[    0.000000] NX (Execute Disable) protection: active
[    0.000000]  0000000000 - 0000200000 page 4k
[    0.000000]  0000200000 - 0037800000 page 2M
[    0.000000]  0037800000 - 00379fe000 page 4k
[    0.000000] kernel direct mapping tables up to 379fe000 @ 10000-16000
[    0.000000] RAMDISK: 2dcfc000 - 32e758c3
[    0.000000] ACPI: RSDP 000f6b80 00024 (v02 PTLTD )
[    0.000000] ACPI: XSDT 3feed636 0005C (v01 INTEL  440BX    06040000 VMW  01324272)
[    0.000000] ACPI: FACP 3fefee98 000F4 (v04 INTEL  440BX    06040000 PTL  000F4240)
[    0.000000] ACPI: DSDT 3feee366 10B32 (v01 PTLTD  Custom   06040000 MSFT 03000001)
[    0.000000] ACPI: FACS 3fefffc0 00040
[    0.000000] ACPI: BOOT 3feee33e 00028 (v01 PTLTD  $SBFTBL$ 06040000  LTP 00000001)
[    0.000000] ACPI: APIC 3feedc3e 003C2 (v01 PTLTD  ? APIC   06040000  LTP 00000000)
[    0.000000] ACPI: MCFG 3feedc02 0003C (v01 PTLTD  $PCITBL$ 06040000  LTP 00000001)
[    0.000000] ACPI: SRAT 3feed732 004D0 (v02 VMWARE MEMPLUG  06040000 VMW  00000001)
[    0.000000] ACPI: HPET 3feed6fa 00038 (v01 VMWARE VMW HPET 06040000 VMW  00000001)
[    0.000000] ACPI: WAET 3feed6d2 00028 (v01 VMWARE VMW WAET 06040000 VMW  00000001)
[    0.000000] ACPI: Local APIC address 0xfee00000
[    0.000000] 134MB HIGHMEM available.
[    0.000000] 889MB LOWMEM available.
[    0.000000]   mapped low ram: 0 - 379fe000
[    0.000000]   low ram: 0 - 379fe000
[    0.000000]   node 0 low ram: 00000000 - 379fe000
[    0.000000]   node 0 bootmap 00012000 - 00018f40
[    0.000000] (9 early reservations) ==> bootmem [0000000000 - 00379fe000]
[    0.000000]   #0 [0000000000 - 0000001000]   BIOS data page ==> [0000000000 - 0000001000]
[    0.000000]   #1 [0000001000 - 0000002000]    EX TRAMPOLINE ==> [0000001000 - 0000002000]
[    0.000000]   #2 [0000006000 - 0000007000]       TRAMPOLINE ==> [0000006000 - 0000007000]
[    0.000000]   #3 [0001000000 - 0001a75ff8]    TEXT DATA BSS ==> [0001000000 - 0001a75ff8]
[    0.000000]   #4 [002dcfc000 - 0032e758c3]          RAMDISK ==> [002dcfc000 - 0032e758c3]
[    0.000000]   #5 [000009f000 - 0000100000]    BIOS reserved ==> [000009f000 - 0000100000]
[    0.000000]   #6 [0001a76000 - 0001a851c0]              BRK ==> [0001a76000 - 0001a851c0]
[    0.000000]   #7 [0000010000 - 0000012000]          PGTABLE ==> [0000010000 - 0000012000]
[    0.000000]   #8 [0000012000 - 0000019000]          BOOTMAP ==> [0000012000 - 0000019000]
[    0.000000] found SMP MP-table at [c00f6bf0] f6bf0
[    0.000000] Zone PFN ranges:
[    0.000000]   DMA      0x00000010 -> 0x00001000
[    0.000000]   Normal   0x00001000 -> 0x000379fe
[    0.000000]   HighMem  0x000379fe -> 0x00040000
[    0.000000] Movable zone start PFN for each node
[    0.000000] early_node_map[3] active PFN ranges
[    0.000000]     0: 0x00000010 -> 0x0000009f
[    0.000000]     0: 0x00000100 -> 0x0003fee0
[    0.000000]     0: 0x0003ff00 -> 0x00040000
[    0.000000] On node 0 totalpages: 261999
[    0.000000] free_area_init_node: node 0, pgdat c1715200, node_mem_map c1a87200
[    0.000000]   DMA zone: 32 pages used for memmap
[    0.000000]   DMA zone: 0 pages reserved
[    0.000000]   DMA zone: 3951 pages, LIFO batch:0
[    0.000000]   Normal zone: 1748 pages used for memmap
[    0.000000]   Normal zone: 221994 pages, LIFO batch:31
[    0.000000]   HighMem zone: 269 pages used for memmap
[    0.000000]   HighMem zone: 34005 pages, LIFO batch:7
[    0.000000] Using APIC driver default
[    0.000000] ACPI: PM-Timer IO Port: 0x1008
[    0.000000] ACPI: Local APIC address 0xfee00000
[    0.000000] ACPI: LAPIC (acpi_id[0x00] lapic_id[0x00] enabled)
[    0.000000] ACPI: LAPIC (acpi_id[0x01] lapic_id[0x02] disabled)
[    0.000000] ACPI: LAPIC (acpi_id[0x02] lapic_id[0x04] disabled)
[    0.000000] ACPI: LAPIC (acpi_id[0x03] lapic_id[0x06] disabled)
[    0.000000] ACPI: LAPIC (acpi_id[0x04] lapic_id[0x08] disabled)
[    0.000000] ACPI: LAPIC (acpi_id[0x05] lapic_id[0x0a] disabled)
[    0.000000] ACPI: LAPIC (acpi_id[0x06] lapic_id[0x0c] disabled)
[    0.000000] ACPI: LAPIC (acpi_id[0x07] lapic_id[0x0e] disabled)
[    0.000000] ACPI: LAPIC (acpi_id[0x08] lapic_id[0x10] disabled)
[    0.000000] ACPI: LAPIC (acpi_id[0x09] lapic_id[0x12] disabled)
[    0.000000] ACPI: LAPIC (acpi_id[0x0a] lapic_id[0x14] disabled)
[    0.000000] ACPI: LAPIC (acpi_id[0x0b] lapic_id[0x16] disabled)
[    0.000000] ACPI: LAPIC (acpi_id[0x0c] lapic_id[0x18] disabled)
[    0.000000] ACPI: LAPIC (acpi_id[0x0d] lapic_id[0x1a] disabled)
[    0.000000] ACPI: LAPIC (acpi_id[0x0e] lapic_id[0x1c] disabled)
[    0.000000] ACPI: LAPIC (acpi_id[0x0f] lapic_id[0x1e] disabled)
[    0.000000] ACPI: LAPIC (acpi_id[0x10] lapic_id[0x20] disabled)
[    0.000000] ACPI: LAPIC (acpi_id[0x11] lapic_id[0x22] disabled)
[    0.000000] ACPI: LAPIC (acpi_id[0x12] lapic_id[0x24] disabled)
[    0.000000] ACPI: LAPIC (acpi_id[0x13] lapic_id[0x26] disabled)
[    0.000000] ACPI: LAPIC (acpi_id[0x14] lapic_id[0x28] disabled)
[    0.000000] ACPI: LAPIC (acpi_id[0x15] lapic_id[0x2a] disabled)
[    0.000000] ACPI: LAPIC (acpi_id[0x16] lapic_id[0x2c] disabled)
[    0.000000] ACPI: LAPIC (acpi_id[0x17] lapic_id[0x2e] disabled)
[    0.000000] ACPI: LAPIC (acpi_id[0x18] lapic_id[0x30] disabled)
[    0.000000] ACPI: LAPIC (acpi_id[0x19] lapic_id[0x32] disabled)
[    0.000000] ACPI: LAPIC (acpi_id[0x1a] lapic_id[0x34] disabled)
[    0.000000] ACPI: LAPIC (acpi_id[0x1b] lapic_id[0x36] disabled)
[    0.000000] ACPI: LAPIC (acpi_id[0x1c] lapic_id[0x38] disabled)
[    0.000000] ACPI: LAPIC (acpi_id[0x1d] lapic_id[0x3a] disabled)
[    0.000000] ACPI: LAPIC (acpi_id[0x1e] lapic_id[0x3c] disabled)
[    0.000000] ACPI: LAPIC (acpi_id[0x1f] lapic_id[0x3e] disabled)
[    0.000000] ACPI: LAPIC (acpi_id[0x20] lapic_id[0x40] disabled)
[    0.000000] ACPI: LAPIC (acpi_id[0x21] lapic_id[0x42] disabled)
[    0.000000] ACPI: LAPIC (acpi_id[0x22] lapic_id[0x44] disabled)
[    0.000000] ACPI: LAPIC (acpi_id[0x23] lapic_id[0x46] disabled)
[    0.000000] ACPI: LAPIC (acpi_id[0x24] lapic_id[0x48] disabled)
[    0.000000] ACPI: LAPIC (acpi_id[0x25] lapic_id[0x4a] disabled)
[    0.000000] ACPI: LAPIC (acpi_id[0x26] lapic_id[0x4c] disabled)
[    0.000000] ACPI: LAPIC (acpi_id[0x27] lapic_id[0x4e] disabled)
[    0.000000] ACPI: LAPIC (acpi_id[0x28] lapic_id[0x50] disabled)
[    0.000000] ACPI: LAPIC (acpi_id[0x29] lapic_id[0x52] disabled)
[    0.000000] ACPI: LAPIC (acpi_id[0x2a] lapic_id[0x54] disabled)
[    0.000000] ACPI: LAPIC (acpi_id[0x2b] lapic_id[0x56] disabled)
[    0.000000] ACPI: LAPIC (acpi_id[0x2c] lapic_id[0x58] disabled)
[    0.000000] ACPI: LAPIC (acpi_id[0x2d] lapic_id[0x5a] disabled)
[    0.000000] ACPI: LAPIC (acpi_id[0x2e] lapic_id[0x5c] disabled)
[    0.000000] ACPI: LAPIC (acpi_id[0x2f] lapic_id[0x5e] disabled)
[    0.000000] ACPI: LAPIC (acpi_id[0x30] lapic_id[0x60] disabled)
[    0.000000] ACPI: LAPIC (acpi_id[0x31] lapic_id[0x62] disabled)
[    0.000000] ACPI: LAPIC (acpi_id[0x32] lapic_id[0x64] disabled)
[    0.000000] ACPI: LAPIC (acpi_id[0x33] lapic_id[0x66] disabled)
[    0.000000] ACPI: LAPIC (acpi_id[0x34] lapic_id[0x68] disabled)
[    0.000000] ACPI: LAPIC (acpi_id[0x35] lapic_id[0x6a] disabled)
[    0.000000] ACPI: LAPIC (acpi_id[0x36] lapic_id[0x6c] disabled)
[    0.000000] ACPI: LAPIC (acpi_id[0x37] lapic_id[0x6e] disabled)
[    0.000000] ACPI: LAPIC (acpi_id[0x38] lapic_id[0x70] disabled)
[    0.000000] ACPI: LAPIC (acpi_id[0x39] lapic_id[0x72] disabled)
[    0.000000] ACPI: LAPIC (acpi_id[0x3a] lapic_id[0x74] disabled)
[    0.000000] ACPI: LAPIC (acpi_id[0x3b] lapic_id[0x76] disabled)
[    0.000000] ACPI: LAPIC (acpi_id[0x3c] lapic_id[0x78] disabled)
[    0.000000] ACPI: LAPIC (acpi_id[0x3d] lapic_id[0x7a] disabled)
[    0.000000] ACPI: LAPIC (acpi_id[0x3e] lapic_id[0x7c] disabled)
[    0.000000] ACPI: LAPIC (acpi_id[0x3f] lapic_id[0x7e] disabled)
[    0.000000] ACPI: LAPIC_NMI (acpi_id[0x00] high edge lint[0x1])
[    0.000000] ACPI: LAPIC_NMI (acpi_id[0x01] high edge lint[0x1])
[    0.000000] ACPI: LAPIC_NMI (acpi_id[0x02] high edge lint[0x1])
[    0.000000] ACPI: LAPIC_NMI (acpi_id[0x03] high edge lint[0x1])
[    0.000000] ACPI: LAPIC_NMI (acpi_id[0x04] high edge lint[0x1])
[    0.000000] ACPI: LAPIC_NMI (acpi_id[0x05] high edge lint[0x1])
[    0.000000] ACPI: LAPIC_NMI (acpi_id[0x06] high edge lint[0x1])
[    0.000000] ACPI: LAPIC_NMI (acpi_id[0x07] high edge lint[0x1])
[    0.000000] ACPI: LAPIC_NMI (acpi_id[0x08] high edge lint[0x1])
[    0.000000] ACPI: LAPIC_NMI (acpi_id[0x09] high edge lint[0x1])
[    0.000000] ACPI: LAPIC_NMI (acpi_id[0x0a] high edge lint[0x1])
[    0.000000] ACPI: LAPIC_NMI (acpi_id[0x0b] high edge lint[0x1])
[    0.000000] ACPI: LAPIC_NMI (acpi_id[0x0c] high edge lint[0x1])
[    0.000000] ACPI: LAPIC_NMI (acpi_id[0x0d] high edge lint[0x1])
[    0.000000] ACPI: LAPIC_NMI (acpi_id[0x0e] high edge lint[0x1])
[    0.000000] ACPI: LAPIC_NMI (acpi_id[0x0f] high edge lint[0x1])
[    0.000000] ACPI: LAPIC_NMI (acpi_id[0x10] high edge lint[0x1])
[    0.000000] ACPI: LAPIC_NMI (acpi_id[0x11] high edge lint[0x1])
[    0.000000] ACPI: LAPIC_NMI (acpi_id[0x12] high edge lint[0x1])
[    0.000000] ACPI: LAPIC_NMI (acpi_id[0x13] high edge lint[0x1])
[    0.000000] ACPI: LAPIC_NMI (acpi_id[0x14] high edge lint[0x1])
[    0.000000] ACPI: LAPIC_NMI (acpi_id[0x15] high edge lint[0x1])
[    0.000000] ACPI: LAPIC_NMI (acpi_id[0x16] high edge lint[0x1])
[    0.000000] ACPI: LAPIC_NMI (acpi_id[0x17] high edge lint[0x1])
[    0.000000] ACPI: LAPIC_NMI (acpi_id[0x18] high edge lint[0x1])
[    0.000000] ACPI: LAPIC_NMI (acpi_id[0x19] high edge lint[0x1])
[    0.000000] ACPI: LAPIC_NMI (acpi_id[0x1a] high edge lint[0x1])
[    0.000000] ACPI: LAPIC_NMI (acpi_id[0x1b] high edge lint[0x1])
[    0.000000] ACPI: LAPIC_NMI (acpi_id[0x1c] high edge lint[0x1])
[    0.000000] ACPI: LAPIC_NMI (acpi_id[0x1d] high edge lint[0x1])
[    0.000000] ACPI: LAPIC_NMI (acpi_id[0x1e] high edge lint[0x1])
[    0.000000] ACPI: LAPIC_NMI (acpi_id[0x1f] high edge lint[0x1])
[    0.000000] ACPI: LAPIC_NMI (acpi_id[0x20] high edge lint[0x1])
[    0.000000] ACPI: LAPIC_NMI (acpi_id[0x21] high edge lint[0x1])
[    0.000000] ACPI: LAPIC_NMI (acpi_id[0x22] high edge lint[0x1])
[    0.000000] ACPI: LAPIC_NMI (acpi_id[0x23] high edge lint[0x1])
[    0.000000] ACPI: LAPIC_NMI (acpi_id[0x24] high edge lint[0x1])
[    0.000000] ACPI: LAPIC_NMI (acpi_id[0x25] high edge lint[0x1])
[    0.000000] ACPI: LAPIC_NMI (acpi_id[0x26] high edge lint[0x1])
[    0.000000] ACPI: LAPIC_NMI (acpi_id[0x27] high edge lint[0x1])
[    0.000000] ACPI: LAPIC_NMI (acpi_id[0x28] high edge lint[0x1])
[    0.000000] ACPI: LAPIC_NMI (acpi_id[0x29] high edge lint[0x1])
[    0.000000] ACPI: LAPIC_NMI (acpi_id[0x2a] high edge lint[0x1])
[    0.000000] ACPI: LAPIC_NMI (acpi_id[0x2b] high edge lint[0x1])
[    0.000000] ACPI: LAPIC_NMI (acpi_id[0x2c] high edge lint[0x1])
[    0.000000] ACPI: LAPIC_NMI (acpi_id[0x2d] high edge lint[0x1])
[    0.000000] ACPI: LAPIC_NMI (acpi_id[0x2e] high edge lint[0x1])
[    0.000000] ACPI: LAPIC_NMI (acpi_id[0x2f] high edge lint[0x1])
[    0.000000] ACPI: LAPIC_NMI (acpi_id[0x30] high edge lint[0x1])
[    0.000000] ACPI: LAPIC_NMI (acpi_id[0x31] high edge lint[0x1])
[    0.000000] ACPI: LAPIC_NMI (acpi_id[0x32] high edge lint[0x1])
[    0.000000] ACPI: LAPIC_NMI (acpi_id[0x33] high edge lint[0x1])
[    0.000000] ACPI: LAPIC_NMI (acpi_id[0x34] high edge lint[0x1])
[    0.000000] ACPI: LAPIC_NMI (acpi_id[0x35] high edge lint[0x1])
[    0.000000] ACPI: LAPIC_NMI (acpi_id[0x36] high edge lint[0x1])
[    0.000000] ACPI: LAPIC_NMI (acpi_id[0x37] high edge lint[0x1])
[    0.000000] ACPI: LAPIC_NMI (acpi_id[0x38] high edge lint[0x1])
[    0.000000] ACPI: LAPIC_NMI (acpi_id[0x39] high edge lint[0x1])
[    0.000000] ACPI: LAPIC_NMI (acpi_id[0x3a] high edge lint[0x1])
[    0.000000] ACPI: LAPIC_NMI (acpi_id[0x3b] high edge lint[0x1])
[    0.000000] ACPI: LAPIC_NMI (acpi_id[0x3c] high edge lint[0x1])
[    0.000000] ACPI: LAPIC_NMI (acpi_id[0x3d] high edge lint[0x1])
[    0.000000] ACPI: LAPIC_NMI (acpi_id[0x3e] high edge lint[0x1])
[    0.000000] ACPI: LAPIC_NMI (acpi_id[0x3f] high edge lint[0x1])
[    0.000000] ACPI: Skipping IOAPIC probe due to 'noapic' option.
[    0.000000] Using ACPI for processor (LAPIC) configuration information
[    0.000000] ACPI: HPET id: 0x8086af01 base: 0xfed00000
[    0.000000] Intel MultiProcessor Specification v1.4
[    0.000000]     Virtual Wire compatibility mode.
[    0.000000] MPTABLE: OEM ID: INTEL   
[    0.000000] MPTABLE: Product ID: 440BX       
[    0.000000] MPTABLE: APIC at: 0xFEE00000
[    0.000000] I/O APIC #1 Version 17 at 0xFEC00000.
[    0.000000] Processors: 1
[    0.000000] 64 Processors exceeds NR_CPUS limit of 8
[    0.000000] SMP: Allowing 8 CPUs, 7 hotplug CPUs
[    0.000000] nr_irqs_gsi: 24
[    0.000000] PM: Registered nosave memory: 000000000009f000 - 00000000000a0000
[    0.000000] PM: Registered nosave memory: 00000000000a0000 - 00000000000ca000
[    0.000000] PM: Registered nosave memory: 00000000000ca000 - 00000000000cc000
[    0.000000] PM: Registered nosave memory: 00000000000cc000 - 00000000000dc000
[    0.000000] PM: Registered nosave memory: 00000000000dc000 - 0000000000100000
[    0.000000] Allocating PCI resources starting at 40000000 (gap: 40000000:a0000000)
[    0.000000] Booting paravirtualized kernel on bare hardware
[    0.000000] NR_CPUS:8 nr_cpumask_bits:8 nr_cpu_ids:8 nr_node_ids:1
[    0.000000] PERCPU: Embedded 15 pages/cpu @c2400000 s39320 r0 d22120 u262144
[    0.000000] pcpu-alloc: s39320 r0 d22120 u262144 alloc=1*2097152
[    0.000000] pcpu-alloc: [0] 0 1 2 3 4 5 6 7 
[    0.000000] Built 1 zonelists in Zone order, mobility grouping on.  Total pages: 259950
[    0.000000] Kernel command line: BOOT_IMAGE=/boot/vmlinuz-2.6.32.57 root=UUID=007b598c-390d-4c65-84a1-4ff752d48633 ro quiet splash maxcpus=0
[    0.000000] PID hash table entries: 4096 (order: 2, 16384 bytes)
[    0.000000] Dentry cache hash table entries: 131072 (order: 7, 524288 bytes)
[    0.000000] Inode-cache hash table entries: 65536 (order: 6, 262144 bytes)
[    0.000000] Enabling fast FPU save and restore... done.
[    0.000000] Enabling unmasked SIMD FPU exception support... done.
[    0.000000] Initializing CPU#0
[    0.000000] xsave/xrstor: enabled xstate_bv 0x7, cntxt size 0x340
[    0.000000] allocated 5242560 bytes of page_cgroup
[    0.000000] please try 'cgroup_disable=memory' option if you don't want memory cgroups
[    0.000000] Initializing HighMem for node 0 (000379fe:00040000)
[    0.000000] Memory: 938260k/1048576k available (4839k kernel code, 108848k reserved, 2518k data, 652k init, 137096k highmem)
[    0.000000] virtual kernel memory layout:
[    0.000000]     fixmap  : 0xfff1e000 - 0xfffff000   ( 900 kB)
[    0.000000]     pkmap   : 0xffa00000 - 0xffc00000   (2048 kB)
[    0.000000]     vmalloc : 0xf81fe000 - 0xff9fe000   ( 120 MB)
[    0.000000]     lowmem  : 0xc0000000 - 0xf79fe000   ( 889 MB)
[    0.000000]       .init : 0xc1730000 - 0xc17d3000   ( 652 kB)
[    0.000000]       .data : 0xc14b9cce - 0xc172f764   (2518 kB)
[    0.000000]       .text : 0xc1000000 - 0xc14b9cce   (4839 kB)
[    0.000000] Checking if this processor honours the WP bit even in supervisor mode...Ok.
[    0.000000] SLUB: Genslabs=13, HWalign=64, Order=0-3, MinObjects=0, CPUs=8, Nodes=1
[    0.000000] Hierarchical RCU implementation.
[    0.000000] NR_IRQS:2304 nr_irqs:472
[    0.000000] Extended CMOS year: 2000
[    0.000000] Console: colour VGA+ 80x25
[    0.000000] console [tty0] enabled
[    0.000000] hpet clockevent registered
[    0.000000] TSC freq read from hypervisor : 2394.620 MHz
[    0.000000] Detected 2394.620 MHz processor.
[    0.000003] Calibrating delay loop (skipped) preset value.. 4789.24 BogoMIPS (lpj=9578480)
[    0.000012] Security Framework initialized
[    0.000016] SELinux:  Disabled at boot.
[    0.000020] Mount-cache hash table entries: 512
[    0.000122] Initializing cgroup subsys cpuacct
[    0.000125] Initializing cgroup subsys memory
[    0.000129] Initializing cgroup subsys devices
[    0.000130] Initializing cgroup subsys freezer
[    0.000158] CPU: Physical Processor ID: 0
[    0.000165] CPU: L1 I cache: 32K, L1 D cache: 32K
[    0.000167] CPU: L2 cache: 256K
[    0.000168] CPU: L3 cache: 4096K
[    0.000173] mce: CPU supports 0 MCE banks
[    0.000185] Performance Events: no PMU driver, software events only.
[    0.000196] Checking 'hlt' instruction... OK.
[    0.018296] SMP alternatives: switching to UP code
[    0.032517] ACPI: Core revision 20090903
[    0.038552] ACPI: setting ELCR to 0200 (from 0e20)
[    0.039512] ftrace: converting mcount calls to 0f 1f 44 00 00
[    0.039517] ftrace: allocating 22631 entries in 45 pages
[    0.056839] CANARY value: 718ecc8e for PID: 1
[    0.056869] Not enabling x2apic, Intr-remapping init failed.
[    0.056870] Enabling APIC mode:  Flat.  Using 1 I/O APICs
[    0.056878] SMP mode deactivated.
[    0.056903] SMP disabled
[    0.056956] Brought up 1 CPUs
[    0.056958] Total of 1 processors activated (4789.24 BogoMIPS).
[    0.056962] CPU0 attaching NULL sched-domain.
[    0.057029] devtmpfs: initialized
[    0.057133] sysctl table check failed: /kernel/random/now_input .1.40.7 Unknown sysctl binary path
[    0.057374] Pid: 1, comm: swapper Not tainted 2.6.32.57 #4
[    0.057375] Call Trace:
[    0.057379]  [<c14a8a0e>] ? printk+0x1d/0x1f
[    0.057382]  [<c107b56f>] set_fail+0x4f/0x60
[    0.057384]  [<c107b8b3>] sysctl_check_table+0x333/0x620
[    0.057385]  [<c107b8cc>] sysctl_check_table+0x34c/0x620
[    0.057387]  [<c107b8cc>] sysctl_check_table+0x34c/0x620
[    0.057391]  [<c1746d48>] sysctl_init+0x25/0x29
[    0.057393]  [<c1003042>] do_one_initcall+0x32/0x1a0
[    0.057395]  [<c1746d23>] ? sysctl_init+0x0/0x29
[    0.057397]  [<c17308e7>] kernel_init+0x12d/0x17a
[    0.057399]  [<c17307ba>] ? kernel_init+0x0/0x17a
[    0.057401]  [<c1009b07>] kernel_thread_helper+0x7/0x10
[    0.057403] sysctl table check failed: /kernel/random/now_blocking .1.40.8 Unknown sysctl binary path
[    0.057632] Pid: 1, comm: swapper Not tainted 2.6.32.57 #4
[    0.057633] Call Trace:
[    0.057634]  [<c14a8a0e>] ? printk+0x1d/0x1f
[    0.057636]  [<c107b56f>] set_fail+0x4f/0x60
[    0.057637]  [<c107b8b3>] sysctl_check_table+0x333/0x620
[    0.057639]  [<c107b8cc>] sysctl_check_table+0x34c/0x620
[    0.057640]  [<c107b8cc>] sysctl_check_table+0x34c/0x620
[    0.057643]  [<c1746d48>] sysctl_init+0x25/0x29
[    0.057644]  [<c1003042>] do_one_initcall+0x32/0x1a0
[    0.057646]  [<c1746d23>] ? sysctl_init+0x0/0x29
[    0.057648]  [<c17308e7>] kernel_init+0x12d/0x17a
[    0.057649]  [<c17307ba>] ? kernel_init+0x0/0x17a
[    0.057651]  [<c1009b07>] kernel_thread_helper+0x7/0x10
[    0.057652] sysctl table check failed: /kernel/random/now_nonblocking .1.40.9 Unknown sysctl binary path
[    0.057914] Pid: 1, comm: swapper Not tainted 2.6.32.57 #4
[    0.057914] Call Trace:
[    0.057916]  [<c14a8a0e>] ? printk+0x1d/0x1f
[    0.057918]  [<c107b56f>] set_fail+0x4f/0x60
[    0.057919]  [<c107b8b3>] sysctl_check_table+0x333/0x620
[    0.057921]  [<c107b8cc>] sysctl_check_table+0x34c/0x620
[    0.057922]  [<c107b8cc>] sysctl_check_table+0x34c/0x620
[    0.057924]  [<c1746d48>] sysctl_init+0x25/0x29
[    0.057926]  [<c1003042>] do_one_initcall+0x32/0x1a0
[    0.057928]  [<c1746d23>] ? sysctl_init+0x0/0x29
[    0.057929]  [<c17308e7>] kernel_init+0x12d/0x17a
[    0.057931]  [<c17307ba>] ? kernel_init+0x0/0x17a
[    0.057932]  [<c1009b07>] kernel_thread_helper+0x7/0x10
[    0.057934] sysctl table check failed: /kernel/random/nb_input_bytes .1.40.10 Unknown sysctl binary path
[    0.058164] Pid: 1, comm: swapper Not tainted 2.6.32.57 #4
[    0.058165] Call Trace:
[    0.058166]  [<c14a8a0e>] ? printk+0x1d/0x1f
[    0.058168]  [<c107b56f>] set_fail+0x4f/0x60
[    0.058169]  [<c107b8b3>] sysctl_check_table+0x333/0x620
[    0.058171]  [<c107b8cc>] sysctl_check_table+0x34c/0x620
[    0.058172]  [<c107b8cc>] sysctl_check_table+0x34c/0x620
[    0.058175]  [<c1746d48>] sysctl_init+0x25/0x29
[    0.058176]  [<c1003042>] do_one_initcall+0x32/0x1a0
[    0.058178]  [<c1746d23>] ? sysctl_init+0x0/0x29
[    0.058180]  [<c17308e7>] kernel_init+0x12d/0x17a
[    0.058181]  [<c17307ba>] ? kernel_init+0x0/0x17a
[    0.058182]  [<c1009b07>] kernel_thread_helper+0x7/0x10
[    0.058184] sysctl table check failed: /kernel/random/nb_stir_count .1.40.11 Unknown sysctl binary path
[    0.058414] Pid: 1, comm: swapper Not tainted 2.6.32.57 #4
[    0.058414] Call Trace:
[    0.058416]  [<c14a8a0e>] ? printk+0x1d/0x1f
[    0.058417]  [<c107b56f>] set_fail+0x4f/0x60
[    0.058419]  [<c107b8b3>] sysctl_check_table+0x333/0x620
[    0.058420]  [<c107b8cc>] sysctl_check_table+0x34c/0x620
[    0.058422]  [<c107b8cc>] sysctl_check_table+0x34c/0x620
[    0.058424]  [<c1746d48>] sysctl_init+0x25/0x29
[    0.058425]  [<c1003042>] do_one_initcall+0x32/0x1a0
[    0.058427]  [<c1746d23>] ? sysctl_init+0x0/0x29
[    0.058429]  [<c17308e7>] kernel_init+0x12d/0x17a
[    0.058430]  [<c17307ba>] ? kernel_init+0x0/0x17a
[    0.058432]  [<c1009b07>] kernel_thread_helper+0x7/0x10
[    0.058433] sysctl table check failed: /kernel/random/nb_reentry_count .1.40.12 Unknown sysctl binary path
[    0.058673] Pid: 1, comm: swapper Not tainted 2.6.32.57 #4
[    0.058673] Call Trace:
[    0.058675]  [<c14a8a0e>] ? printk+0x1d/0x1f
[    0.058676]  [<c107b56f>] set_fail+0x4f/0x60
[    0.058687]  [<c107b8b3>] sysctl_check_table+0x333/0x620
[    0.058689]  [<c107b8cc>] sysctl_check_table+0x34c/0x620
[    0.058690]  [<c107b8cc>] sysctl_check_table+0x34c/0x620
[    0.058693]  [<c1746d48>] sysctl_init+0x25/0x29
[    0.058694]  [<c1003042>] do_one_initcall+0x32/0x1a0
[    0.058697]  [<c1746d23>] ? sysctl_init+0x0/0x29
[    0.058698]  [<c17308e7>] kernel_init+0x12d/0x17a
[    0.058700]  [<c17307ba>] ? kernel_init+0x0/0x17a
[    0.058701]  [<c1009b07>] kernel_thread_helper+0x7/0x10
[    0.058822] RANDOM - __seed init called.
[    0.058823] RANDOM - __seed init called.
[    0.058824] RANDOM - __seed init called.
[    0.058825] RANDOM - __random32 called. Change num 1.  Value: 7576a435	efb61e22	b7f78320
[    0.058826] RANDOM - __random32 called. Change num 2.  Value: 6a43543e	fb61e228	6410973
[    0.058827] RANDOM - __random32 called. Change num 3.  Value: 3543e018	b61e228b	12e68928
[    0.058829] RANDOM - __random32 called. Change num 4.  Value: 3e018928	61e228b7	1250ba58
[    0.058830] RANDOM - __random32 called. Change num 5.  Value: 189281e4	1e228b73	74b01aad
[    0.058831] RANDOM - __random32 called. Change num 6.  Value: 281e4915	e228b733	355a2619
[    0.058832] RANDOM - random32 init called.  Value: 281e4915	e228b733	355a2619
[    0.058838] regulator: core version 0.5
[    0.058896] Time: 23:28:06  Date: 05/24/13
[    0.058929] NET: Registered protocol family 16
[    0.058990] EISA bus registered
[    0.059745] ACPI: bus type pci registered
[    0.059833] PCI: MCFG configuration 0: base e0000000 segment 0 buses 0 - 255
[    0.059835] PCI: MCFG area at e0000000 reserved in E820
[    0.059836] PCI: Using MMCONFIG for extended config space
[    0.059837] PCI: Using configuration type 1 for base access
[    0.060278] bio: create slab <bio-0> at 0
[    0.061458] ACPI: EC: Look up EC in DSDT
[    0.097468] ACPI: BIOS _OSI(Linux) query ignored
[    0.103105] ACPI: Interpreter enabled
[    0.103109] ACPI: (supports S0 S1 S4 S5)
[    0.103121] ACPI: Using PIC for interrupt routing
[    0.184184] ACPI: No dock devices found.
[    0.185130] ACPI: PCI Root Bridge [PCI0] (0000:00)
[    0.186710] pci 0000:00:07.1: reg 20 io port: [0x10c0-0x10cf]
[    0.187193] pci 0000:00:07.3: quirk: region 1000-103f claimed by PIIX4 ACPI
[    0.187204] pci 0000:00:07.3: quirk: region 1040-104f claimed by PIIX4 SMB
[    0.187767] pci 0000:00:07.7: reg 10 io port: [0x1080-0x10bf]
[    0.188132] pci 0000:00:07.7: reg 14 64bit mmio: [0xc8000000-0xc8001fff]
[    0.189231] pci 0000:00:0f.0: reg 10 io port: [0x10d0-0x10df]
[    0.189267] pci 0000:00:0f.0: reg 14 32bit mmio pref: [0xd0000000-0xd7ffffff]
[    0.189303] pci 0000:00:0f.0: reg 18 32bit mmio: [0xc8800000-0xc8ffffff]
[    0.189439] pci 0000:00:0f.0: reg 30 32bit mmio pref: [0x000000-0x007fff]
[    0.189961] pci 0000:00:10.0: reg 10 io port: [0x1400-0x14ff]
[    0.190309] pci 0000:00:10.0: reg 14 64bit mmio: [0xc8040000-0xc805ffff]
[    0.190679] pci 0000:00:10.0: reg 1c 64bit mmio: [0xc8020000-0xc803ffff]
[    0.190750] pci 0000:00:10.0: reg 30 32bit mmio pref: [0x000000-0x003fff]
[    0.192071] pci 0000:00:15.0: PME# supported from D0 D3hot D3cold
[    0.192090] pci 0000:00:15.0: PME# disabled
[    0.192921] pci 0000:00:15.1: PME# supported from D0 D3hot D3cold
[    0.192940] pci 0000:00:15.1: PME# disabled
[    0.193761] pci 0000:00:15.2: PME# supported from D0 D3hot D3cold
[    0.193780] pci 0000:00:15.2: PME# disabled
[    0.194624] pci 0000:00:15.3: PME# supported from D0 D3hot D3cold
[    0.194646] pci 0000:00:15.3: PME# disabled
[    0.195513] pci 0000:00:15.4: PME# supported from D0 D3hot D3cold
[    0.195541] pci 0000:00:15.4: PME# disabled
[    0.196347] pci 0000:00:15.5: PME# supported from D0 D3hot D3cold
[    0.196366] pci 0000:00:15.5: PME# disabled
[    0.197200] pci 0000:00:15.6: PME# supported from D0 D3hot D3cold
[    0.197219] pci 0000:00:15.6: PME# disabled
[    0.198034] pci 0000:00:15.7: PME# supported from D0 D3hot D3cold
[    0.198053] pci 0000:00:15.7: PME# disabled
[    0.198876] pci 0000:00:16.0: PME# supported from D0 D3hot D3cold
[    0.198895] pci 0000:00:16.0: PME# disabled
[    0.199725] pci 0000:00:16.1: PME# supported from D0 D3hot D3cold
[    0.199744] pci 0000:00:16.1: PME# disabled
[    0.200561] pci 0000:00:16.2: PME# supported from D0 D3hot D3cold
[    0.200579] pci 0000:00:16.2: PME# disabled
[    0.201374] pci 0000:00:16.3: PME# supported from D0 D3hot D3cold
[    0.201392] pci 0000:00:16.3: PME# disabled
[    0.202215] pci 0000:00:16.4: PME# supported from D0 D3hot D3cold
[    0.202233] pci 0000:00:16.4: PME# disabled
[    0.203054] pci 0000:00:16.5: PME# supported from D0 D3hot D3cold
[    0.203073] pci 0000:00:16.5: PME# disabled
[    0.203901] pci 0000:00:16.6: PME# supported from D0 D3hot D3cold
[    0.203920] pci 0000:00:16.6: PME# disabled
[    0.204754] pci 0000:00:16.7: PME# supported from D0 D3hot D3cold
[    0.204773] pci 0000:00:16.7: PME# disabled
[    0.205577] pci 0000:00:17.0: PME# supported from D0 D3hot D3cold
[    0.205595] pci 0000:00:17.0: PME# disabled
[    0.206390] pci 0000:00:17.1: PME# supported from D0 D3hot D3cold
[    0.206409] pci 0000:00:17.1: PME# disabled
[    0.207233] pci 0000:00:17.2: PME# supported from D0 D3hot D3cold
[    0.207251] pci 0000:00:17.2: PME# disabled
[    0.208084] pci 0000:00:17.3: PME# supported from D0 D3hot D3cold
[    0.208103] pci 0000:00:17.3: PME# disabled
[    0.208917] pci 0000:00:17.4: PME# supported from D0 D3hot D3cold
[    0.208936] pci 0000:00:17.4: PME# disabled
[    0.209756] pci 0000:00:17.5: PME# supported from D0 D3hot D3cold
[    0.209774] pci 0000:00:17.5: PME# disabled
[    0.210594] pci 0000:00:17.6: PME# supported from D0 D3hot D3cold
[    0.210613] pci 0000:00:17.6: PME# disabled
[    0.211433] pci 0000:00:17.7: PME# supported from D0 D3hot D3cold
[    0.211468] pci 0000:00:17.7: PME# disabled
[    0.212375] pci 0000:00:18.0: PME# supported from D0 D3hot D3cold
[    0.212397] pci 0000:00:18.0: PME# disabled
[    0.213256] pci 0000:00:18.1: PME# supported from D0 D3hot D3cold
[    0.213277] pci 0000:00:18.1: PME# disabled
[    0.214139] pci 0000:00:18.2: PME# supported from D0 D3hot D3cold
[    0.214159] pci 0000:00:18.2: PME# disabled
[    0.214996] pci 0000:00:18.3: PME# supported from D0 D3hot D3cold
[    0.215015] pci 0000:00:18.3: PME# disabled
[    0.215860] pci 0000:00:18.4: PME# supported from D0 D3hot D3cold
[    0.215878] pci 0000:00:18.4: PME# disabled
[    0.216719] pci 0000:00:18.5: PME# supported from D0 D3hot D3cold
[    0.216738] pci 0000:00:18.5: PME# disabled
[    0.217560] pci 0000:00:18.6: PME# supported from D0 D3hot D3cold
[    0.217579] pci 0000:00:18.6: PME# disabled
[    0.218374] pci 0000:00:18.7: PME# supported from D0 D3hot D3cold
[    0.218393] pci 0000:00:18.7: PME# disabled
[    0.219430] pci 0000:02:00.0: reg 20 io port: [0x20c0-0x20df]
[    0.219925] pci 0000:02:01.0: reg 10 io port: [0x2000-0x207f]
[    0.220127] pci 0000:02:01.0: reg 30 32bit mmio pref: [0x000000-0x00ffff]
[    0.220662] pci 0000:02:02.0: reg 10 io port: [0x2080-0x20bf]
[    0.221205] pci 0000:02:03.0: reg 10 32bit mmio: [0xc9000000-0xc9000fff]
[    0.221748] pci 0000:00:11.0: transparent bridge
[    0.221767] pci 0000:00:11.0: bridge io port: [0x2000-0x3fff]
[    0.221786] pci 0000:00:11.0: bridge 32bit mmio: [0xc9000000-0xca3fffff]
[    0.221821] pci 0000:00:11.0: bridge 64bit mmio pref: [0xd8400000-0xd89fffff]
[    0.222161] pci 0000:00:15.0: bridge io port: [0x4000-0x4fff]
[    0.222180] pci 0000:00:15.0: bridge 32bit mmio: [0xca400000-0xca4fffff]
[    0.222215] pci 0000:00:15.0: bridge 64bit mmio pref: [0xd8a00000-0xd8afffff]
[    0.222572] pci 0000:00:15.1: bridge io port: [0x8000-0x8fff]
[    0.222590] pci 0000:00:15.1: bridge 32bit mmio: [0xca800000-0xca8fffff]
[    0.222626] pci 0000:00:15.1: bridge 64bit mmio pref: [0xd8e00000-0xd8efffff]
[    0.222962] pci 0000:00:15.2: bridge io port: [0xc000-0xcfff]
[    0.222980] pci 0000:00:15.2: bridge 32bit mmio: [0xcac00000-0xcacfffff]
[    0.223016] pci 0000:00:15.2: bridge 64bit mmio pref: [0xd9200000-0xd92fffff]
[    0.223373] pci 0000:00:15.3: bridge 32bit mmio: [0xcb000000-0xcb0fffff]
[    0.223409] pci 0000:00:15.3: bridge 64bit mmio pref: [0xd9600000-0xd96fffff]
[    0.223793] pci 0000:00:15.4: bridge 32bit mmio: [0xcb400000-0xcb4fffff]
[    0.223830] pci 0000:00:15.4: bridge 64bit mmio pref: [0xd9a00000-0xd9afffff]
[    0.224183] pci 0000:00:15.5: bridge 32bit mmio: [0xcb800000-0xcb8fffff]
[    0.224219] pci 0000:00:15.5: bridge 64bit mmio pref: [0xd9e00000-0xd9efffff]
[    0.224599] pci 0000:00:15.6: bridge 32bit mmio: [0xcbc00000-0xcbcfffff]
[    0.224635] pci 0000:00:15.6: bridge 64bit mmio pref: [0xda200000-0xda2fffff]
[    0.224987] pci 0000:00:15.7: bridge 32bit mmio: [0xcc000000-0xcc0fffff]
[    0.225023] pci 0000:00:15.7: bridge 64bit mmio pref: [0xda600000-0xda6fffff]
[    0.225359] pci 0000:00:16.0: bridge io port: [0x5000-0x5fff]
[    0.225377] pci 0000:00:16.0: bridge 32bit mmio: [0xca500000-0xca5fffff]
[    0.225413] pci 0000:00:16.0: bridge 64bit mmio pref: [0xd8b00000-0xd8bfffff]
[    0.225774] pci 0000:00:16.1: bridge io port: [0x9000-0x9fff]
[    0.225793] pci 0000:00:16.1: bridge 32bit mmio: [0xca900000-0xca9fffff]
[    0.225828] pci 0000:00:16.1: bridge 64bit mmio pref: [0xd8f00000-0xd8ffffff]
[    0.226164] pci 0000:00:16.2: bridge io port: [0xd000-0xdfff]
[    0.226183] pci 0000:00:16.2: bridge 32bit mmio: [0xcad00000-0xcadfffff]
[    0.226218] pci 0000:00:16.2: bridge 64bit mmio pref: [0xd9300000-0xd93fffff]
[    0.226594] pci 0000:00:16.3: bridge 32bit mmio: [0xcb100000-0xcb1fffff]
[    0.226629] pci 0000:00:16.3: bridge 64bit mmio pref: [0xd9700000-0xd97fffff]
[    0.226982] pci 0000:00:16.4: bridge 32bit mmio: [0xcb500000-0xcb5fffff]
[    0.227017] pci 0000:00:16.4: bridge 64bit mmio pref: [0xd9b00000-0xd9bfffff]
[    0.227370] pci 0000:00:16.5: bridge 32bit mmio: [0xcb900000-0xcb9fffff]
[    0.227406] pci 0000:00:16.5: bridge 64bit mmio pref: [0xd9f00000-0xd9ffffff]
[    0.227792] pci 0000:00:16.6: bridge 32bit mmio: [0xcbd00000-0xcbdfffff]
[    0.227828] pci 0000:00:16.6: bridge 64bit mmio pref: [0xda300000-0xda3fffff]
[    0.228208] pci 0000:00:16.7: bridge 32bit mmio: [0xcc100000-0xcc1fffff]
[    0.228243] pci 0000:00:16.7: bridge 64bit mmio pref: [0xda700000-0xda7fffff]
[    0.228605] pci 0000:00:17.0: bridge io port: [0x6000-0x6fff]
[    0.228624] pci 0000:00:17.0: bridge 32bit mmio: [0xca600000-0xca6fffff]
[    0.228659] pci 0000:00:17.0: bridge 64bit mmio pref: [0xd8c00000-0xd8cfffff]
[    0.228995] pci 0000:00:17.1: bridge io port: [0xa000-0xafff]
[    0.229014] pci 0000:00:17.1: bridge 32bit mmio: [0xcaa00000-0xcaafffff]
[    0.229050] pci 0000:00:17.1: bridge 64bit mmio pref: [0xd9000000-0xd90fffff]
[    0.229384] pci 0000:00:17.2: bridge io port: [0xe000-0xefff]
[    0.229402] pci 0000:00:17.2: bridge 32bit mmio: [0xcae00000-0xcaefffff]
[    0.229454] pci 0000:00:17.2: bridge 64bit mmio pref: [0xd9400000-0xd94fffff]
[    0.229817] pci 0000:00:17.3: bridge 32bit mmio: [0xcb200000-0xcb2fffff]
[    0.229852] pci 0000:00:17.3: bridge 64bit mmio pref: [0xd9800000-0xd98fffff]
[    0.230204] pci 0000:00:17.4: bridge 32bit mmio: [0xcb600000-0xcb6fffff]
[    0.230240] pci 0000:00:17.4: bridge 64bit mmio pref: [0xd9c00000-0xd9cfffff]
[    0.230617] pci 0000:00:17.5: bridge 32bit mmio: [0xcba00000-0xcbafffff]
[    0.230653] pci 0000:00:17.5: bridge 64bit mmio pref: [0xda000000-0xda0fffff]
[    0.231006] pci 0000:00:17.6: bridge 32bit mmio: [0xcbe00000-0xcbefffff]
[    0.231042] pci 0000:00:17.6: bridge 64bit mmio pref: [0xda400000-0xda4fffff]
[    0.231394] pci 0000:00:17.7: bridge 32bit mmio: [0xcc200000-0xcc2fffff]
[    0.231439] pci 0000:00:17.7: bridge 64bit mmio pref: [0xda800000-0xda8fffff]
[    0.231797] pci 0000:00:18.0: bridge io port: [0x7000-0x7fff]
[    0.231817] pci 0000:00:18.0: bridge 32bit mmio: [0xca700000-0xca7fffff]
[    0.231853] pci 0000:00:18.0: bridge 64bit mmio pref: [0xd8d00000-0xd8dfffff]
[    0.232190] pci 0000:00:18.1: bridge io port: [0xb000-0xbfff]
[    0.232208] pci 0000:00:18.1: bridge 32bit mmio: [0xcab00000-0xcabfffff]
[    0.232244] pci 0000:00:18.1: bridge 64bit mmio pref: [0xd9100000-0xd91fffff]
[    0.232602] pci 0000:00:18.2: bridge io port: [0xf000-0xffff]
[    0.232621] pci 0000:00:18.2: bridge 32bit mmio: [0xcaf00000-0xcaffffff]
[    0.232657] pci 0000:00:18.2: bridge 64bit mmio pref: [0xd9500000-0xd95fffff]
[    0.233010] pci 0000:00:18.3: bridge 32bit mmio: [0xcb300000-0xcb3fffff]
[    0.233046] pci 0000:00:18.3: bridge 64bit mmio pref: [0xd9900000-0xd99fffff]
[    0.233400] pci 0000:00:18.4: bridge 32bit mmio: [0xcb700000-0xcb7fffff]
[    0.233445] pci 0000:00:18.4: bridge 64bit mmio pref: [0xd9d00000-0xd9dfffff]
[    0.233807] pci 0000:00:18.5: bridge 32bit mmio: [0xcbb00000-0xcbbfffff]
[    0.233842] pci 0000:00:18.5: bridge 64bit mmio pref: [0xda100000-0xda1fffff]
[    0.234195] pci 0000:00:18.6: bridge 32bit mmio: [0xcbf00000-0xcbffffff]
[    0.234231] pci 0000:00:18.6: bridge 64bit mmio pref: [0xda500000-0xda5fffff]
[    0.234643] pci 0000:00:18.7: bridge 32bit mmio: [0xcc300000-0xcc3fffff]
[    0.234683] pci 0000:00:18.7: bridge 64bit mmio pref: [0xda900000-0xda9fffff]
[    0.236196] pci_bus 0000:00: on NUMA node 0
[    0.236204] ACPI: PCI Interrupt Routing Table [\_SB_.PCI0._PRT]
[    0.453450] ACPI: PCI Interrupt Link [LNKA] (IRQs 3 4 5 6 7 *9 10 11 14 15)
[    0.453606] ACPI: PCI Interrupt Link [LNKB] (IRQs 3 4 5 6 7 9 10 *11 14 15)
[    0.453756] ACPI: PCI Interrupt Link [LNKC] (IRQs 3 4 5 6 7 9 *10 11 14 15)
[    0.453906] ACPI: PCI Interrupt Link [LNKD] (IRQs 3 4 *5 6 7 9 10 11 14 15)
[    0.454041] vgaarb: device added: PCI:0000:00:0f.0,decodes=io+mem,owns=io+mem,locks=none
[    0.454050] vgaarb: loaded
[    0.454182] SCSI subsystem initialized
[    0.454226] libata version 3.00 loaded.
[    0.454267] usbcore: registered new interface driver usbfs
[    0.454278] usbcore: registered new interface driver hub
[    0.454294] usbcore: registered new device driver usb
[    0.454362] PCI: Using ACPI for IRQ routing
[    0.455321] NetLabel: Initializing
[    0.455323] NetLabel:  domain hash size = 128
[    0.455323] NetLabel:  protocols = UNLABELED CIPSOv4
[    0.455331] NetLabel:  unlabeled traffic allowed by default
[    0.455365] hpet0: at MMIO 0xfed00000, IRQs 2, 8, 0, 0, 0, 0, 0, 0, 0, 0, 0, 0, 0, 0, 0, 0
[    0.455370] hpet0: 16 comparators, 64-bit 14.318180 MHz counter
[    0.457406] Switching to clocksource tsc
[    0.464619] pnp: PnP ACPI init
[    0.464631] ACPI: bus type pnp registered
[    0.505905] pnp: PnP ACPI: found 14 devices
[    0.505907] ACPI: ACPI bus type pnp unregistered
[    0.505910] PnPBIOS: Disabled by ACPI PNP
[    0.505919] system 00:01: ioport range 0x1000-0x103f has been reserved
[    0.505921] system 00:01: ioport range 0x1040-0x104f has been reserved
[    0.505923] system 00:01: ioport range 0xcf0-0xcf1 has been reserved
[    0.505928] system 00:08: iomem range 0xfed00000-0xfed003ff has been reserved
[    0.505932] system 00:0d: ioport range 0x1060-0x107f has been reserved
[    0.505934] system 00:0d: iomem range 0xe0000000-0xefffffff has been reserved
[    0.505935] system 00:0d: iomem range 0xc8200000-0xc83fffff has been reserved
[    0.542228] pci 0000:00:15.3: BAR 13: can't allocate I/O resource [0x10000-0xffff]
[    0.542232] pci 0000:00:15.4: BAR 13: can't allocate I/O resource [0x10000-0xffff]
[    0.542235] pci 0000:00:15.5: BAR 13: can't allocate I/O resource [0x10000-0xffff]
[    0.542237] pci 0000:00:15.6: BAR 13: can't allocate I/O resource [0x10000-0xffff]
[    0.542240] pci 0000:00:15.7: BAR 13: can't allocate I/O resource [0x10000-0xffff]
[    0.542243] pci 0000:00:16.3: BAR 13: can't allocate I/O resource [0x10000-0xffff]
[    0.542245] pci 0000:00:16.4: BAR 13: can't allocate I/O resource [0x10000-0xffff]
[    0.542248] pci 0000:00:16.5: BAR 13: can't allocate I/O resource [0x10000-0xffff]
[    0.542251] pci 0000:00:16.6: BAR 13: can't allocate I/O resource [0x10000-0xffff]
[    0.542253] pci 0000:00:16.7: BAR 13: can't allocate I/O resource [0x10000-0xffff]
[    0.542256] pci 0000:00:17.3: BAR 13: can't allocate I/O resource [0x10000-0xffff]
[    0.542258] pci 0000:00:17.4: BAR 13: can't allocate I/O resource [0x10000-0xffff]
[    0.542261] pci 0000:00:17.5: BAR 13: can't allocate I/O resource [0x10000-0xffff]
[    0.542264] pci 0000:00:17.6: BAR 13: can't allocate I/O resource [0x10000-0xffff]
[    0.542266] pci 0000:00:17.7: BAR 13: can't allocate I/O resource [0x10000-0xffff]
[    0.542269] pci 0000:00:18.3: BAR 13: can't allocate I/O resource [0x10000-0xffff]
[    0.542272] pci 0000:00:18.4: BAR 13: can't allocate I/O resource [0x10000-0xffff]
[    0.542274] pci 0000:00:18.5: BAR 13: can't allocate I/O resource [0x10000-0xffff]
[    0.542277] pci 0000:00:18.6: BAR 13: can't allocate I/O resource [0x10000-0xffff]
[    0.542280] pci 0000:00:18.7: BAR 13: can't allocate I/O resource [0x10000-0xffff]
[    0.542282] pci 0000:00:01.0: PCI bridge, secondary bus 0000:01
[    0.542283] pci 0000:00:01.0:   IO window: disabled
[    0.542318] pci 0000:00:01.0:   MEM window: disabled
[    0.542337] pci 0000:00:01.0:   PREFETCH window: disabled
[    0.542375] pci 0000:00:11.0: PCI bridge, secondary bus 0000:02
[    0.542386] pci 0000:00:11.0:   IO window: 0x2000-0x3fff
[    0.542414] pci 0000:00:11.0:   MEM window: 0xc9000000-0xca3fffff
[    0.542433] pci 0000:00:11.0:   PREFETCH window: 0x000000d8400000-0x000000d89fffff
[    0.542470] pci 0000:00:15.0: PCI bridge, secondary bus 0000:03
[    0.542480] pci 0000:00:15.0:   IO window: 0x4000-0x4fff
[    0.542508] pci 0000:00:15.0:   MEM window: 0xca400000-0xca4fffff
[    0.542527] pci 0000:00:15.0:   PREFETCH window: 0x000000d8a00000-0x000000d8afffff
[    0.542575] pci 0000:00:15.1: PCI bridge, secondary bus 0000:04
[    0.542586] pci 0000:00:15.1:   IO window: 0x8000-0x8fff
[    0.542614] pci 0000:00:15.1:   MEM window: 0xca800000-0xca8fffff
[    0.542633] pci 0000:00:15.1:   PREFETCH window: 0x000000d8e00000-0x000000d8efffff
[    0.542674] pci 0000:00:15.2: PCI bridge, secondary bus 0000:05
[    0.542685] pci 0000:00:15.2:   IO window: 0xc000-0xcfff
[    0.542712] pci 0000:00:15.2:   MEM window: 0xcac00000-0xcacfffff
[    0.542732] pci 0000:00:15.2:   PREFETCH window: 0x000000d9200000-0x000000d92fffff
[    0.542772] pci 0000:00:15.3: PCI bridge, secondary bus 0000:06
[    0.542773] pci 0000:00:15.3:   IO window: disabled
[    0.542801] pci 0000:00:15.3:   MEM window: 0xcb000000-0xcb0fffff
[    0.542820] pci 0000:00:15.3:   PREFETCH window: 0x000000d9600000-0x000000d96fffff
[    0.542860] pci 0000:00:15.4: PCI bridge, secondary bus 0000:07
[    0.542862] pci 0000:00:15.4:   IO window: disabled
[    0.542889] pci 0000:00:15.4:   MEM window: 0xcb400000-0xcb4fffff
[    0.542909] pci 0000:00:15.4:   PREFETCH window: 0x000000d9a00000-0x000000d9afffff
[    0.542948] pci 0000:00:15.5: PCI bridge, secondary bus 0000:08
[    0.542950] pci 0000:00:15.5:   IO window: disabled
[    0.542978] pci 0000:00:15.5:   MEM window: 0xcb800000-0xcb8fffff
[    0.542997] pci 0000:00:15.5:   PREFETCH window: 0x000000d9e00000-0x000000d9efffff
[    0.543037] pci 0000:00:15.6: PCI bridge, secondary bus 0000:09
[    0.543038] pci 0000:00:15.6:   IO window: disabled
[    0.543066] pci 0000:00:15.6:   MEM window: 0xcbc00000-0xcbcfffff
[    0.543085] pci 0000:00:15.6:   PREFETCH window: 0x000000da200000-0x000000da2fffff
[    0.543125] pci 0000:00:15.7: PCI bridge, secondary bus 0000:0a
[    0.543126] pci 0000:00:15.7:   IO window: disabled
[    0.543154] pci 0000:00:15.7:   MEM window: 0xcc000000-0xcc0fffff
[    0.543174] pci 0000:00:15.7:   PREFETCH window: 0x000000da600000-0x000000da6fffff
[    0.543213] pci 0000:00:16.0: PCI bridge, secondary bus 0000:0b
[    0.543224] pci 0000:00:16.0:   IO window: 0x5000-0x5fff
[    0.543252] pci 0000:00:16.0:   MEM window: 0xca500000-0xca5fffff
[    0.543271] pci 0000:00:16.0:   PREFETCH window: 0x000000d8b00000-0x000000d8bfffff
[    0.543331] pci 0000:00:16.1: PCI bridge, secondary bus 0000:0c
[    0.543345] pci 0000:00:16.1:   IO window: 0x9000-0x9fff
[    0.543382] pci 0000:00:16.1:   MEM window: 0xca900000-0xca9fffff
[    0.543402] pci 0000:00:16.1:   PREFETCH window: 0x000000d8f00000-0x000000d8ffffff
[    0.543442] pci 0000:00:16.2: PCI bridge, secondary bus 0000:0d
[    0.543453] pci 0000:00:16.2:   IO window: 0xd000-0xdfff
[    0.543481] pci 0000:00:16.2:   MEM window: 0xcad00000-0xcadfffff
[    0.543500] pci 0000:00:16.2:   PREFETCH window: 0x000000d9300000-0x000000d93fffff
[    0.543540] pci 0000:00:16.3: PCI bridge, secondary bus 0000:0e
[    0.543541] pci 0000:00:16.3:   IO window: disabled
[    0.543569] pci 0000:00:16.3:   MEM window: 0xcb100000-0xcb1fffff
[    0.543588] pci 0000:00:16.3:   PREFETCH window: 0x000000d9700000-0x000000d97fffff
[    0.543628] pci 0000:00:16.4: PCI bridge, secondary bus 0000:0f
[    0.543630] pci 0000:00:16.4:   IO window: disabled
[    0.543657] pci 0000:00:16.4:   MEM window: 0xcb500000-0xcb5fffff
[    0.543677] pci 0000:00:16.4:   PREFETCH window: 0x000000d9b00000-0x000000d9bfffff
[    0.543717] pci 0000:00:16.5: PCI bridge, secondary bus 0000:10
[    0.543718] pci 0000:00:16.5:   IO window: disabled
[    0.543746] pci 0000:00:16.5:   MEM window: 0xcb900000-0xcb9fffff
[    0.543765] pci 0000:00:16.5:   PREFETCH window: 0x000000d9f00000-0x000000d9ffffff
[    0.543805] pci 0000:00:16.6: PCI bridge, secondary bus 0000:11
[    0.543807] pci 0000:00:16.6:   IO window: disabled
[    0.543834] pci 0000:00:16.6:   MEM window: 0xcbd00000-0xcbdfffff
[    0.543853] pci 0000:00:16.6:   PREFETCH window: 0x000000da300000-0x000000da3fffff
[    0.543893] pci 0000:00:16.7: PCI bridge, secondary bus 0000:12
[    0.543895] pci 0000:00:16.7:   IO window: disabled
[    0.543922] pci 0000:00:16.7:   MEM window: 0xcc100000-0xcc1fffff
[    0.543942] pci 0000:00:16.7:   PREFETCH window: 0x000000da700000-0x000000da7fffff
[    0.543981] pci 0000:00:17.0: PCI bridge, secondary bus 0000:13
[    0.543992] pci 0000:00:17.0:   IO window: 0x6000-0x6fff
[    0.544020] pci 0000:00:17.0:   MEM window: 0xca600000-0xca6fffff
[    0.544039] pci 0000:00:17.0:   PREFETCH window: 0x000000d8c00000-0x000000d8cfffff
[    0.544079] pci 0000:00:17.1: PCI bridge, secondary bus 0000:14
[    0.544090] pci 0000:00:17.1:   IO window: 0xa000-0xafff
[    0.544118] pci 0000:00:17.1:   MEM window: 0xcaa00000-0xcaafffff
[    0.544137] pci 0000:00:17.1:   PREFETCH window: 0x000000d9000000-0x000000d90fffff
[    0.544177] pci 0000:00:17.2: PCI bridge, secondary bus 0000:15
[    0.544188] pci 0000:00:17.2:   IO window: 0xe000-0xefff
[    0.544215] pci 0000:00:17.2:   MEM window: 0xcae00000-0xcaefffff
[    0.544235] pci 0000:00:17.2:   PREFETCH window: 0x000000d9400000-0x000000d94fffff
[    0.544274] pci 0000:00:17.3: PCI bridge, secondary bus 0000:16
[    0.544276] pci 0000:00:17.3:   IO window: disabled
[    0.544314] pci 0000:00:17.3:   MEM window: 0xcb200000-0xcb2fffff
[    0.544334] pci 0000:00:17.3:   PREFETCH window: 0x000000d9800000-0x000000d98fffff
[    0.544396] pci 0000:00:17.4: PCI bridge, secondary bus 0000:17
[    0.544398] pci 0000:00:17.4:   IO window: disabled
[    0.544428] pci 0000:00:17.4:   MEM window: 0xcb600000-0xcb6fffff
[    0.544448] pci 0000:00:17.4:   PREFETCH window: 0x000000d9c00000-0x000000d9cfffff
[    0.544488] pci 0000:00:17.5: PCI bridge, secondary bus 0000:18
[    0.544489] pci 0000:00:17.5:   IO window: disabled
[    0.544517] pci 0000:00:17.5:   MEM window: 0xcba00000-0xcbafffff
[    0.544537] pci 0000:00:17.5:   PREFETCH window: 0x000000da000000-0x000000da0fffff
[    0.544576] pci 0000:00:17.6: PCI bridge, secondary bus 0000:19
[    0.544578] pci 0000:00:17.6:   IO window: disabled
[    0.544605] pci 0000:00:17.6:   MEM window: 0xcbe00000-0xcbefffff
[    0.544625] pci 0000:00:17.6:   PREFETCH window: 0x000000da400000-0x000000da4fffff
[    0.544664] pci 0000:00:17.7: PCI bridge, secondary bus 0000:1a
[    0.544666] pci 0000:00:17.7:   IO window: disabled
[    0.544694] pci 0000:00:17.7:   MEM window: 0xcc200000-0xcc2fffff
[    0.544713] pci 0000:00:17.7:   PREFETCH window: 0x000000da800000-0x000000da8fffff
[    0.544753] pci 0000:00:18.0: PCI bridge, secondary bus 0000:1b
[    0.544764] pci 0000:00:18.0:   IO window: 0x7000-0x7fff
[    0.544791] pci 0000:00:18.0:   MEM window: 0xca700000-0xca7fffff
[    0.544811] pci 0000:00:18.0:   PREFETCH window: 0x000000d8d00000-0x000000d8dfffff
[    0.544850] pci 0000:00:18.1: PCI bridge, secondary bus 0000:1c
[    0.544861] pci 0000:00:18.1:   IO window: 0xb000-0xbfff
[    0.544889] pci 0000:00:18.1:   MEM window: 0xcab00000-0xcabfffff
[    0.544908] pci 0000:00:18.1:   PREFETCH window: 0x000000d9100000-0x000000d91fffff
[    0.544948] pci 0000:00:18.2: PCI bridge, secondary bus 0000:1d
[    0.544959] pci 0000:00:18.2:   IO window: 0xf000-0xffff
[    0.544987] pci 0000:00:18.2:   MEM window: 0xcaf00000-0xcaffffff
[    0.545006] pci 0000:00:18.2:   PREFETCH window: 0x000000d9500000-0x000000d95fffff
[    0.545045] pci 0000:00:18.3: PCI bridge, secondary bus 0000:1e
[    0.545047] pci 0000:00:18.3:   IO window: disabled
[    0.545075] pci 0000:00:18.3:   MEM window: 0xcb300000-0xcb3fffff
[    0.545094] pci 0000:00:18.3:   PREFETCH window: 0x000000d9900000-0x000000d99fffff
[    0.545133] pci 0000:00:18.4: PCI bridge, secondary bus 0000:1f
[    0.545135] pci 0000:00:18.4:   IO window: disabled
[    0.545163] pci 0000:00:18.4:   MEM window: 0xcb700000-0xcb7fffff
[    0.545182] pci 0000:00:18.4:   PREFETCH window: 0x000000d9d00000-0x000000d9dfffff
[    0.545221] pci 0000:00:18.5: PCI bridge, secondary bus 0000:20
[    0.545223] pci 0000:00:18.5:   IO window: disabled
[    0.545251] pci 0000:00:18.5:   MEM window: 0xcbb00000-0xcbbfffff
[    0.545270] pci 0000:00:18.5:   PREFETCH window: 0x000000da100000-0x000000da1fffff
[    0.545344] pci 0000:00:18.6: PCI bridge, secondary bus 0000:21
[    0.545345] pci 0000:00:18.6:   IO window: disabled
[    0.545373] pci 0000:00:18.6:   MEM window: 0xcbf00000-0xcbffffff
[    0.545393] pci 0000:00:18.6:   PREFETCH window: 0x000000da500000-0x000000da5fffff
[    0.545432] pci 0000:00:18.7: PCI bridge, secondary bus 0000:22
[    0.545434] pci 0000:00:18.7:   IO window: disabled
[    0.545462] pci 0000:00:18.7:   MEM window: 0xcc300000-0xcc3fffff
[    0.545481] pci 0000:00:18.7:   PREFETCH window: 0x000000da900000-0x000000da9fffff
[    0.545550] pci 0000:00:01.0: setting latency timer to 64
[    0.545639] pci 0000:00:15.0: setting latency timer to 64
[    0.545701] pci 0000:00:15.1: setting latency timer to 64
[    0.545763] pci 0000:00:15.2: setting latency timer to 64
[    0.545825] pci 0000:00:15.3: setting latency timer to 64
[    0.545887] pci 0000:00:15.4: setting latency timer to 64
[    0.545948] pci 0000:00:15.5: setting latency timer to 64
[    0.546010] pci 0000:00:15.6: setting latency timer to 64
[    0.546072] pci 0000:00:15.7: setting latency timer to 64
[    0.546134] pci 0000:00:16.0: setting latency timer to 64
[    0.546195] pci 0000:00:16.1: setting latency timer to 64
[    0.546257] pci 0000:00:16.2: setting latency timer to 64
[    0.546340] pci 0000:00:16.3: setting latency timer to 64
[    0.546402] pci 0000:00:16.4: setting latency timer to 64
[    0.546464] pci 0000:00:16.5: setting latency timer to 64
[    0.546526] pci 0000:00:16.6: setting latency timer to 64
[    0.546588] pci 0000:00:16.7: setting latency timer to 64
[    0.546649] pci 0000:00:17.0: setting latency timer to 64
[    0.546711] pci 0000:00:17.1: setting latency timer to 64
[    0.546773] pci 0000:00:17.2: setting latency timer to 64
[    0.546835] pci 0000:00:17.3: setting latency timer to 64
[    0.546897] pci 0000:00:17.4: setting latency timer to 64
[    0.546958] pci 0000:00:17.5: setting latency timer to 64
[    0.547020] pci 0000:00:17.6: setting latency timer to 64
[    0.547082] pci 0000:00:17.7: setting latency timer to 64
[    0.547144] pci 0000:00:18.0: setting latency timer to 64
[    0.547206] pci 0000:00:18.1: setting latency timer to 64
[    0.547268] pci 0000:00:18.2: setting latency timer to 64
[    0.547355] pci 0000:00:18.3: setting latency timer to 64
[    0.547417] pci 0000:00:18.4: setting latency timer to 64
[    0.547479] pci 0000:00:18.5: setting latency timer to 64
[    0.547541] pci 0000:00:18.6: setting latency timer to 64
[    0.547602] pci 0000:00:18.7: setting latency timer to 64
[    0.547614] pci_bus 0000:00: resource 0 io:  [0x00-0xffff]
[    0.547616] pci_bus 0000:00: resource 1 mem: [0x000000-0xffffffffffffffff]
[    0.547618] pci_bus 0000:02: resource 0 io:  [0x2000-0x3fff]
[    0.547620] pci_bus 0000:02: resource 1 mem: [0xc9000000-0xca3fffff]
[    0.547622] pci_bus 0000:02: resource 2 pref mem [0xd8400000-0xd89fffff]
[    0.547624] pci_bus 0000:02: resource 3 io:  [0x00-0xffff]
[    0.547626] pci_bus 0000:02: resource 4 mem: [0x000000-0xffffffffffffffff]
[    0.547628] pci_bus 0000:03: resource 0 io:  [0x4000-0x4fff]
[    0.547629] pci_bus 0000:03: resource 1 mem: [0xca400000-0xca4fffff]
[    0.547631] pci_bus 0000:03: resource 2 pref mem [0xd8a00000-0xd8afffff]
[    0.547633] pci_bus 0000:04: resource 0 io:  [0x8000-0x8fff]
[    0.547635] pci_bus 0000:04: resource 1 mem: [0xca800000-0xca8fffff]
[    0.547636] pci_bus 0000:04: resource 2 pref mem [0xd8e00000-0xd8efffff]
[    0.547638] pci_bus 0000:05: resource 0 io:  [0xc000-0xcfff]
[    0.547640] pci_bus 0000:05: resource 1 mem: [0xcac00000-0xcacfffff]
[    0.547642] pci_bus 0000:05: resource 2 pref mem [0xd9200000-0xd92fffff]
[    0.547644] pci_bus 0000:06: resource 1 mem: [0xcb000000-0xcb0fffff]
[    0.547645] pci_bus 0000:06: resource 2 pref mem [0xd9600000-0xd96fffff]
[    0.547647] pci_bus 0000:07: resource 1 mem: [0xcb400000-0xcb4fffff]
[    0.547649] pci_bus 0000:07: resource 2 pref mem [0xd9a00000-0xd9afffff]
[    0.547651] pci_bus 0000:08: resource 1 mem: [0xcb800000-0xcb8fffff]
[    0.547653] pci_bus 0000:08: resource 2 pref mem [0xd9e00000-0xd9efffff]
[    0.547655] pci_bus 0000:09: resource 1 mem: [0xcbc00000-0xcbcfffff]
[    0.547656] pci_bus 0000:09: resource 2 pref mem [0xda200000-0xda2fffff]
[    0.547658] pci_bus 0000:0a: resource 1 mem: [0xcc000000-0xcc0fffff]
[    0.547660] pci_bus 0000:0a: resource 2 pref mem [0xda600000-0xda6fffff]
[    0.547662] pci_bus 0000:0b: resource 0 io:  [0x5000-0x5fff]
[    0.547663] pci_bus 0000:0b: resource 1 mem: [0xca500000-0xca5fffff]
[    0.547665] pci_bus 0000:0b: resource 2 pref mem [0xd8b00000-0xd8bfffff]
[    0.547667] pci_bus 0000:0c: resource 0 io:  [0x9000-0x9fff]
[    0.547669] pci_bus 0000:0c: resource 1 mem: [0xca900000-0xca9fffff]
[    0.547671] pci_bus 0000:0c: resource 2 pref mem [0xd8f00000-0xd8ffffff]
[    0.547672] pci_bus 0000:0d: resource 0 io:  [0xd000-0xdfff]
[    0.547674] pci_bus 0000:0d: resource 1 mem: [0xcad00000-0xcadfffff]
[    0.547676] pci_bus 0000:0d: resource 2 pref mem [0xd9300000-0xd93fffff]
[    0.547678] pci_bus 0000:0e: resource 1 mem: [0xcb100000-0xcb1fffff]
[    0.547680] pci_bus 0000:0e: resource 2 pref mem [0xd9700000-0xd97fffff]
[    0.547681] pci_bus 0000:0f: resource 1 mem: [0xcb500000-0xcb5fffff]
[    0.547683] pci_bus 0000:0f: resource 2 pref mem [0xd9b00000-0xd9bfffff]
[    0.547685] pci_bus 0000:10: resource 1 mem: [0xcb900000-0xcb9fffff]
[    0.547687] pci_bus 0000:10: resource 2 pref mem [0xd9f00000-0xd9ffffff]
[    0.547689] pci_bus 0000:11: resource 1 mem: [0xcbd00000-0xcbdfffff]
[    0.547690] pci_bus 0000:11: resource 2 pref mem [0xda300000-0xda3fffff]
[    0.547692] pci_bus 0000:12: resource 1 mem: [0xcc100000-0xcc1fffff]
[    0.547694] pci_bus 0000:12: resource 2 pref mem [0xda700000-0xda7fffff]
[    0.547696] pci_bus 0000:13: resource 0 io:  [0x6000-0x6fff]
[    0.547698] pci_bus 0000:13: resource 1 mem: [0xca600000-0xca6fffff]
[    0.547699] pci_bus 0000:13: resource 2 pref mem [0xd8c00000-0xd8cfffff]
[    0.547701] pci_bus 0000:14: resource 0 io:  [0xa000-0xafff]
[    0.547703] pci_bus 0000:14: resource 1 mem: [0xcaa00000-0xcaafffff]
[    0.547705] pci_bus 0000:14: resource 2 pref mem [0xd9000000-0xd90fffff]
[    0.547706] pci_bus 0000:15: resource 0 io:  [0xe000-0xefff]
[    0.547708] pci_bus 0000:15: resource 1 mem: [0xcae00000-0xcaefffff]
[    0.547710] pci_bus 0000:15: resource 2 pref mem [0xd9400000-0xd94fffff]
[    0.547712] pci_bus 0000:16: resource 1 mem: [0xcb200000-0xcb2fffff]
[    0.547714] pci_bus 0000:16: resource 2 pref mem [0xd9800000-0xd98fffff]
[    0.547715] pci_bus 0000:17: resource 1 mem: [0xcb600000-0xcb6fffff]
[    0.547717] pci_bus 0000:17: resource 2 pref mem [0xd9c00000-0xd9cfffff]
[    0.547719] pci_bus 0000:18: resource 1 mem: [0xcba00000-0xcbafffff]
[    0.547721] pci_bus 0000:18: resource 2 pref mem [0xda000000-0xda0fffff]
[    0.547723] pci_bus 0000:19: resource 1 mem: [0xcbe00000-0xcbefffff]
[    0.547724] pci_bus 0000:19: resource 2 pref mem [0xda400000-0xda4fffff]
[    0.547726] pci_bus 0000:1a: resource 1 mem: [0xcc200000-0xcc2fffff]
[    0.547728] pci_bus 0000:1a: resource 2 pref mem [0xda800000-0xda8fffff]
[    0.547730] pci_bus 0000:1b: resource 0 io:  [0x7000-0x7fff]
[    0.547732] pci_bus 0000:1b: resource 1 mem: [0xca700000-0xca7fffff]
[    0.547733] pci_bus 0000:1b: resource 2 pref mem [0xd8d00000-0xd8dfffff]
[    0.547735] pci_bus 0000:1c: resource 0 io:  [0xb000-0xbfff]
[    0.547737] pci_bus 0000:1c: resource 1 mem: [0xcab00000-0xcabfffff]
[    0.547739] pci_bus 0000:1c: resource 2 pref mem [0xd9100000-0xd91fffff]
[    0.547740] pci_bus 0000:1d: resource 0 io:  [0xf000-0xffff]
[    0.547742] pci_bus 0000:1d: resource 1 mem: [0xcaf00000-0xcaffffff]
[    0.547744] pci_bus 0000:1d: resource 2 pref mem [0xd9500000-0xd95fffff]
[    0.547746] pci_bus 0000:1e: resource 1 mem: [0xcb300000-0xcb3fffff]
[    0.547748] pci_bus 0000:1e: resource 2 pref mem [0xd9900000-0xd99fffff]
[    0.547749] pci_bus 0000:1f: resource 1 mem: [0xcb700000-0xcb7fffff]
[    0.547751] pci_bus 0000:1f: resource 2 pref mem [0xd9d00000-0xd9dfffff]
[    0.547753] pci_bus 0000:20: resource 1 mem: [0xcbb00000-0xcbbfffff]
[    0.547755] pci_bus 0000:20: resource 2 pref mem [0xda100000-0xda1fffff]
[    0.547757] pci_bus 0000:21: resource 1 mem: [0xcbf00000-0xcbffffff]
[    0.547758] pci_bus 0000:21: resource 2 pref mem [0xda500000-0xda5fffff]
[    0.547760] pci_bus 0000:22: resource 1 mem: [0xcc300000-0xcc3fffff]
[    0.547762] pci_bus 0000:22: resource 2 pref mem [0xda900000-0xda9fffff]
[    0.547782] NET: Registered protocol family 2
[    0.547799] RANDOM - __random32 called. Change num 7.  Value: e4915c27	228b7335	4c33f162
[    0.547800] RANDOM - random32 called.  Value: e4915c27	228b7335	4c33f162
[    0.547807] random 0000 0000 0000 00000000 00000000: rand_read_num 2 get_random_bytes(4): sig fffffe1a 00000000 00000000
[    0.547809] random 0000 0000 0000 00000000 00000000: extract_entropy(.. 4 ..)
[    0.547812] random 0000 0000 0000 00000000 00000000: going to reseed nonblocking with 64 bits (32 of 0 requested)
[    0.547814] random 0000 0000 0000 00000000 00000000: extract_entropy(.. 8 ..)
[    0.547816] random 0000 0000 0000 00000000 00000000: trying to extract 64 bits from input
[    0.547818] random 0000 0000 0000 00000000 00000000: debiting 0 entropy credits from input
[    0.547820] random 0000 0000 0000 00000000 00000000: extract_entropy account returned: 0 
[    0.547823] random 0000 0000 0000 00000000 00000000: urand_change_num 3 xfer_secondary_pool(4): pool_sig fffffe1a, data_sig 00000000, bytes_mixed 0 00000000 00000000
[    0.547826] random 0000 0000 0000 00000000 00000000: trying to extract 32 bits from nonblocking
[    0.547828] random 0000 0000 0000 00000000 00000000: debiting 32 entropy credits from nonblocking (unlimited)
[    0.547830] random 0000 0000 0000 00000000 00000000: extract_entropy account returned: 4 
[    0.547834] random 0000 0000 0000 00000000 00000000: urand_change_num 4 extract_buf: pool_sig fffffe1a, data_sig fffffed7, bytes_mixed 20 00000000 00000000
[    0.547862] IP route cache hash table entries: 32768 (order: 5, 131072 bytes)
[    0.547967] RANDOM - __random32 called. Change num 8.  Value: 15c279e2	28b73354	e2c5b58f
[    0.547969] RANDOM - random32 called.  Value: 15c279e2	28b73354	e2c5b58f
[    0.548023] RANDOM - __random32 called. Change num 9.  Value: 279e2b5f	8b733545	6b1e9d03
[    0.548025] RANDOM - random32 called.  Value: 279e2b5f	8b733545	6b1e9d03
[    0.548028] RANDOM - __random32 called. Change num 10.  Value: e2b5fc5e	b7335453	3a067d4e
[    0.548030] RANDOM - random32 called.  Value: e2b5fc5e	b7335453	3a067d4e
[    0.548051] RANDOM - __random32 called. Change num 11.  Value: 5fc5eba7	73354535	fa9d46b2
[    0.548052] RANDOM - random32 called.  Value: 5fc5eba7	73354535	fa9d46b2
[    0.548062] TCP established hash table entries: 131072 (order: 8, 1048576 bytes)
[    0.548398] TCP bind hash table entries: 65536 (order: 7, 524288 bytes)
[    0.548575] TCP: Hash tables configured (established 131072 bind 65536)
[    0.548577] TCP reno registered
[    0.548612] NET: Registered protocol family 1
[    0.548621] pci 0000:00:00.0: Limiting direct PCI/PCI transfers
[    0.548640] pci 0000:00:0f.0: Boot video device
[    0.548823] Trying to unpack rootfs image as initramfs...
[    1.631783] Freeing initrd memory: 83430k freed
[    1.635789] Simple Boot Flag at 0x36 set to 0x1
[    1.635834] cpufreq-nforce2: No nForce2 chipset.
[    1.635847] Scanning for low memory corruption every 60 seconds
[    1.635964] audit: initializing netlink socket (disabled)
[    1.635972] type=2000 audit(1369438087.620:1): initialized
[    1.639895] highmem bounce pool size: 64 pages
[    1.639899] HugeTLB registered 2 MB page size, pre-allocated 0 pages
[    1.639990] VFS: Disk quotas dquot_6.5.2
[    1.640019] Dquot-cache hash table entries: 1024 (order 0, 4096 bytes)
[    1.640103] fuse init (API version 7.13)
[    1.640148] msgmni has been set to 1729
[    1.640413] alg: No test for stdrng (krng)
[    1.640446] Block layer SCSI generic (bsg) driver version 0.4 loaded (major 253)
[    1.640448] io scheduler noop registered
[    1.640449] io scheduler anticipatory registered
[    1.640451] io scheduler deadline registered
[    1.640470] io scheduler cfq registered (default)
[    1.640515]   alloc irq_desc for 24 on node -1
[    1.640518]   alloc kstat_irqs on node -1
[    1.640563] pcieport 0000:00:15.0: irq 24 for MSI/MSI-X
[    1.640608] pcieport 0000:00:15.0: setting latency timer to 64
[    1.640653]   alloc irq_desc for 25 on node -1
[    1.640655]   alloc kstat_irqs on node -1
[    1.640700] pcieport 0000:00:15.1: irq 25 for MSI/MSI-X
[    1.640745] pcieport 0000:00:15.1: setting latency timer to 64
[    1.640790]   alloc irq_desc for 26 on node -1
[    1.640792]   alloc kstat_irqs on node -1
[    1.640837] pcieport 0000:00:15.2: irq 26 for MSI/MSI-X
[    1.640882] pcieport 0000:00:15.2: setting latency timer to 64
[    1.640927]   alloc irq_desc for 27 on node -1
[    1.640929]   alloc kstat_irqs on node -1
[    1.640974] pcieport 0000:00:15.3: irq 27 for MSI/MSI-X
[    1.641019] pcieport 0000:00:15.3: setting latency timer to 64
[    1.641064]   alloc irq_desc for 28 on node -1
[    1.641066]   alloc kstat_irqs on node -1
[    1.641111] pcieport 0000:00:15.4: irq 28 for MSI/MSI-X
[    1.641156] pcieport 0000:00:15.4: setting latency timer to 64
[    1.641201]   alloc irq_desc for 29 on node -1
[    1.641203]   alloc kstat_irqs on node -1
[    1.641248] pcieport 0000:00:15.5: irq 29 for MSI/MSI-X
[    1.641293] pcieport 0000:00:15.5: setting latency timer to 64
[    1.641338]   alloc irq_desc for 30 on node -1
[    1.641340]   alloc kstat_irqs on node -1
[    1.641385] pcieport 0000:00:15.6: irq 30 for MSI/MSI-X
[    1.641430] pcieport 0000:00:15.6: setting latency timer to 64
[    1.641475]   alloc irq_desc for 31 on node -1
[    1.641477]   alloc kstat_irqs on node -1
[    1.641522] pcieport 0000:00:15.7: irq 31 for MSI/MSI-X
[    1.641567] pcieport 0000:00:15.7: setting latency timer to 64
[    1.641612]   alloc irq_desc for 32 on node -1
[    1.641614]   alloc kstat_irqs on node -1
[    1.641659] pcieport 0000:00:16.0: irq 32 for MSI/MSI-X
[    1.641704] pcieport 0000:00:16.0: setting latency timer to 64
[    1.641749]   alloc irq_desc for 33 on node -1
[    1.641751]   alloc kstat_irqs on node -1
[    1.641796] pcieport 0000:00:16.1: irq 33 for MSI/MSI-X
[    1.641841] pcieport 0000:00:16.1: setting latency timer to 64
[    1.641886]   alloc irq_desc for 34 on node -1
[    1.641887]   alloc kstat_irqs on node -1
[    1.641933] pcieport 0000:00:16.2: irq 34 for MSI/MSI-X
[    1.641978] pcieport 0000:00:16.2: setting latency timer to 64
[    1.642023]   alloc irq_desc for 35 on node -1
[    1.642025]   alloc kstat_irqs on node -1
[    1.642070] pcieport 0000:00:16.3: irq 35 for MSI/MSI-X
[    1.642115] pcieport 0000:00:16.3: setting latency timer to 64
[    1.642160]   alloc irq_desc for 36 on node -1
[    1.642162]   alloc kstat_irqs on node -1
[    1.642207] pcieport 0000:00:16.4: irq 36 for MSI/MSI-X
[    1.642252] pcieport 0000:00:16.4: setting latency timer to 64
[    1.642297]   alloc irq_desc for 37 on node -1
[    1.642299]   alloc kstat_irqs on node -1
[    1.642344] pcieport 0000:00:16.5: irq 37 for MSI/MSI-X
[    1.642389] pcieport 0000:00:16.5: setting latency timer to 64
[    1.642434]   alloc irq_desc for 38 on node -1
[    1.642435]   alloc kstat_irqs on node -1
[    1.642480] pcieport 0000:00:16.6: irq 38 for MSI/MSI-X
[    1.642526] pcieport 0000:00:16.6: setting latency timer to 64
[    1.642571]   alloc irq_desc for 39 on node -1
[    1.642572]   alloc kstat_irqs on node -1
[    1.642617] pcieport 0000:00:16.7: irq 39 for MSI/MSI-X
[    1.642662] pcieport 0000:00:16.7: setting latency timer to 64
[    1.643830]   alloc irq_desc for 40 on node -1
[    1.643832]   alloc kstat_irqs on node -1
[    1.643877] pcieport 0000:00:17.0: irq 40 for MSI/MSI-X
[    1.643922] pcieport 0000:00:17.0: setting latency timer to 64
[    1.643967]   alloc irq_desc for 41 on node -1
[    1.643969]   alloc kstat_irqs on node -1
[    1.644014] pcieport 0000:00:17.1: irq 41 for MSI/MSI-X
[    1.644059] pcieport 0000:00:17.1: setting latency timer to 64
[    1.644104]   alloc irq_desc for 42 on node -1
[    1.644106]   alloc kstat_irqs on node -1
[    1.644151] pcieport 0000:00:17.2: irq 42 for MSI/MSI-X
[    1.644196] pcieport 0000:00:17.2: setting latency timer to 64
[    1.644241]   alloc irq_desc for 43 on node -1
[    1.644243]   alloc kstat_irqs on node -1
[    1.644288] pcieport 0000:00:17.3: irq 43 for MSI/MSI-X
[    1.644333] pcieport 0000:00:17.3: setting latency timer to 64
[    1.644378]   alloc irq_desc for 44 on node -1
[    1.644389]   alloc kstat_irqs on node -1
[    1.644434] pcieport 0000:00:17.4: irq 44 for MSI/MSI-X
[    1.644479] pcieport 0000:00:17.4: setting latency timer to 64
[    1.644524]   alloc irq_desc for 45 on node -1
[    1.644526]   alloc kstat_irqs on node -1
[    1.644571] pcieport 0000:00:17.5: irq 45 for MSI/MSI-X
[    1.644616] pcieport 0000:00:17.5: setting latency timer to 64
[    1.644661]   alloc irq_desc for 46 on node -1
[    1.644663]   alloc kstat_irqs on node -1
[    1.644708] pcieport 0000:00:17.6: irq 46 for MSI/MSI-X
[    1.644753] pcieport 0000:00:17.6: setting latency timer to 64
[    1.644798]   alloc irq_desc for 47 on node -1
[    1.644800]   alloc kstat_irqs on node -1
[    1.644845] pcieport 0000:00:17.7: irq 47 for MSI/MSI-X
[    1.644890] pcieport 0000:00:17.7: setting latency timer to 64
[    1.644935]   alloc irq_desc for 48 on node -1
[    1.644937]   alloc kstat_irqs on node -1
[    1.644982] pcieport 0000:00:18.0: irq 48 for MSI/MSI-X
[    1.645027] pcieport 0000:00:18.0: setting latency timer to 64
[    1.645072]   alloc irq_desc for 49 on node -1
[    1.645074]   alloc kstat_irqs on node -1
[    1.645119] pcieport 0000:00:18.1: irq 49 for MSI/MSI-X
[    1.645164] pcieport 0000:00:18.1: setting latency timer to 64
[    1.645209]   alloc irq_desc for 50 on node -1
[    1.645212]   alloc kstat_irqs on node -1
[    1.645257] pcieport 0000:00:18.2: irq 50 for MSI/MSI-X
[    1.645302] pcieport 0000:00:18.2: setting latency timer to 64
[    1.645347]   alloc irq_desc for 51 on node -1
[    1.645348]   alloc kstat_irqs on node -1
[    1.645394] pcieport 0000:00:18.3: irq 51 for MSI/MSI-X
[    1.645439] pcieport 0000:00:18.3: setting latency timer to 64
[    1.645484]   alloc irq_desc for 52 on node -1
[    1.645485]   alloc kstat_irqs on node -1
[    1.645530] pcieport 0000:00:18.4: irq 52 for MSI/MSI-X
[    1.645575] pcieport 0000:00:18.4: setting latency timer to 64
[    1.645621]   alloc irq_desc for 53 on node -1
[    1.645623]   alloc kstat_irqs on node -1
[    1.645668] pcieport 0000:00:18.5: irq 53 for MSI/MSI-X
[    1.645713] pcieport 0000:00:18.5: setting latency timer to 64
[    1.645758]   alloc irq_desc for 54 on node -1
[    1.645760]   alloc kstat_irqs on node -1
[    1.645805] pcieport 0000:00:18.6: irq 54 for MSI/MSI-X
[    1.645850] pcieport 0000:00:18.6: setting latency timer to 64
[    1.645895]   alloc irq_desc for 55 on node -1
[    1.645897]   alloc kstat_irqs on node -1
[    1.645942] pcieport 0000:00:18.7: irq 55 for MSI/MSI-X
[    1.645987] pcieport 0000:00:18.7: setting latency timer to 64
[    1.646032] pci_hotplug: PCI Hot Plug PCI Core version: 0.5
[    1.647827] pciehp 0000:00:15.0:pcie04: HPC vendor_id 15ad device_id 7a0 ss_vid 0 ss_did 0
[    1.647872] pciehp 0000:00:15.0:pcie04: service driver pciehp loaded
[    1.647917] pciehp 0000:00:15.1:pcie04: HPC vendor_id 15ad device_id 7a0 ss_vid 0 ss_did 0
[    1.647962] pciehp 0000:00:15.1:pcie04: service driver pciehp loaded
[    1.648007] pciehp 0000:00:15.2:pcie04: HPC vendor_id 15ad device_id 7a0 ss_vid 0 ss_did 0
[    1.648052] pciehp 0000:00:15.2:pcie04: service driver pciehp loaded
[    1.648097] pciehp 0000:00:15.3:pcie04: HPC vendor_id 15ad device_id 7a0 ss_vid 0 ss_did 0
[    1.648142] pciehp 0000:00:15.3:pcie04: service driver pciehp loaded
[    1.648187] pciehp 0000:00:15.4:pcie04: HPC vendor_id 15ad device_id 7a0 ss_vid 0 ss_did 0
[    1.648232] pciehp 0000:00:15.4:pcie04: service driver pciehp loaded
[    1.648277] pciehp 0000:00:15.5:pcie04: HPC vendor_id 15ad device_id 7a0 ss_vid 0 ss_did 0
[    1.648322] pciehp 0000:00:15.5:pcie04: service driver pciehp loaded
[    1.648367] pciehp 0000:00:15.6:pcie04: HPC vendor_id 15ad device_id 7a0 ss_vid 0 ss_did 0
[    1.648412] pciehp 0000:00:15.6:pcie04: service driver pciehp loaded
[    1.648457] pciehp 0000:00:15.7:pcie04: HPC vendor_id 15ad device_id 7a0 ss_vid 0 ss_did 0
[    1.648502] pciehp 0000:00:15.7:pcie04: service driver pciehp loaded
[    1.648547] pciehp 0000:00:16.0:pcie04: HPC vendor_id 15ad device_id 7a0 ss_vid 0 ss_did 0
[    1.648592] pciehp 0000:00:16.0:pcie04: service driver pciehp loaded
[    1.648637] pciehp 0000:00:16.1:pcie04: HPC vendor_id 15ad device_id 7a0 ss_vid 0 ss_did 0
[    1.648682] pciehp 0000:00:16.1:pcie04: service driver pciehp loaded
[    1.648727] pciehp 0000:00:16.2:pcie04: HPC vendor_id 15ad device_id 7a0 ss_vid 0 ss_did 0
[    1.648772] pciehp 0000:00:16.2:pcie04: service driver pciehp loaded
[    1.648817] pciehp 0000:00:16.3:pcie04: HPC vendor_id 15ad device_id 7a0 ss_vid 0 ss_did 0
[    1.648862] pciehp 0000:00:16.3:pcie04: service driver pciehp loaded
[    1.648907] pciehp 0000:00:16.4:pcie04: HPC vendor_id 15ad device_id 7a0 ss_vid 0 ss_did 0
[    1.648952] pciehp 0000:00:16.4:pcie04: service driver pciehp loaded
[    1.648998] pciehp 0000:00:16.5:pcie04: HPC vendor_id 15ad device_id 7a0 ss_vid 0 ss_did 0
[    1.649043] pciehp 0000:00:16.5:pcie04: service driver pciehp loaded
[    1.649088] pciehp 0000:00:16.6:pcie04: HPC vendor_id 15ad device_id 7a0 ss_vid 0 ss_did 0
[    1.649133] pciehp 0000:00:16.6:pcie04: service driver pciehp loaded
[    1.649178] pciehp 0000:00:16.7:pcie04: HPC vendor_id 15ad device_id 7a0 ss_vid 0 ss_did 0
[    1.649223] pciehp 0000:00:16.7:pcie04: service driver pciehp loaded
[    1.649268] pciehp 0000:00:17.0:pcie04: HPC vendor_id 15ad device_id 7a0 ss_vid 0 ss_did 0
[    1.649313] pciehp 0000:00:17.0:pcie04: service driver pciehp loaded
[    1.649358] pciehp 0000:00:17.1:pcie04: HPC vendor_id 15ad device_id 7a0 ss_vid 0 ss_did 0
[    1.649403] pciehp 0000:00:17.1:pcie04: service driver pciehp loaded
[    1.649448] pciehp 0000:00:17.2:pcie04: HPC vendor_id 15ad device_id 7a0 ss_vid 0 ss_did 0
[    1.649493] pciehp 0000:00:17.2:pcie04: service driver pciehp loaded
[    1.649538] pciehp 0000:00:17.3:pcie04: HPC vendor_id 15ad device_id 7a0 ss_vid 0 ss_did 0
[    1.649583] pciehp 0000:00:17.3:pcie04: service driver pciehp loaded
[    1.649628] pciehp 0000:00:17.4:pcie04: HPC vendor_id 15ad device_id 7a0 ss_vid 0 ss_did 0
[    1.649673] pciehp 0000:00:17.4:pcie04: service driver pciehp loaded
[    1.649718] pciehp 0000:00:17.5:pcie04: HPC vendor_id 15ad device_id 7a0 ss_vid 0 ss_did 0
[    1.649763] pciehp 0000:00:17.5:pcie04: service driver pciehp loaded
[    1.649808] pciehp 0000:00:17.6:pcie04: HPC vendor_id 15ad device_id 7a0 ss_vid 0 ss_did 0
[    1.649853] pciehp 0000:00:17.6:pcie04: service driver pciehp loaded
[    1.649898] pciehp 0000:00:17.7:pcie04: HPC vendor_id 15ad device_id 7a0 ss_vid 0 ss_did 0
[    1.649943] pciehp 0000:00:17.7:pcie04: service driver pciehp loaded
[    1.649988] pciehp 0000:00:18.0:pcie04: HPC vendor_id 15ad device_id 7a0 ss_vid 0 ss_did 0
[    1.650033] pciehp 0000:00:18.0:pcie04: service driver pciehp loaded
[    1.650078] pciehp 0000:00:18.1:pcie04: HPC vendor_id 15ad device_id 7a0 ss_vid 0 ss_did 0
[    1.650123] pciehp 0000:00:18.1:pcie04: service driver pciehp loaded
[    1.650168] pciehp 0000:00:18.2:pcie04: HPC vendor_id 15ad device_id 7a0 ss_vid 0 ss_did 0
[    1.650213] pciehp 0000:00:18.2:pcie04: service driver pciehp loaded
[    1.650258] pciehp 0000:00:18.3:pcie04: HPC vendor_id 15ad device_id 7a0 ss_vid 0 ss_did 0
[    1.650303] pciehp 0000:00:18.3:pcie04: service driver pciehp loaded
[    1.650348] pciehp 0000:00:18.4:pcie04: HPC vendor_id 15ad device_id 7a0 ss_vid 0 ss_did 0
[    1.650393] pciehp 0000:00:18.4:pcie04: service driver pciehp loaded
[    1.650438] pciehp 0000:00:18.5:pcie04: HPC vendor_id 15ad device_id 7a0 ss_vid 0 ss_did 0
[    1.650483] pciehp 0000:00:18.5:pcie04: service driver pciehp loaded
[    1.650528] pciehp 0000:00:18.6:pcie04: HPC vendor_id 15ad device_id 7a0 ss_vid 0 ss_did 0
[    1.650573] pciehp 0000:00:18.6:pcie04: service driver pciehp loaded
[    1.650619] pciehp 0000:00:18.7:pcie04: HPC vendor_id 15ad device_id 7a0 ss_vid 0 ss_did 0
[    1.650664] pciehp 0000:00:18.7:pcie04: service driver pciehp loaded
[    1.650671] pciehp: PCI Express Hot Plug Controller Driver version: 0.4
[    1.650720] ACPI: AC Adapter [ACAD] (on-line)
[    1.650771] input: Power Button as /devices/LNXSYSTM:00/LNXPWRBN:00/input/input0
[    1.650774] ACPI: Power Button [PWRF]
[    1.650819] processor LNXCPU:00: registered as cooling_device0
[    1.691718] isapnp: Scanning for PnP cards...
[    2.045228] isapnp: No Plug & Play device found
[    2.045259] random 0000 0000 0000 5f8db4e5 4cfdf2a8: initializing
[    2.045385] Linux agpgart interface v0.103
[    2.045424] agpgart-intel 0000:00:00.0: Intel 440BX Chipset
[    2.045476] agpgart-intel 0000:00:00.0: AGP aperture is 256M @ 0x0
[    2.045507] Serial: 8250/16550 driver, 32 ports, IRQ sharing enabled
[    2.045559] serial8250: ttyS0 at I/O 0x3f8 (irq = 4) is a 16550A
[    2.045612] serial8250: ttyS1 at I/O 0x2f8 (irq = 3) is a 16550A
[    2.045664] 00:0a: ttyS0 at I/O 0x3f8 (irq = 4) is a 16550A
[    2.045717] 00:0b: ttyS1 at I/O 0x2f8 (irq = 3) is a 16550A
[    2.045769] brd: module loaded
[    2.045822] loop: module loaded
[    2.045874] ata_piix 0000:00:07.1: version 2.13
[    2.045955] scsi0 : ata_piix
[    2.046001] scsi1 : ata_piix
[    2.046021] ata1: PATA max UDMA/33 cmd 0x1f0 ctl 0x3f6 bmdma 0x10c0 irq 14
[    2.046022] ata2: PATA max UDMA/33 cmd 0x170 ctl 0x376 bmdma 0x10c8 irq 15
[    2.046069] PPP generic driver version 2.4.2
[    2.046088] tun: Universal TUN/TAP device driver, 1.6
[    2.046090] tun: (C) 1999-2004 Max Krasnyansky <maxk@qualcomm.com>
[    2.046142] ehci_hcd: USB 2.0 'Enhanced' Host Controller (EHCI) Driver
[    2.046195] ACPI: PCI Interrupt Link [LNKB] enabled at IRQ 11
[    2.046197] PCI: setting IRQ 11 as level-triggered
[    2.046204] ehci_hcd 0000:02:03.0: PCI INT A -> Link[LNKB] -> GSI 11 (level, low) -> IRQ 11
[    2.046240] ehci_hcd 0000:02:03.0: EHCI Host Controller
[    2.046261] ehci_hcd 0000:02:03.0: new USB bus registered, assigned bus number 1
[    2.046314] ehci_hcd 0000:02:03.0: cache line size of 32 is not supported
[    2.046320] ehci_hcd 0000:02:03.0: irq 11, io mem 0xc9000000
[    2.046622] random 0000 0000 0000 00000000 00000000: rand_read_num 3 get_random_bytes(8): sig 00000000 00000000 00000000
[    2.046624] random 0000 0000 0000 00000000 00000000: extract_entropy(.. 8 ..)
[    2.046627] random 0000 0000 0000 00000000 00000000: going to reseed nonblocking with 64 bits (64 of 0 requested)
[    2.046629] random 0000 0000 0000 00000000 00000000: extract_entropy(.. 8 ..)
[    2.046631] random 0000 0000 0000 00000000 00000000: trying to extract 64 bits from input
[    2.046633] random 0000 0000 0000 00000000 00000000: debiting 0 entropy credits from input
[    2.046635] random 0000 0000 0000 00000000 00000000: extract_entropy account returned: 0 
[    2.046638] random 0000 0000 0000 00000000 00000000: urand_change_num 5 xfer_secondary_pool(8): pool_sig 00000000, data_sig 00000000, bytes_mixed 0 00000000 00000000
[    2.046641] random 0000 0000 0000 00000000 00000000: trying to extract 64 bits from nonblocking
[    2.046643] random 0000 0000 0000 00000000 00000000: debiting 64 entropy credits from nonblocking (unlimited)
[    2.046645] random 0000 0000 0000 00000000 00000000: extract_entropy account returned: 8 
[    2.046649] random 0000 0000 0000 00000000 00000000: urand_change_num 6 extract_buf: pool_sig 00000000, data_sig fffffff9, bytes_mixed 20 00000000 00000000
[    2.055187] ehci_hcd 0000:02:03.0: USB 2.0 started, EHCI 1.00
[    2.055240] usb usb1: configuration #1 chosen from 1 choice
[    2.055259] hub 1-0:1.0: USB hub found
[    2.055264] hub 1-0:1.0: 6 ports detected
[    2.055297] ohci_hcd: USB 1.1 'Open' Host Controller (OHCI) Driver
[    2.055308] uhci_hcd: USB Universal Host Controller Interface driver
[    2.055360] ACPI: PCI Interrupt Link [LNKC] enabled at IRQ 10
[    2.055363] PCI: setting IRQ 10 as level-triggered
[    2.055367] uhci_hcd 0000:02:00.0: PCI INT A -> Link[LNKC] -> GSI 10 (level, low) -> IRQ 10
[    2.055399] uhci_hcd 0000:02:00.0: UHCI Host Controller
[    2.055425] uhci_hcd 0000:02:00.0: new USB bus registered, assigned bus number 2
[    2.055525] uhci_hcd 0000:02:00.0: irq 10, io base 0x000020c0
[    2.055577] usb usb2: configuration #1 chosen from 1 choice
[    2.055592] hub 2-0:1.0: USB hub found
[    2.055596] hub 2-0:1.0: 2 ports detected
[    2.055648] usbcore: registered new interface driver libusual
[    2.055674] PNP: PS/2 Controller [PNP0303:KBC,PNP0f13:MOUS] at 0x60,0x64 irq 1,12
[    2.056005] serio: i8042 KBD port at 0x60,0x64 irq 1
[    2.056012] serio: i8042 AUX port at 0x60,0x64 irq 12
[    2.056044] mice: PS/2 mouse device common for all mice
[    2.056097] rtc_cmos 00:04: rtc core: registered rtc_cmos as rtc0
[    2.056112] rtc0: alarms up to one month, y3k, 114 bytes nvram, hpet irqs
[    2.056165] device-mapper: uevent: version 1.0.3
[    2.056274] device-mapper: ioctl: 4.15.0-ioctl (2009-04-01) initialised: dm-devel@redhat.com
[    2.056290] EISA: Probing bus 0 at eisa.0
[    2.056297] Cannot allocate resource for EISA slot 1
[    2.056299] Cannot allocate resource for EISA slot 2
[    2.056300] Cannot allocate resource for EISA slot 3
[    2.056302] Cannot allocate resource for EISA slot 4
[    2.056304] Cannot allocate resource for EISA slot 5
[    2.056306] Cannot allocate resource for EISA slot 6
[    2.056307] Cannot allocate resource for EISA slot 7
[    2.056309] Cannot allocate resource for EISA slot 8
[    2.056311] EISA: Detected 0 cards.
[    2.056353] cpuidle: using governor ladder
[    2.056355] cpuidle: using governor menu
[    2.056408] random 0000 0000 0000 00000000 00000000: rand_read_num 4 get_random_bytes(136): sig 0000021d 00000000 00000000
[    2.056430] random 0000 0000 0000 00000000 00000000: extract_entropy(.. 136 ..)
[    2.056433] random 0000 0000 0000 00000000 00000000: going to reseed nonblocking with 1024 bits (1088 of 0 requested)
[    2.056435] random 0000 0000 0000 00000000 00000000: extract_entropy(.. 128 ..)
[    2.056437] random 0000 0000 0000 00000000 00000000: trying to extract 1024 bits from input
[    2.056439] random 0000 0000 0000 00000000 00000000: debiting 0 entropy credits from input
[    2.056441] random 0000 0000 0000 00000000 00000000: extract_entropy account returned: 0 
[    2.056444] random 0000 0000 0000 00000000 00000000: urand_change_num 7 xfer_secondary_pool(136): pool_sig 0000021d, data_sig 00000000, bytes_mixed 0 00000000 00000000
[    2.056446] random 0000 0000 0000 00000000 00000000: trying to extract 1088 bits from nonblocking
[    2.056449] random 0000 0000 0000 00000000 00000000: debiting 1088 entropy credits from nonblocking (unlimited)
[    2.056451] random 0000 0000 0000 00000000 00000000: extract_entropy account returned: 136 
[    2.056454] random 0000 0000 0000 00000000 00000000: urand_change_num 8 extract_buf: pool_sig 0000021d, data_sig fffffff7, bytes_mixed 20 00000000 00000000
[    2.056459] random 0000 0000 0000 f961ee50 ba9cb1aa: urand_change_num 9 extract_buf: pool_sig 00000230, data_sig fffffeb4, bytes_mixed 20 f961ee50 ba9cb1aa
[    2.056463] random 0000 0000 0000 9748bdd6 56fb8af6: urand_change_num 10 extract_buf: pool_sig 00000373, data_sig 000000cf, bytes_mixed 20 9748bdd6 56fb8af6
[    2.056467] random 0000 0000 0000 9748bdd6 56fb8af6: urand_change_num 11 extract_buf: pool_sig fffffe49, data_sig 0000023f, bytes_mixed 20 9748bdd6 56fb8af6
[    2.056471] random 0000 0000 0000 a135be86 4777650e: urand_change_num 12 extract_buf: pool_sig fffffcce, data_sig 000000c6, bytes_mixed 20 a135be86 4777650e
[    2.056476] random 0000 0000 0000 4a6ea85d 170e00dd: urand_change_num 13 extract_buf: pool_sig ffffff97, data_sig ffffff7d, bytes_mixed 20 4a6ea85d 170e00dd
[    2.056480] random 0000 0000 0000 4a6ea85d 170e00dd: urand_change_num 14 extract_buf: pool_sig 00000160, data_sig fffffeea, bytes_mixed 20 4a6ea85d 170e00dd
[    2.056484] random 0000 0000 0000 6e87c3cb da668c73: urand_change_num 15 extract_buf: pool_sig 0000034f, data_sig ffffff54, bytes_mixed 20 6e87c3cb da668c73
[    2.056488] random 0000 0000 0000 6e87c3cb da668c73: urand_change_num 16 extract_buf: pool_sig fffffdc5, data_sig 00000205, bytes_mixed 20 6e87c3cb da668c73
[    2.056492] random 0000 0000 0000 39f531e6 461eb249: urand_change_num 17 extract_buf: pool_sig fffffc1d, data_sig ffffff5e, bytes_mixed 20 39f531e6 461eb249
[    2.056496] random 0000 0000 0000 7e1538a2 3e661182: urand_change_num 18 extract_buf: pool_sig 000006ef, data_sig ffffff2e, bytes_mixed 20 7e1538a2 3e661182
[    2.056500] random 0000 0000 0000 7e1538a2 3e661182: urand_change_num 19 extract_buf: pool_sig 00000317, data_sig fffffccb, bytes_mixed 20 7e1538a2 3e661182
[    2.056504] random 0000 0000 0000 76af506b 9b57305e: urand_change_num 20 extract_buf: pool_sig 00000227, data_sig ffffffd2, bytes_mixed 20 76af506b 9b57305e
[    2.056509] random 0000 0000 0000 37d49d89 e20417cc: urand_change_num 21 extract_buf: pool_sig 0000080b, data_sig 000001e9, bytes_mixed 20 37d49d89 e20417cc
[    2.056512] TCP cubic registered
[    2.056565] NET: Registered protocol family 10
[    2.056599] RANDOM - __random32 called. Change num 12.  Value: 5eba7c56	3354535f	8d65ceee
[    2.056601] RANDOM - random32 called.  Value: 5eba7c56	3354535f	8d65ceee
[    2.056609] random 0000 0000 0000 37d49d89 e20417cc: rand_read_num 5 get_random_bytes(4): sig 00000298 37d49d89 e20417cc
[    2.056612] random 0000 0000 0000 37d49d89 e20417cc: extract_entropy(.. 4 ..)
[    2.056614] random 0000 0000 0000 37d49d89 e20417cc: going to reseed nonblocking with 64 bits (32 of 0 requested)
[    2.056616] random 0000 0000 0000 37d49d89 e20417cc: extract_entropy(.. 8 ..)
[    2.056618] random 0000 0000 0000 37d49d89 e20417cc: trying to extract 64 bits from input
[    2.056620] random 0000 0000 0000 37d49d89 e20417cc: debiting 0 entropy credits from input
[    2.056622] random 0000 0000 0000 37d49d89 e20417cc: extract_entropy account returned: 0 
[    2.056625] random 0000 0000 0000 37d49d89 e20417cc: urand_change_num 22 xfer_secondary_pool(4): pool_sig 00000298, data_sig 00000000, bytes_mixed 0 37d49d89 e20417cc
[    2.056627] random 0000 0000 0000 37d49d89 e20417cc: trying to extract 32 bits from nonblocking
[    2.056629] random 0000 0000 0000 37d49d89 e20417cc: debiting 32 entropy credits from nonblocking (unlimited)
[    2.056631] random 0000 0000 0000 37d49d89 e20417cc: extract_entropy account returned: 4 
[    2.056635] random 0000 0000 0000 37d49d89 e20417cc: urand_change_num 23 extract_buf: pool_sig 00000298, data_sig 00000092, bytes_mixed 20 37d49d89 e20417cc
[    2.056687] RANDOM - __random32 called. Change num 13.  Value: a7c56226	354535ff	9ddcc977
[    2.056689] RANDOM - random32 called.  Value: a7c56226	354535ff	9ddcc977
[    2.056742] NET: Registered protocol family 17
[    2.056762] Using IPI No-Shortcut mode
[    2.056767] random 0000 0000 0000 2ee4c4fc 167bdb15: rand_read_num 6 get_random_bytes(8): sig fffffcbf 2ee4c4fc 167bdb15
[    2.056769] random 0000 0000 0000 2ee4c4fc 167bdb15: extract_entropy(.. 8 ..)
[    2.056771] random 0000 0000 0000 2ee4c4fc 167bdb15: going to reseed nonblocking with 64 bits (64 of 0 requested)
[    2.056773] random 0000 0000 0000 2ee4c4fc 167bdb15: extract_entropy(.. 8 ..)
[    2.056775] random 0000 0000 0000 2ee4c4fc 167bdb15: trying to extract 64 bits from input
[    2.056777] random 0000 0000 0000 2ee4c4fc 167bdb15: debiting 0 entropy credits from input
[    2.056779] random 0000 0000 0000 2ee4c4fc 167bdb15: extract_entropy account returned: 0 
[    2.056782] random 0000 0000 0000 2ee4c4fc 167bdb15: urand_change_num 24 xfer_secondary_pool(8): pool_sig fffffcbf, data_sig 00000000, bytes_mixed 0 2ee4c4fc 167bdb15
[    2.056785] random 0000 0000 0000 2ee4c4fc 167bdb15: trying to extract 64 bits from nonblocking
[    2.056787] random 0000 0000 0000 2ee4c4fc 167bdb15: debiting 64 entropy credits from nonblocking (unlimited)
[    2.056789] random 0000 0000 0000 2ee4c4fc 167bdb15: extract_entropy account returned: 8 
[    2.056792] random 0000 0000 0000 2ee4c4fc 167bdb15: urand_change_num 25 extract_buf: pool_sig fffffcbf, data_sig ffffff83, bytes_mixed 20 2ee4c4fc 167bdb15
[    2.056830] PM: Resume from disk failed.
[    2.056838] registered taskstats version 1
[    2.056841] random 0000 0000 0000 2ee4c4fc 167bdb15: rand_read_num 7 get_random_bytes(12): sig fffffc69 2ee4c4fc 167bdb15
[    2.056843] random 0000 0000 0000 2ee4c4fc 167bdb15: extract_entropy(.. 12 ..)
[    2.056845] random 0000 0000 0000 2ee4c4fc 167bdb15: going to reseed nonblocking with 96 bits (96 of 0 requested)
[    2.056847] random 0000 0000 0000 2ee4c4fc 167bdb15: extract_entropy(.. 12 ..)
[    2.056849] random 0000 0000 0000 2ee4c4fc 167bdb15: trying to extract 96 bits from input
[    2.056851] random 0000 0000 0000 2ee4c4fc 167bdb15: debiting 0 entropy credits from input
[    2.056853] random 0000 0000 0000 2ee4c4fc 167bdb15: extract_entropy account returned: 0 
[    2.056856] random 0000 0000 0000 2ee4c4fc 167bdb15: urand_change_num 26 xfer_secondary_pool(12): pool_sig fffffc69, data_sig 00000000, bytes_mixed 0 2ee4c4fc 167bdb15
[    2.056858] random 0000 0000 0000 2ee4c4fc 167bdb15: trying to extract 96 bits from nonblocking
[    2.056860] random 0000 0000 0000 2ee4c4fc 167bdb15: debiting 96 entropy credits from nonblocking (unlimited)
[    2.056862] random 0000 0000 0000 2ee4c4fc 167bdb15: extract_entropy account returned: 12 
[    2.056866] random 0000 0000 0000 2ee4c4fc 167bdb15: urand_change_num 27 extract_buf: pool_sig fffffc69, data_sig ffffff7d, bytes_mixed 20 2ee4c4fc 167bdb15
[    2.056870] random 0000 0000 0000 83b7c1ab 94697f48: urand_change_num 28 extract_buf: pool_sig fffffe30, data_sig fffffdd6, bytes_mixed 20 83b7c1ab 94697f48
[    2.056872] RANDOM - __seed init called.
[    2.056874] RANDOM - __seed init called.
[    2.056875] RANDOM - __seed init called.
[    2.056876] RANDOM - __random32 called. Change num 14.  Value: fc007995	feca4f80	21b38ad2
[    2.056878] RANDOM - random32_reseed called.  Value: fc007995	feca4f80	21b38ad2
[    2.056881] Pid: 1, comm: swapper Not tainted 2.6.32.57 #4
[    2.056882] Call Trace:
[    2.056889]  [<c14a8a0e>] ? printk+0x1d/0x1f
[    2.056893]  [<c17537e5>] random32_reseed+0x89/0xbd
[    2.056897]  [<c1003042>] do_one_initcall+0x32/0x1a0
[    2.056899]  [<c175375c>] ? random32_reseed+0x0/0xbd
[    2.056903]  [<c17308e7>] kernel_init+0x12d/0x17a
[    2.056905]  [<c17307ba>] ? kernel_init+0x0/0x17a
[    2.056908]  [<c1009b07>] kernel_thread_helper+0x7/0x10
[    2.059695] input: AT Translated Set 2 keyboard as /devices/platform/i8042/serio0/input/input1
[    2.059973] random 0000 0000 0000 6db70b00 b30ce96b: rand_read_num 8 get_random_bytes(64): sig fffffb38 6db70b00 b30ce96b
[    2.059976] random 0000 0000 0000 6db70b00 b30ce96b: extract_entropy(.. 64 ..)
[    2.059979] random 0000 0000 0000 6db70b00 b30ce96b: going to reseed nonblocking with 512 bits (512 of 0 requested)
[    2.059981] random 0000 0000 0000 6db70b00 b30ce96b: extract_entropy(.. 64 ..)
[    2.059983] random 0000 0000 0000 6db70b00 b30ce96b: trying to extract 512 bits from input
[    2.059985] random 0000 0000 0000 6db70b00 b30ce96b: debiting 0 entropy credits from input
[    2.059987] random 0000 0000 0000 6db70b00 b30ce96b: extract_entropy account returned: 0 
[    2.059990] random 0000 0000 0000 6db70b00 b30ce96b: urand_change_num 29 xfer_secondary_pool(64): pool_sig fffffb38, data_sig 00000000, bytes_mixed 0 6db70b00 b30ce96b
[    2.059993] random 0000 0000 0000 6db70b00 b30ce96b: trying to extract 512 bits from nonblocking
[    2.059995] random 0000 0000 0000 6db70b00 b30ce96b: debiting 512 entropy credits from nonblocking (unlimited)
[    2.059998] random 0000 0000 0000 6db70b00 b30ce96b: extract_entropy account returned: 64 
[    2.060001] random 0000 0000 0000 6db70b00 b30ce96b: urand_change_num 30 extract_buf: pool_sig fffffb38, data_sig 00000151, bytes_mixed 20 6db70b00 b30ce96b
[    2.060006] random 0000 0000 0000 6db70b00 b30ce96b: urand_change_num 31 extract_buf: pool_sig fffffdb8, data_sig 00000379, bytes_mixed 20 6db70b00 b30ce96b
[    2.060010] random 0000 0000 0000 6b83001e d4b6c0d3: urand_change_num 32 extract_buf: pool_sig ffffffc9, data_sig 00000198, bytes_mixed 20 6b83001e d4b6c0d3
[    2.060015] random 0000 0000 0000 79d3e3c7 be564518: urand_change_num 33 extract_buf: pool_sig 000002b9, data_sig ffffff84, bytes_mixed 20 79d3e3c7 be564518
[    2.060019] random 0000 0000 0000 79d3e3c7 be564518: urand_change_num 34 extract_buf: pool_sig ffffff55, data_sig ffffff5a, bytes_mixed 20 79d3e3c7 be564518
[    2.060024] random 0000 0000 0000 89c03cb2 0d353228: urand_change_num 35 extract_buf: pool_sig 00000007, data_sig ffffff17, bytes_mixed 20 89c03cb2 0d353228
[    2.060028] random 0000 0000 0000 89c03cb2 0d353228: urand_change_num 36 extract_buf: pool_sig fffffdae, data_sig 000000db, bytes_mixed 20 89c03cb2 0d353228  Magic number: 13:165:505
[    2.060033] i8042 i8042: hash matches
[    2.060123] rtc_cmos 00:04: setting system clock to 2013-05-24 23:28:08 UTC (1369438088)
[    2.060126] BIOS EDD facility v0.16 2004-Jun-25, 0 devices found
[    2.060127] EDD information not available.
[    2.060151] random 0000 0000 0000 8ca62387 b120332c: rand_read_num 9 get_random_bytes(64): sig fffffed6 8ca62387 b120332c
[    2.060153] random 0000 0000 0000 8ca62387 b120332c: extract_entropy(.. 64 ..)
[    2.060155] random 0000 0000 0000 8ca62387 b120332c: going to reseed nonblocking with 512 bits (512 of 0 requested)
[    2.060158] random 0000 0000 0000 8ca62387 b120332c: extract_entropy(.. 64 ..)
[    2.060160] random 0000 0000 0000 8ca62387 b120332c: trying to extract 512 bits from input
[    2.060162] random 0000 0000 0000 8ca62387 b120332c: debiting 0 entropy credits from input
[    2.060164] random 0000 0000 0000 8ca62387 b120332c: extract_entropy account returned: 0 
[    2.060167] random 0000 0000 0000 8ca62387 b120332c: urand_change_num 37 xfer_secondary_pool(64): pool_sig fffffed6, data_sig 00000000, bytes_mixed 0 8ca62387 b120332c
[    2.060169] random 0000 0000 0000 8ca62387 b120332c: trying to extract 512 bits from nonblocking
[    2.060172] random 0000 0000 0000 8ca62387 b120332c: debiting 512 entropy credits from nonblocking (unlimited)
[    2.060174] random 0000 0000 0000 8ca62387 b120332c: extract_entropy account returned: 64 
[    2.060178] random 0000 0000 0000 8ca62387 b120332c: urand_change_num 38 extract_buf: pool_sig fffffed6, data_sig fffffeb6, bytes_mixed 20 8ca62387 b120332c
[    2.060182] random 0000 0000 0000 90702413 e2a66c2e: urand_change_num 39 extract_buf: pool_sig fffffbb0, data_sig 0000012e, bytes_mixed 20 90702413 e2a66c2e
[    2.060186] random 0000 0000 0000 90702413 e2a66c2e: urand_change_num 40 extract_buf: pool_sig fffffaf1, data_sig ffffff3c, bytes_mixed 20 90702413 e2a66c2e
[    2.060191] random 0000 0000 0000 3f58038b c77aecb6: urand_change_num 41 extract_buf: pool_sig 00000234, data_sig fffffdec, bytes_mixed 20 3f58038b c77aecb6
[    2.060195] random 0000 0000 0000 47187b9d 03f21510: urand_change_num 42 extract_buf: pool_sig 00000192, data_sig 00000075, bytes_mixed 20 47187b9d 03f21510
[    2.060200] random 0000 0000 0000 47187b9d 03f21510: urand_change_num 43 extract_buf: pool_sig 0000018e, data_sig ffffffbf, bytes_mixed 20 47187b9d 03f21510
[    2.060204] random 0000 0000 0000 3180b1fc 0fa9c973: urand_change_num 44 extract_buf: pool_sig fffffecf, data_sig ffffff2a, bytes_mixed 20 3180b1fc 0fa9c973
[    2.060207] BEGIN NET_SECRET:
[    2.060208] \xffffff87
[    2.060209] \xffffff8d
[    2.060210] \xfffffff4
[    2.060212] \xffffffae
[    2.060213] \xffffffc3
[    2.060214] \xffffffb7
[    2.060215] \x31
[    2.060216] \x65
[    2.060217] \xffffffda
[    2.060219] \xffffffa2
[    2.060220] \x31
[    2.060221] \xffffffc8
[    2.060222] \xffffffa9
[    2.060223] \x76
[    2.060224] \x76
[    2.060225] \xffffff90
[    2.060227] \x55
[    2.060228] \xfffffff3
[    2.060229] \xffffffb1
[    2.060230] \x3
[    2.060231] \xffffffb3
[    2.060232] \xffffffa7
[    2.060233] \x5a
[    2.060235] \x71
[    2.060236] \x70
[    2.060237] \xffffff8c
[    2.060238] \x56
[    2.060239] \x25
[    2.060240] \xffffffe1
[    2.060241] \x4c
[    2.060242] \xffffffe6
[    2.060244] \xffffff95
[    2.060245] \x67
[    2.060246] \x4c
[    2.060247] \xffffffb9
[    2.060248] \x1d
[    2.060249] \xe
[    2.060250] \x34
[    2.060252] \xffffffbe
[    2.060253] \x12
[    2.060254] \x5
[    2.060255] \xffffff98
[    2.060256] \xffffffa0
[    2.060257] \xf
[    2.060258] \xffffffb2
[    2.060260] \xffffffde
[    2.060261] \xffffff99
[    2.060262] \xf
[    2.060263] \xffffffe8
[    2.060264] \xffffffc8
[    2.060265] \x1f
[    2.060266] \x54
[    2.060267] \x2c
[    2.060269] \xffffffee
[    2.060270] \x2e
[    2.060271] \x0
[    2.060272] \xffffff95
[    2.060273] \x0
[    2.060274] \xffffffe3
[    2.060275] \xffffffa7
[    2.060277] \xfffffffd
[    2.060278] \x66
[    2.060279] \xffffff92
[    2.060280] \xfffffff0
[    2.060281] 
[    2.060282] END NET_SECRET
[    2.060285] random 0000 0000 0000 3180b1fc 0fa9c973: rand_read_num 10 get_random_bytes(4): sig ffffff46 3180b1fc 0fa9c973
[    2.060287] random 0000 0000 0000 3180b1fc 0fa9c973: extract_entropy(.. 4 ..)
[    2.060289] random 0000 0000 0000 3180b1fc 0fa9c973: going to reseed nonblocking with 64 bits (32 of 0 requested)
[    2.060292] random 0000 0000 0000 3180b1fc 0fa9c973: extract_entropy(.. 8 ..)
[    2.060294] random 0000 0000 0000 3180b1fc 0fa9c973: trying to extract 64 bits from input
[    2.060296] random 0000 0000 0000 3180b1fc 0fa9c973: debiting 0 entropy credits from input
[    2.060298] random 0000 0000 0000 3180b1fc 0fa9c973: extract_entropy account returned: 0 
[    2.060301] random 0000 0000 0000 3180b1fc 0fa9c973: urand_change_num 45 xfer_secondary_pool(4): pool_sig ffffff46, data_sig 00000000, bytes_mixed 0 3180b1fc 0fa9c973
[    2.060304] random 0000 0000 0000 3180b1fc 0fa9c973: trying to extract 32 bits from nonblocking
[    2.060306] random 0000 0000 0000 3180b1fc 0fa9c973: debiting 32 entropy credits from nonblocking (unlimited)
[    2.060308] random 0000 0000 0000 3180b1fc 0fa9c973: extract_entropy account returned: 4 
[    2.060311] random 0000 0000 0000 3180b1fc 0fa9c973: urand_change_num 46 extract_buf: pool_sig ffffff46, data_sig 0000001b, bytes_mixed 20 3180b1fc 0fa9c973
[    2.236926] ata2.00: ATAPI: VMware Virtual IDE CDROM Drive, 00000001, max UDMA/33
[    2.237207] ata2.00: configured for UDMA/33
[    2.237590] scsi 1:0:0:0: CD-ROM            NECVMWar VMware IDE CDR10 1.00 PQ: 0 ANSI: 5
[    2.238887] sr0: scsi3-mmc drive: 306x/306x cd/rw xa/form2 cdda tray
[    2.238891] Uniform CD-ROM driver Revision: 3.20
[    2.238944] sr 1:0:0:0: Attached scsi CD-ROM sr0
[    2.238982] sr 1:0:0:0: Attached scsi generic sg0 type 5
[    2.239020] Freeing unused kernel memory: 652k freed
[    2.239072] Write protecting the kernel text: 4840k
[    2.239103] Write protecting the kernel read-only data: 1968k
