[    0.000000] random 0000 0000 0000 00000000 00000000: rand_read_num 1 get_random_bytes(8): sig 00000000 00000000 00000000
[    0.000000] random 0000 0000 0000 00000000 00000000: extract_entropy(.. 8 ..)
[    0.000000] random 0000 0000 0000 00000000 00000000: going to reseed nonblocking with 64 bits (64 of 0 requested)
[    0.000000] random 0000 0000 0000 00000000 00000000: extract_entropy(.. 8 ..)
[    0.000000] random 0000 0000 0000 00000000 00000000: trying to extract 64 bits from input
[    0.000000] random 0000 0000 0000 00000000 00000000: debiting 0 entropy credits from input
[    0.000000] random 0000 0000 0000 00000000 00000000: extract_entropy account returned: 0 
[    0.000000] random 0000 0000 0000 00000000 00000000: urand_change_num 1 xfer_secondary_pool(8): pool_sig 00000000, data_sig 00000000, bytes_mixed 0 00000000 00000000
[    0.000000] random 0000 0000 0000 00000000 00000000: trying to extract 64 bits from nonblocking
[    0.000000] random 0000 0000 0000 00000000 00000000: debiting 64 entropy credits from nonblocking (unlimited)
[    0.000000] random 0000 0000 0000 00000000 00000000: extract_entropy account returned: 8 
[    0.000000] random 0000 0000 0000 00000000 00000000: urand_change_num 2 extract_buf: pool_sig 00000000, data_sig fffffff9, bytes_mixed 20 00000000 00000000
[    0.000000] Initializing cgroup subsys cpuset
[    0.000000] Initializing cgroup subsys cpu
[    0.000000] Linux version 2.6.32.57 (dcashman@ubuntu) (gcc version 4.6.3 (Ubuntu/Linaro 4.6.3-1ubuntu5) ) #4 SMP Fri May 24 11:09:26 PDT 2013
[    0.000000] KERNEL supported cpus:
[    0.000000]   Intel GenuineIntel
[    0.000000]   AMD AuthenticAMD
[    0.000000]   NSC Geode by NSC
[    0.000000]   Cyrix CyrixInstead
[    0.000000]   Centaur CentaurHauls
[    0.000000]   Transmeta GenuineTMx86
[    0.000000]   Transmeta TransmetaCPU
[    0.000000]   UMC UMC UMC UMC
[    0.000000] BIOS-provided physical RAM map:
[    0.000000]  BIOS-e820: 0000000000000000 - 000000000009f000 (usable)
[    0.000000]  BIOS-e820: 000000000009f000 - 00000000000a0000 (reserved)
[    0.000000]  BIOS-e820: 00000000000ca000 - 00000000000cc000 (reserved)
[    0.000000]  BIOS-e820: 00000000000dc000 - 0000000000100000 (reserved)
[    0.000000]  BIOS-e820: 0000000000100000 - 000000003fee0000 (usable)
[    0.000000]  BIOS-e820: 000000003fee0000 - 000000003feff000 (ACPI data)
[    0.000000]  BIOS-e820: 000000003feff000 - 000000003ff00000 (ACPI NVS)
[    0.000000]  BIOS-e820: 000000003ff00000 - 0000000040000000 (usable)
[    0.000000]  BIOS-e820: 00000000e0000000 - 00000000f0000000 (reserved)
[    0.000000]  BIOS-e820: 00000000fec00000 - 00000000fec10000 (reserved)
[    0.000000]  BIOS-e820: 00000000fee00000 - 00000000fee01000 (reserved)
[    0.000000]  BIOS-e820: 00000000fffe0000 - 0000000100000000 (reserved)
[    0.000000] DMI present.
[    0.000000] Phoenix BIOS detected: BIOS may corrupt low RAM, working around it.
[    0.000000] e820 update range: 0000000000000000 - 0000000000010000 (usable) ==> (reserved)
[    0.000000] last_pfn = 0x40000 max_arch_pfn = 0x1000000
[    0.000000] MTRR default type: uncachable
[    0.000000] MTRR fixed ranges enabled:
[    0.000000]   00000-9FFFF write-back
[    0.000000]   A0000-BFFFF uncachable
[    0.000000]   C0000-CBFFF write-protect
[    0.000000]   CC000-EFFFF uncachable
[    0.000000]   F0000-FFFFF write-protect
[    0.000000] MTRR variable ranges enabled:
[    0.000000]   0 base 0000000000 mask FFC0000000 write-back
[    0.000000]   1 disabled
[    0.000000]   2 disabled
[    0.000000]   3 disabled
[    0.000000]   4 disabled
[    0.000000]   5 disabled
[    0.000000]   6 disabled
[    0.000000]   7 disabled
[    0.000000] x86 PAT enabled: cpu 0, old 0x0, new 0x7010600070106
[    0.000000] Scanning 0 areas for low memory corruption
[    0.000000] modified physical RAM map:
[    0.000000]  modified: 0000000000000000 - 0000000000010000 (reserved)
[    0.000000]  modified: 0000000000010000 - 000000000009f000 (usable)
[    0.000000]  modified: 000000000009f000 - 00000000000a0000 (reserved)
[    0.000000]  modified: 00000000000ca000 - 00000000000cc000 (reserved)
[    0.000000]  modified: 00000000000dc000 - 0000000000100000 (reserved)
[    0.000000]  modified: 0000000000100000 - 000000003fee0000 (usable)
[    0.000000]  modified: 000000003fee0000 - 000000003feff000 (ACPI data)
[    0.000000]  modified: 000000003feff000 - 000000003ff00000 (ACPI NVS)
[    0.000000]  modified: 000000003ff00000 - 0000000040000000 (usable)
[    0.000000]  modified: 00000000e0000000 - 00000000f0000000 (reserved)
[    0.000000]  modified: 00000000fec00000 - 00000000fec10000 (reserved)
[    0.000000]  modified: 00000000fee00000 - 00000000fee01000 (reserved)
[    0.000000]  modified: 00000000fffe0000 - 0000000100000000 (reserved)
[    0.000000] initial memory mapped : 0 - 01e00000
[    0.000000] init_memory_mapping: 0000000000000000-00000000379fe000
[    0.000000] NX (Execute Disable) protection: active
[    0.000000]  0000000000 - 0000200000 page 4k
[    0.000000]  0000200000 - 0037800000 page 2M
[    0.000000]  0037800000 - 00379fe000 page 4k
[    0.000000] kernel direct mapping tables up to 379fe000 @ 10000-16000
[    0.000000] RAMDISK: 2dcfc000 - 32e758c3
[    0.000000] ACPI: RSDP 000f6b80 00024 (v02 PTLTD )
[    0.000000] ACPI: XSDT 3feed636 0005C (v01 INTEL  440BX    06040000 VMW  01324272)
[    0.000000] ACPI: FACP 3fefee98 000F4 (v04 INTEL  440BX    06040000 PTL  000F4240)
[    0.000000] ACPI: DSDT 3feee366 10B32 (v01 PTLTD  Custom   06040000 MSFT 03000001)
[    0.000000] ACPI: FACS 3fefffc0 00040
[    0.000000] ACPI: BOOT 3feee33e 00028 (v01 PTLTD  $SBFTBL$ 06040000  LTP 00000001)
[    0.000000] ACPI: APIC 3feedc3e 003C2 (v01 PTLTD  ? APIC   06040000  LTP 00000000)
[    0.000000] ACPI: MCFG 3feedc02 0003C (v01 PTLTD  $PCITBL$ 06040000  LTP 00000001)
[    0.000000] ACPI: SRAT 3feed732 004D0 (v02 VMWARE MEMPLUG  06040000 VMW  00000001)
[    0.000000] ACPI: HPET 3feed6fa 00038 (v01 VMWARE VMW HPET 06040000 VMW  00000001)
[    0.000000] ACPI: WAET 3feed6d2 00028 (v01 VMWARE VMW WAET 06040000 VMW  00000001)
[    0.000000] ACPI: Local APIC address 0xfee00000
[    0.000000] 134MB HIGHMEM available.
[    0.000000] 889MB LOWMEM available.
[    0.000000]   mapped low ram: 0 - 379fe000
[    0.000000]   low ram: 0 - 379fe000
[    0.000000]   node 0 low ram: 00000000 - 379fe000
[    0.000000]   node 0 bootmap 00012000 - 00018f40
[    0.000000] (9 early reservations) ==> bootmem [0000000000 - 00379fe000]
[    0.000000]   #0 [0000000000 - 0000001000]   BIOS data page ==> [0000000000 - 0000001000]
[    0.000000]   #1 [0000001000 - 0000002000]    EX TRAMPOLINE ==> [0000001000 - 0000002000]
[    0.000000]   #2 [0000006000 - 0000007000]       TRAMPOLINE ==> [0000006000 - 0000007000]
[    0.000000]   #3 [0001000000 - 0001a75ff8]    TEXT DATA BSS ==> [0001000000 - 0001a75ff8]
[    0.000000]   #4 [002dcfc000 - 0032e758c3]          RAMDISK ==> [002dcfc000 - 0032e758c3]
[    0.000000]   #5 [000009f000 - 0000100000]    BIOS reserved ==> [000009f000 - 0000100000]
[    0.000000]   #6 [0001a76000 - 0001a851c0]              BRK ==> [0001a76000 - 0001a851c0]
[    0.000000]   #7 [0000010000 - 0000012000]          PGTABLE ==> [0000010000 - 0000012000]
[    0.000000]   #8 [0000012000 - 0000019000]          BOOTMAP ==> [0000012000 - 0000019000]
[    0.000000] found SMP MP-table at [c00f6bf0] f6bf0
[    0.000000] Zone PFN ranges:
[    0.000000]   DMA      0x00000010 -> 0x00001000
[    0.000000]   Normal   0x00001000 -> 0x000379fe
[    0.000000]   HighMem  0x000379fe -> 0x00040000
[    0.000000] Movable zone start PFN for each node
[    0.000000] early_node_map[3] active PFN ranges
[    0.000000]     0: 0x00000010 -> 0x0000009f
[    0.000000]     0: 0x00000100 -> 0x0003fee0
[    0.000000]     0: 0x0003ff00 -> 0x00040000
[    0.000000] On node 0 totalpages: 261999
[    0.000000] free_area_init_node: node 0, pgdat c1715200, node_mem_map c1a87200
[    0.000000]   DMA zone: 32 pages used for memmap
[    0.000000]   DMA zone: 0 pages reserved
[    0.000000]   DMA zone: 3951 pages, LIFO batch:0
[    0.000000]   Normal zone: 1748 pages used for memmap
[    0.000000]   Normal zone: 221994 pages, LIFO batch:31
[    0.000000]   HighMem zone: 269 pages used for memmap
[    0.000000]   HighMem zone: 34005 pages, LIFO batch:7
[    0.000000] Using APIC driver default
[    0.000000] ACPI: PM-Timer IO Port: 0x1008
[    0.000000] ACPI: Local APIC address 0xfee00000
[    0.000000] ACPI: LAPIC (acpi_id[0x00] lapic_id[0x00] enabled)
[    0.000000] ACPI: LAPIC (acpi_id[0x01] lapic_id[0x02] disabled)
[    0.000000] ACPI: LAPIC (acpi_id[0x02] lapic_id[0x04] disabled)
[    0.000000] ACPI: LAPIC (acpi_id[0x03] lapic_id[0x06] disabled)
[    0.000000] ACPI: LAPIC (acpi_id[0x04] lapic_id[0x08] disabled)
[    0.000000] ACPI: LAPIC (acpi_id[0x05] lapic_id[0x0a] disabled)
[    0.000000] ACPI: LAPIC (acpi_id[0x06] lapic_id[0x0c] disabled)
[    0.000000] ACPI: LAPIC (acpi_id[0x07] lapic_id[0x0e] disabled)
[    0.000000] ACPI: LAPIC (acpi_id[0x08] lapic_id[0x10] disabled)
[    0.000000] ACPI: LAPIC (acpi_id[0x09] lapic_id[0x12] disabled)
[    0.000000] ACPI: LAPIC (acpi_id[0x0a] lapic_id[0x14] disabled)
[    0.000000] ACPI: LAPIC (acpi_id[0x0b] lapic_id[0x16] disabled)
[    0.000000] ACPI: LAPIC (acpi_id[0x0c] lapic_id[0x18] disabled)
[    0.000000] ACPI: LAPIC (acpi_id[0x0d] lapic_id[0x1a] disabled)
[    0.000000] ACPI: LAPIC (acpi_id[0x0e] lapic_id[0x1c] disabled)
[    0.000000] ACPI: LAPIC (acpi_id[0x0f] lapic_id[0x1e] disabled)
[    0.000000] ACPI: LAPIC (acpi_id[0x10] lapic_id[0x20] disabled)
[    0.000000] ACPI: LAPIC (acpi_id[0x11] lapic_id[0x22] disabled)
[    0.000000] ACPI: LAPIC (acpi_id[0x12] lapic_id[0x24] disabled)
[    0.000000] ACPI: LAPIC (acpi_id[0x13] lapic_id[0x26] disabled)
[    0.000000] ACPI: LAPIC (acpi_id[0x14] lapic_id[0x28] disabled)
[    0.000000] ACPI: LAPIC (acpi_id[0x15] lapic_id[0x2a] disabled)
[    0.000000] ACPI: LAPIC (acpi_id[0x16] lapic_id[0x2c] disabled)
[    0.000000] ACPI: LAPIC (acpi_id[0x17] lapic_id[0x2e] disabled)
[    0.000000] ACPI: LAPIC (acpi_id[0x18] lapic_id[0x30] disabled)
[    0.000000] ACPI: LAPIC (acpi_id[0x19] lapic_id[0x32] disabled)
[    0.000000] ACPI: LAPIC (acpi_id[0x1a] lapic_id[0x34] disabled)
[    0.000000] ACPI: LAPIC (acpi_id[0x1b] lapic_id[0x36] disabled)
[    0.000000] ACPI: LAPIC (acpi_id[0x1c] lapic_id[0x38] disabled)
[    0.000000] ACPI: LAPIC (acpi_id[0x1d] lapic_id[0x3a] disabled)
[    0.000000] ACPI: LAPIC (acpi_id[0x1e] lapic_id[0x3c] disabled)
[    0.000000] ACPI: LAPIC (acpi_id[0x1f] lapic_id[0x3e] disabled)
[    0.000000] ACPI: LAPIC (acpi_id[0x20] lapic_id[0x40] disabled)
[    0.000000] ACPI: LAPIC (acpi_id[0x21] lapic_id[0x42] disabled)
[    0.000000] ACPI: LAPIC (acpi_id[0x22] lapic_id[0x44] disabled)
[    0.000000] ACPI: LAPIC (acpi_id[0x23] lapic_id[0x46] disabled)
[    0.000000] ACPI: LAPIC (acpi_id[0x24] lapic_id[0x48] disabled)
[    0.000000] ACPI: LAPIC (acpi_id[0x25] lapic_id[0x4a] disabled)
[    0.000000] ACPI: LAPIC (acpi_id[0x26] lapic_id[0x4c] disabled)
[    0.000000] ACPI: LAPIC (acpi_id[0x27] lapic_id[0x4e] disabled)
[    0.000000] ACPI: LAPIC (acpi_id[0x28] lapic_id[0x50] disabled)
[    0.000000] ACPI: LAPIC (acpi_id[0x29] lapic_id[0x52] disabled)
[    0.000000] ACPI: LAPIC (acpi_id[0x2a] lapic_id[0x54] disabled)
[    0.000000] ACPI: LAPIC (acpi_id[0x2b] lapic_id[0x56] disabled)
[    0.000000] ACPI: LAPIC (acpi_id[0x2c] lapic_id[0x58] disabled)
[    0.000000] ACPI: LAPIC (acpi_id[0x2d] lapic_id[0x5a] disabled)
[    0.000000] ACPI: LAPIC (acpi_id[0x2e] lapic_id[0x5c] disabled)
[    0.000000] ACPI: LAPIC (acpi_id[0x2f] lapic_id[0x5e] disabled)
[    0.000000] ACPI: LAPIC (acpi_id[0x30] lapic_id[0x60] disabled)
[    0.000000] ACPI: LAPIC (acpi_id[0x31] lapic_id[0x62] disabled)
[    0.000000] ACPI: LAPIC (acpi_id[0x32] lapic_id[0x64] disabled)
[    0.000000] ACPI: LAPIC (acpi_id[0x33] lapic_id[0x66] disabled)
[    0.000000] ACPI: LAPIC (acpi_id[0x34] lapic_id[0x68] disabled)
[    0.000000] ACPI: LAPIC (acpi_id[0x35] lapic_id[0x6a] disabled)
[    0.000000] ACPI: LAPIC (acpi_id[0x36] lapic_id[0x6c] disabled)
[    0.000000] ACPI: LAPIC (acpi_id[0x37] lapic_id[0x6e] disabled)
[    0.000000] ACPI: LAPIC (acpi_id[0x38] lapic_id[0x70] disabled)
[    0.000000] ACPI: LAPIC (acpi_id[0x39] lapic_id[0x72] disabled)
[    0.000000] ACPI: LAPIC (acpi_id[0x3a] lapic_id[0x74] disabled)
[    0.000000] ACPI: LAPIC (acpi_id[0x3b] lapic_id[0x76] disabled)
[    0.000000] ACPI: LAPIC (acpi_id[0x3c] lapic_id[0x78] disabled)
[    0.000000] ACPI: LAPIC (acpi_id[0x3d] lapic_id[0x7a] disabled)
[    0.000000] ACPI: LAPIC (acpi_id[0x3e] lapic_id[0x7c] disabled)
[    0.000000] ACPI: LAPIC (acpi_id[0x3f] lapic_id[0x7e] disabled)
[    0.000000] ACPI: LAPIC_NMI (acpi_id[0x00] high edge lint[0x1])
[    0.000000] ACPI: LAPIC_NMI (acpi_id[0x01] high edge lint[0x1])
[    0.000000] ACPI: LAPIC_NMI (acpi_id[0x02] high edge lint[0x1])
[    0.000000] ACPI: LAPIC_NMI (acpi_id[0x03] high edge lint[0x1])
[    0.000000] ACPI: LAPIC_NMI (acpi_id[0x04] high edge lint[0x1])
[    0.000000] ACPI: LAPIC_NMI (acpi_id[0x05] high edge lint[0x1])
[    0.000000] ACPI: LAPIC_NMI (acpi_id[0x06] high edge lint[0x1])
[    0.000000] ACPI: LAPIC_NMI (acpi_id[0x07] high edge lint[0x1])
[    0.000000] ACPI: LAPIC_NMI (acpi_id[0x08] high edge lint[0x1])
[    0.000000] ACPI: LAPIC_NMI (acpi_id[0x09] high edge lint[0x1])
[    0.000000] ACPI: LAPIC_NMI (acpi_id[0x0a] high edge lint[0x1])
[    0.000000] ACPI: LAPIC_NMI (acpi_id[0x0b] high edge lint[0x1])
[    0.000000] ACPI: LAPIC_NMI (acpi_id[0x0c] high edge lint[0x1])
[    0.000000] ACPI: LAPIC_NMI (acpi_id[0x0d] high edge lint[0x1])
[    0.000000] ACPI: LAPIC_NMI (acpi_id[0x0e] high edge lint[0x1])
[    0.000000] ACPI: LAPIC_NMI (acpi_id[0x0f] high edge lint[0x1])
[    0.000000] ACPI: LAPIC_NMI (acpi_id[0x10] high edge lint[0x1])
[    0.000000] ACPI: LAPIC_NMI (acpi_id[0x11] high edge lint[0x1])
[    0.000000] ACPI: LAPIC_NMI (acpi_id[0x12] high edge lint[0x1])
[    0.000000] ACPI: LAPIC_NMI (acpi_id[0x13] high edge lint[0x1])
[    0.000000] ACPI: LAPIC_NMI (acpi_id[0x14] high edge lint[0x1])
[    0.000000] ACPI: LAPIC_NMI (acpi_id[0x15] high edge lint[0x1])
[    0.000000] ACPI: LAPIC_NMI (acpi_id[0x16] high edge lint[0x1])
[    0.000000] ACPI: LAPIC_NMI (acpi_id[0x17] high edge lint[0x1])
[    0.000000] ACPI: LAPIC_NMI (acpi_id[0x18] high edge lint[0x1])
[    0.000000] ACPI: LAPIC_NMI (acpi_id[0x19] high edge lint[0x1])
[    0.000000] ACPI: LAPIC_NMI (acpi_id[0x1a] high edge lint[0x1])
[    0.000000] ACPI: LAPIC_NMI (acpi_id[0x1b] high edge lint[0x1])
[    0.000000] ACPI: LAPIC_NMI (acpi_id[0x1c] high edge lint[0x1])
[    0.000000] ACPI: LAPIC_NMI (acpi_id[0x1d] high edge lint[0x1])
[    0.000000] ACPI: LAPIC_NMI (acpi_id[0x1e] high edge lint[0x1])
[    0.000000] ACPI: LAPIC_NMI (acpi_id[0x1f] high edge lint[0x1])
[    0.000000] ACPI: LAPIC_NMI (acpi_id[0x20] high edge lint[0x1])
[    0.000000] ACPI: LAPIC_NMI (acpi_id[0x21] high edge lint[0x1])
[    0.000000] ACPI: LAPIC_NMI (acpi_id[0x22] high edge lint[0x1])
[    0.000000] ACPI: LAPIC_NMI (acpi_id[0x23] high edge lint[0x1])
[    0.000000] ACPI: LAPIC_NMI (acpi_id[0x24] high edge lint[0x1])
[    0.000000] ACPI: LAPIC_NMI (acpi_id[0x25] high edge lint[0x1])
[    0.000000] ACPI: LAPIC_NMI (acpi_id[0x26] high edge lint[0x1])
[    0.000000] ACPI: LAPIC_NMI (acpi_id[0x27] high edge lint[0x1])
[    0.000000] ACPI: LAPIC_NMI (acpi_id[0x28] high edge lint[0x1])
[    0.000000] ACPI: LAPIC_NMI (acpi_id[0x29] high edge lint[0x1])
[    0.000000] ACPI: LAPIC_NMI (acpi_id[0x2a] high edge lint[0x1])
[    0.000000] ACPI: LAPIC_NMI (acpi_id[0x2b] high edge lint[0x1])
[    0.000000] ACPI: LAPIC_NMI (acpi_id[0x2c] high edge lint[0x1])
[    0.000000] ACPI: LAPIC_NMI (acpi_id[0x2d] high edge lint[0x1])
[    0.000000] ACPI: LAPIC_NMI (acpi_id[0x2e] high edge lint[0x1])
[    0.000000] ACPI: LAPIC_NMI (acpi_id[0x2f] high edge lint[0x1])
[    0.000000] ACPI: LAPIC_NMI (acpi_id[0x30] high edge lint[0x1])
[    0.000000] ACPI: LAPIC_NMI (acpi_id[0x31] high edge lint[0x1])
[    0.000000] ACPI: LAPIC_NMI (acpi_id[0x32] high edge lint[0x1])
[    0.000000] ACPI: LAPIC_NMI (acpi_id[0x33] high edge lint[0x1])
[    0.000000] ACPI: LAPIC_NMI (acpi_id[0x34] high edge lint[0x1])
[    0.000000] ACPI: LAPIC_NMI (acpi_id[0x35] high edge lint[0x1])
[    0.000000] ACPI: LAPIC_NMI (acpi_id[0x36] high edge lint[0x1])
[    0.000000] ACPI: LAPIC_NMI (acpi_id[0x37] high edge lint[0x1])
[    0.000000] ACPI: LAPIC_NMI (acpi_id[0x38] high edge lint[0x1])
[    0.000000] ACPI: LAPIC_NMI (acpi_id[0x39] high edge lint[0x1])
[    0.000000] ACPI: LAPIC_NMI (acpi_id[0x3a] high edge lint[0x1])
[    0.000000] ACPI: LAPIC_NMI (acpi_id[0x3b] high edge lint[0x1])
[    0.000000] ACPI: LAPIC_NMI (acpi_id[0x3c] high edge lint[0x1])
[    0.000000] ACPI: LAPIC_NMI (acpi_id[0x3d] high edge lint[0x1])
[    0.000000] ACPI: LAPIC_NMI (acpi_id[0x3e] high edge lint[0x1])
[    0.000000] ACPI: LAPIC_NMI (acpi_id[0x3f] high edge lint[0x1])
[    0.000000] ACPI: Skipping IOAPIC probe due to 'noapic' option.
[    0.000000] Using ACPI for processor (LAPIC) configuration information
[    0.000000] ACPI: HPET id: 0x8086af01 base: 0xfed00000
[    0.000000] Intel MultiProcessor Specification v1.4
[    0.000000]     Virtual Wire compatibility mode.
[    0.000000] MPTABLE: OEM ID: INTEL   
[    0.000000] MPTABLE: Product ID: 440BX       
[    0.000000] MPTABLE: APIC at: 0xFEE00000
[    0.000000] I/O APIC #1 Version 17 at 0xFEC00000.
[    0.000000] Processors: 1
[    0.000000] 64 Processors exceeds NR_CPUS limit of 8
[    0.000000] SMP: Allowing 8 CPUs, 7 hotplug CPUs
[    0.000000] nr_irqs_gsi: 24
[    0.000000] PM: Registered nosave memory: 000000000009f000 - 00000000000a0000
[    0.000000] PM: Registered nosave memory: 00000000000a0000 - 00000000000ca000
[    0.000000] PM: Registered nosave memory: 00000000000ca000 - 00000000000cc000
[    0.000000] PM: Registered nosave memory: 00000000000cc000 - 00000000000dc000
[    0.000000] PM: Registered nosave memory: 00000000000dc000 - 0000000000100000
[    0.000000] Allocating PCI resources starting at 40000000 (gap: 40000000:a0000000)
[    0.000000] Booting paravirtualized kernel on bare hardware
[    0.000000] NR_CPUS:8 nr_cpumask_bits:8 nr_cpu_ids:8 nr_node_ids:1
[    0.000000] PERCPU: Embedded 15 pages/cpu @c2400000 s39320 r0 d22120 u262144
[    0.000000] pcpu-alloc: s39320 r0 d22120 u262144 alloc=1*2097152
[    0.000000] pcpu-alloc: [0] 0 1 2 3 4 5 6 7 
[    0.000000] Built 1 zonelists in Zone order, mobility grouping on.  Total pages: 259950
[    0.000000] Kernel command line: BOOT_IMAGE=/boot/vmlinuz-2.6.32.57 root=UUID=007b598c-390d-4c65-84a1-4ff752d48633 ro quiet splash maxcpus=0
[    0.000000] PID hash table entries: 4096 (order: 2, 16384 bytes)
[    0.000000] Dentry cache hash table entries: 131072 (order: 7, 524288 bytes)
[    0.000000] Inode-cache hash table entries: 65536 (order: 6, 262144 bytes)
[    0.000000] Enabling fast FPU save and restore... done.
[    0.000000] Enabling unmasked SIMD FPU exception support... done.
[    0.000000] Initializing CPU#0
[    0.000000] xsave/xrstor: enabled xstate_bv 0x7, cntxt size 0x340
[    0.000000] allocated 5242560 bytes of page_cgroup
[    0.000000] please try 'cgroup_disable=memory' option if you don't want memory cgroups
[    0.000000] Initializing HighMem for node 0 (000379fe:00040000)
[    0.000000] Memory: 938260k/1048576k available (4839k kernel code, 108848k reserved, 2518k data, 652k init, 137096k highmem)
[    0.000000] virtual kernel memory layout:
[    0.000000]     fixmap  : 0xfff1e000 - 0xfffff000   ( 900 kB)
[    0.000000]     pkmap   : 0xffa00000 - 0xffc00000   (2048 kB)
[    0.000000]     vmalloc : 0xf81fe000 - 0xff9fe000   ( 120 MB)
[    0.000000]     lowmem  : 0xc0000000 - 0xf79fe000   ( 889 MB)
[    0.000000]       .init : 0xc1730000 - 0xc17d3000   ( 652 kB)
[    0.000000]       .data : 0xc14b9cce - 0xc172f764   (2518 kB)
[    0.000000]       .text : 0xc1000000 - 0xc14b9cce   (4839 kB)
[    0.000000] Checking if this processor honours the WP bit even in supervisor mode...Ok.
[    0.000000] SLUB: Genslabs=13, HWalign=64, Order=0-3, MinObjects=0, CPUs=8, Nodes=1
[    0.000000] Hierarchical RCU implementation.
[    0.000000] NR_IRQS:2304 nr_irqs:472
[    0.000000] Extended CMOS year: 2000
[    0.000000] Console: colour VGA+ 80x25
[    0.000000] console [tty0] enabled
[    0.000000] hpet clockevent registered
[    0.000000] TSC freq read from hypervisor : 2394.620 MHz
[    0.000000] Detected 2394.620 MHz processor.
[    0.000003] Calibrating delay loop (skipped) preset value.. 4789.24 BogoMIPS (lpj=9578480)
[    0.000011] Security Framework initialized
[    0.000014] SELinux:  Disabled at boot.
[    0.000018] Mount-cache hash table entries: 512
[    0.000118] Initializing cgroup subsys cpuacct
[    0.000121] Initializing cgroup subsys memory
[    0.000124] Initializing cgroup subsys devices
[    0.000125] Initializing cgroup subsys freezer
[    0.000152] CPU: Physical Processor ID: 0
[    0.000158] CPU: L1 I cache: 32K, L1 D cache: 32K
[    0.000160] CPU: L2 cache: 256K
[    0.000161] CPU: L3 cache: 4096K
[    0.000166] mce: CPU supports 0 MCE banks
[    0.000177] Performance Events: no PMU driver, software events only.
[    0.000187] Checking 'hlt' instruction... OK.
[    0.017638] SMP alternatives: switching to UP code
[    0.033442] ACPI: Core revision 20090903
[    0.039676] ACPI: setting ELCR to 0200 (from 0e20)
[    0.040749] ftrace: converting mcount calls to 0f 1f 44 00 00
[    0.040754] ftrace: allocating 22631 entries in 45 pages
[    0.058433] CANARY value: f9968320 for PID: 1
[    0.058488] Not enabling x2apic, Intr-remapping init failed.
[    0.058490] Enabling APIC mode:  Flat.  Using 1 I/O APICs
[    0.058498] SMP mode deactivated.
[    0.058523] SMP disabled
[    0.058580] Brought up 1 CPUs
[    0.058581] Total of 1 processors activated (4789.24 BogoMIPS).
[    0.058585] CPU0 attaching NULL sched-domain.
[    0.058654] devtmpfs: initialized
[    0.058761] sysctl table check failed: /kernel/random/now_input .1.40.7 Unknown sysctl binary path
[    0.059001] Pid: 1, comm: swapper Not tainted 2.6.32.57 #4
[    0.059002] Call Trace:
[    0.059007]  [<c14a8a0e>] ? printk+0x1d/0x1f
[    0.059010]  [<c107b56f>] set_fail+0x4f/0x60
[    0.059012]  [<c107b8b3>] sysctl_check_table+0x333/0x620
[    0.059013]  [<c107b8cc>] sysctl_check_table+0x34c/0x620
[    0.059015]  [<c107b8cc>] sysctl_check_table+0x34c/0x620
[    0.059019]  [<c1746d48>] sysctl_init+0x25/0x29
[    0.059021]  [<c1003042>] do_one_initcall+0x32/0x1a0
[    0.059023]  [<c1746d23>] ? sysctl_init+0x0/0x29
[    0.059025]  [<c17308e7>] kernel_init+0x12d/0x17a
[    0.059027]  [<c17307ba>] ? kernel_init+0x0/0x17a
[    0.059029]  [<c1009b07>] kernel_thread_helper+0x7/0x10
[    0.059031] sysctl table check failed: /kernel/random/now_blocking .1.40.8 Unknown sysctl binary path
[    0.059293] Pid: 1, comm: swapper Not tainted 2.6.32.57 #4
[    0.059294] Call Trace:
[    0.059295]  [<c14a8a0e>] ? printk+0x1d/0x1f
[    0.059297]  [<c107b56f>] set_fail+0x4f/0x60
[    0.059299]  [<c107b8b3>] sysctl_check_table+0x333/0x620
[    0.059300]  [<c107b8cc>] sysctl_check_table+0x34c/0x620
[    0.059302]  [<c107b8cc>] sysctl_check_table+0x34c/0x620
[    0.059304]  [<c1746d48>] sysctl_init+0x25/0x29
[    0.059306]  [<c1003042>] do_one_initcall+0x32/0x1a0
[    0.059308]  [<c1746d23>] ? sysctl_init+0x0/0x29
[    0.059309]  [<c17308e7>] kernel_init+0x12d/0x17a
[    0.059311]  [<c17307ba>] ? kernel_init+0x0/0x17a
[    0.059312]  [<c1009b07>] kernel_thread_helper+0x7/0x10
[    0.059314] sysctl table check failed: /kernel/random/now_nonblocking .1.40.9 Unknown sysctl binary path
[    0.059544] Pid: 1, comm: swapper Not tainted 2.6.32.57 #4
[    0.059545] Call Trace:
[    0.059546]  [<c14a8a0e>] ? printk+0x1d/0x1f
[    0.059548]  [<c107b56f>] set_fail+0x4f/0x60
[    0.059549]  [<c107b8b3>] sysctl_check_table+0x333/0x620
[    0.059551]  [<c107b8cc>] sysctl_check_table+0x34c/0x620
[    0.059552]  [<c107b8cc>] sysctl_check_table+0x34c/0x620
[    0.059555]  [<c1746d48>] sysctl_init+0x25/0x29
[    0.059556]  [<c1003042>] do_one_initcall+0x32/0x1a0
[    0.059558]  [<c1746d23>] ? sysctl_init+0x0/0x29
[    0.059560]  [<c17308e7>] kernel_init+0x12d/0x17a
[    0.059561]  [<c17307ba>] ? kernel_init+0x0/0x17a
[    0.059563]  [<c1009b07>] kernel_thread_helper+0x7/0x10
[    0.059564] sysctl table check failed: /kernel/random/nb_input_bytes .1.40.10 Unknown sysctl binary path
[    0.059794] Pid: 1, comm: swapper Not tainted 2.6.32.57 #4
[    0.059795] Call Trace:
[    0.059796]  [<c14a8a0e>] ? printk+0x1d/0x1f
[    0.059798]  [<c107b56f>] set_fail+0x4f/0x60
[    0.059799]  [<c107b8b3>] sysctl_check_table+0x333/0x620
[    0.059801]  [<c107b8cc>] sysctl_check_table+0x34c/0x620
[    0.059802]  [<c107b8cc>] sysctl_check_table+0x34c/0x620
[    0.059805]  [<c1746d48>] sysctl_init+0x25/0x29
[    0.059806]  [<c1003042>] do_one_initcall+0x32/0x1a0
[    0.059808]  [<c1746d23>] ? sysctl_init+0x0/0x29
[    0.059810]  [<c17308e7>] kernel_init+0x12d/0x17a
[    0.059811]  [<c17307ba>] ? kernel_init+0x0/0x17a
[    0.059813]  [<c1009b07>] kernel_thread_helper+0x7/0x10
[    0.059814] sysctl table check failed: /kernel/random/nb_stir_count .1.40.11 Unknown sysctl binary path
[    0.060044] Pid: 1, comm: swapper Not tainted 2.6.32.57 #4
[    0.060044] Call Trace:
[    0.060046]  [<c14a8a0e>] ? printk+0x1d/0x1f
[    0.060047]  [<c107b56f>] set_fail+0x4f/0x60
[    0.060049]  [<c107b8b3>] sysctl_check_table+0x333/0x620
[    0.060050]  [<c107b8cc>] sysctl_check_table+0x34c/0x620
[    0.060052]  [<c107b8cc>] sysctl_check_table+0x34c/0x620
[    0.060054]  [<c1746d48>] sysctl_init+0x25/0x29
[    0.060055]  [<c1003042>] do_one_initcall+0x32/0x1a0
[    0.060057]  [<c1746d23>] ? sysctl_init+0x0/0x29
[    0.060059]  [<c17308e7>] kernel_init+0x12d/0x17a
[    0.060060]  [<c17307ba>] ? kernel_init+0x0/0x17a
[    0.060062]  [<c1009b07>] kernel_thread_helper+0x7/0x10
[    0.060063] sysctl table check failed: /kernel/random/nb_reentry_count .1.40.12 Unknown sysctl binary path
[    0.060556] Pid: 1, comm: swapper Not tainted 2.6.32.57 #4
[    0.060557] Call Trace:
[    0.060559]  [<c14a8a0e>] ? printk+0x1d/0x1f
[    0.060561]  [<c107b56f>] set_fail+0x4f/0x60
[    0.060563]  [<c107b8b3>] sysctl_check_table+0x333/0x620
[    0.060565]  [<c107b8cc>] sysctl_check_table+0x34c/0x620
[    0.060566]  [<c107b8cc>] sysctl_check_table+0x34c/0x620
[    0.060569]  [<c1746d48>] sysctl_init+0x25/0x29
[    0.060570]  [<c1003042>] do_one_initcall+0x32/0x1a0
[    0.060573]  [<c1746d23>] ? sysctl_init+0x0/0x29
[    0.060574]  [<c17308e7>] kernel_init+0x12d/0x17a
[    0.060576]  [<c17307ba>] ? kernel_init+0x0/0x17a
[    0.060577]  [<c1009b07>] kernel_thread_helper+0x7/0x10
[    0.060712] RANDOM - __seed init called.
[    0.060713] RANDOM - __seed init called.
[    0.060714] RANDOM - __seed init called.
[    0.060715] RANDOM - __random32 called. Change num 1.  Value: 97305ca5	7ac4e314	874f43ab
[    0.060716] RANDOM - __random32 called. Change num 2.  Value: 5ca5394	ac4e3148	8757a6ab
[    0.060718] RANDOM - __random32 called. Change num 3.  Value: a53949f7	c4e3148e	4d57bd52
[    0.060719] RANDOM - __random32 called. Change num 4.  Value: 949f7180	4e3148eb	7aa4fd4a
[    0.060720] RANDOM - __random32 called. Change num 5.  Value: f7180f55	e3148ebb	fa95f062
[    0.060721] RANDOM - __random32 called. Change num 6.  Value: 80f55ede	3148ebb7	e0c5c74e
[    0.060723] RANDOM - random32 init called.  Value: 80f55ede	3148ebb7	e0c5c74e
[    0.060729] regulator: core version 0.5
[    0.060793] Time: 22:38:11  Date: 05/24/13
[    0.060828] NET: Registered protocol family 16
[    0.060891] EISA bus registered
[    0.061662] ACPI: bus type pci registered
[    0.061772] PCI: MCFG configuration 0: base e0000000 segment 0 buses 0 - 255
[    0.061774] PCI: MCFG area at e0000000 reserved in E820
[    0.061775] PCI: Using MMCONFIG for extended config space
[    0.061776] PCI: Using configuration type 1 for base access
[    0.062256] bio: create slab <bio-0> at 0
[    0.063536] ACPI: EC: Look up EC in DSDT
[    0.100449] ACPI: BIOS _OSI(Linux) query ignored
[    0.106701] ACPI: Interpreter enabled
[    0.106704] ACPI: (supports S0 S1 S4 S5)
[    0.106716] ACPI: Using PIC for interrupt routing
[    0.188861] ACPI: No dock devices found.
[    0.189695] ACPI: PCI Root Bridge [PCI0] (0000:00)
[    0.191364] pci 0000:00:07.1: reg 20 io port: [0x10c0-0x10cf]
[    0.191911] pci 0000:00:07.3: quirk: region 1000-103f claimed by PIIX4 ACPI
[    0.191923] pci 0000:00:07.3: quirk: region 1040-104f claimed by PIIX4 SMB
[    0.192511] pci 0000:00:07.7: reg 10 io port: [0x1080-0x10bf]
[    0.192888] pci 0000:00:07.7: reg 14 64bit mmio: [0xc8000000-0xc8001fff]
[    0.194095] pci 0000:00:0f.0: reg 10 io port: [0x10d0-0x10df]
[    0.194136] pci 0000:00:0f.0: reg 14 32bit mmio pref: [0xd0000000-0xd7ffffff]
[    0.194176] pci 0000:00:0f.0: reg 18 32bit mmio: [0xc8800000-0xc8ffffff]
[    0.194328] pci 0000:00:0f.0: reg 30 32bit mmio pref: [0x000000-0x007fff]
[    0.194863] pci 0000:00:10.0: reg 10 io port: [0x1400-0x14ff]
[    0.195252] pci 0000:00:10.0: reg 14 64bit mmio: [0xc8040000-0xc805ffff]
[    0.195608] pci 0000:00:10.0: reg 1c 64bit mmio: [0xc8020000-0xc803ffff]
[    0.195687] pci 0000:00:10.0: reg 30 32bit mmio pref: [0x000000-0x003fff]
[    0.197181] pci 0000:00:15.0: PME# supported from D0 D3hot D3cold
[    0.197202] pci 0000:00:15.0: PME# disabled
[    0.198133] pci 0000:00:15.1: PME# supported from D0 D3hot D3cold
[    0.198153] pci 0000:00:15.1: PME# disabled
[    0.199076] pci 0000:00:15.2: PME# supported from D0 D3hot D3cold
[    0.199098] pci 0000:00:15.2: PME# disabled
[    0.200051] pci 0000:00:15.3: PME# supported from D0 D3hot D3cold
[    0.200073] pci 0000:00:15.3: PME# disabled
[    0.200986] pci 0000:00:15.4: PME# supported from D0 D3hot D3cold
[    0.201016] pci 0000:00:15.4: PME# disabled
[    0.201914] pci 0000:00:15.5: PME# supported from D0 D3hot D3cold
[    0.201942] pci 0000:00:15.5: PME# disabled
[    0.202859] pci 0000:00:15.6: PME# supported from D0 D3hot D3cold
[    0.202879] pci 0000:00:15.6: PME# disabled
[    0.203840] pci 0000:00:15.7: PME# supported from D0 D3hot D3cold
[    0.203861] pci 0000:00:15.7: PME# disabled
[    0.204777] pci 0000:00:16.0: PME# supported from D0 D3hot D3cold
[    0.204799] pci 0000:00:16.0: PME# disabled
[    0.205725] pci 0000:00:16.1: PME# supported from D0 D3hot D3cold
[    0.205746] pci 0000:00:16.1: PME# disabled
[    0.206670] pci 0000:00:16.2: PME# supported from D0 D3hot D3cold
[    0.206691] pci 0000:00:16.2: PME# disabled
[    0.207628] pci 0000:00:16.3: PME# supported from D0 D3hot D3cold
[    0.207649] pci 0000:00:16.3: PME# disabled
[    0.208586] pci 0000:00:16.4: PME# supported from D0 D3hot D3cold
[    0.208607] pci 0000:00:16.4: PME# disabled
[    0.209531] pci 0000:00:16.5: PME# supported from D0 D3hot D3cold
[    0.209552] pci 0000:00:16.5: PME# disabled
[    0.210470] pci 0000:00:16.6: PME# supported from D0 D3hot D3cold
[    0.210491] pci 0000:00:16.6: PME# disabled
[    0.211415] pci 0000:00:16.7: PME# supported from D0 D3hot D3cold
[    0.211435] pci 0000:00:16.7: PME# disabled
[    0.212367] pci 0000:00:17.0: PME# supported from D0 D3hot D3cold
[    0.212388] pci 0000:00:17.0: PME# disabled
[    0.213311] pci 0000:00:17.1: PME# supported from D0 D3hot D3cold
[    0.213332] pci 0000:00:17.1: PME# disabled
[    0.214258] pci 0000:00:17.2: PME# supported from D0 D3hot D3cold
[    0.214279] pci 0000:00:17.2: PME# disabled
[    0.215218] pci 0000:00:17.3: PME# supported from D0 D3hot D3cold
[    0.215239] pci 0000:00:17.3: PME# disabled
[    0.216174] pci 0000:00:17.4: PME# supported from D0 D3hot D3cold
[    0.216196] pci 0000:00:17.4: PME# disabled
[    0.217129] pci 0000:00:17.5: PME# supported from D0 D3hot D3cold
[    0.217151] pci 0000:00:17.5: PME# disabled
[    0.218078] pci 0000:00:17.6: PME# supported from D0 D3hot D3cold
[    0.218099] pci 0000:00:17.6: PME# disabled
[    0.219022] pci 0000:00:17.7: PME# supported from D0 D3hot D3cold
[    0.219043] pci 0000:00:17.7: PME# disabled
[    0.219970] pci 0000:00:18.0: PME# supported from D0 D3hot D3cold
[    0.219992] pci 0000:00:18.0: PME# disabled
[    0.220900] pci 0000:00:18.1: PME# supported from D0 D3hot D3cold
[    0.220928] pci 0000:00:18.1: PME# disabled
[    0.221825] pci 0000:00:18.2: PME# supported from D0 D3hot D3cold
[    0.221846] pci 0000:00:18.2: PME# disabled
[    0.222765] pci 0000:00:18.3: PME# supported from D0 D3hot D3cold
[    0.222785] pci 0000:00:18.3: PME# disabled
[    0.223725] pci 0000:00:18.4: PME# supported from D0 D3hot D3cold
[    0.223747] pci 0000:00:18.4: PME# disabled
[    0.224672] pci 0000:00:18.5: PME# supported from D0 D3hot D3cold
[    0.224693] pci 0000:00:18.5: PME# disabled
[    0.225622] pci 0000:00:18.6: PME# supported from D0 D3hot D3cold
[    0.225643] pci 0000:00:18.6: PME# disabled
[    0.226562] pci 0000:00:18.7: PME# supported from D0 D3hot D3cold
[    0.226583] pci 0000:00:18.7: PME# disabled
[    0.227809] pci 0000:02:00.0: reg 20 io port: [0x20c0-0x20df]
[    0.228317] pci 0000:02:01.0: reg 10 io port: [0x2000-0x207f]
[    0.228535] pci 0000:02:01.0: reg 30 32bit mmio pref: [0x000000-0x00ffff]
[    0.229122] pci 0000:02:02.0: reg 10 io port: [0x2080-0x20bf]
[    0.229752] pci 0000:02:03.0: reg 10 32bit mmio: [0xc9000000-0xc9000fff]
[    0.230382] pci 0000:00:11.0: transparent bridge
[    0.230403] pci 0000:00:11.0: bridge io port: [0x2000-0x3fff]
[    0.230424] pci 0000:00:11.0: bridge 32bit mmio: [0xc9000000-0xca3fffff]
[    0.230464] pci 0000:00:11.0: bridge 64bit mmio pref: [0xd8400000-0xd89fffff]
[    0.230845] pci 0000:00:15.0: bridge io port: [0x4000-0x4fff]
[    0.230866] pci 0000:00:15.0: bridge 32bit mmio: [0xca400000-0xca4fffff]
[    0.230923] pci 0000:00:15.0: bridge 64bit mmio pref: [0xd8a00000-0xd8afffff]
[    0.231309] pci 0000:00:15.1: bridge io port: [0x8000-0x8fff]
[    0.231330] pci 0000:00:15.1: bridge 32bit mmio: [0xca800000-0xca8fffff]
[    0.231370] pci 0000:00:15.1: bridge 64bit mmio pref: [0xd8e00000-0xd8efffff]
[    0.231758] pci 0000:00:15.2: bridge io port: [0xc000-0xcfff]
[    0.231780] pci 0000:00:15.2: bridge 32bit mmio: [0xcac00000-0xcacfffff]
[    0.231820] pci 0000:00:15.2: bridge 64bit mmio pref: [0xd9200000-0xd92fffff]
[    0.232248] pci 0000:00:15.3: bridge 32bit mmio: [0xcb000000-0xcb0fffff]
[    0.232288] pci 0000:00:15.3: bridge 64bit mmio pref: [0xd9600000-0xd96fffff]
[    0.232682] pci 0000:00:15.4: bridge 32bit mmio: [0xcb400000-0xcb4fffff]
[    0.232722] pci 0000:00:15.4: bridge 64bit mmio pref: [0xd9a00000-0xd9afffff]
[    0.233139] pci 0000:00:15.5: bridge 32bit mmio: [0xcb800000-0xcb8fffff]
[    0.233179] pci 0000:00:15.5: bridge 64bit mmio pref: [0xd9e00000-0xd9efffff]
[    0.233573] pci 0000:00:15.6: bridge 32bit mmio: [0xcbc00000-0xcbcfffff]
[    0.233613] pci 0000:00:15.6: bridge 64bit mmio pref: [0xda200000-0xda2fffff]
[    0.234033] pci 0000:00:15.7: bridge 32bit mmio: [0xcc000000-0xcc0fffff]
[    0.234073] pci 0000:00:15.7: bridge 64bit mmio pref: [0xda600000-0xda6fffff]
[    0.234446] pci 0000:00:16.0: bridge io port: [0x5000-0x5fff]
[    0.234467] pci 0000:00:16.0: bridge 32bit mmio: [0xca500000-0xca5fffff]
[    0.234507] pci 0000:00:16.0: bridge 64bit mmio pref: [0xd8b00000-0xd8bfffff]
[    0.234880] pci 0000:00:16.1: bridge io port: [0x9000-0x9fff]
[    0.234918] pci 0000:00:16.1: bridge 32bit mmio: [0xca900000-0xca9fffff]
[    0.234970] pci 0000:00:16.1: bridge 64bit mmio pref: [0xd8f00000-0xd8ffffff]
[    0.235344] pci 0000:00:16.2: bridge io port: [0xd000-0xdfff]
[    0.235365] pci 0000:00:16.2: bridge 32bit mmio: [0xcad00000-0xcadfffff]
[    0.235405] pci 0000:00:16.2: bridge 64bit mmio pref: [0xd9300000-0xd93fffff]
[    0.235808] pci 0000:00:16.3: bridge 32bit mmio: [0xcb100000-0xcb1fffff]
[    0.235848] pci 0000:00:16.3: bridge 64bit mmio pref: [0xd9700000-0xd97fffff]
[    0.236264] pci 0000:00:16.4: bridge 32bit mmio: [0xcb500000-0xcb5fffff]
[    0.236304] pci 0000:00:16.4: bridge 64bit mmio pref: [0xd9b00000-0xd9bfffff]
[    0.236724] pci 0000:00:16.5: bridge 32bit mmio: [0xcb900000-0xcb9fffff]
[    0.236763] pci 0000:00:16.5: bridge 64bit mmio pref: [0xd9f00000-0xd9ffffff]
[    0.237178] pci 0000:00:16.6: bridge 32bit mmio: [0xcbd00000-0xcbdfffff]
[    0.237218] pci 0000:00:16.6: bridge 64bit mmio pref: [0xda300000-0xda3fffff]
[    0.237611] pci 0000:00:16.7: bridge 32bit mmio: [0xcc100000-0xcc1fffff]
[    0.237651] pci 0000:00:16.7: bridge 64bit mmio pref: [0xda700000-0xda7fffff]
[    0.238046] pci 0000:00:17.0: bridge io port: [0x6000-0x6fff]
[    0.238067] pci 0000:00:17.0: bridge 32bit mmio: [0xca600000-0xca6fffff]
[    0.238106] pci 0000:00:17.0: bridge 64bit mmio pref: [0xd8c00000-0xd8cfffff]
[    0.238481] pci 0000:00:17.1: bridge io port: [0xa000-0xafff]
[    0.238502] pci 0000:00:17.1: bridge 32bit mmio: [0xcaa00000-0xcaafffff]
[    0.238541] pci 0000:00:17.1: bridge 64bit mmio pref: [0xd9000000-0xd90fffff]
[    0.238927] pci 0000:00:17.2: bridge io port: [0xe000-0xefff]
[    0.238957] pci 0000:00:17.2: bridge 32bit mmio: [0xcae00000-0xcaefffff]
[    0.238997] pci 0000:00:17.2: bridge 64bit mmio pref: [0xd9400000-0xd94fffff]
[    0.239392] pci 0000:00:17.3: bridge 32bit mmio: [0xcb200000-0xcb2fffff]
[    0.239432] pci 0000:00:17.3: bridge 64bit mmio pref: [0xd9800000-0xd98fffff]
[    0.239837] pci 0000:00:17.4: bridge 32bit mmio: [0xcb600000-0xcb6fffff]
[    0.239877] pci 0000:00:17.4: bridge 64bit mmio pref: [0xd9c00000-0xd9cfffff]
[    0.240300] pci 0000:00:17.5: bridge 32bit mmio: [0xcba00000-0xcbafffff]
[    0.240340] pci 0000:00:17.5: bridge 64bit mmio pref: [0xda000000-0xda0fffff]
[    0.240734] pci 0000:00:17.6: bridge 32bit mmio: [0xcbe00000-0xcbefffff]
[    0.240774] pci 0000:00:17.6: bridge 64bit mmio pref: [0xda400000-0xda4fffff]
[    0.241188] pci 0000:00:17.7: bridge 32bit mmio: [0xcc200000-0xcc2fffff]
[    0.241227] pci 0000:00:17.7: bridge 64bit mmio pref: [0xda800000-0xda8fffff]
[    0.241603] pci 0000:00:18.0: bridge io port: [0x7000-0x7fff]
[    0.241624] pci 0000:00:18.0: bridge 32bit mmio: [0xca700000-0xca7fffff]
[    0.241664] pci 0000:00:18.0: bridge 64bit mmio pref: [0xd8d00000-0xd8dfffff]
[    0.242066] pci 0000:00:18.1: bridge io port: [0xb000-0xbfff]
[    0.242087] pci 0000:00:18.1: bridge 32bit mmio: [0xcab00000-0xcabfffff]
[    0.242126] pci 0000:00:18.1: bridge 64bit mmio pref: [0xd9100000-0xd91fffff]
[    0.242501] pci 0000:00:18.2: bridge io port: [0xf000-0xffff]
[    0.242522] pci 0000:00:18.2: bridge 32bit mmio: [0xcaf00000-0xcaffffff]
[    0.242561] pci 0000:00:18.2: bridge 64bit mmio pref: [0xd9500000-0xd95fffff]
[    0.242988] pci 0000:00:18.3: bridge 32bit mmio: [0xcb300000-0xcb3fffff]
[    0.243028] pci 0000:00:18.3: bridge 64bit mmio pref: [0xd9900000-0xd99fffff]
[    0.243423] pci 0000:00:18.4: bridge 32bit mmio: [0xcb700000-0xcb7fffff]
[    0.243463] pci 0000:00:18.4: bridge 64bit mmio pref: [0xd9d00000-0xd9dfffff]
[    0.243865] pci 0000:00:18.5: bridge 32bit mmio: [0xcbb00000-0xcbbfffff]
[    0.243922] pci 0000:00:18.5: bridge 64bit mmio pref: [0xda100000-0xda1fffff]
[    0.244326] pci 0000:00:18.6: bridge 32bit mmio: [0xcbf00000-0xcbffffff]
[    0.244366] pci 0000:00:18.6: bridge 64bit mmio pref: [0xda500000-0xda5fffff]
[    0.244760] pci 0000:00:18.7: bridge 32bit mmio: [0xcc300000-0xcc3fffff]
[    0.244800] pci 0000:00:18.7: bridge 64bit mmio pref: [0xda900000-0xda9fffff]
[    0.246388] pci_bus 0000:00: on NUMA node 0
[    0.246395] ACPI: PCI Interrupt Routing Table [\_SB_.PCI0._PRT]
[    0.467147] ACPI: PCI Interrupt Link [LNKA] (IRQs 3 4 5 6 7 *9 10 11 14 15)
[    0.467292] ACPI: PCI Interrupt Link [LNKB] (IRQs 3 4 5 6 7 9 10 *11 14 15)
[    0.467443] ACPI: PCI Interrupt Link [LNKC] (IRQs 3 4 5 6 7 9 *10 11 14 15)
[    0.467608] ACPI: PCI Interrupt Link [LNKD] (IRQs 3 4 *5 6 7 9 10 11 14 15)
[    0.467745] vgaarb: device added: PCI:0000:00:0f.0,decodes=io+mem,owns=io+mem,locks=none
[    0.467754] vgaarb: loaded
[    0.467839] SCSI subsystem initialized
[    0.467880] libata version 3.00 loaded.
[    0.467918] usbcore: registered new interface driver usbfs
[    0.467928] usbcore: registered new interface driver hub
[    0.467943] usbcore: registered new device driver usb
[    0.468007] PCI: Using ACPI for IRQ routing
[    0.468920] NetLabel: Initializing
[    0.468921] NetLabel:  domain hash size = 128
[    0.468922] NetLabel:  protocols = UNLABELED CIPSOv4
[    0.468929] NetLabel:  unlabeled traffic allowed by default
[    0.468960] hpet0: at MMIO 0xfed00000, IRQs 2, 8, 0, 0, 0, 0, 0, 0, 0, 0, 0, 0, 0, 0, 0, 0
[    0.468966] hpet0: 16 comparators, 64-bit 14.318180 MHz counter
[    0.470982] Switching to clocksource tsc
[    0.478213] pnp: PnP ACPI init
[    0.478224] ACPI: bus type pnp registered
[    0.521409] pnp: PnP ACPI: found 14 devices
[    0.521411] ACPI: ACPI bus type pnp unregistered
[    0.521414] PnPBIOS: Disabled by ACPI PNP
[    0.521425] system 00:01: ioport range 0x1000-0x103f has been reserved
[    0.521427] system 00:01: ioport range 0x1040-0x104f has been reserved
[    0.521429] system 00:01: ioport range 0xcf0-0xcf1 has been reserved
[    0.521435] system 00:08: iomem range 0xfed00000-0xfed003ff has been reserved
[    0.521438] system 00:0d: ioport range 0x1060-0x107f has been reserved
[    0.521441] system 00:0d: iomem range 0xe0000000-0xefffffff has been reserved
[    0.521442] system 00:0d: iomem range 0xc8200000-0xc83fffff has been reserved
[    0.556090] pci 0000:00:15.3: BAR 13: can't allocate I/O resource [0x10000-0xffff]
[    0.556094] pci 0000:00:15.4: BAR 13: can't allocate I/O resource [0x10000-0xffff]
[    0.556097] pci 0000:00:15.5: BAR 13: can't allocate I/O resource [0x10000-0xffff]
[    0.556100] pci 0000:00:15.6: BAR 13: can't allocate I/O resource [0x10000-0xffff]
[    0.556102] pci 0000:00:15.7: BAR 13: can't allocate I/O resource [0x10000-0xffff]
[    0.556105] pci 0000:00:16.3: BAR 13: can't allocate I/O resource [0x10000-0xffff]
[    0.556108] pci 0000:00:16.4: BAR 13: can't allocate I/O resource [0x10000-0xffff]
[    0.556110] pci 0000:00:16.5: BAR 13: can't allocate I/O resource [0x10000-0xffff]
[    0.556113] pci 0000:00:16.6: BAR 13: can't allocate I/O resource [0x10000-0xffff]
[    0.556116] pci 0000:00:16.7: BAR 13: can't allocate I/O resource [0x10000-0xffff]
[    0.556118] pci 0000:00:17.3: BAR 13: can't allocate I/O resource [0x10000-0xffff]
[    0.556121] pci 0000:00:17.4: BAR 13: can't allocate I/O resource [0x10000-0xffff]
[    0.556123] pci 0000:00:17.5: BAR 13: can't allocate I/O resource [0x10000-0xffff]
[    0.556126] pci 0000:00:17.6: BAR 13: can't allocate I/O resource [0x10000-0xffff]
[    0.556129] pci 0000:00:17.7: BAR 13: can't allocate I/O resource [0x10000-0xffff]
[    0.556131] pci 0000:00:18.3: BAR 13: can't allocate I/O resource [0x10000-0xffff]
[    0.556134] pci 0000:00:18.4: BAR 13: can't allocate I/O resource [0x10000-0xffff]
[    0.556137] pci 0000:00:18.5: BAR 13: can't allocate I/O resource [0x10000-0xffff]
[    0.556139] pci 0000:00:18.6: BAR 13: can't allocate I/O resource [0x10000-0xffff]
[    0.556142] pci 0000:00:18.7: BAR 13: can't allocate I/O resource [0x10000-0xffff]
[    0.556144] pci 0000:00:01.0: PCI bridge, secondary bus 0000:01
[    0.556146] pci 0000:00:01.0:   IO window: disabled
[    0.556186] pci 0000:00:01.0:   MEM window: disabled
[    0.556214] pci 0000:00:01.0:   PREFETCH window: disabled
[    0.556252] pci 0000:00:11.0: PCI bridge, secondary bus 0000:02
[    0.556263] pci 0000:00:11.0:   IO window: 0x2000-0x3fff
[    0.556291] pci 0000:00:11.0:   MEM window: 0xc9000000-0xca3fffff
[    0.556310] pci 0000:00:11.0:   PREFETCH window: 0x000000d8400000-0x000000d89fffff
[    0.556347] pci 0000:00:15.0: PCI bridge, secondary bus 0000:03
[    0.556357] pci 0000:00:15.0:   IO window: 0x4000-0x4fff
[    0.556385] pci 0000:00:15.0:   MEM window: 0xca400000-0xca4fffff
[    0.556404] pci 0000:00:15.0:   PREFETCH window: 0x000000d8a00000-0x000000d8afffff
[    0.556451] pci 0000:00:15.1: PCI bridge, secondary bus 0000:04
[    0.556462] pci 0000:00:15.1:   IO window: 0x8000-0x8fff
[    0.556490] pci 0000:00:15.1:   MEM window: 0xca800000-0xca8fffff
[    0.556509] pci 0000:00:15.1:   PREFETCH window: 0x000000d8e00000-0x000000d8efffff
[    0.556549] pci 0000:00:15.2: PCI bridge, secondary bus 0000:05
[    0.556560] pci 0000:00:15.2:   IO window: 0xc000-0xcfff
[    0.556588] pci 0000:00:15.2:   MEM window: 0xcac00000-0xcacfffff
[    0.556607] pci 0000:00:15.2:   PREFETCH window: 0x000000d9200000-0x000000d92fffff
[    0.556647] pci 0000:00:15.3: PCI bridge, secondary bus 0000:06
[    0.556648] pci 0000:00:15.3:   IO window: disabled
[    0.556676] pci 0000:00:15.3:   MEM window: 0xcb000000-0xcb0fffff
[    0.556696] pci 0000:00:15.3:   PREFETCH window: 0x000000d9600000-0x000000d96fffff
[    0.556735] pci 0000:00:15.4: PCI bridge, secondary bus 0000:07
[    0.556737] pci 0000:00:15.4:   IO window: disabled
[    0.556765] pci 0000:00:15.4:   MEM window: 0xcb400000-0xcb4fffff
[    0.556784] pci 0000:00:15.4:   PREFETCH window: 0x000000d9a00000-0x000000d9afffff
[    0.556824] pci 0000:00:15.5: PCI bridge, secondary bus 0000:08
[    0.556825] pci 0000:00:15.5:   IO window: disabled
[    0.556853] pci 0000:00:15.5:   MEM window: 0xcb800000-0xcb8fffff
[    0.556872] pci 0000:00:15.5:   PREFETCH window: 0x000000d9e00000-0x000000d9efffff
[    0.556912] pci 0000:00:15.6: PCI bridge, secondary bus 0000:09
[    0.556913] pci 0000:00:15.6:   IO window: disabled
[    0.556941] pci 0000:00:15.6:   MEM window: 0xcbc00000-0xcbcfffff
[    0.556960] pci 0000:00:15.6:   PREFETCH window: 0x000000da200000-0x000000da2fffff
[    0.557000] pci 0000:00:15.7: PCI bridge, secondary bus 0000:0a
[    0.557001] pci 0000:00:15.7:   IO window: disabled
[    0.557029] pci 0000:00:15.7:   MEM window: 0xcc000000-0xcc0fffff
[    0.557048] pci 0000:00:15.7:   PREFETCH window: 0x000000da600000-0x000000da6fffff
[    0.557088] pci 0000:00:16.0: PCI bridge, secondary bus 0000:0b
[    0.557099] pci 0000:00:16.0:   IO window: 0x5000-0x5fff
[    0.557127] pci 0000:00:16.0:   MEM window: 0xca500000-0xca5fffff
[    0.557146] pci 0000:00:16.0:   PREFETCH window: 0x000000d8b00000-0x000000d8bfffff
[    0.557202] pci 0000:00:16.1: PCI bridge, secondary bus 0000:0c
[    0.557213] pci 0000:00:16.1:   IO window: 0x9000-0x9fff
[    0.557241] pci 0000:00:16.1:   MEM window: 0xca900000-0xca9fffff
[    0.557260] pci 0000:00:16.1:   PREFETCH window: 0x000000d8f00000-0x000000d8ffffff
[    0.557300] pci 0000:00:16.2: PCI bridge, secondary bus 0000:0d
[    0.557311] pci 0000:00:16.2:   IO window: 0xd000-0xdfff
[    0.557339] pci 0000:00:16.2:   MEM window: 0xcad00000-0xcadfffff
[    0.557358] pci 0000:00:16.2:   PREFETCH window: 0x000000d9300000-0x000000d93fffff
[    0.557398] pci 0000:00:16.3: PCI bridge, secondary bus 0000:0e
[    0.557399] pci 0000:00:16.3:   IO window: disabled
[    0.557427] pci 0000:00:16.3:   MEM window: 0xcb100000-0xcb1fffff
[    0.557446] pci 0000:00:16.3:   PREFETCH window: 0x000000d9700000-0x000000d97fffff
[    0.557486] pci 0000:00:16.4: PCI bridge, secondary bus 0000:0f
[    0.557488] pci 0000:00:16.4:   IO window: disabled
[    0.557515] pci 0000:00:16.4:   MEM window: 0xcb500000-0xcb5fffff
[    0.557535] pci 0000:00:16.4:   PREFETCH window: 0x000000d9b00000-0x000000d9bfffff
[    0.557574] pci 0000:00:16.5: PCI bridge, secondary bus 0000:10
[    0.557576] pci 0000:00:16.5:   IO window: disabled
[    0.557604] pci 0000:00:16.5:   MEM window: 0xcb900000-0xcb9fffff
[    0.557623] pci 0000:00:16.5:   PREFETCH window: 0x000000d9f00000-0x000000d9ffffff
[    0.557662] pci 0000:00:16.6: PCI bridge, secondary bus 0000:11
[    0.557664] pci 0000:00:16.6:   IO window: disabled
[    0.557692] pci 0000:00:16.6:   MEM window: 0xcbd00000-0xcbdfffff
[    0.557711] pci 0000:00:16.6:   PREFETCH window: 0x000000da300000-0x000000da3fffff
[    0.557750] pci 0000:00:16.7: PCI bridge, secondary bus 0000:12
[    0.557752] pci 0000:00:16.7:   IO window: disabled
[    0.557780] pci 0000:00:16.7:   MEM window: 0xcc100000-0xcc1fffff
[    0.557799] pci 0000:00:16.7:   PREFETCH window: 0x000000da700000-0x000000da7fffff
[    0.557838] pci 0000:00:17.0: PCI bridge, secondary bus 0000:13
[    0.557849] pci 0000:00:17.0:   IO window: 0x6000-0x6fff
[    0.557877] pci 0000:00:17.0:   MEM window: 0xca600000-0xca6fffff
[    0.557896] pci 0000:00:17.0:   PREFETCH window: 0x000000d8c00000-0x000000d8cfffff
[    0.557936] pci 0000:00:17.1: PCI bridge, secondary bus 0000:14
[    0.557947] pci 0000:00:17.1:   IO window: 0xa000-0xafff
[    0.557975] pci 0000:00:17.1:   MEM window: 0xcaa00000-0xcaafffff
[    0.557994] pci 0000:00:17.1:   PREFETCH window: 0x000000d9000000-0x000000d90fffff
[    0.558033] pci 0000:00:17.2: PCI bridge, secondary bus 0000:15
[    0.558044] pci 0000:00:17.2:   IO window: 0xe000-0xefff
[    0.558072] pci 0000:00:17.2:   MEM window: 0xcae00000-0xcaefffff
[    0.558091] pci 0000:00:17.2:   PREFETCH window: 0x000000d9400000-0x000000d94fffff
[    0.558131] pci 0000:00:17.3: PCI bridge, secondary bus 0000:16
[    0.558132] pci 0000:00:17.3:   IO window: disabled
[    0.558179] pci 0000:00:17.3:   MEM window: 0xcb200000-0xcb2fffff
[    0.558199] pci 0000:00:17.3:   PREFETCH window: 0x000000d9800000-0x000000d98fffff
[    0.558238] pci 0000:00:17.4: PCI bridge, secondary bus 0000:17
[    0.558240] pci 0000:00:17.4:   IO window: disabled
[    0.558267] pci 0000:00:17.4:   MEM window: 0xcb600000-0xcb6fffff
[    0.558287] pci 0000:00:17.4:   PREFETCH window: 0x000000d9c00000-0x000000d9cfffff
[    0.558326] pci 0000:00:17.5: PCI bridge, secondary bus 0000:18
[    0.558328] pci 0000:00:17.5:   IO window: disabled
[    0.558355] pci 0000:00:17.5:   MEM window: 0xcba00000-0xcbafffff
[    0.558375] pci 0000:00:17.5:   PREFETCH window: 0x000000da000000-0x000000da0fffff
[    0.558414] pci 0000:00:17.6: PCI bridge, secondary bus 0000:19
[    0.558415] pci 0000:00:17.6:   IO window: disabled
[    0.558443] pci 0000:00:17.6:   MEM window: 0xcbe00000-0xcbefffff
[    0.558462] pci 0000:00:17.6:   PREFETCH window: 0x000000da400000-0x000000da4fffff
[    0.558502] pci 0000:00:17.7: PCI bridge, secondary bus 0000:1a
[    0.558503] pci 0000:00:17.7:   IO window: disabled
[    0.558531] pci 0000:00:17.7:   MEM window: 0xcc200000-0xcc2fffff
[    0.558550] pci 0000:00:17.7:   PREFETCH window: 0x000000da800000-0x000000da8fffff
[    0.558590] pci 0000:00:18.0: PCI bridge, secondary bus 0000:1b
[    0.558601] pci 0000:00:18.0:   IO window: 0x7000-0x7fff
[    0.558628] pci 0000:00:18.0:   MEM window: 0xca700000-0xca7fffff
[    0.558648] pci 0000:00:18.0:   PREFETCH window: 0x000000d8d00000-0x000000d8dfffff
[    0.558687] pci 0000:00:18.1: PCI bridge, secondary bus 0000:1c
[    0.558698] pci 0000:00:18.1:   IO window: 0xb000-0xbfff
[    0.558726] pci 0000:00:18.1:   MEM window: 0xcab00000-0xcabfffff
[    0.558745] pci 0000:00:18.1:   PREFETCH window: 0x000000d9100000-0x000000d91fffff
[    0.558784] pci 0000:00:18.2: PCI bridge, secondary bus 0000:1d
[    0.558795] pci 0000:00:18.2:   IO window: 0xf000-0xffff
[    0.558823] pci 0000:00:18.2:   MEM window: 0xcaf00000-0xcaffffff
[    0.558842] pci 0000:00:18.2:   PREFETCH window: 0x000000d9500000-0x000000d95fffff
[    0.558895] pci 0000:00:18.3: PCI bridge, secondary bus 0000:1e
[    0.558897] pci 0000:00:18.3:   IO window: disabled
[    0.558925] pci 0000:00:18.3:   MEM window: 0xcb300000-0xcb3fffff
[    0.558945] pci 0000:00:18.3:   PREFETCH window: 0x000000d9900000-0x000000d99fffff
[    0.558985] pci 0000:00:18.4: PCI bridge, secondary bus 0000:1f
[    0.558987] pci 0000:00:18.4:   IO window: disabled
[    0.559014] pci 0000:00:18.4:   MEM window: 0xcb700000-0xcb7fffff
[    0.559034] pci 0000:00:18.4:   PREFETCH window: 0x000000d9d00000-0x000000d9dfffff
[    0.559073] pci 0000:00:18.5: PCI bridge, secondary bus 0000:20
[    0.559075] pci 0000:00:18.5:   IO window: disabled
[    0.559102] pci 0000:00:18.5:   MEM window: 0xcbb00000-0xcbbfffff
[    0.559122] pci 0000:00:18.5:   PREFETCH window: 0x000000da100000-0x000000da1fffff
[    0.559178] pci 0000:00:18.6: PCI bridge, secondary bus 0000:21
[    0.559180] pci 0000:00:18.6:   IO window: disabled
[    0.559208] pci 0000:00:18.6:   MEM window: 0xcbf00000-0xcbffffff
[    0.559227] pci 0000:00:18.6:   PREFETCH window: 0x000000da500000-0x000000da5fffff
[    0.559266] pci 0000:00:18.7: PCI bridge, secondary bus 0000:22
[    0.559268] pci 0000:00:18.7:   IO window: disabled
[    0.559296] pci 0000:00:18.7:   MEM window: 0xcc300000-0xcc3fffff
[    0.559315] pci 0000:00:18.7:   PREFETCH window: 0x000000da900000-0x000000da9fffff
[    0.559371] pci 0000:00:01.0: setting latency timer to 64
[    0.559427] pci 0000:00:15.0: setting latency timer to 64
[    0.559484] pci 0000:00:15.1: setting latency timer to 64
[    0.559540] pci 0000:00:15.2: setting latency timer to 64
[    0.559596] pci 0000:00:15.3: setting latency timer to 64
[    0.559652] pci 0000:00:15.4: setting latency timer to 64
[    0.559709] pci 0000:00:15.5: setting latency timer to 64
[    0.559765] pci 0000:00:15.6: setting latency timer to 64
[    0.559821] pci 0000:00:15.7: setting latency timer to 64
[    0.559877] pci 0000:00:16.0: setting latency timer to 64
[    0.559933] pci 0000:00:16.1: setting latency timer to 64
[    0.559990] pci 0000:00:16.2: setting latency timer to 64
[    0.560046] pci 0000:00:16.3: setting latency timer to 64
[    0.560102] pci 0000:00:16.4: setting latency timer to 64
[    0.560158] pci 0000:00:16.5: setting latency timer to 64
[    0.560215] pci 0000:00:16.6: setting latency timer to 64
[    0.560271] pci 0000:00:16.7: setting latency timer to 64
[    0.560327] pci 0000:00:17.0: setting latency timer to 64
[    0.560383] pci 0000:00:17.1: setting latency timer to 64
[    0.560439] pci 0000:00:17.2: setting latency timer to 64
[    0.560496] pci 0000:00:17.3: setting latency timer to 64
[    0.560552] pci 0000:00:17.4: setting latency timer to 64
[    0.560608] pci 0000:00:17.5: setting latency timer to 64
[    0.560664] pci 0000:00:17.6: setting latency timer to 64
[    0.560721] pci 0000:00:17.7: setting latency timer to 64
[    0.560777] pci 0000:00:18.0: setting latency timer to 64
[    0.560833] pci 0000:00:18.1: setting latency timer to 64
[    0.560889] pci 0000:00:18.2: setting latency timer to 64
[    0.560945] pci 0000:00:18.3: setting latency timer to 64
[    0.561002] pci 0000:00:18.4: setting latency timer to 64
[    0.561058] pci 0000:00:18.5: setting latency timer to 64
[    0.561114] pci 0000:00:18.6: setting latency timer to 64
[    0.561170] pci 0000:00:18.7: setting latency timer to 64
[    0.561182] pci_bus 0000:00: resource 0 io:  [0x00-0xffff]
[    0.561184] pci_bus 0000:00: resource 1 mem: [0x000000-0xffffffffffffffff]
[    0.561186] pci_bus 0000:02: resource 0 io:  [0x2000-0x3fff]
[    0.561188] pci_bus 0000:02: resource 1 mem: [0xc9000000-0xca3fffff]
[    0.561190] pci_bus 0000:02: resource 2 pref mem [0xd8400000-0xd89fffff]
[    0.561192] pci_bus 0000:02: resource 3 io:  [0x00-0xffff]
[    0.561194] pci_bus 0000:02: resource 4 mem: [0x000000-0xffffffffffffffff]
[    0.561196] pci_bus 0000:03: resource 0 io:  [0x4000-0x4fff]
[    0.561197] pci_bus 0000:03: resource 1 mem: [0xca400000-0xca4fffff]
[    0.561199] pci_bus 0000:03: resource 2 pref mem [0xd8a00000-0xd8afffff]
[    0.561201] pci_bus 0000:04: resource 0 io:  [0x8000-0x8fff]
[    0.561203] pci_bus 0000:04: resource 1 mem: [0xca800000-0xca8fffff]
[    0.561205] pci_bus 0000:04: resource 2 pref mem [0xd8e00000-0xd8efffff]
[    0.561206] pci_bus 0000:05: resource 0 io:  [0xc000-0xcfff]
[    0.561208] pci_bus 0000:05: resource 1 mem: [0xcac00000-0xcacfffff]
[    0.561210] pci_bus 0000:05: resource 2 pref mem [0xd9200000-0xd92fffff]
[    0.561212] pci_bus 0000:06: resource 1 mem: [0xcb000000-0xcb0fffff]
[    0.561214] pci_bus 0000:06: resource 2 pref mem [0xd9600000-0xd96fffff]
[    0.561215] pci_bus 0000:07: resource 1 mem: [0xcb400000-0xcb4fffff]
[    0.561217] pci_bus 0000:07: resource 2 pref mem [0xd9a00000-0xd9afffff]
[    0.561219] pci_bus 0000:08: resource 1 mem: [0xcb800000-0xcb8fffff]
[    0.561221] pci_bus 0000:08: resource 2 pref mem [0xd9e00000-0xd9efffff]
[    0.561223] pci_bus 0000:09: resource 1 mem: [0xcbc00000-0xcbcfffff]
[    0.561224] pci_bus 0000:09: resource 2 pref mem [0xda200000-0xda2fffff]
[    0.561226] pci_bus 0000:0a: resource 1 mem: [0xcc000000-0xcc0fffff]
[    0.561228] pci_bus 0000:0a: resource 2 pref mem [0xda600000-0xda6fffff]
[    0.561230] pci_bus 0000:0b: resource 0 io:  [0x5000-0x5fff]
[    0.561232] pci_bus 0000:0b: resource 1 mem: [0xca500000-0xca5fffff]
[    0.561233] pci_bus 0000:0b: resource 2 pref mem [0xd8b00000-0xd8bfffff]
[    0.561235] pci_bus 0000:0c: resource 0 io:  [0x9000-0x9fff]
[    0.561237] pci_bus 0000:0c: resource 1 mem: [0xca900000-0xca9fffff]
[    0.561239] pci_bus 0000:0c: resource 2 pref mem [0xd8f00000-0xd8ffffff]
[    0.561240] pci_bus 0000:0d: resource 0 io:  [0xd000-0xdfff]
[    0.561242] pci_bus 0000:0d: resource 1 mem: [0xcad00000-0xcadfffff]
[    0.561244] pci_bus 0000:0d: resource 2 pref mem [0xd9300000-0xd93fffff]
[    0.561246] pci_bus 0000:0e: resource 1 mem: [0xcb100000-0xcb1fffff]
[    0.561248] pci_bus 0000:0e: resource 2 pref mem [0xd9700000-0xd97fffff]
[    0.561249] pci_bus 0000:0f: resource 1 mem: [0xcb500000-0xcb5fffff]
[    0.561251] pci_bus 0000:0f: resource 2 pref mem [0xd9b00000-0xd9bfffff]
[    0.561253] pci_bus 0000:10: resource 1 mem: [0xcb900000-0xcb9fffff]
[    0.561255] pci_bus 0000:10: resource 2 pref mem [0xd9f00000-0xd9ffffff]
[    0.561257] pci_bus 0000:11: resource 1 mem: [0xcbd00000-0xcbdfffff]
[    0.561259] pci_bus 0000:11: resource 2 pref mem [0xda300000-0xda3fffff]
[    0.561260] pci_bus 0000:12: resource 1 mem: [0xcc100000-0xcc1fffff]
[    0.561262] pci_bus 0000:12: resource 2 pref mem [0xda700000-0xda7fffff]
[    0.561264] pci_bus 0000:13: resource 0 io:  [0x6000-0x6fff]
[    0.561266] pci_bus 0000:13: resource 1 mem: [0xca600000-0xca6fffff]
[    0.561267] pci_bus 0000:13: resource 2 pref mem [0xd8c00000-0xd8cfffff]
[    0.561269] pci_bus 0000:14: resource 0 io:  [0xa000-0xafff]
[    0.561271] pci_bus 0000:14: resource 1 mem: [0xcaa00000-0xcaafffff]
[    0.561273] pci_bus 0000:14: resource 2 pref mem [0xd9000000-0xd90fffff]
[    0.561275] pci_bus 0000:15: resource 0 io:  [0xe000-0xefff]
[    0.561276] pci_bus 0000:15: resource 1 mem: [0xcae00000-0xcaefffff]
[    0.561278] pci_bus 0000:15: resource 2 pref mem [0xd9400000-0xd94fffff]
[    0.561280] pci_bus 0000:16: resource 1 mem: [0xcb200000-0xcb2fffff]
[    0.561282] pci_bus 0000:16: resource 2 pref mem [0xd9800000-0xd98fffff]
[    0.561284] pci_bus 0000:17: resource 1 mem: [0xcb600000-0xcb6fffff]
[    0.561285] pci_bus 0000:17: resource 2 pref mem [0xd9c00000-0xd9cfffff]
[    0.561287] pci_bus 0000:18: resource 1 mem: [0xcba00000-0xcbafffff]
[    0.561289] pci_bus 0000:18: resource 2 pref mem [0xda000000-0xda0fffff]
[    0.561291] pci_bus 0000:19: resource 1 mem: [0xcbe00000-0xcbefffff]
[    0.561293] pci_bus 0000:19: resource 2 pref mem [0xda400000-0xda4fffff]
[    0.561294] pci_bus 0000:1a: resource 1 mem: [0xcc200000-0xcc2fffff]
[    0.561296] pci_bus 0000:1a: resource 2 pref mem [0xda800000-0xda8fffff]
[    0.561298] pci_bus 0000:1b: resource 0 io:  [0x7000-0x7fff]
[    0.561300] pci_bus 0000:1b: resource 1 mem: [0xca700000-0xca7fffff]
[    0.561302] pci_bus 0000:1b: resource 2 pref mem [0xd8d00000-0xd8dfffff]
[    0.561303] pci_bus 0000:1c: resource 0 io:  [0xb000-0xbfff]
[    0.561305] pci_bus 0000:1c: resource 1 mem: [0xcab00000-0xcabfffff]
[    0.561307] pci_bus 0000:1c: resource 2 pref mem [0xd9100000-0xd91fffff]
[    0.561309] pci_bus 0000:1d: resource 0 io:  [0xf000-0xffff]
[    0.561310] pci_bus 0000:1d: resource 1 mem: [0xcaf00000-0xcaffffff]
[    0.561312] pci_bus 0000:1d: resource 2 pref mem [0xd9500000-0xd95fffff]
[    0.561314] pci_bus 0000:1e: resource 1 mem: [0xcb300000-0xcb3fffff]
[    0.561316] pci_bus 0000:1e: resource 2 pref mem [0xd9900000-0xd99fffff]
[    0.561318] pci_bus 0000:1f: resource 1 mem: [0xcb700000-0xcb7fffff]
[    0.561319] pci_bus 0000:1f: resource 2 pref mem [0xd9d00000-0xd9dfffff]
[    0.561321] pci_bus 0000:20: resource 1 mem: [0xcbb00000-0xcbbfffff]
[    0.561323] pci_bus 0000:20: resource 2 pref mem [0xda100000-0xda1fffff]
[    0.561325] pci_bus 0000:21: resource 1 mem: [0xcbf00000-0xcbffffff]
[    0.561327] pci_bus 0000:21: resource 2 pref mem [0xda500000-0xda5fffff]
[    0.561328] pci_bus 0000:22: resource 1 mem: [0xcc300000-0xcc3fffff]
[    0.561330] pci_bus 0000:22: resource 2 pref mem [0xda900000-0xda9fffff]
[    0.561353] NET: Registered protocol family 2
[    0.561370] RANDOM - __random32 called. Change num 7.  Value: 55ede565	148ebb7a	8e9cdd7f
[    0.561371] RANDOM - random32 called.  Value: 55ede565	148ebb7a	8e9cdd7f
[    0.561379] random 0000 0000 0000 00000000 00000000: rand_read_num 2 get_random_bytes(4): sig fffffe1a 00000000 00000000
[    0.561381] random 0000 0000 0000 00000000 00000000: extract_entropy(.. 4 ..)
[    0.561384] random 0000 0000 0000 00000000 00000000: going to reseed nonblocking with 64 bits (32 of 0 requested)
[    0.561386] random 0000 0000 0000 00000000 00000000: extract_entropy(.. 8 ..)
[    0.561388] random 0000 0000 0000 00000000 00000000: trying to extract 64 bits from input
[    0.561390] random 0000 0000 0000 00000000 00000000: debiting 0 entropy credits from input
[    0.561392] random 0000 0000 0000 00000000 00000000: extract_entropy account returned: 0 
[    0.561395] random 0000 0000 0000 00000000 00000000: urand_change_num 3 xfer_secondary_pool(4): pool_sig fffffe1a, data_sig 00000000, bytes_mixed 0 00000000 00000000
[    0.561398] random 0000 0000 0000 00000000 00000000: trying to extract 32 bits from nonblocking
[    0.561400] random 0000 0000 0000 00000000 00000000: debiting 32 entropy credits from nonblocking (unlimited)
[    0.561402] random 0000 0000 0000 00000000 00000000: extract_entropy account returned: 4 
[    0.561405] random 0000 0000 0000 00000000 00000000: urand_change_num 4 extract_buf: pool_sig fffffe1a, data_sig fffffed7, bytes_mixed 20 00000000 00000000
[    0.561434] IP route cache hash table entries: 32768 (order: 5, 131072 bytes)
[    0.561490] RANDOM - __random32 called. Change num 8.  Value: de565d28	48ebb7a3	baff4f46
[    0.561492] RANDOM - random32 called.  Value: de565d28	48ebb7a3	baff4f46
[    0.561548] RANDOM - __random32 called. Change num 9.  Value: 65d282be	8ebb7a35	9e8da0a6
[    0.561550] RANDOM - random32 called.  Value: 65d282be	8ebb7a35	9e8da0a6
[    0.561552] RANDOM - __random32 called. Change num 10.  Value: 282be6b0	ebb7a35a	414d5c14
[    0.561554] RANDOM - random32 called.  Value: 282be6b0	ebb7a35a	414d5c14
[    0.561576] RANDOM - __random32 called. Change num 11.  Value: be6b0a9f	bb7a35a2	b82964f7
[    0.561577] RANDOM - random32 called.  Value: be6b0a9f	bb7a35a2	b82964f7
[    0.561587] TCP established hash table entries: 131072 (order: 8, 1048576 bytes)
[    0.561643] TCP bind hash table entries: 65536 (order: 7, 524288 bytes)
[    0.561699] TCP: Hash tables configured (established 131072 bind 65536)
[    0.561702] TCP reno registered
[    0.561739] NET: Registered protocol family 1
[    0.561747] pci 0000:00:00.0: Limiting direct PCI/PCI transfers
[    0.561767] pci 0000:00:0f.0: Boot video device
[    0.561884] Trying to unpack rootfs image as initramfs...
[    1.641405] Freeing initrd memory: 83430k freed
[    1.645383] Simple Boot Flag at 0x36 set to 0x1
[    1.645429] cpufreq-nforce2: No nForce2 chipset.
[    1.645442] Scanning for low memory corruption every 60 seconds
[    1.645565] audit: initializing netlink socket (disabled)
[    1.645574] type=2000 audit(1369435092.632:1): initialized
[    1.649513] highmem bounce pool size: 64 pages
[    1.649517] HugeTLB registered 2 MB page size, pre-allocated 0 pages
[    1.649633] VFS: Disk quotas dquot_6.5.2
[    1.649664] Dquot-cache hash table entries: 1024 (order 0, 4096 bytes)
[    1.649742] fuse init (API version 7.13)
[    1.649786] msgmni has been set to 1729
[    1.650050] alg: No test for stdrng (krng)
[    1.650082] Block layer SCSI generic (bsg) driver version 0.4 loaded (major 253)
[    1.650085] io scheduler noop registered
[    1.650086] io scheduler anticipatory registered
[    1.650088] io scheduler deadline registered
[    1.650107] io scheduler cfq registered (default)
[    1.650152]   alloc irq_desc for 24 on node -1
[    1.650154]   alloc kstat_irqs on node -1
[    1.650200] pcieport 0000:00:15.0: irq 24 for MSI/MSI-X
[    1.650245] pcieport 0000:00:15.0: setting latency timer to 64
[    1.650290]   alloc irq_desc for 25 on node -1
[    1.650292]   alloc kstat_irqs on node -1
[    1.650338] pcieport 0000:00:15.1: irq 25 for MSI/MSI-X
[    1.650383] pcieport 0000:00:15.1: setting latency timer to 64
[    1.650429]   alloc irq_desc for 26 on node -1
[    1.650431]   alloc kstat_irqs on node -1
[    1.650476] pcieport 0000:00:15.2: irq 26 for MSI/MSI-X
[    1.650521] pcieport 0000:00:15.2: setting latency timer to 64
[    1.650567]   alloc irq_desc for 27 on node -1
[    1.650569]   alloc kstat_irqs on node -1
[    1.650614] pcieport 0000:00:15.3: irq 27 for MSI/MSI-X
[    1.650660] pcieport 0000:00:15.3: setting latency timer to 64
[    1.650705]   alloc irq_desc for 28 on node -1
[    1.650707]   alloc kstat_irqs on node -1
[    1.650752] pcieport 0000:00:15.4: irq 28 for MSI/MSI-X
[    1.650798] pcieport 0000:00:15.4: setting latency timer to 64
[    1.650843]   alloc irq_desc for 29 on node -1
[    1.650845]   alloc kstat_irqs on node -1
[    1.650890] pcieport 0000:00:15.5: irq 29 for MSI/MSI-X
[    1.650936] pcieport 0000:00:15.5: setting latency timer to 64
[    1.650981]   alloc irq_desc for 30 on node -1
[    1.650985]   alloc kstat_irqs on node -1
[    1.651030] pcieport 0000:00:15.6: irq 30 for MSI/MSI-X
[    1.651076] pcieport 0000:00:15.6: setting latency timer to 64
[    1.651121]   alloc irq_desc for 31 on node -1
[    1.651123]   alloc kstat_irqs on node -1
[    1.651168] pcieport 0000:00:15.7: irq 31 for MSI/MSI-X
[    1.651214] pcieport 0000:00:15.7: setting latency timer to 64
[    1.651259]   alloc irq_desc for 32 on node -1
[    1.651261]   alloc kstat_irqs on node -1
[    1.651306] pcieport 0000:00:16.0: irq 32 for MSI/MSI-X
[    1.651352] pcieport 0000:00:16.0: setting latency timer to 64
[    1.651397]   alloc irq_desc for 33 on node -1
[    1.651399]   alloc kstat_irqs on node -1
[    1.651444] pcieport 0000:00:16.1: irq 33 for MSI/MSI-X
[    1.651490] pcieport 0000:00:16.1: setting latency timer to 64
[    1.651535]   alloc irq_desc for 34 on node -1
[    1.651538]   alloc kstat_irqs on node -1
[    1.651583] pcieport 0000:00:16.2: irq 34 for MSI/MSI-X
[    1.651629] pcieport 0000:00:16.2: setting latency timer to 64
[    1.651674]   alloc irq_desc for 35 on node -1
[    1.651676]   alloc kstat_irqs on node -1
[    1.651721] pcieport 0000:00:16.3: irq 35 for MSI/MSI-X
[    1.651767] pcieport 0000:00:16.3: setting latency timer to 64
[    1.651812]   alloc irq_desc for 36 on node -1
[    1.651814]   alloc kstat_irqs on node -1
[    1.651859] pcieport 0000:00:16.4: irq 36 for MSI/MSI-X
[    1.651905] pcieport 0000:00:16.4: setting latency timer to 64
[    1.651950]   alloc irq_desc for 37 on node -1
[    1.651952]   alloc kstat_irqs on node -1
[    1.651997] pcieport 0000:00:16.5: irq 37 for MSI/MSI-X
[    1.652043] pcieport 0000:00:16.5: setting latency timer to 64
[    1.652088]   alloc irq_desc for 38 on node -1
[    1.652090]   alloc kstat_irqs on node -1
[    1.652136] pcieport 0000:00:16.6: irq 38 for MSI/MSI-X
[    1.652181] pcieport 0000:00:16.6: setting latency timer to 64
[    1.652226]   alloc irq_desc for 39 on node -1
[    1.652228]   alloc kstat_irqs on node -1
[    1.652274] pcieport 0000:00:16.7: irq 39 for MSI/MSI-X
[    1.652319] pcieport 0000:00:16.7: setting latency timer to 64
[    1.653373]   alloc irq_desc for 40 on node -1
[    1.653375]   alloc kstat_irqs on node -1
[    1.653420] pcieport 0000:00:17.0: irq 40 for MSI/MSI-X
[    1.653466] pcieport 0000:00:17.0: setting latency timer to 64
[    1.653511]   alloc irq_desc for 41 on node -1
[    1.653513]   alloc kstat_irqs on node -1
[    1.653558] pcieport 0000:00:17.1: irq 41 for MSI/MSI-X
[    1.653604] pcieport 0000:00:17.1: setting latency timer to 64
[    1.653649]   alloc irq_desc for 42 on node -1
[    1.653660]   alloc kstat_irqs on node -1
[    1.653705] pcieport 0000:00:17.2: irq 42 for MSI/MSI-X
[    1.653751] pcieport 0000:00:17.2: setting latency timer to 64
[    1.653796]   alloc irq_desc for 43 on node -1
[    1.653798]   alloc kstat_irqs on node -1
[    1.653843] pcieport 0000:00:17.3: irq 43 for MSI/MSI-X
[    1.653889] pcieport 0000:00:17.3: setting latency timer to 64
[    1.653934]   alloc irq_desc for 44 on node -1
[    1.653936]   alloc kstat_irqs on node -1
[    1.653981] pcieport 0000:00:17.4: irq 44 for MSI/MSI-X
[    1.654027] pcieport 0000:00:17.4: setting latency timer to 64
[    1.654072]   alloc irq_desc for 45 on node -1
[    1.654074]   alloc kstat_irqs on node -1
[    1.654119] pcieport 0000:00:17.5: irq 45 for MSI/MSI-X
[    1.654165] pcieport 0000:00:17.5: setting latency timer to 64
[    1.654210]   alloc irq_desc for 46 on node -1
[    1.654212]   alloc kstat_irqs on node -1
[    1.654257] pcieport 0000:00:17.6: irq 46 for MSI/MSI-X
[    1.654303] pcieport 0000:00:17.6: setting latency timer to 64
[    1.654348]   alloc irq_desc for 47 on node -1
[    1.654350]   alloc kstat_irqs on node -1
[    1.654396] pcieport 0000:00:17.7: irq 47 for MSI/MSI-X
[    1.654441] pcieport 0000:00:17.7: setting latency timer to 64
[    1.654486]   alloc irq_desc for 48 on node -1
[    1.654488]   alloc kstat_irqs on node -1
[    1.654534] pcieport 0000:00:18.0: irq 48 for MSI/MSI-X
[    1.654579] pcieport 0000:00:18.0: setting latency timer to 64
[    1.654625]   alloc irq_desc for 49 on node -1
[    1.654626]   alloc kstat_irqs on node -1
[    1.654672] pcieport 0000:00:18.1: irq 49 for MSI/MSI-X
[    1.654717] pcieport 0000:00:18.1: setting latency timer to 64
[    1.654763]   alloc irq_desc for 50 on node -1
[    1.654765]   alloc kstat_irqs on node -1
[    1.654810] pcieport 0000:00:18.2: irq 50 for MSI/MSI-X
[    1.654855] pcieport 0000:00:18.2: setting latency timer to 64
[    1.654901]   alloc irq_desc for 51 on node -1
[    1.654903]   alloc kstat_irqs on node -1
[    1.654948] pcieport 0000:00:18.3: irq 51 for MSI/MSI-X
[    1.654993] pcieport 0000:00:18.3: setting latency timer to 64
[    1.655039]   alloc irq_desc for 52 on node -1
[    1.655041]   alloc kstat_irqs on node -1
[    1.655086] pcieport 0000:00:18.4: irq 52 for MSI/MSI-X
[    1.655132] pcieport 0000:00:18.4: setting latency timer to 64
[    1.655177]   alloc irq_desc for 53 on node -1
[    1.655179]   alloc kstat_irqs on node -1
[    1.655224] pcieport 0000:00:18.5: irq 53 for MSI/MSI-X
[    1.655270] pcieport 0000:00:18.5: setting latency timer to 64
[    1.655315]   alloc irq_desc for 54 on node -1
[    1.655317]   alloc kstat_irqs on node -1
[    1.655362] pcieport 0000:00:18.6: irq 54 for MSI/MSI-X
[    1.655408] pcieport 0000:00:18.6: setting latency timer to 64
[    1.655453]   alloc irq_desc for 55 on node -1
[    1.655455]   alloc kstat_irqs on node -1
[    1.655500] pcieport 0000:00:18.7: irq 55 for MSI/MSI-X
[    1.655546] pcieport 0000:00:18.7: setting latency timer to 64
[    1.655591] pci_hotplug: PCI Hot Plug PCI Core version: 0.5
[    1.657401] pciehp 0000:00:15.0:pcie04: HPC vendor_id 15ad device_id 7a0 ss_vid 0 ss_did 0
[    1.657447] pciehp 0000:00:15.0:pcie04: service driver pciehp loaded
[    1.657492] pciehp 0000:00:15.1:pcie04: HPC vendor_id 15ad device_id 7a0 ss_vid 0 ss_did 0
[    1.657538] pciehp 0000:00:15.1:pcie04: service driver pciehp loaded
[    1.657583] pciehp 0000:00:15.2:pcie04: HPC vendor_id 15ad device_id 7a0 ss_vid 0 ss_did 0
[    1.657628] pciehp 0000:00:15.2:pcie04: service driver pciehp loaded
[    1.657674] pciehp 0000:00:15.3:pcie04: HPC vendor_id 15ad device_id 7a0 ss_vid 0 ss_did 0
[    1.657719] pciehp 0000:00:15.3:pcie04: service driver pciehp loaded
[    1.657765] pciehp 0000:00:15.4:pcie04: HPC vendor_id 15ad device_id 7a0 ss_vid 0 ss_did 0
[    1.657810] pciehp 0000:00:15.4:pcie04: service driver pciehp loaded
[    1.657856] pciehp 0000:00:15.5:pcie04: HPC vendor_id 15ad device_id 7a0 ss_vid 0 ss_did 0
[    1.657901] pciehp 0000:00:15.5:pcie04: service driver pciehp loaded
[    1.657946] pciehp 0000:00:15.6:pcie04: HPC vendor_id 15ad device_id 7a0 ss_vid 0 ss_did 0
[    1.657992] pciehp 0000:00:15.6:pcie04: service driver pciehp loaded
[    1.658037] pciehp 0000:00:15.7:pcie04: HPC vendor_id 15ad device_id 7a0 ss_vid 0 ss_did 0
[    1.658083] pciehp 0000:00:15.7:pcie04: service driver pciehp loaded
[    1.658128] pciehp 0000:00:16.0:pcie04: HPC vendor_id 15ad device_id 7a0 ss_vid 0 ss_did 0
[    1.658173] pciehp 0000:00:16.0:pcie04: service driver pciehp loaded
[    1.658219] pciehp 0000:00:16.1:pcie04: HPC vendor_id 15ad device_id 7a0 ss_vid 0 ss_did 0
[    1.658264] pciehp 0000:00:16.1:pcie04: service driver pciehp loaded
[    1.658310] pciehp 0000:00:16.2:pcie04: HPC vendor_id 15ad device_id 7a0 ss_vid 0 ss_did 0
[    1.658355] pciehp 0000:00:16.2:pcie04: service driver pciehp loaded
[    1.658401] pciehp 0000:00:16.3:pcie04: HPC vendor_id 15ad device_id 7a0 ss_vid 0 ss_did 0
[    1.658446] pciehp 0000:00:16.3:pcie04: service driver pciehp loaded
[    1.658491] pciehp 0000:00:16.4:pcie04: HPC vendor_id 15ad device_id 7a0 ss_vid 0 ss_did 0
[    1.658537] pciehp 0000:00:16.4:pcie04: service driver pciehp loaded
[    1.658582] pciehp 0000:00:16.5:pcie04: HPC vendor_id 15ad device_id 7a0 ss_vid 0 ss_did 0
[    1.658628] pciehp 0000:00:16.5:pcie04: service driver pciehp loaded
[    1.658673] pciehp 0000:00:16.6:pcie04: HPC vendor_id 15ad device_id 7a0 ss_vid 0 ss_did 0
[    1.658719] pciehp 0000:00:16.6:pcie04: service driver pciehp loaded
[    1.658764] pciehp 0000:00:16.7:pcie04: HPC vendor_id 15ad device_id 7a0 ss_vid 0 ss_did 0
[    1.658809] pciehp 0000:00:16.7:pcie04: service driver pciehp loaded
[    1.658855] pciehp 0000:00:17.0:pcie04: HPC vendor_id 15ad device_id 7a0 ss_vid 0 ss_did 0
[    1.658900] pciehp 0000:00:17.0:pcie04: service driver pciehp loaded
[    1.658946] pciehp 0000:00:17.1:pcie04: HPC vendor_id 15ad device_id 7a0 ss_vid 0 ss_did 0
[    1.658991] pciehp 0000:00:17.1:pcie04: service driver pciehp loaded
[    1.659037] pciehp 0000:00:17.2:pcie04: HPC vendor_id 15ad device_id 7a0 ss_vid 0 ss_did 0
[    1.659082] pciehp 0000:00:17.2:pcie04: service driver pciehp loaded
[    1.659127] pciehp 0000:00:17.3:pcie04: HPC vendor_id 15ad device_id 7a0 ss_vid 0 ss_did 0
[    1.659173] pciehp 0000:00:17.3:pcie04: service driver pciehp loaded
[    1.659218] pciehp 0000:00:17.4:pcie04: HPC vendor_id 15ad device_id 7a0 ss_vid 0 ss_did 0
[    1.659264] pciehp 0000:00:17.4:pcie04: service driver pciehp loaded
[    1.659309] pciehp 0000:00:17.5:pcie04: HPC vendor_id 15ad device_id 7a0 ss_vid 0 ss_did 0
[    1.659354] pciehp 0000:00:17.5:pcie04: service driver pciehp loaded
[    1.659400] pciehp 0000:00:17.6:pcie04: HPC vendor_id 15ad device_id 7a0 ss_vid 0 ss_did 0
[    1.659445] pciehp 0000:00:17.6:pcie04: service driver pciehp loaded
[    1.659491] pciehp 0000:00:17.7:pcie04: HPC vendor_id 15ad device_id 7a0 ss_vid 0 ss_did 0
[    1.659536] pciehp 0000:00:17.7:pcie04: service driver pciehp loaded
[    1.659582] pciehp 0000:00:18.0:pcie04: HPC vendor_id 15ad device_id 7a0 ss_vid 0 ss_did 0
[    1.659627] pciehp 0000:00:18.0:pcie04: service driver pciehp loaded
[    1.659672] pciehp 0000:00:18.1:pcie04: HPC vendor_id 15ad device_id 7a0 ss_vid 0 ss_did 0
[    1.659718] pciehp 0000:00:18.1:pcie04: service driver pciehp loaded
[    1.659763] pciehp 0000:00:18.2:pcie04: HPC vendor_id 15ad device_id 7a0 ss_vid 0 ss_did 0
[    1.659809] pciehp 0000:00:18.2:pcie04: service driver pciehp loaded
[    1.659854] pciehp 0000:00:18.3:pcie04: HPC vendor_id 15ad device_id 7a0 ss_vid 0 ss_did 0
[    1.659900] pciehp 0000:00:18.3:pcie04: service driver pciehp loaded
[    1.659945] pciehp 0000:00:18.4:pcie04: HPC vendor_id 15ad device_id 7a0 ss_vid 0 ss_did 0
[    1.659990] pciehp 0000:00:18.4:pcie04: service driver pciehp loaded
[    1.660036] pciehp 0000:00:18.5:pcie04: HPC vendor_id 15ad device_id 7a0 ss_vid 0 ss_did 0
[    1.660081] pciehp 0000:00:18.5:pcie04: service driver pciehp loaded
[    1.660127] pciehp 0000:00:18.6:pcie04: HPC vendor_id 15ad device_id 7a0 ss_vid 0 ss_did 0
[    1.660172] pciehp 0000:00:18.6:pcie04: service driver pciehp loaded
[    1.660217] pciehp 0000:00:18.7:pcie04: HPC vendor_id 15ad device_id 7a0 ss_vid 0 ss_did 0
[    1.660263] pciehp 0000:00:18.7:pcie04: service driver pciehp loaded
[    1.660270] pciehp: PCI Express Hot Plug Controller Driver version: 0.4
[    1.660319] ACPI: AC Adapter [ACAD] (on-line)
[    1.660370] input: Power Button as /devices/LNXSYSTM:00/LNXPWRBN:00/input/input0
[    1.660373] ACPI: Power Button [PWRF]
[    1.660418] processor LNXCPU:00: registered as cooling_device0
[    1.701297] isapnp: Scanning for PnP cards...
[    2.054771] isapnp: No Plug & Play device found
[    2.054802] random 0000 0000 0000 5f8db4e5 4cfdf2a8: initializing
[    2.054930] Linux agpgart interface v0.103
[    2.054971] agpgart-intel 0000:00:00.0: Intel 440BX Chipset
[    2.055024] agpgart-intel 0000:00:00.0: AGP aperture is 256M @ 0x0
[    2.055056] Serial: 8250/16550 driver, 32 ports, IRQ sharing enabled
[    2.055109] serial8250: ttyS0 at I/O 0x3f8 (irq = 4) is a 16550A
[    2.055162] serial8250: ttyS1 at I/O 0x2f8 (irq = 3) is a 16550A
[    2.055215] 00:0a: ttyS0 at I/O 0x3f8 (irq = 4) is a 16550A
[    2.055268] 00:0b: ttyS1 at I/O 0x2f8 (irq = 3) is a 16550A
[    2.055320] brd: module loaded
[    2.055373] loop: module loaded
[    2.055426] ata_piix 0000:00:07.1: version 2.13
[    2.055508] scsi0 : ata_piix
[    2.055558] scsi1 : ata_piix
[    2.055578] ata1: PATA max UDMA/33 cmd 0x1f0 ctl 0x3f6 bmdma 0x10c0 irq 14
[    2.055580] ata2: PATA max UDMA/33 cmd 0x170 ctl 0x376 bmdma 0x10c8 irq 15
[    2.055630] PPP generic driver version 2.4.2
[    2.055651] tun: Universal TUN/TAP device driver, 1.6
[    2.055652] tun: (C) 1999-2004 Max Krasnyansky <maxk@qualcomm.com>
[    2.055705] ehci_hcd: USB 2.0 'Enhanced' Host Controller (EHCI) Driver
[    2.055758] ACPI: PCI Interrupt Link [LNKB] enabled at IRQ 11
[    2.055761] PCI: setting IRQ 11 as level-triggered
[    2.055768] ehci_hcd 0000:02:03.0: PCI INT A -> Link[LNKB] -> GSI 11 (level, low) -> IRQ 11
[    2.055807] ehci_hcd 0000:02:03.0: EHCI Host Controller
[    2.055829] ehci_hcd 0000:02:03.0: new USB bus registered, assigned bus number 1
[    2.055882] ehci_hcd 0000:02:03.0: cache line size of 32 is not supported
[    2.055889] ehci_hcd 0000:02:03.0: irq 11, io mem 0xc9000000
[    2.056202] random 0000 0000 0000 00000000 00000000: rand_read_num 3 get_random_bytes(8): sig 00000000 00000000 00000000
[    2.056205] random 0000 0000 0000 00000000 00000000: extract_entropy(.. 8 ..)
[    2.056208] random 0000 0000 0000 00000000 00000000: going to reseed nonblocking with 64 bits (64 of 0 requested)
[    2.056210] random 0000 0000 0000 00000000 00000000: extract_entropy(.. 8 ..)
[    2.056212] random 0000 0000 0000 00000000 00000000: trying to extract 64 bits from input
[    2.056215] random 0000 0000 0000 00000000 00000000: debiting 0 entropy credits from input
[    2.056217] random 0000 0000 0000 00000000 00000000: extract_entropy account returned: 0 
[    2.056220] random 0000 0000 0000 00000000 00000000: urand_change_num 5 xfer_secondary_pool(8): pool_sig 00000000, data_sig 00000000, bytes_mixed 0 00000000 00000000
[    2.056223] random 0000 0000 0000 00000000 00000000: trying to extract 64 bits from nonblocking
[    2.056225] random 0000 0000 0000 00000000 00000000: debiting 64 entropy credits from nonblocking (unlimited)
[    2.056228] random 0000 0000 0000 00000000 00000000: extract_entropy account returned: 8 
[    2.056231] random 0000 0000 0000 00000000 00000000: urand_change_num 6 extract_buf: pool_sig 00000000, data_sig fffffff9, bytes_mixed 20 00000000 00000000
[    2.064761] ehci_hcd 0000:02:03.0: USB 2.0 started, EHCI 1.00
[    2.064814] usb usb1: configuration #1 chosen from 1 choice
[    2.064833] hub 1-0:1.0: USB hub found
[    2.064838] hub 1-0:1.0: 6 ports detected
[    2.064873] ohci_hcd: USB 1.1 'Open' Host Controller (OHCI) Driver
[    2.064883] uhci_hcd: USB Universal Host Controller Interface driver
[    2.064936] ACPI: PCI Interrupt Link [LNKC] enabled at IRQ 10
[    2.064938] PCI: setting IRQ 10 as level-triggered
[    2.064943] uhci_hcd 0000:02:00.0: PCI INT A -> Link[LNKC] -> GSI 10 (level, low) -> IRQ 10
[    2.064977] uhci_hcd 0000:02:00.0: UHCI Host Controller
[    2.065005] uhci_hcd 0000:02:00.0: new USB bus registered, assigned bus number 2
[    2.065109] uhci_hcd 0000:02:00.0: irq 10, io base 0x000020c0
[    2.065161] usb usb2: configuration #1 chosen from 1 choice
[    2.065177] hub 2-0:1.0: USB hub found
[    2.065181] hub 2-0:1.0: 2 ports detected
[    2.065234] usbcore: registered new interface driver libusual
[    2.065262] PNP: PS/2 Controller [PNP0303:KBC,PNP0f13:MOUS] at 0x60,0x64 irq 1,12
[    2.065597] serio: i8042 KBD port at 0x60,0x64 irq 1
[    2.065604] serio: i8042 AUX port at 0x60,0x64 irq 12
[    2.065639] mice: PS/2 mouse device common for all mice
[    2.065692] rtc_cmos 00:04: rtc core: registered rtc_cmos as rtc0
[    2.065720] rtc0: alarms up to one month, y3k, 114 bytes nvram, hpet irqs
[    2.065773] device-mapper: uevent: version 1.0.3
[    2.065901] device-mapper: ioctl: 4.15.0-ioctl (2009-04-01) initialised: dm-devel@redhat.com
[    2.065927] EISA: Probing bus 0 at eisa.0
[    2.065955] Cannot allocate resource for EISA slot 1
[    2.065966] Cannot allocate resource for EISA slot 2
[    2.065968] Cannot allocate resource for EISA slot 3
[    2.065969] Cannot allocate resource for EISA slot 4
[    2.065971] Cannot allocate resource for EISA slot 5
[    2.065973] Cannot allocate resource for EISA slot 6
[    2.065975] Cannot allocate resource for EISA slot 7
[    2.065977] Cannot allocate resource for EISA slot 8
[    2.065979] EISA: Detected 0 cards.
[    2.066060] cpuidle: using governor ladder
[    2.066062] cpuidle: using governor menu
[    2.066115] random 0000 0000 0000 00000000 00000000: rand_read_num 4 get_random_bytes(136): sig 0000021d 00000000 00000000
[    2.066118] random 0000 0000 0000 00000000 00000000: extract_entropy(.. 136 ..)
[    2.066120] random 0000 0000 0000 00000000 00000000: going to reseed nonblocking with 1024 bits (1088 of 0 requested)
[    2.066122] random 0000 0000 0000 00000000 00000000: extract_entropy(.. 128 ..)
[    2.066124] random 0000 0000 0000 00000000 00000000: trying to extract 1024 bits from input
[    2.066126] random 0000 0000 0000 00000000 00000000: debiting 0 entropy credits from input
[    2.066128] random 0000 0000 0000 00000000 00000000: extract_entropy account returned: 0 
[    2.066131] random 0000 0000 0000 00000000 00000000: urand_change_num 7 xfer_secondary_pool(136): pool_sig 0000021d, data_sig 00000000, bytes_mixed 0 00000000 00000000
[    2.066134] random 0000 0000 0000 00000000 00000000: trying to extract 1088 bits from nonblocking
[    2.066136] random 0000 0000 0000 00000000 00000000: debiting 1088 entropy credits from nonblocking (unlimited)
[    2.066138] random 0000 0000 0000 00000000 00000000: extract_entropy account returned: 136 
[    2.066141] random 0000 0000 0000 00000000 00000000: urand_change_num 8 extract_buf: pool_sig 0000021d, data_sig fffffff7, bytes_mixed 20 00000000 00000000
[    2.066146] random 0000 0000 0000 f961ee50 ba9cb1aa: urand_change_num 9 extract_buf: pool_sig 00000230, data_sig fffffeb4, bytes_mixed 20 f961ee50 ba9cb1aa
[    2.066150] random 0000 0000 0000 9748bdd6 56fb8af6: urand_change_num 10 extract_buf: pool_sig 00000373, data_sig 000000cf, bytes_mixed 20 9748bdd6 56fb8af6
[    2.066154] random 0000 0000 0000 9748bdd6 56fb8af6: urand_change_num 11 extract_buf: pool_sig fffffe49, data_sig 0000023f, bytes_mixed 20 9748bdd6 56fb8af6
[    2.066158] random 0000 0000 0000 a135be86 4777650e: urand_change_num 12 extract_buf: pool_sig fffffcce, data_sig 000000c6, bytes_mixed 20 a135be86 4777650e
[    2.066162] random 0000 0000 0000 4a6ea85d 170e00dd: urand_change_num 13 extract_buf: pool_sig ffffff97, data_sig ffffff7d, bytes_mixed 20 4a6ea85d 170e00dd
[    2.066167] random 0000 0000 0000 4a6ea85d 170e00dd: urand_change_num 14 extract_buf: pool_sig 00000160, data_sig fffffeea, bytes_mixed 20 4a6ea85d 170e00dd
[    2.066171] random 0000 0000 0000 6e87c3cb da668c73: urand_change_num 15 extract_buf: pool_sig 0000034f, data_sig ffffff54, bytes_mixed 20 6e87c3cb da668c73
[    2.066175] random 0000 0000 0000 6e87c3cb da668c73: urand_change_num 16 extract_buf: pool_sig fffffdc5, data_sig 00000205, bytes_mixed 20 6e87c3cb da668c73
[    2.066179] random 0000 0000 0000 39f531e6 461eb249: urand_change_num 17 extract_buf: pool_sig fffffc1d, data_sig ffffff5e, bytes_mixed 20 39f531e6 461eb249
[    2.066183] random 0000 0000 0000 7e1538a2 3e661182: urand_change_num 18 extract_buf: pool_sig 000006ef, data_sig ffffff2e, bytes_mixed 20 7e1538a2 3e661182
[    2.066187] random 0000 0000 0000 7e1538a2 3e661182: urand_change_num 19 extract_buf: pool_sig 00000317, data_sig fffffccb, bytes_mixed 20 7e1538a2 3e661182
[    2.066192] random 0000 0000 0000 76af506b 9b57305e: urand_change_num 20 extract_buf: pool_sig 00000227, data_sig ffffffd2, bytes_mixed 20 76af506b 9b57305e
[    2.066196] random 0000 0000 0000 37d49d89 e20417cc: urand_change_num 21 extract_buf: pool_sig 0000080b, data_sig 000001e9, bytes_mixed 20 37d49d89 e20417cc
[    2.066200] TCP cubic registered
[    2.066252] NET: Registered protocol family 10
[    2.066286] RANDOM - __random32 called. Change num 12.  Value: b0a9fbe7	b7a35a2b	c9ef2c48
[    2.066287] RANDOM - random32 called.  Value: b0a9fbe7	b7a35a2b	c9ef2c48
[    2.066296] random 0000 0000 0000 37d49d89 e20417cc: rand_read_num 5 get_random_bytes(4): sig 00000298 37d49d89 e20417cc
[    2.066298] random 0000 0000 0000 37d49d89 e20417cc: extract_entropy(.. 4 ..)
[    2.066300] random 0000 0000 0000 37d49d89 e20417cc: going to reseed nonblocking with 64 bits (32 of 0 requested)
[    2.066302] random 0000 0000 0000 37d49d89 e20417cc: extract_entropy(.. 8 ..)
[    2.066304] random 0000 0000 0000 37d49d89 e20417cc: trying to extract 64 bits from input
[    2.066306] random 0000 0000 0000 37d49d89 e20417cc: debiting 0 entropy credits from input
[    2.066308] random 0000 0000 0000 37d49d89 e20417cc: extract_entropy account returned: 0 
[    2.066311] random 0000 0000 0000 37d49d89 e20417cc: urand_change_num 22 xfer_secondary_pool(4): pool_sig 00000298, data_sig 00000000, bytes_mixed 0 37d49d89 e20417cc
[    2.066314] random 0000 0000 0000 37d49d89 e20417cc: trying to extract 32 bits from nonblocking
[    2.066316] random 0000 0000 0000 37d49d89 e20417cc: debiting 32 entropy credits from nonblocking (unlimited)
[    2.066318] random 0000 0000 0000 37d49d89 e20417cc: extract_entropy account returned: 4 
[    2.066321] random 0000 0000 0000 37d49d89 e20417cc: urand_change_num 23 extract_buf: pool_sig 00000298, data_sig 00000092, bytes_mixed 20 37d49d89 e20417cc
[    2.066374] RANDOM - __random32 called. Change num 13.  Value: 9fbe71fa	7a35a2b4	5890d2c9
[    2.066376] RANDOM - random32 called.  Value: 9fbe71fa	7a35a2b4	5890d2c9
[    2.066429] NET: Registered protocol family 17
[    2.066449] Using IPI No-Shortcut mode
[    2.066454] random 0000 0000 0000 2ee4c4fc 167bdb15: rand_read_num 6 get_random_bytes(8): sig fffffcbf 2ee4c4fc 167bdb15
[    2.066456] random 0000 0000 0000 2ee4c4fc 167bdb15: extract_entropy(.. 8 ..)
[    2.066458] random 0000 0000 0000 2ee4c4fc 167bdb15: going to reseed nonblocking with 64 bits (64 of 0 requested)
[    2.066460] random 0000 0000 0000 2ee4c4fc 167bdb15: extract_entropy(.. 8 ..)
[    2.066462] random 0000 0000 0000 2ee4c4fc 167bdb15: trying to extract 64 bits from input
[    2.066465] random 0000 0000 0000 2ee4c4fc 167bdb15: debiting 0 entropy credits from input
[    2.066467] random 0000 0000 0000 2ee4c4fc 167bdb15: extract_entropy account returned: 0 
[    2.066469] random 0000 0000 0000 2ee4c4fc 167bdb15: urand_change_num 24 xfer_secondary_pool(8): pool_sig fffffcbf, data_sig 00000000, bytes_mixed 0 2ee4c4fc 167bdb15
[    2.066472] random 0000 0000 0000 2ee4c4fc 167bdb15: trying to extract 64 bits from nonblocking
[    2.066474] random 0000 0000 0000 2ee4c4fc 167bdb15: debiting 64 entropy credits from nonblocking (unlimited)
[    2.066476] random 0000 0000 0000 2ee4c4fc 167bdb15: extract_entropy account returned: 8 
[    2.066479] random 0000 0000 0000 2ee4c4fc 167bdb15: urand_change_num 25 extract_buf: pool_sig fffffcbf, data_sig ffffff83, bytes_mixed 20 2ee4c4fc 167bdb15
[    2.066532] PM: Resume from disk failed.
[    2.066574] registered taskstats version 1
[    2.066578] random 0000 0000 0000 2ee4c4fc 167bdb15: rand_read_num 7 get_random_bytes(12): sig fffffc69 2ee4c4fc 167bdb15
[    2.066580] random 0000 0000 0000 2ee4c4fc 167bdb15: extract_entropy(.. 12 ..)
[    2.066582] random 0000 0000 0000 2ee4c4fc 167bdb15: going to reseed nonblocking with 96 bits (96 of 0 requested)
[    2.066584] random 0000 0000 0000 2ee4c4fc 167bdb15: extract_entropy(.. 12 ..)
[    2.066586] random 0000 0000 0000 2ee4c4fc 167bdb15: trying to extract 96 bits from input
[    2.066588] random 0000 0000 0000 2ee4c4fc 167bdb15: debiting 0 entropy credits from input
[    2.066590] random 0000 0000 0000 2ee4c4fc 167bdb15: extract_entropy account returned: 0 
[    2.066593] random 0000 0000 0000 2ee4c4fc 167bdb15: urand_change_num 26 xfer_secondary_pool(12): pool_sig fffffc69, data_sig 00000000, bytes_mixed 0 2ee4c4fc 167bdb15
[    2.066595] random 0000 0000 0000 2ee4c4fc 167bdb15: trying to extract 96 bits from nonblocking
[    2.066597] random 0000 0000 0000 2ee4c4fc 167bdb15: debiting 96 entropy credits from nonblocking (unlimited)
[    2.066600] random 0000 0000 0000 2ee4c4fc 167bdb15: extract_entropy account returned: 12 
[    2.066603] random 0000 0000 0000 2ee4c4fc 167bdb15: urand_change_num 27 extract_buf: pool_sig fffffc69, data_sig ffffff7d, bytes_mixed 20 2ee4c4fc 167bdb15
[    2.066607] random 0000 0000 0000 83b7c1ab 94697f48: urand_change_num 28 extract_buf: pool_sig fffffe30, data_sig fffffdd6, bytes_mixed 20 83b7c1ab 94697f48
[    2.066610] RANDOM - __seed init called.
[    2.066611] RANDOM - __seed init called.
[    2.066612] RANDOM - __seed init called.
[    2.066614] RANDOM - __random32 called. Change num 14.  Value: fc007995	feca4f80	21b38ad2
[    2.066615] RANDOM - random32_reseed called.  Value: fc007995	feca4f80	21b38ad2
[    2.066618] Pid: 1, comm: swapper Not tainted 2.6.32.57 #4
[    2.066619] Call Trace:
[    2.066625]  [<c14a8a0e>] ? printk+0x1d/0x1f
[    2.066630]  [<c17537e5>] random32_reseed+0x89/0xbd
[    2.066634]  [<c1003042>] do_one_initcall+0x32/0x1a0
[    2.066636]  [<c175375c>] ? random32_reseed+0x0/0xbd
[    2.066639]  [<c17308e7>] kernel_init+0x12d/0x17a
[    2.066642]  [<c17307ba>] ? kernel_init+0x0/0x17a
[    2.066645]  [<c1009b07>] kernel_thread_helper+0x7/0x10
[    2.069269] input: AT Translated Set 2 keyboard as /devices/platform/i8042/serio0/input/input1
[    2.069553] random 0000 0000 0000 6db70b00 b30ce96b: rand_read_num 8 get_random_bytes(64): sig fffffb38 6db70b00 b30ce96b
[    2.069556] random 0000 0000 0000 6db70b00 b30ce96b: extract_entropy(.. 64 ..)
[    2.069559] random 0000 0000 0000 6db70b00 b30ce96b: going to reseed nonblocking with 512 bits (512 of 0 requested)
[    2.069561] random 0000 0000 0000 6db70b00 b30ce96b: extract_entropy(.. 64 ..)
[    2.069563] random 0000 0000 0000 6db70b00 b30ce96b: trying to extract 512 bits from input
[    2.069565] random 0000 0000 0000 6db70b00 b30ce96b: debiting 0 entropy credits from input
[    2.069568] random 0000 0000 0000 6db70b00 b30ce96b: extract_entropy account returned: 0 
[    2.069571] random 0000 0000 0000 6db70b00 b30ce96b: urand_change_num 29 xfer_secondary_pool(64): pool_sig fffffb38, data_sig 00000000, bytes_mixed 0 6db70b00 b30ce96b
[    2.069573] random 0000 0000 0000 6db70b00 b30ce96b: trying to extract 512 bits from nonblocking
[    2.069576] random 0000 0000 0000 6db70b00 b30ce96b: debiting 512 entropy credits from nonblocking (unlimited)
[    2.069578] random 0000 0000 0000 6db70b00 b30ce96b: extract_entropy account returned: 64 
[    2.069582] random 0000 0000 0000 6db70b00 b30ce96b: urand_change_num 30 extract_buf: pool_sig fffffb38, data_sig 00000151, bytes_mixed 20 6db70b00 b30ce96b
[    2.069586] random 0000 0000 0000 6db70b00 b30ce96b: urand_change_num 31 extract_buf: pool_sig fffffdb8, data_sig 00000379, bytes_mixed 20 6db70b00 b30ce96b
[    2.069591] random 0000 0000 0000 6b83001e d4b6c0d3: urand_change_num 32 extract_buf: pool_sig ffffffc9, data_sig 00000198, bytes_mixed 20 6b83001e d4b6c0d3
[    2.069595] random 0000 0000 0000 79d3e3c7 be564518: urand_change_num 33 extract_buf: pool_sig 000002b9, data_sig ffffff84, bytes_mixed 20 79d3e3c7 be564518
[    2.069600] random 0000 0000 0000 79d3e3c7 be564518: urand_change_num 34 extract_buf: pool_sig ffffff55, data_sig ffffff5a, bytes_mixed 20 79d3e3c7 be564518
[    2.069604] random 0000 0000 0000 89c03cb2 0d353228: urand_change_num 35 extract_buf: pool_sig 00000007, data_sig ffffff17, bytes_mixed 20 89c03cb2 0d353228
[    2.069609] random 0000 0000 0000 89c03cb2 0d353228: urand_change_num 36 extract_buf: pool_sig fffffdae, data_sig 000000db, bytes_mixed 20 89c03cb2 0d353228  Magic number: 13:712:654
[    2.069701] rtc_cmos 00:04: setting system clock to 2013-05-24 22:38:13 UTC (1369435093)
[    2.069704] BIOS EDD facility v0.16 2004-Jun-25, 0 devices found
[    2.069705] EDD information not available.
[    2.069733] random 0000 0000 0000 8ca62387 b120332c: rand_read_num 9 get_random_bytes(64): sig fffffed6 8ca62387 b120332c
[    2.069736] random 0000 0000 0000 8ca62387 b120332c: extract_entropy(.. 64 ..)
[    2.069738] random 0000 0000 0000 8ca62387 b120332c: going to reseed nonblocking with 512 bits (512 of 0 requested)
[    2.069740] random 0000 0000 0000 8ca62387 b120332c: extract_entropy(.. 64 ..)
[    2.069743] random 0000 0000 0000 8ca62387 b120332c: trying to extract 512 bits from input
[    2.069745] random 0000 0000 0000 8ca62387 b120332c: debiting 0 entropy credits from input
[    2.069747] random 0000 0000 0000 8ca62387 b120332c: extract_entropy account returned: 0 
[    2.069750] random 0000 0000 0000 8ca62387 b120332c: urand_change_num 37 xfer_secondary_pool(64): pool_sig fffffed6, data_sig 00000000, bytes_mixed 0 8ca62387 b120332c
[    2.069752] random 0000 0000 0000 8ca62387 b120332c: trying to extract 512 bits from nonblocking
[    2.069755] random 0000 0000 0000 8ca62387 b120332c: debiting 512 entropy credits from nonblocking (unlimited)
[    2.069757] random 0000 0000 0000 8ca62387 b120332c: extract_entropy account returned: 64 
[    2.069761] random 0000 0000 0000 8ca62387 b120332c: urand_change_num 38 extract_buf: pool_sig fffffed6, data_sig fffffeb6, bytes_mixed 20 8ca62387 b120332c
[    2.069765] random 0000 0000 0000 90702413 e2a66c2e: urand_change_num 39 extract_buf: pool_sig fffffbb0, data_sig 0000012e, bytes_mixed 20 90702413 e2a66c2e
[    2.069769] random 0000 0000 0000 90702413 e2a66c2e: urand_change_num 40 extract_buf: pool_sig fffffaf1, data_sig ffffff3c, bytes_mixed 20 90702413 e2a66c2e
[    2.069774] random 0000 0000 0000 3f58038b c77aecb6: urand_change_num 41 extract_buf: pool_sig 00000234, data_sig fffffdec, bytes_mixed 20 3f58038b c77aecb6
[    2.069778] random 0000 0000 0000 47187b9d 03f21510: urand_change_num 42 extract_buf: pool_sig 00000192, data_sig 00000075, bytes_mixed 20 47187b9d 03f21510
[    2.069783] random 0000 0000 0000 47187b9d 03f21510: urand_change_num 43 extract_buf: pool_sig 0000018e, data_sig ffffffbf, bytes_mixed 20 47187b9d 03f21510
[    2.069787] random 0000 0000 0000 3180b1fc 0fa9c973: urand_change_num 44 extract_buf: pool_sig fffffecf, data_sig ffffff2a, bytes_mixed 20 3180b1fc 0fa9c973
[    2.069790] BEGIN NET_SECRET:
[    2.069791] \xffffff87
[    2.069792] \xffffff8d
[    2.069794] \xfffffff4
[    2.069795] \xffffffae
[    2.069796] \xffffffc3
[    2.069797] \xffffffb7
[    2.069798] \x31
[    2.069799] \x65
[    2.069801] \xffffffda
[    2.069802] \xffffffa2
[    2.069803] \x31
[    2.069804] \xffffffc8
[    2.069805] \xffffffa9
[    2.069806] \x76
[    2.069807] \x76
[    2.069809] \xffffff90
[    2.069810] \x55
[    2.069811] \xfffffff3
[    2.069812] \xffffffb1
[    2.069813] \x3
[    2.069814] \xffffffb3
[    2.069816] \xffffffa7
[    2.069817] \x5a
[    2.069818] \x71
[    2.069819] \x70
[    2.069820] \xffffff8c
[    2.069821] \x56
[    2.069822] \x25
[    2.069823] \xffffffe1
[    2.069825] \x4c
[    2.069826] \xffffffe6
[    2.069827] \xffffff95
[    2.069828] \x67
[    2.069829] \x4c
[    2.069830] \xffffffb9
[    2.069831] \x1d
[    2.069833] \xe
[    2.069834] \x34
[    2.069835] \xffffffbe
[    2.069836] \x12
[    2.069837] \x5
[    2.069838] \xffffff98
[    2.069839] \xffffffa0
[    2.069841] \xf
[    2.069842] \xffffffb2
[    2.069843] \xffffffde
[    2.069844] \xffffff99
[    2.069845] \xf
[    2.069846] \xffffffe8
[    2.069847] \xffffffc8
[    2.069849] \x1f
[    2.069850] \x54
[    2.069851] \x2c
[    2.069852] \xffffffee
[    2.069853] \x2e
[    2.069854] \x0
[    2.069855] \xffffff95
[    2.069856] \x0
[    2.069858] \xffffffe3
[    2.069859] \xffffffa7
[    2.069860] \xfffffffd
[    2.069861] \x66
[    2.069862] \xffffff92
[    2.069863] \xfffffff0
[    2.069865] 
[    2.069865] END NET_SECRET
[    2.069868] random 0000 0000 0000 3180b1fc 0fa9c973: rand_read_num 10 get_random_bytes(4): sig ffffff46 3180b1fc 0fa9c973
[    2.069870] random 0000 0000 0000 3180b1fc 0fa9c973: extract_entropy(.. 4 ..)
[    2.069873] random 0000 0000 0000 3180b1fc 0fa9c973: going to reseed nonblocking with 64 bits (32 of 0 requested)
[    2.069875] random 0000 0000 0000 3180b1fc 0fa9c973: extract_entropy(.. 8 ..)
[    2.069877] random 0000 0000 0000 3180b1fc 0fa9c973: trying to extract 64 bits from input
[    2.069879] random 0000 0000 0000 3180b1fc 0fa9c973: debiting 0 entropy credits from input
[    2.069881] random 0000 0000 0000 3180b1fc 0fa9c973: extract_entropy account returned: 0 
[    2.069884] random 0000 0000 0000 3180b1fc 0fa9c973: urand_change_num 45 xfer_secondary_pool(4): pool_sig ffffff46, data_sig 00000000, bytes_mixed 0 3180b1fc 0fa9c973
[    2.069887] random 0000 0000 0000 3180b1fc 0fa9c973: trying to extract 32 bits from nonblocking
[    2.069889] random 0000 0000 0000 3180b1fc 0fa9c973: debiting 32 entropy credits from nonblocking (unlimited)
[    2.069891] random 0000 0000 0000 3180b1fc 0fa9c973: extract_entropy account returned: 4 
[    2.069895] random 0000 0000 0000 3180b1fc 0fa9c973: urand_change_num 46 extract_buf: pool_sig ffffff46, data_sig 0000001b, bytes_mixed 20 3180b1fc 0fa9c973
[    2.243375] ata2.00: ATAPI: VMware Virtual IDE CDROM Drive, 00000001, max UDMA/33
[    2.243657] ata2.00: configured for UDMA/33
[    2.244030] scsi 1:0:0:0: CD-ROM            NECVMWar VMware IDE CDR10 1.00 PQ: 0 ANSI: 5
[    2.245314] sr0: scsi3-mmc drive: 306x/306x cd/rw xa/form2 cdda tray
[    2.245318] Uniform CD-ROM driver Revision: 3.20
[    2.245371] sr 1:0:0:0: Attached scsi CD-ROM sr0
[    2.245409] sr 1:0:0:0: Attached scsi generic sg0 type 5
[    2.245446] Freeing unused kernel memory: 652k freed
[    2.245499] Write protecting the kernel text: 4840k
[    2.245530] Write protecting the kernel read-only data: 1968k
[    2.245620] random 0000 0000 0000 38974d2b 1d8d6de0: rand_read_num 11 get_random_bytes(16): sig 000001c6 38974d2b 1d8d6de0
