[    0.000000] random 0000 0000 0000 00000000 00000000: rand_read_num 1 get_random_bytes(8): sig 00000000 00000000 00000000
[    0.000000] random 0000 0000 0000 00000000 00000000: extract_entropy(.. 8 ..)
[    0.000000] random 0000 0000 0000 00000000 00000000: going to reseed nonblocking with 64 bits (64 of 0 requested)
[    0.000000] random 0000 0000 0000 00000000 00000000: extract_entropy(.. 8 ..)
[    0.000000] random 0000 0000 0000 00000000 00000000: trying to extract 64 bits from input
[    0.000000] random 0000 0000 0000 00000000 00000000: debiting 0 entropy credits from input
[    0.000000] random 0000 0000 0000 00000000 00000000: extract_entropy account returned: 0 
[    0.000000] random 0000 0000 0000 00000000 00000000: urand_change_num 1 xfer_secondary_pool(8): pool_sig 00000000, data_sig 00000000, bytes_mixed 0 00000000 00000000
[    0.000000] random 0000 0000 0000 00000000 00000000: trying to extract 64 bits from nonblocking
[    0.000000] random 0000 0000 0000 00000000 00000000: debiting 64 entropy credits from nonblocking (unlimited)
[    0.000000] random 0000 0000 0000 00000000 00000000: extract_entropy account returned: 8 
[    0.000000] random 0000 0000 0000 00000000 00000000: urand_change_num 2 extract_buf: pool_sig 00000000, data_sig fffffff9, bytes_mixed 20 00000000 00000000
[    0.000000] Initializing cgroup subsys cpuset
[    0.000000] Initializing cgroup subsys cpu
[    0.000000] Linux version 2.6.32.57 (dcashman@ubuntu) (gcc version 4.6.3 (Ubuntu/Linaro 4.6.3-1ubuntu5) ) #4 SMP Fri May 24 11:09:26 PDT 2013
[    0.000000] KERNEL supported cpus:
[    0.000000]   Intel GenuineIntel
[    0.000000]   AMD AuthenticAMD
[    0.000000]   NSC Geode by NSC
[    0.000000]   Cyrix CyrixInstead
[    0.000000]   Centaur CentaurHauls
[    0.000000]   Transmeta GenuineTMx86
[    0.000000]   Transmeta TransmetaCPU
[    0.000000]   UMC UMC UMC UMC
[    0.000000] BIOS-provided physical RAM map:
[    0.000000]  BIOS-e820: 0000000000000000 - 000000000009f000 (usable)
[    0.000000]  BIOS-e820: 000000000009f000 - 00000000000a0000 (reserved)
[    0.000000]  BIOS-e820: 00000000000ca000 - 00000000000cc000 (reserved)
[    0.000000]  BIOS-e820: 00000000000dc000 - 0000000000100000 (reserved)
[    0.000000]  BIOS-e820: 0000000000100000 - 000000003fee0000 (usable)
[    0.000000]  BIOS-e820: 000000003fee0000 - 000000003feff000 (ACPI data)
[    0.000000]  BIOS-e820: 000000003feff000 - 000000003ff00000 (ACPI NVS)
[    0.000000]  BIOS-e820: 000000003ff00000 - 0000000040000000 (usable)
[    0.000000]  BIOS-e820: 00000000e0000000 - 00000000f0000000 (reserved)
[    0.000000]  BIOS-e820: 00000000fec00000 - 00000000fec10000 (reserved)
[    0.000000]  BIOS-e820: 00000000fee00000 - 00000000fee01000 (reserved)
[    0.000000]  BIOS-e820: 00000000fffe0000 - 0000000100000000 (reserved)
[    0.000000] DMI present.
[    0.000000] Phoenix BIOS detected: BIOS may corrupt low RAM, working around it.
[    0.000000] e820 update range: 0000000000000000 - 0000000000010000 (usable) ==> (reserved)
[    0.000000] last_pfn = 0x40000 max_arch_pfn = 0x1000000
[    0.000000] MTRR default type: uncachable
[    0.000000] MTRR fixed ranges enabled:
[    0.000000]   00000-9FFFF write-back
[    0.000000]   A0000-BFFFF uncachable
[    0.000000]   C0000-CBFFF write-protect
[    0.000000]   CC000-EFFFF uncachable
[    0.000000]   F0000-FFFFF write-protect
[    0.000000] MTRR variable ranges enabled:
[    0.000000]   0 base 0000000000 mask FFC0000000 write-back
[    0.000000]   1 disabled
[    0.000000]   2 disabled
[    0.000000]   3 disabled
[    0.000000]   4 disabled
[    0.000000]   5 disabled
[    0.000000]   6 disabled
[    0.000000]   7 disabled
[    0.000000] x86 PAT enabled: cpu 0, old 0x0, new 0x7010600070106
[    0.000000] Scanning 0 areas for low memory corruption
[    0.000000] modified physical RAM map:
[    0.000000]  modified: 0000000000000000 - 0000000000010000 (reserved)
[    0.000000]  modified: 0000000000010000 - 000000000009f000 (usable)
[    0.000000]  modified: 000000000009f000 - 00000000000a0000 (reserved)
[    0.000000]  modified: 00000000000ca000 - 00000000000cc000 (reserved)
[    0.000000]  modified: 00000000000dc000 - 0000000000100000 (reserved)
[    0.000000]  modified: 0000000000100000 - 000000003fee0000 (usable)
[    0.000000]  modified: 000000003fee0000 - 000000003feff000 (ACPI data)
[    0.000000]  modified: 000000003feff000 - 000000003ff00000 (ACPI NVS)
[    0.000000]  modified: 000000003ff00000 - 0000000040000000 (usable)
[    0.000000]  modified: 00000000e0000000 - 00000000f0000000 (reserved)
[    0.000000]  modified: 00000000fec00000 - 00000000fec10000 (reserved)
[    0.000000]  modified: 00000000fee00000 - 00000000fee01000 (reserved)
[    0.000000]  modified: 00000000fffe0000 - 0000000100000000 (reserved)
[    0.000000] initial memory mapped : 0 - 01e00000
[    0.000000] init_memory_mapping: 0000000000000000-00000000379fe000
[    0.000000] NX (Execute Disable) protection: active
[    0.000000]  0000000000 - 0000200000 page 4k
[    0.000000]  0000200000 - 0037800000 page 2M
[    0.000000]  0037800000 - 00379fe000 page 4k
[    0.000000] kernel direct mapping tables up to 379fe000 @ 10000-16000
[    0.000000] RAMDISK: 2dcfc000 - 32e758c3
[    0.000000] ACPI: RSDP 000f6b80 00024 (v02 PTLTD )
[    0.000000] ACPI: XSDT 3feed636 0005C (v01 INTEL  440BX    06040000 VMW  01324272)
[    0.000000] ACPI: FACP 3fefee98 000F4 (v04 INTEL  440BX    06040000 PTL  000F4240)
[    0.000000] ACPI: DSDT 3feee366 10B32 (v01 PTLTD  Custom   06040000 MSFT 03000001)
[    0.000000] ACPI: FACS 3fefffc0 00040
[    0.000000] ACPI: BOOT 3feee33e 00028 (v01 PTLTD  $SBFTBL$ 06040000  LTP 00000001)
[    0.000000] ACPI: APIC 3feedc3e 003C2 (v01 PTLTD  ? APIC   06040000  LTP 00000000)
[    0.000000] ACPI: MCFG 3feedc02 0003C (v01 PTLTD  $PCITBL$ 06040000  LTP 00000001)
[    0.000000] ACPI: SRAT 3feed732 004D0 (v02 VMWARE MEMPLUG  06040000 VMW  00000001)
[    0.000000] ACPI: HPET 3feed6fa 00038 (v01 VMWARE VMW HPET 06040000 VMW  00000001)
[    0.000000] ACPI: WAET 3feed6d2 00028 (v01 VMWARE VMW WAET 06040000 VMW  00000001)
[    0.000000] ACPI: Local APIC address 0xfee00000
[    0.000000] 134MB HIGHMEM available.
[    0.000000] 889MB LOWMEM available.
[    0.000000]   mapped low ram: 0 - 379fe000
[    0.000000]   low ram: 0 - 379fe000
[    0.000000]   node 0 low ram: 00000000 - 379fe000
[    0.000000]   node 0 bootmap 00012000 - 00018f40
[    0.000000] (9 early reservations) ==> bootmem [0000000000 - 00379fe000]
[    0.000000]   #0 [0000000000 - 0000001000]   BIOS data page ==> [0000000000 - 0000001000]
[    0.000000]   #1 [0000001000 - 0000002000]    EX TRAMPOLINE ==> [0000001000 - 0000002000]
[    0.000000]   #2 [0000006000 - 0000007000]       TRAMPOLINE ==> [0000006000 - 0000007000]
[    0.000000]   #3 [0001000000 - 0001a75ff8]    TEXT DATA BSS ==> [0001000000 - 0001a75ff8]
[    0.000000]   #4 [002dcfc000 - 0032e758c3]          RAMDISK ==> [002dcfc000 - 0032e758c3]
[    0.000000]   #5 [000009f000 - 0000100000]    BIOS reserved ==> [000009f000 - 0000100000]
[    0.000000]   #6 [0001a76000 - 0001a851c0]              BRK ==> [0001a76000 - 0001a851c0]
[    0.000000]   #7 [0000010000 - 0000012000]          PGTABLE ==> [0000010000 - 0000012000]
[    0.000000]   #8 [0000012000 - 0000019000]          BOOTMAP ==> [0000012000 - 0000019000]
[    0.000000] found SMP MP-table at [c00f6bf0] f6bf0
[    0.000000] Zone PFN ranges:
[    0.000000]   DMA      0x00000010 -> 0x00001000
[    0.000000]   Normal   0x00001000 -> 0x000379fe
[    0.000000]   HighMem  0x000379fe -> 0x00040000
[    0.000000] Movable zone start PFN for each node
[    0.000000] early_node_map[3] active PFN ranges
[    0.000000]     0: 0x00000010 -> 0x0000009f
[    0.000000]     0: 0x00000100 -> 0x0003fee0
[    0.000000]     0: 0x0003ff00 -> 0x00040000
[    0.000000] On node 0 totalpages: 261999
[    0.000000] free_area_init_node: node 0, pgdat c1715200, node_mem_map c1a87200
[    0.000000]   DMA zone: 32 pages used for memmap
[    0.000000]   DMA zone: 0 pages reserved
[    0.000000]   DMA zone: 3951 pages, LIFO batch:0
[    0.000000]   Normal zone: 1748 pages used for memmap
[    0.000000]   Normal zone: 221994 pages, LIFO batch:31
[    0.000000]   HighMem zone: 269 pages used for memmap
[    0.000000]   HighMem zone: 34005 pages, LIFO batch:7
[    0.000000] Using APIC driver default
[    0.000000] ACPI: PM-Timer IO Port: 0x1008
[    0.000000] ACPI: Local APIC address 0xfee00000
[    0.000000] ACPI: LAPIC (acpi_id[0x00] lapic_id[0x00] enabled)
[    0.000000] ACPI: LAPIC (acpi_id[0x01] lapic_id[0x02] disabled)
[    0.000000] ACPI: LAPIC (acpi_id[0x02] lapic_id[0x04] disabled)
[    0.000000] ACPI: LAPIC (acpi_id[0x03] lapic_id[0x06] disabled)
[    0.000000] ACPI: LAPIC (acpi_id[0x04] lapic_id[0x08] disabled)
[    0.000000] ACPI: LAPIC (acpi_id[0x05] lapic_id[0x0a] disabled)
[    0.000000] ACPI: LAPIC (acpi_id[0x06] lapic_id[0x0c] disabled)
[    0.000000] ACPI: LAPIC (acpi_id[0x07] lapic_id[0x0e] disabled)
[    0.000000] ACPI: LAPIC (acpi_id[0x08] lapic_id[0x10] disabled)
[    0.000000] ACPI: LAPIC (acpi_id[0x09] lapic_id[0x12] disabled)
[    0.000000] ACPI: LAPIC (acpi_id[0x0a] lapic_id[0x14] disabled)
[    0.000000] ACPI: LAPIC (acpi_id[0x0b] lapic_id[0x16] disabled)
[    0.000000] ACPI: LAPIC (acpi_id[0x0c] lapic_id[0x18] disabled)
[    0.000000] ACPI: LAPIC (acpi_id[0x0d] lapic_id[0x1a] disabled)
[    0.000000] ACPI: LAPIC (acpi_id[0x0e] lapic_id[0x1c] disabled)
[    0.000000] ACPI: LAPIC (acpi_id[0x0f] lapic_id[0x1e] disabled)
[    0.000000] ACPI: LAPIC (acpi_id[0x10] lapic_id[0x20] disabled)
[    0.000000] ACPI: LAPIC (acpi_id[0x11] lapic_id[0x22] disabled)
[    0.000000] ACPI: LAPIC (acpi_id[0x12] lapic_id[0x24] disabled)
[    0.000000] ACPI: LAPIC (acpi_id[0x13] lapic_id[0x26] disabled)
[    0.000000] ACPI: LAPIC (acpi_id[0x14] lapic_id[0x28] disabled)
[    0.000000] ACPI: LAPIC (acpi_id[0x15] lapic_id[0x2a] disabled)
[    0.000000] ACPI: LAPIC (acpi_id[0x16] lapic_id[0x2c] disabled)
[    0.000000] ACPI: LAPIC (acpi_id[0x17] lapic_id[0x2e] disabled)
[    0.000000] ACPI: LAPIC (acpi_id[0x18] lapic_id[0x30] disabled)
[    0.000000] ACPI: LAPIC (acpi_id[0x19] lapic_id[0x32] disabled)
[    0.000000] ACPI: LAPIC (acpi_id[0x1a] lapic_id[0x34] disabled)
[    0.000000] ACPI: LAPIC (acpi_id[0x1b] lapic_id[0x36] disabled)
[    0.000000] ACPI: LAPIC (acpi_id[0x1c] lapic_id[0x38] disabled)
[    0.000000] ACPI: LAPIC (acpi_id[0x1d] lapic_id[0x3a] disabled)
[    0.000000] ACPI: LAPIC (acpi_id[0x1e] lapic_id[0x3c] disabled)
[    0.000000] ACPI: LAPIC (acpi_id[0x1f] lapic_id[0x3e] disabled)
[    0.000000] ACPI: LAPIC (acpi_id[0x20] lapic_id[0x40] disabled)
[    0.000000] ACPI: LAPIC (acpi_id[0x21] lapic_id[0x42] disabled)
[    0.000000] ACPI: LAPIC (acpi_id[0x22] lapic_id[0x44] disabled)
[    0.000000] ACPI: LAPIC (acpi_id[0x23] lapic_id[0x46] disabled)
[    0.000000] ACPI: LAPIC (acpi_id[0x24] lapic_id[0x48] disabled)
[    0.000000] ACPI: LAPIC (acpi_id[0x25] lapic_id[0x4a] disabled)
[    0.000000] ACPI: LAPIC (acpi_id[0x26] lapic_id[0x4c] disabled)
[    0.000000] ACPI: LAPIC (acpi_id[0x27] lapic_id[0x4e] disabled)
[    0.000000] ACPI: LAPIC (acpi_id[0x28] lapic_id[0x50] disabled)
[    0.000000] ACPI: LAPIC (acpi_id[0x29] lapic_id[0x52] disabled)
[    0.000000] ACPI: LAPIC (acpi_id[0x2a] lapic_id[0x54] disabled)
[    0.000000] ACPI: LAPIC (acpi_id[0x2b] lapic_id[0x56] disabled)
[    0.000000] ACPI: LAPIC (acpi_id[0x2c] lapic_id[0x58] disabled)
[    0.000000] ACPI: LAPIC (acpi_id[0x2d] lapic_id[0x5a] disabled)
[    0.000000] ACPI: LAPIC (acpi_id[0x2e] lapic_id[0x5c] disabled)
[    0.000000] ACPI: LAPIC (acpi_id[0x2f] lapic_id[0x5e] disabled)
[    0.000000] ACPI: LAPIC (acpi_id[0x30] lapic_id[0x60] disabled)
[    0.000000] ACPI: LAPIC (acpi_id[0x31] lapic_id[0x62] disabled)
[    0.000000] ACPI: LAPIC (acpi_id[0x32] lapic_id[0x64] disabled)
[    0.000000] ACPI: LAPIC (acpi_id[0x33] lapic_id[0x66] disabled)
[    0.000000] ACPI: LAPIC (acpi_id[0x34] lapic_id[0x68] disabled)
[    0.000000] ACPI: LAPIC (acpi_id[0x35] lapic_id[0x6a] disabled)
[    0.000000] ACPI: LAPIC (acpi_id[0x36] lapic_id[0x6c] disabled)
[    0.000000] ACPI: LAPIC (acpi_id[0x37] lapic_id[0x6e] disabled)
[    0.000000] ACPI: LAPIC (acpi_id[0x38] lapic_id[0x70] disabled)
[    0.000000] ACPI: LAPIC (acpi_id[0x39] lapic_id[0x72] disabled)
[    0.000000] ACPI: LAPIC (acpi_id[0x3a] lapic_id[0x74] disabled)
[    0.000000] ACPI: LAPIC (acpi_id[0x3b] lapic_id[0x76] disabled)
[    0.000000] ACPI: LAPIC (acpi_id[0x3c] lapic_id[0x78] disabled)
[    0.000000] ACPI: LAPIC (acpi_id[0x3d] lapic_id[0x7a] disabled)
[    0.000000] ACPI: LAPIC (acpi_id[0x3e] lapic_id[0x7c] disabled)
[    0.000000] ACPI: LAPIC (acpi_id[0x3f] lapic_id[0x7e] disabled)
[    0.000000] ACPI: LAPIC_NMI (acpi_id[0x00] high edge lint[0x1])
[    0.000000] ACPI: LAPIC_NMI (acpi_id[0x01] high edge lint[0x1])
[    0.000000] ACPI: LAPIC_NMI (acpi_id[0x02] high edge lint[0x1])
[    0.000000] ACPI: LAPIC_NMI (acpi_id[0x03] high edge lint[0x1])
[    0.000000] ACPI: LAPIC_NMI (acpi_id[0x04] high edge lint[0x1])
[    0.000000] ACPI: LAPIC_NMI (acpi_id[0x05] high edge lint[0x1])
[    0.000000] ACPI: LAPIC_NMI (acpi_id[0x06] high edge lint[0x1])
[    0.000000] ACPI: LAPIC_NMI (acpi_id[0x07] high edge lint[0x1])
[    0.000000] ACPI: LAPIC_NMI (acpi_id[0x08] high edge lint[0x1])
[    0.000000] ACPI: LAPIC_NMI (acpi_id[0x09] high edge lint[0x1])
[    0.000000] ACPI: LAPIC_NMI (acpi_id[0x0a] high edge lint[0x1])
[    0.000000] ACPI: LAPIC_NMI (acpi_id[0x0b] high edge lint[0x1])
[    0.000000] ACPI: LAPIC_NMI (acpi_id[0x0c] high edge lint[0x1])
[    0.000000] ACPI: LAPIC_NMI (acpi_id[0x0d] high edge lint[0x1])
[    0.000000] ACPI: LAPIC_NMI (acpi_id[0x0e] high edge lint[0x1])
[    0.000000] ACPI: LAPIC_NMI (acpi_id[0x0f] high edge lint[0x1])
[    0.000000] ACPI: LAPIC_NMI (acpi_id[0x10] high edge lint[0x1])
[    0.000000] ACPI: LAPIC_NMI (acpi_id[0x11] high edge lint[0x1])
[    0.000000] ACPI: LAPIC_NMI (acpi_id[0x12] high edge lint[0x1])
[    0.000000] ACPI: LAPIC_NMI (acpi_id[0x13] high edge lint[0x1])
[    0.000000] ACPI: LAPIC_NMI (acpi_id[0x14] high edge lint[0x1])
[    0.000000] ACPI: LAPIC_NMI (acpi_id[0x15] high edge lint[0x1])
[    0.000000] ACPI: LAPIC_NMI (acpi_id[0x16] high edge lint[0x1])
[    0.000000] ACPI: LAPIC_NMI (acpi_id[0x17] high edge lint[0x1])
[    0.000000] ACPI: LAPIC_NMI (acpi_id[0x18] high edge lint[0x1])
[    0.000000] ACPI: LAPIC_NMI (acpi_id[0x19] high edge lint[0x1])
[    0.000000] ACPI: LAPIC_NMI (acpi_id[0x1a] high edge lint[0x1])
[    0.000000] ACPI: LAPIC_NMI (acpi_id[0x1b] high edge lint[0x1])
[    0.000000] ACPI: LAPIC_NMI (acpi_id[0x1c] high edge lint[0x1])
[    0.000000] ACPI: LAPIC_NMI (acpi_id[0x1d] high edge lint[0x1])
[    0.000000] ACPI: LAPIC_NMI (acpi_id[0x1e] high edge lint[0x1])
[    0.000000] ACPI: LAPIC_NMI (acpi_id[0x1f] high edge lint[0x1])
[    0.000000] ACPI: LAPIC_NMI (acpi_id[0x20] high edge lint[0x1])
[    0.000000] ACPI: LAPIC_NMI (acpi_id[0x21] high edge lint[0x1])
[    0.000000] ACPI: LAPIC_NMI (acpi_id[0x22] high edge lint[0x1])
[    0.000000] ACPI: LAPIC_NMI (acpi_id[0x23] high edge lint[0x1])
[    0.000000] ACPI: LAPIC_NMI (acpi_id[0x24] high edge lint[0x1])
[    0.000000] ACPI: LAPIC_NMI (acpi_id[0x25] high edge lint[0x1])
[    0.000000] ACPI: LAPIC_NMI (acpi_id[0x26] high edge lint[0x1])
[    0.000000] ACPI: LAPIC_NMI (acpi_id[0x27] high edge lint[0x1])
[    0.000000] ACPI: LAPIC_NMI (acpi_id[0x28] high edge lint[0x1])
[    0.000000] ACPI: LAPIC_NMI (acpi_id[0x29] high edge lint[0x1])
[    0.000000] ACPI: LAPIC_NMI (acpi_id[0x2a] high edge lint[0x1])
[    0.000000] ACPI: LAPIC_NMI (acpi_id[0x2b] high edge lint[0x1])
[    0.000000] ACPI: LAPIC_NMI (acpi_id[0x2c] high edge lint[0x1])
[    0.000000] ACPI: LAPIC_NMI (acpi_id[0x2d] high edge lint[0x1])
[    0.000000] ACPI: LAPIC_NMI (acpi_id[0x2e] high edge lint[0x1])
[    0.000000] ACPI: LAPIC_NMI (acpi_id[0x2f] high edge lint[0x1])
[    0.000000] ACPI: LAPIC_NMI (acpi_id[0x30] high edge lint[0x1])
[    0.000000] ACPI: LAPIC_NMI (acpi_id[0x31] high edge lint[0x1])
[    0.000000] ACPI: LAPIC_NMI (acpi_id[0x32] high edge lint[0x1])
[    0.000000] ACPI: LAPIC_NMI (acpi_id[0x33] high edge lint[0x1])
[    0.000000] ACPI: LAPIC_NMI (acpi_id[0x34] high edge lint[0x1])
[    0.000000] ACPI: LAPIC_NMI (acpi_id[0x35] high edge lint[0x1])
[    0.000000] ACPI: LAPIC_NMI (acpi_id[0x36] high edge lint[0x1])
[    0.000000] ACPI: LAPIC_NMI (acpi_id[0x37] high edge lint[0x1])
[    0.000000] ACPI: LAPIC_NMI (acpi_id[0x38] high edge lint[0x1])
[    0.000000] ACPI: LAPIC_NMI (acpi_id[0x39] high edge lint[0x1])
[    0.000000] ACPI: LAPIC_NMI (acpi_id[0x3a] high edge lint[0x1])
[    0.000000] ACPI: LAPIC_NMI (acpi_id[0x3b] high edge lint[0x1])
[    0.000000] ACPI: LAPIC_NMI (acpi_id[0x3c] high edge lint[0x1])
[    0.000000] ACPI: LAPIC_NMI (acpi_id[0x3d] high edge lint[0x1])
[    0.000000] ACPI: LAPIC_NMI (acpi_id[0x3e] high edge lint[0x1])
[    0.000000] ACPI: LAPIC_NMI (acpi_id[0x3f] high edge lint[0x1])
[    0.000000] ACPI: Skipping IOAPIC probe due to 'noapic' option.
[    0.000000] Using ACPI for processor (LAPIC) configuration information
[    0.000000] ACPI: HPET id: 0x8086af01 base: 0xfed00000
[    0.000000] Intel MultiProcessor Specification v1.4
[    0.000000]     Virtual Wire compatibility mode.
[    0.000000] MPTABLE: OEM ID: INTEL   
[    0.000000] MPTABLE: Product ID: 440BX       
[    0.000000] MPTABLE: APIC at: 0xFEE00000
[    0.000000] I/O APIC #1 Version 17 at 0xFEC00000.
[    0.000000] Processors: 1
[    0.000000] 64 Processors exceeds NR_CPUS limit of 8
[    0.000000] SMP: Allowing 8 CPUs, 7 hotplug CPUs
[    0.000000] nr_irqs_gsi: 24
[    0.000000] PM: Registered nosave memory: 000000000009f000 - 00000000000a0000
[    0.000000] PM: Registered nosave memory: 00000000000a0000 - 00000000000ca000
[    0.000000] PM: Registered nosave memory: 00000000000ca000 - 00000000000cc000
[    0.000000] PM: Registered nosave memory: 00000000000cc000 - 00000000000dc000
[    0.000000] PM: Registered nosave memory: 00000000000dc000 - 0000000000100000
[    0.000000] Allocating PCI resources starting at 40000000 (gap: 40000000:a0000000)
[    0.000000] Booting paravirtualized kernel on bare hardware
[    0.000000] NR_CPUS:8 nr_cpumask_bits:8 nr_cpu_ids:8 nr_node_ids:1
[    0.000000] PERCPU: Embedded 15 pages/cpu @c2400000 s39320 r0 d22120 u262144
[    0.000000] pcpu-alloc: s39320 r0 d22120 u262144 alloc=1*2097152
[    0.000000] pcpu-alloc: [0] 0 1 2 3 4 5 6 7 
[    0.000000] Built 1 zonelists in Zone order, mobility grouping on.  Total pages: 259950
[    0.000000] Kernel command line: BOOT_IMAGE=/boot/vmlinuz-2.6.32.57 root=UUID=007b598c-390d-4c65-84a1-4ff752d48633 ro quiet splash maxcpus=0
[    0.000000] PID hash table entries: 4096 (order: 2, 16384 bytes)
[    0.000000] Dentry cache hash table entries: 131072 (order: 7, 524288 bytes)
[    0.000000] Inode-cache hash table entries: 65536 (order: 6, 262144 bytes)
[    0.000000] Enabling fast FPU save and restore... done.
[    0.000000] Enabling unmasked SIMD FPU exception support... done.
[    0.000000] Initializing CPU#0
[    0.000000] xsave/xrstor: enabled xstate_bv 0x7, cntxt size 0x340
[    0.000000] allocated 5242560 bytes of page_cgroup
[    0.000000] please try 'cgroup_disable=memory' option if you don't want memory cgroups
[    0.000000] Initializing HighMem for node 0 (000379fe:00040000)
[    0.000000] Memory: 938260k/1048576k available (4839k kernel code, 108848k reserved, 2518k data, 652k init, 137096k highmem)
[    0.000000] virtual kernel memory layout:
[    0.000000]     fixmap  : 0xfff1e000 - 0xfffff000   ( 900 kB)
[    0.000000]     pkmap   : 0xffa00000 - 0xffc00000   (2048 kB)
[    0.000000]     vmalloc : 0xf81fe000 - 0xff9fe000   ( 120 MB)
[    0.000000]     lowmem  : 0xc0000000 - 0xf79fe000   ( 889 MB)
[    0.000000]       .init : 0xc1730000 - 0xc17d3000   ( 652 kB)
[    0.000000]       .data : 0xc14b9cce - 0xc172f764   (2518 kB)
[    0.000000]       .text : 0xc1000000 - 0xc14b9cce   (4839 kB)
[    0.000000] Checking if this processor honours the WP bit even in supervisor mode...Ok.
[    0.000000] SLUB: Genslabs=13, HWalign=64, Order=0-3, MinObjects=0, CPUs=8, Nodes=1
[    0.000000] Hierarchical RCU implementation.
[    0.000000] NR_IRQS:2304 nr_irqs:472
[    0.000000] Extended CMOS year: 2000
[    0.000000] Console: colour VGA+ 80x25
[    0.000000] console [tty0] enabled
[    0.000000] hpet clockevent registered
[    0.000000] TSC freq read from hypervisor : 2394.620 MHz
[    0.000000] Detected 2394.620 MHz processor.
[    0.000002] Calibrating delay loop (skipped) preset value.. 4789.24 BogoMIPS (lpj=9578480)
[    0.000011] Security Framework initialized
[    0.000014] SELinux:  Disabled at boot.
[    0.000018] Mount-cache hash table entries: 512
[    0.000115] Initializing cgroup subsys cpuacct
[    0.000118] Initializing cgroup subsys memory
[    0.000122] Initializing cgroup subsys devices
[    0.000123] Initializing cgroup subsys freezer
[    0.000149] CPU: Physical Processor ID: 0
[    0.000156] CPU: L1 I cache: 32K, L1 D cache: 32K
[    0.000157] CPU: L2 cache: 256K
[    0.000158] CPU: L3 cache: 4096K
[    0.000163] mce: CPU supports 0 MCE banks
[    0.000174] Performance Events: no PMU driver, software events only.
[    0.000185] Checking 'hlt' instruction... OK.
[    0.017782] SMP alternatives: switching to UP code
[    0.032139] ACPI: Core revision 20090903
[    0.038281] ACPI: setting ELCR to 0200 (from 0e20)
[    0.039336] ftrace: converting mcount calls to 0f 1f 44 00 00
[    0.039344] ftrace: allocating 22631 entries in 45 pages
[    0.056409] CANARY value: 5939a681 for PID: 1
[    0.056439] Not enabling x2apic, Intr-remapping init failed.
[    0.056441] Enabling APIC mode:  Flat.  Using 1 I/O APICs
[    0.056448] SMP mode deactivated.
[    0.056473] SMP disabled
[    0.056526] Brought up 1 CPUs
[    0.056528] Total of 1 processors activated (4789.24 BogoMIPS).
[    0.056532] CPU0 attaching NULL sched-domain.
[    0.056599] devtmpfs: initialized
[    0.056703] sysctl table check failed: /kernel/random/now_input .1.40.7 Unknown sysctl binary path
[    0.056943] Pid: 1, comm: swapper Not tainted 2.6.32.57 #4
[    0.056944] Call Trace:
[    0.056949]  [<c14a8a0e>] ? printk+0x1d/0x1f
[    0.056952]  [<c107b56f>] set_fail+0x4f/0x60
[    0.056953]  [<c107b8b3>] sysctl_check_table+0x333/0x620
[    0.056955]  [<c107b8cc>] sysctl_check_table+0x34c/0x620
[    0.056957]  [<c107b8cc>] sysctl_check_table+0x34c/0x620
[    0.056961]  [<c1746d48>] sysctl_init+0x25/0x29
[    0.056962]  [<c1003042>] do_one_initcall+0x32/0x1a0
[    0.056965]  [<c1746d23>] ? sysctl_init+0x0/0x29
[    0.056967]  [<c17308e7>] kernel_init+0x12d/0x17a
[    0.056969]  [<c17307ba>] ? kernel_init+0x0/0x17a
[    0.056971]  [<c1009b07>] kernel_thread_helper+0x7/0x10
[    0.056972] sysctl table check failed: /kernel/random/now_blocking .1.40.8 Unknown sysctl binary path
[    0.057202] Pid: 1, comm: swapper Not tainted 2.6.32.57 #4
[    0.057203] Call Trace:
[    0.057204]  [<c14a8a0e>] ? printk+0x1d/0x1f
[    0.057206]  [<c107b56f>] set_fail+0x4f/0x60
[    0.057207]  [<c107b8b3>] sysctl_check_table+0x333/0x620
[    0.057209]  [<c107b8cc>] sysctl_check_table+0x34c/0x620
[    0.057210]  [<c107b8cc>] sysctl_check_table+0x34c/0x620
[    0.057213]  [<c1746d48>] sysctl_init+0x25/0x29
[    0.057214]  [<c1003042>] do_one_initcall+0x32/0x1a0
[    0.057216]  [<c1746d23>] ? sysctl_init+0x0/0x29
[    0.057218]  [<c17308e7>] kernel_init+0x12d/0x17a
[    0.057219]  [<c17307ba>] ? kernel_init+0x0/0x17a
[    0.057221]  [<c1009b07>] kernel_thread_helper+0x7/0x10
[    0.057222] sysctl table check failed: /kernel/random/now_nonblocking .1.40.9 Unknown sysctl binary path
[    0.057501] Pid: 1, comm: swapper Not tainted 2.6.32.57 #4
[    0.057502] Call Trace:
[    0.057503]  [<c14a8a0e>] ? printk+0x1d/0x1f
[    0.057505]  [<c107b56f>] set_fail+0x4f/0x60
[    0.057507]  [<c107b8b3>] sysctl_check_table+0x333/0x620
[    0.057508]  [<c107b8cc>] sysctl_check_table+0x34c/0x620
[    0.057510]  [<c107b8cc>] sysctl_check_table+0x34c/0x620
[    0.057512]  [<c1746d48>] sysctl_init+0x25/0x29
[    0.057514]  [<c1003042>] do_one_initcall+0x32/0x1a0
[    0.057516]  [<c1746d23>] ? sysctl_init+0x0/0x29
[    0.057517]  [<c17308e7>] kernel_init+0x12d/0x17a
[    0.057519]  [<c17307ba>] ? kernel_init+0x0/0x17a
[    0.057520]  [<c1009b07>] kernel_thread_helper+0x7/0x10
[    0.057522] sysctl table check failed: /kernel/random/nb_input_bytes .1.40.10 Unknown sysctl binary path
[    0.057752] Pid: 1, comm: swapper Not tainted 2.6.32.57 #4
[    0.057753] Call Trace:
[    0.057754]  [<c14a8a0e>] ? printk+0x1d/0x1f
[    0.057755]  [<c107b56f>] set_fail+0x4f/0x60
[    0.057757]  [<c107b8b3>] sysctl_check_table+0x333/0x620
[    0.057758]  [<c107b8cc>] sysctl_check_table+0x34c/0x620
[    0.057760]  [<c107b8cc>] sysctl_check_table+0x34c/0x620
[    0.057762]  [<c1746d48>] sysctl_init+0x25/0x29
[    0.057764]  [<c1003042>] do_one_initcall+0x32/0x1a0
[    0.057766]  [<c1746d23>] ? sysctl_init+0x0/0x29
[    0.057767]  [<c17308e7>] kernel_init+0x12d/0x17a
[    0.057769]  [<c17307ba>] ? kernel_init+0x0/0x17a
[    0.057770]  [<c1009b07>] kernel_thread_helper+0x7/0x10
[    0.057771] sysctl table check failed: /kernel/random/nb_stir_count .1.40.11 Unknown sysctl binary path
[    0.058001] Pid: 1, comm: swapper Not tainted 2.6.32.57 #4
[    0.058002] Call Trace:
[    0.058003]  [<c14a8a0e>] ? printk+0x1d/0x1f
[    0.058005]  [<c107b56f>] set_fail+0x4f/0x60
[    0.058006]  [<c107b8b3>] sysctl_check_table+0x333/0x620
[    0.058008]  [<c107b8cc>] sysctl_check_table+0x34c/0x620
[    0.058009]  [<c107b8cc>] sysctl_check_table+0x34c/0x620
[    0.058011]  [<c1746d48>] sysctl_init+0x25/0x29
[    0.058013]  [<c1003042>] do_one_initcall+0x32/0x1a0
[    0.058015]  [<c1746d23>] ? sysctl_init+0x0/0x29
[    0.058016]  [<c17308e7>] kernel_init+0x12d/0x17a
[    0.058018]  [<c17307ba>] ? kernel_init+0x0/0x17a
[    0.058019]  [<c1009b07>] kernel_thread_helper+0x7/0x10
[    0.058021] sysctl table check failed: /kernel/random/nb_reentry_count .1.40.12 Unknown sysctl binary path
[    0.058252] Pid: 1, comm: swapper Not tainted 2.6.32.57 #4
[    0.058253] Call Trace:
[    0.058254]  [<c14a8a0e>] ? printk+0x1d/0x1f
[    0.058255]  [<c107b56f>] set_fail+0x4f/0x60
[    0.058257]  [<c107b8b3>] sysctl_check_table+0x333/0x620
[    0.058258]  [<c107b8cc>] sysctl_check_table+0x34c/0x620
[    0.058260]  [<c107b8cc>] sysctl_check_table+0x34c/0x620
[    0.058262]  [<c1746d48>] sysctl_init+0x25/0x29
[    0.058264]  [<c1003042>] do_one_initcall+0x32/0x1a0
[    0.058266]  [<c1746d23>] ? sysctl_init+0x0/0x29
[    0.058267]  [<c17308e7>] kernel_init+0x12d/0x17a
[    0.058269]  [<c17307ba>] ? kernel_init+0x0/0x17a
[    0.058270]  [<c1009b07>] kernel_thread_helper+0x7/0x10
[    0.058409] RANDOM - __seed init called.
[    0.058410] RANDOM - __seed init called.
[    0.058411] RANDOM - __seed init called.
[    0.058412] RANDOM - __random32 called. Change num 1.  Value: 7576a435	efb61e22	b7f78320
[    0.058413] RANDOM - __random32 called. Change num 2.  Value: 6a43543e	fb61e228	6410973
[    0.058415] RANDOM - __random32 called. Change num 3.  Value: 3543e018	b61e228b	12e68928
[    0.058416] RANDOM - __random32 called. Change num 4.  Value: 3e018928	61e228b7	1250ba58
[    0.058417] RANDOM - __random32 called. Change num 5.  Value: 189281e4	1e228b73	74b01aad
[    0.058418] RANDOM - __random32 called. Change num 6.  Value: 281e4915	e228b733	355a2619
[    0.058420] RANDOM - random32 init called.  Value: 281e4915	e228b733	355a2619
[    0.058425] regulator: core version 0.5
[    0.058484] Time: 23:05:07  Date: 05/24/13
[    0.058518] NET: Registered protocol family 16
[    0.058578] EISA bus registered
[    0.059323] ACPI: bus type pci registered
[    0.059421] PCI: MCFG configuration 0: base e0000000 segment 0 buses 0 - 255
[    0.059423] PCI: MCFG area at e0000000 reserved in E820
[    0.059424] PCI: Using MMCONFIG for extended config space
[    0.059425] PCI: Using configuration type 1 for base access
[    0.059866] bio: create slab <bio-0> at 0
[    0.061045] ACPI: EC: Look up EC in DSDT
[    0.096973] ACPI: BIOS _OSI(Linux) query ignored
[    0.102651] ACPI: Interpreter enabled
[    0.102655] ACPI: (supports S0 S1 S4 S5)
[    0.102667] ACPI: Using PIC for interrupt routing
[    0.184195] ACPI: No dock devices found.
[    0.184962] ACPI: PCI Root Bridge [PCI0] (0000:00)
[    0.186468] pci 0000:00:07.1: reg 20 io port: [0x10c0-0x10cf]
[    0.186946] pci 0000:00:07.3: quirk: region 1000-103f claimed by PIIX4 ACPI
[    0.186957] pci 0000:00:07.3: quirk: region 1040-104f claimed by PIIX4 SMB
[    0.187529] pci 0000:00:07.7: reg 10 io port: [0x1080-0x10bf]
[    0.187902] pci 0000:00:07.7: reg 14 64bit mmio: [0xc8000000-0xc8001fff]
[    0.189055] pci 0000:00:0f.0: reg 10 io port: [0x10d0-0x10df]
[    0.189108] pci 0000:00:0f.0: reg 14 32bit mmio pref: [0xd0000000-0xd7ffffff]
[    0.189155] pci 0000:00:0f.0: reg 18 32bit mmio: [0xc8800000-0xc8ffffff]
[    0.189291] pci 0000:00:0f.0: reg 30 32bit mmio pref: [0x000000-0x007fff]
[    0.189787] pci 0000:00:10.0: reg 10 io port: [0x1400-0x14ff]
[    0.190149] pci 0000:00:10.0: reg 14 64bit mmio: [0xc8040000-0xc805ffff]
[    0.190508] pci 0000:00:10.0: reg 1c 64bit mmio: [0xc8020000-0xc803ffff]
[    0.190579] pci 0000:00:10.0: reg 30 32bit mmio pref: [0x000000-0x003fff]
[    0.191895] pci 0000:00:15.0: PME# supported from D0 D3hot D3cold
[    0.191915] pci 0000:00:15.0: PME# disabled
[    0.192746] pci 0000:00:15.1: PME# supported from D0 D3hot D3cold
[    0.192765] pci 0000:00:15.1: PME# disabled
[    0.193592] pci 0000:00:15.2: PME# supported from D0 D3hot D3cold
[    0.193611] pci 0000:00:15.2: PME# disabled
[    0.194449] pci 0000:00:15.3: PME# supported from D0 D3hot D3cold
[    0.194467] pci 0000:00:15.3: PME# disabled
[    0.195294] pci 0000:00:15.4: PME# supported from D0 D3hot D3cold
[    0.195313] pci 0000:00:15.4: PME# disabled
[    0.196135] pci 0000:00:15.5: PME# supported from D0 D3hot D3cold
[    0.196163] pci 0000:00:15.5: PME# disabled
[    0.196965] pci 0000:00:15.6: PME# supported from D0 D3hot D3cold
[    0.196983] pci 0000:00:15.6: PME# disabled
[    0.197828] pci 0000:00:15.7: PME# supported from D0 D3hot D3cold
[    0.197847] pci 0000:00:15.7: PME# disabled
[    0.198656] pci 0000:00:16.0: PME# supported from D0 D3hot D3cold
[    0.198675] pci 0000:00:16.0: PME# disabled
[    0.199483] pci 0000:00:16.1: PME# supported from D0 D3hot D3cold
[    0.199502] pci 0000:00:16.1: PME# disabled
[    0.200340] pci 0000:00:16.2: PME# supported from D0 D3hot D3cold
[    0.200359] pci 0000:00:16.2: PME# disabled
[    0.201182] pci 0000:00:16.3: PME# supported from D0 D3hot D3cold
[    0.201200] pci 0000:00:16.3: PME# disabled
[    0.202003] pci 0000:00:16.4: PME# supported from D0 D3hot D3cold
[    0.202021] pci 0000:00:16.4: PME# disabled
[    0.202878] pci 0000:00:16.5: PME# supported from D0 D3hot D3cold
[    0.202897] pci 0000:00:16.5: PME# disabled
[    0.203729] pci 0000:00:16.6: PME# supported from D0 D3hot D3cold
[    0.203748] pci 0000:00:16.6: PME# disabled
[    0.204584] pci 0000:00:16.7: PME# supported from D0 D3hot D3cold
[    0.204603] pci 0000:00:16.7: PME# disabled
[    0.205431] pci 0000:00:17.0: PME# supported from D0 D3hot D3cold
[    0.205450] pci 0000:00:17.0: PME# disabled
[    0.206272] pci 0000:00:17.1: PME# supported from D0 D3hot D3cold
[    0.206291] pci 0000:00:17.1: PME# disabled
[    0.207104] pci 0000:00:17.2: PME# supported from D0 D3hot D3cold
[    0.207124] pci 0000:00:17.2: PME# disabled
[    0.207953] pci 0000:00:17.3: PME# supported from D0 D3hot D3cold
[    0.207973] pci 0000:00:17.3: PME# disabled
[    0.208794] pci 0000:00:17.4: PME# supported from D0 D3hot D3cold
[    0.208813] pci 0000:00:17.4: PME# disabled
[    0.209635] pci 0000:00:17.5: PME# supported from D0 D3hot D3cold
[    0.209653] pci 0000:00:17.5: PME# disabled
[    0.210475] pci 0000:00:17.6: PME# supported from D0 D3hot D3cold
[    0.210494] pci 0000:00:17.6: PME# disabled
[    0.211323] pci 0000:00:17.7: PME# supported from D0 D3hot D3cold
[    0.211342] pci 0000:00:17.7: PME# disabled
[    0.212229] pci 0000:00:18.0: PME# supported from D0 D3hot D3cold
[    0.212258] pci 0000:00:18.0: PME# disabled
[    0.213079] pci 0000:00:18.1: PME# supported from D0 D3hot D3cold
[    0.213099] pci 0000:00:18.1: PME# disabled
[    0.213910] pci 0000:00:18.2: PME# supported from D0 D3hot D3cold
[    0.213929] pci 0000:00:18.2: PME# disabled
[    0.214757] pci 0000:00:18.3: PME# supported from D0 D3hot D3cold
[    0.214776] pci 0000:00:18.3: PME# disabled
[    0.215605] pci 0000:00:18.4: PME# supported from D0 D3hot D3cold
[    0.215624] pci 0000:00:18.4: PME# disabled
[    0.216472] pci 0000:00:18.5: PME# supported from D0 D3hot D3cold
[    0.216491] pci 0000:00:18.5: PME# disabled
[    0.217315] pci 0000:00:18.6: PME# supported from D0 D3hot D3cold
[    0.217334] pci 0000:00:18.6: PME# disabled
[    0.218171] pci 0000:00:18.7: PME# supported from D0 D3hot D3cold
[    0.218189] pci 0000:00:18.7: PME# disabled
[    0.219230] pci 0000:02:00.0: reg 20 io port: [0x20c0-0x20df]
[    0.219698] pci 0000:02:01.0: reg 10 io port: [0x2000-0x207f]
[    0.219901] pci 0000:02:01.0: reg 30 32bit mmio pref: [0x000000-0x00ffff]
[    0.220456] pci 0000:02:02.0: reg 10 io port: [0x2080-0x20bf]
[    0.221028] pci 0000:02:03.0: reg 10 32bit mmio: [0xc9000000-0xc9000fff]
[    0.221573] pci 0000:00:11.0: transparent bridge
[    0.221592] pci 0000:00:11.0: bridge io port: [0x2000-0x3fff]
[    0.221611] pci 0000:00:11.0: bridge 32bit mmio: [0xc9000000-0xca3fffff]
[    0.221647] pci 0000:00:11.0: bridge 64bit mmio pref: [0xd8400000-0xd89fffff]
[    0.222001] pci 0000:00:15.0: bridge io port: [0x4000-0x4fff]
[    0.222020] pci 0000:00:15.0: bridge 32bit mmio: [0xca400000-0xca4fffff]
[    0.222067] pci 0000:00:15.0: bridge 64bit mmio pref: [0xd8a00000-0xd8afffff]
[    0.222444] pci 0000:00:15.1: bridge io port: [0x8000-0x8fff]
[    0.222463] pci 0000:00:15.1: bridge 32bit mmio: [0xca800000-0xca8fffff]
[    0.222499] pci 0000:00:15.1: bridge 64bit mmio pref: [0xd8e00000-0xd8efffff]
[    0.222851] pci 0000:00:15.2: bridge io port: [0xc000-0xcfff]
[    0.222870] pci 0000:00:15.2: bridge 32bit mmio: [0xcac00000-0xcacfffff]
[    0.222905] pci 0000:00:15.2: bridge 64bit mmio pref: [0xd9200000-0xd92fffff]
[    0.223307] pci 0000:00:15.3: bridge 32bit mmio: [0xcb000000-0xcb0fffff]
[    0.223343] pci 0000:00:15.3: bridge 64bit mmio pref: [0xd9600000-0xd96fffff]
[    0.223723] pci 0000:00:15.4: bridge 32bit mmio: [0xcb400000-0xcb4fffff]
[    0.223758] pci 0000:00:15.4: bridge 64bit mmio pref: [0xd9a00000-0xd9afffff]
[    0.224150] pci 0000:00:15.5: bridge 32bit mmio: [0xcb800000-0xcb8fffff]
[    0.224186] pci 0000:00:15.5: bridge 64bit mmio pref: [0xd9e00000-0xd9efffff]
[    0.224556] pci 0000:00:15.6: bridge 32bit mmio: [0xcbc00000-0xcbcfffff]
[    0.224592] pci 0000:00:15.6: bridge 64bit mmio pref: [0xda200000-0xda2fffff]
[    0.224962] pci 0000:00:15.7: bridge 32bit mmio: [0xcc000000-0xcc0fffff]
[    0.224998] pci 0000:00:15.7: bridge 64bit mmio pref: [0xda600000-0xda6fffff]
[    0.225376] pci 0000:00:16.0: bridge io port: [0x5000-0x5fff]
[    0.225395] pci 0000:00:16.0: bridge 32bit mmio: [0xca500000-0xca5fffff]
[    0.225431] pci 0000:00:16.0: bridge 64bit mmio pref: [0xd8b00000-0xd8bfffff]
[    0.225784] pci 0000:00:16.1: bridge io port: [0x9000-0x9fff]
[    0.225803] pci 0000:00:16.1: bridge 32bit mmio: [0xca900000-0xca9fffff]
[    0.225838] pci 0000:00:16.1: bridge 64bit mmio pref: [0xd8f00000-0xd8ffffff]
[    0.226219] pci 0000:00:16.2: bridge io port: [0xd000-0xdfff]
[    0.226238] pci 0000:00:16.2: bridge 32bit mmio: [0xcad00000-0xcadfffff]
[    0.226273] pci 0000:00:16.2: bridge 64bit mmio pref: [0xd9300000-0xd93fffff]
[    0.226644] pci 0000:00:16.3: bridge 32bit mmio: [0xcb100000-0xcb1fffff]
[    0.226680] pci 0000:00:16.3: bridge 64bit mmio pref: [0xd9700000-0xd97fffff]
[    0.227072] pci 0000:00:16.4: bridge 32bit mmio: [0xcb500000-0xcb5fffff]
[    0.227119] pci 0000:00:16.4: bridge 64bit mmio pref: [0xd9b00000-0xd9bfffff]
[    0.227490] pci 0000:00:16.5: bridge 32bit mmio: [0xcb900000-0xcb9fffff]
[    0.227526] pci 0000:00:16.5: bridge 64bit mmio pref: [0xd9f00000-0xd9ffffff]
[    0.227903] pci 0000:00:16.6: bridge 32bit mmio: [0xcbd00000-0xcbdfffff]
[    0.227939] pci 0000:00:16.6: bridge 64bit mmio pref: [0xda300000-0xda3fffff]
[    0.228335] pci 0000:00:16.7: bridge 32bit mmio: [0xcc100000-0xcc1fffff]
[    0.228371] pci 0000:00:16.7: bridge 64bit mmio pref: [0xda700000-0xda7fffff]
[    0.228725] pci 0000:00:17.0: bridge io port: [0x6000-0x6fff]
[    0.228744] pci 0000:00:17.0: bridge 32bit mmio: [0xca600000-0xca6fffff]
[    0.228779] pci 0000:00:17.0: bridge 64bit mmio pref: [0xd8c00000-0xd8cfffff]
[    0.229161] pci 0000:00:17.1: bridge io port: [0xa000-0xafff]
[    0.229180] pci 0000:00:17.1: bridge 32bit mmio: [0xcaa00000-0xcaafffff]
[    0.229216] pci 0000:00:17.1: bridge 64bit mmio pref: [0xd9000000-0xd90fffff]
[    0.229570] pci 0000:00:17.2: bridge io port: [0xe000-0xefff]
[    0.229589] pci 0000:00:17.2: bridge 32bit mmio: [0xcae00000-0xcaefffff]
[    0.229624] pci 0000:00:17.2: bridge 64bit mmio pref: [0xd9400000-0xd94fffff]
[    0.229995] pci 0000:00:17.3: bridge 32bit mmio: [0xcb200000-0xcb2fffff]
[    0.230048] pci 0000:00:17.3: bridge 64bit mmio pref: [0xd9800000-0xd98fffff]
[    0.230428] pci 0000:00:17.4: bridge 32bit mmio: [0xcb600000-0xcb6fffff]
[    0.230464] pci 0000:00:17.4: bridge 64bit mmio pref: [0xd9c00000-0xd9cfffff]
[    0.230833] pci 0000:00:17.5: bridge 32bit mmio: [0xcba00000-0xcbafffff]
[    0.230869] pci 0000:00:17.5: bridge 64bit mmio pref: [0xda000000-0xda0fffff]
[    0.231304] pci 0000:00:17.6: bridge 32bit mmio: [0xcbe00000-0xcbefffff]
[    0.231345] pci 0000:00:17.6: bridge 64bit mmio pref: [0xda400000-0xda4fffff]
[    0.231768] pci 0000:00:17.7: bridge 32bit mmio: [0xcc200000-0xcc2fffff]
[    0.231804] pci 0000:00:17.7: bridge 64bit mmio pref: [0xda800000-0xda8fffff]
[    0.232191] pci 0000:00:18.0: bridge io port: [0x7000-0x7fff]
[    0.232210] pci 0000:00:18.0: bridge 32bit mmio: [0xca700000-0xca7fffff]
[    0.232246] pci 0000:00:18.0: bridge 64bit mmio pref: [0xd8d00000-0xd8dfffff]
[    0.232601] pci 0000:00:18.1: bridge io port: [0xb000-0xbfff]
[    0.232620] pci 0000:00:18.1: bridge 32bit mmio: [0xcab00000-0xcabfffff]
[    0.232656] pci 0000:00:18.1: bridge 64bit mmio pref: [0xd9100000-0xd91fffff]
[    0.233008] pci 0000:00:18.2: bridge io port: [0xf000-0xffff]
[    0.233034] pci 0000:00:18.2: bridge 32bit mmio: [0xcaf00000-0xcaffffff]
[    0.233090] pci 0000:00:18.2: bridge 64bit mmio pref: [0xd9500000-0xd95fffff]
[    0.233482] pci 0000:00:18.3: bridge 32bit mmio: [0xcb300000-0xcb3fffff]
[    0.233518] pci 0000:00:18.3: bridge 64bit mmio pref: [0xd9900000-0xd99fffff]
[    0.233889] pci 0000:00:18.4: bridge 32bit mmio: [0xcb700000-0xcb7fffff]
[    0.233925] pci 0000:00:18.4: bridge 64bit mmio pref: [0xd9d00000-0xd9dfffff]
[    0.234317] pci 0000:00:18.5: bridge 32bit mmio: [0xcbb00000-0xcbbfffff]
[    0.234352] pci 0000:00:18.5: bridge 64bit mmio pref: [0xda100000-0xda1fffff]
[    0.234724] pci 0000:00:18.6: bridge 32bit mmio: [0xcbf00000-0xcbffffff]
[    0.234760] pci 0000:00:18.6: bridge 64bit mmio pref: [0xda500000-0xda5fffff]
[    0.235151] pci 0000:00:18.7: bridge 32bit mmio: [0xcc300000-0xcc3fffff]
[    0.235187] pci 0000:00:18.7: bridge 64bit mmio pref: [0xda900000-0xda9fffff]
[    0.237136] pci_bus 0000:00: on NUMA node 0
[    0.237143] ACPI: PCI Interrupt Routing Table [\_SB_.PCI0._PRT]
[    0.452971] ACPI: PCI Interrupt Link [LNKA] (IRQs 3 4 5 6 7 *9 10 11 14 15)
[    0.453131] ACPI: PCI Interrupt Link [LNKB] (IRQs 3 4 5 6 7 9 10 *11 14 15)
[    0.453285] ACPI: PCI Interrupt Link [LNKC] (IRQs 3 4 5 6 7 9 *10 11 14 15)
[    0.453425] ACPI: PCI Interrupt Link [LNKD] (IRQs 3 4 *5 6 7 9 10 11 14 15)
[    0.453550] vgaarb: device added: PCI:0000:00:0f.0,decodes=io+mem,owns=io+mem,locks=none
[    0.453559] vgaarb: loaded
[    0.453643] SCSI subsystem initialized
[    0.453685] libata version 3.00 loaded.
[    0.453743] usbcore: registered new interface driver usbfs
[    0.453755] usbcore: registered new interface driver hub
[    0.453772] usbcore: registered new device driver usb
[    0.453839] PCI: Using ACPI for IRQ routing
[    0.454757] NetLabel: Initializing
[    0.454758] NetLabel:  domain hash size = 128
[    0.454768] NetLabel:  protocols = UNLABELED CIPSOv4
[    0.454775] NetLabel:  unlabeled traffic allowed by default
[    0.454807] hpet0: at MMIO 0xfed00000, IRQs 2, 8, 0, 0, 0, 0, 0, 0, 0, 0, 0, 0, 0, 0, 0, 0
[    0.454812] hpet0: 16 comparators, 64-bit 14.318180 MHz counter
[    0.456837] Switching to clocksource tsc
[    0.463668] pnp: PnP ACPI init
[    0.463677] ACPI: bus type pnp registered
[    0.507650] pnp: PnP ACPI: found 14 devices
[    0.507653] ACPI: ACPI bus type pnp unregistered
[    0.507656] PnPBIOS: Disabled by ACPI PNP
[    0.507668] system 00:01: ioport range 0x1000-0x103f has been reserved
[    0.507670] system 00:01: ioport range 0x1040-0x104f has been reserved
[    0.507672] system 00:01: ioport range 0xcf0-0xcf1 has been reserved
[    0.507679] system 00:08: iomem range 0xfed00000-0xfed003ff has been reserved
[    0.507691] system 00:0d: ioport range 0x1060-0x107f has been reserved
[    0.507694] system 00:0d: iomem range 0xe0000000-0xefffffff has been reserved
[    0.507695] system 00:0d: iomem range 0xc8200000-0xc83fffff has been reserved
[    0.542381] pci 0000:00:15.3: BAR 13: can't allocate I/O resource [0x10000-0xffff]
[    0.542386] pci 0000:00:15.4: BAR 13: can't allocate I/O resource [0x10000-0xffff]
[    0.542389] pci 0000:00:15.5: BAR 13: can't allocate I/O resource [0x10000-0xffff]
[    0.542392] pci 0000:00:15.6: BAR 13: can't allocate I/O resource [0x10000-0xffff]
[    0.542395] pci 0000:00:15.7: BAR 13: can't allocate I/O resource [0x10000-0xffff]
[    0.542397] pci 0000:00:16.3: BAR 13: can't allocate I/O resource [0x10000-0xffff]
[    0.542400] pci 0000:00:16.4: BAR 13: can't allocate I/O resource [0x10000-0xffff]
[    0.542403] pci 0000:00:16.5: BAR 13: can't allocate I/O resource [0x10000-0xffff]
[    0.542406] pci 0000:00:16.6: BAR 13: can't allocate I/O resource [0x10000-0xffff]
[    0.542409] pci 0000:00:16.7: BAR 13: can't allocate I/O resource [0x10000-0xffff]
[    0.542411] pci 0000:00:17.3: BAR 13: can't allocate I/O resource [0x10000-0xffff]
[    0.542414] pci 0000:00:17.4: BAR 13: can't allocate I/O resource [0x10000-0xffff]
[    0.542417] pci 0000:00:17.5: BAR 13: can't allocate I/O resource [0x10000-0xffff]
[    0.542420] pci 0000:00:17.6: BAR 13: can't allocate I/O resource [0x10000-0xffff]
[    0.542423] pci 0000:00:17.7: BAR 13: can't allocate I/O resource [0x10000-0xffff]
[    0.542426] pci 0000:00:18.3: BAR 13: can't allocate I/O resource [0x10000-0xffff]
[    0.542429] pci 0000:00:18.4: BAR 13: can't allocate I/O resource [0x10000-0xffff]
[    0.542431] pci 0000:00:18.5: BAR 13: can't allocate I/O resource [0x10000-0xffff]
[    0.542434] pci 0000:00:18.6: BAR 13: can't allocate I/O resource [0x10000-0xffff]
[    0.542437] pci 0000:00:18.7: BAR 13: can't allocate I/O resource [0x10000-0xffff]
[    0.542439] pci 0000:00:01.0: PCI bridge, secondary bus 0000:01
[    0.542441] pci 0000:00:01.0:   IO window: disabled
[    0.542471] pci 0000:00:01.0:   MEM window: disabled
[    0.542492] pci 0000:00:01.0:   PREFETCH window: disabled
[    0.542532] pci 0000:00:11.0: PCI bridge, secondary bus 0000:02
[    0.542544] pci 0000:00:11.0:   IO window: 0x2000-0x3fff
[    0.542574] pci 0000:00:11.0:   MEM window: 0xc9000000-0xca3fffff
[    0.542594] pci 0000:00:11.0:   PREFETCH window: 0x000000d8400000-0x000000d89fffff
[    0.542633] pci 0000:00:15.0: PCI bridge, secondary bus 0000:03
[    0.542645] pci 0000:00:15.0:   IO window: 0x4000-0x4fff
[    0.542674] pci 0000:00:15.0:   MEM window: 0xca400000-0xca4fffff
[    0.542695] pci 0000:00:15.0:   PREFETCH window: 0x000000d8a00000-0x000000d8afffff
[    0.542781] pci 0000:00:15.1: PCI bridge, secondary bus 0000:04
[    0.542794] pci 0000:00:15.1:   IO window: 0x8000-0x8fff
[    0.542824] pci 0000:00:15.1:   MEM window: 0xca800000-0xca8fffff
[    0.542844] pci 0000:00:15.1:   PREFETCH window: 0x000000d8e00000-0x000000d8efffff
[    0.542898] pci 0000:00:15.2: PCI bridge, secondary bus 0000:05
[    0.542910] pci 0000:00:15.2:   IO window: 0xc000-0xcfff
[    0.542940] pci 0000:00:15.2:   MEM window: 0xcac00000-0xcacfffff
[    0.542961] pci 0000:00:15.2:   PREFETCH window: 0x000000d9200000-0x000000d92fffff
[    0.543012] pci 0000:00:15.3: PCI bridge, secondary bus 0000:06
[    0.543014] pci 0000:00:15.3:   IO window: disabled
[    0.543044] pci 0000:00:15.3:   MEM window: 0xcb000000-0xcb0fffff
[    0.543065] pci 0000:00:15.3:   PREFETCH window: 0x000000d9600000-0x000000d96fffff
[    0.543116] pci 0000:00:15.4: PCI bridge, secondary bus 0000:07
[    0.543118] pci 0000:00:15.4:   IO window: disabled
[    0.543148] pci 0000:00:15.4:   MEM window: 0xcb400000-0xcb4fffff
[    0.543169] pci 0000:00:15.4:   PREFETCH window: 0x000000d9a00000-0x000000d9afffff
[    0.543220] pci 0000:00:15.5: PCI bridge, secondary bus 0000:08
[    0.543221] pci 0000:00:15.5:   IO window: disabled
[    0.543252] pci 0000:00:15.5:   MEM window: 0xcb800000-0xcb8fffff
[    0.543272] pci 0000:00:15.5:   PREFETCH window: 0x000000d9e00000-0x000000d9efffff
[    0.543323] pci 0000:00:15.6: PCI bridge, secondary bus 0000:09
[    0.543325] pci 0000:00:15.6:   IO window: disabled
[    0.543355] pci 0000:00:15.6:   MEM window: 0xcbc00000-0xcbcfffff
[    0.543375] pci 0000:00:15.6:   PREFETCH window: 0x000000da200000-0x000000da2fffff
[    0.543426] pci 0000:00:15.7: PCI bridge, secondary bus 0000:0a
[    0.543428] pci 0000:00:15.7:   IO window: disabled
[    0.543458] pci 0000:00:15.7:   MEM window: 0xcc000000-0xcc0fffff
[    0.543478] pci 0000:00:15.7:   PREFETCH window: 0x000000da600000-0x000000da6fffff
[    0.543529] pci 0000:00:16.0: PCI bridge, secondary bus 0000:0b
[    0.543541] pci 0000:00:16.0:   IO window: 0x5000-0x5fff
[    0.543571] pci 0000:00:16.0:   MEM window: 0xca500000-0xca5fffff
[    0.543592] pci 0000:00:16.0:   PREFETCH window: 0x000000d8b00000-0x000000d8bfffff
[    0.543643] pci 0000:00:16.1: PCI bridge, secondary bus 0000:0c
[    0.543655] pci 0000:00:16.1:   IO window: 0x9000-0x9fff
[    0.543685] pci 0000:00:16.1:   MEM window: 0xca900000-0xca9fffff
[    0.543706] pci 0000:00:16.1:   PREFETCH window: 0x000000d8f00000-0x000000d8ffffff
[    0.543756] pci 0000:00:16.2: PCI bridge, secondary bus 0000:0d
[    0.543768] pci 0000:00:16.2:   IO window: 0xd000-0xdfff
[    0.543798] pci 0000:00:16.2:   MEM window: 0xcad00000-0xcadfffff
[    0.543819] pci 0000:00:16.2:   PREFETCH window: 0x000000d9300000-0x000000d93fffff
[    0.543870] pci 0000:00:16.3: PCI bridge, secondary bus 0000:0e
[    0.543871] pci 0000:00:16.3:   IO window: disabled
[    0.543902] pci 0000:00:16.3:   MEM window: 0xcb100000-0xcb1fffff
[    0.543922] pci 0000:00:16.3:   PREFETCH window: 0x000000d9700000-0x000000d97fffff
[    0.543973] pci 0000:00:16.4: PCI bridge, secondary bus 0000:0f
[    0.543975] pci 0000:00:16.4:   IO window: disabled
[    0.544007] pci 0000:00:16.4:   MEM window: 0xcb500000-0xcb5fffff
[    0.544028] pci 0000:00:16.4:   PREFETCH window: 0x000000d9b00000-0x000000d9bfffff
[    0.544079] pci 0000:00:16.5: PCI bridge, secondary bus 0000:10
[    0.544080] pci 0000:00:16.5:   IO window: disabled
[    0.544111] pci 0000:00:16.5:   MEM window: 0xcb900000-0xcb9fffff
[    0.544131] pci 0000:00:16.5:   PREFETCH window: 0x000000d9f00000-0x000000d9ffffff
[    0.544182] pci 0000:00:16.6: PCI bridge, secondary bus 0000:11
[    0.544184] pci 0000:00:16.6:   IO window: disabled
[    0.544214] pci 0000:00:16.6:   MEM window: 0xcbd00000-0xcbdfffff
[    0.544234] pci 0000:00:16.6:   PREFETCH window: 0x000000da300000-0x000000da3fffff
[    0.544285] pci 0000:00:16.7: PCI bridge, secondary bus 0000:12
[    0.544287] pci 0000:00:16.7:   IO window: disabled
[    0.544317] pci 0000:00:16.7:   MEM window: 0xcc100000-0xcc1fffff
[    0.544338] pci 0000:00:16.7:   PREFETCH window: 0x000000da700000-0x000000da7fffff
[    0.544388] pci 0000:00:17.0: PCI bridge, secondary bus 0000:13
[    0.544400] pci 0000:00:17.0:   IO window: 0x6000-0x6fff
[    0.544430] pci 0000:00:17.0:   MEM window: 0xca600000-0xca6fffff
[    0.544451] pci 0000:00:17.0:   PREFETCH window: 0x000000d8c00000-0x000000d8cfffff
[    0.544501] pci 0000:00:17.1: PCI bridge, secondary bus 0000:14
[    0.544513] pci 0000:00:17.1:   IO window: 0xa000-0xafff
[    0.544543] pci 0000:00:17.1:   MEM window: 0xcaa00000-0xcaafffff
[    0.544564] pci 0000:00:17.1:   PREFETCH window: 0x000000d9000000-0x000000d90fffff
[    0.544614] pci 0000:00:17.2: PCI bridge, secondary bus 0000:15
[    0.544627] pci 0000:00:17.2:   IO window: 0xe000-0xefff
[    0.544657] pci 0000:00:17.2:   MEM window: 0xcae00000-0xcaefffff
[    0.544677] pci 0000:00:17.2:   PREFETCH window: 0x000000d9400000-0x000000d94fffff
[    0.544728] pci 0000:00:17.3: PCI bridge, secondary bus 0000:16
[    0.544729] pci 0000:00:17.3:   IO window: disabled
[    0.544769] pci 0000:00:17.3:   MEM window: 0xcb200000-0xcb2fffff
[    0.544790] pci 0000:00:17.3:   PREFETCH window: 0x000000d9800000-0x000000d98fffff
[    0.544843] pci 0000:00:17.4: PCI bridge, secondary bus 0000:17
[    0.544845] pci 0000:00:17.4:   IO window: disabled
[    0.544875] pci 0000:00:17.4:   MEM window: 0xcb600000-0xcb6fffff
[    0.544896] pci 0000:00:17.4:   PREFETCH window: 0x000000d9c00000-0x000000d9cfffff
[    0.544946] pci 0000:00:17.5: PCI bridge, secondary bus 0000:18
[    0.544948] pci 0000:00:17.5:   IO window: disabled
[    0.544990] pci 0000:00:17.5:   MEM window: 0xcba00000-0xcbafffff
[    0.545011] pci 0000:00:17.5:   PREFETCH window: 0x000000da000000-0x000000da0fffff
[    0.545063] pci 0000:00:17.6: PCI bridge, secondary bus 0000:19
[    0.545065] pci 0000:00:17.6:   IO window: disabled
[    0.545095] pci 0000:00:17.6:   MEM window: 0xcbe00000-0xcbefffff
[    0.545116] pci 0000:00:17.6:   PREFETCH window: 0x000000da400000-0x000000da4fffff
[    0.545166] pci 0000:00:17.7: PCI bridge, secondary bus 0000:1a
[    0.545168] pci 0000:00:17.7:   IO window: disabled
[    0.545198] pci 0000:00:17.7:   MEM window: 0xcc200000-0xcc2fffff
[    0.545219] pci 0000:00:17.7:   PREFETCH window: 0x000000da800000-0x000000da8fffff
[    0.545269] pci 0000:00:18.0: PCI bridge, secondary bus 0000:1b
[    0.545282] pci 0000:00:18.0:   IO window: 0x7000-0x7fff
[    0.545312] pci 0000:00:18.0:   MEM window: 0xca700000-0xca7fffff
[    0.545332] pci 0000:00:18.0:   PREFETCH window: 0x000000d8d00000-0x000000d8dfffff
[    0.545383] pci 0000:00:18.1: PCI bridge, secondary bus 0000:1c
[    0.545395] pci 0000:00:18.1:   IO window: 0xb000-0xbfff
[    0.545425] pci 0000:00:18.1:   MEM window: 0xcab00000-0xcabfffff
[    0.545445] pci 0000:00:18.1:   PREFETCH window: 0x000000d9100000-0x000000d91fffff
[    0.545496] pci 0000:00:18.2: PCI bridge, secondary bus 0000:1d
[    0.545508] pci 0000:00:18.2:   IO window: 0xf000-0xffff
[    0.545538] pci 0000:00:18.2:   MEM window: 0xcaf00000-0xcaffffff
[    0.545559] pci 0000:00:18.2:   PREFETCH window: 0x000000d9500000-0x000000d95fffff
[    0.545610] pci 0000:00:18.3: PCI bridge, secondary bus 0000:1e
[    0.545611] pci 0000:00:18.3:   IO window: disabled
[    0.545641] pci 0000:00:18.3:   MEM window: 0xcb300000-0xcb3fffff
[    0.545662] pci 0000:00:18.3:   PREFETCH window: 0x000000d9900000-0x000000d99fffff
[    0.545713] pci 0000:00:18.4: PCI bridge, secondary bus 0000:1f
[    0.545714] pci 0000:00:18.4:   IO window: disabled
[    0.545744] pci 0000:00:18.4:   MEM window: 0xcb700000-0xcb7fffff
[    0.545765] pci 0000:00:18.4:   PREFETCH window: 0x000000d9d00000-0x000000d9dfffff
[    0.545815] pci 0000:00:18.5: PCI bridge, secondary bus 0000:20
[    0.545817] pci 0000:00:18.5:   IO window: disabled
[    0.545847] pci 0000:00:18.5:   MEM window: 0xcbb00000-0xcbbfffff
[    0.545868] pci 0000:00:18.5:   PREFETCH window: 0x000000da100000-0x000000da1fffff
[    0.545919] pci 0000:00:18.6: PCI bridge, secondary bus 0000:21
[    0.545920] pci 0000:00:18.6:   IO window: disabled
[    0.545951] pci 0000:00:18.6:   MEM window: 0xcbf00000-0xcbffffff
[    0.545979] pci 0000:00:18.6:   PREFETCH window: 0x000000da500000-0x000000da5fffff
[    0.546030] pci 0000:00:18.7: PCI bridge, secondary bus 0000:22
[    0.546032] pci 0000:00:18.7:   IO window: disabled
[    0.546062] pci 0000:00:18.7:   MEM window: 0xcc300000-0xcc3fffff
[    0.546083] pci 0000:00:18.7:   PREFETCH window: 0x000000da900000-0x000000da9fffff
[    0.546169] pci 0000:00:01.0: setting latency timer to 64
[    0.546266] pci 0000:00:15.0: setting latency timer to 64
[    0.546333] pci 0000:00:15.1: setting latency timer to 64
[    0.546399] pci 0000:00:15.2: setting latency timer to 64
[    0.546466] pci 0000:00:15.3: setting latency timer to 64
[    0.546532] pci 0000:00:15.4: setting latency timer to 64
[    0.546599] pci 0000:00:15.5: setting latency timer to 64
[    0.546665] pci 0000:00:15.6: setting latency timer to 64
[    0.546732] pci 0000:00:15.7: setting latency timer to 64
[    0.546798] pci 0000:00:16.0: setting latency timer to 64
[    0.546865] pci 0000:00:16.1: setting latency timer to 64
[    0.546931] pci 0000:00:16.2: setting latency timer to 64
[    0.547005] pci 0000:00:16.3: setting latency timer to 64
[    0.547071] pci 0000:00:16.4: setting latency timer to 64
[    0.547138] pci 0000:00:16.5: setting latency timer to 64
[    0.547204] pci 0000:00:16.6: setting latency timer to 64
[    0.547270] pci 0000:00:16.7: setting latency timer to 64
[    0.547337] pci 0000:00:17.0: setting latency timer to 64
[    0.547403] pci 0000:00:17.1: setting latency timer to 64
[    0.547470] pci 0000:00:17.2: setting latency timer to 64
[    0.547536] pci 0000:00:17.3: setting latency timer to 64
[    0.547602] pci 0000:00:17.4: setting latency timer to 64
[    0.547669] pci 0000:00:17.5: setting latency timer to 64
[    0.547735] pci 0000:00:17.6: setting latency timer to 64
[    0.547801] pci 0000:00:17.7: setting latency timer to 64
[    0.547868] pci 0000:00:18.0: setting latency timer to 64
[    0.547934] pci 0000:00:18.1: setting latency timer to 64
[    0.548003] pci 0000:00:18.2: setting latency timer to 64
[    0.548069] pci 0000:00:18.3: setting latency timer to 64
[    0.548135] pci 0000:00:18.4: setting latency timer to 64
[    0.548202] pci 0000:00:18.5: setting latency timer to 64
[    0.548268] pci 0000:00:18.6: setting latency timer to 64
[    0.548335] pci 0000:00:18.7: setting latency timer to 64
[    0.548347] pci_bus 0000:00: resource 0 io:  [0x00-0xffff]
[    0.548349] pci_bus 0000:00: resource 1 mem: [0x000000-0xffffffffffffffff]
[    0.548352] pci_bus 0000:02: resource 0 io:  [0x2000-0x3fff]
[    0.548354] pci_bus 0000:02: resource 1 mem: [0xc9000000-0xca3fffff]
[    0.548356] pci_bus 0000:02: resource 2 pref mem [0xd8400000-0xd89fffff]
[    0.548358] pci_bus 0000:02: resource 3 io:  [0x00-0xffff]
[    0.548360] pci_bus 0000:02: resource 4 mem: [0x000000-0xffffffffffffffff]
[    0.548362] pci_bus 0000:03: resource 0 io:  [0x4000-0x4fff]
[    0.548364] pci_bus 0000:03: resource 1 mem: [0xca400000-0xca4fffff]
[    0.548366] pci_bus 0000:03: resource 2 pref mem [0xd8a00000-0xd8afffff]
[    0.548368] pci_bus 0000:04: resource 0 io:  [0x8000-0x8fff]
[    0.548369] pci_bus 0000:04: resource 1 mem: [0xca800000-0xca8fffff]
[    0.548371] pci_bus 0000:04: resource 2 pref mem [0xd8e00000-0xd8efffff]
[    0.548373] pci_bus 0000:05: resource 0 io:  [0xc000-0xcfff]
[    0.548375] pci_bus 0000:05: resource 1 mem: [0xcac00000-0xcacfffff]
[    0.548377] pci_bus 0000:05: resource 2 pref mem [0xd9200000-0xd92fffff]
[    0.548379] pci_bus 0000:06: resource 1 mem: [0xcb000000-0xcb0fffff]
[    0.548381] pci_bus 0000:06: resource 2 pref mem [0xd9600000-0xd96fffff]
[    0.548383] pci_bus 0000:07: resource 1 mem: [0xcb400000-0xcb4fffff]
[    0.548385] pci_bus 0000:07: resource 2 pref mem [0xd9a00000-0xd9afffff]
[    0.548387] pci_bus 0000:08: resource 1 mem: [0xcb800000-0xcb8fffff]
[    0.548389] pci_bus 0000:08: resource 2 pref mem [0xd9e00000-0xd9efffff]
[    0.548391] pci_bus 0000:09: resource 1 mem: [0xcbc00000-0xcbcfffff]
[    0.548393] pci_bus 0000:09: resource 2 pref mem [0xda200000-0xda2fffff]
[    0.548395] pci_bus 0000:0a: resource 1 mem: [0xcc000000-0xcc0fffff]
[    0.548397] pci_bus 0000:0a: resource 2 pref mem [0xda600000-0xda6fffff]
[    0.548399] pci_bus 0000:0b: resource 0 io:  [0x5000-0x5fff]
[    0.548400] pci_bus 0000:0b: resource 1 mem: [0xca500000-0xca5fffff]
[    0.548402] pci_bus 0000:0b: resource 2 pref mem [0xd8b00000-0xd8bfffff]
[    0.548404] pci_bus 0000:0c: resource 0 io:  [0x9000-0x9fff]
[    0.548406] pci_bus 0000:0c: resource 1 mem: [0xca900000-0xca9fffff]
[    0.548408] pci_bus 0000:0c: resource 2 pref mem [0xd8f00000-0xd8ffffff]
[    0.548410] pci_bus 0000:0d: resource 0 io:  [0xd000-0xdfff]
[    0.548412] pci_bus 0000:0d: resource 1 mem: [0xcad00000-0xcadfffff]
[    0.548414] pci_bus 0000:0d: resource 2 pref mem [0xd9300000-0xd93fffff]
[    0.548416] pci_bus 0000:0e: resource 1 mem: [0xcb100000-0xcb1fffff]
[    0.548418] pci_bus 0000:0e: resource 2 pref mem [0xd9700000-0xd97fffff]
[    0.548420] pci_bus 0000:0f: resource 1 mem: [0xcb500000-0xcb5fffff]
[    0.548422] pci_bus 0000:0f: resource 2 pref mem [0xd9b00000-0xd9bfffff]
[    0.548424] pci_bus 0000:10: resource 1 mem: [0xcb900000-0xcb9fffff]
[    0.548426] pci_bus 0000:10: resource 2 pref mem [0xd9f00000-0xd9ffffff]
[    0.548428] pci_bus 0000:11: resource 1 mem: [0xcbd00000-0xcbdfffff]
[    0.548429] pci_bus 0000:11: resource 2 pref mem [0xda300000-0xda3fffff]
[    0.548431] pci_bus 0000:12: resource 1 mem: [0xcc100000-0xcc1fffff]
[    0.548433] pci_bus 0000:12: resource 2 pref mem [0xda700000-0xda7fffff]
[    0.548435] pci_bus 0000:13: resource 0 io:  [0x6000-0x6fff]
[    0.548437] pci_bus 0000:13: resource 1 mem: [0xca600000-0xca6fffff]
[    0.548439] pci_bus 0000:13: resource 2 pref mem [0xd8c00000-0xd8cfffff]
[    0.548441] pci_bus 0000:14: resource 0 io:  [0xa000-0xafff]
[    0.548443] pci_bus 0000:14: resource 1 mem: [0xcaa00000-0xcaafffff]
[    0.548445] pci_bus 0000:14: resource 2 pref mem [0xd9000000-0xd90fffff]
[    0.548447] pci_bus 0000:15: resource 0 io:  [0xe000-0xefff]
[    0.548449] pci_bus 0000:15: resource 1 mem: [0xcae00000-0xcaefffff]
[    0.548451] pci_bus 0000:15: resource 2 pref mem [0xd9400000-0xd94fffff]
[    0.548453] pci_bus 0000:16: resource 1 mem: [0xcb200000-0xcb2fffff]
[    0.548454] pci_bus 0000:16: resource 2 pref mem [0xd9800000-0xd98fffff]
[    0.548456] pci_bus 0000:17: resource 1 mem: [0xcb600000-0xcb6fffff]
[    0.548458] pci_bus 0000:17: resource 2 pref mem [0xd9c00000-0xd9cfffff]
[    0.548460] pci_bus 0000:18: resource 1 mem: [0xcba00000-0xcbafffff]
[    0.548462] pci_bus 0000:18: resource 2 pref mem [0xda000000-0xda0fffff]
[    0.548464] pci_bus 0000:19: resource 1 mem: [0xcbe00000-0xcbefffff]
[    0.548466] pci_bus 0000:19: resource 2 pref mem [0xda400000-0xda4fffff]
[    0.548468] pci_bus 0000:1a: resource 1 mem: [0xcc200000-0xcc2fffff]
[    0.548470] pci_bus 0000:1a: resource 2 pref mem [0xda800000-0xda8fffff]
[    0.548472] pci_bus 0000:1b: resource 0 io:  [0x7000-0x7fff]
[    0.548474] pci_bus 0000:1b: resource 1 mem: [0xca700000-0xca7fffff]
[    0.548476] pci_bus 0000:1b: resource 2 pref mem [0xd8d00000-0xd8dfffff]
[    0.548478] pci_bus 0000:1c: resource 0 io:  [0xb000-0xbfff]
[    0.548480] pci_bus 0000:1c: resource 1 mem: [0xcab00000-0xcabfffff]
[    0.548481] pci_bus 0000:1c: resource 2 pref mem [0xd9100000-0xd91fffff]
[    0.548483] pci_bus 0000:1d: resource 0 io:  [0xf000-0xffff]
[    0.548485] pci_bus 0000:1d: resource 1 mem: [0xcaf00000-0xcaffffff]
[    0.548487] pci_bus 0000:1d: resource 2 pref mem [0xd9500000-0xd95fffff]
[    0.548489] pci_bus 0000:1e: resource 1 mem: [0xcb300000-0xcb3fffff]
[    0.548491] pci_bus 0000:1e: resource 2 pref mem [0xd9900000-0xd99fffff]
[    0.548493] pci_bus 0000:1f: resource 1 mem: [0xcb700000-0xcb7fffff]
[    0.548495] pci_bus 0000:1f: resource 2 pref mem [0xd9d00000-0xd9dfffff]
[    0.548497] pci_bus 0000:20: resource 1 mem: [0xcbb00000-0xcbbfffff]
[    0.548499] pci_bus 0000:20: resource 2 pref mem [0xda100000-0xda1fffff]
[    0.548501] pci_bus 0000:21: resource 1 mem: [0xcbf00000-0xcbffffff]
[    0.548503] pci_bus 0000:21: resource 2 pref mem [0xda500000-0xda5fffff]
[    0.548505] pci_bus 0000:22: resource 1 mem: [0xcc300000-0xcc3fffff]
[    0.548507] pci_bus 0000:22: resource 2 pref mem [0xda900000-0xda9fffff]
[    0.548531] NET: Registered protocol family 2
[    0.548549] RANDOM - __random32 called. Change num 7.  Value: e4915c27	228b7335	4c33f162
[    0.548550] RANDOM - random32 called.  Value: e4915c27	228b7335	4c33f162
[    0.548558] random 0000 0000 0000 00000000 00000000: rand_read_num 2 get_random_bytes(4): sig fffffe1a 00000000 00000000
[    0.548561] random 0000 0000 0000 00000000 00000000: extract_entropy(.. 4 ..)
[    0.548564] random 0000 0000 0000 00000000 00000000: going to reseed nonblocking with 64 bits (32 of 0 requested)
[    0.548566] random 0000 0000 0000 00000000 00000000: extract_entropy(.. 8 ..)
[    0.548568] random 0000 0000 0000 00000000 00000000: trying to extract 64 bits from input
[    0.548570] random 0000 0000 0000 00000000 00000000: debiting 0 entropy credits from input
[    0.548572] random 0000 0000 0000 00000000 00000000: extract_entropy account returned: 0 
[    0.548576] random 0000 0000 0000 00000000 00000000: urand_change_num 3 xfer_secondary_pool(4): pool_sig fffffe1a, data_sig 00000000, bytes_mixed 0 00000000 00000000
[    0.548578] random 0000 0000 0000 00000000 00000000: trying to extract 32 bits from nonblocking
[    0.548581] random 0000 0000 0000 00000000 00000000: debiting 32 entropy credits from nonblocking (unlimited)
[    0.548583] random 0000 0000 0000 00000000 00000000: extract_entropy account returned: 4 
[    0.548587] random 0000 0000 0000 00000000 00000000: urand_change_num 4 extract_buf: pool_sig fffffe1a, data_sig fffffed7, bytes_mixed 20 00000000 00000000
[    0.548618] IP route cache hash table entries: 32768 (order: 5, 131072 bytes)
[    0.548631] RANDOM - __random32 called. Change num 8.  Value: 15c279e2	28b73354	e2c5b58f
[    0.548643] RANDOM - random32 called.  Value: 15c279e2	28b73354	e2c5b58f
[    0.548653] RANDOM - __random32 called. Change num 9.  Value: 279e2b5f	8b733545	6b1e9d03
[    0.548662] RANDOM - random32 called.  Value: 279e2b5f	8b733545	6b1e9d03
[    0.548670] RANDOM - __random32 called. Change num 10.  Value: e2b5fc5e	b7335453	3a067d4e
[    0.548677] RANDOM - random32 called.  Value: e2b5fc5e	b7335453	3a067d4e
[    0.548683] RANDOM - __random32 called. Change num 11.  Value: 5fc5eba7	73354535	fa9d46b2
[    0.548688] RANDOM - random32 called.  Value: 5fc5eba7	73354535	fa9d46b2
[    0.548693] TCP established hash table entries: 131072 (order: 8, 1048576 bytes)
[    0.548881] TCP bind hash table entries: 65536 (order: 7, 524288 bytes)
[    0.549021] TCP: Hash tables configured (established 131072 bind 65536)
[    0.549024] TCP reno registered
[    0.549062] NET: Registered protocol family 1
[    0.549071] pci 0000:00:00.0: Limiting direct PCI/PCI transfers
[    0.549091] pci 0000:00:0f.0: Boot video device
[    0.549331] Trying to unpack rootfs image as initramfs...
[    1.647185] Freeing initrd memory: 83430k freed
[    1.651218] Simple Boot Flag at 0x36 set to 0x1
[    1.651263] cpufreq-nforce2: No nForce2 chipset.
[    1.651276] Scanning for low memory corruption every 60 seconds
[    1.651395] audit: initializing netlink socket (disabled)
[    1.651423] type=2000 audit(1369436708.636:1): initialized
[    1.655327] highmem bounce pool size: 64 pages
[    1.655331] HugeTLB registered 2 MB page size, pre-allocated 0 pages
[    1.655424] VFS: Disk quotas dquot_6.5.2
[    1.655468] Dquot-cache hash table entries: 1024 (order 0, 4096 bytes)
[    1.655548] fuse init (API version 7.13)
[    1.655593] msgmni has been set to 1729
[    1.655870] alg: No test for stdrng (krng)
[    1.655905] Block layer SCSI generic (bsg) driver version 0.4 loaded (major 253)
[    1.655908] io scheduler noop registered
[    1.655910] io scheduler anticipatory registered
[    1.655911] io scheduler deadline registered
[    1.655931] io scheduler cfq registered (default)
[    1.655976]   alloc irq_desc for 24 on node -1
[    1.655979]   alloc kstat_irqs on node -1
[    1.656024] pcieport 0000:00:15.0: irq 24 for MSI/MSI-X
[    1.656068] pcieport 0000:00:15.0: setting latency timer to 64
[    1.656113]   alloc irq_desc for 25 on node -1
[    1.656115]   alloc kstat_irqs on node -1
[    1.656160] pcieport 0000:00:15.1: irq 25 for MSI/MSI-X
[    1.656205] pcieport 0000:00:15.1: setting latency timer to 64
[    1.656250]   alloc irq_desc for 26 on node -1
[    1.656252]   alloc kstat_irqs on node -1
[    1.656296] pcieport 0000:00:15.2: irq 26 for MSI/MSI-X
[    1.656341] pcieport 0000:00:15.2: setting latency timer to 64
[    1.656386]   alloc irq_desc for 27 on node -1
[    1.656388]   alloc kstat_irqs on node -1
[    1.656433] pcieport 0000:00:15.3: irq 27 for MSI/MSI-X
[    1.656478] pcieport 0000:00:15.3: setting latency timer to 64
[    1.656523]   alloc irq_desc for 28 on node -1
[    1.656524]   alloc kstat_irqs on node -1
[    1.656569] pcieport 0000:00:15.4: irq 28 for MSI/MSI-X
[    1.656614] pcieport 0000:00:15.4: setting latency timer to 64
[    1.656659]   alloc irq_desc for 29 on node -1
[    1.656662]   alloc kstat_irqs on node -1
[    1.656707] pcieport 0000:00:15.5: irq 29 for MSI/MSI-X
[    1.656751] pcieport 0000:00:15.5: setting latency timer to 64
[    1.656796]   alloc irq_desc for 30 on node -1
[    1.656801]   alloc kstat_irqs on node -1
[    1.656846] pcieport 0000:00:15.6: irq 30 for MSI/MSI-X
[    1.656891] pcieport 0000:00:15.6: setting latency timer to 64
[    1.656935]   alloc irq_desc for 31 on node -1
[    1.656937]   alloc kstat_irqs on node -1
[    1.656982] pcieport 0000:00:15.7: irq 31 for MSI/MSI-X
[    1.657027] pcieport 0000:00:15.7: setting latency timer to 64
[    1.657072]   alloc irq_desc for 32 on node -1
[    1.657075]   alloc kstat_irqs on node -1
[    1.657120] pcieport 0000:00:16.0: irq 32 for MSI/MSI-X
[    1.657165] pcieport 0000:00:16.0: setting latency timer to 64
[    1.657209]   alloc irq_desc for 33 on node -1
[    1.657213]   alloc kstat_irqs on node -1
[    1.657258] pcieport 0000:00:16.1: irq 33 for MSI/MSI-X
[    1.657303] pcieport 0000:00:16.1: setting latency timer to 64
[    1.657347]   alloc irq_desc for 34 on node -1
[    1.657350]   alloc kstat_irqs on node -1
[    1.657394] pcieport 0000:00:16.2: irq 34 for MSI/MSI-X
[    1.657439] pcieport 0000:00:16.2: setting latency timer to 64
[    1.657484]   alloc irq_desc for 35 on node -1
[    1.657487]   alloc kstat_irqs on node -1
[    1.657532] pcieport 0000:00:16.3: irq 35 for MSI/MSI-X
[    1.657576] pcieport 0000:00:16.3: setting latency timer to 64
[    1.657621]   alloc irq_desc for 36 on node -1
[    1.657623]   alloc kstat_irqs on node -1
[    1.657668] pcieport 0000:00:16.4: irq 36 for MSI/MSI-X
[    1.657713] pcieport 0000:00:16.4: setting latency timer to 64
[    1.657758]   alloc irq_desc for 37 on node -1
[    1.657760]   alloc kstat_irqs on node -1
[    1.657805] pcieport 0000:00:16.5: irq 37 for MSI/MSI-X
[    1.657849] pcieport 0000:00:16.5: setting latency timer to 64
[    1.657894]   alloc irq_desc for 38 on node -1
[    1.657896]   alloc kstat_irqs on node -1
[    1.657941] pcieport 0000:00:16.6: irq 38 for MSI/MSI-X
[    1.657986] pcieport 0000:00:16.6: setting latency timer to 64
[    1.658031]   alloc irq_desc for 39 on node -1
[    1.658032]   alloc kstat_irqs on node -1
[    1.658077] pcieport 0000:00:16.7: irq 39 for MSI/MSI-X
[    1.658122] pcieport 0000:00:16.7: setting latency timer to 64
[    1.659227]   alloc irq_desc for 40 on node -1
[    1.659229]   alloc kstat_irqs on node -1
[    1.659274] pcieport 0000:00:17.0: irq 40 for MSI/MSI-X
[    1.659319] pcieport 0000:00:17.0: setting latency timer to 64
[    1.659364]   alloc irq_desc for 41 on node -1
[    1.659365]   alloc kstat_irqs on node -1
[    1.659410] pcieport 0000:00:17.1: irq 41 for MSI/MSI-X
[    1.659455] pcieport 0000:00:17.1: setting latency timer to 64
[    1.659500]   alloc irq_desc for 42 on node -1
[    1.659502]   alloc kstat_irqs on node -1
[    1.659547] pcieport 0000:00:17.2: irq 42 for MSI/MSI-X
[    1.659591] pcieport 0000:00:17.2: setting latency timer to 64
[    1.659636]   alloc irq_desc for 43 on node -1
[    1.659639]   alloc kstat_irqs on node -1
[    1.659683] pcieport 0000:00:17.3: irq 43 for MSI/MSI-X
[    1.659728] pcieport 0000:00:17.3: setting latency timer to 64
[    1.659773]   alloc irq_desc for 44 on node -1
[    1.659775]   alloc kstat_irqs on node -1
[    1.659820] pcieport 0000:00:17.4: irq 44 for MSI/MSI-X
[    1.659865] pcieport 0000:00:17.4: setting latency timer to 64
[    1.659909]   alloc irq_desc for 45 on node -1
[    1.659911]   alloc kstat_irqs on node -1
[    1.659956] pcieport 0000:00:17.5: irq 45 for MSI/MSI-X
[    1.660001] pcieport 0000:00:17.5: setting latency timer to 64
[    1.660046]   alloc irq_desc for 46 on node -1
[    1.660048]   alloc kstat_irqs on node -1
[    1.660092] pcieport 0000:00:17.6: irq 46 for MSI/MSI-X
[    1.660137] pcieport 0000:00:17.6: setting latency timer to 64
[    1.660182]   alloc irq_desc for 47 on node -1
[    1.660184]   alloc kstat_irqs on node -1
[    1.660229] pcieport 0000:00:17.7: irq 47 for MSI/MSI-X
[    1.660274] pcieport 0000:00:17.7: setting latency timer to 64
[    1.660318]   alloc irq_desc for 48 on node -1
[    1.660320]   alloc kstat_irqs on node -1
[    1.660365] pcieport 0000:00:18.0: irq 48 for MSI/MSI-X
[    1.660410] pcieport 0000:00:18.0: setting latency timer to 64
[    1.660455]   alloc irq_desc for 49 on node -1
[    1.660457]   alloc kstat_irqs on node -1
[    1.660502] pcieport 0000:00:18.1: irq 49 for MSI/MSI-X
[    1.660546] pcieport 0000:00:18.1: setting latency timer to 64
[    1.660591]   alloc irq_desc for 50 on node -1
[    1.660593]   alloc kstat_irqs on node -1
[    1.660638] pcieport 0000:00:18.2: irq 50 for MSI/MSI-X
[    1.660683] pcieport 0000:00:18.2: setting latency timer to 64
[    1.660728]   alloc irq_desc for 51 on node -1
[    1.660729]   alloc kstat_irqs on node -1
[    1.660774] pcieport 0000:00:18.3: irq 51 for MSI/MSI-X
[    1.660819] pcieport 0000:00:18.3: setting latency timer to 64
[    1.660864]   alloc irq_desc for 52 on node -1
[    1.660866]   alloc kstat_irqs on node -1
[    1.660911] pcieport 0000:00:18.4: irq 52 for MSI/MSI-X
[    1.660956] pcieport 0000:00:18.4: setting latency timer to 64
[    1.661000]   alloc irq_desc for 53 on node -1
[    1.661002]   alloc kstat_irqs on node -1
[    1.661047] pcieport 0000:00:18.5: irq 53 for MSI/MSI-X
[    1.661092] pcieport 0000:00:18.5: setting latency timer to 64
[    1.661137]   alloc irq_desc for 54 on node -1
[    1.661139]   alloc kstat_irqs on node -1
[    1.661184] pcieport 0000:00:18.6: irq 54 for MSI/MSI-X
[    1.661228] pcieport 0000:00:18.6: setting latency timer to 64
[    1.661273]   alloc irq_desc for 55 on node -1
[    1.661275]   alloc kstat_irqs on node -1
[    1.661320] pcieport 0000:00:18.7: irq 55 for MSI/MSI-X
[    1.661365] pcieport 0000:00:18.7: setting latency timer to 64
[    1.661410] pci_hotplug: PCI Hot Plug PCI Core version: 0.5
[    1.663230] pciehp 0000:00:15.0:pcie04: HPC vendor_id 15ad device_id 7a0 ss_vid 0 ss_did 0
[    1.663275] pciehp 0000:00:15.0:pcie04: service driver pciehp loaded
[    1.663320] pciehp 0000:00:15.1:pcie04: HPC vendor_id 15ad device_id 7a0 ss_vid 0 ss_did 0
[    1.663365] pciehp 0000:00:15.1:pcie04: service driver pciehp loaded
[    1.663410] pciehp 0000:00:15.2:pcie04: HPC vendor_id 15ad device_id 7a0 ss_vid 0 ss_did 0
[    1.663454] pciehp 0000:00:15.2:pcie04: service driver pciehp loaded
[    1.663499] pciehp 0000:00:15.3:pcie04: HPC vendor_id 15ad device_id 7a0 ss_vid 0 ss_did 0
[    1.663544] pciehp 0000:00:15.3:pcie04: service driver pciehp loaded
[    1.663589] pciehp 0000:00:15.4:pcie04: HPC vendor_id 15ad device_id 7a0 ss_vid 0 ss_did 0
[    1.663634] pciehp 0000:00:15.4:pcie04: service driver pciehp loaded
[    1.663679] pciehp 0000:00:15.5:pcie04: HPC vendor_id 15ad device_id 7a0 ss_vid 0 ss_did 0
[    1.663723] pciehp 0000:00:15.5:pcie04: service driver pciehp loaded
[    1.663768] pciehp 0000:00:15.6:pcie04: HPC vendor_id 15ad device_id 7a0 ss_vid 0 ss_did 0
[    1.663813] pciehp 0000:00:15.6:pcie04: service driver pciehp loaded
[    1.663858] pciehp 0000:00:15.7:pcie04: HPC vendor_id 15ad device_id 7a0 ss_vid 0 ss_did 0
[    1.663903] pciehp 0000:00:15.7:pcie04: service driver pciehp loaded
[    1.663948] pciehp 0000:00:16.0:pcie04: HPC vendor_id 15ad device_id 7a0 ss_vid 0 ss_did 0
[    1.663992] pciehp 0000:00:16.0:pcie04: service driver pciehp loaded
[    1.664037] pciehp 0000:00:16.1:pcie04: HPC vendor_id 15ad device_id 7a0 ss_vid 0 ss_did 0
[    1.664082] pciehp 0000:00:16.1:pcie04: service driver pciehp loaded
[    1.664127] pciehp 0000:00:16.2:pcie04: HPC vendor_id 15ad device_id 7a0 ss_vid 0 ss_did 0
[    1.664172] pciehp 0000:00:16.2:pcie04: service driver pciehp loaded
[    1.664217] pciehp 0000:00:16.3:pcie04: HPC vendor_id 15ad device_id 7a0 ss_vid 0 ss_did 0
[    1.664261] pciehp 0000:00:16.3:pcie04: service driver pciehp loaded
[    1.664306] pciehp 0000:00:16.4:pcie04: HPC vendor_id 15ad device_id 7a0 ss_vid 0 ss_did 0
[    1.664351] pciehp 0000:00:16.4:pcie04: service driver pciehp loaded
[    1.664396] pciehp 0000:00:16.5:pcie04: HPC vendor_id 15ad device_id 7a0 ss_vid 0 ss_did 0
[    1.664441] pciehp 0000:00:16.5:pcie04: service driver pciehp loaded
[    1.664486] pciehp 0000:00:16.6:pcie04: HPC vendor_id 15ad device_id 7a0 ss_vid 0 ss_did 0
[    1.664530] pciehp 0000:00:16.6:pcie04: service driver pciehp loaded
[    1.664575] pciehp 0000:00:16.7:pcie04: HPC vendor_id 15ad device_id 7a0 ss_vid 0 ss_did 0
[    1.664620] pciehp 0000:00:16.7:pcie04: service driver pciehp loaded
[    1.664665] pciehp 0000:00:17.0:pcie04: HPC vendor_id 15ad device_id 7a0 ss_vid 0 ss_did 0
[    1.664710] pciehp 0000:00:17.0:pcie04: service driver pciehp loaded
[    1.664755] pciehp 0000:00:17.1:pcie04: HPC vendor_id 15ad device_id 7a0 ss_vid 0 ss_did 0
[    1.664799] pciehp 0000:00:17.1:pcie04: service driver pciehp loaded
[    1.664844] pciehp 0000:00:17.2:pcie04: HPC vendor_id 15ad device_id 7a0 ss_vid 0 ss_did 0
[    1.664889] pciehp 0000:00:17.2:pcie04: service driver pciehp loaded
[    1.664934] pciehp 0000:00:17.3:pcie04: HPC vendor_id 15ad device_id 7a0 ss_vid 0 ss_did 0
[    1.664979] pciehp 0000:00:17.3:pcie04: service driver pciehp loaded
[    1.665024] pciehp 0000:00:17.4:pcie04: HPC vendor_id 15ad device_id 7a0 ss_vid 0 ss_did 0
[    1.665068] pciehp 0000:00:17.4:pcie04: service driver pciehp loaded
[    1.665113] pciehp 0000:00:17.5:pcie04: HPC vendor_id 15ad device_id 7a0 ss_vid 0 ss_did 0
[    1.665158] pciehp 0000:00:17.5:pcie04: service driver pciehp loaded
[    1.665203] pciehp 0000:00:17.6:pcie04: HPC vendor_id 15ad device_id 7a0 ss_vid 0 ss_did 0
[    1.665248] pciehp 0000:00:17.6:pcie04: service driver pciehp loaded
[    1.665293] pciehp 0000:00:17.7:pcie04: HPC vendor_id 15ad device_id 7a0 ss_vid 0 ss_did 0
[    1.665337] pciehp 0000:00:17.7:pcie04: service driver pciehp loaded
[    1.665382] pciehp 0000:00:18.0:pcie04: HPC vendor_id 15ad device_id 7a0 ss_vid 0 ss_did 0
[    1.665427] pciehp 0000:00:18.0:pcie04: service driver pciehp loaded
[    1.665472] pciehp 0000:00:18.1:pcie04: HPC vendor_id 15ad device_id 7a0 ss_vid 0 ss_did 0
[    1.665517] pciehp 0000:00:18.1:pcie04: service driver pciehp loaded
[    1.665562] pciehp 0000:00:18.2:pcie04: HPC vendor_id 15ad device_id 7a0 ss_vid 0 ss_did 0
[    1.665606] pciehp 0000:00:18.2:pcie04: service driver pciehp loaded
[    1.665651] pciehp 0000:00:18.3:pcie04: HPC vendor_id 15ad device_id 7a0 ss_vid 0 ss_did 0
[    1.665696] pciehp 0000:00:18.3:pcie04: service driver pciehp loaded
[    1.665741] pciehp 0000:00:18.4:pcie04: HPC vendor_id 15ad device_id 7a0 ss_vid 0 ss_did 0
[    1.665786] pciehp 0000:00:18.4:pcie04: service driver pciehp loaded
[    1.665831] pciehp 0000:00:18.5:pcie04: HPC vendor_id 15ad device_id 7a0 ss_vid 0 ss_did 0
[    1.665875] pciehp 0000:00:18.5:pcie04: service driver pciehp loaded
[    1.665920] pciehp 0000:00:18.6:pcie04: HPC vendor_id 15ad device_id 7a0 ss_vid 0 ss_did 0
[    1.665965] pciehp 0000:00:18.6:pcie04: service driver pciehp loaded
[    1.666010] pciehp 0000:00:18.7:pcie04: HPC vendor_id 15ad device_id 7a0 ss_vid 0 ss_did 0
[    1.666055] pciehp 0000:00:18.7:pcie04: service driver pciehp loaded
[    1.666062] pciehp: PCI Express Hot Plug Controller Driver version: 0.4
[    1.666111] ACPI: AC Adapter [ACAD] (on-line)
[    1.666164] input: Power Button as /devices/LNXSYSTM:00/LNXPWRBN:00/input/input0
[    1.666166] ACPI: Power Button [PWRF]
[    1.666211] processor LNXCPU:00: registered as cooling_device0
[    1.707127] isapnp: Scanning for PnP cards...
[    2.060687] isapnp: No Plug & Play device found
[    2.060718] random 0000 0000 0000 5f8db4e5 4cfdf2a8: initializing
[    2.060846] Linux agpgart interface v0.103
[    2.060899] agpgart-intel 0000:00:00.0: Intel 440BX Chipset
[    2.060952] agpgart-intel 0000:00:00.0: AGP aperture is 256M @ 0x0
[    2.060984] Serial: 8250/16550 driver, 32 ports, IRQ sharing enabled
[    2.061036] serial8250: ttyS0 at I/O 0x3f8 (irq = 4) is a 16550A
[    2.061089] serial8250: ttyS1 at I/O 0x2f8 (irq = 3) is a 16550A
[    2.061142] 00:0a: ttyS0 at I/O 0x3f8 (irq = 4) is a 16550A
[    2.061195] 00:0b: ttyS1 at I/O 0x2f8 (irq = 3) is a 16550A
[    2.061248] brd: module loaded
[    2.061300] loop: module loaded
[    2.061353] ata_piix 0000:00:07.1: version 2.13
[    2.061435] scsi0 : ata_piix
[    2.061481] scsi1 : ata_piix
[    2.061501] ata1: PATA max UDMA/33 cmd 0x1f0 ctl 0x3f6 bmdma 0x10c0 irq 14
[    2.061503] ata2: PATA max UDMA/33 cmd 0x170 ctl 0x376 bmdma 0x10c8 irq 15
[    2.061550] PPP generic driver version 2.4.2
[    2.061569] tun: Universal TUN/TAP device driver, 1.6
[    2.061571] tun: (C) 1999-2004 Max Krasnyansky <maxk@qualcomm.com>
[    2.061624] ehci_hcd: USB 2.0 'Enhanced' Host Controller (EHCI) Driver
[    2.061677] ACPI: PCI Interrupt Link [LNKB] enabled at IRQ 11
[    2.061679] PCI: setting IRQ 11 as level-triggered
[    2.061687] ehci_hcd 0000:02:03.0: PCI INT A -> Link[LNKB] -> GSI 11 (level, low) -> IRQ 11
[    2.061723] ehci_hcd 0000:02:03.0: EHCI Host Controller
[    2.061744] ehci_hcd 0000:02:03.0: new USB bus registered, assigned bus number 1
[    2.061797] ehci_hcd 0000:02:03.0: cache line size of 32 is not supported
[    2.061803] ehci_hcd 0000:02:03.0: irq 11, io mem 0xc9000000
[    2.062112] random 0000 0000 0000 00000000 00000000: rand_read_num 3 get_random_bytes(8): sig 00000000 00000000 00000000
[    2.062115] random 0000 0000 0000 00000000 00000000: extract_entropy(.. 8 ..)
[    2.062118] random 0000 0000 0000 00000000 00000000: going to reseed nonblocking with 64 bits (64 of 0 requested)
[    2.062120] random 0000 0000 0000 00000000 00000000: extract_entropy(.. 8 ..)
[    2.062122] random 0000 0000 0000 00000000 00000000: trying to extract 64 bits from input
[    2.062124] random 0000 0000 0000 00000000 00000000: debiting 0 entropy credits from input
[    2.062126] random 0000 0000 0000 00000000 00000000: extract_entropy account returned: 0 
[    2.062129] random 0000 0000 0000 00000000 00000000: urand_change_num 5 xfer_secondary_pool(8): pool_sig 00000000, data_sig 00000000, bytes_mixed 0 00000000 00000000
[    2.062132] random 0000 0000 0000 00000000 00000000: trying to extract 64 bits from nonblocking
[    2.062134] random 0000 0000 0000 00000000 00000000: debiting 64 entropy credits from nonblocking (unlimited)
[    2.062136] random 0000 0000 0000 00000000 00000000: extract_entropy account returned: 8 
[    2.062140] random 0000 0000 0000 00000000 00000000: urand_change_num 6 extract_buf: pool_sig 00000000, data_sig fffffff9, bytes_mixed 20 00000000 00000000
[    2.070593] ehci_hcd 0000:02:03.0: USB 2.0 started, EHCI 1.00
[    2.070646] usb usb1: configuration #1 chosen from 1 choice
[    2.070664] hub 1-0:1.0: USB hub found
[    2.070668] hub 1-0:1.0: 6 ports detected
[    2.070702] ohci_hcd: USB 1.1 'Open' Host Controller (OHCI) Driver
[    2.070712] uhci_hcd: USB Universal Host Controller Interface driver
[    2.070765] ACPI: PCI Interrupt Link [LNKC] enabled at IRQ 10
[    2.070767] PCI: setting IRQ 10 as level-triggered
[    2.070771] uhci_hcd 0000:02:00.0: PCI INT A -> Link[LNKC] -> GSI 10 (level, low) -> IRQ 10
[    2.070803] uhci_hcd 0000:02:00.0: UHCI Host Controller
[    2.070829] uhci_hcd 0000:02:00.0: new USB bus registered, assigned bus number 2
[    2.070930] uhci_hcd 0000:02:00.0: irq 10, io base 0x000020c0
[    2.070983] usb usb2: configuration #1 chosen from 1 choice
[    2.070997] hub 2-0:1.0: USB hub found
[    2.071002] hub 2-0:1.0: 2 ports detected
[    2.071054] usbcore: registered new interface driver libusual
[    2.071081] PNP: PS/2 Controller [PNP0303:KBC,PNP0f13:MOUS] at 0x60,0x64 irq 1,12
[    2.071413] serio: i8042 KBD port at 0x60,0x64 irq 1
[    2.071420] serio: i8042 AUX port at 0x60,0x64 irq 12
[    2.071453] mice: PS/2 mouse device common for all mice
[    2.071506] rtc_cmos 00:04: rtc core: registered rtc_cmos as rtc0
[    2.071520] rtc0: alarms up to one month, y3k, 114 bytes nvram, hpet irqs
[    2.071573] device-mapper: uevent: version 1.0.3
[    2.071682] device-mapper: ioctl: 4.15.0-ioctl (2009-04-01) initialised: dm-devel@redhat.com
[    2.071699] EISA: Probing bus 0 at eisa.0
[    2.071705] Cannot allocate resource for EISA slot 1
[    2.071707] Cannot allocate resource for EISA slot 2
[    2.071709] Cannot allocate resource for EISA slot 3
[    2.071710] Cannot allocate resource for EISA slot 4
[    2.071712] Cannot allocate resource for EISA slot 5
[    2.071714] Cannot allocate resource for EISA slot 6
[    2.071716] Cannot allocate resource for EISA slot 7
[    2.071718] Cannot allocate resource for EISA slot 8
[    2.071719] EISA: Detected 0 cards.
[    2.071826] cpuidle: using governor ladder
[    2.071828] cpuidle: using governor menu
[    2.071881] random 0000 0000 0000 00000000 00000000: rand_read_num 4 get_random_bytes(136): sig 0000021d 00000000 00000000
[    2.071884] random 0000 0000 0000 00000000 00000000: extract_entropy(.. 136 ..)
[    2.071886] random 0000 0000 0000 00000000 00000000: going to reseed nonblocking with 1024 bits (1088 of 0 requested)
[    2.071888] random 0000 0000 0000 00000000 00000000: extract_entropy(.. 128 ..)
[    2.071890] random 0000 0000 0000 00000000 00000000: trying to extract 1024 bits from input
[    2.071892] random 0000 0000 0000 00000000 00000000: debiting 0 entropy credits from input
[    2.071894] random 0000 0000 0000 00000000 00000000: extract_entropy account returned: 0 
[    2.071897] random 0000 0000 0000 00000000 00000000: urand_change_num 7 xfer_secondary_pool(136): pool_sig 0000021d, data_sig 00000000, bytes_mixed 0 00000000 00000000
[    2.071899] random 0000 0000 0000 00000000 00000000: trying to extract 1088 bits from nonblocking
[    2.071902] random 0000 0000 0000 00000000 00000000: debiting 1088 entropy credits from nonblocking (unlimited)
[    2.071904] random 0000 0000 0000 00000000 00000000: extract_entropy account returned: 136 
[    2.071907] random 0000 0000 0000 00000000 00000000: urand_change_num 8 extract_buf: pool_sig 0000021d, data_sig fffffff7, bytes_mixed 20 00000000 00000000
[    2.071912] random 0000 0000 0000 f961ee50 ba9cb1aa: urand_change_num 9 extract_buf: pool_sig 00000230, data_sig fffffeb4, bytes_mixed 20 f961ee50 ba9cb1aa
[    2.071916] random 0000 0000 0000 9748bdd6 56fb8af6: urand_change_num 10 extract_buf: pool_sig 00000373, data_sig 000000cf, bytes_mixed 20 9748bdd6 56fb8af6
[    2.071920] random 0000 0000 0000 9748bdd6 56fb8af6: urand_change_num 11 extract_buf: pool_sig fffffe49, data_sig 0000023f, bytes_mixed 20 9748bdd6 56fb8af6
[    2.071924] random 0000 0000 0000 a135be86 4777650e: urand_change_num 12 extract_buf: pool_sig fffffcce, data_sig 000000c6, bytes_mixed 20 a135be86 4777650e
[    2.071929] random 0000 0000 0000 4a6ea85d 170e00dd: urand_change_num 13 extract_buf: pool_sig ffffff97, data_sig ffffff7d, bytes_mixed 20 4a6ea85d 170e00dd
[    2.071933] random 0000 0000 0000 4a6ea85d 170e00dd: urand_change_num 14 extract_buf: pool_sig 00000160, data_sig fffffeea, bytes_mixed 20 4a6ea85d 170e00dd
[    2.071937] random 0000 0000 0000 6e87c3cb da668c73: urand_change_num 15 extract_buf: pool_sig 0000034f, data_sig ffffff54, bytes_mixed 20 6e87c3cb da668c73
[    2.071941] random 0000 0000 0000 6e87c3cb da668c73: urand_change_num 16 extract_buf: pool_sig fffffdc5, data_sig 00000205, bytes_mixed 20 6e87c3cb da668c73
[    2.071945] random 0000 0000 0000 39f531e6 461eb249: urand_change_num 17 extract_buf: pool_sig fffffc1d, data_sig ffffff5e, bytes_mixed 20 39f531e6 461eb249
[    2.071949] random 0000 0000 0000 7e1538a2 3e661182: urand_change_num 18 extract_buf: pool_sig 000006ef, data_sig ffffff2e, bytes_mixed 20 7e1538a2 3e661182
[    2.071953] random 0000 0000 0000 7e1538a2 3e661182: urand_change_num 19 extract_buf: pool_sig 00000317, data_sig fffffccb, bytes_mixed 20 7e1538a2 3e661182
[    2.071958] random 0000 0000 0000 76af506b 9b57305e: urand_change_num 20 extract_buf: pool_sig 00000227, data_sig ffffffd2, bytes_mixed 20 76af506b 9b57305e
[    2.071962] random 0000 0000 0000 37d49d89 e20417cc: urand_change_num 21 extract_buf: pool_sig 0000080b, data_sig 000001e9, bytes_mixed 20 37d49d89 e20417cc
[    2.071966] TCP cubic registered
[    2.072019] NET: Registered protocol family 10
[    2.072051] RANDOM - __random32 called. Change num 12.  Value: 5eba7c56	3354535f	8d65ceee
[    2.072053] RANDOM - random32 called.  Value: 5eba7c56	3354535f	8d65ceee
[    2.072062] random 0000 0000 0000 37d49d89 e20417cc: rand_read_num 5 get_random_bytes(4): sig 00000298 37d49d89 e20417cc
[    2.072064] random 0000 0000 0000 37d49d89 e20417cc: extract_entropy(.. 4 ..)
[    2.072066] random 0000 0000 0000 37d49d89 e20417cc: going to reseed nonblocking with 64 bits (32 of 0 requested)
[    2.072068] random 0000 0000 0000 37d49d89 e20417cc: extract_entropy(.. 8 ..)
[    2.072070] random 0000 0000 0000 37d49d89 e20417cc: trying to extract 64 bits from input
[    2.072072] random 0000 0000 0000 37d49d89 e20417cc: debiting 0 entropy credits from input
[    2.072074] random 0000 0000 0000 37d49d89 e20417cc: extract_entropy account returned: 0 
[    2.072077] random 0000 0000 0000 37d49d89 e20417cc: urand_change_num 22 xfer_secondary_pool(4): pool_sig 00000298, data_sig 00000000, bytes_mixed 0 37d49d89 e20417cc
[    2.072079] random 0000 0000 0000 37d49d89 e20417cc: trying to extract 32 bits from nonblocking
[    2.072082] random 0000 0000 0000 37d49d89 e20417cc: debiting 32 entropy credits from nonblocking (unlimited)
[    2.072084] random 0000 0000 0000 37d49d89 e20417cc: extract_entropy account returned: 4 
[    2.072087] random 0000 0000 0000 37d49d89 e20417cc: urand_change_num 23 extract_buf: pool_sig 00000298, data_sig 00000092, bytes_mixed 20 37d49d89 e20417cc
[    2.072140] RANDOM - __random32 called. Change num 13.  Value: a7c56226	354535ff	9ddcc977
[    2.072142] RANDOM - random32 called.  Value: a7c56226	354535ff	9ddcc977
[    2.072194] NET: Registered protocol family 17
[    2.072215] Using IPI No-Shortcut mode
[    2.072220] random 0000 0000 0000 2ee4c4fc 167bdb15: rand_read_num 6 get_random_bytes(8): sig fffffcbf 2ee4c4fc 167bdb15
[    2.072222] random 0000 0000 0000 2ee4c4fc 167bdb15: extract_entropy(.. 8 ..)
[    2.072225] random 0000 0000 0000 2ee4c4fc 167bdb15: going to reseed nonblocking with 64 bits (64 of 0 requested)
[    2.072227] random 0000 0000 0000 2ee4c4fc 167bdb15: extract_entropy(.. 8 ..)
[    2.072229] random 0000 0000 0000 2ee4c4fc 167bdb15: trying to extract 64 bits from input
[    2.072231] random 0000 0000 0000 2ee4c4fc 167bdb15: debiting 0 entropy credits from input
[    2.072233] random 0000 0000 0000 2ee4c4fc 167bdb15: extract_entropy account returned: 0 
[    2.072235] random 0000 0000 0000 2ee4c4fc 167bdb15: urand_change_num 24 xfer_secondary_pool(8): pool_sig fffffcbf, data_sig 00000000, bytes_mixed 0 2ee4c4fc 167bdb15
[    2.072238] random 0000 0000 0000 2ee4c4fc 167bdb15: trying to extract 64 bits from nonblocking
[    2.072240] random 0000 0000 0000 2ee4c4fc 167bdb15: debiting 64 entropy credits from nonblocking (unlimited)
[    2.072242] random 0000 0000 0000 2ee4c4fc 167bdb15: extract_entropy account returned: 8 
[    2.072245] random 0000 0000 0000 2ee4c4fc 167bdb15: urand_change_num 25 extract_buf: pool_sig fffffcbf, data_sig ffffff83, bytes_mixed 20 2ee4c4fc 167bdb15
[    2.072284] PM: Resume from disk failed.
[    2.072292] registered taskstats version 1
[    2.072294] random 0000 0000 0000 2ee4c4fc 167bdb15: rand_read_num 7 get_random_bytes(12): sig fffffc69 2ee4c4fc 167bdb15
[    2.072297] random 0000 0000 0000 2ee4c4fc 167bdb15: extract_entropy(.. 12 ..)
[    2.072299] random 0000 0000 0000 2ee4c4fc 167bdb15: going to reseed nonblocking with 96 bits (96 of 0 requested)
[    2.072301] random 0000 0000 0000 2ee4c4fc 167bdb15: extract_entropy(.. 12 ..)
[    2.072303] random 0000 0000 0000 2ee4c4fc 167bdb15: trying to extract 96 bits from input
[    2.072305] random 0000 0000 0000 2ee4c4fc 167bdb15: debiting 0 entropy credits from input
[    2.072307] random 0000 0000 0000 2ee4c4fc 167bdb15: extract_entropy account returned: 0 
[    2.072309] random 0000 0000 0000 2ee4c4fc 167bdb15: urand_change_num 26 xfer_secondary_pool(12): pool_sig fffffc69, data_sig 00000000, bytes_mixed 0 2ee4c4fc 167bdb15
[    2.072312] random 0000 0000 0000 2ee4c4fc 167bdb15: trying to extract 96 bits from nonblocking
[    2.072314] random 0000 0000 0000 2ee4c4fc 167bdb15: debiting 96 entropy credits from nonblocking (unlimited)
[    2.072316] random 0000 0000 0000 2ee4c4fc 167bdb15: extract_entropy account returned: 12 
[    2.072319] random 0000 0000 0000 2ee4c4fc 167bdb15: urand_change_num 27 extract_buf: pool_sig fffffc69, data_sig ffffff7d, bytes_mixed 20 2ee4c4fc 167bdb15
[    2.072324] random 0000 0000 0000 83b7c1ab 94697f48: urand_change_num 28 extract_buf: pool_sig fffffe30, data_sig fffffdd6, bytes_mixed 20 83b7c1ab 94697f48
[    2.072326] RANDOM - __seed init called.
[    2.072327] RANDOM - __seed init called.
[    2.072328] RANDOM - __seed init called.
[    2.072330] RANDOM - __random32 called. Change num 14.  Value: fc007995	feca4f80	21b38ad2
[    2.072332] RANDOM - random32_reseed called.  Value: fc007995	feca4f80	21b38ad2
[    2.072334] Pid: 1, comm: swapper Not tainted 2.6.32.57 #4
[    2.072336] Call Trace:
[    2.072342]  [<c14a8a0e>] ? printk+0x1d/0x1f
[    2.072347]  [<c17537e5>] random32_reseed+0x89/0xbd
[    2.072350]  [<c1003042>] do_one_initcall+0x32/0x1a0
[    2.072353]  [<c175375c>] ? random32_reseed+0x0/0xbd
[    2.072356]  [<c17308e7>] kernel_init+0x12d/0x17a
[    2.072358]  [<c17307ba>] ? kernel_init+0x0/0x17a
[    2.072361]  [<c1009b07>] kernel_thread_helper+0x7/0x10
[    2.075090] input: AT Translated Set 2 keyboard as /devices/platform/i8042/serio0/input/input1
[    2.075368] random 0000 0000 0000 6db70b00 b30ce96b: rand_read_num 8 get_random_bytes(64): sig fffffb38 6db70b00 b30ce96b
[    2.075370] random 0000 0000 0000 6db70b00 b30ce96b: extract_entropy(.. 64 ..)
[    2.075373] random 0000 0000 0000 6db70b00 b30ce96b: going to reseed nonblocking with 512 bits (512 of 0 requested)
[    2.075375] random 0000 0000 0000 6db70b00 b30ce96b: extract_entropy(.. 64 ..)
[    2.075378] random 0000 0000 0000 6db70b00 b30ce96b: trying to extract 512 bits from input
[    2.075380] random 0000 0000 0000 6db70b00 b30ce96b: debiting 0 entropy credits from input
[    2.075382] random 0000 0000 0000 6db70b00 b30ce96b: extract_entropy account returned: 0 
[    2.075385] random 0000 0000 0000 6db70b00 b30ce96b: urand_change_num 29 xfer_secondary_pool(64): pool_sig fffffb38, data_sig 00000000, bytes_mixed 0 6db70b00 b30ce96b
[    2.075388] random 0000 0000 0000 6db70b00 b30ce96b: trying to extract 512 bits from nonblocking
[    2.075390] random 0000 0000 0000 6db70b00 b30ce96b: debiting 512 entropy credits from nonblocking (unlimited)
[    2.075392] random 0000 0000 0000 6db70b00 b30ce96b: extract_entropy account returned: 64 
[    2.075396] random 0000 0000 0000 6db70b00 b30ce96b: urand_change_num 30 extract_buf: pool_sig fffffb38, data_sig 00000151, bytes_mixed 20 6db70b00 b30ce96b
[    2.075401] random 0000 0000 0000 6db70b00 b30ce96b: urand_change_num 31 extract_buf: pool_sig fffffdb8, data_sig 00000379, bytes_mixed 20 6db70b00 b30ce96b
[    2.075405] random 0000 0000 0000 6b83001e d4b6c0d3: urand_change_num 32 extract_buf: pool_sig ffffffc9, data_sig 00000198, bytes_mixed 20 6b83001e d4b6c0d3
[    2.075409] random 0000 0000 0000 79d3e3c7 be564518: urand_change_num 33 extract_buf: pool_sig 000002b9, data_sig ffffff84, bytes_mixed 20 79d3e3c7 be564518
[    2.075414] random 0000 0000 0000 79d3e3c7 be564518: urand_change_num 34 extract_buf: pool_sig ffffff55, data_sig ffffff5a, bytes_mixed 20 79d3e3c7 be564518
[    2.075418] random 0000 0000 0000 89c03cb2 0d353228: urand_change_num 35 extract_buf: pool_sig 00000007, data_sig ffffff17, bytes_mixed 20 89c03cb2 0d353228
[    2.075423] random 0000 0000 0000 89c03cb2 0d353228: urand_change_num 36 extract_buf: pool_sig fffffdae, data_sig 000000db, bytes_mixed 20 89c03cb2 0d353228  Magic number: 13:750:100
[    2.075517] rtc_cmos 00:04: setting system clock to 2013-05-24 23:05:09 UTC (1369436709)
[    2.075519] BIOS EDD facility v0.16 2004-Jun-25, 0 devices found
[    2.075521] EDD information not available.
[    2.075545] random 0000 0000 0000 8ca62387 b120332c: rand_read_num 9 get_random_bytes(64): sig fffffed6 8ca62387 b120332c
[    2.075547] random 0000 0000 0000 8ca62387 b120332c: extract_entropy(.. 64 ..)
[    2.075550] random 0000 0000 0000 8ca62387 b120332c: going to reseed nonblocking with 512 bits (512 of 0 requested)
[    2.075552] random 0000 0000 0000 8ca62387 b120332c: extract_entropy(.. 64 ..)
[    2.075554] random 0000 0000 0000 8ca62387 b120332c: trying to extract 512 bits from input
[    2.075556] random 0000 0000 0000 8ca62387 b120332c: debiting 0 entropy credits from input
[    2.075558] random 0000 0000 0000 8ca62387 b120332c: extract_entropy account returned: 0 
[    2.075561] random 0000 0000 0000 8ca62387 b120332c: urand_change_num 37 xfer_secondary_pool(64): pool_sig fffffed6, data_sig 00000000, bytes_mixed 0 8ca62387 b120332c
[    2.075564] random 0000 0000 0000 8ca62387 b120332c: trying to extract 512 bits from nonblocking
[    2.075566] random 0000 0000 0000 8ca62387 b120332c: debiting 512 entropy credits from nonblocking (unlimited)
[    2.075568] random 0000 0000 0000 8ca62387 b120332c: extract_entropy account returned: 64 
[    2.075572] random 0000 0000 0000 8ca62387 b120332c: urand_change_num 38 extract_buf: pool_sig fffffed6, data_sig fffffeb6, bytes_mixed 20 8ca62387 b120332c
[    2.075576] random 0000 0000 0000 90702413 e2a66c2e: urand_change_num 39 extract_buf: pool_sig fffffbb0, data_sig 0000012e, bytes_mixed 20 90702413 e2a66c2e
[    2.075581] random 0000 0000 0000 90702413 e2a66c2e: urand_change_num 40 extract_buf: pool_sig fffffaf1, data_sig ffffff3c, bytes_mixed 20 90702413 e2a66c2e
[    2.075585] random 0000 0000 0000 3f58038b c77aecb6: urand_change_num 41 extract_buf: pool_sig 00000234, data_sig fffffdec, bytes_mixed 20 3f58038b c77aecb6
[    2.075590] random 0000 0000 0000 47187b9d 03f21510: urand_change_num 42 extract_buf: pool_sig 00000192, data_sig 00000075, bytes_mixed 20 47187b9d 03f21510
[    2.075594] random 0000 0000 0000 47187b9d 03f21510: urand_change_num 43 extract_buf: pool_sig 0000018e, data_sig ffffffbf, bytes_mixed 20 47187b9d 03f21510
[    2.075598] random 0000 0000 0000 3180b1fc 0fa9c973: urand_change_num 44 extract_buf: pool_sig fffffecf, data_sig ffffff2a, bytes_mixed 20 3180b1fc 0fa9c973
[    2.075601] BEGIN NET_SECRET:
[    2.075602] \xffffff87
[    2.075604] \xffffff8d
[    2.075605] \xfffffff4
[    2.075606] \xffffffae
[    2.075607] \xffffffc3
[    2.075608] \xffffffb7
[    2.075610] \x31
[    2.075611] \x65
[    2.075612] \xffffffda
[    2.075613] \xffffffa2
[    2.075614] \x31
[    2.075615] \xffffffc8
[    2.075616] \xffffffa9
[    2.075618] \x76
[    2.075619] \x76
[    2.075620] \xffffff90
[    2.075621] \x55
[    2.075622] \xfffffff3
[    2.075623] \xffffffb1
[    2.075625] \x3
[    2.075626] \xffffffb3
[    2.075627] \xffffffa7
[    2.075628] \x5a
[    2.075629] \x71
[    2.075630] \x70
[    2.075631] \xffffff8c
[    2.075632] \x56
[    2.075634] \x25
[    2.075635] \xffffffe1
[    2.075636] \x4c
[    2.075637] \xffffffe6
[    2.075638] \xffffff95
[    2.075639] \x67
[    2.075640] \x4c
[    2.075642] \xffffffb9
[    2.075643] \x1d
[    2.075644] \xe
[    2.075645] \x34
[    2.075646] \xffffffbe
[    2.075647] \x12
[    2.075648] \x5
[    2.075649] \xffffff98
[    2.075651] \xffffffa0
[    2.075652] \xf
[    2.075653] \xffffffb2
[    2.075654] \xffffffde
[    2.075655] \xffffff99
[    2.075656] \xf
[    2.075658] \xffffffe8
[    2.075659] \xffffffc8
[    2.075660] \x1f
[    2.075661] \x54
[    2.075662] \x2c
[    2.075663] \xffffffee
[    2.075664] \x2e
[    2.075665] \x0
[    2.075667] \xffffff95
[    2.075668] \x0
[    2.075669] \xffffffe3
[    2.075670] \xffffffa7
[    2.075671] \xfffffffd
[    2.075672] \x66
[    2.075673] \xffffff92
[    2.075675] \xfffffff0
[    2.075676] 
[    2.075677] END NET_SECRET
[    2.075679] random 0000 0000 0000 3180b1fc 0fa9c973: rand_read_num 10 get_random_bytes(4): sig ffffff46 3180b1fc 0fa9c973
[    2.075682] random 0000 0000 0000 3180b1fc 0fa9c973: extract_entropy(.. 4 ..)
[    2.075684] random 0000 0000 0000 3180b1fc 0fa9c973: going to reseed nonblocking with 64 bits (32 of 0 requested)
[    2.075686] random 0000 0000 0000 3180b1fc 0fa9c973: extract_entropy(.. 8 ..)
[    2.075688] random 0000 0000 0000 3180b1fc 0fa9c973: trying to extract 64 bits from input
[    2.075690] random 0000 0000 0000 3180b1fc 0fa9c973: debiting 0 entropy credits from input
[    2.075692] random 0000 0000 0000 3180b1fc 0fa9c973: extract_entropy account returned: 0 
[    2.075695] random 0000 0000 0000 3180b1fc 0fa9c973: urand_change_num 45 xfer_secondary_pool(4): pool_sig ffffff46, data_sig 00000000, bytes_mixed 0 3180b1fc 0fa9c973
[    2.075698] random 0000 0000 0000 3180b1fc 0fa9c973: trying to extract 32 bits from nonblocking
[    2.075700] random 0000 0000 0000 3180b1fc 0fa9c973: debiting 32 entropy credits from nonblocking (unlimited)
[    2.075703] random 0000 0000 0000 3180b1fc 0fa9c973: extract_entropy account returned: 4 
[    2.075706] random 0000 0000 0000 3180b1fc 0fa9c973: urand_change_num 46 extract_buf: pool_sig ffffff46, data_sig 0000001b, bytes_mixed 20 3180b1fc 0fa9c973
[    2.249571] ata2.00: ATAPI: VMware Virtual IDE CDROM Drive, 00000001, max UDMA/33
[    2.249853] ata2.00: configured for UDMA/33
[    2.250235] scsi 1:0:0:0: CD-ROM            NECVMWar VMware IDE CDR10 1.00 PQ: 0 ANSI: 5
[    2.251572] sr0: scsi3-mmc drive: 306x/306x cd/rw xa/form2 cdda tray
[    2.251576] Uniform CD-ROM driver Revision: 3.20
[    2.251629] sr 1:0:0:0: Attached scsi CD-ROM sr0
[    2.251668] sr 1:0:0:0: Attached scsi generic sg0 type 5
[    2.251706] Freeing unused kernel memory: 652k freed
[    2.251759] Write protecting the kernel text: 4840k
[    2.251789] Write protecting the kernel read-only data: 1968k
[    2.251880] random 0000 0000 0000 38974d2b 1d8d6de0: rand_read_num 11 get_random_bytes(16): sig 000001c6 38974d2b 1d8d6de0
