[    0.000000] random 0000 0000 0000 00000000 00000000: rand_read_num 1 get_random_bytes(8): sig 00000000 00000000 00000000
[    0.000000] random 0000 0000 0000 00000000 00000000: extract_entropy(.. 8 ..)
[    0.000000] random 0000 0000 0000 00000000 00000000: going to reseed nonblocking with 64 bits (64 of 0 requested)
[    0.000000] random 0000 0000 0000 00000000 00000000: extract_entropy(.. 8 ..)
[    0.000000] random 0000 0000 0000 00000000 00000000: trying to extract 64 bits from input
[    0.000000] random 0000 0000 0000 00000000 00000000: debiting 0 entropy credits from input
[    0.000000] random 0000 0000 0000 00000000 00000000: extract_entropy account returned: 0 
[    0.000000] random 0000 0000 0000 00000000 00000000: urand_change_num 1 xfer_secondary_pool(8): pool_sig 00000000, data_sig 00000000, bytes_mixed 0 00000000 00000000
[    0.000000] random 0000 0000 0000 00000000 00000000: trying to extract 64 bits from nonblocking
[    0.000000] random 0000 0000 0000 00000000 00000000: debiting 64 entropy credits from nonblocking (unlimited)
[    0.000000] random 0000 0000 0000 00000000 00000000: extract_entropy account returned: 8 
[    0.000000] random 0000 0000 0000 00000000 00000000: urand_change_num 2 extract_buf: pool_sig 00000000, data_sig fffffff9, bytes_mixed 20 00000000 00000000
[    0.000000] Initializing cgroup subsys cpuset
[    0.000000] Initializing cgroup subsys cpu
[    0.000000] Linux version 2.6.32.57 (dcashman@ubuntu) (gcc version 4.6.3 (Ubuntu/Linaro 4.6.3-1ubuntu5) ) #4 SMP Fri May 24 11:09:26 PDT 2013
[    0.000000] KERNEL supported cpus:
[    0.000000]   Intel GenuineIntel
[    0.000000]   AMD AuthenticAMD
[    0.000000]   NSC Geode by NSC
[    0.000000]   Cyrix CyrixInstead
[    0.000000]   Centaur CentaurHauls
[    0.000000]   Transmeta GenuineTMx86
[    0.000000]   Transmeta TransmetaCPU
[    0.000000]   UMC UMC UMC UMC
[    0.000000] BIOS-provided physical RAM map:
[    0.000000]  BIOS-e820: 0000000000000000 - 000000000009f000 (usable)
[    0.000000]  BIOS-e820: 000000000009f000 - 00000000000a0000 (reserved)
[    0.000000]  BIOS-e820: 00000000000ca000 - 00000000000cc000 (reserved)
[    0.000000]  BIOS-e820: 00000000000dc000 - 0000000000100000 (reserved)
[    0.000000]  BIOS-e820: 0000000000100000 - 000000003fee0000 (usable)
[    0.000000]  BIOS-e820: 000000003fee0000 - 000000003feff000 (ACPI data)
[    0.000000]  BIOS-e820: 000000003feff000 - 000000003ff00000 (ACPI NVS)
[    0.000000]  BIOS-e820: 000000003ff00000 - 0000000040000000 (usable)
[    0.000000]  BIOS-e820: 00000000e0000000 - 00000000f0000000 (reserved)
[    0.000000]  BIOS-e820: 00000000fec00000 - 00000000fec10000 (reserved)
[    0.000000]  BIOS-e820: 00000000fee00000 - 00000000fee01000 (reserved)
[    0.000000]  BIOS-e820: 00000000fffe0000 - 0000000100000000 (reserved)
[    0.000000] DMI present.
[    0.000000] Phoenix BIOS detected: BIOS may corrupt low RAM, working around it.
[    0.000000] e820 update range: 0000000000000000 - 0000000000010000 (usable) ==> (reserved)
[    0.000000] last_pfn = 0x40000 max_arch_pfn = 0x1000000
[    0.000000] MTRR default type: uncachable
[    0.000000] MTRR fixed ranges enabled:
[    0.000000]   00000-9FFFF write-back
[    0.000000]   A0000-BFFFF uncachable
[    0.000000]   C0000-CBFFF write-protect
[    0.000000]   CC000-EFFFF uncachable
[    0.000000]   F0000-FFFFF write-protect
[    0.000000] MTRR variable ranges enabled:
[    0.000000]   0 base 0000000000 mask FFC0000000 write-back
[    0.000000]   1 disabled
[    0.000000]   2 disabled
[    0.000000]   3 disabled
[    0.000000]   4 disabled
[    0.000000]   5 disabled
[    0.000000]   6 disabled
[    0.000000]   7 disabled
[    0.000000] x86 PAT enabled: cpu 0, old 0x0, new 0x7010600070106
[    0.000000] Scanning 0 areas for low memory corruption
[    0.000000] modified physical RAM map:
[    0.000000]  modified: 0000000000000000 - 0000000000010000 (reserved)
[    0.000000]  modified: 0000000000010000 - 000000000009f000 (usable)
[    0.000000]  modified: 000000000009f000 - 00000000000a0000 (reserved)
[    0.000000]  modified: 00000000000ca000 - 00000000000cc000 (reserved)
[    0.000000]  modified: 00000000000dc000 - 0000000000100000 (reserved)
[    0.000000]  modified: 0000000000100000 - 000000003fee0000 (usable)
[    0.000000]  modified: 000000003fee0000 - 000000003feff000 (ACPI data)
[    0.000000]  modified: 000000003feff000 - 000000003ff00000 (ACPI NVS)
[    0.000000]  modified: 000000003ff00000 - 0000000040000000 (usable)
[    0.000000]  modified: 00000000e0000000 - 00000000f0000000 (reserved)
[    0.000000]  modified: 00000000fec00000 - 00000000fec10000 (reserved)
[    0.000000]  modified: 00000000fee00000 - 00000000fee01000 (reserved)
[    0.000000]  modified: 00000000fffe0000 - 0000000100000000 (reserved)
[    0.000000] initial memory mapped : 0 - 01e00000
[    0.000000] init_memory_mapping: 0000000000000000-00000000379fe000
[    0.000000] NX (Execute Disable) protection: active
[    0.000000]  0000000000 - 0000200000 page 4k
[    0.000000]  0000200000 - 0037800000 page 2M
[    0.000000]  0037800000 - 00379fe000 page 4k
[    0.000000] kernel direct mapping tables up to 379fe000 @ 10000-16000
[    0.000000] RAMDISK: 2dcfc000 - 32e758c3
[    0.000000] ACPI: RSDP 000f6b80 00024 (v02 PTLTD )
[    0.000000] ACPI: XSDT 3feed636 0005C (v01 INTEL  440BX    06040000 VMW  01324272)
[    0.000000] ACPI: FACP 3fefee98 000F4 (v04 INTEL  440BX    06040000 PTL  000F4240)
[    0.000000] ACPI: DSDT 3feee366 10B32 (v01 PTLTD  Custom   06040000 MSFT 03000001)
[    0.000000] ACPI: FACS 3fefffc0 00040
[    0.000000] ACPI: BOOT 3feee33e 00028 (v01 PTLTD  $SBFTBL$ 06040000  LTP 00000001)
[    0.000000] ACPI: APIC 3feedc3e 003C2 (v01 PTLTD  ? APIC   06040000  LTP 00000000)
[    0.000000] ACPI: MCFG 3feedc02 0003C (v01 PTLTD  $PCITBL$ 06040000  LTP 00000001)
[    0.000000] ACPI: SRAT 3feed732 004D0 (v02 VMWARE MEMPLUG  06040000 VMW  00000001)
[    0.000000] ACPI: HPET 3feed6fa 00038 (v01 VMWARE VMW HPET 06040000 VMW  00000001)
[    0.000000] ACPI: WAET 3feed6d2 00028 (v01 VMWARE VMW WAET 06040000 VMW  00000001)
[    0.000000] ACPI: Local APIC address 0xfee00000
[    0.000000] 134MB HIGHMEM available.
[    0.000000] 889MB LOWMEM available.
[    0.000000]   mapped low ram: 0 - 379fe000
[    0.000000]   low ram: 0 - 379fe000
[    0.000000]   node 0 low ram: 00000000 - 379fe000
[    0.000000]   node 0 bootmap 00012000 - 00018f40
[    0.000000] (9 early reservations) ==> bootmem [0000000000 - 00379fe000]
[    0.000000]   #0 [0000000000 - 0000001000]   BIOS data page ==> [0000000000 - 0000001000]
[    0.000000]   #1 [0000001000 - 0000002000]    EX TRAMPOLINE ==> [0000001000 - 0000002000]
[    0.000000]   #2 [0000006000 - 0000007000]       TRAMPOLINE ==> [0000006000 - 0000007000]
[    0.000000]   #3 [0001000000 - 0001a75ff8]    TEXT DATA BSS ==> [0001000000 - 0001a75ff8]
[    0.000000]   #4 [002dcfc000 - 0032e758c3]          RAMDISK ==> [002dcfc000 - 0032e758c3]
[    0.000000]   #5 [000009f000 - 0000100000]    BIOS reserved ==> [000009f000 - 0000100000]
[    0.000000]   #6 [0001a76000 - 0001a851c0]              BRK ==> [0001a76000 - 0001a851c0]
[    0.000000]   #7 [0000010000 - 0000012000]          PGTABLE ==> [0000010000 - 0000012000]
[    0.000000]   #8 [0000012000 - 0000019000]          BOOTMAP ==> [0000012000 - 0000019000]
[    0.000000] found SMP MP-table at [c00f6bf0] f6bf0
[    0.000000] Zone PFN ranges:
[    0.000000]   DMA      0x00000010 -> 0x00001000
[    0.000000]   Normal   0x00001000 -> 0x000379fe
[    0.000000]   HighMem  0x000379fe -> 0x00040000
[    0.000000] Movable zone start PFN for each node
[    0.000000] early_node_map[3] active PFN ranges
[    0.000000]     0: 0x00000010 -> 0x0000009f
[    0.000000]     0: 0x00000100 -> 0x0003fee0
[    0.000000]     0: 0x0003ff00 -> 0x00040000
[    0.000000] On node 0 totalpages: 261999
[    0.000000] free_area_init_node: node 0, pgdat c1715200, node_mem_map c1a87200
[    0.000000]   DMA zone: 32 pages used for memmap
[    0.000000]   DMA zone: 0 pages reserved
[    0.000000]   DMA zone: 3951 pages, LIFO batch:0
[    0.000000]   Normal zone: 1748 pages used for memmap
[    0.000000]   Normal zone: 221994 pages, LIFO batch:31
[    0.000000]   HighMem zone: 269 pages used for memmap
[    0.000000]   HighMem zone: 34005 pages, LIFO batch:7
[    0.000000] Using APIC driver default
[    0.000000] ACPI: PM-Timer IO Port: 0x1008
[    0.000000] ACPI: Local APIC address 0xfee00000
[    0.000000] ACPI: LAPIC (acpi_id[0x00] lapic_id[0x00] enabled)
[    0.000000] ACPI: LAPIC (acpi_id[0x01] lapic_id[0x02] disabled)
[    0.000000] ACPI: LAPIC (acpi_id[0x02] lapic_id[0x04] disabled)
[    0.000000] ACPI: LAPIC (acpi_id[0x03] lapic_id[0x06] disabled)
[    0.000000] ACPI: LAPIC (acpi_id[0x04] lapic_id[0x08] disabled)
[    0.000000] ACPI: LAPIC (acpi_id[0x05] lapic_id[0x0a] disabled)
[    0.000000] ACPI: LAPIC (acpi_id[0x06] lapic_id[0x0c] disabled)
[    0.000000] ACPI: LAPIC (acpi_id[0x07] lapic_id[0x0e] disabled)
[    0.000000] ACPI: LAPIC (acpi_id[0x08] lapic_id[0x10] disabled)
[    0.000000] ACPI: LAPIC (acpi_id[0x09] lapic_id[0x12] disabled)
[    0.000000] ACPI: LAPIC (acpi_id[0x0a] lapic_id[0x14] disabled)
[    0.000000] ACPI: LAPIC (acpi_id[0x0b] lapic_id[0x16] disabled)
[    0.000000] ACPI: LAPIC (acpi_id[0x0c] lapic_id[0x18] disabled)
[    0.000000] ACPI: LAPIC (acpi_id[0x0d] lapic_id[0x1a] disabled)
[    0.000000] ACPI: LAPIC (acpi_id[0x0e] lapic_id[0x1c] disabled)
[    0.000000] ACPI: LAPIC (acpi_id[0x0f] lapic_id[0x1e] disabled)
[    0.000000] ACPI: LAPIC (acpi_id[0x10] lapic_id[0x20] disabled)
[    0.000000] ACPI: LAPIC (acpi_id[0x11] lapic_id[0x22] disabled)
[    0.000000] ACPI: LAPIC (acpi_id[0x12] lapic_id[0x24] disabled)
[    0.000000] ACPI: LAPIC (acpi_id[0x13] lapic_id[0x26] disabled)
[    0.000000] ACPI: LAPIC (acpi_id[0x14] lapic_id[0x28] disabled)
[    0.000000] ACPI: LAPIC (acpi_id[0x15] lapic_id[0x2a] disabled)
[    0.000000] ACPI: LAPIC (acpi_id[0x16] lapic_id[0x2c] disabled)
[    0.000000] ACPI: LAPIC (acpi_id[0x17] lapic_id[0x2e] disabled)
[    0.000000] ACPI: LAPIC (acpi_id[0x18] lapic_id[0x30] disabled)
[    0.000000] ACPI: LAPIC (acpi_id[0x19] lapic_id[0x32] disabled)
[    0.000000] ACPI: LAPIC (acpi_id[0x1a] lapic_id[0x34] disabled)
[    0.000000] ACPI: LAPIC (acpi_id[0x1b] lapic_id[0x36] disabled)
[    0.000000] ACPI: LAPIC (acpi_id[0x1c] lapic_id[0x38] disabled)
[    0.000000] ACPI: LAPIC (acpi_id[0x1d] lapic_id[0x3a] disabled)
[    0.000000] ACPI: LAPIC (acpi_id[0x1e] lapic_id[0x3c] disabled)
[    0.000000] ACPI: LAPIC (acpi_id[0x1f] lapic_id[0x3e] disabled)
[    0.000000] ACPI: LAPIC (acpi_id[0x20] lapic_id[0x40] disabled)
[    0.000000] ACPI: LAPIC (acpi_id[0x21] lapic_id[0x42] disabled)
[    0.000000] ACPI: LAPIC (acpi_id[0x22] lapic_id[0x44] disabled)
[    0.000000] ACPI: LAPIC (acpi_id[0x23] lapic_id[0x46] disabled)
[    0.000000] ACPI: LAPIC (acpi_id[0x24] lapic_id[0x48] disabled)
[    0.000000] ACPI: LAPIC (acpi_id[0x25] lapic_id[0x4a] disabled)
[    0.000000] ACPI: LAPIC (acpi_id[0x26] lapic_id[0x4c] disabled)
[    0.000000] ACPI: LAPIC (acpi_id[0x27] lapic_id[0x4e] disabled)
[    0.000000] ACPI: LAPIC (acpi_id[0x28] lapic_id[0x50] disabled)
[    0.000000] ACPI: LAPIC (acpi_id[0x29] lapic_id[0x52] disabled)
[    0.000000] ACPI: LAPIC (acpi_id[0x2a] lapic_id[0x54] disabled)
[    0.000000] ACPI: LAPIC (acpi_id[0x2b] lapic_id[0x56] disabled)
[    0.000000] ACPI: LAPIC (acpi_id[0x2c] lapic_id[0x58] disabled)
[    0.000000] ACPI: LAPIC (acpi_id[0x2d] lapic_id[0x5a] disabled)
[    0.000000] ACPI: LAPIC (acpi_id[0x2e] lapic_id[0x5c] disabled)
[    0.000000] ACPI: LAPIC (acpi_id[0x2f] lapic_id[0x5e] disabled)
[    0.000000] ACPI: LAPIC (acpi_id[0x30] lapic_id[0x60] disabled)
[    0.000000] ACPI: LAPIC (acpi_id[0x31] lapic_id[0x62] disabled)
[    0.000000] ACPI: LAPIC (acpi_id[0x32] lapic_id[0x64] disabled)
[    0.000000] ACPI: LAPIC (acpi_id[0x33] lapic_id[0x66] disabled)
[    0.000000] ACPI: LAPIC (acpi_id[0x34] lapic_id[0x68] disabled)
[    0.000000] ACPI: LAPIC (acpi_id[0x35] lapic_id[0x6a] disabled)
[    0.000000] ACPI: LAPIC (acpi_id[0x36] lapic_id[0x6c] disabled)
[    0.000000] ACPI: LAPIC (acpi_id[0x37] lapic_id[0x6e] disabled)
[    0.000000] ACPI: LAPIC (acpi_id[0x38] lapic_id[0x70] disabled)
[    0.000000] ACPI: LAPIC (acpi_id[0x39] lapic_id[0x72] disabled)
[    0.000000] ACPI: LAPIC (acpi_id[0x3a] lapic_id[0x74] disabled)
[    0.000000] ACPI: LAPIC (acpi_id[0x3b] lapic_id[0x76] disabled)
[    0.000000] ACPI: LAPIC (acpi_id[0x3c] lapic_id[0x78] disabled)
[    0.000000] ACPI: LAPIC (acpi_id[0x3d] lapic_id[0x7a] disabled)
[    0.000000] ACPI: LAPIC (acpi_id[0x3e] lapic_id[0x7c] disabled)
[    0.000000] ACPI: LAPIC (acpi_id[0x3f] lapic_id[0x7e] disabled)
[    0.000000] ACPI: LAPIC_NMI (acpi_id[0x00] high edge lint[0x1])
[    0.000000] ACPI: LAPIC_NMI (acpi_id[0x01] high edge lint[0x1])
[    0.000000] ACPI: LAPIC_NMI (acpi_id[0x02] high edge lint[0x1])
[    0.000000] ACPI: LAPIC_NMI (acpi_id[0x03] high edge lint[0x1])
[    0.000000] ACPI: LAPIC_NMI (acpi_id[0x04] high edge lint[0x1])
[    0.000000] ACPI: LAPIC_NMI (acpi_id[0x05] high edge lint[0x1])
[    0.000000] ACPI: LAPIC_NMI (acpi_id[0x06] high edge lint[0x1])
[    0.000000] ACPI: LAPIC_NMI (acpi_id[0x07] high edge lint[0x1])
[    0.000000] ACPI: LAPIC_NMI (acpi_id[0x08] high edge lint[0x1])
[    0.000000] ACPI: LAPIC_NMI (acpi_id[0x09] high edge lint[0x1])
[    0.000000] ACPI: LAPIC_NMI (acpi_id[0x0a] high edge lint[0x1])
[    0.000000] ACPI: LAPIC_NMI (acpi_id[0x0b] high edge lint[0x1])
[    0.000000] ACPI: LAPIC_NMI (acpi_id[0x0c] high edge lint[0x1])
[    0.000000] ACPI: LAPIC_NMI (acpi_id[0x0d] high edge lint[0x1])
[    0.000000] ACPI: LAPIC_NMI (acpi_id[0x0e] high edge lint[0x1])
[    0.000000] ACPI: LAPIC_NMI (acpi_id[0x0f] high edge lint[0x1])
[    0.000000] ACPI: LAPIC_NMI (acpi_id[0x10] high edge lint[0x1])
[    0.000000] ACPI: LAPIC_NMI (acpi_id[0x11] high edge lint[0x1])
[    0.000000] ACPI: LAPIC_NMI (acpi_id[0x12] high edge lint[0x1])
[    0.000000] ACPI: LAPIC_NMI (acpi_id[0x13] high edge lint[0x1])
[    0.000000] ACPI: LAPIC_NMI (acpi_id[0x14] high edge lint[0x1])
[    0.000000] ACPI: LAPIC_NMI (acpi_id[0x15] high edge lint[0x1])
[    0.000000] ACPI: LAPIC_NMI (acpi_id[0x16] high edge lint[0x1])
[    0.000000] ACPI: LAPIC_NMI (acpi_id[0x17] high edge lint[0x1])
[    0.000000] ACPI: LAPIC_NMI (acpi_id[0x18] high edge lint[0x1])
[    0.000000] ACPI: LAPIC_NMI (acpi_id[0x19] high edge lint[0x1])
[    0.000000] ACPI: LAPIC_NMI (acpi_id[0x1a] high edge lint[0x1])
[    0.000000] ACPI: LAPIC_NMI (acpi_id[0x1b] high edge lint[0x1])
[    0.000000] ACPI: LAPIC_NMI (acpi_id[0x1c] high edge lint[0x1])
[    0.000000] ACPI: LAPIC_NMI (acpi_id[0x1d] high edge lint[0x1])
[    0.000000] ACPI: LAPIC_NMI (acpi_id[0x1e] high edge lint[0x1])
[    0.000000] ACPI: LAPIC_NMI (acpi_id[0x1f] high edge lint[0x1])
[    0.000000] ACPI: LAPIC_NMI (acpi_id[0x20] high edge lint[0x1])
[    0.000000] ACPI: LAPIC_NMI (acpi_id[0x21] high edge lint[0x1])
[    0.000000] ACPI: LAPIC_NMI (acpi_id[0x22] high edge lint[0x1])
[    0.000000] ACPI: LAPIC_NMI (acpi_id[0x23] high edge lint[0x1])
[    0.000000] ACPI: LAPIC_NMI (acpi_id[0x24] high edge lint[0x1])
[    0.000000] ACPI: LAPIC_NMI (acpi_id[0x25] high edge lint[0x1])
[    0.000000] ACPI: LAPIC_NMI (acpi_id[0x26] high edge lint[0x1])
[    0.000000] ACPI: LAPIC_NMI (acpi_id[0x27] high edge lint[0x1])
[    0.000000] ACPI: LAPIC_NMI (acpi_id[0x28] high edge lint[0x1])
[    0.000000] ACPI: LAPIC_NMI (acpi_id[0x29] high edge lint[0x1])
[    0.000000] ACPI: LAPIC_NMI (acpi_id[0x2a] high edge lint[0x1])
[    0.000000] ACPI: LAPIC_NMI (acpi_id[0x2b] high edge lint[0x1])
[    0.000000] ACPI: LAPIC_NMI (acpi_id[0x2c] high edge lint[0x1])
[    0.000000] ACPI: LAPIC_NMI (acpi_id[0x2d] high edge lint[0x1])
[    0.000000] ACPI: LAPIC_NMI (acpi_id[0x2e] high edge lint[0x1])
[    0.000000] ACPI: LAPIC_NMI (acpi_id[0x2f] high edge lint[0x1])
[    0.000000] ACPI: LAPIC_NMI (acpi_id[0x30] high edge lint[0x1])
[    0.000000] ACPI: LAPIC_NMI (acpi_id[0x31] high edge lint[0x1])
[    0.000000] ACPI: LAPIC_NMI (acpi_id[0x32] high edge lint[0x1])
[    0.000000] ACPI: LAPIC_NMI (acpi_id[0x33] high edge lint[0x1])
[    0.000000] ACPI: LAPIC_NMI (acpi_id[0x34] high edge lint[0x1])
[    0.000000] ACPI: LAPIC_NMI (acpi_id[0x35] high edge lint[0x1])
[    0.000000] ACPI: LAPIC_NMI (acpi_id[0x36] high edge lint[0x1])
[    0.000000] ACPI: LAPIC_NMI (acpi_id[0x37] high edge lint[0x1])
[    0.000000] ACPI: LAPIC_NMI (acpi_id[0x38] high edge lint[0x1])
[    0.000000] ACPI: LAPIC_NMI (acpi_id[0x39] high edge lint[0x1])
[    0.000000] ACPI: LAPIC_NMI (acpi_id[0x3a] high edge lint[0x1])
[    0.000000] ACPI: LAPIC_NMI (acpi_id[0x3b] high edge lint[0x1])
[    0.000000] ACPI: LAPIC_NMI (acpi_id[0x3c] high edge lint[0x1])
[    0.000000] ACPI: LAPIC_NMI (acpi_id[0x3d] high edge lint[0x1])
[    0.000000] ACPI: LAPIC_NMI (acpi_id[0x3e] high edge lint[0x1])
[    0.000000] ACPI: LAPIC_NMI (acpi_id[0x3f] high edge lint[0x1])
[    0.000000] ACPI: Skipping IOAPIC probe due to 'noapic' option.
[    0.000000] Using ACPI for processor (LAPIC) configuration information
[    0.000000] ACPI: HPET id: 0x8086af01 base: 0xfed00000
[    0.000000] Intel MultiProcessor Specification v1.4
[    0.000000]     Virtual Wire compatibility mode.
[    0.000000] MPTABLE: OEM ID: INTEL   
[    0.000000] MPTABLE: Product ID: 440BX       
[    0.000000] MPTABLE: APIC at: 0xFEE00000
[    0.000000] I/O APIC #1 Version 17 at 0xFEC00000.
[    0.000000] Processors: 1
[    0.000000] 64 Processors exceeds NR_CPUS limit of 8
[    0.000000] SMP: Allowing 8 CPUs, 7 hotplug CPUs
[    0.000000] nr_irqs_gsi: 24
[    0.000000] PM: Registered nosave memory: 000000000009f000 - 00000000000a0000
[    0.000000] PM: Registered nosave memory: 00000000000a0000 - 00000000000ca000
[    0.000000] PM: Registered nosave memory: 00000000000ca000 - 00000000000cc000
[    0.000000] PM: Registered nosave memory: 00000000000cc000 - 00000000000dc000
[    0.000000] PM: Registered nosave memory: 00000000000dc000 - 0000000000100000
[    0.000000] Allocating PCI resources starting at 40000000 (gap: 40000000:a0000000)
[    0.000000] Booting paravirtualized kernel on bare hardware
[    0.000000] NR_CPUS:8 nr_cpumask_bits:8 nr_cpu_ids:8 nr_node_ids:1
[    0.000000] PERCPU: Embedded 15 pages/cpu @c2400000 s39320 r0 d22120 u262144
[    0.000000] pcpu-alloc: s39320 r0 d22120 u262144 alloc=1*2097152
[    0.000000] pcpu-alloc: [0] 0 1 2 3 4 5 6 7 
[    0.000000] Built 1 zonelists in Zone order, mobility grouping on.  Total pages: 259950
[    0.000000] Kernel command line: BOOT_IMAGE=/boot/vmlinuz-2.6.32.57 root=UUID=007b598c-390d-4c65-84a1-4ff752d48633 ro quiet splash maxcpus=0
[    0.000000] PID hash table entries: 4096 (order: 2, 16384 bytes)
[    0.000000] Dentry cache hash table entries: 131072 (order: 7, 524288 bytes)
[    0.000000] Inode-cache hash table entries: 65536 (order: 6, 262144 bytes)
[    0.000000] Enabling fast FPU save and restore... done.
[    0.000000] Enabling unmasked SIMD FPU exception support... done.
[    0.000000] Initializing CPU#0
[    0.000000] xsave/xrstor: enabled xstate_bv 0x7, cntxt size 0x340
[    0.000000] allocated 5242560 bytes of page_cgroup
[    0.000000] please try 'cgroup_disable=memory' option if you don't want memory cgroups
[    0.000000] Initializing HighMem for node 0 (000379fe:00040000)
[    0.000000] Memory: 938260k/1048576k available (4839k kernel code, 108848k reserved, 2518k data, 652k init, 137096k highmem)
[    0.000000] virtual kernel memory layout:
[    0.000000]     fixmap  : 0xfff1e000 - 0xfffff000   ( 900 kB)
[    0.000000]     pkmap   : 0xffa00000 - 0xffc00000   (2048 kB)
[    0.000000]     vmalloc : 0xf81fe000 - 0xff9fe000   ( 120 MB)
[    0.000000]     lowmem  : 0xc0000000 - 0xf79fe000   ( 889 MB)
[    0.000000]       .init : 0xc1730000 - 0xc17d3000   ( 652 kB)
[    0.000000]       .data : 0xc14b9cce - 0xc172f764   (2518 kB)
[    0.000000]       .text : 0xc1000000 - 0xc14b9cce   (4839 kB)
[    0.000000] Checking if this processor honours the WP bit even in supervisor mode...Ok.
[    0.000000] SLUB: Genslabs=13, HWalign=64, Order=0-3, MinObjects=0, CPUs=8, Nodes=1
[    0.000000] Hierarchical RCU implementation.
[    0.000000] NR_IRQS:2304 nr_irqs:472
[    0.000000] Extended CMOS year: 2000
[    0.000000] Console: colour VGA+ 80x25
[    0.000000] console [tty0] enabled
[    0.000000] hpet clockevent registered
[    0.000000] TSC freq read from hypervisor : 2394.620 MHz
[    0.000000] Detected 2394.620 MHz processor.
[    0.000003] Calibrating delay loop (skipped) preset value.. 4789.24 BogoMIPS (lpj=9578480)
[    0.000012] Security Framework initialized
[    0.000015] SELinux:  Disabled at boot.
[    0.000019] Mount-cache hash table entries: 512
[    0.000118] Initializing cgroup subsys cpuacct
[    0.000121] Initializing cgroup subsys memory
[    0.000125] Initializing cgroup subsys devices
[    0.000126] Initializing cgroup subsys freezer
[    0.000152] CPU: Physical Processor ID: 0
[    0.000169] CPU: L1 I cache: 32K, L1 D cache: 32K
[    0.000171] CPU: L2 cache: 256K
[    0.000180] CPU: L3 cache: 4096K
[    0.000187] mce: CPU supports 0 MCE banks
[    0.000200] Performance Events: no PMU driver, software events only.
[    0.000211] Checking 'hlt' instruction... OK.
[    0.017604] SMP alternatives: switching to UP code
[    0.033451] ACPI: Core revision 20090903
[    0.039561] ACPI: setting ELCR to 0200 (from 0e20)
[    0.040664] ftrace: converting mcount calls to 0f 1f 44 00 00
[    0.040670] ftrace: allocating 22631 entries in 45 pages
[    0.058169] CANARY value: 79770560 for PID: 1
[    0.058210] Not enabling x2apic, Intr-remapping init failed.
[    0.058211] Enabling APIC mode:  Flat.  Using 1 I/O APICs
[    0.058219] SMP mode deactivated.
[    0.058244] SMP disabled
[    0.058300] Brought up 1 CPUs
[    0.058301] Total of 1 processors activated (4789.24 BogoMIPS).
[    0.058305] CPU0 attaching NULL sched-domain.
[    0.058375] devtmpfs: initialized
[    0.058481] sysctl table check failed: /kernel/random/now_input .1.40.7 Unknown sysctl binary path
[    0.058722] Pid: 1, comm: swapper Not tainted 2.6.32.57 #4
[    0.058723] Call Trace:
[    0.058727]  [<c14a8a0e>] ? printk+0x1d/0x1f
[    0.058730]  [<c107b56f>] set_fail+0x4f/0x60
[    0.058732]  [<c107b8b3>] sysctl_check_table+0x333/0x620
[    0.058734]  [<c107b8cc>] sysctl_check_table+0x34c/0x620
[    0.058735]  [<c107b8cc>] sysctl_check_table+0x34c/0x620
[    0.058739]  [<c1746d48>] sysctl_init+0x25/0x29
[    0.058741]  [<c1003042>] do_one_initcall+0x32/0x1a0
[    0.058743]  [<c1746d23>] ? sysctl_init+0x0/0x29
[    0.058746]  [<c17308e7>] kernel_init+0x12d/0x17a
[    0.058747]  [<c17307ba>] ? kernel_init+0x0/0x17a
[    0.058749]  [<c1009b07>] kernel_thread_helper+0x7/0x10
[    0.058751] sysctl table check failed: /kernel/random/now_blocking .1.40.8 Unknown sysctl binary path
[    0.058980] Pid: 1, comm: swapper Not tainted 2.6.32.57 #4
[    0.058981] Call Trace:
[    0.058983]  [<c14a8a0e>] ? printk+0x1d/0x1f
[    0.058984]  [<c107b56f>] set_fail+0x4f/0x60
[    0.058986]  [<c107b8b3>] sysctl_check_table+0x333/0x620
[    0.058987]  [<c107b8cc>] sysctl_check_table+0x34c/0x620
[    0.058989]  [<c107b8cc>] sysctl_check_table+0x34c/0x620
[    0.058991]  [<c1746d48>] sysctl_init+0x25/0x29
[    0.058993]  [<c1003042>] do_one_initcall+0x32/0x1a0
[    0.058995]  [<c1746d23>] ? sysctl_init+0x0/0x29
[    0.058996]  [<c17308e7>] kernel_init+0x12d/0x17a
[    0.058998]  [<c17307ba>] ? kernel_init+0x0/0x17a
[    0.058999]  [<c1009b07>] kernel_thread_helper+0x7/0x10
[    0.059001] sysctl table check failed: /kernel/random/now_nonblocking .1.40.9 Unknown sysctl binary path
[    0.059265] Pid: 1, comm: swapper Not tainted 2.6.32.57 #4
[    0.059265] Call Trace:
[    0.059267]  [<c14a8a0e>] ? printk+0x1d/0x1f
[    0.059269]  [<c107b56f>] set_fail+0x4f/0x60
[    0.059270]  [<c107b8b3>] sysctl_check_table+0x333/0x620
[    0.059272]  [<c107b8cc>] sysctl_check_table+0x34c/0x620
[    0.059273]  [<c107b8cc>] sysctl_check_table+0x34c/0x620
[    0.059276]  [<c1746d48>] sysctl_init+0x25/0x29
[    0.059277]  [<c1003042>] do_one_initcall+0x32/0x1a0
[    0.059279]  [<c1746d23>] ? sysctl_init+0x0/0x29
[    0.059281]  [<c17308e7>] kernel_init+0x12d/0x17a
[    0.059282]  [<c17307ba>] ? kernel_init+0x0/0x17a
[    0.059284]  [<c1009b07>] kernel_thread_helper+0x7/0x10
[    0.059285] sysctl table check failed: /kernel/random/nb_input_bytes .1.40.10 Unknown sysctl binary path
[    0.059515] Pid: 1, comm: swapper Not tainted 2.6.32.57 #4
[    0.059516] Call Trace:
[    0.059517]  [<c14a8a0e>] ? printk+0x1d/0x1f
[    0.059519]  [<c107b56f>] set_fail+0x4f/0x60
[    0.059520]  [<c107b8b3>] sysctl_check_table+0x333/0x620
[    0.059522]  [<c107b8cc>] sysctl_check_table+0x34c/0x620
[    0.059524]  [<c107b8cc>] sysctl_check_table+0x34c/0x620
[    0.059526]  [<c1746d48>] sysctl_init+0x25/0x29
[    0.059527]  [<c1003042>] do_one_initcall+0x32/0x1a0
[    0.059529]  [<c1746d23>] ? sysctl_init+0x0/0x29
[    0.059531]  [<c17308e7>] kernel_init+0x12d/0x17a
[    0.059532]  [<c17307ba>] ? kernel_init+0x0/0x17a
[    0.059534]  [<c1009b07>] kernel_thread_helper+0x7/0x10
[    0.059535] sysctl table check failed: /kernel/random/nb_stir_count .1.40.11 Unknown sysctl binary path
[    0.059765] Pid: 1, comm: swapper Not tainted 2.6.32.57 #4
[    0.059765] Call Trace:
[    0.059767]  [<c14a8a0e>] ? printk+0x1d/0x1f
[    0.059768]  [<c107b56f>] set_fail+0x4f/0x60
[    0.059770]  [<c107b8b3>] sysctl_check_table+0x333/0x620
[    0.059771]  [<c107b8cc>] sysctl_check_table+0x34c/0x620
[    0.059773]  [<c107b8cc>] sysctl_check_table+0x34c/0x620
[    0.059775]  [<c1746d48>] sysctl_init+0x25/0x29
[    0.059777]  [<c1003042>] do_one_initcall+0x32/0x1a0
[    0.059779]  [<c1746d23>] ? sysctl_init+0x0/0x29
[    0.059780]  [<c17308e7>] kernel_init+0x12d/0x17a
[    0.059781]  [<c17307ba>] ? kernel_init+0x0/0x17a
[    0.059783]  [<c1009b07>] kernel_thread_helper+0x7/0x10
[    0.059784] sysctl table check failed: /kernel/random/nb_reentry_count .1.40.12 Unknown sysctl binary path
[    0.060016] Pid: 1, comm: swapper Not tainted 2.6.32.57 #4
[    0.060016] Call Trace:
[    0.060018]  [<c14a8a0e>] ? printk+0x1d/0x1f
[    0.060019]  [<c107b56f>] set_fail+0x4f/0x60
[    0.060021]  [<c107b8b3>] sysctl_check_table+0x333/0x620
[    0.060022]  [<c107b8cc>] sysctl_check_table+0x34c/0x620
[    0.060024]  [<c107b8cc>] sysctl_check_table+0x34c/0x620
[    0.060026]  [<c1746d48>] sysctl_init+0x25/0x29
[    0.060027]  [<c1003042>] do_one_initcall+0x32/0x1a0
[    0.060030]  [<c1746d23>] ? sysctl_init+0x0/0x29
[    0.060031]  [<c17308e7>] kernel_init+0x12d/0x17a
[    0.060032]  [<c17307ba>] ? kernel_init+0x0/0x17a
[    0.060034]  [<c1009b07>] kernel_thread_helper+0x7/0x10
[    0.060202] RANDOM - __seed init called.
[    0.060202] RANDOM - __seed init called.
[    0.060203] RANDOM - __seed init called.
[    0.060204] RANDOM - __random32 called. Change num 1.  Value: 97305ca5	7ac4e314	874f43ab
[    0.060206] RANDOM - __random32 called. Change num 2.  Value: 5ca5394	ac4e3148	8757a6ab
[    0.060207] RANDOM - __random32 called. Change num 3.  Value: a53949f7	c4e3148e	4d57bd52
[    0.060208] RANDOM - __random32 called. Change num 4.  Value: 949f7180	4e3148eb	7aa4fd4a
[    0.060210] RANDOM - __random32 called. Change num 5.  Value: f7180f55	e3148ebb	fa95f062
[    0.060211] RANDOM - __random32 called. Change num 6.  Value: 80f55ede	3148ebb7	e0c5c74e
[    0.060212] RANDOM - random32 init called.  Value: 80f55ede	3148ebb7	e0c5c74e
[    0.060218] regulator: core version 0.5
[    0.060284] Time: 23:49:12  Date: 05/24/13
[    0.060318] NET: Registered protocol family 16
[    0.060381] EISA bus registered
[    0.061136] ACPI: bus type pci registered
[    0.061231] PCI: MCFG configuration 0: base e0000000 segment 0 buses 0 - 255
[    0.061233] PCI: MCFG area at e0000000 reserved in E820
[    0.061234] PCI: Using MMCONFIG for extended config space
[    0.061235] PCI: Using configuration type 1 for base access
[    0.061679] bio: create slab <bio-0> at 0
[    0.062872] ACPI: EC: Look up EC in DSDT
[    0.101475] ACPI: BIOS _OSI(Linux) query ignored
[    0.107681] ACPI: Interpreter enabled
[    0.107684] ACPI: (supports S0 S1 S4 S5)
[    0.107696] ACPI: Using PIC for interrupt routing
[    0.190833] ACPI: No dock devices found.
[    0.191692] ACPI: PCI Root Bridge [PCI0] (0000:00)
[    0.193363] pci 0000:00:07.1: reg 20 io port: [0x10c0-0x10cf]
[    0.193918] pci 0000:00:07.3: quirk: region 1000-103f claimed by PIIX4 ACPI
[    0.193931] pci 0000:00:07.3: quirk: region 1040-104f claimed by PIIX4 SMB
[    0.194512] pci 0000:00:07.7: reg 10 io port: [0x1080-0x10bf]
[    0.194907] pci 0000:00:07.7: reg 14 64bit mmio: [0xc8000000-0xc8001fff]
[    0.196201] pci 0000:00:0f.0: reg 10 io port: [0x10d0-0x10df]
[    0.196245] pci 0000:00:0f.0: reg 14 32bit mmio pref: [0xd0000000-0xd7ffffff]
[    0.196287] pci 0000:00:0f.0: reg 18 32bit mmio: [0xc8800000-0xc8ffffff]
[    0.196450] pci 0000:00:0f.0: reg 30 32bit mmio pref: [0x000000-0x007fff]
[    0.197044] pci 0000:00:10.0: reg 10 io port: [0x1400-0x14ff]
[    0.197437] pci 0000:00:10.0: reg 14 64bit mmio: [0xc8040000-0xc805ffff]
[    0.197796] pci 0000:00:10.0: reg 1c 64bit mmio: [0xc8020000-0xc803ffff]
[    0.197883] pci 0000:00:10.0: reg 30 32bit mmio pref: [0x000000-0x003fff]
[    0.199395] pci 0000:00:15.0: PME# supported from D0 D3hot D3cold
[    0.199416] pci 0000:00:15.0: PME# disabled
[    0.200365] pci 0000:00:15.1: PME# supported from D0 D3hot D3cold
[    0.200386] pci 0000:00:15.1: PME# disabled
[    0.201304] pci 0000:00:15.2: PME# supported from D0 D3hot D3cold
[    0.201325] pci 0000:00:15.2: PME# disabled
[    0.202260] pci 0000:00:15.3: PME# supported from D0 D3hot D3cold
[    0.202281] pci 0000:00:15.3: PME# disabled
[    0.203198] pci 0000:00:15.4: PME# supported from D0 D3hot D3cold
[    0.203219] pci 0000:00:15.4: PME# disabled
[    0.204154] pci 0000:00:15.5: PME# supported from D0 D3hot D3cold
[    0.204175] pci 0000:00:15.5: PME# disabled
[    0.205102] pci 0000:00:15.6: PME# supported from D0 D3hot D3cold
[    0.205123] pci 0000:00:15.6: PME# disabled
[    0.206053] pci 0000:00:15.7: PME# supported from D0 D3hot D3cold
[    0.206075] pci 0000:00:15.7: PME# disabled
[    0.206999] pci 0000:00:16.0: PME# supported from D0 D3hot D3cold
[    0.207020] pci 0000:00:16.0: PME# disabled
[    0.207952] pci 0000:00:16.1: PME# supported from D0 D3hot D3cold
[    0.207973] pci 0000:00:16.1: PME# disabled
[    0.208886] pci 0000:00:16.2: PME# supported from D0 D3hot D3cold
[    0.208909] pci 0000:00:16.2: PME# disabled
[    0.209818] pci 0000:00:16.3: PME# supported from D0 D3hot D3cold
[    0.209839] pci 0000:00:16.3: PME# disabled
[    0.210770] pci 0000:00:16.4: PME# supported from D0 D3hot D3cold
[    0.210791] pci 0000:00:16.4: PME# disabled
[    0.211808] pci 0000:00:16.5: PME# supported from D0 D3hot D3cold
[    0.211829] pci 0000:00:16.5: PME# disabled
[    0.212749] pci 0000:00:16.6: PME# supported from D0 D3hot D3cold
[    0.212770] pci 0000:00:16.6: PME# disabled
[    0.213698] pci 0000:00:16.7: PME# supported from D0 D3hot D3cold
[    0.213731] pci 0000:00:16.7: PME# disabled
[    0.214673] pci 0000:00:17.0: PME# supported from D0 D3hot D3cold
[    0.214695] pci 0000:00:17.0: PME# disabled
[    0.215628] pci 0000:00:17.1: PME# supported from D0 D3hot D3cold
[    0.215649] pci 0000:00:17.1: PME# disabled
[    0.216588] pci 0000:00:17.2: PME# supported from D0 D3hot D3cold
[    0.216610] pci 0000:00:17.2: PME# disabled
[    0.217546] pci 0000:00:17.3: PME# supported from D0 D3hot D3cold
[    0.217568] pci 0000:00:17.3: PME# disabled
[    0.218522] pci 0000:00:17.4: PME# supported from D0 D3hot D3cold
[    0.218544] pci 0000:00:17.4: PME# disabled
[    0.219412] pci 0000:00:17.5: PME# supported from D0 D3hot D3cold
[    0.219432] pci 0000:00:17.5: PME# disabled
[    0.220300] pci 0000:00:17.6: PME# supported from D0 D3hot D3cold
[    0.220320] pci 0000:00:17.6: PME# disabled
[    0.221188] pci 0000:00:17.7: PME# supported from D0 D3hot D3cold
[    0.221208] pci 0000:00:17.7: PME# disabled
[    0.222091] pci 0000:00:18.0: PME# supported from D0 D3hot D3cold
[    0.222112] pci 0000:00:18.0: PME# disabled
[    0.222969] pci 0000:00:18.1: PME# supported from D0 D3hot D3cold
[    0.222989] pci 0000:00:18.1: PME# disabled
[    0.223854] pci 0000:00:18.2: PME# supported from D0 D3hot D3cold
[    0.223875] pci 0000:00:18.2: PME# disabled
[    0.224726] pci 0000:00:18.3: PME# supported from D0 D3hot D3cold
[    0.224747] pci 0000:00:18.3: PME# disabled
[    0.225760] pci 0000:00:18.4: PME# supported from D0 D3hot D3cold
[    0.225782] pci 0000:00:18.4: PME# disabled
[    0.226707] pci 0000:00:18.5: PME# supported from D0 D3hot D3cold
[    0.226728] pci 0000:00:18.5: PME# disabled
[    0.227666] pci 0000:00:18.6: PME# supported from D0 D3hot D3cold
[    0.227688] pci 0000:00:18.6: PME# disabled
[    0.228643] pci 0000:00:18.7: PME# supported from D0 D3hot D3cold
[    0.228665] pci 0000:00:18.7: PME# disabled
[    0.229760] pci 0000:02:00.0: reg 20 io port: [0x20c0-0x20df]
[    0.230283] pci 0000:02:01.0: reg 10 io port: [0x2000-0x207f]
[    0.230537] pci 0000:02:01.0: reg 30 32bit mmio pref: [0x000000-0x00ffff]
[    0.231102] pci 0000:02:02.0: reg 10 io port: [0x2080-0x20bf]
[    0.231712] pci 0000:02:03.0: reg 10 32bit mmio: [0xc9000000-0xc9000fff]
[    0.232328] pci 0000:00:11.0: transparent bridge
[    0.232348] pci 0000:00:11.0: bridge io port: [0x2000-0x3fff]
[    0.232369] pci 0000:00:11.0: bridge 32bit mmio: [0xc9000000-0xca3fffff]
[    0.232409] pci 0000:00:11.0: bridge 64bit mmio pref: [0xd8400000-0xd89fffff]
[    0.232818] pci 0000:00:15.0: bridge io port: [0x4000-0x4fff]
[    0.232848] pci 0000:00:15.0: bridge 32bit mmio: [0xca400000-0xca4fffff]
[    0.232891] pci 0000:00:15.0: bridge 64bit mmio pref: [0xd8a00000-0xd8afffff]
[    0.233296] pci 0000:00:15.1: bridge io port: [0x8000-0x8fff]
[    0.233317] pci 0000:00:15.1: bridge 32bit mmio: [0xca800000-0xca8fffff]
[    0.233357] pci 0000:00:15.1: bridge 64bit mmio pref: [0xd8e00000-0xd8efffff]
[    0.233749] pci 0000:00:15.2: bridge io port: [0xc000-0xcfff]
[    0.233770] pci 0000:00:15.2: bridge 32bit mmio: [0xcac00000-0xcacfffff]
[    0.233810] pci 0000:00:15.2: bridge 64bit mmio pref: [0xd9200000-0xd92fffff]
[    0.234252] pci 0000:00:15.3: bridge 32bit mmio: [0xcb000000-0xcb0fffff]
[    0.234292] pci 0000:00:15.3: bridge 64bit mmio pref: [0xd9600000-0xd96fffff]
[    0.234701] pci 0000:00:15.4: bridge 32bit mmio: [0xcb400000-0xcb4fffff]
[    0.234741] pci 0000:00:15.4: bridge 64bit mmio pref: [0xd9a00000-0xd9afffff]
[    0.235176] pci 0000:00:15.5: bridge 32bit mmio: [0xcb800000-0xcb8fffff]
[    0.235216] pci 0000:00:15.5: bridge 64bit mmio pref: [0xd9e00000-0xd9efffff]
[    0.235642] pci 0000:00:15.6: bridge 32bit mmio: [0xcbc00000-0xcbcfffff]
[    0.235683] pci 0000:00:15.6: bridge 64bit mmio pref: [0xda200000-0xda2fffff]
[    0.236129] pci 0000:00:15.7: bridge 32bit mmio: [0xcc000000-0xcc0fffff]
[    0.236169] pci 0000:00:15.7: bridge 64bit mmio pref: [0xda600000-0xda6fffff]
[    0.236563] pci 0000:00:16.0: bridge io port: [0x5000-0x5fff]
[    0.236584] pci 0000:00:16.0: bridge 32bit mmio: [0xca500000-0xca5fffff]
[    0.236624] pci 0000:00:16.0: bridge 64bit mmio pref: [0xd8b00000-0xd8bfffff]
[    0.237078] pci 0000:00:16.1: bridge io port: [0x9000-0x9fff]
[    0.237100] pci 0000:00:16.1: bridge 32bit mmio: [0xca900000-0xca9fffff]
[    0.237143] pci 0000:00:16.1: bridge 64bit mmio pref: [0xd8f00000-0xd8ffffff]
[    0.237606] pci 0000:00:16.2: bridge io port: [0xd000-0xdfff]
[    0.237627] pci 0000:00:16.2: bridge 32bit mmio: [0xcad00000-0xcadfffff]
[    0.237667] pci 0000:00:16.2: bridge 64bit mmio pref: [0xd9300000-0xd93fffff]
[    0.238114] pci 0000:00:16.3: bridge 32bit mmio: [0xcb100000-0xcb1fffff]
[    0.238153] pci 0000:00:16.3: bridge 64bit mmio pref: [0xd9700000-0xd97fffff]
[    0.238565] pci 0000:00:16.4: bridge 32bit mmio: [0xcb500000-0xcb5fffff]
[    0.238605] pci 0000:00:16.4: bridge 64bit mmio pref: [0xd9b00000-0xd9bfffff]
[    0.239046] pci 0000:00:16.5: bridge 32bit mmio: [0xcb900000-0xcb9fffff]
[    0.239086] pci 0000:00:16.5: bridge 64bit mmio pref: [0xd9f00000-0xd9ffffff]
[    0.239498] pci 0000:00:16.6: bridge 32bit mmio: [0xcbd00000-0xcbdfffff]
[    0.239538] pci 0000:00:16.6: bridge 64bit mmio pref: [0xda300000-0xda3fffff]
[    0.239988] pci 0000:00:16.7: bridge 32bit mmio: [0xcc100000-0xcc1fffff]
[    0.240029] pci 0000:00:16.7: bridge 64bit mmio pref: [0xda700000-0xda7fffff]
[    0.240423] pci 0000:00:17.0: bridge io port: [0x6000-0x6fff]
[    0.240444] pci 0000:00:17.0: bridge 32bit mmio: [0xca600000-0xca6fffff]
[    0.240484] pci 0000:00:17.0: bridge 64bit mmio pref: [0xd8c00000-0xd8cfffff]
[    0.240897] pci 0000:00:17.1: bridge io port: [0xa000-0xafff]
[    0.240918] pci 0000:00:17.1: bridge 32bit mmio: [0xcaa00000-0xcaafffff]
[    0.240958] pci 0000:00:17.1: bridge 64bit mmio pref: [0xd9000000-0xd90fffff]
[    0.241350] pci 0000:00:17.2: bridge io port: [0xe000-0xefff]
[    0.241371] pci 0000:00:17.2: bridge 32bit mmio: [0xcae00000-0xcaefffff]
[    0.241411] pci 0000:00:17.2: bridge 64bit mmio pref: [0xd9400000-0xd94fffff]
[    0.241840] pci 0000:00:17.3: bridge 32bit mmio: [0xcb200000-0xcb2fffff]
[    0.241883] pci 0000:00:17.3: bridge 64bit mmio pref: [0xd9800000-0xd98fffff]
[    0.242313] pci 0000:00:17.4: bridge 32bit mmio: [0xcb600000-0xcb6fffff]
[    0.242352] pci 0000:00:17.4: bridge 64bit mmio pref: [0xd9c00000-0xd9cfffff]
[    0.242769] pci 0000:00:17.5: bridge 32bit mmio: [0xcba00000-0xcbafffff]
[    0.242817] pci 0000:00:17.5: bridge 64bit mmio pref: [0xda000000-0xda0fffff]
[    0.243249] pci 0000:00:17.6: bridge 32bit mmio: [0xcbe00000-0xcbefffff]
[    0.243289] pci 0000:00:17.6: bridge 64bit mmio pref: [0xda400000-0xda4fffff]
[    0.243710] pci 0000:00:17.7: bridge 32bit mmio: [0xcc200000-0xcc2fffff]
[    0.243750] pci 0000:00:17.7: bridge 64bit mmio pref: [0xda800000-0xda8fffff]
[    0.244167] pci 0000:00:18.0: bridge io port: [0x7000-0x7fff]
[    0.244188] pci 0000:00:18.0: bridge 32bit mmio: [0xca700000-0xca7fffff]
[    0.244228] pci 0000:00:18.0: bridge 64bit mmio pref: [0xd8d00000-0xd8dfffff]
[    0.244622] pci 0000:00:18.1: bridge io port: [0xb000-0xbfff]
[    0.244643] pci 0000:00:18.1: bridge 32bit mmio: [0xcab00000-0xcabfffff]
[    0.244682] pci 0000:00:18.1: bridge 64bit mmio pref: [0xd9100000-0xd91fffff]
[    0.245101] pci 0000:00:18.2: bridge io port: [0xf000-0xffff]
[    0.245122] pci 0000:00:18.2: bridge 32bit mmio: [0xcaf00000-0xcaffffff]
[    0.245162] pci 0000:00:18.2: bridge 64bit mmio pref: [0xd9500000-0xd95fffff]
[    0.245575] pci 0000:00:18.3: bridge 32bit mmio: [0xcb300000-0xcb3fffff]
[    0.245615] pci 0000:00:18.3: bridge 64bit mmio pref: [0xd9900000-0xd99fffff]
[    0.246169] pci 0000:00:18.4: bridge 32bit mmio: [0xcb700000-0xcb7fffff]
[    0.246209] pci 0000:00:18.4: bridge 64bit mmio pref: [0xd9d00000-0xd9dfffff]
[    0.246624] pci 0000:00:18.5: bridge 32bit mmio: [0xcbb00000-0xcbbfffff]
[    0.246663] pci 0000:00:18.5: bridge 64bit mmio pref: [0xda100000-0xda1fffff]
[    0.247127] pci 0000:00:18.6: bridge 32bit mmio: [0xcbf00000-0xcbffffff]
[    0.247167] pci 0000:00:18.6: bridge 64bit mmio pref: [0xda500000-0xda5fffff]
[    0.247584] pci 0000:00:18.7: bridge 32bit mmio: [0xcc300000-0xcc3fffff]
[    0.247637] pci 0000:00:18.7: bridge 64bit mmio pref: [0xda900000-0xda9fffff]
[    0.249892] pci_bus 0000:00: on NUMA node 0
[    0.249901] ACPI: PCI Interrupt Routing Table [\_SB_.PCI0._PRT]
[    0.470675] ACPI: PCI Interrupt Link [LNKA] (IRQs 3 4 5 6 7 *9 10 11 14 15)
[    0.470825] ACPI: PCI Interrupt Link [LNKB] (IRQs 3 4 5 6 7 9 10 *11 14 15)
[    0.470995] ACPI: PCI Interrupt Link [LNKC] (IRQs 3 4 5 6 7 9 *10 11 14 15)
[    0.471150] ACPI: PCI Interrupt Link [LNKD] (IRQs 3 4 *5 6 7 9 10 11 14 15)
[    0.471281] vgaarb: device added: PCI:0000:00:0f.0,decodes=io+mem,owns=io+mem,locks=none
[    0.471290] vgaarb: loaded
[    0.471375] SCSI subsystem initialized
[    0.471419] libata version 3.00 loaded.
[    0.471457] usbcore: registered new interface driver usbfs
[    0.471468] usbcore: registered new interface driver hub
[    0.471516] usbcore: registered new device driver usb
[    0.471598] PCI: Using ACPI for IRQ routing
[    0.472626] NetLabel: Initializing
[    0.472627] NetLabel:  domain hash size = 128
[    0.472628] NetLabel:  protocols = UNLABELED CIPSOv4
[    0.472635] NetLabel:  unlabeled traffic allowed by default
[    0.472667] hpet0: at MMIO 0xfed00000, IRQs 2, 8, 0, 0, 0, 0, 0, 0, 0, 0, 0, 0, 0, 0, 0, 0
[    0.472673] hpet0: 16 comparators, 64-bit 14.318180 MHz counter
[    0.474690] Switching to clocksource tsc
[    0.482154] pnp: PnP ACPI init
[    0.482166] ACPI: bus type pnp registered
[    0.525570] pnp: PnP ACPI: found 14 devices
[    0.525572] ACPI: ACPI bus type pnp unregistered
[    0.525575] PnPBIOS: Disabled by ACPI PNP
[    0.525587] system 00:01: ioport range 0x1000-0x103f has been reserved
[    0.525589] system 00:01: ioport range 0x1040-0x104f has been reserved
[    0.525591] system 00:01: ioport range 0xcf0-0xcf1 has been reserved
[    0.525597] system 00:08: iomem range 0xfed00000-0xfed003ff has been reserved
[    0.525601] system 00:0d: ioport range 0x1060-0x107f has been reserved
[    0.525603] system 00:0d: iomem range 0xe0000000-0xefffffff has been reserved
[    0.525605] system 00:0d: iomem range 0xc8200000-0xc83fffff has been reserved
[    0.560278] pci 0000:00:15.3: BAR 13: can't allocate I/O resource [0x10000-0xffff]
[    0.560283] pci 0000:00:15.4: BAR 13: can't allocate I/O resource [0x10000-0xffff]
[    0.560286] pci 0000:00:15.5: BAR 13: can't allocate I/O resource [0x10000-0xffff]
[    0.560288] pci 0000:00:15.6: BAR 13: can't allocate I/O resource [0x10000-0xffff]
[    0.560291] pci 0000:00:15.7: BAR 13: can't allocate I/O resource [0x10000-0xffff]
[    0.560294] pci 0000:00:16.3: BAR 13: can't allocate I/O resource [0x10000-0xffff]
[    0.560297] pci 0000:00:16.4: BAR 13: can't allocate I/O resource [0x10000-0xffff]
[    0.560299] pci 0000:00:16.5: BAR 13: can't allocate I/O resource [0x10000-0xffff]
[    0.560302] pci 0000:00:16.6: BAR 13: can't allocate I/O resource [0x10000-0xffff]
[    0.560305] pci 0000:00:16.7: BAR 13: can't allocate I/O resource [0x10000-0xffff]
[    0.560308] pci 0000:00:17.3: BAR 13: can't allocate I/O resource [0x10000-0xffff]
[    0.560310] pci 0000:00:17.4: BAR 13: can't allocate I/O resource [0x10000-0xffff]
[    0.560313] pci 0000:00:17.5: BAR 13: can't allocate I/O resource [0x10000-0xffff]
[    0.560316] pci 0000:00:17.6: BAR 13: can't allocate I/O resource [0x10000-0xffff]
[    0.560319] pci 0000:00:17.7: BAR 13: can't allocate I/O resource [0x10000-0xffff]
[    0.560321] pci 0000:00:18.3: BAR 13: can't allocate I/O resource [0x10000-0xffff]
[    0.560324] pci 0000:00:18.4: BAR 13: can't allocate I/O resource [0x10000-0xffff]
[    0.560327] pci 0000:00:18.5: BAR 13: can't allocate I/O resource [0x10000-0xffff]
[    0.560329] pci 0000:00:18.6: BAR 13: can't allocate I/O resource [0x10000-0xffff]
[    0.560332] pci 0000:00:18.7: BAR 13: can't allocate I/O resource [0x10000-0xffff]
[    0.560334] pci 0000:00:01.0: PCI bridge, secondary bus 0000:01
[    0.560336] pci 0000:00:01.0:   IO window: disabled
[    0.560369] pci 0000:00:01.0:   MEM window: disabled
[    0.560391] pci 0000:00:01.0:   PREFETCH window: disabled
[    0.560434] pci 0000:00:11.0: PCI bridge, secondary bus 0000:02
[    0.560455] pci 0000:00:11.0:   IO window: 0x2000-0x3fff
[    0.560486] pci 0000:00:11.0:   MEM window: 0xc9000000-0xca3fffff
[    0.560508] pci 0000:00:11.0:   PREFETCH window: 0x000000d8400000-0x000000d89fffff
[    0.560561] pci 0000:00:15.0: PCI bridge, secondary bus 0000:03
[    0.560582] pci 0000:00:15.0:   IO window: 0x4000-0x4fff
[    0.560613] pci 0000:00:15.0:   MEM window: 0xca400000-0xca4fffff
[    0.560634] pci 0000:00:15.0:   PREFETCH window: 0x000000d8a00000-0x000000d8afffff
[    0.560721] pci 0000:00:15.1: PCI bridge, secondary bus 0000:04
[    0.560734] pci 0000:00:15.1:   IO window: 0x8000-0x8fff
[    0.560765] pci 0000:00:15.1:   MEM window: 0xca800000-0xca8fffff
[    0.560786] pci 0000:00:15.1:   PREFETCH window: 0x000000d8e00000-0x000000d8efffff
[    0.560841] pci 0000:00:15.2: PCI bridge, secondary bus 0000:05
[    0.560853] pci 0000:00:15.2:   IO window: 0xc000-0xcfff
[    0.560884] pci 0000:00:15.2:   MEM window: 0xcac00000-0xcacfffff
[    0.560906] pci 0000:00:15.2:   PREFETCH window: 0x000000d9200000-0x000000d92fffff
[    0.560959] pci 0000:00:15.3: PCI bridge, secondary bus 0000:06
[    0.560960] pci 0000:00:15.3:   IO window: disabled
[    0.560992] pci 0000:00:15.3:   MEM window: 0xcb000000-0xcb0fffff
[    0.561013] pci 0000:00:15.3:   PREFETCH window: 0x000000d9600000-0x000000d96fffff
[    0.561066] pci 0000:00:15.4: PCI bridge, secondary bus 0000:07
[    0.561067] pci 0000:00:15.4:   IO window: disabled
[    0.561099] pci 0000:00:15.4:   MEM window: 0xcb400000-0xcb4fffff
[    0.561120] pci 0000:00:15.4:   PREFETCH window: 0x000000d9a00000-0x000000d9afffff
[    0.561172] pci 0000:00:15.5: PCI bridge, secondary bus 0000:08
[    0.561174] pci 0000:00:15.5:   IO window: disabled
[    0.561206] pci 0000:00:15.5:   MEM window: 0xcb800000-0xcb8fffff
[    0.561227] pci 0000:00:15.5:   PREFETCH window: 0x000000d9e00000-0x000000d9efffff
[    0.561280] pci 0000:00:15.6: PCI bridge, secondary bus 0000:09
[    0.561282] pci 0000:00:15.6:   IO window: disabled
[    0.561313] pci 0000:00:15.6:   MEM window: 0xcbc00000-0xcbcfffff
[    0.561335] pci 0000:00:15.6:   PREFETCH window: 0x000000da200000-0x000000da2fffff
[    0.561387] pci 0000:00:15.7: PCI bridge, secondary bus 0000:0a
[    0.561389] pci 0000:00:15.7:   IO window: disabled
[    0.561420] pci 0000:00:15.7:   MEM window: 0xcc000000-0xcc0fffff
[    0.561441] pci 0000:00:15.7:   PREFETCH window: 0x000000da600000-0x000000da6fffff
[    0.561496] pci 0000:00:16.0: PCI bridge, secondary bus 0000:0b
[    0.561509] pci 0000:00:16.0:   IO window: 0x5000-0x5fff
[    0.561552] pci 0000:00:16.0:   MEM window: 0xca500000-0xca5fffff
[    0.561575] pci 0000:00:16.0:   PREFETCH window: 0x000000d8b00000-0x000000d8bfffff
[    0.561637] pci 0000:00:16.1: PCI bridge, secondary bus 0000:0c
[    0.561650] pci 0000:00:16.1:   IO window: 0x9000-0x9fff
[    0.561681] pci 0000:00:16.1:   MEM window: 0xca900000-0xca9fffff
[    0.561702] pci 0000:00:16.1:   PREFETCH window: 0x000000d8f00000-0x000000d8ffffff
[    0.561754] pci 0000:00:16.2: PCI bridge, secondary bus 0000:0d
[    0.561767] pci 0000:00:16.2:   IO window: 0xd000-0xdfff
[    0.561798] pci 0000:00:16.2:   MEM window: 0xcad00000-0xcadfffff
[    0.561819] pci 0000:00:16.2:   PREFETCH window: 0x000000d9300000-0x000000d93fffff
[    0.561872] pci 0000:00:16.3: PCI bridge, secondary bus 0000:0e
[    0.561873] pci 0000:00:16.3:   IO window: disabled
[    0.561905] pci 0000:00:16.3:   MEM window: 0xcb100000-0xcb1fffff
[    0.561926] pci 0000:00:16.3:   PREFETCH window: 0x000000d9700000-0x000000d97fffff
[    0.561983] pci 0000:00:16.4: PCI bridge, secondary bus 0000:0f
[    0.561985] pci 0000:00:16.4:   IO window: disabled
[    0.562016] pci 0000:00:16.4:   MEM window: 0xcb500000-0xcb5fffff
[    0.562038] pci 0000:00:16.4:   PREFETCH window: 0x000000d9b00000-0x000000d9bfffff
[    0.562090] pci 0000:00:16.5: PCI bridge, secondary bus 0000:10
[    0.562092] pci 0000:00:16.5:   IO window: disabled
[    0.562124] pci 0000:00:16.5:   MEM window: 0xcb900000-0xcb9fffff
[    0.562145] pci 0000:00:16.5:   PREFETCH window: 0x000000d9f00000-0x000000d9ffffff
[    0.562197] pci 0000:00:16.6: PCI bridge, secondary bus 0000:11
[    0.562199] pci 0000:00:16.6:   IO window: disabled
[    0.562230] pci 0000:00:16.6:   MEM window: 0xcbd00000-0xcbdfffff
[    0.562252] pci 0000:00:16.6:   PREFETCH window: 0x000000da300000-0x000000da3fffff
[    0.562304] pci 0000:00:16.7: PCI bridge, secondary bus 0000:12
[    0.562306] pci 0000:00:16.7:   IO window: disabled
[    0.562337] pci 0000:00:16.7:   MEM window: 0xcc100000-0xcc1fffff
[    0.562359] pci 0000:00:16.7:   PREFETCH window: 0x000000da700000-0x000000da7fffff
[    0.562411] pci 0000:00:17.0: PCI bridge, secondary bus 0000:13
[    0.562423] pci 0000:00:17.0:   IO window: 0x6000-0x6fff
[    0.562454] pci 0000:00:17.0:   MEM window: 0xca600000-0xca6fffff
[    0.562476] pci 0000:00:17.0:   PREFETCH window: 0x000000d8c00000-0x000000d8cfffff
[    0.562540] pci 0000:00:17.1: PCI bridge, secondary bus 0000:14
[    0.562558] pci 0000:00:17.1:   IO window: 0xa000-0xafff
[    0.562614] pci 0000:00:17.1:   MEM window: 0xcaa00000-0xcaafffff
[    0.562637] pci 0000:00:17.1:   PREFETCH window: 0x000000d9000000-0x000000d90fffff
[    0.562692] pci 0000:00:17.2: PCI bridge, secondary bus 0000:15
[    0.562705] pci 0000:00:17.2:   IO window: 0xe000-0xefff
[    0.562736] pci 0000:00:17.2:   MEM window: 0xcae00000-0xcaefffff
[    0.562758] pci 0000:00:17.2:   PREFETCH window: 0x000000d9400000-0x000000d94fffff
[    0.562811] pci 0000:00:17.3: PCI bridge, secondary bus 0000:16
[    0.562812] pci 0000:00:17.3:   IO window: disabled
[    0.562844] pci 0000:00:17.3:   MEM window: 0xcb200000-0xcb2fffff
[    0.562865] pci 0000:00:17.3:   PREFETCH window: 0x000000d9800000-0x000000d98fffff
[    0.562917] pci 0000:00:17.4: PCI bridge, secondary bus 0000:17
[    0.562919] pci 0000:00:17.4:   IO window: disabled
[    0.562950] pci 0000:00:17.4:   MEM window: 0xcb600000-0xcb6fffff
[    0.562972] pci 0000:00:17.4:   PREFETCH window: 0x000000d9c00000-0x000000d9cfffff
[    0.563024] pci 0000:00:17.5: PCI bridge, secondary bus 0000:18
[    0.563026] pci 0000:00:17.5:   IO window: disabled
[    0.563057] pci 0000:00:17.5:   MEM window: 0xcba00000-0xcbafffff
[    0.563079] pci 0000:00:17.5:   PREFETCH window: 0x000000da000000-0x000000da0fffff
[    0.563131] pci 0000:00:17.6: PCI bridge, secondary bus 0000:19
[    0.563132] pci 0000:00:17.6:   IO window: disabled
[    0.563164] pci 0000:00:17.6:   MEM window: 0xcbe00000-0xcbefffff
[    0.563185] pci 0000:00:17.6:   PREFETCH window: 0x000000da400000-0x000000da4fffff
[    0.563237] pci 0000:00:17.7: PCI bridge, secondary bus 0000:1a
[    0.563239] pci 0000:00:17.7:   IO window: disabled
[    0.563270] pci 0000:00:17.7:   MEM window: 0xcc200000-0xcc2fffff
[    0.563292] pci 0000:00:17.7:   PREFETCH window: 0x000000da800000-0x000000da8fffff
[    0.563344] pci 0000:00:18.0: PCI bridge, secondary bus 0000:1b
[    0.563356] pci 0000:00:18.0:   IO window: 0x7000-0x7fff
[    0.563387] pci 0000:00:18.0:   MEM window: 0xca700000-0xca7fffff
[    0.563409] pci 0000:00:18.0:   PREFETCH window: 0x000000d8d00000-0x000000d8dfffff
[    0.563461] pci 0000:00:18.1: PCI bridge, secondary bus 0000:1c
[    0.563473] pci 0000:00:18.1:   IO window: 0xb000-0xbfff
[    0.563522] pci 0000:00:18.1:   MEM window: 0xcab00000-0xcabfffff
[    0.563550] pci 0000:00:18.1:   PREFETCH window: 0x000000d9100000-0x000000d91fffff
[    0.563615] pci 0000:00:18.2: PCI bridge, secondary bus 0000:1d
[    0.563628] pci 0000:00:18.2:   IO window: 0xf000-0xffff
[    0.563659] pci 0000:00:18.2:   MEM window: 0xcaf00000-0xcaffffff
[    0.563681] pci 0000:00:18.2:   PREFETCH window: 0x000000d9500000-0x000000d95fffff
[    0.563733] pci 0000:00:18.3: PCI bridge, secondary bus 0000:1e
[    0.563735] pci 0000:00:18.3:   IO window: disabled
[    0.563768] pci 0000:00:18.3:   MEM window: 0xcb300000-0xcb3fffff
[    0.563790] pci 0000:00:18.3:   PREFETCH window: 0x000000d9900000-0x000000d99fffff
[    0.563842] pci 0000:00:18.4: PCI bridge, secondary bus 0000:1f
[    0.563844] pci 0000:00:18.4:   IO window: disabled
[    0.563875] pci 0000:00:18.4:   MEM window: 0xcb700000-0xcb7fffff
[    0.563897] pci 0000:00:18.4:   PREFETCH window: 0x000000d9d00000-0x000000d9dfffff
[    0.563949] pci 0000:00:18.5: PCI bridge, secondary bus 0000:20
[    0.563951] pci 0000:00:18.5:   IO window: disabled
[    0.563982] pci 0000:00:18.5:   MEM window: 0xcbb00000-0xcbbfffff
[    0.564003] pci 0000:00:18.5:   PREFETCH window: 0x000000da100000-0x000000da1fffff
[    0.564055] pci 0000:00:18.6: PCI bridge, secondary bus 0000:21
[    0.564057] pci 0000:00:18.6:   IO window: disabled
[    0.564088] pci 0000:00:18.6:   MEM window: 0xcbf00000-0xcbffffff
[    0.564110] pci 0000:00:18.6:   PREFETCH window: 0x000000da500000-0x000000da5fffff
[    0.564162] pci 0000:00:18.7: PCI bridge, secondary bus 0000:22
[    0.564164] pci 0000:00:18.7:   IO window: disabled
[    0.564195] pci 0000:00:18.7:   MEM window: 0xcc300000-0xcc3fffff
[    0.564217] pci 0000:00:18.7:   PREFETCH window: 0x000000da900000-0x000000da9fffff
[    0.564303] pci 0000:00:01.0: setting latency timer to 64
[    0.564405] pci 0000:00:15.0: setting latency timer to 64
[    0.564475] pci 0000:00:15.1: setting latency timer to 64
[    0.564566] pci 0000:00:15.2: setting latency timer to 64
[    0.564636] pci 0000:00:15.3: setting latency timer to 64
[    0.564705] pci 0000:00:15.4: setting latency timer to 64
[    0.564775] pci 0000:00:15.5: setting latency timer to 64
[    0.564844] pci 0000:00:15.6: setting latency timer to 64
[    0.564919] pci 0000:00:15.7: setting latency timer to 64
[    0.565023] pci 0000:00:16.0: setting latency timer to 64
[    0.565098] pci 0000:00:16.1: setting latency timer to 64
[    0.565168] pci 0000:00:16.2: setting latency timer to 64
[    0.565237] pci 0000:00:16.3: setting latency timer to 64
[    0.565307] pci 0000:00:16.4: setting latency timer to 64
[    0.565376] pci 0000:00:16.5: setting latency timer to 64
[    0.565446] pci 0000:00:16.6: setting latency timer to 64
[    0.565555] pci 0000:00:16.7: setting latency timer to 64
[    0.565625] pci 0000:00:17.0: setting latency timer to 64
[    0.565695] pci 0000:00:17.1: setting latency timer to 64
[    0.565765] pci 0000:00:17.2: setting latency timer to 64
[    0.565835] pci 0000:00:17.3: setting latency timer to 64
[    0.565905] pci 0000:00:17.4: setting latency timer to 64
[    0.565975] pci 0000:00:17.5: setting latency timer to 64
[    0.566044] pci 0000:00:17.6: setting latency timer to 64
[    0.566114] pci 0000:00:17.7: setting latency timer to 64
[    0.566184] pci 0000:00:18.0: setting latency timer to 64
[    0.566254] pci 0000:00:18.1: setting latency timer to 64
[    0.566323] pci 0000:00:18.2: setting latency timer to 64
[    0.566393] pci 0000:00:18.3: setting latency timer to 64
[    0.566463] pci 0000:00:18.4: setting latency timer to 64
[    0.566554] pci 0000:00:18.5: setting latency timer to 64
[    0.566636] pci 0000:00:18.6: setting latency timer to 64
[    0.566706] pci 0000:00:18.7: setting latency timer to 64
[    0.566719] pci_bus 0000:00: resource 0 io:  [0x00-0xffff]
[    0.566721] pci_bus 0000:00: resource 1 mem: [0x000000-0xffffffffffffffff]
[    0.566724] pci_bus 0000:02: resource 0 io:  [0x2000-0x3fff]
[    0.566725] pci_bus 0000:02: resource 1 mem: [0xc9000000-0xca3fffff]
[    0.566727] pci_bus 0000:02: resource 2 pref mem [0xd8400000-0xd89fffff]
[    0.566729] pci_bus 0000:02: resource 3 io:  [0x00-0xffff]
[    0.566731] pci_bus 0000:02: resource 4 mem: [0x000000-0xffffffffffffffff]
[    0.566733] pci_bus 0000:03: resource 0 io:  [0x4000-0x4fff]
[    0.566735] pci_bus 0000:03: resource 1 mem: [0xca400000-0xca4fffff]
[    0.566736] pci_bus 0000:03: resource 2 pref mem [0xd8a00000-0xd8afffff]
[    0.566738] pci_bus 0000:04: resource 0 io:  [0x8000-0x8fff]
[    0.566740] pci_bus 0000:04: resource 1 mem: [0xca800000-0xca8fffff]
[    0.566742] pci_bus 0000:04: resource 2 pref mem [0xd8e00000-0xd8efffff]
[    0.566744] pci_bus 0000:05: resource 0 io:  [0xc000-0xcfff]
[    0.566745] pci_bus 0000:05: resource 1 mem: [0xcac00000-0xcacfffff]
[    0.566747] pci_bus 0000:05: resource 2 pref mem [0xd9200000-0xd92fffff]
[    0.566749] pci_bus 0000:06: resource 1 mem: [0xcb000000-0xcb0fffff]
[    0.566751] pci_bus 0000:06: resource 2 pref mem [0xd9600000-0xd96fffff]
[    0.566753] pci_bus 0000:07: resource 1 mem: [0xcb400000-0xcb4fffff]
[    0.566754] pci_bus 0000:07: resource 2 pref mem [0xd9a00000-0xd9afffff]
[    0.566756] pci_bus 0000:08: resource 1 mem: [0xcb800000-0xcb8fffff]
[    0.566758] pci_bus 0000:08: resource 2 pref mem [0xd9e00000-0xd9efffff]
[    0.566760] pci_bus 0000:09: resource 1 mem: [0xcbc00000-0xcbcfffff]
[    0.566762] pci_bus 0000:09: resource 2 pref mem [0xda200000-0xda2fffff]
[    0.566764] pci_bus 0000:0a: resource 1 mem: [0xcc000000-0xcc0fffff]
[    0.566765] pci_bus 0000:0a: resource 2 pref mem [0xda600000-0xda6fffff]
[    0.566767] pci_bus 0000:0b: resource 0 io:  [0x5000-0x5fff]
[    0.566769] pci_bus 0000:0b: resource 1 mem: [0xca500000-0xca5fffff]
[    0.566771] pci_bus 0000:0b: resource 2 pref mem [0xd8b00000-0xd8bfffff]
[    0.566773] pci_bus 0000:0c: resource 0 io:  [0x9000-0x9fff]
[    0.566774] pci_bus 0000:0c: resource 1 mem: [0xca900000-0xca9fffff]
[    0.566776] pci_bus 0000:0c: resource 2 pref mem [0xd8f00000-0xd8ffffff]
[    0.566778] pci_bus 0000:0d: resource 0 io:  [0xd000-0xdfff]
[    0.566780] pci_bus 0000:0d: resource 1 mem: [0xcad00000-0xcadfffff]
[    0.566781] pci_bus 0000:0d: resource 2 pref mem [0xd9300000-0xd93fffff]
[    0.566783] pci_bus 0000:0e: resource 1 mem: [0xcb100000-0xcb1fffff]
[    0.566785] pci_bus 0000:0e: resource 2 pref mem [0xd9700000-0xd97fffff]
[    0.566787] pci_bus 0000:0f: resource 1 mem: [0xcb500000-0xcb5fffff]
[    0.566789] pci_bus 0000:0f: resource 2 pref mem [0xd9b00000-0xd9bfffff]
[    0.566791] pci_bus 0000:10: resource 1 mem: [0xcb900000-0xcb9fffff]
[    0.566792] pci_bus 0000:10: resource 2 pref mem [0xd9f00000-0xd9ffffff]
[    0.566794] pci_bus 0000:11: resource 1 mem: [0xcbd00000-0xcbdfffff]
[    0.566796] pci_bus 0000:11: resource 2 pref mem [0xda300000-0xda3fffff]
[    0.566798] pci_bus 0000:12: resource 1 mem: [0xcc100000-0xcc1fffff]
[    0.566800] pci_bus 0000:12: resource 2 pref mem [0xda700000-0xda7fffff]
[    0.566801] pci_bus 0000:13: resource 0 io:  [0x6000-0x6fff]
[    0.566803] pci_bus 0000:13: resource 1 mem: [0xca600000-0xca6fffff]
[    0.566805] pci_bus 0000:13: resource 2 pref mem [0xd8c00000-0xd8cfffff]
[    0.566807] pci_bus 0000:14: resource 0 io:  [0xa000-0xafff]
[    0.566809] pci_bus 0000:14: resource 1 mem: [0xcaa00000-0xcaafffff]
[    0.566810] pci_bus 0000:14: resource 2 pref mem [0xd9000000-0xd90fffff]
[    0.566812] pci_bus 0000:15: resource 0 io:  [0xe000-0xefff]
[    0.566814] pci_bus 0000:15: resource 1 mem: [0xcae00000-0xcaefffff]
[    0.566816] pci_bus 0000:15: resource 2 pref mem [0xd9400000-0xd94fffff]
[    0.566817] pci_bus 0000:16: resource 1 mem: [0xcb200000-0xcb2fffff]
[    0.566819] pci_bus 0000:16: resource 2 pref mem [0xd9800000-0xd98fffff]
[    0.566821] pci_bus 0000:17: resource 1 mem: [0xcb600000-0xcb6fffff]
[    0.566823] pci_bus 0000:17: resource 2 pref mem [0xd9c00000-0xd9cfffff]
[    0.566825] pci_bus 0000:18: resource 1 mem: [0xcba00000-0xcbafffff]
[    0.566827] pci_bus 0000:18: resource 2 pref mem [0xda000000-0xda0fffff]
[    0.566828] pci_bus 0000:19: resource 1 mem: [0xcbe00000-0xcbefffff]
[    0.566830] pci_bus 0000:19: resource 2 pref mem [0xda400000-0xda4fffff]
[    0.566832] pci_bus 0000:1a: resource 1 mem: [0xcc200000-0xcc2fffff]
[    0.566834] pci_bus 0000:1a: resource 2 pref mem [0xda800000-0xda8fffff]
[    0.566836] pci_bus 0000:1b: resource 0 io:  [0x7000-0x7fff]
[    0.566837] pci_bus 0000:1b: resource 1 mem: [0xca700000-0xca7fffff]
[    0.566839] pci_bus 0000:1b: resource 2 pref mem [0xd8d00000-0xd8dfffff]
[    0.566841] pci_bus 0000:1c: resource 0 io:  [0xb000-0xbfff]
[    0.566843] pci_bus 0000:1c: resource 1 mem: [0xcab00000-0xcabfffff]
[    0.566845] pci_bus 0000:1c: resource 2 pref mem [0xd9100000-0xd91fffff]
[    0.566846] pci_bus 0000:1d: resource 0 io:  [0xf000-0xffff]
[    0.566848] pci_bus 0000:1d: resource 1 mem: [0xcaf00000-0xcaffffff]
[    0.566850] pci_bus 0000:1d: resource 2 pref mem [0xd9500000-0xd95fffff]
[    0.566852] pci_bus 0000:1e: resource 1 mem: [0xcb300000-0xcb3fffff]
[    0.566853] pci_bus 0000:1e: resource 2 pref mem [0xd9900000-0xd99fffff]
[    0.566855] pci_bus 0000:1f: resource 1 mem: [0xcb700000-0xcb7fffff]
[    0.566857] pci_bus 0000:1f: resource 2 pref mem [0xd9d00000-0xd9dfffff]
[    0.566859] pci_bus 0000:20: resource 1 mem: [0xcbb00000-0xcbbfffff]
[    0.566861] pci_bus 0000:20: resource 2 pref mem [0xda100000-0xda1fffff]
[    0.566863] pci_bus 0000:21: resource 1 mem: [0xcbf00000-0xcbffffff]
[    0.566864] pci_bus 0000:21: resource 2 pref mem [0xda500000-0xda5fffff]
[    0.566866] pci_bus 0000:22: resource 1 mem: [0xcc300000-0xcc3fffff]
[    0.566868] pci_bus 0000:22: resource 2 pref mem [0xda900000-0xda9fffff]
[    0.566892] NET: Registered protocol family 2
[    0.566909] RANDOM - __random32 called. Change num 7.  Value: 55ede565	148ebb7a	8e9cdd7f
[    0.566910] RANDOM - random32 called.  Value: 55ede565	148ebb7a	8e9cdd7f
[    0.566919] random 0000 0000 0000 00000000 00000000: rand_read_num 2 get_random_bytes(4): sig fffffe1a 00000000 00000000
[    0.566921] random 0000 0000 0000 00000000 00000000: extract_entropy(.. 4 ..)
[    0.566924] random 0000 0000 0000 00000000 00000000: going to reseed nonblocking with 64 bits (32 of 0 requested)
[    0.566926] random 0000 0000 0000 00000000 00000000: extract_entropy(.. 8 ..)
[    0.566928] random 0000 0000 0000 00000000 00000000: trying to extract 64 bits from input
[    0.566930] random 0000 0000 0000 00000000 00000000: debiting 0 entropy credits from input
[    0.566932] random 0000 0000 0000 00000000 00000000: extract_entropy account returned: 0 
[    0.566935] random 0000 0000 0000 00000000 00000000: urand_change_num 3 xfer_secondary_pool(4): pool_sig fffffe1a, data_sig 00000000, bytes_mixed 0 00000000 00000000
[    0.566938] random 0000 0000 0000 00000000 00000000: trying to extract 32 bits from nonblocking
[    0.566941] random 0000 0000 0000 00000000 00000000: debiting 32 entropy credits from nonblocking (unlimited)
[    0.566943] random 0000 0000 0000 00000000 00000000: extract_entropy account returned: 4 
[    0.566946] random 0000 0000 0000 00000000 00000000: urand_change_num 4 extract_buf: pool_sig fffffe1a, data_sig fffffed7, bytes_mixed 20 00000000 00000000
[    0.566976] IP route cache hash table entries: 32768 (order: 5, 131072 bytes)
[    0.567065] RANDOM - __random32 called. Change num 8.  Value: de565d28	48ebb7a3	baff4f46
[    0.567067] RANDOM - random32 called.  Value: de565d28	48ebb7a3	baff4f46
[    0.567124] RANDOM - __random32 called. Change num 9.  Value: 65d282be	8ebb7a35	9e8da0a6
[    0.567126] RANDOM - random32 called.  Value: 65d282be	8ebb7a35	9e8da0a6
[    0.567129] RANDOM - __random32 called. Change num 10.  Value: 282be6b0	ebb7a35a	414d5c14
[    0.567131] RANDOM - random32 called.  Value: 282be6b0	ebb7a35a	414d5c14
[    0.567152] RANDOM - __random32 called. Change num 11.  Value: be6b0a9f	bb7a35a2	b82964f7
[    0.567154] RANDOM - random32 called.  Value: be6b0a9f	bb7a35a2	b82964f7
[    0.567164] TCP established hash table entries: 131072 (order: 8, 1048576 bytes)
[    0.567287] TCP bind hash table entries: 65536 (order: 7, 524288 bytes)
[    0.567409] TCP: Hash tables configured (established 131072 bind 65536)
[    0.567412] TCP reno registered
[    0.567448] NET: Registered protocol family 1
[    0.567457] pci 0000:00:00.0: Limiting direct PCI/PCI transfers
[    0.567479] pci 0000:00:0f.0: Boot video device
[    0.567702] Trying to unpack rootfs image as initramfs...
[    1.681007] Freeing initrd memory: 83430k freed
[    1.685061] Simple Boot Flag at 0x36 set to 0x1
[    1.685106] cpufreq-nforce2: No nForce2 chipset.
[    1.685120] Scanning for low memory corruption every 60 seconds
[    1.685234] audit: initializing netlink socket (disabled)
[    1.685243] type=2000 audit(1369439353.672:1): initialized
[    1.689136] highmem bounce pool size: 64 pages
[    1.689141] HugeTLB registered 2 MB page size, pre-allocated 0 pages
[    1.689259] VFS: Disk quotas dquot_6.5.2
[    1.689290] Dquot-cache hash table entries: 1024 (order 0, 4096 bytes)
[    1.689394] fuse init (API version 7.13)
[    1.689438] msgmni has been set to 1729
[    1.689705] alg: No test for stdrng (krng)
[    1.689739] Block layer SCSI generic (bsg) driver version 0.4 loaded (major 253)
[    1.689741] io scheduler noop registered
[    1.689743] io scheduler anticipatory registered
[    1.689744] io scheduler deadline registered
[    1.689764] io scheduler cfq registered (default)
[    1.689809]   alloc irq_desc for 24 on node -1
[    1.689812]   alloc kstat_irqs on node -1
[    1.689856] pcieport 0000:00:15.0: irq 24 for MSI/MSI-X
[    1.689901] pcieport 0000:00:15.0: setting latency timer to 64
[    1.689946]   alloc irq_desc for 25 on node -1
[    1.689949]   alloc kstat_irqs on node -1
[    1.689994] pcieport 0000:00:15.1: irq 25 for MSI/MSI-X
[    1.690038] pcieport 0000:00:15.1: setting latency timer to 64
[    1.690083]   alloc irq_desc for 26 on node -1
[    1.690085]   alloc kstat_irqs on node -1
[    1.690130] pcieport 0000:00:15.2: irq 26 for MSI/MSI-X
[    1.690175] pcieport 0000:00:15.2: setting latency timer to 64
[    1.690220]   alloc irq_desc for 27 on node -1
[    1.690222]   alloc kstat_irqs on node -1
[    1.690267] pcieport 0000:00:15.3: irq 27 for MSI/MSI-X
[    1.690311] pcieport 0000:00:15.3: setting latency timer to 64
[    1.690356]   alloc irq_desc for 28 on node -1
[    1.690358]   alloc kstat_irqs on node -1
[    1.690403] pcieport 0000:00:15.4: irq 28 for MSI/MSI-X
[    1.690448] pcieport 0000:00:15.4: setting latency timer to 64
[    1.690493]   alloc irq_desc for 29 on node -1
[    1.690495]   alloc kstat_irqs on node -1
[    1.690539] pcieport 0000:00:15.5: irq 29 for MSI/MSI-X
[    1.690584] pcieport 0000:00:15.5: setting latency timer to 64
[    1.690629]   alloc irq_desc for 30 on node -1
[    1.690631]   alloc kstat_irqs on node -1
[    1.690676] pcieport 0000:00:15.6: irq 30 for MSI/MSI-X
[    1.690721] pcieport 0000:00:15.6: setting latency timer to 64
[    1.690765]   alloc irq_desc for 31 on node -1
[    1.690767]   alloc kstat_irqs on node -1
[    1.690812] pcieport 0000:00:15.7: irq 31 for MSI/MSI-X
[    1.690857] pcieport 0000:00:15.7: setting latency timer to 64
[    1.690902]   alloc irq_desc for 32 on node -1
[    1.690904]   alloc kstat_irqs on node -1
[    1.690949] pcieport 0000:00:16.0: irq 32 for MSI/MSI-X
[    1.690993] pcieport 0000:00:16.0: setting latency timer to 64
[    1.691038]   alloc irq_desc for 33 on node -1
[    1.691040]   alloc kstat_irqs on node -1
[    1.691085] pcieport 0000:00:16.1: irq 33 for MSI/MSI-X
[    1.691130] pcieport 0000:00:16.1: setting latency timer to 64
[    1.691175]   alloc irq_desc for 34 on node -1
[    1.691176]   alloc kstat_irqs on node -1
[    1.691221] pcieport 0000:00:16.2: irq 34 for MSI/MSI-X
[    1.691266] pcieport 0000:00:16.2: setting latency timer to 64
[    1.691311]   alloc irq_desc for 35 on node -1
[    1.691313]   alloc kstat_irqs on node -1
[    1.691358] pcieport 0000:00:16.3: irq 35 for MSI/MSI-X
[    1.691402] pcieport 0000:00:16.3: setting latency timer to 64
[    1.691447]   alloc irq_desc for 36 on node -1
[    1.691449]   alloc kstat_irqs on node -1
[    1.691494] pcieport 0000:00:16.4: irq 36 for MSI/MSI-X
[    1.691539] pcieport 0000:00:16.4: setting latency timer to 64
[    1.691584]   alloc irq_desc for 37 on node -1
[    1.691585]   alloc kstat_irqs on node -1
[    1.691630] pcieport 0000:00:16.5: irq 37 for MSI/MSI-X
[    1.691675] pcieport 0000:00:16.5: setting latency timer to 64
[    1.691720]   alloc irq_desc for 38 on node -1
[    1.691722]   alloc kstat_irqs on node -1
[    1.691767] pcieport 0000:00:16.6: irq 38 for MSI/MSI-X
[    1.691812] pcieport 0000:00:16.6: setting latency timer to 64
[    1.691856]   alloc irq_desc for 39 on node -1
[    1.691858]   alloc kstat_irqs on node -1
[    1.691903] pcieport 0000:00:16.7: irq 39 for MSI/MSI-X
[    1.691948] pcieport 0000:00:16.7: setting latency timer to 64
[    1.693081]   alloc irq_desc for 40 on node -1
[    1.693082]   alloc kstat_irqs on node -1
[    1.693127] pcieport 0000:00:17.0: irq 40 for MSI/MSI-X
[    1.693172] pcieport 0000:00:17.0: setting latency timer to 64
[    1.693217]   alloc irq_desc for 41 on node -1
[    1.693219]   alloc kstat_irqs on node -1
[    1.693264] pcieport 0000:00:17.1: irq 41 for MSI/MSI-X
[    1.693309] pcieport 0000:00:17.1: setting latency timer to 64
[    1.693353]   alloc irq_desc for 42 on node -1
[    1.693355]   alloc kstat_irqs on node -1
[    1.693400] pcieport 0000:00:17.2: irq 42 for MSI/MSI-X
[    1.693445] pcieport 0000:00:17.2: setting latency timer to 64
[    1.693490]   alloc irq_desc for 43 on node -1
[    1.693492]   alloc kstat_irqs on node -1
[    1.693536] pcieport 0000:00:17.3: irq 43 for MSI/MSI-X
[    1.693581] pcieport 0000:00:17.3: setting latency timer to 64
[    1.693626]   alloc irq_desc for 44 on node -1
[    1.693628]   alloc kstat_irqs on node -1
[    1.693673] pcieport 0000:00:17.4: irq 44 for MSI/MSI-X
[    1.693718] pcieport 0000:00:17.4: setting latency timer to 64
[    1.693762]   alloc irq_desc for 45 on node -1
[    1.693764]   alloc kstat_irqs on node -1
[    1.693809] pcieport 0000:00:17.5: irq 45 for MSI/MSI-X
[    1.693854] pcieport 0000:00:17.5: setting latency timer to 64
[    1.693899]   alloc irq_desc for 46 on node -1
[    1.693901]   alloc kstat_irqs on node -1
[    1.693945] pcieport 0000:00:17.6: irq 46 for MSI/MSI-X
[    1.693990] pcieport 0000:00:17.6: setting latency timer to 64
[    1.694035]   alloc irq_desc for 47 on node -1
[    1.694037]   alloc kstat_irqs on node -1
[    1.694082] pcieport 0000:00:17.7: irq 47 for MSI/MSI-X
[    1.694127] pcieport 0000:00:17.7: setting latency timer to 64
[    1.694171]   alloc irq_desc for 48 on node -1
[    1.694173]   alloc kstat_irqs on node -1
[    1.694218] pcieport 0000:00:18.0: irq 48 for MSI/MSI-X
[    1.694263] pcieport 0000:00:18.0: setting latency timer to 64
[    1.694308]   alloc irq_desc for 49 on node -1
[    1.694310]   alloc kstat_irqs on node -1
[    1.694355] pcieport 0000:00:18.1: irq 49 for MSI/MSI-X
[    1.694400] pcieport 0000:00:18.1: setting latency timer to 64
[    1.694444]   alloc irq_desc for 50 on node -1
[    1.694446]   alloc kstat_irqs on node -1
[    1.694491] pcieport 0000:00:18.2: irq 50 for MSI/MSI-X
[    1.694536] pcieport 0000:00:18.2: setting latency timer to 64
[    1.694581]   alloc irq_desc for 51 on node -1
[    1.694583]   alloc kstat_irqs on node -1
[    1.694628] pcieport 0000:00:18.3: irq 51 for MSI/MSI-X
[    1.694672] pcieport 0000:00:18.3: setting latency timer to 64
[    1.694717]   alloc irq_desc for 52 on node -1
[    1.694719]   alloc kstat_irqs on node -1
[    1.694764] pcieport 0000:00:18.4: irq 52 for MSI/MSI-X
[    1.694809] pcieport 0000:00:18.4: setting latency timer to 64
[    1.694854]   alloc irq_desc for 53 on node -1
[    1.694855]   alloc kstat_irqs on node -1
[    1.694900] pcieport 0000:00:18.5: irq 53 for MSI/MSI-X
[    1.694945] pcieport 0000:00:18.5: setting latency timer to 64
[    1.694990]   alloc irq_desc for 54 on node -1
[    1.694992]   alloc kstat_irqs on node -1
[    1.695037] pcieport 0000:00:18.6: irq 54 for MSI/MSI-X
[    1.695081] pcieport 0000:00:18.6: setting latency timer to 64
[    1.695126]   alloc irq_desc for 55 on node -1
[    1.695128]   alloc kstat_irqs on node -1
[    1.695173] pcieport 0000:00:18.7: irq 55 for MSI/MSI-X
[    1.695218] pcieport 0000:00:18.7: setting latency timer to 64
[    1.695263] pci_hotplug: PCI Hot Plug PCI Core version: 0.5
[    1.697068] pciehp 0000:00:15.0:pcie04: HPC vendor_id 15ad device_id 7a0 ss_vid 0 ss_did 0
[    1.697113] pciehp 0000:00:15.0:pcie04: service driver pciehp loaded
[    1.697158] pciehp 0000:00:15.1:pcie04: HPC vendor_id 15ad device_id 7a0 ss_vid 0 ss_did 0
[    1.697202] pciehp 0000:00:15.1:pcie04: service driver pciehp loaded
[    1.697247] pciehp 0000:00:15.2:pcie04: HPC vendor_id 15ad device_id 7a0 ss_vid 0 ss_did 0
[    1.697292] pciehp 0000:00:15.2:pcie04: service driver pciehp loaded
[    1.697337] pciehp 0000:00:15.3:pcie04: HPC vendor_id 15ad device_id 7a0 ss_vid 0 ss_did 0
[    1.697382] pciehp 0000:00:15.3:pcie04: service driver pciehp loaded
[    1.697427] pciehp 0000:00:15.4:pcie04: HPC vendor_id 15ad device_id 7a0 ss_vid 0 ss_did 0
[    1.697471] pciehp 0000:00:15.4:pcie04: service driver pciehp loaded
[    1.697516] pciehp 0000:00:15.5:pcie04: HPC vendor_id 15ad device_id 7a0 ss_vid 0 ss_did 0
[    1.697561] pciehp 0000:00:15.5:pcie04: service driver pciehp loaded
[    1.697606] pciehp 0000:00:15.6:pcie04: HPC vendor_id 15ad device_id 7a0 ss_vid 0 ss_did 0
[    1.697651] pciehp 0000:00:15.6:pcie04: service driver pciehp loaded
[    1.697696] pciehp 0000:00:15.7:pcie04: HPC vendor_id 15ad device_id 7a0 ss_vid 0 ss_did 0
[    1.697740] pciehp 0000:00:15.7:pcie04: service driver pciehp loaded
[    1.697785] pciehp 0000:00:16.0:pcie04: HPC vendor_id 15ad device_id 7a0 ss_vid 0 ss_did 0
[    1.697830] pciehp 0000:00:16.0:pcie04: service driver pciehp loaded
[    1.697875] pciehp 0000:00:16.1:pcie04: HPC vendor_id 15ad device_id 7a0 ss_vid 0 ss_did 0
[    1.697920] pciehp 0000:00:16.1:pcie04: service driver pciehp loaded
[    1.697965] pciehp 0000:00:16.2:pcie04: HPC vendor_id 15ad device_id 7a0 ss_vid 0 ss_did 0
[    1.698009] pciehp 0000:00:16.2:pcie04: service driver pciehp loaded
[    1.698054] pciehp 0000:00:16.3:pcie04: HPC vendor_id 15ad device_id 7a0 ss_vid 0 ss_did 0
[    1.698099] pciehp 0000:00:16.3:pcie04: service driver pciehp loaded
[    1.698144] pciehp 0000:00:16.4:pcie04: HPC vendor_id 15ad device_id 7a0 ss_vid 0 ss_did 0
[    1.698189] pciehp 0000:00:16.4:pcie04: service driver pciehp loaded
[    1.698234] pciehp 0000:00:16.5:pcie04: HPC vendor_id 15ad device_id 7a0 ss_vid 0 ss_did 0
[    1.698278] pciehp 0000:00:16.5:pcie04: service driver pciehp loaded
[    1.698323] pciehp 0000:00:16.6:pcie04: HPC vendor_id 15ad device_id 7a0 ss_vid 0 ss_did 0
[    1.698368] pciehp 0000:00:16.6:pcie04: service driver pciehp loaded
[    1.698413] pciehp 0000:00:16.7:pcie04: HPC vendor_id 15ad device_id 7a0 ss_vid 0 ss_did 0
[    1.698458] pciehp 0000:00:16.7:pcie04: service driver pciehp loaded
[    1.698503] pciehp 0000:00:17.0:pcie04: HPC vendor_id 15ad device_id 7a0 ss_vid 0 ss_did 0
[    1.698547] pciehp 0000:00:17.0:pcie04: service driver pciehp loaded
[    1.698592] pciehp 0000:00:17.1:pcie04: HPC vendor_id 15ad device_id 7a0 ss_vid 0 ss_did 0
[    1.698637] pciehp 0000:00:17.1:pcie04: service driver pciehp loaded
[    1.698682] pciehp 0000:00:17.2:pcie04: HPC vendor_id 15ad device_id 7a0 ss_vid 0 ss_did 0
[    1.698727] pciehp 0000:00:17.2:pcie04: service driver pciehp loaded
[    1.698772] pciehp 0000:00:17.3:pcie04: HPC vendor_id 15ad device_id 7a0 ss_vid 0 ss_did 0
[    1.698816] pciehp 0000:00:17.3:pcie04: service driver pciehp loaded
[    1.698861] pciehp 0000:00:17.4:pcie04: HPC vendor_id 15ad device_id 7a0 ss_vid 0 ss_did 0
[    1.698906] pciehp 0000:00:17.4:pcie04: service driver pciehp loaded
[    1.698951] pciehp 0000:00:17.5:pcie04: HPC vendor_id 15ad device_id 7a0 ss_vid 0 ss_did 0
[    1.698996] pciehp 0000:00:17.5:pcie04: service driver pciehp loaded
[    1.699041] pciehp 0000:00:17.6:pcie04: HPC vendor_id 15ad device_id 7a0 ss_vid 0 ss_did 0
[    1.699085] pciehp 0000:00:17.6:pcie04: service driver pciehp loaded
[    1.699130] pciehp 0000:00:17.7:pcie04: HPC vendor_id 15ad device_id 7a0 ss_vid 0 ss_did 0
[    1.699175] pciehp 0000:00:17.7:pcie04: service driver pciehp loaded
[    1.699220] pciehp 0000:00:18.0:pcie04: HPC vendor_id 15ad device_id 7a0 ss_vid 0 ss_did 0
[    1.699265] pciehp 0000:00:18.0:pcie04: service driver pciehp loaded
[    1.699310] pciehp 0000:00:18.1:pcie04: HPC vendor_id 15ad device_id 7a0 ss_vid 0 ss_did 0
[    1.699354] pciehp 0000:00:18.1:pcie04: service driver pciehp loaded
[    1.699399] pciehp 0000:00:18.2:pcie04: HPC vendor_id 15ad device_id 7a0 ss_vid 0 ss_did 0
[    1.699444] pciehp 0000:00:18.2:pcie04: service driver pciehp loaded
[    1.699489] pciehp 0000:00:18.3:pcie04: HPC vendor_id 15ad device_id 7a0 ss_vid 0 ss_did 0
[    1.699534] pciehp 0000:00:18.3:pcie04: service driver pciehp loaded
[    1.699579] pciehp 0000:00:18.4:pcie04: HPC vendor_id 15ad device_id 7a0 ss_vid 0 ss_did 0
[    1.699623] pciehp 0000:00:18.4:pcie04: service driver pciehp loaded
[    1.699668] pciehp 0000:00:18.5:pcie04: HPC vendor_id 15ad device_id 7a0 ss_vid 0 ss_did 0
[    1.699713] pciehp 0000:00:18.5:pcie04: service driver pciehp loaded
[    1.699758] pciehp 0000:00:18.6:pcie04: HPC vendor_id 15ad device_id 7a0 ss_vid 0 ss_did 0
[    1.699803] pciehp 0000:00:18.6:pcie04: service driver pciehp loaded
[    1.699848] pciehp 0000:00:18.7:pcie04: HPC vendor_id 15ad device_id 7a0 ss_vid 0 ss_did 0
[    1.699892] pciehp 0000:00:18.7:pcie04: service driver pciehp loaded
[    1.699900] pciehp: PCI Express Hot Plug Controller Driver version: 0.4
[    1.699949] ACPI: AC Adapter [ACAD] (on-line)
[    1.700003] input: Power Button as /devices/LNXSYSTM:00/LNXPWRBN:00/input/input0
[    1.700006] ACPI: Power Button [PWRF]
[    1.700051] processor LNXCPU:00: registered as cooling_device0
[    1.740963] isapnp: Scanning for PnP cards...
[    2.094488] isapnp: No Plug & Play device found
[    2.094518] random 0000 0000 0000 5f8db4e5 4cfdf2a8: initializing
[    2.094645] Linux agpgart interface v0.103
[    2.094698] agpgart-intel 0000:00:00.0: Intel 440BX Chipset
[    2.094752] agpgart-intel 0000:00:00.0: AGP aperture is 256M @ 0x0
[    2.094785] Serial: 8250/16550 driver, 32 ports, IRQ sharing enabled
[    2.094838] serial8250: ttyS0 at I/O 0x3f8 (irq = 4) is a 16550A
[    2.094891] serial8250: ttyS1 at I/O 0x2f8 (irq = 3) is a 16550A
[    2.094944] 00:0a: ttyS0 at I/O 0x3f8 (irq = 4) is a 16550A
[    2.094997] 00:0b: ttyS1 at I/O 0x2f8 (irq = 3) is a 16550A
[    2.095050] brd: module loaded
[    2.095103] loop: module loaded
[    2.095156] ata_piix 0000:00:07.1: version 2.13
[    2.095240] scsi0 : ata_piix
[    2.095287] scsi1 : ata_piix
[    2.095308] ata1: PATA max UDMA/33 cmd 0x1f0 ctl 0x3f6 bmdma 0x10c0 irq 14
[    2.095309] ata2: PATA max UDMA/33 cmd 0x170 ctl 0x376 bmdma 0x10c8 irq 15
[    2.095356] PPP generic driver version 2.4.2
[    2.095376] tun: Universal TUN/TAP device driver, 1.6
[    2.095378] tun: (C) 1999-2004 Max Krasnyansky <maxk@qualcomm.com>
[    2.095431] ehci_hcd: USB 2.0 'Enhanced' Host Controller (EHCI) Driver
[    2.095484] ACPI: PCI Interrupt Link [LNKB] enabled at IRQ 11
[    2.095486] PCI: setting IRQ 11 as level-triggered
[    2.095494] ehci_hcd 0000:02:03.0: PCI INT A -> Link[LNKB] -> GSI 11 (level, low) -> IRQ 11
[    2.095535] ehci_hcd 0000:02:03.0: EHCI Host Controller
[    2.095557] ehci_hcd 0000:02:03.0: new USB bus registered, assigned bus number 1
[    2.095610] ehci_hcd 0000:02:03.0: cache line size of 32 is not supported
[    2.095616] ehci_hcd 0000:02:03.0: irq 11, io mem 0xc9000000
[    2.095927] random 0000 0000 0000 00000000 00000000: rand_read_num 3 get_random_bytes(8): sig 00000000 00000000 00000000
[    2.095929] random 0000 0000 0000 00000000 00000000: extract_entropy(.. 8 ..)
[    2.095932] random 0000 0000 0000 00000000 00000000: going to reseed nonblocking with 64 bits (64 of 0 requested)
[    2.095934] random 0000 0000 0000 00000000 00000000: extract_entropy(.. 8 ..)
[    2.095936] random 0000 0000 0000 00000000 00000000: trying to extract 64 bits from input
[    2.095938] random 0000 0000 0000 00000000 00000000: debiting 0 entropy credits from input
[    2.095940] random 0000 0000 0000 00000000 00000000: extract_entropy account returned: 0 
[    2.095943] random 0000 0000 0000 00000000 00000000: urand_change_num 5 xfer_secondary_pool(8): pool_sig 00000000, data_sig 00000000, bytes_mixed 0 00000000 00000000
[    2.095946] random 0000 0000 0000 00000000 00000000: trying to extract 64 bits from nonblocking
[    2.095948] random 0000 0000 0000 00000000 00000000: debiting 64 entropy credits from nonblocking (unlimited)
[    2.095950] random 0000 0000 0000 00000000 00000000: extract_entropy account returned: 8 
[    2.095954] random 0000 0000 0000 00000000 00000000: urand_change_num 6 extract_buf: pool_sig 00000000, data_sig fffffff9, bytes_mixed 20 00000000 00000000
[    2.104401] ehci_hcd 0000:02:03.0: USB 2.0 started, EHCI 1.00
[    2.104454] usb usb1: configuration #1 chosen from 1 choice
[    2.104472] hub 1-0:1.0: USB hub found
[    2.104477] hub 1-0:1.0: 6 ports detected
[    2.104511] ohci_hcd: USB 1.1 'Open' Host Controller (OHCI) Driver
[    2.104522] uhci_hcd: USB Universal Host Controller Interface driver
[    2.104575] ACPI: PCI Interrupt Link [LNKC] enabled at IRQ 10
[    2.104578] PCI: setting IRQ 10 as level-triggered
[    2.104582] uhci_hcd 0000:02:00.0: PCI INT A -> Link[LNKC] -> GSI 10 (level, low) -> IRQ 10
[    2.104617] uhci_hcd 0000:02:00.0: UHCI Host Controller
[    2.104645] uhci_hcd 0000:02:00.0: new USB bus registered, assigned bus number 2
[    2.104752] uhci_hcd 0000:02:00.0: irq 10, io base 0x000020c0
[    2.104805] usb usb2: configuration #1 chosen from 1 choice
[    2.104820] hub 2-0:1.0: USB hub found
[    2.104824] hub 2-0:1.0: 2 ports detected
[    2.104877] usbcore: registered new interface driver libusual
[    2.104903] PNP: PS/2 Controller [PNP0303:KBC,PNP0f13:MOUS] at 0x60,0x64 irq 1,12
[    2.105240] serio: i8042 KBD port at 0x60,0x64 irq 1
[    2.105247] serio: i8042 AUX port at 0x60,0x64 irq 12
[    2.105281] mice: PS/2 mouse device common for all mice
[    2.105334] rtc_cmos 00:04: rtc core: registered rtc_cmos as rtc0
[    2.105350] rtc0: alarms up to one month, y3k, 114 bytes nvram, hpet irqs
[    2.105403] device-mapper: uevent: version 1.0.3
[    2.105533] device-mapper: ioctl: 4.15.0-ioctl (2009-04-01) initialised: dm-devel@redhat.com
[    2.105551] EISA: Probing bus 0 at eisa.0
[    2.105558] Cannot allocate resource for EISA slot 1
[    2.105569] Cannot allocate resource for EISA slot 2
[    2.105571] Cannot allocate resource for EISA slot 3
[    2.105573] Cannot allocate resource for EISA slot 4
[    2.105575] Cannot allocate resource for EISA slot 5
[    2.105576] Cannot allocate resource for EISA slot 6
[    2.105578] Cannot allocate resource for EISA slot 7
[    2.105580] Cannot allocate resource for EISA slot 8
[    2.105582] EISA: Detected 0 cards.
[    2.105626] cpuidle: using governor ladder
[    2.105628] cpuidle: using governor menu
[    2.105681] random 0000 0000 0000 00000000 00000000: rand_read_num 4 get_random_bytes(136): sig 0000021d 00000000 00000000
[    2.105684] random 0000 0000 0000 00000000 00000000: extract_entropy(.. 136 ..)
[    2.105687] random 0000 0000 0000 00000000 00000000: going to reseed nonblocking with 1024 bits (1088 of 0 requested)
[    2.105689] random 0000 0000 0000 00000000 00000000: extract_entropy(.. 128 ..)
[    2.105691] random 0000 0000 0000 00000000 00000000: trying to extract 1024 bits from input
[    2.105693] random 0000 0000 0000 00000000 00000000: debiting 0 entropy credits from input
[    2.105695] random 0000 0000 0000 00000000 00000000: extract_entropy account returned: 0 
[    2.105698] random 0000 0000 0000 00000000 00000000: urand_change_num 7 xfer_secondary_pool(136): pool_sig 0000021d, data_sig 00000000, bytes_mixed 0 00000000 00000000
[    2.105700] random 0000 0000 0000 00000000 00000000: trying to extract 1088 bits from nonblocking
[    2.105703] random 0000 0000 0000 00000000 00000000: debiting 1088 entropy credits from nonblocking (unlimited)
[    2.105705] random 0000 0000 0000 00000000 00000000: extract_entropy account returned: 136 
[    2.105708] random 0000 0000 0000 00000000 00000000: urand_change_num 8 extract_buf: pool_sig 0000021d, data_sig fffffff7, bytes_mixed 20 00000000 00000000
[    2.105713] random 0000 0000 0000 f961ee50 ba9cb1aa: urand_change_num 9 extract_buf: pool_sig 00000230, data_sig fffffeb4, bytes_mixed 20 f961ee50 ba9cb1aa
[    2.105717] random 0000 0000 0000 9748bdd6 56fb8af6: urand_change_num 10 extract_buf: pool_sig 00000373, data_sig 000000cf, bytes_mixed 20 9748bdd6 56fb8af6
[    2.105721] random 0000 0000 0000 9748bdd6 56fb8af6: urand_change_num 11 extract_buf: pool_sig fffffe49, data_sig 0000023f, bytes_mixed 20 9748bdd6 56fb8af6
[    2.105725] random 0000 0000 0000 a135be86 4777650e: urand_change_num 12 extract_buf: pool_sig fffffcce, data_sig 000000c6, bytes_mixed 20 a135be86 4777650e
[    2.105730] random 0000 0000 0000 4a6ea85d 170e00dd: urand_change_num 13 extract_buf: pool_sig ffffff97, data_sig ffffff7d, bytes_mixed 20 4a6ea85d 170e00dd
[    2.105734] random 0000 0000 0000 4a6ea85d 170e00dd: urand_change_num 14 extract_buf: pool_sig 00000160, data_sig fffffeea, bytes_mixed 20 4a6ea85d 170e00dd
[    2.105738] random 0000 0000 0000 6e87c3cb da668c73: urand_change_num 15 extract_buf: pool_sig 0000034f, data_sig ffffff54, bytes_mixed 20 6e87c3cb da668c73
[    2.105742] random 0000 0000 0000 6e87c3cb da668c73: urand_change_num 16 extract_buf: pool_sig fffffdc5, data_sig 00000205, bytes_mixed 20 6e87c3cb da668c73
[    2.105746] random 0000 0000 0000 39f531e6 461eb249: urand_change_num 17 extract_buf: pool_sig fffffc1d, data_sig ffffff5e, bytes_mixed 20 39f531e6 461eb249
[    2.105750] random 0000 0000 0000 7e1538a2 3e661182: urand_change_num 18 extract_buf: pool_sig 000006ef, data_sig ffffff2e, bytes_mixed 20 7e1538a2 3e661182
[    2.105754] random 0000 0000 0000 7e1538a2 3e661182: urand_change_num 19 extract_buf: pool_sig 00000317, data_sig fffffccb, bytes_mixed 20 7e1538a2 3e661182
[    2.105758] random 0000 0000 0000 76af506b 9b57305e: urand_change_num 20 extract_buf: pool_sig 00000227, data_sig ffffffd2, bytes_mixed 20 76af506b 9b57305e
[    2.105763] random 0000 0000 0000 37d49d89 e20417cc: urand_change_num 21 extract_buf: pool_sig 0000080b, data_sig 000001e9, bytes_mixed 20 37d49d89 e20417cc
[    2.105766] TCP cubic registered
[    2.105820] NET: Registered protocol family 10
[    2.105852] RANDOM - __random32 called. Change num 12.  Value: b0a9fbe7	b7a35a2b	c9ef2c48
[    2.105854] RANDOM - random32 called.  Value: b0a9fbe7	b7a35a2b	c9ef2c48
[    2.105863] random 0000 0000 0000 37d49d89 e20417cc: rand_read_num 5 get_random_bytes(4): sig 00000298 37d49d89 e20417cc
[    2.105865] random 0000 0000 0000 37d49d89 e20417cc: extract_entropy(.. 4 ..)
[    2.105867] random 0000 0000 0000 37d49d89 e20417cc: going to reseed nonblocking with 64 bits (32 of 0 requested)
[    2.105869] random 0000 0000 0000 37d49d89 e20417cc: extract_entropy(.. 8 ..)
[    2.105871] random 0000 0000 0000 37d49d89 e20417cc: trying to extract 64 bits from input
[    2.105873] random 0000 0000 0000 37d49d89 e20417cc: debiting 0 entropy credits from input
[    2.105875] random 0000 0000 0000 37d49d89 e20417cc: extract_entropy account returned: 0 
[    2.105878] random 0000 0000 0000 37d49d89 e20417cc: urand_change_num 22 xfer_secondary_pool(4): pool_sig 00000298, data_sig 00000000, bytes_mixed 0 37d49d89 e20417cc
[    2.105880] random 0000 0000 0000 37d49d89 e20417cc: trying to extract 32 bits from nonblocking
[    2.105883] random 0000 0000 0000 37d49d89 e20417cc: debiting 32 entropy credits from nonblocking (unlimited)
[    2.105885] random 0000 0000 0000 37d49d89 e20417cc: extract_entropy account returned: 4 
[    2.105888] random 0000 0000 0000 37d49d89 e20417cc: urand_change_num 23 extract_buf: pool_sig 00000298, data_sig 00000092, bytes_mixed 20 37d49d89 e20417cc
[    2.105941] RANDOM - __random32 called. Change num 13.  Value: 9fbe71fa	7a35a2b4	5890d2c9
[    2.105943] RANDOM - random32 called.  Value: 9fbe71fa	7a35a2b4	5890d2c9
[    2.105996] NET: Registered protocol family 17
[    2.106016] Using IPI No-Shortcut mode
[    2.106022] random 0000 0000 0000 2ee4c4fc 167bdb15: rand_read_num 6 get_random_bytes(8): sig fffffcbf 2ee4c4fc 167bdb15
[    2.106024] random 0000 0000 0000 2ee4c4fc 167bdb15: extract_entropy(.. 8 ..)
[    2.106026] random 0000 0000 0000 2ee4c4fc 167bdb15: going to reseed nonblocking with 64 bits (64 of 0 requested)
[    2.106028] random 0000 0000 0000 2ee4c4fc 167bdb15: extract_entropy(.. 8 ..)
[    2.106030] random 0000 0000 0000 2ee4c4fc 167bdb15: trying to extract 64 bits from input
[    2.106032] random 0000 0000 0000 2ee4c4fc 167bdb15: debiting 0 entropy credits from input
[    2.106034] random 0000 0000 0000 2ee4c4fc 167bdb15: extract_entropy account returned: 0 
[    2.106037] random 0000 0000 0000 2ee4c4fc 167bdb15: urand_change_num 24 xfer_secondary_pool(8): pool_sig fffffcbf, data_sig 00000000, bytes_mixed 0 2ee4c4fc 167bdb15
[    2.106040] random 0000 0000 0000 2ee4c4fc 167bdb15: trying to extract 64 bits from nonblocking
[    2.106042] random 0000 0000 0000 2ee4c4fc 167bdb15: debiting 64 entropy credits from nonblocking (unlimited)
[    2.106044] random 0000 0000 0000 2ee4c4fc 167bdb15: extract_entropy account returned: 8 
[    2.106047] random 0000 0000 0000 2ee4c4fc 167bdb15: urand_change_num 25 extract_buf: pool_sig fffffcbf, data_sig ffffff83, bytes_mixed 20 2ee4c4fc 167bdb15
[    2.106086] PM: Resume from disk failed.
[    2.106093] registered taskstats version 1
[    2.106096] random 0000 0000 0000 2ee4c4fc 167bdb15: rand_read_num 7 get_random_bytes(12): sig fffffc69 2ee4c4fc 167bdb15
[    2.106098] random 0000 0000 0000 2ee4c4fc 167bdb15: extract_entropy(.. 12 ..)
[    2.106100] random 0000 0000 0000 2ee4c4fc 167bdb15: going to reseed nonblocking with 96 bits (96 of 0 requested)
[    2.106102] random 0000 0000 0000 2ee4c4fc 167bdb15: extract_entropy(.. 12 ..)
[    2.106104] random 0000 0000 0000 2ee4c4fc 167bdb15: trying to extract 96 bits from input
[    2.106106] random 0000 0000 0000 2ee4c4fc 167bdb15: debiting 0 entropy credits from input
[    2.106108] random 0000 0000 0000 2ee4c4fc 167bdb15: extract_entropy account returned: 0 
[    2.106111] random 0000 0000 0000 2ee4c4fc 167bdb15: urand_change_num 26 xfer_secondary_pool(12): pool_sig fffffc69, data_sig 00000000, bytes_mixed 0 2ee4c4fc 167bdb15
[    2.106113] random 0000 0000 0000 2ee4c4fc 167bdb15: trying to extract 96 bits from nonblocking
[    2.106116] random 0000 0000 0000 2ee4c4fc 167bdb15: debiting 96 entropy credits from nonblocking (unlimited)
[    2.106118] random 0000 0000 0000 2ee4c4fc 167bdb15: extract_entropy account returned: 12 
[    2.106121] random 0000 0000 0000 2ee4c4fc 167bdb15: urand_change_num 27 extract_buf: pool_sig fffffc69, data_sig ffffff7d, bytes_mixed 20 2ee4c4fc 167bdb15
[    2.106125] random 0000 0000 0000 83b7c1ab 94697f48: urand_change_num 28 extract_buf: pool_sig fffffe30, data_sig fffffdd6, bytes_mixed 20 83b7c1ab 94697f48
[    2.106128] RANDOM - __seed init called.
[    2.106129] RANDOM - __seed init called.
[    2.106159] RANDOM - __seed init called.
[    2.106162] RANDOM - __random32 called. Change num 14.  Value: fc007995	feca4f80	21b38ad2
[    2.106165] RANDOM - random32_reseed called.  Value: fc007995	feca4f80	21b38ad2
[    2.106168] Pid: 1, comm: swapper Not tainted 2.6.32.57 #4
[    2.106170] Call Trace:
[    2.106176]  [<c14a8a0e>] ? printk+0x1d/0x1f
[    2.106215]  [<c17537e5>] random32_reseed+0x89/0xbd
[    2.106219]  [<c1003042>] do_one_initcall+0x32/0x1a0
[    2.106222]  [<c175375c>] ? random32_reseed+0x0/0xbd
[    2.106225]  [<c17308e7>] kernel_init+0x12d/0x17a
[    2.106227]  [<c17307ba>] ? kernel_init+0x0/0x17a
[    2.106230]  [<c1009b07>] kernel_thread_helper+0x7/0x10
[    2.108945] input: AT Translated Set 2 keyboard as /devices/platform/i8042/serio0/input/input1
[    2.109228] random 0000 0000 0000 6db70b00 b30ce96b: rand_read_num 8 get_random_bytes(64): sig fffffb38 6db70b00 b30ce96b
[    2.109231] random 0000 0000 0000 6db70b00 b30ce96b: extract_entropy(.. 64 ..)
[    2.109234] random 0000 0000 0000 6db70b00 b30ce96b: going to reseed nonblocking with 512 bits (512 of 0 requested)
[    2.109236] random 0000 0000 0000 6db70b00 b30ce96b: extract_entropy(.. 64 ..)
[    2.109238] random 0000 0000 0000 6db70b00 b30ce96b: trying to extract 512 bits from input
[    2.109240] random 0000 0000 0000 6db70b00 b30ce96b: debiting 0 entropy credits from input
[    2.109242] random 0000 0000 0000 6db70b00 b30ce96b: extract_entropy account returned: 0 
[    2.109245] random 0000 0000 0000 6db70b00 b30ce96b: urand_change_num 29 xfer_secondary_pool(64): pool_sig fffffb38, data_sig 00000000, bytes_mixed 0 6db70b00 b30ce96b
[    2.109248] random 0000 0000 0000 6db70b00 b30ce96b: trying to extract 512 bits from nonblocking
[    2.109251] random 0000 0000 0000 6db70b00 b30ce96b: debiting 512 entropy credits from nonblocking (unlimited)
[    2.109253] random 0000 0000 0000 6db70b00 b30ce96b: extract_entropy account returned: 64 
[    2.109256] random 0000 0000 0000 6db70b00 b30ce96b: urand_change_num 30 extract_buf: pool_sig fffffb38, data_sig 00000151, bytes_mixed 20 6db70b00 b30ce96b
[    2.109261] random 0000 0000 0000 6db70b00 b30ce96b: urand_change_num 31 extract_buf: pool_sig fffffdb8, data_sig 00000379, bytes_mixed 20 6db70b00 b30ce96b
[    2.109265] random 0000 0000 0000 6b83001e d4b6c0d3: urand_change_num 32 extract_buf: pool_sig ffffffc9, data_sig 00000198, bytes_mixed 20 6b83001e d4b6c0d3
[    2.109270] random 0000 0000 0000 79d3e3c7 be564518: urand_change_num 33 extract_buf: pool_sig 000002b9, data_sig ffffff84, bytes_mixed 20 79d3e3c7 be564518
[    2.109274] random 0000 0000 0000 79d3e3c7 be564518: urand_change_num 34 extract_buf: pool_sig ffffff55, data_sig ffffff5a, bytes_mixed 20 79d3e3c7 be564518
[    2.109279] random 0000 0000 0000 89c03cb2 0d353228: urand_change_num 35 extract_buf: pool_sig 00000007, data_sig ffffff17, bytes_mixed 20 89c03cb2 0d353228
[    2.109284] random 0000 0000 0000 89c03cb2 0d353228: urand_change_num 36 extract_buf: pool_sig fffffdae, data_sig 000000db, bytes_mixed 20 89c03cb2 0d353228  Magic number: 13:27:859
[    2.109378] rtc_cmos 00:04: setting system clock to 2013-05-24 23:49:15 UTC (1369439355)
[    2.109381] BIOS EDD facility v0.16 2004-Jun-25, 0 devices found
[    2.109383] EDD information not available.
[    2.109407] random 0000 0000 0000 8ca62387 b120332c: rand_read_num 9 get_random_bytes(64): sig fffffed6 8ca62387 b120332c
[    2.109409] random 0000 0000 0000 8ca62387 b120332c: extract_entropy(.. 64 ..)
[    2.109411] random 0000 0000 0000 8ca62387 b120332c: going to reseed nonblocking with 512 bits (512 of 0 requested)
[    2.109414] random 0000 0000 0000 8ca62387 b120332c: extract_entropy(.. 64 ..)
[    2.109416] random 0000 0000 0000 8ca62387 b120332c: trying to extract 512 bits from input
[    2.109418] random 0000 0000 0000 8ca62387 b120332c: debiting 0 entropy credits from input
[    2.109420] random 0000 0000 0000 8ca62387 b120332c: extract_entropy account returned: 0 
[    2.109423] random 0000 0000 0000 8ca62387 b120332c: urand_change_num 37 xfer_secondary_pool(64): pool_sig fffffed6, data_sig 00000000, bytes_mixed 0 8ca62387 b120332c
[    2.109426] random 0000 0000 0000 8ca62387 b120332c: trying to extract 512 bits from nonblocking
[    2.109428] random 0000 0000 0000 8ca62387 b120332c: debiting 512 entropy credits from nonblocking (unlimited)
[    2.109430] random 0000 0000 0000 8ca62387 b120332c: extract_entropy account returned: 64 
[    2.109434] random 0000 0000 0000 8ca62387 b120332c: urand_change_num 38 extract_buf: pool_sig fffffed6, data_sig fffffeb6, bytes_mixed 20 8ca62387 b120332c
[    2.109438] random 0000 0000 0000 90702413 e2a66c2e: urand_change_num 39 extract_buf: pool_sig fffffbb0, data_sig 0000012e, bytes_mixed 20 90702413 e2a66c2e
[    2.109443] random 0000 0000 0000 90702413 e2a66c2e: urand_change_num 40 extract_buf: pool_sig fffffaf1, data_sig ffffff3c, bytes_mixed 20 90702413 e2a66c2e
[    2.109447] random 0000 0000 0000 3f58038b c77aecb6: urand_change_num 41 extract_buf: pool_sig 00000234, data_sig fffffdec, bytes_mixed 20 3f58038b c77aecb6
[    2.109452] random 0000 0000 0000 47187b9d 03f21510: urand_change_num 42 extract_buf: pool_sig 00000192, data_sig 00000075, bytes_mixed 20 47187b9d 03f21510
[    2.109456] random 0000 0000 0000 47187b9d 03f21510: urand_change_num 43 extract_buf: pool_sig 0000018e, data_sig ffffffbf, bytes_mixed 20 47187b9d 03f21510
[    2.109460] random 0000 0000 0000 3180b1fc 0fa9c973: urand_change_num 44 extract_buf: pool_sig fffffecf, data_sig ffffff2a, bytes_mixed 20 3180b1fc 0fa9c973
[    2.109463] BEGIN NET_SECRET:
[    2.109464] \xffffff87
[    2.109466] \xffffff8d
[    2.109467] \xfffffff4
[    2.109468] \xffffffae
[    2.109469] \xffffffc3
[    2.109470] \xffffffb7
[    2.109472] \x31
[    2.109473] \x65
[    2.109474] \xffffffda
[    2.109475] \xffffffa2
[    2.109476] \x31
[    2.109477] \xffffffc8
[    2.109478] \xffffffa9
[    2.109480] \x76
[    2.109481] \x76
[    2.109482] \xffffff90
[    2.109483] \x55
[    2.109484] \xfffffff3
[    2.109485] \xffffffb1
[    2.109487] \x3
[    2.109488] \xffffffb3
[    2.109489] \xffffffa7
[    2.109490] \x5a
[    2.109491] \x71
[    2.109492] \x70
[    2.109493] \xffffff8c
[    2.109495] \x56
[    2.109496] \x25
[    2.109497] \xffffffe1
[    2.109498] \x4c
[    2.109499] \xffffffe6
[    2.109500] \xffffff95
[    2.109501] \x67
[    2.109503] \x4c
[    2.109504] \xffffffb9
[    2.109505] \x1d
[    2.109506] \xe
[    2.109507] \x34
[    2.109508] \xffffffbe
[    2.109509] \x12
[    2.109511] \x5
[    2.109512] \xffffff98
[    2.109513] \xffffffa0
[    2.109514] \xf
[    2.109515] \xffffffb2
[    2.109516] \xffffffde
[    2.109518] \xffffff99
[    2.109519] \xf
[    2.109520] \xffffffe8
[    2.109521] \xffffffc8
[    2.109522] \x1f
[    2.109523] \x54
[    2.109524] \x2c
[    2.109525] \xffffffee
[    2.109527] \x2e
[    2.109528] \x0
[    2.109529] \xffffff95
[    2.109530] \x0
[    2.109531] \xffffffe3
[    2.109532] \xffffffa7
[    2.109534] \xfffffffd
[    2.109535] \x66
[    2.109536] \xffffff92
[    2.109537] \xfffffff0
[    2.109538] 
[    2.109539] END NET_SECRET
[    2.109542] random 0000 0000 0000 3180b1fc 0fa9c973: rand_read_num 10 get_random_bytes(4): sig ffffff46 3180b1fc 0fa9c973
[    2.109544] random 0000 0000 0000 3180b1fc 0fa9c973: extract_entropy(.. 4 ..)
[    2.109547] random 0000 0000 0000 3180b1fc 0fa9c973: going to reseed nonblocking with 64 bits (32 of 0 requested)
[    2.109549] random 0000 0000 0000 3180b1fc 0fa9c973: extract_entropy(.. 8 ..)
[    2.109551] random 0000 0000 0000 3180b1fc 0fa9c973: trying to extract 64 bits from input
[    2.109553] random 0000 0000 0000 3180b1fc 0fa9c973: debiting 0 entropy credits from input
[    2.109555] random 0000 0000 0000 3180b1fc 0fa9c973: extract_entropy account returned: 0 
[    2.109558] random 0000 0000 0000 3180b1fc 0fa9c973: urand_change_num 45 xfer_secondary_pool(4): pool_sig ffffff46, data_sig 00000000, bytes_mixed 0 3180b1fc 0fa9c973
[    2.109561] random 0000 0000 0000 3180b1fc 0fa9c973: trying to extract 32 bits from nonblocking
[    2.109563] random 0000 0000 0000 3180b1fc 0fa9c973: debiting 32 entropy credits from nonblocking (unlimited)
[    2.109565] random 0000 0000 0000 3180b1fc 0fa9c973: extract_entropy account returned: 4 
[    2.109569] random 0000 0000 0000 3180b1fc 0fa9c973: urand_change_num 46 extract_buf: pool_sig ffffff46, data_sig 0000001b, bytes_mixed 20 3180b1fc 0fa9c973
[    2.282396] ata2.00: ATAPI: VMware Virtual IDE CDROM Drive, 00000001, max UDMA/33
[    2.282682] ata2.00: configured for UDMA/33
[    2.283080] scsi 1:0:0:0: CD-ROM            NECVMWar VMware IDE CDR10 1.00 PQ: 0 ANSI: 5
[    2.284260] sr0: scsi3-mmc drive: 306x/306x cd/rw xa/form2 cdda tray
[    2.284263] Uniform CD-ROM driver Revision: 3.20
[    2.284317] sr 1:0:0:0: Attached scsi CD-ROM sr0
[    2.284353] sr 1:0:0:0: Attached scsi generic sg0 type 5
[    2.284390] Freeing unused kernel memory: 652k freed
[    2.284443] Write protecting the kernel text: 4840k
[    2.284474] Write protecting the kernel read-only data: 1968k
[    2.284563] random 0000 0000 0000 38974d2b 1d8d6de0: rand_read_num 11 get_random_bytes(16): sig 000001c6 38974d2b 1d8d6de0
