[    0.000000] random 0000 0000 0000 00000000 00000000: rand_read_num 1 get_random_bytes(8): sig 00000000 00000000 00000000
[    0.000000] random 0000 0000 0000 00000000 00000000: extract_entropy(.. 8 ..)
[    0.000000] random 0000 0000 0000 00000000 00000000: going to reseed nonblocking with 64 bits (64 of 0 requested)
[    0.000000] random 0000 0000 0000 00000000 00000000: extract_entropy(.. 8 ..)
[    0.000000] random 0000 0000 0000 00000000 00000000: trying to extract 64 bits from input
[    0.000000] random 0000 0000 0000 00000000 00000000: debiting 0 entropy credits from input
[    0.000000] random 0000 0000 0000 00000000 00000000: extract_entropy account returned: 0 
[    0.000000] random 0000 0000 0000 00000000 00000000: urand_change_num 1 xfer_secondary_pool(8): pool_sig 00000000, data_sig 00000000, bytes_mixed 0 00000000 00000000
[    0.000000] random 0000 0000 0000 00000000 00000000: trying to extract 64 bits from nonblocking
[    0.000000] random 0000 0000 0000 00000000 00000000: debiting 64 entropy credits from nonblocking (unlimited)
[    0.000000] random 0000 0000 0000 00000000 00000000: extract_entropy account returned: 8 
[    0.000000] random 0000 0000 0000 00000000 00000000: urand_change_num 2 extract_buf: pool_sig 00000000, data_sig fffffff9, bytes_mixed 20 00000000 00000000
[    0.000000] Initializing cgroup subsys cpuset
[    0.000000] Initializing cgroup subsys cpu
[    0.000000] Linux version 2.6.32.57 (dcashman@ubuntu) (gcc version 4.6.3 (Ubuntu/Linaro 4.6.3-1ubuntu5) ) #4 SMP Fri May 24 11:09:26 PDT 2013
[    0.000000] KERNEL supported cpus:
[    0.000000]   Intel GenuineIntel
[    0.000000]   AMD AuthenticAMD
[    0.000000]   NSC Geode by NSC
[    0.000000]   Cyrix CyrixInstead
[    0.000000]   Centaur CentaurHauls
[    0.000000]   Transmeta GenuineTMx86
[    0.000000]   Transmeta TransmetaCPU
[    0.000000]   UMC UMC UMC UMC
[    0.000000] BIOS-provided physical RAM map:
[    0.000000]  BIOS-e820: 0000000000000000 - 000000000009f000 (usable)
[    0.000000]  BIOS-e820: 000000000009f000 - 00000000000a0000 (reserved)
[    0.000000]  BIOS-e820: 00000000000ca000 - 00000000000cc000 (reserved)
[    0.000000]  BIOS-e820: 00000000000dc000 - 0000000000100000 (reserved)
[    0.000000]  BIOS-e820: 0000000000100000 - 000000003fee0000 (usable)
[    0.000000]  BIOS-e820: 000000003fee0000 - 000000003feff000 (ACPI data)
[    0.000000]  BIOS-e820: 000000003feff000 - 000000003ff00000 (ACPI NVS)
[    0.000000]  BIOS-e820: 000000003ff00000 - 0000000040000000 (usable)
[    0.000000]  BIOS-e820: 00000000e0000000 - 00000000f0000000 (reserved)
[    0.000000]  BIOS-e820: 00000000fec00000 - 00000000fec10000 (reserved)
[    0.000000]  BIOS-e820: 00000000fee00000 - 00000000fee01000 (reserved)
[    0.000000]  BIOS-e820: 00000000fffe0000 - 0000000100000000 (reserved)
[    0.000000] DMI present.
[    0.000000] Phoenix BIOS detected: BIOS may corrupt low RAM, working around it.
[    0.000000] e820 update range: 0000000000000000 - 0000000000010000 (usable) ==> (reserved)
[    0.000000] last_pfn = 0x40000 max_arch_pfn = 0x1000000
[    0.000000] MTRR default type: uncachable
[    0.000000] MTRR fixed ranges enabled:
[    0.000000]   00000-9FFFF write-back
[    0.000000]   A0000-BFFFF uncachable
[    0.000000]   C0000-CBFFF write-protect
[    0.000000]   CC000-EFFFF uncachable
[    0.000000]   F0000-FFFFF write-protect
[    0.000000] MTRR variable ranges enabled:
[    0.000000]   0 base 0000000000 mask FFC0000000 write-back
[    0.000000]   1 disabled
[    0.000000]   2 disabled
[    0.000000]   3 disabled
[    0.000000]   4 disabled
[    0.000000]   5 disabled
[    0.000000]   6 disabled
[    0.000000]   7 disabled
[    0.000000] x86 PAT enabled: cpu 0, old 0x0, new 0x7010600070106
[    0.000000] Scanning 0 areas for low memory corruption
[    0.000000] modified physical RAM map:
[    0.000000]  modified: 0000000000000000 - 0000000000010000 (reserved)
[    0.000000]  modified: 0000000000010000 - 000000000009f000 (usable)
[    0.000000]  modified: 000000000009f000 - 00000000000a0000 (reserved)
[    0.000000]  modified: 00000000000ca000 - 00000000000cc000 (reserved)
[    0.000000]  modified: 00000000000dc000 - 0000000000100000 (reserved)
[    0.000000]  modified: 0000000000100000 - 000000003fee0000 (usable)
[    0.000000]  modified: 000000003fee0000 - 000000003feff000 (ACPI data)
[    0.000000]  modified: 000000003feff000 - 000000003ff00000 (ACPI NVS)
[    0.000000]  modified: 000000003ff00000 - 0000000040000000 (usable)
[    0.000000]  modified: 00000000e0000000 - 00000000f0000000 (reserved)
[    0.000000]  modified: 00000000fec00000 - 00000000fec10000 (reserved)
[    0.000000]  modified: 00000000fee00000 - 00000000fee01000 (reserved)
[    0.000000]  modified: 00000000fffe0000 - 0000000100000000 (reserved)
[    0.000000] initial memory mapped : 0 - 01e00000
[    0.000000] init_memory_mapping: 0000000000000000-00000000379fe000
[    0.000000] NX (Execute Disable) protection: active
[    0.000000]  0000000000 - 0000200000 page 4k
[    0.000000]  0000200000 - 0037800000 page 2M
[    0.000000]  0037800000 - 00379fe000 page 4k
[    0.000000] kernel direct mapping tables up to 379fe000 @ 10000-16000
[    0.000000] RAMDISK: 2dcfc000 - 32e758c3
[    0.000000] ACPI: RSDP 000f6b80 00024 (v02 PTLTD )
[    0.000000] ACPI: XSDT 3feed636 0005C (v01 INTEL  440BX    06040000 VMW  01324272)
[    0.000000] ACPI: FACP 3fefee98 000F4 (v04 INTEL  440BX    06040000 PTL  000F4240)
[    0.000000] ACPI: DSDT 3feee366 10B32 (v01 PTLTD  Custom   06040000 MSFT 03000001)
[    0.000000] ACPI: FACS 3fefffc0 00040
[    0.000000] ACPI: BOOT 3feee33e 00028 (v01 PTLTD  $SBFTBL$ 06040000  LTP 00000001)
[    0.000000] ACPI: APIC 3feedc3e 003C2 (v01 PTLTD  ? APIC   06040000  LTP 00000000)
[    0.000000] ACPI: MCFG 3feedc02 0003C (v01 PTLTD  $PCITBL$ 06040000  LTP 00000001)
[    0.000000] ACPI: SRAT 3feed732 004D0 (v02 VMWARE MEMPLUG  06040000 VMW  00000001)
[    0.000000] ACPI: HPET 3feed6fa 00038 (v01 VMWARE VMW HPET 06040000 VMW  00000001)
[    0.000000] ACPI: WAET 3feed6d2 00028 (v01 VMWARE VMW WAET 06040000 VMW  00000001)
[    0.000000] ACPI: Local APIC address 0xfee00000
[    0.000000] 134MB HIGHMEM available.
[    0.000000] 889MB LOWMEM available.
[    0.000000]   mapped low ram: 0 - 379fe000
[    0.000000]   low ram: 0 - 379fe000
[    0.000000]   node 0 low ram: 00000000 - 379fe000
[    0.000000]   node 0 bootmap 00012000 - 00018f40
[    0.000000] (9 early reservations) ==> bootmem [0000000000 - 00379fe000]
[    0.000000]   #0 [0000000000 - 0000001000]   BIOS data page ==> [0000000000 - 0000001000]
[    0.000000]   #1 [0000001000 - 0000002000]    EX TRAMPOLINE ==> [0000001000 - 0000002000]
[    0.000000]   #2 [0000006000 - 0000007000]       TRAMPOLINE ==> [0000006000 - 0000007000]
[    0.000000]   #3 [0001000000 - 0001a75ff8]    TEXT DATA BSS ==> [0001000000 - 0001a75ff8]
[    0.000000]   #4 [002dcfc000 - 0032e758c3]          RAMDISK ==> [002dcfc000 - 0032e758c3]
[    0.000000]   #5 [000009f000 - 0000100000]    BIOS reserved ==> [000009f000 - 0000100000]
[    0.000000]   #6 [0001a76000 - 0001a851c0]              BRK ==> [0001a76000 - 0001a851c0]
[    0.000000]   #7 [0000010000 - 0000012000]          PGTABLE ==> [0000010000 - 0000012000]
[    0.000000]   #8 [0000012000 - 0000019000]          BOOTMAP ==> [0000012000 - 0000019000]
[    0.000000] found SMP MP-table at [c00f6bf0] f6bf0
[    0.000000] Zone PFN ranges:
[    0.000000]   DMA      0x00000010 -> 0x00001000
[    0.000000]   Normal   0x00001000 -> 0x000379fe
[    0.000000]   HighMem  0x000379fe -> 0x00040000
[    0.000000] Movable zone start PFN for each node
[    0.000000] early_node_map[3] active PFN ranges
[    0.000000]     0: 0x00000010 -> 0x0000009f
[    0.000000]     0: 0x00000100 -> 0x0003fee0
[    0.000000]     0: 0x0003ff00 -> 0x00040000
[    0.000000] On node 0 totalpages: 261999
[    0.000000] free_area_init_node: node 0, pgdat c1715200, node_mem_map c1a87200
[    0.000000]   DMA zone: 32 pages used for memmap
[    0.000000]   DMA zone: 0 pages reserved
[    0.000000]   DMA zone: 3951 pages, LIFO batch:0
[    0.000000]   Normal zone: 1748 pages used for memmap
[    0.000000]   Normal zone: 221994 pages, LIFO batch:31
[    0.000000]   HighMem zone: 269 pages used for memmap
[    0.000000]   HighMem zone: 34005 pages, LIFO batch:7
[    0.000000] Using APIC driver default
[    0.000000] ACPI: PM-Timer IO Port: 0x1008
[    0.000000] ACPI: Local APIC address 0xfee00000
[    0.000000] ACPI: LAPIC (acpi_id[0x00] lapic_id[0x00] enabled)
[    0.000000] ACPI: LAPIC (acpi_id[0x01] lapic_id[0x02] disabled)
[    0.000000] ACPI: LAPIC (acpi_id[0x02] lapic_id[0x04] disabled)
[    0.000000] ACPI: LAPIC (acpi_id[0x03] lapic_id[0x06] disabled)
[    0.000000] ACPI: LAPIC (acpi_id[0x04] lapic_id[0x08] disabled)
[    0.000000] ACPI: LAPIC (acpi_id[0x05] lapic_id[0x0a] disabled)
[    0.000000] ACPI: LAPIC (acpi_id[0x06] lapic_id[0x0c] disabled)
[    0.000000] ACPI: LAPIC (acpi_id[0x07] lapic_id[0x0e] disabled)
[    0.000000] ACPI: LAPIC (acpi_id[0x08] lapic_id[0x10] disabled)
[    0.000000] ACPI: LAPIC (acpi_id[0x09] lapic_id[0x12] disabled)
[    0.000000] ACPI: LAPIC (acpi_id[0x0a] lapic_id[0x14] disabled)
[    0.000000] ACPI: LAPIC (acpi_id[0x0b] lapic_id[0x16] disabled)
[    0.000000] ACPI: LAPIC (acpi_id[0x0c] lapic_id[0x18] disabled)
[    0.000000] ACPI: LAPIC (acpi_id[0x0d] lapic_id[0x1a] disabled)
[    0.000000] ACPI: LAPIC (acpi_id[0x0e] lapic_id[0x1c] disabled)
[    0.000000] ACPI: LAPIC (acpi_id[0x0f] lapic_id[0x1e] disabled)
[    0.000000] ACPI: LAPIC (acpi_id[0x10] lapic_id[0x20] disabled)
[    0.000000] ACPI: LAPIC (acpi_id[0x11] lapic_id[0x22] disabled)
[    0.000000] ACPI: LAPIC (acpi_id[0x12] lapic_id[0x24] disabled)
[    0.000000] ACPI: LAPIC (acpi_id[0x13] lapic_id[0x26] disabled)
[    0.000000] ACPI: LAPIC (acpi_id[0x14] lapic_id[0x28] disabled)
[    0.000000] ACPI: LAPIC (acpi_id[0x15] lapic_id[0x2a] disabled)
[    0.000000] ACPI: LAPIC (acpi_id[0x16] lapic_id[0x2c] disabled)
[    0.000000] ACPI: LAPIC (acpi_id[0x17] lapic_id[0x2e] disabled)
[    0.000000] ACPI: LAPIC (acpi_id[0x18] lapic_id[0x30] disabled)
[    0.000000] ACPI: LAPIC (acpi_id[0x19] lapic_id[0x32] disabled)
[    0.000000] ACPI: LAPIC (acpi_id[0x1a] lapic_id[0x34] disabled)
[    0.000000] ACPI: LAPIC (acpi_id[0x1b] lapic_id[0x36] disabled)
[    0.000000] ACPI: LAPIC (acpi_id[0x1c] lapic_id[0x38] disabled)
[    0.000000] ACPI: LAPIC (acpi_id[0x1d] lapic_id[0x3a] disabled)
[    0.000000] ACPI: LAPIC (acpi_id[0x1e] lapic_id[0x3c] disabled)
[    0.000000] ACPI: LAPIC (acpi_id[0x1f] lapic_id[0x3e] disabled)
[    0.000000] ACPI: LAPIC (acpi_id[0x20] lapic_id[0x40] disabled)
[    0.000000] ACPI: LAPIC (acpi_id[0x21] lapic_id[0x42] disabled)
[    0.000000] ACPI: LAPIC (acpi_id[0x22] lapic_id[0x44] disabled)
[    0.000000] ACPI: LAPIC (acpi_id[0x23] lapic_id[0x46] disabled)
[    0.000000] ACPI: LAPIC (acpi_id[0x24] lapic_id[0x48] disabled)
[    0.000000] ACPI: LAPIC (acpi_id[0x25] lapic_id[0x4a] disabled)
[    0.000000] ACPI: LAPIC (acpi_id[0x26] lapic_id[0x4c] disabled)
[    0.000000] ACPI: LAPIC (acpi_id[0x27] lapic_id[0x4e] disabled)
[    0.000000] ACPI: LAPIC (acpi_id[0x28] lapic_id[0x50] disabled)
[    0.000000] ACPI: LAPIC (acpi_id[0x29] lapic_id[0x52] disabled)
[    0.000000] ACPI: LAPIC (acpi_id[0x2a] lapic_id[0x54] disabled)
[    0.000000] ACPI: LAPIC (acpi_id[0x2b] lapic_id[0x56] disabled)
[    0.000000] ACPI: LAPIC (acpi_id[0x2c] lapic_id[0x58] disabled)
[    0.000000] ACPI: LAPIC (acpi_id[0x2d] lapic_id[0x5a] disabled)
[    0.000000] ACPI: LAPIC (acpi_id[0x2e] lapic_id[0x5c] disabled)
[    0.000000] ACPI: LAPIC (acpi_id[0x2f] lapic_id[0x5e] disabled)
[    0.000000] ACPI: LAPIC (acpi_id[0x30] lapic_id[0x60] disabled)
[    0.000000] ACPI: LAPIC (acpi_id[0x31] lapic_id[0x62] disabled)
[    0.000000] ACPI: LAPIC (acpi_id[0x32] lapic_id[0x64] disabled)
[    0.000000] ACPI: LAPIC (acpi_id[0x33] lapic_id[0x66] disabled)
[    0.000000] ACPI: LAPIC (acpi_id[0x34] lapic_id[0x68] disabled)
[    0.000000] ACPI: LAPIC (acpi_id[0x35] lapic_id[0x6a] disabled)
[    0.000000] ACPI: LAPIC (acpi_id[0x36] lapic_id[0x6c] disabled)
[    0.000000] ACPI: LAPIC (acpi_id[0x37] lapic_id[0x6e] disabled)
[    0.000000] ACPI: LAPIC (acpi_id[0x38] lapic_id[0x70] disabled)
[    0.000000] ACPI: LAPIC (acpi_id[0x39] lapic_id[0x72] disabled)
[    0.000000] ACPI: LAPIC (acpi_id[0x3a] lapic_id[0x74] disabled)
[    0.000000] ACPI: LAPIC (acpi_id[0x3b] lapic_id[0x76] disabled)
[    0.000000] ACPI: LAPIC (acpi_id[0x3c] lapic_id[0x78] disabled)
[    0.000000] ACPI: LAPIC (acpi_id[0x3d] lapic_id[0x7a] disabled)
[    0.000000] ACPI: LAPIC (acpi_id[0x3e] lapic_id[0x7c] disabled)
[    0.000000] ACPI: LAPIC (acpi_id[0x3f] lapic_id[0x7e] disabled)
[    0.000000] ACPI: LAPIC_NMI (acpi_id[0x00] high edge lint[0x1])
[    0.000000] ACPI: LAPIC_NMI (acpi_id[0x01] high edge lint[0x1])
[    0.000000] ACPI: LAPIC_NMI (acpi_id[0x02] high edge lint[0x1])
[    0.000000] ACPI: LAPIC_NMI (acpi_id[0x03] high edge lint[0x1])
[    0.000000] ACPI: LAPIC_NMI (acpi_id[0x04] high edge lint[0x1])
[    0.000000] ACPI: LAPIC_NMI (acpi_id[0x05] high edge lint[0x1])
[    0.000000] ACPI: LAPIC_NMI (acpi_id[0x06] high edge lint[0x1])
[    0.000000] ACPI: LAPIC_NMI (acpi_id[0x07] high edge lint[0x1])
[    0.000000] ACPI: LAPIC_NMI (acpi_id[0x08] high edge lint[0x1])
[    0.000000] ACPI: LAPIC_NMI (acpi_id[0x09] high edge lint[0x1])
[    0.000000] ACPI: LAPIC_NMI (acpi_id[0x0a] high edge lint[0x1])
[    0.000000] ACPI: LAPIC_NMI (acpi_id[0x0b] high edge lint[0x1])
[    0.000000] ACPI: LAPIC_NMI (acpi_id[0x0c] high edge lint[0x1])
[    0.000000] ACPI: LAPIC_NMI (acpi_id[0x0d] high edge lint[0x1])
[    0.000000] ACPI: LAPIC_NMI (acpi_id[0x0e] high edge lint[0x1])
[    0.000000] ACPI: LAPIC_NMI (acpi_id[0x0f] high edge lint[0x1])
[    0.000000] ACPI: LAPIC_NMI (acpi_id[0x10] high edge lint[0x1])
[    0.000000] ACPI: LAPIC_NMI (acpi_id[0x11] high edge lint[0x1])
[    0.000000] ACPI: LAPIC_NMI (acpi_id[0x12] high edge lint[0x1])
[    0.000000] ACPI: LAPIC_NMI (acpi_id[0x13] high edge lint[0x1])
[    0.000000] ACPI: LAPIC_NMI (acpi_id[0x14] high edge lint[0x1])
[    0.000000] ACPI: LAPIC_NMI (acpi_id[0x15] high edge lint[0x1])
[    0.000000] ACPI: LAPIC_NMI (acpi_id[0x16] high edge lint[0x1])
[    0.000000] ACPI: LAPIC_NMI (acpi_id[0x17] high edge lint[0x1])
[    0.000000] ACPI: LAPIC_NMI (acpi_id[0x18] high edge lint[0x1])
[    0.000000] ACPI: LAPIC_NMI (acpi_id[0x19] high edge lint[0x1])
[    0.000000] ACPI: LAPIC_NMI (acpi_id[0x1a] high edge lint[0x1])
[    0.000000] ACPI: LAPIC_NMI (acpi_id[0x1b] high edge lint[0x1])
[    0.000000] ACPI: LAPIC_NMI (acpi_id[0x1c] high edge lint[0x1])
[    0.000000] ACPI: LAPIC_NMI (acpi_id[0x1d] high edge lint[0x1])
[    0.000000] ACPI: LAPIC_NMI (acpi_id[0x1e] high edge lint[0x1])
[    0.000000] ACPI: LAPIC_NMI (acpi_id[0x1f] high edge lint[0x1])
[    0.000000] ACPI: LAPIC_NMI (acpi_id[0x20] high edge lint[0x1])
[    0.000000] ACPI: LAPIC_NMI (acpi_id[0x21] high edge lint[0x1])
[    0.000000] ACPI: LAPIC_NMI (acpi_id[0x22] high edge lint[0x1])
[    0.000000] ACPI: LAPIC_NMI (acpi_id[0x23] high edge lint[0x1])
[    0.000000] ACPI: LAPIC_NMI (acpi_id[0x24] high edge lint[0x1])
[    0.000000] ACPI: LAPIC_NMI (acpi_id[0x25] high edge lint[0x1])
[    0.000000] ACPI: LAPIC_NMI (acpi_id[0x26] high edge lint[0x1])
[    0.000000] ACPI: LAPIC_NMI (acpi_id[0x27] high edge lint[0x1])
[    0.000000] ACPI: LAPIC_NMI (acpi_id[0x28] high edge lint[0x1])
[    0.000000] ACPI: LAPIC_NMI (acpi_id[0x29] high edge lint[0x1])
[    0.000000] ACPI: LAPIC_NMI (acpi_id[0x2a] high edge lint[0x1])
[    0.000000] ACPI: LAPIC_NMI (acpi_id[0x2b] high edge lint[0x1])
[    0.000000] ACPI: LAPIC_NMI (acpi_id[0x2c] high edge lint[0x1])
[    0.000000] ACPI: LAPIC_NMI (acpi_id[0x2d] high edge lint[0x1])
[    0.000000] ACPI: LAPIC_NMI (acpi_id[0x2e] high edge lint[0x1])
[    0.000000] ACPI: LAPIC_NMI (acpi_id[0x2f] high edge lint[0x1])
[    0.000000] ACPI: LAPIC_NMI (acpi_id[0x30] high edge lint[0x1])
[    0.000000] ACPI: LAPIC_NMI (acpi_id[0x31] high edge lint[0x1])
[    0.000000] ACPI: LAPIC_NMI (acpi_id[0x32] high edge lint[0x1])
[    0.000000] ACPI: LAPIC_NMI (acpi_id[0x33] high edge lint[0x1])
[    0.000000] ACPI: LAPIC_NMI (acpi_id[0x34] high edge lint[0x1])
[    0.000000] ACPI: LAPIC_NMI (acpi_id[0x35] high edge lint[0x1])
[    0.000000] ACPI: LAPIC_NMI (acpi_id[0x36] high edge lint[0x1])
[    0.000000] ACPI: LAPIC_NMI (acpi_id[0x37] high edge lint[0x1])
[    0.000000] ACPI: LAPIC_NMI (acpi_id[0x38] high edge lint[0x1])
[    0.000000] ACPI: LAPIC_NMI (acpi_id[0x39] high edge lint[0x1])
[    0.000000] ACPI: LAPIC_NMI (acpi_id[0x3a] high edge lint[0x1])
[    0.000000] ACPI: LAPIC_NMI (acpi_id[0x3b] high edge lint[0x1])
[    0.000000] ACPI: LAPIC_NMI (acpi_id[0x3c] high edge lint[0x1])
[    0.000000] ACPI: LAPIC_NMI (acpi_id[0x3d] high edge lint[0x1])
[    0.000000] ACPI: LAPIC_NMI (acpi_id[0x3e] high edge lint[0x1])
[    0.000000] ACPI: LAPIC_NMI (acpi_id[0x3f] high edge lint[0x1])
[    0.000000] ACPI: Skipping IOAPIC probe due to 'noapic' option.
[    0.000000] Using ACPI for processor (LAPIC) configuration information
[    0.000000] ACPI: HPET id: 0x8086af01 base: 0xfed00000
[    0.000000] Intel MultiProcessor Specification v1.4
[    0.000000]     Virtual Wire compatibility mode.
[    0.000000] MPTABLE: OEM ID: INTEL   
[    0.000000] MPTABLE: Product ID: 440BX       
[    0.000000] MPTABLE: APIC at: 0xFEE00000
[    0.000000] I/O APIC #1 Version 17 at 0xFEC00000.
[    0.000000] Processors: 1
[    0.000000] 64 Processors exceeds NR_CPUS limit of 8
[    0.000000] SMP: Allowing 8 CPUs, 7 hotplug CPUs
[    0.000000] nr_irqs_gsi: 24
[    0.000000] PM: Registered nosave memory: 000000000009f000 - 00000000000a0000
[    0.000000] PM: Registered nosave memory: 00000000000a0000 - 00000000000ca000
[    0.000000] PM: Registered nosave memory: 00000000000ca000 - 00000000000cc000
[    0.000000] PM: Registered nosave memory: 00000000000cc000 - 00000000000dc000
[    0.000000] PM: Registered nosave memory: 00000000000dc000 - 0000000000100000
[    0.000000] Allocating PCI resources starting at 40000000 (gap: 40000000:a0000000)
[    0.000000] Booting paravirtualized kernel on bare hardware
[    0.000000] NR_CPUS:8 nr_cpumask_bits:8 nr_cpu_ids:8 nr_node_ids:1
[    0.000000] PERCPU: Embedded 15 pages/cpu @c2400000 s39320 r0 d22120 u262144
[    0.000000] pcpu-alloc: s39320 r0 d22120 u262144 alloc=1*2097152
[    0.000000] pcpu-alloc: [0] 0 1 2 3 4 5 6 7 
[    0.000000] Built 1 zonelists in Zone order, mobility grouping on.  Total pages: 259950
[    0.000000] Kernel command line: BOOT_IMAGE=/boot/vmlinuz-2.6.32.57 root=UUID=007b598c-390d-4c65-84a1-4ff752d48633 ro quiet splash maxcpus=0
[    0.000000] PID hash table entries: 4096 (order: 2, 16384 bytes)
[    0.000000] Dentry cache hash table entries: 131072 (order: 7, 524288 bytes)
[    0.000000] Inode-cache hash table entries: 65536 (order: 6, 262144 bytes)
[    0.000000] Enabling fast FPU save and restore... done.
[    0.000000] Enabling unmasked SIMD FPU exception support... done.
[    0.000000] Initializing CPU#0
[    0.000000] xsave/xrstor: enabled xstate_bv 0x7, cntxt size 0x340
[    0.000000] allocated 5242560 bytes of page_cgroup
[    0.000000] please try 'cgroup_disable=memory' option if you don't want memory cgroups
[    0.000000] Initializing HighMem for node 0 (000379fe:00040000)
[    0.000000] Memory: 938260k/1048576k available (4839k kernel code, 108848k reserved, 2518k data, 652k init, 137096k highmem)
[    0.000000] virtual kernel memory layout:
[    0.000000]     fixmap  : 0xfff1e000 - 0xfffff000   ( 900 kB)
[    0.000000]     pkmap   : 0xffa00000 - 0xffc00000   (2048 kB)
[    0.000000]     vmalloc : 0xf81fe000 - 0xff9fe000   ( 120 MB)
[    0.000000]     lowmem  : 0xc0000000 - 0xf79fe000   ( 889 MB)
[    0.000000]       .init : 0xc1730000 - 0xc17d3000   ( 652 kB)
[    0.000000]       .data : 0xc14b9cce - 0xc172f764   (2518 kB)
[    0.000000]       .text : 0xc1000000 - 0xc14b9cce   (4839 kB)
[    0.000000] Checking if this processor honours the WP bit even in supervisor mode...Ok.
[    0.000000] SLUB: Genslabs=13, HWalign=64, Order=0-3, MinObjects=0, CPUs=8, Nodes=1
[    0.000000] Hierarchical RCU implementation.
[    0.000000] NR_IRQS:2304 nr_irqs:472
[    0.000000] Extended CMOS year: 2000
[    0.000000] Console: colour VGA+ 80x25
[    0.000000] console [tty0] enabled
[    0.000000] hpet clockevent registered
[    0.000000] TSC freq read from hypervisor : 2394.620 MHz
[    0.000000] Detected 2394.620 MHz processor.
[    0.000003] Calibrating delay loop (skipped) preset value.. 4789.24 BogoMIPS (lpj=9578480)
[    0.000011] Security Framework initialized
[    0.000014] SELinux:  Disabled at boot.
[    0.000018] Mount-cache hash table entries: 512
[    0.000115] Initializing cgroup subsys cpuacct
[    0.000118] Initializing cgroup subsys memory
[    0.000122] Initializing cgroup subsys devices
[    0.000123] Initializing cgroup subsys freezer
[    0.000149] CPU: Physical Processor ID: 0
[    0.000156] CPU: L1 I cache: 32K, L1 D cache: 32K
[    0.000157] CPU: L2 cache: 256K
[    0.000158] CPU: L3 cache: 4096K
[    0.000163] mce: CPU supports 0 MCE banks
[    0.000174] Performance Events: no PMU driver, software events only.
[    0.000184] Checking 'hlt' instruction... OK.
[    0.017675] SMP alternatives: switching to UP code
[    0.032107] ACPI: Core revision 20090903
[    0.038320] ACPI: setting ELCR to 0200 (from 0e20)
[    0.039385] ftrace: converting mcount calls to 0f 1f 44 00 00
[    0.039390] ftrace: allocating 22631 entries in 45 pages
[    0.056512] CANARY value: b3794aec for PID: 1
[    0.056542] Not enabling x2apic, Intr-remapping init failed.
[    0.056544] Enabling APIC mode:  Flat.  Using 1 I/O APICs
[    0.056551] SMP mode deactivated.
[    0.056576] SMP disabled
[    0.056629] Brought up 1 CPUs
[    0.056631] Total of 1 processors activated (4789.24 BogoMIPS).
[    0.056635] CPU0 attaching NULL sched-domain.
[    0.056702] devtmpfs: initialized
[    0.056806] sysctl table check failed: /kernel/random/now_input .1.40.7 Unknown sysctl binary path
[    0.057047] Pid: 1, comm: swapper Not tainted 2.6.32.57 #4
[    0.057048] Call Trace:
[    0.057052]  [<c14a8a0e>] ? printk+0x1d/0x1f
[    0.057055]  [<c107b56f>] set_fail+0x4f/0x60
[    0.057057]  [<c107b8b3>] sysctl_check_table+0x333/0x620
[    0.057059]  [<c107b8cc>] sysctl_check_table+0x34c/0x620
[    0.057060]  [<c107b8cc>] sysctl_check_table+0x34c/0x620
[    0.057064]  [<c1746d48>] sysctl_init+0x25/0x29
[    0.057066]  [<c1003042>] do_one_initcall+0x32/0x1a0
[    0.057068]  [<c1746d23>] ? sysctl_init+0x0/0x29
[    0.057071]  [<c17308e7>] kernel_init+0x12d/0x17a
[    0.057072]  [<c17307ba>] ? kernel_init+0x0/0x17a
[    0.057075]  [<c1009b07>] kernel_thread_helper+0x7/0x10
[    0.057076] sysctl table check failed: /kernel/random/now_blocking .1.40.8 Unknown sysctl binary path
[    0.057344] Pid: 1, comm: swapper Not tainted 2.6.32.57 #4
[    0.057345] Call Trace:
[    0.057347]  [<c14a8a0e>] ? printk+0x1d/0x1f
[    0.057348]  [<c107b56f>] set_fail+0x4f/0x60
[    0.057350]  [<c107b8b3>] sysctl_check_table+0x333/0x620
[    0.057352]  [<c107b8cc>] sysctl_check_table+0x34c/0x620
[    0.057353]  [<c107b8cc>] sysctl_check_table+0x34c/0x620
[    0.057355]  [<c1746d48>] sysctl_init+0x25/0x29
[    0.057357]  [<c1003042>] do_one_initcall+0x32/0x1a0
[    0.057359]  [<c1746d23>] ? sysctl_init+0x0/0x29
[    0.057361]  [<c17308e7>] kernel_init+0x12d/0x17a
[    0.057362]  [<c17307ba>] ? kernel_init+0x0/0x17a
[    0.057364]  [<c1009b07>] kernel_thread_helper+0x7/0x10
[    0.057365] sysctl table check failed: /kernel/random/now_nonblocking .1.40.9 Unknown sysctl binary path
[    0.057595] Pid: 1, comm: swapper Not tainted 2.6.32.57 #4
[    0.057596] Call Trace:
[    0.057597]  [<c14a8a0e>] ? printk+0x1d/0x1f
[    0.057598]  [<c107b56f>] set_fail+0x4f/0x60
[    0.057600]  [<c107b8b3>] sysctl_check_table+0x333/0x620
[    0.057602]  [<c107b8cc>] sysctl_check_table+0x34c/0x620
[    0.057603]  [<c107b8cc>] sysctl_check_table+0x34c/0x620
[    0.057605]  [<c1746d48>] sysctl_init+0x25/0x29
[    0.057607]  [<c1003042>] do_one_initcall+0x32/0x1a0
[    0.057609]  [<c1746d23>] ? sysctl_init+0x0/0x29
[    0.057610]  [<c17308e7>] kernel_init+0x12d/0x17a
[    0.057612]  [<c17307ba>] ? kernel_init+0x0/0x17a
[    0.057613]  [<c1009b07>] kernel_thread_helper+0x7/0x10
[    0.057615] sysctl table check failed: /kernel/random/nb_input_bytes .1.40.10 Unknown sysctl binary path
[    0.057844] Pid: 1, comm: swapper Not tainted 2.6.32.57 #4
[    0.057845] Call Trace:
[    0.057847]  [<c14a8a0e>] ? printk+0x1d/0x1f
[    0.057848]  [<c107b56f>] set_fail+0x4f/0x60
[    0.057850]  [<c107b8b3>] sysctl_check_table+0x333/0x620
[    0.057851]  [<c107b8cc>] sysctl_check_table+0x34c/0x620
[    0.057853]  [<c107b8cc>] sysctl_check_table+0x34c/0x620
[    0.057855]  [<c1746d48>] sysctl_init+0x25/0x29
[    0.057856]  [<c1003042>] do_one_initcall+0x32/0x1a0
[    0.057858]  [<c1746d23>] ? sysctl_init+0x0/0x29
[    0.057860]  [<c17308e7>] kernel_init+0x12d/0x17a
[    0.057861]  [<c17307ba>] ? kernel_init+0x0/0x17a
[    0.057863]  [<c1009b07>] kernel_thread_helper+0x7/0x10
[    0.057864] sysctl table check failed: /kernel/random/nb_stir_count .1.40.11 Unknown sysctl binary path
[    0.058093] Pid: 1, comm: swapper Not tainted 2.6.32.57 #4
[    0.058094] Call Trace:
[    0.058095]  [<c14a8a0e>] ? printk+0x1d/0x1f
[    0.058096]  [<c107b56f>] set_fail+0x4f/0x60
[    0.058098]  [<c107b8b3>] sysctl_check_table+0x333/0x620
[    0.058099]  [<c107b8cc>] sysctl_check_table+0x34c/0x620
[    0.058101]  [<c107b8cc>] sysctl_check_table+0x34c/0x620
[    0.058103]  [<c1746d48>] sysctl_init+0x25/0x29
[    0.058105]  [<c1003042>] do_one_initcall+0x32/0x1a0
[    0.058107]  [<c1746d23>] ? sysctl_init+0x0/0x29
[    0.058108]  [<c17308e7>] kernel_init+0x12d/0x17a
[    0.058110]  [<c17307ba>] ? kernel_init+0x0/0x17a
[    0.058111]  [<c1009b07>] kernel_thread_helper+0x7/0x10
[    0.058113] sysctl table check failed: /kernel/random/nb_reentry_count .1.40.12 Unknown sysctl binary path
[    0.058385] Pid: 1, comm: swapper Not tainted 2.6.32.57 #4
[    0.058385] Call Trace:
[    0.058387]  [<c14a8a0e>] ? printk+0x1d/0x1f
[    0.058389]  [<c107b56f>] set_fail+0x4f/0x60
[    0.058390]  [<c107b8b3>] sysctl_check_table+0x333/0x620
[    0.058392]  [<c107b8cc>] sysctl_check_table+0x34c/0x620
[    0.058393]  [<c107b8cc>] sysctl_check_table+0x34c/0x620
[    0.058396]  [<c1746d48>] sysctl_init+0x25/0x29
[    0.058397]  [<c1003042>] do_one_initcall+0x32/0x1a0
[    0.058399]  [<c1746d23>] ? sysctl_init+0x0/0x29
[    0.058401]  [<c17308e7>] kernel_init+0x12d/0x17a
[    0.058402]  [<c17307ba>] ? kernel_init+0x0/0x17a
[    0.058404]  [<c1009b07>] kernel_thread_helper+0x7/0x10
[    0.058515] RANDOM - __seed init called.
[    0.058515] RANDOM - __seed init called.
[    0.058516] RANDOM - __seed init called.
[    0.058517] RANDOM - __random32 called. Change num 1.  Value: 7576a435	efb61e22	b7f78320
[    0.058519] RANDOM - __random32 called. Change num 2.  Value: 6a43543e	fb61e228	6410973
[    0.058520] RANDOM - __random32 called. Change num 3.  Value: 3543e018	b61e228b	12e68928
[    0.058521] RANDOM - __random32 called. Change num 4.  Value: 3e018928	61e228b7	1250ba58
[    0.058522] RANDOM - __random32 called. Change num 5.  Value: 189281e4	1e228b73	74b01aad
[    0.058524] RANDOM - __random32 called. Change num 6.  Value: 281e4915	e228b733	355a2619
[    0.058525] RANDOM - random32 init called.  Value: 281e4915	e228b733	355a2619
[    0.058530] regulator: core version 0.5
[    0.058589] Time:  0:56:57  Date: 05/25/13
[    0.058622] NET: Registered protocol family 16
[    0.058683] EISA bus registered
[    0.059511] ACPI: bus type pci registered
[    0.059622] PCI: MCFG configuration 0: base e0000000 segment 0 buses 0 - 255
[    0.059625] PCI: MCFG area at e0000000 reserved in E820
[    0.059626] PCI: Using MMCONFIG for extended config space
[    0.059627] PCI: Using configuration type 1 for base access
[    0.060144] bio: create slab <bio-0> at 0
[    0.061388] ACPI: EC: Look up EC in DSDT
[    0.097442] ACPI: BIOS _OSI(Linux) query ignored
[    0.103213] ACPI: Interpreter enabled
[    0.103217] ACPI: (supports S0 S1 S4 S5)
[    0.103229] ACPI: Using PIC for interrupt routing
[    0.185245] ACPI: No dock devices found.
[    0.186044] ACPI: PCI Root Bridge [PCI0] (0000:00)
[    0.187572] pci 0000:00:07.1: reg 20 io port: [0x10c0-0x10cf]
[    0.188090] pci 0000:00:07.3: quirk: region 1000-103f claimed by PIIX4 ACPI
[    0.188101] pci 0000:00:07.3: quirk: region 1040-104f claimed by PIIX4 SMB
[    0.188624] pci 0000:00:07.7: reg 10 io port: [0x1080-0x10bf]
[    0.189010] pci 0000:00:07.7: reg 14 64bit mmio: [0xc8000000-0xc8001fff]
[    0.190098] pci 0000:00:0f.0: reg 10 io port: [0x10d0-0x10df]
[    0.190135] pci 0000:00:0f.0: reg 14 32bit mmio pref: [0xd0000000-0xd7ffffff]
[    0.190170] pci 0000:00:0f.0: reg 18 32bit mmio: [0xc8800000-0xc8ffffff]
[    0.190306] pci 0000:00:0f.0: reg 30 32bit mmio pref: [0x000000-0x007fff]
[    0.190800] pci 0000:00:10.0: reg 10 io port: [0x1400-0x14ff]
[    0.191171] pci 0000:00:10.0: reg 14 64bit mmio: [0xc8040000-0xc805ffff]
[    0.191514] pci 0000:00:10.0: reg 1c 64bit mmio: [0xc8020000-0xc803ffff]
[    0.191584] pci 0000:00:10.0: reg 30 32bit mmio pref: [0x000000-0x003fff]
[    0.192897] pci 0000:00:15.0: PME# supported from D0 D3hot D3cold
[    0.192917] pci 0000:00:15.0: PME# disabled
[    0.193735] pci 0000:00:15.1: PME# supported from D0 D3hot D3cold
[    0.193754] pci 0000:00:15.1: PME# disabled
[    0.194586] pci 0000:00:15.2: PME# supported from D0 D3hot D3cold
[    0.194604] pci 0000:00:15.2: PME# disabled
[    0.195439] pci 0000:00:15.3: PME# supported from D0 D3hot D3cold
[    0.195458] pci 0000:00:15.3: PME# disabled
[    0.196291] pci 0000:00:15.4: PME# supported from D0 D3hot D3cold
[    0.196310] pci 0000:00:15.4: PME# disabled
[    0.197127] pci 0000:00:15.5: PME# supported from D0 D3hot D3cold
[    0.197146] pci 0000:00:15.5: PME# disabled
[    0.197977] pci 0000:00:15.6: PME# supported from D0 D3hot D3cold
[    0.198001] pci 0000:00:15.6: PME# disabled
[    0.198862] pci 0000:00:15.7: PME# supported from D0 D3hot D3cold
[    0.198882] pci 0000:00:15.7: PME# disabled
[    0.199782] pci 0000:00:16.0: PME# supported from D0 D3hot D3cold
[    0.199802] pci 0000:00:16.0: PME# disabled
[    0.200661] pci 0000:00:16.1: PME# supported from D0 D3hot D3cold
[    0.200681] pci 0000:00:16.1: PME# disabled
[    0.201543] pci 0000:00:16.2: PME# supported from D0 D3hot D3cold
[    0.201563] pci 0000:00:16.2: PME# disabled
[    0.202425] pci 0000:00:16.3: PME# supported from D0 D3hot D3cold
[    0.202445] pci 0000:00:16.3: PME# disabled
[    0.203328] pci 0000:00:16.4: PME# supported from D0 D3hot D3cold
[    0.203347] pci 0000:00:16.4: PME# disabled
[    0.204175] pci 0000:00:16.5: PME# supported from D0 D3hot D3cold
[    0.204194] pci 0000:00:16.5: PME# disabled
[    0.205016] pci 0000:00:16.6: PME# supported from D0 D3hot D3cold
[    0.205035] pci 0000:00:16.6: PME# disabled
[    0.205831] pci 0000:00:16.7: PME# supported from D0 D3hot D3cold
[    0.205850] pci 0000:00:16.7: PME# disabled
[    0.206674] pci 0000:00:17.0: PME# supported from D0 D3hot D3cold
[    0.206693] pci 0000:00:17.0: PME# disabled
[    0.207523] pci 0000:00:17.1: PME# supported from D0 D3hot D3cold
[    0.207542] pci 0000:00:17.1: PME# disabled
[    0.208418] pci 0000:00:17.2: PME# supported from D0 D3hot D3cold
[    0.208440] pci 0000:00:17.2: PME# disabled
[    0.209317] pci 0000:00:17.3: PME# supported from D0 D3hot D3cold
[    0.209338] pci 0000:00:17.3: PME# disabled
[    0.210196] pci 0000:00:17.4: PME# supported from D0 D3hot D3cold
[    0.210216] pci 0000:00:17.4: PME# disabled
[    0.211085] pci 0000:00:17.5: PME# supported from D0 D3hot D3cold
[    0.211103] pci 0000:00:17.5: PME# disabled
[    0.211919] pci 0000:00:17.6: PME# supported from D0 D3hot D3cold
[    0.211939] pci 0000:00:17.6: PME# disabled
[    0.212746] pci 0000:00:17.7: PME# supported from D0 D3hot D3cold
[    0.212764] pci 0000:00:17.7: PME# disabled
[    0.213590] pci 0000:00:18.0: PME# supported from D0 D3hot D3cold
[    0.213609] pci 0000:00:18.0: PME# disabled
[    0.214432] pci 0000:00:18.1: PME# supported from D0 D3hot D3cold
[    0.214451] pci 0000:00:18.1: PME# disabled
[    0.215278] pci 0000:00:18.2: PME# supported from D0 D3hot D3cold
[    0.215297] pci 0000:00:18.2: PME# disabled
[    0.216122] pci 0000:00:18.3: PME# supported from D0 D3hot D3cold
[    0.216140] pci 0000:00:18.3: PME# disabled
[    0.216959] pci 0000:00:18.4: PME# supported from D0 D3hot D3cold
[    0.216979] pci 0000:00:18.4: PME# disabled
[    0.217794] pci 0000:00:18.5: PME# supported from D0 D3hot D3cold
[    0.217812] pci 0000:00:18.5: PME# disabled
[    0.218748] pci 0000:00:18.6: PME# supported from D0 D3hot D3cold
[    0.218770] pci 0000:00:18.6: PME# disabled
[    0.219679] pci 0000:00:18.7: PME# supported from D0 D3hot D3cold
[    0.219700] pci 0000:00:18.7: PME# disabled
[    0.220790] pci 0000:02:00.0: reg 20 io port: [0x20c0-0x20df]
[    0.221290] pci 0000:02:01.0: reg 10 io port: [0x2000-0x207f]
[    0.221506] pci 0000:02:01.0: reg 30 32bit mmio pref: [0x000000-0x00ffff]
[    0.222063] pci 0000:02:02.0: reg 10 io port: [0x2080-0x20bf]
[    0.222648] pci 0000:02:03.0: reg 10 32bit mmio: [0xc9000000-0xc9000fff]
[    0.223217] pci 0000:00:11.0: transparent bridge
[    0.223237] pci 0000:00:11.0: bridge io port: [0x2000-0x3fff]
[    0.223255] pci 0000:00:11.0: bridge 32bit mmio: [0xc9000000-0xca3fffff]
[    0.223291] pci 0000:00:11.0: bridge 64bit mmio pref: [0xd8400000-0xd89fffff]
[    0.223626] pci 0000:00:15.0: bridge io port: [0x4000-0x4fff]
[    0.223645] pci 0000:00:15.0: bridge 32bit mmio: [0xca400000-0xca4fffff]
[    0.223690] pci 0000:00:15.0: bridge 64bit mmio pref: [0xd8a00000-0xd8afffff]
[    0.224050] pci 0000:00:15.1: bridge io port: [0x8000-0x8fff]
[    0.224069] pci 0000:00:15.1: bridge 32bit mmio: [0xca800000-0xca8fffff]
[    0.224105] pci 0000:00:15.1: bridge 64bit mmio pref: [0xd8e00000-0xd8efffff]
[    0.224436] pci 0000:00:15.2: bridge io port: [0xc000-0xcfff]
[    0.224455] pci 0000:00:15.2: bridge 32bit mmio: [0xcac00000-0xcacfffff]
[    0.224490] pci 0000:00:15.2: bridge 64bit mmio pref: [0xd9200000-0xd92fffff]
[    0.224846] pci 0000:00:15.3: bridge 32bit mmio: [0xcb000000-0xcb0fffff]
[    0.224890] pci 0000:00:15.3: bridge 64bit mmio pref: [0xd9600000-0xd96fffff]
[    0.225253] pci 0000:00:15.4: bridge 32bit mmio: [0xcb400000-0xcb4fffff]
[    0.225289] pci 0000:00:15.4: bridge 64bit mmio pref: [0xd9a00000-0xd9afffff]
[    0.225638] pci 0000:00:15.5: bridge 32bit mmio: [0xcb800000-0xcb8fffff]
[    0.225674] pci 0000:00:15.5: bridge 64bit mmio pref: [0xd9e00000-0xd9efffff]
[    0.226049] pci 0000:00:15.6: bridge 32bit mmio: [0xcbc00000-0xcbcfffff]
[    0.226084] pci 0000:00:15.6: bridge 64bit mmio pref: [0xda200000-0xda2fffff]
[    0.226434] pci 0000:00:15.7: bridge 32bit mmio: [0xcc000000-0xcc0fffff]
[    0.226469] pci 0000:00:15.7: bridge 64bit mmio pref: [0xda600000-0xda6fffff]
[    0.226802] pci 0000:00:16.0: bridge io port: [0x5000-0x5fff]
[    0.226821] pci 0000:00:16.0: bridge 32bit mmio: [0xca500000-0xca5fffff]
[    0.226856] pci 0000:00:16.0: bridge 64bit mmio pref: [0xd8b00000-0xd8bfffff]
[    0.227215] pci 0000:00:16.1: bridge io port: [0x9000-0x9fff]
[    0.227234] pci 0000:00:16.1: bridge 32bit mmio: [0xca900000-0xca9fffff]
[    0.227269] pci 0000:00:16.1: bridge 64bit mmio pref: [0xd8f00000-0xd8ffffff]
[    0.227603] pci 0000:00:16.2: bridge io port: [0xd000-0xdfff]
[    0.227622] pci 0000:00:16.2: bridge 32bit mmio: [0xcad00000-0xcadfffff]
[    0.227665] pci 0000:00:16.2: bridge 64bit mmio pref: [0xd9300000-0xd93fffff]
[    0.228076] pci 0000:00:16.3: bridge 32bit mmio: [0xcb100000-0xcb1fffff]
[    0.228116] pci 0000:00:16.3: bridge 64bit mmio pref: [0xd9700000-0xd97fffff]
[    0.228500] pci 0000:00:16.4: bridge 32bit mmio: [0xcb500000-0xcb5fffff]
[    0.228538] pci 0000:00:16.4: bridge 64bit mmio pref: [0xd9b00000-0xd9bfffff]
[    0.228915] pci 0000:00:16.5: bridge 32bit mmio: [0xcb900000-0xcb9fffff]
[    0.228953] pci 0000:00:16.5: bridge 64bit mmio pref: [0xd9f00000-0xd9ffffff]
[    0.229328] pci 0000:00:16.6: bridge 32bit mmio: [0xcbd00000-0xcbdfffff]
[    0.229366] pci 0000:00:16.6: bridge 64bit mmio pref: [0xda300000-0xda3fffff]
[    0.229741] pci 0000:00:16.7: bridge 32bit mmio: [0xcc100000-0xcc1fffff]
[    0.229779] pci 0000:00:16.7: bridge 64bit mmio pref: [0xda700000-0xda7fffff]
[    0.230189] pci 0000:00:17.0: bridge io port: [0x6000-0x6fff]
[    0.230209] pci 0000:00:17.0: bridge 32bit mmio: [0xca600000-0xca6fffff]
[    0.230247] pci 0000:00:17.0: bridge 64bit mmio pref: [0xd8c00000-0xd8cfffff]
[    0.230606] pci 0000:00:17.1: bridge io port: [0xa000-0xafff]
[    0.230626] pci 0000:00:17.1: bridge 32bit mmio: [0xcaa00000-0xcaafffff]
[    0.230664] pci 0000:00:17.1: bridge 64bit mmio pref: [0xd9000000-0xd90fffff]
[    0.231041] pci 0000:00:17.2: bridge io port: [0xe000-0xefff]
[    0.231060] pci 0000:00:17.2: bridge 32bit mmio: [0xcae00000-0xcaefffff]
[    0.231096] pci 0000:00:17.2: bridge 64bit mmio pref: [0xd9400000-0xd94fffff]
[    0.231449] pci 0000:00:17.3: bridge 32bit mmio: [0xcb200000-0xcb2fffff]
[    0.231485] pci 0000:00:17.3: bridge 64bit mmio pref: [0xd9800000-0xd98fffff]
[    0.231847] pci 0000:00:17.4: bridge 32bit mmio: [0xcb600000-0xcb6fffff]
[    0.231894] pci 0000:00:17.4: bridge 64bit mmio pref: [0xd9c00000-0xd9cfffff]
[    0.232257] pci 0000:00:17.5: bridge 32bit mmio: [0xcba00000-0xcbafffff]
[    0.232293] pci 0000:00:17.5: bridge 64bit mmio pref: [0xda000000-0xda0fffff]
[    0.232643] pci 0000:00:17.6: bridge 32bit mmio: [0xcbe00000-0xcbefffff]
[    0.232678] pci 0000:00:17.6: bridge 64bit mmio pref: [0xda400000-0xda4fffff]
[    0.233057] pci 0000:00:17.7: bridge 32bit mmio: [0xcc200000-0xcc2fffff]
[    0.233093] pci 0000:00:17.7: bridge 64bit mmio pref: [0xda800000-0xda8fffff]
[    0.233426] pci 0000:00:18.0: bridge io port: [0x7000-0x7fff]
[    0.233445] pci 0000:00:18.0: bridge 32bit mmio: [0xca700000-0xca7fffff]
[    0.233480] pci 0000:00:18.0: bridge 64bit mmio pref: [0xd8d00000-0xd8dfffff]
[    0.233813] pci 0000:00:18.1: bridge io port: [0xb000-0xbfff]
[    0.233832] pci 0000:00:18.1: bridge 32bit mmio: [0xcab00000-0xcabfffff]
[    0.233876] pci 0000:00:18.1: bridge 64bit mmio pref: [0xd9100000-0xd91fffff]
[    0.234220] pci 0000:00:18.2: bridge io port: [0xf000-0xffff]
[    0.234239] pci 0000:00:18.2: bridge 32bit mmio: [0xcaf00000-0xcaffffff]
[    0.234274] pci 0000:00:18.2: bridge 64bit mmio pref: [0xd9500000-0xd95fffff]
[    0.234624] pci 0000:00:18.3: bridge 32bit mmio: [0xcb300000-0xcb3fffff]
[    0.234660] pci 0000:00:18.3: bridge 64bit mmio pref: [0xd9900000-0xd99fffff]
[    0.235040] pci 0000:00:18.4: bridge 32bit mmio: [0xcb700000-0xcb7fffff]
[    0.235076] pci 0000:00:18.4: bridge 64bit mmio pref: [0xd9d00000-0xd9dfffff]
[    0.235425] pci 0000:00:18.5: bridge 32bit mmio: [0xcbb00000-0xcbbfffff]
[    0.235460] pci 0000:00:18.5: bridge 64bit mmio pref: [0xda100000-0xda1fffff]
[    0.235818] pci 0000:00:18.6: bridge 32bit mmio: [0xcbf00000-0xcbffffff]
[    0.235853] pci 0000:00:18.6: bridge 64bit mmio pref: [0xda500000-0xda5fffff]
[    0.236223] pci 0000:00:18.7: bridge 32bit mmio: [0xcc300000-0xcc3fffff]
[    0.236259] pci 0000:00:18.7: bridge 64bit mmio pref: [0xda900000-0xda9fffff]
[    0.237687] pci_bus 0000:00: on NUMA node 0
[    0.237693] ACPI: PCI Interrupt Routing Table [\_SB_.PCI0._PRT]
[    0.456474] ACPI: PCI Interrupt Link [LNKA] (IRQs 3 4 5 6 7 *9 10 11 14 15)
[    0.456650] ACPI: PCI Interrupt Link [LNKB] (IRQs 3 4 5 6 7 9 10 *11 14 15)
[    0.456791] ACPI: PCI Interrupt Link [LNKC] (IRQs 3 4 5 6 7 9 *10 11 14 15)
[    0.456931] ACPI: PCI Interrupt Link [LNKD] (IRQs 3 4 *5 6 7 9 10 11 14 15)
[    0.457057] vgaarb: device added: PCI:0000:00:0f.0,decodes=io+mem,owns=io+mem,locks=none
[    0.457066] vgaarb: loaded
[    0.457150] SCSI subsystem initialized
[    0.457191] libata version 3.00 loaded.
[    0.457229] usbcore: registered new interface driver usbfs
[    0.457240] usbcore: registered new interface driver hub
[    0.457255] usbcore: registered new device driver usb
[    0.457318] PCI: Using ACPI for IRQ routing
[    0.458247] NetLabel: Initializing
[    0.458248] NetLabel:  domain hash size = 128
[    0.458248] NetLabel:  protocols = UNLABELED CIPSOv4
[    0.458255] NetLabel:  unlabeled traffic allowed by default
[    0.458287] hpet0: at MMIO 0xfed00000, IRQs 2, 8, 0, 0, 0, 0, 0, 0, 0, 0, 0, 0, 0, 0, 0, 0
[    0.458292] hpet0: 16 comparators, 64-bit 14.318180 MHz counter
[    0.460321] Switching to clocksource tsc
[    0.467192] pnp: PnP ACPI init
[    0.467201] ACPI: bus type pnp registered
[    0.508908] pnp: PnP ACPI: found 14 devices
[    0.508910] ACPI: ACPI bus type pnp unregistered
[    0.508913] PnPBIOS: Disabled by ACPI PNP
[    0.508923] system 00:01: ioport range 0x1000-0x103f has been reserved
[    0.508925] system 00:01: ioport range 0x1040-0x104f has been reserved
[    0.508926] system 00:01: ioport range 0xcf0-0xcf1 has been reserved
[    0.508932] system 00:08: iomem range 0xfed00000-0xfed003ff has been reserved
[    0.508936] system 00:0d: ioport range 0x1060-0x107f has been reserved
[    0.508938] system 00:0d: iomem range 0xe0000000-0xefffffff has been reserved
[    0.508940] system 00:0d: iomem range 0xc8200000-0xc83fffff has been reserved
[    0.544386] pci 0000:00:15.3: BAR 13: can't allocate I/O resource [0x10000-0xffff]
[    0.544391] pci 0000:00:15.4: BAR 13: can't allocate I/O resource [0x10000-0xffff]
[    0.544403] pci 0000:00:15.5: BAR 13: can't allocate I/O resource [0x10000-0xffff]
[    0.544405] pci 0000:00:15.6: BAR 13: can't allocate I/O resource [0x10000-0xffff]
[    0.544408] pci 0000:00:15.7: BAR 13: can't allocate I/O resource [0x10000-0xffff]
[    0.544411] pci 0000:00:16.3: BAR 13: can't allocate I/O resource [0x10000-0xffff]
[    0.544413] pci 0000:00:16.4: BAR 13: can't allocate I/O resource [0x10000-0xffff]
[    0.544416] pci 0000:00:16.5: BAR 13: can't allocate I/O resource [0x10000-0xffff]
[    0.544419] pci 0000:00:16.6: BAR 13: can't allocate I/O resource [0x10000-0xffff]
[    0.544421] pci 0000:00:16.7: BAR 13: can't allocate I/O resource [0x10000-0xffff]
[    0.544424] pci 0000:00:17.3: BAR 13: can't allocate I/O resource [0x10000-0xffff]
[    0.544427] pci 0000:00:17.4: BAR 13: can't allocate I/O resource [0x10000-0xffff]
[    0.544429] pci 0000:00:17.5: BAR 13: can't allocate I/O resource [0x10000-0xffff]
[    0.544432] pci 0000:00:17.6: BAR 13: can't allocate I/O resource [0x10000-0xffff]
[    0.544435] pci 0000:00:17.7: BAR 13: can't allocate I/O resource [0x10000-0xffff]
[    0.544437] pci 0000:00:18.3: BAR 13: can't allocate I/O resource [0x10000-0xffff]
[    0.544440] pci 0000:00:18.4: BAR 13: can't allocate I/O resource [0x10000-0xffff]
[    0.544442] pci 0000:00:18.5: BAR 13: can't allocate I/O resource [0x10000-0xffff]
[    0.544445] pci 0000:00:18.6: BAR 13: can't allocate I/O resource [0x10000-0xffff]
[    0.544448] pci 0000:00:18.7: BAR 13: can't allocate I/O resource [0x10000-0xffff]
[    0.544450] pci 0000:00:01.0: PCI bridge, secondary bus 0000:01
[    0.544451] pci 0000:00:01.0:   IO window: disabled
[    0.544480] pci 0000:00:01.0:   MEM window: disabled
[    0.544499] pci 0000:00:01.0:   PREFETCH window: disabled
[    0.544536] pci 0000:00:11.0: PCI bridge, secondary bus 0000:02
[    0.544547] pci 0000:00:11.0:   IO window: 0x2000-0x3fff
[    0.544575] pci 0000:00:11.0:   MEM window: 0xc9000000-0xca3fffff
[    0.544594] pci 0000:00:11.0:   PREFETCH window: 0x000000d8400000-0x000000d89fffff
[    0.544630] pci 0000:00:15.0: PCI bridge, secondary bus 0000:03
[    0.544641] pci 0000:00:15.0:   IO window: 0x4000-0x4fff
[    0.544681] pci 0000:00:15.0:   MEM window: 0xca400000-0xca4fffff
[    0.544701] pci 0000:00:15.0:   PREFETCH window: 0x000000d8a00000-0x000000d8afffff
[    0.544757] pci 0000:00:15.1: PCI bridge, secondary bus 0000:04
[    0.544769] pci 0000:00:15.1:   IO window: 0x8000-0x8fff
[    0.544796] pci 0000:00:15.1:   MEM window: 0xca800000-0xca8fffff
[    0.544815] pci 0000:00:15.1:   PREFETCH window: 0x000000d8e00000-0x000000d8efffff
[    0.544856] pci 0000:00:15.2: PCI bridge, secondary bus 0000:05
[    0.544866] pci 0000:00:15.2:   IO window: 0xc000-0xcfff
[    0.544894] pci 0000:00:15.2:   MEM window: 0xcac00000-0xcacfffff
[    0.544913] pci 0000:00:15.2:   PREFETCH window: 0x000000d9200000-0x000000d92fffff
[    0.544953] pci 0000:00:15.3: PCI bridge, secondary bus 0000:06
[    0.544955] pci 0000:00:15.3:   IO window: disabled
[    0.544982] pci 0000:00:15.3:   MEM window: 0xcb000000-0xcb0fffff
[    0.545001] pci 0000:00:15.3:   PREFETCH window: 0x000000d9600000-0x000000d96fffff
[    0.545041] pci 0000:00:15.4: PCI bridge, secondary bus 0000:07
[    0.545043] pci 0000:00:15.4:   IO window: disabled
[    0.545070] pci 0000:00:15.4:   MEM window: 0xcb400000-0xcb4fffff
[    0.545090] pci 0000:00:15.4:   PREFETCH window: 0x000000d9a00000-0x000000d9afffff
[    0.545129] pci 0000:00:15.5: PCI bridge, secondary bus 0000:08
[    0.545131] pci 0000:00:15.5:   IO window: disabled
[    0.545159] pci 0000:00:15.5:   MEM window: 0xcb800000-0xcb8fffff
[    0.545178] pci 0000:00:15.5:   PREFETCH window: 0x000000d9e00000-0x000000d9efffff
[    0.545217] pci 0000:00:15.6: PCI bridge, secondary bus 0000:09
[    0.545219] pci 0000:00:15.6:   IO window: disabled
[    0.545247] pci 0000:00:15.6:   MEM window: 0xcbc00000-0xcbcfffff
[    0.545266] pci 0000:00:15.6:   PREFETCH window: 0x000000da200000-0x000000da2fffff
[    0.545306] pci 0000:00:15.7: PCI bridge, secondary bus 0000:0a
[    0.545307] pci 0000:00:15.7:   IO window: disabled
[    0.545346] pci 0000:00:15.7:   MEM window: 0xcc000000-0xcc0fffff
[    0.545367] pci 0000:00:15.7:   PREFETCH window: 0x000000da600000-0x000000da6fffff
[    0.545410] pci 0000:00:16.0: PCI bridge, secondary bus 0000:0b
[    0.545422] pci 0000:00:16.0:   IO window: 0x5000-0x5fff
[    0.545451] pci 0000:00:16.0:   MEM window: 0xca500000-0xca5fffff
[    0.545472] pci 0000:00:16.0:   PREFETCH window: 0x000000d8b00000-0x000000d8bfffff
[    0.545523] pci 0000:00:16.1: PCI bridge, secondary bus 0000:0c
[    0.545535] pci 0000:00:16.1:   IO window: 0x9000-0x9fff
[    0.545562] pci 0000:00:16.1:   MEM window: 0xca900000-0xca9fffff
[    0.545582] pci 0000:00:16.1:   PREFETCH window: 0x000000d8f00000-0x000000d8ffffff
[    0.545621] pci 0000:00:16.2: PCI bridge, secondary bus 0000:0d
[    0.545632] pci 0000:00:16.2:   IO window: 0xd000-0xdfff
[    0.545660] pci 0000:00:16.2:   MEM window: 0xcad00000-0xcadfffff
[    0.545679] pci 0000:00:16.2:   PREFETCH window: 0x000000d9300000-0x000000d93fffff
[    0.545719] pci 0000:00:16.3: PCI bridge, secondary bus 0000:0e
[    0.545720] pci 0000:00:16.3:   IO window: disabled
[    0.545748] pci 0000:00:16.3:   MEM window: 0xcb100000-0xcb1fffff
[    0.545767] pci 0000:00:16.3:   PREFETCH window: 0x000000d9700000-0x000000d97fffff
[    0.545806] pci 0000:00:16.4: PCI bridge, secondary bus 0000:0f
[    0.545808] pci 0000:00:16.4:   IO window: disabled
[    0.545836] pci 0000:00:16.4:   MEM window: 0xcb500000-0xcb5fffff
[    0.545855] pci 0000:00:16.4:   PREFETCH window: 0x000000d9b00000-0x000000d9bfffff
[    0.545895] pci 0000:00:16.5: PCI bridge, secondary bus 0000:10
[    0.545896] pci 0000:00:16.5:   IO window: disabled
[    0.545924] pci 0000:00:16.5:   MEM window: 0xcb900000-0xcb9fffff
[    0.545943] pci 0000:00:16.5:   PREFETCH window: 0x000000d9f00000-0x000000d9ffffff
[    0.545983] pci 0000:00:16.6: PCI bridge, secondary bus 0000:11
[    0.545984] pci 0000:00:16.6:   IO window: disabled
[    0.546012] pci 0000:00:16.6:   MEM window: 0xcbd00000-0xcbdfffff
[    0.546031] pci 0000:00:16.6:   PREFETCH window: 0x000000da300000-0x000000da3fffff
[    0.546071] pci 0000:00:16.7: PCI bridge, secondary bus 0000:12
[    0.546072] pci 0000:00:16.7:   IO window: disabled
[    0.546100] pci 0000:00:16.7:   MEM window: 0xcc100000-0xcc1fffff
[    0.546119] pci 0000:00:16.7:   PREFETCH window: 0x000000da700000-0x000000da7fffff
[    0.546159] pci 0000:00:17.0: PCI bridge, secondary bus 0000:13
[    0.546170] pci 0000:00:17.0:   IO window: 0x6000-0x6fff
[    0.546197] pci 0000:00:17.0:   MEM window: 0xca600000-0xca6fffff
[    0.546217] pci 0000:00:17.0:   PREFETCH window: 0x000000d8c00000-0x000000d8cfffff
[    0.546256] pci 0000:00:17.1: PCI bridge, secondary bus 0000:14
[    0.546267] pci 0000:00:17.1:   IO window: 0xa000-0xafff
[    0.546295] pci 0000:00:17.1:   MEM window: 0xcaa00000-0xcaafffff
[    0.546314] pci 0000:00:17.1:   PREFETCH window: 0x000000d9000000-0x000000d90fffff
[    0.546371] pci 0000:00:17.2: PCI bridge, secondary bus 0000:15
[    0.546383] pci 0000:00:17.2:   IO window: 0xe000-0xefff
[    0.546413] pci 0000:00:17.2:   MEM window: 0xcae00000-0xcaefffff
[    0.546433] pci 0000:00:17.2:   PREFETCH window: 0x000000d9400000-0x000000d94fffff
[    0.546476] pci 0000:00:17.3: PCI bridge, secondary bus 0000:16
[    0.546478] pci 0000:00:17.3:   IO window: disabled
[    0.546507] pci 0000:00:17.3:   MEM window: 0xcb200000-0xcb2fffff
[    0.546536] pci 0000:00:17.3:   PREFETCH window: 0x000000d9800000-0x000000d98fffff
[    0.546575] pci 0000:00:17.4: PCI bridge, secondary bus 0000:17
[    0.546577] pci 0000:00:17.4:   IO window: disabled
[    0.546604] pci 0000:00:17.4:   MEM window: 0xcb600000-0xcb6fffff
[    0.546624] pci 0000:00:17.4:   PREFETCH window: 0x000000d9c00000-0x000000d9cfffff
[    0.546663] pci 0000:00:17.5: PCI bridge, secondary bus 0000:18
[    0.546665] pci 0000:00:17.5:   IO window: disabled
[    0.546692] pci 0000:00:17.5:   MEM window: 0xcba00000-0xcbafffff
[    0.546712] pci 0000:00:17.5:   PREFETCH window: 0x000000da000000-0x000000da0fffff
[    0.546751] pci 0000:00:17.6: PCI bridge, secondary bus 0000:19
[    0.546753] pci 0000:00:17.6:   IO window: disabled
[    0.546780] pci 0000:00:17.6:   MEM window: 0xcbe00000-0xcbefffff
[    0.546800] pci 0000:00:17.6:   PREFETCH window: 0x000000da400000-0x000000da4fffff
[    0.546839] pci 0000:00:17.7: PCI bridge, secondary bus 0000:1a
[    0.546841] pci 0000:00:17.7:   IO window: disabled
[    0.546869] pci 0000:00:17.7:   MEM window: 0xcc200000-0xcc2fffff
[    0.546888] pci 0000:00:17.7:   PREFETCH window: 0x000000da800000-0x000000da8fffff
[    0.546927] pci 0000:00:18.0: PCI bridge, secondary bus 0000:1b
[    0.546938] pci 0000:00:18.0:   IO window: 0x7000-0x7fff
[    0.546966] pci 0000:00:18.0:   MEM window: 0xca700000-0xca7fffff
[    0.546985] pci 0000:00:18.0:   PREFETCH window: 0x000000d8d00000-0x000000d8dfffff
[    0.547025] pci 0000:00:18.1: PCI bridge, secondary bus 0000:1c
[    0.547035] pci 0000:00:18.1:   IO window: 0xb000-0xbfff
[    0.547063] pci 0000:00:18.1:   MEM window: 0xcab00000-0xcabfffff
[    0.547082] pci 0000:00:18.1:   PREFETCH window: 0x000000d9100000-0x000000d91fffff
[    0.547122] pci 0000:00:18.2: PCI bridge, secondary bus 0000:1d
[    0.547133] pci 0000:00:18.2:   IO window: 0xf000-0xffff
[    0.547160] pci 0000:00:18.2:   MEM window: 0xcaf00000-0xcaffffff
[    0.547180] pci 0000:00:18.2:   PREFETCH window: 0x000000d9500000-0x000000d95fffff
[    0.547219] pci 0000:00:18.3: PCI bridge, secondary bus 0000:1e
[    0.547221] pci 0000:00:18.3:   IO window: disabled
[    0.547248] pci 0000:00:18.3:   MEM window: 0xcb300000-0xcb3fffff
[    0.547268] pci 0000:00:18.3:   PREFETCH window: 0x000000d9900000-0x000000d99fffff
[    0.547307] pci 0000:00:18.4: PCI bridge, secondary bus 0000:1f
[    0.547309] pci 0000:00:18.4:   IO window: disabled
[    0.547354] pci 0000:00:18.4:   MEM window: 0xcb700000-0xcb7fffff
[    0.547374] pci 0000:00:18.4:   PREFETCH window: 0x000000d9d00000-0x000000d9dfffff
[    0.547425] pci 0000:00:18.5: PCI bridge, secondary bus 0000:20
[    0.547427] pci 0000:00:18.5:   IO window: disabled
[    0.547454] pci 0000:00:18.5:   MEM window: 0xcbb00000-0xcbbfffff
[    0.547474] pci 0000:00:18.5:   PREFETCH window: 0x000000da100000-0x000000da1fffff
[    0.547513] pci 0000:00:18.6: PCI bridge, secondary bus 0000:21
[    0.547515] pci 0000:00:18.6:   IO window: disabled
[    0.547542] pci 0000:00:18.6:   MEM window: 0xcbf00000-0xcbffffff
[    0.547562] pci 0000:00:18.6:   PREFETCH window: 0x000000da500000-0x000000da5fffff
[    0.547601] pci 0000:00:18.7: PCI bridge, secondary bus 0000:22
[    0.547603] pci 0000:00:18.7:   IO window: disabled
[    0.547631] pci 0000:00:18.7:   MEM window: 0xcc300000-0xcc3fffff
[    0.547650] pci 0000:00:18.7:   PREFETCH window: 0x000000da900000-0x000000da9fffff
[    0.547718] pci 0000:00:01.0: setting latency timer to 64
[    0.547808] pci 0000:00:15.0: setting latency timer to 64
[    0.547870] pci 0000:00:15.1: setting latency timer to 64
[    0.547932] pci 0000:00:15.2: setting latency timer to 64
[    0.547994] pci 0000:00:15.3: setting latency timer to 64
[    0.548055] pci 0000:00:15.4: setting latency timer to 64
[    0.548117] pci 0000:00:15.5: setting latency timer to 64
[    0.548179] pci 0000:00:15.6: setting latency timer to 64
[    0.548245] pci 0000:00:15.7: setting latency timer to 64
[    0.548308] pci 0000:00:16.0: setting latency timer to 64
[    0.548396] pci 0000:00:16.1: setting latency timer to 64
[    0.548458] pci 0000:00:16.2: setting latency timer to 64
[    0.548520] pci 0000:00:16.3: setting latency timer to 64
[    0.548582] pci 0000:00:16.4: setting latency timer to 64
[    0.548644] pci 0000:00:16.5: setting latency timer to 64
[    0.548706] pci 0000:00:16.6: setting latency timer to 64
[    0.548768] pci 0000:00:16.7: setting latency timer to 64
[    0.548829] pci 0000:00:17.0: setting latency timer to 64
[    0.548891] pci 0000:00:17.1: setting latency timer to 64
[    0.548953] pci 0000:00:17.2: setting latency timer to 64
[    0.549015] pci 0000:00:17.3: setting latency timer to 64
[    0.549077] pci 0000:00:17.4: setting latency timer to 64
[    0.549139] pci 0000:00:17.5: setting latency timer to 64
[    0.549201] pci 0000:00:17.6: setting latency timer to 64
[    0.549263] pci 0000:00:17.7: setting latency timer to 64
[    0.549342] pci 0000:00:18.0: setting latency timer to 64
[    0.549414] pci 0000:00:18.1: setting latency timer to 64
[    0.549476] pci 0000:00:18.2: setting latency timer to 64
[    0.549537] pci 0000:00:18.3: setting latency timer to 64
[    0.549599] pci 0000:00:18.4: setting latency timer to 64
[    0.549661] pci 0000:00:18.5: setting latency timer to 64
[    0.549723] pci 0000:00:18.6: setting latency timer to 64
[    0.549785] pci 0000:00:18.7: setting latency timer to 64
[    0.549796] pci_bus 0000:00: resource 0 io:  [0x00-0xffff]
[    0.549798] pci_bus 0000:00: resource 1 mem: [0x000000-0xffffffffffffffff]
[    0.549801] pci_bus 0000:02: resource 0 io:  [0x2000-0x3fff]
[    0.549803] pci_bus 0000:02: resource 1 mem: [0xc9000000-0xca3fffff]
[    0.549804] pci_bus 0000:02: resource 2 pref mem [0xd8400000-0xd89fffff]
[    0.549806] pci_bus 0000:02: resource 3 io:  [0x00-0xffff]
[    0.549808] pci_bus 0000:02: resource 4 mem: [0x000000-0xffffffffffffffff]
[    0.549810] pci_bus 0000:03: resource 0 io:  [0x4000-0x4fff]
[    0.549812] pci_bus 0000:03: resource 1 mem: [0xca400000-0xca4fffff]
[    0.549814] pci_bus 0000:03: resource 2 pref mem [0xd8a00000-0xd8afffff]
[    0.549815] pci_bus 0000:04: resource 0 io:  [0x8000-0x8fff]
[    0.549817] pci_bus 0000:04: resource 1 mem: [0xca800000-0xca8fffff]
[    0.549819] pci_bus 0000:04: resource 2 pref mem [0xd8e00000-0xd8efffff]
[    0.549821] pci_bus 0000:05: resource 0 io:  [0xc000-0xcfff]
[    0.549823] pci_bus 0000:05: resource 1 mem: [0xcac00000-0xcacfffff]
[    0.549824] pci_bus 0000:05: resource 2 pref mem [0xd9200000-0xd92fffff]
[    0.549826] pci_bus 0000:06: resource 1 mem: [0xcb000000-0xcb0fffff]
[    0.549828] pci_bus 0000:06: resource 2 pref mem [0xd9600000-0xd96fffff]
[    0.549830] pci_bus 0000:07: resource 1 mem: [0xcb400000-0xcb4fffff]
[    0.549832] pci_bus 0000:07: resource 2 pref mem [0xd9a00000-0xd9afffff]
[    0.549833] pci_bus 0000:08: resource 1 mem: [0xcb800000-0xcb8fffff]
[    0.549835] pci_bus 0000:08: resource 2 pref mem [0xd9e00000-0xd9efffff]
[    0.549837] pci_bus 0000:09: resource 1 mem: [0xcbc00000-0xcbcfffff]
[    0.549839] pci_bus 0000:09: resource 2 pref mem [0xda200000-0xda2fffff]
[    0.549841] pci_bus 0000:0a: resource 1 mem: [0xcc000000-0xcc0fffff]
[    0.549842] pci_bus 0000:0a: resource 2 pref mem [0xda600000-0xda6fffff]
[    0.549844] pci_bus 0000:0b: resource 0 io:  [0x5000-0x5fff]
[    0.549846] pci_bus 0000:0b: resource 1 mem: [0xca500000-0xca5fffff]
[    0.549848] pci_bus 0000:0b: resource 2 pref mem [0xd8b00000-0xd8bfffff]
[    0.549850] pci_bus 0000:0c: resource 0 io:  [0x9000-0x9fff]
[    0.549851] pci_bus 0000:0c: resource 1 mem: [0xca900000-0xca9fffff]
[    0.549853] pci_bus 0000:0c: resource 2 pref mem [0xd8f00000-0xd8ffffff]
[    0.549855] pci_bus 0000:0d: resource 0 io:  [0xd000-0xdfff]
[    0.549857] pci_bus 0000:0d: resource 1 mem: [0xcad00000-0xcadfffff]
[    0.549858] pci_bus 0000:0d: resource 2 pref mem [0xd9300000-0xd93fffff]
[    0.549869] pci_bus 0000:0e: resource 1 mem: [0xcb100000-0xcb1fffff]
[    0.549871] pci_bus 0000:0e: resource 2 pref mem [0xd9700000-0xd97fffff]
[    0.549873] pci_bus 0000:0f: resource 1 mem: [0xcb500000-0xcb5fffff]
[    0.549875] pci_bus 0000:0f: resource 2 pref mem [0xd9b00000-0xd9bfffff]
[    0.549877] pci_bus 0000:10: resource 1 mem: [0xcb900000-0xcb9fffff]
[    0.549879] pci_bus 0000:10: resource 2 pref mem [0xd9f00000-0xd9ffffff]
[    0.549881] pci_bus 0000:11: resource 1 mem: [0xcbd00000-0xcbdfffff]
[    0.549883] pci_bus 0000:11: resource 2 pref mem [0xda300000-0xda3fffff]
[    0.549885] pci_bus 0000:12: resource 1 mem: [0xcc100000-0xcc1fffff]
[    0.549887] pci_bus 0000:12: resource 2 pref mem [0xda700000-0xda7fffff]
[    0.549889] pci_bus 0000:13: resource 0 io:  [0x6000-0x6fff]
[    0.549891] pci_bus 0000:13: resource 1 mem: [0xca600000-0xca6fffff]
[    0.549893] pci_bus 0000:13: resource 2 pref mem [0xd8c00000-0xd8cfffff]
[    0.549895] pci_bus 0000:14: resource 0 io:  [0xa000-0xafff]
[    0.549896] pci_bus 0000:14: resource 1 mem: [0xcaa00000-0xcaafffff]
[    0.549898] pci_bus 0000:14: resource 2 pref mem [0xd9000000-0xd90fffff]
[    0.549900] pci_bus 0000:15: resource 0 io:  [0xe000-0xefff]
[    0.549902] pci_bus 0000:15: resource 1 mem: [0xcae00000-0xcaefffff]
[    0.549904] pci_bus 0000:15: resource 2 pref mem [0xd9400000-0xd94fffff]
[    0.549906] pci_bus 0000:16: resource 1 mem: [0xcb200000-0xcb2fffff]
[    0.549908] pci_bus 0000:16: resource 2 pref mem [0xd9800000-0xd98fffff]
[    0.549910] pci_bus 0000:17: resource 1 mem: [0xcb600000-0xcb6fffff]
[    0.549912] pci_bus 0000:17: resource 2 pref mem [0xd9c00000-0xd9cfffff]
[    0.549923] pci_bus 0000:18: resource 1 mem: [0xcba00000-0xcbafffff]
[    0.549924] pci_bus 0000:18: resource 2 pref mem [0xda000000-0xda0fffff]
[    0.549926] pci_bus 0000:19: resource 1 mem: [0xcbe00000-0xcbefffff]
[    0.549928] pci_bus 0000:19: resource 2 pref mem [0xda400000-0xda4fffff]
[    0.549930] pci_bus 0000:1a: resource 1 mem: [0xcc200000-0xcc2fffff]
[    0.549932] pci_bus 0000:1a: resource 2 pref mem [0xda800000-0xda8fffff]
[    0.549934] pci_bus 0000:1b: resource 0 io:  [0x7000-0x7fff]
[    0.549935] pci_bus 0000:1b: resource 1 mem: [0xca700000-0xca7fffff]
[    0.549937] pci_bus 0000:1b: resource 2 pref mem [0xd8d00000-0xd8dfffff]
[    0.549939] pci_bus 0000:1c: resource 0 io:  [0xb000-0xbfff]
[    0.549941] pci_bus 0000:1c: resource 1 mem: [0xcab00000-0xcabfffff]
[    0.549942] pci_bus 0000:1c: resource 2 pref mem [0xd9100000-0xd91fffff]
[    0.549944] pci_bus 0000:1d: resource 0 io:  [0xf000-0xffff]
[    0.549946] pci_bus 0000:1d: resource 1 mem: [0xcaf00000-0xcaffffff]
[    0.549948] pci_bus 0000:1d: resource 2 pref mem [0xd9500000-0xd95fffff]
[    0.549949] pci_bus 0000:1e: resource 1 mem: [0xcb300000-0xcb3fffff]
[    0.549951] pci_bus 0000:1e: resource 2 pref mem [0xd9900000-0xd99fffff]
[    0.549953] pci_bus 0000:1f: resource 1 mem: [0xcb700000-0xcb7fffff]
[    0.549955] pci_bus 0000:1f: resource 2 pref mem [0xd9d00000-0xd9dfffff]
[    0.549957] pci_bus 0000:20: resource 1 mem: [0xcbb00000-0xcbbfffff]
[    0.549958] pci_bus 0000:20: resource 2 pref mem [0xda100000-0xda1fffff]
[    0.549960] pci_bus 0000:21: resource 1 mem: [0xcbf00000-0xcbffffff]
[    0.549962] pci_bus 0000:21: resource 2 pref mem [0xda500000-0xda5fffff]
[    0.549964] pci_bus 0000:22: resource 1 mem: [0xcc300000-0xcc3fffff]
[    0.549966] pci_bus 0000:22: resource 2 pref mem [0xda900000-0xda9fffff]
[    0.549986] NET: Registered protocol family 2
[    0.550003] RANDOM - __random32 called. Change num 7.  Value: e4915c27	228b7335	4c33f162
[    0.550004] RANDOM - random32 called.  Value: e4915c27	228b7335	4c33f162
[    0.550012] random 0000 0000 0000 00000000 00000000: rand_read_num 2 get_random_bytes(4): sig fffffe1a 00000000 00000000
[    0.550014] random 0000 0000 0000 00000000 00000000: extract_entropy(.. 4 ..)
[    0.550017] random 0000 0000 0000 00000000 00000000: going to reseed nonblocking with 64 bits (32 of 0 requested)
[    0.550019] random 0000 0000 0000 00000000 00000000: extract_entropy(.. 8 ..)
[    0.550021] random 0000 0000 0000 00000000 00000000: trying to extract 64 bits from input
[    0.550023] random 0000 0000 0000 00000000 00000000: debiting 0 entropy credits from input
[    0.550025] random 0000 0000 0000 00000000 00000000: extract_entropy account returned: 0 
[    0.550028] random 0000 0000 0000 00000000 00000000: urand_change_num 3 xfer_secondary_pool(4): pool_sig fffffe1a, data_sig 00000000, bytes_mixed 0 00000000 00000000
[    0.550031] random 0000 0000 0000 00000000 00000000: trying to extract 32 bits from nonblocking
[    0.550033] random 0000 0000 0000 00000000 00000000: debiting 32 entropy credits from nonblocking (unlimited)
[    0.550035] random 0000 0000 0000 00000000 00000000: extract_entropy account returned: 4 
[    0.550039] random 0000 0000 0000 00000000 00000000: urand_change_num 4 extract_buf: pool_sig fffffe1a, data_sig fffffed7, bytes_mixed 20 00000000 00000000
[    0.550067] IP route cache hash table entries: 32768 (order: 5, 131072 bytes)
[    0.550151] RANDOM - __random32 called. Change num 8.  Value: 15c279e2	28b73354	e2c5b58f
[    0.550153] RANDOM - random32 called.  Value: 15c279e2	28b73354	e2c5b58f
[    0.550208] RANDOM - __random32 called. Change num 9.  Value: 279e2b5f	8b733545	6b1e9d03
[    0.550210] RANDOM - random32 called.  Value: 279e2b5f	8b733545	6b1e9d03
[    0.550212] RANDOM - __random32 called. Change num 10.  Value: e2b5fc5e	b7335453	3a067d4e
[    0.550214] RANDOM - random32 called.  Value: e2b5fc5e	b7335453	3a067d4e
[    0.550235] RANDOM - __random32 called. Change num 11.  Value: 5fc5eba7	73354535	fa9d46b2
[    0.550237] RANDOM - random32 called.  Value: 5fc5eba7	73354535	fa9d46b2
[    0.550247] TCP established hash table entries: 131072 (order: 8, 1048576 bytes)
[    0.550402] TCP bind hash table entries: 65536 (order: 7, 524288 bytes)
[    0.550557] TCP: Hash tables configured (established 131072 bind 65536)
[    0.550560] TCP reno registered
[    0.550597] NET: Registered protocol family 1
[    0.550606] pci 0000:00:00.0: Limiting direct PCI/PCI transfers
[    0.550625] pci 0000:00:0f.0: Boot video device
[    0.550808] Trying to unpack rootfs image as initramfs...
[    1.626694] Freeing initrd memory: 83430k freed
[    1.634828] Simple Boot Flag at 0x36 set to 0x1
[    1.634873] cpufreq-nforce2: No nForce2 chipset.
[    1.634888] Scanning for low memory corruption every 60 seconds
[    1.635008] audit: initializing netlink socket (disabled)
[    1.635044] type=2000 audit(1369443418.620:1): initialized
[    1.638889] highmem bounce pool size: 64 pages
[    1.638896] HugeTLB registered 2 MB page size, pre-allocated 0 pages
[    1.639027] VFS: Disk quotas dquot_6.5.2
[    1.639072] Dquot-cache hash table entries: 1024 (order 0, 4096 bytes)
[    1.639178] fuse init (API version 7.13)
[    1.639223] msgmni has been set to 1729
[    1.639573] alg: No test for stdrng (krng)
[    1.639616] Block layer SCSI generic (bsg) driver version 0.4 loaded (major 253)
[    1.639619] io scheduler noop registered
[    1.639621] io scheduler anticipatory registered
[    1.639623] io scheduler deadline registered
[    1.639644] io scheduler cfq registered (default)
[    1.639689]   alloc irq_desc for 24 on node -1
[    1.639692]   alloc kstat_irqs on node -1
[    1.639737] pcieport 0000:00:15.0: irq 24 for MSI/MSI-X
[    1.639782] pcieport 0000:00:15.0: setting latency timer to 64
[    1.639827]   alloc irq_desc for 25 on node -1
[    1.639829]   alloc kstat_irqs on node -1
[    1.639874] pcieport 0000:00:15.1: irq 25 for MSI/MSI-X
[    1.639919] pcieport 0000:00:15.1: setting latency timer to 64
[    1.639964]   alloc irq_desc for 26 on node -1
[    1.639966]   alloc kstat_irqs on node -1
[    1.640011] pcieport 0000:00:15.2: irq 26 for MSI/MSI-X
[    1.640056] pcieport 0000:00:15.2: setting latency timer to 64
[    1.640101]   alloc irq_desc for 27 on node -1
[    1.640103]   alloc kstat_irqs on node -1
[    1.640148] pcieport 0000:00:15.3: irq 27 for MSI/MSI-X
[    1.640193] pcieport 0000:00:15.3: setting latency timer to 64
[    1.640238]   alloc irq_desc for 28 on node -1
[    1.640240]   alloc kstat_irqs on node -1
[    1.640285] pcieport 0000:00:15.4: irq 28 for MSI/MSI-X
[    1.640330] pcieport 0000:00:15.4: setting latency timer to 64
[    1.640375]   alloc irq_desc for 29 on node -1
[    1.640377]   alloc kstat_irqs on node -1
[    1.640422] pcieport 0000:00:15.5: irq 29 for MSI/MSI-X
[    1.640467] pcieport 0000:00:15.5: setting latency timer to 64
[    1.640512]   alloc irq_desc for 30 on node -1
[    1.640514]   alloc kstat_irqs on node -1
[    1.640559] pcieport 0000:00:15.6: irq 30 for MSI/MSI-X
[    1.640604] pcieport 0000:00:15.6: setting latency timer to 64
[    1.640649]   alloc irq_desc for 31 on node -1
[    1.640651]   alloc kstat_irqs on node -1
[    1.640696] pcieport 0000:00:15.7: irq 31 for MSI/MSI-X
[    1.640741] pcieport 0000:00:15.7: setting latency timer to 64
[    1.640786]   alloc irq_desc for 32 on node -1
[    1.640788]   alloc kstat_irqs on node -1
[    1.640833] pcieport 0000:00:16.0: irq 32 for MSI/MSI-X
[    1.640878] pcieport 0000:00:16.0: setting latency timer to 64
[    1.640923]   alloc irq_desc for 33 on node -1
[    1.640925]   alloc kstat_irqs on node -1
[    1.640970] pcieport 0000:00:16.1: irq 33 for MSI/MSI-X
[    1.641015] pcieport 0000:00:16.1: setting latency timer to 64
[    1.641060]   alloc irq_desc for 34 on node -1
[    1.641062]   alloc kstat_irqs on node -1
[    1.641107] pcieport 0000:00:16.2: irq 34 for MSI/MSI-X
[    1.641152] pcieport 0000:00:16.2: setting latency timer to 64
[    1.641197]   alloc irq_desc for 35 on node -1
[    1.641199]   alloc kstat_irqs on node -1
[    1.641244] pcieport 0000:00:16.3: irq 35 for MSI/MSI-X
[    1.641289] pcieport 0000:00:16.3: setting latency timer to 64
[    1.641334]   alloc irq_desc for 36 on node -1
[    1.641336]   alloc kstat_irqs on node -1
[    1.641381] pcieport 0000:00:16.4: irq 36 for MSI/MSI-X
[    1.641426] pcieport 0000:00:16.4: setting latency timer to 64
[    1.641471]   alloc irq_desc for 37 on node -1
[    1.641473]   alloc kstat_irqs on node -1
[    1.641518] pcieport 0000:00:16.5: irq 37 for MSI/MSI-X
[    1.641563] pcieport 0000:00:16.5: setting latency timer to 64
[    1.641608]   alloc irq_desc for 38 on node -1
[    1.641610]   alloc kstat_irqs on node -1
[    1.641655] pcieport 0000:00:16.6: irq 38 for MSI/MSI-X
[    1.641700] pcieport 0000:00:16.6: setting latency timer to 64
[    1.642745]   alloc irq_desc for 39 on node -1
[    1.642747]   alloc kstat_irqs on node -1
[    1.642792] pcieport 0000:00:16.7: irq 39 for MSI/MSI-X
[    1.642837] pcieport 0000:00:16.7: setting latency timer to 64
[    1.642882]   alloc irq_desc for 40 on node -1
[    1.642885]   alloc kstat_irqs on node -1
[    1.642930] pcieport 0000:00:17.0: irq 40 for MSI/MSI-X
[    1.642975] pcieport 0000:00:17.0: setting latency timer to 64
[    1.643020]   alloc irq_desc for 41 on node -1
[    1.643023]   alloc kstat_irqs on node -1
[    1.643068] pcieport 0000:00:17.1: irq 41 for MSI/MSI-X
[    1.643113] pcieport 0000:00:17.1: setting latency timer to 64
[    1.643158]   alloc irq_desc for 42 on node -1
[    1.643161]   alloc kstat_irqs on node -1
[    1.643206] pcieport 0000:00:17.2: irq 42 for MSI/MSI-X
[    1.643251] pcieport 0000:00:17.2: setting latency timer to 64
[    1.643296]   alloc irq_desc for 43 on node -1
[    1.643299]   alloc kstat_irqs on node -1
[    1.643344] pcieport 0000:00:17.3: irq 43 for MSI/MSI-X
[    1.643389] pcieport 0000:00:17.3: setting latency timer to 64
[    1.643434]   alloc irq_desc for 44 on node -1
[    1.643437]   alloc kstat_irqs on node -1
[    1.643482] pcieport 0000:00:17.4: irq 44 for MSI/MSI-X
[    1.643527] pcieport 0000:00:17.4: setting latency timer to 64
[    1.643572]   alloc irq_desc for 45 on node -1
[    1.643576]   alloc kstat_irqs on node -1
[    1.643621] pcieport 0000:00:17.5: irq 45 for MSI/MSI-X
[    1.643666] pcieport 0000:00:17.5: setting latency timer to 64
[    1.643711]   alloc irq_desc for 46 on node -1
[    1.643713]   alloc kstat_irqs on node -1
[    1.643758] pcieport 0000:00:17.6: irq 46 for MSI/MSI-X
[    1.643803] pcieport 0000:00:17.6: setting latency timer to 64
[    1.643848]   alloc irq_desc for 47 on node -1
[    1.643851]   alloc kstat_irqs on node -1
[    1.643896] pcieport 0000:00:17.7: irq 47 for MSI/MSI-X
[    1.643941] pcieport 0000:00:17.7: setting latency timer to 64
[    1.643986]   alloc irq_desc for 48 on node -1
[    1.643988]   alloc kstat_irqs on node -1
[    1.644033] pcieport 0000:00:18.0: irq 48 for MSI/MSI-X
[    1.644078] pcieport 0000:00:18.0: setting latency timer to 64
[    1.644123]   alloc irq_desc for 49 on node -1
[    1.644125]   alloc kstat_irqs on node -1
[    1.644170] pcieport 0000:00:18.1: irq 49 for MSI/MSI-X
[    1.644215] pcieport 0000:00:18.1: setting latency timer to 64
[    1.644260]   alloc irq_desc for 50 on node -1
[    1.644263]   alloc kstat_irqs on node -1
[    1.644309] pcieport 0000:00:18.2: irq 50 for MSI/MSI-X
[    1.644354] pcieport 0000:00:18.2: setting latency timer to 64
[    1.644399]   alloc irq_desc for 51 on node -1
[    1.644401]   alloc kstat_irqs on node -1
[    1.644446] pcieport 0000:00:18.3: irq 51 for MSI/MSI-X
[    1.644491] pcieport 0000:00:18.3: setting latency timer to 64
[    1.644536]   alloc irq_desc for 52 on node -1
[    1.644538]   alloc kstat_irqs on node -1
[    1.644583] pcieport 0000:00:18.4: irq 52 for MSI/MSI-X
[    1.644628] pcieport 0000:00:18.4: setting latency timer to 64
[    1.644673]   alloc irq_desc for 53 on node -1
[    1.644675]   alloc kstat_irqs on node -1
[    1.644720] pcieport 0000:00:18.5: irq 53 for MSI/MSI-X
[    1.644765] pcieport 0000:00:18.5: setting latency timer to 64
[    1.644810]   alloc irq_desc for 54 on node -1
[    1.644812]   alloc kstat_irqs on node -1
[    1.644857] pcieport 0000:00:18.6: irq 54 for MSI/MSI-X
[    1.644902] pcieport 0000:00:18.6: setting latency timer to 64
[    1.644947]   alloc irq_desc for 55 on node -1
[    1.644949]   alloc kstat_irqs on node -1
[    1.644994] pcieport 0000:00:18.7: irq 55 for MSI/MSI-X
[    1.645039] pcieport 0000:00:18.7: setting latency timer to 64
[    1.645084] pci_hotplug: PCI Hot Plug PCI Core version: 0.5
[    1.646750] pciehp 0000:00:15.0:pcie04: HPC vendor_id 15ad device_id 7a0 ss_vid 0 ss_did 0
[    1.646795] pciehp 0000:00:15.0:pcie04: service driver pciehp loaded
[    1.646840] pciehp 0000:00:15.1:pcie04: HPC vendor_id 15ad device_id 7a0 ss_vid 0 ss_did 0
[    1.646885] pciehp 0000:00:15.1:pcie04: service driver pciehp loaded
[    1.646930] pciehp 0000:00:15.2:pcie04: HPC vendor_id 15ad device_id 7a0 ss_vid 0 ss_did 0
[    1.646975] pciehp 0000:00:15.2:pcie04: service driver pciehp loaded
[    1.647020] pciehp 0000:00:15.3:pcie04: HPC vendor_id 15ad device_id 7a0 ss_vid 0 ss_did 0
[    1.647065] pciehp 0000:00:15.3:pcie04: service driver pciehp loaded
[    1.647110] pciehp 0000:00:15.4:pcie04: HPC vendor_id 15ad device_id 7a0 ss_vid 0 ss_did 0
[    1.647155] pciehp 0000:00:15.4:pcie04: service driver pciehp loaded
[    1.647200] pciehp 0000:00:15.5:pcie04: HPC vendor_id 15ad device_id 7a0 ss_vid 0 ss_did 0
[    1.647245] pciehp 0000:00:15.5:pcie04: service driver pciehp loaded
[    1.647290] pciehp 0000:00:15.6:pcie04: HPC vendor_id 15ad device_id 7a0 ss_vid 0 ss_did 0
[    1.647335] pciehp 0000:00:15.6:pcie04: service driver pciehp loaded
[    1.647380] pciehp 0000:00:15.7:pcie04: HPC vendor_id 15ad device_id 7a0 ss_vid 0 ss_did 0
[    1.647425] pciehp 0000:00:15.7:pcie04: service driver pciehp loaded
[    1.647470] pciehp 0000:00:16.0:pcie04: HPC vendor_id 15ad device_id 7a0 ss_vid 0 ss_did 0
[    1.647515] pciehp 0000:00:16.0:pcie04: service driver pciehp loaded
[    1.647560] pciehp 0000:00:16.1:pcie04: HPC vendor_id 15ad device_id 7a0 ss_vid 0 ss_did 0
[    1.647605] pciehp 0000:00:16.1:pcie04: service driver pciehp loaded
[    1.647650] pciehp 0000:00:16.2:pcie04: HPC vendor_id 15ad device_id 7a0 ss_vid 0 ss_did 0
[    1.647695] pciehp 0000:00:16.2:pcie04: service driver pciehp loaded
[    1.647740] pciehp 0000:00:16.3:pcie04: HPC vendor_id 15ad device_id 7a0 ss_vid 0 ss_did 0
[    1.647785] pciehp 0000:00:16.3:pcie04: service driver pciehp loaded
[    1.647830] pciehp 0000:00:16.4:pcie04: HPC vendor_id 15ad device_id 7a0 ss_vid 0 ss_did 0
[    1.647875] pciehp 0000:00:16.4:pcie04: service driver pciehp loaded
[    1.647920] pciehp 0000:00:16.5:pcie04: HPC vendor_id 15ad device_id 7a0 ss_vid 0 ss_did 0
[    1.647965] pciehp 0000:00:16.5:pcie04: service driver pciehp loaded
[    1.648010] pciehp 0000:00:16.6:pcie04: HPC vendor_id 15ad device_id 7a0 ss_vid 0 ss_did 0
[    1.648055] pciehp 0000:00:16.6:pcie04: service driver pciehp loaded
[    1.648100] pciehp 0000:00:16.7:pcie04: HPC vendor_id 15ad device_id 7a0 ss_vid 0 ss_did 0
[    1.648146] pciehp 0000:00:16.7:pcie04: service driver pciehp loaded
[    1.648191] pciehp 0000:00:17.0:pcie04: HPC vendor_id 15ad device_id 7a0 ss_vid 0 ss_did 0
[    1.648236] pciehp 0000:00:17.0:pcie04: service driver pciehp loaded
[    1.648281] pciehp 0000:00:17.1:pcie04: HPC vendor_id 15ad device_id 7a0 ss_vid 0 ss_did 0
[    1.648326] pciehp 0000:00:17.1:pcie04: service driver pciehp loaded
[    1.648371] pciehp 0000:00:17.2:pcie04: HPC vendor_id 15ad device_id 7a0 ss_vid 0 ss_did 0
[    1.648416] pciehp 0000:00:17.2:pcie04: service driver pciehp loaded
[    1.648461] pciehp 0000:00:17.3:pcie04: HPC vendor_id 15ad device_id 7a0 ss_vid 0 ss_did 0
[    1.648506] pciehp 0000:00:17.3:pcie04: service driver pciehp loaded
[    1.648551] pciehp 0000:00:17.4:pcie04: HPC vendor_id 15ad device_id 7a0 ss_vid 0 ss_did 0
[    1.648596] pciehp 0000:00:17.4:pcie04: service driver pciehp loaded
[    1.648641] pciehp 0000:00:17.5:pcie04: HPC vendor_id 15ad device_id 7a0 ss_vid 0 ss_did 0
[    1.648686] pciehp 0000:00:17.5:pcie04: service driver pciehp loaded
[    1.648731] pciehp 0000:00:17.6:pcie04: HPC vendor_id 15ad device_id 7a0 ss_vid 0 ss_did 0
[    1.648776] pciehp 0000:00:17.6:pcie04: service driver pciehp loaded
[    1.648821] pciehp 0000:00:17.7:pcie04: HPC vendor_id 15ad device_id 7a0 ss_vid 0 ss_did 0
[    1.648866] pciehp 0000:00:17.7:pcie04: service driver pciehp loaded
[    1.648911] pciehp 0000:00:18.0:pcie04: HPC vendor_id 15ad device_id 7a0 ss_vid 0 ss_did 0
[    1.648956] pciehp 0000:00:18.0:pcie04: service driver pciehp loaded
[    1.649001] pciehp 0000:00:18.1:pcie04: HPC vendor_id 15ad device_id 7a0 ss_vid 0 ss_did 0
[    1.649046] pciehp 0000:00:18.1:pcie04: service driver pciehp loaded
[    1.649091] pciehp 0000:00:18.2:pcie04: HPC vendor_id 15ad device_id 7a0 ss_vid 0 ss_did 0
[    1.649136] pciehp 0000:00:18.2:pcie04: service driver pciehp loaded
[    1.649181] pciehp 0000:00:18.3:pcie04: HPC vendor_id 15ad device_id 7a0 ss_vid 0 ss_did 0
[    1.649226] pciehp 0000:00:18.3:pcie04: service driver pciehp loaded
[    1.649271] pciehp 0000:00:18.4:pcie04: HPC vendor_id 15ad device_id 7a0 ss_vid 0 ss_did 0
[    1.649316] pciehp 0000:00:18.4:pcie04: service driver pciehp loaded
[    1.649361] pciehp 0000:00:18.5:pcie04: HPC vendor_id 15ad device_id 7a0 ss_vid 0 ss_did 0
[    1.649406] pciehp 0000:00:18.5:pcie04: service driver pciehp loaded
[    1.649451] pciehp 0000:00:18.6:pcie04: HPC vendor_id 15ad device_id 7a0 ss_vid 0 ss_did 0
[    1.649496] pciehp 0000:00:18.6:pcie04: service driver pciehp loaded
[    1.649541] pciehp 0000:00:18.7:pcie04: HPC vendor_id 15ad device_id 7a0 ss_vid 0 ss_did 0
[    1.649586] pciehp 0000:00:18.7:pcie04: service driver pciehp loaded
[    1.649594] pciehp: PCI Express Hot Plug Controller Driver version: 0.4
[    1.649643] ACPI: AC Adapter [ACAD] (on-line)
[    1.649695] input: Power Button as /devices/LNXSYSTM:00/LNXPWRBN:00/input/input0
[    1.649698] ACPI: Power Button [PWRF]
[    1.649743] processor LNXCPU:00: registered as cooling_device0
[    1.690630] isapnp: Scanning for PnP cards...
[    2.044199] isapnp: No Plug & Play device found
[    2.044229] random 0000 0000 0000 5f8db4e5 4cfdf2a8: initializing
[    2.044355] Linux agpgart interface v0.103
[    2.044396] agpgart-intel 0000:00:00.0: Intel 440BX Chipset
[    2.044449] agpgart-intel 0000:00:00.0: AGP aperture is 256M @ 0x0
[    2.044481] Serial: 8250/16550 driver, 32 ports, IRQ sharing enabled
[    2.044534] serial8250: ttyS0 at I/O 0x3f8 (irq = 4) is a 16550A
[    2.044587] serial8250: ttyS1 at I/O 0x2f8 (irq = 3) is a 16550A
[    2.044640] 00:0a: ttyS0 at I/O 0x3f8 (irq = 4) is a 16550A
[    2.044693] 00:0b: ttyS1 at I/O 0x2f8 (irq = 3) is a 16550A
[    2.044745] brd: module loaded
[    2.044798] loop: module loaded
[    2.044851] ata_piix 0000:00:07.1: version 2.13
[    2.044933] scsi0 : ata_piix
[    2.044982] scsi1 : ata_piix
[    2.045002] ata1: PATA max UDMA/33 cmd 0x1f0 ctl 0x3f6 bmdma 0x10c0 irq 14
[    2.045004] ata2: PATA max UDMA/33 cmd 0x170 ctl 0x376 bmdma 0x10c8 irq 15
[    2.045054] PPP generic driver version 2.4.2
[    2.045074] tun: Universal TUN/TAP device driver, 1.6
[    2.045076] tun: (C) 1999-2004 Max Krasnyansky <maxk@qualcomm.com>
[    2.045128] ehci_hcd: USB 2.0 'Enhanced' Host Controller (EHCI) Driver
[    2.045181] ACPI: PCI Interrupt Link [LNKB] enabled at IRQ 11
[    2.045184] PCI: setting IRQ 11 as level-triggered
[    2.045191] ehci_hcd 0000:02:03.0: PCI INT A -> Link[LNKB] -> GSI 11 (level, low) -> IRQ 11
[    2.045239] ehci_hcd 0000:02:03.0: EHCI Host Controller
[    2.045262] ehci_hcd 0000:02:03.0: new USB bus registered, assigned bus number 1
[    2.045315] ehci_hcd 0000:02:03.0: cache line size of 32 is not supported
[    2.045321] ehci_hcd 0000:02:03.0: irq 11, io mem 0xc9000000
[    2.045634] random 0000 0000 0000 00000000 00000000: rand_read_num 3 get_random_bytes(8): sig 00000000 00000000 00000000
[    2.045636] random 0000 0000 0000 00000000 00000000: extract_entropy(.. 8 ..)
[    2.045639] random 0000 0000 0000 00000000 00000000: going to reseed nonblocking with 64 bits (64 of 0 requested)
[    2.045641] random 0000 0000 0000 00000000 00000000: extract_entropy(.. 8 ..)
[    2.045644] random 0000 0000 0000 00000000 00000000: trying to extract 64 bits from input
[    2.045646] random 0000 0000 0000 00000000 00000000: debiting 0 entropy credits from input
[    2.045648] random 0000 0000 0000 00000000 00000000: extract_entropy account returned: 0 
[    2.045651] random 0000 0000 0000 00000000 00000000: urand_change_num 5 xfer_secondary_pool(8): pool_sig 00000000, data_sig 00000000, bytes_mixed 0 00000000 00000000
[    2.045654] random 0000 0000 0000 00000000 00000000: trying to extract 64 bits from nonblocking
[    2.045657] random 0000 0000 0000 00000000 00000000: debiting 64 entropy credits from nonblocking (unlimited)
[    2.045659] random 0000 0000 0000 00000000 00000000: extract_entropy account returned: 8 
[    2.045663] random 0000 0000 0000 00000000 00000000: urand_change_num 6 extract_buf: pool_sig 00000000, data_sig fffffff9, bytes_mixed 20 00000000 00000000
[    2.054097] ehci_hcd 0000:02:03.0: USB 2.0 started, EHCI 1.00
[    2.054150] usb usb1: configuration #1 chosen from 1 choice
[    2.054168] hub 1-0:1.0: USB hub found
[    2.054173] hub 1-0:1.0: 6 ports detected
[    2.054207] ohci_hcd: USB 1.1 'Open' Host Controller (OHCI) Driver
[    2.054218] uhci_hcd: USB Universal Host Controller Interface driver
[    2.054271] ACPI: PCI Interrupt Link [LNKC] enabled at IRQ 10
[    2.054273] PCI: setting IRQ 10 as level-triggered
[    2.054277] uhci_hcd 0000:02:00.0: PCI INT A -> Link[LNKC] -> GSI 10 (level, low) -> IRQ 10
[    2.054309] uhci_hcd 0000:02:00.0: UHCI Host Controller
[    2.054336] uhci_hcd 0000:02:00.0: new USB bus registered, assigned bus number 2
[    2.054436] uhci_hcd 0000:02:00.0: irq 10, io base 0x000020c0
[    2.054489] usb usb2: configuration #1 chosen from 1 choice
[    2.054504] hub 2-0:1.0: USB hub found
[    2.054508] hub 2-0:1.0: 2 ports detected
[    2.054561] usbcore: registered new interface driver libusual
[    2.054587] PNP: PS/2 Controller [PNP0303:KBC,PNP0f13:MOUS] at 0x60,0x64 irq 1,12
[    2.054919] serio: i8042 KBD port at 0x60,0x64 irq 1
[    2.054925] serio: i8042 AUX port at 0x60,0x64 irq 12
[    2.054958] mice: PS/2 mouse device common for all mice
[    2.055011] rtc_cmos 00:04: rtc core: registered rtc_cmos as rtc0
[    2.055027] rtc0: alarms up to one month, y3k, 114 bytes nvram, hpet irqs
[    2.055080] device-mapper: uevent: version 1.0.3
[    2.055188] device-mapper: ioctl: 4.15.0-ioctl (2009-04-01) initialised: dm-devel@redhat.com
[    2.055204] EISA: Probing bus 0 at eisa.0
[    2.055210] Cannot allocate resource for EISA slot 1
[    2.055212] Cannot allocate resource for EISA slot 2
[    2.055214] Cannot allocate resource for EISA slot 3
[    2.055215] Cannot allocate resource for EISA slot 4
[    2.055217] Cannot allocate resource for EISA slot 5
[    2.055219] Cannot allocate resource for EISA slot 6
[    2.055221] Cannot allocate resource for EISA slot 7
[    2.055222] Cannot allocate resource for EISA slot 8
[    2.055224] EISA: Detected 0 cards.
[    2.055267] cpuidle: using governor ladder
[    2.055269] cpuidle: using governor menu
[    2.055322] random 0000 0000 0000 00000000 00000000: rand_read_num 4 get_random_bytes(136): sig 0000021d 00000000 00000000
[    2.055344] random 0000 0000 0000 00000000 00000000: extract_entropy(.. 136 ..)
[    2.055347] random 0000 0000 0000 00000000 00000000: going to reseed nonblocking with 1024 bits (1088 of 0 requested)
[    2.055349] random 0000 0000 0000 00000000 00000000: extract_entropy(.. 128 ..)
[    2.055351] random 0000 0000 0000 00000000 00000000: trying to extract 1024 bits from input
[    2.055353] random 0000 0000 0000 00000000 00000000: debiting 0 entropy credits from input
[    2.055355] random 0000 0000 0000 00000000 00000000: extract_entropy account returned: 0 
[    2.055358] random 0000 0000 0000 00000000 00000000: urand_change_num 7 xfer_secondary_pool(136): pool_sig 0000021d, data_sig 00000000, bytes_mixed 0 00000000 00000000
[    2.055360] random 0000 0000 0000 00000000 00000000: trying to extract 1088 bits from nonblocking
[    2.055363] random 0000 0000 0000 00000000 00000000: debiting 1088 entropy credits from nonblocking (unlimited)
[    2.055365] random 0000 0000 0000 00000000 00000000: extract_entropy account returned: 136 
[    2.055368] random 0000 0000 0000 00000000 00000000: urand_change_num 8 extract_buf: pool_sig 0000021d, data_sig fffffff7, bytes_mixed 20 00000000 00000000
[    2.055373] random 0000 0000 0000 f961ee50 ba9cb1aa: urand_change_num 9 extract_buf: pool_sig 00000230, data_sig fffffeb4, bytes_mixed 20 f961ee50 ba9cb1aa
[    2.055377] random 0000 0000 0000 9748bdd6 56fb8af6: urand_change_num 10 extract_buf: pool_sig 00000373, data_sig 000000cf, bytes_mixed 20 9748bdd6 56fb8af6
[    2.055381] random 0000 0000 0000 9748bdd6 56fb8af6: urand_change_num 11 extract_buf: pool_sig fffffe49, data_sig 0000023f, bytes_mixed 20 9748bdd6 56fb8af6
[    2.055385] random 0000 0000 0000 a135be86 4777650e: urand_change_num 12 extract_buf: pool_sig fffffcce, data_sig 000000c6, bytes_mixed 20 a135be86 4777650e
[    2.055390] random 0000 0000 0000 4a6ea85d 170e00dd: urand_change_num 13 extract_buf: pool_sig ffffff97, data_sig ffffff7d, bytes_mixed 20 4a6ea85d 170e00dd
[    2.055394] random 0000 0000 0000 4a6ea85d 170e00dd: urand_change_num 14 extract_buf: pool_sig 00000160, data_sig fffffeea, bytes_mixed 20 4a6ea85d 170e00dd
[    2.055398] random 0000 0000 0000 6e87c3cb da668c73: urand_change_num 15 extract_buf: pool_sig 0000034f, data_sig ffffff54, bytes_mixed 20 6e87c3cb da668c73
[    2.055402] random 0000 0000 0000 6e87c3cb da668c73: urand_change_num 16 extract_buf: pool_sig fffffdc5, data_sig 00000205, bytes_mixed 20 6e87c3cb da668c73
[    2.055406] random 0000 0000 0000 39f531e6 461eb249: urand_change_num 17 extract_buf: pool_sig fffffc1d, data_sig ffffff5e, bytes_mixed 20 39f531e6 461eb249
[    2.055410] random 0000 0000 0000 7e1538a2 3e661182: urand_change_num 18 extract_buf: pool_sig 000006ef, data_sig ffffff2e, bytes_mixed 20 7e1538a2 3e661182
[    2.055414] random 0000 0000 0000 7e1538a2 3e661182: urand_change_num 19 extract_buf: pool_sig 00000317, data_sig fffffccb, bytes_mixed 20 7e1538a2 3e661182
[    2.055419] random 0000 0000 0000 76af506b 9b57305e: urand_change_num 20 extract_buf: pool_sig 00000227, data_sig ffffffd2, bytes_mixed 20 76af506b 9b57305e
[    2.055423] random 0000 0000 0000 37d49d89 e20417cc: urand_change_num 21 extract_buf: pool_sig 0000080b, data_sig 000001e9, bytes_mixed 20 37d49d89 e20417cc
[    2.055427] TCP cubic registered
[    2.055479] NET: Registered protocol family 10
[    2.055516] RANDOM - __random32 called. Change num 12.  Value: 5eba7c56	3354535f	8d65ceee
[    2.055518] RANDOM - random32 called.  Value: 5eba7c56	3354535f	8d65ceee
[    2.055526] random 0000 0000 0000 37d49d89 e20417cc: rand_read_num 5 get_random_bytes(4): sig 00000298 37d49d89 e20417cc
[    2.055528] random 0000 0000 0000 37d49d89 e20417cc: extract_entropy(.. 4 ..)
[    2.055530] random 0000 0000 0000 37d49d89 e20417cc: going to reseed nonblocking with 64 bits (32 of 0 requested)
[    2.055532] random 0000 0000 0000 37d49d89 e20417cc: extract_entropy(.. 8 ..)
[    2.055534] random 0000 0000 0000 37d49d89 e20417cc: trying to extract 64 bits from input
[    2.055537] random 0000 0000 0000 37d49d89 e20417cc: debiting 0 entropy credits from input
[    2.055538] random 0000 0000 0000 37d49d89 e20417cc: extract_entropy account returned: 0 
[    2.055541] random 0000 0000 0000 37d49d89 e20417cc: urand_change_num 22 xfer_secondary_pool(4): pool_sig 00000298, data_sig 00000000, bytes_mixed 0 37d49d89 e20417cc
[    2.055544] random 0000 0000 0000 37d49d89 e20417cc: trying to extract 32 bits from nonblocking
[    2.055546] random 0000 0000 0000 37d49d89 e20417cc: debiting 32 entropy credits from nonblocking (unlimited)
[    2.055548] random 0000 0000 0000 37d49d89 e20417cc: extract_entropy account returned: 4 
[    2.055551] random 0000 0000 0000 37d49d89 e20417cc: urand_change_num 23 extract_buf: pool_sig 00000298, data_sig 00000092, bytes_mixed 20 37d49d89 e20417cc
[    2.055604] RANDOM - __random32 called. Change num 13.  Value: a7c56226	354535ff	9ddcc977
[    2.055606] RANDOM - random32 called.  Value: a7c56226	354535ff	9ddcc977
[    2.055659] NET: Registered protocol family 17
[    2.055679] Using IPI No-Shortcut mode
[    2.055684] random 0000 0000 0000 2ee4c4fc 167bdb15: rand_read_num 6 get_random_bytes(8): sig fffffcbf 2ee4c4fc 167bdb15
[    2.055686] random 0000 0000 0000 2ee4c4fc 167bdb15: extract_entropy(.. 8 ..)
[    2.055688] random 0000 0000 0000 2ee4c4fc 167bdb15: going to reseed nonblocking with 64 bits (64 of 0 requested)
[    2.055690] random 0000 0000 0000 2ee4c4fc 167bdb15: extract_entropy(.. 8 ..)
[    2.055692] random 0000 0000 0000 2ee4c4fc 167bdb15: trying to extract 64 bits from input
[    2.055694] random 0000 0000 0000 2ee4c4fc 167bdb15: debiting 0 entropy credits from input
[    2.055696] random 0000 0000 0000 2ee4c4fc 167bdb15: extract_entropy account returned: 0 
[    2.055699] random 0000 0000 0000 2ee4c4fc 167bdb15: urand_change_num 24 xfer_secondary_pool(8): pool_sig fffffcbf, data_sig 00000000, bytes_mixed 0 2ee4c4fc 167bdb15
[    2.055702] random 0000 0000 0000 2ee4c4fc 167bdb15: trying to extract 64 bits from nonblocking
[    2.055704] random 0000 0000 0000 2ee4c4fc 167bdb15: debiting 64 entropy credits from nonblocking (unlimited)
[    2.055706] random 0000 0000 0000 2ee4c4fc 167bdb15: extract_entropy account returned: 8 
[    2.055709] random 0000 0000 0000 2ee4c4fc 167bdb15: urand_change_num 25 extract_buf: pool_sig fffffcbf, data_sig ffffff83, bytes_mixed 20 2ee4c4fc 167bdb15
[    2.055748] PM: Resume from disk failed.
[    2.055755] registered taskstats version 1
[    2.055758] random 0000 0000 0000 2ee4c4fc 167bdb15: rand_read_num 7 get_random_bytes(12): sig fffffc69 2ee4c4fc 167bdb15
[    2.055760] random 0000 0000 0000 2ee4c4fc 167bdb15: extract_entropy(.. 12 ..)
[    2.055762] random 0000 0000 0000 2ee4c4fc 167bdb15: going to reseed nonblocking with 96 bits (96 of 0 requested)
[    2.055764] random 0000 0000 0000 2ee4c4fc 167bdb15: extract_entropy(.. 12 ..)
[    2.055766] random 0000 0000 0000 2ee4c4fc 167bdb15: trying to extract 96 bits from input
[    2.055768] random 0000 0000 0000 2ee4c4fc 167bdb15: debiting 0 entropy credits from input
[    2.055770] random 0000 0000 0000 2ee4c4fc 167bdb15: extract_entropy account returned: 0 
[    2.055773] random 0000 0000 0000 2ee4c4fc 167bdb15: urand_change_num 26 xfer_secondary_pool(12): pool_sig fffffc69, data_sig 00000000, bytes_mixed 0 2ee4c4fc 167bdb15
[    2.055775] random 0000 0000 0000 2ee4c4fc 167bdb15: trying to extract 96 bits from nonblocking
[    2.055777] random 0000 0000 0000 2ee4c4fc 167bdb15: debiting 96 entropy credits from nonblocking (unlimited)
[    2.055780] random 0000 0000 0000 2ee4c4fc 167bdb15: extract_entropy account returned: 12 
[    2.055783] random 0000 0000 0000 2ee4c4fc 167bdb15: urand_change_num 27 extract_buf: pool_sig fffffc69, data_sig ffffff7d, bytes_mixed 20 2ee4c4fc 167bdb15
[    2.055787] random 0000 0000 0000 83b7c1ab 94697f48: urand_change_num 28 extract_buf: pool_sig fffffe30, data_sig fffffdd6, bytes_mixed 20 83b7c1ab 94697f48
[    2.055790] RANDOM - __seed init called.
[    2.055791] RANDOM - __seed init called.
[    2.055792] RANDOM - __seed init called.
[    2.055794] RANDOM - __random32 called. Change num 14.  Value: fc007995	feca4f80	21b38ad2
[    2.055795] RANDOM - random32_reseed called.  Value: fc007995	feca4f80	21b38ad2
[    2.055798] Pid: 1, comm: swapper Not tainted 2.6.32.57 #4
[    2.055799] Call Trace:
[    2.055805]  [<c14a8a0e>] ? printk+0x1d/0x1f
[    2.055809]  [<c17537e5>] random32_reseed+0x89/0xbd
[    2.055813]  [<c1003042>] do_one_initcall+0x32/0x1a0
[    2.055815]  [<c175375c>] ? random32_reseed+0x0/0xbd
[    2.055818]  [<c17308e7>] kernel_init+0x12d/0x17a
[    2.055820]  [<c17307ba>] ? kernel_init+0x0/0x17a
[    2.055823]  [<c1009b07>] kernel_thread_helper+0x7/0x10
[    2.058647] input: AT Translated Set 2 keyboard as /devices/platform/i8042/serio0/input/input1
[    2.058926] random 0000 0000 0000 6db70b00 b30ce96b: rand_read_num 8 get_random_bytes(64): sig fffffb38 6db70b00 b30ce96b
[    2.058929] random 0000 0000 0000 6db70b00 b30ce96b: extract_entropy(.. 64 ..)
[    2.058932] random 0000 0000 0000 6db70b00 b30ce96b: going to reseed nonblocking with 512 bits (512 of 0 requested)
[    2.058934] random 0000 0000 0000 6db70b00 b30ce96b: extract_entropy(.. 64 ..)
[    2.058937] random 0000 0000 0000 6db70b00 b30ce96b: trying to extract 512 bits from input
[    2.058939] random 0000 0000 0000 6db70b00 b30ce96b: debiting 0 entropy credits from input
[    2.058941] random 0000 0000 0000 6db70b00 b30ce96b: extract_entropy account returned: 0 
[    2.058944] random 0000 0000 0000 6db70b00 b30ce96b: urand_change_num 29 xfer_secondary_pool(64): pool_sig fffffb38, data_sig 00000000, bytes_mixed 0 6db70b00 b30ce96b
[    2.058947] random 0000 0000 0000 6db70b00 b30ce96b: trying to extract 512 bits from nonblocking
[    2.058949] random 0000 0000 0000 6db70b00 b30ce96b: debiting 512 entropy credits from nonblocking (unlimited)
[    2.058951] random 0000 0000 0000 6db70b00 b30ce96b: extract_entropy account returned: 64 
[    2.058955] random 0000 0000 0000 6db70b00 b30ce96b: urand_change_num 30 extract_buf: pool_sig fffffb38, data_sig 00000151, bytes_mixed 20 6db70b00 b30ce96b
[    2.058960] random 0000 0000 0000 6db70b00 b30ce96b: urand_change_num 31 extract_buf: pool_sig fffffdb8, data_sig 00000379, bytes_mixed 20 6db70b00 b30ce96b
[    2.058964] random 0000 0000 0000 6b83001e d4b6c0d3: urand_change_num 32 extract_buf: pool_sig ffffffc9, data_sig 00000198, bytes_mixed 20 6b83001e d4b6c0d3
[    2.058969] random 0000 0000 0000 79d3e3c7 be564518: urand_change_num 33 extract_buf: pool_sig 000002b9, data_sig ffffff84, bytes_mixed 20 79d3e3c7 be564518
[    2.058973] random 0000 0000 0000 79d3e3c7 be564518: urand_change_num 34 extract_buf: pool_sig ffffff55, data_sig ffffff5a, bytes_mixed 20 79d3e3c7 be564518
[    2.058978] random 0000 0000 0000 89c03cb2 0d353228: urand_change_num 35 extract_buf: pool_sig 00000007, data_sig ffffff17, bytes_mixed 20 89c03cb2 0d353228
[    2.058982] random 0000 0000 0000 89c03cb2 0d353228: urand_change_num 36 extract_buf: pool_sig fffffdae, data_sig 000000db, bytes_mixed 20 89c03cb2 0d353228  Magic number: 13:758:911
[    2.059076] rtc_cmos 00:04: setting system clock to 2013-05-25 00:56:59 UTC (1369443419)
[    2.059079] BIOS EDD facility v0.16 2004-Jun-25, 0 devices found
[    2.059081] EDD information not available.
[    2.059104] random 0000 0000 0000 8ca62387 b120332c: rand_read_num 9 get_random_bytes(64): sig fffffed6 8ca62387 b120332c
[    2.059107] random 0000 0000 0000 8ca62387 b120332c: extract_entropy(.. 64 ..)
[    2.059109] random 0000 0000 0000 8ca62387 b120332c: going to reseed nonblocking with 512 bits (512 of 0 requested)
[    2.059111] random 0000 0000 0000 8ca62387 b120332c: extract_entropy(.. 64 ..)
[    2.059114] random 0000 0000 0000 8ca62387 b120332c: trying to extract 512 bits from input
[    2.059116] random 0000 0000 0000 8ca62387 b120332c: debiting 0 entropy credits from input
[    2.059118] random 0000 0000 0000 8ca62387 b120332c: extract_entropy account returned: 0 
[    2.059121] random 0000 0000 0000 8ca62387 b120332c: urand_change_num 37 xfer_secondary_pool(64): pool_sig fffffed6, data_sig 00000000, bytes_mixed 0 8ca62387 b120332c
[    2.059123] random 0000 0000 0000 8ca62387 b120332c: trying to extract 512 bits from nonblocking
[    2.059126] random 0000 0000 0000 8ca62387 b120332c: debiting 512 entropy credits from nonblocking (unlimited)
[    2.059128] random 0000 0000 0000 8ca62387 b120332c: extract_entropy account returned: 64 
[    2.059131] random 0000 0000 0000 8ca62387 b120332c: urand_change_num 38 extract_buf: pool_sig fffffed6, data_sig fffffeb6, bytes_mixed 20 8ca62387 b120332c
[    2.059136] random 0000 0000 0000 90702413 e2a66c2e: urand_change_num 39 extract_buf: pool_sig fffffbb0, data_sig 0000012e, bytes_mixed 20 90702413 e2a66c2e
[    2.059140] random 0000 0000 0000 90702413 e2a66c2e: urand_change_num 40 extract_buf: pool_sig fffffaf1, data_sig ffffff3c, bytes_mixed 20 90702413 e2a66c2e
[    2.059145] random 0000 0000 0000 3f58038b c77aecb6: urand_change_num 41 extract_buf: pool_sig 00000234, data_sig fffffdec, bytes_mixed 20 3f58038b c77aecb6
[    2.059149] random 0000 0000 0000 47187b9d 03f21510: urand_change_num 42 extract_buf: pool_sig 00000192, data_sig 00000075, bytes_mixed 20 47187b9d 03f21510
[    2.059154] random 0000 0000 0000 47187b9d 03f21510: urand_change_num 43 extract_buf: pool_sig 0000018e, data_sig ffffffbf, bytes_mixed 20 47187b9d 03f21510
[    2.059158] random 0000 0000 0000 3180b1fc 0fa9c973: urand_change_num 44 extract_buf: pool_sig fffffecf, data_sig ffffff2a, bytes_mixed 20 3180b1fc 0fa9c973
[    2.059161] BEGIN NET_SECRET:
[    2.059162] \xffffff87
[    2.059163] \xffffff8d
[    2.059164] \xfffffff4
[    2.059165] \xffffffae
[    2.059167] \xffffffc3
[    2.059168] \xffffffb7
[    2.059169] \x31
[    2.059170] \x65
[    2.059171] \xffffffda
[    2.059172] \xffffffa2
[    2.059174] \x31
[    2.059175] \xffffffc8
[    2.059176] \xffffffa9
[    2.059177] \x76
[    2.059178] \x76
[    2.059179] \xffffff90
[    2.059180] \x55
[    2.059182] \xfffffff3
[    2.059183] \xffffffb1
[    2.059184] \x3
[    2.059185] \xffffffb3
[    2.059186] \xffffffa7
[    2.059187] \x5a
[    2.059188] \x71
[    2.059190] \x70
[    2.059191] \xffffff8c
[    2.059192] \x56
[    2.059193] \x25
[    2.059194] \xffffffe1
[    2.059195] \x4c
[    2.059196] \xffffffe6
[    2.059198] \xffffff95
[    2.059199] \x67
[    2.059200] \x4c
[    2.059201] \xffffffb9
[    2.059202] \x1d
[    2.059203] \xe
[    2.059204] \x34
[    2.059205] \xffffffbe
[    2.059207] \x12
[    2.059208] \x5
[    2.059209] \xffffff98
[    2.059210] \xffffffa0
[    2.059211] \xf
[    2.059212] \xffffffb2
[    2.059213] \xffffffde
[    2.059215] \xffffff99
[    2.059216] \xf
[    2.059217] \xffffffe8
[    2.059218] \xffffffc8
[    2.059219] \x1f
[    2.059220] \x54
[    2.059221] \x2c
[    2.059222] \xffffffee
[    2.059224] \x2e
[    2.059225] \x0
[    2.059226] \xffffff95
[    2.059227] \x0
[    2.059228] \xffffffe3
[    2.059229] \xffffffa7
[    2.059230] \xfffffffd
[    2.059232] \x66
[    2.059233] \xffffff92
[    2.059234] \xfffffff0
[    2.059235] 
[    2.059236] END NET_SECRET
[    2.059239] random 0000 0000 0000 3180b1fc 0fa9c973: rand_read_num 10 get_random_bytes(4): sig ffffff46 3180b1fc 0fa9c973
[    2.059241] random 0000 0000 0000 3180b1fc 0fa9c973: extract_entropy(.. 4 ..)
[    2.059243] random 0000 0000 0000 3180b1fc 0fa9c973: going to reseed nonblocking with 64 bits (32 of 0 requested)
[    2.059245] random 0000 0000 0000 3180b1fc 0fa9c973: extract_entropy(.. 8 ..)
[    2.059247] random 0000 0000 0000 3180b1fc 0fa9c973: trying to extract 64 bits from input
[    2.059250] random 0000 0000 0000 3180b1fc 0fa9c973: debiting 0 entropy credits from input
[    2.059252] random 0000 0000 0000 3180b1fc 0fa9c973: extract_entropy account returned: 0 
[    2.059255] random 0000 0000 0000 3180b1fc 0fa9c973: urand_change_num 45 xfer_secondary_pool(4): pool_sig ffffff46, data_sig 00000000, bytes_mixed 0 3180b1fc 0fa9c973
[    2.059257] random 0000 0000 0000 3180b1fc 0fa9c973: trying to extract 32 bits from nonblocking
[    2.059260] random 0000 0000 0000 3180b1fc 0fa9c973: debiting 32 entropy credits from nonblocking (unlimited)
[    2.059262] random 0000 0000 0000 3180b1fc 0fa9c973: extract_entropy account returned: 4 
[    2.059265] random 0000 0000 0000 3180b1fc 0fa9c973: urand_change_num 46 extract_buf: pool_sig ffffff46, data_sig 0000001b, bytes_mixed 20 3180b1fc 0fa9c973
[    2.232006] ata2.00: ATAPI: VMware Virtual IDE CDROM Drive, 00000001, max UDMA/33
[    2.232290] ata2.00: configured for UDMA/33
[    2.232686] scsi 1:0:0:0: CD-ROM            NECVMWar VMware IDE CDR10 1.00 PQ: 0 ANSI: 5
[    2.233936] sr0: scsi3-mmc drive: 306x/306x cd/rw xa/form2 cdda tray
[    2.233939] Uniform CD-ROM driver Revision: 3.20
[    2.233992] sr 1:0:0:0: Attached scsi CD-ROM sr0
[    2.234027] sr 1:0:0:0: Attached scsi generic sg0 type 5
[    2.234062] Freeing unused kernel memory: 652k freed
[    2.234115] Write protecting the kernel text: 4840k
[    2.234146] Write protecting the kernel read-only data: 1968k
[    2.234233] random 0000 0000 0000 38974d2b 1d8d6de0: rand_read_num 11 get_random_bytes(16): sig 000001c6 38974d2b 1d8d6de0
